Java HotSpot(TM) 64-Bit Server VM (24.80-b11) for linux-amd64 JRE (1.7.0_80-b15), built on Apr 10 2015 19:53:14 by "java_re" with gcc 4.3.0 20080428 (Red Hat 4.3.0-8)
Memory: 4k page, physical 8000092k(5269784k free), swap 8218620k(8218620k free)
CommandLine flags: -XX:InitialHeapSize=21882880 -XX:MaxHeapSize=21882880 -XX:MaxNewSize=6991872 -XX:MaxTenuringThreshold=6 -XX:NewSize=6991872 -XX:OldPLABSize=16 -XX:OldSize=13979648 -XX:+PrintGC -XX:+PrintGCApplicationConcurrentTime -XX:+PrintGCApplicationStoppedTime -XX:+PrintGCDetails -XX:+PrintGCTimeStamps -XX:-UseAdaptiveSizePolicy -XX:+UseCompressedOops -XX:+UseConcMarkSweepGC -XX:+UseParNewGC 
1.013: Application time: 0.9851910 seconds
1.013: Total time for which application threads were stopped: 0.0000400 seconds, Stopping threads took: 0.0000100 seconds
4.033: Application time: 3.0203150 seconds
4.033: Total time for which application threads were stopped: 0.0000690 seconds, Stopping threads took: 0.0000100 seconds
8.604: Application time: 4.5708370 seconds
8.604: [GC8.604: [ParNew: 5504K->640K(6144K), 0.0032810 secs] 5504K->2430K(20736K), 0.0033310 secs] [Times: user=0.01 sys=0.01, real=0.00 secs] 
8.607: Total time for which application threads were stopped: 0.0034060 seconds, Stopping threads took: 0.0000200 seconds
8.607: Application time: 0.0000720 seconds
8.607: Total time for which application threads were stopped: 0.0000250 seconds, Stopping threads took: 0.0000170 seconds
8.607: Application time: 0.0000440 seconds
8.607: Total time for which application threads were stopped: 0.0000200 seconds, Stopping threads took: 0.0000160 seconds
8.607: Application time: 0.0000160 seconds
8.607: Total time for which application threads were stopped: 0.0000120 seconds, Stopping threads took: 0.0000090 seconds
8.608: Application time: 0.0000690 seconds
8.608: Total time for which application threads were stopped: 0.0000070 seconds, Stopping threads took: 0.0000040 seconds
8.608: Application time: 0.0000120 seconds
8.608: Total time for which application threads were stopped: 0.0000060 seconds, Stopping threads took: 0.0000030 seconds
8.608: Application time: 0.0000110 seconds
8.608: Total time for which application threads were stopped: 0.0000060 seconds, Stopping threads took: 0.0000030 seconds
8.608: Application time: 0.0000110 seconds
8.608: Total time for which application threads were stopped: 0.0000120 seconds, Stopping threads took: 0.0000090 seconds
8.608: Application time: 0.0000120 seconds
8.608: Total time for which application threads were stopped: 0.0000060 seconds, Stopping threads took: 0.0000030 seconds
8.608: Application time: 0.0000110 seconds
8.608: Total time for which application threads were stopped: 0.0000060 seconds, Stopping threads took: 0.0000030 seconds
8.608: Application time: 0.0000110 seconds
8.608: Total time for which application threads were stopped: 0.0000060 seconds, Stopping threads took: 0.0000030 seconds
8.608: Application time: 0.0000120 seconds
8.608: Total time for which application threads were stopped: 0.0000060 seconds, Stopping threads took: 0.0000030 seconds
8.608: Application time: 0.0000110 seconds
8.608: Total time for which application threads were stopped: 0.0000060 seconds, Stopping threads took: 0.0000030 seconds
8.608: Application time: 0.0000120 seconds
8.608: Total time for which application threads were stopped: 0.0000110 seconds, Stopping threads took: 0.0000080 seconds
8.608: Application time: 0.0000110 seconds
8.608: Total time for which application threads were stopped: 0.0000110 seconds, Stopping threads took: 0.0000080 seconds
8.608: Application time: 0.0000120 seconds
8.608: Total time for which application threads were stopped: 0.0000060 seconds, Stopping threads took: 0.0000030 seconds
8.608: Application time: 0.0000110 seconds
8.608: Total time for which application threads were stopped: 0.0000060 seconds, Stopping threads took: 0.0000030 seconds
8.608: Application time: 0.0000110 seconds
8.608: Total time for which application threads were stopped: 0.0000070 seconds, Stopping threads took: 0.0000040 seconds
8.608: Application time: 0.0000110 seconds
8.608: Total time for which application threads were stopped: 0.0000060 seconds, Stopping threads took: 0.0000030 seconds
8.608: Application time: 0.0000120 seconds
8.608: Total time for which application threads were stopped: 0.0000060 seconds, Stopping threads took: 0.0000030 seconds
8.608: Application time: 0.0000110 seconds
8.608: Total time for which application threads were stopped: 0.0000140 seconds, Stopping threads took: 0.0000040 seconds
14.750: Application time: 6.1423890 seconds
14.750: Total time for which application threads were stopped: 0.0000260 seconds, Stopping threads took: 0.0000080 seconds
14.750: Application time: 0.0000470 seconds
14.750: Total time for which application threads were stopped: 0.0000110 seconds, Stopping threads took: 0.0000050 seconds
14.752: Application time: 0.0014550 seconds
14.752: Total time for which application threads were stopped: 0.0000110 seconds, Stopping threads took: 0.0000040 seconds
14.769: Application time: 0.0171640 seconds
14.769: Total time for which application threads were stopped: 0.0000390 seconds, Stopping threads took: 0.0000100 seconds
14.781: Application time: 0.0121270 seconds
14.781: [Full GC14.781: [CMS: 1790K->2553K(14592K), 0.0090790 secs] 6077K->2553K(20736K), [CMS Perm : 5077K->5076K(21248K)], 0.0091140 secs] [Times: user=0.01 sys=0.00, real=0.01 secs] 
14.790: Total time for which application threads were stopped: 0.0091730 seconds, Stopping threads took: 0.0000050 seconds
14.790: Application time: 0.0000650 seconds
14.790: [Full GC14.790: [CMS: 2553K->2553K(14592K), 0.0065200 secs] 2553K->2553K(20736K), [CMS Perm : 5076K->5076K(21248K)], 0.0065510 secs] [Times: user=0.00 sys=0.00, real=0.00 secs] 
14.797: Total time for which application threads were stopped: 0.0066100 seconds, Stopping threads took: 0.0000140 seconds
14.797: Application time: 0.0000750 seconds
14.797: Total time for which application threads were stopped: 0.0001080 seconds, Stopping threads took: 0.0000960 seconds
14.797: Application time: 0.0000820 seconds
14.797: Total time for which application threads were stopped: 0.0001000 seconds, Stopping threads took: 0.0000670 seconds
14.797: Application time: 0.0000750 seconds
14.797: Total time for which application threads were stopped: 0.0000260 seconds, Stopping threads took: 0.0000190 seconds
14.797: Application time: 0.0000290 seconds
14.798: Total time for which application threads were stopped: 0.0000210 seconds, Stopping threads took: 0.0000170 seconds
14.798: Application time: 0.0000160 seconds
14.798: Total time for which application threads were stopped: 0.0000140 seconds, Stopping threads took: 0.0000110 seconds
14.798: Application time: 0.0000300 seconds
14.798: Total time for which application threads were stopped: 0.0000210 seconds, Stopping threads took: 0.0000170 seconds
14.798: Application time: 0.0000100 seconds
14.798: Total time for which application threads were stopped: 0.0000110 seconds, Stopping threads took: 0.0000080 seconds
14.798: Application time: 0.0000090 seconds
14.798: Total time for which application threads were stopped: 0.0000120 seconds, Stopping threads took: 0.0000090 seconds
14.798: Application time: 0.0000090 seconds
14.798: Total time for which application threads were stopped: 0.0000090 seconds, Stopping threads took: 0.0000060 seconds
14.798: Application time: 0.0000090 seconds
14.798: Total time for which application threads were stopped: 0.0000160 seconds, Stopping threads took: 0.0000130 seconds
14.798: Application time: 0.0000100 seconds
14.798: Total time for which application threads were stopped: 0.0000150 seconds, Stopping threads took: 0.0000120 seconds
14.798: Application time: 0.0000090 seconds
14.798: Total time for which application threads were stopped: 0.0000150 seconds, Stopping threads took: 0.0000110 seconds
14.798: Application time: 0.0000100 seconds
14.798: Total time for which application threads were stopped: 0.0000110 seconds, Stopping threads took: 0.0000080 seconds
14.798: Application time: 0.0000090 seconds
14.798: Total time for which application threads were stopped: 0.0000130 seconds, Stopping threads took: 0.0000090 seconds
14.798: Application time: 0.0000090 seconds
14.798: Total time for which application threads were stopped: 0.0000130 seconds, Stopping threads took: 0.0000100 seconds
14.798: Application time: 0.0000090 seconds
14.798: Total time for which application threads were stopped: 0.0000120 seconds, Stopping threads took: 0.0000090 seconds
14.798: Application time: 0.0000090 seconds
14.798: Total time for which application threads were stopped: 0.0000280 seconds, Stopping threads took: 0.0000250 seconds
14.798: Application time: 0.0000090 seconds
14.798: Total time for which application threads were stopped: 0.0000140 seconds, Stopping threads took: 0.0000110 seconds
14.798: Application time: 0.0000090 seconds
14.798: Total time for which application threads were stopped: 0.0000070 seconds, Stopping threads took: 0.0000040 seconds
14.798: Application time: 0.0000090 seconds
14.798: Total time for which application threads were stopped: 0.0000210 seconds, Stopping threads took: 0.0000090 seconds
14.801: Application time: 0.0029840 seconds
14.801: Total time for which application threads were stopped: 0.0000400 seconds, Stopping threads took: 0.0000320 seconds
14.801: Application time: 0.0002340 seconds
14.801: Total time for which application threads were stopped: 0.0000850 seconds, Stopping threads took: 0.0000720 seconds
14.802: Application time: 0.0003490 seconds
14.802: Total time for which application threads were stopped: 0.0000230 seconds, Stopping threads took: 0.0000130 seconds
14.808: Application time: 0.0065960 seconds
14.811: [GC14.812: [ParNew: 5202K->640K(6144K), 0.0012030 secs] 7756K->7555K(20736K), 0.0012480 secs] [Times: user=0.01 sys=0.00, real=0.00 secs] 
14.813: Total time for which application threads were stopped: 0.0045130 seconds, Stopping threads took: 0.0032100 seconds
14.813: Application time: 0.0001240 seconds
14.813: Total time for which application threads were stopped: 0.0000920 seconds, Stopping threads took: 0.0000710 seconds
14.822: Application time: 0.0090880 seconds
14.822: Total time for which application threads were stopped: 0.0003810 seconds, Stopping threads took: 0.0003460 seconds
14.948: Application time: 0.1256570 seconds
14.948: [GC14.948: [ParNew: 6041K->640K(6144K), 0.0012250 secs] 12956K->11968K(20736K), 0.0012680 secs] [Times: user=0.01 sys=0.00, real=0.00 secs] 
14.950: Total time for which application threads were stopped: 0.0014090 seconds, Stopping threads took: 0.0000800 seconds
14.950: Application time: 0.0000590 seconds
14.950: [GC [1 CMS-initial-mark: 11328K(14592K)] 12163K(20736K), 0.0001610 secs] [Times: user=0.00 sys=0.00, real=0.00 secs] 
14.950: Total time for which application threads were stopped: 0.0002410 seconds, Stopping threads took: 0.0000560 seconds
14.950: [CMS-concurrent-mark-start]
14.957: [CMS-concurrent-mark: 0.007/0.007 secs] [Times: user=0.04 sys=0.00, real=0.00 secs] 
14.957: [CMS-concurrent-preclean-start]
14.957: [CMS-concurrent-preclean: 0.000/0.000 secs] [Times: user=0.00 sys=0.00, real=0.00 secs] 
14.957: [CMS-concurrent-abortable-preclean-start]
14.957: [CMS-concurrent-abortable-preclean: 0.000/0.000 secs] [Times: user=0.00 sys=0.00, real=0.00 secs] 
14.957: Application time: 0.0075670 seconds
14.960: [GC[YG occupancy: 5011 K (6144 K)]14.960: [Rescan (parallel) , 0.0001410 secs]14.960: [weak refs processing, 0.0000110 secs]14.960: [scrub string table, 0.0001010 secs] [1 CMS-remark: 11328K(14592K)] 16339K(20736K), 0.0002810 secs] [Times: user=0.00 sys=0.00, real=0.00 secs] 
14.960: Total time for which application threads were stopped: 0.0024040 seconds, Stopping threads took: 0.0020920 seconds
14.960: [CMS-concurrent-sweep-start]
14.961: [CMS-concurrent-sweep: 0.001/0.001 secs] [Times: user=0.00 sys=0.00, real=0.00 secs] 
14.961: [CMS-concurrent-reset-start]
14.961: [CMS-concurrent-reset: 0.000/0.000 secs] [Times: user=0.00 sys=0.00, real=0.00 secs] 
14.965: Application time: 0.0051040 seconds
14.965: [GC14.965: [ParNew: 6122K->640K(6144K), 0.0012740 secs] 15435K->14934K(21668K), 0.0013170 secs] [Times: user=0.01 sys=0.00, real=0.00 secs] 
14.966: Total time for which application threads were stopped: 0.0014570 seconds, Stopping threads took: 0.0000810 seconds
14.966: Application time: 0.0000980 seconds
14.967: [GC [1 CMS-initial-mark: 14294K(15524K)] 15129K(21668K), 0.0001220 secs] [Times: user=0.00 sys=0.00, real=0.00 secs] 
14.967: Total time for which application threads were stopped: 0.0002370 seconds, Stopping threads took: 0.0000870 seconds
14.967: [CMS-concurrent-mark-start]
14.973: [CMS-concurrent-mark: 0.006/0.006 secs] [Times: user=0.04 sys=0.00, real=0.01 secs] 
14.973: [CMS-concurrent-preclean-start]
14.973: [CMS-concurrent-preclean: 0.000/0.000 secs] [Times: user=0.00 sys=0.00, real=0.00 secs] 
14.973: Application time: 0.0061630 seconds
14.976: [GC[YG occupancy: 1726 K (6144 K)]14.976: [Rescan (parallel) , 0.0002200 secs]14.976: [weak refs processing, 0.0000140 secs]14.976: [scrub string table, 0.0000960 secs] [1 CMS-remark: 14294K(15524K)] 16020K(21668K), 0.0003670 secs] [Times: user=0.00 sys=0.00, real=0.00 secs] 
14.976: Total time for which application threads were stopped: 0.0030420 seconds, Stopping threads took: 0.0026430 seconds
14.976: [CMS-concurrent-sweep-start]
14.978: [CMS-concurrent-sweep: 0.002/0.002 secs] [Times: user=0.00 sys=0.00, real=0.00 secs] 
14.978: [CMS-concurrent-reset-start]
14.978: [CMS-concurrent-reset: 0.000/0.000 secs] [Times: user=0.00 sys=0.00, real=0.00 secs] 
15.056: Application time: 0.0803110 seconds
15.100: [GC15.100: [ParNew: 6097K->598K(6144K), 0.0008190 secs] 14654K->10229K(21668K), 0.0008540 secs] [Times: user=0.01 sys=0.00, real=0.00 secs] 
15.101: Total time for which application threads were stopped: 0.0449220 seconds, Stopping threads took: 0.0439920 seconds
15.101: Application time: 0.0001460 seconds
15.101: [GC [1 CMS-initial-mark: 9631K(15524K)] 10457K(21668K), 0.0001450 secs] [Times: user=0.00 sys=0.00, real=0.00 secs] 
15.102: Total time for which application threads were stopped: 0.0002890 seconds, Stopping threads took: 0.0001240 seconds
15.102: [CMS-concurrent-mark-start]
15.104: [CMS-concurrent-mark: 0.002/0.002 secs] [Times: user=0.01 sys=0.00, real=0.00 secs] 
15.104: [CMS-concurrent-preclean-start]
15.104: [CMS-concurrent-preclean: 0.000/0.000 secs] [Times: user=0.00 sys=0.00, real=0.00 secs] 
15.104: [CMS-concurrent-abortable-preclean-start]
15.105: Application time: 0.0030940 seconds
15.157: [GC15.157: [ParNew: 6030K->602K(6144K), 0.0014860 secs] 15662K->13457K(21668K), 0.0015230 secs] [Times: user=0.01 sys=0.01, real=0.00 secs] 
15.159: Total time for which application threads were stopped: 0.0540150 seconds, Stopping threads took: 0.0524120 seconds
15.232: Application time: 0.0737520 seconds
15.243: [GC15.243: [ParNew: 6033K->6033K(6144K), 0.0000120 secs]15.243: [CMS15.243: [CMS-concurrent-abortable-preclean: 0.000/0.139 secs] [Times: user=0.78 sys=0.03, real=0.14 secs] 
 (concurrent mode failure): 12855K->1606K(15524K), 0.0056330 secs] 18888K->1606K(21668K), [CMS Perm : 5105K->5105K(21248K)], 0.0057130 secs] [Times: user=0.01 sys=0.00, real=0.01 secs] 
15.249: Total time for which application threads were stopped: 0.0162130 seconds, Stopping threads took: 0.0104140 seconds
15.249: Application time: 0.0008230 seconds
15.250: [GC15.250: [ParNew: 5118K->600K(6144K), 0.0014210 secs] 6724K->6715K(21888K), 0.0014460 secs] [Times: user=0.01 sys=0.01, real=0.00 secs] 
15.251: Total time for which application threads were stopped: 0.0018950 seconds, Stopping threads took: 0.0003780 seconds
15.251: Application time: 0.0000820 seconds
15.252: [GC [1 CMS-initial-mark: 6115K(15744K)] 7896K(21888K), 0.0000800 secs] [Times: user=0.00 sys=0.00, real=0.00 secs] 
15.252: Total time for which application threads were stopped: 0.0004660 seconds, Stopping threads took: 0.0003460 seconds
15.252: [CMS-concurrent-mark-start]
15.255: [CMS-concurrent-mark: 0.003/0.003 secs] [Times: user=0.00 sys=0.00, real=0.00 secs] 
15.255: [CMS-concurrent-preclean-start]
15.256: [CMS-concurrent-preclean: 0.000/0.000 secs] [Times: user=0.00 sys=0.00, real=0.00 secs] 
15.256: [CMS-concurrent-abortable-preclean-start]
15.340: Application time: 0.0880250 seconds
15.383: [GC15.383: [ParNew: 5997K->404K(6144K), 0.0004340 secs] 12112K->6911K(21888K), 0.0004660 secs] [Times: user=0.00 sys=0.00, real=0.00 secs] 
15.383: Total time for which application threads were stopped: 0.0432340 seconds, Stopping threads took: 0.0426920 seconds
15.384: Application time: 0.0006140 seconds
15.424: [GC15.424: [ParNew: 5795K->600K(6144K), 0.0017140 secs] 12302K->11599K(21888K), 0.0017490 secs] [Times: user=0.00 sys=0.00, real=0.00 secs] 
15.426: Total time for which application threads were stopped: 0.0418120 seconds, Stopping threads took: 0.0400090 seconds
15.503: Application time: 0.0771410 seconds
15.526: [CMS-concurrent-abortable-preclean: 0.000/0.270 secs] [Times: user=1.50 sys=0.06, real=0.27 secs] 
15.543: [GC15.543: [ParNew: 5988K->5988K(6144K), 0.0000140 secs]15.543: [CMS (concurrent mode failure): 10999K->2387K(15744K), 0.0062430 secs] 16987K->2387K(21888K), [CMS Perm : 5105K->5105K(21248K)], 0.0063000 secs] [Times: user=0.00 sys=0.00, real=0.01 secs] 
15.549: Total time for which application threads were stopped: 0.0465270 seconds, Stopping threads took: 0.0401440 seconds
15.550: Application time: 0.0009630 seconds
15.551: [GC15.551: [ParNew: 5481K->600K(6144K), 0.0017400 secs] 7869K->7886K(21888K), 0.0017690 secs] [Times: user=0.01 sys=0.00, real=0.00 secs] 
15.553: Total time for which application threads were stopped: 0.0022910 seconds, Stopping threads took: 0.0004510 seconds
15.553: Application time: 0.0000430 seconds
15.553: [GC [1 CMS-initial-mark: 7286K(15744K)] 8181K(21888K), 0.0000830 secs] [Times: user=0.00 sys=0.00, real=0.00 secs] 
15.553: Total time for which application threads were stopped: 0.0004820 seconds, Stopping threads took: 0.0003550 seconds
15.553: [CMS-concurrent-mark-start]
15.560: [CMS-concurrent-mark: 0.007/0.007 secs] [Times: user=0.05 sys=0.00, real=0.01 secs] 
15.560: [CMS-concurrent-preclean-start]
15.560: [CMS-concurrent-preclean: 0.000/0.000 secs] [Times: user=0.00 sys=0.00, real=0.00 secs] 
15.560: [CMS-concurrent-abortable-preclean-start]
15.641: Application time: 0.0878020 seconds
15.695: [GC15.695: [ParNew: 6085K->598K(6144K), 0.0006070 secs] 13372K->8276K(21888K), 0.0006400 secs] [Times: user=0.00 sys=0.00, real=0.00 secs] 
15.696: Total time for which application threads were stopped: 0.0551360 seconds, Stopping threads took: 0.0544390 seconds
15.697: Application time: 0.0006220 seconds
15.737: [GC15.737: [ParNew: 5791K->602K(6144K), 0.0013140 secs] 13469K->12773K(21888K), 0.0013470 secs] [Times: user=0.00 sys=0.01, real=0.00 secs] 
15.738: Total time for which application threads were stopped: 0.0412760 seconds, Stopping threads took: 0.0398760 seconds
15.817: Application time: 0.0786100 seconds
15.838: [CMS-concurrent-abortable-preclean: 0.000/0.278 secs] [Times: user=1.51 sys=0.08, real=0.27 secs] 
15.857: [GC15.857: [ParNew: 5989K->5989K(6144K), 0.0000140 secs]15.857: [CMS (concurrent mode failure): 12171K->2387K(15744K), 0.0059270 secs] 18161K->2387K(21888K), [CMS Perm : 5105K->5105K(21248K)], 0.0059800 secs] [Times: user=0.01 sys=0.00, real=0.01 secs] 
15.863: Total time for which application threads were stopped: 0.0466510 seconds, Stopping threads took: 0.0405830 seconds
15.864: Application time: 0.0009840 seconds
15.904: [GC15.904: [ParNew: 5388K->598K(6144K), 0.0016510 secs] 7775K->7492K(21888K), 0.0016810 secs] [Times: user=0.00 sys=0.00, real=0.00 secs] 
15.906: Total time for which application threads were stopped: 0.0417410 seconds, Stopping threads took: 0.0399870 seconds
15.906: Application time: 0.0000460 seconds
15.906: [GC [1 CMS-initial-mark: 6894K(15744K)] 7882K(21888K), 0.0001020 secs] [Times: user=0.00 sys=0.00, real=0.00 secs] 
15.906: Total time for which application threads were stopped: 0.0004290 seconds, Stopping threads took: 0.0003020 seconds
15.906: [CMS-concurrent-mark-start]
15.910: [CMS-concurrent-mark: 0.004/0.004 secs] [Times: user=0.02 sys=0.00, real=0.01 secs] 
15.910: [CMS-concurrent-preclean-start]
15.910: [CMS-concurrent-preclean: 0.000/0.000 secs] [Times: user=0.00 sys=0.00, real=0.00 secs] 
15.910: [CMS-concurrent-abortable-preclean-start]
15.993: Application time: 0.0866090 seconds
16.037: [GC16.037: [ParNew: 5985K->404K(6144K), 0.0006820 secs] 12879K->7690K(21888K), 0.0007160 secs] [Times: user=0.00 sys=0.00, real=0.00 secs] 
16.038: Total time for which application threads were stopped: 0.0449790 seconds, Stopping threads took: 0.0441860 seconds
16.039: Application time: 0.0006560 seconds
16.079: [GC16.079: [ParNew: 5792K->602K(6144K), 0.0016630 secs] 13078K->12382K(21888K), 0.0016960 secs] [Times: user=0.01 sys=0.00, real=0.01 secs] 
16.080: Total time for which application threads were stopped: 0.0416170 seconds, Stopping threads took: 0.0398660 seconds
16.165: Application time: 0.0843290 seconds
16.181: [CMS-concurrent-abortable-preclean: 0.000/0.270 secs] [Times: user=1.56 sys=0.06, real=0.27 secs] 
16.204: [GC16.204: [ParNew: 5989K->5989K(6144K), 0.0000120 secs]16.204: [CMS (concurrent mode failure): 11780K->2387K(15744K), 0.0054380 secs] 17770K->2387K(21888K), [CMS Perm : 5105K->5105K(21248K)], 0.0054930 secs] [Times: user=0.01 sys=0.00, real=0.01 secs] 
16.210: Total time for which application threads were stopped: 0.0451830 seconds, Stopping threads took: 0.0396110 seconds
16.211: Application time: 0.0007490 seconds
16.211: [GC16.211: [ParNew: 5288K->598K(6144K), 0.0017540 secs] 7675K->7689K(21888K), 0.0017860 secs] [Times: user=0.01 sys=0.00, real=0.00 secs] 
16.213: Total time for which application threads were stopped: 0.0021940 seconds, Stopping threads took: 0.0003330 seconds
16.213: Application time: 0.0000560 seconds
16.213: [GC [1 CMS-initial-mark: 7091K(15744K)] 8179K(21888K), 0.0000880 secs] [Times: user=0.00 sys=0.00, real=0.00 secs] 
16.213: Total time for which application threads were stopped: 0.0004800 seconds, Stopping threads took: 0.0003700 seconds
16.213: [CMS-concurrent-mark-start]
16.217: [CMS-concurrent-mark: 0.004/0.004 secs] [Times: user=0.02 sys=0.00, real=0.00 secs] 
16.217: [CMS-concurrent-preclean-start]
16.217: [CMS-concurrent-preclean: 0.000/0.000 secs] [Times: user=0.00 sys=0.00, real=0.00 secs] 
16.217: [CMS-concurrent-abortable-preclean-start]
16.308: Application time: 0.0951850 seconds
16.363: [GC16.363: [ParNew: 6083K->402K(6144K), 0.0004970 secs] 13175K->7885K(21888K), 0.0005310 secs] [Times: user=0.00 sys=0.00, real=0.00 secs] 
16.363: Total time for which application threads were stopped: 0.0546340 seconds, Stopping threads took: 0.0540160 seconds
16.364: Application time: 0.0006050 seconds
16.404: [GC16.404: [ParNew: 5790K->600K(6144K), 0.0015860 secs] 13274K->12575K(21888K), 0.0016170 secs] [Times: user=0.01 sys=0.00, real=0.00 secs] 
16.405: Total time for which application threads were stopped: 0.0416350 seconds, Stopping threads took: 0.0399560 seconds
16.484: Application time: 0.0782700 seconds
16.506: [CMS-concurrent-abortable-preclean: 0.000/0.289 secs] [Times: user=1.62 sys=0.05, real=0.29 secs] 
16.525: [GC16.525: [ParNew: 5987K->5987K(6144K), 0.0000130 secs]16.525: [CMS (concurrent mode failure): 11975K->2387K(15744K), 0.0068490 secs] 17963K->2387K(21888K), [CMS Perm : 5105K->5105K(21248K)], 0.0069010 secs] [Times: user=0.00 sys=0.00, real=0.01 secs] 
16.532: Total time for which application threads were stopped: 0.0484300 seconds, Stopping threads took: 0.0414470 seconds
16.533: Application time: 0.0008960 seconds
16.573: [GC16.573: [ParNew: 5388K->600K(6144K), 0.0018300 secs] 7775K->7494K(21888K), 0.0018580 secs] [Times: user=0.01 sys=0.00, real=0.00 secs] 
16.575: Total time for which application threads were stopped: 0.0419270 seconds, Stopping threads took: 0.0399980 seconds
16.575: Application time: 0.0000520 seconds
16.575: [GC [1 CMS-initial-mark: 6894K(15744K)] 7884K(21888K), 0.0001100 secs] [Times: user=0.00 sys=0.00, real=0.00 secs] 
16.575: Total time for which application threads were stopped: 0.0005170 seconds, Stopping threads took: 0.0003610 seconds
16.576: [CMS-concurrent-mark-start]
16.579: [CMS-concurrent-mark: 0.003/0.003 secs] [Times: user=0.01 sys=0.00, real=0.00 secs] 
16.579: [CMS-concurrent-preclean-start]
16.579: [CMS-concurrent-preclean: 0.000/0.000 secs] [Times: user=0.00 sys=0.00, real=0.00 secs] 
16.579: [CMS-concurrent-abortable-preclean-start]
16.664: Application time: 0.0881720 seconds
16.705: [GC16.705: [ParNew: 6066K->434K(6144K), 0.0004100 secs] 12960K->7721K(21888K), 0.0004480 secs] [Times: user=0.00 sys=0.00, real=0.00 secs] 
16.706: Total time for which application threads were stopped: 0.0420270 seconds, Stopping threads took: 0.0415020 seconds
16.706: Application time: 0.0007370 seconds
16.746: [GC16.746: [ParNew: 5823K->602K(6144K), 0.0018750 secs] 13109K->12411K(21888K), 0.0019120 secs] [Times: user=0.01 sys=0.00, real=0.01 secs] 
16.748: Total time for which application threads were stopped: 0.0418350 seconds, Stopping threads took: 0.0398430 seconds
16.825: Application time: 0.0762770 seconds
16.830: [GC16.830: [ParNew: 5755K->5755K(6144K), 0.0000160 secs]16.830: [CMS16.830: [CMS-concurrent-abortable-preclean: 0.000/0.251 secs] [Times: user=1.48 sys=0.06, real=0.26 secs] 
 (concurrent mode failure): 11809K->3071K(15744K), 0.0070880 secs] 17565K->3071K(21888K), [CMS Perm : 5105K->5105K(21248K)], 0.0071530 secs] [Times: user=0.01 sys=0.00, real=0.00 secs] 
16.838: Total time for which application threads were stopped: 0.0130420 seconds, Stopping threads took: 0.0057980 seconds
16.839: Application time: 0.0013550 seconds
16.891: [GC16.891: [ParNew: 5427K->638K(6144K), 0.0013680 secs] 8499K->7678K(21888K), 0.0013990 secs] [Times: user=0.01 sys=0.00, real=0.00 secs] 
16.892: Total time for which application threads were stopped: 0.0531690 seconds, Stopping threads took: 0.0516890 seconds
16.892: Application time: 0.0000520 seconds
16.932: [GC [1 CMS-initial-mark: 7040K(15744K)] 8073K(21888K), 0.0001980 secs] [Times: user=0.00 sys=0.00, real=0.00 secs] 
16.933: Total time for which application threads were stopped: 0.0403760 seconds, Stopping threads took: 0.0401300 seconds
16.933: [CMS-concurrent-mark-start]
16.939: [CMS-concurrent-mark: 0.007/0.007 secs] [Times: user=0.03 sys=0.00, real=0.00 secs] 
16.939: [CMS-concurrent-preclean-start]
16.939: [CMS-concurrent-preclean: 0.000/0.000 secs] [Times: user=0.03 sys=0.00, real=0.01 secs] 
16.939: [CMS-concurrent-abortable-preclean-start]
17.011: Application time: 0.0781210 seconds
17.018: [GC17.018: [ParNew: 6104K->239K(6144K), 0.0003490 secs] 13144K->7321K(21888K), 0.0003820 secs] [Times: user=0.00 sys=0.00, real=0.00 secs] 
17.019: Total time for which application threads were stopped: 0.0080080 seconds, Stopping threads took: 0.0075460 seconds
17.019: Application time: 0.0004600 seconds
17.019: [GC17.019: [ParNew: 5527K->630K(6144K), 0.0014990 secs] 12609K->12595K(21888K), 0.0015280 secs] [Times: user=0.01 sys=0.00, real=0.01 secs] 
17.021: Total time for which application threads were stopped: 0.0017670 seconds, Stopping threads took: 0.0001880 seconds
17.098: Application time: 0.0774030 seconds
17.121: [CMS-concurrent-abortable-preclean: 0.000/0.182 secs] [Times: user=1.24 sys=0.02, real=0.18 secs] 
17.140: [GC17.140: [ParNew: 6017K->6017K(6144K), 0.0000130 secs]17.140: [CMS (concurrent mode failure): 11965K->2779K(15744K), 0.0062880 secs] 17982K->2779K(21888K), [CMS Perm : 5105K->5105K(21248K)], 0.0063500 secs] [Times: user=0.00 sys=0.00, real=0.00 secs] 
17.146: Total time for which application threads were stopped: 0.0478980 seconds, Stopping threads took: 0.0414570 seconds
17.147: Application time: 0.0009430 seconds
17.148: [GC17.148: [ParNew: 5383K->500K(6144K), 0.0015330 secs] 8163K->8179K(21888K), 0.0015620 secs] [Times: user=0.00 sys=0.00, real=0.00 secs] 
17.149: Total time for which application threads were stopped: 0.0019520 seconds, Stopping threads took: 0.0003360 seconds
17.149: Application time: 0.0000540 seconds
17.189: [GC [1 CMS-initial-mark: 7679K(15744K)] 8968K(21888K), 0.0000960 secs] [Times: user=0.00 sys=0.00, real=0.00 secs] 
17.189: Total time for which application threads were stopped: 0.0400930 seconds, Stopping threads took: 0.0399480 seconds
17.189: [CMS-concurrent-mark-start]
17.193: [CMS-concurrent-mark: 0.004/0.004 secs] [Times: user=0.03 sys=0.00, real=0.00 secs] 
17.193: [CMS-concurrent-preclean-start]
17.193: [CMS-concurrent-preclean: 0.000/0.000 secs] [Times: user=0.00 sys=0.00, real=0.00 secs] 
17.193: [CMS-concurrent-abortable-preclean-start]
17.281: Application time: 0.0916410 seconds
17.320: [GC17.321: [ParNew: 5868K->44K(6144K), 0.0002960 secs] 13547K->7724K(21888K), 0.0003270 secs] [Times: user=0.01 sys=0.00, real=0.00 secs] 
17.321: Total time for which application threads were stopped: 0.0399520 seconds, Stopping threads took: 0.0395730 seconds
17.321: Application time: 0.0004430 seconds
17.322: [GC17.322: [ParNew: 5530K->630K(6144K), 0.0015850 secs] 13210K->13193K(21888K), 0.0016160 secs] [Times: user=0.01 sys=0.00, real=0.00 secs] 
17.323: Total time for which application threads were stopped: 0.0020970 seconds, Stopping threads took: 0.0004070 seconds
17.401: Application time: 0.0773440 seconds
17.424: [CMS-concurrent-abortable-preclean: 0.000/0.230 secs] [Times: user=1.51 sys=0.03, real=0.23 secs] 
17.442: [GC17.442: [ParNew: 6115K->6115K(6144K), 0.0000140 secs]17.442: [CMS (concurrent mode failure): 12563K->1803K(15744K), 0.0058890 secs] 18678K->1803K(21888K), [CMS Perm : 5105K->5105K(21248K)], 0.0059480 secs] [Times: user=0.01 sys=0.00, real=0.01 secs] 
17.448: Total time for which application threads were stopped: 0.0475970 seconds, Stopping threads took: 0.0415770 seconds
17.449: Application time: 0.0008760 seconds
17.449: [GC17.450: [ParNew: 5485K->602K(6144K), 0.0014980 secs] 7289K->7305K(21888K), 0.0015240 secs] [Times: user=0.01 sys=0.00, real=0.00 secs] 
17.451: Total time for which application threads were stopped: 0.0018310 seconds, Stopping threads took: 0.0002570 seconds
17.451: Application time: 0.0000260 seconds
17.451: [GC [1 CMS-initial-mark: 6702K(15744K)] 7893K(21888K), 0.0000890 secs] [Times: user=0.00 sys=0.00, real=0.00 secs] 
17.451: Total time for which application threads were stopped: 0.0003280 seconds, Stopping threads took: 0.0001930 seconds
17.451: [CMS-concurrent-mark-start]
17.455: [CMS-concurrent-mark: 0.004/0.004 secs] [Times: user=0.01 sys=0.00, real=0.00 secs] 
17.455: [CMS-concurrent-preclean-start]
17.455: [CMS-concurrent-preclean: 0.000/0.000 secs] [Times: user=0.00 sys=0.00, real=0.00 secs] 
17.455: [CMS-concurrent-abortable-preclean-start]
17.544: Application time: 0.0927280 seconds
17.605: [GC17.605: [ParNew: 6087K->402K(6144K), 0.0006030 secs] 12790K->7106K(21888K), 0.0006330 secs] [Times: user=0.00 sys=0.00, real=0.00 secs] 
17.605: Total time for which application threads were stopped: 0.0610910 seconds, Stopping threads took: 0.0603850 seconds
17.606: Application time: 0.0005800 seconds
17.606: [GC17.606: [ParNew: 5886K->602K(6144K), 0.0018200 secs] 12590K->12580K(21888K), 0.0018560 secs] [Times: user=0.01 sys=0.00, real=0.01 secs] 
17.608: Total time for which application threads were stopped: 0.0023060 seconds, Stopping threads took: 0.0003970 seconds
17.687: Application time: 0.0787740 seconds
17.688: [GC17.688: [ParNew: 6087K->6087K(6144K), 0.0000150 secs]17.688: [CMS17.688: [CMS-concurrent-abortable-preclean: 0.000/0.233 secs] [Times: user=1.54 sys=0.04, real=0.24 secs] 
 (concurrent mode failure): 11978K->4342K(15744K), 0.0073110 secs] 18065K->4342K(21888K), [CMS Perm : 5105K->5105K(21248K)], 0.0073780 secs] [Times: user=0.01 sys=0.00, real=0.00 secs] 
17.695: Total time for which application threads were stopped: 0.0084700 seconds, Stopping threads took: 0.0010000 seconds
17.697: Application time: 0.0012760 seconds
17.773: [GC17.773: [ParNew: 5485K->596K(6144K), 0.0008670 secs] 9827K->6114K(21888K), 0.0009010 secs] [Times: user=0.01 sys=0.00, real=0.00 secs] 
17.774: Total time for which application threads were stopped: 0.0775140 seconds, Stopping threads took: 0.0765350 seconds
17.775: Application time: 0.0008770 seconds
17.826: [GC17.826: [ParNew: 6081K->602K(6144K), 0.0016900 secs] 11600K->10625K(21888K), 0.0017240 secs] [Times: user=0.01 sys=0.00, real=0.01 secs] 
17.828: Total time for which application threads were stopped: 0.0531800 seconds, Stopping threads took: 0.0513570 seconds
17.831: Application time: 0.0032350 seconds
17.906: [GC [1 CMS-initial-mark: 10023K(15744K)] 14058K(21888K), 0.0001190 secs] [Times: user=0.00 sys=0.00, real=0.00 secs] 
17.906: Total time for which application threads were stopped: 0.0744980 seconds, Stopping threads took: 0.0743360 seconds
17.906: [CMS-concurrent-mark-start]
17.906: Application time: 0.0004140 seconds
17.960: [GC17.960: [ParNew: 6087K->6087K(6144K), 0.0000110 secs]17.960: [CMS17.962: [CMS-concurrent-mark: 0.002/0.056 secs] [Times: user=0.08 sys=0.03, real=0.06 secs] 
 (concurrent mode failure): 10023K->3560K(15744K), 0.0076470 secs] 16111K->3560K(21888K), [CMS Perm : 5109K->5109K(21248K)], 0.0077020 secs] [Times: user=0.01 sys=0.00, real=0.01 secs] 
17.968: Total time for which application threads were stopped: 0.0613450 seconds, Stopping threads took: 0.0535810 seconds
17.969: Application time: 0.0010810 seconds
18.009: [GC18.009: [ParNew: 5485K->598K(6144K), 0.0017220 secs] 9046K->8763K(21888K), 0.0017580 secs] [Times: user=0.01 sys=0.01, real=0.00 secs] 
18.011: Total time for which application threads were stopped: 0.0417730 seconds, Stopping threads took: 0.0399370 seconds
18.011: Application time: 0.0000950 seconds
18.051: [GC [1 CMS-initial-mark: 8165K(15744K)] 9357K(21888K), 0.0000980 secs] [Times: user=0.00 sys=0.00, real=0.00 secs] 
18.051: Total time for which application threads were stopped: 0.0402580 seconds, Stopping threads took: 0.0401160 seconds
18.051: [CMS-concurrent-mark-start]
18.055: [CMS-concurrent-mark: 0.004/0.004 secs] [Times: user=0.01 sys=0.00, real=0.00 secs] 
18.055: [CMS-concurrent-preclean-start]
18.055: [CMS-concurrent-preclean: 0.000/0.000 secs] [Times: user=0.00 sys=0.00, real=0.00 secs] 
18.055: [CMS-concurrent-abortable-preclean-start]
18.138: Application time: 0.0870650 seconds
18.178: [GC18.178: [ParNew: 6083K->14K(6144K), 0.0003920 secs] 14248K->8179K(21888K), 0.0004220 secs] [Times: user=0.00 sys=0.00, real=0.00 secs] 
18.178: Total time for which application threads were stopped: 0.0402700 seconds, Stopping threads took: 0.0397740 seconds
18.179: Application time: 0.0006070 seconds
18.179: [GC18.179: [ParNew: 5499K->602K(6144K), 0.0016880 secs] 13665K->13652K(21888K), 0.0017220 secs] [Times: user=0.01 sys=0.00, real=0.01 secs] 
18.181: Total time for which application threads were stopped: 0.0021700 seconds, Stopping threads took: 0.0003950 seconds
18.259: Application time: 0.0777410 seconds
18.281: [CMS-concurrent-abortable-preclean: 0.000/0.227 secs] [Times: user=1.43 sys=0.03, real=0.23 secs] 
18.299: [GC18.299: [ParNew: 5989K->5989K(6144K), 0.0000130 secs]18.299: [CMS (concurrent mode failure): 13050K->2780K(15744K), 0.0061470 secs] 19040K->2780K(21888K), [CMS Perm : 5110K->5110K(21248K)], 0.0062020 secs] [Times: user=0.01 sys=0.00, real=0.01 secs] 
18.305: Total time for which application threads were stopped: 0.0464350 seconds, Stopping threads took: 0.0401590 seconds
18.306: Application time: 0.0008710 seconds
18.346: [GC18.346: [ParNew: 5290K->502K(6144K), 0.0017860 secs] 8070K->7789K(21888K), 0.0018160 secs] [Times: user=0.01 sys=0.00, real=0.01 secs] 
18.348: Total time for which application threads were stopped: 0.0420660 seconds, Stopping threads took: 0.0401770 seconds
18.348: Application time: 0.0000500 seconds
18.349: [GC [1 CMS-initial-mark: 7286K(15744K)] 8179K(21888K), 0.0001090 secs] [Times: user=0.00 sys=0.00, real=0.00 secs] 
18.349: Total time for which application threads were stopped: 0.0004940 seconds, Stopping threads took: 0.0003380 seconds
18.349: [CMS-concurrent-mark-start]
18.353: [CMS-concurrent-mark: 0.004/0.004 secs] [Times: user=0.02 sys=0.00, real=0.00 secs] 
18.353: [CMS-concurrent-preclean-start]
18.353: [CMS-concurrent-preclean: 0.000/0.000 secs] [Times: user=0.00 sys=0.00, real=0.00 secs] 
18.353: [CMS-concurrent-abortable-preclean-start]
18.441: Application time: 0.0920940 seconds
18.479: [GC18.479: [ParNew: 5987K->600K(6144K), 0.0005570 secs] 13274K->8476K(21888K), 0.0005910 secs] [Times: user=0.00 sys=0.00, real=0.01 secs] 
18.479: Total time for which application threads were stopped: 0.0386730 seconds, Stopping threads took: 0.0379880 seconds
18.480: Application time: 0.0008150 seconds
18.533: [GC18.533: [ParNew: 5984K->598K(6144K), 0.0017170 secs] 13860K->12967K(21888K), 0.0017570 secs] [Times: user=0.01 sys=0.01, real=0.00 secs] 
18.535: Total time for which application threads were stopped: 0.0545820 seconds, Stopping threads took: 0.0527450 seconds
18.613: Application time: 0.0785870 seconds
18.614: [GC18.614: [ParNew: 5985K->5985K(6144K), 0.0000150 secs]18.614: [CMS18.614: [CMS-concurrent-abortable-preclean: 0.001/0.261 secs] [Times: user=1.52 sys=0.04, real=0.26 secs] 
 (concurrent mode failure): 12368K->3854K(15744K), 0.0064420 secs] 18354K->3854K(21888K), [CMS Perm : 5110K->5110K(21248K)], 0.0065070 secs] [Times: user=0.01 sys=0.00, real=0.01 secs] 
18.621: Total time for which application threads were stopped: 0.0071790 seconds, Stopping threads took: 0.0005810 seconds
18.622: Application time: 0.0012620 seconds
18.673: [GC18.673: [ParNew: 5485K->598K(6144K), 0.0015700 secs] 9339K->9054K(21888K), 0.0015990 secs] [Times: user=0.01 sys=0.00, real=0.00 secs] 
18.675: Total time for which application threads were stopped: 0.0527650 seconds, Stopping threads took: 0.0511110 seconds
18.675: Application time: 0.0001750 seconds
18.727: [GC [1 CMS-initial-mark: 8456K(15744K)] 9648K(21888K), 0.0001510 secs] [Times: user=0.00 sys=0.00, real=0.00 secs] 
18.727: Total time for which application threads were stopped: 0.0520950 seconds, Stopping threads took: 0.0519180 seconds
18.727: [CMS-concurrent-mark-start]
18.734: [CMS-concurrent-mark: 0.007/0.007 secs] [Times: user=0.03 sys=0.00, real=0.01 secs] 
18.734: [CMS-concurrent-preclean-start]
18.734: [CMS-concurrent-preclean: 0.000/0.000 secs] [Times: user=0.00 sys=0.00, real=0.00 secs] 
18.734: [CMS-concurrent-abortable-preclean-start]
18.811: Application time: 0.0843410 seconds
18.817: [GC18.817: [ParNew: 6044K->638K(6144K), 0.0007330 secs] 14501K->9703K(21888K), 0.0007670 secs] [Times: user=0.01 sys=0.00, real=0.00 secs] 
18.818: Total time for which application threads were stopped: 0.0061880 seconds, Stopping threads took: 0.0053450 seconds
18.818: Application time: 0.0007740 seconds
18.858: [GC18.858: [ParNew: 6065K->638K(6144K), 0.0017310 secs] 15130K->14283K(21888K), 0.0017670 secs] [Times: user=0.01 sys=0.00, real=0.01 secs] 
18.860: Total time for which application threads were stopped: 0.0415380 seconds, Stopping threads took: 0.0396910 seconds
18.860: [CMS-concurrent-abortable-preclean: 0.001/0.126 secs] [Times: user=0.73 sys=0.04, real=0.13 secs] 
18.860: Application time: 0.0002660 seconds
18.900: [GC[YG occupancy: 2211 K (6144 K)]18.900: [Rescan (parallel) , 0.0002320 secs]18.900: [weak refs processing, 0.0000060 secs]18.900: [scrub string table, 0.0000930 secs] [1 CMS-remark: 13645K(15744K)] 15856K(21888K), 0.0003790 secs] [Times: user=0.00 sys=0.00, real=0.00 secs] 
18.901: Total time for which application threads were stopped: 0.0404320 seconds, Stopping threads took: 0.0400170 seconds
18.901: [CMS-concurrent-sweep-start]
18.902: [CMS-concurrent-sweep: 0.001/0.001 secs] [Times: user=0.00 sys=0.00, real=0.00 secs] 
18.902: [CMS-concurrent-reset-start]
18.902: [CMS-concurrent-reset: 0.000/0.000 secs] [Times: user=0.00 sys=0.00, real=0.00 secs] 
18.978: Application time: 0.0773830 seconds
18.981: [GC18.981: [ParNew: 6104K->6104K(6144K), 0.0000140 secs]18.981: [CMS: 10714K->2300K(15744K), 0.0060330 secs] 16818K->2300K(21888K), [CMS Perm : 5110K->5110K(21248K)], 0.0060970 secs] [Times: user=0.01 sys=0.00, real=0.00 secs] 
18.987: Total time for which application threads were stopped: 0.0091040 seconds, Stopping threads took: 0.0029300 seconds
18.988: Application time: 0.0011390 seconds
19.044: [GC19.044: [ParNew: 5366K->532K(6144K), 0.0017590 secs] 7666K->7339K(21888K), 0.0017900 secs] [Times: user=0.00 sys=0.00, real=0.00 secs] 
19.045: Total time for which application threads were stopped: 0.0572640 seconds, Stopping threads took: 0.0553980 seconds
19.045: Application time: 0.0000610 seconds
19.046: [GC [1 CMS-initial-mark: 6806K(15744K)] 8026K(21888K), 0.0001030 secs] [Times: user=0.00 sys=0.00, real=0.00 secs] 
19.046: Total time for which application threads were stopped: 0.0001640 seconds, Stopping threads took: 0.0000390 seconds
19.046: [CMS-concurrent-mark-start]
19.048: [CMS-concurrent-mark: 0.002/0.002 secs] [Times: user=0.01 sys=0.00, real=0.01 secs] 
19.048: [CMS-concurrent-preclean-start]
19.048: [CMS-concurrent-preclean: 0.000/0.000 secs] [Times: user=0.00 sys=0.00, real=0.00 secs] 
19.048: [CMS-concurrent-abortable-preclean-start]
19.134: Application time: 0.0885520 seconds
19.176: [GC19.176: [ParNew: 5900K->434K(6144K), 0.0006720 secs] 12707K->7664K(21888K), 0.0007030 secs] [Times: user=0.01 sys=0.00, real=0.00 secs] 
19.176: Total time for which application threads were stopped: 0.0421050 seconds, Stopping threads took: 0.0413280 seconds
19.177: Application time: 0.0005810 seconds
19.217: [GC19.217: [ParNew: 5823K->602K(6144K), 0.0017080 secs] 13052K->12352K(21888K), 0.0017420 secs] [Times: user=0.01 sys=0.01, real=0.00 secs] 
19.219: Total time for which application threads were stopped: 0.0418810 seconds, Stopping threads took: 0.0400650 seconds
19.297: Application time: 0.0782900 seconds
19.319: [CMS-concurrent-abortable-preclean: 0.000/0.271 secs] [Times: user=1.49 sys=0.09, real=0.26 secs] 
19.344: [GC19.344: [ParNew: 5989K->5989K(6144K), 0.0000130 secs]19.344: [CMS (concurrent mode failure): 11750K->2129K(15744K), 0.0059240 secs] 17740K->2129K(21888K), [CMS Perm : 5110K->5110K(21248K)], 0.0059820 secs] [Times: user=0.00 sys=0.00, real=0.01 secs] 
19.350: Total time for which application threads were stopped: 0.0528390 seconds, Stopping threads took: 0.0467810 seconds
19.351: Application time: 0.0008750 seconds
19.391: [GC19.391: [ParNew: 5388K->600K(6144K), 0.0017800 secs] 7517K->7236K(21888K), 0.0018080 secs] [Times: user=0.01 sys=0.00, real=0.00 secs] 
19.393: Total time for which application threads were stopped: 0.0419400 seconds, Stopping threads took: 0.0400610 seconds
19.393: Application time: 0.0000590 seconds
19.393: [GC [1 CMS-initial-mark: 6636K(15744K)] 7626K(21888K), 0.0001040 secs] [Times: user=0.00 sys=0.00, real=0.00 secs] 
19.393: Total time for which application threads were stopped: 0.0006790 seconds, Stopping threads took: 0.0005490 seconds
19.393: [CMS-concurrent-mark-start]
19.397: [CMS-concurrent-mark: 0.003/0.003 secs] [Times: user=0.02 sys=0.00, real=0.00 secs] 
19.397: [CMS-concurrent-preclean-start]
19.397: [CMS-concurrent-preclean: 0.000/0.000 secs] [Times: user=0.00 sys=0.00, real=0.00 secs] 
19.397: [CMS-concurrent-abortable-preclean-start]
19.483: Application time: 0.0893710 seconds
19.524: [GC19.524: [ParNew: 5987K->402K(6144K), 0.0006460 secs] 12624K->7431K(21888K), 0.0006770 secs] [Times: user=0.00 sys=0.00, real=0.00 secs] 
19.524: Total time for which application threads were stopped: 0.0414360 seconds, Stopping threads took: 0.0406790 seconds
19.525: Application time: 0.0008810 seconds
19.578: [GC19.578: [ParNew: 5886K->600K(6144K), 0.0020900 secs] 12915K->11146K(21888K), 0.0021230 secs] [Times: user=0.01 sys=0.01, real=0.01 secs] 
19.580: Total time for which application threads were stopped: 0.0545280 seconds, Stopping threads took: 0.0523300 seconds
19.656: Application time: 0.0764360 seconds
19.661: [GC19.661: [ParNew: 6085K->6085K(6144K), 0.0000150 secs]19.661: [CMS19.661: [CMS-concurrent-abortable-preclean: 0.000/0.264 secs] [Times: user=1.54 sys=0.06, real=0.27 secs] 
 (concurrent mode failure): 10546K->2324K(15744K), 0.0060270 secs] 16632K->2324K(21888K), [CMS Perm : 5110K->5110K(21248K)], 0.0060900 secs] [Times: user=0.00 sys=0.01, real=0.00 secs] 
19.667: Total time for which application threads were stopped: 0.0107720 seconds, Stopping threads took: 0.0045930 seconds
19.668: Application time: 0.0011820 seconds
19.708: [GC19.708: [ParNew: 5485K->504K(6144K), 0.0016710 secs] 7810K->7724K(21888K), 0.0017050 secs] [Times: user=0.01 sys=0.00, real=0.00 secs] 
19.710: Total time for which application threads were stopped: 0.0416230 seconds, Stopping threads took: 0.0398320 seconds
19.710: Application time: 0.0001010 seconds
19.750: [GC [1 CMS-initial-mark: 7220K(15744K)] 8318K(21888K), 0.0001190 secs] [Times: user=0.00 sys=0.00, real=0.00 secs] 
19.751: Total time for which application threads were stopped: 0.0415790 seconds, Stopping threads took: 0.0399510 seconds
19.751: [CMS-concurrent-mark-start]
19.755: [CMS-concurrent-mark: 0.004/0.004 secs] [Times: user=0.00 sys=0.00, real=0.00 secs] 
19.755: [CMS-concurrent-preclean-start]
19.755: [CMS-concurrent-preclean: 0.000/0.000 secs] [Times: user=0.00 sys=0.00, real=0.00 secs] 
19.755: [CMS-concurrent-abortable-preclean-start]
19.833: Application time: 0.0815630 seconds
19.874: [GC19.874: [ParNew: 5892K->14K(6144K), 0.0006820 secs] 13112K->7237K(21888K), 0.0007180 secs] [Times: user=0.00 sys=0.00, real=0.00 secs] 
19.874: Total time for which application threads were stopped: 0.0414370 seconds, Stopping threads took: 0.0406520 seconds
19.875: Application time: 0.0005740 seconds
19.875: [GC19.875: [ParNew: 5499K->602K(6144K), 0.0014490 secs] 12723K->12710K(21888K), 0.0014790 secs] [Times: user=0.01 sys=0.01, real=0.00 secs] 
19.877: Total time for which application threads were stopped: 0.0019010 seconds, Stopping threads took: 0.0003480 seconds
19.955: Application time: 0.0777440 seconds
19.956: [GC19.956: [ParNew: 6087K->6087K(6144K), 0.0000120 secs]19.956: [CMS19.956: [CMS-concurrent-abortable-preclean: 0.000/0.201 secs] [Times: user=1.34 sys=0.04, real=0.20 secs] 
 (concurrent mode failure): 12108K->3691K(15744K), 0.0054790 secs] 18196K->3691K(21888K), [CMS Perm : 5110K->5110K(21248K)], 0.0055440 secs] [Times: user=0.01 sys=0.00, real=0.01 secs] 
19.962: Total time for which application threads were stopped: 0.0072920 seconds, Stopping threads took: 0.0016770 seconds
19.963: Application time: 0.0012460 seconds
20.012: [GC20.012: [ParNew: 5485K->600K(6144K), 0.0017100 secs] 9177K->8796K(21888K), 0.0017440 secs] [Times: user=0.01 sys=0.00, real=0.00 secs] 
20.014: Total time for which application threads were stopped: 0.0510240 seconds, Stopping threads took: 0.0492020 seconds
20.014: Application time: 0.0000980 seconds
20.055: [GC [1 CMS-initial-mark: 8196K(15744K)] 9490K(21888K), 0.0001110 secs] [Times: user=0.00 sys=0.00, real=0.00 secs] 
20.055: Total time for which application threads were stopped: 0.0404180 seconds, Stopping threads took: 0.0402560 seconds
20.055: [CMS-concurrent-mark-start]
20.058: [CMS-concurrent-mark: 0.004/0.004 secs] [Times: user=0.01 sys=0.00, real=0.00 secs] 
20.058: [CMS-concurrent-preclean-start]
20.059: [CMS-concurrent-preclean: 0.000/0.000 secs] [Times: user=0.00 sys=0.00, real=0.00 secs] 
20.059: [CMS-concurrent-abortable-preclean-start]
20.132: Application time: 0.0776800 seconds
20.136: [GC20.136: [ParNew: 6085K->404K(6144K), 0.0004320 secs] 14282K->8604K(21888K), 0.0004660 secs] [Times: user=0.00 sys=0.00, real=0.00 secs] 
20.136: Total time for which application threads were stopped: 0.0039850 seconds, Stopping threads took: 0.0034380 seconds
20.137: Application time: 0.0007540 seconds
20.137: [GC20.137: [ParNew: 5790K->600K(6144K), 0.0019410 secs] 13990K->13978K(21888K), 0.0019840 secs] [Times: user=0.01 sys=0.00, real=0.00 secs] 
20.139: Total time for which application threads were stopped: 0.0023120 seconds, Stopping threads took: 0.0002420 seconds
20.218: Application time: 0.0784940 seconds
20.240: [CMS-concurrent-abortable-preclean: 0.000/0.181 secs] [Times: user=1.32 sys=0.01, real=0.19 secs] 
20.260: [GC20.260: [ParNew: 5987K->5987K(6144K), 0.0000150 secs]20.260: [CMS (concurrent mode failure): 13378K->1738K(15744K), 0.0064250 secs] 19366K->1738K(21888K), [CMS Perm : 5110K->5110K(21248K)], 0.0064800 secs] [Times: user=0.01 sys=0.00, real=0.00 secs] 
20.266: Total time for which application threads were stopped: 0.0480840 seconds, Stopping threads took: 0.0415380 seconds
20.267: Application time: 0.0009060 seconds
20.267: [GC20.267: [ParNew: 5485K->598K(6144K), 0.0017230 secs] 7224K->7236K(21888K), 0.0017600 secs] [Times: user=0.01 sys=0.00, real=0.01 secs] 
20.269: Total time for which application threads were stopped: 0.0019980 seconds, Stopping threads took: 0.0001850 seconds
20.269: Application time: 0.0000510 seconds
20.269: [GC [1 CMS-initial-mark: 6637K(15744K)] 7626K(21888K), 0.0001050 secs] [Times: user=0.00 sys=0.00, real=0.00 secs] 
20.270: Total time for which application threads were stopped: 0.0005180 seconds, Stopping threads took: 0.0003650 seconds
20.270: [CMS-concurrent-mark-start]
20.273: [CMS-concurrent-mark: 0.004/0.004 secs] [Times: user=0.02 sys=0.00, real=0.00 secs] 
20.273: [CMS-concurrent-preclean-start]
20.273: [CMS-concurrent-preclean: 0.000/0.000 secs] [Times: user=0.00 sys=0.00, real=0.00 secs] 
20.273: [CMS-concurrent-abortable-preclean-start]
20.362: Application time: 0.0928030 seconds
20.416: [GC20.416: [ParNew: 5888K->404K(6144K), 0.0003240 secs] 12526K->7043K(21888K), 0.0003520 secs] [Times: user=0.00 sys=0.01, real=0.00 secs] 
20.417: Total time for which application threads were stopped: 0.0545200 seconds, Stopping threads took: 0.0540920 seconds
20.418: Application time: 0.0006640 seconds
20.418: [GC20.418: [ParNew: 5888K->600K(6144K), 0.0016810 secs] 12527K->12512K(21888K), 0.0017180 secs] [Times: user=0.01 sys=0.00, real=0.01 secs] 
20.420: Total time for which application threads were stopped: 0.0021760 seconds, Stopping threads took: 0.0003850 seconds
20.498: Application time: 0.0785120 seconds
20.520: [CMS-concurrent-abortable-preclean: 0.000/0.246 secs] [Times: user=1.56 sys=0.04, real=0.25 secs] 
20.538: [GC20.538: [ParNew: 5792K->5792K(6144K), 0.0000130 secs]20.538: [CMS (concurrent mode failure): 11912K->2715K(15744K), 0.0054140 secs] 17705K->2715K(21888K), [CMS Perm : 5110K->5110K(21248K)], 0.0054700 secs] [Times: user=0.00 sys=0.00, real=0.01 secs] 
20.544: Total time for which application threads were stopped: 0.0456870 seconds, Stopping threads took: 0.0401350 seconds
20.545: Application time: 0.0009690 seconds
20.586: [GC20.586: [ParNew: 5483K->504K(6144K), 0.0017190 secs] 8198K->7921K(21888K), 0.0017480 secs] [Times: user=0.01 sys=0.00, real=0.00 secs] 
20.587: Total time for which application threads were stopped: 0.0425000 seconds, Stopping threads took: 0.0406700 seconds
20.587: Application time: 0.0000700 seconds
20.627: [GC [1 CMS-initial-mark: 7417K(15744K)] 8908K(21888K), 0.0000910 secs] [Times: user=0.00 sys=0.00, real=0.00 secs] 
20.628: Total time for which application threads were stopped: 0.0401350 seconds, Stopping threads took: 0.0400210 seconds
20.628: [CMS-concurrent-mark-start]
20.631: [CMS-concurrent-mark: 0.003/0.003 secs] [Times: user=0.01 sys=0.00, real=0.00 secs] 
20.631: [CMS-concurrent-preclean-start]
20.631: [CMS-concurrent-preclean: 0.000/0.000 secs] [Times: user=0.00 sys=0.00, real=0.00 secs] 
20.631: [CMS-concurrent-abortable-preclean-start]
20.714: Application time: 0.0860960 seconds
20.756: [GC20.756: [ParNew: 5892K->406K(6144K), 0.0006420 secs] 13309K->7825K(21888K), 0.0006730 secs] [Times: user=0.00 sys=0.00, real=0.00 secs] 
20.757: Total time for which application threads were stopped: 0.0429220 seconds, Stopping threads took: 0.0421720 seconds
20.757: Application time: 0.0007870 seconds
20.810: [GC20.810: [ParNew: 5756K->626K(6144K), 0.0013890 secs] 13174K->11983K(21888K), 0.0014260 secs] [Times: user=0.01 sys=0.00, real=0.00 secs] 
20.811: Total time for which application threads were stopped: 0.0539240 seconds, Stopping threads took: 0.0524150 seconds
20.889: Application time: 0.0778370 seconds
20.912: [CMS-concurrent-abortable-preclean: 0.000/0.281 secs] [Times: user=1.55 sys=0.06, real=0.28 secs] 
20.931: [GC20.931: [ParNew: 6092K->6092K(6144K), 0.0000130 secs]20.931: [CMS (concurrent mode failure): 11357K->1543K(15744K), 0.0048970 secs] 17449K->1543K(21888K), [CMS Perm : 5110K->5110K(21248K)], 0.0049530 secs] [Times: user=0.00 sys=0.00, real=0.00 secs] 
20.936: Total time for which application threads were stopped: 0.0464270 seconds, Stopping threads took: 0.0414140 seconds
20.937: Application time: 0.0010500 seconds
20.937: [GC20.937: [ParNew: 5427K->638K(6144K), 0.0015280 secs] 6971K->6836K(21888K), 0.0015630 secs] [Times: user=0.01 sys=0.00, real=0.00 secs] 
20.938: Total time for which application threads were stopped: 0.0017840 seconds, Stopping threads took: 0.0001690 seconds
20.939: Application time: 0.0000960 seconds
20.979: [GC [1 CMS-initial-mark: 6198K(15744K)] 7818K(21888K), 0.0000890 secs] [Times: user=0.00 sys=0.00, real=0.00 secs] 
20.979: Total time for which application threads were stopped: 0.0401050 seconds, Stopping threads took: 0.0399690 seconds
20.979: [CMS-concurrent-mark-start]
20.986: [CMS-concurrent-mark: 0.007/0.007 secs] [Times: user=0.04 sys=0.00, real=0.01 secs] 
20.986: [CMS-concurrent-preclean-start]
20.986: [CMS-concurrent-preclean: 0.000/0.000 secs] [Times: user=0.00 sys=0.00, real=0.00 secs] 
20.986: [CMS-concurrent-abortable-preclean-start]
21.057: Application time: 0.0785740 seconds
21.101: [GC21.101: [ParNew: 6025K->12K(6144K), 0.0005340 secs] 12223K->6248K(21888K), 0.0005660 secs] [Times: user=0.00 sys=0.00, real=0.00 secs] 
21.101: Total time for which application threads were stopped: 0.0440520 seconds, Stopping threads took: 0.0434020 seconds
21.102: Application time: 0.0006670 seconds
21.102: [GC21.102: [ParNew: 5161K->606K(6144K), 0.0014650 secs] 11398K->11335K(21888K), 0.0014950 secs] [Times: user=0.01 sys=0.00, real=0.00 secs] 
21.104: Total time for which application threads were stopped: 0.0019740 seconds, Stopping threads took: 0.0004320 seconds
21.181: Application time: 0.0775910 seconds
21.204: [CMS-concurrent-abortable-preclean: 0.000/0.218 secs] [Times: user=1.34 sys=0.05, real=0.22 secs] 
21.223: [GC21.223: [ParNew: 6017K->6017K(6144K), 0.0000130 secs]21.223: [CMS (concurrent mode failure): 10729K->2129K(15744K), 0.0057240 secs] 16747K->2129K(21888K), [CMS Perm : 5110K->5110K(21248K)], 0.0057800 secs] [Times: user=0.00 sys=0.00, real=0.01 secs] 
21.228: Total time for which application threads were stopped: 0.0468640 seconds, Stopping threads took: 0.0410220 seconds
21.229: Application time: 0.0009940 seconds
21.230: [GC21.230: [ParNew: 5368K->630K(6144K), 0.0015830 secs] 7498K->7462K(21888K), 0.0016110 secs] [Times: user=0.01 sys=0.00, real=0.00 secs] 
21.231: Total time for which application threads were stopped: 0.0019470 seconds, Stopping threads took: 0.0002840 seconds
21.231: Application time: 0.0000600 seconds
21.271: [GC [1 CMS-initial-mark: 6831K(15744K)] 8546K(21888K), 0.0001080 secs] [Times: user=0.00 sys=0.00, real=0.00 secs] 
21.271: Total time for which application threads were stopped: 0.0399860 seconds, Stopping threads took: 0.0398330 seconds
21.271: [CMS-concurrent-mark-start]
21.275: [CMS-concurrent-mark: 0.004/0.004 secs] [Times: user=0.01 sys=0.01, real=0.00 secs] 
21.275: [CMS-concurrent-preclean-start]
21.275: [CMS-concurrent-preclean: 0.000/0.000 secs] [Times: user=0.00 sys=0.00, real=0.00 secs] 
21.275: [CMS-concurrent-abortable-preclean-start]
21.359: Application time: 0.0875730 seconds
21.399: [GC21.399: [ParNew: 6115K->398K(6144K), 0.0004600 secs] 12947K->7650K(21888K), 0.0004960 secs] [Times: user=0.00 sys=0.00, real=0.01 secs] 
21.400: Total time for which application threads were stopped: 0.0406820 seconds, Stopping threads took: 0.0401110 seconds
21.400: Application time: 0.0005970 seconds
21.441: [GC21.441: [ParNew: 5786K->602K(6144K), 0.0017890 secs] 13039K->12349K(21888K), 0.0018250 secs] [Times: user=0.00 sys=0.00, real=0.00 secs] 
21.442: Total time for which application threads were stopped: 0.0421890 seconds, Stopping threads took: 0.0402880 seconds
21.520: Application time: 0.0778040 seconds
21.526: [GC21.526: [ParNew: 5989K->5989K(6144K), 0.0000130 secs]21.526: [CMS21.526: [CMS-concurrent-abortable-preclean: 0.000/0.251 secs] [Times: user=1.48 sys=0.05, real=0.25 secs] 
 (concurrent mode failure): 11746K->3204K(15744K), 0.0060670 secs] 17736K->3204K(21888K), [CMS Perm : 5110K->5110K(21248K)], 0.0061370 secs] [Times: user=0.01 sys=0.00, real=0.01 secs] 
21.532: Total time for which application threads were stopped: 0.0121370 seconds, Stopping threads took: 0.0059090 seconds
21.533: Application time: 0.0010670 seconds
21.583: [GC21.583: [ParNew: 5485K->600K(6144K), 0.0018190 secs] 8689K->8701K(21888K), 0.0018670 secs] [Times: user=0.02 sys=0.00, real=0.00 secs] 
21.584: Total time for which application threads were stopped: 0.0510900 seconds, Stopping threads took: 0.0491590 seconds
21.585: Application time: 0.0000630 seconds
21.625: [GC [1 CMS-initial-mark: 8101K(15744K)] 9098K(21888K), 0.0000850 secs] [Times: user=0.00 sys=0.00, real=0.00 secs] 
21.625: Total time for which application threads were stopped: 0.0401510 seconds, Stopping threads took: 0.0400130 seconds
21.625: [CMS-concurrent-mark-start]
21.628: [CMS-concurrent-mark: 0.004/0.004 secs] [Times: user=0.02 sys=0.00, real=0.01 secs] 
21.628: [CMS-concurrent-preclean-start]
21.629: [CMS-concurrent-preclean: 0.000/0.000 secs] [Times: user=0.00 sys=0.00, real=0.00 secs] 
21.629: [CMS-concurrent-abortable-preclean-start]
21.702: Application time: 0.0776980 seconds
21.706: [GC21.706: [ParNew: 5890K->602K(6144K), 0.0006940 secs] 13991K->8900K(21888K), 0.0007270 secs] [Times: user=0.01 sys=0.00, real=0.00 secs] 
21.707: Total time for which application threads were stopped: 0.0041840 seconds, Stopping threads took: 0.0033750 seconds
21.707: Application time: 0.0005690 seconds
21.708: [GC21.708: [ParNew: 6083K->598K(6144K), 0.0016240 secs] 14381K->14367K(21888K), 0.0016540 secs] [Times: user=0.01 sys=0.00, real=0.00 secs] 
21.709: Total time for which application threads were stopped: 0.0020240 seconds, Stopping threads took: 0.0002950 seconds
21.789: Application time: 0.0794400 seconds
21.809: [CMS-concurrent-abortable-preclean: 0.000/0.181 secs] [Times: user=1.32 sys=0.02, real=0.18 secs] 
21.829: [GC21.829: [ParNew: 6083K->6083K(6144K), 0.0000130 secs]21.829: [CMS (concurrent mode failure): 13769K->2325K(15744K), 0.0062750 secs] 19852K->2325K(21888K), [CMS Perm : 5110K->5110K(21248K)], 0.0063260 secs] [Times: user=0.00 sys=0.00, real=0.00 secs] 
21.836: Total time for which application threads were stopped: 0.0471300 seconds, Stopping threads took: 0.0407210 seconds
21.837: Application time: 0.0009570 seconds
21.877: [GC21.877: [ParNew: 5485K->600K(6144K), 0.0015950 secs] 7810K->7529K(21888K), 0.0016240 secs] [Times: user=0.01 sys=0.00, real=0.00 secs] 
21.879: Total time for which application threads were stopped: 0.0418210 seconds, Stopping threads took: 0.0401230 seconds
21.879: Application time: 0.0000430 seconds
21.879: [GC [1 CMS-initial-mark: 6929K(15744K)] 7920K(21888K), 0.0001090 secs] [Times: user=0.00 sys=0.00, real=0.00 secs] 
21.879: Total time for which application threads were stopped: 0.0005200 seconds, Stopping threads took: 0.0003630 seconds
21.879: [CMS-concurrent-mark-start]
21.883: [CMS-concurrent-mark: 0.004/0.004 secs] [Times: user=0.01 sys=0.00, real=0.01 secs] 
21.883: [CMS-concurrent-preclean-start]
21.883: [CMS-concurrent-preclean: 0.000/0.000 secs] [Times: user=0.00 sys=0.00, real=0.00 secs] 
21.883: [CMS-concurrent-abortable-preclean-start]
21.968: Application time: 0.0887290 seconds
22.009: [GC22.009: [ParNew: 5987K->14K(6144K), 0.0006700 secs] 12917K->6945K(21888K), 0.0007000 secs] [Times: user=0.00 sys=0.00, real=0.00 secs] 
22.010: Total time for which application threads were stopped: 0.0422900 seconds, Stopping threads took: 0.0415130 seconds
22.011: Application time: 0.0005500 seconds
22.011: [GC22.011: [ParNew: 5499K->602K(6144K), 0.0016750 secs] 12430K->12418K(21888K), 0.0017090 secs] [Times: user=0.01 sys=0.00, real=0.00 secs] 
22.013: Total time for which application threads were stopped: 0.0021410 seconds, Stopping threads took: 0.0003780 seconds
22.090: Application time: 0.0771120 seconds
22.113: [CMS-concurrent-abortable-preclean: 0.000/0.230 secs] [Times: user=1.49 sys=0.03, real=0.23 secs] 
22.131: [GC22.131: [ParNew: 5989K->5989K(6144K), 0.0000120 secs]22.131: [CMS (concurrent mode failure): 11816K->2520K(15744K), 0.0062600 secs] 17805K->2520K(21888K), [CMS Perm : 5110K->5110K(21248K)], 0.0063130 secs] [Times: user=0.00 sys=0.00, real=0.00 secs] 
22.137: Total time for which application threads were stopped: 0.0475200 seconds, Stopping threads took: 0.0411110 seconds
22.138: Application time: 0.0009370 seconds
22.178: [GC22.178: [ParNew: 5386K->600K(6144K), 0.0015010 secs] 7906K->7625K(21888K), 0.0015310 secs] [Times: user=0.01 sys=0.00, real=0.01 secs] 
22.180: Total time for which application threads were stopped: 0.0414260 seconds, Stopping threads took: 0.0398380 seconds
22.180: Application time: 0.0000280 seconds
22.180: [GC [1 CMS-initial-mark: 7025K(15744K)] 7820K(21888K), 0.0000890 secs] [Times: user=0.00 sys=0.00, real=0.00 secs] 
22.180: Total time for which application threads were stopped: 0.0002610 seconds, Stopping threads took: 0.0001520 seconds
22.180: [CMS-concurrent-mark-start]
22.182: [CMS-concurrent-mark: 0.002/0.002 secs] [Times: user=0.00 sys=0.00, real=0.00 secs] 
22.182: [CMS-concurrent-preclean-start]
22.182: [CMS-concurrent-preclean: 0.000/0.000 secs] [Times: user=0.00 sys=0.00, real=0.00 secs] 
22.182: Application time: 0.0021130 seconds
22.221: [GC[YG occupancy: 2272 K (6144 K)]22.221: [Rescan (parallel) , 0.0003210 secs]22.221: [weak refs processing, 0.0000060 secs]22.221: [scrub string table, 0.0001110 secs] [1 CMS-remark: 7025K(15744K)] 9297K(21888K), 0.0004880 secs] [Times: user=0.00 sys=0.00, real=0.00 secs] 
22.221: Total time for which application threads were stopped: 0.0389110 seconds, Stopping threads took: 0.0383780 seconds
22.221: [CMS-concurrent-sweep-start]
22.222: [CMS-concurrent-sweep: 0.001/0.001 secs] [Times: user=0.01 sys=0.00, real=0.00 secs] 
22.222: [CMS-concurrent-reset-start]
22.223: [CMS-concurrent-reset: 0.000/0.000 secs] [Times: user=0.00 sys=0.00, real=0.00 secs] 
22.308: Application time: 0.0869390 seconds
22.355: [GC22.355: [ParNew: 6085K->209K(6144K), 0.0005650 secs] 12327K->6454K(21888K), 0.0005990 secs] [Times: user=0.01 sys=0.00, real=0.00 secs] 
22.356: Total time for which application threads were stopped: 0.0478300 seconds, Stopping threads took: 0.0471690 seconds
22.357: Application time: 0.0006100 seconds
22.357: [GC22.357: [ParNew: 5499K->602K(6144K), 0.0013880 secs] 11744K->11732K(21888K), 0.0014170 secs] [Times: user=0.01 sys=0.00, real=0.00 secs] 
22.358: Total time for which application threads were stopped: 0.0017800 seconds, Stopping threads took: 0.0002910 seconds
22.358: Application time: 0.0000560 seconds
22.359: [GC [1 CMS-initial-mark: 11130K(15744K)] 12517K(21888K), 0.0000840 secs] [Times: user=0.00 sys=0.00, real=0.00 secs] 
22.359: Total time for which application threads were stopped: 0.0006250 seconds, Stopping threads took: 0.0005180 seconds
22.359: [CMS-concurrent-mark-start]
22.362: [CMS-concurrent-mark: 0.003/0.003 secs] [Times: user=0.01 sys=0.00, real=0.01 secs] 
22.362: [CMS-concurrent-preclean-start]
22.362: [CMS-concurrent-preclean: 0.000/0.000 secs] [Times: user=0.00 sys=0.00, real=0.00 secs] 
22.362: [CMS-concurrent-abortable-preclean-start]
22.436: Application time: 0.0770920 seconds
22.463: [CMS-concurrent-abortable-preclean: 0.000/0.100 secs] [Times: user=0.67 sys=0.02, real=0.10 secs] 
22.480: [GC22.480: [ParNew: 6087K->6087K(6144K), 0.0000120 secs]22.480: [CMS (concurrent mode failure): 11130K->1543K(15744K), 0.0057780 secs] 17217K->1543K(21888K), [CMS Perm : 5110K->5110K(21248K)], 0.0058360 secs] [Times: user=0.00 sys=0.00, real=0.00 secs] 
22.485: Total time for which application threads were stopped: 0.0492700 seconds, Stopping threads took: 0.0433740 seconds
22.486: Application time: 0.0009280 seconds
22.487: [GC22.487: [ParNew: 5290K->602K(6144K), 0.0017270 secs] 6834K->6850K(21888K), 0.0017550 secs] [Times: user=0.01 sys=0.00, real=0.01 secs] 
22.489: Total time for which application threads were stopped: 0.0022090 seconds, Stopping threads took: 0.0004050 seconds
22.489: Application time: 0.0000780 seconds
22.489: [GC [1 CMS-initial-mark: 6248K(15744K)] 8813K(21888K), 0.0000840 secs] [Times: user=0.00 sys=0.00, real=0.00 secs] 
22.489: Total time for which application threads were stopped: 0.0004060 seconds, Stopping threads took: 0.0002980 seconds
22.489: [CMS-concurrent-mark-start]
22.493: [CMS-concurrent-mark: 0.004/0.004 secs] [Times: user=0.03 sys=0.00, real=0.00 secs] 
22.493: [CMS-concurrent-preclean-start]
22.493: [CMS-concurrent-preclean: 0.000/0.000 secs] [Times: user=0.00 sys=0.00, real=0.00 secs] 
22.493: [CMS-concurrent-abortable-preclean-start]
22.581: Application time: 0.0920810 seconds
22.632: [GC22.632: [ParNew: 6087K->211K(6144K), 0.0003260 secs] 12335K->6460K(21888K), 0.0003560 secs] [Times: user=0.00 sys=0.00, real=0.00 secs] 
22.632: Total time for which application threads were stopped: 0.0508830 seconds, Stopping threads took: 0.0504410 seconds
22.633: Application time: 0.0006190 seconds
22.633: [GC22.633: [ParNew: 5560K->634K(6144K), 0.0014520 secs] 11810K->11693K(21888K), 0.0014860 secs] [Times: user=0.01 sys=0.00, real=0.00 secs] 
22.634: Total time for which application threads were stopped: 0.0017770 seconds, Stopping threads took: 0.0002370 seconds
22.712: Application time: 0.0772800 seconds
22.713: [GC22.713: [ParNew: 5904K->5904K(6144K), 0.0000130 secs]22.713: [CMS22.714: [CMS-concurrent-abortable-preclean: 0.000/0.221 secs] [Times: user=1.48 sys=0.02, real=0.22 secs] 
 (concurrent mode failure): 11058K->3301K(15744K), 0.0053000 secs] 16963K->3301K(21888K), [CMS Perm : 5110K->5110K(21248K)], 0.0053670 secs] [Times: user=0.01 sys=0.00, real=0.00 secs] 
22.719: Total time for which application threads were stopped: 0.0072100 seconds, Stopping threads took: 0.0017720 seconds
22.720: Application time: 0.0012230 seconds
22.761: [GC22.761: [ParNew: 5466K->630K(6144K), 0.0015300 secs] 8768K->7458K(21888K), 0.0015650 secs] [Times: user=0.01 sys=0.00, real=0.00 secs] 
22.763: Total time for which application threads were stopped: 0.0425450 seconds, Stopping threads took: 0.0409200 seconds
22.763: Application time: 0.0000730 seconds
22.803: [GC [1 CMS-initial-mark: 6827K(15744K)] 7757K(21888K), 0.0001120 secs] [Times: user=0.00 sys=0.00, real=0.00 secs] 
22.803: Total time for which application threads were stopped: 0.0400610 seconds, Stopping threads took: 0.0399010 seconds
22.803: [CMS-concurrent-mark-start]
22.804: Application time: 0.0012500 seconds
22.876: [GC22.876: [ParNew: 6115K->600K(6144K), 0.0011500 secs] 12943K->10002K(21888K), 0.0011840 secs] [Times: user=0.01 sys=0.00, real=0.00 secs] 
22.877: Total time for which application threads were stopped: 0.0730530 seconds, Stopping threads took: 0.0718130 seconds
22.880: [CMS-concurrent-mark: 0.004/0.078 secs] [Times: user=0.31 sys=0.04, real=0.08 secs] 
22.880: [CMS-concurrent-preclean-start]
22.880: [CMS-concurrent-preclean: 0.000/0.000 secs] [Times: user=0.00 sys=0.00, real=0.00 secs] 
22.880: [CMS-concurrent-abortable-preclean-start]
22.954: Application time: 0.0766900 seconds
22.960: [GC22.960: [ParNew: 6085K->14K(6144K), 0.0003470 secs] 15488K->9417K(21888K), 0.0003790 secs] [Times: user=0.00 sys=0.00, real=0.00 secs] 
22.960: Total time for which application threads were stopped: 0.0061690 seconds, Stopping threads took: 0.0057320 seconds
22.960: Application time: 0.0005140 seconds
22.961: [GC22.961: [ParNew: 5402K->602K(6144K), 0.0013110 secs] 14805K->14790K(21888K), 0.0013380 secs] [Times: user=0.01 sys=0.01, real=0.00 secs] 
22.962: Total time for which application threads were stopped: 0.0015970 seconds, Stopping threads took: 0.0002090 seconds
23.041: Application time: 0.0788830 seconds
23.062: [CMS-concurrent-abortable-preclean: 0.000/0.182 secs] [Times: user=1.27 sys=0.02, real=0.18 secs] 
23.081: [GC23.081: [ParNew: 6048K->6048K(6144K), 0.0000130 secs]23.082: [CMS (concurrent mode failure): 14188K->2325K(15744K), 0.0064230 secs] 20237K->2325K(21888K), [CMS Perm : 5110K->5110K(21248K)], 0.0064750 secs] [Times: user=0.00 sys=0.00, real=0.01 secs] 
23.088: Total time for which application threads were stopped: 0.0470530 seconds, Stopping threads took: 0.0404950 seconds
23.089: Application time: 0.0012730 seconds
23.141: [GC23.141: [ParNew: 5446K->560K(6144K), 0.0016270 secs] 7772K->7588K(21888K), 0.0016640 secs] [Times: user=0.01 sys=0.01, real=0.00 secs] 
23.143: Total time for which application threads were stopped: 0.0533000 seconds, Stopping threads took: 0.0515560 seconds
23.143: Application time: 0.0000540 seconds
23.182: [GC [1 CMS-initial-mark: 7027K(15744K)] 7687K(21888K), 0.0001090 secs] [Times: user=0.00 sys=0.00, real=0.00 secs] 
23.183: Total time for which application threads were stopped: 0.0399850 seconds, Stopping threads took: 0.0398270 seconds
23.183: [CMS-concurrent-mark-start]
23.186: [CMS-concurrent-mark: 0.003/0.003 secs] [Times: user=0.01 sys=0.00, real=0.00 secs] 
23.186: [CMS-concurrent-preclean-start]
23.186: [CMS-concurrent-preclean: 0.000/0.000 secs] [Times: user=0.00 sys=0.00, real=0.00 secs] 
23.186: [CMS-concurrent-abortable-preclean-start]
23.267: Application time: 0.0840330 seconds
23.275: [GC23.275: [ParNew: 6046K->596K(6144K), 0.0005230 secs] 13073K->8074K(21888K), 0.0005600 secs] [Times: user=0.00 sys=0.00, real=0.00 secs] 
23.275: Total time for which application threads were stopped: 0.0084820 seconds, Stopping threads took: 0.0078460 seconds
23.276: Application time: 0.0005900 seconds
23.316: [GC23.316: [ParNew: 5788K->602K(6144K), 0.0016290 secs] 13267K->12573K(21888K), 0.0016620 secs] [Times: user=0.01 sys=0.00, real=0.00 secs] 
23.317: Total time for which application threads were stopped: 0.0416100 seconds, Stopping threads took: 0.0398950 seconds
23.394: Application time: 0.0770900 seconds
23.417: [CMS-concurrent-abortable-preclean: 0.000/0.231 secs] [Times: user=1.43 sys=0.02, real=0.23 secs] 
23.436: [GC23.436: [ParNew: 5989K->5989K(6144K), 0.0000120 secs]23.436: [CMS (concurrent mode failure): 11971K->2130K(15744K), 0.0056180 secs] 17961K->2130K(21888K), [CMS Perm : 5110K->5110K(21248K)], 0.0056780 secs] [Times: user=0.00 sys=0.00, real=0.01 secs] 
23.442: Total time for which application threads were stopped: 0.0474580 seconds, Stopping threads took: 0.0416980 seconds
23.443: Application time: 0.0009230 seconds
23.443: [GC23.443: [ParNew: 5386K->600K(6144K), 0.0016350 secs] 7516K->7532K(21888K), 0.0016640 secs] [Times: user=0.01 sys=0.00, real=0.00 secs] 
23.445: Total time for which application threads were stopped: 0.0020610 seconds, Stopping threads took: 0.0003440 seconds
23.445: Application time: 0.0000480 seconds
23.445: [GC [1 CMS-initial-mark: 6932K(15744K)] 7924K(21888K), 0.0001070 secs] [Times: user=0.00 sys=0.00, real=0.00 secs] 
23.445: Total time for which application threads were stopped: 0.0005140 seconds, Stopping threads took: 0.0003600 seconds
23.445: [CMS-concurrent-mark-start]
23.449: [CMS-concurrent-mark: 0.003/0.003 secs] [Times: user=0.01 sys=0.00, real=0.01 secs] 
23.449: [CMS-concurrent-preclean-start]
23.449: [CMS-concurrent-preclean: 0.000/0.000 secs] [Times: user=0.00 sys=0.00, real=0.00 secs] 
23.449: [CMS-concurrent-abortable-preclean-start]
23.542: Application time: 0.0963830 seconds
23.581: [GC23.581: [ParNew: 5987K->400K(6144K), 0.0005470 secs] 12919K->7724K(21888K), 0.0005830 secs] [Times: user=0.00 sys=0.00, real=0.00 secs] 
23.582: Total time for which application threads were stopped: 0.0401050 seconds, Stopping threads took: 0.0394700 seconds
23.582: Application time: 0.0005520 seconds
23.622: [GC23.622: [ParNew: 5788K->600K(6144K), 0.0016950 secs] 13112K->12416K(21888K), 0.0017320 secs] [Times: user=0.01 sys=0.00, real=0.00 secs] 
23.624: Total time for which application threads were stopped: 0.0417070 seconds, Stopping threads took: 0.0399150 seconds
23.702: Application time: 0.0773900 seconds
23.705: [GC23.705: [ParNew: 6085K->6085K(6144K), 0.0000130 secs]23.705: [CMS23.705: [CMS-concurrent-abortable-preclean: 0.000/0.257 secs] [Times: user=1.58 sys=0.03, real=0.25 secs] 
 (concurrent mode failure): 11816K->3302K(15744K), 0.0055970 secs] 17902K->3302K(21888K), [CMS Perm : 5110K->5110K(21248K)], 0.0056630 secs] [Times: user=0.01 sys=0.00, real=0.01 secs] 
23.711: Total time for which application threads were stopped: 0.0093120 seconds, Stopping threads took: 0.0035720 seconds
23.712: Application time: 0.0011100 seconds
23.765: [GC23.765: [ParNew: 5485K->602K(6144K), 0.0016440 secs] 8787K->8213K(21888K), 0.0016780 secs] [Times: user=0.01 sys=0.00, real=0.00 secs] 
23.767: Total time for which application threads were stopped: 0.0545590 seconds, Stopping threads took: 0.0527930 seconds
23.767: Application time: 0.0000950 seconds
23.806: [GC [1 CMS-initial-mark: 7611K(15744K)] 9003K(21888K), 0.0001010 secs] [Times: user=0.00 sys=0.00, real=0.00 secs] 
23.807: Total time for which application threads were stopped: 0.0398950 seconds, Stopping threads took: 0.0397680 seconds
23.807: [CMS-concurrent-mark-start]
23.810: [CMS-concurrent-mark: 0.004/0.004 secs] [Times: user=0.02 sys=0.00, real=0.01 secs] 
23.810: [CMS-concurrent-preclean-start]
23.810: [CMS-concurrent-preclean: 0.000/0.000 secs] [Times: user=0.00 sys=0.00, real=0.00 secs] 
23.810: [CMS-concurrent-abortable-preclean-start]
23.897: Application time: 0.0904530 seconds
23.935: [GC23.935: [ParNew: 6087K->12K(6144K), 0.0002980 secs] 13699K->7628K(21888K), 0.0003280 secs] [Times: user=0.00 sys=0.00, real=0.00 secs] 
23.936: Total time for which application threads were stopped: 0.0387260 seconds, Stopping threads took: 0.0383440 seconds
23.936: Application time: 0.0007280 seconds
23.937: [GC23.937: [ParNew: 5497K->602K(6144K), 0.0015940 secs] 13114K->13101K(21888K), 0.0016290 secs] [Times: user=0.01 sys=0.01, real=0.00 secs] 
23.938: Total time for which application threads were stopped: 0.0019670 seconds, Stopping threads took: 0.0002630 seconds
24.020: Application time: 0.0818040 seconds
24.039: [CMS-concurrent-abortable-preclean: 0.000/0.228 secs] [Times: user=1.50 sys=0.02, real=0.22 secs] 
24.074: [GC24.074: [ParNew: 6087K->6087K(6144K), 0.0000130 secs]24.074: [CMS (concurrent mode failure): 12499K->1544K(15744K), 0.0053400 secs] 18587K->1544K(21888K), [CMS Perm : 5110K->5110K(21248K)], 0.0053950 secs] [Times: user=0.01 sys=0.00, real=0.01 secs] 
24.080: Total time for which application threads were stopped: 0.0596100 seconds, Stopping threads took: 0.0541560 seconds
24.081: Application time: 0.0008700 seconds
24.081: [GC24.081: [ParNew: 5485K->602K(6144K), 0.0016260 secs] 7030K->7046K(21888K), 0.0016540 secs] [Times: user=0.01 sys=0.00, real=0.00 secs] 
24.083: Total time for which application threads were stopped: 0.0021380 seconds, Stopping threads took: 0.0004200 seconds
24.083: Application time: 0.0000550 seconds
24.083: [GC [1 CMS-initial-mark: 6443K(15744K)] 7929K(21888K), 0.0000850 secs] [Times: user=0.00 sys=0.00, real=0.00 secs] 
24.083: Total time for which application threads were stopped: 0.0004000 seconds, Stopping threads took: 0.0002720 seconds
24.083: [CMS-concurrent-mark-start]
24.087: [CMS-concurrent-mark: 0.003/0.003 secs] [Times: user=0.00 sys=0.00, real=0.00 secs] 
24.087: [CMS-concurrent-preclean-start]
24.087: [CMS-concurrent-preclean: 0.000/0.000 secs] [Times: user=0.00 sys=0.00, real=0.00 secs] 
24.087: [CMS-concurrent-abortable-preclean-start]
24.180: Application time: 0.0965910 seconds
24.230: [GC24.230: [ParNew: 6087K->404K(6144K), 0.0006230 secs] 12531K->6849K(21888K), 0.0006550 secs] [Times: user=0.00 sys=0.00, real=0.00 secs] 
24.231: Total time for which application threads were stopped: 0.0509420 seconds, Stopping threads took: 0.0502060 seconds
24.232: Application time: 0.0006350 seconds
24.272: [GC24.272: [ParNew: 5792K->600K(6144K), 0.0013770 secs] 12237K->11147K(21888K), 0.0014110 secs] [Times: user=0.01 sys=0.00, real=0.00 secs] 
24.273: Total time for which application threads were stopped: 0.0417220 seconds, Stopping threads took: 0.0402320 seconds
24.350: Application time: 0.0768610 seconds
24.361: [GC24.361: [ParNew: 5987K->5987K(6144K), 0.0000140 secs]24.361: [CMS24.361: [CMS-concurrent-abortable-preclean: 0.000/0.274 secs] [Times: user=1.61 sys=0.06, real=0.28 secs] 
 (concurrent mode failure): 10547K->2814K(15744K), 0.0060220 secs] 16535K->2814K(21888K), [CMS Perm : 5110K->5110K(21248K)], 0.0060880 secs] [Times: user=0.01 sys=0.00, real=0.00 secs] 
24.367: Total time for which application threads were stopped: 0.0165620 seconds, Stopping threads took: 0.0103840 seconds
24.368: Application time: 0.0010740 seconds
24.420: [GC24.420: [ParNew: 5387K->600K(6144K), 0.0019250 secs] 8202K->8214K(21888K), 0.0019660 secs] [Times: user=0.01 sys=0.00, real=0.00 secs] 
24.422: Total time for which application threads were stopped: 0.0544530 seconds, Stopping threads took: 0.0524320 seconds
24.422: Application time: 0.0000570 seconds
24.462: [GC [1 CMS-initial-mark: 7614K(15744K)] 8904K(21888K), 0.0001130 secs] [Times: user=0.00 sys=0.00, real=0.00 secs] 
24.462: Total time for which application threads were stopped: 0.0399780 seconds, Stopping threads took: 0.0398190 seconds
24.462: [CMS-concurrent-mark-start]
24.466: [CMS-concurrent-mark: 0.004/0.004 secs] [Times: user=0.02 sys=0.00, real=0.00 secs] 
24.466: [CMS-concurrent-preclean-start]
24.466: [CMS-concurrent-preclean: 0.000/0.000 secs] [Times: user=0.00 sys=0.00, real=0.00 secs] 
24.466: [CMS-concurrent-abortable-preclean-start]
24.540: Application time: 0.0781030 seconds
24.583: [GC24.583: [ParNew: 5987K->404K(6144K), 0.0003800 secs] 13602K->8022K(21888K), 0.0004150 secs] [Times: user=0.00 sys=0.00, real=0.00 secs] 
24.584: Total time for which application threads were stopped: 0.0432900 seconds, Stopping threads took: 0.0427970 seconds
24.584: Application time: 0.0005210 seconds
24.585: [GC24.585: [ParNew: 5888K->600K(6144K), 0.0017980 secs] 13506K->13491K(21888K), 0.0018280 secs] [Times: user=0.02 sys=0.00, real=0.00 secs] 
24.586: Total time for which application threads were stopped: 0.0023360 seconds, Stopping threads took: 0.0004360 seconds
24.665: Application time: 0.0785210 seconds
24.687: [CMS-concurrent-abortable-preclean: 0.000/0.221 secs] [Times: user=1.36 sys=0.03, real=0.22 secs] 
24.705: [GC24.705: [ParNew: 6026K->6026K(6144K), 0.0000130 secs]24.705: [CMS (concurrent mode failure): 12891K->2717K(15744K), 0.0060200 secs] 18918K->2717K(21888K), [CMS Perm : 5110K->5110K(21248K)], 0.0060770 secs] [Times: user=0.01 sys=0.00, real=0.01 secs] 
24.712: Total time for which application threads were stopped: 0.0464990 seconds, Stopping threads took: 0.0403400 seconds
24.713: Application time: 0.0012330 seconds
24.767: [GC24.767: [ParNew: 5466K->630K(6144K), 0.0014680 secs] 8183K->7168K(21888K), 0.0015710 secs] [Times: user=0.01 sys=0.00, real=0.01 secs] 
24.769: Total time for which application threads were stopped: 0.0558760 seconds, Stopping threads took: 0.0542210 seconds
24.769: Application time: 0.0000850 seconds
24.769: [GC [1 CMS-initial-mark: 6538K(15744K)] 7760K(21888K), 0.0001010 secs] [Times: user=0.00 sys=0.00, real=0.00 secs] 
24.769: Total time for which application threads were stopped: 0.0002320 seconds, Stopping threads took: 0.0001040 seconds
24.769: [CMS-concurrent-mark-start]
24.776: [CMS-concurrent-mark: 0.007/0.007 secs] [Times: user=0.05 sys=0.00, real=0.00 secs] 
24.776: [CMS-concurrent-preclean-start]
24.776: [CMS-concurrent-preclean: 0.000/0.000 secs] [Times: user=0.00 sys=0.00, real=0.00 secs] 
24.776: [CMS-concurrent-abortable-preclean-start]
24.855: Application time: 0.0863540 seconds
24.866: [GC24.866: [ParNew: 5998K->526K(6144K), 0.0005880 secs] 12537K->7875K(21888K), 0.0006250 secs] [Times: user=0.00 sys=0.00, real=0.00 secs] 
24.867: Total time for which application threads were stopped: 0.0112200 seconds, Stopping threads took: 0.0105120 seconds
24.867: Application time: 0.0006720 seconds
24.907: [GC24.907: [ParNew: 6012K->600K(6144K), 0.0016490 secs] 13361K->13060K(21888K), 0.0016860 secs] [Times: user=0.01 sys=0.00, real=0.01 secs] 
24.909: Total time for which application threads were stopped: 0.0415490 seconds, Stopping threads took: 0.0397850 seconds
24.987: Application time: 0.0786140 seconds
24.988: [GC24.988: [ParNew: 6085K->6085K(6144K), 0.0000150 secs]24.988: [CMS24.988: [CMS-concurrent-abortable-preclean: 0.000/0.212 secs] [Times: user=1.39 sys=0.03, real=0.22 secs] 
 (concurrent mode failure): 12460K->3889K(15744K), 0.0066540 secs] 18546K->3889K(21888K), [CMS Perm : 5110K->5110K(21248K)], 0.0067210 secs] [Times: user=0.01 sys=0.00, real=0.00 secs] 
24.995: Total time for which application threads were stopped: 0.0073580 seconds, Stopping threads took: 0.0005460 seconds
24.996: Application time: 0.0012010 seconds
25.055: [GC25.055: [ParNew: 5485K->598K(6144K), 0.0014000 secs] 9374K->8111K(21888K), 0.0014400 secs] [Times: user=0.01 sys=0.01, real=0.00 secs] 
25.057: Total time for which application threads were stopped: 0.0608590 seconds, Stopping threads took: 0.0593630 seconds
25.057: Application time: 0.0001190 seconds
25.111: [GC [1 CMS-initial-mark: 7512K(15744K)] 8414K(21888K), 0.0000990 secs] [Times: user=0.00 sys=0.00, real=0.00 secs] 
25.111: Total time for which application threads were stopped: 0.0543430 seconds, Stopping threads took: 0.0541950 seconds
25.111: [CMS-concurrent-mark-start]
25.119: [CMS-concurrent-mark: 0.008/0.008 secs] [Times: user=0.03 sys=0.00, real=0.00 secs] 
25.119: [CMS-concurrent-preclean-start]
25.119: [CMS-concurrent-preclean: 0.000/0.000 secs] [Times: user=0.00 sys=0.00, real=0.00 secs] 
25.119: [CMS-concurrent-abortable-preclean-start]
25.194: Application time: 0.0826540 seconds
25.211: [GC25.211: [ParNew: 5888K->402K(6144K), 0.0004610 secs] 13401K->7922K(21888K), 0.0004940 secs] [Times: user=0.00 sys=0.00, real=0.00 secs] 
25.212: Total time for which application threads were stopped: 0.0178710 seconds, Stopping threads took: 0.0173170 seconds
25.212: Application time: 0.0005350 seconds
25.213: [GC25.213: [ParNew: 5869K->530K(6144K), 0.0016450 secs] 13389K->13324K(21888K), 0.0016790 secs] [Times: user=0.01 sys=0.00, real=0.00 secs] 
25.214: Total time for which application threads were stopped: 0.0021020 seconds, Stopping threads took: 0.0003680 seconds
25.293: Application time: 0.0781600 seconds
25.315: [CMS-concurrent-abortable-preclean: 0.000/0.196 secs] [Times: user=1.35 sys=0.02, real=0.20 secs] 
25.333: [GC25.333: [ParNew: 5703K->5703K(6144K), 0.0000130 secs]25.333: [CMS (concurrent mode failure): 12793K->2522K(15744K), 0.0060860 secs] 18497K->2522K(21888K), [CMS Perm : 5110K->5110K(21248K)], 0.0061410 secs] [Times: user=0.01 sys=0.00, real=0.01 secs] 
25.340: Total time for which application threads were stopped: 0.0469510 seconds, Stopping threads took: 0.0407200 seconds
25.341: Application time: 0.0012070 seconds
25.381: [GC25.381: [ParNew: 5466K->630K(6144K), 0.0015110 secs] 7988K->7659K(21888K), 0.0015380 secs] [Times: user=0.01 sys=0.00, real=0.00 secs] 
25.382: Total time for which application threads were stopped: 0.0413710 seconds, Stopping threads took: 0.0397790 seconds
25.382: Application time: 0.0000500 seconds
25.382: [GC [1 CMS-initial-mark: 7029K(15744K)] 8245K(21888K), 0.0000940 secs] [Times: user=0.00 sys=0.00, real=0.00 secs] 
25.382: Total time for which application threads were stopped: 0.0002060 seconds, Stopping threads took: 0.0000890 seconds
25.382: [CMS-concurrent-mark-start]
25.386: [CMS-concurrent-mark: 0.004/0.004 secs] [Times: user=0.02 sys=0.00, real=0.00 secs] 
25.386: [CMS-concurrent-preclean-start]
25.386: [CMS-concurrent-preclean: 0.000/0.000 secs] [Times: user=0.00 sys=0.00, real=0.00 secs] 
25.386: [CMS-concurrent-abortable-preclean-start]
25.474: Application time: 0.0911680 seconds
25.528: [GC25.528: [ParNew: 6115K->207K(6144K), 0.0006440 secs] 13144K->7268K(21888K), 0.0006740 secs] [Times: user=0.00 sys=0.00, real=0.00 secs] 
25.529: Total time for which application threads were stopped: 0.0552450 seconds, Stopping threads took: 0.0544960 seconds
25.529: Application time: 0.0005850 seconds
25.530: [GC25.530: [ParNew: 5497K->602K(6144K), 0.0015770 secs] 12558K->12546K(21888K), 0.0016110 secs] [Times: user=0.01 sys=0.00, real=0.00 secs] 
25.531: Total time for which application threads were stopped: 0.0020660 seconds, Stopping threads took: 0.0003740 seconds
25.609: Application time: 0.0772620 seconds
25.632: [CMS-concurrent-abortable-preclean: 0.000/0.246 secs] [Times: user=1.50 sys=0.06, real=0.25 secs] 
25.650: [GC25.650: [ParNew: 5989K->5989K(6144K), 0.0000120 secs]25.650: [CMS (concurrent mode failure): 11944K->2522K(15744K), 0.0059180 secs] 17933K->2522K(21888K), [CMS Perm : 5110K->5110K(21248K)], 0.0059730 secs] [Times: user=0.01 sys=0.00, real=0.00 secs] 
25.656: Total time for which application threads were stopped: 0.0472130 seconds, Stopping threads took: 0.0411590 seconds
25.657: Application time: 0.0009880 seconds
25.697: [GC25.697: [ParNew: 5386K->600K(6144K), 0.0014930 secs] 7908K->7629K(21888K), 0.0015310 secs] [Times: user=0.01 sys=0.00, real=0.00 secs] 
25.699: Total time for which application threads were stopped: 0.0419000 seconds, Stopping threads took: 0.0402940 seconds
25.699: Application time: 0.0000710 seconds
25.699: [GC [1 CMS-initial-mark: 7029K(15744K)] 8711K(21888K), 0.0000900 secs] [Times: user=0.00 sys=0.00, real=0.00 secs] 
25.699: Total time for which application threads were stopped: 0.0002470 seconds, Stopping threads took: 0.0001130 seconds
25.699: [CMS-concurrent-mark-start]
25.703: [CMS-concurrent-mark: 0.004/0.004 secs] [Times: user=0.02 sys=0.00, real=0.01 secs] 
25.703: [CMS-concurrent-preclean-start]
25.703: [CMS-concurrent-preclean: 0.000/0.000 secs] [Times: user=0.00 sys=0.00, real=0.00 secs] 
25.703: [CMS-concurrent-abortable-preclean-start]
25.782: Application time: 0.0831350 seconds
25.828: [GC25.828: [ParNew: 6085K->209K(6144K), 0.0005080 secs] 13115K->7241K(21888K), 0.0005460 secs] [Times: user=0.01 sys=0.00, real=0.00 secs] 
25.828: Total time for which application threads were stopped: 0.0458310 seconds, Stopping threads took: 0.0452090 seconds
25.829: Application time: 0.0005280 seconds
25.829: [GC25.829: [ParNew: 5695K->602K(6144K), 0.0013750 secs] 12727K->12712K(21888K), 0.0014070 secs] [Times: user=0.01 sys=0.00, real=0.00 secs] 
25.830: Total time for which application threads were stopped: 0.0017760 seconds, Stopping threads took: 0.0003160 seconds
25.908: Application time: 0.0777960 seconds
25.911: [GC25.911: [ParNew: 6087K->6087K(6144K), 0.0000130 secs]25.911: [CMS25.911: [CMS-concurrent-abortable-preclean: 0.000/0.208 secs] [Times: user=1.42 sys=0.04, real=0.21 secs] 
 (concurrent mode failure): 12110K->3889K(15744K), 0.0055780 secs] 18198K->3889K(21888K), [CMS Perm : 5110K->5110K(21248K)], 0.0056420 secs] [Times: user=0.00 sys=0.00, real=0.00 secs] 
25.916: Total time for which application threads were stopped: 0.0079890 seconds, Stopping threads took: 0.0022710 seconds
25.917: Application time: 0.0012860 seconds
25.989: [GC25.989: [ParNew: 5485K->596K(6144K), 0.0012050 secs] 9375K->7618K(21888K), 0.0012400 secs] [Times: user=0.01 sys=0.00, real=0.00 secs] 
25.990: Total time for which application threads were stopped: 0.0727220 seconds, Stopping threads took: 0.0714040 seconds
25.990: Application time: 0.0001090 seconds
26.030: [GC [1 CMS-initial-mark: 7022K(15744K)] 7822K(21888K), 0.0000970 secs] [Times: user=0.00 sys=0.00, real=0.00 secs] 
26.030: Total time for which application threads were stopped: 0.0399930 seconds, Stopping threads took: 0.0398620 seconds
26.030: [CMS-concurrent-mark-start]
26.034: [CMS-concurrent-mark: 0.004/0.004 secs] [Times: user=0.01 sys=0.00, real=0.00 secs] 
26.034: [CMS-concurrent-preclean-start]
26.034: [CMS-concurrent-preclean: 0.000/0.000 secs] [Times: user=0.00 sys=0.00, real=0.00 secs] 
26.034: [CMS-concurrent-abortable-preclean-start]
26.034: Application time: 0.0038440 seconds
26.108: [GC26.108: [ParNew: 5886K->402K(6144K), 0.0006140 secs] 12909K->7430K(21888K), 0.0006410 secs] [Times: user=0.01 sys=0.00, real=0.00 secs] 
26.108: Total time for which application threads were stopped: 0.0741450 seconds, Stopping threads took: 0.0734520 seconds
26.109: Application time: 0.0004410 seconds
26.109: [GC26.109: [ParNew: 5790K->600K(6144K), 0.0018310 secs] 12818K->12808K(21888K), 0.0018630 secs] [Times: user=0.01 sys=0.00, real=0.00 secs] 
26.111: Total time for which application threads were stopped: 0.0023600 seconds, Stopping threads took: 0.0004210 seconds
26.189: Application time: 0.0776210 seconds
26.211: [CMS-concurrent-abortable-preclean: 0.000/0.177 secs] [Times: user=1.13 sys=0.06, real=0.18 secs] 
26.235: [GC26.235: [ParNew: 5987K->5987K(6144K), 0.0000130 secs]26.235: [CMS (concurrent mode failure): 12208K->1741K(15744K), 0.0050220 secs] 18196K->1741K(21888K), [CMS Perm : 5110K->5110K(21248K)], 0.0050770 secs] [Times: user=0.00 sys=0.00, real=0.01 secs] 
26.240: Total time for which application threads were stopped: 0.0513910 seconds, Stopping threads took: 0.0462250 seconds
26.241: Application time: 0.0009070 seconds
26.242: [GC26.242: [ParNew: 5483K->602K(6144K), 0.0016190 secs] 7225K->7242K(21888K), 0.0016460 secs] [Times: user=0.01 sys=0.00, real=0.00 secs] 
26.243: Total time for which application threads were stopped: 0.0021610 seconds, Stopping threads took: 0.0004430 seconds
26.243: Application time: 0.0000550 seconds
26.243: [GC [1 CMS-initial-mark: 6640K(15744K)] 8323K(21888K), 0.0000840 secs] [Times: user=0.00 sys=0.00, real=0.00 secs] 
26.244: Total time for which application threads were stopped: 0.0003220 seconds, Stopping threads took: 0.0002110 seconds
26.244: [CMS-concurrent-mark-start]
26.246: [CMS-concurrent-mark: 0.003/0.003 secs] [Times: user=0.00 sys=0.00, real=0.00 secs] 
26.246: [CMS-concurrent-preclean-start]
26.246: [CMS-concurrent-preclean: 0.000/0.000 secs] [Times: user=0.00 sys=0.00, real=0.00 secs] 
26.246: [CMS-concurrent-abortable-preclean-start]
26.338: Application time: 0.0940930 seconds
26.394: [GC26.394: [ParNew: 5970K->432K(6144K), 0.0003260 secs] 12611K->7075K(21888K), 0.0003600 secs] [Times: user=0.01 sys=0.00, real=0.00 secs] 
26.394: Total time for which application threads were stopped: 0.0563080 seconds, Stopping threads took: 0.0558940 seconds
26.395: Application time: 0.0005560 seconds
26.395: [GC26.395: [ParNew: 5918K->600K(6144K), 0.0016610 secs] 12560K->12544K(21888K), 0.0016940 secs] [Times: user=0.01 sys=0.00, real=0.00 secs] 
26.397: Total time for which application threads were stopped: 0.0020290 seconds, Stopping threads took: 0.0002830 seconds
26.475: Application time: 0.0788860 seconds
26.476: [GC26.476: [ParNew: 5948K->5948K(6144K), 0.0000140 secs]26.476: [CMS26.476: [CMS-concurrent-abortable-preclean: 0.001/0.230 secs] [Times: user=1.57 sys=0.03, real=0.23 secs] 
 (concurrent mode failure): 11944K->3791K(15744K), 0.0061860 secs] 17893K->3791K(21888K), [CMS Perm : 5110K->5110K(21248K)], 0.0062470 secs] [Times: user=0.01 sys=0.00, real=0.01 secs] 
26.482: Total time for which application threads were stopped: 0.0065900 seconds, Stopping threads took: 0.0002700 seconds
26.483: Application time: 0.0011150 seconds
26.523: [GC26.523: [ParNew: 5485K->598K(6144K), 0.0017160 secs] 9277K->9287K(21888K), 0.0017470 secs] [Times: user=0.01 sys=0.00, real=0.00 secs] 
26.525: Total time for which application threads were stopped: 0.0415720 seconds, Stopping threads took: 0.0397720 seconds
26.551: Application time: 0.0266950 seconds
26.621: [GC [1 CMS-initial-mark: 8689K(15744K)] 11061K(21888K), 0.0001350 secs] [Times: user=0.00 sys=0.00, real=0.00 secs] 
26.621: Total time for which application threads were stopped: 0.0696930 seconds, Stopping threads took: 0.0695020 seconds
26.621: [CMS-concurrent-mark-start]
26.622: Application time: 0.0007180 seconds
26.622: [GC26.622: [ParNew: 6083K->600K(6144K), 0.0010730 secs] 14772K->12414K(21888K), 0.0011000 secs] [Times: user=0.01 sys=0.01, real=0.00 secs] 
26.623: Total time for which application threads were stopped: 0.0015250 seconds, Stopping threads took: 0.0003530 seconds
26.639: [CMS-concurrent-mark: 0.017/0.018 secs] [Times: user=0.12 sys=0.01, real=0.02 secs] 
26.640: [CMS-concurrent-preclean-start]
26.640: [CMS-concurrent-preclean: 0.000/0.000 secs] [Times: user=0.00 sys=0.00, real=0.00 secs] 
26.640: [CMS-concurrent-abortable-preclean-start]
26.640: [CMS-concurrent-abortable-preclean: 0.000/0.000 secs] [Times: user=0.00 sys=0.00, real=0.00 secs] 
26.640: Application time: 0.0162730 seconds
26.721: [GC[YG occupancy: 5499 K (6144 K)]26.721: [Rescan (parallel) , 0.0003270 secs]26.722: [weak refs processing, 0.0000070 secs]26.722: [scrub string table, 0.0001090 secs] [1 CMS-remark: 11814K(15744K)] 17314K(21888K), 0.0004840 secs] [Times: user=0.00 sys=0.00, real=0.00 secs] 
26.722: Total time for which application threads were stopped: 0.0821900 seconds, Stopping threads took: 0.0816450 seconds
26.722: [CMS-concurrent-sweep-start]
26.722: Application time: 0.0001880 seconds
26.722: [GC26.722: [ParNew: 6085K->6085K(6144K), 0.0000110 secs]26.722: [CMS26.723: [CMS-concurrent-sweep: 0.000/0.001 secs] [Times: user=0.00 sys=0.00, real=0.00 secs] 
 (concurrent mode failure): 11814K->1863K(15744K), 0.0067600 secs] 17900K->1863K(21888K), [CMS Perm : 5110K->5107K(21248K)], 0.0068150 secs] [Times: user=0.01 sys=0.00, real=0.01 secs] 
26.729: Total time for which application threads were stopped: 0.0069730 seconds, Stopping threads took: 0.0001080 seconds
26.730: Application time: 0.0011190 seconds
26.730: [GC26.730: [ParNew: 5446K->634K(6144K), 0.0015610 secs] 7309K->7225K(21888K), 0.0015960 secs] [Times: user=0.02 sys=0.00, real=0.00 secs] 
26.732: Total time for which application threads were stopped: 0.0018290 seconds, Stopping threads took: 0.0001720 seconds
26.732: Application time: 0.0000600 seconds
26.794: [GC [1 CMS-initial-mark: 6591K(15744K)] 8308K(21888K), 0.0001220 secs] [Times: user=0.00 sys=0.00, real=0.00 secs] 
26.794: Total time for which application threads were stopped: 0.0623110 seconds, Stopping threads took: 0.0621610 seconds
26.794: [CMS-concurrent-mark-start]
26.798: [CMS-concurrent-mark: 0.003/0.003 secs] [Times: user=0.02 sys=0.00, real=0.00 secs] 
26.798: [CMS-concurrent-preclean-start]
26.798: [CMS-concurrent-preclean: 0.000/0.000 secs] [Times: user=0.00 sys=0.00, real=0.00 secs] 
26.798: [CMS-concurrent-abortable-preclean-start]
26.882: Application time: 0.0878950 seconds
26.895: [GC26.895: [ParNew: 5924K->404K(6144K), 0.0005540 secs] 12515K->7029K(21888K), 0.0005870 secs] [Times: user=0.00 sys=0.00, real=0.00 secs] 
26.895: Total time for which application threads were stopped: 0.0128920 seconds, Stopping threads took: 0.0122280 seconds
26.896: Application time: 0.0004700 seconds
26.896: [GC26.896: [ParNew: 5888K->600K(6144K), 0.0017100 secs] 12513K->12499K(21888K), 0.0017440 secs] [Times: user=0.01 sys=0.00, real=0.00 secs] 
26.898: Total time for which application threads were stopped: 0.0020880 seconds, Stopping threads took: 0.0002910 seconds
26.975: Application time: 0.0772690 seconds
26.998: [CMS-concurrent-abortable-preclean: 0.000/0.200 secs] [Times: user=1.39 sys=0.02, real=0.20 secs] 
27.016: [GC27.016: [ParNew: 5987K->5987K(6144K), 0.0000130 secs]27.016: [CMS (concurrent mode failure): 11899K->2840K(15744K), 0.0059390 secs] 17886K->2840K(21888K), [CMS Perm : 5107K->5107K(21248K)], 0.0059980 secs] [Times: user=0.00 sys=0.00, real=0.01 secs] 
27.022: Total time for which application threads were stopped: 0.0468480 seconds, Stopping threads took: 0.0407580 seconds
27.023: Application time: 0.0012270 seconds
27.063: [GC27.063: [ParNew: 5466K->630K(6144K), 0.0012320 secs] 8306K->6603K(21888K), 0.0012630 secs] [Times: user=0.01 sys=0.00, real=0.00 secs] 
27.064: Total time for which application threads were stopped: 0.0414280 seconds, Stopping threads took: 0.0401070 seconds
27.065: Application time: 0.0000690 seconds
27.065: [GC [1 CMS-initial-mark: 5973K(15744K)] 7784K(21888K), 0.0000890 secs] [Times: user=0.00 sys=0.00, real=0.00 secs] 
27.065: Total time for which application threads were stopped: 0.0001940 seconds, Stopping threads took: 0.0000830 seconds
27.065: [CMS-concurrent-mark-start]
27.071: [CMS-concurrent-mark: 0.006/0.006 secs] [Times: user=0.02 sys=0.00, real=0.01 secs] 
27.071: [CMS-concurrent-preclean-start]
27.071: [CMS-concurrent-preclean: 0.000/0.000 secs] [Times: user=0.00 sys=0.00, real=0.00 secs] 
27.071: [CMS-concurrent-abortable-preclean-start]
27.143: Application time: 0.0779730 seconds
27.153: [GC27.153: [ParNew: 5982K->418K(6144K), 0.0005130 secs] 11956K->6427K(21888K), 0.0005450 secs] [Times: user=0.00 sys=0.00, real=0.00 secs] 
27.153: Total time for which application threads were stopped: 0.0107580 seconds, Stopping threads took: 0.0101540 seconds
27.154: Application time: 0.0006770 seconds
27.202: [GC27.202: [ParNew: 5901K->630K(6144K), 0.0014440 secs] 11910K->10772K(21888K), 0.0014720 secs] [Times: user=0.01 sys=0.00, real=0.00 secs] 
27.203: Total time for which application threads were stopped: 0.0489240 seconds, Stopping threads took: 0.0474030 seconds
27.280: Application time: 0.0773570 seconds
27.285: [GC27.285: [ParNew: 6115K->6115K(6144K), 0.0000150 secs]27.285: [CMS27.285: [CMS-concurrent-abortable-preclean: 0.001/0.214 secs] [Times: user=1.34 sys=0.03, real=0.21 secs] 
 (concurrent mode failure): 10141K->2840K(15744K), 0.0058920 secs] 16257K->2840K(21888K), [CMS Perm : 5107K->5107K(21248K)], 0.0059640 secs] [Times: user=0.00 sys=0.00, real=0.01 secs] 
27.291: Total time for which application threads were stopped: 0.0105260 seconds, Stopping threads took: 0.0044730 seconds
27.292: Application time: 0.0010140 seconds
27.332: [GC27.332: [ParNew: 5485K->502K(6144K), 0.0018810 secs] 8325K->8240K(21888K), 0.0019150 secs] [Times: user=0.01 sys=0.00, real=0.00 secs] 
27.334: Total time for which application threads were stopped: 0.0417710 seconds, Stopping threads took: 0.0397860 seconds
27.334: Application time: 0.0000510 seconds
27.334: [GC [1 CMS-initial-mark: 7737K(15744K)] 8537K(21888K), 0.0000890 secs] [Times: user=0.00 sys=0.00, real=0.00 secs] 
27.334: Total time for which application threads were stopped: 0.0002610 seconds, Stopping threads took: 0.0001400 seconds
27.334: [CMS-concurrent-mark-start]
27.337: [CMS-concurrent-mark: 0.003/0.003 secs] [Times: user=0.02 sys=0.00, real=0.00 secs] 
27.337: [CMS-concurrent-preclean-start]
27.338: [CMS-concurrent-preclean: 0.000/0.000 secs] [Times: user=0.00 sys=0.00, real=0.00 secs] 
27.338: [CMS-concurrent-abortable-preclean-start]
27.424: Application time: 0.0896110 seconds
27.466: [GC27.466: [ParNew: 5694K->406K(6144K), 0.0005850 secs] 13432K->8147K(21888K), 0.0006150 secs] [Times: user=0.00 sys=0.00, real=0.00 secs] 
27.467: Total time for which application threads were stopped: 0.0433480 seconds, Stopping threads took: 0.0426580 seconds
27.468: Application time: 0.0005660 seconds
27.468: [GC27.468: [ParNew: 5890K->600K(6144K), 0.0016930 secs] 13631K->13614K(21888K), 0.0017300 secs] [Times: user=0.01 sys=0.00, real=0.00 secs] 
27.470: Total time for which application threads were stopped: 0.0022050 seconds, Stopping threads took: 0.0004210 seconds
27.548: Application time: 0.0786110 seconds
27.570: [CMS-concurrent-abortable-preclean: 0.000/0.233 secs] [Times: user=1.50 sys=0.05, real=0.24 secs] 
27.589: [GC27.589: [ParNew: 5987K->5987K(6144K), 0.0000140 secs]27.589: [CMS (concurrent mode failure): 13014K->2840K(15744K), 0.0065600 secs] 19002K->2840K(21888K), [CMS Perm : 5107K->5107K(21248K)], 0.0066130 secs] [Times: user=0.00 sys=0.00, real=0.00 secs] 
27.595: Total time for which application threads were stopped: 0.0467290 seconds, Stopping threads took: 0.0400260 seconds
27.596: Application time: 0.0011290 seconds
27.650: [GC27.650: [ParNew: 5483K->600K(6144K), 0.0011700 secs] 8323K->6966K(21888K), 0.0012010 secs] [Times: user=0.01 sys=0.00, real=0.00 secs] 
27.651: Total time for which application threads were stopped: 0.0549490 seconds, Stopping threads took: 0.0536950 seconds
27.651: Application time: 0.0001000 seconds
27.691: [GC [1 CMS-initial-mark: 6366K(15744K)] 8150K(21888K), 0.0001100 secs] [Times: user=0.00 sys=0.00, real=0.00 secs] 
27.692: Total time for which application threads were stopped: 0.0401950 seconds, Stopping threads took: 0.0400590 seconds
27.692: [CMS-concurrent-mark-start]
27.695: [CMS-concurrent-mark: 0.004/0.004 secs] [Times: user=0.03 sys=0.00, real=0.00 secs] 
27.695: [CMS-concurrent-preclean-start]
27.696: [CMS-concurrent-preclean: 0.000/0.000 secs] [Times: user=0.00 sys=0.00, real=0.00 secs] 
27.696: [CMS-concurrent-abortable-preclean-start]
27.696: Application time: 0.0045080 seconds
27.769: [GC27.769: [ParNew: 6085K->598K(6144K), 0.0007370 secs] 12451K->8136K(21888K), 0.0007720 secs] [Times: user=0.01 sys=0.00, real=0.00 secs] 
27.770: Total time for which application threads were stopped: 0.0738900 seconds, Stopping threads took: 0.0730600 seconds
27.771: Application time: 0.0007870 seconds
27.821: [GC27.821: [ParNew: 6083K->600K(6144K), 0.0015730 secs] 13622K->12635K(21888K), 0.0016120 secs] [Times: user=0.01 sys=0.00, real=0.00 secs] 
27.823: Total time for which application threads were stopped: 0.0523730 seconds, Stopping threads took: 0.0506940 seconds
27.901: Application time: 0.0779680 seconds
27.923: [CMS-concurrent-abortable-preclean: 0.000/0.228 secs] [Times: user=1.24 sys=0.08, real=0.23 secs] 
27.942: [GC27.942: [ParNew: 5988K->5988K(6144K), 0.0000120 secs]27.942: [CMS (concurrent mode failure): 12035K->2059K(15744K), 0.0056330 secs] 18023K->2059K(21888K), [CMS Perm : 5107K->5107K(21248K)], 0.0056880 secs] [Times: user=0.01 sys=0.00, real=0.01 secs] 
27.948: Total time for which application threads were stopped: 0.0470750 seconds, Stopping threads took: 0.0413220 seconds
27.949: Application time: 0.0011640 seconds
28.001: [GC28.001: [ParNew: 5368K->630K(6144K), 0.0012700 secs] 7428K->6020K(21888K), 0.0013010 secs] [Times: user=0.01 sys=0.00, real=0.00 secs] 
28.003: Total time for which application threads were stopped: 0.0533460 seconds, Stopping threads took: 0.0519680 seconds
28.003: Application time: 0.0000430 seconds
28.043: [GC [1 CMS-initial-mark: 5389K(15744K)] 6319K(21888K), 0.0001020 secs] [Times: user=0.00 sys=0.00, real=0.00 secs] 
28.043: Total time for which application threads were stopped: 0.0400280 seconds, Stopping threads took: 0.0398820 seconds
28.043: [CMS-concurrent-mark-start]
28.044: Application time: 0.0010850 seconds
28.120: [GC28.120: [ParNew: 6115K->500K(6144K), 0.0009060 secs] 11505K->7291K(21888K), 0.0009390 secs] [Times: user=0.00 sys=0.00, real=0.00 secs] 
28.121: Total time for which application threads were stopped: 0.0768810 seconds, Stopping threads took: 0.0758570 seconds
28.122: Application time: 0.0009440 seconds
28.188: [GC28.188: [ParNew: 5986K->596K(6144K), 0.0014110 secs] 12777K->10905K(21888K), 0.0014500 secs] [Times: user=0.01 sys=0.00, real=0.00 secs] 
28.189: Total time for which application threads were stopped: 0.0674660 seconds, Stopping threads took: 0.0659310 seconds
28.192: [CMS-concurrent-mark: 0.005/0.149 secs] [Times: user=0.56 sys=0.08, real=0.15 secs] 
28.192: [CMS-concurrent-preclean-start]
28.192: [CMS-concurrent-preclean: 0.000/0.000 secs] [Times: user=0.00 sys=0.00, real=0.00 secs] 
28.192: [CMS-concurrent-abortable-preclean-start]
28.266: Application time: 0.0767280 seconds
28.270: [GC28.270: [ParNew: 6081K->600K(6144K), 0.0006220 secs] 16391K->11300K(21888K), 0.0006540 secs] [Times: user=0.01 sys=0.00, real=0.00 secs] 
28.270: Total time for which application threads were stopped: 0.0045260 seconds, Stopping threads took: 0.0037920 seconds
28.271: Application time: 0.0005170 seconds
28.311: [GC28.311: [ParNew: 5792K->602K(6144K), 0.0016250 secs] 16493K->15795K(21888K), 0.0016540 secs] [Times: user=0.01 sys=0.00, real=0.00 secs] 
28.313: Total time for which application threads were stopped: 0.0417680 seconds, Stopping threads took: 0.0400610 seconds
28.313: [CMS-concurrent-abortable-preclean: 0.000/0.120 secs] [Times: user=0.68 sys=0.02, real=0.12 secs] 
28.313: Application time: 0.0001670 seconds
28.313: [GC[YG occupancy: 2174 K (6144 K)]28.313: [Rescan (parallel) , 0.0003840 secs]28.314: [weak refs processing, 0.0000060 secs]28.314: [scrub string table, 0.0001030 secs] [1 CMS-remark: 15193K(15744K)] 17368K(21888K), 0.0005160 secs] [Times: user=0.00 sys=0.00, real=0.00 secs] 
28.314: Total time for which application threads were stopped: 0.0009950 seconds, Stopping threads took: 0.0004570 seconds
28.314: [CMS-concurrent-sweep-start]
28.315: [CMS-concurrent-sweep: 0.001/0.001 secs] [Times: user=0.00 sys=0.00, real=0.00 secs] 
28.315: [CMS-concurrent-reset-start]
28.315: [CMS-concurrent-reset: 0.000/0.000 secs] [Times: user=0.00 sys=0.00, real=0.00 secs] 
28.392: Application time: 0.0777130 seconds
28.433: [GC28.433: [ParNew: 5989K->5989K(6144K), 0.0000130 secs]28.433: [CMS: 12624K->2059K(15744K), 0.0056460 secs] 18614K->2059K(21888K), [CMS Perm : 5107K->5107K(21248K)], 0.0057130 secs] [Times: user=0.01 sys=0.00, real=0.00 secs] 
28.439: Total time for which application threads were stopped: 0.0473860 seconds, Stopping threads took: 0.0415870 seconds
28.440: Application time: 0.0011260 seconds
28.480: [GC28.480: [ParNew: 5466K->630K(6144K), 0.0015220 secs] 7525K->7196K(21888K), 0.0015620 secs] [Times: user=0.01 sys=0.00, real=0.00 secs] 
28.482: Total time for which application threads were stopped: 0.0416250 seconds, Stopping threads took: 0.0399830 seconds
28.482: Application time: 0.0000900 seconds
28.482: [GC [1 CMS-initial-mark: 6566K(15744K)] 8669K(21888K), 0.0001120 secs] [Times: user=0.00 sys=0.00, real=0.00 secs] 
28.482: Total time for which application threads were stopped: 0.0004680 seconds, Stopping threads took: 0.0003080 seconds
28.482: [CMS-concurrent-mark-start]
28.486: [CMS-concurrent-mark: 0.003/0.003 secs] [Times: user=0.02 sys=0.00, real=0.00 secs] 
28.486: [CMS-concurrent-preclean-start]
28.486: [CMS-concurrent-preclean: 0.000/0.000 secs] [Times: user=0.00 sys=0.00, real=0.00 secs] 
28.486: [CMS-concurrent-abortable-preclean-start]
28.573: Application time: 0.0907730 seconds
28.613: [GC28.613: [ParNew: 6096K->434K(6144K), 0.0006550 secs] 12662K->7423K(21888K), 0.0006920 secs] [Times: user=0.00 sys=0.00, real=0.00 secs] 
28.614: Total time for which application threads were stopped: 0.0406690 seconds, Stopping threads took: 0.0398960 seconds
28.615: Application time: 0.0008060 seconds
28.654: [GC28.654: [ParNew: 5928K->610K(6144K), 0.0016530 secs] 12917K->12217K(21888K), 0.0016840 secs] [Times: user=0.01 sys=0.00, real=0.00 secs] 
28.656: Total time for which application threads were stopped: 0.0415470 seconds, Stopping threads took: 0.0397800 seconds
28.734: Application time: 0.0776720 seconds
28.737: [GC28.737: [ParNew: 6066K->6066K(6144K), 0.0000130 secs]28.737: [CMS28.737: [CMS-concurrent-abortable-preclean: 0.000/0.252 secs] [Times: user=1.49 sys=0.06, real=0.25 secs] 
 (concurrent mode failure): 11607K->3231K(15744K), 0.0058780 secs] 17674K->3231K(21888K), [CMS Perm : 5107K->5107K(21248K)], 0.0059450 secs] [Times: user=0.00 sys=0.00, real=0.01 secs] 
28.743: Total time for which application threads were stopped: 0.0095300 seconds, Stopping threads took: 0.0034950 seconds
28.745: Application time: 0.0012870 seconds
28.798: [GC28.798: [ParNew: 5485K->600K(6144K), 0.0019250 secs] 8717K->7455K(21888K), 0.0019560 secs] [Times: user=0.01 sys=0.00, real=0.01 secs] 
28.800: Total time for which application threads were stopped: 0.0555770 seconds, Stopping threads took: 0.0535660 seconds
28.800: Application time: 0.0000460 seconds
28.841: [GC [1 CMS-initial-mark: 6855K(15744K)] 7652K(21888K), 0.0001000 secs] [Times: user=0.00 sys=0.00, real=0.00 secs] 
28.841: Total time for which application threads were stopped: 0.0411600 seconds, Stopping threads took: 0.0410130 seconds
28.841: [CMS-concurrent-mark-start]
28.855: [CMS-concurrent-mark: 0.014/0.014 secs] [Times: user=0.11 sys=0.00, real=0.01 secs] 
28.856: [CMS-concurrent-preclean-start]
28.856: [CMS-concurrent-preclean: 0.000/0.000 secs] [Times: user=0.00 sys=0.00, real=0.00 secs] 
28.856: [CMS-concurrent-abortable-preclean-start]
28.918: Application time: 0.0767240 seconds
28.928: [GC28.929: [ParNew: 6085K->14K(6144K), 0.0004700 secs] 12940K->6870K(21888K), 0.0005050 secs] [Times: user=0.01 sys=0.00, real=0.00 secs] 
28.929: Total time for which application threads were stopped: 0.0109390 seconds, Stopping threads took: 0.0103540 seconds
28.929: Application time: 0.0004830 seconds
28.930: [GC28.930: [ParNew: 5507K->608K(6144K), 0.0014750 secs] 12363K->12351K(21888K), 0.0015060 secs] [Times: user=0.01 sys=0.00, real=0.00 secs] 
28.931: Total time for which application threads were stopped: 0.0019340 seconds, Stopping threads took: 0.0003680 seconds
29.010: Application time: 0.0781550 seconds
29.032: [CMS-concurrent-abortable-preclean: 0.000/0.176 secs] [Times: user=1.21 sys=0.01, real=0.18 secs] 
29.051: [GC29.051: [ParNew: 5946K->5946K(6144K), 0.0000120 secs]29.051: [CMS (concurrent mode failure): 11743K->2254K(15744K), 0.0057940 secs] 17690K->2254K(21888K), [CMS Perm : 5108K->5108K(21248K)], 0.0058500 secs] [Times: user=0.01 sys=0.00, real=0.00 secs] 
29.057: Total time for which application threads were stopped: 0.0475100 seconds, Stopping threads took: 0.0415740 seconds
29.058: Application time: 0.0008670 seconds
29.098: [GC29.098: [ParNew: 5388K->602K(6144K), 0.0014790 secs] 7642K->7363K(21888K), 0.0015180 secs] [Times: user=0.01 sys=0.00, real=0.00 secs] 
29.099: Total time for which application threads were stopped: 0.0413450 seconds, Stopping threads took: 0.0397640 seconds
29.099: Application time: 0.0000520 seconds
29.100: [GC [1 CMS-initial-mark: 6761K(15744K)] 7854K(21888K), 0.0001030 secs] [Times: user=0.00 sys=0.00, real=0.00 secs] 
29.100: Total time for which application threads were stopped: 0.0004430 seconds, Stopping threads took: 0.0003140 seconds
29.100: [CMS-concurrent-mark-start]
29.106: [CMS-concurrent-mark: 0.006/0.006 secs] [Times: user=0.04 sys=0.00, real=0.00 secs] 
29.106: [CMS-concurrent-preclean-start]
29.106: [CMS-concurrent-preclean: 0.000/0.000 secs] [Times: user=0.00 sys=0.00, real=0.00 secs] 
29.106: [CMS-concurrent-abortable-preclean-start]
29.187: Application time: 0.0871970 seconds
29.230: [GC29.230: [ParNew: 6087K->14K(6144K), 0.0005860 secs] 12849K->6776K(21888K), 0.0006200 secs] [Times: user=0.00 sys=0.00, real=0.00 secs] 
29.230: Total time for which application threads were stopped: 0.0432050 seconds, Stopping threads took: 0.0425090 seconds
29.231: Application time: 0.0006930 seconds
29.231: [GC29.231: [ParNew: 5507K->610K(6144K), 0.0015290 secs] 12270K->12255K(21888K), 0.0015570 secs] [Times: user=0.01 sys=0.00, real=0.00 secs] 
29.233: Total time for which application threads were stopped: 0.0019900 seconds, Stopping threads took: 0.0003830 seconds
29.311: Application time: 0.0785990 seconds
29.333: [CMS-concurrent-abortable-preclean: 0.000/0.227 secs] [Times: user=1.45 sys=0.04, real=0.23 secs] 
29.352: [GC29.352: [ParNew: 6066K->6066K(6144K), 0.0000130 secs]29.352: [CMS (concurrent mode failure): 11645K->2450K(15744K), 0.0057820 secs] 17711K->2450K(21888K), [CMS Perm : 5108K->5108K(21248K)], 0.0058330 secs] [Times: user=0.00 sys=0.00, real=0.00 secs] 
29.357: Total time for which application threads were stopped: 0.0459740 seconds, Stopping threads took: 0.0400800 seconds
29.359: Application time: 0.0010210 seconds
29.398: [GC29.398: [ParNew: 5387K->598K(6144K), 0.0015130 secs] 7838K->7554K(21888K), 0.0015390 secs] [Times: user=0.01 sys=0.00, real=0.01 secs] 
29.400: Total time for which application threads were stopped: 0.0414940 seconds, Stopping threads took: 0.0399070 seconds
29.400: Application time: 0.0000680 seconds
29.400: [GC [1 CMS-initial-mark: 6956K(15744K)] 8834K(21888K), 0.0001080 secs] [Times: user=0.00 sys=0.00, real=0.00 secs] 
29.400: Total time for which application threads were stopped: 0.0003090 seconds, Stopping threads took: 0.0001770 seconds
29.400: [CMS-concurrent-mark-start]
29.404: [CMS-concurrent-mark: 0.004/0.004 secs] [Times: user=0.03 sys=0.00, real=0.00 secs] 
29.404: [CMS-concurrent-preclean-start]
29.404: [CMS-concurrent-preclean: 0.000/0.000 secs] [Times: user=0.00 sys=0.00, real=0.00 secs] 
29.404: [CMS-concurrent-abortable-preclean-start]
29.487: Application time: 0.0870220 seconds
29.530: [GC29.530: [ParNew: 5966K->44K(6144K), 0.0006250 secs] 12923K->7001K(21888K), 0.0006600 secs] [Times: user=0.00 sys=0.00, real=0.00 secs] 
29.531: Total time for which application threads were stopped: 0.0435020 seconds, Stopping threads took: 0.0427670 seconds
29.532: Application time: 0.0006530 seconds
29.532: [GC29.532: [ParNew: 5528K->630K(6144K), 0.0016340 secs] 12485K->12470K(21888K), 0.0016680 secs] [Times: user=0.01 sys=0.00, real=0.00 secs] 
29.534: Total time for which application threads were stopped: 0.0019380 seconds, Stopping threads took: 0.0001970 seconds
29.622: Application time: 0.0880790 seconds
29.634: [CMS-concurrent-abortable-preclean: 0.000/0.230 secs] [Times: user=1.55 sys=0.04, real=0.23 secs] 
29.677: [GC29.677: [ParNew: 6115K->6115K(6144K), 0.0000140 secs]29.677: [CMS (concurrent mode failure): 11840K->1473K(15744K), 0.0062370 secs] 17956K->1473K(21888K), [CMS Perm : 5108K->5108K(21248K)], 0.0062930 secs] [Times: user=0.00 sys=0.00, real=0.01 secs] 
29.683: Total time for which application threads were stopped: 0.0613580 seconds, Stopping threads took: 0.0549730 seconds
29.684: Application time: 0.0007430 seconds
29.684: [GC29.684: [ParNew: 5485K->600K(6144K), 0.0017870 secs] 6959K->6973K(21888K), 0.0018160 secs] [Times: user=0.01 sys=0.00, real=0.00 secs] 
29.686: Total time for which application threads were stopped: 0.0023430 seconds, Stopping threads took: 0.0004530 seconds
29.686: Application time: 0.0000580 seconds
29.687: [GC [1 CMS-initial-mark: 6373K(15744K)] 7364K(21888K), 0.0000870 secs] [Times: user=0.00 sys=0.00, real=0.00 secs] 
29.687: Total time for which application threads were stopped: 0.0005250 seconds, Stopping threads took: 0.0003930 seconds
29.687: [CMS-concurrent-mark-start]
29.690: [CMS-concurrent-mark: 0.003/0.003 secs] [Times: user=0.01 sys=0.00, real=0.01 secs] 
29.690: [CMS-concurrent-preclean-start]
29.690: [CMS-concurrent-preclean: 0.000/0.000 secs] [Times: user=0.00 sys=0.00, real=0.00 secs] 
29.690: [CMS-concurrent-abortable-preclean-start]
29.783: Application time: 0.0961820 seconds
29.837: [GC29.837: [ParNew: 6085K->400K(6144K), 0.0006850 secs] 12458K->6775K(21888K), 0.0016760 secs] [Times: user=0.00 sys=0.00, real=0.00 secs] 
29.838: Total time for which application threads were stopped: 0.0556530 seconds, Stopping threads took: 0.0538690 seconds
29.839: Application time: 0.0006840 seconds
29.839: [GC29.839: [ParNew: 5867K->532K(6144K), 0.0016160 secs] 12241K->12181K(21888K), 0.0016510 secs] [Times: user=0.00 sys=0.01, real=0.01 secs] 
29.841: Total time for which application threads were stopped: 0.0018690 seconds, Stopping threads took: 0.0001640 seconds
29.919: Application time: 0.0784420 seconds
29.922: [GC29.922: [ParNew: 5920K->5920K(6144K), 0.0000130 secs]29.922: [CMS29.922: [CMS-concurrent-abortable-preclean: 0.000/0.232 secs] [Times: user=1.55 sys=0.04, real=0.23 secs] 
 (concurrent mode failure): 11648K->3817K(15744K), 0.0061570 secs] 17568K->3817K(21888K), [CMS Perm : 5108K->5108K(21248K)], 0.0062220 secs] [Times: user=0.01 sys=0.00, real=0.01 secs] 
29.929: Total time for which application threads were stopped: 0.0090560 seconds, Stopping threads took: 0.0027620 seconds
29.930: Application time: 0.0012270 seconds
29.970: [GC29.970: [ParNew: 5485K->602K(6144K), 0.0014790 secs] 9303K->8434K(21888K), 0.0015110 secs] [Times: user=0.01 sys=0.00, real=0.00 secs] 
29.971: Total time for which application threads were stopped: 0.0416620 seconds, Stopping threads took: 0.0400860 seconds
29.971: Application time: 0.0000270 seconds
30.011: [GC [1 CMS-initial-mark: 7831K(15744K)] 8631K(21888K), 0.0001010 secs] [Times: user=0.00 sys=0.00, real=0.00 secs] 
30.011: Total time for which application threads were stopped: 0.0399710 seconds, Stopping threads took: 0.0398460 seconds
30.011: [CMS-concurrent-mark-start]
30.015: [CMS-concurrent-mark: 0.004/0.004 secs] [Times: user=0.01 sys=0.00, real=0.00 secs] 
30.015: [CMS-concurrent-preclean-start]
30.015: [CMS-concurrent-preclean: 0.000/0.000 secs] [Times: user=0.00 sys=0.00, real=0.00 secs] 
30.015: [CMS-concurrent-abortable-preclean-start]
30.096: Application time: 0.0843600 seconds
30.107: [GC30.107: [ParNew: 5892K->404K(6144K), 0.0005540 secs] 13724K->8239K(21888K), 0.0005880 secs] [Times: user=0.00 sys=0.00, real=0.00 secs] 
30.107: Total time for which application threads were stopped: 0.0114450 seconds, Stopping threads took: 0.0107820 seconds
30.108: Application time: 0.0004790 seconds
30.108: [GC30.108: [ParNew: 5888K->600K(6144K), 0.0018590 secs] 13723K->13712K(21888K), 0.0018920 secs] [Times: user=0.01 sys=0.00, real=0.00 secs] 
30.110: Total time for which application threads were stopped: 0.0024550 seconds, Stopping threads took: 0.0004860 seconds
30.188: Application time: 0.0779980 seconds
30.210: [CMS-concurrent-abortable-preclean: 0.000/0.195 secs] [Times: user=1.37 sys=0.01, real=0.20 secs] 
30.231: [GC30.231: [ParNew: 6065K->6065K(6144K), 0.0000130 secs]30.231: [CMS (concurrent mode failure): 13112K->2841K(15744K), 0.0058910 secs] 19178K->2841K(21888K), [CMS Perm : 5108K->5108K(21248K)], 0.0059610 secs] [Times: user=0.01 sys=0.00, real=0.00 secs] 
30.237: Total time for which application threads were stopped: 0.0484280 seconds, Stopping threads took: 0.0423830 seconds
30.238: Application time: 0.0011780 seconds
30.278: [GC30.278: [ParNew: 5466K->628K(6144K), 0.0014770 secs] 8307K->7681K(21888K), 0.0015110 secs] [Times: user=0.01 sys=0.00, real=0.00 secs] 
30.279: Total time for which application threads were stopped: 0.0414260 seconds, Stopping threads took: 0.0398390 seconds
30.279: Application time: 0.0000460 seconds
30.320: [GC [1 CMS-initial-mark: 7052K(15744K)] 7782K(21888K), 0.0001140 secs] [Times: user=0.00 sys=0.00, real=0.00 secs] 
30.320: Total time for which application threads were stopped: 0.0407900 seconds, Stopping threads took: 0.0406480 seconds
30.320: [CMS-concurrent-mark-start]
30.323: [CMS-concurrent-mark: 0.003/0.003 secs] [Times: user=0.02 sys=0.01, real=0.00 secs] 
30.323: [CMS-concurrent-preclean-start]
30.324: [CMS-concurrent-preclean: 0.000/0.000 secs] [Times: user=0.00 sys=0.00, real=0.00 secs] 
30.324: [CMS-concurrent-abortable-preclean-start]
30.404: Application time: 0.0840080 seconds
30.411: [GC30.411: [ParNew: 5918K->402K(6144K), 0.0006310 secs] 12971K->7489K(21888K), 0.0006690 secs] [Times: user=0.00 sys=0.00, real=0.00 secs] 
30.412: Total time for which application threads were stopped: 0.0077030 seconds, Stopping threads took: 0.0069470 seconds
30.412: Application time: 0.0005370 seconds
30.413: [GC30.413: [ParNew: 5886K->600K(6144K), 0.0016410 secs] 12973K->12960K(21888K), 0.0016760 secs] [Times: user=0.01 sys=0.00, real=0.00 secs] 
30.414: Total time for which application threads were stopped: 0.0021770 seconds, Stopping threads took: 0.0004260 seconds
30.493: Application time: 0.0788940 seconds
30.515: [CMS-concurrent-abortable-preclean: 0.000/0.191 secs] [Times: user=1.35 sys=0.03, real=0.19 secs] 
30.545: [GC30.545: [ParNew: 5987K->5987K(6144K), 0.0000140 secs]30.545: [CMS (concurrent mode failure): 12360K->2841K(15744K), 0.0065910 secs] 18348K->2841K(21888K), [CMS Perm : 5108K->5108K(21248K)], 0.0066430 secs] [Times: user=0.01 sys=0.00, real=0.01 secs] 
30.552: Total time for which application threads were stopped: 0.0582520 seconds, Stopping threads took: 0.0515460 seconds
30.553: Application time: 0.0012030 seconds
30.593: [GC30.593: [ParNew: 5485K->600K(6144K), 0.0014450 secs] 8326K->7750K(21888K), 0.0014760 secs] [Times: user=0.01 sys=0.00, real=0.00 secs] 
30.595: Total time for which application threads were stopped: 0.0418540 seconds, Stopping threads took: 0.0402980 seconds
30.595: Application time: 0.0000840 seconds
30.595: [GC [1 CMS-initial-mark: 7150K(15744K)] 8637K(21888K), 0.0001030 secs] [Times: user=0.00 sys=0.00, real=0.00 secs] 
30.595: Total time for which application threads were stopped: 0.0003640 seconds, Stopping threads took: 0.0002250 seconds
30.595: [CMS-concurrent-mark-start]
30.599: [CMS-concurrent-mark: 0.004/0.004 secs] [Times: user=0.01 sys=0.00, real=0.00 secs] 
30.599: [CMS-concurrent-preclean-start]
30.599: [CMS-concurrent-preclean: 0.000/0.000 secs] [Times: user=0.00 sys=0.00, real=0.00 secs] 
30.599: [CMS-concurrent-abortable-preclean-start]
30.681: Application time: 0.0855050 seconds
30.723: [GC30.723: [ParNew: 5792K->404K(6144K), 0.0006420 secs] 12943K->7556K(21888K), 0.0006780 secs] [Times: user=0.00 sys=0.00, real=0.00 secs] 
30.724: Total time for which application threads were stopped: 0.0432660 seconds, Stopping threads took: 0.0425310 seconds
30.725: Application time: 0.0007480 seconds
30.779: [GC30.779: [ParNew: 5869K->628K(6144K), 0.0010510 secs] 13020K->10809K(21888K), 0.0010810 secs] [Times: user=0.01 sys=0.00, real=0.01 secs] 
30.780: Total time for which application threads were stopped: 0.0554190 seconds, Stopping threads took: 0.0542790 seconds
30.857: Application time: 0.0771600 seconds
30.859: [GC30.859: [ParNew: 6016K->6016K(6144K), 0.0000130 secs]30.859: [CMS30.859: [CMS-concurrent-abortable-preclean: 0.000/0.260 secs] [Times: user=1.52 sys=0.06, real=0.26 secs] 
 (concurrent mode failure): 10181K->1669K(15744K), 0.0057170 secs] 16197K->1669K(21888K), [CMS Perm : 5108K->5108K(21248K)], 0.0057810 secs] [Times: user=0.01 sys=0.00, real=0.01 secs] 
30.865: Total time for which application threads were stopped: 0.0077480 seconds, Stopping threads took: 0.0018800 seconds
30.866: Application time: 0.0009720 seconds
30.866: [GC30.866: [ParNew: 5466K->532K(6144K), 0.0015200 secs] 7135K->7099K(21888K), 0.0015530 secs] [Times: user=0.01 sys=0.00, real=0.01 secs] 
30.868: Total time for which application threads were stopped: 0.0019150 seconds, Stopping threads took: 0.0003080 seconds
30.868: Application time: 0.0001580 seconds
30.908: [GC [1 CMS-initial-mark: 6566K(15744K)] 8969K(21888K), 0.0000990 secs] [Times: user=0.00 sys=0.00, real=0.00 secs] 
30.908: Total time for which application threads were stopped: 0.0400280 seconds, Stopping threads took: 0.0399040 seconds
30.908: [CMS-concurrent-mark-start]
30.915: [CMS-concurrent-mark: 0.007/0.007 secs] [Times: user=0.03 sys=0.00, real=0.00 secs] 
30.915: [CMS-concurrent-preclean-start]
30.915: [CMS-concurrent-preclean: 0.000/0.000 secs] [Times: user=0.00 sys=0.00, real=0.00 secs] 
30.915: [CMS-concurrent-abortable-preclean-start]
30.994: Application time: 0.0859280 seconds
31.037: [GC31.037: [ParNew: 5920K->404K(6144K), 0.0003650 secs] 12487K->7003K(21888K), 0.0003970 secs] [Times: user=0.00 sys=0.00, real=0.00 secs] 
31.037: Total time for which application threads were stopped: 0.0433720 seconds, Stopping threads took: 0.0429110 seconds
31.038: Application time: 0.0005700 seconds
31.038: [GC31.038: [ParNew: 5839K->632K(6144K), 0.0014670 secs] 12437K->12423K(21888K), 0.0014970 secs] [Times: user=0.01 sys=0.00, real=0.01 secs] 
31.040: Total time for which application threads were stopped: 0.0018580 seconds, Stopping threads took: 0.0003110 seconds
31.118: Application time: 0.0783020 seconds
31.140: [CMS-concurrent-abortable-preclean: 0.000/0.225 secs] [Times: user=1.47 sys=0.03, real=0.23 secs] 
31.159: [GC31.159: [ParNew: 6048K->6048K(6144K), 0.0000140 secs]31.159: [CMS (concurrent mode failure): 11791K->2743K(15744K), 0.0056180 secs] 17839K->2743K(21888K), [CMS Perm : 5108K->5108K(21248K)], 0.0056770 secs] [Times: user=0.00 sys=0.00, real=0.01 secs] 
31.165: Total time for which application threads were stopped: 0.0466890 seconds, Stopping threads took: 0.0409480 seconds
31.166: Application time: 0.0010030 seconds
31.206: [GC31.206: [ParNew: 5387K->500K(6144K), 0.0017000 secs] 8131K->8141K(21888K), 0.0017290 secs] [Times: user=0.01 sys=0.01, real=0.00 secs] 
31.207: Total time for which application threads were stopped: 0.0414790 seconds, Stopping threads took: 0.0396980 seconds
31.207: Application time: 0.0000410 seconds
31.208: [GC [1 CMS-initial-mark: 7640K(15744K)] 8731K(21888K), 0.0001060 secs] [Times: user=0.00 sys=0.00, real=0.00 secs] 
31.208: Total time for which application threads were stopped: 0.0004240 seconds, Stopping threads took: 0.0002740 seconds
31.208: [CMS-concurrent-mark-start]
31.211: [CMS-concurrent-mark: 0.003/0.003 secs] [Times: user=0.01 sys=0.00, real=0.00 secs] 
31.211: [CMS-concurrent-preclean-start]
31.211: [CMS-concurrent-preclean: 0.000/0.000 secs] [Times: user=0.02 sys=0.00, real=0.00 secs] 
31.211: [CMS-concurrent-abortable-preclean-start]
31.296: Application time: 0.0883070 seconds
31.351: [GC31.351: [ParNew: 5966K->434K(6144K), 0.0003480 secs] 13607K->8076K(21888K), 0.0003800 secs] [Times: user=0.00 sys=0.00, real=0.00 secs] 
31.351: Total time for which application threads were stopped: 0.0552980 seconds, Stopping threads took: 0.0548420 seconds
31.352: Application time: 0.0006590 seconds
31.352: [GC31.352: [ParNew: 5920K->600K(6144K), 0.0016620 secs] 13562K->13546K(21888K), 0.0016950 secs] [Times: user=0.01 sys=0.00, real=0.00 secs] 
31.354: Total time for which application threads were stopped: 0.0021290 seconds, Stopping threads took: 0.0003780 seconds
31.432: Application time: 0.0780950 seconds
31.454: [CMS-concurrent-abortable-preclean: 0.001/0.243 secs] [Times: user=1.50 sys=0.05, real=0.24 secs] 
31.473: [GC31.473: [ParNew: 5890K->5890K(6144K), 0.0000120 secs]31.473: [CMS (concurrent mode failure): 12945K->1669K(15744K), 0.0057300 secs] 18836K->1669K(21888K), [CMS Perm : 5108K->5108K(21248K)], 0.0057890 secs] [Times: user=0.01 sys=0.00, real=0.00 secs] 
31.479: Total time for which application threads were stopped: 0.0467100 seconds, Stopping threads took: 0.0408380 seconds
31.480: Application time: 0.0010790 seconds
31.480: [GC31.480: [ParNew: 5466K->532K(6144K), 0.0014320 secs] 7136K->7099K(21888K), 0.0014600 secs] [Times: user=0.01 sys=0.00, real=0.00 secs] 
31.482: Total time for which application threads were stopped: 0.0018870 seconds, Stopping threads took: 0.0003540 seconds
31.482: Application time: 0.0001310 seconds
31.522: [GC [1 CMS-initial-mark: 6567K(15744K)] 8281K(21888K), 0.0000950 secs] [Times: user=0.00 sys=0.00, real=0.00 secs] 
31.522: Total time for which application threads were stopped: 0.0400430 seconds, Stopping threads took: 0.0399220 seconds
31.522: [CMS-concurrent-mark-start]
31.529: [CMS-concurrent-mark: 0.006/0.006 secs] [Times: user=0.04 sys=0.00, real=0.01 secs] 
31.529: [CMS-concurrent-preclean-start]
31.529: [CMS-concurrent-preclean: 0.000/0.000 secs] [Times: user=0.00 sys=0.00, real=0.00 secs] 
31.529: [CMS-concurrent-abortable-preclean-start]
31.600: Application time: 0.0778360 seconds
31.605: [GC31.605: [ParNew: 5998K->530K(6144K), 0.0006190 secs] 12565K->8106K(21888K), 0.0006540 secs] [Times: user=0.00 sys=0.00, real=0.00 secs] 
31.606: Total time for which application threads were stopped: 0.0059500 seconds, Stopping threads took: 0.0052090 seconds
31.607: Application time: 0.0008060 seconds
31.646: [GC31.646: [ParNew: 5918K->600K(6144K), 0.0018000 secs] 13494K->13185K(21888K), 0.0018320 secs] [Times: user=0.01 sys=0.00, real=0.01 secs] 
31.648: Total time for which application threads were stopped: 0.0414240 seconds, Stopping threads took: 0.0395360 seconds
31.727: Application time: 0.0789990 seconds
31.748: [CMS-concurrent-abortable-preclean: 0.000/0.220 secs] [Times: user=1.34 sys=0.04, real=0.22 secs] 
31.767: [GC31.767: [ParNew: 6085K->6085K(6144K), 0.0000130 secs]31.767: [CMS (concurrent mode failure): 12585K->2841K(15744K), 0.0066850 secs] 18671K->2841K(21888K), [CMS Perm : 5108K->5108K(21248K)], 0.0067390 secs] [Times: user=0.01 sys=0.00, real=0.01 secs] 
31.774: Total time for which application threads were stopped: 0.0467400 seconds, Stopping threads took: 0.0399210 seconds
31.775: Application time: 0.0010180 seconds
31.815: [GC31.815: [ParNew: 5483K->596K(6144K), 0.0017500 secs] 8324K->8039K(21888K), 0.0017810 secs] [Times: user=0.01 sys=0.00, real=0.00 secs] 
31.817: Total time for which application threads were stopped: 0.0419460 seconds, Stopping threads took: 0.0401100 seconds
31.817: Application time: 0.0000790 seconds
31.857: [GC [1 CMS-initial-mark: 7443K(15744K)] 8929K(21888K), 0.0001080 secs] [Times: user=0.00 sys=0.00, real=0.00 secs] 
31.857: Total time for which application threads were stopped: 0.0400850 seconds, Stopping threads took: 0.0399290 seconds
31.857: [CMS-concurrent-mark-start]
31.861: [CMS-concurrent-mark: 0.004/0.004 secs] [Times: user=0.02 sys=0.00, real=0.01 secs] 
31.861: [CMS-concurrent-preclean-start]
31.861: [CMS-concurrent-preclean: 0.000/0.000 secs] [Times: user=0.01 sys=0.00, real=0.00 secs] 
31.861: [CMS-concurrent-abortable-preclean-start]
31.945: Application time: 0.0877790 seconds
31.985: [GC31.985: [ParNew: 5788K->404K(6144K), 0.0006050 secs] 13232K->7849K(21888K), 0.0006330 secs] [Times: user=0.00 sys=0.00, real=0.00 secs] 
31.986: Total time for which application threads were stopped: 0.0407240 seconds, Stopping threads took: 0.0400170 seconds
31.986: Application time: 0.0005040 seconds
31.986: [GC31.986: [ParNew: 5888K->600K(6144K), 0.0018290 secs] 13333K->13322K(21888K), 0.0018630 secs] [Times: user=0.02 sys=0.00, real=0.01 secs] 
31.988: Total time for which application threads were stopped: 0.0023180 seconds, Stopping threads took: 0.0003800 seconds
32.066: Application time: 0.0778890 seconds
32.089: [CMS-concurrent-abortable-preclean: 0.000/0.228 secs] [Times: user=1.41 sys=0.04, real=0.23 secs] 
32.107: [GC32.107: [ParNew: 5987K->5987K(6144K), 0.0000130 secs]32.107: [CMS (concurrent mode failure): 12722K->2841K(15744K), 0.0065710 secs] 18710K->2841K(21888K), [CMS Perm : 5108K->5108K(21248K)], 0.0066260 secs] [Times: user=0.01 sys=0.00, real=0.01 secs] 
32.114: Total time for which application threads were stopped: 0.0472680 seconds, Stopping threads took: 0.0405480 seconds
32.115: Application time: 0.0012270 seconds
32.168: [GC32.168: [ParNew: 5485K->602K(6144K), 0.0017350 secs] 8327K->7753K(21888K), 0.0017730 secs] [Times: user=0.01 sys=0.00, real=0.00 secs] 
32.169: Total time for which application threads were stopped: 0.0546610 seconds, Stopping threads took: 0.0528070 seconds
32.170: Application time: 0.0001150 seconds
32.170: [GC [1 CMS-initial-mark: 7151K(15744K)] 8642K(21888K), 0.0001100 secs] [Times: user=0.00 sys=0.00, real=0.00 secs] 
32.170: Total time for which application threads were stopped: 0.0004020 seconds, Stopping threads took: 0.0002450 seconds
32.170: [CMS-concurrent-mark-start]
32.173: [CMS-concurrent-mark: 0.003/0.003 secs] [Times: user=0.02 sys=0.00, real=0.00 secs] 
32.173: [CMS-concurrent-preclean-start]
32.174: [CMS-concurrent-preclean: 0.000/0.000 secs] [Times: user=0.00 sys=0.00, real=0.00 secs] 
32.174: [CMS-concurrent-abortable-preclean-start]
32.256: Application time: 0.0862380 seconds
32.265: [GC32.265: [ParNew: 6087K->598K(6144K), 0.0006580 secs] 13238K->8926K(21888K), 0.0006960 secs] [Times: user=0.01 sys=0.00, real=0.00 secs] 
32.266: Total time for which application threads were stopped: 0.0099230 seconds, Stopping threads took: 0.0091440 seconds
32.267: Application time: 0.0009340 seconds
32.307: [GC32.307: [ParNew: 6064K->630K(6144K), 0.0018840 secs] 14393K->13353K(21888K), 0.0019220 secs] [Times: user=0.00 sys=0.00, real=0.01 secs] 
32.309: Total time for which application threads were stopped: 0.0421420 seconds, Stopping threads took: 0.0401400 seconds
32.387: Application time: 0.0780230 seconds
32.389: [GC32.389: [ParNew: 6115K->6115K(6144K), 0.0000140 secs]32.389: [CMS32.389: [CMS-concurrent-abortable-preclean: 0.000/0.215 secs] [Times: user=1.45 sys=0.03, real=0.22 secs] 
 (concurrent mode failure): 12723K->3134K(15744K), 0.0058300 secs] 18839K->3134K(21888K), [CMS Perm : 5108K->5108K(21248K)], 0.0058940 secs] [Times: user=0.00 sys=0.00, real=0.00 secs] 
32.395: Total time for which application threads were stopped: 0.0075730 seconds, Stopping threads took: 0.0015880 seconds
32.396: Application time: 0.0012920 seconds
32.436: [GC32.436: [ParNew: 5485K->600K(6144K), 0.0017020 secs] 8620K->8337K(21888K), 0.0017340 secs] [Times: user=0.01 sys=0.00, real=0.00 secs] 
32.438: Total time for which application threads were stopped: 0.0417800 seconds, Stopping threads took: 0.0399810 seconds
32.438: Application time: 0.0002220 seconds
32.478: [GC [1 CMS-initial-mark: 7737K(15744K)] 9128K(21888K), 0.0001040 secs] [Times: user=0.00 sys=0.00, real=0.00 secs] 
32.478: Total time for which application threads were stopped: 0.0399250 seconds, Stopping threads took: 0.0397850 seconds
32.478: [CMS-concurrent-mark-start]
32.482: [CMS-concurrent-mark: 0.004/0.004 secs] [Times: user=0.02 sys=0.00, real=0.01 secs] 
32.482: [CMS-concurrent-preclean-start]
32.482: [CMS-concurrent-preclean: 0.000/0.000 secs] [Times: user=0.00 sys=0.00, real=0.00 secs] 
32.482: [CMS-concurrent-abortable-preclean-start]
32.562: Application time: 0.0840460 seconds
32.568: [GC32.568: [ParNew: 5968K->434K(6144K), 0.0004360 secs] 13705K->8565K(21888K), 0.0004710 secs] [Times: user=0.00 sys=0.00, real=0.00 secs] 
32.569: Total time for which application threads were stopped: 0.0068260 seconds, Stopping threads took: 0.0062760 seconds
32.569: Application time: 0.0004750 seconds
32.609: [GC32.609: [ParNew: 5822K->600K(6144K), 0.0015870 secs] 13954K->13254K(21888K), 0.0016210 secs] [Times: user=0.01 sys=0.00, real=0.00 secs] 
32.611: Total time for which application threads were stopped: 0.0415570 seconds, Stopping threads took: 0.0398720 seconds
32.689: Application time: 0.0784890 seconds
32.711: [CMS-concurrent-abortable-preclean: 0.000/0.229 secs] [Times: user=1.39 sys=0.06, real=0.23 secs] 
32.730: [GC32.730: [ParNew: 6066K->6066K(6144K), 0.0000130 secs]32.730: [CMS (concurrent mode failure): 12654K->2060K(15744K), 0.0052700 secs] 18720K->2060K(21888K), [CMS Perm : 5108K->5108K(21248K)], 0.0053280 secs] [Times: user=0.01 sys=0.00, real=0.00 secs] 
32.735: Total time for which application threads were stopped: 0.0455440 seconds, Stopping threads took: 0.0401510 seconds
32.736: Application time: 0.0009570 seconds
32.736: [GC32.736: [ParNew: 5483K->598K(6144K), 0.0015140 secs] 7543K->7557K(21888K), 0.0015420 secs] [Times: user=0.01 sys=0.00, real=0.00 secs] 
32.738: Total time for which application threads were stopped: 0.0018620 seconds, Stopping threads took: 0.0002680 seconds
32.738: Application time: 0.0000730 seconds
32.738: [GC [1 CMS-initial-mark: 6959K(15744K)] 8739K(21888K), 0.0001040 secs] [Times: user=0.00 sys=0.00, real=0.00 secs] 
32.738: Total time for which application threads were stopped: 0.0002640 seconds, Stopping threads took: 0.0001330 seconds
32.738: [CMS-concurrent-mark-start]
32.742: [CMS-concurrent-mark: 0.004/0.004 secs] [Times: user=0.01 sys=0.00, real=0.01 secs] 
32.742: [CMS-concurrent-preclean-start]
32.742: [CMS-concurrent-preclean: 0.000/0.000 secs] [Times: user=0.00 sys=0.00, real=0.00 secs] 
32.742: [CMS-concurrent-abortable-preclean-start]
32.824: Application time: 0.0863200 seconds
32.864: [GC32.864: [ParNew: 6083K->596K(6144K), 0.0006930 secs] 13043K->7947K(21888K), 0.0007240 secs] [Times: user=0.00 sys=0.01, real=0.00 secs] 
32.865: Total time for which application threads were stopped: 0.0402410 seconds, Stopping threads took: 0.0394450 seconds
32.866: Application time: 0.0008900 seconds
32.906: [GC32.906: [ParNew: 5964K->532K(6144K), 0.0016350 secs] 13316K->12571K(21888K), 0.0016710 secs] [Times: user=0.01 sys=0.01, real=0.00 secs] 
32.907: Total time for which application threads were stopped: 0.0417500 seconds, Stopping threads took: 0.0400010 seconds
32.985: Application time: 0.0778330 seconds
32.989: [GC32.989: [ParNew: 5920K->5920K(6144K), 0.0000130 secs]32.989: [CMS32.989: [CMS-concurrent-abortable-preclean: 0.000/0.247 secs] [Times: user=1.49 sys=0.05, real=0.25 secs] 
 (concurrent mode failure): 12039K->3232K(15744K), 0.0052150 secs] 17959K->3232K(21888K), [CMS Perm : 5108K->5108K(21248K)], 0.0052780 secs] [Times: user=0.01 sys=0.00, real=0.00 secs] 
32.995: Total time for which application threads were stopped: 0.0094250 seconds, Stopping threads took: 0.0040580 seconds
32.996: Application time: 0.0012740 seconds
33.051: [GC33.051: [ParNew: 5466K->630K(6144K), 0.0015280 secs] 8698K->7386K(21888K), 0.0015640 secs] [Times: user=0.01 sys=0.00, real=0.00 secs] 
33.053: Total time for which application threads were stopped: 0.0568190 seconds, Stopping threads took: 0.0551770 seconds
33.053: Application time: 0.0000610 seconds
33.093: [GC [1 CMS-initial-mark: 6756K(15744K)] 7490K(21888K), 0.0001060 secs] [Times: user=0.00 sys=0.00, real=0.00 secs] 
33.093: Total time for which application threads were stopped: 0.0399430 seconds, Stopping threads took: 0.0397900 seconds
33.093: [CMS-concurrent-mark-start]
33.096: [CMS-concurrent-mark: 0.003/0.003 secs] [Times: user=0.03 sys=0.00, real=0.00 secs] 
33.096: [CMS-concurrent-preclean-start]
33.096: [CMS-concurrent-preclean: 0.000/0.000 secs] [Times: user=0.00 sys=0.00, real=0.00 secs] 
33.096: [CMS-concurrent-abortable-preclean-start]
33.097: Application time: 0.0039060 seconds
33.170: [GC33.170: [ParNew: 6115K->600K(6144K), 0.0006480 secs] 12872K->7782K(21888K), 0.0006850 secs] [Times: user=0.00 sys=0.00, real=0.00 secs] 
33.171: Total time for which application threads were stopped: 0.0740860 seconds, Stopping threads took: 0.0733070 seconds
33.172: Application time: 0.0010860 seconds
33.244: [GC33.244: [ParNew: 6062K->630K(6144K), 0.0004820 secs] 13245K->8206K(21888K), 0.0005110 secs] [Times: user=0.00 sys=0.00, real=0.00 secs] 
33.244: Total time for which application threads were stopped: 0.0726150 seconds, Stopping threads took: 0.0720270 seconds
33.245: Application time: 0.0004520 seconds
33.285: [GC33.285: [ParNew: 5823K->602K(6144K), 0.0015670 secs] 13399K->12699K(21888K), 0.0016060 secs] [Times: user=0.01 sys=0.01, real=0.00 secs] 
33.287: Total time for which application threads were stopped: 0.0417260 seconds, Stopping threads took: 0.0400440 seconds
33.364: Application time: 0.0776910 seconds
33.367: [GC33.367: [ParNew: 5970K->5970K(6144K), 0.0000130 secs]33.367: [CMS33.367: [CMS-concurrent-abortable-preclean: 0.001/0.271 secs] [Times: user=1.45 sys=0.13, real=0.27 secs] 
 (concurrent mode failure): 12097K->3037K(15744K), 0.0053320 secs] 18067K->3037K(21888K), [CMS Perm : 5108K->5108K(21248K)], 0.0053970 secs] [Times: user=0.00 sys=0.00, real=0.01 secs] 
33.372: Total time for which application threads were stopped: 0.0080770 seconds, Stopping threads took: 0.0025910 seconds
33.373: Application time: 0.0011360 seconds
33.426: [GC33.426: [ParNew: 5387K->500K(6144K), 0.0014550 secs] 8425K->7847K(21888K), 0.0014900 secs] [Times: user=0.01 sys=0.00, real=0.00 secs] 
33.427: Total time for which application threads were stopped: 0.0538810 seconds, Stopping threads took: 0.0523140 seconds
33.428: Application time: 0.0001790 seconds
33.467: [GC [1 CMS-initial-mark: 7346K(15744K)] 8933K(21888K), 0.0000960 secs] [Times: user=0.00 sys=0.00, real=0.00 secs] 
33.468: Total time for which application threads were stopped: 0.0399970 seconds, Stopping threads took: 0.0398730 seconds
33.468: [CMS-concurrent-mark-start]
33.471: [CMS-concurrent-mark: 0.004/0.004 secs] [Times: user=0.01 sys=0.00, real=0.00 secs] 
33.471: [CMS-concurrent-preclean-start]
33.471: [CMS-concurrent-preclean: 0.000/0.000 secs] [Times: user=0.00 sys=0.00, real=0.00 secs] 
33.471: [CMS-concurrent-abortable-preclean-start]
33.553: Application time: 0.0854310 seconds
33.560: [GC33.560: [ParNew: 5673K->432K(6144K), 0.0006530 secs] 13020K->7782K(21888K), 0.0006870 secs] [Times: user=0.00 sys=0.00, real=0.00 secs] 
33.560: Total time for which application threads were stopped: 0.0072710 seconds, Stopping threads took: 0.0065090 seconds
33.561: Application time: 0.0004940 seconds
33.561: [GC33.561: [ParNew: 5916K->602K(6144K), 0.0017390 secs] 13266K->13256K(21888K), 0.0017730 secs] [Times: user=0.01 sys=0.00, real=0.00 secs] 
33.563: Total time for which application threads were stopped: 0.0021790 seconds, Stopping threads took: 0.0003520 seconds
33.642: Application time: 0.0786690 seconds
33.643: [GC33.643: [ParNew: 6087K->6087K(6144K), 0.0000150 secs]33.643: [CMS33.643: [CMS-concurrent-abortable-preclean: 0.000/0.172 secs] [Times: user=1.34 sys=0.02, real=0.17 secs] 
 (concurrent mode failure): 12654K->4013K(15744K), 0.0061870 secs] 18741K->4013K(21888K), [CMS Perm : 5108K->5108K(21248K)], 0.0062510 secs] [Times: user=0.01 sys=0.00, real=0.01 secs] 
33.649: Total time for which application threads were stopped: 0.0075500 seconds, Stopping threads took: 0.0012290 seconds
33.650: Application time: 0.0012530 seconds
33.704: [GC33.704: [ParNew: 5485K->602K(6144K), 0.0015080 secs] 9499K->8630K(21888K), 0.0015390 secs] [Times: user=0.01 sys=0.00, real=0.00 secs] 
33.706: Total time for which application threads were stopped: 0.0553200 seconds, Stopping threads took: 0.0536980 seconds
33.706: Application time: 0.0001550 seconds
33.760: [GC [1 CMS-initial-mark: 8028K(15744K)] 8834K(21888K), 0.0001070 secs] [Times: user=0.00 sys=0.00, real=0.00 secs] 
33.760: Total time for which application threads were stopped: 0.0539120 seconds, Stopping threads took: 0.0537790 seconds
33.760: [CMS-concurrent-mark-start]
33.761: Application time: 0.0013240 seconds
33.833: [GC33.833: [ParNew: 6087K->598K(6144K), 0.0012040 secs] 14116K->10973K(21888K), 0.0012360 secs] [Times: user=0.00 sys=0.00, real=0.00 secs] 
33.834: Total time for which application threads were stopped: 0.0727470 seconds, Stopping threads took: 0.0714460 seconds
33.835: Application time: 0.0009430 seconds
33.910: [GC33.910: [ParNew: 6083K->600K(6144K), 0.0013780 secs] 16458K->14493K(21888K), 0.0014240 secs] [Times: user=0.01 sys=0.00, real=0.00 secs] 
33.912: Total time for which application threads were stopped: 0.0770970 seconds, Stopping threads took: 0.0755900 seconds
33.915: [CMS-concurrent-mark: 0.005/0.155 secs] [Times: user=0.57 sys=0.10, real=0.15 secs] 
33.915: [CMS-concurrent-preclean-start]
33.915: [CMS-concurrent-preclean: 0.000/0.000 secs] [Times: user=0.00 sys=0.00, real=0.00 secs] 
33.915: [CMS-concurrent-abortable-preclean-start]
33.915: [CMS-concurrent-abortable-preclean: 0.000/0.000 secs] [Times: user=0.00 sys=0.00, real=0.00 secs] 
33.915: Application time: 0.0032720 seconds
33.989: [GC[YG occupancy: 4032 K (6144 K)]33.989: [Rescan (parallel) , 0.0003380 secs]33.989: [weak refs processing, 0.0000070 secs]33.989: [scrub string table, 0.0001320 secs] [1 CMS-remark: 13893K(15744K)] 17926K(21888K), 0.0005120 secs] [Times: user=0.00 sys=0.00, real=0.00 secs] 
33.989: Total time for which application threads were stopped: 0.0742490 seconds, Stopping threads took: 0.0736810 seconds
33.990: [CMS-concurrent-sweep-start]
33.990: Application time: 0.0004390 seconds
34.030: [GC34.030: [ParNew: 5988K->5988K(6144K), 0.0000100 secs]34.030: [CMS34.030: [CMS-concurrent-sweep: 0.001/0.041 secs] [Times: user=0.07 sys=0.02, real=0.04 secs] 
 (concurrent mode failure): 13893K->3232K(15744K), 0.0054350 secs] 19881K->3232K(21888K), [CMS Perm : 5108K->5108K(21248K)], 0.0054880 secs] [Times: user=0.00 sys=0.00, real=0.00 secs] 
34.035: Total time for which application threads were stopped: 0.0455560 seconds, Stopping threads took: 0.0399820 seconds
34.036: Application time: 0.0008200 seconds
34.037: [GC34.037: [ParNew: 5483K->596K(6144K), 0.0015650 secs] 8716K->8728K(21888K), 0.0016010 secs] [Times: user=0.01 sys=0.00, real=0.00 secs] 
34.038: Total time for which application threads were stopped: 0.0019850 seconds, Stopping threads took: 0.0003230 seconds
34.038: Application time: 0.0000860 seconds
34.079: [GC [1 CMS-initial-mark: 8132K(15744K)] 9421K(21888K), 0.0000980 secs] [Times: user=0.00 sys=0.00, real=0.00 secs] 
34.079: Total time for which application threads were stopped: 0.0405280 seconds, Stopping threads took: 0.0403860 seconds
34.079: [CMS-concurrent-mark-start]
34.083: [CMS-concurrent-mark: 0.004/0.004 secs] [Times: user=0.01 sys=0.00, real=0.01 secs] 
34.083: [CMS-concurrent-preclean-start]
34.083: [CMS-concurrent-preclean: 0.000/0.000 secs] [Times: user=0.00 sys=0.00, real=0.00 secs] 
34.083: Application time: 0.0038390 seconds
34.156: [GC[YG occupancy: 1784 K (6144 K)]34.156: [Rescan (parallel) , 0.0001850 secs]34.156: [weak refs processing, 0.0000080 secs]34.156: [scrub string table, 0.0000960 secs] [1 CMS-remark: 8132K(15744K)] 9916K(21888K), 0.0003300 secs] [Times: user=0.00 sys=0.00, real=0.00 secs] 
34.156: Total time for which application threads were stopped: 0.0734460 seconds, Stopping threads took: 0.0730780 seconds
34.156: [CMS-concurrent-sweep-start]
34.157: Application time: 0.0006410 seconds
34.157: [GC34.157: [ParNew: 6081K->602K(6144K), 0.0010390 secs] 14213K->12445K(21888K), 0.0010680 secs] [Times: user=0.00 sys=0.00, real=0.00 secs] 
34.158: Total time for which application threads were stopped: 0.0014510 seconds, Stopping threads took: 0.0003360 seconds
34.159: [CMS-concurrent-sweep: 0.001/0.003 secs] [Times: user=0.01 sys=0.00, real=0.00 secs] 
34.159: [CMS-concurrent-reset-start]
34.159: [CMS-concurrent-reset: 0.000/0.000 secs] [Times: user=0.00 sys=0.00, real=0.00 secs] 
34.236: Application time: 0.0781140 seconds
34.249: [GC34.249: [ParNew: 6087K->600K(6144K), 0.0005480 secs] 15879K->10978K(21888K), 0.0005840 secs] [Times: user=0.01 sys=0.00, real=0.00 secs] 
34.249: Total time for which application threads were stopped: 0.0127710 seconds, Stopping threads took: 0.0121160 seconds
34.249: Application time: 0.0001360 seconds
34.249: [GC [1 CMS-initial-mark: 10378K(15744K)] 12065K(21888K), 0.0001300 secs] [Times: user=0.00 sys=0.00, real=0.00 secs] 
34.250: Total time for which application threads were stopped: 0.0003050 seconds, Stopping threads took: 0.0001500 seconds
34.250: [CMS-concurrent-mark-start]
34.252: Application time: 0.0019660 seconds
34.326: [GC34.326: [ParNew: 6064K->624K(6144K), 0.0008400 secs] 16443K->11589K(21888K), 0.0008800 secs] [Times: user=0.01 sys=0.00, real=0.00 secs] 
34.327: Total time for which application threads were stopped: 0.0754940 seconds, Stopping threads took: 0.0745600 seconds
34.328: Application time: 0.0007780 seconds
34.380: [GC34.380: [ParNew: 6107K->598K(6144K), 0.0014370 secs] 17072K->15498K(21888K), 0.0014750 secs] [Times: user=0.01 sys=0.00, real=0.00 secs] 
34.382: Total time for which application threads were stopped: 0.0539430 seconds, Stopping threads took: 0.0523860 seconds
34.383: [CMS-concurrent-mark: 0.004/0.133 secs] [Times: user=0.51 sys=0.08, real=0.13 secs] 
34.383: [CMS-concurrent-preclean-start]
34.383: [CMS-concurrent-preclean: 0.000/0.000 secs] [Times: user=0.00 sys=0.00, real=0.00 secs] 
34.383: Application time: 0.0012730 seconds
34.458: [GC[YG occupancy: 2565 K (6144 K)]34.458: [Rescan (parallel) , 0.0001680 secs]34.458: [weak refs processing, 0.0000070 secs]34.458: [scrub string table, 0.0001010 secs] [1 CMS-remark: 14900K(15744K)] 17466K(21888K), 0.0003050 secs] [Times: user=0.00 sys=0.00, real=0.00 secs] 
34.458: Total time for which application threads were stopped: 0.0753340 seconds, Stopping threads took: 0.0749770 seconds
34.459: [CMS-concurrent-sweep-start]
34.459: Application time: 0.0007500 seconds
34.499: [GC34.499: [ParNew: 6083K->6083K(6144K), 0.0000110 secs]34.499: [CMS34.500: [CMS-concurrent-sweep: 0.001/0.041 secs] [Times: user=0.06 sys=0.02, real=0.05 secs] 
 (concurrent mode failure): 14900K->4795K(15744K), 0.0070160 secs] 20984K->4795K(21888K), [CMS Perm : 5108K->5108K(21248K)], 0.0070670 secs] [Times: user=0.01 sys=0.00, real=0.01 secs] 
34.506: Total time for which application threads were stopped: 0.0471430 seconds, Stopping threads took: 0.0399970 seconds
34.597: Application time: 0.0903490 seconds
34.610: [GC34.610: [ParNew: 5368K->239K(6144K), 0.0004970 secs] 10163K->5034K(21888K), 0.0005300 secs] [Times: user=0.00 sys=0.00, real=0.00 secs] 
34.611: Total time for which application threads were stopped: 0.0140660 seconds, Stopping threads took: 0.0134740 seconds
34.611: Application time: 0.0005420 seconds
34.612: [GC34.612: [ParNew: 5608K->634K(6144K), 0.0016050 secs] 10403K->10350K(21888K), 0.0016380 secs] [Times: user=0.01 sys=0.01, real=0.00 secs] 
34.613: Total time for which application threads were stopped: 0.0020640 seconds, Stopping threads took: 0.0003510 seconds
34.613: Application time: 0.0000820 seconds
34.614: [GC [1 CMS-initial-mark: 9716K(15744K)] 11531K(21888K), 0.0000980 secs] [Times: user=0.00 sys=0.00, real=0.00 secs] 
34.614: Total time for which application threads were stopped: 0.0004090 seconds, Stopping threads took: 0.0002670 seconds
34.614: [CMS-concurrent-mark-start]
34.617: [CMS-concurrent-mark: 0.003/0.003 secs] [Times: user=0.02 sys=0.00, real=0.00 secs] 
34.617: [CMS-concurrent-preclean-start]
34.617: [CMS-concurrent-preclean: 0.000/0.000 secs] [Times: user=0.00 sys=0.00, real=0.00 secs] 
34.617: [CMS-concurrent-abortable-preclean-start]
34.699: Application time: 0.0852320 seconds
34.717: [CMS-concurrent-abortable-preclean: 0.000/0.100 secs] [Times: user=0.71 sys=0.01, real=0.10 secs] 
34.742: [GC34.742: [ParNew: 6119K->6119K(6144K), 0.0000130 secs]34.742: [CMS (concurrent mode failure): 9716K->1475K(15744K), 0.0063740 secs] 15836K->1475K(21888K), [CMS Perm : 5108K->5108K(21248K)], 0.0064300 secs] [Times: user=0.01 sys=0.00, real=0.01 secs] 
34.749: Total time for which application threads were stopped: 0.0497980 seconds, Stopping threads took: 0.0432930 seconds
34.750: Application time: 0.0009090 seconds
34.750: [GC34.750: [ParNew: 5368K->630K(6144K), 0.0015650 secs] 6843K->6807K(21888K), 0.0015940 secs] [Times: user=0.00 sys=0.01, real=0.00 secs] 
34.752: Total time for which application threads were stopped: 0.0019340 seconds, Stopping threads took: 0.0002790 seconds
34.752: Application time: 0.0000410 seconds
34.752: [GC [1 CMS-initial-mark: 6177K(15744K)] 7495K(21888K), 0.0000900 secs] [Times: user=0.00 sys=0.00, real=0.00 secs] 
34.752: Total time for which application threads were stopped: 0.0002650 seconds, Stopping threads took: 0.0001360 seconds
34.752: [CMS-concurrent-mark-start]
34.755: [CMS-concurrent-mark: 0.003/0.003 secs] [Times: user=0.00 sys=0.00, real=0.00 secs] 
34.755: [CMS-concurrent-preclean-start]
34.755: [CMS-concurrent-preclean: 0.000/0.000 secs] [Times: user=0.00 sys=0.00, real=0.00 secs] 
34.755: [CMS-concurrent-abortable-preclean-start]
34.831: Application time: 0.0786210 seconds
34.841: [GC34.841: [ParNew: 6115K->598K(6144K), 0.0008250 secs] 12292K->8565K(21888K), 0.0016760 secs] [Times: user=0.01 sys=0.01, real=0.00 secs] 
34.843: Total time for which application threads were stopped: 0.0119140 seconds, Stopping threads took: 0.0101730 seconds
34.843: Application time: 0.0009670 seconds
34.883: [GC34.883: [ParNew: 5986K->600K(6144K), 0.0014820 secs] 13953K->12474K(21888K), 0.0015160 secs] [Times: user=0.01 sys=0.00, real=0.00 secs] 
34.885: Total time for which application threads were stopped: 0.0414170 seconds, Stopping threads took: 0.0398440 seconds
34.963: Application time: 0.0784790 seconds
34.964: [GC34.964: [ParNew: 5968K->5968K(6144K), 0.0000150 secs]34.964: [CMS34.964: [CMS-concurrent-abortable-preclean: 0.000/0.209 secs] [Times: user=1.41 sys=0.04, real=0.21 secs] 
 (concurrent mode failure): 11874K->2451K(15744K), 0.0065880 secs] 17842K->2451K(21888K), [CMS Perm : 5108K->5108K(21248K)], 0.0066520 secs] [Times: user=0.01 sys=0.00, real=0.01 secs] 
34.971: Total time for which application threads were stopped: 0.0072860 seconds, Stopping threads took: 0.0005450 seconds
34.972: Application time: 0.0009890 seconds
35.012: [GC35.012: [ParNew: 5387K->600K(6144K), 0.0017190 secs] 7839K->7558K(21888K), 0.0017480 secs] [Times: user=0.01 sys=0.00, real=0.00 secs] 
35.014: Total time for which application threads were stopped: 0.0421910 seconds, Stopping threads took: 0.0403690 seconds
35.014: Application time: 0.0001790 seconds
35.014: [GC [1 CMS-initial-mark: 6958K(15744K)] 9230K(21888K), 0.0001050 secs] [Times: user=0.00 sys=0.00, real=0.00 secs] 
35.015: Total time for which application threads were stopped: 0.0004940 seconds, Stopping threads took: 0.0003420 seconds
35.015: [CMS-concurrent-mark-start]
35.018: [CMS-concurrent-mark: 0.004/0.004 secs] [Times: user=0.02 sys=0.00, real=0.00 secs] 
35.018: [CMS-concurrent-preclean-start]
35.018: [CMS-concurrent-preclean: 0.000/0.000 secs] [Times: user=0.00 sys=0.00, real=0.00 secs] 
35.018: [CMS-concurrent-abortable-preclean-start]
35.104: Application time: 0.0890050 seconds
35.161: [GC35.161: [ParNew: 5968K->42K(6144K), 0.0003960 secs] 12926K->7001K(21888K), 0.0004260 secs] [Times: user=0.00 sys=0.00, real=0.00 secs] 
35.161: Total time for which application threads were stopped: 0.0574010 seconds, Stopping threads took: 0.0569210 seconds
35.162: Application time: 0.0006240 seconds
35.162: [GC35.162: [ParNew: 5332K->630K(6144K), 0.0014000 secs] 12291K->12279K(21888K), 0.0014290 secs] [Times: user=0.01 sys=0.00, real=0.00 secs] 
35.163: Total time for which application threads were stopped: 0.0018370 seconds, Stopping threads took: 0.0003570 seconds
35.241: Application time: 0.0773310 seconds
35.264: [CMS-concurrent-abortable-preclean: 0.001/0.245 secs] [Times: user=1.53 sys=0.05, real=0.25 secs] 
35.282: [GC35.282: [ParNew: 6017K->6017K(6144K), 0.0000130 secs]35.282: [CMS (concurrent mode failure): 11648K->2256K(15744K), 0.0054000 secs] 17666K->2256K(21888K), [CMS Perm : 5108K->5108K(21248K)], 0.0054580 secs] [Times: user=0.00 sys=0.00, real=0.00 secs] 
35.287: Total time for which application threads were stopped: 0.0464660 seconds, Stopping threads took: 0.0409160 seconds
35.288: Application time: 0.0008670 seconds
35.289: [GC35.289: [ParNew: 5188K->600K(6144K), 0.0017360 secs] 7445K->7463K(21888K), 0.0017630 secs] [Times: user=0.01 sys=0.00, real=0.00 secs] 
35.290: Total time for which application threads were stopped: 0.0022670 seconds, Stopping threads took: 0.0004430 seconds
35.290: Application time: 0.0000690 seconds
35.331: [GC [1 CMS-initial-mark: 6863K(15744K)] 8348K(21888K), 0.0001070 secs] [Times: user=0.00 sys=0.00, real=0.00 secs] 
35.331: Total time for which application threads were stopped: 0.0407850 seconds, Stopping threads took: 0.0406330 seconds
35.331: [CMS-concurrent-mark-start]
35.335: [CMS-concurrent-mark: 0.004/0.004 secs] [Times: user=0.01 sys=0.00, real=0.00 secs] 
35.335: [CMS-concurrent-preclean-start]
35.335: [CMS-concurrent-preclean: 0.000/0.000 secs] [Times: user=0.00 sys=0.00, real=0.00 secs] 
35.335: [CMS-concurrent-abortable-preclean-start]
35.422: Application time: 0.0912590 seconds
35.475: [GC35.475: [ParNew: 5987K->402K(6144K), 0.0006690 secs] 12850K->7657K(21888K), 0.0007050 secs] [Times: user=0.00 sys=0.00, real=0.00 secs] 
35.476: Total time for which application threads were stopped: 0.0534140 seconds, Stopping threads took: 0.0526320 seconds
35.477: Application time: 0.0008170 seconds
35.517: [GC35.517: [ParNew: 5849K->634K(6144K), 0.0016270 secs] 13104K->12308K(21888K), 0.0016600 secs] [Times: user=0.01 sys=0.00, real=0.00 secs] 
35.518: Total time for which application threads were stopped: 0.0414970 seconds, Stopping threads took: 0.0397610 seconds
35.596: Application time: 0.0776400 seconds
35.598: [GC35.598: [ParNew: 6021K->6021K(6144K), 0.0000130 secs]35.598: [CMS35.598: [CMS-concurrent-abortable-preclean: 0.000/0.263 secs] [Times: user=1.54 sys=0.04, real=0.26 secs] 
 (concurrent mode failure): 11673K->3038K(15744K), 0.0060210 secs] 17695K->3038K(21888K), [CMS Perm : 5108K->5108K(21248K)], 0.0060860 secs] [Times: user=0.01 sys=0.00, real=0.01 secs] 
35.604: Total time for which application threads were stopped: 0.0082880 seconds, Stopping threads took: 0.0021120 seconds
35.605: Application time: 0.0010430 seconds
35.645: [GC35.645: [ParNew: 5485K->598K(6144K), 0.0020860 secs] 8523K->7945K(21888K), 0.0021150 secs] [Times: user=0.01 sys=0.00, real=0.00 secs] 
35.647: Total time for which application threads were stopped: 0.0420890 seconds, Stopping threads took: 0.0399190 seconds
35.647: Application time: 0.0000720 seconds
35.648: [GC [1 CMS-initial-mark: 7347K(15744K)] 8830K(21888K), 0.0000990 secs] [Times: user=0.00 sys=0.00, real=0.00 secs] 
35.648: Total time for which application threads were stopped: 0.0004200 seconds, Stopping threads took: 0.0002770 seconds
35.648: [CMS-concurrent-mark-start]
35.651: [CMS-concurrent-mark: 0.004/0.004 secs] [Times: user=0.03 sys=0.00, real=0.00 secs] 
35.651: [CMS-concurrent-preclean-start]
35.652: [CMS-concurrent-preclean: 0.000/0.000 secs] [Times: user=0.00 sys=0.00, real=0.00 secs] 
35.652: [CMS-concurrent-abortable-preclean-start]
35.732: Application time: 0.0838550 seconds
35.775: [GC35.775: [ParNew: 5986K->404K(6144K), 0.0006430 secs] 13333K->8148K(21888K), 0.0006750 secs] [Times: user=0.00 sys=0.00, real=0.00 secs] 
35.775: Total time for which application threads were stopped: 0.0437610 seconds, Stopping threads took: 0.0430330 seconds
35.776: Application time: 0.0006670 seconds
35.816: [GC35.816: [ParNew: 5792K->602K(6144K), 0.0016950 secs] 13536K->12838K(21888K), 0.0017300 secs] [Times: user=0.01 sys=0.01, real=0.00 secs] 
35.818: Total time for which application threads were stopped: 0.0421610 seconds, Stopping threads took: 0.0403460 seconds
35.896: Application time: 0.0773530 seconds
35.918: [CMS-concurrent-abortable-preclean: 0.000/0.267 secs] [Times: user=1.46 sys=0.07, real=0.26 secs] 
35.942: [GC35.942: [ParNew: 5989K->5989K(6144K), 0.0000120 secs]35.942: [CMS (concurrent mode failure): 12235K->2061K(15744K), 0.0057190 secs] 18225K->2061K(21888K), [CMS Perm : 5108K->5108K(21248K)], 0.0057760 secs] [Times: user=0.00 sys=0.00, real=0.00 secs] 
35.947: Total time for which application threads were stopped: 0.0517540 seconds, Stopping threads took: 0.0458960 seconds
35.948: Application time: 0.0008920 seconds
35.992: [GC35.992: [ParNew: 5388K->600K(6144K), 0.0015030 secs] 7449K->7168K(21888K), 0.0015330 secs] [Times: user=0.00 sys=0.00, real=0.00 secs] 
35.993: Total time for which application threads were stopped: 0.0450240 seconds, Stopping threads took: 0.0434160 seconds
35.993: Application time: 0.0000440 seconds
35.994: [GC [1 CMS-initial-mark: 6568K(15744K)] 7559K(21888K), 0.0001070 secs] [Times: user=0.00 sys=0.00, real=0.00 secs] 
35.994: Total time for which application threads were stopped: 0.0005130 seconds, Stopping threads took: 0.0003630 seconds
35.994: [CMS-concurrent-mark-start]
35.997: [CMS-concurrent-mark: 0.003/0.003 secs] [Times: user=0.01 sys=0.00, real=0.00 secs] 
35.997: [CMS-concurrent-preclean-start]
35.997: [CMS-concurrent-preclean: 0.000/0.000 secs] [Times: user=0.00 sys=0.00, real=0.00 secs] 
35.997: [CMS-concurrent-abortable-preclean-start]
36.083: Application time: 0.0895930 seconds
36.127: [GC36.127: [ParNew: 5987K->404K(6144K), 0.0004980 secs] 12556K->7367K(21888K), 0.0005360 secs] [Times: user=0.00 sys=0.00, real=0.01 secs] 
36.127: Total time for which application threads were stopped: 0.0440520 seconds, Stopping threads took: 0.0434420 seconds
36.128: Application time: 0.0006070 seconds
36.168: [GC36.168: [ParNew: 5792K->600K(6144K), 0.0017940 secs] 12755K->12055K(21888K), 0.0018350 secs] [Times: user=0.01 sys=0.00, real=0.00 secs] 
36.170: Total time for which application threads were stopped: 0.0418320 seconds, Stopping threads took: 0.0399220 seconds
36.247: Application time: 0.0772070 seconds
36.270: [CMS-concurrent-abortable-preclean: 0.000/0.273 secs] [Times: user=1.51 sys=0.08, real=0.28 secs] 
36.289: [GC36.289: [ParNew: 5987K->5987K(6144K), 0.0000120 secs]36.289: [CMS (concurrent mode failure): 11455K->2061K(15744K), 0.0053500 secs] 17442K->2061K(21888K), [CMS Perm : 5108K->5108K(21248K)], 0.0054080 secs] [Times: user=0.00 sys=0.00, real=0.00 secs] 
36.294: Total time for which application threads were stopped: 0.0468930 seconds, Stopping threads took: 0.0414240 seconds
36.295: Application time: 0.0010240 seconds
36.295: [GC36.295: [ParNew: 5464K->532K(6144K), 0.0016580 secs] 7525K->7493K(21888K), 0.0016890 secs] [Times: user=0.01 sys=0.00, real=0.00 secs] 
36.297: Total time for which application threads were stopped: 0.0020590 seconds, Stopping threads took: 0.0002950 seconds
36.297: Application time: 0.0000500 seconds
36.297: [GC [1 CMS-initial-mark: 6960K(15744K)] 7888K(21888K), 0.0000880 secs] [Times: user=0.00 sys=0.00, real=0.00 secs] 
36.297: Total time for which application threads were stopped: 0.0002780 seconds, Stopping threads took: 0.0001650 seconds
36.297: [CMS-concurrent-mark-start]
36.304: [CMS-concurrent-mark: 0.007/0.007 secs] [Times: user=0.05 sys=0.00, real=0.01 secs] 
36.304: [CMS-concurrent-preclean-start]
36.304: [CMS-concurrent-preclean: 0.000/0.000 secs] [Times: user=0.00 sys=0.00, real=0.00 secs] 
36.304: [CMS-concurrent-abortable-preclean-start]
36.389: Application time: 0.0915670 seconds
36.445: [GC36.445: [ParNew: 5998K->630K(6144K), 0.0005050 secs] 12959K->7815K(21888K), 0.0005400 secs] [Times: user=0.01 sys=0.00, real=0.00 secs] 
36.445: Total time for which application threads were stopped: 0.0564000 seconds, Stopping threads took: 0.0557970 seconds
36.446: Application time: 0.0005870 seconds
36.446: [GC36.446: [ParNew: 6113K->600K(6144K), 0.0017570 secs] 13299K->13283K(21888K), 0.0017900 secs] [Times: user=0.01 sys=0.00, real=0.01 secs] 
36.448: Total time for which application threads were stopped: 0.0021110 seconds, Stopping threads took: 0.0002660 seconds
36.526: Application time: 0.0784050 seconds
36.548: [CMS-concurrent-abortable-preclean: 0.000/0.244 secs] [Times: user=1.49 sys=0.06, real=0.25 secs] 
36.567: [GC36.567: [ParNew: 5987K->5987K(6144K), 0.0000140 secs]36.567: [CMS (concurrent mode failure): 12683K->3233K(15744K), 0.0068440 secs] 18671K->3233K(21888K), [CMS Perm : 5108K->5108K(21248K)], 0.0069020 secs] [Times: user=0.00 sys=0.01, real=0.01 secs] 
36.574: Total time for which application threads were stopped: 0.0477020 seconds, Stopping threads took: 0.0407270 seconds
36.575: Application time: 0.0012090 seconds
36.629: [GC36.629: [ParNew: 5485K->598K(6144K), 0.0016320 secs] 8719K->8141K(21888K), 0.0016630 secs] [Times: user=0.01 sys=0.00, real=0.00 secs] 
36.630: Total time for which application threads were stopped: 0.0547810 seconds, Stopping threads took: 0.0530320 seconds
36.630: Application time: 0.0000980 seconds
36.670: [GC [1 CMS-initial-mark: 7542K(15744K)] 9030K(21888K), 0.0001100 secs] [Times: user=0.00 sys=0.00, real=0.00 secs] 
36.671: Total time for which application threads were stopped: 0.0402080 seconds, Stopping threads took: 0.0400500 seconds
36.671: [CMS-concurrent-mark-start]
36.674: [CMS-concurrent-mark: 0.004/0.004 secs] [Times: user=0.02 sys=0.00, real=0.00 secs] 
36.674: [CMS-concurrent-preclean-start]
36.674: [CMS-concurrent-preclean: 0.000/0.000 secs] [Times: user=0.00 sys=0.00, real=0.00 secs] 
36.674: [CMS-concurrent-abortable-preclean-start]
36.754: Application time: 0.0830960 seconds
36.767: [GC36.767: [ParNew: 6083K->16K(6144K), 0.0005240 secs] 13626K->7560K(21888K), 0.0005610 secs] [Times: user=0.01 sys=0.00, real=0.01 secs] 
36.768: Total time for which application threads were stopped: 0.0143830 seconds, Stopping threads took: 0.0137680 seconds
36.768: Application time: 0.0004260 seconds
36.769: [GC36.769: [ParNew: 5165K->606K(6144K), 0.0015640 secs] 12709K->12646K(21888K), 0.0015940 secs] [Times: user=0.01 sys=0.00, real=0.00 secs] 
36.771: Total time for which application threads were stopped: 0.0020860 seconds, Stopping threads took: 0.0004190 seconds
36.848: Application time: 0.0774350 seconds
36.871: [CMS-concurrent-abortable-preclean: 0.000/0.196 secs] [Times: user=1.40 sys=0.02, real=0.20 secs] 
36.890: [GC36.890: [ParNew: 5822K->5822K(6144K), 0.0000120 secs]36.890: [CMS (concurrent mode failure): 12040K->1866K(15744K), 0.0056990 secs] 17863K->1866K(21888K), [CMS Perm : 5108K->5108K(21248K)], 0.0057580 secs] [Times: user=0.01 sys=0.00, real=0.00 secs] 
36.895: Total time for which application threads were stopped: 0.0474290 seconds, Stopping threads took: 0.0415880 seconds
36.897: Application time: 0.0011530 seconds
36.949: [GC36.949: [ParNew: 5464K->628K(6144K), 0.0010240 secs] 7330K->5334K(21888K), 0.0010520 secs] [Times: user=0.01 sys=0.00, real=0.00 secs] 
36.950: Total time for which application threads were stopped: 0.0539350 seconds, Stopping threads took: 0.0528010 seconds
36.951: Application time: 0.0000710 seconds
36.991: [GC [1 CMS-initial-mark: 4706K(15744K)] 5927K(21888K), 0.0001030 secs] [Times: user=0.00 sys=0.00, real=0.00 secs] 
36.991: Total time for which application threads were stopped: 0.0402190 seconds, Stopping threads took: 0.0400930 seconds
36.991: [CMS-concurrent-mark-start]
36.994: [CMS-concurrent-mark: 0.004/0.004 secs] [Times: user=0.02 sys=0.00, real=0.00 secs] 
36.994: [CMS-concurrent-preclean-start]
36.995: [CMS-concurrent-preclean: 0.000/0.000 secs] [Times: user=0.00 sys=0.00, real=0.00 secs] 
36.995: [CMS-concurrent-abortable-preclean-start]
36.995: Application time: 0.0041690 seconds
37.068: [GC37.068: [ParNew: 5899K->528K(6144K), 0.0008240 secs] 10605K->6245K(21888K), 0.0008540 secs] [Times: user=0.00 sys=0.00, real=0.00 secs] 
37.069: Total time for which application threads were stopped: 0.0741950 seconds, Stopping threads took: 0.0732870 seconds
37.070: Application time: 0.0007850 seconds
37.122: [GC37.122: [ParNew: 5916K->602K(6144K), 0.0017170 secs] 11633K->11528K(21888K), 0.0017520 secs] [Times: user=0.01 sys=0.00, real=0.00 secs] 
37.124: Total time for which application threads were stopped: 0.0537990 seconds, Stopping threads took: 0.0519700 seconds
37.202: Application time: 0.0777950 seconds
37.204: [GC37.204: [ParNew: 6087K->6087K(6144K), 0.0000130 secs]37.204: [CMS37.204: [CMS-concurrent-abortable-preclean: 0.000/0.210 secs] [Times: user=1.17 sys=0.08, real=0.21 secs] 
 (concurrent mode failure): 10926K->3917K(15744K), 0.0061870 secs] 17013K->3917K(21888K), [CMS Perm : 5108K->5108K(21248K)], 0.0062580 secs] [Times: user=0.00 sys=0.00, real=0.01 secs] 
37.211: Total time for which application threads were stopped: 0.0090170 seconds, Stopping threads took: 0.0026660 seconds
37.212: Application time: 0.0015060 seconds
37.292: [GC37.292: [ParNew: 5368K->434K(6144K), 0.0005920 secs] 9286K->4352K(21888K), 0.0006300 secs] [Times: user=0.00 sys=0.00, real=0.00 secs] 
37.293: Total time for which application threads were stopped: 0.0806420 seconds, Stopping threads took: 0.0799430 seconds
37.293: Application time: 0.0007210 seconds
37.294: [GC37.294: [ParNew: 5901K->532K(6144K), 0.0015410 secs] 9818K->9769K(21888K), 0.0015690 secs] [Times: user=0.01 sys=0.00, real=0.00 secs] 
37.295: Total time for which application threads were stopped: 0.0020370 seconds, Stopping threads took: 0.0004100 seconds
37.295: Application time: 0.0000510 seconds
37.296: [GC [1 CMS-initial-mark: 9236K(15744K)] 10654K(21888K), 0.0000970 secs] [Times: user=0.00 sys=0.00, real=0.00 secs] 
37.296: Total time for which application threads were stopped: 0.0002690 seconds, Stopping threads took: 0.0001270 seconds
37.296: [CMS-concurrent-mark-start]
37.299: [CMS-concurrent-mark: 0.003/0.003 secs] [Times: user=0.00 sys=0.01, real=0.00 secs] 
37.299: [CMS-concurrent-preclean-start]
37.299: [CMS-concurrent-preclean: 0.000/0.000 secs] [Times: user=0.00 sys=0.00, real=0.00 secs] 
37.299: [CMS-concurrent-abortable-preclean-start]
37.374: Application time: 0.0779480 seconds
37.416: [GC37.416: [ParNew: 6017K->598K(6144K), 0.0009570 secs] 15254K->10840K(21888K), 0.0009880 secs] [Times: user=0.00 sys=0.00, real=0.00 secs] 
37.417: Total time for which application threads were stopped: 0.0436410 seconds, Stopping threads took: 0.0425820 seconds
37.418: Application time: 0.0009430 seconds
37.469: [GC37.470: [ParNew: 6064K->6064K(6144K), 0.0000110 secs]37.470: [CMS37.470: [CMS-concurrent-abortable-preclean: 0.000/0.170 secs] [Times: user=0.80 sys=0.06, real=0.18 secs] 
 (concurrent mode failure): 10242K->6065K(15744K), 0.0067950 secs] 16306K->6065K(21888K), [CMS Perm : 5108K->5108K(21248K)], 0.0068500 secs] [Times: user=0.01 sys=0.00, real=0.00 secs] 
37.476: Total time for which application threads were stopped: 0.0580650 seconds, Stopping threads took: 0.0511290 seconds
37.568: Application time: 0.0917900 seconds
37.609: [GC37.609: [ParNew: 5290K->400K(6144K), 0.0006170 secs] 11356K->6466K(21888K), 0.0006510 secs] [Times: user=0.00 sys=0.00, real=0.00 secs] 
37.609: Total time for which application threads were stopped: 0.0411130 seconds, Stopping threads took: 0.0403920 seconds
37.610: Application time: 0.0004780 seconds
37.610: [GC37.610: [ParNew: 5884K->600K(6144K), 0.0016400 secs] 11950K->11956K(21888K), 0.0016740 secs] [Times: user=0.01 sys=0.00, real=0.00 secs] 
37.612: Total time for which application threads were stopped: 0.0021830 seconds, Stopping threads took: 0.0004330 seconds
37.612: Application time: 0.0000870 seconds
37.612: [GC [1 CMS-initial-mark: 11356K(15744K)] 13724K(21888K), 0.0000790 secs] [Times: user=0.01 sys=0.00, real=0.00 secs] 
37.612: Total time for which application threads were stopped: 0.0004570 seconds, Stopping threads took: 0.0003550 seconds
37.613: [CMS-concurrent-mark-start]
37.615: [CMS-concurrent-mark: 0.002/0.002 secs] [Times: user=0.00 sys=0.00, real=0.00 secs] 
37.615: [CMS-concurrent-preclean-start]
37.615: [CMS-concurrent-preclean: 0.000/0.000 secs] [Times: user=0.00 sys=0.00, real=0.00 secs] 
37.615: [CMS-concurrent-abortable-preclean-start]
37.690: Application time: 0.0772580 seconds
37.715: [CMS-concurrent-abortable-preclean: 0.000/0.100 secs] [Times: user=0.69 sys=0.01, real=0.10 secs] 
37.732: [GC37.732: [ParNew: 5890K->5890K(6144K), 0.0000120 secs]37.732: [CMS (concurrent mode failure): 11356K->1671K(15744K), 0.0054700 secs] 17246K->1671K(21888K), [CMS Perm : 5108K->5108K(21248K)], 0.0055270 secs] [Times: user=0.01 sys=0.00, real=0.00 secs] 
37.737: Total time for which application threads were stopped: 0.0475000 seconds, Stopping threads took: 0.0418950 seconds
37.738: Application time: 0.0009230 seconds
37.739: [GC37.739: [ParNew: 5483K->600K(6144K), 0.0015270 secs] 7155K->7171K(21888K), 0.0015570 secs] [Times: user=0.01 sys=0.00, real=0.01 secs] 
37.740: Total time for which application threads were stopped: 0.0021030 seconds, Stopping threads took: 0.0004720 seconds
37.740: Application time: 0.0000540 seconds
37.741: [GC [1 CMS-initial-mark: 6571K(15744K)] 7759K(21888K), 0.0001090 secs] [Times: user=0.00 sys=0.00, real=0.00 secs] 
37.741: Total time for which application threads were stopped: 0.0002820 seconds, Stopping threads took: 0.0001470 seconds
37.741: [CMS-concurrent-mark-start]
37.744: [CMS-concurrent-mark: 0.003/0.003 secs] [Times: user=0.02 sys=0.00, real=0.00 secs] 
37.744: [CMS-concurrent-preclean-start]
37.744: [CMS-concurrent-preclean: 0.000/0.000 secs] [Times: user=0.00 sys=0.00, real=0.00 secs] 
37.744: [CMS-concurrent-abortable-preclean-start]
37.832: Application time: 0.0911480 seconds
37.886: [GC37.886: [ParNew: 5890K->404K(6144K), 0.0003550 secs] 12461K->6977K(21888K), 0.0003840 secs] [Times: user=0.01 sys=0.00, real=0.00 secs] 
37.886: Total time for which application threads were stopped: 0.0545690 seconds, Stopping threads took: 0.0541090 seconds
37.887: Application time: 0.0005450 seconds
37.887: [GC37.887: [ParNew: 5792K->602K(6144K), 0.0016080 secs] 12365K->12350K(21888K), 0.0016400 secs] [Times: user=0.01 sys=0.00, real=0.01 secs] 
37.889: Total time for which application threads were stopped: 0.0018630 seconds, Stopping threads took: 0.0001720 seconds
37.967: Application time: 0.0777970 seconds
37.989: [CMS-concurrent-abortable-preclean: 0.000/0.245 secs] [Times: user=1.50 sys=0.06, real=0.25 secs] 
38.008: [GC38.008: [ParNew: 6087K->6087K(6144K), 0.0000130 secs]38.008: [CMS (concurrent mode failure): 11748K->2843K(15744K), 0.0051110 secs] 17836K->2843K(21888K), [CMS Perm : 5108K->5108K(21248K)], 0.0051680 secs] [Times: user=0.00 sys=0.00, real=0.00 secs] 
38.013: Total time for which application threads were stopped: 0.0466840 seconds, Stopping threads took: 0.0414430 seconds
38.014: Application time: 0.0010190 seconds
38.054: [GC38.054: [ParNew: 5485K->502K(6144K), 0.0017960 secs] 8328K->8047K(21888K), 0.0018280 secs] [Times: user=0.01 sys=0.00, real=0.00 secs] 
38.056: Total time for which application threads were stopped: 0.0417580 seconds, Stopping threads took: 0.0398520 seconds
38.056: Application time: 0.0000630 seconds
38.056: [GC [1 CMS-initial-mark: 7545K(15744K)] 8837K(21888K), 0.0001070 secs] [Times: user=0.00 sys=0.00, real=0.00 secs] 
38.056: Total time for which application threads were stopped: 0.0003640 seconds, Stopping threads took: 0.0002130 seconds
38.057: [CMS-concurrent-mark-start]
38.060: [CMS-concurrent-mark: 0.003/0.003 secs] [Times: user=0.02 sys=0.00, real=0.01 secs] 
38.060: [CMS-concurrent-preclean-start]
38.060: [CMS-concurrent-preclean: 0.000/0.000 secs] [Times: user=0.00 sys=0.00, real=0.00 secs] 
38.060: [CMS-concurrent-abortable-preclean-start]
38.134: Application time: 0.0777980 seconds
38.177: [GC38.177: [ParNew: 5987K->598K(6144K), 0.0010970 secs] 13533K->9318K(21888K), 0.0011330 secs] [Times: user=0.00 sys=0.00, real=0.00 secs] 
38.178: Total time for which application threads were stopped: 0.0439800 seconds, Stopping threads took: 0.0427660 seconds
38.179: Application time: 0.0009260 seconds
38.232: [GC38.232: [ParNew: 5986K->504K(6144K), 0.0016310 secs] 14706K->13717K(21888K), 0.0016670 secs] [Times: user=0.01 sys=0.00, real=0.00 secs] 
38.233: Total time for which application threads were stopped: 0.0540380 seconds, Stopping threads took: 0.0522920 seconds
38.312: Application time: 0.0789490 seconds
38.313: [GC38.313: [ParNew: 5853K->5853K(6144K), 0.0000150 secs]38.313: [CMS38.313: [CMS-concurrent-abortable-preclean: 0.000/0.253 secs] [Times: user=1.44 sys=0.06, real=0.25 secs] 
 (concurrent mode failure): 13213K->2843K(15744K), 0.0059060 secs] 19066K->2843K(21888K), [CMS Perm : 5108K->5108K(21248K)], 0.0059690 secs] [Times: user=0.01 sys=0.00, real=0.00 secs] 
38.319: Total time for which application threads were stopped: 0.0068720 seconds, Stopping threads took: 0.0008340 seconds
38.320: Application time: 0.0010530 seconds
38.360: [GC38.360: [ParNew: 5485K->600K(6144K), 0.0017390 secs] 8328K->8047K(21888K), 0.0017680 secs] [Times: user=0.01 sys=0.00, real=0.00 secs] 
38.362: Total time for which application threads were stopped: 0.0418410 seconds, Stopping threads took: 0.0399990 seconds
38.362: Application time: 0.0001790 seconds
38.402: [GC [1 CMS-initial-mark: 7447K(15744K)] 9036K(21888K), 0.0001210 secs] [Times: user=0.00 sys=0.00, real=0.00 secs] 
38.402: Total time for which application threads were stopped: 0.0401510 seconds, Stopping threads took: 0.0399820 seconds
38.402: [CMS-concurrent-mark-start]
38.406: [CMS-concurrent-mark: 0.004/0.004 secs] [Times: user=0.02 sys=0.00, real=0.00 secs] 
38.406: [CMS-concurrent-preclean-start]
38.406: [CMS-concurrent-preclean: 0.000/0.000 secs] [Times: user=0.00 sys=0.00, real=0.00 secs] 
38.406: [CMS-concurrent-abortable-preclean-start]
38.490: Application time: 0.0880640 seconds
38.530: [GC38.530: [ParNew: 5792K->406K(6144K), 0.0004210 secs] 13240K->7855K(21888K), 0.0004500 secs] [Times: user=0.00 sys=0.00, real=0.00 secs] 
38.530: Total time for which application threads were stopped: 0.0396830 seconds, Stopping threads took: 0.0391510 seconds
38.531: Application time: 0.0005270 seconds
38.531: [GC38.531: [ParNew: 5890K->600K(6144K), 0.0016330 secs] 13339K->13324K(21888K), 0.0016660 secs] [Times: user=0.01 sys=0.00, real=0.00 secs] 
38.533: Total time for which application threads were stopped: 0.0020260 seconds, Stopping threads took: 0.0003070 seconds
38.611: Application time: 0.0782560 seconds
38.633: [CMS-concurrent-abortable-preclean: 0.000/0.226 secs] [Times: user=1.46 sys=0.05, real=0.23 secs] 
38.651: [GC38.651: [ParNew: 5968K->5968K(6144K), 0.0000130 secs]38.651: [CMS (concurrent mode failure): 12724K->1671K(15744K), 0.0056310 secs] 18693K->1671K(21888K), [CMS Perm : 5108K->5108K(21248K)], 0.0056850 secs] [Times: user=0.01 sys=0.00, real=0.00 secs] 
38.656: Total time for which application threads were stopped: 0.0455510 seconds, Stopping threads took: 0.0397810 seconds
38.657: Application time: 0.0007810 seconds
38.657: [GC38.658: [ParNew: 5485K->602K(6144K), 0.0015960 secs] 7157K->7173K(21888K), 0.0016220 secs] [Times: user=0.02 sys=0.00, real=0.00 secs] 
38.659: Total time for which application threads were stopped: 0.0019850 seconds, Stopping threads took: 0.0003120 seconds
38.659: Application time: 0.0000480 seconds
38.660: [GC [1 CMS-initial-mark: 6571K(15744K)] 7563K(21888K), 0.0000970 secs] [Times: user=0.00 sys=0.00, real=0.00 secs] 
38.660: Total time for which application threads were stopped: 0.0006880 seconds, Stopping threads took: 0.0005670 seconds
38.660: [CMS-concurrent-mark-start]
38.664: [CMS-concurrent-mark: 0.004/0.004 secs] [Times: user=0.03 sys=0.00, real=0.00 secs] 
38.664: [CMS-concurrent-preclean-start]
38.664: [CMS-concurrent-preclean: 0.000/0.000 secs] [Times: user=0.00 sys=0.00, real=0.00 secs] 
38.664: [CMS-concurrent-abortable-preclean-start]
38.753: Application time: 0.0928400 seconds
38.812: [GC38.812: [ParNew: 5892K->400K(6144K), 0.0003710 secs] 12463K->6972K(21888K), 0.0004000 secs] [Times: user=0.00 sys=0.00, real=0.00 secs] 
38.812: Total time for which application threads were stopped: 0.0595300 seconds, Stopping threads took: 0.0590740 seconds
38.813: Application time: 0.0005320 seconds
38.813: [GC38.813: [ParNew: 5886K->600K(6144K), 0.0015460 secs] 12458K->12446K(21888K), 0.0015710 secs] [Times: user=0.01 sys=0.00, real=0.00 secs] 
38.814: Total time for which application threads were stopped: 0.0016930 seconds, Stopping threads took: 0.0000790 seconds
38.892: Application time: 0.0774160 seconds
38.899: [GC38.899: [ParNew: 6065K->6065K(6144K), 0.0000130 secs]38.899: [CMS38.899: [CMS-concurrent-abortable-preclean: 0.000/0.235 secs] [Times: user=1.48 sys=0.06, real=0.23 secs] 
 (concurrent mode failure): 11846K->3917K(15744K), 0.0055170 secs] 17912K->3917K(21888K), [CMS Perm : 5109K->5109K(21248K)], 0.0055820 secs] [Times: user=0.01 sys=0.00, real=0.01 secs] 
38.904: Total time for which application threads were stopped: 0.0124640 seconds, Stopping threads took: 0.0068110 seconds
38.912: Application time: 0.0074270 seconds
38.983: [GC38.983: [ParNew: 5368K->434K(6144K), 0.0004540 secs] 9286K->4352K(21888K), 0.0004920 secs] [Times: user=0.00 sys=0.00, real=0.00 secs] 
38.983: Total time for which application threads were stopped: 0.0716720 seconds, Stopping threads took: 0.0711010 seconds
38.984: Application time: 0.0005950 seconds
38.984: [GC38.985: [ParNew: 5901K->532K(6144K), 0.0017930 secs] 9819K->9769K(21888K), 0.0018260 secs] [Times: user=0.01 sys=0.00, real=0.00 secs] 
38.986: Total time for which application threads were stopped: 0.0022820 seconds, Stopping threads took: 0.0003900 seconds
38.986: Application time: 0.0000640 seconds
39.026: [GC [1 CMS-initial-mark: 9237K(15744K)] 10951K(21888K), 0.0001030 secs] [Times: user=0.00 sys=0.00, real=0.00 secs] 
39.027: Total time for which application threads were stopped: 0.0401510 seconds, Stopping threads took: 0.0400040 seconds
39.027: [CMS-concurrent-mark-start]
39.030: [CMS-concurrent-mark: 0.003/0.003 secs] [Times: user=0.01 sys=0.00, real=0.01 secs] 
39.030: [CMS-concurrent-preclean-start]
39.030: [CMS-concurrent-preclean: 0.000/0.000 secs] [Times: user=0.00 sys=0.00, real=0.00 secs] 
39.030: [CMS-concurrent-abortable-preclean-start]
39.104: Application time: 0.0775900 seconds
39.107: [GC39.107: [ParNew: 6017K->598K(6144K), 0.0010130 secs] 15255K->10841K(21888K), 0.0010490 secs] [Times: user=0.00 sys=0.00, real=0.01 secs] 
39.108: Total time for which application threads were stopped: 0.0041600 seconds, Stopping threads took: 0.0030190 seconds
39.109: Application time: 0.0009590 seconds
39.181: [GC39.181: [ParNew: 6081K->6081K(6144K), 0.0000120 secs]39.181: [CMS39.181: [CMS-concurrent-abortable-preclean: 0.000/0.151 secs] [Times: user=0.79 sys=0.03, real=0.15 secs] 
 (concurrent mode failure): 10243K->6164K(15744K), 0.0060390 secs] 16324K->6164K(21888K), [CMS Perm : 5109K->5109K(21248K)], 0.0061050 secs] [Times: user=0.00 sys=0.00, real=0.00 secs] 
39.187: Total time for which application threads were stopped: 0.0776080 seconds, Stopping threads took: 0.0714170 seconds
39.272: Application time: 0.0852390 seconds
39.280: [GC39.280: [ParNew: 5270K->524K(6144K), 0.0006850 secs] 11434K->7667K(21888K), 0.0007200 secs] [Times: user=0.00 sys=0.00, real=0.00 secs] 
39.281: Total time for which application threads were stopped: 0.0089610 seconds, Stopping threads took: 0.0081580 seconds
39.282: Application time: 0.0008380 seconds
39.323: [GC39.323: [ParNew: 5912K->602K(6144K), 0.0015210 secs] 13055K->11890K(21888K), 0.0015610 secs] [Times: user=0.01 sys=0.00, real=0.00 secs] 
39.325: Total time for which application threads were stopped: 0.0426840 seconds, Stopping threads took: 0.0410550 seconds
39.325: Application time: 0.0000800 seconds
39.325: [GC [1 CMS-initial-mark: 11288K(15744K)] 12677K(21888K), 0.0000990 secs] [Times: user=0.00 sys=0.00, real=0.00 secs] 
39.325: Total time for which application threads were stopped: 0.0001840 seconds, Stopping threads took: 0.0000620 seconds
39.325: [CMS-concurrent-mark-start]
39.328: [CMS-concurrent-mark: 0.003/0.003 secs] [Times: user=0.02 sys=0.00, real=0.01 secs] 
39.328: [CMS-concurrent-preclean-start]
39.328: [CMS-concurrent-preclean: 0.000/0.000 secs] [Times: user=0.00 sys=0.00, real=0.00 secs] 
39.328: [CMS-concurrent-abortable-preclean-start]
39.402: Application time: 0.0772190 seconds
39.428: [CMS-concurrent-abortable-preclean: 0.000/0.100 secs] [Times: user=0.65 sys=0.01, real=0.10 secs] 
39.445: [GC39.445: [ParNew: 5989K->5989K(6144K), 0.0000130 secs]39.445: [CMS (concurrent mode failure): 11288K->1672K(15744K), 0.0056580 secs] 17278K->1672K(21888K), [CMS Perm : 5109K->5109K(21248K)], 0.0057160 secs] [Times: user=0.00 sys=0.00, real=0.01 secs] 
39.451: Total time for which application threads were stopped: 0.0486120 seconds, Stopping threads took: 0.0428120 seconds
39.452: Application time: 0.0009310 seconds
39.452: [GC39.452: [ParNew: 5450K->614K(6144K), 0.0018980 secs] 7122K->7085K(21888K), 0.0019260 secs] [Times: user=0.01 sys=0.00, real=0.00 secs] 
39.454: Total time for which application threads were stopped: 0.0023650 seconds, Stopping threads took: 0.0003740 seconds
39.454: Application time: 0.0000510 seconds
39.454: [GC [1 CMS-initial-mark: 6471K(15744K)] 7399K(21888K), 0.0001090 secs] [Times: user=0.00 sys=0.00, real=0.00 secs] 
39.455: Total time for which application threads were stopped: 0.0004480 seconds, Stopping threads took: 0.0002930 seconds
39.455: [CMS-concurrent-mark-start]
39.458: [CMS-concurrent-mark: 0.004/0.004 secs] [Times: user=0.01 sys=0.00, real=0.00 secs] 
39.458: [CMS-concurrent-preclean-start]
39.458: [CMS-concurrent-preclean: 0.000/0.000 secs] [Times: user=0.00 sys=0.00, real=0.00 secs] 
39.458: [CMS-concurrent-abortable-preclean-start]
39.553: Application time: 0.0984760 seconds
39.594: [GC39.594: [ParNew: 6017K->420K(6144K), 0.0005910 secs] 12489K->6908K(21888K), 0.0006250 secs] [Times: user=0.00 sys=0.00, real=0.00 secs] 
39.595: Total time for which application threads were stopped: 0.0415960 seconds, Stopping threads took: 0.0408950 seconds
39.595: Application time: 0.0006930 seconds
39.596: [GC39.596: [ParNew: 5904K->600K(6144K), 0.0016550 secs] 12392K->12377K(21888K), 0.0016890 secs] [Times: user=0.01 sys=0.00, real=0.00 secs] 
39.597: Total time for which application threads were stopped: 0.0019480 seconds, Stopping threads took: 0.0001830 seconds
39.675: Application time: 0.0772870 seconds
39.697: [CMS-concurrent-abortable-preclean: 0.000/0.239 secs] [Times: user=1.54 sys=0.05, real=0.24 secs] 
39.716: [GC39.716: [ParNew: 5987K->5987K(6144K), 0.0000130 secs]39.716: [CMS (concurrent mode failure): 11777K->2843K(15744K), 0.0058840 secs] 17765K->2843K(21888K), [CMS Perm : 5109K->5109K(21248K)], 0.0059370 secs] [Times: user=0.00 sys=0.00, real=0.01 secs] 
39.722: Total time for which application threads were stopped: 0.0474260 seconds, Stopping threads took: 0.0414000 seconds
39.723: Application time: 0.0011170 seconds
39.778: [GC39.778: [ParNew: 5485K->602K(6144K), 0.0016570 secs] 8329K->7755K(21888K), 0.0016920 secs] [Times: user=0.01 sys=0.00, real=0.00 secs] 
39.779: Total time for which application threads were stopped: 0.0562880 seconds, Stopping threads took: 0.0545180 seconds
39.779: Application time: 0.0000670 seconds
39.780: [GC [1 CMS-initial-mark: 7153K(15744K)] 8443K(21888K), 0.0001040 secs] [Times: user=0.00 sys=0.00, real=0.00 secs] 
39.780: Total time for which application threads were stopped: 0.0004250 seconds, Stopping threads took: 0.0002780 seconds
39.780: [CMS-concurrent-mark-start]
39.783: [CMS-concurrent-mark: 0.003/0.003 secs] [Times: user=0.01 sys=0.00, real=0.00 secs] 
39.783: [CMS-concurrent-preclean-start]
39.783: [CMS-concurrent-preclean: 0.000/0.000 secs] [Times: user=0.00 sys=0.00, real=0.00 secs] 
39.783: [CMS-concurrent-abortable-preclean-start]
39.866: Application time: 0.0861840 seconds
39.910: [GC39.910: [ParNew: 5990K->602K(6144K), 0.0019880 secs] 13143K->7760K(21888K), 0.0020320 secs] [Times: user=0.00 sys=0.00, real=0.00 secs] 
39.912: Total time for which application threads were stopped: 0.0464100 seconds, Stopping threads took: 0.0442970 seconds
39.913: Application time: 0.0006350 seconds
39.914: [GC39.914: [ParNew: 5890K->598K(6144K), 0.0016570 secs] 13049K->13030K(21888K), 0.0016900 secs] [Times: user=0.01 sys=0.00, real=0.00 secs] 
39.915: Total time for which application threads were stopped: 0.0022650 seconds, Stopping threads took: 0.0005090 seconds
39.994: Application time: 0.0783930 seconds
40.016: [CMS-concurrent-abortable-preclean: 0.000/0.232 secs] [Times: user=1.42 sys=0.07, real=0.23 secs] 
40.035: [GC40.035: [ParNew: 5985K->5985K(6144K), 0.0000120 secs]40.035: [CMS (concurrent mode failure): 12432K->2843K(15744K), 0.0061470 secs] 18418K->2843K(21888K), [CMS Perm : 5109K->5109K(21248K)], 0.0062070 secs] [Times: user=0.01 sys=0.00, real=0.01 secs] 
40.042: Total time for which application threads were stopped: 0.0478300 seconds, Stopping threads took: 0.0415620 seconds
40.043: Application time: 0.0010060 seconds
40.084: [GC40.084: [ParNew: 5485K->502K(6144K), 0.0017340 secs] 8329K->8048K(21888K), 0.0017640 secs] [Times: user=0.01 sys=0.00, real=0.00 secs] 
40.086: Total time for which application threads were stopped: 0.0429090 seconds, Stopping threads took: 0.0410900 seconds
40.086: Application time: 0.0000640 seconds
40.126: [GC [1 CMS-initial-mark: 7545K(15744K)] 8642K(21888K), 0.0001190 secs] [Times: user=0.00 sys=0.00, real=0.00 secs] 
40.126: Total time for which application threads were stopped: 0.0401440 seconds, Stopping threads took: 0.0399810 seconds
40.126: [CMS-concurrent-mark-start]
40.129: [CMS-concurrent-mark: 0.004/0.004 secs] [Times: user=0.02 sys=0.00, real=0.01 secs] 
40.129: [CMS-concurrent-preclean-start]
40.129: [CMS-concurrent-preclean: 0.000/0.000 secs] [Times: user=0.00 sys=0.00, real=0.00 secs] 
40.129: [CMS-concurrent-abortable-preclean-start]
40.211: Application time: 0.0855020 seconds
40.224: [GC40.224: [ParNew: 5870K->628K(6144K), 0.0005470 secs] 13416K->9151K(21888K), 0.0005820 secs] [Times: user=0.00 sys=0.00, real=0.00 secs] 
40.224: Total time for which application threads were stopped: 0.0130560 seconds, Stopping threads took: 0.0124070 seconds
40.225: Application time: 0.0008730 seconds
40.265: [GC40.265: [ParNew: 6094K->626K(6144K), 0.0016850 secs] 14618K->13377K(21888K), 0.0017240 secs] [Times: user=0.01 sys=0.00, real=0.00 secs] 
40.267: Total time for which application threads were stopped: 0.0416910 seconds, Stopping threads took: 0.0399070 seconds
40.346: Application time: 0.0788220 seconds
40.367: [CMS-concurrent-abortable-preclean: 0.000/0.238 secs] [Times: user=1.46 sys=0.05, real=0.23 secs] 
40.386: [GC40.386: [ParNew: 6111K->6111K(6144K), 0.0000120 secs]40.386: [CMS (concurrent mode failure): 12751K->1867K(15744K), 0.0057050 secs] 18863K->1867K(21888K), [CMS Perm : 5109K->5109K(21248K)], 0.0057620 secs] [Times: user=0.00 sys=0.00, real=0.01 secs] 
40.392: Total time for which application threads were stopped: 0.0464050 seconds, Stopping threads took: 0.0405590 seconds
40.393: Application time: 0.0008370 seconds
40.393: [GC40.393: [ParNew: 5288K->600K(6144K), 0.0015750 secs] 7155K->7169K(21888K), 0.0016010 secs] [Times: user=0.01 sys=0.00, real=0.00 secs] 
40.395: Total time for which application threads were stopped: 0.0020670 seconds, Stopping threads took: 0.0003930 seconds
40.395: Application time: 0.0000470 seconds
40.396: [GC [1 CMS-initial-mark: 6569K(15744K)] 7560K(21888K), 0.0001130 secs] [Times: user=0.00 sys=0.00, real=0.00 secs] 
40.396: Total time for which application threads were stopped: 0.0007860 seconds, Stopping threads took: 0.0006500 seconds
40.396: [CMS-concurrent-mark-start]
40.399: [CMS-concurrent-mark: 0.003/0.003 secs] [Times: user=0.00 sys=0.00, real=0.00 secs] 
40.399: [CMS-concurrent-preclean-start]
40.399: [CMS-concurrent-preclean: 0.000/0.000 secs] [Times: user=0.00 sys=0.00, real=0.00 secs] 
40.399: Application time: 0.0032120 seconds
40.451: [GC[YG occupancy: 2368 K (6144 K)]40.451: [Rescan (parallel) , 0.0001650 secs]40.451: [weak refs processing, 0.0000060 secs]40.451: [scrub string table, 0.0000960 secs] [1 CMS-remark: 6569K(15744K)] 8937K(21888K), 0.0002980 secs] [Times: user=0.01 sys=0.00, real=0.00 secs] 
40.451: Total time for which application threads were stopped: 0.0522080 seconds, Stopping threads took: 0.0518570 seconds
40.451: [CMS-concurrent-sweep-start]
40.452: [CMS-concurrent-sweep: 0.001/0.001 secs] [Times: user=0.00 sys=0.00, real=0.00 secs] 
40.453: [CMS-concurrent-reset-start]
40.453: [CMS-concurrent-reset: 0.000/0.000 secs] [Times: user=0.00 sys=0.00, real=0.00 secs] 
40.460: Application time: 0.0085470 seconds
40.530: [GC40.530: [ParNew: 5890K->404K(6144K), 0.0003600 secs] 12458K->6975K(21888K), 0.0003920 secs] [Times: user=0.00 sys=0.00, real=0.00 secs] 
40.530: Total time for which application threads were stopped: 0.0703730 seconds, Stopping threads took: 0.0699250 seconds
40.530: Application time: 0.0000910 seconds
40.530: [GC [1 CMS-initial-mark: 6570K(15744K)] 8158K(21888K), 0.0000790 secs] [Times: user=0.00 sys=0.00, real=0.00 secs] 
40.530: Total time for which application threads were stopped: 0.0001970 seconds, Stopping threads took: 0.0001010 seconds
40.530: [CMS-concurrent-mark-start]
40.531: Application time: 0.0006850 seconds
40.571: [GC40.571: [ParNew: 5790K->600K(6144K), 0.0014580 secs] 12361K->11273K(21888K), 0.0014910 secs] [Times: user=0.01 sys=0.00, real=0.00 secs] 
40.572: Total time for which application threads were stopped: 0.0412160 seconds, Stopping threads took: 0.0396750 seconds
40.578: [CMS-concurrent-mark: 0.006/0.048 secs] [Times: user=0.09 sys=0.03, real=0.04 secs] 
40.578: [CMS-concurrent-preclean-start]
40.578: [CMS-concurrent-preclean: 0.000/0.000 secs] [Times: user=0.00 sys=0.00, real=0.00 secs] 
40.578: [CMS-concurrent-abortable-preclean-start]
40.650: Application time: 0.0771640 seconds
40.653: [GC40.653: [ParNew: 5968K->5968K(6144K), 0.0000130 secs]40.653: [CMS40.653: [CMS-concurrent-abortable-preclean: 0.000/0.074 secs] [Times: user=0.60 sys=0.01, real=0.08 secs] 
 (concurrent mode failure): 10672K->2648K(15744K), 0.0052240 secs] 16641K->2648K(21888K), [CMS Perm : 5109K->5109K(21248K)], 0.0052870 secs] [Times: user=0.00 sys=0.00, real=0.00 secs] 
40.658: Total time for which application threads were stopped: 0.0085330 seconds, Stopping threads took: 0.0031780 seconds
40.659: Application time: 0.0012290 seconds
40.735: [GC40.735: [ParNew: 5483K->600K(6144K), 0.0009600 secs] 8132K->5208K(21888K), 0.0009890 secs] [Times: user=0.00 sys=0.00, real=0.00 secs] 
40.736: Total time for which application threads were stopped: 0.0766260 seconds, Stopping threads took: 0.0755740 seconds
40.737: Application time: 0.0009000 seconds
40.808: [GC40.808: [ParNew: 5871K->630K(6144K), 0.0015700 secs] 10479K->9153K(21888K), 0.0016030 secs] [Times: user=0.01 sys=0.00, real=0.00 secs] 
40.810: Total time for which application threads were stopped: 0.0732180 seconds, Stopping threads took: 0.0715340 seconds
40.810: Application time: 0.0000460 seconds
40.810: [GC [1 CMS-initial-mark: 8523K(15744K)] 9743K(21888K), 0.0000920 secs] [Times: user=0.00 sys=0.00, real=0.00 secs] 
40.810: Total time for which application threads were stopped: 0.0003450 seconds, Stopping threads took: 0.0002290 seconds
40.810: [CMS-concurrent-mark-start]
40.814: [CMS-concurrent-mark: 0.004/0.004 secs] [Times: user=0.02 sys=0.00, real=0.00 secs] 
40.814: [CMS-concurrent-preclean-start]
40.814: [CMS-concurrent-preclean: 0.000/0.000 secs] [Times: user=0.00 sys=0.00, real=0.00 secs] 
40.814: [CMS-concurrent-abortable-preclean-start]
40.888: Application time: 0.0776070 seconds
40.892: [GC40.892: [ParNew: 6018K->498K(6144K), 0.0005400 secs] 14541K->9832K(21888K), 0.0005740 secs] [Times: user=0.00 sys=0.00, real=0.00 secs] 
40.892: Total time for which application threads were stopped: 0.0041500 seconds, Stopping threads took: 0.0035150 seconds
40.893: Application time: 0.0008330 seconds
40.934: [GC40.934: [ParNew: 5982K->500K(6144K), 0.0012550 secs] 15316K->13939K(21888K), 0.0012840 secs] [Times: user=0.01 sys=0.01, real=0.00 secs] 
40.935: Total time for which application threads were stopped: 0.0420710 seconds, Stopping threads took: 0.0407150 seconds
41.013: Application time: 0.0777630 seconds
41.019: [GC41.019: [ParNew: 5927K->5927K(6144K), 0.0000120 secs]41.019: [CMS41.019: [CMS-concurrent-abortable-preclean: 0.001/0.204 secs] [Times: user=1.36 sys=0.03, real=0.20 secs] 
 (concurrent mode failure): 13438K->2453K(15744K), 0.0058850 secs] 19366K->2453K(21888K), [CMS Perm : 5109K->5109K(21248K)], 0.0059510 secs] [Times: user=0.01 sys=0.00, real=0.01 secs] 
41.025: Total time for which application threads were stopped: 0.0116380 seconds, Stopping threads took: 0.0056020 seconds
41.025: Application time: 0.0009390 seconds
41.065: [GC41.065: [ParNew: 5386K->600K(6144K), 0.0014600 secs] 7839K->7560K(21888K), 0.0014940 secs] [Times: user=0.01 sys=0.00, real=0.00 secs] 
41.067: Total time for which application threads were stopped: 0.0414690 seconds, Stopping threads took: 0.0399060 seconds
41.067: Application time: 0.0000760 seconds
41.067: [GC [1 CMS-initial-mark: 6960K(15744K)] 8742K(21888K), 0.0001080 secs] [Times: user=0.00 sys=0.00, real=0.00 secs] 
41.067: Total time for which application threads were stopped: 0.0003090 seconds, Stopping threads took: 0.0001530 seconds
41.067: [CMS-concurrent-mark-start]
41.071: [CMS-concurrent-mark: 0.003/0.003 secs] [Times: user=0.01 sys=0.01, real=0.01 secs] 
41.071: [CMS-concurrent-preclean-start]
41.071: [CMS-concurrent-preclean: 0.000/0.000 secs] [Times: user=0.00 sys=0.00, real=0.00 secs] 
41.071: [CMS-concurrent-abortable-preclean-start]
41.157: Application time: 0.0900030 seconds
41.202: [GC41.202: [ParNew: 6085K->211K(6144K), 0.0006950 secs] 13046K->7174K(21888K), 0.0007300 secs] [Times: user=0.00 sys=0.00, real=0.00 secs] 
41.203: Total time for which application threads were stopped: 0.0455410 seconds, Stopping threads took: 0.0447360 seconds
41.203: Application time: 0.0005150 seconds
41.204: [GC41.204: [ParNew: 5697K->602K(6144K), 0.0015830 secs] 12660K->12643K(21888K), 0.0016150 secs] [Times: user=0.01 sys=0.00, real=0.00 secs] 
41.205: Total time for which application threads were stopped: 0.0018690 seconds, Stopping threads took: 0.0002040 seconds
41.283: Application time: 0.0781630 seconds
41.306: [CMS-concurrent-abortable-preclean: 0.000/0.235 secs] [Times: user=1.48 sys=0.06, real=0.23 secs] 
41.325: [GC41.325: [ParNew: 6067K->6067K(6144K), 0.0000130 secs]41.325: [CMS (concurrent mode failure): 12041K->2649K(15744K), 0.0058820 secs] 18109K->2649K(21888K), [CMS Perm : 5109K->5109K(21248K)], 0.0059390 secs] [Times: user=0.01 sys=0.01, real=0.01 secs] 
41.331: Total time for which application threads were stopped: 0.0472140 seconds, Stopping threads took: 0.0412070 seconds
41.332: Application time: 0.0009120 seconds
41.385: [GC41.385: [ParNew: 5483K->600K(6144K), 0.0017350 secs] 8132K->7853K(21888K), 0.0017650 secs] [Times: user=0.01 sys=0.00, real=0.00 secs] 
41.387: Total time for which application threads were stopped: 0.0550700 seconds, Stopping threads took: 0.0532300 seconds
41.387: Application time: 0.0000420 seconds
41.387: [GC [1 CMS-initial-mark: 7253K(15744K)] 8150K(21888K), 0.0000950 secs] [Times: user=0.00 sys=0.00, real=0.00 secs] 
41.387: Total time for which application threads were stopped: 0.0002990 seconds, Stopping threads took: 0.0001810 seconds
41.387: [CMS-concurrent-mark-start]
41.391: [CMS-concurrent-mark: 0.004/0.004 secs] [Times: user=0.01 sys=0.00, real=0.01 secs] 
41.391: [CMS-concurrent-preclean-start]
41.391: [CMS-concurrent-preclean: 0.000/0.000 secs] [Times: user=0.01 sys=0.00, real=0.00 secs] 
41.391: [CMS-concurrent-abortable-preclean-start]
41.483: Application time: 0.0963900 seconds
41.532: [GC41.532: [ParNew: 5987K->402K(6144K), 0.0004490 secs] 13241K->7659K(21888K), 0.0004830 secs] [Times: user=0.00 sys=0.00, real=0.00 secs] 
41.532: Total time for which application threads were stopped: 0.0487280 seconds, Stopping threads took: 0.0481710 seconds
41.536: Application time: 0.0036040 seconds
41.609: [GC41.609: [ParNew: 5888K->600K(6144K), 0.0006220 secs] 13145K->8833K(21888K), 0.0006510 secs] [Times: user=0.01 sys=0.00, real=0.00 secs] 
41.610: Total time for which application threads were stopped: 0.0738650 seconds, Stopping threads took: 0.0731630 seconds
41.610: Application time: 0.0007080 seconds
41.686: [GC41.686: [ParNew: 5985K->496K(6144K), 0.0009410 secs] 14219K->10879K(21888K), 0.0009750 secs] [Times: user=0.01 sys=0.00, real=0.00 secs] 
41.687: Total time for which application threads were stopped: 0.0769650 seconds, Stopping threads took: 0.0759240 seconds
41.688: Application time: 0.0009090 seconds
41.764: [GC41.764: [ParNew: 5982K->600K(6144K), 0.0017270 secs] 16365K->15280K(21888K), 0.0017660 secs] [Times: user=0.01 sys=0.00, real=0.00 secs] 
41.765: Total time for which application threads were stopped: 0.0771510 seconds, Stopping threads took: 0.0753050 seconds
41.844: Application time: 0.0784790 seconds
41.850: [GC41.850: [ParNew: 6085K->6085K(6144K), 0.0000130 secs]41.850: [CMS41.850: [CMS-concurrent-abortable-preclean: 0.001/0.459 secs] [Times: user=2.33 sys=0.13, real=0.46 secs] 
 (concurrent mode failure): 14680K->3039K(15744K), 0.0059170 secs] 20766K->3039K(21888K), [CMS Perm : 5109K->5109K(21248K)], 0.0059830 secs] [Times: user=0.01 sys=0.00, real=0.00 secs] 
41.856: Total time for which application threads were stopped: 0.0122780 seconds, Stopping threads took: 0.0062180 seconds
41.857: Application time: 0.0011470 seconds
41.911: [GC41.911: [ParNew: 5388K->602K(6144K), 0.0019750 secs] 8427K->8343K(21888K), 0.0020210 secs] [Times: user=0.02 sys=0.00, real=0.00 secs] 
41.913: Total time for which application threads were stopped: 0.0553940 seconds, Stopping threads took: 0.0533140 seconds
41.913: Application time: 0.0000660 seconds
41.953: [GC [1 CMS-initial-mark: 7741K(15744K)] 9135K(21888K), 0.0001110 secs] [Times: user=0.00 sys=0.00, real=0.00 secs] 
41.953: Total time for which application threads were stopped: 0.0404170 seconds, Stopping threads took: 0.0402580 seconds
41.953: [CMS-concurrent-mark-start]
41.957: [CMS-concurrent-mark: 0.004/0.004 secs] [Times: user=0.02 sys=0.00, real=0.00 secs] 
41.957: [CMS-concurrent-preclean-start]
41.957: [CMS-concurrent-preclean: 0.000/0.000 secs] [Times: user=0.00 sys=0.00, real=0.00 secs] 
41.957: [CMS-concurrent-abortable-preclean-start]
42.036: Application time: 0.0828010 seconds
42.046: [GC42.046: [ParNew: 6087K->404K(6144K), 0.0005290 secs] 13829K->8538K(21888K), 0.0005630 secs] [Times: user=0.01 sys=0.00, real=0.00 secs] 
42.047: Total time for which application threads were stopped: 0.0106090 seconds, Stopping threads took: 0.0099640 seconds
42.047: Application time: 0.0006530 seconds
42.087: [GC42.087: [ParNew: 5871K->628K(6144K), 0.0017170 secs] 14004K->13254K(21888K), 0.0017530 secs] [Times: user=0.01 sys=0.00, real=0.01 secs] 
42.089: Total time for which application threads were stopped: 0.0417630 seconds, Stopping threads took: 0.0399340 seconds
42.168: Application time: 0.0791540 seconds
42.189: [CMS-concurrent-abortable-preclean: 0.000/0.232 secs] [Times: user=1.42 sys=0.05, real=0.24 secs] 
42.214: [GC42.214: [ParNew: 6015K->6015K(6144K), 0.0000150 secs]42.214: [CMS (concurrent mode failure): 12626K->2063K(15744K), 0.0066350 secs] 18642K->2063K(21888K), [CMS Perm : 5109K->5109K(21248K)], 0.0066920 secs] [Times: user=0.00 sys=0.00, real=0.01 secs] 
42.221: Total time for which application threads were stopped: 0.0527910 seconds, Stopping threads took: 0.0460130 seconds
42.222: Application time: 0.0010720 seconds
42.222: [GC42.222: [ParNew: 5483K->596K(6144K), 0.0015260 secs] 7546K->7558K(21888K), 0.0015540 secs] [Times: user=0.01 sys=0.01, real=0.00 secs] 
42.224: Total time for which application threads were stopped: 0.0019940 seconds, Stopping threads took: 0.0003690 seconds
42.224: Application time: 0.0000550 seconds
42.224: [GC [1 CMS-initial-mark: 6962K(15744K)] 8345K(21888K), 0.0001040 secs] [Times: user=0.00 sys=0.00, real=0.00 secs] 
42.224: Total time for which application threads were stopped: 0.0001830 seconds, Stopping threads took: 0.0000540 seconds
42.224: [CMS-concurrent-mark-start]
42.228: [CMS-concurrent-mark: 0.004/0.004 secs] [Times: user=0.03 sys=0.00, real=0.01 secs] 
42.228: [CMS-concurrent-preclean-start]
42.228: [CMS-concurrent-preclean: 0.000/0.000 secs] [Times: user=0.00 sys=0.00, real=0.00 secs] 
42.228: [CMS-concurrent-abortable-preclean-start]
42.317: Application time: 0.0932590 seconds
42.357: [GC42.357: [ParNew: 6081K->594K(6144K), 0.0005130 secs] 13044K->7947K(21888K), 0.0005490 secs] [Times: user=0.01 sys=0.00, real=0.00 secs] 
42.358: Total time for which application threads were stopped: 0.0404280 seconds, Stopping threads took: 0.0397940 seconds
42.358: Application time: 0.0005680 seconds
42.398: [GC42.399: [ParNew: 5786K->602K(6144K), 0.0018080 secs] 13140K->12448K(21888K), 0.0018440 secs] [Times: user=0.01 sys=0.00, real=0.01 secs] 
42.400: Total time for which application threads were stopped: 0.0419340 seconds, Stopping threads took: 0.0400130 seconds
42.477: Application time: 0.0769390 seconds
42.501: [CMS-concurrent-abortable-preclean: 0.000/0.273 secs] [Times: user=1.56 sys=0.05, real=0.27 secs] 
42.519: [GC42.519: [ParNew: 5989K->5989K(6144K), 0.0000130 secs]42.519: [CMS (concurrent mode failure): 11846K->2038K(15744K), 0.0053230 secs] 17836K->2038K(21888K), [CMS Perm : 5109K->5109K(21248K)], 0.0053820 secs] [Times: user=0.00 sys=0.00, real=0.01 secs] 
42.524: Total time for which application threads were stopped: 0.0469980 seconds, Stopping threads took: 0.0415240 seconds
42.525: Application time: 0.0008780 seconds
42.525: [GC42.525: [ParNew: 5464K->630K(6144K), 0.0014820 secs] 7502K->7468K(21888K), 0.0015140 secs] [Times: user=0.01 sys=0.00, real=0.00 secs] 
42.527: Total time for which application threads were stopped: 0.0018090 seconds, Stopping threads took: 0.0002410 seconds
42.527: Application time: 0.0000690 seconds
42.528: [GC [1 CMS-initial-mark: 6838K(15744K)] 8353K(21888K), 0.0001120 secs] [Times: user=0.00 sys=0.00, real=0.00 secs] 
42.528: Total time for which application threads were stopped: 0.0007490 seconds, Stopping threads took: 0.0006110 seconds
42.528: [CMS-concurrent-mark-start]
42.531: [CMS-concurrent-mark: 0.003/0.003 secs] [Times: user=0.01 sys=0.00, real=0.00 secs] 
42.531: [CMS-concurrent-preclean-start]
42.531: [CMS-concurrent-preclean: 0.000/0.000 secs] [Times: user=0.02 sys=0.00, real=0.00 secs] 
42.543: Application time: 0.0156470 seconds
42.633: [GC[YG occupancy: 3087 K (6144 K)]42.633: [Rescan (parallel) , 0.0001790 secs]42.633: [weak refs processing, 0.0000090 secs]42.633: [scrub string table, 0.0001100 secs] [1 CMS-remark: 6838K(15744K)] 9926K(21888K), 0.0003400 secs] [Times: user=0.00 sys=0.00, real=0.00 secs] 
42.634: Total time for which application threads were stopped: 0.0900820 seconds, Stopping threads took: 0.0896800 seconds
42.634: [CMS-concurrent-sweep-start]
42.634: Application time: 0.0005080 seconds
42.634: [GC42.634: [ParNew: 6067K->634K(6144K), 0.0008370 secs] 12906K->9863K(21888K), 0.0008650 secs] [Times: user=0.00 sys=0.00, real=0.00 secs] 
42.635: Total time for which application threads were stopped: 0.0009940 seconds, Stopping threads took: 0.0000830 seconds
42.636: [CMS-concurrent-sweep: 0.001/0.002 secs] [Times: user=0.01 sys=0.00, real=0.00 secs] 
42.636: [CMS-concurrent-reset-start]
42.636: [CMS-concurrent-reset: 0.000/0.000 secs] [Times: user=0.00 sys=0.00, real=0.00 secs] 
42.640: Application time: 0.0046880 seconds
42.714: [GC42.714: [ParNew: 6048K->42K(6144K), 0.0003030 secs] 15272K->9267K(21888K), 0.0003330 secs] [Times: user=0.00 sys=0.00, real=0.00 secs] 
42.714: Total time for which application threads were stopped: 0.0743420 seconds, Stopping threads took: 0.0739310 seconds
42.714: Application time: 0.0000830 seconds
42.714: [GC [1 CMS-initial-mark: 9225K(15744K)] 9961K(21888K), 0.0000900 secs] [Times: user=0.00 sys=0.00, real=0.00 secs] 
42.714: Total time for which application threads were stopped: 0.0002240 seconds, Stopping threads took: 0.0001050 seconds
42.714: [CMS-concurrent-mark-start]
42.715: Application time: 0.0007290 seconds
42.755: [GC42.755: [ParNew: 5430K->630K(6144K), 0.0017760 secs] 14655K->14348K(21888K), 0.0018120 secs] [Times: user=0.01 sys=0.00, real=0.00 secs] 
42.757: Total time for which application threads were stopped: 0.0419590 seconds, Stopping threads took: 0.0400720 seconds
42.760: [CMS-concurrent-mark: 0.003/0.045 secs] [Times: user=0.08 sys=0.03, real=0.05 secs] 
42.760: [CMS-concurrent-preclean-start]
42.760: [CMS-concurrent-preclean: 0.000/0.000 secs] [Times: user=0.00 sys=0.00, real=0.00 secs] 
42.760: [CMS-concurrent-abortable-preclean-start]
42.760: [CMS-concurrent-abortable-preclean: 0.000/0.000 secs] [Times: user=0.00 sys=0.00, real=0.00 secs] 
42.760: Application time: 0.0029320 seconds
42.835: [GC[YG occupancy: 3164 K (6144 K)]42.835: [Rescan (parallel) , 0.0001380 secs]42.835: [weak refs processing, 0.0000080 secs]42.835: [scrub string table, 0.0001210 secs] [1 CMS-remark: 13717K(15744K)] 16882K(21888K), 0.0003100 secs] [Times: user=0.00 sys=0.00, real=0.00 secs] 
42.836: Total time for which application threads were stopped: 0.0755160 seconds, Stopping threads took: 0.0751680 seconds
42.836: [CMS-concurrent-sweep-start]
42.836: Application time: 0.0005720 seconds
42.836: [GC42.836: [ParNew: 6128K->6128K(6144K), 0.0000110 secs]42.836: [CMS42.837: [CMS-concurrent-sweep: 0.001/0.001 secs] [Times: user=0.00 sys=0.00, real=0.00 secs] 
 (concurrent mode failure): 13717K->4219K(15744K), 0.0060160 secs] 19846K->4219K(21888K), [CMS Perm : 5109K->5109K(21248K)], 0.0060660 secs] [Times: user=0.01 sys=0.00, real=0.01 secs] 
42.842: Total time for which application threads were stopped: 0.0062820 seconds, Stopping threads took: 0.0001610 seconds
42.845: Application time: 0.0024640 seconds
42.921: [GC42.921: [ParNew: 5431K->628K(6144K), 0.0006880 secs] 9651K->4847K(21888K), 0.0007220 secs] [Times: user=0.00 sys=0.00, real=0.00 secs] 
42.921: Total time for which application threads were stopped: 0.0765610 seconds, Stopping threads took: 0.0757590 seconds
42.922: Application time: 0.0008290 seconds
42.962: [GC42.962: [ParNew: 6092K->628K(6144K), 0.0016700 secs] 10312K->9381K(21888K), 0.0017030 secs] [Times: user=0.01 sys=0.00, real=0.00 secs] 
42.964: Total time for which application threads were stopped: 0.0417170 seconds, Stopping threads took: 0.0399370 seconds
42.964: Application time: 0.0000640 seconds
43.016: [GC [1 CMS-initial-mark: 8752K(15744K)] 9777K(21888K), 0.0001160 secs] [Times: user=0.00 sys=0.00, real=0.00 secs] 
43.016: Total time for which application threads were stopped: 0.0523400 seconds, Stopping threads took: 0.0521760 seconds
43.016: [CMS-concurrent-mark-start]
43.020: [CMS-concurrent-mark: 0.003/0.003 secs] [Times: user=0.03 sys=0.00, real=0.01 secs] 
43.020: [CMS-concurrent-preclean-start]
43.020: [CMS-concurrent-preclean: 0.000/0.000 secs] [Times: user=0.00 sys=0.00, real=0.00 secs] 
43.020: [CMS-concurrent-abortable-preclean-start]
43.024: Application time: 0.0077310 seconds
43.124: [GC43.124: [ParNew: 6094K->432K(6144K), 0.0004390 secs] 14847K->9610K(21888K), 0.0004700 secs] [Times: user=0.01 sys=0.00, real=0.00 secs] 
43.125: Total time for which application threads were stopped: 0.1005320 seconds, Stopping threads took: 0.0999950 seconds
43.125: Application time: 0.0006850 seconds
43.165: [GC43.165: [ParNew: 5821K->602K(6144K), 0.0017270 secs] 14998K->14300K(21888K), 0.0017690 secs] [Times: user=0.01 sys=0.00, real=0.00 secs] 
43.167: Total time for which application threads were stopped: 0.0418450 seconds, Stopping threads took: 0.0399870 seconds
43.246: Application time: 0.0785430 seconds
43.267: [CMS-concurrent-abortable-preclean: 0.000/0.247 secs] [Times: user=1.28 sys=0.09, real=0.25 secs] 
43.286: [GC43.286: [ParNew: 5989K->5989K(6144K), 0.0000130 secs]43.286: [CMS (concurrent mode failure): 13698K->2064K(15744K), 0.0065150 secs] 19688K->2064K(21888K), [CMS Perm : 5109K->5109K(21248K)], 0.0065690 secs] [Times: user=0.01 sys=0.00, real=0.01 secs] 
43.293: Total time for which application threads were stopped: 0.0472130 seconds, Stopping threads took: 0.0405730 seconds
43.294: Application time: 0.0009030 seconds
43.334: [GC43.334: [ParNew: 5387K->596K(6144K), 0.0015070 secs] 7452K->7166K(21888K), 0.0015370 secs] [Times: user=0.01 sys=0.00, real=0.00 secs] 
43.336: Total time for which application threads were stopped: 0.0417500 seconds, Stopping threads took: 0.0401390 seconds
43.336: Application time: 0.0000480 seconds
43.336: [GC [1 CMS-initial-mark: 6570K(15744K)] 7557K(21888K), 0.0001130 secs] [Times: user=0.00 sys=0.00, real=0.00 secs] 
43.336: Total time for which application threads were stopped: 0.0003950 seconds, Stopping threads took: 0.0002580 seconds
43.336: [CMS-concurrent-mark-start]
43.340: [CMS-concurrent-mark: 0.004/0.004 secs] [Times: user=0.03 sys=0.00, real=0.01 secs] 
43.340: [CMS-concurrent-preclean-start]
43.340: [CMS-concurrent-preclean: 0.000/0.000 secs] [Times: user=0.00 sys=0.00, real=0.00 secs] 
43.340: [CMS-concurrent-abortable-preclean-start]
43.425: Application time: 0.0884580 seconds
43.482: [GC43.482: [ParNew: 5983K->402K(6144K), 0.0004350 secs] 12554K->7367K(21888K), 0.0004640 secs] [Times: user=0.00 sys=0.00, real=0.00 secs] 
43.482: Total time for which application threads were stopped: 0.0576220 seconds, Stopping threads took: 0.0570740 seconds
43.483: Application time: 0.0006160 seconds
43.523: [GC43.523: [ParNew: 5790K->602K(6144K), 0.0016640 secs] 12755K->12059K(21888K), 0.0016990 secs] [Times: user=0.01 sys=0.00, real=0.00 secs] 
43.525: Total time for which application threads were stopped: 0.0418640 seconds, Stopping threads took: 0.0401020 seconds
43.602: Application time: 0.0774370 seconds
43.625: [CMS-concurrent-abortable-preclean: 0.000/0.285 secs] [Times: user=1.50 sys=0.08, real=0.28 secs] 
43.644: [GC43.644: [ParNew: 5989K->5989K(6144K), 0.0000130 secs]43.644: [CMS (concurrent mode failure): 11457K->2064K(15744K), 0.0055100 secs] 17447K->2064K(21888K), [CMS Perm : 5109K->5109K(21248K)], 0.0055660 secs] [Times: user=0.00 sys=0.00, real=0.01 secs] 
43.649: Total time for which application threads were stopped: 0.0471610 seconds, Stopping threads took: 0.0415110 seconds
43.650: Application time: 0.0009710 seconds
43.651: [GC43.651: [ParNew: 5466K->630K(6144K), 0.0018280 secs] 7530K->7496K(21888K), 0.0018570 secs] [Times: user=0.01 sys=0.00, real=0.00 secs] 
43.652: Total time for which application threads were stopped: 0.0022310 seconds, Stopping threads took: 0.0003220 seconds
43.652: Application time: 0.0000540 seconds
43.653: [GC [1 CMS-initial-mark: 6866K(15744K)] 7691K(21888K), 0.0001070 secs] [Times: user=0.00 sys=0.00, real=0.00 secs] 
43.653: Total time for which application threads were stopped: 0.0004990 seconds, Stopping threads took: 0.0003490 seconds
43.653: [CMS-concurrent-mark-start]
43.656: [CMS-concurrent-mark: 0.003/0.003 secs] [Times: user=0.03 sys=0.00, real=0.00 secs] 
43.657: [CMS-concurrent-preclean-start]
43.657: [CMS-concurrent-preclean: 0.000/0.000 secs] [Times: user=0.00 sys=0.00, real=0.00 secs] 
43.657: [CMS-concurrent-abortable-preclean-start]
43.746: Application time: 0.0931380 seconds
43.803: [GC43.803: [ParNew: 6017K->402K(6144K), 0.0006720 secs] 12883K->7688K(21888K), 0.0007020 secs] [Times: user=0.00 sys=0.00, real=0.00 secs] 
43.804: Total time for which application threads were stopped: 0.0578280 seconds, Stopping threads took: 0.0570490 seconds
43.805: Application time: 0.0006120 seconds
43.845: [GC43.845: [ParNew: 5790K->602K(6144K), 0.0016190 secs] 13077K->12380K(21888K), 0.0016550 secs] [Times: user=0.01 sys=0.00, real=0.00 secs] 
43.846: Total time for which application threads were stopped: 0.0416720 seconds, Stopping threads took: 0.0399520 seconds
43.923: Application time: 0.0768920 seconds
43.946: [CMS-concurrent-abortable-preclean: 0.000/0.290 secs] [Times: user=1.58 sys=0.08, real=0.29 secs] 
43.965: [GC43.965: [ParNew: 5989K->5989K(6144K), 0.0000120 secs]43.965: [CMS (concurrent mode failure): 11778K->2064K(15744K), 0.0057780 secs] 17768K->2064K(21888K), [CMS Perm : 5109K->5109K(21248K)], 0.0058360 secs] [Times: user=0.01 sys=0.00, real=0.01 secs] 
43.971: Total time for which application threads were stopped: 0.0475660 seconds, Stopping threads took: 0.0416470 seconds
43.972: Application time: 0.0008200 seconds
43.972: [GC43.972: [ParNew: 5386K->502K(6144K), 0.0015090 secs] 7450K->7466K(21888K), 0.0015350 secs] [Times: user=0.01 sys=0.00, real=0.00 secs] 
43.973: Total time for which application threads were stopped: 0.0019580 seconds, Stopping threads took: 0.0003530 seconds
43.974: Application time: 0.0000430 seconds
43.974: [GC [1 CMS-initial-mark: 6963K(15744K)] 7856K(21888K), 0.0000830 secs] [Times: user=0.00 sys=0.00, real=0.00 secs] 
43.974: Total time for which application threads were stopped: 0.0004380 seconds, Stopping threads took: 0.0003330 seconds
43.974: [CMS-concurrent-mark-start]
43.978: [CMS-concurrent-mark: 0.004/0.004 secs] [Times: user=0.02 sys=0.00, real=0.00 secs] 
43.978: [CMS-concurrent-preclean-start]
43.978: [CMS-concurrent-preclean: 0.000/0.000 secs] [Times: user=0.00 sys=0.00, real=0.00 secs] 
43.978: [CMS-concurrent-abortable-preclean-start]
44.071: Application time: 0.0969620 seconds
44.113: [GC44.113: [ParNew: 5890K->400K(6144K), 0.0005980 secs] 12854K->7756K(21888K), 0.0006330 secs] [Times: user=0.00 sys=0.00, real=0.00 secs] 
44.114: Total time for which application threads were stopped: 0.0430120 seconds, Stopping threads took: 0.0422930 seconds
44.115: Application time: 0.0006700 seconds
44.155: [GC44.155: [ParNew: 5769K->532K(6144K), 0.0017200 secs] 13125K->12380K(21888K), 0.0017670 secs] [Times: user=0.01 sys=0.00, real=0.00 secs] 
44.156: Total time for which application threads were stopped: 0.0418280 seconds, Stopping threads took: 0.0399740 seconds
44.234: Application time: 0.0778830 seconds
44.237: [GC44.237: [ParNew: 5920K->5920K(6144K), 0.0000130 secs]44.237: [CMS44.237: [CMS-concurrent-abortable-preclean: 0.000/0.259 secs] [Times: user=1.58 sys=0.05, real=0.26 secs] 
 (concurrent mode failure): 11848K->3040K(15744K), 0.0060010 secs] 17768K->3040K(21888K), [CMS Perm : 5109K->5109K(21248K)], 0.0060660 secs] [Times: user=0.01 sys=0.01, real=0.01 secs] 
44.243: Total time for which application threads were stopped: 0.0085720 seconds, Stopping threads took: 0.0024160 seconds
44.244: Application time: 0.0011270 seconds
44.305: [GC44.305: [ParNew: 5485K->602K(6144K), 0.0014900 secs] 8526K->7952K(21888K), 0.0015230 secs] [Times: user=0.01 sys=0.00, real=0.00 secs] 
44.307: Total time for which application threads were stopped: 0.0626200 seconds, Stopping threads took: 0.0610200 seconds
44.307: Application time: 0.0001500 seconds
44.307: [GC [1 CMS-initial-mark: 7350K(15744K)] 8841K(21888K), 0.0001020 secs] [Times: user=0.00 sys=0.00, real=0.00 secs] 
44.307: Total time for which application threads were stopped: 0.0002970 seconds, Stopping threads took: 0.0001730 seconds
44.307: [CMS-concurrent-mark-start]
44.311: [CMS-concurrent-mark: 0.004/0.004 secs] [Times: user=0.01 sys=0.00, real=0.01 secs] 
44.311: [CMS-concurrent-preclean-start]
44.311: [CMS-concurrent-preclean: 0.000/0.000 secs] [Times: user=0.00 sys=0.00, real=0.00 secs] 
44.311: [CMS-concurrent-abortable-preclean-start]
44.401: Application time: 0.0934490 seconds
44.436: [GC44.436: [ParNew: 5990K->402K(6144K), 0.0005620 secs] 13340K->8148K(21888K), 0.0005960 secs] [Times: user=0.00 sys=0.00, real=0.00 secs] 
44.437: Total time for which application threads were stopped: 0.0364720 seconds, Stopping threads took: 0.0358230 seconds
44.438: Application time: 0.0008080 seconds
44.495: [GC44.495: [ParNew: 5771K->530K(6144K), 0.0013450 secs] 13517K->12769K(21888K), 0.0013750 secs] [Times: user=0.01 sys=0.00, real=0.00 secs] 
44.496: Total time for which application threads were stopped: 0.0584640 seconds, Stopping threads took: 0.0570390 seconds
44.573: Application time: 0.0769400 seconds
44.597: [CMS-concurrent-abortable-preclean: 0.000/0.286 secs] [Times: user=1.55 sys=0.07, real=0.28 secs] 
44.615: [GC44.615: [ParNew: 6015K->6015K(6144K), 0.0000120 secs]44.615: [CMS (concurrent mode failure): 12239K->2064K(15744K), 0.0057870 secs] 18255K->2064K(21888K), [CMS Perm : 5109K->5109K(21248K)], 0.0058430 secs] [Times: user=0.00 sys=0.00, real=0.01 secs] 
44.621: Total time for which application threads were stopped: 0.0477270 seconds, Stopping threads took: 0.0417950 seconds
44.622: Application time: 0.0011050 seconds
44.673: [GC44.673: [ParNew: 5349K->558K(6144K), 0.0011900 secs] 7413K->5953K(21888K), 0.0012180 secs] [Times: user=0.01 sys=0.00, real=0.00 secs] 
44.675: Total time for which application threads were stopped: 0.0525280 seconds, Stopping threads took: 0.0512360 seconds
44.675: Application time: 0.0000420 seconds
44.715: [GC [1 CMS-initial-mark: 5395K(15744K)] 6936K(21888K), 0.0000900 secs] [Times: user=0.00 sys=0.00, real=0.00 secs] 
44.715: Total time for which application threads were stopped: 0.0399570 seconds, Stopping threads took: 0.0398440 seconds
44.715: [CMS-concurrent-mark-start]
44.716: Application time: 0.0009750 seconds
44.787: [GC44.787: [ParNew: 5749K->504K(6144K), 0.0012400 secs] 11144K->8894K(21888K), 0.0012760 secs] [Times: user=0.01 sys=0.00, real=0.01 secs] 
44.788: Total time for which application threads were stopped: 0.0726160 seconds, Stopping threads took: 0.0712840 seconds
44.791: [CMS-concurrent-mark: 0.004/0.077 secs] [Times: user=0.24 sys=0.05, real=0.08 secs] 
44.791: [CMS-concurrent-preclean-start]
44.792: [CMS-concurrent-preclean: 0.000/0.000 secs] [Times: user=0.02 sys=0.00, real=0.00 secs] 
44.792: [CMS-concurrent-abortable-preclean-start]
44.864: Application time: 0.0761150 seconds
44.880: [GC44.880: [ParNew: 5970K->434K(6144K), 0.0005070 secs] 14360K->8824K(21888K), 0.0005480 secs] [Times: user=0.00 sys=0.00, real=0.00 secs] 
44.880: Total time for which application threads were stopped: 0.0157630 seconds, Stopping threads took: 0.0151420 seconds
44.881: Application time: 0.0004930 seconds
44.881: [GC44.881: [ParNew: 5918K->600K(6144K), 0.0016550 secs] 14308K->14292K(21888K), 0.0016820 secs] [Times: user=0.02 sys=0.00, real=0.00 secs] 
44.883: Total time for which application threads were stopped: 0.0020870 seconds, Stopping threads took: 0.0003550 seconds
44.962: Application time: 0.0788610 seconds
44.983: [CMS-concurrent-abortable-preclean: 0.000/0.191 secs] [Times: user=1.27 sys=0.03, real=0.19 secs] 
45.008: [GC45.008: [ParNew: 5987K->5987K(6144K), 0.0000130 secs]45.008: [CMS (concurrent mode failure): 13692K->2845K(15744K), 0.0066210 secs] 19680K->2845K(21888K), [CMS Perm : 5109K->5109K(21248K)], 0.0066770 secs] [Times: user=0.01 sys=0.00, real=0.00 secs] 
45.014: Total time for which application threads were stopped: 0.0527380 seconds, Stopping threads took: 0.0459990 seconds
45.015: Application time: 0.0010200 seconds
45.064: [GC45.064: [ParNew: 5485K->500K(6144K), 0.0016610 secs] 8331K->8048K(21888K), 0.0016890 secs] [Times: user=0.01 sys=0.00, real=0.00 secs] 
45.065: Total time for which application threads were stopped: 0.0499670 seconds, Stopping threads took: 0.0482230 seconds
45.065: Application time: 0.0000520 seconds
45.066: [GC [1 CMS-initial-mark: 7547K(15744K)] 8640K(21888K), 0.0001060 secs] [Times: user=0.00 sys=0.00, real=0.00 secs] 
45.066: Total time for which application threads were stopped: 0.0003160 seconds, Stopping threads took: 0.0001630 seconds
45.066: [CMS-concurrent-mark-start]
45.070: [CMS-concurrent-mark: 0.004/0.004 secs] [Times: user=0.02 sys=0.00, real=0.01 secs] 
45.070: [CMS-concurrent-preclean-start]
45.070: [CMS-concurrent-preclean: 0.000/0.000 secs] [Times: user=0.00 sys=0.00, real=0.00 secs] 
45.070: [CMS-concurrent-abortable-preclean-start]
45.144: Application time: 0.0779210 seconds
45.150: [GC45.150: [ParNew: 5771K->630K(6144K), 0.0009610 secs] 13318K->10133K(21888K), 0.0009960 secs] [Times: user=0.00 sys=0.00, real=0.00 secs] 
45.151: Total time for which application threads were stopped: 0.0075760 seconds, Stopping threads took: 0.0064900 seconds
45.152: Application time: 0.0011090 seconds
45.222: [GC45.222: [ParNew: 6115K->500K(6144K), 0.0017210 secs] 15619K->14330K(21888K), 0.0017560 secs] [Times: user=0.02 sys=0.00, real=0.00 secs] 
45.224: Total time for which application threads were stopped: 0.0718390 seconds, Stopping threads took: 0.0700260 seconds
45.304: Application time: 0.0795640 seconds
45.307: [GC45.307: [ParNew: 5938K->5938K(6144K), 0.0000150 secs]45.307: [CMS45.307: [CMS-concurrent-abortable-preclean: 0.000/0.237 secs] [Times: user=1.45 sys=0.05, real=0.23 secs] 
 (concurrent mode failure): 13830K->2870K(15744K), 0.0067420 secs] 19768K->2870K(21888K), [CMS Perm : 5109K->5109K(21248K)], 0.0068090 secs] [Times: user=0.01 sys=0.00, real=0.01 secs] 
45.313: Total time for which application threads were stopped: 0.0097140 seconds, Stopping threads took: 0.0028320 seconds
45.315: Application time: 0.0013610 seconds
45.355: [GC45.355: [ParNew: 5414K->626K(6144K), 0.0016250 secs] 8284K->7706K(21888K), 0.0016570 secs] [Times: user=0.01 sys=0.00, real=0.00 secs] 
45.356: Total time for which application threads were stopped: 0.0417290 seconds, Stopping threads took: 0.0399980 seconds
45.357: Application time: 0.0000810 seconds
45.357: [GC [1 CMS-initial-mark: 7080K(15744K)] 8003K(21888K), 0.0001000 secs] [Times: user=0.00 sys=0.00, real=0.00 secs] 
45.357: Total time for which application threads were stopped: 0.0002280 seconds, Stopping threads took: 0.0001050 seconds
45.357: [CMS-concurrent-mark-start]
45.360: [CMS-concurrent-mark: 0.004/0.004 secs] [Times: user=0.02 sys=0.00, real=0.01 secs] 
45.361: [CMS-concurrent-preclean-start]
45.361: [CMS-concurrent-preclean: 0.000/0.000 secs] [Times: user=0.00 sys=0.00, real=0.00 secs] 
45.361: [CMS-concurrent-abortable-preclean-start]
45.446: Application time: 0.0892330 seconds
45.454: [GC45.454: [ParNew: 6014K->600K(6144K), 0.0005780 secs] 13094K->8692K(21888K), 0.0006140 secs] [Times: user=0.00 sys=0.00, real=0.00 secs] 
45.454: Total time for which application threads were stopped: 0.0082770 seconds, Stopping threads took: 0.0076050 seconds
45.455: Application time: 0.0008650 seconds
45.507: [GC45.507: [ParNew: 6085K->600K(6144K), 0.0017030 secs] 14178K->12990K(21888K), 0.0017410 secs] [Times: user=0.02 sys=0.00, real=0.01 secs] 
45.508: Total time for which application threads were stopped: 0.0532670 seconds, Stopping threads took: 0.0514660 seconds
45.587: Application time: 0.0783970 seconds
45.588: [GC45.588: [ParNew: 6085K->6085K(6144K), 0.0000150 secs]45.588: [CMS45.588: [CMS-concurrent-abortable-preclean: 0.000/0.227 secs] [Times: user=1.46 sys=0.05, real=0.23 secs] 
 (concurrent mode failure): 12390K->3041K(15744K), 0.0063700 secs] 18475K->3041K(21888K), [CMS Perm : 5109K->5109K(21248K)], 0.0064350 secs] [Times: user=0.01 sys=0.00, real=0.00 secs] 
45.595: Total time for which application threads were stopped: 0.0076700 seconds, Stopping threads took: 0.0011430 seconds
45.596: Application time: 0.0012290 seconds
45.650: [GC45.650: [ParNew: 5388K->504K(6144K), 0.0016440 secs] 8430K->8051K(21888K), 0.0016760 secs] [Times: user=0.00 sys=0.01, real=0.00 secs] 
45.652: Total time for which application threads were stopped: 0.0559480 seconds, Stopping threads took: 0.0541950 seconds
45.652: Application time: 0.0001740 seconds
45.692: [GC [1 CMS-initial-mark: 7546K(15744K)] 9528K(21888K), 0.0000970 secs] [Times: user=0.00 sys=0.00, real=0.00 secs] 
45.692: Total time for which application threads were stopped: 0.0400570 seconds, Stopping threads took: 0.0399140 seconds
45.692: [CMS-concurrent-mark-start]
45.696: [CMS-concurrent-mark: 0.004/0.004 secs] [Times: user=0.03 sys=0.00, real=0.00 secs] 
45.696: [CMS-concurrent-preclean-start]
45.696: [CMS-concurrent-preclean: 0.000/0.000 secs] [Times: user=0.00 sys=0.00, real=0.00 secs] 
45.696: [CMS-concurrent-abortable-preclean-start]
45.776: Application time: 0.0836410 seconds
45.783: [GC45.783: [ParNew: 5990K->404K(6144K), 0.0006740 secs] 13536K->8345K(21888K), 0.0007090 secs] [Times: user=0.00 sys=0.00, real=0.00 secs] 
45.784: Total time for which application threads were stopped: 0.0083250 seconds, Stopping threads took: 0.0075580 seconds
45.785: Application time: 0.0008240 seconds
45.836: [GC45.836: [ParNew: 5771K->530K(6144K), 0.0015630 secs] 13712K->12964K(21888K), 0.0015980 secs] [Times: user=0.01 sys=0.00, real=0.00 secs] 
45.838: Total time for which application threads were stopped: 0.0530240 seconds, Stopping threads took: 0.0513670 seconds
45.916: Application time: 0.0779850 seconds
45.920: [GC45.920: [ParNew: 5918K->5918K(6144K), 0.0000130 secs]45.920: [CMS45.920: [CMS-concurrent-abortable-preclean: 0.000/0.224 secs] [Times: user=1.38 sys=0.06, real=0.23 secs] 
 (concurrent mode failure): 12433K->3041K(15744K), 0.0053960 secs] 18351K->3041K(21888K), [CMS Perm : 5109K->5109K(21248K)], 0.0054620 secs] [Times: user=0.00 sys=0.00, real=0.00 secs] 
45.925: Total time for which application threads were stopped: 0.0096990 seconds, Stopping threads took: 0.0041490 seconds
45.927: Application time: 0.0012110 seconds
45.974: [GC45.974: [ParNew: 5483K->602K(6144K), 0.0016390 secs] 8525K->7070K(21888K), 0.0016720 secs] [Times: user=0.01 sys=0.00, real=0.00 secs] 
45.976: Total time for which application threads were stopped: 0.0494910 seconds, Stopping threads took: 0.0477420 seconds
45.976: Application time: 0.0000460 seconds
46.029: [GC [1 CMS-initial-mark: 6468K(15744K)] 7271K(21888K), 0.0001110 secs] [Times: user=0.00 sys=0.00, real=0.00 secs] 
46.029: Total time for which application threads were stopped: 0.0529850 seconds, Stopping threads took: 0.0528260 seconds
46.029: [CMS-concurrent-mark-start]
46.032: [CMS-concurrent-mark: 0.003/0.003 secs] [Times: user=0.02 sys=0.00, real=0.00 secs] 
46.032: [CMS-concurrent-preclean-start]
46.032: [CMS-concurrent-preclean: 0.000/0.000 secs] [Times: user=0.00 sys=0.00, real=0.00 secs] 
46.032: [CMS-concurrent-abortable-preclean-start]
46.036: Application time: 0.0065510 seconds
46.106: [GC46.106: [ParNew: 5990K->602K(6144K), 0.0005760 secs] 12458K->7268K(21888K), 0.0006070 secs] [Times: user=0.00 sys=0.00, real=0.00 secs] 
46.107: Total time for which application threads were stopped: 0.0711680 seconds, Stopping threads took: 0.0704850 seconds
46.107: Application time: 0.0005130 seconds
46.108: [GC46.108: [ParNew: 6083K->598K(6144K), 0.0020050 secs] 12750K->12740K(21888K), 0.0020370 secs] [Times: user=0.01 sys=0.00, real=0.00 secs] 
46.110: Total time for which application threads were stopped: 0.0024980 seconds, Stopping threads took: 0.0004070 seconds
46.188: Application time: 0.0779590 seconds
46.210: [CMS-concurrent-abortable-preclean: 0.000/0.178 secs] [Times: user=1.10 sys=0.06, real=0.18 secs] 
46.229: [GC46.229: [ParNew: 6083K->6083K(6144K), 0.0000120 secs]46.229: [CMS (concurrent mode failure): 12141K->3335K(15744K), 0.0059990 secs] 18225K->3335K(21888K), [CMS Perm : 5109K->5109K(21248K)], 0.0060580 secs] [Times: user=0.00 sys=0.00, real=0.00 secs] 
46.235: Total time for which application threads were stopped: 0.0469850 seconds, Stopping threads took: 0.0408370 seconds
46.236: Application time: 0.0012100 seconds
46.276: [GC46.276: [ParNew: 5447K->634K(6144K), 0.0016530 secs] 8782K->8597K(21888K), 0.0016850 secs] [Times: user=0.01 sys=0.01, real=0.00 secs] 
46.278: Total time for which application threads were stopped: 0.0415120 seconds, Stopping threads took: 0.0397670 seconds
46.278: Application time: 0.0000570 seconds
46.278: [GC [1 CMS-initial-mark: 7963K(15744K)] 9187K(21888K), 0.0001070 secs] [Times: user=0.00 sys=0.00, real=0.00 secs] 
46.278: Total time for which application threads were stopped: 0.0005270 seconds, Stopping threads took: 0.0003720 seconds
46.278: [CMS-concurrent-mark-start]
46.282: [CMS-concurrent-mark: 0.003/0.003 secs] [Times: user=0.02 sys=0.00, real=0.01 secs] 
46.282: [CMS-concurrent-preclean-start]
46.282: [CMS-concurrent-preclean: 0.000/0.000 secs] [Times: user=0.00 sys=0.00, real=0.00 secs] 
46.282: [CMS-concurrent-abortable-preclean-start]
46.365: Application time: 0.0866400 seconds
46.421: [GC46.421: [ParNew: 6119K->598K(6144K), 0.0005730 secs] 14083K->8988K(21888K), 0.0006020 secs] [Times: user=0.00 sys=0.00, real=0.00 secs] 
46.422: Total time for which application threads were stopped: 0.0572390 seconds, Stopping threads took: 0.0565830 seconds
46.423: Application time: 0.0006840 seconds
46.463: [GC46.463: [ParNew: 5790K->602K(6144K), 0.0017140 secs] 14181K->13485K(21888K), 0.0017540 secs] [Times: user=0.01 sys=0.00, real=0.00 secs] 
46.464: Total time for which application threads were stopped: 0.0417360 seconds, Stopping threads took: 0.0398990 seconds
46.542: Application time: 0.0771000 seconds
46.565: [CMS-concurrent-abortable-preclean: 0.000/0.283 secs] [Times: user=1.51 sys=0.08, real=0.28 secs] 
46.584: [GC46.584: [ParNew: 5989K->5989K(6144K), 0.0000130 secs]46.584: [CMS (concurrent mode failure): 12883K->2065K(15744K), 0.0057340 secs] 18873K->2065K(21888K), [CMS Perm : 5109K->5109K(21248K)], 0.0057870 secs] [Times: user=0.01 sys=0.00, real=0.01 secs] 
46.590: Total time for which application threads were stopped: 0.0480540 seconds, Stopping threads took: 0.0421850 seconds
46.591: Application time: 0.0009050 seconds
46.631: [GC46.631: [ParNew: 5388K->600K(6144K), 0.0014030 secs] 7453K->7172K(21888K), 0.0014340 secs] [Times: user=0.01 sys=0.00, real=0.00 secs] 
46.632: Total time for which application threads were stopped: 0.0415690 seconds, Stopping threads took: 0.0400630 seconds
46.632: Application time: 0.0000440 seconds
46.633: [GC [1 CMS-initial-mark: 6572K(15744K)] 7563K(21888K), 0.0001090 secs] [Times: user=0.00 sys=0.00, real=0.00 secs] 
46.633: Total time for which application threads were stopped: 0.0007950 seconds, Stopping threads took: 0.0006390 seconds
46.633: [CMS-concurrent-mark-start]
46.637: [CMS-concurrent-mark: 0.004/0.004 secs] [Times: user=0.02 sys=0.00, real=0.00 secs] 
46.637: [CMS-concurrent-preclean-start]
46.637: [CMS-concurrent-preclean: 0.000/0.000 secs] [Times: user=0.00 sys=0.00, real=0.00 secs] 
46.637: [CMS-concurrent-abortable-preclean-start]
46.722: Application time: 0.0894540 seconds
46.761: [GC46.761: [ParNew: 5792K->598K(6144K), 0.0006580 secs] 12364K->7173K(21888K), 0.0006900 secs] [Times: user=0.00 sys=0.00, real=0.00 secs] 
46.762: Total time for which application threads were stopped: 0.0396310 seconds, Stopping threads took: 0.0388560 seconds
46.763: Application time: 0.0006540 seconds
46.763: [GC46.763: [ParNew: 6045K->634K(6144K), 0.0019670 secs] 12620K->12508K(21888K), 0.0020020 secs] [Times: user=0.01 sys=0.00, real=0.00 secs] 
46.765: Total time for which application threads were stopped: 0.0023850 seconds, Stopping threads took: 0.0003290 seconds
46.843: Application time: 0.0777510 seconds
46.844: [GC46.844: [ParNew: 6119K->6119K(6144K), 0.0000120 secs]46.844: [CMS46.845: [CMS-concurrent-abortable-preclean: 0.000/0.208 secs] [Times: user=1.41 sys=0.03, real=0.21 secs] 
 (concurrent mode failure): 11873K->4018K(15744K), 0.0055400 secs] 17993K->4018K(21888K), [CMS Perm : 5109K->5109K(21248K)], 0.0056040 secs] [Times: user=0.00 sys=0.00, real=0.01 secs] 
46.850: Total time for which application threads were stopped: 0.0072390 seconds, Stopping threads took: 0.0015440 seconds
46.851: Application time: 0.0012230 seconds
46.923: [GC46.923: [ParNew: 5483K->596K(6144K), 0.0012780 secs] 9502K->7160K(21888K), 0.0013120 secs] [Times: user=0.01 sys=0.00, real=0.00 secs] 
46.924: Total time for which application threads were stopped: 0.0731580 seconds, Stopping threads took: 0.0717860 seconds
46.925: Application time: 0.0000410 seconds
46.965: [GC [1 CMS-initial-mark: 6563K(15744K)] 7263K(21888K), 0.0000930 secs] [Times: user=0.00 sys=0.00, real=0.00 secs] 
46.965: Total time for which application threads were stopped: 0.0401100 seconds, Stopping threads took: 0.0399960 seconds
46.965: [CMS-concurrent-mark-start]
46.968: [CMS-concurrent-mark: 0.003/0.003 secs] [Times: user=0.02 sys=0.00, real=0.01 secs] 
46.968: [CMS-concurrent-preclean-start]
46.968: [CMS-concurrent-preclean: 0.000/0.000 secs] [Times: user=0.00 sys=0.00, real=0.00 secs] 
46.968: [CMS-concurrent-abortable-preclean-start]
46.972: Application time: 0.0070590 seconds
47.042: [GC47.042: [ParNew: 5964K->628K(6144K), 0.0003940 secs] 12528K->7196K(21888K), 0.0004260 secs] [Times: user=0.00 sys=0.00, real=0.00 secs] 
47.043: Total time for which application threads were stopped: 0.0709560 seconds, Stopping threads took: 0.0704530 seconds
47.043: Application time: 0.0005700 seconds
47.044: [GC47.044: [ParNew: 6094K->530K(6144K), 0.0018700 secs] 12663K->12603K(21888K), 0.0019050 secs] [Times: user=0.01 sys=0.00, real=0.00 secs] 
47.045: Total time for which application threads were stopped: 0.0022550 seconds, Stopping threads took: 0.0002760 seconds
47.124: Application time: 0.0784880 seconds
47.146: [CMS-concurrent-abortable-preclean: 0.000/0.178 secs] [Times: user=1.11 sys=0.05, real=0.17 secs] 
47.165: [GC47.165: [ParNew: 6015K->6015K(6144K), 0.0000140 secs]47.165: [CMS (concurrent mode failure): 12072K->3042K(15744K), 0.0062120 secs] 18088K->3042K(21888K), [CMS Perm : 5109K->5109K(21248K)], 0.0062670 secs] [Times: user=0.01 sys=0.00, real=0.01 secs] 
47.171: Total time for which application threads were stopped: 0.0470130 seconds, Stopping threads took: 0.0406810 seconds
47.172: Application time: 0.0013180 seconds
47.213: [GC47.213: [ParNew: 5466K->630K(6144K), 0.0016320 secs] 8508K->8079K(21888K), 0.0016630 secs] [Times: user=0.01 sys=0.00, real=0.00 secs] 
47.214: Total time for which application threads were stopped: 0.0421690 seconds, Stopping threads took: 0.0404280 seconds
47.215: Application time: 0.0000950 seconds
47.255: [GC [1 CMS-initial-mark: 7449K(15744K)] 9064K(21888K), 0.0001000 secs] [Times: user=0.00 sys=0.00, real=0.00 secs] 
47.255: Total time for which application threads were stopped: 0.0401380 seconds, Stopping threads took: 0.0400000 seconds
47.255: [CMS-concurrent-mark-start]
47.258: [CMS-concurrent-mark: 0.003/0.003 secs] [Times: user=0.02 sys=0.00, real=0.00 secs] 
47.258: [CMS-concurrent-preclean-start]
47.258: [CMS-concurrent-preclean: 0.000/0.000 secs] [Times: user=0.00 sys=0.00, real=0.00 secs] 
47.258: [CMS-concurrent-abortable-preclean-start]
47.340: Application time: 0.0853390 seconds
47.349: [GC47.349: [ParNew: 6115K->600K(6144K), 0.0006600 secs] 13565K->8278K(21888K), 0.0006920 secs] [Times: user=0.00 sys=0.00, real=0.00 secs] 
47.350: Total time for which application threads were stopped: 0.0095130 seconds, Stopping threads took: 0.0087310 seconds
47.350: Application time: 0.0005960 seconds
47.351: [GC47.351: [ParNew: 6081K->598K(6144K), 0.0019150 secs] 13760K->13746K(21888K), 0.0019490 secs] [Times: user=0.01 sys=0.00, real=0.00 secs] 
47.353: Total time for which application threads were stopped: 0.0023970 seconds, Stopping threads took: 0.0003710 seconds
47.431: Application time: 0.0785010 seconds
47.453: [CMS-concurrent-abortable-preclean: 0.000/0.194 secs] [Times: user=1.38 sys=0.02, real=0.20 secs] 
47.471: [GC47.471: [ParNew: 5985K->5985K(6144K), 0.0000150 secs]47.471: [CMS (concurrent mode failure): 13148K->3237K(15744K), 0.0068220 secs] 19133K->3237K(21888K), [CMS Perm : 5109K->5109K(21248K)], 0.0068770 secs] [Times: user=0.00 sys=0.00, real=0.00 secs] 
47.478: Total time for which application threads were stopped: 0.0469940 seconds, Stopping threads took: 0.0400340 seconds
47.479: Application time: 0.0014220 seconds
47.555: [GC47.555: [ParNew: 5466K->630K(6144K), 0.0012950 secs] 8703K->7391K(21888K), 0.0013270 secs] [Times: user=0.01 sys=0.00, real=0.00 secs] 
47.556: Total time for which application threads were stopped: 0.0769410 seconds, Stopping threads took: 0.0755590 seconds
47.556: Application time: 0.0000640 seconds
47.596: [GC [1 CMS-initial-mark: 6761K(15744K)] 7690K(21888K), 0.0001010 secs] [Times: user=0.00 sys=0.00, real=0.00 secs] 
47.597: Total time for which application threads were stopped: 0.0400590 seconds, Stopping threads took: 0.0399330 seconds
47.597: [CMS-concurrent-mark-start]
47.600: [CMS-concurrent-mark: 0.004/0.004 secs] [Times: user=0.02 sys=0.00, real=0.01 secs] 
47.601: [CMS-concurrent-preclean-start]
47.601: [CMS-concurrent-preclean: 0.000/0.000 secs] [Times: user=0.00 sys=0.00, real=0.00 secs] 
47.601: [CMS-concurrent-abortable-preclean-start]
47.601: Application time: 0.0044240 seconds
47.674: [GC47.674: [ParNew: 6115K->596K(6144K), 0.0006030 secs] 12877K->7781K(21888K), 0.0006350 secs] [Times: user=0.00 sys=0.00, real=0.00 secs] 
47.675: Total time for which application threads were stopped: 0.0738660 seconds, Stopping threads took: 0.0731540 seconds
47.675: Application time: 0.0005500 seconds
47.715: [GC47.715: [ParNew: 5984K->600K(6144K), 0.0016260 secs] 13169K->12475K(21888K), 0.0016570 secs] [Times: user=0.01 sys=0.00, real=0.00 secs] 
47.717: Total time for which application threads were stopped: 0.0416550 seconds, Stopping threads took: 0.0399470 seconds
47.795: Application time: 0.0781680 seconds
47.817: [CMS-concurrent-abortable-preclean: 0.000/0.217 secs] [Times: user=1.19 sys=0.06, real=0.21 secs] 
47.837: [GC47.837: [ParNew: 5987K->5987K(6144K), 0.0000130 secs]47.837: [CMS (concurrent mode failure): 11875K->2261K(15744K), 0.0052940 secs] 17863K->2261K(21888K), [CMS Perm : 5109K->5109K(21248K)], 0.0053520 secs] [Times: user=0.01 sys=0.00, real=0.01 secs] 
47.843: Total time for which application threads were stopped: 0.0475170 seconds, Stopping threads took: 0.0420840 seconds
47.843: Application time: 0.0007370 seconds
47.885: [GC47.885: [ParNew: 5192K->598K(6144K), 0.0016690 secs] 7454K->7170K(21888K), 0.0017020 secs] [Times: user=0.01 sys=0.00, real=0.00 secs] 
47.886: Total time for which application threads were stopped: 0.0427830 seconds, Stopping threads took: 0.0409970 seconds
47.886: Application time: 0.0000260 seconds
47.887: [GC [1 CMS-initial-mark: 6572K(15744K)] 7561K(21888K), 0.0000990 secs] [Times: user=0.00 sys=0.00, real=0.00 secs] 
47.887: Total time for which application threads were stopped: 0.0003360 seconds, Stopping threads took: 0.0001940 seconds
47.887: [CMS-concurrent-mark-start]
47.890: [CMS-concurrent-mark: 0.003/0.003 secs] [Times: user=0.02 sys=0.00, real=0.01 secs] 
47.890: [CMS-concurrent-preclean-start]
47.890: [CMS-concurrent-preclean: 0.000/0.000 secs] [Times: user=0.00 sys=0.00, real=0.00 secs] 
47.890: [CMS-concurrent-abortable-preclean-start]
47.974: Application time: 0.0875100 seconds
48.013: [GC48.013: [ParNew: 5985K->402K(6144K), 0.0004340 secs] 12558K->7367K(21888K), 0.0004670 secs] [Times: user=0.00 sys=0.01, real=0.00 secs] 
48.014: Total time for which application threads were stopped: 0.0398180 seconds, Stopping threads took: 0.0392840 seconds
48.015: Application time: 0.0006380 seconds
48.055: [GC48.055: [ParNew: 5790K->602K(6144K), 0.0015200 secs] 12755K->12061K(21888K), 0.0015550 secs] [Times: user=0.01 sys=0.00, real=0.00 secs] 
48.056: Total time for which application threads were stopped: 0.0415320 seconds, Stopping threads took: 0.0399230 seconds
48.134: Application time: 0.0780860 seconds
48.135: [GC48.135: [ParNew: 6087K->6087K(6144K), 0.0000140 secs]48.135: [CMS48.135: [CMS-concurrent-abortable-preclean: 0.000/0.245 secs] [Times: user=1.48 sys=0.04, real=0.24 secs] 
 (concurrent mode failure): 11459K->3237K(15744K), 0.0064690 secs] 17546K->3237K(21888K), [CMS Perm : 5109K->5109K(21248K)], 0.0065370 secs] [Times: user=0.01 sys=0.00, real=0.01 secs] 
48.142: Total time for which application threads were stopped: 0.0074950 seconds, Stopping threads took: 0.0008900 seconds
48.143: Application time: 0.0012560 seconds
48.195: [GC48.195: [ParNew: 5485K->600K(6144K), 0.0017520 secs] 8723K->8147K(21888K), 0.0017810 secs] [Times: user=0.01 sys=0.00, real=0.00 secs] 
48.196: Total time for which application threads were stopped: 0.0533670 seconds, Stopping threads took: 0.0515130 seconds
48.196: Application time: 0.0001480 seconds
48.249: [GC [1 CMS-initial-mark: 7547K(15744K)] 8350K(21888K), 0.0001120 secs] [Times: user=0.00 sys=0.00, real=0.00 secs] 
48.249: Total time for which application threads were stopped: 0.0527430 seconds, Stopping threads took: 0.0525840 seconds
48.249: [CMS-concurrent-mark-start]
48.253: [CMS-concurrent-mark: 0.004/0.004 secs] [Times: user=0.02 sys=0.00, real=0.00 secs] 
48.253: [CMS-concurrent-preclean-start]
48.253: [CMS-concurrent-preclean: 0.000/0.000 secs] [Times: user=0.00 sys=0.00, real=0.00 secs] 
48.253: [CMS-concurrent-abortable-preclean-start]
48.254: Application time: 0.0045720 seconds
48.328: [GC48.328: [ParNew: 6066K->630K(6144K), 0.0005040 secs] 13613K->8571K(21888K), 0.0005360 secs] [Times: user=0.00 sys=0.00, real=0.00 secs] 
48.329: Total time for which application threads were stopped: 0.0751700 seconds, Stopping threads took: 0.0745620 seconds
48.330: Application time: 0.0007990 seconds
48.383: [GC48.383: [ParNew: 6116K->598K(6144K), 0.0014050 secs] 14057K->12281K(21888K), 0.0014410 secs] [Times: user=0.01 sys=0.00, real=0.00 secs] 
48.384: Total time for which application threads were stopped: 0.0542780 seconds, Stopping threads took: 0.0527850 seconds
48.462: Application time: 0.0778040 seconds
48.464: [GC48.464: [ParNew: 6083K->6083K(6144K), 0.0000120 secs]48.464: [CMS48.464: [CMS-concurrent-abortable-preclean: 0.000/0.211 secs] [Times: user=1.32 sys=0.07, real=0.21 secs] 
 (concurrent mode failure): 11683K->2456K(15744K), 0.0050330 secs] 17766K->2456K(21888K), [CMS Perm : 5109K->5109K(21248K)], 0.0050950 secs] [Times: user=0.01 sys=0.00, real=0.01 secs] 
48.469: Total time for which application threads were stopped: 0.0074630 seconds, Stopping threads took: 0.0022940 seconds
48.470: Application time: 0.0011290 seconds
48.510: [GC48.510: [ParNew: 5466K->532K(6144K), 0.0012740 secs] 7922K->6710K(21888K), 0.0013060 secs] [Times: user=0.01 sys=0.00, real=0.00 secs] 
48.512: Total time for which application threads were stopped: 0.0412890 seconds, Stopping threads took: 0.0399290 seconds
48.512: Application time: 0.0000590 seconds
48.552: [GC [1 CMS-initial-mark: 6178K(15744K)] 7499K(21888K), 0.0001060 secs] [Times: user=0.00 sys=0.00, real=0.00 secs] 
48.552: Total time for which application threads were stopped: 0.0401420 seconds, Stopping threads took: 0.0399820 seconds
48.552: [CMS-concurrent-mark-start]
48.556: [CMS-concurrent-mark: 0.004/0.004 secs] [Times: user=0.03 sys=0.00, real=0.00 secs] 
48.556: [CMS-concurrent-preclean-start]
48.556: [CMS-concurrent-preclean: 0.000/0.000 secs] [Times: user=0.00 sys=0.00, real=0.00 secs] 
48.556: [CMS-concurrent-abortable-preclean-start]
48.630: Application time: 0.0784570 seconds
48.635: [GC48.635: [ParNew: 6018K->207K(6144K), 0.0004290 secs] 12196K->6421K(21888K), 0.0004620 secs] [Times: user=0.01 sys=0.00, real=0.00 secs] 
48.636: Total time for which application threads were stopped: 0.0052520 seconds, Stopping threads took: 0.0047140 seconds
48.636: Application time: 0.0007320 seconds
48.676: [GC48.676: [ParNew: 5556K->634K(6144K), 0.0012640 secs] 11770K->10583K(21888K), 0.0012960 secs] [Times: user=0.00 sys=0.00, real=0.00 secs] 
48.678: Total time for which application threads were stopped: 0.0411650 seconds, Stopping threads took: 0.0398170 seconds
48.756: Application time: 0.0782150 seconds
48.758: [GC48.758: [ParNew: 6119K->6119K(6144K), 0.0000120 secs]48.758: [CMS48.758: [CMS-concurrent-abortable-preclean: 0.000/0.202 secs] [Times: user=1.31 sys=0.03, real=0.20 secs] 
 (concurrent mode failure): 9949K->2456K(15744K), 0.0058520 secs] 16068K->2456K(21888K), [CMS Perm : 5109K->5109K(21248K)], 0.0059290 secs] [Times: user=0.01 sys=0.00, real=0.01 secs] 
48.763: Total time for which application threads were stopped: 0.0076990 seconds, Stopping threads took: 0.0017030 seconds
48.764: Application time: 0.0009240 seconds
48.804: [GC48.804: [ParNew: 5386K->600K(6144K), 0.0015400 secs] 7842K->7563K(21888K), 0.0015680 secs] [Times: user=0.01 sys=0.00, real=0.00 secs] 
48.806: Total time for which application threads were stopped: 0.0416320 seconds, Stopping threads took: 0.0400120 seconds
48.831: Application time: 0.0254090 seconds
48.907: [GC [1 CMS-initial-mark: 6963K(15744K)] 10705K(21888K), 0.0001230 secs] [Times: user=0.00 sys=0.00, real=0.00 secs] 
48.907: Total time for which application threads were stopped: 0.0757230 seconds, Stopping threads took: 0.0755410 seconds
48.907: [CMS-concurrent-mark-start]
48.908: Application time: 0.0004980 seconds
48.908: [GC48.908: [ParNew: 6095K->610K(6144K), 0.0007380 secs] 13059K->9332K(21888K), 0.0007590 secs] [Times: user=0.00 sys=0.00, real=0.00 secs] 
48.909: Total time for which application threads were stopped: 0.0008220 seconds, Stopping threads took: 0.0000230 seconds
48.909: Application time: 0.0009640 seconds
48.949: [GC48.949: [ParNew: 6063K->626K(6144K), 0.0013360 secs] 14785K->12671K(21888K), 0.0013730 secs] [Times: user=0.01 sys=0.00, real=0.00 secs] 
48.951: Total time for which application threads were stopped: 0.0413690 seconds, Stopping threads took: 0.0399190 seconds
48.954: [CMS-concurrent-mark: 0.004/0.047 secs] [Times: user=0.17 sys=0.03, real=0.05 secs] 
48.954: [CMS-concurrent-preclean-start]
48.954: [CMS-concurrent-preclean: 0.000/0.000 secs] [Times: user=0.00 sys=0.00, real=0.00 secs] 
48.954: [CMS-concurrent-abortable-preclean-start]
49.028: Application time: 0.0774570 seconds
49.034: [GC49.035: [ParNew: 6092K->6092K(6144K), 0.0000130 secs]49.035: [CMS49.035: [CMS-concurrent-abortable-preclean: 0.000/0.081 secs] [Times: user=0.63 sys=0.00, real=0.08 secs] 
 (concurrent mode failure): 12045K->2554K(15744K), 0.0051850 secs] 18138K->2554K(21888K), [CMS Perm : 5109K->5109K(21248K)], 0.0052470 secs] [Times: user=0.00 sys=0.00, real=0.01 secs] 
49.040: Total time for which application threads were stopped: 0.0114650 seconds, Stopping threads took: 0.0061470 seconds
49.041: Application time: 0.0010230 seconds
49.081: [GC49.081: [ParNew: 5485K->602K(6144K), 0.0016590 secs] 8040K->8054K(21888K), 0.0016920 secs] [Times: user=0.01 sys=0.00, real=0.00 secs] 
49.083: Total time for which application threads were stopped: 0.0419080 seconds, Stopping threads took: 0.0401400 seconds
49.083: Application time: 0.0000610 seconds
49.083: [GC [1 CMS-initial-mark: 7452K(15744K)] 8941K(21888K), 0.0001130 secs] [Times: user=0.00 sys=0.00, real=0.00 secs] 
49.083: Total time for which application threads were stopped: 0.0002990 seconds, Stopping threads took: 0.0001590 seconds
49.083: [CMS-concurrent-mark-start]
49.086: [CMS-concurrent-mark: 0.003/0.003 secs] [Times: user=0.01 sys=0.00, real=0.00 secs] 
49.086: [CMS-concurrent-preclean-start]
49.086: [CMS-concurrent-preclean: 0.000/0.000 secs] [Times: user=0.00 sys=0.00, real=0.00 secs] 
49.086: [CMS-concurrent-abortable-preclean-start]
49.177: Application time: 0.0940290 seconds
49.218: [GC49.218: [ParNew: 6087K->404K(6144K), 0.0004350 secs] 13539K->7857K(21888K), 0.0004690 secs] [Times: user=0.00 sys=0.00, real=0.00 secs] 
49.218: Total time for which application threads were stopped: 0.0413000 seconds, Stopping threads took: 0.0407570 seconds
49.219: Application time: 0.0006360 seconds
49.271: [GC49.271: [ParNew: 5871K->628K(6144K), 0.0014650 secs] 13324K->12185K(21888K), 0.0014940 secs] [Times: user=0.01 sys=0.00, real=0.00 secs] 
49.273: Total time for which application threads were stopped: 0.0536380 seconds, Stopping threads took: 0.0520920 seconds
49.350: Application time: 0.0774840 seconds
49.352: [GC49.352: [ParNew: 6113K->6113K(6144K), 0.0000120 secs]49.352: [CMS49.352: [CMS-concurrent-abortable-preclean: 0.000/0.266 secs] [Times: user=1.57 sys=0.05, real=0.27 secs] 
 (concurrent mode failure): 11557K->2847K(15744K), 0.0056440 secs] 17671K->2847K(21888K), [CMS Perm : 5109K->5109K(21248K)], 0.0057090 secs] [Times: user=0.00 sys=0.00, real=0.00 secs] 
49.358: Total time for which application threads were stopped: 0.0079590 seconds, Stopping threads took: 0.0021610 seconds
49.359: Application time: 0.0011140 seconds
49.399: [GC49.399: [ParNew: 5485K->602K(6144K), 0.0014400 secs] 8333K->7759K(21888K), 0.0014730 secs] [Times: user=0.01 sys=0.00, real=0.01 secs] 
49.401: Total time for which application threads were stopped: 0.0412990 seconds, Stopping threads took: 0.0397710 seconds
49.415: Application time: 0.0149270 seconds
49.506: [GC [1 CMS-initial-mark: 7157K(15744K)] 11486K(21888K), 0.0001410 secs] [Times: user=0.00 sys=0.00, real=0.00 secs] 
49.506: Total time for which application threads were stopped: 0.0905850 seconds, Stopping threads took: 0.0903860 seconds
49.506: [CMS-concurrent-mark-start]
49.506: Application time: 0.0003840 seconds
49.506: [GC49.506: [ParNew: 6087K->600K(6144K), 0.0006320 secs] 13244K->8929K(21888K), 0.0006520 secs] [Times: user=0.00 sys=0.00, real=0.00 secs] 
49.507: Total time for which application threads were stopped: 0.0006950 seconds, Stopping threads took: 0.0000080 seconds
49.508: Application time: 0.0009270 seconds
49.548: [GC49.548: [ParNew: 5983K->594K(6144K), 0.0016030 secs] 14313K->13616K(21888K), 0.0016370 secs] [Times: user=0.01 sys=0.00, real=0.00 secs] 
49.550: Total time for which application threads were stopped: 0.0415070 seconds, Stopping threads took: 0.0398080 seconds
49.552: [CMS-concurrent-mark: 0.004/0.046 secs] [Times: user=0.10 sys=0.02, real=0.05 secs] 
49.553: [CMS-concurrent-preclean-start]
49.553: [CMS-concurrent-preclean: 0.000/0.000 secs] [Times: user=0.00 sys=0.00, real=0.00 secs] 
49.553: Application time: 0.0030870 seconds
49.626: [GC[YG occupancy: 2463 K (6144 K)]49.626: [Rescan (parallel) , 0.0003900 secs]49.627: [weak refs processing, 0.0000070 secs]49.627: [scrub string table, 0.0001030 secs] [1 CMS-remark: 13022K(15744K)] 15486K(21888K), 0.0005450 secs] [Times: user=0.00 sys=0.00, real=0.00 secs] 
49.627: Total time for which application threads were stopped: 0.0741330 seconds, Stopping threads took: 0.0735320 seconds
49.627: [CMS-concurrent-sweep-start]
49.628: Application time: 0.0008260 seconds
49.667: [GC49.667: [ParNew: 5981K->5981K(6144K), 0.0000120 secs]49.668: [CMS49.668: [CMS-concurrent-sweep: 0.001/0.041 secs] [Times: user=0.06 sys=0.02, real=0.05 secs] 
 (concurrent mode failure): 13022K->5191K(15744K), 0.0063520 secs] 19004K->5191K(21888K), [CMS Perm : 5109K->5109K(21248K)], 0.0064100 secs] [Times: user=0.01 sys=0.00, real=0.00 secs] 
49.674: Total time for which application threads were stopped: 0.0463040 seconds, Stopping threads took: 0.0398240 seconds
49.752: Application time: 0.0783870 seconds
49.755: [GC49.755: [ParNew: 5485K->404K(6144K), 0.0006620 secs] 10676K->5988K(21888K), 0.0006990 secs] [Times: user=0.00 sys=0.00, real=0.00 secs] 
49.756: Total time for which application threads were stopped: 0.0037430 seconds, Stopping threads took: 0.0029830 seconds
49.757: Application time: 0.0007770 seconds
49.797: [GC49.797: [ParNew: 5871K->630K(6144K), 0.0015760 secs] 11454K->10721K(21888K), 0.0016050 secs] [Times: user=0.01 sys=0.00, real=0.00 secs] 
49.798: Total time for which application threads were stopped: 0.0415300 seconds, Stopping threads took: 0.0398740 seconds
49.799: Application time: 0.0001540 seconds
49.799: [GC [1 CMS-initial-mark: 10091K(15744K)] 11708K(21888K), 0.0001000 secs] [Times: user=0.00 sys=0.00, real=0.00 secs] 
49.799: Total time for which application threads were stopped: 0.0004810 seconds, Stopping threads took: 0.0003330 seconds
49.799: [CMS-concurrent-mark-start]
49.805: [CMS-concurrent-mark: 0.006/0.006 secs] [Times: user=0.04 sys=0.00, real=0.01 secs] 
49.805: [CMS-concurrent-preclean-start]
49.805: [CMS-concurrent-preclean: 0.000/0.000 secs] [Times: user=0.00 sys=0.00, real=0.00 secs] 
49.805: [CMS-concurrent-abortable-preclean-start]
49.884: Application time: 0.0847490 seconds
49.905: [CMS-concurrent-abortable-preclean: 0.000/0.100 secs] [Times: user=0.69 sys=0.02, real=0.10 secs] 
49.924: [GC49.924: [ParNew: 6017K->6017K(6144K), 0.0000120 secs]49.924: [CMS (concurrent mode failure): 10091K->2066K(15744K), 0.0054780 secs] 16109K->2066K(21888K), [CMS Perm : 5109K->5109K(21248K)], 0.0055340 secs] [Times: user=0.01 sys=0.00, real=0.01 secs] 
49.930: Total time for which application threads were stopped: 0.0458950 seconds, Stopping threads took: 0.0402780 seconds
49.930: Application time: 0.0007760 seconds
49.971: [GC49.971: [ParNew: 5388K->602K(6144K), 0.0017820 secs] 7454K->7175K(21888K), 0.0018170 secs] [Times: user=0.01 sys=0.00, real=0.00 secs] 
49.972: Total time for which application threads were stopped: 0.0419060 seconds, Stopping threads took: 0.0400140 seconds
49.972: Application time: 0.0000630 seconds
49.973: [GC [1 CMS-initial-mark: 6573K(15744K)] 8058K(21888K), 0.0001020 secs] [Times: user=0.00 sys=0.00, real=0.00 secs] 
49.973: Total time for which application threads were stopped: 0.0006970 seconds, Stopping threads took: 0.0005510 seconds
49.973: [CMS-concurrent-mark-start]
49.976: [CMS-concurrent-mark: 0.003/0.003 secs] [Times: user=0.02 sys=0.00, real=0.00 secs] 
49.977: [CMS-concurrent-preclean-start]
49.977: [CMS-concurrent-preclean: 0.000/0.000 secs] [Times: user=0.00 sys=0.00, real=0.00 secs] 
49.977: [CMS-concurrent-abortable-preclean-start]
50.062: Application time: 0.0890990 seconds
50.070: [GC50.070: [ParNew: 5989K->502K(6144K), 0.0008010 secs] 12563K->8446K(21888K), 0.0015640 secs] [Times: user=0.01 sys=0.00, real=0.00 secs] 
50.071: Total time for which application threads were stopped: 0.0091760 seconds, Stopping threads took: 0.0075130 seconds
50.072: Application time: 0.0008340 seconds
50.121: [GC50.121: [ParNew: 5988K->502K(6144K), 0.0017500 secs] 13932K->13134K(21888K), 0.0017880 secs] [Times: user=0.01 sys=0.00, real=0.00 secs] 
50.123: Total time for which application threads were stopped: 0.0510580 seconds, Stopping threads took: 0.0491910 seconds
50.201: Application time: 0.0782210 seconds
50.205: [GC50.205: [ParNew: 5968K->5968K(6144K), 0.0000150 secs]50.205: [CMS50.205: [CMS-concurrent-abortable-preclean: 0.000/0.228 secs] [Times: user=1.47 sys=0.04, real=0.23 secs] 
 (concurrent mode failure): 12632K->3238K(15744K), 0.0063930 secs] 18601K->3238K(21888K), [CMS Perm : 5109K->5109K(21248K)], 0.0064580 secs] [Times: user=0.01 sys=0.00, real=0.01 secs] 
50.211: Total time for which application threads were stopped: 0.0098840 seconds, Stopping threads took: 0.0033340 seconds
50.213: Application time: 0.0011380 seconds
50.253: [GC50.253: [ParNew: 5485K->600K(6144K), 0.0015570 secs] 8723K->8147K(21888K), 0.0015960 secs] [Times: user=0.01 sys=0.00, real=0.00 secs] 
50.254: Total time for which application threads were stopped: 0.0419660 seconds, Stopping threads took: 0.0402940 seconds
50.255: Application time: 0.0000430 seconds
50.255: [GC [1 CMS-initial-mark: 7547K(15744K)] 8247K(21888K), 0.0000930 secs] [Times: user=0.00 sys=0.00, real=0.00 secs] 
50.255: Total time for which application threads were stopped: 0.0002330 seconds, Stopping threads took: 0.0001170 seconds
50.255: [CMS-concurrent-mark-start]
50.258: [CMS-concurrent-mark: 0.004/0.004 secs] [Times: user=0.01 sys=0.00, real=0.00 secs] 
50.258: [CMS-concurrent-preclean-start]
50.259: [CMS-concurrent-preclean: 0.000/0.000 secs] [Times: user=0.00 sys=0.00, real=0.00 secs] 
50.259: [CMS-concurrent-abortable-preclean-start]
50.343: Application time: 0.0882990 seconds
50.387: [GC50.387: [ParNew: 6066K->628K(6144K), 0.0007380 secs] 13614K->8569K(21888K), 0.0007730 secs] [Times: user=0.01 sys=0.00, real=0.01 secs] 
50.388: Total time for which application threads were stopped: 0.0446300 seconds, Stopping threads took: 0.0438020 seconds
50.388: Application time: 0.0006090 seconds
50.428: [GC50.428: [ParNew: 5821K->602K(6144K), 0.0017590 secs] 13762K->13066K(21888K), 0.0017940 secs] [Times: user=0.01 sys=0.00, real=0.00 secs] 
50.430: Total time for which application threads were stopped: 0.0418310 seconds, Stopping threads took: 0.0399580 seconds
50.508: Application time: 0.0781720 seconds
50.530: [CMS-concurrent-abortable-preclean: 0.000/0.272 secs] [Times: user=1.55 sys=0.05, real=0.28 secs] 
50.549: [GC50.550: [ParNew: 5989K->5989K(6144K), 0.0000130 secs]50.550: [CMS (concurrent mode failure): 12464K->2066K(15744K), 0.0065560 secs] 18454K->2066K(21888K), [CMS Perm : 5109K->5109K(21248K)], 0.0066110 secs] [Times: user=0.00 sys=0.00, real=0.00 secs] 
50.556: Total time for which application threads were stopped: 0.0478110 seconds, Stopping threads took: 0.0411170 seconds
50.557: Application time: 0.0008770 seconds
50.597: [GC50.597: [ParNew: 5388K->602K(6144K), 0.0016200 secs] 7454K->7175K(21888K), 0.0016480 secs] [Times: user=0.01 sys=0.01, real=0.00 secs] 
50.599: Total time for which application threads were stopped: 0.0417430 seconds, Stopping threads took: 0.0400160 seconds
50.599: Application time: 0.0000490 seconds
50.599: [GC [1 CMS-initial-mark: 6573K(15744K)] 7566K(21888K), 0.0001040 secs] [Times: user=0.00 sys=0.00, real=0.00 secs] 
50.599: Total time for which application threads were stopped: 0.0003090 seconds, Stopping threads took: 0.0001710 seconds
50.599: [CMS-concurrent-mark-start]
50.603: [CMS-concurrent-mark: 0.004/0.004 secs] [Times: user=0.00 sys=0.00, real=0.01 secs] 
50.603: [CMS-concurrent-preclean-start]
50.603: [CMS-concurrent-preclean: 0.000/0.000 secs] [Times: user=0.00 sys=0.00, real=0.00 secs] 
50.603: [CMS-concurrent-abortable-preclean-start]
50.685: Application time: 0.0860780 seconds
50.698: [GC50.698: [ParNew: 6068K->530K(6144K), 0.0008540 secs] 12641K->8474K(21888K), 0.0008910 secs] [Times: user=0.00 sys=0.00, real=0.00 secs] 
50.699: Total time for which application threads were stopped: 0.0136840 seconds, Stopping threads took: 0.0127110 seconds
50.700: Application time: 0.0009350 seconds
50.740: [GC50.740: [ParNew: 5899K->630K(6144K), 0.0017100 secs] 13843K->12998K(21888K), 0.0017470 secs] [Times: user=0.01 sys=0.00, real=0.00 secs] 
50.742: Total time for which application threads were stopped: 0.0418370 seconds, Stopping threads took: 0.0400300 seconds
50.820: Application time: 0.0782840 seconds
50.821: [GC50.821: [ParNew: 6115K->6115K(6144K), 0.0000140 secs]50.821: [CMS50.821: [CMS-concurrent-abortable-preclean: 0.001/0.218 secs] [Times: user=1.48 sys=0.03, real=0.22 secs] 
 (concurrent mode failure): 12367K->3116K(15744K), 0.0062620 secs] 18483K->3116K(21888K), [CMS Perm : 5109K->5109K(21248K)], 0.0063260 secs] [Times: user=0.00 sys=0.00, real=0.00 secs] 
50.827: Total time for which application threads were stopped: 0.0072280 seconds, Stopping threads took: 0.0008210 seconds
50.828: Application time: 0.0012360 seconds
50.886: [GC50.886: [ParNew: 5466K->530K(6144K), 0.0012140 secs] 8582K->7170K(21888K), 0.0012520 secs] [Times: user=0.01 sys=0.00, real=0.00 secs] 
50.887: Total time for which application threads were stopped: 0.0586630 seconds, Stopping threads took: 0.0573340 seconds
50.887: Application time: 0.0000890 seconds
50.927: [GC [1 CMS-initial-mark: 6640K(15744K)] 8060K(21888K), 0.0001010 secs] [Times: user=0.00 sys=0.00, real=0.00 secs] 
50.927: Total time for which application threads were stopped: 0.0400100 seconds, Stopping threads took: 0.0398840 seconds
50.927: [CMS-concurrent-mark-start]
50.931: [CMS-concurrent-mark: 0.004/0.004 secs] [Times: user=0.01 sys=0.01, real=0.01 secs] 
50.931: [CMS-concurrent-preclean-start]
50.931: [CMS-concurrent-preclean: 0.000/0.000 secs] [Times: user=0.00 sys=0.00, real=0.00 secs] 
50.931: [CMS-concurrent-abortable-preclean-start]
50.931: Application time: 0.0042730 seconds
51.012: [GC51.012: [ParNew: 5918K->400K(6144K), 0.0005980 secs] 12558K->7463K(21888K), 0.0006330 secs] [Times: user=0.00 sys=0.00, real=0.00 secs] 
51.012: Total time for which application threads were stopped: 0.0809370 seconds, Stopping threads took: 0.0802330 seconds
51.013: Application time: 0.0007670 seconds
51.070: [GC51.070: [ParNew: 5867K->626K(6144K), 0.0014840 secs] 12929K->11106K(21888K), 0.0015180 secs] [Times: user=0.01 sys=0.00, real=0.00 secs] 
51.072: Total time for which application threads were stopped: 0.0587430 seconds, Stopping threads took: 0.0571500 seconds
51.143: Application time: 0.0707860 seconds
51.158: [GC51.158: [ParNew: 6014K->6014K(6144K), 0.0000140 secs]51.158: [CMS51.158: [CMS-concurrent-abortable-preclean: 0.000/0.227 secs] [Times: user=1.30 sys=0.10, real=0.22 secs] 
 (concurrent mode failure): 10480K->2066K(15744K), 0.0050100 secs] 16494K->2066K(21888K), [CMS Perm : 5109K->5109K(21248K)], 0.0050760 secs] [Times: user=0.00 sys=0.00, real=0.01 secs] 
51.163: Total time for which application threads were stopped: 0.0204850 seconds, Stopping threads took: 0.0153290 seconds
51.164: Application time: 0.0010840 seconds
51.213: [GC51.213: [ParNew: 5368K->630K(6144K), 0.0015420 secs] 7435K->7104K(21888K), 0.0015730 secs] [Times: user=0.01 sys=0.00, real=0.00 secs] 
51.215: Total time for which application threads were stopped: 0.0503370 seconds, Stopping threads took: 0.0486870 seconds
51.215: Application time: 0.0000320 seconds
51.215: [GC [1 CMS-initial-mark: 6474K(15744K)] 7496K(21888K), 0.0001100 secs] [Times: user=0.00 sys=0.00, real=0.00 secs] 
51.215: Total time for which application threads were stopped: 0.0002110 seconds, Stopping threads took: 0.0000770 seconds
51.215: [CMS-concurrent-mark-start]
51.218: [CMS-concurrent-mark: 0.003/0.003 secs] [Times: user=0.02 sys=0.00, real=0.00 secs] 
51.218: [CMS-concurrent-preclean-start]
51.218: [CMS-concurrent-preclean: 0.000/0.000 secs] [Times: user=0.00 sys=0.00, real=0.00 secs] 
51.218: [CMS-concurrent-abortable-preclean-start]
51.299: Application time: 0.0837610 seconds
51.341: [GC51.341: [ParNew: 6115K->402K(6144K), 0.0004560 secs] 12589K->7299K(21888K), 0.0004870 secs] [Times: user=0.00 sys=0.00, real=0.00 secs] 
51.341: Total time for which application threads were stopped: 0.0426810 seconds, Stopping threads took: 0.0421180 seconds
51.342: Application time: 0.0006340 seconds
51.382: [GC51.382: [ParNew: 5790K->600K(6144K), 0.0014690 secs] 12687K->11989K(21888K), 0.0015120 secs] [Times: user=0.01 sys=0.01, real=0.00 secs] 
51.383: Total time for which application threads were stopped: 0.0415090 seconds, Stopping threads took: 0.0399280 seconds
51.461: Application time: 0.0772770 seconds
51.463: [GC51.463: [ParNew: 6085K->6085K(6144K), 0.0000120 secs]51.463: [CMS51.463: [CMS-concurrent-abortable-preclean: 0.000/0.244 secs] [Times: user=1.44 sys=0.05, real=0.25 secs] 
 (concurrent mode failure): 11389K->3238K(15744K), 0.0060590 secs] 17474K->3238K(21888K), [CMS Perm : 5109K->5109K(21248K)], 0.0061270 secs] [Times: user=0.00 sys=0.00, real=0.01 secs] 
51.469: Total time for which application threads were stopped: 0.0079230 seconds, Stopping threads took: 0.0017070 seconds
51.470: Application time: 0.0012100 seconds
51.539: [GC51.539: [ParNew: 5485K->500K(6144K), 0.0013590 secs] 8724K->7460K(21888K), 0.0014000 secs] [Times: user=0.01 sys=0.00, real=0.01 secs] 
51.541: Total time for which application threads were stopped: 0.0708700 seconds, Stopping threads took: 0.0694130 seconds
51.541: Application time: 0.0001690 seconds
51.581: [GC [1 CMS-initial-mark: 6960K(15744K)] 8254K(21888K), 0.0001050 secs] [Times: user=0.00 sys=0.00, real=0.00 secs] 
51.581: Total time for which application threads were stopped: 0.0402960 seconds, Stopping threads took: 0.0401460 seconds
51.581: [CMS-concurrent-mark-start]
51.588: [CMS-concurrent-mark: 0.006/0.006 secs] [Times: user=0.05 sys=0.00, real=0.01 secs] 
51.588: [CMS-concurrent-preclean-start]
51.588: [CMS-concurrent-preclean: 0.000/0.000 secs] [Times: user=0.00 sys=0.00, real=0.00 secs] 
51.588: [CMS-concurrent-abortable-preclean-start]
51.665: Application time: 0.0836090 seconds
51.675: [GC51.675: [ParNew: 5986K->16K(6144K), 0.0004300 secs] 12946K->6979K(21888K), 0.0004650 secs] [Times: user=0.00 sys=0.00, real=0.00 secs] 
51.676: Total time for which application threads were stopped: 0.0109780 seconds, Stopping threads took: 0.0104480 seconds
51.676: Application time: 0.0004620 seconds
51.677: [GC51.677: [ParNew: 5502K->602K(6144K), 0.0014980 secs] 12465K->12452K(21888K), 0.0015300 secs] [Times: user=0.01 sys=0.00, real=0.00 secs] 
51.678: Total time for which application threads were stopped: 0.0019620 seconds, Stopping threads took: 0.0003800 seconds
51.756: Application time: 0.0776830 seconds
51.779: [CMS-concurrent-abortable-preclean: 0.000/0.191 secs] [Times: user=1.34 sys=0.02, real=0.18 secs] 
51.797: [GC51.797: [ParNew: 5989K->5989K(6144K), 0.0000130 secs]51.797: [CMS (concurrent mode failure): 11850K->2457K(15744K), 0.0049950 secs] 17840K->2457K(21888K), [CMS Perm : 5109K->5109K(21248K)], 0.0050490 secs] [Times: user=0.01 sys=0.00, real=0.01 secs] 
51.802: Total time for which application threads were stopped: 0.0458300 seconds, Stopping threads took: 0.0407230 seconds
51.803: Application time: 0.0009440 seconds
51.843: [GC51.843: [ParNew: 5388K->602K(6144K), 0.0015260 secs] 7845K->7566K(21888K), 0.0015560 secs] [Times: user=0.01 sys=0.00, real=0.00 secs] 
51.844: Total time for which application threads were stopped: 0.0417170 seconds, Stopping threads took: 0.0401050 seconds
51.844: Application time: 0.0000790 seconds
51.845: [GC [1 CMS-initial-mark: 6964K(15744K)] 8748K(21888K), 0.0000920 secs] [Times: user=0.00 sys=0.00, real=0.00 secs] 
51.845: Total time for which application threads were stopped: 0.0001970 seconds, Stopping threads took: 0.0000790 seconds
51.845: [CMS-concurrent-mark-start]
51.848: [CMS-concurrent-mark: 0.003/0.003 secs] [Times: user=0.02 sys=0.00, real=0.01 secs] 
51.848: [CMS-concurrent-preclean-start]
51.848: [CMS-concurrent-preclean: 0.000/0.000 secs] [Times: user=0.00 sys=0.00, real=0.00 secs] 
51.848: [CMS-concurrent-abortable-preclean-start]
51.931: Application time: 0.0864970 seconds
51.973: [GC51.973: [ParNew: 6068K->628K(6144K), 0.0007070 secs] 13032K->8181K(21888K), 0.0007410 secs] [Times: user=0.00 sys=0.00, real=0.00 secs] 
51.974: Total time for which application threads were stopped: 0.0424100 seconds, Stopping threads took: 0.0415920 seconds
51.974: Application time: 0.0006630 seconds
52.014: [GC52.014: [ParNew: 6014K->600K(6144K), 0.0016540 secs] 13567K->12870K(21888K), 0.0016910 secs] [Times: user=0.01 sys=0.00, real=0.00 secs] 
52.016: Total time for which application threads were stopped: 0.0417950 seconds, Stopping threads took: 0.0400270 seconds
52.095: Application time: 0.0784930 seconds
52.095: [GC52.095: [ParNew: 5968K->5968K(6144K), 0.0000140 secs]52.095: [CMS52.095: [CMS-concurrent-abortable-preclean: 0.000/0.247 secs] [Times: user=1.46 sys=0.05, real=0.24 secs] 
 (concurrent mode failure): 12269K->3433K(15744K), 0.0067570 secs] 18238K->3433K(21888K), [CMS Perm : 5109K->5109K(21248K)], 0.0068180 secs] [Times: user=0.01 sys=0.00, real=0.01 secs] 
52.102: Total time for which application threads were stopped: 0.0070980 seconds, Stopping threads took: 0.0002040 seconds
52.103: Application time: 0.0011510 seconds
52.156: [GC52.156: [ParNew: 5485K->498K(6144K), 0.0012860 secs] 8919K->7458K(21888K), 0.0013240 secs] [Times: user=0.00 sys=0.01, real=0.00 secs] 
52.157: Total time for which application threads were stopped: 0.0542180 seconds, Stopping threads took: 0.0528100 seconds
52.158: Application time: 0.0008340 seconds
52.197: [GC [1 CMS-initial-mark: 6960K(15744K)] 11088K(21888K), 0.0001180 secs] [Times: user=0.00 sys=0.00, real=0.00 secs] 
52.198: Total time for which application threads were stopped: 0.0396840 seconds, Stopping threads took: 0.0395080 seconds
52.198: [CMS-concurrent-mark-start]
52.198: Application time: 0.0006780 seconds
52.275: [GC52.275: [ParNew: 5886K->600K(6144K), 0.0006290 secs] 12846K->8148K(21888K), 0.0006620 secs] [Times: user=0.00 sys=0.00, real=0.00 secs] 
52.275: Total time for which application threads were stopped: 0.0770340 seconds, Stopping threads took: 0.0762930 seconds
52.276: Application time: 0.0008890 seconds
52.329: [GC52.329: [ParNew: 6066K->628K(6144K), 0.0014800 secs] 13614K->11985K(21888K), 0.0015150 secs] [Times: user=0.01 sys=0.00, real=0.00 secs] 
52.331: Total time for which application threads were stopped: 0.0545080 seconds, Stopping threads took: 0.0529310 seconds
52.338: [CMS-concurrent-mark: 0.008/0.140 secs] [Times: user=0.64 sys=0.06, real=0.14 secs] 
52.338: [CMS-concurrent-preclean-start]
52.338: [CMS-concurrent-preclean: 0.000/0.000 secs] [Times: user=0.00 sys=0.00, real=0.00 secs] 
52.338: [CMS-concurrent-abortable-preclean-start]
52.338: [CMS-concurrent-abortable-preclean: 0.000/0.000 secs] [Times: user=0.00 sys=0.00, real=0.00 secs] 
52.338: Application time: 0.0073810 seconds
52.409: [GC[YG occupancy: 4844 K (6144 K)]52.409: [Rescan (parallel) , 0.0002830 secs]52.409: [weak refs processing, 0.0000080 secs]52.409: [scrub string table, 0.0001180 secs] [1 CMS-remark: 11357K(15744K)] 16201K(21888K), 0.0004490 secs] [Times: user=0.01 sys=0.00, real=0.00 secs] 
52.409: Total time for which application threads were stopped: 0.0710910 seconds, Stopping threads took: 0.0706040 seconds
52.409: [CMS-concurrent-sweep-start]
52.410: Application time: 0.0004440 seconds
52.449: [GC52.449: [ParNew: 6016K->6016K(6144K), 0.0000090 secs]52.449: [CMS52.450: [CMS-concurrent-sweep: 0.001/0.040 secs] [Times: user=0.05 sys=0.02, real=0.04 secs] 
 (concurrent mode failure): 11357K->2457K(15744K), 0.0051430 secs] 17373K->2457K(21888K), [CMS Perm : 5109K->5109K(21248K)], 0.0051920 secs] [Times: user=0.00 sys=0.00, real=0.00 secs] 
52.454: Total time for which application threads were stopped: 0.0448760 seconds, Stopping threads took: 0.0396330 seconds
52.455: Application time: 0.0009910 seconds
52.456: [GC52.456: [ParNew: 5465K->630K(6144K), 0.0014940 secs] 7923K->7889K(21888K), 0.0015230 secs] [Times: user=0.01 sys=0.00, real=0.00 secs] 
52.457: Total time for which application threads were stopped: 0.0019140 seconds, Stopping threads took: 0.0003190 seconds
52.457: Application time: 0.0000710 seconds
52.498: [GC [1 CMS-initial-mark: 7259K(15744K)] 8971K(21888K), 0.0001140 secs] [Times: user=0.00 sys=0.00, real=0.00 secs] 
52.498: Total time for which application threads were stopped: 0.0405260 seconds, Stopping threads took: 0.0403660 seconds
52.498: [CMS-concurrent-mark-start]
52.501: [CMS-concurrent-mark: 0.003/0.003 secs] [Times: user=0.01 sys=0.00, real=0.01 secs] 
52.501: [CMS-concurrent-preclean-start]
52.501: [CMS-concurrent-preclean: 0.000/0.000 secs] [Times: user=0.00 sys=0.00, real=0.00 secs] 
52.501: Application time: 0.0028260 seconds
52.570: [GC[YG occupancy: 2404 K (6144 K)]52.570: [Rescan (parallel) , 0.0001600 secs]52.570: [weak refs processing, 0.0000070 secs]52.570: [scrub string table, 0.0000960 secs] [1 CMS-remark: 7259K(15744K)] 9663K(21888K), 0.0002910 secs] [Times: user=0.01 sys=0.00, real=0.00 secs] 
52.570: Total time for which application threads were stopped: 0.0695070 seconds, Stopping threads took: 0.0691650 seconds
52.570: [CMS-concurrent-sweep-start]
52.571: Application time: 0.0011240 seconds
52.611: [GC52.611: [ParNew: 6115K->504K(6144K), 0.0011900 secs] 13374K->10722K(21888K), 0.0012320 secs] [Times: user=0.01 sys=0.00, real=0.00 secs] 
52.613: Total time for which application threads were stopped: 0.0410590 seconds, Stopping threads took: 0.0397730 seconds
52.613: [CMS-concurrent-sweep: 0.002/0.043 secs] [Times: user=0.14 sys=0.03, real=0.04 secs] 
52.613: [CMS-concurrent-reset-start]
52.613: [CMS-concurrent-reset: 0.000/0.000 secs] [Times: user=0.00 sys=0.00, real=0.00 secs] 
52.690: Application time: 0.0772380 seconds
52.702: [GC52.702: [ParNew: 5892K->211K(6144K), 0.0005790 secs] 15007K->9326K(21888K), 0.0006130 secs] [Times: user=0.01 sys=0.00, real=0.00 secs] 
52.703: Total time for which application threads were stopped: 0.0131650 seconds, Stopping threads took: 0.0124780 seconds
52.703: Application time: 0.0001060 seconds
52.703: [GC [1 CMS-initial-mark: 9115K(15744K)] 10704K(21888K), 0.0000880 secs] [Times: user=0.00 sys=0.00, real=0.00 secs] 
52.703: Total time for which application threads were stopped: 0.0003420 seconds, Stopping threads took: 0.0002350 seconds
52.703: [CMS-concurrent-mark-start]
52.704: Application time: 0.0005060 seconds
52.704: [GC52.704: [ParNew: 5697K->602K(6144K), 0.0017160 secs] 14812K->14795K(21888K), 0.0017430 secs] [Times: user=0.01 sys=0.00, real=0.00 secs] 
52.706: Total time for which application threads were stopped: 0.0020550 seconds, Stopping threads took: 0.0002550 seconds
52.709: [CMS-concurrent-mark: 0.004/0.006 secs] [Times: user=0.02 sys=0.00, real=0.01 secs] 
52.709: [CMS-concurrent-preclean-start]
52.709: [CMS-concurrent-preclean: 0.000/0.000 secs] [Times: user=0.00 sys=0.00, real=0.00 secs] 
52.709: [CMS-concurrent-abortable-preclean-start]
52.709: [CMS-concurrent-abortable-preclean: 0.000/0.000 secs] [Times: user=0.00 sys=0.00, real=0.00 secs] 
52.709: Application time: 0.0032540 seconds
52.783: [GC[YG occupancy: 2958 K (6144 K)]52.783: [Rescan (parallel) , 0.0002700 secs]52.783: [weak refs processing, 0.0000070 secs]52.783: [scrub string table, 0.0001120 secs] [1 CMS-remark: 14193K(15744K)] 17152K(21888K), 0.0004260 secs] [Times: user=0.00 sys=0.00, real=0.00 secs] 
52.783: Total time for which application threads were stopped: 0.0742770 seconds, Stopping threads took: 0.0738160 seconds
52.784: [CMS-concurrent-sweep-start]
52.784: Application time: 0.0007850 seconds
52.831: [GC52.831: [ParNew: 6095K->6095K(6144K), 0.0000110 secs]52.831: [CMS52.831: [CMS-concurrent-sweep: 0.001/0.047 secs] [Times: user=0.13 sys=0.02, real=0.05 secs] 
 (concurrent mode failure): 14193K->3808K(15744K), 0.0069800 secs] 20289K->3808K(21888K), [CMS Perm : 5109K->5109K(21248K)], 0.0070320 secs] [Times: user=0.01 sys=0.00, real=0.00 secs] 
52.838: Total time for which application threads were stopped: 0.0535110 seconds, Stopping threads took: 0.0464010 seconds
52.839: Application time: 0.0013540 seconds
52.915: [GC52.915: [ParNew: 5455K->630K(6144K), 0.0012930 secs] 9264K->7279K(21888K), 0.0013240 secs] [Times: user=0.01 sys=0.00, real=0.00 secs] 
52.916: Total time for which application threads were stopped: 0.0773180 seconds, Stopping threads took: 0.0759180 seconds
52.917: Application time: 0.0000670 seconds
52.956: [GC [1 CMS-initial-mark: 6649K(15744K)] 7385K(21888K), 0.0001100 secs] [Times: user=0.00 sys=0.00, real=0.00 secs] 
52.957: Total time for which application threads were stopped: 0.0400440 seconds, Stopping threads took: 0.0399150 seconds
52.957: [CMS-concurrent-mark-start]
52.960: [CMS-concurrent-mark: 0.003/0.003 secs] [Times: user=0.02 sys=0.00, real=0.01 secs] 
52.960: [CMS-concurrent-preclean-start]
52.960: [CMS-concurrent-preclean: 0.000/0.000 secs] [Times: user=0.00 sys=0.00, real=0.00 secs] 
52.960: [CMS-concurrent-abortable-preclean-start]
52.961: Application time: 0.0040240 seconds
53.036: [GC53.036: [ParNew: 6018K->404K(6144K), 0.0004310 secs] 12667K->7087K(21888K), 0.0004640 secs] [Times: user=0.00 sys=0.00, real=0.00 secs] 
53.036: Total time for which application threads were stopped: 0.0754710 seconds, Stopping threads took: 0.0749290 seconds
53.037: Application time: 0.0005450 seconds
53.037: [GC53.037: [ParNew: 5871K->630K(6144K), 0.0016090 secs] 12553K->12492K(21888K), 0.0016430 secs] [Times: user=0.01 sys=0.00, real=0.00 secs] 
53.039: Total time for which application threads were stopped: 0.0019840 seconds, Stopping threads took: 0.0002880 seconds
53.116: Application time: 0.0775600 seconds
53.139: [CMS-concurrent-abortable-preclean: 0.000/0.179 secs] [Times: user=1.23 sys=0.06, real=0.17 secs] 
53.158: [GC53.158: [ParNew: 5998K->5998K(6144K), 0.0000130 secs]53.158: [CMS (concurrent mode failure): 11862K->2653K(15744K), 0.0053910 secs] 17861K->2653K(21888K), [CMS Perm : 5109K->5109K(21248K)], 0.0054490 secs] [Times: user=0.01 sys=0.00, real=0.01 secs] 
53.164: Total time for which application threads were stopped: 0.0475730 seconds, Stopping threads took: 0.0420630 seconds
53.165: Application time: 0.0011300 seconds
53.217: [GC53.217: [ParNew: 5466K->628K(6144K), 0.0016740 secs] 8119K->7786K(21888K), 0.0017060 secs] [Times: user=0.01 sys=0.00, real=0.00 secs] 
53.218: Total time for which application threads were stopped: 0.0534310 seconds, Stopping threads took: 0.0516400 seconds
53.218: Application time: 0.0000800 seconds
53.258: [GC [1 CMS-initial-mark: 7158K(15744K)] 8575K(21888K), 0.0001080 secs] [Times: user=0.00 sys=0.00, real=0.00 secs] 
53.259: Total time for which application threads were stopped: 0.0401670 seconds, Stopping threads took: 0.0400120 seconds
53.259: [CMS-concurrent-mark-start]
53.266: [CMS-concurrent-mark: 0.007/0.007 secs] [Times: user=0.04 sys=0.00, real=0.01 secs] 
53.266: [CMS-concurrent-preclean-start]
53.266: [CMS-concurrent-preclean: 0.000/0.000 secs] [Times: user=0.00 sys=0.00, real=0.00 secs] 
53.266: [CMS-concurrent-abortable-preclean-start]
53.344: Application time: 0.0851240 seconds
53.353: [GC53.353: [ParNew: 6113K->498K(6144K), 0.0007190 secs] 13271K->8666K(21888K), 0.0007540 secs] [Times: user=0.00 sys=0.00, real=0.00 secs] 
53.354: Total time for which application threads were stopped: 0.0099690 seconds, Stopping threads took: 0.0091440 seconds
53.354: Application time: 0.0008310 seconds
53.406: [GC53.406: [ParNew: 5886K->602K(6144K), 0.0017650 secs] 14054K->13751K(21888K), 0.0018010 secs] [Times: user=0.01 sys=0.00, real=0.01 secs] 
53.408: Total time for which application threads were stopped: 0.0534480 seconds, Stopping threads took: 0.0515710 seconds
53.486: Application time: 0.0780590 seconds
53.489: [GC53.489: [ParNew: 6087K->6087K(6144K), 0.0000140 secs]53.489: [CMS53.489: [CMS-concurrent-abortable-preclean: 0.000/0.223 secs] [Times: user=1.40 sys=0.04, real=0.23 secs] 
 (concurrent mode failure): 13149K->3923K(15744K), 0.0062220 secs] 19237K->3923K(21888K), [CMS Perm : 5109K->5109K(21248K)], 0.0062920 secs] [Times: user=0.00 sys=0.00, real=0.00 secs] 
53.495: Total time for which application threads were stopped: 0.0089570 seconds, Stopping threads took: 0.0025740 seconds
53.496: Application time: 0.0012880 seconds
53.572: [GC53.572: [ParNew: 5388K->502K(6144K), 0.0015150 secs] 9311K->8732K(21888K), 0.0015540 secs] [Times: user=0.01 sys=0.00, real=0.00 secs] 
53.573: Total time for which application threads were stopped: 0.0770470 seconds, Stopping threads took: 0.0754230 seconds
53.573: Application time: 0.0000610 seconds
53.614: [GC [1 CMS-initial-mark: 8230K(15744K)] 9034K(21888K), 0.0001100 secs] [Times: user=0.00 sys=0.00, real=0.00 secs] 
53.614: Total time for which application threads were stopped: 0.0403200 seconds, Stopping threads took: 0.0401620 seconds
53.614: [CMS-concurrent-mark-start]
53.617: [CMS-concurrent-mark: 0.004/0.004 secs] [Times: user=0.02 sys=0.00, real=0.00 secs] 
53.617: [CMS-concurrent-preclean-start]
53.617: [CMS-concurrent-preclean: 0.000/0.000 secs] [Times: user=0.00 sys=0.00, real=0.00 secs] 
53.617: [CMS-concurrent-abortable-preclean-start]
53.618: Application time: 0.0041040 seconds
53.691: [GC53.691: [ParNew: 5988K->600K(6144K), 0.0006600 secs] 14218K->8835K(21888K), 0.0006990 secs] [Times: user=0.00 sys=0.00, real=0.00 secs] 
53.692: Total time for which application threads were stopped: 0.0740470 seconds, Stopping threads took: 0.0732920 seconds
53.692: Application time: 0.0005340 seconds
53.693: [GC53.693: [ParNew: 6083K->600K(6144K), 0.0016410 secs] 14319K->14307K(21888K), 0.0016760 secs] [Times: user=0.01 sys=0.00, real=0.00 secs] 
53.694: Total time for which application threads were stopped: 0.0020350 seconds, Stopping threads took: 0.0003060 seconds
53.772: Application time: 0.0776820 seconds
53.795: [CMS-concurrent-abortable-preclean: 0.000/0.177 secs] [Times: user=1.12 sys=0.05, real=0.18 secs] 
53.814: [GC53.814: [ParNew: 6085K->6085K(6144K), 0.0000130 secs]53.814: [CMS (concurrent mode failure): 13707K->3141K(15744K), 0.0060050 secs] 19792K->3141K(21888K), [CMS Perm : 5109K->5109K(21248K)], 0.0060600 secs] [Times: user=0.01 sys=0.00, real=0.01 secs] 
53.820: Total time for which application threads were stopped: 0.0479290 seconds, Stopping threads took: 0.0417770 seconds
53.821: Application time: 0.0011290 seconds
53.861: [GC53.861: [ParNew: 5485K->602K(6144K), 0.0019710 secs] 8627K->8346K(21888K), 0.0020030 secs] [Times: user=0.01 sys=0.00, real=0.00 secs] 
53.863: Total time for which application threads were stopped: 0.0419710 seconds, Stopping threads took: 0.0399020 seconds
53.863: Application time: 0.0000550 seconds
53.863: [GC [1 CMS-initial-mark: 7744K(15744K)] 8741K(21888K), 0.0001040 secs] [Times: user=0.00 sys=0.00, real=0.00 secs] 
53.863: Total time for which application threads were stopped: 0.0002450 seconds, Stopping threads took: 0.0001190 seconds
53.863: [CMS-concurrent-mark-start]
53.867: [CMS-concurrent-mark: 0.003/0.003 secs] [Times: user=0.01 sys=0.01, real=0.00 secs] 
53.867: [CMS-concurrent-preclean-start]
53.867: [CMS-concurrent-preclean: 0.000/0.000 secs] [Times: user=0.00 sys=0.00, real=0.00 secs] 
53.867: [CMS-concurrent-abortable-preclean-start]
53.953: Application time: 0.0894690 seconds
53.993: [GC53.993: [ParNew: 6087K->598K(6144K), 0.0005220 secs] 13831K->8738K(21888K), 0.0005550 secs] [Times: user=0.00 sys=0.00, real=0.00 secs] 
53.994: Total time for which application threads were stopped: 0.0409760 seconds, Stopping threads took: 0.0403670 seconds
53.995: Application time: 0.0009270 seconds
54.051: [GC54.051: [ParNew: 6083K->602K(6144K), 0.0014000 secs] 14224K->12453K(21888K), 0.0014360 secs] [Times: user=0.01 sys=0.00, real=0.00 secs] 
54.052: Total time for which application threads were stopped: 0.0576800 seconds, Stopping threads took: 0.0561660 seconds
54.131: Application time: 0.0782800 seconds
54.132: [GC54.132: [ParNew: 6068K->6068K(6144K), 0.0000150 secs]54.132: [CMS54.132: [CMS-concurrent-abortable-preclean: 0.000/0.265 secs] [Times: user=1.56 sys=0.05, real=0.27 secs] 
 (concurrent mode failure): 11851K->2360K(15744K), 0.0070070 secs] 17920K->2360K(21888K), [CMS Perm : 5109K->5109K(21248K)], 0.0070730 secs] [Times: user=0.01 sys=0.00, real=0.00 secs] 
54.139: Total time for which application threads were stopped: 0.0078810 seconds, Stopping threads took: 0.0007360 seconds
54.140: Application time: 0.0012960 seconds
54.180: [GC54.180: [ParNew: 5466K->630K(6144K), 0.0017460 secs] 7826K->7790K(21888K), 0.0017770 secs] [Times: user=0.01 sys=0.00, real=0.00 secs] 
54.182: Total time for which application threads were stopped: 0.0417030 seconds, Stopping threads took: 0.0398520 seconds
54.182: Application time: 0.0002250 seconds
54.222: [GC [1 CMS-initial-mark: 7160K(15744K)] 9562K(21888K), 0.0001130 secs] [Times: user=0.00 sys=0.00, real=0.00 secs] 
54.222: Total time for which application threads were stopped: 0.0401600 seconds, Stopping threads took: 0.0399990 seconds
54.222: [CMS-concurrent-mark-start]
54.225: [CMS-concurrent-mark: 0.003/0.003 secs] [Times: user=0.01 sys=0.00, real=0.00 secs] 
54.225: [CMS-concurrent-preclean-start]
54.226: [CMS-concurrent-preclean: 0.000/0.000 secs] [Times: user=0.00 sys=0.00, real=0.00 secs] 
54.226: [CMS-concurrent-abortable-preclean-start]
54.311: Application time: 0.0889540 seconds
54.316: [GC54.316: [ParNew: 5998K->630K(6144K), 0.0006140 secs] 13158K->8212K(21888K), 0.0006570 secs] [Times: user=0.00 sys=0.00, real=0.00 secs] 
54.317: Total time for which application threads were stopped: 0.0059380 seconds, Stopping threads took: 0.0051880 seconds
54.318: Application time: 0.0006700 seconds
54.358: [GC54.358: [ParNew: 5998K->630K(6144K), 0.0017370 secs] 13581K->12831K(21888K), 0.0017720 secs] [Times: user=0.01 sys=0.00, real=0.00 secs] 
54.359: Total time for which application threads were stopped: 0.0417170 seconds, Stopping threads took: 0.0398680 seconds
54.438: Application time: 0.0782150 seconds
54.438: [GC54.438: [ParNew: 6115K->6115K(6144K), 0.0000140 secs]54.438: [CMS54.438: [CMS-concurrent-abortable-preclean: 0.001/0.213 secs] [Times: user=1.43 sys=0.02, real=0.21 secs] 
 (concurrent mode failure): 12201K->3337K(15744K), 0.0060350 secs] 18317K->3337K(21888K), [CMS Perm : 5109K->5109K(21248K)], 0.0060960 secs] [Times: user=0.00 sys=0.00, real=0.01 secs] 
54.444: Total time for which application threads were stopped: 0.0068930 seconds, Stopping threads took: 0.0007070 seconds
54.446: Application time: 0.0012230 seconds
54.485: [GC54.486: [ParNew: 5387K->600K(6144K), 0.0014100 secs] 8725K->8442K(21888K), 0.0014410 secs] [Times: user=0.01 sys=0.00, real=0.00 secs] 
54.487: Total time for which application threads were stopped: 0.0413240 seconds, Stopping threads took: 0.0398040 seconds
54.487: Application time: 0.0000810 seconds
54.527: [GC [1 CMS-initial-mark: 7842K(15744K)] 8743K(21888K), 0.0001170 secs] [Times: user=0.00 sys=0.00, real=0.00 secs] 
54.527: Total time for which application threads were stopped: 0.0399510 seconds, Stopping threads took: 0.0398080 seconds
54.527: [CMS-concurrent-mark-start]
54.534: [CMS-concurrent-mark: 0.007/0.007 secs] [Times: user=0.03 sys=0.00, real=0.01 secs] 
54.534: [CMS-concurrent-preclean-start]
54.534: [CMS-concurrent-preclean: 0.000/0.000 secs] [Times: user=0.00 sys=0.00, real=0.00 secs] 
54.534: [CMS-concurrent-abortable-preclean-start]
54.612: Application time: 0.0852600 seconds
54.619: [GC54.619: [ParNew: 5988K->596K(6144K), 0.0006270 secs] 13830K->8831K(21888K), 0.0006610 secs] [Times: user=0.00 sys=0.00, real=0.00 secs] 
54.619: Total time for which application threads were stopped: 0.0070790 seconds, Stopping threads took: 0.0063360 seconds
54.620: Application time: 0.0007830 seconds
54.681: [GC54.681: [ParNew: 6079K->600K(6144K), 0.0015440 secs] 14315K->12549K(21888K), 0.0015790 secs] [Times: user=0.01 sys=0.00, real=0.00 secs] 
54.683: Total time for which application threads were stopped: 0.0628210 seconds, Stopping threads took: 0.0611650 seconds
54.760: Application time: 0.0770150 seconds
54.783: [CMS-concurrent-abortable-preclean: 0.000/0.249 secs] [Times: user=1.48 sys=0.05, real=0.25 secs] 
54.803: [GC54.803: [ParNew: 5987K->5987K(6144K), 0.0000120 secs]54.803: [CMS (concurrent mode failure): 11949K->1286K(15744K), 0.0056180 secs] 17937K->1286K(21888K), [CMS Perm : 5109K->5109K(21248K)], 0.0056740 secs] [Times: user=0.01 sys=0.00, real=0.01 secs] 
54.808: Total time for which application threads were stopped: 0.0483470 seconds, Stopping threads took: 0.0425920 seconds
54.809: Application time: 0.0009230 seconds
54.810: [GC54.810: [ParNew: 5485K->600K(6144K), 0.0016870 secs] 6772K->6786K(21888K), 0.0017120 secs] [Times: user=0.01 sys=0.00, real=0.00 secs] 
54.811: Total time for which application threads were stopped: 0.0021850 seconds, Stopping threads took: 0.0004040 seconds
54.811: Application time: 0.0000530 seconds
54.812: [GC [1 CMS-initial-mark: 6186K(15744K)] 7374K(21888K), 0.0001070 secs] [Times: user=0.00 sys=0.00, real=0.00 secs] 
54.812: Total time for which application threads were stopped: 0.0004900 seconds, Stopping threads took: 0.0003350 seconds
54.812: [CMS-concurrent-mark-start]
54.818: [CMS-concurrent-mark: 0.006/0.006 secs] [Times: user=0.03 sys=0.00, real=0.00 secs] 
54.818: [CMS-concurrent-preclean-start]
54.818: [CMS-concurrent-preclean: 0.000/0.000 secs] [Times: user=0.00 sys=0.00, real=0.00 secs] 
54.818: [CMS-concurrent-abortable-preclean-start]
54.902: Application time: 0.0897490 seconds
54.965: [GC54.965: [ParNew: 6085K->205K(6144K), 0.0003680 secs] 12271K->6393K(21888K), 0.0003980 secs] [Times: user=0.01 sys=0.00, real=0.00 secs] 
54.965: Total time for which application threads were stopped: 0.0635270 seconds, Stopping threads took: 0.0630580 seconds
54.966: Application time: 0.0007320 seconds
54.966: [GC54.966: [ParNew: 5554K->632K(6144K), 0.0014640 secs] 11742K->11629K(21888K), 0.0015000 secs] [Times: user=0.01 sys=0.00, real=0.01 secs] 
54.968: Total time for which application threads were stopped: 0.0016300 seconds, Stopping threads took: 0.0000760 seconds
55.045: Application time: 0.0774550 seconds
55.046: [GC55.046: [ParNew: 6117K->6117K(6144K), 0.0000130 secs]55.046: [CMS55.046: [CMS-concurrent-abortable-preclean: 0.000/0.228 secs] [Times: user=1.48 sys=0.05, real=0.23 secs] 
 (concurrent mode failure): 10997K->3532K(15744K), 0.0054920 secs] 17114K->3532K(21888K), [CMS Perm : 5109K->5109K(21248K)], 0.0055530 secs] [Times: user=0.01 sys=0.00, real=0.01 secs] 
55.052: Total time for which application threads were stopped: 0.0066620 seconds, Stopping threads took: 0.0010420 seconds
55.053: Application time: 0.0012280 seconds
55.093: [GC55.093: [ParNew: 5485K->602K(6144K), 0.0015460 secs] 9018K->8051K(21888K), 0.0016100 secs] [Times: user=0.01 sys=0.00, real=0.00 secs] 
55.095: Total time for which application threads were stopped: 0.0416200 seconds, Stopping threads took: 0.0399420 seconds
55.095: Application time: 0.0000640 seconds
55.135: [GC [1 CMS-initial-mark: 7449K(15744K)] 8253K(21888K), 0.0001130 secs] [Times: user=0.00 sys=0.00, real=0.00 secs] 
55.135: Total time for which application threads were stopped: 0.0401890 seconds, Stopping threads took: 0.0400500 seconds
55.135: [CMS-concurrent-mark-start]
55.136: Application time: 0.0012750 seconds
55.189: [GC55.189: [ParNew: 6083K->602K(6144K), 0.0014730 secs] 13533K->11965K(21888K), 0.0015120 secs] [Times: user=0.01 sys=0.00, real=0.00 secs] 
55.191: Total time for which application threads were stopped: 0.0545220 seconds, Stopping threads took: 0.0529460 seconds
55.196: [CMS-concurrent-mark: 0.007/0.062 secs] [Times: user=0.18 sys=0.04, real=0.06 secs] 
55.196: [CMS-concurrent-preclean-start]
55.197: [CMS-concurrent-preclean: 0.000/0.000 secs] [Times: user=0.00 sys=0.00, real=0.00 secs] 
55.197: [CMS-concurrent-abortable-preclean-start]
55.270: Application time: 0.0788610 seconds
55.297: [CMS-concurrent-abortable-preclean: 0.000/0.100 secs] [Times: user=0.63 sys=0.02, real=0.10 secs] 
55.310: [GC55.310: [ParNew: 6048K->6048K(6144K), 0.0000130 secs]55.310: [CMS (concurrent mode failure): 11363K->2556K(15744K), 0.0065210 secs] 17412K->2556K(21888K), [CMS Perm : 5109K->5109K(21248K)], 0.0065810 secs] [Times: user=0.00 sys=0.00, real=0.00 secs] 
55.317: Total time for which application threads were stopped: 0.0472220 seconds, Stopping threads took: 0.0405560 seconds
55.318: Application time: 0.0011540 seconds
55.358: [GC55.358: [ParNew: 5485K->600K(6144K), 0.0016720 secs] 8042K->8053K(21888K), 0.0017070 secs] [Times: user=0.00 sys=0.00, real=0.01 secs] 
55.359: Total time for which application threads were stopped: 0.0415720 seconds, Stopping threads took: 0.0397900 seconds
55.360: Application time: 0.0000920 seconds
55.360: [GC [1 CMS-initial-mark: 7453K(15744K)] 9235K(21888K), 0.0001050 secs] [Times: user=0.00 sys=0.00, real=0.00 secs] 
55.360: Total time for which application threads were stopped: 0.0003530 seconds, Stopping threads took: 0.0002020 seconds
55.360: [CMS-concurrent-mark-start]
55.364: [CMS-concurrent-mark: 0.004/0.004 secs] [Times: user=0.03 sys=0.00, real=0.00 secs] 
55.364: [CMS-concurrent-preclean-start]
55.364: [CMS-concurrent-preclean: 0.000/0.000 secs] [Times: user=0.00 sys=0.00, real=0.00 secs] 
55.364: [CMS-concurrent-abortable-preclean-start]
55.450: Application time: 0.0901950 seconds
55.492: [GC55.492: [ParNew: 5987K->596K(6144K), 0.0007180 secs] 13441K->8832K(21888K), 0.0007520 secs] [Times: user=0.00 sys=0.00, real=0.00 secs] 
55.492: Total time for which application threads were stopped: 0.0422450 seconds, Stopping threads took: 0.0414050 seconds
55.493: Application time: 0.0008030 seconds
55.533: [GC55.533: [ParNew: 6081K->600K(6144K), 0.0018300 secs] 14317K->14014K(21888K), 0.0018720 secs] [Times: user=0.01 sys=0.00, real=0.00 secs] 
55.535: Total time for which application threads were stopped: 0.0416130 seconds, Stopping threads took: 0.0396550 seconds
55.619: Application time: 0.0837290 seconds
55.635: [CMS-concurrent-abortable-preclean: 0.000/0.271 secs] [Times: user=1.55 sys=0.06, real=0.27 secs] 
55.671: [GC55.671: [ParNew: 5987K->5987K(6144K), 0.0000120 secs]55.671: [CMS (concurrent mode failure): 13414K->1677K(15744K), 0.0056200 secs] 19402K->1677K(21888K), [CMS Perm : 5109K->5109K(21248K)], 0.0056700 secs] [Times: user=0.01 sys=0.00, real=0.00 secs] 
55.677: Total time for which application threads were stopped: 0.0581390 seconds, Stopping threads took: 0.0523900 seconds
55.677: Application time: 0.0008350 seconds
55.678: [GC55.678: [ParNew: 5483K->602K(6144K), 0.0015750 secs] 7161K->7179K(21888K), 0.0016070 secs] [Times: user=0.00 sys=0.00, real=0.01 secs] 
55.680: Total time for which application threads were stopped: 0.0020620 seconds, Stopping threads took: 0.0003790 seconds
55.680: Application time: 0.0000310 seconds
55.680: [GC [1 CMS-initial-mark: 6577K(15744K)] 7767K(21888K), 0.0001040 secs] [Times: user=0.00 sys=0.00, real=0.00 secs] 
55.680: Total time for which application threads were stopped: 0.0003110 seconds, Stopping threads took: 0.0001810 seconds
55.680: [CMS-concurrent-mark-start]
55.682: [CMS-concurrent-mark: 0.003/0.003 secs] [Times: user=0.01 sys=0.00, real=0.00 secs] 
55.683: [CMS-concurrent-preclean-start]
55.683: [CMS-concurrent-preclean: 0.000/0.000 secs] [Times: user=0.00 sys=0.00, real=0.00 secs] 
55.683: [CMS-concurrent-abortable-preclean-start]
55.771: Application time: 0.0908330 seconds
55.823: [GC55.823: [ParNew: 5892K->404K(6144K), 0.0005950 secs] 12469K->6983K(21888K), 0.0006280 secs] [Times: user=0.01 sys=0.00, real=0.00 secs] 
55.824: Total time for which application threads were stopped: 0.0529880 seconds, Stopping threads took: 0.0523060 seconds
55.824: Application time: 0.0005610 seconds
55.825: [GC55.825: [ParNew: 5888K->600K(6144K), 0.0016680 secs] 12467K->12452K(21888K), 0.0017020 secs] [Times: user=0.01 sys=0.00, real=0.00 secs] 
55.826: Total time for which application threads were stopped: 0.0020680 seconds, Stopping threads took: 0.0003120 seconds
55.904: Application time: 0.0773480 seconds
55.927: [CMS-concurrent-abortable-preclean: 0.000/0.244 secs] [Times: user=1.53 sys=0.04, real=0.24 secs] 
55.944: [GC55.944: [ParNew: 5987K->5987K(6144K), 0.0000140 secs]55.944: [CMS (concurrent mode failure): 11852K->2849K(15744K), 0.0055000 secs] 17840K->2849K(21888K), [CMS Perm : 5109K->5109K(21248K)], 0.0055600 secs] [Times: user=0.01 sys=0.00, real=0.01 secs] 
55.950: Total time for which application threads were stopped: 0.0462820 seconds, Stopping threads took: 0.0406610 seconds
55.951: Application time: 0.0011990 seconds
56.004: [GC56.004: [ParNew: 5466K->630K(6144K), 0.0011820 secs] 8315K->6614K(21888K), 0.0012130 secs] [Times: user=0.01 sys=0.00, real=0.00 secs] 
56.006: Total time for which application threads were stopped: 0.0544230 seconds, Stopping threads took: 0.0531270 seconds
56.006: Application time: 0.0000470 seconds
56.006: [GC [1 CMS-initial-mark: 5984K(15744K)] 6812K(21888K), 0.0000940 secs] [Times: user=0.00 sys=0.00, real=0.00 secs] 
56.006: Total time for which application threads were stopped: 0.0002500 seconds, Stopping threads took: 0.0001080 seconds
56.006: [CMS-concurrent-mark-start]
56.009: [CMS-concurrent-mark: 0.003/0.003 secs] [Times: user=0.01 sys=0.00, real=0.01 secs] 
56.009: [CMS-concurrent-preclean-start]
56.009: [CMS-concurrent-preclean: 0.000/0.000 secs] [Times: user=0.00 sys=0.00, real=0.00 secs] 
56.009: [CMS-concurrent-abortable-preclean-start]
56.084: Application time: 0.0779150 seconds
56.087: [GC56.087: [ParNew: 5920K->406K(6144K), 0.0004390 secs] 11905K->6427K(21888K), 0.0004850 secs] [Times: user=0.00 sys=0.00, real=0.01 secs] 
56.088: Total time for which application threads were stopped: 0.0039290 seconds, Stopping threads took: 0.0033630 seconds
56.088: Application time: 0.0005800 seconds
56.089: [GC56.089: [ParNew: 5792K->500K(6144K), 0.0015600 secs] 11813K->11794K(21888K), 0.0015890 secs] [Times: user=0.01 sys=0.00, real=0.00 secs] 
56.090: Total time for which application threads were stopped: 0.0020460 seconds, Stopping threads took: 0.0003960 seconds
56.169: Application time: 0.0783210 seconds
56.172: [GC56.172: [ParNew: 5849K->5849K(6144K), 0.0000120 secs]56.172: [CMS56.172: [CMS-concurrent-abortable-preclean: 0.000/0.163 secs] [Times: user=1.27 sys=0.01, real=0.16 secs] 
 (concurrent mode failure): 11294K->3630K(15744K), 0.0059770 secs] 17143K->3630K(21888K), [CMS Perm : 5109K->5109K(21248K)], 0.0060420 secs] [Times: user=0.01 sys=0.00, real=0.00 secs] 
56.178: Total time for which application threads were stopped: 0.0092180 seconds, Stopping threads took: 0.0030860 seconds
56.179: Application time: 0.0012360 seconds
56.230: [GC56.230: [ParNew: 5485K->602K(6144K), 0.0014830 secs] 9116K->8247K(21888K), 0.0015180 secs] [Times: user=0.01 sys=0.00, real=0.00 secs] 
56.231: Total time for which application threads were stopped: 0.0521060 seconds, Stopping threads took: 0.0505080 seconds
56.231: Application time: 0.0000360 seconds
56.271: [GC [1 CMS-initial-mark: 7645K(15744K)] 8347K(21888K), 0.0001070 secs] [Times: user=0.00 sys=0.00, real=0.00 secs] 
56.271: Total time for which application threads were stopped: 0.0399870 seconds, Stopping threads took: 0.0398340 seconds
56.271: [CMS-concurrent-mark-start]
56.283: [CMS-concurrent-mark: 0.012/0.012 secs] [Times: user=0.10 sys=0.00, real=0.01 secs] 
56.284: [CMS-concurrent-preclean-start]
56.284: [CMS-concurrent-preclean: 0.000/0.000 secs] [Times: user=0.00 sys=0.00, real=0.00 secs] 
56.284: [CMS-concurrent-abortable-preclean-start]
56.344: Application time: 0.0729630 seconds
56.358: [GC56.358: [ParNew: 6087K->402K(6144K), 0.0006470 secs] 13733K->8050K(21888K), 0.0006800 secs] [Times: user=0.00 sys=0.00, real=0.00 secs] 
56.359: Total time for which application threads were stopped: 0.0145280 seconds, Stopping threads took: 0.0137680 seconds
56.359: Application time: 0.0006240 seconds
56.360: [GC56.360: [ParNew: 5869K->628K(6144K), 0.0016880 secs] 13517K->13456K(21888K), 0.0017180 secs] [Times: user=0.01 sys=0.00, real=0.00 secs] 
56.362: Total time for which application threads were stopped: 0.0021630 seconds, Stopping threads took: 0.0003730 seconds
56.440: Application time: 0.0784380 seconds
56.441: [GC56.441: [ParNew: 6113K->6113K(6144K), 0.0000140 secs]56.441: [CMS56.441: [CMS-concurrent-abortable-preclean: 0.000/0.157 secs] [Times: user=1.18 sys=0.01, real=0.16 secs] 
 (concurrent mode failure): 12828K->3923K(15744K), 0.0069140 secs] 18942K->3923K(21888K), [CMS Perm : 5109K->5109K(21248K)], 0.0069820 secs] [Times: user=0.01 sys=0.00, real=0.01 secs] 
56.448: Total time for which application threads were stopped: 0.0077920 seconds, Stopping threads took: 0.0007190 seconds
56.449: Application time: 0.0013770 seconds
56.525: [GC56.525: [ParNew: 5485K->600K(6144K), 0.0015090 secs] 9409K->8440K(21888K), 0.0015420 secs] [Times: user=0.01 sys=0.00, real=0.00 secs] 
56.527: Total time for which application threads were stopped: 0.0777610 seconds, Stopping threads took: 0.0761350 seconds
56.527: Application time: 0.0001200 seconds
56.567: [GC [1 CMS-initial-mark: 7840K(15744K)] 8646K(21888K), 0.0001080 secs] [Times: user=0.00 sys=0.00, real=0.00 secs] 
56.567: Total time for which application threads were stopped: 0.0400490 seconds, Stopping threads took: 0.0398930 seconds
56.567: [CMS-concurrent-mark-start]
56.574: [CMS-concurrent-mark: 0.007/0.007 secs] [Times: user=0.04 sys=0.00, real=0.01 secs] 
56.574: [CMS-concurrent-preclean-start]
56.574: [CMS-concurrent-preclean: 0.000/0.000 secs] [Times: user=0.00 sys=0.00, real=0.00 secs] 
56.574: [CMS-concurrent-abortable-preclean-start]
56.574: Application time: 0.0070670 seconds
56.645: [GC56.645: [ParNew: 5792K->404K(6144K), 0.0005710 secs] 13633K->8248K(21888K), 0.0006100 secs] [Times: user=0.00 sys=0.00, real=0.00 secs] 
56.646: Total time for which application threads were stopped: 0.0715830 seconds, Stopping threads took: 0.0709070 seconds
56.646: Application time: 0.0004500 seconds
56.647: [GC56.647: [ParNew: 5888K->600K(6144K), 0.0019150 secs] 13732K->13721K(21888K), 0.0019490 secs] [Times: user=0.01 sys=0.00, real=0.01 secs] 
56.648: Total time for which application threads were stopped: 0.0022380 seconds, Stopping threads took: 0.0002160 seconds
56.726: Application time: 0.0778870 seconds
56.728: [GC56.728: [ParNew: 5987K->5987K(6144K), 0.0000130 secs]56.728: [CMS56.728: [CMS-concurrent-abortable-preclean: 0.000/0.155 secs] [Times: user=1.18 sys=0.04, real=0.16 secs] 
 (concurrent mode failure): 13121K->3923K(15744K), 0.0062020 secs] 19109K->3923K(21888K), [CMS Perm : 5109K->5109K(21248K)], 0.0062710 secs] [Times: user=0.01 sys=0.00, real=0.00 secs] 
56.735: Total time for which application threads were stopped: 0.0082400 seconds, Stopping threads took: 0.0018750 seconds
56.736: Application time: 0.0013390 seconds
56.791: [GC56.791: [ParNew: 5388K->596K(6144K), 0.0015130 secs] 9312K->8729K(21888K), 0.0015520 secs] [Times: user=0.01 sys=0.00, real=0.00 secs] 
56.792: Total time for which application threads were stopped: 0.0565420 seconds, Stopping threads took: 0.0549100 seconds
56.793: Application time: 0.0000470 seconds
56.849: [GC [1 CMS-initial-mark: 8133K(15744K)] 8931K(21888K), 0.0001080 secs] [Times: user=0.00 sys=0.00, real=0.00 secs] 
56.849: Total time for which application threads were stopped: 0.0562450 seconds, Stopping threads took: 0.0560900 seconds
56.849: [CMS-concurrent-mark-start]
56.850: Application time: 0.0012780 seconds
56.919: [GC56.919: [ParNew: 6062K->630K(6144K), 0.0013510 secs] 14195K->11891K(21888K), 0.0013850 secs] [Times: user=0.00 sys=0.01, real=0.01 secs] 
56.921: Total time for which application threads were stopped: 0.0706310 seconds, Stopping threads took: 0.0691710 seconds
56.924: [CMS-concurrent-mark: 0.004/0.075 secs] [Times: user=0.21 sys=0.05, real=0.07 secs] 
56.924: [CMS-concurrent-preclean-start]
56.924: [CMS-concurrent-preclean: 0.000/0.000 secs] [Times: user=0.01 sys=0.00, real=0.00 secs] 
56.924: [CMS-concurrent-abortable-preclean-start]
56.998: Application time: 0.0774830 seconds
57.001: [GC57.001: [ParNew: 5998K->5998K(6144K), 0.0000120 secs]57.001: [CMS57.001: [CMS-concurrent-abortable-preclean: 0.000/0.077 secs] [Times: user=0.60 sys=0.00, real=0.08 secs] 
 (concurrent mode failure): 11261K->1677K(15744K), 0.0056880 secs] 17260K->1677K(21888K), [CMS Perm : 5109K->5109K(21248K)], 0.0057570 secs] [Times: user=0.01 sys=0.00, real=0.00 secs] 
57.007: Total time for which application threads were stopped: 0.0083700 seconds, Stopping threads took: 0.0025460 seconds
57.008: Application time: 0.0010960 seconds
57.052: [GC57.052: [ParNew: 5366K->630K(6144K), 0.0013210 secs] 7044K->6129K(21888K), 0.0013510 secs] [Times: user=0.01 sys=0.00, real=0.00 secs] 
57.053: Total time for which application threads were stopped: 0.0456520 seconds, Stopping threads took: 0.0442150 seconds
57.053: Application time: 0.0001040 seconds
57.093: [GC [1 CMS-initial-mark: 5498K(15744K)] 7215K(21888K), 0.0001000 secs] [Times: user=0.00 sys=0.00, real=0.00 secs] 
57.094: Total time for which application threads were stopped: 0.0401590 seconds, Stopping threads took: 0.0400160 seconds
57.094: [CMS-concurrent-mark-start]
57.097: [CMS-concurrent-mark: 0.003/0.003 secs] [Times: user=0.02 sys=0.00, real=0.00 secs] 
57.097: [CMS-concurrent-preclean-start]
57.097: [CMS-concurrent-preclean: 0.000/0.000 secs] [Times: user=0.00 sys=0.00, real=0.00 secs] 
57.097: [CMS-concurrent-abortable-preclean-start]
57.170: Application time: 0.0762670 seconds
57.180: [GC57.180: [ParNew: 6115K->404K(6144K), 0.0005030 secs] 11614K->5937K(21888K), 0.0005370 secs] [Times: user=0.00 sys=0.00, real=0.00 secs] 
57.180: Total time for which application threads were stopped: 0.0105890 seconds, Stopping threads took: 0.0099930 seconds
57.181: Application time: 0.0004540 seconds
57.181: [GC57.181: [ParNew: 5888K->600K(6144K), 0.0017570 secs] 11421K->11406K(21888K), 0.0017930 secs] [Times: user=0.01 sys=0.00, real=0.00 secs] 
57.183: Total time for which application threads were stopped: 0.0022600 seconds, Stopping threads took: 0.0003950 seconds
57.261: Application time: 0.0777090 seconds
57.283: [CMS-concurrent-abortable-preclean: 0.000/0.186 secs] [Times: user=1.30 sys=0.02, real=0.19 secs] 
57.303: [GC57.303: [ParNew: 6065K->6065K(6144K), 0.0000130 secs]57.303: [CMS (concurrent mode failure): 10806K->2849K(15744K), 0.0059530 secs] 16872K->2849K(21888K), [CMS Perm : 5109K->5109K(21248K)], 0.0060110 secs] [Times: user=0.01 sys=0.00, real=0.01 secs] 
57.309: Total time for which application threads were stopped: 0.0478270 seconds, Stopping threads took: 0.0417330 seconds
57.310: Application time: 0.0010330 seconds
57.350: [GC57.350: [ParNew: 5485K->600K(6144K), 0.0017210 secs] 8335K->7368K(21888K), 0.0017520 secs] [Times: user=0.00 sys=0.00, real=0.00 secs] 
57.352: Total time for which application threads were stopped: 0.0418660 seconds, Stopping threads took: 0.0400410 seconds
57.352: Application time: 0.0000650 seconds
57.352: [GC [1 CMS-initial-mark: 6768K(15744K)] 8158K(21888K), 0.0001050 secs] [Times: user=0.00 sys=0.00, real=0.00 secs] 
57.352: Total time for which application threads were stopped: 0.0003670 seconds, Stopping threads took: 0.0002190 seconds
57.352: [CMS-concurrent-mark-start]
57.354: [CMS-concurrent-mark: 0.002/0.002 secs] [Times: user=0.00 sys=0.00, real=0.00 secs] 
57.354: [CMS-concurrent-preclean-start]
57.354: [CMS-concurrent-preclean: 0.000/0.000 secs] [Times: user=0.00 sys=0.00, real=0.00 secs] 
57.354: [CMS-concurrent-abortable-preclean-start]
57.436: Application time: 0.0844340 seconds
57.476: [GC57.476: [ParNew: 5792K->404K(6144K), 0.0005110 secs] 12561K->7176K(21888K), 0.0005450 secs] [Times: user=0.00 sys=0.00, real=0.00 secs] 
57.476: Total time for which application threads were stopped: 0.0398230 seconds, Stopping threads took: 0.0392020 seconds
57.477: Application time: 0.0005140 seconds
57.477: [GC57.477: [ParNew: 5888K->600K(6144K), 0.0017040 secs] 12660K->12647K(21888K), 0.0017350 secs] [Times: user=0.01 sys=0.00, real=0.00 secs] 
57.479: Total time for which application threads were stopped: 0.0019320 seconds, Stopping threads took: 0.0001460 seconds
57.556: Application time: 0.0777250 seconds
57.579: [CMS-concurrent-abortable-preclean: 0.000/0.225 secs] [Times: user=1.40 sys=0.04, real=0.22 secs] 
57.598: [GC57.598: [ParNew: 5987K->5987K(6144K), 0.0000130 secs]57.598: [CMS (concurrent mode failure): 12047K->2849K(15744K), 0.0057430 secs] 18035K->2849K(21888K), [CMS Perm : 5109K->5109K(21248K)], 0.0057990 secs] [Times: user=0.01 sys=0.00, real=0.01 secs] 
57.603: Total time for which application threads were stopped: 0.0469450 seconds, Stopping threads took: 0.0410560 seconds
57.605: Application time: 0.0011340 seconds
57.656: [GC57.656: [ParNew: 5485K->600K(6144K), 0.0016770 secs] 8335K->7759K(21888K), 0.0017070 secs] [Times: user=0.01 sys=0.01, real=0.00 secs] 
57.658: Total time for which application threads were stopped: 0.0535920 seconds, Stopping threads took: 0.0518100 seconds
57.658: Application time: 0.0000740 seconds
57.659: [GC [1 CMS-initial-mark: 7159K(15744K)] 8746K(21888K), 0.0000970 secs] [Times: user=0.00 sys=0.00, real=0.00 secs] 
57.659: Total time for which application threads were stopped: 0.0004240 seconds, Stopping threads took: 0.0003010 seconds
57.659: [CMS-concurrent-mark-start]
57.662: [CMS-concurrent-mark: 0.003/0.003 secs] [Times: user=0.01 sys=0.00, real=0.01 secs] 
57.662: [CMS-concurrent-preclean-start]
57.662: [CMS-concurrent-preclean: 0.000/0.000 secs] [Times: user=0.00 sys=0.00, real=0.00 secs] 
57.662: [CMS-concurrent-abortable-preclean-start]
57.742: Application time: 0.0835740 seconds
57.789: [GC57.789: [ParNew: 5792K->402K(6144K), 0.0005430 secs] 12952K->7565K(21888K), 0.0005750 secs] [Times: user=0.00 sys=0.00, real=0.00 secs] 
57.790: Total time for which application threads were stopped: 0.0478500 seconds, Stopping threads took: 0.0471910 seconds
57.791: Application time: 0.0006380 seconds
57.791: [GC57.791: [ParNew: 5790K->504K(6144K), 0.0015950 secs] 12953K->12943K(21888K), 0.0016300 secs] [Times: user=0.01 sys=0.00, real=0.00 secs] 
57.793: Total time for which application threads were stopped: 0.0020360 seconds, Stopping threads took: 0.0003530 seconds
57.870: Application time: 0.0770800 seconds
57.893: [CMS-concurrent-abortable-preclean: 0.000/0.231 secs] [Times: user=1.43 sys=0.03, real=0.23 secs] 
57.911: [GC57.911: [ParNew: 5892K->5892K(6144K), 0.0000120 secs]57.911: [CMS (concurrent mode failure): 12438K->2752K(15744K), 0.0059030 secs] 18331K->2752K(21888K), [CMS Perm : 5109K->5109K(21248K)], 0.0059610 secs] [Times: user=0.00 sys=0.00, real=0.00 secs] 
57.917: Total time for which application threads were stopped: 0.0475270 seconds, Stopping threads took: 0.0414830 seconds
57.918: Application time: 0.0011240 seconds
57.959: [GC57.959: [ParNew: 5466K->630K(6144K), 0.0018730 secs] 8218K->8182K(21888K), 0.0019070 secs] [Times: user=0.01 sys=0.00, real=0.01 secs] 
57.961: Total time for which application threads were stopped: 0.0420450 seconds, Stopping threads took: 0.0400630 seconds
57.961: Application time: 0.0000560 seconds
57.961: [GC [1 CMS-initial-mark: 7552K(15744K)] 8869K(21888K), 0.0001030 secs] [Times: user=0.00 sys=0.00, real=0.00 secs] 
57.961: Total time for which application threads were stopped: 0.0003400 seconds, Stopping threads took: 0.0001940 seconds
57.961: [CMS-concurrent-mark-start]
57.964: [CMS-concurrent-mark: 0.003/0.003 secs] [Times: user=0.02 sys=0.00, real=0.00 secs] 
57.965: [CMS-concurrent-preclean-start]
57.965: [CMS-concurrent-preclean: 0.000/0.000 secs] [Times: user=0.00 sys=0.00, real=0.00 secs] 
57.965: [CMS-concurrent-abortable-preclean-start]
58.052: Application time: 0.0908980 seconds
58.106: [GC58.106: [ParNew: 6096K->432K(6144K), 0.0003690 secs] 13648K->8016K(21888K), 0.0003980 secs] [Times: user=0.00 sys=0.00, real=0.00 secs] 
58.107: Total time for which application threads were stopped: 0.0548710 seconds, Stopping threads took: 0.0543870 seconds
58.107: Application time: 0.0005930 seconds
58.108: [GC58.108: [ParNew: 5703K->532K(6144K), 0.0015410 secs] 13287K->13223K(21888K), 0.0015730 secs] [Times: user=0.01 sys=0.00, real=0.00 secs] 
58.109: Total time for which application threads were stopped: 0.0019180 seconds, Stopping threads took: 0.0002920 seconds
58.187: Application time: 0.0782700 seconds
58.209: [CMS-concurrent-abortable-preclean: 0.000/0.245 secs] [Times: user=1.52 sys=0.06, real=0.25 secs] 
58.228: [GC58.228: [ParNew: 6017K->6017K(6144K), 0.0000140 secs]58.228: [CMS (concurrent mode failure): 12690K->2654K(15744K), 0.0058530 secs] 18708K->2654K(21888K), [CMS Perm : 5109K->5109K(21248K)], 0.0059080 secs] [Times: user=0.01 sys=0.00, real=0.00 secs] 
58.234: Total time for which application threads were stopped: 0.0464890 seconds, Stopping threads took: 0.0405180 seconds
58.235: Application time: 0.0011950 seconds
58.275: [GC58.275: [ParNew: 5466K->628K(6144K), 0.0015380 secs] 8121K->7789K(21888K), 0.0015690 secs] [Times: user=0.01 sys=0.00, real=0.00 secs] 
58.277: Total time for which application threads were stopped: 0.0414750 seconds, Stopping threads took: 0.0398500 seconds
58.277: Application time: 0.0000620 seconds
58.329: [GC [1 CMS-initial-mark: 7161K(15744K)] 8872K(21888K), 0.0000990 secs] [Times: user=0.00 sys=0.00, real=0.00 secs] 
58.329: Total time for which application threads were stopped: 0.0527510 seconds, Stopping threads took: 0.0526250 seconds
58.330: [CMS-concurrent-mark-start]
58.333: [CMS-concurrent-mark: 0.003/0.003 secs] [Times: user=0.02 sys=0.00, real=0.00 secs] 
58.333: [CMS-concurrent-preclean-start]
58.333: [CMS-concurrent-preclean: 0.000/0.000 secs] [Times: user=0.00 sys=0.00, real=0.00 secs] 
58.333: [CMS-concurrent-abortable-preclean-start]
58.406: Application time: 0.0764680 seconds
58.417: [GC58.417: [ParNew: 6113K->400K(6144K), 0.0003760 secs] 13275K->7593K(21888K), 0.0004090 secs] [Times: user=0.01 sys=0.00, real=0.00 secs] 
58.418: Total time for which application threads were stopped: 0.0116930 seconds, Stopping threads took: 0.0112260 seconds
58.418: Application time: 0.0004510 seconds
58.418: [GC58.418: [ParNew: 5884K->600K(6144K), 0.0015390 secs] 13077K->13067K(21888K), 0.0015700 secs] [Times: user=0.01 sys=0.00, real=0.01 secs] 
58.420: Total time for which application threads were stopped: 0.0019910 seconds, Stopping threads took: 0.0003470 seconds
58.497: Application time: 0.0770850 seconds
58.520: [CMS-concurrent-abortable-preclean: 0.000/0.187 secs] [Times: user=1.29 sys=0.02, real=0.19 secs] 
58.538: [GC58.538: [ParNew: 5987K->5987K(6144K), 0.0000120 secs]58.538: [CMS (concurrent mode failure): 12467K->2850K(15744K), 0.0058760 secs] 18454K->2850K(21888K), [CMS Perm : 5109K->5109K(21248K)], 0.0059340 secs] [Times: user=0.01 sys=0.00, real=0.01 secs] 
58.544: Total time for which application threads were stopped: 0.0467100 seconds, Stopping threads took: 0.0407110 seconds
58.545: Application time: 0.0010230 seconds
58.594: [GC58.594: [ParNew: 5485K->600K(6144K), 0.0016710 secs] 8335K->7759K(21888K), 0.0017090 secs] [Times: user=0.01 sys=0.00, real=0.00 secs] 
58.596: Total time for which application threads were stopped: 0.0509110 seconds, Stopping threads took: 0.0491240 seconds
58.596: Application time: 0.0000630 seconds
58.596: [GC [1 CMS-initial-mark: 7159K(15744K)] 8351K(21888K), 0.0000930 secs] [Times: user=0.00 sys=0.00, real=0.00 secs] 
58.596: Total time for which application threads were stopped: 0.0002850 seconds, Stopping threads took: 0.0001680 seconds
58.596: [CMS-concurrent-mark-start]
58.600: [CMS-concurrent-mark: 0.003/0.003 secs] [Times: user=0.03 sys=0.00, real=0.01 secs] 
58.600: [CMS-concurrent-preclean-start]
58.600: [CMS-concurrent-preclean: 0.000/0.000 secs] [Times: user=0.00 sys=0.00, real=0.00 secs] 
58.600: [CMS-concurrent-abortable-preclean-start]
58.681: Application time: 0.0853300 seconds
58.727: [GC58.727: [ParNew: 5792K->406K(6144K), 0.0004870 secs] 12952K->7569K(21888K), 0.0005180 secs] [Times: user=0.00 sys=0.00, real=0.01 secs] 
58.728: Total time for which application threads were stopped: 0.0461820 seconds, Stopping threads took: 0.0455830 seconds
58.728: Application time: 0.0005670 seconds
58.729: [GC58.729: [ParNew: 5890K->600K(6144K), 0.0017300 secs] 13053K->13038K(21888K), 0.0017640 secs] [Times: user=0.02 sys=0.00, real=0.00 secs] 
58.730: Total time for which application threads were stopped: 0.0021320 seconds, Stopping threads took: 0.0003150 seconds
58.809: Application time: 0.0790480 seconds
58.831: [CMS-concurrent-abortable-preclean: 0.000/0.231 secs] [Times: user=1.44 sys=0.03, real=0.23 secs] 
58.849: [GC58.849: [ParNew: 6037K->6037K(6144K), 0.0000130 secs]58.849: [CMS (concurrent mode failure): 12438K->2874K(15744K), 0.0066560 secs] 18476K->2874K(21888K), [CMS Perm : 5109K->5109K(21248K)], 0.0067100 secs] [Times: user=0.00 sys=0.00, real=0.00 secs] 
58.856: Total time for which application threads were stopped: 0.0465760 seconds, Stopping threads took: 0.0398040 seconds
58.857: Application time: 0.0012670 seconds
58.912: [GC58.912: [ParNew: 5494K->634K(6144K), 0.0011690 secs] 8368K->6670K(21888K), 0.0011990 secs] [Times: user=0.00 sys=0.00, real=0.00 secs] 
58.913: Total time for which application threads were stopped: 0.0560960 seconds, Stopping threads took: 0.0548420 seconds
58.913: Application time: 0.0000540 seconds
58.914: [GC [1 CMS-initial-mark: 6035K(15744K)] 7846K(21888K), 0.0001120 secs] [Times: user=0.00 sys=0.00, real=0.00 secs] 
58.914: Total time for which application threads were stopped: 0.0002200 seconds, Stopping threads took: 0.0000840 seconds
58.914: [CMS-concurrent-mark-start]
58.917: [CMS-concurrent-mark: 0.004/0.004 secs] [Times: user=0.01 sys=0.00, real=0.00 secs] 
58.917: [CMS-concurrent-preclean-start]
58.917: [CMS-concurrent-preclean: 0.000/0.000 secs] [Times: user=0.00 sys=0.00, real=0.00 secs] 
58.917: [CMS-concurrent-abortable-preclean-start]
58.991: Application time: 0.0770970 seconds
59.007: [GC59.007: [ParNew: 6119K->600K(6144K), 0.0005670 secs] 12155K->6673K(21888K), 0.0006110 secs] [Times: user=0.00 sys=0.00, real=0.01 secs] 
59.008: Total time for which application threads were stopped: 0.0168920 seconds, Stopping threads took: 0.0162230 seconds
59.008: Application time: 0.0006990 seconds
59.057: [GC59.057: [ParNew: 6083K->596K(6144K), 0.0011530 secs] 12157K->9990K(21888K), 0.0011880 secs] [Times: user=0.01 sys=0.00, real=0.00 secs] 
59.058: Total time for which application threads were stopped: 0.0495800 seconds, Stopping threads took: 0.0483240 seconds
59.135: Application time: 0.0773820 seconds
59.137: [GC59.137: [ParNew: 5964K->626K(6144K), 0.0006030 secs] 15359K->10021K(21888K), 0.0006550 secs] [Times: user=0.01 sys=0.00, real=0.00 secs] 
59.138: Total time for which application threads were stopped: 0.0026840 seconds, Stopping threads took: 0.0019510 seconds
59.139: Application time: 0.0008490 seconds
59.188: [GC59.188: [ParNew: 6107K->598K(6144K), 0.0011900 secs] 15502K->13343K(21888K), 0.0012200 secs] [Times: user=0.01 sys=0.00, real=0.00 secs] 
59.189: Total time for which application threads were stopped: 0.0501910 seconds, Stopping threads took: 0.0489190 seconds
59.267: Application time: 0.0780820 seconds
59.268: [GC59.268: [ParNew: 6083K->6083K(6144K), 0.0000150 secs]59.268: [CMS59.268: [CMS-concurrent-abortable-preclean: 0.001/0.351 secs] [Times: user=2.12 sys=0.07, real=0.36 secs] 
 (concurrent mode failure): 12744K->2069K(15744K), 0.0057880 secs] 18828K->2069K(21888K), [CMS Perm : 5109K->5109K(21248K)], 0.0058500 secs] [Times: user=0.00 sys=0.00, real=0.00 secs] 
59.274: Total time for which application threads were stopped: 0.0071250 seconds, Stopping threads took: 0.0011990 seconds
59.275: Application time: 0.0009570 seconds
59.315: [GC59.315: [ParNew: 5388K->602K(6144K), 0.0016030 secs] 7457K->7178K(21888K), 0.0016330 secs] [Times: user=0.01 sys=0.00, real=0.00 secs] 
59.317: Total time for which application threads were stopped: 0.0416160 seconds, Stopping threads took: 0.0399290 seconds
59.317: Application time: 0.0001280 seconds
59.317: [GC [1 CMS-initial-mark: 6575K(15744K)] 8553K(21888K), 0.0000960 secs] [Times: user=0.00 sys=0.00, real=0.00 secs] 
59.317: Total time for which application threads were stopped: 0.0003350 seconds, Stopping threads took: 0.0002170 seconds
59.317: [CMS-concurrent-mark-start]
59.324: [CMS-concurrent-mark: 0.006/0.006 secs] [Times: user=0.05 sys=0.00, real=0.01 secs] 
59.324: [CMS-concurrent-preclean-start]
59.324: [CMS-concurrent-preclean: 0.000/0.000 secs] [Times: user=0.00 sys=0.00, real=0.00 secs] 
59.324: [CMS-concurrent-abortable-preclean-start]
59.406: Application time: 0.0889730 seconds
59.413: [GC59.413: [ParNew: 5989K->502K(6144K), 0.0007880 secs] 12565K->8449K(21888K), 0.0008260 secs] [Times: user=0.01 sys=0.00, real=0.00 secs] 
59.413: Total time for which application threads were stopped: 0.0071540 seconds, Stopping threads took: 0.0062650 seconds
59.416: Application time: 0.0023380 seconds
59.490: [GC59.490: [ParNew: 5968K->628K(6144K), 0.0004620 secs] 13915K->8770K(21888K), 0.0004960 secs] [Times: user=0.01 sys=0.00, real=0.00 secs] 
59.491: Total time for which application threads were stopped: 0.0751390 seconds, Stopping threads took: 0.0745860 seconds
59.492: Application time: 0.0006890 seconds
59.531: [GC59.531: [ParNew: 6094K->628K(6144K), 0.0016440 secs] 14236K->13291K(21888K), 0.0016830 secs] [Times: user=0.01 sys=0.00, real=0.00 secs] 
59.533: Total time for which application threads were stopped: 0.0415100 seconds, Stopping threads took: 0.0397690 seconds
59.611: Application time: 0.0776460 seconds
59.633: [CMS-concurrent-abortable-preclean: 0.001/0.310 secs] [Times: user=1.89 sys=0.07, real=0.31 secs] 
59.653: [GC59.653: [ParNew: 6015K->6015K(6144K), 0.0000120 secs]59.653: [CMS (concurrent mode failure): 12663K->2069K(15744K), 0.0054460 secs] 18679K->2069K(21888K), [CMS Perm : 5109K->5109K(21248K)], 0.0055030 secs] [Times: user=0.00 sys=0.00, real=0.00 secs] 
59.658: Total time for which application threads were stopped: 0.0473410 seconds, Stopping threads took: 0.0417580 seconds
59.659: Application time: 0.0008960 seconds
59.700: [GC59.700: [ParNew: 5388K->600K(6144K), 0.0017430 secs] 7457K->7176K(21888K), 0.0017810 secs] [Times: user=0.01 sys=0.00, real=0.00 secs] 
59.702: Total time for which application threads were stopped: 0.0429370 seconds, Stopping threads took: 0.0411000 seconds
59.702: Application time: 0.0000460 seconds
59.702: [GC [1 CMS-initial-mark: 6576K(15744K)] 7764K(21888K), 0.0001000 secs] [Times: user=0.00 sys=0.00, real=0.00 secs] 
59.702: Total time for which application threads were stopped: 0.0003230 seconds, Stopping threads took: 0.0001760 seconds
59.702: [CMS-concurrent-mark-start]
59.705: [CMS-concurrent-mark: 0.003/0.003 secs] [Times: user=0.01 sys=0.00, real=0.00 secs] 
59.705: [CMS-concurrent-preclean-start]
59.705: [CMS-concurrent-preclean: 0.000/0.000 secs] [Times: user=0.00 sys=0.00, real=0.00 secs] 
59.705: Application time: 0.0027380 seconds
59.776: [GC[YG occupancy: 2491 K (6144 K)]59.776: [Rescan (parallel) , 0.0001600 secs]59.776: [weak refs processing, 0.0000080 secs]59.776: [scrub string table, 0.0000980 secs] [1 CMS-remark: 6576K(15744K)] 9068K(21888K), 0.0002950 secs] [Times: user=0.00 sys=0.00, real=0.00 secs] 
59.776: Total time for which application threads were stopped: 0.0707860 seconds, Stopping threads took: 0.0704350 seconds
59.776: [CMS-concurrent-sweep-start]
59.777: Application time: 0.0008010 seconds
59.817: [GC59.817: [ParNew: 5870K->624K(6144K), 0.0011540 secs] 12446K->9349K(21888K), 0.0011870 secs] [Times: user=0.01 sys=0.00, real=0.00 secs] 
59.818: Total time for which application threads were stopped: 0.0417460 seconds, Stopping threads took: 0.0404840 seconds
59.819: [CMS-concurrent-sweep: 0.001/0.043 secs] [Times: user=0.16 sys=0.02, real=0.04 secs] 
59.819: [CMS-concurrent-reset-start]
59.819: [CMS-concurrent-reset: 0.000/0.000 secs] [Times: user=0.00 sys=0.00, real=0.00 secs] 
59.820: Application time: 0.0013330 seconds
59.896: [GC59.896: [ParNew: 5816K->402K(6144K), 0.0003600 secs] 13759K->8376K(21888K), 0.0003950 secs] [Times: user=0.00 sys=0.00, real=0.00 secs] 
59.897: Total time for which application threads were stopped: 0.0767750 seconds, Stopping threads took: 0.0763070 seconds
59.897: Application time: 0.0000450 seconds
59.897: [GC [1 CMS-initial-mark: 7974K(15744K)] 8771K(21888K), 0.0000810 secs] [Times: user=0.00 sys=0.00, real=0.00 secs] 
59.897: Total time for which application threads were stopped: 0.0001610 seconds, Stopping threads took: 0.0000620 seconds
59.897: [CMS-concurrent-mark-start]
59.898: Application time: 0.0008190 seconds
59.937: [GC59.937: [ParNew: 5888K->598K(6144K), 0.0010910 secs] 13862K->11697K(21888K), 0.0011200 secs] [Times: user=0.00 sys=0.00, real=0.00 secs] 
59.939: Total time for which application threads were stopped: 0.0410760 seconds, Stopping threads took: 0.0398880 seconds
59.944: [CMS-concurrent-mark: 0.006/0.047 secs] [Times: user=0.15 sys=0.02, real=0.05 secs] 
59.944: [CMS-concurrent-preclean-start]
59.944: [CMS-concurrent-preclean: 0.000/0.000 secs] [Times: user=0.00 sys=0.00, real=0.00 secs] 
59.944: [CMS-concurrent-abortable-preclean-start]
59.944: [CMS-concurrent-abortable-preclean: 0.000/0.000 secs] [Times: user=0.00 sys=0.00, real=0.00 secs] 
59.944: Application time: 0.0052680 seconds
60.016: [GC[YG occupancy: 5204 K (6144 K)]60.016: [Rescan (parallel) , 0.0001760 secs]60.016: [weak refs processing, 0.0000080 secs]60.016: [scrub string table, 0.0000950 secs] [1 CMS-remark: 11099K(15744K)] 16304K(21888K), 0.0003170 secs] [Times: user=0.00 sys=0.00, real=0.00 secs] 
60.017: Total time for which application threads were stopped: 0.0727130 seconds, Stopping threads took: 0.0723600 seconds
60.017: [CMS-concurrent-sweep-start]
60.017: Application time: 0.0001770 seconds
60.017: [GC60.017: [ParNew: 6083K->6083K(6144K), 0.0000100 secs]60.017: [CMS60.017: [CMS-concurrent-sweep: 0.000/0.001 secs] [Times: user=0.00 sys=0.00, real=0.00 secs] 
 (concurrent mode failure): 11099K->2948K(15744K), 0.0059960 secs] 17183K->2948K(21888K), [CMS Perm : 5109K->5109K(21248K)], 0.0060580 secs] [Times: user=0.01 sys=0.00, real=0.01 secs] 
60.023: Total time for which application threads were stopped: 0.0063690 seconds, Stopping threads took: 0.0002610 seconds
60.024: Application time: 0.0011750 seconds
60.064: [GC60.064: [ParNew: 5172K->628K(6144K), 0.0017460 secs] 8121K->8082K(21888K), 0.0017820 secs] [Times: user=0.01 sys=0.00, real=0.00 secs] 
60.066: Total time for which application threads were stopped: 0.0416270 seconds, Stopping threads took: 0.0397700 seconds
60.066: Application time: 0.0000690 seconds
60.107: [GC [1 CMS-initial-mark: 7454K(15744K)] 8770K(21888K), 0.0001090 secs] [Times: user=0.00 sys=0.00, real=0.01 secs] 
60.109: Total time for which application threads were stopped: 0.0425760 seconds, Stopping threads took: 0.0408800 seconds
60.109: [CMS-concurrent-mark-start]
60.112: [CMS-concurrent-mark: 0.003/0.003 secs] [Times: user=0.03 sys=0.00, real=0.00 secs] 
60.112: [CMS-concurrent-preclean-start]
60.112: [CMS-concurrent-preclean: 0.000/0.000 secs] [Times: user=0.00 sys=0.00, real=0.00 secs] 
60.112: [CMS-concurrent-abortable-preclean-start]
60.187: Application time: 0.0779140 seconds
60.228: [GC60.228: [ParNew: 5996K->235K(6144K), 0.0003800 secs] 13451K->7720K(21888K), 0.0004100 secs] [Times: user=0.00 sys=0.00, real=0.00 secs] 
60.229: Total time for which application threads were stopped: 0.0422150 seconds, Stopping threads took: 0.0417270 seconds
60.229: Application time: 0.0005710 seconds
60.230: [GC60.230: [ParNew: 5721K->630K(6144K), 0.0014170 secs] 13206K->13194K(21888K), 0.0014470 secs] [Times: user=0.01 sys=0.00, real=0.00 secs] 
60.231: Total time for which application threads were stopped: 0.0018870 seconds, Stopping threads took: 0.0003680 seconds
60.310: Application time: 0.0783490 seconds
60.331: [CMS-concurrent-abortable-preclean: 0.000/0.220 secs] [Times: user=1.34 sys=0.04, real=0.22 secs] 
60.350: [GC60.350: [ParNew: 6017K->6017K(6144K), 0.0000130 secs]60.350: [CMS (concurrent mode failure): 12563K->2655K(15744K), 0.0066090 secs] 18581K->2655K(21888K), [CMS Perm : 5109K->5109K(21248K)], 0.0066630 secs] [Times: user=0.00 sys=0.00, real=0.00 secs] 
60.357: Total time for which application threads were stopped: 0.0469810 seconds, Stopping threads took: 0.0402250 seconds
60.358: Application time: 0.0011100 seconds
60.398: [GC60.398: [ParNew: 5485K->598K(6144K), 0.0013660 secs] 8140K->7857K(21888K), 0.0013960 secs] [Times: user=0.01 sys=0.00, real=0.00 secs] 
60.399: Total time for which application threads were stopped: 0.0413720 seconds, Stopping threads took: 0.0398990 seconds
60.399: Application time: 0.0000590 seconds
60.399: [GC [1 CMS-initial-mark: 7259K(15744K)] 8940K(21888K), 0.0001010 secs] [Times: user=0.00 sys=0.00, real=0.01 secs] 
60.399: Total time for which application threads were stopped: 0.0003560 seconds, Stopping threads took: 0.0002210 seconds
60.400: [CMS-concurrent-mark-start]
60.403: [CMS-concurrent-mark: 0.003/0.003 secs] [Times: user=0.01 sys=0.00, real=0.00 secs] 
60.403: [CMS-concurrent-preclean-start]
60.403: [CMS-concurrent-preclean: 0.000/0.000 secs] [Times: user=0.00 sys=0.00, real=0.00 secs] 
60.403: [CMS-concurrent-abortable-preclean-start]
60.487: Application time: 0.0872720 seconds
60.530: [GC60.530: [ParNew: 5985K->406K(6144K), 0.0005080 secs] 13245K->7667K(21888K), 0.0005410 secs] [Times: user=0.00 sys=0.00, real=0.00 secs] 
60.531: Total time for which application threads were stopped: 0.0442750 seconds, Stopping threads took: 0.0436800 seconds
60.532: Application time: 0.0005710 seconds
60.532: [GC60.532: [ParNew: 5890K->600K(6144K), 0.0017610 secs] 13151K->13136K(21888K), 0.0017950 secs] [Times: user=0.02 sys=0.00, real=0.00 secs] 
60.534: Total time for which application threads were stopped: 0.0022690 seconds, Stopping threads took: 0.0003980 seconds
60.611: Application time: 0.0775560 seconds
60.634: [CMS-concurrent-abortable-preclean: 0.000/0.231 secs] [Times: user=1.45 sys=0.05, real=0.23 secs] 
60.652: [GC60.652: [ParNew: 6085K->6085K(6144K), 0.0000130 secs]60.652: [CMS (concurrent mode failure): 12536K->2948K(15744K), 0.0059590 secs] 18621K->2948K(21888K), [CMS Perm : 5109K->5109K(21248K)], 0.0060270 secs] [Times: user=0.01 sys=0.00, real=0.00 secs] 
60.658: Total time for which application threads were stopped: 0.0464790 seconds, Stopping threads took: 0.0403700 seconds
60.659: Application time: 0.0011160 seconds
60.712: [GC60.712: [ParNew: 5485K->602K(6144K), 0.0019130 secs] 8434K->8448K(21888K), 0.0019490 secs] [Times: user=0.01 sys=0.01, real=0.00 secs] 
60.714: Total time for which application threads were stopped: 0.0548070 seconds, Stopping threads took: 0.0527810 seconds
60.714: Application time: 0.0000480 seconds
60.766: [GC [1 CMS-initial-mark: 7845K(15744K)] 8647K(21888K), 0.0001130 secs] [Times: user=0.00 sys=0.00, real=0.00 secs] 
60.766: Total time for which application threads were stopped: 0.0523480 seconds, Stopping threads took: 0.0521870 seconds
60.766: [CMS-concurrent-mark-start]
60.770: [CMS-concurrent-mark: 0.004/0.004 secs] [Times: user=0.01 sys=0.00, real=0.01 secs] 
60.770: [CMS-concurrent-preclean-start]
60.770: [CMS-concurrent-preclean: 0.000/0.000 secs] [Times: user=0.00 sys=0.00, real=0.00 secs] 
60.770: [CMS-concurrent-abortable-preclean-start]
60.851: Application time: 0.0851720 seconds
60.858: [GC60.858: [ParNew: 5775K->434K(6144K), 0.0005480 secs] 13621K->8283K(21888K), 0.0005830 secs] [Times: user=0.00 sys=0.00, real=0.00 secs] 
60.859: Total time for which application threads were stopped: 0.0072160 seconds, Stopping threads took: 0.0065560 seconds
60.859: Application time: 0.0005510 seconds
60.859: [GC60.860: [ParNew: 5801K->630K(6144K), 0.0016060 secs] 13650K->13586K(21888K), 0.0016410 secs] [Times: user=0.01 sys=0.00, real=0.00 secs] 
60.861: Total time for which application threads were stopped: 0.0019960 seconds, Stopping threads took: 0.0003010 seconds
60.939: Application time: 0.0776000 seconds
60.961: [CMS-concurrent-abortable-preclean: 0.000/0.191 secs] [Times: user=1.35 sys=0.02, real=0.19 secs] 
60.980: [GC60.980: [ParNew: 6017K->6017K(6144K), 0.0000120 secs]60.980: [CMS (concurrent mode failure): 12956K->2655K(15744K), 0.0059230 secs] 18974K->2655K(21888K), [CMS Perm : 5109K->5109K(21248K)], 0.0059820 secs] [Times: user=0.01 sys=0.00, real=0.00 secs] 
60.986: Total time for which application threads were stopped: 0.0476600 seconds, Stopping threads took: 0.0415930 seconds
60.987: Application time: 0.0008940 seconds
61.027: [GC61.027: [ParNew: 5483K->598K(6144K), 0.0017220 secs] 8139K->7856K(21888K), 0.0017560 secs] [Times: user=0.01 sys=0.00, real=0.01 secs] 
61.029: Total time for which application threads were stopped: 0.0418500 seconds, Stopping threads took: 0.0400390 seconds
61.029: Application time: 0.0000590 seconds
61.030: [GC [1 CMS-initial-mark: 7257K(15744K)] 8153K(21888K), 0.0001240 secs] [Times: user=0.00 sys=0.00, real=0.00 secs] 
61.030: Total time for which application threads were stopped: 0.0004460 seconds, Stopping threads took: 0.0002950 seconds
61.030: [CMS-concurrent-mark-start]
61.033: [CMS-concurrent-mark: 0.004/0.004 secs] [Times: user=0.01 sys=0.00, real=0.00 secs] 
61.034: [CMS-concurrent-preclean-start]
61.034: [CMS-concurrent-preclean: 0.000/0.000 secs] [Times: user=0.00 sys=0.00, real=0.00 secs] 
61.034: [CMS-concurrent-abortable-preclean-start]
61.122: Application time: 0.0926720 seconds
61.162: [GC61.162: [ParNew: 6034K->452K(6144K), 0.0003680 secs] 13292K->7713K(21888K), 0.0004010 secs] [Times: user=0.00 sys=0.00, real=0.00 secs] 
61.162: Total time for which application threads were stopped: 0.0401200 seconds, Stopping threads took: 0.0396430 seconds
61.163: Application time: 0.0006720 seconds
61.163: [GC61.163: [ParNew: 5771K->626K(6144K), 0.0015650 secs] 13031K->12965K(21888K), 0.0016000 secs] [Times: user=0.02 sys=0.00, real=0.00 secs] 
61.165: Total time for which application threads were stopped: 0.0018730 seconds, Stopping threads took: 0.0002210 seconds
61.243: Application time: 0.0778970 seconds
61.265: [CMS-concurrent-abortable-preclean: 0.001/0.232 secs] [Times: user=1.50 sys=0.03, real=0.23 secs] 
61.283: [GC61.283: [ParNew: 5818K->5818K(6144K), 0.0000130 secs]61.283: [CMS (concurrent mode failure): 12339K->2460K(15744K), 0.0058690 secs] 18158K->2460K(21888K), [CMS Perm : 5109K->5109K(21248K)], 0.0059230 secs] [Times: user=0.00 sys=0.00, real=0.01 secs] 
61.289: Total time for which application threads were stopped: 0.0464570 seconds, Stopping threads took: 0.0404650 seconds
61.291: Application time: 0.0012050 seconds
61.344: [GC61.344: [ParNew: 5446K->634K(6144K), 0.0012350 secs] 7907K->6841K(21888K), 0.0012640 secs] [Times: user=0.01 sys=0.00, real=0.00 secs] 
61.345: Total time for which application threads were stopped: 0.0546670 seconds, Stopping threads took: 0.0533510 seconds
61.345: Application time: 0.0001350 seconds
61.346: [GC [1 CMS-initial-mark: 6207K(15744K)] 8217K(21888K), 0.0000990 secs] [Times: user=0.00 sys=0.00, real=0.00 secs] 
61.346: Total time for which application threads were stopped: 0.0004260 seconds, Stopping threads took: 0.0003070 seconds
61.346: [CMS-concurrent-mark-start]
61.349: [CMS-concurrent-mark: 0.003/0.003 secs] [Times: user=0.01 sys=0.00, real=0.01 secs] 
61.349: [CMS-concurrent-preclean-start]
61.349: [CMS-concurrent-preclean: 0.000/0.000 secs] [Times: user=0.00 sys=0.00, real=0.00 secs] 
61.349: [CMS-concurrent-abortable-preclean-start]
61.425: Application time: 0.0792190 seconds
61.466: [GC61.466: [ParNew: 6022K->12K(6144K), 0.0005100 secs] 12229K->6257K(21888K), 0.0005400 secs] [Times: user=0.00 sys=0.00, real=0.00 secs] 
61.466: Total time for which application threads were stopped: 0.0413290 seconds, Stopping threads took: 0.0407070 seconds
61.467: Application time: 0.0006060 seconds
61.467: [GC61.467: [ParNew: 5497K->602K(6144K), 0.0013980 secs] 11743K->11731K(21888K), 0.0014260 secs] [Times: user=0.01 sys=0.01, real=0.01 secs] 
61.469: Total time for which application threads were stopped: 0.0017980 seconds, Stopping threads took: 0.0003250 seconds
61.546: Application time: 0.0773660 seconds
61.569: [CMS-concurrent-abortable-preclean: 0.000/0.220 secs] [Times: user=1.36 sys=0.05, real=0.22 secs] 
61.604: [GC61.604: [ParNew: 6087K->6087K(6144K), 0.0000120 secs]61.604: [CMS (concurrent mode failure): 11128K->1483K(15744K), 0.0063300 secs] 17216K->1483K(21888K), [CMS Perm : 5109K->5109K(21248K)], 0.0063810 secs] [Times: user=0.01 sys=0.00, real=0.01 secs] 
61.611: Total time for which application threads were stopped: 0.0646650 seconds, Stopping threads took: 0.0582230 seconds
61.612: Application time: 0.0007900 seconds
61.612: [GC61.612: [ParNew: 5290K->602K(6144K), 0.0016770 secs] 6774K->6790K(21888K), 0.0017040 secs] [Times: user=0.01 sys=0.00, real=0.00 secs] 
61.614: Total time for which application threads were stopped: 0.0021040 seconds, Stopping threads took: 0.0003460 seconds
61.614: Application time: 0.0000460 seconds
61.614: [GC [1 CMS-initial-mark: 6188K(15744K)] 7180K(21888K), 0.0000800 secs] [Times: user=0.00 sys=0.00, real=0.00 secs] 
61.614: Total time for which application threads were stopped: 0.0003210 seconds, Stopping threads took: 0.0002170 seconds
61.614: [CMS-concurrent-mark-start]
61.618: [CMS-concurrent-mark: 0.004/0.004 secs] [Times: user=0.01 sys=0.01, real=0.00 secs] 
61.618: [CMS-concurrent-preclean-start]
61.618: [CMS-concurrent-preclean: 0.000/0.000 secs] [Times: user=0.00 sys=0.00, real=0.00 secs] 
61.618: [CMS-concurrent-abortable-preclean-start]
61.704: Application time: 0.0901020 seconds
61.752: [GC61.752: [ParNew: 5989K->598K(6144K), 0.0006470 secs] 12177K->7373K(21888K), 0.0006830 secs] [Times: user=0.00 sys=0.01, real=0.00 secs] 
61.752: Total time for which application threads were stopped: 0.0481600 seconds, Stopping threads took: 0.0474090 seconds
61.753: Application time: 0.0005960 seconds
61.793: [GC61.793: [ParNew: 5888K->602K(6144K), 0.0018940 secs] 12663K->12163K(21888K), 0.0019310 secs] [Times: user=0.01 sys=0.00, real=0.00 secs] 
61.795: Total time for which application threads were stopped: 0.0420910 seconds, Stopping threads took: 0.0400910 seconds
61.873: Application time: 0.0784250 seconds
61.874: [GC61.874: [ParNew: 5989K->5989K(6144K), 0.0000140 secs]61.874: [CMS61.874: [CMS-concurrent-abortable-preclean: 0.000/0.256 secs] [Times: user=1.51 sys=0.05, real=0.26 secs] 
 (concurrent mode failure): 11561K->3436K(15744K), 0.0067610 secs] 17550K->3436K(21888K), [CMS Perm : 5109K->5109K(21248K)], 0.0068350 secs] [Times: user=0.01 sys=0.00, real=0.01 secs] 
61.881: Total time for which application threads were stopped: 0.0075200 seconds, Stopping threads took: 0.0005940 seconds
61.883: Application time: 0.0024940 seconds
61.959: [GC61.959: [ParNew: 5385K->14K(6144K), 0.0004120 secs] 8822K->3451K(21888K), 0.0004440 secs] [Times: user=0.00 sys=0.00, real=0.00 secs] 
61.960: Total time for which application threads were stopped: 0.0764540 seconds, Stopping threads took: 0.0759240 seconds
61.960: Application time: 0.0004560 seconds
61.961: [GC61.961: [ParNew: 5163K->606K(6144K), 0.0012710 secs] 8600K->8549K(21888K), 0.0013020 secs] [Times: user=0.01 sys=0.00, real=0.00 secs] 
61.962: Total time for which application threads were stopped: 0.0018240 seconds, Stopping threads took: 0.0004510 seconds
61.962: Application time: 0.0000520 seconds
61.962: [GC [1 CMS-initial-mark: 7943K(15744K)] 9459K(21888K), 0.0001080 secs] [Times: user=0.00 sys=0.00, real=0.00 secs] 
61.963: Total time for which application threads were stopped: 0.0002900 seconds, Stopping threads took: 0.0001570 seconds
61.963: [CMS-concurrent-mark-start]
61.966: [CMS-concurrent-mark: 0.003/0.003 secs] [Times: user=0.01 sys=0.00, real=0.00 secs] 
61.966: [CMS-concurrent-preclean-start]
61.966: [CMS-concurrent-preclean: 0.000/0.000 secs] [Times: user=0.00 sys=0.00, real=0.00 secs] 
61.966: [CMS-concurrent-abortable-preclean-start]
62.054: Application time: 0.0915600 seconds
62.094: [GC62.094: [ParNew: 5900K->636K(6144K), 0.0004630 secs] 13844K->8602K(21888K), 0.0004950 secs] [Times: user=0.00 sys=0.00, real=0.00 secs] 
62.094: Total time for which application threads were stopped: 0.0403500 seconds, Stopping threads took: 0.0397910 seconds
62.095: Application time: 0.0005460 seconds
62.095: [GC62.095: [ParNew: 6022K->502K(6144K), 0.0016930 secs] 13989K->13975K(21888K), 0.0017270 secs] [Times: user=0.01 sys=0.00, real=0.00 secs] 
62.097: Total time for which application threads were stopped: 0.0020870 seconds, Stopping threads took: 0.0003070 seconds
62.176: Application time: 0.0786290 seconds
62.197: [CMS-concurrent-abortable-preclean: 0.000/0.231 secs] [Times: user=1.48 sys=0.05, real=0.23 secs] 
62.216: [GC62.216: [ParNew: 5694K->5694K(6144K), 0.0000130 secs]62.216: [CMS (concurrent mode failure): 13473K->1679K(15744K), 0.0056980 secs] 19167K->1679K(21888K), [CMS Perm : 5109K->5109K(21248K)], 0.0057570 secs] [Times: user=0.01 sys=0.00, real=0.01 secs] 
62.222: Total time for which application threads were stopped: 0.0458210 seconds, Stopping threads took: 0.0400010 seconds
62.223: Application time: 0.0009420 seconds
62.223: [GC62.223: [ParNew: 5366K->630K(6144K), 0.0015180 secs] 7046K->7013K(21888K), 0.0015460 secs] [Times: user=0.01 sys=0.00, real=0.00 secs] 
62.224: Total time for which application threads were stopped: 0.0019170 seconds, Stopping threads took: 0.0003160 seconds
62.225: Application time: 0.0000630 seconds
62.225: [GC [1 CMS-initial-mark: 6383K(15744K)] 7703K(21888K), 0.0000870 secs] [Times: user=0.00 sys=0.00, real=0.00 secs] 
62.225: Total time for which application threads were stopped: 0.0002850 seconds, Stopping threads took: 0.0001730 seconds
62.225: [CMS-concurrent-mark-start]
62.228: [CMS-concurrent-mark: 0.004/0.004 secs] [Times: user=0.02 sys=0.00, real=0.01 secs] 
62.228: [CMS-concurrent-preclean-start]
62.229: [CMS-concurrent-preclean: 0.000/0.000 secs] [Times: user=0.00 sys=0.00, real=0.00 secs] 
62.229: [CMS-concurrent-abortable-preclean-start]
62.304: Application time: 0.0794930 seconds
62.345: [GC62.345: [ParNew: 6115K->602K(6144K), 0.0008590 secs] 12499K->7894K(21888K), 0.0008960 secs] [Times: user=0.01 sys=0.00, real=0.00 secs] 
62.346: Total time for which application threads were stopped: 0.0416540 seconds, Stopping threads took: 0.0406790 seconds
62.347: Application time: 0.0007000 seconds
62.399: [GC62.399: [ParNew: 5990K->602K(6144K), 0.0017140 secs] 13282K->12875K(21888K), 0.0017600 secs] [Times: user=0.01 sys=0.00, real=0.01 secs] 
62.400: Total time for which application threads were stopped: 0.0538390 seconds, Stopping threads took: 0.0520010 seconds
62.478: Application time: 0.0776360 seconds
62.482: [GC62.482: [ParNew: 5892K->5892K(6144K), 0.0000130 secs]62.482: [CMS62.482: [CMS-concurrent-abortable-preclean: 0.000/0.253 secs] [Times: user=1.41 sys=0.05, real=0.25 secs] 
 (concurrent mode failure): 12273K->3730K(15744K), 0.0057990 secs] 18165K->3730K(21888K), [CMS Perm : 5109K->5109K(21248K)], 0.0058640 secs] [Times: user=0.01 sys=0.00, real=0.01 secs] 
62.488: Total time for which application threads were stopped: 0.0094080 seconds, Stopping threads took: 0.0034540 seconds
62.489: Application time: 0.0013480 seconds
62.561: [GC62.561: [ParNew: 5466K->630K(6144K), 0.0013810 secs] 9196K->7298K(21888K), 0.0014130 secs] [Times: user=0.01 sys=0.00, real=0.00 secs] 
62.562: Total time for which application threads were stopped: 0.0732340 seconds, Stopping threads took: 0.0717440 seconds
62.562: Application time: 0.0000640 seconds
62.602: [GC [1 CMS-initial-mark: 6668K(15744K)] 7408K(21888K), 0.0000990 secs] [Times: user=0.00 sys=0.00, real=0.00 secs] 
62.602: Total time for which application threads were stopped: 0.0400440 seconds, Stopping threads took: 0.0399060 seconds
62.602: [CMS-concurrent-mark-start]
62.606: [CMS-concurrent-mark: 0.004/0.004 secs] [Times: user=0.02 sys=0.00, real=0.00 secs] 
62.606: [CMS-concurrent-preclean-start]
62.606: [CMS-concurrent-preclean: 0.000/0.000 secs] [Times: user=0.00 sys=0.00, real=0.00 secs] 
62.606: [CMS-concurrent-abortable-preclean-start]
62.606: Application time: 0.0040000 seconds
62.680: [GC62.680: [ParNew: 6115K->402K(6144K), 0.0004310 secs] 12784K->7108K(21888K), 0.0004620 secs] [Times: user=0.01 sys=0.00, real=0.00 secs] 
62.680: Total time for which application threads were stopped: 0.0739170 seconds, Stopping threads took: 0.0734020 seconds
62.681: Application time: 0.0004880 seconds
62.681: [GC62.681: [ParNew: 5886K->600K(6144K), 0.0016600 secs] 12592K->12579K(21888K), 0.0016910 secs] [Times: user=0.01 sys=0.00, real=0.00 secs] 
62.683: Total time for which application threads were stopped: 0.0021470 seconds, Stopping threads took: 0.0003800 seconds
62.760: Application time: 0.0774350 seconds
62.783: [CMS-concurrent-abortable-preclean: 0.000/0.177 secs] [Times: user=1.11 sys=0.05, real=0.18 secs] 
62.796: [GC62.796: [ParNew: 5890K->5890K(6144K), 0.0000120 secs]62.796: [CMS (concurrent mode failure): 11979K->2753K(15744K), 0.0058940 secs] 17869K->2753K(21888K), [CMS Perm : 5109K->5109K(21248K)], 0.0059540 secs] [Times: user=0.00 sys=0.00, real=0.01 secs] 
62.802: Total time for which application threads were stopped: 0.0414870 seconds, Stopping threads took: 0.0354460 seconds
62.803: Application time: 0.0010380 seconds
62.854: [GC62.854: [ParNew: 5388K->504K(6144K), 0.0016090 secs] 8142K->8155K(21888K), 0.0016430 secs] [Times: user=0.01 sys=0.00, real=0.00 secs] 
62.856: Total time for which application threads were stopped: 0.0529800 seconds, Stopping threads took: 0.0512830 seconds
62.856: Application time: 0.0000490 seconds
62.856: [GC [1 CMS-initial-mark: 7651K(15744K)] 8843K(21888K), 0.0001050 secs] [Times: user=0.00 sys=0.00, real=0.00 secs] 
62.856: Total time for which application threads were stopped: 0.0002550 seconds, Stopping threads took: 0.0001050 seconds
62.856: [CMS-concurrent-mark-start]
62.859: [CMS-concurrent-mark: 0.003/0.003 secs] [Times: user=0.03 sys=0.00, real=0.01 secs] 
62.860: [CMS-concurrent-preclean-start]
62.860: [CMS-concurrent-preclean: 0.000/0.000 secs] [Times: user=0.00 sys=0.00, real=0.00 secs] 
62.860: [CMS-concurrent-abortable-preclean-start]
62.934: Application time: 0.0777100 seconds
62.977: [GC62.977: [ParNew: 5970K->434K(6144K), 0.0004440 secs] 13621K->8089K(21888K), 0.0004770 secs] [Times: user=0.00 sys=0.00, real=0.00 secs] 
62.978: Total time for which application threads were stopped: 0.0438770 seconds, Stopping threads took: 0.0433190 seconds
62.978: Application time: 0.0007500 seconds
63.018: [GC63.018: [ParNew: 5784K->634K(6144K), 0.0014020 secs] 13438K->12247K(21888K), 0.0014350 secs] [Times: user=0.01 sys=0.00, real=0.01 secs] 
63.020: Total time for which application threads were stopped: 0.0413500 seconds, Stopping threads took: 0.0398650 seconds
63.097: Application time: 0.0776660 seconds
63.120: [CMS-concurrent-abortable-preclean: 0.000/0.260 secs] [Times: user=1.45 sys=0.05, real=0.26 secs] 
63.139: [GC63.139: [ParNew: 6021K->6021K(6144K), 0.0000140 secs]63.139: [CMS (concurrent mode failure): 11613K->1484K(15744K), 0.0055820 secs] 17635K->1484K(21888K), [CMS Perm : 5109K->5109K(21248K)], 0.0056460 secs] [Times: user=0.00 sys=0.00, real=0.01 secs] 
63.145: Total time for which application threads were stopped: 0.0473400 seconds, Stopping threads took: 0.0416070 seconds
63.146: Application time: 0.0009070 seconds
63.146: [GC63.146: [ParNew: 5290K->602K(6144K), 0.0015050 secs] 6775K->6790K(21888K), 0.0015270 secs] [Times: user=0.01 sys=0.00, real=0.01 secs] 
63.148: Total time for which application threads were stopped: 0.0018640 seconds, Stopping threads took: 0.0002890 seconds
63.148: Application time: 0.0000610 seconds
63.148: [GC [1 CMS-initial-mark: 6188K(15744K)] 7572K(21888K), 0.0001090 secs] [Times: user=0.00 sys=0.00, real=0.00 secs] 
63.148: Total time for which application threads were stopped: 0.0007190 seconds, Stopping threads took: 0.0005870 seconds
63.148: [CMS-concurrent-mark-start]
63.152: [CMS-concurrent-mark: 0.003/0.003 secs] [Times: user=0.03 sys=0.00, real=0.00 secs] 
63.152: [CMS-concurrent-preclean-start]
63.152: [CMS-concurrent-preclean: 0.000/0.000 secs] [Times: user=0.00 sys=0.00, real=0.00 secs] 
63.152: [CMS-concurrent-abortable-preclean-start]
63.241: Application time: 0.0929050 seconds
63.280: [GC63.280: [ParNew: 5989K->596K(6144K), 0.0006580 secs] 12178K->7372K(21888K), 0.0006930 secs] [Times: user=0.01 sys=0.00, real=0.00 secs] 
63.281: Total time for which application threads were stopped: 0.0396780 seconds, Stopping threads took: 0.0389080 seconds
63.282: Application time: 0.0006280 seconds
63.321: [GC63.321: [ParNew: 5886K->502K(6144K), 0.0015660 secs] 12662K->11966K(21888K), 0.0016010 secs] [Times: user=0.01 sys=0.01, real=0.00 secs] 
63.323: Total time for which application threads were stopped: 0.0415710 seconds, Stopping threads took: 0.0399160 seconds
63.401: Application time: 0.0776390 seconds
63.403: [GC63.403: [ParNew: 5890K->5890K(6144K), 0.0000130 secs]63.403: [CMS63.403: [CMS-concurrent-abortable-preclean: 0.000/0.251 secs] [Times: user=1.49 sys=0.06, real=0.25 secs] 
 (concurrent mode failure): 11464K->3437K(15744K), 0.0060850 secs] 17354K->3437K(21888K), [CMS Perm : 5109K->5109K(21248K)], 0.0061520 secs] [Times: user=0.01 sys=0.00, real=0.01 secs] 
63.409: Total time for which application threads were stopped: 0.0082130 seconds, Stopping threads took: 0.0019720 seconds
63.410: Application time: 0.0011890 seconds
63.451: [GC63.451: [ParNew: 5466K->630K(6144K), 0.0016260 secs] 8903K->8279K(21888K), 0.0016590 secs] [Times: user=0.00 sys=0.00, real=0.00 secs] 
63.453: Total time for which application threads were stopped: 0.0428090 seconds, Stopping threads took: 0.0410730 seconds
63.453: Application time: 0.0000610 seconds
63.524: [GC [1 CMS-initial-mark: 7649K(15744K)] 8480K(21888K), 0.0001100 secs] [Times: user=0.00 sys=0.00, real=0.00 secs] 
63.525: Total time for which application threads were stopped: 0.0715340 seconds, Stopping threads took: 0.0713760 seconds
63.525: [CMS-concurrent-mark-start]
63.528: [CMS-concurrent-mark: 0.004/0.004 secs] [Times: user=0.02 sys=0.00, real=0.01 secs] 
63.528: [CMS-concurrent-preclean-start]
63.528: [CMS-concurrent-preclean: 0.000/0.000 secs] [Times: user=0.00 sys=0.00, real=0.00 secs] 
63.528: [CMS-concurrent-abortable-preclean-start]
63.529: Application time: 0.0040780 seconds
63.602: [GC63.602: [ParNew: 6115K->596K(6144K), 0.0004890 secs] 13765K->8669K(21888K), 0.0005280 secs] [Times: user=0.00 sys=0.00, real=0.00 secs] 
63.602: Total time for which application threads were stopped: 0.0737150 seconds, Stopping threads took: 0.0731100 seconds
63.603: Application time: 0.0005890 seconds
63.643: [GC63.643: [ParNew: 5886K->600K(6144K), 0.0017960 secs] 13959K->13459K(21888K), 0.0018280 secs] [Times: user=0.01 sys=0.00, real=0.00 secs] 
63.645: Total time for which application threads were stopped: 0.0417290 seconds, Stopping threads took: 0.0398170 seconds
63.722: Application time: 0.0772940 seconds
63.745: [CMS-concurrent-abortable-preclean: 0.000/0.216 secs] [Times: user=1.16 sys=0.08, real=0.21 secs] 
63.763: [GC63.763: [ParNew: 5968K->5968K(6144K), 0.0000140 secs]63.763: [CMS (concurrent mode failure): 12859K->2265K(15744K), 0.0060650 secs] 18827K->2265K(21888K), [CMS Perm : 5109K->5109K(21248K)], 0.0061230 secs] [Times: user=0.00 sys=0.00, real=0.01 secs] 
63.769: Total time for which application threads were stopped: 0.0474240 seconds, Stopping threads took: 0.0412390 seconds
63.770: Application time: 0.0009550 seconds
63.810: [GC63.810: [ParNew: 5192K->602K(6144K), 0.0017110 secs] 7458K->7179K(21888K), 0.0017410 secs] [Times: user=0.01 sys=0.00, real=0.00 secs] 
63.812: Total time for which application threads were stopped: 0.0418050 seconds, Stopping threads took: 0.0399920 seconds
63.812: Application time: 0.0000440 seconds
63.813: [GC [1 CMS-initial-mark: 6577K(15744K)] 7570K(21888K), 0.0001010 secs] [Times: user=0.00 sys=0.00, real=0.00 secs] 
63.813: Total time for which application threads were stopped: 0.0005000 seconds, Stopping threads took: 0.0003550 seconds
63.813: [CMS-concurrent-mark-start]
63.816: [CMS-concurrent-mark: 0.004/0.004 secs] [Times: user=0.03 sys=0.00, real=0.00 secs] 
63.816: [CMS-concurrent-preclean-start]
63.816: [CMS-concurrent-preclean: 0.000/0.000 secs] [Times: user=0.00 sys=0.00, real=0.00 secs] 
63.816: [CMS-concurrent-abortable-preclean-start]
63.900: Application time: 0.0868740 seconds
63.955: [GC63.955: [ParNew: 6068K->430K(6144K), 0.0006460 secs] 12645K->7402K(21888K), 0.0006820 secs] [Times: user=0.00 sys=0.00, real=0.00 secs] 
63.956: Total time for which application threads were stopped: 0.0564060 seconds, Stopping threads took: 0.0556480 seconds
63.957: Application time: 0.0006610 seconds
64.009: [GC64.009: [ParNew: 5819K->602K(6144K), 0.0015140 secs] 12790K->12094K(21888K), 0.0015500 secs] [Times: user=0.01 sys=0.00, real=0.00 secs] 
64.010: Total time for which application threads were stopped: 0.0536040 seconds, Stopping threads took: 0.0519740 seconds
64.088: Application time: 0.0775990 seconds
64.091: [GC64.091: [ParNew: 5970K->5970K(6144K), 0.0000120 secs]64.091: [CMS64.091: [CMS-concurrent-abortable-preclean: 0.000/0.274 secs] [Times: user=1.49 sys=0.07, real=0.28 secs] 
 (concurrent mode failure): 11492K->3047K(15744K), 0.0053410 secs] 17462K->3047K(21888K), [CMS Perm : 5109K->5109K(21248K)], 0.0054060 secs] [Times: user=0.01 sys=0.00, real=0.00 secs] 
64.096: Total time for which application threads were stopped: 0.0081940 seconds, Stopping threads took: 0.0027000 seconds
64.097: Application time: 0.0010860 seconds
64.137: [GC64.137: [ParNew: 5387K->598K(6144K), 0.0016740 secs] 8435K->7856K(21888K), 0.0017150 secs] [Times: user=0.01 sys=0.00, real=0.00 secs] 
64.139: Total time for which application threads were stopped: 0.0416270 seconds, Stopping threads took: 0.0398450 seconds
64.139: Application time: 0.0000750 seconds
64.179: [GC [1 CMS-initial-mark: 7258K(15744K)] 8548K(21888K), 0.0001020 secs] [Times: user=0.00 sys=0.00, real=0.00 secs] 
64.179: Total time for which application threads were stopped: 0.0402130 seconds, Stopping threads took: 0.0400620 seconds
64.179: [CMS-concurrent-mark-start]
64.183: [CMS-concurrent-mark: 0.003/0.003 secs] [Times: user=0.01 sys=0.00, real=0.01 secs] 
64.183: [CMS-concurrent-preclean-start]
64.183: [CMS-concurrent-preclean: 0.000/0.000 secs] [Times: user=0.00 sys=0.00, real=0.00 secs] 
64.183: [CMS-concurrent-abortable-preclean-start]
64.266: Application time: 0.0872810 seconds
64.273: [GC64.273: [ParNew: 6083K->600K(6144K), 0.0004680 secs] 13342K->8054K(21888K), 0.0005090 secs] [Times: user=0.00 sys=0.00, real=0.00 secs] 
64.274: Total time for which application threads were stopped: 0.0076380 seconds, Stopping threads took: 0.0070700 seconds
64.274: Application time: 0.0004510 seconds
64.314: [GC64.314: [ParNew: 5988K->598K(6144K), 0.0015490 secs] 13442K->12547K(21888K), 0.0015840 secs] [Times: user=0.01 sys=0.00, real=0.00 secs] 
64.316: Total time for which application threads were stopped: 0.0415880 seconds, Stopping threads took: 0.0399480 seconds
64.399: Application time: 0.0832540 seconds
64.416: [CMS-concurrent-abortable-preclean: 0.000/0.234 secs] [Times: user=1.49 sys=0.03, real=0.23 secs] 
64.442: [GC64.442: [ParNew: 5985K->5985K(6144K), 0.0000120 secs]64.442: [CMS (concurrent mode failure): 11949K->2070K(15744K), 0.0057570 secs] 17935K->2070K(21888K), [CMS Perm : 5109K->5109K(21248K)], 0.0058140 secs] [Times: user=0.01 sys=0.00, real=0.01 secs] 
64.448: Total time for which application threads were stopped: 0.0490080 seconds, Stopping threads took: 0.0431100 seconds
64.449: Application time: 0.0009610 seconds
64.489: [GC64.489: [ParNew: 5388K->602K(6144K), 0.0015350 secs] 7458K->7179K(21888K), 0.0015650 secs] [Times: user=0.01 sys=0.00, real=0.00 secs] 
64.491: Total time for which application threads were stopped: 0.0416600 seconds, Stopping threads took: 0.0400280 seconds
64.491: Application time: 0.0000510 seconds
64.491: [GC [1 CMS-initial-mark: 6577K(15744K)] 8062K(21888K), 0.0001000 secs] [Times: user=0.00 sys=0.00, real=0.00 secs] 
64.491: Total time for which application threads were stopped: 0.0003030 seconds, Stopping threads took: 0.0001800 seconds
64.491: [CMS-concurrent-mark-start]
64.495: [CMS-concurrent-mark: 0.003/0.003 secs] [Times: user=0.01 sys=0.00, real=0.00 secs] 
64.495: [CMS-concurrent-preclean-start]
64.495: [CMS-concurrent-preclean: 0.000/0.000 secs] [Times: user=0.00 sys=0.00, real=0.00 secs] 
64.495: [CMS-concurrent-abortable-preclean-start]
64.577: Application time: 0.0855380 seconds
64.617: [GC64.617: [ParNew: 5989K->406K(6144K), 0.0004140 secs] 12567K->7378K(21888K), 0.0004500 secs] [Times: user=0.00 sys=0.00, real=0.00 secs] 
64.618: Total time for which application threads were stopped: 0.0408160 seconds, Stopping threads took: 0.0402900 seconds
64.618: Application time: 0.0005580 seconds
64.658: [GC64.658: [ParNew: 5795K->600K(6144K), 0.0017420 secs] 12766K->12064K(21888K), 0.0017780 secs] [Times: user=0.01 sys=0.00, real=0.01 secs] 
64.660: Total time for which application threads were stopped: 0.0420720 seconds, Stopping threads took: 0.0402340 seconds
64.738: Application time: 0.0773320 seconds
64.761: [CMS-concurrent-abortable-preclean: 0.000/0.266 secs] [Times: user=1.48 sys=0.07, real=0.27 secs] 
64.779: [GC64.779: [ParNew: 5987K->5987K(6144K), 0.0000120 secs]64.779: [CMS (concurrent mode failure): 11464K->2070K(15744K), 0.0057190 secs] 17452K->2070K(21888K), [CMS Perm : 5109K->5109K(21248K)], 0.0057740 secs] [Times: user=0.00 sys=0.00, real=0.01 secs] 
64.785: Total time for which application threads were stopped: 0.0471750 seconds, Stopping threads took: 0.0413340 seconds
64.786: Application time: 0.0010680 seconds
64.838: [GC64.838: [ParNew: 5466K->628K(6144K), 0.0018230 secs] 7537K->7205K(21888K), 0.0018560 secs] [Times: user=0.01 sys=0.00, real=0.01 secs] 
64.840: Total time for which application threads were stopped: 0.0541540 seconds, Stopping threads took: 0.0522220 seconds
64.840: Application time: 0.0000880 seconds
64.840: [GC [1 CMS-initial-mark: 6577K(15744K)] 8485K(21888K), 0.0001070 secs] [Times: user=0.00 sys=0.00, real=0.00 secs] 
64.840: Total time for which application threads were stopped: 0.0003400 seconds, Stopping threads took: 0.0002080 seconds
64.841: [CMS-concurrent-mark-start]
64.847: [CMS-concurrent-mark: 0.006/0.006 secs] [Times: user=0.03 sys=0.00, real=0.00 secs] 
64.847: [CMS-concurrent-preclean-start]
64.847: [CMS-concurrent-preclean: 0.000/0.000 secs] [Times: user=0.00 sys=0.00, real=0.00 secs] 
64.847: [CMS-concurrent-abortable-preclean-start]
64.924: Application time: 0.0835150 seconds
64.968: [GC64.968: [ParNew: 6015K->404K(6144K), 0.0005300 secs] 12593K->7404K(21888K), 0.0005650 secs] [Times: user=0.00 sys=0.00, real=0.00 secs] 
64.968: Total time for which application threads were stopped: 0.0442850 seconds, Stopping threads took: 0.0436420 seconds
64.969: Application time: 0.0008680 seconds
65.021: [GC65.021: [ParNew: 5888K->598K(6144K), 0.0014020 secs] 12888K->11114K(21888K), 0.0014360 secs] [Times: user=0.01 sys=0.00, real=0.00 secs] 
65.022: Total time for which application threads were stopped: 0.0530750 seconds, Stopping threads took: 0.0515610 seconds
65.100: Application time: 0.0782130 seconds
65.102: [GC65.102: [ParNew: 5966K->5966K(6144K), 0.0000150 secs]65.102: [CMS65.102: [CMS-concurrent-abortable-preclean: 0.000/0.255 secs] [Times: user=1.49 sys=0.06, real=0.26 secs] 
 (concurrent mode failure): 10516K->2070K(15744K), 0.0057990 secs] 16483K->2070K(21888K), [CMS Perm : 5109K->5109K(21248K)], 0.0058640 secs] [Times: user=0.01 sys=0.00, real=0.01 secs] 
65.108: Total time for which application threads were stopped: 0.0071900 seconds, Stopping threads took: 0.0012450 seconds
65.109: Application time: 0.0012040 seconds
65.161: [GC65.161: [ParNew: 5444K->634K(6144K), 0.0014990 secs] 7515K->6061K(21888K), 0.0015340 secs] [Times: user=0.01 sys=0.00, real=0.00 secs] 
65.162: Total time for which application threads were stopped: 0.0532810 seconds, Stopping threads took: 0.0516630 seconds
65.162: Application time: 0.0000560 seconds
65.202: [GC [1 CMS-initial-mark: 5427K(15744K)] 6751K(21888K), 0.0001070 secs] [Times: user=0.00 sys=0.00, real=0.00 secs] 
65.202: Total time for which application threads were stopped: 0.0401060 seconds, Stopping threads took: 0.0399730 seconds
65.202: [CMS-concurrent-mark-start]
65.205: [CMS-concurrent-mark: 0.003/0.003 secs] [Times: user=0.01 sys=0.00, real=0.00 secs] 
65.205: [CMS-concurrent-preclean-start]
65.206: [CMS-concurrent-preclean: 0.000/0.000 secs] [Times: user=0.00 sys=0.00, real=0.00 secs] 
65.206: [CMS-concurrent-abortable-preclean-start]
65.206: Application time: 0.0036950 seconds
65.279: [GC65.279: [ParNew: 6119K->594K(6144K), 0.0005270 secs] 11547K->6255K(21888K), 0.0005630 secs] [Times: user=0.00 sys=0.00, real=0.01 secs] 
65.280: Total time for which application threads were stopped: 0.0740170 seconds, Stopping threads took: 0.0733730 seconds
65.280: Application time: 0.0005060 seconds
65.281: [GC65.281: [ParNew: 6075K->598K(6144K), 0.0019710 secs] 11736K->11728K(21888K), 0.0020020 secs] [Times: user=0.01 sys=0.00, real=0.00 secs] 
65.283: Total time for which application threads were stopped: 0.0024490 seconds, Stopping threads took: 0.0003650 seconds
65.361: Application time: 0.0780050 seconds
65.383: [CMS-concurrent-abortable-preclean: 0.000/0.178 secs] [Times: user=1.11 sys=0.07, real=0.18 secs] 
65.401: [GC65.401: [ParNew: 6083K->6083K(6144K), 0.0000120 secs]65.401: [CMS (concurrent mode failure): 11130K->3340K(15744K), 0.0060220 secs] 17213K->3340K(21888K), [CMS Perm : 5109K->5109K(21248K)], 0.0060800 secs] [Times: user=0.00 sys=0.00, real=0.00 secs] 
65.407: Total time for which application threads were stopped: 0.0464610 seconds, Stopping threads took: 0.0403170 seconds
65.409: Application time: 0.0012050 seconds
65.450: [GC65.450: [ParNew: 5388K->600K(6144K), 0.0016710 secs] 8728K->8640K(21888K), 0.0017050 secs] [Times: user=0.01 sys=0.00, real=0.00 secs] 
65.451: Total time for which application threads were stopped: 0.0426370 seconds, Stopping threads took: 0.0408570 seconds
65.451: Application time: 0.0000710 seconds
65.451: [GC [1 CMS-initial-mark: 8040K(15744K)] 9424K(21888K), 0.0001060 secs] [Times: user=0.00 sys=0.00, real=0.00 secs] 
65.452: Total time for which application threads were stopped: 0.0002210 seconds, Stopping threads took: 0.0000890 seconds
65.452: [CMS-concurrent-mark-start]
65.455: [CMS-concurrent-mark: 0.003/0.003 secs] [Times: user=0.01 sys=0.00, real=0.00 secs] 
65.455: [CMS-concurrent-preclean-start]
65.455: [CMS-concurrent-preclean: 0.000/0.000 secs] [Times: user=0.00 sys=0.00, real=0.00 secs] 
65.455: [CMS-concurrent-abortable-preclean-start]
65.541: Application time: 0.0890920 seconds
65.604: [GC65.604: [ParNew: 6085K->14K(6144K), 0.0002960 secs] 14126K->8058K(21888K), 0.0003280 secs] [Times: user=0.01 sys=0.00, real=0.00 secs] 
65.604: Total time for which application threads were stopped: 0.0635340 seconds, Stopping threads took: 0.0631300 seconds
65.605: Application time: 0.0005640 seconds
65.605: [GC65.605: [ParNew: 5157K->634K(6144K), 0.0012720 secs] 13201K->13186K(21888K), 0.0013030 secs] [Times: user=0.01 sys=0.00, real=0.00 secs] 
65.606: Total time for which application threads were stopped: 0.0017330 seconds, Stopping threads took: 0.0003540 seconds
65.685: Application time: 0.0782620 seconds
65.707: [CMS-concurrent-abortable-preclean: 0.000/0.252 secs] [Times: user=1.54 sys=0.05, real=0.25 secs] 
65.726: [GC65.726: [ParNew: 6049K->6049K(6144K), 0.0000140 secs]65.726: [CMS (concurrent mode failure): 12552K->2070K(15744K), 0.0057190 secs] 18602K->2070K(21888K), [CMS Perm : 5109K->5109K(21248K)], 0.0057730 secs] [Times: user=0.01 sys=0.00, real=0.01 secs] 
65.732: Total time for which application threads were stopped: 0.0468160 seconds, Stopping threads took: 0.0409800 seconds
65.732: Application time: 0.0008750 seconds
65.733: [GC65.733: [ParNew: 5387K->600K(6144K), 0.0016450 secs] 7458K->7472K(21888K), 0.0016680 secs] [Times: user=0.01 sys=0.00, real=0.00 secs] 
65.735: Total time for which application threads were stopped: 0.0020940 seconds, Stopping threads took: 0.0003580 seconds
65.735: Application time: 0.0000440 seconds
65.735: [GC [1 CMS-initial-mark: 6872K(15744K)] 7865K(21888K), 0.0000940 secs] [Times: user=0.00 sys=0.00, real=0.00 secs] 
65.735: Total time for which application threads were stopped: 0.0004130 seconds, Stopping threads took: 0.0002850 seconds
65.735: [CMS-concurrent-mark-start]
65.738: [CMS-concurrent-mark: 0.003/0.003 secs] [Times: user=0.01 sys=0.00, real=0.00 secs] 
65.739: [CMS-concurrent-preclean-start]
65.739: [CMS-concurrent-preclean: 0.000/0.000 secs] [Times: user=0.00 sys=0.00, real=0.00 secs] 
65.739: [CMS-concurrent-abortable-preclean-start]
65.825: Application time: 0.0895380 seconds
65.883: [GC65.883: [ParNew: 5987K->400K(6144K), 0.0006560 secs] 12860K->7665K(21888K), 0.0006930 secs] [Times: user=0.00 sys=0.00, real=0.00 secs] 
65.884: Total time for which application threads were stopped: 0.0592920 seconds, Stopping threads took: 0.0585120 seconds
65.885: Application time: 0.0007250 seconds
65.924: [GC65.924: [ParNew: 5867K->630K(6144K), 0.0016500 secs] 13131K->12387K(21888K), 0.0016810 secs] [Times: user=0.01 sys=0.00, real=0.00 secs] 
65.926: Total time for which application threads were stopped: 0.0415570 seconds, Stopping threads took: 0.0398010 seconds
66.004: Application time: 0.0774130 seconds
66.026: [CMS-concurrent-abortable-preclean: 0.000/0.288 secs] [Times: user=1.62 sys=0.08, real=0.29 secs] 
66.046: [GC66.046: [ParNew: 6018K->6018K(6144K), 0.0000130 secs]66.046: [CMS (concurrent mode failure): 11757K->2071K(15744K), 0.0057570 secs] 17775K->2071K(21888K), [CMS Perm : 5109K->5109K(21248K)], 0.0058140 secs] [Times: user=0.01 sys=0.00, real=0.01 secs] 
66.052: Total time for which application threads were stopped: 0.0480390 seconds, Stopping threads took: 0.0421460 seconds
66.053: Application time: 0.0011200 seconds
66.105: [GC66.105: [ParNew: 5464K->630K(6144K), 0.0015630 secs] 7535K->6813K(21888K), 0.0015950 secs] [Times: user=0.01 sys=0.00, real=0.00 secs] 
66.107: Total time for which application threads were stopped: 0.0543760 seconds, Stopping threads took: 0.0527070 seconds
66.107: Application time: 0.0000510 seconds
66.147: [GC [1 CMS-initial-mark: 6183K(15744K)] 7309K(21888K), 0.0001280 secs] [Times: user=0.00 sys=0.00, real=0.00 secs] 
66.147: Total time for which application threads were stopped: 0.0400710 seconds, Stopping threads took: 0.0399130 seconds
66.147: [CMS-concurrent-mark-start]
66.155: [CMS-concurrent-mark: 0.008/0.008 secs] [Times: user=0.04 sys=0.00, real=0.01 secs] 
66.155: [CMS-concurrent-preclean-start]
66.155: [CMS-concurrent-preclean: 0.000/0.000 secs] [Times: user=0.00 sys=0.00, real=0.00 secs] 
66.155: [CMS-concurrent-abortable-preclean-start]
66.226: Application time: 0.0789100 seconds
66.232: [GC66.232: [ParNew: 6017K->598K(6144K), 0.0004300 secs] 12201K->7012K(21888K), 0.0004640 secs] [Times: user=0.00 sys=0.00, real=0.00 secs] 
66.232: Total time for which application threads were stopped: 0.0063160 seconds, Stopping threads took: 0.0057680 seconds
66.233: Application time: 0.0007700 seconds
66.273: [GC66.273: [ParNew: 6064K->628K(6144K), 0.0013810 secs] 12478K->11535K(21888K), 0.0014160 secs] [Times: user=0.01 sys=0.00, real=0.00 secs] 
66.274: Total time for which application threads were stopped: 0.0410920 seconds, Stopping threads took: 0.0395990 seconds
66.352: Application time: 0.0778930 seconds
66.354: [GC66.354: [ParNew: 6113K->6113K(6144K), 0.0000130 secs]66.354: [CMS66.354: [CMS-concurrent-abortable-preclean: 0.000/0.199 secs] [Times: user=1.30 sys=0.04, real=0.20 secs] 
 (concurrent mode failure): 10906K->3242K(15744K), 0.0060530 secs] 17020K->3242K(21888K), [CMS Perm : 5109K->5109K(21248K)], 0.0061190 secs] [Times: user=0.01 sys=0.00, real=0.01 secs] 
66.360: Total time for which application threads were stopped: 0.0081110 seconds, Stopping threads took: 0.0019230 seconds
66.361: Application time: 0.0012020 seconds
66.415: [GC66.415: [ParNew: 5485K->600K(6144K), 0.0015820 secs] 8728K->7466K(21888K), 0.0016180 secs] [Times: user=0.01 sys=0.00, real=0.00 secs] 
66.417: Total time for which application threads were stopped: 0.0553080 seconds, Stopping threads took: 0.0536040 seconds
66.417: Application time: 0.0000510 seconds
66.417: [GC [1 CMS-initial-mark: 6866K(15744K)] 7859K(21888K), 0.0001040 secs] [Times: user=0.00 sys=0.00, real=0.00 secs] 
66.417: Total time for which application threads were stopped: 0.0002980 seconds, Stopping threads took: 0.0001690 seconds
66.417: [CMS-concurrent-mark-start]
66.420: [CMS-concurrent-mark: 0.003/0.003 secs] [Times: user=0.01 sys=0.00, real=0.01 secs] 
66.421: [CMS-concurrent-preclean-start]
66.421: [CMS-concurrent-preclean: 0.000/0.000 secs] [Times: user=0.00 sys=0.00, real=0.00 secs] 
66.421: [CMS-concurrent-abortable-preclean-start]
66.502: Application time: 0.0852000 seconds
66.508: [GC66.508: [ParNew: 5988K->598K(6144K), 0.0006620 secs] 12854K->7860K(21888K), 0.0006970 secs] [Times: user=0.00 sys=0.00, real=0.00 secs] 
66.509: Total time for which application threads were stopped: 0.0064260 seconds, Stopping threads took: 0.0056470 seconds
66.509: Application time: 0.0005690 seconds
66.549: [GC66.549: [ParNew: 6083K->600K(6144K), 0.0016970 secs] 13346K->12650K(21888K), 0.0017320 secs] [Times: user=0.01 sys=0.00, real=0.00 secs] 
66.551: Total time for which application threads were stopped: 0.0417910 seconds, Stopping threads took: 0.0399830 seconds
66.629: Application time: 0.0774100 seconds
66.651: [CMS-concurrent-abortable-preclean: 0.000/0.231 secs] [Times: user=1.40 sys=0.04, real=0.23 secs] 
66.670: [GC66.670: [ParNew: 6085K->6085K(6144K), 0.0000140 secs]66.670: [CMS (concurrent mode failure): 12050K->2461K(15744K), 0.0064900 secs] 18135K->2461K(21888K), [CMS Perm : 5109K->5109K(21248K)], 0.0065430 secs] [Times: user=0.01 sys=0.00, real=0.00 secs] 
66.676: Total time for which application threads were stopped: 0.0476920 seconds, Stopping threads took: 0.0410670 seconds
66.677: Application time: 0.0011050 seconds
66.717: [GC66.717: [ParNew: 5388K->602K(6144K), 0.0014470 secs] 7850K->7766K(21888K), 0.0014770 secs] [Times: user=0.01 sys=0.00, real=0.00 secs] 
66.719: Total time for which application threads were stopped: 0.0414250 seconds, Stopping threads took: 0.0398730 seconds
66.719: Application time: 0.0000510 seconds
66.719: [GC [1 CMS-initial-mark: 7163K(15744K)] 8750K(21888K), 0.0001060 secs] [Times: user=0.00 sys=0.00, real=0.00 secs] 
66.719: Total time for which application threads were stopped: 0.0004190 seconds, Stopping threads took: 0.0002650 seconds
66.719: [CMS-concurrent-mark-start]
66.723: [CMS-concurrent-mark: 0.004/0.004 secs] [Times: user=0.01 sys=0.00, real=0.01 secs] 
66.723: [CMS-concurrent-preclean-start]
66.723: [CMS-concurrent-preclean: 0.000/0.000 secs] [Times: user=0.00 sys=0.00, real=0.00 secs] 
66.723: [CMS-concurrent-abortable-preclean-start]
66.800: Application time: 0.0807310 seconds
66.848: [GC66.848: [ParNew: 6087K->207K(6144K), 0.0004600 secs] 13251K->7374K(21888K), 0.0004890 secs] [Times: user=0.00 sys=0.00, real=0.00 secs] 
66.849: Total time for which application threads were stopped: 0.0487290 seconds, Stopping threads took: 0.0481650 seconds
66.849: Application time: 0.0007140 seconds
66.903: [GC66.903: [ParNew: 5574K->532K(6144K), 0.0014940 secs] 12741K->11606K(21888K), 0.0015280 secs] [Times: user=0.01 sys=0.00, real=0.00 secs] 
66.904: Total time for which application threads were stopped: 0.0549380 seconds, Stopping threads took: 0.0533320 seconds
66.982: Application time: 0.0778860 seconds
67.005: [CMS-concurrent-abortable-preclean: 0.000/0.282 secs] [Times: user=1.50 sys=0.08, real=0.28 secs] 
67.023: [GC67.023: [ParNew: 5900K->5900K(6144K), 0.0000140 secs]67.023: [CMS (concurrent mode failure): 11073K->1290K(15744K), 0.0063740 secs] 16974K->1290K(21888K), [CMS Perm : 5109K->5109K(21248K)], 0.0064280 secs] [Times: user=0.00 sys=0.00, real=0.01 secs] 
67.030: Total time for which application threads were stopped: 0.0473360 seconds, Stopping threads took: 0.0408260 seconds
67.030: Application time: 0.0008680 seconds
67.031: [GC67.031: [ParNew: 5143K->600K(6144K), 0.0013450 secs] 6433K->6397K(21888K), 0.0013720 secs] [Times: user=0.01 sys=0.00, real=0.00 secs] 
67.032: Total time for which application threads were stopped: 0.0018180 seconds, Stopping threads took: 0.0003950 seconds
67.032: Application time: 0.0000650 seconds
67.033: [GC [1 CMS-initial-mark: 5796K(15744K)] 6817K(21888K), 0.0001070 secs] [Times: user=0.00 sys=0.00, real=0.00 secs] 
67.033: Total time for which application threads were stopped: 0.0004300 seconds, Stopping threads took: 0.0002760 seconds
67.033: [CMS-concurrent-mark-start]
67.037: [CMS-concurrent-mark: 0.004/0.004 secs] [Times: user=0.02 sys=0.00, real=0.00 secs] 
67.037: [CMS-concurrent-preclean-start]
67.037: [CMS-concurrent-preclean: 0.000/0.000 secs] [Times: user=0.00 sys=0.00, real=0.00 secs] 
67.037: [CMS-concurrent-abortable-preclean-start]
67.128: Application time: 0.0955570 seconds
67.166: [GC67.166: [ParNew: 6015K->628K(6144K), 0.0006960 secs] 11812K->6621K(21888K), 0.0007290 secs] [Times: user=0.00 sys=0.00, real=0.00 secs] 
67.167: Total time for which application threads were stopped: 0.0382670 seconds, Stopping threads took: 0.0374590 seconds
67.167: Application time: 0.0008250 seconds
67.168: [GC67.168: [ParNew: 6113K->598K(6144K), 0.0017290 secs] 12107K->12091K(21888K), 0.0017580 secs] [Times: user=0.01 sys=0.00, real=0.00 secs] 
67.170: Total time for which application threads were stopped: 0.0021810 seconds, Stopping threads took: 0.0003490 seconds
67.247: Application time: 0.0775870 seconds
67.270: [CMS-concurrent-abortable-preclean: 0.001/0.233 secs] [Times: user=1.49 sys=0.04, real=0.24 secs] 
67.289: [GC67.289: [ParNew: 5985K->5985K(6144K), 0.0000120 secs]67.289: [CMS (concurrent mode failure): 11493K->3243K(15744K), 0.0060380 secs] 17479K->3243K(21888K), [CMS Perm : 5109K->5109K(21248K)], 0.0060980 secs] [Times: user=0.00 sys=0.00, real=0.00 secs] 
67.295: Total time for which application threads were stopped: 0.0476300 seconds, Stopping threads took: 0.0414480 seconds
67.296: Application time: 0.0012710 seconds
67.368: [GC67.368: [ParNew: 5466K->628K(6144K), 0.0014710 secs] 8709K->7397K(21888K), 0.0015060 secs] [Times: user=0.01 sys=0.00, real=0.00 secs] 
67.370: Total time for which application threads were stopped: 0.0735060 seconds, Stopping threads took: 0.0719190 seconds
67.370: Application time: 0.0000540 seconds
67.410: [GC [1 CMS-initial-mark: 6769K(15744K)] 7596K(21888K), 0.0001140 secs] [Times: user=0.00 sys=0.00, real=0.00 secs] 
67.410: Total time for which application threads were stopped: 0.0400750 seconds, Stopping threads took: 0.0399120 seconds
67.410: [CMS-concurrent-mark-start]
67.414: [CMS-concurrent-mark: 0.004/0.004 secs] [Times: user=0.02 sys=0.00, real=0.00 secs] 
67.414: Application time: 0.0039300 seconds
67.487: [GC67.487: [ParNew: 6111K->207K(6144K), 0.0004000 secs] 12881K->7205K(21888K), 0.0004280 secs] [Times: user=0.00 sys=0.00, real=0.01 secs] 
67.488: Total time for which application threads were stopped: 0.0740880 seconds, Stopping threads took: 0.0735810 seconds
67.488: [CMS-concurrent-preclean-start]
67.488: [CMS-concurrent-preclean: 0.000/0.000 secs] [Times: user=0.00 sys=0.00, real=0.00 secs] 
67.488: Application time: 0.0006760 seconds
67.543: [GC[YG occupancy: 5576 K (6144 K)]67.543: [Rescan (parallel) , 0.0002840 secs]67.543: [weak refs processing, 0.0000060 secs]67.543: [scrub string table, 0.0000960 secs] [1 CMS-remark: 6998K(15744K)] 12574K(21888K), 0.0004120 secs] [Times: user=0.00 sys=0.00, real=0.00 secs] 
67.543: Total time for which application threads were stopped: 0.0547600 seconds, Stopping threads took: 0.0542920 seconds
67.543: Application time: 0.0000570 seconds
67.543: [GC67.543: [ParNew: 5576K->532K(6144K), 0.0014350 secs] 12574K->12218K(21888K), 0.0014640 secs] [Times: user=0.01 sys=0.00, real=0.00 secs] 
67.545: Total time for which application threads were stopped: 0.0015120 seconds, Stopping threads took: 0.0000070 seconds
67.545: [CMS-concurrent-sweep-start]
67.546: [CMS-concurrent-sweep: 0.001/0.001 secs] [Times: user=0.00 sys=0.00, real=0.00 secs] 
67.546: [CMS-concurrent-reset-start]
67.546: [CMS-concurrent-reset: 0.000/0.000 secs] [Times: user=0.00 sys=0.00, real=0.00 secs] 
67.622: Application time: 0.0775350 seconds
67.665: [GC67.665: [ParNew: 6018K->598K(6144K), 0.0005840 secs] 13963K->8963K(21888K), 0.0006160 secs] [Times: user=0.01 sys=0.00, real=0.00 secs] 
67.666: Total time for which application threads were stopped: 0.0433760 seconds, Stopping threads took: 0.0427010 seconds
67.666: Application time: 0.0000810 seconds
67.666: [GC [1 CMS-initial-mark: 8364K(15744K)] 9748K(21888K), 0.0000840 secs] [Times: user=0.00 sys=0.00, real=0.00 secs] 
67.666: Total time for which application threads were stopped: 0.0001580 seconds, Stopping threads took: 0.0000590 seconds
67.666: [CMS-concurrent-mark-start]
67.668: Application time: 0.0015730 seconds
67.743: [GC67.743: [ParNew: 6083K->16K(6144K), 0.0002620 secs] 14448K->8381K(21888K), 0.0002910 secs] [Times: user=0.00 sys=0.00, real=0.00 secs] 
67.743: Total time for which application threads were stopped: 0.0755920 seconds, Stopping threads took: 0.0752490 seconds
67.744: Application time: 0.0007340 seconds
67.744: [GC67.744: [ParNew: 5501K->600K(6144K), 0.0015000 secs] 13867K->13848K(21888K), 0.0015330 secs] [Times: user=0.02 sys=0.00, real=0.00 secs] 
67.745: Total time for which application threads were stopped: 0.0016270 seconds, Stopping threads took: 0.0000370 seconds
67.747: [CMS-concurrent-mark: 0.004/0.081 secs] [Times: user=0.49 sys=0.03, real=0.08 secs] 
67.747: [CMS-concurrent-preclean-start]
67.747: [CMS-concurrent-preclean: 0.000/0.000 secs] [Times: user=0.00 sys=0.00, real=0.00 secs] 
67.747: [CMS-concurrent-abortable-preclean-start]
67.747: [CMS-concurrent-abortable-preclean: 0.000/0.000 secs] [Times: user=0.00 sys=0.00, real=0.00 secs] 
67.747: Application time: 0.0018700 seconds
67.822: [GC[YG occupancy: 3151 K (6144 K)]67.822: [Rescan (parallel) , 0.0001650 secs]67.823: [weak refs processing, 0.0000070 secs]67.823: [scrub string table, 0.0001080 secs] [1 CMS-remark: 13248K(15744K)] 16400K(21888K), 0.0003120 secs] [Times: user=0.00 sys=0.00, real=0.00 secs] 
67.823: Total time for which application threads were stopped: 0.0754280 seconds, Stopping threads took: 0.0750820 seconds
67.823: [CMS-concurrent-sweep-start]
67.823: Application time: 0.0006070 seconds
67.863: [GC67.863: [ParNew: 6085K->6085K(6144K), 0.0000100 secs]67.863: [CMS67.864: [CMS-concurrent-sweep: 0.001/0.041 secs] [Times: user=0.11 sys=0.02, real=0.04 secs] 
 (concurrent mode failure): 13248K->3633K(15744K), 0.0055610 secs] 19333K->3633K(21888K), [CMS Perm : 5109K->5109K(21248K)], 0.0056210 secs] [Times: user=0.01 sys=0.00, real=0.01 secs] 
67.869: Total time for which application threads were stopped: 0.0455780 seconds, Stopping threads took: 0.0399040 seconds
67.870: Application time: 0.0010700 seconds
67.922: [GC67.922: [ParNew: 5368K->630K(6144K), 0.0013620 secs] 9002K->7987K(21888K), 0.0013950 secs] [Times: user=0.01 sys=0.00, real=0.00 secs] 
67.924: Total time for which application threads were stopped: 0.0535470 seconds, Stopping threads took: 0.0520760 seconds
67.924: Application time: 0.0000440 seconds
67.964: [GC [1 CMS-initial-mark: 7357K(15744K)] 8382K(21888K), 0.0000960 secs] [Times: user=0.00 sys=0.00, real=0.00 secs] 
67.964: Total time for which application threads were stopped: 0.0399720 seconds, Stopping threads took: 0.0398530 seconds
67.964: [CMS-concurrent-mark-start]
67.967: [CMS-concurrent-mark: 0.004/0.004 secs] [Times: user=0.01 sys=0.00, real=0.00 secs] 
67.967: [CMS-concurrent-preclean-start]
67.967: [CMS-concurrent-preclean: 0.000/0.000 secs] [Times: user=0.00 sys=0.00, real=0.00 secs] 
67.967: [CMS-concurrent-abortable-preclean-start]
68.042: Application time: 0.0783200 seconds
68.083: [GC68.083: [ParNew: 5998K->42K(6144K), 0.0004460 secs] 13355K->7432K(21888K), 0.0004770 secs] [Times: user=0.00 sys=0.00, real=0.00 secs] 
68.084: Total time for which application threads were stopped: 0.0416410 seconds, Stopping threads took: 0.0410780 seconds
68.084: Application time: 0.0006340 seconds
68.085: [GC68.085: [ParNew: 5525K->630K(6144K), 0.0015920 secs] 12916K->12903K(21888K), 0.0016190 secs] [Times: user=0.01 sys=0.00, real=0.00 secs] 
68.086: Total time for which application threads were stopped: 0.0020100 seconds, Stopping threads took: 0.0003230 seconds
68.165: Application time: 0.0787290 seconds
68.186: [CMS-concurrent-abortable-preclean: 0.001/0.219 secs] [Times: user=1.35 sys=0.06, real=0.22 secs] 
68.215: [GC68.215: [ParNew: 6115K->6115K(6144K), 0.0000130 secs]68.215: [CMS (concurrent mode failure): 12273K->1485K(15744K), 0.0063890 secs] 18389K->1485K(21888K), [CMS Perm : 5109K->5109K(21248K)], 0.0064460 secs] [Times: user=0.01 sys=0.00, real=0.01 secs] 
68.222: Total time for which application threads were stopped: 0.0568930 seconds, Stopping threads took: 0.0503840 seconds
68.223: Application time: 0.0008760 seconds
68.223: [GC68.223: [ParNew: 5290K->602K(6144K), 0.0014890 secs] 6776K->6792K(21888K), 0.0015180 secs] [Times: user=0.01 sys=0.00, real=0.00 secs] 
68.225: Total time for which application threads were stopped: 0.0018260 seconds, Stopping threads took: 0.0002570 seconds
68.225: Application time: 0.0000360 seconds
68.225: [GC [1 CMS-initial-mark: 6189K(15744K)] 7182K(21888K), 0.0000870 secs] [Times: user=0.00 sys=0.00, real=0.00 secs] 
68.225: Total time for which application threads were stopped: 0.0002720 seconds, Stopping threads took: 0.0001640 seconds
68.225: [CMS-concurrent-mark-start]
68.229: [CMS-concurrent-mark: 0.004/0.004 secs] [Times: user=0.03 sys=0.00, real=0.01 secs] 
68.229: [CMS-concurrent-preclean-start]
68.229: [CMS-concurrent-preclean: 0.000/0.000 secs] [Times: user=0.00 sys=0.00, real=0.00 secs] 
68.229: [CMS-concurrent-abortable-preclean-start]
68.321: Application time: 0.0958610 seconds
68.356: [GC68.356: [ParNew: 6067K->626K(6144K), 0.0005330 secs] 12257K->7403K(21888K), 0.0005680 secs] [Times: user=0.01 sys=0.00, real=0.00 secs] 
68.356: Total time for which application threads were stopped: 0.0353670 seconds, Stopping threads took: 0.0347140 seconds
68.357: Application time: 0.0006100 seconds
68.397: [GC68.397: [ParNew: 5916K->600K(6144K), 0.0017480 secs] 12693K->12191K(21888K), 0.0017820 secs] [Times: user=0.02 sys=0.00, real=0.00 secs] 
68.399: Total time for which application threads were stopped: 0.0418230 seconds, Stopping threads took: 0.0399660 seconds
68.476: Application time: 0.0777220 seconds
68.480: [GC68.480: [ParNew: 6085K->6085K(6144K), 0.0000140 secs]68.480: [CMS68.480: [CMS-concurrent-abortable-preclean: 0.000/0.251 secs] [Times: user=1.49 sys=0.06, real=0.25 secs] 
 (concurrent mode failure): 11591K->3536K(15744K), 0.0059230 secs] 17676K->3536K(21888K), [CMS Perm : 5109K->5109K(21248K)], 0.0059910 secs] [Times: user=0.01 sys=0.00, real=0.00 secs] 
68.486: Total time for which application threads were stopped: 0.0094190 seconds, Stopping threads took: 0.0033360 seconds
68.488: Application time: 0.0022220 seconds
68.564: [GC68.564: [ParNew: 5485K->209K(6144K), 0.0005270 secs] 9022K->3746K(21888K), 0.0005590 secs] [Times: user=0.00 sys=0.00, real=0.00 secs] 
68.564: Total time for which application threads were stopped: 0.0764370 seconds, Stopping threads took: 0.0758010 seconds
68.565: Application time: 0.0004340 seconds
68.565: [GC68.565: [ParNew: 5695K->602K(6144K), 0.0016530 secs] 9231K->9233K(21888K), 0.0016850 secs] [Times: user=0.01 sys=0.00, real=0.00 secs] 
68.567: Total time for which application threads were stopped: 0.0020990 seconds, Stopping threads took: 0.0003600 seconds
68.567: Application time: 0.0000540 seconds
68.567: [GC [1 CMS-initial-mark: 8631K(15744K)] 10509K(21888K), 0.0000760 secs] [Times: user=0.00 sys=0.00, real=0.00 secs] 
68.567: Total time for which application threads were stopped: 0.0003130 seconds, Stopping threads took: 0.0002150 seconds
68.567: [CMS-concurrent-mark-start]
68.570: [CMS-concurrent-mark: 0.003/0.003 secs] [Times: user=0.01 sys=0.00, real=0.01 secs] 
68.570: [CMS-concurrent-preclean-start]
68.571: [CMS-concurrent-preclean: 0.000/0.000 secs] [Times: user=0.00 sys=0.00, real=0.00 secs] 
68.571: [CMS-concurrent-abortable-preclean-start]
68.644: Application time: 0.0771800 seconds
68.688: [GC68.688: [ParNew: 5970K->237K(6144K), 0.0004290 secs] 14601K->8870K(21888K), 0.0004600 secs] [Times: user=0.00 sys=0.00, real=0.00 secs] 
68.688: Total time for which application threads were stopped: 0.0436810 seconds, Stopping threads took: 0.0431370 seconds
68.689: Application time: 0.0006540 seconds
68.689: [GC68.689: [ParNew: 5723K->630K(6144K), 0.0015870 secs] 14356K->14341K(21888K), 0.0016170 secs] [Times: user=0.01 sys=0.00, real=0.00 secs] 
68.691: Total time for which application threads were stopped: 0.0019750 seconds, Stopping threads took: 0.0003090 seconds
68.768: Application time: 0.0776330 seconds
68.791: [CMS-concurrent-abortable-preclean: 0.001/0.221 secs] [Times: user=1.40 sys=0.04, real=0.22 secs] 
68.810: [GC68.810: [ParNew: 5822K->5822K(6144K), 0.0000130 secs]68.810: [CMS (concurrent mode failure): 13711K->2462K(15744K), 0.0057210 secs] 19533K->2462K(21888K), [CMS Perm : 5109K->5109K(21248K)], 0.0057770 secs] [Times: user=0.01 sys=0.00, real=0.00 secs] 
68.816: Total time for which application threads were stopped: 0.0471310 seconds, Stopping threads took: 0.0412740 seconds
68.817: Application time: 0.0011400 seconds
68.869: [GC68.869: [ParNew: 5466K->630K(6144K), 0.0015380 secs] 7928K->7597K(21888K), 0.0015710 secs] [Times: user=0.02 sys=0.00, real=0.00 secs] 
68.871: Total time for which application threads were stopped: 0.0542250 seconds, Stopping threads took: 0.0525780 seconds
68.871: Application time: 0.0000850 seconds
68.911: [GC [1 CMS-initial-mark: 6967K(15744K)] 8877K(21888K), 0.0001110 secs] [Times: user=0.00 sys=0.00, real=0.00 secs] 
68.911: Total time for which application threads were stopped: 0.0403680 seconds, Stopping threads took: 0.0402090 seconds
68.911: [CMS-concurrent-mark-start]
68.915: [CMS-concurrent-mark: 0.003/0.003 secs] [Times: user=0.00 sys=0.00, real=0.00 secs] 
68.915: [CMS-concurrent-preclean-start]
68.915: [CMS-concurrent-preclean: 0.000/0.000 secs] [Times: user=0.00 sys=0.00, real=0.00 secs] 
68.915: [CMS-concurrent-abortable-preclean-start]
68.997: Application time: 0.0852800 seconds
69.040: [GC69.040: [ParNew: 6115K->205K(6144K), 0.0004040 secs] 13082K->7206K(21888K), 0.0004420 secs] [Times: user=0.00 sys=0.00, real=0.00 secs] 
69.041: Total time for which application threads were stopped: 0.0441720 seconds, Stopping threads took: 0.0436530 seconds
69.041: Application time: 0.0005200 seconds
69.042: [GC69.042: [ParNew: 5495K->602K(6144K), 0.0013770 secs] 12496K->12486K(21888K), 0.0014080 secs] [Times: user=0.01 sys=0.00, real=0.00 secs] 
69.043: Total time for which application threads were stopped: 0.0018550 seconds, Stopping threads took: 0.0003650 seconds
69.121: Application time: 0.0779220 seconds
69.143: [CMS-concurrent-abortable-preclean: 0.000/0.229 secs] [Times: user=1.46 sys=0.02, real=0.23 secs] 
69.168: [GC69.168: [ParNew: 5989K->5989K(6144K), 0.0000130 secs]69.168: [CMS (concurrent mode failure): 11884K->2462K(15744K), 0.0058570 secs] 17873K->2462K(21888K), [CMS Perm : 5109K->5109K(21248K)], 0.0059160 secs] [Times: user=0.01 sys=0.00, real=0.00 secs] 
69.174: Total time for which application threads were stopped: 0.0526870 seconds, Stopping threads took: 0.0466870 seconds
69.175: Application time: 0.0009860 seconds
69.215: [GC69.215: [ParNew: 5386K->598K(6144K), 0.0017420 secs] 7848K->7567K(21888K), 0.0017740 secs] [Times: user=0.01 sys=0.00, real=0.00 secs] 
69.217: Total time for which application threads were stopped: 0.0417680 seconds, Stopping threads took: 0.0399100 seconds
69.217: Application time: 0.0001050 seconds
69.217: [GC [1 CMS-initial-mark: 6969K(15744K)] 9042K(21888K), 0.0001050 secs] [Times: user=0.00 sys=0.00, real=0.00 secs] 
69.217: Total time for which application threads were stopped: 0.0003820 seconds, Stopping threads took: 0.0002490 seconds
69.217: [CMS-concurrent-mark-start]
69.221: [CMS-concurrent-mark: 0.003/0.003 secs] [Times: user=0.02 sys=0.00, real=0.01 secs] 
69.221: [CMS-concurrent-preclean-start]
69.221: [CMS-concurrent-preclean: 0.000/0.000 secs] [Times: user=0.00 sys=0.00, real=0.00 secs] 
69.221: [CMS-concurrent-abortable-preclean-start]
69.305: Application time: 0.0879350 seconds
69.359: [GC69.359: [ParNew: 6083K->209K(6144K), 0.0003990 secs] 13052K->7181K(21888K), 0.0004260 secs] [Times: user=0.00 sys=0.00, real=0.00 secs] 
69.359: Total time for which application threads were stopped: 0.0544440 seconds, Stopping threads took: 0.0539410 seconds
69.360: Application time: 0.0007670 seconds
69.360: [GC69.360: [ParNew: 5558K->626K(6144K), 0.0015630 secs] 12531K->12416K(21888K), 0.0015940 secs] [Times: user=0.01 sys=0.00, real=0.00 secs] 
69.362: Total time for which application threads were stopped: 0.0017340 seconds, Stopping threads took: 0.0000880 seconds
69.444: Application time: 0.0816120 seconds
69.462: [CMS-concurrent-abortable-preclean: 0.000/0.241 secs] [Times: user=1.51 sys=0.06, real=0.24 secs] 
69.487: [GC69.487: [ParNew: 6111K->6111K(6144K), 0.0000130 secs]69.487: [CMS (concurrent mode failure): 11789K->2462K(15744K), 0.0060280 secs] 17901K->2462K(21888K), [CMS Perm : 5109K->5109K(21248K)], 0.0060840 secs] [Times: user=0.01 sys=0.00, real=0.01 secs] 
69.493: Total time for which application threads were stopped: 0.0498760 seconds, Stopping threads took: 0.0437310 seconds
69.494: Application time: 0.0009590 seconds
69.534: [GC69.534: [ParNew: 5466K->630K(6144K), 0.0017480 secs] 7929K->7597K(21888K), 0.0017840 secs] [Times: user=0.01 sys=0.00, real=0.00 secs] 
69.536: Total time for which application threads were stopped: 0.0417930 seconds, Stopping threads took: 0.0399320 seconds
69.536: Application time: 0.0000590 seconds
69.577: [GC [1 CMS-initial-mark: 6967K(15744K)] 8094K(21888K), 0.0001050 secs] [Times: user=0.00 sys=0.00, real=0.00 secs] 
69.577: Total time for which application threads were stopped: 0.0411390 seconds, Stopping threads took: 0.0409880 seconds
69.577: [CMS-concurrent-mark-start]
69.581: [CMS-concurrent-mark: 0.003/0.003 secs] [Times: user=0.02 sys=0.00, real=0.01 secs] 
69.581: [CMS-concurrent-preclean-start]
69.581: [CMS-concurrent-preclean: 0.000/0.000 secs] [Times: user=0.00 sys=0.00, real=0.00 secs] 
69.581: [CMS-concurrent-abortable-preclean-start]
69.668: Application time: 0.0901250 seconds
69.679: [GC69.679: [ParNew: 6115K->205K(6144K), 0.0004270 secs] 13083K->7206K(21888K), 0.0004640 secs] [Times: user=0.00 sys=0.00, real=0.01 secs] 
69.680: Total time for which application threads were stopped: 0.0123930 seconds, Stopping threads took: 0.0118720 seconds
69.681: Application time: 0.0006460 seconds
69.732: [GC69.732: [ParNew: 5572K->626K(6144K), 0.0013960 secs] 12573K->11436K(21888K), 0.0014350 secs] [Times: user=0.01 sys=0.00, real=0.00 secs] 
69.734: Total time for which application threads were stopped: 0.0532620 seconds, Stopping threads took: 0.0517460 seconds
69.812: Application time: 0.0783970 seconds
69.834: [CMS-concurrent-abortable-preclean: 0.000/0.253 secs] [Times: user=1.49 sys=0.06, real=0.25 secs] 
69.858: [GC69.858: [ParNew: 6111K->6111K(6144K), 0.0000120 secs]69.858: [CMS (concurrent mode failure): 10810K->1486K(15744K), 0.0057260 secs] 16921K->1486K(21888K), [CMS Perm : 5109K->5109K(21248K)], 0.0057820 secs] [Times: user=0.00 sys=0.00, real=0.01 secs] 
69.864: Total time for which application threads were stopped: 0.0520180 seconds, Stopping threads took: 0.0461550 seconds
69.865: Application time: 0.0008970 seconds
69.866: [GC69.866: [ParNew: 5485K->598K(6144K), 0.0016520 secs] 6972K->6983K(21888K), 0.0016810 secs] [Times: user=0.01 sys=0.00, real=0.00 secs] 
69.867: Total time for which application threads were stopped: 0.0022340 seconds, Stopping threads took: 0.0004800 seconds
69.867: Application time: 0.0000400 seconds
69.867: [GC [1 CMS-initial-mark: 6385K(15744K)] 7179K(21888K), 0.0000980 secs] [Times: user=0.00 sys=0.00, real=0.00 secs] 
69.868: Total time for which application threads were stopped: 0.0001520 seconds, Stopping threads took: 0.0000300 seconds
69.868: [CMS-concurrent-mark-start]
69.870: [CMS-concurrent-mark: 0.003/0.003 secs] [Times: user=0.01 sys=0.00, real=0.00 secs] 
69.870: [CMS-concurrent-preclean-start]
69.870: [CMS-concurrent-preclean: 0.000/0.000 secs] [Times: user=0.00 sys=0.00, real=0.00 secs] 
69.870: [CMS-concurrent-abortable-preclean-start]
69.966: Application time: 0.0982970 seconds
70.012: [GC70.012: [ParNew: 6083K->404K(6144K), 0.0003180 secs] 12469K->6791K(21888K), 0.0003470 secs] [Times: user=0.00 sys=0.00, real=0.00 secs] 
70.013: Total time for which application threads were stopped: 0.0467860 seconds, Stopping threads took: 0.0463830 seconds
70.013: Application time: 0.0006270 seconds
70.014: [GC70.014: [ParNew: 5675K->630K(6144K), 0.0016940 secs] 12063K->11998K(21888K), 0.0017280 secs] [Times: user=0.01 sys=0.00, real=0.00 secs] 
70.015: Total time for which application threads were stopped: 0.0020900 seconds, Stopping threads took: 0.0002860 seconds
70.093: Application time: 0.0772720 seconds
70.116: [CMS-concurrent-abortable-preclean: 0.000/0.245 secs] [Times: user=1.58 sys=0.03, real=0.24 secs] 
70.133: [GC70.133: [ParNew: 6115K->6115K(6144K), 0.0000130 secs]70.133: [CMS (concurrent mode failure): 11368K->2658K(15744K), 0.0065590 secs] 17483K->2658K(21888K), [CMS Perm : 5109K->5109K(21248K)], 0.0066180 secs] [Times: user=0.01 sys=0.00, real=0.01 secs] 
70.140: Total time for which application threads were stopped: 0.0474670 seconds, Stopping threads took: 0.0407880 seconds
70.141: Application time: 0.0009540 seconds
70.181: [GC70.181: [ParNew: 5485K->600K(6144K), 0.0015730 secs] 8143K->8058K(21888K), 0.0016030 secs] [Times: user=0.01 sys=0.00, real=0.00 secs] 
70.183: Total time for which application threads were stopped: 0.0415640 seconds, Stopping threads took: 0.0399040 seconds
70.183: Application time: 0.0000650 seconds
70.183: [GC [1 CMS-initial-mark: 7457K(15744K)] 8847K(21888K), 0.0000880 secs] [Times: user=0.00 sys=0.00, real=0.00 secs] 
70.183: Total time for which application threads were stopped: 0.0003850 seconds, Stopping threads took: 0.0002500 seconds
70.183: [CMS-concurrent-mark-start]
70.186: [CMS-concurrent-mark: 0.003/0.003 secs] [Times: user=0.01 sys=0.00, real=0.00 secs] 
70.186: [CMS-concurrent-preclean-start]
70.186: [CMS-concurrent-preclean: 0.000/0.000 secs] [Times: user=0.00 sys=0.00, real=0.00 secs] 
70.186: [CMS-concurrent-abortable-preclean-start]
70.274: Application time: 0.0909880 seconds
70.314: [GC70.314: [ParNew: 5987K->404K(6144K), 0.0005420 secs] 13445K->7865K(21888K), 0.0005740 secs] [Times: user=0.00 sys=0.00, real=0.00 secs] 
70.315: Total time for which application threads were stopped: 0.0406690 seconds, Stopping threads took: 0.0400110 seconds
70.315: Application time: 0.0005670 seconds
70.316: [GC70.316: [ParNew: 5888K->598K(6144K), 0.0018110 secs] 13349K->13332K(21888K), 0.0018530 secs] [Times: user=0.01 sys=0.00, real=0.00 secs] 
70.318: Total time for which application threads were stopped: 0.0023000 seconds, Stopping threads took: 0.0003710 seconds
70.395: Application time: 0.0771480 seconds
70.418: [CMS-concurrent-abortable-preclean: 0.000/0.231 secs] [Times: user=1.48 sys=0.06, real=0.23 secs] 
70.437: [GC70.437: [ParNew: 5985K->5985K(6144K), 0.0000130 secs]70.437: [CMS (concurrent mode failure): 12734K->2853K(15744K), 0.0059420 secs] 18720K->2853K(21888K), [CMS Perm : 5109K->5109K(21248K)], 0.0060020 secs] [Times: user=0.00 sys=0.00, real=0.01 secs] 
70.443: Total time for which application threads were stopped: 0.0482290 seconds, Stopping threads took: 0.0421440 seconds
70.444: Application time: 0.0010240 seconds
70.484: [GC70.484: [ParNew: 5485K->600K(6144K), 0.0015370 secs] 8339K->7372K(21888K), 0.0015670 secs] [Times: user=0.01 sys=0.00, real=0.00 secs] 
70.486: Total time for which application threads were stopped: 0.0417560 seconds, Stopping threads took: 0.0401160 seconds
70.486: Application time: 0.0000430 seconds
70.486: [GC [1 CMS-initial-mark: 6772K(15744K)] 7964K(21888K), 0.0000950 secs] [Times: user=0.00 sys=0.00, real=0.00 secs] 
70.486: Total time for which application threads were stopped: 0.0003720 seconds, Stopping threads took: 0.0002310 seconds
70.486: [CMS-concurrent-mark-start]
70.490: [CMS-concurrent-mark: 0.003/0.003 secs] [Times: user=0.01 sys=0.00, real=0.01 secs] 
70.490: [CMS-concurrent-preclean-start]
70.490: [CMS-concurrent-preclean: 0.000/0.000 secs] [Times: user=0.00 sys=0.00, real=0.00 secs] 
70.490: [CMS-concurrent-abortable-preclean-start]
70.573: Application time: 0.0864100 seconds
70.612: [GC70.612: [ParNew: 5988K->600K(6144K), 0.0005700 secs] 12760K->7377K(21888K), 0.0006000 secs] [Times: user=0.00 sys=0.00, real=0.00 secs] 
70.612: Total time for which application threads were stopped: 0.0398220 seconds, Stopping threads took: 0.0391440 seconds
70.613: Application time: 0.0007740 seconds
70.614: [GC70.614: [ParNew: 6066K->530K(6144K), 0.0016990 secs] 12843K->12777K(21888K), 0.0017330 secs] [Times: user=0.01 sys=0.00, real=0.00 secs] 
70.615: Total time for which application threads were stopped: 0.0021750 seconds, Stopping threads took: 0.0003650 seconds
70.693: Application time: 0.0777920 seconds
70.716: [CMS-concurrent-abortable-preclean: 0.000/0.226 secs] [Times: user=1.42 sys=0.05, real=0.22 secs] 
70.734: [GC70.734: [ParNew: 5898K->5898K(6144K), 0.0000120 secs]70.734: [CMS (concurrent mode failure): 12246K->2853K(15744K), 0.0059230 secs] 18145K->2853K(21888K), [CMS Perm : 5110K->5110K(21248K)], 0.0059790 secs] [Times: user=0.01 sys=0.00, real=0.01 secs] 
70.740: Total time for which application threads were stopped: 0.0463640 seconds, Stopping threads took: 0.0403040 seconds
70.741: Application time: 0.0011820 seconds
70.781: [GC70.781: [ParNew: 5466K->628K(6144K), 0.0016920 secs] 8320K->7691K(21888K), 0.0017280 secs] [Times: user=0.01 sys=0.00, real=0.00 secs] 
70.783: Total time for which application threads were stopped: 0.0417950 seconds, Stopping threads took: 0.0399880 seconds
70.783: Application time: 0.0000620 seconds
70.835: [GC [1 CMS-initial-mark: 7063K(15744K)] 8186K(21888K), 0.0001100 secs] [Times: user=0.00 sys=0.00, real=0.00 secs] 
70.835: Total time for which application threads were stopped: 0.0521410 seconds, Stopping threads took: 0.0519730 seconds
70.835: [CMS-concurrent-mark-start]
70.838: [CMS-concurrent-mark: 0.004/0.004 secs] [Times: user=0.01 sys=0.00, real=0.00 secs] 
70.838: [CMS-concurrent-preclean-start]
70.839: [CMS-concurrent-preclean: 0.000/0.000 secs] [Times: user=0.00 sys=0.00, real=0.00 secs] 
70.839: [CMS-concurrent-abortable-preclean-start]
70.839: Application time: 0.0046140 seconds
70.912: [GC70.912: [ParNew: 6016K->598K(6144K), 0.0006800 secs] 13079K->8671K(21888K), 0.0007120 secs] [Times: user=0.00 sys=0.00, real=0.00 secs] 
70.913: Total time for which application threads were stopped: 0.0731630 seconds, Stopping threads took: 0.0723830 seconds
70.913: Application time: 0.0008140 seconds
70.969: [GC70.969: [ParNew: 6083K->602K(6144K), 0.0015040 secs] 14157K->12975K(21888K), 0.0015430 secs] [Times: user=0.01 sys=0.01, real=0.00 secs] 
70.970: Total time for which application threads were stopped: 0.0570930 seconds, Stopping threads took: 0.0554950 seconds
71.049: Application time: 0.0790560 seconds
71.051: [GC71.051: [ParNew: 6087K->6087K(6144K), 0.0000150 secs]71.051: [CMS71.051: [CMS-concurrent-abortable-preclean: 0.000/0.212 secs] [Times: user=1.21 sys=0.09, real=0.22 secs] 
 (concurrent mode failure): 12373K->3048K(15744K), 0.0058170 secs] 18461K->3048K(21888K), [CMS Perm : 5110K->5110K(21248K)], 0.0058800 secs] [Times: user=0.01 sys=0.00, real=0.00 secs] 
71.057: Total time for which application threads were stopped: 0.0070980 seconds, Stopping threads took: 0.0011490 seconds
71.058: Application time: 0.0010710 seconds
71.099: [GC71.099: [ParNew: 5485K->498K(6144K), 0.0016250 secs] 8534K->8249K(21888K), 0.0016560 secs] [Times: user=0.01 sys=0.00, real=0.01 secs] 
71.101: Total time for which application threads were stopped: 0.0430030 seconds, Stopping threads took: 0.0412720 seconds
71.101: Application time: 0.0000630 seconds
71.101: [GC [1 CMS-initial-mark: 7750K(15744K)] 9236K(21888K), 0.0000960 secs] [Times: user=0.00 sys=0.00, real=0.00 secs] 
71.101: Total time for which application threads were stopped: 0.0003190 seconds, Stopping threads took: 0.0001990 seconds
71.101: [CMS-concurrent-mark-start]
71.105: [CMS-concurrent-mark: 0.004/0.004 secs] [Times: user=0.03 sys=0.00, real=0.00 secs] 
71.105: [CMS-concurrent-preclean-start]
71.105: [CMS-concurrent-preclean: 0.000/0.000 secs] [Times: user=0.00 sys=0.00, real=0.00 secs] 
71.105: [CMS-concurrent-abortable-preclean-start]
71.192: Application time: 0.0909560 seconds
71.247: [GC71.247: [ParNew: 5886K->402K(6144K), 0.0005240 secs] 13637K->8546K(21888K), 0.0005600 secs] [Times: user=0.01 sys=0.00, real=0.01 secs] 
71.248: Total time for which application threads were stopped: 0.0556790 seconds, Stopping threads took: 0.0550650 seconds
71.248: Application time: 0.0005830 seconds
71.288: [GC71.288: [ParNew: 5790K->602K(6144K), 0.0015530 secs] 13934K->13238K(21888K), 0.0015930 secs] [Times: user=0.01 sys=0.00, real=0.00 secs] 
71.290: Total time for which application threads were stopped: 0.0416750 seconds, Stopping threads took: 0.0400020 seconds
71.367: Application time: 0.0771550 seconds
71.390: [CMS-concurrent-abortable-preclean: 0.000/0.285 secs] [Times: user=1.58 sys=0.08, real=0.29 secs] 
71.408: [GC71.408: [ParNew: 6068K->6068K(6144K), 0.0000140 secs]71.408: [CMS (concurrent mode failure): 12636K->2072K(15744K), 0.0064840 secs] 18704K->2072K(21888K), [CMS Perm : 5110K->5110K(21248K)], 0.0065390 secs] [Times: user=0.01 sys=0.00, real=0.00 secs] 
71.415: Total time for which application threads were stopped: 0.0475540 seconds, Stopping threads took: 0.0409220 seconds
71.416: Application time: 0.0010990 seconds
71.469: [GC71.469: [ParNew: 5349K->558K(6144K), 0.0010270 secs] 7421K->5571K(21888K), 0.0010560 secs] [Times: user=0.01 sys=0.00, real=0.00 secs] 
71.470: Total time for which application threads were stopped: 0.0542530 seconds, Stopping threads took: 0.0531230 seconds
71.470: Application time: 0.0000390 seconds
71.524: [GC [1 CMS-initial-mark: 5012K(15744K)] 6358K(21888K), 0.0001090 secs] [Times: user=0.00 sys=0.00, real=0.00 secs] 
71.524: Total time for which application threads were stopped: 0.0539240 seconds, Stopping threads took: 0.0537680 seconds
71.524: [CMS-concurrent-mark-start]
71.528: [CMS-concurrent-mark: 0.004/0.004 secs] [Times: user=0.03 sys=0.00, real=0.01 secs] 
71.528: [CMS-concurrent-preclean-start]
71.528: [CMS-concurrent-preclean: 0.000/0.000 secs] [Times: user=0.00 sys=0.00, real=0.00 secs] 
71.528: [CMS-concurrent-abortable-preclean-start]
71.528: Application time: 0.0041190 seconds
71.602: [GC71.602: [ParNew: 5751K->402K(6144K), 0.0005920 secs] 10763K->5479K(21888K), 0.0006260 secs] [Times: user=0.00 sys=0.00, real=0.00 secs] 
71.602: Total time for which application threads were stopped: 0.0742960 seconds, Stopping threads took: 0.0735930 seconds
71.603: Application time: 0.0005090 seconds
71.603: [GC71.603: [ParNew: 5869K->630K(6144K), 0.0016820 secs] 10946K->10883K(21888K), 0.0017090 secs] [Times: user=0.01 sys=0.00, real=0.00 secs] 
71.605: Total time for which application threads were stopped: 0.0020920 seconds, Stopping threads took: 0.0003350 seconds
71.695: Application time: 0.0902150 seconds
71.705: [CMS-concurrent-abortable-preclean: 0.000/0.178 secs] [Times: user=1.29 sys=0.06, real=0.17 secs] 
71.733: [GC71.733: [ParNew: 6115K->6115K(6144K), 0.0000120 secs]71.733: [CMS (concurrent mode failure): 10253K->2854K(15744K), 0.0053760 secs] 16368K->2854K(21888K), [CMS Perm : 5110K->5110K(21248K)], 0.0054340 secs] [Times: user=0.01 sys=0.00, real=0.00 secs] 
71.739: Total time for which application threads were stopped: 0.0434980 seconds, Stopping threads took: 0.0379820 seconds
71.740: Application time: 0.0010250 seconds
71.792: [GC71.792: [ParNew: 5485K->598K(6144K), 0.0016320 secs] 8339K->7761K(21888K), 0.0016710 secs] [Times: user=0.01 sys=0.00, real=0.00 secs] 
71.794: Total time for which application threads were stopped: 0.0539810 seconds, Stopping threads took: 0.0522320 seconds
71.794: Application time: 0.0000840 seconds
71.794: [GC [1 CMS-initial-mark: 7163K(15744K)] 8748K(21888K), 0.0000980 secs] [Times: user=0.00 sys=0.00, real=0.00 secs] 
71.794: Total time for which application threads were stopped: 0.0004440 seconds, Stopping threads took: 0.0003010 seconds
71.794: [CMS-concurrent-mark-start]
71.798: [CMS-concurrent-mark: 0.003/0.003 secs] [Times: user=0.02 sys=0.00, real=0.00 secs] 
71.798: [CMS-concurrent-preclean-start]
71.798: [CMS-concurrent-preclean: 0.000/0.000 secs] [Times: user=0.00 sys=0.00, real=0.00 secs] 
71.798: [CMS-concurrent-abortable-preclean-start]
71.876: Application time: 0.0820770 seconds
71.923: [GC71.923: [ParNew: 5790K->404K(6144K), 0.0003710 secs] 12954K->7573K(21888K), 0.0004020 secs] [Times: user=0.00 sys=0.00, real=0.00 secs] 
71.923: Total time for which application threads were stopped: 0.0471000 seconds, Stopping threads took: 0.0466280 seconds
71.924: Application time: 0.0005350 seconds
71.924: [GC71.924: [ParNew: 5888K->600K(6144K), 0.0016610 secs] 13057K->13042K(21888K), 0.0016960 secs] [Times: user=0.01 sys=0.00, real=0.00 secs] 
71.926: Total time for which application threads were stopped: 0.0020950 seconds, Stopping threads took: 0.0003250 seconds
72.004: Application time: 0.0784250 seconds
72.026: [CMS-concurrent-abortable-preclean: 0.000/0.229 secs] [Times: user=1.44 sys=0.03, real=0.23 secs] 
72.045: [GC72.045: [ParNew: 6065K->6065K(6144K), 0.0000130 secs]72.045: [CMS (concurrent mode failure): 12442K->2854K(15744K), 0.0055790 secs] 18508K->2854K(21888K), [CMS Perm : 5110K->5110K(21248K)], 0.0056390 secs] [Times: user=0.01 sys=0.00, real=0.01 secs] 
72.050: Total time for which application threads were stopped: 0.0456980 seconds, Stopping threads took: 0.0399960 seconds
72.051: Application time: 0.0012150 seconds
72.122: [GC72.122: [ParNew: 5388K->600K(6144K), 0.0013840 secs] 8242K->6587K(21888K), 0.0014170 secs] [Times: user=0.01 sys=0.00, real=0.00 secs] 
72.123: Total time for which application threads were stopped: 0.0719250 seconds, Stopping threads took: 0.0704290 seconds
72.123: Application time: 0.0000480 seconds
72.164: [GC [1 CMS-initial-mark: 5987K(15744K)] 6886K(21888K), 0.0001250 secs] [Times: user=0.00 sys=0.00, real=0.00 secs] 
72.165: Total time for which application threads were stopped: 0.0411560 seconds, Stopping threads took: 0.0410020 seconds
72.165: [CMS-concurrent-mark-start]
72.168: [CMS-concurrent-mark: 0.003/0.003 secs] [Times: user=0.02 sys=0.00, real=0.01 secs] 
72.168: [CMS-concurrent-preclean-start]
72.168: [CMS-concurrent-preclean: 0.000/0.000 secs] [Times: user=0.00 sys=0.00, real=0.00 secs] 
72.168: [CMS-concurrent-abortable-preclean-start]
72.168: Application time: 0.0036040 seconds
72.238: [GC72.238: [ParNew: 5890K->498K(6144K), 0.0007820 secs] 11877K->7465K(21888K), 0.0008200 secs] [Times: user=0.01 sys=0.00, real=0.00 secs] 
72.239: Total time for which application threads were stopped: 0.0708220 seconds, Stopping threads took: 0.0699480 seconds
72.240: Application time: 0.0007630 seconds
72.293: [GC72.293: [ParNew: 5886K->600K(6144K), 0.0018840 secs] 12853K->12552K(21888K), 0.0019210 secs] [Times: user=0.01 sys=0.00, real=0.00 secs] 
72.295: Total time for which application threads were stopped: 0.0548410 seconds, Stopping threads took: 0.0528420 seconds
72.372: Application time: 0.0777690 seconds
72.376: [GC72.376: [ParNew: 6085K->6085K(6144K), 0.0000130 secs]72.376: [CMS72.376: [CMS-concurrent-abortable-preclean: 0.000/0.208 secs] [Times: user=1.04 sys=0.07, real=0.20 secs] 
 (concurrent mode failure): 11952K->3928K(15744K), 0.0058950 secs] 18037K->3928K(21888K), [CMS Perm : 5110K->5110K(21248K)], 0.0059620 secs] [Times: user=0.01 sys=0.00, real=0.01 secs] 
72.382: Total time for which application threads were stopped: 0.0098460 seconds, Stopping threads took: 0.0037980 seconds
72.384: Application time: 0.0013190 seconds
72.459: [GC72.460: [ParNew: 5288K->598K(6144K), 0.0012840 secs] 9216K->7169K(21888K), 0.0013180 secs] [Times: user=0.01 sys=0.00, real=0.00 secs] 
72.461: Total time for which application threads were stopped: 0.0773110 seconds, Stopping threads took: 0.0759050 seconds
72.461: Application time: 0.0000460 seconds
72.461: [GC [1 CMS-initial-mark: 6571K(15744K)] 7562K(21888K), 0.0000970 secs] [Times: user=0.00 sys=0.00, real=0.00 secs] 
72.461: Total time for which application threads were stopped: 0.0002840 seconds, Stopping threads took: 0.0001430 seconds
72.461: [CMS-concurrent-mark-start]
72.464: [CMS-concurrent-mark: 0.003/0.003 secs] [Times: user=0.02 sys=0.00, real=0.00 secs] 
72.464: [CMS-concurrent-preclean-start]
72.464: [CMS-concurrent-preclean: 0.000/0.000 secs] [Times: user=0.00 sys=0.00, real=0.00 secs] 
72.464: [CMS-concurrent-abortable-preclean-start]
72.545: Application time: 0.0841220 seconds
72.558: [GC72.558: [ParNew: 6064K->434K(6144K), 0.0006050 secs] 12635K->7013K(21888K), 0.0006380 secs] [Times: user=0.01 sys=0.00, real=0.00 secs] 
72.559: Total time for which application threads were stopped: 0.0135940 seconds, Stopping threads took: 0.0128740 seconds
72.559: Application time: 0.0006050 seconds
72.560: [GC72.560: [ParNew: 5920K->600K(6144K), 0.0016510 secs] 12498K->12484K(21888K), 0.0016870 secs] [Times: user=0.01 sys=0.00, real=0.00 secs] 
72.562: Total time for which application threads were stopped: 0.0020770 seconds, Stopping threads took: 0.0003150 seconds
72.639: Application time: 0.0771950 seconds
72.662: [CMS-concurrent-abortable-preclean: 0.000/0.197 secs] [Times: user=1.35 sys=0.02, real=0.20 secs] 
72.681: [GC72.681: [ParNew: 5987K->5987K(6144K), 0.0000120 secs]72.681: [CMS (concurrent mode failure): 11884K->2854K(15744K), 0.0059600 secs] 17872K->2854K(21888K), [CMS Perm : 5110K->5110K(21248K)], 0.0060190 secs] [Times: user=0.01 sys=0.00, real=0.00 secs] 
72.687: Total time for which application threads were stopped: 0.0480310 seconds, Stopping threads took: 0.0419280 seconds
72.688: Application time: 0.0012110 seconds
72.760: [GC72.760: [ParNew: 5368K->530K(6144K), 0.0013270 secs] 8222K->6520K(21888K), 0.0013590 secs] [Times: user=0.01 sys=0.00, real=0.00 secs] 
72.762: Total time for which application threads were stopped: 0.0737510 seconds, Stopping threads took: 0.0723340 seconds
72.767: Application time: 0.0055700 seconds
72.839: [GC [1 CMS-initial-mark: 5989K(15744K)] 10440K(21888K), 0.0001310 secs] [Times: user=0.00 sys=0.00, real=0.00 secs] 
72.839: Total time for which application threads were stopped: 0.0717800 seconds, Stopping threads took: 0.0716130 seconds
72.839: [CMS-concurrent-mark-start]
72.839: Application time: 0.0003590 seconds
72.840: [GC72.840: [ParNew: 6016K->598K(6144K), 0.0005710 secs] 12005K->7595K(21888K), 0.0005910 secs] [Times: user=0.00 sys=0.00, real=0.00 secs] 
72.840: Total time for which application threads were stopped: 0.0006600 seconds, Stopping threads took: 0.0000310 seconds
72.841: Application time: 0.0007860 seconds
72.916: [GC72.916: [ParNew: 6083K->500K(6144K), 0.0013080 secs] 13081K->10821K(21888K), 0.0013480 secs] [Times: user=0.01 sys=0.00, real=0.00 secs] 
72.918: Total time for which application threads were stopped: 0.0765980 seconds, Stopping threads took: 0.0751950 seconds
72.920: [CMS-concurrent-mark: 0.004/0.081 secs] [Times: user=0.28 sys=0.04, real=0.09 secs] 
72.920: [CMS-concurrent-preclean-start]
72.921: [CMS-concurrent-preclean: 0.000/0.000 secs] [Times: user=0.00 sys=0.00, real=0.00 secs] 
72.921: [CMS-concurrent-abortable-preclean-start]
72.995: Application time: 0.0770930 seconds
72.998: [GC72.998: [ParNew: 5693K->406K(6144K), 0.0003550 secs] 16013K->10730K(21888K), 0.0003890 secs] [Times: user=0.00 sys=0.00, real=0.00 secs] 
72.999: Total time for which application threads were stopped: 0.0041360 seconds, Stopping threads took: 0.0036800 seconds
72.999: Application time: 0.0005720 seconds
73.000: [GC73.000: [ParNew: 5873K->532K(6144K), 0.0014920 secs] 16196K->16129K(21888K), 0.0015220 secs] [Times: user=0.01 sys=0.00, real=0.00 secs] 
73.001: Total time for which application threads were stopped: 0.0018460 seconds, Stopping threads took: 0.0002740 seconds
73.001: [CMS-concurrent-abortable-preclean: 0.000/0.081 secs] [Times: user=0.63 sys=0.00, real=0.08 secs] 
73.003: Application time: 0.0022950 seconds
73.078: [GC[YG occupancy: 2500 K (6144 K)]73.078: [Rescan (parallel) , 0.0002060 secs]73.078: [weak refs processing, 0.0000070 secs]73.079: [scrub string table, 0.0001030 secs] [1 CMS-remark: 15597K(15744K)] 18097K(21888K), 0.0003570 secs] [Times: user=0.00 sys=0.00, real=0.00 secs] 
73.079: Total time for which application threads were stopped: 0.0751430 seconds, Stopping threads took: 0.0747510 seconds
73.079: [CMS-concurrent-sweep-start]
73.079: Application time: 0.0007120 seconds
73.080: [GC73.080: [ParNew: 5822K->5822K(6144K), 0.0000100 secs]73.080: [CMS73.080: [CMS-concurrent-sweep: 0.001/0.001 secs] [Times: user=0.01 sys=0.00, real=0.01 secs] 
 (concurrent mode failure): 15597K->4807K(15744K), 0.0062290 secs] 21419K->4807K(21888K), [CMS Perm : 5110K->5110K(21248K)], 0.0062750 secs] [Times: user=0.00 sys=0.00, real=0.00 secs] 
73.086: Total time for which application threads were stopped: 0.0064940 seconds, Stopping threads took: 0.0001690 seconds
73.165: Application time: 0.0791210 seconds
73.168: [GC73.168: [ParNew: 5485K->402K(6144K), 0.0002970 secs] 10292K->5209K(21888K), 0.0003300 secs] [Times: user=0.00 sys=0.00, real=0.00 secs] 
73.169: Total time for which application threads were stopped: 0.0035870 seconds, Stopping threads took: 0.0031980 seconds
73.169: Application time: 0.0004840 seconds
73.169: [GC73.169: [ParNew: 5886K->598K(6144K), 0.0015390 secs] 10693K->10695K(21888K), 0.0015710 secs] [Times: user=0.01 sys=0.00, real=0.00 secs] 
73.171: Total time for which application threads were stopped: 0.0018910 seconds, Stopping threads took: 0.0002660 seconds
73.171: Application time: 0.0001330 seconds
73.171: [GC [1 CMS-initial-mark: 10097K(15744K)] 12758K(21888K), 0.0001120 secs] [Times: user=0.00 sys=0.00, real=0.00 secs] 
73.171: Total time for which application threads were stopped: 0.0004000 seconds, Stopping threads took: 0.0002580 seconds
73.171: [CMS-concurrent-mark-start]
73.175: [CMS-concurrent-mark: 0.003/0.003 secs] [Times: user=0.01 sys=0.00, real=0.00 secs] 
73.175: [CMS-concurrent-preclean-start]
73.175: [CMS-concurrent-preclean: 0.000/0.000 secs] [Times: user=0.00 sys=0.00, real=0.00 secs] 
73.175: [CMS-concurrent-abortable-preclean-start]
73.258: Application time: 0.0863450 seconds
73.275: [CMS-concurrent-abortable-preclean: 0.000/0.100 secs] [Times: user=0.71 sys=0.01, real=0.10 secs] 
73.299: [GC73.299: [ParNew: 5985K->5985K(6144K), 0.0000120 secs]73.299: [CMS (concurrent mode failure): 10097K->2854K(15744K), 0.0051950 secs] 16083K->2854K(21888K), [CMS Perm : 5110K->5110K(21248K)], 0.0052520 secs] [Times: user=0.01 sys=0.00, real=0.01 secs] 
73.304: Total time for which application threads were stopped: 0.0463680 seconds, Stopping threads took: 0.0410540 seconds
73.305: Application time: 0.0009930 seconds
73.353: [GC73.353: [ParNew: 5445K->558K(6144K), 0.0017820 secs] 8299K->7917K(21888K), 0.0018260 secs] [Times: user=0.01 sys=0.00, real=0.00 secs] 
73.355: Total time for which application threads were stopped: 0.0496500 seconds, Stopping threads took: 0.0477450 seconds
73.355: Application time: 0.0000570 seconds
73.395: [GC [1 CMS-initial-mark: 7359K(15744K)] 8312K(21888K), 0.0001020 secs] [Times: user=0.00 sys=0.00, real=0.00 secs] 
73.395: Total time for which application threads were stopped: 0.0401300 seconds, Stopping threads took: 0.0399830 seconds
73.395: [CMS-concurrent-mark-start]
73.398: [CMS-concurrent-mark: 0.003/0.003 secs] [Times: user=0.01 sys=0.00, real=0.00 secs] 
73.398: [CMS-concurrent-preclean-start]
73.398: [CMS-concurrent-preclean: 0.000/0.000 secs] [Times: user=0.00 sys=0.00, real=0.00 secs] 
73.398: [CMS-concurrent-abortable-preclean-start]
73.482: Application time: 0.0869190 seconds
73.533: [GC73.533: [ParNew: 5946K->404K(6144K), 0.0007270 secs] 13305K->7825K(21888K), 0.0007600 secs] [Times: user=0.00 sys=0.00, real=0.00 secs] 
73.534: Total time for which application threads were stopped: 0.0522840 seconds, Stopping threads took: 0.0514400 seconds
73.535: Application time: 0.0007100 seconds
73.535: [GC73.535: [ParNew: 5890K->596K(6144K), 0.0017980 secs] 13311K->13291K(21888K), 0.0018280 secs] [Times: user=0.01 sys=0.00, real=0.00 secs] 
73.537: Total time for which application threads were stopped: 0.0021680 seconds, Stopping threads took: 0.0002660 seconds
73.615: Application time: 0.0779870 seconds
73.637: [CMS-concurrent-abortable-preclean: 0.001/0.239 secs] [Times: user=1.44 sys=0.04, real=0.24 secs] 
73.655: [GC73.655: [ParNew: 5983K->5983K(6144K), 0.0000130 secs]73.655: [CMS (concurrent mode failure): 12695K->2854K(15744K), 0.0059860 secs] 18679K->2854K(21888K), [CMS Perm : 5110K->5110K(21248K)], 0.0060440 secs] [Times: user=0.01 sys=0.00, real=0.01 secs] 
73.661: Total time for which application threads were stopped: 0.0463340 seconds, Stopping threads took: 0.0402270 seconds
73.663: Application time: 0.0010910 seconds
73.714: [GC73.714: [ParNew: 5446K->634K(6144K), 0.0016470 secs] 8301K->7626K(21888K), 0.0016790 secs] [Times: user=0.01 sys=0.00, real=0.00 secs] 
73.716: Total time for which application threads were stopped: 0.0535890 seconds, Stopping threads took: 0.0518540 seconds
73.716: Application time: 0.0000660 seconds
73.717: [GC [1 CMS-initial-mark: 6992K(15744K)] 8117K(21888K), 0.0001070 secs] [Times: user=0.00 sys=0.00, real=0.00 secs] 
73.717: Total time for which application threads were stopped: 0.0005020 seconds, Stopping threads took: 0.0003510 seconds
73.717: [CMS-concurrent-mark-start]
73.720: [CMS-concurrent-mark: 0.003/0.003 secs] [Times: user=0.03 sys=0.00, real=0.01 secs] 
73.720: [CMS-concurrent-preclean-start]
73.720: [CMS-concurrent-preclean: 0.000/0.000 secs] [Times: user=0.00 sys=0.00, real=0.00 secs] 
73.720: [CMS-concurrent-abortable-preclean-start]
73.801: Application time: 0.0840220 seconds
73.842: [GC73.842: [ParNew: 6022K->402K(6144K), 0.0005900 secs] 13014K->7433K(21888K), 0.0006200 secs] [Times: user=0.00 sys=0.00, real=0.00 secs] 
73.843: Total time for which application threads were stopped: 0.0418430 seconds, Stopping threads took: 0.0411480 seconds
73.843: Application time: 0.0005960 seconds
73.843: [GC73.843: [ParNew: 5886K->600K(6144K), 0.0016690 secs] 12917K->12904K(21888K), 0.0017010 secs] [Times: user=0.02 sys=0.00, real=0.00 secs] 
73.845: Total time for which application threads were stopped: 0.0020360 seconds, Stopping threads took: 0.0002830 seconds
73.923: Application time: 0.0781400 seconds
73.945: [CMS-concurrent-abortable-preclean: 0.000/0.225 secs] [Times: user=1.38 sys=0.04, real=0.22 secs] 
73.964: [GC73.964: [ParNew: 6065K->6065K(6144K), 0.0000130 secs]73.964: [CMS (concurrent mode failure): 12304K->2854K(15744K), 0.0066220 secs] 18370K->2854K(21888K), [CMS Perm : 5110K->5110K(21248K)], 0.0066770 secs] [Times: user=0.01 sys=0.00, real=0.01 secs] 
73.971: Total time for which application threads were stopped: 0.0472020 seconds, Stopping threads took: 0.0404520 seconds
73.972: Application time: 0.0010970 seconds
74.012: [GC74.012: [ParNew: 5485K->500K(6144K), 0.0017720 secs] 8340K->8252K(21888K), 0.0018020 secs] [Times: user=0.01 sys=0.00, real=0.00 secs] 
74.013: Total time for which application threads were stopped: 0.0417030 seconds, Stopping threads took: 0.0398450 seconds
74.013: Application time: 0.0000690 seconds
74.014: [GC [1 CMS-initial-mark: 7751K(15744K)] 8844K(21888K), 0.0001070 secs] [Times: user=0.00 sys=0.00, real=0.00 secs] 
74.014: Total time for which application threads were stopped: 0.0003380 seconds, Stopping threads took: 0.0001830 seconds
74.014: [CMS-concurrent-mark-start]
74.017: [CMS-concurrent-mark: 0.004/0.004 secs] [Times: user=0.02 sys=0.00, real=0.00 secs] 
74.017: [CMS-concurrent-preclean-start]
74.018: [CMS-concurrent-preclean: 0.000/0.000 secs] [Times: user=0.00 sys=0.00, real=0.00 secs] 
74.018: [CMS-concurrent-abortable-preclean-start]
74.102: Application time: 0.0884760 seconds
74.143: [GC74.143: [ParNew: 5985K->596K(6144K), 0.0006430 secs] 13737K->9522K(21888K), 0.0006790 secs] [Times: user=0.00 sys=0.00, real=0.00 secs] 
74.144: Total time for which application threads were stopped: 0.0415270 seconds, Stopping threads took: 0.0407770 seconds
74.145: Application time: 0.0009020 seconds
74.197: [GC74.197: [ParNew: 5984K->602K(6144K), 0.0018230 secs] 14911K->13924K(21888K), 0.0018600 secs] [Times: user=0.01 sys=0.00, real=0.00 secs] 
74.198: Total time for which application threads were stopped: 0.0537910 seconds, Stopping threads took: 0.0518510 seconds
74.276: Application time: 0.0776830 seconds
74.283: [GC74.283: [ParNew: 6087K->6087K(6144K), 0.0000120 secs]74.283: [CMS74.283: [CMS-concurrent-abortable-preclean: 0.000/0.265 secs] [Times: user=1.55 sys=0.05, real=0.27 secs] 
 (concurrent mode failure): 13322K->3147K(15744K), 0.0060350 secs] 19409K->3147K(21888K), [CMS Perm : 5110K->5110K(21248K)], 0.0061010 secs] [Times: user=0.00 sys=0.00, real=0.01 secs] 
74.289: Total time for which application threads were stopped: 0.0127220 seconds, Stopping threads took: 0.0065360 seconds
74.290: Application time: 0.0011650 seconds
74.338: [GC74.338: [ParNew: 5485K->602K(6144K), 0.0017880 secs] 8633K->8352K(21888K), 0.0018200 secs] [Times: user=0.01 sys=0.00, real=0.01 secs] 
74.340: Total time for which application threads were stopped: 0.0501870 seconds, Stopping threads took: 0.0482910 seconds
74.340: Application time: 0.0000440 seconds
74.340: [GC [1 CMS-initial-mark: 7750K(15744K)] 8744K(21888K), 0.0000980 secs] [Times: user=0.00 sys=0.00, real=0.00 secs] 
74.340: Total time for which application threads were stopped: 0.0002300 seconds, Stopping threads took: 0.0001060 seconds
74.341: [CMS-concurrent-mark-start]
74.343: [CMS-concurrent-mark: 0.003/0.003 secs] [Times: user=0.02 sys=0.00, real=0.00 secs] 
74.343: [CMS-concurrent-preclean-start]
74.344: [CMS-concurrent-preclean: 0.000/0.000 secs] [Times: user=0.00 sys=0.00, real=0.00 secs] 
74.344: [CMS-concurrent-abortable-preclean-start]
74.428: Application time: 0.0872320 seconds
74.468: [GC74.468: [ParNew: 6087K->598K(6144K), 0.0005540 secs] 13837K->8742K(21888K), 0.0005900 secs] [Times: user=0.00 sys=0.00, real=0.00 secs] 
74.469: Total time for which application threads were stopped: 0.0409670 seconds, Stopping threads took: 0.0403110 seconds
74.469: Application time: 0.0008020 seconds
74.509: [GC74.509: [ParNew: 5966K->532K(6144K), 0.0015720 secs] 14111K->13364K(21888K), 0.0016090 secs] [Times: user=0.01 sys=0.00, real=0.00 secs] 
74.511: Total time for which application threads were stopped: 0.0415660 seconds, Stopping threads took: 0.0398780 seconds
74.589: Application time: 0.0784410 seconds
74.590: [GC74.590: [ParNew: 5920K->5920K(6144K), 0.0000170 secs]74.590: [CMS74.590: [CMS-concurrent-abortable-preclean: 0.000/0.247 secs] [Times: user=1.47 sys=0.05, real=0.25 secs] 
 (concurrent mode failure): 12832K->3245K(15744K), 0.0068120 secs] 18752K->3245K(21888K), [CMS Perm : 5110K->5110K(21248K)], 0.0068900 secs] [Times: user=0.01 sys=0.00, real=0.00 secs] 
74.597: Total time for which application threads were stopped: 0.0074200 seconds, Stopping threads took: 0.0004530 seconds
74.598: Application time: 0.0012360 seconds
74.638: [GC74.638: [ParNew: 5485K->600K(6144K), 0.0013470 secs] 8730K->8154K(21888K), 0.0013790 secs] [Times: user=0.01 sys=0.00, real=0.00 secs] 
74.639: Total time for which application threads were stopped: 0.0412400 seconds, Stopping threads took: 0.0398080 seconds
74.640: Application time: 0.0001290 seconds
74.694: [GC [1 CMS-initial-mark: 7554K(15744K)] 8948K(21888K), 0.0001120 secs] [Times: user=0.00 sys=0.00, real=0.00 secs] 
74.694: Total time for which application threads were stopped: 0.0543210 seconds, Stopping threads took: 0.0541520 seconds
74.694: [CMS-concurrent-mark-start]
74.697: [CMS-concurrent-mark: 0.004/0.004 secs] [Times: user=0.02 sys=0.00, real=0.00 secs] 
74.697: [CMS-concurrent-preclean-start]
74.698: [CMS-concurrent-preclean: 0.000/0.000 secs] [Times: user=0.00 sys=0.00, real=0.00 secs] 
74.698: [CMS-concurrent-abortable-preclean-start]
74.699: Application time: 0.0047410 seconds
74.773: [GC74.773: [ParNew: 6066K->628K(6144K), 0.0004980 secs] 13620K->8573K(21888K), 0.0005340 secs] [Times: user=0.00 sys=0.00, real=0.00 secs] 
74.773: Total time for which application threads were stopped: 0.0747200 seconds, Stopping threads took: 0.0741120 seconds
74.774: Application time: 0.0005070 seconds
74.814: [GC74.814: [ParNew: 5821K->602K(6144K), 0.0015250 secs] 13766K->13072K(21888K), 0.0015600 secs] [Times: user=0.01 sys=0.00, real=0.00 secs] 
74.816: Total time for which application threads were stopped: 0.0416710 seconds, Stopping threads took: 0.0400380 seconds
74.893: Application time: 0.0777280 seconds
74.916: [CMS-concurrent-abortable-preclean: 0.000/0.218 secs] [Times: user=1.30 sys=0.06, real=0.22 secs] 
74.935: [GC74.935: [ParNew: 5989K->5989K(6144K), 0.0000130 secs]74.935: [CMS (concurrent mode failure): 12470K->2073K(15744K), 0.0065410 secs] 18460K->2073K(21888K), [CMS Perm : 5110K->5110K(21248K)], 0.0065950 secs] [Times: user=0.01 sys=0.00, real=0.01 secs] 
74.942: Total time for which application threads were stopped: 0.0484220 seconds, Stopping threads took: 0.0417420 seconds
74.943: Application time: 0.0009530 seconds
74.983: [GC74.983: [ParNew: 5388K->600K(6144K), 0.0016100 secs] 7461K->7180K(21888K), 0.0016400 secs] [Times: user=0.01 sys=0.00, real=0.00 secs] 
74.984: Total time for which application threads were stopped: 0.0418010 seconds, Stopping threads took: 0.0400890 seconds
74.984: Application time: 0.0000600 seconds
74.985: [GC [1 CMS-initial-mark: 6580K(15744K)] 8163K(21888K), 0.0001010 secs] [Times: user=0.00 sys=0.00, real=0.00 secs] 
74.985: Total time for which application threads were stopped: 0.0003520 seconds, Stopping threads took: 0.0002270 seconds
74.985: [CMS-concurrent-mark-start]
74.988: [CMS-concurrent-mark: 0.003/0.003 secs] [Times: user=0.02 sys=0.00, real=0.01 secs] 
74.988: [CMS-concurrent-preclean-start]
74.988: [CMS-concurrent-preclean: 0.000/0.000 secs] [Times: user=0.00 sys=0.00, real=0.00 secs] 
74.988: [CMS-concurrent-abortable-preclean-start]
75.075: Application time: 0.0896830 seconds
75.114: [GC75.114: [ParNew: 6066K->434K(6144K), 0.0005720 secs] 12646K->7409K(21888K), 0.0006030 secs] [Times: user=0.01 sys=0.00, real=0.00 secs] 
75.114: Total time for which application threads were stopped: 0.0398200 seconds, Stopping threads took: 0.0391440 seconds
75.115: Application time: 0.0008660 seconds
75.156: [GC75.156: [ParNew: 5901K->626K(6144K), 0.0016620 secs] 12875K->12121K(21888K), 0.0017070 secs] [Times: user=0.01 sys=0.00, real=0.00 secs] 
75.157: Total time for which application threads were stopped: 0.0420380 seconds, Stopping threads took: 0.0402640 seconds
75.236: Application time: 0.0786420 seconds
75.236: [GC75.236: [ParNew: 5994K->5994K(6144K), 0.0000140 secs]75.237: [CMS75.237: [CMS-concurrent-abortable-preclean: 0.001/0.248 secs] [Times: user=1.47 sys=0.05, real=0.24 secs] 
 (concurrent mode failure): 11495K->3050K(15744K), 0.0067230 secs] 17490K->3050K(21888K), [CMS Perm : 5110K->5110K(21248K)], 0.0067890 secs] [Times: user=0.01 sys=0.00, real=0.01 secs] 
75.243: Total time for which application threads were stopped: 0.0073980 seconds, Stopping threads took: 0.0005350 seconds
75.244: Application time: 0.0011580 seconds
75.297: [GC75.297: [ParNew: 5388K->602K(6144K), 0.0016710 secs] 8438K->7864K(21888K), 0.0017020 secs] [Times: user=0.01 sys=0.00, real=0.00 secs] 
75.299: Total time for which application threads were stopped: 0.0547310 seconds, Stopping threads took: 0.0529520 seconds
75.299: Application time: 0.0002270 seconds
75.339: [GC [1 CMS-initial-mark: 7262K(15744K)] 8950K(21888K), 0.0001040 secs] [Times: user=0.00 sys=0.00, real=0.01 secs] 
75.340: Total time for which application threads were stopped: 0.0401070 seconds, Stopping threads took: 0.0399750 seconds
75.340: [CMS-concurrent-mark-start]
75.343: [CMS-concurrent-mark: 0.004/0.004 secs] [Times: user=0.01 sys=0.00, real=0.00 secs] 
75.343: [CMS-concurrent-preclean-start]
75.343: [CMS-concurrent-preclean: 0.000/0.000 secs] [Times: user=0.00 sys=0.00, real=0.00 secs] 
75.343: [CMS-concurrent-abortable-preclean-start]
75.424: Application time: 0.0849260 seconds
75.430: [GC75.430: [ParNew: 6087K->402K(6144K), 0.0004650 secs] 13349K->8058K(21888K), 0.0004990 secs] [Times: user=0.00 sys=0.00, real=0.00 secs] 
75.430: Total time for which application threads were stopped: 0.0060190 seconds, Stopping threads took: 0.0054640 seconds
75.431: Application time: 0.0008190 seconds
75.482: [GC75.482: [ParNew: 5788K->598K(6144K), 0.0015830 secs] 13444K->12748K(21888K), 0.0016180 secs] [Times: user=0.01 sys=0.01, real=0.00 secs] 
75.483: Total time for which application threads were stopped: 0.0518840 seconds, Stopping threads took: 0.0502120 seconds
75.562: Application time: 0.0787510 seconds
75.563: [GC75.563: [ParNew: 6083K->6083K(6144K), 0.0000150 secs]75.563: [CMS75.563: [CMS-concurrent-abortable-preclean: 0.001/0.219 secs] [Times: user=1.42 sys=0.04, real=0.22 secs] 
 (concurrent mode failure): 12150K->3245K(15744K), 0.0058370 secs] 18234K->3245K(21888K), [CMS Perm : 5110K->5110K(21248K)], 0.0058990 secs] [Times: user=0.00 sys=0.00, real=0.01 secs] 
75.568: Total time for which application threads were stopped: 0.0064960 seconds, Stopping threads took: 0.0005210 seconds
75.570: Application time: 0.0010760 seconds
75.621: [GC75.621: [ParNew: 5485K->500K(6144K), 0.0016650 secs] 8730K->8643K(21888K), 0.0016960 secs] [Times: user=0.01 sys=0.00, real=0.00 secs] 
75.623: Total time for which application threads were stopped: 0.0534200 seconds, Stopping threads took: 0.0516490 seconds
75.647: Application time: 0.0245220 seconds
75.741: [GC [1 CMS-initial-mark: 8142K(15744K)] 10905K(21888K), 0.0001220 secs] [Times: user=0.00 sys=0.00, real=0.00 secs] 
75.741: Total time for which application threads were stopped: 0.0932900 seconds, Stopping threads took: 0.0931050 seconds
75.741: [CMS-concurrent-mark-start]
75.741: Application time: 0.0005860 seconds
75.742: [GC75.742: [ParNew: 5938K->600K(6144K), 0.0007480 secs] 14081K->11282K(21888K), 0.0007740 secs] [Times: user=0.00 sys=0.00, real=0.00 secs] 
75.742: Total time for which application threads were stopped: 0.0010490 seconds, Stopping threads took: 0.0002340 seconds
75.748: [CMS-concurrent-mark: 0.006/0.007 secs] [Times: user=0.05 sys=0.00, real=0.01 secs] 
75.748: [CMS-concurrent-preclean-start]
75.748: [CMS-concurrent-preclean: 0.000/0.000 secs] [Times: user=0.00 sys=0.00, real=0.00 secs] 
75.748: [CMS-concurrent-abortable-preclean-start]
75.748: [CMS-concurrent-abortable-preclean: 0.000/0.000 secs] [Times: user=0.00 sys=0.00, real=0.00 secs] 
75.748: Application time: 0.0060870 seconds
75.825: [GC[YG occupancy: 5087 K (6144 K)]75.825: [Rescan (parallel) , 0.0003930 secs]75.826: [weak refs processing, 0.0000080 secs]75.826: [scrub string table, 0.0001300 secs] [1 CMS-remark: 10681K(15744K)] 15769K(21888K), 0.0005850 secs] [Times: user=0.00 sys=0.00, real=0.00 secs] 
75.826: Total time for which application threads were stopped: 0.0773040 seconds, Stopping threads took: 0.0766630 seconds
75.826: [CMS-concurrent-sweep-start]
75.826: Application time: 0.0002500 seconds
75.826: [GC75.826: [ParNew: 6094K->6094K(6144K), 0.0000100 secs]75.826: [CMS75.827: [CMS-concurrent-sweep: 0.000/0.001 secs] [Times: user=0.00 sys=0.00, real=0.00 secs] 
 (concurrent mode failure): 10681K->2268K(15744K), 0.0062380 secs] 16776K->2268K(21888K), [CMS Perm : 5110K->5110K(21248K)], 0.0062800 secs] [Times: user=0.01 sys=0.00, real=0.01 secs] 
75.833: Total time for which application threads were stopped: 0.0065680 seconds, Stopping threads took: 0.0002220 seconds
75.834: Application time: 0.0009950 seconds
75.886: [GC75.886: [ParNew: 5483K->494K(6144K), 0.0014390 secs] 7751K->6877K(21888K), 0.0014710 secs] [Times: user=0.01 sys=0.00, real=0.01 secs] 
75.888: Total time for which application threads were stopped: 0.0542790 seconds, Stopping threads took: 0.0527330 seconds
75.888: Application time: 0.0001620 seconds
75.928: [GC [1 CMS-initial-mark: 6382K(15744K)] 8061K(21888K), 0.0001050 secs] [Times: user=0.00 sys=0.00, real=0.00 secs] 
75.928: Total time for which application threads were stopped: 0.0401440 seconds, Stopping threads took: 0.0400030 seconds
75.928: [CMS-concurrent-mark-start]
75.932: [CMS-concurrent-mark: 0.004/0.004 secs] [Times: user=0.03 sys=0.00, real=0.00 secs] 
75.932: [CMS-concurrent-preclean-start]
75.932: [CMS-concurrent-preclean: 0.000/0.000 secs] [Times: user=0.00 sys=0.00, real=0.00 secs] 
75.932: [CMS-concurrent-abortable-preclean-start]
76.006: Application time: 0.0776590 seconds
76.010: [GC76.010: [ParNew: 5979K->596K(6144K), 0.0006150 secs] 12362K->7564K(21888K), 0.0006480 secs] [Times: user=0.00 sys=0.00, real=0.00 secs] 
76.011: Total time for which application threads were stopped: 0.0052810 seconds, Stopping threads took: 0.0045520 seconds
76.012: Application time: 0.0007860 seconds
76.069: [GC76.069: [ParNew: 6062K->532K(6144K), 0.0012360 secs] 13031K->11412K(21888K), 0.0012670 secs] [Times: user=0.01 sys=0.00, real=0.00 secs] 
76.071: Total time for which application threads were stopped: 0.0588220 seconds, Stopping threads took: 0.0574810 seconds
76.148: Application time: 0.0776720 seconds
76.152: [GC76.152: [ParNew: 5920K->5920K(6144K), 0.0000130 secs]76.152: [CMS76.152: [CMS-concurrent-abortable-preclean: 0.000/0.220 secs] [Times: user=1.37 sys=0.05, real=0.22 secs] 
 (concurrent mode failure): 10879K->2464K(15744K), 0.0056100 secs] 16800K->2464K(21888K), [CMS Perm : 5110K->5110K(21248K)], 0.0056770 secs] [Times: user=0.01 sys=0.00, real=0.00 secs] 
76.158: Total time for which application threads were stopped: 0.0093460 seconds, Stopping threads took: 0.0035790 seconds
76.159: Application time: 0.0010160 seconds
76.199: [GC76.199: [ParNew: 5386K->598K(6144K), 0.0016410 secs] 7850K->7569K(21888K), 0.0016690 secs] [Times: user=0.01 sys=0.00, real=0.00 secs] 
76.201: Total time for which application threads were stopped: 0.0423620 seconds, Stopping threads took: 0.0406380 seconds
76.201: Application time: 0.0000620 seconds
76.201: [GC [1 CMS-initial-mark: 6971K(15744K)] 8554K(21888K), 0.0000910 secs] [Times: user=0.00 sys=0.00, real=0.00 secs] 
76.201: Total time for which application threads were stopped: 0.0002670 seconds, Stopping threads took: 0.0001320 seconds
76.202: [CMS-concurrent-mark-start]
76.205: [CMS-concurrent-mark: 0.003/0.003 secs] [Times: user=0.02 sys=0.00, real=0.00 secs] 
76.205: [CMS-concurrent-preclean-start]
76.205: [CMS-concurrent-preclean: 0.000/0.000 secs] [Times: user=0.00 sys=0.00, real=0.00 secs] 
76.205: [CMS-concurrent-abortable-preclean-start]
76.293: Application time: 0.0911150 seconds
76.334: [GC76.334: [ParNew: 6083K->209K(6144K), 0.0004910 secs] 13054K->7181K(21888K), 0.0005240 secs] [Times: user=0.00 sys=0.00, real=0.00 secs] 
76.335: Total time for which application threads were stopped: 0.0421640 seconds, Stopping threads took: 0.0415550 seconds
76.340: Application time: 0.0049000 seconds
76.402: [GC76.402: [ParNew: 5695K->602K(6144K), 0.0008240 secs] 12667K->8355K(21888K), 0.0008600 secs] [Times: user=0.01 sys=0.00, real=0.00 secs] 
76.403: Total time for which application threads were stopped: 0.0635890 seconds, Stopping threads took: 0.0626570 seconds
76.404: Application time: 0.0005830 seconds
76.404: [GC76.404: [ParNew: 6087K->598K(6144K), 0.0017240 secs] 13841K->13823K(21888K), 0.0017620 secs] [Times: user=0.01 sys=0.00, real=0.00 secs] 
76.406: Total time for which application threads were stopped: 0.0021430 seconds, Stopping threads took: 0.0003030 seconds
76.485: Application time: 0.0785880 seconds
76.506: [CMS-concurrent-abortable-preclean: 0.001/0.301 secs] [Times: user=1.71 sys=0.08, real=0.30 secs] 
76.525: [GC76.525: [ParNew: 5771K->5771K(6144K), 0.0000130 secs]76.525: [CMS (concurrent mode failure): 13225K->3538K(15744K), 0.0061820 secs] 18996K->3538K(21888K), [CMS Perm : 5110K->5110K(21248K)], 0.0062390 secs] [Times: user=0.01 sys=0.00, real=0.01 secs] 
76.532: Total time for which application threads were stopped: 0.0469690 seconds, Stopping threads took: 0.0406460 seconds
76.533: Application time: 0.0011830 seconds
76.573: [GC76.573: [ParNew: 5485K->602K(6144K), 0.0017170 secs] 9024K->8743K(21888K), 0.0017520 secs] [Times: user=0.02 sys=0.01, real=0.00 secs] 
76.574: Total time for which application threads were stopped: 0.0416280 seconds, Stopping threads took: 0.0398070 seconds
76.574: Application time: 0.0000570 seconds
76.650: [GC [1 CMS-initial-mark: 8141K(15744K)] 9239K(21888K), 0.0001160 secs] [Times: user=0.00 sys=0.00, real=0.00 secs] 
76.650: Total time for which application threads were stopped: 0.0760670 seconds, Stopping threads took: 0.0759000 seconds
76.651: [CMS-concurrent-mark-start]
76.654: [CMS-concurrent-mark: 0.003/0.003 secs] [Times: user=0.02 sys=0.00, real=0.00 secs] 
76.654: [CMS-concurrent-preclean-start]
76.654: [CMS-concurrent-preclean: 0.000/0.000 secs] [Times: user=0.00 sys=0.00, real=0.00 secs] 
76.654: [CMS-concurrent-abortable-preclean-start]
76.654: Application time: 0.0038670 seconds
76.728: [GC76.728: [ParNew: 6087K->596K(6144K), 0.0008050 secs] 14228K->9519K(21888K), 0.0008380 secs] [Times: user=0.00 sys=0.00, real=0.00 secs] 
76.729: Total time for which application threads were stopped: 0.0744540 seconds, Stopping threads took: 0.0735490 seconds
76.730: Application time: 0.0007880 seconds
76.782: [GC76.782: [ParNew: 5964K->630K(6144K), 0.0017130 secs] 14888K->13464K(21888K), 0.0017500 secs] [Times: user=0.02 sys=0.00, real=0.00 secs] 
76.784: Total time for which application threads were stopped: 0.0545140 seconds, Stopping threads took: 0.0526860 seconds
76.861: Application time: 0.0764360 seconds
76.885: [CMS-concurrent-abortable-preclean: 0.001/0.231 secs] [Times: user=1.30 sys=0.05, real=0.23 secs] 
76.903: [GC76.903: [ParNew: 6018K->6018K(6144K), 0.0000140 secs]76.903: [CMS (concurrent mode failure): 12834K->1488K(15744K), 0.0060120 secs] 18852K->1488K(21888K), [CMS Perm : 5110K->5110K(21248K)], 0.0060690 secs] [Times: user=0.01 sys=0.00, real=0.01 secs] 
76.909: Total time for which application threads were stopped: 0.0484670 seconds, Stopping threads took: 0.0423110 seconds
76.910: Application time: 0.0011010 seconds
76.911: [GC76.911: [ParNew: 5485K->600K(6144K), 0.0016570 secs] 6974K->6987K(21888K), 0.0016830 secs] [Times: user=0.00 sys=0.01, real=0.00 secs] 
76.912: Total time for which application threads were stopped: 0.0021480 seconds, Stopping threads took: 0.0003970 seconds
76.912: Application time: 0.0000440 seconds
76.912: [GC [1 CMS-initial-mark: 6387K(15744K)] 7282K(21888K), 0.0000950 secs] [Times: user=0.00 sys=0.00, real=0.00 secs] 
76.913: Total time for which application threads were stopped: 0.0002580 seconds, Stopping threads took: 0.0001390 seconds
76.913: [CMS-concurrent-mark-start]
76.916: [CMS-concurrent-mark: 0.003/0.003 secs] [Times: user=0.02 sys=0.00, real=0.00 secs] 
76.916: [CMS-concurrent-preclean-start]
76.916: [CMS-concurrent-preclean: 0.000/0.000 secs] [Times: user=0.00 sys=0.00, real=0.00 secs] 
76.916: [CMS-concurrent-abortable-preclean-start]
77.009: Application time: 0.0961180 seconds
77.061: [GC77.061: [ParNew: 5968K->239K(6144K), 0.0005400 secs] 12355K->6628K(21888K), 0.0005840 secs] [Times: user=0.00 sys=0.00, real=0.00 secs] 
77.062: Total time for which application threads were stopped: 0.0529060 seconds, Stopping threads took: 0.0522630 seconds
77.062: Application time: 0.0006190 seconds
77.062: [GC77.062: [ParNew: 5706K->560K(6144K), 0.0014450 secs] 12094K->12027K(21888K), 0.0014770 secs] [Times: user=0.01 sys=0.00, real=0.00 secs] 
77.064: Total time for which application threads were stopped: 0.0017260 seconds, Stopping threads took: 0.0001950 seconds
77.142: Application time: 0.0784450 seconds
77.164: [CMS-concurrent-abortable-preclean: 0.001/0.248 secs] [Times: user=1.54 sys=0.06, real=0.25 secs] 
77.184: [GC77.184: [ParNew: 5850K->5850K(6144K), 0.0000150 secs]77.184: [CMS (concurrent mode failure): 11467K->2464K(15744K), 0.0063940 secs] 17318K->2464K(21888K), [CMS Perm : 5110K->5110K(21248K)], 0.0064550 secs] [Times: user=0.01 sys=0.00, real=0.01 secs] 
77.191: Total time for which application threads were stopped: 0.0482650 seconds, Stopping threads took: 0.0417250 seconds
77.192: Application time: 0.0012900 seconds
77.232: [GC77.232: [ParNew: 5466K->630K(6144K), 0.0017030 secs] 7931K->7601K(21888K), 0.0017290 secs] [Times: user=0.01 sys=0.00, real=0.00 secs] 
77.234: Total time for which application threads were stopped: 0.0417320 seconds, Stopping threads took: 0.0399330 seconds
77.234: Application time: 0.0000660 seconds
77.234: [GC [1 CMS-initial-mark: 6971K(15744K)] 8684K(21888K), 0.0001050 secs] [Times: user=0.00 sys=0.00, real=0.00 secs] 
77.234: Total time for which application threads were stopped: 0.0003650 seconds, Stopping threads took: 0.0002340 seconds
77.234: [CMS-concurrent-mark-start]
77.237: [CMS-concurrent-mark: 0.003/0.003 secs] [Times: user=0.02 sys=0.00, real=0.00 secs] 
77.237: [CMS-concurrent-preclean-start]
77.237: [CMS-concurrent-preclean: 0.000/0.000 secs] [Times: user=0.00 sys=0.00, real=0.00 secs] 
77.237: [CMS-concurrent-abortable-preclean-start]
77.321: Application time: 0.0868790 seconds
77.366: [GC77.366: [ParNew: 6115K->209K(6144K), 0.0005830 secs] 13087K->7212K(21888K), 0.0006120 secs] [Times: user=0.00 sys=0.00, real=0.00 secs] 
77.366: Total time for which application threads were stopped: 0.0453460 seconds, Stopping threads took: 0.0446590 seconds
77.367: Application time: 0.0004920 seconds
77.367: [GC77.367: [ParNew: 5499K->602K(6144K), 0.0016850 secs] 12503K->12488K(21888K), 0.0017190 secs] [Times: user=0.01 sys=0.00, real=0.01 secs] 
77.369: Total time for which application threads were stopped: 0.0020790 seconds, Stopping threads took: 0.0002840 seconds
77.448: Application time: 0.0791440 seconds
77.449: [GC77.449: [ParNew: 6087K->6087K(6144K), 0.0000120 secs]77.449: [CMS77.449: [CMS-concurrent-abortable-preclean: 0.000/0.212 secs] [Times: user=1.44 sys=0.03, real=0.22 secs] 
 (concurrent mode failure): 11886K->3636K(15744K), 0.0061890 secs] 17974K->3636K(21888K), [CMS Perm : 5110K->5110K(21248K)], 0.0062570 secs] [Times: user=0.00 sys=0.00, real=0.00 secs] 
77.455: Total time for which application threads were stopped: 0.0072670 seconds, Stopping threads took: 0.0009170 seconds
77.457: Application time: 0.0011910 seconds
77.509: [GC77.509: [ParNew: 5388K->598K(6144K), 0.0016120 secs] 9024K->8151K(21888K), 0.0016550 secs] [Times: user=0.01 sys=0.00, real=0.00 secs] 
77.511: Total time for which application threads were stopped: 0.0544190 seconds, Stopping threads took: 0.0526810 seconds
77.511: Application time: 0.0003020 seconds
77.551: [GC [1 CMS-initial-mark: 7553K(15744K)] 9337K(21888K), 0.0001020 secs] [Times: user=0.00 sys=0.00, real=0.00 secs] 
77.551: Total time for which application threads were stopped: 0.0400980 seconds, Stopping threads took: 0.0399500 seconds
77.551: [CMS-concurrent-mark-start]
77.555: [CMS-concurrent-mark: 0.004/0.004 secs] [Times: user=0.00 sys=0.00, real=0.00 secs] 
77.555: [CMS-concurrent-preclean-start]
77.555: [CMS-concurrent-preclean: 0.000/0.000 secs] [Times: user=0.00 sys=0.00, real=0.00 secs] 
77.555: [CMS-concurrent-abortable-preclean-start]
77.556: Application time: 0.0042940 seconds
77.628: [GC77.628: [ParNew: 6083K->600K(6144K), 0.0005650 secs] 13637K->8939K(21888K), 0.0005990 secs] [Times: user=0.00 sys=0.00, real=0.00 secs] 
77.629: Total time for which application threads were stopped: 0.0732950 seconds, Stopping threads took: 0.0726140 seconds
77.630: Application time: 0.0007830 seconds
77.681: [GC77.681: [ParNew: 6085K->600K(6144K), 0.0016770 secs] 14425K->13043K(21888K), 0.0017120 secs] [Times: user=0.01 sys=0.00, real=0.00 secs] 
77.683: Total time for which application threads were stopped: 0.0532770 seconds, Stopping threads took: 0.0514860 seconds
77.764: Application time: 0.0811390 seconds
77.783: [CMS-concurrent-abortable-preclean: 0.001/0.228 secs] [Times: user=1.27 sys=0.08, real=0.23 secs] 
77.822: [GC77.822: [ParNew: 5988K->5988K(6144K), 0.0000120 secs]77.822: [CMS (concurrent mode failure): 12443K->1683K(15744K), 0.0056320 secs] 18431K->1683K(21888K), [CMS Perm : 5110K->5110K(21248K)], 0.0056900 secs] [Times: user=0.01 sys=0.00, real=0.00 secs] 
77.827: Total time for which application threads were stopped: 0.0631110 seconds, Stopping threads took: 0.0573610 seconds
77.828: Application time: 0.0008710 seconds
77.829: [GC77.829: [ParNew: 5366K->630K(6144K), 0.0016550 secs] 7050K->7016K(21888K), 0.0016860 secs] [Times: user=0.01 sys=0.00, real=0.00 secs] 
77.830: Total time for which application threads were stopped: 0.0020720 seconds, Stopping threads took: 0.0003180 seconds
77.830: Application time: 0.0000710 seconds
77.830: [GC [1 CMS-initial-mark: 6385K(15744K)] 8391K(21888K), 0.0000950 secs] [Times: user=0.00 sys=0.00, real=0.00 secs] 
77.831: Total time for which application threads were stopped: 0.0002730 seconds, Stopping threads took: 0.0001340 seconds
77.831: [CMS-concurrent-mark-start]
77.834: [CMS-concurrent-mark: 0.003/0.003 secs] [Times: user=0.01 sys=0.00, real=0.00 secs] 
77.834: [CMS-concurrent-preclean-start]
77.834: [CMS-concurrent-preclean: 0.000/0.000 secs] [Times: user=0.00 sys=0.00, real=0.00 secs] 
77.834: [CMS-concurrent-abortable-preclean-start]
77.917: Application time: 0.0868220 seconds
77.963: [GC77.963: [ParNew: 6115K->498K(6144K), 0.0006880 secs] 12501K->7892K(21888K), 0.0007190 secs] [Times: user=0.00 sys=0.00, real=0.00 secs] 
77.963: Total time for which application threads were stopped: 0.0458990 seconds, Stopping threads took: 0.0451170 seconds
77.964: Application time: 0.0007820 seconds
78.018: [GC78.018: [ParNew: 5886K->600K(6144K), 0.0014790 secs] 13281K->12096K(21888K), 0.0015170 secs] [Times: user=0.01 sys=0.00, real=0.00 secs] 
78.019: Total time for which application threads were stopped: 0.0550920 seconds, Stopping threads took: 0.0535140 seconds
78.097: Application time: 0.0776860 seconds
78.099: [GC78.099: [ParNew: 6085K->6085K(6144K), 0.0000130 secs]78.100: [CMS78.100: [CMS-concurrent-abortable-preclean: 0.000/0.266 secs] [Times: user=1.55 sys=0.07, real=0.27 secs] 
 (concurrent mode failure): 11496K->2855K(15744K), 0.0059860 secs] 17582K->2855K(21888K), [CMS Perm : 5110K->5110K(21248K)], 0.0060480 secs] [Times: user=0.00 sys=0.00, real=0.00 secs] 
78.106: Total time for which application threads were stopped: 0.0086930 seconds, Stopping threads took: 0.0025750 seconds
78.107: Application time: 0.0011450 seconds
78.175: [GC78.175: [ParNew: 5349K->638K(6144K), 0.0013150 secs] 8204K->6453K(21888K), 0.0013500 secs] [Times: user=0.00 sys=0.00, real=0.00 secs] 
78.177: Total time for which application threads were stopped: 0.0699940 seconds, Stopping threads took: 0.0685850 seconds
78.177: Application time: 0.0000470 seconds
78.177: [GC [1 CMS-initial-mark: 5815K(15744K)] 7141K(21888K), 0.0000900 secs] [Times: user=0.00 sys=0.00, real=0.00 secs] 
78.177: Total time for which application threads were stopped: 0.0001860 seconds, Stopping threads took: 0.0000560 seconds
78.177: [CMS-concurrent-mark-start]
78.180: [CMS-concurrent-mark: 0.003/0.003 secs] [Times: user=0.03 sys=0.00, real=0.01 secs] 
78.180: [CMS-concurrent-preclean-start]
78.180: [CMS-concurrent-preclean: 0.000/0.000 secs] [Times: user=0.00 sys=0.00, real=0.00 secs] 
78.180: [CMS-concurrent-abortable-preclean-start]
78.255: Application time: 0.0782730 seconds
78.260: [GC78.260: [ParNew: 6123K->404K(6144K), 0.0006040 secs] 11939K->6264K(21888K), 0.0006370 secs] [Times: user=0.01 sys=0.00, real=0.00 secs] 
78.260: Total time for which application threads were stopped: 0.0050010 seconds, Stopping threads took: 0.0042870 seconds
78.261: Application time: 0.0005330 seconds
78.261: [GC78.261: [ParNew: 5695K->600K(6144K), 0.0016710 secs] 11554K->11538K(21888K), 0.0017000 secs] [Times: user=0.01 sys=0.00, real=0.00 secs] 
78.263: Total time for which application threads were stopped: 0.0021070 seconds, Stopping threads took: 0.0003560 seconds
78.341: Application time: 0.0776750 seconds
78.363: [CMS-concurrent-abortable-preclean: 0.000/0.183 secs] [Times: user=1.28 sys=0.02, real=0.18 secs] 
78.383: [GC78.383: [ParNew: 5987K->5987K(6144K), 0.0000130 secs]78.383: [CMS (concurrent mode failure): 10938K->2660K(15744K), 0.0059460 secs] 16926K->2660K(21888K), [CMS Perm : 5110K->5110K(21248K)], 0.0060030 secs] [Times: user=0.01 sys=0.00, real=0.01 secs] 
78.389: Total time for which application threads were stopped: 0.0480630 seconds, Stopping threads took: 0.0419750 seconds
78.390: Application time: 0.0009750 seconds
78.430: [GC78.430: [ParNew: 5483K->502K(6144K), 0.0017320 secs] 8144K->7864K(21888K), 0.0017630 secs] [Times: user=0.01 sys=0.00, real=0.00 secs] 
78.431: Total time for which application threads were stopped: 0.0418190 seconds, Stopping threads took: 0.0399790 seconds
78.431: Application time: 0.0000930 seconds
78.471: [GC [1 CMS-initial-mark: 7362K(15744K)] 9049K(21888K), 0.0001080 secs] [Times: user=0.00 sys=0.00, real=0.00 secs] 
78.472: Total time for which application threads were stopped: 0.0401090 seconds, Stopping threads took: 0.0399460 seconds
78.472: [CMS-concurrent-mark-start]
78.475: [CMS-concurrent-mark: 0.004/0.004 secs] [Times: user=0.01 sys=0.00, real=0.00 secs] 
78.475: [CMS-concurrent-preclean-start]
78.475: [CMS-concurrent-preclean: 0.000/0.000 secs] [Times: user=0.00 sys=0.00, real=0.00 secs] 
78.475: [CMS-concurrent-abortable-preclean-start]
78.559: Application time: 0.0875420 seconds
78.601: [GC78.601: [ParNew: 5890K->400K(6144K), 0.0005120 secs] 13252K->7764K(21888K), 0.0005490 secs] [Times: user=0.01 sys=0.00, real=0.00 secs] 
78.601: Total time for which application threads were stopped: 0.0420310 seconds, Stopping threads took: 0.0414020 seconds
78.602: Application time: 0.0007470 seconds
78.602: [GC78.602: [ParNew: 5750K->560K(6144K), 0.0015270 secs] 13113K->13002K(21888K), 0.0015610 secs] [Times: user=0.01 sys=0.00, real=0.00 secs] 
78.604: Total time for which application threads were stopped: 0.0017940 seconds, Stopping threads took: 0.0001740 seconds
78.681: Application time: 0.0776610 seconds
78.683: [GC78.683: [ParNew: 6045K->6045K(6144K), 0.0000120 secs]78.683: [CMS78.683: [CMS-concurrent-abortable-preclean: 0.000/0.208 secs] [Times: user=1.40 sys=0.04, real=0.21 secs] 
 (concurrent mode failure): 12442K->3734K(15744K), 0.0056550 secs] 18487K->3734K(21888K), [CMS Perm : 5110K->5110K(21248K)], 0.0057280 secs] [Times: user=0.01 sys=0.00, real=0.01 secs] 
78.689: Total time for which application threads were stopped: 0.0074330 seconds, Stopping threads took: 0.0016350 seconds
78.690: Application time: 0.0012310 seconds
78.761: [GC78.761: [ParNew: 5485K->502K(6144K), 0.0012070 secs] 9220K->7370K(21888K), 0.0012410 secs] [Times: user=0.00 sys=0.00, real=0.00 secs] 
78.762: Total time for which application threads were stopped: 0.0723900 seconds, Stopping threads took: 0.0710940 seconds
78.763: Application time: 0.0001000 seconds
78.802: [GC [1 CMS-initial-mark: 6868K(15744K)] 7869K(21888K), 0.0001220 secs] [Times: user=0.00 sys=0.00, real=0.00 secs] 
78.802: Total time for which application threads were stopped: 0.0399220 seconds, Stopping threads took: 0.0397730 seconds
78.802: [CMS-concurrent-mark-start]
78.806: [CMS-concurrent-mark: 0.003/0.003 secs] [Times: user=0.01 sys=0.00, real=0.00 secs] 
78.806: [CMS-concurrent-preclean-start]
78.806: [CMS-concurrent-preclean: 0.000/0.000 secs] [Times: user=0.00 sys=0.00, real=0.00 secs] 
78.806: [CMS-concurrent-abortable-preclean-start]
78.806: Application time: 0.0039900 seconds
78.880: [GC78.880: [ParNew: 5871K->630K(6144K), 0.0005640 secs] 12739K->8286K(21888K), 0.0005960 secs] [Times: user=0.01 sys=0.00, real=0.00 secs] 
78.880: Total time for which application threads were stopped: 0.0740000 seconds, Stopping threads took: 0.0733450 seconds
78.881: Application time: 0.0007640 seconds
78.933: [GC78.933: [ParNew: 6096K->628K(6144K), 0.0013980 secs] 13753K->12319K(21888K), 0.0014350 secs] [Times: user=0.01 sys=0.00, real=0.00 secs] 
78.934: Total time for which application threads were stopped: 0.0529900 seconds, Stopping threads took: 0.0514740 seconds
79.012: Application time: 0.0775430 seconds
79.014: [GC79.014: [ParNew: 6016K->6016K(6144K), 0.0000130 secs]79.015: [CMS79.015: [CMS-concurrent-abortable-preclean: 0.001/0.208 secs] [Times: user=1.20 sys=0.08, real=0.21 secs] 
 (concurrent mode failure): 11691K->2660K(15744K), 0.0059610 secs] 17707K->2660K(21888K), [CMS Perm : 5110K->5110K(21248K)], 0.0060250 secs] [Times: user=0.01 sys=0.00, real=0.01 secs] 
79.021: Total time for which application threads were stopped: 0.0087670 seconds, Stopping threads took: 0.0026430 seconds
79.022: Application time: 0.0010190 seconds
79.063: [GC79.063: [ParNew: 5485K->598K(6144K), 0.0015060 secs] 8146K->7863K(21888K), 0.0015400 secs] [Times: user=0.01 sys=0.00, real=0.00 secs] 
79.065: Total time for which application threads were stopped: 0.0431310 seconds, Stopping threads took: 0.0415230 seconds
79.065: Application time: 0.0000390 seconds
79.065: [GC [1 CMS-initial-mark: 7265K(15744K)] 8355K(21888K), 0.0000980 secs] [Times: user=0.00 sys=0.00, real=0.00 secs] 
79.065: Total time for which application threads were stopped: 0.0003600 seconds, Stopping threads took: 0.0002380 seconds
79.065: [CMS-concurrent-mark-start]
79.069: [CMS-concurrent-mark: 0.003/0.003 secs] [Times: user=0.02 sys=0.00, real=0.01 secs] 
79.069: [CMS-concurrent-preclean-start]
79.069: [CMS-concurrent-preclean: 0.000/0.000 secs] [Times: user=0.00 sys=0.00, real=0.00 secs] 
79.069: [CMS-concurrent-abortable-preclean-start]
79.151: Application time: 0.0864310 seconds
79.193: [GC79.193: [ParNew: 5985K->406K(6144K), 0.0003500 secs] 13251K->7673K(21888K), 0.0003790 secs] [Times: user=0.00 sys=0.00, real=0.00 secs] 
79.193: Total time for which application threads were stopped: 0.0415040 seconds, Stopping threads took: 0.0410510 seconds
79.194: Application time: 0.0006180 seconds
79.194: [GC79.194: [ParNew: 5873K->628K(6144K), 0.0017620 secs] 13139K->13070K(21888K), 0.0017980 secs] [Times: user=0.01 sys=0.00, real=0.00 secs] 
79.196: Total time for which application threads were stopped: 0.0022290 seconds, Stopping threads took: 0.0003770 seconds
79.273: Application time: 0.0775040 seconds
79.296: [CMS-concurrent-abortable-preclean: 0.000/0.227 secs] [Times: user=1.47 sys=0.03, real=0.22 secs] 
79.315: [GC79.315: [ParNew: 6113K->6113K(6144K), 0.0000130 secs]79.315: [CMS (concurrent mode failure): 12442K->2856K(15744K), 0.0059800 secs] 18556K->2856K(21888K), [CMS Perm : 5110K->5110K(21248K)], 0.0060380 secs] [Times: user=0.01 sys=0.00, real=0.01 secs] 
79.321: Total time for which application threads were stopped: 0.0480580 seconds, Stopping threads took: 0.0419580 seconds
79.323: Application time: 0.0011190 seconds
79.375: [GC79.375: [ParNew: 5485K->600K(6144K), 0.0019300 secs] 8341K->7765K(21888K), 0.0019640 secs] [Times: user=0.01 sys=0.00, real=0.00 secs] 
79.377: Total time for which application threads were stopped: 0.0547170 seconds, Stopping threads took: 0.0526740 seconds
79.377: Application time: 0.0000430 seconds
79.378: [GC [1 CMS-initial-mark: 7165K(15744K)] 8260K(21888K), 0.0001060 secs] [Times: user=0.00 sys=0.00, real=0.00 secs] 
79.378: Total time for which application threads were stopped: 0.0003870 seconds, Stopping threads took: 0.0002370 seconds
79.378: [CMS-concurrent-mark-start]
79.381: [CMS-concurrent-mark: 0.003/0.003 secs] [Times: user=0.01 sys=0.00, real=0.01 secs] 
79.381: [CMS-concurrent-preclean-start]
79.381: [CMS-concurrent-preclean: 0.000/0.000 secs] [Times: user=0.00 sys=0.00, real=0.00 secs] 
79.381: [CMS-concurrent-abortable-preclean-start]
79.465: Application time: 0.0873670 seconds
79.505: [GC79.505: [ParNew: 5792K->404K(6144K), 0.0004880 secs] 12958K->7573K(21888K), 0.0005230 secs] [Times: user=0.00 sys=0.00, real=0.00 secs] 
79.505: Total time for which application threads were stopped: 0.0400120 seconds, Stopping threads took: 0.0394140 seconds
79.506: Application time: 0.0005650 seconds
79.506: [GC79.506: [ParNew: 5888K->600K(6144K), 0.0017820 secs] 13057K->13045K(21888K), 0.0018160 secs] [Times: user=0.01 sys=0.00, real=0.01 secs] 
79.508: Total time for which application threads were stopped: 0.0022050 seconds, Stopping threads took: 0.0003380 seconds
79.586: Application time: 0.0780050 seconds
79.608: [CMS-concurrent-abortable-preclean: 0.000/0.227 secs] [Times: user=1.44 sys=0.03, real=0.23 secs] 
79.626: [GC79.626: [ParNew: 5792K->5792K(6144K), 0.0000140 secs]79.626: [CMS (concurrent mode failure): 12444K->2660K(15744K), 0.0058500 secs] 18237K->2660K(21888K), [CMS Perm : 5110K->5110K(21248K)], 0.0059040 secs] [Times: user=0.01 sys=0.00, real=0.01 secs] 
79.632: Total time for which application threads were stopped: 0.0464830 seconds, Stopping threads took: 0.0404840 seconds
79.633: Application time: 0.0010590 seconds
79.673: [GC79.673: [ParNew: 5483K->602K(6144K), 0.0014790 secs] 8144K->7867K(21888K), 0.0015130 secs] [Times: user=0.01 sys=0.00, real=0.00 secs] 
79.675: Total time for which application threads were stopped: 0.0415970 seconds, Stopping threads took: 0.0400080 seconds
79.675: Application time: 0.0000640 seconds
79.675: [GC [1 CMS-initial-mark: 7265K(15744K)] 8852K(21888K), 0.0003650 secs] [Times: user=0.00 sys=0.00, real=0.00 secs] 
79.676: Total time for which application threads were stopped: 0.0006450 seconds, Stopping threads took: 0.0002330 seconds
79.676: [CMS-concurrent-mark-start]
79.679: [CMS-concurrent-mark: 0.004/0.004 secs] [Times: user=0.01 sys=0.00, real=0.00 secs] 
79.679: [CMS-concurrent-preclean-start]
79.679: [CMS-concurrent-preclean: 0.000/0.000 secs] [Times: user=0.01 sys=0.00, real=0.01 secs] 
79.679: [CMS-concurrent-abortable-preclean-start]
79.764: Application time: 0.0884600 seconds
79.808: [GC79.808: [ParNew: 5989K->498K(6144K), 0.0007140 secs] 13255K->8741K(21888K), 0.0007450 secs] [Times: user=0.00 sys=0.00, real=0.00 secs] 
79.809: Total time for which application threads were stopped: 0.0443220 seconds, Stopping threads took: 0.0435130 seconds
79.809: Application time: 0.0008750 seconds
79.875: [GC79.875: [ParNew: 5984K->600K(6144K), 0.0015350 secs] 14227K->11968K(21888K), 0.0015710 secs] [Times: user=0.01 sys=0.00, real=0.00 secs] 
79.877: Total time for which application threads were stopped: 0.0671390 seconds, Stopping threads took: 0.0655080 seconds
79.953: Application time: 0.0761580 seconds
79.959: [GC79.959: [ParNew: 5890K->5890K(6144K), 0.0000140 secs]79.959: [CMS79.959: [CMS-concurrent-abortable-preclean: 0.000/0.280 secs] [Times: user=1.63 sys=0.06, real=0.27 secs] 
 (concurrent mode failure): 11368K->1684K(15744K), 0.0056450 secs] 17259K->1684K(21888K), [CMS Perm : 5110K->5110K(21248K)], 0.0057030 secs] [Times: user=0.00 sys=0.00, real=0.01 secs] 
79.965: Total time for which application threads were stopped: 0.0121050 seconds, Stopping threads took: 0.0063140 seconds
79.966: Application time: 0.0009020 seconds
79.966: [GC79.966: [ParNew: 5436K->634K(6144K), 0.0014590 secs] 7120K->7134K(21888K), 0.0014870 secs] [Times: user=0.01 sys=0.00, real=0.01 secs] 
79.968: Total time for which application threads were stopped: 0.0019210 seconds, Stopping threads took: 0.0003590 seconds
79.968: Application time: 0.0000840 seconds
79.968: [GC [1 CMS-initial-mark: 6500K(15744K)] 7431K(21888K), 0.0001040 secs] [Times: user=0.00 sys=0.00, real=0.00 secs] 
79.968: Total time for which application threads were stopped: 0.0004160 seconds, Stopping threads took: 0.0002880 seconds
79.968: [CMS-concurrent-mark-start]
79.972: [CMS-concurrent-mark: 0.004/0.004 secs] [Times: user=0.03 sys=0.00, real=0.00 secs] 
79.972: [CMS-concurrent-preclean-start]
79.972: [CMS-concurrent-preclean: 0.000/0.000 secs] [Times: user=0.00 sys=0.00, real=0.00 secs] 
79.972: [CMS-concurrent-abortable-preclean-start]
80.064: Application time: 0.0962520 seconds
80.118: [GC80.118: [ParNew: 6050K->434K(6144K), 0.0003390 secs] 12550K->6938K(21888K), 0.0003730 secs] [Times: user=0.00 sys=0.00, real=0.00 secs] 
80.119: Total time for which application threads were stopped: 0.0543760 seconds, Stopping threads took: 0.0539480 seconds
80.119: Application time: 0.0007000 seconds
80.120: [GC80.120: [ParNew: 5588K->634K(6144K), 0.0015000 secs] 12092K->11975K(21888K), 0.0015340 secs] [Times: user=0.01 sys=0.00, real=0.00 secs] 
80.121: Total time for which application threads were stopped: 0.0017740 seconds, Stopping threads took: 0.0001870 seconds
80.198: Application time: 0.0771110 seconds
80.221: [CMS-concurrent-abortable-preclean: 0.001/0.249 secs] [Times: user=1.56 sys=0.05, real=0.25 secs] 
80.240: [GC80.240: [ParNew: 6119K->6119K(6144K), 0.0000130 secs]80.240: [CMS (concurrent mode failure): 11341K->2465K(15744K), 0.0057860 secs] 17461K->2465K(21888K), [CMS Perm : 5110K->5110K(21248K)], 0.0058450 secs] [Times: user=0.00 sys=0.00, real=0.00 secs] 
80.246: Total time for which application threads were stopped: 0.0479250 seconds, Stopping threads took: 0.0420050 seconds
80.247: Application time: 0.0008670 seconds
80.287: [GC80.287: [ParNew: 5290K->600K(6144K), 0.0017380 secs] 7756K->7668K(21888K), 0.0017690 secs] [Times: user=0.01 sys=0.01, real=0.01 secs] 
80.289: Total time for which application threads were stopped: 0.0419300 seconds, Stopping threads took: 0.0400850 seconds
80.289: Application time: 0.0000450 seconds
80.290: [GC [1 CMS-initial-mark: 7068K(15744K)] 8060K(21888K), 0.0001090 secs] [Times: user=0.00 sys=0.00, real=0.00 secs] 
80.290: Total time for which application threads were stopped: 0.0005200 seconds, Stopping threads took: 0.0003640 seconds
80.290: [CMS-concurrent-mark-start]
80.292: [CMS-concurrent-mark: 0.003/0.003 secs] [Times: user=0.01 sys=0.00, real=0.00 secs] 
80.292: [CMS-concurrent-preclean-start]
80.292: [CMS-concurrent-preclean: 0.000/0.000 secs] [Times: user=0.00 sys=0.00, real=0.00 secs] 
80.292: Application time: 0.0027840 seconds
80.363: [GC[YG occupancy: 2370 K (6144 K)]80.363: [Rescan (parallel) , 0.0001480 secs]80.363: [weak refs processing, 0.0000060 secs]80.363: [scrub string table, 0.0001050 secs] [1 CMS-remark: 7068K(15744K)] 9438K(21888K), 0.0002970 secs] [Times: user=0.01 sys=0.00, real=0.00 secs] 
80.363: Total time for which application threads were stopped: 0.0705580 seconds, Stopping threads took: 0.0702110 seconds
80.363: [CMS-concurrent-sweep-start]
80.364: Application time: 0.0008050 seconds
80.440: [GC80.440: [ParNew: 6085K->602K(6144K), 0.0010240 secs] 13153K->10409K(21888K), 0.0010550 secs] [Times: user=0.01 sys=0.00, real=0.00 secs] 
80.441: Total time for which application threads were stopped: 0.0769840 seconds, Stopping threads took: 0.0758750 seconds
80.441: [CMS-concurrent-sweep: 0.001/0.078 secs] [Times: user=0.26 sys=0.02, real=0.08 secs] 
80.441: [CMS-concurrent-reset-start]
80.442: [CMS-concurrent-reset: 0.000/0.000 secs] [Times: user=0.00 sys=0.00, real=0.00 secs] 
80.514: Application time: 0.0732380 seconds
80.526: [GC80.526: [ParNew: 6087K->209K(6144K), 0.0005580 secs] 14917K->9039K(21888K), 0.0005920 secs] [Times: user=0.01 sys=0.00, real=0.00 secs] 
80.527: Total time for which application threads were stopped: 0.0128850 seconds, Stopping threads took: 0.0122150 seconds
80.527: Application time: 0.0001480 seconds
80.527: [GC [1 CMS-initial-mark: 8830K(15744K)] 10812K(21888K), 0.0001050 secs] [Times: user=0.00 sys=0.00, real=0.01 secs] 
80.527: Total time for which application threads were stopped: 0.0004130 seconds, Stopping threads took: 0.0002860 seconds
80.528: [CMS-concurrent-mark-start]
80.528: Application time: 0.0006230 seconds
80.568: [GC80.568: [ParNew: 5676K->630K(6144K), 0.0013560 secs] 14506K->13366K(21888K), 0.0013910 secs] [Times: user=0.01 sys=0.00, real=0.00 secs] 
80.569: Total time for which application threads were stopped: 0.0412700 seconds, Stopping threads took: 0.0398110 seconds
80.584: [CMS-concurrent-mark: 0.015/0.056 secs] [Times: user=0.18 sys=0.02, real=0.05 secs] 
80.584: [CMS-concurrent-preclean-start]
80.584: [CMS-concurrent-preclean: 0.000/0.000 secs] [Times: user=0.00 sys=0.00, real=0.00 secs] 
80.584: [CMS-concurrent-abortable-preclean-start]
80.584: [CMS-concurrent-abortable-preclean: 0.000/0.000 secs] [Times: user=0.00 sys=0.00, real=0.00 secs] 
80.584: Application time: 0.0145390 seconds
80.647: [GC[YG occupancy: 4455 K (6144 K)]80.647: [Rescan (parallel) , 0.0001780 secs]80.647: [weak refs processing, 0.0000070 secs]80.647: [scrub string table, 0.0001190 secs] [1 CMS-remark: 12736K(15744K)] 17191K(21888K), 0.0003410 secs] [Times: user=0.00 sys=0.00, real=0.01 secs] 
80.648: Total time for which application threads were stopped: 0.0636010 seconds, Stopping threads took: 0.0632020 seconds
80.648: [CMS-concurrent-sweep-start]
80.648: Application time: 0.0004450 seconds
80.688: [GC80.688: [ParNew: 6123K->6123K(6144K), 0.0000090 secs]80.688: [CMS80.688: [CMS-concurrent-sweep: 0.001/0.040 secs] [Times: user=0.07 sys=0.02, real=0.04 secs] 
 (concurrent mode failure): 12736K->2644K(15744K), 0.0056350 secs] 18860K->2644K(21888K), [CMS Perm : 5110K->5110K(21248K)], 0.0056780 secs] [Times: user=0.00 sys=0.00, real=0.00 secs] 
80.693: Total time for which application threads were stopped: 0.0454960 seconds, Stopping threads took: 0.0397680 seconds
80.694: Application time: 0.0008800 seconds
80.695: [GC80.695: [ParNew: 5455K->628K(6144K), 0.0016870 secs] 8100K->8074K(21888K), 0.0017180 secs] [Times: user=0.01 sys=0.00, real=0.00 secs] 
80.696: Total time for which application threads were stopped: 0.0019590 seconds, Stopping threads took: 0.0001880 seconds
80.696: Application time: 0.0000590 seconds
80.697: [GC [1 CMS-initial-mark: 7446K(15744K)] 8666K(21888K), 0.0000810 secs] [Times: user=0.00 sys=0.00, real=0.00 secs] 
80.697: Total time for which application threads were stopped: 0.0003860 seconds, Stopping threads took: 0.0002590 seconds
80.697: [CMS-concurrent-mark-start]
80.704: [CMS-concurrent-mark: 0.007/0.007 secs] [Times: user=0.06 sys=0.00, real=0.01 secs] 
80.704: [CMS-concurrent-preclean-start]
80.704: [CMS-concurrent-preclean: 0.000/0.000 secs] [Times: user=0.00 sys=0.00, real=0.00 secs] 
80.704: Application time: 0.0073960 seconds
80.774: [GC[YG occupancy: 1814 K (6144 K)]80.774: [Rescan (parallel) , 0.0001330 secs]80.775: [weak refs processing, 0.0000070 secs]80.775: [scrub string table, 0.0001010 secs] [1 CMS-remark: 7446K(15744K)] 9260K(21888K), 0.0002730 secs] [Times: user=0.00 sys=0.00, real=0.00 secs] 
80.775: Total time for which application threads were stopped: 0.0704850 seconds, Stopping threads took: 0.0701600 seconds
80.775: [CMS-concurrent-sweep-start]
80.775: Application time: 0.0006070 seconds
80.776: [GC80.776: [ParNew: 5972K->604K(6144K), 0.0010470 secs] 13418K->11595K(21888K), 0.0010760 secs] [Times: user=0.01 sys=0.00, real=0.00 secs] 
80.777: Total time for which application threads were stopped: 0.0014100 seconds, Stopping threads took: 0.0002880 seconds
80.777: [CMS-concurrent-sweep: 0.001/0.003 secs] [Times: user=0.01 sys=0.00, real=0.00 secs] 
80.777: [CMS-concurrent-reset-start]
80.778: [CMS-concurrent-reset: 0.000/0.000 secs] [Times: user=0.00 sys=0.00, real=0.00 secs] 
80.855: Application time: 0.0780620 seconds
80.896: [GC80.896: [ParNew: 6016K->6016K(6144K), 0.0000140 secs]80.896: [CMS: 10978K->1489K(15744K), 0.0055840 secs] 16994K->1489K(21888K), [CMS Perm : 5110K->5110K(21248K)], 0.0056470 secs] [Times: user=0.01 sys=0.00, real=0.01 secs] 
80.902: Total time for which application threads were stopped: 0.0468010 seconds, Stopping threads took: 0.0410920 seconds
80.903: Application time: 0.0010700 seconds
80.903: [GC80.903: [ParNew: 5368K->630K(6144K), 0.0014810 secs] 6858K->6821K(21888K), 0.0015070 secs] [Times: user=0.01 sys=0.00, real=0.00 secs] 
80.904: Total time for which application threads were stopped: 0.0017930 seconds, Stopping threads took: 0.0002380 seconds
80.904: Application time: 0.0000490 seconds
80.905: [GC [1 CMS-initial-mark: 6191K(15744K)] 7609K(21888K), 0.0001080 secs] [Times: user=0.00 sys=0.00, real=0.00 secs] 
80.905: Total time for which application threads were stopped: 0.0002730 seconds, Stopping threads took: 0.0001410 seconds
80.905: [CMS-concurrent-mark-start]
80.908: [CMS-concurrent-mark: 0.003/0.003 secs] [Times: user=0.02 sys=0.00, real=0.01 secs] 
80.908: [CMS-concurrent-preclean-start]
80.908: [CMS-concurrent-preclean: 0.000/0.000 secs] [Times: user=0.00 sys=0.00, real=0.00 secs] 
80.908: [CMS-concurrent-abortable-preclean-start]
81.003: Application time: 0.0979230 seconds
81.054: [GC81.054: [ParNew: 6115K->207K(6144K), 0.0003090 secs] 12307K->6430K(21888K), 0.0003410 secs] [Times: user=0.00 sys=0.00, real=0.00 secs] 
81.054: Total time for which application threads were stopped: 0.0515250 seconds, Stopping threads took: 0.0511080 seconds
81.055: Application time: 0.0005180 seconds
81.055: [GC81.055: [ParNew: 5497K->602K(6144K), 0.0014930 secs] 11721K->11708K(21888K), 0.0015260 secs] [Times: user=0.01 sys=0.01, real=0.00 secs] 
81.057: Total time for which application threads were stopped: 0.0020110 seconds, Stopping threads took: 0.0004090 seconds
81.134: Application time: 0.0776290 seconds
81.136: [GC81.136: [ParNew: 6087K->6087K(6144K), 0.0000160 secs]81.136: [CMS81.136: [CMS-concurrent-abortable-preclean: 0.000/0.228 secs] [Times: user=1.53 sys=0.03, real=0.22 secs] 
 (concurrent mode failure): 11106K->3637K(15744K), 0.0058210 secs] 17193K->3637K(21888K), [CMS Perm : 5110K->5110K(21248K)], 0.0058960 secs] [Times: user=0.00 sys=0.00, real=0.01 secs] 
81.142: Total time for which application threads were stopped: 0.0073820 seconds, Stopping threads took: 0.0014090 seconds
81.143: Application time: 0.0012660 seconds
81.219: [GC81.219: [ParNew: 5388K->498K(6144K), 0.0011210 secs] 9025K->7074K(21888K), 0.0011590 secs] [Times: user=0.00 sys=0.01, real=0.01 secs] 
81.220: Total time for which application threads were stopped: 0.0770330 seconds, Stopping threads took: 0.0757930 seconds
81.220: Application time: 0.0001610 seconds
81.260: [GC [1 CMS-initial-mark: 6575K(15744K)] 8161K(21888K), 0.0000920 secs] [Times: user=0.00 sys=0.00, real=0.00 secs] 
81.260: Total time for which application threads were stopped: 0.0400070 seconds, Stopping threads took: 0.0398820 seconds
81.260: [CMS-concurrent-mark-start]
81.263: [CMS-concurrent-mark: 0.003/0.003 secs] [Times: user=0.00 sys=0.00, real=0.00 secs] 
81.263: [CMS-concurrent-preclean-start]
81.263: [CMS-concurrent-preclean: 0.000/0.000 secs] [Times: user=0.00 sys=0.00, real=0.00 secs] 
81.263: [CMS-concurrent-abortable-preclean-start]
81.263: Application time: 0.0032620 seconds
81.337: [GC81.337: [ParNew: 5984K->500K(6144K), 0.0011330 secs] 12559K->9032K(21888K), 0.0011660 secs] [Times: user=0.00 sys=0.00, real=0.00 secs] 
81.338: Total time for which application threads were stopped: 0.0747700 seconds, Stopping threads took: 0.0735290 seconds
81.339: Application time: 0.0009690 seconds
81.397: [GC81.397: [ParNew: 5966K->532K(6144K), 0.0016230 secs] 14498K->13170K(21888K), 0.0016610 secs] [Times: user=0.01 sys=0.00, real=0.00 secs] 
81.398: Total time for which application threads were stopped: 0.0592640 seconds, Stopping threads took: 0.0575230 seconds
81.476: Application time: 0.0772730 seconds
81.499: [CMS-concurrent-abortable-preclean: 0.000/0.236 secs] [Times: user=1.24 sys=0.08, real=0.23 secs] 
81.518: [GC81.518: [ParNew: 6018K->6018K(6144K), 0.0000120 secs]81.518: [CMS (concurrent mode failure): 12638K->1684K(15744K), 0.0057030 secs] 18656K->1684K(21888K), [CMS Perm : 5110K->5110K(21248K)], 0.0057560 secs] [Times: user=0.01 sys=0.00, real=0.01 secs] 
81.524: Total time for which application threads were stopped: 0.0480250 seconds, Stopping threads took: 0.0421890 seconds
81.525: Application time: 0.0009120 seconds
81.525: [GC81.525: [ParNew: 5483K->600K(6144K), 0.0017020 secs] 7168K->7184K(21888K), 0.0017400 secs] [Times: user=0.01 sys=0.00, real=0.00 secs] 
81.527: Total time for which application threads were stopped: 0.0021810 seconds, Stopping threads took: 0.0003690 seconds
81.527: Application time: 0.0000610 seconds
81.527: [GC [1 CMS-initial-mark: 6584K(15744K)] 8167K(21888K), 0.0000760 secs] [Times: user=0.00 sys=0.00, real=0.00 secs] 
81.527: Total time for which application threads were stopped: 0.0003840 seconds, Stopping threads took: 0.0002750 seconds
81.527: [CMS-concurrent-mark-start]
81.531: [CMS-concurrent-mark: 0.003/0.003 secs] [Times: user=0.00 sys=0.00, real=0.01 secs] 
81.531: [CMS-concurrent-preclean-start]
81.531: [CMS-concurrent-preclean: 0.000/0.000 secs] [Times: user=0.00 sys=0.00, real=0.00 secs] 
81.531: [CMS-concurrent-abortable-preclean-start]
81.611: Application time: 0.0841230 seconds
81.656: [GC81.656: [ParNew: 5890K->402K(6144K), 0.0005370 secs] 12474K->6988K(21888K), 0.0005700 secs] [Times: user=0.01 sys=0.00, real=0.00 secs] 
81.657: Total time for which application threads were stopped: 0.0451560 seconds, Stopping threads took: 0.0445110 seconds
81.657: Application time: 0.0005940 seconds
81.658: [GC81.658: [ParNew: 5886K->600K(6144K), 0.0017160 secs] 12471K->12459K(21888K), 0.0017500 secs] [Times: user=0.01 sys=0.00, real=0.00 secs] 
81.659: Total time for which application threads were stopped: 0.0021970 seconds, Stopping threads took: 0.0003930 seconds
81.737: Application time: 0.0772680 seconds
81.739: [GC81.739: [ParNew: 5968K->5968K(6144K), 0.0000140 secs]81.739: [CMS81.739: [CMS-concurrent-abortable-preclean: 0.000/0.208 secs] [Times: user=1.45 sys=0.03, real=0.20 secs] 
 (concurrent mode failure): 11859K->3833K(15744K), 0.0053170 secs] 17827K->3833K(21888K), [CMS Perm : 5110K->5110K(21248K)], 0.0053820 secs] [Times: user=0.00 sys=0.00, real=0.01 secs] 
81.744: Total time for which application threads were stopped: 0.0077060 seconds, Stopping threads took: 0.0022540 seconds
81.746: Application time: 0.0013680 seconds
81.817: [GC81.817: [ParNew: 5466K->630K(6144K), 0.0013980 secs] 9299K->7497K(21888K), 0.0014330 secs] [Times: user=0.00 sys=0.00, real=0.00 secs] 
81.819: Total time for which application threads were stopped: 0.0728600 seconds, Stopping threads took: 0.0713590 seconds
81.831: Application time: 0.0128470 seconds
81.912: [GC [1 CMS-initial-mark: 6866K(15744K)] 12494K(21888K), 0.0001390 secs] [Times: user=0.00 sys=0.00, real=0.00 secs] 
81.912: Total time for which application threads were stopped: 0.0807020 seconds, Stopping threads took: 0.0805010 seconds
81.912: [CMS-concurrent-mark-start]
81.912: Application time: 0.0001610 seconds
81.912: [GC81.912: [ParNew: 6018K->402K(6144K), 0.0005670 secs] 12885K->7306K(21888K), 0.0005870 secs] [Times: user=0.00 sys=0.00, real=0.00 secs] 
81.913: Total time for which application threads were stopped: 0.0007370 seconds, Stopping threads took: 0.0001170 seconds
81.914: Application time: 0.0006410 seconds
81.915: [GC81.915: [ParNew: 5885K->590K(6144K), 0.0016670 secs] 12789K->12771K(21888K), 0.0016960 secs] [Times: user=0.01 sys=0.00, real=0.00 secs] 
81.916: Total time for which application threads were stopped: 0.0025490 seconds, Stopping threads took: 0.0007980 seconds
81.919: [CMS-concurrent-mark: 0.004/0.007 secs] [Times: user=0.02 sys=0.00, real=0.00 secs] 
81.919: [CMS-concurrent-preclean-start]
81.920: [CMS-concurrent-preclean: 0.000/0.000 secs] [Times: user=0.00 sys=0.00, real=0.00 secs] 
81.920: [CMS-concurrent-abortable-preclean-start]
81.994: Application time: 0.0778810 seconds
81.998: [GC81.998: [ParNew: 5977K->5977K(6144K), 0.0000140 secs]81.998: [CMS81.998: [CMS-concurrent-abortable-preclean: 0.000/0.079 secs] [Times: user=0.60 sys=0.00, real=0.07 secs] 
 (concurrent mode failure): 12181K->3931K(15744K), 0.0069190 secs] 18158K->3931K(21888K), [CMS Perm : 5110K->5110K(21248K)], 0.0069850 secs] [Times: user=0.01 sys=0.00, real=0.01 secs] 
82.005: Total time for which application threads were stopped: 0.0111200 seconds, Stopping threads took: 0.0040470 seconds
82.007: Application time: 0.0014520 seconds
82.078: [GC82.078: [ParNew: 5466K->626K(6144K), 0.0011950 secs] 9397K->7690K(21888K), 0.0012400 secs] [Times: user=0.01 sys=0.00, real=0.00 secs] 
82.079: Total time for which application threads were stopped: 0.0723070 seconds, Stopping threads took: 0.0709880 seconds
82.079: Application time: 0.0000590 seconds
82.119: [GC [1 CMS-initial-mark: 7064K(15744K)] 7989K(21888K), 0.0001120 secs] [Times: user=0.00 sys=0.00, real=0.00 secs] 
82.119: Total time for which application threads were stopped: 0.0399940 seconds, Stopping threads took: 0.0398350 seconds
82.119: [CMS-concurrent-mark-start]
82.122: [CMS-concurrent-mark: 0.003/0.003 secs] [Times: user=0.02 sys=0.00, real=0.01 secs] 
82.122: [CMS-concurrent-preclean-start]
82.123: [CMS-concurrent-preclean: 0.000/0.000 secs] [Times: user=0.00 sys=0.00, real=0.00 secs] 
82.123: [CMS-concurrent-abortable-preclean-start]
82.124: Application time: 0.0046970 seconds
82.199: [GC82.199: [ParNew: 5916K->404K(6144K), 0.0005950 secs] 12981K->7506K(21888K), 0.0006310 secs] [Times: user=0.00 sys=0.00, real=0.01 secs] 
82.200: Total time for which application threads were stopped: 0.0760390 seconds, Stopping threads took: 0.0753390 seconds
82.200: Application time: 0.0005440 seconds
82.201: [GC82.201: [ParNew: 5890K->600K(6144K), 0.0017440 secs] 12992K->12976K(21888K), 0.0017770 secs] [Times: user=0.01 sys=0.00, real=0.00 secs] 
82.203: Total time for which application threads were stopped: 0.0022750 seconds, Stopping threads took: 0.0004230 seconds
82.280: Application time: 0.0774160 seconds
82.282: [GC82.282: [ParNew: 6065K->6065K(6144K), 0.0000130 secs]82.282: [CMS82.282: [CMS-concurrent-abortable-preclean: 0.000/0.159 secs] [Times: user=1.20 sys=0.04, real=0.16 secs] 
 (concurrent mode failure): 12376K->3931K(15744K), 0.0062110 secs] 18442K->3931K(21888K), [CMS Perm : 5110K->5110K(21248K)], 0.0062770 secs] [Times: user=0.01 sys=0.00, real=0.01 secs] 
82.288: Total time for which application threads were stopped: 0.0081660 seconds, Stopping threads took: 0.0017970 seconds
82.289: Application time: 0.0012590 seconds
82.345: [GC82.345: [ParNew: 5483K->598K(6144K), 0.0013380 secs] 9414K->8053K(21888K), 0.0013730 secs] [Times: user=0.01 sys=0.00, real=0.00 secs] 
82.346: Total time for which application threads were stopped: 0.0564650 seconds, Stopping threads took: 0.0550160 seconds
82.346: Application time: 0.0000490 seconds
82.398: [GC [1 CMS-initial-mark: 7455K(15744K)] 8157K(21888K), 0.0001080 secs] [Times: user=0.00 sys=0.00, real=0.00 secs] 
82.398: Total time for which application threads were stopped: 0.0522180 seconds, Stopping threads took: 0.0520620 seconds
82.398: [CMS-concurrent-mark-start]
82.402: [CMS-concurrent-mark: 0.004/0.004 secs] [Times: user=0.01 sys=0.00, real=0.01 secs] 
82.402: [CMS-concurrent-preclean-start]
82.402: [CMS-concurrent-preclean: 0.000/0.000 secs] [Times: user=0.00 sys=0.00, real=0.00 secs] 
82.402: [CMS-concurrent-abortable-preclean-start]
82.402: Application time: 0.0042590 seconds
82.476: [GC82.476: [ParNew: 6083K->598K(6144K), 0.0007120 secs] 13538K->9227K(21888K), 0.0007450 secs] [Times: user=0.00 sys=0.00, real=0.00 secs] 
82.476: Total time for which application threads were stopped: 0.0739130 seconds, Stopping threads took: 0.0730990 seconds
82.477: Application time: 0.0008640 seconds
82.545: [GC82.545: [ParNew: 6081K->500K(6144K), 0.0012930 secs] 14711K->12650K(21888K), 0.0013270 secs] [Times: user=0.01 sys=0.00, real=0.00 secs] 
82.546: Total time for which application threads were stopped: 0.0689750 seconds, Stopping threads took: 0.0675700 seconds
82.624: Application time: 0.0781950 seconds
82.626: [GC82.627: [ParNew: 5888K->5888K(6144K), 0.0000140 secs]82.627: [CMS82.627: [CMS-concurrent-abortable-preclean: 0.000/0.225 secs] [Times: user=1.27 sys=0.08, real=0.22 secs] 
 (concurrent mode failure): 12150K->2075K(15744K), 0.0065380 secs] 18038K->2075K(21888K), [CMS Perm : 5110K->5110K(21248K)], 0.0066000 secs] [Times: user=0.01 sys=0.00, real=0.01 secs] 
82.633: Total time for which application threads were stopped: 0.0086920 seconds, Stopping threads took: 0.0020140 seconds
82.634: Application time: 0.0011710 seconds
82.674: [GC82.674: [ParNew: 5466K->626K(6144K), 0.0016970 secs] 7541K->7208K(21888K), 0.0017280 secs] [Times: user=0.01 sys=0.00, real=0.00 secs] 
82.676: Total time for which application threads were stopped: 0.0417410 seconds, Stopping threads took: 0.0399400 seconds
82.676: Application time: 0.0000760 seconds
82.676: [GC [1 CMS-initial-mark: 6582K(15744K)] 8386K(21888K), 0.0001080 secs] [Times: user=0.00 sys=0.00, real=0.00 secs] 
82.676: Total time for which application threads were stopped: 0.0003720 seconds, Stopping threads took: 0.0002170 seconds
82.677: [CMS-concurrent-mark-start]
82.680: [CMS-concurrent-mark: 0.004/0.004 secs] [Times: user=0.03 sys=0.00, real=0.01 secs] 
82.680: [CMS-concurrent-preclean-start]
82.680: [CMS-concurrent-preclean: 0.000/0.000 secs] [Times: user=0.00 sys=0.00, real=0.00 secs] 
82.680: [CMS-concurrent-abortable-preclean-start]
82.763: Application time: 0.0865140 seconds
82.805: [GC82.805: [ParNew: 6013K->400K(6144K), 0.0007160 secs] 12596K->7405K(21888K), 0.0007470 secs] [Times: user=0.00 sys=0.00, real=0.00 secs] 
82.806: Total time for which application threads were stopped: 0.0429160 seconds, Stopping threads took: 0.0421070 seconds
82.807: Application time: 0.0008600 seconds
82.864: [GC82.864: [ParNew: 5865K->532K(6144K), 0.0013970 secs] 12870K->11053K(21888K), 0.0014300 secs] [Times: user=0.01 sys=0.00, real=0.00 secs] 
82.865: Total time for which application threads were stopped: 0.0582580 seconds, Stopping threads took: 0.0567530 seconds
82.942: Application time: 0.0774240 seconds
82.955: [GC82.955: [ParNew: 5920K->5920K(6144K), 0.0000150 secs]82.955: [CMS82.955: [CMS-concurrent-abortable-preclean: 0.000/0.275 secs] [Times: user=1.52 sys=0.06, real=0.27 secs] 
 (concurrent mode failure): 10521K->2075K(15744K), 0.0062790 secs] 16441K->2075K(21888K), [CMS Perm : 5110K->5110K(21248K)], 0.0063460 secs] [Times: user=0.01 sys=0.00, real=0.01 secs] 
82.961: Total time for which application threads were stopped: 0.0185880 seconds, Stopping threads took: 0.0121560 seconds
82.962: Application time: 0.0011490 seconds
83.006: [GC83.006: [ParNew: 5466K->630K(6144K), 0.0014740 secs] 7542K->7212K(21888K), 0.0015040 secs] [Times: user=0.01 sys=0.00, real=0.01 secs] 
83.008: Total time for which application threads were stopped: 0.0454870 seconds, Stopping threads took: 0.0439040 seconds
83.008: Application time: 0.0000860 seconds
83.008: [GC [1 CMS-initial-mark: 6582K(15744K)] 8394K(21888K), 0.0000980 secs] [Times: user=0.00 sys=0.00, real=0.00 secs] 
83.008: Total time for which application threads were stopped: 0.0003420 seconds, Stopping threads took: 0.0002090 seconds
83.008: [CMS-concurrent-mark-start]
83.012: [CMS-concurrent-mark: 0.003/0.003 secs] [Times: user=0.03 sys=0.00, real=0.00 secs] 
83.012: [CMS-concurrent-preclean-start]
83.012: [CMS-concurrent-preclean: 0.000/0.000 secs] [Times: user=0.00 sys=0.00, real=0.00 secs] 
83.012: Application time: 0.0035710 seconds
83.085: [GC[YG occupancy: 2990 K (6144 K)]83.085: [Rescan (parallel) , 0.0001890 secs]83.085: [weak refs processing, 0.0000070 secs]83.085: [scrub string table, 0.0000980 secs] [1 CMS-remark: 6582K(15744K)] 9573K(21888K), 0.0003290 secs] [Times: user=0.00 sys=0.00, real=0.00 secs] 
83.085: Total time for which application threads were stopped: 0.0734170 seconds, Stopping threads took: 0.0730540 seconds
83.085: [CMS-concurrent-sweep-start]
83.086: Application time: 0.0005480 seconds
83.086: [GC83.086: [ParNew: 6115K->600K(6144K), 0.0010190 secs] 12698K->10534K(21888K), 0.0010420 secs] [Times: user=0.00 sys=0.00, real=0.00 secs] 
83.087: Total time for which application threads were stopped: 0.0011300 seconds, Stopping threads took: 0.0000440 seconds
83.087: [CMS-concurrent-sweep: 0.001/0.002 secs] [Times: user=0.01 sys=0.00, real=0.00 secs] 
83.087: [CMS-concurrent-reset-start]
83.088: [CMS-concurrent-reset: 0.000/0.000 secs] [Times: user=0.01 sys=0.00, real=0.01 secs] 
83.165: Application time: 0.0786140 seconds
83.169: [GC83.169: [ParNew: 6085K->596K(6144K), 0.0004880 secs] 15208K->10110K(21888K), 0.0005250 secs] [Times: user=0.00 sys=0.00, real=0.00 secs] 
83.169: Total time for which application threads were stopped: 0.0039880 seconds, Stopping threads took: 0.0034010 seconds
83.170: Application time: 0.0007880 seconds
83.225: [GC83.225: [ParNew: 6079K->600K(6144K), 0.0011920 secs] 15594K->13826K(21888K), 0.0012210 secs] [Times: user=0.01 sys=0.00, real=0.00 secs] 
83.226: Total time for which application threads were stopped: 0.0556380 seconds, Stopping threads took: 0.0543670 seconds
83.226: Application time: 0.0001480 seconds
83.226: [GC [1 CMS-initial-mark: 13226K(15744K)] 15696K(21888K), 0.0001060 secs] [Times: user=0.01 sys=0.00, real=0.00 secs] 
83.226: Total time for which application threads were stopped: 0.0003770 seconds, Stopping threads took: 0.0002490 seconds
83.226: [CMS-concurrent-mark-start]
83.230: [CMS-concurrent-mark: 0.003/0.003 secs] [Times: user=0.01 sys=0.00, real=0.01 secs] 
83.230: [CMS-concurrent-preclean-start]
83.230: [CMS-concurrent-preclean: 0.000/0.000 secs] [Times: user=0.00 sys=0.00, real=0.00 secs] 
83.230: [CMS-concurrent-abortable-preclean-start]
83.230: [CMS-concurrent-abortable-preclean: 0.000/0.000 secs] [Times: user=0.00 sys=0.00, real=0.00 secs] 
83.230: Application time: 0.0035600 seconds
83.305: [GC[YG occupancy: 4913 K (6144 K)]83.305: [Rescan (parallel) , 0.0004140 secs]83.305: [weak refs processing, 0.0000070 secs]83.305: [scrub string table, 0.0001050 secs] [1 CMS-remark: 13226K(15744K)] 18140K(21888K), 0.0005660 secs] [Times: user=0.00 sys=0.00, real=0.00 secs] 
83.305: Total time for which application threads were stopped: 0.0753090 seconds, Stopping threads took: 0.0747070 seconds
83.305: [CMS-concurrent-sweep-start]
83.306: Application time: 0.0004010 seconds
83.345: [GC83.345: [ParNew: 6085K->6085K(6144K), 0.0000110 secs]83.346: [CMS83.346: [CMS-concurrent-sweep: 0.001/0.040 secs] [Times: user=0.06 sys=0.03, real=0.04 secs] 
 (concurrent mode failure): 13226K->2466K(15744K), 0.0056870 secs] 19311K->2466K(21888K), [CMS Perm : 5110K->5110K(21248K)], 0.0057410 secs] [Times: user=0.00 sys=0.00, real=0.01 secs] 
83.351: Total time for which application threads were stopped: 0.0456100 seconds, Stopping threads took: 0.0397900 seconds
83.352: Application time: 0.0010400 seconds
83.353: [GC83.353: [ParNew: 5466K->530K(6144K), 0.0015670 secs] 7932K->7896K(21888K), 0.0015970 secs] [Times: user=0.01 sys=0.00, real=0.00 secs] 
83.354: Total time for which application threads were stopped: 0.0019230 seconds, Stopping threads took: 0.0002540 seconds
83.354: Application time: 0.0000710 seconds
83.394: [GC [1 CMS-initial-mark: 7365K(15744K)] 8687K(21888K), 0.0000930 secs] [Times: user=0.00 sys=0.00, real=0.00 secs] 
83.394: Total time for which application threads were stopped: 0.0399540 seconds, Stopping threads took: 0.0398360 seconds
83.394: [CMS-concurrent-mark-start]
83.401: [CMS-concurrent-mark: 0.007/0.007 secs] [Times: user=0.04 sys=0.00, real=0.01 secs] 
83.401: [CMS-concurrent-preclean-start]
83.402: [CMS-concurrent-preclean: 0.000/0.000 secs] [Times: user=0.00 sys=0.00, real=0.00 secs] 
83.402: [CMS-concurrent-abortable-preclean-start]
83.491: Application time: 0.0965780 seconds
83.541: [GC83.541: [ParNew: 5898K->40K(6144K), 0.0004490 secs] 13264K->7434K(21888K), 0.0004840 secs] [Times: user=0.00 sys=0.00, real=0.00 secs] 
83.541: Total time for which application threads were stopped: 0.0505180 seconds, Stopping threads took: 0.0499510 seconds
83.542: Application time: 0.0004570 seconds
83.542: [GC83.542: [ParNew: 5525K->630K(6144K), 0.0015750 secs] 12920K->12907K(21888K), 0.0016030 secs] [Times: user=0.01 sys=0.00, real=0.00 secs] 
83.544: Total time for which application threads were stopped: 0.0019490 seconds, Stopping threads took: 0.0002980 seconds
83.622: Application time: 0.0781910 seconds
83.644: [CMS-concurrent-abortable-preclean: 0.000/0.242 secs] [Times: user=1.52 sys=0.04, real=0.24 secs] 
83.663: [GC83.663: [ParNew: 6096K->6096K(6144K), 0.0000130 secs]83.663: [CMS (concurrent mode failure): 12277K->2466K(15744K), 0.0064940 secs] 18373K->2466K(21888K), [CMS Perm : 5110K->5110K(21248K)], 0.0065510 secs] [Times: user=0.01 sys=0.00, real=0.01 secs] 
83.669: Total time for which application threads were stopped: 0.0475300 seconds, Stopping threads took: 0.0409160 seconds
83.671: Application time: 0.0011080 seconds
83.712: [GC83.712: [ParNew: 5386K->600K(6144K), 0.0014460 secs] 7852K->7573K(21888K), 0.0014730 secs] [Times: user=0.01 sys=0.00, real=0.00 secs] 
83.713: Total time for which application threads were stopped: 0.0425350 seconds, Stopping threads took: 0.0409900 seconds
83.713: Application time: 0.0000680 seconds
83.713: [GC [1 CMS-initial-mark: 6973K(15744K)] 8558K(21888K), 0.0001100 secs] [Times: user=0.00 sys=0.00, real=0.00 secs] 
83.714: Total time for which application threads were stopped: 0.0003550 seconds, Stopping threads took: 0.0001970 seconds
83.714: [CMS-concurrent-mark-start]
83.717: [CMS-concurrent-mark: 0.004/0.004 secs] [Times: user=0.02 sys=0.00, real=0.00 secs] 
83.717: [CMS-concurrent-preclean-start]
83.717: [CMS-concurrent-preclean: 0.000/0.000 secs] [Times: user=0.00 sys=0.00, real=0.00 secs] 
83.717: [CMS-concurrent-abortable-preclean-start]
83.803: Application time: 0.0895910 seconds
83.851: [GC83.851: [ParNew: 6085K->211K(6144K), 0.0004680 secs] 13059K->7186K(21888K), 0.0005020 secs] [Times: user=0.00 sys=0.00, real=0.00 secs] 
83.851: Total time for which application threads were stopped: 0.0482500 seconds, Stopping threads took: 0.0476940 seconds
83.852: Application time: 0.0005930 seconds
83.852: [GC83.852: [ParNew: 5580K->630K(6144K), 0.0016050 secs] 12555K->12488K(21888K), 0.0016370 secs] [Times: user=0.01 sys=0.00, real=0.00 secs] 
83.854: Total time for which application threads were stopped: 0.0020860 seconds, Stopping threads took: 0.0003970 seconds
83.932: Application time: 0.0777890 seconds
83.954: [CMS-concurrent-abortable-preclean: 0.000/0.237 secs] [Times: user=1.52 sys=0.03, real=0.24 secs] 
83.973: [GC83.973: [ParNew: 6017K->6017K(6144K), 0.0000130 secs]83.973: [CMS (concurrent mode failure): 11857K->2466K(15744K), 0.0051850 secs] 17875K->2466K(21888K), [CMS Perm : 5110K->5110K(21248K)], 0.0052420 secs] [Times: user=0.01 sys=0.00, real=0.00 secs] 
83.978: Total time for which application threads were stopped: 0.0462140 seconds, Stopping threads took: 0.0408870 seconds
83.979: Application time: 0.0012170 seconds
84.031: [GC84.031: [ParNew: 5483K->598K(6144K), 0.0014500 secs] 7950K->6786K(21888K), 0.0014800 secs] [Times: user=0.00 sys=0.00, real=0.00 secs] 
84.032: Total time for which application threads were stopped: 0.0528930 seconds, Stopping threads took: 0.0513420 seconds
84.032: Application time: 0.0000440 seconds
84.032: [GC [1 CMS-initial-mark: 6188K(15744K)] 7181K(21888K), 0.0000950 secs] [Times: user=0.00 sys=0.00, real=0.00 secs] 
84.032: Total time for which application threads were stopped: 0.0002190 seconds, Stopping threads took: 0.0000800 seconds
84.033: [CMS-concurrent-mark-start]
84.036: [CMS-concurrent-mark: 0.004/0.004 secs] [Times: user=0.03 sys=0.00, real=0.00 secs] 
84.036: [CMS-concurrent-preclean-start]
84.036: [CMS-concurrent-preclean: 0.000/0.000 secs] [Times: user=0.00 sys=0.00, real=0.00 secs] 
84.036: [CMS-concurrent-abortable-preclean-start]
84.124: Application time: 0.0911550 seconds
84.164: [GC84.164: [ParNew: 5986K->209K(6144K), 0.0005730 secs] 12174K->6400K(21888K), 0.0006050 secs] [Times: user=0.01 sys=0.00, real=0.00 secs] 
84.165: Total time for which application threads were stopped: 0.0411960 seconds, Stopping threads took: 0.0405070 seconds
84.165: Application time: 0.0006380 seconds
84.166: [GC84.166: [ParNew: 5695K->602K(6144K), 0.0017520 secs] 11886K->11875K(21888K), 0.0017850 secs] [Times: user=0.01 sys=0.00, real=0.01 secs] 
84.168: Total time for which application threads were stopped: 0.0022050 seconds, Stopping threads took: 0.0003440 seconds
84.245: Application time: 0.0777100 seconds
84.251: [GC84.251: [ParNew: 6087K->6087K(6144K), 0.0000130 secs]84.251: [CMS84.251: [CMS-concurrent-abortable-preclean: 0.000/0.215 secs] [Times: user=1.44 sys=0.04, real=0.22 secs] 
 (concurrent mode failure): 11273K->3834K(15744K), 0.0060440 secs] 17361K->3834K(21888K), [CMS Perm : 5110K->5110K(21248K)], 0.0061200 secs] [Times: user=0.00 sys=0.00, real=0.00 secs] 
84.257: Total time for which application threads were stopped: 0.0117280 seconds, Stopping threads took: 0.0055210 seconds
84.258: Application time: 0.0012340 seconds
84.298: [GC84.298: [ParNew: 5485K->602K(6144K), 0.0017120 secs] 9319K->8645K(21888K), 0.0017490 secs] [Times: user=0.01 sys=0.00, real=0.01 secs] 
84.300: Total time for which application threads were stopped: 0.0418300 seconds, Stopping threads took: 0.0399990 seconds
84.300: Application time: 0.0000620 seconds
84.340: [GC [1 CMS-initial-mark: 8043K(15744K)] 9040K(21888K), 0.0001040 secs] [Times: user=0.00 sys=0.00, real=0.00 secs] 
84.340: Total time for which application threads were stopped: 0.0400770 seconds, Stopping threads took: 0.0399510 seconds
84.340: [CMS-concurrent-mark-start]
84.344: [CMS-concurrent-mark: 0.004/0.004 secs] [Times: user=0.03 sys=0.00, real=0.00 secs] 
84.344: [CMS-concurrent-preclean-start]
84.344: [CMS-concurrent-preclean: 0.000/0.000 secs] [Times: user=0.00 sys=0.00, real=0.00 secs] 
84.344: [CMS-concurrent-abortable-preclean-start]
84.344: Application time: 0.0038350 seconds
84.419: [GC84.419: [ParNew: 5892K->402K(6144K), 0.0004590 secs] 13936K->8449K(21888K), 0.0004940 secs] [Times: user=0.00 sys=0.00, real=0.01 secs] 
84.419: Total time for which application threads were stopped: 0.0753130 seconds, Stopping threads took: 0.0747520 seconds
84.420: Application time: 0.0005290 seconds
84.420: [GC84.420: [ParNew: 5869K->532K(6144K), 0.0016170 secs] 13915K->13857K(21888K), 0.0016460 secs] [Times: user=0.01 sys=0.00, real=0.00 secs] 
84.422: Total time for which application threads were stopped: 0.0020900 seconds, Stopping threads took: 0.0003800 seconds
84.500: Application time: 0.0775400 seconds
84.522: [CMS-concurrent-abortable-preclean: 0.000/0.178 secs] [Times: user=1.22 sys=0.06, real=0.18 secs] 
84.540: [GC84.540: [ParNew: 5998K->5998K(6144K), 0.0000130 secs]84.540: [CMS (concurrent mode failure): 13324K->1685K(15744K), 0.0057450 secs] 19323K->1685K(21888K), [CMS Perm : 5110K->5110K(21248K)], 0.0058040 secs] [Times: user=0.01 sys=0.00, real=0.00 secs] 
84.546: Total time for which application threads were stopped: 0.0465130 seconds, Stopping threads took: 0.0406350 seconds
84.547: Application time: 0.0007800 seconds
84.547: [GC84.547: [ParNew: 5483K->602K(6144K), 0.0016100 secs] 7169K->7187K(21888K), 0.0016420 secs] [Times: user=0.01 sys=0.00, real=0.01 secs] 
84.549: Total time for which application threads were stopped: 0.0020380 seconds, Stopping threads took: 0.0003170 seconds
84.549: Application time: 0.0000690 seconds
84.549: [GC [1 CMS-initial-mark: 6585K(15744K)] 7578K(21888K), 0.0000830 secs] [Times: user=0.00 sys=0.00, real=0.00 secs] 
84.550: Total time for which application threads were stopped: 0.0004670 seconds, Stopping threads took: 0.0003630 seconds
84.550: [CMS-concurrent-mark-start]
84.553: [CMS-concurrent-mark: 0.003/0.003 secs] [Times: user=0.01 sys=0.00, real=0.00 secs] 
84.553: [CMS-concurrent-preclean-start]
84.553: [CMS-concurrent-preclean: 0.000/0.000 secs] [Times: user=0.00 sys=0.00, real=0.00 secs] 
84.553: [CMS-concurrent-abortable-preclean-start]
84.643: Application time: 0.0930470 seconds
84.683: [GC84.683: [ParNew: 5892K->400K(6144K), 0.0007550 secs] 12477K->6987K(21888K), 0.0007900 secs] [Times: user=0.01 sys=0.00, real=0.00 secs] 
84.683: Total time for which application threads were stopped: 0.0409250 seconds, Stopping threads took: 0.0400490 seconds
84.684: Application time: 0.0005790 seconds
84.684: [GC84.684: [ParNew: 5867K->532K(6144K), 0.0015840 secs] 12453K->12393K(21888K), 0.0016200 secs] [Times: user=0.01 sys=0.01, real=0.00 secs] 
84.686: Total time for which application threads were stopped: 0.0019900 seconds, Stopping threads took: 0.0003150 seconds
84.764: Application time: 0.0779310 seconds
84.767: [GC84.767: [ParNew: 6017K->6017K(6144K), 0.0000130 secs]84.767: [CMS84.767: [CMS-concurrent-abortable-preclean: 0.000/0.214 secs] [Times: user=1.48 sys=0.04, real=0.21 secs] 
 (concurrent mode failure): 11860K->3931K(15744K), 0.0054910 secs] 17878K->3931K(21888K), [CMS Perm : 5110K->5110K(21248K)], 0.0055650 secs] [Times: user=0.01 sys=0.00, real=0.01 secs] 
84.773: Total time for which application threads were stopped: 0.0086980 seconds, Stopping threads took: 0.0030630 seconds
84.774: Application time: 0.0012810 seconds
84.843: [GC84.843: [ParNew: 5485K->600K(6144K), 0.0017330 secs] 9417K->8839K(21888K), 0.0017680 secs] [Times: user=0.01 sys=0.00, real=0.00 secs] 
84.845: Total time for which application threads were stopped: 0.0708810 seconds, Stopping threads took: 0.0690370 seconds
84.845: Application time: 0.0000450 seconds
84.897: [GC [1 CMS-initial-mark: 8239K(15744K)] 9038K(21888K), 0.0001030 secs] [Times: user=0.00 sys=0.00, real=0.00 secs] 
84.898: Total time for which application threads were stopped: 0.0527040 seconds, Stopping threads took: 0.0525560 seconds
84.898: [CMS-concurrent-mark-start]
84.901: [CMS-concurrent-mark: 0.004/0.004 secs] [Times: user=0.02 sys=0.00, real=0.01 secs] 
84.901: [CMS-concurrent-preclean-start]
84.902: [CMS-concurrent-preclean: 0.000/0.000 secs] [Times: user=0.00 sys=0.00, real=0.00 secs] 
84.902: [CMS-concurrent-abortable-preclean-start]
84.902: Application time: 0.0040390 seconds
84.977: [GC84.977: [ParNew: 5792K->402K(6144K), 0.0006050 secs] 14032K->8644K(21888K), 0.0006390 secs] [Times: user=0.01 sys=0.00, real=0.00 secs] 
84.977: Total time for which application threads were stopped: 0.0758280 seconds, Stopping threads took: 0.0751190 seconds
84.978: Application time: 0.0005390 seconds
84.978: [GC84.978: [ParNew: 5869K->628K(6144K), 0.0018250 secs] 14111K->14048K(21888K), 0.0018580 secs] [Times: user=0.01 sys=0.00, real=0.01 secs] 
84.980: Total time for which application threads were stopped: 0.0023220 seconds, Stopping threads took: 0.0003890 seconds
85.058: Application time: 0.0776830 seconds
85.081: [CMS-concurrent-abortable-preclean: 0.000/0.179 secs] [Times: user=1.22 sys=0.06, real=0.18 secs] 
85.099: [GC85.099: [ParNew: 6113K->6113K(6144K), 0.0000120 secs]85.099: [CMS (concurrent mode failure): 13420K->2857K(15744K), 0.0059210 secs] 19533K->2857K(21888K), [CMS Perm : 5110K->5110K(21248K)], 0.0059780 secs] [Times: user=0.01 sys=0.00, real=0.01 secs] 
85.105: Total time for which application threads were stopped: 0.0466490 seconds, Stopping threads took: 0.0406070 seconds
85.106: Application time: 0.0011290 seconds
85.154: [GC85.154: [ParNew: 5485K->600K(6144K), 0.0016270 secs] 8343K->7767K(21888K), 0.0016650 secs] [Times: user=0.01 sys=0.00, real=0.00 secs] 
85.155: Total time for which application threads were stopped: 0.0495150 seconds, Stopping threads took: 0.0477690 seconds
85.155: Application time: 0.0000790 seconds
85.156: [GC [1 CMS-initial-mark: 7167K(15744K)] 8654K(21888K), 0.0001040 secs] [Times: user=0.00 sys=0.00, real=0.00 secs] 
85.156: Total time for which application threads were stopped: 0.0004240 seconds, Stopping threads took: 0.0002760 seconds
85.156: [CMS-concurrent-mark-start]
85.159: [CMS-concurrent-mark: 0.003/0.003 secs] [Times: user=0.01 sys=0.00, real=0.00 secs] 
85.159: [CMS-concurrent-preclean-start]
85.159: [CMS-concurrent-preclean: 0.000/0.000 secs] [Times: user=0.00 sys=0.00, real=0.00 secs] 
85.159: [CMS-concurrent-abortable-preclean-start]
85.242: Application time: 0.0857660 seconds
85.281: [GC85.281: [ParNew: 6066K->628K(6144K), 0.0006790 secs] 13233K->7798K(21888K), 0.0015670 secs] [Times: user=0.00 sys=0.00, real=0.00 secs] 
85.282: Total time for which application threads were stopped: 0.0408670 seconds, Stopping threads took: 0.0391990 seconds
85.283: Application time: 0.0006940 seconds
85.283: [GC85.283: [ParNew: 6075K->634K(6144K), 0.0016520 secs] 13245K->13133K(21888K), 0.0016890 secs] [Times: user=0.01 sys=0.00, real=0.00 secs] 
85.285: Total time for which application threads were stopped: 0.0019360 seconds, Stopping threads took: 0.0001910 seconds
85.364: Application time: 0.0784320 seconds
85.385: [CMS-concurrent-abortable-preclean: 0.000/0.226 secs] [Times: user=1.43 sys=0.04, real=0.23 secs] 
85.405: [GC85.405: [ParNew: 6119K->6119K(6144K), 0.0000130 secs]85.405: [CMS (concurrent mode failure): 12499K->2955K(15744K), 0.0067020 secs] 18619K->2955K(21888K), [CMS Perm : 5110K->5110K(21248K)], 0.0067570 secs] [Times: user=0.00 sys=0.00, real=0.01 secs] 
85.411: Total time for which application threads were stopped: 0.0477770 seconds, Stopping threads took: 0.0409360 seconds
85.413: Application time: 0.0012160 seconds
85.467: [GC85.467: [ParNew: 5485K->502K(6144K), 0.0015890 secs] 8441K->7572K(21888K), 0.0016220 secs] [Times: user=0.01 sys=0.00, real=0.01 secs] 
85.468: Total time for which application threads were stopped: 0.0559260 seconds, Stopping threads took: 0.0542270 seconds
85.469: Application time: 0.0000630 seconds
85.508: [GC [1 CMS-initial-mark: 7069K(15744K)] 8359K(21888K), 0.0001040 secs] [Times: user=0.00 sys=0.00, real=0.00 secs] 
85.509: Total time for which application threads were stopped: 0.0400650 seconds, Stopping threads took: 0.0399130 seconds
85.509: [CMS-concurrent-mark-start]
85.512: [CMS-concurrent-mark: 0.003/0.003 secs] [Times: user=0.02 sys=0.00, real=0.00 secs] 
85.512: [CMS-concurrent-preclean-start]
85.512: [CMS-concurrent-preclean: 0.000/0.000 secs] [Times: user=0.00 sys=0.00, real=0.00 secs] 
85.512: [CMS-concurrent-abortable-preclean-start]
85.595: Application time: 0.0867220 seconds
85.601: [GC85.601: [ParNew: 5987K->400K(6144K), 0.0006860 secs] 13057K->7864K(21888K), 0.0007210 secs] [Times: user=0.01 sys=0.00, real=0.00 secs] 
85.602: Total time for which application threads were stopped: 0.0065690 seconds, Stopping threads took: 0.0057660 seconds
85.603: Application time: 0.0008150 seconds
85.650: [GC85.650: [ParNew: 5884K->598K(6144K), 0.0014820 secs] 13348K->11577K(21888K), 0.0015150 secs] [Times: user=0.01 sys=0.00, real=0.00 secs] 
85.652: Total time for which application threads were stopped: 0.0490650 seconds, Stopping threads took: 0.0474710 seconds
85.730: Application time: 0.0780250 seconds
85.741: [GC85.741: [ParNew: 5966K->5966K(6144K), 0.0000150 secs]85.741: [CMS85.741: [CMS-concurrent-abortable-preclean: 0.000/0.229 secs] [Times: user=1.44 sys=0.05, real=0.23 secs] 
 (concurrent mode failure): 10979K->2076K(15744K), 0.0064550 secs] 16946K->2076K(21888K), [CMS Perm : 5110K->5110K(21248K)], 0.0065200 secs] [Times: user=0.00 sys=0.00, real=0.00 secs] 
85.747: Total time for which application threads were stopped: 0.0173260 seconds, Stopping threads took: 0.0107170 seconds
85.748: Application time: 0.0009330 seconds
85.748: [GC85.748: [ParNew: 5483K->598K(6144K), 0.0014880 secs] 7560K->7574K(21888K), 0.0015170 secs] [Times: user=0.01 sys=0.00, real=0.00 secs] 
85.750: Total time for which application threads were stopped: 0.0018830 seconds, Stopping threads took: 0.0003130 seconds
85.750: Application time: 0.0000690 seconds
85.750: [GC [1 CMS-initial-mark: 6976K(15744K)] 8459K(21888K), 0.0001080 secs] [Times: user=0.00 sys=0.00, real=0.00 secs] 
85.750: Total time for which application threads were stopped: 0.0003250 seconds, Stopping threads took: 0.0001920 seconds
85.750: [CMS-concurrent-mark-start]
85.754: [CMS-concurrent-mark: 0.003/0.003 secs] [Times: user=0.02 sys=0.00, real=0.00 secs] 
85.754: [CMS-concurrent-preclean-start]
85.754: [CMS-concurrent-preclean: 0.000/0.000 secs] [Times: user=0.00 sys=0.00, real=0.00 secs] 
85.754: [CMS-concurrent-abortable-preclean-start]
85.838: Application time: 0.0877740 seconds
85.878: [GC85.878: [ParNew: 6083K->500K(6144K), 0.0007220 secs] 13059K->9040K(21888K), 0.0007590 secs] [Times: user=0.00 sys=0.00, real=0.00 secs] 
85.879: Total time for which application threads were stopped: 0.0404730 seconds, Stopping threads took: 0.0396290 seconds
85.883: Application time: 0.0043320 seconds
85.956: [GC85.956: [ParNew: 5986K->14K(6144K), 0.0003890 secs] 14526K->8554K(21888K), 0.0004210 secs] [Times: user=0.00 sys=0.00, real=0.00 secs] 
85.957: Total time for which application threads were stopped: 0.0737590 seconds, Stopping threads took: 0.0732650 seconds
85.957: Application time: 0.0003380 seconds
85.957: [GC85.957: [ParNew: 5499K->602K(6144K), 0.0014820 secs] 14040K->14025K(21888K), 0.0015100 secs] [Times: user=0.01 sys=0.00, real=0.00 secs] 
85.959: Total time for which application threads were stopped: 0.0018360 seconds, Stopping threads took: 0.0002740 seconds
86.037: Application time: 0.0785450 seconds
86.044: [GC86.044: [ParNew: 6087K->6087K(6144K), 0.0000120 secs]86.044: [CMS86.044: [CMS-concurrent-abortable-preclean: 0.001/0.290 secs] [Times: user=1.99 sys=0.05, real=0.29 secs] 
 (concurrent mode failure): 13423K->3639K(15744K), 0.0052510 secs] 19510K->3639K(21888K), [CMS Perm : 5110K->5110K(21248K)], 0.0053150 secs] [Times: user=0.00 sys=0.00, real=0.01 secs] 
86.050: Total time for which application threads were stopped: 0.0120710 seconds, Stopping threads took: 0.0066850 seconds
86.051: Application time: 0.0012370 seconds
86.091: [GC86.091: [ParNew: 5386K->602K(6144K), 0.0014340 secs] 9025K->8451K(21888K), 0.0014650 secs] [Times: user=0.01 sys=0.00, real=0.00 secs] 
86.092: Total time for which application threads were stopped: 0.0414990 seconds, Stopping threads took: 0.0399580 seconds
86.092: Application time: 0.0000820 seconds
86.144: [GC [1 CMS-initial-mark: 7849K(15744K)] 8847K(21888K), 0.0001320 secs] [Times: user=0.00 sys=0.00, real=0.00 secs] 
86.145: Total time for which application threads were stopped: 0.0522860 seconds, Stopping threads took: 0.0521230 seconds
86.145: [CMS-concurrent-mark-start]
86.148: [CMS-concurrent-mark: 0.004/0.004 secs] [Times: user=0.02 sys=0.00, real=0.01 secs] 
86.148: [CMS-concurrent-preclean-start]
86.148: [CMS-concurrent-preclean: 0.000/0.000 secs] [Times: user=0.00 sys=0.00, real=0.00 secs] 
86.148: [CMS-concurrent-abortable-preclean-start]
86.149: Application time: 0.0042390 seconds
86.222: [GC86.222: [ParNew: 5892K->600K(6144K), 0.0006080 secs] 13741K->9039K(21888K), 0.0006410 secs] [Times: user=0.00 sys=0.00, real=0.00 secs] 
86.223: Total time for which application threads were stopped: 0.0736980 seconds, Stopping threads took: 0.0729800 seconds
86.223: Application time: 0.0007450 seconds
86.274: [GC86.274: [ParNew: 5968K->532K(6144K), 0.0016850 secs] 14408K->13857K(21888K), 0.0017200 secs] [Times: user=0.01 sys=0.00, real=0.00 secs] 
86.276: Total time for which application threads were stopped: 0.0524880 seconds, Stopping threads took: 0.0506930 seconds
86.355: Application time: 0.0788980 seconds
86.355: [GC86.355: [ParNew: 5998K->5998K(6144K), 0.0000150 secs]86.355: [CMS86.355: [CMS-concurrent-abortable-preclean: 0.000/0.207 secs] [Times: user=1.16 sys=0.07, real=0.20 secs] 
 (concurrent mode failure): 13325K->3443K(15744K), 0.0061300 secs] 19323K->3443K(21888K), [CMS Perm : 5110K->5110K(21248K)], 0.0061940 secs] [Times: user=0.01 sys=0.00, real=0.01 secs] 
86.361: Total time for which application threads were stopped: 0.0067090 seconds, Stopping threads took: 0.0004480 seconds
86.363: Application time: 0.0012310 seconds
86.403: [GC86.403: [ParNew: 5485K->602K(6144K), 0.0015190 secs] 8929K->8355K(21888K), 0.0015520 secs] [Times: user=0.02 sys=0.00, real=0.00 secs] 
86.404: Total time for which application threads were stopped: 0.0415340 seconds, Stopping threads took: 0.0399070 seconds
86.404: Application time: 0.0001470 seconds
86.445: [GC [1 CMS-initial-mark: 7753K(15744K)] 8559K(21888K), 0.0001110 secs] [Times: user=0.00 sys=0.00, real=0.00 secs] 
86.445: Total time for which application threads were stopped: 0.0405360 seconds, Stopping threads took: 0.0403770 seconds
86.445: [CMS-concurrent-mark-start]
86.459: [CMS-concurrent-mark: 0.015/0.015 secs] [Times: user=0.11 sys=0.00, real=0.02 secs] 
86.460: [CMS-concurrent-preclean-start]
86.460: [CMS-concurrent-preclean: 0.000/0.000 secs] [Times: user=0.00 sys=0.00, real=0.00 secs] 
86.460: [CMS-concurrent-abortable-preclean-start]
86.534: Application time: 0.0893330 seconds
86.539: [GC86.539: [ParNew: 6087K->207K(6144K), 0.0006570 secs] 13841K->7963K(21888K), 0.0006940 secs] [Times: user=0.00 sys=0.00, real=0.01 secs] 
86.540: Total time for which application threads were stopped: 0.0058120 seconds, Stopping threads took: 0.0050630 seconds
86.540: Application time: 0.0004880 seconds
86.541: [GC86.541: [ParNew: 5693K->602K(6144K), 0.0018280 secs] 13449K->13438K(21888K), 0.0018600 secs] [Times: user=0.02 sys=0.00, real=0.00 secs] 
86.543: Total time for which application threads were stopped: 0.0023470 seconds, Stopping threads took: 0.0004130 seconds
86.621: Application time: 0.0784640 seconds
86.622: [GC86.622: [ParNew: 6068K->6068K(6144K), 0.0000150 secs]86.622: [CMS86.622: [CMS-concurrent-abortable-preclean: 0.000/0.163 secs] [Times: user=1.26 sys=0.01, real=0.16 secs] 
 (concurrent mode failure): 12836K->3737K(15744K), 0.0068730 secs] 18904K->3737K(21888K), [CMS Perm : 5110K->5110K(21248K)], 0.0069390 secs] [Times: user=0.01 sys=0.00, real=0.01 secs] 
86.629: Total time for which application threads were stopped: 0.0077640 seconds, Stopping threads took: 0.0007340 seconds
86.630: Application time: 0.0012750 seconds
86.670: [GC86.670: [ParNew: 5485K->600K(6144K), 0.0015430 secs] 9222K->8939K(21888K), 0.0015780 secs] [Times: user=0.01 sys=0.00, real=0.00 secs] 
86.672: Total time for which application threads were stopped: 0.0416110 seconds, Stopping threads took: 0.0399550 seconds
86.672: Application time: 0.0001290 seconds
86.748: [GC [1 CMS-initial-mark: 8339K(15744K)] 9143K(21888K), 0.0001350 secs] [Times: user=0.00 sys=0.00, real=0.00 secs] 
86.748: Total time for which application threads were stopped: 0.0760250 seconds, Stopping threads took: 0.0758590 seconds
86.748: [CMS-concurrent-mark-start]
86.755: [CMS-concurrent-mark: 0.006/0.006 secs] [Times: user=0.03 sys=0.00, real=0.00 secs] 
86.755: [CMS-concurrent-preclean-start]
86.755: [CMS-concurrent-preclean: 0.000/0.000 secs] [Times: user=0.00 sys=0.00, real=0.00 secs] 
86.755: [CMS-concurrent-abortable-preclean-start]
86.755: Application time: 0.0070300 seconds
86.826: [GC86.826: [ParNew: 5988K->404K(6144K), 0.0004780 secs] 14327K->8744K(21888K), 0.0005120 secs] [Times: user=0.00 sys=0.00, real=0.00 secs] 
86.826: Total time for which application threads were stopped: 0.0712670 seconds, Stopping threads took: 0.0706960 seconds
86.827: Application time: 0.0005780 seconds
86.827: [GC86.827: [ParNew: 5871K->532K(6144K), 0.0014560 secs] 14211K->14148K(21888K), 0.0014880 secs] [Times: user=0.01 sys=0.01, real=0.01 secs] 
86.829: Total time for which application threads were stopped: 0.0018360 seconds, Stopping threads took: 0.0002960 seconds
86.908: Application time: 0.0787070 seconds
86.929: [CMS-concurrent-abortable-preclean: 0.000/0.174 secs] [Times: user=1.21 sys=0.07, real=0.18 secs] 
86.949: [GC86.949: [ParNew: 5920K->5920K(6144K), 0.0000140 secs]86.949: [CMS (concurrent mode failure): 13616K->2760K(15744K), 0.0058990 secs] 19536K->2760K(21888K), [CMS Perm : 5110K->5110K(21248K)], 0.0059550 secs] [Times: user=0.00 sys=0.00, real=0.00 secs] 
86.955: Total time for which application threads were stopped: 0.0470790 seconds, Stopping threads took: 0.0410470 seconds
86.956: Application time: 0.0011810 seconds
87.003: [GC87.003: [ParNew: 5388K->500K(6144K), 0.0017010 secs] 8148K->8158K(21888K), 0.0017320 secs] [Times: user=0.01 sys=0.00, real=0.00 secs] 
87.005: Total time for which application threads were stopped: 0.0488460 seconds, Stopping threads took: 0.0470370 seconds
87.005: Application time: 0.0000560 seconds
87.005: [GC [1 CMS-initial-mark: 7658K(15744K)] 8551K(21888K), 0.0001080 secs] [Times: user=0.00 sys=0.00, real=0.00 secs] 
87.005: Total time for which application threads were stopped: 0.0002060 seconds, Stopping threads took: 0.0000740 seconds
87.005: [CMS-concurrent-mark-start]
87.011: [CMS-concurrent-mark: 0.007/0.007 secs] [Times: user=0.06 sys=0.00, real=0.01 secs] 
87.012: [CMS-concurrent-preclean-start]
87.012: [CMS-concurrent-preclean: 0.000/0.000 secs] [Times: user=0.00 sys=0.00, real=0.00 secs] 
87.012: [CMS-concurrent-abortable-preclean-start]
87.087: Application time: 0.0816570 seconds
87.127: [GC87.127: [ParNew: 5888K->498K(6144K), 0.0005920 secs] 13546K->9136K(21888K), 0.0006340 secs] [Times: user=0.00 sys=0.00, real=0.01 secs] 
87.128: Total time for which application threads were stopped: 0.0412580 seconds, Stopping threads took: 0.0405680 seconds
87.129: Application time: 0.0008710 seconds
87.169: [GC87.169: [ParNew: 5945K->634K(6144K), 0.0017480 secs] 14583K->13300K(21888K), 0.0017880 secs] [Times: user=0.01 sys=0.00, real=0.00 secs] 
87.171: Total time for which application threads were stopped: 0.0418540 seconds, Stopping threads took: 0.0400060 seconds
87.248: Application time: 0.0776740 seconds
87.271: [CMS-concurrent-abortable-preclean: 0.001/0.259 secs] [Times: user=1.45 sys=0.06, real=0.26 secs] 
87.294: [GC87.294: [ParNew: 6119K->6119K(6144K), 0.0000120 secs]87.294: [CMS (concurrent mode failure): 12666K->1686K(15744K), 0.0057810 secs] 18786K->1686K(21888K), [CMS Perm : 5110K->5110K(21248K)], 0.0058360 secs] [Times: user=0.00 sys=0.00, real=0.01 secs] 
87.300: Total time for which application threads were stopped: 0.0514720 seconds, Stopping threads took: 0.0455560 seconds
87.301: Application time: 0.0009320 seconds
87.301: [GC87.301: [ParNew: 5483K->600K(6144K), 0.0016000 secs] 7170K->7186K(21888K), 0.0016280 secs] [Times: user=0.01 sys=0.00, real=0.00 secs] 
87.303: Total time for which application threads were stopped: 0.0019680 seconds, Stopping threads took: 0.0002850 seconds
87.303: Application time: 0.0000800 seconds
87.303: [GC [1 CMS-initial-mark: 6586K(15744K)] 8561K(21888K), 0.0000940 secs] [Times: user=0.00 sys=0.00, real=0.00 secs] 
87.303: Total time for which application threads were stopped: 0.0003210 seconds, Stopping threads took: 0.0002020 seconds
87.303: [CMS-concurrent-mark-start]
87.307: [CMS-concurrent-mark: 0.004/0.004 secs] [Times: user=0.01 sys=0.00, real=0.00 secs] 
87.307: [CMS-concurrent-preclean-start]
87.307: [CMS-concurrent-preclean: 0.000/0.000 secs] [Times: user=0.00 sys=0.00, real=0.00 secs] 
87.307: [CMS-concurrent-abortable-preclean-start]
87.396: Application time: 0.0929530 seconds
87.451: [GC87.452: [ParNew: 5890K->404K(6144K), 0.0004120 secs] 12476K->6991K(21888K), 0.0004470 secs] [Times: user=0.00 sys=0.00, real=0.00 secs] 
87.452: Total time for which application threads were stopped: 0.0559640 seconds, Stopping threads took: 0.0554550 seconds
87.452: Application time: 0.0005290 seconds
87.453: [GC87.453: [ParNew: 5743K->632K(6144K), 0.0015720 secs] 12330K->12314K(21888K), 0.0016040 secs] [Times: user=0.01 sys=0.00, real=0.00 secs] 
87.454: Total time for which application threads were stopped: 0.0018950 seconds, Stopping threads took: 0.0002370 seconds
87.533: Application time: 0.0783340 seconds
87.555: [CMS-concurrent-abortable-preclean: 0.000/0.248 secs] [Times: user=1.58 sys=0.03, real=0.25 secs] 
87.573: [GC87.573: [ParNew: 6048K->6048K(6144K), 0.0000150 secs]87.573: [CMS (concurrent mode failure): 11681K->2663K(15744K), 0.0057120 secs] 17729K->2663K(21888K), [CMS Perm : 5110K->5110K(21248K)], 0.0057670 secs] [Times: user=0.00 sys=0.00, real=0.00 secs] 
87.578: Total time for which application threads were stopped: 0.0457270 seconds, Stopping threads took: 0.0398950 seconds
87.580: Application time: 0.0011510 seconds
87.620: [GC87.620: [ParNew: 5173K->630K(6144K), 0.0015830 secs] 7836K->7702K(21888K), 0.0016120 secs] [Times: user=0.01 sys=0.00, real=0.00 secs] 
87.621: Total time for which application threads were stopped: 0.0416800 seconds, Stopping threads took: 0.0399950 seconds
87.621: Application time: 0.0000670 seconds
87.622: [GC [1 CMS-initial-mark: 7072K(15744K)] 8782K(21888K), 0.0001010 secs] [Times: user=0.00 sys=0.00, real=0.00 secs] 
87.622: Total time for which application threads were stopped: 0.0003380 seconds, Stopping threads took: 0.0001900 seconds
87.622: [CMS-concurrent-mark-start]
87.626: [CMS-concurrent-mark: 0.004/0.004 secs] [Times: user=0.02 sys=0.00, real=0.00 secs] 
87.626: [CMS-concurrent-preclean-start]
87.626: [CMS-concurrent-preclean: 0.000/0.000 secs] [Times: user=0.00 sys=0.00, real=0.00 secs] 
87.626: [CMS-concurrent-abortable-preclean-start]
87.700: Application time: 0.0783210 seconds
87.744: [GC87.744: [ParNew: 6115K->600K(6144K), 0.0006050 secs] 13188K->8290K(21888K), 0.0006360 secs] [Times: user=0.00 sys=0.01, real=0.00 secs] 
87.745: Total time for which application threads were stopped: 0.0447110 seconds, Stopping threads took: 0.0439980 seconds
87.745: Application time: 0.0006570 seconds
87.785: [GC87.785: [ParNew: 5986K->600K(6144K), 0.0017680 secs] 13676K->13173K(21888K), 0.0017990 secs] [Times: user=0.01 sys=0.00, real=0.00 secs] 
87.787: Total time for which application threads were stopped: 0.0417950 seconds, Stopping threads took: 0.0399210 seconds
87.865: Application time: 0.0779650 seconds
87.887: [CMS-concurrent-abortable-preclean: 0.000/0.262 secs] [Times: user=1.41 sys=0.06, real=0.27 secs] 
87.906: [GC87.906: [ParNew: 6085K->6085K(6144K), 0.0000140 secs]87.906: [CMS (concurrent mode failure): 12573K->2565K(15744K), 0.0066150 secs] 18659K->2565K(21888K), [CMS Perm : 5110K->5110K(21248K)], 0.0066720 secs] [Times: user=0.01 sys=0.00, real=0.01 secs] 
87.912: Total time for which application threads were stopped: 0.0473180 seconds, Stopping threads took: 0.0405570 seconds
87.913: Application time: 0.0010300 seconds
87.954: [GC87.954: [ParNew: 5485K->596K(6144K), 0.0015560 secs] 8051K->8058K(21888K), 0.0015860 secs] [Times: user=0.01 sys=0.00, real=0.00 secs] 
87.955: Total time for which application threads were stopped: 0.0416870 seconds, Stopping threads took: 0.0400240 seconds
87.955: Application time: 0.0000340 seconds
87.955: [GC [1 CMS-initial-mark: 7462K(15744K)] 8356K(21888K), 0.0001040 secs] [Times: user=0.00 sys=0.00, real=0.00 secs] 
87.956: Total time for which application threads were stopped: 0.0002970 seconds, Stopping threads took: 0.0001680 seconds
87.956: [CMS-concurrent-mark-start]
87.959: [CMS-concurrent-mark: 0.003/0.003 secs] [Times: user=0.01 sys=0.00, real=0.00 secs] 
87.959: [CMS-concurrent-preclean-start]
87.959: [CMS-concurrent-preclean: 0.000/0.000 secs] [Times: user=0.00 sys=0.00, real=0.00 secs] 
87.959: [CMS-concurrent-abortable-preclean-start]
88.049: Application time: 0.0930480 seconds
88.102: [GC88.102: [ParNew: 6081K->404K(6144K), 0.0004810 secs] 13544K->7868K(21888K), 0.0005100 secs] [Times: user=0.01 sys=0.00, real=0.00 secs] 
88.102: Total time for which application threads were stopped: 0.0538470 seconds, Stopping threads took: 0.0532620 seconds
88.103: Application time: 0.0005180 seconds
88.103: [GC88.103: [ParNew: 5888K->600K(6144K), 0.0015740 secs] 13352K->13340K(21888K), 0.0016080 secs] [Times: user=0.01 sys=0.01, real=0.00 secs] 
88.105: Total time for which application threads were stopped: 0.0019650 seconds, Stopping threads took: 0.0003030 seconds
88.184: Application time: 0.0790180 seconds
88.205: [CMS-concurrent-abortable-preclean: 0.000/0.246 secs] [Times: user=1.57 sys=0.04, real=0.25 secs] 
88.224: [GC88.224: [ParNew: 5890K->5890K(6144K), 0.0000130 secs]88.224: [CMS (concurrent mode failure): 12739K->1686K(15744K), 0.0050000 secs] 18630K->1686K(21888K), [CMS Perm : 5110K->5110K(21248K)], 0.0050500 secs] [Times: user=0.00 sys=0.00, real=0.01 secs] 
88.229: Total time for which application threads were stopped: 0.0453530 seconds, Stopping threads took: 0.0402220 seconds
88.230: Application time: 0.0008330 seconds
88.231: [GC88.231: [ParNew: 5483K->600K(6144K), 0.0017040 secs] 7170K->7186K(21888K), 0.0017300 secs] [Times: user=0.01 sys=0.00, real=0.00 secs] 
88.232: Total time for which application threads were stopped: 0.0022090 seconds, Stopping threads took: 0.0004090 seconds
88.232: Application time: 0.0000420 seconds
88.233: [GC [1 CMS-initial-mark: 6586K(15744K)] 7577K(21888K), 0.0000840 secs] [Times: user=0.00 sys=0.00, real=0.00 secs] 
88.233: Total time for which application threads were stopped: 0.0004830 seconds, Stopping threads took: 0.0003570 seconds
88.233: [CMS-concurrent-mark-start]
88.236: [CMS-concurrent-mark: 0.003/0.003 secs] [Times: user=0.02 sys=0.00, real=0.00 secs] 
88.236: [CMS-concurrent-preclean-start]
88.237: [CMS-concurrent-preclean: 0.000/0.000 secs] [Times: user=0.00 sys=0.00, real=0.00 secs] 
88.237: [CMS-concurrent-abortable-preclean-start]
88.323: Application time: 0.0906180 seconds
88.379: [GC88.379: [ParNew: 5890K->406K(6144K), 0.0003190 secs] 12476K->6994K(21888K), 0.0003510 secs] [Times: user=0.00 sys=0.00, real=0.01 secs] 
88.380: Total time for which application threads were stopped: 0.0562670 seconds, Stopping threads took: 0.0558620 seconds
88.380: Application time: 0.0005250 seconds
88.381: [GC88.381: [ParNew: 5873K->628K(6144K), 0.0017040 secs] 12461K->12392K(21888K), 0.0017390 secs] [Times: user=0.01 sys=0.00, real=0.00 secs] 
88.382: Total time for which application threads were stopped: 0.0020860 seconds, Stopping threads took: 0.0002930 seconds
88.460: Application time: 0.0775690 seconds
88.483: [CMS-concurrent-abortable-preclean: 0.000/0.246 secs] [Times: user=1.53 sys=0.04, real=0.25 secs] 
88.501: [GC88.501: [ParNew: 6094K->6094K(6144K), 0.0000130 secs]88.501: [CMS (concurrent mode failure): 11764K->2761K(15744K), 0.0050910 secs] 17858K->2761K(21888K), [CMS Perm : 5110K->5110K(21248K)], 0.0051460 secs] [Times: user=0.01 sys=0.00, real=0.00 secs] 
88.506: Total time for which application threads were stopped: 0.0458250 seconds, Stopping threads took: 0.0406100 seconds
88.507: Application time: 0.0011690 seconds
88.547: [GC88.547: [ParNew: 5466K->628K(6144K), 0.0017230 secs] 8227K->8189K(21888K), 0.0017550 secs] [Times: user=0.01 sys=0.00, real=0.01 secs] 
88.548: Total time for which application threads were stopped: 0.0415070 seconds, Stopping threads took: 0.0396980 seconds
88.548: Application time: 0.0000520 seconds
88.603: [GC [1 CMS-initial-mark: 7561K(15744K)] 8585K(21888K), 0.0000890 secs] [Times: user=0.00 sys=0.00, real=0.00 secs] 
88.603: Total time for which application threads were stopped: 0.0544940 seconds, Stopping threads took: 0.0543820 seconds
88.603: [CMS-concurrent-mark-start]
88.607: [CMS-concurrent-mark: 0.004/0.004 secs] [Times: user=0.01 sys=0.00, real=0.00 secs] 
88.607: [CMS-concurrent-preclean-start]
88.607: [CMS-concurrent-preclean: 0.000/0.000 secs] [Times: user=0.00 sys=0.00, real=0.00 secs] 
88.607: [CMS-concurrent-abortable-preclean-start]
88.690: Application time: 0.0870410 seconds
88.707: [GC88.707: [ParNew: 6015K->402K(6144K), 0.0004450 secs] 13576K->7995K(21888K), 0.0004790 secs] [Times: user=0.01 sys=0.00, real=0.00 secs] 
88.707: Total time for which application threads were stopped: 0.0170460 seconds, Stopping threads took: 0.0165090 seconds
88.708: Application time: 0.0005730 seconds
88.708: [GC88.708: [ParNew: 5869K->532K(6144K), 0.0016360 secs] 13462K->13399K(21888K), 0.0016710 secs] [Times: user=0.01 sys=0.00, real=0.00 secs] 
88.710: Total time for which application threads were stopped: 0.0019950 seconds, Stopping threads took: 0.0002690 seconds
88.788: Application time: 0.0784110 seconds
88.810: [CMS-concurrent-abortable-preclean: 0.000/0.203 secs] [Times: user=1.43 sys=0.02, real=0.21 secs] 
88.834: [GC88.834: [ParNew: 5968K->5968K(6144K), 0.0000140 secs]88.834: [CMS (concurrent mode failure): 12866K->2785K(15744K), 0.0066440 secs] 18835K->2785K(21888K), [CMS Perm : 5110K->5110K(21248K)], 0.0066980 secs] [Times: user=0.00 sys=0.00, real=0.01 secs] 
88.841: Total time for which application threads were stopped: 0.0531290 seconds, Stopping threads took: 0.0463680 seconds
88.842: Application time: 0.0011240 seconds
88.882: [GC88.882: [ParNew: 5416K->630K(6144K), 0.0015300 secs] 8201K->8215K(21888K), 0.0015600 secs] [Times: user=0.01 sys=0.00, real=0.00 secs] 
88.884: Total time for which application threads were stopped: 0.0414850 seconds, Stopping threads took: 0.0398740 seconds
88.884: Application time: 0.0000630 seconds
88.884: [GC [1 CMS-initial-mark: 7585K(15744K)] 9200K(21888K), 0.0000990 secs] [Times: user=0.00 sys=0.00, real=0.00 secs] 
88.884: Total time for which application threads were stopped: 0.0001950 seconds, Stopping threads took: 0.0000700 seconds
88.884: [CMS-concurrent-mark-start]
88.888: [CMS-concurrent-mark: 0.003/0.003 secs] [Times: user=0.02 sys=0.00, real=0.01 secs] 
88.888: [CMS-concurrent-preclean-start]
88.888: [CMS-concurrent-preclean: 0.000/0.000 secs] [Times: user=0.00 sys=0.00, real=0.00 secs] 
88.888: [CMS-concurrent-abortable-preclean-start]
88.968: Application time: 0.0836980 seconds
89.019: [GC89.019: [ParNew: 6017K->402K(6144K), 0.0004810 secs] 13603K->8019K(21888K), 0.0005150 secs] [Times: user=0.00 sys=0.00, real=0.00 secs] 
89.019: Total time for which application threads were stopped: 0.0515430 seconds, Stopping threads took: 0.0509450 seconds
89.020: Application time: 0.0006420 seconds
89.020: [GC89.020: [ParNew: 5869K->530K(6144K), 0.0017430 secs] 13485K->13421K(21888K), 0.0017780 secs] [Times: user=0.01 sys=0.00, real=0.00 secs] 
89.022: Total time for which application threads were stopped: 0.0022320 seconds, Stopping threads took: 0.0003770 seconds
89.101: Application time: 0.0784280 seconds
89.122: [CMS-concurrent-abortable-preclean: 0.000/0.235 secs] [Times: user=1.46 sys=0.04, real=0.23 secs] 
89.141: [GC89.141: [ParNew: 6015K->6015K(6144K), 0.0000130 secs]89.141: [CMS (concurrent mode failure): 12890K->2858K(15744K), 0.0065360 secs] 18906K->2858K(21888K), [CMS Perm : 5110K->5110K(21248K)], 0.0065970 secs] [Times: user=0.00 sys=0.00, real=0.01 secs] 
89.148: Total time for which application threads were stopped: 0.0470410 seconds, Stopping threads took: 0.0403780 seconds
89.149: Application time: 0.0012200 seconds
89.205: [GC89.205: [ParNew: 5485K->596K(6144K), 0.0015240 secs] 8344K->7764K(21888K), 0.0015540 secs] [Times: user=0.01 sys=0.00, real=0.00 secs] 
89.207: Total time for which application threads were stopped: 0.0580240 seconds, Stopping threads took: 0.0564150 seconds
89.219: Application time: 0.0125550 seconds
89.320: [GC [1 CMS-initial-mark: 7168K(15744K)] 11491K(21888K), 0.0001260 secs] [Times: user=0.00 sys=0.00, real=0.00 secs] 
89.320: Total time for which application threads were stopped: 0.1009370 seconds, Stopping threads took: 0.1007740 seconds
89.320: [CMS-concurrent-mark-start]
89.321: Application time: 0.0004050 seconds
89.321: [GC89.321: [ParNew: 6081K->602K(6144K), 0.0004980 secs] 13249K->8942K(21888K), 0.0005200 secs] [Times: user=0.00 sys=0.00, real=0.00 secs] 
89.321: Total time for which application threads were stopped: 0.0006030 seconds, Stopping threads took: 0.0000460 seconds
89.322: Application time: 0.0006600 seconds
89.322: [GC89.322: [ParNew: 6087K->592K(6144K), 0.0018170 secs] 14427K->14407K(21888K), 0.0018520 secs] [Times: user=0.01 sys=0.00, real=0.00 secs] 
89.324: Total time for which application threads were stopped: 0.0021320 seconds, Stopping threads took: 0.0002280 seconds
89.327: [CMS-concurrent-mark: 0.004/0.007 secs] [Times: user=0.03 sys=0.00, real=0.00 secs] 
89.327: [CMS-concurrent-preclean-start]
89.327: [CMS-concurrent-preclean: 0.000/0.000 secs] [Times: user=0.02 sys=0.00, real=0.01 secs] 
89.328: Application time: 0.0032960 seconds
89.401: [GC[YG occupancy: 1973 K (6144 K)]89.401: [Rescan (parallel) , 0.0001300 secs]89.401: [weak refs processing, 0.0000090 secs]89.401: [scrub string table, 0.0000940 secs] [1 CMS-remark: 13814K(15744K)] 15788K(21888K), 0.0002700 secs] [Times: user=0.00 sys=0.00, real=0.00 secs] 
89.401: Total time for which application threads were stopped: 0.0737380 seconds, Stopping threads took: 0.0734320 seconds
89.401: [CMS-concurrent-sweep-start]
89.402: Application time: 0.0010820 seconds
89.445: [GC89.445: [ParNew: 5979K->5979K(6144K), 0.0000110 secs]89.445: [CMS89.445: [CMS-concurrent-sweep: 0.001/0.044 secs] [Times: user=0.14 sys=0.03, real=0.04 secs] 
 (concurrent mode failure): 13814K->4226K(15744K), 0.0063470 secs] 19794K->4226K(21888K), [CMS Perm : 5110K->5110K(21248K)], 0.0064070 secs] [Times: user=0.01 sys=0.00, real=0.01 secs] 
89.451: Total time for which application threads were stopped: 0.0486720 seconds, Stopping threads took: 0.0421860 seconds
89.452: Application time: 0.0013230 seconds
89.492: [GC89.492: [ParNew: 5388K->602K(6144K), 0.0018600 secs] 9614K->9331K(21888K), 0.0018930 secs] [Times: user=0.01 sys=0.00, real=0.00 secs] 
89.494: Total time for which application threads were stopped: 0.0418920 seconds, Stopping threads took: 0.0399110 seconds
89.494: Application time: 0.0000440 seconds
89.534: [GC [1 CMS-initial-mark: 8729K(15744K)] 9530K(21888K), 0.0001050 secs] [Times: user=0.00 sys=0.00, real=0.00 secs] 
89.534: Total time for which application threads were stopped: 0.0401040 seconds, Stopping threads took: 0.0399480 seconds
89.534: [CMS-concurrent-mark-start]
89.538: [CMS-concurrent-mark: 0.003/0.003 secs] [Times: user=0.02 sys=0.00, real=0.00 secs] 
89.538: [CMS-concurrent-preclean-start]
89.538: [CMS-concurrent-preclean: 0.000/0.000 secs] [Times: user=0.00 sys=0.00, real=0.00 secs] 
89.538: [CMS-concurrent-abortable-preclean-start]
89.539: Application time: 0.0043360 seconds
89.614: [GC89.614: [ParNew: 5990K->400K(6144K), 0.0005630 secs] 14719K->9521K(21888K), 0.0005980 secs] [Times: user=0.00 sys=0.00, real=0.00 secs] 
89.614: Total time for which application threads were stopped: 0.0754290 seconds, Stopping threads took: 0.0747610 seconds
89.615: Application time: 0.0006860 seconds
89.672: [GC89.672: [ParNew: 5884K->598K(6144K), 0.0013920 secs] 15005K->13241K(21888K), 0.0014270 secs] [Times: user=0.01 sys=0.00, real=0.00 secs] 
89.673: Total time for which application threads were stopped: 0.0582530 seconds, Stopping threads took: 0.0567500 seconds
89.751: Application time: 0.0782910 seconds
89.752: [GC89.752: [ParNew: 5966K->5966K(6144K), 0.0000150 secs]89.752: [CMS89.752: [CMS-concurrent-abortable-preclean: 0.000/0.214 secs] [Times: user=1.31 sys=0.09, real=0.22 secs] 
 (concurrent mode failure): 12643K->2077K(15744K), 0.0061690 secs] 18609K->2077K(21888K), [CMS Perm : 5110K->5110K(21248K)], 0.0062330 secs] [Times: user=0.01 sys=0.00, real=0.00 secs] 
89.759: Total time for which application threads were stopped: 0.0071240 seconds, Stopping threads took: 0.0008040 seconds
89.760: Application time: 0.0011430 seconds
89.800: [GC89.800: [ParNew: 5466K->628K(6144K), 0.0013970 secs] 7544K->7210K(21888K), 0.0014250 secs] [Times: user=0.01 sys=0.00, real=0.00 secs] 
89.801: Total time for which application threads were stopped: 0.0413520 seconds, Stopping threads took: 0.0398720 seconds
89.801: Application time: 0.0001650 seconds
89.801: [GC [1 CMS-initial-mark: 6582K(15744K)] 9176K(21888K), 0.0001020 secs] [Times: user=0.00 sys=0.00, real=0.00 secs] 
89.802: Total time for which application threads were stopped: 0.0004300 seconds, Stopping threads took: 0.0002800 seconds
89.802: [CMS-concurrent-mark-start]
89.809: [CMS-concurrent-mark: 0.007/0.007 secs] [Times: user=0.05 sys=0.00, real=0.01 secs] 
89.809: [CMS-concurrent-preclean-start]
89.809: [CMS-concurrent-preclean: 0.000/0.000 secs] [Times: user=0.00 sys=0.00, real=0.00 secs] 
89.809: [CMS-concurrent-abortable-preclean-start]
89.890: Application time: 0.0880840 seconds
89.933: [GC89.933: [ParNew: 6015K->406K(6144K), 0.0006050 secs] 12598K->7413K(21888K), 0.0006390 secs] [Times: user=0.00 sys=0.00, real=0.00 secs] 
89.933: Total time for which application threads were stopped: 0.0436120 seconds, Stopping threads took: 0.0428990 seconds
89.934: Application time: 0.0005770 seconds
89.974: [GC89.974: [ParNew: 5795K->600K(6144K), 0.0014350 secs] 12802K->12099K(21888K), 0.0014690 secs] [Times: user=0.01 sys=0.00, real=0.00 secs] 
89.975: Total time for which application threads were stopped: 0.0415070 seconds, Stopping threads took: 0.0399600 seconds
90.053: Application time: 0.0779710 seconds
90.056: [GC90.056: [ParNew: 6085K->6085K(6144K), 0.0000130 secs]90.056: [CMS90.056: [CMS-concurrent-abortable-preclean: 0.000/0.247 secs] [Times: user=1.48 sys=0.06, real=0.24 secs] 
 (concurrent mode failure): 11499K->3249K(15744K), 0.0057930 secs] 17585K->3249K(21888K), [CMS Perm : 5110K->5110K(21248K)], 0.0058600 secs] [Times: user=0.00 sys=0.00, real=0.01 secs] 
90.062: Total time for which application threads were stopped: 0.0083630 seconds, Stopping threads took: 0.0024030 seconds
90.063: Application time: 0.0011280 seconds
90.110: [GC90.110: [ParNew: 5385K->500K(6144K), 0.0012690 secs] 8635K->7276K(21888K), 0.0013110 secs] [Times: user=0.01 sys=0.01, real=0.00 secs] 
90.112: Total time for which application threads were stopped: 0.0486580 seconds, Stopping threads took: 0.0472810 seconds
90.112: Application time: 0.0000560 seconds
90.152: [GC [1 CMS-initial-mark: 6775K(15744K)] 7868K(21888K), 0.0001180 secs] [Times: user=0.00 sys=0.00, real=0.00 secs] 
90.152: Total time for which application threads were stopped: 0.0400840 seconds, Stopping threads took: 0.0399150 seconds
90.152: [CMS-concurrent-mark-start]
90.159: [CMS-concurrent-mark: 0.007/0.007 secs] [Times: user=0.03 sys=0.00, real=0.00 secs] 
90.159: [CMS-concurrent-preclean-start]
90.159: [CMS-concurrent-preclean: 0.000/0.000 secs] [Times: user=0.00 sys=0.00, real=0.00 secs] 
90.159: [CMS-concurrent-abortable-preclean-start]
90.236: Application time: 0.0845140 seconds
90.247: [GC90.247: [ParNew: 5986K->596K(6144K), 0.0004880 secs] 12761K->7767K(21888K), 0.0005270 secs] [Times: user=0.00 sys=0.00, real=0.01 secs] 
90.248: Total time for which application threads were stopped: 0.0117830 seconds, Stopping threads took: 0.0111940 seconds
90.249: Application time: 0.0008010 seconds
90.301: [GC90.301: [ParNew: 5982K->504K(6144K), 0.0013290 secs] 13153K->11389K(21888K), 0.0014870 secs] [Times: user=0.01 sys=0.00, real=0.00 secs] 
90.302: Total time for which application threads were stopped: 0.0532920 seconds, Stopping threads took: 0.0517450 seconds
90.379: Application time: 0.0773260 seconds
90.383: [GC90.383: [ParNew: 5892K->5892K(6144K), 0.0000130 secs]90.383: [CMS90.383: [CMS-concurrent-abortable-preclean: 0.000/0.224 secs] [Times: user=1.46 sys=0.04, real=0.23 secs] 
 (concurrent mode failure): 10884K->2273K(15744K), 0.0051060 secs] 16777K->2273K(21888K), [CMS Perm : 5110K->5110K(21248K)], 0.0051670 secs] [Times: user=0.00 sys=0.00, real=0.01 secs] 
90.388: Total time for which application threads were stopped: 0.0086900 seconds, Stopping threads took: 0.0034350 seconds
90.389: Application time: 0.0011160 seconds
90.431: [GC90.431: [ParNew: 5447K->632K(6144K), 0.0017210 secs] 7720K->7338K(21888K), 0.0017520 secs] [Times: user=0.02 sys=0.00, real=0.00 secs] 
90.432: Total time for which application threads were stopped: 0.0430940 seconds, Stopping threads took: 0.0412780 seconds
90.432: Application time: 0.0000560 seconds
90.472: [GC [1 CMS-initial-mark: 6706K(15744K)] 8028K(21888K), 0.0000950 secs] [Times: user=0.00 sys=0.00, real=0.00 secs] 
90.472: Total time for which application threads were stopped: 0.0400400 seconds, Stopping threads took: 0.0399220 seconds
90.472: [CMS-concurrent-mark-start]
90.476: [CMS-concurrent-mark: 0.004/0.004 secs] [Times: user=0.02 sys=0.00, real=0.00 secs] 
90.476: [CMS-concurrent-preclean-start]
90.476: [CMS-concurrent-preclean: 0.000/0.000 secs] [Times: user=0.00 sys=0.00, real=0.00 secs] 
90.476: [CMS-concurrent-abortable-preclean-start]
90.562: Application time: 0.0891720 seconds
90.573: [GC90.573: [ParNew: 6117K->596K(6144K), 0.0006850 secs] 12824K->7727K(21888K), 0.0007170 secs] [Times: user=0.01 sys=0.00, real=0.00 secs] 
90.573: Total time for which application threads were stopped: 0.0118520 seconds, Stopping threads took: 0.0110690 seconds
90.574: Application time: 0.0008280 seconds
90.626: [GC90.626: [ParNew: 6062K->630K(6144K), 0.0018190 secs] 13194K->12449K(21888K), 0.0018550 secs] [Times: user=0.01 sys=0.00, real=0.01 secs] 
90.628: Total time for which application threads were stopped: 0.0537860 seconds, Stopping threads took: 0.0518560 seconds
90.705: Application time: 0.0773980 seconds
90.708: [GC90.708: [ParNew: 6115K->6115K(6144K), 0.0000140 secs]90.708: [CMS90.708: [CMS-concurrent-abortable-preclean: 0.000/0.232 secs] [Times: user=1.45 sys=0.04, real=0.24 secs] 
 (concurrent mode failure): 11819K->3445K(15744K), 0.0061780 secs] 17935K->3445K(21888K), [CMS Perm : 5110K->5110K(21248K)], 0.0062460 secs] [Times: user=0.00 sys=0.00, real=0.00 secs] 
90.714: Total time for which application threads were stopped: 0.0087020 seconds, Stopping threads took: 0.0023650 seconds
90.715: Application time: 0.0012440 seconds
90.782: [GC90.782: [ParNew: 5485K->600K(6144K), 0.0013720 secs] 8930K->6788K(21888K), 0.0014160 secs] [Times: user=0.01 sys=0.00, real=0.00 secs] 
90.784: Total time for which application threads were stopped: 0.0681250 seconds, Stopping threads took: 0.0666290 seconds
90.784: Application time: 0.0000500 seconds
90.784: [GC [1 CMS-initial-mark: 6187K(15744K)] 6985K(21888K), 0.0000910 secs] [Times: user=0.00 sys=0.00, real=0.00 secs] 
90.784: Total time for which application threads were stopped: 0.0001430 seconds, Stopping threads took: 0.0000300 seconds
90.784: [CMS-concurrent-mark-start]
90.787: [CMS-concurrent-mark: 0.004/0.004 secs] [Times: user=0.00 sys=0.00, real=0.00 secs] 
90.787: [CMS-concurrent-preclean-start]
90.788: [CMS-concurrent-preclean: 0.000/0.000 secs] [Times: user=0.00 sys=0.00, real=0.00 secs] 
90.788: [CMS-concurrent-abortable-preclean-start]
90.862: Application time: 0.0778420 seconds
90.867: [GC90.867: [ParNew: 5968K->42K(6144K), 0.0003020 secs] 12156K->6235K(21888K), 0.0003380 secs] [Times: user=0.00 sys=0.00, real=0.01 secs] 
90.867: Total time for which application threads were stopped: 0.0059000 seconds, Stopping threads took: 0.0054730 seconds
90.868: Application time: 0.0006260 seconds
90.920: [GC90.920: [ParNew: 5408K->636K(6144K), 0.0009400 secs] 11601K->9384K(21888K), 0.0009710 secs] [Times: user=0.00 sys=0.00, real=0.00 secs] 
90.921: Total time for which application threads were stopped: 0.0532230 seconds, Stopping threads took: 0.0521960 seconds
90.998: Application time: 0.0770900 seconds
91.000: [GC91.000: [ParNew: 6121K->16K(6144K), 0.0003320 secs] 14869K->8809K(21888K), 0.0003650 secs] [Times: user=0.00 sys=0.00, real=0.00 secs] 
91.000: Total time for which application threads were stopped: 0.0020970 seconds, Stopping threads took: 0.0016770 seconds
91.001: Application time: 0.0004970 seconds
91.001: [GC91.001: [ParNew: 5509K->610K(6144K), 0.0012950 secs] 14303K->14286K(21888K), 0.0013260 secs] [Times: user=0.01 sys=0.00, real=0.00 secs] 
91.003: Total time for which application threads were stopped: 0.0016410 seconds, Stopping threads took: 0.0002670 seconds
91.081: Application time: 0.0786400 seconds
91.103: [CMS-concurrent-abortable-preclean: 0.001/0.315 secs] [Times: user=2.03 sys=0.06, real=0.31 secs] 
91.122: [GC91.122: [ParNew: 6066K->6066K(6144K), 0.0000130 secs]91.122: [CMS (concurrent mode failure): 13676K->2468K(15744K), 0.0056840 secs] 19742K->2468K(21888K), [CMS Perm : 5110K->5110K(21248K)], 0.0057420 secs] [Times: user=0.01 sys=0.00, real=0.01 secs] 
91.128: Total time for which application threads were stopped: 0.0462860 seconds, Stopping threads took: 0.0404720 seconds
91.129: Application time: 0.0011930 seconds
91.181: [GC91.181: [ParNew: 5386K->502K(6144K), 0.0012920 secs] 7855K->6692K(21888K), 0.0013270 secs] [Times: user=0.01 sys=0.00, real=0.00 secs] 
91.182: Total time for which application threads were stopped: 0.0531840 seconds, Stopping threads took: 0.0517740 seconds
91.182: Application time: 0.0001200 seconds
91.222: [GC [1 CMS-initial-mark: 6190K(15744K)] 8167K(21888K), 0.0001090 secs] [Times: user=0.00 sys=0.00, real=0.00 secs] 
91.222: Total time for which application threads were stopped: 0.0400630 seconds, Stopping threads took: 0.0399070 seconds
91.222: [CMS-concurrent-mark-start]
91.225: [CMS-concurrent-mark: 0.003/0.003 secs] [Times: user=0.02 sys=0.00, real=0.00 secs] 
91.226: [CMS-concurrent-preclean-start]
91.226: [CMS-concurrent-preclean: 0.000/0.000 secs] [Times: user=0.00 sys=0.00, real=0.00 secs] 
91.226: [CMS-concurrent-abortable-preclean-start]
91.298: Application time: 0.0760940 seconds
91.308: [GC91.309: [ParNew: 5988K->211K(6144K), 0.0003640 secs] 12178K->6404K(21888K), 0.0003980 secs] [Times: user=0.00 sys=0.00, real=0.00 secs] 
91.309: Total time for which application threads were stopped: 0.0106860 seconds, Stopping threads took: 0.0102300 seconds
91.309: Application time: 0.0005560 seconds
91.310: [GC91.310: [ParNew: 5578K->630K(6144K), 0.0014860 secs] 11771K->11708K(21888K), 0.0015140 secs] [Times: user=0.01 sys=0.00, real=0.00 secs] 
91.311: Total time for which application threads were stopped: 0.0019200 seconds, Stopping threads took: 0.0003490 seconds
91.389: Application time: 0.0776460 seconds
91.392: [GC91.392: [ParNew: 5920K->5920K(6144K), 0.0000140 secs]91.392: [CMS91.392: [CMS-concurrent-abortable-preclean: 0.000/0.167 secs] [Times: user=1.26 sys=0.02, real=0.17 secs] 
 (concurrent mode failure): 11078K->3445K(15744K), 0.0059540 secs] 16998K->3445K(21888K), [CMS Perm : 5110K->5110K(21248K)], 0.0060170 secs] [Times: user=0.01 sys=0.00, real=0.00 secs] 
91.398: Total time for which application threads were stopped: 0.0093740 seconds, Stopping threads took: 0.0032880 seconds
91.399: Application time: 0.0010900 seconds
91.453: [GC91.453: [ParNew: 5485K->600K(6144K), 0.0012750 secs] 8931K->7473K(21888K), 0.0013140 secs] [Times: user=0.00 sys=0.00, real=0.00 secs] 
91.454: Total time for which application threads were stopped: 0.0544030 seconds, Stopping threads took: 0.0530110 seconds
91.454: Application time: 0.0000560 seconds
91.494: [GC [1 CMS-initial-mark: 6873K(15744K)] 7771K(21888K), 0.0001070 secs] [Times: user=0.00 sys=0.00, real=0.00 secs] 
91.494: Total time for which application threads were stopped: 0.0398850 seconds, Stopping threads took: 0.0397520 seconds
91.494: [CMS-concurrent-mark-start]
91.497: [CMS-concurrent-mark: 0.003/0.003 secs] [Times: user=0.02 sys=0.00, real=0.00 secs] 
91.497: [CMS-concurrent-preclean-start]
91.498: [CMS-concurrent-preclean: 0.000/0.000 secs] [Times: user=0.00 sys=0.00, real=0.00 secs] 
91.498: [CMS-concurrent-abortable-preclean-start]
91.572: Application time: 0.0780300 seconds
91.576: [GC91.576: [ParNew: 6085K->209K(6144K), 0.0004050 secs] 12959K->7086K(21888K), 0.0004420 secs] [Times: user=0.01 sys=0.00, real=0.00 secs] 
91.576: Total time for which application threads were stopped: 0.0041250 seconds, Stopping threads took: 0.0036200 seconds
91.577: Application time: 0.0006120 seconds
91.577: [GC91.577: [ParNew: 5693K->600K(6144K), 0.0014220 secs] 12569K->12557K(21888K), 0.0014470 secs] [Times: user=0.01 sys=0.00, real=0.00 secs] 
91.578: Total time for which application threads were stopped: 0.0017960 seconds, Stopping threads took: 0.0003000 seconds
91.656: Application time: 0.0773700 seconds
91.679: [CMS-concurrent-abortable-preclean: 0.000/0.181 secs] [Times: user=1.29 sys=0.02, real=0.18 secs] 
91.696: [GC91.696: [ParNew: 5792K->5792K(6144K), 0.0000130 secs]91.696: [CMS (concurrent mode failure): 11957K->2469K(15744K), 0.0051500 secs] 17749K->2469K(21888K), [CMS Perm : 5110K->5110K(21248K)], 0.0052050 secs] [Times: user=0.01 sys=0.00, real=0.01 secs] 
91.701: Total time for which application threads were stopped: 0.0449640 seconds, Stopping threads took: 0.0396900 seconds
91.702: Application time: 0.0010910 seconds
91.754: [GC91.754: [ParNew: 5368K->630K(6144K), 0.0015210 secs] 7837K->7508K(21888K), 0.0015580 secs] [Times: user=0.01 sys=0.01, real=0.00 secs] 
91.755: Total time for which application threads were stopped: 0.0535600 seconds, Stopping threads took: 0.0519400 seconds
91.755: Application time: 0.0000590 seconds
91.756: [GC [1 CMS-initial-mark: 6878K(15744K)] 8295K(21888K), 0.0000980 secs] [Times: user=0.00 sys=0.00, real=0.00 secs] 
91.756: Total time for which application threads were stopped: 0.0002960 seconds, Stopping threads took: 0.0001520 seconds
91.756: [CMS-concurrent-mark-start]
91.759: [CMS-concurrent-mark: 0.003/0.003 secs] [Times: user=0.00 sys=0.00, real=0.00 secs] 
91.759: [CMS-concurrent-preclean-start]
91.759: [CMS-concurrent-preclean: 0.000/0.000 secs] [Times: user=0.00 sys=0.00, real=0.00 secs] 
91.759: [CMS-concurrent-abortable-preclean-start]
91.843: Application time: 0.0867730 seconds
91.881: [GC91.881: [ParNew: 6017K->12K(6144K), 0.0005440 secs] 12896K->6922K(21888K), 0.0005760 secs] [Times: user=0.00 sys=0.00, real=0.00 secs] 
91.882: Total time for which application threads were stopped: 0.0395060 seconds, Stopping threads took: 0.0388570 seconds
91.883: Application time: 0.0005480 seconds
91.883: [GC91.883: [ParNew: 5497K->602K(6144K), 0.0016250 secs] 12407K->12395K(21888K), 0.0016640 secs] [Times: user=0.01 sys=0.00, real=0.00 secs] 
91.885: Total time for which application threads were stopped: 0.0020150 seconds, Stopping threads took: 0.0003010 seconds
91.963: Application time: 0.0783310 seconds
91.985: [CMS-concurrent-abortable-preclean: 0.000/0.226 secs] [Times: user=1.46 sys=0.05, real=0.23 secs] 
92.004: [GC92.004: [ParNew: 5989K->5989K(6144K), 0.0000130 secs]92.004: [CMS (concurrent mode failure): 11793K->2469K(15744K), 0.0059360 secs] 17782K->2469K(21888K), [CMS Perm : 5110K->5110K(21248K)], 0.0059910 secs] [Times: user=0.00 sys=0.00, real=0.01 secs] 
92.010: Total time for which application threads were stopped: 0.0466020 seconds, Stopping threads took: 0.0405260 seconds
92.011: Application time: 0.0009890 seconds
92.052: [GC92.052: [ParNew: 5388K->600K(6144K), 0.0013650 secs] 7857K->7575K(21888K), 0.0013930 secs] [Times: user=0.01 sys=0.01, real=0.00 secs] 
92.053: Total time for which application threads were stopped: 0.0428660 seconds, Stopping threads took: 0.0414010 seconds
92.054: Application time: 0.0000940 seconds
92.054: [GC [1 CMS-initial-mark: 6975K(15744K)] 8165K(21888K), 0.0001080 secs] [Times: user=0.00 sys=0.00, real=0.00 secs] 
92.054: Total time for which application threads were stopped: 0.0003040 seconds, Stopping threads took: 0.0001700 seconds
92.054: [CMS-concurrent-mark-start]
92.057: [CMS-concurrent-mark: 0.003/0.003 secs] [Times: user=0.02 sys=0.00, real=0.00 secs] 
92.057: [CMS-concurrent-preclean-start]
92.057: [CMS-concurrent-preclean: 0.000/0.000 secs] [Times: user=0.00 sys=0.00, real=0.00 secs] 
92.057: [CMS-concurrent-abortable-preclean-start]
92.143: Application time: 0.0894120 seconds
92.197: [GC92.197: [ParNew: 6085K->209K(6144K), 0.0005590 secs] 13061K->7186K(21888K), 0.0005890 secs] [Times: user=0.00 sys=0.00, real=0.00 secs] 
92.197: Total time for which application threads were stopped: 0.0540840 seconds, Stopping threads took: 0.0534240 seconds
92.198: Application time: 0.0006080 seconds
92.198: [GC92.198: [ParNew: 5578K->630K(6144K), 0.0015050 secs] 12555K->12492K(21888K), 0.0015410 secs] [Times: user=0.01 sys=0.00, real=0.01 secs] 
92.200: Total time for which application threads were stopped: 0.0019440 seconds, Stopping threads took: 0.0003280 seconds
92.277: Application time: 0.0767560 seconds
92.300: [CMS-concurrent-abortable-preclean: 0.000/0.243 secs] [Times: user=1.50 sys=0.03, real=0.25 secs] 
92.318: [GC92.318: [ParNew: 6017K->6017K(6144K), 0.0000120 secs]92.318: [CMS (concurrent mode failure): 11861K->2469K(15744K), 0.0058830 secs] 17879K->2469K(21888K), [CMS Perm : 5110K->5110K(21248K)], 0.0059380 secs] [Times: user=0.01 sys=0.00, real=0.01 secs] 
92.324: Total time for which application threads were stopped: 0.0474890 seconds, Stopping threads took: 0.0414680 seconds
92.325: Application time: 0.0011300 seconds
92.365: [GC92.365: [ParNew: 5349K->632K(6144K), 0.0015710 secs] 7818K->7436K(21888K), 0.0016000 secs] [Times: user=0.01 sys=0.00, real=0.00 secs] 
92.367: Total time for which application threads were stopped: 0.0416600 seconds, Stopping threads took: 0.0400070 seconds
92.367: Application time: 0.0000540 seconds
92.367: [GC [1 CMS-initial-mark: 6804K(15744K)] 8419K(21888K), 0.0000950 secs] [Times: user=0.00 sys=0.00, real=0.00 secs] 
92.367: Total time for which application threads were stopped: 0.0002880 seconds, Stopping threads took: 0.0001720 seconds
92.367: [CMS-concurrent-mark-start]
92.371: [CMS-concurrent-mark: 0.004/0.004 secs] [Times: user=0.01 sys=0.00, real=0.01 secs] 
92.371: [CMS-concurrent-preclean-start]
92.371: [CMS-concurrent-preclean: 0.000/0.000 secs] [Times: user=0.00 sys=0.00, real=0.00 secs] 
92.371: [CMS-concurrent-abortable-preclean-start]
92.461: Application time: 0.0935010 seconds
92.517: [GC92.517: [ParNew: 6117K->12K(6144K), 0.0005150 secs] 12922K->6853K(21888K), 0.0005450 secs] [Times: user=0.00 sys=0.00, real=0.00 secs] 
92.517: Total time for which application threads were stopped: 0.0566940 seconds, Stopping threads took: 0.0560830 seconds
92.518: Application time: 0.0005080 seconds
92.518: [GC92.518: [ParNew: 5302K->602K(6144K), 0.0015010 secs] 12143K->12130K(21888K), 0.0015380 secs] [Times: user=0.01 sys=0.00, real=0.01 secs] 
92.520: Total time for which application threads were stopped: 0.0019690 seconds, Stopping threads took: 0.0003690 seconds
92.597: Application time: 0.0774270 seconds
92.620: [CMS-concurrent-abortable-preclean: 0.000/0.249 secs] [Times: user=1.56 sys=0.06, real=0.25 secs] 
92.639: [GC92.639: [ParNew: 5989K->5989K(6144K), 0.0000120 secs]92.639: [CMS (concurrent mode failure): 11528K->2273K(15744K), 0.0052250 secs] 17518K->2273K(21888K), [CMS Perm : 5110K->5110K(21248K)], 0.0052800 secs] [Times: user=0.00 sys=0.00, real=0.01 secs] 
92.644: Total time for which application threads were stopped: 0.0466970 seconds, Stopping threads took: 0.0413360 seconds
92.645: Application time: 0.0008580 seconds
92.645: [GC92.645: [ParNew: 5190K->502K(6144K), 0.0016340 secs] 7464K->7480K(21888K), 0.0016600 secs] [Times: user=0.01 sys=0.00, real=0.00 secs] 
92.647: Total time for which application threads were stopped: 0.0021480 seconds, Stopping threads took: 0.0004180 seconds
92.647: Application time: 0.0000540 seconds
92.688: [GC [1 CMS-initial-mark: 6978K(15744K)] 8070K(21888K), 0.0001110 secs] [Times: user=0.00 sys=0.00, real=0.00 secs] 
92.688: Total time for which application threads were stopped: 0.0407610 seconds, Stopping threads took: 0.0406270 seconds
92.688: [CMS-concurrent-mark-start]
92.691: [CMS-concurrent-mark: 0.003/0.003 secs] [Times: user=0.01 sys=0.00, real=0.00 secs] 
92.691: [CMS-concurrent-preclean-start]
92.691: [CMS-concurrent-preclean: 0.000/0.000 secs] [Times: user=0.02 sys=0.00, real=0.00 secs] 
92.691: [CMS-concurrent-abortable-preclean-start]
92.778: Application time: 0.0905530 seconds
92.794: [GC92.794: [ParNew: 5948K->632K(6144K), 0.0008990 secs] 12926K->8807K(21888K), 0.0009360 secs] [Times: user=0.01 sys=0.00, real=0.00 secs] 
92.795: Total time for which application threads were stopped: 0.0167320 seconds, Stopping threads took: 0.0157100 seconds
92.796: Application time: 0.0008590 seconds
92.842: [GC92.842: [ParNew: 6020K->602K(6144K), 0.0016150 secs] 14195K->13205K(21888K), 0.0016620 secs] [Times: user=0.01 sys=0.00, real=0.00 secs] 
92.843: Total time for which application threads were stopped: 0.0474120 seconds, Stopping threads took: 0.0456690 seconds
92.922: Application time: 0.0783740 seconds
92.923: [GC92.923: [ParNew: 5990K->5990K(6144K), 0.0000140 secs]92.923: [CMS92.923: [CMS-concurrent-abortable-preclean: 0.000/0.231 secs] [Times: user=1.49 sys=0.04, real=0.23 secs] 
 (concurrent mode failure): 12603K->3055K(15744K), 0.0067440 secs] 18593K->3055K(21888K), [CMS Perm : 5110K->5110K(21248K)], 0.0068090 secs] [Times: user=0.01 sys=0.00, real=0.01 secs] 
92.929: Total time for which application threads were stopped: 0.0076170 seconds, Stopping threads took: 0.0007400 seconds
92.931: Application time: 0.0011970 seconds
92.983: [GC92.983: [ParNew: 5387K->500K(6144K), 0.0013650 secs] 8443K->7865K(21888K), 0.0013930 secs] [Times: user=0.01 sys=0.00, real=0.00 secs] 
92.984: Total time for which application threads were stopped: 0.0534900 seconds, Stopping threads took: 0.0520270 seconds
92.984: Application time: 0.0001350 seconds
93.024: [GC [1 CMS-initial-mark: 7364K(15744K)] 8852K(21888K), 0.0001150 secs] [Times: user=0.00 sys=0.00, real=0.00 secs] 
93.024: Total time for which application threads were stopped: 0.0399790 seconds, Stopping threads took: 0.0398160 seconds
93.024: [CMS-concurrent-mark-start]
93.028: [CMS-concurrent-mark: 0.004/0.004 secs] [Times: user=0.02 sys=0.00, real=0.01 secs] 
93.028: [CMS-concurrent-preclean-start]
93.028: [CMS-concurrent-preclean: 0.000/0.000 secs] [Times: user=0.01 sys=0.00, real=0.00 secs] 
93.028: [CMS-concurrent-abortable-preclean-start]
93.107: Application time: 0.0827540 seconds
93.112: [GC93.112: [ParNew: 5868K->628K(6144K), 0.0005490 secs] 13233K->7993K(21888K), 0.0005840 secs] [Times: user=0.00 sys=0.00, real=0.00 secs] 
93.112: Total time for which application threads were stopped: 0.0053720 seconds, Stopping threads took: 0.0047080 seconds
93.113: Application time: 0.0004800 seconds
93.113: [GC93.113: [ParNew: 6113K->598K(6144K), 0.0018460 secs] 13479K->13465K(21888K), 0.0018850 secs] [Times: user=0.02 sys=0.00, real=0.00 secs] 
93.115: Total time for which application threads were stopped: 0.0024840 seconds, Stopping threads took: 0.0005230 seconds
93.194: Application time: 0.0788360 seconds
93.216: [CMS-concurrent-abortable-preclean: 0.000/0.187 secs] [Times: user=1.31 sys=0.03, real=0.18 secs] 
93.235: [GC93.235: [ParNew: 5868K->5868K(6144K), 0.0000130 secs]93.235: [CMS (concurrent mode failure): 12867K->2860K(15744K), 0.0067240 secs] 18736K->2860K(21888K), [CMS Perm : 5110K->5110K(21248K)], 0.0067790 secs] [Times: user=0.00 sys=0.00, real=0.01 secs] 
93.241: Total time for which application threads were stopped: 0.0472180 seconds, Stopping threads took: 0.0403760 seconds
93.242: Application time: 0.0010360 seconds
93.283: [GC93.283: [ParNew: 5485K->600K(6144K), 0.0017000 secs] 8345K->8064K(21888K), 0.0017340 secs] [Times: user=0.02 sys=0.00, real=0.00 secs] 
93.284: Total time for which application threads were stopped: 0.0417930 seconds, Stopping threads took: 0.0399860 seconds
93.284: Application time: 0.0000740 seconds
93.284: [GC [1 CMS-initial-mark: 7464K(15744K)] 8361K(21888K), 0.0001010 secs] [Times: user=0.00 sys=0.00, real=0.00 secs] 
93.285: Total time for which application threads were stopped: 0.0002350 seconds, Stopping threads took: 0.0001110 seconds
93.285: [CMS-concurrent-mark-start]
93.288: [CMS-concurrent-mark: 0.004/0.004 secs] [Times: user=0.02 sys=0.00, real=0.01 secs] 
93.288: [CMS-concurrent-preclean-start]
93.288: [CMS-concurrent-preclean: 0.000/0.000 secs] [Times: user=0.00 sys=0.00, real=0.00 secs] 
93.288: [CMS-concurrent-abortable-preclean-start]
93.377: Application time: 0.0920150 seconds
93.427: [GC93.427: [ParNew: 5792K->404K(6144K), 0.0004250 secs] 13257K->7872K(21888K), 0.0004550 secs] [Times: user=0.00 sys=0.00, real=0.01 secs] 
93.428: Total time for which application threads were stopped: 0.0511550 seconds, Stopping threads took: 0.0506340 seconds
93.428: Application time: 0.0005770 seconds
93.429: [GC93.429: [ParNew: 5888K->600K(6144K), 0.0017000 secs] 13356K->13341K(21888K), 0.0017350 secs] [Times: user=0.01 sys=0.00, real=0.00 secs] 
93.430: Total time for which application threads were stopped: 0.0021400 seconds, Stopping threads took: 0.0003510 seconds
93.508: Application time: 0.0772950 seconds
93.531: [CMS-concurrent-abortable-preclean: 0.000/0.242 secs] [Times: user=1.52 sys=0.04, real=0.24 secs] 
93.549: [GC93.549: [ParNew: 5987K->5987K(6144K), 0.0000120 secs]93.549: [CMS (concurrent mode failure): 12741K->2860K(15744K), 0.0058760 secs] 18729K->2860K(21888K), [CMS Perm : 5110K->5110K(21248K)], 0.0059330 secs] [Times: user=0.00 sys=0.00, real=0.00 secs] 
93.555: Total time for which application threads were stopped: 0.0472610 seconds, Stopping threads took: 0.0412630 seconds
93.556: Application time: 0.0011670 seconds
93.611: [GC93.611: [ParNew: 5485K->598K(6144K), 0.0017950 secs] 8346K->7767K(21888K), 0.0018280 secs] [Times: user=0.01 sys=0.00, real=0.00 secs] 
93.613: Total time for which application threads were stopped: 0.0563410 seconds, Stopping threads took: 0.0544360 seconds
93.613: Application time: 0.0000430 seconds
93.613: [GC [1 CMS-initial-mark: 7169K(15744K)] 8260K(21888K), 0.0001000 secs] [Times: user=0.00 sys=0.00, real=0.00 secs] 
93.613: Total time for which application threads were stopped: 0.0003800 seconds, Stopping threads took: 0.0002350 seconds
93.613: [CMS-concurrent-mark-start]
93.615: [CMS-concurrent-mark: 0.002/0.002 secs] [Times: user=0.01 sys=0.00, real=0.00 secs] 
93.615: [CMS-concurrent-preclean-start]
93.615: [CMS-concurrent-preclean: 0.000/0.000 secs] [Times: user=0.00 sys=0.00, real=0.00 secs] 
93.615: Application time: 0.0023230 seconds
93.689: [GC[YG occupancy: 2372 K (6144 K)]93.689: [Rescan (parallel) , 0.0002130 secs]93.689: [weak refs processing, 0.0000070 secs]93.689: [scrub string table, 0.0000900 secs] [1 CMS-remark: 7169K(15744K)] 9542K(21888K), 0.0003450 secs] [Times: user=0.00 sys=0.00, real=0.00 secs] 
93.689: Total time for which application threads were stopped: 0.0737190 seconds, Stopping threads took: 0.0733240 seconds
93.689: [CMS-concurrent-sweep-start]
93.690: Application time: 0.0007360 seconds
93.730: [GC93.730: [ParNew: 5985K->602K(6144K), 0.0012270 secs] 13155K->10995K(21888K), 0.0012550 secs] [Times: user=0.01 sys=0.00, real=0.00 secs] 
93.731: Total time for which application threads were stopped: 0.0412200 seconds, Stopping threads took: 0.0399150 seconds
93.732: [CMS-concurrent-sweep: 0.001/0.043 secs] [Times: user=0.11 sys=0.02, real=0.04 secs] 
93.732: [CMS-concurrent-reset-start]
93.732: [CMS-concurrent-reset: 0.000/0.000 secs] [Times: user=0.00 sys=0.00, real=0.00 secs] 
93.809: Application time: 0.0783000 seconds
93.810: [GC93.810: [ParNew: 6066K->628K(6144K), 0.0004900 secs] 14895K->9457K(21888K), 0.0005230 secs] [Times: user=0.00 sys=0.00, real=0.00 secs] 
93.811: Total time for which application threads were stopped: 0.0014490 seconds, Stopping threads took: 0.0008660 seconds
93.811: Application time: 0.0000700 seconds
93.811: [GC [1 CMS-initial-mark: 8829K(15744K)] 10245K(21888K), 0.0001020 secs] [Times: user=0.00 sys=0.00, real=0.00 secs] 
93.811: Total time for which application threads were stopped: 0.0003000 seconds, Stopping threads took: 0.0001740 seconds
93.811: [CMS-concurrent-mark-start]
93.812: Application time: 0.0006600 seconds
93.852: [GC93.852: [ParNew: 6109K->596K(6144K), 0.0012710 secs] 14939K->12779K(21888K), 0.0012970 secs] [Times: user=0.01 sys=0.00, real=0.00 secs] 
93.853: Total time for which application threads were stopped: 0.0413450 seconds, Stopping threads took: 0.0400060 seconds
93.856: [CMS-concurrent-mark: 0.004/0.045 secs] [Times: user=0.15 sys=0.01, real=0.04 secs] 
93.856: [CMS-concurrent-preclean-start]
93.857: [CMS-concurrent-preclean: 0.000/0.000 secs] [Times: user=0.00 sys=0.00, real=0.00 secs] 
93.857: [CMS-concurrent-abortable-preclean-start]
93.857: [CMS-concurrent-abortable-preclean: 0.000/0.000 secs] [Times: user=0.00 sys=0.00, real=0.00 secs] 
93.857: Application time: 0.0034490 seconds
93.930: [GC[YG occupancy: 4321 K (6144 K)]93.930: [Rescan (parallel) , 0.0002880 secs]93.931: [weak refs processing, 0.0000070 secs]93.931: [scrub string table, 0.0001060 secs] [1 CMS-remark: 12183K(15744K)] 16504K(21888K), 0.0004340 secs] [Times: user=0.01 sys=0.00, real=0.00 secs] 
93.931: Total time for which application threads were stopped: 0.0741050 seconds, Stopping threads took: 0.0736300 seconds
93.931: [CMS-concurrent-sweep-start]
93.931: Application time: 0.0004120 seconds
93.987: [GC93.987: [ParNew: 5981K->5981K(6144K), 0.0000100 secs]93.987: [CMS93.987: [CMS-concurrent-sweep: 0.001/0.057 secs] [Times: user=0.07 sys=0.04, real=0.06 secs] 
 (concurrent mode failure): 12183K->3055K(15744K), 0.0059840 secs] 18165K->3055K(21888K), [CMS Perm : 5110K->5110K(21248K)], 0.0060360 secs] [Times: user=0.01 sys=0.00, real=0.01 secs] 
93.993: Total time for which application threads were stopped: 0.0621080 seconds, Stopping threads took: 0.0560100 seconds
93.994: Application time: 0.0010130 seconds
94.034: [GC94.034: [ParNew: 5485K->596K(6144K), 0.0016540 secs] 8540K->8255K(21888K), 0.0016840 secs] [Times: user=0.01 sys=0.00, real=0.00 secs] 
94.036: Total time for which application threads were stopped: 0.0416670 seconds, Stopping threads took: 0.0399090 seconds
94.036: Application time: 0.0001180 seconds
94.090: [GC [1 CMS-initial-mark: 7659K(15744K)] 9047K(21888K), 0.0001030 secs] [Times: user=0.00 sys=0.00, real=0.00 secs] 
94.090: Total time for which application threads were stopped: 0.0541060 seconds, Stopping threads took: 0.0539770 seconds
94.090: [CMS-concurrent-mark-start]
94.094: [CMS-concurrent-mark: 0.004/0.004 secs] [Times: user=0.02 sys=0.00, real=0.00 secs] 
94.094: [CMS-concurrent-preclean-start]
94.094: [CMS-concurrent-preclean: 0.000/0.000 secs] [Times: user=0.00 sys=0.00, real=0.00 secs] 
94.094: [CMS-concurrent-abortable-preclean-start]
94.172: Application time: 0.0818600 seconds
94.178: [GC94.178: [ParNew: 5983K->496K(6144K), 0.0006850 secs] 13643K->9524K(21888K), 0.0007290 secs] [Times: user=0.01 sys=0.00, real=0.00 secs] 
94.179: Total time for which application threads were stopped: 0.0069980 seconds, Stopping threads took: 0.0061940 seconds
94.180: Application time: 0.0007900 seconds
94.219: [GC94.219: [ParNew: 5982K->602K(6144K), 0.0018210 secs] 15009K->14906K(21888K), 0.0018640 secs] [Times: user=0.01 sys=0.00, real=0.01 secs] 
94.221: Total time for which application threads were stopped: 0.0415440 seconds, Stopping threads took: 0.0396060 seconds
94.301: Application time: 0.0795680 seconds
94.302: [GC94.302: [ParNew: 5989K->5989K(6144K), 0.0000160 secs]94.302: [CMS94.302: [CMS-concurrent-abortable-preclean: 0.000/0.208 secs] [Times: user=1.37 sys=0.02, real=0.21 secs] 
 (concurrent mode failure): 14303K->4325K(15744K), 0.0063130 secs] 20293K->4325K(21888K), [CMS Perm : 5110K->5110K(21248K)], 0.0063790 secs] [Times: user=0.01 sys=0.00, real=0.01 secs] 
94.308: Total time for which application threads were stopped: 0.0075030 seconds, Stopping threads took: 0.0010360 seconds
94.310: Application time: 0.0017850 seconds
94.387: [GC94.387: [ParNew: 5368K->428K(6144K), 0.0005730 secs] 9693K->5146K(21888K), 0.0006060 secs] [Times: user=0.00 sys=0.00, real=0.00 secs] 
94.387: Total time for which application threads were stopped: 0.0771210 seconds, Stopping threads took: 0.0764390 seconds
94.388: Application time: 0.0006590 seconds
94.442: [GC94.442: [ParNew: 5895K->630K(6144K), 0.0015770 secs] 10612K->9883K(21888K), 0.0016080 secs] [Times: user=0.01 sys=0.00, real=0.00 secs] 
94.444: Total time for which application threads were stopped: 0.0559630 seconds, Stopping threads took: 0.0542930 seconds
94.444: Application time: 0.0000540 seconds
94.444: [GC [1 CMS-initial-mark: 9253K(15744K)] 10475K(21888K), 0.0000890 secs] [Times: user=0.00 sys=0.00, real=0.00 secs] 
94.444: Total time for which application threads were stopped: 0.0002970 seconds, Stopping threads took: 0.0001630 seconds
94.444: [CMS-concurrent-mark-start]
94.448: [CMS-concurrent-mark: 0.003/0.003 secs] [Times: user=0.02 sys=0.00, real=0.01 secs] 
94.448: [CMS-concurrent-preclean-start]
94.448: [CMS-concurrent-preclean: 0.000/0.000 secs] [Times: user=0.00 sys=0.00, real=0.00 secs] 
94.448: [CMS-concurrent-abortable-preclean-start]
94.530: Application time: 0.0860940 seconds
94.575: [GC94.576: [ParNew: 6096K->628K(6144K), 0.0005230 secs] 15349K->10106K(21888K), 0.0005560 secs] [Times: user=0.01 sys=0.00, real=0.00 secs] 
94.576: Total time for which application threads were stopped: 0.0457070 seconds, Stopping threads took: 0.0450960 seconds
94.577: Application time: 0.0008000 seconds
94.632: [GC94.632: [ParNew: 6111K->600K(6144K), 0.0013470 secs] 15590K->13623K(21888K), 0.0013800 secs] [Times: user=0.01 sys=0.00, real=0.00 secs] 
94.634: Total time for which application threads were stopped: 0.0566610 seconds, Stopping threads took: 0.0552280 seconds
94.711: Application time: 0.0772550 seconds
94.714: [GC94.714: [ParNew: 6085K->6085K(6144K), 0.0000120 secs]94.714: [CMS94.714: [CMS-concurrent-abortable-preclean: 0.000/0.266 secs] [Times: user=1.51 sys=0.07, real=0.26 secs] 
 (concurrent mode failure): 13022K->2274K(15744K), 0.0058540 secs] 19108K->2274K(21888K), [CMS Perm : 5110K->5110K(21248K)], 0.0059180 secs] [Times: user=0.00 sys=0.00, real=0.01 secs] 
94.720: Total time for which application threads were stopped: 0.0092510 seconds, Stopping threads took: 0.0032440 seconds
94.721: Application time: 0.0008610 seconds
94.761: [GC94.761: [ParNew: 5192K->600K(6144K), 0.0015020 secs] 7467K->7186K(21888K), 0.0015320 secs] [Times: user=0.01 sys=0.00, real=0.00 secs] 
94.762: Total time for which application threads were stopped: 0.0415520 seconds, Stopping threads took: 0.0399650 seconds
94.763: Application time: 0.0000560 seconds
94.763: [GC [1 CMS-initial-mark: 6586K(15744K)] 7576K(21888K), 0.0001160 secs] [Times: user=0.00 sys=0.00, real=0.00 secs] 
94.763: Total time for which application threads were stopped: 0.0004560 seconds, Stopping threads took: 0.0003030 seconds
94.763: [CMS-concurrent-mark-start]
94.766: [CMS-concurrent-mark: 0.003/0.003 secs] [Times: user=0.01 sys=0.00, real=0.00 secs] 
94.766: [CMS-concurrent-preclean-start]
94.766: [CMS-concurrent-preclean: 0.000/0.000 secs] [Times: user=0.00 sys=0.00, real=0.00 secs] 
94.766: [CMS-concurrent-abortable-preclean-start]
94.853: Application time: 0.0897510 seconds
94.906: [GC94.906: [ParNew: 5987K->402K(6144K), 0.0005710 secs] 12573K->7380K(21888K), 0.0006040 secs] [Times: user=0.00 sys=0.00, real=0.00 secs] 
94.907: Total time for which application threads were stopped: 0.0540720 seconds, Stopping threads took: 0.0534130 seconds
94.908: Application time: 0.0007290 seconds
94.947: [GC94.947: [ParNew: 5830K->638K(6144K), 0.0016470 secs] 12808K->11963K(21888K), 0.0016840 secs] [Times: user=0.01 sys=0.00, real=0.01 secs] 
94.949: Total time for which application threads were stopped: 0.0414590 seconds, Stopping threads took: 0.0397010 seconds
95.026: Application time: 0.0771700 seconds
95.049: [CMS-concurrent-abortable-preclean: 0.000/0.283 secs] [Times: user=1.56 sys=0.05, real=0.29 secs] 
95.067: [GC95.067: [ParNew: 6026K->6026K(6144K), 0.0000120 secs]95.067: [CMS (concurrent mode failure): 11325K->1884K(15744K), 0.0051360 secs] 17351K->1884K(21888K), [CMS Perm : 5110K->5110K(21248K)], 0.0051910 secs] [Times: user=0.01 sys=0.00, real=0.01 secs] 
95.073: Total time for which application threads were stopped: 0.0463930 seconds, Stopping threads took: 0.0411230 seconds
95.073: Application time: 0.0009270 seconds
95.074: [GC95.074: [ParNew: 5483K->600K(6144K), 0.0015100 secs] 7367K->7381K(21888K), 0.0015360 secs] [Times: user=0.01 sys=0.00, real=0.00 secs] 
95.075: Total time for which application threads were stopped: 0.0019660 seconds, Stopping threads took: 0.0003490 seconds
95.076: Application time: 0.0000710 seconds
95.076: [GC [1 CMS-initial-mark: 6781K(15744K)] 7578K(21888K), 0.0001040 secs] [Times: user=0.00 sys=0.00, real=0.00 secs] 
95.076: Total time for which application threads were stopped: 0.0003270 seconds, Stopping threads took: 0.0002010 seconds
95.076: [CMS-concurrent-mark-start]
95.079: [CMS-concurrent-mark: 0.004/0.004 secs] [Times: user=0.02 sys=0.00, real=0.01 secs] 
95.079: [CMS-concurrent-preclean-start]
95.080: [CMS-concurrent-preclean: 0.000/0.000 secs] [Times: user=0.00 sys=0.00, real=0.00 secs] 
95.080: [CMS-concurrent-abortable-preclean-start]
95.163: Application time: 0.0872000 seconds
95.221: [GC95.221: [ParNew: 5773K->430K(6144K), 0.0004180 secs] 12554K->7213K(21888K), 0.0004520 secs] [Times: user=0.00 sys=0.00, real=0.00 secs] 
95.221: Total time for which application threads were stopped: 0.0582700 seconds, Stopping threads took: 0.0577540 seconds
95.222: Application time: 0.0006180 seconds
95.222: [GC95.222: [ParNew: 5916K->600K(6144K), 0.0015210 secs] 12698K->12686K(21888K), 0.0015510 secs] [Times: user=0.01 sys=0.00, real=0.00 secs] 
95.224: Total time for which application threads were stopped: 0.0019480 seconds, Stopping threads took: 0.0003490 seconds
95.301: Application time: 0.0774750 seconds
95.324: [CMS-concurrent-abortable-preclean: 0.001/0.245 secs] [Times: user=1.51 sys=0.06, real=0.24 secs] 
95.342: [GC95.342: [ParNew: 5987K->5987K(6144K), 0.0000120 secs]95.342: [CMS (concurrent mode failure): 12086K->2860K(15744K), 0.0050630 secs] 18074K->2860K(21888K), [CMS Perm : 5110K->5110K(21248K)], 0.0051180 secs] [Times: user=0.01 sys=0.00, real=0.00 secs] 
95.347: Total time for which application threads were stopped: 0.0458840 seconds, Stopping threads took: 0.0407070 seconds
95.348: Application time: 0.0009710 seconds
95.388: [GC95.388: [ParNew: 5485K->502K(6144K), 0.0017350 secs] 8346K->8065K(21888K), 0.0017650 secs] [Times: user=0.01 sys=0.00, real=0.00 secs] 
95.390: Total time for which application threads were stopped: 0.0416690 seconds, Stopping threads took: 0.0398510 seconds
95.390: Application time: 0.0000430 seconds
95.430: [GC [1 CMS-initial-mark: 7562K(15744K)] 8364K(21888K), 0.0000970 secs] [Times: user=0.00 sys=0.00, real=0.00 secs] 
95.430: Total time for which application threads were stopped: 0.0399550 seconds, Stopping threads took: 0.0398270 seconds
95.430: [CMS-concurrent-mark-start]
95.434: [CMS-concurrent-mark: 0.004/0.004 secs] [Times: user=0.02 sys=0.00, real=0.00 secs] 
95.434: [CMS-concurrent-preclean-start]
95.434: [CMS-concurrent-preclean: 0.000/0.000 secs] [Times: user=0.00 sys=0.00, real=0.00 secs] 
95.434: [CMS-concurrent-abortable-preclean-start]
95.517: Application time: 0.0869120 seconds
95.556: [GC95.556: [ParNew: 5773K->434K(6144K), 0.0005730 secs] 13335K->7998K(21888K), 0.0006070 secs] [Times: user=0.00 sys=0.00, real=0.00 secs] 
95.557: Total time for which application threads were stopped: 0.0398580 seconds, Stopping threads took: 0.0391770 seconds
95.557: Application time: 0.0004820 seconds
95.558: [GC95.558: [ParNew: 5918K->600K(6144K), 0.0017120 secs] 13482K->13468K(21888K), 0.0017460 secs] [Times: user=0.01 sys=0.00, real=0.00 secs] 
95.559: Total time for which application threads were stopped: 0.0021420 seconds, Stopping threads took: 0.0003200 seconds
95.638: Application time: 0.0788890 seconds
95.660: [CMS-concurrent-abortable-preclean: 0.000/0.226 secs] [Times: user=1.45 sys=0.03, real=0.23 secs] 
95.678: [GC95.678: [ParNew: 5987K->5987K(6144K), 0.0000130 secs]95.678: [CMS (concurrent mode failure): 12868K->2860K(15744K), 0.0066990 secs] 18856K->2860K(21888K), [CMS Perm : 5110K->5110K(21248K)], 0.0067540 secs] [Times: user=0.01 sys=0.00, real=0.01 secs] 
95.685: Total time for which application threads were stopped: 0.0465990 seconds, Stopping threads took: 0.0397720 seconds
95.686: Application time: 0.0012520 seconds
95.741: [GC95.741: [ParNew: 5485K->600K(6144K), 0.0014830 secs] 8346K->7770K(21888K), 0.0015130 secs] [Times: user=0.01 sys=0.00, real=0.00 secs] 
95.743: Total time for which application threads were stopped: 0.0568800 seconds, Stopping threads took: 0.0553110 seconds
95.743: Application time: 0.0000850 seconds
95.743: [GC [1 CMS-initial-mark: 7170K(15744K)] 8657K(21888K), 0.0000950 secs] [Times: user=0.00 sys=0.00, real=0.00 secs] 
95.743: Total time for which application threads were stopped: 0.0001830 seconds, Stopping threads took: 0.0000660 seconds
95.743: [CMS-concurrent-mark-start]
95.750: [CMS-concurrent-mark: 0.006/0.006 secs] [Times: user=0.03 sys=0.00, real=0.01 secs] 
95.750: [CMS-concurrent-preclean-start]
95.750: [CMS-concurrent-preclean: 0.000/0.000 secs] [Times: user=0.00 sys=0.00, real=0.00 secs] 
95.750: [CMS-concurrent-abortable-preclean-start]
95.829: Application time: 0.0860890 seconds
95.871: [GC95.871: [ParNew: 5988K->600K(6144K), 0.0005750 secs] 13158K->7771K(21888K), 0.0006100 secs] [Times: user=0.00 sys=0.00, real=0.00 secs] 
95.871: Total time for which application threads were stopped: 0.0419010 seconds, Stopping threads took: 0.0412180 seconds
95.872: Application time: 0.0005860 seconds
95.872: [GC95.872: [ParNew: 6085K->598K(6144K), 0.0019670 secs] 13257K->13243K(21888K), 0.0020020 secs] [Times: user=0.01 sys=0.00, real=0.00 secs] 
95.874: Total time for which application threads were stopped: 0.0025360 seconds, Stopping threads took: 0.0004570 seconds
95.953: Application time: 0.0787090 seconds
95.975: [CMS-concurrent-abortable-preclean: 0.000/0.225 secs] [Times: user=1.42 sys=0.04, real=0.22 secs] 
95.993: [GC95.993: [ParNew: 6083K->6083K(6144K), 0.0000130 secs]95.993: [CMS (concurrent mode failure): 12644K->3153K(15744K), 0.0067720 secs] 18728K->3153K(21888K), [CMS Perm : 5110K->5110K(21248K)], 0.0068280 secs] [Times: user=0.00 sys=0.00, real=0.01 secs] 
96.000: Total time for which application threads were stopped: 0.0471080 seconds, Stopping threads took: 0.0401960 seconds
96.001: Application time: 0.0013310 seconds
96.054: [GC96.054: [ParNew: 5485K->502K(6144K), 0.0015160 secs] 8639K->8356K(21888K), 0.0015480 secs] [Times: user=0.01 sys=0.01, real=0.00 secs] 
96.055: Total time for which application threads were stopped: 0.0538740 seconds, Stopping threads took: 0.0522520 seconds
96.055: Application time: 0.0000950 seconds
96.095: [GC [1 CMS-initial-mark: 7853K(15744K)] 9050K(21888K), 0.0001080 secs] [Times: user=0.00 sys=0.00, real=0.00 secs] 
96.096: Total time for which application threads were stopped: 0.0400410 seconds, Stopping threads took: 0.0398810 seconds
96.096: [CMS-concurrent-mark-start]
96.099: [CMS-concurrent-mark: 0.003/0.003 secs] [Times: user=0.01 sys=0.00, real=0.00 secs] 
96.099: [CMS-concurrent-preclean-start]
96.099: [CMS-concurrent-preclean: 0.000/0.000 secs] [Times: user=0.00 sys=0.00, real=0.00 secs] 
96.099: [CMS-concurrent-abortable-preclean-start]
96.182: Application time: 0.0865580 seconds
96.188: [GC96.188: [ParNew: 5988K->602K(6144K), 0.0005300 secs] 13841K->8849K(21888K), 0.0015500 secs] [Times: user=0.01 sys=0.00, real=0.00 secs] 
96.190: Total time for which application threads were stopped: 0.0074670 seconds, Stopping threads took: 0.0058310 seconds
96.190: Application time: 0.0005230 seconds
96.230: [GC96.230: [ParNew: 5794K->598K(6144K), 0.0017040 secs] 14042K->13340K(21888K), 0.0017380 secs] [Times: user=0.01 sys=0.00, real=0.00 secs] 
96.232: Total time for which application threads were stopped: 0.0418540 seconds, Stopping threads took: 0.0400400 seconds
96.309: Application time: 0.0769020 seconds
96.332: [CMS-concurrent-abortable-preclean: 0.000/0.233 secs] [Times: user=1.41 sys=0.06, real=0.24 secs] 
96.351: [GC96.351: [ParNew: 5985K->5985K(6144K), 0.0000120 secs]96.351: [CMS (concurrent mode failure): 12742K->2079K(15744K), 0.0057950 secs] 18728K->2079K(21888K), [CMS Perm : 5110K->5110K(21248K)], 0.0058530 secs] [Times: user=0.00 sys=0.00, real=0.00 secs] 
96.356: Total time for which application threads were stopped: 0.0475860 seconds, Stopping threads took: 0.0416710 seconds
96.357: Application time: 0.0008680 seconds
96.397: [GC96.397: [ParNew: 5388K->602K(6144K), 0.0016220 secs] 7467K->7188K(21888K), 0.0016530 secs] [Times: user=0.01 sys=0.00, real=0.00 secs] 
96.399: Total time for which application threads were stopped: 0.0417270 seconds, Stopping threads took: 0.0399970 seconds
96.399: Application time: 0.0000580 seconds
96.399: [GC [1 CMS-initial-mark: 6586K(15744K)] 7776K(21888K), 0.0001110 secs] [Times: user=0.00 sys=0.00, real=0.01 secs] 
96.400: Total time for which application threads were stopped: 0.0004580 seconds, Stopping threads took: 0.0003190 seconds
96.400: [CMS-concurrent-mark-start]
96.403: [CMS-concurrent-mark: 0.003/0.003 secs] [Times: user=0.02 sys=0.00, real=0.00 secs] 
96.403: [CMS-concurrent-preclean-start]
96.403: [CMS-concurrent-preclean: 0.000/0.000 secs] [Times: user=0.00 sys=0.00, real=0.00 secs] 
96.403: [CMS-concurrent-abortable-preclean-start]
96.486: Application time: 0.0864830 seconds
96.528: [GC96.528: [ParNew: 5989K->406K(6144K), 0.0005000 secs] 12576K->7387K(21888K), 0.0005350 secs] [Times: user=0.00 sys=0.00, real=0.00 secs] 
96.528: Total time for which application threads were stopped: 0.0421260 seconds, Stopping threads took: 0.0415330 seconds
96.529: Application time: 0.0009770 seconds
96.569: [GC96.569: [ParNew: 5853K->632K(6144K), 0.0013260 secs] 12834K->10957K(21888K), 0.0013600 secs] [Times: user=0.01 sys=0.00, real=0.00 secs] 
96.571: Total time for which application threads were stopped: 0.0415160 seconds, Stopping threads took: 0.0400980 seconds
96.649: Application time: 0.0780240 seconds
96.655: [GC96.655: [ParNew: 6000K->6000K(6144K), 0.0000150 secs]96.655: [CMS96.655: [CMS-concurrent-abortable-preclean: 0.000/0.252 secs] [Times: user=1.52 sys=0.06, real=0.25 secs] 
 (concurrent mode failure): 10325K->1884K(15744K), 0.0064730 secs] 16326K->1884K(21888K), [CMS Perm : 5110K->5110K(21248K)], 0.0065370 secs] [Times: user=0.00 sys=0.00, real=0.01 secs] 
96.662: Total time for which application threads were stopped: 0.0129830 seconds, Stopping threads took: 0.0063710 seconds
96.663: Application time: 0.0009850 seconds
96.663: [GC96.663: [ParNew: 5366K->628K(6144K), 0.0016380 secs] 7251K->7216K(21888K), 0.0016670 secs] [Times: user=0.01 sys=0.00, real=0.00 secs] 
96.665: Total time for which application threads were stopped: 0.0021510 seconds, Stopping threads took: 0.0004110 seconds
96.665: Application time: 0.0000510 seconds
96.665: [GC [1 CMS-initial-mark: 6588K(15744K)] 8006K(21888K), 0.0001170 secs] [Times: user=0.00 sys=0.00, real=0.00 secs] 
96.665: Total time for which application threads were stopped: 0.0002990 seconds, Stopping threads took: 0.0001570 seconds
96.665: [CMS-concurrent-mark-start]
96.669: [CMS-concurrent-mark: 0.004/0.004 secs] [Times: user=0.02 sys=0.00, real=0.01 secs] 
96.669: [CMS-concurrent-preclean-start]
96.669: [CMS-concurrent-preclean: 0.000/0.000 secs] [Times: user=0.00 sys=0.00, real=0.00 secs] 
96.669: [CMS-concurrent-abortable-preclean-start]
96.758: Application time: 0.0933550 seconds
96.814: [GC96.814: [ParNew: 5918K->404K(6144K), 0.0004000 secs] 12506K->7022K(21888K), 0.0004310 secs] [Times: user=0.00 sys=0.00, real=0.00 secs] 
96.815: Total time for which application threads were stopped: 0.0561940 seconds, Stopping threads took: 0.0557090 seconds
96.815: Application time: 0.0005670 seconds
96.816: [GC96.816: [ParNew: 5890K->600K(6144K), 0.0016430 secs] 12508K->12492K(21888K), 0.0016790 secs] [Times: user=0.01 sys=0.00, real=0.00 secs] 
96.817: Total time for which application threads were stopped: 0.0020750 seconds, Stopping threads took: 0.0003430 seconds
96.895: Application time: 0.0778650 seconds
96.899: [GC96.899: [ParNew: 6085K->6085K(6144K), 0.0000130 secs]96.899: [CMS96.899: [CMS-concurrent-abortable-preclean: 0.000/0.230 secs] [Times: user=1.51 sys=0.04, real=0.22 secs] 
 (concurrent mode failure): 11892K->4032K(15744K), 0.0055620 secs] 17977K->4032K(21888K), [CMS Perm : 5110K->5110K(21248K)], 0.0056280 secs] [Times: user=0.01 sys=0.00, real=0.01 secs] 
96.905: Total time for which application threads were stopped: 0.0094860 seconds, Stopping threads took: 0.0037870 seconds
96.906: Application time: 0.0012870 seconds
96.973: [GC96.973: [ParNew: 5485K->598K(6144K), 0.0012860 secs] 9518K->7959K(21888K), 0.0013210 secs] [Times: user=0.01 sys=0.00, real=0.00 secs] 
96.975: Total time for which application threads were stopped: 0.0686560 seconds, Stopping threads took: 0.0672720 seconds
96.975: Application time: 0.0000490 seconds
97.029: [GC [1 CMS-initial-mark: 7361K(15744K)] 8258K(21888K), 0.0001000 secs] [Times: user=0.00 sys=0.00, real=0.00 secs] 
97.029: Total time for which application threads were stopped: 0.0546040 seconds, Stopping threads took: 0.0544820 seconds
97.029: [CMS-concurrent-mark-start]
97.032: [CMS-concurrent-mark: 0.003/0.003 secs] [Times: user=0.02 sys=0.00, real=0.00 secs] 
97.032: [CMS-concurrent-preclean-start]
97.033: [CMS-concurrent-preclean: 0.000/0.000 secs] [Times: user=0.00 sys=0.00, real=0.00 secs] 
97.033: [CMS-concurrent-abortable-preclean-start]
97.033: Application time: 0.0034270 seconds
97.107: [GC97.107: [ParNew: 5966K->630K(6144K), 0.0005900 secs] 13328K->7992K(21888K), 0.0006200 secs] [Times: user=0.01 sys=0.00, real=0.00 secs] 
97.107: Total time for which application threads were stopped: 0.0746660 seconds, Stopping threads took: 0.0739790 seconds
97.108: Application time: 0.0005900 seconds
97.108: [GC97.108: [ParNew: 6096K->628K(6144K), 0.0018770 secs] 13458K->13396K(21888K), 0.0019120 secs] [Times: user=0.01 sys=0.00, real=0.00 secs] 
97.110: Total time for which application threads were stopped: 0.0023110 seconds, Stopping threads took: 0.0003230 seconds
97.189: Application time: 0.0783800 seconds
97.211: [CMS-concurrent-abortable-preclean: 0.000/0.178 secs] [Times: user=1.15 sys=0.06, real=0.18 secs] 
97.231: [GC97.231: [ParNew: 6015K->6015K(6144K), 0.0000140 secs]97.231: [CMS (concurrent mode failure): 12768K->2958K(15744K), 0.0065750 secs] 18784K->2958K(21888K), [CMS Perm : 5110K->5110K(21248K)], 0.0066310 secs] [Times: user=0.01 sys=0.00, real=0.00 secs] 
97.238: Total time for which application threads were stopped: 0.0489490 seconds, Stopping threads took: 0.0422230 seconds
97.239: Application time: 0.0012070 seconds
97.290: [GC97.290: [ParNew: 5466K->630K(6144K), 0.0013210 secs] 8425K->6820K(21888K), 0.0013540 secs] [Times: user=0.01 sys=0.00, real=0.00 secs] 
97.291: Total time for which application threads were stopped: 0.0523560 seconds, Stopping threads took: 0.0509150 seconds
97.291: Application time: 0.0000630 seconds
97.331: [GC [1 CMS-initial-mark: 6189K(15744K)] 7800K(21888K), 0.0001130 secs] [Times: user=0.00 sys=0.00, real=0.00 secs] 
97.331: Total time for which application threads were stopped: 0.0400490 seconds, Stopping threads took: 0.0398870 seconds
97.331: [CMS-concurrent-mark-start]
97.334: [CMS-concurrent-mark: 0.003/0.003 secs] [Times: user=0.01 sys=0.00, real=0.00 secs] 
97.335: [CMS-concurrent-preclean-start]
97.335: [CMS-concurrent-preclean: 0.000/0.000 secs] [Times: user=0.00 sys=0.00, real=0.00 secs] 
97.335: [CMS-concurrent-abortable-preclean-start]
97.335: Application time: 0.0038820 seconds
97.408: [GC97.408: [ParNew: 6115K->598K(6144K), 0.0007260 secs] 12305K->7995K(21888K), 0.0007630 secs] [Times: user=0.01 sys=0.01, real=0.00 secs] 
97.409: Total time for which application threads were stopped: 0.0739460 seconds, Stopping threads took: 0.0731260 seconds
97.410: Application time: 0.0008980 seconds
97.461: [GC97.461: [ParNew: 6064K->630K(6144K), 0.0014660 secs] 13462K->11350K(21888K), 0.0015030 secs] [Times: user=0.00 sys=0.00, real=0.00 secs] 
97.463: Total time for which application threads were stopped: 0.0525650 seconds, Stopping threads took: 0.0509860 seconds
97.540: Application time: 0.0775990 seconds
97.541: [GC97.541: [ParNew: 6115K->6115K(6144K), 0.0000140 secs]97.542: [CMS97.542: [CMS-concurrent-abortable-preclean: 0.000/0.207 secs] [Times: user=1.29 sys=0.07, real=0.21 secs] 
 (concurrent mode failure): 10720K->2080K(15744K), 0.0058480 secs] 16836K->2080K(21888K), [CMS Perm : 5110K->5110K(21248K)], 0.0059110 secs] [Times: user=0.01 sys=0.00, real=0.00 secs] 
97.547: Total time for which application threads were stopped: 0.0072000 seconds, Stopping threads took: 0.0011990 seconds
97.548: Application time: 0.0008960 seconds
97.549: [GC97.549: [ParNew: 5386K->502K(6144K), 0.0013960 secs] 7466K->7482K(21888K), 0.0014250 secs] [Times: user=0.01 sys=0.00, real=0.00 secs] 
97.550: Total time for which application threads were stopped: 0.0019790 seconds, Stopping threads took: 0.0004800 seconds
97.550: Application time: 0.0001570 seconds
97.591: [GC [1 CMS-initial-mark: 6979K(15744K)] 9349K(21888K), 0.0001040 secs] [Times: user=0.00 sys=0.00, real=0.00 secs] 
97.591: Total time for which application threads were stopped: 0.0402310 seconds, Stopping threads took: 0.0400790 seconds
97.591: [CMS-concurrent-mark-start]
97.594: [CMS-concurrent-mark: 0.004/0.004 secs] [Times: user=0.02 sys=0.00, real=0.00 secs] 
97.594: [CMS-concurrent-preclean-start]
97.595: [CMS-concurrent-preclean: 0.000/0.000 secs] [Times: user=0.00 sys=0.00, real=0.00 secs] 
97.595: [CMS-concurrent-abortable-preclean-start]
97.681: Application time: 0.0902730 seconds
97.721: [GC97.721: [ParNew: 5890K->404K(6144K), 0.0006030 secs] 12869K->7776K(21888K), 0.0006380 secs] [Times: user=0.00 sys=0.00, real=0.00 secs] 
97.721: Total time for which application threads were stopped: 0.0403990 seconds, Stopping threads took: 0.0396870 seconds
97.722: Application time: 0.0006360 seconds
97.762: [GC97.762: [ParNew: 5792K->600K(6144K), 0.0014580 secs] 13164K->12464K(21888K), 0.0014930 secs] [Times: user=0.01 sys=0.00, real=0.00 secs] 
97.763: Total time for which application threads were stopped: 0.0414460 seconds, Stopping threads took: 0.0398740 seconds
97.841: Application time: 0.0777140 seconds
97.864: [CMS-concurrent-abortable-preclean: 0.000/0.269 secs] [Times: user=1.53 sys=0.08, real=0.27 secs] 
97.883: [GC97.883: [ParNew: 5987K->5987K(6144K), 0.0000140 secs]97.883: [CMS (concurrent mode failure): 11864K->2080K(15744K), 0.0065150 secs] 17852K->2080K(21888K), [CMS Perm : 5110K->5110K(21248K)], 0.0065710 secs] [Times: user=0.01 sys=0.00, real=0.01 secs] 
97.889: Total time for which application threads were stopped: 0.0480140 seconds, Stopping threads took: 0.0413570 seconds
97.890: Application time: 0.0008520 seconds
97.931: [GC97.931: [ParNew: 5388K->602K(6144K), 0.0015120 secs] 7468K->7189K(21888K), 0.0015490 secs] [Times: user=0.01 sys=0.00, real=0.00 secs] 
97.933: Total time for which application threads were stopped: 0.0429710 seconds, Stopping threads took: 0.0413650 seconds
97.933: Application time: 0.0000540 seconds
97.933: [GC [1 CMS-initial-mark: 6587K(15744K)] 7579K(21888K), 0.0001100 secs] [Times: user=0.00 sys=0.00, real=0.00 secs] 
97.934: Total time for which application threads were stopped: 0.0005330 seconds, Stopping threads took: 0.0003760 seconds
97.934: [CMS-concurrent-mark-start]
97.937: [CMS-concurrent-mark: 0.003/0.003 secs] [Times: user=0.02 sys=0.00, real=0.00 secs] 
97.937: [CMS-concurrent-preclean-start]
97.937: [CMS-concurrent-preclean: 0.000/0.000 secs] [Times: user=0.00 sys=0.00, real=0.00 secs] 
97.937: [CMS-concurrent-abortable-preclean-start]
98.022: Application time: 0.0879790 seconds
98.061: [GC98.061: [ParNew: 5989K->404K(6144K), 0.0006780 secs] 12576K->7386K(21888K), 0.0007120 secs] [Times: user=0.01 sys=0.00, real=0.00 secs] 
98.062: Total time for which application threads were stopped: 0.0406380 seconds, Stopping threads took: 0.0398490 seconds
98.063: Application time: 0.0007010 seconds
98.103: [GC98.103: [ParNew: 5890K->602K(6144K), 0.0016450 secs] 12872K->12174K(21888K), 0.0016820 secs] [Times: user=0.01 sys=0.00, real=0.00 secs] 
98.105: Total time for which application threads were stopped: 0.0417240 seconds, Stopping threads took: 0.0399790 seconds
98.182: Application time: 0.0772670 seconds
98.205: [CMS-concurrent-abortable-preclean: 0.000/0.268 secs] [Times: user=1.50 sys=0.07, real=0.27 secs] 
98.223: [GC98.223: [ParNew: 6087K->6087K(6144K), 0.0000120 secs]98.223: [CMS (concurrent mode failure): 11571K->2275K(15744K), 0.0058040 secs] 17659K->2275K(21888K), [CMS Perm : 5110K->5110K(21248K)], 0.0058600 secs] [Times: user=0.01 sys=0.00, real=0.01 secs] 
98.229: Total time for which application threads were stopped: 0.0471850 seconds, Stopping threads took: 0.0412420 seconds
98.230: Application time: 0.0008620 seconds
98.270: [GC98.270: [ParNew: 5192K->598K(6144K), 0.0016080 secs] 7468K->7185K(21888K), 0.0016370 secs] [Times: user=0.01 sys=0.00, real=0.00 secs] 
98.272: Total time for which application threads were stopped: 0.0416620 seconds, Stopping threads took: 0.0399460 seconds
98.272: Application time: 0.0000530 seconds
98.272: [GC [1 CMS-initial-mark: 6586K(15744K)] 7575K(21888K), 0.0001100 secs] [Times: user=0.00 sys=0.00, real=0.00 secs] 
98.272: Total time for which application threads were stopped: 0.0005160 seconds, Stopping threads took: 0.0003590 seconds
98.272: [CMS-concurrent-mark-start]
98.275: [CMS-concurrent-mark: 0.003/0.003 secs] [Times: user=0.01 sys=0.00, real=0.00 secs] 
98.275: [CMS-concurrent-preclean-start]
98.276: [CMS-concurrent-preclean: 0.000/0.000 secs] [Times: user=0.00 sys=0.00, real=0.00 secs] 
98.276: [CMS-concurrent-abortable-preclean-start]
98.362: Application time: 0.0894690 seconds
98.369: [GC98.369: [ParNew: 6083K->600K(6144K), 0.0007990 secs] 12670K->8555K(21888K), 0.0008380 secs] [Times: user=0.01 sys=0.00, real=0.00 secs] 
98.370: Total time for which application threads were stopped: 0.0086060 seconds, Stopping threads took: 0.0076990 seconds
98.371: Application time: 0.0010950 seconds
98.447: [GC98.447: [ParNew: 6086K->596K(6144K), 0.0005670 secs] 14041K->8942K(21888K), 0.0006010 secs] [Times: user=0.00 sys=0.00, real=0.01 secs] 
98.448: Total time for which application threads were stopped: 0.0763250 seconds, Stopping threads took: 0.0756680 seconds
98.448: Application time: 0.0004930 seconds
98.488: [GC98.488: [ParNew: 5788K->600K(6144K), 0.0014400 secs] 14135K->13441K(21888K), 0.0014730 secs] [Times: user=0.01 sys=0.00, real=0.00 secs] 
98.490: Total time for which application threads were stopped: 0.0414180 seconds, Stopping threads took: 0.0398910 seconds
98.568: Application time: 0.0783870 seconds
98.590: [CMS-concurrent-abortable-preclean: 0.000/0.314 secs] [Times: user=1.92 sys=0.08, real=0.32 secs] 
98.608: [GC98.608: [ParNew: 6098K->6098K(6144K), 0.0000120 secs]98.608: [CMS (concurrent mode failure): 12841K->2063K(15744K), 0.0065510 secs] 18939K->2063K(21888K), [CMS Perm : 5110K->5110K(21248K)], 0.0066040 secs] [Times: user=0.00 sys=0.00, real=0.00 secs] 
98.615: Total time for which application threads were stopped: 0.0467470 seconds, Stopping threads took: 0.0400700 seconds
98.616: Application time: 0.0010220 seconds
98.616: [GC98.616: [ParNew: 5310K->634K(6144K), 0.0014890 secs] 7374K->7324K(21888K), 0.0015170 secs] [Times: user=0.01 sys=0.00, real=0.00 secs] 
98.618: Total time for which application threads were stopped: 0.0018800 seconds, Stopping threads took: 0.0003110 seconds
98.618: Application time: 0.0000590 seconds
98.658: [GC [1 CMS-initial-mark: 6690K(15744K)] 8113K(21888K), 0.0001080 secs] [Times: user=0.00 sys=0.00, real=0.00 secs] 
98.658: Total time for which application threads were stopped: 0.0400420 seconds, Stopping threads took: 0.0398860 seconds
98.658: [CMS-concurrent-mark-start]
98.662: [CMS-concurrent-mark: 0.004/0.004 secs] [Times: user=0.02 sys=0.00, real=0.01 secs] 
98.662: [CMS-concurrent-preclean-start]
98.662: [CMS-concurrent-preclean: 0.000/0.000 secs] [Times: user=0.00 sys=0.00, real=0.00 secs] 
98.662: [CMS-concurrent-abortable-preclean-start]
98.747: Application time: 0.0892490 seconds
98.787: [GC98.787: [ParNew: 5826K->404K(6144K), 0.0004540 secs] 12516K->7133K(21888K), 0.0004880 secs] [Times: user=0.00 sys=0.00, real=0.01 secs] 
98.788: Total time for which application threads were stopped: 0.0406450 seconds, Stopping threads took: 0.0400730 seconds
98.788: Application time: 0.0005880 seconds
98.789: [GC98.789: [ParNew: 5871K->532K(6144K), 0.0016580 secs] 12599K->12534K(21888K), 0.0016900 secs] [Times: user=0.01 sys=0.00, real=0.00 secs] 
98.790: Total time for which application threads were stopped: 0.0020190 seconds, Stopping threads took: 0.0002740 seconds
98.868: Application time: 0.0778720 seconds
98.891: [CMS-concurrent-abortable-preclean: 0.000/0.229 secs] [Times: user=1.45 sys=0.04, real=0.23 secs] 
98.909: [GC98.909: [ParNew: 6017K->6017K(6144K), 0.0000130 secs]98.909: [CMS (concurrent mode failure): 12002K->2861K(15744K), 0.0056320 secs] 18020K->2861K(21888K), [CMS Perm : 5110K->5110K(21248K)], 0.0056900 secs] [Times: user=0.00 sys=0.00, real=0.00 secs] 
98.915: Total time for which application threads were stopped: 0.0468860 seconds, Stopping threads took: 0.0411150 seconds
98.916: Application time: 0.0011530 seconds
98.969: [GC98.969: [ParNew: 5485K->602K(6144K), 0.0016590 secs] 8347K->7773K(21888K), 0.0016910 secs] [Times: user=0.01 sys=0.00, real=0.00 secs] 
98.971: Total time for which application threads were stopped: 0.0544560 seconds, Stopping threads took: 0.0526890 seconds
98.971: Application time: 0.0000680 seconds
98.971: [GC [1 CMS-initial-mark: 7170K(15744K)] 8070K(21888K), 0.0001070 secs] [Times: user=0.00 sys=0.00, real=0.00 secs] 
98.971: Total time for which application threads were stopped: 0.0003980 seconds, Stopping threads took: 0.0002470 seconds
98.971: [CMS-concurrent-mark-start]
98.975: [CMS-concurrent-mark: 0.003/0.003 secs] [Times: user=0.01 sys=0.00, real=0.00 secs] 
98.975: [CMS-concurrent-preclean-start]
98.975: [CMS-concurrent-preclean: 0.000/0.000 secs] [Times: user=0.00 sys=0.00, real=0.00 secs] 
98.975: [CMS-concurrent-abortable-preclean-start]
99.056: Application time: 0.0850300 seconds
99.061: [GC99.061: [ParNew: 5872K->532K(6144K), 0.0006820 secs] 13043K->8681K(21888K), 0.0007210 secs] [Times: user=0.01 sys=0.00, real=0.00 secs] 
99.062: Total time for which application threads were stopped: 0.0057190 seconds, Stopping threads took: 0.0049220 seconds
99.063: Application time: 0.0008480 seconds
99.102: [GC99.102: [ParNew: 5998K->530K(6144K), 0.0019810 secs] 14147K->13788K(21888K), 0.0020180 secs] [Times: user=0.01 sys=0.00, real=0.00 secs] 
99.104: Total time for which application threads were stopped: 0.0415910 seconds, Stopping threads took: 0.0395050 seconds
99.183: Application time: 0.0789430 seconds
99.186: [GC99.186: [ParNew: 5918K->5918K(6144K), 0.0000130 secs]99.186: [CMS99.186: [CMS-concurrent-abortable-preclean: 0.000/0.212 secs] [Times: user=1.40 sys=0.03, real=0.21 secs] 
 (concurrent mode failure): 13258K->3838K(15744K), 0.0053960 secs] 19176K->3838K(21888K), [CMS Perm : 5110K->5110K(21248K)], 0.0054600 secs] [Times: user=0.00 sys=0.00, real=0.01 secs] 
99.192: Total time for which application threads were stopped: 0.0086300 seconds, Stopping threads took: 0.0030790 seconds
99.193: Application time: 0.0012930 seconds
99.253: [GC99.253: [ParNew: 5485K->600K(6144K), 0.0014760 secs] 9323K->8648K(21888K), 0.0015090 secs] [Times: user=0.01 sys=0.00, real=0.00 secs] 
99.255: Total time for which application threads were stopped: 0.0615390 seconds, Stopping threads took: 0.0599530 seconds
99.255: Application time: 0.0000660 seconds
99.295: [GC [1 CMS-initial-mark: 8048K(15744K)] 8756K(21888K), 0.0000950 secs] [Times: user=0.00 sys=0.00, real=0.00 secs] 
99.295: Total time for which application threads were stopped: 0.0398370 seconds, Stopping threads took: 0.0397130 seconds
99.295: [CMS-concurrent-mark-start]
99.298: [CMS-concurrent-mark: 0.004/0.004 secs] [Times: user=0.01 sys=0.00, real=0.00 secs] 
99.298: [CMS-concurrent-preclean-start]
99.298: [CMS-concurrent-preclean: 0.000/0.000 secs] [Times: user=0.00 sys=0.00, real=0.00 secs] 
99.298: [CMS-concurrent-abortable-preclean-start]
99.374: Application time: 0.0791500 seconds
99.382: [GC99.382: [ParNew: 6018K->434K(6144K), 0.0003470 secs] 14066K->8483K(21888K), 0.0003820 secs] [Times: user=0.01 sys=0.00, real=0.00 secs] 
99.383: Total time for which application threads were stopped: 0.0090150 seconds, Stopping threads took: 0.0085730 seconds
99.383: Application time: 0.0005310 seconds
99.384: [GC99.384: [ParNew: 5818K->500K(6144K), 0.0015390 secs] 13867K->13858K(21888K), 0.0015720 secs] [Times: user=0.01 sys=0.00, real=0.00 secs] 
99.385: Total time for which application threads were stopped: 0.0018640 seconds, Stopping threads took: 0.0002390 seconds
99.464: Application time: 0.0785260 seconds
99.485: [CMS-concurrent-abortable-preclean: 0.000/0.187 secs] [Times: user=1.33 sys=0.02, real=0.19 secs] 
99.504: [GC99.504: [ParNew: 5916K->5916K(6144K), 0.0000130 secs]99.504: [CMS (concurrent mode failure): 13357K->1690K(15744K), 0.0054510 secs] 19273K->1690K(21888K), [CMS Perm : 5110K->5110K(21248K)], 0.0055110 secs] [Times: user=0.00 sys=0.00, real=0.01 secs] 
99.509: Total time for which application threads were stopped: 0.0455890 seconds, Stopping threads took: 0.0399960 seconds
99.510: Application time: 0.0009180 seconds
99.511: [GC99.511: [ParNew: 5485K->602K(6144K), 0.0017660 secs] 7175K->7191K(21888K), 0.0017940 secs] [Times: user=0.01 sys=0.00, real=0.00 secs] 
99.512: Total time for which application threads were stopped: 0.0022470 seconds, Stopping threads took: 0.0003830 seconds
99.513: Application time: 0.0000250 seconds
99.513: [GC [1 CMS-initial-mark: 6589K(15744K)] 7582K(21888K), 0.0001050 secs] [Times: user=0.00 sys=0.00, real=0.00 secs] 
99.513: Total time for which application threads were stopped: 0.0002820 seconds, Stopping threads took: 0.0001520 seconds
99.513: [CMS-concurrent-mark-start]
99.516: [CMS-concurrent-mark: 0.003/0.003 secs] [Times: user=0.03 sys=0.00, real=0.00 secs] 
99.516: [CMS-concurrent-preclean-start]
99.516: [CMS-concurrent-preclean: 0.000/0.000 secs] [Times: user=0.00 sys=0.00, real=0.00 secs] 
99.516: [CMS-concurrent-abortable-preclean-start]
99.604: Application time: 0.0914140 seconds
99.646: [GC99.646: [ParNew: 5892K->400K(6144K), 0.0003640 secs] 12481K->6991K(21888K), 0.0003970 secs] [Times: user=0.01 sys=0.00, real=0.00 secs] 
99.646: Total time for which application threads were stopped: 0.0422000 seconds, Stopping threads took: 0.0417500 seconds
99.648: Application time: 0.0010840 seconds
99.723: [GC99.723: [ParNew: 5789K->402K(6144K), 0.0003680 secs] 12379K->6993K(21888K), 0.0003930 secs] [Times: user=0.00 sys=0.00, real=0.00 secs] 
99.724: Total time for which application threads were stopped: 0.0762230 seconds, Stopping threads took: 0.0757650 seconds
99.724: Application time: 0.0003690 seconds
99.725: [GC99.725: [ParNew: 5888K->596K(6144K), 0.0016220 secs] 12479K->12461K(21888K), 0.0016570 secs] [Times: user=0.02 sys=0.00, real=0.00 secs] 
99.726: Total time for which application threads were stopped: 0.0021380 seconds, Stopping threads took: 0.0004050 seconds
99.804: Application time: 0.0775240 seconds
99.826: [CMS-concurrent-abortable-preclean: 0.001/0.310 secs] [Times: user=1.86 sys=0.07, real=0.31 secs] 
99.845: [GC99.845: [ParNew: 5983K->5983K(6144K), 0.0000130 secs]99.845: [CMS (concurrent mode failure): 11865K->2862K(15744K), 0.0051460 secs] 17848K->2862K(21888K), [CMS Perm : 5110K->5110K(21248K)], 0.0052020 secs] [Times: user=0.00 sys=0.00, real=0.01 secs] 
99.851: Total time for which application threads were stopped: 0.0468260 seconds, Stopping threads took: 0.0415310 seconds
99.852: Application time: 0.0011410 seconds
99.905: [GC99.905: [ParNew: 5485K->602K(6144K), 0.0015300 secs] 8347K->7773K(21888K), 0.0015620 secs] [Times: user=0.01 sys=0.00, real=0.00 secs] 
99.906: Total time for which application threads were stopped: 0.0544520 seconds, Stopping threads took: 0.0528120 seconds
99.906: Application time: 0.0000500 seconds
99.906: [GC [1 CMS-initial-mark: 7171K(15744K)] 8563K(21888K), 0.0000860 secs] [Times: user=0.00 sys=0.00, real=0.00 secs] 
99.907: Total time for which application threads were stopped: 0.0003360 seconds, Stopping threads took: 0.0002070 seconds
99.907: [CMS-concurrent-mark-start]
99.910: [CMS-concurrent-mark: 0.004/0.004 secs] [Times: user=0.02 sys=0.00, real=0.01 secs] 
99.910: [CMS-concurrent-preclean-start]
99.910: [CMS-concurrent-preclean: 0.000/0.000 secs] [Times: user=0.00 sys=0.00, real=0.00 secs] 
99.910: [CMS-concurrent-abortable-preclean-start]
99.991: Application time: 0.0848570 seconds
100.047: [GC100.047: [ParNew: 5794K->402K(6144K), 0.0005190 secs] 12966K->7579K(21888K), 0.0005570 secs] [Times: user=0.00 sys=0.00, real=0.00 secs] 
100.048: Total time for which application threads were stopped: 0.0565970 seconds, Stopping threads took: 0.0559800 seconds
100.049: Application time: 0.0007380 seconds
100.049: [GC100.049: [ParNew: 5788K->600K(6144K), 0.0017290 secs] 12966K->12953K(21888K), 0.0017650 secs] [Times: user=0.01 sys=0.00, real=0.00 secs] 
100.051: Total time for which application threads were stopped: 0.0019850 seconds, Stopping threads took: 0.0001610 seconds
100.129: Application time: 0.0779530 seconds
100.151: [CMS-concurrent-abortable-preclean: 0.000/0.241 secs] [Times: user=1.49 sys=0.04, real=0.24 secs] 
100.169: [GC100.169: [ParNew: 5890K->5890K(6144K), 0.0000130 secs]100.169: [CMS (concurrent mode failure): 12353K->2666K(15744K), 0.0057270 secs] 18243K->2666K(21888K), [CMS Perm : 5110K->5110K(21248K)], 0.0057800 secs] [Times: user=0.01 sys=0.00, real=0.00 secs] 
100.175: Total time for which application threads were stopped: 0.0462720 seconds, Stopping threads took: 0.0404290 seconds
100.176: Application time: 0.0010620 seconds
100.216: [GC100.216: [ParNew: 5483K->504K(6144K), 0.0017170 secs] 8150K->7873K(21888K), 0.0017490 secs] [Times: user=0.01 sys=0.00, real=0.00 secs] 
100.218: Total time for which application threads were stopped: 0.0416740 seconds, Stopping threads took: 0.0398700 seconds
100.218: Application time: 0.0000580 seconds
100.218: [GC [1 CMS-initial-mark: 7368K(15744K)] 8760K(21888K), 0.0001050 secs] [Times: user=0.00 sys=0.00, real=0.00 secs] 
100.218: Total time for which application threads were stopped: 0.0002400 seconds, Stopping threads took: 0.0000870 seconds
100.218: [CMS-concurrent-mark-start]
100.221: [CMS-concurrent-mark: 0.003/0.003 secs] [Times: user=0.02 sys=0.00, real=0.01 secs] 
100.221: [CMS-concurrent-preclean-start]
100.222: [CMS-concurrent-preclean: 0.000/0.000 secs] [Times: user=0.00 sys=0.00, real=0.00 secs] 
100.222: [CMS-concurrent-abortable-preclean-start]
100.300: Application time: 0.0816510 seconds
100.341: [GC100.341: [ParNew: 5892K->406K(6144K), 0.0007660 secs] 13261K->7776K(21888K), 0.0008000 secs] [Times: user=0.01 sys=0.00, real=0.00 secs] 
100.342: Total time for which application threads were stopped: 0.0425090 seconds, Stopping threads took: 0.0416300 seconds
100.343: Application time: 0.0007360 seconds
100.343: [GC100.343: [ParNew: 5853K->634K(6144K), 0.0017660 secs] 13223K->13108K(21888K), 0.0018080 secs] [Times: user=0.01 sys=0.00, real=0.00 secs] 
100.345: Total time for which application threads were stopped: 0.0021320 seconds, Stopping threads took: 0.0002590 seconds
100.424: Application time: 0.0788300 seconds
100.425: [GC100.425: [ParNew: 6119K->6119K(6144K), 0.0000140 secs]100.425: [CMS100.425: [CMS-concurrent-abortable-preclean: 0.000/0.203 secs] [Times: user=1.41 sys=0.02, real=0.20 secs] 
 (concurrent mode failure): 12474K->3838K(15744K), 0.0060170 secs] 18594K->3838K(21888K), [CMS Perm : 5111K->5111K(21248K)], 0.0060800 secs] [Times: user=0.00 sys=0.00, real=0.01 secs] 
100.431: Total time for which application threads were stopped: 0.0068060 seconds, Stopping threads took: 0.0006300 seconds
100.432: Application time: 0.0012480 seconds
100.487: [GC100.487: [ParNew: 5485K->598K(6144K), 0.0015930 secs] 9323K->8450K(21888K), 0.0016250 secs] [Times: user=0.01 sys=0.00, real=0.01 secs] 
100.489: Total time for which application threads were stopped: 0.0568240 seconds, Stopping threads took: 0.0551230 seconds
100.489: Application time: 0.0001870 seconds
100.547: [GC [1 CMS-initial-mark: 7852K(15744K)] 8658K(21888K), 0.0001100 secs] [Times: user=0.00 sys=0.00, real=0.00 secs] 
100.547: Total time for which application threads were stopped: 0.0577520 seconds, Stopping threads took: 0.0576170 seconds
100.547: [CMS-concurrent-mark-start]
100.548: Application time: 0.0013810 seconds
100.624: [GC100.624: [ParNew: 6096K->632K(6144K), 0.0006390 secs] 13949K->9489K(21888K), 0.0006720 secs] [Times: user=0.01 sys=0.00, real=0.00 secs] 
100.624: Total time for which application threads were stopped: 0.0763690 seconds, Stopping threads took: 0.0756210 seconds
100.627: [CMS-concurrent-mark: 0.003/0.080 secs] [Times: user=0.35 sys=0.05, real=0.08 secs] 
100.627: [CMS-concurrent-preclean-start]
100.627: [CMS-concurrent-preclean: 0.000/0.000 secs] [Times: user=0.00 sys=0.00, real=0.00 secs] 
100.627: [CMS-concurrent-abortable-preclean-start]
100.627: Application time: 0.0027640 seconds
100.694: [GC100.694: [ParNew: 5869K->628K(6144K), 0.0011150 secs] 14726K->12446K(21888K), 0.0011480 secs] [Times: user=0.01 sys=0.00, real=0.00 secs] 
100.695: Total time for which application threads were stopped: 0.0680520 seconds, Stopping threads took: 0.0668270 seconds
100.773: Application time: 0.0776010 seconds
100.775: [GC100.775: [ParNew: 6113K->6113K(6144K), 0.0000130 secs]100.775: [CMS100.775: [CMS-concurrent-abortable-preclean: 0.000/0.149 secs] [Times: user=0.81 sys=0.05, real=0.15 secs] 
 (concurrent mode failure): 11818K->1690K(15744K), 0.0051260 secs] 17932K->1690K(21888K), [CMS Perm : 5111K->5111K(21248K)], 0.0051880 secs] [Times: user=0.01 sys=0.00, real=0.01 secs] 
100.780: Total time for which application threads were stopped: 0.0075600 seconds, Stopping threads took: 0.0022840 seconds
100.781: Application time: 0.0009340 seconds
100.782: [GC100.782: [ParNew: 5485K->600K(6144K), 0.0015860 secs] 7176K->7189K(21888K), 0.0016120 secs] [Times: user=0.02 sys=0.00, real=0.00 secs] 
100.783: Total time for which application threads were stopped: 0.0019750 seconds, Stopping threads took: 0.0003110 seconds
100.783: Application time: 0.0000660 seconds
100.784: [GC [1 CMS-initial-mark: 6589K(15744K)] 8367K(21888K), 0.0000740 secs] [Times: user=0.00 sys=0.00, real=0.00 secs] 
100.784: Total time for which application threads were stopped: 0.0002400 seconds, Stopping threads took: 0.0001470 seconds
100.784: [CMS-concurrent-mark-start]
100.787: [CMS-concurrent-mark: 0.003/0.003 secs] [Times: user=0.00 sys=0.00, real=0.00 secs] 
100.787: [CMS-concurrent-preclean-start]
100.787: [CMS-concurrent-preclean: 0.000/0.000 secs] [Times: user=0.00 sys=0.00, real=0.00 secs] 
100.787: [CMS-concurrent-abortable-preclean-start]
100.873: Application time: 0.0894510 seconds
100.926: [GC100.926: [ParNew: 5890K->404K(6144K), 0.0004780 secs] 12480K->6995K(21888K), 0.0005090 secs] [Times: user=0.00 sys=0.00, real=0.00 secs] 
100.927: Total time for which application threads were stopped: 0.0533730 seconds, Stopping threads took: 0.0527960 seconds
100.927: Application time: 0.0006180 seconds
100.927: [GC100.927: [ParNew: 5871K->530K(6144K), 0.0015650 secs] 12462K->12395K(21888K), 0.0016010 secs] [Times: user=0.01 sys=0.00, real=0.00 secs] 
100.929: Total time for which application threads were stopped: 0.0019470 seconds, Stopping threads took: 0.0002930 seconds
101.006: Application time: 0.0774060 seconds
101.029: [CMS-concurrent-abortable-preclean: 0.000/0.242 secs] [Times: user=1.51 sys=0.07, real=0.25 secs] 
101.047: [GC101.047: [ParNew: 6015K->6015K(6144K), 0.0000130 secs]101.047: [CMS (concurrent mode failure): 11864K->2862K(15744K), 0.0053730 secs] 17880K->2862K(21888K), [CMS Perm : 5111K->5111K(21248K)], 0.0054280 secs] [Times: user=0.01 sys=0.00, real=0.01 secs] 
101.052: Total time for which application threads were stopped: 0.0455400 seconds, Stopping threads took: 0.0400450 seconds
101.053: Application time: 0.0012000 seconds
101.093: [GC101.093: [ParNew: 5466K->628K(6144K), 0.0017190 secs] 8328K->7700K(21888K), 0.0017490 secs] [Times: user=0.01 sys=0.00, real=0.00 secs] 
101.095: Total time for which application threads were stopped: 0.0415300 seconds, Stopping threads took: 0.0397220 seconds
101.095: Application time: 0.0000470 seconds
101.095: [GC [1 CMS-initial-mark: 7072K(15744K)] 7995K(21888K), 0.0000970 secs] [Times: user=0.00 sys=0.00, real=0.00 secs] 
101.095: Total time for which application threads were stopped: 0.0002730 seconds, Stopping threads took: 0.0001430 seconds
101.095: [CMS-concurrent-mark-start]
101.098: [CMS-concurrent-mark: 0.003/0.003 secs] [Times: user=0.00 sys=0.00, real=0.00 secs] 
101.098: [CMS-concurrent-preclean-start]
101.098: [CMS-concurrent-preclean: 0.000/0.000 secs] [Times: user=0.00 sys=0.00, real=0.00 secs] 
101.098: [CMS-concurrent-abortable-preclean-start]
101.184: Application time: 0.0884670 seconds
101.228: [GC101.228: [ParNew: 5918K->404K(6144K), 0.0003510 secs] 12990K->7513K(21888K), 0.0015450 secs] [Times: user=0.00 sys=0.00, real=0.00 secs] 
101.229: Total time for which application threads were stopped: 0.0455150 seconds, Stopping threads took: 0.0439120 seconds
101.230: Application time: 0.0006410 seconds
101.230: [GC101.230: [ParNew: 5771K->628K(6144K), 0.0017390 secs] 12879K->12815K(21888K), 0.0017750 secs] [Times: user=0.01 sys=0.00, real=0.00 secs] 
101.232: Total time for which application threads were stopped: 0.0022260 seconds, Stopping threads took: 0.0003770 seconds
101.310: Application time: 0.0781360 seconds
101.332: [CMS-concurrent-abortable-preclean: 0.000/0.234 secs] [Times: user=1.46 sys=0.04, real=0.24 secs] 
101.351: [GC101.351: [ParNew: 6016K->6016K(6144K), 0.0000130 secs]101.351: [CMS (concurrent mode failure): 12186K->2642K(15744K), 0.0066860 secs] 18202K->2642K(21888K), [CMS Perm : 5111K->5111K(21248K)], 0.0067430 secs] [Times: user=0.01 sys=0.00, real=0.00 secs] 
101.358: Total time for which application threads were stopped: 0.0478530 seconds, Stopping threads took: 0.0410390 seconds
101.359: Application time: 0.0011680 seconds
101.399: [GC101.399: [ParNew: 5464K->630K(6144K), 0.0017830 secs] 8106K->7779K(21888K), 0.0018120 secs] [Times: user=0.01 sys=0.00, real=0.01 secs] 
101.401: Total time for which application threads were stopped: 0.0415670 seconds, Stopping threads took: 0.0397040 seconds
101.401: Application time: 0.0000600 seconds
101.453: [GC [1 CMS-initial-mark: 7149K(15744K)] 8371K(21888K), 0.0001070 secs] [Times: user=0.00 sys=0.00, real=0.00 secs] 
101.453: Total time for which application threads were stopped: 0.0526980 seconds, Stopping threads took: 0.0525380 seconds
101.454: [CMS-concurrent-mark-start]
101.457: [CMS-concurrent-mark: 0.004/0.004 secs] [Times: user=0.02 sys=0.00, real=0.00 secs] 
101.457: [CMS-concurrent-preclean-start]
101.457: [CMS-concurrent-preclean: 0.000/0.000 secs] [Times: user=0.01 sys=0.00, real=0.00 secs] 
101.457: [CMS-concurrent-abortable-preclean-start]
101.532: Application time: 0.0783590 seconds
101.535: [GC101.535: [ParNew: 6115K->502K(6144K), 0.0008440 secs] 13265K->8660K(21888K), 0.0008900 secs] [Times: user=0.00 sys=0.00, real=0.00 secs] 
101.536: Total time for which application threads were stopped: 0.0043270 seconds, Stopping threads took: 0.0033540 seconds
101.537: Application time: 0.0007920 seconds
101.588: [GC101.588: [ParNew: 5890K->600K(6144K), 0.0017380 secs] 14048K->13738K(21888K), 0.0017690 secs] [Times: user=0.01 sys=0.01, real=0.00 secs] 
101.590: Total time for which application threads were stopped: 0.0532530 seconds, Stopping threads took: 0.0514070 seconds
101.669: Application time: 0.0787420 seconds
101.670: [GC101.670: [ParNew: 6085K->6085K(6144K), 0.0000140 secs]101.670: [CMS101.670: [CMS-concurrent-abortable-preclean: 0.000/0.213 secs] [Times: user=1.34 sys=0.04, real=0.22 secs] 
 (concurrent mode failure): 13138K->3936K(15744K), 0.0062710 secs] 19224K->3936K(21888K), [CMS Perm : 5111K->5111K(21248K)], 0.0063390 secs] [Times: user=0.00 sys=0.00, real=0.00 secs] 
101.676: Total time for which application threads were stopped: 0.0073970 seconds, Stopping threads took: 0.0009680 seconds
101.678: Application time: 0.0014040 seconds
101.738: [GC101.738: [ParNew: 5485K->600K(6144K), 0.0015930 secs] 9422K->8844K(21888K), 0.0016260 secs] [Times: user=0.01 sys=0.00, real=0.00 secs] 
101.739: Total time for which application threads were stopped: 0.0614870 seconds, Stopping threads took: 0.0598020 seconds
101.767: Application time: 0.0282490 seconds
101.851: [GC [1 CMS-initial-mark: 8243K(15744K)] 12571K(21888K), 0.0001220 secs] [Times: user=0.00 sys=0.00, real=0.00 secs] 
101.851: Total time for which application threads were stopped: 0.0835800 seconds, Stopping threads took: 0.0834200 seconds
101.851: [CMS-concurrent-mark-start]
101.851: Application time: 0.0004300 seconds
101.852: [GC101.852: [ParNew: 6085K->596K(6144K), 0.0006290 secs] 14329K->10014K(21888K), 0.0006480 secs] [Times: user=0.00 sys=0.00, real=0.00 secs] 
101.852: Total time for which application threads were stopped: 0.0008010 seconds, Stopping threads took: 0.0001180 seconds
101.854: Application time: 0.0015190 seconds
101.893: [GC101.893: [ParNew: 6079K->494K(6144K), 0.0012160 secs] 15497K->13236K(21888K), 0.0012530 secs] [Times: user=0.01 sys=0.00, real=0.00 secs] 
101.895: Total time for which application threads were stopped: 0.0409230 seconds, Stopping threads took: 0.0395910 seconds
101.902: [CMS-concurrent-mark: 0.008/0.050 secs] [Times: user=0.18 sys=0.04, real=0.05 secs] 
101.902: [CMS-concurrent-preclean-start]
101.902: [CMS-concurrent-preclean: 0.000/0.000 secs] [Times: user=0.00 sys=0.00, real=0.00 secs] 
101.902: [CMS-concurrent-abortable-preclean-start]
101.902: [CMS-concurrent-abortable-preclean: 0.000/0.000 secs] [Times: user=0.00 sys=0.00, real=0.00 secs] 
101.902: Application time: 0.0070370 seconds
101.972: [GC[YG occupancy: 4024 K (6144 K)]101.972: [Rescan (parallel) , 0.0002910 secs]101.972: [weak refs processing, 0.0000080 secs]101.972: [scrub string table, 0.0001150 secs] [1 CMS-remark: 12742K(15744K)] 16766K(21888K), 0.0004770 secs] [Times: user=0.01 sys=0.00, real=0.00 secs] 
101.973: Total time for which application threads were stopped: 0.0708590 seconds, Stopping threads took: 0.0703360 seconds
101.973: [CMS-concurrent-sweep-start]
101.973: Application time: 0.0003940 seconds
101.973: [GC101.973: [ParNew: 5980K->5980K(6144K), 0.0000100 secs]101.973: [CMS101.974: [CMS-concurrent-sweep: 0.001/0.001 secs] [Times: user=0.00 sys=0.00, real=0.00 secs] 
 (concurrent mode failure): 12742K->3252K(15744K), 0.0065030 secs] 18722K->3252K(21888K), [CMS Perm : 5111K->5111K(21248K)], 0.0065480 secs] [Times: user=0.01 sys=0.00, real=0.01 secs] 
101.980: Total time for which application threads were stopped: 0.0067810 seconds, Stopping threads took: 0.0001860 seconds
101.981: Application time: 0.0012200 seconds
102.034: [GC102.034: [ParNew: 5485K->596K(6144K), 0.0010620 secs] 8737K->6691K(21888K), 0.0010960 secs] [Times: user=0.00 sys=0.00, real=0.00 secs] 
102.035: Total time for which application threads were stopped: 0.0541170 seconds, Stopping threads took: 0.0529440 seconds
102.035: Application time: 0.0000680 seconds
102.075: [GC [1 CMS-initial-mark: 6095K(15744K)] 6888K(21888K), 0.0000920 secs] [Times: user=0.00 sys=0.00, real=0.00 secs] 
102.075: Total time for which application threads were stopped: 0.0398690 seconds, Stopping threads took: 0.0397460 seconds
102.075: [CMS-concurrent-mark-start]
102.079: [CMS-concurrent-mark: 0.004/0.004 secs] [Times: user=0.01 sys=0.00, real=0.00 secs] 
102.079: [CMS-concurrent-preclean-start]
102.079: [CMS-concurrent-preclean: 0.000/0.000 secs] [Times: user=0.00 sys=0.00, real=0.00 secs] 
102.079: [CMS-concurrent-abortable-preclean-start]
102.152: Application time: 0.0773710 seconds
102.160: [GC102.160: [ParNew: 6081K->14K(6144K), 0.0003100 secs] 12176K->6109K(21888K), 0.0003440 secs] [Times: user=0.01 sys=0.00, real=0.00 secs] 
102.160: Total time for which application threads were stopped: 0.0076510 seconds, Stopping threads took: 0.0072270 seconds
102.161: Application time: 0.0004730 seconds
102.161: [GC102.161: [ParNew: 5499K->602K(6144K), 0.0013330 secs] 11595K->11586K(21888K), 0.0013610 secs] [Times: user=0.01 sys=0.00, real=0.00 secs] 
102.162: Total time for which application threads were stopped: 0.0017020 seconds, Stopping threads took: 0.0002920 seconds
102.240: Application time: 0.0781040 seconds
102.263: [CMS-concurrent-abortable-preclean: 0.000/0.184 secs] [Times: user=1.31 sys=0.02, real=0.19 secs] 
102.282: [GC102.282: [ParNew: 6087K->6087K(6144K), 0.0000130 secs]102.282: [CMS (concurrent mode failure): 10984K->2569K(15744K), 0.0051640 secs] 17071K->2569K(21888K), [CMS Perm : 5111K->5111K(21248K)], 0.0052170 secs] [Times: user=0.01 sys=0.00, real=0.00 secs] 
102.287: Total time for which application threads were stopped: 0.0469610 seconds, Stopping threads took: 0.0416830 seconds
102.289: Application time: 0.0011680 seconds
102.342: [GC102.342: [ParNew: 5368K->530K(6144K), 0.0015290 secs] 7938K->7018K(21888K), 0.0015630 secs] [Times: user=0.01 sys=0.00, real=0.00 secs] 
102.343: Total time for which application threads were stopped: 0.0547990 seconds, Stopping threads took: 0.0531800 seconds
102.343: Application time: 0.0000450 seconds
102.383: [GC [1 CMS-initial-mark: 6488K(15744K)] 7413K(21888K), 0.0000930 secs] [Times: user=0.00 sys=0.00, real=0.00 secs] 
102.383: Total time for which application threads were stopped: 0.0399200 seconds, Stopping threads took: 0.0398040 seconds
102.383: [CMS-concurrent-mark-start]
102.390: [CMS-concurrent-mark: 0.007/0.007 secs] [Times: user=0.03 sys=0.00, real=0.01 secs] 
102.390: [CMS-concurrent-preclean-start]
102.390: [CMS-concurrent-preclean: 0.000/0.000 secs] [Times: user=0.00 sys=0.00, real=0.00 secs] 
102.390: [CMS-concurrent-abortable-preclean-start]
102.462: Application time: 0.0787050 seconds
102.467: [GC102.467: [ParNew: 5977K->72K(6144K), 0.0004930 secs] 12465K->6594K(21888K), 0.0005260 secs] [Times: user=0.00 sys=0.00, real=0.01 secs] 
102.468: Total time for which application threads were stopped: 0.0059420 seconds, Stopping threads took: 0.0053590 seconds
102.468: Application time: 0.0005270 seconds
102.469: [GC102.469: [ParNew: 5229K->638K(6144K), 0.0015550 secs] 11751K->11684K(21888K), 0.0015810 secs] [Times: user=0.01 sys=0.00, real=0.00 secs] 
102.470: Total time for which application threads were stopped: 0.0019520 seconds, Stopping threads took: 0.0003020 seconds
102.548: Application time: 0.0778700 seconds
102.571: [CMS-concurrent-abortable-preclean: 0.000/0.180 secs] [Times: user=1.28 sys=0.01, real=0.18 secs] 
102.590: [GC102.590: [ParNew: 6041K->6041K(6144K), 0.0000130 secs]102.590: [CMS (concurrent mode failure): 11046K->2081K(15744K), 0.0058430 secs] 17088K->2081K(21888K), [CMS Perm : 5111K->5111K(21248K)], 0.0059010 secs] [Times: user=0.01 sys=0.00, real=0.00 secs] 
102.596: Total time for which application threads were stopped: 0.0475700 seconds, Stopping threads took: 0.0415810 seconds
102.597: Application time: 0.0008930 seconds
102.597: [GC102.597: [ParNew: 5386K->504K(6144K), 0.0017670 secs] 7467K->7485K(21888K), 0.0018060 secs] [Times: user=0.01 sys=0.00, real=0.00 secs] 
102.599: Total time for which application threads were stopped: 0.0023130 seconds, Stopping threads took: 0.0004320 seconds
102.599: Application time: 0.0000490 seconds
102.639: [GC [1 CMS-initial-mark: 6981K(15744K)] 8075K(21888K), 0.0001030 secs] [Times: user=0.00 sys=0.00, real=0.00 secs] 
102.639: Total time for which application threads were stopped: 0.0400930 seconds, Stopping threads took: 0.0399430 seconds
102.639: [CMS-concurrent-mark-start]
102.643: [CMS-concurrent-mark: 0.004/0.004 secs] [Times: user=0.01 sys=0.00, real=0.01 secs] 
102.643: [CMS-concurrent-preclean-start]
102.643: [CMS-concurrent-preclean: 0.000/0.000 secs] [Times: user=0.00 sys=0.00, real=0.00 secs] 
102.643: [CMS-concurrent-abortable-preclean-start]
102.729: Application time: 0.0898290 seconds
102.735: [GC102.735: [ParNew: 5989K->600K(6144K), 0.0008470 secs] 12970K->8949K(21888K), 0.0008860 secs] [Times: user=0.00 sys=0.00, real=0.00 secs] 
102.736: Total time for which application threads were stopped: 0.0068390 seconds, Stopping threads took: 0.0058690 seconds
102.737: Application time: 0.0009180 seconds
102.776: [GC102.776: [ParNew: 6064K->630K(6144K), 0.0017400 secs] 14413K->13375K(21888K), 0.0017750 secs] [Times: user=0.01 sys=0.00, real=0.00 secs] 
102.778: Total time for which application threads were stopped: 0.0414690 seconds, Stopping threads took: 0.0396180 seconds
102.856: Application time: 0.0782200 seconds
102.857: [GC102.857: [ParNew: 6115K->6115K(6144K), 0.0000150 secs]102.857: [CMS102.857: [CMS-concurrent-abortable-preclean: 0.000/0.214 secs] [Times: user=1.48 sys=0.03, real=0.21 secs] 
 (concurrent mode failure): 12744K->3351K(15744K), 0.0068850 secs] 18860K->3351K(21888K), [CMS Perm : 5111K->5111K(21248K)], 0.0069510 secs] [Times: user=0.00 sys=0.00, real=0.01 secs] 
102.864: Total time for which application threads were stopped: 0.0078340 seconds, Stopping threads took: 0.0007930 seconds
102.866: Application time: 0.0013540 seconds
102.905: [GC102.906: [ParNew: 5466K->630K(6144K), 0.0015370 secs] 8817K->8679K(21888K), 0.0015670 secs] [Times: user=0.01 sys=0.00, real=0.00 secs] 
102.907: Total time for which application threads were stopped: 0.0413840 seconds, Stopping threads took: 0.0397630 seconds
102.907: Application time: 0.0001030 seconds
102.907: [GC [1 CMS-initial-mark: 8049K(15744K)] 9180K(21888K), 0.0001080 secs] [Times: user=0.00 sys=0.00, real=0.01 secs] 
102.907: Total time for which application threads were stopped: 0.0003030 seconds, Stopping threads took: 0.0001710 seconds
102.908: [CMS-concurrent-mark-start]
102.911: [CMS-concurrent-mark: 0.004/0.004 secs] [Times: user=0.01 sys=0.00, real=0.00 secs] 
102.911: [CMS-concurrent-preclean-start]
102.911: [CMS-concurrent-preclean: 0.000/0.000 secs] [Times: user=0.00 sys=0.00, real=0.00 secs] 
102.911: [CMS-concurrent-abortable-preclean-start]
102.998: Application time: 0.0900950 seconds
103.048: [GC103.048: [ParNew: 6115K->14K(6144K), 0.0007250 secs] 14165K->8099K(21888K), 0.0007590 secs] [Times: user=0.01 sys=0.00, real=0.00 secs] 
103.049: Total time for which application threads were stopped: 0.0514860 seconds, Stopping threads took: 0.0506530 seconds
103.050: Application time: 0.0006590 seconds
103.050: [GC103.050: [ParNew: 5497K->602K(6144K), 0.0015020 secs] 13583K->13570K(21888K), 0.0015340 secs] [Times: user=0.01 sys=0.00, real=0.00 secs] 
103.052: Total time for which application threads were stopped: 0.0017580 seconds, Stopping threads took: 0.0001730 seconds
103.129: Application time: 0.0774240 seconds
103.152: [CMS-concurrent-abortable-preclean: 0.000/0.241 secs] [Times: user=1.53 sys=0.05, real=0.24 secs] 
103.170: [GC103.170: [ParNew: 6087K->6087K(6144K), 0.0000130 secs]103.171: [CMS (concurrent mode failure): 12968K->1495K(15744K), 0.0056980 secs] 19055K->1495K(21888K), [CMS Perm : 5111K->5111K(21248K)], 0.0057530 secs] [Times: user=0.01 sys=0.00, real=0.00 secs] 
103.176: Total time for which application threads were stopped: 0.0473410 seconds, Stopping threads took: 0.0415160 seconds
103.177: Application time: 0.0009740 seconds
103.178: [GC103.178: [ParNew: 5368K->630K(6144K), 0.0013880 secs] 6864K->6828K(21888K), 0.0014230 secs] [Times: user=0.01 sys=0.00, real=0.00 secs] 
103.179: Total time for which application threads were stopped: 0.0017740 seconds, Stopping threads took: 0.0002970 seconds
103.179: Application time: 0.0000510 seconds
103.179: [GC [1 CMS-initial-mark: 6197K(15744K)] 7713K(21888K), 0.0000850 secs] [Times: user=0.00 sys=0.00, real=0.00 secs] 
103.179: Total time for which application threads were stopped: 0.0002640 seconds, Stopping threads took: 0.0001590 seconds
103.179: [CMS-concurrent-mark-start]
103.183: [CMS-concurrent-mark: 0.003/0.003 secs] [Times: user=0.00 sys=0.00, real=0.01 secs] 
103.183: [CMS-concurrent-preclean-start]
103.183: [CMS-concurrent-preclean: 0.000/0.000 secs] [Times: user=0.00 sys=0.00, real=0.00 secs] 
103.183: [CMS-concurrent-abortable-preclean-start]
103.272: Application time: 0.0929380 seconds
103.313: [GC103.313: [ParNew: 6017K->598K(6144K), 0.0007910 secs] 12215K->7413K(21888K), 0.0008270 secs] [Times: user=0.00 sys=0.00, real=0.00 secs] 
103.314: Total time for which application threads were stopped: 0.0412600 seconds, Stopping threads took: 0.0403780 seconds
103.314: Application time: 0.0007800 seconds
103.365: [GC103.365: [ParNew: 6081K->600K(6144K), 0.0015100 secs] 12897K->11127K(21888K), 0.0015430 secs] [Times: user=0.01 sys=0.00, real=0.00 secs] 
103.367: Total time for which application threads were stopped: 0.0525860 seconds, Stopping threads took: 0.0509670 seconds
103.445: Application time: 0.0776830 seconds
103.446: [GC103.446: [ParNew: 5988K->5988K(6144K), 0.0000130 secs]103.447: [CMS103.447: [CMS-concurrent-abortable-preclean: 0.000/0.264 secs] [Times: user=1.59 sys=0.05, real=0.26 secs] 
 (concurrent mode failure): 10527K->2570K(15744K), 0.0059080 secs] 16515K->2570K(21888K), [CMS Perm : 5111K->5111K(21248K)], 0.0059710 secs] [Times: user=0.01 sys=0.00, real=0.01 secs] 
103.452: Total time for which application threads were stopped: 0.0078820 seconds, Stopping threads took: 0.0018220 seconds
103.453: Application time: 0.0009680 seconds
103.506: [GC103.506: [ParNew: 5485K->600K(6144K), 0.0017110 secs] 8055K->8067K(21888K), 0.0017440 secs] [Times: user=0.01 sys=0.00, real=0.01 secs] 
103.508: Total time for which application threads were stopped: 0.0541540 seconds, Stopping threads took: 0.0523370 seconds
103.531: Application time: 0.0238570 seconds
103.616: [GC [1 CMS-initial-mark: 7467K(15744K)] 11013K(21888K), 0.0001340 secs] [Times: user=0.00 sys=0.00, real=0.00 secs] 
103.616: Total time for which application threads were stopped: 0.0847470 seconds, Stopping threads took: 0.0845570 seconds
103.616: [CMS-concurrent-mark-start]
103.617: Application time: 0.0004550 seconds
103.617: [GC103.617: [ParNew: 5944K->604K(6144K), 0.0006370 secs] 13411K->9830K(21888K), 0.0006580 secs] [Times: user=0.01 sys=0.00, real=0.00 secs] 
103.617: Total time for which application threads were stopped: 0.0007960 seconds, Stopping threads took: 0.0000780 seconds
103.624: [CMS-concurrent-mark: 0.006/0.008 secs] [Times: user=0.05 sys=0.00, real=0.01 secs] 
103.625: [CMS-concurrent-preclean-start]
103.625: [CMS-concurrent-preclean: 0.000/0.000 secs] [Times: user=0.00 sys=0.00, real=0.00 secs] 
103.625: [CMS-concurrent-abortable-preclean-start]
103.625: Application time: 0.0073160 seconds
103.697: [GC103.697: [ParNew: 6013K->40K(6144K), 0.0004070 secs] 15239K->9273K(21888K), 0.0004500 secs] [Times: user=0.00 sys=0.00, real=0.00 secs] 
103.698: Total time for which application threads were stopped: 0.0728490 seconds, Stopping threads took: 0.0723250 seconds
103.698: Application time: 0.0005810 seconds
103.699: [GC103.699: [ParNew: 5523K->624K(6144K), 0.0017170 secs] 14757K->14740K(21888K), 0.0017520 secs] [Times: user=0.01 sys=0.00, real=0.01 secs] 
103.700: Total time for which application threads were stopped: 0.0021480 seconds, Stopping threads took: 0.0003450 seconds
103.779: Application time: 0.0788880 seconds
103.801: [CMS-concurrent-abortable-preclean: 0.000/0.176 secs] [Times: user=1.23 sys=0.03, real=0.18 secs] 
103.820: [GC103.820: [ParNew: 6011K->6011K(6144K), 0.0000130 secs]103.820: [CMS (concurrent mode failure): 14116K->2667K(15744K), 0.0062500 secs] 20128K->2667K(21888K), [CMS Perm : 5112K->5112K(21248K)], 0.0063050 secs] [Times: user=0.01 sys=0.01, real=0.00 secs] 
103.826: Total time for which application threads were stopped: 0.0472250 seconds, Stopping threads took: 0.0408380 seconds
103.828: Application time: 0.0012360 seconds
103.883: [GC103.883: [ParNew: 5485K->600K(6144K), 0.0017870 secs] 8153K->8067K(21888K), 0.0018200 secs] [Times: user=0.01 sys=0.00, real=0.00 secs] 
103.884: Total time for which application threads were stopped: 0.0566660 seconds, Stopping threads took: 0.0547720 seconds
103.884: Application time: 0.0000460 seconds
103.884: [GC [1 CMS-initial-mark: 7467K(15744K)] 8362K(21888K), 0.0000970 secs] [Times: user=0.00 sys=0.00, real=0.00 secs] 
103.885: Total time for which application threads were stopped: 0.0001390 seconds, Stopping threads took: 0.0000210 seconds
103.885: [CMS-concurrent-mark-start]
103.888: [CMS-concurrent-mark: 0.003/0.003 secs] [Times: user=0.03 sys=0.00, real=0.01 secs] 
103.888: [CMS-concurrent-preclean-start]
103.888: [CMS-concurrent-preclean: 0.000/0.000 secs] [Times: user=0.00 sys=0.00, real=0.00 secs] 
103.888: Application time: 0.0034110 seconds
103.961: [GC[YG occupancy: 2567 K (6144 K)]103.961: [Rescan (parallel) , 0.0003690 secs]103.962: [weak refs processing, 0.0000070 secs]103.962: [scrub string table, 0.0001120 secs] [1 CMS-remark: 7467K(15744K)] 10035K(21888K), 0.0005420 secs] [Times: user=0.00 sys=0.00, real=0.00 secs] 
103.962: Total time for which application threads were stopped: 0.0738810 seconds, Stopping threads took: 0.0732870 seconds
103.962: [CMS-concurrent-sweep-start]
103.963: Application time: 0.0007290 seconds
104.003: [GC104.003: [ParNew: 6085K->598K(6144K), 0.0010900 secs] 13553K->11191K(21888K), 0.0011180 secs] [Times: user=0.01 sys=0.00, real=0.00 secs] 
104.004: Total time for which application threads were stopped: 0.0412260 seconds, Stopping threads took: 0.0400490 seconds
104.005: [CMS-concurrent-sweep: 0.001/0.043 secs] [Times: user=0.11 sys=0.02, real=0.04 secs] 
104.005: [CMS-concurrent-reset-start]
104.005: [CMS-concurrent-reset: 0.000/0.000 secs] [Times: user=0.00 sys=0.00, real=0.00 secs] 
104.075: Application time: 0.0714800 seconds
104.089: [GC104.089: [ParNew: 5888K->402K(6144K), 0.0004230 secs] 15503K->10018K(21888K), 0.0004600 secs] [Times: user=0.00 sys=0.00, real=0.00 secs] 
104.090: Total time for which application threads were stopped: 0.0145520 seconds, Stopping threads took: 0.0140100 seconds
104.090: Application time: 0.0001130 seconds
104.090: [GC [1 CMS-initial-mark: 9616K(15744K)] 11201K(21888K), 0.0000980 secs] [Times: user=0.00 sys=0.00, real=0.00 secs] 
104.090: Total time for which application threads were stopped: 0.0002490 seconds, Stopping threads took: 0.0001280 seconds
104.090: [CMS-concurrent-mark-start]
104.091: Application time: 0.0006340 seconds
104.091: [GC104.091: [ParNew: 5886K->602K(6144K), 0.0014390 secs] 15502K->15494K(21888K), 0.0014650 secs] [Times: user=0.01 sys=0.00, real=0.00 secs] 
104.092: Total time for which application threads were stopped: 0.0015740 seconds, Stopping threads took: 0.0000670 seconds
104.096: [CMS-concurrent-mark: 0.004/0.006 secs] [Times: user=0.04 sys=0.00, real=0.00 secs] 
104.096: [CMS-concurrent-preclean-start]
104.096: [CMS-concurrent-preclean: 0.000/0.000 secs] [Times: user=0.00 sys=0.00, real=0.00 secs] 
104.096: [CMS-concurrent-abortable-preclean-start]
104.096: [CMS-concurrent-abortable-preclean: 0.000/0.000 secs] [Times: user=0.00 sys=0.00, real=0.00 secs] 
104.096: Application time: 0.0037430 seconds
104.172: [GC[YG occupancy: 3351 K (6144 K)]104.173: [Rescan (parallel) , 0.0001750 secs]104.173: [weak refs processing, 0.0000070 secs]104.173: [scrub string table, 0.0001150 secs] [1 CMS-remark: 14892K(15744K)] 18243K(21888K), 0.0003420 secs] [Times: user=0.00 sys=0.00, real=0.00 secs] 
104.173: Total time for which application threads were stopped: 0.0766680 seconds, Stopping threads took: 0.0762790 seconds
104.173: [CMS-concurrent-sweep-start]
104.174: Application time: 0.0006770 seconds
104.221: [GC104.221: [ParNew: 6087K->6087K(6144K), 0.0000110 secs]104.221: [CMS104.222: [CMS-concurrent-sweep: 0.001/0.049 secs] [Times: user=0.07 sys=0.03, real=0.05 secs] 
 (concurrent mode failure): 14892K->4034K(15744K), 0.0069090 secs] 20979K->4034K(21888K), [CMS Perm : 5112K->5112K(21248K)], 0.0069580 secs] [Times: user=0.01 sys=0.00, real=0.01 secs] 
104.228: Total time for which application threads were stopped: 0.0548400 seconds, Stopping threads took: 0.0477980 seconds
104.230: Application time: 0.0013670 seconds
104.303: [GC104.303: [ParNew: 5368K->530K(6144K), 0.0007100 secs] 9402K->5936K(21888K), 0.0007400 secs] [Times: user=0.01 sys=0.00, real=0.00 secs] 
104.304: Total time for which application threads were stopped: 0.0740600 seconds, Stopping threads took: 0.0732380 seconds
104.305: Application time: 0.0010070 seconds
104.376: [GC104.376: [ParNew: 5684K->634K(6144K), 0.0015800 secs] 11090K->9914K(21888K), 0.0016110 secs] [Times: user=0.01 sys=0.00, real=0.00 secs] 
104.378: Total time for which application threads were stopped: 0.0731470 seconds, Stopping threads took: 0.0714600 seconds
104.378: Application time: 0.0000460 seconds
104.419: [GC [1 CMS-initial-mark: 9280K(15744K)] 10306K(21888K), 0.0001120 secs] [Times: user=0.00 sys=0.00, real=0.00 secs] 
104.419: Total time for which application threads were stopped: 0.0411620 seconds, Stopping threads took: 0.0410020 seconds
104.419: [CMS-concurrent-mark-start]
104.423: [CMS-concurrent-mark: 0.004/0.004 secs] [Times: user=0.02 sys=0.00, real=0.01 secs] 
104.423: [CMS-concurrent-preclean-start]
104.423: [CMS-concurrent-preclean: 0.000/0.000 secs] [Times: user=0.00 sys=0.00, real=0.00 secs] 
104.423: [CMS-concurrent-abortable-preclean-start]
104.505: Application time: 0.0853740 seconds
104.509: [GC104.509: [ParNew: 6002K->44K(6144K), 0.0004040 secs] 15282K->9357K(21888K), 0.0004380 secs] [Times: user=0.00 sys=0.00, real=0.00 secs] 
104.509: Total time for which application threads were stopped: 0.0048340 seconds, Stopping threads took: 0.0043200 seconds
104.510: Application time: 0.0004030 seconds
104.510: [GC104.510: [ParNew: 5530K->630K(6144K), 0.0016750 secs] 14843K->14826K(21888K), 0.0017070 secs] [Times: user=0.02 sys=0.00, real=0.00 secs] 
104.512: Total time for which application threads were stopped: 0.0022050 seconds, Stopping threads took: 0.0004240 seconds
104.512: [CMS-concurrent-abortable-preclean: 0.000/0.089 secs] [Times: user=0.71 sys=0.00, real=0.09 secs] 
104.512: Application time: 0.0002140 seconds
104.513: [GC[YG occupancy: 1708 K (6144 K)]104.513: [Rescan (parallel) , 0.0001680 secs]104.513: [weak refs processing, 0.0000060 secs]104.513: [scrub string table, 0.0000730 secs] [1 CMS-remark: 14196K(15744K)] 15905K(21888K), 0.0002720 secs] [Times: user=0.00 sys=0.00, real=0.00 secs] 
104.513: Total time for which application threads were stopped: 0.0009080 seconds, Stopping threads took: 0.0005910 seconds
104.513: [CMS-concurrent-sweep-start]
104.514: [CMS-concurrent-sweep: 0.001/0.001 secs] [Times: user=0.00 sys=0.00, real=0.00 secs] 
104.514: [CMS-concurrent-reset-start]
104.514: [CMS-concurrent-reset: 0.000/0.000 secs] [Times: user=0.00 sys=0.00, real=0.00 secs] 
104.592: Application time: 0.0788800 seconds
104.631: [GC104.631: [ParNew: 6017K->596K(6144K), 0.0006190 secs] 15244K->10438K(21888K), 0.0006540 secs] [Times: user=0.01 sys=0.00, real=0.00 secs] 
104.631: Total time for which application threads were stopped: 0.0393100 seconds, Stopping threads took: 0.0385780 seconds
104.631: Application time: 0.0001650 seconds
104.632: [GC [1 CMS-initial-mark: 9842K(15744K)] 11915K(21888K), 0.0001080 secs] [Times: user=0.00 sys=0.00, real=0.00 secs] 
104.632: Total time for which application threads were stopped: 0.0004480 seconds, Stopping threads took: 0.0003160 seconds
104.632: [CMS-concurrent-mark-start]
104.635: [CMS-concurrent-mark: 0.003/0.003 secs] [Times: user=0.01 sys=0.00, real=0.00 secs] 
104.635: [CMS-concurrent-preclean-start]
104.635: [CMS-concurrent-preclean: 0.000/0.000 secs] [Times: user=0.02 sys=0.00, real=0.00 secs] 
104.635: [CMS-concurrent-abortable-preclean-start]
104.635: [CMS-concurrent-abortable-preclean: 0.000/0.000 secs] [Times: user=0.00 sys=0.00, real=0.00 secs] 
104.636: Application time: 0.0035890 seconds
104.709: [GC[YG occupancy: 6081 K (6144 K)]104.709: [Rescan (parallel) , 0.0001950 secs]104.709: [weak refs processing, 0.0000070 secs]104.709: [scrub string table, 0.0001020 secs] [1 CMS-remark: 9842K(15744K)] 15923K(21888K), 0.0003530 secs] [Times: user=0.00 sys=0.00, real=0.00 secs] 
104.709: Total time for which application threads were stopped: 0.0738050 seconds, Stopping threads took: 0.0734210 seconds
104.709: Application time: 0.0000950 seconds
104.709: [CMS-concurrent-sweep-start]
104.710: [GC104.710: [ParNew: 6089K->6089K(6144K), 0.0000090 secs]104.710: [CMS104.710: [CMS-concurrent-sweep: 0.001/0.001 secs] [Times: user=0.00 sys=0.00, real=0.00 secs] 
 (concurrent mode failure): 9842K->1479K(15744K), 0.0055130 secs] 15932K->1479K(21888K), [CMS Perm : 5112K->5112K(21248K)], 0.0055610 secs] [Times: user=0.01 sys=0.00, real=0.00 secs] 
104.715: Total time for which application threads were stopped: 0.0057460 seconds, Stopping threads took: 0.0001170 seconds
104.716: Application time: 0.0007140 seconds
104.716: [GC104.716: [ParNew: 5163K->628K(6144K), 0.0015490 secs] 6642K->6614K(21888K), 0.0015780 secs] [Times: user=0.02 sys=0.00, real=0.00 secs] 
104.718: Total time for which application threads were stopped: 0.0021240 seconds, Stopping threads took: 0.0004840 seconds
104.718: Application time: 0.0000550 seconds
104.719: [GC [1 CMS-initial-mark: 5986K(15744K)] 7005K(21888K), 0.0001120 secs] [Times: user=0.00 sys=0.00, real=0.00 secs] 
104.719: Total time for which application threads were stopped: 0.0007440 seconds, Stopping threads took: 0.0006080 seconds
104.719: [CMS-concurrent-mark-start]
104.722: [CMS-concurrent-mark: 0.004/0.004 secs] [Times: user=0.01 sys=0.00, real=0.01 secs] 
104.722: [CMS-concurrent-preclean-start]
104.723: [CMS-concurrent-preclean: 0.000/0.000 secs] [Times: user=0.00 sys=0.00, real=0.00 secs] 
104.723: [CMS-concurrent-abortable-preclean-start]
104.813: Application time: 0.0937310 seconds
104.862: [GC104.862: [ParNew: 6093K->630K(6144K), 0.0006390 secs] 12080K->7038K(21888K), 0.0006760 secs] [Times: user=0.00 sys=0.00, real=0.00 secs] 
104.862: Total time for which application threads were stopped: 0.0497830 seconds, Stopping threads took: 0.0490300 seconds
104.863: Application time: 0.0007270 seconds
104.903: [GC104.903: [ParNew: 6115K->504K(6144K), 0.0014830 secs] 12524K->11825K(21888K), 0.0015160 secs] [Times: user=0.01 sys=0.00, real=0.00 secs] 
104.904: Total time for which application threads were stopped: 0.0414320 seconds, Stopping threads took: 0.0398410 seconds
104.983: Application time: 0.0783450 seconds
105.005: [CMS-concurrent-abortable-preclean: 0.001/0.282 secs] [Times: user=1.54 sys=0.08, real=0.28 secs] 
105.023: [GC105.023: [ParNew: 5989K->5989K(6144K), 0.0000130 secs]105.023: [CMS (concurrent mode failure): 11320K->2472K(15744K), 0.0065820 secs] 17310K->2472K(21888K), [CMS Perm : 5112K->5112K(21248K)], 0.0066350 secs] [Times: user=0.01 sys=0.00, real=0.01 secs] 
105.030: Total time for which application threads were stopped: 0.0472710 seconds, Stopping threads took: 0.0405720 seconds
105.031: Application time: 0.0011480 seconds
105.071: [GC105.071: [ParNew: 5466K->628K(6144K), 0.0014020 secs] 7938K->7607K(21888K), 0.0014340 secs] [Times: user=0.01 sys=0.00, real=0.00 secs] 
105.073: Total time for which application threads were stopped: 0.0413620 seconds, Stopping threads took: 0.0398530 seconds
105.073: Application time: 0.0000780 seconds
105.073: [GC [1 CMS-initial-mark: 6979K(15744K)] 8789K(21888K), 0.0000850 secs] [Times: user=0.00 sys=0.00, real=0.00 secs] 
105.073: Total time for which application threads were stopped: 0.0004180 seconds, Stopping threads took: 0.0002970 seconds
105.073: [CMS-concurrent-mark-start]
105.077: [CMS-concurrent-mark: 0.003/0.003 secs] [Times: user=0.02 sys=0.00, real=0.00 secs] 
105.077: [CMS-concurrent-preclean-start]
105.077: [CMS-concurrent-preclean: 0.000/0.000 secs] [Times: user=0.00 sys=0.00, real=0.00 secs] 
105.077: [CMS-concurrent-abortable-preclean-start]
105.158: Application time: 0.0845830 seconds
105.204: [GC105.204: [ParNew: 6113K->207K(6144K), 0.0006290 secs] 13093K->7218K(21888K), 0.0006600 secs] [Times: user=0.00 sys=0.00, real=0.00 secs] 
105.204: Total time for which application threads were stopped: 0.0467730 seconds, Stopping threads took: 0.0460350 seconds
105.205: Application time: 0.0006040 seconds
105.206: [GC105.206: [ParNew: 5497K->602K(6144K), 0.0014600 secs] 12508K->12496K(21888K), 0.0014880 secs] [Times: user=0.01 sys=0.01, real=0.00 secs] 
105.207: Total time for which application threads were stopped: 0.0019480 seconds, Stopping threads took: 0.0003880 seconds
105.285: Application time: 0.0783560 seconds
105.307: [CMS-concurrent-abortable-preclean: 0.000/0.230 secs] [Times: user=1.49 sys=0.05, real=0.23 secs] 
105.327: [GC105.327: [ParNew: 6087K->6087K(6144K), 0.0000130 secs]105.327: [CMS (concurrent mode failure): 11894K->1496K(15744K), 0.0056930 secs] 17981K->1496K(21888K), [CMS Perm : 5112K->5112K(21248K)], 0.0057490 secs] [Times: user=0.00 sys=0.00, real=0.01 secs] 
105.333: Total time for which application threads were stopped: 0.0471410 seconds, Stopping threads took: 0.0413120 seconds
105.333: Application time: 0.0008940 seconds
105.334: [GC105.334: [ParNew: 5485K->600K(6144K), 0.0017140 secs] 6982K->6996K(21888K), 0.0017410 secs] [Times: user=0.01 sys=0.00, real=0.00 secs] 
105.336: Total time for which application threads were stopped: 0.0021280 seconds, Stopping threads took: 0.0003110 seconds
105.336: Application time: 0.0000720 seconds
105.336: [GC [1 CMS-initial-mark: 6395K(15744K)] 7881K(21888K), 0.0000900 secs] [Times: user=0.00 sys=0.00, real=0.00 secs] 
105.336: Total time for which application threads were stopped: 0.0002880 seconds, Stopping threads took: 0.0001760 seconds
105.336: [CMS-concurrent-mark-start]
105.339: [CMS-concurrent-mark: 0.004/0.004 secs] [Times: user=0.03 sys=0.00, real=0.01 secs] 
105.340: [CMS-concurrent-preclean-start]
105.340: [CMS-concurrent-preclean: 0.000/0.000 secs] [Times: user=0.00 sys=0.00, real=0.00 secs] 
105.340: [CMS-concurrent-abortable-preclean-start]
105.426: Application time: 0.0903620 seconds
105.482: [GC105.482: [ParNew: 6085K->402K(6144K), 0.0004570 secs] 12481K->6800K(21888K), 0.0004940 secs] [Times: user=0.00 sys=0.00, real=0.00 secs] 
105.483: Total time for which application threads were stopped: 0.0563170 seconds, Stopping threads took: 0.0557570 seconds
105.487: Application time: 0.0048800 seconds
105.560: [GC105.560: [ParNew: 5791K->404K(6144K), 0.0004410 secs] 12188K->6802K(21888K), 0.0004690 secs] [Times: user=0.00 sys=0.00, real=0.00 secs] 
105.560: Total time for which application threads were stopped: 0.0725210 seconds, Stopping threads took: 0.0719840 seconds
105.560: Application time: 0.0004090 seconds
105.561: [GC105.561: [ParNew: 5890K->596K(6144K), 0.0015930 secs] 12287K->12267K(21888K), 0.0016270 secs] [Times: user=0.01 sys=0.00, real=0.00 secs] 
105.563: Total time for which application threads were stopped: 0.0021640 seconds, Stopping threads took: 0.0004620 seconds
105.640: Application time: 0.0774780 seconds
105.663: [CMS-concurrent-abortable-preclean: 0.000/0.323 secs] [Times: user=1.84 sys=0.09, real=0.32 secs] 
105.682: [GC105.682: [ParNew: 6061K->6061K(6144K), 0.0000130 secs]105.682: [CMS (concurrent mode failure): 11671K->2863K(15744K), 0.0063970 secs] 17733K->2863K(21888K), [CMS Perm : 5112K->5112K(21248K)], 0.0064540 secs] [Times: user=0.01 sys=0.00, real=0.01 secs] 
105.688: Total time for which application threads were stopped: 0.0479790 seconds, Stopping threads took: 0.0414570 seconds
105.689: Application time: 0.0009870 seconds
105.729: [GC105.729: [ParNew: 5485K->504K(6144K), 0.0016220 secs] 8349K->8265K(21888K), 0.0016500 secs] [Times: user=0.02 sys=0.00, real=0.00 secs] 
105.731: Total time for which application threads were stopped: 0.0418510 seconds, Stopping threads took: 0.0401380 seconds
105.731: Application time: 0.0000620 seconds
105.731: [GC [1 CMS-initial-mark: 7761K(15744K)] 9150K(21888K), 0.0000970 secs] [Times: user=0.00 sys=0.00, real=0.00 secs] 
105.731: Total time for which application threads were stopped: 0.0001840 seconds, Stopping threads took: 0.0000640 seconds
105.731: [CMS-concurrent-mark-start]
105.734: [CMS-concurrent-mark: 0.003/0.003 secs] [Times: user=0.00 sys=0.00, real=0.00 secs] 
105.735: [CMS-concurrent-preclean-start]
105.735: [CMS-concurrent-preclean: 0.000/0.000 secs] [Times: user=0.00 sys=0.00, real=0.00 secs] 
105.735: [CMS-concurrent-abortable-preclean-start]
105.817: Application time: 0.0863610 seconds
105.871: [GC105.871: [ParNew: 5775K->432K(6144K), 0.0003250 secs] 13536K->8196K(21888K), 0.0003550 secs] [Times: user=0.00 sys=0.00, real=0.00 secs] 
105.872: Total time for which application threads were stopped: 0.0542170 seconds, Stopping threads took: 0.0538060 seconds
105.872: Application time: 0.0005640 seconds
105.873: [GC105.873: [ParNew: 5916K->600K(6144K), 0.0016880 secs] 13680K->13666K(21888K), 0.0017220 secs] [Times: user=0.01 sys=0.01, real=0.00 secs] 
105.874: Total time for which application threads were stopped: 0.0021970 seconds, Stopping threads took: 0.0004230 seconds
105.875: [CMS-concurrent-abortable-preclean: 0.000/0.140 secs] [Times: user=0.84 sys=0.03, real=0.14 secs] 
105.875: Application time: 0.0001850 seconds
105.875: [GC[YG occupancy: 2762 K (6144 K)]105.875: [Rescan (parallel) , 0.0001390 secs]105.875: [weak refs processing, 0.0000060 secs]105.875: [scrub string table, 0.0000710 secs] [1 CMS-remark: 13066K(15744K)] 15829K(21888K), 0.0002380 secs] [Times: user=0.00 sys=0.00, real=0.00 secs] 
105.875: Total time for which application threads were stopped: 0.0004490 seconds, Stopping threads took: 0.0001890 seconds
105.875: [CMS-concurrent-sweep-start]
105.876: [CMS-concurrent-sweep: 0.001/0.001 secs] [Times: user=0.00 sys=0.00, real=0.00 secs] 
105.876: [CMS-concurrent-reset-start]
105.876: [CMS-concurrent-reset: 0.000/0.000 secs] [Times: user=0.00 sys=0.00, real=0.00 secs] 
105.954: Application time: 0.0784710 seconds
105.996: [GC105.996: [ParNew: 5987K->5987K(6144K), 0.0000150 secs]105.996: [CMS: 12088K->2863K(15744K), 0.0064720 secs] 18076K->2863K(21888K), [CMS Perm : 5112K->5112K(21248K)], 0.0065350 secs] [Times: user=0.01 sys=0.00, real=0.01 secs] 
106.002: Total time for which application threads were stopped: 0.0485130 seconds, Stopping threads took: 0.0419040 seconds
106.003: Application time: 0.0010460 seconds
106.045: [GC106.045: [ParNew: 5483K->600K(6144K), 0.0017030 secs] 8347K->8068K(21888K), 0.0017410 secs] [Times: user=0.01 sys=0.01, real=0.00 secs] 
106.047: Total time for which application threads were stopped: 0.0436060 seconds, Stopping threads took: 0.0417980 seconds
106.047: Application time: 0.0000690 seconds
106.047: [GC [1 CMS-initial-mark: 7468K(15744K)] 8955K(21888K), 0.0001060 secs] [Times: user=0.00 sys=0.00, real=0.00 secs] 
106.047: Total time for which application threads were stopped: 0.0003800 seconds, Stopping threads took: 0.0002500 seconds
106.047: [CMS-concurrent-mark-start]
106.049: [CMS-concurrent-mark: 0.002/0.002 secs] [Times: user=0.01 sys=0.00, real=0.01 secs] 
106.049: [CMS-concurrent-preclean-start]
106.049: [CMS-concurrent-preclean: 0.000/0.000 secs] [Times: user=0.00 sys=0.00, real=0.00 secs] 
106.049: Application time: 0.0021260 seconds
106.088: [GC[YG occupancy: 2374 K (6144 K)]106.088: [Rescan (parallel) , 0.0003080 secs]106.088: [weak refs processing, 0.0000070 secs]106.088: [scrub string table, 0.0001200 secs] [1 CMS-remark: 7468K(15744K)] 9842K(21888K), 0.0004780 secs] [Times: user=0.00 sys=0.00, real=0.00 secs] 
106.089: Total time for which application threads were stopped: 0.0391860 seconds, Stopping threads took: 0.0386690 seconds
106.089: [CMS-concurrent-sweep-start]
106.090: [CMS-concurrent-sweep: 0.001/0.001 secs] [Times: user=0.00 sys=0.00, real=0.00 secs] 
106.090: [CMS-concurrent-reset-start]
106.090: [CMS-concurrent-reset: 0.000/0.000 secs] [Times: user=0.00 sys=0.00, real=0.00 secs] 
106.176: Application time: 0.0870010 seconds
106.218: [GC106.218: [ParNew: 5792K->404K(6144K), 0.0006500 secs] 12478K->7092K(21888K), 0.0006820 secs] [Times: user=0.00 sys=0.00, real=0.00 secs] 
106.219: Total time for which application threads were stopped: 0.0432360 seconds, Stopping threads took: 0.0424850 seconds
106.219: Application time: 0.0001280 seconds
106.219: [GC [1 CMS-initial-mark: 6688K(15744K)] 8080K(21888K), 0.0000790 secs] [Times: user=0.00 sys=0.00, real=0.00 secs] 
106.219: Total time for which application threads were stopped: 0.0002640 seconds, Stopping threads took: 0.0001590 seconds
106.219: [CMS-concurrent-mark-start]
106.220: Application time: 0.0007360 seconds
106.273: [GC106.273: [ParNew: 5888K->600K(6144K), 0.0015550 secs] 12576K->11488K(21888K), 0.0015910 secs] [Times: user=0.01 sys=0.00, real=0.00 secs] 
106.274: Total time for which application threads were stopped: 0.0545520 seconds, Stopping threads took: 0.0528840 seconds
106.277: [CMS-concurrent-mark: 0.004/0.058 secs] [Times: user=0.10 sys=0.04, real=0.06 secs] 
106.277: [CMS-concurrent-preclean-start]
106.278: [CMS-concurrent-preclean: 0.000/0.000 secs] [Times: user=0.00 sys=0.00, real=0.00 secs] 
106.278: [CMS-concurrent-abortable-preclean-start]
106.352: Application time: 0.0778760 seconds
106.355: [GC106.355: [ParNew: 5988K->5988K(6144K), 0.0000130 secs]106.355: [CMS106.355: [CMS-concurrent-abortable-preclean: 0.000/0.077 secs] [Times: user=0.62 sys=0.00, real=0.08 secs] 
 (concurrent mode failure): 10888K->2863K(15744K), 0.0059510 secs] 16876K->2863K(21888K), [CMS Perm : 5112K->5112K(21248K)], 0.0060150 secs] [Times: user=0.00 sys=0.00, real=0.01 secs] 
106.361: Total time for which application threads were stopped: 0.0082910 seconds, Stopping threads took: 0.0021870 seconds
106.362: Application time: 0.0011320 seconds
106.402: [GC106.402: [ParNew: 5368K->630K(6144K), 0.0014490 secs] 8232K->7607K(21888K), 0.0014840 secs] [Times: user=0.01 sys=0.00, real=0.00 secs] 
106.403: Total time for which application threads were stopped: 0.0416790 seconds, Stopping threads took: 0.0401200 seconds
106.403: Application time: 0.0000360 seconds
106.404: [GC [1 CMS-initial-mark: 6977K(15744K)] 8197K(21888K), 0.0000950 secs] [Times: user=0.00 sys=0.00, real=0.00 secs] 
106.404: Total time for which application threads were stopped: 0.0003840 seconds, Stopping threads took: 0.0002450 seconds
106.404: [CMS-concurrent-mark-start]
106.407: [CMS-concurrent-mark: 0.003/0.003 secs] [Times: user=0.00 sys=0.00, real=0.00 secs] 
106.407: [CMS-concurrent-preclean-start]
106.407: [CMS-concurrent-preclean: 0.000/0.000 secs] [Times: user=0.00 sys=0.00, real=0.00 secs] 
106.407: [CMS-concurrent-abortable-preclean-start]
106.491: Application time: 0.0868680 seconds
106.534: [GC106.534: [ParNew: 5979K->267K(6144K), 0.0003520 secs] 12956K->7279K(21888K), 0.0003790 secs] [Times: user=0.00 sys=0.00, real=0.00 secs] 
106.534: Total time for which application threads were stopped: 0.0434350 seconds, Stopping threads took: 0.0429980 seconds
106.535: Application time: 0.0006330 seconds
106.535: [GC106.535: [ParNew: 5734K->638K(6144K), 0.0015880 secs] 12745K->12678K(21888K), 0.0016210 secs] [Times: user=0.01 sys=0.00, real=0.00 secs] 
106.537: Total time for which application threads were stopped: 0.0020860 seconds, Stopping threads took: 0.0003890 seconds
106.616: Application time: 0.0788880 seconds
106.637: [CMS-concurrent-abortable-preclean: 0.000/0.230 secs] [Times: user=1.47 sys=0.04, real=0.23 secs] 
106.656: [GC106.656: [ParNew: 6123K->6123K(6144K), 0.0000140 secs]106.656: [CMS (concurrent mode failure): 12040K->2668K(15744K), 0.0067030 secs] 18164K->2668K(21888K), [CMS Perm : 5112K->5112K(21248K)], 0.0067590 secs] [Times: user=0.01 sys=0.00, real=0.01 secs] 
106.663: Total time for which application threads were stopped: 0.0467040 seconds, Stopping threads took: 0.0398610 seconds
106.664: Application time: 0.0011680 seconds
106.704: [GC106.704: [ParNew: 5485K->596K(6144K), 0.0016210 secs] 8154K->7869K(21888K), 0.0016580 secs] [Times: user=0.01 sys=0.01, real=0.00 secs] 
106.705: Total time for which application threads were stopped: 0.0415870 seconds, Stopping threads took: 0.0398530 seconds
106.705: Application time: 0.0000690 seconds
106.706: [GC [1 CMS-initial-mark: 7273K(15744K)] 8754K(21888K), 0.0001060 secs] [Times: user=0.00 sys=0.00, real=0.00 secs] 
106.706: Total time for which application threads were stopped: 0.0003050 seconds, Stopping threads took: 0.0001730 seconds
106.706: [CMS-concurrent-mark-start]
106.713: [CMS-concurrent-mark: 0.007/0.007 secs] [Times: user=0.05 sys=0.00, real=0.01 secs] 
106.713: [CMS-concurrent-preclean-start]
106.713: [CMS-concurrent-preclean: 0.000/0.000 secs] [Times: user=0.00 sys=0.00, real=0.00 secs] 
106.713: [CMS-concurrent-abortable-preclean-start]
106.799: Application time: 0.0936850 seconds
106.850: [GC106.850: [ParNew: 5983K->402K(6144K), 0.0005860 secs] 13257K->7676K(21888K), 0.0006190 secs] [Times: user=0.00 sys=0.00, real=0.00 secs] 
106.851: Total time for which application threads were stopped: 0.0515920 seconds, Stopping threads took: 0.0508970 seconds
106.852: Application time: 0.0007030 seconds
106.852: [GC106.852: [ParNew: 5771K->630K(6144K), 0.0017210 secs] 13045K->12982K(21888K), 0.0017560 secs] [Times: user=0.01 sys=0.00, real=0.00 secs] 
106.854: Total time for which application threads were stopped: 0.0021860 seconds, Stopping threads took: 0.0003760 seconds
106.932: Application time: 0.0783460 seconds
106.954: [CMS-concurrent-abortable-preclean: 0.000/0.241 secs] [Times: user=1.53 sys=0.02, real=0.24 secs] 
106.972: [GC106.972: [ParNew: 6115K->6115K(6144K), 0.0000140 secs]106.972: [CMS (concurrent mode failure): 12352K->2766K(15744K), 0.0065090 secs] 18468K->2766K(21888K), [CMS Perm : 5112K->5112K(21248K)], 0.0065640 secs] [Times: user=0.01 sys=0.00, real=0.00 secs] 
106.979: Total time for which application threads were stopped: 0.0463970 seconds, Stopping threads took: 0.0397460 seconds
106.980: Application time: 0.0012610 seconds
107.019: [GC107.019: [ParNew: 5485K->598K(6144K), 0.0016920 secs] 8251K->8261K(21888K), 0.0017240 secs] [Times: user=0.01 sys=0.00, real=0.01 secs] 
107.021: Total time for which application threads were stopped: 0.0412730 seconds, Stopping threads took: 0.0394950 seconds
107.021: Application time: 0.0000820 seconds
107.021: [GC [1 CMS-initial-mark: 7663K(15744K)] 8949K(21888K), 0.0000990 secs] [Times: user=0.00 sys=0.00, real=0.00 secs] 
107.021: Total time for which application threads were stopped: 0.0001850 seconds, Stopping threads took: 0.0000620 seconds
107.021: [CMS-concurrent-mark-start]
107.025: [CMS-concurrent-mark: 0.003/0.003 secs] [Times: user=0.02 sys=0.00, real=0.00 secs] 
107.025: [CMS-concurrent-preclean-start]
107.025: [CMS-concurrent-preclean: 0.000/0.000 secs] [Times: user=0.00 sys=0.00, real=0.00 secs] 
107.025: [CMS-concurrent-abortable-preclean-start]
107.115: Application time: 0.0935140 seconds
107.155: [GC107.155: [ParNew: 5888K->404K(6144K), 0.0004630 secs] 13552K->8069K(21888K), 0.0004960 secs] [Times: user=0.00 sys=0.00, real=0.00 secs] 
107.156: Total time for which application threads were stopped: 0.0408470 seconds, Stopping threads took: 0.0402620 seconds
107.156: Application time: 0.0005670 seconds
107.157: [GC107.157: [ParNew: 5888K->600K(6144K), 0.0018350 secs] 13553K->13540K(21888K), 0.0018670 secs] [Times: user=0.01 sys=0.00, real=0.00 secs] 
107.159: Total time for which application threads were stopped: 0.0023160 seconds, Stopping threads took: 0.0003740 seconds
107.237: Application time: 0.0787440 seconds
107.243: [GC107.243: [ParNew: 6085K->6085K(6144K), 0.0000150 secs]107.243: [CMS107.243: [CMS-concurrent-abortable-preclean: 0.000/0.218 secs] [Times: user=1.48 sys=0.02, real=0.22 secs] 
 (concurrent mode failure): 12940K->4035K(15744K), 0.0068990 secs] 19025K->4035K(21888K), [CMS Perm : 5112K->5112K(21248K)], 0.0069650 secs] [Times: user=0.01 sys=0.00, real=0.01 secs] 
107.250: Total time for which application threads were stopped: 0.0122260 seconds, Stopping threads took: 0.0051810 seconds
107.251: Application time: 0.0015890 seconds
107.328: [GC107.328: [ParNew: 5270K->430K(6144K), 0.0003540 secs] 9306K->4466K(21888K), 0.0003890 secs] [Times: user=0.00 sys=0.00, real=0.00 secs] 
107.329: Total time for which application threads were stopped: 0.0773780 seconds, Stopping threads took: 0.0769160 seconds
107.329: Application time: 0.0003820 seconds
107.329: [GC107.329: [ParNew: 5914K->600K(6144K), 0.0018050 secs] 9950K->9954K(21888K), 0.0018380 secs] [Times: user=0.01 sys=0.00, real=0.00 secs] 
107.331: Total time for which application threads were stopped: 0.0023150 seconds, Stopping threads took: 0.0004030 seconds
107.331: Application time: 0.0000400 seconds
107.332: [GC [1 CMS-initial-mark: 9354K(15744K)] 10542K(21888K), 0.0000910 secs] [Times: user=0.00 sys=0.00, real=0.00 secs] 
107.332: Total time for which application threads were stopped: 0.0004340 seconds, Stopping threads took: 0.0002990 seconds
107.332: [CMS-concurrent-mark-start]
107.335: [CMS-concurrent-mark: 0.003/0.003 secs] [Times: user=0.01 sys=0.00, real=0.00 secs] 
107.335: [CMS-concurrent-preclean-start]
107.335: [CMS-concurrent-preclean: 0.000/0.000 secs] [Times: user=0.00 sys=0.00, real=0.00 secs] 
107.335: [CMS-concurrent-abortable-preclean-start]
107.410: Application time: 0.0783320 seconds
107.414: [GC107.414: [ParNew: 5987K->502K(6144K), 0.0010090 secs] 15342K->12006K(21888K), 0.0010470 secs] [Times: user=0.01 sys=0.00, real=0.00 secs] 
107.415: Total time for which application threads were stopped: 0.0050790 seconds, Stopping threads took: 0.0039480 seconds
107.416: Application time: 0.0011600 seconds
107.492: [GC107.492: [ParNew: 5871K->5871K(6144K), 0.0000130 secs]107.492: [CMS107.492: [CMS-concurrent-abortable-preclean: 0.000/0.157 secs] [Times: user=1.05 sys=0.03, real=0.16 secs] 
 (concurrent mode failure): 11503K->3840K(15744K), 0.0065930 secs] 17375K->3840K(21888K), [CMS Perm : 5112K->5112K(21248K)], 0.0066540 secs] [Times: user=0.00 sys=0.00, real=0.00 secs] 
107.499: Total time for which application threads were stopped: 0.0825780 seconds, Stopping threads took: 0.0758380 seconds
107.500: Application time: 0.0012690 seconds
107.568: [GC107.568: [ParNew: 5485K->502K(6144K), 0.0015350 secs] 9326K->8650K(21888K), 0.0015740 secs] [Times: user=0.01 sys=0.00, real=0.00 secs] 
107.570: Total time for which application threads were stopped: 0.0697190 seconds, Stopping threads took: 0.0680830 seconds
107.570: Application time: 0.0000700 seconds
107.611: [GC [1 CMS-initial-mark: 8148K(15744K)] 8758K(21888K), 0.0001070 secs] [Times: user=0.00 sys=0.00, real=0.00 secs] 
107.611: Total time for which application threads were stopped: 0.0414120 seconds, Stopping threads took: 0.0412570 seconds
107.611: [CMS-concurrent-mark-start]
107.617: [CMS-concurrent-mark: 0.006/0.006 secs] [Times: user=0.02 sys=0.00, real=0.00 secs] 
107.617: [CMS-concurrent-preclean-start]
107.617: [CMS-concurrent-preclean: 0.000/0.000 secs] [Times: user=0.00 sys=0.00, real=0.00 secs] 
107.617: [CMS-concurrent-abortable-preclean-start]
107.689: Application time: 0.0780510 seconds
107.694: [GC107.694: [ParNew: 5988K->600K(6144K), 0.0004890 secs] 14136K->8751K(21888K), 0.0005230 secs] [Times: user=0.00 sys=0.00, real=0.00 secs] 
107.694: Total time for which application threads were stopped: 0.0046300 seconds, Stopping threads took: 0.0040250 seconds
107.695: Application time: 0.0007000 seconds
107.744: [GC107.744: [ParNew: 6083K->500K(6144K), 0.0015670 secs] 14234K->13148K(21888K), 0.0015980 secs] [Times: user=0.01 sys=0.00, real=0.00 secs] 
107.746: Total time for which application threads were stopped: 0.0508440 seconds, Stopping threads took: 0.0491730 seconds
107.824: Application time: 0.0786340 seconds
107.826: [GC107.826: [ParNew: 5966K->5966K(6144K), 0.0000140 secs]107.826: [CMS107.826: [CMS-concurrent-abortable-preclean: 0.000/0.209 secs] [Times: user=1.33 sys=0.04, real=0.21 secs] 
 (concurrent mode failure): 12648K->3059K(15744K), 0.0068070 secs] 18615K->3059K(21888K), [CMS Perm : 5112K->5112K(21248K)], 0.0068820 secs] [Times: user=0.00 sys=0.00, real=0.01 secs] 
107.833: Total time for which application threads were stopped: 0.0086810 seconds, Stopping threads took: 0.0017070 seconds
107.834: Application time: 0.0011940 seconds
107.886: [GC107.886: [ParNew: 5485K->600K(6144K), 0.0015190 secs] 8545K->8164K(21888K), 0.0015500 secs] [Times: user=0.01 sys=0.00, real=0.00 secs] 
107.887: Total time for which application threads were stopped: 0.0532020 seconds, Stopping threads took: 0.0515770 seconds
107.887: Application time: 0.0001100 seconds
107.888: [GC [1 CMS-initial-mark: 7564K(15744K)] 9444K(21888K), 0.0001120 secs] [Times: user=0.00 sys=0.00, real=0.00 secs] 
107.888: Total time for which application threads were stopped: 0.0004060 seconds, Stopping threads took: 0.0002480 seconds
107.888: [CMS-concurrent-mark-start]
107.891: [CMS-concurrent-mark: 0.003/0.003 secs] [Times: user=0.01 sys=0.00, real=0.00 secs] 
107.891: [CMS-concurrent-preclean-start]
107.891: [CMS-concurrent-preclean: 0.000/0.000 secs] [Times: user=0.00 sys=0.00, real=0.00 secs] 
107.891: Application time: 0.0032380 seconds
107.965: [GC[YG occupancy: 2177 K (6144 K)]107.965: [Rescan (parallel) , 0.0001560 secs]107.965: [weak refs processing, 0.0000070 secs]107.965: [scrub string table, 0.0001030 secs] [1 CMS-remark: 7564K(15744K)] 9741K(21888K), 0.0003000 secs] [Times: user=0.00 sys=0.00, real=0.00 secs] 
107.965: Total time for which application threads were stopped: 0.0740370 seconds, Stopping threads took: 0.0736850 seconds
107.965: [CMS-concurrent-sweep-start]
107.966: Application time: 0.0007370 seconds
108.006: [GC108.006: [ParNew: 5890K->600K(6144K), 0.0010970 secs] 13454K->11487K(21888K), 0.0011250 secs] [Times: user=0.01 sys=0.00, real=0.00 secs] 
108.007: Total time for which application threads were stopped: 0.0410770 seconds, Stopping threads took: 0.0398810 seconds
108.007: [CMS-concurrent-sweep: 0.001/0.042 secs] [Times: user=0.08 sys=0.01, real=0.04 secs] 
108.007: [CMS-concurrent-reset-start]
108.008: [CMS-concurrent-reset: 0.000/0.000 secs] [Times: user=0.00 sys=0.00, real=0.00 secs] 
108.086: Application time: 0.0794870 seconds
108.087: [GC108.087: [ParNew: 6085K->600K(6144K), 0.0006530 secs] 15213K->9926K(21888K), 0.0006870 secs] [Times: user=0.01 sys=0.00, real=0.00 secs] 
108.088: Total time for which application threads were stopped: 0.0017140 seconds, Stopping threads took: 0.0009640 seconds
108.088: Application time: 0.0002040 seconds
108.089: [GC [1 CMS-initial-mark: 9326K(15744K)] 11501K(21888K), 0.0001070 secs] [Times: user=0.00 sys=0.00, real=0.00 secs] 
108.089: Total time for which application threads were stopped: 0.0004320 seconds, Stopping threads took: 0.0002890 seconds
108.089: [CMS-concurrent-mark-start]
108.089: Application time: 0.0005580 seconds
108.090: [GC108.090: [ParNew: 6085K->600K(6144K), 0.0016270 secs] 15412K->15396K(21888K), 0.0016540 secs] [Times: user=0.01 sys=0.00, real=0.00 secs] 
108.091: Total time for which application threads were stopped: 0.0018580 seconds, Stopping threads took: 0.0001620 seconds
108.095: [CMS-concurrent-mark: 0.004/0.006 secs] [Times: user=0.02 sys=0.00, real=0.00 secs] 
108.095: [CMS-concurrent-preclean-start]
108.095: [CMS-concurrent-preclean: 0.000/0.000 secs] [Times: user=0.00 sys=0.00, real=0.00 secs] 
108.095: [CMS-concurrent-abortable-preclean-start]
108.095: [CMS-concurrent-abortable-preclean: 0.000/0.000 secs] [Times: user=0.00 sys=0.00, real=0.00 secs] 
108.095: Application time: 0.0039860 seconds
108.169: [GC[YG occupancy: 2665 K (6144 K)]108.169: [Rescan (parallel) , 0.0001760 secs]108.169: [weak refs processing, 0.0000070 secs]108.169: [scrub string table, 0.0001010 secs] [1 CMS-remark: 14795K(15744K)] 17461K(21888K), 0.0003250 secs] [Times: user=0.00 sys=0.00, real=0.00 secs] 
108.169: Total time for which application threads were stopped: 0.0736590 seconds, Stopping threads took: 0.0732860 seconds
108.169: [CMS-concurrent-sweep-start]
108.170: Application time: 0.0006890 seconds
108.210: [GC108.210: [ParNew: 6085K->6085K(6144K), 0.0000100 secs]108.210: [CMS108.210: [CMS-concurrent-sweep: 0.001/0.041 secs] [Times: user=0.11 sys=0.02, real=0.04 secs] 
 (concurrent mode failure): 14795K->4426K(15744K), 0.0063220 secs] 20881K->4426K(21888K), [CMS Perm : 5112K->5112K(21248K)], 0.0063840 secs] [Times: user=0.01 sys=0.00, real=0.00 secs] 
108.216: Total time for which application threads were stopped: 0.0465260 seconds, Stopping threads took: 0.0400800 seconds
108.299: Application time: 0.0833790 seconds
108.308: [GC108.308: [ParNew: 5485K->14K(6144K), 0.0003600 secs] 9912K->4440K(21888K), 0.0003920 secs] [Times: user=0.00 sys=0.00, real=0.00 secs] 
108.309: Total time for which application threads were stopped: 0.0092440 seconds, Stopping threads took: 0.0087740 seconds
108.309: Application time: 0.0006230 seconds
108.310: [GC108.310: [ParNew: 5461K->634K(6144K), 0.0014690 secs] 9887K->9786K(21888K), 0.0015010 secs] [Times: user=0.01 sys=0.01, real=0.00 secs] 
108.311: Total time for which application threads were stopped: 0.0017330 seconds, Stopping threads took: 0.0001800 seconds
108.311: Application time: 0.0000820 seconds
108.311: [GC [1 CMS-initial-mark: 9152K(15744K)] 10871K(21888K), 0.0000870 secs] [Times: user=0.00 sys=0.00, real=0.00 secs] 
108.311: Total time for which application threads were stopped: 0.0003020 seconds, Stopping threads took: 0.0001830 seconds
108.311: [CMS-concurrent-mark-start]
108.314: [CMS-concurrent-mark: 0.003/0.003 secs] [Times: user=0.01 sys=0.00, real=0.00 secs] 
108.314: [CMS-concurrent-preclean-start]
108.315: [CMS-concurrent-preclean: 0.000/0.000 secs] [Times: user=0.00 sys=0.00, real=0.00 secs] 
108.315: [CMS-concurrent-abortable-preclean-start]
108.396: Application time: 0.0843160 seconds
108.436: [GC108.436: [ParNew: 6100K->626K(6144K), 0.0005870 secs] 15252K->10205K(21888K), 0.0006200 secs] [Times: user=0.00 sys=0.00, real=0.00 secs] 
108.437: Total time for which application threads were stopped: 0.0410750 seconds, Stopping threads took: 0.0404010 seconds
108.438: Application time: 0.0006830 seconds
108.477: [GC108.477: [ParNew: 5994K->626K(6144K), 0.0014890 secs] 15574K->14824K(21888K), 0.0015240 secs] [Times: user=0.01 sys=0.00, real=0.00 secs] 
108.479: Total time for which application threads were stopped: 0.0412990 seconds, Stopping threads took: 0.0397170 seconds
108.558: Application time: 0.0790730 seconds
108.558: [GC108.559: [ParNew: 6013K->6013K(6144K), 0.0000140 secs]108.559: [CMS108.559: [CMS-concurrent-abortable-preclean: 0.000/0.244 secs] [Times: user=1.45 sys=0.04, real=0.24 secs] 
 (concurrent mode failure): 14198K->3255K(15744K), 0.0058950 secs] 20212K->3255K(21888K), [CMS Perm : 5112K->5112K(21248K)], 0.0059580 secs] [Times: user=0.00 sys=0.00, real=0.01 secs] 
108.564: Total time for which application threads were stopped: 0.0065910 seconds, Stopping threads took: 0.0005660 seconds
108.566: Application time: 0.0011690 seconds
108.620: [GC108.620: [ParNew: 5485K->600K(6144K), 0.0016350 secs] 8740K->8164K(21888K), 0.0016650 secs] [Times: user=0.01 sys=0.00, real=0.00 secs] 
108.622: Total time for which application threads were stopped: 0.0560440 seconds, Stopping threads took: 0.0543060 seconds
108.622: Application time: 0.0001760 seconds
108.663: [GC [1 CMS-initial-mark: 7564K(15744K)] 8563K(21888K), 0.0001000 secs] [Times: user=0.00 sys=0.00, real=0.00 secs] 
108.663: Total time for which application threads were stopped: 0.0413350 seconds, Stopping threads took: 0.0411880 seconds
108.663: [CMS-concurrent-mark-start]
108.666: [CMS-concurrent-mark: 0.002/0.002 secs] [Times: user=0.01 sys=0.00, real=0.00 secs] 
108.666: [CMS-concurrent-preclean-start]
108.666: [CMS-concurrent-preclean: 0.000/0.000 secs] [Times: user=0.00 sys=0.00, real=0.00 secs] 
108.666: Application time: 0.0026740 seconds
108.723: [GC[YG occupancy: 2374 K (6144 K)]108.723: [Rescan (parallel) , 0.0001610 secs]108.723: [weak refs processing, 0.0000060 secs]108.723: [scrub string table, 0.0000930 secs] [1 CMS-remark: 7564K(15744K)] 9939K(21888K), 0.0002880 secs] [Times: user=0.00 sys=0.00, real=0.00 secs] 
108.723: Total time for which application threads were stopped: 0.0571360 seconds, Stopping threads took: 0.0568060 seconds
108.723: [CMS-concurrent-sweep-start]
108.724: Application time: 0.0007190 seconds
108.764: [GC108.764: [ParNew: 6085K->600K(6144K), 0.0013680 secs] 13650K->11880K(21888K), 0.0013930 secs] [Times: user=0.00 sys=0.00, real=0.00 secs] 
108.766: Total time for which application threads were stopped: 0.0418750 seconds, Stopping threads took: 0.0404140 seconds
108.766: [CMS-concurrent-sweep: 0.001/0.043 secs] [Times: user=0.07 sys=0.02, real=0.04 secs] 
108.766: [CMS-concurrent-reset-start]
108.767: [CMS-concurrent-reset: 0.000/0.000 secs] [Times: user=0.00 sys=0.00, real=0.00 secs] 
108.843: Application time: 0.0778620 seconds
108.846: [GC108.846: [ParNew: 6085K->602K(6144K), 0.0006410 secs] 13653K->8756K(21888K), 0.0006720 secs] [Times: user=0.00 sys=0.00, real=0.00 secs] 
108.847: Total time for which application threads were stopped: 0.0033310 seconds, Stopping threads took: 0.0025820 seconds
108.847: Application time: 0.0001720 seconds
108.847: [GC [1 CMS-initial-mark: 8154K(15744K)] 11017K(21888K), 0.0001530 secs] [Times: user=0.00 sys=0.00, real=0.01 secs] 
108.847: Total time for which application threads were stopped: 0.0004750 seconds, Stopping threads took: 0.0003010 seconds
108.847: [CMS-concurrent-mark-start]
108.848: Application time: 0.0007070 seconds
108.888: [GC108.888: [ParNew: 5970K->626K(6144K), 0.0012660 secs] 14125K->12297K(21888K), 0.0012930 secs] [Times: user=0.01 sys=0.00, real=0.00 secs] 
108.889: Total time for which application threads were stopped: 0.0411250 seconds, Stopping threads took: 0.0397640 seconds
108.893: [CMS-concurrent-mark: 0.004/0.045 secs] [Times: user=0.14 sys=0.02, real=0.04 secs] 
108.893: [CMS-concurrent-preclean-start]
108.893: [CMS-concurrent-preclean: 0.000/0.000 secs] [Times: user=0.00 sys=0.00, real=0.00 secs] 
108.893: [CMS-concurrent-abortable-preclean-start]
108.893: [CMS-concurrent-abortable-preclean: 0.000/0.000 secs] [Times: user=0.00 sys=0.00, real=0.00 secs] 
108.893: Application time: 0.0034400 seconds
108.966: [GC[YG occupancy: 4254 K (6144 K)]108.966: [Rescan (parallel) , 0.0003870 secs]108.967: [weak refs processing, 0.0000070 secs]108.967: [scrub string table, 0.0000940 secs] [1 CMS-remark: 11671K(15744K)] 15925K(21888K), 0.0005350 secs] [Times: user=0.00 sys=0.00, real=0.00 secs] 
108.967: Total time for which application threads were stopped: 0.0740620 seconds, Stopping threads took: 0.0734940 seconds
108.967: [CMS-concurrent-sweep-start]
108.967: Application time: 0.0004390 seconds
109.007: [GC109.007: [ParNew: 6011K->6011K(6144K), 0.0000090 secs]109.007: [CMS109.007: [CMS-concurrent-sweep: 0.001/0.040 secs] [Times: user=0.07 sys=0.02, real=0.04 secs] 
 (concurrent mode failure): 11671K->3450K(15744K), 0.0055750 secs] 17683K->3450K(21888K), [CMS Perm : 5112K->5112K(21248K)], 0.0056270 secs] [Times: user=0.01 sys=0.00, real=0.01 secs] 
109.013: Total time for which application threads were stopped: 0.0453740 seconds, Stopping threads took: 0.0396710 seconds
109.014: Application time: 0.0010190 seconds
109.054: [GC109.054: [ParNew: 5483K->498K(6144K), 0.0017710 secs] 8933K->8650K(21888K), 0.0018050 secs] [Times: user=0.01 sys=0.00, real=0.00 secs] 
109.055: Total time for which application threads were stopped: 0.0417150 seconds, Stopping threads took: 0.0398330 seconds
109.055: Application time: 0.0000930 seconds
109.095: [GC [1 CMS-initial-mark: 8152K(15744K)] 9344K(21888K), 0.0000900 secs] [Times: user=0.00 sys=0.00, real=0.00 secs] 
109.096: Total time for which application threads were stopped: 0.0401280 seconds, Stopping threads took: 0.0400120 seconds
109.096: [CMS-concurrent-mark-start]
109.099: [CMS-concurrent-mark: 0.003/0.003 secs] [Times: user=0.01 sys=0.00, real=0.00 secs] 
109.099: [CMS-concurrent-preclean-start]
109.099: [CMS-concurrent-preclean: 0.000/0.000 secs] [Times: user=0.00 sys=0.00, real=0.00 secs] 
109.099: [CMS-concurrent-abortable-preclean-start]
109.187: Application time: 0.0918500 seconds
109.224: [GC109.224: [ParNew: 5984K->211K(6144K), 0.0003140 secs] 14136K->8363K(21888K), 0.0003610 secs] [Times: user=0.00 sys=0.00, real=0.00 secs] 
109.225: Total time for which application threads were stopped: 0.0371140 seconds, Stopping threads took: 0.0366650 seconds
109.225: Application time: 0.0005170 seconds
109.225: [GC109.225: [ParNew: 5580K->630K(6144K), 0.0015850 secs] 13732K->13667K(21888K), 0.0016180 secs] [Times: user=0.00 sys=0.01, real=0.00 secs] 
109.227: Total time for which application threads were stopped: 0.0020170 seconds, Stopping threads took: 0.0003240 seconds
109.305: Application time: 0.0777430 seconds
109.327: [CMS-concurrent-abortable-preclean: 0.000/0.228 secs] [Times: user=1.46 sys=0.04, real=0.23 secs] 
109.351: [GC109.351: [ParNew: 6096K->6096K(6144K), 0.0000130 secs]109.351: [CMS (concurrent mode failure): 13037K->2474K(15744K), 0.0066290 secs] 19133K->2474K(21888K), [CMS Perm : 5112K->5112K(21248K)], 0.0066850 secs] [Times: user=0.01 sys=0.00, real=0.00 secs] 
109.358: Total time for which application threads were stopped: 0.0527790 seconds, Stopping threads took: 0.0460100 seconds
109.359: Application time: 0.0009430 seconds
109.399: [GC109.399: [ParNew: 5290K->600K(6144K), 0.0015900 secs] 7764K->7483K(21888K), 0.0016190 secs] [Times: user=0.01 sys=0.00, real=0.01 secs] 
109.400: Total time for which application threads were stopped: 0.0417280 seconds, Stopping threads took: 0.0400360 seconds
109.400: Application time: 0.0000560 seconds
109.401: [GC [1 CMS-initial-mark: 6883K(15744K)] 8563K(21888K), 0.0001060 secs] [Times: user=0.00 sys=0.00, real=0.00 secs] 
109.401: Total time for which application threads were stopped: 0.0004470 seconds, Stopping threads took: 0.0002940 seconds
109.401: [CMS-concurrent-mark-start]
109.405: [CMS-concurrent-mark: 0.004/0.004 secs] [Times: user=0.02 sys=0.00, real=0.00 secs] 
109.405: [CMS-concurrent-preclean-start]
109.405: [CMS-concurrent-preclean: 0.000/0.000 secs] [Times: user=0.00 sys=0.00, real=0.00 secs] 
109.405: [CMS-concurrent-abortable-preclean-start]
109.492: Application time: 0.0908920 seconds
109.549: [GC109.549: [ParNew: 5987K->16K(6144K), 0.0002790 secs] 12871K->6902K(21888K), 0.0003090 secs] [Times: user=0.00 sys=0.00, real=0.00 secs] 
109.549: Total time for which application threads were stopped: 0.0572780 seconds, Stopping threads took: 0.0568940 seconds
109.549: Application time: 0.0005320 seconds
109.550: [GC109.550: [ParNew: 5501K->602K(6144K), 0.0014960 secs] 12388K->12371K(21888K), 0.0015290 secs] [Times: user=0.01 sys=0.00, real=0.00 secs] 
109.551: Total time for which application threads were stopped: 0.0018790 seconds, Stopping threads took: 0.0002960 seconds
109.630: Application time: 0.0781570 seconds
109.652: [CMS-concurrent-abortable-preclean: 0.000/0.247 secs] [Times: user=1.51 sys=0.06, real=0.25 secs] 
109.670: [GC109.670: [ParNew: 5989K->5989K(6144K), 0.0000130 secs]109.670: [CMS (concurrent mode failure): 11769K->2474K(15744K), 0.0051840 secs] 17759K->2474K(21888K), [CMS Perm : 5112K->5112K(21248K)], 0.0052400 secs] [Times: user=0.00 sys=0.00, real=0.00 secs] 
109.675: Total time for which application threads were stopped: 0.0457770 seconds, Stopping threads took: 0.0404720 seconds
109.676: Application time: 0.0009720 seconds
109.716: [GC109.716: [ParNew: 5386K->602K(6144K), 0.0017020 secs] 7860K->7582K(21888K), 0.0017330 secs] [Times: user=0.01 sys=0.00, real=0.00 secs] 
109.718: Total time for which application threads were stopped: 0.0416890 seconds, Stopping threads took: 0.0398820 seconds
109.718: Application time: 0.0000470 seconds
109.718: [GC [1 CMS-initial-mark: 6980K(15744K)] 7975K(21888K), 0.0001080 secs] [Times: user=0.00 sys=0.00, real=0.00 secs] 
109.718: Total time for which application threads were stopped: 0.0003340 seconds, Stopping threads took: 0.0001820 seconds
109.718: [CMS-concurrent-mark-start]
109.722: [CMS-concurrent-mark: 0.003/0.003 secs] [Times: user=0.01 sys=0.00, real=0.01 secs] 
109.722: [CMS-concurrent-preclean-start]
109.722: [CMS-concurrent-preclean: 0.000/0.000 secs] [Times: user=0.00 sys=0.00, real=0.00 secs] 
109.722: [CMS-concurrent-abortable-preclean-start]
109.809: Application time: 0.0902680 seconds
109.850: [GC109.850: [ParNew: 6087K->207K(6144K), 0.0005980 secs] 13068K->7189K(21888K), 0.0006320 secs] [Times: user=0.00 sys=0.00, real=0.00 secs] 
109.851: Total time for which application threads were stopped: 0.0420170 seconds, Stopping threads took: 0.0413010 seconds
109.851: Application time: 0.0005790 seconds
109.852: [GC109.852: [ParNew: 5424K->528K(6144K), 0.0014310 secs] 12406K->12395K(21888K), 0.0014650 secs] [Times: user=0.01 sys=0.00, real=0.00 secs] 
109.853: Total time for which application threads were stopped: 0.0019270 seconds, Stopping threads took: 0.0004100 seconds
109.931: Application time: 0.0776210 seconds
109.953: [CMS-concurrent-abortable-preclean: 0.000/0.231 secs] [Times: user=1.52 sys=0.03, real=0.23 secs] 
109.977: [GC109.977: [ParNew: 5870K->5870K(6144K), 0.0000120 secs]109.977: [CMS (concurrent mode failure): 11866K->2278K(15744K), 0.0058480 secs] 17737K->2278K(21888K), [CMS Perm : 5112K->5112K(21248K)], 0.0059040 secs] [Times: user=0.00 sys=0.00, real=0.01 secs] 
109.983: Total time for which application threads were stopped: 0.0518940 seconds, Stopping threads took: 0.0459060 seconds
109.984: Application time: 0.0008810 seconds
110.024: [GC110.024: [ParNew: 5192K->600K(6144K), 0.0014630 secs] 7471K->7190K(21888K), 0.0014930 secs] [Times: user=0.01 sys=0.00, real=0.00 secs] 
110.025: Total time for which application threads were stopped: 0.0414610 seconds, Stopping threads took: 0.0399150 seconds
110.025: Application time: 0.0000590 seconds
110.025: [GC [1 CMS-initial-mark: 6590K(15744K)] 8173K(21888K), 0.0001070 secs] [Times: user=0.00 sys=0.00, real=0.00 secs] 
110.025: Total time for which application threads were stopped: 0.0003650 seconds, Stopping threads took: 0.0002100 seconds
110.026: [CMS-concurrent-mark-start]
110.029: [CMS-concurrent-mark: 0.003/0.003 secs] [Times: user=0.02 sys=0.00, real=0.01 secs] 
110.029: [CMS-concurrent-preclean-start]
110.029: [CMS-concurrent-preclean: 0.000/0.000 secs] [Times: user=0.00 sys=0.00, real=0.00 secs] 
110.029: [CMS-concurrent-abortable-preclean-start]
110.118: Application time: 0.0926780 seconds
110.155: [GC110.155: [ParNew: 5987K->598K(6144K), 0.0004520 secs] 12578K->7386K(21888K), 0.0004870 secs] [Times: user=0.00 sys=0.00, real=0.00 secs] 
110.156: Total time for which application threads were stopped: 0.0376290 seconds, Stopping threads took: 0.0370870 seconds
110.157: Application time: 0.0009260 seconds
110.197: [GC110.197: [ParNew: 6064K->628K(6144K), 0.0014510 secs] 12853K->11909K(21888K), 0.0014820 secs] [Times: user=0.01 sys=0.00, real=0.00 secs] 
110.198: Total time for which application threads were stopped: 0.0413590 seconds, Stopping threads took: 0.0398160 seconds
110.276: Application time: 0.0774360 seconds
110.279: [GC110.279: [ParNew: 6113K->6113K(6144K), 0.0000130 secs]110.279: [CMS110.279: [CMS-concurrent-abortable-preclean: 0.000/0.250 secs] [Times: user=1.49 sys=0.05, real=0.24 secs] 
 (concurrent mode failure): 11281K->3255K(15744K), 0.0060510 secs] 17395K->3255K(21888K), [CMS Perm : 5112K->5112K(21248K)], 0.0061160 secs] [Times: user=0.01 sys=0.00, real=0.01 secs] 
110.285: Total time for which application threads were stopped: 0.0094150 seconds, Stopping threads took: 0.0032110 seconds
110.286: Application time: 0.0011790 seconds
110.361: [GC110.361: [ParNew: 5485K->504K(6144K), 0.0013940 secs] 8741K->7481K(21888K), 0.0014250 secs] [Times: user=0.01 sys=0.00, real=0.00 secs] 
110.362: Total time for which application threads were stopped: 0.0762110 seconds, Stopping threads took: 0.0747020 seconds
110.362: Application time: 0.0000500 seconds
110.402: [GC [1 CMS-initial-mark: 6976K(15744K)] 7874K(21888K), 0.0001050 secs] [Times: user=0.00 sys=0.00, real=0.00 secs] 
110.402: Total time for which application threads were stopped: 0.0399920 seconds, Stopping threads took: 0.0398650 seconds
110.402: [CMS-concurrent-mark-start]
110.409: [CMS-concurrent-mark: 0.006/0.006 secs] [Times: user=0.04 sys=0.00, real=0.01 secs] 
110.409: [CMS-concurrent-preclean-start]
110.409: [CMS-concurrent-preclean: 0.000/0.000 secs] [Times: user=0.00 sys=0.00, real=0.00 secs] 
110.409: [CMS-concurrent-abortable-preclean-start]
110.414: Application time: 0.0117000 seconds
110.480: [GC110.480: [ParNew: 5970K->626K(6144K), 0.0005180 secs] 12947K->7998K(21888K), 0.0005510 secs] [Times: user=0.00 sys=0.00, real=0.00 secs] 
110.481: Total time for which application threads were stopped: 0.0667200 seconds, Stopping threads took: 0.0660910 seconds
110.481: Application time: 0.0005470 seconds
110.521: [GC110.521: [ParNew: 5819K->602K(6144K), 0.0015130 secs] 13191K->12498K(21888K), 0.0015470 secs] [Times: user=0.01 sys=0.00, real=0.00 secs] 
110.523: Total time for which application threads were stopped: 0.0414570 seconds, Stopping threads took: 0.0398570 seconds
110.600: Application time: 0.0769830 seconds
110.603: [GC110.603: [ParNew: 5970K->5970K(6144K), 0.0000120 secs]110.603: [CMS110.603: [CMS-concurrent-abortable-preclean: 0.000/0.194 secs] [Times: user=1.24 sys=0.05, real=0.19 secs] 
 (concurrent mode failure): 11895K->3060K(15744K), 0.0055350 secs] 17866K->3060K(21888K), [CMS Perm : 5112K->5112K(21248K)], 0.0056000 secs] [Times: user=0.01 sys=0.00, real=0.01 secs] 
110.608: Total time for which application threads were stopped: 0.0084380 seconds, Stopping threads took: 0.0027680 seconds
110.609: Application time: 0.0011490 seconds
110.650: [GC110.650: [ParNew: 5466K->528K(6144K), 0.0015780 secs] 8526K->7505K(21888K), 0.0016090 secs] [Times: user=0.01 sys=0.00, real=0.00 secs] 
110.651: Total time for which application threads were stopped: 0.0417820 seconds, Stopping threads took: 0.0401010 seconds
110.651: Application time: 0.0000600 seconds
110.651: [GC [1 CMS-initial-mark: 6976K(15744K)] 7704K(21888K), 0.0001030 secs] [Times: user=0.00 sys=0.00, real=0.00 secs] 
110.651: Total time for which application threads were stopped: 0.0002310 seconds, Stopping threads took: 0.0001080 seconds
110.651: [CMS-concurrent-mark-start]
110.655: [CMS-concurrent-mark: 0.004/0.004 secs] [Times: user=0.00 sys=0.00, real=0.00 secs] 
110.655: [CMS-concurrent-preclean-start]
110.655: [CMS-concurrent-preclean: 0.000/0.000 secs] [Times: user=0.00 sys=0.00, real=0.00 secs] 
110.655: [CMS-concurrent-abortable-preclean-start]
110.739: Application time: 0.0877580 seconds
110.779: [GC110.779: [ParNew: 6014K->596K(6144K), 0.0007230 secs] 12991K->7801K(21888K), 0.0007620 secs] [Times: user=0.00 sys=0.00, real=0.01 secs] 
110.780: Total time for which application threads were stopped: 0.0409810 seconds, Stopping threads took: 0.0401640 seconds
110.781: Application time: 0.0006290 seconds
110.821: [GC110.821: [ParNew: 5984K->598K(6144K), 0.0017040 secs] 13189K->12298K(21888K), 0.0017430 secs] [Times: user=0.01 sys=0.00, real=0.00 secs] 
110.823: Total time for which application threads were stopped: 0.0418040 seconds, Stopping threads took: 0.0399820 seconds
110.900: Application time: 0.0775750 seconds
110.904: [GC110.904: [ParNew: 5985K->5985K(6144K), 0.0000130 secs]110.904: [CMS110.904: [CMS-concurrent-abortable-preclean: 0.000/0.248 secs] [Times: user=1.46 sys=0.06, real=0.25 secs] 
 (concurrent mode failure): 11700K->3158K(15744K), 0.0060870 secs] 17686K->3158K(21888K), [CMS Perm : 5112K->5112K(21248K)], 0.0061530 secs] [Times: user=0.01 sys=0.00, real=0.01 secs] 
110.910: Total time for which application threads were stopped: 0.0095310 seconds, Stopping threads took: 0.0032790 seconds
110.911: Application time: 0.0009980 seconds
110.951: [GC110.951: [ParNew: 5485K->504K(6144K), 0.0014440 secs] 8643K->7776K(21888K), 0.0014800 secs] [Times: user=0.01 sys=0.00, real=0.00 secs] 
110.952: Total time for which application threads were stopped: 0.0417240 seconds, Stopping threads took: 0.0401880 seconds
110.953: Application time: 0.0000730 seconds
111.006: [GC [1 CMS-initial-mark: 7272K(15744K)] 8273K(21888K), 0.0001040 secs] [Times: user=0.00 sys=0.00, real=0.00 secs] 
111.006: Total time for which application threads were stopped: 0.0537870 seconds, Stopping threads took: 0.0536360 seconds
111.006: [CMS-concurrent-mark-start]
111.010: [CMS-concurrent-mark: 0.004/0.004 secs] [Times: user=0.02 sys=0.00, real=0.01 secs] 
111.010: [CMS-concurrent-preclean-start]
111.010: [CMS-concurrent-preclean: 0.000/0.000 secs] [Times: user=0.00 sys=0.00, real=0.00 secs] 
111.010: [CMS-concurrent-abortable-preclean-start]
111.091: Application time: 0.0848140 seconds
111.097: [GC111.097: [ParNew: 5990K->602K(6144K), 0.0004630 secs] 13262K->8267K(21888K), 0.0016110 secs] [Times: user=0.00 sys=0.00, real=0.00 secs] 
111.098: Total time for which application threads were stopped: 0.0070230 seconds, Stopping threads took: 0.0053540 seconds
111.099: Application time: 0.0006740 seconds
111.139: [GC111.139: [ParNew: 5949K->632K(6144K), 0.0018600 secs] 13615K->12816K(21888K), 0.0019010 secs] [Times: user=0.01 sys=0.00, real=0.01 secs] 
111.141: Total time for which application threads were stopped: 0.0419350 seconds, Stopping threads took: 0.0399660 seconds
111.220: Application time: 0.0790560 seconds
111.220: [GC111.220: [ParNew: 6125K->6125K(6144K), 0.0000150 secs]111.220: [CMS111.220: [CMS-concurrent-abortable-preclean: 0.000/0.210 secs] [Times: user=1.39 sys=0.02, real=0.21 secs] 
 (concurrent mode failure): 12184K->3239K(15744K), 0.0067750 secs] 18310K->3239K(21888K), [CMS Perm : 5112K->5112K(21248K)], 0.0068360 secs] [Times: user=0.01 sys=0.00, real=0.00 secs] 
111.227: Total time for which application threads were stopped: 0.0071970 seconds, Stopping threads took: 0.0002740 seconds
111.228: Application time: 0.0011600 seconds
111.268: [GC111.268: [ParNew: 5456K->626K(6144K), 0.0016800 secs] 8695K->8567K(21888K), 0.0017110 secs] [Times: user=0.01 sys=0.00, real=0.00 secs] 
111.270: Total time for which application threads were stopped: 0.0417910 seconds, Stopping threads took: 0.0400080 seconds
111.287: Application time: 0.0175120 seconds
111.386: [GC [1 CMS-initial-mark: 7941K(15744K)] 10928K(21888K), 0.0001370 secs] [Times: user=0.00 sys=0.00, real=0.00 secs] 
111.387: Total time for which application threads were stopped: 0.0990850 seconds, Stopping threads took: 0.0988920 seconds
111.387: [CMS-concurrent-mark-start]
111.387: Application time: 0.0005750 seconds
111.387: [GC111.387: [ParNew: 6111K->602K(6144K), 0.0007810 secs] 14053K->11113K(21888K), 0.0008080 secs] [Times: user=0.01 sys=0.00, real=0.01 secs] 
111.388: Total time for which application threads were stopped: 0.0010030 seconds, Stopping threads took: 0.0001520 seconds
111.394: [CMS-concurrent-mark: 0.006/0.007 secs] [Times: user=0.04 sys=0.00, real=0.01 secs] 
111.394: [CMS-concurrent-preclean-start]
111.394: [CMS-concurrent-preclean: 0.000/0.000 secs] [Times: user=0.00 sys=0.00, real=0.00 secs] 
111.394: [CMS-concurrent-abortable-preclean-start]
111.394: [CMS-concurrent-abortable-preclean: 0.000/0.000 secs] [Times: user=0.00 sys=0.00, real=0.00 secs] 
111.394: Application time: 0.0060060 seconds
111.470: [GC[YG occupancy: 5401 K (6144 K)]111.470: [Rescan (parallel) , 0.0001640 secs]111.471: [weak refs processing, 0.0000080 secs]111.471: [scrub string table, 0.0000970 secs] [1 CMS-remark: 10511K(15744K)] 15913K(21888K), 0.0003090 secs] [Times: user=0.00 sys=0.00, real=0.00 secs] 
111.471: Total time for which application threads were stopped: 0.0764550 seconds, Stopping threads took: 0.0761000 seconds
111.471: [CMS-concurrent-sweep-start]
111.471: Application time: 0.0001300 seconds
111.471: [GC111.471: [ParNew: 5987K->5987K(6144K), 0.0000090 secs]111.471: [CMS111.471: [CMS-concurrent-sweep: 0.000/0.001 secs] [Times: user=0.01 sys=0.00, real=0.00 secs] 
 (concurrent mode failure): 10511K->2278K(15744K), 0.0050930 secs] 16499K->2278K(21888K), [CMS Perm : 5112K->5112K(21248K)], 0.0051390 secs] [Times: user=0.01 sys=0.00, real=0.00 secs] 
111.476: Total time for which application threads were stopped: 0.0053400 seconds, Stopping threads took: 0.0001520 seconds
111.477: Application time: 0.0008340 seconds
111.517: [GC111.517: [ParNew: 5485K->588K(6144K), 0.0015370 secs] 7764K->7471K(21888K), 0.0015720 secs] [Times: user=0.01 sys=0.00, real=0.00 secs] 
111.519: Total time for which application threads were stopped: 0.0417480 seconds, Stopping threads took: 0.0400910 seconds
111.519: Application time: 0.0000430 seconds
111.519: [GC [1 CMS-initial-mark: 6883K(15744K)] 7863K(21888K), 0.0000990 secs] [Times: user=0.00 sys=0.00, real=0.00 secs] 
111.519: Total time for which application threads were stopped: 0.0004450 seconds, Stopping threads took: 0.0003250 seconds
111.519: [CMS-concurrent-mark-start]
111.523: [CMS-concurrent-mark: 0.003/0.003 secs] [Times: user=0.02 sys=0.00, real=0.01 secs] 
111.523: [CMS-concurrent-preclean-start]
111.523: [CMS-concurrent-preclean: 0.000/0.000 secs] [Times: user=0.00 sys=0.00, real=0.00 secs] 
111.523: [CMS-concurrent-abortable-preclean-start]
111.611: Application time: 0.0917840 seconds
111.651: [GC111.651: [ParNew: 5975K->12K(6144K), 0.0003890 secs] 12859K->6895K(21888K), 0.0004200 secs] [Times: user=0.01 sys=0.00, real=0.00 secs] 
111.651: Total time for which application threads were stopped: 0.0403860 seconds, Stopping threads took: 0.0398910 seconds
111.652: Application time: 0.0005270 seconds
111.652: [GC111.652: [ParNew: 5302K->602K(6144K), 0.0015140 secs] 12185K->12175K(21888K), 0.0015420 secs] [Times: user=0.01 sys=0.00, real=0.00 secs] 
111.654: Total time for which application threads were stopped: 0.0019700 seconds, Stopping threads took: 0.0003570 seconds
111.732: Application time: 0.0777630 seconds
111.754: [CMS-concurrent-abortable-preclean: 0.000/0.231 secs] [Times: user=1.50 sys=0.04, real=0.23 secs] 
111.766: [GC111.766: [ParNew: 5989K->5989K(6144K), 0.0000130 secs]111.766: [CMS (concurrent mode failure): 11573K->2279K(15744K), 0.0065420 secs] 17562K->2279K(21888K), [CMS Perm : 5112K->5112K(21248K)], 0.0065970 secs] [Times: user=0.01 sys=0.00, real=0.01 secs] 
111.773: Total time for which application threads were stopped: 0.0410050 seconds, Stopping threads took: 0.0343350 seconds
111.774: Application time: 0.0012100 seconds
111.814: [GC111.814: [ParNew: 5466K->630K(6144K), 0.0014060 secs] 7745K->7416K(21888K), 0.0014350 secs] [Times: user=0.01 sys=0.00, real=0.00 secs] 
111.815: Total time for which application threads were stopped: 0.0412480 seconds, Stopping threads took: 0.0397400 seconds
111.815: Application time: 0.0001120 seconds
111.815: [GC [1 CMS-initial-mark: 6786K(15744K)] 8303K(21888K), 0.0001080 secs] [Times: user=0.00 sys=0.00, real=0.00 secs] 
111.816: Total time for which application threads were stopped: 0.0003160 seconds, Stopping threads took: 0.0001850 seconds
111.816: [CMS-concurrent-mark-start]
111.819: [CMS-concurrent-mark: 0.004/0.004 secs] [Times: user=0.01 sys=0.00, real=0.00 secs] 
111.819: [CMS-concurrent-preclean-start]
111.819: [CMS-concurrent-preclean: 0.000/0.000 secs] [Times: user=0.00 sys=0.00, real=0.00 secs] 
111.819: [CMS-concurrent-abortable-preclean-start]
111.902: Application time: 0.0862030 seconds
111.946: [GC111.946: [ParNew: 5822K->598K(6144K), 0.0006310 secs] 12608K->7611K(21888K), 0.0006670 secs] [Times: user=0.00 sys=0.00, real=0.00 secs] 
111.946: Total time for which application threads were stopped: 0.0444580 seconds, Stopping threads took: 0.0437160 seconds
111.947: Application time: 0.0006250 seconds
111.947: [GC111.947: [ParNew: 6079K->598K(6144K), 0.0017490 secs] 13093K->13080K(21888K), 0.0017850 secs] [Times: user=0.01 sys=0.00, real=0.01 secs] 
111.949: Total time for which application threads were stopped: 0.0022980 seconds, Stopping threads took: 0.0004350 seconds
112.027: Application time: 0.0776910 seconds
112.049: [CMS-concurrent-abortable-preclean: 0.000/0.230 secs] [Times: user=1.44 sys=0.05, real=0.24 secs] 
112.068: [GC112.068: [ParNew: 6083K->6083K(6144K), 0.0000120 secs]112.068: [CMS (concurrent mode failure): 12482K->3353K(15744K), 0.0061200 secs] 18566K->3353K(21888K), [CMS Perm : 5112K->5112K(21248K)], 0.0061790 secs] [Times: user=0.01 sys=0.00, real=0.00 secs] 
112.074: Total time for which application threads were stopped: 0.0471450 seconds, Stopping threads took: 0.0408750 seconds
112.075: Application time: 0.0010050 seconds
112.127: [GC112.127: [ParNew: 5388K->602K(6144K), 0.0017210 secs] 8741K->8460K(21888K), 0.0017690 secs] [Times: user=0.02 sys=0.00, real=0.01 secs] 
112.128: Total time for which application threads were stopped: 0.0534630 seconds, Stopping threads took: 0.0516160 seconds
112.128: Application time: 0.0000540 seconds
112.129: [GC [1 CMS-initial-mark: 7858K(15744K)] 9150K(21888K), 0.0000900 secs] [Times: user=0.00 sys=0.00, real=0.00 secs] 
112.129: Total time for which application threads were stopped: 0.0002340 seconds, Stopping threads took: 0.0001200 seconds
112.129: [CMS-concurrent-mark-start]
112.132: [CMS-concurrent-mark: 0.003/0.003 secs] [Times: user=0.02 sys=0.00, real=0.00 secs] 
112.132: [CMS-concurrent-preclean-start]
112.132: [CMS-concurrent-preclean: 0.000/0.000 secs] [Times: user=0.00 sys=0.00, real=0.00 secs] 
112.132: [CMS-concurrent-abortable-preclean-start]
112.208: Application time: 0.0794630 seconds
112.212: [GC112.212: [ParNew: 5990K->500K(6144K), 0.0008830 secs] 13848K->9924K(21888K), 0.0009190 secs] [Times: user=0.01 sys=0.00, real=0.00 secs] 
112.213: Total time for which application threads were stopped: 0.0050720 seconds, Stopping threads took: 0.0040680 seconds
112.214: Application time: 0.0009490 seconds
112.271: [GC112.271: [ParNew: 5966K->630K(6144K), 0.0017820 secs] 15390K->14742K(21888K), 0.0018210 secs] [Times: user=0.01 sys=0.00, real=0.00 secs] 
112.272: Total time for which application threads were stopped: 0.0581820 seconds, Stopping threads took: 0.0562830 seconds
112.351: Application time: 0.0785340 seconds
112.352: [GC112.352: [ParNew: 5998K->5998K(6144K), 0.0000150 secs]112.352: [CMS112.352: [CMS-concurrent-abortable-preclean: 0.000/0.220 secs] [Times: user=1.40 sys=0.04, real=0.22 secs] 
 (concurrent mode failure): 14112K->3256K(15744K), 0.0068230 secs] 20111K->3256K(21888K), [CMS Perm : 5112K->5112K(21248K)], 0.0068890 secs] [Times: user=0.00 sys=0.00, real=0.00 secs] 
112.359: Total time for which application threads were stopped: 0.0076330 seconds, Stopping threads took: 0.0006540 seconds
112.360: Application time: 0.0012290 seconds
112.400: [GC112.400: [ParNew: 5485K->602K(6144K), 0.0013930 secs] 8741K->8167K(21888K), 0.0014250 secs] [Times: user=0.01 sys=0.00, real=0.00 secs] 
112.401: Total time for which application threads were stopped: 0.0413140 seconds, Stopping threads took: 0.0398120 seconds
112.401: Application time: 0.0000700 seconds
112.401: [GC [1 CMS-initial-mark: 7565K(15744K)] 8364K(21888K), 0.0000950 secs] [Times: user=0.00 sys=0.00, real=0.00 secs] 
112.401: Total time for which application threads were stopped: 0.0002750 seconds, Stopping threads took: 0.0001550 seconds
112.401: [CMS-concurrent-mark-start]
112.405: [CMS-concurrent-mark: 0.003/0.003 secs] [Times: user=0.02 sys=0.00, real=0.00 secs] 
112.405: [CMS-concurrent-preclean-start]
112.405: [CMS-concurrent-preclean: 0.000/0.000 secs] [Times: user=0.00 sys=0.00, real=0.00 secs] 
112.405: [CMS-concurrent-abortable-preclean-start]
112.488: Application time: 0.0868120 seconds
112.530: [GC112.530: [ParNew: 6087K->14K(6144K), 0.0003590 secs] 13653K->7580K(21888K), 0.0003910 secs] [Times: user=0.00 sys=0.00, real=0.00 secs] 
112.530: Total time for which application threads were stopped: 0.0417760 seconds, Stopping threads took: 0.0413110 seconds
112.531: Application time: 0.0007700 seconds
112.531: [GC112.531: [ParNew: 5461K->634K(6144K), 0.0014400 secs] 13027K->12916K(21888K), 0.0014730 secs] [Times: user=0.01 sys=0.00, real=0.00 secs] 
112.532: Total time for which application threads were stopped: 0.0016730 seconds, Stopping threads took: 0.0001470 seconds
112.609: Application time: 0.0769070 seconds
112.633: [CMS-concurrent-abortable-preclean: 0.000/0.228 secs] [Times: user=1.45 sys=0.04, real=0.23 secs] 
112.651: [GC112.651: [ParNew: 6021K->6021K(6144K), 0.0000130 secs]112.651: [CMS (concurrent mode failure): 12282K->2279K(15744K), 0.0057860 secs] 18304K->2279K(21888K), [CMS Perm : 5112K->5112K(21248K)], 0.0058440 secs] [Times: user=0.01 sys=0.00, real=0.00 secs] 
112.657: Total time for which application threads were stopped: 0.0472620 seconds, Stopping threads took: 0.0413520 seconds
112.657: Application time: 0.0008340 seconds
112.698: [GC112.698: [ParNew: 5388K->600K(6144K), 0.0015250 secs] 7667K->7386K(21888K), 0.0015660 secs] [Times: user=0.01 sys=0.00, real=0.00 secs] 
112.699: Total time for which application threads were stopped: 0.0416760 seconds, Stopping threads took: 0.0400460 seconds
112.699: Application time: 0.0000750 seconds
112.699: [GC [1 CMS-initial-mark: 6786K(15744K)] 7876K(21888K), 0.0000970 secs] [Times: user=0.00 sys=0.00, real=0.00 secs] 
112.700: Total time for which application threads were stopped: 0.0002830 seconds, Stopping threads took: 0.0001550 seconds
112.700: [CMS-concurrent-mark-start]
112.703: [CMS-concurrent-mark: 0.003/0.003 secs] [Times: user=0.01 sys=0.00, real=0.00 secs] 
112.703: [CMS-concurrent-preclean-start]
112.703: [CMS-concurrent-preclean: 0.000/0.000 secs] [Times: user=0.00 sys=0.00, real=0.00 secs] 
112.703: [CMS-concurrent-abortable-preclean-start]
112.788: Application time: 0.0881050 seconds
112.842: [GC112.842: [ParNew: 6085K->14K(6144K), 0.0002490 secs] 12872K->6801K(21888K), 0.0002830 secs] [Times: user=0.01 sys=0.00, real=0.00 secs] 
112.842: Total time for which application threads were stopped: 0.0542070 seconds, Stopping threads took: 0.0538500 seconds
112.843: Application time: 0.0006500 seconds
112.843: [GC112.843: [ParNew: 5507K->608K(6144K), 0.0015270 secs] 12295K->12278K(21888K), 0.0015610 secs] [Times: user=0.01 sys=0.00, real=0.00 secs] 
112.844: Total time for which application threads were stopped: 0.0018760 seconds, Stopping threads took: 0.0002620 seconds
112.922: Application time: 0.0774410 seconds
112.928: [GC112.928: [ParNew: 5771K->5771K(6144K), 0.0000130 secs]112.928: [CMS112.928: [CMS-concurrent-abortable-preclean: 0.000/0.225 secs] [Times: user=1.48 sys=0.05, real=0.23 secs] 
 (concurrent mode failure): 11670K->3256K(15744K), 0.0060390 secs] 17441K->3256K(21888K), [CMS Perm : 5112K->5112K(21248K)], 0.0061040 secs] [Times: user=0.00 sys=0.00, real=0.00 secs] 
112.934: Total time for which application threads were stopped: 0.0122260 seconds, Stopping threads took: 0.0060520 seconds
112.935: Application time: 0.0011400 seconds
112.986: [GC112.986: [ParNew: 5485K->602K(6144K), 0.0014740 secs] 8742K->8167K(21888K), 0.0015060 secs] [Times: user=0.01 sys=0.00, real=0.00 secs] 
112.987: Total time for which application threads were stopped: 0.0520980 seconds, Stopping threads took: 0.0505170 seconds
112.987: Application time: 0.0000460 seconds
112.988: [GC [1 CMS-initial-mark: 7565K(15744K)] 8464K(21888K), 0.0001050 secs] [Times: user=0.00 sys=0.00, real=0.00 secs] 
112.988: Total time for which application threads were stopped: 0.0003890 seconds, Stopping threads took: 0.0002590 seconds
112.988: [CMS-concurrent-mark-start]
112.991: [CMS-concurrent-mark: 0.003/0.003 secs] [Times: user=0.01 sys=0.00, real=0.00 secs] 
112.991: [CMS-concurrent-preclean-start]
112.991: [CMS-concurrent-preclean: 0.000/0.000 secs] [Times: user=0.00 sys=0.00, real=0.00 secs] 
112.991: [CMS-concurrent-abortable-preclean-start]
113.071: Application time: 0.0832070 seconds
113.113: [GC113.113: [ParNew: 6068K->630K(6144K), 0.0005050 secs] 13633K->8589K(21888K), 0.0005410 secs] [Times: user=0.00 sys=0.00, real=0.00 secs] 
113.114: Total time for which application threads were stopped: 0.0429970 seconds, Stopping threads took: 0.0423900 seconds
113.115: Application time: 0.0005730 seconds
113.155: [GC113.155: [ParNew: 5823K->602K(6144K), 0.0018040 secs] 13782K->13084K(21888K), 0.0018470 secs] [Times: user=0.01 sys=0.00, real=0.00 secs] 
113.156: Total time for which application threads were stopped: 0.0419050 seconds, Stopping threads took: 0.0399690 seconds
113.234: Application time: 0.0773440 seconds
113.257: [CMS-concurrent-abortable-preclean: 0.000/0.265 secs] [Times: user=1.45 sys=0.07, real=0.26 secs] 
113.275: [GC113.275: [ParNew: 5989K->5989K(6144K), 0.0000130 secs]113.275: [CMS (concurrent mode failure): 12482K->2084K(15744K), 0.0065880 secs] 18472K->2084K(21888K), [CMS Perm : 5112K->5112K(21248K)], 0.0066430 secs] [Times: user=0.01 sys=0.00, real=0.01 secs] 
113.282: Total time for which application threads were stopped: 0.0479780 seconds, Stopping threads took: 0.0412420 seconds
113.283: Application time: 0.0009730 seconds
113.283: [GC113.283: [ParNew: 5483K->598K(6144K), 0.0016080 secs] 7568K->7579K(21888K), 0.0016380 secs] [Times: user=0.01 sys=0.00, real=0.00 secs] 
113.285: Total time for which application threads were stopped: 0.0020670 seconds, Stopping threads took: 0.0003560 seconds
113.285: Application time: 0.0000620 seconds
113.285: [GC [1 CMS-initial-mark: 6981K(15744K)] 8267K(21888K), 0.0001030 secs] [Times: user=0.00 sys=0.00, real=0.00 secs] 
113.285: Total time for which application threads were stopped: 0.0003590 seconds, Stopping threads took: 0.0002080 seconds
113.285: [CMS-concurrent-mark-start]
113.289: [CMS-concurrent-mark: 0.004/0.004 secs] [Times: user=0.02 sys=0.00, real=0.01 secs] 
113.289: [CMS-concurrent-preclean-start]
113.289: [CMS-concurrent-preclean: 0.000/0.000 secs] [Times: user=0.00 sys=0.00, real=0.00 secs] 
113.289: Application time: 0.0041430 seconds
113.362: [GC[YG occupancy: 2563 K (6144 K)]113.362: [Rescan (parallel) , 0.0004070 secs]113.363: [weak refs processing, 0.0000070 secs]113.363: [scrub string table, 0.0001140 secs] [1 CMS-remark: 6981K(15744K)] 9545K(21888K), 0.0005850 secs] [Times: user=0.00 sys=0.00, real=0.00 secs] 
113.363: Total time for which application threads were stopped: 0.0735490 seconds, Stopping threads took: 0.0729090 seconds
113.363: [CMS-concurrent-sweep-start]
113.364: Application time: 0.0006420 seconds
113.403: [GC113.403: [ParNew: 6083K->600K(6144K), 0.0009550 secs] 13065K->10124K(21888K), 0.0009830 secs] [Times: user=0.01 sys=0.00, real=0.00 secs] 
113.404: Total time for which application threads were stopped: 0.0409190 seconds, Stopping threads took: 0.0398890 seconds
113.405: [CMS-concurrent-sweep: 0.001/0.042 secs] [Times: user=0.13 sys=0.00, real=0.04 secs] 
113.405: [CMS-concurrent-reset-start]
113.405: [CMS-concurrent-reset: 0.000/0.000 secs] [Times: user=0.00 sys=0.00, real=0.00 secs] 
113.408: Application time: 0.0037230 seconds
113.482: [GC113.482: [ParNew: 6066K->630K(6144K), 0.0007270 secs] 15589K->10544K(21888K), 0.0007600 secs] [Times: user=0.01 sys=0.00, real=0.00 secs] 
113.483: Total time for which application threads were stopped: 0.0747070 seconds, Stopping threads took: 0.0738750 seconds
113.483: Application time: 0.0000480 seconds
113.483: [GC [1 CMS-initial-mark: 9914K(15744K)] 10648K(21888K), 0.0000800 secs] [Times: user=0.00 sys=0.00, real=0.00 secs] 
113.483: Total time for which application threads were stopped: 0.0002480 seconds, Stopping threads took: 0.0001420 seconds
113.483: [CMS-concurrent-mark-start]
113.487: [CMS-concurrent-mark: 0.003/0.003 secs] [Times: user=0.01 sys=0.00, real=0.00 secs] 
113.487: [CMS-concurrent-preclean-start]
113.487: Application time: 0.0033530 seconds
113.560: [GC113.560: [ParNew: 6116K->12K(6144K), 0.0002490 secs] 16030K->9954K(21888K), 0.0002760 secs] [Times: user=0.00 sys=0.00, real=0.00 secs] 
113.561: Total time for which application threads were stopped: 0.0741620 seconds, Stopping threads took: 0.0738160 seconds
113.561: [CMS-concurrent-preclean: 0.000/0.074 secs] [Times: user=0.45 sys=0.04, real=0.08 secs] 
113.561: Application time: 0.0001330 seconds
113.561: [GC[YG occupancy: 1389 K (6144 K)]113.561: [Rescan (parallel) , 0.0002150 secs]113.561: [weak refs processing, 0.0000060 secs]113.561: [scrub string table, 0.0000810 secs] [1 CMS-remark: 9942K(15744K)] 11332K(21888K), 0.0003220 secs] [Times: user=0.00 sys=0.00, real=0.00 secs] 
113.561: Total time for which application threads were stopped: 0.0005980 seconds, Stopping threads took: 0.0002570 seconds
113.562: [CMS-concurrent-sweep-start]
113.562: Application time: 0.0003350 seconds
113.562: [GC113.562: [ParNew: 5497K->602K(6144K), 0.0014760 secs] 15440K->15428K(21888K), 0.0015030 secs] [Times: user=0.01 sys=0.00, real=0.00 secs] 
113.564: Total time for which application threads were stopped: 0.0017420 seconds, Stopping threads took: 0.0001950 seconds
113.564: [CMS-concurrent-sweep: 0.001/0.003 secs] [Times: user=0.02 sys=0.00, real=0.00 secs] 
113.564: [CMS-concurrent-reset-start]
113.564: [CMS-concurrent-reset: 0.000/0.000 secs] [Times: user=0.00 sys=0.00, real=0.00 secs] 
113.641: Application time: 0.0778410 seconds
113.683: [GC113.683: [ParNew: 5989K->602K(6144K), 0.0004920 secs] 12582K->7781K(21888K), 0.0005290 secs] [Times: user=0.00 sys=0.00, real=0.00 secs] 
113.684: Total time for which application threads were stopped: 0.0423450 seconds, Stopping threads took: 0.0417510 seconds
113.684: Application time: 0.0000760 seconds
113.684: [GC [1 CMS-initial-mark: 7179K(15744K)] 9254K(21888K), 0.0000980 secs] [Times: user=0.00 sys=0.00, real=0.00 secs] 
113.684: Total time for which application threads were stopped: 0.0002310 seconds, Stopping threads took: 0.0001080 seconds
113.684: [CMS-concurrent-mark-start]
113.688: [CMS-concurrent-mark: 0.003/0.003 secs] [Times: user=0.03 sys=0.00, real=0.01 secs] 
113.688: [CMS-concurrent-preclean-start]
113.688: Application time: 0.0035240 seconds
113.761: [GC113.761: [ParNew: 5970K->44K(6144K), 0.0002780 secs] 13150K->7223K(21888K), 0.0003050 secs] [Times: user=0.00 sys=0.00, real=0.00 secs] 
113.762: Total time for which application threads were stopped: 0.0739470 seconds, Stopping threads took: 0.0735910 seconds
113.762: [CMS-concurrent-preclean: 0.000/0.074 secs] [Times: user=0.44 sys=0.03, real=0.07 secs] 
113.762: Application time: 0.0001050 seconds
113.762: [GC[YG occupancy: 1422 K (6144 K)]113.762: [Rescan (parallel) , 0.0002700 secs]113.762: [weak refs processing, 0.0000060 secs]113.762: [scrub string table, 0.0000720 secs] [1 CMS-remark: 7179K(15744K)] 8601K(21888K), 0.0003810 secs] [Times: user=0.01 sys=0.00, real=0.00 secs] 
113.762: Total time for which application threads were stopped: 0.0005920 seconds, Stopping threads took: 0.0001940 seconds
113.762: [CMS-concurrent-sweep-start]
113.763: Application time: 0.0002760 seconds
113.763: [GC113.763: [ParNew: 5334K->630K(6144K), 0.0012780 secs] 12514K->12497K(21888K), 0.0013040 secs] [Times: user=0.01 sys=0.00, real=0.00 secs] 
113.764: Total time for which application threads were stopped: 0.0016290 seconds, Stopping threads took: 0.0002830 seconds
113.765: [CMS-concurrent-sweep: 0.001/0.003 secs] [Times: user=0.01 sys=0.00, real=0.00 secs] 
113.765: [CMS-concurrent-reset-start]
113.765: [CMS-concurrent-reset: 0.000/0.000 secs] [Times: user=0.00 sys=0.00, real=0.00 secs] 
113.853: Application time: 0.0884630 seconds
113.857: [GC113.857: [ParNew: 5920K->596K(6144K), 0.0006340 secs] 12488K->8561K(21888K), 0.0006650 secs] [Times: user=0.00 sys=0.00, real=0.00 secs] 
113.858: Total time for which application threads were stopped: 0.0054470 seconds, Stopping threads took: 0.0047240 seconds
113.858: Application time: 0.0001120 seconds
113.858: [GC [1 CMS-initial-mark: 7965K(15744K)] 9938K(21888K), 0.0000840 secs] [Times: user=0.00 sys=0.00, real=0.00 secs] 
113.858: Total time for which application threads were stopped: 0.0003130 seconds, Stopping threads took: 0.0002120 seconds
113.858: [CMS-concurrent-mark-start]
113.862: [CMS-concurrent-mark: 0.003/0.003 secs] [Times: user=0.02 sys=0.00, real=0.01 secs] 
113.862: [CMS-concurrent-preclean-start]
113.862: [CMS-concurrent-preclean: 0.000/0.000 secs] [Times: user=0.00 sys=0.00, real=0.00 secs] 
113.862: [CMS-concurrent-abortable-preclean-start]
113.864: Application time: 0.0052330 seconds
113.935: [GC113.935: [ParNew: 5769K->630K(6144K), 0.0004350 secs] 13734K->8595K(21888K), 0.0004660 secs] [Times: user=0.00 sys=0.00, real=0.00 secs] 
113.936: Total time for which application threads were stopped: 0.0718340 seconds, Stopping threads took: 0.0713160 seconds
113.936: Application time: 0.0004950 seconds
113.936: [GC113.936: [ParNew: 6014K->498K(6144K), 0.0017300 secs] 13979K->13962K(21888K), 0.0017640 secs] [Times: user=0.01 sys=0.00, real=0.00 secs] 
113.938: Total time for which application threads were stopped: 0.0021200 seconds, Stopping threads took: 0.0003020 seconds
114.024: Application time: 0.0855560 seconds
114.038: [CMS-concurrent-abortable-preclean: 0.000/0.177 secs] [Times: user=1.17 sys=0.06, real=0.17 secs] 
114.067: [GC114.067: [ParNew: 5690K->5690K(6144K), 0.0000140 secs]114.067: [CMS (concurrent mode failure): 13463K->1694K(15744K), 0.0060630 secs] 19154K->1694K(21888K), [CMS Perm : 5112K->5112K(21248K)], 0.0061240 secs] [Times: user=0.00 sys=0.00, real=0.01 secs] 
114.073: Total time for which application threads were stopped: 0.0497690 seconds, Stopping threads took: 0.0435830 seconds
114.074: Application time: 0.0009320 seconds
114.075: [GC114.075: [ParNew: 5466K->630K(6144K), 0.0015550 secs] 7160K->7124K(21888K), 0.0015860 secs] [Times: user=0.01 sys=0.00, real=0.00 secs] 
114.076: Total time for which application threads were stopped: 0.0019960 seconds, Stopping threads took: 0.0003330 seconds
114.076: Application time: 0.0000590 seconds
114.117: [GC [1 CMS-initial-mark: 6494K(15744K)] 8108K(21888K), 0.0000990 secs] [Times: user=0.00 sys=0.00, real=0.00 secs] 
114.117: Total time for which application threads were stopped: 0.0401510 seconds, Stopping threads took: 0.0400070 seconds
114.117: [CMS-concurrent-mark-start]
114.120: [CMS-concurrent-mark: 0.003/0.003 secs] [Times: user=0.03 sys=0.00, real=0.01 secs] 
114.120: [CMS-concurrent-preclean-start]
114.120: [CMS-concurrent-preclean: 0.000/0.000 secs] [Times: user=0.00 sys=0.00, real=0.00 secs] 
114.120: [CMS-concurrent-abortable-preclean-start]
114.195: Application time: 0.0782640 seconds
114.205: [GC114.205: [ParNew: 6115K->598K(6144K), 0.0005920 secs] 12609K->8100K(21888K), 0.0006290 secs] [Times: user=0.00 sys=0.00, real=0.00 secs] 
114.206: Total time for which application threads were stopped: 0.0108970 seconds, Stopping threads took: 0.0102020 seconds
114.207: Application time: 0.0008270 seconds
114.262: [GC114.262: [ParNew: 6083K->600K(6144K), 0.0014810 secs] 13586K->12400K(21888K), 0.0015130 secs] [Times: user=0.01 sys=0.00, real=0.00 secs] 
114.263: Total time for which application threads were stopped: 0.0567880 seconds, Stopping threads took: 0.0551990 seconds
114.341: Application time: 0.0778720 seconds
114.343: [GC114.343: [ParNew: 6085K->6085K(6144K), 0.0000130 secs]114.343: [CMS114.343: [CMS-concurrent-abortable-preclean: 0.000/0.223 secs] [Times: user=1.37 sys=0.05, real=0.22 secs] 
 (concurrent mode failure): 11800K->3061K(15744K), 0.0060280 secs] 17885K->3061K(21888K), [CMS Perm : 5112K->5112K(21248K)], 0.0060930 secs] [Times: user=0.01 sys=0.00, real=0.01 secs] 
114.349: Total time for which application threads were stopped: 0.0079710 seconds, Stopping threads took: 0.0018100 seconds
114.350: Application time: 0.0011420 seconds
114.405: [GC114.405: [ParNew: 5387K->602K(6144K), 0.0015170 secs] 8449K->7875K(21888K), 0.0015490 secs] [Times: user=0.01 sys=0.00, real=0.00 secs] 
114.407: Total time for which application threads were stopped: 0.0561440 seconds, Stopping threads took: 0.0545410 seconds
114.407: Application time: 0.0001400 seconds
114.447: [GC [1 CMS-initial-mark: 7273K(15744K)] 8766K(21888K), 0.0001150 secs] [Times: user=0.00 sys=0.00, real=0.00 secs] 
114.447: Total time for which application threads were stopped: 0.0402000 seconds, Stopping threads took: 0.0400370 seconds
114.447: [CMS-concurrent-mark-start]
114.451: [CMS-concurrent-mark: 0.004/0.004 secs] [Times: user=0.01 sys=0.00, real=0.01 secs] 
114.451: [CMS-concurrent-preclean-start]
114.451: [CMS-concurrent-preclean: 0.000/0.000 secs] [Times: user=0.00 sys=0.00, real=0.00 secs] 
114.451: [CMS-concurrent-abortable-preclean-start]
114.533: Application time: 0.0858170 seconds
114.536: [GC114.536: [ParNew: 6087K->404K(6144K), 0.0006830 secs] 13360K->8071K(21888K), 0.0007190 secs] [Times: user=0.01 sys=0.00, real=0.00 secs] 
114.537: Total time for which application threads were stopped: 0.0040910 seconds, Stopping threads took: 0.0033030 seconds
114.538: Application time: 0.0007530 seconds
114.578: [GC114.578: [ParNew: 5754K->634K(6144K), 0.0014080 secs] 13420K->12622K(21888K), 0.0014430 secs] [Times: user=0.01 sys=0.00, real=0.00 secs] 
114.579: Total time for which application threads were stopped: 0.0414370 seconds, Stopping threads took: 0.0399190 seconds
114.657: Application time: 0.0776090 seconds
114.659: [GC114.659: [ParNew: 6119K->6119K(6144K), 0.0000130 secs]114.659: [CMS114.659: [CMS-concurrent-abortable-preclean: 0.000/0.208 secs] [Times: user=1.39 sys=0.02, real=0.20 secs] 
 (concurrent mode failure): 11988K->3061K(15744K), 0.0053920 secs] 18107K->3061K(21888K), [CMS Perm : 5112K->5112K(21248K)], 0.0054560 secs] [Times: user=0.00 sys=0.00, real=0.01 secs] 
114.664: Total time for which application threads were stopped: 0.0075610 seconds, Stopping threads took: 0.0020390 seconds
114.665: Application time: 0.0011710 seconds
114.737: [GC114.737: [ParNew: 5466K->630K(6144K), 0.0010080 secs] 8527K->5943K(21888K), 0.0010390 secs] [Times: user=0.00 sys=0.00, real=0.00 secs] 
114.738: Total time for which application threads were stopped: 0.0730000 seconds, Stopping threads took: 0.0718750 seconds
114.739: Application time: 0.0009500 seconds
114.811: [GC114.811: [ParNew: 6115K->502K(6144K), 0.0015400 secs] 11429K->9371K(21888K), 0.0015770 secs] [Times: user=0.01 sys=0.00, real=0.00 secs] 
114.813: Total time for which application threads were stopped: 0.0733980 seconds, Stopping threads took: 0.0717420 seconds
114.813: Application time: 0.0000410 seconds
114.854: [GC [1 CMS-initial-mark: 8869K(15744K)] 9471K(21888K), 0.0000910 secs] [Times: user=0.00 sys=0.00, real=0.00 secs] 
114.854: Total time for which application threads were stopped: 0.0411920 seconds, Stopping threads took: 0.0410550 seconds
114.854: [CMS-concurrent-mark-start]
114.858: [CMS-concurrent-mark: 0.004/0.004 secs] [Times: user=0.02 sys=0.00, real=0.00 secs] 
114.858: [CMS-concurrent-preclean-start]
114.858: [CMS-concurrent-preclean: 0.000/0.000 secs] [Times: user=0.00 sys=0.00, real=0.00 secs] 
114.858: [CMS-concurrent-abortable-preclean-start]
114.859: Application time: 0.0045820 seconds
114.933: [GC114.933: [ParNew: 5890K->400K(6144K), 0.0005960 secs] 14760K->9661K(21888K), 0.0006280 secs] [Times: user=0.00 sys=0.00, real=0.00 secs] 
114.934: Total time for which application threads were stopped: 0.0755300 seconds, Stopping threads took: 0.0748350 seconds
114.935: Application time: 0.0004940 seconds
114.975: [GC114.975: [ParNew: 5788K->602K(6144K), 0.0015410 secs] 15049K->14355K(21888K), 0.0015730 secs] [Times: user=0.01 sys=0.00, real=0.00 secs] 
114.976: Total time for which application threads were stopped: 0.0416110 seconds, Stopping threads took: 0.0399660 seconds
115.055: Application time: 0.0788250 seconds
115.076: [CMS-concurrent-abortable-preclean: 0.000/0.219 secs] [Times: user=1.29 sys=0.08, real=0.22 secs] 
115.096: [GC115.096: [ParNew: 6021K->6021K(6144K), 0.0000130 secs]115.096: [CMS (concurrent mode failure): 13753K->2093K(15744K), 0.0065420 secs] 19775K->2093K(21888K), [CMS Perm : 5113K->5113K(21248K)], 0.0065980 secs] [Times: user=0.00 sys=0.00, real=0.01 secs] 
115.102: Total time for which application threads were stopped: 0.0472870 seconds, Stopping threads took: 0.0406060 seconds
115.103: Application time: 0.0011860 seconds
115.156: [GC115.156: [ParNew: 5315K->634K(6144K), 0.0017490 secs] 7408K->7062K(21888K), 0.0017800 secs] [Times: user=0.02 sys=0.00, real=0.00 secs] 
115.158: Total time for which application threads were stopped: 0.0544800 seconds, Stopping threads took: 0.0526240 seconds
115.158: Application time: 0.0000540 seconds
115.158: [GC [1 CMS-initial-mark: 6428K(15744K)] 8143K(21888K), 0.0001100 secs] [Times: user=0.00 sys=0.00, real=0.00 secs] 
115.158: Total time for which application threads were stopped: 0.0003140 seconds, Stopping threads took: 0.0001840 seconds
115.158: [CMS-concurrent-mark-start]
115.162: [CMS-concurrent-mark: 0.003/0.003 secs] [Times: user=0.01 sys=0.00, real=0.01 secs] 
115.162: [CMS-concurrent-preclean-start]
115.162: [CMS-concurrent-preclean: 0.000/0.000 secs] [Times: user=0.00 sys=0.00, real=0.00 secs] 
115.162: [CMS-concurrent-abortable-preclean-start]
115.245: Application time: 0.0867860 seconds
115.285: [GC115.285: [ParNew: 6021K->602K(6144K), 0.0004600 secs] 12450K->7067K(21888K), 0.0005030 secs] [Times: user=0.01 sys=0.00, real=0.00 secs] 
115.285: Total time for which application threads were stopped: 0.0402860 seconds, Stopping threads took: 0.0397070 seconds
115.286: Application time: 0.0004650 seconds
115.286: [GC115.286: [ParNew: 5890K->598K(6144K), 0.0016390 secs] 12355K->12337K(21888K), 0.0016750 secs] [Times: user=0.01 sys=0.00, real=0.01 secs] 
115.288: Total time for which application threads were stopped: 0.0021130 seconds, Stopping threads took: 0.0003850 seconds
115.366: Application time: 0.0777360 seconds
115.368: [GC115.368: [ParNew: 5770K->5770K(6144K), 0.0000130 secs]115.368: [CMS115.368: [CMS-concurrent-abortable-preclean: 0.000/0.206 secs] [Times: user=1.42 sys=0.03, real=0.21 secs] 
 (concurrent mode failure): 11739K->3647K(15744K), 0.0060800 secs] 17510K->3647K(21888K), [CMS Perm : 5113K->5113K(21248K)], 0.0061460 secs] [Times: user=0.00 sys=0.00, real=0.00 secs] 
115.374: Total time for which application threads were stopped: 0.0080340 seconds, Stopping threads took: 0.0017980 seconds
115.375: Application time: 0.0012420 seconds
115.446: [GC115.446: [ParNew: 5485K->600K(6144K), 0.0013440 secs] 9133K->7185K(21888K), 0.0013780 secs] [Times: user=0.00 sys=0.00, real=0.00 secs] 
115.447: Total time for which application threads were stopped: 0.0719920 seconds, Stopping threads took: 0.0705370 seconds
115.447: Application time: 0.0001240 seconds
115.447: [GC [1 CMS-initial-mark: 6585K(15744K)] 8075K(21888K), 0.0000830 secs] [Times: user=0.00 sys=0.00, real=0.00 secs] 
115.447: Total time for which application threads were stopped: 0.0002390 seconds, Stopping threads took: 0.0001340 seconds
115.447: [CMS-concurrent-mark-start]
115.454: [CMS-concurrent-mark: 0.006/0.006 secs] [Times: user=0.03 sys=0.00, real=0.01 secs] 
115.454: [CMS-concurrent-preclean-start]
115.454: [CMS-concurrent-preclean: 0.000/0.000 secs] [Times: user=0.00 sys=0.00, real=0.00 secs] 
115.454: [CMS-concurrent-abortable-preclean-start]
115.535: Application time: 0.0878870 seconds
115.542: [GC115.542: [ParNew: 6085K->404K(6144K), 0.0005840 secs] 12671K->6993K(21888K), 0.0006180 secs] [Times: user=0.00 sys=0.00, real=0.00 secs] 
115.543: Total time for which application threads were stopped: 0.0077950 seconds, Stopping threads took: 0.0070960 seconds
115.544: Application time: 0.0006440 seconds
115.584: [GC115.584: [ParNew: 5790K->600K(6144K), 0.0014910 secs] 12379K->11297K(21888K), 0.0015250 secs] [Times: user=0.01 sys=0.00, real=0.00 secs] 
115.585: Total time for which application threads were stopped: 0.0413760 seconds, Stopping threads took: 0.0398010 seconds
115.662: Application time: 0.0772120 seconds
115.675: [GC115.675: [ParNew: 6085K->6085K(6144K), 0.0000140 secs]115.675: [CMS115.675: [CMS-concurrent-abortable-preclean: 0.000/0.221 secs] [Times: user=1.40 sys=0.03, real=0.22 secs] 
 (concurrent mode failure): 10696K->2866K(15744K), 0.0051650 secs] 16782K->2866K(21888K), [CMS Perm : 5113K->5113K(21248K)], 0.0052310 secs] [Times: user=0.01 sys=0.00, real=0.01 secs] 
115.680: Total time for which application threads were stopped: 0.0182000 seconds, Stopping threads took: 0.0128790 seconds
115.682: Application time: 0.0010250 seconds
115.721: [GC115.721: [ParNew: 5485K->502K(6144K), 0.0015620 secs] 8352K->8266K(21888K), 0.0015950 secs] [Times: user=0.01 sys=0.00, real=0.00 secs] 
115.723: Total time for which application threads were stopped: 0.0415630 seconds, Stopping threads took: 0.0398930 seconds
115.723: Application time: 0.0000530 seconds
115.723: [GC [1 CMS-initial-mark: 7763K(15744K)] 8758K(21888K), 0.0000940 secs] [Times: user=0.00 sys=0.00, real=0.00 secs] 
115.723: Total time for which application threads were stopped: 0.0002540 seconds, Stopping threads took: 0.0001170 seconds
115.723: [CMS-concurrent-mark-start]
115.727: [CMS-concurrent-mark: 0.003/0.003 secs] [Times: user=0.01 sys=0.00, real=0.00 secs] 
115.727: [CMS-concurrent-preclean-start]
115.727: [CMS-concurrent-preclean: 0.000/0.000 secs] [Times: user=0.00 sys=0.00, real=0.00 secs] 
115.727: [CMS-concurrent-abortable-preclean-start]
115.810: Application time: 0.0864980 seconds
115.854: [GC115.854: [ParNew: 5987K->602K(6144K), 0.0007150 secs] 13751K->9539K(21888K), 0.0007520 secs] [Times: user=0.00 sys=0.00, real=0.00 secs] 
115.854: Total time for which application threads were stopped: 0.0444860 seconds, Stopping threads took: 0.0436470 seconds
115.855: Application time: 0.0009290 seconds
115.907: [GC115.907: [ParNew: 6068K->532K(6144K), 0.0016730 secs] 15005K->13964K(21888K), 0.0017130 secs] [Times: user=0.01 sys=0.00, real=0.01 secs] 
115.909: Total time for which application threads were stopped: 0.0537670 seconds, Stopping threads took: 0.0519980 seconds
115.987: Application time: 0.0783940 seconds
115.995: [GC115.995: [ParNew: 5998K->5998K(6144K), 0.0000130 secs]115.995: [CMS115.995: [CMS-concurrent-abortable-preclean: 0.000/0.268 secs] [Times: user=1.59 sys=0.05, real=0.27 secs] 
 (concurrent mode failure): 13431K->3061K(15744K), 0.0059300 secs] 19430K->3061K(21888K), [CMS Perm : 5113K->5113K(21248K)], 0.0059980 secs] [Times: user=0.00 sys=0.00, real=0.01 secs] 
116.001: Total time for which application threads were stopped: 0.0136040 seconds, Stopping threads took: 0.0075360 seconds
116.002: Application time: 0.0011340 seconds
116.054: [GC116.054: [ParNew: 5388K->504K(6144K), 0.0018490 secs] 8450K->7875K(21888K), 0.0018820 secs] [Times: user=0.01 sys=0.00, real=0.00 secs] 
116.056: Total time for which application threads were stopped: 0.0538650 seconds, Stopping threads took: 0.0519060 seconds
116.056: Application time: 0.0000740 seconds
116.056: [GC [1 CMS-initial-mark: 7371K(15744K)] 8563K(21888K), 0.0001070 secs] [Times: user=0.00 sys=0.00, real=0.00 secs] 
116.057: Total time for which application threads were stopped: 0.0004240 seconds, Stopping threads took: 0.0002720 seconds
116.057: [CMS-concurrent-mark-start]
116.060: [CMS-concurrent-mark: 0.004/0.004 secs] [Times: user=0.02 sys=0.00, real=0.01 secs] 
116.060: [CMS-concurrent-preclean-start]
116.060: [CMS-concurrent-preclean: 0.000/0.000 secs] [Times: user=0.00 sys=0.00, real=0.00 secs] 
116.060: [CMS-concurrent-abortable-preclean-start]
116.146: Application time: 0.0890760 seconds
116.185: [GC116.185: [ParNew: 5990K->402K(6144K), 0.0004660 secs] 13361K->8168K(21888K), 0.0005030 secs] [Times: user=0.00 sys=0.00, real=0.00 secs] 
116.185: Total time for which application threads were stopped: 0.0397470 seconds, Stopping threads took: 0.0391690 seconds
116.186: Application time: 0.0005360 seconds
116.226: [GC116.226: [ParNew: 5790K->600K(6144K), 0.0017220 secs] 13556K->12860K(21888K), 0.0017550 secs] [Times: user=0.01 sys=0.00, real=0.01 secs] 
116.228: Total time for which application threads were stopped: 0.0419070 seconds, Stopping threads took: 0.0400770 seconds
116.305: Application time: 0.0775250 seconds
116.308: [GC116.308: [ParNew: 5987K->5987K(6144K), 0.0000130 secs]116.308: [CMS116.308: [CMS-concurrent-abortable-preclean: 0.000/0.248 secs] [Times: user=1.45 sys=0.04, real=0.25 secs] 
 (concurrent mode failure): 12260K->3159K(15744K), 0.0060820 secs] 18247K->3159K(21888K), [CMS Perm : 5113K->5113K(21248K)], 0.0061500 secs] [Times: user=0.01 sys=0.00, real=0.00 secs] 
116.314: Total time for which application threads were stopped: 0.0088920 seconds, Stopping threads took: 0.0026580 seconds
116.316: Application time: 0.0012350 seconds
116.377: [GC116.377: [ParNew: 5485K->600K(6144K), 0.0015010 secs] 8645K->7285K(21888K), 0.0015320 secs] [Times: user=0.01 sys=0.00, real=0.00 secs] 
116.378: Total time for which application threads were stopped: 0.0627960 seconds, Stopping threads took: 0.0611810 seconds
116.378: Application time: 0.0000500 seconds
116.379: [GC [1 CMS-initial-mark: 6685K(15744K)] 7387K(21888K), 0.0000920 secs] [Times: user=0.00 sys=0.00, real=0.00 secs] 
116.379: Total time for which application threads were stopped: 0.0002340 seconds, Stopping threads took: 0.0001190 seconds
116.379: [CMS-concurrent-mark-start]
116.382: [CMS-concurrent-mark: 0.003/0.003 secs] [Times: user=0.02 sys=0.00, real=0.01 secs] 
116.382: [CMS-concurrent-preclean-start]
116.382: [CMS-concurrent-preclean: 0.000/0.000 secs] [Times: user=0.00 sys=0.00, real=0.00 secs] 
116.382: [CMS-concurrent-abortable-preclean-start]
116.463: Application time: 0.0848600 seconds
116.474: [GC116.474: [ParNew: 5968K->432K(6144K), 0.0004870 secs] 12654K->7516K(21888K), 0.0005210 secs] [Times: user=0.00 sys=0.00, real=0.00 secs] 
116.475: Total time for which application threads were stopped: 0.0112810 seconds, Stopping threads took: 0.0106790 seconds
116.475: Application time: 0.0005330 seconds
116.529: [GC116.529: [ParNew: 5821K->600K(6144K), 0.0017270 secs] 12904K->12205K(21888K), 0.0017600 secs] [Times: user=0.01 sys=0.00, real=0.00 secs] 
116.530: Total time for which application threads were stopped: 0.0550740 seconds, Stopping threads took: 0.0532390 seconds
116.609: Application time: 0.0785850 seconds
116.610: [GC116.610: [ParNew: 6066K->6066K(6144K), 0.0000150 secs]116.610: [CMS116.610: [CMS-concurrent-abortable-preclean: 0.000/0.228 secs] [Times: user=1.44 sys=0.03, real=0.23 secs] 
 (concurrent mode failure): 11604K->3135K(15744K), 0.0061070 secs] 17671K->3135K(21888K), [CMS Perm : 5113K->5113K(21248K)], 0.0061700 secs] [Times: user=0.00 sys=0.00, real=0.00 secs] 
116.616: Total time for which application threads were stopped: 0.0068230 seconds, Stopping threads took: 0.0005650 seconds
116.617: Application time: 0.0011560 seconds
116.669: [GC116.669: [ParNew: 5466K->626K(6144K), 0.0015240 secs] 8601K->7680K(21888K), 0.0015540 secs] [Times: user=0.01 sys=0.00, real=0.00 secs] 
116.670: Total time for which application threads were stopped: 0.0534590 seconds, Stopping threads took: 0.0518320 seconds
116.683: Application time: 0.0130790 seconds
116.776: [GC [1 CMS-initial-mark: 7054K(15744K)] 11212K(21888K), 0.0001350 secs] [Times: user=0.00 sys=0.00, real=0.00 secs] 
116.776: Total time for which application threads were stopped: 0.0929270 seconds, Stopping threads took: 0.0927370 seconds
116.776: [CMS-concurrent-mark-start]
116.777: Application time: 0.0003930 seconds
116.777: [GC116.777: [ParNew: 6111K->600K(6144K), 0.0005230 secs] 13165K->9052K(21888K), 0.0005430 secs] [Times: user=0.00 sys=0.00, real=0.00 secs] 
116.778: Total time for which application threads were stopped: 0.0007740 seconds, Stopping threads took: 0.0001960 seconds
116.778: Application time: 0.0009190 seconds
116.850: [GC116.850: [ParNew: 6083K->600K(6144K), 0.0011820 secs] 14535K->11399K(21888K), 0.0012170 secs] [Times: user=0.00 sys=0.00, real=0.00 secs] 
116.851: Total time for which application threads were stopped: 0.0723070 seconds, Stopping threads took: 0.0710370 seconds
116.854: [CMS-concurrent-mark: 0.004/0.077 secs] [Times: user=0.29 sys=0.04, real=0.08 secs] 
116.854: [CMS-concurrent-preclean-start]
116.854: [CMS-concurrent-preclean: 0.000/0.000 secs] [Times: user=0.00 sys=0.00, real=0.00 secs] 
116.854: [CMS-concurrent-abortable-preclean-start]
116.926: Application time: 0.0754230 seconds
116.935: [GC116.935: [ParNew: 6085K->14K(6144K), 0.0004390 secs] 16885K->10813K(21888K), 0.0004740 secs] [Times: user=0.00 sys=0.00, real=0.00 secs] 
116.936: Total time for which application threads were stopped: 0.0096420 seconds, Stopping threads took: 0.0091010 seconds
116.936: Application time: 0.0004560 seconds
116.937: [GC116.937: [ParNew (promotion failed): 5507K->6103K(6144K), 0.0013190 secs]116.938: [CMS116.938: [CMS-concurrent-abortable-preclean: 0.000/0.084 secs] [Times: user=0.63 sys=0.01, real=0.08 secs] 
 (concurrent mode failure): 15487K->6756K(15744K), 0.0074660 secs] 16307K->6756K(21888K), [CMS Perm : 5113K->5113K(21248K)], 0.0088340 secs] [Times: user=0.02 sys=0.00, real=0.01 secs] 
116.946: Total time for which application threads were stopped: 0.0092080 seconds, Stopping threads took: 0.0003160 seconds
117.043: Application time: 0.0976300 seconds
117.083: [GC117.083: [ParNew: 5360K->44K(6144K), 0.0003170 secs] 12117K->6800K(21888K), 0.0003470 secs] [Times: user=0.00 sys=0.00, real=0.00 secs] 
117.084: Total time for which application threads were stopped: 0.0405540 seconds, Stopping threads took: 0.0401570 seconds
117.084: Application time: 0.0004400 seconds
117.085: [GC117.085: [ParNew: 5530K->630K(6144K), 0.0016100 secs] 12286K->12286K(21888K), 0.0016500 secs] [Times: user=0.01 sys=0.00, real=0.00 secs] 
117.086: Total time for which application threads were stopped: 0.0021590 seconds, Stopping threads took: 0.0004330 seconds
117.086: Application time: 0.0000260 seconds
117.087: [GC [1 CMS-initial-mark: 11656K(15744K)] 12677K(21888K), 0.0000820 secs] [Times: user=0.00 sys=0.00, real=0.00 secs] 
117.087: Total time for which application threads were stopped: 0.0002540 seconds, Stopping threads took: 0.0001510 seconds
117.087: [CMS-concurrent-mark-start]
117.090: [CMS-concurrent-mark: 0.003/0.003 secs] [Times: user=0.02 sys=0.00, real=0.01 secs] 
117.090: [CMS-concurrent-preclean-start]
117.090: [CMS-concurrent-preclean: 0.000/0.000 secs] [Times: user=0.00 sys=0.00, real=0.00 secs] 
117.090: [CMS-concurrent-abortable-preclean-start]
117.164: Application time: 0.0776340 seconds
117.190: [CMS-concurrent-abortable-preclean: 0.000/0.100 secs] [Times: user=0.68 sys=0.01, real=0.10 secs] 
117.207: [GC117.207: [ParNew: 6115K->6115K(6144K), 0.0000150 secs]117.207: [CMS (concurrent mode failure): 11656K->1499K(15744K), 0.0062070 secs] 17771K->1499K(21888K), [CMS Perm : 5113K->5113K(21248K)], 0.0062670 secs] [Times: user=0.00 sys=0.00, real=0.01 secs] 
117.213: Total time for which application threads were stopped: 0.0488590 seconds, Stopping threads took: 0.0425150 seconds
117.214: Application time: 0.0008980 seconds
117.214: [GC117.214: [ParNew: 5485K->600K(6144K), 0.0016390 secs] 6985K->6999K(21888K), 0.0016660 secs] [Times: user=0.01 sys=0.00, real=0.00 secs] 
117.216: Total time for which application threads were stopped: 0.0020280 seconds, Stopping threads took: 0.0003140 seconds
117.216: Application time: 0.0000580 seconds
117.216: [GC [1 CMS-initial-mark: 6399K(15744K)] 7687K(21888K), 0.0001020 secs] [Times: user=0.00 sys=0.00, real=0.00 secs] 
117.217: Total time for which application threads were stopped: 0.0004030 seconds, Stopping threads took: 0.0002780 seconds
117.217: [CMS-concurrent-mark-start]
117.224: [CMS-concurrent-mark: 0.007/0.007 secs] [Times: user=0.06 sys=0.00, real=0.01 secs] 
117.224: [CMS-concurrent-preclean-start]
117.224: [CMS-concurrent-preclean: 0.000/0.000 secs] [Times: user=0.00 sys=0.00, real=0.00 secs] 
117.224: [CMS-concurrent-abortable-preclean-start]
117.313: Application time: 0.0964590 seconds
117.353: [GC117.353: [ParNew: 6085K->404K(6144K), 0.0003730 secs] 12484K->6805K(21888K), 0.0004070 secs] [Times: user=0.01 sys=0.00, real=0.00 secs] 
117.353: Total time for which application threads were stopped: 0.0400630 seconds, Stopping threads took: 0.0395740 seconds
117.354: Application time: 0.0005890 seconds
117.354: [GC117.354: [ParNew: 5888K->600K(6144K), 0.0016570 secs] 12289K->12274K(21888K), 0.0016880 secs] [Times: user=0.00 sys=0.01, real=0.00 secs] 
117.356: Total time for which application threads were stopped: 0.0020610 seconds, Stopping threads took: 0.0003120 seconds
117.433: Application time: 0.0778030 seconds
117.435: [GC117.435: [ParNew: 6085K->6085K(6144K), 0.0000130 secs]117.435: [CMS117.435: [CMS-concurrent-abortable-preclean: 0.000/0.211 secs] [Times: user=1.46 sys=0.03, real=0.21 secs] 
 (concurrent mode failure): 11674K->4014K(15744K), 0.0062520 secs] 17759K->4014K(21888K), [CMS Perm : 5113K->5113K(21248K)], 0.0063190 secs] [Times: user=0.00 sys=0.00, real=0.01 secs] 
117.442: Total time for which application threads were stopped: 0.0080210 seconds, Stopping threads took: 0.0016090 seconds
117.443: Application time: 0.0014280 seconds
117.495: [GC117.495: [ParNew: 5444K->558K(6144K), 0.0017080 secs] 9459K->8880K(21888K), 0.0017440 secs] [Times: user=0.00 sys=0.00, real=0.00 secs] 
117.497: Total time for which application threads were stopped: 0.0540830 seconds, Stopping threads took: 0.0522550 seconds
117.497: Application time: 0.0001670 seconds
117.550: [GC [1 CMS-initial-mark: 8321K(15744K)] 9086K(21888K), 0.0001090 secs] [Times: user=0.00 sys=0.00, real=0.00 secs] 
117.550: Total time for which application threads were stopped: 0.0527210 seconds, Stopping threads took: 0.0525570 seconds
117.550: [CMS-concurrent-mark-start]
117.554: [CMS-concurrent-mark: 0.004/0.004 secs] [Times: user=0.02 sys=0.00, real=0.00 secs] 
117.554: [CMS-concurrent-preclean-start]
117.554: [CMS-concurrent-preclean: 0.000/0.000 secs] [Times: user=0.00 sys=0.00, real=0.00 secs] 
117.554: [CMS-concurrent-abortable-preclean-start]
117.554: Application time: 0.0040770 seconds
117.627: [GC117.627: [ParNew: 5927K->432K(6144K), 0.0003750 secs] 14248K->8816K(21888K), 0.0004060 secs] [Times: user=0.00 sys=0.00, real=0.01 secs] 
117.628: Total time for which application threads were stopped: 0.0735440 seconds, Stopping threads took: 0.0730850 seconds
117.628: Application time: 0.0004940 seconds
117.628: [GC117.628: [ParNew: 5916K->598K(6144K), 0.0016560 secs] 14300K->14286K(21888K), 0.0016880 secs] [Times: user=0.01 sys=0.00, real=0.00 secs] 
117.630: Total time for which application threads were stopped: 0.0020890 seconds, Stopping threads took: 0.0003470 seconds
117.709: Application time: 0.0787350 seconds
117.710: [GC117.710: [ParNew: 6083K->6083K(6144K), 0.0000140 secs]117.710: [CMS117.710: [CMS-concurrent-abortable-preclean: 0.000/0.156 secs] [Times: user=1.07 sys=0.06, real=0.16 secs] 
 (concurrent mode failure): 13688K->4014K(15744K), 0.0062410 secs] 19771K->4014K(21888K), [CMS Perm : 5113K->5113K(21248K)], 0.0063060 secs] [Times: user=0.01 sys=0.00, real=0.00 secs] 
117.716: Total time for which application threads were stopped: 0.0071020 seconds, Stopping threads took: 0.0007250 seconds
117.717: Application time: 0.0012990 seconds
117.769: [GC117.769: [ParNew: 5464K->636K(6144K), 0.0015340 secs] 9478K->8762K(21888K), 0.0015680 secs] [Times: user=0.01 sys=0.00, real=0.00 secs] 
117.770: Total time for which application threads were stopped: 0.0530900 seconds, Stopping threads took: 0.0514670 seconds
117.770: Application time: 0.0000390 seconds
117.810: [GC [1 CMS-initial-mark: 8126K(15744K)] 9059K(21888K), 0.0001080 secs] [Times: user=0.00 sys=0.00, real=0.00 secs] 
117.810: Total time for which application threads were stopped: 0.0400420 seconds, Stopping threads took: 0.0399090 seconds
117.811: [CMS-concurrent-mark-start]
117.814: [CMS-concurrent-mark: 0.004/0.004 secs] [Times: user=0.02 sys=0.00, real=0.00 secs] 
117.814: [CMS-concurrent-preclean-start]
117.814: [CMS-concurrent-preclean: 0.000/0.000 secs] [Times: user=0.00 sys=0.00, real=0.00 secs] 
117.814: [CMS-concurrent-abortable-preclean-start]
117.892: Application time: 0.0810810 seconds
117.898: [GC117.898: [ParNew: 5828K->402K(6144K), 0.0003850 secs] 13955K->8570K(21888K), 0.0004170 secs] [Times: user=0.00 sys=0.00, real=0.00 secs] 
117.899: Total time for which application threads were stopped: 0.0071040 seconds, Stopping threads took: 0.0066100 seconds
117.899: Application time: 0.0004700 seconds
117.899: [GC117.899: [ParNew: 5886K->600K(6144K), 0.0016880 secs] 14054K->14043K(21888K), 0.0017240 secs] [Times: user=0.01 sys=0.00, real=0.00 secs] 
117.901: Total time for which application threads were stopped: 0.0020870 seconds, Stopping threads took: 0.0003040 seconds
117.979: Application time: 0.0773900 seconds
118.001: [CMS-concurrent-abortable-preclean: 0.000/0.187 secs] [Times: user=1.33 sys=0.01, real=0.19 secs] 
118.019: [GC118.019: [ParNew: 6065K->6065K(6144K), 0.0000140 secs]118.019: [CMS (concurrent mode failure): 13443K->2867K(15744K), 0.0057680 secs] 19509K->2867K(21888K), [CMS Perm : 5113K->5113K(21248K)], 0.0058310 secs] [Times: user=0.01 sys=0.00, real=0.01 secs] 
118.025: Total time for which application threads were stopped: 0.0466880 seconds, Stopping threads took: 0.0407850 seconds
118.026: Application time: 0.0011650 seconds
118.079: [GC118.079: [ParNew: 5485K->602K(6144K), 0.0014770 secs] 8352K->7778K(21888K), 0.0015090 secs] [Times: user=0.01 sys=0.00, real=0.01 secs] 
118.081: Total time for which application threads were stopped: 0.0541090 seconds, Stopping threads took: 0.0525460 seconds
118.083: Application time: 0.0028930 seconds
118.156: [GC [1 CMS-initial-mark: 7176K(15744K)] 10621K(21888K), 0.0001500 secs] [Times: user=0.00 sys=0.00, real=0.00 secs] 
118.157: Total time for which application threads were stopped: 0.0731130 seconds, Stopping threads took: 0.0729040 seconds
118.157: [CMS-concurrent-mark-start]
118.159: Application time: 0.0026750 seconds
118.228: [GC118.228: [ParNew: 5990K->598K(6144K), 0.0005610 secs] 13166K->7775K(21888K), 0.0005900 secs] [Times: user=0.00 sys=0.00, real=0.00 secs] 
118.228: Total time for which application threads were stopped: 0.0692460 seconds, Stopping threads took: 0.0685870 seconds
118.229: Application time: 0.0008770 seconds
118.286: [GC118.286: [ParNew: 6083K->600K(6144K), 0.0012410 secs] 13261K->11100K(21888K), 0.0012740 secs] [Times: user=0.01 sys=0.00, real=0.01 secs] 
118.288: Total time for which application threads were stopped: 0.0581430 seconds, Stopping threads took: 0.0567970 seconds
118.288: [CMS-concurrent-mark: 0.004/0.131 secs] [Times: user=0.37 sys=0.09, real=0.14 secs] 
118.288: [CMS-concurrent-preclean-start]
118.288: [CMS-concurrent-preclean: 0.000/0.000 secs] [Times: user=0.00 sys=0.00, real=0.00 secs] 
118.288: [CMS-concurrent-abortable-preclean-start]
118.361: Application time: 0.0739360 seconds
118.370: [GC118.370: [ParNew: 6085K->6085K(6144K), 0.0000140 secs]118.370: [CMS118.370: [CMS-concurrent-abortable-preclean: 0.000/0.082 secs] [Times: user=0.62 sys=0.01, real=0.08 secs] 
 (concurrent mode failure): 10500K->2086K(15744K), 0.0057550 secs] 16586K->2086K(21888K), [CMS Perm : 5113K->5113K(21248K)], 0.0058150 secs] [Times: user=0.00 sys=0.00, real=0.00 secs] 
118.375: Total time for which application threads were stopped: 0.0140480 seconds, Stopping threads took: 0.0081450 seconds
118.376: Application time: 0.0008590 seconds
118.416: [GC118.416: [ParNew: 5388K->600K(6144K), 0.0016220 secs] 7474K->7192K(21888K), 0.0016550 secs] [Times: user=0.01 sys=0.00, real=0.00 secs] 
118.418: Total time for which application threads were stopped: 0.0416720 seconds, Stopping threads took: 0.0399400 seconds
118.418: Application time: 0.0000350 seconds
118.418: [GC [1 CMS-initial-mark: 6592K(15744K)] 7780K(21888K), 0.0001050 secs] [Times: user=0.01 sys=0.00, real=0.00 secs] 
118.419: Total time for which application threads were stopped: 0.0005050 seconds, Stopping threads took: 0.0003540 seconds
118.419: [CMS-concurrent-mark-start]
118.422: [CMS-concurrent-mark: 0.003/0.003 secs] [Times: user=0.01 sys=0.00, real=0.01 secs] 
118.422: [CMS-concurrent-preclean-start]
118.422: [CMS-concurrent-preclean: 0.000/0.000 secs] [Times: user=0.00 sys=0.00, real=0.00 secs] 
118.422: [CMS-concurrent-abortable-preclean-start]
118.506: Application time: 0.0878080 seconds
118.547: [GC118.547: [ParNew: 5987K->404K(6144K), 0.0007350 secs] 12580K->7392K(21888K), 0.0007690 secs] [Times: user=0.00 sys=0.00, real=0.01 secs] 
118.548: Total time for which application threads were stopped: 0.0413290 seconds, Stopping threads took: 0.0404760 seconds
118.549: Application time: 0.0008230 seconds
118.601: [GC118.601: [ParNew: 5871K->630K(6144K), 0.0014220 secs] 12858K->12110K(21888K), 0.0014580 secs] [Times: user=0.01 sys=0.00, real=0.00 secs] 
118.603: Total time for which application threads were stopped: 0.0540370 seconds, Stopping threads took: 0.0525240 seconds
118.680: Application time: 0.0773670 seconds
118.703: [CMS-concurrent-abortable-preclean: 0.000/0.281 secs] [Times: user=1.51 sys=0.07, real=0.28 secs] 
118.721: [GC118.721: [ParNew: 6096K->6096K(6144K), 0.0000130 secs]118.721: [CMS (concurrent mode failure): 11479K->2086K(15744K), 0.0058550 secs] 17576K->2086K(21888K), [CMS Perm : 5113K->5113K(21248K)], 0.0059130 secs] [Times: user=0.01 sys=0.00, real=0.00 secs] 
118.727: Total time for which application threads were stopped: 0.0472050 seconds, Stopping threads took: 0.0412100 seconds
118.728: Application time: 0.0009590 seconds
118.728: [GC118.728: [ParNew: 5483K->600K(6144K), 0.0015690 secs] 7569K->7585K(21888K), 0.0015960 secs] [Times: user=0.01 sys=0.00, real=0.00 secs] 
118.730: Total time for which application threads were stopped: 0.0019570 seconds, Stopping threads took: 0.0003020 seconds
118.730: Application time: 0.0000450 seconds
118.730: [GC [1 CMS-initial-mark: 6985K(15744K)] 7880K(21888K), 0.0000820 secs] [Times: user=0.00 sys=0.00, real=0.00 secs] 
118.731: Total time for which application threads were stopped: 0.0004360 seconds, Stopping threads took: 0.0003070 seconds
118.731: [CMS-concurrent-mark-start]
118.734: [CMS-concurrent-mark: 0.004/0.004 secs] [Times: user=0.02 sys=0.00, real=0.00 secs] 
118.734: [CMS-concurrent-preclean-start]
118.734: [CMS-concurrent-preclean: 0.000/0.000 secs] [Times: user=0.00 sys=0.00, real=0.00 secs] 
118.734: [CMS-concurrent-abortable-preclean-start]
118.813: Application time: 0.0824500 seconds
118.857: [GC118.857: [ParNew: 5968K->434K(6144K), 0.0004280 secs] 12953K->7812K(21888K), 0.0004660 secs] [Times: user=0.00 sys=0.00, real=0.00 secs] 
118.857: Total time for which application threads were stopped: 0.0442040 seconds, Stopping threads took: 0.0436590 seconds
118.858: Application time: 0.0005530 seconds
118.898: [GC118.898: [ParNew: 5823K->602K(6144K), 0.0015400 secs] 13200K->12500K(21888K), 0.0015740 secs] [Times: user=0.01 sys=0.00, real=0.00 secs] 
118.899: Total time for which application threads were stopped: 0.0415080 seconds, Stopping threads took: 0.0398800 seconds
118.976: Application time: 0.0769860 seconds
119.000: [CMS-concurrent-abortable-preclean: 0.000/0.265 secs] [Times: user=1.49 sys=0.06, real=0.27 secs] 
119.018: [GC119.018: [ParNew: 5989K->5989K(6144K), 0.0000120 secs]119.019: [CMS (concurrent mode failure): 11898K->2086K(15744K), 0.0058020 secs] 17888K->2086K(21888K), [CMS Perm : 5113K->5113K(21248K)], 0.0058600 secs] [Times: user=0.00 sys=0.00, real=0.01 secs] 
119.024: Total time for which application threads were stopped: 0.0480950 seconds, Stopping threads took: 0.0421540 seconds
119.026: Application time: 0.0011550 seconds
119.078: [GC119.078: [ParNew: 5483K->600K(6144K), 0.0013940 secs] 7570K->6212K(21888K), 0.0014210 secs] [Times: user=0.01 sys=0.00, real=0.00 secs] 
119.079: Total time for which application threads were stopped: 0.0537080 seconds, Stopping threads took: 0.0522020 seconds
119.079: Application time: 0.0000550 seconds
119.079: [GC [1 CMS-initial-mark: 5612K(15744K)] 6509K(21888K), 0.0000950 secs] [Times: user=0.00 sys=0.00, real=0.01 secs] 
119.079: Total time for which application threads were stopped: 0.0001690 seconds, Stopping threads took: 0.0000420 seconds
119.080: [CMS-concurrent-mark-start]
119.082: [CMS-concurrent-mark: 0.003/0.003 secs] [Times: user=0.01 sys=0.00, real=0.00 secs] 
119.083: [CMS-concurrent-preclean-start]
119.083: [CMS-concurrent-preclean: 0.000/0.000 secs] [Times: user=0.00 sys=0.00, real=0.00 secs] 
119.083: [CMS-concurrent-abortable-preclean-start]
119.166: Application time: 0.0861620 seconds
119.171: [GC119.171: [ParNew: 6085K->602K(6144K), 0.0006090 secs] 11698K->6608K(21888K), 0.0006440 secs] [Times: user=0.00 sys=0.00, real=0.00 secs] 
119.171: Total time for which application threads were stopped: 0.0055720 seconds, Stopping threads took: 0.0048470 seconds
119.172: Application time: 0.0004700 seconds
119.172: [GC119.172: [ParNew: 5794K->598K(6144K), 0.0016580 secs] 11800K->11785K(21888K), 0.0016910 secs] [Times: user=0.01 sys=0.00, real=0.00 secs] 
119.174: Total time for which application threads were stopped: 0.0019590 seconds, Stopping threads took: 0.0002020 seconds
119.251: Application time: 0.0772590 seconds
119.274: [CMS-concurrent-abortable-preclean: 0.000/0.191 secs] [Times: user=1.37 sys=0.02, real=0.19 secs] 
119.292: [GC119.292: [ParNew: 6083K->6083K(6144K), 0.0000130 secs]119.292: [CMS (concurrent mode failure): 11186K->3258K(15744K), 0.0060060 secs] 17270K->3258K(21888K), [CMS Perm : 5113K->5113K(21248K)], 0.0060630 secs] [Times: user=0.01 sys=0.00, real=0.00 secs] 
119.298: Total time for which application threads were stopped: 0.0470380 seconds, Stopping threads took: 0.0409120 seconds
119.299: Application time: 0.0012070 seconds
119.340: [GC119.340: [ParNew: 5466K->626K(6144K), 0.0015370 secs] 8724K->7410K(21888K), 0.0015780 secs] [Times: user=0.01 sys=0.00, real=0.00 secs] 
119.342: Total time for which application threads were stopped: 0.0426160 seconds, Stopping threads took: 0.0409590 seconds
119.343: Application time: 0.0017220 seconds
119.419: [GC [1 CMS-initial-mark: 6784K(15744K)] 10938K(21888K), 0.0001250 secs] [Times: user=0.00 sys=0.00, real=0.00 secs] 
119.419: Total time for which application threads were stopped: 0.0752240 seconds, Stopping threads took: 0.0750480 seconds
119.419: [CMS-concurrent-mark-start]
119.420: Application time: 0.0008180 seconds
119.473: [GC119.473: [ParNew: 5994K->434K(6144K), 0.0005470 secs] 12778K->7640K(21888K), 0.0005710 secs] [Times: user=0.00 sys=0.00, real=0.00 secs] 
119.474: Total time for which application threads were stopped: 0.0545330 seconds, Stopping threads took: 0.0539090 seconds
119.475: Application time: 0.0010980 seconds
119.547: [GC119.547: [ParNew: 5898K->528K(6144K), 0.0007130 secs] 13105K->9131K(21888K), 0.0007450 secs] [Times: user=0.00 sys=0.00, real=0.00 secs] 
119.547: Total time for which application threads were stopped: 0.0721960 seconds, Stopping threads took: 0.0714000 seconds
119.550: [CMS-concurrent-mark: 0.004/0.131 secs] [Times: user=0.39 sys=0.06, real=0.14 secs] 
119.550: [CMS-concurrent-preclean-start]
119.550: [CMS-concurrent-preclean: 0.000/0.000 secs] [Times: user=0.00 sys=0.00, real=0.00 secs] 
119.550: [CMS-concurrent-abortable-preclean-start]
119.550: Application time: 0.0025420 seconds
119.624: [GC119.624: [ParNew: 5916K->602K(6144K), 0.0004240 secs] 14519K->9429K(21888K), 0.0004520 secs] [Times: user=0.00 sys=0.00, real=0.00 secs] 
119.625: Total time for which application threads were stopped: 0.0748430 seconds, Stopping threads took: 0.0743080 seconds
119.625: Application time: 0.0006610 seconds
119.668: [GC119.668: [ParNew: 6085K->598K(6144K), 0.0013840 secs] 14912K->12945K(21888K), 0.0014160 secs] [Times: user=0.00 sys=0.00, real=0.00 secs] 
119.669: Total time for which application threads were stopped: 0.0440780 seconds, Stopping threads took: 0.0425880 seconds
119.748: Application time: 0.0785060 seconds
119.749: [GC119.749: [ParNew: 6083K->6083K(6144K), 0.0000140 secs]119.749: [CMS119.749: [CMS-concurrent-abortable-preclean: 0.000/0.199 secs] [Times: user=1.18 sys=0.08, real=0.20 secs] 
 (concurrent mode failure): 12347K->2257K(15744K), 0.0061710 secs] 18431K->2257K(21888K), [CMS Perm : 5113K->5113K(21248K)], 0.0062320 secs] [Times: user=0.01 sys=0.00, real=0.00 secs] 
119.755: Total time for which application threads were stopped: 0.0067950 seconds, Stopping threads took: 0.0004760 seconds
119.756: Application time: 0.0011190 seconds
119.796: [GC119.796: [ParNew: 5464K->628K(6144K), 0.0013880 secs] 7721K->7392K(21888K), 0.0014140 secs] [Times: user=0.01 sys=0.00, real=0.00 secs] 
119.797: Total time for which application threads were stopped: 0.0414420 seconds, Stopping threads took: 0.0399550 seconds
119.798: Application time: 0.0002040 seconds
119.838: [GC [1 CMS-initial-mark: 6764K(15744K)] 9355K(21888K), 0.0000960 secs] [Times: user=0.00 sys=0.00, real=0.00 secs] 
119.838: Total time for which application threads were stopped: 0.0401650 seconds, Stopping threads took: 0.0400240 seconds
119.838: [CMS-concurrent-mark-start]
119.841: [CMS-concurrent-mark: 0.003/0.003 secs] [Times: user=0.01 sys=0.00, real=0.01 secs] 
119.841: [CMS-concurrent-preclean-start]
119.841: [CMS-concurrent-preclean: 0.000/0.000 secs] [Times: user=0.00 sys=0.00, real=0.00 secs] 
119.841: [CMS-concurrent-abortable-preclean-start]
119.928: Application time: 0.0900430 seconds
119.982: [GC119.982: [ParNew: 6113K->12K(6144K), 0.0003210 secs] 12877K->6807K(21888K), 0.0003540 secs] [Times: user=0.00 sys=0.00, real=0.00 secs] 
119.982: Total time for which application threads were stopped: 0.0546970 seconds, Stopping threads took: 0.0542660 seconds
119.983: Application time: 0.0004360 seconds
119.983: [GC119.983: [ParNew: 5497K->602K(6144K), 0.0015630 secs] 12293K->12280K(21888K), 0.0016050 secs] [Times: user=0.01 sys=0.00, real=0.00 secs] 
119.985: Total time for which application threads were stopped: 0.0021350 seconds, Stopping threads took: 0.0004780 seconds
120.062: Application time: 0.0772600 seconds
120.085: [CMS-concurrent-abortable-preclean: 0.000/0.244 secs] [Times: user=1.48 sys=0.04, real=0.24 secs] 
120.103: [GC120.103: [ParNew: 5989K->5989K(6144K), 0.0000130 secs]120.103: [CMS (concurrent mode failure): 11678K->2477K(15744K), 0.0057330 secs] 17668K->2477K(21888K), [CMS Perm : 5113K->5113K(21248K)], 0.0057940 secs] [Times: user=0.00 sys=0.00, real=0.01 secs] 
120.109: Total time for which application threads were stopped: 0.0468670 seconds, Stopping threads took: 0.0410090 seconds
120.110: Application time: 0.0009470 seconds
120.150: [GC120.150: [ParNew: 5386K->600K(6144K), 0.0018050 secs] 7863K->7584K(21888K), 0.0018440 secs] [Times: user=0.01 sys=0.00, real=0.00 secs] 
120.152: Total time for which application threads were stopped: 0.0420980 seconds, Stopping threads took: 0.0401590 seconds
120.152: Application time: 0.0000570 seconds
120.153: [GC [1 CMS-initial-mark: 6983K(15744K)] 8273K(21888K), 0.0001000 secs] [Times: user=0.00 sys=0.00, real=0.00 secs] 
120.153: Total time for which application threads were stopped: 0.0004400 seconds, Stopping threads took: 0.0002920 seconds
120.153: [CMS-concurrent-mark-start]
120.156: [CMS-concurrent-mark: 0.003/0.003 secs] [Times: user=0.03 sys=0.00, real=0.00 secs] 
120.156: [CMS-concurrent-preclean-start]
120.156: [CMS-concurrent-preclean: 0.000/0.000 secs] [Times: user=0.00 sys=0.00, real=0.00 secs] 
120.156: [CMS-concurrent-abortable-preclean-start]
120.241: Application time: 0.0879990 seconds
120.282: [GC120.282: [ParNew: 6085K->209K(6144K), 0.0004120 secs] 13069K->7196K(21888K), 0.0004450 secs] [Times: user=0.00 sys=0.00, real=0.00 secs] 
120.282: Total time for which application threads were stopped: 0.0413510 seconds, Stopping threads took: 0.0408310 seconds
120.288: Application time: 0.0055800 seconds
120.350: [GC120.350: [ParNew: 5367K->612K(6144K), 0.0003920 secs] 12354K->7990K(21888K), 0.0004160 secs] [Times: user=0.00 sys=0.00, real=0.00 secs] 
120.350: Total time for which application threads were stopped: 0.0623530 seconds, Stopping threads took: 0.0618680 seconds
120.350: Application time: 0.0004900 seconds
120.351: [GC120.351: [ParNew: 6111K->612K(6144K), 0.0019590 secs] 13489K->13472K(21888K), 0.0019940 secs] [Times: user=0.01 sys=0.00, real=0.00 secs] 
120.353: Total time for which application threads were stopped: 0.0024320 seconds, Stopping threads took: 0.0003730 seconds
120.432: Application time: 0.0786860 seconds
120.432: [GC120.432: [ParNew: 6097K->6097K(6144K), 0.0000140 secs]120.432: [CMS120.432: [CMS-concurrent-abortable-preclean: 0.001/0.276 secs] [Times: user=1.66 sys=0.06, real=0.28 secs] 
 (concurrent mode failure): 12859K->4625K(15744K), 0.0066750 secs] 18957K->4625K(21888K), [CMS Perm : 5113K->5113K(21248K)], 0.0067410 secs] [Times: user=0.01 sys=0.00, real=0.00 secs] 
120.439: Total time for which application threads were stopped: 0.0071450 seconds, Stopping threads took: 0.0003150 seconds
120.517: Application time: 0.0781680 seconds
120.525: [GC120.525: [ParNew: 5368K->42K(6144K), 0.0004520 secs] 9993K->4667K(21888K), 0.0004820 secs] [Times: user=0.00 sys=0.00, real=0.00 secs] 
120.525: Total time for which application threads were stopped: 0.0083360 seconds, Stopping threads took: 0.0077740 seconds
120.526: Application time: 0.0004130 seconds
120.526: [GC120.526: [ParNew: 5386K->634K(6144K), 0.0016390 secs] 10012K->9961K(21888K), 0.0016680 secs] [Times: user=0.01 sys=0.00, real=0.01 secs] 
120.528: Total time for which application threads were stopped: 0.0021990 seconds, Stopping threads took: 0.0004620 seconds
120.528: Application time: 0.0001260 seconds
120.528: [GC [1 CMS-initial-mark: 9327K(15744K)] 10870K(21888K), 0.0001080 secs] [Times: user=0.00 sys=0.00, real=0.00 secs] 
120.529: Total time for which application threads were stopped: 0.0004970 seconds, Stopping threads took: 0.0003640 seconds
120.529: [CMS-concurrent-mark-start]
120.531: [CMS-concurrent-mark: 0.002/0.002 secs] [Times: user=0.00 sys=0.00, real=0.00 secs] 
120.531: [CMS-concurrent-preclean-start]
120.531: [CMS-concurrent-preclean: 0.000/0.000 secs] [Times: user=0.00 sys=0.00, real=0.00 secs] 
120.531: [CMS-concurrent-abortable-preclean-start]
120.614: Application time: 0.0851020 seconds
120.657: [GC120.657: [ParNew: 6124K->638K(6144K), 0.0007350 secs] 15451K->10408K(21888K), 0.0007700 secs] [Times: user=0.00 sys=0.00, real=0.00 secs] 
120.658: Total time for which application threads were stopped: 0.0442800 seconds, Stopping threads took: 0.0434220 seconds
120.659: Application time: 0.0006750 seconds
120.698: [GC120.698: [ParNew: 5831K->602K(6144K), 0.0015440 secs] 15601K->14901K(21888K), 0.0015800 secs] [Times: user=0.01 sys=0.00, real=0.01 secs] 
120.700: Total time for which application threads were stopped: 0.0414380 seconds, Stopping threads took: 0.0398060 seconds
120.778: Application time: 0.0780780 seconds
120.780: [GC120.780: [ParNew: 6087K->6087K(6144K), 0.0000130 secs]120.780: [CMS120.780: [CMS-concurrent-abortable-preclean: 0.000/0.250 secs] [Times: user=1.46 sys=0.05, real=0.25 secs] 
 (concurrent mode failure): 14299K->3258K(15744K), 0.0057890 secs] 20387K->3258K(21888K), [CMS Perm : 5113K->5113K(21248K)], 0.0058560 secs] [Times: user=0.01 sys=0.00, real=0.00 secs] 
120.786: Total time for which application threads were stopped: 0.0081110 seconds, Stopping threads took: 0.0021650 seconds
120.787: Application time: 0.0011580 seconds
120.836: [GC120.836: [ParNew: 5485K->600K(6144K), 0.0017070 secs] 8744K->8168K(21888K), 0.0017390 secs] [Times: user=0.01 sys=0.00, real=0.00 secs] 
120.838: Total time for which application threads were stopped: 0.0505810 seconds, Stopping threads took: 0.0487680 seconds
120.838: Application time: 0.0001860 seconds
120.890: [GC [1 CMS-initial-mark: 7568K(15744K)] 9254K(21888K), 0.0001090 secs] [Times: user=0.00 sys=0.00, real=0.00 secs] 
120.890: Total time for which application threads were stopped: 0.0521040 seconds, Stopping threads took: 0.0519450 seconds
120.890: [CMS-concurrent-mark-start]
120.894: [CMS-concurrent-mark: 0.004/0.004 secs] [Times: user=0.02 sys=0.00, real=0.00 secs] 
120.894: [CMS-concurrent-preclean-start]
120.894: [CMS-concurrent-preclean: 0.000/0.000 secs] [Times: user=0.00 sys=0.00, real=0.00 secs] 
120.894: [CMS-concurrent-abortable-preclean-start]
120.977: Application time: 0.0864220 seconds
120.984: [GC120.984: [ParNew: 6085K->12K(6144K), 0.0002810 secs] 13653K->7581K(21888K), 0.0003110 secs] [Times: user=0.00 sys=0.00, real=0.00 secs] 
120.985: Total time for which application threads were stopped: 0.0079170 seconds, Stopping threads took: 0.0075490 seconds
120.985: Application time: 0.0004270 seconds
120.985: [GC120.985: [ParNew: 5497K->602K(6144K), 0.0016510 secs] 13067K->13058K(21888K), 0.0016820 secs] [Times: user=0.01 sys=0.00, real=0.00 secs] 
120.987: Total time for which application threads were stopped: 0.0021360 seconds, Stopping threads took: 0.0004020 seconds
121.065: Application time: 0.0782660 seconds
121.087: [CMS-concurrent-abortable-preclean: 0.000/0.193 secs] [Times: user=1.36 sys=0.03, real=0.19 secs] 
121.106: [GC121.106: [ParNew: 5989K->5989K(6144K), 0.0000140 secs]121.106: [CMS (concurrent mode failure): 12456K->2477K(15744K), 0.0059160 secs] 18446K->2477K(21888K), [CMS Perm : 5113K->5113K(21248K)], 0.0059720 secs] [Times: user=0.01 sys=0.00, real=0.01 secs] 
121.112: Total time for which application threads were stopped: 0.0467160 seconds, Stopping threads took: 0.0406600 seconds
121.113: Application time: 0.0009990 seconds
121.153: [GC121.153: [ParNew: 5388K->598K(6144K), 0.0016700 secs] 7865K->7582K(21888K), 0.0017070 secs] [Times: user=0.01 sys=0.00, real=0.00 secs] 
121.155: Total time for which application threads were stopped: 0.0418020 seconds, Stopping threads took: 0.0400150 seconds
121.155: Application time: 0.0000920 seconds
121.155: [GC [1 CMS-initial-mark: 6984K(15744K)] 8762K(21888K), 0.0001090 secs] [Times: user=0.00 sys=0.00, real=0.00 secs] 
121.155: Total time for which application threads were stopped: 0.0003900 seconds, Stopping threads took: 0.0002430 seconds
121.156: [CMS-concurrent-mark-start]
121.159: [CMS-concurrent-mark: 0.003/0.003 secs] [Times: user=0.00 sys=0.01, real=0.00 secs] 
121.159: [CMS-concurrent-preclean-start]
121.159: [CMS-concurrent-preclean: 0.000/0.000 secs] [Times: user=0.00 sys=0.00, real=0.00 secs] 
121.159: [CMS-concurrent-abortable-preclean-start]
121.245: Application time: 0.0894640 seconds
121.285: [GC121.285: [ParNew: 6083K->207K(6144K), 0.0003590 secs] 13067K->7194K(21888K), 0.0015520 secs] [Times: user=0.00 sys=0.00, real=0.00 secs] 
121.287: Total time for which application threads were stopped: 0.0417280 seconds, Stopping threads took: 0.0400900 seconds
121.287: Application time: 0.0007310 seconds
121.288: [GC121.288: [ParNew: 5556K->634K(6144K), 0.0016570 secs] 12544K->12430K(21888K), 0.0016900 secs] [Times: user=0.01 sys=0.00, real=0.00 secs] 
121.289: Total time for which application threads were stopped: 0.0020640 seconds, Stopping threads took: 0.0002980 seconds
121.367: Application time: 0.0779820 seconds
121.368: [GC121.368: [ParNew: 6100K->6100K(6144K), 0.0000150 secs]121.368: [CMS121.368: [CMS-concurrent-abortable-preclean: 0.000/0.209 secs] [Times: user=1.45 sys=0.03, real=0.22 secs] 
 (concurrent mode failure): 11796K->3454K(15744K), 0.0068630 secs] 17896K->3454K(21888K), [CMS Perm : 5113K->5113K(21248K)], 0.0069280 secs] [Times: user=0.01 sys=0.00, real=0.00 secs] 
121.375: Total time for which application threads were stopped: 0.0075650 seconds, Stopping threads took: 0.0005480 seconds
121.376: Application time: 0.0012130 seconds
121.429: [GC121.429: [ParNew: 5485K->598K(6144K), 0.0012370 secs] 8939K->7675K(21888K), 0.0012690 secs] [Times: user=0.01 sys=0.00, real=0.00 secs] 
121.430: Total time for which application threads were stopped: 0.0541930 seconds, Stopping threads took: 0.0528490 seconds
121.431: Application time: 0.0002700 seconds
121.471: [GC [1 CMS-initial-mark: 7077K(15744K)] 9155K(21888K), 0.0001090 secs] [Times: user=0.00 sys=0.00, real=0.00 secs] 
121.471: Total time for which application threads were stopped: 0.0401090 seconds, Stopping threads took: 0.0399510 seconds
121.471: [CMS-concurrent-mark-start]
121.475: [CMS-concurrent-mark: 0.004/0.004 secs] [Times: user=0.02 sys=0.00, real=0.00 secs] 
121.475: [CMS-concurrent-preclean-start]
121.475: [CMS-concurrent-preclean: 0.000/0.000 secs] [Times: user=0.00 sys=0.00, real=0.00 secs] 
121.475: [CMS-concurrent-abortable-preclean-start]
121.548: Application time: 0.0774410 seconds
121.555: [GC121.555: [ParNew: 6083K->211K(6144K), 0.0003550 secs] 13161K->7294K(21888K), 0.0003840 secs] [Times: user=0.00 sys=0.00, real=0.00 secs] 
121.555: Total time for which application threads were stopped: 0.0070930 seconds, Stopping threads took: 0.0066320 seconds
121.556: Application time: 0.0004020 seconds
121.556: [GC121.556: [ParNew: 5502K->602K(6144K), 0.0014050 secs] 12584K->12570K(21888K), 0.0014320 secs] [Times: user=0.01 sys=0.00, real=0.00 secs] 
121.558: Total time for which application threads were stopped: 0.0018040 seconds, Stopping threads took: 0.0003020 seconds
121.635: Application time: 0.0775330 seconds
121.637: [GC121.637: [ParNew: 6087K->6087K(6144K), 0.0000120 secs]121.637: [CMS121.637: [CMS-concurrent-abortable-preclean: 0.000/0.163 secs] [Times: user=1.26 sys=0.01, real=0.16 secs] 
 (concurrent mode failure): 11967K->3649K(15744K), 0.0060940 secs] 18055K->3649K(21888K), [CMS Perm : 5113K->5113K(21248K)], 0.0061630 secs] [Times: user=0.01 sys=0.00, real=0.01 secs] 
121.643: Total time for which application threads were stopped: 0.0082940 seconds, Stopping threads took: 0.0020610 seconds
121.645: Application time: 0.0013530 seconds
121.720: [GC121.720: [ParNew: 5485K->600K(6144K), 0.0011730 secs] 9135K->7187K(21888K), 0.0012110 secs] [Times: user=0.01 sys=0.00, real=0.00 secs] 
121.721: Total time for which application threads were stopped: 0.0767680 seconds, Stopping threads took: 0.0754770 seconds
121.722: Application time: 0.0000520 seconds
121.722: [GC [1 CMS-initial-mark: 6587K(15744K)] 7291K(21888K), 0.0001100 secs] [Times: user=0.00 sys=0.00, real=0.00 secs] 
121.722: Total time for which application threads were stopped: 0.0003110 seconds, Stopping threads took: 0.0001580 seconds
121.722: [CMS-concurrent-mark-start]
121.728: [CMS-concurrent-mark: 0.006/0.006 secs] [Times: user=0.05 sys=0.00, real=0.01 secs] 
121.728: [CMS-concurrent-preclean-start]
121.728: [CMS-concurrent-preclean: 0.000/0.000 secs] [Times: user=0.00 sys=0.00, real=0.00 secs] 
121.728: [CMS-concurrent-abortable-preclean-start]
121.809: Application time: 0.0866780 seconds
121.821: [GC121.821: [ParNew: 6085K->404K(6144K), 0.0003620 secs] 12673K->6997K(21888K), 0.0003970 secs] [Times: user=0.00 sys=0.00, real=0.00 secs] 
121.821: Total time for which application threads were stopped: 0.0124320 seconds, Stopping threads took: 0.0119520 seconds
121.822: Application time: 0.0006940 seconds
121.877: [GC121.877: [ParNew: 5869K->630K(6144K), 0.0014660 secs] 12461K->11326K(21888K), 0.0014990 secs] [Times: user=0.01 sys=0.00, real=0.00 secs] 
121.878: Total time for which application threads were stopped: 0.0564160 seconds, Stopping threads took: 0.0548640 seconds
121.955: Application time: 0.0771870 seconds
121.957: [GC121.957: [ParNew: 5920K->5920K(6144K), 0.0000150 secs]121.957: [CMS121.957: [CMS-concurrent-abortable-preclean: 0.000/0.229 secs] [Times: user=1.40 sys=0.05, real=0.22 secs] 
 (concurrent mode failure): 10696K->2672K(15744K), 0.0067200 secs] 16617K->2672K(21888K), [CMS Perm : 5113K->5113K(21248K)], 0.0067820 secs] [Times: user=0.01 sys=0.00, real=0.01 secs] 
121.964: Total time for which application threads were stopped: 0.0088640 seconds, Stopping threads took: 0.0019920 seconds
121.965: Application time: 0.0009230 seconds
122.010: [GC122.010: [ParNew: 5483K->504K(6144K), 0.0018150 secs] 8156K->7877K(21888K), 0.0018550 secs] [Times: user=0.01 sys=0.00, real=0.00 secs] 
122.011: Total time for which application threads were stopped: 0.0463900 seconds, Stopping threads took: 0.0444570 seconds
122.012: Application time: 0.0000500 seconds
122.065: [GC [1 CMS-initial-mark: 7373K(15744K)] 8272K(21888K), 0.0000920 secs] [Times: user=0.00 sys=0.00, real=0.00 secs] 
122.065: Total time for which application threads were stopped: 0.0532250 seconds, Stopping threads took: 0.0531090 seconds
122.065: [CMS-concurrent-mark-start]
122.068: [CMS-concurrent-mark: 0.003/0.003 secs] [Times: user=0.03 sys=0.00, real=0.01 secs] 
122.068: [CMS-concurrent-preclean-start]
122.068: [CMS-concurrent-preclean: 0.000/0.000 secs] [Times: user=0.00 sys=0.00, real=0.00 secs] 
122.068: [CMS-concurrent-abortable-preclean-start]
122.155: Application time: 0.0898120 seconds
122.195: [GC122.195: [ParNew: 5892K->404K(6144K), 0.0005260 secs] 13265K->7782K(21888K), 0.0005580 secs] [Times: user=0.00 sys=0.00, real=0.00 secs] 
122.195: Total time for which application threads were stopped: 0.0407540 seconds, Stopping threads took: 0.0401220 seconds
122.196: Application time: 0.0005640 seconds
122.196: [GC122.196: [ParNew: 5871K->630K(6144K), 0.0018340 secs] 13249K->13184K(21888K), 0.0018680 secs] [Times: user=0.01 sys=0.00, real=0.00 secs] 
122.198: Total time for which application threads were stopped: 0.0024190 seconds, Stopping threads took: 0.0004740 seconds
122.277: Application time: 0.0785160 seconds
122.299: [CMS-concurrent-abortable-preclean: 0.000/0.230 secs] [Times: user=1.45 sys=0.02, real=0.22 secs] 
122.317: [GC122.317: [ParNew: 6115K->6115K(6144K), 0.0000140 secs]122.317: [CMS (concurrent mode failure): 12554K->2868K(15744K), 0.0067050 secs] 18669K->2868K(21888K), [CMS Perm : 5113K->5113K(21248K)], 0.0067600 secs] [Times: user=0.01 sys=0.00, real=0.01 secs] 
122.324: Total time for which application threads were stopped: 0.0470490 seconds, Stopping threads took: 0.0402230 seconds
122.325: Application time: 0.0010120 seconds
122.377: [GC122.377: [ParNew: 5270K->532K(6144K), 0.0014450 secs] 8139K->7514K(21888K), 0.0014780 secs] [Times: user=0.01 sys=0.00, real=0.00 secs] 
122.378: Total time for which application threads were stopped: 0.0532330 seconds, Stopping threads took: 0.0516600 seconds
122.378: Application time: 0.0000210 seconds
122.378: [GC [1 CMS-initial-mark: 6982K(15744K)] 8102K(21888K), 0.0000930 secs] [Times: user=0.00 sys=0.00, real=0.00 secs] 
122.378: Total time for which application threads were stopped: 0.0002000 seconds, Stopping threads took: 0.0000640 seconds
122.378: [CMS-concurrent-mark-start]
122.381: [CMS-concurrent-mark: 0.003/0.003 secs] [Times: user=0.01 sys=0.00, real=0.01 secs] 
122.381: [CMS-concurrent-preclean-start]
122.381: [CMS-concurrent-preclean: 0.000/0.000 secs] [Times: user=0.00 sys=0.00, real=0.00 secs] 
122.381: [CMS-concurrent-abortable-preclean-start]
122.465: Application time: 0.0861940 seconds
122.518: [GC122.518: [ParNew: 6018K->404K(6144K), 0.0004220 secs] 13000K->7420K(21888K), 0.0004590 secs] [Times: user=0.01 sys=0.00, real=0.00 secs] 
122.519: Total time for which application threads were stopped: 0.0542290 seconds, Stopping threads took: 0.0537120 seconds
122.519: Application time: 0.0005430 seconds
122.520: [GC122.520: [ParNew: 5888K->600K(6144K), 0.0016230 secs] 12904K->12890K(21888K), 0.0016590 secs] [Times: user=0.01 sys=0.00, real=0.00 secs] 
122.521: Total time for which application threads were stopped: 0.0020640 seconds, Stopping threads took: 0.0003290 seconds
122.599: Application time: 0.0775940 seconds
122.622: [CMS-concurrent-abortable-preclean: 0.000/0.240 secs] [Times: user=1.45 sys=0.04, real=0.24 secs] 
122.640: [GC122.640: [ParNew: 5968K->5968K(6144K), 0.0000130 secs]122.640: [CMS (concurrent mode failure): 12289K->2771K(15744K), 0.0052990 secs] 18258K->2771K(21888K), [CMS Perm : 5113K->5113K(21248K)], 0.0053540 secs] [Times: user=0.01 sys=0.00, real=0.00 secs] 
122.645: Total time for which application threads were stopped: 0.0460970 seconds, Stopping threads took: 0.0406810 seconds
122.646: Application time: 0.0011270 seconds
122.687: [GC122.687: [ParNew: 5466K->630K(6144K), 0.0016740 secs] 8237K->7513K(21888K), 0.0017060 secs] [Times: user=0.01 sys=0.01, real=0.01 secs] 
122.689: Total time for which application threads were stopped: 0.0428130 seconds, Stopping threads took: 0.0410520 seconds
122.689: Application time: 0.0000570 seconds
122.689: [GC [1 CMS-initial-mark: 6883K(15744K)] 8105K(21888K), 0.0000970 secs] [Times: user=0.00 sys=0.00, real=0.00 secs] 
122.689: Total time for which application threads were stopped: 0.0003430 seconds, Stopping threads took: 0.0002020 seconds
122.689: [CMS-concurrent-mark-start]
122.693: [CMS-concurrent-mark: 0.003/0.003 secs] [Times: user=0.02 sys=0.00, real=0.00 secs] 
122.693: [CMS-concurrent-preclean-start]
122.693: [CMS-concurrent-preclean: 0.000/0.000 secs] [Times: user=0.00 sys=0.00, real=0.00 secs] 
122.693: [CMS-concurrent-abortable-preclean-start]
122.776: Application time: 0.0866710 seconds
122.819: [GC122.819: [ParNew: 6018K->406K(6144K), 0.0003810 secs] 12901K->7323K(21888K), 0.0004160 secs] [Times: user=0.00 sys=0.00, real=0.00 secs] 
122.819: Total time for which application threads were stopped: 0.0433470 seconds, Stopping threads took: 0.0428470 seconds
122.820: Application time: 0.0005390 seconds
122.820: [GC122.820: [ParNew: 5890K->600K(6144K), 0.0017130 secs] 12807K->12793K(21888K), 0.0017470 secs] [Times: user=0.01 sys=0.00, real=0.00 secs] 
122.822: Total time for which application threads were stopped: 0.0021020 seconds, Stopping threads took: 0.0003020 seconds
122.899: Application time: 0.0771790 seconds
122.922: [CMS-concurrent-abortable-preclean: 0.000/0.229 secs] [Times: user=1.45 sys=0.03, real=0.23 secs] 
122.940: [GC122.940: [ParNew: 5987K->5987K(6144K), 0.0000130 secs]122.940: [CMS (concurrent mode failure): 12193K->2868K(15744K), 0.0052920 secs] 18180K->2868K(21888K), [CMS Perm : 5113K->5113K(21248K)], 0.0053480 secs] [Times: user=0.00 sys=0.00, real=0.00 secs] 
122.946: Total time for which application threads were stopped: 0.0463680 seconds, Stopping threads took: 0.0409490 seconds
122.947: Application time: 0.0010010 seconds
122.986: [GC122.986: [ParNew: 5485K->502K(6144K), 0.0017830 secs] 8354K->8073K(21888K), 0.0018180 secs] [Times: user=0.01 sys=0.00, real=0.01 secs] 
122.988: Total time for which application threads were stopped: 0.0415900 seconds, Stopping threads took: 0.0397220 seconds
122.988: Application time: 0.0000500 seconds
122.988: [GC [1 CMS-initial-mark: 7570K(15744K)] 8665K(21888K), 0.0001040 secs] [Times: user=0.00 sys=0.00, real=0.00 secs] 
122.989: Total time for which application threads were stopped: 0.0003210 seconds, Stopping threads took: 0.0001740 seconds
122.989: [CMS-concurrent-mark-start]
122.992: [CMS-concurrent-mark: 0.004/0.004 secs] [Times: user=0.02 sys=0.00, real=0.00 secs] 
122.992: [CMS-concurrent-preclean-start]
122.992: [CMS-concurrent-preclean: 0.000/0.000 secs] [Times: user=0.00 sys=0.00, real=0.00 secs] 
122.992: [CMS-concurrent-abortable-preclean-start]
123.075: Application time: 0.0867580 seconds
123.117: [GC123.117: [ParNew: 5773K->432K(6144K), 0.0005730 secs] 13344K->8006K(21888K), 0.0006080 secs] [Times: user=0.01 sys=0.00, real=0.00 secs] 
123.118: Total time for which application threads were stopped: 0.0421570 seconds, Stopping threads took: 0.0414700 seconds
123.118: Application time: 0.0006460 seconds
123.119: [GC123.119: [ParNew: 5899K->628K(6144K), 0.0017200 secs] 13473K->13406K(21888K), 0.0017540 secs] [Times: user=0.01 sys=0.00, real=0.01 secs] 
123.120: Total time for which application threads were stopped: 0.0022060 seconds, Stopping threads took: 0.0003860 seconds
123.199: Application time: 0.0782530 seconds
123.221: [CMS-concurrent-abortable-preclean: 0.000/0.228 secs] [Times: user=1.50 sys=0.04, real=0.23 secs] 
123.239: [GC123.239: [ParNew: 6015K->6015K(6144K), 0.0000140 secs]123.239: [CMS (concurrent mode failure): 12778K->1696K(15744K), 0.0056630 secs] 18794K->1696K(21888K), [CMS Perm : 5113K->5113K(21248K)], 0.0057170 secs] [Times: user=0.00 sys=0.00, real=0.01 secs] 
123.245: Total time for which application threads were stopped: 0.0463910 seconds, Stopping threads took: 0.0405920 seconds
123.246: Application time: 0.0009390 seconds
123.246: [GC123.246: [ParNew: 5485K->598K(6144K), 0.0017440 secs] 7182K->7194K(21888K), 0.0017730 secs] [Times: user=0.01 sys=0.00, real=0.01 secs] 
123.248: Total time for which application threads were stopped: 0.0022320 seconds, Stopping threads took: 0.0003880 seconds
123.248: Application time: 0.0000470 seconds
123.249: [GC [1 CMS-initial-mark: 6596K(15744K)] 7584K(21888K), 0.0001070 secs] [Times: user=0.00 sys=0.00, real=0.00 secs] 
123.249: Total time for which application threads were stopped: 0.0005140 seconds, Stopping threads took: 0.0003620 seconds
123.249: [CMS-concurrent-mark-start]
123.253: [CMS-concurrent-mark: 0.004/0.004 secs] [Times: user=0.03 sys=0.00, real=0.00 secs] 
123.253: [CMS-concurrent-preclean-start]
123.253: [CMS-concurrent-preclean: 0.000/0.000 secs] [Times: user=0.00 sys=0.00, real=0.00 secs] 
123.253: [CMS-concurrent-abortable-preclean-start]
123.343: Application time: 0.0940740 seconds
123.400: [GC123.400: [ParNew: 5966K->432K(6144K), 0.0004470 secs] 12562K->7030K(21888K), 0.0004850 secs] [Times: user=0.00 sys=0.00, real=0.00 secs] 
123.401: Total time for which application threads were stopped: 0.0578530 seconds, Stopping threads took: 0.0572880 seconds
123.401: Application time: 0.0005590 seconds
123.402: [GC123.402: [ParNew: 5916K->600K(6144K), 0.0015840 secs] 12513K->12499K(21888K), 0.0016120 secs] [Times: user=0.01 sys=0.00, real=0.00 secs] 
123.403: Total time for which application threads were stopped: 0.0020330 seconds, Stopping threads took: 0.0003470 seconds
123.481: Application time: 0.0781480 seconds
123.484: [GC123.484: [ParNew: 6085K->6085K(6144K), 0.0000130 secs]123.484: [CMS123.484: [CMS-concurrent-abortable-preclean: 0.000/0.232 secs] [Times: user=1.53 sys=0.04, real=0.23 secs] 
 (concurrent mode failure): 11899K->4040K(15744K), 0.0054280 secs] 17985K->4040K(21888K), [CMS Perm : 5113K->5113K(21248K)], 0.0054930 secs] [Times: user=0.01 sys=0.00, real=0.01 secs] 
123.490: Total time for which application threads were stopped: 0.0084420 seconds, Stopping threads took: 0.0028720 seconds
123.491: Application time: 0.0012400 seconds
123.558: [GC123.558: [ParNew: 5485K->598K(6144K), 0.0013500 secs] 9526K->7967K(21888K), 0.0013990 secs] [Times: user=0.01 sys=0.00, real=0.00 secs] 
123.559: Total time for which application threads were stopped: 0.0682640 seconds, Stopping threads took: 0.0667840 seconds
123.559: Application time: 0.0000610 seconds
123.560: [GC [1 CMS-initial-mark: 7369K(15744K)] 8464K(21888K), 0.0001000 secs] [Times: user=0.00 sys=0.00, real=0.00 secs] 
123.560: Total time for which application threads were stopped: 0.0003710 seconds, Stopping threads took: 0.0002280 seconds
123.560: [CMS-concurrent-mark-start]
123.566: [CMS-concurrent-mark: 0.006/0.006 secs] [Times: user=0.03 sys=0.00, real=0.00 secs] 
123.566: [CMS-concurrent-preclean-start]
123.566: [CMS-concurrent-preclean: 0.000/0.000 secs] [Times: user=0.00 sys=0.00, real=0.00 secs] 
123.566: [CMS-concurrent-abortable-preclean-start]
123.644: Application time: 0.0843680 seconds
123.653: [GC123.653: [ParNew: 6083K->406K(6144K), 0.0004090 secs] 13453K->8171K(21888K), 0.0004430 secs] [Times: user=0.00 sys=0.00, real=0.00 secs] 
123.654: Total time for which application threads were stopped: 0.0095350 seconds, Stopping threads took: 0.0090100 seconds
123.654: Application time: 0.0005740 seconds
123.694: [GC123.694: [ParNew: 5795K->602K(6144K), 0.0014730 secs] 13560K->12863K(21888K), 0.0015090 secs] [Times: user=0.01 sys=0.00, real=0.00 secs] 
123.696: Total time for which application threads were stopped: 0.0415500 seconds, Stopping threads took: 0.0399670 seconds
123.773: Application time: 0.0773940 seconds
123.776: [GC123.776: [ParNew: 6087K->6087K(6144K), 0.0000130 secs]123.776: [CMS123.776: [CMS-concurrent-abortable-preclean: 0.000/0.210 secs] [Times: user=1.39 sys=0.02, real=0.21 secs] 
 (concurrent mode failure): 12261K->3259K(15744K), 0.0052050 secs] 18349K->3259K(21888K), [CMS Perm : 5113K->5113K(21248K)], 0.0052690 secs] [Times: user=0.00 sys=0.00, real=0.01 secs] 
123.781: Total time for which application threads were stopped: 0.0079050 seconds, Stopping threads took: 0.0025450 seconds
123.782: Application time: 0.0011400 seconds
123.822: [GC123.822: [ParNew: 5485K->598K(6144K), 0.0012840 secs] 8745K->7090K(21888K), 0.0013150 secs] [Times: user=0.01 sys=0.01, real=0.00 secs] 
123.824: Total time for which application threads were stopped: 0.0412840 seconds, Stopping threads took: 0.0399050 seconds
123.824: Application time: 0.0000590 seconds
123.882: [GC [1 CMS-initial-mark: 6492K(15744K)] 7292K(21888K), 0.0001010 secs] [Times: user=0.00 sys=0.00, real=0.00 secs] 
123.882: Total time for which application threads were stopped: 0.0582750 seconds, Stopping threads took: 0.0581480 seconds
123.882: [CMS-concurrent-mark-start]
123.889: [CMS-concurrent-mark: 0.007/0.007 secs] [Times: user=0.05 sys=0.00, real=0.01 secs] 
123.889: [CMS-concurrent-preclean-start]
123.889: [CMS-concurrent-preclean: 0.000/0.000 secs] [Times: user=0.00 sys=0.00, real=0.00 secs] 
123.889: [CMS-concurrent-abortable-preclean-start]
123.889: Application time: 0.0070870 seconds
123.960: [GC123.960: [ParNew: 6062K->239K(6144K), 0.0004680 secs] 12554K->7125K(21888K), 0.0004970 secs] [Times: user=0.00 sys=0.00, real=0.00 secs] 
123.960: Total time for which application threads were stopped: 0.0711890 seconds, Stopping threads took: 0.0706370 seconds
123.961: Application time: 0.0006960 seconds
124.012: [GC124.013: [ParNew: 5723K->630K(6144K), 0.0013290 secs] 12609K->11227K(21888K), 0.0013620 secs] [Times: user=0.01 sys=0.00, real=0.00 secs] 
124.014: Total time for which application threads were stopped: 0.0529590 seconds, Stopping threads took: 0.0515260 seconds
124.092: Application time: 0.0778900 seconds
124.094: [GC124.094: [ParNew: 6096K->6096K(6144K), 0.0000120 secs]124.094: [CMS124.094: [CMS-concurrent-abortable-preclean: 0.000/0.206 secs] [Times: user=1.27 sys=0.08, real=0.20 secs] 
 (concurrent mode failure): 10597K->2380K(15744K), 0.0058820 secs] 16693K->2380K(21888K), [CMS Perm : 5113K->5113K(21248K)], 0.0059460 secs] [Times: user=0.01 sys=0.00, real=0.01 secs] 
124.100: Total time for which application threads were stopped: 0.0085950 seconds, Stopping threads took: 0.0025740 seconds
124.101: Application time: 0.0010070 seconds
124.143: [GC124.143: [ParNew: 5485K->600K(6144K), 0.0017160 secs] 7866K->7878K(21888K), 0.0017560 secs] [Times: user=0.01 sys=0.00, real=0.00 secs] 
124.144: Total time for which application threads were stopped: 0.0429700 seconds, Stopping threads took: 0.0411290 seconds
124.144: Application time: 0.0000700 seconds
124.145: [GC [1 CMS-initial-mark: 7278K(15744K)] 8863K(21888K), 0.0001110 secs] [Times: user=0.00 sys=0.00, real=0.00 secs] 
124.145: Total time for which application threads were stopped: 0.0004070 seconds, Stopping threads took: 0.0002480 seconds
124.145: [CMS-concurrent-mark-start]
124.148: [CMS-concurrent-mark: 0.003/0.003 secs] [Times: user=0.02 sys=0.00, real=0.01 secs] 
124.148: [CMS-concurrent-preclean-start]
124.149: [CMS-concurrent-preclean: 0.000/0.000 secs] [Times: user=0.00 sys=0.00, real=0.00 secs] 
124.149: [CMS-concurrent-abortable-preclean-start]
124.224: Application time: 0.0795380 seconds
124.267: [GC124.267: [ParNew: 6046K->560K(6144K), 0.0006540 secs] 13324K->8428K(21888K), 0.0006910 secs] [Times: user=0.01 sys=0.00, real=0.01 secs] 
124.268: Total time for which application threads were stopped: 0.0432880 seconds, Stopping threads took: 0.0425170 seconds
124.269: Application time: 0.0008590 seconds
124.321: [GC124.321: [ParNew: 6046K->600K(6144K), 0.0015660 secs] 13913K->13408K(21888K), 0.0015960 secs] [Times: user=0.01 sys=0.00, real=0.00 secs] 
124.323: Total time for which application threads were stopped: 0.0541000 seconds, Stopping threads took: 0.0524520 seconds
124.401: Application time: 0.0779920 seconds
124.402: [GC124.402: [ParNew: 5987K->5987K(6144K), 0.0000140 secs]124.402: [CMS124.402: [CMS-concurrent-abortable-preclean: 0.000/0.253 secs] [Times: user=1.41 sys=0.05, real=0.25 secs] 
 (concurrent mode failure): 12807K->3552K(15744K), 0.0061550 secs] 18795K->3552K(21888K), [CMS Perm : 5113K->5113K(21248K)], 0.0062220 secs] [Times: user=0.01 sys=0.00, real=0.01 secs] 
124.408: Total time for which application threads were stopped: 0.0073680 seconds, Stopping threads took: 0.0010550 seconds
124.409: Application time: 0.0011660 seconds
124.462: [GC124.462: [ParNew: 5485K->600K(6144K), 0.0014920 secs] 9038K->8069K(21888K), 0.0015260 secs] [Times: user=0.00 sys=0.00, real=0.00 secs] 
124.464: Total time for which application threads were stopped: 0.0548080 seconds, Stopping threads took: 0.0532280 seconds
124.464: Application time: 0.0001410 seconds
124.519: [GC [1 CMS-initial-mark: 7469K(15744K)] 8470K(21888K), 0.0001030 secs] [Times: user=0.00 sys=0.00, real=0.00 secs] 
124.519: Total time for which application threads were stopped: 0.0545200 seconds, Stopping threads took: 0.0543650 seconds
124.519: [CMS-concurrent-mark-start]
124.522: [CMS-concurrent-mark: 0.004/0.004 secs] [Times: user=0.01 sys=0.00, real=0.01 secs] 
124.522: [CMS-concurrent-preclean-start]
124.522: [CMS-concurrent-preclean: 0.000/0.000 secs] [Times: user=0.00 sys=0.00, real=0.00 secs] 
124.522: [CMS-concurrent-abortable-preclean-start]
124.596: Application time: 0.0774710 seconds
124.603: [GC124.603: [ParNew: 5988K->209K(6144K), 0.0003140 secs] 13457K->7681K(21888K), 0.0003490 secs] [Times: user=0.00 sys=0.00, real=0.00 secs] 
124.603: Total time for which application threads were stopped: 0.0070620 seconds, Stopping threads took: 0.0066340 seconds
124.604: Application time: 0.0005660 seconds
124.604: [GC124.604: [ParNew: 5578K->630K(6144K), 0.0013880 secs] 13050K->12987K(21888K), 0.0014170 secs] [Times: user=0.01 sys=0.00, real=0.00 secs] 
124.606: Total time for which application threads were stopped: 0.0018010 seconds, Stopping threads took: 0.0003120 seconds
124.684: Application time: 0.0782770 seconds
124.706: [CMS-concurrent-abortable-preclean: 0.000/0.183 secs] [Times: user=1.30 sys=0.01, real=0.18 secs] 
124.724: [GC124.724: [ParNew: 6018K->6018K(6144K), 0.0000130 secs]124.724: [CMS (concurrent mode failure): 12357K->2478K(15744K), 0.0062560 secs] 18375K->2478K(21888K), [CMS Perm : 5113K->5113K(21248K)], 0.0063200 secs] [Times: user=0.01 sys=0.00, real=0.01 secs] 
124.730: Total time for which application threads were stopped: 0.0466500 seconds, Stopping threads took: 0.0402480 seconds
124.732: Application time: 0.0011000 seconds
124.784: [GC124.784: [ParNew: 5387K->600K(6144K), 0.0015950 secs] 7866K->7585K(21888K), 0.0016240 secs] [Times: user=0.01 sys=0.00, real=0.00 secs] 
124.786: Total time for which application threads were stopped: 0.0540160 seconds, Stopping threads took: 0.0523190 seconds
124.786: Application time: 0.0000890 seconds
124.786: [GC [1 CMS-initial-mark: 6985K(15744K)] 8962K(21888K), 0.0001060 secs] [Times: user=0.00 sys=0.00, real=0.00 secs] 
124.786: Total time for which application threads were stopped: 0.0003900 seconds, Stopping threads took: 0.0002570 seconds
124.786: [CMS-concurrent-mark-start]
124.789: [CMS-concurrent-mark: 0.003/0.003 secs] [Times: user=0.02 sys=0.00, real=0.01 secs] 
124.789: [CMS-concurrent-preclean-start]
124.789: [CMS-concurrent-preclean: 0.000/0.000 secs] [Times: user=0.00 sys=0.00, real=0.00 secs] 
124.789: [CMS-concurrent-abortable-preclean-start]
124.873: Application time: 0.0872780 seconds
124.913: [GC124.913: [ParNew: 5968K->530K(6144K), 0.0005680 secs] 12953K->8104K(21888K), 0.0006050 secs] [Times: user=0.01 sys=0.00, real=0.00 secs] 
124.914: Total time for which application threads were stopped: 0.0403010 seconds, Stopping threads took: 0.0396370 seconds
124.915: Application time: 0.0008900 seconds
124.966: [GC124.966: [ParNew: 6014K->502K(6144K), 0.0014920 secs] 13588K->12012K(21888K), 0.0015240 secs] [Times: user=0.01 sys=0.01, real=0.00 secs] 
124.967: Total time for which application threads were stopped: 0.0525330 seconds, Stopping threads took: 0.0509550 seconds
125.046: Application time: 0.0785400 seconds
125.067: [CMS-concurrent-abortable-preclean: 0.000/0.278 secs] [Times: user=1.55 sys=0.08, real=0.27 secs] 
125.091: [GC125.091: [ParNew: 5988K->5988K(6144K), 0.0000130 secs]125.091: [CMS (concurrent mode failure): 11510K->1502K(15744K), 0.0056370 secs] 17498K->1502K(21888K), [CMS Perm : 5113K->5113K(21248K)], 0.0056910 secs] [Times: user=0.01 sys=0.00, real=0.00 secs] 
125.096: Total time for which application threads were stopped: 0.0506640 seconds, Stopping threads took: 0.0449010 seconds
125.097: Application time: 0.0009780 seconds
125.098: [GC125.098: [ParNew: 5338K->602K(6144K), 0.0013500 secs] 6840K->6806K(21888K), 0.0013770 secs] [Times: user=0.01 sys=0.00, real=0.00 secs] 
125.099: Total time for which application threads were stopped: 0.0018060 seconds, Stopping threads took: 0.0003560 seconds
125.099: Application time: 0.0000510 seconds
125.099: [GC [1 CMS-initial-mark: 6204K(15744K)] 7593K(21888K), 0.0000940 secs] [Times: user=0.00 sys=0.00, real=0.00 secs] 
125.099: Total time for which application threads were stopped: 0.0002820 seconds, Stopping threads took: 0.0001640 seconds
125.099: [CMS-concurrent-mark-start]
125.103: [CMS-concurrent-mark: 0.004/0.004 secs] [Times: user=0.00 sys=0.01, real=0.00 secs] 
125.103: [CMS-concurrent-preclean-start]
125.103: [CMS-concurrent-preclean: 0.000/0.000 secs] [Times: user=0.00 sys=0.00, real=0.00 secs] 
125.103: [CMS-concurrent-abortable-preclean-start]
125.190: Application time: 0.0909830 seconds
125.237: [GC125.237: [ParNew: 5920K->40K(6144K), 0.0005220 secs] 12124K->6247K(21888K), 0.0005580 secs] [Times: user=0.00 sys=0.00, real=0.00 secs] 
125.237: Total time for which application threads were stopped: 0.0467090 seconds, Stopping threads took: 0.0460870 seconds
125.238: Application time: 0.0004630 seconds
125.238: [GC125.238: [ParNew: 5330K->628K(6144K), 0.0014570 secs] 11538K->11523K(21888K), 0.0014890 secs] [Times: user=0.01 sys=0.00, real=0.01 secs] 
125.239: Total time for which application threads were stopped: 0.0019110 seconds, Stopping threads took: 0.0003490 seconds
125.318: Application time: 0.0780310 seconds
125.340: [CMS-concurrent-abortable-preclean: 0.000/0.236 secs] [Times: user=1.52 sys=0.04, real=0.24 secs] 
125.358: [GC125.358: [ParNew: 6015K->6015K(6144K), 0.0000130 secs]125.358: [CMS (concurrent mode failure): 10895K->2283K(15744K), 0.0052030 secs] 16911K->2283K(21888K), [CMS Perm : 5113K->5113K(21248K)], 0.0052590 secs] [Times: user=0.00 sys=0.00, real=0.01 secs] 
125.364: Total time for which application threads were stopped: 0.0460680 seconds, Stopping threads took: 0.0407470 seconds
125.365: Application time: 0.0010430 seconds
125.418: [GC125.418: [ParNew: 5366K->530K(6144K), 0.0013820 secs] 7650K->6537K(21888K), 0.0014080 secs] [Times: user=0.01 sys=0.00, real=0.00 secs] 
125.419: Total time for which application threads were stopped: 0.0543510 seconds, Stopping threads took: 0.0528720 seconds
125.419: Application time: 0.0000530 seconds
125.419: [GC [1 CMS-initial-mark: 6006K(15744K)] 7127K(21888K), 0.0000890 secs] [Times: user=0.00 sys=0.00, real=0.00 secs] 
125.419: Total time for which application threads were stopped: 0.0002740 seconds, Stopping threads took: 0.0001420 seconds
125.419: [CMS-concurrent-mark-start]
125.423: [CMS-concurrent-mark: 0.004/0.004 secs] [Times: user=0.01 sys=0.00, real=0.01 secs] 
125.423: [CMS-concurrent-preclean-start]
125.423: [CMS-concurrent-preclean: 0.000/0.000 secs] [Times: user=0.00 sys=0.00, real=0.00 secs] 
125.423: [CMS-concurrent-abortable-preclean-start]
125.509: Application time: 0.0898210 seconds
125.565: [GC125.565: [ParNew: 6015K->598K(6144K), 0.0005020 secs] 12022K->7029K(21888K), 0.0005370 secs] [Times: user=0.00 sys=0.00, real=0.00 secs] 
125.565: Total time for which application threads were stopped: 0.0561950 seconds, Stopping threads took: 0.0555810 seconds
125.566: Application time: 0.0005090 seconds
125.606: [GC125.606: [ParNew: 5790K->602K(6144K), 0.0014540 secs] 12222K->11526K(21888K), 0.0014870 secs] [Times: user=0.01 sys=0.00, real=0.00 secs] 
125.607: Total time for which application threads were stopped: 0.0415820 seconds, Stopping threads took: 0.0400030 seconds
125.685: Application time: 0.0776740 seconds
125.687: [GC125.687: [ParNew: 6087K->6087K(6144K), 0.0000120 secs]125.687: [CMS125.687: [CMS-concurrent-abortable-preclean: 0.000/0.264 secs] [Times: user=1.52 sys=0.06, real=0.26 secs] 
 (concurrent mode failure): 10923K->3259K(15744K), 0.0061440 secs] 17011K->3259K(21888K), [CMS Perm : 5113K->5113K(21248K)], 0.0062100 secs] [Times: user=0.01 sys=0.00, real=0.01 secs] 
125.693: Total time for which application threads were stopped: 0.0076660 seconds, Stopping threads took: 0.0013690 seconds
125.694: Application time: 0.0012170 seconds
125.748: [GC125.748: [ParNew: 5485K->598K(6144K), 0.0016820 secs] 8745K->8362K(21888K), 0.0017150 secs] [Times: user=0.02 sys=0.00, real=0.00 secs] 
125.750: Total time for which application threads were stopped: 0.0556030 seconds, Stopping threads took: 0.0538130 seconds
125.750: Application time: 0.0001760 seconds
125.805: [GC [1 CMS-initial-mark: 7764K(15744K)] 8566K(21888K), 0.0001110 secs] [Times: user=0.00 sys=0.00, real=0.00 secs] 
125.806: Total time for which application threads were stopped: 0.0558110 seconds, Stopping threads took: 0.0556520 seconds
125.806: [CMS-concurrent-mark-start]
125.809: [CMS-concurrent-mark: 0.004/0.004 secs] [Times: user=0.02 sys=0.00, real=0.01 secs] 
125.809: [CMS-concurrent-preclean-start]
125.809: [CMS-concurrent-preclean: 0.000/0.000 secs] [Times: user=0.00 sys=0.00, real=0.00 secs] 
125.809: [CMS-concurrent-abortable-preclean-start]
125.890: Application time: 0.0846980 seconds
125.895: [GC125.895: [ParNew: 6083K->16K(6144K), 0.0002940 secs] 13848K->7781K(21888K), 0.0003270 secs] [Times: user=0.00 sys=0.00, real=0.00 secs] 
125.896: Total time for which application threads were stopped: 0.0054290 seconds, Stopping threads took: 0.0050200 seconds
125.896: Application time: 0.0004650 seconds
125.897: [GC125.897: [ParNew: 5502K->602K(6144K), 0.0018210 secs] 13267K->13254K(21888K), 0.0018540 secs] [Times: user=0.01 sys=0.00, real=0.00 secs] 
125.899: Total time for which application threads were stopped: 0.0023030 seconds, Stopping threads took: 0.0003760 seconds
125.977: Application time: 0.0787540 seconds
125.999: [CMS-concurrent-abortable-preclean: 0.000/0.189 secs] [Times: user=1.35 sys=0.02, real=0.18 secs] 
126.017: [GC126.017: [ParNew: 5989K->5989K(6144K), 0.0000130 secs]126.017: [CMS (concurrent mode failure): 12652K->2478K(15744K), 0.0065910 secs] 18642K->2478K(21888K), [CMS Perm : 5113K->5113K(21248K)], 0.0066460 secs] [Times: user=0.01 sys=0.00, real=0.01 secs] 
126.024: Total time for which application threads were stopped: 0.0467000 seconds, Stopping threads took: 0.0399690 seconds
126.025: Application time: 0.0010640 seconds
126.025: [GC126.025: [ParNew: 5366K->628K(6144K), 0.0014030 secs] 7845K->7810K(21888K), 0.0014290 secs] [Times: user=0.01 sys=0.00, real=0.00 secs] 
126.027: Total time for which application threads were stopped: 0.0016130 seconds, Stopping threads took: 0.0001300 seconds
126.027: Application time: 0.0000680 seconds
126.027: [GC [1 CMS-initial-mark: 7182K(15744K)] 9086K(21888K), 0.0000890 secs] [Times: user=0.00 sys=0.00, real=0.00 secs] 
126.027: Total time for which application threads were stopped: 0.0001900 seconds, Stopping threads took: 0.0000770 seconds
126.027: [CMS-concurrent-mark-start]
126.034: [CMS-concurrent-mark: 0.007/0.007 secs] [Times: user=0.04 sys=0.00, real=0.01 secs] 
126.034: [CMS-concurrent-preclean-start]
126.034: [CMS-concurrent-preclean: 0.000/0.000 secs] [Times: user=0.00 sys=0.00, real=0.00 secs] 
126.034: [CMS-concurrent-abortable-preclean-start]
126.123: Application time: 0.0957930 seconds
126.164: [GC126.164: [ParNew: 5801K->628K(6144K), 0.0006110 secs] 12983K->8035K(21888K), 0.0006460 secs] [Times: user=0.01 sys=0.00, real=0.00 secs] 
126.164: Total time for which application threads were stopped: 0.0414770 seconds, Stopping threads took: 0.0407590 seconds
126.165: Application time: 0.0006730 seconds
126.165: [GC126.165: [ParNew: 6094K->530K(6144K), 0.0018970 secs] 13501K->13435K(21888K), 0.0019320 secs] [Times: user=0.01 sys=0.00, real=0.00 secs] 
126.167: Total time for which application threads were stopped: 0.0024420 seconds, Stopping threads took: 0.0004560 seconds
126.246: Application time: 0.0784690 seconds
126.268: [CMS-concurrent-abortable-preclean: 0.000/0.234 secs] [Times: user=1.51 sys=0.05, real=0.24 secs] 
126.291: [GC126.291: [ParNew: 5898K->5898K(6144K), 0.0014980 secs]126.292: [CMS (concurrent mode failure): 12904K->3064K(15744K), 0.0060410 secs] 18803K->3064K(21888K), [CMS Perm : 5113K->5113K(21248K)], 0.0075890 secs] [Times: user=0.01 sys=0.00, real=0.00 secs] 
126.298: Total time for which application threads were stopped: 0.0526770 seconds, Stopping threads took: 0.0450280 seconds
126.299: Application time: 0.0010190 seconds
126.352: [GC126.352: [ParNew: 5485K->598K(6144K), 0.0015740 secs] 8550K->8267K(21888K), 0.0016020 secs] [Times: user=0.01 sys=0.00, real=0.00 secs] 
126.353: Total time for which application threads were stopped: 0.0539770 seconds, Stopping threads took: 0.0523260 seconds
126.354: Application time: 0.0000500 seconds
126.393: [GC [1 CMS-initial-mark: 7669K(15744K)] 8861K(21888K), 0.0001000 secs] [Times: user=0.00 sys=0.00, real=0.00 secs] 
126.394: Total time for which application threads were stopped: 0.0400270 seconds, Stopping threads took: 0.0398910 seconds
126.394: [CMS-concurrent-mark-start]
126.397: [CMS-concurrent-mark: 0.004/0.004 secs] [Times: user=0.02 sys=0.00, real=0.00 secs] 
126.397: [CMS-concurrent-preclean-start]
126.397: [CMS-concurrent-preclean: 0.000/0.000 secs] [Times: user=0.00 sys=0.00, real=0.00 secs] 
126.397: [CMS-concurrent-abortable-preclean-start]
126.485: Application time: 0.0911260 seconds
126.523: [GC126.523: [ParNew: 6064K->630K(6144K), 0.0004880 secs] 13733K->8495K(21888K), 0.0005170 secs] [Times: user=0.00 sys=0.00, real=0.00 secs] 
126.524: Total time for which application threads were stopped: 0.0392320 seconds, Stopping threads took: 0.0386610 seconds
126.525: Application time: 0.0006590 seconds
126.525: [GC126.525: [ParNew: 6016K->502K(6144K), 0.0017500 secs] 13881K->13867K(21888K), 0.0017830 secs] [Times: user=0.01 sys=0.00, real=0.00 secs] 
126.527: Total time for which application threads were stopped: 0.0022760 seconds, Stopping threads took: 0.0004320 seconds
126.605: Application time: 0.0780370 seconds
126.627: [CMS-concurrent-abortable-preclean: 0.000/0.230 secs] [Times: user=1.47 sys=0.02, real=0.23 secs] 
126.646: [GC126.646: [ParNew: 5890K->5890K(6144K), 0.0000130 secs]126.646: [CMS (concurrent mode failure): 13365K->2088K(15744K), 0.0065170 secs] 19255K->2088K(21888K), [CMS Perm : 5113K->5113K(21248K)], 0.0065730 secs] [Times: user=0.00 sys=0.00, real=0.01 secs] 
126.652: Total time for which application threads were stopped: 0.0472750 seconds, Stopping threads took: 0.0406380 seconds
126.653: Application time: 0.0009350 seconds
126.693: [GC126.693: [ParNew: 5388K->602K(6144K), 0.0015670 secs] 7476K->7197K(21888K), 0.0015960 secs] [Times: user=0.01 sys=0.00, real=0.00 secs] 
126.695: Total time for which application threads were stopped: 0.0418150 seconds, Stopping threads took: 0.0401390 seconds
126.695: Application time: 0.0000350 seconds
126.695: [GC [1 CMS-initial-mark: 6595K(15744K)] 7785K(21888K), 0.0000990 secs] [Times: user=0.00 sys=0.00, real=0.00 secs] 
126.695: Total time for which application threads were stopped: 0.0002950 seconds, Stopping threads took: 0.0001770 seconds
126.695: [CMS-concurrent-mark-start]
126.699: [CMS-concurrent-mark: 0.004/0.004 secs] [Times: user=0.01 sys=0.00, real=0.00 secs] 
126.699: [CMS-concurrent-preclean-start]
126.699: [CMS-concurrent-preclean: 0.000/0.000 secs] [Times: user=0.00 sys=0.00, real=0.00 secs] 
126.699: [CMS-concurrent-abortable-preclean-start]
126.787: Application time: 0.0915490 seconds
126.828: [GC126.828: [ParNew: 5989K->402K(6144K), 0.0004060 secs] 12585K->7392K(21888K), 0.0004430 secs] [Times: user=0.00 sys=0.00, real=0.00 secs] 
126.828: Total time for which application threads were stopped: 0.0415640 seconds, Stopping threads took: 0.0410590 seconds
126.829: Application time: 0.0005410 seconds
126.869: [GC126.869: [ParNew: 5790K->602K(6144K), 0.0016060 secs] 12780K->12084K(21888K), 0.0016410 secs] [Times: user=0.01 sys=0.00, real=0.00 secs] 
126.871: Total time for which application threads were stopped: 0.0417570 seconds, Stopping threads took: 0.0400620 seconds
126.948: Application time: 0.0770350 seconds
126.971: [CMS-concurrent-abortable-preclean: 0.000/0.272 secs] [Times: user=1.56 sys=0.04, real=0.28 secs] 
126.989: [GC126.989: [ParNew: 5989K->5989K(6144K), 0.0000130 secs]126.989: [CMS (concurrent mode failure): 11482K->2088K(15744K), 0.0053460 secs] 17472K->2088K(21888K), [CMS Perm : 5114K->5114K(21248K)], 0.0054040 secs] [Times: user=0.00 sys=0.01, real=0.00 secs] 
126.995: Total time for which application threads were stopped: 0.0469550 seconds, Stopping threads took: 0.0414730 seconds
126.996: Application time: 0.0009680 seconds
126.996: [GC126.996: [ParNew: 5466K->630K(6144K), 0.0016650 secs] 7554K->7520K(21888K), 0.0016930 secs] [Times: user=0.01 sys=0.00, real=0.00 secs] 
126.998: Total time for which application threads were stopped: 0.0021130 seconds, Stopping threads took: 0.0003670 seconds
126.998: Application time: 0.0000350 seconds
126.998: [GC [1 CMS-initial-mark: 6890K(15744K)] 7715K(21888K), 0.0001090 secs] [Times: user=0.00 sys=0.00, real=0.00 secs] 
126.998: Total time for which application threads were stopped: 0.0004750 seconds, Stopping threads took: 0.0003200 seconds
126.998: [CMS-concurrent-mark-start]
127.001: [CMS-concurrent-mark: 0.002/0.002 secs] [Times: user=0.01 sys=0.00, real=0.01 secs] 
127.001: [CMS-concurrent-preclean-start]
127.001: [CMS-concurrent-preclean: 0.000/0.000 secs] [Times: user=0.00 sys=0.00, real=0.00 secs] 
127.001: [CMS-concurrent-abortable-preclean-start]
127.095: Application time: 0.0964940 seconds
127.146: [GC127.147: [ParNew: 6017K->402K(6144K), 0.0004830 secs] 12908K->7713K(21888K), 0.0005170 secs] [Times: user=0.00 sys=0.00, real=0.00 secs] 
127.147: Total time for which application threads were stopped: 0.0522890 seconds, Stopping threads took: 0.0517110 seconds
127.148: Application time: 0.0008200 seconds
127.188: [GC127.188: [ParNew: 5790K->602K(6144K), 0.0015800 secs] 13101K->12405K(21888K), 0.0016210 secs] [Times: user=0.01 sys=0.00, real=0.00 secs] 
127.189: Total time for which application threads were stopped: 0.0416340 seconds, Stopping threads took: 0.0399600 seconds
127.268: Application time: 0.0788250 seconds
127.269: [GC127.269: [ParNew: 6087K->6087K(6144K), 0.0000150 secs]127.269: [CMS127.269: [CMS-concurrent-abortable-preclean: 0.001/0.268 secs] [Times: user=1.61 sys=0.05, real=0.27 secs] 
 (concurrent mode failure): 11803K->3260K(15744K), 0.0068620 secs] 17890K->3260K(21888K), [CMS Perm : 5114K->5114K(21248K)], 0.0069270 secs] [Times: user=0.00 sys=0.00, real=0.00 secs] 
127.276: Total time for which application threads were stopped: 0.0078170 seconds, Stopping threads took: 0.0007910 seconds
127.277: Application time: 0.0013240 seconds
127.336: [GC127.336: [ParNew: 5464K->628K(6144K), 0.0009980 secs] 8724K->6631K(21888K), 0.0010280 secs] [Times: user=0.01 sys=0.00, real=0.00 secs] 
127.337: Total time for which application threads were stopped: 0.0596170 seconds, Stopping threads took: 0.0585130 seconds
127.337: Application time: 0.0000470 seconds
127.377: [GC [1 CMS-initial-mark: 6003K(15744K)] 7026K(21888K), 0.0001130 secs] [Times: user=0.00 sys=0.00, real=0.00 secs] 
127.377: Total time for which application threads were stopped: 0.0400770 seconds, Stopping threads took: 0.0399150 seconds
127.377: [CMS-concurrent-mark-start]
127.378: Application time: 0.0012690 seconds
127.454: [GC127.454: [ParNew: 6113K->600K(6144K), 0.0005120 secs] 12117K->7031K(21888K), 0.0005450 secs] [Times: user=0.01 sys=0.00, real=0.00 secs] 
127.455: Total time for which application threads were stopped: 0.0765710 seconds, Stopping threads took: 0.0759480 seconds
127.457: Application time: 0.0019570 seconds
127.532: [GC127.532: [ParNew: 6086K->14K(6144K), 0.0002470 secs] 12517K->6445K(21888K), 0.0002780 secs] [Times: user=0.00 sys=0.00, real=0.00 secs] 
127.532: Total time for which application threads were stopped: 0.0752910 seconds, Stopping threads took: 0.0749600 seconds
127.533: Application time: 0.0006720 seconds
127.533: [GC127.533: [ParNew: 5499K->600K(6144K), 0.0014530 secs] 11931K->11914K(21888K), 0.0014830 secs] [Times: user=0.01 sys=0.00, real=0.00 secs] 
127.535: Total time for which application threads were stopped: 0.0016190 seconds, Stopping threads took: 0.0000820 seconds
127.536: [CMS-concurrent-mark: 0.005/0.159 secs] [Times: user=0.92 sys=0.11, real=0.16 secs] 
127.536: [CMS-concurrent-preclean-start]
127.536: [CMS-concurrent-preclean: 0.000/0.000 secs] [Times: user=0.00 sys=0.00, real=0.00 secs] 
127.536: [CMS-concurrent-abortable-preclean-start]
127.612: Application time: 0.0774300 seconds
127.636: [CMS-concurrent-abortable-preclean: 0.000/0.100 secs] [Times: user=0.66 sys=0.00, real=0.10 secs] 
127.654: [GC127.654: [ParNew: 6066K->6066K(6144K), 0.0000120 secs]127.654: [CMS (concurrent mode failure): 11314K->2479K(15744K), 0.0058830 secs] 17380K->2479K(21888K), [CMS Perm : 5114K->5114K(21248K)], 0.0059400 secs] [Times: user=0.01 sys=0.00, real=0.01 secs] 
127.660: Total time for which application threads were stopped: 0.0476430 seconds, Stopping threads took: 0.0416420 seconds
127.661: Application time: 0.0009840 seconds
127.701: [GC127.701: [ParNew: 5386K->602K(6144K), 0.0016580 secs] 7865K->7588K(21888K), 0.0016870 secs] [Times: user=0.01 sys=0.00, real=0.00 secs] 
127.702: Total time for which application threads were stopped: 0.0416520 seconds, Stopping threads took: 0.0398920 seconds
127.702: Application time: 0.0000460 seconds
127.703: [GC [1 CMS-initial-mark: 6986K(15744K)] 8375K(21888K), 0.0001050 secs] [Times: user=0.00 sys=0.00, real=0.00 secs] 
127.703: Total time for which application threads were stopped: 0.0003100 seconds, Stopping threads took: 0.0001610 seconds
127.703: [CMS-concurrent-mark-start]
127.706: [CMS-concurrent-mark: 0.003/0.003 secs] [Times: user=0.01 sys=0.00, real=0.00 secs] 
127.706: [CMS-concurrent-preclean-start]
127.706: [CMS-concurrent-preclean: 0.000/0.000 secs] [Times: user=0.00 sys=0.00, real=0.00 secs] 
127.706: [CMS-concurrent-abortable-preclean-start]
127.789: Application time: 0.0865610 seconds
127.847: [GC127.847: [ParNew: 6087K->205K(6144K), 0.0004490 secs] 13073K->7194K(21888K), 0.0004840 secs] [Times: user=0.00 sys=0.00, real=0.00 secs] 
127.847: Total time for which application threads were stopped: 0.0579020 seconds, Stopping threads took: 0.0573350 seconds
127.848: Application time: 0.0006170 seconds
127.848: [GC127.848: [ParNew: 5574K->630K(6144K), 0.0015410 secs] 12563K->12502K(21888K), 0.0015750 secs] [Times: user=0.01 sys=0.00, real=0.00 secs] 
127.850: Total time for which application threads were stopped: 0.0020600 seconds, Stopping threads took: 0.0004330 seconds
127.928: Application time: 0.0778090 seconds
127.930: [GC127.930: [ParNew: 6076K->6076K(6144K), 0.0000130 secs]127.930: [CMS127.930: [CMS-concurrent-abortable-preclean: 0.000/0.224 secs] [Times: user=1.48 sys=0.02, real=0.23 secs] 
 (concurrent mode failure): 11872K->3456K(15744K), 0.0061360 secs] 17948K->3456K(21888K), [CMS Perm : 5114K->5114K(21248K)], 0.0062020 secs] [Times: user=0.01 sys=0.00, real=0.00 secs] 
127.936: Total time for which application threads were stopped: 0.0085890 seconds, Stopping threads took: 0.0022960 seconds
127.937: Application time: 0.0011940 seconds
127.989: [GC127.989: [ParNew: 5485K->598K(6144K), 0.0013120 secs] 8941K->7482K(21888K), 0.0013470 secs] [Times: user=0.01 sys=0.00, real=0.00 secs] 
127.991: Total time for which application threads were stopped: 0.0530930 seconds, Stopping threads took: 0.0516710 seconds
127.991: Application time: 0.0000520 seconds
127.991: [GC [1 CMS-initial-mark: 6884K(15744K)] 7779K(21888K), 0.0001120 secs] [Times: user=0.00 sys=0.00, real=0.00 secs] 
127.991: Total time for which application threads were stopped: 0.0002370 seconds, Stopping threads took: 0.0000770 seconds
127.991: [CMS-concurrent-mark-start]
127.997: [CMS-concurrent-mark: 0.006/0.006 secs] [Times: user=0.04 sys=0.01, real=0.00 secs] 
127.997: [CMS-concurrent-preclean-start]
127.997: [CMS-concurrent-preclean: 0.000/0.000 secs] [Times: user=0.00 sys=0.00, real=0.00 secs] 
127.997: [CMS-concurrent-abortable-preclean-start]
128.075: Application time: 0.0840920 seconds
128.119: [GC128.119: [ParNew: 6083K->211K(6144K), 0.0004520 secs] 12968K->7098K(21888K), 0.0004850 secs] [Times: user=0.00 sys=0.00, real=0.00 secs] 
128.119: Total time for which application threads were stopped: 0.0443480 seconds, Stopping threads took: 0.0437890 seconds
128.120: Application time: 0.0006490 seconds
128.120: [GC128.120: [ParNew: 5580K->628K(6144K), 0.0016510 secs] 12467K->12400K(21888K), 0.0016840 secs] [Times: user=0.01 sys=0.00, real=0.00 secs] 
128.122: Total time for which application threads were stopped: 0.0021300 seconds, Stopping threads took: 0.0003930 seconds
128.200: Application time: 0.0784430 seconds
128.222: [CMS-concurrent-abortable-preclean: 0.000/0.225 secs] [Times: user=1.39 sys=0.03, real=0.23 secs] 
128.241: [GC128.241: [ParNew: 6015K->6015K(6144K), 0.0000130 secs]128.241: [CMS (concurrent mode failure): 11772K->2479K(15744K), 0.0060780 secs] 17788K->2479K(21888K), [CMS Perm : 5115K->5115K(21248K)], 0.0061340 secs] [Times: user=0.01 sys=0.00, real=0.00 secs] 
128.247: Total time for which application threads were stopped: 0.0467930 seconds, Stopping threads took: 0.0405750 seconds
128.248: Application time: 0.0010990 seconds
128.288: [GC128.288: [ParNew: 5388K->600K(6144K), 0.0016290 secs] 7867K->7586K(21888K), 0.0016570 secs] [Times: user=0.01 sys=0.00, real=0.00 secs] 
128.290: Total time for which application threads were stopped: 0.0416380 seconds, Stopping threads took: 0.0399100 seconds
128.290: Application time: 0.0000550 seconds
128.290: [GC [1 CMS-initial-mark: 6986K(15744K)] 8571K(21888K), 0.0001050 secs] [Times: user=0.00 sys=0.00, real=0.00 secs] 
128.291: Total time for which application threads were stopped: 0.0004420 seconds, Stopping threads took: 0.0002920 seconds
128.291: [CMS-concurrent-mark-start]
128.294: [CMS-concurrent-mark: 0.003/0.003 secs] [Times: user=0.02 sys=0.00, real=0.00 secs] 
128.294: [CMS-concurrent-preclean-start]
128.294: [CMS-concurrent-preclean: 0.000/0.000 secs] [Times: user=0.00 sys=0.00, real=0.00 secs] 
128.294: [CMS-concurrent-abortable-preclean-start]
128.376: Application time: 0.0855160 seconds
128.435: [GC128.435: [ParNew: 6085K->207K(6144K), 0.0003050 secs] 13071K->7194K(21888K), 0.0003380 secs] [Times: user=0.01 sys=0.00, real=0.00 secs] 
128.435: Total time for which application threads were stopped: 0.0592790 seconds, Stopping threads took: 0.0588550 seconds
128.436: Application time: 0.0005180 seconds
128.436: [GC128.436: [ParNew: 5497K->602K(6144K), 0.0017710 secs] 12485K->12472K(21888K), 0.0018040 secs] [Times: user=0.01 sys=0.00, real=0.00 secs] 
128.438: Total time for which application threads were stopped: 0.0023170 seconds, Stopping threads took: 0.0004400 seconds
128.516: Application time: 0.0778670 seconds
128.518: [GC128.518: [ParNew: 6087K->6087K(6144K), 0.0000130 secs]128.518: [CMS128.518: [CMS-concurrent-abortable-preclean: 0.000/0.224 secs] [Times: user=1.46 sys=0.04, real=0.22 secs] 
 (concurrent mode failure): 11870K->3651K(15744K), 0.0061580 secs] 17957K->3651K(21888K), [CMS Perm : 5115K->5115K(21248K)], 0.0062250 secs] [Times: user=0.01 sys=0.00, real=0.01 secs] 
128.524: Total time for which application threads were stopped: 0.0084600 seconds, Stopping threads took: 0.0021640 seconds
128.526: Application time: 0.0012750 seconds
128.595: [GC128.595: [ParNew: 5485K->600K(6144K), 0.0012190 secs] 9137K->7189K(21888K), 0.0012550 secs] [Times: user=0.01 sys=0.00, real=0.00 secs] 
128.596: Total time for which application threads were stopped: 0.0705090 seconds, Stopping threads took: 0.0691800 seconds
128.596: Application time: 0.0000550 seconds
128.596: [GC [1 CMS-initial-mark: 6589K(15744K)] 7389K(21888K), 0.0000980 secs] [Times: user=0.00 sys=0.00, real=0.00 secs] 
128.596: Total time for which application threads were stopped: 0.0001550 seconds, Stopping threads took: 0.0000360 seconds
128.596: [CMS-concurrent-mark-start]
128.603: [CMS-concurrent-mark: 0.006/0.006 secs] [Times: user=0.03 sys=0.00, real=0.01 secs] 
128.603: [CMS-concurrent-preclean-start]
128.603: [CMS-concurrent-preclean: 0.000/0.000 secs] [Times: user=0.00 sys=0.00, real=0.00 secs] 
128.603: [CMS-concurrent-abortable-preclean-start]
128.682: Application time: 0.0852180 seconds
128.694: [GC128.694: [ParNew: 6085K->404K(6144K), 0.0004900 secs] 12675K->6999K(21888K), 0.0005230 secs] [Times: user=0.01 sys=0.00, real=0.00 secs] 
128.695: Total time for which application threads were stopped: 0.0129700 seconds, Stopping threads took: 0.0123800 seconds
128.695: Application time: 0.0005290 seconds
128.695: [GC128.695: [ParNew: 5675K->630K(6144K), 0.0017830 secs] 12270K->12209K(21888K), 0.0018140 secs] [Times: user=0.01 sys=0.00, real=0.00 secs] 
128.697: Total time for which application threads were stopped: 0.0021060 seconds, Stopping threads took: 0.0002390 seconds
128.776: Application time: 0.0782140 seconds
128.797: [CMS-concurrent-abortable-preclean: 0.000/0.194 secs] [Times: user=1.41 sys=0.01, real=0.19 secs] 
128.816: [GC128.816: [ParNew: 6017K->6017K(6144K), 0.0000140 secs]128.816: [CMS (concurrent mode failure): 11579K->1503K(15744K), 0.0064210 secs] 17597K->1503K(21888K), [CMS Perm : 5115K->5115K(21248K)], 0.0064760 secs] [Times: user=0.00 sys=0.00, real=0.01 secs] 
128.823: Total time for which application threads were stopped: 0.0472470 seconds, Stopping threads took: 0.0406880 seconds
128.824: Application time: 0.0010160 seconds
128.824: [GC128.824: [ParNew: 5483K->600K(6144K), 0.0014170 secs] 6986K->7000K(21888K), 0.0014460 secs] [Times: user=0.01 sys=0.00, real=0.00 secs] 
128.826: Total time for which application threads were stopped: 0.0018530 seconds, Stopping threads took: 0.0003350 seconds
128.826: Application time: 0.0000430 seconds
128.826: [GC [1 CMS-initial-mark: 6400K(15744K)] 7495K(21888K), 0.0001060 secs] [Times: user=0.00 sys=0.00, real=0.00 secs] 
128.826: Total time for which application threads were stopped: 0.0002990 seconds, Stopping threads took: 0.0001460 seconds
128.826: [CMS-concurrent-mark-start]
128.830: [CMS-concurrent-mark: 0.003/0.003 secs] [Times: user=0.02 sys=0.00, real=0.01 secs] 
128.830: [CMS-concurrent-preclean-start]
128.830: [CMS-concurrent-preclean: 0.000/0.000 secs] [Times: user=0.00 sys=0.00, real=0.00 secs] 
128.830: [CMS-concurrent-abortable-preclean-start]
128.920: Application time: 0.0940130 seconds
128.973: [GC128.973: [ParNew: 6085K->404K(6144K), 0.0006400 secs] 12486K->6808K(21888K), 0.0006740 secs] [Times: user=0.01 sys=0.00, real=0.00 secs] 
128.974: Total time for which application threads were stopped: 0.0535720 seconds, Stopping threads took: 0.0528160 seconds
128.974: Application time: 0.0004830 seconds
128.974: [GC128.974: [ParNew: 5888K->600K(6144K), 0.0018970 secs] 12292K->12278K(21888K), 0.0019300 secs] [Times: user=0.01 sys=0.00, real=0.00 secs] 
128.976: Total time for which application threads were stopped: 0.0023750 seconds, Stopping threads took: 0.0003910 seconds
129.054: Application time: 0.0773920 seconds
129.077: [CMS-concurrent-abortable-preclean: 0.000/0.247 secs] [Times: user=1.54 sys=0.05, real=0.24 secs] 
129.095: [GC129.095: [ParNew: 5987K->5987K(6144K), 0.0000130 secs]129.095: [CMS (concurrent mode failure): 11677K->2870K(15744K), 0.0059720 secs] 17665K->2870K(21888K), [CMS Perm : 5115K->5115K(21248K)], 0.0060320 secs] [Times: user=0.01 sys=0.00, real=0.01 secs] 
129.101: Total time for which application threads were stopped: 0.0468730 seconds, Stopping threads took: 0.0407560 seconds
129.102: Application time: 0.0012030 seconds
129.142: [GC129.142: [ParNew: 5466K->532K(6144K), 0.0016600 secs] 8336K->7710K(21888K), 0.0016980 secs] [Times: user=0.01 sys=0.00, real=0.00 secs] 
129.144: Total time for which application threads were stopped: 0.0422640 seconds, Stopping threads took: 0.0405070 seconds
129.144: Application time: 0.0000450 seconds
129.184: [GC [1 CMS-initial-mark: 7177K(15744K)] 7812K(21888K), 0.0000930 secs] [Times: user=0.00 sys=0.00, real=0.00 secs] 
129.184: Total time for which application threads were stopped: 0.0398470 seconds, Stopping threads took: 0.0397330 seconds
129.184: [CMS-concurrent-mark-start]
129.188: [CMS-concurrent-mark: 0.003/0.003 secs] [Times: user=0.02 sys=0.00, real=0.01 secs] 
129.188: [CMS-concurrent-preclean-start]
129.188: [CMS-concurrent-preclean: 0.000/0.000 secs] [Times: user=0.00 sys=0.00, real=0.00 secs] 
129.188: [CMS-concurrent-abortable-preclean-start]
129.267: Application time: 0.0830430 seconds
129.287: [GC129.287: [ParNew: 5822K->404K(6144K), 0.0004390 secs] 13000K->7618K(21888K), 0.0004720 secs] [Times: user=0.00 sys=0.00, real=0.00 secs] 
129.287: Total time for which application threads were stopped: 0.0200050 seconds, Stopping threads took: 0.0194510 seconds
129.288: Application time: 0.0006580 seconds
129.288: [GC129.288: [ParNew: 5851K->634K(6144K), 0.0015930 secs] 13065K->12950K(21888K), 0.0016290 secs] [Times: user=0.01 sys=0.00, real=0.00 secs] 
129.290: Total time for which application threads were stopped: 0.0019770 seconds, Stopping threads took: 0.0002740 seconds
129.368: Application time: 0.0782810 seconds
129.369: [GC129.369: [ParNew: 6119K->6119K(6144K), 0.0000150 secs]129.369: [CMS129.369: [CMS-concurrent-abortable-preclean: 0.000/0.181 secs] [Times: user=1.35 sys=0.01, real=0.18 secs] 
 (concurrent mode failure): 12316K->3846K(15744K), 0.0068880 secs] 18435K->3846K(21888K), [CMS Perm : 5115K->5115K(21248K)], 0.0069530 secs] [Times: user=0.00 sys=0.00, real=0.00 secs] 
129.376: Total time for which application threads were stopped: 0.0076440 seconds, Stopping threads took: 0.0006210 seconds
129.377: Application time: 0.0011920 seconds
129.452: [GC129.452: [ParNew: 5485K->600K(6144K), 0.0012770 secs] 9332K->7385K(21888K), 0.0013110 secs] [Times: user=0.01 sys=0.00, real=0.00 secs] 
129.454: Total time for which application threads were stopped: 0.0767640 seconds, Stopping threads took: 0.0753960 seconds
129.467: Application time: 0.0138420 seconds
129.557: [GC [1 CMS-initial-mark: 6784K(15744K)] 12363K(21888K), 0.0001380 secs] [Times: user=0.00 sys=0.00, real=0.00 secs] 
129.557: Total time for which application threads were stopped: 0.0897090 seconds, Stopping threads took: 0.0895180 seconds
129.557: [CMS-concurrent-mark-start]
129.557: Application time: 0.0001080 seconds
129.558: [GC129.558: [ParNew: 5968K->434K(6144K), 0.0004030 secs] 12753K->7219K(21888K), 0.0004230 secs] [Times: user=0.00 sys=0.00, real=0.00 secs] 
129.558: Total time for which application threads were stopped: 0.0006780 seconds, Stopping threads took: 0.0002230 seconds
129.559: Application time: 0.0007670 seconds
129.559: [GC129.559: [ParNew: 5918K->590K(6144K), 0.0017700 secs] 12703K->12686K(21888K), 0.0018010 secs] [Times: user=0.02 sys=0.00, real=0.01 secs] 
129.561: Total time for which application threads were stopped: 0.0021860 seconds, Stopping threads took: 0.0003360 seconds
129.563: [CMS-concurrent-mark: 0.003/0.006 secs] [Times: user=0.03 sys=0.00, real=0.01 secs] 
129.563: [CMS-concurrent-preclean-start]
129.563: [CMS-concurrent-preclean: 0.000/0.000 secs] [Times: user=0.00 sys=0.00, real=0.00 secs] 
129.563: Application time: 0.0024420 seconds
129.632: [GC[YG occupancy: 2555 K (6144 K)]129.632: [Rescan (parallel) , 0.0002210 secs]129.632: [weak refs processing, 0.0000070 secs]129.632: [scrub string table, 0.0001090 secs] [1 CMS-remark: 12096K(15744K)] 14652K(21888K), 0.0003800 secs] [Times: user=0.01 sys=0.00, real=0.00 secs] 
129.632: Total time for which application threads were stopped: 0.0687360 seconds, Stopping threads took: 0.0683290 seconds
129.632: [CMS-concurrent-sweep-start]
129.633: [CMS-concurrent-sweep: 0.000/0.000 secs] [Times: user=0.00 sys=0.00, real=0.00 secs] 
129.633: [CMS-concurrent-reset-start]
129.633: [CMS-concurrent-reset: 0.000/0.000 secs] [Times: user=0.00 sys=0.00, real=0.00 secs] 
129.633: Application time: 0.0012720 seconds
129.708: [GC129.708: [ParNew: 6075K->600K(6144K), 0.0008770 secs] 12689K->9362K(21888K), 0.0009110 secs] [Times: user=0.00 sys=0.00, real=0.00 secs] 
129.709: Total time for which application threads were stopped: 0.0758110 seconds, Stopping threads took: 0.0748330 seconds
129.709: Application time: 0.0000570 seconds
129.710: [GC [1 CMS-initial-mark: 8762K(15744K)] 10148K(21888K), 0.0000840 secs] [Times: user=0.00 sys=0.00, real=0.00 secs] 
129.710: Total time for which application threads were stopped: 0.0003810 seconds, Stopping threads took: 0.0002540 seconds
129.710: [CMS-concurrent-mark-start]
129.713: [CMS-concurrent-mark: 0.003/0.003 secs] [Times: user=0.02 sys=0.00, real=0.00 secs] 
129.713: [CMS-concurrent-preclean-start]
129.713: [CMS-concurrent-preclean: 0.000/0.000 secs] [Times: user=0.00 sys=0.00, real=0.00 secs] 
129.713: [CMS-concurrent-abortable-preclean-start]
129.719: Application time: 0.0097950 seconds
129.787: [GC129.787: [ParNew: 6083K->207K(6144K), 0.0002690 secs] 14846K->8970K(21888K), 0.0002960 secs] [Times: user=0.00 sys=0.00, real=0.00 secs] 
129.787: Total time for which application threads were stopped: 0.0676710 seconds, Stopping threads took: 0.0673020 seconds
129.788: Application time: 0.0007370 seconds
129.829: [GC129.829: [ParNew: 5576K->630K(6144K), 0.0014970 secs] 14339K->13690K(21888K), 0.0015330 secs] [Times: user=0.01 sys=0.00, real=0.00 secs] 
129.831: Total time for which application threads were stopped: 0.0429520 seconds, Stopping threads took: 0.0413620 seconds
129.910: Application time: 0.0789080 seconds
129.912: [GC129.912: [ParNew: 6052K->6052K(6144K), 0.0000130 secs]129.912: [CMS129.912: [CMS-concurrent-abortable-preclean: 0.000/0.199 secs] [Times: user=1.20 sys=0.05, real=0.20 secs] 
 (concurrent mode failure): 13060K->2846K(15744K), 0.0060020 secs] 19113K->2846K(21888K), [CMS Perm : 5115K->5115K(21248K)], 0.0060680 secs] [Times: user=0.01 sys=0.00, real=0.00 secs] 
129.918: Total time for which application threads were stopped: 0.0082460 seconds, Stopping threads took: 0.0021100 seconds
129.919: Application time: 0.0009890 seconds
129.959: [GC129.959: [ParNew: 5412K->626K(6144K), 0.0014300 secs] 8258K->7979K(21888K), 0.0014600 secs] [Times: user=0.01 sys=0.00, real=0.01 secs] 
129.960: Total time for which application threads were stopped: 0.0412490 seconds, Stopping threads took: 0.0397290 seconds
129.960: Application time: 0.0000480 seconds
129.961: [GC [1 CMS-initial-mark: 7352K(15744K)] 8573K(21888K), 0.0000850 secs] [Times: user=0.00 sys=0.00, real=0.00 secs] 
129.961: Total time for which application threads were stopped: 0.0003710 seconds, Stopping threads took: 0.0002420 seconds
129.961: [CMS-concurrent-mark-start]
129.967: [CMS-concurrent-mark: 0.006/0.006 secs] [Times: user=0.02 sys=0.00, real=0.00 secs] 
129.967: [CMS-concurrent-preclean-start]
129.967: [CMS-concurrent-preclean: 0.000/0.000 secs] [Times: user=0.00 sys=0.00, real=0.00 secs] 
129.967: [CMS-concurrent-abortable-preclean-start]
130.042: Application time: 0.0815690 seconds
130.085: [GC130.085: [ParNew: 6111K->598K(6144K), 0.0004790 secs] 13464K->7977K(21888K), 0.0005110 secs] [Times: user=0.00 sys=0.00, real=0.00 secs] 
130.085: Total time for which application threads were stopped: 0.0431390 seconds, Stopping threads took: 0.0425400 seconds
130.086: Application time: 0.0005210 seconds
130.086: [GC130.086: [ParNew: 5888K->596K(6144K), 0.0019460 secs] 13268K->13250K(21888K), 0.0019780 secs] [Times: user=0.01 sys=0.00, real=0.01 secs] 
130.088: Total time for which application threads were stopped: 0.0025100 seconds, Stopping threads took: 0.0004580 seconds
130.166: Application time: 0.0773610 seconds
130.189: [CMS-concurrent-abortable-preclean: 0.000/0.221 secs] [Times: user=1.41 sys=0.04, real=0.23 secs] 
130.209: [GC130.209: [ParNew: 5983K->5983K(6144K), 0.0000130 secs]130.209: [CMS (concurrent mode failure): 12654K->2870K(15744K), 0.0058180 secs] 18637K->2870K(21888K), [CMS Perm : 5115K->5115K(21248K)], 0.0058710 secs] [Times: user=0.01 sys=0.00, real=0.00 secs] 
130.215: Total time for which application threads were stopped: 0.0489260 seconds, Stopping threads took: 0.0429740 seconds
130.216: Application time: 0.0010640 seconds
130.268: [GC130.268: [ParNew: 5485K->602K(6144K), 0.0016950 secs] 8356K->7782K(21888K), 0.0017290 secs] [Times: user=0.01 sys=0.00, real=0.00 secs] 
130.270: Total time for which application threads were stopped: 0.0540060 seconds, Stopping threads took: 0.0522200 seconds
130.270: Application time: 0.0000520 seconds
130.270: [GC [1 CMS-initial-mark: 7180K(15744K)] 8372K(21888K), 0.0000960 secs] [Times: user=0.00 sys=0.00, real=0.00 secs] 
130.270: Total time for which application threads were stopped: 0.0002030 seconds, Stopping threads took: 0.0000620 seconds
130.270: [CMS-concurrent-mark-start]
130.276: [CMS-concurrent-mark: 0.006/0.006 secs] [Times: user=0.04 sys=0.00, real=0.00 secs] 
130.277: [CMS-concurrent-preclean-start]
130.277: [CMS-concurrent-preclean: 0.000/0.000 secs] [Times: user=0.00 sys=0.00, real=0.00 secs] 
130.277: [CMS-concurrent-abortable-preclean-start]
130.358: Application time: 0.0879560 seconds
130.401: [GC130.401: [ParNew: 5794K->404K(6144K), 0.0004520 secs] 12974K->7588K(21888K), 0.0004870 secs] [Times: user=0.01 sys=0.00, real=0.00 secs] 
130.402: Total time for which application threads were stopped: 0.0438530 seconds, Stopping threads took: 0.0432920 seconds
130.402: Application time: 0.0005510 seconds
130.403: [GC130.403: [ParNew: 5888K->600K(6144K), 0.0016620 secs] 13071K->13059K(21888K), 0.0016960 secs] [Times: user=0.01 sys=0.00, real=0.00 secs] 
130.405: Total time for which application threads were stopped: 0.0022000 seconds, Stopping threads took: 0.0004490 seconds
130.482: Application time: 0.0777210 seconds
130.505: [CMS-concurrent-abortable-preclean: 0.000/0.228 secs] [Times: user=1.43 sys=0.04, real=0.23 secs] 
130.523: [GC130.523: [ParNew: 6065K->6065K(6144K), 0.0000130 secs]130.523: [CMS (concurrent mode failure): 12459K->2870K(15744K), 0.0060660 secs] 18525K->2870K(21888K), [CMS Perm : 5116K->5116K(21248K)], 0.0061200 secs] [Times: user=0.00 sys=0.00, real=0.01 secs] 
130.529: Total time for which application threads were stopped: 0.0466690 seconds, Stopping threads took: 0.0404650 seconds
130.530: Application time: 0.0013400 seconds
130.582: [GC130.582: [ParNew: 5485K->600K(6144K), 0.0013900 secs] 8356K->7780K(21888K), 0.0014310 secs] [Times: user=0.01 sys=0.00, real=0.00 secs] 
130.584: Total time for which application threads were stopped: 0.0532740 seconds, Stopping threads took: 0.0517660 seconds
130.584: Application time: 0.0000760 seconds
130.584: [GC [1 CMS-initial-mark: 7180K(15744K)] 8374K(21888K), 0.0000970 secs] [Times: user=0.00 sys=0.00, real=0.00 secs] 
130.584: Total time for which application threads were stopped: 0.0002990 seconds, Stopping threads took: 0.0001780 seconds
130.584: [CMS-concurrent-mark-start]
130.591: [CMS-concurrent-mark: 0.007/0.007 secs] [Times: user=0.03 sys=0.00, real=0.01 secs] 
130.591: [CMS-concurrent-preclean-start]
130.591: [CMS-concurrent-preclean: 0.000/0.000 secs] [Times: user=0.00 sys=0.00, real=0.00 secs] 
130.591: [CMS-concurrent-abortable-preclean-start]
130.672: Application time: 0.0882970 seconds
130.712: [GC130.712: [ParNew: 5792K->406K(6144K), 0.0003460 secs] 12973K->7592K(21888K), 0.0003810 secs] [Times: user=0.00 sys=0.00, real=0.00 secs] 
130.713: Total time for which application threads were stopped: 0.0402270 seconds, Stopping threads took: 0.0397830 seconds
130.713: Application time: 0.0005150 seconds
130.713: [GC130.713: [ParNew: 5890K->600K(6144K), 0.0017120 secs] 13076K->13059K(21888K), 0.0017460 secs] [Times: user=0.01 sys=0.00, real=0.00 secs] 
130.715: Total time for which application threads were stopped: 0.0021100 seconds, Stopping threads took: 0.0003110 seconds
130.793: Application time: 0.0780060 seconds
130.815: [CMS-concurrent-abortable-preclean: 0.000/0.224 secs] [Times: user=1.41 sys=0.04, real=0.22 secs] 
130.839: [GC130.839: [ParNew: 5987K->5987K(6144K), 0.0000130 secs]130.839: [CMS (concurrent mode failure): 12459K->2870K(15744K), 0.0051080 secs] 18447K->2870K(21888K), [CMS Perm : 5116K->5116K(21248K)], 0.0051640 secs] [Times: user=0.01 sys=0.00, real=0.01 secs] 
130.844: Total time for which application threads were stopped: 0.0510780 seconds, Stopping threads took: 0.0458510 seconds
130.845: Application time: 0.0009500 seconds
130.885: [GC130.885: [ParNew: 5485K->504K(6144K), 0.0014890 secs] 8356K->8077K(21888K), 0.0015220 secs] [Times: user=0.01 sys=0.00, real=0.00 secs] 
130.887: Total time for which application threads were stopped: 0.0413400 seconds, Stopping threads took: 0.0397600 seconds
130.887: Application time: 0.0000590 seconds
130.887: [GC [1 CMS-initial-mark: 7572K(15744K)] 8866K(21888K), 0.0000960 secs] [Times: user=0.00 sys=0.00, real=0.00 secs] 
130.887: Total time for which application threads were stopped: 0.0002730 seconds, Stopping threads took: 0.0001530 seconds
130.887: [CMS-concurrent-mark-start]
130.890: [CMS-concurrent-mark: 0.004/0.004 secs] [Times: user=0.02 sys=0.00, real=0.01 secs] 
130.890: [CMS-concurrent-preclean-start]
130.891: [CMS-concurrent-preclean: 0.000/0.000 secs] [Times: user=0.00 sys=0.00, real=0.00 secs] 
130.891: [CMS-concurrent-abortable-preclean-start]
130.972: Application time: 0.0855890 seconds
131.021: [GC131.021: [ParNew: 5989K->600K(6144K), 0.0008280 secs] 13562K->9347K(21888K), 0.0008650 secs] [Times: user=0.00 sys=0.00, real=0.00 secs] 
131.022: Total time for which application threads were stopped: 0.0498100 seconds, Stopping threads took: 0.0488690 seconds
131.023: Application time: 0.0008770 seconds
131.067: [GC131.067: [ParNew: 6066K->532K(6144K), 0.0016050 secs] 14814K->13773K(21888K), 0.0016480 secs] [Times: user=0.02 sys=0.00, real=0.01 secs] 
131.069: Total time for which application threads were stopped: 0.0457820 seconds, Stopping threads took: 0.0440710 seconds
131.147: Application time: 0.0778800 seconds
131.169: [CMS-concurrent-abortable-preclean: 0.000/0.279 secs] [Times: user=1.52 sys=0.09, real=0.28 secs] 
131.188: [GC131.188: [ParNew: 5705K->5705K(6144K), 0.0000140 secs]131.188: [CMS (concurrent mode failure): 13240K->1699K(15744K), 0.0060970 secs] 18946K->1699K(21888K), [CMS Perm : 5116K->5116K(21248K)], 0.0061520 secs] [Times: user=0.01 sys=0.00, real=0.00 secs] 
131.194: Total time for which application threads were stopped: 0.0476560 seconds, Stopping threads took: 0.0414100 seconds
131.195: Application time: 0.0008740 seconds
131.196: [GC131.196: [ParNew: 5483K->602K(6144K), 0.0016680 secs] 7183K->7200K(21888K), 0.0016960 secs] [Times: user=0.00 sys=0.00, real=0.00 secs] 
131.198: Total time for which application threads were stopped: 0.0022880 seconds, Stopping threads took: 0.0005190 seconds
131.198: Application time: 0.0000410 seconds
131.198: [GC [1 CMS-initial-mark: 6598K(15744K)] 7591K(21888K), 0.0000940 secs] [Times: user=0.00 sys=0.00, real=0.00 secs] 
131.198: Total time for which application threads were stopped: 0.0003020 seconds, Stopping threads took: 0.0001740 seconds
131.198: [CMS-concurrent-mark-start]
131.202: [CMS-concurrent-mark: 0.004/0.004 secs] [Times: user=0.02 sys=0.00, real=0.01 secs] 
131.202: [CMS-concurrent-preclean-start]
131.202: [CMS-concurrent-preclean: 0.000/0.000 secs] [Times: user=0.00 sys=0.00, real=0.00 secs] 
131.202: [CMS-concurrent-abortable-preclean-start]
131.291: Application time: 0.0933780 seconds
131.350: [GC131.350: [ParNew: 5892K->404K(6144K), 0.0003390 secs] 12490K->7004K(21888K), 0.0015030 secs] [Times: user=0.00 sys=0.00, real=0.00 secs] 
131.352: Total time for which application threads were stopped: 0.0604080 seconds, Stopping threads took: 0.0588310 seconds
131.352: Application time: 0.0005830 seconds
131.353: [GC131.353: [ParNew: 5871K->532K(6144K), 0.0016200 secs] 12471K->12406K(21888K), 0.0016560 secs] [Times: user=0.01 sys=0.00, real=0.00 secs] 
131.354: Total time for which application threads were stopped: 0.0020380 seconds, Stopping threads took: 0.0003060 seconds
131.432: Application time: 0.0775930 seconds
131.434: [GC131.434: [ParNew: 5920K->5920K(6144K), 0.0000130 secs]131.434: [CMS131.434: [CMS-concurrent-abortable-preclean: 0.000/0.232 secs] [Times: user=1.55 sys=0.03, real=0.23 secs] 
 (concurrent mode failure): 11874K->3847K(15744K), 0.0062280 secs] 17794K->3847K(21888K), [CMS Perm : 5116K->5116K(21248K)], 0.0062940 secs] [Times: user=0.01 sys=0.00, real=0.01 secs] 
131.440: Total time for which application threads were stopped: 0.0080670 seconds, Stopping threads took: 0.0016830 seconds
131.441: Application time: 0.0014120 seconds
131.517: [GC131.517: [ParNew: 5466K->630K(6144K), 0.0009620 secs] 9313K->6437K(21888K), 0.0009920 secs] [Times: user=0.01 sys=0.00, real=0.00 secs] 
131.518: Total time for which application threads were stopped: 0.0766850 seconds, Stopping threads took: 0.0756370 seconds
131.518: Application time: 0.0000550 seconds
131.571: [GC [1 CMS-initial-mark: 5806K(15744K)] 6831K(21888K), 0.0001010 secs] [Times: user=0.00 sys=0.00, real=0.00 secs] 
131.571: Total time for which application threads were stopped: 0.0528950 seconds, Stopping threads took: 0.0527510 seconds
131.571: [CMS-concurrent-mark-start]
131.572: Application time: 0.0010170 seconds
131.612: [GC131.612: [ParNew: 6115K->600K(6144K), 0.0011840 secs] 11922K->9571K(21888K), 0.0012160 secs] [Times: user=0.01 sys=0.00, real=0.00 secs] 
131.613: Total time for which application threads were stopped: 0.0410660 seconds, Stopping threads took: 0.0398000 seconds
131.616: [CMS-concurrent-mark: 0.004/0.045 secs] [Times: user=0.13 sys=0.03, real=0.04 secs] 
131.616: [CMS-concurrent-preclean-start]
131.616: [CMS-concurrent-preclean: 0.000/0.000 secs] [Times: user=0.00 sys=0.00, real=0.00 secs] 
131.616: [CMS-concurrent-abortable-preclean-start]
131.690: Application time: 0.0765620 seconds
131.697: [GC131.697: [ParNew: 5890K->402K(6144K), 0.0004190 secs] 14861K->9375K(21888K), 0.0004550 secs] [Times: user=0.00 sys=0.00, real=0.00 secs] 
131.697: Total time for which application threads were stopped: 0.0075640 seconds, Stopping threads took: 0.0070280 seconds
131.698: Application time: 0.0005590 seconds
131.698: [GC131.698: [ParNew: 5886K->600K(6144K), 0.0015340 secs] 14859K->14846K(21888K), 0.0015640 secs] [Times: user=0.01 sys=0.00, real=0.01 secs] 
131.700: Total time for which application threads were stopped: 0.0018910 seconds, Stopping threads took: 0.0002760 seconds
131.778: Application time: 0.0780340 seconds
131.800: [CMS-concurrent-abortable-preclean: 0.000/0.184 secs] [Times: user=1.29 sys=0.02, real=0.19 secs] 
131.820: [GC131.820: [ParNew: 5987K->5987K(6144K), 0.0000140 secs]131.820: [CMS (concurrent mode failure): 14246K->2871K(15744K), 0.0059860 secs] 20234K->2871K(21888K), [CMS Perm : 5116K->5116K(21248K)], 0.0060410 secs] [Times: user=0.01 sys=0.00, real=0.00 secs] 
131.826: Total time for which application threads were stopped: 0.0477950 seconds, Stopping threads took: 0.0416930 seconds
131.827: Application time: 0.0012850 seconds
131.878: [GC131.878: [ParNew: 5447K->634K(6144K), 0.0014120 secs] 8318K->7643K(21888K), 0.0014400 secs] [Times: user=0.01 sys=0.00, real=0.00 secs] 
131.879: Total time for which application threads were stopped: 0.0521740 seconds, Stopping threads took: 0.0506720 seconds
131.879: Application time: 0.0000570 seconds
131.919: [GC [1 CMS-initial-mark: 7009K(15744K)] 7946K(21888K), 0.0001100 secs] [Times: user=0.00 sys=0.00, real=0.00 secs] 
131.919: Total time for which application threads were stopped: 0.0401970 seconds, Stopping threads took: 0.0400610 seconds
131.919: [CMS-concurrent-mark-start]
131.926: [CMS-concurrent-mark: 0.007/0.007 secs] [Times: user=0.03 sys=0.00, real=0.01 secs] 
131.926: [CMS-concurrent-preclean-start]
131.926: [CMS-concurrent-preclean: 0.000/0.000 secs] [Times: user=0.00 sys=0.00, real=0.00 secs] 
131.926: [CMS-concurrent-abortable-preclean-start]
131.926: Application time: 0.0071360 seconds
131.997: [GC131.997: [ParNew: 6100K->432K(6144K), 0.0006200 secs] 13109K->7480K(21888K), 0.0006520 secs] [Times: user=0.01 sys=0.00, real=0.00 secs] 
131.998: Total time for which application threads were stopped: 0.0716620 seconds, Stopping threads took: 0.0709310 seconds
131.999: Application time: 0.0005120 seconds
131.999: [GC131.999: [ParNew: 5821K->504K(6144K), 0.0017700 secs] 12868K->12854K(21888K), 0.0018000 secs] [Times: user=0.01 sys=0.00, real=0.01 secs] 
132.001: Total time for which application threads were stopped: 0.0022340 seconds, Stopping threads took: 0.0003590 seconds
132.079: Application time: 0.0783710 seconds
132.101: [CMS-concurrent-abortable-preclean: 0.000/0.175 secs] [Times: user=1.22 sys=0.05, real=0.18 secs] 
132.120: [GC132.120: [ParNew: 5989K->5989K(6144K), 0.0000130 secs]132.120: [CMS (concurrent mode failure): 12349K->2871K(15744K), 0.0067110 secs] 18339K->2871K(21888K), [CMS Perm : 5116K->5116K(21248K)], 0.0067670 secs] [Times: user=0.01 sys=0.00, real=0.00 secs] 
132.127: Total time for which application threads were stopped: 0.0473240 seconds, Stopping threads took: 0.0404740 seconds
132.127: Application time: 0.0009280 seconds
132.168: [GC132.168: [ParNew: 5485K->504K(6144K), 0.0017280 secs] 8357K->8078K(21888K), 0.0017610 secs] [Times: user=0.01 sys=0.00, real=0.00 secs] 
132.169: Total time for which application threads were stopped: 0.0417930 seconds, Stopping threads took: 0.0399750 seconds
132.169: Application time: 0.0000460 seconds
132.170: [GC [1 CMS-initial-mark: 7573K(15744K)] 8177K(21888K), 0.0001030 secs] [Times: user=0.00 sys=0.00, real=0.00 secs] 
132.170: Total time for which application threads were stopped: 0.0005050 seconds, Stopping threads took: 0.0003580 seconds
132.170: [CMS-concurrent-mark-start]
132.173: [CMS-concurrent-mark: 0.004/0.004 secs] [Times: user=0.01 sys=0.00, real=0.00 secs] 
132.174: [CMS-concurrent-preclean-start]
132.174: [CMS-concurrent-preclean: 0.000/0.000 secs] [Times: user=0.00 sys=0.00, real=0.00 secs] 
132.174: [CMS-concurrent-abortable-preclean-start]
132.260: Application time: 0.0904870 seconds
132.300: [GC132.300: [ParNew: 5989K->602K(6144K), 0.0007590 secs] 13563K->9350K(21888K), 0.0007920 secs] [Times: user=0.00 sys=0.00, real=0.00 secs] 
132.301: Total time for which application threads were stopped: 0.0407190 seconds, Stopping threads took: 0.0398650 seconds
132.302: Application time: 0.0008840 seconds
132.356: [GC132.356: [ParNew: 6087K->602K(6144K), 0.0016400 secs] 14836K->13843K(21888K), 0.0016770 secs] [Times: user=0.01 sys=0.00, real=0.00 secs] 
132.357: Total time for which application threads were stopped: 0.0554310 seconds, Stopping threads took: 0.0536680 seconds
132.435: Application time: 0.0778410 seconds
132.437: [GC132.437: [ParNew: 6087K->6087K(6144K), 0.0000130 secs]132.437: [CMS132.437: [CMS-concurrent-abortable-preclean: 0.000/0.264 secs] [Times: user=1.58 sys=0.05, real=0.26 secs] 
 (concurrent mode failure): 13241K->3261K(15744K), 0.0060600 secs] 19329K->3261K(21888K), [CMS Perm : 5116K->5116K(21248K)], 0.0061270 secs] [Times: user=0.00 sys=0.01, real=0.01 secs] 
132.443: Total time for which application threads were stopped: 0.0082320 seconds, Stopping threads took: 0.0019970 seconds
132.445: Application time: 0.0011390 seconds
132.497: [GC132.497: [ParNew: 5485K->600K(6144K), 0.0014240 secs] 8747K->8171K(21888K), 0.0014560 secs] [Times: user=0.01 sys=0.00, real=0.00 secs] 
132.499: Total time for which application threads were stopped: 0.0541520 seconds, Stopping threads took: 0.0526210 seconds
132.499: Application time: 0.0001380 seconds
132.551: [GC [1 CMS-initial-mark: 7571K(15744K)] 9160K(21888K), 0.0000930 secs] [Times: user=0.00 sys=0.00, real=0.00 secs] 
132.552: Total time for which application threads were stopped: 0.0526530 seconds, Stopping threads took: 0.0525360 seconds
132.552: [CMS-concurrent-mark-start]
132.555: [CMS-concurrent-mark: 0.004/0.004 secs] [Times: user=0.01 sys=0.00, real=0.00 secs] 
132.555: [CMS-concurrent-preclean-start]
132.555: [CMS-concurrent-preclean: 0.000/0.000 secs] [Times: user=0.00 sys=0.00, real=0.00 secs] 
132.555: [CMS-concurrent-abortable-preclean-start]
132.556: Application time: 0.0044950 seconds
132.629: [GC132.629: [ParNew: 6066K->530K(6144K), 0.0010200 secs] 13637K->9667K(21888K), 0.0010580 secs] [Times: user=0.00 sys=0.00, real=0.00 secs] 
132.630: Total time for which application threads were stopped: 0.0738870 seconds, Stopping threads took: 0.0727700 seconds
132.631: Application time: 0.0008610 seconds
132.683: [GC132.683: [ParNew: 6016K->504K(6144K), 0.0019180 secs] 15153K->14555K(21888K), 0.0019580 secs] [Times: user=0.01 sys=0.00, real=0.00 secs] 
132.685: Total time for which application threads were stopped: 0.0546680 seconds, Stopping threads took: 0.0526510 seconds
132.764: Application time: 0.0781550 seconds
132.786: [CMS-concurrent-abortable-preclean: 0.000/0.231 secs] [Times: user=1.27 sys=0.08, real=0.23 secs] 
132.806: [GC132.806: [ParNew: 5990K->5990K(6144K), 0.0000130 secs]132.806: [CMS (concurrent mode failure): 14051K->2480K(15744K), 0.0059360 secs] 20041K->2480K(21888K), [CMS Perm : 5116K->5116K(21248K)], 0.0059930 secs] [Times: user=0.01 sys=0.00, real=0.01 secs] 
132.812: Total time for which application threads were stopped: 0.0483870 seconds, Stopping threads took: 0.0423120 seconds
132.813: Application time: 0.0011310 seconds
132.853: [GC132.853: [ParNew: 5368K->630K(6144K), 0.0015290 secs] 7849K->7520K(21888K), 0.0015590 secs] [Times: user=0.01 sys=0.00, real=0.00 secs] 
132.855: Total time for which application threads were stopped: 0.0414270 seconds, Stopping threads took: 0.0397950 seconds
132.855: Application time: 0.0000520 seconds
132.895: [GC [1 CMS-initial-mark: 6889K(15744K)] 8014K(21888K), 0.0001100 secs] [Times: user=0.00 sys=0.00, real=0.00 secs] 
132.895: Total time for which application threads were stopped: 0.0400590 seconds, Stopping threads took: 0.0399000 seconds
132.895: [CMS-concurrent-mark-start]
132.898: [CMS-concurrent-mark: 0.003/0.003 secs] [Times: user=0.01 sys=0.00, real=0.00 secs] 
132.898: [CMS-concurrent-preclean-start]
132.898: [CMS-concurrent-preclean: 0.000/0.000 secs] [Times: user=0.00 sys=0.00, real=0.00 secs] 
132.898: [CMS-concurrent-abortable-preclean-start]
132.982: Application time: 0.0872390 seconds
133.023: [GC133.023: [ParNew: 6017K->14K(6144K), 0.0003680 secs] 12907K->6936K(21888K), 0.0004000 secs] [Times: user=0.00 sys=0.00, real=0.00 secs] 
133.023: Total time for which application threads were stopped: 0.0413910 seconds, Stopping threads took: 0.0409070 seconds
133.024: Application time: 0.0007310 seconds
133.078: [GC133.078: [ParNew: 5478K->630K(6144K), 0.0012020 secs] 12400K->11263K(21888K), 0.0012420 secs] [Times: user=0.01 sys=0.00, real=0.00 secs] 
133.079: Total time for which application threads were stopped: 0.0551680 seconds, Stopping threads took: 0.0538730 seconds
133.156: Application time: 0.0764180 seconds
133.180: [CMS-concurrent-abortable-preclean: 0.000/0.281 secs] [Times: user=1.52 sys=0.07, real=0.29 secs] 
133.198: [GC133.198: [ParNew: 6017K->6017K(6144K), 0.0000130 secs]133.198: [CMS (concurrent mode failure): 10633K->1309K(15744K), 0.0056870 secs] 16651K->1309K(21888K), [CMS Perm : 5116K->5116K(21248K)], 0.0057410 secs] [Times: user=0.01 sys=0.00, real=0.01 secs] 
133.204: Total time for which application threads were stopped: 0.0480670 seconds, Stopping threads took: 0.0422460 seconds
133.205: Application time: 0.0008990 seconds
133.205: [GC133.205: [ParNew: 5485K->600K(6144K), 0.0017470 secs] 6795K->6808K(21888K), 0.0017710 secs] [Times: user=0.01 sys=0.00, real=0.00 secs] 
133.207: Total time for which application threads were stopped: 0.0021830 seconds, Stopping threads took: 0.0003410 seconds
133.207: Application time: 0.0000510 seconds
133.207: [GC [1 CMS-initial-mark: 6208K(15744K)] 7199K(21888K), 0.0001030 secs] [Times: user=0.00 sys=0.00, real=0.00 secs] 
133.207: Total time for which application threads were stopped: 0.0004770 seconds, Stopping threads took: 0.0003300 seconds
133.207: [CMS-concurrent-mark-start]
133.211: [CMS-concurrent-mark: 0.003/0.003 secs] [Times: user=0.01 sys=0.00, real=0.01 secs] 
133.211: [CMS-concurrent-preclean-start]
133.211: [CMS-concurrent-preclean: 0.000/0.000 secs] [Times: user=0.00 sys=0.00, real=0.00 secs] 
133.211: [CMS-concurrent-abortable-preclean-start]
133.288: Application time: 0.0803510 seconds
133.341: [GC133.341: [ParNew: 6085K->209K(6144K), 0.0004330 secs] 12294K->6419K(21888K), 0.0004690 secs] [Times: user=0.00 sys=0.00, real=0.00 secs] 
133.342: Total time for which application threads were stopped: 0.0539130 seconds, Stopping threads took: 0.0533880 seconds
133.342: Application time: 0.0007330 seconds
133.394: [GC133.394: [ParNew: 5578K->626K(6144K), 0.0011990 secs] 11788K->10644K(21888K), 0.0012280 secs] [Times: user=0.01 sys=0.00, real=0.00 secs] 
133.395: Total time for which application threads were stopped: 0.0530040 seconds, Stopping threads took: 0.0517250 seconds
133.481: Application time: 0.0856140 seconds
133.496: [CMS-concurrent-abortable-preclean: 0.001/0.285 secs] [Times: user=1.54 sys=0.09, real=0.28 secs] 
133.536: [GC133.536: [ParNew: 6111K->6111K(6144K), 0.0000120 secs]133.536: [CMS (concurrent mode failure): 10018K->1504K(15744K), 0.0057950 secs] 16130K->1504K(21888K), [CMS Perm : 5116K->5116K(21248K)], 0.0058490 secs] [Times: user=0.01 sys=0.00, real=0.01 secs] 
133.541: Total time for which application threads were stopped: 0.0605000 seconds, Stopping threads took: 0.0545630 seconds
133.542: Application time: 0.0007050 seconds
133.543: [GC133.543: [ParNew: 5143K->634K(6144K), 0.0017680 secs] 6647K->6661K(21888K), 0.0017980 secs] [Times: user=0.01 sys=0.00, real=0.00 secs] 
133.544: Total time for which application threads were stopped: 0.0022940 seconds, Stopping threads took: 0.0004210 seconds
133.545: Application time: 0.0000480 seconds
133.545: [GC [1 CMS-initial-mark: 6027K(15744K)] 7151K(21888K), 0.0001010 secs] [Times: user=0.00 sys=0.00, real=0.00 secs] 
133.545: Total time for which application threads were stopped: 0.0004990 seconds, Stopping threads took: 0.0003750 seconds
133.545: [CMS-concurrent-mark-start]
133.548: [CMS-concurrent-mark: 0.003/0.003 secs] [Times: user=0.03 sys=0.00, real=0.01 secs] 
133.548: [CMS-concurrent-preclean-start]
133.549: [CMS-concurrent-preclean: 0.000/0.000 secs] [Times: user=0.00 sys=0.00, real=0.00 secs] 
133.549: [CMS-concurrent-abortable-preclean-start]
133.632: Application time: 0.0865140 seconds
133.672: [GC133.672: [ParNew: 6049K->626K(6144K), 0.0005090 secs] 12077K->7047K(21888K), 0.0005440 secs] [Times: user=0.00 sys=0.00, real=0.00 secs] 
133.673: Total time for which application threads were stopped: 0.0410810 seconds, Stopping threads took: 0.0404580 seconds
133.673: Application time: 0.0005880 seconds
133.713: [GC133.713: [ParNew: 5819K->602K(6144K), 0.0014520 secs] 12240K->11544K(21888K), 0.0014950 secs] [Times: user=0.01 sys=0.00, real=0.00 secs] 
133.715: Total time for which application threads were stopped: 0.0415600 seconds, Stopping threads took: 0.0400110 seconds
133.791: Application time: 0.0762990 seconds
133.805: [GC133.805: [ParNew: 5989K->5989K(6144K), 0.0000120 secs]133.805: [CMS133.805: [CMS-concurrent-abortable-preclean: 0.000/0.257 secs] [Times: user=1.48 sys=0.05, real=0.25 secs] 
 (concurrent mode failure): 10942K->3164K(15744K), 0.0056890 secs] 16932K->3164K(21888K), [CMS Perm : 5116K->5116K(21248K)], 0.0057570 secs] [Times: user=0.01 sys=0.00, real=0.01 secs] 
133.811: Total time for which application threads were stopped: 0.0199380 seconds, Stopping threads took: 0.0140960 seconds
133.812: Application time: 0.0012250 seconds
133.852: [GC133.852: [ParNew: 5368K->630K(6144K), 0.0015180 secs] 8533K->8202K(21888K), 0.0015500 secs] [Times: user=0.01 sys=0.00, real=0.00 secs] 
133.854: Total time for which application threads were stopped: 0.0414450 seconds, Stopping threads took: 0.0398400 seconds
133.854: Application time: 0.0000840 seconds
133.894: [GC [1 CMS-initial-mark: 7571K(15744K)] 9188K(21888K), 0.0001050 secs] [Times: user=0.00 sys=0.00, real=0.00 secs] 
133.894: Total time for which application threads were stopped: 0.0399840 seconds, Stopping threads took: 0.0398560 seconds
133.894: [CMS-concurrent-mark-start]
133.896: [CMS-concurrent-mark: 0.002/0.002 secs] [Times: user=0.01 sys=0.00, real=0.00 secs] 
133.896: [CMS-concurrent-preclean-start]
133.896: [CMS-concurrent-preclean: 0.000/0.000 secs] [Times: user=0.00 sys=0.00, real=0.00 secs] 
133.896: [CMS-concurrent-abortable-preclean-start]
133.977: Application time: 0.0832130 seconds
133.983: [GC133.983: [ParNew: 6115K->404K(6144K), 0.0004500 secs] 13687K->8401K(21888K), 0.0004840 secs] [Times: user=0.00 sys=0.01, real=0.00 secs] 
133.984: Total time for which application threads were stopped: 0.0068710 seconds, Stopping threads took: 0.0063060 seconds
133.984: Application time: 0.0005490 seconds
134.025: [GC134.025: [ParNew: 5792K->602K(6144K), 0.0017030 secs] 13789K->13091K(21888K), 0.0017370 secs] [Times: user=0.01 sys=0.00, real=0.00 secs] 
134.026: Total time for which application threads were stopped: 0.0419070 seconds, Stopping threads took: 0.0400910 seconds
134.110: Application time: 0.0833870 seconds
134.121: [GC134.121: [ParNew: 5989K->5989K(6144K), 0.0000130 secs]134.121: [CMS134.121: [CMS-concurrent-abortable-preclean: 0.000/0.225 secs] [Times: user=1.42 sys=0.04, real=0.23 secs] 
 (concurrent mode failure): 12489K->3164K(15744K), 0.0060620 secs] 18478K->3164K(21888K), [CMS Perm : 5116K->5116K(21248K)], 0.0061310 secs] [Times: user=0.01 sys=0.00, real=0.00 secs] 
134.127: Total time for which application threads were stopped: 0.0176800 seconds, Stopping threads took: 0.0114600 seconds
134.128: Application time: 0.0010900 seconds
134.180: [GC134.180: [ParNew: 5466K->630K(6144K), 0.0017360 secs] 8631K->8299K(21888K), 0.0017790 secs] [Times: user=0.01 sys=0.00, real=0.00 secs] 
134.182: Total time for which application threads were stopped: 0.0536340 seconds, Stopping threads took: 0.0517730 seconds
134.182: Application time: 0.0000830 seconds
134.222: [GC [1 CMS-initial-mark: 7669K(15744K)] 9382K(21888K), 0.0000940 secs] [Times: user=0.00 sys=0.00, real=0.00 secs] 
134.222: Total time for which application threads were stopped: 0.0400570 seconds, Stopping threads took: 0.0399290 seconds
134.222: [CMS-concurrent-mark-start]
134.226: [CMS-concurrent-mark: 0.003/0.003 secs] [Times: user=0.02 sys=0.00, real=0.00 secs] 
134.226: [CMS-concurrent-preclean-start]
134.226: [CMS-concurrent-preclean: 0.000/0.000 secs] [Times: user=0.00 sys=0.00, real=0.00 secs] 
134.226: [CMS-concurrent-abortable-preclean-start]
134.308: Application time: 0.0858580 seconds
134.315: [GC134.315: [ParNew: 6096K->428K(6144K), 0.0004270 secs] 13765K->8522K(21888K), 0.0004640 secs] [Times: user=0.00 sys=0.00, real=0.00 secs] 
134.315: Total time for which application threads were stopped: 0.0072460 seconds, Stopping threads took: 0.0067010 seconds
134.316: Application time: 0.0005970 seconds
134.356: [GC134.356: [ParNew: 5816K->600K(6144K), 0.0014720 secs] 13910K->13215K(21888K), 0.0015040 secs] [Times: user=0.01 sys=0.00, real=0.00 secs] 
134.357: Total time for which application threads were stopped: 0.0414940 seconds, Stopping threads took: 0.0399360 seconds
134.441: Application time: 0.0839580 seconds
134.458: [CMS-concurrent-abortable-preclean: 0.000/0.232 secs] [Times: user=1.47 sys=0.03, real=0.23 secs] 
134.481: [GC134.481: [ParNew: 5987K->5987K(6144K), 0.0000120 secs]134.481: [CMS (concurrent mode failure): 12615K->2090K(15744K), 0.0054300 secs] 18603K->2090K(21888K), [CMS Perm : 5116K->5116K(21248K)], 0.0054850 secs] [Times: user=0.00 sys=0.00, real=0.00 secs] 
134.487: Total time for which application threads were stopped: 0.0451630 seconds, Stopping threads took: 0.0396060 seconds
134.487: Application time: 0.0008880 seconds
134.488: [GC134.488: [ParNew: 5483K->598K(6144K), 0.0017960 secs] 7574K->7586K(21888K), 0.0018300 secs] [Times: user=0.01 sys=0.00, real=0.00 secs] 
134.490: Total time for which application threads were stopped: 0.0023260 seconds, Stopping threads took: 0.0004180 seconds
134.490: Application time: 0.0000740 seconds
134.490: [GC [1 CMS-initial-mark: 6988K(15744K)] 8766K(21888K), 0.0000910 secs] [Times: user=0.00 sys=0.00, real=0.00 secs] 
134.490: Total time for which application threads were stopped: 0.0002910 seconds, Stopping threads took: 0.0001760 seconds
134.490: [CMS-concurrent-mark-start]
134.494: [CMS-concurrent-mark: 0.003/0.003 secs] [Times: user=0.02 sys=0.00, real=0.00 secs] 
134.494: [CMS-concurrent-preclean-start]
134.494: [CMS-concurrent-preclean: 0.000/0.000 secs] [Times: user=0.00 sys=0.00, real=0.00 secs] 
134.494: [CMS-concurrent-abortable-preclean-start]
134.575: Application time: 0.0846520 seconds
134.620: [GC134.620: [ParNew: 6039K->602K(6144K), 0.0007470 secs] 13028K->8960K(21888K), 0.0007830 secs] [Times: user=0.00 sys=0.00, real=0.00 secs] 
134.621: Total time for which application threads were stopped: 0.0462380 seconds, Stopping threads took: 0.0453980 seconds
134.622: Application time: 0.0008520 seconds
134.674: [GC134.674: [ParNew: 6014K->524K(6144K), 0.0015850 secs] 14372K->13575K(21888K), 0.0016240 secs] [Times: user=0.01 sys=0.00, real=0.00 secs] 
134.676: Total time for which application threads were stopped: 0.0537960 seconds, Stopping threads took: 0.0520820 seconds
134.754: Application time: 0.0782110 seconds
134.776: [CMS-concurrent-abortable-preclean: 0.000/0.282 secs] [Times: user=1.55 sys=0.06, real=0.28 secs] 
134.794: [GC134.794: [ParNew: 6010K->6010K(6144K), 0.0000140 secs]134.794: [CMS (concurrent mode failure): 13050K->2285K(15744K), 0.0058440 secs] 19060K->2285K(21888K), [CMS Perm : 5116K->5116K(21248K)], 0.0058990 secs] [Times: user=0.01 sys=0.00, real=0.01 secs] 
134.800: Total time for which application threads were stopped: 0.0461750 seconds, Stopping threads took: 0.0402130 seconds
134.801: Application time: 0.0008550 seconds
134.801: [GC134.801: [ParNew: 5485K->594K(6144K), 0.0014260 secs] 7771K->7779K(21888K), 0.0014550 secs] [Times: user=0.01 sys=0.00, real=0.00 secs] 
134.803: Total time for which application threads were stopped: 0.0017320 seconds, Stopping threads took: 0.0002240 seconds
134.803: Application time: 0.0000450 seconds
134.803: [GC [1 CMS-initial-mark: 7185K(15744K)] 8367K(21888K), 0.0001290 secs] [Times: user=0.00 sys=0.00, real=0.00 secs] 
134.803: Total time for which application threads were stopped: 0.0002250 seconds, Stopping threads took: 0.0000710 seconds
134.803: [CMS-concurrent-mark-start]
134.807: [CMS-concurrent-mark: 0.004/0.004 secs] [Times: user=0.01 sys=0.00, real=0.00 secs] 
134.807: [CMS-concurrent-preclean-start]
134.807: [CMS-concurrent-preclean: 0.000/0.000 secs] [Times: user=0.00 sys=0.00, real=0.00 secs] 
134.807: Application time: 0.0039040 seconds
134.880: [GC[YG occupancy: 2168 K (6144 K)]134.880: [Rescan (parallel) , 0.0001990 secs]134.880: [weak refs processing, 0.0000070 secs]134.880: [scrub string table, 0.0000950 secs] [1 CMS-remark: 7185K(15744K)] 9354K(21888K), 0.0003330 secs] [Times: user=0.00 sys=0.00, real=0.00 secs] 
134.880: Total time for which application threads were stopped: 0.0732740 seconds, Stopping threads took: 0.0728880 seconds
134.880: [CMS-concurrent-sweep-start]
134.881: Application time: 0.0005190 seconds
134.931: [GC134.931: [ParNew: 5884K->598K(6144K), 0.0010400 secs] 13069K->10322K(21888K), 0.0010720 secs] [Times: user=0.00 sys=0.00, real=0.00 secs] 
134.932: Total time for which application threads were stopped: 0.0511600 seconds, Stopping threads took: 0.0500390 seconds
134.932: [CMS-concurrent-sweep: 0.001/0.052 secs] [Times: user=0.11 sys=0.04, real=0.05 secs] 
134.932: [CMS-concurrent-reset-start]
134.933: [CMS-concurrent-reset: 0.000/0.000 secs] [Times: user=0.00 sys=0.00, real=0.00 secs] 
134.934: Application time: 0.0018460 seconds
135.010: [GC135.010: [ParNew: 6064K->630K(6144K), 0.0005600 secs] 15788K->10745K(21888K), 0.0005940 secs] [Times: user=0.00 sys=0.00, real=0.00 secs] 
135.010: Total time for which application threads were stopped: 0.0765960 seconds, Stopping threads took: 0.0759430 seconds
135.010: Application time: 0.0000600 seconds
135.011: [GC [1 CMS-initial-mark: 10115K(15744K)] 11834K(21888K), 0.0000810 secs] [Times: user=0.00 sys=0.00, real=0.00 secs] 
135.011: Total time for which application threads were stopped: 0.0004080 seconds, Stopping threads took: 0.0002850 seconds
135.011: [CMS-concurrent-mark-start]
135.012: Application time: 0.0012780 seconds
135.087: [GC135.087: [ParNew: 6018K->598K(6144K), 0.0006670 secs] 16133K->11132K(21888K), 0.0006970 secs] [Times: user=0.01 sys=0.00, real=0.01 secs] 
135.088: Total time for which application threads were stopped: 0.0759960 seconds, Stopping threads took: 0.0752480 seconds
135.090: [CMS-concurrent-mark: 0.004/0.080 secs] [Times: user=0.35 sys=0.04, real=0.08 secs] 
135.090: [CMS-concurrent-preclean-start]
135.090: [CMS-concurrent-preclean: 0.000/0.000 secs] [Times: user=0.00 sys=0.00, real=0.00 secs] 
135.090: [CMS-concurrent-abortable-preclean-start]
135.091: Application time: 0.0026330 seconds
135.165: [GC135.165: [ParNew: 6083K->12K(6144K), 0.0002420 secs] 16618K->10547K(21888K), 0.0002760 secs] [Times: user=0.00 sys=0.00, real=0.00 secs] 
135.165: Total time for which application threads were stopped: 0.0748340 seconds, Stopping threads took: 0.0745000 seconds
135.166: Application time: 0.0004620 seconds
135.166: [GC135.166: [ParNew: 5183K->630K(6144K), 0.0013860 secs] 15718K->15657K(21888K), 0.0014170 secs] [Times: user=0.01 sys=0.00, real=0.01 secs] 
135.168: Total time for which application threads were stopped: 0.0017830 seconds, Stopping threads took: 0.0002920 seconds
135.168: [CMS-concurrent-abortable-preclean: 0.000/0.077 secs] [Times: user=0.45 sys=0.06, real=0.08 secs] 
135.168: Application time: 0.0000620 seconds
135.168: [GC[YG occupancy: 1810 K (6144 K)]135.168: [Rescan (parallel) , 0.0001070 secs]135.168: [weak refs processing, 0.0000060 secs]135.168: [scrub string table, 0.0000720 secs] [1 CMS-remark: 15027K(15744K)] 16838K(21888K), 0.0002060 secs] [Times: user=0.00 sys=0.00, real=0.00 secs] 
135.168: Total time for which application threads were stopped: 0.0003190 seconds, Stopping threads took: 0.0000880 seconds
135.168: [CMS-concurrent-sweep-start]
135.169: [CMS-concurrent-sweep: 0.001/0.001 secs] [Times: user=0.01 sys=0.00, real=0.00 secs] 
135.169: [CMS-concurrent-reset-start]
135.169: [CMS-concurrent-reset: 0.000/0.000 secs] [Times: user=0.00 sys=0.00, real=0.00 secs] 
135.246: Application time: 0.0777680 seconds
135.288: [GC135.288: [ParNew: 6017K->598K(6144K), 0.0005400 secs] 12616K->7421K(21888K), 0.0005760 secs] [Times: user=0.00 sys=0.00, real=0.00 secs] 
135.288: Total time for which application threads were stopped: 0.0425200 seconds, Stopping threads took: 0.0418780 seconds
135.289: Application time: 0.0001690 seconds
135.289: [GC [1 CMS-initial-mark: 6823K(15744K)] 8996K(21888K), 0.0001210 secs] [Times: user=0.00 sys=0.00, real=0.00 secs] 
135.289: Total time for which application threads were stopped: 0.0003280 seconds, Stopping threads took: 0.0001810 seconds
135.289: [CMS-concurrent-mark-start]
135.291: [CMS-concurrent-mark: 0.002/0.002 secs] [Times: user=0.01 sys=0.00, real=0.00 secs] 
135.291: [CMS-concurrent-preclean-start]
135.292: [CMS-concurrent-preclean: 0.000/0.000 secs] [Times: user=0.00 sys=0.00, real=0.00 secs] 
135.292: [CMS-concurrent-abortable-preclean-start]
135.292: Application time: 0.0026920 seconds
135.331: [GC135.331: [ParNew: 6081K->600K(6144K), 0.0012200 secs] 12905K->10939K(21888K), 0.0012490 secs] [Times: user=0.01 sys=0.00, real=0.00 secs] 
135.332: Total time for which application threads were stopped: 0.0401970 seconds, Stopping threads took: 0.0389000 seconds
135.410: Application time: 0.0778600 seconds
135.414: [GC135.414: [ParNew: 6085K->6085K(6144K), 0.0000120 secs]135.414: [CMS135.414: [CMS-concurrent-abortable-preclean: 0.000/0.123 secs] [Times: user=0.74 sys=0.02, real=0.12 secs] 
 (concurrent mode failure): 10339K->2286K(15744K), 0.0052090 secs] 16424K->2286K(21888K), [CMS Perm : 5116K->5116K(21248K)], 0.0052700 secs] [Times: user=0.01 sys=0.00, real=0.01 secs] 
135.420: Total time for which application threads were stopped: 0.0100400 seconds, Stopping threads took: 0.0046840 seconds
135.421: Application time: 0.0009970 seconds
135.460: [GC135.460: [ParNew: 5368K->630K(6144K), 0.0016640 secs] 7654K->7325K(21888K), 0.0016930 secs] [Times: user=0.01 sys=0.00, real=0.00 secs] 
135.462: Total time for which application threads were stopped: 0.0415090 seconds, Stopping threads took: 0.0397420 seconds
135.462: Application time: 0.0000590 seconds
135.502: [GC [1 CMS-initial-mark: 6695K(15744K)] 8308K(21888K), 0.0001090 secs] [Times: user=0.00 sys=0.00, real=0.00 secs] 
135.503: Total time for which application threads were stopped: 0.0402620 seconds, Stopping threads took: 0.0401310 seconds
135.503: [CMS-concurrent-mark-start]
135.509: [CMS-concurrent-mark: 0.006/0.006 secs] [Times: user=0.04 sys=0.00, real=0.01 secs] 
135.509: [CMS-concurrent-preclean-start]
135.509: [CMS-concurrent-preclean: 0.000/0.000 secs] [Times: user=0.00 sys=0.00, real=0.00 secs] 
135.509: [CMS-concurrent-abortable-preclean-start]
135.580: Application time: 0.0776240 seconds
135.589: [GC135.589: [ParNew: 6115K->602K(6144K), 0.0005660 secs] 12810K->7717K(21888K), 0.0005970 secs] [Times: user=0.01 sys=0.00, real=0.00 secs] 
135.590: Total time for which application threads were stopped: 0.0096260 seconds, Stopping threads took: 0.0089500 seconds
135.590: Application time: 0.0006200 seconds
135.630: [GC135.630: [ParNew: 5990K->600K(6144K), 0.0015750 secs] 13105K->12403K(21888K), 0.0016040 secs] [Times: user=0.01 sys=0.00, real=0.00 secs] 
135.632: Total time for which application threads were stopped: 0.0415580 seconds, Stopping threads took: 0.0399060 seconds
135.709: Application time: 0.0773150 seconds
135.711: [GC135.711: [ParNew: 6037K->6037K(6144K), 0.0000120 secs]135.711: [CMS135.711: [CMS-concurrent-abortable-preclean: 0.000/0.202 secs] [Times: user=1.30 sys=0.03, real=0.20 secs] 
 (concurrent mode failure): 11803K->3331K(15744K), 0.0053990 secs] 17841K->3331K(21888K), [CMS Perm : 5116K->5116K(21248K)], 0.0054640 secs] [Times: user=0.00 sys=0.00, real=0.00 secs] 
135.717: Total time for which application threads were stopped: 0.0074210 seconds, Stopping threads took: 0.0018900 seconds
135.718: Application time: 0.0012540 seconds
135.789: [GC135.789: [ParNew: 5494K->560K(6144K), 0.0013250 secs] 8826K->7613K(21888K), 0.0013570 secs] [Times: user=0.01 sys=0.00, real=0.00 secs] 
135.791: Total time for which application threads were stopped: 0.0728620 seconds, Stopping threads took: 0.0714390 seconds
135.791: Application time: 0.0001630 seconds
135.831: [GC [1 CMS-initial-mark: 7053K(15744K)] 8407K(21888K), 0.0001070 secs] [Times: user=0.00 sys=0.00, real=0.00 secs] 
135.831: Total time for which application threads were stopped: 0.0400270 seconds, Stopping threads took: 0.0398750 seconds
135.831: [CMS-concurrent-mark-start]
135.838: [CMS-concurrent-mark: 0.007/0.007 secs] [Times: user=0.04 sys=0.00, real=0.00 secs] 
135.838: [CMS-concurrent-preclean-start]
135.838: [CMS-concurrent-preclean: 0.000/0.000 secs] [Times: user=0.00 sys=0.00, real=0.00 secs] 
135.838: [CMS-concurrent-abortable-preclean-start]
135.915: Application time: 0.0835150 seconds
135.923: [GC135.923: [ParNew: 6046K->10K(6144K), 0.0004890 secs] 13099K->7127K(21888K), 0.0005200 secs] [Times: user=0.00 sys=0.00, real=0.00 secs] 
135.923: Total time for which application threads were stopped: 0.0086180 seconds, Stopping threads took: 0.0080210 seconds
135.924: Application time: 0.0005100 seconds
135.924: [GC135.924: [ParNew: 5183K->630K(6144K), 0.0014180 secs] 12300K->12239K(21888K), 0.0014480 secs] [Times: user=0.01 sys=0.00, real=0.00 secs] 
135.926: Total time for which application threads were stopped: 0.0019030 seconds, Stopping threads took: 0.0004030 seconds
136.003: Application time: 0.0779500 seconds
136.026: [CMS-concurrent-abortable-preclean: 0.000/0.188 secs] [Times: user=1.34 sys=0.01, real=0.19 secs] 
136.044: [GC136.044: [ParNew: 6026K->6026K(6144K), 0.0000120 secs]136.044: [CMS (concurrent mode failure): 11609K->2074K(15744K), 0.0065500 secs] 17635K->2074K(21888K), [CMS Perm : 5116K->5116K(21248K)], 0.0066030 secs] [Times: user=0.00 sys=0.00, real=0.01 secs] 
136.050: Total time for which application threads were stopped: 0.0468760 seconds, Stopping threads took: 0.0401920 seconds
136.051: Application time: 0.0008770 seconds
136.052: [GC136.052: [ParNew: 5356K->628K(6144K), 0.0013560 secs] 7431K->7403K(21888K), 0.0013850 secs] [Times: user=0.01 sys=0.00, real=0.00 secs] 
136.053: Total time for which application threads were stopped: 0.0017560 seconds, Stopping threads took: 0.0003190 seconds
136.053: Application time: 0.0000430 seconds
136.053: [GC [1 CMS-initial-mark: 6774K(15744K)] 7793K(21888K), 0.0000940 secs] [Times: user=0.00 sys=0.00, real=0.00 secs] 
136.053: Total time for which application threads were stopped: 0.0002940 seconds, Stopping threads took: 0.0001760 seconds
136.053: [CMS-concurrent-mark-start]
136.057: [CMS-concurrent-mark: 0.004/0.004 secs] [Times: user=0.02 sys=0.00, real=0.00 secs] 
136.057: [CMS-concurrent-preclean-start]
136.057: [CMS-concurrent-preclean: 0.000/0.000 secs] [Times: user=0.00 sys=0.00, real=0.00 secs] 
136.057: [CMS-concurrent-abortable-preclean-start]
136.147: Application time: 0.0937970 seconds
136.191: [GC136.191: [ParNew: 6113K->400K(6144K), 0.0004800 secs] 12888K->7599K(21888K), 0.0005160 secs] [Times: user=0.00 sys=0.00, real=0.00 secs] 
136.191: Total time for which application threads were stopped: 0.0439970 seconds, Stopping threads took: 0.0434240 seconds
136.192: Application time: 0.0006550 seconds
136.232: [GC136.232: [ParNew: 5788K->602K(6144K), 0.0017250 secs] 12987K->12293K(21888K), 0.0017590 secs] [Times: user=0.01 sys=0.00, real=0.00 secs] 
136.234: Total time for which application threads were stopped: 0.0417650 seconds, Stopping threads took: 0.0399390 seconds
136.311: Application time: 0.0773840 seconds
136.313: [GC136.313: [ParNew: 6087K->6087K(6144K), 0.0000120 secs]136.313: [CMS136.313: [CMS-concurrent-abortable-preclean: 0.000/0.256 secs] [Times: user=1.54 sys=0.06, real=0.26 secs] 
 (concurrent mode failure): 11691K->3263K(15744K), 0.0060960 secs] 17779K->3263K(21888K), [CMS Perm : 5116K->5116K(21248K)], 0.0061600 secs] [Times: user=0.01 sys=0.00, real=0.01 secs] 
136.320: Total time for which application threads were stopped: 0.0086100 seconds, Stopping threads took: 0.0023510 seconds
136.321: Application time: 0.0013060 seconds
136.387: [GC136.387: [ParNew: 5338K->500K(6144K), 0.0012160 secs] 8601K->6896K(21888K), 0.0015530 secs] [Times: user=0.01 sys=0.00, real=0.01 secs] 
136.389: Total time for which application threads were stopped: 0.0676310 seconds, Stopping threads took: 0.0660020 seconds
136.389: Application time: 0.0000500 seconds
136.429: [GC [1 CMS-initial-mark: 6396K(15744K)] 7094K(21888K), 0.0001040 secs] [Times: user=0.00 sys=0.00, real=0.00 secs] 
136.429: Total time for which application threads were stopped: 0.0400600 seconds, Stopping threads took: 0.0399350 seconds
136.429: [CMS-concurrent-mark-start]
136.432: [CMS-concurrent-mark: 0.004/0.004 secs] [Times: user=0.02 sys=0.00, real=0.00 secs] 
136.432: [CMS-concurrent-preclean-start]
136.432: [CMS-concurrent-preclean: 0.000/0.000 secs] [Times: user=0.00 sys=0.00, real=0.00 secs] 
136.432: [CMS-concurrent-abortable-preclean-start]
136.471: Application time: 0.0426300 seconds
136.507: [GC136.507: [ParNew: 5886K->404K(6144K), 0.0004150 secs] 12282K->7199K(21888K), 0.0004480 secs] [Times: user=0.00 sys=0.00, real=0.01 secs] 
136.508: Total time for which application threads were stopped: 0.0363590 seconds, Stopping threads took: 0.0358360 seconds
136.508: Application time: 0.0007800 seconds
136.560: [GC136.560: [ParNew: 5888K->600K(6144K), 0.0011470 secs] 12682K->10910K(21888K), 0.0011840 secs] [Times: user=0.01 sys=0.00, real=0.00 secs] 
136.561: Total time for which application threads were stopped: 0.0528400 seconds, Stopping threads took: 0.0516020 seconds
136.638: Application time: 0.0767840 seconds
136.646: [GC136.646: [ParNew: 6083K->6083K(6144K), 0.0000140 secs]136.646: [CMS136.646: [CMS-concurrent-abortable-preclean: 0.000/0.214 secs] [Times: user=1.19 sys=0.05, real=0.21 secs] 
 (concurrent mode failure): 10310K->2257K(15744K), 0.0066740 secs] 16394K->2257K(21888K), [CMS Perm : 5116K->5116K(21248K)], 0.0067370 secs] [Times: user=0.01 sys=0.00, real=0.01 secs] 
136.653: Total time for which application threads were stopped: 0.0146840 seconds, Stopping threads took: 0.0078800 seconds
136.654: Application time: 0.0011690 seconds
136.694: [GC136.694: [ParNew: 5434K->600K(6144K), 0.0012740 secs] 7691K->6479K(21888K), 0.0013060 secs] [Times: user=0.01 sys=0.00, real=0.00 secs] 
136.695: Total time for which application threads were stopped: 0.0411050 seconds, Stopping threads took: 0.0397440 seconds
136.695: Application time: 0.0000380 seconds
136.735: [GC [1 CMS-initial-mark: 5879K(15744K)] 6585K(21888K), 0.0000910 secs] [Times: user=0.00 sys=0.00, real=0.00 secs] 
136.735: Total time for which application threads were stopped: 0.0401090 seconds, Stopping threads took: 0.0399930 seconds
136.735: [CMS-concurrent-mark-start]
136.739: [CMS-concurrent-mark: 0.004/0.004 secs] [Times: user=0.01 sys=0.00, real=0.00 secs] 
136.739: [CMS-concurrent-preclean-start]
136.739: [CMS-concurrent-preclean: 0.000/0.000 secs] [Times: user=0.00 sys=0.00, real=0.00 secs] 
136.739: [CMS-concurrent-abortable-preclean-start]
136.777: Application time: 0.0420840 seconds
136.812: [GC136.812: [ParNew: 6081K->16K(6144K), 0.0002530 secs] 11960K->5900K(21888K), 0.0002820 secs] [Times: user=0.00 sys=0.00, real=0.00 secs] 
136.813: Total time for which application threads were stopped: 0.0354960 seconds, Stopping threads took: 0.0351610 seconds
136.813: Application time: 0.0007080 seconds
136.869: [GC136.869: [ParNew: 5497K->596K(6144K), 0.0011790 secs] 11381K->9214K(21888K), 0.0012080 secs] [Times: user=0.00 sys=0.00, real=0.00 secs] 
136.870: Total time for which application threads were stopped: 0.0566540 seconds, Stopping threads took: 0.0553890 seconds
136.946: Application time: 0.0763750 seconds
136.955: [GC136.955: [ParNew: 6077K->205K(6144K), 0.0003380 secs] 14696K->8823K(21888K), 0.0003670 secs] [Times: user=0.00 sys=0.00, real=0.00 secs] 
136.955: Total time for which application threads were stopped: 0.0085490 seconds, Stopping threads took: 0.0081350 seconds
136.956: Application time: 0.0008070 seconds
137.006: [GC137.006: [ParNew: 5686K->598K(6144K), 0.0010520 secs] 14305K->12146K(21888K), 0.0010820 secs] [Times: user=0.01 sys=0.00, real=0.00 secs] 
137.007: Total time for which application threads were stopped: 0.0513950 seconds, Stopping threads took: 0.0502400 seconds
137.084: Application time: 0.0765830 seconds
137.091: [GC137.091: [ParNew: 5886K->5886K(6144K), 0.0000130 secs]137.091: [CMS137.091: [CMS-concurrent-abortable-preclean: 0.001/0.352 secs] [Times: user=1.59 sys=0.08, real=0.36 secs] 
 (concurrent mode failure): 11548K->2365K(15744K), 0.0054230 secs] 17435K->2365K(21888K), [CMS Perm : 5116K->5116K(21248K)], 0.0054810 secs] [Times: user=0.00 sys=0.01, real=0.00 secs] 
137.097: Total time for which application threads were stopped: 0.0130470 seconds, Stopping threads took: 0.0075010 seconds
137.178: Application time: 0.0809160 seconds
137.203: [GC137.203: [ParNew: 5330K->14K(6144K), 0.0003900 secs] 7695K->2379K(21888K), 0.0004180 secs] [Times: user=0.00 sys=0.00, real=0.00 secs] 
137.204: Total time for which application threads were stopped: 0.0260220 seconds, Stopping threads took: 0.0255540 seconds
137.245: Application time: 0.0416620 seconds
137.300: [GC137.300: [ParNew: 5489K->598K(6144K), 0.0005930 secs] 7854K->3551K(21888K), 0.0006150 secs] [Times: user=0.00 sys=0.00, real=0.00 secs] 
137.300: Total time for which application threads were stopped: 0.0547070 seconds, Stopping threads took: 0.0540510 seconds
137.381: Application time: 0.0803960 seconds
137.383: [GC137.383: [ParNew: 5928K->12K(6144K), 0.0004570 secs] 8881K->2971K(21888K), 0.0004810 secs] [Times: user=0.00 sys=0.00, real=0.00 secs] 
137.384: Total time for which application threads were stopped: 0.0030730 seconds, Stopping threads took: 0.0025180 seconds
137.448: Application time: 0.0641070 seconds
137.448: Total time for which application threads were stopped: 0.0000670 seconds, Stopping threads took: 0.0000420 seconds
137.448: Application time: 0.0003370 seconds
137.453: [GC137.453: [ParNew: 5406K->638K(6144K), 0.0006320 secs] 8366K->4938K(21888K), 0.0006560 secs] [Times: user=0.00 sys=0.00, real=0.00 secs] 
137.453: Total time for which application threads were stopped: 0.0052290 seconds, Stopping threads took: 0.0045070 seconds
137.454: Application time: 0.0008710 seconds
137.504: [GC137.504: [ParNew: 6137K->630K(6144K), 0.0018860 secs] 10438K->9377K(21888K), 0.0019240 secs] [Times: user=0.01 sys=0.00, real=0.00 secs] 
137.506: Total time for which application threads were stopped: 0.0519720 seconds, Stopping threads took: 0.0499920 seconds
137.507: Application time: 0.0012620 seconds
137.583: [GC [1 CMS-initial-mark: 8747K(15744K)] 12021K(21888K), 0.0001290 secs] [Times: user=0.00 sys=0.00, real=0.00 secs] 
137.583: Total time for which application threads were stopped: 0.0760010 seconds, Stopping threads took: 0.0758390 seconds
137.584: [CMS-concurrent-mark-start]
137.584: Application time: 0.0005410 seconds
137.584: [GC137.584: [ParNew: 6017K->630K(6144K), 0.0008280 secs] 14765K->11555K(21888K), 0.0008550 secs] [Times: user=0.00 sys=0.00, real=0.00 secs] 
137.585: Total time for which application threads were stopped: 0.0010900 seconds, Stopping threads took: 0.0001870 seconds
137.589: [CMS-concurrent-mark: 0.004/0.005 secs] [Times: user=0.03 sys=0.00, real=0.01 secs] 
137.589: [CMS-concurrent-preclean-start]
137.589: [CMS-concurrent-preclean: 0.000/0.000 secs] [Times: user=0.00 sys=0.00, real=0.00 secs] 
137.589: [CMS-concurrent-abortable-preclean-start]
137.592: Application time: 0.0067830 seconds
137.663: [GC137.663: [ParNew: 5963K->402K(6144K), 0.0007680 secs] 16888K->12139K(21888K), 0.0008000 secs] [Times: user=0.00 sys=0.00, real=0.00 secs] 
137.663: Total time for which application threads were stopped: 0.0714340 seconds, Stopping threads took: 0.0705790 seconds
137.664: Application time: 0.0007150 seconds
137.717: [GC137.717: [ParNew (promotion failed): 5716K->5915K(6144K), 0.0011670 secs]137.718: [CMS137.718: [CMS-concurrent-abortable-preclean: 0.000/0.130 secs] [Times: user=0.56 sys=0.08, real=0.12 secs] 
 (concurrent mode failure): 15448K->6032K(15744K), 0.0070280 secs] 17453K->6032K(21888K), [CMS Perm : 5141K->5141K(21248K)], 0.0082440 secs] [Times: user=0.01 sys=0.00, real=0.01 secs] 
137.725: Total time for which application threads were stopped: 0.0612900 seconds, Stopping threads took: 0.0529660 seconds
137.813: Application time: 0.0878350 seconds
137.869: [GC137.869: [ParNew: 5397K->402K(6144K), 0.0003370 secs] 11430K->6435K(21888K), 0.0003700 secs] [Times: user=0.00 sys=0.00, real=0.00 secs] 
137.869: Total time for which application threads were stopped: 0.0557380 seconds, Stopping threads took: 0.0552840 seconds
137.869: Application time: 0.0004840 seconds
137.870: [GC137.870: [ParNew: 5888K->600K(6144K), 0.0016620 secs] 11921K->11923K(21888K), 0.0016990 secs] [Times: user=0.01 sys=0.00, real=0.00 secs] 
137.872: Total time for which application threads were stopped: 0.0021030 seconds, Stopping threads took: 0.0003260 seconds
137.872: Application time: 0.0000390 seconds
137.872: [GC [1 CMS-initial-mark: 11323K(15744K)] 12313K(21888K), 0.0000760 secs] [Times: user=0.00 sys=0.00, real=0.00 secs] 
137.872: Total time for which application threads were stopped: 0.0003660 seconds, Stopping threads took: 0.0002690 seconds
137.872: [CMS-concurrent-mark-start]
137.874: [CMS-concurrent-mark: 0.002/0.002 secs] [Times: user=0.00 sys=0.00, real=0.00 secs] 
137.874: [CMS-concurrent-preclean-start]
137.874: [CMS-concurrent-preclean: 0.000/0.000 secs] [Times: user=0.00 sys=0.00, real=0.00 secs] 
137.874: [CMS-concurrent-abortable-preclean-start]
137.951: Application time: 0.0786060 seconds
137.975: [CMS-concurrent-abortable-preclean: 0.000/0.100 secs] [Times: user=0.68 sys=0.01, real=0.10 secs] 
137.991: [GC137.991: [ParNew: 5891K->5891K(6144K), 0.0000130 secs]137.991: [CMS (concurrent mode failure): 11323K->1735K(15744K), 0.0064310 secs] 17214K->1735K(21888K), [CMS Perm : 5141K->5141K(21248K)], 0.0064850 secs] [Times: user=0.01 sys=0.00, real=0.00 secs] 
137.997: Total time for which application threads were stopped: 0.0465190 seconds, Stopping threads took: 0.0399430 seconds
137.998: Application time: 0.0008250 seconds
137.998: [GC137.998: [ParNew: 5483K->602K(6144K), 0.0016390 secs] 7219K->7237K(21888K), 0.0016690 secs] [Times: user=0.01 sys=0.00, real=0.01 secs] 
138.000: Total time for which application threads were stopped: 0.0022160 seconds, Stopping threads took: 0.0004700 seconds
138.000: Application time: 0.0000890 seconds
138.001: [GC [1 CMS-initial-mark: 6635K(15744K)] 8319K(21888K), 0.0001010 secs] [Times: user=0.00 sys=0.00, real=0.00 secs] 
138.001: Total time for which application threads were stopped: 0.0004620 seconds, Stopping threads took: 0.0003180 seconds
138.001: [CMS-concurrent-mark-start]
138.004: [CMS-concurrent-mark: 0.003/0.003 secs] [Times: user=0.02 sys=0.00, real=0.00 secs] 
138.004: [CMS-concurrent-preclean-start]
138.004: [CMS-concurrent-preclean: 0.000/0.000 secs] [Times: user=0.00 sys=0.00, real=0.00 secs] 
138.004: [CMS-concurrent-abortable-preclean-start]
138.099: Application time: 0.0980650 seconds
138.152: [GC138.152: [ParNew: 5892K->404K(6144K), 0.0006130 secs] 12527K->7041K(21888K), 0.0006460 secs] [Times: user=0.00 sys=0.00, real=0.00 secs] 
138.152: Total time for which application threads were stopped: 0.0535820 seconds, Stopping threads took: 0.0528540 seconds
138.153: Application time: 0.0005740 seconds
138.153: [GC138.153: [ParNew: 5888K->600K(6144K), 0.0016730 secs] 12525K->12510K(21888K), 0.0017080 secs] [Times: user=0.01 sys=0.00, real=0.00 secs] 
138.155: Total time for which application threads were stopped: 0.0020050 seconds, Stopping threads took: 0.0002440 seconds
138.234: Application time: 0.0786400 seconds
138.255: [CMS-concurrent-abortable-preclean: 0.000/0.251 secs] [Times: user=1.58 sys=0.05, real=0.25 secs] 
138.275: [GC138.275: [ParNew: 5890K->5890K(6144K), 0.0000140 secs]138.275: [CMS (concurrent mode failure): 11910K->1735K(15744K), 0.0055980 secs] 17800K->1735K(21888K), [CMS Perm : 5141K->5141K(21248K)], 0.0056560 secs] [Times: user=0.01 sys=0.00, real=0.01 secs] 
138.281: Total time for which application threads were stopped: 0.0470370 seconds, Stopping threads took: 0.0413200 seconds
138.282: Application time: 0.0009950 seconds
138.282: [GC138.282: [ParNew: 5483K->602K(6144K), 0.0016710 secs] 7219K->7237K(21888K), 0.0016950 secs] [Times: user=0.01 sys=0.00, real=0.00 secs] 
138.284: Total time for which application threads were stopped: 0.0022280 seconds, Stopping threads took: 0.0004650 seconds
138.284: Application time: 0.0000600 seconds
138.284: [GC [1 CMS-initial-mark: 6635K(15744K)] 8022K(21888K), 0.0001080 secs] [Times: user=0.00 sys=0.00, real=0.00 secs] 
138.284: Total time for which application threads were stopped: 0.0004350 seconds, Stopping threads took: 0.0002840 seconds
138.284: [CMS-concurrent-mark-start]
138.288: [CMS-concurrent-mark: 0.003/0.003 secs] [Times: user=0.03 sys=0.00, real=0.01 secs] 
138.288: [CMS-concurrent-preclean-start]
138.288: [CMS-concurrent-preclean: 0.000/0.000 secs] [Times: user=0.00 sys=0.00, real=0.00 secs] 
138.288: [CMS-concurrent-abortable-preclean-start]
138.377: Application time: 0.0931860 seconds
138.430: [GC138.430: [ParNew: 5892K->406K(6144K), 0.0005050 secs] 12527K->7043K(21888K), 0.0005380 secs] [Times: user=0.00 sys=0.00, real=0.00 secs] 
138.430: Total time for which application threads were stopped: 0.0529840 seconds, Stopping threads took: 0.0523700 seconds
138.431: Application time: 0.0005620 seconds
138.431: [GC138.431: [ParNew: 5892K->600K(6144K), 0.0016410 secs] 12529K->12510K(21888K), 0.0016720 secs] [Times: user=0.01 sys=0.00, real=0.00 secs] 
138.433: Total time for which application threads were stopped: 0.0020480 seconds, Stopping threads took: 0.0003260 seconds
138.510: Application time: 0.0770880 seconds
138.533: [CMS-concurrent-abortable-preclean: 0.000/0.245 secs] [Times: user=1.54 sys=0.03, real=0.24 secs] 
138.551: [GC138.551: [ParNew: 5987K->5987K(6144K), 0.0000130 secs]138.552: [CMS (concurrent mode failure): 11910K->2907K(15744K), 0.0053340 secs] 17898K->2907K(21888K), [CMS Perm : 5141K->5141K(21248K)], 0.0053920 secs] [Times: user=0.00 sys=0.00, real=0.00 secs] 
138.557: Total time for which application threads were stopped: 0.0467290 seconds, Stopping threads took: 0.0412640 seconds
138.558: Application time: 0.0011580 seconds
138.599: [GC138.599: [ParNew: 5485K->602K(6144K), 0.0015540 secs] 8393K->7819K(21888K), 0.0015880 secs] [Times: user=0.01 sys=0.00, real=0.01 secs] 
138.601: Total time for which application threads were stopped: 0.0427900 seconds, Stopping threads took: 0.0411440 seconds
138.615: Application time: 0.0146210 seconds
138.703: [GC [1 CMS-initial-mark: 7217K(15744K)] 11546K(21888K), 0.0001430 secs] [Times: user=0.00 sys=0.00, real=0.00 secs] 
138.703: Total time for which application threads were stopped: 0.0874860 seconds, Stopping threads took: 0.0872860 seconds
138.703: [CMS-concurrent-mark-start]
138.703: Application time: 0.0003790 seconds
138.703: [GC138.704: [ParNew: 6087K->600K(6144K), 0.0006930 secs] 13304K->8989K(21888K), 0.0007140 secs] [Times: user=0.00 sys=0.00, real=0.00 secs] 
138.704: Total time for which application threads were stopped: 0.0008770 seconds, Stopping threads took: 0.0001270 seconds
138.705: Application time: 0.0009020 seconds
138.745: [GC138.745: [ParNew: 6083K->594K(6144K), 0.0017320 secs] 14472K->14165K(21888K), 0.0017700 secs] [Times: user=0.01 sys=0.00, real=0.00 secs] 
138.747: Total time for which application threads were stopped: 0.0416210 seconds, Stopping threads took: 0.0397770 seconds
138.750: [CMS-concurrent-mark: 0.004/0.047 secs] [Times: user=0.09 sys=0.02, real=0.05 secs] 
138.750: [CMS-concurrent-preclean-start]
138.750: [CMS-concurrent-preclean: 0.000/0.000 secs] [Times: user=0.00 sys=0.00, real=0.00 secs] 
138.750: Application time: 0.0032240 seconds
138.823: [GC[YG occupancy: 1975 K (6144 K)]138.823: [Rescan (parallel) , 0.0001570 secs]138.824: [weak refs processing, 0.0000070 secs]138.824: [scrub string table, 0.0001060 secs] [1 CMS-remark: 13571K(15744K)] 15546K(21888K), 0.0002990 secs] [Times: user=0.00 sys=0.00, real=0.00 secs] 
138.824: Total time for which application threads were stopped: 0.0737890 seconds, Stopping threads took: 0.0734590 seconds
138.824: [CMS-concurrent-sweep-start]
138.824: [CMS-concurrent-sweep: 0.000/0.000 secs] [Times: user=0.00 sys=0.00, real=0.00 secs] 
138.824: [CMS-concurrent-reset-start]
138.824: [CMS-concurrent-reset: 0.000/0.000 secs] [Times: user=0.00 sys=0.00, real=0.00 secs] 
138.825: Application time: 0.0012250 seconds
138.865: [GC138.865: [ParNew: 5981K->602K(6144K), 0.0010590 secs] 13691K->10655K(21888K), 0.0010920 secs] [Times: user=0.01 sys=0.00, real=0.00 secs] 
138.866: Total time for which application threads were stopped: 0.0409370 seconds, Stopping threads took: 0.0397990 seconds
138.866: Application time: 0.0000390 seconds
138.866: [GC [1 CMS-initial-mark: 10053K(15744K)] 11438K(21888K), 0.0000870 secs] [Times: user=0.00 sys=0.00, real=0.00 secs] 
138.866: Total time for which application threads were stopped: 0.0002290 seconds, Stopping threads took: 0.0000980 seconds
138.866: [CMS-concurrent-mark-start]
138.872: [CMS-concurrent-mark: 0.006/0.006 secs] [Times: user=0.04 sys=0.00, real=0.01 secs] 
138.872: [CMS-concurrent-preclean-start]
138.873: [CMS-concurrent-preclean: 0.000/0.000 secs] [Times: user=0.00 sys=0.00, real=0.00 secs] 
138.873: [CMS-concurrent-abortable-preclean-start]
138.873: [CMS-concurrent-abortable-preclean: 0.000/0.000 secs] [Times: user=0.00 sys=0.00, real=0.00 secs] 
138.873: Application time: 0.0063840 seconds
138.944: [GC[YG occupancy: 5989 K (6144 K)]138.944: [Rescan (parallel) , 0.0002220 secs]138.944: [weak refs processing, 0.0000070 secs]138.944: [scrub string table, 0.0001140 secs] [1 CMS-remark: 10053K(15744K)] 16043K(21888K), 0.0003950 secs] [Times: user=0.00 sys=0.00, real=0.00 secs] 
138.944: Total time for which application threads were stopped: 0.0717470 seconds, Stopping threads took: 0.0713060 seconds
138.944: [CMS-concurrent-sweep-start]
138.944: Application time: 0.0000950 seconds
138.945: [GC138.945: [ParNew: 5989K->5989K(6144K), 0.0000090 secs]138.945: [CMS138.945: [CMS-concurrent-sweep: 0.000/0.000 secs] [Times: user=0.00 sys=0.00, real=0.00 secs] 
 (concurrent mode failure): 10053K->2126K(15744K), 0.0056140 secs] 16043K->2126K(21888K), [CMS Perm : 5141K->5141K(21248K)], 0.0056540 secs] [Times: user=0.01 sys=0.00, real=0.01 secs] 
138.950: Total time for which application threads were stopped: 0.0057810 seconds, Stopping threads took: 0.0000850 seconds
138.951: Application time: 0.0008820 seconds
138.991: [GC138.991: [ParNew: 5387K->594K(6144K), 0.0016800 secs] 7513K->7227K(21888K), 0.0017130 secs] [Times: user=0.01 sys=0.00, real=0.00 secs] 
138.993: Total time for which application threads were stopped: 0.0417790 seconds, Stopping threads took: 0.0399940 seconds
138.993: Application time: 0.0000450 seconds
138.993: [GC [1 CMS-initial-mark: 6633K(15744K)] 7617K(21888K), 0.0000930 secs] [Times: user=0.00 sys=0.00, real=0.00 secs] 
138.993: Total time for which application threads were stopped: 0.0004620 seconds, Stopping threads took: 0.0003480 seconds
138.993: [CMS-concurrent-mark-start]
138.997: [CMS-concurrent-mark: 0.003/0.003 secs] [Times: user=0.02 sys=0.00, real=0.00 secs] 
138.997: [CMS-concurrent-preclean-start]
138.997: [CMS-concurrent-preclean: 0.000/0.000 secs] [Times: user=0.00 sys=0.00, real=0.00 secs] 
138.997: [CMS-concurrent-abortable-preclean-start]
139.085: Application time: 0.0916920 seconds
139.145: [GC139.145: [ParNew: 5981K->596K(6144K), 0.0004430 secs] 12614K->7424K(21888K), 0.0004790 secs] [Times: user=0.00 sys=0.00, real=0.00 secs] 
139.145: Total time for which application threads were stopped: 0.0604050 seconds, Stopping threads took: 0.0598360 seconds
139.146: Application time: 0.0007440 seconds
139.186: [GC139.186: [ParNew: 5984K->600K(6144K), 0.0016520 secs] 12812K->11923K(21888K), 0.0016860 secs] [Times: user=0.01 sys=0.00, real=0.01 secs] 
139.188: Total time for which application threads were stopped: 0.0417700 seconds, Stopping threads took: 0.0400100 seconds
139.265: Application time: 0.0772530 seconds
139.269: [GC139.269: [ParNew: 6066K->6066K(6144K), 0.0000130 secs]139.269: [CMS139.269: [CMS-concurrent-abortable-preclean: 0.000/0.272 secs] [Times: user=1.52 sys=0.06, real=0.28 secs] 
 (concurrent mode failure): 11323K->3200K(15744K), 0.0061780 secs] 17389K->3200K(21888K), [CMS Perm : 5141K->5141K(21248K)], 0.0062420 secs] [Times: user=0.01 sys=0.00, real=0.00 secs] 
139.275: Total time for which application threads were stopped: 0.0096330 seconds, Stopping threads took: 0.0033030 seconds
139.276: Application time: 0.0012010 seconds
139.316: [GC139.316: [ParNew: 5466K->628K(6144K), 0.0014960 secs] 8667K->7257K(21888K), 0.0015390 secs] [Times: user=0.01 sys=0.00, real=0.00 secs] 
139.318: Total time for which application threads were stopped: 0.0415540 seconds, Stopping threads took: 0.0399340 seconds
139.318: Application time: 0.0000760 seconds
139.358: [GC [1 CMS-initial-mark: 6629K(15744K)] 7558K(21888K), 0.0001080 secs] [Times: user=0.00 sys=0.00, real=0.00 secs] 
139.358: Total time for which application threads were stopped: 0.0399520 seconds, Stopping threads took: 0.0397950 seconds
139.358: [CMS-concurrent-mark-start]
139.364: Application time: 0.0064300 seconds
139.436: [GC139.436: [ParNew: 6094K->432K(6144K), 0.0005390 secs] 12723K->7488K(21888K), 0.0005730 secs] [Times: user=0.00 sys=0.00, real=0.00 secs] 
139.437: Total time for which application threads were stopped: 0.0725460 seconds, Stopping threads took: 0.0719040 seconds
139.437: [CMS-concurrent-mark: 0.007/0.079 secs] [Times: user=0.58 sys=0.04, real=0.08 secs] 
139.437: [CMS-concurrent-preclean-start]
139.437: [CMS-concurrent-preclean: 0.000/0.000 secs] [Times: user=0.00 sys=0.00, real=0.00 secs] 
139.437: [CMS-concurrent-abortable-preclean-start]
139.438: Application time: 0.0008420 seconds
139.479: [GC139.479: [ParNew: 5860K->586K(6144K), 0.0012080 secs] 12916K->10991K(21888K), 0.0012400 secs] [Times: user=0.01 sys=0.00, real=0.01 secs] 
139.480: Total time for which application threads were stopped: 0.0424900 seconds, Stopping threads took: 0.0411980 seconds
139.557: Application time: 0.0767560 seconds
139.559: [GC139.559: [ParNew: 5935K->5935K(6144K), 0.0000120 secs]139.559: [CMS139.559: [CMS-concurrent-abortable-preclean: 0.000/0.121 secs] [Times: user=0.73 sys=0.03, real=0.12 secs] 
 (concurrent mode failure): 10405K->1737K(15744K), 0.0051810 secs] 16340K->1737K(21888K), [CMS Perm : 5141K->5141K(21248K)], 0.0052470 secs] [Times: user=0.01 sys=0.00, real=0.01 secs] 
139.564: Total time for which application threads were stopped: 0.0072900 seconds, Stopping threads took: 0.0019570 seconds
139.565: Application time: 0.0008180 seconds
139.565: [GC139.565: [ParNew: 5483K->600K(6144K), 0.0017260 secs] 7221K->7237K(21888K), 0.0017540 secs] [Times: user=0.01 sys=0.00, real=0.00 secs] 
139.567: Total time for which application threads were stopped: 0.0021900 seconds, Stopping threads took: 0.0003640 seconds
139.567: Application time: 0.0001290 seconds
139.567: [GC [1 CMS-initial-mark: 6637K(15744K)] 8612K(21888K), 0.0000810 secs] [Times: user=0.00 sys=0.00, real=0.00 secs] 
139.568: Total time for which application threads were stopped: 0.0003400 seconds, Stopping threads took: 0.0002360 seconds
139.568: [CMS-concurrent-mark-start]
139.575: [CMS-concurrent-mark: 0.007/0.007 secs] [Times: user=0.04 sys=0.00, real=0.00 secs] 
139.575: [CMS-concurrent-preclean-start]
139.575: [CMS-concurrent-preclean: 0.000/0.000 secs] [Times: user=0.00 sys=0.00, real=0.00 secs] 
139.575: [CMS-concurrent-abortable-preclean-start]
139.662: Application time: 0.0948920 seconds
139.718: [GC139.718: [ParNew: 5890K->402K(6144K), 0.0005250 secs] 12527K->7041K(21888K), 0.0005590 secs] [Times: user=0.00 sys=0.01, real=0.00 secs] 
139.719: Total time for which application threads were stopped: 0.0561540 seconds, Stopping threads took: 0.0555210 seconds
139.719: Application time: 0.0006930 seconds
139.771: [GC139.771: [ParNew: 5886K->498K(6144K), 0.0009070 secs] 12525K->9286K(21888K), 0.0009370 secs] [Times: user=0.01 sys=0.00, real=0.00 secs] 
139.772: Total time for which application threads were stopped: 0.0524680 seconds, Stopping threads took: 0.0514600 seconds
139.773: Application time: 0.0009070 seconds
139.848: [GC139.848: [ParNew: 5984K->602K(6144K), 0.0017810 secs] 14772K->13687K(21888K), 0.0018210 secs] [Times: user=0.01 sys=0.00, real=0.00 secs] 
139.850: Total time for which application threads were stopped: 0.0775490 seconds, Stopping threads took: 0.0756430 seconds
139.929: Application time: 0.0783290 seconds
139.950: [CMS-concurrent-abortable-preclean: 0.001/0.376 secs] [Times: user=1.93 sys=0.13, real=0.38 secs] 
139.970: [GC139.970: [ParNew: 5990K->5990K(6144K), 0.0000140 secs]139.970: [CMS (concurrent mode failure): 13085K->1933K(15744K), 0.0064430 secs] 19075K->1933K(21888K), [CMS Perm : 5141K->5141K(21248K)], 0.0065020 secs] [Times: user=0.00 sys=0.00, real=0.00 secs] 
139.976: Total time for which application threads were stopped: 0.0476680 seconds, Stopping threads took: 0.0410810 seconds
139.977: Application time: 0.0009610 seconds
139.978: [GC139.978: [ParNew: 5288K->600K(6144K), 0.0016430 secs] 7221K->7237K(21888K), 0.0016670 secs] [Times: user=0.01 sys=0.00, real=0.00 secs] 
139.979: Total time for which application threads were stopped: 0.0022360 seconds, Stopping threads took: 0.0005010 seconds
139.979: Application time: 0.0000620 seconds
139.980: [GC [1 CMS-initial-mark: 6637K(15744K)] 8317K(21888K), 0.0000940 secs] [Times: user=0.00 sys=0.00, real=0.00 secs] 
139.980: Total time for which application threads were stopped: 0.0004710 seconds, Stopping threads took: 0.0003320 seconds
139.980: [CMS-concurrent-mark-start]
139.984: [CMS-concurrent-mark: 0.003/0.003 secs] [Times: user=0.03 sys=0.00, real=0.00 secs] 
139.984: [CMS-concurrent-preclean-start]
139.984: [CMS-concurrent-preclean: 0.000/0.000 secs] [Times: user=0.00 sys=0.00, real=0.00 secs] 
139.984: [CMS-concurrent-abortable-preclean-start]
140.062: Application time: 0.0822960 seconds
140.104: [GC140.104: [ParNew: 5890K->402K(6144K), 0.0006380 secs] 12527K->7041K(21888K), 0.0006730 secs] [Times: user=0.00 sys=0.00, real=0.00 secs] 
140.104: Total time for which application threads were stopped: 0.0421490 seconds, Stopping threads took: 0.0414010 seconds
140.105: Application time: 0.0005380 seconds
140.105: [GC140.105: [ParNew: 5886K->600K(6144K), 0.0018240 secs] 12524K->12512K(21888K), 0.0018580 secs] [Times: user=0.01 sys=0.00, real=0.00 secs] 
140.107: Total time for which application threads were stopped: 0.0023370 seconds, Stopping threads took: 0.0004260 seconds
140.185: Application time: 0.0775300 seconds
140.207: [CMS-concurrent-abortable-preclean: 0.000/0.224 secs] [Times: user=1.44 sys=0.04, real=0.23 secs] 
140.228: [GC140.228: [ParNew: 6085K->6085K(6144K), 0.0000130 secs]140.228: [CMS (concurrent mode failure): 11912K->1933K(15744K), 0.0061810 secs] 17997K->1933K(21888K), [CMS Perm : 5141K->5141K(21248K)], 0.0062390 secs] [Times: user=0.00 sys=0.00, real=0.00 secs] 
140.234: Total time for which application threads were stopped: 0.0491860 seconds, Stopping threads took: 0.0428770 seconds
140.235: Application time: 0.0008470 seconds
140.235: [GC140.235: [ParNew: 5288K->598K(6144K), 0.0014810 secs] 7221K->7233K(21888K), 0.0015080 secs] [Times: user=0.01 sys=0.00, real=0.00 secs] 
140.237: Total time for which application threads were stopped: 0.0017790 seconds, Stopping threads took: 0.0002200 seconds
140.237: Application time: 0.0000180 seconds
140.237: [GC [1 CMS-initial-mark: 6635K(15744K)] 7623K(21888K), 0.0000830 secs] [Times: user=0.00 sys=0.00, real=0.00 secs] 
140.237: Total time for which application threads were stopped: 0.0002560 seconds, Stopping threads took: 0.0001550 seconds
140.237: [CMS-concurrent-mark-start]
140.240: [CMS-concurrent-mark: 0.003/0.003 secs] [Times: user=0.02 sys=0.00, real=0.01 secs] 
140.240: [CMS-concurrent-preclean-start]
140.240: [CMS-concurrent-preclean: 0.000/0.000 secs] [Times: user=0.00 sys=0.00, real=0.00 secs] 
140.240: [CMS-concurrent-abortable-preclean-start]
140.332: Application time: 0.0950880 seconds
140.392: [GC140.392: [ParNew: 5888K->400K(6144K), 0.0003230 secs] 12523K->7039K(21888K), 0.0003590 secs] [Times: user=0.00 sys=0.00, real=0.00 secs] 
140.393: Total time for which application threads were stopped: 0.0606690 seconds, Stopping threads took: 0.0602550 seconds
140.393: Application time: 0.0005720 seconds
140.394: [GC140.394: [ParNew: 5886K->600K(6144K), 0.0016540 secs] 12525K->12512K(21888K), 0.0016870 secs] [Times: user=0.01 sys=0.00, real=0.00 secs] 
140.395: Total time for which application threads were stopped: 0.0022010 seconds, Stopping threads took: 0.0004300 seconds
140.473: Application time: 0.0771360 seconds
140.496: [CMS-concurrent-abortable-preclean: 0.000/0.255 secs] [Times: user=1.60 sys=0.05, real=0.25 secs] 
140.514: [GC140.514: [ParNew: 6085K->6085K(6144K), 0.0000130 secs]140.514: [CMS (concurrent mode failure): 11912K->3007K(15744K), 0.0060770 secs] 17998K->3007K(21888K), [CMS Perm : 5141K->5141K(21248K)], 0.0061340 secs] [Times: user=0.01 sys=0.00, real=0.01 secs] 
140.520: Total time for which application threads were stopped: 0.0476580 seconds, Stopping threads took: 0.0414430 seconds
140.521: Application time: 0.0010460 seconds
140.576: [GC140.576: [ParNew: 5485K->600K(6144K), 0.0017440 secs] 8493K->8504K(21888K), 0.0017740 secs] [Times: user=0.01 sys=0.00, real=0.00 secs] 
140.578: Total time for which application threads were stopped: 0.0567810 seconds, Stopping threads took: 0.0549350 seconds
140.578: Application time: 0.0000470 seconds
140.578: [GC [1 CMS-initial-mark: 7904K(15744K)] 9096K(21888K), 0.0000980 secs] [Times: user=0.00 sys=0.00, real=0.00 secs] 
140.578: Total time for which application threads were stopped: 0.0003060 seconds, Stopping threads took: 0.0001610 seconds
140.578: [CMS-concurrent-mark-start]
140.582: [CMS-concurrent-mark: 0.004/0.004 secs] [Times: user=0.01 sys=0.00, real=0.01 secs] 
140.582: [CMS-concurrent-preclean-start]
140.582: [CMS-concurrent-preclean: 0.000/0.000 secs] [Times: user=0.00 sys=0.00, real=0.00 secs] 
140.582: [CMS-concurrent-abortable-preclean-start]
140.658: Application time: 0.0790820 seconds
140.699: [GC140.699: [ParNew: 6085K->402K(6144K), 0.0005910 secs] 13990K->8701K(21888K), 0.0006280 secs] [Times: user=0.00 sys=0.00, real=0.01 secs] 
140.700: Total time for which application threads were stopped: 0.0422060 seconds, Stopping threads took: 0.0415020 seconds
140.700: Application time: 0.0005810 seconds
140.740: [GC140.740: [ParNew: 5790K->602K(6144K), 0.0013780 secs] 14089K->13393K(21888K), 0.0014140 secs] [Times: user=0.01 sys=0.00, real=0.00 secs] 
140.742: Total time for which application threads were stopped: 0.0414380 seconds, Stopping threads took: 0.0399390 seconds
140.820: Application time: 0.0781630 seconds
140.842: [CMS-concurrent-abortable-preclean: 0.000/0.260 secs] [Times: user=1.47 sys=0.06, real=0.26 secs] 
140.861: [GC140.861: [ParNew: 5794K->5794K(6144K), 0.0000130 secs]140.861: [CMS (concurrent mode failure): 12791K->1933K(15744K), 0.0065840 secs] 18585K->1933K(21888K), [CMS Perm : 5141K->5141K(21248K)], 0.0066380 secs] [Times: user=0.00 sys=0.00, real=0.01 secs] 
140.868: Total time for which application threads were stopped: 0.0477010 seconds, Stopping threads took: 0.0409800 seconds
140.868: Application time: 0.0008840 seconds
140.869: [GC140.869: [ParNew: 5483K->602K(6144K), 0.0015690 secs] 7416K->7434K(21888K), 0.0015970 secs] [Times: user=0.01 sys=0.00, real=0.00 secs] 
140.871: Total time for which application threads were stopped: 0.0021220 seconds, Stopping threads took: 0.0004520 seconds
140.871: Application time: 0.0000670 seconds
140.871: [GC [1 CMS-initial-mark: 6832K(15744K)] 8319K(21888K), 0.0000980 secs] [Times: user=0.00 sys=0.00, real=0.00 secs] 
140.871: Total time for which application threads were stopped: 0.0004610 seconds, Stopping threads took: 0.0003380 seconds
140.871: [CMS-concurrent-mark-start]
140.879: [CMS-concurrent-mark: 0.008/0.008 secs] [Times: user=0.04 sys=0.00, real=0.00 secs] 
140.879: [CMS-concurrent-preclean-start]
140.879: [CMS-concurrent-preclean: 0.000/0.000 secs] [Times: user=0.00 sys=0.00, real=0.00 secs] 
140.879: [CMS-concurrent-abortable-preclean-start]
140.968: Application time: 0.0966060 seconds
141.022: [GC141.022: [ParNew: 6087K->398K(6144K), 0.0004310 secs] 12920K->7623K(21888K), 0.0004660 secs] [Times: user=0.01 sys=0.00, real=0.00 secs] 
141.023: Total time for which application threads were stopped: 0.0549080 seconds, Stopping threads took: 0.0543650 seconds
141.024: Application time: 0.0008380 seconds
141.076: [GC141.076: [ParNew: 5865K->630K(6144K), 0.0016500 secs] 13089K->12347K(21888K), 0.0016940 secs] [Times: user=0.01 sys=0.00, real=0.00 secs] 
141.077: Total time for which application threads were stopped: 0.0538820 seconds, Stopping threads took: 0.0521150 seconds
141.156: Application time: 0.0783090 seconds
141.178: [CMS-concurrent-abortable-preclean: 0.000/0.299 secs] [Times: user=1.64 sys=0.08, real=0.30 secs] 
141.198: [GC141.198: [ParNew: 6017K->6017K(6144K), 0.0000120 secs]141.198: [CMS (concurrent mode failure): 11717K->2128K(15744K), 0.0052690 secs] 17735K->2128K(21888K), [CMS Perm : 5141K->5141K(21248K)], 0.0053220 secs] [Times: user=0.00 sys=0.00, real=0.01 secs] 
141.204: Total time for which application threads were stopped: 0.0479610 seconds, Stopping threads took: 0.0425790 seconds
141.205: Application time: 0.0010350 seconds
141.245: [GC141.245: [ParNew: 5368K->532K(6144K), 0.0014600 secs] 7497K->7165K(21888K), 0.0014920 secs] [Times: user=0.01 sys=0.00, real=0.00 secs] 
141.246: Total time for which application threads were stopped: 0.0413740 seconds, Stopping threads took: 0.0398000 seconds
141.246: Application time: 0.0000600 seconds
141.246: [GC [1 CMS-initial-mark: 6633K(15744K)] 7853K(21888K), 0.0001120 secs] [Times: user=0.00 sys=0.00, real=0.00 secs] 
141.246: Total time for which application threads were stopped: 0.0003330 seconds, Stopping threads took: 0.0001940 seconds
141.247: [CMS-concurrent-mark-start]
141.250: [CMS-concurrent-mark: 0.003/0.003 secs] [Times: user=0.01 sys=0.00, real=0.01 secs] 
141.250: [CMS-concurrent-preclean-start]
141.250: [CMS-concurrent-preclean: 0.000/0.000 secs] [Times: user=0.00 sys=0.00, real=0.00 secs] 
141.250: [CMS-concurrent-abortable-preclean-start]
141.334: Application time: 0.0873390 seconds
141.378: [GC141.378: [ParNew: 5705K->434K(6144K), 0.0005910 secs] 12338K->7102K(21888K), 0.0006230 secs] [Times: user=0.00 sys=0.00, real=0.00 secs] 
141.379: Total time for which application threads were stopped: 0.0452240 seconds, Stopping threads took: 0.0445240 seconds
141.380: Application time: 0.0007340 seconds
141.380: [GC141.380: [ParNew: 5784K->634K(6144K), 0.0014840 secs] 12451K->12334K(21888K), 0.0015140 secs] [Times: user=0.01 sys=0.00, real=0.00 secs] 
141.382: Total time for which application threads were stopped: 0.0018240 seconds, Stopping threads took: 0.0002350 seconds
141.460: Application time: 0.0783290 seconds
141.482: [CMS-concurrent-abortable-preclean: 0.001/0.232 secs] [Times: user=1.46 sys=0.04, real=0.23 secs] 
141.501: [GC141.501: [ParNew: 6002K->6002K(6144K), 0.0000130 secs]141.501: [CMS (concurrent mode failure): 11700K->2519K(15744K), 0.0067870 secs] 17703K->2519K(21888K), [CMS Perm : 5141K->5141K(21248K)], 0.0068420 secs] [Times: user=0.01 sys=0.00, real=0.01 secs] 
141.508: Total time for which application threads were stopped: 0.0475830 seconds, Stopping threads took: 0.0406560 seconds
141.509: Application time: 0.0012350 seconds
141.581: [GC141.581: [ParNew: 5466K->628K(6144K), 0.0010620 secs] 7985K->5890K(21888K), 0.0010930 secs] [Times: user=0.01 sys=0.00, real=0.00 secs] 
141.582: Total time for which application threads were stopped: 0.0729480 seconds, Stopping threads took: 0.0717830 seconds
141.582: Application time: 0.0000620 seconds
141.582: [GC [1 CMS-initial-mark: 5262K(15744K)] 7265K(21888K), 0.0001030 secs] [Times: user=0.00 sys=0.00, real=0.00 secs] 
141.582: Total time for which application threads were stopped: 0.0003290 seconds, Stopping threads took: 0.0002020 seconds
141.582: [CMS-concurrent-mark-start]
141.586: [CMS-concurrent-mark: 0.004/0.004 secs] [Times: user=0.02 sys=0.00, real=0.00 secs] 
141.586: [CMS-concurrent-preclean-start]
141.586: [CMS-concurrent-preclean: 0.000/0.000 secs] [Times: user=0.00 sys=0.00, real=0.00 secs] 
141.586: [CMS-concurrent-abortable-preclean-start]
141.667: Application time: 0.0846200 seconds
141.684: [GC141.684: [ParNew: 6113K->209K(6144K), 0.0005700 secs] 11375K->5509K(21888K), 0.0006050 secs] [Times: user=0.00 sys=0.00, real=0.00 secs] 
141.684: Total time for which application threads were stopped: 0.0175800 seconds, Stopping threads took: 0.0169000 seconds
141.685: Application time: 0.0005890 seconds
141.685: [GC141.685: [ParNew: 5695K->602K(6144K), 0.0015310 secs] 10995K->10980K(21888K), 0.0015750 secs] [Times: user=0.01 sys=0.00, real=0.00 secs] 
141.687: Total time for which application threads were stopped: 0.0019120 seconds, Stopping threads took: 0.0002820 seconds
141.764: Application time: 0.0773890 seconds
141.787: [CMS-concurrent-abortable-preclean: 0.000/0.201 secs] [Times: user=1.37 sys=0.03, real=0.20 secs] 
141.805: [GC141.805: [ParNew: 5872K->5872K(6144K), 0.0000130 secs]141.805: [CMS (concurrent mode failure): 10378K->2519K(15744K), 0.0060230 secs] 16250K->2519K(21888K), [CMS Perm : 5141K->5141K(21248K)], 0.0060840 secs] [Times: user=0.01 sys=0.00, real=0.01 secs] 
141.811: Total time for which application threads were stopped: 0.0469490 seconds, Stopping threads took: 0.0407720 seconds
141.812: Application time: 0.0009920 seconds
141.853: [GC141.853: [ParNew: 5386K->600K(6144K), 0.0017410 secs] 7905K->7626K(21888K), 0.0017720 secs] [Times: user=0.01 sys=0.00, real=0.00 secs] 
141.855: Total time for which application threads were stopped: 0.0424970 seconds, Stopping threads took: 0.0406510 seconds
141.855: Application time: 0.0000530 seconds
141.855: [GC [1 CMS-initial-mark: 7026K(15744K)] 8513K(21888K), 0.0001010 secs] [Times: user=0.00 sys=0.00, real=0.00 secs] 
141.855: Total time for which application threads were stopped: 0.0002100 seconds, Stopping threads took: 0.0000610 seconds
141.855: [CMS-concurrent-mark-start]
141.859: [CMS-concurrent-mark: 0.004/0.004 secs] [Times: user=0.02 sys=0.00, real=0.00 secs] 
141.859: [CMS-concurrent-preclean-start]
141.859: [CMS-concurrent-preclean: 0.000/0.000 secs] [Times: user=0.00 sys=0.00, real=0.00 secs] 
141.859: [CMS-concurrent-abortable-preclean-start]
141.943: Application time: 0.0880350 seconds
141.983: [GC141.983: [ParNew: 6085K->211K(6144K), 0.0004470 secs] 13112K->7241K(21888K), 0.0004810 secs] [Times: user=0.00 sys=0.00, real=0.00 secs] 
141.984: Total time for which application threads were stopped: 0.0407020 seconds, Stopping threads took: 0.0401670 seconds
141.984: Application time: 0.0004540 seconds
141.984: [GC141.984: [ParNew: 5501K->602K(6144K), 0.0018370 secs] 12531K->12514K(21888K), 0.0018680 secs] [Times: user=0.01 sys=0.00, real=0.00 secs] 
141.986: Total time for which application threads were stopped: 0.0022740 seconds, Stopping threads took: 0.0003310 seconds
142.064: Application time: 0.0775510 seconds
142.065: [GC142.065: [ParNew: 5892K->5892K(6144K), 0.0000130 secs]142.065: [CMS142.065: [CMS-concurrent-abortable-preclean: 0.000/0.207 secs] [Times: user=1.44 sys=0.03, real=0.21 secs] 
 (concurrent mode failure): 11912K->3496K(15744K), 0.0054310 secs] 17804K->3496K(21888K), [CMS Perm : 5141K->5141K(21248K)], 0.0054980 secs] [Times: user=0.00 sys=0.00, real=0.01 secs] 
142.071: Total time for which application threads were stopped: 0.0068620 seconds, Stopping threads took: 0.0012750 seconds
142.072: Application time: 0.0011940 seconds
142.135: [GC142.135: [ParNew: 5485K->500K(6144K), 0.0038230 secs] 8981K->7522K(21888K), 0.0038560 secs] [Times: user=0.02 sys=0.00, real=0.00 secs] 
142.139: Total time for which application threads were stopped: 0.0665410 seconds, Stopping threads took: 0.0626090 seconds
142.139: Application time: 0.0000950 seconds
142.178: [GC [1 CMS-initial-mark: 7022K(15744K)] 7720K(21888K), 0.0001100 secs] [Times: user=0.00 sys=0.00, real=0.00 secs] 
142.179: Total time for which application threads were stopped: 0.0399110 seconds, Stopping threads took: 0.0397770 seconds
142.179: [CMS-concurrent-mark-start]
142.185: [CMS-concurrent-mark: 0.007/0.007 secs] [Times: user=0.04 sys=0.00, real=0.01 secs] 
142.185: [CMS-concurrent-preclean-start]
142.185: [CMS-concurrent-preclean: 0.000/0.000 secs] [Times: user=0.00 sys=0.00, real=0.00 secs] 
142.185: [CMS-concurrent-abortable-preclean-start]
142.258: Application time: 0.0795730 seconds
142.268: [GC142.268: [ParNew: 5986K->209K(6144K), 0.0002940 secs] 13008K->7234K(21888K), 0.0003250 secs] [Times: user=0.00 sys=0.00, real=0.00 secs] 
142.269: Total time for which application threads were stopped: 0.0105670 seconds, Stopping threads took: 0.0101760 seconds
142.269: Application time: 0.0004430 seconds
142.269: [GC142.269: [ParNew: 5499K->602K(6144K), 0.0014140 secs] 12525K->12514K(21888K), 0.0014460 secs] [Times: user=0.01 sys=0.00, real=0.00 secs] 
142.271: Total time for which application threads were stopped: 0.0017370 seconds, Stopping threads took: 0.0002380 seconds
142.349: Application time: 0.0776340 seconds
142.350: [GC142.350: [ParNew: 6087K->6087K(6144K), 0.0000120 secs]142.350: [CMS142.350: [CMS-concurrent-abortable-preclean: 0.000/0.164 secs] [Times: user=1.26 sys=0.01, real=0.17 secs] 
 (concurrent mode failure): 11912K->3691K(15744K), 0.0062350 secs] 17999K->3691K(21888K), [CMS Perm : 5141K->5141K(21248K)], 0.0063020 secs] [Times: user=0.01 sys=0.00, real=0.00 secs] 
142.356: Total time for which application threads were stopped: 0.0075590 seconds, Stopping threads took: 0.0011790 seconds
142.357: Application time: 0.0012220 seconds
142.426: [GC142.426: [ParNew: 5485K->502K(6144K), 0.0015420 secs] 9177K->8305K(21888K), 0.0015800 secs] [Times: user=0.01 sys=0.00, real=0.01 secs] 
142.428: Total time for which application threads were stopped: 0.0707160 seconds, Stopping threads took: 0.0690780 seconds
142.428: Application time: 0.0001970 seconds
142.468: [GC [1 CMS-initial-mark: 7803K(15744K)] 9195K(21888K), 0.0001070 secs] [Times: user=0.00 sys=0.00, real=0.00 secs] 
142.468: Total time for which application threads were stopped: 0.0399580 seconds, Stopping threads took: 0.0398250 seconds
142.468: [CMS-concurrent-mark-start]
142.471: [CMS-concurrent-mark: 0.003/0.003 secs] [Times: user=0.01 sys=0.00, real=0.00 secs] 
142.471: [CMS-concurrent-preclean-start]
142.471: [CMS-concurrent-preclean: 0.000/0.000 secs] [Times: user=0.00 sys=0.00, real=0.00 secs] 
142.471: [CMS-concurrent-abortable-preclean-start]
142.556: Application time: 0.0879230 seconds
142.561: [GC142.561: [ParNew: 5988K->404K(6144K), 0.0003140 secs] 13791K->8210K(21888K), 0.0003490 secs] [Times: user=0.01 sys=0.00, real=0.00 secs] 
142.561: Total time for which application threads were stopped: 0.0051020 seconds, Stopping threads took: 0.0046940 seconds
142.562: Application time: 0.0005130 seconds
142.562: [GC142.562: [ParNew: 5888K->600K(6144K), 0.0017160 secs] 13694K->13684K(21888K), 0.0017500 secs] [Times: user=0.01 sys=0.00, real=0.00 secs] 
142.564: Total time for which application threads were stopped: 0.0022030 seconds, Stopping threads took: 0.0003990 seconds
142.642: Application time: 0.0779040 seconds
142.644: [GC142.644: [ParNew: 5987K->5987K(6144K), 0.0000130 secs]142.644: [CMS142.644: [CMS-concurrent-abortable-preclean: 0.000/0.173 secs] [Times: user=1.35 sys=0.00, real=0.17 secs] 
 (concurrent mode failure): 13084K->3984K(15744K), 0.0062380 secs] 19072K->3984K(21888K), [CMS Perm : 5141K->5141K(21248K)], 0.0063070 secs] [Times: user=0.01 sys=0.00, real=0.01 secs] 
142.650: Total time for which application threads were stopped: 0.0082320 seconds, Stopping threads took: 0.0018530 seconds
142.651: Application time: 0.0012430 seconds
142.691: [GC142.691: [ParNew: 5485K->600K(6144K), 0.0015160 secs] 9470K->8891K(21888K), 0.0015500 secs] [Times: user=0.01 sys=0.00, real=0.00 secs] 
142.693: Total time for which application threads were stopped: 0.0414300 seconds, Stopping threads took: 0.0398230 seconds
142.693: Application time: 0.0000900 seconds
142.748: [GC [1 CMS-initial-mark: 8291K(15744K)] 9392K(21888K), 0.0001140 secs] [Times: user=0.00 sys=0.00, real=0.00 secs] 
142.748: Total time for which application threads were stopped: 0.0549550 seconds, Stopping threads took: 0.0548160 seconds
142.748: [CMS-concurrent-mark-start]
142.752: [CMS-concurrent-mark: 0.004/0.004 secs] [Times: user=0.03 sys=0.00, real=0.00 secs] 
142.752: [CMS-concurrent-preclean-start]
142.752: [CMS-concurrent-preclean: 0.000/0.000 secs] [Times: user=0.00 sys=0.00, real=0.00 secs] 
142.752: [CMS-concurrent-abortable-preclean-start]
142.756: Application time: 0.0079910 seconds
142.827: [GC142.827: [ParNew: 5792K->406K(6144K), 0.0005480 secs] 14084K->8699K(21888K), 0.0005890 secs] [Times: user=0.01 sys=0.00, real=0.01 secs] 
142.828: Total time for which application threads were stopped: 0.0720470 seconds, Stopping threads took: 0.0714030 seconds
142.829: Application time: 0.0006980 seconds
142.829: [GC142.829: [ParNew: 5871K->532K(6144K), 0.0015560 secs] 14163K->14103K(21888K), 0.0015910 secs] [Times: user=0.01 sys=0.00, real=0.00 secs] 
142.830: Total time for which application threads were stopped: 0.0018530 seconds, Stopping threads took: 0.0002080 seconds
142.909: Application time: 0.0782400 seconds
142.931: [CMS-concurrent-abortable-preclean: 0.000/0.179 secs] [Times: user=1.20 sys=0.06, real=0.18 secs] 
142.950: [GC142.950: [ParNew: 6026K->6026K(6144K), 0.0000140 secs]142.950: [CMS (concurrent mode failure): 13570K->2894K(15744K), 0.0068540 secs] 19596K->2894K(21888K), [CMS Perm : 5141K->5141K(21248K)], 0.0069080 secs] [Times: user=0.00 sys=0.00, real=0.00 secs] 
142.957: Total time for which application threads were stopped: 0.0478830 seconds, Stopping threads took: 0.0408830 seconds
142.958: Application time: 0.0013410 seconds
143.019: [GC143.019: [ParNew: 5358K->628K(6144K), 0.0014390 secs] 8252K->7636K(21888K), 0.0014700 secs] [Times: user=0.01 sys=0.01, real=0.01 secs] 
143.021: Total time for which application threads were stopped: 0.0628860 seconds, Stopping threads took: 0.0613610 seconds
143.021: Application time: 0.0000630 seconds
143.021: [GC [1 CMS-initial-mark: 7008K(15744K)] 8230K(21888K), 0.0000900 secs] [Times: user=0.00 sys=0.00, real=0.00 secs] 
143.021: Total time for which application threads were stopped: 0.0002500 seconds, Stopping threads took: 0.0001370 seconds
143.021: [CMS-concurrent-mark-start]
143.025: [CMS-concurrent-mark: 0.004/0.004 secs] [Times: user=0.02 sys=0.00, real=0.00 secs] 
143.025: [CMS-concurrent-preclean-start]
143.025: [CMS-concurrent-preclean: 0.000/0.000 secs] [Times: user=0.00 sys=0.00, real=0.00 secs] 
143.025: [CMS-concurrent-abortable-preclean-start]
143.108: Application time: 0.0868010 seconds
143.149: [GC143.149: [ParNew: 6016K->400K(6144K), 0.0003550 secs] 13024K->7440K(21888K), 0.0003880 secs] [Times: user=0.00 sys=0.00, real=0.00 secs] 
143.149: Total time for which application threads were stopped: 0.0414440 seconds, Stopping threads took: 0.0409960 seconds
143.150: Application time: 0.0007730 seconds
143.150: [GC143.150: [ParNew: 5884K->600K(6144K), 0.0016430 secs] 12924K->12915K(21888K), 0.0016720 secs] [Times: user=0.01 sys=0.00, real=0.00 secs] 
143.152: Total time for which application threads were stopped: 0.0020640 seconds, Stopping threads took: 0.0003460 seconds
143.230: Application time: 0.0776110 seconds
143.232: [GC143.232: [ParNew: 6046K->6046K(6144K), 0.0000150 secs]143.232: [CMS143.232: [CMS-concurrent-abortable-preclean: 0.000/0.207 secs] [Times: user=1.40 sys=0.03, real=0.21 secs] 
 (concurrent mode failure): 12315K->3886K(15744K), 0.0062870 secs] 18362K->3886K(21888K), [CMS Perm : 5141K->5141K(21248K)], 0.0063550 secs] [Times: user=0.01 sys=0.00, real=0.00 secs] 
143.239: Total time for which application threads were stopped: 0.0090220 seconds, Stopping threads took: 0.0025970 seconds
143.240: Application time: 0.0012000 seconds
143.309: [GC143.309: [ParNew: 5466K->628K(6144K), 0.0012060 secs] 9353K->7550K(21888K), 0.0012430 secs] [Times: user=0.01 sys=0.00, real=0.00 secs] 
143.310: Total time for which application threads were stopped: 0.0698080 seconds, Stopping threads took: 0.0685060 seconds
143.310: Application time: 0.0000460 seconds
143.310: [GC [1 CMS-initial-mark: 6922K(15744K)] 7845K(21888K), 0.0000920 secs] [Times: user=0.00 sys=0.00, real=0.00 secs] 
143.310: Total time for which application threads were stopped: 0.0002690 seconds, Stopping threads took: 0.0001560 seconds
143.310: [CMS-concurrent-mark-start]
143.313: [CMS-concurrent-mark: 0.003/0.003 secs] [Times: user=0.01 sys=0.00, real=0.00 secs] 
143.313: [CMS-concurrent-preclean-start]
143.314: [CMS-concurrent-preclean: 0.000/0.000 secs] [Times: user=0.00 sys=0.00, real=0.00 secs] 
143.314: [CMS-concurrent-abortable-preclean-start]
143.387: Application time: 0.0770840 seconds
143.393: [GC143.393: [ParNew: 6016K->400K(6144K), 0.0005160 secs] 12938K->7361K(21888K), 0.0005500 secs] [Times: user=0.00 sys=0.00, real=0.00 secs] 
143.394: Total time for which application threads were stopped: 0.0066390 seconds, Stopping threads took: 0.0060100 seconds
143.395: Application time: 0.0007450 seconds
143.395: [GC143.395: [ParNew: 5847K->626K(6144K), 0.0014580 secs] 12808K->12697K(21888K), 0.0014900 secs] [Times: user=0.01 sys=0.00, real=0.00 secs] 
143.396: Total time for which application threads were stopped: 0.0017890 seconds, Stopping threads took: 0.0002420 seconds
143.474: Application time: 0.0771730 seconds
143.497: [CMS-concurrent-abortable-preclean: 0.001/0.183 secs] [Times: user=1.29 sys=0.02, real=0.18 secs] 
143.514: [GC143.514: [ParNew: 6111K->6111K(6144K), 0.0000120 secs]143.514: [CMS (concurrent mode failure): 12071K->2813K(15744K), 0.0060920 secs] 18182K->2813K(21888K), [CMS Perm : 5141K->5141K(21248K)], 0.0061500 secs] [Times: user=0.00 sys=0.00, real=0.01 secs] 
143.521: Total time for which application threads were stopped: 0.0469950 seconds, Stopping threads took: 0.0407510 seconds
143.522: Application time: 0.0011050 seconds
143.574: [GC143.574: [ParNew: 5466K->630K(6144K), 0.0017060 secs] 8279K->8243K(21888K), 0.0017380 secs] [Times: user=0.01 sys=0.00, real=0.00 secs] 
143.575: Total time for which application threads were stopped: 0.0537730 seconds, Stopping threads took: 0.0519600 seconds
143.576: Application time: 0.0001080 seconds
143.617: [GC [1 CMS-initial-mark: 7612K(15744K)] 8936K(21888K), 0.0001060 secs] [Times: user=0.00 sys=0.00, real=0.00 secs] 
143.617: Total time for which application threads were stopped: 0.0410970 seconds, Stopping threads took: 0.0409440 seconds
143.617: [CMS-concurrent-mark-start]
143.620: [CMS-concurrent-mark: 0.004/0.004 secs] [Times: user=0.02 sys=0.00, real=0.01 secs] 
143.621: [CMS-concurrent-preclean-start]
143.621: [CMS-concurrent-preclean: 0.000/0.000 secs] [Times: user=0.00 sys=0.00, real=0.00 secs] 
143.621: [CMS-concurrent-abortable-preclean-start]
143.702: Application time: 0.0857380 seconds
143.742: [GC143.742: [ParNew: 6018K->400K(6144K), 0.0005150 secs] 13630K->8045K(21888K), 0.0005490 secs] [Times: user=0.00 sys=0.00, real=0.00 secs] 
143.742: Total time for which application threads were stopped: 0.0398610 seconds, Stopping threads took: 0.0392370 seconds
143.743: Application time: 0.0005240 seconds
143.743: [GC143.743: [ParNew: 5884K->600K(6144K), 0.0017790 secs] 13529K->13518K(21888K), 0.0018120 secs] [Times: user=0.01 sys=0.01, real=0.00 secs] 
143.745: Total time for which application threads were stopped: 0.0022930 seconds, Stopping threads took: 0.0004040 seconds
143.824: Application time: 0.0787130 seconds
143.824: [GC143.824: [ParNew: 6085K->6085K(6144K), 0.0000150 secs]143.824: [CMS143.824: [CMS-concurrent-abortable-preclean: 0.000/0.204 secs] [Times: user=1.38 sys=0.03, real=0.20 secs] 
 (concurrent mode failure): 12918K->4082K(15744K), 0.0066730 secs] 19003K->4082K(21888K), [CMS Perm : 5141K->5141K(21248K)], 0.0067400 secs] [Times: user=0.01 sys=0.00, real=0.01 secs] 
143.831: Total time for which application threads were stopped: 0.0072510 seconds, Stopping threads took: 0.0004400 seconds
143.832: Application time: 0.0012740 seconds
143.908: [GC143.908: [ParNew: 5485K->598K(6144K), 0.0014010 secs] 9568K->7618K(21888K), 0.0014360 secs] [Times: user=0.01 sys=0.00, real=0.00 secs] 
143.909: Total time for which application threads were stopped: 0.0770740 seconds, Stopping threads took: 0.0755800 seconds
143.911: Application time: 0.0020930 seconds
143.987: [GC [1 CMS-initial-mark: 7020K(15744K)] 12028K(21888K), 0.0001220 secs] [Times: user=0.00 sys=0.00, real=0.00 secs] 
143.987: Total time for which application threads were stopped: 0.0757520 seconds, Stopping threads took: 0.0755850 seconds
143.987: [CMS-concurrent-mark-start]
143.987: Application time: 0.0002120 seconds
143.988: [GC143.988: [ParNew: 6083K->600K(6144K), 0.0004100 secs] 13104K->8113K(21888K), 0.0004400 secs] [Times: user=0.00 sys=0.00, real=0.00 secs] 
143.988: Total time for which application threads were stopped: 0.0007230 seconds, Stopping threads took: 0.0002240 seconds
143.989: Application time: 0.0009050 seconds
144.029: [GC144.029: [ParNew: 6085K->592K(6144K), 0.0015280 secs] 13598K->12505K(21888K), 0.0015630 secs] [Times: user=0.01 sys=0.00, real=0.00 secs] 
144.031: Total time for which application threads were stopped: 0.0414940 seconds, Stopping threads took: 0.0398680 seconds
144.034: [CMS-concurrent-mark: 0.004/0.047 secs] [Times: user=0.13 sys=0.03, real=0.05 secs] 
144.034: [CMS-concurrent-preclean-start]
144.034: [CMS-concurrent-preclean: 0.000/0.000 secs] [Times: user=0.00 sys=0.00, real=0.00 secs] 
144.034: Application time: 0.0033950 seconds
144.107: [GC[YG occupancy: 1873 K (6144 K)]144.107: [Rescan (parallel) , 0.0001410 secs]144.107: [weak refs processing, 0.0000080 secs]144.107: [scrub string table, 0.0001060 secs] [1 CMS-remark: 11913K(15744K)] 13787K(21888K), 0.0002880 secs] [Times: user=0.00 sys=0.00, real=0.00 secs] 
144.107: Total time for which application threads were stopped: 0.0734410 seconds, Stopping threads took: 0.0731210 seconds
144.107: [CMS-concurrent-sweep-start]
144.108: Application time: 0.0006460 seconds
144.108: [GC144.108: [ParNew: 5784K->5784K(6144K), 0.0000100 secs]144.108: [CMS144.109: [CMS-concurrent-sweep: 0.001/0.001 secs] [Times: user=0.00 sys=0.00, real=0.00 secs] 
 (concurrent mode failure): 11913K->5254K(15744K), 0.0060370 secs] 17697K->5254K(21888K), [CMS Perm : 5141K->5141K(21248K)], 0.0060920 secs] [Times: user=0.01 sys=0.00, real=0.00 secs] 
144.114: Total time for which application threads were stopped: 0.0063050 seconds, Stopping threads took: 0.0001350 seconds
144.193: Application time: 0.0786110 seconds
144.197: [GC144.197: [ParNew: 5485K->402K(6144K), 0.0005890 secs] 10739K->6049K(21888K), 0.0006250 secs] [Times: user=0.01 sys=0.00, real=0.00 secs] 
144.197: Total time for which application threads were stopped: 0.0042650 seconds, Stopping threads took: 0.0035570 seconds
144.198: Application time: 0.0005320 seconds
144.238: [GC144.238: [ParNew: 5790K->602K(6144K), 0.0016170 secs] 11438K->10756K(21888K), 0.0016490 secs] [Times: user=0.01 sys=0.00, real=0.01 secs] 
144.239: Total time for which application threads were stopped: 0.0417150 seconds, Stopping threads took: 0.0399950 seconds
144.240: Application time: 0.0000890 seconds
144.240: [GC [1 CMS-initial-mark: 10154K(15744K)] 11639K(21888K), 0.0000960 secs] [Times: user=0.00 sys=0.00, real=0.00 secs] 
144.240: Total time for which application threads were stopped: 0.0002820 seconds, Stopping threads took: 0.0001600 seconds
144.240: [CMS-concurrent-mark-start]
144.243: [CMS-concurrent-mark: 0.003/0.003 secs] [Times: user=0.00 sys=0.00, real=0.00 secs] 
144.243: [CMS-concurrent-preclean-start]
144.243: [CMS-concurrent-preclean: 0.000/0.000 secs] [Times: user=0.00 sys=0.00, real=0.00 secs] 
144.243: [CMS-concurrent-abortable-preclean-start]
144.323: Application time: 0.0836420 seconds
144.343: [CMS-concurrent-abortable-preclean: 0.000/0.100 secs] [Times: user=0.73 sys=0.01, real=0.10 secs] 
144.367: [GC144.367: [ParNew: 5989K->5989K(6144K), 0.0000130 secs]144.367: [CMS (concurrent mode failure): 10154K->2129K(15744K), 0.0059170 secs] 16143K->2129K(21888K), [CMS Perm : 5141K->5141K(21248K)], 0.0059800 secs] [Times: user=0.01 sys=0.00, real=0.01 secs] 
144.373: Total time for which application threads were stopped: 0.0491510 seconds, Stopping threads took: 0.0430840 seconds
144.373: Application time: 0.0007610 seconds
144.414: [GC144.414: [ParNew: 5388K->602K(6144K), 0.0016860 secs] 7517K->7238K(21888K), 0.0017190 secs] [Times: user=0.01 sys=0.01, real=0.00 secs] 
144.415: Total time for which application threads were stopped: 0.0419130 seconds, Stopping threads took: 0.0401360 seconds
144.415: Application time: 0.0000580 seconds
144.416: [GC [1 CMS-initial-mark: 6636K(15744K)] 8221K(21888K), 0.0000980 secs] [Times: user=0.00 sys=0.00, real=0.00 secs] 
144.416: Total time for which application threads were stopped: 0.0005400 seconds, Stopping threads took: 0.0004100 seconds
144.416: [CMS-concurrent-mark-start]
144.419: [CMS-concurrent-mark: 0.003/0.003 secs] [Times: user=0.01 sys=0.00, real=0.00 secs] 
144.419: [CMS-concurrent-preclean-start]
144.419: [CMS-concurrent-preclean: 0.000/0.000 secs] [Times: user=0.00 sys=0.00, real=0.00 secs] 
144.419: [CMS-concurrent-abortable-preclean-start]
144.507: Application time: 0.0908490 seconds
144.547: [GC144.547: [ParNew: 5989K->600K(6144K), 0.0006330 secs] 12626K->7435K(21888K), 0.0006680 secs] [Times: user=0.00 sys=0.00, real=0.00 secs] 
144.548: Total time for which application threads were stopped: 0.0413670 seconds, Stopping threads took: 0.0406350 seconds
144.549: Application time: 0.0006110 seconds
144.589: [GC144.589: [ParNew: 5988K->600K(6144K), 0.0016200 secs] 12823K->11928K(21888K), 0.0016550 secs] [Times: user=0.01 sys=0.00, real=0.00 secs] 
144.590: Total time for which application threads were stopped: 0.0417250 seconds, Stopping threads took: 0.0399950 seconds
144.668: Application time: 0.0777750 seconds
144.691: [CMS-concurrent-abortable-preclean: 0.000/0.271 secs] [Times: user=1.54 sys=0.06, real=0.28 secs] 
144.715: [GC144.715: [ParNew: 5870K->5870K(6144K), 0.0000120 secs]144.715: [CMS (concurrent mode failure): 11328K->1934K(15744K), 0.0058740 secs] 17198K->1934K(21888K), [CMS Perm : 5141K->5141K(21248K)], 0.0059330 secs] [Times: user=0.01 sys=0.00, real=0.01 secs] 
144.721: Total time for which application threads were stopped: 0.0524820 seconds, Stopping threads took: 0.0464690 seconds
144.722: Application time: 0.0008070 seconds
144.722: [GC144.722: [ParNew: 5388K->600K(6144K), 0.0015890 secs] 7322K->7336K(21888K), 0.0016140 secs] [Times: user=0.01 sys=0.00, real=0.00 secs] 
144.724: Total time for which application threads were stopped: 0.0019560 seconds, Stopping threads took: 0.0002920 seconds
144.724: Application time: 0.0000460 seconds
144.724: [GC [1 CMS-initial-mark: 6736K(15744K)] 7728K(21888K), 0.0000880 secs] [Times: user=0.00 sys=0.00, real=0.00 secs] 
144.724: Total time for which application threads were stopped: 0.0004130 seconds, Stopping threads took: 0.0003020 seconds
144.724: [CMS-concurrent-mark-start]
144.727: [CMS-concurrent-mark: 0.003/0.003 secs] [Times: user=0.02 sys=0.00, real=0.01 secs] 
144.727: [CMS-concurrent-preclean-start]
144.728: [CMS-concurrent-preclean: 0.000/0.000 secs] [Times: user=0.00 sys=0.00, real=0.00 secs] 
144.728: [CMS-concurrent-abortable-preclean-start]
144.810: Application time: 0.0862690 seconds
144.874: [GC144.874: [ParNew: 5792K->404K(6144K), 0.0005460 secs] 12528K->7142K(21888K), 0.0005840 secs] [Times: user=0.00 sys=0.00, real=0.00 secs] 
144.874: Total time for which application threads were stopped: 0.0641580 seconds, Stopping threads took: 0.0634950 seconds
144.875: Application time: 0.0006560 seconds
144.875: [GC144.875: [ParNew: 5675K->530K(6144K), 0.0014430 secs] 12413K->12346K(21888K), 0.0014800 secs] [Times: user=0.01 sys=0.00, real=0.00 secs] 
144.877: Total time for which application threads were stopped: 0.0018540 seconds, Stopping threads took: 0.0003070 seconds
144.955: Application time: 0.0776400 seconds
144.956: [GC144.956: [ParNew: 6015K->6015K(6144K), 0.0000120 secs]144.956: [CMS144.956: [CMS-concurrent-abortable-preclean: 0.001/0.229 secs] [Times: user=1.49 sys=0.05, real=0.22 secs] 
 (concurrent mode failure): 11815K->3789K(15744K), 0.0063230 secs] 17831K->3789K(21888K), [CMS Perm : 5141K->5141K(21248K)], 0.0063920 secs] [Times: user=0.01 sys=0.00, real=0.01 secs] 
144.963: Total time for which application threads were stopped: 0.0080220 seconds, Stopping threads took: 0.0015580 seconds
144.964: Application time: 0.0012070 seconds
145.024: [GC145.024: [ParNew: 5485K->600K(6144K), 0.0016920 secs] 9275K->8306K(21888K), 0.0017250 secs] [Times: user=0.01 sys=0.00, real=0.00 secs] 
145.025: Total time for which application threads were stopped: 0.0614750 seconds, Stopping threads took: 0.0596930 seconds
145.025: Application time: 0.0001410 seconds
145.077: [GC [1 CMS-initial-mark: 7706K(15744K)] 8512K(21888K), 0.0001200 secs] [Times: user=0.00 sys=0.00, real=0.00 secs] 
145.077: Total time for which application threads were stopped: 0.0516920 seconds, Stopping threads took: 0.0515150 seconds
145.077: [CMS-concurrent-mark-start]
145.091: [CMS-concurrent-mark: 0.014/0.014 secs] [Times: user=0.11 sys=0.00, real=0.02 secs] 
145.092: [CMS-concurrent-preclean-start]
145.092: [CMS-concurrent-preclean: 0.000/0.000 secs] [Times: user=0.00 sys=0.00, real=0.00 secs] 
145.092: [CMS-concurrent-abortable-preclean-start]
145.092: Application time: 0.0146330 seconds
145.156: [GC145.156: [ParNew: 5988K->404K(6144K), 0.0005940 secs] 13694K->8114K(21888K), 0.0006300 secs] [Times: user=0.00 sys=0.00, real=0.00 secs] 
145.157: Total time for which application threads were stopped: 0.0648900 seconds, Stopping threads took: 0.0641870 seconds
145.157: Application time: 0.0005290 seconds
145.158: [GC145.158: [ParNew: 5871K->532K(6144K), 0.0016110 secs] 13580K->13519K(21888K), 0.0016430 secs] [Times: user=0.02 sys=0.00, real=0.00 secs] 
145.159: Total time for which application threads were stopped: 0.0020340 seconds, Stopping threads took: 0.0003150 seconds
145.238: Application time: 0.0783200 seconds
145.259: [CMS-concurrent-abortable-preclean: 0.000/0.168 secs] [Times: user=1.13 sys=0.06, real=0.17 secs] 
145.278: [GC145.278: [ParNew: 6017K->6017K(6144K), 0.0000140 secs]145.278: [CMS (concurrent mode failure): 12987K->2910K(15744K), 0.0068330 secs] 19005K->2910K(21888K), [CMS Perm : 5141K->5141K(21248K)], 0.0068880 secs] [Times: user=0.00 sys=0.00, real=0.01 secs] 
145.285: Total time for which application threads were stopped: 0.0472480 seconds, Stopping threads took: 0.0402760 seconds
145.286: Application time: 0.0012160 seconds
145.326: [GC145.326: [ParNew: 5329K->638K(6144K), 0.0014200 secs] 8240K->8004K(21888K), 0.0014470 secs] [Times: user=0.01 sys=0.01, real=0.00 secs] 
145.327: Total time for which application threads were stopped: 0.0413030 seconds, Stopping threads took: 0.0398040 seconds
145.327: Application time: 0.0000370 seconds
145.367: [GC [1 CMS-initial-mark: 7366K(15744K)] 8396K(21888K), 0.0000960 secs] [Times: user=0.00 sys=0.00, real=0.00 secs] 
145.367: Total time for which application threads were stopped: 0.0399060 seconds, Stopping threads took: 0.0397740 seconds
145.367: [CMS-concurrent-mark-start]
145.371: [CMS-concurrent-mark: 0.004/0.004 secs] [Times: user=0.01 sys=0.00, real=0.01 secs] 
145.371: [CMS-concurrent-preclean-start]
145.372: [CMS-concurrent-preclean: 0.000/0.000 secs] [Times: user=0.03 sys=0.00, real=0.00 secs] 
145.372: [CMS-concurrent-abortable-preclean-start]
145.458: Application time: 0.0908840 seconds
145.497: [GC145.497: [ParNew: 5987K->70K(6144K), 0.0006140 secs] 13353K->7478K(21888K), 0.0006480 secs] [Times: user=0.00 sys=0.00, real=0.00 secs] 
145.497: Total time for which application threads were stopped: 0.0392640 seconds, Stopping threads took: 0.0385440 seconds
145.498: Application time: 0.0004930 seconds
145.498: [GC145.498: [ParNew: 5556K->634K(6144K), 0.0014650 secs] 12964K->12949K(21888K), 0.0014960 secs] [Times: user=0.01 sys=0.00, real=0.01 secs] 
145.500: Total time for which application threads were stopped: 0.0019630 seconds, Stopping threads took: 0.0003940 seconds
145.578: Application time: 0.0778760 seconds
145.600: [CMS-concurrent-abortable-preclean: 0.001/0.229 secs] [Times: user=1.42 sys=0.04, real=0.23 secs] 
145.618: [GC145.618: [ParNew: 6021K->6021K(6144K), 0.0000140 secs]145.618: [CMS (concurrent mode failure): 12315K->2520K(15744K), 0.0067980 secs] 18337K->2520K(21888K), [CMS Perm : 5141K->5141K(21248K)], 0.0068550 secs] [Times: user=0.01 sys=0.00, real=0.01 secs] 
145.625: Total time for which application threads were stopped: 0.0473210 seconds, Stopping threads took: 0.0403760 seconds
145.626: Application time: 0.0011570 seconds
145.677: [GC145.677: [ParNew: 5483K->598K(6144K), 0.0013430 secs] 8004K->6644K(21888K), 0.0013730 secs] [Times: user=0.01 sys=0.00, real=0.00 secs] 
145.679: Total time for which application threads were stopped: 0.0526040 seconds, Stopping threads took: 0.0511500 seconds
145.679: Application time: 0.0000520 seconds
145.734: [GC [1 CMS-initial-mark: 6046K(15744K)] 7039K(21888K), 0.0001020 secs] [Times: user=0.01 sys=0.00, real=0.00 secs] 
145.734: Total time for which application threads were stopped: 0.0553330 seconds, Stopping threads took: 0.0551860 seconds
145.734: [CMS-concurrent-mark-start]
145.738: [CMS-concurrent-mark: 0.004/0.004 secs] [Times: user=0.01 sys=0.00, real=0.00 secs] 
145.738: [CMS-concurrent-preclean-start]
145.738: [CMS-concurrent-preclean: 0.000/0.000 secs] [Times: user=0.00 sys=0.00, real=0.00 secs] 
145.738: [CMS-concurrent-abortable-preclean-start]
145.806: Application time: 0.0716380 seconds
145.824: [GC145.824: [ParNew: 5986K->211K(6144K), 0.0005760 secs] 12032K->6261K(21888K), 0.0006110 secs] [Times: user=0.00 sys=0.00, real=0.00 secs] 
145.825: Total time for which application threads were stopped: 0.0188550 seconds, Stopping threads took: 0.0181630 seconds
145.825: Application time: 0.0004710 seconds
145.826: [GC145.826: [ParNew: 5697K->602K(6144K), 0.0014780 secs] 11747K->11734K(21888K), 0.0015050 secs] [Times: user=0.00 sys=0.00, real=0.00 secs] 
145.827: Total time for which application threads were stopped: 0.0019130 seconds, Stopping threads took: 0.0003370 seconds
145.905: Application time: 0.0779300 seconds
145.927: [CMS-concurrent-abortable-preclean: 0.000/0.189 secs] [Times: user=1.28 sys=0.04, real=0.19 secs] 
145.946: [GC145.946: [ParNew: 5794K->5794K(6144K), 0.0000120 secs]145.946: [CMS (concurrent mode failure): 11132K->2520K(15744K), 0.0055070 secs] 16926K->2520K(21888K), [CMS Perm : 5141K->5141K(21248K)], 0.0055650 secs] [Times: user=0.00 sys=0.00, real=0.01 secs] 
145.952: Total time for which application threads were stopped: 0.0469400 seconds, Stopping threads took: 0.0412920 seconds
145.953: Application time: 0.0010000 seconds
145.993: [GC145.993: [ParNew: 5386K->600K(6144K), 0.0017640 secs] 7906K->7627K(21888K), 0.0017950 secs] [Times: user=0.01 sys=0.00, real=0.00 secs] 
145.995: Total time for which application threads were stopped: 0.0422650 seconds, Stopping threads took: 0.0403970 seconds
145.995: Application time: 0.0000200 seconds
145.995: [GC [1 CMS-initial-mark: 7027K(15744K)] 8020K(21888K), 0.0001120 secs] [Times: user=0.00 sys=0.00, real=0.00 secs] 
145.995: Total time for which application threads were stopped: 0.0001870 seconds, Stopping threads took: 0.0000500 seconds
145.995: [CMS-concurrent-mark-start]
145.999: [CMS-concurrent-mark: 0.004/0.004 secs] [Times: user=0.01 sys=0.00, real=0.00 secs] 
145.999: [CMS-concurrent-preclean-start]
145.999: [CMS-concurrent-preclean: 0.000/0.000 secs] [Times: user=0.00 sys=0.00, real=0.00 secs] 
145.999: [CMS-concurrent-abortable-preclean-start]
146.081: Application time: 0.0858230 seconds
146.123: [GC146.123: [ParNew: 6085K->207K(6144K), 0.0004120 secs] 13113K->7236K(21888K), 0.0004450 secs] [Times: user=0.00 sys=0.00, real=0.00 secs] 
146.123: Total time for which application threads were stopped: 0.0419980 seconds, Stopping threads took: 0.0414700 seconds
146.124: Application time: 0.0005050 seconds
146.124: [GC146.124: [ParNew: 5595K->504K(6144K), 0.0015450 secs] 12624K->12613K(21888K), 0.0015780 secs] [Times: user=0.01 sys=0.00, real=0.00 secs] 
146.126: Total time for which application threads were stopped: 0.0020430 seconds, Stopping threads took: 0.0004000 seconds
146.203: Application time: 0.0773670 seconds
146.226: [CMS-concurrent-abortable-preclean: 0.000/0.227 secs] [Times: user=1.48 sys=0.04, real=0.23 secs] 
146.249: [GC146.249: [ParNew: 5892K->5892K(6144K), 0.0000130 secs]146.249: [CMS (concurrent mode failure): 12109K->1544K(15744K), 0.0052420 secs] 18001K->1544K(21888K), [CMS Perm : 5141K->5141K(21248K)], 0.0053010 secs] [Times: user=0.00 sys=0.00, real=0.00 secs] 
146.254: Total time for which application threads were stopped: 0.0512560 seconds, Stopping threads took: 0.0458940 seconds
146.255: Application time: 0.0008230 seconds
146.256: [GC146.256: [ParNew: 5290K->602K(6144K), 0.0016550 secs] 6834K->6850K(21888K), 0.0016910 secs] [Times: user=0.01 sys=0.00, real=0.00 secs] 
146.257: Total time for which application threads were stopped: 0.0020370 seconds, Stopping threads took: 0.0002920 seconds
146.257: Application time: 0.0000510 seconds
146.258: [GC [1 CMS-initial-mark: 6248K(15744K)] 7631K(21888K), 0.0001120 secs] [Times: user=0.00 sys=0.00, real=0.00 secs] 
146.258: Total time for which application threads were stopped: 0.0005000 seconds, Stopping threads took: 0.0003410 seconds
146.258: [CMS-concurrent-mark-start]
146.261: [CMS-concurrent-mark: 0.003/0.003 secs] [Times: user=0.01 sys=0.00, real=0.01 secs] 
146.261: [CMS-concurrent-preclean-start]
146.261: [CMS-concurrent-preclean: 0.000/0.000 secs] [Times: user=0.00 sys=0.00, real=0.00 secs] 
146.261: [CMS-concurrent-abortable-preclean-start]
146.353: Application time: 0.0953190 seconds
146.412: [GC146.412: [ParNew: 6087K->211K(6144K), 0.0003280 secs] 12335K->6461K(21888K), 0.0003630 secs] [Times: user=0.00 sys=0.00, real=0.00 secs] 
146.412: Total time for which application threads were stopped: 0.0586940 seconds, Stopping threads took: 0.0582750 seconds
146.412: Application time: 0.0005610 seconds
146.413: [GC146.413: [ParNew: 5697K->602K(6144K), 0.0015630 secs] 11947K->11930K(21888K), 0.0015950 secs] [Times: user=0.01 sys=0.01, real=0.00 secs] 
146.414: Total time for which application threads were stopped: 0.0019590 seconds, Stopping threads took: 0.0003090 seconds
146.492: Application time: 0.0774300 seconds
146.493: [GC146.493: [ParNew: 5989K->5989K(6144K), 0.0000130 secs]146.493: [CMS146.494: [CMS-concurrent-abortable-preclean: 0.000/0.233 secs] [Times: user=1.55 sys=0.03, real=0.23 secs] 
 (concurrent mode failure): 11328K->3790K(15744K), 0.0062350 secs] 17317K->3790K(21888K), [CMS Perm : 5141K->5141K(21248K)], 0.0063060 secs] [Times: user=0.01 sys=0.00, real=0.01 secs] 
146.500: Total time for which application threads were stopped: 0.0079280 seconds, Stopping threads took: 0.0015430 seconds
146.501: Application time: 0.0012810 seconds
146.572: [GC146.573: [ParNew: 5485K->498K(6144K), 0.0013010 secs] 9275K->7422K(21888K), 0.0013360 secs] [Times: user=0.01 sys=0.00, real=0.00 secs] 
146.574: Total time for which application threads were stopped: 0.0728040 seconds, Stopping threads took: 0.0714120 seconds
146.574: Application time: 0.0000640 seconds
146.614: [GC [1 CMS-initial-mark: 6923K(15744K)] 7525K(21888K), 0.0000960 secs] [Times: user=0.00 sys=0.00, real=0.00 secs] 
146.614: Total time for which application threads were stopped: 0.0400750 seconds, Stopping threads took: 0.0399570 seconds
146.614: [CMS-concurrent-mark-start]
146.616: [CMS-concurrent-mark: 0.002/0.002 secs] [Times: user=0.02 sys=0.00, real=0.00 secs] 
146.616: [CMS-concurrent-preclean-start]
146.617: [CMS-concurrent-preclean: 0.000/0.000 secs] [Times: user=0.00 sys=0.00, real=0.00 secs] 
146.617: [CMS-concurrent-abortable-preclean-start]
146.620: Application time: 0.0057380 seconds
146.693: [GC146.693: [ParNew: 5964K->432K(6144K), 0.0003960 secs] 12888K->7363K(21888K), 0.0004280 secs] [Times: user=0.00 sys=0.00, real=0.00 secs] 
146.693: Total time for which application threads were stopped: 0.0733940 seconds, Stopping threads took: 0.0729030 seconds
146.694: Application time: 0.0004750 seconds
146.694: [GC146.694: [ParNew: 5916K->600K(6144K), 0.0016210 secs] 12847K->12835K(21888K), 0.0016540 secs] [Times: user=0.01 sys=0.00, real=0.00 secs] 
146.696: Total time for which application threads were stopped: 0.0019980 seconds, Stopping threads took: 0.0002920 seconds
146.774: Application time: 0.0782380 seconds
146.796: [CMS-concurrent-abortable-preclean: 0.000/0.179 secs] [Times: user=1.23 sys=0.05, real=0.18 secs] 
146.814: [GC146.814: [ParNew: 6065K->6065K(6144K), 0.0000120 secs]146.814: [CMS (concurrent mode failure): 12235K->2911K(15744K), 0.0056000 secs] 18301K->2911K(21888K), [CMS Perm : 5141K->5141K(21248K)], 0.0056570 secs] [Times: user=0.00 sys=0.00, real=0.01 secs] 
146.820: Total time for which application threads were stopped: 0.0461160 seconds, Stopping threads took: 0.0403790 seconds
146.821: Application time: 0.0010180 seconds
146.873: [GC146.873: [ParNew: 5485K->600K(6144K), 0.0016530 secs] 8397K->7820K(21888K), 0.0016980 secs] [Times: user=0.01 sys=0.01, real=0.00 secs] 
146.875: Total time for which application threads were stopped: 0.0537220 seconds, Stopping threads took: 0.0519650 seconds
146.875: Application time: 0.0000510 seconds
146.875: [GC [1 CMS-initial-mark: 7220K(15744K)] 8410K(21888K), 0.0000920 secs] [Times: user=0.00 sys=0.00, real=0.00 secs] 
146.875: Total time for which application threads were stopped: 0.0001660 seconds, Stopping threads took: 0.0000520 seconds
146.875: [CMS-concurrent-mark-start]
146.882: [CMS-concurrent-mark: 0.007/0.007 secs] [Times: user=0.04 sys=0.00, real=0.01 secs] 
146.882: [CMS-concurrent-preclean-start]
146.882: [CMS-concurrent-preclean: 0.000/0.000 secs] [Times: user=0.00 sys=0.00, real=0.00 secs] 
146.882: [CMS-concurrent-abortable-preclean-start]
146.962: Application time: 0.0874120 seconds
147.002: [GC147.003: [ParNew: 5988K->600K(6144K), 0.0003800 secs] 13208K->7823K(21888K), 0.0004110 secs] [Times: user=0.00 sys=0.00, real=0.00 secs] 
147.003: Total time for which application threads were stopped: 0.0405690 seconds, Stopping threads took: 0.0400830 seconds
147.004: Application time: 0.0006030 seconds
147.004: [GC147.004: [ParNew: 6083K->598K(6144K), 0.0017270 secs] 13307K->13293K(21888K), 0.0017630 secs] [Times: user=0.01 sys=0.00, real=0.00 secs] 
147.006: Total time for which application threads were stopped: 0.0020800 seconds, Stopping threads took: 0.0002530 seconds
147.084: Application time: 0.0782120 seconds
147.106: [CMS-concurrent-abortable-preclean: 0.000/0.224 secs] [Times: user=1.43 sys=0.02, real=0.22 secs] 
147.124: [GC147.124: [ParNew: 5868K->5868K(6144K), 0.0000150 secs]147.124: [CMS (concurrent mode failure): 12695K->2911K(15744K), 0.0068470 secs] 18564K->2911K(21888K), [CMS Perm : 5141K->5141K(21248K)], 0.0069050 secs] [Times: user=0.01 sys=0.00, real=0.01 secs] 
147.131: Total time for which application threads were stopped: 0.0469950 seconds, Stopping threads took: 0.0400050 seconds
147.132: Application time: 0.0012470 seconds
147.193: [GC147.193: [ParNew: 5447K->638K(6144K), 0.0013880 secs] 8358K->6603K(21888K), 0.0014250 secs] [Times: user=0.00 sys=0.00, real=0.00 secs] 
147.194: Total time for which application threads were stopped: 0.0621660 seconds, Stopping threads took: 0.0606620 seconds
147.194: Application time: 0.0000680 seconds
147.234: [GC [1 CMS-initial-mark: 5965K(15744K)] 7681K(21888K), 0.0001180 secs] [Times: user=0.00 sys=0.00, real=0.00 secs] 
147.234: Total time for which application threads were stopped: 0.0400310 seconds, Stopping threads took: 0.0398590 seconds
147.234: [CMS-concurrent-mark-start]
147.238: [CMS-concurrent-mark: 0.004/0.004 secs] [Times: user=0.02 sys=0.00, real=0.00 secs] 
147.238: [CMS-concurrent-preclean-start]
147.238: [CMS-concurrent-preclean: 0.000/0.000 secs] [Times: user=0.00 sys=0.00, real=0.00 secs] 
147.238: [CMS-concurrent-abortable-preclean-start]
147.240: Application time: 0.0053880 seconds
147.313: [GC147.313: [ParNew: 6104K->434K(6144K), 0.0003850 secs] 12069K->6448K(21888K), 0.0004170 secs] [Times: user=0.01 sys=0.00, real=0.00 secs] 
147.314: Total time for which application threads were stopped: 0.0740890 seconds, Stopping threads took: 0.0736030 seconds
147.314: Application time: 0.0005060 seconds
147.315: [GC147.315: [ParNew: 5820K->600K(6144K), 0.0016680 secs] 11834K->11818K(21888K), 0.0017010 secs] [Times: user=0.01 sys=0.00, real=0.00 secs] 
147.316: Total time for which application threads were stopped: 0.0020960 seconds, Stopping threads took: 0.0003200 seconds
147.393: Application time: 0.0769370 seconds
147.417: [CMS-concurrent-abortable-preclean: 0.000/0.178 secs] [Times: user=1.21 sys=0.06, real=0.18 secs] 
147.440: [GC147.440: [ParNew: 5890K->5890K(6144K), 0.0000120 secs]147.440: [CMS (concurrent mode failure): 11218K->2716K(15744K), 0.0061120 secs] 17108K->2716K(21888K), [CMS Perm : 5141K->5141K(21248K)], 0.0061690 secs] [Times: user=0.00 sys=0.00, real=0.00 secs] 
147.446: Total time for which application threads were stopped: 0.0523840 seconds, Stopping threads took: 0.0461260 seconds
147.447: Application time: 0.0011470 seconds
147.499: [GC147.499: [ParNew: 5466K->532K(6144K), 0.0014410 secs] 8182K->6970K(21888K), 0.0014720 secs] [Times: user=0.01 sys=0.00, real=0.01 secs] 
147.500: Total time for which application threads were stopped: 0.0532120 seconds, Stopping threads took: 0.0516660 seconds
147.500: Application time: 0.0000410 seconds
147.500: [GC [1 CMS-initial-mark: 6437K(15744K)] 7070K(21888K), 0.0000900 secs] [Times: user=0.00 sys=0.00, real=0.00 secs] 
147.500: Total time for which application threads were stopped: 0.0002300 seconds, Stopping threads took: 0.0001180 seconds
147.500: [CMS-concurrent-mark-start]
147.504: [CMS-concurrent-mark: 0.004/0.004 secs] [Times: user=0.03 sys=0.00, real=0.00 secs] 
147.504: [CMS-concurrent-preclean-start]
147.504: [CMS-concurrent-preclean: 0.000/0.000 secs] [Times: user=0.00 sys=0.00, real=0.00 secs] 
147.504: [CMS-concurrent-abortable-preclean-start]
147.592: Application time: 0.0917700 seconds
147.631: [GC147.631: [ParNew: 6018K->404K(6144K), 0.0006350 secs] 12455K->6878K(21888K), 0.0006750 secs] [Times: user=0.00 sys=0.00, real=0.00 secs] 
147.631: Total time for which application threads were stopped: 0.0393010 seconds, Stopping threads took: 0.0385470 seconds
147.632: Application time: 0.0006220 seconds
147.632: [GC147.632: [ParNew: 5871K->532K(6144K), 0.0014880 secs] 12344K->12280K(21888K), 0.0015130 secs] [Times: user=0.01 sys=0.00, real=0.00 secs] 
147.634: Total time for which application threads were stopped: 0.0017280 seconds, Stopping threads took: 0.0001650 seconds
147.712: Application time: 0.0782140 seconds
147.734: [CMS-concurrent-abortable-preclean: 0.000/0.230 secs] [Times: user=1.46 sys=0.05, real=0.23 secs] 
147.757: [GC147.757: [ParNew: 6017K->6017K(6144K), 0.0000130 secs]147.757: [CMS (concurrent mode failure): 11747K->2911K(15744K), 0.0054080 secs] 17765K->2911K(21888K), [CMS Perm : 5141K->5141K(21248K)], 0.0054660 secs] [Times: user=0.01 sys=0.00, real=0.01 secs] 
147.763: Total time for which application threads were stopped: 0.0504780 seconds, Stopping threads took: 0.0449380 seconds
147.764: Application time: 0.0012250 seconds
147.832: [GC147.832: [ParNew: 5483K->502K(6144K), 0.0011550 secs] 8395K->6743K(21888K), 0.0011830 secs] [Times: user=0.00 sys=0.01, real=0.00 secs] 
147.833: Total time for which application threads were stopped: 0.0696310 seconds, Stopping threads took: 0.0683740 seconds
147.833: Application time: 0.0000710 seconds
147.875: [GC [1 CMS-initial-mark: 6240K(15744K)] 7337K(21888K), 0.0001040 secs] [Times: user=0.00 sys=0.00, real=0.00 secs] 
147.875: Total time for which application threads were stopped: 0.0420210 seconds, Stopping threads took: 0.0418970 seconds
147.875: [CMS-concurrent-mark-start]
147.878: [CMS-concurrent-mark: 0.003/0.003 secs] [Times: user=0.01 sys=0.00, real=0.00 secs] 
147.878: [CMS-concurrent-preclean-start]
147.878: [CMS-concurrent-preclean: 0.000/0.000 secs] [Times: user=0.00 sys=0.00, real=0.00 secs] 
147.878: [CMS-concurrent-abortable-preclean-start]
147.879: Application time: 0.0038850 seconds
147.955: [GC147.955: [ParNew: 5988K->596K(6144K), 0.0006710 secs] 12228K->8013K(21888K), 0.0007070 secs] [Times: user=0.01 sys=0.00, real=0.00 secs] 
147.955: Total time for which application threads were stopped: 0.0760910 seconds, Stopping threads took: 0.0753010 seconds
147.956: Application time: 0.0007630 seconds
147.996: [GC147.996: [ParNew: 5984K->600K(6144K), 0.0016650 secs] 13401K->12414K(21888K), 0.0017020 secs] [Times: user=0.01 sys=0.00, real=0.00 secs] 
147.998: Total time for which application threads were stopped: 0.0417180 seconds, Stopping threads took: 0.0399590 seconds
148.076: Application time: 0.0775850 seconds
148.078: [GC148.078: [ParNew: 5987K->5987K(6144K), 0.0000130 secs]148.078: [CMS148.078: [CMS-concurrent-abortable-preclean: 0.000/0.200 secs] [Times: user=1.19 sys=0.07, real=0.20 secs] 
 (concurrent mode failure): 11814K->3107K(15744K), 0.0062130 secs] 17802K->3107K(21888K), [CMS Perm : 5141K->5141K(21248K)], 0.0062800 secs] [Times: user=0.00 sys=0.00, real=0.01 secs] 
148.084: Total time for which application threads were stopped: 0.0089040 seconds, Stopping threads took: 0.0025340 seconds
148.086: Application time: 0.0011400 seconds
148.125: [GC148.125: [ParNew: 5388K->504K(6144K), 0.0017270 secs] 8495K->7921K(21888K), 0.0017580 secs] [Times: user=0.01 sys=0.00, real=0.00 secs] 
148.127: Total time for which application threads were stopped: 0.0417030 seconds, Stopping threads took: 0.0398700 seconds
148.127: Application time: 0.0000450 seconds
148.127: [GC [1 CMS-initial-mark: 7416K(15744K)] 8116K(21888K), 0.0001010 secs] [Times: user=0.00 sys=0.00, real=0.01 secs] 
148.127: Total time for which application threads were stopped: 0.0001500 seconds, Stopping threads took: 0.0000270 seconds
148.128: [CMS-concurrent-mark-start]
148.131: [CMS-concurrent-mark: 0.003/0.003 secs] [Times: user=0.01 sys=0.00, real=0.00 secs] 
148.131: [CMS-concurrent-preclean-start]
148.131: [CMS-concurrent-preclean: 0.000/0.000 secs] [Times: user=0.00 sys=0.00, real=0.00 secs] 
148.131: [CMS-concurrent-abortable-preclean-start]
148.211: Application time: 0.0839390 seconds
148.222: [GC148.222: [ParNew: 5892K->598K(6144K), 0.0006370 secs] 13308K->9187K(21888K), 0.0006770 secs] [Times: user=0.00 sys=0.00, real=0.00 secs] 
148.223: Total time for which application threads were stopped: 0.0114670 seconds, Stopping threads took: 0.0107070 seconds
148.224: Application time: 0.0008540 seconds
148.278: [GC148.278: [ParNew: 5986K->502K(6144K), 0.0014940 secs] 14575K->13587K(21888K), 0.0015330 secs] [Times: user=0.01 sys=0.00, real=0.00 secs] 
148.279: Total time for which application threads were stopped: 0.0556010 seconds, Stopping threads took: 0.0539860 seconds
148.358: Application time: 0.0783790 seconds
148.379: [CMS-concurrent-abortable-preclean: 0.000/0.249 secs] [Times: user=1.48 sys=0.05, real=0.25 secs] 
148.399: [GC148.399: [ParNew: 5988K->5988K(6144K), 0.0000130 secs]148.399: [CMS (concurrent mode failure): 13084K->2130K(15744K), 0.0053970 secs] 19072K->2130K(21888K), [CMS Perm : 5141K->5141K(21248K)], 0.0054540 secs] [Times: user=0.01 sys=0.00, real=0.01 secs] 
148.404: Total time for which application threads were stopped: 0.0463040 seconds, Stopping threads took: 0.0407690 seconds
148.405: Application time: 0.0008870 seconds
148.405: [GC148.405: [ParNew: 5386K->602K(6144K), 0.0016120 secs] 7516K->7532K(21888K), 0.0016360 secs] [Times: user=0.01 sys=0.00, real=0.00 secs] 
148.407: Total time for which application threads were stopped: 0.0020510 seconds, Stopping threads took: 0.0003670 seconds
148.407: Application time: 0.0000700 seconds
148.447: [GC [1 CMS-initial-mark: 6930K(15744K)] 7829K(21888K), 0.0001000 secs] [Times: user=0.00 sys=0.00, real=0.00 secs] 
148.447: Total time for which application threads were stopped: 0.0400810 seconds, Stopping threads took: 0.0399360 seconds
148.447: [CMS-concurrent-mark-start]
148.451: [CMS-concurrent-mark: 0.004/0.004 secs] [Times: user=0.01 sys=0.00, real=0.01 secs] 
148.451: [CMS-concurrent-preclean-start]
148.451: [CMS-concurrent-preclean: 0.000/0.000 secs] [Times: user=0.00 sys=0.00, real=0.00 secs] 
148.451: [CMS-concurrent-abortable-preclean-start]
148.536: Application time: 0.0886430 seconds
148.580: [GC148.580: [ParNew: 5989K->406K(6144K), 0.0004360 secs] 12920K->7731K(21888K), 0.0004720 secs] [Times: user=0.01 sys=0.00, real=0.00 secs] 
148.581: Total time for which application threads were stopped: 0.0450430 seconds, Stopping threads took: 0.0444900 seconds
148.582: Application time: 0.0007360 seconds
148.621: [GC148.621: [ParNew: 5873K->630K(6144K), 0.0014480 secs] 13197K->12447K(21888K), 0.0014840 secs] [Times: user=0.01 sys=0.00, real=0.00 secs] 
148.623: Total time for which application threads were stopped: 0.0413830 seconds, Stopping threads took: 0.0398230 seconds
148.701: Application time: 0.0776390 seconds
148.723: [CMS-concurrent-abortable-preclean: 0.000/0.272 secs] [Times: user=1.53 sys=0.06, real=0.27 secs] 
148.741: [GC148.741: [ParNew: 6017K->6017K(6144K), 0.0000130 secs]148.741: [CMS (concurrent mode failure): 11817K->2130K(15744K), 0.0052750 secs] 17835K->2130K(21888K), [CMS Perm : 5141K->5141K(21248K)], 0.0053350 secs] [Times: user=0.01 sys=0.00, real=0.00 secs] 
148.746: Total time for which application threads were stopped: 0.0457830 seconds, Stopping threads took: 0.0403840 seconds
148.748: Application time: 0.0012500 seconds
148.801: [GC148.801: [ParNew: 5466K->630K(6144K), 0.0016210 secs] 7597K->7265K(21888K), 0.0016460 secs] [Times: user=0.01 sys=0.01, real=0.00 secs] 
148.802: Total time for which application threads were stopped: 0.0547730 seconds, Stopping threads took: 0.0530520 seconds
148.802: Application time: 0.0000600 seconds
148.803: [GC [1 CMS-initial-mark: 6635K(15744K)] 7955K(21888K), 0.0000870 secs] [Times: user=0.00 sys=0.00, real=0.00 secs] 
148.803: Total time for which application threads were stopped: 0.0003820 seconds, Stopping threads took: 0.0002520 seconds
148.803: [CMS-concurrent-mark-start]
148.807: [CMS-concurrent-mark: 0.004/0.004 secs] [Times: user=0.01 sys=0.00, real=0.00 secs] 
148.807: [CMS-concurrent-preclean-start]
148.807: [CMS-concurrent-preclean: 0.000/0.000 secs] [Times: user=0.00 sys=0.00, real=0.00 secs] 
148.807: [CMS-concurrent-abortable-preclean-start]
148.893: Application time: 0.0898590 seconds
148.933: [GC148.933: [ParNew: 6017K->402K(6144K), 0.0005940 secs] 12653K->7463K(21888K), 0.0006280 secs] [Times: user=0.00 sys=0.00, real=0.00 secs] 
148.934: Total time for which application threads were stopped: 0.0408720 seconds, Stopping threads took: 0.0401660 seconds
148.934: Application time: 0.0006100 seconds
148.974: [GC148.974: [ParNew: 5790K->602K(6144K), 0.0013710 secs] 12851K->12155K(21888K), 0.0014020 secs] [Times: user=0.01 sys=0.00, real=0.00 secs] 
148.976: Total time for which application threads were stopped: 0.0414150 seconds, Stopping threads took: 0.0399410 seconds
149.053: Application time: 0.0773610 seconds
149.076: [CMS-concurrent-abortable-preclean: 0.000/0.269 secs] [Times: user=1.54 sys=0.05, real=0.27 secs] 
149.095: [GC149.095: [ParNew: 5989K->5989K(6144K), 0.0000120 secs]149.095: [CMS (concurrent mode failure): 11552K->2130K(15744K), 0.0058300 secs] 17542K->2130K(21888K), [CMS Perm : 5141K->5141K(21248K)], 0.0058880 secs] [Times: user=0.00 sys=0.00, real=0.01 secs] 
149.101: Total time for which application threads were stopped: 0.0477650 seconds, Stopping threads took: 0.0418160 seconds
149.102: Application time: 0.0011310 seconds
149.154: [GC149.154: [ParNew: 5466K->630K(6144K), 0.0017490 secs] 7597K->7265K(21888K), 0.0017860 secs] [Times: user=0.01 sys=0.00, real=0.00 secs] 
149.156: Total time for which application threads were stopped: 0.0539050 seconds, Stopping threads took: 0.0520410 seconds
149.156: Application time: 0.0000730 seconds
149.156: [GC [1 CMS-initial-mark: 6635K(15744K)] 8545K(21888K), 0.0001040 secs] [Times: user=0.00 sys=0.00, real=0.00 secs] 
149.156: Total time for which application threads were stopped: 0.0003780 seconds, Stopping threads took: 0.0002300 seconds
149.156: [CMS-concurrent-mark-start]
149.160: [CMS-concurrent-mark: 0.003/0.003 secs] [Times: user=0.03 sys=0.00, real=0.01 secs] 
149.160: [CMS-concurrent-preclean-start]
149.160: [CMS-concurrent-preclean: 0.000/0.000 secs] [Times: user=0.00 sys=0.00, real=0.00 secs] 
149.160: [CMS-concurrent-abortable-preclean-start]
149.247: Application time: 0.0905120 seconds
149.289: [GC149.289: [ParNew: 6017K->398K(6144K), 0.0006120 secs] 12653K->7459K(21888K), 0.0006480 secs] [Times: user=0.00 sys=0.00, real=0.00 secs] 
149.290: Total time for which application threads were stopped: 0.0432220 seconds, Stopping threads took: 0.0425160 seconds
149.291: Application time: 0.0007010 seconds
149.331: [GC149.331: [ParNew: 5748K->634K(6144K), 0.0015470 secs] 12808K->12015K(21888K), 0.0015820 secs] [Times: user=0.01 sys=0.00, real=0.00 secs] 
149.332: Total time for which application threads were stopped: 0.0416270 seconds, Stopping threads took: 0.0399830 seconds
149.409: Application time: 0.0769340 seconds
149.433: [CMS-concurrent-abortable-preclean: 0.000/0.273 secs] [Times: user=1.51 sys=0.05, real=0.27 secs] 
149.451: [GC149.451: [ParNew: 6021K->6021K(6144K), 0.0000120 secs]149.451: [CMS (concurrent mode failure): 11381K->1935K(15744K), 0.0059300 secs] 17403K->1935K(21888K), [CMS Perm : 5141K->5141K(21248K)], 0.0059870 secs] [Times: user=0.01 sys=0.00, real=0.00 secs] 
149.457: Total time for which application threads were stopped: 0.0477360 seconds, Stopping threads took: 0.0416670 seconds
149.458: Application time: 0.0009750 seconds
149.458: [GC149.458: [ParNew: 5466K->532K(6144K), 0.0015040 secs] 7401K->7365K(21888K), 0.0015340 secs] [Times: user=0.01 sys=0.00, real=0.01 secs] 
149.460: Total time for which application threads were stopped: 0.0019660 seconds, Stopping threads took: 0.0003610 seconds
149.460: Application time: 0.0000590 seconds
149.500: [GC [1 CMS-initial-mark: 6833K(15744K)] 7859K(21888K), 0.0000990 secs] [Times: user=0.00 sys=0.00, real=0.00 secs] 
149.500: Total time for which application threads were stopped: 0.0399950 seconds, Stopping threads took: 0.0398610 seconds
149.500: [CMS-concurrent-mark-start]
149.503: [CMS-concurrent-mark: 0.003/0.003 secs] [Times: user=0.01 sys=0.00, real=0.00 secs] 
149.503: [CMS-concurrent-preclean-start]
149.503: [CMS-concurrent-preclean: 0.000/0.000 secs] [Times: user=0.02 sys=0.00, real=0.00 secs] 
149.503: [CMS-concurrent-abortable-preclean-start]
149.587: Application time: 0.0874370 seconds
149.627: [GC149.627: [ParNew: 5724K->400K(6144K), 0.0004450 secs] 12557K->7265K(21888K), 0.0004800 secs] [Times: user=0.00 sys=0.00, real=0.01 secs] 
149.627: Total time for which application threads were stopped: 0.0400920 seconds, Stopping threads took: 0.0395380 seconds
149.628: Application time: 0.0006230 seconds
149.628: [GC149.628: [ParNew: 5767K->630K(6144K), 0.0015180 secs] 12632K->12573K(21888K), 0.0015530 secs] [Times: user=0.01 sys=0.00, real=0.00 secs] 
149.630: Total time for which application threads were stopped: 0.0019220 seconds, Stopping threads took: 0.0003150 seconds
149.708: Application time: 0.0779020 seconds
149.730: [CMS-concurrent-abortable-preclean: 0.000/0.227 secs] [Times: user=1.44 sys=0.03, real=0.23 secs] 
149.748: [GC149.748: [ParNew: 6115K->6115K(6144K), 0.0000130 secs]149.748: [CMS (concurrent mode failure): 11943K->2814K(15744K), 0.0067880 secs] 18058K->2814K(21888K), [CMS Perm : 5141K->5141K(21248K)], 0.0068460 secs] [Times: user=0.01 sys=0.00, real=0.00 secs] 
149.755: Total time for which application threads were stopped: 0.0472130 seconds, Stopping threads took: 0.0402850 seconds
149.756: Application time: 0.0012500 seconds
149.811: [GC149.811: [ParNew: 5388K->504K(6144K), 0.0017820 secs] 8203K->8216K(21888K), 0.0018090 secs] [Times: user=0.02 sys=0.00, real=0.00 secs] 
149.812: Total time for which application threads were stopped: 0.0559680 seconds, Stopping threads took: 0.0541100 seconds
149.812: Application time: 0.0000410 seconds
149.812: [GC [1 CMS-initial-mark: 7712K(15744K)] 8511K(21888K), 0.0000960 secs] [Times: user=0.00 sys=0.00, real=0.00 secs] 
149.813: Total time for which application threads were stopped: 0.0001350 seconds, Stopping threads took: 0.0000170 seconds
149.813: [CMS-concurrent-mark-start]
149.819: [CMS-concurrent-mark: 0.007/0.007 secs] [Times: user=0.02 sys=0.00, real=0.00 secs] 
149.819: [CMS-concurrent-preclean-start]
149.820: [CMS-concurrent-preclean: 0.000/0.000 secs] [Times: user=0.03 sys=0.00, real=0.01 secs] 
149.820: [CMS-concurrent-abortable-preclean-start]
149.904: Application time: 0.0919190 seconds
149.949: [GC149.949: [ParNew: 5892K->402K(6144K), 0.0005560 secs] 13604K->8116K(21888K), 0.0005900 secs] [Times: user=0.00 sys=0.00, real=0.00 secs] 
149.950: Total time for which application threads were stopped: 0.0451120 seconds, Stopping threads took: 0.0444370 seconds
149.950: Application time: 0.0006910 seconds
149.951: [GC149.951: [ParNew: 5869K->630K(6144K), 0.0014590 secs] 13582K->13519K(21888K), 0.0014880 secs] [Times: user=0.01 sys=0.00, real=0.00 secs] 
149.952: Total time for which application threads were stopped: 0.0019320 seconds, Stopping threads took: 0.0003830 seconds
150.031: Application time: 0.0786780 seconds
150.031: [GC150.031: [ParNew: 6017K->6017K(6144K), 0.0000150 secs]150.031: [CMS150.031: [CMS-concurrent-abortable-preclean: 0.000/0.212 secs] [Times: user=1.47 sys=0.03, real=0.21 secs] 
 (concurrent mode failure): 12889K->3888K(15744K), 0.0070580 secs] 18907K->3888K(21888K), [CMS Perm : 5141K->5141K(21248K)], 0.0071230 secs] [Times: user=0.01 sys=0.00, real=0.00 secs] 
150.039: Total time for which application threads were stopped: 0.0076160 seconds, Stopping threads took: 0.0004220 seconds
150.040: Application time: 0.0012250 seconds
150.112: [GC150.112: [ParNew: 5485K->598K(6144K), 0.0009680 secs] 9374K->7034K(21888K), 0.0009990 secs] [Times: user=0.00 sys=0.00, real=0.00 secs] 
150.113: Total time for which application threads were stopped: 0.0734390 seconds, Stopping threads took: 0.0723670 seconds
150.113: Application time: 0.0000670 seconds
150.169: [GC [1 CMS-initial-mark: 6436K(15744K)] 7237K(21888K), 0.0001250 secs] [Times: user=0.00 sys=0.00, real=0.00 secs] 
150.170: Total time for which application threads were stopped: 0.0563740 seconds, Stopping threads took: 0.0562190 seconds
150.170: [CMS-concurrent-mark-start]
150.173: [CMS-concurrent-mark: 0.004/0.004 secs] [Times: user=0.02 sys=0.00, real=0.00 secs] 
150.173: [CMS-concurrent-preclean-start]
150.174: [CMS-concurrent-preclean: 0.000/0.000 secs] [Times: user=0.00 sys=0.00, real=0.00 secs] 
150.174: [CMS-concurrent-abortable-preclean-start]
150.174: Application time: 0.0040700 seconds
150.247: [GC150.247: [ParNew: 5888K->404K(6144K), 0.0004000 secs] 12324K->6843K(21888K), 0.0004280 secs] [Times: user=0.00 sys=0.00, real=0.00 secs] 
150.247: Total time for which application threads were stopped: 0.0736370 seconds, Stopping threads took: 0.0731370 seconds
150.248: Application time: 0.0004710 seconds
150.248: [GC150.248: [ParNew: 5888K->600K(6144K), 0.0017070 secs] 12327K->12318K(21888K), 0.0017380 secs] [Times: user=0.01 sys=0.00, real=0.00 secs] 
150.250: Total time for which application threads were stopped: 0.0021500 seconds, Stopping threads took: 0.0003580 seconds
150.328: Application time: 0.0780300 seconds
150.350: [CMS-concurrent-abortable-preclean: 0.000/0.177 secs] [Times: user=1.11 sys=0.05, real=0.18 secs] 
150.369: [GC150.369: [ParNew: 5987K->5987K(6144K), 0.0000130 secs]150.369: [CMS (concurrent mode failure): 11718K->2912K(15744K), 0.0060250 secs] 17706K->2912K(21888K), [CMS Perm : 5141K->5141K(21248K)], 0.0060810 secs] [Times: user=0.01 sys=0.00, real=0.00 secs] 
150.375: Total time for which application threads were stopped: 0.0474760 seconds, Stopping threads took: 0.0413190 seconds
150.377: Application time: 0.0012040 seconds
150.417: [GC150.417: [ParNew: 5466K->532K(6144K), 0.0015170 secs] 8379K->7754K(21888K), 0.0015570 secs] [Times: user=0.01 sys=0.00, real=0.00 secs] 
150.418: Total time for which application threads were stopped: 0.0415790 seconds, Stopping threads took: 0.0399380 seconds
150.418: Application time: 0.0000590 seconds
150.458: [GC [1 CMS-initial-mark: 7221K(15744K)] 8346K(21888K), 0.0001060 secs] [Times: user=0.00 sys=0.00, real=0.00 secs] 
150.458: Total time for which application threads were stopped: 0.0401060 seconds, Stopping threads took: 0.0399470 seconds
150.458: [CMS-concurrent-mark-start]
150.462: [CMS-concurrent-mark: 0.004/0.004 secs] [Times: user=0.01 sys=0.00, real=0.01 secs] 
150.462: [CMS-concurrent-preclean-start]
150.462: [CMS-concurrent-preclean: 0.000/0.000 secs] [Times: user=0.00 sys=0.00, real=0.00 secs] 
150.462: [CMS-concurrent-abortable-preclean-start]
150.545: Application time: 0.0867460 seconds
150.556: [GC150.556: [ParNew: 5822K->402K(6144K), 0.0005520 secs] 13044K->7658K(21888K), 0.0005850 secs] [Times: user=0.00 sys=0.00, real=0.00 secs] 
150.556: Total time for which application threads were stopped: 0.0111090 seconds, Stopping threads took: 0.0104430 seconds
150.557: Application time: 0.0005500 seconds
150.557: [GC150.557: [ParNew: 5886K->600K(6144K), 0.0018420 secs] 13142K->13129K(21888K), 0.0018840 secs] [Times: user=0.01 sys=0.00, real=0.00 secs] 
150.559: Total time for which application threads were stopped: 0.0023080 seconds, Stopping threads took: 0.0003500 seconds
150.638: Application time: 0.0787280 seconds
150.659: [CMS-concurrent-abortable-preclean: 0.000/0.197 secs] [Times: user=1.41 sys=0.00, real=0.19 secs] 
150.678: [GC150.678: [ParNew: 6085K->6085K(6144K), 0.0000130 secs]150.678: [CMS (concurrent mode failure): 12529K->3010K(15744K), 0.0068750 secs] 18615K->3010K(21888K), [CMS Perm : 5141K->5141K(21248K)], 0.0069290 secs] [Times: user=0.01 sys=0.00, real=0.01 secs] 
150.685: Total time for which application threads were stopped: 0.0467180 seconds, Stopping threads took: 0.0397050 seconds
150.686: Application time: 0.0012450 seconds
150.740: [GC150.740: [ParNew: 5466K->626K(6144K), 0.0016100 secs] 8476K->7750K(21888K), 0.0016420 secs] [Times: user=0.01 sys=0.00, real=0.00 secs] 
150.741: Total time for which application threads were stopped: 0.0556180 seconds, Stopping threads took: 0.0539000 seconds
150.742: Application time: 0.0000530 seconds
150.742: [GC [1 CMS-initial-mark: 7124K(15744K)] 8246K(21888K), 0.0001080 secs] [Times: user=0.00 sys=0.00, real=0.00 secs] 
150.742: Total time for which application threads were stopped: 0.0003610 seconds, Stopping threads took: 0.0002300 seconds
150.742: [CMS-concurrent-mark-start]
150.746: [CMS-concurrent-mark: 0.004/0.004 secs] [Times: user=0.02 sys=0.01, real=0.00 secs] 
150.746: [CMS-concurrent-preclean-start]
150.746: [CMS-concurrent-preclean: 0.000/0.000 secs] [Times: user=0.00 sys=0.00, real=0.00 secs] 
150.746: [CMS-concurrent-abortable-preclean-start]
150.825: Application time: 0.0830920 seconds
150.828: [GC150.828: [ParNew: 6111K->600K(6144K), 0.0006440 secs] 13235K->8927K(21888K), 0.0006810 secs] [Times: user=0.01 sys=0.00, real=0.00 secs] 
150.829: Total time for which application threads were stopped: 0.0037690 seconds, Stopping threads took: 0.0030010 seconds
150.830: Application time: 0.0008630 seconds
150.884: [GC150.884: [ParNew: 6085K->600K(6144K), 0.0016200 secs] 14413K->13420K(21888K), 0.0016560 secs] [Times: user=0.02 sys=0.00, real=0.00 secs] 
150.886: Total time for which application threads were stopped: 0.0562630 seconds, Stopping threads took: 0.0545290 seconds
150.964: Application time: 0.0783980 seconds
150.965: [GC150.965: [ParNew: 6085K->6085K(6144K), 0.0000140 secs]150.965: [CMS150.965: [CMS-concurrent-abortable-preclean: 0.000/0.219 secs] [Times: user=1.41 sys=0.04, real=0.22 secs] 
 (concurrent mode failure): 12820K->3278K(15744K), 0.0061860 secs] 18905K->3278K(21888K), [CMS Perm : 5141K->5141K(21248K)], 0.0062510 secs] [Times: user=0.01 sys=0.00, real=0.01 secs] 
150.971: Total time for which application threads were stopped: 0.0069700 seconds, Stopping threads took: 0.0006430 seconds
150.972: Application time: 0.0011200 seconds
151.013: [GC151.013: [ParNew: 5464K->630K(6144K), 0.0016010 secs] 8743K->8120K(21888K), 0.0016320 secs] [Times: user=0.01 sys=0.00, real=0.00 secs] 
151.015: Total time for which application threads were stopped: 0.0422700 seconds, Stopping threads took: 0.0405630 seconds
151.015: Application time: 0.0001110 seconds
151.055: [GC [1 CMS-initial-mark: 7490K(15744K)] 8908K(21888K), 0.0001020 secs] [Times: user=0.00 sys=0.00, real=0.00 secs] 
151.055: Total time for which application threads were stopped: 0.0400360 seconds, Stopping threads took: 0.0398860 seconds
151.055: [CMS-concurrent-mark-start]
151.058: [CMS-concurrent-mark: 0.003/0.003 secs] [Times: user=0.01 sys=0.00, real=0.00 secs] 
151.058: [CMS-concurrent-preclean-start]
151.058: [CMS-concurrent-preclean: 0.000/0.000 secs] [Times: user=0.00 sys=0.00, real=0.00 secs] 
151.058: [CMS-concurrent-abortable-preclean-start]
151.146: Application time: 0.0909040 seconds
151.154: [GC151.154: [ParNew: 6115K->598K(6144K), 0.0006950 secs] 13606K->8512K(21888K), 0.0007320 secs] [Times: user=0.01 sys=0.00, real=0.00 secs] 
151.155: Total time for which application threads were stopped: 0.0088800 seconds, Stopping threads took: 0.0080600 seconds
151.155: Application time: 0.0008130 seconds
151.206: [GC151.206: [ParNew: 5984K->600K(6144K), 0.0013250 secs] 13898K->12128K(21888K), 0.0013600 secs] [Times: user=0.01 sys=0.00, real=0.00 secs] 
151.207: Total time for which application threads were stopped: 0.0520080 seconds, Stopping threads took: 0.0505730 seconds
151.286: Application time: 0.0783560 seconds
151.286: [GC151.286: [ParNew: 6098K->6098K(6144K), 0.0000130 secs]151.286: [CMS151.286: [CMS-concurrent-abortable-preclean: 0.000/0.228 secs] [Times: user=1.50 sys=0.03, real=0.23 secs] 
 (concurrent mode failure): 11528K->2334K(15744K), 0.0060000 secs] 17626K->2334K(21888K), [CMS Perm : 5141K->5141K(21248K)], 0.0060600 secs] [Times: user=0.01 sys=0.00, real=0.01 secs] 
151.292: Total time for which application threads were stopped: 0.0065090 seconds, Stopping threads took: 0.0003610 seconds
151.293: Application time: 0.0010130 seconds
151.333: [GC151.333: [ParNew: 5432K->628K(6144K), 0.0014750 secs] 7766K->7469K(21888K), 0.0015040 secs] [Times: user=0.01 sys=0.00, real=0.00 secs] 
151.335: Total time for which application threads were stopped: 0.0414830 seconds, Stopping threads took: 0.0399270 seconds
151.335: Application time: 0.0001320 seconds
151.335: [GC [1 CMS-initial-mark: 6841K(15744K)] 9337K(21888K), 0.0001000 secs] [Times: user=0.00 sys=0.00, real=0.00 secs] 
151.335: Total time for which application threads were stopped: 0.0003210 seconds, Stopping threads took: 0.0001950 seconds
151.335: [CMS-concurrent-mark-start]
151.339: [CMS-concurrent-mark: 0.004/0.004 secs] [Times: user=0.01 sys=0.00, real=0.00 secs] 
151.339: [CMS-concurrent-preclean-start]
151.339: [CMS-concurrent-preclean: 0.000/0.000 secs] [Times: user=0.00 sys=0.00, real=0.00 secs] 
151.339: [CMS-concurrent-abortable-preclean-start]
151.418: Application time: 0.0831470 seconds
151.463: [GC151.463: [ParNew: 6121K->24K(6144K), 0.0002980 secs] 12963K->6895K(21888K), 0.0003280 secs] [Times: user=0.00 sys=0.00, real=0.00 secs] 
151.463: Total time for which application threads were stopped: 0.0447390 seconds, Stopping threads took: 0.0443600 seconds
151.464: Application time: 0.0005070 seconds
151.464: [GC151.464: [ParNew: 5382K->630K(6144K), 0.0013750 secs] 12253K->12191K(21888K), 0.0014070 secs] [Times: user=0.01 sys=0.00, real=0.00 secs] 
151.465: Total time for which application threads were stopped: 0.0017590 seconds, Stopping threads took: 0.0003000 seconds
151.543: Application time: 0.0775230 seconds
151.566: [CMS-concurrent-abortable-preclean: 0.000/0.226 secs] [Times: user=1.46 sys=0.03, real=0.23 secs] 
151.584: [GC151.584: [ParNew: 6017K->6017K(6144K), 0.0000130 secs]151.584: [CMS (concurrent mode failure): 11560K->2326K(15744K), 0.0051930 secs] 17578K->2326K(21888K), [CMS Perm : 5141K->5141K(21248K)], 0.0052490 secs] [Times: user=0.00 sys=0.00, real=0.01 secs] 
151.589: Total time for which application threads were stopped: 0.0462450 seconds, Stopping threads took: 0.0409230 seconds
151.590: Application time: 0.0007880 seconds
151.630: [GC151.630: [ParNew: 5192K->600K(6144K), 0.0014740 secs] 7519K->7238K(21888K), 0.0015020 secs] [Times: user=0.01 sys=0.00, real=0.00 secs] 
151.631: Total time for which application threads were stopped: 0.0414290 seconds, Stopping threads took: 0.0398730 seconds
151.631: Application time: 0.0000520 seconds
151.632: [GC [1 CMS-initial-mark: 6638K(15744K)] 7629K(21888K), 0.0001120 secs] [Times: user=0.00 sys=0.00, real=0.00 secs] 
151.632: Total time for which application threads were stopped: 0.0005620 seconds, Stopping threads took: 0.0004020 seconds
151.632: [CMS-concurrent-mark-start]
151.636: [CMS-concurrent-mark: 0.004/0.004 secs] [Times: user=0.03 sys=0.00, real=0.00 secs] 
151.636: [CMS-concurrent-preclean-start]
151.636: [CMS-concurrent-preclean: 0.000/0.000 secs] [Times: user=0.00 sys=0.00, real=0.00 secs] 
151.636: [CMS-concurrent-abortable-preclean-start]
151.719: Application time: 0.0869230 seconds
151.763: [GC151.763: [ParNew: 5987K->404K(6144K), 0.0004920 secs] 12626K->7435K(21888K), 0.0005350 secs] [Times: user=0.01 sys=0.00, real=0.00 secs] 
151.764: Total time for which application threads were stopped: 0.0448130 seconds, Stopping threads took: 0.0442240 seconds
151.764: Application time: 0.0007640 seconds
151.804: [GC151.804: [ParNew: 5871K->628K(6144K), 0.0015170 secs] 12901K->12153K(21888K), 0.0015510 secs] [Times: user=0.01 sys=0.00, real=0.00 secs] 
151.806: Total time for which application threads were stopped: 0.0413610 seconds, Stopping threads took: 0.0397560 seconds
151.884: Application time: 0.0783790 seconds
151.886: [GC151.886: [ParNew: 6113K->6113K(6144K), 0.0000120 secs]151.886: [CMS151.886: [CMS-concurrent-abortable-preclean: 0.000/0.250 secs] [Times: user=1.51 sys=0.04, real=0.25 secs] 
 (concurrent mode failure): 11525K->3303K(15744K), 0.0062220 secs] 17638K->3303K(21888K), [CMS Perm : 5141K->5141K(21248K)], 0.0062880 secs] [Times: user=0.00 sys=0.00, real=0.01 secs] 
151.892: Total time for which application threads were stopped: 0.0081490 seconds, Stopping threads took: 0.0017720 seconds
151.894: Application time: 0.0011810 seconds
151.959: [GC151.959: [ParNew: 5485K->602K(6144K), 0.0012650 secs] 8789K->7334K(21888K), 0.0013000 secs] [Times: user=0.01 sys=0.00, real=0.01 secs] 
151.960: Total time for which application threads were stopped: 0.0669320 seconds, Stopping threads took: 0.0655560 seconds
151.961: Application time: 0.0000690 seconds
151.961: [GC [1 CMS-initial-mark: 6731K(15744K)] 8318K(21888K), 0.0000870 secs] [Times: user=0.00 sys=0.00, real=0.00 secs] 
151.961: Total time for which application threads were stopped: 0.0002450 seconds, Stopping threads took: 0.0001220 seconds
151.961: [CMS-concurrent-mark-start]
151.964: [CMS-concurrent-mark: 0.003/0.003 secs] [Times: user=0.02 sys=0.00, real=0.00 secs] 
151.964: [CMS-concurrent-preclean-start]
151.964: [CMS-concurrent-preclean: 0.000/0.000 secs] [Times: user=0.00 sys=0.00, real=0.00 secs] 
151.964: [CMS-concurrent-abortable-preclean-start]
152.048: Application time: 0.0870770 seconds
152.056: [GC152.056: [ParNew: 5873K->628K(6144K), 0.0004340 secs] 12604K->7558K(21888K), 0.0004650 secs] [Times: user=0.00 sys=0.00, real=0.00 secs] 
152.057: Total time for which application threads were stopped: 0.0088370 seconds, Stopping threads took: 0.0083070 seconds
152.058: Application time: 0.0007730 seconds
152.105: [GC152.105: [ParNew: 6111K->598K(6144K), 0.0016350 secs] 13041K->12149K(21888K), 0.0016690 secs] [Times: user=0.01 sys=0.00, real=0.00 secs] 
152.107: Total time for which application threads were stopped: 0.0493160 seconds, Stopping threads took: 0.0475640 seconds
152.184: Application time: 0.0775810 seconds
152.188: [GC152.188: [ParNew: 5986K->5986K(6144K), 0.0000130 secs]152.188: [CMS152.188: [CMS-concurrent-abortable-preclean: 0.000/0.224 secs] [Times: user=1.40 sys=0.05, real=0.23 secs] 
 (concurrent mode failure): 11551K->3303K(15744K), 0.0062060 secs] 17537K->3303K(21888K), [CMS Perm : 5141K->5141K(21248K)], 0.0062720 secs] [Times: user=0.00 sys=0.00, real=0.00 secs] 
152.194: Total time for which application threads were stopped: 0.0098770 seconds, Stopping threads took: 0.0035310 seconds
152.195: Application time: 0.0010400 seconds
152.249: [GC152.249: [ParNew: 5485K->602K(6144K), 0.0016420 secs] 8789K->8215K(21888K), 0.0016730 secs] [Times: user=0.01 sys=0.00, real=0.00 secs] 
152.251: Total time for which application threads were stopped: 0.0556600 seconds, Stopping threads took: 0.0539330 seconds
152.251: Application time: 0.0000450 seconds
152.251: [GC [1 CMS-initial-mark: 7613K(15744K)] 8709K(21888K), 0.0000940 secs] [Times: user=0.00 sys=0.00, real=0.00 secs] 
152.251: Total time for which application threads were stopped: 0.0002710 seconds, Stopping threads took: 0.0001350 seconds
152.251: [CMS-concurrent-mark-start]
152.255: [CMS-concurrent-mark: 0.003/0.003 secs] [Times: user=0.02 sys=0.00, real=0.00 secs] 
152.255: [CMS-concurrent-preclean-start]
152.255: [CMS-concurrent-preclean: 0.000/0.000 secs] [Times: user=0.00 sys=0.00, real=0.00 secs] 
152.255: [CMS-concurrent-abortable-preclean-start]
152.328: Application time: 0.0771780 seconds
152.372: [GC152.372: [ParNew: 5990K->598K(6144K), 0.0005890 secs] 13603K->8604K(21888K), 0.0006220 secs] [Times: user=0.00 sys=0.00, real=0.00 secs] 
152.372: Total time for which application threads were stopped: 0.0438970 seconds, Stopping threads took: 0.0432010 seconds
152.373: Application time: 0.0005380 seconds
152.413: [GC152.413: [ParNew: 5986K->596K(6144K), 0.0016390 secs] 13992K->13292K(21888K), 0.0016680 secs] [Times: user=0.00 sys=0.00, real=0.00 secs] 
152.415: Total time for which application threads were stopped: 0.0417630 seconds, Stopping threads took: 0.0400230 seconds
152.492: Application time: 0.0773480 seconds
152.515: [CMS-concurrent-abortable-preclean: 0.000/0.260 secs] [Times: user=1.41 sys=0.05, real=0.26 secs] 
152.535: [GC152.535: [ParNew: 5983K->5983K(6144K), 0.0000120 secs]152.535: [CMS (concurrent mode failure): 12696K->2327K(15744K), 0.0059450 secs] 18680K->2327K(21888K), [CMS Perm : 5141K->5141K(21248K)], 0.0060000 secs] [Times: user=0.01 sys=0.00, real=0.01 secs] 
152.541: Total time for which application threads were stopped: 0.0492320 seconds, Stopping threads took: 0.0431710 seconds
152.542: Application time: 0.0011430 seconds
152.582: [GC152.582: [ParNew: 5349K->624K(6144K), 0.0016000 secs] 7676K->7296K(21888K), 0.0016300 secs] [Times: user=0.01 sys=0.00, real=0.00 secs] 
152.584: Total time for which application threads were stopped: 0.0415510 seconds, Stopping threads took: 0.0398450 seconds
152.584: Application time: 0.0000740 seconds
152.584: [GC [1 CMS-initial-mark: 6672K(15744K)] 8767K(21888K), 0.0001080 secs] [Times: user=0.00 sys=0.00, real=0.00 secs] 
152.584: Total time for which application threads were stopped: 0.0002080 seconds, Stopping threads took: 0.0000780 seconds
152.584: [CMS-concurrent-mark-start]
152.588: [CMS-concurrent-mark: 0.003/0.003 secs] [Times: user=0.03 sys=0.00, real=0.01 secs] 
152.588: [CMS-concurrent-preclean-start]
152.588: [CMS-concurrent-preclean: 0.000/0.000 secs] [Times: user=0.00 sys=0.00, real=0.00 secs] 
152.588: [CMS-concurrent-abortable-preclean-start]
152.669: Application time: 0.0844000 seconds
152.715: [GC152.715: [ParNew: 6012K->402K(6144K), 0.0005430 secs] 12684K->7492K(21888K), 0.0005750 secs] [Times: user=0.00 sys=0.00, real=0.00 secs] 
152.715: Total time for which application threads were stopped: 0.0466270 seconds, Stopping threads took: 0.0459900 seconds
152.716: Application time: 0.0006970 seconds
152.756: [GC152.756: [ParNew: 5869K->630K(6144K), 0.0017360 secs] 12959K->12212K(21888K), 0.0017710 secs] [Times: user=0.01 sys=0.00, real=0.00 secs] 
152.758: Total time for which application threads were stopped: 0.0417340 seconds, Stopping threads took: 0.0398880 seconds
152.835: Application time: 0.0775500 seconds
152.837: [GC152.837: [ParNew: 6115K->6115K(6144K), 0.0000130 secs]152.837: [CMS152.837: [CMS-concurrent-abortable-preclean: 0.000/0.250 secs] [Times: user=1.47 sys=0.07, real=0.24 secs] 
 (concurrent mode failure): 11582K->3303K(15744K), 0.0062610 secs] 17698K->3303K(21888K), [CMS Perm : 5141K->5141K(21248K)], 0.0063250 secs] [Times: user=0.00 sys=0.00, real=0.01 secs] 
152.844: Total time for which application threads were stopped: 0.0082740 seconds, Stopping threads took: 0.0018580 seconds
152.845: Application time: 0.0011620 seconds
152.901: [GC152.901: [ParNew: 5485K->600K(6144K), 0.0015470 secs] 8789K->8408K(21888K), 0.0015820 secs] [Times: user=0.01 sys=0.00, real=0.00 secs] 
152.902: Total time for which application threads were stopped: 0.0574200 seconds, Stopping threads took: 0.0557720 seconds
152.902: Application time: 0.0001140 seconds
152.942: [GC [1 CMS-initial-mark: 7808K(15744K)] 9592K(21888K), 0.0001000 secs] [Times: user=0.00 sys=0.00, real=0.00 secs] 
152.942: Total time for which application threads were stopped: 0.0401990 seconds, Stopping threads took: 0.0400760 seconds
152.942: [CMS-concurrent-mark-start]
152.946: [CMS-concurrent-mark: 0.004/0.004 secs] [Times: user=0.01 sys=0.00, real=0.00 secs] 
152.946: [CMS-concurrent-preclean-start]
152.946: [CMS-concurrent-preclean: 0.000/0.000 secs] [Times: user=0.00 sys=0.00, real=0.00 secs] 
152.946: [CMS-concurrent-abortable-preclean-start]
153.029: Application time: 0.0864340 seconds
153.036: [GC153.036: [ParNew: 6085K->14K(6144K), 0.0003930 secs] 13894K->7825K(21888K), 0.0004290 secs] [Times: user=0.01 sys=0.00, real=0.00 secs] 
153.036: Total time for which application threads were stopped: 0.0072780 seconds, Stopping threads took: 0.0067810 seconds
153.037: Application time: 0.0004170 seconds
153.037: [GC153.037: [ParNew: 5499K->602K(6144K), 0.0015400 secs] 13311K->13298K(21888K), 0.0015690 secs] [Times: user=0.01 sys=0.00, real=0.00 secs] 
153.039: Total time for which application threads were stopped: 0.0019280 seconds, Stopping threads took: 0.0003100 seconds
153.115: Application time: 0.0769710 seconds
153.139: [CMS-concurrent-abortable-preclean: 0.000/0.192 secs] [Times: user=1.35 sys=0.03, real=0.19 secs] 
153.157: [GC153.157: [ParNew: 5989K->5989K(6144K), 0.0000120 secs]153.157: [CMS (concurrent mode failure): 12696K->2522K(15744K), 0.0059540 secs] 18686K->2522K(21888K), [CMS Perm : 5141K->5141K(21248K)], 0.0060130 secs] [Times: user=0.00 sys=0.00, real=0.01 secs] 
153.163: Total time for which application threads were stopped: 0.0476130 seconds, Stopping threads took: 0.0415390 seconds
153.164: Application time: 0.0011270 seconds
153.219: [GC153.219: [ParNew: 5368K->630K(6144K), 0.0015990 secs] 7891K->7561K(21888K), 0.0016310 secs] [Times: user=0.01 sys=0.00, real=0.01 secs] 
153.220: Total time for which application threads were stopped: 0.0561390 seconds, Stopping threads took: 0.0544340 seconds
153.220: Application time: 0.0000560 seconds
153.221: [GC [1 CMS-initial-mark: 6931K(15744K)] 8347K(21888K), 0.0001090 secs] [Times: user=0.00 sys=0.00, real=0.00 secs] 
153.221: Total time for which application threads were stopped: 0.0002780 seconds, Stopping threads took: 0.0001200 seconds
153.221: [CMS-concurrent-mark-start]
153.224: [CMS-concurrent-mark: 0.003/0.003 secs] [Times: user=0.02 sys=0.00, real=0.00 secs] 
153.224: [CMS-concurrent-preclean-start]
153.224: [CMS-concurrent-preclean: 0.000/0.000 secs] [Times: user=0.00 sys=0.00, real=0.00 secs] 
153.224: [CMS-concurrent-abortable-preclean-start]
153.307: Application time: 0.0861500 seconds
153.314: [GC153.314: [ParNew: 5822K->600K(6144K), 0.0007470 secs] 12754K->8930K(21888K), 0.0007820 secs] [Times: user=0.00 sys=0.01, real=0.00 secs] 
153.315: Total time for which application threads were stopped: 0.0082290 seconds, Stopping threads took: 0.0073650 seconds
153.316: Application time: 0.0008890 seconds
153.369: [GC153.369: [ParNew: 6085K->600K(6144K), 0.0014430 secs] 14416K->12545K(21888K), 0.0014790 secs] [Times: user=0.01 sys=0.00, real=0.00 secs] 
153.370: Total time for which application threads were stopped: 0.0543940 seconds, Stopping threads took: 0.0528380 seconds
153.448: Application time: 0.0778970 seconds
153.454: [GC153.454: [ParNew: 5792K->5792K(6144K), 0.0000130 secs]153.454: [CMS153.454: [CMS-concurrent-abortable-preclean: 0.000/0.230 secs] [Times: user=1.48 sys=0.05, real=0.23 secs] 
 (concurrent mode failure): 11944K->2132K(15744K), 0.0052990 secs] 17737K->2132K(21888K), [CMS Perm : 5141K->5141K(21248K)], 0.0053660 secs] [Times: user=0.00 sys=0.00, real=0.00 secs] 
153.459: Total time for which application threads were stopped: 0.0111470 seconds, Stopping threads took: 0.0057050 seconds
153.460: Application time: 0.0009830 seconds
153.461: [GC153.461: [ParNew: 5466K->630K(6144K), 0.0014290 secs] 7598K->7562K(21888K), 0.0014570 secs] [Times: user=0.01 sys=0.00, real=0.00 secs] 
153.462: Total time for which application threads were stopped: 0.0018200 seconds, Stopping threads took: 0.0003120 seconds
153.462: Application time: 0.0000440 seconds
153.462: [GC [1 CMS-initial-mark: 6931K(15744K)] 8152K(21888K), 0.0000780 secs] [Times: user=0.00 sys=0.00, real=0.00 secs] 
153.462: Total time for which application threads were stopped: 0.0001430 seconds, Stopping threads took: 0.0000460 seconds
153.462: [CMS-concurrent-mark-start]
153.466: [CMS-concurrent-mark: 0.004/0.004 secs] [Times: user=0.02 sys=0.00, real=0.00 secs] 
153.466: [CMS-concurrent-preclean-start]
153.466: [CMS-concurrent-preclean: 0.000/0.000 secs] [Times: user=0.00 sys=0.00, real=0.00 secs] 
153.466: Application time: 0.0038510 seconds
153.539: [GC[YG occupancy: 2402 K (6144 K)]153.539: [Rescan (parallel) , 0.0001840 secs]153.539: [weak refs processing, 0.0000070 secs]153.539: [scrub string table, 0.0000950 secs] [1 CMS-remark: 6931K(15744K)] 9334K(21888K), 0.0003230 secs] [Times: user=0.00 sys=0.00, real=0.00 secs] 
153.539: Total time for which application threads were stopped: 0.0730990 seconds, Stopping threads took: 0.0727430 seconds
153.539: [CMS-concurrent-sweep-start]
153.540: Application time: 0.0006860 seconds
153.580: [GC153.580: [ParNew: 5998K->630K(6144K), 0.0011160 secs] 12930K->10914K(21888K), 0.0011460 secs] [Times: user=0.00 sys=0.00, real=0.00 secs] 
153.581: Total time for which application threads were stopped: 0.0409650 seconds, Stopping threads took: 0.0397700 seconds
153.582: [CMS-concurrent-sweep: 0.001/0.042 secs] [Times: user=0.07 sys=0.02, real=0.05 secs] 
153.582: [CMS-concurrent-reset-start]
153.582: [CMS-concurrent-reset: 0.000/0.000 secs] [Times: user=0.00 sys=0.00, real=0.00 secs] 
153.659: Application time: 0.0782550 seconds
153.662: [GC153.662: [ParNew: 5803K->432K(6144K), 0.0005840 secs] 16057K->10716K(21888K), 0.0006190 secs] [Times: user=0.00 sys=0.00, real=0.00 secs] 
153.662: Total time for which application threads were stopped: 0.0031200 seconds, Stopping threads took: 0.0024400 seconds
153.663: Application time: 0.0001520 seconds
153.663: [GC [1 CMS-initial-mark: 10283K(15744K)] 12291K(21888K), 0.0001040 secs] [Times: user=0.00 sys=0.00, real=0.00 secs] 
153.663: Total time for which application threads were stopped: 0.0003000 seconds, Stopping threads took: 0.0001720 seconds
153.663: [CMS-concurrent-mark-start]
153.663: Application time: 0.0006000 seconds
153.703: [GC153.703: [ParNew: 5918K->502K(6144K), 0.0008820 secs] 16201K->12962K(21888K), 0.0009080 secs] [Times: user=0.00 sys=0.00, real=0.00 secs] 
153.704: Total time for which application threads were stopped: 0.0407510 seconds, Stopping threads took: 0.0397980 seconds
153.710: [CMS-concurrent-mark: 0.006/0.047 secs] [Times: user=0.18 sys=0.02, real=0.05 secs] 
153.710: [CMS-concurrent-preclean-start]
153.710: [CMS-concurrent-preclean: 0.000/0.000 secs] [Times: user=0.00 sys=0.00, real=0.00 secs] 
153.710: [CMS-concurrent-abortable-preclean-start]
153.710: [CMS-concurrent-abortable-preclean: 0.000/0.000 secs] [Times: user=0.00 sys=0.00, real=0.00 secs] 
153.710: Application time: 0.0059080 seconds
153.782: [GC[YG occupancy: 5673 K (6144 K)]153.782: [Rescan (parallel) , 0.0003020 secs]153.782: [weak refs processing, 0.0000080 secs]153.782: [scrub string table, 0.0000960 secs] [1 CMS-remark: 12460K(15744K)] 18134K(21888K), 0.0004460 secs] [Times: user=0.00 sys=0.00, real=0.00 secs] 
153.782: Total time for which application threads were stopped: 0.0721650 seconds, Stopping threads took: 0.0716710 seconds
153.782: [CMS-concurrent-sweep-start]
153.782: Application time: 0.0001210 seconds
153.782: [GC153.782: [ParNew: 5869K->5869K(6144K), 0.0000090 secs]153.782: [CMS153.783: [CMS-concurrent-sweep: 0.000/0.000 secs] [Times: user=0.00 sys=0.00, real=0.00 secs] 
 (concurrent mode failure): 12460K->1708K(15744K), 0.0058200 secs] 18329K->1708K(21888K), [CMS Perm : 5141K->5141K(21248K)], 0.0058660 secs] [Times: user=0.01 sys=0.00, real=0.01 secs] 
153.788: Total time for which application threads were stopped: 0.0059210 seconds, Stopping threads took: 0.0000070 seconds
153.789: Application time: 0.0007690 seconds
153.790: [GC153.790: [ParNew: 5483K->590K(6144K), 0.0016960 secs] 7191K->7198K(21888K), 0.0017300 secs] [Times: user=0.01 sys=0.00, real=0.00 secs] 
153.791: Total time for which application threads were stopped: 0.0022160 seconds, Stopping threads took: 0.0004100 seconds
153.791: Application time: 0.0001000 seconds
153.792: [GC [1 CMS-initial-mark: 6608K(15744K)] 8376K(21888K), 0.0000870 secs] [Times: user=0.00 sys=0.00, real=0.00 secs] 
153.792: Total time for which application threads were stopped: 0.0004010 seconds, Stopping threads took: 0.0002710 seconds
153.792: [CMS-concurrent-mark-start]
153.795: [CMS-concurrent-mark: 0.003/0.003 secs] [Times: user=0.01 sys=0.00, real=0.00 secs] 
153.795: [CMS-concurrent-preclean-start]
153.795: [CMS-concurrent-preclean: 0.000/0.000 secs] [Times: user=0.00 sys=0.00, real=0.00 secs] 
153.795: [CMS-concurrent-abortable-preclean-start]
153.880: Application time: 0.0880450 seconds
153.926: [GC153.926: [ParNew: 5880K->402K(6144K), 0.0003460 secs] 12488K->7011K(21888K), 0.0003800 secs] [Times: user=0.00 sys=0.00, real=0.00 secs] 
153.926: Total time for which application threads were stopped: 0.0461470 seconds, Stopping threads took: 0.0456910 seconds
153.927: Application time: 0.0005290 seconds
153.927: [GC153.927: [ParNew: 5888K->600K(6144K), 0.0015810 secs] 12497K->12482K(21888K), 0.0016150 secs] [Times: user=0.02 sys=0.00, real=0.01 secs] 
153.929: Total time for which application threads were stopped: 0.0019830 seconds, Stopping threads took: 0.0003140 seconds
154.006: Application time: 0.0771440 seconds
154.008: [GC154.008: [ParNew: 5987K->5987K(6144K), 0.0000130 secs]154.008: [CMS154.008: [CMS-concurrent-abortable-preclean: 0.000/0.212 secs] [Times: user=1.49 sys=0.01, real=0.22 secs] 
 (concurrent mode failure): 11882K->3955K(15744K), 0.0062560 secs] 17870K->3955K(21888K), [CMS Perm : 5141K->5141K(21248K)], 0.0063230 secs] [Times: user=0.01 sys=0.00, real=0.00 secs] 
154.014: Total time for which application threads were stopped: 0.0084280 seconds, Stopping threads took: 0.0020330 seconds
154.015: Application time: 0.0012790 seconds
154.087: [GC154.087: [ParNew: 5485K->502K(6144K), 0.0012800 secs] 9440K->7786K(21888K), 0.0013120 secs] [Times: user=0.00 sys=0.00, real=0.01 secs] 
154.088: Total time for which application threads were stopped: 0.0730000 seconds, Stopping threads took: 0.0716310 seconds
154.088: Application time: 0.0000560 seconds
154.128: [GC [1 CMS-initial-mark: 7283K(15744K)] 8089K(21888K), 0.0001070 secs] [Times: user=0.00 sys=0.00, real=0.00 secs] 
154.128: Total time for which application threads were stopped: 0.0398890 seconds, Stopping threads took: 0.0397590 seconds
154.128: [CMS-concurrent-mark-start]
154.135: [CMS-concurrent-mark: 0.006/0.006 secs] [Times: user=0.03 sys=0.00, real=0.00 secs] 
154.135: [CMS-concurrent-preclean-start]
154.135: [CMS-concurrent-preclean: 0.000/0.000 secs] [Times: user=0.00 sys=0.00, real=0.00 secs] 
154.135: [CMS-concurrent-abortable-preclean-start]
154.135: Application time: 0.0068220 seconds
154.206: [GC154.206: [ParNew: 5695K->404K(6144K), 0.0005320 secs] 12978K->7691K(21888K), 0.0005680 secs] [Times: user=0.00 sys=0.00, real=0.00 secs] 
154.207: Total time for which application threads were stopped: 0.0716100 seconds, Stopping threads took: 0.0709730 seconds
154.207: Application time: 0.0004820 seconds
154.208: [GC154.208: [ParNew: 5888K->598K(6144K), 0.0017460 secs] 13175K->13165K(21888K), 0.0017760 secs] [Times: user=0.01 sys=0.00, real=0.00 secs] 
154.209: Total time for which application threads were stopped: 0.0021820 seconds, Stopping threads took: 0.0003560 seconds
154.288: Application time: 0.0781350 seconds
154.310: [CMS-concurrent-abortable-preclean: 0.000/0.175 secs] [Times: user=1.23 sys=0.06, real=0.18 secs] 
154.329: [GC154.329: [ParNew: 5888K->5888K(6144K), 0.0000130 secs]154.329: [CMS (concurrent mode failure): 12566K->1709K(15744K), 0.0064690 secs] 18455K->1709K(21888K), [CMS Perm : 5141K->5141K(21248K)], 0.0065240 secs] [Times: user=0.00 sys=0.00, real=0.00 secs] 
154.335: Total time for which application threads were stopped: 0.0477280 seconds, Stopping threads took: 0.0411120 seconds
154.336: Application time: 0.0009360 seconds
154.337: [GC154.337: [ParNew: 5483K->602K(6144K), 0.0015970 secs] 7192K->7210K(21888K), 0.0016250 secs] [Times: user=0.01 sys=0.00, real=0.00 secs] 
154.338: Total time for which application threads were stopped: 0.0021030 seconds, Stopping threads took: 0.0004040 seconds
154.338: Application time: 0.0000460 seconds
154.339: [GC [1 CMS-initial-mark: 6608K(15744K)] 7798K(21888K), 0.0001050 secs] [Times: user=0.00 sys=0.00, real=0.00 secs] 
154.339: Total time for which application threads were stopped: 0.0003390 seconds, Stopping threads took: 0.0001870 seconds
154.339: [CMS-concurrent-mark-start]
154.341: [CMS-concurrent-mark: 0.002/0.002 secs] [Times: user=0.01 sys=0.00, real=0.01 secs] 
154.341: [CMS-concurrent-preclean-start]
154.341: [CMS-concurrent-preclean: 0.000/0.000 secs] [Times: user=0.00 sys=0.00, real=0.00 secs] 
154.341: [CMS-concurrent-abortable-preclean-start]
154.435: Application time: 0.0958420 seconds
154.476: [GC154.476: [ParNew: 5970K->434K(6144K), 0.0004650 secs] 12578K->7044K(21888K), 0.0005000 secs] [Times: user=0.00 sys=0.00, real=0.00 secs] 
154.476: Total time for which application threads were stopped: 0.0418820 seconds, Stopping threads took: 0.0413080 seconds
154.477: Application time: 0.0006310 seconds
154.517: [GC154.517: [ParNew: 5784K->634K(6144K), 0.0014950 secs] 12393K->11203K(21888K), 0.0015280 secs] [Times: user=0.01 sys=0.00, real=0.00 secs] 
154.519: Total time for which application threads were stopped: 0.0415970 seconds, Stopping threads took: 0.0400160 seconds
154.596: Application time: 0.0771970 seconds
154.599: [GC154.599: [ParNew: 5924K->5924K(6144K), 0.0000120 secs]154.599: [CMS154.599: [CMS-concurrent-abortable-preclean: 0.000/0.258 secs] [Times: user=1.58 sys=0.03, real=0.25 secs] 
 (concurrent mode failure): 10569K->2490K(15744K), 0.0054090 secs] 16493K->2490K(21888K), [CMS Perm : 5141K->5141K(21248K)], 0.0054720 secs] [Times: user=0.00 sys=0.00, real=0.01 secs] 
154.604: Total time for which application threads were stopped: 0.0083130 seconds, Stopping threads took: 0.0027540 seconds
154.605: Application time: 0.0010010 seconds
154.646: [GC154.646: [ParNew: 5386K->600K(6144K), 0.0016590 secs] 7876K->7595K(21888K), 0.0016870 secs] [Times: user=0.01 sys=0.00, real=0.00 secs] 
154.647: Total time for which application threads were stopped: 0.0419840 seconds, Stopping threads took: 0.0402310 seconds
154.647: Application time: 0.0001560 seconds
154.648: [GC [1 CMS-initial-mark: 6995K(15744K)] 9267K(21888K), 0.0000940 secs] [Times: user=0.00 sys=0.00, real=0.00 secs] 
154.648: Total time for which application threads were stopped: 0.0004880 seconds, Stopping threads took: 0.0003700 seconds
154.648: [CMS-concurrent-mark-start]
154.654: [CMS-concurrent-mark: 0.007/0.007 secs] [Times: user=0.03 sys=0.00, real=0.00 secs] 
154.654: [CMS-concurrent-preclean-start]
154.655: [CMS-concurrent-preclean: 0.000/0.000 secs] [Times: user=0.00 sys=0.00, real=0.00 secs] 
154.655: [CMS-concurrent-abortable-preclean-start]
154.736: Application time: 0.0885610 seconds
154.777: [GC154.777: [ParNew: 6085K->209K(6144K), 0.0002890 secs] 13080K->7207K(21888K), 0.0003180 secs] [Times: user=0.00 sys=0.00, real=0.00 secs] 
154.778: Total time for which application threads were stopped: 0.0412060 seconds, Stopping threads took: 0.0408320 seconds
154.778: Application time: 0.0005010 seconds
154.778: [GC154.778: [ParNew: 5400K->502K(6144K), 0.0015500 secs] 12398K->12385K(21888K), 0.0015780 secs] [Times: user=0.01 sys=0.00, real=0.01 secs] 
154.780: Total time for which application threads were stopped: 0.0019520 seconds, Stopping threads took: 0.0003280 seconds
154.858: Application time: 0.0776310 seconds
154.880: [CMS-concurrent-abortable-preclean: 0.000/0.226 secs] [Times: user=1.47 sys=0.04, real=0.23 secs] 
154.899: [GC154.899: [ParNew: 5987K->5987K(6144K), 0.0000130 secs]154.899: [CMS (concurrent mode failure): 11883K->2490K(15744K), 0.0059160 secs] 17871K->2490K(21888K), [CMS Perm : 5141K->5141K(21248K)], 0.0059720 secs] [Times: user=0.00 sys=0.00, real=0.01 secs] 
154.905: Total time for which application threads were stopped: 0.0473370 seconds, Stopping threads took: 0.0412720 seconds
154.906: Application time: 0.0010410 seconds
154.957: [GC154.957: [ParNew: 5388K->598K(6144K), 0.0015340 secs] 7878K->7595K(21888K), 0.0015780 secs] [Times: user=0.01 sys=0.00, real=0.00 secs] 
154.959: Total time for which application threads were stopped: 0.0528660 seconds, Stopping threads took: 0.0512120 seconds
154.959: Application time: 0.0000620 seconds
154.959: [GC [1 CMS-initial-mark: 6997K(15744K)] 8480K(21888K), 0.0000990 secs] [Times: user=0.00 sys=0.00, real=0.00 secs] 
154.959: Total time for which application threads were stopped: 0.0002770 seconds, Stopping threads took: 0.0001330 seconds
154.959: [CMS-concurrent-mark-start]
154.963: [CMS-concurrent-mark: 0.003/0.003 secs] [Times: user=0.01 sys=0.00, real=0.01 secs] 
154.963: [CMS-concurrent-preclean-start]
154.963: [CMS-concurrent-preclean: 0.000/0.000 secs] [Times: user=0.00 sys=0.00, real=0.00 secs] 
154.963: [CMS-concurrent-abortable-preclean-start]
155.047: Application time: 0.0878050 seconds
155.098: [GC155.098: [ParNew: 6083K->209K(6144K), 0.0002780 secs] 13080K->7209K(21888K), 0.0003110 secs] [Times: user=0.00 sys=0.00, real=0.00 secs] 
155.098: Total time for which application threads were stopped: 0.0512580 seconds, Stopping threads took: 0.0508710 seconds
155.099: Application time: 0.0005430 seconds
155.099: [GC155.099: [ParNew: 5578K->630K(6144K), 0.0014860 secs] 12578K->12513K(21888K), 0.0015230 secs] [Times: user=0.01 sys=0.00, real=0.01 secs] 
155.101: Total time for which application threads were stopped: 0.0019890 seconds, Stopping threads took: 0.0003920 seconds
155.178: Application time: 0.0769610 seconds
155.201: [CMS-concurrent-abortable-preclean: 0.000/0.238 secs] [Times: user=1.48 sys=0.04, real=0.24 secs] 
155.219: [GC155.219: [ParNew: 6017K->6017K(6144K), 0.0000120 secs]155.219: [CMS (concurrent mode failure): 11883K->2490K(15744K), 0.0059470 secs] 17901K->2490K(21888K), [CMS Perm : 5141K->5141K(21248K)], 0.0060050 secs] [Times: user=0.01 sys=0.00, real=0.01 secs] 
155.225: Total time for which application threads were stopped: 0.0470640 seconds, Stopping threads took: 0.0409740 seconds
155.226: Application time: 0.0011610 seconds
155.277: [GC155.277: [ParNew: 5462K->630K(6144K), 0.0013920 secs] 7952K->7037K(21888K), 0.0014260 secs] [Times: user=0.01 sys=0.01, real=0.00 secs] 
155.279: Total time for which application threads were stopped: 0.0526490 seconds, Stopping threads took: 0.0511500 seconds
155.291: Application time: 0.0127080 seconds
155.386: [GC [1 CMS-initial-mark: 6407K(15744K)] 10178K(21888K), 0.0001360 secs] [Times: user=0.00 sys=0.00, real=0.00 secs] 
155.386: Total time for which application threads were stopped: 0.0945610 seconds, Stopping threads took: 0.0943700 seconds
155.386: [CMS-concurrent-mark-start]
155.387: Application time: 0.0005180 seconds
155.387: [GC155.387: [ParNew: 5998K->630K(6144K), 0.0005790 secs] 12405K->8632K(21888K), 0.0006020 secs] [Times: user=0.00 sys=0.00, real=0.00 secs] 
155.387: Total time for which application threads were stopped: 0.0006930 seconds, Stopping threads took: 0.0000530 seconds
155.388: Application time: 0.0010730 seconds
155.458: [GC155.458: [ParNew: 6109K->498K(6144K), 0.0016080 secs] 14112K->11658K(21888K), 0.0016420 secs] [Times: user=0.01 sys=0.00, real=0.01 secs] 
155.460: Total time for which application threads were stopped: 0.0715440 seconds, Stopping threads took: 0.0698200 seconds
155.462: [CMS-concurrent-mark: 0.004/0.076 secs] [Times: user=0.21 sys=0.04, real=0.08 secs] 
155.462: [CMS-concurrent-preclean-start]
155.463: [CMS-concurrent-preclean: 0.000/0.000 secs] [Times: user=0.00 sys=0.00, real=0.00 secs] 
155.463: Application time: 0.0027940 seconds
155.536: [GC[YG occupancy: 2349 K (6144 K)]155.536: [Rescan (parallel) , 0.0001600 secs]155.536: [weak refs processing, 0.0000070 secs]155.536: [scrub string table, 0.0000990 secs] [1 CMS-remark: 11159K(15744K)] 13508K(21888K), 0.0002960 secs] [Times: user=0.00 sys=0.00, real=0.00 secs] 
155.536: Total time for which application threads were stopped: 0.0737870 seconds, Stopping threads took: 0.0734380 seconds
155.537: [CMS-concurrent-sweep-start]
155.537: Application time: 0.0006120 seconds
155.537: [GC155.538: [ParNew: 5866K->5866K(6144K), 0.0000190 secs]155.538: [CMS155.538: [CMS-concurrent-sweep: 0.001/0.001 secs] [Times: user=0.00 sys=0.00, real=0.00 secs] 
 (concurrent mode failure): 11159K->5615K(15744K), 0.0064740 secs] 17026K->5615K(21888K), [CMS Perm : 5141K->5141K(21248K)], 0.0065370 secs] [Times: user=0.01 sys=0.00, real=0.01 secs] 
155.544: Total time for which application threads were stopped: 0.0070000 seconds, Stopping threads took: 0.0003860 seconds
155.624: Application time: 0.0795740 seconds
155.627: [GC155.627: [ParNew: 5387K->496K(6144K), 0.0005280 secs] 11003K->6699K(21888K), 0.0005720 secs] [Times: user=0.01 sys=0.00, real=0.01 secs] 
155.628: Total time for which application threads were stopped: 0.0043600 seconds, Stopping threads took: 0.0037270 seconds
155.629: Application time: 0.0008380 seconds
155.668: [GC155.668: [ParNew: 5962K->628K(6144K), 0.0016760 secs] 12166K->11629K(21888K), 0.0017080 secs] [Times: user=0.01 sys=0.00, real=0.00 secs] 
155.670: Total time for which application threads were stopped: 0.0413560 seconds, Stopping threads took: 0.0395760 seconds
155.670: Application time: 0.0001550 seconds
155.710: [GC [1 CMS-initial-mark: 11001K(15744K)] 12714K(21888K), 0.0001080 secs] [Times: user=0.00 sys=0.00, real=0.00 secs] 
155.710: Total time for which application threads were stopped: 0.0401010 seconds, Stopping threads took: 0.0399700 seconds
155.711: [CMS-concurrent-mark-start]
155.717: [CMS-concurrent-mark: 0.006/0.006 secs] [Times: user=0.04 sys=0.00, real=0.00 secs] 
155.717: [CMS-concurrent-preclean-start]
155.717: [CMS-concurrent-preclean: 0.000/0.000 secs] [Times: user=0.00 sys=0.00, real=0.00 secs] 
155.717: [CMS-concurrent-abortable-preclean-start]
155.717: [CMS-concurrent-abortable-preclean: 0.000/0.000 secs] [Times: user=0.00 sys=0.00, real=0.00 secs] 
155.717: Application time: 0.0063800 seconds
155.788: [GC[YG occupancy: 4841 K (6144 K)]155.788: [Rescan (parallel) , 0.0001230 secs]155.788: [weak refs processing, 0.0000070 secs]155.788: [scrub string table, 0.0001140 secs] [1 CMS-remark: 11001K(15744K)] 15843K(21888K), 0.0002850 secs] [Times: user=0.00 sys=0.00, real=0.00 secs] 
155.788: Total time for which application threads were stopped: 0.0714160 seconds, Stopping threads took: 0.0710850 seconds
155.788: [CMS-concurrent-sweep-start]
155.789: Application time: 0.0003470 seconds
155.789: [GC155.789: [ParNew: 6113K->6113K(6144K), 0.0000100 secs]155.789: [CMS155.789: [CMS-concurrent-sweep: 0.000/0.001 secs] [Times: user=0.01 sys=0.00, real=0.00 secs] 
 (concurrent mode failure): 11001K->3564K(15744K), 0.0068270 secs] 17115K->3564K(21888K), [CMS Perm : 5141K->5141K(21248K)], 0.0068720 secs] [Times: user=0.00 sys=0.00, real=0.00 secs] 
155.796: Total time for which application threads were stopped: 0.0071580 seconds, Stopping threads took: 0.0002340 seconds
155.797: Application time: 0.0011840 seconds
155.849: [GC155.849: [ParNew: 5485K->594K(6144K), 0.0013340 secs] 9050K->8175K(21888K), 0.0013650 secs] [Times: user=0.01 sys=0.00, real=0.00 secs] 
155.850: Total time for which application threads were stopped: 0.0529780 seconds, Stopping threads took: 0.0515350 seconds
155.850: Application time: 0.0000820 seconds
155.890: [GC [1 CMS-initial-mark: 7581K(15744K)] 8767K(21888K), 0.0001020 secs] [Times: user=0.00 sys=0.00, real=0.00 secs] 
155.890: Total time for which application threads were stopped: 0.0399530 seconds, Stopping threads took: 0.0398290 seconds
155.890: [CMS-concurrent-mark-start]
155.894: [CMS-concurrent-mark: 0.004/0.004 secs] [Times: user=0.01 sys=0.00, real=0.00 secs] 
155.894: [CMS-concurrent-preclean-start]
155.894: [CMS-concurrent-preclean: 0.000/0.000 secs] [Times: user=0.00 sys=0.00, real=0.00 secs] 
155.894: [CMS-concurrent-abortable-preclean-start]
155.978: Application time: 0.0877580 seconds
156.017: [GC156.017: [ParNew: 5981K->211K(6144K), 0.0003570 secs] 13563K->7792K(21888K), 0.0003900 secs] [Times: user=0.00 sys=0.00, real=0.00 secs] 
156.018: Total time for which application threads were stopped: 0.0399280 seconds, Stopping threads took: 0.0394660 seconds
156.018: Application time: 0.0004650 seconds
156.018: [GC156.019: [ParNew: 5697K->602K(6144K), 0.0018070 secs] 13278K->13265K(21888K), 0.0018490 secs] [Times: user=0.01 sys=0.00, real=0.01 secs] 
156.020: Total time for which application threads were stopped: 0.0022400 seconds, Stopping threads took: 0.0003400 seconds
156.098: Application time: 0.0781150 seconds
156.121: [CMS-concurrent-abortable-preclean: 0.000/0.227 secs] [Times: user=1.44 sys=0.04, real=0.23 secs] 
156.139: [GC156.139: [ParNew: 6087K->6087K(6144K), 0.0000140 secs]156.139: [CMS (concurrent mode failure): 12663K->2783K(15744K), 0.0059130 secs] 18751K->2783K(21888K), [CMS Perm : 5141K->5141K(21248K)], 0.0059730 secs] [Times: user=0.00 sys=0.00, real=0.01 secs] 
156.145: Total time for which application threads were stopped: 0.0462110 seconds, Stopping threads took: 0.0401490 seconds
156.146: Application time: 0.0011560 seconds
156.186: [GC156.186: [ParNew: 5387K->598K(6144K), 0.0014580 secs] 8171K->8181K(21888K), 0.0014890 secs] [Times: user=0.01 sys=0.00, real=0.00 secs] 
156.187: Total time for which application threads were stopped: 0.0413220 seconds, Stopping threads took: 0.0397830 seconds
156.187: Application time: 0.0000490 seconds
156.187: [GC [1 CMS-initial-mark: 7583K(15744K)] 8771K(21888K), 0.0001110 secs] [Times: user=0.00 sys=0.00, real=0.01 secs] 
156.187: Total time for which application threads were stopped: 0.0002280 seconds, Stopping threads took: 0.0000910 seconds
156.188: [CMS-concurrent-mark-start]
156.191: [CMS-concurrent-mark: 0.004/0.004 secs] [Times: user=0.01 sys=0.00, real=0.00 secs] 
156.191: [CMS-concurrent-preclean-start]
156.191: [CMS-concurrent-preclean: 0.000/0.000 secs] [Times: user=0.02 sys=0.00, real=0.00 secs] 
156.192: [CMS-concurrent-abortable-preclean-start]
156.276: Application time: 0.0882960 seconds
156.329: [GC156.329: [ParNew: 5985K->404K(6144K), 0.0003450 secs] 13569K->7989K(21888K), 0.0003790 secs] [Times: user=0.00 sys=0.00, real=0.00 secs] 
156.330: Total time for which application threads were stopped: 0.0540240 seconds, Stopping threads took: 0.0535810 seconds
156.330: Application time: 0.0004660 seconds
156.331: [GC156.331: [ParNew: 5888K->600K(6144K), 0.0017650 secs] 13472K->13460K(21888K), 0.0017980 secs] [Times: user=0.01 sys=0.00, real=0.00 secs] 
156.332: Total time for which application threads were stopped: 0.0021520 seconds, Stopping threads took: 0.0003010 seconds
156.411: Application time: 0.0784890 seconds
156.433: [CMS-concurrent-abortable-preclean: 0.000/0.241 secs] [Times: user=1.48 sys=0.05, real=0.24 secs] 
156.456: [GC156.456: [ParNew: 6065K->6065K(6144K), 0.0000140 secs]156.456: [CMS (concurrent mode failure): 12860K->2881K(15744K), 0.0067370 secs] 18926K->2881K(21888K), [CMS Perm : 5141K->5141K(21248K)], 0.0067940 secs] [Times: user=0.00 sys=0.00, real=0.01 secs] 
156.463: Total time for which application threads were stopped: 0.0522120 seconds, Stopping threads took: 0.0453350 seconds
156.464: Application time: 0.0010630 seconds
156.504: [GC156.504: [ParNew: 5483K->500K(6144K), 0.0017470 secs] 8364K->8083K(21888K), 0.0017770 secs] [Times: user=0.01 sys=0.00, real=0.00 secs] 
156.506: Total time for which application threads were stopped: 0.0417710 seconds, Stopping threads took: 0.0399200 seconds
156.506: Application time: 0.0000480 seconds
156.506: [GC [1 CMS-initial-mark: 7583K(15744K)] 8675K(21888K), 0.0001070 secs] [Times: user=0.00 sys=0.00, real=0.00 secs] 
156.506: Total time for which application threads were stopped: 0.0003170 seconds, Stopping threads took: 0.0001850 seconds
156.506: [CMS-concurrent-mark-start]
156.510: [CMS-concurrent-mark: 0.003/0.003 secs] [Times: user=0.01 sys=0.00, real=0.01 secs] 
156.510: [CMS-concurrent-preclean-start]
156.510: [CMS-concurrent-preclean: 0.000/0.000 secs] [Times: user=0.00 sys=0.00, real=0.00 secs] 
156.510: Application time: 0.0034350 seconds
156.584: [GC[YG occupancy: 2470 K (6144 K)]156.584: [Rescan (parallel) , 0.0003120 secs]156.586: [weak refs processing, 0.0000250 secs]156.586: [scrub string table, 0.0001160 secs] [1 CMS-remark: 7583K(15744K)] 10053K(21888K), 0.0017040 secs] [Times: user=0.00 sys=0.00, real=0.00 secs] 
156.586: Total time for which application threads were stopped: 0.0762500 seconds, Stopping threads took: 0.0744950 seconds
156.586: [CMS-concurrent-sweep-start]
156.587: Application time: 0.0006190 seconds
156.627: [GC156.627: [ParNew: 5985K->598K(6144K), 0.0010600 secs] 13569K->11502K(21888K), 0.0010960 secs] [Times: user=0.01 sys=0.00, real=0.01 secs] 
156.628: Total time for which application threads were stopped: 0.0411720 seconds, Stopping threads took: 0.0400010 seconds
156.628: [CMS-concurrent-sweep: 0.001/0.042 secs] [Times: user=0.11 sys=0.02, real=0.05 secs] 
156.628: [CMS-concurrent-reset-start]
156.629: [CMS-concurrent-reset: 0.000/0.000 secs] [Times: user=0.00 sys=0.00, real=0.00 secs] 
156.706: Application time: 0.0777880 seconds
156.710: [GC156.710: [ParNew: 6083K->6083K(6144K), 0.0000200 secs]156.710: [CMS: 10122K->2100K(15744K), 0.0065090 secs] 16205K->2100K(21888K), [CMS Perm : 5141K->5141K(21248K)], 0.0065810 secs] [Times: user=0.00 sys=0.00, real=0.00 secs] 
156.717: Total time for which application threads were stopped: 0.0109220 seconds, Stopping threads took: 0.0042530 seconds
156.718: Application time: 0.0011250 seconds
156.758: [GC156.758: [ParNew: 5154K->634K(6144K), 0.0014810 secs] 7254K->6874K(21888K), 0.0015170 secs] [Times: user=0.01 sys=0.00, real=0.00 secs] 
156.759: Total time for which application threads were stopped: 0.0416240 seconds, Stopping threads took: 0.0400340 seconds
156.759: Application time: 0.0000380 seconds
156.759: [GC [1 CMS-initial-mark: 6240K(15744K)] 7757K(21888K), 0.0001060 secs] [Times: user=0.00 sys=0.00, real=0.01 secs] 
156.759: Total time for which application threads were stopped: 0.0001860 seconds, Stopping threads took: 0.0000570 seconds
156.760: [CMS-concurrent-mark-start]
156.763: [CMS-concurrent-mark: 0.004/0.004 secs] [Times: user=0.01 sys=0.00, real=0.00 secs] 
156.763: [CMS-concurrent-preclean-start]
156.763: [CMS-concurrent-preclean: 0.000/0.000 secs] [Times: user=0.00 sys=0.00, real=0.00 secs] 
156.763: [CMS-concurrent-abortable-preclean-start]
156.845: Application time: 0.0859280 seconds
156.892: [GC156.892: [ParNew: 6021K->404K(6144K), 0.0005040 secs] 12262K->6681K(21888K), 0.0005380 secs] [Times: user=0.01 sys=0.00, real=0.00 secs] 
156.893: Total time for which application threads were stopped: 0.0472630 seconds, Stopping threads took: 0.0466490 seconds
156.893: Application time: 0.0006600 seconds
156.894: [GC156.894: [ParNew: 5871K->532K(6144K), 0.0015530 secs] 12148K->12083K(21888K), 0.0015890 secs] [Times: user=0.01 sys=0.00, real=0.00 secs] 
156.895: Total time for which application threads were stopped: 0.0018950 seconds, Stopping threads took: 0.0002500 seconds
156.973: Application time: 0.0774570 seconds
156.995: [CMS-concurrent-abortable-preclean: 0.000/0.232 secs] [Times: user=1.47 sys=0.02, real=0.23 secs] 
157.014: [GC157.014: [ParNew: 6017K->6017K(6144K), 0.0000130 secs]157.014: [CMS (concurrent mode failure): 11551K->2881K(15744K), 0.0053440 secs] 17569K->2881K(21888K), [CMS Perm : 5141K->5141K(21248K)], 0.0054200 secs] [Times: user=0.01 sys=0.00, real=0.01 secs] 
157.019: Total time for which application threads were stopped: 0.0467710 seconds, Stopping threads took: 0.0412870 seconds
157.021: Application time: 0.0010370 seconds
157.060: [GC157.061: [ParNew: 5485K->600K(6144K), 0.0013430 secs] 8367K->7400K(21888K), 0.0013720 secs] [Times: user=0.01 sys=0.00, real=0.00 secs] 
157.062: Total time for which application threads were stopped: 0.0413780 seconds, Stopping threads took: 0.0399310 seconds
157.062: Application time: 0.0000750 seconds
157.062: [GC [1 CMS-initial-mark: 6800K(15744K)] 8387K(21888K), 0.0000920 secs] [Times: user=0.00 sys=0.00, real=0.00 secs] 
157.062: Total time for which application threads were stopped: 0.0003190 seconds, Stopping threads took: 0.0001900 seconds
157.062: [CMS-concurrent-mark-start]
157.066: [CMS-concurrent-mark: 0.003/0.003 secs] [Times: user=0.02 sys=0.00, real=0.00 secs] 
157.066: [CMS-concurrent-preclean-start]
157.066: [CMS-concurrent-preclean: 0.000/0.000 secs] [Times: user=0.00 sys=0.00, real=0.00 secs] 
157.066: [CMS-concurrent-abortable-preclean-start]
157.147: Application time: 0.0843970 seconds
157.158: [GC157.158: [ParNew: 5792K->502K(6144K), 0.0006410 secs] 12593K->8282K(21888K), 0.0006770 secs] [Times: user=0.01 sys=0.00, real=0.00 secs] 
157.158: Total time for which application threads were stopped: 0.0117460 seconds, Stopping threads took: 0.0109840 seconds
157.159: Application time: 0.0007700 seconds
157.206: [GC157.206: [ParNew: 5890K->504K(6144K), 0.0017250 secs] 13670K->13560K(21888K), 0.0017620 secs] [Times: user=0.01 sys=0.00, real=0.01 secs] 
157.208: Total time for which application threads were stopped: 0.0487760 seconds, Stopping threads took: 0.0469350 seconds
157.287: Application time: 0.0789560 seconds
157.308: [CMS-concurrent-abortable-preclean: 0.000/0.242 secs] [Times: user=1.42 sys=0.07, real=0.25 secs] 
157.327: [GC157.327: [ParNew: 5872K->5872K(6144K), 0.0000120 secs]157.327: [CMS (concurrent mode failure): 13056K->2686K(15744K), 0.0053500 secs] 18929K->2686K(21888K), [CMS Perm : 5141K->5141K(21248K)], 0.0054060 secs] [Times: user=0.01 sys=0.00, real=0.01 secs] 
157.332: Total time for which application threads were stopped: 0.0452140 seconds, Stopping threads took: 0.0397480 seconds
157.333: Application time: 0.0009760 seconds
157.373: [GC157.373: [ParNew: 5483K->502K(6144K), 0.0015050 secs] 8170K->7890K(21888K), 0.0015380 secs] [Times: user=0.01 sys=0.00, real=0.00 secs] 
157.375: Total time for which application threads were stopped: 0.0416570 seconds, Stopping threads took: 0.0400430 seconds
157.375: Application time: 0.0000770 seconds
157.427: [GC [1 CMS-initial-mark: 7388K(15744K)] 8877K(21888K), 0.0001090 secs] [Times: user=0.00 sys=0.00, real=0.00 secs] 
157.427: Total time for which application threads were stopped: 0.0520060 seconds, Stopping threads took: 0.0518510 seconds
157.427: [CMS-concurrent-mark-start]
157.430: [CMS-concurrent-mark: 0.003/0.003 secs] [Times: user=0.01 sys=0.00, real=0.01 secs] 
157.430: [CMS-concurrent-preclean-start]
157.431: [CMS-concurrent-preclean: 0.000/0.000 secs] [Times: user=0.00 sys=0.00, real=0.00 secs] 
157.431: [CMS-concurrent-abortable-preclean-start]
157.510: Application time: 0.0826840 seconds
157.550: [GC157.550: [ParNew: 5968K->434K(6144K), 0.0003550 secs] 13356K->7824K(21888K), 0.0003860 secs] [Times: user=0.01 sys=0.01, real=0.00 secs] 
157.550: Total time for which application threads were stopped: 0.0408490 seconds, Stopping threads took: 0.0403860 seconds
157.551: Application time: 0.0005960 seconds
157.551: [GC157.551: [ParNew: 5885K->516K(6144K), 0.0016450 secs] 13274K->13210K(21888K), 0.0016800 secs] [Times: user=0.01 sys=0.00, real=0.00 secs] 
157.553: Total time for which application threads were stopped: 0.0019870 seconds, Stopping threads took: 0.0002530 seconds
157.631: Application time: 0.0777320 seconds
157.653: [CMS-concurrent-abortable-preclean: 0.000/0.223 secs] [Times: user=1.41 sys=0.03, real=0.22 secs] 
157.671: [GC157.671: [ParNew: 5920K->5920K(6144K), 0.0000130 secs]157.671: [CMS (concurrent mode failure): 12694K->2784K(15744K), 0.0053290 secs] 18614K->2784K(21888K), [CMS Perm : 5141K->5141K(21248K)], 0.0053850 secs] [Times: user=0.00 sys=0.00, real=0.00 secs] 
157.676: Total time for which application threads were stopped: 0.0457290 seconds, Stopping threads took: 0.0402740 seconds
157.677: Application time: 0.0010160 seconds
157.731: [GC157.731: [ParNew: 5388K->602K(6144K), 0.0015140 secs] 8172K->8186K(21888K), 0.0015450 secs] [Times: user=0.01 sys=0.00, real=0.00 secs] 
157.732: Total time for which application threads were stopped: 0.0547250 seconds, Stopping threads took: 0.0531280 seconds
157.732: Application time: 0.0000740 seconds
157.772: [GC [1 CMS-initial-mark: 7584K(15744K)] 9073K(21888K), 0.0001020 secs] [Times: user=0.00 sys=0.00, real=0.00 secs] 
157.772: Total time for which application threads were stopped: 0.0401520 seconds, Stopping threads took: 0.0400040 seconds
157.772: [CMS-concurrent-mark-start]
157.776: [CMS-concurrent-mark: 0.004/0.004 secs] [Times: user=0.03 sys=0.00, real=0.00 secs] 
157.776: [CMS-concurrent-preclean-start]
157.776: [CMS-concurrent-preclean: 0.000/0.000 secs] [Times: user=0.00 sys=0.00, real=0.00 secs] 
157.776: [CMS-concurrent-abortable-preclean-start]
157.860: Application time: 0.0874630 seconds
157.904: [GC157.904: [ParNew: 5989K->404K(6144K), 0.0005450 secs] 13574K->7990K(21888K), 0.0005790 secs] [Times: user=0.01 sys=0.00, real=0.00 secs] 
157.905: Total time for which application threads were stopped: 0.0450050 seconds, Stopping threads took: 0.0443720 seconds
157.906: Application time: 0.0006070 seconds
157.906: [GC157.906: [ParNew: 5871K->532K(6144K), 0.0016310 secs] 13456K->13393K(21888K), 0.0016670 secs] [Times: user=0.01 sys=0.00, real=0.01 secs] 
157.908: Total time for which application threads were stopped: 0.0020710 seconds, Stopping threads took: 0.0003290 seconds
157.986: Application time: 0.0783310 seconds
158.008: [CMS-concurrent-abortable-preclean: 0.000/0.232 secs] [Times: user=1.45 sys=0.04, real=0.24 secs] 
158.031: [GC158.031: [ParNew: 5920K->5920K(6144K), 0.0000140 secs]158.031: [CMS (concurrent mode failure): 12861K->1709K(15744K), 0.0057920 secs] 18781K->1709K(21888K), [CMS Perm : 5141K->5141K(21248K)], 0.0058460 secs] [Times: user=0.01 sys=0.00, real=0.00 secs] 
158.036: Total time for which application threads were stopped: 0.0505330 seconds, Stopping threads took: 0.0446040 seconds
158.037: Application time: 0.0009330 seconds
158.038: [GC158.038: [ParNew: 5485K->598K(6144K), 0.0015120 secs] 7195K->7207K(21888K), 0.0015410 secs] [Times: user=0.01 sys=0.00, real=0.01 secs] 
158.039: Total time for which application threads were stopped: 0.0020870 seconds, Stopping threads took: 0.0004730 seconds
158.040: Application time: 0.0000420 seconds
158.040: [GC [1 CMS-initial-mark: 6609K(15744K)] 7795K(21888K), 0.0000980 secs] [Times: user=0.00 sys=0.00, real=0.00 secs] 
158.040: Total time for which application threads were stopped: 0.0003330 seconds, Stopping threads took: 0.0002100 seconds
158.040: [CMS-concurrent-mark-start]
158.044: [CMS-concurrent-mark: 0.004/0.004 secs] [Times: user=0.03 sys=0.00, real=0.00 secs] 
158.044: [CMS-concurrent-preclean-start]
158.044: [CMS-concurrent-preclean: 0.000/0.000 secs] [Times: user=0.00 sys=0.00, real=0.00 secs] 
158.044: [CMS-concurrent-abortable-preclean-start]
158.130: Application time: 0.0902660 seconds
158.172: [GC158.172: [ParNew: 5888K->404K(6144K), 0.0005570 secs] 12497K->7015K(21888K), 0.0005920 secs] [Times: user=0.01 sys=0.00, real=0.00 secs] 
158.172: Total time for which application threads were stopped: 0.0419760 seconds, Stopping threads took: 0.0412980 seconds
158.173: Application time: 0.0005550 seconds
158.173: [GC158.173: [ParNew: 5790K->504K(6144K), 0.0016290 secs] 12401K->12389K(21888K), 0.0016620 secs] [Times: user=0.01 sys=0.00, real=0.00 secs] 
158.175: Total time for which application threads were stopped: 0.0021200 seconds, Stopping threads took: 0.0004030 seconds
158.252: Application time: 0.0774200 seconds
158.257: [GC158.257: [ParNew: 5989K->5989K(6144K), 0.0000130 secs]158.257: [CMS158.257: [CMS-concurrent-abortable-preclean: 0.000/0.214 secs] [Times: user=1.47 sys=0.04, real=0.21 secs] 
 (concurrent mode failure): 11884K->3956K(15744K), 0.0056670 secs] 17874K->3956K(21888K), [CMS Perm : 5141K->5141K(21248K)], 0.0057360 secs] [Times: user=0.00 sys=0.00, real=0.01 secs] 
158.263: Total time for which application threads were stopped: 0.0108030 seconds, Stopping threads took: 0.0049940 seconds
158.264: Application time: 0.0012580 seconds
158.304: [GC158.304: [ParNew: 5388K->602K(6144K), 0.0015110 secs] 9344K->8768K(21888K), 0.0015410 secs] [Times: user=0.01 sys=0.00, real=0.00 secs] 
158.306: Total time for which application threads were stopped: 0.0413990 seconds, Stopping threads took: 0.0398030 seconds
158.306: Application time: 0.0000700 seconds
158.368: [GC [1 CMS-initial-mark: 8165K(15744K)] 8971K(21888K), 0.0001100 secs] [Times: user=0.00 sys=0.00, real=0.00 secs] 
158.368: Total time for which application threads were stopped: 0.0622250 seconds, Stopping threads took: 0.0620710 seconds
158.368: [CMS-concurrent-mark-start]
158.372: [CMS-concurrent-mark: 0.004/0.004 secs] [Times: user=0.03 sys=0.00, real=0.00 secs] 
158.372: [CMS-concurrent-preclean-start]
158.372: [CMS-concurrent-preclean: 0.000/0.000 secs] [Times: user=0.00 sys=0.00, real=0.00 secs] 
158.372: [CMS-concurrent-abortable-preclean-start]
158.372: Application time: 0.0042720 seconds
158.446: [GC158.446: [ParNew: 6087K->600K(6144K), 0.0006700 secs] 14253K->8768K(21888K), 0.0006960 secs] [Times: user=0.00 sys=0.00, real=0.00 secs] 
158.446: Total time for which application threads were stopped: 0.0740470 seconds, Stopping threads took: 0.0732770 seconds
158.447: Application time: 0.0006150 seconds
158.447: [GC158.447: [ParNew: 6066K->530K(6144K), 0.0015860 secs] 14235K->14172K(21888K), 0.0016200 secs] [Times: user=0.01 sys=0.00, real=0.01 secs] 
158.449: Total time for which application threads were stopped: 0.0019460 seconds, Stopping threads took: 0.0002520 seconds
158.528: Application time: 0.0788910 seconds
158.549: [CMS-concurrent-abortable-preclean: 0.000/0.177 secs] [Times: user=1.10 sys=0.06, real=0.18 secs] 
158.568: [GC158.568: [ParNew: 6015K->6015K(6144K), 0.0000130 secs]158.568: [CMS (concurrent mode failure): 13642K->3077K(15744K), 0.0060380 secs] 19658K->3077K(21888K), [CMS Perm : 5141K->5141K(21248K)], 0.0060910 secs] [Times: user=0.01 sys=0.00, real=0.00 secs] 
158.574: Total time for which application threads were stopped: 0.0464950 seconds, Stopping threads took: 0.0403430 seconds
158.575: Application time: 0.0012090 seconds
158.628: [GC158.628: [ParNew: 5464K->532K(6144K), 0.0011430 secs] 8541K->7137K(21888K), 0.0011720 secs] [Times: user=0.01 sys=0.00, real=0.00 secs] 
158.629: Total time for which application threads were stopped: 0.0537840 seconds, Stopping threads took: 0.0525380 seconds
158.629: Application time: 0.0000600 seconds
158.630: [GC [1 CMS-initial-mark: 6605K(15744K)] 7727K(21888K), 0.0001040 secs] [Times: user=0.00 sys=0.00, real=0.00 secs] 
158.630: Total time for which application threads were stopped: 0.0003360 seconds, Stopping threads took: 0.0001840 seconds
158.630: [CMS-concurrent-mark-start]
158.633: [CMS-concurrent-mark: 0.003/0.003 secs] [Times: user=0.01 sys=0.00, real=0.00 secs] 
158.633: [CMS-concurrent-preclean-start]
158.633: [CMS-concurrent-preclean: 0.000/0.000 secs] [Times: user=0.00 sys=0.00, real=0.00 secs] 
158.633: [CMS-concurrent-abortable-preclean-start]
158.717: Application time: 0.0876990 seconds
158.764: [GC158.764: [ParNew: 5783K->458K(6144K), 0.0006290 secs] 12389K->7095K(21888K), 0.0006640 secs] [Times: user=0.00 sys=0.00, real=0.00 secs] 
158.765: Total time for which application threads were stopped: 0.0474850 seconds, Stopping threads took: 0.0467360 seconds
158.765: Application time: 0.0006430 seconds
158.766: [GC158.766: [ParNew: 5944K->600K(6144K), 0.0018250 secs] 12581K->12570K(21888K), 0.0018580 secs] [Times: user=0.01 sys=0.00, real=0.01 secs] 
158.768: Total time for which application threads were stopped: 0.0023210 seconds, Stopping threads took: 0.0004100 seconds
158.846: Application time: 0.0777530 seconds
158.847: [GC158.847: [ParNew: 6085K->6085K(6144K), 0.0000130 secs]158.847: [CMS158.847: [CMS-concurrent-abortable-preclean: 0.000/0.214 secs] [Times: user=1.44 sys=0.03, real=0.21 secs] 
 (concurrent mode failure): 11970K->4054K(15744K), 0.0062700 secs] 18055K->4054K(21888K), [CMS Perm : 5141K->5141K(21248K)], 0.0063390 secs] [Times: user=0.01 sys=0.00, real=0.01 secs] 
158.854: Total time for which application threads were stopped: 0.0079800 seconds, Stopping threads took: 0.0015700 seconds
158.855: Application time: 0.0012990 seconds
158.925: [GC158.925: [ParNew: 5485K->600K(6144K), 0.0014690 secs] 9539K->7982K(21888K), 0.0015050 secs] [Times: user=0.01 sys=0.00, real=0.00 secs] 
158.927: Total time for which application threads were stopped: 0.0719240 seconds, Stopping threads took: 0.0703430 seconds
158.927: Application time: 0.0000520 seconds
158.927: [GC [1 CMS-initial-mark: 7382K(15744K)] 8086K(21888K), 0.0001040 secs] [Times: user=0.00 sys=0.00, real=0.00 secs] 
158.927: Total time for which application threads were stopped: 0.0002420 seconds, Stopping threads took: 0.0001160 seconds
158.927: [CMS-concurrent-mark-start]
158.930: [CMS-concurrent-mark: 0.003/0.003 secs] [Times: user=0.00 sys=0.00, real=0.01 secs] 
158.930: [CMS-concurrent-preclean-start]
158.930: [CMS-concurrent-preclean: 0.000/0.000 secs] [Times: user=0.01 sys=0.00, real=0.00 secs] 
158.930: [CMS-concurrent-abortable-preclean-start]
159.011: Application time: 0.0840360 seconds
159.018: [GC159.018: [ParNew: 6085K->404K(6144K), 0.0004340 secs] 13468K->8183K(21888K), 0.0004710 secs] [Times: user=0.01 sys=0.00, real=0.00 secs] 
159.018: Total time for which application threads were stopped: 0.0069170 seconds, Stopping threads took: 0.0063760 seconds
159.019: Application time: 0.0004920 seconds
159.059: [GC159.059: [ParNew: 5792K->602K(6144K), 0.0014360 secs] 13571K->12877K(21888K), 0.0014680 secs] [Times: user=0.01 sys=0.00, real=0.01 secs] 
159.060: Total time for which application threads were stopped: 0.0415690 seconds, Stopping threads took: 0.0400450 seconds
159.138: Application time: 0.0779880 seconds
159.160: [CMS-concurrent-abortable-preclean: 0.000/0.230 secs] [Times: user=1.41 sys=0.06, real=0.23 secs] 
159.179: [GC159.179: [ParNew: 5989K->5989K(6144K), 0.0000130 secs]159.179: [CMS (concurrent mode failure): 12275K->2101K(15744K), 0.0056690 secs] 18264K->2101K(21888K), [CMS Perm : 5141K->5141K(21248K)], 0.0057280 secs] [Times: user=0.00 sys=0.00, real=0.01 secs] 
159.185: Total time for which application threads were stopped: 0.0467410 seconds, Stopping threads took: 0.0409300 seconds
159.186: Application time: 0.0012250 seconds
159.238: [GC159.238: [ParNew: 5481K->600K(6144K), 0.0011450 secs] 7582K->5834K(21888K), 0.0011690 secs] [Times: user=0.01 sys=0.00, real=0.00 secs] 
159.239: Total time for which application threads were stopped: 0.0533310 seconds, Stopping threads took: 0.0520950 seconds
159.239: Application time: 0.0000510 seconds
159.279: [GC [1 CMS-initial-mark: 5234K(15744K)] 5940K(21888K), 0.0000960 secs] [Times: user=0.00 sys=0.00, real=0.01 secs] 
159.279: Total time for which application threads were stopped: 0.0400530 seconds, Stopping threads took: 0.0399330 seconds
159.280: [CMS-concurrent-mark-start]
159.283: [CMS-concurrent-mark: 0.003/0.003 secs] [Times: user=0.01 sys=0.00, real=0.00 secs] 
159.283: [CMS-concurrent-preclean-start]
159.283: [CMS-concurrent-preclean: 0.000/0.000 secs] [Times: user=0.00 sys=0.00, real=0.00 secs] 
159.283: [CMS-concurrent-abortable-preclean-start]
159.284: Application time: 0.0041870 seconds
159.358: [GC159.358: [ParNew: 6085K->596K(6144K), 0.0005010 secs] 11320K->6224K(21888K), 0.0005330 secs] [Times: user=0.00 sys=0.00, real=0.00 secs] 
159.359: Total time for which application threads were stopped: 0.0751540 seconds, Stopping threads took: 0.0745520 seconds
159.360: Application time: 0.0007840 seconds
159.399: [GC159.399: [ParNew: 6062K->630K(6144K), 0.0016520 secs] 11690K->10952K(21888K), 0.0016890 secs] [Times: user=0.01 sys=0.01, real=0.01 secs] 
159.401: Total time for which application threads were stopped: 0.0414200 seconds, Stopping threads took: 0.0396750 seconds
159.478: Application time: 0.0773850 seconds
159.501: [CMS-concurrent-abortable-preclean: 0.000/0.218 secs] [Times: user=1.30 sys=0.07, real=0.22 secs] 
159.524: [GC159.524: [ParNew: 6018K->6018K(6144K), 0.0000130 secs]159.524: [CMS (concurrent mode failure): 10322K->2296K(15744K), 0.0056310 secs] 16340K->2296K(21888K), [CMS Perm : 5141K->5141K(21248K)], 0.0056880 secs] [Times: user=0.01 sys=0.00, real=0.01 secs] 
159.530: Total time for which application threads were stopped: 0.0513780 seconds, Stopping threads took: 0.0456080 seconds
159.531: Application time: 0.0010550 seconds
159.571: [GC159.571: [ParNew: 5368K->630K(6144K), 0.0014270 secs] 7665K->7333K(21888K), 0.0014570 secs] [Times: user=0.01 sys=0.00, real=0.00 secs] 
159.572: Total time for which application threads were stopped: 0.0411830 seconds, Stopping threads took: 0.0396730 seconds
159.572: Application time: 0.0000640 seconds
159.612: [GC [1 CMS-initial-mark: 6703K(15744K)] 7828K(21888K), 0.0001210 secs] [Times: user=0.00 sys=0.00, real=0.00 secs] 
159.612: Total time for which application threads were stopped: 0.0399450 seconds, Stopping threads took: 0.0397770 seconds
159.612: [CMS-concurrent-mark-start]
159.616: [CMS-concurrent-mark: 0.003/0.003 secs] [Times: user=0.03 sys=0.00, real=0.00 secs] 
159.616: [CMS-concurrent-preclean-start]
159.616: [CMS-concurrent-preclean: 0.000/0.000 secs] [Times: user=0.00 sys=0.00, real=0.00 secs] 
159.616: [CMS-concurrent-abortable-preclean-start]
159.699: Application time: 0.0869320 seconds
159.709: [GC159.709: [ParNew: 5998K->630K(6144K), 0.0006500 secs] 12701K->7562K(21888K), 0.0006860 secs] [Times: user=0.00 sys=0.00, real=0.00 secs] 
159.709: Total time for which application threads were stopped: 0.0104640 seconds, Stopping threads took: 0.0096970 seconds
159.710: Application time: 0.0007270 seconds
159.763: [GC159.763: [ParNew: 6096K->626K(6144K), 0.0016150 secs] 13029K->12080K(21888K), 0.0016540 secs] [Times: user=0.01 sys=0.00, real=0.00 secs] 
159.765: Total time for which application threads were stopped: 0.0545560 seconds, Stopping threads took: 0.0528410 seconds
159.842: Application time: 0.0773250 seconds
159.847: [GC159.847: [ParNew: 6111K->6111K(6144K), 0.0000130 secs]159.847: [CMS159.847: [CMS-concurrent-abortable-preclean: 0.000/0.231 secs] [Times: user=1.43 sys=0.04, real=0.23 secs] 
 (concurrent mode failure): 11454K->3273K(15744K), 0.0054160 secs] 17565K->3273K(21888K), [CMS Perm : 5141K->5141K(21248K)], 0.0054840 secs] [Times: user=0.00 sys=0.00, real=0.01 secs] 
159.853: Total time for which application threads were stopped: 0.0104860 seconds, Stopping threads took: 0.0049220 seconds
159.854: Application time: 0.0011600 seconds
159.908: [GC159.908: [ParNew: 5485K->600K(6144K), 0.0013110 secs] 8758K->7496K(21888K), 0.0013430 secs] [Times: user=0.01 sys=0.00, real=0.00 secs] 
159.909: Total time for which application threads were stopped: 0.0557000 seconds, Stopping threads took: 0.0542790 seconds
159.909: Application time: 0.0000710 seconds
159.910: [GC [1 CMS-initial-mark: 6896K(15744K)] 8481K(21888K), 0.0000960 secs] [Times: user=0.00 sys=0.00, real=0.00 secs] 
159.910: Total time for which application threads were stopped: 0.0003470 seconds, Stopping threads took: 0.0002030 seconds
159.910: [CMS-concurrent-mark-start]
159.913: [CMS-concurrent-mark: 0.003/0.003 secs] [Times: user=0.01 sys=0.00, real=0.00 secs] 
159.913: [CMS-concurrent-preclean-start]
159.914: [CMS-concurrent-preclean: 0.000/0.000 secs] [Times: user=0.00 sys=0.00, real=0.00 secs] 
159.914: [CMS-concurrent-abortable-preclean-start]
159.994: Application time: 0.0846160 seconds
160.002: [GC160.002: [ParNew: 6085K->498K(6144K), 0.0005430 secs] 12982K->7984K(21888K), 0.0005740 secs] [Times: user=0.01 sys=0.00, real=0.00 secs] 
160.002: Total time for which application threads were stopped: 0.0079290 seconds, Stopping threads took: 0.0072740 seconds
160.003: Application time: 0.0007850 seconds
160.054: [GC160.054: [ParNew: 5984K->600K(6144K), 0.0015850 secs] 13470K->12973K(21888K), 0.0016210 secs] [Times: user=0.01 sys=0.00, real=0.00 secs] 
160.055: Total time for which application threads were stopped: 0.0522410 seconds, Stopping threads took: 0.0505460 seconds
160.134: Application time: 0.0786370 seconds
160.134: [GC160.134: [ParNew: 6085K->6085K(6144K), 0.0000150 secs]160.134: [CMS160.135: [CMS-concurrent-abortable-preclean: 0.000/0.221 secs] [Times: user=1.40 sys=0.03, real=0.22 secs] 
 (concurrent mode failure): 12373K->3663K(15744K), 0.0073260 secs] 18459K->3663K(21888K), [CMS Perm : 5141K->5141K(21248K)], 0.0073960 secs] [Times: user=0.01 sys=0.00, real=0.01 secs] 
160.142: Total time for which application threads were stopped: 0.0077640 seconds, Stopping threads took: 0.0002770 seconds
160.143: Application time: 0.0011390 seconds
160.196: [GC160.196: [ParNew: 5387K->600K(6144K), 0.0012790 secs] 9051K->7594K(21888K), 0.0013180 secs] [Times: user=0.01 sys=0.00, real=0.00 secs] 
160.197: Total time for which application threads were stopped: 0.0540990 seconds, Stopping threads took: 0.0527070 seconds
160.197: Application time: 0.0001570 seconds
160.250: [GC [1 CMS-initial-mark: 6994K(15744K)] 7798K(21888K), 0.0000950 secs] [Times: user=0.00 sys=0.00, real=0.00 secs] 
160.250: Total time for which application threads were stopped: 0.0532310 seconds, Stopping threads took: 0.0530930 seconds
160.251: [CMS-concurrent-mark-start]
160.254: [CMS-concurrent-mark: 0.004/0.004 secs] [Times: user=0.01 sys=0.00, real=0.00 secs] 
160.254: [CMS-concurrent-preclean-start]
160.254: [CMS-concurrent-preclean: 0.000/0.000 secs] [Times: user=0.00 sys=0.00, real=0.00 secs] 
160.254: [CMS-concurrent-abortable-preclean-start]
160.254: Application time: 0.0039210 seconds
160.328: [GC160.328: [ParNew: 5890K->598K(6144K), 0.0007380 secs] 12884K->8181K(21888K), 0.0007670 secs] [Times: user=0.01 sys=0.00, real=0.00 secs] 
160.329: Total time for which application threads were stopped: 0.0746920 seconds, Stopping threads took: 0.0738520 seconds
160.330: Application time: 0.0007040 seconds
160.401: [GC160.401: [ParNew: 6081K->602K(6144K), 0.0011700 secs] 13664K->11022K(21888K), 0.0012020 secs] [Times: user=0.01 sys=0.00, real=0.00 secs] 
160.403: Total time for which application threads were stopped: 0.0728520 seconds, Stopping threads took: 0.0715700 seconds
160.481: Application time: 0.0784700 seconds
160.482: [GC160.482: [ParNew: 5990K->209K(6144K), 0.0005630 secs] 16410K->10629K(21888K), 0.0005970 secs] [Times: user=0.00 sys=0.00, real=0.00 secs] 
160.482: Total time for which application threads were stopped: 0.0013680 seconds, Stopping threads took: 0.0006920 seconds
160.483: Application time: 0.0006090 seconds
160.483: [GC160.483: [ParNew: 5558K->632K(6144K), 0.0013770 secs] 15979K->15862K(21888K), 0.0014050 secs] [Times: user=0.00 sys=0.00, real=0.00 secs] 
160.485: Total time for which application threads were stopped: 0.0016520 seconds, Stopping threads took: 0.0001980 seconds
160.485: [CMS-concurrent-abortable-preclean: 0.000/0.230 secs] [Times: user=1.30 sys=0.08, real=0.23 secs] 
160.485: Application time: 0.0000890 seconds
160.525: [GC[YG occupancy: 1714 K (6144 K)]160.525: [Rescan (parallel) , 0.0001890 secs]160.525: [weak refs processing, 0.0000060 secs]160.525: [scrub string table, 0.0000840 secs] [1 CMS-remark: 15229K(15744K)] 16944K(21888K), 0.0003050 secs] [Times: user=0.00 sys=0.00, real=0.00 secs] 
160.525: Total time for which application threads were stopped: 0.0401540 seconds, Stopping threads took: 0.0398210 seconds
160.525: [CMS-concurrent-sweep-start]
160.527: [CMS-concurrent-sweep: 0.002/0.002 secs] [Times: user=0.00 sys=0.00, real=0.00 secs] 
160.527: [CMS-concurrent-reset-start]
160.527: [CMS-concurrent-reset: 0.000/0.000 secs] [Times: user=0.00 sys=0.00, real=0.00 secs] 
160.603: Application time: 0.0780950 seconds
160.606: [GC160.606: [ParNew: 6078K->6078K(6144K), 0.0000130 secs]160.606: [CMS: 11517K->2296K(15744K), 0.0058890 secs] 17596K->2296K(21888K), [CMS Perm : 5141K->5141K(21248K)], 0.0059520 secs] [Times: user=0.01 sys=0.00, real=0.01 secs] 
160.612: Total time for which application threads were stopped: 0.0093480 seconds, Stopping threads took: 0.0033080 seconds
160.613: Application time: 0.0008020 seconds
160.653: [GC160.653: [ParNew: 5192K->602K(6144K), 0.0016530 secs] 7489K->7210K(21888K), 0.0016820 secs] [Times: user=0.01 sys=0.00, real=0.00 secs] 
160.655: Total time for which application threads were stopped: 0.0417750 seconds, Stopping threads took: 0.0400220 seconds
160.655: Application time: 0.0000760 seconds
160.655: [GC [1 CMS-initial-mark: 6608K(15744K)] 7600K(21888K), 0.0001100 secs] [Times: user=0.00 sys=0.00, real=0.00 secs] 
160.655: Total time for which application threads were stopped: 0.0004010 seconds, Stopping threads took: 0.0002670 seconds
160.656: [CMS-concurrent-mark-start]
160.659: [CMS-concurrent-mark: 0.003/0.003 secs] [Times: user=0.01 sys=0.00, real=0.00 secs] 
160.659: [CMS-concurrent-preclean-start]
160.659: [CMS-concurrent-preclean: 0.000/0.000 secs] [Times: user=0.00 sys=0.00, real=0.00 secs] 
160.659: [CMS-concurrent-abortable-preclean-start]
160.742: Application time: 0.0869030 seconds
160.785: [GC160.785: [ParNew: 5989K->406K(6144K), 0.0004590 secs] 12598K->7406K(21888K), 0.0004920 secs] [Times: user=0.00 sys=0.00, real=0.00 secs] 
160.786: Total time for which application threads were stopped: 0.0434990 seconds, Stopping threads took: 0.0429520 seconds
160.787: Application time: 0.0006230 seconds
160.826: [GC160.826: [ParNew: 5795K->600K(6144K), 0.0015910 secs] 12794K->12092K(21888K), 0.0016260 secs] [Times: user=0.01 sys=0.00, real=0.01 secs] 
160.828: Total time for which application threads were stopped: 0.0415760 seconds, Stopping threads took: 0.0398960 seconds
160.906: Application time: 0.0775910 seconds
160.908: [GC160.908: [ParNew: 6085K->6085K(6144K), 0.0000120 secs]160.908: [CMS160.908: [CMS-concurrent-abortable-preclean: 0.000/0.249 secs] [Times: user=1.49 sys=0.06, real=0.26 secs] 
 (concurrent mode failure): 11492K->3273K(15744K), 0.0054180 secs] 17578K->3273K(21888K), [CMS Perm : 5141K->5141K(21248K)], 0.0054840 secs] [Times: user=0.01 sys=0.00, real=0.00 secs] 
160.914: Total time for which application threads were stopped: 0.0079490 seconds, Stopping threads took: 0.0023680 seconds
160.915: Application time: 0.0011480 seconds
160.966: [GC160.966: [ParNew: 5485K->600K(6144K), 0.0014670 secs] 8758K->8182K(21888K), 0.0015000 secs] [Times: user=0.01 sys=0.00, real=0.01 secs] 
160.968: Total time for which application threads were stopped: 0.0529150 seconds, Stopping threads took: 0.0513390 seconds
160.968: Application time: 0.0001960 seconds
161.029: [GC [1 CMS-initial-mark: 7582K(15744K)] 9269K(21888K), 0.0001220 secs] [Times: user=0.00 sys=0.00, real=0.00 secs] 
161.029: Total time for which application threads were stopped: 0.0608100 seconds, Stopping threads took: 0.0606600 seconds
161.029: [CMS-concurrent-mark-start]
161.033: [CMS-concurrent-mark: 0.004/0.004 secs] [Times: user=0.02 sys=0.00, real=0.00 secs] 
161.033: [CMS-concurrent-preclean-start]
161.033: [CMS-concurrent-preclean: 0.000/0.000 secs] [Times: user=0.00 sys=0.00, real=0.00 secs] 
161.033: [CMS-concurrent-abortable-preclean-start]
161.113: Application time: 0.0838990 seconds
161.125: [GC161.125: [ParNew: 6085K->16K(6144K), 0.0002460 secs] 13668K->7601K(21888K), 0.0002760 secs] [Times: user=0.00 sys=0.00, real=0.00 secs] 
161.126: Total time for which application threads were stopped: 0.0129660 seconds, Stopping threads took: 0.0126140 seconds
161.126: Application time: 0.0004270 seconds
161.126: [GC161.126: [ParNew: 5502K->602K(6144K), 0.0014450 secs] 13087K->13072K(21888K), 0.0014740 secs] [Times: user=0.01 sys=0.00, real=0.01 secs] 
161.128: Total time for which application threads were stopped: 0.0018350 seconds, Stopping threads took: 0.0003110 seconds
161.206: Application time: 0.0781290 seconds
161.228: [CMS-concurrent-abortable-preclean: 0.000/0.195 secs] [Times: user=1.40 sys=0.02, real=0.20 secs] 
161.248: [GC161.248: [ParNew: 6087K->6087K(6144K), 0.0000130 secs]161.248: [CMS (concurrent mode failure): 12470K->1515K(15744K), 0.0060000 secs] 18558K->1515K(21888K), [CMS Perm : 5141K->5141K(21248K)], 0.0060560 secs] [Times: user=0.01 sys=0.00, real=0.00 secs] 
161.254: Total time for which application threads were stopped: 0.0483220 seconds, Stopping threads took: 0.0421850 seconds
161.255: Application time: 0.0009640 seconds
161.256: [GC161.256: [ParNew: 5290K->602K(6144K), 0.0015800 secs] 6806K->6821K(21888K), 0.0016030 secs] [Times: user=0.01 sys=0.00, real=0.00 secs] 
161.257: Total time for which application threads were stopped: 0.0021790 seconds, Stopping threads took: 0.0005090 seconds
161.258: Application time: 0.0000430 seconds
161.258: [GC [1 CMS-initial-mark: 6219K(15744K)] 7409K(21888K), 0.0001060 secs] [Times: user=0.00 sys=0.00, real=0.00 secs] 
161.258: Total time for which application threads were stopped: 0.0005530 seconds, Stopping threads took: 0.0004020 seconds
161.258: [CMS-concurrent-mark-start]
161.262: [CMS-concurrent-mark: 0.004/0.004 secs] [Times: user=0.01 sys=0.00, real=0.01 secs] 
161.262: [CMS-concurrent-preclean-start]
161.262: [CMS-concurrent-preclean: 0.000/0.000 secs] [Times: user=0.00 sys=0.00, real=0.00 secs] 
161.262: [CMS-concurrent-abortable-preclean-start]
161.346: Application time: 0.0875280 seconds
161.388: [GC161.388: [ParNew: 6067K->628K(6144K), 0.0005360 secs] 12287K->7435K(21888K), 0.0005730 secs] [Times: user=0.00 sys=0.00, real=0.00 secs] 
161.389: Total time for which application threads were stopped: 0.0434560 seconds, Stopping threads took: 0.0428170 seconds
161.390: Application time: 0.0006780 seconds
161.430: [GC161.430: [ParNew: 6014K->600K(6144K), 0.0016990 secs] 12821K->12124K(21888K), 0.0017330 secs] [Times: user=0.01 sys=0.00, real=0.00 secs] 
161.431: Total time for which application threads were stopped: 0.0416850 seconds, Stopping threads took: 0.0398710 seconds
161.509: Application time: 0.0778570 seconds
161.532: [CMS-concurrent-abortable-preclean: 0.000/0.270 secs] [Times: user=1.50 sys=0.08, real=0.27 secs] 
161.550: [GC161.550: [ParNew: 6066K->6066K(6144K), 0.0000130 secs]161.550: [CMS (concurrent mode failure): 11524K->2492K(15744K), 0.0059650 secs] 17590K->2492K(21888K), [CMS Perm : 5141K->5141K(21248K)], 0.0060210 secs] [Times: user=0.01 sys=0.00, real=0.00 secs] 
161.556: Total time for which application threads were stopped: 0.0471550 seconds, Stopping threads took: 0.0410480 seconds
161.558: Application time: 0.0011740 seconds
161.597: [GC161.597: [ParNew: 5466K->532K(6144K), 0.0013960 secs] 7958K->6943K(21888K), 0.0015280 secs] [Times: user=0.01 sys=0.00, real=0.00 secs] 
161.599: Total time for which application threads were stopped: 0.0413880 seconds, Stopping threads took: 0.0397950 seconds
161.599: Application time: 0.0000570 seconds
161.599: [GC [1 CMS-initial-mark: 6411K(15744K)] 7728K(21888K), 0.0000820 secs] [Times: user=0.00 sys=0.00, real=0.00 secs] 
161.599: Total time for which application threads were stopped: 0.0001570 seconds, Stopping threads took: 0.0000550 seconds
161.599: [CMS-concurrent-mark-start]
161.603: [CMS-concurrent-mark: 0.003/0.003 secs] [Times: user=0.01 sys=0.00, real=0.01 secs] 
161.603: [CMS-concurrent-preclean-start]
161.603: [CMS-concurrent-preclean: 0.000/0.000 secs] [Times: user=0.00 sys=0.00, real=0.00 secs] 
161.603: [CMS-concurrent-abortable-preclean-start]
161.687: Application time: 0.0877950 seconds
161.697: [GC161.697: [ParNew: 5920K->600K(6144K), 0.0007390 secs] 12331K->7628K(21888K), 0.0007760 secs] [Times: user=0.01 sys=0.00, real=0.00 secs] 
161.698: Total time for which application threads were stopped: 0.0108610 seconds, Stopping threads took: 0.0099990 seconds
161.698: Application time: 0.0005720 seconds
161.738: [GC161.738: [ParNew: 5986K->600K(6144K), 0.0014870 secs] 13015K->12319K(21888K), 0.0015250 secs] [Times: user=0.01 sys=0.00, real=0.01 secs] 
161.740: Total time for which application threads were stopped: 0.0414930 seconds, Stopping threads took: 0.0399130 seconds
161.818: Application time: 0.0778960 seconds
161.820: [GC161.820: [ParNew: 6085K->6085K(6144K), 0.0000130 secs]161.820: [CMS161.820: [CMS-concurrent-abortable-preclean: 0.000/0.217 secs] [Times: user=1.43 sys=0.03, real=0.22 secs] 
 (concurrent mode failure): 11719K->3664K(15744K), 0.0062260 secs] 17804K->3664K(21888K), [CMS Perm : 5141K->5141K(21248K)], 0.0062960 secs] [Times: user=0.01 sys=0.00, real=0.00 secs] 
161.826: Total time for which application threads were stopped: 0.0086340 seconds, Stopping threads took: 0.0022690 seconds
161.828: Application time: 0.0011720 seconds
161.877: [GC161.877: [ParNew: 5388K->600K(6144K), 0.0016130 secs] 9052K->8476K(21888K), 0.0016450 secs] [Times: user=0.01 sys=0.01, real=0.00 secs] 
161.878: Total time for which application threads were stopped: 0.0506130 seconds, Stopping threads took: 0.0488920 seconds
161.878: Application time: 0.0001190 seconds
161.919: [GC [1 CMS-initial-mark: 7875K(15744K)] 9267K(21888K), 0.0001010 secs] [Times: user=0.00 sys=0.00, real=0.00 secs] 
161.919: Total time for which application threads were stopped: 0.0403550 seconds, Stopping threads took: 0.0402080 seconds
161.919: [CMS-concurrent-mark-start]
161.923: [CMS-concurrent-mark: 0.004/0.004 secs] [Times: user=0.01 sys=0.00, real=0.01 secs] 
161.923: [CMS-concurrent-preclean-start]
161.923: [CMS-concurrent-preclean: 0.000/0.000 secs] [Times: user=0.00 sys=0.00, real=0.00 secs] 
161.923: [CMS-concurrent-abortable-preclean-start]
161.923: Application time: 0.0041290 seconds
161.997: [GC161.997: [ParNew: 5890K->596K(6144K), 0.0008550 secs] 13766K->9062K(21888K), 0.0008860 secs] [Times: user=0.01 sys=0.00, real=0.00 secs] 
161.997: Total time for which application threads were stopped: 0.0745400 seconds, Stopping threads took: 0.0735680 seconds
161.998: Application time: 0.0006830 seconds
162.054: [GC162.054: [ParNew: 5964K->630K(6144K), 0.0013460 secs] 14431K->12808K(21888K), 0.0013750 secs] [Times: user=0.01 sys=0.00, real=0.00 secs] 
162.055: Total time for which application threads were stopped: 0.0569470 seconds, Stopping threads took: 0.0554990 seconds
162.133: Application time: 0.0782250 seconds
162.155: [CMS-concurrent-abortable-preclean: 0.000/0.233 secs] [Times: user=1.25 sys=0.08, real=0.23 secs] 
162.174: [GC162.174: [ParNew: 6018K->6018K(6144K), 0.0000130 secs]162.174: [CMS (concurrent mode failure): 12178K->1320K(15744K), 0.0062490 secs] 18196K->1320K(21888K), [CMS Perm : 5141K->5141K(21248K)], 0.0063030 secs] [Times: user=0.01 sys=0.00, real=0.01 secs] 
162.181: Total time for which application threads were stopped: 0.0474910 seconds, Stopping threads took: 0.0411060 seconds
162.182: Application time: 0.0008830 seconds
162.182: [GC162.182: [ParNew: 5485K->602K(6144K), 0.0016630 secs] 6806K->6822K(21888K), 0.0016930 secs] [Times: user=0.01 sys=0.00, real=0.00 secs] 
162.184: Total time for which application threads were stopped: 0.0021370 seconds, Stopping threads took: 0.0003720 seconds
162.184: Application time: 0.0000550 seconds
162.184: [GC [1 CMS-initial-mark: 6220K(15744K)] 7212K(21888K), 0.0001050 secs] [Times: user=0.00 sys=0.00, real=0.00 secs] 
162.184: Total time for which application threads were stopped: 0.0005590 seconds, Stopping threads took: 0.0004080 seconds
162.184: [CMS-concurrent-mark-start]
162.191: [CMS-concurrent-mark: 0.007/0.007 secs] [Times: user=0.03 sys=0.00, real=0.01 secs] 
162.191: [CMS-concurrent-preclean-start]
162.191: [CMS-concurrent-preclean: 0.000/0.000 secs] [Times: user=0.00 sys=0.00, real=0.00 secs] 
162.191: [CMS-concurrent-abortable-preclean-start]
162.281: Application time: 0.0965500 seconds
162.333: [GC162.333: [ParNew: 5970K->44K(6144K), 0.0006020 secs] 12190K->6265K(21888K), 0.0006350 secs] [Times: user=0.01 sys=0.00, real=0.00 secs] 
162.334: Total time for which application threads were stopped: 0.0525990 seconds, Stopping threads took: 0.0518890 seconds
162.334: Application time: 0.0004530 seconds
162.335: [GC162.335: [ParNew: 5334K->630K(6144K), 0.0016650 secs] 11556K->11539K(21888K), 0.0016970 secs] [Times: user=0.01 sys=0.00, real=0.00 secs] 
162.336: Total time for which application threads were stopped: 0.0022210 seconds, Stopping threads took: 0.0004500 seconds
162.413: Application time: 0.0772130 seconds
162.415: [GC162.415: [ParNew: 6115K->6115K(6144K), 0.0000130 secs]162.416: [CMS162.416: [CMS-concurrent-abortable-preclean: 0.000/0.224 secs] [Times: user=1.51 sys=0.04, real=0.22 secs] 
 (concurrent mode failure): 10909K->3469K(15744K), 0.0060810 secs] 17024K->3469K(21888K), [CMS Perm : 5141K->5141K(21248K)], 0.0061490 secs] [Times: user=0.01 sys=0.00, real=0.01 secs] 
162.422: Total time for which application threads were stopped: 0.0081760 seconds, Stopping threads took: 0.0019300 seconds
162.423: Application time: 0.0011980 seconds
162.463: [GC162.463: [ParNew: 5447K->560K(6144K), 0.0015580 secs] 8916K->7751K(21888K), 0.0015910 secs] [Times: user=0.01 sys=0.00, real=0.00 secs] 
162.465: Total time for which application threads were stopped: 0.0417400 seconds, Stopping threads took: 0.0400700 seconds
162.465: Application time: 0.0000540 seconds
162.505: [GC [1 CMS-initial-mark: 7190K(15744K)] 8343K(21888K), 0.0001270 secs] [Times: user=0.00 sys=0.00, real=0.00 secs] 
162.505: Total time for which application threads were stopped: 0.0401090 seconds, Stopping threads took: 0.0399250 seconds
162.505: [CMS-concurrent-mark-start]
162.509: [CMS-concurrent-mark: 0.004/0.004 secs] [Times: user=0.02 sys=0.00, real=0.01 secs] 
162.509: [CMS-concurrent-preclean-start]
162.509: [CMS-concurrent-preclean: 0.000/0.000 secs] [Times: user=0.00 sys=0.00, real=0.00 secs] 
162.509: [CMS-concurrent-abortable-preclean-start]
162.583: Application time: 0.0785840 seconds
162.591: [GC162.591: [ParNew: 6046K->14K(6144K), 0.0004240 secs] 13236K->7268K(21888K), 0.0004570 secs] [Times: user=0.00 sys=0.00, real=0.00 secs] 
162.591: Total time for which application threads were stopped: 0.0077980 seconds, Stopping threads took: 0.0072850 seconds
162.592: Application time: 0.0004330 seconds
162.592: [GC162.592: [ParNew: 5499K->602K(6144K), 0.0014070 secs] 12754K->12739K(21888K), 0.0014390 secs] [Times: user=0.01 sys=0.00, real=0.00 secs] 
162.593: Total time for which application threads were stopped: 0.0019160 seconds, Stopping threads took: 0.0004000 seconds
162.671: Application time: 0.0776160 seconds
162.694: [CMS-concurrent-abortable-preclean: 0.000/0.185 secs] [Times: user=1.31 sys=0.01, real=0.18 secs] 
162.715: [GC162.715: [ParNew: 5970K->5970K(6144K), 0.0000140 secs]162.715: [CMS (concurrent mode failure): 12137K->2395K(15744K), 0.0066000 secs] 18108K->2395K(21888K), [CMS Perm : 5141K->5141K(21248K)], 0.0066560 secs] [Times: user=0.00 sys=0.00, real=0.01 secs] 
162.722: Total time for which application threads were stopped: 0.0508990 seconds, Stopping threads took: 0.0441770 seconds
162.723: Application time: 0.0012140 seconds
162.775: [GC162.775: [ParNew: 5485K->600K(6144K), 0.0019220 secs] 7880K->7892K(21888K), 0.0019540 secs] [Times: user=0.01 sys=0.00, real=0.00 secs] 
162.777: Total time for which application threads were stopped: 0.0535390 seconds, Stopping threads took: 0.0515110 seconds
162.777: Application time: 0.0000480 seconds
162.777: [GC [1 CMS-initial-mark: 7292K(15744K)] 8580K(21888K), 0.0000950 secs] [Times: user=0.00 sys=0.00, real=0.00 secs] 
162.777: Total time for which application threads were stopped: 0.0002650 seconds, Stopping threads took: 0.0001240 seconds
162.777: [CMS-concurrent-mark-start]
162.780: [CMS-concurrent-mark: 0.003/0.003 secs] [Times: user=0.02 sys=0.00, real=0.01 secs] 
162.780: [CMS-concurrent-preclean-start]
162.780: [CMS-concurrent-preclean: 0.000/0.000 secs] [Times: user=0.00 sys=0.00, real=0.00 secs] 
162.780: [CMS-concurrent-abortable-preclean-start]
162.861: Application time: 0.0840490 seconds
162.901: [GC162.901: [ParNew: 6085K->209K(6144K), 0.0005030 secs] 13378K->7503K(21888K), 0.0005380 secs] [Times: user=0.00 sys=0.00, real=0.00 secs] 
162.901: Total time for which application threads were stopped: 0.0403140 seconds, Stopping threads took: 0.0397110 seconds
162.902: Application time: 0.0005080 seconds
162.902: [GC162.902: [ParNew: 5695K->602K(6144K), 0.0017420 secs] 12989K->12976K(21888K), 0.0017760 secs] [Times: user=0.02 sys=0.00, real=0.00 secs] 
162.904: Total time for which application threads were stopped: 0.0022760 seconds, Stopping threads took: 0.0004260 seconds
162.983: Application time: 0.0785360 seconds
162.983: [GC162.983: [ParNew: 6087K->6087K(6144K), 0.0000150 secs]162.983: [CMS162.983: [CMS-concurrent-abortable-preclean: 0.000/0.204 secs] [Times: user=1.38 sys=0.03, real=0.20 secs] 
 (concurrent mode failure): 12374K->3859K(15744K), 0.0062350 secs] 18461K->3859K(21888K), [CMS Perm : 5141K->5141K(21248K)], 0.0062990 secs] [Times: user=0.01 sys=0.00, real=0.01 secs] 
162.990: Total time for which application threads were stopped: 0.0069230 seconds, Stopping threads took: 0.0005340 seconds
162.991: Application time: 0.0013010 seconds
163.065: [GC163.065: [ParNew: 5485K->596K(6144K), 0.0013570 secs] 9344K->7588K(21888K), 0.0013940 secs] [Times: user=0.01 sys=0.00, real=0.00 secs] 
163.067: Total time for which application threads were stopped: 0.0758390 seconds, Stopping threads took: 0.0743790 seconds
163.067: Application time: 0.0000500 seconds
163.067: [GC [1 CMS-initial-mark: 6992K(15744K)] 7788K(21888K), 0.0000980 secs] [Times: user=0.00 sys=0.00, real=0.00 secs] 
163.067: Total time for which application threads were stopped: 0.0001640 seconds, Stopping threads took: 0.0000410 seconds
163.067: [CMS-concurrent-mark-start]
163.074: [CMS-concurrent-mark: 0.006/0.006 secs] [Times: user=0.04 sys=0.01, real=0.01 secs] 
163.074: [CMS-concurrent-preclean-start]
163.074: [CMS-concurrent-preclean: 0.000/0.000 secs] [Times: user=0.00 sys=0.00, real=0.00 secs] 
163.074: [CMS-concurrent-abortable-preclean-start]
163.151: Application time: 0.0843250 seconds
163.164: [GC163.164: [ParNew: 5964K->434K(6144K), 0.0004400 secs] 12957K->7430K(21888K), 0.0004760 secs] [Times: user=0.00 sys=0.00, real=0.00 secs] 
163.165: Total time for which application threads were stopped: 0.0132770 seconds, Stopping threads took: 0.0127200 seconds
163.165: Application time: 0.0005680 seconds
163.166: [GC163.166: [ParNew: 5818K->502K(6144K), 0.0016390 secs] 12814K->12806K(21888K), 0.0016730 secs] [Times: user=0.01 sys=0.00, real=0.00 secs] 
163.167: Total time for which application threads were stopped: 0.0021390 seconds, Stopping threads took: 0.0003920 seconds
163.245: Application time: 0.0780770 seconds
163.268: [CMS-concurrent-abortable-preclean: 0.000/0.194 secs] [Times: user=1.34 sys=0.03, real=0.20 secs] 
163.286: [GC163.286: [ParNew: 5987K->5987K(6144K), 0.0000120 secs]163.286: [CMS (concurrent mode failure): 12303K->2883K(15744K), 0.0060610 secs] 18291K->2883K(21888K), [CMS Perm : 5141K->5141K(21248K)], 0.0061180 secs] [Times: user=0.01 sys=0.00, real=0.01 secs] 
163.292: Total time for which application threads were stopped: 0.0464940 seconds, Stopping threads took: 0.0402960 seconds
163.293: Application time: 0.0011060 seconds
163.345: [GC163.345: [ParNew: 5483K->600K(6144K), 0.0013920 secs] 8367K->7009K(21888K), 0.0014200 secs] [Times: user=0.01 sys=0.00, real=0.00 secs] 
163.347: Total time for which application threads were stopped: 0.0536630 seconds, Stopping threads took: 0.0521700 seconds
163.347: Application time: 0.0000530 seconds
163.347: [GC [1 CMS-initial-mark: 6409K(15744K)] 7304K(21888K), 0.0001010 secs] [Times: user=0.00 sys=0.00, real=0.00 secs] 
163.347: Total time for which application threads were stopped: 0.0002930 seconds, Stopping threads took: 0.0001710 seconds
163.347: [CMS-concurrent-mark-start]
163.351: [CMS-concurrent-mark: 0.004/0.004 secs] [Times: user=0.01 sys=0.00, real=0.01 secs] 
163.351: [CMS-concurrent-preclean-start]
163.351: [CMS-concurrent-preclean: 0.000/0.000 secs] [Times: user=0.00 sys=0.00, real=0.00 secs] 
163.351: [CMS-concurrent-abortable-preclean-start]
163.438: Application time: 0.0908200 seconds
163.479: [GC163.479: [ParNew: 5870K->432K(6144K), 0.0003570 secs] 12280K->6845K(21888K), 0.0003920 secs] [Times: user=0.01 sys=0.00, real=0.00 secs] 
163.479: Total time for which application threads were stopped: 0.0412070 seconds, Stopping threads took: 0.0407600 seconds
163.480: Application time: 0.0006110 seconds
163.480: [GC163.480: [ParNew: 5799K->628K(6144K), 0.0018090 secs] 12212K->12151K(21888K), 0.0018430 secs] [Times: user=0.01 sys=0.00, real=0.00 secs] 
163.482: Total time for which application threads were stopped: 0.0023530 seconds, Stopping threads took: 0.0004340 seconds
163.560: Application time: 0.0782790 seconds
163.582: [CMS-concurrent-abortable-preclean: 0.000/0.231 secs] [Times: user=1.49 sys=0.03, real=0.23 secs] 
163.601: [GC163.601: [ParNew: 6015K->6015K(6144K), 0.0000130 secs]163.601: [CMS (concurrent mode failure): 11523K->2688K(15744K), 0.0067700 secs] 17539K->2688K(21888K), [CMS Perm : 5141K->5141K(21248K)], 0.0068260 secs] [Times: user=0.01 sys=0.00, real=0.01 secs] 
163.608: Total time for which application threads were stopped: 0.0472550 seconds, Stopping threads took: 0.0403360 seconds
163.609: Application time: 0.0011010 seconds
163.649: [GC163.649: [ParNew: 5483K->502K(6144K), 0.0015750 secs] 8171K->7892K(21888K), 0.0016120 secs] [Times: user=0.01 sys=0.01, real=0.00 secs] 
163.650: Total time for which application threads were stopped: 0.0416710 seconds, Stopping threads took: 0.0399850 seconds
163.650: Application time: 0.0000410 seconds
163.690: [GC [1 CMS-initial-mark: 7390K(15744K)] 8090K(21888K), 0.0000990 secs] [Times: user=0.00 sys=0.00, real=0.00 secs] 
163.690: Total time for which application threads were stopped: 0.0399070 seconds, Stopping threads took: 0.0397730 seconds
163.690: [CMS-concurrent-mark-start]
163.697: [CMS-concurrent-mark: 0.006/0.006 secs] [Times: user=0.04 sys=0.00, real=0.00 secs] 
163.697: [CMS-concurrent-preclean-start]
163.697: [CMS-concurrent-preclean: 0.000/0.000 secs] [Times: user=0.00 sys=0.00, real=0.00 secs] 
163.697: [CMS-concurrent-abortable-preclean-start]
163.773: Application time: 0.0823980 seconds
163.816: [GC163.816: [ParNew: 5890K->406K(6144K), 0.0003130 secs] 13280K->7798K(21888K), 0.0003470 secs] [Times: user=0.00 sys=0.00, real=0.00 secs] 
163.816: Total time for which application threads were stopped: 0.0437360 seconds, Stopping threads took: 0.0433120 seconds
163.817: Application time: 0.0005820 seconds
163.817: [GC163.817: [ParNew: 5773K->628K(6144K), 0.0015540 secs] 13164K->13097K(21888K), 0.0015880 secs] [Times: user=0.01 sys=0.00, real=0.00 secs] 
163.819: Total time for which application threads were stopped: 0.0020080 seconds, Stopping threads took: 0.0003650 seconds
163.897: Application time: 0.0776710 seconds
163.898: [GC163.899: [ParNew: 6113K->6113K(6144K), 0.0000130 secs]163.899: [CMS163.899: [CMS-concurrent-abortable-preclean: 0.000/0.202 secs] [Times: user=1.34 sys=0.03, real=0.20 secs] 
 (concurrent mode failure): 12469K->3860K(15744K), 0.0054530 secs] 18583K->3860K(21888K), [CMS Perm : 5141K->5141K(21248K)], 0.0055160 secs] [Times: user=0.01 sys=0.00, real=0.01 secs] 
163.904: Total time for which application threads were stopped: 0.0072840 seconds, Stopping threads took: 0.0017000 seconds
163.905: Application time: 0.0012870 seconds
163.977: [GC163.977: [ParNew: 5485K->596K(6144K), 0.0012480 secs] 9345K->7589K(21888K), 0.0012770 secs] [Times: user=0.01 sys=0.00, real=0.00 secs] 
163.978: Total time for which application threads were stopped: 0.0726280 seconds, Stopping threads took: 0.0712980 seconds
163.983: Application time: 0.0055200 seconds
164.055: [GC [1 CMS-initial-mark: 6993K(15744K)] 12194K(21888K), 0.0001350 secs] [Times: user=0.00 sys=0.00, real=0.00 secs] 
164.056: Total time for which application threads were stopped: 0.0721310 seconds, Stopping threads took: 0.0719590 seconds
164.056: [CMS-concurrent-mark-start]
164.056: Application time: 0.0001950 seconds
164.056: [GC164.056: [ParNew: 6081K->500K(6144K), 0.0007640 secs] 13075K->8080K(21888K), 0.0007860 secs] [Times: user=0.00 sys=0.00, real=0.00 secs] 
164.057: Total time for which application threads were stopped: 0.0010670 seconds, Stopping threads took: 0.0002210 seconds
164.059: Application time: 0.0017410 seconds
164.134: [GC164.134: [ParNew: 5983K->596K(6144K), 0.0008700 secs] 13563K->9353K(21888K), 0.0009030 secs] [Times: user=0.01 sys=0.00, real=0.00 secs] 
164.135: Total time for which application threads were stopped: 0.0766160 seconds, Stopping threads took: 0.0756330 seconds
164.137: [CMS-concurrent-mark: 0.004/0.082 secs] [Times: user=0.39 sys=0.04, real=0.08 secs] 
164.137: [CMS-concurrent-preclean-start]
164.137: [CMS-concurrent-preclean: 0.000/0.000 secs] [Times: user=0.00 sys=0.00, real=0.00 secs] 
164.137: [CMS-concurrent-abortable-preclean-start]
164.138: Application time: 0.0029650 seconds
164.213: [GC164.213: [ParNew: 5767K->432K(6144K), 0.0003520 secs] 14524K->9190K(21888K), 0.0003860 secs] [Times: user=0.00 sys=0.00, real=0.00 secs] 
164.214: Total time for which application threads were stopped: 0.0755760 seconds, Stopping threads took: 0.0751130 seconds
164.214: Application time: 0.0004310 seconds
164.215: [GC164.215: [ParNew: 5799K->630K(6144K), 0.0016370 secs] 14556K->14498K(21888K), 0.0016700 secs] [Times: user=0.01 sys=0.00, real=0.00 secs] 
164.216: Total time for which application threads were stopped: 0.0020670 seconds, Stopping threads took: 0.0003170 seconds
164.295: Application time: 0.0790940 seconds
164.317: [CMS-concurrent-abortable-preclean: 0.000/0.179 secs] [Times: user=1.18 sys=0.05, real=0.18 secs] 
164.336: [GC164.336: [ParNew: 5822K->5822K(6144K), 0.0000140 secs]164.336: [CMS (concurrent mode failure): 13868K->2493K(15744K), 0.0066680 secs] 19691K->2493K(21888K), [CMS Perm : 5141K->5141K(21248K)], 0.0067240 secs] [Times: user=0.01 sys=0.00, real=0.01 secs] 
164.343: Total time for which application threads were stopped: 0.0473350 seconds, Stopping threads took: 0.0405380 seconds
164.344: Application time: 0.0011150 seconds
164.384: [GC164.384: [ParNew: 5386K->600K(6144K), 0.0014710 secs] 7879K->7600K(21888K), 0.0015040 secs] [Times: user=0.01 sys=0.00, real=0.00 secs] 
164.385: Total time for which application threads were stopped: 0.0413950 seconds, Stopping threads took: 0.0398180 seconds
164.385: Application time: 0.0000510 seconds
164.385: [GC [1 CMS-initial-mark: 6999K(15744K)] 8092K(21888K), 0.0000970 secs] [Times: user=0.00 sys=0.00, real=0.00 secs] 
164.386: Total time for which application threads were stopped: 0.0002310 seconds, Stopping threads took: 0.0001110 seconds
164.386: [CMS-concurrent-mark-start]
164.389: [CMS-concurrent-mark: 0.003/0.003 secs] [Times: user=0.02 sys=0.00, real=0.01 secs] 
164.389: [CMS-concurrent-preclean-start]
164.389: [CMS-concurrent-preclean: 0.000/0.000 secs] [Times: user=0.00 sys=0.00, real=0.00 secs] 
164.389: [CMS-concurrent-abortable-preclean-start]
164.475: Application time: 0.0891180 seconds
164.530: [GC164.530: [ParNew: 6085K->209K(6144K), 0.0003080 secs] 13085K->7210K(21888K), 0.0003420 secs] [Times: user=0.00 sys=0.00, real=0.00 secs] 
164.531: Total time for which application threads were stopped: 0.0561560 seconds, Stopping threads took: 0.0557340 seconds
164.531: Application time: 0.0005260 seconds
164.532: [GC164.532: [ParNew: 5499K->602K(6144K), 0.0015440 secs] 12501K->12488K(21888K), 0.0015740 secs] [Times: user=0.02 sys=0.00, real=0.00 secs] 
164.533: Total time for which application threads were stopped: 0.0020750 seconds, Stopping threads took: 0.0004280 seconds
164.611: Application time: 0.0772900 seconds
164.634: [CMS-concurrent-abortable-preclean: 0.000/0.245 secs] [Times: user=1.49 sys=0.06, real=0.24 secs] 
164.644: [GC164.644: [ParNew: 5989K->5989K(6144K), 0.0000130 secs]164.644: [CMS (concurrent mode failure): 11886K->2493K(15744K), 0.0059020 secs] 17876K->2493K(21888K), [CMS Perm : 5141K->5141K(21248K)], 0.0059540 secs] [Times: user=0.01 sys=0.00, real=0.01 secs] 
164.650: Total time for which application threads were stopped: 0.0390280 seconds, Stopping threads took: 0.0330020 seconds
164.651: Application time: 0.0010440 seconds
164.692: [GC164.692: [ParNew: 5447K->634K(6144K), 0.0012600 secs] 7940K->6874K(21888K), 0.0012940 secs] [Times: user=0.01 sys=0.00, real=0.00 secs] 
164.693: Total time for which application threads were stopped: 0.0420870 seconds, Stopping threads took: 0.0407210 seconds
164.693: Application time: 0.0001220 seconds
164.693: [GC [1 CMS-initial-mark: 6240K(15744K)] 8152K(21888K), 0.0000870 secs] [Times: user=0.00 sys=0.00, real=0.00 secs] 
164.693: Total time for which application threads were stopped: 0.0001850 seconds, Stopping threads took: 0.0000750 seconds
164.693: [CMS-concurrent-mark-start]
164.697: [CMS-concurrent-mark: 0.003/0.003 secs] [Times: user=0.02 sys=0.00, real=0.00 secs] 
164.697: [CMS-concurrent-preclean-start]
164.697: [CMS-concurrent-preclean: 0.000/0.000 secs] [Times: user=0.00 sys=0.00, real=0.00 secs] 
164.697: [CMS-concurrent-abortable-preclean-start]
164.779: Application time: 0.0855330 seconds
164.794: [GC164.794: [ParNew: 6119K->596K(6144K), 0.0005470 secs] 12360K->7461K(21888K), 0.0005800 secs] [Times: user=0.00 sys=0.01, real=0.00 secs] 
164.795: Total time for which application threads were stopped: 0.0158630 seconds, Stopping threads took: 0.0152230 seconds
164.795: Application time: 0.0006110 seconds
164.835: [GC164.835: [ParNew: 5984K->600K(6144K), 0.0015830 secs] 12849K->12348K(21888K), 0.0016280 secs] [Times: user=0.01 sys=0.00, real=0.00 secs] 
164.837: Total time for which application threads were stopped: 0.0416300 seconds, Stopping threads took: 0.0399480 seconds
164.916: Application time: 0.0787730 seconds
164.916: [GC164.916: [ParNew: 6085K->6085K(6144K), 0.0000140 secs]164.916: [CMS164.916: [CMS-concurrent-abortable-preclean: 0.000/0.219 secs] [Times: user=1.42 sys=0.04, real=0.22 secs] 
 (concurrent mode failure): 11748K->3665K(15744K), 0.0068980 secs] 17834K->3665K(21888K), [CMS Perm : 5141K->5141K(21248K)], 0.0069630 secs] [Times: user=0.01 sys=0.00, real=0.01 secs] 
164.923: Total time for which application threads were stopped: 0.0073350 seconds, Stopping threads took: 0.0003020 seconds
164.924: Application time: 0.0012300 seconds
164.981: [GC164.981: [ParNew: 5388K->600K(6144K), 0.0013310 secs] 9053K->7986K(21888K), 0.0013600 secs] [Times: user=0.01 sys=0.00, real=0.00 secs] 
164.982: Total time for which application threads were stopped: 0.0581950 seconds, Stopping threads took: 0.0567810 seconds
164.982: Application time: 0.0001450 seconds
165.023: [GC [1 CMS-initial-mark: 7386K(15744K)] 8587K(21888K), 0.0001060 secs] [Times: user=0.00 sys=0.00, real=0.00 secs] 
165.023: Total time for which application threads were stopped: 0.0401380 seconds, Stopping threads took: 0.0400060 seconds
165.023: [CMS-concurrent-mark-start]
165.026: [CMS-concurrent-mark: 0.004/0.004 secs] [Times: user=0.02 sys=0.00, real=0.00 secs] 
165.026: [CMS-concurrent-preclean-start]
165.026: [CMS-concurrent-preclean: 0.000/0.000 secs] [Times: user=0.00 sys=0.00, real=0.00 secs] 
165.026: [CMS-concurrent-abortable-preclean-start]
165.027: Application time: 0.0041990 seconds
165.100: [GC165.100: [ParNew: 5968K->628K(6144K), 0.0005190 secs] 13355K->8601K(21888K), 0.0005540 secs] [Times: user=0.01 sys=0.00, real=0.00 secs] 
165.101: Total time for which application threads were stopped: 0.0738830 seconds, Stopping threads took: 0.0732730 seconds
165.101: Application time: 0.0007570 seconds
165.160: [GC165.160: [ParNew: 6111K->502K(6144K), 0.0013940 secs] 14085K->11440K(21888K), 0.0014350 secs] [Times: user=0.01 sys=0.00, real=0.00 secs] 
165.161: Total time for which application threads were stopped: 0.0599090 seconds, Stopping threads took: 0.0583750 seconds
165.239: Application time: 0.0771250 seconds
165.241: [GC165.241: [ParNew: 5890K->5890K(6144K), 0.0000130 secs]165.241: [CMS165.241: [CMS-concurrent-abortable-preclean: 0.000/0.215 secs] [Times: user=1.24 sys=0.09, real=0.22 secs] 
 (concurrent mode failure): 10938K->1516K(15744K), 0.0052860 secs] 16829K->1516K(21888K), [CMS Perm : 5141K->5141K(21248K)], 0.0053520 secs] [Times: user=0.00 sys=0.00, real=0.00 secs] 
165.247: Total time for which application threads were stopped: 0.0082570 seconds, Stopping threads took: 0.0028180 seconds
165.248: Application time: 0.0008860 seconds
165.248: [GC165.248: [ParNew: 5340K->600K(6144K), 0.0017660 secs] 6857K->6819K(21888K), 0.0017960 secs] [Times: user=0.01 sys=0.00, real=0.00 secs] 
165.250: Total time for which application threads were stopped: 0.0025970 seconds, Stopping threads took: 0.0007280 seconds
165.250: Application time: 0.0001190 seconds
165.251: [GC [1 CMS-initial-mark: 6218K(15744K)] 7114K(21888K), 0.0001090 secs] [Times: user=0.00 sys=0.00, real=0.00 secs] 
165.251: Total time for which application threads were stopped: 0.0006720 seconds, Stopping threads took: 0.0005160 seconds
165.251: [CMS-concurrent-mark-start]
165.255: [CMS-concurrent-mark: 0.004/0.004 secs] [Times: user=0.01 sys=0.00, real=0.00 secs] 
165.255: [CMS-concurrent-preclean-start]
165.255: [CMS-concurrent-preclean: 0.000/0.000 secs] [Times: user=0.00 sys=0.00, real=0.00 secs] 
165.255: [CMS-concurrent-abortable-preclean-start]
165.348: Application time: 0.0974150 seconds
165.388: [GC165.388: [ParNew: 5918K->42K(6144K), 0.0002990 secs] 12137K->6264K(21888K), 0.0003340 secs] [Times: user=0.00 sys=0.00, real=0.00 secs] 
165.388: Total time for which application threads were stopped: 0.0396360 seconds, Stopping threads took: 0.0392270 seconds
165.389: Application time: 0.0005030 seconds
165.389: [GC165.389: [ParNew: 5332K->630K(6144K), 0.0012690 secs] 11555K->11540K(21888K), 0.0013050 secs] [Times: user=0.01 sys=0.00, real=0.00 secs] 
165.390: Total time for which application threads were stopped: 0.0016670 seconds, Stopping threads took: 0.0003160 seconds
165.469: Application time: 0.0782760 seconds
165.490: [CMS-concurrent-abortable-preclean: 0.000/0.236 secs] [Times: user=1.56 sys=0.04, real=0.24 secs] 
165.509: [GC165.509: [ParNew: 6115K->6115K(6144K), 0.0000120 secs]165.509: [CMS (concurrent mode failure): 10910K->1321K(15744K), 0.0056640 secs] 17025K->1321K(21888K), [CMS Perm : 5141K->5141K(21248K)], 0.0057260 secs] [Times: user=0.00 sys=0.00, real=0.00 secs] 
165.515: Total time for which application threads were stopped: 0.0461770 seconds, Stopping threads took: 0.0403840 seconds
165.516: Application time: 0.0008050 seconds
165.516: [GC165.516: [ParNew: 5143K->602K(6144K), 0.0013890 secs] 6464K->6430K(21888K), 0.0014190 secs] [Times: user=0.01 sys=0.00, real=0.00 secs] 
165.517: Total time for which application threads were stopped: 0.0017940 seconds, Stopping threads took: 0.0003220 seconds
165.517: Application time: 0.0000440 seconds
165.518: [GC [1 CMS-initial-mark: 5828K(15744K)] 6821K(21888K), 0.0000990 secs] [Times: user=0.00 sys=0.00, real=0.00 secs] 
165.518: Total time for which application threads were stopped: 0.0003990 seconds, Stopping threads took: 0.0002750 seconds
165.518: [CMS-concurrent-mark-start]
165.521: [CMS-concurrent-mark: 0.003/0.003 secs] [Times: user=0.02 sys=0.00, real=0.01 secs] 
165.521: [CMS-concurrent-preclean-start]
165.521: [CMS-concurrent-preclean: 0.000/0.000 secs] [Times: user=0.00 sys=0.00, real=0.00 secs] 
165.521: [CMS-concurrent-abortable-preclean-start]
165.609: Application time: 0.0910410 seconds
165.647: [GC165.647: [ParNew: 6017K->432K(6144K), 0.0007360 secs] 11846K->6655K(21888K), 0.0007720 secs] [Times: user=0.00 sys=0.00, real=0.00 secs] 
165.647: Total time for which application threads were stopped: 0.0384930 seconds, Stopping threads took: 0.0376440 seconds
165.648: Application time: 0.0008640 seconds
165.688: [GC165.688: [ParNew: 5899K->630K(6144K), 0.0014040 secs] 12121K->11373K(21888K), 0.0014370 secs] [Times: user=0.01 sys=0.00, real=0.00 secs] 
165.690: Total time for which application threads were stopped: 0.0413400 seconds, Stopping threads took: 0.0398210 seconds
165.767: Application time: 0.0778310 seconds
165.769: [GC165.769: [ParNew: 6115K->6115K(6144K), 0.0000130 secs]165.769: [CMS165.769: [CMS-concurrent-abortable-preclean: 0.000/0.248 secs] [Times: user=1.49 sys=0.05, real=0.25 secs] 
 (concurrent mode failure): 10743K->3274K(15744K), 0.0061650 secs] 16859K->3274K(21888K), [CMS Perm : 5141K->5141K(21248K)], 0.0062340 secs] [Times: user=0.00 sys=0.00, real=0.00 secs] 
165.775: Total time for which application threads were stopped: 0.0079450 seconds, Stopping threads took: 0.0016230 seconds
165.776: Application time: 0.0011690 seconds
165.831: [GC165.831: [ParNew: 5485K->602K(6144K), 0.0016320 secs] 8760K->7795K(21888K), 0.0016680 secs] [Times: user=0.01 sys=0.01, real=0.00 secs] 
165.832: Total time for which application threads were stopped: 0.0559950 seconds, Stopping threads took: 0.0542490 seconds
165.833: Application time: 0.0002280 seconds
165.873: [GC [1 CMS-initial-mark: 7193K(15744K)] 8589K(21888K), 0.0001030 secs] [Times: user=0.00 sys=0.00, real=0.00 secs] 
165.873: Total time for which application threads were stopped: 0.0401060 seconds, Stopping threads took: 0.0399580 seconds
165.873: [CMS-concurrent-mark-start]
165.876: [CMS-concurrent-mark: 0.003/0.003 secs] [Times: user=0.03 sys=0.00, real=0.00 secs] 
165.876: [CMS-concurrent-preclean-start]
165.877: [CMS-concurrent-preclean: 0.000/0.000 secs] [Times: user=0.00 sys=0.00, real=0.00 secs] 
165.877: [CMS-concurrent-abortable-preclean-start]
165.955: Application time: 0.0824910 seconds
165.962: [GC165.962: [ParNew: 6087K->14K(6144K), 0.0002950 secs] 13281K->7208K(21888K), 0.0003360 secs] [Times: user=0.01 sys=0.00, real=0.00 secs] 
165.962: Total time for which application threads were stopped: 0.0069090 seconds, Stopping threads took: 0.0064950 seconds
165.963: Application time: 0.0006400 seconds
166.012: [GC166.012: [ParNew: 5378K->624K(6144K), 0.0010490 secs] 12573K->10357K(21888K), 0.0010780 secs] [Times: user=0.01 sys=0.00, real=0.00 secs] 
166.013: Total time for which application threads were stopped: 0.0501990 seconds, Stopping threads took: 0.0490730 seconds
166.014: Application time: 0.0010990 seconds
166.090: [GC166.090: [ParNew: 6090K->630K(6144K), 0.0012420 secs] 15824K->12936K(21888K), 0.0012810 secs] [Times: user=0.01 sys=0.00, real=0.00 secs] 
166.091: Total time for which application threads were stopped: 0.0770760 seconds, Stopping threads took: 0.0757350 seconds
166.169: Application time: 0.0782210 seconds
166.172: [GC166.172: [ParNew: 6116K->6116K(6144K), 0.0000140 secs]166.172: [CMS166.172: [CMS-concurrent-abortable-preclean: 0.000/0.295 secs] [Times: user=1.84 sys=0.07, real=0.30 secs] 
 (concurrent mode failure): 12306K->1321K(15744K), 0.0064100 secs] 18422K->1321K(21888K), [CMS Perm : 5141K->5141K(21248K)], 0.0064640 secs] [Times: user=0.01 sys=0.00, real=0.00 secs] 
166.178: Total time for which application threads were stopped: 0.0088910 seconds, Stopping threads took: 0.0023390 seconds
166.179: Application time: 0.0008550 seconds
166.179: [GC166.180: [ParNew: 5485K->602K(6144K), 0.0015230 secs] 6807K->6823K(21888K), 0.0015500 secs] [Times: user=0.01 sys=0.00, real=0.00 secs] 
166.181: Total time for which application threads were stopped: 0.0018490 seconds, Stopping threads took: 0.0002490 seconds
166.181: Application time: 0.0000560 seconds
166.181: [GC [1 CMS-initial-mark: 6221K(15744K)] 7411K(21888K), 0.0001060 secs] [Times: user=0.00 sys=0.00, real=0.00 secs] 
166.182: Total time for which application threads were stopped: 0.0004600 seconds, Stopping threads took: 0.0003270 seconds
166.182: [CMS-concurrent-mark-start]
166.185: [CMS-concurrent-mark: 0.004/0.004 secs] [Times: user=0.02 sys=0.00, real=0.00 secs] 
166.185: [CMS-concurrent-preclean-start]
166.185: [CMS-concurrent-preclean: 0.000/0.000 secs] [Times: user=0.00 sys=0.00, real=0.00 secs] 
166.186: [CMS-concurrent-abortable-preclean-start]
166.260: Application time: 0.0781840 seconds
166.303: [GC166.303: [ParNew: 5989K->600K(6144K), 0.0005590 secs] 12211K->7408K(21888K), 0.0005940 secs] [Times: user=0.00 sys=0.00, real=0.00 secs] 
166.304: Total time for which application threads were stopped: 0.0442240 seconds, Stopping threads took: 0.0435670 seconds
166.305: Application time: 0.0006520 seconds
166.345: [GC166.345: [ParNew: 5890K->600K(6144K), 0.0014930 secs] 12699K->11999K(21888K), 0.0015230 secs] [Times: user=0.01 sys=0.01, real=0.00 secs] 
166.346: Total time for which application threads were stopped: 0.0415410 seconds, Stopping threads took: 0.0399460 seconds
166.425: Application time: 0.0784350 seconds
166.446: [CMS-concurrent-abortable-preclean: 0.000/0.261 secs] [Times: user=1.42 sys=0.05, real=0.26 secs] 
166.465: [GC166.465: [ParNew: 6085K->6085K(6144K), 0.0000140 secs]166.465: [CMS (concurrent mode failure): 11399K->2493K(15744K), 0.0066100 secs] 17484K->2493K(21888K), [CMS Perm : 5141K->5141K(21248K)], 0.0066630 secs] [Times: user=0.01 sys=0.00, real=0.01 secs] 
166.472: Total time for which application threads were stopped: 0.0471530 seconds, Stopping threads took: 0.0404070 seconds
166.473: Application time: 0.0012860 seconds
166.514: [GC166.514: [ParNew: 5466K->628K(6144K), 0.0015900 secs] 7959K->7823K(21888K), 0.0016210 secs] [Times: user=0.01 sys=0.00, real=0.00 secs] 
166.515: Total time for which application threads were stopped: 0.0421650 seconds, Stopping threads took: 0.0404700 seconds
166.515: Application time: 0.0000470 seconds
166.555: [GC [1 CMS-initial-mark: 7195K(15744K)] 8120K(21888K), 0.0001050 secs] [Times: user=0.00 sys=0.00, real=0.00 secs] 
166.555: Total time for which application threads were stopped: 0.0399170 seconds, Stopping threads took: 0.0397650 seconds
166.555: [CMS-concurrent-mark-start]
166.559: [CMS-concurrent-mark: 0.004/0.004 secs] [Times: user=0.01 sys=0.00, real=0.00 secs] 
166.559: [CMS-concurrent-preclean-start]
166.559: [CMS-concurrent-preclean: 0.000/0.000 secs] [Times: user=0.00 sys=0.00, real=0.00 secs] 
166.559: [CMS-concurrent-abortable-preclean-start]
166.633: Application time: 0.0779310 seconds
166.639: [GC166.639: [ParNew: 6015K->602K(6144K), 0.0005660 secs] 13211K->8412K(21888K), 0.0016090 secs] [Times: user=0.01 sys=0.00, real=0.01 secs] 
166.641: Total time for which application threads were stopped: 0.0073660 seconds, Stopping threads took: 0.0056780 seconds
166.641: Application time: 0.0008730 seconds
166.681: [GC166.681: [ParNew: 6066K->630K(6144K), 0.0017230 secs] 13877K->13129K(21888K), 0.0017550 secs] [Times: user=0.01 sys=0.00, real=0.00 secs] 
166.683: Total time for which application threads were stopped: 0.0416960 seconds, Stopping threads took: 0.0398790 seconds
166.761: Application time: 0.0780810 seconds
166.783: [CMS-concurrent-abortable-preclean: 0.000/0.224 secs] [Times: user=1.36 sys=0.04, real=0.23 secs] 
166.801: [GC166.801: [ParNew: 6018K->6018K(6144K), 0.0000120 secs]166.801: [CMS (concurrent mode failure): 12499K->2469K(15744K), 0.0059600 secs] 18517K->2469K(21888K), [CMS Perm : 5141K->5141K(21248K)], 0.0060140 secs] [Times: user=0.01 sys=0.00, real=0.01 secs] 
166.808: Total time for which application threads were stopped: 0.0463510 seconds, Stopping threads took: 0.0402560 seconds
166.809: Application time: 0.0010590 seconds
166.848: [GC166.848: [ParNew: 5366K->628K(6144K), 0.0014270 secs] 7835K->7506K(21888K), 0.0014580 secs] [Times: user=0.01 sys=0.00, real=0.00 secs] 
166.850: Total time for which application threads were stopped: 0.0413580 seconds, Stopping threads took: 0.0398180 seconds
166.850: Application time: 0.0000620 seconds
166.890: [GC [1 CMS-initial-mark: 6878K(15744K)] 8589K(21888K), 0.0001130 secs] [Times: user=0.00 sys=0.00, real=0.00 secs] 
166.890: Total time for which application threads were stopped: 0.0399810 seconds, Stopping threads took: 0.0398200 seconds
166.890: [CMS-concurrent-mark-start]
166.894: [CMS-concurrent-mark: 0.004/0.004 secs] [Times: user=0.01 sys=0.00, real=0.00 secs] 
166.894: [CMS-concurrent-preclean-start]
166.894: [CMS-concurrent-preclean: 0.000/0.000 secs] [Times: user=0.00 sys=0.00, real=0.00 secs] 
166.894: [CMS-concurrent-abortable-preclean-start]
166.979: Application time: 0.0885850 seconds
166.987: [GC166.987: [ParNew: 6113K->596K(6144K), 0.0007400 secs] 12992K->8092K(21888K), 0.0007780 secs] [Times: user=0.01 sys=0.00, real=0.01 secs] 
166.988: Total time for which application threads were stopped: 0.0092930 seconds, Stopping threads took: 0.0084340 seconds
166.989: Application time: 0.0006500 seconds
167.029: [GC167.029: [ParNew: 5982K->600K(6144K), 0.0019480 secs] 13478K->12784K(21888K), 0.0019870 secs] [Times: user=0.01 sys=0.00, real=0.00 secs] 
167.031: Total time for which application threads were stopped: 0.0420160 seconds, Stopping threads took: 0.0399500 seconds
167.110: Application time: 0.0791810 seconds
167.110: [GC167.110: [ParNew: 5987K->5987K(6144K), 0.0000150 secs]167.110: [CMS167.111: [CMS-concurrent-abortable-preclean: 0.000/0.217 secs] [Times: user=1.45 sys=0.02, real=0.22 secs] 
 (concurrent mode failure): 12184K->3568K(15744K), 0.0061480 secs] 18172K->3568K(21888K), [CMS Perm : 5141K->5141K(21248K)], 0.0062130 secs] [Times: user=0.00 sys=0.00, real=0.00 secs] 
167.117: Total time for which application threads were stopped: 0.0069790 seconds, Stopping threads took: 0.0006750 seconds
167.118: Application time: 0.0013480 seconds
167.190: [GC167.190: [ParNew: 5485K->602K(6144K), 0.0015680 secs] 9053K->7891K(21888K), 0.0016060 secs] [Times: user=0.01 sys=0.00, real=0.00 secs] 
167.192: Total time for which application threads were stopped: 0.0736790 seconds, Stopping threads took: 0.0719940 seconds
167.192: Application time: 0.0000520 seconds
167.231: [GC [1 CMS-initial-mark: 7289K(15744K)] 8091K(21888K), 0.0001110 secs] [Times: user=0.00 sys=0.00, real=0.00 secs] 
167.232: Total time for which application threads were stopped: 0.0398220 seconds, Stopping threads took: 0.0396820 seconds
167.232: [CMS-concurrent-mark-start]
167.235: [CMS-concurrent-mark: 0.003/0.003 secs] [Times: user=0.01 sys=0.00, real=0.00 secs] 
167.235: [CMS-concurrent-preclean-start]
167.235: [CMS-concurrent-preclean: 0.000/0.000 secs] [Times: user=0.00 sys=0.00, real=0.00 secs] 
167.235: [CMS-concurrent-abortable-preclean-start]
167.317: Application time: 0.0858150 seconds
167.323: [GC167.323: [ParNew: 6068K->235K(6144K), 0.0004480 secs] 13357K->7525K(21888K), 0.0004790 secs] [Times: user=0.00 sys=0.00, real=0.00 secs] 
167.323: Total time for which application threads were stopped: 0.0058050 seconds, Stopping threads took: 0.0052480 seconds
167.324: Application time: 0.0004980 seconds
167.324: [GC167.324: [ParNew: 5525K->630K(6144K), 0.0015160 secs] 12816K->12809K(21888K), 0.0015490 secs] [Times: user=0.01 sys=0.00, real=0.00 secs] 
167.326: Total time for which application threads were stopped: 0.0019060 seconds, Stopping threads took: 0.0003060 seconds
167.404: Application time: 0.0780180 seconds
167.410: [GC167.410: [ParNew: 6096K->6096K(6144K), 0.0000160 secs]167.410: [CMS167.410: [CMS-concurrent-abortable-preclean: 0.000/0.175 secs] [Times: user=1.34 sys=0.01, real=0.18 secs] 
 (concurrent mode failure): 12179K->3568K(15744K), 0.0069720 secs] 18275K->3568K(21888K), [CMS Perm : 5141K->5141K(21248K)], 0.0070370 secs] [Times: user=0.01 sys=0.00, real=0.00 secs] 
167.417: Total time for which application threads were stopped: 0.0134760 seconds, Stopping threads took: 0.0063350 seconds
167.418: Application time: 0.0012620 seconds
167.458: [GC167.458: [ParNew: 5485K->602K(6144K), 0.0016120 secs] 9054K->8772K(21888K), 0.0016440 secs] [Times: user=0.01 sys=0.00, real=0.01 secs] 
167.460: Total time for which application threads were stopped: 0.0416350 seconds, Stopping threads took: 0.0399170 seconds
167.460: Application time: 0.0000560 seconds
167.500: [GC [1 CMS-initial-mark: 8170K(15744K)] 9169K(21888K), 0.0001120 secs] [Times: user=0.00 sys=0.00, real=0.00 secs] 
167.500: Total time for which application threads were stopped: 0.0400040 seconds, Stopping threads took: 0.0398660 seconds
167.500: [CMS-concurrent-mark-start]
167.504: [CMS-concurrent-mark: 0.004/0.004 secs] [Times: user=0.02 sys=0.00, real=0.00 secs] 
167.504: [CMS-concurrent-preclean-start]
167.504: [CMS-concurrent-preclean: 0.000/0.000 secs] [Times: user=0.00 sys=0.00, real=0.00 secs] 
167.504: [CMS-concurrent-abortable-preclean-start]
167.585: Application time: 0.0846790 seconds
167.626: [GC167.626: [ParNew: 5990K->211K(6144K), 0.0006130 secs] 14160K->8385K(21888K), 0.0006460 secs] [Times: user=0.00 sys=0.00, real=0.00 secs] 
167.626: Total time for which application threads were stopped: 0.0415790 seconds, Stopping threads took: 0.0408580 seconds
167.627: Application time: 0.0005160 seconds
167.627: [GC167.627: [ParNew: 5452K->600K(6144K), 0.0016910 secs] 13626K->13559K(21888K), 0.0017230 secs] [Times: user=0.01 sys=0.00, real=0.01 secs] 
167.629: Total time for which application threads were stopped: 0.0022100 seconds, Stopping threads took: 0.0004110 seconds
167.707: Application time: 0.0775400 seconds
167.729: [CMS-concurrent-abortable-preclean: 0.000/0.225 secs] [Times: user=1.42 sys=0.03, real=0.23 secs] 
167.749: [GC167.749: [ParNew: 6015K->6015K(6144K), 0.0000120 secs]167.749: [CMS (concurrent mode failure): 12959K->2396K(15744K), 0.0059850 secs] 18975K->2396K(21888K), [CMS Perm : 5141K->5141K(21248K)], 0.0060440 secs] [Times: user=0.01 sys=0.00, real=0.00 secs] 
167.755: Total time for which application threads were stopped: 0.0480480 seconds, Stopping threads took: 0.0419220 seconds
167.756: Application time: 0.0011090 seconds
167.795: [GC167.795: [ParNew: 5485K->600K(6144K), 0.0016540 secs] 7882K->7894K(21888K), 0.0016920 secs] [Times: user=0.01 sys=0.01, real=0.00 secs] 
167.797: Total time for which application threads were stopped: 0.0413410 seconds, Stopping threads took: 0.0395710 seconds
167.797: Application time: 0.0000540 seconds
167.797: [GC [1 CMS-initial-mark: 7293K(15744K)] 8878K(21888K), 0.0001090 secs] [Times: user=0.00 sys=0.00, real=0.00 secs] 
167.797: Total time for which application threads were stopped: 0.0002190 seconds, Stopping threads took: 0.0000820 seconds
167.797: [CMS-concurrent-mark-start]
167.801: [CMS-concurrent-mark: 0.004/0.004 secs] [Times: user=0.02 sys=0.00, real=0.01 secs] 
167.801: [CMS-concurrent-preclean-start]
167.801: [CMS-concurrent-preclean: 0.000/0.000 secs] [Times: user=0.00 sys=0.00, real=0.00 secs] 
167.801: [CMS-concurrent-abortable-preclean-start]
167.884: Application time: 0.0862340 seconds
167.926: [GC167.926: [ParNew: 6085K->502K(6144K), 0.0005870 secs] 13379K->8578K(21888K), 0.0006220 secs] [Times: user=0.00 sys=0.00, real=0.00 secs] 
167.926: Total time for which application threads were stopped: 0.0426720 seconds, Stopping threads took: 0.0419840 seconds
167.927: Application time: 0.0007010 seconds
167.967: [GC167.967: [ParNew: 5988K->602K(6144K), 0.0018280 secs] 14064K->13759K(21888K), 0.0018630 secs] [Times: user=0.01 sys=0.00, real=0.01 secs] 
167.969: Total time for which application threads were stopped: 0.0415640 seconds, Stopping threads took: 0.0396470 seconds
168.046: Application time: 0.0777570 seconds
168.048: [GC168.048: [ParNew: 6087K->6087K(6144K), 0.0000130 secs]168.048: [CMS168.048: [CMS-concurrent-abortable-preclean: 0.000/0.247 secs] [Times: user=1.48 sys=0.04, real=0.25 secs] 
 (concurrent mode failure): 13157K->3861K(15744K), 0.0054120 secs] 19244K->3861K(21888K), [CMS Perm : 5141K->5141K(21248K)], 0.0054770 secs] [Times: user=0.01 sys=0.00, real=0.00 secs] 
168.054: Total time for which application threads were stopped: 0.0072040 seconds, Stopping threads took: 0.0016560 seconds
168.055: Application time: 0.0012930 seconds
168.123: [GC168.123: [ParNew: 5466K->528K(6144K), 0.0014810 secs] 9327K->7523K(21888K), 0.0015160 secs] [Times: user=0.01 sys=0.00, real=0.00 secs] 
168.125: Total time for which application threads were stopped: 0.0701660 seconds, Stopping threads took: 0.0685910 seconds
168.125: Application time: 0.0001580 seconds
168.196: [GC [1 CMS-initial-mark: 6994K(15744K)] 7926K(21888K), 0.0001390 secs] [Times: user=0.00 sys=0.00, real=0.00 secs] 
168.197: Total time for which application threads were stopped: 0.0714360 seconds, Stopping threads took: 0.0712410 seconds
168.197: [CMS-concurrent-mark-start]
168.200: [CMS-concurrent-mark: 0.003/0.003 secs] [Times: user=0.02 sys=0.00, real=0.01 secs] 
168.200: [CMS-concurrent-preclean-start]
168.200: [CMS-concurrent-preclean: 0.000/0.000 secs] [Times: user=0.00 sys=0.00, real=0.00 secs] 
168.200: [CMS-concurrent-abortable-preclean-start]
168.200: Application time: 0.0037370 seconds
168.274: [GC168.274: [ParNew: 5916K->406K(6144K), 0.0005520 secs] 12911K->7432K(21888K), 0.0005770 secs] [Times: user=0.00 sys=0.00, real=0.00 secs] 
168.275: Total time for which application threads were stopped: 0.0742070 seconds, Stopping threads took: 0.0735590 seconds
168.275: Application time: 0.0005260 seconds
168.275: [GC168.275: [ParNew: 5853K->638K(6144K), 0.0016360 secs] 12879K->12765K(21888K), 0.0016700 secs] [Times: user=0.01 sys=0.00, real=0.00 secs] 
168.277: Total time for which application threads were stopped: 0.0019960 seconds, Stopping threads took: 0.0002730 seconds
168.355: Application time: 0.0776100 seconds
168.377: [CMS-concurrent-abortable-preclean: 0.000/0.177 secs] [Times: user=1.01 sys=0.07, real=0.17 secs] 
168.396: [GC168.396: [ParNew: 6123K->6123K(6144K), 0.0000130 secs]168.396: [CMS (concurrent mode failure): 12126K->1713K(15744K), 0.0064200 secs] 18250K->1713K(21888K), [CMS Perm : 5141K->5141K(21248K)], 0.0064760 secs] [Times: user=0.01 sys=0.00, real=0.01 secs] 
168.403: Total time for which application threads were stopped: 0.0481630 seconds, Stopping threads took: 0.0416030 seconds
168.404: Application time: 0.0007910 seconds
168.404: [GC168.404: [ParNew: 5290K->602K(6144K), 0.0017310 secs] 7003K->7019K(21888K), 0.0017630 secs] [Times: user=0.01 sys=0.00, real=0.00 secs] 
168.406: Total time for which application threads were stopped: 0.0021230 seconds, Stopping threads took: 0.0002760 seconds
168.406: Application time: 0.0000440 seconds
168.406: [GC [1 CMS-initial-mark: 6417K(15744K)] 7410K(21888K), 0.0000790 secs] [Times: user=0.00 sys=0.00, real=0.00 secs] 
168.406: Total time for which application threads were stopped: 0.0003160 seconds, Stopping threads took: 0.0002040 seconds
168.406: [CMS-concurrent-mark-start]
168.410: [CMS-concurrent-mark: 0.003/0.003 secs] [Times: user=0.02 sys=0.00, real=0.01 secs] 
168.410: [CMS-concurrent-preclean-start]
168.410: [CMS-concurrent-preclean: 0.000/0.000 secs] [Times: user=0.00 sys=0.00, real=0.00 secs] 
168.410: [CMS-concurrent-abortable-preclean-start]
168.497: Application time: 0.0907580 seconds
168.543: [GC168.543: [ParNew: 6087K->402K(6144K), 0.0007470 secs] 12504K->6821K(21888K), 0.0007780 secs] [Times: user=0.00 sys=0.00, real=0.00 secs] 
168.544: Total time for which application threads were stopped: 0.0470080 seconds, Stopping threads took: 0.0461480 seconds
168.552: Application time: 0.0075840 seconds
168.619: [GC168.619: [ParNew: 5791K->402K(6144K), 0.0002690 secs] 12209K->6821K(21888K), 0.0002950 secs] [Times: user=0.00 sys=0.00, real=0.01 secs] 
168.620: Total time for which application threads were stopped: 0.0681540 seconds, Stopping threads took: 0.0678100 seconds
168.620: Application time: 0.0004660 seconds
168.620: [GC168.620: [ParNew: 5888K->596K(6144K), 0.0016290 secs] 12307K->12289K(21888K), 0.0016600 secs] [Times: user=0.01 sys=0.00, real=0.00 secs] 
168.622: Total time for which application threads were stopped: 0.0020280 seconds, Stopping threads took: 0.0003170 seconds
168.700: Application time: 0.0776300 seconds
168.722: [CMS-concurrent-abortable-preclean: 0.001/0.313 secs] [Times: user=1.87 sys=0.08, real=0.31 secs] 
168.741: [GC168.741: [ParNew: 5983K->5983K(6144K), 0.0000120 secs]168.741: [CMS (concurrent mode failure): 11693K->2885K(15744K), 0.0059900 secs] 17677K->2885K(21888K), [CMS Perm : 5141K->5141K(21248K)], 0.0060490 secs] [Times: user=0.01 sys=0.00, real=0.00 secs] 
168.747: Total time for which application threads were stopped: 0.0473450 seconds, Stopping threads took: 0.0412140 seconds
168.748: Application time: 0.0011670 seconds
168.800: [GC168.800: [ParNew: 5446K->634K(6144K), 0.0014310 secs] 8332K->7657K(21888K), 0.0014630 secs] [Times: user=0.01 sys=0.00, real=0.00 secs] 
168.802: Total time for which application threads were stopped: 0.0535440 seconds, Stopping threads took: 0.0520050 seconds
168.802: Application time: 0.0000480 seconds
168.802: [GC [1 CMS-initial-mark: 7023K(15744K)] 8440K(21888K), 0.0000970 secs] [Times: user=0.00 sys=0.00, real=0.00 secs] 
168.802: Total time for which application threads were stopped: 0.0003090 seconds, Stopping threads took: 0.0001870 seconds
168.802: [CMS-concurrent-mark-start]
168.806: [CMS-concurrent-mark: 0.004/0.004 secs] [Times: user=0.01 sys=0.00, real=0.00 secs] 
168.806: [CMS-concurrent-preclean-start]
168.806: [CMS-concurrent-preclean: 0.000/0.000 secs] [Times: user=0.00 sys=0.00, real=0.00 secs] 
168.806: [CMS-concurrent-abortable-preclean-start]
168.890: Application time: 0.0877100 seconds
168.899: [GC168.899: [ParNew: 6022K->502K(6144K), 0.0007290 secs] 13045K->8540K(21888K), 0.0007660 secs] [Times: user=0.01 sys=0.00, real=0.01 secs] 
168.900: Total time for which application threads were stopped: 0.0100370 seconds, Stopping threads took: 0.0091870 seconds
168.901: Application time: 0.0008030 seconds
168.954: [GC168.954: [ParNew: 5890K->602K(6144K), 0.0019300 secs] 13928K->13621K(21888K), 0.0019670 secs] [Times: user=0.01 sys=0.00, real=0.00 secs] 
168.956: Total time for which application threads were stopped: 0.0554520 seconds, Stopping threads took: 0.0534080 seconds
169.035: Application time: 0.0784980 seconds
169.056: [CMS-concurrent-abortable-preclean: 0.000/0.251 secs] [Times: user=1.49 sys=0.03, real=0.25 secs] 
169.087: [GC169.087: [ParNew: 5989K->5989K(6144K), 0.0000140 secs]169.087: [CMS (concurrent mode failure): 13019K->1713K(15744K), 0.0058950 secs] 19009K->1713K(21888K), [CMS Perm : 5141K->5141K(21248K)], 0.0059580 secs] [Times: user=0.01 sys=0.00, real=0.01 secs] 
169.093: Total time for which application threads were stopped: 0.0579540 seconds, Stopping threads took: 0.0519030 seconds
169.094: Application time: 0.0010480 seconds
169.094: [GC169.094: [ParNew: 5466K->630K(6144K), 0.0014240 secs] 7179K->7143K(21888K), 0.0014540 secs] [Times: user=0.01 sys=0.00, real=0.00 secs] 
169.096: Total time for which application threads were stopped: 0.0018650 seconds, Stopping threads took: 0.0003370 seconds
169.096: Application time: 0.0000750 seconds
169.096: [GC [1 CMS-initial-mark: 6512K(15744K)] 7731K(21888K), 0.0000980 secs] [Times: user=0.00 sys=0.00, real=0.00 secs] 
169.096: Total time for which application threads were stopped: 0.0001670 seconds, Stopping threads took: 0.0000440 seconds
169.096: [CMS-concurrent-mark-start]
169.099: [CMS-concurrent-mark: 0.004/0.004 secs] [Times: user=0.00 sys=0.00, real=0.00 secs] 
169.099: [CMS-concurrent-preclean-start]
169.100: [CMS-concurrent-preclean: 0.000/0.000 secs] [Times: user=0.00 sys=0.00, real=0.00 secs] 
169.100: Application time: 0.0037470 seconds
169.170: [GC[YG occupancy: 3087 K (6144 K)]169.170: [Rescan (parallel) , 0.0001810 secs]169.171: [weak refs processing, 0.0000080 secs]169.171: [scrub string table, 0.0001000 secs] [1 CMS-remark: 6512K(15744K)] 9600K(21888K), 0.0003300 secs] [Times: user=0.00 sys=0.00, real=0.00 secs] 
169.171: Total time for which application threads were stopped: 0.0710650 seconds, Stopping threads took: 0.0706760 seconds
169.171: [CMS-concurrent-sweep-start]
169.171: Application time: 0.0007130 seconds
169.211: [GC169.211: [ParNew: 6115K->600K(6144K), 0.0011730 secs] 12628K->10269K(21888K), 0.0012000 secs] [Times: user=0.01 sys=0.00, real=0.00 secs] 
169.213: Total time for which application threads were stopped: 0.0412550 seconds, Stopping threads took: 0.0400080 seconds
169.213: [CMS-concurrent-sweep: 0.001/0.042 secs] [Times: user=0.12 sys=0.02, real=0.04 secs] 
169.213: [CMS-concurrent-reset-start]
169.214: [CMS-concurrent-reset: 0.000/0.000 secs] [Times: user=0.00 sys=0.00, real=0.00 secs] 
169.290: Application time: 0.0769830 seconds
169.292: [GC169.292: [ParNew: 5968K->434K(6144K), 0.0003580 secs] 15608K->10075K(21888K), 0.0003940 secs] [Times: user=0.00 sys=0.00, real=0.00 secs] 
169.293: Total time for which application threads were stopped: 0.0032640 seconds, Stopping threads took: 0.0027880 seconds
169.293: Application time: 0.0001240 seconds
169.293: [GC [1 CMS-initial-mark: 9640K(15744K)] 11455K(21888K), 0.0001010 secs] [Times: user=0.00 sys=0.00, real=0.00 secs] 
169.293: Total time for which application threads were stopped: 0.0002790 seconds, Stopping threads took: 0.0001600 seconds
169.293: [CMS-concurrent-mark-start]
169.294: Application time: 0.0005590 seconds
169.294: [GC169.294: [ParNew: 5918K->600K(6144K), 0.0016440 secs] 15559K->15543K(21888K), 0.0016730 secs] [Times: user=0.02 sys=0.00, real=0.00 secs] 
169.296: Total time for which application threads were stopped: 0.0019010 seconds, Stopping threads took: 0.0001820 seconds
169.299: [CMS-concurrent-mark: 0.004/0.006 secs] [Times: user=0.02 sys=0.00, real=0.00 secs] 
169.299: [CMS-concurrent-preclean-start]
169.299: [CMS-concurrent-preclean: 0.000/0.000 secs] [Times: user=0.00 sys=0.00, real=0.00 secs] 
169.299: Application time: 0.0036210 seconds
169.372: [GC[YG occupancy: 2174 K (6144 K)]169.373: [Rescan (parallel) , 0.0001540 secs]169.373: [weak refs processing, 0.0000070 secs]169.373: [scrub string table, 0.0001110 secs] [1 CMS-remark: 14942K(15744K)] 17117K(21888K), 0.0003060 secs] [Times: user=0.00 sys=0.00, real=0.00 secs] 
169.373: Total time for which application threads were stopped: 0.0734440 seconds, Stopping threads took: 0.0731060 seconds
169.373: [CMS-concurrent-sweep-start]
169.373: Application time: 0.0006680 seconds
169.414: [GC169.414: [ParNew: 5792K->5792K(6144K), 0.0000110 secs]169.414: [CMS169.414: [CMS-concurrent-sweep: 0.001/0.041 secs] [Times: user=0.08 sys=0.00, real=0.04 secs] 
 (concurrent mode failure): 14942K->4838K(15744K), 0.0068690 secs] 20735K->4838K(21888K), [CMS Perm : 5141K->5141K(21248K)], 0.0069240 secs] [Times: user=0.00 sys=0.00, real=0.01 secs] 
169.420: Total time for which application threads were stopped: 0.0469810 seconds, Stopping threads took: 0.0399790 seconds
169.498: Application time: 0.0778980 seconds
169.502: [GC169.502: [ParNew: 5485K->400K(6144K), 0.0004560 secs] 10323K->5238K(21888K), 0.0004860 secs] [Times: user=0.00 sys=0.00, real=0.00 secs] 
169.502: Total time for which application threads were stopped: 0.0038190 seconds, Stopping threads took: 0.0032780 seconds
169.503: Application time: 0.0006230 seconds
169.503: [GC169.503: [ParNew: 5867K->628K(6144K), 0.0018520 secs] 10705K->10657K(21888K), 0.0018830 secs] [Times: user=0.01 sys=0.00, real=0.00 secs] 
169.505: Total time for which application threads were stopped: 0.0024200 seconds, Stopping threads took: 0.0004650 seconds
169.505: Application time: 0.0001640 seconds
169.546: [GC [1 CMS-initial-mark: 10029K(15744K)] 11642K(21888K), 0.0001010 secs] [Times: user=0.00 sys=0.00, real=0.00 secs] 
169.546: Total time for which application threads were stopped: 0.0409320 seconds, Stopping threads took: 0.0407970 seconds
169.546: [CMS-concurrent-mark-start]
169.550: [CMS-concurrent-mark: 0.004/0.004 secs] [Times: user=0.02 sys=0.00, real=0.01 secs] 
169.550: [CMS-concurrent-preclean-start]
169.550: [CMS-concurrent-preclean: 0.000/0.000 secs] [Times: user=0.00 sys=0.00, real=0.00 secs] 
169.550: [CMS-concurrent-abortable-preclean-start]
169.624: Application time: 0.0772790 seconds
169.627: [GC169.627: [ParNew: 5918K->5918K(6144K), 0.0000130 secs]169.627: [CMS169.627: [CMS-concurrent-abortable-preclean: 0.000/0.077 secs] [Times: user=0.61 sys=0.00, real=0.07 secs] 
 (concurrent mode failure): 10029K->2689K(15744K), 0.0054710 secs] 15947K->2689K(21888K), [CMS Perm : 5141K->5141K(21248K)], 0.0055380 secs] [Times: user=0.00 sys=0.00, real=0.01 secs] 
169.632: Total time for which application threads were stopped: 0.0084920 seconds, Stopping threads took: 0.0028550 seconds
169.633: Application time: 0.0008710 seconds
169.673: [GC169.673: [ParNew: 5388K->598K(6144K), 0.0015180 secs] 8077K->7794K(21888K), 0.0015490 secs] [Times: user=0.01 sys=0.00, real=0.00 secs] 
169.674: Total time for which application threads were stopped: 0.0414850 seconds, Stopping threads took: 0.0398630 seconds
169.675: Application time: 0.0000430 seconds
169.675: [GC [1 CMS-initial-mark: 7196K(15744K)] 8189K(21888K), 0.0000970 secs] [Times: user=0.00 sys=0.00, real=0.00 secs] 
169.675: Total time for which application threads were stopped: 0.0004980 seconds, Stopping threads took: 0.0003540 seconds
169.675: [CMS-concurrent-mark-start]
169.679: [CMS-concurrent-mark: 0.004/0.004 secs] [Times: user=0.01 sys=0.00, real=0.00 secs] 
169.679: [CMS-concurrent-preclean-start]
169.679: [CMS-concurrent-preclean: 0.000/0.000 secs] [Times: user=0.00 sys=0.00, real=0.00 secs] 
169.679: [CMS-concurrent-abortable-preclean-start]
169.772: Application time: 0.0974470 seconds
169.821: [GC169.821: [ParNew: 6083K->404K(6144K), 0.0003490 secs] 13280K->7602K(21888K), 0.0003840 secs] [Times: user=0.00 sys=0.00, real=0.00 secs] 
169.822: Total time for which application threads were stopped: 0.0491320 seconds, Stopping threads took: 0.0486740 seconds
169.822: Application time: 0.0006220 seconds
169.823: [GC169.823: [ParNew: 5890K->600K(6144K), 0.0017190 secs] 13088K->13071K(21888K), 0.0017540 secs] [Times: user=0.01 sys=0.00, real=0.00 secs] 
169.824: Total time for which application threads were stopped: 0.0021850 seconds, Stopping threads took: 0.0003780 seconds
169.902: Application time: 0.0774540 seconds
169.925: [CMS-concurrent-abortable-preclean: 0.000/0.246 secs] [Times: user=1.57 sys=0.04, real=0.25 secs] 
169.942: [GC169.942: [ParNew: 5968K->5968K(6144K), 0.0000130 secs]169.942: [CMS (concurrent mode failure): 12471K->2787K(15744K), 0.0057920 secs] 18439K->2787K(21888K), [CMS Perm : 5141K->5141K(21248K)], 0.0058420 secs] [Times: user=0.01 sys=0.00, real=0.01 secs] 
169.948: Total time for which application threads were stopped: 0.0463640 seconds, Stopping threads took: 0.0404330 seconds
169.949: Application time: 0.0011050 seconds
170.002: [GC170.002: [ParNew: 5483K->600K(6144K), 0.0014040 secs] 8271K->7207K(21888K), 0.0014370 secs] [Times: user=0.01 sys=0.00, real=0.00 secs] 
170.003: Total time for which application threads were stopped: 0.0537900 seconds, Stopping threads took: 0.0522770 seconds
170.003: Application time: 0.0000500 seconds
170.043: [GC [1 CMS-initial-mark: 6606K(15744K)] 7506K(21888K), 0.0001030 secs] [Times: user=0.00 sys=0.00, real=0.00 secs] 
170.043: Total time for which application threads were stopped: 0.0399890 seconds, Stopping threads took: 0.0398500 seconds
170.043: [CMS-concurrent-mark-start]
170.047: [CMS-concurrent-mark: 0.004/0.004 secs] [Times: user=0.01 sys=0.00, real=0.00 secs] 
170.047: [CMS-concurrent-preclean-start]
170.047: [CMS-concurrent-preclean: 0.000/0.000 secs] [Times: user=0.00 sys=0.00, real=0.00 secs] 
170.047: [CMS-concurrent-abortable-preclean-start]
170.118: Application time: 0.0747000 seconds
170.134: [GC170.134: [ParNew: 5890K->404K(6144K), 0.0003540 secs] 12497K->7014K(21888K), 0.0003900 secs] [Times: user=0.01 sys=0.00, real=0.00 secs] 
170.134: Total time for which application threads were stopped: 0.0163120 seconds, Stopping threads took: 0.0158370 seconds
170.135: Application time: 0.0007050 seconds
170.186: [GC170.186: [ParNew: 5869K->628K(6144K), 0.0016240 secs] 12479K->11344K(21888K), 0.0016640 secs] [Times: user=0.01 sys=0.00, real=0.00 secs] 
170.187: Total time for which application threads were stopped: 0.0524950 seconds, Stopping threads took: 0.0507480 seconds
170.265: Application time: 0.0771470 seconds
170.266: [GC170.266: [ParNew: 5918K->5918K(6144K), 0.0000120 secs]170.266: [CMS170.266: [CMS-concurrent-abortable-preclean: 0.000/0.219 secs] [Times: user=1.35 sys=0.04, real=0.22 secs] 
 (concurrent mode failure): 10716K->2690K(15744K), 0.0054340 secs] 16634K->2690K(21888K), [CMS Perm : 5141K->5141K(21248K)], 0.0054980 secs] [Times: user=0.01 sys=0.00, real=0.01 secs] 
170.272: Total time for which application threads were stopped: 0.0071030 seconds, Stopping threads took: 0.0015180 seconds
170.273: Application time: 0.0009860 seconds
170.313: [GC170.313: [ParNew: 5483K->504K(6144K), 0.0016860 secs] 8173K->7896K(21888K), 0.0017150 secs] [Times: user=0.01 sys=0.00, real=0.00 secs] 
170.315: Total time for which application threads were stopped: 0.0424040 seconds, Stopping threads took: 0.0406380 seconds
170.321: Application time: 0.0056350 seconds
170.393: [GC [1 CMS-initial-mark: 7392K(15744K)] 10450K(21888K), 0.0001270 secs] [Times: user=0.00 sys=0.00, real=0.00 secs] 
170.393: Total time for which application threads were stopped: 0.0720520 seconds, Stopping threads took: 0.0718780 seconds
170.393: [CMS-concurrent-mark-start]
170.393: Application time: 0.0006030 seconds
170.433: [GC170.434: [ParNew: 5970K->628K(6144K), 0.0006790 secs] 13362K->9976K(21888K), 0.0007060 secs] [Times: user=0.00 sys=0.00, real=0.00 secs] 
170.434: Total time for which application threads were stopped: 0.0408950 seconds, Stopping threads took: 0.0401230 seconds
170.437: [CMS-concurrent-mark: 0.004/0.045 secs] [Times: user=0.09 sys=0.01, real=0.04 secs] 
170.437: [CMS-concurrent-preclean-start]
170.438: [CMS-concurrent-preclean: 0.000/0.000 secs] [Times: user=0.00 sys=0.00, real=0.00 secs] 
170.438: [CMS-concurrent-abortable-preclean-start]
170.438: Application time: 0.0037440 seconds
170.513: [GC170.513: [ParNew: 6015K->404K(6144K), 0.0004510 secs] 15363K->9782K(21888K), 0.0004830 secs] [Times: user=0.00 sys=0.00, real=0.00 secs] 
170.514: Total time for which application threads were stopped: 0.0756820 seconds, Stopping threads took: 0.0751430 seconds
170.514: Application time: 0.0004740 seconds
170.514: [GC170.514: [ParNew: 5888K->598K(6144K), 0.0017430 secs] 15266K->15249K(21888K), 0.0017770 secs] [Times: user=0.01 sys=0.00, real=0.00 secs] 
170.516: Total time for which application threads were stopped: 0.0020520 seconds, Stopping threads took: 0.0002010 seconds
170.595: Application time: 0.0786720 seconds
170.616: [CMS-concurrent-abortable-preclean: 0.000/0.179 secs] [Times: user=1.24 sys=0.07, real=0.18 secs] 
170.635: [GC170.635: [ParNew: 5888K->5888K(6144K), 0.0000140 secs]170.635: [CMS (concurrent mode failure): 14651K->1713K(15744K), 0.0065450 secs] 20540K->1713K(21888K), [CMS Perm : 5141K->5141K(21248K)], 0.0066010 secs] [Times: user=0.01 sys=0.00, real=0.01 secs] 
170.642: Total time for which application threads were stopped: 0.0469920 seconds, Stopping threads took: 0.0403230 seconds
170.643: Application time: 0.0009880 seconds
170.643: [GC170.643: [ParNew: 5466K->630K(6144K), 0.0015230 secs] 7180K->7143K(21888K), 0.0015500 secs] [Times: user=0.01 sys=0.00, real=0.00 secs] 
170.645: Total time for which application threads were stopped: 0.0019080 seconds, Stopping threads took: 0.0003050 seconds
170.645: Application time: 0.0000350 seconds
170.645: [GC [1 CMS-initial-mark: 6513K(15744K)] 7534K(21888K), 0.0001060 secs] [Times: user=0.00 sys=0.00, real=0.00 secs] 
170.645: Total time for which application threads were stopped: 0.0003490 seconds, Stopping threads took: 0.0002180 seconds
170.645: [CMS-concurrent-mark-start]
170.649: [CMS-concurrent-mark: 0.004/0.004 secs] [Times: user=0.02 sys=0.00, real=0.01 secs] 
170.649: [CMS-concurrent-preclean-start]
170.649: [CMS-concurrent-preclean: 0.000/0.000 secs] [Times: user=0.00 sys=0.00, real=0.00 secs] 
170.649: [CMS-concurrent-abortable-preclean-start]
170.736: Application time: 0.0910670 seconds
170.789: [GC170.789: [ParNew: 6096K->434K(6144K), 0.0004490 secs] 12609K->6980K(21888K), 0.0004820 secs] [Times: user=0.01 sys=0.00, real=0.00 secs] 
170.789: Total time for which application threads were stopped: 0.0530960 seconds, Stopping threads took: 0.0525590 seconds
170.790: Application time: 0.0006700 seconds
170.790: [GC170.790: [ParNew: 5920K->600K(6144K), 0.0015170 secs] 12466K->12447K(21888K), 0.0015480 secs] [Times: user=0.01 sys=0.00, real=0.00 secs] 
170.792: Total time for which application threads were stopped: 0.0020050 seconds, Stopping threads took: 0.0004060 seconds
170.869: Application time: 0.0773710 seconds
170.871: [GC170.871: [ParNew: 6085K->6085K(6144K), 0.0000130 secs]170.871: [CMS170.872: [CMS-concurrent-abortable-preclean: 0.001/0.222 secs] [Times: user=1.49 sys=0.03, real=0.22 secs] 
 (concurrent mode failure): 11847K->4057K(15744K), 0.0061990 secs] 17933K->4057K(21888K), [CMS Perm : 5141K->5141K(21248K)], 0.0062710 secs] [Times: user=0.00 sys=0.00, real=0.00 secs] 
170.878: Total time for which application threads were stopped: 0.0083550 seconds, Stopping threads took: 0.0020130 seconds
170.879: Application time: 0.0012510 seconds
170.948: [GC170.948: [ParNew: 5485K->600K(6144K), 0.0013540 secs] 9543K->7986K(21888K), 0.0013910 secs] [Times: user=0.01 sys=0.00, real=0.00 secs] 
170.949: Total time for which application threads were stopped: 0.0701160 seconds, Stopping threads took: 0.0686670 seconds
170.949: Application time: 0.0000670 seconds
171.005: [GC [1 CMS-initial-mark: 7386K(15744K)] 8189K(21888K), 0.0001020 secs] [Times: user=0.00 sys=0.00, real=0.00 secs] 
171.005: Total time for which application threads were stopped: 0.0558280 seconds, Stopping threads took: 0.0557030 seconds
171.005: [CMS-concurrent-mark-start]
171.006: Application time: 0.0011400 seconds
171.081: [GC171.081: [ParNew: 6085K->600K(6144K), 0.0014910 secs] 13472K->11411K(21888K), 0.0015280 secs] [Times: user=0.01 sys=0.00, real=0.00 secs] 
171.082: Total time for which application threads were stopped: 0.0762700 seconds, Stopping threads took: 0.0746830 seconds
171.086: [CMS-concurrent-mark: 0.004/0.081 secs] [Times: user=0.25 sys=0.03, real=0.08 secs] 
171.086: [CMS-concurrent-preclean-start]
171.086: [CMS-concurrent-preclean: 0.000/0.000 secs] [Times: user=0.00 sys=0.00, real=0.00 secs] 
171.086: [CMS-concurrent-abortable-preclean-start]
171.160: Application time: 0.0775210 seconds
171.165: [GC171.165: [ParNew: 6066K->6066K(6144K), 0.0000150 secs]171.165: [CMS171.165: [CMS-concurrent-abortable-preclean: 0.000/0.079 secs] [Times: user=0.63 sys=0.00, real=0.08 secs] 
 (concurrent mode failure): 10811K->2104K(15744K), 0.0065660 secs] 16877K->2104K(21888K), [CMS Perm : 5141K->5141K(21248K)], 0.0066310 secs] [Times: user=0.00 sys=0.00, real=0.01 secs] 
171.172: Total time for which application threads were stopped: 0.0118220 seconds, Stopping threads took: 0.0050910 seconds
171.176: Application time: 0.0040900 seconds
171.241: [GC171.241: [ParNew: 5143K->638K(6144K), 0.0008720 secs] 7247K->3737K(21888K), 0.0008970 secs] [Times: user=0.01 sys=0.00, real=0.00 secs] 
171.242: Total time for which application threads were stopped: 0.0663020 seconds, Stopping threads took: 0.0653580 seconds
171.243: Application time: 0.0005000 seconds
171.243: [GC171.243: [ParNew: 6054K->530K(6144K), 0.0016660 secs] 9153K->9114K(21888K), 0.0016950 secs] [Times: user=0.01 sys=0.00, real=0.00 secs] 
171.245: Total time for which application threads were stopped: 0.0021680 seconds, Stopping threads took: 0.0004030 seconds
171.245: Application time: 0.0000460 seconds
171.245: [GC [1 CMS-initial-mark: 8584K(15744K)] 9706K(21888K), 0.0000980 secs] [Times: user=0.00 sys=0.00, real=0.00 secs] 
171.245: Total time for which application threads were stopped: 0.0002400 seconds, Stopping threads took: 0.0001180 seconds
171.245: [CMS-concurrent-mark-start]
171.249: [CMS-concurrent-mark: 0.004/0.004 secs] [Times: user=0.02 sys=0.00, real=0.01 secs] 
171.249: [CMS-concurrent-preclean-start]
171.249: [CMS-concurrent-preclean: 0.000/0.000 secs] [Times: user=0.00 sys=0.00, real=0.00 secs] 
171.249: Application time: 0.0039980 seconds
171.322: [GC[YG occupancy: 2207 K (6144 K)]171.322: [Rescan (parallel) , 0.0002030 secs]171.322: [weak refs processing, 0.0000070 secs]171.322: [scrub string table, 0.0001200 secs] [1 CMS-remark: 8584K(15744K)] 10791K(21888K), 0.0003660 secs] [Times: user=0.00 sys=0.00, real=0.00 secs] 
171.322: Total time for which application threads were stopped: 0.0732060 seconds, Stopping threads took: 0.0728090 seconds
171.322: [CMS-concurrent-sweep-start]
171.323: Application time: 0.0009850 seconds
171.383: [GC171.383: [ParNew: 5918K->602K(6144K), 0.0011380 secs] 14502K->12339K(21888K), 0.0011700 secs] [Times: user=0.01 sys=0.00, real=0.00 secs] 
171.384: Total time for which application threads were stopped: 0.0606990 seconds, Stopping threads took: 0.0594560 seconds
171.385: [CMS-concurrent-sweep: 0.001/0.062 secs] [Times: user=0.13 sys=0.04, real=0.06 secs] 
171.385: [CMS-concurrent-reset-start]
171.385: [CMS-concurrent-reset: 0.000/0.000 secs] [Times: user=0.00 sys=0.00, real=0.00 secs] 
171.462: Application time: 0.0783350 seconds
171.464: [GC171.464: [ParNew: 6087K->6087K(6144K), 0.0000140 secs]171.464: [CMS: 10909K->1909K(15744K), 0.0064800 secs] 16996K->1909K(21888K), [CMS Perm : 5141K->5141K(21248K)], 0.0065420 secs] [Times: user=0.01 sys=0.00, real=0.01 secs] 
171.471: Total time for which application threads were stopped: 0.0082170 seconds, Stopping threads took: 0.0015840 seconds
171.471: Application time: 0.0008690 seconds
171.472: [GC171.472: [ParNew: 5485K->600K(6144K), 0.0014590 secs] 7395K->7408K(21888K), 0.0014880 secs] [Times: user=0.01 sys=0.00, real=0.00 secs] 
171.473: Total time for which application threads were stopped: 0.0020510 seconds, Stopping threads took: 0.0004870 seconds
171.473: Application time: 0.0000390 seconds
171.474: [GC [1 CMS-initial-mark: 6808K(15744K)] 7799K(21888K), 0.0001040 secs] [Times: user=0.00 sys=0.00, real=0.00 secs] 
171.474: Total time for which application threads were stopped: 0.0003250 seconds, Stopping threads took: 0.0001980 seconds
171.474: [CMS-concurrent-mark-start]
171.478: [CMS-concurrent-mark: 0.004/0.004 secs] [Times: user=0.02 sys=0.00, real=0.00 secs] 
171.478: [CMS-concurrent-preclean-start]
171.478: [CMS-concurrent-preclean: 0.000/0.000 secs] [Times: user=0.00 sys=0.00, real=0.00 secs] 
171.478: Application time: 0.0039950 seconds
171.551: [GC[YG occupancy: 2565 K (6144 K)]171.551: [Rescan (parallel) , 0.0002230 secs]171.551: [weak refs processing, 0.0000140 secs]171.551: [scrub string table, 0.0000970 secs] [1 CMS-remark: 6808K(15744K)] 9374K(21888K), 0.0003730 secs] [Times: user=0.00 sys=0.00, real=0.00 secs] 
171.551: Total time for which application threads were stopped: 0.0735870 seconds, Stopping threads took: 0.0731770 seconds
171.551: [CMS-concurrent-sweep-start]
171.552: Application time: 0.0005240 seconds
171.606: [GC171.606: [ParNew: 5890K->602K(6144K), 0.0009240 secs] 12698K->9560K(21888K), 0.0009530 secs] [Times: user=0.00 sys=0.00, real=0.00 secs] 
171.607: Total time for which application threads were stopped: 0.0549180 seconds, Stopping threads took: 0.0538950 seconds
171.607: [CMS-concurrent-sweep: 0.001/0.056 secs] [Times: user=0.13 sys=0.02, real=0.05 secs] 
171.607: [CMS-concurrent-reset-start]
171.608: [CMS-concurrent-reset: 0.000/0.000 secs] [Times: user=0.00 sys=0.00, real=0.00 secs] 
171.608: Application time: 0.0012280 seconds
171.684: [GC171.684: [ParNew: 5794K->404K(6144K), 0.0003460 secs] 14751K->9362K(21888K), 0.0016050 secs] [Times: user=0.00 sys=0.00, real=0.00 secs] 
171.686: Total time for which application threads were stopped: 0.0778990 seconds, Stopping threads took: 0.0762140 seconds
171.686: Application time: 0.0000610 seconds
171.686: [GC [1 CMS-initial-mark: 8957K(15744K)] 9759K(21888K), 0.0000800 secs] [Times: user=0.00 sys=0.00, real=0.00 secs] 
171.686: Total time for which application threads were stopped: 0.0001530 seconds, Stopping threads took: 0.0000440 seconds
171.686: [CMS-concurrent-mark-start]
171.687: Application time: 0.0008190 seconds
171.728: [GC171.728: [ParNew: 5871K->628K(6144K), 0.0014630 secs] 14828K->13687K(21888K), 0.0014950 secs] [Times: user=0.01 sys=0.00, real=0.00 secs] 
171.730: Total time for which application threads were stopped: 0.0425780 seconds, Stopping threads took: 0.0410080 seconds
171.733: [CMS-concurrent-mark: 0.004/0.046 secs] [Times: user=0.09 sys=0.02, real=0.05 secs] 
171.733: [CMS-concurrent-preclean-start]
171.733: [CMS-concurrent-preclean: 0.000/0.000 secs] [Times: user=0.00 sys=0.00, real=0.00 secs] 
171.733: [CMS-concurrent-abortable-preclean-start]
171.733: [CMS-concurrent-abortable-preclean: 0.000/0.000 secs] [Times: user=0.00 sys=0.00, real=0.00 secs] 
171.733: Application time: 0.0032020 seconds
171.807: [GC[YG occupancy: 3572 K (6144 K)]171.807: [Rescan (parallel) , 0.0003230 secs]171.807: [weak refs processing, 0.0000070 secs]171.807: [scrub string table, 0.0001170 secs] [1 CMS-remark: 13059K(15744K)] 16631K(21888K), 0.0005020 secs] [Times: user=0.01 sys=0.00, real=0.00 secs] 
171.807: Total time for which application threads were stopped: 0.0744290 seconds, Stopping threads took: 0.0738730 seconds
171.807: [CMS-concurrent-sweep-start]
171.808: Application time: 0.0004570 seconds
171.857: [GC171.857: [ParNew: 6016K->6016K(6144K), 0.0000100 secs]171.857: [CMS171.858: [CMS-concurrent-sweep: 0.001/0.050 secs] [Times: user=0.08 sys=0.02, real=0.05 secs] 
 (concurrent mode failure): 13059K->3862K(15744K), 0.0059920 secs] 19075K->3862K(21888K), [CMS Perm : 5141K->5141K(21248K)], 0.0060460 secs] [Times: user=0.00 sys=0.00, real=0.01 secs] 
171.864: Total time for which application threads were stopped: 0.0558320 seconds, Stopping threads took: 0.0497350 seconds
171.864: Application time: 0.0009630 seconds
171.926: [GC171.926: [ParNew: 5485K->500K(6144K), 0.0012740 secs] 9347K->7888K(21888K), 0.0013140 secs] [Times: user=0.00 sys=0.00, real=0.00 secs] 
171.927: Total time for which application threads were stopped: 0.0627780 seconds, Stopping threads took: 0.0613850 seconds
171.927: Application time: 0.0000280 seconds
171.927: [GC [1 CMS-initial-mark: 7388K(15744K)] 8281K(21888K), 0.0001060 secs] [Times: user=0.00 sys=0.00, real=0.01 secs] 
171.927: Total time for which application threads were stopped: 0.0001840 seconds, Stopping threads took: 0.0000560 seconds
171.928: [CMS-concurrent-mark-start]
171.931: [CMS-concurrent-mark: 0.003/0.003 secs] [Times: user=0.01 sys=0.00, real=0.00 secs] 
171.931: [CMS-concurrent-preclean-start]
171.931: [CMS-concurrent-preclean: 0.000/0.000 secs] [Times: user=0.00 sys=0.00, real=0.00 secs] 
171.931: [CMS-concurrent-abortable-preclean-start]
172.015: Application time: 0.0879670 seconds
172.056: [GC172.056: [ParNew: 5869K->432K(6144K), 0.0005130 secs] 13257K->7821K(21888K), 0.0005460 secs] [Times: user=0.00 sys=0.00, real=0.00 secs] 
172.057: Total time for which application threads were stopped: 0.0412670 seconds, Stopping threads took: 0.0406470 seconds
172.057: Application time: 0.0007340 seconds
172.058: [GC172.058: [ParNew: 5899K->532K(6144K), 0.0016710 secs] 13287K->13229K(21888K), 0.0017070 secs] [Times: user=0.01 sys=0.00, real=0.01 secs] 
172.059: Total time for which application threads were stopped: 0.0020260 seconds, Stopping threads took: 0.0002540 seconds
172.138: Application time: 0.0781890 seconds
172.160: [CMS-concurrent-abortable-preclean: 0.000/0.229 secs] [Times: user=1.46 sys=0.03, real=0.23 secs] 
172.181: [GC172.181: [ParNew: 6018K->6018K(6144K), 0.0000140 secs]172.181: [CMS (concurrent mode failure): 12697K->2885K(15744K), 0.0067140 secs] 18715K->2885K(21888K), [CMS Perm : 5141K->5141K(21248K)], 0.0067720 secs] [Times: user=0.01 sys=0.00, real=0.01 secs] 
172.188: Total time for which application threads were stopped: 0.0502030 seconds, Stopping threads took: 0.0433410 seconds
172.189: Application time: 0.0009850 seconds
172.229: [GC172.229: [ParNew: 5485K->598K(6144K), 0.0014880 secs] 8371K->8088K(21888K), 0.0015230 secs] [Times: user=0.01 sys=0.00, real=0.00 secs] 
172.230: Total time for which application threads were stopped: 0.0414230 seconds, Stopping threads took: 0.0398120 seconds
172.230: Application time: 0.0000650 seconds
172.270: [GC [1 CMS-initial-mark: 7490K(15744K)] 8977K(21888K), 0.0001060 secs] [Times: user=0.00 sys=0.00, real=0.00 secs] 
172.271: Total time for which application threads were stopped: 0.0401930 seconds, Stopping threads took: 0.0400420 seconds
172.271: [CMS-concurrent-mark-start]
172.274: [CMS-concurrent-mark: 0.004/0.004 secs] [Times: user=0.01 sys=0.00, real=0.00 secs] 
172.274: [CMS-concurrent-preclean-start]
172.274: [CMS-concurrent-preclean: 0.000/0.000 secs] [Times: user=0.00 sys=0.00, real=0.00 secs] 
172.274: [CMS-concurrent-abortable-preclean-start]
172.356: Application time: 0.0853260 seconds
172.363: [GC172.363: [ParNew: 6083K->598K(6144K), 0.0007610 secs] 13574K->9263K(21888K), 0.0007990 secs] [Times: user=0.01 sys=0.00, real=0.00 secs] 
172.364: Total time for which application threads were stopped: 0.0082820 seconds, Stopping threads took: 0.0074020 seconds
172.365: Application time: 0.0008960 seconds
172.417: [GC172.417: [ParNew: 5986K->598K(6144K), 0.0017960 secs] 14651K->13463K(21888K), 0.0018320 secs] [Times: user=0.01 sys=0.00, real=0.00 secs] 
172.419: Total time for which application threads were stopped: 0.0536500 seconds, Stopping threads took: 0.0517430 seconds
172.496: Application time: 0.0774570 seconds
172.499: [GC172.499: [ParNew: 5985K->5985K(6144K), 0.0000130 secs]172.499: [CMS172.499: [CMS-concurrent-abortable-preclean: 0.000/0.224 secs] [Times: user=1.47 sys=0.02, real=0.22 secs] 
 (concurrent mode failure): 12865K->3081K(15744K), 0.0061280 secs] 18851K->3081K(21888K), [CMS Perm : 5141K->5141K(21248K)], 0.0061950 secs] [Times: user=0.01 sys=0.00, real=0.01 secs] 
172.505: Total time for which application threads were stopped: 0.0086290 seconds, Stopping threads took: 0.0023460 seconds
172.506: Application time: 0.0011740 seconds
172.558: [GC172.558: [ParNew: 5349K->560K(6144K), 0.0013420 secs] 8430K->6874K(21888K), 0.0013710 secs] [Times: user=0.01 sys=0.00, real=0.00 secs] 
172.559: Total time for which application threads were stopped: 0.0531890 seconds, Stopping threads took: 0.0517440 seconds
172.559: Application time: 0.0000790 seconds
172.599: [GC [1 CMS-initial-mark: 6314K(15744K)] 7269K(21888K), 0.0000900 secs] [Times: user=0.00 sys=0.00, real=0.00 secs] 
172.599: Total time for which application threads were stopped: 0.0399730 seconds, Stopping threads took: 0.0398600 seconds
172.599: [CMS-concurrent-mark-start]
172.603: [CMS-concurrent-mark: 0.004/0.004 secs] [Times: user=0.00 sys=0.00, real=0.01 secs] 
172.603: [CMS-concurrent-preclean-start]
172.603: [CMS-concurrent-preclean: 0.000/0.000 secs] [Times: user=0.00 sys=0.00, real=0.00 secs] 
172.603: [CMS-concurrent-abortable-preclean-start]
172.604: Application time: 0.0042870 seconds
172.676: [GC172.676: [ParNew: 5850K->598K(6144K), 0.0007990 secs] 12165K->7849K(21888K), 0.0008320 secs] [Times: user=0.00 sys=0.00, real=0.00 secs] 
172.677: Total time for which application threads were stopped: 0.0737570 seconds, Stopping threads took: 0.0728690 seconds
172.678: Application time: 0.0007620 seconds
172.718: [GC172.718: [ParNew: 5986K->600K(6144K), 0.0016870 secs] 13237K->11957K(21888K), 0.0017230 secs] [Times: user=0.01 sys=0.00, real=0.01 secs] 
172.720: Total time for which application threads were stopped: 0.0417740 seconds, Stopping threads took: 0.0399770 seconds
172.809: Application time: 0.0890700 seconds
172.820: [CMS-concurrent-abortable-preclean: 0.001/0.217 secs] [Times: user=1.31 sys=0.07, real=0.22 secs] 
172.848: [GC172.848: [ParNew: 6066K->6066K(6144K), 0.0000130 secs]172.848: [CMS (concurrent mode failure): 11357K->1714K(15744K), 0.0064960 secs] 17423K->1714K(21888K), [CMS Perm : 5141K->5141K(21248K)], 0.0065530 secs] [Times: user=0.01 sys=0.00, real=0.00 secs] 
172.855: Total time for which application threads were stopped: 0.0458240 seconds, Stopping threads took: 0.0391840 seconds
172.856: Application time: 0.0008430 seconds
172.856: [GC172.856: [ParNew: 5483K->600K(6144K), 0.0017410 secs] 7197K->7213K(21888K), 0.0017680 secs] [Times: user=0.02 sys=0.00, real=0.00 secs] 
172.858: Total time for which application threads were stopped: 0.0023050 seconds, Stopping threads took: 0.0004640 seconds
172.858: Application time: 0.0000560 seconds
172.858: [GC [1 CMS-initial-mark: 6613K(15744K)] 7604K(21888K), 0.0000970 secs] [Times: user=0.00 sys=0.00, real=0.00 secs] 
172.858: Total time for which application threads were stopped: 0.0003830 seconds, Stopping threads took: 0.0002630 seconds
172.858: [CMS-concurrent-mark-start]
172.862: [CMS-concurrent-mark: 0.004/0.004 secs] [Times: user=0.01 sys=0.00, real=0.01 secs] 
172.862: [CMS-concurrent-preclean-start]
172.862: [CMS-concurrent-preclean: 0.000/0.000 secs] [Times: user=0.00 sys=0.00, real=0.00 secs] 
172.862: [CMS-concurrent-abortable-preclean-start]
172.955: Application time: 0.0965380 seconds
173.007: [GC173.007: [ParNew: 6085K->600K(6144K), 0.0005670 secs] 12698K->7214K(21888K), 0.0005990 secs] [Times: user=0.00 sys=0.00, real=0.00 secs] 
173.007: Total time for which application threads were stopped: 0.0522810 seconds, Stopping threads took: 0.0516310 seconds
173.008: Application time: 0.0005640 seconds
173.008: [GC173.008: [ParNew: 6083K->598K(6144K), 0.0019440 secs] 12698K->12681K(21888K), 0.0019780 secs] [Times: user=0.01 sys=0.00, real=0.00 secs] 
173.010: Total time for which application threads were stopped: 0.0024900 seconds, Stopping threads took: 0.0004360 seconds
173.089: Application time: 0.0784680 seconds
173.110: [CMS-concurrent-abortable-preclean: 0.000/0.248 secs] [Times: user=1.56 sys=0.05, real=0.25 secs] 
173.133: [GC173.133: [ParNew: 5966K->5966K(6144K), 0.0000130 secs]173.133: [CMS (concurrent mode failure): 12083K->1909K(15744K), 0.0064400 secs] 18050K->1909K(21888K), [CMS Perm : 5141K->5141K(21248K)], 0.0064960 secs] [Times: user=0.00 sys=0.00, real=0.01 secs] 
173.140: Total time for which application threads were stopped: 0.0512590 seconds, Stopping threads took: 0.0446790 seconds
173.141: Application time: 0.0007800 seconds
173.141: [GC173.141: [ParNew: 5192K->598K(6144K), 0.0014920 secs] 7101K->7113K(21888K), 0.0015170 secs] [Times: user=0.01 sys=0.00, real=0.00 secs] 
173.143: Total time for which application threads were stopped: 0.0019200 seconds, Stopping threads took: 0.0003320 seconds
173.143: Application time: 0.0000700 seconds
173.143: [GC [1 CMS-initial-mark: 6515K(15744K)] 8092K(21888K), 0.0001000 secs] [Times: user=0.00 sys=0.00, real=0.00 secs] 
173.143: Total time for which application threads were stopped: 0.0004290 seconds, Stopping threads took: 0.0003070 seconds
173.143: [CMS-concurrent-mark-start]
173.147: [CMS-concurrent-mark: 0.004/0.004 secs] [Times: user=0.01 sys=0.00, real=0.00 secs] 
173.147: [CMS-concurrent-preclean-start]
173.147: [CMS-concurrent-preclean: 0.000/0.000 secs] [Times: user=0.00 sys=0.00, real=0.00 secs] 
173.147: [CMS-concurrent-abortable-preclean-start]
173.236: Application time: 0.0924820 seconds
173.279: [GC173.279: [ParNew: 5985K->402K(6144K), 0.0004100 secs] 12501K->6919K(21888K), 0.0004450 secs] [Times: user=0.00 sys=0.01, real=0.00 secs] 
173.279: Total time for which application threads were stopped: 0.0437910 seconds, Stopping threads took: 0.0432910 seconds
173.280: Application time: 0.0006080 seconds
173.280: [GC173.280: [ParNew: 5869K->628K(6144K), 0.0015570 secs] 12385K->12320K(21888K), 0.0015920 secs] [Times: user=0.01 sys=0.00, real=0.00 secs] 
173.282: Total time for which application threads were stopped: 0.0019070 seconds, Stopping threads took: 0.0002610 seconds
173.359: Application time: 0.0775730 seconds
173.363: [GC173.363: [ParNew: 6113K->6113K(6144K), 0.0000120 secs]173.363: [CMS173.363: [CMS-concurrent-abortable-preclean: 0.000/0.216 secs] [Times: user=1.51 sys=0.02, real=0.22 secs] 
 (concurrent mode failure): 11692K->3959K(15744K), 0.0055740 secs] 17806K->3959K(21888K), [CMS Perm : 5141K->5141K(21248K)], 0.0056370 secs] [Times: user=0.01 sys=0.00, real=0.01 secs] 
173.368: Total time for which application threads were stopped: 0.0087390 seconds, Stopping threads took: 0.0030260 seconds
173.370: Application time: 0.0013400 seconds
173.433: [GC173.433: [ParNew: 5485K->602K(6144K), 0.0015880 secs] 9445K->8869K(21888K), 0.0016180 secs] [Times: user=0.01 sys=0.00, real=0.00 secs] 
173.435: Total time for which application threads were stopped: 0.0649630 seconds, Stopping threads took: 0.0632910 seconds
173.435: Application time: 0.0000520 seconds
173.474: [GC [1 CMS-initial-mark: 8267K(15744K)] 9170K(21888K), 0.0000940 secs] [Times: user=0.00 sys=0.00, real=0.00 secs] 
173.475: Total time for which application threads were stopped: 0.0399810 seconds, Stopping threads took: 0.0398670 seconds
173.475: [CMS-concurrent-mark-start]
173.479: [CMS-concurrent-mark: 0.004/0.004 secs] [Times: user=0.02 sys=0.00, real=0.00 secs] 
173.479: [CMS-concurrent-preclean-start]
173.479: [CMS-concurrent-preclean: 0.000/0.000 secs] [Times: user=0.00 sys=0.00, real=0.00 secs] 
173.479: [CMS-concurrent-abortable-preclean-start]
173.480: Application time: 0.0051850 seconds
173.554: [GC173.554: [ParNew: 5794K->404K(6144K), 0.0004070 secs] 14062K->8672K(21888K), 0.0004390 secs] [Times: user=0.00 sys=0.00, real=0.00 secs] 
173.554: Total time for which application threads were stopped: 0.0746560 seconds, Stopping threads took: 0.0741500 seconds
173.555: Application time: 0.0005140 seconds
173.555: [GC173.555: [ParNew: 5888K->600K(6144K), 0.0016120 secs] 14156K->14147K(21888K), 0.0016480 secs] [Times: user=0.01 sys=0.00, real=0.00 secs] 
173.557: Total time for which application threads were stopped: 0.0021030 seconds, Stopping threads took: 0.0004020 seconds
173.635: Application time: 0.0783180 seconds
173.657: [CMS-concurrent-abortable-preclean: 0.000/0.179 secs] [Times: user=1.22 sys=0.07, real=0.18 secs] 
173.675: [GC173.675: [ParNew: 6065K->6065K(6144K), 0.0000130 secs]173.675: [CMS (concurrent mode failure): 13547K->2885K(15744K), 0.0059940 secs] 19613K->2885K(21888K), [CMS Perm : 5141K->5141K(21248K)], 0.0060470 secs] [Times: user=0.00 sys=0.00, real=0.01 secs] 
173.682: Total time for which application threads were stopped: 0.0461460 seconds, Stopping threads took: 0.0400360 seconds
173.682: Application time: 0.0009840 seconds
173.731: [GC173.731: [ParNew: 5466K->628K(6144K), 0.0014390 secs] 8352K->8020K(21888K), 0.0014710 secs] [Times: user=0.02 sys=0.00, real=0.00 secs] 
173.732: Total time for which application threads were stopped: 0.0498880 seconds, Stopping threads took: 0.0483630 seconds
173.732: Application time: 0.0000890 seconds
173.772: [GC [1 CMS-initial-mark: 7392K(15744K)] 9105K(21888K), 0.0001080 secs] [Times: user=0.00 sys=0.00, real=0.00 secs] 
173.773: Total time for which application threads were stopped: 0.0400350 seconds, Stopping threads took: 0.0398920 seconds
173.773: [CMS-concurrent-mark-start]
173.776: [CMS-concurrent-mark: 0.004/0.004 secs] [Times: user=0.03 sys=0.00, real=0.00 secs] 
173.776: [CMS-concurrent-preclean-start]
173.776: [CMS-concurrent-preclean: 0.000/0.000 secs] [Times: user=0.00 sys=0.00, real=0.00 secs] 
173.776: [CMS-concurrent-abortable-preclean-start]
173.861: Application time: 0.0882890 seconds
173.867: [GC173.867: [ParNew: 5996K->434K(6144K), 0.0004420 secs] 13389K->7856K(21888K), 0.0004760 secs] [Times: user=0.01 sys=0.00, real=0.01 secs] 
173.868: Total time for which application threads were stopped: 0.0067950 seconds, Stopping threads took: 0.0062340 seconds
173.868: Application time: 0.0004690 seconds
173.869: [GC173.869: [ParNew: 5920K->598K(6144K), 0.0017150 secs] 13342K->13324K(21888K), 0.0017490 secs] [Times: user=0.01 sys=0.00, real=0.00 secs] 
173.870: Total time for which application threads were stopped: 0.0022050 seconds, Stopping threads took: 0.0004040 seconds
173.948: Application time: 0.0781870 seconds
173.971: [CMS-concurrent-abortable-preclean: 0.000/0.194 secs] [Times: user=1.38 sys=0.01, real=0.20 secs] 
173.989: [GC173.989: [ParNew: 5985K->5985K(6144K), 0.0000130 secs]173.989: [CMS (concurrent mode failure): 12725K->2885K(15744K), 0.0059780 secs] 18711K->2885K(21888K), [CMS Perm : 5141K->5141K(21248K)], 0.0060300 secs] [Times: user=0.01 sys=0.00, real=0.00 secs] 
173.995: Total time for which application threads were stopped: 0.0465740 seconds, Stopping threads took: 0.0404830 seconds
173.996: Application time: 0.0012610 seconds
174.049: [GC174.049: [ParNew: 5485K->598K(6144K), 0.0015340 secs] 8371K->7793K(21888K), 0.0015640 secs] [Times: user=0.01 sys=0.00, real=0.00 secs] 
174.051: Total time for which application threads were stopped: 0.0542770 seconds, Stopping threads took: 0.0526590 seconds
174.051: Application time: 0.0001010 seconds
174.051: [GC [1 CMS-initial-mark: 7195K(15744K)] 8973K(21888K), 0.0000970 secs] [Times: user=0.00 sys=0.00, real=0.00 secs] 
174.051: Total time for which application threads were stopped: 0.0002800 seconds, Stopping threads took: 0.0001580 seconds
174.051: [CMS-concurrent-mark-start]
174.055: [CMS-concurrent-mark: 0.004/0.004 secs] [Times: user=0.01 sys=0.00, real=0.00 secs] 
174.055: [CMS-concurrent-preclean-start]
174.055: [CMS-concurrent-preclean: 0.000/0.000 secs] [Times: user=0.00 sys=0.00, real=0.00 secs] 
174.055: [CMS-concurrent-abortable-preclean-start]
174.137: Application time: 0.0865190 seconds
174.180: [GC174.180: [ParNew: 5790K->404K(6144K), 0.0005580 secs] 12985K->7600K(21888K), 0.0005920 secs] [Times: user=0.00 sys=0.00, real=0.00 secs] 
174.181: Total time for which application threads were stopped: 0.0430910 seconds, Stopping threads took: 0.0424180 seconds
174.181: Application time: 0.0005240 seconds
174.182: [GC174.182: [ParNew: 5888K->600K(6144K), 0.0017920 secs] 13084K->13073K(21888K), 0.0018270 secs] [Times: user=0.01 sys=0.00, real=0.00 secs] 
174.183: Total time for which application threads were stopped: 0.0023330 seconds, Stopping threads took: 0.0004430 seconds
174.261: Application time: 0.0772430 seconds
174.284: [CMS-concurrent-abortable-preclean: 0.000/0.229 secs] [Times: user=1.45 sys=0.05, real=0.23 secs] 
174.302: [GC174.302: [ParNew: 5987K->5987K(6144K), 0.0000130 secs]174.302: [CMS (concurrent mode failure): 12473K->2885K(15744K), 0.0060130 secs] 18461K->2885K(21888K), [CMS Perm : 5141K->5141K(21248K)], 0.0060690 secs] [Times: user=0.00 sys=0.00, real=0.01 secs] 
174.308: Total time for which application threads were stopped: 0.0469470 seconds, Stopping threads took: 0.0407950 seconds
174.309: Application time: 0.0009530 seconds
174.361: [GC174.361: [ParNew: 5485K->602K(6144K), 0.0015890 secs] 8371K->7796K(21888K), 0.0016250 secs] [Times: user=0.01 sys=0.00, real=0.00 secs] 
174.363: Total time for which application threads were stopped: 0.0543600 seconds, Stopping threads took: 0.0526570 seconds
174.363: Application time: 0.0000470 seconds
174.363: [GC [1 CMS-initial-mark: 7194K(15744K)] 8291K(21888K), 0.0001010 secs] [Times: user=0.00 sys=0.00, real=0.00 secs] 
174.363: Total time for which application threads were stopped: 0.0003670 seconds, Stopping threads took: 0.0002210 seconds
174.363: [CMS-concurrent-mark-start]
174.366: [CMS-concurrent-mark: 0.003/0.003 secs] [Times: user=0.01 sys=0.00, real=0.00 secs] 
174.366: [CMS-concurrent-preclean-start]
174.366: [CMS-concurrent-preclean: 0.000/0.000 secs] [Times: user=0.00 sys=0.00, real=0.00 secs] 
174.366: [CMS-concurrent-abortable-preclean-start]
174.449: Application time: 0.0859590 seconds
174.491: [GC174.491: [ParNew: 5990K->598K(6144K), 0.0005110 secs] 13184K->7793K(21888K), 0.0005450 secs] [Times: user=0.00 sys=0.01, real=0.00 secs] 
174.491: Total time for which application threads were stopped: 0.0417810 seconds, Stopping threads took: 0.0411550 seconds
174.492: Application time: 0.0006850 seconds
174.492: [GC174.492: [ParNew: 6064K->530K(6144K), 0.0018110 secs] 13259K->13197K(21888K), 0.0018450 secs] [Times: user=0.01 sys=0.00, real=0.00 secs] 
174.494: Total time for which application threads were stopped: 0.0023180 seconds, Stopping threads took: 0.0004170 seconds
174.573: Application time: 0.0786610 seconds
174.594: [CMS-concurrent-abortable-preclean: 0.000/0.228 secs] [Times: user=1.45 sys=0.04, real=0.23 secs] 
174.618: [GC174.618: [ParNew: 6020K->6020K(6144K), 0.0000140 secs]174.618: [CMS (concurrent mode failure): 12666K->1909K(15744K), 0.0065720 secs] 18687K->1909K(21888K), [CMS Perm : 5141K->5141K(21248K)], 0.0066270 secs] [Times: user=0.01 sys=0.00, real=0.01 secs] 
174.625: Total time for which application threads were stopped: 0.0517730 seconds, Stopping threads took: 0.0450700 seconds
174.625: Application time: 0.0008660 seconds
174.626: [GC174.626: [ParNew: 5440K->638K(6144K), 0.0014930 secs] 7349K->7347K(21888K), 0.0015200 secs] [Times: user=0.01 sys=0.00, real=0.00 secs] 
174.627: Total time for which application threads were stopped: 0.0019570 seconds, Stopping threads took: 0.0003630 seconds
174.627: Application time: 0.0000330 seconds
174.628: [GC [1 CMS-initial-mark: 6709K(15744K)] 7935K(21888K), 0.0001060 secs] [Times: user=0.00 sys=0.00, real=0.00 secs] 
174.628: Total time for which application threads were stopped: 0.0004260 seconds, Stopping threads took: 0.0002940 seconds
174.628: [CMS-concurrent-mark-start]
174.632: [CMS-concurrent-mark: 0.004/0.004 secs] [Times: user=0.02 sys=0.00, real=0.00 secs] 
174.632: [CMS-concurrent-preclean-start]
174.632: [CMS-concurrent-preclean: 0.000/0.000 secs] [Times: user=0.00 sys=0.00, real=0.00 secs] 
174.632: [CMS-concurrent-abortable-preclean-start]
174.721: Application time: 0.0933330 seconds
174.778: [GC174.778: [ParNew: 5830K->400K(6144K), 0.0003660 secs] 12539K->7149K(21888K), 0.0004020 secs] [Times: user=0.00 sys=0.00, real=0.00 secs] 
174.779: Total time for which application threads were stopped: 0.0573910 seconds, Stopping threads took: 0.0569120 seconds
174.779: Application time: 0.0005190 seconds
174.779: [GC174.779: [ParNew: 5886K->600K(6144K), 0.0016140 secs] 12634K->12622K(21888K), 0.0016500 secs] [Times: user=0.01 sys=0.00, real=0.01 secs] 
174.781: Total time for which application threads were stopped: 0.0019570 seconds, Stopping threads took: 0.0002530 seconds
174.859: Application time: 0.0782140 seconds
174.881: [CMS-concurrent-abortable-preclean: 0.000/0.249 secs] [Times: user=1.56 sys=0.05, real=0.25 secs] 
174.899: [GC174.899: [ParNew: 5987K->5987K(6144K), 0.0000140 secs]174.899: [CMS (concurrent mode failure): 12022K->2886K(15744K), 0.0055810 secs] 18009K->2886K(21888K), [CMS Perm : 5141K->5141K(21248K)], 0.0056420 secs] [Times: user=0.01 sys=0.00, real=0.01 secs] 
174.905: Total time for which application threads were stopped: 0.0456120 seconds, Stopping threads took: 0.0399050 seconds
174.906: Application time: 0.0010490 seconds
174.946: [GC174.946: [ParNew: 5485K->596K(6144K), 0.0017210 secs] 8371K->8086K(21888K), 0.0017490 secs] [Times: user=0.00 sys=0.00, real=0.01 secs] 
174.948: Total time for which application threads were stopped: 0.0415690 seconds, Stopping threads took: 0.0397630 seconds
174.948: Application time: 0.0000610 seconds
174.988: [GC [1 CMS-initial-mark: 7490K(15744K)] 8776K(21888K), 0.0001040 secs] [Times: user=0.00 sys=0.00, real=0.00 secs] 
174.988: Total time for which application threads were stopped: 0.0400640 seconds, Stopping threads took: 0.0399150 seconds
174.988: [CMS-concurrent-mark-start]
174.991: [CMS-concurrent-mark: 0.004/0.004 secs] [Times: user=0.03 sys=0.00, real=0.00 secs] 
174.992: [CMS-concurrent-preclean-start]
174.992: [CMS-concurrent-preclean: 0.000/0.000 secs] [Times: user=0.00 sys=0.00, real=0.00 secs] 
174.992: [CMS-concurrent-abortable-preclean-start]
175.082: Application time: 0.0941860 seconds
175.118: [GC175.118: [ParNew: 6062K->630K(6144K), 0.0003700 secs] 13552K->8120K(21888K), 0.0004020 secs] [Times: user=0.00 sys=0.00, real=0.00 secs] 
175.119: Total time for which application threads were stopped: 0.0367990 seconds, Stopping threads took: 0.0363090 seconds
175.119: Application time: 0.0007590 seconds
175.175: [GC175.175: [ParNew: 6113K->598K(6144K), 0.0016560 secs] 13604K->11439K(21888K), 0.0016960 secs] [Times: user=0.01 sys=0.00, real=0.00 secs] 
175.177: Total time for which application threads were stopped: 0.0574970 seconds, Stopping threads took: 0.0557210 seconds
175.254: Application time: 0.0766090 seconds
175.258: [GC175.258: [ParNew: 6083K->6083K(6144K), 0.0000160 secs]175.258: [CMS175.258: [CMS-concurrent-abortable-preclean: 0.000/0.266 secs] [Times: user=1.58 sys=0.04, real=0.26 secs] 
 (concurrent mode failure): 10841K->2104K(15744K), 0.0058130 secs] 16925K->2104K(21888K), [CMS Perm : 5141K->5141K(21248K)], 0.0058800 secs] [Times: user=0.00 sys=0.00, real=0.01 secs] 
175.263: Total time for which application threads were stopped: 0.0099590 seconds, Stopping threads took: 0.0039880 seconds
175.264: Application time: 0.0009280 seconds
175.305: [GC175.305: [ParNew: 5388K->602K(6144K), 0.0015990 secs] 7492K->7213K(21888K), 0.0016280 secs] [Times: user=0.01 sys=0.00, real=0.00 secs] 
175.306: Total time for which application threads were stopped: 0.0417540 seconds, Stopping threads took: 0.0400750 seconds
175.306: Application time: 0.0000560 seconds
175.307: [GC [1 CMS-initial-mark: 6611K(15744K)] 7604K(21888K), 0.0001080 secs] [Times: user=0.00 sys=0.00, real=0.00 secs] 
175.307: Total time for which application threads were stopped: 0.0005410 seconds, Stopping threads took: 0.0004070 seconds
175.307: [CMS-concurrent-mark-start]
175.310: [CMS-concurrent-mark: 0.003/0.003 secs] [Times: user=0.01 sys=0.00, real=0.01 secs] 
175.310: [CMS-concurrent-preclean-start]
175.310: [CMS-concurrent-preclean: 0.000/0.000 secs] [Times: user=0.00 sys=0.00, real=0.00 secs] 
175.310: [CMS-concurrent-abortable-preclean-start]
175.394: Application time: 0.0877070 seconds
175.453: [GC175.453: [ParNew: 5989K->398K(6144K), 0.0003900 secs] 12601K->7401K(21888K), 0.0004260 secs] [Times: user=0.00 sys=0.00, real=0.00 secs] 
175.453: Total time for which application threads were stopped: 0.0585310 seconds, Stopping threads took: 0.0580260 seconds
175.454: Application time: 0.0007380 seconds
175.494: [GC175.494: [ParNew: 5865K->630K(6144K), 0.0014230 secs] 12867K->12127K(21888K), 0.0014600 secs] [Times: user=0.01 sys=0.00, real=0.00 secs] 
175.495: Total time for which application threads were stopped: 0.0414580 seconds, Stopping threads took: 0.0399230 seconds
175.572: Application time: 0.0770680 seconds
175.595: [CMS-concurrent-abortable-preclean: 0.000/0.285 secs] [Times: user=1.57 sys=0.06, real=0.28 secs] 
175.614: [GC175.614: [ParNew: 6017K->6017K(6144K), 0.0000120 secs]175.614: [CMS (concurrent mode failure): 11497K->2104K(15744K), 0.0058950 secs] 17515K->2104K(21888K), [CMS Perm : 5141K->5141K(21248K)], 0.0059510 secs] [Times: user=0.01 sys=0.00, real=0.01 secs] 
175.620: Total time for which application threads were stopped: 0.0476390 seconds, Stopping threads took: 0.0416180 seconds
175.621: Application time: 0.0009460 seconds
175.621: [GC175.621: [ParNew: 5466K->630K(6144K), 0.0014450 secs] 7571K->7536K(21888K), 0.0014810 secs] [Times: user=0.01 sys=0.00, real=0.00 secs] 
175.623: Total time for which application threads were stopped: 0.0018580 seconds, Stopping threads took: 0.0003170 seconds
175.623: Application time: 0.0001140 seconds
175.663: [GC [1 CMS-initial-mark: 6906K(15744K)] 9013K(21888K), 0.0000920 secs] [Times: user=0.00 sys=0.00, real=0.00 secs] 
175.663: Total time for which application threads were stopped: 0.0400810 seconds, Stopping threads took: 0.0399440 seconds
175.663: [CMS-concurrent-mark-start]
175.666: [CMS-concurrent-mark: 0.003/0.003 secs] [Times: user=0.01 sys=0.00, real=0.00 secs] 
175.666: [CMS-concurrent-preclean-start]
175.667: [CMS-concurrent-preclean: 0.000/0.000 secs] [Times: user=0.00 sys=0.00, real=0.00 secs] 
175.667: [CMS-concurrent-abortable-preclean-start]
175.741: Application time: 0.0783030 seconds
175.748: [GC175.748: [ParNew: 6115K->600K(6144K), 0.0007490 secs] 13022K->8903K(21888K), 0.0007840 secs] [Times: user=0.00 sys=0.00, real=0.00 secs] 
175.749: Total time for which application threads were stopped: 0.0074790 seconds, Stopping threads took: 0.0066360 seconds
175.749: Application time: 0.0007470 seconds
175.802: [GC175.802: [ParNew: 6085K->602K(6144K), 0.0016400 secs] 14388K->13397K(21888K), 0.0016710 secs] [Times: user=0.01 sys=0.00, real=0.00 secs] 
175.804: Total time for which application threads were stopped: 0.0541220 seconds, Stopping threads took: 0.0523770 seconds
175.882: Application time: 0.0786930 seconds
175.904: [CMS-concurrent-abortable-preclean: 0.000/0.237 secs] [Times: user=1.42 sys=0.06, real=0.24 secs] 
175.922: [GC175.922: [ParNew: 5990K->5990K(6144K), 0.0000120 secs]175.923: [CMS (concurrent mode failure): 12795K->2300K(15744K), 0.0059300 secs] 18785K->2300K(21888K), [CMS Perm : 5141K->5141K(21248K)], 0.0059860 secs] [Times: user=0.00 sys=0.00, real=0.01 secs] 
175.928: Total time for which application threads were stopped: 0.0462180 seconds, Stopping threads took: 0.0401600 seconds
175.930: Application time: 0.0010620 seconds
175.970: [GC175.970: [ParNew: 5368K->532K(6144K), 0.0016140 secs] 7668K->7339K(21888K), 0.0016430 secs] [Times: user=0.01 sys=0.00, real=0.00 secs] 
175.971: Total time for which application threads were stopped: 0.0416350 seconds, Stopping threads took: 0.0399190 seconds
175.971: Application time: 0.0000510 seconds
175.971: [GC [1 CMS-initial-mark: 6806K(15744K)] 7927K(21888K), 0.0001050 secs] [Times: user=0.00 sys=0.00, real=0.00 secs] 
175.971: Total time for which application threads were stopped: 0.0002060 seconds, Stopping threads took: 0.0000760 seconds
175.971: [CMS-concurrent-mark-start]
175.975: [CMS-concurrent-mark: 0.003/0.003 secs] [Times: user=0.01 sys=0.00, real=0.00 secs] 
175.975: [CMS-concurrent-preclean-start]
175.975: [CMS-concurrent-preclean: 0.000/0.000 secs] [Times: user=0.00 sys=0.00, real=0.00 secs] 
175.975: [CMS-concurrent-abortable-preclean-start]
176.059: Application time: 0.0878860 seconds
176.104: [GC176.104: [ParNew: 6017K->600K(6144K), 0.0004470 secs] 12824K->7828K(21888K), 0.0004760 secs] [Times: user=0.00 sys=0.00, real=0.00 secs] 
176.104: Total time for which application threads were stopped: 0.0451010 seconds, Stopping threads took: 0.0445650 seconds
176.105: Application time: 0.0007260 seconds
176.157: [GC176.157: [ParNew: 5871K->630K(6144K), 0.0017110 secs] 13100K->12351K(21888K), 0.0017540 secs] [Times: user=0.01 sys=0.00, real=0.00 secs] 
176.159: Total time for which application threads were stopped: 0.0535350 seconds, Stopping threads took: 0.0517100 seconds
176.236: Application time: 0.0772980 seconds
176.239: [GC176.239: [ParNew: 6115K->6115K(6144K), 0.0000130 secs]176.239: [CMS176.239: [CMS-concurrent-abortable-preclean: 0.000/0.264 secs] [Times: user=1.50 sys=0.06, real=0.26 secs] 
 (concurrent mode failure): 11721K->3276K(15744K), 0.0053010 secs] 17836K->3276K(21888K), [CMS Perm : 5141K->5141K(21248K)], 0.0053650 secs] [Times: user=0.01 sys=0.00, real=0.01 secs] 
176.244: Total time for which application threads were stopped: 0.0081970 seconds, Stopping threads took: 0.0027640 seconds
176.245: Application time: 0.0011520 seconds
176.301: [GC176.301: [ParNew: 5466K->626K(6144K), 0.0013490 secs] 8743K->7231K(21888K), 0.0013900 secs] [Times: user=0.01 sys=0.00, real=0.00 secs] 
176.302: Total time for which application threads were stopped: 0.0569580 seconds, Stopping threads took: 0.0555130 seconds
176.302: Application time: 0.0000700 seconds
176.342: [GC [1 CMS-initial-mark: 6605K(15744K)] 7923K(21888K), 0.0000940 secs] [Times: user=0.00 sys=0.00, real=0.00 secs] 
176.343: Total time for which application threads were stopped: 0.0401320 seconds, Stopping threads took: 0.0400040 seconds
176.343: [CMS-concurrent-mark-start]
176.346: [CMS-concurrent-mark: 0.004/0.004 secs] [Times: user=0.01 sys=0.00, real=0.00 secs] 
176.346: [CMS-concurrent-preclean-start]
176.346: [CMS-concurrent-preclean: 0.000/0.000 secs] [Times: user=0.00 sys=0.00, real=0.00 secs] 
176.346: [CMS-concurrent-abortable-preclean-start]
176.347: Application time: 0.0042170 seconds
176.420: [GC176.420: [ParNew: 6111K->596K(6144K), 0.0005340 secs] 12717K->7627K(21888K), 0.0005620 secs] [Times: user=0.01 sys=0.00, real=0.00 secs] 
176.420: Total time for which application threads were stopped: 0.0736710 seconds, Stopping threads took: 0.0730540 seconds
176.421: Application time: 0.0007460 seconds
176.472: [GC176.473: [ParNew: 6062K->630K(6144K), 0.0014440 secs] 13093K->12351K(21888K), 0.0014770 secs] [Times: user=0.01 sys=0.00, real=0.00 secs] 
176.474: Total time for which application threads were stopped: 0.0528310 seconds, Stopping threads took: 0.0513000 seconds
176.552: Application time: 0.0776240 seconds
176.553: [GC176.553: [ParNew: 6018K->6018K(6144K), 0.0000120 secs]176.553: [CMS176.553: [CMS-concurrent-abortable-preclean: 0.000/0.207 secs] [Times: user=1.18 sys=0.06, real=0.21 secs] 
 (concurrent mode failure): 11721K->3374K(15744K), 0.0060540 secs] 17739K->3374K(21888K), [CMS Perm : 5141K->5141K(21248K)], 0.0061220 secs] [Times: user=0.01 sys=0.00, real=0.01 secs] 
176.559: Total time for which application threads were stopped: 0.0078440 seconds, Stopping threads took: 0.0016140 seconds
176.561: Application time: 0.0012000 seconds
176.600: [GC176.600: [ParNew: 5466K->628K(6144K), 0.0016010 secs] 8840K->8507K(21888K), 0.0016330 secs] [Times: user=0.01 sys=0.00, real=0.00 secs] 
176.602: Total time for which application threads were stopped: 0.0413090 seconds, Stopping threads took: 0.0396200 seconds
176.602: Application time: 0.0000400 seconds
176.642: [GC [1 CMS-initial-mark: 7879K(15744K)] 8900K(21888K), 0.0000900 secs] [Times: user=0.00 sys=0.00, real=0.00 secs] 
176.642: Total time for which application threads were stopped: 0.0398980 seconds, Stopping threads took: 0.0397840 seconds
176.642: [CMS-concurrent-mark-start]
176.645: [CMS-concurrent-mark: 0.003/0.003 secs] [Times: user=0.02 sys=0.00, real=0.00 secs] 
176.645: [CMS-concurrent-preclean-start]
176.645: [CMS-concurrent-preclean: 0.000/0.000 secs] [Times: user=0.00 sys=0.00, real=0.00 secs] 
176.645: [CMS-concurrent-abortable-preclean-start]
176.729: Application time: 0.0868690 seconds
176.778: [GC176.778: [ParNew: 6113K->12K(6144K), 0.0018200 secs] 13993K->7924K(21888K), 0.0018580 secs] [Times: user=0.00 sys=0.00, real=0.01 secs] 
176.779: Total time for which application threads were stopped: 0.0506850 seconds, Stopping threads took: 0.0487650 seconds
176.780: Application time: 0.0004350 seconds
176.780: [GC176.780: [ParNew: 5497K->602K(6144K), 0.0017990 secs] 13410K->13397K(21888K), 0.0018310 secs] [Times: user=0.01 sys=0.00, real=0.00 secs] 
176.782: Total time for which application threads were stopped: 0.0022510 seconds, Stopping threads took: 0.0003460 seconds
176.860: Application time: 0.0777890 seconds
176.861: [GC176.861: [ParNew: 5989K->5989K(6144K), 0.0000130 secs]176.861: [CMS176.861: [CMS-concurrent-abortable-preclean: 0.000/0.216 secs] [Times: user=1.42 sys=0.03, real=0.22 secs] 
 (concurrent mode failure): 12795K->3570K(15744K), 0.0053630 secs] 18785K->3570K(21888K), [CMS Perm : 5141K->5141K(21248K)], 0.0054300 secs] [Times: user=0.01 sys=0.00, real=0.00 secs] 
176.867: Total time for which application threads were stopped: 0.0069020 seconds, Stopping threads took: 0.0013720 seconds
176.868: Application time: 0.0012010 seconds
176.921: [GC176.921: [ParNew: 5485K->598K(6144K), 0.0015600 secs] 9055K->8770K(21888K), 0.0015940 secs] [Times: user=0.02 sys=0.00, real=0.00 secs] 
176.923: Total time for which application threads were stopped: 0.0548010 seconds, Stopping threads took: 0.0531500 seconds
176.923: Application time: 0.0001880 seconds
176.992: [GC [1 CMS-initial-mark: 8172K(15744K)] 9271K(21888K), 0.0001090 secs] [Times: user=0.00 sys=0.00, real=0.00 secs] 
176.992: Total time for which application threads were stopped: 0.0689880 seconds, Stopping threads took: 0.0688500 seconds
176.992: [CMS-concurrent-mark-start]
176.999: [CMS-concurrent-mark: 0.007/0.007 secs] [Times: user=0.03 sys=0.00, real=0.00 secs] 
176.999: [CMS-concurrent-preclean-start]
176.999: [CMS-concurrent-preclean: 0.000/0.000 secs] [Times: user=0.00 sys=0.00, real=0.00 secs] 
176.999: [CMS-concurrent-abortable-preclean-start]
176.999: Application time: 0.0070940 seconds
177.070: [GC177.070: [ParNew: 5986K->209K(6144K), 0.0004750 secs] 14158K->8382K(21888K), 0.0005060 secs] [Times: user=0.00 sys=0.00, real=0.00 secs] 
177.071: Total time for which application threads were stopped: 0.0713880 seconds, Stopping threads took: 0.0708180 seconds
177.071: Application time: 0.0004010 seconds
177.071: [GC177.071: [ParNew: 5695K->602K(6144K), 0.0015830 secs] 13868K->13857K(21888K), 0.0016150 secs] [Times: user=0.01 sys=0.00, real=0.00 secs] 
177.073: Total time for which application threads were stopped: 0.0019830 seconds, Stopping threads took: 0.0003160 seconds
177.152: Application time: 0.0787000 seconds
177.173: [CMS-concurrent-abortable-preclean: 0.000/0.174 secs] [Times: user=1.22 sys=0.05, real=0.18 secs] 
177.192: [GC177.192: [ParNew: 6095K->6095K(6144K), 0.0000140 secs]177.192: [CMS (concurrent mode failure): 13255K->2772K(15744K), 0.0067320 secs] 19350K->2772K(21888K), [CMS Perm : 5141K->5141K(21248K)], 0.0067890 secs] [Times: user=0.01 sys=0.00, real=0.00 secs] 
177.199: Total time for which application threads were stopped: 0.0474450 seconds, Stopping threads took: 0.0405740 seconds
177.200: Application time: 0.0011700 seconds
177.253: [GC177.253: [ParNew: 5455K->626K(6144K), 0.0016200 secs] 8228K->8198K(21888K), 0.0016510 secs] [Times: user=0.01 sys=0.00, real=0.00 secs] 
177.254: Total time for which application threads were stopped: 0.0539910 seconds, Stopping threads took: 0.0522670 seconds
177.254: Application time: 0.0000530 seconds
177.254: [GC [1 CMS-initial-mark: 7572K(15744K)] 8693K(21888K), 0.0000970 secs] [Times: user=0.00 sys=0.00, real=0.00 secs] 
177.255: Total time for which application threads were stopped: 0.0002890 seconds, Stopping threads took: 0.0001560 seconds
177.255: [CMS-concurrent-mark-start]
177.261: [CMS-concurrent-mark: 0.007/0.007 secs] [Times: user=0.04 sys=0.00, real=0.01 secs] 
177.261: [CMS-concurrent-preclean-start]
177.262: [CMS-concurrent-preclean: 0.000/0.000 secs] [Times: user=0.00 sys=0.00, real=0.00 secs] 
177.262: [CMS-concurrent-abortable-preclean-start]
177.343: Application time: 0.0884040 seconds
177.398: [GC177.398: [ParNew: 6013K->402K(6144K), 0.0004310 secs] 13586K->8004K(21888K), 0.0004680 secs] [Times: user=0.00 sys=0.00, real=0.00 secs] 
177.398: Total time for which application threads were stopped: 0.0551460 seconds, Stopping threads took: 0.0546130 seconds
177.399: Application time: 0.0006010 seconds
177.399: [GC177.399: [ParNew: 5888K->600K(6144K), 0.0015360 secs] 13489K->13477K(21888K), 0.0015680 secs] [Times: user=0.01 sys=0.00, real=0.01 secs] 
177.401: Total time for which application threads were stopped: 0.0018540 seconds, Stopping threads took: 0.0002350 seconds
177.479: Application time: 0.0782560 seconds
177.479: [GC177.479: [ParNew: 6085K->6085K(6144K), 0.0000150 secs]177.479: [CMS177.479: [CMS-concurrent-abortable-preclean: 0.000/0.218 secs] [Times: user=1.45 sys=0.04, real=0.21 secs] 
 (concurrent mode failure): 12877K->4058K(15744K), 0.0070370 secs] 18962K->4058K(21888K), [CMS Perm : 5141K->5141K(21248K)], 0.0071050 secs] [Times: user=0.01 sys=0.00, real=0.01 secs] 
177.486: Total time for which application threads were stopped: 0.0075030 seconds, Stopping threads took: 0.0003270 seconds
177.488: Application time: 0.0014400 seconds
177.562: [GC177.562: [ParNew: 5466K->532K(6144K), 0.0012600 secs] 9524K->7919K(21888K), 0.0012920 secs] [Times: user=0.01 sys=0.00, real=0.00 secs] 
177.563: Total time for which application threads were stopped: 0.0752300 seconds, Stopping threads took: 0.0738820 seconds
177.563: Application time: 0.0000920 seconds
177.603: [GC [1 CMS-initial-mark: 7386K(15744K)] 8322K(21888K), 0.0001290 secs] [Times: user=0.00 sys=0.00, real=0.00 secs] 
177.603: Total time for which application threads were stopped: 0.0398890 seconds, Stopping threads took: 0.0397340 seconds
177.603: [CMS-concurrent-mark-start]
177.607: [CMS-concurrent-mark: 0.004/0.004 secs] [Times: user=0.01 sys=0.00, real=0.00 secs] 
177.607: [CMS-concurrent-preclean-start]
177.607: [CMS-concurrent-preclean: 0.000/0.000 secs] [Times: user=0.00 sys=0.00, real=0.00 secs] 
177.607: [CMS-concurrent-abortable-preclean-start]
177.607: Application time: 0.0042060 seconds
177.681: [GC177.681: [ParNew: 5979K->634K(6144K), 0.0008600 secs] 13366K->9056K(21888K), 0.0008940 secs] [Times: user=0.00 sys=0.00, real=0.00 secs] 
177.682: Total time for which application threads were stopped: 0.0744540 seconds, Stopping threads took: 0.0735020 seconds
177.683: Application time: 0.0008110 seconds
177.736: [GC177.736: [ParNew: 6119K->602K(6144K), 0.0016370 secs] 14542K->13356K(21888K), 0.0016730 secs] [Times: user=0.01 sys=0.00, real=0.00 secs] 
177.738: Total time for which application threads were stopped: 0.0552550 seconds, Stopping threads took: 0.0535040 seconds
177.815: Application time: 0.0777460 seconds
177.818: [GC177.818: [ParNew: 6087K->6087K(6144K), 0.0000120 secs]177.818: [CMS177.818: [CMS-concurrent-abortable-preclean: 0.000/0.212 secs] [Times: user=1.23 sys=0.07, real=0.21 secs] 
 (concurrent mode failure): 12754K->3081K(15744K), 0.0054370 secs] 18842K->3081K(21888K), [CMS Perm : 5141K->5141K(21248K)], 0.0054990 secs] [Times: user=0.00 sys=0.00, real=0.01 secs] 
177.824: Total time for which application threads were stopped: 0.0084290 seconds, Stopping threads took: 0.0028400 seconds
177.825: Application time: 0.0011850 seconds
177.895: [GC177.895: [ParNew: 5483K->600K(6144K), 0.0012120 secs] 8565K->6032K(21888K), 0.0012420 secs] [Times: user=0.00 sys=0.00, real=0.00 secs] 
177.896: Total time for which application threads were stopped: 0.0707620 seconds, Stopping threads took: 0.0694480 seconds
177.896: Application time: 0.0000390 seconds
177.896: [GC [1 CMS-initial-mark: 5431K(15744K)] 6131K(21888K), 0.0000910 secs] [Times: user=0.00 sys=0.00, real=0.00 secs] 
177.896: Total time for which application threads were stopped: 0.0003380 seconds, Stopping threads took: 0.0002270 seconds
177.896: [CMS-concurrent-mark-start]
177.903: [CMS-concurrent-mark: 0.006/0.006 secs] [Times: user=0.03 sys=0.00, real=0.01 secs] 
177.903: [CMS-concurrent-preclean-start]
177.903: [CMS-concurrent-preclean: 0.000/0.000 secs] [Times: user=0.00 sys=0.00, real=0.00 secs] 
177.903: [CMS-concurrent-abortable-preclean-start]
177.912: Application time: 0.0158380 seconds
177.975: [GC177.975: [ParNew: 5988K->404K(6144K), 0.0004330 secs] 11420K->6229K(21888K), 0.0004700 secs] [Times: user=0.00 sys=0.00, real=0.00 secs] 
177.975: Total time for which application threads were stopped: 0.0630800 seconds, Stopping threads took: 0.0625190 seconds
177.976: Application time: 0.0004510 seconds
178.016: [GC178.016: [ParNew: 5792K->602K(6144K), 0.0014360 secs] 11618K->10925K(21888K), 0.0014710 secs] [Times: user=0.01 sys=0.00, real=0.00 secs] 
178.017: Total time for which application threads were stopped: 0.0416640 seconds, Stopping threads took: 0.0401150 seconds
178.094: Application time: 0.0771200 seconds
178.118: [CMS-concurrent-abortable-preclean: 0.000/0.215 secs] [Times: user=1.24 sys=0.09, real=0.21 secs] 
178.136: [GC178.136: [ParNew: 5989K->5989K(6144K), 0.0000130 secs]178.136: [CMS (concurrent mode failure): 10323K->2105K(15744K), 0.0059390 secs] 16313K->2105K(21888K), [CMS Perm : 5141K->5141K(21248K)], 0.0059960 secs] [Times: user=0.01 sys=0.00, real=0.01 secs] 
178.142: Total time for which application threads were stopped: 0.0475980 seconds, Stopping threads took: 0.0415380 seconds
178.143: Application time: 0.0009220 seconds
178.143: [GC178.143: [ParNew: 5386K->500K(6144K), 0.0014940 secs] 7491K->7503K(21888K), 0.0015230 secs] [Times: user=0.01 sys=0.00, real=0.00 secs] 
178.145: Total time for which application threads were stopped: 0.0018610 seconds, Stopping threads took: 0.0002860 seconds
178.145: Application time: 0.0000580 seconds
178.185: [GC [1 CMS-initial-mark: 7003K(15744K)] 8195K(21888K), 0.0001080 secs] [Times: user=0.00 sys=0.00, real=0.00 secs] 
178.185: Total time for which application threads were stopped: 0.0405790 seconds, Stopping threads took: 0.0404450 seconds
178.185: [CMS-concurrent-mark-start]
178.189: [CMS-concurrent-mark: 0.004/0.004 secs] [Times: user=0.02 sys=0.00, real=0.01 secs] 
178.189: [CMS-concurrent-preclean-start]
178.189: [CMS-concurrent-preclean: 0.000/0.000 secs] [Times: user=0.00 sys=0.00, real=0.00 secs] 
178.189: [CMS-concurrent-abortable-preclean-start]
178.278: Application time: 0.0921960 seconds
178.321: [GC178.321: [ParNew: 5966K->630K(6144K), 0.0004330 secs] 12969K->7829K(21888K), 0.0004670 secs] [Times: user=0.00 sys=0.00, real=0.00 secs] 
178.322: Total time for which application threads were stopped: 0.0439890 seconds, Stopping threads took: 0.0434480 seconds
178.322: Application time: 0.0006150 seconds
178.323: [GC178.323: [ParNew: 6096K->630K(6144K), 0.0016920 secs] 13295K->13231K(21888K), 0.0017260 secs] [Times: user=0.01 sys=0.00, real=0.00 secs] 
178.324: Total time for which application threads were stopped: 0.0020780 seconds, Stopping threads took: 0.0002950 seconds
178.403: Application time: 0.0783680 seconds
178.425: [CMS-concurrent-abortable-preclean: 0.000/0.235 secs] [Times: user=1.48 sys=0.05, real=0.23 secs] 
178.443: [GC178.443: [ParNew: 5998K->5998K(6144K), 0.0000130 secs]178.443: [CMS (concurrent mode failure): 12600K->3082K(15744K), 0.0054000 secs] 18599K->3082K(21888K), [CMS Perm : 5141K->5141K(21248K)], 0.0054550 secs] [Times: user=0.00 sys=0.00, real=0.01 secs] 
178.448: Total time for which application threads were stopped: 0.0455040 seconds, Stopping threads took: 0.0399850 seconds
178.449: Application time: 0.0011170 seconds
178.489: [GC178.489: [ParNew: 5387K->598K(6144K), 0.0014600 secs] 8470K->7892K(21888K), 0.0014890 secs] [Times: user=0.01 sys=0.01, real=0.00 secs] 
178.491: Total time for which application threads were stopped: 0.0413400 seconds, Stopping threads took: 0.0397900 seconds
178.491: Application time: 0.0000600 seconds
178.491: [GC [1 CMS-initial-mark: 7293K(15744K)] 8972K(21888K), 0.0000880 secs] [Times: user=0.00 sys=0.00, real=0.00 secs] 
178.491: Total time for which application threads were stopped: 0.0001700 seconds, Stopping threads took: 0.0000600 seconds
178.491: [CMS-concurrent-mark-start]
178.494: [CMS-concurrent-mark: 0.003/0.003 secs] [Times: user=0.01 sys=0.00, real=0.00 secs] 
178.494: [CMS-concurrent-preclean-start]
178.494: [CMS-concurrent-preclean: 0.000/0.000 secs] [Times: user=0.00 sys=0.00, real=0.00 secs] 
178.494: [CMS-concurrent-abortable-preclean-start]
178.576: Application time: 0.0847630 seconds
178.615: [GC178.615: [ParNew: 6083K->596K(6144K), 0.0004980 secs] 13377K->8087K(21888K), 0.0005280 secs] [Times: user=0.00 sys=0.00, real=0.00 secs] 
178.616: Total time for which application threads were stopped: 0.0398400 seconds, Stopping threads took: 0.0392390 seconds
178.616: Application time: 0.0006350 seconds
178.617: [GC178.617: [ParNew: 6077K->598K(6144K), 0.0016830 secs] 13569K->13560K(21888K), 0.0017180 secs] [Times: user=0.01 sys=0.00, real=0.00 secs] 
178.618: Total time for which application threads were stopped: 0.0021130 seconds, Stopping threads took: 0.0003170 seconds
178.696: Application time: 0.0781440 seconds
178.699: [GC178.699: [ParNew: 5770K->5770K(6144K), 0.0000130 secs]178.699: [CMS178.699: [CMS-concurrent-abortable-preclean: 0.000/0.205 secs] [Times: user=1.40 sys=0.01, real=0.20 secs] 
 (concurrent mode failure): 12962K->4058K(15744K), 0.0055010 secs] 18733K->4058K(21888K), [CMS Perm : 5141K->5141K(21248K)], 0.0055760 secs] [Times: user=0.01 sys=0.00, real=0.01 secs] 
178.705: Total time for which application threads were stopped: 0.0082980 seconds, Stopping threads took: 0.0026310 seconds
178.706: Application time: 0.0012110 seconds
178.746: [GC178.746: [ParNew: 5485K->598K(6144K), 0.0013910 secs] 9544K->8671K(21888K), 0.0014200 secs] [Times: user=0.01 sys=0.00, real=0.00 secs] 
178.747: Total time for which application threads were stopped: 0.0413070 seconds, Stopping threads took: 0.0398330 seconds
178.747: Application time: 0.0000640 seconds
178.818: [GC [1 CMS-initial-mark: 8073K(15744K)] 8872K(21888K), 0.0001100 secs] [Times: user=0.00 sys=0.00, real=0.00 secs] 
178.818: Total time for which application threads were stopped: 0.0704310 seconds, Stopping threads took: 0.0702970 seconds
178.818: [CMS-concurrent-mark-start]
178.821: [CMS-concurrent-mark: 0.004/0.004 secs] [Times: user=0.02 sys=0.00, real=0.01 secs] 
178.822: [CMS-concurrent-preclean-start]
178.822: [CMS-concurrent-preclean: 0.000/0.000 secs] [Times: user=0.00 sys=0.00, real=0.00 secs] 
178.822: [CMS-concurrent-abortable-preclean-start]
178.822: Application time: 0.0040650 seconds
178.895: [GC178.895: [ParNew: 6083K->598K(6144K), 0.0004480 secs] 14156K->8866K(21888K), 0.0004760 secs] [Times: user=0.01 sys=0.00, real=0.00 secs] 
178.895: Total time for which application threads were stopped: 0.0733890 seconds, Stopping threads took: 0.0728560 seconds
178.896: Application time: 0.0004930 seconds
178.936: [GC178.936: [ParNew: 5986K->600K(6144K), 0.0015480 secs] 14255K->13367K(21888K), 0.0015770 secs] [Times: user=0.01 sys=0.01, real=0.00 secs] 
178.937: Total time for which application threads were stopped: 0.0415110 seconds, Stopping threads took: 0.0398800 seconds
179.015: Application time: 0.0773330 seconds
179.037: [CMS-concurrent-abortable-preclean: 0.000/0.216 secs] [Times: user=1.17 sys=0.07, real=0.21 secs] 
179.056: [GC179.056: [ParNew: 5987K->5987K(6144K), 0.0000140 secs]179.056: [CMS (concurrent mode failure): 12767K->2105K(15744K), 0.0058610 secs] 18755K->2105K(21888K), [CMS Perm : 5141K->5141K(21248K)], 0.0059200 secs] [Times: user=0.00 sys=0.00, real=0.01 secs] 
179.062: Total time for which application threads were stopped: 0.0471980 seconds, Stopping threads took: 0.0411870 seconds
179.063: Application time: 0.0008120 seconds
179.103: [GC179.103: [ParNew: 5388K->602K(6144K), 0.0017470 secs] 7493K->7214K(21888K), 0.0017800 secs] [Times: user=0.01 sys=0.00, real=0.00 secs] 
179.105: Total time for which application threads were stopped: 0.0419510 seconds, Stopping threads took: 0.0400970 seconds
179.105: Application time: 0.0000800 seconds
179.105: [GC [1 CMS-initial-mark: 6612K(15744K)] 7802K(21888K), 0.0001130 secs] [Times: user=0.00 sys=0.00, real=0.00 secs] 
179.106: Total time for which application threads were stopped: 0.0009770 seconds, Stopping threads took: 0.0008190 seconds
179.106: [CMS-concurrent-mark-start]
179.109: [CMS-concurrent-mark: 0.003/0.003 secs] [Times: user=0.02 sys=0.00, real=0.01 secs] 
179.109: [CMS-concurrent-preclean-start]
179.109: [CMS-concurrent-preclean: 0.000/0.000 secs] [Times: user=0.00 sys=0.00, real=0.00 secs] 
179.109: [CMS-concurrent-abortable-preclean-start]
179.193: Application time: 0.0874750 seconds
179.237: [GC179.237: [ParNew: 6068K->434K(6144K), 0.0006110 secs] 12680K->7440K(21888K), 0.0006480 secs] [Times: user=0.00 sys=0.00, real=0.00 secs] 
179.238: Total time for which application threads were stopped: 0.0446550 seconds, Stopping threads took: 0.0439310 seconds
179.238: Application time: 0.0006310 seconds
179.278: [GC179.278: [ParNew: 5823K->602K(6144K), 0.0014400 secs] 12828K->12128K(21888K), 0.0014850 secs] [Times: user=0.01 sys=0.00, real=0.01 secs] 
179.280: Total time for which application threads were stopped: 0.0415030 seconds, Stopping threads took: 0.0399650 seconds
179.358: Application time: 0.0779120 seconds
179.380: [CMS-concurrent-abortable-preclean: 0.000/0.271 secs] [Times: user=1.52 sys=0.07, real=0.27 secs] 
179.398: [GC179.398: [ParNew: 5989K->5989K(6144K), 0.0000130 secs]179.398: [CMS (concurrent mode failure): 11526K->2105K(15744K), 0.0065820 secs] 17516K->2105K(21888K), [CMS Perm : 5141K->5141K(21248K)], 0.0066350 secs] [Times: user=0.00 sys=0.00, real=0.01 secs] 
179.405: Total time for which application threads were stopped: 0.0471150 seconds, Stopping threads took: 0.0403970 seconds
179.406: Application time: 0.0007860 seconds
179.406: [GC179.406: [ParNew: 5485K->600K(6144K), 0.0014410 secs] 7591K->7605K(21888K), 0.0014670 secs] [Times: user=0.01 sys=0.00, real=0.01 secs] 
179.407: Total time for which application threads were stopped: 0.0018110 seconds, Stopping threads took: 0.0002940 seconds
179.408: Application time: 0.0000470 seconds
179.408: [GC [1 CMS-initial-mark: 7005K(15744K)] 8095K(21888K), 0.0000920 secs] [Times: user=0.00 sys=0.00, real=0.00 secs] 
179.408: Total time for which application threads were stopped: 0.0004330 seconds, Stopping threads took: 0.0003170 seconds
179.408: [CMS-concurrent-mark-start]
179.412: [CMS-concurrent-mark: 0.004/0.004 secs] [Times: user=0.03 sys=0.00, real=0.00 secs] 
179.412: [CMS-concurrent-preclean-start]
179.412: [CMS-concurrent-preclean: 0.000/0.000 secs] [Times: user=0.00 sys=0.00, real=0.00 secs] 
179.412: [CMS-concurrent-abortable-preclean-start]
179.504: Application time: 0.0957650 seconds
179.546: [GC179.546: [ParNew: 6085K->602K(6144K), 0.0005310 secs] 13090K->7998K(21888K), 0.0005650 secs] [Times: user=0.00 sys=0.00, real=0.00 secs] 
179.546: Total time for which application threads were stopped: 0.0424580 seconds, Stopping threads took: 0.0418340 seconds
179.547: Application time: 0.0007800 seconds
179.598: [GC179.598: [ParNew: 6049K->632K(6144K), 0.0013230 secs] 13445K->11568K(21888K), 0.0013540 secs] [Times: user=0.01 sys=0.00, real=0.01 secs] 
179.600: Total time for which application threads were stopped: 0.0528640 seconds, Stopping threads took: 0.0514330 seconds
179.676: Application time: 0.0759170 seconds
179.682: [GC179.682: [ParNew: 6000K->6000K(6144K), 0.0000140 secs]179.682: [CMS179.682: [CMS-concurrent-abortable-preclean: 0.000/0.270 secs] [Times: user=1.62 sys=0.04, real=0.27 secs] 
 (concurrent mode failure): 10936K->2105K(15744K), 0.0058510 secs] 16937K->2105K(21888K), [CMS Perm : 5141K->5141K(21248K)], 0.0059100 secs] [Times: user=0.00 sys=0.00, real=0.01 secs] 
179.688: Total time for which application threads were stopped: 0.0125060 seconds, Stopping threads took: 0.0065290 seconds
179.689: Application time: 0.0009340 seconds
179.729: [GC179.729: [ParNew: 5388K->600K(6144K), 0.0014700 secs] 7494K->7212K(21888K), 0.0014970 secs] [Times: user=0.01 sys=0.00, real=0.00 secs] 
179.731: Total time for which application threads were stopped: 0.0416340 seconds, Stopping threads took: 0.0400860 seconds
179.731: Application time: 0.0000430 seconds
179.731: [GC [1 CMS-initial-mark: 6612K(15744K)] 7998K(21888K), 0.0000900 secs] [Times: user=0.00 sys=0.00, real=0.00 secs] 
179.731: Total time for which application threads were stopped: 0.0003100 seconds, Stopping threads took: 0.0001970 seconds
179.731: [CMS-concurrent-mark-start]
179.735: [CMS-concurrent-mark: 0.004/0.004 secs] [Times: user=0.01 sys=0.00, real=0.00 secs] 
179.735: [CMS-concurrent-preclean-start]
179.735: [CMS-concurrent-preclean: 0.000/0.000 secs] [Times: user=0.00 sys=0.00, real=0.00 secs] 
179.735: [CMS-concurrent-abortable-preclean-start]
179.820: Application time: 0.0886260 seconds
179.861: [GC179.861: [ParNew: 5987K->598K(6144K), 0.0007010 secs] 12600K->7406K(21888K), 0.0007340 secs] [Times: user=0.00 sys=0.00, real=0.00 secs] 
179.862: Total time for which application threads were stopped: 0.0421440 seconds, Stopping threads took: 0.0413350 seconds
179.863: Application time: 0.0006480 seconds
179.903: [GC179.903: [ParNew: 5986K->598K(6144K), 0.0015530 secs] 12794K->11899K(21888K), 0.0015900 secs] [Times: user=0.01 sys=0.00, real=0.00 secs] 
179.904: Total time for which application threads were stopped: 0.0416380 seconds, Stopping threads took: 0.0399740 seconds
179.982: Application time: 0.0776260 seconds
180.004: [CMS-concurrent-abortable-preclean: 0.000/0.269 secs] [Times: user=1.52 sys=0.06, real=0.27 secs] 
180.024: [GC180.024: [ParNew: 5985K->5985K(6144K), 0.0000120 secs]180.024: [CMS (concurrent mode failure): 11301K->2081K(15744K), 0.0059270 secs] 17287K->2081K(21888K), [CMS Perm : 5141K->5141K(21248K)], 0.0059850 secs] [Times: user=0.01 sys=0.00, real=0.01 secs] 
180.030: Total time for which application threads were stopped: 0.0477440 seconds, Stopping threads took: 0.0416750 seconds
180.030: Application time: 0.0007870 seconds
180.083: [GC180.083: [ParNew: 5464K->630K(6144K), 0.0014920 secs] 7546K->7216K(21888K), 0.0015230 secs] [Times: user=0.01 sys=0.00, real=0.00 secs] 
180.084: Total time for which application threads were stopped: 0.0537920 seconds, Stopping threads took: 0.0521970 seconds
180.084: Application time: 0.0000540 seconds
180.085: [GC [1 CMS-initial-mark: 6586K(15744K)] 7607K(21888K), 0.0001070 secs] [Times: user=0.00 sys=0.00, real=0.00 secs] 
180.085: Total time for which application threads were stopped: 0.0004380 seconds, Stopping threads took: 0.0003090 seconds
180.085: [CMS-concurrent-mark-start]
180.088: [CMS-concurrent-mark: 0.003/0.003 secs] [Times: user=0.02 sys=0.00, real=0.01 secs] 
180.088: [CMS-concurrent-preclean-start]
180.088: [CMS-concurrent-preclean: 0.000/0.000 secs] [Times: user=0.00 sys=0.00, real=0.00 secs] 
180.088: [CMS-concurrent-abortable-preclean-start]
180.170: Application time: 0.0855760 seconds
180.214: [GC180.214: [ParNew: 6017K->400K(6144K), 0.0005370 secs] 12604K->7411K(21888K), 0.0005710 secs] [Times: user=0.00 sys=0.00, real=0.00 secs] 
180.214: Total time for which application threads were stopped: 0.0441830 seconds, Stopping threads took: 0.0435360 seconds
180.215: Application time: 0.0006190 seconds
180.255: [GC180.255: [ParNew: 5788K->602K(6144K), 0.0014040 secs] 12799K->12104K(21888K), 0.0014400 secs] [Times: user=0.01 sys=0.00, real=0.00 secs] 
180.257: Total time for which application threads were stopped: 0.0414250 seconds, Stopping threads took: 0.0399200 seconds
180.335: Application time: 0.0788350 seconds
180.336: [GC180.336: [ParNew: 6068K->6068K(6144K), 0.0000130 secs]180.336: [CMS180.336: [CMS-concurrent-abortable-preclean: 0.000/0.248 secs] [Times: user=1.50 sys=0.03, real=0.24 secs] 
 (concurrent mode failure): 11502K->3180K(15744K), 0.0068390 secs] 17570K->3180K(21888K), [CMS Perm : 5141K->5141K(21248K)], 0.0069030 secs] [Times: user=0.00 sys=0.00, real=0.01 secs] 
180.343: Total time for which application threads were stopped: 0.0079620 seconds, Stopping threads took: 0.0009700 seconds
180.345: Application time: 0.0013900 seconds
180.416: [GC180.416: [ParNew: 5386K->500K(6144K), 0.0014240 secs] 8566K->7204K(21888K), 0.0014550 secs] [Times: user=0.01 sys=0.00, real=0.00 secs] 
180.418: Total time for which application threads were stopped: 0.0729200 seconds, Stopping threads took: 0.0713920 seconds
180.418: Application time: 0.0000830 seconds
180.458: [GC [1 CMS-initial-mark: 6704K(15744K)] 7701K(21888K), 0.0001160 secs] [Times: user=0.00 sys=0.00, real=0.00 secs] 
180.458: Total time for which application threads were stopped: 0.0401060 seconds, Stopping threads took: 0.0399420 seconds
180.458: [CMS-concurrent-mark-start]
180.461: [CMS-concurrent-mark: 0.004/0.004 secs] [Times: user=0.02 sys=0.00, real=0.01 secs] 
180.462: [CMS-concurrent-preclean-start]
180.462: [CMS-concurrent-preclean: 0.000/0.000 secs] [Times: user=0.00 sys=0.00, real=0.00 secs] 
180.462: [CMS-concurrent-abortable-preclean-start]
180.462: Application time: 0.0040290 seconds
180.535: [GC180.535: [ParNew: 5888K->598K(6144K), 0.0004030 secs] 12592K->7498K(21888K), 0.0004340 secs] [Times: user=0.01 sys=0.00, real=0.00 secs] 
180.536: Total time for which application threads were stopped: 0.0738510 seconds, Stopping threads took: 0.0733350 seconds
180.536: Application time: 0.0006710 seconds
180.589: [GC180.589: [ParNew: 6081K->600K(6144K), 0.0100420 secs] 12981K->11020K(21888K), 0.0100720 secs] [Times: user=0.07 sys=0.00, real=0.00 secs] 
180.599: Total time for which application threads were stopped: 0.0627950 seconds, Stopping threads took: 0.0526510 seconds
180.676: Application time: 0.0769530 seconds
180.678: [GC180.678: [ParNew: 5968K->5968K(6144K), 0.0000130 secs]180.678: [CMS180.678: [CMS-concurrent-abortable-preclean: 0.000/0.217 secs] [Times: user=1.25 sys=0.07, real=0.21 secs] 
 (concurrent mode failure): 10420K->2106K(15744K), 0.0052310 secs] 16388K->2106K(21888K), [CMS Perm : 5141K->5141K(21248K)], 0.0052960 secs] [Times: user=0.01 sys=0.00, real=0.01 secs] 
180.684: Total time for which application threads were stopped: 0.0074750 seconds, Stopping threads took: 0.0021110 seconds
180.684: Application time: 0.0007930 seconds
180.724: [GC180.724: [ParNew: 5388K->602K(6144K), 0.0015140 secs] 7494K->7215K(21888K), 0.0015410 secs] [Times: user=0.01 sys=0.00, real=0.00 secs] 
180.726: Total time for which application threads were stopped: 0.0415260 seconds, Stopping threads took: 0.0399270 seconds
180.751: Application time: 0.0255400 seconds
180.844: [GC [1 CMS-initial-mark: 6612K(15744K)] 10747K(21888K), 0.0001220 secs] [Times: user=0.00 sys=0.00, real=0.00 secs] 
180.844: Total time for which application threads were stopped: 0.0924440 seconds, Stopping threads took: 0.0922850 seconds
180.844: [CMS-concurrent-mark-start]
180.844: Application time: 0.0003850 seconds
180.844: [GC180.844: [ParNew: 5942K->632K(6144K), 0.0006000 secs] 12555K->8433K(21888K), 0.0006190 secs] [Times: user=0.01 sys=0.00, real=0.00 secs] 
180.845: Total time for which application threads were stopped: 0.0006910 seconds, Stopping threads took: 0.0000360 seconds
180.846: Application time: 0.0008220 seconds
180.886: [GC180.886: [ParNew: 6047K->626K(6144K), 0.0015830 secs] 13849K->13117K(21888K), 0.0016190 secs] [Times: user=0.01 sys=0.00, real=0.00 secs] 
180.887: Total time for which application threads were stopped: 0.0413940 seconds, Stopping threads took: 0.0397230 seconds
180.890: [CMS-concurrent-mark: 0.004/0.046 secs] [Times: user=0.09 sys=0.03, real=0.05 secs] 
180.890: [CMS-concurrent-preclean-start]
180.890: [CMS-concurrent-preclean: 0.000/0.000 secs] [Times: user=0.00 sys=0.00, real=0.00 secs] 
180.890: Application time: 0.0031540 seconds
180.970: [GC[YG occupancy: 2105 K (6144 K)]180.970: [Rescan (parallel) , 0.0001520 secs]180.970: [weak refs processing, 0.0000070 secs]180.970: [scrub string table, 0.0001120 secs] [1 CMS-remark: 12491K(15744K)] 14596K(21888K), 0.0003120 secs] [Times: user=0.00 sys=0.00, real=0.00 secs] 
180.970: Total time for which application threads were stopped: 0.0796420 seconds, Stopping threads took: 0.0792910 seconds
180.970: [CMS-concurrent-sweep-start]
180.971: Application time: 0.0007450 seconds
180.971: [GC180.971: [ParNew: 6013K->6013K(6144K), 0.0000120 secs]180.971: [CMS180.971: [CMS-concurrent-sweep: 0.001/0.001 secs] [Times: user=0.01 sys=0.00, real=0.00 secs] 
 (concurrent mode failure): 12491K->5231K(15744K), 0.0071610 secs] 18505K->5231K(21888K), [CMS Perm : 5141K->5141K(21248K)], 0.0072130 secs] [Times: user=0.00 sys=0.00, real=0.00 secs] 
180.978: Total time for which application threads were stopped: 0.0074930 seconds, Stopping threads took: 0.0002230 seconds
181.056: Application time: 0.0782010 seconds
181.059: [GC181.059: [ParNew: 5485K->600K(6144K), 0.0005980 secs] 10717K->6029K(21888K), 0.0006310 secs] [Times: user=0.00 sys=0.00, real=0.01 secs] 
181.060: Total time for which application threads were stopped: 0.0033520 seconds, Stopping threads took: 0.0026430 seconds
181.060: Application time: 0.0006650 seconds
181.100: [GC181.100: [ParNew: 6066K->628K(6144K), 0.0016630 secs] 11495K->10564K(21888K), 0.0016940 secs] [Times: user=0.01 sys=0.00, real=0.00 secs] 
181.102: Total time for which application threads were stopped: 0.0416060 seconds, Stopping threads took: 0.0398390 seconds
181.115: Application time: 0.0133770 seconds
181.211: [GC [1 CMS-initial-mark: 9936K(15744K)] 14096K(21888K), 0.0001460 secs] [Times: user=0.00 sys=0.00, real=0.00 secs] 
181.211: Total time for which application threads were stopped: 0.0957400 seconds, Stopping threads took: 0.0955380 seconds
181.211: [CMS-concurrent-mark-start]
181.212: Application time: 0.0004270 seconds
181.212: [GC181.212: [ParNew: 6113K->6113K(6144K), 0.0000100 secs]181.212: [CMS181.214: [CMS-concurrent-mark: 0.002/0.003 secs] [Times: user=0.01 sys=0.00, real=0.00 secs] 
 (concurrent mode failure): 9936K->3278K(15744K), 0.0081590 secs] 16049K->3278K(21888K), [CMS Perm : 5141K->5141K(21248K)], 0.0082070 secs] [Times: user=0.01 sys=0.00, real=0.01 secs] 
181.220: Total time for which application threads were stopped: 0.0082790 seconds, Stopping threads took: 0.0000240 seconds
181.221: Application time: 0.0008990 seconds
181.221: [GC181.221: [ParNew: 5483K->596K(6144K), 0.0016310 secs] 8762K->8774K(21888K), 0.0016670 secs] [Times: user=0.01 sys=0.00, real=0.00 secs] 
181.223: Total time for which application threads were stopped: 0.0020240 seconds, Stopping threads took: 0.0002730 seconds
181.223: Application time: 0.0000530 seconds
181.223: [GC [1 CMS-initial-mark: 8178K(15744K)] 9268K(21888K), 0.0000920 secs] [Times: user=0.00 sys=0.00, real=0.00 secs] 
181.223: Total time for which application threads were stopped: 0.0003620 seconds, Stopping threads took: 0.0002450 seconds
181.223: [CMS-concurrent-mark-start]
181.227: [CMS-concurrent-mark: 0.004/0.004 secs] [Times: user=0.03 sys=0.00, real=0.01 secs] 
181.228: [CMS-concurrent-preclean-start]
181.228: [CMS-concurrent-preclean: 0.000/0.000 secs] [Times: user=0.00 sys=0.00, real=0.00 secs] 
181.228: Application time: 0.0043960 seconds
181.304: [GC[YG occupancy: 1782 K (6144 K)]181.304: [Rescan (parallel) , 0.0002060 secs]181.304: [weak refs processing, 0.0000070 secs]181.304: [scrub string table, 0.0001110 secs] [1 CMS-remark: 8178K(15744K)] 9960K(21888K), 0.0003590 secs] [Times: user=0.00 sys=0.00, real=0.00 secs] 
181.304: Total time for which application threads were stopped: 0.0763520 seconds, Stopping threads took: 0.0759430 seconds
181.304: [CMS-concurrent-sweep-start]
181.305: Application time: 0.0006820 seconds
181.345: [GC181.345: [ParNew: 6081K->600K(6144K), 0.0012210 secs] 14259K->12489K(21888K), 0.0012500 secs] [Times: user=0.01 sys=0.00, real=0.00 secs] 
181.346: Total time for which application threads were stopped: 0.0411750 seconds, Stopping threads took: 0.0398520 seconds
181.346: [CMS-concurrent-sweep: 0.001/0.042 secs] [Times: user=0.08 sys=0.02, real=0.04 secs] 
181.346: [CMS-concurrent-reset-start]
181.347: [CMS-concurrent-reset: 0.000/0.000 secs] [Times: user=0.00 sys=0.00, real=0.00 secs] 
181.424: Application time: 0.0784700 seconds
181.468: [GC181.468: [ParNew: 5987K->5987K(6144K), 0.0000140 secs]181.468: [CMS: 11888K->1325K(15744K), 0.0056100 secs] 17876K->1325K(21888K), [CMS Perm : 5141K->5141K(21248K)], 0.0056720 secs] [Times: user=0.01 sys=0.00, real=0.00 secs] 
181.474: Total time for which application threads were stopped: 0.0492360 seconds, Stopping threads took: 0.0434890 seconds
181.474: Application time: 0.0008860 seconds
181.475: [GC181.475: [ParNew: 5485K->602K(6144K), 0.0017440 secs] 6810K->6826K(21888K), 0.0017740 secs] [Times: user=0.01 sys=0.00, real=0.00 secs] 
181.477: Total time for which application threads were stopped: 0.0022430 seconds, Stopping threads took: 0.0003970 seconds
181.477: Application time: 0.0000500 seconds
181.477: [GC [1 CMS-initial-mark: 6224K(15744K)] 7217K(21888K), 0.0000980 secs] [Times: user=0.00 sys=0.00, real=0.00 secs] 
181.477: Total time for which application threads were stopped: 0.0005000 seconds, Stopping threads took: 0.0003550 seconds
181.477: [CMS-concurrent-mark-start]
181.481: [CMS-concurrent-mark: 0.004/0.004 secs] [Times: user=0.02 sys=0.00, real=0.01 secs] 
181.481: [CMS-concurrent-preclean-start]
181.481: [CMS-concurrent-preclean: 0.000/0.000 secs] [Times: user=0.00 sys=0.00, real=0.00 secs] 
181.481: [CMS-concurrent-abortable-preclean-start]
181.568: Application time: 0.0905880 seconds
181.610: [GC181.610: [ParNew: 6087K->203K(6144K), 0.0005730 secs] 12312K->6428K(21888K), 0.0006080 secs] [Times: user=0.00 sys=0.00, real=0.00 secs] 
181.611: Total time for which application threads were stopped: 0.0429410 seconds, Stopping threads took: 0.0422580 seconds
181.612: Application time: 0.0007550 seconds
181.612: [GC181.612: [ParNew: 5552K->638K(6144K), 0.0014720 secs] 11778K->11668K(21888K), 0.0015010 secs] [Times: user=0.01 sys=0.00, real=0.00 secs] 
181.613: Total time for which application threads were stopped: 0.0018580 seconds, Stopping threads took: 0.0002850 seconds
181.691: Application time: 0.0772510 seconds
181.714: [CMS-concurrent-abortable-preclean: 0.000/0.232 secs] [Times: user=1.50 sys=0.03, real=0.23 secs] 
181.732: [GC181.732: [ParNew: 6006K->6006K(6144K), 0.0000120 secs]181.732: [CMS (concurrent mode failure): 11030K->2301K(15744K), 0.0052560 secs] 17037K->2301K(21888K), [CMS Perm : 5141K->5141K(21248K)], 0.0053150 secs] [Times: user=0.01 sys=0.00, real=0.00 secs] 
181.737: Total time for which application threads were stopped: 0.0464820 seconds, Stopping threads took: 0.0411070 seconds
181.738: Application time: 0.0008510 seconds
181.778: [GC181.778: [ParNew: 5192K->602K(6144K), 0.0014080 secs] 7494K->7215K(21888K), 0.0016020 secs] [Times: user=0.01 sys=0.00, real=0.01 secs] 
181.780: Total time for which application threads were stopped: 0.0418070 seconds, Stopping threads took: 0.0401330 seconds
181.780: Application time: 0.0000510 seconds
181.780: [GC [1 CMS-initial-mark: 6613K(15744K)] 7606K(21888K), 0.0000960 secs] [Times: user=0.00 sys=0.00, real=0.00 secs] 
181.780: Total time for which application threads were stopped: 0.0004330 seconds, Stopping threads took: 0.0003150 seconds
181.780: [CMS-concurrent-mark-start]
181.784: [CMS-concurrent-mark: 0.004/0.004 secs] [Times: user=0.03 sys=0.00, real=0.00 secs] 
181.784: [CMS-concurrent-preclean-start]
181.784: [CMS-concurrent-preclean: 0.000/0.000 secs] [Times: user=0.00 sys=0.00, real=0.00 secs] 
181.784: [CMS-concurrent-abortable-preclean-start]
181.871: Application time: 0.0908950 seconds
181.910: [GC181.910: [ParNew: 5989K->402K(6144K), 0.0006340 secs] 12603K->7409K(21888K), 0.0006690 secs] [Times: user=0.00 sys=0.00, real=0.00 secs] 
181.911: Total time for which application threads were stopped: 0.0397900 seconds, Stopping threads took: 0.0390380 seconds
181.912: Application time: 0.0005720 seconds
181.952: [GC181.952: [ParNew: 5790K->600K(6144K), 0.0016820 secs] 12797K->12099K(21888K), 0.0017180 secs] [Times: user=0.01 sys=0.00, real=0.00 secs] 
181.953: Total time for which application threads were stopped: 0.0418020 seconds, Stopping threads took: 0.0400320 seconds
182.031: Application time: 0.0772930 seconds
182.034: [GC182.034: [ParNew: 5870K->5870K(6144K), 0.0000120 secs]182.034: [CMS182.034: [CMS-concurrent-abortable-preclean: 0.000/0.250 secs] [Times: user=1.49 sys=0.07, real=0.25 secs] 
 (concurrent mode failure): 11499K->2985K(15744K), 0.0061040 secs] 17369K->2985K(21888K), [CMS Perm : 5141K->5141K(21248K)], 0.0061680 secs] [Times: user=0.00 sys=0.00, real=0.01 secs] 
182.041: Total time for which application threads were stopped: 0.0098780 seconds, Stopping threads took: 0.0036220 seconds
182.042: Application time: 0.0011210 seconds
182.094: [GC182.094: [ParNew: 5485K->602K(6144K), 0.0015450 secs] 8471K->8485K(21888K), 0.0015780 secs] [Times: user=0.02 sys=0.00, real=0.00 secs] 
182.095: Total time for which application threads were stopped: 0.0536780 seconds, Stopping threads took: 0.0520260 seconds
182.095: Application time: 0.0000670 seconds
182.135: [GC [1 CMS-initial-mark: 7883K(15744K)] 9376K(21888K), 0.0001510 secs] [Times: user=0.00 sys=0.00, real=0.00 secs] 
182.136: Total time for which application threads were stopped: 0.0402020 seconds, Stopping threads took: 0.0400190 seconds
182.136: [CMS-concurrent-mark-start]
182.139: [CMS-concurrent-mark: 0.004/0.004 secs] [Times: user=0.02 sys=0.00, real=0.01 secs] 
182.140: [CMS-concurrent-preclean-start]
182.140: [CMS-concurrent-preclean: 0.000/0.000 secs] [Times: user=0.00 sys=0.00, real=0.00 secs] 
182.140: [CMS-concurrent-abortable-preclean-start]
182.218: Application time: 0.0824420 seconds
182.229: [GC182.229: [ParNew: 6087K->402K(6144K), 0.0004170 secs] 13970K->8676K(21888K), 0.0004520 secs] [Times: user=0.00 sys=0.00, real=0.00 secs] 
182.229: Total time for which application threads were stopped: 0.0113090 seconds, Stopping threads took: 0.0107760 seconds
182.230: Application time: 0.0007420 seconds
182.270: [GC182.270: [ParNew: 5869K->630K(6144K), 0.0017100 secs] 14143K->13398K(21888K), 0.0017470 secs] [Times: user=0.01 sys=0.00, real=0.00 secs] 
182.272: Total time for which application threads were stopped: 0.0416880 seconds, Stopping threads took: 0.0398880 seconds
182.350: Application time: 0.0778970 seconds
182.351: [GC182.351: [ParNew: 6115K->6115K(6144K), 0.0000120 secs]182.351: [CMS182.351: [CMS-concurrent-abortable-preclean: 0.000/0.211 secs] [Times: user=1.37 sys=0.03, real=0.21 secs] 
 (concurrent mode failure): 12768K->3278K(15744K), 0.0055010 secs] 18884K->3278K(21888K), [CMS Perm : 5141K->5141K(21248K)], 0.0055610 secs] [Times: user=0.00 sys=0.00, real=0.00 secs] 
182.356: Total time for which application threads were stopped: 0.0067650 seconds, Stopping threads took: 0.0011220 seconds
182.358: Application time: 0.0011580 seconds
182.409: [GC182.409: [ParNew: 5485K->600K(6144K), 0.0014550 secs] 8764K->8188K(21888K), 0.0014880 secs] [Times: user=0.01 sys=0.00, real=0.00 secs] 
182.411: Total time for which application threads were stopped: 0.0529710 seconds, Stopping threads took: 0.0514080 seconds
182.411: Application time: 0.0001530 seconds
182.451: [GC [1 CMS-initial-mark: 7587K(15744K)] 9472K(21888K), 0.0001120 secs] [Times: user=0.00 sys=0.00, real=0.00 secs] 
182.451: Total time for which application threads were stopped: 0.0401880 seconds, Stopping threads took: 0.0400380 seconds
182.451: [CMS-concurrent-mark-start]
182.455: [CMS-concurrent-mark: 0.004/0.004 secs] [Times: user=0.01 sys=0.00, real=0.00 secs] 
182.455: [CMS-concurrent-preclean-start]
182.455: [CMS-concurrent-preclean: 0.000/0.000 secs] [Times: user=0.00 sys=0.00, real=0.00 secs] 
182.455: [CMS-concurrent-abortable-preclean-start]
182.529: Application time: 0.0783430 seconds
182.533: [GC182.533: [ParNew: 6085K->14K(6144K), 0.0005910 secs] 13673K->7602K(21888K), 0.0006270 secs] [Times: user=0.00 sys=0.00, real=0.00 secs] 
182.533: Total time for which application threads were stopped: 0.0040360 seconds, Stopping threads took: 0.0033250 seconds
182.534: Application time: 0.0004460 seconds
182.534: [GC182.534: [ParNew: 5499K->602K(6144K), 0.0014760 secs] 13088K->13077K(21888K), 0.0015040 secs] [Times: user=0.01 sys=0.00, real=0.00 secs] 
182.536: Total time for which application threads were stopped: 0.0019980 seconds, Stopping threads took: 0.0004220 seconds
182.614: Application time: 0.0781180 seconds
182.620: [GC182.620: [ParNew: 5989K->5989K(6144K), 0.0000120 secs]182.620: [CMS182.620: [CMS-concurrent-abortable-preclean: 0.000/0.165 secs] [Times: user=1.27 sys=0.01, real=0.17 secs] 
 (concurrent mode failure): 12475K->3571K(15744K), 0.0059030 secs] 18465K->3571K(21888K), [CMS Perm : 5141K->5141K(21248K)], 0.0059710 secs] [Times: user=0.00 sys=0.00, real=0.00 secs] 
182.626: Total time for which application threads were stopped: 0.0117950 seconds, Stopping threads took: 0.0057330 seconds
182.627: Application time: 0.0012330 seconds
182.692: [GC182.692: [ParNew: 5466K->628K(6144K), 0.0013680 secs] 9037K->8018K(21888K), 0.0013990 secs] [Times: user=0.01 sys=0.00, real=0.00 secs] 
182.694: Total time for which application threads were stopped: 0.0669100 seconds, Stopping threads took: 0.0654340 seconds
182.694: Application time: 0.0000450 seconds
182.741: [GC [1 CMS-initial-mark: 7390K(15744K)] 8122K(21888K), 0.0000990 secs] [Times: user=0.00 sys=0.00, real=0.00 secs] 
182.741: Total time for which application threads were stopped: 0.0470140 seconds, Stopping threads took: 0.0468700 seconds
182.741: [CMS-concurrent-mark-start]
182.744: [CMS-concurrent-mark: 0.004/0.004 secs] [Times: user=0.02 sys=0.00, real=0.00 secs] 
182.745: [CMS-concurrent-preclean-start]
182.745: [CMS-concurrent-preclean: 0.000/0.000 secs] [Times: user=0.00 sys=0.00, real=0.00 secs] 
182.745: [CMS-concurrent-abortable-preclean-start]
182.745: Application time: 0.0041510 seconds
182.818: [GC182.818: [ParNew: 6016K->600K(6144K), 0.0006030 secs] 13406K->8607K(21888K), 0.0006370 secs] [Times: user=0.00 sys=0.00, real=0.00 secs] 
182.819: Total time for which application threads were stopped: 0.0738990 seconds, Stopping threads took: 0.0731860 seconds
182.820: Application time: 0.0007480 seconds
182.879: [GC182.879: [ParNew: 6064K->628K(6144K), 0.0012160 secs] 14071K->11372K(21888K), 0.0012500 secs] [Times: user=0.01 sys=0.00, real=0.01 secs] 
182.881: Total time for which application threads were stopped: 0.0609600 seconds, Stopping threads took: 0.0596570 seconds
182.952: Application time: 0.0718180 seconds
182.965: [GC182.965: [ParNew: 5996K->42K(6144K), 0.0004570 secs] 16741K->10817K(21888K), 0.0004930 secs] [Times: user=0.00 sys=0.00, real=0.00 secs] 
182.965: Total time for which application threads were stopped: 0.0128010 seconds, Stopping threads took: 0.0122190 seconds
182.966: Application time: 0.0004060 seconds
182.966: [GC182.966: [ParNew (promotion failed): 5528K->6116K(6144K), 0.0013060 secs]182.967: [CMS182.967: [CMS-concurrent-abortable-preclean: 0.001/0.223 secs] [Times: user=1.25 sys=0.09, real=0.22 secs] 
 (concurrent mode failure): 15462K->6794K(15744K), 0.0068470 secs] 16303K->6794K(21888K), [CMS Perm : 5141K->5141K(21248K)], 0.0081980 secs] [Times: user=0.02 sys=0.00, real=0.01 secs] 
182.974: Total time for which application threads were stopped: 0.0085840 seconds, Stopping threads took: 0.0003060 seconds
183.062: Application time: 0.0872590 seconds
183.108: [GC183.108: [ParNew: 5387K->600K(6144K), 0.0004810 secs] 12182K->7984K(21888K), 0.0005170 secs] [Times: user=0.01 sys=0.00, real=0.00 secs] 
183.108: Total time for which application threads were stopped: 0.0469460 seconds, Stopping threads took: 0.0463520 seconds
183.109: Application time: 0.0001250 seconds
183.109: [GC [1 CMS-initial-mark: 7384K(15744K)] 9262K(21888K), 0.0000850 secs] [Times: user=0.00 sys=0.00, real=0.00 secs] 
183.109: Total time for which application threads were stopped: 0.0004010 seconds, Stopping threads took: 0.0002740 seconds
183.109: [CMS-concurrent-mark-start]
183.110: Application time: 0.0008220 seconds
183.173: [GC183.173: [ParNew: 6085K->598K(6144K), 0.0014370 secs] 13470K->11897K(21888K), 0.0014770 secs] [Times: user=0.01 sys=0.00, real=0.00 secs] 
183.175: Total time for which application threads were stopped: 0.0650200 seconds, Stopping threads took: 0.0634720 seconds
183.178: [CMS-concurrent-mark: 0.003/0.068 secs] [Times: user=0.19 sys=0.03, real=0.06 secs] 
183.178: [CMS-concurrent-preclean-start]
183.178: [CMS-concurrent-preclean: 0.000/0.000 secs] [Times: user=0.00 sys=0.00, real=0.00 secs] 
183.178: Application time: 0.0028480 seconds
183.251: [GC[YG occupancy: 2563 K (6144 K)]183.251: [Rescan (parallel) , 0.0001230 secs]183.251: [weak refs processing, 0.0000060 secs]183.251: [scrub string table, 0.0001030 secs] [1 CMS-remark: 11299K(15744K)] 13863K(21888K), 0.0002610 secs] [Times: user=0.01 sys=0.00, real=0.00 secs] 
183.251: Total time for which application threads were stopped: 0.0737510 seconds, Stopping threads took: 0.0734590 seconds
183.251: [CMS-concurrent-sweep-start]
183.252: Application time: 0.0006200 seconds
183.252: [GC183.252: [ParNew: 6083K->6083K(6144K), 0.0000110 secs]183.252: [CMS183.252: [CMS-concurrent-sweep: 0.001/0.001 secs] [Times: user=0.00 sys=0.00, real=0.00 secs] 
 (concurrent mode failure): 11299K->4841K(15744K), 0.0064360 secs] 17383K->4841K(21888K), [CMS Perm : 5141K->5141K(21248K)], 0.0064900 secs] [Times: user=0.01 sys=0.00, real=0.00 secs] 
183.259: Total time for which application threads were stopped: 0.0066300 seconds, Stopping threads took: 0.0000840 seconds
183.347: Application time: 0.0879560 seconds
183.363: [GC183.363: [ParNew: 5485K->400K(6144K), 0.0006580 secs] 10327K->5242K(21888K), 0.0007030 secs] [Times: user=0.00 sys=0.01, real=0.00 secs] 
183.364: Total time for which application threads were stopped: 0.0174620 seconds, Stopping threads took: 0.0166840 seconds
183.365: Application time: 0.0005470 seconds
183.365: [GC183.365: [ParNew: 5865K->628K(6144K), 0.0018360 secs] 10707K->10660K(21888K), 0.0018710 secs] [Times: user=0.01 sys=0.00, real=0.00 secs] 
183.367: Total time for which application threads were stopped: 0.0024100 seconds, Stopping threads took: 0.0004640 seconds
183.367: Application time: 0.0000430 seconds
183.367: [GC [1 CMS-initial-mark: 10032K(15744K)] 11350K(21888K), 0.0001020 secs] [Times: user=0.00 sys=0.00, real=0.00 secs] 
183.367: Total time for which application threads were stopped: 0.0002440 seconds, Stopping threads took: 0.0001200 seconds
183.367: [CMS-concurrent-mark-start]
183.371: [CMS-concurrent-mark: 0.003/0.003 secs] [Times: user=0.01 sys=0.00, real=0.01 secs] 
183.371: [CMS-concurrent-preclean-start]
183.371: [CMS-concurrent-preclean: 0.000/0.000 secs] [Times: user=0.00 sys=0.00, real=0.00 secs] 
183.371: [CMS-concurrent-abortable-preclean-start]
183.450: Application time: 0.0831050 seconds
183.471: [CMS-concurrent-abortable-preclean: 0.000/0.100 secs] [Times: user=0.71 sys=0.01, real=0.10 secs] 
183.496: [GC183.496: [ParNew: 6015K->6015K(6144K), 0.0000120 secs]183.496: [CMS (concurrent mode failure): 10032K->1716K(15744K), 0.0055220 secs] 16048K->1716K(21888K), [CMS Perm : 5141K->5141K(21248K)], 0.0055810 secs] [Times: user=0.01 sys=0.00, real=0.01 secs] 
183.502: Total time for which application threads were stopped: 0.0512830 seconds, Stopping threads took: 0.0456360 seconds
183.502: Application time: 0.0006720 seconds
183.503: [GC183.503: [ParNew: 5485K->602K(6144K), 0.0016960 secs] 7202K->7215K(21888K), 0.0017300 secs] [Times: user=0.02 sys=0.00, real=0.00 secs] 
183.504: Total time for which application threads were stopped: 0.0019400 seconds, Stopping threads took: 0.0001560 seconds
183.504: Application time: 0.0000520 seconds
183.505: [GC [1 CMS-initial-mark: 6613K(15744K)] 8096K(21888K), 0.0001040 secs] [Times: user=0.00 sys=0.00, real=0.00 secs] 
183.505: Total time for which application threads were stopped: 0.0004440 seconds, Stopping threads took: 0.0003160 seconds
183.505: [CMS-concurrent-mark-start]
183.508: [CMS-concurrent-mark: 0.003/0.003 secs] [Times: user=0.01 sys=0.00, real=0.01 secs] 
183.508: [CMS-concurrent-preclean-start]
183.508: [CMS-concurrent-preclean: 0.000/0.000 secs] [Times: user=0.00 sys=0.00, real=0.00 secs] 
183.508: [CMS-concurrent-abortable-preclean-start]
183.597: Application time: 0.0918600 seconds
183.652: [GC183.653: [ParNew: 5892K->402K(6144K), 0.0004830 secs] 12505K->7019K(21888K), 0.0005170 secs] [Times: user=0.00 sys=0.00, real=0.00 secs] 
183.653: Total time for which application threads were stopped: 0.0562780 seconds, Stopping threads took: 0.0556830 seconds
183.654: Application time: 0.0006140 seconds
183.654: [GC183.654: [ParNew: 5673K->532K(6144K), 0.0014200 secs] 12290K->12227K(21888K), 0.0014500 secs] [Times: user=0.01 sys=0.00, real=0.00 secs] 
183.655: Total time for which application threads were stopped: 0.0017440 seconds, Stopping threads took: 0.0002410 seconds
183.733: Application time: 0.0777950 seconds
183.735: [GC183.735: [ParNew: 5920K->5920K(6144K), 0.0000130 secs]183.736: [CMS183.736: [CMS-concurrent-abortable-preclean: 0.000/0.228 secs] [Times: user=1.52 sys=0.05, real=0.22 secs] 
 (concurrent mode failure): 11694K->3669K(15744K), 0.0055360 secs] 17615K->3669K(21888K), [CMS Perm : 5141K->5141K(21248K)], 0.0055990 secs] [Times: user=0.00 sys=0.00, real=0.01 secs] 
183.741: Total time for which application threads were stopped: 0.0079070 seconds, Stopping threads took: 0.0022390 seconds
183.744: Application time: 0.0026350 seconds
183.823: [GC183.823: [ParNew: 5466K->239K(6144K), 0.0006360 secs] 9135K->3908K(21888K), 0.0006670 secs] [Times: user=0.01 sys=0.00, real=0.00 secs] 
183.823: Total time for which application threads were stopped: 0.0796010 seconds, Stopping threads took: 0.0788510 seconds
183.824: Application time: 0.0004390 seconds
183.824: [GC183.824: [ParNew: 5530K->630K(6144K), 0.0017320 secs] 9199K->9198K(21888K), 0.0017640 secs] [Times: user=0.01 sys=0.00, real=0.00 secs] 
183.826: Total time for which application threads were stopped: 0.0021840 seconds, Stopping threads took: 0.0003470 seconds
183.826: Application time: 0.0000750 seconds
183.827: [GC [1 CMS-initial-mark: 8568K(15744K)] 10374K(21888K), 0.0000760 secs] [Times: user=0.00 sys=0.00, real=0.00 secs] 
183.827: Total time for which application threads were stopped: 0.0005910 seconds, Stopping threads took: 0.0004930 seconds
183.827: [CMS-concurrent-mark-start]
183.830: [CMS-concurrent-mark: 0.003/0.003 secs] [Times: user=0.01 sys=0.00, real=0.01 secs] 
183.830: [CMS-concurrent-preclean-start]
183.830: [CMS-concurrent-preclean: 0.000/0.000 secs] [Times: user=0.00 sys=0.00, real=0.00 secs] 
183.830: [CMS-concurrent-abortable-preclean-start]
183.907: Application time: 0.0800610 seconds
183.910: [GC183.910: [ParNew: 6095K->528K(6144K), 0.0009480 secs] 14664K->10884K(21888K), 0.0009850 secs] [Times: user=0.00 sys=0.00, real=0.00 secs] 
183.911: Total time for which application threads were stopped: 0.0039590 seconds, Stopping threads took: 0.0029110 seconds
183.912: Application time: 0.0009210 seconds
183.952: [GC183.952: [ParNew: 5994K->5994K(6144K), 0.0000140 secs]183.952: [CMS183.952: [CMS-concurrent-abortable-preclean: 0.000/0.122 secs] [Times: user=0.79 sys=0.02, real=0.12 secs] 
 (concurrent mode failure): 10355K->5720K(15744K), 0.0077410 secs] 16350K->5720K(21888K), [CMS Perm : 5141K->5141K(21248K)], 0.0078030 secs] [Times: user=0.01 sys=0.00, real=0.01 secs] 
183.960: Total time for which application threads were stopped: 0.0484590 seconds, Stopping threads took: 0.0405890 seconds
184.039: Application time: 0.0785660 seconds
184.041: [GC184.041: [ParNew: 5485K->500K(6144K), 0.0005410 secs] 11205K->7004K(21888K), 0.0005790 secs] [Times: user=0.01 sys=0.01, real=0.00 secs] 
184.042: Total time for which application threads were stopped: 0.0034090 seconds, Stopping threads took: 0.0027380 seconds
184.043: Application time: 0.0006720 seconds
184.082: [GC184.083: [ParNew: 5986K->598K(6144K), 0.0017920 secs] 12489K->12194K(21888K), 0.0018220 secs] [Times: user=0.01 sys=0.00, real=0.00 secs] 
184.084: Total time for which application threads were stopped: 0.0416470 seconds, Stopping threads took: 0.0397510 seconds
184.099: Application time: 0.0151110 seconds
184.192: [GC [1 CMS-initial-mark: 11596K(15744K)] 15140K(21888K), 0.0001400 secs] [Times: user=0.00 sys=0.00, real=0.00 secs] 
184.192: Total time for which application threads were stopped: 0.0925000 seconds, Stopping threads took: 0.0923010 seconds
184.192: [CMS-concurrent-mark-start]
184.192: Application time: 0.0005050 seconds
184.193: [GC184.193: [ParNew: 6083K->6083K(6144K), 0.0000100 secs]184.193: [CMS184.195: [CMS-concurrent-mark: 0.002/0.003 secs] [Times: user=0.00 sys=0.00, real=0.00 secs] 
 (concurrent mode failure): 11596K->3865K(15744K), 0.0082090 secs] 17680K->3865K(21888K), [CMS Perm : 5141K->5141K(21248K)], 0.0082590 secs] [Times: user=0.01 sys=0.00, real=0.01 secs] 
184.201: Total time for which application threads were stopped: 0.0084950 seconds, Stopping threads took: 0.0001840 seconds
184.204: Application time: 0.0028720 seconds
184.280: [GC184.280: [ParNew: 5387K->402K(6144K), 0.0005830 secs] 9253K->4268K(21888K), 0.0006150 secs] [Times: user=0.00 sys=0.00, real=0.00 secs] 
184.281: Total time for which application threads were stopped: 0.0772670 seconds, Stopping threads took: 0.0765860 seconds
184.282: Application time: 0.0004470 seconds
184.282: [GC184.282: [ParNew: 5886K->602K(6144K), 0.0016940 secs] 9752K->9757K(21888K), 0.0017270 secs] [Times: user=0.01 sys=0.00, real=0.00 secs] 
184.284: Total time for which application threads were stopped: 0.0022250 seconds, Stopping threads took: 0.0004240 seconds
184.284: Application time: 0.0000860 seconds
184.284: [GC [1 CMS-initial-mark: 9155K(15744K)] 11328K(21888K), 0.0000930 secs] [Times: user=0.00 sys=0.00, real=0.00 secs] 
184.284: Total time for which application threads were stopped: 0.0003710 seconds, Stopping threads took: 0.0002550 seconds
184.284: [CMS-concurrent-mark-start]
184.287: [CMS-concurrent-mark: 0.003/0.003 secs] [Times: user=0.01 sys=0.00, real=0.00 secs] 
184.287: [CMS-concurrent-preclean-start]
184.287: [CMS-concurrent-preclean: 0.000/0.000 secs] [Times: user=0.00 sys=0.00, real=0.00 secs] 
184.287: [CMS-concurrent-abortable-preclean-start]
184.363: Application time: 0.0791370 seconds
184.405: [GC184.405: [ParNew: 5892K->402K(6144K), 0.0006160 secs] 15047K->9558K(21888K), 0.0006490 secs] [Times: user=0.00 sys=0.00, real=0.00 secs] 
184.405: Total time for which application threads were stopped: 0.0420820 seconds, Stopping threads took: 0.0413670 seconds
184.406: Application time: 0.0005400 seconds
184.406: [GC184.406: [ParNew: 5790K->504K(6144K), 0.0014660 secs] 14946K->14934K(21888K), 0.0014960 secs] [Times: user=0.01 sys=0.00, real=0.01 secs] 
184.408: Total time for which application threads were stopped: 0.0018430 seconds, Stopping threads took: 0.0002770 seconds
184.486: Application time: 0.0780230 seconds
184.508: [CMS-concurrent-abortable-preclean: 0.000/0.221 secs] [Times: user=1.40 sys=0.06, real=0.23 secs] 
184.527: [GC184.527: [ParNew: 5872K->5872K(6144K), 0.0000120 secs]184.527: [CMS (concurrent mode failure): 14429K->2693K(15744K), 0.0060250 secs] 20302K->2693K(21888K), [CMS Perm : 5141K->5141K(21248K)], 0.0060820 secs] [Times: user=0.01 sys=0.00, real=0.01 secs] 
184.533: Total time for which application threads were stopped: 0.0472390 seconds, Stopping threads took: 0.0410760 seconds
184.534: Application time: 0.0010680 seconds
184.588: [GC184.588: [ParNew: 5466K->628K(6144K), 0.0015380 secs] 8159K->6945K(21888K), 0.0015680 secs] [Times: user=0.01 sys=0.00, real=0.00 secs] 
184.589: Total time for which application threads were stopped: 0.0552540 seconds, Stopping threads took: 0.0536200 seconds
184.590: Application time: 0.0000720 seconds
184.630: [GC [1 CMS-initial-mark: 6317K(15744K)] 7736K(21888K), 0.0000980 secs] [Times: user=0.00 sys=0.00, real=0.00 secs] 
184.630: Total time for which application threads were stopped: 0.0401190 seconds, Stopping threads took: 0.0399720 seconds
184.630: [CMS-concurrent-mark-start]
184.633: [CMS-concurrent-mark: 0.004/0.004 secs] [Times: user=0.02 sys=0.00, real=0.00 secs] 
184.633: [CMS-concurrent-preclean-start]
184.633: [CMS-concurrent-preclean: 0.000/0.000 secs] [Times: user=0.00 sys=0.00, real=0.00 secs] 
184.633: [CMS-concurrent-abortable-preclean-start]
184.716: Application time: 0.0864080 seconds
184.726: [GC184.726: [ParNew: 6113K->402K(6144K), 0.0005930 secs] 12430K->6752K(21888K), 0.0006260 secs] [Times: user=0.00 sys=0.00, real=0.00 secs] 
184.726: Total time for which application threads were stopped: 0.0103750 seconds, Stopping threads took: 0.0096700 seconds
184.727: Application time: 0.0006000 seconds
184.727: [GC184.727: [ParNew: 5769K->630K(6144K), 0.0018240 secs] 12119K->12060K(21888K), 0.0018580 secs] [Times: user=0.01 sys=0.00, real=0.01 secs] 
184.729: Total time for which application threads were stopped: 0.0022080 seconds, Stopping threads took: 0.0002970 seconds
184.807: Application time: 0.0779380 seconds
184.810: [GC184.810: [ParNew: 6115K->6115K(6144K), 0.0000130 secs]184.810: [CMS184.810: [CMS-concurrent-abortable-preclean: 0.000/0.177 secs] [Times: user=1.37 sys=0.01, real=0.18 secs] 
 (concurrent mode failure): 11430K->3865K(15744K), 0.0062080 secs] 17546K->3865K(21888K), [CMS Perm : 5141K->5141K(21248K)], 0.0062730 secs] [Times: user=0.00 sys=0.00, real=0.00 secs] 
184.817: Total time for which application threads were stopped: 0.0093750 seconds, Stopping threads took: 0.0030310 seconds
184.818: Application time: 0.0012120 seconds
184.858: [GC184.858: [ParNew: 5485K->502K(6144K), 0.0013800 secs] 9350K->8284K(21888K), 0.0014150 secs] [Times: user=0.01 sys=0.00, real=0.00 secs] 
184.859: Total time for which application threads were stopped: 0.0413180 seconds, Stopping threads took: 0.0398360 seconds
184.859: Application time: 0.0001080 seconds
184.899: [GC [1 CMS-initial-mark: 7782K(15744K)] 9074K(21888K), 0.0001060 secs] [Times: user=0.00 sys=0.00, real=0.00 secs] 
184.899: Total time for which application threads were stopped: 0.0400950 seconds, Stopping threads took: 0.0399410 seconds
184.899: [CMS-concurrent-mark-start]
184.903: [CMS-concurrent-mark: 0.004/0.004 secs] [Times: user=0.01 sys=0.00, real=0.01 secs] 
184.903: [CMS-concurrent-preclean-start]
184.903: [CMS-concurrent-preclean: 0.000/0.000 secs] [Times: user=0.00 sys=0.00, real=0.00 secs] 
184.903: [CMS-concurrent-abortable-preclean-start]
184.977: Application time: 0.0774000 seconds
184.981: [GC184.981: [ParNew: 5988K->600K(6144K), 0.0003720 secs] 13770K->8382K(21888K), 0.0004040 secs] [Times: user=0.00 sys=0.00, real=0.00 secs] 
184.981: Total time for which application threads were stopped: 0.0042640 seconds, Stopping threads took: 0.0037840 seconds
184.982: Application time: 0.0005990 seconds
184.984: [GC184.984: [ParNew: 5888K->594K(6144K), 0.0017550 secs] 13670K->13656K(21888K), 0.0017870 secs] [Times: user=0.01 sys=0.00, real=0.00 secs] 
184.986: Total time for which application threads were stopped: 0.0039740 seconds, Stopping threads took: 0.0021230 seconds
185.065: Application time: 0.0791380 seconds
185.086: [CMS-concurrent-abortable-preclean: 0.000/0.183 secs] [Times: user=1.33 sys=0.01, real=0.18 secs] 
185.106: [GC185.106: [ParNew: 6079K->6079K(6144K), 0.0000150 secs]185.106: [CMS (concurrent mode failure): 13062K->1912K(15744K), 0.0057940 secs] 19142K->1912K(21888K), [CMS Perm : 5141K->5141K(21248K)], 0.0058490 secs] [Times: user=0.01 sys=0.00, real=0.01 secs] 
185.112: Total time for which application threads were stopped: 0.0472190 seconds, Stopping threads took: 0.0412980 seconds
185.113: Application time: 0.0008850 seconds
185.113: [GC185.113: [ParNew: 5485K->602K(6144K), 0.0015560 secs] 7397K->7413K(21888K), 0.0015840 secs] [Times: user=0.01 sys=0.00, real=0.00 secs] 
185.115: Total time for which application threads were stopped: 0.0019730 seconds, Stopping threads took: 0.0003360 seconds
185.115: Application time: 0.0000530 seconds
185.115: [GC [1 CMS-initial-mark: 6811K(15744K)] 7904K(21888K), 0.0000980 secs] [Times: user=0.00 sys=0.00, real=0.00 secs] 
185.115: Total time for which application threads were stopped: 0.0004180 seconds, Stopping threads took: 0.0002940 seconds
185.115: [CMS-concurrent-mark-start]
185.119: [CMS-concurrent-mark: 0.004/0.004 secs] [Times: user=0.01 sys=0.00, real=0.00 secs] 
185.119: [CMS-concurrent-preclean-start]
185.119: [CMS-concurrent-preclean: 0.000/0.000 secs] [Times: user=0.00 sys=0.00, real=0.00 secs] 
185.119: Application time: 0.0039680 seconds
185.192: [GC[YG occupancy: 2567 K (6144 K)]185.192: [Rescan (parallel) , 0.0002150 secs]185.192: [weak refs processing, 0.0000070 secs]185.192: [scrub string table, 0.0001200 secs] [1 CMS-remark: 6811K(15744K)] 9379K(21888K), 0.0003810 secs] [Times: user=0.00 sys=0.00, real=0.00 secs] 
185.192: Total time for which application threads were stopped: 0.0732010 seconds, Stopping threads took: 0.0727810 seconds
185.192: [CMS-concurrent-sweep-start]
185.193: Application time: 0.0010000 seconds
185.261: [GC185.261: [ParNew: 6067K->532K(6144K), 0.0010010 secs] 12879K->9688K(21888K), 0.0010310 secs] [Times: user=0.01 sys=0.00, real=0.00 secs] 
185.262: Total time for which application threads were stopped: 0.0684530 seconds, Stopping threads took: 0.0673500 seconds
185.262: [CMS-concurrent-sweep: 0.001/0.070 secs] [Times: user=0.24 sys=0.02, real=0.07 secs] 
185.262: [CMS-concurrent-reset-start]
185.263: [CMS-concurrent-reset: 0.000/0.000 secs] [Times: user=0.00 sys=0.00, real=0.00 secs] 
185.268: Application time: 0.0062390 seconds
185.340: [GC185.340: [ParNew: 6018K->402K(6144K), 0.0006410 secs] 15173K->9977K(21888K), 0.0006750 secs] [Times: user=0.00 sys=0.00, real=0.00 secs] 
185.340: Total time for which application threads were stopped: 0.0721170 seconds, Stopping threads took: 0.0713820 seconds
185.340: Application time: 0.0000530 seconds
185.340: [GC [1 CMS-initial-mark: 9574K(15744K)] 10374K(21888K), 0.0000950 secs] [Times: user=0.00 sys=0.00, real=0.00 secs] 
185.341: Total time for which application threads were stopped: 0.0002290 seconds, Stopping threads took: 0.0000920 seconds
185.341: [CMS-concurrent-mark-start]
185.341: Application time: 0.0008990 seconds
185.381: [GC185.381: [ParNew: 5869K->628K(6144K), 0.0017550 secs] 15443K->14695K(21888K), 0.0017930 secs] [Times: user=0.02 sys=0.01, real=0.00 secs] 
185.383: Total time for which application threads were stopped: 0.0414720 seconds, Stopping threads took: 0.0395990 seconds
185.388: [CMS-concurrent-mark: 0.006/0.048 secs] [Times: user=0.11 sys=0.03, real=0.05 secs] 
185.388: [CMS-concurrent-preclean-start]
185.388: [CMS-concurrent-preclean: 0.000/0.000 secs] [Times: user=0.00 sys=0.00, real=0.00 secs] 
185.388: [CMS-concurrent-abortable-preclean-start]
185.388: [CMS-concurrent-abortable-preclean: 0.000/0.000 secs] [Times: user=0.00 sys=0.00, real=0.00 secs] 
185.388: Application time: 0.0055700 seconds
185.461: [GC[YG occupancy: 3867 K (6144 K)]185.461: [Rescan (parallel) , 0.0002220 secs]185.461: [weak refs processing, 0.0000100 secs]185.461: [scrub string table, 0.0001450 secs] [1 CMS-remark: 14066K(15744K)] 17934K(21888K), 0.0004190 secs] [Times: user=0.00 sys=0.00, real=0.00 secs] 
185.461: Total time for which application threads were stopped: 0.0726060 seconds, Stopping threads took: 0.0721490 seconds
185.461: [CMS-concurrent-sweep-start]
185.461: Application time: 0.0004430 seconds
185.501: [GC185.501: [ParNew: 6113K->6113K(6144K), 0.0000100 secs]185.501: [CMS185.502: [CMS-concurrent-sweep: 0.001/0.041 secs] [Times: user=0.06 sys=0.02, real=0.04 secs] 
 (concurrent mode failure): 14066K->3279K(15744K), 0.0055730 secs] 20180K->3279K(21888K), [CMS Perm : 5141K->5141K(21248K)], 0.0056240 secs] [Times: user=0.01 sys=0.00, real=0.00 secs] 
185.507: Total time for which application threads were stopped: 0.0455570 seconds, Stopping threads took: 0.0398800 seconds
185.508: Application time: 0.0011930 seconds
185.562: [GC185.562: [ParNew: 5485K->598K(6144K), 0.0013350 secs] 8765K->7501K(21888K), 0.0013670 secs] [Times: user=0.00 sys=0.00, real=0.00 secs] 
185.563: Total time for which application threads were stopped: 0.0550730 seconds, Stopping threads took: 0.0536310 seconds
185.563: Application time: 0.0000650 seconds
185.564: [GC [1 CMS-initial-mark: 6903K(15744K)] 7804K(21888K), 0.0001060 secs] [Times: user=0.00 sys=0.00, real=0.00 secs] 
185.564: Total time for which application threads were stopped: 0.0003190 seconds, Stopping threads took: 0.0001910 seconds
185.564: [CMS-concurrent-mark-start]
185.567: [CMS-concurrent-mark: 0.003/0.003 secs] [Times: user=0.01 sys=0.00, real=0.00 secs] 
185.567: [CMS-concurrent-preclean-start]
185.567: [CMS-concurrent-preclean: 0.000/0.000 secs] [Times: user=0.00 sys=0.00, real=0.00 secs] 
185.567: [CMS-concurrent-abortable-preclean-start]
185.651: Application time: 0.0873360 seconds
185.655: [GC185.655: [ParNew: 6091K->506K(6144K), 0.0006020 secs] 12995K->7996K(21888K), 0.0006390 secs] [Times: user=0.00 sys=0.00, real=0.00 secs] 
185.656: Total time for which application threads were stopped: 0.0049580 seconds, Stopping threads took: 0.0042270 seconds
185.657: Application time: 0.0007140 seconds
185.697: [GC185.697: [ParNew: 5826K->638K(6144K), 0.0017560 secs] 13316K->12674K(21888K), 0.0017900 secs] [Times: user=0.01 sys=0.00, real=0.00 secs] 
185.698: Total time for which application threads were stopped: 0.0415910 seconds, Stopping threads took: 0.0397320 seconds
185.777: Application time: 0.0787880 seconds
185.778: [GC185.778: [ParNew: 6123K->6123K(6144K), 0.0000140 secs]185.778: [CMS185.778: [CMS-concurrent-abortable-preclean: 0.000/0.210 secs] [Times: user=1.40 sys=0.03, real=0.21 secs] 
 (concurrent mode failure): 12036K->3279K(15744K), 0.0059380 secs] 18160K->3279K(21888K), [CMS Perm : 5141K->5141K(21248K)], 0.0059980 secs] [Times: user=0.01 sys=0.00, real=0.01 secs] 
185.784: Total time for which application threads were stopped: 0.0065800 seconds, Stopping threads took: 0.0004980 seconds
185.785: Application time: 0.0011910 seconds
185.825: [GC185.825: [ParNew: 5485K->600K(6144K), 0.0014680 secs] 8765K->8189K(21888K), 0.0014990 secs] [Times: user=0.01 sys=0.00, real=0.00 secs] 
185.826: Total time for which application threads were stopped: 0.0414160 seconds, Stopping threads took: 0.0398640 seconds
185.826: Application time: 0.0001210 seconds
185.866: [GC [1 CMS-initial-mark: 7589K(15744K)] 8392K(21888K), 0.0001050 secs] [Times: user=0.00 sys=0.00, real=0.00 secs] 
185.866: Total time for which application threads were stopped: 0.0400390 seconds, Stopping threads took: 0.0399080 seconds
185.867: [CMS-concurrent-mark-start]
185.873: [CMS-concurrent-mark: 0.007/0.007 secs] [Times: user=0.04 sys=0.01, real=0.01 secs] 
185.873: [CMS-concurrent-preclean-start]
185.873: [CMS-concurrent-preclean: 0.000/0.000 secs] [Times: user=0.00 sys=0.00, real=0.00 secs] 
185.873: [CMS-concurrent-abortable-preclean-start]
185.951: Application time: 0.0846370 seconds
185.962: [GC185.962: [ParNew: 6085K->10K(6144K), 0.0005220 secs] 13674K->7601K(21888K), 0.0005550 secs] [Times: user=0.00 sys=0.00, real=0.00 secs] 
185.963: Total time for which application threads were stopped: 0.0118600 seconds, Stopping threads took: 0.0112420 seconds
185.963: Application time: 0.0004480 seconds
185.964: [GC185.964: [ParNew: 5495K->602K(6144K), 0.0014560 secs] 13087K->13078K(21888K), 0.0014880 secs] [Times: user=0.01 sys=0.00, real=0.00 secs] 
185.965: Total time for which application threads were stopped: 0.0019700 seconds, Stopping threads took: 0.0004080 seconds
186.044: Application time: 0.0783150 seconds
186.066: [CMS-concurrent-abortable-preclean: 0.000/0.192 secs] [Times: user=1.38 sys=0.02, real=0.19 secs] 
186.085: [GC186.085: [ParNew: 6087K->6087K(6144K), 0.0000130 secs]186.085: [CMS (concurrent mode failure): 12476K->1521K(15744K), 0.0058130 secs] 18564K->1521K(21888K), [CMS Perm : 5141K->5141K(21248K)], 0.0058730 secs] [Times: user=0.00 sys=0.00, real=0.01 secs] 
186.091: Total time for which application threads were stopped: 0.0472640 seconds, Stopping threads took: 0.0413040 seconds
186.092: Application time: 0.0008850 seconds
186.092: [GC186.092: [ParNew: 5485K->600K(6144K), 0.0018020 secs] 7007K->7021K(21888K), 0.0018300 secs] [Times: user=0.01 sys=0.00, real=0.00 secs] 
186.094: Total time for which application threads were stopped: 0.0023940 seconds, Stopping threads took: 0.0004900 seconds
186.094: Application time: 0.0000460 seconds
186.095: [GC [1 CMS-initial-mark: 6421K(15744K)] 7412K(21888K), 0.0000860 secs] [Times: user=0.00 sys=0.00, real=0.00 secs] 
186.095: Total time for which application threads were stopped: 0.0004900 seconds, Stopping threads took: 0.0003580 seconds
186.095: [CMS-concurrent-mark-start]
186.098: [CMS-concurrent-mark: 0.003/0.003 secs] [Times: user=0.01 sys=0.00, real=0.00 secs] 
186.098: [CMS-concurrent-preclean-start]
186.098: [CMS-concurrent-preclean: 0.000/0.000 secs] [Times: user=0.00 sys=0.00, real=0.00 secs] 
186.098: [CMS-concurrent-abortable-preclean-start]
186.190: Application time: 0.0947340 seconds
186.231: [GC186.231: [ParNew: 6085K->400K(6144K), 0.0004370 secs] 12506K->6822K(21888K), 0.0004730 secs] [Times: user=0.01 sys=0.00, real=0.00 secs] 
186.232: Total time for which application threads were stopped: 0.0421230 seconds, Stopping threads took: 0.0415610 seconds
186.232: Application time: 0.0006500 seconds
186.233: [GC186.233: [ParNew: 5867K->630K(6144K), 0.0016690 secs] 12289K->12228K(21888K), 0.0017040 secs] [Times: user=0.01 sys=0.00, real=0.00 secs] 
186.234: Total time for which application threads were stopped: 0.0020500 seconds, Stopping threads took: 0.0002920 seconds
186.312: Application time: 0.0777300 seconds
186.335: [CMS-concurrent-abortable-preclean: 0.000/0.236 secs] [Times: user=1.55 sys=0.03, real=0.24 secs] 
186.353: [GC186.353: [ParNew: 5998K->5998K(6144K), 0.0000120 secs]186.353: [CMS (concurrent mode failure): 11598K->2693K(15744K), 0.0055370 secs] 17596K->2693K(21888K), [CMS Perm : 5141K->5141K(21248K)], 0.0055960 secs] [Times: user=0.01 sys=0.00, real=0.00 secs] 
186.359: Total time for which application threads were stopped: 0.0469700 seconds, Stopping threads took: 0.0412880 seconds
186.360: Application time: 0.0011040 seconds
186.415: [GC186.415: [ParNew: 5483K->598K(6144K), 0.0015670 secs] 8177K->7015K(21888K), 0.0015980 secs] [Times: user=0.01 sys=0.00, real=0.00 secs] 
186.417: Total time for which application threads were stopped: 0.0567600 seconds, Stopping threads took: 0.0550900 seconds
186.417: Application time: 0.0000650 seconds
186.417: [GC [1 CMS-initial-mark: 6417K(15744K)] 8000K(21888K), 0.0000900 secs] [Times: user=0.00 sys=0.00, real=0.00 secs] 
186.417: Total time for which application threads were stopped: 0.0002030 seconds, Stopping threads took: 0.0000910 seconds
186.417: [CMS-concurrent-mark-start]
186.421: [CMS-concurrent-mark: 0.004/0.004 secs] [Times: user=0.02 sys=0.00, real=0.01 secs] 
186.421: [CMS-concurrent-preclean-start]
186.421: [CMS-concurrent-preclean: 0.000/0.000 secs] [Times: user=0.00 sys=0.00, real=0.00 secs] 
186.421: [CMS-concurrent-abortable-preclean-start]
186.502: Application time: 0.0844520 seconds
186.547: [GC186.547: [ParNew: 5985K->402K(6144K), 0.0005960 secs] 12403K->6820K(21888K), 0.0006310 secs] [Times: user=0.00 sys=0.00, real=0.01 secs] 
186.548: Total time for which application threads were stopped: 0.0460770 seconds, Stopping threads took: 0.0453700 seconds
186.548: Application time: 0.0005650 seconds
186.549: [GC186.549: [ParNew: 5886K->602K(6144K), 0.0018100 secs] 12304K->12297K(21888K), 0.0018430 secs] [Times: user=0.01 sys=0.00, real=0.00 secs] 
186.551: Total time for which application threads were stopped: 0.0023250 seconds, Stopping threads took: 0.0004080 seconds
186.628: Application time: 0.0776880 seconds
186.633: [GC186.633: [ParNew: 5989K->5989K(6144K), 0.0000140 secs]186.633: [CMS186.633: [CMS-concurrent-abortable-preclean: 0.000/0.212 secs] [Times: user=1.40 sys=0.04, real=0.21 secs] 
 (concurrent mode failure): 11695K->3963K(15744K), 0.0060620 secs] 17685K->3963K(21888K), [CMS Perm : 5141K->5141K(21248K)], 0.0061340 secs] [Times: user=0.01 sys=0.00, real=0.00 secs] 
186.639: Total time for which application threads were stopped: 0.0108630 seconds, Stopping threads took: 0.0046550 seconds
186.640: Application time: 0.0012190 seconds
186.681: [GC186.681: [ParNew: 5388K->602K(6144K), 0.0016590 secs] 9351K->8775K(21888K), 0.0016960 secs] [Times: user=0.01 sys=0.00, real=0.00 secs] 
186.683: Total time for which application threads were stopped: 0.0426560 seconds, Stopping threads took: 0.0408790 seconds
186.683: Application time: 0.0000510 seconds
186.752: [GC [1 CMS-initial-mark: 8173K(15744K)] 8978K(21888K), 0.0001080 secs] [Times: user=0.00 sys=0.00, real=0.00 secs] 
186.752: Total time for which application threads were stopped: 0.0687760 seconds, Stopping threads took: 0.0686140 seconds
186.752: [CMS-concurrent-mark-start]
186.756: [CMS-concurrent-mark: 0.004/0.004 secs] [Times: user=0.03 sys=0.00, real=0.00 secs] 
186.756: [CMS-concurrent-preclean-start]
186.756: [CMS-concurrent-preclean: 0.000/0.000 secs] [Times: user=0.00 sys=0.00, real=0.00 secs] 
186.756: [CMS-concurrent-abortable-preclean-start]
186.756: Application time: 0.0040510 seconds
186.829: [GC186.829: [ParNew: 5892K->406K(6144K), 0.0003170 secs] 14065K->8580K(21888K), 0.0015610 secs] [Times: user=0.00 sys=0.00, real=0.00 secs] 
186.831: Total time for which application threads were stopped: 0.0748320 seconds, Stopping threads took: 0.0731970 seconds
186.831: Application time: 0.0004940 seconds
186.832: [GC186.832: [ParNew: 5773K->630K(6144K), 0.0015820 secs] 13947K->13888K(21888K), 0.0016110 secs] [Times: user=0.01 sys=0.00, real=0.00 secs] 
186.833: Total time for which application threads were stopped: 0.0019770 seconds, Stopping threads took: 0.0003160 seconds
186.914: Application time: 0.0806070 seconds
186.934: [CMS-concurrent-abortable-preclean: 0.000/0.178 secs] [Times: user=1.12 sys=0.06, real=0.18 secs] 
186.954: [GC186.954: [ParNew: 5998K->5998K(6144K), 0.0000120 secs]186.954: [CMS (concurrent mode failure): 13258K->2596K(15744K), 0.0059600 secs] 19256K->2596K(21888K), [CMS Perm : 5141K->5141K(21248K)], 0.0060150 secs] [Times: user=0.01 sys=0.00, real=0.01 secs] 
186.960: Total time for which application threads were stopped: 0.0463610 seconds, Stopping threads took: 0.0402850 seconds
186.961: Application time: 0.0008740 seconds
187.003: [GC187.003: [ParNew: 5485K->598K(6144K), 0.0016620 secs] 8082K->8091K(21888K), 0.0017020 secs] [Times: user=0.01 sys=0.00, real=0.00 secs] 
187.005: Total time for which application threads were stopped: 0.0436620 seconds, Stopping threads took: 0.0418770 seconds
187.005: Application time: 0.0000380 seconds
187.005: [GC [1 CMS-initial-mark: 7493K(15744K)] 8191K(21888K), 0.0000900 secs] [Times: user=0.00 sys=0.00, real=0.00 secs] 
187.005: Total time for which application threads were stopped: 0.0003770 seconds, Stopping threads took: 0.0002430 seconds
187.005: [CMS-concurrent-mark-start]
187.009: [CMS-concurrent-mark: 0.003/0.003 secs] [Times: user=0.03 sys=0.00, real=0.01 secs] 
187.009: [CMS-concurrent-preclean-start]
187.009: [CMS-concurrent-preclean: 0.000/0.000 secs] [Times: user=0.00 sys=0.00, real=0.00 secs] 
187.009: [CMS-concurrent-abortable-preclean-start]
187.098: Application time: 0.0929150 seconds
187.139: [GC187.139: [ParNew: 5966K->237K(6144K), 0.0005800 secs] 13460K->7733K(21888K), 0.0006130 secs] [Times: user=0.00 sys=0.00, real=0.01 secs] 
187.140: Total time for which application threads were stopped: 0.0416980 seconds, Stopping threads took: 0.0410060 seconds
187.141: Application time: 0.0007210 seconds
187.141: [GC187.141: [ParNew: 5723K->630K(6144K), 0.0015310 secs] 13219K->13204K(21888K), 0.0015660 secs] [Times: user=0.01 sys=0.00, real=0.00 secs] 
187.143: Total time for which application threads were stopped: 0.0020460 seconds, Stopping threads took: 0.0004260 seconds
187.221: Application time: 0.0780670 seconds
187.243: [CMS-concurrent-abortable-preclean: 0.000/0.234 secs] [Times: user=1.49 sys=0.05, real=0.23 secs] 
187.261: [GC187.261: [ParNew: 6017K->6017K(6144K), 0.0000130 secs]187.261: [CMS (concurrent mode failure): 12574K->2694K(15744K), 0.0066870 secs] 18592K->2694K(21888K), [CMS Perm : 5141K->5141K(21248K)], 0.0067410 secs] [Times: user=0.01 sys=0.00, real=0.01 secs] 
187.268: Total time for which application threads were stopped: 0.0470370 seconds, Stopping threads took: 0.0402080 seconds
187.269: Application time: 0.0010220 seconds
187.309: [GC187.309: [ParNew: 5485K->600K(6144K), 0.0015020 secs] 8179K->7898K(21888K), 0.0015330 secs] [Times: user=0.01 sys=0.00, real=0.00 secs] 
187.310: Total time for which application threads were stopped: 0.0414350 seconds, Stopping threads took: 0.0398500 seconds
187.310: Application time: 0.0000560 seconds
187.351: [GC [1 CMS-initial-mark: 7298K(15744K)] 8588K(21888K), 0.0000940 secs] [Times: user=0.00 sys=0.00, real=0.00 secs] 
187.351: Total time for which application threads were stopped: 0.0412180 seconds, Stopping threads took: 0.0411000 seconds
187.351: [CMS-concurrent-mark-start]
187.355: [CMS-concurrent-mark: 0.004/0.004 secs] [Times: user=0.01 sys=0.00, real=0.00 secs] 
187.355: [CMS-concurrent-preclean-start]
187.356: [CMS-concurrent-preclean: 0.000/0.000 secs] [Times: user=0.00 sys=0.00, real=0.00 secs] 
187.356: [CMS-concurrent-abortable-preclean-start]
187.443: Application time: 0.0918290 seconds
187.452: [GC187.452: [ParNew: 6085K->600K(6144K), 0.0007060 secs] 13384K->8875K(21888K), 0.0007420 secs] [Times: user=0.01 sys=0.00, real=0.00 secs] 
187.453: Total time for which application threads were stopped: 0.0093900 seconds, Stopping threads took: 0.0085860 seconds
187.453: Application time: 0.0007880 seconds
187.508: [GC187.508: [ParNew: 5871K->626K(6144K), 0.0017200 secs] 14147K->12906K(21888K), 0.0017550 secs] [Times: user=0.01 sys=0.00, real=0.00 secs] 
187.510: Total time for which application threads were stopped: 0.0560790 seconds, Stopping threads took: 0.0542680 seconds
187.588: Application time: 0.0789600 seconds
187.610: [CMS-concurrent-abortable-preclean: 0.000/0.254 secs] [Times: user=1.53 sys=0.07, real=0.26 secs] 
187.640: [GC187.640: [ParNew: 5994K->5994K(6144K), 0.0000130 secs]187.640: [CMS (concurrent mode failure): 12280K->1522K(15744K), 0.0055220 secs] 18274K->1522K(21888K), [CMS Perm : 5141K->5141K(21248K)], 0.0055760 secs] [Times: user=0.01 sys=0.00, real=0.00 secs] 
187.646: Total time for which application threads were stopped: 0.0572820 seconds, Stopping threads took: 0.0516260 seconds
187.647: Application time: 0.0009720 seconds
187.647: [GC187.647: [ParNew: 5485K->598K(6144K), 0.0016460 secs] 7008K->7020K(21888K), 0.0016710 secs] [Times: user=0.01 sys=0.01, real=0.01 secs] 
187.649: Total time for which application threads were stopped: 0.0021520 seconds, Stopping threads took: 0.0004100 seconds
187.651: Application time: 0.0025950 seconds
187.726: [GC [1 CMS-initial-mark: 6421K(15744K)] 9180K(21888K), 0.0001140 secs] [Times: user=0.00 sys=0.00, real=0.00 secs] 
187.726: Total time for which application threads were stopped: 0.0749380 seconds, Stopping threads took: 0.0747710 seconds
187.726: [CMS-concurrent-mark-start]
187.728: Application time: 0.0013770 seconds
187.798: [GC187.798: [ParNew: 6083K->402K(6144K), 0.0003270 secs] 12505K->6825K(21888K), 0.0003580 secs] [Times: user=0.00 sys=0.00, real=0.00 secs] 
187.798: Total time for which application threads were stopped: 0.0705860 seconds, Stopping threads took: 0.0701500 seconds
187.800: Application time: 0.0013460 seconds
187.875: [GC187.875: [ParNew: 5790K->400K(6144K), 0.0005690 secs] 12213K->6823K(21888K), 0.0005960 secs] [Times: user=0.01 sys=0.00, real=0.00 secs] 
187.876: Total time for which application threads were stopped: 0.0762880 seconds, Stopping threads took: 0.0756230 seconds
187.877: Application time: 0.0005910 seconds
187.877: [GC187.877: [ParNew: 5767K->628K(6144K), 0.0013800 secs] 12189K->12129K(21888K), 0.0014080 secs] [Times: user=0.01 sys=0.00, real=0.00 secs] 
187.878: Total time for which application threads were stopped: 0.0015910 seconds, Stopping threads took: 0.0001360 seconds
187.880: [CMS-concurrent-mark: 0.005/0.154 secs] [Times: user=0.61 sys=0.10, real=0.16 secs] 
187.880: [CMS-concurrent-preclean-start]
187.880: [CMS-concurrent-preclean: 0.000/0.000 secs] [Times: user=0.00 sys=0.00, real=0.00 secs] 
187.881: [CMS-concurrent-abortable-preclean-start]
187.956: Application time: 0.0778630 seconds
187.981: [CMS-concurrent-abortable-preclean: 0.000/0.100 secs] [Times: user=0.69 sys=0.00, real=0.10 secs] 
187.998: [GC187.998: [ParNew: 6113K->6113K(6144K), 0.0000130 secs]187.998: [CMS (concurrent mode failure): 11501K->1717K(15744K), 0.0064890 secs] 17614K->1717K(21888K), [CMS Perm : 5141K->5141K(21248K)], 0.0065440 secs] [Times: user=0.01 sys=0.00, real=0.01 secs] 
188.005: Total time for which application threads were stopped: 0.0487690 seconds, Stopping threads took: 0.0421420 seconds
188.006: Application time: 0.0009170 seconds
188.006: [GC188.006: [ParNew: 5483K->602K(6144K), 0.0014710 secs] 7201K->7219K(21888K), 0.0014970 secs] [Times: user=0.01 sys=0.00, real=0.01 secs] 
188.008: Total time for which application threads were stopped: 0.0018330 seconds, Stopping threads took: 0.0002870 seconds
188.008: Application time: 0.0000450 seconds
188.008: [GC [1 CMS-initial-mark: 6617K(15744K)] 7609K(21888K), 0.0000980 secs] [Times: user=0.00 sys=0.00, real=0.00 secs] 
188.008: Total time for which application threads were stopped: 0.0007790 seconds, Stopping threads took: 0.0006370 seconds
188.008: [CMS-concurrent-mark-start]
188.012: [CMS-concurrent-mark: 0.003/0.003 secs] [Times: user=0.03 sys=0.00, real=0.00 secs] 
188.012: [CMS-concurrent-preclean-start]
188.012: [CMS-concurrent-preclean: 0.000/0.000 secs] [Times: user=0.00 sys=0.00, real=0.00 secs] 
188.012: [CMS-concurrent-abortable-preclean-start]
188.098: Application time: 0.0893360 seconds
188.141: [GC188.141: [ParNew: 5892K->400K(6144K), 0.0004850 secs] 12509K->7018K(21888K), 0.0005200 secs] [Times: user=0.01 sys=0.00, real=0.00 secs] 
188.142: Total time for which application threads were stopped: 0.0438400 seconds, Stopping threads took: 0.0432420 seconds
188.142: Application time: 0.0008230 seconds
188.193: [GC188.193: [ParNew: 5765K->624K(6144K), 0.0014350 secs] 12383K->11246K(21888K), 0.0014710 secs] [Times: user=0.01 sys=0.00, real=0.00 secs] 
188.195: Total time for which application threads were stopped: 0.0524090 seconds, Stopping threads took: 0.0508630 seconds
188.272: Application time: 0.0772790 seconds
188.274: [GC188.274: [ParNew: 5894K->5894K(6144K), 0.0000120 secs]188.274: [CMS188.274: [CMS-concurrent-abortable-preclean: 0.001/0.262 secs] [Times: user=1.51 sys=0.08, real=0.26 secs] 
 (concurrent mode failure): 10622K->2499K(15744K), 0.0059750 secs] 16517K->2499K(21888K), [CMS Perm : 5141K->5141K(21248K)], 0.0060400 secs] [Times: user=0.00 sys=0.00, real=0.01 secs] 
188.280: Total time for which application threads were stopped: 0.0074640 seconds, Stopping threads took: 0.0013570 seconds
188.280: Application time: 0.0008940 seconds
188.321: [GC188.321: [ParNew: 5290K->602K(6144K), 0.0014580 secs] 7789K->7510K(21888K), 0.0014880 secs] [Times: user=0.01 sys=0.00, real=0.00 secs] 
188.322: Total time for which application threads were stopped: 0.0415560 seconds, Stopping threads took: 0.0399880 seconds
188.347: Application time: 0.0254200 seconds
188.425: [GC [1 CMS-initial-mark: 6908K(15744K)] 10749K(21888K), 0.0001290 secs] [Times: user=0.00 sys=0.00, real=0.00 secs] 
188.426: Total time for which application threads were stopped: 0.0781010 seconds, Stopping threads took: 0.0779170 seconds
188.426: [CMS-concurrent-mark-start]
188.426: Application time: 0.0004480 seconds
188.426: [GC188.426: [ParNew: 5989K->600K(6144K), 0.0009070 secs] 12898K->9073K(21888K), 0.0009270 secs] [Times: user=0.00 sys=0.00, real=0.00 secs] 
188.427: Total time for which application threads were stopped: 0.0010530 seconds, Stopping threads took: 0.0000680 seconds
188.430: [CMS-concurrent-mark: 0.004/0.005 secs] [Times: user=0.02 sys=0.00, real=0.01 secs] 
188.430: [CMS-concurrent-preclean-start]
188.431: [CMS-concurrent-preclean: 0.000/0.000 secs] [Times: user=0.00 sys=0.00, real=0.00 secs] 
188.431: [CMS-concurrent-abortable-preclean-start]
188.432: Application time: 0.0044790 seconds
188.505: [GC188.505: [ParNew: 6081K->602K(6144K), 0.0004080 secs] 14554K->9075K(21888K), 0.0004410 secs] [Times: user=0.00 sys=0.00, real=0.00 secs] 
188.505: Total time for which application threads were stopped: 0.0734500 seconds, Stopping threads took: 0.0729510 seconds
188.506: Application time: 0.0007650 seconds
188.564: [GC188.564: [ParNew: 6085K->500K(6144K), 0.0010910 secs] 14559K->11904K(21888K), 0.0011240 secs] [Times: user=0.01 sys=0.00, real=0.00 secs] 
188.565: Total time for which application threads were stopped: 0.0594570 seconds, Stopping threads took: 0.0582740 seconds
188.642: Application time: 0.0771920 seconds
188.645: [GC188.645: [ParNew: 5888K->5888K(6144K), 0.0000150 secs]188.645: [CMS188.645: [CMS-concurrent-abortable-preclean: 0.000/0.215 secs] [Times: user=1.24 sys=0.10, real=0.21 secs] 
 (concurrent mode failure): 11403K->1522K(15744K), 0.0062190 secs] 17292K->1522K(21888K), [CMS Perm : 5141K->5141K(21248K)], 0.0062840 secs] [Times: user=0.01 sys=0.00, real=0.01 secs] 
188.651: Total time for which application threads were stopped: 0.0088400 seconds, Stopping threads took: 0.0024660 seconds
188.652: Application time: 0.0010290 seconds
188.653: [GC188.653: [ParNew: 5352K->612K(6144K), 0.0014360 secs] 6875K->6836K(21888K), 0.0014610 secs] [Times: user=0.00 sys=0.00, real=0.00 secs] 
188.654: Total time for which application threads were stopped: 0.0019490 seconds, Stopping threads took: 0.0004190 seconds
188.654: Application time: 0.0000790 seconds
188.655: [GC [1 CMS-initial-mark: 6224K(15744K)] 7442K(21888K), 0.0001050 secs] [Times: user=0.00 sys=0.00, real=0.00 secs] 
188.655: Total time for which application threads were stopped: 0.0003690 seconds, Stopping threads took: 0.0002180 seconds
188.655: [CMS-concurrent-mark-start]
188.658: [CMS-concurrent-mark: 0.004/0.004 secs] [Times: user=0.01 sys=0.00, real=0.00 secs] 
188.658: [CMS-concurrent-preclean-start]
188.659: [CMS-concurrent-preclean: 0.000/0.000 secs] [Times: user=0.00 sys=0.00, real=0.00 secs] 
188.659: [CMS-concurrent-abortable-preclean-start]
188.750: Application time: 0.0952490 seconds
188.802: [GC188.802: [ParNew: 6113K->225K(6144K), 0.0005100 secs] 12338K->6463K(21888K), 0.0005430 secs] [Times: user=0.00 sys=0.00, real=0.00 secs] 
188.802: Total time for which application threads were stopped: 0.0522640 seconds, Stopping threads took: 0.0516670 seconds
188.803: Application time: 0.0006140 seconds
188.803: [GC188.803: [ParNew: 5709K->616K(6144K), 0.0017530 secs] 11947K->11932K(21888K), 0.0017870 secs] [Times: user=0.01 sys=0.00, real=0.00 secs] 
188.805: Total time for which application threads were stopped: 0.0021960 seconds, Stopping threads took: 0.0003350 seconds
188.883: Application time: 0.0775160 seconds
188.885: [GC188.885: [ParNew: 5906K->5906K(6144K), 0.0000120 secs]188.885: [CMS188.885: [CMS-concurrent-abortable-preclean: 0.000/0.226 secs] [Times: user=1.55 sys=0.03, real=0.23 secs] 
 (concurrent mode failure): 11316K->3671K(15744K), 0.0061040 secs] 17222K->3671K(21888K), [CMS Perm : 5141K->5141K(21248K)], 0.0061720 secs] [Times: user=0.01 sys=0.00, real=0.01 secs] 
188.891: Total time for which application threads were stopped: 0.0082860 seconds, Stopping threads took: 0.0020340 seconds
188.892: Application time: 0.0012300 seconds
188.962: [GC188.962: [ParNew: 5466K->628K(6144K), 0.0012010 secs] 9137K->7139K(21888K), 0.0012430 secs] [Times: user=0.00 sys=0.00, real=0.00 secs] 
188.963: Total time for which application threads were stopped: 0.0713490 seconds, Stopping threads took: 0.0700290 seconds
188.964: Application time: 0.0001280 seconds
189.003: [GC [1 CMS-initial-mark: 6511K(15744K)] 7835K(21888K), 0.0001170 secs] [Times: user=0.00 sys=0.00, real=0.00 secs] 
189.003: Total time for which application threads were stopped: 0.0399550 seconds, Stopping threads took: 0.0398100 seconds
189.004: [CMS-concurrent-mark-start]
189.011: [CMS-concurrent-mark: 0.007/0.007 secs] [Times: user=0.04 sys=0.00, real=0.01 secs] 
189.011: [CMS-concurrent-preclean-start]
189.011: [CMS-concurrent-preclean: 0.000/0.000 secs] [Times: user=0.00 sys=0.00, real=0.00 secs] 
189.011: [CMS-concurrent-abortable-preclean-start]
189.011: Application time: 0.0075890 seconds
189.081: [GC189.081: [ParNew: 6094K->235K(6144K), 0.0004850 secs] 12606K->6779K(21888K), 0.0005150 secs] [Times: user=0.00 sys=0.00, real=0.00 secs] 
189.082: Total time for which application threads were stopped: 0.0706230 seconds, Stopping threads took: 0.0700550 seconds
189.082: Application time: 0.0004620 seconds
189.083: [GC189.083: [ParNew: 5721K->630K(6144K), 0.0018490 secs] 12265K->12257K(21888K), 0.0018830 secs] [Times: user=0.01 sys=0.00, real=0.00 secs] 
189.084: Total time for which application threads were stopped: 0.0022820 seconds, Stopping threads took: 0.0003470 seconds
189.162: Application time: 0.0776210 seconds
189.185: [CMS-concurrent-abortable-preclean: 0.000/0.174 secs] [Times: user=1.21 sys=0.07, real=0.17 secs] 
189.204: [GC189.204: [ParNew: 6115K->6115K(6144K), 0.0000140 secs]189.204: [CMS (concurrent mode failure): 11627K->1718K(15744K), 0.0065790 secs] 17742K->1718K(21888K), [CMS Perm : 5141K->5141K(21248K)], 0.0066360 secs] [Times: user=0.00 sys=0.00, real=0.01 secs] 
189.211: Total time for which application threads were stopped: 0.0486320 seconds, Stopping threads took: 0.0419040 seconds
189.212: Application time: 0.0009640 seconds
189.212: [GC189.212: [ParNew: 5483K->602K(6144K), 0.0014630 secs] 7201K->7219K(21888K), 0.0014910 secs] [Times: user=0.01 sys=0.00, real=0.00 secs] 
189.214: Total time for which application threads were stopped: 0.0019300 seconds, Stopping threads took: 0.0003640 seconds
189.214: Application time: 0.0000190 seconds
189.214: [GC [1 CMS-initial-mark: 6617K(15744K)] 7610K(21888K), 0.0000920 secs] [Times: user=0.00 sys=0.00, real=0.00 secs] 
189.214: Total time for which application threads were stopped: 0.0002720 seconds, Stopping threads took: 0.0001560 seconds
189.214: [CMS-concurrent-mark-start]
189.218: [CMS-concurrent-mark: 0.004/0.004 secs] [Times: user=0.02 sys=0.00, real=0.00 secs] 
189.218: [CMS-concurrent-preclean-start]
189.218: [CMS-concurrent-preclean: 0.000/0.000 secs] [Times: user=0.00 sys=0.00, real=0.00 secs] 
189.218: [CMS-concurrent-abortable-preclean-start]
189.307: Application time: 0.0935570 seconds
189.361: [GC189.361: [ParNew: 5892K->404K(6144K), 0.0003540 secs] 12509K->7023K(21888K), 0.0003880 secs] [Times: user=0.00 sys=0.00, real=0.00 secs] 
189.362: Total time for which application threads were stopped: 0.0542060 seconds, Stopping threads took: 0.0537420 seconds
189.362: Application time: 0.0005600 seconds
189.363: [GC189.363: [ParNew: 5888K->598K(6144K), 0.0016000 secs] 12506K->12490K(21888K), 0.0016360 secs] [Times: user=0.02 sys=0.00, real=0.00 secs] 
189.364: Total time for which application threads were stopped: 0.0020960 seconds, Stopping threads took: 0.0004080 seconds
189.442: Application time: 0.0778860 seconds
189.445: [GC189.445: [ParNew: 6063K->6063K(6144K), 0.0000120 secs]189.445: [CMS189.445: [CMS-concurrent-abortable-preclean: 0.000/0.227 secs] [Times: user=1.53 sys=0.03, real=0.23 secs] 
 (concurrent mode failure): 11892K->3964K(15744K), 0.0062960 secs] 17956K->3964K(21888K), [CMS Perm : 5141K->5141K(21248K)], 0.0063650 secs] [Times: user=0.01 sys=0.00, real=0.01 secs] 
189.451: Total time for which application threads were stopped: 0.0088510 seconds, Stopping threads took: 0.0023880 seconds
189.452: Application time: 0.0012910 seconds
189.508: [GC189.508: [ParNew: 5368K->628K(6144K), 0.0013870 secs] 9333K->8313K(21888K), 0.0014240 secs] [Times: user=0.01 sys=0.01, real=0.00 secs] 
189.510: Total time for which application threads were stopped: 0.0573450 seconds, Stopping threads took: 0.0558620 seconds
189.510: Application time: 0.0000630 seconds
189.585: [GC [1 CMS-initial-mark: 7685K(15744K)] 8712K(21888K), 0.0001060 secs] [Times: user=0.00 sys=0.00, real=0.00 secs] 
189.585: Total time for which application threads were stopped: 0.0753560 seconds, Stopping threads took: 0.0752220 seconds
189.585: [CMS-concurrent-mark-start]
189.586: Application time: 0.0010720 seconds
189.626: [GC189.626: [ParNew: 6113K->600K(6144K), 0.0011820 secs] 13799K->11444K(21888K), 0.0012130 secs] [Times: user=0.01 sys=0.00, real=0.00 secs] 
189.627: Total time for which application threads were stopped: 0.0410470 seconds, Stopping threads took: 0.0397830 seconds
189.630: [CMS-concurrent-mark: 0.004/0.045 secs] [Times: user=0.14 sys=0.01, real=0.05 secs] 
189.630: [CMS-concurrent-preclean-start]
189.631: [CMS-concurrent-preclean: 0.000/0.000 secs] [Times: user=0.00 sys=0.00, real=0.00 secs] 
189.631: [CMS-concurrent-abortable-preclean-start]
189.705: Application time: 0.0779550 seconds
189.711: [GC189.711: [ParNew: 6085K->6085K(6144K), 0.0000160 secs]189.711: [CMS189.712: [CMS-concurrent-abortable-preclean: 0.000/0.081 secs] [Times: user=0.62 sys=0.01, real=0.08 secs] 
 (concurrent mode failure): 10843K->1913K(15744K), 0.0057940 secs] 16929K->1913K(21888K), [CMS Perm : 5141K->5141K(21248K)], 0.0058570 secs] [Times: user=0.01 sys=0.00, real=0.00 secs] 
189.717: Total time for which application threads were stopped: 0.0121120 seconds, Stopping threads took: 0.0061810 seconds
189.718: Application time: 0.0010150 seconds
189.719: [GC189.719: [ParNew: 5450K->516K(6144K), 0.0014810 secs] 7363K->7327K(21888K), 0.0015110 secs] [Times: user=0.01 sys=0.00, real=0.01 secs] 
189.720: Total time for which application threads were stopped: 0.0018780 seconds, Stopping threads took: 0.0003150 seconds
189.720: Application time: 0.0000450 seconds
189.769: [GC [1 CMS-initial-mark: 6811K(15744K)] 7447K(21888K), 0.0001110 secs] [Times: user=0.00 sys=0.00, real=0.00 secs] 
189.769: Total time for which application threads were stopped: 0.0486220 seconds, Stopping threads took: 0.0484640 seconds
189.769: [CMS-concurrent-mark-start]
189.773: [CMS-concurrent-mark: 0.004/0.004 secs] [Times: user=0.02 sys=0.00, real=0.00 secs] 
189.773: [CMS-concurrent-preclean-start]
189.773: [CMS-concurrent-preclean: 0.000/0.000 secs] [Times: user=0.00 sys=0.00, real=0.00 secs] 
189.773: Application time: 0.0040050 seconds
189.846: [GC[YG occupancy: 2306 K (6144 K)]189.846: [Rescan (parallel) , 0.0001660 secs]189.846: [weak refs processing, 0.0000070 secs]189.846: [scrub string table, 0.0000940 secs] [1 CMS-remark: 6811K(15744K)] 9117K(21888K), 0.0003020 secs] [Times: user=0.00 sys=0.00, real=0.00 secs] 
189.846: Total time for which application threads were stopped: 0.0732740 seconds, Stopping threads took: 0.0729410 seconds
189.846: [CMS-concurrent-sweep-start]
189.847: Application time: 0.0005960 seconds
189.847: [GC189.847: [ParNew: 5900K->630K(6144K), 0.0009530 secs] 12711K->10597K(21888K), 0.0009790 secs] [Times: user=0.01 sys=0.00, real=0.01 secs] 
189.848: Total time for which application threads were stopped: 0.0012120 seconds, Stopping threads took: 0.0001640 seconds
189.848: [CMS-concurrent-sweep: 0.001/0.002 secs] [Times: user=0.01 sys=0.00, real=0.01 secs] 
189.848: [CMS-concurrent-reset-start]
189.849: [CMS-concurrent-reset: 0.000/0.000 secs] [Times: user=0.00 sys=0.00, real=0.00 secs] 
189.921: Application time: 0.0733170 seconds
189.932: [GC189.932: [ParNew: 5920K->398K(6144K), 0.0005580 secs] 14881K->9388K(21888K), 0.0005950 secs] [Times: user=0.00 sys=0.00, real=0.00 secs] 
189.933: Total time for which application threads were stopped: 0.0116510 seconds, Stopping threads took: 0.0109740 seconds
189.933: Application time: 0.0001270 seconds
189.933: [GC [1 CMS-initial-mark: 8989K(15744K)] 10567K(21888K), 0.0000900 secs] [Times: user=0.00 sys=0.00, real=0.00 secs] 
189.933: Total time for which application threads were stopped: 0.0002000 seconds, Stopping threads took: 0.0000860 seconds
189.933: [CMS-concurrent-mark-start]
189.934: Application time: 0.0006450 seconds
189.974: [GC189.974: [ParNew: 5786K->600K(6144K), 0.0012370 secs] 14776K->13692K(21888K), 0.0012640 secs] [Times: user=0.01 sys=0.00, real=0.00 secs] 
189.975: Total time for which application threads were stopped: 0.0412080 seconds, Stopping threads took: 0.0398910 seconds
189.978: [CMS-concurrent-mark: 0.004/0.045 secs] [Times: user=0.09 sys=0.03, real=0.04 secs] 
189.978: [CMS-concurrent-preclean-start]
189.979: [CMS-concurrent-preclean: 0.000/0.000 secs] [Times: user=0.00 sys=0.00, real=0.00 secs] 
189.979: [CMS-concurrent-abortable-preclean-start]
189.979: [CMS-concurrent-abortable-preclean: 0.000/0.000 secs] [Times: user=0.00 sys=0.00, real=0.00 secs] 
189.979: Application time: 0.0035150 seconds
190.058: [GC[YG occupancy: 3446 K (6144 K)]190.058: [Rescan (parallel) , 0.0003190 secs]190.058: [weak refs processing, 0.0000080 secs]190.058: [scrub string table, 0.0001100 secs] [1 CMS-remark: 13091K(15744K)] 16538K(21888K), 0.0004760 secs] [Times: user=0.00 sys=0.00, real=0.00 secs] 
190.058: Total time for which application threads were stopped: 0.0796060 seconds, Stopping threads took: 0.0790810 seconds
190.058: [CMS-concurrent-sweep-start]
190.059: Application time: 0.0005370 seconds
190.059: [GC190.059: [ParNew: 5987K->5987K(6144K), 0.0000100 secs]190.059: [CMS190.059: [CMS-concurrent-sweep: 0.001/0.001 secs] [Times: user=0.01 sys=0.00, real=0.00 secs] 
 (concurrent mode failure): 13091K->3867K(15744K), 0.0057050 secs] 19079K->3867K(21888K), [CMS Perm : 5141K->5141K(21248K)], 0.0057560 secs] [Times: user=0.00 sys=0.00, real=0.01 secs] 
190.065: Total time for which application threads were stopped: 0.0058660 seconds, Stopping threads took: 0.0000320 seconds
190.066: Application time: 0.0010080 seconds
190.106: [GC190.106: [ParNew: 5483K->596K(6144K), 0.0014410 secs] 9350K->8186K(21888K), 0.0014740 secs] [Times: user=0.01 sys=0.00, real=0.00 secs] 
190.107: Total time for which application threads were stopped: 0.0415890 seconds, Stopping threads took: 0.0400370 seconds
190.107: Application time: 0.0000510 seconds
190.149: [GC [1 CMS-initial-mark: 7590K(15744K)] 8583K(21888K), 0.0001200 secs] [Times: user=0.00 sys=0.00, real=0.00 secs] 
190.149: Total time for which application threads were stopped: 0.0414350 seconds, Stopping threads took: 0.0412780 seconds
190.149: [CMS-concurrent-mark-start]
190.153: [CMS-concurrent-mark: 0.004/0.004 secs] [Times: user=0.03 sys=0.00, real=0.00 secs] 
190.153: [CMS-concurrent-preclean-start]
190.153: [CMS-concurrent-preclean: 0.000/0.000 secs] [Times: user=0.00 sys=0.00, real=0.00 secs] 
190.153: [CMS-concurrent-abortable-preclean-start]
190.236: Application time: 0.0873430 seconds
190.248: [GC190.248: [ParNew: 5964K->432K(6144K), 0.0005150 secs] 13555K->8023K(21888K), 0.0005480 secs] [Times: user=0.00 sys=0.00, real=0.00 secs] 
190.249: Total time for which application threads were stopped: 0.0125260 seconds, Stopping threads took: 0.0119030 seconds
190.249: Application time: 0.0004550 seconds
190.250: [GC190.250: [ParNew: 5916K->600K(6144K), 0.0016980 secs] 13507K->13497K(21888K), 0.0017320 secs] [Times: user=0.01 sys=0.00, real=0.00 secs] 
190.251: Total time for which application threads were stopped: 0.0021600 seconds, Stopping threads took: 0.0003760 seconds
190.330: Application time: 0.0784990 seconds
190.352: [CMS-concurrent-abortable-preclean: 0.000/0.199 secs] [Times: user=1.41 sys=0.02, real=0.20 secs] 
190.370: [GC190.370: [ParNew: 6065K->6065K(6144K), 0.0000130 secs]190.370: [CMS (concurrent mode failure): 12897K->2890K(15744K), 0.0059950 secs] 18963K->2890K(21888K), [CMS Perm : 5141K->5141K(21248K)], 0.0060490 secs] [Times: user=0.01 sys=0.00, real=0.00 secs] 
190.376: Total time for which application threads were stopped: 0.0464260 seconds, Stopping threads took: 0.0403150 seconds
190.377: Application time: 0.0011170 seconds
190.417: [GC190.417: [ParNew: 5485K->598K(6144K), 0.0014220 secs] 8376K->8093K(21888K), 0.0014530 secs] [Times: user=0.01 sys=0.00, real=0.00 secs] 
190.419: Total time for which application threads were stopped: 0.0414180 seconds, Stopping threads took: 0.0398880 seconds
190.419: Application time: 0.0000460 seconds
190.459: [GC [1 CMS-initial-mark: 7494K(15744K)] 8392K(21888K), 0.0001070 secs] [Times: user=0.00 sys=0.00, real=0.00 secs] 
190.459: Total time for which application threads were stopped: 0.0400750 seconds, Stopping threads took: 0.0399200 seconds
190.459: [CMS-concurrent-mark-start]
190.466: [CMS-concurrent-mark: 0.007/0.007 secs] [Times: user=0.04 sys=0.00, real=0.01 secs] 
190.466: [CMS-concurrent-preclean-start]
190.466: [CMS-concurrent-preclean: 0.000/0.000 secs] [Times: user=0.00 sys=0.00, real=0.00 secs] 
190.466: [CMS-concurrent-abortable-preclean-start]
190.537: Application time: 0.0785110 seconds
190.582: [GC190.582: [ParNew: 5985K->598K(6144K), 0.0003820 secs] 13480K->8095K(21888K), 0.0004140 secs] [Times: user=0.00 sys=0.00, real=0.00 secs] 
190.583: Total time for which application threads were stopped: 0.0451690 seconds, Stopping threads took: 0.0446720 seconds
190.583: Application time: 0.0005060 seconds
190.583: [GC190.583: [ParNew: 6081K->596K(6144K), 0.0016620 secs] 13579K->13562K(21888K), 0.0016930 secs] [Times: user=0.02 sys=0.00, real=0.00 secs] 
190.585: Total time for which application threads were stopped: 0.0021010 seconds, Stopping threads took: 0.0003500 seconds
190.664: Application time: 0.0791390 seconds
190.685: [CMS-concurrent-abortable-preclean: 0.000/0.219 secs] [Times: user=1.36 sys=0.03, real=0.22 secs] 
190.705: [GC190.705: [ParNew: 5983K->5983K(6144K), 0.0000150 secs]190.705: [CMS (concurrent mode failure): 12966K->3085K(15744K), 0.0059980 secs] 18950K->3085K(21888K), [CMS Perm : 5141K->5141K(21248K)], 0.0060560 secs] [Times: user=0.01 sys=0.00, real=0.01 secs] 
190.711: Total time for which application threads were stopped: 0.0465660 seconds, Stopping threads took: 0.0404450 seconds
190.712: Application time: 0.0009950 seconds
190.752: [GC190.752: [ParNew: 5485K->598K(6144K), 0.0013660 secs] 8571K->8288K(21888K), 0.0013970 secs] [Times: user=0.01 sys=0.00, real=0.00 secs] 
190.753: Total time for which application threads were stopped: 0.0413630 seconds, Stopping threads took: 0.0399130 seconds
190.753: Application time: 0.0001040 seconds
190.793: [GC [1 CMS-initial-mark: 7690K(15744K)] 9177K(21888K), 0.0001210 secs] [Times: user=0.00 sys=0.00, real=0.00 secs] 
190.793: Total time for which application threads were stopped: 0.0400460 seconds, Stopping threads took: 0.0398990 seconds
190.793: [CMS-concurrent-mark-start]
190.801: [CMS-concurrent-mark: 0.007/0.007 secs] [Times: user=0.05 sys=0.00, real=0.01 secs] 
190.801: [CMS-concurrent-preclean-start]
190.801: [CMS-concurrent-preclean: 0.000/0.000 secs] [Times: user=0.00 sys=0.00, real=0.00 secs] 
190.801: [CMS-concurrent-abortable-preclean-start]
190.881: Application time: 0.0871910 seconds
190.920: [GC190.920: [ParNew: 5985K->400K(6144K), 0.0004130 secs] 13676K->8482K(21888K), 0.0004470 secs] [Times: user=0.00 sys=0.00, real=0.00 secs] 
190.920: Total time for which application threads were stopped: 0.0397340 seconds, Stopping threads took: 0.0392100 seconds
190.921: Application time: 0.0007230 seconds
190.961: [GC190.961: [ParNew: 5867K->628K(6144K), 0.0014360 secs] 13948K->13201K(21888K), 0.0014720 secs] [Times: user=0.01 sys=0.00, real=0.00 secs] 
190.962: Total time for which application threads were stopped: 0.0412670 seconds, Stopping threads took: 0.0397160 seconds
191.040: Application time: 0.0781720 seconds
191.041: [GC191.041: [ParNew: 6113K->6113K(6144K), 0.0000120 secs]191.041: [CMS191.041: [CMS-concurrent-abortable-preclean: 0.000/0.240 secs] [Times: user=1.44 sys=0.04, real=0.24 secs] 
 (concurrent mode failure): 12573K->3281K(15744K), 0.0054760 secs] 18687K->3281K(21888K), [CMS Perm : 5141K->5141K(21248K)], 0.0055420 secs] [Times: user=0.00 sys=0.00, real=0.00 secs] 
191.047: Total time for which application threads were stopped: 0.0063510 seconds, Stopping threads took: 0.0007400 seconds
191.048: Application time: 0.0012260 seconds
191.088: [GC191.088: [ParNew: 5466K->532K(6144K), 0.0014990 secs] 8747K->8122K(21888K), 0.0015300 secs] [Times: user=0.01 sys=0.00, real=0.00 secs] 
191.089: Total time for which application threads were stopped: 0.0414030 seconds, Stopping threads took: 0.0398110 seconds
191.096: Application time: 0.0060390 seconds
191.168: [GC [1 CMS-initial-mark: 7590K(15744K)] 11457K(21888K), 0.0001440 secs] [Times: user=0.00 sys=0.00, real=0.00 secs] 
191.168: Total time for which application threads were stopped: 0.0727900 seconds, Stopping threads took: 0.0726130 seconds
191.168: [CMS-concurrent-mark-start]
191.169: Application time: 0.0004560 seconds
191.209: [GC191.209: [ParNew: 5998K->628K(6144K), 0.0007890 secs] 13589K->9616K(21888K), 0.0008140 secs] [Times: user=0.00 sys=0.01, real=0.00 secs] 
191.209: Total time for which application threads were stopped: 0.0407350 seconds, Stopping threads took: 0.0398570 seconds
191.213: [CMS-concurrent-mark: 0.004/0.045 secs] [Times: user=0.08 sys=0.03, real=0.04 secs] 
191.213: [CMS-concurrent-preclean-start]
191.213: [CMS-concurrent-preclean: 0.000/0.000 secs] [Times: user=0.00 sys=0.00, real=0.00 secs] 
191.213: [CMS-concurrent-abortable-preclean-start]
191.213: Application time: 0.0035940 seconds
191.287: [GC191.287: [ParNew: 5916K->402K(6144K), 0.0005240 secs] 14904K->9422K(21888K), 0.0005530 secs] [Times: user=0.00 sys=0.00, real=0.01 secs] 
191.287: Total time for which application threads were stopped: 0.0743900 seconds, Stopping threads took: 0.0737740 seconds
191.288: Application time: 0.0004840 seconds
191.288: [GC191.288: [ParNew: 5886K->598K(6144K), 0.0016360 secs] 14906K->14891K(21888K), 0.0016700 secs] [Times: user=0.01 sys=0.00, real=0.00 secs] 
191.290: Total time for which application threads were stopped: 0.0020100 seconds, Stopping threads took: 0.0002870 seconds
191.290: [CMS-concurrent-abortable-preclean: 0.000/0.077 secs] [Times: user=0.44 sys=0.05, real=0.08 secs] 
191.290: Application time: 0.0002520 seconds
191.330: [GC[YG occupancy: 1979 K (6144 K)]191.330: [Rescan (parallel) , 0.0002310 secs]191.330: [weak refs processing, 0.0000170 secs]191.330: [scrub string table, 0.0000800 secs] [1 CMS-remark: 14293K(15744K)] 16273K(21888K), 0.0003640 secs] [Times: user=0.01 sys=0.00, real=0.00 secs] 
191.331: Total time for which application threads were stopped: 0.0403530 seconds, Stopping threads took: 0.0399350 seconds
191.331: [CMS-concurrent-sweep-start]
191.332: [CMS-concurrent-sweep: 0.001/0.001 secs] [Times: user=0.00 sys=0.00, real=0.00 secs] 
191.332: [CMS-concurrent-reset-start]
191.332: [CMS-concurrent-reset: 0.000/0.000 secs] [Times: user=0.00 sys=0.00, real=0.00 secs] 
191.408: Application time: 0.0774550 seconds
191.411: [GC191.411: [ParNew: 6083K->598K(6144K), 0.0006610 secs] 14854K->9759K(21888K), 0.0006950 secs] [Times: user=0.01 sys=0.00, real=0.00 secs] 
191.412: Total time for which application threads were stopped: 0.0040730 seconds, Stopping threads took: 0.0033200 seconds
191.412: Application time: 0.0001850 seconds
191.413: [GC [1 CMS-initial-mark: 9161K(15744K)] 11039K(21888K), 0.0000940 secs] [Times: user=0.00 sys=0.00, real=0.00 secs] 
191.413: Total time for which application threads were stopped: 0.0003950 seconds, Stopping threads took: 0.0002820 seconds
191.413: [CMS-concurrent-mark-start]
191.414: Application time: 0.0009710 seconds
191.468: [GC191.468: [ParNew: 6064K->628K(6144K), 0.0009440 secs] 15226K->12329K(21888K), 0.0009740 secs] [Times: user=0.01 sys=0.00, real=0.00 secs] 
191.469: Total time for which application threads were stopped: 0.0554820 seconds, Stopping threads took: 0.0544390 seconds
191.472: [CMS-concurrent-mark: 0.004/0.060 secs] [Times: user=0.21 sys=0.03, real=0.06 secs] 
191.472: [CMS-concurrent-preclean-start]
191.472: [CMS-concurrent-preclean: 0.000/0.000 secs] [Times: user=0.00 sys=0.00, real=0.00 secs] 
191.472: [CMS-concurrent-abortable-preclean-start]
191.472: [CMS-concurrent-abortable-preclean: 0.000/0.000 secs] [Times: user=0.00 sys=0.00, real=0.00 secs] 
191.473: Application time: 0.0033500 seconds
191.546: [GC[YG occupancy: 5135 K (6144 K)]191.546: [Rescan (parallel) , 0.0003440 secs]191.546: [weak refs processing, 0.0000070 secs]191.546: [scrub string table, 0.0000960 secs] [1 CMS-remark: 11701K(15744K)] 16836K(21888K), 0.0004880 secs] [Times: user=0.00 sys=0.00, real=0.00 secs] 
191.547: Total time for which application threads were stopped: 0.0740190 seconds, Stopping threads took: 0.0734930 seconds
191.547: [CMS-concurrent-sweep-start]
191.547: Application time: 0.0001900 seconds
191.547: [GC191.547: [ParNew: 6111K->6111K(6144K), 0.0000090 secs]191.547: [CMS191.547: [CMS-concurrent-sweep: 0.000/0.001 secs] [Times: user=0.00 sys=0.00, real=0.00 secs] 
 (concurrent mode failure): 11701K->3476K(15744K), 0.0056810 secs] 17812K->3476K(21888K), [CMS Perm : 5141K->5141K(21248K)], 0.0057320 secs] [Times: user=0.01 sys=0.00, real=0.01 secs] 
191.553: Total time for which application threads were stopped: 0.0060130 seconds, Stopping threads took: 0.0002090 seconds
191.554: Application time: 0.0010210 seconds
191.594: [GC191.594: [ParNew: 5485K->596K(6144K), 0.0017200 secs] 8962K->8577K(21888K), 0.0017580 secs] [Times: user=0.02 sys=0.00, real=0.00 secs] 
191.596: Total time for which application threads were stopped: 0.0425170 seconds, Stopping threads took: 0.0406710 seconds
191.596: Application time: 0.0000600 seconds
191.638: [GC [1 CMS-initial-mark: 7981K(15744K)] 8878K(21888K), 0.0001000 secs] [Times: user=0.00 sys=0.00, real=0.00 secs] 
191.638: Total time for which application threads were stopped: 0.0414080 seconds, Stopping threads took: 0.0412850 seconds
191.638: [CMS-concurrent-mark-start]
191.640: [CMS-concurrent-mark: 0.002/0.002 secs] [Times: user=0.01 sys=0.00, real=0.01 secs] 
191.640: [CMS-concurrent-preclean-start]
191.640: [CMS-concurrent-preclean: 0.000/0.000 secs] [Times: user=0.00 sys=0.00, real=0.00 secs] 
191.640: Application time: 0.0026360 seconds
191.694: [GC[YG occupancy: 2370 K (6144 K)]191.694: [Rescan (parallel) , 0.0001500 secs]191.694: [weak refs processing, 0.0000060 secs]191.694: [scrub string table, 0.0000940 secs] [1 CMS-remark: 7981K(15744K)] 10352K(21888K), 0.0002750 secs] [Times: user=0.00 sys=0.00, real=0.00 secs] 
191.695: Total time for which application threads were stopped: 0.0541760 seconds, Stopping threads took: 0.0538520 seconds
191.695: [CMS-concurrent-sweep-start]
191.695: Application time: 0.0006740 seconds
191.735: [GC191.735: [ParNew: 6081K->598K(6144K), 0.0014380 secs] 14063K->12486K(21888K), 0.0014760 secs] [Times: user=0.01 sys=0.00, real=0.00 secs] 
191.737: Total time for which application threads were stopped: 0.0414050 seconds, Stopping threads took: 0.0398570 seconds
191.737: [CMS-concurrent-sweep: 0.001/0.043 secs] [Times: user=0.09 sys=0.01, real=0.04 secs] 
191.737: [CMS-concurrent-reset-start]
191.738: [CMS-concurrent-reset: 0.000/0.000 secs] [Times: user=0.00 sys=0.00, real=0.00 secs] 
191.814: Application time: 0.0775780 seconds
191.816: [GC191.816: [ParNew: 5966K->630K(6144K), 0.0007430 secs] 14142K->9392K(21888K), 0.0007760 secs] [Times: user=0.00 sys=0.00, real=0.00 secs] 
191.817: Total time for which application threads were stopped: 0.0029260 seconds, Stopping threads took: 0.0020760 seconds
191.817: Application time: 0.0001490 seconds
191.818: [GC [1 CMS-initial-mark: 8762K(15744K)] 11064K(21888K), 0.0000920 secs] [Times: user=0.00 sys=0.00, real=0.00 secs] 
191.818: Total time for which application threads were stopped: 0.0004420 seconds, Stopping threads took: 0.0003070 seconds
191.818: [CMS-concurrent-mark-start]
191.818: Application time: 0.0007020 seconds
191.860: [GC191.860: [ParNew: 6115K->602K(6144K), 0.0013590 secs] 14877K->13108K(21888K), 0.0013970 secs] [Times: user=0.01 sys=0.00, real=0.00 secs] 
191.861: Total time for which application threads were stopped: 0.0429730 seconds, Stopping threads took: 0.0415290 seconds
191.865: [CMS-concurrent-mark: 0.004/0.047 secs] [Times: user=0.15 sys=0.01, real=0.05 secs] 
191.865: [CMS-concurrent-preclean-start]
191.865: [CMS-concurrent-preclean: 0.000/0.000 secs] [Times: user=0.00 sys=0.00, real=0.00 secs] 
191.865: [CMS-concurrent-abortable-preclean-start]
191.865: [CMS-concurrent-abortable-preclean: 0.000/0.000 secs] [Times: user=0.00 sys=0.00, real=0.00 secs] 
191.865: Application time: 0.0035020 seconds
191.938: [GC[YG occupancy: 4425 K (6144 K)]191.938: [Rescan (parallel) , 0.0003860 secs]191.939: [weak refs processing, 0.0000070 secs]191.939: [scrub string table, 0.0001180 secs] [1 CMS-remark: 12505K(15744K)] 16931K(21888K), 0.0005430 secs] [Times: user=0.00 sys=0.00, real=0.00 secs] 
191.939: Total time for which application threads were stopped: 0.0740100 seconds, Stopping threads took: 0.0734330 seconds
191.939: [CMS-concurrent-sweep-start]
191.939: Application time: 0.0005100 seconds
191.979: [GC191.979: [ParNew: 6038K->6038K(6144K), 0.0000100 secs]191.979: [CMS191.980: [CMS-concurrent-sweep: 0.001/0.041 secs] [Times: user=0.06 sys=0.03, real=0.05 secs] 
 (concurrent mode failure): 12505K->3696K(15744K), 0.0066310 secs] 18543K->3696K(21888K), [CMS Perm : 5141K->5141K(21248K)], 0.0066790 secs] [Times: user=0.00 sys=0.00, real=0.01 secs] 
191.986: Total time for which application threads were stopped: 0.0465560 seconds, Stopping threads took: 0.0398030 seconds
191.987: Application time: 0.0009650 seconds
192.027: [GC192.027: [ParNew: 5415K->630K(6144K), 0.0015170 secs] 9112K->8833K(21888K), 0.0015490 secs] [Times: user=0.01 sys=0.01, real=0.01 secs] 
192.028: Total time for which application threads were stopped: 0.0414980 seconds, Stopping threads took: 0.0398750 seconds
192.029: Application time: 0.0000710 seconds
192.068: [GC [1 CMS-initial-mark: 8203K(15744K)] 9327K(21888K), 0.0000990 secs] [Times: user=0.00 sys=0.00, real=0.00 secs] 
192.069: Total time for which application threads were stopped: 0.0400600 seconds, Stopping threads took: 0.0399170 seconds
192.069: [CMS-concurrent-mark-start]
192.072: [CMS-concurrent-mark: 0.004/0.004 secs] [Times: user=0.02 sys=0.00, real=0.00 secs] 
192.072: [CMS-concurrent-preclean-start]
192.073: [CMS-concurrent-preclean: 0.000/0.000 secs] [Times: user=0.00 sys=0.00, real=0.00 secs] 
192.073: Application time: 0.0040000 seconds
192.146: [GC[YG occupancy: 2623 K (6144 K)]192.146: [Rescan (parallel) , 0.0002830 secs]192.146: [weak refs processing, 0.0000070 secs]192.146: [scrub string table, 0.0001370 secs] [1 CMS-remark: 8203K(15744K)] 10827K(21888K), 0.0004700 secs] [Times: user=0.00 sys=0.00, real=0.00 secs] 
192.146: Total time for which application threads were stopped: 0.0735780 seconds, Stopping threads took: 0.0730610 seconds
192.146: [CMS-concurrent-sweep-start]
192.147: Application time: 0.0007640 seconds
192.187: [GC192.187: [ParNew: 5998K->630K(6144K), 0.0012380 secs] 14201K->11598K(21888K), 0.0012640 secs] [Times: user=0.00 sys=0.00, real=0.01 secs] 
192.188: Total time for which application threads were stopped: 0.0412520 seconds, Stopping threads took: 0.0399220 seconds
192.189: [CMS-concurrent-sweep: 0.001/0.043 secs] [Times: user=0.08 sys=0.00, real=0.05 secs] 
192.189: [CMS-concurrent-reset-start]
192.189: [CMS-concurrent-reset: 0.000/0.000 secs] [Times: user=0.01 sys=0.00, real=0.00 secs] 
192.267: Application time: 0.0791380 seconds
192.268: [GC192.268: [ParNew: 6115K->201K(6144K), 0.0004170 secs] 15272K->9387K(21888K), 0.0004510 secs] [Times: user=0.00 sys=0.00, real=0.00 secs] 
192.269: Total time for which application threads were stopped: 0.0014470 seconds, Stopping threads took: 0.0009190 seconds
192.269: Application time: 0.0001880 seconds
192.269: [GC [1 CMS-initial-mark: 9185K(15744K)] 11354K(21888K), 0.0001040 secs] [Times: user=0.00 sys=0.00, real=0.00 secs] 
192.269: Total time for which application threads were stopped: 0.0003890 seconds, Stopping threads took: 0.0002610 seconds
192.269: [CMS-concurrent-mark-start]
192.270: Application time: 0.0005080 seconds
192.270: [GC192.270: [ParNew: 5687K->602K(6144K), 0.0015220 secs] 14872K->14866K(21888K), 0.0015470 secs] [Times: user=0.01 sys=0.00, real=0.00 secs] 
192.272: Total time for which application threads were stopped: 0.0017850 seconds, Stopping threads took: 0.0001990 seconds
192.275: [CMS-concurrent-mark: 0.004/0.005 secs] [Times: user=0.02 sys=0.00, real=0.00 secs] 
192.275: [CMS-concurrent-preclean-start]
192.275: [CMS-concurrent-preclean: 0.000/0.000 secs] [Times: user=0.00 sys=0.00, real=0.00 secs] 
192.275: [CMS-concurrent-abortable-preclean-start]
192.275: [CMS-concurrent-abortable-preclean: 0.000/0.000 secs] [Times: user=0.00 sys=0.00, real=0.00 secs] 
192.275: Application time: 0.0034350 seconds
192.346: [GC[YG occupancy: 2663 K (6144 K)]192.346: [Rescan (parallel) , 0.0001500 secs]192.346: [weak refs processing, 0.0000070 secs]192.346: [scrub string table, 0.0001030 secs] [1 CMS-remark: 14264K(15744K)] 16927K(21888K), 0.0002920 secs] [Times: user=0.00 sys=0.00, real=0.00 secs] 
192.347: Total time for which application threads were stopped: 0.0714320 seconds, Stopping threads took: 0.0710870 seconds
192.347: [CMS-concurrent-sweep-start]
192.347: Application time: 0.0006620 seconds
192.387: [GC192.387: [ParNew: 5892K->5892K(6144K), 0.0000110 secs]192.387: [CMS192.388: [CMS-concurrent-sweep: 0.001/0.041 secs] [Times: user=0.14 sys=0.02, real=0.05 secs] 
 (concurrent mode failure): 14264K->3672K(15744K), 0.0063410 secs] 20156K->3672K(21888K), [CMS Perm : 5141K->5141K(21248K)], 0.0063990 secs] [Times: user=0.01 sys=0.00, real=0.01 secs] 
192.394: Total time for which application threads were stopped: 0.0464800 seconds, Stopping threads took: 0.0400240 seconds
192.395: Application time: 0.0011450 seconds
192.471: [GC192.471: [ParNew: 5485K->600K(6144K), 0.0015340 secs] 9158K->7210K(21888K), 0.0015670 secs] [Times: user=0.01 sys=0.00, real=0.00 secs] 
192.472: Total time for which application threads were stopped: 0.0775800 seconds, Stopping threads took: 0.0759350 seconds
192.472: Application time: 0.0000610 seconds
192.473: [GC [1 CMS-initial-mark: 6610K(15744K)] 7800K(21888K), 0.0000950 secs] [Times: user=0.00 sys=0.00, real=0.00 secs] 
192.473: Total time for which application threads were stopped: 0.0003890 seconds, Stopping threads took: 0.0002480 seconds
192.473: [CMS-concurrent-mark-start]
192.476: [CMS-concurrent-mark: 0.004/0.004 secs] [Times: user=0.02 sys=0.00, real=0.00 secs] 
192.477: [CMS-concurrent-preclean-start]
192.477: [CMS-concurrent-preclean: 0.000/0.000 secs] [Times: user=0.00 sys=0.00, real=0.00 secs] 
192.477: [CMS-concurrent-abortable-preclean-start]
192.561: Application time: 0.0876940 seconds
192.575: [GC192.575: [ParNew: 6085K->402K(6144K), 0.0005140 secs] 12696K->7015K(21888K), 0.0005470 secs] [Times: user=0.01 sys=0.01, real=0.00 secs] 
192.575: Total time for which application threads were stopped: 0.0148880 seconds, Stopping threads took: 0.0142620 seconds
192.576: Application time: 0.0008340 seconds
192.630: [GC192.630: [ParNew: 5884K->596K(6144K), 0.0012620 secs] 12497K->10336K(21888K), 0.0012940 secs] [Times: user=0.01 sys=0.00, real=0.00 secs] 
192.631: Total time for which application threads were stopped: 0.0548540 seconds, Stopping threads took: 0.0535100 seconds
192.709: Application time: 0.0775260 seconds
192.716: [GC192.716: [ParNew: 5964K->434K(6144K), 0.0005960 secs] 15705K->10175K(21888K), 0.0006300 secs] [Times: user=0.00 sys=0.00, real=0.00 secs] 
192.716: Total time for which application threads were stopped: 0.0076680 seconds, Stopping threads took: 0.0069500 seconds
192.717: Application time: 0.0004340 seconds
192.717: [GC192.717: [ParNew: 5920K->598K(6144K), 0.0016470 secs] 15661K->15645K(21888K), 0.0016760 secs] [Times: user=0.01 sys=0.00, real=0.00 secs] 
192.719: Total time for which application threads were stopped: 0.0020790 seconds, Stopping threads took: 0.0003550 seconds
192.719: [CMS-concurrent-abortable-preclean: 0.000/0.242 secs] [Times: user=1.50 sys=0.04, real=0.24 secs] 
192.724: Application time: 0.0046590 seconds
192.796: [GC[YG occupancy: 3053 K (6144 K)]192.796: [Rescan (parallel) , 0.0001380 secs]192.796: [weak refs processing, 0.0000070 secs]192.796: [scrub string table, 0.0001030 secs] [1 CMS-remark: 15047K(15744K)] 18100K(21888K), 0.0002810 secs] [Times: user=0.00 sys=0.00, real=0.00 secs] 
192.796: Total time for which application threads were stopped: 0.0728650 seconds, Stopping threads took: 0.0725520 seconds
192.796: [CMS-concurrent-sweep-start]
192.797: Application time: 0.0006610 seconds
192.797: [GC192.797: [ParNew: 5985K->5985K(6144K), 0.0000120 secs]192.797: [CMS192.797: [CMS-concurrent-sweep: 0.001/0.001 secs] [Times: user=0.01 sys=0.00, real=0.00 secs] 
 (concurrent mode failure): 15047K->5039K(15744K), 0.0064670 secs] 21032K->5039K(21888K), [CMS Perm : 5141K->5141K(21248K)], 0.0065180 secs] [Times: user=0.00 sys=0.00, real=0.01 secs] 
192.804: Total time for which application threads were stopped: 0.0066250 seconds, Stopping threads took: 0.0000530 seconds
192.882: Application time: 0.0783250 seconds
192.887: [GC192.887: [ParNew: 5290K->402K(6144K), 0.0004090 secs] 10329K->5442K(21888K), 0.0004390 secs] [Times: user=0.00 sys=0.00, real=0.00 secs] 
192.887: Total time for which application threads were stopped: 0.0054190 seconds, Stopping threads took: 0.0049220 seconds
192.888: Application time: 0.0005030 seconds
192.888: [GC192.888: [ParNew: 5769K->630K(6144K), 0.0015060 secs] 10809K->10762K(21888K), 0.0015400 secs] [Times: user=0.01 sys=0.00, real=0.00 secs] 
192.890: Total time for which application threads were stopped: 0.0019090 seconds, Stopping threads took: 0.0002960 seconds
192.890: Application time: 0.0001550 seconds
192.890: [GC [1 CMS-initial-mark: 10132K(15744K)] 13316K(21888K), 0.0000980 secs] [Times: user=0.00 sys=0.00, real=0.00 secs] 
192.890: Total time for which application threads were stopped: 0.0003570 seconds, Stopping threads took: 0.0002330 seconds
192.890: [CMS-concurrent-mark-start]
192.897: [CMS-concurrent-mark: 0.006/0.006 secs] [Times: user=0.04 sys=0.00, real=0.00 secs] 
192.897: [CMS-concurrent-preclean-start]
192.897: [CMS-concurrent-preclean: 0.000/0.000 secs] [Times: user=0.00 sys=0.00, real=0.00 secs] 
192.897: [CMS-concurrent-abortable-preclean-start]
192.970: Application time: 0.0793540 seconds
192.974: [GC192.974: [ParNew: 6115K->6115K(6144K), 0.0000130 secs]192.974: [CMS192.974: [CMS-concurrent-abortable-preclean: 0.000/0.078 secs] [Times: user=0.60 sys=0.00, real=0.08 secs] 
 (concurrent mode failure): 10132K->3867K(15744K), 0.0055940 secs] 16248K->3867K(21888K), [CMS Perm : 5141K->5141K(21248K)], 0.0056590 secs] [Times: user=0.00 sys=0.00, real=0.01 secs] 
192.980: Total time for which application threads were stopped: 0.0103490 seconds, Stopping threads took: 0.0046130 seconds
192.981: Application time: 0.0011920 seconds
193.055: [GC193.055: [ParNew: 5446K->634K(6144K), 0.0011880 secs] 9314K->7467K(21888K), 0.0012310 secs] [Times: user=0.01 sys=0.00, real=0.00 secs] 
193.056: Total time for which application threads were stopped: 0.0745960 seconds, Stopping threads took: 0.0732830 seconds
193.056: Application time: 0.0000560 seconds
193.056: [GC [1 CMS-initial-mark: 6833K(15744K)] 7864K(21888K), 0.0000890 secs] [Times: user=0.00 sys=0.00, real=0.00 secs] 
193.056: Total time for which application threads were stopped: 0.0003710 seconds, Stopping threads took: 0.0002610 seconds
193.056: [CMS-concurrent-mark-start]
193.059: [CMS-concurrent-mark: 0.003/0.003 secs] [Times: user=0.03 sys=0.00, real=0.01 secs] 
193.060: [CMS-concurrent-preclean-start]
193.060: [CMS-concurrent-preclean: 0.000/0.000 secs] [Times: user=0.00 sys=0.00, real=0.00 secs] 
193.060: [CMS-concurrent-abortable-preclean-start]
193.137: Application time: 0.0802870 seconds
193.150: [GC193.151: [ParNew: 6119K->404K(6144K), 0.0004710 secs] 12953K->7275K(21888K), 0.0005070 secs] [Times: user=0.00 sys=0.00, real=0.00 secs] 
193.151: Total time for which application threads were stopped: 0.0144500 seconds, Stopping threads took: 0.0138590 seconds
193.152: Application time: 0.0006240 seconds
193.152: [GC193.152: [ParNew: 5888K->600K(6144K), 0.0017050 secs] 12759K->12745K(21888K), 0.0017390 secs] [Times: user=0.01 sys=0.00, real=0.00 secs] 
193.154: Total time for which application threads were stopped: 0.0021690 seconds, Stopping threads took: 0.0003780 seconds
193.232: Application time: 0.0779800 seconds
193.254: [CMS-concurrent-abortable-preclean: 0.000/0.194 secs] [Times: user=1.35 sys=0.03, real=0.19 secs] 
193.273: [GC193.273: [ParNew: 5987K->5987K(6144K), 0.0000120 secs]193.273: [CMS (concurrent mode failure): 12144K->2891K(15744K), 0.0060350 secs] 18132K->2891K(21888K), [CMS Perm : 5141K->5141K(21248K)], 0.0060940 secs] [Times: user=0.01 sys=0.00, real=0.00 secs] 
193.279: Total time for which application threads were stopped: 0.0468390 seconds, Stopping threads took: 0.0406530 seconds
193.280: Application time: 0.0012200 seconds
193.334: [GC193.334: [ParNew: 5485K->598K(6144K), 0.0016230 secs] 8376K->7798K(21888K), 0.0016550 secs] [Times: user=0.01 sys=0.00, real=0.00 secs] 
193.336: Total time for which application threads were stopped: 0.0558160 seconds, Stopping threads took: 0.0540890 seconds
193.336: Application time: 0.0000450 seconds
193.336: [GC [1 CMS-initial-mark: 7200K(15744K)] 8488K(21888K), 0.0000890 secs] [Times: user=0.00 sys=0.00, real=0.00 secs] 
193.336: Total time for which application threads were stopped: 0.0001560 seconds, Stopping threads took: 0.0000450 seconds
193.336: [CMS-concurrent-mark-start]
193.339: [CMS-concurrent-mark: 0.004/0.004 secs] [Times: user=0.02 sys=0.01, real=0.01 secs] 
193.339: [CMS-concurrent-preclean-start]
193.340: [CMS-concurrent-preclean: 0.000/0.000 secs] [Times: user=0.00 sys=0.00, real=0.00 secs] 
193.340: [CMS-concurrent-abortable-preclean-start]
193.423: Application time: 0.0870520 seconds
193.464: [GC193.464: [ParNew: 5790K->402K(6144K), 0.0003560 secs] 12991K->7603K(21888K), 0.0003910 secs] [Times: user=0.00 sys=0.00, real=0.00 secs] 
193.465: Total time for which application threads were stopped: 0.0416480 seconds, Stopping threads took: 0.0411800 seconds
193.465: Application time: 0.0005890 seconds
193.466: [GC193.466: [ParNew: 5869K->532K(6144K), 0.0017740 secs] 13070K->13009K(21888K), 0.0018070 secs] [Times: user=0.02 sys=0.00, real=0.00 secs] 
193.467: Total time for which application threads were stopped: 0.0022350 seconds, Stopping threads took: 0.0003740 seconds
193.545: Application time: 0.0778570 seconds
193.568: [CMS-concurrent-abortable-preclean: 0.000/0.228 secs] [Times: user=1.42 sys=0.04, real=0.23 secs] 
193.586: [GC193.586: [ParNew: 6017K->6017K(6144K), 0.0000120 secs]193.586: [CMS (concurrent mode failure): 12476K->2891K(15744K), 0.0060500 secs] 18494K->2891K(21888K), [CMS Perm : 5141K->5141K(21248K)], 0.0061150 secs] [Times: user=0.00 sys=0.00, real=0.01 secs] 
193.592: Total time for which application threads were stopped: 0.0470720 seconds, Stopping threads took: 0.0408750 seconds
193.593: Application time: 0.0010470 seconds
193.633: [GC193.633: [ParNew: 5485K->502K(6144K), 0.0017370 secs] 8377K->8291K(21888K), 0.0017660 secs] [Times: user=0.02 sys=0.00, real=0.00 secs] 
193.635: Total time for which application threads were stopped: 0.0418100 seconds, Stopping threads took: 0.0399730 seconds
193.647: Application time: 0.0122690 seconds
193.746: [GC [1 CMS-initial-mark: 7788K(15744K)] 10944K(21888K), 0.0001290 secs] [Times: user=0.00 sys=0.00, real=0.00 secs] 
193.747: Total time for which application threads were stopped: 0.0990530 seconds, Stopping threads took: 0.0988690 seconds
193.747: [CMS-concurrent-mark-start]
193.747: Application time: 0.0005280 seconds
193.747: [GC193.747: [ParNew: 5922K->630K(6144K), 0.0007720 secs] 13711K->10569K(21888K), 0.0007940 secs] [Times: user=0.00 sys=0.00, real=0.01 secs] 
193.748: Total time for which application threads were stopped: 0.0010420 seconds, Stopping threads took: 0.0002020 seconds
193.751: [CMS-concurrent-mark: 0.004/0.005 secs] [Times: user=0.02 sys=0.01, real=0.01 secs] 
193.752: [CMS-concurrent-preclean-start]
193.752: [CMS-concurrent-preclean: 0.000/0.000 secs] [Times: user=0.00 sys=0.00, real=0.00 secs] 
193.752: [CMS-concurrent-abortable-preclean-start]
193.756: Application time: 0.0076210 seconds
193.827: [GC193.827: [ParNew: 5866K->5866K(6144K), 0.0000120 secs]193.827: [CMS193.827: [CMS-concurrent-abortable-preclean: 0.000/0.076 secs] [Times: user=0.56 sys=0.03, real=0.07 secs] 
 (concurrent mode failure): 9939K->1719K(15744K), 0.0049600 secs] 15806K->1719K(21888K), [CMS Perm : 5141K->5141K(21248K)], 0.0050170 secs] [Times: user=0.01 sys=0.00, real=0.01 secs] 
193.832: Total time for which application threads were stopped: 0.0766210 seconds, Stopping threads took: 0.0715360 seconds
193.833: Application time: 0.0008220 seconds
193.834: [GC193.834: [ParNew: 5271K->532K(6144K), 0.0014270 secs] 6990K->6954K(21888K), 0.0014550 secs] [Times: user=0.01 sys=0.00, real=0.00 secs] 
193.835: Total time for which application threads were stopped: 0.0018390 seconds, Stopping threads took: 0.0003310 seconds
193.835: Application time: 0.0000260 seconds
193.835: [GC [1 CMS-initial-mark: 6421K(15744K)] 7344K(21888K), 0.0000950 secs] [Times: user=0.00 sys=0.00, real=0.00 secs] 
193.835: Total time for which application threads were stopped: 0.0002710 seconds, Stopping threads took: 0.0001530 seconds
193.835: [CMS-concurrent-mark-start]
193.839: [CMS-concurrent-mark: 0.004/0.004 secs] [Times: user=0.01 sys=0.00, real=0.00 secs] 
193.839: [CMS-concurrent-preclean-start]
193.839: [CMS-concurrent-preclean: 0.000/0.000 secs] [Times: user=0.00 sys=0.00, real=0.00 secs] 
193.839: [CMS-concurrent-abortable-preclean-start]
193.923: Application time: 0.0876150 seconds
193.977: [GC193.977: [ParNew: 5920K->205K(6144K), 0.0005340 secs] 12341K->6658K(21888K), 0.0005680 secs] [Times: user=0.00 sys=0.00, real=0.00 secs] 
193.978: Total time for which application threads were stopped: 0.0547040 seconds, Stopping threads took: 0.0540600 seconds
193.978: Application time: 0.0005830 seconds
193.979: [GC193.979: [ParNew: 5671K->630K(6144K), 0.0017470 secs] 12124K->12063K(21888K), 0.0017820 secs] [Times: user=0.01 sys=0.00, real=0.01 secs] 
193.980: Total time for which application threads were stopped: 0.0022390 seconds, Stopping threads took: 0.0003810 seconds
194.058: Application time: 0.0772830 seconds
194.081: [CMS-concurrent-abortable-preclean: 0.000/0.242 secs] [Times: user=1.53 sys=0.04, real=0.25 secs] 
194.098: [GC194.098: [ParNew: 6115K->6115K(6144K), 0.0000120 secs]194.098: [CMS (concurrent mode failure): 11433K->2696K(15744K), 0.0051830 secs] 17549K->2696K(21888K), [CMS Perm : 5141K->5141K(21248K)], 0.0052360 secs] [Times: user=0.01 sys=0.00, real=0.01 secs] 
194.104: Total time for which application threads were stopped: 0.0457990 seconds, Stopping threads took: 0.0405050 seconds
194.105: Application time: 0.0009770 seconds
194.145: [GC194.145: [ParNew: 5483K->502K(6144K), 0.0015760 secs] 8179K->7900K(21888K), 0.0016190 secs] [Times: user=0.01 sys=0.00, real=0.00 secs] 
194.146: Total time for which application threads were stopped: 0.0416600 seconds, Stopping threads took: 0.0399600 seconds
194.146: Application time: 0.0000480 seconds
194.186: [GC [1 CMS-initial-mark: 7398K(15744K)] 8592K(21888K), 0.0001200 secs] [Times: user=0.00 sys=0.00, real=0.00 secs] 
194.186: Total time for which application threads were stopped: 0.0399850 seconds, Stopping threads took: 0.0398370 seconds
194.186: [CMS-concurrent-mark-start]
194.190: [CMS-concurrent-mark: 0.004/0.004 secs] [Times: user=0.01 sys=0.00, real=0.01 secs] 
194.190: [CMS-concurrent-preclean-start]
194.190: [CMS-concurrent-preclean: 0.000/0.000 secs] [Times: user=0.00 sys=0.00, real=0.00 secs] 
194.190: [CMS-concurrent-abortable-preclean-start]
194.277: Application time: 0.0909230 seconds
194.319: [GC194.319: [ParNew: 5968K->432K(6144K), 0.0004820 secs] 13366K->7831K(21888K), 0.0005170 secs] [Times: user=0.00 sys=0.00, real=0.00 secs] 
194.319: Total time for which application threads were stopped: 0.0421850 seconds, Stopping threads took: 0.0416120 seconds
194.320: Application time: 0.0004730 seconds
194.320: [GC194.320: [ParNew: 5916K->602K(6144K), 0.0018880 secs] 13315K->13305K(21888K), 0.0019210 secs] [Times: user=0.02 sys=0.00, real=0.00 secs] 
194.322: Total time for which application threads were stopped: 0.0023260 seconds, Stopping threads took: 0.0003540 seconds
194.401: Application time: 0.0785390 seconds
194.402: [GC194.402: [ParNew: 5989K->5989K(6144K), 0.0000150 secs]194.402: [CMS194.402: [CMS-concurrent-abortable-preclean: 0.000/0.212 secs] [Times: user=1.43 sys=0.03, real=0.21 secs] 
 (concurrent mode failure): 12703K->3965K(15744K), 0.0070830 secs] 18692K->3965K(21888K), [CMS Perm : 5141K->5141K(21248K)], 0.0071510 secs] [Times: user=0.01 sys=0.00, real=0.01 secs] 
194.409: Total time for which application threads were stopped: 0.0084250 seconds, Stopping threads took: 0.0011730 seconds
194.410: Application time: 0.0012620 seconds
194.463: [GC194.463: [ParNew: 5485K->596K(6144K), 0.0016090 secs] 9451K->9164K(21888K), 0.0016410 secs] [Times: user=0.01 sys=0.00, real=0.00 secs] 
194.464: Total time for which application threads were stopped: 0.0538810 seconds, Stopping threads took: 0.0521840 seconds
194.464: Application time: 0.0000750 seconds
194.504: [GC [1 CMS-initial-mark: 8568K(15744K)] 9467K(21888K), 0.0001060 secs] [Times: user=0.00 sys=0.00, real=0.00 secs] 
194.505: Total time for which application threads were stopped: 0.0401890 seconds, Stopping threads took: 0.0400560 seconds
194.505: [CMS-concurrent-mark-start]
194.507: [CMS-concurrent-mark: 0.003/0.003 secs] [Times: user=0.00 sys=0.00, real=0.00 secs] 
194.507: [CMS-concurrent-preclean-start]
194.507: [CMS-concurrent-preclean: 0.000/0.000 secs] [Times: user=0.02 sys=0.00, real=0.01 secs] 
194.507: [CMS-concurrent-abortable-preclean-start]
194.508: Application time: 0.0035380 seconds
194.582: [GC194.582: [ParNew: 6081K->498K(6144K), 0.0009850 secs] 14649K->11410K(21888K), 0.0010270 secs] [Times: user=0.01 sys=0.00, real=0.00 secs] 
194.583: Total time for which application threads were stopped: 0.0746370 seconds, Stopping threads took: 0.0735300 seconds
194.584: Application time: 0.0009860 seconds
194.624: [GC194.624: [ParNew: 5964K->5964K(6144K), 0.0000110 secs]194.624: [CMS194.624: [CMS-concurrent-abortable-preclean: 0.000/0.116 secs] [Times: user=0.52 sys=0.07, real=0.11 secs] 
 (concurrent mode failure): 10912K->6309K(15744K), 0.0061580 secs] 16877K->6309K(21888K), [CMS Perm : 5141K->5141K(21248K)], 0.0062210 secs] [Times: user=0.01 sys=0.00, real=0.01 secs] 
194.630: Total time for which application threads were stopped: 0.0462020 seconds, Stopping threads took: 0.0398970 seconds
194.721: Application time: 0.0907670 seconds
194.776: [GC194.776: [ParNew: 5485K->400K(6144K), 0.0004290 secs] 11795K->7102K(21888K), 0.0004630 secs] [Times: user=0.00 sys=0.00, real=0.00 secs] 
194.777: Total time for which application threads were stopped: 0.0560460 seconds, Stopping threads took: 0.0555060 seconds
194.777: Application time: 0.0005350 seconds
194.817: [GC194.817: [ParNew: 5788K->602K(6144K), 0.0014160 secs] 12490K->11811K(21888K), 0.0014520 secs] [Times: user=0.01 sys=0.00, real=0.00 secs] 
194.819: Total time for which application threads were stopped: 0.0415400 seconds, Stopping threads took: 0.0400130 seconds
194.819: Application time: 0.0000270 seconds
194.819: [GC [1 CMS-initial-mark: 11209K(15744K)] 12399K(21888K), 0.0000820 secs] [Times: user=0.00 sys=0.00, real=0.00 secs] 
194.819: Total time for which application threads were stopped: 0.0001670 seconds, Stopping threads took: 0.0000630 seconds
194.819: [CMS-concurrent-mark-start]
194.822: [CMS-concurrent-mark: 0.003/0.003 secs] [Times: user=0.01 sys=0.00, real=0.01 secs] 
194.822: [CMS-concurrent-preclean-start]
194.822: [CMS-concurrent-preclean: 0.000/0.000 secs] [Times: user=0.00 sys=0.00, real=0.00 secs] 
194.822: [CMS-concurrent-abortable-preclean-start]
194.896: Application time: 0.0772330 seconds
194.923: [CMS-concurrent-abortable-preclean: 0.000/0.100 secs] [Times: user=0.66 sys=0.01, real=0.10 secs] 
194.938: [GC194.938: [ParNew: 5989K->5989K(6144K), 0.0000120 secs]194.938: [CMS (concurrent mode failure): 11209K->2110K(15744K), 0.0053720 secs] 17199K->2110K(21888K), [CMS Perm : 5141K->5141K(21248K)], 0.0054280 secs] [Times: user=0.00 sys=0.00, real=0.01 secs] 
194.944: Total time for which application threads were stopped: 0.0476390 seconds, Stopping threads took: 0.0421200 seconds
194.945: Application time: 0.0009120 seconds
194.945: [GC194.945: [ParNew: 5481K->600K(6144K), 0.0017320 secs] 7592K->7609K(21888K), 0.0017590 secs] [Times: user=0.01 sys=0.00, real=0.00 secs] 
194.947: Total time for which application threads were stopped: 0.0021760 seconds, Stopping threads took: 0.0003670 seconds
194.947: Application time: 0.0000580 seconds
194.947: [GC [1 CMS-initial-mark: 7009K(15744K)] 8102K(21888K), 0.0000850 secs] [Times: user=0.00 sys=0.00, real=0.00 secs] 
194.947: Total time for which application threads were stopped: 0.0004070 seconds, Stopping threads took: 0.0003010 seconds
194.947: [CMS-concurrent-mark-start]
194.951: [CMS-concurrent-mark: 0.004/0.004 secs] [Times: user=0.01 sys=0.01, real=0.01 secs] 
194.951: [CMS-concurrent-preclean-start]
194.951: [CMS-concurrent-preclean: 0.000/0.000 secs] [Times: user=0.00 sys=0.00, real=0.00 secs] 
194.951: [CMS-concurrent-abortable-preclean-start]
195.036: Application time: 0.0884520 seconds
195.080: [GC195.080: [ParNew: 6085K->596K(6144K), 0.0004830 secs] 13095K->7997K(21888K), 0.0005200 secs] [Times: user=0.00 sys=0.00, real=0.00 secs] 
195.080: Total time for which application threads were stopped: 0.0443670 seconds, Stopping threads took: 0.0437700 seconds
195.081: Application time: 0.0007630 seconds
195.121: [GC195.121: [ParNew: 5945K->634K(6144K), 0.0016130 secs] 13346K->12551K(21888K), 0.0016470 secs] [Times: user=0.01 sys=0.00, real=0.00 secs] 
195.122: Total time for which application threads were stopped: 0.0415080 seconds, Stopping threads took: 0.0397810 seconds
195.201: Application time: 0.0782100 seconds
195.223: [CMS-concurrent-abortable-preclean: 0.000/0.271 secs] [Times: user=1.57 sys=0.07, real=0.27 secs] 
195.243: [GC195.243: [ParNew: 6022K->6022K(6144K), 0.0000130 secs]195.243: [CMS (concurrent mode failure): 11917K->2110K(15744K), 0.0059660 secs] 17939K->2110K(21888K), [CMS Perm : 5141K->5141K(21248K)], 0.0060220 secs] [Times: user=0.01 sys=0.00, real=0.01 secs] 
195.249: Total time for which application threads were stopped: 0.0480070 seconds, Stopping threads took: 0.0419020 seconds
195.250: Application time: 0.0009160 seconds
195.250: [GC195.250: [ParNew: 5386K->504K(6144K), 0.0013790 secs] 7496K->7514K(21888K), 0.0014090 secs] [Times: user=0.01 sys=0.00, real=0.00 secs] 
195.252: Total time for which application threads were stopped: 0.0019170 seconds, Stopping threads took: 0.0004320 seconds
195.252: Application time: 0.0000380 seconds
195.252: [GC [1 CMS-initial-mark: 7010K(15744K)] 8102K(21888K), 0.0001000 secs] [Times: user=0.00 sys=0.00, real=0.00 secs] 
195.252: Total time for which application threads were stopped: 0.0002930 seconds, Stopping threads took: 0.0001690 seconds
195.252: [CMS-concurrent-mark-start]
195.256: [CMS-concurrent-mark: 0.004/0.004 secs] [Times: user=0.03 sys=0.00, real=0.00 secs] 
195.256: [CMS-concurrent-preclean-start]
195.256: [CMS-concurrent-preclean: 0.000/0.000 secs] [Times: user=0.00 sys=0.00, real=0.00 secs] 
195.256: Application time: 0.0041930 seconds
195.329: [GC[YG occupancy: 2372 K (6144 K)]195.329: [Rescan (parallel) , 0.0001820 secs]195.329: [weak refs processing, 0.0000070 secs]195.329: [scrub string table, 0.0000930 secs] [1 CMS-remark: 7010K(15744K)] 9382K(21888K), 0.0003180 secs] [Times: user=0.00 sys=0.00, real=0.00 secs] 
195.329: Total time for which application threads were stopped: 0.0730940 seconds, Stopping threads took: 0.0727440 seconds
195.329: [CMS-concurrent-sweep-start]
195.330: Application time: 0.0005940 seconds
195.370: [GC195.370: [ParNew: 5892K->602K(6144K), 0.0008180 secs] 12902K->9956K(21888K), 0.0008430 secs] [Times: user=0.01 sys=0.00, real=0.00 secs] 
195.371: Total time for which application threads were stopped: 0.0408300 seconds, Stopping threads took: 0.0399430 seconds
195.371: [CMS-concurrent-sweep: 0.001/0.042 secs] [Times: user=0.10 sys=0.03, real=0.04 secs] 
195.371: [CMS-concurrent-reset-start]
195.372: [CMS-concurrent-reset: 0.000/0.000 secs] [Times: user=0.01 sys=0.00, real=0.00 secs] 
195.376: Application time: 0.0055760 seconds
195.448: [GC195.448: [ParNew: 5989K->402K(6144K), 0.0004330 secs] 15343K->10147K(21888K), 0.0004650 secs] [Times: user=0.00 sys=0.00, real=0.00 secs] 
195.449: Total time for which application threads were stopped: 0.0725230 seconds, Stopping threads took: 0.0719800 seconds
195.449: Application time: 0.0000510 seconds
195.449: [GC [1 CMS-initial-mark: 9744K(15744K)] 10446K(21888K), 0.0000840 secs] [Times: user=0.00 sys=0.00, real=0.00 secs] 
195.449: Total time for which application threads were stopped: 0.0001560 seconds, Stopping threads took: 0.0000540 seconds
195.449: [CMS-concurrent-mark-start]
195.450: Application time: 0.0009920 seconds
195.519: [GC195.519: [ParNew: 5869K->626K(6144K), 0.0010450 secs] 15613K->12714K(21888K), 0.0010770 secs] [Times: user=0.00 sys=0.00, real=0.01 secs] 
195.520: Total time for which application threads were stopped: 0.0703410 seconds, Stopping threads took: 0.0692060 seconds
195.523: [CMS-concurrent-mark: 0.004/0.074 secs] [Times: user=0.19 sys=0.05, real=0.07 secs] 
195.523: [CMS-concurrent-preclean-start]
195.523: [CMS-concurrent-preclean: 0.000/0.000 secs] [Times: user=0.00 sys=0.00, real=0.00 secs] 
195.523: [CMS-concurrent-abortable-preclean-start]
195.523: [CMS-concurrent-abortable-preclean: 0.000/0.000 secs] [Times: user=0.00 sys=0.00, real=0.00 secs] 
195.523: Application time: 0.0028750 seconds
195.597: [GC[YG occupancy: 4156 K (6144 K)]195.597: [Rescan (parallel) , 0.0004010 secs]195.598: [weak refs processing, 0.0000070 secs]195.598: [scrub string table, 0.0001160 secs] [1 CMS-remark: 12088K(15744K)] 16244K(21888K), 0.0005540 secs] [Times: user=0.00 sys=0.00, real=0.00 secs] 
195.598: Total time for which application threads were stopped: 0.0747480 seconds, Stopping threads took: 0.0741540 seconds
195.598: [CMS-concurrent-sweep-start]
195.598: Application time: 0.0003480 seconds
195.598: [GC195.598: [ParNew: 6111K->6111K(6144K), 0.0000100 secs]195.598: [CMS195.599: [CMS-concurrent-sweep: 0.000/0.001 secs] [Times: user=0.00 sys=0.00, real=0.00 secs] 
 (concurrent mode failure): 12088K->3282K(15744K), 0.0056540 secs] 18200K->3282K(21888K), [CMS Perm : 5141K->5141K(21248K)], 0.0057030 secs] [Times: user=0.01 sys=0.00, real=0.01 secs] 
195.604: Total time for which application threads were stopped: 0.0059250 seconds, Stopping threads took: 0.0001510 seconds
195.605: Application time: 0.0010220 seconds
195.645: [GC195.645: [ParNew: 5485K->594K(6144K), 0.0014170 secs] 8768K->7207K(21888K), 0.0014580 secs] [Times: user=0.01 sys=0.00, real=0.00 secs] 
195.647: Total time for which application threads were stopped: 0.0415030 seconds, Stopping threads took: 0.0399790 seconds
195.647: Application time: 0.0000330 seconds
195.686: [GC [1 CMS-initial-mark: 6613K(15744K)] 7504K(21888K), 0.0000820 secs] [Times: user=0.00 sys=0.00, real=0.00 secs] 
195.687: Total time for which application threads were stopped: 0.0397940 seconds, Stopping threads took: 0.0396910 seconds
195.687: [CMS-concurrent-mark-start]
195.690: [CMS-concurrent-mark: 0.003/0.003 secs] [Times: user=0.01 sys=0.00, real=0.01 secs] 
195.690: [CMS-concurrent-preclean-start]
195.690: [CMS-concurrent-preclean: 0.000/0.000 secs] [Times: user=0.00 sys=0.00, real=0.00 secs] 
195.690: [CMS-concurrent-abortable-preclean-start]
195.764: Application time: 0.0772530 seconds
195.779: [GC195.779: [ParNew: 6060K->628K(6144K), 0.0006310 secs] 12673K->7634K(21888K), 0.0006670 secs] [Times: user=0.00 sys=0.00, real=0.00 secs] 
195.779: Total time for which application threads were stopped: 0.0155580 seconds, Stopping threads took: 0.0148140 seconds
195.780: Application time: 0.0008020 seconds
195.820: [GC195.820: [ParNew: 6092K->630K(6144K), 0.0016770 secs] 13098K->12357K(21888K), 0.0017090 secs] [Times: user=0.01 sys=0.00, real=0.00 secs] 
195.822: Total time for which application threads were stopped: 0.0414990 seconds, Stopping threads took: 0.0397150 seconds
195.899: Application time: 0.0774930 seconds
195.901: [GC195.901: [ParNew: 5920K->5920K(6144K), 0.0000130 secs]195.901: [CMS195.901: [CMS-concurrent-abortable-preclean: 0.000/0.211 secs] [Times: user=1.33 sys=0.03, real=0.21 secs] 
 (concurrent mode failure): 11726K->3282K(15744K), 0.0053600 secs] 17647K->3282K(21888K), [CMS Perm : 5141K->5141K(21248K)], 0.0054260 secs] [Times: user=0.01 sys=0.00, real=0.00 secs] 
195.907: Total time for which application threads were stopped: 0.0075190 seconds, Stopping threads took: 0.0020240 seconds
195.908: Application time: 0.0011480 seconds
195.958: [GC195.958: [ParNew: 5485K->600K(6144K), 0.0017480 secs] 8768K->8192K(21888K), 0.0017830 secs] [Times: user=0.01 sys=0.00, real=0.01 secs] 
195.960: Total time for which application threads were stopped: 0.0522740 seconds, Stopping threads took: 0.0504070 seconds
195.960: Application time: 0.0001530 seconds
196.000: [GC [1 CMS-initial-mark: 7591K(15744K)] 8790K(21888K), 0.0001080 secs] [Times: user=0.00 sys=0.00, real=0.00 secs] 
196.000: Total time for which application threads were stopped: 0.0401590 seconds, Stopping threads took: 0.0400020 seconds
196.000: [CMS-concurrent-mark-start]
196.004: [CMS-concurrent-mark: 0.004/0.004 secs] [Times: user=0.03 sys=0.00, real=0.00 secs] 
196.004: [CMS-concurrent-preclean-start]
196.004: [CMS-concurrent-preclean: 0.000/0.000 secs] [Times: user=0.00 sys=0.00, real=0.00 secs] 
196.004: [CMS-concurrent-abortable-preclean-start]
196.005: Application time: 0.0047870 seconds
196.083: [GC196.083: [ParNew: 6066K->630K(6144K), 0.0006900 secs] 13658K->8613K(21888K), 0.0007280 secs] [Times: user=0.00 sys=0.00, real=0.00 secs] 
196.084: Total time for which application threads were stopped: 0.0788010 seconds, Stopping threads took: 0.0780020 seconds
196.085: Application time: 0.0007710 seconds
196.125: [GC196.125: [ParNew: 5999K->628K(6144K), 0.0016280 secs] 13982K->13233K(21888K), 0.0016580 secs] [Times: user=0.01 sys=0.00, real=0.00 secs] 
196.126: Total time for which application threads were stopped: 0.0414510 seconds, Stopping threads took: 0.0397300 seconds
196.205: Application time: 0.0785250 seconds
196.207: [GC196.207: [ParNew: 6113K->6113K(6144K), 0.0000150 secs]196.207: [CMS196.207: [CMS-concurrent-abortable-preclean: 0.000/0.203 secs] [Times: user=1.26 sys=0.06, real=0.20 secs] 
 (concurrent mode failure): 12605K->3380K(15744K), 0.0061850 secs] 18719K->3380K(21888K), [CMS Perm : 5141K->5141K(21248K)], 0.0062530 secs] [Times: user=0.00 sys=0.00, real=0.01 secs] 
196.213: Total time for which application threads were stopped: 0.0086700 seconds, Stopping threads took: 0.0023250 seconds
196.215: Application time: 0.0012540 seconds
196.285: [GC196.286: [ParNew: 5387K->502K(6144K), 0.0011250 secs] 8768K->7213K(21888K), 0.0011650 secs] [Times: user=0.01 sys=0.00, real=0.00 secs] 
196.287: Total time for which application threads were stopped: 0.0720130 seconds, Stopping threads took: 0.0707700 seconds
196.287: Application time: 0.0000770 seconds
196.287: [GC [1 CMS-initial-mark: 6711K(15744K)] 7510K(21888K), 0.0000960 secs] [Times: user=0.00 sys=0.00, real=0.00 secs] 
196.287: Total time for which application threads were stopped: 0.0002090 seconds, Stopping threads took: 0.0000670 seconds
196.287: [CMS-concurrent-mark-start]
196.290: [CMS-concurrent-mark: 0.003/0.003 secs] [Times: user=0.01 sys=0.00, real=0.01 secs] 
196.291: [CMS-concurrent-preclean-start]
196.291: [CMS-concurrent-preclean: 0.000/0.000 secs] [Times: user=0.00 sys=0.00, real=0.00 secs] 
196.291: [CMS-concurrent-abortable-preclean-start]
196.366: Application time: 0.0787580 seconds
196.371: [GC196.371: [ParNew: 5890K->602K(6144K), 0.0005460 secs] 12601K->7704K(21888K), 0.0005780 secs] [Times: user=0.01 sys=0.00, real=0.00 secs] 
196.372: Total time for which application threads were stopped: 0.0059900 seconds, Stopping threads took: 0.0053310 seconds
196.372: Application time: 0.0004800 seconds
196.412: [GC196.412: [ParNew: 5794K->598K(6144K), 0.0014500 secs] 12897K->12196K(21888K), 0.0014810 secs] [Times: user=0.01 sys=0.00, real=0.00 secs] 
196.414: Total time for which application threads were stopped: 0.0415270 seconds, Stopping threads took: 0.0399710 seconds
196.492: Application time: 0.0781990 seconds
196.494: [GC196.494: [ParNew: 6083K->6083K(6144K), 0.0000150 secs]196.494: [CMS196.494: [CMS-concurrent-abortable-preclean: 0.000/0.203 secs] [Times: user=1.34 sys=0.03, real=0.20 secs] 
 (concurrent mode failure): 11598K->3282K(15744K), 0.0060780 secs] 17682K->3282K(21888K), [CMS Perm : 5141K->5141K(21248K)], 0.0061450 secs] [Times: user=0.00 sys=0.00, real=0.01 secs] 
196.500: Total time for which application threads were stopped: 0.0077440 seconds, Stopping threads took: 0.0015210 seconds
196.501: Application time: 0.0014430 seconds
196.555: [GC196.555: [ParNew: 5466K->630K(6144K), 0.0012970 secs] 8749K->7436K(21888K), 0.0013300 secs] [Times: user=0.00 sys=0.00, real=0.00 secs] 
196.557: Total time for which application threads were stopped: 0.0556320 seconds, Stopping threads took: 0.0542350 seconds
196.557: Application time: 0.0001120 seconds
196.610: [GC [1 CMS-initial-mark: 6806K(15744K)] 8035K(21888K), 0.0000990 secs] [Times: user=0.00 sys=0.00, real=0.00 secs] 
196.610: Total time for which application threads were stopped: 0.0534540 seconds, Stopping threads took: 0.0533160 seconds
196.610: [CMS-concurrent-mark-start]
196.614: [CMS-concurrent-mark: 0.004/0.004 secs] [Times: user=0.02 sys=0.00, real=0.00 secs] 
196.614: [CMS-concurrent-preclean-start]
196.614: [CMS-concurrent-preclean: 0.000/0.000 secs] [Times: user=0.00 sys=0.00, real=0.00 secs] 
196.614: [CMS-concurrent-abortable-preclean-start]
196.615: Application time: 0.0044160 seconds
196.688: [GC196.688: [ParNew: 6115K->600K(6144K), 0.0005130 secs] 12922K->7830K(21888K), 0.0005410 secs] [Times: user=0.00 sys=0.00, real=0.00 secs] 
196.688: Total time for which application threads were stopped: 0.0734470 seconds, Stopping threads took: 0.0728510 seconds
196.689: Application time: 0.0006800 seconds
196.741: [GC196.741: [ParNew: 6083K->594K(6144K), 0.0011980 secs] 13314K->11537K(21888K), 0.0012260 secs] [Times: user=0.01 sys=0.00, real=0.00 secs] 
196.742: Total time for which application threads were stopped: 0.0536240 seconds, Stopping threads took: 0.0523470 seconds
196.820: Application time: 0.0773160 seconds
196.822: [GC196.822: [ParNew: 6079K->6079K(6144K), 0.0000120 secs]196.822: [CMS196.822: [CMS-concurrent-abortable-preclean: 0.000/0.208 secs] [Times: user=1.21 sys=0.06, real=0.21 secs] 
 (concurrent mode failure): 10943K->2501K(15744K), 0.0053030 secs] 17023K->2501K(21888K), [CMS Perm : 5141K->5141K(21248K)], 0.0053670 secs] [Times: user=0.00 sys=0.00, real=0.00 secs] 
196.827: Total time for which application threads were stopped: 0.0075480 seconds, Stopping threads took: 0.0021010 seconds
196.828: Application time: 0.0008840 seconds
196.829: [GC196.829: [ParNew: 5385K->500K(6144K), 0.0014750 secs] 7887K->7901K(21888K), 0.0015040 secs] [Times: user=0.01 sys=0.00, real=0.00 secs] 
196.830: Total time for which application threads were stopped: 0.0019130 seconds, Stopping threads took: 0.0003350 seconds
196.830: Application time: 0.0000500 seconds
196.870: [GC [1 CMS-initial-mark: 7401K(15744K)] 8296K(21888K), 0.0001170 secs] [Times: user=0.00 sys=0.00, real=0.00 secs] 
196.872: Total time for which application threads were stopped: 0.0413710 seconds, Stopping threads took: 0.0398420 seconds
196.872: [CMS-concurrent-mark-start]
196.875: [CMS-concurrent-mark: 0.004/0.004 secs] [Times: user=0.02 sys=0.00, real=0.00 secs] 
196.875: [CMS-concurrent-preclean-start]
196.875: [CMS-concurrent-preclean: 0.000/0.000 secs] [Times: user=0.01 sys=0.00, real=0.00 secs] 
196.875: [CMS-concurrent-abortable-preclean-start]
196.963: Application time: 0.0911420 seconds
197.017: [GC197.017: [ParNew: 5985K->207K(6144K), 0.0005630 secs] 13387K->7609K(21888K), 0.0005940 secs] [Times: user=0.00 sys=0.00, real=0.00 secs] 
197.018: Total time for which application threads were stopped: 0.0549350 seconds, Stopping threads took: 0.0542560 seconds
197.018: Application time: 0.0005580 seconds
197.019: [GC197.019: [ParNew: 5693K->602K(6144K), 0.0017520 secs] 13094K->13082K(21888K), 0.0017860 secs] [Times: user=0.01 sys=0.00, real=0.01 secs] 
197.020: Total time for which application threads were stopped: 0.0022010 seconds, Stopping threads took: 0.0003410 seconds
197.098: Application time: 0.0773840 seconds
197.121: [CMS-concurrent-abortable-preclean: 0.000/0.245 secs] [Times: user=1.51 sys=0.06, real=0.25 secs] 
197.139: [GC197.139: [ParNew: 5794K->5794K(6144K), 0.0000120 secs]197.139: [CMS (concurrent mode failure): 12480K->2501K(15744K), 0.0057240 secs] 18274K->2501K(21888K), [CMS Perm : 5141K->5141K(21248K)], 0.0057850 secs] [Times: user=0.01 sys=0.00, real=0.01 secs] 
197.145: Total time for which application threads were stopped: 0.0473110 seconds, Stopping threads took: 0.0414600 seconds
197.146: Application time: 0.0011170 seconds
197.197: [GC197.197: [ParNew: 5466K->628K(6144K), 0.0014830 secs] 7967K->7634K(21888K), 0.0015130 secs] [Times: user=0.01 sys=0.00, real=0.00 secs] 
197.199: Total time for which application threads were stopped: 0.0524960 seconds, Stopping threads took: 0.0509090 seconds
197.199: Application time: 0.0000530 seconds
197.199: [GC [1 CMS-initial-mark: 7006K(15744K)] 7736K(21888K), 0.0000920 secs] [Times: user=0.00 sys=0.00, real=0.00 secs] 
197.199: Total time for which application threads were stopped: 0.0002470 seconds, Stopping threads took: 0.0001230 seconds
197.199: [CMS-concurrent-mark-start]
197.203: [CMS-concurrent-mark: 0.004/0.004 secs] [Times: user=0.01 sys=0.00, real=0.01 secs] 
197.203: [CMS-concurrent-preclean-start]
197.203: [CMS-concurrent-preclean: 0.000/0.000 secs] [Times: user=0.00 sys=0.00, real=0.00 secs] 
197.203: [CMS-concurrent-abortable-preclean-start]
197.289: Application time: 0.0899920 seconds
197.327: [GC197.327: [ParNew: 6016K->602K(6144K), 0.0006720 secs] 13022K->8225K(21888K), 0.0007080 secs] [Times: user=0.00 sys=0.00, real=0.00 secs] 
197.328: Total time for which application threads were stopped: 0.0391550 seconds, Stopping threads took: 0.0383910 seconds
197.329: Application time: 0.0009410 seconds
197.384: [GC197.384: [ParNew: 6066K->630K(6144K), 0.0016850 secs] 13689K->12943K(21888K), 0.0017170 secs] [Times: user=0.01 sys=0.00, real=0.00 secs] 
197.386: Total time for which application threads were stopped: 0.0570320 seconds, Stopping threads took: 0.0552500 seconds
197.465: Application time: 0.0786640 seconds
197.487: [CMS-concurrent-abortable-preclean: 0.000/0.284 secs] [Times: user=1.50 sys=0.08, real=0.28 secs] 
197.505: [GC197.505: [ParNew: 6068K->6068K(6144K), 0.0000140 secs]197.505: [CMS (concurrent mode failure): 12313K->2526K(15744K), 0.0059280 secs] 18381K->2526K(21888K), [CMS Perm : 5141K->5141K(21248K)], 0.0059910 secs] [Times: user=0.00 sys=0.00, real=0.01 secs] 
197.511: Total time for which application threads were stopped: 0.0460770 seconds, Stopping threads took: 0.0400240 seconds
197.512: Application time: 0.0011070 seconds
197.565: [GC197.565: [ParNew: 5396K->632K(6144K), 0.0016400 secs] 7922K->7593K(21888K), 0.0016720 secs] [Times: user=0.01 sys=0.00, real=0.00 secs] 
197.567: Total time for which application threads were stopped: 0.0546260 seconds, Stopping threads took: 0.0528720 seconds
197.567: Application time: 0.0000470 seconds
197.607: [GC [1 CMS-initial-mark: 6961K(15744K)] 8183K(21888K), 0.0001100 secs] [Times: user=0.00 sys=0.00, real=0.00 secs] 
197.607: Total time for which application threads were stopped: 0.0401040 seconds, Stopping threads took: 0.0399470 seconds
197.607: [CMS-concurrent-mark-start]
197.610: [CMS-concurrent-mark: 0.004/0.004 secs] [Times: user=0.02 sys=0.00, real=0.01 secs] 
197.611: [CMS-concurrent-preclean-start]
197.611: [CMS-concurrent-preclean: 0.000/0.000 secs] [Times: user=0.00 sys=0.00, real=0.00 secs] 
197.611: [CMS-concurrent-abortable-preclean-start]
197.694: Application time: 0.0869120 seconds
197.702: [GC197.702: [ParNew: 6117K->598K(6144K), 0.0006970 secs] 13078K->8178K(21888K), 0.0007310 secs] [Times: user=0.00 sys=0.00, real=0.00 secs] 
197.702: Total time for which application threads were stopped: 0.0086990 seconds, Stopping threads took: 0.0078980 seconds
197.703: Application time: 0.0007550 seconds
197.743: [GC197.743: [ParNew: 6064K->628K(6144K), 0.0015430 secs] 13645K->12017K(21888K), 0.0015800 secs] [Times: user=0.01 sys=0.00, real=0.00 secs] 
197.745: Total time for which application threads were stopped: 0.0416120 seconds, Stopping threads took: 0.0399660 seconds
197.824: Application time: 0.0793420 seconds
197.845: [CMS-concurrent-abortable-preclean: 0.000/0.234 secs] [Times: user=1.48 sys=0.05, real=0.23 secs] 
197.864: [GC197.864: [ParNew: 6113K->6113K(6144K), 0.0000120 secs]197.864: [CMS (concurrent mode failure): 11389K->1525K(15744K), 0.0057900 secs] 17503K->1525K(21888K), [CMS Perm : 5141K->5141K(21248K)], 0.0058470 secs] [Times: user=0.01 sys=0.00, real=0.01 secs] 
197.870: Total time for which application threads were stopped: 0.0460350 seconds, Stopping threads took: 0.0401070 seconds
197.871: Application time: 0.0008590 seconds
197.871: [GC197.871: [ParNew: 5290K->602K(6144K), 0.0017080 secs] 6815K->6831K(21888K), 0.0017340 secs] [Times: user=0.01 sys=0.01, real=0.00 secs] 
197.873: Total time for which application threads were stopped: 0.0021630 seconds, Stopping threads took: 0.0003730 seconds
197.873: Application time: 0.0000680 seconds
197.874: [GC [1 CMS-initial-mark: 6229K(15744K)] 7714K(21888K), 0.0000800 secs] [Times: user=0.00 sys=0.00, real=0.00 secs] 
197.874: Total time for which application threads were stopped: 0.0004150 seconds, Stopping threads took: 0.0003140 seconds
197.874: [CMS-concurrent-mark-start]
197.877: [CMS-concurrent-mark: 0.004/0.004 secs] [Times: user=0.02 sys=0.00, real=0.00 secs] 
197.877: [CMS-concurrent-preclean-start]
197.877: [CMS-concurrent-preclean: 0.000/0.000 secs] [Times: user=0.00 sys=0.00, real=0.00 secs] 
197.877: [CMS-concurrent-abortable-preclean-start]
197.971: Application time: 0.0970070 seconds
198.006: [GC198.006: [ParNew: 5989K->596K(6144K), 0.0007010 secs] 12219K->7412K(21888K), 0.0007350 secs] [Times: user=0.00 sys=0.00, real=0.00 secs] 
198.006: Total time for which application threads were stopped: 0.0356470 seconds, Stopping threads took: 0.0348560 seconds
198.007: Application time: 0.0006100 seconds
198.047: [GC198.047: [ParNew: 5982K->600K(6144K), 0.0015110 secs] 12798K->12103K(21888K), 0.0015480 secs] [Times: user=0.01 sys=0.00, real=0.01 secs] 
198.048: Total time for which application threads were stopped: 0.0415200 seconds, Stopping threads took: 0.0399140 seconds
198.126: Application time: 0.0779200 seconds
198.128: [GC198.128: [ParNew: 6093K->6093K(6144K), 0.0000120 secs]198.128: [CMS198.128: [CMS-concurrent-abortable-preclean: 0.000/0.251 secs] [Times: user=1.54 sys=0.04, real=0.26 secs] 
 (concurrent mode failure): 11503K->3657K(15744K), 0.0062170 secs] 17597K->3657K(21888K), [CMS Perm : 5141K->5141K(21248K)], 0.0062920 secs] [Times: user=0.01 sys=0.00, real=0.00 secs] 
198.134: Total time for which application threads were stopped: 0.0079960 seconds, Stopping threads took: 0.0016060 seconds
198.136: Application time: 0.0013780 seconds
198.191: [GC198.192: [ParNew: 5456K->630K(6144K), 0.0016300 secs] 9113K->8204K(21888K), 0.0016730 secs] [Times: user=0.01 sys=0.00, real=0.00 secs] 
198.193: Total time for which application threads were stopped: 0.0574020 seconds, Stopping threads took: 0.0556440 seconds
198.193: Application time: 0.0001100 seconds
198.193: [GC [1 CMS-initial-mark: 7574K(15744K)] 8894K(21888K), 0.0001080 secs] [Times: user=0.00 sys=0.00, real=0.00 secs] 
198.194: Total time for which application threads were stopped: 0.0002820 seconds, Stopping threads took: 0.0001500 seconds
198.194: [CMS-concurrent-mark-start]
198.197: [CMS-concurrent-mark: 0.003/0.003 secs] [Times: user=0.02 sys=0.00, real=0.00 secs] 
198.197: [CMS-concurrent-preclean-start]
198.197: [CMS-concurrent-preclean: 0.000/0.000 secs] [Times: user=0.00 sys=0.00, real=0.00 secs] 
198.197: [CMS-concurrent-abortable-preclean-start]
198.277: Application time: 0.0835540 seconds
198.286: [GC198.286: [ParNew: 5998K->626K(6144K), 0.0007250 secs] 13573K->8821K(21888K), 0.0007610 secs] [Times: user=0.00 sys=0.00, real=0.00 secs] 
198.287: Total time for which application threads were stopped: 0.0095910 seconds, Stopping threads took: 0.0087510 seconds
198.288: Application time: 0.0007950 seconds
198.340: [GC198.340: [ParNew: 6109K->500K(6144K), 0.0012750 secs] 14305K->11654K(21888K), 0.0013070 secs] [Times: user=0.01 sys=0.01, real=0.00 secs] 
198.341: Total time for which application threads were stopped: 0.0535320 seconds, Stopping threads took: 0.0521700 seconds
198.418: Application time: 0.0770910 seconds
198.420: [GC198.420: [ParNew: 5888K->5888K(6144K), 0.0000130 secs]198.420: [CMS198.421: [CMS-concurrent-abortable-preclean: 0.000/0.224 secs] [Times: user=1.47 sys=0.05, real=0.23 secs] 
 (concurrent mode failure): 11153K->1525K(15744K), 0.0058020 secs] 17042K->1525K(21888K), [CMS Perm : 5141K->5141K(21248K)], 0.0058650 secs] [Times: user=0.00 sys=0.00, real=0.00 secs] 
198.426: Total time for which application threads were stopped: 0.0081960 seconds, Stopping threads took: 0.0022470 seconds
198.427: Application time: 0.0009140 seconds
198.428: [GC198.428: [ParNew: 5466K->628K(6144K), 0.0014430 secs] 6991K->6955K(21888K), 0.0014740 secs] [Times: user=0.01 sys=0.00, real=0.00 secs] 
198.429: Total time for which application threads were stopped: 0.0018080 seconds, Stopping threads took: 0.0002800 seconds
198.429: Application time: 0.0001630 seconds
198.469: [GC [1 CMS-initial-mark: 6327K(15744K)] 8821K(21888K), 0.0001030 secs] [Times: user=0.00 sys=0.00, real=0.00 secs] 
198.469: Total time for which application threads were stopped: 0.0401530 seconds, Stopping threads took: 0.0400240 seconds
198.469: [CMS-concurrent-mark-start]
198.473: [CMS-concurrent-mark: 0.004/0.004 secs] [Times: user=0.02 sys=0.00, real=0.00 secs] 
198.473: [CMS-concurrent-preclean-start]
198.473: [CMS-concurrent-preclean: 0.000/0.000 secs] [Times: user=0.00 sys=0.00, real=0.00 secs] 
198.473: [CMS-concurrent-abortable-preclean-start]
198.547: Application time: 0.0776830 seconds
198.553: [GC198.553: [ParNew: 6113K->598K(6144K), 0.0005740 secs] 12440K->7735K(21888K), 0.0006110 secs] [Times: user=0.00 sys=0.00, real=0.00 secs] 
198.554: Total time for which application threads were stopped: 0.0070240 seconds, Stopping threads took: 0.0063330 seconds
198.555: Application time: 0.0007730 seconds
198.606: [GC198.606: [ParNew: 6081K->598K(6144K), 0.0012180 secs] 13219K->11447K(21888K), 0.0012490 secs] [Times: user=0.01 sys=0.00, real=0.00 secs] 
198.607: Total time for which application threads were stopped: 0.0521910 seconds, Stopping threads took: 0.0508690 seconds
198.685: Application time: 0.0774400 seconds
198.686: [GC198.686: [ParNew: 6083K->6083K(6144K), 0.0000140 secs]198.686: [CMS198.686: [CMS-concurrent-abortable-preclean: 0.000/0.213 secs] [Times: user=1.37 sys=0.03, real=0.21 secs] 
 (concurrent mode failure): 10849K->2892K(15744K), 0.0053430 secs] 16932K->2892K(21888K), [CMS Perm : 5141K->5141K(21248K)], 0.0054150 secs] [Times: user=0.00 sys=0.00, real=0.01 secs] 
198.691: Total time for which application threads were stopped: 0.0069410 seconds, Stopping threads took: 0.0014320 seconds
198.692: Application time: 0.0010250 seconds
198.733: [GC198.733: [ParNew: 5485K->600K(6144K), 0.0017430 secs] 8378K->8292K(21888K), 0.0017780 secs] [Times: user=0.01 sys=0.00, real=0.00 secs] 
198.734: Total time for which application threads were stopped: 0.0418340 seconds, Stopping threads took: 0.0399790 seconds
198.752: Application time: 0.0173600 seconds
198.841: [GC [1 CMS-initial-mark: 7692K(15744K)] 10945K(21888K), 0.0001290 secs] [Times: user=0.00 sys=0.00, real=0.00 secs] 
198.841: Total time for which application threads were stopped: 0.0895250 seconds, Stopping threads took: 0.0893420 seconds
198.841: [CMS-concurrent-mark-start]
198.842: Application time: 0.0005280 seconds
198.842: [GC198.842: [ParNew: 5987K->598K(6144K), 0.0006700 secs] 13680K->10439K(21888K), 0.0006930 secs] [Times: user=0.00 sys=0.00, real=0.00 secs] 
198.843: Total time for which application threads were stopped: 0.0009300 seconds, Stopping threads took: 0.0001980 seconds
198.849: [CMS-concurrent-mark: 0.006/0.008 secs] [Times: user=0.04 sys=0.00, real=0.01 secs] 
198.849: [CMS-concurrent-preclean-start]
198.849: [CMS-concurrent-preclean: 0.000/0.000 secs] [Times: user=0.00 sys=0.00, real=0.00 secs] 
198.849: [CMS-concurrent-abortable-preclean-start]
198.849: Application time: 0.0064550 seconds
198.921: [GC198.921: [ParNew: 5788K->10K(6144K), 0.0005100 secs] 15629K->10047K(21888K), 0.0005410 secs] [Times: user=0.00 sys=0.00, real=0.00 secs] 
198.921: Total time for which application threads were stopped: 0.0719590 seconds, Stopping threads took: 0.0713420 seconds
198.922: Application time: 0.0005550 seconds
198.973: [GC198.973: [ParNew: 5376K->532K(6144K), 0.0011000 secs] 15413K->14280K(21888K), 0.0011320 secs] [Times: user=0.01 sys=0.00, real=0.00 secs] 
198.974: Total time for which application threads were stopped: 0.0525410 seconds, Stopping threads took: 0.0513330 seconds
199.053: Application time: 0.0785330 seconds
199.054: [GC199.055: [ParNew: 5928K->5928K(6144K), 0.0000190 secs]199.055: [CMS199.055: [CMS-concurrent-abortable-preclean: 0.000/0.206 secs] [Times: user=1.25 sys=0.08, real=0.20 secs] 
 (concurrent mode failure): 13748K->2681K(15744K), 0.0077520 secs] 19676K->2681K(21888K), [CMS Perm : 5141K->5141K(21248K)], 0.0078220 secs] [Times: user=0.00 sys=0.00, real=0.01 secs] 
199.062: Total time for which application threads were stopped: 0.0096090 seconds, Stopping threads took: 0.0017140 seconds
199.063: Application time: 0.0011100 seconds
199.103: [GC199.103: [ParNew: 5455K->628K(6144K), 0.0013960 secs] 8137K->7816K(21888K), 0.0014250 secs] [Times: user=0.01 sys=0.00, real=0.00 secs] 
199.105: Total time for which application threads were stopped: 0.0414420 seconds, Stopping threads took: 0.0399670 seconds
199.105: Application time: 0.0000470 seconds
199.105: [GC [1 CMS-initial-mark: 7188K(15744K)] 8605K(21888K), 0.0001070 secs] [Times: user=0.00 sys=0.00, real=0.00 secs] 
199.105: Total time for which application threads were stopped: 0.0004160 seconds, Stopping threads took: 0.0002630 seconds
199.105: [CMS-concurrent-mark-start]
199.109: [CMS-concurrent-mark: 0.004/0.004 secs] [Times: user=0.02 sys=0.00, real=0.01 secs] 
199.109: [CMS-concurrent-preclean-start]
199.110: [CMS-concurrent-preclean: 0.000/0.000 secs] [Times: user=0.00 sys=0.00, real=0.00 secs] 
199.110: [CMS-concurrent-abortable-preclean-start]
199.195: Application time: 0.0901380 seconds
199.251: [GC199.251: [ParNew: 6113K->400K(6144K), 0.0003590 secs] 13301K->7619K(21888K), 0.0004010 secs] [Times: user=0.00 sys=0.00, real=0.00 secs] 
199.251: Total time for which application threads were stopped: 0.0556910 seconds, Stopping threads took: 0.0552280 seconds
199.252: Application time: 0.0006710 seconds
199.252: [GC199.252: [ParNew: 5867K->532K(6144K), 0.0014760 secs] 13086K->13025K(21888K), 0.0015060 secs] [Times: user=0.01 sys=0.00, real=0.00 secs] 
199.254: Total time for which application threads were stopped: 0.0017930 seconds, Stopping threads took: 0.0002380 seconds
199.331: Application time: 0.0773980 seconds
199.354: [CMS-concurrent-abortable-preclean: 0.000/0.244 secs] [Times: user=1.53 sys=0.05, real=0.24 secs] 
199.372: [GC199.372: [ParNew: 6017K->6017K(6144K), 0.0000130 secs]199.372: [CMS (concurrent mode failure): 12493K->2892K(15744K), 0.0053750 secs] 18510K->2892K(21888K), [CMS Perm : 5141K->5141K(21248K)], 0.0054330 secs] [Times: user=0.01 sys=0.00, real=0.00 secs] 
199.378: Total time for which application threads were stopped: 0.0467140 seconds, Stopping threads took: 0.0412150 seconds
199.379: Application time: 0.0010030 seconds
199.419: [GC199.419: [ParNew: 5485K->502K(6144K), 0.0016030 secs] 8378K->8097K(21888K), 0.0016350 secs] [Times: user=0.01 sys=0.00, real=0.01 secs] 
199.420: Total time for which application threads were stopped: 0.0415360 seconds, Stopping threads took: 0.0398290 seconds
199.420: Application time: 0.0000500 seconds
199.460: [GC [1 CMS-initial-mark: 7595K(15744K)] 8591K(21888K), 0.0000930 secs] [Times: user=0.00 sys=0.00, real=0.00 secs] 
199.460: Total time for which application threads were stopped: 0.0399960 seconds, Stopping threads took: 0.0398820 seconds
199.460: [CMS-concurrent-mark-start]
199.464: [CMS-concurrent-mark: 0.004/0.004 secs] [Times: user=0.03 sys=0.00, real=0.00 secs] 
199.464: [CMS-concurrent-preclean-start]
199.464: [CMS-concurrent-preclean: 0.000/0.000 secs] [Times: user=0.00 sys=0.00, real=0.00 secs] 
199.464: [CMS-concurrent-abortable-preclean-start]
199.549: Application time: 0.0882860 seconds
199.588: [GC199.588: [ParNew: 5694K->404K(6144K), 0.0003150 secs] 13290K->8000K(21888K), 0.0003460 secs] [Times: user=0.00 sys=0.00, real=0.00 secs] 
199.589: Total time for which application threads were stopped: 0.0399210 seconds, Stopping threads took: 0.0395250 seconds
199.589: Application time: 0.0005380 seconds
199.589: [GC199.589: [ParNew: 5871K->630K(6144K), 0.0016030 secs] 13466K->13401K(21888K), 0.0016330 secs] [Times: user=0.01 sys=0.00, real=0.00 secs] 
199.591: Total time for which application threads were stopped: 0.0019660 seconds, Stopping threads took: 0.0002830 seconds
199.670: Application time: 0.0791070 seconds
199.691: [CMS-concurrent-abortable-preclean: 0.000/0.227 secs] [Times: user=1.41 sys=0.04, real=0.23 secs] 
199.710: [GC199.710: [ParNew: 6123K->6123K(6144K), 0.0000130 secs]199.710: [CMS (concurrent mode failure): 12771K->2877K(15744K), 0.0059550 secs] 18895K->2877K(21888K), [CMS Perm : 5141K->5141K(21248K)], 0.0060070 secs] [Times: user=0.01 sys=0.00, real=0.00 secs] 
199.716: Total time for which application threads were stopped: 0.0458650 seconds, Stopping threads took: 0.0397990 seconds
199.717: Application time: 0.0009940 seconds
199.717: [GC199.717: [ParNew: 5453K->624K(6144K), 0.0013890 secs] 8331K->8303K(21888K), 0.0014180 secs] [Times: user=0.01 sys=0.00, real=0.00 secs] 
199.719: Total time for which application threads were stopped: 0.0017150 seconds, Stopping threads took: 0.0002430 seconds
199.719: Application time: 0.0000690 seconds
199.719: [GC [1 CMS-initial-mark: 7679K(15744K)] 8895K(21888K), 0.0000900 secs] [Times: user=0.00 sys=0.00, real=0.00 secs] 
199.719: Total time for which application threads were stopped: 0.0002670 seconds, Stopping threads took: 0.0001540 seconds
199.719: [CMS-concurrent-mark-start]
199.726: [CMS-concurrent-mark: 0.007/0.007 secs] [Times: user=0.03 sys=0.00, real=0.01 secs] 
199.727: [CMS-concurrent-preclean-start]
199.727: [CMS-concurrent-preclean: 0.000/0.000 secs] [Times: user=0.00 sys=0.00, real=0.00 secs] 
199.727: Application time: 0.0075360 seconds
199.797: [GC[YG occupancy: 2300 K (6144 K)]199.797: [Rescan (parallel) , 0.0001780 secs]199.797: [weak refs processing, 0.0000070 secs]199.797: [scrub string table, 0.0000980 secs] [1 CMS-remark: 7679K(15744K)] 9979K(21888K), 0.0003260 secs] [Times: user=0.00 sys=0.00, real=0.00 secs] 
199.797: Total time for which application threads were stopped: 0.0704340 seconds, Stopping threads took: 0.0700680 seconds
199.797: [CMS-concurrent-sweep-start]
199.798: Application time: 0.0005770 seconds
199.838: [GC199.838: [ParNew: 5816K->600K(6144K), 0.0012580 secs] 13495K->11237K(21888K), 0.0012870 secs] [Times: user=0.00 sys=0.00, real=0.00 secs] 
199.839: Total time for which application threads were stopped: 0.0412910 seconds, Stopping threads took: 0.0399340 seconds
199.840: [CMS-concurrent-sweep: 0.001/0.043 secs] [Times: user=0.08 sys=0.02, real=0.05 secs] 
199.840: [CMS-concurrent-reset-start]
199.840: [CMS-concurrent-reset: 0.000/0.000 secs] [Times: user=0.00 sys=0.00, real=0.00 secs] 
199.919: Application time: 0.0797400 seconds
199.920: [GC199.920: [ParNew: 6085K->6085K(6144K), 0.0000140 secs]199.920: [CMS: 10624K->1721K(15744K), 0.0056350 secs] 16709K->1721K(21888K), [CMS Perm : 5141K->5141K(21248K)], 0.0056980 secs] [Times: user=0.01 sys=0.00, real=0.00 secs] 
199.926: Total time for which application threads were stopped: 0.0070920 seconds, Stopping threads took: 0.0013160 seconds
199.927: Application time: 0.0008140 seconds
199.927: [GC199.927: [ParNew: 5483K->602K(6144K), 0.0016240 secs] 7205K->7222K(21888K), 0.0016540 secs] [Times: user=0.01 sys=0.00, real=0.01 secs] 
199.929: Total time for which application threads were stopped: 0.0020570 seconds, Stopping threads took: 0.0003480 seconds
199.929: Application time: 0.0001930 seconds
199.929: [GC [1 CMS-initial-mark: 6620K(15744K)] 8793K(21888K), 0.0000800 secs] [Times: user=0.00 sys=0.00, real=0.00 secs] 
199.929: Total time for which application threads were stopped: 0.0005080 seconds, Stopping threads took: 0.0003850 seconds
199.929: [CMS-concurrent-mark-start]
199.933: [CMS-concurrent-mark: 0.004/0.004 secs] [Times: user=0.02 sys=0.00, real=0.00 secs] 
199.933: [CMS-concurrent-preclean-start]
199.933: [CMS-concurrent-preclean: 0.000/0.000 secs] [Times: user=0.00 sys=0.00, real=0.00 secs] 
199.933: [CMS-concurrent-abortable-preclean-start]
200.021: Application time: 0.0920020 seconds
200.076: [GC200.076: [ParNew: 5892K->400K(6144K), 0.0005810 secs] 12512K->7022K(21888K), 0.0006150 secs] [Times: user=0.00 sys=0.00, real=0.00 secs] 
200.076: Total time for which application threads were stopped: 0.0548750 seconds, Stopping threads took: 0.0541840 seconds
200.077: Application time: 0.0007250 seconds
200.131: [GC200.131: [ParNew: 5750K->634K(6144K), 0.0012490 secs] 12371K->11186K(21888K), 0.0012830 secs] [Times: user=0.01 sys=0.00, real=0.00 secs] 
200.132: Total time for which application threads were stopped: 0.0548650 seconds, Stopping threads took: 0.0535090 seconds
200.210: Application time: 0.0779890 seconds
200.213: [GC200.213: [ParNew: 6119K->6119K(6144K), 0.0000150 secs]200.213: [CMS200.213: [CMS-concurrent-abortable-preclean: 0.000/0.280 secs] [Times: user=1.58 sys=0.06, real=0.28 secs] 
 (concurrent mode failure): 10552K->2697K(15744K), 0.0067670 secs] 16671K->2697K(21888K), [CMS Perm : 5141K->5141K(21248K)], 0.0068330 secs] [Times: user=0.00 sys=0.00, real=0.00 secs] 
200.219: Total time for which application threads were stopped: 0.0095740 seconds, Stopping threads took: 0.0026440 seconds
200.221: Application time: 0.0011280 seconds
200.278: [GC200.278: [ParNew: 5485K->502K(6144K), 0.0016810 secs] 8183K->8097K(21888K), 0.0017120 secs] [Times: user=0.02 sys=0.00, real=0.01 secs] 
200.280: Total time for which application threads were stopped: 0.0595570 seconds, Stopping threads took: 0.0577720 seconds
200.280: Application time: 0.0000440 seconds
200.280: [GC [1 CMS-initial-mark: 7595K(15744K)] 8785K(21888K), 0.0000900 secs] [Times: user=0.00 sys=0.00, real=0.00 secs] 
200.280: Total time for which application threads were stopped: 0.0001540 seconds, Stopping threads took: 0.0000440 seconds
200.280: [CMS-concurrent-mark-start]
200.284: [CMS-concurrent-mark: 0.004/0.004 secs] [Times: user=0.02 sys=0.00, real=0.00 secs] 
200.284: [CMS-concurrent-preclean-start]
200.284: [CMS-concurrent-preclean: 0.000/0.000 secs] [Times: user=0.00 sys=0.00, real=0.00 secs] 
200.284: [CMS-concurrent-abortable-preclean-start]
200.370: Application time: 0.0898140 seconds
200.422: [GC200.422: [ParNew: 5890K->402K(6144K), 0.0003830 secs] 13485K->7998K(21888K), 0.0004180 secs] [Times: user=0.00 sys=0.00, real=0.00 secs] 
200.422: Total time for which application threads were stopped: 0.0521400 seconds, Stopping threads took: 0.0516570 seconds
200.423: Application time: 0.0005420 seconds
200.423: [GC200.423: [ParNew: 5886K->600K(6144K), 0.0016250 secs] 13482K->13471K(21888K), 0.0016570 secs] [Times: user=0.01 sys=0.00, real=0.00 secs] 
200.425: Total time for which application threads were stopped: 0.0020170 seconds, Stopping threads took: 0.0003080 seconds
200.503: Application time: 0.0781620 seconds
200.525: [CMS-concurrent-abortable-preclean: 0.000/0.241 secs] [Times: user=1.50 sys=0.04, real=0.24 secs] 
200.543: [GC200.544: [ParNew: 6066K->6066K(6144K), 0.0000130 secs]200.544: [CMS (concurrent mode failure): 12871K->2893K(15744K), 0.0058700 secs] 18937K->2893K(21888K), [CMS Perm : 5141K->5141K(21248K)], 0.0059260 secs] [Times: user=0.01 sys=0.00, real=0.01 secs] 
200.549: Total time for which application threads were stopped: 0.0464580 seconds, Stopping threads took: 0.0404690 seconds
200.551: Application time: 0.0010860 seconds
200.590: [GC200.590: [ParNew: 5485K->596K(6144K), 0.0016520 secs] 8378K->8093K(21888K), 0.0016860 secs] [Times: user=0.01 sys=0.00, real=0.00 secs] 
200.592: Total time for which application threads were stopped: 0.0416140 seconds, Stopping threads took: 0.0398740 seconds
200.592: Application time: 0.0001150 seconds
200.632: [GC [1 CMS-initial-mark: 7497K(15744K)] 9180K(21888K), 0.0001130 secs] [Times: user=0.00 sys=0.00, real=0.00 secs] 
200.632: Total time for which application threads were stopped: 0.0400080 seconds, Stopping threads took: 0.0398710 seconds
200.632: [CMS-concurrent-mark-start]
200.636: [CMS-concurrent-mark: 0.004/0.004 secs] [Times: user=0.03 sys=0.00, real=0.00 secs] 
200.636: [CMS-concurrent-preclean-start]
200.636: [CMS-concurrent-preclean: 0.000/0.000 secs] [Times: user=0.00 sys=0.00, real=0.00 secs] 
200.636: Application time: 0.0039930 seconds
200.709: [GC[YG occupancy: 2368 K (6144 K)]200.709: [Rescan (parallel) , 0.0001260 secs]200.709: [weak refs processing, 0.0000060 secs]200.709: [scrub string table, 0.0000940 secs] [1 CMS-remark: 7497K(15744K)] 9866K(21888K), 0.0002580 secs] [Times: user=0.00 sys=0.00, real=0.00 secs] 
200.710: Total time for which application threads were stopped: 0.0732260 seconds, Stopping threads took: 0.0729390 seconds
200.710: [CMS-concurrent-sweep-start]
200.710: Application time: 0.0005520 seconds
200.710: [GC200.710: [ParNew: 6081K->602K(6144K), 0.0011350 secs] 13579K->11422K(21888K), 0.0011600 secs] [Times: user=0.01 sys=0.00, real=0.00 secs] 
200.711: Total time for which application threads were stopped: 0.0012970 seconds, Stopping threads took: 0.0000930 seconds
200.712: [CMS-concurrent-sweep: 0.001/0.002 secs] [Times: user=0.01 sys=0.00, real=0.00 secs] 
200.712: [CMS-concurrent-reset-start]
200.712: [CMS-concurrent-reset: 0.000/0.000 secs] [Times: user=0.00 sys=0.00, real=0.00 secs] 
200.771: Application time: 0.0598530 seconds
200.798: [GC200.798: [ParNew: 6087K->406K(6144K), 0.0006230 secs] 15051K->9761K(21888K), 0.0006560 secs] [Times: user=0.00 sys=0.00, real=0.00 secs] 
200.799: Total time for which application threads were stopped: 0.0273490 seconds, Stopping threads took: 0.0266120 seconds
200.799: Application time: 0.0001370 seconds
200.799: [GC [1 CMS-initial-mark: 9355K(15744K)] 10649K(21888K), 0.0000820 secs] [Times: user=0.00 sys=0.00, real=0.00 secs] 
200.799: Total time for which application threads were stopped: 0.0003380 seconds, Stopping threads took: 0.0002140 seconds
200.799: [CMS-concurrent-mark-start]
200.800: Application time: 0.0007560 seconds
200.840: [GC200.840: [ParNew: 5892K->600K(6144K), 0.0014040 secs] 15247K->14545K(21888K), 0.0014400 secs] [Times: user=0.01 sys=0.00, real=0.00 secs] 
200.841: Total time for which application threads were stopped: 0.0412110 seconds, Stopping threads took: 0.0397220 seconds
200.844: [CMS-concurrent-mark: 0.004/0.045 secs] [Times: user=0.11 sys=0.01, real=0.05 secs] 
200.844: [CMS-concurrent-preclean-start]
200.844: [CMS-concurrent-preclean: 0.000/0.000 secs] [Times: user=0.00 sys=0.00, real=0.00 secs] 
200.844: Application time: 0.0034370 seconds
200.918: [GC[YG occupancy: 2665 K (6144 K)]200.918: [Rescan (parallel) , 0.0001640 secs]200.918: [weak refs processing, 0.0000070 secs]200.918: [scrub string table, 0.0001120 secs] [1 CMS-remark: 13945K(15744K)] 16610K(21888K), 0.0003200 secs] [Times: user=0.00 sys=0.00, real=0.00 secs] 
200.918: Total time for which application threads were stopped: 0.0738580 seconds, Stopping threads took: 0.0735030 seconds
200.918: [CMS-concurrent-sweep-start]
200.919: Application time: 0.0007140 seconds
200.919: [GC200.919: [ParNew: 6093K->6093K(6144K), 0.0000120 secs]200.919: [CMS200.919: [CMS-concurrent-sweep: 0.001/0.001 secs] [Times: user=0.00 sys=0.00, real=0.01 secs] 
 (concurrent mode failure): 13945K->5514K(15744K), 0.0065880 secs] 20039K->5514K(21888K), [CMS Perm : 5141K->5141K(21248K)], 0.0066360 secs] [Times: user=0.01 sys=0.00, real=0.01 secs] 
200.926: Total time for which application threads were stopped: 0.0068420 seconds, Stopping threads took: 0.0001510 seconds
201.016: Application time: 0.0901080 seconds
201.027: [GC201.027: [ParNew: 5455K->628K(6144K), 0.0005120 secs] 10970K->6535K(21888K), 0.0005450 secs] [Times: user=0.01 sys=0.00, real=0.00 secs] 
201.027: Total time for which application threads were stopped: 0.0113890 seconds, Stopping threads took: 0.0107580 seconds
201.028: Application time: 0.0005430 seconds
201.068: [GC201.068: [ParNew: 5821K->602K(6144K), 0.0014920 secs] 11727K->11044K(21888K), 0.0015270 secs] [Times: user=0.01 sys=0.00, real=0.00 secs] 
201.069: Total time for which application threads were stopped: 0.0415380 seconds, Stopping threads took: 0.0399570 seconds
201.069: Application time: 0.0000420 seconds
201.070: [GC [1 CMS-initial-mark: 10442K(15744K)] 11927K(21888K), 0.0000930 secs] [Times: user=0.00 sys=0.00, real=0.00 secs] 
201.070: Total time for which application threads were stopped: 0.0002900 seconds, Stopping threads took: 0.0001740 seconds
201.070: [CMS-concurrent-mark-start]
201.073: [CMS-concurrent-mark: 0.003/0.003 secs] [Times: user=0.01 sys=0.00, real=0.00 secs] 
201.073: [CMS-concurrent-preclean-start]
201.073: [CMS-concurrent-preclean: 0.000/0.000 secs] [Times: user=0.00 sys=0.00, real=0.00 secs] 
201.073: [CMS-concurrent-abortable-preclean-start]
201.147: Application time: 0.0776520 seconds
201.173: [CMS-concurrent-abortable-preclean: 0.000/0.100 secs] [Times: user=0.64 sys=0.02, real=0.10 secs] 
201.190: [GC201.190: [ParNew: 6068K->6068K(6144K), 0.0000120 secs]201.190: [CMS (concurrent mode failure): 10442K->2112K(15744K), 0.0058940 secs] 16510K->2112K(21888K), [CMS Perm : 5141K->5141K(21248K)], 0.0059490 secs] [Times: user=0.01 sys=0.00, real=0.00 secs] 
201.196: Total time for which application threads were stopped: 0.0482720 seconds, Stopping threads took: 0.0422420 seconds
201.197: Application time: 0.0010360 seconds
201.248: [GC201.248: [ParNew: 5466K->630K(6144K), 0.0016510 secs] 7578K->7249K(21888K), 0.0016790 secs] [Times: user=0.01 sys=0.01, real=0.00 secs] 
201.250: Total time for which application threads were stopped: 0.0534050 seconds, Stopping threads took: 0.0516530 seconds
201.250: Application time: 0.0000650 seconds
201.250: [GC [1 CMS-initial-mark: 6618K(15744K)] 8329K(21888K), 0.0000950 secs] [Times: user=0.00 sys=0.00, real=0.00 secs] 
201.251: Total time for which application threads were stopped: 0.0003520 seconds, Stopping threads took: 0.0002340 seconds
201.251: [CMS-concurrent-mark-start]
201.254: [CMS-concurrent-mark: 0.004/0.004 secs] [Times: user=0.01 sys=0.00, real=0.00 secs] 
201.254: [CMS-concurrent-preclean-start]
201.255: [CMS-concurrent-preclean: 0.000/0.000 secs] [Times: user=0.00 sys=0.00, real=0.00 secs] 
201.255: [CMS-concurrent-abortable-preclean-start]
201.341: Application time: 0.0906940 seconds
201.385: [GC201.385: [ParNew: 5822K->598K(6144K), 0.0003880 secs] 12441K->7248K(21888K), 0.0004220 secs] [Times: user=0.00 sys=0.00, real=0.00 secs] 
201.385: Total time for which application threads were stopped: 0.0440860 seconds, Stopping threads took: 0.0435900 seconds
201.386: Application time: 0.0005580 seconds
201.386: [GC201.386: [ParNew: 6081K->598K(6144K), 0.0018030 secs] 12731K->12717K(21888K), 0.0018360 secs] [Times: user=0.01 sys=0.00, real=0.01 secs] 
201.388: Total time for which application threads were stopped: 0.0023090 seconds, Stopping threads took: 0.0003990 seconds
201.466: Application time: 0.0776930 seconds
201.488: [CMS-concurrent-abortable-preclean: 0.000/0.234 secs] [Times: user=1.54 sys=0.03, real=0.24 secs] 
201.508: [GC201.508: [ParNew: 6083K->6083K(6144K), 0.0000130 secs]201.508: [CMS (concurrent mode failure): 12119K->2112K(15744K), 0.0066190 secs] 18202K->2112K(21888K), [CMS Perm : 5141K->5141K(21248K)], 0.0066740 secs] [Times: user=0.00 sys=0.00, real=0.00 secs] 
201.515: Total time for which application threads were stopped: 0.0490980 seconds, Stopping threads took: 0.0423410 seconds
201.516: Application time: 0.0008480 seconds
201.558: [GC201.558: [ParNew: 5388K->600K(6144K), 0.0014230 secs] 7500K->7219K(21888K), 0.0014550 secs] [Times: user=0.01 sys=0.00, real=0.01 secs] 
201.560: Total time for which application threads were stopped: 0.0436810 seconds, Stopping threads took: 0.0421430 seconds
201.560: Application time: 0.0000440 seconds
201.560: [GC [1 CMS-initial-mark: 6618K(15744K)] 7609K(21888K), 0.0000980 secs] [Times: user=0.00 sys=0.00, real=0.00 secs] 
201.560: Total time for which application threads were stopped: 0.0004960 seconds, Stopping threads took: 0.0003550 seconds
201.560: [CMS-concurrent-mark-start]
201.563: [CMS-concurrent-mark: 0.003/0.003 secs] [Times: user=0.03 sys=0.00, real=0.00 secs] 
201.564: [CMS-concurrent-preclean-start]
201.564: [CMS-concurrent-preclean: 0.000/0.000 secs] [Times: user=0.00 sys=0.00, real=0.00 secs] 
201.564: [CMS-concurrent-abortable-preclean-start]
201.646: Application time: 0.0854980 seconds
201.688: [GC201.688: [ParNew: 5987K->402K(6144K), 0.0004190 secs] 12606K->7415K(21888K), 0.0004540 secs] [Times: user=0.00 sys=0.00, real=0.00 secs] 
201.689: Total time for which application threads were stopped: 0.0431730 seconds, Stopping threads took: 0.0426440 seconds
201.689: Application time: 0.0005790 seconds
201.729: [GC201.729: [ParNew: 5790K->600K(6144K), 0.0015680 secs] 12803K->12104K(21888K), 0.0016020 secs] [Times: user=0.01 sys=0.00, real=0.00 secs] 
201.731: Total time for which application threads were stopped: 0.0416910 seconds, Stopping threads took: 0.0400100 seconds
201.809: Application time: 0.0781230 seconds
201.816: [GC201.816: [ParNew: 5968K->5968K(6144K), 0.0000130 secs]201.816: [CMS201.816: [CMS-concurrent-abortable-preclean: 0.000/0.252 secs] [Times: user=1.47 sys=0.04, real=0.25 secs] 
 (concurrent mode failure): 11504K->3088K(15744K), 0.0058050 secs] 17473K->3088K(21888K), [CMS Perm : 5141K->5141K(21248K)], 0.0058740 secs] [Times: user=0.00 sys=0.00, real=0.01 secs] 
201.822: Total time for which application threads were stopped: 0.0125710 seconds, Stopping threads took: 0.0066040 seconds
201.823: Application time: 0.0011490 seconds
201.874: [GC201.874: [ParNew: 5388K->500K(6144K), 0.0014780 secs] 8476K->7898K(21888K), 0.0015530 secs] [Times: user=0.01 sys=0.01, real=0.00 secs] 
201.875: Total time for which application threads were stopped: 0.0523630 seconds, Stopping threads took: 0.0507530 seconds
201.875: Application time: 0.0000960 seconds
201.915: [GC [1 CMS-initial-mark: 7398K(15744K)] 8883K(21888K), 0.0001110 secs] [Times: user=0.00 sys=0.00, real=0.00 secs] 
201.916: Total time for which application threads were stopped: 0.0401420 seconds, Stopping threads took: 0.0399850 seconds
201.916: [CMS-concurrent-mark-start]
201.922: [CMS-concurrent-mark: 0.007/0.007 secs] [Times: user=0.03 sys=0.00, real=0.01 secs] 
201.922: [CMS-concurrent-preclean-start]
201.922: [CMS-concurrent-preclean: 0.000/0.000 secs] [Times: user=0.00 sys=0.00, real=0.00 secs] 
201.922: [CMS-concurrent-abortable-preclean-start]
201.993: Application time: 0.0776140 seconds
201.998: [GC201.998: [ParNew: 5986K->600K(6144K), 0.0005040 secs] 13384K->8194K(21888K), 0.0005370 secs] [Times: user=0.00 sys=0.00, real=0.00 secs] 
201.998: Total time for which application threads were stopped: 0.0051130 seconds, Stopping threads took: 0.0044970 seconds
201.999: Application time: 0.0007120 seconds
201.999: [GC201.999: [ParNew: 5949K->634K(6144K), 0.0017270 secs] 13543K->13432K(21888K), 0.0017550 secs] [Times: user=0.01 sys=0.00, real=0.01 secs] 
202.001: Total time for which application threads were stopped: 0.0020010 seconds, Stopping threads took: 0.0001970 seconds
202.079: Application time: 0.0781150 seconds
202.101: [CMS-concurrent-abortable-preclean: 0.000/0.179 secs] [Times: user=1.27 sys=0.01, real=0.18 secs] 
202.123: [GC202.123: [ParNew: 6002K->6002K(6144K), 0.0000130 secs]202.123: [CMS (concurrent mode failure): 12798K->2893K(15744K), 0.0067280 secs] 18800K->2893K(21888K), [CMS Perm : 5141K->5141K(21248K)], 0.0067830 secs] [Times: user=0.01 sys=0.00, real=0.01 secs] 
202.130: Total time for which application threads were stopped: 0.0508170 seconds, Stopping threads took: 0.0439530 seconds
202.131: Application time: 0.0008740 seconds
202.171: [GC202.171: [ParNew: 5192K->602K(6144K), 0.0017990 secs] 8086K->7807K(21888K), 0.0018330 secs] [Times: user=0.01 sys=0.00, real=0.00 secs] 
202.173: Total time for which application threads were stopped: 0.0419840 seconds, Stopping threads took: 0.0400730 seconds
202.173: Application time: 0.0000550 seconds
202.173: [GC [1 CMS-initial-mark: 7205K(15744K)] 8198K(21888K), 0.0001070 secs] [Times: user=0.00 sys=0.00, real=0.00 secs] 
202.173: Total time for which application threads were stopped: 0.0004340 seconds, Stopping threads took: 0.0002830 seconds
202.173: [CMS-concurrent-mark-start]
202.176: [CMS-concurrent-mark: 0.003/0.003 secs] [Times: user=0.02 sys=0.00, real=0.00 secs] 
202.176: [CMS-concurrent-preclean-start]
202.177: [CMS-concurrent-preclean: 0.000/0.000 secs] [Times: user=0.00 sys=0.00, real=0.00 secs] 
202.177: [CMS-concurrent-abortable-preclean-start]
202.262: Application time: 0.0887650 seconds
202.304: [GC202.304: [ParNew: 6068K->626K(6144K), 0.0006460 secs] 13273K->8615K(21888K), 0.0006820 secs] [Times: user=0.00 sys=0.00, real=0.00 secs] 
202.305: Total time for which application threads were stopped: 0.0425870 seconds, Stopping threads took: 0.0418250 seconds
202.305: Application time: 0.0007870 seconds
202.358: [GC202.358: [ParNew: 6111K->602K(6144K), 0.0014060 secs] 14101K->12721K(21888K), 0.0014450 secs] [Times: user=0.01 sys=0.00, real=0.00 secs] 
202.359: Total time for which application threads were stopped: 0.0537540 seconds, Stopping threads took: 0.0522540 seconds
202.437: Application time: 0.0777260 seconds
202.439: [GC202.439: [ParNew: 6087K->6087K(6144K), 0.0000130 secs]202.439: [CMS202.439: [CMS-concurrent-abortable-preclean: 0.000/0.262 secs] [Times: user=1.53 sys=0.06, real=0.26 secs] 
 (concurrent mode failure): 12119K->2893K(15744K), 0.0061100 secs] 18207K->2893K(21888K), [CMS Perm : 5141K->5141K(21248K)], 0.0061760 secs] [Times: user=0.01 sys=0.00, real=0.01 secs] 
202.445: Total time for which application threads were stopped: 0.0081280 seconds, Stopping threads took: 0.0018610 seconds
202.446: Application time: 0.0009790 seconds
202.486: [GC202.486: [ParNew: 5485K->502K(6144K), 0.0014670 secs] 8379K->8098K(21888K), 0.0014970 secs] [Times: user=0.01 sys=0.00, real=0.01 secs] 
202.488: Total time for which application threads were stopped: 0.0415680 seconds, Stopping threads took: 0.0400190 seconds
202.488: Application time: 0.0001140 seconds
202.528: [GC [1 CMS-initial-mark: 7596K(15744K)] 9184K(21888K), 0.0000990 secs] [Times: user=0.00 sys=0.00, real=0.00 secs] 
202.528: Total time for which application threads were stopped: 0.0402060 seconds, Stopping threads took: 0.0400550 seconds
202.528: [CMS-concurrent-mark-start]
202.532: [CMS-concurrent-mark: 0.004/0.004 secs] [Times: user=0.03 sys=0.00, real=0.00 secs] 
202.532: [CMS-concurrent-preclean-start]
202.532: [CMS-concurrent-preclean: 0.000/0.000 secs] [Times: user=0.00 sys=0.00, real=0.00 secs] 
202.532: [CMS-concurrent-abortable-preclean-start]
202.616: Application time: 0.0880680 seconds
202.657: [GC202.657: [ParNew: 5694K->402K(6144K), 0.0003910 secs] 13290K->8001K(21888K), 0.0004260 secs] [Times: user=0.00 sys=0.00, real=0.00 secs] 
202.658: Total time for which application threads were stopped: 0.0416750 seconds, Stopping threads took: 0.0411650 seconds
202.658: Application time: 0.0007590 seconds
202.712: [GC202.712: [ParNew: 5884K->594K(6144K), 0.0012000 secs] 13483K->11318K(21888K), 0.0012310 secs] [Times: user=0.01 sys=0.00, real=0.00 secs] 
202.713: Total time for which application threads were stopped: 0.0547070 seconds, Stopping threads took: 0.0534260 seconds
202.791: Application time: 0.0778000 seconds
202.792: [GC202.792: [ParNew: 5884K->5884K(6144K), 0.0000150 secs]202.792: [CMS202.793: [CMS-concurrent-abortable-preclean: 0.000/0.261 secs] [Times: user=1.52 sys=0.07, real=0.26 secs] 
 (concurrent mode failure): 10724K->1721K(15744K), 0.0065490 secs] 16608K->1721K(21888K), [CMS Perm : 5141K->5141K(21248K)], 0.0066100 secs] [Times: user=0.01 sys=0.00, real=0.00 secs] 
202.799: Total time for which application threads were stopped: 0.0082030 seconds, Stopping threads took: 0.0015050 seconds
202.800: Application time: 0.0009900 seconds
202.801: [GC202.801: [ParNew: 5483K->602K(6144K), 0.0016770 secs] 7205K->7223K(21888K), 0.0017060 secs] [Times: user=0.01 sys=0.00, real=0.00 secs] 
202.802: Total time for which application threads were stopped: 0.0021750 seconds, Stopping threads took: 0.0003960 seconds
202.802: Application time: 0.0001440 seconds
202.803: [GC [1 CMS-initial-mark: 6621K(15744K)] 8993K(21888K), 0.0000980 secs] [Times: user=0.00 sys=0.00, real=0.00 secs] 
202.803: Total time for which application threads were stopped: 0.0003670 seconds, Stopping threads took: 0.0002230 seconds
202.803: [CMS-concurrent-mark-start]
202.807: [CMS-concurrent-mark: 0.004/0.004 secs] [Times: user=0.01 sys=0.00, real=0.00 secs] 
202.807: [CMS-concurrent-preclean-start]
202.807: [CMS-concurrent-preclean: 0.000/0.000 secs] [Times: user=0.00 sys=0.00, real=0.00 secs] 
202.807: [CMS-concurrent-abortable-preclean-start]
202.897: Application time: 0.0944790 seconds
202.961: [GC202.961: [ParNew: 5892K->402K(6144K), 0.0005360 secs] 12513K->7024K(21888K), 0.0005700 secs] [Times: user=0.00 sys=0.00, real=0.00 secs] 
202.962: Total time for which application threads were stopped: 0.0644720 seconds, Stopping threads took: 0.0638280 seconds
202.962: Application time: 0.0005010 seconds
202.963: [GC202.963: [ParNew: 5886K->600K(6144K), 0.0018480 secs] 12508K->12495K(21888K), 0.0018830 secs] [Times: user=0.01 sys=0.00, real=0.00 secs] 
202.965: Total time for which application threads were stopped: 0.0023000 seconds, Stopping threads took: 0.0003660 seconds
203.043: Application time: 0.0780000 seconds
203.065: [CMS-concurrent-abortable-preclean: 0.000/0.258 secs] [Times: user=1.62 sys=0.05, real=0.26 secs] 
203.083: [GC203.083: [ParNew: 5968K->5968K(6144K), 0.0000150 secs]203.083: [CMS (concurrent mode failure): 11895K->1722K(15744K), 0.0054640 secs] 17864K->1722K(21888K), [CMS Perm : 5141K->5141K(21248K)], 0.0055230 secs] [Times: user=0.01 sys=0.00, real=0.01 secs] 
203.089: Total time for which application threads were stopped: 0.0464540 seconds, Stopping threads took: 0.0408640 seconds
203.090: Application time: 0.0009490 seconds
203.090: [GC203.090: [ParNew: 5483K->602K(6144K), 0.0017440 secs] 7205K->7223K(21888K), 0.0017680 secs] [Times: user=0.01 sys=0.00, real=0.00 secs] 
203.092: Total time for which application threads were stopped: 0.0023000 seconds, Stopping threads took: 0.0004650 seconds
203.092: Application time: 0.0000420 seconds
203.093: [GC [1 CMS-initial-mark: 6621K(15744K)] 7614K(21888K), 0.0000980 secs] [Times: user=0.00 sys=0.00, real=0.00 secs] 
203.093: Total time for which application threads were stopped: 0.0003660 seconds, Stopping threads took: 0.0002450 seconds
203.093: [CMS-concurrent-mark-start]
203.096: [CMS-concurrent-mark: 0.003/0.003 secs] [Times: user=0.02 sys=0.00, real=0.00 secs] 
203.096: [CMS-concurrent-preclean-start]
203.096: [CMS-concurrent-preclean: 0.000/0.000 secs] [Times: user=0.00 sys=0.00, real=0.00 secs] 
203.096: [CMS-concurrent-abortable-preclean-start]
203.187: Application time: 0.0942370 seconds
203.226: [GC203.226: [ParNew: 5970K->528K(6144K), 0.0007880 secs] 12591K->8127K(21888K), 0.0008240 secs] [Times: user=0.00 sys=0.00, real=0.00 secs] 
203.226: Total time for which application threads were stopped: 0.0395130 seconds, Stopping threads took: 0.0386230 seconds
203.227: Application time: 0.0007670 seconds
203.267: [GC203.267: [ParNew: 5994K->630K(6144K), 0.0019920 secs] 13593K->13238K(21888K), 0.0020320 secs] [Times: user=0.02 sys=0.00, real=0.01 secs] 
203.269: Total time for which application threads were stopped: 0.0417410 seconds, Stopping threads took: 0.0396270 seconds
203.347: Application time: 0.0785550 seconds
203.369: [CMS-concurrent-abortable-preclean: 0.000/0.273 secs] [Times: user=1.53 sys=0.06, real=0.28 secs] 
203.387: [GC203.387: [ParNew: 6115K->6115K(6144K), 0.0000130 secs]203.387: [CMS (concurrent mode failure): 12608K->2893K(15744K), 0.0065010 secs] 18723K->2893K(21888K), [CMS Perm : 5141K->5141K(21248K)], 0.0065570 secs] [Times: user=0.00 sys=0.00, real=0.01 secs] 
203.394: Total time for which application threads were stopped: 0.0464440 seconds, Stopping threads took: 0.0398230 seconds
203.395: Application time: 0.0011890 seconds
203.435: [GC203.435: [ParNew: 5485K->598K(6144K), 0.0013910 secs] 8379K->7801K(21888K), 0.0014220 secs] [Times: user=0.00 sys=0.00, real=0.00 secs] 
203.437: Total time for which application threads were stopped: 0.0415390 seconds, Stopping threads took: 0.0400410 seconds
203.437: Application time: 0.0001060 seconds
203.437: [GC [1 CMS-initial-mark: 7203K(15744K)] 8688K(21888K), 0.0000920 secs] [Times: user=0.00 sys=0.00, real=0.00 secs] 
203.437: Total time for which application threads were stopped: 0.0003330 seconds, Stopping threads took: 0.0002040 seconds
203.437: [CMS-concurrent-mark-start]
203.441: [CMS-concurrent-mark: 0.004/0.004 secs] [Times: user=0.03 sys=0.00, real=0.01 secs] 
203.441: [CMS-concurrent-preclean-start]
203.441: [CMS-concurrent-preclean: 0.000/0.000 secs] [Times: user=0.00 sys=0.00, real=0.00 secs] 
203.441: [CMS-concurrent-abortable-preclean-start]
203.522: Application time: 0.0850140 seconds
203.566: [GC203.566: [ParNew: 5790K->400K(6144K), 0.0004880 secs] 12994K->7606K(21888K), 0.0005230 secs] [Times: user=0.00 sys=0.00, real=0.00 secs] 
203.567: Total time for which application threads were stopped: 0.0446920 seconds, Stopping threads took: 0.0441140 seconds
203.567: Application time: 0.0004880 seconds
203.568: [GC203.568: [ParNew: 5884K->602K(6144K), 0.0017540 secs] 13090K->13083K(21888K), 0.0017870 secs] [Times: user=0.01 sys=0.00, real=0.00 secs] 
203.569: Total time for which application threads were stopped: 0.0021690 seconds, Stopping threads took: 0.0003070 seconds
203.647: Application time: 0.0779370 seconds
203.670: [CMS-concurrent-abortable-preclean: 0.000/0.229 secs] [Times: user=1.42 sys=0.06, real=0.23 secs] 
203.688: [GC203.688: [ParNew: 5989K->5989K(6144K), 0.0000140 secs]203.688: [CMS (concurrent mode failure): 12481K->2893K(15744K), 0.0067270 secs] 18471K->2893K(21888K), [CMS Perm : 5141K->5141K(21248K)], 0.0067830 secs] [Times: user=0.01 sys=0.00, real=0.00 secs] 
203.695: Total time for which application threads were stopped: 0.0473470 seconds, Stopping threads took: 0.0404970 seconds
203.696: Application time: 0.0012300 seconds
203.749: [GC203.749: [ParNew: 5349K->558K(6144K), 0.0012840 secs] 8243K->7566K(21888K), 0.0013150 secs] [Times: user=0.01 sys=0.00, real=0.00 secs] 
203.750: Total time for which application threads were stopped: 0.0540510 seconds, Stopping threads took: 0.0526440 seconds
203.750: Application time: 0.0000760 seconds
203.790: [GC [1 CMS-initial-mark: 7008K(15744K)] 8356K(21888K), 0.0001090 secs] [Times: user=0.00 sys=0.00, real=0.00 secs] 
203.790: Total time for which application threads were stopped: 0.0400760 seconds, Stopping threads took: 0.0399420 seconds
203.790: [CMS-concurrent-mark-start]
203.794: [CMS-concurrent-mark: 0.004/0.004 secs] [Times: user=0.02 sys=0.00, real=0.00 secs] 
203.794: [CMS-concurrent-preclean-start]
203.794: [CMS-concurrent-preclean: 0.000/0.000 secs] [Times: user=0.00 sys=0.00, real=0.00 secs] 
203.794: [CMS-concurrent-abortable-preclean-start]
203.868: Application time: 0.0779130 seconds
203.872: [GC203.872: [ParNew: 6044K->400K(6144K), 0.0005950 secs] 13052K->7468K(21888K), 0.0006290 secs] [Times: user=0.00 sys=0.00, real=0.00 secs] 
203.873: Total time for which application threads were stopped: 0.0044730 seconds, Stopping threads took: 0.0037650 seconds
203.873: Application time: 0.0005080 seconds
203.874: [GC203.874: [ParNew: 5886K->600K(6144K), 0.0017650 secs] 12954K->12943K(21888K), 0.0017960 secs] [Times: user=0.01 sys=0.00, real=0.00 secs] 
203.875: Total time for which application threads were stopped: 0.0022070 seconds, Stopping threads took: 0.0003380 seconds
203.954: Application time: 0.0783690 seconds
203.976: [CMS-concurrent-abortable-preclean: 0.000/0.181 secs] [Times: user=1.29 sys=0.02, real=0.18 secs] 
203.994: [GC203.994: [ParNew: 5987K->5987K(6144K), 0.0000130 secs]203.994: [CMS (concurrent mode failure): 12343K->2894K(15744K), 0.0068530 secs] 18331K->2894K(21888K), [CMS Perm : 5141K->5141K(21248K)], 0.0069080 secs] [Times: user=0.01 sys=0.00, real=0.01 secs] 
204.001: Total time for which application threads were stopped: 0.0470780 seconds, Stopping threads took: 0.0400850 seconds
204.002: Application time: 0.0012490 seconds
204.055: [GC204.055: [ParNew: 5485K->598K(6144K), 0.0016680 secs] 8379K->7801K(21888K), 0.0017000 secs] [Times: user=0.01 sys=0.00, real=0.00 secs] 
204.057: Total time for which application threads were stopped: 0.0547500 seconds, Stopping threads took: 0.0529740 seconds
204.057: Application time: 0.0000630 seconds
204.057: [GC [1 CMS-initial-mark: 7203K(15744K)] 8393K(21888K), 0.0001020 secs] [Times: user=0.00 sys=0.00, real=0.00 secs] 
204.057: Total time for which application threads were stopped: 0.0003210 seconds, Stopping threads took: 0.0001720 seconds
204.057: [CMS-concurrent-mark-start]
204.064: [CMS-concurrent-mark: 0.007/0.007 secs] [Times: user=0.05 sys=0.00, real=0.01 secs] 
204.064: [CMS-concurrent-preclean-start]
204.064: [CMS-concurrent-preclean: 0.000/0.000 secs] [Times: user=0.00 sys=0.00, real=0.00 secs] 
204.064: [CMS-concurrent-abortable-preclean-start]
204.143: Application time: 0.0861890 seconds
204.185: [GC204.185: [ParNew: 5790K->402K(6144K), 0.0004910 secs] 12994K->7608K(21888K), 0.0005260 secs] [Times: user=0.00 sys=0.00, real=0.00 secs] 
204.186: Total time for which application threads were stopped: 0.0424790 seconds, Stopping threads took: 0.0418750 seconds
204.187: Application time: 0.0006570 seconds
204.187: [GC204.187: [ParNew: 5869K->532K(6144K), 0.0016040 secs] 13075K->13014K(21888K), 0.0016420 secs] [Times: user=0.01 sys=0.00, real=0.01 secs] 
204.189: Total time for which application threads were stopped: 0.0020570 seconds, Stopping threads took: 0.0003500 seconds
204.266: Application time: 0.0773960 seconds
204.289: [CMS-concurrent-abortable-preclean: 0.000/0.225 secs] [Times: user=1.43 sys=0.03, real=0.23 secs] 
204.307: [GC204.307: [ParNew: 5920K->5920K(6144K), 0.0000130 secs]204.307: [CMS (concurrent mode failure): 12481K->1722K(15744K), 0.0058100 secs] 18402K->1722K(21888K), [CMS Perm : 5141K->5141K(21248K)], 0.0058670 secs] [Times: user=0.00 sys=0.00, real=0.01 secs] 
204.313: Total time for which application threads were stopped: 0.0473140 seconds, Stopping threads took: 0.0413550 seconds
204.314: Application time: 0.0010440 seconds
204.315: [GC204.315: [ParNew: 5447K->626K(6144K), 0.0016980 secs] 7169K->7084K(21888K), 0.0017350 secs] [Times: user=0.01 sys=0.01, real=0.00 secs] 
204.317: Total time for which application threads were stopped: 0.0022000 seconds, Stopping threads took: 0.0003910 seconds
204.317: Application time: 0.0000740 seconds
204.357: [GC [1 CMS-initial-mark: 6458K(15744K)] 8460K(21888K), 0.0001010 secs] [Times: user=0.00 sys=0.00, real=0.00 secs] 
204.357: Total time for which application threads were stopped: 0.0403170 seconds, Stopping threads took: 0.0401780 seconds
204.357: [CMS-concurrent-mark-start]
204.360: [CMS-concurrent-mark: 0.003/0.003 secs] [Times: user=0.03 sys=0.00, real=0.01 secs] 
204.360: [CMS-concurrent-preclean-start]
204.360: [CMS-concurrent-preclean: 0.000/0.000 secs] [Times: user=0.00 sys=0.00, real=0.00 secs] 
204.360: [CMS-concurrent-abortable-preclean-start]
204.445: Application time: 0.0879200 seconds
204.488: [GC204.488: [ParNew: 6111K->404K(6144K), 0.0004540 secs] 12570K->6889K(21888K), 0.0004840 secs] [Times: user=0.00 sys=0.00, real=0.00 secs] 
204.488: Total time for which application threads were stopped: 0.0434760 seconds, Stopping threads took: 0.0429380 seconds
204.489: Application time: 0.0005790 seconds
204.489: [GC204.489: [ParNew: 5888K->600K(6144K), 0.0016130 secs] 12372K->12358K(21888K), 0.0016430 secs] [Times: user=0.01 sys=0.00, real=0.00 secs] 
204.491: Total time for which application threads were stopped: 0.0021170 seconds, Stopping threads took: 0.0004010 seconds
204.570: Application time: 0.0785950 seconds
204.591: [CMS-concurrent-abortable-preclean: 0.000/0.231 secs] [Times: user=1.44 sys=0.05, real=0.23 secs] 
204.610: [GC204.610: [ParNew: 5987K->5987K(6144K), 0.0000130 secs]204.610: [CMS (concurrent mode failure): 11758K->2894K(15744K), 0.0067230 secs] 17745K->2894K(21888K), [CMS Perm : 5141K->5141K(21248K)], 0.0067780 secs] [Times: user=0.00 sys=0.00, real=0.00 secs] 
204.616: Total time for which application threads were stopped: 0.0468710 seconds, Stopping threads took: 0.0400310 seconds
204.618: Application time: 0.0010250 seconds
204.658: [GC204.658: [ParNew: 5485K->500K(6144K), 0.0014850 secs] 8380K->8097K(21888K), 0.0015150 secs] [Times: user=0.01 sys=0.00, real=0.00 secs] 
204.659: Total time for which application threads were stopped: 0.0416010 seconds, Stopping threads took: 0.0400110 seconds
204.659: Application time: 0.0000260 seconds
204.659: [GC [1 CMS-initial-mark: 7596K(15744K)] 8591K(21888K), 0.0001060 secs] [Times: user=0.00 sys=0.00, real=0.01 secs] 
204.659: Total time for which application threads were stopped: 0.0002880 seconds, Stopping threads took: 0.0001510 seconds
204.659: [CMS-concurrent-mark-start]
204.663: [CMS-concurrent-mark: 0.004/0.004 secs] [Times: user=0.00 sys=0.00, real=0.00 secs] 
204.663: [CMS-concurrent-preclean-start]
204.663: [CMS-concurrent-preclean: 0.000/0.000 secs] [Times: user=0.00 sys=0.00, real=0.00 secs] 
204.663: [CMS-concurrent-abortable-preclean-start]
204.738: Application time: 0.0790110 seconds
204.782: [GC204.782: [ParNew: 5985K->596K(6144K), 0.0007760 secs] 13582K->9365K(21888K), 0.0008090 secs] [Times: user=0.01 sys=0.00, real=0.00 secs] 
204.783: Total time for which application threads were stopped: 0.0446320 seconds, Stopping threads took: 0.0437490 seconds
204.784: Application time: 0.0008340 seconds
204.837: [GC204.837: [ParNew: 5984K->502K(6144K), 0.0014830 secs] 14753K->13763K(21888K), 0.0015210 secs] [Times: user=0.01 sys=0.00, real=0.00 secs] 
204.838: Total time for which application threads were stopped: 0.0545100 seconds, Stopping threads took: 0.0529040 seconds
204.917: Application time: 0.0781190 seconds
204.939: [CMS-concurrent-abortable-preclean: 0.000/0.275 secs] [Times: user=1.51 sys=0.06, real=0.27 secs] 
204.958: [GC204.958: [ParNew: 5988K->5988K(6144K), 0.0000120 secs]204.958: [CMS (concurrent mode failure): 13261K->2113K(15744K), 0.0058440 secs] 19249K->2113K(21888K), [CMS Perm : 5141K->5141K(21248K)], 0.0059000 secs] [Times: user=0.00 sys=0.00, real=0.01 secs] 
204.964: Total time for which application threads were stopped: 0.0469620 seconds, Stopping threads took: 0.0410010 seconds
204.964: Application time: 0.0008400 seconds
204.965: [GC204.965: [ParNew: 5483K->598K(6144K), 0.0016700 secs] 7596K->7610K(21888K), 0.0017040 secs] [Times: user=0.01 sys=0.00, real=0.00 secs] 
204.967: Total time for which application threads were stopped: 0.0022500 seconds, Stopping threads took: 0.0004760 seconds
204.979: Application time: 0.0128610 seconds
205.080: [GC [1 CMS-initial-mark: 7012K(15744K)] 9971K(21888K), 0.0001300 secs] [Times: user=0.00 sys=0.00, real=0.00 secs] 
205.080: Total time for which application threads were stopped: 0.1007830 seconds, Stopping threads took: 0.1005970 seconds
205.080: [CMS-concurrent-mark-start]
205.081: Application time: 0.0005780 seconds
205.081: [GC205.081: [ParNew: 5927K->634K(6144K), 0.0006890 secs] 12940K->9843K(21888K), 0.0007130 secs] [Times: user=0.01 sys=0.00, real=0.00 secs] 
205.082: Total time for which application threads were stopped: 0.0009900 seconds, Stopping threads took: 0.0002110 seconds
205.087: [CMS-concurrent-mark: 0.006/0.007 secs] [Times: user=0.05 sys=0.00, real=0.01 secs] 
205.088: [CMS-concurrent-preclean-start]
205.088: [CMS-concurrent-preclean: 0.000/0.000 secs] [Times: user=0.00 sys=0.00, real=0.00 secs] 
205.088: [CMS-concurrent-abortable-preclean-start]
205.092: Application time: 0.0096890 seconds
205.166: [GC205.166: [ParNew: 5826K->205K(6144K), 0.0004010 secs] 15036K->9648K(21888K), 0.0004370 secs] [Times: user=0.00 sys=0.00, real=0.00 secs] 
205.166: Total time for which application threads were stopped: 0.0746770 seconds, Stopping threads took: 0.0741780 seconds
205.167: Application time: 0.0005520 seconds
205.167: [GC205.167: [ParNew: 5591K->502K(6144K), 0.0015390 secs] 15034K->15023K(21888K), 0.0015720 secs] [Times: user=0.01 sys=0.00, real=0.01 secs] 
205.169: Total time for which application threads were stopped: 0.0019080 seconds, Stopping threads took: 0.0002840 seconds
205.247: Application time: 0.0784100 seconds
205.269: [CMS-concurrent-abortable-preclean: 0.000/0.181 secs] [Times: user=1.19 sys=0.06, real=0.18 secs] 
205.288: [GC205.288: [ParNew: 5987K->5987K(6144K), 0.0000130 secs]205.288: [CMS (concurrent mode failure): 14521K->2894K(15744K), 0.0058710 secs] 20509K->2894K(21888K), [CMS Perm : 5141K->5141K(21248K)], 0.0059260 secs] [Times: user=0.00 sys=0.00, real=0.00 secs] 
205.294: Total time for which application threads were stopped: 0.0465320 seconds, Stopping threads took: 0.0405420 seconds
205.295: Application time: 0.0010810 seconds
205.335: [GC205.335: [ParNew: 5485K->504K(6144K), 0.0017530 secs] 8380K->8296K(21888K), 0.0017840 secs] [Times: user=0.01 sys=0.00, real=0.00 secs] 
205.336: Total time for which application threads were stopped: 0.0416740 seconds, Stopping threads took: 0.0398370 seconds
205.336: Application time: 0.0000540 seconds
205.376: [GC [1 CMS-initial-mark: 7792K(15744K)] 8793K(21888K), 0.0001070 secs] [Times: user=0.00 sys=0.00, real=0.00 secs] 
205.377: Total time for which application threads were stopped: 0.0401600 seconds, Stopping threads took: 0.0400170 seconds
205.377: [CMS-concurrent-mark-start]
205.381: [CMS-concurrent-mark: 0.004/0.004 secs] [Times: user=0.02 sys=0.00, real=0.01 secs] 
205.381: [CMS-concurrent-preclean-start]
205.381: [CMS-concurrent-preclean: 0.000/0.000 secs] [Times: user=0.00 sys=0.00, real=0.00 secs] 
205.381: [CMS-concurrent-abortable-preclean-start]
205.461: Application time: 0.0846780 seconds
205.467: [GC205.467: [ParNew: 5989K->596K(6144K), 0.0007990 secs] 13782K->9560K(21888K), 0.0008390 secs] [Times: user=0.00 sys=0.00, real=0.01 secs] 
205.468: Total time for which application threads were stopped: 0.0068160 seconds, Stopping threads took: 0.0059130 seconds
205.469: Application time: 0.0008370 seconds
205.521: [GC205.521: [ParNew: 6062K->532K(6144K), 0.0015030 secs] 15027K->13989K(21888K), 0.0015430 secs] [Times: user=0.01 sys=0.00, real=0.00 secs] 
205.522: Total time for which application threads were stopped: 0.0532460 seconds, Stopping threads took: 0.0516460 seconds
205.601: Application time: 0.0791300 seconds
205.602: [GC205.602: [ParNew: 5920K->5920K(6144K), 0.0000150 secs]205.602: [CMS205.602: [CMS-concurrent-abortable-preclean: 0.000/0.221 secs] [Times: user=1.44 sys=0.04, real=0.22 secs] 
 (concurrent mode failure): 13457K->3090K(15744K), 0.0068640 secs] 19377K->3090K(21888K), [CMS Perm : 5141K->5141K(21248K)], 0.0069380 secs] [Times: user=0.01 sys=0.00, real=0.01 secs] 
205.609: Total time for which application threads were stopped: 0.0072830 seconds, Stopping threads took: 0.0002580 seconds
205.610: Application time: 0.0012130 seconds
205.686: [GC205.686: [ParNew: 5387K->596K(6144K), 0.0012230 secs] 8477K->7016K(21888K), 0.0012550 secs] [Times: user=0.01 sys=0.00, real=0.00 secs] 
205.687: Total time for which application threads were stopped: 0.0771470 seconds, Stopping threads took: 0.0758380 seconds
205.699: Application time: 0.0125340 seconds
205.787: [GC [1 CMS-initial-mark: 6420K(15744K)] 11721K(21888K), 0.0001260 secs] [Times: user=0.00 sys=0.00, real=0.00 secs] 
205.787: Total time for which application threads were stopped: 0.0876640 seconds, Stopping threads took: 0.0875010 seconds
205.787: [CMS-concurrent-mark-start]
205.787: Application time: 0.0001830 seconds
205.788: [GC205.788: [ParNew: 6081K->598K(6144K), 0.0004010 secs] 12502K->7214K(21888K), 0.0004250 secs] [Times: user=0.00 sys=0.00, real=0.00 secs] 
205.788: Total time for which application threads were stopped: 0.0006240 seconds, Stopping threads took: 0.0001560 seconds
205.789: Application time: 0.0007210 seconds
205.789: [GC205.789: [ParNew: 5985K->492K(6144K), 0.0016460 secs] 12602K->12584K(21888K), 0.0016740 secs] [Times: user=0.01 sys=0.00, real=0.00 secs] 
205.791: Total time for which application threads were stopped: 0.0024210 seconds, Stopping threads took: 0.0007000 seconds
205.794: [CMS-concurrent-mark: 0.003/0.007 secs] [Times: user=0.03 sys=0.00, real=0.01 secs] 
205.794: [CMS-concurrent-preclean-start]
205.794: [CMS-concurrent-preclean: 0.000/0.000 secs] [Times: user=0.00 sys=0.00, real=0.00 secs] 
205.794: [CMS-concurrent-abortable-preclean-start]
205.869: Application time: 0.0776170 seconds
205.874: [GC205.874: [ParNew: 5977K->5977K(6144K), 0.0000130 secs]205.874: [CMS205.874: [CMS-concurrent-abortable-preclean: 0.000/0.080 secs] [Times: user=0.62 sys=0.00, real=0.08 secs] 
 (concurrent mode failure): 12092K->4359K(15744K), 0.0057010 secs] 18069K->4359K(21888K), [CMS Perm : 5141K->5141K(21248K)], 0.0057620 secs] [Times: user=0.00 sys=0.00, real=0.01 secs] 
205.880: Total time for which application threads were stopped: 0.0111300 seconds, Stopping threads took: 0.0052990 seconds
205.882: Application time: 0.0016880 seconds
205.958: [GC205.958: [ParNew: 5368K->430K(6144K), 0.0006660 secs] 9728K->5182K(21888K), 0.0006980 secs] [Times: user=0.00 sys=0.00, real=0.00 secs] 
205.958: Total time for which application threads were stopped: 0.0767620 seconds, Stopping threads took: 0.0760050 seconds
205.959: Application time: 0.0007140 seconds
205.999: [GC205.999: [ParNew: 5897K->630K(6144K), 0.0016390 secs] 10649K->9917K(21888K), 0.0016750 secs] [Times: user=0.01 sys=0.00, real=0.01 secs] 
206.001: Total time for which application threads were stopped: 0.0415800 seconds, Stopping threads took: 0.0398500 seconds
206.001: Application time: 0.0000660 seconds
206.001: [GC [1 CMS-initial-mark: 9287K(15744K)] 10802K(21888K), 0.0000840 secs] [Times: user=0.00 sys=0.00, real=0.00 secs] 
206.001: Total time for which application threads were stopped: 0.0001870 seconds, Stopping threads took: 0.0000590 seconds
206.001: [CMS-concurrent-mark-start]
206.004: [CMS-concurrent-mark: 0.003/0.003 secs] [Times: user=0.02 sys=0.00, real=0.00 secs] 
206.004: [CMS-concurrent-preclean-start]
206.004: [CMS-concurrent-preclean: 0.000/0.000 secs] [Times: user=0.00 sys=0.00, real=0.00 secs] 
206.004: [CMS-concurrent-abortable-preclean-start]
206.085: Application time: 0.0846060 seconds
206.129: [GC206.129: [ParNew: 6018K->398K(6144K), 0.0005680 secs] 15305K->10105K(21888K), 0.0006040 secs] [Times: user=0.01 sys=0.00, real=0.00 secs] 
206.130: Total time for which application threads were stopped: 0.0442330 seconds, Stopping threads took: 0.0435460 seconds
206.130: Application time: 0.0007350 seconds
206.170: [GC206.170: [ParNew: 5865K->628K(6144K), 0.0018400 secs] 15572K->14827K(21888K), 0.0018820 secs] [Times: user=0.01 sys=0.00, real=0.00 secs] 
206.172: Total time for which application threads were stopped: 0.0419060 seconds, Stopping threads took: 0.0399520 seconds
206.252: Application time: 0.0792220 seconds
206.252: [GC206.252: [ParNew: 6113K->6113K(6144K), 0.0000140 secs]206.252: [CMS206.252: [CMS-concurrent-abortable-preclean: 0.000/0.248 secs] [Times: user=1.46 sys=0.05, real=0.25 secs] 
 (concurrent mode failure): 14199K->3285K(15744K), 0.0061180 secs] 20313K->3285K(21888K), [CMS Perm : 5141K->5141K(21248K)], 0.0061830 secs] [Times: user=0.01 sys=0.00, real=0.00 secs] 
206.258: Total time for which application threads were stopped: 0.0069100 seconds, Stopping threads took: 0.0006370 seconds
206.260: Application time: 0.0012540 seconds
206.322: [GC206.322: [ParNew: 5485K->602K(6144K), 0.0013640 secs] 8771K->7316K(21888K), 0.0013990 secs] [Times: user=0.01 sys=0.00, real=0.00 secs] 
206.324: Total time for which application threads were stopped: 0.0640490 seconds, Stopping threads took: 0.0625750 seconds
206.324: Application time: 0.0000750 seconds
206.364: [GC [1 CMS-initial-mark: 6713K(15744K)] 7808K(21888K), 0.0001060 secs] [Times: user=0.00 sys=0.00, real=0.00 secs] 
206.364: Total time for which application threads were stopped: 0.0400030 seconds, Stopping threads took: 0.0398520 seconds
206.364: [CMS-concurrent-mark-start]
206.367: [CMS-concurrent-mark: 0.004/0.004 secs] [Times: user=0.02 sys=0.01, real=0.01 secs] 
206.367: [CMS-concurrent-preclean-start]
206.368: [CMS-concurrent-preclean: 0.000/0.000 secs] [Times: user=0.00 sys=0.00, real=0.00 secs] 
206.368: [CMS-concurrent-abortable-preclean-start]
206.448: Application time: 0.0836500 seconds
206.456: [GC206.456: [ParNew: 6095K->24K(6144K), 0.0003350 secs] 12809K->6738K(21888K), 0.0003670 secs] [Times: user=0.00 sys=0.00, real=0.00 secs] 
206.457: Total time for which application threads were stopped: 0.0092850 seconds, Stopping threads took: 0.0088610 seconds
206.457: Application time: 0.0005990 seconds
206.509: [GC206.509: [ParNew: 5452K->638K(6144K), 0.0011600 secs] 12166K->11073K(21888K), 0.0011920 secs] [Times: user=0.01 sys=0.00, real=0.00 secs] 
206.510: Total time for which application threads were stopped: 0.0527580 seconds, Stopping threads took: 0.0515090 seconds
206.587: Application time: 0.0769450 seconds
206.610: [CMS-concurrent-abortable-preclean: 0.000/0.243 secs] [Times: user=1.38 sys=0.07, real=0.24 secs] 
206.629: [GC206.629: [ParNew: 6054K->6054K(6144K), 0.0000140 secs]206.629: [CMS (concurrent mode failure): 10435K->1332K(15744K), 0.0064460 secs] 16489K->1332K(21888K), [CMS Perm : 5141K->5141K(21248K)], 0.0065000 secs] [Times: user=0.01 sys=0.00, real=0.00 secs] 
206.635: Total time for which application threads were stopped: 0.0481820 seconds, Stopping threads took: 0.0415980 seconds
206.636: Application time: 0.0009350 seconds
206.637: [GC206.637: [ParNew: 5290K->598K(6144K), 0.0014020 secs] 6622K->6634K(21888K), 0.0014300 secs] [Times: user=0.01 sys=0.00, real=0.00 secs] 
206.638: Total time for which application threads were stopped: 0.0018820 seconds, Stopping threads took: 0.0003910 seconds
206.638: Application time: 0.0000670 seconds
206.638: [GC [1 CMS-initial-mark: 6036K(15744K)] 7025K(21888K), 0.0000980 secs] [Times: user=0.00 sys=0.00, real=0.00 secs] 
206.639: Total time for which application threads were stopped: 0.0003370 seconds, Stopping threads took: 0.0001930 seconds
206.639: [CMS-concurrent-mark-start]
206.641: [CMS-concurrent-mark: 0.003/0.003 secs] [Times: user=0.01 sys=0.00, real=0.01 secs] 
206.641: [CMS-concurrent-preclean-start]
206.641: [CMS-concurrent-preclean: 0.000/0.000 secs] [Times: user=0.00 sys=0.00, real=0.00 secs] 
206.641: [CMS-concurrent-abortable-preclean-start]
206.731: Application time: 0.0925570 seconds
206.774: [GC206.774: [ParNew: 6083K->10K(6144K), 0.0002580 secs] 12120K->6047K(21888K), 0.0002990 secs] [Times: user=0.00 sys=0.01, real=0.00 secs] 
206.774: Total time for which application threads were stopped: 0.0428230 seconds, Stopping threads took: 0.0424500 seconds
206.774: Application time: 0.0004560 seconds
206.775: [GC206.775: [ParNew: 5300K->602K(6144K), 0.0014250 secs] 11337K->11327K(21888K), 0.0014590 secs] [Times: user=0.01 sys=0.00, real=0.00 secs] 
206.776: Total time for which application threads were stopped: 0.0017360 seconds, Stopping threads took: 0.0002270 seconds
206.853: Application time: 0.0772180 seconds
206.876: [CMS-concurrent-abortable-preclean: 0.000/0.235 secs] [Times: user=1.51 sys=0.04, real=0.23 secs] 
206.894: [GC206.894: [ParNew: 5989K->5989K(6144K), 0.0000130 secs]206.894: [CMS (concurrent mode failure): 10725K->2309K(15744K), 0.0052610 secs] 16714K->2309K(21888K), [CMS Perm : 5141K->5141K(21248K)], 0.0053180 secs] [Times: user=0.00 sys=0.00, real=0.01 secs] 
206.900: Total time for which application threads were stopped: 0.0464250 seconds, Stopping threads took: 0.0410440 seconds
206.901: Application time: 0.0011440 seconds
206.954: [GC206.954: [ParNew: 5464K->630K(6144K), 0.0012240 secs] 7773K->6172K(21888K), 0.0012540 secs] [Times: user=0.01 sys=0.00, real=0.00 secs] 
206.955: Total time for which application threads were stopped: 0.0545740 seconds, Stopping threads took: 0.0532670 seconds
206.956: Application time: 0.0000640 seconds
206.956: [GC [1 CMS-initial-mark: 5542K(15744K)] 6764K(21888K), 0.0000960 secs] [Times: user=0.00 sys=0.00, real=0.00 secs] 
206.956: Total time for which application threads were stopped: 0.0003090 seconds, Stopping threads took: 0.0001680 seconds
206.956: [CMS-concurrent-mark-start]
206.962: [CMS-concurrent-mark: 0.007/0.007 secs] [Times: user=0.03 sys=0.00, real=0.01 secs] 
206.963: [CMS-concurrent-preclean-start]
206.963: [CMS-concurrent-preclean: 0.000/0.000 secs] [Times: user=0.00 sys=0.00, real=0.00 secs] 
206.963: [CMS-concurrent-abortable-preclean-start]
207.035: Application time: 0.0792590 seconds
207.041: [GC207.041: [ParNew: 6125K->508K(6144K), 0.0005090 secs] 11668K->6667K(21888K), 0.0005420 secs] [Times: user=0.00 sys=0.00, real=0.00 secs] 
207.042: Total time for which application threads were stopped: 0.0067220 seconds, Stopping threads took: 0.0061130 seconds
207.043: Application time: 0.0007860 seconds
207.082: [GC207.082: [ParNew: 5750K->632K(6144K), 0.0014060 secs] 11909K->11310K(21888K), 0.0014420 secs] [Times: user=0.01 sys=0.00, real=0.00 secs] 
207.084: Total time for which application threads were stopped: 0.0411130 seconds, Stopping threads took: 0.0396190 seconds
207.162: Application time: 0.0781120 seconds
207.168: [GC207.168: [ParNew: 6117K->6117K(6144K), 0.0000120 secs]207.168: [CMS207.168: [CMS-concurrent-abortable-preclean: 0.000/0.205 secs] [Times: user=1.32 sys=0.04, real=0.21 secs] 
 (concurrent mode failure): 10678K->3285K(15744K), 0.0054240 secs] 16795K->3285K(21888K), [CMS Perm : 5141K->5141K(21248K)], 0.0054870 secs] [Times: user=0.01 sys=0.00, real=0.00 secs] 
207.173: Total time for which application threads were stopped: 0.0114180 seconds, Stopping threads took: 0.0058610 seconds
207.174: Application time: 0.0011250 seconds
207.214: [GC207.214: [ParNew: 5485K->600K(6144K), 0.0017120 secs] 8771K->8195K(21888K), 0.0017440 secs] [Times: user=0.01 sys=0.00, real=0.00 secs] 
207.216: Total time for which application threads were stopped: 0.0416700 seconds, Stopping threads took: 0.0398620 seconds
207.216: Application time: 0.0000480 seconds
207.216: [GC [1 CMS-initial-mark: 7595K(15744K)] 8587K(21888K), 0.0000950 secs] [Times: user=0.00 sys=0.00, real=0.00 secs] 
207.216: Total time for which application threads were stopped: 0.0002200 seconds, Stopping threads took: 0.0000820 seconds
207.216: [CMS-concurrent-mark-start]
207.220: [CMS-concurrent-mark: 0.003/0.003 secs] [Times: user=0.03 sys=0.00, real=0.01 secs] 
207.220: [CMS-concurrent-preclean-start]
207.220: [CMS-concurrent-preclean: 0.000/0.000 secs] [Times: user=0.00 sys=0.00, real=0.00 secs] 
207.220: [CMS-concurrent-abortable-preclean-start]
207.302: Application time: 0.0855890 seconds
207.350: [GC207.350: [ParNew: 6085K->12K(6144K), 0.0005930 secs] 13680K->7607K(21888K), 0.0006250 secs] [Times: user=0.00 sys=0.00, real=0.00 secs] 
207.351: Total time for which application threads were stopped: 0.0489880 seconds, Stopping threads took: 0.0482910 seconds
207.351: Application time: 0.0004880 seconds
207.352: [GC207.352: [ParNew: 5183K->630K(6144K), 0.0013110 secs] 12779K->12720K(21888K), 0.0013430 secs] [Times: user=0.01 sys=0.00, real=0.00 secs] 
207.353: Total time for which application threads were stopped: 0.0017280 seconds, Stopping threads took: 0.0003320 seconds
207.430: Application time: 0.0770810 seconds
207.453: [CMS-concurrent-abortable-preclean: 0.000/0.233 secs] [Times: user=1.45 sys=0.04, real=0.23 secs] 
207.472: [GC207.472: [ParNew: 6017K->6017K(6144K), 0.0000120 secs]207.472: [CMS (concurrent mode failure): 12090K->2114K(15744K), 0.0056280 secs] 18108K->2114K(21888K), [CMS Perm : 5141K->5141K(21248K)], 0.0056840 secs] [Times: user=0.00 sys=0.00, real=0.00 secs] 
207.478: Total time for which application threads were stopped: 0.0473360 seconds, Stopping threads took: 0.0415700 seconds
207.478: Application time: 0.0007440 seconds
207.479: [GC207.479: [ParNew: 5386K->602K(6144K), 0.0016710 secs] 7500K->7518K(21888K), 0.0016970 secs] [Times: user=0.01 sys=0.00, real=0.01 secs] 
207.480: Total time for which application threads were stopped: 0.0020940 seconds, Stopping threads took: 0.0003260 seconds
207.480: Application time: 0.0000410 seconds
207.481: [GC [1 CMS-initial-mark: 6915K(15744K)] 7910K(21888K), 0.0000860 secs] [Times: user=0.00 sys=0.00, real=0.00 secs] 
207.481: Total time for which application threads were stopped: 0.0004390 seconds, Stopping threads took: 0.0003290 seconds
207.481: [CMS-concurrent-mark-start]
207.485: [CMS-concurrent-mark: 0.004/0.004 secs] [Times: user=0.03 sys=0.00, real=0.00 secs] 
207.485: [CMS-concurrent-preclean-start]
207.485: [CMS-concurrent-preclean: 0.000/0.000 secs] [Times: user=0.00 sys=0.00, real=0.00 secs] 
207.485: Application time: 0.0041370 seconds
207.558: [GC[YG occupancy: 2667 K (6144 K)]207.558: [Rescan (parallel) , 0.0002660 secs]207.558: [weak refs processing, 0.0000080 secs]207.558: [scrub string table, 0.0001300 secs] [1 CMS-remark: 6915K(15744K)] 9583K(21888K), 0.0004380 secs] [Times: user=0.00 sys=0.00, real=0.00 secs] 
207.558: Total time for which application threads were stopped: 0.0731340 seconds, Stopping threads took: 0.0726560 seconds
207.558: [CMS-concurrent-sweep-start]
207.559: Application time: 0.0005370 seconds
207.611: [GC207.611: [ParNew: 5794K->602K(6144K), 0.0009240 secs] 12710K->9667K(21888K), 0.0009500 secs] [Times: user=0.01 sys=0.00, real=0.00 secs] 
207.612: Total time for which application threads were stopped: 0.0529270 seconds, Stopping threads took: 0.0519090 seconds
207.612: [CMS-concurrent-sweep: 0.001/0.054 secs] [Times: user=0.13 sys=0.03, real=0.06 secs] 
207.612: [CMS-concurrent-reset-start]
207.613: [CMS-concurrent-reset: 0.000/0.000 secs] [Times: user=0.00 sys=0.00, real=0.00 secs] 
207.620: Application time: 0.0084760 seconds
207.689: [GC207.689: [ParNew: 6087K->596K(6144K), 0.0007960 secs] 15151K->10832K(21888K), 0.0008320 secs] [Times: user=0.00 sys=0.00, real=0.00 secs] 
207.690: Total time for which application threads were stopped: 0.0698880 seconds, Stopping threads took: 0.0689790 seconds
207.690: Application time: 0.0000580 seconds
207.690: [GC [1 CMS-initial-mark: 10236K(15744K)] 11033K(21888K), 0.0000930 secs] [Times: user=0.00 sys=0.00, real=0.00 secs] 
207.690: Total time for which application threads were stopped: 0.0002080 seconds, Stopping threads took: 0.0000840 seconds
207.690: [CMS-concurrent-mark-start]
207.693: [CMS-concurrent-mark: 0.003/0.003 secs] [Times: user=0.02 sys=0.00, real=0.00 secs] 
207.694: [CMS-concurrent-preclean-start]
207.694: [CMS-concurrent-preclean: 0.000/0.000 secs] [Times: user=0.00 sys=0.00, real=0.00 secs] 
207.694: [CMS-concurrent-abortable-preclean-start]
207.694: Application time: 0.0036520 seconds
207.768: [GC207.768: [ParNew: 6081K->404K(6144K), 0.0003790 secs] 16318K->11031K(21888K), 0.0004170 secs] [Times: user=0.00 sys=0.00, real=0.00 secs] 
207.768: Total time for which application threads were stopped: 0.0740440 seconds, Stopping threads took: 0.0735490 seconds
207.769: Application time: 0.0006490 seconds
207.808: [GC207.808: [ParNew: 5849K->634K(6144K), 0.0014940 secs] 16476K->14605K(21888K), 0.0015240 secs] [Times: user=0.01 sys=0.00, real=0.00 secs] 
207.810: Total time for which application threads were stopped: 0.0412860 seconds, Stopping threads took: 0.0396880 seconds
207.888: Application time: 0.0785720 seconds
207.890: [GC207.890: [ParNew: 5924K->5924K(6144K), 0.0000150 secs]207.890: [CMS207.890: [CMS-concurrent-abortable-preclean: 0.000/0.196 secs] [Times: user=1.22 sys=0.07, real=0.20 secs] 
 (concurrent mode failure): 13971K->1918K(15744K), 0.0059120 secs] 19896K->1918K(21888K), [CMS Perm : 5141K->5141K(21248K)], 0.0059740 secs] [Times: user=0.01 sys=0.00, real=0.00 secs] 
207.896: Total time for which application threads were stopped: 0.0071040 seconds, Stopping threads took: 0.0010400 seconds
207.896: Application time: 0.0008370 seconds
207.897: [GC207.897: [ParNew: 5483K->602K(6144K), 0.0015130 secs] 7402K->7418K(21888K), 0.0015400 secs] [Times: user=0.01 sys=0.00, real=0.00 secs] 
207.899: Total time for which application threads were stopped: 0.0020980 seconds, Stopping threads took: 0.0004830 seconds
207.899: Application time: 0.0001660 seconds
207.899: [GC [1 CMS-initial-mark: 6816K(15744K)] 8498K(21888K), 0.0001030 secs] [Times: user=0.00 sys=0.00, real=0.00 secs] 
207.899: Total time for which application threads were stopped: 0.0006800 seconds, Stopping threads took: 0.0005300 seconds
207.899: [CMS-concurrent-mark-start]
207.903: [CMS-concurrent-mark: 0.004/0.004 secs] [Times: user=0.01 sys=0.00, real=0.01 secs] 
207.903: [CMS-concurrent-preclean-start]
207.903: [CMS-concurrent-preclean: 0.000/0.000 secs] [Times: user=0.00 sys=0.00, real=0.00 secs] 
207.903: [CMS-concurrent-abortable-preclean-start]
207.993: Application time: 0.0937830 seconds
208.048: [GC208.048: [ParNew: 6087K->602K(6144K), 0.0005860 secs] 12903K->7616K(21888K), 0.0006180 secs] [Times: user=0.00 sys=0.00, real=0.00 secs] 
208.049: Total time for which application threads were stopped: 0.0558830 seconds, Stopping threads took: 0.0551890 seconds
208.050: Application time: 0.0005780 seconds
208.050: [GC208.050: [ParNew: 5988K->502K(6144K), 0.0016740 secs] 13002K->12985K(21888K), 0.0017090 secs] [Times: user=0.01 sys=0.01, real=0.00 secs] 
208.052: Total time for which application threads were stopped: 0.0022270 seconds, Stopping threads took: 0.0004670 seconds
208.130: Application time: 0.0780850 seconds
208.152: [CMS-concurrent-abortable-preclean: 0.000/0.249 secs] [Times: user=1.58 sys=0.05, real=0.25 secs] 
208.175: [GC208.175: [ParNew: 5890K->5890K(6144K), 0.0000140 secs]208.175: [CMS (concurrent mode failure): 12483K->2114K(15744K), 0.0065100 secs] 18373K->2114K(21888K), [CMS Perm : 5141K->5141K(21248K)], 0.0065650 secs] [Times: user=0.01 sys=0.00, real=0.01 secs] 
208.182: Total time for which application threads were stopped: 0.0518100 seconds, Stopping threads took: 0.0451510 seconds
208.183: Application time: 0.0011840 seconds
208.183: [GC208.183: [ParNew: 5446K->634K(6144K), 0.0016310 secs] 7561K->7476K(21888K), 0.0016590 secs] [Times: user=0.01 sys=0.00, real=0.00 secs] 
208.185: Total time for which application threads were stopped: 0.0019010 seconds, Stopping threads took: 0.0001790 seconds
208.185: Application time: 0.0000570 seconds
208.225: [GC [1 CMS-initial-mark: 6842K(15744K)] 8264K(21888K), 0.0001060 secs] [Times: user=0.00 sys=0.00, real=0.00 secs] 
208.225: Total time for which application threads were stopped: 0.0399390 seconds, Stopping threads took: 0.0398080 seconds
208.225: [CMS-concurrent-mark-start]
208.232: [CMS-concurrent-mark: 0.008/0.008 secs] [Times: user=0.06 sys=0.00, real=0.01 secs] 
208.232: [CMS-concurrent-preclean-start]
208.233: [CMS-concurrent-preclean: 0.000/0.000 secs] [Times: user=0.00 sys=0.00, real=0.00 secs] 
208.233: [CMS-concurrent-abortable-preclean-start]
208.315: Application time: 0.0903910 seconds
208.355: [GC208.355: [ParNew: 6119K->400K(6144K), 0.0005360 secs] 12962K->7667K(21888K), 0.0005700 secs] [Times: user=0.01 sys=0.00, real=0.00 secs] 
208.356: Total time for which application threads were stopped: 0.0407110 seconds, Stopping threads took: 0.0400860 seconds
208.356: Application time: 0.0005180 seconds
208.396: [GC208.396: [ParNew: 5788K->602K(6144K), 0.0017490 secs] 13055K->12361K(21888K), 0.0017820 secs] [Times: user=0.01 sys=0.00, real=0.00 secs] 
208.398: Total time for which application threads were stopped: 0.0417840 seconds, Stopping threads took: 0.0399250 seconds
208.475: Application time: 0.0772460 seconds
208.479: [GC208.479: [ParNew: 6087K->6087K(6144K), 0.0000110 secs]208.479: [CMS208.479: [CMS-concurrent-abortable-preclean: 0.000/0.247 secs] [Times: user=1.47 sys=0.04, real=0.24 secs] 
 (concurrent mode failure): 11759K->3286K(15744K), 0.0054270 secs] 17846K->3286K(21888K), [CMS Perm : 5141K->5141K(21248K)], 0.0054920 secs] [Times: user=0.00 sys=0.00, real=0.01 secs] 
208.485: Total time for which application threads were stopped: 0.0093070 seconds, Stopping threads took: 0.0037260 seconds
208.486: Application time: 0.0012130 seconds
208.562: [GC208.562: [ParNew: 5485K->598K(6144K), 0.0010220 secs] 8771K->6431K(21888K), 0.0010560 secs] [Times: user=0.01 sys=0.00, real=0.00 secs] 
208.563: Total time for which application threads were stopped: 0.0768870 seconds, Stopping threads took: 0.0757540 seconds
208.563: Application time: 0.0000500 seconds
208.563: [GC [1 CMS-initial-mark: 5833K(15744K)] 7021K(21888K), 0.0000780 secs] [Times: user=0.00 sys=0.00, real=0.00 secs] 
208.563: Total time for which application threads were stopped: 0.0001650 seconds, Stopping threads took: 0.0000680 seconds
208.563: [CMS-concurrent-mark-start]
208.567: [CMS-concurrent-mark: 0.003/0.003 secs] [Times: user=0.01 sys=0.00, real=0.00 secs] 
208.567: [CMS-concurrent-preclean-start]
208.567: [CMS-concurrent-preclean: 0.000/0.000 secs] [Times: user=0.00 sys=0.00, real=0.00 secs] 
208.567: [CMS-concurrent-abortable-preclean-start]
208.647: Application time: 0.0834750 seconds
208.657: [GC208.657: [ParNew: 6083K->16K(6144K), 0.0003320 secs] 11917K->5852K(21888K), 0.0003640 secs] [Times: user=0.00 sys=0.00, real=0.00 secs] 
208.657: Total time for which application threads were stopped: 0.0106260 seconds, Stopping threads took: 0.0102080 seconds
208.658: Application time: 0.0004930 seconds
208.658: [GC208.658: [ParNew: 5384K->630K(6144K), 0.0014420 secs] 11220K->11158K(21888K), 0.0014770 secs] [Times: user=0.01 sys=0.01, real=0.01 secs] 
208.660: Total time for which application threads were stopped: 0.0017940 seconds, Stopping threads took: 0.0002650 seconds
208.737: Application time: 0.0773060 seconds
208.739: [GC208.739: [ParNew: 5920K->5920K(6144K), 0.0000120 secs]208.739: [CMS208.739: [CMS-concurrent-abortable-preclean: 0.000/0.172 secs] [Times: user=1.32 sys=0.02, real=0.17 secs] 
 (concurrent mode failure): 10527K->3286K(15744K), 0.0060510 secs] 16448K->3286K(21888K), [CMS Perm : 5141K->5141K(21248K)], 0.0061180 secs] [Times: user=0.00 sys=0.00, real=0.01 secs] 
208.745: Total time for which application threads were stopped: 0.0078110 seconds, Stopping threads took: 0.0016160 seconds
208.746: Application time: 0.0011710 seconds
208.787: [GC208.787: [ParNew: 5485K->502K(6144K), 0.0013460 secs] 8771K->7510K(21888K), 0.0013750 secs] [Times: user=0.01 sys=0.00, real=0.01 secs] 
208.788: Total time for which application threads were stopped: 0.0422160 seconds, Stopping threads took: 0.0407860 seconds
208.788: Application time: 0.0000840 seconds
208.840: [GC [1 CMS-initial-mark: 7007K(15744K)] 8108K(21888K), 0.0001060 secs] [Times: user=0.00 sys=0.00, real=0.00 secs] 
208.840: Total time for which application threads were stopped: 0.0521210 seconds, Stopping threads took: 0.0519930 seconds
208.840: [CMS-concurrent-mark-start]
208.847: [CMS-concurrent-mark: 0.007/0.007 secs] [Times: user=0.03 sys=0.00, real=0.00 secs] 
208.847: [CMS-concurrent-preclean-start]
208.847: [CMS-concurrent-preclean: 0.000/0.000 secs] [Times: user=0.00 sys=0.00, real=0.00 secs] 
208.847: [CMS-concurrent-abortable-preclean-start]
208.848: Application time: 0.0080300 seconds
208.918: [GC208.918: [ParNew: 5968K->626K(6144K), 0.0005900 secs] 12976K->8026K(21888K), 0.0006230 secs] [Times: user=0.00 sys=0.00, real=0.00 secs] 
208.919: Total time for which application threads were stopped: 0.0703530 seconds, Stopping threads took: 0.0696620 seconds
208.919: Application time: 0.0007020 seconds
208.959: [GC208.959: [ParNew: 5897K->630K(6144K), 0.0016270 secs] 13298K->12556K(21888K), 0.0016620 secs] [Times: user=0.00 sys=0.01, real=0.01 secs] 
208.961: Total time for which application threads were stopped: 0.0415270 seconds, Stopping threads took: 0.0397900 seconds
209.038: Application time: 0.0774400 seconds
209.041: [GC209.041: [ParNew: 5822K->5822K(6144K), 0.0000130 secs]209.041: [CMS209.041: [CMS-concurrent-abortable-preclean: 0.000/0.193 secs] [Times: user=1.24 sys=0.07, real=0.20 secs] 
 (concurrent mode failure): 11925K->2993K(15744K), 0.0061180 secs] 17748K->2993K(21888K), [CMS Perm : 5141K->5141K(21248K)], 0.0061830 secs] [Times: user=0.00 sys=0.00, real=0.00 secs] 
209.047: Total time for which application threads were stopped: 0.0084390 seconds, Stopping threads took: 0.0021660 seconds
209.048: Application time: 0.0011680 seconds
209.088: [GC209.088: [ParNew: 5485K->502K(6144K), 0.0013400 secs] 8479K->7610K(21888K), 0.0013730 secs] [Times: user=0.01 sys=0.00, real=0.00 secs] 
209.089: Total time for which application threads were stopped: 0.0414130 seconds, Stopping threads took: 0.0399650 seconds
209.089: Application time: 0.0001380 seconds
209.129: [GC [1 CMS-initial-mark: 7107K(15744K)] 8301K(21888K), 0.0001040 secs] [Times: user=0.00 sys=0.00, real=0.00 secs] 
209.129: Total time for which application threads were stopped: 0.0399660 seconds, Stopping threads took: 0.0398380 seconds
209.129: [CMS-concurrent-mark-start]
209.136: [CMS-concurrent-mark: 0.007/0.007 secs] [Times: user=0.04 sys=0.00, real=0.00 secs] 
209.136: [CMS-concurrent-preclean-start]
209.136: [CMS-concurrent-preclean: 0.000/0.000 secs] [Times: user=0.00 sys=0.00, real=0.00 secs] 
209.136: [CMS-concurrent-abortable-preclean-start]
209.218: Application time: 0.0882520 seconds
209.222: [GC209.222: [ParNew: 5675K->432K(6144K), 0.0005190 secs] 12783K->7540K(21888K), 0.0005550 secs] [Times: user=0.00 sys=0.00, real=0.00 secs] 
209.222: Total time for which application threads were stopped: 0.0047260 seconds, Stopping threads took: 0.0040900 seconds
209.223: Application time: 0.0004910 seconds
209.223: [GC209.223: [ParNew: 5916K->600K(6144K), 0.0016990 secs] 13024K->13014K(21888K), 0.0017320 secs] [Times: user=0.01 sys=0.00, real=0.00 secs] 
209.225: Total time for which application threads were stopped: 0.0021320 seconds, Stopping threads took: 0.0003340 seconds
209.303: Application time: 0.0783030 seconds
209.325: [CMS-concurrent-abortable-preclean: 0.000/0.189 secs] [Times: user=1.35 sys=0.02, real=0.19 secs] 
209.349: [GC209.349: [ParNew: 5987K->5987K(6144K), 0.0000140 secs]209.349: [CMS (concurrent mode failure): 12414K->2895K(15744K), 0.0060420 secs] 18402K->2895K(21888K), [CMS Perm : 5141K->5141K(21248K)], 0.0061000 secs] [Times: user=0.01 sys=0.00, real=0.00 secs] 
209.355: Total time for which application threads were stopped: 0.0515470 seconds, Stopping threads took: 0.0453510 seconds
209.356: Application time: 0.0011240 seconds
209.396: [GC209.396: [ParNew: 5485K->502K(6144K), 0.0016930 secs] 8381K->8100K(21888K), 0.0017220 secs] [Times: user=0.01 sys=0.00, real=0.00 secs] 
209.398: Total time for which application threads were stopped: 0.0415790 seconds, Stopping threads took: 0.0397920 seconds
209.398: Application time: 0.0000490 seconds
209.398: [GC [1 CMS-initial-mark: 7597K(15744K)] 8495K(21888K), 0.0001060 secs] [Times: user=0.00 sys=0.00, real=0.00 secs] 
209.398: Total time for which application threads were stopped: 0.0003140 seconds, Stopping threads took: 0.0001600 seconds
209.398: [CMS-concurrent-mark-start]
209.401: [CMS-concurrent-mark: 0.003/0.003 secs] [Times: user=0.01 sys=0.00, real=0.01 secs] 
209.401: [CMS-concurrent-preclean-start]
209.401: [CMS-concurrent-preclean: 0.000/0.000 secs] [Times: user=0.00 sys=0.00, real=0.00 secs] 
209.401: [CMS-concurrent-abortable-preclean-start]
209.492: Application time: 0.0943220 seconds
209.543: [GC209.543: [ParNew: 5890K->600K(6144K), 0.0006450 secs] 13488K->8198K(21888K), 0.0006780 secs] [Times: user=0.00 sys=0.01, real=0.00 secs] 
209.544: Total time for which application threads were stopped: 0.0517600 seconds, Stopping threads took: 0.0510270 seconds
209.545: Application time: 0.0006440 seconds
209.545: [GC209.545: [ParNew: 6064K->628K(6144K), 0.0016600 secs] 13662K->13600K(21888K), 0.0016960 secs] [Times: user=0.01 sys=0.00, real=0.00 secs] 
209.547: Total time for which application threads were stopped: 0.0021460 seconds, Stopping threads took: 0.0003950 seconds
209.625: Application time: 0.0784570 seconds
209.647: [CMS-concurrent-abortable-preclean: 0.000/0.246 secs] [Times: user=1.53 sys=0.04, real=0.24 secs] 
209.666: [GC209.666: [ParNew: 6113K->6113K(6144K), 0.0000130 secs]209.666: [CMS (concurrent mode failure): 12972K->3091K(15744K), 0.0068440 secs] 19085K->3091K(21888K), [CMS Perm : 5141K->5141K(21248K)], 0.0069000 secs] [Times: user=0.01 sys=0.00, real=0.01 secs] 
209.673: Total time for which application threads were stopped: 0.0473660 seconds, Stopping threads took: 0.0403840 seconds
209.674: Application time: 0.0012440 seconds
209.726: [GC209.726: [ParNew: 5387K->598K(6144K), 0.0013360 secs] 8478K->7019K(21888K), 0.0013670 secs] [Times: user=0.01 sys=0.00, real=0.00 secs] 
209.727: Total time for which application threads were stopped: 0.0534930 seconds, Stopping threads took: 0.0520470 seconds
209.727: Application time: 0.0000250 seconds
209.727: [GC [1 CMS-initial-mark: 6421K(15744K)] 7215K(21888K), 0.0000870 secs] [Times: user=0.00 sys=0.00, real=0.00 secs] 
209.728: Total time for which application threads were stopped: 0.0001300 seconds, Stopping threads took: 0.0000220 seconds
209.728: [CMS-concurrent-mark-start]
209.731: [CMS-concurrent-mark: 0.003/0.003 secs] [Times: user=0.01 sys=0.00, real=0.00 secs] 
209.731: [CMS-concurrent-preclean-start]
209.731: [CMS-concurrent-preclean: 0.000/0.000 secs] [Times: user=0.00 sys=0.00, real=0.00 secs] 
209.731: [CMS-concurrent-abortable-preclean-start]
209.812: Application time: 0.0843180 seconds
209.822: [GC209.822: [ParNew: 6083K->400K(6144K), 0.0004220 secs] 12505K->7217K(21888K), 0.0004570 secs] [Times: user=0.00 sys=0.00, real=0.00 secs] 
209.823: Total time for which application threads were stopped: 0.0110450 seconds, Stopping threads took: 0.0105310 seconds
209.824: Application time: 0.0007330 seconds
209.877: [GC209.877: [ParNew: 5886K->598K(6144K), 0.0012040 secs] 12703K->10930K(21888K), 0.0012370 secs] [Times: user=0.01 sys=0.00, real=0.00 secs] 
209.878: Total time for which application threads were stopped: 0.0541540 seconds, Stopping threads took: 0.0528530 seconds
209.952: Application time: 0.0743600 seconds
209.960: [GC209.960: [ParNew: 5966K->5966K(6144K), 0.0000150 secs]209.960: [CMS209.960: [CMS-concurrent-abortable-preclean: 0.000/0.229 secs] [Times: user=1.46 sys=0.05, real=0.23 secs] 
 (concurrent mode failure): 10332K->2114K(15744K), 0.0058440 secs] 16299K->2114K(21888K), [CMS Perm : 5141K->5141K(21248K)], 0.0059060 secs] [Times: user=0.00 sys=0.00, real=0.00 secs] 
209.966: Total time for which application threads were stopped: 0.0140470 seconds, Stopping threads took: 0.0080540 seconds
209.967: Application time: 0.0010050 seconds
210.010: [GC210.010: [ParNew: 5466K->628K(6144K), 0.0017320 secs] 7581K->7249K(21888K), 0.0017650 secs] [Times: user=0.01 sys=0.00, real=0.00 secs] 
210.012: Total time for which application threads were stopped: 0.0445640 seconds, Stopping threads took: 0.0427230 seconds
210.012: Application time: 0.0000710 seconds
210.012: [GC [1 CMS-initial-mark: 6621K(15744K)] 8036K(21888K), 0.0001120 secs] [Times: user=0.00 sys=0.00, real=0.00 secs] 
210.012: Total time for which application threads were stopped: 0.0003500 seconds, Stopping threads took: 0.0001940 seconds
210.012: [CMS-concurrent-mark-start]
210.016: [CMS-concurrent-mark: 0.003/0.003 secs] [Times: user=0.02 sys=0.00, real=0.00 secs] 
210.016: [CMS-concurrent-preclean-start]
210.016: [CMS-concurrent-preclean: 0.000/0.000 secs] [Times: user=0.00 sys=0.00, real=0.00 secs] 
210.016: [CMS-concurrent-abortable-preclean-start]
210.098: Application time: 0.0855360 seconds
210.144: [GC210.144: [ParNew: 6015K->400K(6144K), 0.0005150 secs] 12637K->7444K(21888K), 0.0005500 secs] [Times: user=0.00 sys=0.00, real=0.00 secs] 
210.145: Total time for which application threads were stopped: 0.0470630 seconds, Stopping threads took: 0.0464320 seconds
210.146: Application time: 0.0006680 seconds
210.186: [GC210.186: [ParNew: 5788K->602K(6144K), 0.0016740 secs] 12832K->12137K(21888K), 0.0017060 secs] [Times: user=0.01 sys=0.00, real=0.00 secs] 
210.187: Total time for which application threads were stopped: 0.0417830 seconds, Stopping threads took: 0.0400020 seconds
210.264: Application time: 0.0770820 seconds
210.288: [CMS-concurrent-abortable-preclean: 0.000/0.272 secs] [Times: user=1.53 sys=0.06, real=0.28 secs] 
210.306: [GC210.306: [ParNew: 5989K->5989K(6144K), 0.0000130 secs]210.306: [CMS (concurrent mode failure): 11535K->2114K(15744K), 0.0063540 secs] 17525K->2114K(21888K), [CMS Perm : 5141K->5141K(21248K)], 0.0064120 secs] [Times: user=0.00 sys=0.00, real=0.01 secs] 
210.313: Total time for which application threads were stopped: 0.0482660 seconds, Stopping threads took: 0.0417720 seconds
210.314: Application time: 0.0009030 seconds
210.314: [GC210.314: [ParNew: 5386K->502K(6144K), 0.0015190 secs] 7500K->7516K(21888K), 0.0015470 secs] [Times: user=0.01 sys=0.00, real=0.00 secs] 
210.316: Total time for which application threads were stopped: 0.0019440 seconds, Stopping threads took: 0.0003430 seconds
210.316: Application time: 0.0000580 seconds
210.316: [GC [1 CMS-initial-mark: 7014K(15744K)] 8694K(21888K), 0.0000810 secs] [Times: user=0.00 sys=0.00, real=0.00 secs] 
210.316: Total time for which application threads were stopped: 0.0002600 seconds, Stopping threads took: 0.0001310 seconds
210.316: [CMS-concurrent-mark-start]
210.320: [CMS-concurrent-mark: 0.004/0.004 secs] [Times: user=0.03 sys=0.00, real=0.01 secs] 
210.320: [CMS-concurrent-preclean-start]
210.320: [CMS-concurrent-preclean: 0.000/0.000 secs] [Times: user=0.00 sys=0.00, real=0.00 secs] 
210.320: [CMS-concurrent-abortable-preclean-start]
210.407: Application time: 0.0908570 seconds
210.457: [GC210.457: [ParNew: 5890K->402K(6144K), 0.0005080 secs] 12904K->7808K(21888K), 0.0005430 secs] [Times: user=0.01 sys=0.00, real=0.00 secs] 
210.458: Total time for which application threads were stopped: 0.0508100 seconds, Stopping threads took: 0.0502030 seconds
210.458: Application time: 0.0006090 seconds
210.498: [GC210.498: [ParNew: 5869K->628K(6144K), 0.0015550 secs] 13274K->12526K(21888K), 0.0015910 secs] [Times: user=0.01 sys=0.00, real=0.01 secs] 
210.500: Total time for which application threads were stopped: 0.0414490 seconds, Stopping threads took: 0.0398000 seconds
210.578: Application time: 0.0785260 seconds
210.579: [GC210.579: [ParNew: 5996K->5996K(6144K), 0.0000140 secs]210.579: [CMS210.579: [CMS-concurrent-abortable-preclean: 0.000/0.259 secs] [Times: user=1.52 sys=0.06, real=0.25 secs] 
 (concurrent mode failure): 11898K->3091K(15744K), 0.0059440 secs] 17894K->3091K(21888K), [CMS Perm : 5141K->5141K(21248K)], 0.0060040 secs] [Times: user=0.01 sys=0.00, real=0.01 secs] 
210.585: Total time for which application threads were stopped: 0.0066100 seconds, Stopping threads took: 0.0005390 seconds
210.586: Application time: 0.0011650 seconds
210.627: [GC210.627: [ParNew: 5485K->598K(6144K), 0.0015850 secs] 8576K->7998K(21888K), 0.0016170 secs] [Times: user=0.01 sys=0.00, real=0.01 secs] 
210.628: Total time for which application threads were stopped: 0.0424240 seconds, Stopping threads took: 0.0407330 seconds
210.629: Application time: 0.0002800 seconds
210.629: [GC [1 CMS-initial-mark: 7400K(15744K)] 9183K(21888K), 0.0001090 secs] [Times: user=0.00 sys=0.00, real=0.00 secs] 
210.629: Total time for which application threads were stopped: 0.0005280 seconds, Stopping threads took: 0.0003700 seconds
210.629: [CMS-concurrent-mark-start]
210.633: [CMS-concurrent-mark: 0.004/0.004 secs] [Times: user=0.03 sys=0.00, real=0.00 secs] 
210.633: [CMS-concurrent-preclean-start]
210.633: [CMS-concurrent-preclean: 0.000/0.000 secs] [Times: user=0.00 sys=0.00, real=0.00 secs] 
210.633: [CMS-concurrent-abortable-preclean-start]
210.718: Application time: 0.0884240 seconds
210.758: [GC210.758: [ParNew: 6064K->432K(6144K), 0.0004700 secs] 13465K->8224K(21888K), 0.0005050 secs] [Times: user=0.00 sys=0.00, real=0.00 secs] 
210.758: Total time for which application threads were stopped: 0.0406790 seconds, Stopping threads took: 0.0400990 seconds
210.759: Application time: 0.0005920 seconds
210.799: [GC210.799: [ParNew: 5821K->600K(6144K), 0.0017760 secs] 13612K->12914K(21888K), 0.0018170 secs] [Times: user=0.01 sys=0.00, real=0.01 secs] 
210.801: Total time for which application threads were stopped: 0.0418880 seconds, Stopping threads took: 0.0399880 seconds
210.878: Application time: 0.0772930 seconds
210.901: [CMS-concurrent-abortable-preclean: 0.000/0.268 secs] [Times: user=1.53 sys=0.04, real=0.27 secs] 
210.920: [GC210.920: [ParNew: 5987K->5987K(6144K), 0.0000120 secs]210.920: [CMS (concurrent mode failure): 12314K->2115K(15744K), 0.0062030 secs] 18302K->2115K(21888K), [CMS Perm : 5141K->5141K(21248K)], 0.0062630 secs] [Times: user=0.00 sys=0.00, real=0.00 secs] 
210.926: Total time for which application threads were stopped: 0.0480550 seconds, Stopping threads took: 0.0417090 seconds
210.927: Application time: 0.0009380 seconds
210.967: [GC210.967: [ParNew: 5466K->628K(6144K), 0.0017790 secs] 7581K->6859K(21888K), 0.0018070 secs] [Times: user=0.01 sys=0.00, real=0.01 secs] 
210.969: Total time for which application threads were stopped: 0.0419020 seconds, Stopping threads took: 0.0400150 seconds
210.969: Application time: 0.0000770 seconds
210.969: [GC [1 CMS-initial-mark: 6231K(15744K)] 7351K(21888K), 0.0001040 secs] [Times: user=0.00 sys=0.00, real=0.00 secs] 
210.969: Total time for which application threads were stopped: 0.0003650 seconds, Stopping threads took: 0.0002390 seconds
210.969: [CMS-concurrent-mark-start]
210.973: [CMS-concurrent-mark: 0.004/0.004 secs] [Times: user=0.02 sys=0.00, real=0.00 secs] 
210.973: [CMS-concurrent-preclean-start]
210.973: [CMS-concurrent-preclean: 0.000/0.000 secs] [Times: user=0.00 sys=0.00, real=0.00 secs] 
210.973: [CMS-concurrent-abortable-preclean-start]
211.055: Application time: 0.0858590 seconds
211.071: [GC211.071: [ParNew: 6113K->598K(6144K), 0.0009190 secs] 12344K->8227K(21888K), 0.0009580 secs] [Times: user=0.01 sys=0.00, real=0.00 secs] 
211.072: Total time for which application threads were stopped: 0.0169090 seconds, Stopping threads took: 0.0158770 seconds
211.073: Application time: 0.0009300 seconds
211.145: [GC211.145: [ParNew: 6084K->600K(6144K), 0.0015260 secs] 13713K->11843K(21888K), 0.0015670 secs] [Times: user=0.01 sys=0.00, real=0.00 secs] 
211.146: Total time for which application threads were stopped: 0.0733140 seconds, Stopping threads took: 0.0716640 seconds
211.224: Application time: 0.0778900 seconds
211.226: [GC211.226: [ParNew: 6066K->6066K(6144K), 0.0000140 secs]211.226: [CMS211.226: [CMS-concurrent-abortable-preclean: 0.000/0.253 secs] [Times: user=1.57 sys=0.05, real=0.25 secs] 
 (concurrent mode failure): 11243K->2310K(15744K), 0.0061620 secs] 17309K->2310K(21888K), [CMS Perm : 5141K->5141K(21248K)], 0.0062260 secs] [Times: user=0.01 sys=0.00, real=0.01 secs] 
211.232: Total time for which application threads were stopped: 0.0079240 seconds, Stopping threads took: 0.0016090 seconds
211.233: Application time: 0.0009170 seconds
211.273: [GC211.273: [ParNew: 5485K->602K(6144K), 0.0014330 secs] 7795K->7516K(21888K), 0.0014730 secs] [Times: user=0.01 sys=0.00, real=0.00 secs] 
211.275: Total time for which application threads were stopped: 0.0415810 seconds, Stopping threads took: 0.0400340 seconds
211.287: Application time: 0.0127760 seconds
211.374: [GC [1 CMS-initial-mark: 6914K(15744K)] 10756K(21888K), 0.0001310 secs] [Times: user=0.00 sys=0.00, real=0.00 secs] 
211.374: Total time for which application threads were stopped: 0.0862270 seconds, Stopping threads took: 0.0860420 seconds
211.374: [CMS-concurrent-mark-start]
211.374: Application time: 0.0003890 seconds
211.374: [GC211.374: [ParNew: 5989K->598K(6144K), 0.0007210 secs] 12904K->9077K(21888K), 0.0007400 secs] [Times: user=0.00 sys=0.00, real=0.00 secs] 
211.375: Total time for which application threads were stopped: 0.0009170 seconds, Stopping threads took: 0.0001420 seconds
211.376: Application time: 0.0012900 seconds
211.452: [GC211.452: [ParNew: 6081K->500K(6144K), 0.0007390 secs] 14561K->10543K(21888K), 0.0007700 secs] [Times: user=0.01 sys=0.00, real=0.00 secs] 
211.453: Total time for which application threads were stopped: 0.0764110 seconds, Stopping threads took: 0.0755670 seconds
211.458: [CMS-concurrent-mark: 0.006/0.084 secs] [Times: user=0.38 sys=0.04, real=0.08 secs] 
211.458: [CMS-concurrent-preclean-start]
211.458: [CMS-concurrent-preclean: 0.000/0.000 secs] [Times: user=0.00 sys=0.00, real=0.00 secs] 
211.458: [CMS-concurrent-abortable-preclean-start]
211.460: Application time: 0.0068060 seconds
211.530: [GC211.530: [ParNew: 5869K->40K(6144K), 0.0005390 secs] 15912K->10082K(21888K), 0.0005700 secs] [Times: user=0.00 sys=0.00, real=0.00 secs] 
211.531: Total time for which application threads were stopped: 0.0715170 seconds, Stopping threads took: 0.0708730 seconds
211.531: Application time: 0.0003630 seconds
211.532: [GC211.532: [ParNew: 5523K->630K(6144K), 0.0014320 secs] 15566K->15556K(21888K), 0.0014590 secs] [Times: user=0.01 sys=0.00, real=0.00 secs] 
211.533: Total time for which application threads were stopped: 0.0019030 seconds, Stopping threads took: 0.0003720 seconds
211.533: [CMS-concurrent-abortable-preclean: 0.000/0.076 secs] [Times: user=0.56 sys=0.05, real=0.08 secs] 
211.533: Application time: 0.0000810 seconds
211.534: [GC[YG occupancy: 1319 K (6144 K)]211.534: [Rescan (parallel) , 0.0002740 secs]211.534: [weak refs processing, 0.0000160 secs]211.534: [scrub string table, 0.0000740 secs] [1 CMS-remark: 14925K(15744K)] 16245K(21888K), 0.0004020 secs] [Times: user=0.00 sys=0.00, real=0.00 secs] 
211.534: Total time for which application threads were stopped: 0.0007940 seconds, Stopping threads took: 0.0003440 seconds
211.534: [CMS-concurrent-sweep-start]
211.535: [CMS-concurrent-sweep: 0.001/0.001 secs] [Times: user=0.00 sys=0.00, real=0.00 secs] 
211.535: [CMS-concurrent-reset-start]
211.535: [CMS-concurrent-reset: 0.000/0.000 secs] [Times: user=0.00 sys=0.00, real=0.00 secs] 
211.613: Application time: 0.0791500 seconds
211.654: [GC211.654: [ParNew: 6017K->598K(6144K), 0.0005460 secs] 15352K->10546K(21888K), 0.0005810 secs] [Times: user=0.00 sys=0.00, real=0.00 secs] 
211.654: Total time for which application threads were stopped: 0.0408680 seconds, Stopping threads took: 0.0402010 seconds
211.655: Application time: 0.0006420 seconds
211.655: [GC211.655: [ParNew (promotion failed): 6081K->6079K(6144K), 0.0015110 secs]211.657: [CMS: 15222K->7974K(15744K), 0.0067150 secs] 16030K->7974K(21888K), [CMS Perm : 5141K->5141K(21248K)], 0.0082800 secs] [Times: user=0.02 sys=0.00, real=0.01 secs] 
211.664: Total time for which application threads were stopped: 0.0086610 seconds, Stopping threads took: 0.0003150 seconds
211.664: Application time: 0.0002910 seconds
211.664: [GC [1 CMS-initial-mark: 7974K(15744K)] 9648K(21888K), 0.0000890 secs] [Times: user=0.00 sys=0.00, real=0.00 secs] 
211.664: Total time for which application threads were stopped: 0.0003690 seconds, Stopping threads took: 0.0002530 seconds
211.664: [CMS-concurrent-mark-start]
211.671: [CMS-concurrent-mark: 0.006/0.006 secs] [Times: user=0.03 sys=0.00, real=0.01 secs] 
211.671: [CMS-concurrent-preclean-start]
211.671: [CMS-concurrent-preclean: 0.000/0.000 secs] [Times: user=0.00 sys=0.00, real=0.00 secs] 
211.671: Application time: 0.0065560 seconds
211.741: [GC[YG occupancy: 1969 K (6144 K)]211.741: [Rescan (parallel) , 0.0002680 secs]211.742: [weak refs processing, 0.0000070 secs]211.742: [scrub string table, 0.0001310 secs] [1 CMS-remark: 7974K(15744K)] 9943K(21888K), 0.0004410 secs] [Times: user=0.00 sys=0.00, real=0.00 secs] 
211.742: Total time for which application threads were stopped: 0.0712130 seconds, Stopping threads took: 0.0707370 seconds
211.742: [CMS-concurrent-sweep-start]
211.743: Application time: 0.0007950 seconds
211.783: [GC211.783: [ParNew: 5485K->602K(6144K), 0.0011560 secs] 13459K->11518K(21888K), 0.0011830 secs] [Times: user=0.01 sys=0.00, real=0.00 secs] 
211.784: Total time for which application threads were stopped: 0.0412160 seconds, Stopping threads took: 0.0399760 seconds
211.785: [CMS-concurrent-sweep: 0.002/0.043 secs] [Times: user=0.07 sys=0.02, real=0.04 secs] 
211.785: [CMS-concurrent-reset-start]
211.785: [CMS-concurrent-reset: 0.000/0.000 secs] [Times: user=0.00 sys=0.00, real=0.00 secs] 
211.862: Application time: 0.0778790 seconds
211.863: [GC211.863: [ParNew: 6087K->6087K(6144K), 0.0000130 secs]211.863: [CMS: 10916K->1724K(15744K), 0.0057250 secs] 17003K->1724K(21888K), [CMS Perm : 5141K->5141K(21248K)], 0.0057870 secs] [Times: user=0.01 sys=0.00, real=0.01 secs] 
211.869: Total time for which application threads were stopped: 0.0073570 seconds, Stopping threads took: 0.0015060 seconds
211.870: Application time: 0.0007580 seconds
211.870: [GC211.870: [ParNew: 5485K->600K(6144K), 0.0016050 secs] 7210K->7224K(21888K), 0.0016330 secs] [Times: user=0.02 sys=0.00, real=0.00 secs] 
211.872: Total time for which application threads were stopped: 0.0020440 seconds, Stopping threads took: 0.0003600 seconds
211.872: Application time: 0.0001160 seconds
211.872: [GC [1 CMS-initial-mark: 6624K(15744K)] 8204K(21888K), 0.0000940 secs] [Times: user=0.00 sys=0.00, real=0.00 secs] 
211.873: Total time for which application threads were stopped: 0.0004000 seconds, Stopping threads took: 0.0002810 seconds
211.873: [CMS-concurrent-mark-start]
211.876: [CMS-concurrent-mark: 0.004/0.004 secs] [Times: user=0.02 sys=0.00, real=0.00 secs] 
211.876: [CMS-concurrent-preclean-start]
211.876: [CMS-concurrent-preclean: 0.000/0.000 secs] [Times: user=0.00 sys=0.00, real=0.00 secs] 
211.876: [CMS-concurrent-abortable-preclean-start]
211.966: Application time: 0.0938910 seconds
212.023: [GC212.023: [ParNew: 5968K->430K(6144K), 0.0004750 secs] 12592K->7055K(21888K), 0.0015240 secs] [Times: user=0.00 sys=0.01, real=0.00 secs] 
212.025: Total time for which application threads were stopped: 0.0584390 seconds, Stopping threads took: 0.0568600 seconds
212.025: Application time: 0.0005940 seconds
212.026: [GC212.026: [ParNew: 5701K->630K(6144K), 0.0016300 secs] 12326K->12264K(21888K), 0.0016720 secs] [Times: user=0.00 sys=0.00, real=0.01 secs] 
212.027: Total time for which application threads were stopped: 0.0020220 seconds, Stopping threads took: 0.0002950 seconds
212.105: Application time: 0.0771370 seconds
212.128: [CMS-concurrent-abortable-preclean: 0.001/0.251 secs] [Times: user=1.55 sys=0.06, real=0.26 secs] 
212.147: [GC212.147: [ParNew: 5998K->5998K(6144K), 0.0000150 secs]212.147: [CMS (concurrent mode failure): 11634K->2506K(15744K), 0.0064670 secs] 17632K->2506K(21888K), [CMS Perm : 5141K->5141K(21248K)], 0.0065330 secs] [Times: user=0.01 sys=0.00, real=0.01 secs] 
212.154: Total time for which application threads were stopped: 0.0492770 seconds, Stopping threads took: 0.0426650 seconds
212.155: Application time: 0.0008650 seconds
212.195: [GC212.195: [ParNew: 5388K->602K(6144K), 0.0017250 secs] 7894K->7614K(21888K), 0.0017540 secs] [Times: user=0.01 sys=0.00, real=0.00 secs] 
212.197: Total time for which application threads were stopped: 0.0418640 seconds, Stopping threads took: 0.0400380 seconds
212.197: Application time: 0.0000540 seconds
212.197: [GC [1 CMS-initial-mark: 7012K(15744K)] 7810K(21888K), 0.0001070 secs] [Times: user=0.00 sys=0.00, real=0.00 secs] 
212.197: Total time for which application threads were stopped: 0.0005480 seconds, Stopping threads took: 0.0003950 seconds
212.197: [CMS-concurrent-mark-start]
212.201: [CMS-concurrent-mark: 0.004/0.004 secs] [Times: user=0.02 sys=0.00, real=0.01 secs] 
212.201: [CMS-concurrent-preclean-start]
212.201: [CMS-concurrent-preclean: 0.000/0.000 secs] [Times: user=0.00 sys=0.00, real=0.00 secs] 
212.201: [CMS-concurrent-abortable-preclean-start]
212.287: Application time: 0.0895290 seconds
212.340: [GC212.340: [ParNew: 6087K->496K(6144K), 0.0005370 secs] 13100K->8291K(21888K), 0.0005680 secs] [Times: user=0.00 sys=0.00, real=0.00 secs] 
212.340: Total time for which application threads were stopped: 0.0536150 seconds, Stopping threads took: 0.0529740 seconds
212.341: Application time: 0.0006930 seconds
212.381: [GC212.381: [ParNew: 5982K->598K(6144K), 0.0016360 secs] 13776K->13473K(21888K), 0.0016730 secs] [Times: user=0.01 sys=0.00, real=0.00 secs] 
212.383: Total time for which application threads were stopped: 0.0416580 seconds, Stopping threads took: 0.0399080 seconds
212.460: Application time: 0.0777540 seconds
212.462: [GC212.462: [ParNew: 5985K->5985K(6144K), 0.0000120 secs]212.462: [CMS212.462: [CMS-concurrent-abortable-preclean: 0.000/0.261 secs] [Times: user=1.49 sys=0.07, real=0.26 secs] 
 (concurrent mode failure): 12875K->3775K(15744K), 0.0062460 secs] 18861K->3775K(21888K), [CMS Perm : 5141K->5141K(21248K)], 0.0063130 secs] [Times: user=0.01 sys=0.00, real=0.01 secs] 
212.468: Total time for which application threads were stopped: 0.0078210 seconds, Stopping threads took: 0.0014170 seconds
212.470: Application time: 0.0012110 seconds
212.541: [GC212.541: [ParNew: 5485K->498K(6144K), 0.0012890 secs] 9261K->7407K(21888K), 0.0013200 secs] [Times: user=0.01 sys=0.00, real=0.00 secs] 
212.543: Total time for which application threads were stopped: 0.0730220 seconds, Stopping threads took: 0.0716250 seconds
212.543: Application time: 0.0000800 seconds
212.583: [GC [1 CMS-initial-mark: 6908K(15744K)] 8199K(21888K), 0.0001230 secs] [Times: user=0.00 sys=0.00, real=0.00 secs] 
212.583: Total time for which application threads were stopped: 0.0400800 seconds, Stopping threads took: 0.0399340 seconds
212.583: [CMS-concurrent-mark-start]
212.584: Application time: 0.0009710 seconds
212.638: [GC212.638: [ParNew: 5964K->630K(6144K), 0.0016920 secs] 12873K->12137K(21888K), 0.0017280 secs] [Times: user=0.02 sys=0.00, real=0.01 secs] 
212.640: Total time for which application threads were stopped: 0.0565500 seconds, Stopping threads took: 0.0547470 seconds
212.643: [CMS-concurrent-mark: 0.004/0.060 secs] [Times: user=0.16 sys=0.03, real=0.06 secs] 
212.643: [CMS-concurrent-preclean-start]
212.643: [CMS-concurrent-preclean: 0.000/0.000 secs] [Times: user=0.00 sys=0.00, real=0.00 secs] 
212.643: Application time: 0.0032220 seconds
212.722: [GC[YG occupancy: 2402 K (6144 K)]212.722: [Rescan (parallel) , 0.0002660 secs]212.723: [weak refs processing, 0.0000070 secs]212.723: [scrub string table, 0.0001050 secs] [1 CMS-remark: 11507K(15744K)] 13910K(21888K), 0.0004220 secs] [Times: user=0.00 sys=0.00, real=0.00 secs] 
212.723: Total time for which application threads were stopped: 0.0792260 seconds, Stopping threads took: 0.0787390 seconds
212.723: [CMS-concurrent-sweep-start]
212.723: Application time: 0.0007530 seconds
212.724: [GC212.724: [ParNew: 5944K->5944K(6144K), 0.0000130 secs]212.724: [CMS212.724: [CMS-concurrent-sweep: 0.001/0.001 secs] [Times: user=0.01 sys=0.00, real=0.00 secs] 
 (concurrent mode failure): 11507K->4850K(15744K), 0.0064680 secs] 17452K->4850K(21888K), [CMS Perm : 5141K->5141K(21248K)], 0.0065190 secs] [Times: user=0.00 sys=0.00, real=0.01 secs] 
212.730: Total time for which application threads were stopped: 0.0068740 seconds, Stopping threads took: 0.0002780 seconds
212.809: Application time: 0.0787860 seconds
212.813: [GC212.813: [ParNew: 5420K->275K(6144K), 0.0006710 secs] 10270K->5125K(21888K), 0.0007020 secs] [Times: user=0.00 sys=0.00, real=0.00 secs] 
212.813: Total time for which application threads were stopped: 0.0043500 seconds, Stopping threads took: 0.0035640 seconds
212.814: Application time: 0.0005560 seconds
212.814: [GC212.814: [ParNew: 5761K->634K(6144K), 0.0015040 secs] 10611K->10611K(21888K), 0.0015370 secs] [Times: user=0.02 sys=0.00, real=0.00 secs] 
212.816: Total time for which application threads were stopped: 0.0020370 seconds, Stopping threads took: 0.0004260 seconds
212.816: Application time: 0.0001480 seconds
212.820: [GC [1 CMS-initial-mark: 9977K(15744K)] 12086K(21888K), 0.0001090 secs] [Times: user=0.00 sys=0.00, real=0.00 secs] 
212.820: Total time for which application threads were stopped: 0.0041460 seconds, Stopping threads took: 0.0039900 seconds
212.820: [CMS-concurrent-mark-start]
212.824: [CMS-concurrent-mark: 0.003/0.003 secs] [Times: user=0.03 sys=0.00, real=0.00 secs] 
212.824: [CMS-concurrent-preclean-start]
212.824: [CMS-concurrent-preclean: 0.000/0.000 secs] [Times: user=0.00 sys=0.00, real=0.00 secs] 
212.824: [CMS-concurrent-abortable-preclean-start]
212.905: Application time: 0.0842620 seconds
212.924: [CMS-concurrent-abortable-preclean: 0.000/0.100 secs] [Times: user=0.69 sys=0.01, real=0.10 secs] 
212.945: [GC212.945: [ParNew: 5826K->5826K(6144K), 0.0000130 secs]212.945: [CMS (concurrent mode failure): 9977K->2506K(15744K), 0.0052510 secs] 15803K->2506K(21888K), [CMS Perm : 5141K->5141K(21248K)], 0.0053070 secs] [Times: user=0.01 sys=0.00, real=0.01 secs] 
212.950: Total time for which application threads were stopped: 0.0457900 seconds, Stopping threads took: 0.0404230 seconds
212.951: Application time: 0.0008460 seconds
212.994: [GC212.994: [ParNew: 5386K->600K(6144K), 0.0016770 secs] 7892K->7611K(21888K), 0.0017140 secs] [Times: user=0.01 sys=0.00, real=0.00 secs] 
212.996: Total time for which application threads were stopped: 0.0449050 seconds, Stopping threads took: 0.0431150 seconds
212.996: Application time: 0.0000610 seconds
212.996: [GC [1 CMS-initial-mark: 7010K(15744K)] 8398K(21888K), 0.0000890 secs] [Times: user=0.00 sys=0.00, real=0.00 secs] 
212.996: Total time for which application threads were stopped: 0.0001860 seconds, Stopping threads took: 0.0000720 seconds
212.996: [CMS-concurrent-mark-start]
213.000: [CMS-concurrent-mark: 0.003/0.003 secs] [Times: user=0.02 sys=0.00, real=0.01 secs] 
213.000: [CMS-concurrent-preclean-start]
213.000: [CMS-concurrent-preclean: 0.000/0.000 secs] [Times: user=0.00 sys=0.00, real=0.00 secs] 
213.000: [CMS-concurrent-abortable-preclean-start]
213.086: Application time: 0.0892300 seconds
213.126: [GC213.126: [ParNew: 5987K->598K(6144K), 0.0007790 secs] 12998K->8195K(21888K), 0.0008140 secs] [Times: user=0.00 sys=0.00, real=0.00 secs] 
213.127: Total time for which application threads were stopped: 0.0411260 seconds, Stopping threads took: 0.0402360 seconds
213.127: Application time: 0.0006220 seconds
213.167: [GC213.167: [ParNew: 5984K->600K(6144K), 0.0019150 secs] 13581K->13084K(21888K), 0.0019570 secs] [Times: user=0.01 sys=0.00, real=0.01 secs] 
213.169: Total time for which application threads were stopped: 0.0419320 seconds, Stopping threads took: 0.0399120 seconds
213.246: Application time: 0.0770860 seconds
213.249: [GC213.249: [ParNew: 5987K->5987K(6144K), 0.0000120 secs]213.249: [CMS213.249: [CMS-concurrent-abortable-preclean: 0.000/0.249 secs] [Times: user=1.46 sys=0.05, real=0.25 secs] 
 (concurrent mode failure): 12484K->3580K(15744K), 0.0061470 secs] 18472K->3580K(21888K), [CMS Perm : 5141K->5141K(21248K)], 0.0062140 secs] [Times: user=0.00 sys=0.00, real=0.00 secs] 
213.255: Total time for which application threads were stopped: 0.0084860 seconds, Stopping threads took: 0.0021710 seconds
213.256: Application time: 0.0012350 seconds
213.296: [GC213.296: [ParNew: 5466K->630K(6144K), 0.0017120 secs] 9046K->8715K(21888K), 0.0017460 secs] [Times: user=0.01 sys=0.00, real=0.00 secs] 
213.298: Total time for which application threads were stopped: 0.0416280 seconds, Stopping threads took: 0.0398260 seconds
213.298: Application time: 0.0001110 seconds
213.374: [GC [1 CMS-initial-mark: 8085K(15744K)] 8920K(21888K), 0.0001220 secs] [Times: user=0.00 sys=0.00, real=0.00 secs] 
213.374: Total time for which application threads were stopped: 0.0761950 seconds, Stopping threads took: 0.0760270 seconds
213.374: [CMS-concurrent-mark-start]
213.378: [CMS-concurrent-mark: 0.004/0.004 secs] [Times: user=0.01 sys=0.00, real=0.00 secs] 
213.378: [CMS-concurrent-preclean-start]
213.378: [CMS-concurrent-preclean: 0.000/0.000 secs] [Times: user=0.00 sys=0.00, real=0.00 secs] 
213.378: [CMS-concurrent-abortable-preclean-start]
213.378: Application time: 0.0041060 seconds
213.452: [GC213.452: [ParNew: 6115K->209K(6144K), 0.0004760 secs] 14201K->8323K(21888K), 0.0005040 secs] [Times: user=0.00 sys=0.00, real=0.00 secs] 
213.452: Total time for which application threads were stopped: 0.0739820 seconds, Stopping threads took: 0.0734250 seconds
213.453: Application time: 0.0003880 seconds
213.453: [GC213.453: [ParNew: 5693K->600K(6144K), 0.0017720 secs] 13807K->13794K(21888K), 0.0018040 secs] [Times: user=0.01 sys=0.00, real=0.00 secs] 
213.455: Total time for which application threads were stopped: 0.0022540 seconds, Stopping threads took: 0.0003760 seconds
213.533: Application time: 0.0783550 seconds
213.555: [CMS-concurrent-abortable-preclean: 0.000/0.177 secs] [Times: user=1.12 sys=0.05, real=0.18 secs] 
213.573: [GC213.573: [ParNew: 6066K->6066K(6144K), 0.0000130 secs]213.573: [CMS (concurrent mode failure): 13194K->2701K(15744K), 0.0067500 secs] 19260K->2701K(21888K), [CMS Perm : 5141K->5141K(21248K)], 0.0068060 secs] [Times: user=0.00 sys=0.00, real=0.01 secs] 
213.580: Total time for which application threads were stopped: 0.0471190 seconds, Stopping threads took: 0.0402290 seconds
213.581: Application time: 0.0010490 seconds
213.621: [GC213.621: [ParNew: 5483K->502K(6144K), 0.0015460 secs] 8185K->7904K(21888K), 0.0015750 secs] [Times: user=0.01 sys=0.00, real=0.00 secs] 
213.623: Total time for which application threads were stopped: 0.0415880 seconds, Stopping threads took: 0.0399370 seconds
213.623: Application time: 0.0000670 seconds
213.663: [GC [1 CMS-initial-mark: 7401K(15744K)] 8596K(21888K), 0.0000970 secs] [Times: user=0.00 sys=0.00, real=0.00 secs] 
213.663: Total time for which application threads were stopped: 0.0399620 seconds, Stopping threads took: 0.0398400 seconds
213.663: [CMS-concurrent-mark-start]
213.667: [CMS-concurrent-mark: 0.004/0.004 secs] [Times: user=0.02 sys=0.00, real=0.00 secs] 
213.667: [CMS-concurrent-preclean-start]
213.667: [CMS-concurrent-preclean: 0.000/0.000 secs] [Times: user=0.00 sys=0.00, real=0.00 secs] 
213.667: [CMS-concurrent-abortable-preclean-start]
213.759: Application time: 0.0961050 seconds
213.795: [GC213.795: [ParNew: 5890K->400K(6144K), 0.0003640 secs] 13292K->7805K(21888K), 0.0003990 secs] [Times: user=0.00 sys=0.00, real=0.00 secs] 
213.796: Total time for which application threads were stopped: 0.0367420 seconds, Stopping threads took: 0.0362750 seconds
213.796: Application time: 0.0006190 seconds
213.797: [GC213.797: [ParNew: 5767K->630K(6144K), 0.0016180 secs] 13171K->13114K(21888K), 0.0016510 secs] [Times: user=0.01 sys=0.00, real=0.00 secs] 
213.798: Total time for which application threads were stopped: 0.0020060 seconds, Stopping threads took: 0.0003030 seconds
213.876: Application time: 0.0771590 seconds
213.883: [GC213.883: [ParNew: 6115K->6115K(6144K), 0.0000130 secs]213.883: [CMS213.883: [CMS-concurrent-abortable-preclean: 0.000/0.216 secs] [Times: user=1.46 sys=0.03, real=0.22 secs] 
 (concurrent mode failure): 12484K->3873K(15744K), 0.0062100 secs] 18600K->3873K(21888K), [CMS Perm : 5141K->5141K(21248K)], 0.0062760 secs] [Times: user=0.00 sys=0.00, real=0.01 secs] 
213.889: Total time for which application threads were stopped: 0.0136620 seconds, Stopping threads took: 0.0073140 seconds
213.890: Application time: 0.0012080 seconds
213.947: [GC213.947: [ParNew: 5466K->630K(6144K), 0.0015730 secs] 9340K->8615K(21888K), 0.0016060 secs] [Times: user=0.01 sys=0.00, real=0.01 secs] 
213.949: Total time for which application threads were stopped: 0.0585000 seconds, Stopping threads took: 0.0568290 seconds
213.949: Application time: 0.0000460 seconds
213.989: [GC [1 CMS-initial-mark: 7985K(15744K)] 8817K(21888K), 0.0001130 secs] [Times: user=0.00 sys=0.00, real=0.00 secs] 
213.989: Total time for which application threads were stopped: 0.0399520 seconds, Stopping threads took: 0.0398120 seconds
213.989: [CMS-concurrent-mark-start]
213.993: [CMS-concurrent-mark: 0.004/0.004 secs] [Times: user=0.02 sys=0.00, real=0.00 secs] 
213.993: [CMS-concurrent-preclean-start]
213.993: [CMS-concurrent-preclean: 0.000/0.000 secs] [Times: user=0.00 sys=0.00, real=0.00 secs] 
213.993: [CMS-concurrent-abortable-preclean-start]
214.077: Application time: 0.0880810 seconds
214.083: [GC214.083: [ParNew: 6018K->402K(6144K), 0.0003930 secs] 14003K->8419K(21888K), 0.0004280 secs] [Times: user=0.00 sys=0.00, real=0.00 secs] 
214.084: Total time for which application threads were stopped: 0.0067580 seconds, Stopping threads took: 0.0062490 seconds
214.084: Application time: 0.0006650 seconds
214.085: [GC214.085: [ParNew: 5869K->630K(6144K), 0.0016160 secs] 13886K->13825K(21888K), 0.0016510 secs] [Times: user=0.01 sys=0.00, real=0.00 secs] 
214.086: Total time for which application threads were stopped: 0.0019300 seconds, Stopping threads took: 0.0002140 seconds
214.164: Application time: 0.0780120 seconds
214.171: [GC214.171: [ParNew: 6017K->6017K(6144K), 0.0000150 secs]214.171: [CMS214.171: [CMS-concurrent-abortable-preclean: 0.000/0.178 secs] [Times: user=1.34 sys=0.02, real=0.18 secs] 
 (concurrent mode failure): 13195K->3873K(15744K), 0.0064520 secs] 19212K->3873K(21888K), [CMS Perm : 5141K->5141K(21248K)], 0.0065180 secs] [Times: user=0.01 sys=0.00, real=0.00 secs] 
214.178: Total time for which application threads were stopped: 0.0130860 seconds, Stopping threads took: 0.0064940 seconds
214.179: Application time: 0.0012750 seconds
214.233: [GC214.233: [ParNew: 5485K->598K(6144K), 0.0014250 secs] 9359K->8681K(21888K), 0.0014610 secs] [Times: user=0.01 sys=0.00, real=0.00 secs] 
214.235: Total time for which application threads were stopped: 0.0557900 seconds, Stopping threads took: 0.0542510 seconds
214.235: Application time: 0.0000480 seconds
214.275: [GC [1 CMS-initial-mark: 8083K(15744K)] 8885K(21888K), 0.0001030 secs] [Times: user=0.00 sys=0.00, real=0.00 secs] 
214.275: Total time for which application threads were stopped: 0.0402830 seconds, Stopping threads took: 0.0401350 seconds
214.275: [CMS-concurrent-mark-start]
214.278: [CMS-concurrent-mark: 0.003/0.003 secs] [Times: user=0.01 sys=0.00, real=0.00 secs] 
214.278: [CMS-concurrent-preclean-start]
214.278: [CMS-concurrent-preclean: 0.000/0.000 secs] [Times: user=0.00 sys=0.00, real=0.00 secs] 
214.278: [CMS-concurrent-abortable-preclean-start]
214.279: Application time: 0.0036670 seconds
214.352: [GC214.352: [ParNew: 5888K->402K(6144K), 0.0004770 secs] 13971K->8488K(21888K), 0.0005050 secs] [Times: user=0.01 sys=0.00, real=0.00 secs] 
214.353: Total time for which application threads were stopped: 0.0743210 seconds, Stopping threads took: 0.0737370 seconds
214.353: Application time: 0.0004120 seconds
214.354: [GC214.354: [ParNew: 5790K->600K(6144K), 0.0017570 secs] 13877K->13866K(21888K), 0.0017920 secs] [Times: user=0.01 sys=0.00, real=0.00 secs] 
214.356: Total time for which application threads were stopped: 0.0023280 seconds, Stopping threads took: 0.0004610 seconds
214.434: Application time: 0.0781830 seconds
214.456: [CMS-concurrent-abortable-preclean: 0.000/0.177 secs] [Times: user=1.15 sys=0.07, real=0.18 secs] 
214.474: [GC214.474: [ParNew: 6085K->6085K(6144K), 0.0000130 secs]214.474: [CMS (concurrent mode failure): 13266K->2897K(15744K), 0.0067910 secs] 19351K->2897K(21888K), [CMS Perm : 5141K->5141K(21248K)], 0.0068460 secs] [Times: user=0.00 sys=0.00, real=0.01 secs] 
214.481: Total time for which application threads were stopped: 0.0472950 seconds, Stopping threads took: 0.0403670 seconds
214.482: Application time: 0.0011370 seconds
214.522: [GC214.522: [ParNew: 5485K->598K(6144K), 0.0014670 secs] 8382K->8295K(21888K), 0.0015060 secs] [Times: user=0.01 sys=0.00, real=0.00 secs] 
214.524: Total time for which application threads were stopped: 0.0413770 seconds, Stopping threads took: 0.0398070 seconds
214.524: Application time: 0.0000470 seconds
214.564: [GC [1 CMS-initial-mark: 7697K(15744K)] 8789K(21888K), 0.0001060 secs] [Times: user=0.00 sys=0.00, real=0.00 secs] 
214.564: Total time for which application threads were stopped: 0.0400660 seconds, Stopping threads took: 0.0399120 seconds
214.564: [CMS-concurrent-mark-start]
214.568: [CMS-concurrent-mark: 0.004/0.004 secs] [Times: user=0.03 sys=0.00, real=0.01 secs] 
214.568: [CMS-concurrent-preclean-start]
214.568: [CMS-concurrent-preclean: 0.000/0.000 secs] [Times: user=0.00 sys=0.00, real=0.00 secs] 
214.568: [CMS-concurrent-abortable-preclean-start]
214.651: Application time: 0.0871780 seconds
214.691: [GC214.691: [ParNew: 5790K->404K(6144K), 0.0004750 secs] 13487K->8104K(21888K), 0.0005100 secs] [Times: user=0.00 sys=0.00, real=0.00 secs] 
214.692: Total time for which application threads were stopped: 0.0409090 seconds, Stopping threads took: 0.0403240 seconds
214.693: Application time: 0.0006680 seconds
214.693: [GC214.693: [ParNew: 5734K->638K(6144K), 0.0015170 secs] 13434K->13268K(21888K), 0.0015540 secs] [Times: user=0.01 sys=0.00, real=0.00 secs] 
214.694: Total time for which application threads were stopped: 0.0018510 seconds, Stopping threads took: 0.0002450 seconds
214.773: Application time: 0.0783540 seconds
214.795: [CMS-concurrent-abortable-preclean: 0.000/0.227 secs] [Times: user=1.43 sys=0.03, real=0.22 secs] 
214.812: [GC214.812: [ParNew: 6025K->6025K(6144K), 0.0000120 secs]214.812: [CMS (concurrent mode failure): 12630K->2507K(15744K), 0.0059010 secs] 18656K->2507K(21888K), [CMS Perm : 5141K->5141K(21248K)], 0.0059500 secs] [Times: user=0.01 sys=0.00, real=0.00 secs] 
214.818: Total time for which application threads were stopped: 0.0455670 seconds, Stopping threads took: 0.0395570 seconds
214.819: Application time: 0.0009620 seconds
214.820: [GC214.820: [ParNew: 5385K->596K(6144K), 0.0014480 secs] 7892K->7904K(21888K), 0.0014720 secs] [Times: user=0.01 sys=0.00, real=0.00 secs] 
214.821: Total time for which application threads were stopped: 0.0017930 seconds, Stopping threads took: 0.0002720 seconds
214.821: Application time: 0.0000780 seconds
214.861: [GC [1 CMS-initial-mark: 7308K(15744K)] 8889K(21888K), 0.0000950 secs] [Times: user=0.00 sys=0.00, real=0.00 secs] 
214.861: Total time for which application threads were stopped: 0.0399850 seconds, Stopping threads took: 0.0398560 seconds
214.861: [CMS-concurrent-mark-start]
214.865: [CMS-concurrent-mark: 0.004/0.004 secs] [Times: user=0.03 sys=0.00, real=0.00 secs] 
214.865: [CMS-concurrent-preclean-start]
214.865: [CMS-concurrent-preclean: 0.000/0.000 secs] [Times: user=0.00 sys=0.00, real=0.00 secs] 
214.865: [CMS-concurrent-abortable-preclean-start]
214.952: Application time: 0.0904790 seconds
215.008: [GC215.008: [ParNew: 6081K->211K(6144K), 0.0004770 secs] 13390K->7520K(21888K), 0.0005100 secs] [Times: user=0.00 sys=0.00, real=0.00 secs] 
215.008: Total time for which application threads were stopped: 0.0564640 seconds, Stopping threads took: 0.0559010 seconds
215.009: Application time: 0.0004440 seconds
215.009: [GC215.009: [ParNew: 5502K->602K(6144K), 0.0015780 secs] 12811K->12794K(21888K), 0.0016070 secs] [Times: user=0.01 sys=0.00, real=0.00 secs] 
215.010: Total time for which application threads were stopped: 0.0018580 seconds, Stopping threads took: 0.0002010 seconds
215.089: Application time: 0.0786630 seconds
215.111: [CMS-concurrent-abortable-preclean: 0.000/0.245 secs] [Times: user=1.55 sys=0.03, real=0.25 secs] 
215.129: [GC215.129: [ParNew: 5989K->5989K(6144K), 0.0000130 secs]215.129: [CMS (concurrent mode failure): 12192K->2506K(15744K), 0.0057470 secs] 18182K->2506K(21888K), [CMS Perm : 5141K->5141K(21248K)], 0.0058000 secs] [Times: user=0.01 sys=0.00, real=0.00 secs] 
215.135: Total time for which application threads were stopped: 0.0461430 seconds, Stopping threads took: 0.0402810 seconds
215.136: Application time: 0.0010840 seconds
215.176: [GC215.176: [ParNew: 5385K->598K(6144K), 0.0017820 secs] 7892K->7609K(21888K), 0.0018240 secs] [Times: user=0.01 sys=0.00, real=0.00 secs] 
215.178: Total time for which application threads were stopped: 0.0418520 seconds, Stopping threads took: 0.0399490 seconds
215.178: Application time: 0.0000760 seconds
215.178: [GC [1 CMS-initial-mark: 7011K(15744K)] 8594K(21888K), 0.0001090 secs] [Times: user=0.00 sys=0.00, real=0.00 secs] 
215.179: Total time for which application threads were stopped: 0.0003080 seconds, Stopping threads took: 0.0001510 seconds
215.179: [CMS-concurrent-mark-start]
215.182: [CMS-concurrent-mark: 0.004/0.004 secs] [Times: user=0.02 sys=0.00, real=0.01 secs] 
215.182: [CMS-concurrent-preclean-start]
215.182: [CMS-concurrent-preclean: 0.000/0.000 secs] [Times: user=0.00 sys=0.00, real=0.00 secs] 
215.182: [CMS-concurrent-abortable-preclean-start]
215.268: Application time: 0.0890720 seconds
215.331: [GC215.331: [ParNew: 6083K->205K(6144K), 0.0003810 secs] 13095K->7219K(21888K), 0.0004130 secs] [Times: user=0.00 sys=0.00, real=0.00 secs] 
215.331: Total time for which application threads were stopped: 0.0637160 seconds, Stopping threads took: 0.0632260 seconds
215.332: Application time: 0.0006540 seconds
215.332: [GC215.332: [ParNew: 5574K->630K(6144K), 0.0014590 secs] 12588K->12527K(21888K), 0.0014930 secs] [Times: user=0.01 sys=0.01, real=0.00 secs] 
215.334: Total time for which application threads were stopped: 0.0019190 seconds, Stopping threads took: 0.0003630 seconds
215.411: Application time: 0.0774910 seconds
215.413: [GC215.413: [ParNew: 6115K->6115K(6144K), 0.0000130 secs]215.413: [CMS215.413: [CMS-concurrent-abortable-preclean: 0.000/0.231 secs] [Times: user=1.51 sys=0.04, real=0.23 secs] 
 (concurrent mode failure): 11897K->3678K(15744K), 0.0061840 secs] 18012K->3678K(21888K), [CMS Perm : 5141K->5141K(21248K)], 0.0062520 secs] [Times: user=0.00 sys=0.00, real=0.01 secs] 
215.420: Total time for which application threads were stopped: 0.0081270 seconds, Stopping threads took: 0.0018010 seconds
215.421: Application time: 0.0012350 seconds
215.487: [GC215.487: [ParNew: 5485K->500K(6144K), 0.0013940 secs] 9164K->8291K(21888K), 0.0014280 secs] [Times: user=0.01 sys=0.00, real=0.01 secs] 
215.488: Total time for which application threads were stopped: 0.0676180 seconds, Stopping threads took: 0.0661350 seconds
215.488: Application time: 0.0000630 seconds
215.529: [GC [1 CMS-initial-mark: 7790K(15744K)] 8399K(21888K), 0.0000980 secs] [Times: user=0.00 sys=0.00, real=0.00 secs] 
215.529: Total time for which application threads were stopped: 0.0403870 seconds, Stopping threads took: 0.0402680 seconds
215.529: [CMS-concurrent-mark-start]
215.535: [CMS-concurrent-mark: 0.006/0.006 secs] [Times: user=0.02 sys=0.00, real=0.00 secs] 
215.535: [CMS-concurrent-preclean-start]
215.535: [CMS-concurrent-preclean: 0.000/0.000 secs] [Times: user=0.00 sys=0.00, real=0.00 secs] 
215.535: [CMS-concurrent-abortable-preclean-start]
215.606: Application time: 0.0774220 seconds
215.610: [GC215.610: [ParNew: 5868K->237K(6144K), 0.0003220 secs] 13659K->8028K(21888K), 0.0003540 secs] [Times: user=0.00 sys=0.00, real=0.00 secs] 
215.611: Total time for which application threads were stopped: 0.0044600 seconds, Stopping threads took: 0.0040280 seconds
215.611: Application time: 0.0005840 seconds
215.612: [GC215.612: [ParNew: 5721K->630K(6144K), 0.0016090 secs] 13512K->13504K(21888K), 0.0016380 secs] [Times: user=0.01 sys=0.00, real=0.00 secs] 
215.613: Total time for which application threads were stopped: 0.0020200 seconds, Stopping threads took: 0.0003100 seconds
215.691: Application time: 0.0779050 seconds
215.714: [CMS-concurrent-abortable-preclean: 0.000/0.178 secs] [Times: user=1.28 sys=0.02, real=0.18 secs] 
215.732: [GC215.732: [ParNew: 6096K->6096K(6144K), 0.0000130 secs]215.732: [CMS (concurrent mode failure): 12873K->2702K(15744K), 0.0067550 secs] 18970K->2702K(21888K), [CMS Perm : 5141K->5141K(21248K)], 0.0068100 secs] [Times: user=0.01 sys=0.00, real=0.00 secs] 
215.739: Total time for which application threads were stopped: 0.0474190 seconds, Stopping threads took: 0.0405150 seconds
215.740: Application time: 0.0011840 seconds
215.780: [GC215.780: [ParNew: 5485K->600K(6144K), 0.0014680 secs] 8188K->8102K(21888K), 0.0014970 secs] [Times: user=0.01 sys=0.00, real=0.00 secs] 
215.781: Total time for which application threads were stopped: 0.0413770 seconds, Stopping threads took: 0.0398050 seconds
215.795: Application time: 0.0142700 seconds
215.885: [GC [1 CMS-initial-mark: 7502K(15744K)] 10950K(21888K), 0.0001230 secs] [Times: user=0.00 sys=0.00, real=0.00 secs] 
215.886: Total time for which application threads were stopped: 0.0901360 seconds, Stopping threads took: 0.0899670 seconds
215.886: [CMS-concurrent-mark-start]
215.886: Application time: 0.0005000 seconds
215.886: [GC215.886: [ParNew: 6066K->628K(6144K), 0.0006520 secs] 13568K->10083K(21888K), 0.0006750 secs] [Times: user=0.01 sys=0.00, real=0.00 secs] 
215.887: Total time for which application threads were stopped: 0.0008190 seconds, Stopping threads took: 0.0000920 seconds
215.890: [CMS-concurrent-mark: 0.004/0.005 secs] [Times: user=0.02 sys=0.00, real=0.01 secs] 
215.890: [CMS-concurrent-preclean-start]
215.890: [CMS-concurrent-preclean: 0.000/0.000 secs] [Times: user=0.00 sys=0.00, real=0.00 secs] 
215.890: [CMS-concurrent-abortable-preclean-start]
215.891: Application time: 0.0037240 seconds
215.964: [GC215.964: [ParNew: 6109K->394K(6144K), 0.0005190 secs] 15565K->10467K(21888K), 0.0005500 secs] [Times: user=0.00 sys=0.00, real=0.00 secs] 
215.965: Total time for which application threads were stopped: 0.0739940 seconds, Stopping threads took: 0.0733830 seconds
215.966: Application time: 0.0008450 seconds
216.020: [GC216.020: [ParNew: 5782K->596K(6144K), 0.0013000 secs] 15855K->13794K(21888K), 0.0013310 secs] [Times: user=0.01 sys=0.00, real=0.00 secs] 
216.022: Total time for which application threads were stopped: 0.0561530 seconds, Stopping threads took: 0.0547500 seconds
216.101: Application time: 0.0791850 seconds
216.102: [GC216.102: [ParNew: 5964K->5964K(6144K), 0.0000140 secs]216.102: [CMS216.102: [CMS-concurrent-abortable-preclean: 0.000/0.211 secs] [Times: user=1.25 sys=0.08, real=0.21 secs] 
 (concurrent mode failure): 13198K->1725K(15744K), 0.0065360 secs] 19162K->1725K(21888K), [CMS Perm : 5141K->5141K(21248K)], 0.0065960 secs] [Times: user=0.01 sys=0.00, real=0.01 secs] 
216.108: Total time for which application threads were stopped: 0.0075530 seconds, Stopping threads took: 0.0008690 seconds
216.109: Application time: 0.0008700 seconds
216.110: [GC216.110: [ParNew: 5483K->602K(6144K), 0.0014380 secs] 7209K->7227K(21888K), 0.0014630 secs] [Times: user=0.01 sys=0.00, real=0.00 secs] 
216.111: Total time for which application threads were stopped: 0.0018820 seconds, Stopping threads took: 0.0003460 seconds
216.111: Application time: 0.0000510 seconds
216.112: [GC [1 CMS-initial-mark: 6625K(15744K)] 7618K(21888K), 0.0001080 secs] [Times: user=0.00 sys=0.00, real=0.00 secs] 
216.112: Total time for which application threads were stopped: 0.0004840 seconds, Stopping threads took: 0.0003510 seconds
216.112: [CMS-concurrent-mark-start]
216.115: [CMS-concurrent-mark: 0.004/0.004 secs] [Times: user=0.03 sys=0.00, real=0.00 secs] 
216.116: [CMS-concurrent-preclean-start]
216.116: [CMS-concurrent-preclean: 0.000/0.000 secs] [Times: user=0.00 sys=0.00, real=0.00 secs] 
216.116: [CMS-concurrent-abortable-preclean-start]
216.212: Application time: 0.1001140 seconds
216.258: [GC216.258: [ParNew: 5892K->402K(6144K), 0.0003490 secs] 12517K->7028K(21888K), 0.0003810 secs] [Times: user=0.01 sys=0.00, real=0.00 secs] 
216.258: Total time for which application threads were stopped: 0.0466030 seconds, Stopping threads took: 0.0461420 seconds
216.259: Application time: 0.0005550 seconds
216.259: [GC216.259: [ParNew: 5888K->602K(6144K), 0.0016250 secs] 12514K->12501K(21888K), 0.0016590 secs] [Times: user=0.01 sys=0.00, real=0.01 secs] 
216.261: Total time for which application threads were stopped: 0.0019020 seconds, Stopping threads took: 0.0001820 seconds
216.338: Application time: 0.0770850 seconds
216.361: [CMS-concurrent-abortable-preclean: 0.000/0.246 secs] [Times: user=1.54 sys=0.05, real=0.25 secs] 
216.379: [GC216.379: [ParNew: 5989K->5989K(6144K), 0.0000130 secs]216.379: [CMS (concurrent mode failure): 11899K->2897K(15744K), 0.0052620 secs] 17889K->2897K(21888K), [CMS Perm : 5141K->5141K(21248K)], 0.0053200 secs] [Times: user=0.00 sys=0.00, real=0.01 secs] 
216.385: Total time for which application threads were stopped: 0.0467250 seconds, Stopping threads took: 0.0413420 seconds
216.386: Application time: 0.0009980 seconds
216.426: [GC216.426: [ParNew: 5485K->502K(6144K), 0.0015250 secs] 8383K->8102K(21888K), 0.0015540 secs] [Times: user=0.01 sys=0.00, real=0.00 secs] 
216.427: Total time for which application threads were stopped: 0.0416360 seconds, Stopping threads took: 0.0400200 seconds
216.427: Application time: 0.0000430 seconds
216.428: [GC [1 CMS-initial-mark: 7599K(15744K)] 8596K(21888K), 0.0000930 secs] [Times: user=0.00 sys=0.00, real=0.00 secs] 
216.428: Total time for which application threads were stopped: 0.0003150 seconds, Stopping threads took: 0.0001770 seconds
216.428: [CMS-concurrent-mark-start]
216.431: [CMS-concurrent-mark: 0.004/0.004 secs] [Times: user=0.01 sys=0.00, real=0.00 secs] 
216.431: [CMS-concurrent-preclean-start]
216.432: [CMS-concurrent-preclean: 0.000/0.000 secs] [Times: user=0.00 sys=0.00, real=0.00 secs] 
216.432: [CMS-concurrent-abortable-preclean-start]
216.506: Application time: 0.0781240 seconds
216.549: [GC216.549: [ParNew: 5870K->630K(6144K), 0.0008320 secs] 13470K->9207K(21888K), 0.0008650 secs] [Times: user=0.00 sys=0.00, real=0.00 secs] 
216.549: Total time for which application threads were stopped: 0.0436370 seconds, Stopping threads took: 0.0426900 seconds
216.550: Application time: 0.0008600 seconds
216.604: [GC216.604: [ParNew: 6115K->598K(6144K), 0.0015000 secs] 14692K->13502K(21888K), 0.0015370 secs] [Times: user=0.01 sys=0.00, real=0.00 secs] 
216.605: Total time for which application threads were stopped: 0.0550100 seconds, Stopping threads took: 0.0534190 seconds
216.684: Application time: 0.0787610 seconds
216.686: [GC216.686: [ParNew: 6064K->6064K(6144K), 0.0000130 secs]216.686: [CMS216.686: [CMS-concurrent-abortable-preclean: 0.000/0.254 secs] [Times: user=1.45 sys=0.06, real=0.25 secs] 
 (concurrent mode failure): 12904K->2995K(15744K), 0.0060890 secs] 18969K->2995K(21888K), [CMS Perm : 5141K->5141K(21248K)], 0.0061530 secs] [Times: user=0.00 sys=0.00, real=0.01 secs] 
216.692: Total time for which application threads were stopped: 0.0080080 seconds, Stopping threads took: 0.0017650 seconds
216.693: Application time: 0.0011560 seconds
216.733: [GC216.733: [ParNew: 5466K->628K(6144K), 0.0013390 secs] 8462K->7542K(21888K), 0.0013690 secs] [Times: user=0.01 sys=0.00, real=0.00 secs] 
216.735: Total time for which application threads were stopped: 0.0413080 seconds, Stopping threads took: 0.0398650 seconds
216.735: Application time: 0.0001360 seconds
216.775: [GC [1 CMS-initial-mark: 6914K(15744K)] 7945K(21888K), 0.0001060 secs] [Times: user=0.00 sys=0.00, real=0.00 secs] 
216.775: Total time for which application threads were stopped: 0.0400890 seconds, Stopping threads took: 0.0399350 seconds
216.775: [CMS-concurrent-mark-start]
216.776: Application time: 0.0015220 seconds
216.852: [GC216.852: [ParNew: 6113K->596K(6144K), 0.0008930 secs] 13028K->8711K(21888K), 0.0009290 secs] [Times: user=0.01 sys=0.00, real=0.00 secs] 
216.853: Total time for which application threads were stopped: 0.0766670 seconds, Stopping threads took: 0.0756770 seconds
216.856: Application time: 0.0030850 seconds
216.931: [GC216.931: [ParNew: 6081K->402K(6144K), 0.0006200 secs] 14197K->8908K(21888K), 0.0006550 secs] [Times: user=0.01 sys=0.00, real=0.00 secs] 
216.931: Total time for which application threads were stopped: 0.0752010 seconds, Stopping threads took: 0.0744700 seconds
216.932: [CMS-concurrent-mark: 0.005/0.157 secs] [Times: user=0.94 sys=0.07, real=0.16 secs] 
216.932: [CMS-concurrent-preclean-start]
216.932: [CMS-concurrent-preclean: 0.000/0.000 secs] [Times: user=0.00 sys=0.00, real=0.00 secs] 
216.932: [CMS-concurrent-abortable-preclean-start]
216.936: Application time: 0.0043800 seconds
217.008: [GC217.008: [ParNew: 5790K->598K(6144K), 0.0005690 secs] 14297K->9299K(21888K), 0.0005950 secs] [Times: user=0.01 sys=0.00, real=0.00 secs] 
217.008: Total time for which application threads were stopped: 0.0728350 seconds, Stopping threads took: 0.0721690 seconds
217.009: Application time: 0.0004530 seconds
217.009: [GC217.009: [ParNew: 6081K->596K(6144K), 0.0017880 secs] 14783K->14770K(21888K), 0.0018220 secs] [Times: user=0.01 sys=0.00, real=0.00 secs] 
217.011: Total time for which application threads were stopped: 0.0022780 seconds, Stopping threads took: 0.0003810 seconds
217.090: Application time: 0.0787860 seconds
217.111: [CMS-concurrent-abortable-preclean: 0.000/0.180 secs] [Times: user=1.03 sys=0.06, real=0.18 secs] 
217.141: [GC217.141: [ParNew: 6081K->6081K(6144K), 0.0000150 secs]217.141: [CMS (concurrent mode failure): 14174K->2312K(15744K), 0.0066060 secs] 20256K->2312K(21888K), [CMS Perm : 5141K->5141K(21248K)], 0.0066680 secs] [Times: user=0.01 sys=0.00, real=0.01 secs] 
217.148: Total time for which application threads were stopped: 0.0578640 seconds, Stopping threads took: 0.0511180 seconds
217.149: Application time: 0.0008830 seconds
217.189: [GC217.189: [ParNew: 5192K->600K(6144K), 0.0015670 secs] 7504K->7223K(21888K), 0.0015970 secs] [Times: user=0.01 sys=0.00, real=0.00 secs] 
217.190: Total time for which application threads were stopped: 0.0417150 seconds, Stopping threads took: 0.0400650 seconds
217.191: Application time: 0.0000220 seconds
217.191: [GC [1 CMS-initial-mark: 6623K(15744K)] 7614K(21888K), 0.0001070 secs] [Times: user=0.00 sys=0.00, real=0.00 secs] 
217.191: Total time for which application threads were stopped: 0.0003490 seconds, Stopping threads took: 0.0001950 seconds
217.191: [CMS-concurrent-mark-start]
217.195: [CMS-concurrent-mark: 0.004/0.004 secs] [Times: user=0.01 sys=0.00, real=0.00 secs] 
217.195: [CMS-concurrent-preclean-start]
217.195: [CMS-concurrent-preclean: 0.000/0.000 secs] [Times: user=0.00 sys=0.00, real=0.00 secs] 
217.195: [CMS-concurrent-abortable-preclean-start]
217.286: Application time: 0.0949200 seconds
217.338: [GC217.338: [ParNew: 6066K->628K(6144K), 0.0004160 secs] 12689K->7447K(21888K), 0.0004500 secs] [Times: user=0.00 sys=0.00, real=0.00 secs] 
217.339: Total time for which application threads were stopped: 0.0528040 seconds, Stopping threads took: 0.0522960 seconds
217.339: Application time: 0.0006750 seconds
217.340: [GC217.340: [ParNew: 5996K->630K(6144K), 0.0017180 secs] 12816K->12751K(21888K), 0.0017540 secs] [Times: user=0.01 sys=0.00, real=0.00 secs] 
217.341: Total time for which application threads were stopped: 0.0021190 seconds, Stopping threads took: 0.0003100 seconds
217.419: Application time: 0.0780550 seconds
217.442: [CMS-concurrent-abortable-preclean: 0.000/0.247 secs] [Times: user=1.54 sys=0.05, real=0.25 secs] 
217.461: [GC217.461: [ParNew: 6115K->6115K(6144K), 0.0000120 secs]217.461: [CMS (concurrent mode failure): 12121K->2116K(15744K), 0.0059510 secs] 18237K->2116K(21888K), [CMS Perm : 5141K->5141K(21248K)], 0.0060070 secs] [Times: user=0.01 sys=0.00, real=0.00 secs] 
217.467: Total time for which application threads were stopped: 0.0473950 seconds, Stopping threads took: 0.0413150 seconds
217.468: Application time: 0.0011370 seconds
217.508: [GC217.508: [ParNew: 5466K->628K(6144K), 0.0014480 secs] 7583K->7251K(21888K), 0.0014790 secs] [Times: user=0.01 sys=0.00, real=0.00 secs] 
217.509: Total time for which application threads were stopped: 0.0413070 seconds, Stopping threads took: 0.0397630 seconds
217.509: Application time: 0.0000610 seconds
217.510: [GC [1 CMS-initial-mark: 6623K(15744K)] 7841K(21888K), 0.0000970 secs] [Times: user=0.00 sys=0.00, real=0.00 secs] 
217.510: Total time for which application threads were stopped: 0.0002580 seconds, Stopping threads took: 0.0001140 seconds
217.510: [CMS-concurrent-mark-start]
217.513: [CMS-concurrent-mark: 0.004/0.004 secs] [Times: user=0.02 sys=0.00, real=0.00 secs] 
217.513: [CMS-concurrent-preclean-start]
217.513: [CMS-concurrent-preclean: 0.000/0.000 secs] [Times: user=0.00 sys=0.00, real=0.00 secs] 
217.513: [CMS-concurrent-abortable-preclean-start]
217.601: Application time: 0.0911430 seconds
217.641: [GC217.641: [ParNew: 6015K->402K(6144K), 0.0004480 secs] 12639K->7446K(21888K), 0.0004830 secs] [Times: user=0.00 sys=0.00, real=0.00 secs] 
217.642: Total time for which application threads were stopped: 0.0410260 seconds, Stopping threads took: 0.0404650 seconds
217.642: Application time: 0.0005020 seconds
217.682: [GC217.682: [ParNew: 5790K->602K(6144K), 0.0015690 secs] 12834K->12140K(21888K), 0.0016030 secs] [Times: user=0.00 sys=0.01, real=0.00 secs] 
217.684: Total time for which application threads were stopped: 0.0416310 seconds, Stopping threads took: 0.0399520 seconds
217.761: Application time: 0.0770870 seconds
217.784: [CMS-concurrent-abortable-preclean: 0.000/0.271 secs] [Times: user=1.52 sys=0.06, real=0.27 secs] 
217.803: [GC217.803: [ParNew: 5989K->5989K(6144K), 0.0000120 secs]217.803: [CMS (concurrent mode failure): 11537K->2117K(15744K), 0.0059170 secs] 17527K->2117K(21888K), [CMS Perm : 5141K->5141K(21248K)], 0.0059750 secs] [Times: user=0.00 sys=0.00, real=0.01 secs] 
217.809: Total time for which application threads were stopped: 0.0477720 seconds, Stopping threads took: 0.0417170 seconds
217.810: Application time: 0.0008700 seconds
217.810: [GC217.810: [ParNew: 5386K->504K(6144K), 0.0016230 secs] 7503K->7521K(21888K), 0.0016520 secs] [Times: user=0.01 sys=0.00, real=0.00 secs] 
217.812: Total time for which application threads were stopped: 0.0021720 seconds, Stopping threads took: 0.0004680 seconds
217.812: Application time: 0.0000630 seconds
217.812: [GC [1 CMS-initial-mark: 7016K(15744K)] 8503K(21888K), 0.0000860 secs] [Times: user=0.00 sys=0.00, real=0.00 secs] 
217.812: Total time for which application threads were stopped: 0.0004200 seconds, Stopping threads took: 0.0002840 seconds
217.812: [CMS-concurrent-mark-start]
217.816: [CMS-concurrent-mark: 0.003/0.003 secs] [Times: user=0.03 sys=0.00, real=0.00 secs] 
217.816: [CMS-concurrent-preclean-start]
217.816: [CMS-concurrent-preclean: 0.000/0.000 secs] [Times: user=0.00 sys=0.00, real=0.00 secs] 
217.816: [CMS-concurrent-abortable-preclean-start]
217.904: Application time: 0.0920640 seconds
217.946: [GC217.946: [ParNew: 5892K->400K(6144K), 0.0005320 secs] 12908K->7808K(21888K), 0.0005670 secs] [Times: user=0.00 sys=0.00, real=0.00 secs] 
217.947: Total time for which application threads were stopped: 0.0421830 seconds, Stopping threads took: 0.0415410 seconds
217.947: Application time: 0.0006900 seconds
217.987: [GC217.987: [ParNew: 5867K->630K(6144K), 0.0017050 secs] 13274K->12530K(21888K), 0.0017400 secs] [Times: user=0.01 sys=0.00, real=0.01 secs] 
217.989: Total time for which application threads were stopped: 0.0416250 seconds, Stopping threads took: 0.0398100 seconds
218.067: Application time: 0.0776700 seconds
218.069: [GC218.069: [ParNew: 6115K->6115K(6144K), 0.0000130 secs]218.069: [CMS218.069: [CMS-concurrent-abortable-preclean: 0.000/0.253 secs] [Times: user=1.54 sys=0.05, real=0.26 secs] 
 (concurrent mode failure): 11900K->3288K(15744K), 0.0057360 secs] 18015K->3288K(21888K), [CMS Perm : 5141K->5141K(21248K)], 0.0058040 secs] [Times: user=0.00 sys=0.00, real=0.00 secs] 
218.075: Total time for which application threads were stopped: 0.0080800 seconds, Stopping threads took: 0.0021920 seconds
218.076: Application time: 0.0012570 seconds
218.131: [GC218.131: [ParNew: 5485K->598K(6144K), 0.0017910 secs] 8774K->8196K(21888K), 0.0018260 secs] [Times: user=0.01 sys=0.00, real=0.00 secs] 
218.133: Total time for which application threads were stopped: 0.0569910 seconds, Stopping threads took: 0.0551110 seconds
218.133: Application time: 0.0001510 seconds
218.174: [GC [1 CMS-initial-mark: 7598K(15744K)] 8400K(21888K), 0.0001170 secs] [Times: user=0.00 sys=0.00, real=0.00 secs] 
218.174: Total time for which application threads were stopped: 0.0408580 seconds, Stopping threads took: 0.0407040 seconds
218.174: [CMS-concurrent-mark-start]
218.181: [CMS-concurrent-mark: 0.007/0.007 secs] [Times: user=0.05 sys=0.00, real=0.01 secs] 
218.181: [CMS-concurrent-preclean-start]
218.181: [CMS-concurrent-preclean: 0.000/0.000 secs] [Times: user=0.00 sys=0.00, real=0.00 secs] 
218.181: [CMS-concurrent-abortable-preclean-start]
218.259: Application time: 0.0849830 seconds
218.268: [GC218.268: [ParNew: 6083K->14K(6144K), 0.0003130 secs] 13681K->7612K(21888K), 0.0003440 secs] [Times: user=0.01 sys=0.00, real=0.00 secs] 
218.268: Total time for which application threads were stopped: 0.0092890 seconds, Stopping threads took: 0.0088860 seconds
218.269: Application time: 0.0006420 seconds
218.269: [GC218.269: [ParNew: 5461K->634K(6144K), 0.0015010 secs] 13059K->12948K(21888K), 0.0015330 secs] [Times: user=0.01 sys=0.00, real=0.00 secs] 
218.271: Total time for which application threads were stopped: 0.0017940 seconds, Stopping threads took: 0.0002070 seconds
218.348: Application time: 0.0770000 seconds
218.371: [CMS-concurrent-abortable-preclean: 0.000/0.190 secs] [Times: user=1.33 sys=0.02, real=0.19 secs] 
218.389: [GC218.389: [ParNew: 6119K->6119K(6144K), 0.0000130 secs]218.389: [CMS (concurrent mode failure): 12314K->2410K(15744K), 0.0059650 secs] 18434K->2410K(21888K), [CMS Perm : 5141K->5141K(21248K)], 0.0060210 secs] [Times: user=0.01 sys=0.00, real=0.00 secs] 
218.396: Total time for which application threads were stopped: 0.0479010 seconds, Stopping threads took: 0.0418000 seconds
218.397: Application time: 0.0011480 seconds
218.436: [GC218.436: [ParNew: 5466K->628K(6144K), 0.0017440 secs] 7876K->7838K(21888K), 0.0017730 secs] [Times: user=0.01 sys=0.00, real=0.00 secs] 
218.438: Total time for which application threads were stopped: 0.0413820 seconds, Stopping threads took: 0.0395360 seconds
218.438: Application time: 0.0000590 seconds
218.478: [GC [1 CMS-initial-mark: 7209K(15744K)] 8432K(21888K), 0.0000990 secs] [Times: user=0.00 sys=0.00, real=0.00 secs] 
218.478: Total time for which application threads were stopped: 0.0400470 seconds, Stopping threads took: 0.0399260 seconds
218.478: [CMS-concurrent-mark-start]
218.482: [CMS-concurrent-mark: 0.004/0.004 secs] [Times: user=0.02 sys=0.00, real=0.01 secs] 
218.482: [CMS-concurrent-preclean-start]
218.482: [CMS-concurrent-preclean: 0.000/0.000 secs] [Times: user=0.00 sys=0.00, real=0.00 secs] 
218.482: [CMS-concurrent-abortable-preclean-start]
218.565: Application time: 0.0866330 seconds
218.620: [GC218.620: [ParNew: 6015K->14K(6144K), 0.0004000 secs] 13225K->7253K(21888K), 0.0004320 secs] [Times: user=0.00 sys=0.00, real=0.00 secs] 
218.620: Total time for which application threads were stopped: 0.0554840 seconds, Stopping threads took: 0.0549980 seconds
218.621: Application time: 0.0004770 seconds
218.621: [GC218.621: [ParNew: 5499K->602K(6144K), 0.0014250 secs] 12739K->12726K(21888K), 0.0014610 secs] [Times: user=0.01 sys=0.00, real=0.00 secs] 
218.623: Total time for which application threads were stopped: 0.0018170 seconds, Stopping threads took: 0.0003030 seconds
218.701: Application time: 0.0786210 seconds
218.723: [CMS-concurrent-abortable-preclean: 0.000/0.241 secs] [Times: user=1.46 sys=0.05, real=0.24 secs] 
218.741: [GC218.741: [ParNew: 5989K->5989K(6144K), 0.0000120 secs]218.741: [CMS (concurrent mode failure): 12124K->2507K(15744K), 0.0066230 secs] 18114K->2507K(21888K), [CMS Perm : 5141K->5141K(21248K)], 0.0066730 secs] [Times: user=0.01 sys=0.00, real=0.01 secs] 
218.748: Total time for which application threads were stopped: 0.0467120 seconds, Stopping threads took: 0.0399810 seconds
218.749: Application time: 0.0008990 seconds
218.789: [GC218.789: [ParNew: 5387K->596K(6144K), 0.0016550 secs] 7895K->7610K(21888K), 0.0016900 secs] [Times: user=0.00 sys=0.00, real=0.00 secs] 
218.790: Total time for which application threads were stopped: 0.0415140 seconds, Stopping threads took: 0.0397420 seconds
218.790: Application time: 0.0000650 seconds
218.791: [GC [1 CMS-initial-mark: 7014K(15744K)] 8298K(21888K), 0.0001100 secs] [Times: user=0.00 sys=0.00, real=0.00 secs] 
218.791: Total time for which application threads were stopped: 0.0002470 seconds, Stopping threads took: 0.0000920 seconds
218.791: [CMS-concurrent-mark-start]
218.793: [CMS-concurrent-mark: 0.002/0.002 secs] [Times: user=0.00 sys=0.00, real=0.00 secs] 
218.793: [CMS-concurrent-preclean-start]
218.793: [CMS-concurrent-preclean: 0.000/0.000 secs] [Times: user=0.00 sys=0.00, real=0.00 secs] 
218.793: [CMS-concurrent-abortable-preclean-start]
218.882: Application time: 0.0911070 seconds
218.921: [GC218.921: [ParNew: 5983K->598K(6144K), 0.0004750 secs] 12998K->8199K(21888K), 0.0005080 secs] [Times: user=0.01 sys=0.00, real=0.00 secs] 
218.922: Total time for which application threads were stopped: 0.0401390 seconds, Stopping threads took: 0.0395580 seconds
218.922: Application time: 0.0005780 seconds
218.963: [GC218.963: [ParNew: 5986K->596K(6144K), 0.0018350 secs] 13587K->12884K(21888K), 0.0018700 secs] [Times: user=0.02 sys=0.00, real=0.00 secs] 
218.965: Total time for which application threads were stopped: 0.0420210 seconds, Stopping threads took: 0.0400970 seconds
219.042: Application time: 0.0778510 seconds
219.044: [GC219.044: [ParNew: 6062K->6062K(6144K), 0.0000130 secs]219.044: [CMS219.044: [CMS-concurrent-abortable-preclean: 0.000/0.252 secs] [Times: user=1.48 sys=0.05, real=0.25 secs] 
 (concurrent mode failure): 12288K->3582K(15744K), 0.0058600 secs] 18350K->3582K(21888K), [CMS Perm : 5141K->5141K(21248K)], 0.0059270 secs] [Times: user=0.01 sys=0.00, real=0.01 secs] 
219.050: Total time for which application threads were stopped: 0.0079990 seconds, Stopping threads took: 0.0019820 seconds
219.052: Application time: 0.0012720 seconds
219.124: [GC219.124: [ParNew: 5485K->500K(6144K), 0.0013630 secs] 9067K->7020K(21888K), 0.0013950 secs] [Times: user=0.01 sys=0.00, real=0.00 secs] 
219.125: Total time for which application threads were stopped: 0.0738520 seconds, Stopping threads took: 0.0723820 seconds
219.126: Application time: 0.0002090 seconds
219.166: [GC [1 CMS-initial-mark: 6520K(15744K)] 7619K(21888K), 0.0001180 secs] [Times: user=0.00 sys=0.00, real=0.00 secs] 
219.166: Total time for which application threads were stopped: 0.0401760 seconds, Stopping threads took: 0.0400080 seconds
219.166: [CMS-concurrent-mark-start]
219.170: [CMS-concurrent-mark: 0.004/0.004 secs] [Times: user=0.02 sys=0.00, real=0.01 secs] 
219.170: [CMS-concurrent-preclean-start]
219.170: [CMS-concurrent-preclean: 0.000/0.000 secs] [Times: user=0.00 sys=0.00, real=0.00 secs] 
219.170: [CMS-concurrent-abortable-preclean-start]
219.170: Application time: 0.0042510 seconds
219.243: [GC219.243: [ParNew: 5986K->598K(6144K), 0.0006800 secs] 12506K->7902K(21888K), 0.0007180 secs] [Times: user=0.01 sys=0.00, real=0.00 secs] 
219.244: Total time for which application threads were stopped: 0.0740390 seconds, Stopping threads took: 0.0732650 seconds
219.245: Application time: 0.0007030 seconds
219.285: [GC219.285: [ParNew: 5771K->532K(6144K), 0.0014740 secs] 13075K->12530K(21888K), 0.0015090 secs] [Times: user=0.01 sys=0.00, real=0.00 secs] 
219.286: Total time for which application threads were stopped: 0.0414160 seconds, Stopping threads took: 0.0398310 seconds
219.365: Application time: 0.0784400 seconds
219.366: [GC219.366: [ParNew: 6017K->6017K(6144K), 0.0000150 secs]219.366: [CMS219.366: [CMS-concurrent-abortable-preclean: 0.000/0.196 secs] [Times: user=1.13 sys=0.08, real=0.19 secs] 
 (concurrent mode failure): 11997K->3582K(15744K), 0.0069590 secs] 18015K->3582K(21888K), [CMS Perm : 5141K->5141K(21248K)], 0.0070230 secs] [Times: user=0.00 sys=0.00, real=0.01 secs] 
219.373: Total time for which application threads were stopped: 0.0084010 seconds, Stopping threads took: 0.0012760 seconds
219.374: Application time: 0.0012990 seconds
219.416: [GC219.416: [ParNew: 5485K->600K(6144K), 0.0014870 secs] 9067K->8784K(21888K), 0.0015200 secs] [Times: user=0.01 sys=0.00, real=0.00 secs] 
219.418: Total time for which application threads were stopped: 0.0431640 seconds, Stopping threads took: 0.0415540 seconds
219.418: Application time: 0.0001070 seconds
219.470: [GC [1 CMS-initial-mark: 8184K(15744K)] 9283K(21888K), 0.0001070 secs] [Times: user=0.00 sys=0.00, real=0.00 secs] 
219.470: Total time for which application threads were stopped: 0.0524790 seconds, Stopping threads took: 0.0523240 seconds
219.470: [CMS-concurrent-mark-start]
219.474: [CMS-concurrent-mark: 0.004/0.004 secs] [Times: user=0.02 sys=0.00, real=0.00 secs] 
219.474: [CMS-concurrent-preclean-start]
219.474: [CMS-concurrent-preclean: 0.000/0.000 secs] [Times: user=0.00 sys=0.00, real=0.00 secs] 
219.474: [CMS-concurrent-abortable-preclean-start]
219.474: Application time: 0.0041460 seconds
219.547: [GC219.547: [ParNew: 5890K->596K(6144K), 0.0007390 secs] 14075K->9367K(21888K), 0.0007710 secs] [Times: user=0.01 sys=0.00, real=0.01 secs] 
219.548: Total time for which application threads were stopped: 0.0737940 seconds, Stopping threads took: 0.0729690 seconds
219.549: Application time: 0.0007550 seconds
219.606: [GC219.606: [ParNew: 6060K->624K(6144K), 0.0010470 secs] 14831K->12130K(21888K), 0.0010750 secs] [Times: user=0.01 sys=0.00, real=0.00 secs] 
219.607: Total time for which application threads were stopped: 0.0578640 seconds, Stopping threads took: 0.0567390 seconds
219.685: Application time: 0.0780800 seconds
219.686: [GC219.686: [ParNew: 5992K->5992K(6144K), 0.0000150 secs]219.686: [CMS219.686: [CMS-concurrent-abortable-preclean: 0.000/0.212 secs] [Times: user=1.26 sys=0.06, real=0.21 secs] 
 (concurrent mode failure): 11506K->1336K(15744K), 0.0056750 secs] 17498K->1336K(21888K), [CMS Perm : 5141K->5141K(21248K)], 0.0057350 secs] [Times: user=0.01 sys=0.00, real=0.01 secs] 
219.691: Total time for which application threads were stopped: 0.0066050 seconds, Stopping threads took: 0.0008010 seconds
219.692: Application time: 0.0008570 seconds
219.693: [GC219.693: [ParNew: 5485K->602K(6144K), 0.0014680 secs] 6822K->6837K(21888K), 0.0014980 secs] [Times: user=0.01 sys=0.00, real=0.00 secs] 
219.694: Total time for which application threads were stopped: 0.0018930 seconds, Stopping threads took: 0.0003200 seconds
219.694: Application time: 0.0001360 seconds
219.695: [GC [1 CMS-initial-mark: 6235K(15744K)] 8113K(21888K), 0.0001020 secs] [Times: user=0.00 sys=0.00, real=0.00 secs] 
219.695: Total time for which application threads were stopped: 0.0005500 seconds, Stopping threads took: 0.0003990 seconds
219.695: [CMS-concurrent-mark-start]
219.698: [CMS-concurrent-mark: 0.003/0.003 secs] [Times: user=0.01 sys=0.00, real=0.00 secs] 
219.698: [CMS-concurrent-preclean-start]
219.698: [CMS-concurrent-preclean: 0.000/0.000 secs] [Times: user=0.00 sys=0.00, real=0.00 secs] 
219.698: [CMS-concurrent-abortable-preclean-start]
219.788: Application time: 0.0930010 seconds
219.841: [GC219.841: [ParNew: 6087K->207K(6144K), 0.0004700 secs] 12323K->6443K(21888K), 0.0005060 secs] [Times: user=0.01 sys=0.00, real=0.00 secs] 
219.841: Total time for which application threads were stopped: 0.0535510 seconds, Stopping threads took: 0.0529690 seconds
219.842: Application time: 0.0005280 seconds
219.842: [GC219.842: [ParNew: 5693K->600K(6144K), 0.0015620 secs] 11929K->11914K(21888K), 0.0015920 secs] [Times: user=0.01 sys=0.00, real=0.00 secs] 
219.844: Total time for which application threads were stopped: 0.0018640 seconds, Stopping threads took: 0.0002220 seconds
219.921: Application time: 0.0775660 seconds
219.944: [CMS-concurrent-abortable-preclean: 0.000/0.246 secs] [Times: user=1.55 sys=0.04, real=0.25 secs] 
219.969: [GC219.969: [ParNew: 6066K->6066K(6144K), 0.0000130 secs]219.969: [CMS (concurrent mode failure): 11314K->2703K(15744K), 0.0060250 secs] 17380K->2703K(21888K), [CMS Perm : 5141K->5141K(21248K)], 0.0060850 secs] [Times: user=0.01 sys=0.00, real=0.00 secs] 
219.975: Total time for which application threads were stopped: 0.0533910 seconds, Stopping threads took: 0.0472150 seconds
219.976: Application time: 0.0011330 seconds
220.016: [GC220.016: [ParNew: 5485K->504K(6144K), 0.0017270 secs] 8189K->8105K(21888K), 0.0017670 secs] [Times: user=0.01 sys=0.00, real=0.00 secs] 
220.018: Total time for which application threads were stopped: 0.0417020 seconds, Stopping threads took: 0.0398700 seconds
220.018: Application time: 0.0000610 seconds
220.018: [GC [1 CMS-initial-mark: 7600K(15744K)] 8992K(21888K), 0.0000950 secs] [Times: user=0.00 sys=0.00, real=0.00 secs] 
220.018: Total time for which application threads were stopped: 0.0004310 seconds, Stopping threads took: 0.0002890 seconds
220.018: [CMS-concurrent-mark-start]
220.022: [CMS-concurrent-mark: 0.003/0.003 secs] [Times: user=0.02 sys=0.00, real=0.01 secs] 
220.022: [CMS-concurrent-preclean-start]
220.022: [CMS-concurrent-preclean: 0.000/0.000 secs] [Times: user=0.00 sys=0.00, real=0.00 secs] 
220.022: [CMS-concurrent-abortable-preclean-start]
220.106: Application time: 0.0879570 seconds
220.159: [GC220.159: [ParNew: 5892K->402K(6144K), 0.0004230 secs] 13493K->8004K(21888K), 0.0004540 secs] [Times: user=0.00 sys=0.00, real=0.00 secs] 
220.159: Total time for which application threads were stopped: 0.0533110 seconds, Stopping threads took: 0.0527960 seconds
220.160: Application time: 0.0006720 seconds
220.160: [GC220.160: [ParNew: 5869K->532K(6144K), 0.0016180 secs] 13470K->13407K(21888K), 0.0016520 secs] [Times: user=0.02 sys=0.00, real=0.00 secs] 
220.162: Total time for which application threads were stopped: 0.0020100 seconds, Stopping threads took: 0.0003030 seconds
220.240: Application time: 0.0779520 seconds
220.262: [CMS-concurrent-abortable-preclean: 0.000/0.241 secs] [Times: user=1.50 sys=0.04, real=0.24 secs] 
220.280: [GC220.280: [ParNew: 6017K->6017K(6144K), 0.0000120 secs]220.280: [CMS (concurrent mode failure): 12875K->2874K(15744K), 0.0051660 secs] 18893K->2874K(21888K), [CMS Perm : 5141K->5141K(21248K)], 0.0052250 secs] [Times: user=0.01 sys=0.00, real=0.00 secs] 
220.285: Total time for which application threads were stopped: 0.0450970 seconds, Stopping threads took: 0.0398080 seconds
220.286: Application time: 0.0011190 seconds
220.337: [GC220.337: [ParNew: 5446K->626K(6144K), 0.0015620 secs] 8321K->7646K(21888K), 0.0015920 secs] [Times: user=0.01 sys=0.00, real=0.00 secs] 
220.339: Total time for which application threads were stopped: 0.0526820 seconds, Stopping threads took: 0.0510350 seconds
220.339: Application time: 0.0000570 seconds
220.339: [GC [1 CMS-initial-mark: 7020K(15744K)] 8236K(21888K), 0.0000940 secs] [Times: user=0.00 sys=0.00, real=0.00 secs] 
220.339: Total time for which application threads were stopped: 0.0003150 seconds, Stopping threads took: 0.0002000 seconds
220.339: [CMS-concurrent-mark-start]
220.343: [CMS-concurrent-mark: 0.004/0.004 secs] [Times: user=0.01 sys=0.00, real=0.01 secs] 
220.343: [CMS-concurrent-preclean-start]
220.343: [CMS-concurrent-preclean: 0.000/0.000 secs] [Times: user=0.00 sys=0.00, real=0.00 secs] 
220.343: [CMS-concurrent-abortable-preclean-start]
220.418: Application time: 0.0782330 seconds
220.458: [GC220.458: [ParNew: 6014K->402K(6144K), 0.0003640 secs] 13034K->7452K(21888K), 0.0003970 secs] [Times: user=0.00 sys=0.00, real=0.00 secs] 
220.459: Total time for which application threads were stopped: 0.0410560 seconds, Stopping threads took: 0.0406030 seconds
220.459: Application time: 0.0006410 seconds
220.513: [GC220.513: [ParNew: 5886K->504K(6144K), 0.0013100 secs] 12936K->11851K(21888K), 0.0013360 secs] [Times: user=0.01 sys=0.00, real=0.00 secs] 
220.514: Total time for which application threads were stopped: 0.0546250 seconds, Stopping threads took: 0.0532370 seconds
220.591: Application time: 0.0775430 seconds
220.594: [GC220.594: [ParNew: 5892K->5892K(6144K), 0.0000130 secs]220.594: [CMS220.594: [CMS-concurrent-abortable-preclean: 0.001/0.251 secs] [Times: user=1.40 sys=0.06, real=0.25 secs] 
 (concurrent mode failure): 11347K->2899K(15744K), 0.0053220 secs] 17239K->2899K(21888K), [CMS Perm : 5141K->5141K(21248K)], 0.0053870 secs] [Times: user=0.00 sys=0.00, real=0.00 secs] 
220.599: Total time for which application threads were stopped: 0.0078260 seconds, Stopping threads took: 0.0023710 seconds
220.600: Application time: 0.0010470 seconds
220.640: [GC220.640: [ParNew: 5485K->502K(6144K), 0.0016210 secs] 8384K->8103K(21888K), 0.0016610 secs] [Times: user=0.02 sys=0.00, real=0.00 secs] 
220.642: Total time for which application threads were stopped: 0.0414060 seconds, Stopping threads took: 0.0396890 seconds
220.642: Application time: 0.0001370 seconds
220.682: [GC [1 CMS-initial-mark: 7601K(15744K)] 9485K(21888K), 0.0000960 secs] [Times: user=0.00 sys=0.00, real=0.00 secs] 
220.682: Total time for which application threads were stopped: 0.0400190 seconds, Stopping threads took: 0.0398990 seconds
220.682: [CMS-concurrent-mark-start]
220.685: [CMS-concurrent-mark: 0.003/0.003 secs] [Times: user=0.01 sys=0.00, real=0.00 secs] 
220.685: [CMS-concurrent-preclean-start]
220.685: [CMS-concurrent-preclean: 0.000/0.000 secs] [Times: user=0.00 sys=0.00, real=0.00 secs] 
220.686: [CMS-concurrent-abortable-preclean-start]
220.760: Application time: 0.0779230 seconds
220.763: [GC220.763: [ParNew: 5987K->600K(6144K), 0.0007070 secs] 13589K->9373K(21888K), 0.0007460 secs] [Times: user=0.00 sys=0.00, real=0.00 secs] 
220.763: Total time for which application threads were stopped: 0.0036290 seconds, Stopping threads took: 0.0028110 seconds
220.764: Application time: 0.0008700 seconds
220.816: [GC220.816: [ParNew: 5988K->502K(6144K), 0.0015780 secs] 14761K->13768K(21888K), 0.0016130 secs] [Times: user=0.01 sys=0.00, real=0.00 secs] 
220.818: Total time for which application threads were stopped: 0.0535070 seconds, Stopping threads took: 0.0518290 seconds
220.896: Application time: 0.0779890 seconds
220.898: [GC220.898: [ParNew: 5871K->5871K(6144K), 0.0000130 secs]220.898: [CMS220.898: [CMS-concurrent-abortable-preclean: 0.000/0.213 secs] [Times: user=1.38 sys=0.04, real=0.21 secs] 
 (concurrent mode failure): 13266K->2996K(15744K), 0.0061240 secs] 19137K->2996K(21888K), [CMS Perm : 5141K->5141K(21248K)], 0.0061890 secs] [Times: user=0.01 sys=0.00, real=0.01 secs] 
220.904: Total time for which application threads were stopped: 0.0083310 seconds, Stopping threads took: 0.0020520 seconds
220.905: Application time: 0.0010790 seconds
220.945: [GC220.945: [ParNew: 5485K->600K(6144K), 0.0017070 secs] 8482K->8494K(21888K), 0.0017390 secs] [Times: user=0.01 sys=0.00, real=0.00 secs] 
220.947: Total time for which application threads were stopped: 0.0414280 seconds, Stopping threads took: 0.0396220 seconds
220.947: Application time: 0.0000620 seconds
220.947: [GC [1 CMS-initial-mark: 7894K(15744K)] 9281K(21888K), 0.0001090 secs] [Times: user=0.00 sys=0.00, real=0.00 secs] 
220.947: Total time for which application threads were stopped: 0.0002260 seconds, Stopping threads took: 0.0000900 seconds
220.947: [CMS-concurrent-mark-start]
220.951: [CMS-concurrent-mark: 0.004/0.004 secs] [Times: user=0.02 sys=0.00, real=0.01 secs] 
220.951: [CMS-concurrent-preclean-start]
220.951: [CMS-concurrent-preclean: 0.000/0.000 secs] [Times: user=0.00 sys=0.00, real=0.00 secs] 
220.951: [CMS-concurrent-abortable-preclean-start]
221.038: Application time: 0.0909360 seconds
221.093: [GC221.093: [ParNew: 6085K->402K(6144K), 0.0004140 secs] 13979K->8688K(21888K), 0.0004490 secs] [Times: user=0.01 sys=0.00, real=0.00 secs] 
221.093: Total time for which application threads were stopped: 0.0550970 seconds, Stopping threads took: 0.0545850 seconds
221.094: Application time: 0.0006260 seconds
221.133: [GC221.133: [ParNew: 5869K->630K(6144K), 0.0015140 secs] 14154K->13408K(21888K), 0.0015490 secs] [Times: user=0.01 sys=0.00, real=0.00 secs] 
221.135: Total time for which application threads were stopped: 0.0414250 seconds, Stopping threads took: 0.0398240 seconds
221.214: Application time: 0.0786210 seconds
221.216: [GC221.216: [ParNew: 6115K->6115K(6144K), 0.0000140 secs]221.216: [CMS221.216: [CMS-concurrent-abortable-preclean: 0.000/0.266 secs] [Times: user=1.57 sys=0.05, real=0.26 secs] 
 (concurrent mode failure): 12777K->3289K(15744K), 0.0061130 secs] 18893K->3289K(21888K), [CMS Perm : 5141K->5141K(21248K)], 0.0061840 secs] [Times: user=0.00 sys=0.00, real=0.01 secs] 
221.222: Total time for which application threads were stopped: 0.0087720 seconds, Stopping threads took: 0.0025200 seconds
221.224: Application time: 0.0012150 seconds
221.283: [GC221.283: [ParNew: 5485K->500K(6144K), 0.0012310 secs] 8775K->7316K(21888K), 0.0012600 secs] [Times: user=0.01 sys=0.00, real=0.00 secs] 
221.284: Total time for which application threads were stopped: 0.0606820 seconds, Stopping threads took: 0.0593700 seconds
221.284: Application time: 0.0001440 seconds
221.324: [GC [1 CMS-initial-mark: 6815K(15744K)] 8500K(21888K), 0.0000960 secs] [Times: user=0.00 sys=0.00, real=0.00 secs] 
221.324: Total time for which application threads were stopped: 0.0399440 seconds, Stopping threads took: 0.0398220 seconds
221.324: [CMS-concurrent-mark-start]
221.331: [CMS-concurrent-mark: 0.007/0.007 secs] [Times: user=0.02 sys=0.00, real=0.01 secs] 
221.331: [CMS-concurrent-preclean-start]
221.331: [CMS-concurrent-preclean: 0.000/0.000 secs] [Times: user=0.00 sys=0.00, real=0.00 secs] 
221.331: [CMS-concurrent-abortable-preclean-start]
221.410: Application time: 0.0855150 seconds
221.425: [GC221.425: [ParNew: 5986K->12K(6144K), 0.0005040 secs] 12802K->6830K(21888K), 0.0005380 secs] [Times: user=0.00 sys=0.00, real=0.00 secs] 
221.425: Total time for which application threads were stopped: 0.0154830 seconds, Stopping threads took: 0.0148720 seconds
221.426: Application time: 0.0004590 seconds
221.426: [GC221.426: [ParNew: 5497K->602K(6144K), 0.0017630 secs] 12316K->12307K(21888K), 0.0017950 secs] [Times: user=0.01 sys=0.00, real=0.01 secs] 
221.428: Total time for which application threads were stopped: 0.0022740 seconds, Stopping threads took: 0.0004070 seconds
221.505: Application time: 0.0772780 seconds
221.528: [CMS-concurrent-abortable-preclean: 0.000/0.197 secs] [Times: user=1.40 sys=0.02, real=0.20 secs] 
221.547: [GC221.547: [ParNew: 5970K->5970K(6144K), 0.0000120 secs]221.547: [CMS (concurrent mode failure): 11705K->1336K(15744K), 0.0050790 secs] 17675K->1336K(21888K), [CMS Perm : 5141K->5141K(21248K)], 0.0051360 secs] [Times: user=0.00 sys=0.00, real=0.01 secs] 
221.552: Total time for which application threads were stopped: 0.0469150 seconds, Stopping threads took: 0.0417160 seconds
221.553: Application time: 0.0008090 seconds
221.553: [GC221.553: [ParNew: 5368K->628K(6144K), 0.0015630 secs] 6705K->6669K(21888K), 0.0015890 secs] [Times: user=0.01 sys=0.00, real=0.00 secs] 
221.555: Total time for which application threads were stopped: 0.0019060 seconds, Stopping threads took: 0.0002660 seconds
221.555: Application time: 0.0000500 seconds
221.556: [GC [1 CMS-initial-mark: 6040K(15744K)] 7059K(21888K), 0.0000950 secs] [Times: user=0.00 sys=0.00, real=0.00 secs] 
221.556: Total time for which application threads were stopped: 0.0005060 seconds, Stopping threads took: 0.0003640 seconds
221.556: [CMS-concurrent-mark-start]
221.559: [CMS-concurrent-mark: 0.004/0.004 secs] [Times: user=0.01 sys=0.00, real=0.00 secs] 
221.559: [CMS-concurrent-preclean-start]
221.560: [CMS-concurrent-preclean: 0.000/0.000 secs] [Times: user=0.02 sys=0.00, real=0.01 secs] 
221.560: [CMS-concurrent-abortable-preclean-start]
221.648: Application time: 0.0923150 seconds
221.688: [GC221.688: [ParNew: 6113K->8K(6144K), 0.0004510 secs] 12154K->6078K(21888K), 0.0004840 secs] [Times: user=0.00 sys=0.00, real=0.00 secs] 
221.688: Total time for which application threads were stopped: 0.0400980 seconds, Stopping threads took: 0.0395310 seconds
221.689: Application time: 0.0004660 seconds
221.689: [GC221.689: [ParNew: 5493K->602K(6144K), 0.0015710 secs] 11563K->11555K(21888K), 0.0015990 secs] [Times: user=0.01 sys=0.00, real=0.00 secs] 
221.690: Total time for which application threads were stopped: 0.0019780 seconds, Stopping threads took: 0.0003300 seconds
221.768: Application time: 0.0779990 seconds
221.775: [GC221.775: [ParNew: 6087K->6087K(6144K), 0.0000130 secs]221.775: [CMS221.775: [CMS-concurrent-abortable-preclean: 0.000/0.216 secs] [Times: user=1.48 sys=0.02, real=0.21 secs] 
 (concurrent mode failure): 10953K->3680K(15744K), 0.0054110 secs] 17040K->3680K(21888K), [CMS Perm : 5141K->5141K(21248K)], 0.0054760 secs] [Times: user=0.00 sys=0.00, real=0.01 secs] 
221.781: Total time for which application threads were stopped: 0.0121510 seconds, Stopping threads took: 0.0066110 seconds
221.782: Application time: 0.0011950 seconds
221.849: [GC221.849: [ParNew: 5485K->502K(6144K), 0.0016670 secs] 9166K->8294K(21888K), 0.0017020 secs] [Times: user=0.01 sys=0.00, real=0.00 secs] 
221.851: Total time for which application threads were stopped: 0.0690700 seconds, Stopping threads took: 0.0672910 seconds
221.851: Application time: 0.0000480 seconds
221.891: [GC [1 CMS-initial-mark: 7792K(15744K)] 8591K(21888K), 0.0000990 secs] [Times: user=0.00 sys=0.00, real=0.00 secs] 
221.891: Total time for which application threads were stopped: 0.0400240 seconds, Stopping threads took: 0.0398810 seconds
221.891: [CMS-concurrent-mark-start]
221.895: [CMS-concurrent-mark: 0.003/0.003 secs] [Times: user=0.01 sys=0.00, real=0.00 secs] 
221.895: [CMS-concurrent-preclean-start]
221.895: [CMS-concurrent-preclean: 0.000/0.000 secs] [Times: user=0.00 sys=0.00, real=0.00 secs] 
221.895: [CMS-concurrent-abortable-preclean-start]
221.977: Application time: 0.0856390 seconds
221.989: [GC221.989: [ParNew: 5988K->402K(6144K), 0.0004040 secs] 13780K->8197K(21888K), 0.0004370 secs] [Times: user=0.00 sys=0.00, real=0.00 secs] 
221.989: Total time for which application threads were stopped: 0.0123200 seconds, Stopping threads took: 0.0118260 seconds
221.990: Application time: 0.0006360 seconds
222.034: [GC222.034: [ParNew: 5769K->630K(6144K), 0.0010200 secs] 13564K->11359K(21888K), 0.0010500 secs] [Times: user=0.00 sys=0.00, real=0.00 secs] 
222.035: Total time for which application threads were stopped: 0.0454520 seconds, Stopping threads took: 0.0443520 seconds
222.113: Application time: 0.0777250 seconds
222.115: [GC222.115: [ParNew: 6115K->6115K(6144K), 0.0000140 secs]222.115: [CMS222.115: [CMS-concurrent-abortable-preclean: 0.000/0.221 secs] [Times: user=1.46 sys=0.03, real=0.22 secs] 
 (concurrent mode failure): 10729K->1703K(15744K), 0.0058090 secs] 16844K->1703K(21888K), [CMS Perm : 5141K->5141K(21248K)], 0.0058750 secs] [Times: user=0.01 sys=0.00, real=0.01 secs] 
222.121: Total time for which application threads were stopped: 0.0082370 seconds, Stopping threads took: 0.0022760 seconds
222.122: Application time: 0.0008920 seconds
222.122: [GC222.122: [ParNew: 5464K->630K(6144K), 0.0015700 secs] 7167K->7135K(21888K), 0.0015990 secs] [Times: user=0.02 sys=0.00, real=0.00 secs] 
222.124: Total time for which application threads were stopped: 0.0019160 seconds, Stopping threads took: 0.0002650 seconds
222.124: Application time: 0.0000750 seconds
222.124: [GC [1 CMS-initial-mark: 6505K(15744K)] 8512K(21888K), 0.0000930 secs] [Times: user=0.00 sys=0.00, real=0.00 secs] 
222.124: Total time for which application threads were stopped: 0.0005130 seconds, Stopping threads took: 0.0003740 seconds
222.124: [CMS-concurrent-mark-start]
222.128: [CMS-concurrent-mark: 0.003/0.003 secs] [Times: user=0.02 sys=0.00, real=0.01 secs] 
222.128: [CMS-concurrent-preclean-start]
222.128: [CMS-concurrent-preclean: 0.000/0.000 secs] [Times: user=0.00 sys=0.00, real=0.00 secs] 
222.128: [CMS-concurrent-abortable-preclean-start]
222.222: Application time: 0.0980030 seconds
222.270: [GC222.270: [ParNew: 6096K->434K(6144K), 0.0004360 secs] 12601K->6968K(21888K), 0.0016060 secs] [Times: user=0.00 sys=0.00, real=0.00 secs] 
222.271: Total time for which application threads were stopped: 0.0489200 seconds, Stopping threads took: 0.0472080 seconds
222.272: Application time: 0.0006690 seconds
222.272: [GC222.272: [ParNew: 5706K->630K(6144K), 0.0014680 secs] 12240K->12173K(21888K), 0.0015030 secs] [Times: user=0.01 sys=0.00, real=0.00 secs] 
222.274: Total time for which application threads were stopped: 0.0018770 seconds, Stopping threads took: 0.0003200 seconds
222.351: Application time: 0.0775570 seconds
222.374: [CMS-concurrent-abortable-preclean: 0.001/0.246 secs] [Times: user=1.55 sys=0.05, real=0.24 secs] 
222.393: [GC222.393: [ParNew: 6017K->6017K(6144K), 0.0000120 secs]222.393: [CMS (concurrent mode failure): 11543K->2606K(15744K), 0.0059630 secs] 17561K->2606K(21888K), [CMS Perm : 5141K->5141K(21248K)], 0.0060220 secs] [Times: user=0.01 sys=0.00, real=0.00 secs] 
222.399: Total time for which application threads were stopped: 0.0478250 seconds, Stopping threads took: 0.0417190 seconds
222.400: Application time: 0.0010290 seconds
222.440: [GC222.440: [ParNew: 5485K->598K(6144K), 0.0017490 secs] 8092K->8102K(21888K), 0.0017810 secs] [Times: user=0.01 sys=0.00, real=0.00 secs] 
222.442: Total time for which application threads were stopped: 0.0415210 seconds, Stopping threads took: 0.0396870 seconds
222.442: Application time: 0.0000440 seconds
222.442: [GC [1 CMS-initial-mark: 7504K(15744K)] 8399K(21888K), 0.0000880 secs] [Times: user=0.00 sys=0.00, real=0.00 secs] 
222.442: Total time for which application threads were stopped: 0.0002230 seconds, Stopping threads took: 0.0001140 seconds
222.442: [CMS-concurrent-mark-start]
222.446: [CMS-concurrent-mark: 0.004/0.004 secs] [Times: user=0.02 sys=0.00, real=0.00 secs] 
222.446: [CMS-concurrent-preclean-start]
222.446: [CMS-concurrent-preclean: 0.000/0.000 secs] [Times: user=0.00 sys=0.00, real=0.00 secs] 
222.446: [CMS-concurrent-abortable-preclean-start]
222.530: Application time: 0.0874860 seconds
222.570: [GC222.570: [ParNew: 6083K->498K(6144K), 0.0005620 secs] 13587K->8981K(21888K), 0.0005960 secs] [Times: user=0.00 sys=0.00, real=0.00 secs] 
222.571: Total time for which application threads were stopped: 0.0410470 seconds, Stopping threads took: 0.0403900 seconds
222.571: Application time: 0.0007310 seconds
222.613: [GC222.613: [ParNew: 5886K->602K(6144K), 0.0019940 secs] 14369K->14066K(21888K), 0.0020300 secs] [Times: user=0.02 sys=0.00, real=0.00 secs] 
222.615: Total time for which application threads were stopped: 0.0435170 seconds, Stopping threads took: 0.0414310 seconds
222.693: Application time: 0.0783160 seconds
222.715: [CMS-concurrent-abortable-preclean: 0.000/0.269 secs] [Times: user=1.53 sys=0.05, real=0.27 secs] 
222.735: [GC222.735: [ParNew: 5989K->5989K(6144K), 0.0000130 secs]222.735: [CMS (concurrent mode failure): 13464K->1727K(15744K), 0.0053120 secs] 19454K->1727K(21888K), [CMS Perm : 5141K->5141K(21248K)], 0.0053670 secs] [Times: user=0.00 sys=0.00, real=0.01 secs] 
222.740: Total time for which application threads were stopped: 0.0467070 seconds, Stopping threads took: 0.0412590 seconds
222.741: Application time: 0.0008190 seconds
222.741: [GC222.741: [ParNew: 5483K->598K(6144K), 0.0016800 secs] 7211K->7221K(21888K), 0.0017070 secs] [Times: user=0.01 sys=0.00, real=0.00 secs] 
222.743: Total time for which application threads were stopped: 0.0020920 seconds, Stopping threads took: 0.0003230 seconds
222.743: Application time: 0.0000460 seconds
222.743: [GC [1 CMS-initial-mark: 6623K(15744K)] 7611K(21888K), 0.0000990 secs] [Times: user=0.00 sys=0.00, real=0.00 secs] 
222.743: Total time for which application threads were stopped: 0.0004720 seconds, Stopping threads took: 0.0003500 seconds
222.743: [CMS-concurrent-mark-start]
222.747: [CMS-concurrent-mark: 0.003/0.003 secs] [Times: user=0.01 sys=0.00, real=0.00 secs] 
222.747: [CMS-concurrent-preclean-start]
222.747: [CMS-concurrent-preclean: 0.000/0.000 secs] [Times: user=0.00 sys=0.00, real=0.00 secs] 
222.747: [CMS-concurrent-abortable-preclean-start]
222.836: Application time: 0.0927830 seconds
222.877: [GC222.877: [ParNew: 5888K->404K(6144K), 0.0004150 secs] 12511K->7028K(21888K), 0.0004470 secs] [Times: user=0.00 sys=0.00, real=0.00 secs] 
222.877: Total time for which application threads were stopped: 0.0409480 seconds, Stopping threads took: 0.0404370 seconds
222.878: Application time: 0.0007570 seconds
222.878: [GC222.878: [ParNew: 5869K->628K(6144K), 0.0016910 secs] 12492K->12432K(21888K), 0.0017290 secs] [Times: user=0.01 sys=0.00, real=0.01 secs] 
222.880: Total time for which application threads were stopped: 0.0018770 seconds, Stopping threads took: 0.0000820 seconds
222.958: Application time: 0.0779730 seconds
222.980: [CMS-concurrent-abortable-preclean: 0.001/0.233 secs] [Times: user=1.54 sys=0.04, real=0.24 secs] 
222.999: [GC222.999: [ParNew: 6094K->6094K(6144K), 0.0000140 secs]222.999: [CMS (concurrent mode failure): 11804K->1727K(15744K), 0.0065610 secs] 17898K->1727K(21888K), [CMS Perm : 5141K->5141K(21248K)], 0.0066150 secs] [Times: user=0.00 sys=0.00, real=0.01 secs] 
223.005: Total time for which application threads were stopped: 0.0477640 seconds, Stopping threads took: 0.0410640 seconds
223.006: Application time: 0.0009770 seconds
223.007: [GC223.007: [ParNew: 5366K->628K(6144K), 0.0016580 secs] 7094K->7060K(21888K), 0.0016870 secs] [Times: user=0.01 sys=0.00, real=0.01 secs] 
223.009: Total time for which application threads were stopped: 0.0021960 seconds, Stopping threads took: 0.0004370 seconds
223.009: Application time: 0.0000700 seconds
223.009: [GC [1 CMS-initial-mark: 6431K(15744K)] 7749K(21888K), 0.0001050 secs] [Times: user=0.00 sys=0.00, real=0.00 secs] 
223.009: Total time for which application threads were stopped: 0.0005430 seconds, Stopping threads took: 0.0003900 seconds
223.009: [CMS-concurrent-mark-start]
223.013: [CMS-concurrent-mark: 0.004/0.004 secs] [Times: user=0.02 sys=0.00, real=0.00 secs] 
223.013: [CMS-concurrent-preclean-start]
223.013: [CMS-concurrent-preclean: 0.000/0.000 secs] [Times: user=0.00 sys=0.00, real=0.00 secs] 
223.013: [CMS-concurrent-abortable-preclean-start]
223.101: Application time: 0.0914050 seconds
223.158: [GC223.158: [ParNew: 6113K->400K(6144K), 0.0003410 secs] 12545K->6861K(21888K), 0.0003750 secs] [Times: user=0.00 sys=0.00, real=0.00 secs] 
223.158: Total time for which application threads were stopped: 0.0577590 seconds, Stopping threads took: 0.0573040 seconds
223.159: Application time: 0.0007030 seconds
223.159: [GC223.159: [ParNew: 5786K->600K(6144K), 0.0015660 secs] 12248K->12237K(21888K), 0.0016000 secs] [Times: user=0.01 sys=0.00, real=0.01 secs] 
223.161: Total time for which application threads were stopped: 0.0018760 seconds, Stopping threads took: 0.0002230 seconds
223.239: Application time: 0.0776820 seconds
223.261: [CMS-concurrent-abortable-preclean: 0.001/0.248 secs] [Times: user=1.52 sys=0.06, real=0.25 secs] 
223.280: [GC223.280: [ParNew: 6085K->6085K(6144K), 0.0000130 secs]223.280: [CMS (concurrent mode failure): 11637K->2899K(15744K), 0.0060650 secs] 17723K->2899K(21888K), [CMS Perm : 5141K->5141K(21248K)], 0.0061230 secs] [Times: user=0.00 sys=0.00, real=0.00 secs] 
223.286: Total time for which application threads were stopped: 0.0472490 seconds, Stopping threads took: 0.0410430 seconds
223.287: Application time: 0.0011830 seconds
223.338: [GC223.338: [ParNew: 5485K->598K(6144K), 0.0016810 secs] 8385K->7807K(21888K), 0.0017140 secs] [Times: user=0.01 sys=0.00, real=0.01 secs] 
223.340: Total time for which application threads were stopped: 0.0530830 seconds, Stopping threads took: 0.0512940 seconds
223.340: Application time: 0.0000570 seconds
223.340: [GC [1 CMS-initial-mark: 7209K(15744K)] 8494K(21888K), 0.0001020 secs] [Times: user=0.00 sys=0.00, real=0.00 secs] 
223.341: Total time for which application threads were stopped: 0.0002510 seconds, Stopping threads took: 0.0001010 seconds
223.341: [CMS-concurrent-mark-start]
223.344: [CMS-concurrent-mark: 0.004/0.004 secs] [Times: user=0.02 sys=0.00, real=0.00 secs] 
223.344: [CMS-concurrent-preclean-start]
223.344: [CMS-concurrent-preclean: 0.000/0.000 secs] [Times: user=0.00 sys=0.00, real=0.00 secs] 
223.344: [CMS-concurrent-abortable-preclean-start]
223.429: Application time: 0.0880250 seconds
223.481: [GC223.481: [ParNew: 5790K->402K(6144K), 0.0005990 secs] 12999K->7614K(21888K), 0.0006330 secs] [Times: user=0.00 sys=0.00, real=0.00 secs] 
223.482: Total time for which application threads were stopped: 0.0533260 seconds, Stopping threads took: 0.0526100 seconds
223.482: Application time: 0.0006050 seconds
223.483: [GC223.483: [ParNew: 5869K->628K(6144K), 0.0016590 secs] 13080K->13018K(21888K), 0.0017000 secs] [Times: user=0.02 sys=0.00, real=0.00 secs] 
223.485: Total time for which application threads were stopped: 0.0020690 seconds, Stopping threads took: 0.0003160 seconds
223.563: Application time: 0.0784040 seconds
223.585: [CMS-concurrent-abortable-preclean: 0.000/0.240 secs] [Times: user=1.45 sys=0.05, real=0.24 secs] 
223.603: [GC223.603: [ParNew: 6113K->6113K(6144K), 0.0000120 secs]223.603: [CMS (concurrent mode failure): 12389K->2900K(15744K), 0.0067310 secs] 18503K->2900K(21888K), [CMS Perm : 5141K->5141K(21248K)], 0.0067850 secs] [Times: user=0.01 sys=0.00, real=0.01 secs] 
223.610: Total time for which application threads were stopped: 0.0472020 seconds, Stopping threads took: 0.0403550 seconds
223.611: Application time: 0.0011660 seconds
223.667: [GC223.667: [ParNew: 5485K->598K(6144K), 0.0013440 secs] 8385K->7612K(21888K), 0.0013760 secs] [Times: user=0.01 sys=0.00, real=0.01 secs] 
223.668: Total time for which application threads were stopped: 0.0566450 seconds, Stopping threads took: 0.0551950 seconds
223.668: Application time: 0.0000440 seconds
223.668: [GC [1 CMS-initial-mark: 7014K(15744K)] 7909K(21888K), 0.0000920 secs] [Times: user=0.00 sys=0.00, real=0.00 secs] 
223.668: Total time for which application threads were stopped: 0.0002180 seconds, Stopping threads took: 0.0001020 seconds
223.668: [CMS-concurrent-mark-start]
223.675: [CMS-concurrent-mark: 0.007/0.007 secs] [Times: user=0.03 sys=0.00, real=0.00 secs] 
223.675: [CMS-concurrent-preclean-start]
223.675: [CMS-concurrent-preclean: 0.000/0.000 secs] [Times: user=0.00 sys=0.00, real=0.00 secs] 
223.675: [CMS-concurrent-abortable-preclean-start]
223.753: Application time: 0.0849160 seconds
223.764: [GC223.764: [ParNew: 6083K->602K(6144K), 0.0008340 secs] 13097K->8788K(21888K), 0.0008720 secs] [Times: user=0.01 sys=0.00, real=0.00 secs] 
223.765: Total time for which application threads were stopped: 0.0114590 seconds, Stopping threads took: 0.0105250 seconds
223.766: Application time: 0.0008730 seconds
223.819: [GC223.819: [ParNew: 6087K->600K(6144K), 0.0015310 secs] 14274K->13281K(21888K), 0.0015690 secs] [Times: user=0.01 sys=0.01, real=0.01 secs] 
223.821: Total time for which application threads were stopped: 0.0554990 seconds, Stopping threads took: 0.0538730 seconds
223.899: Application time: 0.0778270 seconds
223.902: [GC223.902: [ParNew: 6085K->6085K(6144K), 0.0000130 secs]223.902: [CMS223.902: [CMS-concurrent-abortable-preclean: 0.000/0.226 secs] [Times: user=1.46 sys=0.05, real=0.23 secs] 
 (concurrent mode failure): 12681K->3290K(15744K), 0.0054720 secs] 18766K->3290K(21888K), [CMS Perm : 5141K->5141K(21248K)], 0.0055380 secs] [Times: user=0.00 sys=0.00, real=0.00 secs] 
223.907: Total time for which application threads were stopped: 0.0084930 seconds, Stopping threads took: 0.0028840 seconds
223.909: Application time: 0.0012400 seconds
223.965: [GC223.965: [ParNew: 5368K->630K(6144K), 0.0015650 secs] 8659K->8230K(21888K), 0.0015970 secs] [Times: user=0.01 sys=0.00, real=0.00 secs] 
223.966: Total time for which application threads were stopped: 0.0579100 seconds, Stopping threads took: 0.0562580 seconds
223.967: Application time: 0.0000660 seconds
223.967: [GC [1 CMS-initial-mark: 7599K(15744K)] 9111K(21888K), 0.0001100 secs] [Times: user=0.00 sys=0.00, real=0.00 secs] 
223.967: Total time for which application threads were stopped: 0.0003240 seconds, Stopping threads took: 0.0001880 seconds
223.967: [CMS-concurrent-mark-start]
223.970: [CMS-concurrent-mark: 0.003/0.003 secs] [Times: user=0.01 sys=0.00, real=0.01 secs] 
223.970: [CMS-concurrent-preclean-start]
223.970: [CMS-concurrent-preclean: 0.000/0.000 secs] [Times: user=0.00 sys=0.00, real=0.00 secs] 
223.970: [CMS-concurrent-abortable-preclean-start]
224.052: Application time: 0.0849750 seconds
224.061: [GC224.061: [ParNew: 6115K->600K(6144K), 0.0009220 secs] 13715K->9600K(21888K), 0.0009600 secs] [Times: user=0.01 sys=0.00, real=0.00 secs] 
224.062: Total time for which application threads were stopped: 0.0100060 seconds, Stopping threads took: 0.0089750 seconds
224.063: Application time: 0.0008910 seconds
224.131: [GC224.131: [ParNew: 6083K->598K(6144K), 0.0015960 secs] 15084K->13212K(21888K), 0.0016410 secs] [Times: user=0.01 sys=0.00, real=0.00 secs] 
224.133: Total time for which application threads were stopped: 0.0703570 seconds, Stopping threads took: 0.0686550 seconds
224.211: Application time: 0.0779690 seconds
224.216: [GC224.216: [ParNew: 5947K->5947K(6144K), 0.0000150 secs]224.216: [CMS224.216: [CMS-concurrent-abortable-preclean: 0.000/0.246 secs] [Times: user=1.53 sys=0.05, real=0.24 secs] 
 (concurrent mode failure): 12614K->2118K(15744K), 0.0066650 secs] 18561K->2118K(21888K), [CMS Perm : 5141K->5141K(21248K)], 0.0067310 secs] [Times: user=0.01 sys=0.00, real=0.01 secs] 
224.223: Total time for which application threads were stopped: 0.0115510 seconds, Stopping threads took: 0.0047280 seconds
224.224: Application time: 0.0008930 seconds
224.224: [GC224.224: [ParNew: 5386K->602K(6144K), 0.0014130 secs] 7504K->7522K(21888K), 0.0014430 secs] [Times: user=0.01 sys=0.00, real=0.00 secs] 
224.226: Total time for which application threads were stopped: 0.0020290 seconds, Stopping threads took: 0.0005100 seconds
224.226: Application time: 0.0000450 seconds
224.226: [GC [1 CMS-initial-mark: 6920K(15744K)] 7913K(21888K), 0.0001030 secs] [Times: user=0.00 sys=0.00, real=0.00 secs] 
224.226: Total time for which application threads were stopped: 0.0004580 seconds, Stopping threads took: 0.0003300 seconds
224.226: [CMS-concurrent-mark-start]
224.230: [CMS-concurrent-mark: 0.004/0.004 secs] [Times: user=0.02 sys=0.00, real=0.01 secs] 
224.230: [CMS-concurrent-preclean-start]
224.230: [CMS-concurrent-preclean: 0.000/0.000 secs] [Times: user=0.00 sys=0.00, real=0.00 secs] 
224.230: [CMS-concurrent-abortable-preclean-start]
224.319: Application time: 0.0931170 seconds
224.360: [GC224.360: [ParNew: 5989K->402K(6144K), 0.0005210 secs] 12910K->7714K(21888K), 0.0005560 secs] [Times: user=0.00 sys=0.00, real=0.00 secs] 
224.361: Total time for which application threads were stopped: 0.0414190 seconds, Stopping threads took: 0.0407990 seconds
224.361: Application time: 0.0007210 seconds
224.401: [GC224.401: [ParNew: 5869K->630K(6144K), 0.0018350 secs] 13181K->12434K(21888K), 0.0018740 secs] [Times: user=0.01 sys=0.00, real=0.00 secs] 
224.403: Total time for which application threads were stopped: 0.0418130 seconds, Stopping threads took: 0.0398570 seconds
224.488: Application time: 0.0852040 seconds
224.491: [GC224.491: [ParNew: 6017K->6017K(6144K), 0.0000130 secs]224.491: [CMS224.491: [CMS-concurrent-abortable-preclean: 0.000/0.261 secs] [Times: user=1.59 sys=0.06, real=0.26 secs] 
 (concurrent mode failure): 11804K->3193K(15744K), 0.0053060 secs] 17822K->3193K(21888K), [CMS Perm : 5141K->5141K(21248K)], 0.0053730 secs] [Times: user=0.01 sys=0.00, real=0.00 secs] 
224.497: Total time for which application threads were stopped: 0.0083200 seconds, Stopping threads took: 0.0028540 seconds
224.498: Application time: 0.0010490 seconds
224.538: [GC224.538: [ParNew: 5485K->500K(6144K), 0.0016480 secs] 8678K->8393K(21888K), 0.0016880 secs] [Times: user=0.01 sys=0.00, real=0.00 secs] 
224.539: Total time for which application threads were stopped: 0.0415320 seconds, Stopping threads took: 0.0397750 seconds
224.539: Application time: 0.0000590 seconds
224.539: [GC [1 CMS-initial-mark: 7893K(15744K)] 9079K(21888K), 0.0000980 secs] [Times: user=0.00 sys=0.00, real=0.00 secs] 
224.540: Total time for which application threads were stopped: 0.0002270 seconds, Stopping threads took: 0.0000980 seconds
224.540: [CMS-concurrent-mark-start]
224.543: [CMS-concurrent-mark: 0.003/0.003 secs] [Times: user=0.02 sys=0.00, real=0.00 secs] 
224.543: [CMS-concurrent-preclean-start]
224.543: [CMS-concurrent-preclean: 0.000/0.000 secs] [Times: user=0.00 sys=0.00, real=0.00 secs] 
224.543: [CMS-concurrent-abortable-preclean-start]
224.625: Application time: 0.0855620 seconds
224.665: [GC224.665: [ParNew: 5868K->432K(6144K), 0.0003940 secs] 13762K->8717K(21888K), 0.0004280 secs] [Times: user=0.00 sys=0.00, real=0.00 secs] 
224.666: Total time for which application threads were stopped: 0.0404440 seconds, Stopping threads took: 0.0399250 seconds
224.666: Application time: 0.0005470 seconds
224.706: [GC224.706: [ParNew: 5820K->602K(6144K), 0.0016190 secs] 14105K->13411K(21888K), 0.0016540 secs] [Times: user=0.01 sys=0.00, real=0.01 secs] 
224.708: Total time for which application threads were stopped: 0.0417690 seconds, Stopping threads took: 0.0400620 seconds
224.786: Application time: 0.0783290 seconds
224.808: [CMS-concurrent-abortable-preclean: 0.000/0.265 secs] [Times: user=1.49 sys=0.07, real=0.27 secs] 
224.831: [GC224.831: [ParNew: 5989K->5989K(6144K), 0.0000140 secs]224.831: [CMS (concurrent mode failure): 12809K->2118K(15744K), 0.0058700 secs] 18799K->2118K(21888K), [CMS Perm : 5141K->5141K(21248K)], 0.0059260 secs] [Times: user=0.01 sys=0.00, real=0.00 secs] 
224.837: Total time for which application threads were stopped: 0.0511940 seconds, Stopping threads took: 0.0451980 seconds
224.838: Application time: 0.0008850 seconds
224.878: [GC224.878: [ParNew: 5388K->600K(6144K), 0.0014150 secs] 7507K->7225K(21888K), 0.0014470 secs] [Times: user=0.01 sys=0.00, real=0.01 secs] 
224.880: Total time for which application threads were stopped: 0.0414460 seconds, Stopping threads took: 0.0399460 seconds
224.880: Application time: 0.0000360 seconds
224.880: [GC [1 CMS-initial-mark: 6625K(15744K)] 7616K(21888K), 0.0001010 secs] [Times: user=0.00 sys=0.00, real=0.00 secs] 
224.880: Total time for which application threads were stopped: 0.0004660 seconds, Stopping threads took: 0.0003180 seconds
224.880: [CMS-concurrent-mark-start]
224.884: [CMS-concurrent-mark: 0.003/0.003 secs] [Times: user=0.02 sys=0.00, real=0.00 secs] 
224.884: [CMS-concurrent-preclean-start]
224.884: [CMS-concurrent-preclean: 0.000/0.000 secs] [Times: user=0.00 sys=0.00, real=0.00 secs] 
224.884: [CMS-concurrent-abortable-preclean-start]
224.968: Application time: 0.0875460 seconds
225.008: [GC225.008: [ParNew: 6066K->430K(6144K), 0.0006960 secs] 12691K->7447K(21888K), 0.0007320 secs] [Times: user=0.01 sys=0.00, real=0.00 secs] 
225.009: Total time for which application threads were stopped: 0.0412290 seconds, Stopping threads took: 0.0404200 seconds
225.010: Application time: 0.0006010 seconds
225.061: [GC225.061: [ParNew: 5819K->602K(6144K), 0.0014930 secs] 12836K->12142K(21888K), 0.0015300 secs] [Times: user=0.02 sys=0.00, real=0.00 secs] 
225.063: Total time for which application threads were stopped: 0.0530900 seconds, Stopping threads took: 0.0514840 seconds
225.141: Application time: 0.0778580 seconds
225.163: [CMS-concurrent-abortable-preclean: 0.000/0.279 secs] [Times: user=1.52 sys=0.06, real=0.28 secs] 
225.181: [GC225.181: [ParNew: 5989K->5989K(6144K), 0.0000120 secs]225.181: [CMS (concurrent mode failure): 11540K->2119K(15744K), 0.0058880 secs] 17529K->2119K(21888K), [CMS Perm : 5141K->5141K(21248K)], 0.0059460 secs] [Times: user=0.00 sys=0.00, real=0.00 secs] 
225.187: Total time for which application threads were stopped: 0.0466160 seconds, Stopping threads took: 0.0405780 seconds
225.188: Application time: 0.0011180 seconds
225.229: [GC225.229: [ParNew: 5349K->632K(6144K), 0.0017290 secs] 7468K->7086K(21888K), 0.0017580 secs] [Times: user=0.01 sys=0.00, real=0.00 secs] 
225.231: Total time for which application threads were stopped: 0.0424960 seconds, Stopping threads took: 0.0406760 seconds
225.231: Application time: 0.0000410 seconds
225.231: [GC [1 CMS-initial-mark: 6454K(15744K)] 7774K(21888K), 0.0001100 secs] [Times: user=0.00 sys=0.00, real=0.00 secs] 
225.231: Total time for which application threads were stopped: 0.0003510 seconds, Stopping threads took: 0.0001940 seconds
225.231: [CMS-concurrent-mark-start]
225.235: [CMS-concurrent-mark: 0.003/0.003 secs] [Times: user=0.00 sys=0.00, real=0.00 secs] 
225.235: [CMS-concurrent-preclean-start]
225.235: [CMS-concurrent-preclean: 0.000/0.000 secs] [Times: user=0.00 sys=0.00, real=0.00 secs] 
225.235: [CMS-concurrent-abortable-preclean-start]
225.317: Application time: 0.0862480 seconds
225.370: [GC225.371: [ParNew: 5824K->400K(6144K), 0.0005980 secs] 12279K->6890K(21888K), 0.0006400 secs] [Times: user=0.01 sys=0.00, real=0.00 secs] 
225.371: Total time for which application threads were stopped: 0.0537020 seconds, Stopping threads took: 0.0529940 seconds
225.372: Application time: 0.0006590 seconds
225.372: [GC225.372: [ParNew: 5886K->600K(6144K), 0.0016720 secs] 12376K->12364K(21888K), 0.0017030 secs] [Times: user=0.01 sys=0.00, real=0.00 secs] 
225.374: Total time for which application threads were stopped: 0.0021580 seconds, Stopping threads took: 0.0004030 seconds
225.452: Application time: 0.0779460 seconds
225.474: [CMS-concurrent-abortable-preclean: 0.000/0.240 secs] [Times: user=1.45 sys=0.05, real=0.24 secs] 
225.493: [GC225.493: [ParNew: 5987K->5987K(6144K), 0.0000130 secs]225.493: [CMS (concurrent mode failure): 11763K->2900K(15744K), 0.0060540 secs] 17751K->2900K(21888K), [CMS Perm : 5141K->5141K(21248K)], 0.0061120 secs] [Times: user=0.01 sys=0.00, real=0.00 secs] 
225.499: Total time for which application threads were stopped: 0.0468580 seconds, Stopping threads took: 0.0406640 seconds
225.500: Application time: 0.0009800 seconds
225.540: [GC225.540: [ParNew: 5485K->504K(6144K), 0.0016090 secs] 8386K->8107K(21888K), 0.0016410 secs] [Times: user=0.01 sys=0.00, real=0.00 secs] 
225.541: Total time for which application threads were stopped: 0.0415380 seconds, Stopping threads took: 0.0398250 seconds
225.541: Application time: 0.0000400 seconds
225.542: [GC [1 CMS-initial-mark: 7602K(15744K)] 8404K(21888K), 0.0000920 secs] [Times: user=0.00 sys=0.00, real=0.00 secs] 
225.542: Total time for which application threads were stopped: 0.0002780 seconds, Stopping threads took: 0.0001660 seconds
225.542: [CMS-concurrent-mark-start]
225.545: [CMS-concurrent-mark: 0.004/0.004 secs] [Times: user=0.02 sys=0.00, real=0.00 secs] 
225.545: [CMS-concurrent-preclean-start]
225.545: [CMS-concurrent-preclean: 0.000/0.000 secs] [Times: user=0.00 sys=0.00, real=0.00 secs] 
225.545: [CMS-concurrent-abortable-preclean-start]
225.637: Application time: 0.0951790 seconds
225.692: [GC225.692: [ParNew: 5697K->398K(6144K), 0.0003480 secs] 13299K->8001K(21888K), 0.0003830 secs] [Times: user=0.00 sys=0.00, real=0.00 secs] 
225.693: Total time for which application threads were stopped: 0.0557640 seconds, Stopping threads took: 0.0552980 seconds
225.693: Application time: 0.0005240 seconds
225.694: [GC225.694: [ParNew: 5689K->600K(6144K), 0.0015520 secs] 13292K->13283K(21888K), 0.0015840 secs] [Times: user=0.01 sys=0.00, real=0.00 secs] 
225.695: Total time for which application threads were stopped: 0.0021420 seconds, Stopping threads took: 0.0004840 seconds
225.774: Application time: 0.0783830 seconds
225.796: [CMS-concurrent-abortable-preclean: 0.001/0.250 secs] [Times: user=1.59 sys=0.04, real=0.25 secs] 
225.814: [GC225.814: [ParNew: 6085K->6085K(6144K), 0.0000130 secs]225.814: [CMS (concurrent mode failure): 12683K->2802K(15744K), 0.0059510 secs] 18769K->2802K(21888K), [CMS Perm : 5141K->5141K(21248K)], 0.0060060 secs] [Times: user=0.01 sys=0.00, real=0.01 secs] 
225.820: Total time for which application threads were stopped: 0.0459980 seconds, Stopping threads took: 0.0399320 seconds
225.821: Application time: 0.0009860 seconds
225.860: [GC225.860: [ParNew: 5387K->598K(6144K), 0.0016040 secs] 8190K->8200K(21888K), 0.0016330 secs] [Times: user=0.01 sys=0.00, real=0.00 secs] 
225.862: Total time for which application threads were stopped: 0.0414300 seconds, Stopping threads took: 0.0397440 seconds
225.862: Application time: 0.0000550 seconds
225.862: [GC [1 CMS-initial-mark: 7602K(15744K)] 8691K(21888K), 0.0000970 secs] [Times: user=0.00 sys=0.00, real=0.00 secs] 
225.862: Total time for which application threads were stopped: 0.0002040 seconds, Stopping threads took: 0.0000820 seconds
225.862: [CMS-concurrent-mark-start]
225.866: [CMS-concurrent-mark: 0.004/0.004 secs] [Times: user=0.02 sys=0.00, real=0.00 secs] 
225.866: [CMS-concurrent-preclean-start]
225.866: [CMS-concurrent-preclean: 0.000/0.000 secs] [Times: user=0.00 sys=0.00, real=0.00 secs] 
225.866: [CMS-concurrent-abortable-preclean-start]
225.954: Application time: 0.0919190 seconds
225.999: [GC225.999: [ParNew: 5985K->404K(6144K), 0.0005380 secs] 13588K->8007K(21888K), 0.0005730 secs] [Times: user=0.01 sys=0.00, real=0.01 secs] 
226.000: Total time for which application threads were stopped: 0.0454450 seconds, Stopping threads took: 0.0447960 seconds
226.000: Application time: 0.0005120 seconds
226.001: [GC226.001: [ParNew: 5888K->600K(6144K), 0.0018180 secs] 13491K->13479K(21888K), 0.0018510 secs] [Times: user=0.01 sys=0.00, real=0.00 secs] 
226.003: Total time for which application threads were stopped: 0.0023980 seconds, Stopping threads took: 0.0004710 seconds
226.081: Application time: 0.0787120 seconds
226.103: [CMS-concurrent-abortable-preclean: 0.000/0.237 secs] [Times: user=1.51 sys=0.04, real=0.24 secs] 
226.121: [GC226.121: [ParNew: 5948K->5948K(6144K), 0.0000130 secs]226.121: [CMS (concurrent mode failure): 12878K->2705K(15744K), 0.0067470 secs] 18827K->2705K(21888K), [CMS Perm : 5141K->5141K(21248K)], 0.0068020 secs] [Times: user=0.01 sys=0.00, real=0.01 secs] 
226.128: Total time for which application threads were stopped: 0.0469250 seconds, Stopping threads took: 0.0400400 seconds
226.129: Application time: 0.0010340 seconds
226.169: [GC226.169: [ParNew: 5485K->598K(6144K), 0.0017890 secs] 8190K->7907K(21888K), 0.0018220 secs] [Times: user=0.01 sys=0.00, real=0.00 secs] 
226.171: Total time for which application threads were stopped: 0.0419710 seconds, Stopping threads took: 0.0400900 seconds
226.171: Application time: 0.0000910 seconds
226.211: [GC [1 CMS-initial-mark: 7309K(15744K)] 8794K(21888K), 0.0000930 secs] [Times: user=0.00 sys=0.00, real=0.00 secs] 
226.211: Total time for which application threads were stopped: 0.0400190 seconds, Stopping threads took: 0.0398750 seconds
226.211: [CMS-concurrent-mark-start]
226.215: [CMS-concurrent-mark: 0.004/0.004 secs] [Times: user=0.00 sys=0.01, real=0.00 secs] 
226.215: [CMS-concurrent-preclean-start]
226.215: [CMS-concurrent-preclean: 0.000/0.000 secs] [Times: user=0.00 sys=0.00, real=0.00 secs] 
226.215: [CMS-concurrent-abortable-preclean-start]
226.300: Application time: 0.0882250 seconds
226.356: [GC226.356: [ParNew: 6064K->432K(6144K), 0.0003220 secs] 13374K->7743K(21888K), 0.0003550 secs] [Times: user=0.00 sys=0.00, real=0.00 secs] 
226.356: Total time for which application threads were stopped: 0.0569090 seconds, Stopping threads took: 0.0564790 seconds
226.357: Application time: 0.0005720 seconds
226.357: [GC226.358: [ParNew: 5799K->630K(6144K), 0.0016390 secs] 13109K->13049K(21888K), 0.0016730 secs] [Times: user=0.01 sys=0.00, real=0.00 secs] 
226.359: Total time for which application threads were stopped: 0.0021180 seconds, Stopping threads took: 0.0003930 seconds
226.438: Application time: 0.0786330 seconds
226.438: [GC226.438: [ParNew: 6115K->6115K(6144K), 0.0000150 secs]226.438: [CMS226.438: [CMS-concurrent-abortable-preclean: 0.000/0.223 secs] [Times: user=1.44 sys=0.03, real=0.22 secs] 
 (concurrent mode failure): 12419K->3877K(15744K), 0.0062030 secs] 18534K->3877K(21888K), [CMS Perm : 5141K->5141K(21248K)], 0.0062690 secs] [Times: user=0.00 sys=0.00, real=0.01 secs] 
226.444: Total time for which application threads were stopped: 0.0064950 seconds, Stopping threads took: 0.0001590 seconds
226.446: Application time: 0.0012860 seconds
226.519: [GC226.519: [ParNew: 5485K->594K(6144K), 0.0013710 secs] 9362K->7604K(21888K), 0.0014060 secs] [Times: user=0.01 sys=0.00, real=0.01 secs] 
226.520: Total time for which application threads were stopped: 0.0747720 seconds, Stopping threads took: 0.0732880 seconds
226.521: Application time: 0.0001940 seconds
226.521: [GC [1 CMS-initial-mark: 7010K(15744K)] 8396K(21888K), 0.0001070 secs] [Times: user=0.00 sys=0.00, real=0.00 secs] 
226.521: Total time for which application threads were stopped: 0.0003410 seconds, Stopping threads took: 0.0001900 seconds
226.521: [CMS-concurrent-mark-start]
226.527: [CMS-concurrent-mark: 0.006/0.006 secs] [Times: user=0.02 sys=0.00, real=0.00 secs] 
226.527: [CMS-concurrent-preclean-start]
226.527: [CMS-concurrent-preclean: 0.000/0.000 secs] [Times: user=0.03 sys=0.00, real=0.01 secs] 
226.527: [CMS-concurrent-abortable-preclean-start]
226.605: Application time: 0.0843320 seconds
226.614: [GC226.614: [ParNew: 5884K->402K(6144K), 0.0005960 secs] 12895K->7415K(21888K), 0.0006310 secs] [Times: user=0.00 sys=0.00, real=0.00 secs] 
226.614: Total time for which application threads were stopped: 0.0090790 seconds, Stopping threads took: 0.0083690 seconds
226.615: Application time: 0.0006350 seconds
226.662: [GC226.662: [ParNew: 5867K->628K(6144K), 0.0014520 secs] 12880K->11747K(21888K), 0.0014880 secs] [Times: user=0.00 sys=0.00, real=0.00 secs] 
226.664: Total time for which application threads were stopped: 0.0486150 seconds, Stopping threads took: 0.0470530 seconds
226.741: Application time: 0.0770250 seconds
226.764: [CMS-concurrent-abortable-preclean: 0.000/0.236 secs] [Times: user=1.38 sys=0.06, real=0.23 secs] 
226.782: [GC226.782: [ParNew: 6016K->6016K(6144K), 0.0000120 secs]226.782: [CMS (concurrent mode failure): 11118K->1728K(15744K), 0.0061400 secs] 17135K->1728K(21888K), [CMS Perm : 5141K->5141K(21248K)], 0.0061960 secs] [Times: user=0.00 sys=0.00, real=0.01 secs] 
226.788: Total time for which application threads were stopped: 0.0476670 seconds, Stopping threads took: 0.0414030 seconds
226.789: Application time: 0.0008660 seconds
226.790: [GC226.790: [ParNew: 5388K->602K(6144K), 0.0015540 secs] 7117K->7132K(21888K), 0.0015790 secs] [Times: user=0.01 sys=0.00, real=0.00 secs] 
226.791: Total time for which application threads were stopped: 0.0019530 seconds, Stopping threads took: 0.0003250 seconds
226.791: Application time: 0.0000500 seconds
226.791: [GC [1 CMS-initial-mark: 6530K(15744K)] 8111K(21888K), 0.0000940 secs] [Times: user=0.00 sys=0.00, real=0.00 secs] 
226.792: Total time for which application threads were stopped: 0.0003790 seconds, Stopping threads took: 0.0002550 seconds
226.792: [CMS-concurrent-mark-start]
226.795: [CMS-concurrent-mark: 0.003/0.003 secs] [Times: user=0.01 sys=0.00, real=0.00 secs] 
226.795: [CMS-concurrent-preclean-start]
226.795: [CMS-concurrent-preclean: 0.000/0.000 secs] [Times: user=0.00 sys=0.00, real=0.00 secs] 
226.795: [CMS-concurrent-abortable-preclean-start]
226.882: Application time: 0.0906420 seconds
226.927: [GC226.927: [ParNew: 5989K->398K(6144K), 0.0006180 secs] 12520K->6930K(21888K), 0.0006520 secs] [Times: user=0.00 sys=0.00, real=0.01 secs] 
226.928: Total time for which application threads were stopped: 0.0455770 seconds, Stopping threads took: 0.0448670 seconds
226.928: Application time: 0.0006030 seconds
226.929: [GC226.929: [ParNew: 5669K->628K(6144K), 0.0017440 secs] 12201K->12140K(21888K), 0.0017770 secs] [Times: user=0.01 sys=0.00, real=0.00 secs] 
226.931: Total time for which application threads were stopped: 0.0021900 seconds, Stopping threads took: 0.0003370 seconds
227.008: Application time: 0.0771840 seconds
227.010: [GC227.010: [ParNew: 6015K->6015K(6144K), 0.0000130 secs]227.010: [CMS227.010: [CMS-concurrent-abortable-preclean: 0.000/0.215 secs] [Times: user=1.52 sys=0.03, real=0.22 secs] 
 (concurrent mode failure): 11512K->3682K(15744K), 0.0058080 secs] 17528K->3682K(21888K), [CMS Perm : 5141K->5141K(21248K)], 0.0058730 secs] [Times: user=0.00 sys=0.00, real=0.00 secs] 
227.016: Total time for which application threads were stopped: 0.0083730 seconds, Stopping threads took: 0.0024100 seconds
227.017: Application time: 0.0011990 seconds
227.057: [GC227.057: [ParNew: 5485K->598K(6144K), 0.0015940 secs] 9167K->8589K(21888K), 0.0016260 secs] [Times: user=0.01 sys=0.01, real=0.00 secs] 
227.059: Total time for which application threads were stopped: 0.0414550 seconds, Stopping threads took: 0.0397740 seconds
227.059: Application time: 0.0000800 seconds
227.111: [GC [1 CMS-initial-mark: 7991K(15744K)] 8890K(21888K), 0.0001050 secs] [Times: user=0.00 sys=0.00, real=0.00 secs] 
227.111: Total time for which application threads were stopped: 0.0524130 seconds, Stopping threads took: 0.0522610 seconds
227.111: [CMS-concurrent-mark-start]
227.115: [CMS-concurrent-mark: 0.004/0.004 secs] [Times: user=0.01 sys=0.00, real=0.00 secs] 
227.115: [CMS-concurrent-preclean-start]
227.115: [CMS-concurrent-preclean: 0.000/0.000 secs] [Times: user=0.00 sys=0.00, real=0.00 secs] 
227.115: [CMS-concurrent-abortable-preclean-start]
227.188: Application time: 0.0770410 seconds
227.198: [GC227.198: [ParNew: 6083K->402K(6144K), 0.0003600 secs] 14075K->8394K(21888K), 0.0003960 secs] [Times: user=0.01 sys=0.00, real=0.00 secs] 
227.199: Total time for which application threads were stopped: 0.0105480 seconds, Stopping threads took: 0.0100700 seconds
227.199: Application time: 0.0004830 seconds
227.200: [GC227.200: [ParNew: 5886K->600K(6144K), 0.0016960 secs] 13878K->13869K(21888K), 0.0017260 secs] [Times: user=0.01 sys=0.00, real=0.00 secs] 
227.202: Total time for which application threads were stopped: 0.0022530 seconds, Stopping threads took: 0.0004540 seconds
227.279: Application time: 0.0775360 seconds
227.302: [CMS-concurrent-abortable-preclean: 0.000/0.187 secs] [Times: user=1.29 sys=0.03, real=0.19 secs] 
227.321: [GC227.321: [ParNew: 5987K->5987K(6144K), 0.0000130 secs]227.321: [CMS (concurrent mode failure): 13269K->2900K(15744K), 0.0060150 secs] 19257K->2900K(21888K), [CMS Perm : 5141K->5141K(21248K)], 0.0060760 secs] [Times: user=0.01 sys=0.00, real=0.00 secs] 
227.327: Total time for which application threads were stopped: 0.0479550 seconds, Stopping threads took: 0.0417860 seconds
227.328: Application time: 0.0012410 seconds
227.404: [GC227.404: [ParNew: 5466K->628K(6144K), 0.0098090 secs] 8367K->6664K(21888K), 0.0098410 secs] [Times: user=0.07 sys=0.00, real=0.01 secs] 
227.414: Total time for which application threads were stopped: 0.0856280 seconds, Stopping threads took: 0.0757320 seconds
227.414: Application time: 0.0000520 seconds
227.414: [GC [1 CMS-initial-mark: 6036K(15744K)] 7154K(21888K), 0.0000890 secs] [Times: user=0.00 sys=0.00, real=0.00 secs] 
227.414: Total time for which application threads were stopped: 0.0001500 seconds, Stopping threads took: 0.0000390 seconds
227.414: [CMS-concurrent-mark-start]
227.418: [CMS-concurrent-mark: 0.004/0.004 secs] [Times: user=0.02 sys=0.00, real=0.00 secs] 
227.418: [CMS-concurrent-preclean-start]
227.418: [CMS-concurrent-preclean: 0.000/0.000 secs] [Times: user=0.00 sys=0.00, real=0.00 secs] 
227.418: [CMS-concurrent-abortable-preclean-start]
227.502: Application time: 0.0875690 seconds
227.513: [GC227.513: [ParNew: 5996K->434K(6144K), 0.0005100 secs] 12033K->6506K(21888K), 0.0005440 secs] [Times: user=0.00 sys=0.00, real=0.00 secs] 
227.513: Total time for which application threads were stopped: 0.0115680 seconds, Stopping threads took: 0.0109460 seconds
227.514: Application time: 0.0004940 seconds
227.514: [GC227.514: [ParNew: 5920K->602K(6144K), 0.0016460 secs] 11992K->11975K(21888K), 0.0016810 secs] [Times: user=0.01 sys=0.00, real=0.00 secs] 
227.516: Total time for which application threads were stopped: 0.0020240 seconds, Stopping threads took: 0.0002900 seconds
227.593: Application time: 0.0771560 seconds
227.616: [CMS-concurrent-abortable-preclean: 0.000/0.198 secs] [Times: user=1.41 sys=0.02, real=0.20 secs] 
227.634: [GC227.634: [ParNew: 5989K->5989K(6144K), 0.0000130 secs]227.634: [CMS (concurrent mode failure): 11373K->2901K(15744K), 0.0059870 secs] 17363K->2901K(21888K), [CMS Perm : 5141K->5141K(21248K)], 0.0060450 secs] [Times: user=0.01 sys=0.00, real=0.01 secs] 
227.640: Total time for which application threads were stopped: 0.0473190 seconds, Stopping threads took: 0.0411940 seconds
227.641: Application time: 0.0010390 seconds
227.681: [GC227.681: [ParNew: 5485K->502K(6144K), 0.0017890 secs] 8386K->8105K(21888K), 0.0018190 secs] [Times: user=0.01 sys=0.00, real=0.00 secs] 
227.683: Total time for which application threads were stopped: 0.0417020 seconds, Stopping threads took: 0.0398090 seconds
227.683: Application time: 0.0000470 seconds
227.683: [GC [1 CMS-initial-mark: 7603K(15744K)] 8695K(21888K), 0.0000850 secs] [Times: user=0.00 sys=0.00, real=0.00 secs] 
227.683: Total time for which application threads were stopped: 0.0001670 seconds, Stopping threads took: 0.0000480 seconds
227.683: [CMS-concurrent-mark-start]
227.687: [CMS-concurrent-mark: 0.004/0.004 secs] [Times: user=0.02 sys=0.00, real=0.00 secs] 
227.687: [CMS-concurrent-preclean-start]
227.687: [CMS-concurrent-preclean: 0.000/0.000 secs] [Times: user=0.00 sys=0.00, real=0.00 secs] 
227.687: [CMS-concurrent-abortable-preclean-start]
227.762: Application time: 0.0784530 seconds
227.805: [GC227.805: [ParNew: 5773K->434K(6144K), 0.0003510 secs] 13376K->8038K(21888K), 0.0003790 secs] [Times: user=0.00 sys=0.00, real=0.00 secs] 
227.805: Total time for which application threads were stopped: 0.0432400 seconds, Stopping threads took: 0.0427910 seconds
227.806: Application time: 0.0005810 seconds
227.806: [GC227.806: [ParNew: 5918K->600K(6144K), 0.0016910 secs] 13522K->13508K(21888K), 0.0017220 secs] [Times: user=0.01 sys=0.00, real=0.01 secs] 
227.808: Total time for which application threads were stopped: 0.0021960 seconds, Stopping threads took: 0.0004260 seconds
227.885: Application time: 0.0776880 seconds
227.908: [CMS-concurrent-abortable-preclean: 0.000/0.221 secs] [Times: user=1.42 sys=0.02, real=0.23 secs] 
227.927: [GC227.927: [ParNew: 5890K->5890K(6144K), 0.0000140 secs]227.927: [CMS (concurrent mode failure): 12908K->2803K(15744K), 0.0067630 secs] 18798K->2803K(21888K), [CMS Perm : 5141K->5141K(21248K)], 0.0068220 secs] [Times: user=0.01 sys=0.00, real=0.01 secs] 
227.933: Total time for which application threads were stopped: 0.0479560 seconds, Stopping threads took: 0.0410370 seconds
227.935: Application time: 0.0012680 seconds
227.974: [GC227.974: [ParNew: 5447K->634K(6144K), 0.0014710 secs] 8250K->8163K(21888K), 0.0015050 secs] [Times: user=0.01 sys=0.00, real=0.00 secs] 
227.976: Total time for which application threads were stopped: 0.0412940 seconds, Stopping threads took: 0.0397130 seconds
227.976: Application time: 0.0000510 seconds
227.976: [GC [1 CMS-initial-mark: 7529K(15744K)] 8749K(21888K), 0.0001080 secs] [Times: user=0.00 sys=0.00, real=0.00 secs] 
227.976: Total time for which application threads were stopped: 0.0003200 seconds, Stopping threads took: 0.0001650 seconds
227.976: [CMS-concurrent-mark-start]
227.980: [CMS-concurrent-mark: 0.003/0.003 secs] [Times: user=0.02 sys=0.00, real=0.01 secs] 
227.980: [CMS-concurrent-preclean-start]
227.980: [CMS-concurrent-preclean: 0.000/0.000 secs] [Times: user=0.00 sys=0.00, real=0.00 secs] 
227.980: [CMS-concurrent-abortable-preclean-start]
228.067: Application time: 0.0904970 seconds
228.122: [GC228.122: [ParNew: 6119K->402K(6144K), 0.0006110 secs] 13649K->7968K(21888K), 0.0006440 secs] [Times: user=0.00 sys=0.00, real=0.00 secs] 
228.123: Total time for which application threads were stopped: 0.0559870 seconds, Stopping threads took: 0.0552770 seconds
228.123: Application time: 0.0006220 seconds
228.124: [GC228.124: [ParNew: 5888K->598K(6144K), 0.0017850 secs] 13453K->13437K(21888K), 0.0018210 secs] [Times: user=0.01 sys=0.00, real=0.00 secs] 
228.126: Total time for which application threads were stopped: 0.0021490 seconds, Stopping threads took: 0.0002740 seconds
228.204: Application time: 0.0785230 seconds
228.206: [GC228.206: [ParNew: 5985K->5985K(6144K), 0.0000150 secs]228.206: [CMS228.207: [CMS-concurrent-abortable-preclean: 0.000/0.227 secs] [Times: user=1.51 sys=0.02, real=0.22 secs] 
 (concurrent mode failure): 12839K->3975K(15744K), 0.0070070 secs] 18824K->3975K(21888K), [CMS Perm : 5141K->5141K(21248K)], 0.0070750 secs] [Times: user=0.01 sys=0.00, real=0.01 secs] 
228.214: Total time for which application threads were stopped: 0.0093760 seconds, Stopping threads took: 0.0022090 seconds
228.215: Application time: 0.0013670 seconds
228.292: [GC228.292: [ParNew: 5387K->598K(6144K), 0.0013570 secs] 9363K->7511K(21888K), 0.0013930 secs] [Times: user=0.01 sys=0.00, real=0.00 secs] 
228.293: Total time for which application threads were stopped: 0.0782470 seconds, Stopping threads took: 0.0767760 seconds
228.293: Application time: 0.0000490 seconds
228.336: [GC [1 CMS-initial-mark: 6913K(15744K)] 7711K(21888K), 0.0001140 secs] [Times: user=0.00 sys=0.00, real=0.00 secs] 
228.336: Total time for which application threads were stopped: 0.0424900 seconds, Stopping threads took: 0.0423290 seconds
228.336: [CMS-concurrent-mark-start]
228.339: [CMS-concurrent-mark: 0.004/0.004 secs] [Times: user=0.01 sys=0.00, real=0.00 secs] 
228.339: [CMS-concurrent-preclean-start]
228.339: [CMS-concurrent-preclean: 0.000/0.000 secs] [Times: user=0.00 sys=0.00, real=0.00 secs] 
228.339: [CMS-concurrent-abortable-preclean-start]
228.340: Application time: 0.0038690 seconds
228.413: [GC228.413: [ParNew: 5888K->404K(6144K), 0.0005490 secs] 12802K->7320K(21888K), 0.0005770 secs] [Times: user=0.00 sys=0.00, real=0.00 secs] 
228.414: Total time for which application threads were stopped: 0.0742960 seconds, Stopping threads took: 0.0736450 seconds
228.414: Application time: 0.0004050 seconds
228.415: [GC228.415: [ParNew: 5675K->630K(6144K), 0.0016410 secs] 12592K->12533K(21888K), 0.0016710 secs] [Times: user=0.01 sys=0.00, real=0.00 secs] 
228.416: Total time for which application threads were stopped: 0.0021130 seconds, Stopping threads took: 0.0003910 seconds
228.495: Application time: 0.0786690 seconds
228.496: [GC228.496: [ParNew: 6115K->6115K(6144K), 0.0000160 secs]228.496: [CMS228.496: [CMS-concurrent-abortable-preclean: 0.000/0.157 secs] [Times: user=1.09 sys=0.06, real=0.16 secs] 
 (concurrent mode failure): 11903K->3780K(15744K), 0.0070580 secs] 18018K->3780K(21888K), [CMS Perm : 5141K->5141K(21248K)], 0.0071260 secs] [Times: user=0.00 sys=0.00, real=0.01 secs] 
228.503: Total time for which application threads were stopped: 0.0079720 seconds, Stopping threads took: 0.0007440 seconds
228.504: Application time: 0.0013230 seconds
228.544: [GC228.545: [ParNew: 5485K->598K(6144K), 0.0015920 secs] 9266K->8490K(21888K), 0.0016230 secs] [Times: user=0.01 sys=0.00, real=0.00 secs] 
228.546: Total time for which application threads were stopped: 0.0418150 seconds, Stopping threads took: 0.0401160 seconds
228.546: Application time: 0.0001330 seconds
228.586: [GC [1 CMS-initial-mark: 7892K(15744K)] 9381K(21888K), 0.0001050 secs] [Times: user=0.00 sys=0.00, real=0.00 secs] 
228.586: Total time for which application threads were stopped: 0.0401450 seconds, Stopping threads took: 0.0399930 seconds
228.586: [CMS-concurrent-mark-start]
228.590: [CMS-concurrent-mark: 0.003/0.003 secs] [Times: user=0.01 sys=0.00, real=0.01 secs] 
228.590: [CMS-concurrent-preclean-start]
228.590: [CMS-concurrent-preclean: 0.000/0.000 secs] [Times: user=0.00 sys=0.00, real=0.00 secs] 
228.590: [CMS-concurrent-abortable-preclean-start]
228.591: Application time: 0.0042680 seconds
228.665: [GC228.665: [ParNew: 6083K->600K(6144K), 0.0009480 secs] 13976K->9469K(21888K), 0.0009820 secs] [Times: user=0.01 sys=0.00, real=0.00 secs] 
228.666: Total time for which application threads were stopped: 0.0752370 seconds, Stopping threads took: 0.0741780 seconds
228.667: Application time: 0.0008450 seconds
228.707: [GC228.707: [ParNew: 5968K->628K(6144K), 0.0016020 secs] 14838K->13601K(21888K), 0.0016400 secs] [Times: user=0.01 sys=0.00, real=0.01 secs] 
228.708: Total time for which application threads were stopped: 0.0416700 seconds, Stopping threads took: 0.0399540 seconds
228.786: Application time: 0.0777820 seconds
228.790: [GC228.790: [ParNew: 6113K->6113K(6144K), 0.0000120 secs]228.790: [CMS228.790: [CMS-concurrent-abortable-preclean: 0.000/0.200 secs] [Times: user=1.21 sys=0.05, real=0.20 secs] 
 (concurrent mode failure): 12973K->2901K(15744K), 0.0060860 secs] 19087K->2901K(21888K), [CMS Perm : 5141K->5141K(21248K)], 0.0061510 secs] [Times: user=0.01 sys=0.00, real=0.00 secs] 
228.796: Total time for which application threads were stopped: 0.0095050 seconds, Stopping threads took: 0.0032680 seconds
228.797: Application time: 0.0011170 seconds
228.837: [GC228.837: [ParNew: 5485K->598K(6144K), 0.0014290 secs] 8386K->7808K(21888K), 0.0014610 secs] [Times: user=0.01 sys=0.00, real=0.00 secs] 
228.838: Total time for which application threads were stopped: 0.0414370 seconds, Stopping threads took: 0.0398890 seconds
228.838: Application time: 0.0000650 seconds
228.839: [GC [1 CMS-initial-mark: 7210K(15744K)] 8795K(21888K), 0.0000910 secs] [Times: user=0.00 sys=0.00, real=0.00 secs] 
228.839: Total time for which application threads were stopped: 0.0002680 seconds, Stopping threads took: 0.0001560 seconds
228.839: [CMS-concurrent-mark-start]
228.845: [CMS-concurrent-mark: 0.006/0.006 secs] [Times: user=0.04 sys=0.00, real=0.01 secs] 
228.845: [CMS-concurrent-preclean-start]
228.845: [CMS-concurrent-preclean: 0.000/0.000 secs] [Times: user=0.00 sys=0.00, real=0.00 secs] 
228.845: [CMS-concurrent-abortable-preclean-start]
228.923: Application time: 0.0843340 seconds
228.936: [GC228.936: [ParNew: 5966K->628K(6144K), 0.0007610 secs] 13177K->8817K(21888K), 0.0007960 secs] [Times: user=0.00 sys=0.00, real=0.00 secs] 
228.937: Total time for which application threads were stopped: 0.0137300 seconds, Stopping threads took: 0.0128590 seconds
228.938: Application time: 0.0009870 seconds
229.007: [GC229.007: [ParNew: 6111K->594K(6144K), 0.0013470 secs] 14301K->12037K(21888K), 0.0013830 secs] [Times: user=0.00 sys=0.00, real=0.01 secs] 
229.008: Total time for which application threads were stopped: 0.0703670 seconds, Stopping threads took: 0.0688980 seconds
229.087: Application time: 0.0787080 seconds
229.088: [GC229.088: [ParNew: 5982K->5982K(6144K), 0.0000140 secs]229.088: [CMS229.088: [CMS-concurrent-abortable-preclean: 0.000/0.242 secs] [Times: user=1.51 sys=0.06, real=0.25 secs] 
 (concurrent mode failure): 11443K->1925K(15744K), 0.0058290 secs] 17425K->1925K(21888K), [CMS Perm : 5141K->5141K(21248K)], 0.0058910 secs] [Times: user=0.01 sys=0.00, real=0.00 secs] 
229.094: Total time for which application threads were stopped: 0.0067570 seconds, Stopping threads took: 0.0007800 seconds
229.094: Application time: 0.0009300 seconds
229.095: [GC229.095: [ParNew: 5485K->596K(6144K), 0.0016490 secs] 7410K->7420K(21888K), 0.0016760 secs] [Times: user=0.01 sys=0.00, real=0.00 secs] 
229.097: Total time for which application threads were stopped: 0.0022040 seconds, Stopping threads took: 0.0004540 seconds
229.097: Application time: 0.0001680 seconds
229.097: [GC [1 CMS-initial-mark: 6824K(15744K)] 8991K(21888K), 0.0001000 secs] [Times: user=0.00 sys=0.00, real=0.00 secs] 
229.097: Total time for which application threads were stopped: 0.0004730 seconds, Stopping threads took: 0.0003250 seconds
229.097: [CMS-concurrent-mark-start]
229.101: [CMS-concurrent-mark: 0.004/0.004 secs] [Times: user=0.02 sys=0.00, real=0.01 secs] 
229.101: [CMS-concurrent-preclean-start]
229.101: [CMS-concurrent-preclean: 0.000/0.000 secs] [Times: user=0.00 sys=0.00, real=0.00 secs] 
229.101: [CMS-concurrent-abortable-preclean-start]
229.190: Application time: 0.0924990 seconds
229.238: [GC229.238: [ParNew: 6081K->400K(6144K), 0.0006770 secs] 12905K->7616K(21888K), 0.0007120 secs] [Times: user=0.00 sys=0.00, real=0.00 secs] 
229.239: Total time for which application threads were stopped: 0.0491200 seconds, Stopping threads took: 0.0483310 seconds
229.240: Application time: 0.0007510 seconds
229.294: [GC229.294: [ParNew: 5867K->630K(6144K), 0.0016520 secs] 13082K->12338K(21888K), 0.0016910 secs] [Times: user=0.02 sys=0.00, real=0.00 secs] 
229.296: Total time for which application threads were stopped: 0.0563610 seconds, Stopping threads took: 0.0546120 seconds
229.374: Application time: 0.0777670 seconds
229.376: [GC229.376: [ParNew: 6017K->6017K(6144K), 0.0000120 secs]229.376: [CMS229.376: [CMS-concurrent-abortable-preclean: 0.000/0.275 secs] [Times: user=1.59 sys=0.05, real=0.27 secs] 
 (concurrent mode failure): 11708K->3194K(15744K), 0.0054210 secs] 17726K->3194K(21888K), [CMS Perm : 5141K->5141K(21248K)], 0.0054870 secs] [Times: user=0.01 sys=0.00, real=0.01 secs] 
229.381: Total time for which application threads were stopped: 0.0075850 seconds, Stopping threads took: 0.0020090 seconds
229.383: Application time: 0.0012180 seconds
229.430: [GC229.430: [ParNew: 5466K->626K(6144K), 0.0017630 secs] 8660K->8325K(21888K), 0.0018060 secs] [Times: user=0.01 sys=0.00, real=0.00 secs] 
229.432: Total time for which application threads were stopped: 0.0492820 seconds, Stopping threads took: 0.0473990 seconds
229.432: Application time: 0.0001180 seconds
229.432: [GC [1 CMS-initial-mark: 7699K(15744K)] 9409K(21888K), 0.0001100 secs] [Times: user=0.00 sys=0.00, real=0.00 secs] 
229.432: Total time for which application threads were stopped: 0.0003280 seconds, Stopping threads took: 0.0001680 seconds
229.432: [CMS-concurrent-mark-start]
229.443: [CMS-concurrent-mark: 0.011/0.011 secs] [Times: user=0.09 sys=0.00, real=0.01 secs] 
229.444: [CMS-concurrent-preclean-start]
229.444: [CMS-concurrent-preclean: 0.000/0.000 secs] [Times: user=0.00 sys=0.00, real=0.00 secs] 
229.444: [CMS-concurrent-abortable-preclean-start]
229.523: Application time: 0.0904480 seconds
229.560: [GC229.560: [ParNew: 6092K->434K(6144K), 0.0006390 secs] 13791K->8555K(21888K), 0.0006740 secs] [Times: user=0.01 sys=0.00, real=0.00 secs] 
229.561: Total time for which application threads were stopped: 0.0378010 seconds, Stopping threads took: 0.0370420 seconds
229.561: Application time: 0.0005920 seconds
229.601: [GC229.601: [ParNew: 5823K->602K(6144K), 0.0015890 secs] 13943K->13245K(21888K), 0.0016230 secs] [Times: user=0.01 sys=0.00, real=0.00 secs] 
229.603: Total time for which application threads were stopped: 0.0417050 seconds, Stopping threads took: 0.0400060 seconds
229.680: Application time: 0.0771060 seconds
229.703: [CMS-concurrent-abortable-preclean: 0.000/0.260 secs] [Times: user=1.45 sys=0.04, real=0.26 secs] 
229.722: [GC229.722: [ParNew: 5989K->5989K(6144K), 0.0000130 secs]229.722: [CMS (concurrent mode failure): 12643K->2120K(15744K), 0.0059170 secs] 18633K->2120K(21888K), [CMS Perm : 5141K->5141K(21248K)], 0.0059720 secs] [Times: user=0.00 sys=0.00, real=0.01 secs] 
229.728: Total time for which application threads were stopped: 0.0476710 seconds, Stopping threads took: 0.0416170 seconds
229.729: Application time: 0.0010090 seconds
229.769: [GC229.769: [ParNew: 5466K->628K(6144K), 0.0015680 secs] 7586K->6862K(21888K), 0.0015960 secs] [Times: user=0.01 sys=0.00, real=0.00 secs] 
229.770: Total time for which application threads were stopped: 0.0416810 seconds, Stopping threads took: 0.0400150 seconds
229.770: Application time: 0.0000530 seconds
229.771: [GC [1 CMS-initial-mark: 6234K(15744K)] 7454K(21888K), 0.0000960 secs] [Times: user=0.00 sys=0.00, real=0.00 secs] 
229.771: Total time for which application threads were stopped: 0.0003050 seconds, Stopping threads took: 0.0001880 seconds
229.771: [CMS-concurrent-mark-start]
229.774: [CMS-concurrent-mark: 0.004/0.004 secs] [Times: user=0.02 sys=0.00, real=0.00 secs] 
229.774: [CMS-concurrent-preclean-start]
229.775: [CMS-concurrent-preclean: 0.000/0.000 secs] [Times: user=0.00 sys=0.00, real=0.00 secs] 
229.775: [CMS-concurrent-abortable-preclean-start]
229.860: Application time: 0.0893060 seconds
229.901: [GC229.901: [ParNew: 6094K->432K(6144K), 0.0006130 secs] 12328K->7089K(21888K), 0.0006460 secs] [Times: user=0.00 sys=0.00, real=0.00 secs] 
229.901: Total time for which application threads were stopped: 0.0411240 seconds, Stopping threads took: 0.0404120 seconds
229.902: Application time: 0.0005290 seconds
229.942: [GC229.942: [ParNew: 5821K->600K(6144K), 0.0015360 secs] 12477K->11779K(21888K), 0.0015680 secs] [Times: user=0.01 sys=0.00, real=0.00 secs] 
229.943: Total time for which application threads were stopped: 0.0416160 seconds, Stopping threads took: 0.0399740 seconds
230.021: Application time: 0.0777150 seconds
230.023: [GC230.023: [ParNew: 6085K->6085K(6144K), 0.0000130 secs]230.023: [CMS230.024: [CMS-concurrent-abortable-preclean: 0.000/0.249 secs] [Times: user=1.48 sys=0.03, real=0.25 secs] 
 (concurrent mode failure): 11179K->3292K(15744K), 0.0061540 secs] 17265K->3292K(21888K), [CMS Perm : 5141K->5141K(21248K)], 0.0062280 secs] [Times: user=0.00 sys=0.01, real=0.01 secs] 
230.030: Total time for which application threads were stopped: 0.0086360 seconds, Stopping threads took: 0.0023180 seconds
230.031: Application time: 0.0012540 seconds
230.083: [GC230.083: [ParNew: 5485K->502K(6144K), 0.0015400 secs] 8778K->7516K(21888K), 0.0015800 secs] [Times: user=0.01 sys=0.00, real=0.00 secs] 
230.085: Total time for which application threads were stopped: 0.0540580 seconds, Stopping threads took: 0.0524040 seconds
230.085: Application time: 0.0000580 seconds
230.085: [GC [1 CMS-initial-mark: 7013K(15744K)] 7906K(21888K), 0.0000980 secs] [Times: user=0.00 sys=0.00, real=0.00 secs] 
230.085: Total time for which application threads were stopped: 0.0002320 seconds, Stopping threads took: 0.0001120 seconds
230.085: [CMS-concurrent-mark-start]
230.089: [CMS-concurrent-mark: 0.003/0.003 secs] [Times: user=0.02 sys=0.00, real=0.01 secs] 
230.089: [CMS-concurrent-preclean-start]
230.089: [CMS-concurrent-preclean: 0.000/0.000 secs] [Times: user=0.00 sys=0.00, real=0.00 secs] 
230.089: [CMS-concurrent-abortable-preclean-start]
230.171: Application time: 0.0854630 seconds
230.178: [GC230.178: [ParNew: 5773K->628K(6144K), 0.0004440 secs] 12787K->7839K(21888K), 0.0004780 secs] [Times: user=0.00 sys=0.00, real=0.00 secs] 
230.178: Total time for which application threads were stopped: 0.0075870 seconds, Stopping threads took: 0.0070260 seconds
230.179: Application time: 0.0006210 seconds
230.179: [GC230.179: [ParNew: 6014K->600K(6144K), 0.0016760 secs] 13225K->13215K(21888K), 0.0017110 secs] [Times: user=0.01 sys=0.00, real=0.01 secs] 
230.181: Total time for which application threads were stopped: 0.0021010 seconds, Stopping threads took: 0.0003370 seconds
230.259: Application time: 0.0780860 seconds
230.281: [CMS-concurrent-abortable-preclean: 0.000/0.192 secs] [Times: user=1.37 sys=0.02, real=0.19 secs] 
230.300: [GC230.300: [ParNew: 6085K->6085K(6144K), 0.0000130 secs]230.300: [CMS (concurrent mode failure): 12615K->3292K(15744K), 0.0065050 secs] 18701K->3292K(21888K), [CMS Perm : 5141K->5141K(21248K)], 0.0065580 secs] [Times: user=0.01 sys=0.00, real=0.00 secs] 
230.306: Total time for which application threads were stopped: 0.0473500 seconds, Stopping threads took: 0.0407320 seconds
230.308: Application time: 0.0012100 seconds
230.374: [GC230.374: [ParNew: 5485K->600K(6144K), 0.0014480 secs] 8778K->7516K(21888K), 0.0014810 secs] [Times: user=0.01 sys=0.00, real=0.00 secs] 
230.376: Total time for which application threads were stopped: 0.0680330 seconds, Stopping threads took: 0.0664740 seconds
230.376: Application time: 0.0000690 seconds
230.416: [GC [1 CMS-initial-mark: 6916K(15744K)] 8012K(21888K), 0.0001050 secs] [Times: user=0.00 sys=0.00, real=0.00 secs] 
230.416: Total time for which application threads were stopped: 0.0399790 seconds, Stopping threads took: 0.0398270 seconds
230.416: [CMS-concurrent-mark-start]
230.422: [CMS-concurrent-mark: 0.007/0.007 secs] [Times: user=0.03 sys=0.00, real=0.01 secs] 
230.422: [CMS-concurrent-preclean-start]
230.423: [CMS-concurrent-preclean: 0.000/0.000 secs] [Times: user=0.00 sys=0.00, real=0.00 secs] 
230.423: [CMS-concurrent-abortable-preclean-start]
230.501: Application time: 0.0849160 seconds
230.519: [GC230.519: [ParNew: 6085K->10K(6144K), 0.0005230 secs] 13001K->6926K(21888K), 0.0005560 secs] [Times: user=0.00 sys=0.00, real=0.00 secs] 
230.520: Total time for which application threads were stopped: 0.0193290 seconds, Stopping threads took: 0.0186910 seconds
230.520: Application time: 0.0004190 seconds
230.521: [GC230.521: [ParNew: 5495K->602K(6144K), 0.0015950 secs] 12412K->12407K(21888K), 0.0016250 secs] [Times: user=0.01 sys=0.00, real=0.00 secs] 
230.522: Total time for which application threads were stopped: 0.0018830 seconds, Stopping threads took: 0.0002060 seconds
230.600: Application time: 0.0778770 seconds
230.623: [CMS-concurrent-abortable-preclean: 0.000/0.200 secs] [Times: user=1.37 sys=0.02, real=0.20 secs] 
230.641: [GC230.641: [ParNew: 5989K->5989K(6144K), 0.0000140 secs]230.641: [CMS (concurrent mode failure): 11805K->2511K(15744K), 0.0065140 secs] 17795K->2511K(21888K), [CMS Perm : 5141K->5141K(21248K)], 0.0065690 secs] [Times: user=0.00 sys=0.00, real=0.00 secs] 
230.647: Total time for which application threads were stopped: 0.0470800 seconds, Stopping threads took: 0.0404080 seconds
230.648: Application time: 0.0009550 seconds
230.688: [GC230.688: [ParNew: 5387K->596K(6144K), 0.0015860 secs] 7899K->7614K(21888K), 0.0016150 secs] [Times: user=0.01 sys=0.01, real=0.00 secs] 
230.690: Total time for which application threads were stopped: 0.0416530 seconds, Stopping threads took: 0.0399640 seconds
230.690: Application time: 0.0000470 seconds
230.690: [GC [1 CMS-initial-mark: 7018K(15744K)] 7909K(21888K), 0.0001050 secs] [Times: user=0.00 sys=0.00, real=0.00 secs] 
230.690: Total time for which application threads were stopped: 0.0005020 seconds, Stopping threads took: 0.0003520 seconds
230.691: [CMS-concurrent-mark-start]
230.694: [CMS-concurrent-mark: 0.004/0.004 secs] [Times: user=0.02 sys=0.00, real=0.00 secs] 
230.694: [CMS-concurrent-preclean-start]
230.694: [CMS-concurrent-preclean: 0.000/0.000 secs] [Times: user=0.00 sys=0.00, real=0.00 secs] 
230.694: [CMS-concurrent-abortable-preclean-start]
230.781: Application time: 0.0910230 seconds
230.825: [GC230.825: [ParNew: 6062K->628K(6144K), 0.0007160 secs] 13080K->8232K(21888K), 0.0007490 secs] [Times: user=0.00 sys=0.00, real=0.00 secs] 
230.825: Total time for which application threads were stopped: 0.0439420 seconds, Stopping threads took: 0.0431420 seconds
230.826: Application time: 0.0006800 seconds
230.866: [GC230.866: [ParNew: 5918K->504K(6144K), 0.0017580 secs] 13523K->13022K(21888K), 0.0017950 secs] [Times: user=0.01 sys=0.00, real=0.01 secs] 
230.868: Total time for which application threads were stopped: 0.0416900 seconds, Stopping threads took: 0.0398290 seconds
230.947: Application time: 0.0789610 seconds
230.948: [GC230.948: [ParNew: 5989K->5989K(6144K), 0.0000150 secs]230.948: [CMS230.949: [CMS-concurrent-abortable-preclean: 0.000/0.254 secs] [Times: user=1.50 sys=0.05, real=0.26 secs] 
 (concurrent mode failure): 12518K->3585K(15744K), 0.0069630 secs] 18508K->3585K(21888K), [CMS Perm : 5141K->5141K(21248K)], 0.0070290 secs] [Times: user=0.00 sys=0.00, real=0.00 secs] 
230.956: Total time for which application threads were stopped: 0.0087390 seconds, Stopping threads took: 0.0016200 seconds
230.957: Application time: 0.0012750 seconds
231.031: [GC231.031: [ParNew: 5466K->628K(6144K), 0.0011880 secs] 9051K->6954K(21888K), 0.0012210 secs] [Times: user=0.01 sys=0.00, real=0.00 secs] 
231.032: Total time for which application threads were stopped: 0.0749530 seconds, Stopping threads took: 0.0736660 seconds
231.032: Application time: 0.0000490 seconds
231.085: [GC [1 CMS-initial-mark: 6326K(15744K)] 7156K(21888K), 0.0000940 secs] [Times: user=0.00 sys=0.00, real=0.00 secs] 
231.085: Total time for which application threads were stopped: 0.0532010 seconds, Stopping threads took: 0.0530600 seconds
231.085: [CMS-concurrent-mark-start]
231.089: [CMS-concurrent-mark: 0.004/0.004 secs] [Times: user=0.02 sys=0.00, real=0.01 secs] 
231.089: [CMS-concurrent-preclean-start]
231.089: [CMS-concurrent-preclean: 0.000/0.000 secs] [Times: user=0.00 sys=0.00, real=0.00 secs] 
231.089: [CMS-concurrent-abortable-preclean-start]
231.089: Application time: 0.0042190 seconds
231.163: [GC231.163: [ParNew: 6111K->209K(6144K), 0.0004960 secs] 12438K->6570K(21888K), 0.0005290 secs] [Times: user=0.00 sys=0.00, real=0.00 secs] 
231.163: Total time for which application threads were stopped: 0.0738770 seconds, Stopping threads took: 0.0732610 seconds
231.163: Application time: 0.0003750 seconds
231.164: [GC231.164: [ParNew: 5499K->602K(6144K), 0.0015640 secs] 11861K->11850K(21888K), 0.0015960 secs] [Times: user=0.01 sys=0.00, real=0.00 secs] 
231.165: Total time for which application threads were stopped: 0.0019950 seconds, Stopping threads took: 0.0003370 seconds
231.243: Application time: 0.0774100 seconds
231.266: [CMS-concurrent-abortable-preclean: 0.000/0.177 secs] [Times: user=1.10 sys=0.06, real=0.17 secs] 
231.293: [GC231.293: [ParNew: 5794K->5794K(6144K), 0.0000210 secs]231.293: [CMS (concurrent mode failure): 11248K->2316K(15744K), 0.0059410 secs] 17043K->2316K(21888K), [CMS Perm : 5141K->5141K(21248K)], 0.0060080 secs] [Times: user=0.01 sys=0.00, real=0.00 secs] 
231.299: Total time for which application threads were stopped: 0.0564790 seconds, Stopping threads took: 0.0503870 seconds
231.300: Application time: 0.0009380 seconds
231.301: [GC231.301: [ParNew: 5483K->596K(6144K), 0.0015070 secs] 7799K->7811K(21888K), 0.0015370 secs] [Times: user=0.01 sys=0.00, real=0.00 secs] 
231.302: Total time for which application threads were stopped: 0.0018600 seconds, Stopping threads took: 0.0002700 seconds
231.302: Application time: 0.0000770 seconds
231.302: [GC [1 CMS-initial-mark: 7215K(15744K)] 8896K(21888K), 0.0000900 secs] [Times: user=0.00 sys=0.00, real=0.00 secs] 
231.303: Total time for which application threads were stopped: 0.0002970 seconds, Stopping threads took: 0.0001840 seconds
231.303: [CMS-concurrent-mark-start]
231.306: [CMS-concurrent-mark: 0.003/0.003 secs] [Times: user=0.01 sys=0.00, real=0.00 secs] 
231.306: [CMS-concurrent-preclean-start]
231.306: [CMS-concurrent-preclean: 0.000/0.000 secs] [Times: user=0.00 sys=0.00, real=0.00 secs] 
231.306: Application time: 0.0033690 seconds
231.379: [GC[YG occupancy: 2465 K (6144 K)]231.379: [Rescan (parallel) , 0.0001370 secs]231.379: [weak refs processing, 0.0000080 secs]231.379: [scrub string table, 0.0001010 secs] [1 CMS-remark: 7215K(15744K)] 9681K(21888K), 0.0002800 secs] [Times: user=0.00 sys=0.00, real=0.01 secs] 
231.380: Total time for which application threads were stopped: 0.0736080 seconds, Stopping threads took: 0.0732970 seconds
231.380: [CMS-concurrent-sweep-start]
231.380: Application time: 0.0009350 seconds
231.435: [GC231.435: [ParNew: 6062K->528K(6144K), 0.0009800 secs] 13277K->10479K(21888K), 0.0010130 secs] [Times: user=0.00 sys=0.00, real=0.00 secs] 
231.436: Total time for which application threads were stopped: 0.0551470 seconds, Stopping threads took: 0.0540850 seconds
231.436: [CMS-concurrent-sweep: 0.001/0.056 secs] [Times: user=0.12 sys=0.04, real=0.05 secs] 
231.436: [CMS-concurrent-reset-start]
231.436: [CMS-concurrent-reset: 0.000/0.000 secs] [Times: user=0.00 sys=0.00, real=0.00 secs] 
231.512: Application time: 0.0767040 seconds
231.517: [GC231.517: [ParNew: 5916K->10K(6144K), 0.0004730 secs] 15866K->9988K(21888K), 0.0005100 secs] [Times: user=0.00 sys=0.00, real=0.00 secs] 
231.517: Total time for which application threads were stopped: 0.0050770 seconds, Stopping threads took: 0.0045070 seconds
231.518: Application time: 0.0001280 seconds
231.518: [GC [1 CMS-initial-mark: 9978K(15744K)] 11170K(21888K), 0.0000860 secs] [Times: user=0.00 sys=0.00, real=0.00 secs] 
231.518: Total time for which application threads were stopped: 0.0003910 seconds, Stopping threads took: 0.0002620 seconds
231.518: [CMS-concurrent-mark-start]
231.518: Application time: 0.0005300 seconds
231.519: [GC231.519: [ParNew: 5495K->600K(6144K), 0.0014020 secs] 15474K->15461K(21888K), 0.0014350 secs] [Times: user=0.01 sys=0.00, real=0.01 secs] 
231.520: Total time for which application threads were stopped: 0.0017810 seconds, Stopping threads took: 0.0002990 seconds
231.523: [CMS-concurrent-mark: 0.004/0.005 secs] [Times: user=0.04 sys=0.00, real=0.01 secs] 
231.524: [CMS-concurrent-preclean-start]
231.524: [CMS-concurrent-preclean: 0.000/0.000 secs] [Times: user=0.00 sys=0.00, real=0.00 secs] 
231.524: [CMS-concurrent-abortable-preclean-start]
231.524: [CMS-concurrent-abortable-preclean: 0.000/0.000 secs] [Times: user=0.00 sys=0.00, real=0.00 secs] 
231.524: Application time: 0.0034910 seconds
231.597: [GC[YG occupancy: 3524 K (6144 K)]231.597: [Rescan (parallel) , 0.0003670 secs]231.598: [weak refs processing, 0.0000070 secs]231.598: [scrub string table, 0.0001300 secs] [1 CMS-remark: 14861K(15744K)] 18386K(21888K), 0.0005640 secs] [Times: user=0.00 sys=0.00, real=0.00 secs] 
231.598: Total time for which application threads were stopped: 0.0742460 seconds, Stopping threads took: 0.0736260 seconds
231.598: [CMS-concurrent-sweep-start]
231.599: Application time: 0.0006140 seconds
231.639: [GC231.639: [ParNew: 5968K->5968K(6144K), 0.0000110 secs]231.639: [CMS231.639: [CMS-concurrent-sweep: 0.001/0.041 secs] [Times: user=0.11 sys=0.02, real=0.04 secs] 
 (concurrent mode failure): 14861K->3464K(15744K), 0.0061820 secs] 20829K->3464K(21888K), [CMS Perm : 5141K->5141K(21248K)], 0.0062400 secs] [Times: user=0.00 sys=0.00, real=0.01 secs] 
231.645: Total time for which application threads were stopped: 0.0463560 seconds, Stopping threads took: 0.0400500 seconds
231.646: Application time: 0.0011120 seconds
231.697: [GC231.697: [ParNew: 5444K->632K(6144K), 0.0013940 secs] 8908K->7843K(21888K), 0.0014240 secs] [Times: user=0.01 sys=0.00, real=0.00 secs] 
231.699: Total time for which application threads were stopped: 0.0527780 seconds, Stopping threads took: 0.0512740 seconds
231.699: Application time: 0.0000880 seconds
231.739: [GC [1 CMS-initial-mark: 7211K(15744K)] 8340K(21888K), 0.0001060 secs] [Times: user=0.00 sys=0.00, real=0.00 secs] 
231.740: Total time for which application threads were stopped: 0.0406180 seconds, Stopping threads took: 0.0404820 seconds
231.740: [CMS-concurrent-mark-start]
231.746: [CMS-concurrent-mark: 0.007/0.007 secs] [Times: user=0.03 sys=0.00, real=0.00 secs] 
231.747: [CMS-concurrent-preclean-start]
231.747: [CMS-concurrent-preclean: 0.000/0.000 secs] [Times: user=0.00 sys=0.00, real=0.00 secs] 
231.747: [CMS-concurrent-abortable-preclean-start]
231.748: Application time: 0.0081170 seconds
231.818: [GC231.818: [ParNew: 6098K->630K(6144K), 0.0005920 secs] 13310K->8269K(21888K), 0.0006260 secs] [Times: user=0.00 sys=0.00, real=0.00 secs] 
231.819: Total time for which application threads were stopped: 0.0709440 seconds, Stopping threads took: 0.0702420 seconds
231.819: Application time: 0.0007760 seconds
231.874: [GC231.874: [ParNew: 6096K->630K(6144K), 0.0016770 secs] 13736K->12986K(21888K), 0.0017120 secs] [Times: user=0.00 sys=0.01, real=0.00 secs] 
231.876: Total time for which application threads were stopped: 0.0563800 seconds, Stopping threads took: 0.0545920 seconds
231.954: Application time: 0.0785650 seconds
231.960: [GC231.960: [ParNew: 5920K->5920K(6144K), 0.0000150 secs]231.960: [CMS231.960: [CMS-concurrent-abortable-preclean: 0.000/0.213 secs] [Times: user=1.26 sys=0.09, real=0.22 secs] 
 (concurrent mode failure): 12355K->3292K(15744K), 0.0068480 secs] 18276K->3292K(21888K), [CMS Perm : 5141K->5141K(21248K)], 0.0069150 secs] [Times: user=0.00 sys=0.00, real=0.00 secs] 
231.967: Total time for which application threads were stopped: 0.0124330 seconds, Stopping threads took: 0.0054460 seconds
231.968: Application time: 0.0012310 seconds
232.009: [GC232.009: [ParNew: 5485K->602K(6144K), 0.0014100 secs] 8778K->8204K(21888K), 0.0014410 secs] [Times: user=0.01 sys=0.00, real=0.00 secs] 
232.010: Total time for which application threads were stopped: 0.0423260 seconds, Stopping threads took: 0.0408130 seconds
232.010: Application time: 0.0000570 seconds
232.050: [GC [1 CMS-initial-mark: 7602K(15744K)] 8896K(21888K), 0.0001060 secs] [Times: user=0.00 sys=0.00, real=0.00 secs] 
232.051: Total time for which application threads were stopped: 0.0401460 seconds, Stopping threads took: 0.0400130 seconds
232.051: [CMS-concurrent-mark-start]
232.054: [CMS-concurrent-mark: 0.003/0.003 secs] [Times: user=0.01 sys=0.00, real=0.00 secs] 
232.054: [CMS-concurrent-preclean-start]
232.054: [CMS-concurrent-preclean: 0.000/0.000 secs] [Times: user=0.00 sys=0.00, real=0.00 secs] 
232.054: [CMS-concurrent-abortable-preclean-start]
232.131: Application time: 0.0808860 seconds
232.162: [GC232.162: [ParNew: 6087K->10K(6144K), 0.0003660 secs] 13690K->7615K(21888K), 0.0003990 secs] [Times: user=0.00 sys=0.00, real=0.00 secs] 
232.162: Total time for which application threads were stopped: 0.0305400 seconds, Stopping threads took: 0.0300840 seconds
232.163: Application time: 0.0005600 seconds
232.163: [GC232.163: [ParNew: 5495K->602K(6144K), 0.0017330 secs] 13100K->13092K(21888K), 0.0017650 secs] [Times: user=0.01 sys=0.00, real=0.00 secs] 
232.165: Total time for which application threads were stopped: 0.0022310 seconds, Stopping threads took: 0.0003950 seconds
232.243: Application time: 0.0782040 seconds
232.265: [CMS-concurrent-abortable-preclean: 0.000/0.211 secs] [Times: user=1.35 sys=0.03, real=0.21 secs] 
232.283: [GC232.283: [ParNew: 6087K->6087K(6144K), 0.0000130 secs]232.283: [CMS (concurrent mode failure): 12490K->1535K(15744K), 0.0064190 secs] 18577K->1535K(21888K), [CMS Perm : 5141K->5141K(21248K)], 0.0064710 secs] [Times: user=0.00 sys=0.00, real=0.01 secs] 
232.290: Total time for which application threads were stopped: 0.0468410 seconds, Stopping threads took: 0.0402770 seconds
232.291: Application time: 0.0010870 seconds
232.291: [GC232.291: [ParNew: 5485K->600K(6144K), 0.0016160 secs] 7021K->7032K(21888K), 0.0016460 secs] [Times: user=0.01 sys=0.00, real=0.00 secs] 
232.293: Total time for which application threads were stopped: 0.0019460 seconds, Stopping threads took: 0.0002450 seconds
232.293: Application time: 0.0000600 seconds
232.293: [GC [1 CMS-initial-mark: 6432K(15744K)] 7651K(21888K), 0.0001020 secs] [Times: user=0.00 sys=0.00, real=0.00 secs] 
232.293: Total time for which application threads were stopped: 0.0003570 seconds, Stopping threads took: 0.0002260 seconds
232.293: [CMS-concurrent-mark-start]
232.297: [CMS-concurrent-mark: 0.004/0.004 secs] [Times: user=0.02 sys=0.00, real=0.00 secs] 
232.297: [CMS-concurrent-preclean-start]
232.297: [CMS-concurrent-preclean: 0.000/0.000 secs] [Times: user=0.00 sys=0.00, real=0.00 secs] 
232.297: Application time: 0.0037880 seconds
232.370: [GC[YG occupancy: 2496 K (6144 K)]232.370: [Rescan (parallel) , 0.0001740 secs]232.372: [weak refs processing, 0.0000080 secs]232.372: [scrub string table, 0.0000960 secs] [1 CMS-remark: 6432K(15744K)] 8928K(21888K), 0.0015920 secs] [Times: user=0.00 sys=0.00, real=0.00 secs] 
232.372: Total time for which application threads were stopped: 0.0746690 seconds, Stopping threads took: 0.0730450 seconds
232.372: [CMS-concurrent-sweep-start]
232.373: Application time: 0.0010780 seconds
232.426: [GC232.426: [ParNew: 6064K->626K(6144K), 0.0010270 secs] 12496K->9989K(21888K), 0.0010530 secs] [Times: user=0.01 sys=0.00, real=0.00 secs] 
232.427: Total time for which application threads were stopped: 0.0544410 seconds, Stopping threads took: 0.0533410 seconds
232.428: [CMS-concurrent-sweep: 0.002/0.056 secs] [Times: user=0.14 sys=0.02, real=0.06 secs] 
232.428: [CMS-concurrent-reset-start]
232.428: [CMS-concurrent-reset: 0.000/0.000 secs] [Times: user=0.00 sys=0.00, real=0.00 secs] 
232.509: Application time: 0.0820100 seconds
232.511: [GC232.511: [ParNew: 6111K->400K(6144K), 0.0005130 secs] 15449K->9767K(21888K), 0.0005450 secs] [Times: user=0.00 sys=0.00, real=0.00 secs] 
232.512: Total time for which application threads were stopped: 0.0025040 seconds, Stopping threads took: 0.0019030 seconds
232.512: Application time: 0.0000450 seconds
232.512: [GC [1 CMS-initial-mark: 9366K(15744K)] 10554K(21888K), 0.0000710 secs] [Times: user=0.00 sys=0.00, real=0.00 secs] 
232.512: Total time for which application threads were stopped: 0.0001560 seconds, Stopping threads took: 0.0000680 seconds
232.512: [CMS-concurrent-mark-start]
232.513: Application time: 0.0007530 seconds
232.513: [GC232.513: [ParNew: 5884K->598K(6144K), 0.0016780 secs] 15250K->15240K(21888K), 0.0017070 secs] [Times: user=0.01 sys=0.00, real=0.00 secs] 
232.515: Total time for which application threads were stopped: 0.0018920 seconds, Stopping threads took: 0.0001380 seconds
232.518: [CMS-concurrent-mark: 0.004/0.006 secs] [Times: user=0.03 sys=0.00, real=0.00 secs] 
232.518: [CMS-concurrent-preclean-start]
232.518: [CMS-concurrent-preclean: 0.000/0.000 secs] [Times: user=0.00 sys=0.00, real=0.00 secs] 
232.518: [CMS-concurrent-abortable-preclean-start]
232.518: [CMS-concurrent-abortable-preclean: 0.000/0.000 secs] [Times: user=0.00 sys=0.00, real=0.00 secs] 
232.518: Application time: 0.0031520 seconds
232.591: [GC[YG occupancy: 2954 K (6144 K)]232.591: [Rescan (parallel) , 0.0001400 secs]232.591: [weak refs processing, 0.0000110 secs]232.591: [scrub string table, 0.0001100 secs] [1 CMS-remark: 14642K(15744K)] 17596K(21888K), 0.0002960 secs] [Times: user=0.00 sys=0.00, real=0.00 secs] 
232.592: Total time for which application threads were stopped: 0.0737860 seconds, Stopping threads took: 0.0734570 seconds
232.592: [CMS-concurrent-sweep-start]
232.592: Application time: 0.0006890 seconds
232.645: [GC232.645: [ParNew: 6083K->6083K(6144K), 0.0000100 secs]232.645: [CMS232.646: [CMS-concurrent-sweep: 0.001/0.054 secs] [Times: user=0.11 sys=0.04, real=0.05 secs] 
 (concurrent mode failure): 14642K->4074K(15744K), 0.0063470 secs] 20725K->4074K(21888K), [CMS Perm : 5141K->5141K(21248K)], 0.0063970 secs] [Times: user=0.01 sys=0.00, real=0.01 secs] 
232.652: Total time for which application threads were stopped: 0.0595860 seconds, Stopping threads took: 0.0531340 seconds
232.660: Application time: 0.0079200 seconds
232.730: [GC232.730: [ParNew: 5192K->404K(6144K), 0.0006910 secs] 9267K->4479K(21888K), 0.0007230 secs] [Times: user=0.00 sys=0.01, real=0.00 secs] 
232.731: Total time for which application threads were stopped: 0.0708640 seconds, Stopping threads took: 0.0700860 seconds
232.731: Application time: 0.0004340 seconds
232.731: [GC232.731: [ParNew: 5792K->602K(6144K), 0.0019490 secs] 9867K->9869K(21888K), 0.0019840 secs] [Times: user=0.01 sys=0.00, real=0.00 secs] 
232.733: Total time for which application threads were stopped: 0.0023520 seconds, Stopping threads took: 0.0003150 seconds
232.733: Application time: 0.0000520 seconds
232.774: [GC [1 CMS-initial-mark: 9267K(15744K)] 11047K(21888K), 0.0000980 secs] [Times: user=0.00 sys=0.00, real=0.00 secs] 
232.774: Total time for which application threads were stopped: 0.0401840 seconds, Stopping threads took: 0.0400630 seconds
232.774: [CMS-concurrent-mark-start]
232.777: [CMS-concurrent-mark: 0.004/0.004 secs] [Times: user=0.02 sys=0.00, real=0.00 secs] 
232.777: [CMS-concurrent-preclean-start]
232.777: [CMS-concurrent-preclean: 0.000/0.000 secs] [Times: user=0.00 sys=0.00, real=0.00 secs] 
232.777: [CMS-concurrent-abortable-preclean-start]
232.862: Application time: 0.0881380 seconds
232.904: [GC232.904: [ParNew: 5989K->406K(6144K), 0.0005590 secs] 15257K->9674K(21888K), 0.0005920 secs] [Times: user=0.01 sys=0.00, real=0.00 secs] 
232.905: Total time for which application threads were stopped: 0.0428890 seconds, Stopping threads took: 0.0422130 seconds
232.905: Application time: 0.0005090 seconds
232.906: [GC232.906: [ParNew: 5890K->600K(6144K), 0.0017830 secs] 15158K->15141K(21888K), 0.0018160 secs] [Times: user=0.01 sys=0.00, real=0.01 secs] 
232.908: Total time for which application threads were stopped: 0.0023610 seconds, Stopping threads took: 0.0004700 seconds
232.985: Application time: 0.0777280 seconds
233.008: [CMS-concurrent-abortable-preclean: 0.000/0.230 secs] [Times: user=1.43 sys=0.05, real=0.24 secs] 
233.025: [GC233.025: [ParNew: 5890K->5890K(6144K), 0.0000130 secs]233.025: [CMS (concurrent mode failure): 14541K->2804K(15744K), 0.0059820 secs] 20431K->2804K(21888K), [CMS Perm : 5141K->5141K(21248K)], 0.0060400 secs] [Times: user=0.00 sys=0.00, real=0.01 secs] 
233.031: Total time for which application threads were stopped: 0.0459770 seconds, Stopping threads took: 0.0398550 seconds
233.032: Application time: 0.0011960 seconds
233.072: [GC233.072: [ParNew: 5466K->626K(6144K), 0.0017180 secs] 8271K->7543K(21888K), 0.0017470 secs] [Times: user=0.01 sys=0.00, real=0.00 secs] 
233.074: Total time for which application threads were stopped: 0.0417530 seconds, Stopping threads took: 0.0399340 seconds
233.074: Application time: 0.0000480 seconds
233.074: [GC [1 CMS-initial-mark: 6916K(15744K)] 8033K(21888K), 0.0000830 secs] [Times: user=0.00 sys=0.00, real=0.00 secs] 
233.074: Total time for which application threads were stopped: 0.0001640 seconds, Stopping threads took: 0.0000480 seconds
233.074: [CMS-concurrent-mark-start]
233.078: [CMS-concurrent-mark: 0.003/0.003 secs] [Times: user=0.02 sys=0.00, real=0.00 secs] 
233.078: [CMS-concurrent-preclean-start]
233.078: [CMS-concurrent-preclean: 0.000/0.000 secs] [Times: user=0.00 sys=0.00, real=0.00 secs] 
233.078: [CMS-concurrent-abortable-preclean-start]
233.165: Application time: 0.0908680 seconds
233.203: [GC233.203: [ParNew: 6014K->402K(6144K), 0.0005720 secs] 12930K->7352K(21888K), 0.0006050 secs] [Times: user=0.00 sys=0.00, real=0.00 secs] 
233.204: Total time for which application threads were stopped: 0.0385720 seconds, Stopping threads took: 0.0379140 seconds
233.205: Application time: 0.0006180 seconds
233.205: [GC233.205: [ParNew: 5869K->532K(6144K), 0.0016880 secs] 12819K->12756K(21888K), 0.0017230 secs] [Times: user=0.01 sys=0.00, real=0.00 secs] 
233.207: Total time for which application threads were stopped: 0.0021060 seconds, Stopping threads took: 0.0003290 seconds
233.284: Application time: 0.0775690 seconds
233.287: [GC233.287: [ParNew: 6017K->6017K(6144K), 0.0000130 secs]233.287: [CMS233.287: [CMS-concurrent-abortable-preclean: 0.000/0.209 secs] [Times: user=1.42 sys=0.03, real=0.21 secs] 
 (concurrent mode failure): 12224K->3976K(15744K), 0.0055700 secs] 18241K->3976K(21888K), [CMS Perm : 5141K->5141K(21248K)], 0.0056390 secs] [Times: user=0.00 sys=0.00, real=0.01 secs] 
233.292: Total time for which application threads were stopped: 0.0081040 seconds, Stopping threads took: 0.0023940 seconds
233.294: Application time: 0.0012490 seconds
233.363: [GC233.363: [ParNew: 5485K->596K(6144K), 0.0017170 secs] 9462K->8880K(21888K), 0.0017560 secs] [Times: user=0.01 sys=0.00, real=0.00 secs] 
233.365: Total time for which application threads were stopped: 0.0710140 seconds, Stopping threads took: 0.0691790 seconds
233.365: Application time: 0.0000580 seconds
233.405: [GC [1 CMS-initial-mark: 8284K(15744K)] 8986K(21888K), 0.0001080 secs] [Times: user=0.00 sys=0.00, real=0.00 secs] 
233.405: Total time for which application threads were stopped: 0.0401640 seconds, Stopping threads took: 0.0400000 seconds
233.405: [CMS-concurrent-mark-start]
233.411: [CMS-concurrent-mark: 0.007/0.007 secs] [Times: user=0.03 sys=0.00, real=0.01 secs] 
233.411: [CMS-concurrent-preclean-start]
233.411: [CMS-concurrent-preclean: 0.000/0.000 secs] [Times: user=0.03 sys=0.00, real=0.00 secs] 
233.412: [CMS-concurrent-abortable-preclean-start]
233.412: Application time: 0.0071100 seconds
233.487: [GC233.487: [ParNew: 5788K->406K(6144K), 0.0004770 secs] 14072K->8691K(21888K), 0.0005160 secs] [Times: user=0.00 sys=0.00, real=0.01 secs] 
233.488: Total time for which application threads were stopped: 0.0757570 seconds, Stopping threads took: 0.0751780 seconds
233.488: Application time: 0.0006590 seconds
233.489: [GC233.489: [ParNew: 5853K->634K(6144K), 0.0014690 secs] 14138K->14027K(21888K), 0.0014990 secs] [Times: user=0.02 sys=0.01, real=0.00 secs] 
233.490: Total time for which application threads were stopped: 0.0018830 seconds, Stopping threads took: 0.0003050 seconds
233.568: Application time: 0.0778460 seconds
233.590: [CMS-concurrent-abortable-preclean: 0.000/0.179 secs] [Times: user=1.19 sys=0.05, real=0.18 secs] 
233.608: [GC233.608: [ParNew: 6119K->6119K(6144K), 0.0000120 secs]233.608: [CMS (concurrent mode failure): 13393K->2805K(15744K), 0.0060900 secs] 19512K->2805K(21888K), [CMS Perm : 5141K->5141K(21248K)], 0.0061470 secs] [Times: user=0.01 sys=0.00, real=0.00 secs] 
233.615: Total time for which application threads were stopped: 0.0465800 seconds, Stopping threads took: 0.0403520 seconds
233.616: Application time: 0.0011440 seconds
233.657: [GC233.657: [ParNew: 5386K->600K(6144K), 0.0016510 secs] 8191K->8204K(21888K), 0.0016830 secs] [Times: user=0.01 sys=0.00, real=0.00 secs] 
233.658: Total time for which application threads were stopped: 0.0425300 seconds, Stopping threads took: 0.0407820 seconds
233.658: Application time: 0.0000580 seconds
233.659: [GC [1 CMS-initial-mark: 7604K(15744K)] 8992K(21888K), 0.0001060 secs] [Times: user=0.00 sys=0.00, real=0.00 secs] 
233.659: Total time for which application threads were stopped: 0.0002800 seconds, Stopping threads took: 0.0001250 seconds
233.659: [CMS-concurrent-mark-start]
233.662: [CMS-concurrent-mark: 0.004/0.004 secs] [Times: user=0.01 sys=0.00, real=0.01 secs] 
233.662: [CMS-concurrent-preclean-start]
233.662: [CMS-concurrent-preclean: 0.000/0.000 secs] [Times: user=0.00 sys=0.00, real=0.00 secs] 
233.662: [CMS-concurrent-abortable-preclean-start]
233.749: Application time: 0.0900860 seconds
233.802: [GC233.802: [ParNew: 5987K->396K(6144K), 0.0004380 secs] 13592K->8002K(21888K), 0.0004770 secs] [Times: user=0.00 sys=0.00, real=0.00 secs] 
233.802: Total time for which application threads were stopped: 0.0536290 seconds, Stopping threads took: 0.0530900 seconds
233.803: Application time: 0.0007130 seconds
233.847: [GC233.847: [ParNew: 5548K->636K(6144K), 0.0013330 secs] 13154K->11975K(21888K), 0.0013710 secs] [Times: user=0.01 sys=0.00, real=0.01 secs] 
233.848: Total time for which application threads were stopped: 0.0454100 seconds, Stopping threads took: 0.0439720 seconds
233.926: Application time: 0.0779320 seconds
233.931: [GC233.931: [ParNew: 6121K->6121K(6144K), 0.0000120 secs]233.931: [CMS233.931: [CMS-concurrent-abortable-preclean: 0.000/0.268 secs] [Times: user=1.57 sys=0.04, real=0.27 secs] 
 (concurrent mode failure): 11338K->2512K(15744K), 0.0059750 secs] 17460K->2512K(21888K), [CMS Perm : 5141K->5141K(21248K)], 0.0060380 secs] [Times: user=0.00 sys=0.00, real=0.00 secs] 
233.937: Total time for which application threads were stopped: 0.0101540 seconds, Stopping threads took: 0.0040180 seconds
233.938: Application time: 0.0011460 seconds
233.993: [GC233.993: [ParNew: 5466K->630K(6144K), 0.0016560 secs] 7978K->7649K(21888K), 0.0016830 secs] [Times: user=0.01 sys=0.00, real=0.00 secs] 
233.995: Total time for which application threads were stopped: 0.0574470 seconds, Stopping threads took: 0.0556930 seconds
233.995: Application time: 0.0000460 seconds
233.995: [GC [1 CMS-initial-mark: 7019K(15744K)] 8434K(21888K), 0.0000940 secs] [Times: user=0.00 sys=0.00, real=0.00 secs] 
233.995: Total time for which application threads were stopped: 0.0001790 seconds, Stopping threads took: 0.0000650 seconds
233.995: [CMS-concurrent-mark-start]
233.999: [CMS-concurrent-mark: 0.003/0.003 secs] [Times: user=0.01 sys=0.00, real=0.00 secs] 
233.999: [CMS-concurrent-preclean-start]
233.999: [CMS-concurrent-preclean: 0.000/0.000 secs] [Times: user=0.00 sys=0.00, real=0.00 secs] 
233.999: [CMS-concurrent-abortable-preclean-start]
234.081: Application time: 0.0851860 seconds
234.121: [GC234.121: [ParNew: 6115K->502K(6144K), 0.0005470 secs] 13134K->8334K(21888K), 0.0005830 secs] [Times: user=0.00 sys=0.00, real=0.00 secs] 
234.121: Total time for which application threads were stopped: 0.0407920 seconds, Stopping threads took: 0.0401290 seconds
234.122: Application time: 0.0006070 seconds
234.162: [GC234.162: [ParNew: 5695K->504K(6144K), 0.0020080 secs] 13526K->13219K(21888K), 0.0020470 secs] [Times: user=0.01 sys=0.00, real=0.00 secs] 
234.164: Total time for which application threads were stopped: 0.0419870 seconds, Stopping threads took: 0.0398540 seconds
234.241: Application time: 0.0772610 seconds
234.243: [GC234.243: [ParNew: 5989K->5989K(6144K), 0.0000130 secs]234.243: [CMS234.243: [CMS-concurrent-abortable-preclean: 0.000/0.245 secs] [Times: user=1.46 sys=0.07, real=0.25 secs] 
 (concurrent mode failure): 12714K->3586K(15744K), 0.0062880 secs] 18704K->3586K(21888K), [CMS Perm : 5141K->5141K(21248K)], 0.0063580 secs] [Times: user=0.00 sys=0.00, real=0.01 secs] 
234.250: Total time for which application threads were stopped: 0.0083570 seconds, Stopping threads took: 0.0019060 seconds
234.251: Application time: 0.0011730 seconds
234.291: [GC234.291: [ParNew: 5485K->600K(6144K), 0.0016680 secs] 9072K->8103K(21888K), 0.0017050 secs] [Times: user=0.01 sys=0.00, real=0.00 secs] 
234.292: Total time for which application threads were stopped: 0.0417100 seconds, Stopping threads took: 0.0399280 seconds
234.293: Application time: 0.0000560 seconds
234.345: [GC [1 CMS-initial-mark: 7503K(15744K)] 8302K(21888K), 0.0001010 secs] [Times: user=0.00 sys=0.00, real=0.00 secs] 
234.345: Total time for which application threads were stopped: 0.0528530 seconds, Stopping threads took: 0.0527210 seconds
234.345: [CMS-concurrent-mark-start]
234.349: [CMS-concurrent-mark: 0.004/0.004 secs] [Times: user=0.02 sys=0.00, real=0.01 secs] 
234.349: [CMS-concurrent-preclean-start]
234.349: [CMS-concurrent-preclean: 0.000/0.000 secs] [Times: user=0.00 sys=0.00, real=0.00 secs] 
234.349: [CMS-concurrent-abortable-preclean-start]
234.350: Application time: 0.0042360 seconds
234.423: [GC234.423: [ParNew: 5890K->600K(6144K), 0.0005620 secs] 13393K->8689K(21888K), 0.0005950 secs] [Times: user=0.01 sys=0.00, real=0.00 secs] 
234.423: Total time for which application threads were stopped: 0.0737950 seconds, Stopping threads took: 0.0731200 seconds
234.424: Application time: 0.0007410 seconds
234.483: [GC234.483: [ParNew: 6083K->596K(6144K), 0.0012260 secs] 14173K->11520K(21888K), 0.0012590 secs] [Times: user=0.01 sys=0.00, real=0.00 secs] 
234.484: Total time for which application threads were stopped: 0.0602200 seconds, Stopping threads took: 0.0589020 seconds
234.562: Application time: 0.0780500 seconds
234.564: [GC234.564: [ParNew: 5984K->5984K(6144K), 0.0000140 secs]234.564: [CMS234.564: [CMS-concurrent-abortable-preclean: 0.000/0.215 secs] [Times: user=1.26 sys=0.07, real=0.21 secs] 
 (concurrent mode failure): 10924K->1535K(15744K), 0.0064710 secs] 16908K->1535K(21888K), [CMS Perm : 5141K->5141K(21248K)], 0.0065310 secs] [Times: user=0.00 sys=0.00, real=0.01 secs] 
234.570: Total time for which application threads were stopped: 0.0080040 seconds, Stopping threads took: 0.0013870 seconds
234.571: Application time: 0.0009950 seconds
234.572: [GC234.572: [ParNew: 5368K->628K(6144K), 0.0016030 secs] 6904K->6865K(21888K), 0.0016310 secs] [Times: user=0.01 sys=0.00, real=0.00 secs] 
234.574: Total time for which application threads were stopped: 0.0021160 seconds, Stopping threads took: 0.0004240 seconds
234.574: Application time: 0.0001770 seconds
234.574: [GC [1 CMS-initial-mark: 6237K(15744K)] 8733K(21888K), 0.0000990 secs] [Times: user=0.00 sys=0.00, real=0.00 secs] 
234.574: Total time for which application threads were stopped: 0.0004310 seconds, Stopping threads took: 0.0003080 seconds
234.574: [CMS-concurrent-mark-start]
234.578: [CMS-concurrent-mark: 0.004/0.004 secs] [Times: user=0.02 sys=0.00, real=0.00 secs] 
234.578: [CMS-concurrent-preclean-start]
234.578: [CMS-concurrent-preclean: 0.000/0.000 secs] [Times: user=0.00 sys=0.00, real=0.00 secs] 
234.578: [CMS-concurrent-abortable-preclean-start]
234.667: Application time: 0.0928900 seconds
234.706: [GC234.706: [ParNew: 6113K->207K(6144K), 0.0003590 secs] 12351K->6476K(21888K), 0.0003980 secs] [Times: user=0.00 sys=0.00, real=0.00 secs] 
234.707: Total time for which application threads were stopped: 0.0395940 seconds, Stopping threads took: 0.0391160 seconds
234.707: Application time: 0.0004940 seconds
234.707: [GC234.707: [ParNew: 5497K->602K(6144K), 0.0014800 secs] 11767K->11754K(21888K), 0.0015100 secs] [Times: user=0.00 sys=0.00, real=0.01 secs] 
234.709: Total time for which application threads were stopped: 0.0016890 seconds, Stopping threads took: 0.0001280 seconds
234.786: Application time: 0.0775860 seconds
234.788: [GC234.788: [ParNew: 6087K->6087K(6144K), 0.0000130 secs]234.788: [CMS234.788: [CMS-concurrent-abortable-preclean: 0.000/0.210 secs] [Times: user=1.47 sys=0.04, real=0.22 secs] 
 (concurrent mode failure): 11152K->3684K(15744K), 0.0054150 secs] 17239K->3684K(21888K), [CMS Perm : 5141K->5141K(21248K)], 0.0054790 secs] [Times: user=0.00 sys=0.00, real=0.00 secs] 
234.793: Total time for which application threads were stopped: 0.0067000 seconds, Stopping threads took: 0.0011510 seconds
234.794: Application time: 0.0012330 seconds
234.863: [GC234.863: [ParNew: 5446K->634K(6144K), 0.0013050 secs] 9131K->7085K(21888K), 0.0013410 secs] [Times: user=0.01 sys=0.01, real=0.00 secs] 
234.865: Total time for which application threads were stopped: 0.0701800 seconds, Stopping threads took: 0.0687730 seconds
234.865: Application time: 0.0001140 seconds
234.865: [GC [1 CMS-initial-mark: 6451K(15744K)] 7779K(21888K), 0.0001070 secs] [Times: user=0.00 sys=0.00, real=0.00 secs] 
234.865: Total time for which application threads were stopped: 0.0004200 seconds, Stopping threads took: 0.0002690 seconds
234.865: [CMS-concurrent-mark-start]
234.868: [CMS-concurrent-mark: 0.003/0.003 secs] [Times: user=0.02 sys=0.00, real=0.01 secs] 
234.868: [CMS-concurrent-preclean-start]
234.869: [CMS-concurrent-preclean: 0.000/0.000 secs] [Times: user=0.00 sys=0.00, real=0.00 secs] 
234.869: [CMS-concurrent-abortable-preclean-start]
234.943: Application time: 0.0775910 seconds
234.949: [GC234.949: [ParNew: 6119K->205K(6144K), 0.0004380 secs] 12571K->6698K(21888K), 0.0004710 secs] [Times: user=0.00 sys=0.00, real=0.00 secs] 
234.950: Total time for which application threads were stopped: 0.0068130 seconds, Stopping threads took: 0.0062650 seconds
234.950: Application time: 0.0004260 seconds
234.950: [GC234.950: [ParNew: 5691K->602K(6144K), 0.0015510 secs] 12183K->12173K(21888K), 0.0015800 secs] [Times: user=0.01 sys=0.00, real=0.00 secs] 
234.952: Total time for which application threads were stopped: 0.0018670 seconds, Stopping threads took: 0.0002370 seconds
235.030: Application time: 0.0781520 seconds
235.052: [CMS-concurrent-abortable-preclean: 0.000/0.183 secs] [Times: user=1.30 sys=0.00, real=0.18 secs] 
235.071: [GC235.071: [ParNew: 6087K->6087K(6144K), 0.0000130 secs]235.071: [CMS (concurrent mode failure): 11571K->2805K(15744K), 0.0060150 secs] 17658K->2805K(21888K), [CMS Perm : 5141K->5141K(21248K)], 0.0060730 secs] [Times: user=0.00 sys=0.00, real=0.00 secs] 
235.077: Total time for which application threads were stopped: 0.0469210 seconds, Stopping threads took: 0.0407500 seconds
235.078: Application time: 0.0010450 seconds
235.118: [GC235.118: [ParNew: 5485K->598K(6144K), 0.0019220 secs] 8291K->8301K(21888K), 0.0019550 secs] [Times: user=0.01 sys=0.00, real=0.01 secs] 
235.120: Total time for which application threads were stopped: 0.0421950 seconds, Stopping threads took: 0.0401620 seconds
235.120: Application time: 0.0000560 seconds
235.120: [GC [1 CMS-initial-mark: 7703K(15744K)] 8893K(21888K), 0.0001060 secs] [Times: user=0.00 sys=0.00, real=0.00 secs] 
235.121: Total time for which application threads were stopped: 0.0003280 seconds, Stopping threads took: 0.0001950 seconds
235.121: [CMS-concurrent-mark-start]
235.124: [CMS-concurrent-mark: 0.003/0.003 secs] [Times: user=0.03 sys=0.00, real=0.00 secs] 
235.124: [CMS-concurrent-preclean-start]
235.124: [CMS-concurrent-preclean: 0.000/0.000 secs] [Times: user=0.00 sys=0.00, real=0.00 secs] 
235.124: [CMS-concurrent-abortable-preclean-start]
235.210: Application time: 0.0895460 seconds
235.263: [GC235.263: [ParNew: 5888K->402K(6144K), 0.0003490 secs] 13591K->8106K(21888K), 0.0003850 secs] [Times: user=0.00 sys=0.00, real=0.00 secs] 
235.264: Total time for which application threads were stopped: 0.0538010 seconds, Stopping threads took: 0.0533350 seconds
235.264: Application time: 0.0006150 seconds
235.265: [GC235.265: [ParNew: 5769K->630K(6144K), 0.0018130 secs] 13473K->13414K(21888K), 0.0018470 secs] [Times: user=0.01 sys=0.00, real=0.00 secs] 
235.267: Total time for which application threads were stopped: 0.0023130 seconds, Stopping threads took: 0.0004130 seconds
235.345: Application time: 0.0781210 seconds
235.350: [GC235.351: [ParNew: 6017K->6017K(6144K), 0.0000150 secs]235.351: [CMS235.351: [CMS-concurrent-abortable-preclean: 0.000/0.226 secs] [Times: user=1.47 sys=0.03, real=0.23 secs] 
 (concurrent mode failure): 12784K->3782K(15744K), 0.0061890 secs] 18802K->3782K(21888K), [CMS Perm : 5141K->5141K(21248K)], 0.0062550 secs] [Times: user=0.01 sys=0.00, real=0.00 secs] 
235.357: Total time for which application threads were stopped: 0.0118520 seconds, Stopping threads took: 0.0055050 seconds
235.358: Application time: 0.0012940 seconds
235.427: [GC235.427: [ParNew: 5485K->598K(6144K), 0.0013380 secs] 9267K->7416K(21888K), 0.0013710 secs] [Times: user=0.01 sys=0.00, real=0.01 secs] 
235.429: Total time for which application threads were stopped: 0.0706370 seconds, Stopping threads took: 0.0691890 seconds
235.429: Application time: 0.0000720 seconds
235.469: [GC [1 CMS-initial-mark: 6817K(15744K)] 7526K(21888K), 0.0000940 secs] [Times: user=0.00 sys=0.00, real=0.00 secs] 
235.469: Total time for which application threads were stopped: 0.0398430 seconds, Stopping threads took: 0.0397290 seconds
235.469: [CMS-concurrent-mark-start]
235.472: [CMS-concurrent-mark: 0.003/0.003 secs] [Times: user=0.02 sys=0.00, real=0.00 secs] 
235.472: [CMS-concurrent-preclean-start]
235.472: [CMS-concurrent-preclean: 0.000/0.000 secs] [Times: user=0.00 sys=0.00, real=0.00 secs] 
235.472: [CMS-concurrent-abortable-preclean-start]
235.472: Application time: 0.0035500 seconds
235.546: [GC235.546: [ParNew: 5769K->432K(6144K), 0.0005520 secs] 12587K->7448K(21888K), 0.0005820 secs] [Times: user=0.00 sys=0.00, real=0.00 secs] 
235.547: Total time for which application threads were stopped: 0.0743780 seconds, Stopping threads took: 0.0737460 seconds
235.547: Application time: 0.0004530 seconds
235.599: [GC235.599: [ParNew: 5818K->600K(6144K), 0.0016510 secs] 12834K->12533K(21888K), 0.0016850 secs] [Times: user=0.01 sys=0.00, real=0.01 secs] 
235.600: Total time for which application threads were stopped: 0.0534130 seconds, Stopping threads took: 0.0516490 seconds
235.678: Application time: 0.0772910 seconds
235.680: [GC235.680: [ParNew: 6066K->6066K(6144K), 0.0000130 secs]235.680: [CMS235.680: [CMS-concurrent-abortable-preclean: 0.000/0.208 secs] [Times: user=1.19 sys=0.08, real=0.21 secs] 
 (concurrent mode failure): 11933K->3586K(15744K), 0.0062350 secs] 17999K->3586K(21888K), [CMS Perm : 5141K->5141K(21248K)], 0.0063030 secs] [Times: user=0.00 sys=0.00, real=0.00 secs] 
235.686: Total time for which application threads were stopped: 0.0087340 seconds, Stopping threads took: 0.0023390 seconds
235.688: Application time: 0.0012840 seconds
235.743: [GC235.743: [ParNew: 5485K->598K(6144K), 0.0017130 secs] 9072K->8101K(21888K), 0.0017510 secs] [Times: user=0.01 sys=0.00, real=0.00 secs] 
235.744: Total time for which application threads were stopped: 0.0565980 seconds, Stopping threads took: 0.0547860 seconds
235.744: Application time: 0.0000610 seconds
235.784: [GC [1 CMS-initial-mark: 7503K(15744K)] 8303K(21888K), 0.0001010 secs] [Times: user=0.00 sys=0.00, real=0.00 secs] 
235.784: Total time for which application threads were stopped: 0.0400550 seconds, Stopping threads took: 0.0399310 seconds
235.785: [CMS-concurrent-mark-start]
235.788: [CMS-concurrent-mark: 0.004/0.004 secs] [Times: user=0.02 sys=0.00, real=0.01 secs] 
235.789: [CMS-concurrent-preclean-start]
235.789: [CMS-concurrent-preclean: 0.000/0.000 secs] [Times: user=0.00 sys=0.00, real=0.00 secs] 
235.789: [CMS-concurrent-abortable-preclean-start]
235.789: Application time: 0.0047750 seconds
235.862: [GC235.862: [ParNew: 6044K->636K(6144K), 0.0006900 secs] 13548K->8742K(21888K), 0.0007240 secs] [Times: user=0.00 sys=0.00, real=0.00 secs] 
235.863: Total time for which application threads were stopped: 0.0734370 seconds, Stopping threads took: 0.0726350 seconds
235.863: Application time: 0.0005040 seconds
235.903: [GC235.903: [ParNew: 5926K->504K(6144K), 0.0016380 secs] 14032K->13345K(21888K), 0.0016730 secs] [Times: user=0.01 sys=0.00, real=0.00 secs] 
235.905: Total time for which application threads were stopped: 0.0416740 seconds, Stopping threads took: 0.0399460 seconds
235.982: Application time: 0.0773750 seconds
236.005: [CMS-concurrent-abortable-preclean: 0.000/0.216 secs] [Times: user=1.16 sys=0.09, real=0.21 secs] 
236.023: [GC236.023: [ParNew: 5989K->5989K(6144K), 0.0000120 secs]236.023: [CMS (concurrent mode failure): 12841K->2512K(15744K), 0.0053080 secs] 18831K->2512K(21888K), [CMS Perm : 5141K->5141K(21248K)], 0.0053630 secs] [Times: user=0.01 sys=0.00, real=0.01 secs] 
236.029: Total time for which application threads were stopped: 0.0464800 seconds, Stopping threads took: 0.0410540 seconds
236.030: Application time: 0.0008330 seconds
236.082: [GC236.082: [ParNew: 5386K->598K(6144K), 0.0016050 secs] 7898K->7617K(21888K), 0.0016350 secs] [Times: user=0.01 sys=0.00, real=0.00 secs] 
236.084: Total time for which application threads were stopped: 0.0539750 seconds, Stopping threads took: 0.0522650 seconds
236.084: Application time: 0.0000500 seconds
236.084: [GC [1 CMS-initial-mark: 7019K(15744K)] 7912K(21888K), 0.0000950 secs] [Times: user=0.00 sys=0.00, real=0.00 secs] 
236.084: Total time for which application threads were stopped: 0.0005630 seconds, Stopping threads took: 0.0004320 seconds
236.084: [CMS-concurrent-mark-start]
236.088: [CMS-concurrent-mark: 0.003/0.003 secs] [Times: user=0.03 sys=0.00, real=0.01 secs] 
236.088: [CMS-concurrent-preclean-start]
236.088: [CMS-concurrent-preclean: 0.000/0.000 secs] [Times: user=0.00 sys=0.00, real=0.00 secs] 
236.088: [CMS-concurrent-abortable-preclean-start]
236.172: Application time: 0.0879360 seconds
236.214: [GC236.214: [ParNew: 6083K->203K(6144K), 0.0004350 secs] 13103K->7225K(21888K), 0.0004680 secs] [Times: user=0.00 sys=0.00, real=0.00 secs] 
236.214: Total time for which application threads were stopped: 0.0421760 seconds, Stopping threads took: 0.0416460 seconds
236.215: Application time: 0.0005200 seconds
236.215: [GC236.215: [ParNew: 5493K->602K(6144K), 0.0017520 secs] 12516K->12507K(21888K), 0.0017840 secs] [Times: user=0.01 sys=0.00, real=0.00 secs] 
236.217: Total time for which application threads were stopped: 0.0021070 seconds, Stopping threads took: 0.0002500 seconds
236.295: Application time: 0.0782490 seconds
236.296: [GC236.296: [ParNew: 5989K->5989K(6144K), 0.0000140 secs]236.296: [CMS236.296: [CMS-concurrent-abortable-preclean: 0.000/0.209 secs] [Times: user=1.42 sys=0.03, real=0.20 secs] 
 (concurrent mode failure): 11905K->3587K(15744K), 0.0069900 secs] 17895K->3587K(21888K), [CMS Perm : 5141K->5141K(21248K)], 0.0070570 secs] [Times: user=0.00 sys=0.00, real=0.01 secs] 
236.303: Total time for which application threads were stopped: 0.0082170 seconds, Stopping threads took: 0.0010700 seconds
236.305: Application time: 0.0013680 seconds
236.361: [GC236.361: [ParNew: 5388K->500K(6144K), 0.0014710 secs] 8975K->8004K(21888K), 0.0015040 secs] [Times: user=0.01 sys=0.00, real=0.00 secs] 
236.363: Total time for which application threads were stopped: 0.0580330 seconds, Stopping threads took: 0.0564540 seconds
236.374: Application time: 0.0114910 seconds
236.464: [GC [1 CMS-initial-mark: 7503K(15744K)] 12298K(21888K), 0.0001410 secs] [Times: user=0.00 sys=0.00, real=0.00 secs] 
236.464: Total time for which application threads were stopped: 0.0894470 seconds, Stopping threads took: 0.0892710 seconds
236.464: [CMS-concurrent-mark-start]
236.464: Application time: 0.0002580 seconds
236.464: [GC236.464: [ParNew: 5966K->628K(6144K), 0.0006340 secs] 13470K->8722K(21888K), 0.0006560 secs] [Times: user=0.00 sys=0.00, real=0.00 secs] 
236.465: Total time for which application threads were stopped: 0.0009690 seconds, Stopping threads took: 0.0002540 seconds
236.466: Application time: 0.0011500 seconds
236.535: [GC236.535: [ParNew: 6113K->500K(6144K), 0.0013960 secs] 14208K->11165K(21888K), 0.0014330 secs] [Times: user=0.01 sys=0.00, real=0.00 secs] 
236.537: Total time for which application threads were stopped: 0.0707100 seconds, Stopping threads took: 0.0692010 seconds
236.540: [CMS-concurrent-mark: 0.004/0.076 secs] [Times: user=0.22 sys=0.04, real=0.08 secs] 
236.540: [CMS-concurrent-preclean-start]
236.540: [CMS-concurrent-preclean: 0.000/0.000 secs] [Times: user=0.00 sys=0.00, real=0.00 secs] 
236.540: [CMS-concurrent-abortable-preclean-start]
236.614: Application time: 0.0775750 seconds
236.617: [GC236.617: [ParNew: 5888K->205K(6144K), 0.0006170 secs] 16553K->10870K(21888K), 0.0006520 secs] [Times: user=0.00 sys=0.00, real=0.00 secs] 
236.618: Total time for which application threads were stopped: 0.0037680 seconds, Stopping threads took: 0.0030360 seconds
236.619: Application time: 0.0003820 seconds
236.619: [GC236.619: [ParNew: 5495K->602K(6144K), 0.0012930 secs] 16160K->16149K(21888K), 0.0013200 secs] [Times: user=0.01 sys=0.00, real=0.01 secs] 
236.620: Total time for which application threads were stopped: 0.0017870 seconds, Stopping threads took: 0.0003830 seconds
236.620: [CMS-concurrent-abortable-preclean: 0.000/0.081 secs] [Times: user=0.62 sys=0.01, real=0.08 secs] 
236.620: Application time: 0.0000740 seconds
236.621: [GC[YG occupancy: 2368 K (6144 K)]236.621: [Rescan (parallel) , 0.0001670 secs]236.621: [weak refs processing, 0.0000060 secs]236.621: [scrub string table, 0.0000740 secs] [1 CMS-remark: 15547K(15744K)] 17915K(21888K), 0.0002730 secs] [Times: user=0.00 sys=0.00, real=0.00 secs] 
236.621: Total time for which application threads were stopped: 0.0004520 seconds, Stopping threads took: 0.0001530 seconds
236.621: [CMS-concurrent-sweep-start]
236.622: [CMS-concurrent-sweep: 0.001/0.001 secs] [Times: user=0.01 sys=0.00, real=0.00 secs] 
236.622: [CMS-concurrent-reset-start]
236.623: [CMS-concurrent-reset: 0.000/0.000 secs] [Times: user=0.00 sys=0.00, real=0.00 secs] 
236.699: Application time: 0.0778320 seconds
236.741: [GC236.741: [ParNew: 6087K->498K(6144K), 0.0005410 secs] 15469K->10661K(21888K), 0.0005760 secs] [Times: user=0.00 sys=0.00, real=0.00 secs] 
236.742: Total time for which application threads were stopped: 0.0431790 seconds, Stopping threads took: 0.0425360 seconds
236.742: Application time: 0.0000650 seconds
236.782: [GC [1 CMS-initial-mark: 10163K(15744K)] 10867K(21888K), 0.0001050 secs] [Times: user=0.00 sys=0.00, real=0.00 secs] 
236.782: Total time for which application threads were stopped: 0.0399060 seconds, Stopping threads took: 0.0397800 seconds
236.782: [CMS-concurrent-mark-start]
236.783: Application time: 0.0007620 seconds
236.834: [GC236.834: [ParNew: 5886K->5886K(6144K), 0.0000120 secs]236.834: [CMS236.835: [CMS-concurrent-mark: 0.002/0.053 secs] [Times: user=0.08 sys=0.03, real=0.05 secs] 
 (concurrent mode failure): 10163K->5833K(15744K), 0.0077780 secs] 16049K->5833K(21888K), [CMS Perm : 5141K->5141K(21248K)], 0.0078440 secs] [Times: user=0.01 sys=0.00, real=0.01 secs] 
236.841: Total time for which application threads were stopped: 0.0588180 seconds, Stopping threads took: 0.0509090 seconds
236.933: Application time: 0.0917980 seconds
236.972: [GC236.972: [ParNew: 5387K->209K(6144K), 0.0005000 secs] 11221K->6042K(21888K), 0.0005330 secs] [Times: user=0.00 sys=0.00, real=0.00 secs] 
236.972: Total time for which application threads were stopped: 0.0389790 seconds, Stopping threads took: 0.0383760 seconds
236.973: Application time: 0.0006210 seconds
236.973: [GC236.973: [ParNew: 5656K->634K(6144K), 0.0014060 secs] 11489K->11390K(21888K), 0.0014340 secs] [Times: user=0.01 sys=0.00, real=0.00 secs] 
236.975: Total time for which application threads were stopped: 0.0019060 seconds, Stopping threads took: 0.0003980 seconds
236.975: Application time: 0.0001750 seconds
236.975: [GC [1 CMS-initial-mark: 10756K(15744K)] 13749K(21888K), 0.0000890 secs] [Times: user=0.00 sys=0.00, real=0.00 secs] 
236.975: Total time for which application threads were stopped: 0.0003570 seconds, Stopping threads took: 0.0002450 seconds
236.975: [CMS-concurrent-mark-start]
236.979: [CMS-concurrent-mark: 0.003/0.003 secs] [Times: user=0.01 sys=0.00, real=0.00 secs] 
236.979: [CMS-concurrent-preclean-start]
236.979: [CMS-concurrent-preclean: 0.000/0.000 secs] [Times: user=0.00 sys=0.00, real=0.00 secs] 
236.979: [CMS-concurrent-abortable-preclean-start]
237.053: Application time: 0.0773770 seconds
237.079: [CMS-concurrent-abortable-preclean: 0.000/0.100 secs] [Times: user=0.69 sys=0.01, real=0.10 secs] 
237.096: [GC237.096: [ParNew: 6119K->6119K(6144K), 0.0000130 secs]237.096: [CMS (concurrent mode failure): 10756K->1536K(15744K), 0.0049350 secs] 16876K->1536K(21888K), [CMS Perm : 5141K->5141K(21248K)], 0.0049890 secs] [Times: user=0.01 sys=0.00, real=0.01 secs] 
237.101: Total time for which application threads were stopped: 0.0479730 seconds, Stopping threads took: 0.0429240 seconds
237.102: Application time: 0.0009600 seconds
237.102: [GC237.102: [ParNew: 5368K->628K(6144K), 0.0014110 secs] 6905K->6866K(21888K), 0.0014370 secs] [Times: user=0.01 sys=0.00, real=0.00 secs] 
237.103: Total time for which application threads were stopped: 0.0017480 seconds, Stopping threads took: 0.0002540 seconds
237.103: Application time: 0.0000920 seconds
237.104: [GC [1 CMS-initial-mark: 6238K(15744K)] 7851K(21888K), 0.0000860 secs] [Times: user=0.00 sys=0.00, real=0.00 secs] 
237.104: Total time for which application threads were stopped: 0.0005350 seconds, Stopping threads took: 0.0004050 seconds
237.104: [CMS-concurrent-mark-start]
237.108: [CMS-concurrent-mark: 0.004/0.004 secs] [Times: user=0.03 sys=0.00, real=0.01 secs] 
237.108: [CMS-concurrent-preclean-start]
237.108: [CMS-concurrent-preclean: 0.000/0.000 secs] [Times: user=0.00 sys=0.00, real=0.00 secs] 
237.108: [CMS-concurrent-abortable-preclean-start]
237.192: Application time: 0.0878430 seconds
237.235: [GC237.235: [ParNew: 5996K->40K(6144K), 0.0005080 secs] 12235K->6308K(21888K), 0.0005410 secs] [Times: user=0.00 sys=0.00, real=0.00 secs] 
237.236: Total time for which application threads were stopped: 0.0439440 seconds, Stopping threads took: 0.0433500 seconds
237.236: Application time: 0.0005020 seconds
237.237: [GC237.237: [ParNew: 5330K->630K(6144K), 0.0016120 secs] 11598K->11587K(21888K), 0.0016420 secs] [Times: user=0.02 sys=0.00, real=0.00 secs] 
237.238: Total time for which application threads were stopped: 0.0020030 seconds, Stopping threads took: 0.0003120 seconds
237.316: Application time: 0.0773790 seconds
237.338: [CMS-concurrent-abortable-preclean: 0.000/0.231 secs] [Times: user=1.48 sys=0.02, real=0.22 secs] 
237.357: [GC237.357: [ParNew: 6017K->6017K(6144K), 0.0000130 secs]237.357: [CMS (concurrent mode failure): 10957K->2318K(15744K), 0.0059890 secs] 16975K->2318K(21888K), [CMS Perm : 5141K->5141K(21248K)], 0.0060490 secs] [Times: user=0.00 sys=0.00, real=0.01 secs] 
237.363: Total time for which application threads were stopped: 0.0474510 seconds, Stopping threads took: 0.0413100 seconds
237.364: Application time: 0.0011450 seconds
237.365: [GC237.365: [ParNew: 5481K->598K(6144K), 0.0014910 secs] 7799K->7815K(21888K), 0.0015190 secs] [Times: user=0.01 sys=0.00, real=0.00 secs] 
237.366: Total time for which application threads were stopped: 0.0018120 seconds, Stopping threads took: 0.0002210 seconds
237.366: Application time: 0.0000480 seconds
237.366: [GC [1 CMS-initial-mark: 7217K(15744K)] 8308K(21888K), 0.0000800 secs] [Times: user=0.00 sys=0.00, real=0.00 secs] 
237.366: Total time for which application threads were stopped: 0.0001530 seconds, Stopping threads took: 0.0000530 seconds
237.366: [CMS-concurrent-mark-start]
237.373: [CMS-concurrent-mark: 0.007/0.007 secs] [Times: user=0.04 sys=0.00, real=0.01 secs] 
237.375: [CMS-concurrent-preclean-start]
237.375: [CMS-concurrent-preclean: 0.000/0.000 secs] [Times: user=0.00 sys=0.00, real=0.00 secs] 
237.375: [CMS-concurrent-abortable-preclean-start]
237.448: Application time: 0.0818570 seconds
237.491: [GC237.491: [ParNew: 6083K->500K(6144K), 0.0007740 secs] 13301K->9476K(21888K), 0.0008120 secs] [Times: user=0.01 sys=0.00, real=0.00 secs] 
237.492: Total time for which application threads were stopped: 0.0439340 seconds, Stopping threads took: 0.0430630 seconds
237.495: Application time: 0.0034020 seconds
237.565: [GC237.565: [ParNew: 5964K->530K(6144K), 0.0008010 secs] 14940K->10483K(21888K), 0.0008330 secs] [Times: user=0.00 sys=0.00, real=0.00 secs] 
237.566: Total time for which application threads were stopped: 0.0700790 seconds, Stopping threads took: 0.0691710 seconds
237.566: Application time: 0.0008840 seconds
237.606: [GC237.606: [ParNew: 6016K->600K(6144K), 0.0015460 secs] 15969K->14488K(21888K), 0.0015830 secs] [Times: user=0.01 sys=0.00, real=0.01 secs] 
237.608: Total time for which application threads were stopped: 0.0416470 seconds, Stopping threads took: 0.0399970 seconds
237.683: Application time: 0.0746130 seconds
237.691: [GC237.691: [ParNew: 6085K->6085K(6144K), 0.0000120 secs]237.691: [CMS237.691: [CMS-concurrent-abortable-preclean: 0.000/0.316 secs] [Times: user=1.80 sys=0.08, real=0.32 secs] 
 (concurrent mode failure): 13887K->2708K(15744K), 0.0060470 secs] 19973K->2708K(21888K), [CMS Perm : 5141K->5141K(21248K)], 0.0061120 secs] [Times: user=0.01 sys=0.00, real=0.00 secs] 
237.697: Total time for which application threads were stopped: 0.0143480 seconds, Stopping threads took: 0.0081690 seconds
237.698: Application time: 0.0010790 seconds
237.738: [GC237.738: [ParNew: 5485K->602K(6144K), 0.0018150 secs] 8194K->8110K(21888K), 0.0018470 secs] [Times: user=0.01 sys=0.00, real=0.01 secs] 
237.740: Total time for which application threads were stopped: 0.0416170 seconds, Stopping threads took: 0.0396970 seconds
237.740: Application time: 0.0000550 seconds
237.780: [GC [1 CMS-initial-mark: 7508K(15744K)] 8505K(21888K), 0.0001040 secs] [Times: user=0.00 sys=0.00, real=0.00 secs] 
237.780: Total time for which application threads were stopped: 0.0399970 seconds, Stopping threads took: 0.0398480 seconds
237.780: [CMS-concurrent-mark-start]
237.783: [CMS-concurrent-mark: 0.003/0.003 secs] [Times: user=0.01 sys=0.00, real=0.00 secs] 
237.783: [CMS-concurrent-preclean-start]
237.783: [CMS-concurrent-preclean: 0.000/0.000 secs] [Times: user=0.00 sys=0.00, real=0.00 secs] 
237.783: [CMS-concurrent-abortable-preclean-start]
237.867: Application time: 0.0871760 seconds
237.919: [GC237.919: [ParNew: 5989K->400K(6144K), 0.0003480 secs] 13498K->7909K(21888K), 0.0003820 secs] [Times: user=0.00 sys=0.00, real=0.00 secs] 
237.919: Total time for which application threads were stopped: 0.0523810 seconds, Stopping threads took: 0.0519380 seconds
237.920: Application time: 0.0006120 seconds
237.920: [GC237.920: [ParNew: 5867K->530K(6144K), 0.0015880 secs] 13376K->13315K(21888K), 0.0016250 secs] [Times: user=0.01 sys=0.00, real=0.00 secs] 
237.922: Total time for which application threads were stopped: 0.0020430 seconds, Stopping threads took: 0.0003640 seconds
238.001: Application time: 0.0788860 seconds
238.022: [CMS-concurrent-abortable-preclean: 0.000/0.239 secs] [Times: user=1.46 sys=0.04, real=0.24 secs] 
238.041: [GC238.041: [ParNew: 5870K->5870K(6144K), 0.0000130 secs]238.041: [CMS (concurrent mode failure): 12784K->2680K(15744K), 0.0061350 secs] 18655K->2680K(21888K), [CMS Perm : 5141K->5141K(21248K)], 0.0061900 secs] [Times: user=0.01 sys=0.00, real=0.00 secs] 
238.047: Total time for which application threads were stopped: 0.0462400 seconds, Stopping threads took: 0.0399670 seconds
238.048: Application time: 0.0010460 seconds
238.088: [GC238.088: [ParNew: 5415K->628K(6144K), 0.0016270 secs] 8096K->7813K(21888K), 0.0016560 secs] [Times: user=0.01 sys=0.00, real=0.00 secs] 
238.090: Total time for which application threads were stopped: 0.0417660 seconds, Stopping threads took: 0.0400360 seconds
238.090: Application time: 0.0000580 seconds
238.090: [GC [1 CMS-initial-mark: 7185K(15744K)] 8602K(21888K), 0.0001050 secs] [Times: user=0.00 sys=0.00, real=0.00 secs] 
238.090: Total time for which application threads were stopped: 0.0003320 seconds, Stopping threads took: 0.0002020 seconds
238.090: [CMS-concurrent-mark-start]
238.094: [CMS-concurrent-mark: 0.004/0.004 secs] [Times: user=0.02 sys=0.00, real=0.00 secs] 
238.094: [CMS-concurrent-preclean-start]
238.095: [CMS-concurrent-preclean: 0.000/0.000 secs] [Times: user=0.00 sys=0.00, real=0.00 secs] 
238.095: [CMS-concurrent-abortable-preclean-start]
238.179: Application time: 0.0882680 seconds
238.220: [GC238.220: [ParNew: 6113K->402K(6144K), 0.0006260 secs] 13298K->7618K(21888K), 0.0006610 secs] [Times: user=0.00 sys=0.00, real=0.00 secs] 
238.221: Total time for which application threads were stopped: 0.0424130 seconds, Stopping threads took: 0.0416780 seconds
238.222: Application time: 0.0006120 seconds
238.222: [GC238.222: [ParNew: 5869K->532K(6144K), 0.0017860 secs] 13085K->13024K(21888K), 0.0018220 secs] [Times: user=0.01 sys=0.00, real=0.00 secs] 
238.224: Total time for which application threads were stopped: 0.0023060 seconds, Stopping threads took: 0.0004090 seconds
238.301: Application time: 0.0772870 seconds
238.303: [GC238.303: [ParNew: 5920K->5920K(6144K), 0.0000130 secs]238.304: [CMS238.304: [CMS-concurrent-abortable-preclean: 0.000/0.209 secs] [Times: user=1.45 sys=0.02, real=0.21 secs] 
 (concurrent mode failure): 12491K->3880K(15744K), 0.0061040 secs] 18411K->3880K(21888K), [CMS Perm : 5141K->5141K(21248K)], 0.0061790 secs] [Times: user=0.00 sys=0.00, real=0.01 secs] 
238.310: Total time for which application threads were stopped: 0.0083990 seconds, Stopping threads took: 0.0021230 seconds
238.311: Application time: 0.0012310 seconds
238.380: [GC238.380: [ParNew: 5485K->598K(6144K), 0.0012650 secs] 9366K->7612K(21888K), 0.0013040 secs] [Times: user=0.01 sys=0.00, real=0.00 secs] 
238.381: Total time for which application threads were stopped: 0.0700880 seconds, Stopping threads took: 0.0687010 seconds
238.381: Application time: 0.0000480 seconds
238.422: [GC [1 CMS-initial-mark: 7014K(15744K)] 7809K(21888K), 0.0001050 secs] [Times: user=0.00 sys=0.00, real=0.00 secs] 
238.422: Total time for which application threads were stopped: 0.0410330 seconds, Stopping threads took: 0.0408940 seconds
238.422: [CMS-concurrent-mark-start]
238.425: [CMS-concurrent-mark: 0.003/0.003 secs] [Times: user=0.02 sys=0.00, real=0.00 secs] 
238.426: [CMS-concurrent-preclean-start]
238.426: [CMS-concurrent-preclean: 0.000/0.000 secs] [Times: user=0.00 sys=0.00, real=0.00 secs] 
238.426: [CMS-concurrent-abortable-preclean-start]
238.426: Application time: 0.0036950 seconds
238.501: [GC238.501: [ParNew: 5888K->404K(6144K), 0.0005730 secs] 12902K->7421K(21888K), 0.0006040 secs] [Times: user=0.00 sys=0.00, real=0.00 secs] 
238.501: Total time for which application threads were stopped: 0.0754360 seconds, Stopping threads took: 0.0747660 seconds
238.502: Application time: 0.0004980 seconds
238.502: [GC238.502: [ParNew: 5792K->602K(6144K), 0.0017280 secs] 12809K->12801K(21888K), 0.0017600 secs] [Times: user=0.01 sys=0.01, real=0.00 secs] 
238.504: Total time for which application threads were stopped: 0.0021660 seconds, Stopping threads took: 0.0003320 seconds
238.582: Application time: 0.0778970 seconds
238.604: [CMS-concurrent-abortable-preclean: 0.000/0.178 secs] [Times: user=1.22 sys=0.06, real=0.18 secs] 
238.623: [GC238.623: [ParNew: 6087K->6087K(6144K), 0.0000130 secs]238.623: [CMS (concurrent mode failure): 12198K->2903K(15744K), 0.0053510 secs] 18286K->2903K(21888K), [CMS Perm : 5141K->5141K(21248K)], 0.0054090 secs] [Times: user=0.01 sys=0.00, real=0.01 secs] 
238.628: Total time for which application threads were stopped: 0.0464620 seconds, Stopping threads took: 0.0409910 seconds
238.629: Application time: 0.0010970 seconds
238.682: [GC238.682: [ParNew: 5485K->598K(6144K), 0.0017590 secs] 8389K->7811K(21888K), 0.0017940 secs] [Times: user=0.01 sys=0.00, real=0.00 secs] 
238.683: Total time for which application threads were stopped: 0.0540300 seconds, Stopping threads took: 0.0521600 seconds
238.683: Application time: 0.0000720 seconds
238.684: [GC [1 CMS-initial-mark: 7213K(15744K)] 8696K(21888K), 0.0001050 secs] [Times: user=0.00 sys=0.00, real=0.00 secs] 
238.684: Total time for which application threads were stopped: 0.0003590 seconds, Stopping threads took: 0.0002060 seconds
238.684: [CMS-concurrent-mark-start]
238.690: [CMS-concurrent-mark: 0.007/0.007 secs] [Times: user=0.03 sys=0.01, real=0.01 secs] 
238.690: [CMS-concurrent-preclean-start]
238.691: [CMS-concurrent-preclean: 0.000/0.000 secs] [Times: user=0.00 sys=0.00, real=0.00 secs] 
238.691: [CMS-concurrent-abortable-preclean-start]
238.767: Application time: 0.0836750 seconds
238.779: [GC238.779: [ParNew: 6083K->596K(6144K), 0.0007960 secs] 13297K->8984K(21888K), 0.0008330 secs] [Times: user=0.00 sys=0.00, real=0.01 secs] 
238.780: Total time for which application threads were stopped: 0.0121420 seconds, Stopping threads took: 0.0112250 seconds
238.781: Application time: 0.0009140 seconds
238.833: [GC238.833: [ParNew: 5984K->600K(6144K), 0.0014810 secs] 14372K->13382K(21888K), 0.0015180 secs] [Times: user=0.01 sys=0.00, real=0.00 secs] 
238.835: Total time for which application threads were stopped: 0.0541490 seconds, Stopping threads took: 0.0525540 seconds
238.912: Application time: 0.0771370 seconds
238.935: [CMS-concurrent-abortable-preclean: 0.000/0.244 secs] [Times: user=1.47 sys=0.05, real=0.24 secs] 
238.953: [GC238.953: [ParNew: 5773K->5773K(6144K), 0.0000130 secs]238.953: [CMS (concurrent mode failure): 12782K->1732K(15744K), 0.0057820 secs] 18556K->1732K(21888K), [CMS Perm : 5141K->5141K(21248K)], 0.0058410 secs] [Times: user=0.01 sys=0.00, real=0.00 secs] 
238.959: Total time for which application threads were stopped: 0.0472370 seconds, Stopping threads took: 0.0413240 seconds
238.960: Application time: 0.0010670 seconds
239.013: [GC239.013: [ParNew: 5349K->634K(6144K), 0.0012760 secs] 7081K->6311K(21888K), 0.0013060 secs] [Times: user=0.01 sys=0.00, real=0.00 secs] 
239.014: Total time for which application threads were stopped: 0.0542840 seconds, Stopping threads took: 0.0529040 seconds
239.014: Application time: 0.0000710 seconds
239.015: [GC [1 CMS-initial-mark: 5677K(15744K)] 7587K(21888K), 0.0000910 secs] [Times: user=0.00 sys=0.00, real=0.00 secs] 
239.015: Total time for which application threads were stopped: 0.0002810 seconds, Stopping threads took: 0.0001670 seconds
239.015: [CMS-concurrent-mark-start]
239.018: [CMS-concurrent-mark: 0.003/0.003 secs] [Times: user=0.01 sys=0.00, real=0.00 secs] 
239.018: [CMS-concurrent-preclean-start]
239.018: [CMS-concurrent-preclean: 0.000/0.000 secs] [Times: user=0.00 sys=0.00, real=0.00 secs] 
239.018: [CMS-concurrent-abortable-preclean-start]
239.092: Application time: 0.0777140 seconds
239.099: [GC239.099: [ParNew: 6002K->630K(6144K), 0.0007970 secs] 11679K->6929K(21888K), 0.0008330 secs] [Times: user=0.00 sys=0.00, real=0.01 secs] 
239.100: Total time for which application threads were stopped: 0.0073760 seconds, Stopping threads took: 0.0064610 seconds
239.101: Application time: 0.0008560 seconds
239.152: [GC239.152: [ParNew: 6115K->598K(6144K), 0.0014900 secs] 12414K->10832K(21888K), 0.0015320 secs] [Times: user=0.01 sys=0.01, real=0.00 secs] 
239.154: Total time for which application threads were stopped: 0.0531960 seconds, Stopping threads took: 0.0515800 seconds
239.232: Application time: 0.0780680 seconds
239.233: [GC239.233: [ParNew: 5888K->5888K(6144K), 0.0000140 secs]239.233: [CMS239.233: [CMS-concurrent-abortable-preclean: 0.001/0.214 secs] [Times: user=1.40 sys=0.02, real=0.22 secs] 
 (concurrent mode failure): 10234K->2513K(15744K), 0.0067210 secs] 16122K->2513K(21888K), [CMS Perm : 5141K->5141K(21248K)], 0.0067830 secs] [Times: user=0.01 sys=0.00, real=0.00 secs] 
239.239: Total time for which application threads were stopped: 0.0074440 seconds, Stopping threads took: 0.0005870 seconds
239.241: Application time: 0.0011460 seconds
239.282: [GC239.282: [ParNew: 5466K->630K(6144K), 0.0015840 secs] 7980K->7650K(21888K), 0.0016160 secs] [Times: user=0.01 sys=0.00, real=0.00 secs] 
239.284: Total time for which application threads were stopped: 0.0433290 seconds, Stopping threads took: 0.0416370 seconds
239.284: Application time: 0.0001890 seconds
239.337: [GC [1 CMS-initial-mark: 7020K(15744K)] 8541K(21888K), 0.0000980 secs] [Times: user=0.00 sys=0.00, real=0.00 secs] 
239.337: Total time for which application threads were stopped: 0.0532440 seconds, Stopping threads took: 0.0531070 seconds
239.337: [CMS-concurrent-mark-start]
239.341: [CMS-concurrent-mark: 0.004/0.004 secs] [Times: user=0.02 sys=0.00, real=0.01 secs] 
239.341: [CMS-concurrent-preclean-start]
239.341: [CMS-concurrent-preclean: 0.000/0.000 secs] [Times: user=0.00 sys=0.00, real=0.00 secs] 
239.341: [CMS-concurrent-abortable-preclean-start]
239.422: Application time: 0.0849830 seconds
239.434: [GC239.434: [ParNew: 6115K->207K(6144K), 0.0003390 secs] 13136K->7257K(21888K), 0.0003720 secs] [Times: user=0.00 sys=0.00, real=0.00 secs] 
239.435: Total time for which application threads were stopped: 0.0121520 seconds, Stopping threads took: 0.0117260 seconds
239.435: Application time: 0.0004720 seconds
239.435: [GC239.435: [ParNew: 5691K->602K(6144K), 0.0015510 secs] 12740K->12732K(21888K), 0.0015870 secs] [Times: user=0.01 sys=0.00, real=0.00 secs] 
239.437: Total time for which application threads were stopped: 0.0019710 seconds, Stopping threads took: 0.0003200 seconds
239.514: Application time: 0.0773090 seconds
239.537: [CMS-concurrent-abortable-preclean: 0.000/0.196 secs] [Times: user=1.37 sys=0.02, real=0.19 secs] 
239.555: [GC239.555: [ParNew: 5794K->5794K(6144K), 0.0000130 secs]239.555: [CMS (concurrent mode failure): 12130K->2513K(15744K), 0.0059730 secs] 17924K->2513K(21888K), [CMS Perm : 5141K->5141K(21248K)], 0.0060300 secs] [Times: user=0.01 sys=0.00, real=0.01 secs] 
239.561: Total time for which application threads were stopped: 0.0469430 seconds, Stopping threads took: 0.0408220 seconds
239.562: Application time: 0.0009680 seconds
239.602: [GC239.602: [ParNew: 5386K->598K(6144K), 0.0017490 secs] 7899K->7618K(21888K), 0.0017800 secs] [Times: user=0.01 sys=0.00, real=0.00 secs] 
239.604: Total time for which application threads were stopped: 0.0418710 seconds, Stopping threads took: 0.0400260 seconds
239.604: Application time: 0.0000760 seconds
239.604: [GC [1 CMS-initial-mark: 7020K(15744K)] 8798K(21888K), 0.0001040 secs] [Times: user=0.00 sys=0.00, real=0.00 secs] 
239.605: Total time for which application threads were stopped: 0.0004370 seconds, Stopping threads took: 0.0002850 seconds
239.605: [CMS-concurrent-mark-start]
239.608: [CMS-concurrent-mark: 0.003/0.003 secs] [Times: user=0.03 sys=0.00, real=0.01 secs] 
239.608: [CMS-concurrent-preclean-start]
239.608: [CMS-concurrent-preclean: 0.000/0.000 secs] [Times: user=0.00 sys=0.00, real=0.00 secs] 
239.608: [CMS-concurrent-abortable-preclean-start]
239.691: Application time: 0.0861010 seconds
239.733: [GC239.733: [ParNew: 6064K->624K(6144K), 0.0005960 secs] 13084K->8231K(21888K), 0.0006320 secs] [Times: user=0.00 sys=0.00, real=0.00 secs] 
239.733: Total time for which application threads were stopped: 0.0427250 seconds, Stopping threads took: 0.0420150 seconds
239.734: Application time: 0.0006700 seconds
239.774: [GC239.774: [ParNew: 6012K->598K(6144K), 0.0016170 secs] 13619K->13116K(21888K), 0.0016530 secs] [Times: user=0.02 sys=0.00, real=0.00 secs] 
239.776: Total time for which application threads were stopped: 0.0415620 seconds, Stopping threads took: 0.0398340 seconds
239.854: Application time: 0.0786950 seconds
239.876: [CMS-concurrent-abortable-preclean: 0.000/0.268 secs] [Times: user=1.47 sys=0.06, real=0.26 secs] 
239.895: [GC239.895: [ParNew: 6083K->6083K(6144K), 0.0000120 secs]239.895: [CMS (concurrent mode failure): 12518K->2611K(15744K), 0.0059890 secs] 18602K->2611K(21888K), [CMS Perm : 5141K->5141K(21248K)], 0.0060450 secs] [Times: user=0.01 sys=0.00, real=0.01 secs] 
239.901: Total time for which application threads were stopped: 0.0462800 seconds, Stopping threads took: 0.0401650 seconds
239.902: Application time: 0.0009990 seconds
239.941: [GC239.941: [ParNew: 5466K->628K(6144K), 0.0016820 secs] 8078K->8037K(21888K), 0.0017180 secs] [Times: user=0.01 sys=0.00, real=0.00 secs] 
239.943: Total time for which application threads were stopped: 0.0414960 seconds, Stopping threads took: 0.0397190 seconds
239.943: Application time: 0.0001030 seconds
239.983: [GC [1 CMS-initial-mark: 7409K(15744K)] 9219K(21888K), 0.0000990 secs] [Times: user=0.00 sys=0.00, real=0.00 secs] 
239.983: Total time for which application threads were stopped: 0.0401750 seconds, Stopping threads took: 0.0400310 seconds
239.983: [CMS-concurrent-mark-start]
239.987: [CMS-concurrent-mark: 0.003/0.003 secs] [Times: user=0.01 sys=0.00, real=0.00 secs] 
239.987: [CMS-concurrent-preclean-start]
239.987: [CMS-concurrent-preclean: 0.000/0.000 secs] [Times: user=0.00 sys=0.00, real=0.00 secs] 
239.987: [CMS-concurrent-abortable-preclean-start]
240.071: Application time: 0.0878580 seconds
240.113: [GC240.113: [ParNew: 6016K->207K(6144K), 0.0004430 secs] 13425K->7649K(21888K), 0.0004740 secs] [Times: user=0.00 sys=0.00, real=0.00 secs] 
240.113: Total time for which application threads were stopped: 0.0420910 seconds, Stopping threads took: 0.0415580 seconds
240.114: Application time: 0.0005360 seconds
240.114: [GC240.114: [ParNew: 5693K->602K(6144K), 0.0017950 secs] 13135K->13123K(21888K), 0.0018360 secs] [Times: user=0.01 sys=0.00, real=0.00 secs] 
240.116: Total time for which application threads were stopped: 0.0023880 seconds, Stopping threads took: 0.0004770 seconds
240.194: Application time: 0.0780920 seconds
240.198: [GC240.198: [ParNew: 6039K->6039K(6144K), 0.0000150 secs]240.198: [CMS240.199: [CMS-concurrent-abortable-preclean: 0.000/0.211 secs] [Times: user=1.42 sys=0.03, real=0.21 secs] 
 (concurrent mode failure): 12520K->3755K(15744K), 0.0062210 secs] 18560K->3755K(21888K), [CMS Perm : 5141K->5141K(21248K)], 0.0062860 secs] [Times: user=0.00 sys=0.00, real=0.01 secs] 
240.205: Total time for which application threads were stopped: 0.0103970 seconds, Stopping threads took: 0.0040200 seconds
240.206: Application time: 0.0012340 seconds
240.255: [GC240.255: [ParNew: 5416K->626K(6144K), 0.0014290 secs] 9171K->8886K(21888K), 0.0014640 secs] [Times: user=0.01 sys=0.00, real=0.00 secs] 
240.256: Total time for which application threads were stopped: 0.0504840 seconds, Stopping threads took: 0.0489450 seconds
240.257: Application time: 0.0000790 seconds
240.257: [GC [1 CMS-initial-mark: 8259K(15744K)] 9181K(21888K), 0.0001060 secs] [Times: user=0.00 sys=0.00, real=0.00 secs] 
240.257: Total time for which application threads were stopped: 0.0003100 seconds, Stopping threads took: 0.0001790 seconds
240.257: [CMS-concurrent-mark-start]
240.261: [CMS-concurrent-mark: 0.004/0.004 secs] [Times: user=0.02 sys=0.00, real=0.01 secs] 
240.261: [CMS-concurrent-preclean-start]
240.261: [CMS-concurrent-preclean: 0.000/0.000 secs] [Times: user=0.00 sys=0.00, real=0.00 secs] 
240.261: [CMS-concurrent-abortable-preclean-start]
240.336: Application time: 0.0787080 seconds
240.376: [GC240.376: [ParNew: 6111K->498K(6144K), 0.0007410 secs] 14371K->9767K(21888K), 0.0007770 secs] [Times: user=0.00 sys=0.00, real=0.00 secs] 
240.377: Total time for which application threads were stopped: 0.0416410 seconds, Stopping threads took: 0.0407860 seconds
240.378: Application time: 0.0007290 seconds
240.430: [GC240.430: [ParNew: 5886K->602K(6144K), 0.0016110 secs] 15155K->14852K(21888K), 0.0016460 secs] [Times: user=0.01 sys=0.00, real=0.00 secs] 
240.432: Total time for which application threads were stopped: 0.0535920 seconds, Stopping threads took: 0.0518710 seconds
240.510: Application time: 0.0781980 seconds
240.513: [GC240.513: [ParNew: 5989K->5989K(6144K), 0.0000130 secs]240.513: [CMS240.513: [CMS-concurrent-abortable-preclean: 0.000/0.252 secs] [Times: user=1.38 sys=0.07, real=0.25 secs] 
 (concurrent mode failure): 14250K->3881K(15744K), 0.0062600 secs] 20240K->3881K(21888K), [CMS Perm : 5141K->5141K(21248K)], 0.0063270 secs] [Times: user=0.01 sys=0.00, real=0.00 secs] 
240.519: Total time for which application threads were stopped: 0.0093860 seconds, Stopping threads took: 0.0029670 seconds
240.520: Application time: 0.0013220 seconds
240.596: [GC240.596: [ParNew: 5485K->596K(6144K), 0.0012160 secs] 9366K->7610K(21888K), 0.0012500 secs] [Times: user=0.01 sys=0.00, real=0.00 secs] 
240.598: Total time for which application threads were stopped: 0.0771110 seconds, Stopping threads took: 0.0757820 seconds
240.598: Application time: 0.0000650 seconds
240.650: [GC [1 CMS-initial-mark: 7014K(15744K)] 7909K(21888K), 0.0000990 secs] [Times: user=0.00 sys=0.00, real=0.00 secs] 
240.650: Total time for which application threads were stopped: 0.0522640 seconds, Stopping threads took: 0.0521350 seconds
240.650: [CMS-concurrent-mark-start]
240.654: [CMS-concurrent-mark: 0.004/0.004 secs] [Times: user=0.01 sys=0.00, real=0.00 secs] 
240.654: [CMS-concurrent-preclean-start]
240.654: [CMS-concurrent-preclean: 0.000/0.000 secs] [Times: user=0.00 sys=0.00, real=0.00 secs] 
240.654: [CMS-concurrent-abortable-preclean-start]
240.654: Application time: 0.0039590 seconds
240.727: [GC240.727: [ParNew: 6081K->594K(6144K), 0.0006260 secs] 13096K->7610K(21888K), 0.0006540 secs] [Times: user=0.00 sys=0.00, real=0.01 secs] 
240.728: Total time for which application threads were stopped: 0.0740210 seconds, Stopping threads took: 0.0732840 seconds
240.728: Application time: 0.0004570 seconds
240.729: [GC240.729: [ParNew: 6079K->598K(6144K), 0.0018460 secs] 13096K->13090K(21888K), 0.0018790 secs] [Times: user=0.01 sys=0.00, real=0.00 secs] 
240.731: Total time for which application threads were stopped: 0.0023510 seconds, Stopping threads took: 0.0003970 seconds
240.808: Application time: 0.0776460 seconds
240.831: [CMS-concurrent-abortable-preclean: 0.000/0.177 secs] [Times: user=1.11 sys=0.06, real=0.18 secs] 
240.849: [GC240.849: [ParNew: 6063K->6063K(6144K), 0.0000120 secs]240.849: [CMS (concurrent mode failure): 12492K->3100K(15744K), 0.0052520 secs] 18556K->3100K(21888K), [CMS Perm : 5141K->5141K(21248K)], 0.0053110 secs] [Times: user=0.00 sys=0.00, real=0.00 secs] 
240.855: Total time for which application threads were stopped: 0.0462900 seconds, Stopping threads took: 0.0408970 seconds
240.856: Application time: 0.0011570 seconds
240.911: [GC240.911: [ParNew: 5388K->598K(6144K), 0.0014820 secs] 8488K->8105K(21888K), 0.0015160 secs] [Times: user=0.01 sys=0.00, real=0.00 secs] 
240.912: Total time for which application threads were stopped: 0.0562380 seconds, Stopping threads took: 0.0546470 seconds
240.912: Application time: 0.0000400 seconds
240.912: [GC [1 CMS-initial-mark: 7507K(15744K)] 8300K(21888K), 0.0000910 secs] [Times: user=0.00 sys=0.00, real=0.00 secs] 
240.912: Total time for which application threads were stopped: 0.0001340 seconds, Stopping threads took: 0.0000190 seconds
240.912: [CMS-concurrent-mark-start]
240.916: [CMS-concurrent-mark: 0.003/0.003 secs] [Times: user=0.03 sys=0.00, real=0.00 secs] 
240.916: [CMS-concurrent-preclean-start]
240.916: [CMS-concurrent-preclean: 0.000/0.000 secs] [Times: user=0.00 sys=0.00, real=0.00 secs] 
240.916: [CMS-concurrent-abortable-preclean-start]
240.997: Application time: 0.0848310 seconds
241.039: [GC241.039: [ParNew: 5849K->460K(6144K), 0.0006610 secs] 13356K->7968K(21888K), 0.0006910 secs] [Times: user=0.00 sys=0.00, real=0.01 secs] 
241.040: Total time for which application threads were stopped: 0.0430120 seconds, Stopping threads took: 0.0422670 seconds
241.041: Application time: 0.0006680 seconds
241.041: [GC241.041: [ParNew: 5944K->600K(6144K), 0.0018690 secs] 13452K->13442K(21888K), 0.0019030 secs] [Times: user=0.01 sys=0.00, real=0.00 secs] 
241.043: Total time for which application threads were stopped: 0.0023630 seconds, Stopping threads took: 0.0003860 seconds
241.130: Application time: 0.0865430 seconds
241.143: [CMS-concurrent-abortable-preclean: 0.000/0.227 secs] [Times: user=1.43 sys=0.05, real=0.23 secs] 
241.170: [GC241.170: [ParNew: 6085K->6085K(6144K), 0.0000130 secs]241.170: [CMS (concurrent mode failure): 12842K->1928K(15744K), 0.0058400 secs] 18928K->1928K(21888K), [CMS Perm : 5141K->5141K(21248K)], 0.0058970 secs] [Times: user=0.01 sys=0.00, real=0.00 secs] 
241.176: Total time for which application threads were stopped: 0.0464220 seconds, Stopping threads took: 0.0404350 seconds
241.177: Application time: 0.0011290 seconds
241.178: [GC241.178: [ParNew: 5466K->628K(6144K), 0.0016700 secs] 7394K->7356K(21888K), 0.0016950 secs] [Times: user=0.01 sys=0.00, real=0.00 secs] 
241.179: Total time for which application threads were stopped: 0.0021460 seconds, Stopping threads took: 0.0003840 seconds
241.179: Application time: 0.0000330 seconds
241.180: [GC [1 CMS-initial-mark: 6728K(15744K)] 7852K(21888K), 0.0001060 secs] [Times: user=0.00 sys=0.00, real=0.00 secs] 
241.180: Total time for which application threads were stopped: 0.0003530 seconds, Stopping threads took: 0.0002230 seconds
241.180: [CMS-concurrent-mark-start]
241.184: [CMS-concurrent-mark: 0.004/0.004 secs] [Times: user=0.03 sys=0.00, real=0.00 secs] 
241.184: [CMS-concurrent-preclean-start]
241.184: [CMS-concurrent-preclean: 0.000/0.000 secs] [Times: user=0.00 sys=0.00, real=0.00 secs] 
241.184: [CMS-concurrent-abortable-preclean-start]
241.274: Application time: 0.0946580 seconds
241.320: [GC241.320: [ParNew: 6015K->600K(6144K), 0.0006340 secs] 12744K->7357K(21888K), 0.0006670 secs] [Times: user=0.00 sys=0.00, real=0.00 secs] 
241.321: Total time for which application threads were stopped: 0.0463270 seconds, Stopping threads took: 0.0455850 seconds
241.321: Application time: 0.0006500 seconds
241.322: [GC241.322: [ParNew: 6066K->628K(6144K), 0.0017130 secs] 12823K->12759K(21888K), 0.0017470 secs] [Times: user=0.01 sys=0.00, real=0.00 secs] 
241.324: Total time for which application threads were stopped: 0.0021290 seconds, Stopping threads took: 0.0003270 seconds
241.401: Application time: 0.0772080 seconds
241.408: [GC241.408: [ParNew: 6113K->6113K(6144K), 0.0000130 secs]241.408: [CMS241.408: [CMS-concurrent-abortable-preclean: 0.000/0.224 secs] [Times: user=1.47 sys=0.03, real=0.23 secs] 
 (concurrent mode failure): 12130K->4174K(15744K), 0.0056260 secs] 18244K->4174K(21888K), [CMS Perm : 5141K->5141K(21248K)], 0.0056930 secs] [Times: user=0.01 sys=0.00, real=0.00 secs] 
241.414: Total time for which application threads were stopped: 0.0127860 seconds, Stopping threads took: 0.0070210 seconds
241.416: Application time: 0.0024250 seconds
241.492: [GC241.492: [ParNew: 5485K->598K(6144K), 0.0006980 secs] 9660K->4772K(21888K), 0.0007320 secs] [Times: user=0.00 sys=0.00, real=0.00 secs] 
241.492: Total time for which application threads were stopped: 0.0764290 seconds, Stopping threads took: 0.0756320 seconds
241.493: Application time: 0.0004710 seconds
241.533: [GC241.533: [ParNew: 5986K->602K(6144K), 0.0016900 secs] 10160K->9283K(21888K), 0.0017190 secs] [Times: user=0.01 sys=0.00, real=0.00 secs] 
241.535: Total time for which application threads were stopped: 0.0418450 seconds, Stopping threads took: 0.0400530 seconds
241.535: Application time: 0.0000450 seconds
241.535: [GC [1 CMS-initial-mark: 8681K(15744K)] 9674K(21888K), 0.0001010 secs] [Times: user=0.00 sys=0.00, real=0.00 secs] 
241.535: Total time for which application threads were stopped: 0.0005090 seconds, Stopping threads took: 0.0003610 seconds
241.535: [CMS-concurrent-mark-start]
241.539: [CMS-concurrent-mark: 0.003/0.003 secs] [Times: user=0.00 sys=0.00, real=0.00 secs] 
241.539: [CMS-concurrent-preclean-start]
241.539: [CMS-concurrent-preclean: 0.000/0.000 secs] [Times: user=0.00 sys=0.00, real=0.00 secs] 
241.539: [CMS-concurrent-abortable-preclean-start]
241.616: Application time: 0.0809080 seconds
241.657: [GC241.657: [ParNew: 5989K->596K(6144K), 0.0004860 secs] 14671K->9473K(21888K), 0.0005170 secs] [Times: user=0.00 sys=0.00, real=0.00 secs] 
241.658: Total time for which application threads were stopped: 0.0416490 seconds, Stopping threads took: 0.0410800 seconds
241.658: Application time: 0.0006780 seconds
241.659: [GC241.659: [ParNew: 5964K->630K(6144K), 0.0016520 secs] 14841K->14781K(21888K), 0.0016830 secs] [Times: user=0.01 sys=0.00, real=0.01 secs] 
241.660: Total time for which application threads were stopped: 0.0019610 seconds, Stopping threads took: 0.0002260 seconds
241.661: [CMS-concurrent-abortable-preclean: 0.000/0.122 secs] [Times: user=0.74 sys=0.02, real=0.13 secs] 
241.661: Application time: 0.0002370 seconds
241.713: [GC[YG occupancy: 1911 K (6144 K)]241.713: [Rescan (parallel) , 0.0001550 secs]241.713: [weak refs processing, 0.0000060 secs]241.713: [scrub string table, 0.0000810 secs] [1 CMS-remark: 14150K(15744K)] 16062K(21888K), 0.0002670 secs] [Times: user=0.00 sys=0.00, real=0.00 secs] 
241.713: Total time for which application threads were stopped: 0.0522730 seconds, Stopping threads took: 0.0519730 seconds
241.713: [CMS-concurrent-sweep-start]
241.714: [CMS-concurrent-sweep: 0.001/0.001 secs] [Times: user=0.00 sys=0.00, real=0.00 secs] 
241.714: [CMS-concurrent-reset-start]
241.715: [CMS-concurrent-reset: 0.000/0.000 secs] [Times: user=0.00 sys=0.00, real=0.00 secs] 
241.715: Application time: 0.0024390 seconds
241.791: [GC241.791: [ParNew: 6115K->6115K(6144K), 0.0000150 secs]241.791: [CMS: 11317K->2123K(15744K), 0.0058340 secs] 17433K->2123K(21888K), [CMS Perm : 5141K->5141K(21248K)], 0.0058930 secs] [Times: user=0.00 sys=0.00, real=0.00 secs] 
241.797: Total time for which application threads were stopped: 0.0814210 seconds, Stopping threads took: 0.0754520 seconds
241.798: Application time: 0.0008680 seconds
241.838: [GC241.838: [ParNew: 5388K->602K(6144K), 0.0013900 secs] 7512K->7232K(21888K), 0.0014180 secs] [Times: user=0.01 sys=0.00, real=0.00 secs] 
241.839: Total time for which application threads were stopped: 0.0415210 seconds, Stopping threads took: 0.0400290 seconds
241.839: Application time: 0.0000520 seconds
241.840: [GC [1 CMS-initial-mark: 6630K(15744K)] 7623K(21888K), 0.0001090 secs] [Times: user=0.00 sys=0.00, real=0.00 secs] 
241.840: Total time for which application threads were stopped: 0.0005630 seconds, Stopping threads took: 0.0004060 seconds
241.840: [CMS-concurrent-mark-start]
241.844: [CMS-concurrent-mark: 0.004/0.004 secs] [Times: user=0.02 sys=0.00, real=0.00 secs] 
241.844: [CMS-concurrent-preclean-start]
241.844: [CMS-concurrent-preclean: 0.000/0.000 secs] [Times: user=0.00 sys=0.00, real=0.00 secs] 
241.844: [CMS-concurrent-abortable-preclean-start]
241.927: Application time: 0.0870260 seconds
241.966: [GC241.966: [ParNew: 5989K->404K(6144K), 0.0006240 secs] 12620K->7426K(21888K), 0.0006600 secs] [Times: user=0.00 sys=0.00, real=0.00 secs] 
241.967: Total time for which application threads were stopped: 0.0401830 seconds, Stopping threads took: 0.0394490 seconds
241.968: Application time: 0.0006110 seconds
242.008: [GC242.008: [ParNew: 5792K->600K(6144K), 0.0016690 secs] 12814K->12114K(21888K), 0.0017030 secs] [Times: user=0.01 sys=0.00, real=0.00 secs] 
242.009: Total time for which application threads were stopped: 0.0417090 seconds, Stopping threads took: 0.0399320 seconds
242.087: Application time: 0.0775240 seconds
242.110: [CMS-concurrent-abortable-preclean: 0.000/0.266 secs] [Times: user=1.50 sys=0.04, real=0.27 secs] 
242.129: [GC242.129: [ParNew: 5987K->5987K(6144K), 0.0000130 secs]242.129: [CMS (concurrent mode failure): 11514K->2124K(15744K), 0.0058570 secs] 17502K->2124K(21888K), [CMS Perm : 5141K->5141K(21248K)], 0.0059160 secs] [Times: user=0.01 sys=0.00, real=0.00 secs] 
242.135: Total time for which application threads were stopped: 0.0482710 seconds, Stopping threads took: 0.0422680 seconds
242.136: Application time: 0.0011350 seconds
242.178: [GC242.178: [ParNew: 5466K->628K(6144K), 0.0015920 secs] 7590K->6864K(21888K), 0.0016260 secs] [Times: user=0.01 sys=0.00, real=0.01 secs] 
242.180: Total time for which application threads were stopped: 0.0431770 seconds, Stopping threads took: 0.0414720 seconds
242.180: Application time: 0.0000750 seconds
242.180: [GC [1 CMS-initial-mark: 6236K(15744K)] 6963K(21888K), 0.0001050 secs] [Times: user=0.00 sys=0.00, real=0.00 secs] 
242.180: Total time for which application threads were stopped: 0.0003540 seconds, Stopping threads took: 0.0002280 seconds
242.180: [CMS-concurrent-mark-start]
242.187: [CMS-concurrent-mark: 0.007/0.007 secs] [Times: user=0.06 sys=0.00, real=0.01 secs] 
242.188: [CMS-concurrent-preclean-start]
242.188: [CMS-concurrent-preclean: 0.000/0.000 secs] [Times: user=0.00 sys=0.00, real=0.00 secs] 
242.188: [CMS-concurrent-abortable-preclean-start]
242.269: Application time: 0.0892910 seconds
242.311: [GC242.311: [ParNew: 6016K->398K(6144K), 0.0006340 secs] 12252K->7058K(21888K), 0.0006690 secs] [Times: user=0.00 sys=0.00, real=0.00 secs] 
242.312: Total time for which application threads were stopped: 0.0426650 seconds, Stopping threads took: 0.0419330 seconds
242.313: Application time: 0.0008330 seconds
242.366: [GC242.366: [ParNew: 5865K->630K(6144K), 0.0013620 secs] 12525K->11782K(21888K), 0.0013920 secs] [Times: user=0.01 sys=0.00, real=0.01 secs] 
242.368: Total time for which application threads were stopped: 0.0549350 seconds, Stopping threads took: 0.0534720 seconds
242.445: Application time: 0.0774720 seconds
242.447: [GC242.447: [ParNew: 6115K->6115K(6144K), 0.0000240 secs]242.447: [CMS242.447: [CMS-concurrent-abortable-preclean: 0.000/0.259 secs] [Times: user=1.50 sys=0.04, real=0.25 secs] 
 (concurrent mode failure): 11152K->3296K(15744K), 0.0062500 secs] 17268K->3296K(21888K), [CMS Perm : 5141K->5141K(21248K)], 0.0063390 secs] [Times: user=0.01 sys=0.00, real=0.01 secs] 
242.453: Total time for which application threads were stopped: 0.0080050 seconds, Stopping threads took: 0.0016000 seconds
242.454: Application time: 0.0011510 seconds
242.506: [GC242.506: [ParNew: 5485K->598K(6144K), 0.0013760 secs] 8781K->7812K(21888K), 0.0014080 secs] [Times: user=0.01 sys=0.00, real=0.00 secs] 
242.507: Total time for which application threads were stopped: 0.0530350 seconds, Stopping threads took: 0.0515710 seconds
242.507: Application time: 0.0000600 seconds
242.547: [GC [1 CMS-initial-mark: 7214K(15744K)] 8016K(21888K), 0.0000970 secs] [Times: user=0.00 sys=0.00, real=0.00 secs] 
242.547: Total time for which application threads were stopped: 0.0400030 seconds, Stopping threads took: 0.0398830 seconds
242.547: [CMS-concurrent-mark-start]
242.554: [CMS-concurrent-mark: 0.007/0.007 secs] [Times: user=0.03 sys=0.00, real=0.01 secs] 
242.554: [CMS-concurrent-preclean-start]
242.554: [CMS-concurrent-preclean: 0.000/0.000 secs] [Times: user=0.00 sys=0.00, real=0.00 secs] 
242.554: [CMS-concurrent-abortable-preclean-start]
242.635: Application time: 0.0874370 seconds
242.642: [GC242.642: [ParNew: 6083K->14K(6144K), 0.0002820 secs] 13298K->7229K(21888K), 0.0003140 secs] [Times: user=0.01 sys=0.00, real=0.00 secs] 
242.643: Total time for which application threads were stopped: 0.0078330 seconds, Stopping threads took: 0.0074420 seconds
242.643: Application time: 0.0005010 seconds
242.643: [GC242.644: [ParNew: 5382K->630K(6144K), 0.0014270 secs] 12598K->12537K(21888K), 0.0014580 secs] [Times: user=0.01 sys=0.00, real=0.00 secs] 
242.645: Total time for which application threads were stopped: 0.0018040 seconds, Stopping threads took: 0.0002700 seconds
242.722: Application time: 0.0770110 seconds
242.745: [CMS-concurrent-abortable-preclean: 0.000/0.191 secs] [Times: user=1.36 sys=0.02, real=0.19 secs] 
242.764: [GC242.764: [ParNew: 5822K->5822K(6144K), 0.0000130 secs]242.764: [CMS (concurrent mode failure): 11907K->2124K(15744K), 0.0058400 secs] 17729K->2124K(21888K), [CMS Perm : 5141K->5141K(21248K)], 0.0058970 secs] [Times: user=0.00 sys=0.00, real=0.01 secs] 
242.770: Total time for which application threads were stopped: 0.0477680 seconds, Stopping threads took: 0.0418070 seconds
242.771: Application time: 0.0009000 seconds
242.771: [GC242.771: [ParNew: 5481K->600K(6144K), 0.0017600 secs] 7605K->7623K(21888K), 0.0017900 secs] [Times: user=0.01 sys=0.00, real=0.00 secs] 
242.773: Total time for which application threads were stopped: 0.0022700 seconds, Stopping threads took: 0.0004080 seconds
242.773: Application time: 0.0000590 seconds
242.773: [GC [1 CMS-initial-mark: 7023K(15744K)] 8116K(21888K), 0.0001080 secs] [Times: user=0.00 sys=0.00, real=0.00 secs] 
242.774: Total time for which application threads were stopped: 0.0005280 seconds, Stopping threads took: 0.0003740 seconds
242.774: [CMS-concurrent-mark-start]
242.777: [CMS-concurrent-mark: 0.004/0.004 secs] [Times: user=0.02 sys=0.00, real=0.00 secs] 
242.777: [CMS-concurrent-preclean-start]
242.777: [CMS-concurrent-preclean: 0.000/0.000 secs] [Times: user=0.00 sys=0.00, real=0.00 secs] 
242.777: Application time: 0.0039100 seconds
242.850: [GC[YG occupancy: 2567 K (6144 K)]242.850: [Rescan (parallel) , 0.0001630 secs]242.851: [weak refs processing, 0.0000070 secs]242.851: [scrub string table, 0.0001000 secs] [1 CMS-remark: 7023K(15744K)] 9591K(21888K), 0.0003020 secs] [Times: user=0.00 sys=0.00, real=0.00 secs] 
242.851: Total time for which application threads were stopped: 0.0731950 seconds, Stopping threads took: 0.0728540 seconds
242.851: [CMS-concurrent-sweep-start]
242.852: Application time: 0.0008590 seconds
242.891: [GC242.891: [ParNew: 6046K->636K(6144K), 0.0011130 secs] 13070K->10024K(21888K), 0.0011460 secs] [Times: user=0.00 sys=0.00, real=0.00 secs] 
242.893: Total time for which application threads were stopped: 0.0410060 seconds, Stopping threads took: 0.0397810 seconds
242.893: [CMS-concurrent-sweep: 0.001/0.042 secs] [Times: user=0.12 sys=0.01, real=0.04 secs] 
242.893: [CMS-concurrent-reset-start]
242.893: [CMS-concurrent-reset: 0.000/0.000 secs] [Times: user=0.00 sys=0.00, real=0.00 secs] 
242.894: Application time: 0.0016280 seconds
242.970: [GC242.970: [ParNew: 6024K->400K(6144K), 0.0004450 secs] 15411K->10215K(21888K), 0.0004790 secs] [Times: user=0.00 sys=0.00, real=0.00 secs] 
242.971: Total time for which application threads were stopped: 0.0765220 seconds, Stopping threads took: 0.0759730 seconds
242.971: Application time: 0.0000480 seconds
242.971: [GC [1 CMS-initial-mark: 9814K(15744K)] 10612K(21888K), 0.0000780 secs] [Times: user=0.00 sys=0.00, real=0.00 secs] 
242.971: Total time for which application threads were stopped: 0.0001410 seconds, Stopping threads took: 0.0000470 seconds
242.971: [CMS-concurrent-mark-start]
242.972: Application time: 0.0009320 seconds
243.027: [GC243.027: [ParNew: 5886K->600K(6144K), 0.0011950 secs] 15701K->13930K(21888K), 0.0012310 secs] [Times: user=0.01 sys=0.00, real=0.01 secs] 
243.028: Total time for which application threads were stopped: 0.0561220 seconds, Stopping threads took: 0.0548180 seconds
243.048: [CMS-concurrent-mark: 0.021/0.077 secs] [Times: user=0.32 sys=0.02, real=0.08 secs] 
243.048: [CMS-concurrent-preclean-start]
243.048: [CMS-concurrent-preclean: 0.000/0.000 secs] [Times: user=0.00 sys=0.00, real=0.00 secs] 
243.048: [CMS-concurrent-abortable-preclean-start]
243.048: [CMS-concurrent-abortable-preclean: 0.000/0.000 secs] [Times: user=0.00 sys=0.00, real=0.00 secs] 
243.048: Application time: 0.0201430 seconds
243.136: [GC[YG occupancy: 5109 K (6144 K)]243.136: [Rescan (parallel) , 0.0001860 secs]243.136: [weak refs processing, 0.0000100 secs]243.136: [scrub string table, 0.0001440 secs] [1 CMS-remark: 13330K(15744K)] 18439K(21888K), 0.0004060 secs] [Times: user=0.00 sys=0.00, real=0.00 secs] 
243.137: Total time for which application threads were stopped: 0.0884810 seconds, Stopping threads took: 0.0880290 seconds
243.137: [CMS-concurrent-sweep-start]
243.137: Application time: 0.0003460 seconds
243.137: [GC243.137: [ParNew: 6085K->6085K(6144K), 0.0000110 secs]243.137: [CMS243.137: [CMS-concurrent-sweep: 0.001/0.001 secs] [Times: user=0.00 sys=0.00, real=0.00 secs] 
 (concurrent mode failure): 13330K->2295K(15744K), 0.0060010 secs] 19416K->2295K(21888K), [CMS Perm : 5141K->5141K(21248K)], 0.0060460 secs] [Times: user=0.01 sys=0.00, real=0.01 secs] 
243.143: Total time for which application threads were stopped: 0.0061930 seconds, Stopping threads took: 0.0000950 seconds
243.144: Application time: 0.0010980 seconds
243.144: [GC243.145: [ParNew: 5446K->634K(6144K), 0.0016810 secs] 7741K->7657K(21888K), 0.0017080 secs] [Times: user=0.02 sys=0.00, real=0.00 secs] 
243.146: Total time for which application threads were stopped: 0.0020450 seconds, Stopping threads took: 0.0002650 seconds
243.146: Application time: 0.0000830 seconds
243.147: [GC [1 CMS-initial-mark: 7023K(15744K)] 8544K(21888K), 0.0001010 secs] [Times: user=0.00 sys=0.00, real=0.00 secs] 
243.147: Total time for which application threads were stopped: 0.0003880 seconds, Stopping threads took: 0.0002380 seconds
243.147: [CMS-concurrent-mark-start]
243.151: [CMS-concurrent-mark: 0.004/0.004 secs] [Times: user=0.01 sys=0.00, real=0.01 secs] 
243.151: [CMS-concurrent-preclean-start]
243.151: [CMS-concurrent-preclean: 0.000/0.000 secs] [Times: user=0.00 sys=0.00, real=0.00 secs] 
243.151: Application time: 0.0040440 seconds
243.224: [GC[YG occupancy: 2601 K (6144 K)]243.224: [Rescan (parallel) , 0.0003770 secs]243.224: [weak refs processing, 0.0000070 secs]243.224: [scrub string table, 0.0001160 secs] [1 CMS-remark: 7023K(15744K)] 9625K(21888K), 0.0005320 secs] [Times: user=0.00 sys=0.00, real=0.00 secs] 
243.224: Total time for which application threads were stopped: 0.0734590 seconds, Stopping threads took: 0.0728960 seconds
243.224: [CMS-concurrent-sweep-start]
243.225: Application time: 0.0006270 seconds
243.265: [GC243.265: [ParNew: 6119K->600K(6144K), 0.0011010 secs] 13143K->10196K(21888K), 0.0011410 secs] [Times: user=0.00 sys=0.00, real=0.00 secs] 
243.266: Total time for which application threads were stopped: 0.0411650 seconds, Stopping threads took: 0.0399640 seconds
243.267: [CMS-concurrent-sweep: 0.001/0.042 secs] [Times: user=0.11 sys=0.02, real=0.04 secs] 
243.267: [CMS-concurrent-reset-start]
243.267: [CMS-concurrent-reset: 0.000/0.000 secs] [Times: user=0.00 sys=0.00, real=0.00 secs] 
243.344: Application time: 0.0777520 seconds
243.347: [GC243.347: [ParNew: 6085K->10K(6144K), 0.0003350 secs] 15648K->9572K(21888K), 0.0003680 secs] [Times: user=0.00 sys=0.00, real=0.00 secs] 
243.347: Total time for which application threads were stopped: 0.0031510 seconds, Stopping threads took: 0.0027080 seconds
243.347: Application time: 0.0001340 seconds
243.347: [GC [1 CMS-initial-mark: 9562K(15744K)] 10562K(21888K), 0.0000950 secs] [Times: user=0.00 sys=0.00, real=0.00 secs] 
243.347: Total time for which application threads were stopped: 0.0003800 seconds, Stopping threads took: 0.0002450 seconds
243.347: [CMS-concurrent-mark-start]
243.348: Application time: 0.0006950 seconds
243.388: [GC243.388: [ParNew: 5495K->602K(6144K), 0.0011950 secs] 15058K->13973K(21888K), 0.0012230 secs] [Times: user=0.01 sys=0.00, real=0.00 secs] 
243.389: Total time for which application threads were stopped: 0.0410630 seconds, Stopping threads took: 0.0397640 seconds
243.392: [CMS-concurrent-mark: 0.004/0.045 secs] [Times: user=0.09 sys=0.03, real=0.04 secs] 
243.392: [CMS-concurrent-preclean-start]
243.392: [CMS-concurrent-preclean: 0.000/0.000 secs] [Times: user=0.00 sys=0.00, real=0.00 secs] 
243.393: [CMS-concurrent-abortable-preclean-start]
243.393: [CMS-concurrent-abortable-preclean: 0.000/0.000 secs] [Times: user=0.00 sys=0.00, real=0.00 secs] 
243.393: Application time: 0.0033530 seconds
243.466: [GC[YG occupancy: 3741 K (6144 K)]243.466: [Rescan (parallel) , 0.0001690 secs]243.467: [weak refs processing, 0.0000070 secs]243.467: [scrub string table, 0.0001050 secs] [1 CMS-remark: 13371K(15744K)] 17113K(21888K), 0.0003150 secs] [Times: user=0.00 sys=0.00, real=0.00 secs] 
243.467: Total time for which application threads were stopped: 0.0742490 seconds, Stopping threads took: 0.0738800 seconds
243.467: [CMS-concurrent-sweep-start]
243.467: Application time: 0.0006030 seconds
243.507: [GC243.507: [ParNew: 6087K->6087K(6144K), 0.0000110 secs]243.507: [CMS243.508: [CMS-concurrent-sweep: 0.001/0.041 secs] [Times: user=0.06 sys=0.03, real=0.05 secs] 
 (concurrent mode failure): 13371K->3687K(15744K), 0.0069490 secs] 19459K->3687K(21888K), [CMS Perm : 5141K->5141K(21248K)], 0.0069970 secs] [Times: user=0.00 sys=0.00, real=0.01 secs] 
243.514: Total time for which application threads were stopped: 0.0468770 seconds, Stopping threads took: 0.0398270 seconds
243.515: Application time: 0.0010570 seconds
243.569: [GC243.569: [ParNew: 5385K->598K(6144K), 0.0013310 secs] 9073K->8106K(21888K), 0.0013590 secs] [Times: user=0.00 sys=0.00, real=0.00 secs] 
243.570: Total time for which application threads were stopped: 0.0546090 seconds, Stopping threads took: 0.0531770 seconds
243.570: Application time: 0.0000260 seconds
243.610: [GC [1 CMS-initial-mark: 7508K(15744K)] 8303K(21888K), 0.0000930 secs] [Times: user=0.00 sys=0.00, real=0.00 secs] 
243.610: Total time for which application threads were stopped: 0.0398900 seconds, Stopping threads took: 0.0397630 seconds
243.610: [CMS-concurrent-mark-start]
243.614: [CMS-concurrent-mark: 0.004/0.004 secs] [Times: user=0.02 sys=0.00, real=0.00 secs] 
243.614: [CMS-concurrent-preclean-start]
243.614: [CMS-concurrent-preclean: 0.000/0.000 secs] [Times: user=0.00 sys=0.00, real=0.00 secs] 
243.614: Application time: 0.0040630 seconds
243.687: [GC[YG occupancy: 2565 K (6144 K)]243.687: [Rescan (parallel) , 0.0002130 secs]243.687: [weak refs processing, 0.0000070 secs]243.687: [scrub string table, 0.0000940 secs] [1 CMS-remark: 7508K(15744K)] 10074K(21888K), 0.0003490 secs] [Times: user=0.00 sys=0.00, real=0.00 secs] 
243.687: Total time for which application threads were stopped: 0.0734170 seconds, Stopping threads took: 0.0730340 seconds
243.687: [CMS-concurrent-sweep-start]
243.688: Application time: 0.0005110 seconds
243.688: [GC243.688: [ParNew: 5743K->600K(6144K), 0.0008120 secs] 13251K->10649K(21888K), 0.0008440 secs] [Times: user=0.01 sys=0.00, real=0.00 secs] 
243.689: Total time for which application threads were stopped: 0.0011040 seconds, Stopping threads took: 0.0001960 seconds
243.690: [CMS-concurrent-sweep: 0.001/0.002 secs] [Times: user=0.01 sys=0.00, real=0.01 secs] 
243.690: [CMS-concurrent-reset-start]
243.690: [CMS-concurrent-reset: 0.000/0.000 secs] [Times: user=0.00 sys=0.00, real=0.00 secs] 
243.692: Application time: 0.0032020 seconds
243.767: [GC243.767: [ParNew: 6015K->628K(6144K), 0.0004720 secs] 13916K->8921K(21888K), 0.0005050 secs] [Times: user=0.00 sys=0.00, real=0.00 secs] 
243.767: Total time for which application threads were stopped: 0.0750220 seconds, Stopping threads took: 0.0744560 seconds
243.767: Application time: 0.0000310 seconds
243.767: [GC [1 CMS-initial-mark: 8293K(15744K)] 9029K(21888K), 0.0000850 secs] [Times: user=0.00 sys=0.00, real=0.01 secs] 
243.767: Total time for which application threads were stopped: 0.0002270 seconds, Stopping threads took: 0.0001240 seconds
243.767: [CMS-concurrent-mark-start]
243.771: [CMS-concurrent-mark: 0.003/0.003 secs] [Times: user=0.01 sys=0.00, real=0.00 secs] 
243.771: Application time: 0.0031900 seconds
243.771: [CMS-concurrent-preclean-start]
243.844: [GC243.844: [ParNew: 6114K->14K(6144K), 0.0003720 secs] 14407K->8335K(21888K), 0.0003970 secs] [Times: user=0.00 sys=0.00, real=0.00 secs] 
243.845: Total time for which application threads were stopped: 0.0742090 seconds, Stopping threads took: 0.0737620 seconds
243.845: [CMS-concurrent-preclean: 0.000/0.074 secs] [Times: user=0.45 sys=0.04, real=0.07 secs] 
243.845: Application time: 0.0001440 seconds
243.845: [GC[YG occupancy: 1394 K (6144 K)]243.845: [Rescan (parallel) , 0.0001460 secs]243.845: [weak refs processing, 0.0000050 secs]243.845: [scrub string table, 0.0000720 secs] [1 CMS-remark: 8321K(15744K)] 9715K(21888K), 0.0002420 secs] [Times: user=0.00 sys=0.00, real=0.00 secs] 
243.845: Total time for which application threads were stopped: 0.0004170 seconds, Stopping threads took: 0.0001570 seconds
243.845: [CMS-concurrent-sweep-start]
243.846: Application time: 0.0002930 seconds
243.846: [GC243.846: [ParNew: 5304K->602K(6144K), 0.0012970 secs] 13626K->13611K(21888K), 0.0013260 secs] [Times: user=0.01 sys=0.00, real=0.00 secs] 
243.847: Total time for which application threads were stopped: 0.0016490 seconds, Stopping threads took: 0.0002780 seconds
243.848: [CMS-concurrent-sweep: 0.001/0.003 secs] [Times: user=0.01 sys=0.01, real=0.01 secs] 
243.848: [CMS-concurrent-reset-start]
243.848: [CMS-concurrent-reset: 0.000/0.000 secs] [Times: user=0.00 sys=0.00, real=0.00 secs] 
243.925: Application time: 0.0773560 seconds
243.967: [GC243.967: [ParNew: 6087K->14K(6144K), 0.0004570 secs] 12524K->6451K(21888K), 0.0004910 secs] [Times: user=0.00 sys=0.00, real=0.00 secs] 
243.967: Total time for which application threads were stopped: 0.0425540 seconds, Stopping threads took: 0.0420020 seconds
243.971: Application time: 0.0042110 seconds
244.008: [GC244.008: [ParNew: 5495K->598K(6144K), 0.0008640 secs] 11933K->9770K(21888K), 0.0008930 secs] [Times: user=0.01 sys=0.00, real=0.00 secs] 
244.009: Total time for which application threads were stopped: 0.0374250 seconds, Stopping threads took: 0.0364610 seconds
244.009: Application time: 0.0000650 seconds
244.009: [GC [1 CMS-initial-mark: 9171K(15744K)] 10653K(21888K), 0.0000970 secs] [Times: user=0.00 sys=0.00, real=0.00 secs] 
244.009: Total time for which application threads were stopped: 0.0001910 seconds, Stopping threads took: 0.0000580 seconds
244.009: [CMS-concurrent-mark-start]
244.013: [CMS-concurrent-mark: 0.003/0.003 secs] [Times: user=0.02 sys=0.00, real=0.00 secs] 
244.013: [CMS-concurrent-preclean-start]
244.013: [CMS-concurrent-preclean: 0.000/0.000 secs] [Times: user=0.00 sys=0.00, real=0.00 secs] 
244.013: [CMS-concurrent-abortable-preclean-start]
244.095: Application time: 0.0862590 seconds
244.109: [GC244.109: [ParNew: 6083K->205K(6144K), 0.0003370 secs] 15255K->9377K(21888K), 0.0003720 secs] [Times: user=0.00 sys=0.00, real=0.00 secs] 
244.109: Total time for which application threads were stopped: 0.0139500 seconds, Stopping threads took: 0.0135050 seconds
244.110: Application time: 0.0006300 seconds
244.161: [GC244.161: [ParNew: 5574K->628K(6144K), 0.0016420 secs] 14746K->13609K(21888K), 0.0016830 secs] [Times: user=0.01 sys=0.00, real=0.00 secs] 
244.163: Total time for which application threads were stopped: 0.0530040 seconds, Stopping threads took: 0.0512420 seconds
244.240: Application time: 0.0774110 seconds
244.242: [GC244.242: [ParNew: 6015K->6015K(6144K), 0.0000130 secs]244.242: [CMS244.242: [CMS-concurrent-abortable-preclean: 0.000/0.229 secs] [Times: user=1.43 sys=0.03, real=0.23 secs] 
 (concurrent mode failure): 12980K->2515K(15744K), 0.0053440 secs] 18996K->2515K(21888K), [CMS Perm : 5141K->5141K(21248K)], 0.0054060 secs] [Times: user=0.01 sys=0.00, real=0.00 secs] 
244.247: Total time for which application threads were stopped: 0.0069830 seconds, Stopping threads took: 0.0014900 seconds
244.248: Application time: 0.0008610 seconds
244.288: [GC244.288: [ParNew: 5386K->602K(6144K), 0.0014740 secs] 7901K->7624K(21888K), 0.0015050 secs] [Times: user=0.01 sys=0.00, real=0.00 secs] 
244.290: Total time for which application threads were stopped: 0.0416290 seconds, Stopping threads took: 0.0400510 seconds
244.315: Application time: 0.0255460 seconds
244.398: [GC [1 CMS-initial-mark: 7021K(15744K)] 10765K(21888K), 0.0001420 secs] [Times: user=0.00 sys=0.00, real=0.00 secs] 
244.398: Total time for which application threads were stopped: 0.0825050 seconds, Stopping threads took: 0.0823090 seconds
244.398: [CMS-concurrent-mark-start]
244.398: Application time: 0.0005060 seconds
244.399: [GC244.399: [ParNew: 5970K->626K(6144K), 0.0007230 secs] 12992K->9211K(21888K), 0.0007420 secs] [Times: user=0.00 sys=0.00, real=0.00 secs] 
244.399: Total time for which application threads were stopped: 0.0008510 seconds, Stopping threads took: 0.0000760 seconds
244.401: Application time: 0.0017490 seconds
244.476: [GC244.476: [ParNew: 6109K->496K(6144K), 0.0010140 secs] 14694K->10870K(21888K), 0.0010490 secs] [Times: user=0.01 sys=0.00, real=0.00 secs] 
244.477: Total time for which application threads were stopped: 0.0762570 seconds, Stopping threads took: 0.0751440 seconds
244.480: [CMS-concurrent-mark: 0.004/0.082 secs] [Times: user=0.37 sys=0.04, real=0.09 secs] 
244.480: [CMS-concurrent-preclean-start]
244.480: [CMS-concurrent-preclean: 0.000/0.000 secs] [Times: user=0.00 sys=0.00, real=0.00 secs] 
244.480: [CMS-concurrent-abortable-preclean-start]
244.484: Application time: 0.0064450 seconds
244.555: [GC244.555: [ParNew: 5884K->596K(6144K), 0.0006410 secs] 16258K->11555K(21888K), 0.0006730 secs] [Times: user=0.01 sys=0.00, real=0.00 secs] 
244.555: Total time for which application threads were stopped: 0.0715310 seconds, Stopping threads took: 0.0707830 seconds
244.556: Application time: 0.0007330 seconds
244.596: [GC244.596: [ParNew: 6043K->634K(6144K), 0.0012860 secs] 17002K->15329K(21888K), 0.0013170 secs] [Times: user=0.01 sys=0.00, real=0.00 secs] 
244.597: Total time for which application threads were stopped: 0.0413980 seconds, Stopping threads took: 0.0400050 seconds
244.598: [CMS-concurrent-abortable-preclean: 0.000/0.118 secs] [Times: user=0.57 sys=0.06, real=0.11 secs] 
244.598: Application time: 0.0002650 seconds
244.598: [GC[YG occupancy: 2402 K (6144 K)]244.598: [Rescan (parallel) , 0.0001530 secs]244.598: [weak refs processing, 0.0000050 secs]244.598: [scrub string table, 0.0000850 secs] [1 CMS-remark: 14695K(15744K)] 17097K(21888K), 0.0002660 secs] [Times: user=0.00 sys=0.00, real=0.00 secs] 
244.598: Total time for which application threads were stopped: 0.0005910 seconds, Stopping threads took: 0.0002910 seconds
244.598: [CMS-concurrent-sweep-start]
244.599: [CMS-concurrent-sweep: 0.001/0.001 secs] [Times: user=0.00 sys=0.00, real=0.00 secs] 
244.599: [CMS-concurrent-reset-start]
244.600: [CMS-concurrent-reset: 0.000/0.000 secs] [Times: user=0.00 sys=0.00, real=0.00 secs] 
244.676: Application time: 0.0774200 seconds
244.718: [GC244.718: [ParNew: 6022K->12K(6144K), 0.0002550 secs] 15027K->9050K(21888K), 0.0002920 secs] [Times: user=0.00 sys=0.00, real=0.00 secs] 
244.718: Total time for which application threads were stopped: 0.0426090 seconds, Stopping threads took: 0.0422590 seconds
244.719: Application time: 0.0005430 seconds
244.719: [GC [1 CMS-initial-mark: 9038K(15744K)] 14536K(21888K), 0.0001000 secs] [Times: user=0.00 sys=0.00, real=0.00 secs] 
244.719: Total time for which application threads were stopped: 0.0004170 seconds, Stopping threads took: 0.0002910 seconds
244.719: [CMS-concurrent-mark-start]
244.719: Application time: 0.0000420 seconds
244.720: [GC244.720: [ParNew: 5497K->602K(6144K), 0.0014000 secs] 14536K->14523K(21888K), 0.0014260 secs] [Times: user=0.01 sys=0.00, real=0.00 secs] 
244.721: Total time for which application threads were stopped: 0.0016270 seconds, Stopping threads took: 0.0001610 seconds
244.725: [CMS-concurrent-mark: 0.004/0.005 secs] [Times: user=0.03 sys=0.00, real=0.01 secs] 
244.725: [CMS-concurrent-preclean-start]
244.725: [CMS-concurrent-preclean: 0.000/0.000 secs] [Times: user=0.00 sys=0.00, real=0.00 secs] 
244.725: [CMS-concurrent-abortable-preclean-start]
244.725: [CMS-concurrent-abortable-preclean: 0.000/0.000 secs] [Times: user=0.00 sys=0.00, real=0.00 secs] 
244.725: Application time: 0.0040060 seconds
244.798: [GC[YG occupancy: 3153 K (6144 K)]244.798: [Rescan (parallel) , 0.0001190 secs]244.798: [weak refs processing, 0.0000070 secs]244.798: [scrub string table, 0.0001040 secs] [1 CMS-remark: 13921K(15744K)] 17075K(21888K), 0.0002660 secs] [Times: user=0.00 sys=0.00, real=0.00 secs] 
244.798: Total time for which application threads were stopped: 0.0732160 seconds, Stopping threads took: 0.0729160 seconds
244.798: [CMS-concurrent-sweep-start]
244.799: Application time: 0.0006990 seconds
244.839: [GC244.839: [ParNew: 5774K->5774K(6144K), 0.0000110 secs]244.839: [CMS244.839: [CMS-concurrent-sweep: 0.001/0.041 secs] [Times: user=0.09 sys=0.03, real=0.04 secs] 
 (concurrent mode failure): 13921K->3296K(15744K), 0.0059650 secs] 19696K->3296K(21888K), [CMS Perm : 5141K->5141K(21248K)], 0.0060140 secs] [Times: user=0.00 sys=0.00, real=0.01 secs] 
244.845: Total time for which application threads were stopped: 0.0458650 seconds, Stopping threads took: 0.0397960 seconds
244.846: Application time: 0.0011050 seconds
244.918: [GC244.918: [ParNew: 5485K->602K(6144K), 0.0013040 secs] 8782K->7522K(21888K), 0.0013400 secs] [Times: user=0.01 sys=0.01, real=0.00 secs] 
244.919: Total time for which application threads were stopped: 0.0730840 seconds, Stopping threads took: 0.0716870 seconds
244.919: Application time: 0.0000700 seconds
244.919: [GC [1 CMS-initial-mark: 6920K(15744K)] 8216K(21888K), 0.0001070 secs] [Times: user=0.00 sys=0.00, real=0.00 secs] 
244.919: Total time for which application threads were stopped: 0.0003570 seconds, Stopping threads took: 0.0002250 seconds
244.919: [CMS-concurrent-mark-start]
244.926: [CMS-concurrent-mark: 0.007/0.007 secs] [Times: user=0.04 sys=0.00, real=0.01 secs] 
244.926: [CMS-concurrent-preclean-start]
244.926: [CMS-concurrent-preclean: 0.000/0.000 secs] [Times: user=0.00 sys=0.00, real=0.00 secs] 
244.926: [CMS-concurrent-abortable-preclean-start]
245.007: Application time: 0.0872810 seconds
245.012: [GC245.012: [ParNew: 5990K->594K(6144K), 0.0007420 secs] 12910K->7907K(21888K), 0.0007780 secs] [Times: user=0.01 sys=0.00, real=0.00 secs] 
245.013: Total time for which application threads were stopped: 0.0061210 seconds, Stopping threads took: 0.0052730 seconds
245.014: Application time: 0.0008440 seconds
245.067: [GC245.067: [ParNew: 6079K->598K(6144K), 0.0012740 secs] 13393K->11625K(21888K), 0.0013080 secs] [Times: user=0.01 sys=0.00, real=0.01 secs] 
245.068: Total time for which application threads were stopped: 0.0542950 seconds, Stopping threads took: 0.0529110 seconds
245.146: Application time: 0.0779220 seconds
245.148: [GC245.148: [ParNew: 5966K->5966K(6144K), 0.0000130 secs]245.148: [CMS245.149: [CMS-concurrent-abortable-preclean: 0.001/0.222 secs] [Times: user=1.43 sys=0.04, real=0.23 secs] 
 (concurrent mode failure): 11026K->2320K(15744K), 0.0059530 secs] 16993K->2320K(21888K), [CMS Perm : 5141K->5141K(21248K)], 0.0060260 secs] [Times: user=0.00 sys=0.00, real=0.00 secs] 
245.154: Total time for which application threads were stopped: 0.0086350 seconds, Stopping threads took: 0.0025160 seconds
245.156: Application time: 0.0010670 seconds
245.196: [GC245.196: [ParNew: 5368K->532K(6144K), 0.0014080 secs] 7688K->7357K(21888K), 0.0014380 secs] [Times: user=0.01 sys=0.00, real=0.00 secs] 
245.198: Total time for which application threads were stopped: 0.0420790 seconds, Stopping threads took: 0.0405640 seconds
245.219: Application time: 0.0218310 seconds
245.291: [GC [1 CMS-initial-mark: 6824K(15744K)] 10791K(21888K), 0.0001370 secs] [Times: user=0.00 sys=0.00, real=0.00 secs] 
245.291: Total time for which application threads were stopped: 0.0715110 seconds, Stopping threads took: 0.0713180 seconds
245.291: [CMS-concurrent-mark-start]
245.291: Application time: 0.0003760 seconds
245.291: [GC245.291: [ParNew: 5920K->600K(6144K), 0.0006500 secs] 12745K->8823K(21888K), 0.0006770 secs] [Times: user=0.00 sys=0.00, real=0.00 secs] 
245.292: Total time for which application threads were stopped: 0.0007450 seconds, Stopping threads took: 0.0000320 seconds
245.293: Application time: 0.0008270 seconds
245.333: [GC245.333: [ParNew: 6083K->596K(6144K), 0.0020250 secs] 14306K->13995K(21888K), 0.0020600 secs] [Times: user=0.02 sys=0.01, real=0.00 secs] 
245.335: Total time for which application threads were stopped: 0.0421140 seconds, Stopping threads took: 0.0399780 seconds
245.338: [CMS-concurrent-mark: 0.004/0.047 secs] [Times: user=0.09 sys=0.03, real=0.04 secs] 
245.338: [CMS-concurrent-preclean-start]
245.338: [CMS-concurrent-preclean: 0.000/0.000 secs] [Times: user=0.00 sys=0.00, real=0.00 secs] 
245.338: Application time: 0.0033630 seconds
245.412: [GC[YG occupancy: 2565 K (6144 K)]245.412: [Rescan (parallel) , 0.0003750 secs]245.413: [weak refs processing, 0.0000080 secs]245.413: [scrub string table, 0.0001180 secs] [1 CMS-remark: 13399K(15744K)] 15965K(21888K), 0.0005380 secs] [Times: user=0.01 sys=0.00, real=0.00 secs] 
245.413: Total time for which application threads were stopped: 0.0745840 seconds, Stopping threads took: 0.0740090 seconds
245.413: [CMS-concurrent-sweep-start]
245.414: Application time: 0.0006200 seconds
245.414: [GC245.414: [ParNew: 5983K->5983K(6144K), 0.0000100 secs]245.414: [CMS245.414: [CMS-concurrent-sweep: 0.001/0.001 secs] [Times: user=0.00 sys=0.00, real=0.00 secs] 
 (concurrent mode failure): 13399K->5543K(15744K), 0.0068020 secs] 19383K->5543K(21888K), [CMS Perm : 5141K->5141K(21248K)], 0.0068570 secs] [Times: user=0.01 sys=0.00, real=0.01 secs] 
245.421: Total time for which application threads were stopped: 0.0071420 seconds, Stopping threads took: 0.0002180 seconds
245.499: Application time: 0.0786950 seconds
245.502: [GC245.502: [ParNew: 5465K->630K(6144K), 0.0004590 secs] 11009K->6566K(21888K), 0.0004910 secs] [Times: user=0.01 sys=0.01, real=0.00 secs] 
245.503: Total time for which application threads were stopped: 0.0032960 seconds, Stopping threads took: 0.0027300 seconds
245.503: Application time: 0.0005550 seconds
245.543: [GC245.543: [ParNew: 5822K->596K(6144K), 0.0018240 secs] 11758K->11065K(21888K), 0.0018620 secs] [Times: user=0.01 sys=0.00, real=0.00 secs] 
245.545: Total time for which application threads were stopped: 0.0418500 seconds, Stopping threads took: 0.0399140 seconds
245.545: Application time: 0.0001560 seconds
245.546: [GC [1 CMS-initial-mark: 10469K(15744K)] 13228K(21888K), 0.0001060 secs] [Times: user=0.00 sys=0.00, real=0.00 secs] 
245.546: Total time for which application threads were stopped: 0.0004590 seconds, Stopping threads took: 0.0003060 seconds
245.546: [CMS-concurrent-mark-start]
245.549: [CMS-concurrent-mark: 0.003/0.003 secs] [Times: user=0.02 sys=0.00, real=0.01 secs] 
245.549: [CMS-concurrent-preclean-start]
245.549: [CMS-concurrent-preclean: 0.000/0.000 secs] [Times: user=0.00 sys=0.00, real=0.00 secs] 
245.549: [CMS-concurrent-abortable-preclean-start]
245.623: Application time: 0.0767420 seconds
245.649: [CMS-concurrent-abortable-preclean: 0.000/0.100 secs] [Times: user=0.65 sys=0.00, real=0.10 secs] 
245.666: [GC245.666: [ParNew: 5788K->5788K(6144K), 0.0000120 secs]245.666: [CMS (concurrent mode failure): 10469K->1929K(15744K), 0.0058480 secs] 16258K->1929K(21888K), [CMS Perm : 5141K->5141K(21248K)], 0.0059060 secs] [Times: user=0.01 sys=0.00, real=0.01 secs] 
245.671: Total time for which application threads were stopped: 0.0489240 seconds, Stopping threads took: 0.0429230 seconds
245.672: Application time: 0.0008810 seconds
245.673: [GC245.673: [ParNew: 5288K->598K(6144K), 0.0015230 secs] 7218K->7232K(21888K), 0.0015540 secs] [Times: user=0.01 sys=0.00, real=0.00 secs] 
245.674: Total time for which application threads were stopped: 0.0021420 seconds, Stopping threads took: 0.0005170 seconds
245.675: Application time: 0.0000670 seconds
245.675: [GC [1 CMS-initial-mark: 6633K(15744K)] 8017K(21888K), 0.0000830 secs] [Times: user=0.00 sys=0.00, real=0.00 secs] 
245.675: Total time for which application threads were stopped: 0.0003050 seconds, Stopping threads took: 0.0002010 seconds
245.675: [CMS-concurrent-mark-start]
245.679: [CMS-concurrent-mark: 0.004/0.004 secs] [Times: user=0.01 sys=0.00, real=0.00 secs] 
245.679: [CMS-concurrent-preclean-start]
245.679: [CMS-concurrent-preclean: 0.000/0.000 secs] [Times: user=0.00 sys=0.00, real=0.00 secs] 
245.679: [CMS-concurrent-abortable-preclean-start]
245.770: Application time: 0.0950480 seconds
245.822: [GC245.822: [ParNew: 5888K->402K(6144K), 0.0003670 secs] 12522K->7037K(21888K), 0.0004020 secs] [Times: user=0.00 sys=0.00, real=0.00 secs] 
245.823: Total time for which application threads were stopped: 0.0528820 seconds, Stopping threads took: 0.0524260 seconds
245.823: Application time: 0.0005700 seconds
245.824: [GC245.824: [ParNew: 5693K->602K(6144K), 0.0016380 secs] 12327K->12315K(21888K), 0.0016720 secs] [Times: user=0.01 sys=0.00, real=0.00 secs] 
245.825: Total time for which application threads were stopped: 0.0019670 seconds, Stopping threads took: 0.0002410 seconds
245.903: Application time: 0.0773540 seconds
245.926: [CMS-concurrent-abortable-preclean: 0.000/0.247 secs] [Times: user=1.55 sys=0.05, real=0.25 secs] 
245.943: [GC245.943: [ParNew: 5989K->5989K(6144K), 0.0000150 secs]245.943: [CMS (concurrent mode failure): 11713K->2711K(15744K), 0.0064800 secs] 17702K->2711K(21888K), [CMS Perm : 5141K->5141K(21248K)], 0.0065380 secs] [Times: user=0.01 sys=0.00, real=0.01 secs] 
245.950: Total time for which application threads were stopped: 0.0472470 seconds, Stopping threads took: 0.0406430 seconds
245.951: Application time: 0.0009710 seconds
245.991: [GC245.991: [ParNew: 5485K->502K(6144K), 0.0016430 secs] 8196K->7915K(21888K), 0.0016730 secs] [Times: user=0.01 sys=0.00, real=0.00 secs] 
245.993: Total time for which application threads were stopped: 0.0416850 seconds, Stopping threads took: 0.0399590 seconds
245.993: Application time: 0.0000500 seconds
245.993: [GC [1 CMS-initial-mark: 7413K(15744K)] 8603K(21888K), 0.0000790 secs] [Times: user=0.00 sys=0.00, real=0.00 secs] 
245.993: Total time for which application threads were stopped: 0.0003430 seconds, Stopping threads took: 0.0002340 seconds
245.993: [CMS-concurrent-mark-start]
245.997: [CMS-concurrent-mark: 0.003/0.003 secs] [Times: user=0.02 sys=0.00, real=0.00 secs] 
245.997: [CMS-concurrent-preclean-start]
245.997: [CMS-concurrent-preclean: 0.000/0.000 secs] [Times: user=0.00 sys=0.00, real=0.00 secs] 
245.997: [CMS-concurrent-abortable-preclean-start]
246.071: Application time: 0.0779290 seconds
246.114: [GC246.114: [ParNew: 5890K->498K(6144K), 0.0006120 secs] 13303K->8890K(21888K), 0.0006480 secs] [Times: user=0.01 sys=0.00, real=0.00 secs] 
246.114: Total time for which application threads were stopped: 0.0434120 seconds, Stopping threads took: 0.0427000 seconds
246.115: Application time: 0.0007940 seconds
246.166: [GC246.166: [ParNew: 5886K->602K(6144K), 0.0017200 secs] 14278K->13975K(21888K), 0.0017710 secs] [Times: user=0.01 sys=0.00, real=0.00 secs] 
246.167: Total time for which application threads were stopped: 0.0523080 seconds, Stopping threads took: 0.0504470 seconds
246.246: Application time: 0.0784250 seconds
246.268: [CMS-concurrent-abortable-preclean: 0.000/0.271 secs] [Times: user=1.46 sys=0.07, real=0.28 secs] 
246.287: [GC246.287: [ParNew: 6068K->6068K(6144K), 0.0000120 secs]246.287: [CMS (concurrent mode failure): 13373K->1734K(15744K), 0.0057370 secs] 19441K->1734K(21888K), [CMS Perm : 5141K->5141K(21248K)], 0.0057920 secs] [Times: user=0.00 sys=0.00, real=0.01 secs] 
246.293: Total time for which application threads were stopped: 0.0467670 seconds, Stopping threads took: 0.0408950 seconds
246.294: Application time: 0.0009190 seconds
246.294: [GC246.294: [ParNew: 5464K->628K(6144K), 0.0014500 secs] 7198K->7162K(21888K), 0.0014780 secs] [Times: user=0.01 sys=0.00, real=0.00 secs] 
246.295: Total time for which application threads were stopped: 0.0018660 seconds, Stopping threads took: 0.0003280 seconds
246.295: Application time: 0.0000540 seconds
246.296: [GC [1 CMS-initial-mark: 6534K(15744K)] 7459K(21888K), 0.0000990 secs] [Times: user=0.00 sys=0.00, real=0.00 secs] 
246.296: Total time for which application threads were stopped: 0.0004820 seconds, Stopping threads took: 0.0003350 seconds
246.296: [CMS-concurrent-mark-start]
246.299: [CMS-concurrent-mark: 0.003/0.003 secs] [Times: user=0.01 sys=0.01, real=0.00 secs] 
246.299: [CMS-concurrent-preclean-start]
246.300: [CMS-concurrent-preclean: 0.000/0.000 secs] [Times: user=0.00 sys=0.00, real=0.00 secs] 
246.300: Application time: 0.0035990 seconds
246.373: [GC[YG occupancy: 2400 K (6144 K)]246.373: [Rescan (parallel) , 0.0003860 secs]246.373: [weak refs processing, 0.0000070 secs]246.373: [scrub string table, 0.0001160 secs] [1 CMS-remark: 6534K(15744K)] 8934K(21888K), 0.0005570 secs] [Times: user=0.00 sys=0.00, real=0.00 secs] 
246.373: Total time for which application threads were stopped: 0.0738370 seconds, Stopping threads took: 0.0732380 seconds
246.374: [CMS-concurrent-sweep-start]
246.374: Application time: 0.0006280 seconds
246.414: [GC246.414: [ParNew: 5966K->632K(6144K), 0.0011860 secs] 12500K->10143K(21888K), 0.0012160 secs] [Times: user=0.01 sys=0.00, real=0.00 secs] 
246.415: Total time for which application threads were stopped: 0.0411620 seconds, Stopping threads took: 0.0398770 seconds
246.416: [CMS-concurrent-sweep: 0.001/0.042 secs] [Times: user=0.07 sys=0.02, real=0.04 secs] 
246.416: [CMS-concurrent-reset-start]
246.416: [CMS-concurrent-reset: 0.000/0.000 secs] [Times: user=0.00 sys=0.00, real=0.00 secs] 
246.493: Application time: 0.0776500 seconds
246.495: [GC246.495: [ParNew: 5950K->239K(6144K), 0.0003170 secs] 15432K->9721K(21888K), 0.0003470 secs] [Times: user=0.00 sys=0.00, real=0.00 secs] 
246.496: Total time for which application threads were stopped: 0.0029620 seconds, Stopping threads took: 0.0025480 seconds
246.496: Application time: 0.0001010 seconds
246.496: [GC [1 CMS-initial-mark: 9482K(15744K)] 11101K(21888K), 0.0000980 secs] [Times: user=0.00 sys=0.00, real=0.00 secs] 
246.496: Total time for which application threads were stopped: 0.0003430 seconds, Stopping threads took: 0.0002250 seconds
246.496: [CMS-concurrent-mark-start]
246.497: Application time: 0.0006330 seconds
246.537: [GC246.537: [ParNew: 5725K->628K(6144K), 0.0010700 secs] 15207K->13040K(21888K), 0.0010990 secs] [Times: user=0.01 sys=0.00, real=0.00 secs] 
246.538: Total time for which application threads were stopped: 0.0411200 seconds, Stopping threads took: 0.0399520 seconds
246.543: [CMS-concurrent-mark: 0.006/0.047 secs] [Times: user=0.13 sys=0.03, real=0.05 secs] 
246.543: [CMS-concurrent-preclean-start]
246.544: [CMS-concurrent-preclean: 0.000/0.000 secs] [Times: user=0.00 sys=0.00, real=0.00 secs] 
246.544: [CMS-concurrent-abortable-preclean-start]
246.544: [CMS-concurrent-abortable-preclean: 0.000/0.000 secs] [Times: user=0.00 sys=0.00, real=0.00 secs] 
246.544: Application time: 0.0055810 seconds
246.615: [GC[YG occupancy: 4646 K (6144 K)]246.615: [Rescan (parallel) , 0.0002450 secs]246.616: [weak refs processing, 0.0000070 secs]246.616: [scrub string table, 0.0000960 secs] [1 CMS-remark: 12411K(15744K)] 17058K(21888K), 0.0003860 secs] [Times: user=0.00 sys=0.00, real=0.00 secs] 
246.616: Total time for which application threads were stopped: 0.0721580 seconds, Stopping threads took: 0.0717260 seconds
246.616: [CMS-concurrent-sweep-start]
246.616: Application time: 0.0003020 seconds
246.616: [GC246.616: [ParNew: 6016K->6016K(6144K), 0.0000090 secs]246.616: [CMS246.617: [CMS-concurrent-sweep: 0.001/0.001 secs] [Times: user=0.00 sys=0.01, real=0.00 secs] 
 (concurrent mode failure): 12411K->2711K(15744K), 0.0059190 secs] 18428K->2711K(21888K), [CMS Perm : 5141K->5141K(21248K)], 0.0059590 secs] [Times: user=0.01 sys=0.00, real=0.01 secs] 
246.622: Total time for which application threads were stopped: 0.0061610 seconds, Stopping threads took: 0.0001570 seconds
246.623: Application time: 0.0009320 seconds
246.624: [GC246.624: [ParNew: 5485K->594K(6144K), 0.0018290 secs] 8196K->8205K(21888K), 0.0018630 secs] [Times: user=0.01 sys=0.00, real=0.00 secs] 
246.626: Total time for which application threads were stopped: 0.0023380 seconds, Stopping threads took: 0.0003980 seconds
246.626: Application time: 0.0000450 seconds
246.626: [GC [1 CMS-initial-mark: 7611K(15744K)] 8597K(21888K), 0.0000980 secs] [Times: user=0.00 sys=0.00, real=0.00 secs] 
246.626: Total time for which application threads were stopped: 0.0002170 seconds, Stopping threads took: 0.0000980 seconds
246.626: [CMS-concurrent-mark-start]
246.629: [CMS-concurrent-mark: 0.004/0.004 secs] [Times: user=0.02 sys=0.00, real=0.01 secs] 
246.629: [CMS-concurrent-preclean-start]
246.629: [CMS-concurrent-preclean: 0.000/0.000 secs] [Times: user=0.00 sys=0.00, real=0.00 secs] 
246.630: Application time: 0.0037570 seconds
246.702: [GC[YG occupancy: 2270 K (6144 K)]246.702: [Rescan (parallel) , 0.0002220 secs]246.703: [weak refs processing, 0.0000070 secs]246.703: [scrub string table, 0.0001110 secs] [1 CMS-remark: 7611K(15744K)] 9881K(21888K), 0.0003760 secs] [Times: user=0.00 sys=0.00, real=0.00 secs] 
246.703: Total time for which application threads were stopped: 0.0732640 seconds, Stopping threads took: 0.0728560 seconds
246.703: [CMS-concurrent-sweep-start]
246.704: Application time: 0.0010200 seconds
246.763: [GC246.763: [ParNew: 5942K->636K(6144K), 0.0009680 secs] 13552K->10019K(21888K), 0.0009990 secs] [Times: user=0.01 sys=0.00, real=0.00 secs] 
246.764: Total time for which application threads were stopped: 0.0604370 seconds, Stopping threads took: 0.0593670 seconds
246.764: [CMS-concurrent-sweep: 0.061/0.061 secs] [Times: user=0.18 sys=0.03, real=0.06 secs] 
246.764: [CMS-concurrent-reset-start]
246.765: [CMS-concurrent-reset: 0.000/0.000 secs] [Times: user=0.00 sys=0.00, real=0.00 secs] 
246.765: Application time: 0.0012410 seconds
246.805: [GC246.805: [ParNew: 6083K->634K(6144K), 0.0015870 secs] 15466K->13891K(21888K), 0.0016240 secs] [Times: user=0.01 sys=0.00, real=0.00 secs] 
246.807: Total time for which application threads were stopped: 0.0415650 seconds, Stopping threads took: 0.0398720 seconds
246.807: Application time: 0.0000550 seconds
246.807: [GC [1 CMS-initial-mark: 13257K(15744K)] 14286K(21888K), 0.0000860 secs] [Times: user=0.00 sys=0.00, real=0.00 secs] 
246.807: Total time for which application threads were stopped: 0.0002200 seconds, Stopping threads took: 0.0001130 seconds
246.807: [CMS-concurrent-mark-start]
246.811: [CMS-concurrent-mark: 0.003/0.003 secs] [Times: user=0.01 sys=0.01, real=0.01 secs] 
246.811: [CMS-concurrent-preclean-start]
246.811: [CMS-concurrent-preclean: 0.000/0.000 secs] [Times: user=0.00 sys=0.00, real=0.00 secs] 
246.811: [CMS-concurrent-abortable-preclean-start]
246.811: [CMS-concurrent-abortable-preclean: 0.000/0.000 secs] [Times: user=0.00 sys=0.00, real=0.00 secs] 
246.811: Application time: 0.0035450 seconds
246.884: [GC[YG occupancy: 4166 K (6144 K)]246.884: [Rescan (parallel) , 0.0002370 secs]246.885: [weak refs processing, 0.0000070 secs]246.885: [scrub string table, 0.0001150 secs] [1 CMS-remark: 13257K(15744K)] 17424K(21888K), 0.0004050 secs] [Times: user=0.00 sys=0.00, real=0.00 secs] 
246.885: Total time for which application threads were stopped: 0.0739350 seconds, Stopping threads took: 0.0734770 seconds
246.885: [CMS-concurrent-sweep-start]
246.885: Application time: 0.0005140 seconds
246.925: [GC246.925: [ParNew: 6119K->6119K(6144K), 0.0000100 secs]246.925: [CMS246.926: [CMS-concurrent-sweep: 0.001/0.041 secs] [Times: user=0.07 sys=0.02, real=0.04 secs] 
 (concurrent mode failure): 13257K->3688K(15744K), 0.0057610 secs] 19377K->3688K(21888K), [CMS Perm : 5141K->5141K(21248K)], 0.0058130 secs] [Times: user=0.00 sys=0.00, real=0.01 secs] 
246.931: Total time for which application threads were stopped: 0.0458560 seconds, Stopping threads took: 0.0399900 seconds
246.932: Application time: 0.0012230 seconds
246.991: [GC246.991: [ParNew: 5485K->498K(6144K), 0.0011440 secs] 9173K->7322K(21888K), 0.0011710 secs] [Times: user=0.01 sys=0.00, real=0.00 secs] 
246.992: Total time for which application threads were stopped: 0.0597100 seconds, Stopping threads took: 0.0584680 seconds
246.992: Application time: 0.0000400 seconds
247.034: [GC [1 CMS-initial-mark: 6823K(15744K)] 7718K(21888K), 0.0001020 secs] [Times: user=0.00 sys=0.00, real=0.00 secs] 
247.034: Total time for which application threads were stopped: 0.0414900 seconds, Stopping threads took: 0.0413410 seconds
247.034: [CMS-concurrent-mark-start]
247.037: [CMS-concurrent-mark: 0.003/0.003 secs] [Times: user=0.02 sys=0.00, real=0.00 secs] 
247.037: [CMS-concurrent-preclean-start]
247.037: [CMS-concurrent-preclean: 0.000/0.000 secs] [Times: user=0.00 sys=0.00, real=0.00 secs] 
247.037: [CMS-concurrent-abortable-preclean-start]
247.113: Application time: 0.0796670 seconds
247.121: [GC247.121: [ParNew: 5984K->404K(6144K), 0.0006100 secs] 12807K->7230K(21888K), 0.0006440 secs] [Times: user=0.00 sys=0.00, real=0.00 secs] 
247.121: Total time for which application threads were stopped: 0.0080860 seconds, Stopping threads took: 0.0073550 seconds
247.122: Application time: 0.0004530 seconds
247.122: [GC247.122: [ParNew: 5888K->598K(6144K), 0.0019450 secs] 12714K->12702K(21888K), 0.0019770 secs] [Times: user=0.02 sys=0.00, real=0.00 secs] 
247.124: Total time for which application threads were stopped: 0.0025070 seconds, Stopping threads took: 0.0004560 seconds
247.202: Application time: 0.0777510 seconds
247.225: [CMS-concurrent-abortable-preclean: 0.000/0.187 secs] [Times: user=1.30 sys=0.02, real=0.19 secs] 
247.244: [GC247.244: [ParNew: 5985K->5985K(6144K), 0.0000130 secs]247.244: [CMS (concurrent mode failure): 12103K->2906K(15744K), 0.0060410 secs] 18089K->2906K(21888K), [CMS Perm : 5141K->5141K(21248K)], 0.0061010 secs] [Times: user=0.00 sys=0.00, real=0.01 secs] 
247.250: Total time for which application threads were stopped: 0.0476590 seconds, Stopping threads took: 0.0414920 seconds
247.251: Application time: 0.0011200 seconds
247.302: [GC247.302: [ParNew: 5485K->602K(6144K), 0.0016860 secs] 8392K->7818K(21888K), 0.0017180 secs] [Times: user=0.01 sys=0.00, real=0.00 secs] 
247.303: Total time for which application threads were stopped: 0.0523840 seconds, Stopping threads took: 0.0506110 seconds
247.303: Application time: 0.0000750 seconds
247.304: [GC [1 CMS-initial-mark: 7216K(15744K)] 8509K(21888K), 0.0000930 secs] [Times: user=0.00 sys=0.00, real=0.00 secs] 
247.304: Total time for which application threads were stopped: 0.0003160 seconds, Stopping threads took: 0.0002010 seconds
247.304: [CMS-concurrent-mark-start]
247.307: [CMS-concurrent-mark: 0.003/0.003 secs] [Times: user=0.01 sys=0.00, real=0.00 secs] 
247.307: [CMS-concurrent-preclean-start]
247.307: [CMS-concurrent-preclean: 0.000/0.000 secs] [Times: user=0.00 sys=0.00, real=0.00 secs] 
247.307: [CMS-concurrent-abortable-preclean-start]
247.388: Application time: 0.0846920 seconds
247.438: [GC247.438: [ParNew: 5794K->400K(6144K), 0.0007050 secs] 13010K->7619K(21888K), 0.0007420 secs] [Times: user=0.00 sys=0.00, real=0.00 secs] 
247.438: Total time for which application threads were stopped: 0.0499880 seconds, Stopping threads took: 0.0491730 seconds
247.439: Application time: 0.0006420 seconds
247.439: [GC247.439: [ParNew: 5884K->600K(6144K), 0.0018000 secs] 13103K->13094K(21888K), 0.0018350 secs] [Times: user=0.01 sys=0.00, real=0.01 secs] 
247.441: Total time for which application threads were stopped: 0.0021430 seconds, Stopping threads took: 0.0002560 seconds
247.519: Application time: 0.0774160 seconds
247.541: [CMS-concurrent-abortable-preclean: 0.000/0.234 secs] [Times: user=1.47 sys=0.04, real=0.24 secs] 
247.560: [GC247.560: [ParNew: 5987K->5987K(6144K), 0.0000120 secs]247.560: [CMS (concurrent mode failure): 12494K->2906K(15744K), 0.0059870 secs] 18482K->2906K(21888K), [CMS Perm : 5141K->5141K(21248K)], 0.0060400 secs] [Times: user=0.01 sys=0.00, real=0.00 secs] 
247.566: Total time for which application threads were stopped: 0.0471310 seconds, Stopping threads took: 0.0410130 seconds
247.567: Application time: 0.0011270 seconds
247.620: [GC247.620: [ParNew: 5485K->602K(6144K), 0.0017270 secs] 8392K->7818K(21888K), 0.0017620 secs] [Times: user=0.01 sys=0.00, real=0.00 secs] 
247.622: Total time for which application threads were stopped: 0.0548690 seconds, Stopping threads took: 0.0530510 seconds
247.622: Application time: 0.0001050 seconds
247.622: [GC [1 CMS-initial-mark: 7216K(15744K)] 8408K(21888K), 0.0000940 secs] [Times: user=0.00 sys=0.00, real=0.00 secs] 
247.622: Total time for which application threads were stopped: 0.0002340 seconds, Stopping threads took: 0.0000890 seconds
247.622: [CMS-concurrent-mark-start]
247.626: [CMS-concurrent-mark: 0.003/0.003 secs] [Times: user=0.02 sys=0.00, real=0.00 secs] 
247.626: [CMS-concurrent-preclean-start]
247.626: [CMS-concurrent-preclean: 0.000/0.000 secs] [Times: user=0.00 sys=0.00, real=0.00 secs] 
247.626: [CMS-concurrent-abortable-preclean-start]
247.712: Application time: 0.0901440 seconds
247.762: [GC247.762: [ParNew: 5794K->400K(6144K), 0.0003490 secs] 13010K->7619K(21888K), 0.0003850 secs] [Times: user=0.01 sys=0.00, real=0.00 secs] 
247.763: Total time for which application threads were stopped: 0.0502910 seconds, Stopping threads took: 0.0498540 seconds
247.763: Application time: 0.0006120 seconds
247.763: [GC247.763: [ParNew: 5867K->530K(6144K), 0.0016750 secs] 13085K->13024K(21888K), 0.0017090 secs] [Times: user=0.01 sys=0.00, real=0.00 secs] 
247.765: Total time for which application threads were stopped: 0.0020630 seconds, Stopping threads took: 0.0002950 seconds
247.843: Application time: 0.0778200 seconds
247.865: [CMS-concurrent-abortable-preclean: 0.000/0.240 secs] [Times: user=1.46 sys=0.04, real=0.24 secs] 
247.883: [GC247.883: [ParNew: 6015K->6015K(6144K), 0.0000120 secs]247.883: [CMS (concurrent mode failure): 12494K->2906K(15744K), 0.0053500 secs] 18510K->2906K(21888K), [CMS Perm : 5141K->5141K(21248K)], 0.0054060 secs] [Times: user=0.01 sys=0.00, real=0.01 secs] 
247.889: Total time for which application threads were stopped: 0.0457910 seconds, Stopping threads took: 0.0403230 seconds
247.890: Application time: 0.0009820 seconds
247.930: [GC247.930: [ParNew: 5485K->500K(6144K), 0.0015030 secs] 8392K->8109K(21888K), 0.0015320 secs] [Times: user=0.01 sys=0.00, real=0.00 secs] 
247.931: Total time for which application threads were stopped: 0.0414510 seconds, Stopping threads took: 0.0398670 seconds
247.931: Application time: 0.0000450 seconds
247.971: [GC [1 CMS-initial-mark: 7609K(15744K)] 8605K(21888K), 0.0000960 secs] [Times: user=0.00 sys=0.00, real=0.00 secs] 
247.971: Total time for which application threads were stopped: 0.0400280 seconds, Stopping threads took: 0.0398860 seconds
247.971: [CMS-concurrent-mark-start]
247.975: [CMS-concurrent-mark: 0.004/0.004 secs] [Times: user=0.01 sys=0.00, real=0.00 secs] 
247.975: [CMS-concurrent-preclean-start]
247.975: [CMS-concurrent-preclean: 0.000/0.000 secs] [Times: user=0.00 sys=0.00, real=0.00 secs] 
247.975: [CMS-concurrent-abortable-preclean-start]
248.057: Application time: 0.0852240 seconds
248.100: [GC248.100: [ParNew: 5692K->402K(6144K), 0.0005560 secs] 13301K->8012K(21888K), 0.0005900 secs] [Times: user=0.00 sys=0.00, real=0.00 secs] 
248.101: Total time for which application threads were stopped: 0.0445500 seconds, Stopping threads took: 0.0438840 seconds
248.102: Application time: 0.0005070 seconds
248.102: [GC248.102: [ParNew: 5786K->500K(6144K), 0.0016920 secs] 13396K->13383K(21888K), 0.0017270 secs] [Times: user=0.01 sys=0.00, real=0.00 secs] 
248.104: Total time for which application threads were stopped: 0.0020940 seconds, Stopping threads took: 0.0003150 seconds
248.182: Application time: 0.0781910 seconds
248.204: [CMS-concurrent-abortable-preclean: 0.000/0.229 secs] [Times: user=1.43 sys=0.05, real=0.23 secs] 
248.222: [GC248.222: [ParNew: 5985K->5985K(6144K), 0.0000130 secs]248.222: [CMS (concurrent mode failure): 12883K->2907K(15744K), 0.0060030 secs] 18869K->2907K(21888K), [CMS Perm : 5141K->5141K(21248K)], 0.0060550 secs] [Times: user=0.00 sys=0.00, real=0.01 secs] 
248.228: Total time for which application threads were stopped: 0.0465150 seconds, Stopping threads took: 0.0403930 seconds
248.229: Application time: 0.0010080 seconds
248.230: [GC248.230: [ParNew: 5485K->598K(6144K), 0.0013950 secs] 8392K->8404K(21888K), 0.0014240 secs] [Times: user=0.01 sys=0.00, real=0.00 secs] 
248.231: Total time for which application threads were stopped: 0.0016690 seconds, Stopping threads took: 0.0001910 seconds
248.231: Application time: 0.0000750 seconds
248.284: [GC [1 CMS-initial-mark: 7806K(15744K)] 9391K(21888K), 0.0001030 secs] [Times: user=0.00 sys=0.00, real=0.00 secs] 
248.284: Total time for which application threads were stopped: 0.0525900 seconds, Stopping threads took: 0.0524380 seconds
248.284: [CMS-concurrent-mark-start]
248.291: [CMS-concurrent-mark: 0.007/0.007 secs] [Times: user=0.03 sys=0.00, real=0.01 secs] 
248.291: [CMS-concurrent-preclean-start]
248.291: [CMS-concurrent-preclean: 0.000/0.000 secs] [Times: user=0.00 sys=0.00, real=0.00 secs] 
248.291: [CMS-concurrent-abortable-preclean-start]
248.363: Application time: 0.0789590 seconds
248.367: [GC248.367: [ParNew: 5985K->502K(6144K), 0.0006320 secs] 13792K->9481K(21888K), 0.0006770 secs] [Times: user=0.01 sys=0.00, real=0.01 secs] 
248.367: Total time for which application threads were stopped: 0.0047570 seconds, Stopping threads took: 0.0040000 seconds
248.368: Application time: 0.0008250 seconds
248.424: [GC248.424: [ParNew: 5968K->626K(6144K), 0.0012300 secs] 14947K->12828K(21888K), 0.0012610 secs] [Times: user=0.01 sys=0.00, real=0.00 secs] 
248.426: Total time for which application threads were stopped: 0.0573150 seconds, Stopping threads took: 0.0559780 seconds
248.502: Application time: 0.0765730 seconds
248.507: [GC248.507: [ParNew: 5897K->5897K(6144K), 0.0000130 secs]248.507: [CMS248.507: [CMS-concurrent-abortable-preclean: 0.000/0.216 secs] [Times: user=1.41 sys=0.04, real=0.21 secs] 
 (concurrent mode failure): 12201K->1735K(15744K), 0.0057960 secs] 18098K->1735K(21888K), [CMS Perm : 5141K->5141K(21248K)], 0.0058590 secs] [Times: user=0.01 sys=0.00, real=0.01 secs] 
248.513: Total time for which application threads were stopped: 0.0105820 seconds, Stopping threads took: 0.0046590 seconds
248.514: Application time: 0.0010710 seconds
248.514: [GC248.514: [ParNew: 5447K->634K(6144K), 0.0014420 secs] 7182K->7095K(21888K), 0.0014710 secs] [Times: user=0.01 sys=0.00, real=0.00 secs] 
248.516: Total time for which application threads were stopped: 0.0017690 seconds, Stopping threads took: 0.0002470 seconds
248.516: Application time: 0.0000660 seconds
248.574: [GC [1 CMS-initial-mark: 6461K(15744K)] 8472K(21888K), 0.0001340 secs] [Times: user=0.00 sys=0.00, real=0.00 secs] 
248.575: Total time for which application threads were stopped: 0.0589170 seconds, Stopping threads took: 0.0587300 seconds
248.575: [CMS-concurrent-mark-start]
248.578: [CMS-concurrent-mark: 0.003/0.003 secs] [Times: user=0.01 sys=0.00, real=0.00 secs] 
248.578: [CMS-concurrent-preclean-start]
248.578: [CMS-concurrent-preclean: 0.000/0.000 secs] [Times: user=0.00 sys=0.00, real=0.00 secs] 
248.578: [CMS-concurrent-abortable-preclean-start]
248.653: Application time: 0.0781590 seconds
248.658: [GC248.658: [ParNew: 6002K->237K(6144K), 0.0005060 secs] 12463K->6734K(21888K), 0.0005400 secs] [Times: user=0.00 sys=0.00, real=0.00 secs] 
248.659: Total time for which application threads were stopped: 0.0060010 seconds, Stopping threads took: 0.0053850 seconds
248.659: Application time: 0.0004860 seconds
248.660: [GC248.660: [ParNew: 5606K->634K(6144K), 0.0013910 secs] 12103K->12038K(21888K), 0.0014220 secs] [Times: user=0.01 sys=0.00, real=0.00 secs] 
248.661: Total time for which application threads were stopped: 0.0019290 seconds, Stopping threads took: 0.0004430 seconds
248.739: Application time: 0.0778850 seconds
248.741: [GC248.741: [ParNew: 6021K->6021K(6144K), 0.0000140 secs]248.741: [CMS248.741: [CMS-concurrent-abortable-preclean: 0.000/0.163 secs] [Times: user=1.28 sys=0.00, real=0.17 secs] 
 (concurrent mode failure): 11404K->3590K(15744K), 0.0062590 secs] 17426K->3590K(21888K), [CMS Perm : 5141K->5141K(21248K)], 0.0063280 secs] [Times: user=0.00 sys=0.00, real=0.00 secs] 
248.747: Total time for which application threads were stopped: 0.0082980 seconds, Stopping threads took: 0.0018710 seconds
248.749: Application time: 0.0012370 seconds
248.818: [GC248.818: [ParNew: 5466K->626K(6144K), 0.0013990 secs] 9057K->8036K(21888K), 0.0014310 secs] [Times: user=0.00 sys=0.01, real=0.01 secs] 
248.820: Total time for which application threads were stopped: 0.0709230 seconds, Stopping threads took: 0.0694360 seconds
248.820: Application time: 0.0000920 seconds
248.866: [GC [1 CMS-initial-mark: 7409K(15744K)] 8628K(21888K), 0.0001060 secs] [Times: user=0.01 sys=0.00, real=0.00 secs] 
248.866: Total time for which application threads were stopped: 0.0463410 seconds, Stopping threads took: 0.0461870 seconds
248.866: [CMS-concurrent-mark-start]
248.870: [CMS-concurrent-mark: 0.004/0.004 secs] [Times: user=0.01 sys=0.00, real=0.01 secs] 
248.870: [CMS-concurrent-preclean-start]
248.870: [CMS-concurrent-preclean: 0.000/0.000 secs] [Times: user=0.00 sys=0.00, real=0.00 secs] 
248.870: [CMS-concurrent-abortable-preclean-start]
248.870: Application time: 0.0041770 seconds
248.943: [GC248.943: [ParNew: 6014K->596K(6144K), 0.0006160 secs] 13424K->8625K(21888K), 0.0006540 secs] [Times: user=0.00 sys=0.00, real=0.00 secs] 
248.944: Total time for which application threads were stopped: 0.0734590 seconds, Stopping threads took: 0.0727230 seconds
248.944: Application time: 0.0007850 seconds
248.996: [GC248.996: [ParNew: 6081K->498K(6144K), 0.0012860 secs] 14110K->11457K(21888K), 0.0013180 secs] [Times: user=0.01 sys=0.00, real=0.00 secs] 
248.997: Total time for which application threads were stopped: 0.0530720 seconds, Stopping threads took: 0.0516990 seconds
249.075: Application time: 0.0778620 seconds
249.077: [GC249.077: [ParNew: 5886K->5886K(6144K), 0.0000130 secs]249.077: [CMS249.077: [CMS-concurrent-abortable-preclean: 0.000/0.207 secs] [Times: user=1.27 sys=0.05, real=0.20 secs] 
 (concurrent mode failure): 10959K->1540K(15744K), 0.0065760 secs] 16845K->1540K(21888K), [CMS Perm : 5141K->5141K(21248K)], 0.0066380 secs] [Times: user=0.00 sys=0.00, real=0.01 secs] 
249.083: Total time for which application threads were stopped: 0.0078900 seconds, Stopping threads took: 0.0011660 seconds
249.084: Application time: 0.0008800 seconds
249.085: [GC249.085: [ParNew: 5290K->602K(6144K), 0.0015850 secs] 6830K->6846K(21888K), 0.0016130 secs] [Times: user=0.01 sys=0.00, real=0.00 secs] 
249.086: Total time for which application threads were stopped: 0.0020340 seconds, Stopping threads took: 0.0003460 seconds
249.086: Application time: 0.0001490 seconds
249.087: [GC [1 CMS-initial-mark: 6244K(15744K)] 8516K(21888K), 0.0001000 secs] [Times: user=0.00 sys=0.00, real=0.00 secs] 
249.087: Total time for which application threads were stopped: 0.0004180 seconds, Stopping threads took: 0.0002920 seconds
249.087: [CMS-concurrent-mark-start]
249.091: [CMS-concurrent-mark: 0.004/0.004 secs] [Times: user=0.01 sys=0.00, real=0.01 secs] 
249.091: [CMS-concurrent-preclean-start]
249.091: [CMS-concurrent-preclean: 0.000/0.000 secs] [Times: user=0.00 sys=0.00, real=0.00 secs] 
249.091: [CMS-concurrent-abortable-preclean-start]
249.180: Application time: 0.0929690 seconds
249.222: [GC249.222: [ParNew: 6087K->207K(6144K), 0.0003070 secs] 12331K->6452K(21888K), 0.0003410 secs] [Times: user=0.01 sys=0.00, real=0.00 secs] 
249.223: Total time for which application threads were stopped: 0.0430440 seconds, Stopping threads took: 0.0426380 seconds
249.223: Application time: 0.0005120 seconds
249.224: [GC249.224: [ParNew: 5448K->632K(6144K), 0.0014150 secs] 11693K->11678K(21888K), 0.0014450 secs] [Times: user=0.01 sys=0.00, real=0.00 secs] 
249.225: Total time for which application threads were stopped: 0.0019930 seconds, Stopping threads took: 0.0004730 seconds
249.303: Application time: 0.0780940 seconds
249.304: [GC249.304: [ParNew: 5852K->5852K(6144K), 0.0000150 secs]249.304: [CMS249.304: [CMS-concurrent-abortable-preclean: 0.000/0.213 secs] [Times: user=1.50 sys=0.01, real=0.21 secs] 
 (concurrent mode failure): 11046K->3297K(15744K), 0.0064870 secs] 16899K->3297K(21888K), [CMS Perm : 5141K->5141K(21248K)], 0.0065530 secs] [Times: user=0.01 sys=0.00, real=0.01 secs] 
249.310: Total time for which application threads were stopped: 0.0070210 seconds, Stopping threads took: 0.0003920 seconds
249.312: Application time: 0.0011770 seconds
249.352: [GC249.352: [ParNew: 5485K->600K(6144K), 0.0013700 secs] 8783K->8207K(21888K), 0.0014010 secs] [Times: user=0.01 sys=0.01, real=0.00 secs] 
249.353: Total time for which application threads were stopped: 0.0414100 seconds, Stopping threads took: 0.0399500 seconds
249.353: Application time: 0.0001300 seconds
249.393: [GC [1 CMS-initial-mark: 7607K(15744K)] 8805K(21888K), 0.0001080 secs] [Times: user=0.00 sys=0.00, real=0.00 secs] 
249.393: Total time for which application threads were stopped: 0.0400790 seconds, Stopping threads took: 0.0399230 seconds
249.393: [CMS-concurrent-mark-start]
249.397: [CMS-concurrent-mark: 0.004/0.004 secs] [Times: user=0.02 sys=0.00, real=0.00 secs] 
249.397: [CMS-concurrent-preclean-start]
249.397: [CMS-concurrent-preclean: 0.000/0.000 secs] [Times: user=0.00 sys=0.00, real=0.00 secs] 
249.397: [CMS-concurrent-abortable-preclean-start]
249.480: Application time: 0.0870510 seconds
249.541: [GC249.541: [ParNew: 6085K->12K(6144K), 0.0004120 secs] 13693K->7620K(21888K), 0.0004440 secs] [Times: user=0.00 sys=0.00, real=0.00 secs] 
249.541: Total time for which application threads were stopped: 0.0611410 seconds, Stopping threads took: 0.0606430 seconds
249.542: Application time: 0.0005410 seconds
249.542: [GC249.542: [ParNew: 5302K->602K(6144K), 0.0013960 secs] 12910K->12901K(21888K), 0.0014290 secs] [Times: user=0.01 sys=0.00, real=0.00 secs] 
249.544: Total time for which application threads were stopped: 0.0018080 seconds, Stopping threads took: 0.0003280 seconds
249.621: Application time: 0.0775650 seconds
249.644: [CMS-concurrent-abortable-preclean: 0.000/0.247 secs] [Times: user=1.48 sys=0.05, real=0.25 secs] 
249.663: [GC249.663: [ParNew: 6087K->6087K(6144K), 0.0000120 secs]249.663: [CMS (concurrent mode failure): 12299K->2419K(15744K), 0.0050940 secs] 18387K->2419K(21888K), [CMS Perm : 5141K->5141K(21248K)], 0.0051480 secs] [Times: user=0.01 sys=0.00, real=0.01 secs] 
249.668: Total time for which application threads were stopped: 0.0468200 seconds, Stopping threads took: 0.0416110 seconds
249.669: Application time: 0.0011010 seconds
249.721: [GC249.721: [ParNew: 5485K->596K(6144K), 0.0015870 secs] 7904K->7912K(21888K), 0.0016190 secs] [Times: user=0.01 sys=0.00, real=0.00 secs] 
249.723: Total time for which application threads were stopped: 0.0538440 seconds, Stopping threads took: 0.0521520 seconds
249.723: Application time: 0.0000920 seconds
249.723: [GC [1 CMS-initial-mark: 7316K(15744K)] 8797K(21888K), 0.0000990 secs] [Times: user=0.00 sys=0.00, real=0.00 secs] 
249.723: Total time for which application threads were stopped: 0.0002140 seconds, Stopping threads took: 0.0000800 seconds
249.723: [CMS-concurrent-mark-start]
249.727: [CMS-concurrent-mark: 0.004/0.004 secs] [Times: user=0.01 sys=0.00, real=0.00 secs] 
249.727: [CMS-concurrent-preclean-start]
249.727: [CMS-concurrent-preclean: 0.000/0.000 secs] [Times: user=0.00 sys=0.00, real=0.00 secs] 
249.727: [CMS-concurrent-abortable-preclean-start]
249.805: Application time: 0.0818550 seconds
249.845: [GC249.845: [ParNew: 6081K->500K(6144K), 0.0006150 secs] 13398K->8598K(21888K), 0.0006530 secs] [Times: user=0.00 sys=0.00, real=0.00 secs] 
249.846: Total time for which application threads were stopped: 0.0408850 seconds, Stopping threads took: 0.0401470 seconds
249.847: Application time: 0.0006890 seconds
249.887: [GC249.887: [ParNew: 5986K->600K(6144K), 0.0018750 secs] 14084K->13779K(21888K), 0.0019110 secs] [Times: user=0.01 sys=0.00, real=0.01 secs] 
249.889: Total time for which application threads were stopped: 0.0417820 seconds, Stopping threads took: 0.0397950 seconds
249.966: Application time: 0.0775470 seconds
249.969: [GC249.969: [ParNew: 6085K->6085K(6144K), 0.0000130 secs]249.969: [CMS249.969: [CMS-concurrent-abortable-preclean: 0.000/0.242 secs] [Times: user=1.41 sys=0.06, real=0.25 secs] 
 (concurrent mode failure): 13178K->3883K(15744K), 0.0063080 secs] 19264K->3883K(21888K), [CMS Perm : 5141K->5141K(21248K)], 0.0063760 secs] [Times: user=0.01 sys=0.00, real=0.00 secs] 
249.975: Total time for which application threads were stopped: 0.0092120 seconds, Stopping threads took: 0.0027440 seconds
249.984: Application time: 0.0084200 seconds
250.053: [GC250.053: [ParNew: 5388K->402K(6144K), 0.0005230 secs] 9271K->4286K(21888K), 0.0005540 secs] [Times: user=0.00 sys=0.00, real=0.00 secs] 
250.054: Total time for which application threads were stopped: 0.0702540 seconds, Stopping threads took: 0.0696340 seconds
250.054: Application time: 0.0004390 seconds
250.055: [GC250.055: [ParNew: 5886K->600K(6144K), 0.0017330 secs] 9770K->9774K(21888K), 0.0017670 secs] [Times: user=0.01 sys=0.00, real=0.00 secs] 
250.057: Total time for which application threads were stopped: 0.0022140 seconds, Stopping threads took: 0.0003730 seconds
250.057: Application time: 0.0000380 seconds
250.057: [GC [1 CMS-initial-mark: 9174K(15744K)] 10069K(21888K), 0.0000790 secs] [Times: user=0.00 sys=0.00, real=0.00 secs] 
250.057: Total time for which application threads were stopped: 0.0003180 seconds, Stopping threads took: 0.0002170 seconds
250.057: [CMS-concurrent-mark-start]
250.060: [CMS-concurrent-mark: 0.003/0.003 secs] [Times: user=0.02 sys=0.00, real=0.01 secs] 
250.060: [CMS-concurrent-preclean-start]
250.061: [CMS-concurrent-preclean: 0.000/0.000 secs] [Times: user=0.00 sys=0.00, real=0.00 secs] 
250.061: [CMS-concurrent-abortable-preclean-start]
250.140: Application time: 0.0830290 seconds
250.194: [GC250.194: [ParNew: 5968K->432K(6144K), 0.0007390 secs] 15142K->9607K(21888K), 0.0007750 secs] [Times: user=0.00 sys=0.00, real=0.00 secs] 
250.195: Total time for which application threads were stopped: 0.0546830 seconds, Stopping threads took: 0.0538330 seconds
250.195: Application time: 0.0005580 seconds
250.196: [GC250.196: [ParNew: 5799K->628K(6144K), 0.0016920 secs] 14974K->14909K(21888K), 0.0017260 secs] [Times: user=0.01 sys=0.00, real=0.00 secs] 
250.197: Total time for which application threads were stopped: 0.0021140 seconds, Stopping threads took: 0.0003130 seconds
250.276: Application time: 0.0781210 seconds
250.298: [CMS-concurrent-abortable-preclean: 0.000/0.237 secs] [Times: user=1.48 sys=0.03, real=0.23 secs] 
250.317: [GC250.317: [ParNew: 6113K->6113K(6144K), 0.0000120 secs]250.317: [CMS (concurrent mode failure): 14281K->1735K(15744K), 0.0058620 secs] 20394K->1735K(21888K), [CMS Perm : 5141K->5141K(21248K)], 0.0059180 secs] [Times: user=0.00 sys=0.00, real=0.01 secs] 
250.323: Total time for which application threads were stopped: 0.0471570 seconds, Stopping threads took: 0.0411780 seconds
250.324: Application time: 0.0009810 seconds
250.324: [GC250.324: [ParNew: 5483K->602K(6144K), 0.0016700 secs] 7219K->7235K(21888K), 0.0017060 secs] [Times: user=0.01 sys=0.00, real=0.00 secs] 
250.326: Total time for which application threads were stopped: 0.0021060 seconds, Stopping threads took: 0.0003480 seconds
250.326: Application time: 0.0000220 seconds
250.326: [GC [1 CMS-initial-mark: 6633K(15744K)] 7430K(21888K), 0.0000960 secs] [Times: user=0.00 sys=0.00, real=0.00 secs] 
250.326: Total time for which application threads were stopped: 0.0004050 seconds, Stopping threads took: 0.0002860 seconds
250.326: [CMS-concurrent-mark-start]
250.330: [CMS-concurrent-mark: 0.003/0.003 secs] [Times: user=0.02 sys=0.00, real=0.01 secs] 
250.330: [CMS-concurrent-preclean-start]
250.330: [CMS-concurrent-preclean: 0.000/0.000 secs] [Times: user=0.00 sys=0.00, real=0.00 secs] 
250.330: [CMS-concurrent-abortable-preclean-start]
250.420: Application time: 0.0940860 seconds
250.471: [GC250.471: [ParNew: 5970K->432K(6144K), 0.0005640 secs] 12603K->7066K(21888K), 0.0005970 secs] [Times: user=0.01 sys=0.00, real=0.00 secs] 
250.471: Total time for which application threads were stopped: 0.0509550 seconds, Stopping threads took: 0.0502980 seconds
250.472: Application time: 0.0006990 seconds
250.472: [GC250.472: [ParNew: 5782K->634K(6144K), 0.0014370 secs] 12416K->12303K(21888K), 0.0014680 secs] [Times: user=0.01 sys=0.00, real=0.00 secs] 
250.474: Total time for which application threads were stopped: 0.0016800 seconds, Stopping threads took: 0.0001620 seconds
250.552: Application time: 0.0788500 seconds
250.553: [GC250.553: [ParNew: 6021K->6021K(6144K), 0.0000140 secs]250.553: [CMS250.553: [CMS-concurrent-abortable-preclean: 0.000/0.223 secs] [Times: user=1.49 sys=0.04, real=0.22 secs] 
 (concurrent mode failure): 11669K->3688K(15744K), 0.0061020 secs] 17691K->3688K(21888K), [CMS Perm : 5141K->5141K(21248K)], 0.0061640 secs] [Times: user=0.01 sys=0.00, real=0.00 secs] 
250.559: Total time for which application threads were stopped: 0.0067510 seconds, Stopping threads took: 0.0005180 seconds
250.560: Application time: 0.0012380 seconds
250.613: [GC250.613: [ParNew: 5485K->502K(6144K), 0.0016310 secs] 9174K->8303K(21888K), 0.0016670 secs] [Times: user=0.01 sys=0.00, real=0.00 secs] 
250.615: Total time for which application threads were stopped: 0.0540680 seconds, Stopping threads took: 0.0523230 seconds
250.615: Application time: 0.0001430 seconds
250.655: [GC [1 CMS-initial-mark: 7800K(15744K)] 8506K(21888K), 0.0000930 secs] [Times: user=0.00 sys=0.00, real=0.00 secs] 
250.655: Total time for which application threads were stopped: 0.0400120 seconds, Stopping threads took: 0.0398970 seconds
250.655: [CMS-concurrent-mark-start]
250.658: [CMS-concurrent-mark: 0.003/0.003 secs] [Times: user=0.02 sys=0.00, real=0.00 secs] 
250.658: [CMS-concurrent-preclean-start]
250.658: [CMS-concurrent-preclean: 0.000/0.000 secs] [Times: user=0.00 sys=0.00, real=0.00 secs] 
250.658: [CMS-concurrent-abortable-preclean-start]
250.732: Application time: 0.0774950 seconds
250.737: [GC250.737: [ParNew: 5871K->235K(6144K), 0.0005440 secs] 13671K->8038K(21888K), 0.0005780 secs] [Times: user=0.01 sys=0.00, real=0.00 secs] 
250.738: Total time for which application threads were stopped: 0.0057240 seconds, Stopping threads took: 0.0050650 seconds
250.738: Application time: 0.0004240 seconds
250.739: [GC250.739: [ParNew: 5526K->630K(6144K), 0.0013180 secs] 13329K->13320K(21888K), 0.0013450 secs] [Times: user=0.01 sys=0.00, real=0.01 secs] 
250.740: Total time for which application threads were stopped: 0.0017270 seconds, Stopping threads took: 0.0003100 seconds
250.818: Application time: 0.0783940 seconds
250.820: [GC250.820: [ParNew: 6095K->6095K(6144K), 0.0000130 secs]250.820: [CMS250.820: [CMS-concurrent-abortable-preclean: 0.000/0.162 secs] [Times: user=1.26 sys=0.01, real=0.17 secs] 
 (concurrent mode failure): 12690K->3591K(15744K), 0.0062880 secs] 18786K->3591K(21888K), [CMS Perm : 5141K->5141K(21248K)], 0.0063560 secs] [Times: user=0.01 sys=0.00, real=0.00 secs] 
250.827: Total time for which application threads were stopped: 0.0080500 seconds, Stopping threads took: 0.0015950 seconds
250.828: Application time: 0.0012600 seconds
250.877: [GC250.877: [ParNew: 5466K->628K(6144K), 0.0013550 secs] 9057K->8038K(21888K), 0.0013900 secs] [Times: user=0.01 sys=0.00, real=0.00 secs] 
250.878: Total time for which application threads were stopped: 0.0501810 seconds, Stopping threads took: 0.0487140 seconds
250.878: Application time: 0.0001270 seconds
250.918: [GC [1 CMS-initial-mark: 7410K(15744K)] 8734K(21888K), 0.0001110 secs] [Times: user=0.00 sys=0.00, real=0.00 secs] 
250.918: Total time for which application threads were stopped: 0.0402570 seconds, Stopping threads took: 0.0400980 seconds
250.918: [CMS-concurrent-mark-start]
250.922: [CMS-concurrent-mark: 0.004/0.004 secs] [Times: user=0.01 sys=0.00, real=0.01 secs] 
250.922: [CMS-concurrent-preclean-start]
250.922: [CMS-concurrent-preclean: 0.000/0.000 secs] [Times: user=0.00 sys=0.00, real=0.00 secs] 
250.922: [CMS-concurrent-abortable-preclean-start]
250.922: Application time: 0.0039410 seconds
250.996: [GC250.996: [ParNew: 6113K->209K(6144K), 0.0004850 secs] 13524K->7655K(21888K), 0.0005150 secs] [Times: user=0.00 sys=0.00, real=0.00 secs] 
250.996: Total time for which application threads were stopped: 0.0740380 seconds, Stopping threads took: 0.0734590 seconds
250.997: Application time: 0.0003890 seconds
250.997: [GC250.997: [ParNew: 5695K->602K(6144K), 0.0014910 secs] 13140K->13126K(21888K), 0.0015230 secs] [Times: user=0.01 sys=0.00, real=0.00 secs] 
250.999: Total time for which application threads were stopped: 0.0019420 seconds, Stopping threads took: 0.0003690 seconds
251.077: Application time: 0.0780590 seconds
251.099: [CMS-concurrent-abortable-preclean: 0.000/0.177 secs] [Times: user=1.11 sys=0.07, real=0.17 secs] 
251.117: [GC251.117: [ParNew: 6087K->6087K(6144K), 0.0000120 secs]251.117: [CMS (concurrent mode failure): 12524K->2810K(15744K), 0.0068140 secs] 18611K->2810K(21888K), [CMS Perm : 5141K->5141K(21248K)], 0.0068700 secs] [Times: user=0.01 sys=0.00, real=0.01 secs] 
251.124: Total time for which application threads were stopped: 0.0474230 seconds, Stopping threads took: 0.0404720 seconds
251.125: Application time: 0.0010230 seconds
251.173: [GC251.174: [ParNew: 5485K->598K(6144K), 0.0016720 secs] 8296K->8305K(21888K), 0.0017130 secs] [Times: user=0.01 sys=0.00, real=0.00 secs] 
251.175: Total time for which application threads were stopped: 0.0500330 seconds, Stopping threads took: 0.0482390 seconds
251.175: Application time: 0.0000740 seconds
251.176: [GC [1 CMS-initial-mark: 7707K(15744K)] 9095K(21888K), 0.0001050 secs] [Times: user=0.00 sys=0.00, real=0.00 secs] 
251.176: Total time for which application threads were stopped: 0.0004350 seconds, Stopping threads took: 0.0002860 seconds
251.176: [CMS-concurrent-mark-start]
251.179: [CMS-concurrent-mark: 0.003/0.003 secs] [Times: user=0.01 sys=0.00, real=0.00 secs] 
251.179: [CMS-concurrent-preclean-start]
251.179: [CMS-concurrent-preclean: 0.000/0.000 secs] [Times: user=0.00 sys=0.00, real=0.00 secs] 
251.179: [CMS-concurrent-abortable-preclean-start]
251.265: Application time: 0.0894180 seconds
251.310: [GC251.310: [ParNew: 5888K->406K(6144K), 0.0003460 secs] 13596K->8115K(21888K), 0.0003800 secs] [Times: user=0.00 sys=0.00, real=0.00 secs] 
251.310: Total time for which application threads were stopped: 0.0449080 seconds, Stopping threads took: 0.0444740 seconds
251.311: Application time: 0.0006890 seconds
251.362: [GC251.362: [ParNew: 5794K->598K(6144K), 0.0012500 secs] 13503K->12408K(21888K), 0.0012880 secs] [Times: user=0.01 sys=0.00, real=0.00 secs] 
251.364: Total time for which application threads were stopped: 0.0529480 seconds, Stopping threads took: 0.0516050 seconds
251.441: Application time: 0.0770370 seconds
251.443: [GC251.443: [ParNew: 6083K->6083K(6144K), 0.0000120 secs]251.443: [CMS251.443: [CMS-concurrent-abortable-preclean: 0.000/0.264 secs] [Times: user=1.57 sys=0.04, real=0.27 secs] 
 (concurrent mode failure): 11810K->2908K(15744K), 0.0058970 secs] 17893K->2908K(21888K), [CMS Perm : 5141K->5141K(21248K)], 0.0059620 secs] [Times: user=0.01 sys=0.00, real=0.01 secs] 
251.449: Total time for which application threads were stopped: 0.0082400 seconds, Stopping threads took: 0.0022090 seconds
251.450: Application time: 0.0008380 seconds
251.490: [GC251.490: [ParNew: 5483K->600K(6144K), 0.0019080 secs] 8391K->8110K(21888K), 0.0019410 secs] [Times: user=0.01 sys=0.00, real=0.00 secs] 
251.492: Total time for which application threads were stopped: 0.0421160 seconds, Stopping threads took: 0.0401120 seconds
251.492: Application time: 0.0000610 seconds
251.492: [GC [1 CMS-initial-mark: 7510K(15744K)] 8505K(21888K), 0.0001070 secs] [Times: user=0.00 sys=0.00, real=0.00 secs] 
251.492: Total time for which application threads were stopped: 0.0003260 seconds, Stopping threads took: 0.0001730 seconds
251.492: [CMS-concurrent-mark-start]
251.496: [CMS-concurrent-mark: 0.003/0.003 secs] [Times: user=0.02 sys=0.00, real=0.00 secs] 
251.496: [CMS-concurrent-preclean-start]
251.496: [CMS-concurrent-preclean: 0.000/0.000 secs] [Times: user=0.00 sys=0.00, real=0.00 secs] 
251.496: [CMS-concurrent-abortable-preclean-start]
251.583: Application time: 0.0907870 seconds
251.625: [GC251.625: [ParNew: 6085K->602K(6144K), 0.0008870 secs] 13596K->9286K(21888K), 0.0009210 secs] [Times: user=0.01 sys=0.00, real=0.00 secs] 
251.626: Total time for which application threads were stopped: 0.0429280 seconds, Stopping threads took: 0.0419260 seconds
251.627: Application time: 0.0009490 seconds
251.680: [GC251.680: [ParNew: 6085K->600K(6144K), 0.0014630 secs] 14770K->12703K(21888K), 0.0014990 secs] [Times: user=0.01 sys=0.00, real=0.00 secs] 
251.682: Total time for which application threads were stopped: 0.0548920 seconds, Stopping threads took: 0.0533160 seconds
251.760: Application time: 0.0782820 seconds
251.762: [GC251.762: [ParNew: 5988K->5988K(6144K), 0.0000140 secs]251.762: [CMS251.762: [CMS-concurrent-abortable-preclean: 0.000/0.266 secs] [Times: user=1.60 sys=0.04, real=0.27 secs] 
 (concurrent mode failure): 12103K->2126K(15744K), 0.0066510 secs] 18091K->2126K(21888K), [CMS Perm : 5141K->5141K(21248K)], 0.0067120 secs] [Times: user=0.00 sys=0.00, real=0.01 secs] 
251.768: Total time for which application threads were stopped: 0.0081390 seconds, Stopping threads took: 0.0013410 seconds
251.769: Application time: 0.0008810 seconds
251.809: [GC251.809: [ParNew: 5387K->600K(6144K), 0.0013980 secs] 7514K->7233K(21888K), 0.0014290 secs] [Times: user=0.01 sys=0.01, real=0.00 secs] 
251.811: Total time for which application threads were stopped: 0.0416130 seconds, Stopping threads took: 0.0401280 seconds
251.811: Application time: 0.0000570 seconds
251.811: [GC [1 CMS-initial-mark: 6633K(15744K)] 7821K(21888K), 0.0001080 secs] [Times: user=0.00 sys=0.00, real=0.00 secs] 
251.811: Total time for which application threads were stopped: 0.0003690 seconds, Stopping threads took: 0.0002140 seconds
251.811: [CMS-concurrent-mark-start]
251.815: [CMS-concurrent-mark: 0.004/0.004 secs] [Times: user=0.01 sys=0.00, real=0.00 secs] 
251.815: [CMS-concurrent-preclean-start]
251.815: [CMS-concurrent-preclean: 0.000/0.000 secs] [Times: user=0.00 sys=0.00, real=0.00 secs] 
251.815: [CMS-concurrent-abortable-preclean-start]
251.896: Application time: 0.0847450 seconds
251.937: [GC251.937: [ParNew: 5987K->598K(6144K), 0.0007300 secs] 12621K->7429K(21888K), 0.0007600 secs] [Times: user=0.00 sys=0.00, real=0.00 secs] 
251.938: Total time for which application threads were stopped: 0.0418190 seconds, Stopping threads took: 0.0409930 seconds
251.939: Application time: 0.0007000 seconds
251.939: [GC251.939: [ParNew: 6083K->598K(6144K), 0.0019010 secs] 12915K->12898K(21888K), 0.0019340 secs] [Times: user=0.01 sys=0.00, real=0.01 secs] 
251.941: Total time for which application threads were stopped: 0.0023780 seconds, Stopping threads took: 0.0003720 seconds
252.019: Application time: 0.0780850 seconds
252.041: [CMS-concurrent-abortable-preclean: 0.000/0.226 secs] [Times: user=1.45 sys=0.05, real=0.23 secs] 
252.061: [GC252.061: [ParNew: 5966K->5966K(6144K), 0.0000120 secs]252.061: [CMS (concurrent mode failure): 12300K->2126K(15744K), 0.0052160 secs] 18266K->2126K(21888K), [CMS Perm : 5141K->5141K(21248K)], 0.0052730 secs] [Times: user=0.00 sys=0.00, real=0.00 secs] 
252.066: Total time for which application threads were stopped: 0.0470700 seconds, Stopping threads took: 0.0417320 seconds
252.067: Application time: 0.0010570 seconds
252.119: [GC252.119: [ParNew: 5466K->630K(6144K), 0.0016250 secs] 7593K->7263K(21888K), 0.0016590 secs] [Times: user=0.01 sys=0.00, real=0.01 secs] 
252.120: Total time for which application threads were stopped: 0.0531370 seconds, Stopping threads took: 0.0514220 seconds
252.120: Application time: 0.0000610 seconds
252.121: [GC [1 CMS-initial-mark: 6633K(15744K)] 8250K(21888K), 0.0001070 secs] [Times: user=0.00 sys=0.00, real=0.00 secs] 
252.121: Total time for which application threads were stopped: 0.0003520 seconds, Stopping threads took: 0.0002190 seconds
252.121: [CMS-concurrent-mark-start]
252.124: [CMS-concurrent-mark: 0.004/0.004 secs] [Times: user=0.03 sys=0.00, real=0.00 secs] 
252.124: [CMS-concurrent-preclean-start]
252.124: [CMS-concurrent-preclean: 0.000/0.000 secs] [Times: user=0.00 sys=0.00, real=0.00 secs] 
252.124: [CMS-concurrent-abortable-preclean-start]
252.213: Application time: 0.0921190 seconds
252.266: [GC252.266: [ParNew: 6096K->428K(6144K), 0.0006040 secs] 12729K->7482K(21888K), 0.0006410 secs] [Times: user=0.00 sys=0.01, real=0.00 secs] 
252.267: Total time for which application threads were stopped: 0.0538120 seconds, Stopping threads took: 0.0531050 seconds
252.267: Application time: 0.0006840 seconds
252.320: [GC252.320: [ParNew: 5895K->628K(6144K), 0.0016490 secs] 12948K->12202K(21888K), 0.0016840 secs] [Times: user=0.01 sys=0.00, real=0.00 secs] 
252.321: Total time for which application threads were stopped: 0.0541900 seconds, Stopping threads took: 0.0524310 seconds
252.399: Application time: 0.0779080 seconds
252.401: [GC252.401: [ParNew: 6113K->6113K(6144K), 0.0000120 secs]252.401: [CMS252.401: [CMS-concurrent-abortable-preclean: 0.000/0.277 secs] [Times: user=1.55 sys=0.03, real=0.28 secs] 
 (concurrent mode failure): 11574K->3298K(15744K), 0.0056640 secs] 17687K->3298K(21888K), [CMS Perm : 5141K->5141K(21248K)], 0.0057300 secs] [Times: user=0.01 sys=0.00, real=0.00 secs] 
252.407: Total time for which application threads were stopped: 0.0075000 seconds, Stopping threads took: 0.0017000 seconds
252.408: Application time: 0.0012000 seconds
252.461: [GC252.461: [ParNew: 5466K->624K(6144K), 0.0014280 secs] 8765K->7449K(21888K), 0.0014620 secs] [Times: user=0.01 sys=0.00, real=0.00 secs] 
252.463: Total time for which application threads were stopped: 0.0544620 seconds, Stopping threads took: 0.0529220 seconds
252.475: Application time: 0.0129370 seconds
252.565: [GC [1 CMS-initial-mark: 6824K(15744K)] 11958K(21888K), 0.0001450 secs] [Times: user=0.00 sys=0.00, real=0.00 secs] 
252.567: Total time for which application threads were stopped: 0.0914250 seconds, Stopping threads took: 0.0898550 seconds
252.567: [CMS-concurrent-mark-start]
252.567: Application time: 0.0001910 seconds
252.567: [GC252.567: [ParNew: 6109K->598K(6144K), 0.0004280 secs] 12934K->7846K(21888K), 0.0004490 secs] [Times: user=0.00 sys=0.01, real=0.01 secs] 
252.568: Total time for which application threads were stopped: 0.0006670 seconds, Stopping threads took: 0.0001800 seconds
252.569: Application time: 0.0011170 seconds
252.624: [GC252.624: [ParNew: 6081K->594K(6144K), 0.0011120 secs] 13329K->11163K(21888K), 0.0011450 secs] [Times: user=0.01 sys=0.00, real=0.00 secs] 
252.625: Total time for which application threads were stopped: 0.0564680 seconds, Stopping threads took: 0.0552720 seconds
252.628: [CMS-concurrent-mark: 0.004/0.061 secs] [Times: user=0.16 sys=0.03, real=0.07 secs] 
252.628: [CMS-concurrent-preclean-start]
252.628: [CMS-concurrent-preclean: 0.000/0.000 secs] [Times: user=0.00 sys=0.00, real=0.00 secs] 
252.628: [CMS-concurrent-abortable-preclean-start]
252.703: Application time: 0.0778080 seconds
252.706: [GC252.706: [ParNew: 6012K->6012K(6144K), 0.0000140 secs]252.707: [CMS252.707: [CMS-concurrent-abortable-preclean: 0.000/0.078 secs] [Times: user=0.61 sys=0.01, real=0.07 secs] 
 (concurrent mode failure): 10569K->2347K(15744K), 0.0066290 secs] 16582K->2347K(21888K), [CMS Perm : 5141K->5141K(21248K)], 0.0066910 secs] [Times: user=0.01 sys=0.00, real=0.01 secs] 
252.713: Total time for which application threads were stopped: 0.0099940 seconds, Stopping threads took: 0.0032350 seconds
252.714: Application time: 0.0009860 seconds
252.714: [GC252.714: [ParNew: 5413K->630K(6144K), 0.0014340 secs] 7761K->7779K(21888K), 0.0014630 secs] [Times: user=0.02 sys=0.00, real=0.00 secs] 
252.716: Total time for which application threads were stopped: 0.0016980 seconds, Stopping threads took: 0.0001820 seconds
252.716: Application time: 0.0000850 seconds
252.756: [GC [1 CMS-initial-mark: 7148K(15744K)] 9158K(21888K), 0.0001070 secs] [Times: user=0.00 sys=0.00, real=0.00 secs] 
252.756: Total time for which application threads were stopped: 0.0400090 seconds, Stopping threads took: 0.0398750 seconds
252.756: [CMS-concurrent-mark-start]
252.760: [CMS-concurrent-mark: 0.004/0.004 secs] [Times: user=0.02 sys=0.00, real=0.01 secs] 
252.760: [CMS-concurrent-preclean-start]
252.760: [CMS-concurrent-preclean: 0.000/0.000 secs] [Times: user=0.00 sys=0.00, real=0.00 secs] 
252.760: [CMS-concurrent-abortable-preclean-start]
252.842: Application time: 0.0857290 seconds
252.884: [GC252.884: [ParNew: 6115K->10K(6144K), 0.0005430 secs] 13264K->7187K(21888K), 0.0005760 secs] [Times: user=0.01 sys=0.00, real=0.00 secs] 
252.884: Total time for which application threads were stopped: 0.0424690 seconds, Stopping threads took: 0.0418100 seconds
252.885: Application time: 0.0005110 seconds
252.885: [GC252.885: [ParNew: 5495K->602K(6144K), 0.0016010 secs] 12673K->12662K(21888K), 0.0016320 secs] [Times: user=0.01 sys=0.00, real=0.00 secs] 
252.887: Total time for which application threads were stopped: 0.0021380 seconds, Stopping threads took: 0.0004320 seconds
252.965: Application time: 0.0780580 seconds
252.967: [GC252.967: [ParNew: 6087K->6087K(6144K), 0.0000130 secs]252.967: [CMS252.967: [CMS-concurrent-abortable-preclean: 0.000/0.208 secs] [Times: user=1.43 sys=0.02, real=0.21 secs] 
 (concurrent mode failure): 12060K->3689K(15744K), 0.0061790 secs] 18148K->3689K(21888K), [CMS Perm : 5141K->5141K(21248K)], 0.0062470 secs] [Times: user=0.01 sys=0.00, real=0.01 secs] 
252.974: Total time for which application threads were stopped: 0.0087710 seconds, Stopping threads took: 0.0024320 seconds
252.975: Application time: 0.0012590 seconds
253.049: [GC253.049: [ParNew: 5485K->602K(6144K), 0.0013820 secs] 9175K->7229K(21888K), 0.0014150 secs] [Times: user=0.01 sys=0.00, real=0.00 secs] 
253.051: Total time for which application threads were stopped: 0.0757800 seconds, Stopping threads took: 0.0742890 seconds
253.051: Application time: 0.0000530 seconds
253.051: [GC [1 CMS-initial-mark: 6627K(15744K)] 7333K(21888K), 0.0000980 secs] [Times: user=0.00 sys=0.00, real=0.00 secs] 
253.051: Total time for which application threads were stopped: 0.0003150 seconds, Stopping threads took: 0.0001940 seconds
253.051: [CMS-concurrent-mark-start]
253.058: [CMS-concurrent-mark: 0.007/0.007 secs] [Times: user=0.03 sys=0.00, real=0.00 secs] 
253.058: [CMS-concurrent-preclean-start]
253.058: [CMS-concurrent-preclean: 0.000/0.000 secs] [Times: user=0.00 sys=0.00, real=0.00 secs] 
253.058: [CMS-concurrent-abortable-preclean-start]
253.138: Application time: 0.0869910 seconds
253.149: [GC253.149: [ParNew: 6087K->400K(6144K), 0.0005420 secs] 12715K->7028K(21888K), 0.0005770 secs] [Times: user=0.00 sys=0.00, real=0.00 secs] 
253.150: Total time for which application threads were stopped: 0.0115400 seconds, Stopping threads took: 0.0108790 seconds
253.150: Application time: 0.0005500 seconds
253.151: [GC253.151: [ParNew: 5867K->630K(6144K), 0.0020340 secs] 12495K->12440K(21888K), 0.0020680 secs] [Times: user=0.01 sys=0.00, real=0.00 secs] 
253.153: Total time for which application threads were stopped: 0.0025650 seconds, Stopping threads took: 0.0004330 seconds
253.230: Application time: 0.0775700 seconds
253.232: [GC253.232: [ParNew: 6017K->6017K(6144K), 0.0000130 secs]253.232: [CMS253.232: [CMS-concurrent-abortable-preclean: 0.000/0.174 secs] [Times: user=1.35 sys=0.00, real=0.18 secs] 
 (concurrent mode failure): 11810K->3884K(15744K), 0.0063060 secs] 17828K->3884K(21888K), [CMS Perm : 5141K->5141K(21248K)], 0.0063730 secs] [Times: user=0.01 sys=0.00, real=0.00 secs] 
253.238: Total time for which application threads were stopped: 0.0078450 seconds, Stopping threads took: 0.0013800 seconds
253.239: Application time: 0.0012030 seconds
253.294: [GC253.294: [ParNew: 5485K->602K(6144K), 0.0014350 secs] 9370K->8501K(21888K), 0.0014680 secs] [Times: user=0.01 sys=0.00, real=0.00 secs] 
253.296: Total time for which application threads were stopped: 0.0562910 seconds, Stopping threads took: 0.0547490 seconds
253.296: Application time: 0.0000810 seconds
253.337: [GC [1 CMS-initial-mark: 7899K(15744K)] 8609K(21888K), 0.0000890 secs] [Times: user=0.00 sys=0.00, real=0.00 secs] 
253.337: Total time for which application threads were stopped: 0.0413890 seconds, Stopping threads took: 0.0412790 seconds
253.337: [CMS-concurrent-mark-start]
253.344: [CMS-concurrent-mark: 0.007/0.007 secs] [Times: user=0.05 sys=0.00, real=0.01 secs] 
253.344: [CMS-concurrent-preclean-start]
253.344: [CMS-concurrent-preclean: 0.000/0.000 secs] [Times: user=0.00 sys=0.00, real=0.00 secs] 
253.344: [CMS-concurrent-abortable-preclean-start]
253.424: Application time: 0.0863970 seconds
253.428: [GC253.428: [ParNew: 5892K->404K(6144K), 0.0003750 secs] 13791K->8304K(21888K), 0.0004070 secs] [Times: user=0.00 sys=0.00, real=0.00 secs] 
253.428: Total time for which application threads were stopped: 0.0049510 seconds, Stopping threads took: 0.0044590 seconds
253.429: Application time: 0.0005530 seconds
253.429: [GC253.429: [ParNew: 5788K->500K(6144K), 0.0015770 secs] 13688K->13680K(21888K), 0.0016080 secs] [Times: user=0.02 sys=0.00, real=0.00 secs] 
253.431: Total time for which application threads were stopped: 0.0019070 seconds, Stopping threads took: 0.0002480 seconds
253.510: Application time: 0.0786910 seconds
253.531: [CMS-concurrent-abortable-preclean: 0.000/0.187 secs] [Times: user=1.33 sys=0.01, real=0.19 secs] 
253.549: [GC253.549: [ParNew: 5985K->5985K(6144K), 0.0000140 secs]253.549: [CMS (concurrent mode failure): 13179K->2908K(15744K), 0.0059810 secs] 19165K->2908K(21888K), [CMS Perm : 5141K->5141K(21248K)], 0.0060350 secs] [Times: user=0.01 sys=0.00, real=0.00 secs] 
253.555: Total time for which application threads were stopped: 0.0450140 seconds, Stopping threads took: 0.0389160 seconds
253.556: Application time: 0.0010500 seconds
253.596: [GC253.596: [ParNew: 5485K->502K(6144K), 0.0015110 secs] 8394K->8113K(21888K), 0.0015390 secs] [Times: user=0.01 sys=0.00, real=0.00 secs] 
253.597: Total time for which application threads were stopped: 0.0415040 seconds, Stopping threads took: 0.0399140 seconds
253.597: Application time: 0.0000670 seconds
253.597: [GC [1 CMS-initial-mark: 7610K(15744K)] 9000K(21888K), 0.0000880 secs] [Times: user=0.00 sys=0.00, real=0.00 secs] 
253.598: Total time for which application threads were stopped: 0.0002680 seconds, Stopping threads took: 0.0001580 seconds
253.598: [CMS-concurrent-mark-start]
253.600: [CMS-concurrent-mark: 0.002/0.002 secs] [Times: user=0.01 sys=0.00, real=0.01 secs] 
253.600: [CMS-concurrent-preclean-start]
253.600: [CMS-concurrent-preclean: 0.000/0.000 secs] [Times: user=0.00 sys=0.00, real=0.00 secs] 
253.600: [CMS-concurrent-abortable-preclean-start]
253.678: Application time: 0.0800340 seconds
253.723: [GC253.723: [ParNew: 5694K->406K(6144K), 0.0004840 secs] 13305K->8018K(21888K), 0.0005220 secs] [Times: user=0.00 sys=0.00, real=0.00 secs] 
253.724: Total time for which application threads were stopped: 0.0460410 seconds, Stopping threads took: 0.0454420 seconds
253.724: Application time: 0.0006700 seconds
253.777: [GC253.777: [ParNew: 5873K->630K(6144K), 0.0013620 secs] 13484K->12345K(21888K), 0.0013980 secs] [Times: user=0.01 sys=0.00, real=0.00 secs] 
253.779: Total time for which application threads were stopped: 0.0543650 seconds, Stopping threads took: 0.0529080 seconds
253.856: Application time: 0.0778540 seconds
253.858: [GC253.858: [ParNew: 6068K->6068K(6144K), 0.0000120 secs]253.858: [CMS253.858: [CMS-concurrent-abortable-preclean: 0.000/0.258 secs] [Times: user=1.48 sys=0.05, real=0.25 secs] 
 (concurrent mode failure): 11715K->2835K(15744K), 0.0053940 secs] 17783K->2835K(21888K), [CMS Perm : 5141K->5141K(21248K)], 0.0054570 secs] [Times: user=0.00 sys=0.00, real=0.01 secs] 
253.864: Total time for which application threads were stopped: 0.0070480 seconds, Stopping threads took: 0.0015240 seconds
253.865: Application time: 0.0010830 seconds
253.918: [GC253.918: [ParNew: 5416K->532K(6144K), 0.0016630 secs] 8251K->8265K(21888K), 0.0016930 secs] [Times: user=0.01 sys=0.00, real=0.01 secs] 
253.920: Total time for which application threads were stopped: 0.0550560 seconds, Stopping threads took: 0.0533120 seconds
253.920: Application time: 0.0001710 seconds
253.960: [GC [1 CMS-initial-mark: 7732K(15744K)] 9449K(21888K), 0.0001010 secs] [Times: user=0.00 sys=0.00, real=0.00 secs] 
253.960: Total time for which application threads were stopped: 0.0399740 seconds, Stopping threads took: 0.0398420 seconds
253.960: [CMS-concurrent-mark-start]
253.967: [CMS-concurrent-mark: 0.007/0.007 secs] [Times: user=0.03 sys=0.00, real=0.00 secs] 
253.967: [CMS-concurrent-preclean-start]
253.967: [CMS-concurrent-preclean: 0.000/0.000 secs] [Times: user=0.00 sys=0.00, real=0.00 secs] 
253.967: [CMS-concurrent-abortable-preclean-start]
254.049: Application time: 0.0890480 seconds
254.089: [GC254.089: [ParNew: 5920K->400K(6144K), 0.0005720 secs] 13653K->8164K(21888K), 0.0006050 secs] [Times: user=0.00 sys=0.00, real=0.00 secs] 
254.090: Total time for which application threads were stopped: 0.0410690 seconds, Stopping threads took: 0.0403900 seconds
254.091: Application time: 0.0006770 seconds
254.091: [GC254.091: [ParNew: 5750K->634K(6144K), 0.0015620 secs] 13513K->13402K(21888K), 0.0015970 secs] [Times: user=0.01 sys=0.00, real=0.00 secs] 
254.093: Total time for which application threads were stopped: 0.0019410 seconds, Stopping threads took: 0.0002680 seconds
254.171: Application time: 0.0781830 seconds
254.173: [GC254.173: [ParNew: 5924K->5924K(6144K), 0.0000160 secs]254.173: [CMS254.173: [CMS-concurrent-abortable-preclean: 0.000/0.207 secs] [Times: user=1.40 sys=0.02, real=0.21 secs] 
 (concurrent mode failure): 12768K->3592K(15744K), 0.0070420 secs] 18692K->3592K(21888K), [CMS Perm : 5141K->5141K(21248K)], 0.0071110 secs] [Times: user=0.01 sys=0.00, real=0.01 secs] 
254.180: Total time for which application threads were stopped: 0.0096990 seconds, Stopping threads took: 0.0024960 seconds
254.182: Application time: 0.0012780 seconds
254.222: [GC254.222: [ParNew: 5485K->600K(6144K), 0.0016640 secs] 9078K->8794K(21888K), 0.0016950 secs] [Times: user=0.01 sys=0.00, real=0.00 secs] 
254.223: Total time for which application threads were stopped: 0.0415390 seconds, Stopping threads took: 0.0397880 seconds
254.223: Application time: 0.0000580 seconds
254.278: [GC [1 CMS-initial-mark: 8194K(15744K)] 9096K(21888K), 0.0001000 secs] [Times: user=0.00 sys=0.00, real=0.00 secs] 
254.278: Total time for which application threads were stopped: 0.0550220 seconds, Stopping threads took: 0.0548960 seconds
254.278: [CMS-concurrent-mark-start]
254.287: [CMS-concurrent-mark: 0.009/0.009 secs] [Times: user=0.07 sys=0.00, real=0.02 secs] 
254.288: [CMS-concurrent-preclean-start]
254.288: [CMS-concurrent-preclean: 0.000/0.000 secs] [Times: user=0.00 sys=0.00, real=0.00 secs] 
254.288: [CMS-concurrent-abortable-preclean-start]
254.365: Application time: 0.0867070 seconds
254.409: [GC254.409: [ParNew: 5988K->209K(6144K), 0.0004780 secs] 14182K->8404K(21888K), 0.0005110 secs] [Times: user=0.00 sys=0.00, real=0.00 secs] 
254.410: Total time for which application threads were stopped: 0.0449090 seconds, Stopping threads took: 0.0443200 seconds
254.411: Application time: 0.0014910 seconds
254.487: [GC254.487: [ParNew: 5597K->209K(6144K), 0.0003460 secs] 13793K->8404K(21888K), 0.0003720 secs] [Times: user=0.00 sys=0.00, real=0.00 secs] 
254.487: Total time for which application threads were stopped: 0.0758210 seconds, Stopping threads took: 0.0753740 seconds
254.488: Application time: 0.0003870 seconds
254.488: [GC254.488: [ParNew: 5575K->630K(6144K), 0.0015940 secs] 13771K->13710K(21888K), 0.0016280 secs] [Times: user=0.01 sys=0.00, real=0.00 secs] 
254.490: Total time for which application threads were stopped: 0.0021470 seconds, Stopping threads took: 0.0004690 seconds
254.569: Application time: 0.0787720 seconds
254.590: [CMS-concurrent-abortable-preclean: 0.000/0.302 secs] [Times: user=1.72 sys=0.08, real=0.30 secs] 
254.609: [GC254.609: [ParNew: 6115K->6115K(6144K), 0.0000150 secs]254.609: [CMS (concurrent mode failure): 13080K->2615K(15744K), 0.0067620 secs] 19196K->2615K(21888K), [CMS Perm : 5141K->5141K(21248K)], 0.0068220 secs] [Times: user=0.01 sys=0.00, real=0.00 secs] 
254.615: Total time for which application threads were stopped: 0.0467800 seconds, Stopping threads took: 0.0398890 seconds
254.617: Application time: 0.0012830 seconds
254.657: [GC254.657: [ParNew: 5446K->638K(6144K), 0.0014740 secs] 8062K->7970K(21888K), 0.0015050 secs] [Times: user=0.01 sys=0.00, real=0.00 secs] 
254.658: Total time for which application threads were stopped: 0.0413850 seconds, Stopping threads took: 0.0398070 seconds
254.658: Application time: 0.0001060 seconds
254.698: [GC [1 CMS-initial-mark: 7332K(15744K)] 8662K(21888K), 0.0001140 secs] [Times: user=0.00 sys=0.00, real=0.00 secs] 
254.698: Total time for which application threads were stopped: 0.0401990 seconds, Stopping threads took: 0.0400600 seconds
254.698: [CMS-concurrent-mark-start]
254.708: [CMS-concurrent-mark: 0.010/0.010 secs] [Times: user=0.08 sys=0.00, real=0.02 secs] 
254.708: [CMS-concurrent-preclean-start]
254.708: [CMS-concurrent-preclean: 0.000/0.000 secs] [Times: user=0.00 sys=0.00, real=0.00 secs] 
254.708: [CMS-concurrent-abortable-preclean-start]
254.783: Application time: 0.0849480 seconds
254.798: [GC254.798: [ParNew: 6123K->207K(6144K), 0.0005860 secs] 13455K->7582K(21888K), 0.0006180 secs] [Times: user=0.01 sys=0.00, real=0.00 secs] 
254.799: Total time for which application threads were stopped: 0.0153270 seconds, Stopping threads took: 0.0146310 seconds
254.799: Application time: 0.0004810 seconds
254.800: [GC254.800: [ParNew: 5693K->602K(6144K), 0.0017850 secs] 13068K->13058K(21888K), 0.0018180 secs] [Times: user=0.01 sys=0.00, real=0.00 secs] 
254.801: Total time for which application threads were stopped: 0.0022030 seconds, Stopping threads took: 0.0003110 seconds
254.879: Application time: 0.0773440 seconds
254.902: [CMS-concurrent-abortable-preclean: 0.000/0.193 secs] [Times: user=1.37 sys=0.01, real=0.19 secs] 
254.919: [GC254.919: [ParNew: 6087K->6087K(6144K), 0.0000130 secs]254.919: [CMS (concurrent mode failure): 12456K->1737K(15744K), 0.0066130 secs] 18543K->1737K(21888K), [CMS Perm : 5141K->5141K(21248K)], 0.0066690 secs] [Times: user=0.00 sys=0.00, real=0.00 secs] 
254.926: Total time for which application threads were stopped: 0.0474290 seconds, Stopping threads took: 0.0406940 seconds
254.927: Application time: 0.0009460 seconds
254.927: [GC254.927: [ParNew: 5483K->600K(6144K), 0.0016880 secs] 7221K->7236K(21888K), 0.0017190 secs] [Times: user=0.01 sys=0.00, real=0.00 secs] 
254.929: Total time for which application threads were stopped: 0.0021210 seconds, Stopping threads took: 0.0003520 seconds
254.929: Application time: 0.0000560 seconds
254.930: [GC [1 CMS-initial-mark: 6636K(15744K)] 7627K(21888K), 0.0001040 secs] [Times: user=0.00 sys=0.00, real=0.00 secs] 
254.930: Total time for which application threads were stopped: 0.0004280 seconds, Stopping threads took: 0.0002990 seconds
254.930: [CMS-concurrent-mark-start]
254.934: [CMS-concurrent-mark: 0.004/0.004 secs] [Times: user=0.02 sys=0.00, real=0.00 secs] 
254.934: [CMS-concurrent-preclean-start]
254.934: [CMS-concurrent-preclean: 0.000/0.000 secs] [Times: user=0.00 sys=0.00, real=0.00 secs] 
254.934: [CMS-concurrent-abortable-preclean-start]
255.023: Application time: 0.0935020 seconds
255.074: [GC255.074: [ParNew: 5968K->434K(6144K), 0.0003460 secs] 12604K->7072K(21888K), 0.0003800 secs] [Times: user=0.00 sys=0.00, real=0.00 secs] 
255.075: Total time for which application threads were stopped: 0.0516340 seconds, Stopping threads took: 0.0511840 seconds
255.075: Application time: 0.0005690 seconds
255.076: [GC255.076: [ParNew: 5918K->600K(6144K), 0.0016360 secs] 12556K->12539K(21888K), 0.0016710 secs] [Times: user=0.01 sys=0.00, real=0.00 secs] 
255.077: Total time for which application threads were stopped: 0.0020910 seconds, Stopping threads took: 0.0003440 seconds
255.155: Application time: 0.0773440 seconds
255.178: [CMS-concurrent-abortable-preclean: 0.000/0.244 secs] [Times: user=1.52 sys=0.04, real=0.24 secs] 
255.196: [GC255.196: [ParNew: 5987K->5987K(6144K), 0.0000120 secs]255.196: [CMS (concurrent mode failure): 11939K->2908K(15744K), 0.0057650 secs] 17927K->2908K(21888K), [CMS Perm : 5141K->5141K(21248K)], 0.0058260 secs] [Times: user=0.00 sys=0.00, real=0.01 secs] 
255.202: Total time for which application threads were stopped: 0.0471520 seconds, Stopping threads took: 0.0412400 seconds
255.203: Application time: 0.0011740 seconds
255.255: [GC255.255: [ParNew: 5485K->602K(6144K), 0.0017240 secs] 8394K->7820K(21888K), 0.0017580 secs] [Times: user=0.01 sys=0.00, real=0.00 secs] 
255.256: Total time for which application threads were stopped: 0.0532960 seconds, Stopping threads took: 0.0514830 seconds
255.257: Application time: 0.0000650 seconds
255.257: [GC [1 CMS-initial-mark: 7218K(15744K)] 8805K(21888K), 0.0000950 secs] [Times: user=0.00 sys=0.00, real=0.00 secs] 
255.257: Total time for which application threads were stopped: 0.0002270 seconds, Stopping threads took: 0.0001070 seconds
255.257: [CMS-concurrent-mark-start]
255.260: [CMS-concurrent-mark: 0.004/0.004 secs] [Times: user=0.02 sys=0.00, real=0.01 secs] 
255.260: [CMS-concurrent-preclean-start]
255.260: [CMS-concurrent-preclean: 0.000/0.000 secs] [Times: user=0.00 sys=0.00, real=0.00 secs] 
255.260: [CMS-concurrent-abortable-preclean-start]
255.340: Application time: 0.0830840 seconds
255.348: [GC255.348: [ParNew: 5794K->498K(6144K), 0.0007980 secs] 13013K->8696K(21888K), 0.0008330 secs] [Times: user=0.00 sys=0.00, real=0.00 secs] 
255.349: Total time for which application threads were stopped: 0.0093840 seconds, Stopping threads took: 0.0084690 seconds
255.357: Application time: 0.0073150 seconds
255.426: [GC255.426: [ParNew: 5886K->404K(6144K), 0.0005230 secs] 14084K->8602K(21888K), 0.0005520 secs] [Times: user=0.00 sys=0.00, real=0.00 secs] 
255.427: Total time for which application threads were stopped: 0.0703550 seconds, Stopping threads took: 0.0697540 seconds
255.427: Application time: 0.0004520 seconds
255.428: [GC255.428: [ParNew: 5871K->630K(6144K), 0.0017130 secs] 14068K->14004K(21888K), 0.0017450 secs] [Times: user=0.01 sys=0.00, real=0.00 secs] 
255.430: Total time for which application threads were stopped: 0.0022460 seconds, Stopping threads took: 0.0004480 seconds
255.508: Application time: 0.0788260 seconds
255.530: [CMS-concurrent-abortable-preclean: 0.000/0.269 secs] [Times: user=1.80 sys=0.06, real=0.27 secs] 
255.549: [GC255.549: [ParNew: 6115K->6115K(6144K), 0.0000130 secs]255.549: [CMS (concurrent mode failure): 13373K->2909K(15744K), 0.0064720 secs] 19489K->2909K(21888K), [CMS Perm : 5141K->5141K(21248K)], 0.0065280 secs] [Times: user=0.01 sys=0.00, real=0.00 secs] 
255.555: Total time for which application threads were stopped: 0.0468460 seconds, Stopping threads took: 0.0402340 seconds
255.556: Application time: 0.0010860 seconds
255.597: [GC255.597: [ParNew: 5485K->598K(6144K), 0.0016770 secs] 8394K->7426K(21888K), 0.0017100 secs] [Times: user=0.01 sys=0.00, real=0.00 secs] 
255.598: Total time for which application threads were stopped: 0.0419190 seconds, Stopping threads took: 0.0401290 seconds
255.598: Application time: 0.0000500 seconds
255.599: [GC [1 CMS-initial-mark: 6827K(15744K)] 7920K(21888K), 0.0001100 secs] [Times: user=0.00 sys=0.00, real=0.00 secs] 
255.599: Total time for which application threads were stopped: 0.0003090 seconds, Stopping threads took: 0.0001520 seconds
255.599: [CMS-concurrent-mark-start]
255.602: [CMS-concurrent-mark: 0.003/0.003 secs] [Times: user=0.01 sys=0.00, real=0.01 secs] 
255.602: [CMS-concurrent-preclean-start]
255.602: [CMS-concurrent-preclean: 0.000/0.000 secs] [Times: user=0.00 sys=0.00, real=0.00 secs] 
255.602: [CMS-concurrent-abortable-preclean-start]
255.686: Application time: 0.0875300 seconds
255.739: [GC255.739: [ParNew: 5790K->400K(6144K), 0.0005700 secs] 12618K->7229K(21888K), 0.0006040 secs] [Times: user=0.00 sys=0.00, real=0.01 secs] 
255.740: Total time for which application threads were stopped: 0.0535360 seconds, Stopping threads took: 0.0528580 seconds
255.740: Application time: 0.0005430 seconds
255.741: [GC255.741: [ParNew: 5884K->600K(6144K), 0.0017830 secs] 12713K->12706K(21888K), 0.0018170 secs] [Times: user=0.02 sys=0.00, real=0.00 secs] 
255.743: Total time for which application threads were stopped: 0.0022350 seconds, Stopping threads took: 0.0003650 seconds
255.820: Application time: 0.0778180 seconds
255.822: [GC255.822: [ParNew: 6085K->6085K(6144K), 0.0000130 secs]255.822: [CMS255.822: [CMS-concurrent-abortable-preclean: 0.000/0.220 secs] [Times: user=1.43 sys=0.03, real=0.22 secs] 
 (concurrent mode failure): 12106K->4080K(15744K), 0.0063250 secs] 18191K->4080K(21888K), [CMS Perm : 5141K->5141K(21248K)], 0.0063910 secs] [Times: user=0.01 sys=0.00, real=0.01 secs] 
255.828: Total time for which application threads were stopped: 0.0078950 seconds, Stopping threads took: 0.0014140 seconds
255.830: Application time: 0.0013190 seconds
255.893: [GC255.893: [ParNew: 5271K->630K(6144K), 0.0016130 secs] 9351K->8627K(21888K), 0.0016480 secs] [Times: user=0.01 sys=0.00, real=0.00 secs] 
255.895: Total time for which application threads were stopped: 0.0656120 seconds, Stopping threads took: 0.0638870 seconds
255.907: Application time: 0.0122940 seconds
255.991: [GC [1 CMS-initial-mark: 7997K(15744K)] 12550K(21888K), 0.0001420 secs] [Times: user=0.00 sys=0.00, real=0.00 secs] 
255.992: Total time for which application threads were stopped: 0.0840590 seconds, Stopping threads took: 0.0838800 seconds
255.992: [CMS-concurrent-mark-start]
255.992: Application time: 0.0003720 seconds
255.992: [GC255.992: [ParNew: 6115K->598K(6144K), 0.0005020 secs] 14113K->9603K(21888K), 0.0005210 secs] [Times: user=0.00 sys=0.00, real=0.00 secs] 
255.992: Total time for which application threads were stopped: 0.0005630 seconds, Stopping threads took: 0.0000070 seconds
255.993: Application time: 0.0010400 seconds
256.034: [GC256.034: [ParNew: 6081K->592K(6144K), 0.0012640 secs] 15086K->13310K(21888K), 0.0012950 secs] [Times: user=0.01 sys=0.00, real=0.00 secs] 
256.035: Total time for which application threads were stopped: 0.0414630 seconds, Stopping threads took: 0.0401200 seconds
256.038: [CMS-concurrent-mark: 0.004/0.047 secs] [Times: user=0.13 sys=0.02, real=0.04 secs] 
256.038: [CMS-concurrent-preclean-start]
256.038: [CMS-concurrent-preclean: 0.000/0.000 secs] [Times: user=0.00 sys=0.00, real=0.00 secs] 
256.038: Application time: 0.0033110 seconds
256.112: [GC[YG occupancy: 2559 K (6144 K)]256.112: [Rescan (parallel) , 0.0002310 secs]256.112: [weak refs processing, 0.0000080 secs]256.112: [scrub string table, 0.0001290 secs] [1 CMS-remark: 12718K(15744K)] 15278K(21888K), 0.0004050 secs] [Times: user=0.00 sys=0.00, real=0.00 secs] 
256.112: Total time for which application threads were stopped: 0.0738780 seconds, Stopping threads took: 0.0734300 seconds
256.112: [CMS-concurrent-sweep-start]
256.113: Application time: 0.0007010 seconds
256.113: [GC256.113: [ParNew: 6077K->6077K(6144K), 0.0000110 secs]256.113: [CMS256.113: [CMS-concurrent-sweep: 0.001/0.001 secs] [Times: user=0.00 sys=0.00, real=0.00 secs] 
 (concurrent mode failure): 12718K->5253K(15744K), 0.0066090 secs] 18796K->5253K(21888K), [CMS Perm : 5141K->5141K(21248K)], 0.0066570 secs] [Times: user=0.01 sys=0.00, real=0.01 secs] 
256.120: Total time for which application threads were stopped: 0.0069860 seconds, Stopping threads took: 0.0002740 seconds
256.198: Application time: 0.0783800 seconds
256.203: [GC256.203: [ParNew: 5173K->432K(6144K), 0.0004880 secs] 10426K->5685K(21888K), 0.0005230 secs] [Times: user=0.00 sys=0.00, real=0.00 secs] 
256.204: Total time for which application threads were stopped: 0.0053880 seconds, Stopping threads took: 0.0047870 seconds
256.204: Application time: 0.0005420 seconds
256.205: [GC256.205: [ParNew: 5799K->630K(6144K), 0.0015400 secs] 11052K->11006K(21888K), 0.0015710 secs] [Times: user=0.01 sys=0.00, real=0.00 secs] 
256.206: Total time for which application threads were stopped: 0.0021040 seconds, Stopping threads took: 0.0004600 seconds
256.206: Application time: 0.0001570 seconds
256.207: [GC [1 CMS-initial-mark: 10376K(15744K)] 13560K(21888K), 0.0000950 secs] [Times: user=0.00 sys=0.00, real=0.00 secs] 
256.207: Total time for which application threads were stopped: 0.0003890 seconds, Stopping threads took: 0.0002680 seconds
256.207: [CMS-concurrent-mark-start]
256.210: [CMS-concurrent-mark: 0.003/0.003 secs] [Times: user=0.01 sys=0.00, real=0.01 secs] 
256.210: [CMS-concurrent-preclean-start]
256.210: [CMS-concurrent-preclean: 0.000/0.000 secs] [Times: user=0.00 sys=0.00, real=0.00 secs] 
256.210: [CMS-concurrent-abortable-preclean-start]
256.285: Application time: 0.0780010 seconds
256.311: [CMS-concurrent-abortable-preclean: 0.000/0.100 secs] [Times: user=0.65 sys=0.02, real=0.10 secs] 
256.326: [GC256.326: [ParNew: 6115K->6115K(6144K), 0.0000130 secs]256.326: [CMS (concurrent mode failure): 10376K->2811K(15744K), 0.0067710 secs] 16492K->2811K(21888K), [CMS Perm : 5141K->5141K(21248K)], 0.0068230 secs] [Times: user=0.00 sys=0.00, real=0.01 secs] 
256.333: Total time for which application threads were stopped: 0.0479950 seconds, Stopping threads took: 0.0410920 seconds
256.334: Application time: 0.0010490 seconds
256.386: [GC256.386: [ParNew: 5388K->600K(6144K), 0.0015210 secs] 8199K->8211K(21888K), 0.0015560 secs] [Times: user=0.01 sys=0.00, real=0.01 secs] 
256.388: Total time for which application threads were stopped: 0.0537620 seconds, Stopping threads took: 0.0521300 seconds
256.403: Application time: 0.0158820 seconds
256.506: [GC [1 CMS-initial-mark: 7611K(15744K)] 11138K(21888K), 0.0001420 secs] [Times: user=0.00 sys=0.00, real=0.00 secs] 
256.506: Total time for which application threads were stopped: 0.1026670 seconds, Stopping threads took: 0.1024680 seconds
256.506: [CMS-concurrent-mark-start]
256.507: Application time: 0.0004450 seconds
256.507: [GC256.507: [ParNew: 6066K->628K(6144K), 0.0006850 secs] 13677K->10193K(21888K), 0.0007120 secs] [Times: user=0.01 sys=0.00, real=0.01 secs] 
256.508: Total time for which application threads were stopped: 0.0010730 seconds, Stopping threads took: 0.0003230 seconds
256.511: [CMS-concurrent-mark: 0.004/0.005 secs] [Times: user=0.01 sys=0.00, real=0.01 secs] 
256.511: [CMS-concurrent-preclean-start]
256.511: [CMS-concurrent-preclean: 0.000/0.000 secs] [Times: user=0.00 sys=0.00, real=0.00 secs] 
256.511: [CMS-concurrent-abortable-preclean-start]
256.512: Application time: 0.0041740 seconds
256.585: [GC256.585: [ParNew: 6113K->596K(6144K), 0.0007190 secs] 15678K->10973K(21888K), 0.0007520 secs] [Times: user=0.00 sys=0.00, real=0.00 secs] 
256.586: Total time for which application threads were stopped: 0.0739640 seconds, Stopping threads took: 0.0731560 seconds
256.587: Application time: 0.0008970 seconds
256.645: [GC256.645: [ParNew: 6043K->560K(6144K), 0.0013080 secs] 16420K->14063K(21888K), 0.0013430 secs] [Times: user=0.01 sys=0.00, real=0.00 secs] 
256.646: Total time for which application threads were stopped: 0.0593500 seconds, Stopping threads took: 0.0579240 seconds
256.724: Application time: 0.0784030 seconds
256.726: [GC256.726: [ParNew: 6026K->6026K(6144K), 0.0000140 secs]256.726: [CMS256.726: [CMS-concurrent-abortable-preclean: 0.000/0.215 secs] [Times: user=1.26 sys=0.09, real=0.21 secs] 
 (concurrent mode failure): 13502K->1737K(15744K), 0.0065960 secs] 19529K->1737K(21888K), [CMS Perm : 5141K->5141K(21248K)], 0.0066620 secs] [Times: user=0.01 sys=0.00, real=0.01 secs] 
256.732: Total time for which application threads were stopped: 0.0078900 seconds, Stopping threads took: 0.0011510 seconds
256.733: Application time: 0.0008780 seconds
256.734: [GC256.734: [ParNew: 5388K->602K(6144K), 0.0014040 secs] 7126K->7141K(21888K), 0.0014320 secs] [Times: user=0.01 sys=0.00, real=0.00 secs] 
256.735: Total time for which application threads were stopped: 0.0019000 seconds, Stopping threads took: 0.0003940 seconds
256.735: Application time: 0.0000640 seconds
256.736: [GC [1 CMS-initial-mark: 6539K(15744K)] 7532K(21888K), 0.0001020 secs] [Times: user=0.00 sys=0.00, real=0.00 secs] 
256.736: Total time for which application threads were stopped: 0.0004560 seconds, Stopping threads took: 0.0003310 seconds
256.736: [CMS-concurrent-mark-start]
256.739: [CMS-concurrent-mark: 0.004/0.004 secs] [Times: user=0.02 sys=0.00, real=0.01 secs] 
256.739: [CMS-concurrent-preclean-start]
256.740: [CMS-concurrent-preclean: 0.000/0.000 secs] [Times: user=0.00 sys=0.00, real=0.00 secs] 
256.740: [CMS-concurrent-abortable-preclean-start]
256.824: Application time: 0.0884050 seconds
256.877: [GC256.877: [ParNew: 5989K->396K(6144K), 0.0004270 secs] 12529K->6937K(21888K), 0.0004630 secs] [Times: user=0.00 sys=0.00, real=0.00 secs] 
256.877: Total time for which application threads were stopped: 0.0533650 seconds, Stopping threads took: 0.0528350 seconds
256.878: Application time: 0.0005190 seconds
256.878: [GC256.878: [ParNew: 5882K->600K(6144K), 0.0015630 secs] 12423K->12414K(21888K), 0.0015960 secs] [Times: user=0.01 sys=0.00, real=0.01 secs] 
256.880: Total time for which application threads were stopped: 0.0019690 seconds, Stopping threads took: 0.0003200 seconds
256.957: Application time: 0.0774470 seconds
256.980: [CMS-concurrent-abortable-preclean: 0.000/0.241 secs] [Times: user=1.49 sys=0.05, real=0.24 secs] 
256.991: [GC256.991: [ParNew: 5987K->5987K(6144K), 0.0000130 secs]256.991: [CMS (concurrent mode failure): 11814K->2909K(15744K), 0.0067700 secs] 17802K->2909K(21888K), [CMS Perm : 5141K->5141K(21248K)], 0.0068250 secs] [Times: user=0.00 sys=0.00, real=0.00 secs] 
256.998: Total time for which application threads were stopped: 0.0406470 seconds, Stopping threads took: 0.0337580 seconds
256.999: Application time: 0.0011920 seconds
257.051: [GC257.051: [ParNew: 5485K->598K(6144K), 0.0013480 secs] 8395K->7817K(21888K), 0.0013790 secs] [Times: user=0.01 sys=0.00, real=0.00 secs] 
257.052: Total time for which application threads were stopped: 0.0531040 seconds, Stopping threads took: 0.0516510 seconds
257.052: Application time: 0.0000900 seconds
257.053: [GC [1 CMS-initial-mark: 7218K(15744K)] 8409K(21888K), 0.0000940 secs] [Times: user=0.00 sys=0.00, real=0.00 secs] 
257.053: Total time for which application threads were stopped: 0.0002580 seconds, Stopping threads took: 0.0001400 seconds
257.053: [CMS-concurrent-mark-start]
257.057: [CMS-concurrent-mark: 0.004/0.004 secs] [Times: user=0.03 sys=0.00, real=0.00 secs] 
257.057: [CMS-concurrent-preclean-start]
257.057: [CMS-concurrent-preclean: 0.000/0.000 secs] [Times: user=0.00 sys=0.00, real=0.00 secs] 
257.057: [CMS-concurrent-abortable-preclean-start]
257.139: Application time: 0.0863160 seconds
257.181: [GC257.181: [ParNew: 5790K->402K(6144K), 0.0006020 secs] 13009K->7622K(21888K), 0.0006320 secs] [Times: user=0.00 sys=0.00, real=0.00 secs] 
257.182: Total time for which application threads were stopped: 0.0427690 seconds, Stopping threads took: 0.0420530 seconds
257.182: Application time: 0.0005560 seconds
257.183: [GC257.183: [ParNew: 5886K->600K(6144K), 0.0018770 secs] 13106K->13097K(21888K), 0.0019110 secs] [Times: user=0.01 sys=0.00, real=0.00 secs] 
257.185: Total time for which application threads were stopped: 0.0022470 seconds, Stopping threads took: 0.0002600 seconds
257.263: Application time: 0.0783590 seconds
257.265: [GC257.265: [ParNew: 6085K->6085K(6144K), 0.0000150 secs]257.265: [CMS257.265: [CMS-concurrent-abortable-preclean: 0.000/0.208 secs] [Times: user=1.39 sys=0.04, real=0.21 secs] 
 (concurrent mode failure): 12497K->4081K(15744K), 0.0061520 secs] 18582K->4081K(21888K), [CMS Perm : 5141K->5141K(21248K)], 0.0062270 secs] [Times: user=0.01 sys=0.00, real=0.01 secs] 
257.271: Total time for which application threads were stopped: 0.0082120 seconds, Stopping threads took: 0.0018930 seconds
257.272: Application time: 0.0012290 seconds
257.342: [GC257.342: [ParNew: 5485K->600K(6144K), 0.0014210 secs] 9567K->8010K(21888K), 0.0014580 secs] [Times: user=0.01 sys=0.00, real=0.00 secs] 
257.344: Total time for which application threads were stopped: 0.0714930 seconds, Stopping threads took: 0.0699590 seconds
257.344: Application time: 0.0001470 seconds
257.384: [GC [1 CMS-initial-mark: 7410K(15744K)] 8218K(21888K), 0.0001040 secs] [Times: user=0.00 sys=0.00, real=0.00 secs] 
257.384: Total time for which application threads were stopped: 0.0399460 seconds, Stopping threads took: 0.0397980 seconds
257.384: [CMS-concurrent-mark-start]
257.388: [CMS-concurrent-mark: 0.004/0.004 secs] [Times: user=0.03 sys=0.00, real=0.01 secs] 
257.388: [CMS-concurrent-preclean-start]
257.388: [CMS-concurrent-preclean: 0.000/0.000 secs] [Times: user=0.00 sys=0.00, real=0.00 secs] 
257.388: [CMS-concurrent-abortable-preclean-start]
257.388: Application time: 0.0040870 seconds
257.461: [GC257.461: [ParNew: 6093K->608K(6144K), 0.0005960 secs] 13504K->8215K(21888K), 0.0006270 secs] [Times: user=0.01 sys=0.00, real=0.00 secs] 
257.462: Total time for which application threads were stopped: 0.0737200 seconds, Stopping threads took: 0.0730170 seconds
257.462: Application time: 0.0005550 seconds
257.502: [GC257.502: [ParNew: 6064K->630K(6144K), 0.0018490 secs] 13672K->12734K(21888K), 0.0018850 secs] [Times: user=0.01 sys=0.01, real=0.00 secs] 
257.504: Total time for which application threads were stopped: 0.0418900 seconds, Stopping threads took: 0.0399520 seconds
257.582: Application time: 0.0782460 seconds
257.585: [GC257.585: [ParNew: 6115K->6115K(6144K), 0.0000160 secs]257.586: [CMS257.586: [CMS-concurrent-abortable-preclean: 0.000/0.199 secs] [Times: user=1.12 sys=0.09, real=0.19 secs] 
 (concurrent mode failure): 12104K->3300K(15744K), 0.0062510 secs] 18220K->3300K(21888K), [CMS Perm : 5141K->5141K(21248K)], 0.0078840 secs] [Times: user=0.01 sys=0.00, real=0.01 secs] 
257.593: Total time for which application threads were stopped: 0.0102070 seconds, Stopping threads took: 0.0022340 seconds
257.594: Application time: 0.0011350 seconds
257.634: [GC257.634: [ParNew: 5485K->600K(6144K), 0.0014730 secs] 8785K->8209K(21888K), 0.0015060 secs] [Times: user=0.00 sys=0.01, real=0.00 secs] 
257.635: Total time for which application threads were stopped: 0.0416000 seconds, Stopping threads took: 0.0400080 seconds
257.636: Application time: 0.0000770 seconds
257.676: [GC [1 CMS-initial-mark: 7609K(15744K)] 9194K(21888K), 0.0000960 secs] [Times: user=0.00 sys=0.00, real=0.00 secs] 
257.676: Total time for which application threads were stopped: 0.0401420 seconds, Stopping threads took: 0.0400030 seconds
257.676: [CMS-concurrent-mark-start]
257.679: [CMS-concurrent-mark: 0.003/0.003 secs] [Times: user=0.01 sys=0.01, real=0.00 secs] 
257.679: [CMS-concurrent-preclean-start]
257.679: [CMS-concurrent-preclean: 0.000/0.000 secs] [Times: user=0.00 sys=0.00, real=0.00 secs] 
257.679: [CMS-concurrent-abortable-preclean-start]
257.753: Application time: 0.0775410 seconds
257.759: [GC257.759: [ParNew: 5988K->596K(6144K), 0.0004240 secs] 13597K->8596K(21888K), 0.0004590 secs] [Times: user=0.00 sys=0.00, real=0.00 secs] 
257.759: Total time for which application threads were stopped: 0.0060590 seconds, Stopping threads took: 0.0055130 seconds
257.760: Application time: 0.0005610 seconds
257.800: [GC257.800: [ParNew: 5788K->600K(6144K), 0.0015720 secs] 13789K->13097K(21888K), 0.0016090 secs] [Times: user=0.01 sys=0.00, real=0.00 secs] 
257.802: Total time for which application threads were stopped: 0.0417830 seconds, Stopping threads took: 0.0401230 seconds
257.879: Application time: 0.0775230 seconds
257.902: [CMS-concurrent-abortable-preclean: 0.000/0.222 secs] [Times: user=1.34 sys=0.04, real=0.23 secs] 
257.920: [GC257.920: [ParNew: 6098K->6098K(6144K), 0.0000120 secs]257.920: [CMS (concurrent mode failure): 12497K->2136K(15744K), 0.0055730 secs] 18595K->2136K(21888K), [CMS Perm : 5141K->5141K(21248K)], 0.0056320 secs] [Times: user=0.01 sys=0.00, real=0.00 secs] 
257.926: Total time for which application threads were stopped: 0.0469140 seconds, Stopping threads took: 0.0411970 seconds
257.927: Application time: 0.0010100 seconds
257.967: [GC257.967: [ParNew: 5432K->628K(6144K), 0.0017820 secs] 7568K->7271K(21888K), 0.0018130 secs] [Times: user=0.01 sys=0.00, real=0.01 secs] 
257.969: Total time for which application threads were stopped: 0.0417530 seconds, Stopping threads took: 0.0398750 seconds
257.969: Application time: 0.0000590 seconds
257.969: [GC [1 CMS-initial-mark: 6643K(15744K)] 8154K(21888K), 0.0000960 secs] [Times: user=0.00 sys=0.00, real=0.00 secs] 
257.969: Total time for which application threads were stopped: 0.0001690 seconds, Stopping threads took: 0.0000470 seconds
257.969: [CMS-concurrent-mark-start]
257.982: [CMS-concurrent-mark: 0.013/0.013 secs] [Times: user=0.08 sys=0.00, real=0.01 secs] 
257.982: [CMS-concurrent-preclean-start]
257.982: [CMS-concurrent-preclean: 0.000/0.000 secs] [Times: user=0.00 sys=0.00, real=0.00 secs] 
257.982: [CMS-concurrent-abortable-preclean-start]
258.059: Application time: 0.0896000 seconds
258.100: [GC258.100: [ParNew: 6015K->396K(6144K), 0.0005520 secs] 12659K->7462K(21888K), 0.0005870 secs] [Times: user=0.00 sys=0.00, real=0.00 secs] 
258.101: Total time for which application threads were stopped: 0.0418980 seconds, Stopping threads took: 0.0412570 seconds
258.101: Application time: 0.0005280 seconds
258.141: [GC258.141: [ParNew: 5784K->602K(6144K), 0.0017180 secs] 12850K->12159K(21888K), 0.0017590 secs] [Times: user=0.01 sys=0.01, real=0.00 secs] 
258.143: Total time for which application threads were stopped: 0.0418760 seconds, Stopping threads took: 0.0400510 seconds
258.220: Application time: 0.0771440 seconds
258.243: [CMS-concurrent-abortable-preclean: 0.000/0.261 secs] [Times: user=1.46 sys=0.06, real=0.26 secs] 
258.262: [GC258.262: [ParNew: 5872K->5872K(6144K), 0.0000130 secs]258.262: [CMS (concurrent mode failure): 11557K->1933K(15744K), 0.0059680 secs] 17430K->1933K(21888K), [CMS Perm : 5141K->5141K(21248K)], 0.0060270 secs] [Times: user=0.01 sys=0.00, real=0.01 secs] 
258.268: Total time for which application threads were stopped: 0.0474960 seconds, Stopping threads took: 0.0413760 seconds
258.269: Application time: 0.0009870 seconds
258.269: [GC258.269: [ParNew: 5483K->598K(6144K), 0.0016380 secs] 7417K->7431K(21888K), 0.0016620 secs] [Times: user=0.01 sys=0.01, real=0.00 secs] 
258.271: Total time for which application threads were stopped: 0.0021760 seconds, Stopping threads took: 0.0004460 seconds
258.271: Application time: 0.0000450 seconds
258.271: [GC [1 CMS-initial-mark: 6832K(15744K)] 8118K(21888K), 0.0000920 secs] [Times: user=0.00 sys=0.00, real=0.00 secs] 
258.271: Total time for which application threads were stopped: 0.0003060 seconds, Stopping threads took: 0.0001660 seconds
258.271: [CMS-concurrent-mark-start]
258.275: [CMS-concurrent-mark: 0.004/0.004 secs] [Times: user=0.01 sys=0.00, real=0.00 secs] 
258.275: [CMS-concurrent-preclean-start]
258.275: [CMS-concurrent-preclean: 0.000/0.000 secs] [Times: user=0.00 sys=0.00, real=0.00 secs] 
258.275: [CMS-concurrent-abortable-preclean-start]
258.357: Application time: 0.0859220 seconds
258.410: [GC258.410: [ParNew: 5821K->482K(6144K), 0.0005030 secs] 12654K->7316K(21888K), 0.0005360 secs] [Times: user=0.00 sys=0.00, real=0.00 secs] 
258.411: Total time for which application threads were stopped: 0.0537430 seconds, Stopping threads took: 0.0531530 seconds
258.412: Application time: 0.0007500 seconds
258.468: [GC258.468: [ParNew: 5977K->634K(6144K), 0.0015390 secs] 12811K->11622K(21888K), 0.0015770 secs] [Times: user=0.01 sys=0.00, real=0.00 secs] 
258.470: Total time for which application threads were stopped: 0.0584230 seconds, Stopping threads took: 0.0567720 seconds
258.547: Application time: 0.0772240 seconds
258.549: [GC258.549: [ParNew: 6002K->6002K(6144K), 0.0000120 secs]258.549: [CMS258.550: [CMS-concurrent-abortable-preclean: 0.001/0.275 secs] [Times: user=1.53 sys=0.06, real=0.28 secs] 
 (concurrent mode failure): 10988K->2714K(15744K), 0.0060750 secs] 16990K->2714K(21888K), [CMS Perm : 5141K->5141K(21248K)], 0.0061390 secs] [Times: user=0.00 sys=0.00, real=0.00 secs] 
258.556: Total time for which application threads were stopped: 0.0083660 seconds, Stopping threads took: 0.0021390 seconds
258.557: Application time: 0.0010610 seconds
258.605: [GC258.605: [ParNew: 5485K->500K(6144K), 0.0017370 secs] 8200K->7917K(21888K), 0.0017680 secs] [Times: user=0.01 sys=0.00, real=0.00 secs] 
258.607: Total time for which application threads were stopped: 0.0501340 seconds, Stopping threads took: 0.0482910 seconds
258.607: Application time: 0.0000460 seconds
258.607: [GC [1 CMS-initial-mark: 7417K(15744K)] 8409K(21888K), 0.0001090 secs] [Times: user=0.00 sys=0.00, real=0.00 secs] 
258.607: Total time for which application threads were stopped: 0.0002410 seconds, Stopping threads took: 0.0001070 seconds
258.607: [CMS-concurrent-mark-start]
258.610: [CMS-concurrent-mark: 0.003/0.003 secs] [Times: user=0.01 sys=0.00, real=0.01 secs] 
258.610: [CMS-concurrent-preclean-start]
258.611: [CMS-concurrent-preclean: 0.000/0.000 secs] [Times: user=0.00 sys=0.00, real=0.00 secs] 
258.611: [CMS-concurrent-abortable-preclean-start]
258.695: Application time: 0.0884130 seconds
258.748: [GC258.748: [ParNew: 5888K->400K(6144K), 0.0005790 secs] 13305K->7818K(21888K), 0.0006130 secs] [Times: user=0.00 sys=0.00, real=0.00 secs] 
258.749: Total time for which application threads were stopped: 0.0531500 seconds, Stopping threads took: 0.0524620 seconds
258.749: Application time: 0.0005040 seconds
258.750: [GC258.750: [ParNew: 5884K->600K(6144K), 0.0016670 secs] 13302K->13293K(21888K), 0.0017000 secs] [Times: user=0.01 sys=0.01, real=0.00 secs] 
258.751: Total time for which application threads were stopped: 0.0021660 seconds, Stopping threads took: 0.0003910 seconds
258.829: Application time: 0.0775250 seconds
258.852: [CMS-concurrent-abortable-preclean: 0.000/0.241 secs] [Times: user=1.52 sys=0.04, real=0.24 secs] 
258.870: [GC258.870: [ParNew: 5987K->5987K(6144K), 0.0000120 secs]258.870: [CMS (concurrent mode failure): 12693K->2910K(15744K), 0.0060760 secs] 18681K->2910K(21888K), [CMS Perm : 5141K->5141K(21248K)], 0.0061310 secs] [Times: user=0.01 sys=0.00, real=0.00 secs] 
258.876: Total time for which application threads were stopped: 0.0470650 seconds, Stopping threads took: 0.0408620 seconds
258.877: Application time: 0.0010950 seconds
258.917: [GC258.917: [ParNew: 5481K->598K(6144K), 0.0014970 secs] 8391K->8110K(21888K), 0.0015270 secs] [Times: user=0.01 sys=0.00, real=0.00 secs] 
258.918: Total time for which application threads were stopped: 0.0414510 seconds, Stopping threads took: 0.0398670 seconds
258.918: Application time: 0.0000520 seconds
258.919: [GC [1 CMS-initial-mark: 7512K(15744K)] 8900K(21888K), 0.0000850 secs] [Times: user=0.00 sys=0.00, real=0.00 secs] 
258.919: Total time for which application threads were stopped: 0.0004290 seconds, Stopping threads took: 0.0002980 seconds
258.919: [CMS-concurrent-mark-start]
258.923: [CMS-concurrent-mark: 0.004/0.004 secs] [Times: user=0.01 sys=0.00, real=0.01 secs] 
258.923: [CMS-concurrent-preclean-start]
258.923: [CMS-concurrent-preclean: 0.000/0.000 secs] [Times: user=0.00 sys=0.00, real=0.00 secs] 
258.923: [CMS-concurrent-abortable-preclean-start]
259.010: Application time: 0.0909940 seconds
259.064: [GC259.064: [ParNew: 5790K->398K(6144K), 0.0006190 secs] 13303K->7913K(21888K), 0.0006540 secs] [Times: user=0.00 sys=0.00, real=0.00 secs] 
259.065: Total time for which application threads were stopped: 0.0552210 seconds, Stopping threads took: 0.0544870 seconds
259.066: Application time: 0.0005510 seconds
259.066: [GC259.066: [ParNew: 5882K->600K(6144K), 0.0018810 secs] 13397K->13391K(21888K), 0.0019160 secs] [Times: user=0.01 sys=0.00, real=0.01 secs] 
259.068: Total time for which application threads were stopped: 0.0023880 seconds, Stopping threads took: 0.0004190 seconds
259.146: Application time: 0.0783990 seconds
259.168: [CMS-concurrent-abortable-preclean: 0.000/0.246 secs] [Times: user=1.56 sys=0.03, real=0.25 secs] 
259.187: [GC259.187: [ParNew: 5987K->5987K(6144K), 0.0000140 secs]259.187: [CMS (concurrent mode failure): 12791K->2910K(15744K), 0.0065690 secs] 18778K->2910K(21888K), [CMS Perm : 5141K->5141K(21248K)], 0.0066240 secs] [Times: user=0.00 sys=0.00, real=0.01 secs] 
259.193: Total time for which application threads were stopped: 0.0469300 seconds, Stopping threads took: 0.0402310 seconds
259.194: Application time: 0.0010350 seconds
259.234: [GC259.234: [ParNew: 5485K->502K(6144K), 0.0015840 secs] 8395K->8114K(21888K), 0.0016160 secs] [Times: user=0.01 sys=0.00, real=0.00 secs] 
259.236: Total time for which application threads were stopped: 0.0415630 seconds, Stopping threads took: 0.0398730 seconds
259.236: Application time: 0.0000560 seconds
259.277: [GC [1 CMS-initial-mark: 7612K(15744K)] 8611K(21888K), 0.0000980 secs] [Times: user=0.00 sys=0.00, real=0.00 secs] 
259.277: Total time for which application threads were stopped: 0.0412070 seconds, Stopping threads took: 0.0410610 seconds
259.277: [CMS-concurrent-mark-start]
259.281: [CMS-concurrent-mark: 0.004/0.004 secs] [Times: user=0.02 sys=0.00, real=0.01 secs] 
259.281: [CMS-concurrent-preclean-start]
259.281: [CMS-concurrent-preclean: 0.000/0.000 secs] [Times: user=0.00 sys=0.00, real=0.00 secs] 
259.281: [CMS-concurrent-abortable-preclean-start]
259.357: Application time: 0.0796610 seconds
259.368: [GC259.368: [ParNew: 5987K->596K(6144K), 0.0007910 secs] 13600K->9380K(21888K), 0.0008260 secs] [Times: user=0.01 sys=0.00, real=0.00 secs] 
259.369: Total time for which application threads were stopped: 0.0117800 seconds, Stopping threads took: 0.0108750 seconds
259.369: Application time: 0.0007350 seconds
259.416: [GC259.416: [ParNew: 6062K->628K(6144K), 0.0018650 secs] 14847K->14688K(21888K), 0.0019030 secs] [Times: user=0.01 sys=0.00, real=0.00 secs] 
259.418: Total time for which application threads were stopped: 0.0480520 seconds, Stopping threads took: 0.0460840 seconds
259.497: Application time: 0.0790960 seconds
259.518: [CMS-concurrent-abortable-preclean: 0.000/0.237 secs] [Times: user=1.37 sys=0.05, real=0.23 secs] 
259.537: [GC259.537: [ParNew: 6113K->6113K(6144K), 0.0000130 secs]259.537: [CMS (concurrent mode failure): 14060K->3203K(15744K), 0.0069300 secs] 20174K->3203K(21888K), [CMS Perm : 5141K->5141K(21248K)], 0.0069840 secs] [Times: user=0.01 sys=0.00, real=0.01 secs] 
259.544: Total time for which application threads were stopped: 0.0469250 seconds, Stopping threads took: 0.0398580 seconds
259.545: Application time: 0.0012930 seconds
259.585: [GC259.585: [ParNew: 5485K->500K(6144K), 0.0016440 secs] 8688K->8403K(21888K), 0.0016750 secs] [Times: user=0.01 sys=0.00, real=0.00 secs] 
259.586: Total time for which application threads were stopped: 0.0416530 seconds, Stopping threads took: 0.0399030 seconds
259.587: Application time: 0.0000520 seconds
259.587: [GC [1 CMS-initial-mark: 7903K(15744K)] 8796K(21888K), 0.0000920 secs] [Times: user=0.00 sys=0.00, real=0.00 secs] 
259.587: Total time for which application threads were stopped: 0.0001780 seconds, Stopping threads took: 0.0000520 seconds
259.587: [CMS-concurrent-mark-start]
259.591: [CMS-concurrent-mark: 0.004/0.004 secs] [Times: user=0.01 sys=0.00, real=0.01 secs] 
259.591: [CMS-concurrent-preclean-start]
259.591: [CMS-concurrent-preclean: 0.000/0.000 secs] [Times: user=0.00 sys=0.00, real=0.00 secs] 
259.591: [CMS-concurrent-abortable-preclean-start]
259.675: Application time: 0.0885760 seconds
259.728: [GC259.728: [ParNew: 5985K->600K(6144K), 0.0006630 secs] 13889K->8894K(21888K), 0.0007060 secs] [Times: user=0.00 sys=0.00, real=0.00 secs] 
259.729: Total time for which application threads were stopped: 0.0537540 seconds, Stopping threads took: 0.0529720 seconds
259.730: Application time: 0.0005780 seconds
259.770: [GC259.770: [ParNew: 5792K->600K(6144K), 0.0017420 secs] 14087K->13388K(21888K), 0.0017770 secs] [Times: user=0.02 sys=0.00, real=0.00 secs] 
259.771: Total time for which application threads were stopped: 0.0418460 seconds, Stopping threads took: 0.0399950 seconds
259.850: Application time: 0.0785690 seconds
259.872: [CMS-concurrent-abortable-preclean: 0.000/0.281 secs] [Times: user=1.56 sys=0.05, real=0.28 secs] 
259.891: [GC259.891: [ParNew: 5987K->5987K(6144K), 0.0000140 secs]259.891: [CMS (concurrent mode failure): 12788K->2129K(15744K), 0.0066260 secs] 18776K->2129K(21888K), [CMS Perm : 5141K->5141K(21248K)], 0.0066810 secs] [Times: user=0.00 sys=0.00, real=0.00 secs] 
259.897: Total time for which application threads were stopped: 0.0473590 seconds, Stopping threads took: 0.0405950 seconds
259.898: Application time: 0.0008390 seconds
259.938: [GC259.938: [ParNew: 5388K->602K(6144K), 0.0014890 secs] 7517K->7237K(21888K), 0.0015200 secs] [Times: user=0.02 sys=0.00, real=0.01 secs] 
259.940: Total time for which application threads were stopped: 0.0417580 seconds, Stopping threads took: 0.0401590 seconds
259.940: Application time: 0.0000380 seconds
259.940: [GC [1 CMS-initial-mark: 6635K(15744K)] 7628K(21888K), 0.0000970 secs] [Times: user=0.00 sys=0.00, real=0.00 secs] 
259.940: Total time for which application threads were stopped: 0.0004140 seconds, Stopping threads took: 0.0002930 seconds
259.941: [CMS-concurrent-mark-start]
259.944: [CMS-concurrent-mark: 0.004/0.004 secs] [Times: user=0.02 sys=0.00, real=0.00 secs] 
259.944: [CMS-concurrent-preclean-start]
259.944: [CMS-concurrent-preclean: 0.000/0.000 secs] [Times: user=0.00 sys=0.00, real=0.00 secs] 
259.944: [CMS-concurrent-abortable-preclean-start]
260.032: Application time: 0.0914830 seconds
260.070: [GC260.070: [ParNew: 5989K->398K(6144K), 0.0006020 secs] 12625K->7425K(21888K), 0.0006370 secs] [Times: user=0.01 sys=0.00, real=0.00 secs] 
260.071: Total time for which application threads were stopped: 0.0390360 seconds, Stopping threads took: 0.0383430 seconds
260.072: Application time: 0.0007420 seconds
260.072: [GC260.072: [ParNew: 5746K->634K(6144K), 0.0017610 secs] 12773K->12668K(21888K), 0.0017940 secs] [Times: user=0.01 sys=0.00, real=0.00 secs] 
260.074: Total time for which application threads were stopped: 0.0021390 seconds, Stopping threads took: 0.0002690 seconds
260.151: Application time: 0.0775720 seconds
260.174: [CMS-concurrent-abortable-preclean: 0.001/0.230 secs] [Times: user=1.48 sys=0.01, real=0.23 secs] 
260.192: [GC260.192: [ParNew: 6119K->6119K(6144K), 0.0000130 secs]260.192: [CMS (concurrent mode failure): 12033K->3105K(15744K), 0.0060520 secs] 18153K->3105K(21888K), [CMS Perm : 5141K->5141K(21248K)], 0.0061120 secs] [Times: user=0.01 sys=0.00, real=0.00 secs] 
260.198: Total time for which application threads were stopped: 0.0465240 seconds, Stopping threads took: 0.0403280 seconds
260.199: Application time: 0.0011910 seconds
260.239: [GC260.239: [ParNew: 5466K->630K(6144K), 0.0017310 secs] 8571K->8142K(21888K), 0.0017620 secs] [Times: user=0.01 sys=0.00, real=0.01 secs] 
260.241: Total time for which application threads were stopped: 0.0417630 seconds, Stopping threads took: 0.0399270 seconds
260.241: Application time: 0.0000800 seconds
260.281: [GC [1 CMS-initial-mark: 7512K(15744K)] 8635K(21888K), 0.0001040 secs] [Times: user=0.00 sys=0.00, real=0.00 secs] 
260.281: Total time for which application threads were stopped: 0.0400090 seconds, Stopping threads took: 0.0398830 seconds
260.281: [CMS-concurrent-mark-start]
260.285: [CMS-concurrent-mark: 0.004/0.004 secs] [Times: user=0.02 sys=0.00, real=0.00 secs] 
260.285: [CMS-concurrent-preclean-start]
260.285: [CMS-concurrent-preclean: 0.000/0.000 secs] [Times: user=0.00 sys=0.00, real=0.00 secs] 
260.285: [CMS-concurrent-abortable-preclean-start]
260.367: Application time: 0.0863360 seconds
260.371: [GC260.371: [ParNew: 6115K->402K(6144K), 0.0004680 secs] 13628K->8337K(21888K), 0.0005040 secs] [Times: user=0.00 sys=0.00, real=0.00 secs] 
260.372: Total time for which application threads were stopped: 0.0045020 seconds, Stopping threads took: 0.0039190 seconds
260.373: Application time: 0.0007150 seconds
260.413: [GC260.413: [ParNew: 5752K->632K(6144K), 0.0013840 secs] 13686K->12889K(21888K), 0.0014200 secs] [Times: user=0.01 sys=0.00, real=0.00 secs] 
260.414: Total time for which application threads were stopped: 0.0413830 seconds, Stopping threads took: 0.0398870 seconds
260.492: Application time: 0.0776870 seconds
260.493: [GC260.493: [ParNew: 6117K->6117K(6144K), 0.0000120 secs]260.494: [CMS260.494: [CMS-concurrent-abortable-preclean: 0.000/0.209 secs] [Times: user=1.39 sys=0.02, real=0.21 secs] 
 (concurrent mode failure): 12257K->3105K(15744K), 0.0061330 secs] 18375K->3105K(21888K), [CMS Perm : 5141K->5141K(21248K)], 0.0061980 secs] [Times: user=0.01 sys=0.00, real=0.01 secs] 
260.500: Total time for which application threads were stopped: 0.0080340 seconds, Stopping threads took: 0.0017370 seconds
260.501: Application time: 0.0012570 seconds
260.572: [GC260.572: [ParNew: 5466K->628K(6144K), 0.0012940 secs] 8572K->7064K(21888K), 0.0013210 secs] [Times: user=0.01 sys=0.00, real=0.00 secs] 
260.574: Total time for which application threads were stopped: 0.0728630 seconds, Stopping threads took: 0.0714880 seconds
260.574: Application time: 0.0000440 seconds
260.574: [GC [1 CMS-initial-mark: 6436K(15744K)] 7457K(21888K), 0.0000900 secs] [Times: user=0.00 sys=0.00, real=0.00 secs] 
260.574: Total time for which application threads were stopped: 0.0001660 seconds, Stopping threads took: 0.0000570 seconds
260.574: [CMS-concurrent-mark-start]
260.578: [CMS-concurrent-mark: 0.004/0.004 secs] [Times: user=0.02 sys=0.00, real=0.00 secs] 
260.578: [CMS-concurrent-preclean-start]
260.578: [CMS-concurrent-preclean: 0.000/0.000 secs] [Times: user=0.00 sys=0.00, real=0.00 secs] 
260.578: [CMS-concurrent-abortable-preclean-start]
260.653: Application time: 0.0790930 seconds
260.665: [GC260.665: [ParNew: 6113K->400K(6144K), 0.0006350 secs] 12550K->7258K(21888K), 0.0006670 secs] [Times: user=0.00 sys=0.00, real=0.00 secs] 
260.666: Total time for which application threads were stopped: 0.0126840 seconds, Stopping threads took: 0.0119350 seconds
260.666: Application time: 0.0005590 seconds
260.706: [GC260.706: [ParNew: 5788K->600K(6144K), 0.0015530 secs] 12647K->11952K(21888K), 0.0015850 secs] [Times: user=0.01 sys=0.00, real=0.01 secs] 
260.708: Total time for which application threads were stopped: 0.0415710 seconds, Stopping threads took: 0.0399110 seconds
260.785: Application time: 0.0774470 seconds
260.787: [GC260.787: [ParNew: 5968K->5968K(6144K), 0.0000120 secs]260.787: [CMS260.787: [CMS-concurrent-abortable-preclean: 0.000/0.209 secs] [Times: user=1.35 sys=0.03, real=0.21 secs] 
 (concurrent mode failure): 11352K->3106K(15744K), 0.0061280 secs] 17321K->3106K(21888K), [CMS Perm : 5141K->5141K(21248K)], 0.0061920 secs] [Times: user=0.00 sys=0.00, real=0.01 secs] 
260.793: Total time for which application threads were stopped: 0.0080640 seconds, Stopping threads took: 0.0017920 seconds
260.794: Application time: 0.0009650 seconds
260.834: [GC260.834: [ParNew: 5387K->600K(6144K), 0.0014030 secs] 8494K->8213K(21888K), 0.0014320 secs] [Times: user=0.01 sys=0.00, real=0.00 secs] 
260.836: Total time for which application threads were stopped: 0.0412440 seconds, Stopping threads took: 0.0397580 seconds
260.863: Application time: 0.0277870 seconds
260.929: [GC [1 CMS-initial-mark: 7613K(15744K)] 10768K(21888K), 0.0001320 secs] [Times: user=0.00 sys=0.00, real=0.00 secs] 
260.929: Total time for which application threads were stopped: 0.0659790 seconds, Stopping threads took: 0.0658130 seconds
260.929: [CMS-concurrent-mark-start]
260.930: Application time: 0.0005010 seconds
260.930: [GC260.930: [ParNew: 6085K->602K(6144K), 0.0009650 secs] 13698K->10559K(21888K), 0.0009970 secs] [Times: user=0.00 sys=0.00, real=0.00 secs] 
260.931: Total time for which application threads were stopped: 0.0014480 seconds, Stopping threads took: 0.0003860 seconds
260.935: [CMS-concurrent-mark: 0.004/0.005 secs] [Times: user=0.02 sys=0.00, real=0.00 secs] 
260.935: [CMS-concurrent-preclean-start]
260.935: [CMS-concurrent-preclean: 0.000/0.000 secs] [Times: user=0.00 sys=0.00, real=0.00 secs] 
260.935: [CMS-concurrent-abortable-preclean-start]
260.940: Application time: 0.0084240 seconds
261.010: [GC261.010: [ParNew: 5987K->400K(6144K), 0.0006490 secs] 15945K->10358K(21888K), 0.0006860 secs] [Times: user=0.00 sys=0.00, real=0.00 secs] 
261.011: Total time for which application threads were stopped: 0.0711170 seconds, Stopping threads took: 0.0703570 seconds
261.012: Application time: 0.0007360 seconds
261.065: [GC261.065: [ParNew: 5886K->600K(6144K), 0.0011480 secs] 15844K->14073K(21888K), 0.0011790 secs] [Times: user=0.00 sys=0.00, real=0.00 secs] 
261.066: Total time for which application threads were stopped: 0.0542580 seconds, Stopping threads took: 0.0530050 seconds
261.143: Application time: 0.0768130 seconds
261.148: [GC261.148: [ParNew: 6085K->6085K(6144K), 0.0000130 secs]261.148: [CMS261.148: [CMS-concurrent-abortable-preclean: 0.000/0.214 secs] [Times: user=1.31 sys=0.07, real=0.22 secs] 
 (concurrent mode failure): 13473K->2324K(15744K), 0.0056430 secs] 19558K->2324K(21888K), [CMS Perm : 5141K->5141K(21248K)], 0.0057100 secs] [Times: user=0.00 sys=0.00, real=0.00 secs] 
261.154: Total time for which application threads were stopped: 0.0112990 seconds, Stopping threads took: 0.0054980 seconds
261.155: Application time: 0.0008370 seconds
261.195: [GC261.195: [ParNew: 5192K->600K(6144K), 0.0017290 secs] 7517K->7236K(21888K), 0.0017580 secs] [Times: user=0.01 sys=0.00, real=0.00 secs] 
261.197: Total time for which application threads were stopped: 0.0418630 seconds, Stopping threads took: 0.0400340 seconds
261.197: Application time: 0.0000460 seconds
261.197: [GC [1 CMS-initial-mark: 6636K(15744K)] 7627K(21888K), 0.0001090 secs] [Times: user=0.00 sys=0.00, real=0.00 secs] 
261.197: Total time for which application threads were stopped: 0.0004730 seconds, Stopping threads took: 0.0003180 seconds
261.197: [CMS-concurrent-mark-start]
261.201: [CMS-concurrent-mark: 0.004/0.004 secs] [Times: user=0.02 sys=0.00, real=0.01 secs] 
261.201: [CMS-concurrent-preclean-start]
261.201: [CMS-concurrent-preclean: 0.000/0.000 secs] [Times: user=0.00 sys=0.00, real=0.00 secs] 
261.201: [CMS-concurrent-abortable-preclean-start]
261.281: Application time: 0.0837240 seconds
261.327: [GC261.327: [ParNew: 5987K->402K(6144K), 0.0005960 secs] 12624K->7430K(21888K), 0.0006290 secs] [Times: user=0.00 sys=0.01, real=0.01 secs] 
261.328: Total time for which application threads were stopped: 0.0469300 seconds, Stopping threads took: 0.0462240 seconds
261.328: Application time: 0.0005240 seconds
261.368: [GC261.368: [ParNew: 5790K->602K(6144K), 0.0016010 secs] 12818K->12122K(21888K), 0.0016360 secs] [Times: user=0.01 sys=0.01, real=0.00 secs] 
261.370: Total time for which application threads were stopped: 0.0416770 seconds, Stopping threads took: 0.0399880 seconds
261.448: Application time: 0.0775410 seconds
261.470: [CMS-concurrent-abortable-preclean: 0.000/0.269 secs] [Times: user=1.49 sys=0.06, real=0.27 secs] 
261.489: [GC261.489: [ParNew: 5989K->5989K(6144K), 0.0000120 secs]261.489: [CMS (concurrent mode failure): 11520K->2129K(15744K), 0.0059040 secs] 17510K->2129K(21888K), [CMS Perm : 5141K->5141K(21248K)], 0.0059640 secs] [Times: user=0.00 sys=0.00, real=0.00 secs] 
261.495: Total time for which application threads were stopped: 0.0474010 seconds, Stopping threads took: 0.0413760 seconds
261.496: Application time: 0.0011870 seconds
261.537: [GC261.537: [ParNew: 5466K->628K(6144K), 0.0016510 secs] 7595K->7264K(21888K), 0.0016800 secs] [Times: user=0.01 sys=0.00, real=0.00 secs] 
261.538: Total time for which application threads were stopped: 0.0420860 seconds, Stopping threads took: 0.0403220 seconds
261.538: Application time: 0.0000480 seconds
261.539: [GC [1 CMS-initial-mark: 6636K(15744K)] 8049K(21888K), 0.0001000 secs] [Times: user=0.00 sys=0.00, real=0.00 secs] 
261.539: Total time for which application threads were stopped: 0.0002170 seconds, Stopping threads took: 0.0000850 seconds
261.539: [CMS-concurrent-mark-start]
261.546: [CMS-concurrent-mark: 0.007/0.007 secs] [Times: user=0.04 sys=0.00, real=0.01 secs] 
261.546: [CMS-concurrent-preclean-start]
261.546: [CMS-concurrent-preclean: 0.000/0.000 secs] [Times: user=0.00 sys=0.00, real=0.00 secs] 
261.546: [CMS-concurrent-abortable-preclean-start]
261.622: Application time: 0.0830320 seconds
261.667: [GC261.667: [ParNew: 6015K->596K(6144K), 0.0004100 secs] 12652K->7458K(21888K), 0.0004430 secs] [Times: user=0.00 sys=0.00, real=0.01 secs] 
261.668: Total time for which application threads were stopped: 0.0461620 seconds, Stopping threads took: 0.0456430 seconds
261.668: Application time: 0.0006100 seconds
261.708: [GC261.708: [ParNew: 5984K->598K(6144K), 0.0015690 secs] 12846K->11953K(21888K), 0.0016030 secs] [Times: user=0.01 sys=0.01, real=0.00 secs] 
261.710: Total time for which application threads were stopped: 0.0416550 seconds, Stopping threads took: 0.0399780 seconds
261.787: Application time: 0.0769420 seconds
261.790: [GC261.790: [ParNew: 6083K->6083K(6144K), 0.0000130 secs]261.790: [CMS261.790: [CMS-concurrent-abortable-preclean: 0.000/0.244 secs] [Times: user=1.43 sys=0.04, real=0.25 secs] 
 (concurrent mode failure): 11355K->3301K(15744K), 0.0057370 secs] 17438K->3301K(21888K), [CMS Perm : 5141K->5141K(21248K)], 0.0058020 secs] [Times: user=0.01 sys=0.00, real=0.00 secs] 
261.796: Total time for which application threads were stopped: 0.0085380 seconds, Stopping threads took: 0.0026680 seconds
261.797: Application time: 0.0012390 seconds
261.849: [GC261.849: [ParNew: 5466K->628K(6144K), 0.0014770 secs] 8767K->7455K(21888K), 0.0015090 secs] [Times: user=0.01 sys=0.00, real=0.00 secs] 
261.851: Total time for which application threads were stopped: 0.0541570 seconds, Stopping threads took: 0.0525720 seconds
261.851: Application time: 0.0000970 seconds
261.851: [GC [1 CMS-initial-mark: 6827K(15744K)] 8440K(21888K), 0.0001120 secs] [Times: user=0.00 sys=0.00, real=0.00 secs] 
261.851: Total time for which application threads were stopped: 0.0003530 seconds, Stopping threads took: 0.0002170 seconds
261.852: [CMS-concurrent-mark-start]
261.855: [CMS-concurrent-mark: 0.003/0.003 secs] [Times: user=0.01 sys=0.00, real=0.00 secs] 
261.855: [CMS-concurrent-preclean-start]
261.855: [CMS-concurrent-preclean: 0.000/0.000 secs] [Times: user=0.00 sys=0.00, real=0.00 secs] 
261.855: [CMS-concurrent-abortable-preclean-start]
261.936: Application time: 0.0841980 seconds
261.943: [GC261.943: [ParNew: 6113K->596K(6144K), 0.0006640 secs] 12941K->7845K(21888K), 0.0007010 secs] [Times: user=0.00 sys=0.00, real=0.00 secs] 
261.944: Total time for which application threads were stopped: 0.0084010 seconds, Stopping threads took: 0.0076410 seconds
261.945: Application time: 0.0007750 seconds
261.998: [GC261.998: [ParNew: 5965K->630K(6144K), 0.0015050 secs] 13214K->11395K(21888K), 0.0015390 secs] [Times: user=0.01 sys=0.00, real=0.01 secs] 
262.000: Total time for which application threads were stopped: 0.0550160 seconds, Stopping threads took: 0.0534140 seconds
262.077: Application time: 0.0774400 seconds
262.080: [GC262.080: [ParNew: 6115K->6115K(6144K), 0.0000130 secs]262.080: [CMS262.080: [CMS-concurrent-abortable-preclean: 0.000/0.225 secs] [Times: user=1.46 sys=0.04, real=0.23 secs] 
 (concurrent mode failure): 10765K->2324K(15744K), 0.0059630 secs] 16880K->2324K(21888K), [CMS Perm : 5141K->5141K(21248K)], 0.0060270 secs] [Times: user=0.01 sys=0.00, real=0.00 secs] 
262.086: Total time for which application threads were stopped: 0.0083210 seconds, Stopping threads took: 0.0021960 seconds
262.087: Application time: 0.0011040 seconds
262.127: [GC262.127: [ParNew: 5368K->630K(6144K), 0.0012370 secs] 7693K->6481K(21888K), 0.0012760 secs] [Times: user=0.01 sys=0.00, real=0.01 secs] 
262.128: Total time for which application threads were stopped: 0.0413410 seconds, Stopping threads took: 0.0399960 seconds
262.128: Application time: 0.0000720 seconds
262.128: [GC [1 CMS-initial-mark: 5851K(15744K)] 7758K(21888K), 0.0001020 secs] [Times: user=0.00 sys=0.00, real=0.00 secs] 
262.128: Total time for which application threads were stopped: 0.0002900 seconds, Stopping threads took: 0.0001410 seconds
262.128: [CMS-concurrent-mark-start]
262.132: [CMS-concurrent-mark: 0.004/0.004 secs] [Times: user=0.02 sys=0.00, real=0.00 secs] 
262.132: [CMS-concurrent-preclean-start]
262.132: [CMS-concurrent-preclean: 0.000/0.000 secs] [Times: user=0.00 sys=0.00, real=0.00 secs] 
262.132: [CMS-concurrent-abortable-preclean-start]
262.212: Application time: 0.0836480 seconds
262.227: [GC262.227: [ParNew: 6115K->596K(6144K), 0.0004540 secs] 11966K->6870K(21888K), 0.0004890 secs] [Times: user=0.00 sys=0.00, real=0.01 secs] 
262.228: Total time for which application threads were stopped: 0.0158050 seconds, Stopping threads took: 0.0152340 seconds
262.229: Application time: 0.0007140 seconds
262.287: [GC262.287: [ParNew: 6062K->630K(6144K), 0.0017100 secs] 12337K->11594K(21888K), 0.0017470 secs] [Times: user=0.00 sys=0.01, real=0.01 secs] 
262.289: Total time for which application threads were stopped: 0.0606030 seconds, Stopping threads took: 0.0588000 seconds
262.367: Application time: 0.0775670 seconds
262.368: [GC262.368: [ParNew: 5998K->5998K(6144K), 0.0000140 secs]262.368: [CMS262.369: [CMS-concurrent-abortable-preclean: 0.000/0.236 secs] [Times: user=1.42 sys=0.04, real=0.24 secs] 
 (concurrent mode failure): 10964K->3301K(15744K), 0.0062180 secs] 16963K->3301K(21888K), [CMS Perm : 5141K->5141K(21248K)], 0.0062860 secs] [Times: user=0.00 sys=0.00, real=0.00 secs] 
262.375: Total time for which application threads were stopped: 0.0079530 seconds, Stopping threads took: 0.0015770 seconds
262.376: Application time: 0.0011870 seconds
262.429: [GC262.429: [ParNew: 5485K->602K(6144K), 0.0014500 secs] 8787K->8213K(21888K), 0.0014840 secs] [Times: user=0.01 sys=0.00, real=0.00 secs] 
262.430: Total time for which application threads were stopped: 0.0544010 seconds, Stopping threads took: 0.0528410 seconds
262.430: Application time: 0.0001830 seconds
262.471: [GC [1 CMS-initial-mark: 7611K(15744K)] 9007K(21888K), 0.0001050 secs] [Times: user=0.00 sys=0.00, real=0.00 secs] 
262.471: Total time for which application threads were stopped: 0.0401490 seconds, Stopping threads took: 0.0399940 seconds
262.471: [CMS-concurrent-mark-start]
262.474: [CMS-concurrent-mark: 0.004/0.004 secs] [Times: user=0.01 sys=0.00, real=0.00 secs] 
262.474: [CMS-concurrent-preclean-start]
262.474: [CMS-concurrent-preclean: 0.000/0.000 secs] [Times: user=0.00 sys=0.00, real=0.00 secs] 
262.474: [CMS-concurrent-abortable-preclean-start]
262.475: Application time: 0.0044970 seconds
262.554: [GC262.554: [ParNew: 6068K->628K(6144K), 0.0004930 secs] 13679K->8630K(21888K), 0.0005290 secs] [Times: user=0.01 sys=0.01, real=0.00 secs] 
262.555: Total time for which application threads were stopped: 0.0798770 seconds, Stopping threads took: 0.0792750 seconds
262.556: Application time: 0.0005260 seconds
262.595: [GC262.595: [ParNew: 5821K->602K(6144K), 0.0017790 secs] 13823K->13127K(21888K), 0.0018150 secs] [Times: user=0.01 sys=0.00, real=0.00 secs] 
262.597: Total time for which application threads were stopped: 0.0417250 seconds, Stopping threads took: 0.0398440 seconds
262.676: Application time: 0.0784990 seconds
262.678: [GC262.678: [ParNew: 6087K->6087K(6144K), 0.0000120 secs]262.678: [CMS262.678: [CMS-concurrent-abortable-preclean: 0.000/0.204 secs] [Times: user=1.27 sys=0.06, real=0.20 secs] 
 (concurrent mode failure): 12525K->3301K(15744K), 0.0062020 secs] 18612K->3301K(21888K), [CMS Perm : 5141K->5141K(21248K)], 0.0062670 secs] [Times: user=0.01 sys=0.00, real=0.01 secs] 
262.684: Total time for which application threads were stopped: 0.0082610 seconds, Stopping threads took: 0.0019030 seconds
262.685: Application time: 0.0011850 seconds
262.737: [GC262.737: [ParNew: 5485K->598K(6144K), 0.0017540 secs] 8787K->8209K(21888K), 0.0017940 secs] [Times: user=0.01 sys=0.00, real=0.00 secs] 
262.739: Total time for which application threads were stopped: 0.0534860 seconds, Stopping threads took: 0.0516150 seconds
262.739: Application time: 0.0000630 seconds
262.787: [GC [1 CMS-initial-mark: 7611K(15744K)] 8801K(21888K), 0.0001000 secs] [Times: user=0.00 sys=0.00, real=0.00 secs] 
262.787: Total time for which application threads were stopped: 0.0479270 seconds, Stopping threads took: 0.0478020 seconds
262.787: [CMS-concurrent-mark-start]
262.793: [CMS-concurrent-mark: 0.007/0.007 secs] [Times: user=0.04 sys=0.00, real=0.01 secs] 
262.794: [CMS-concurrent-preclean-start]
262.794: [CMS-concurrent-preclean: 0.000/0.000 secs] [Times: user=0.00 sys=0.00, real=0.00 secs] 
262.794: [CMS-concurrent-abortable-preclean-start]
262.865: Application time: 0.0778490 seconds
262.869: [GC262.869: [ParNew: 5986K->598K(6144K), 0.0007240 secs] 13597K->8600K(21888K), 0.0007600 secs] [Times: user=0.00 sys=0.00, real=0.00 secs] 
262.870: Total time for which application threads were stopped: 0.0051490 seconds, Stopping threads took: 0.0043090 seconds
262.870: Application time: 0.0004880 seconds
262.910: [GC262.910: [ParNew: 5790K->598K(6144K), 0.0016690 secs] 13793K->13094K(21888K), 0.0017020 secs] [Times: user=0.02 sys=0.00, real=0.00 secs] 
262.912: Total time for which application threads were stopped: 0.0418130 seconds, Stopping threads took: 0.0400600 seconds
262.990: Application time: 0.0775380 seconds
262.991: [GC262.991: [ParNew: 6083K->6083K(6144K), 0.0000130 secs]262.991: [CMS262.991: [CMS-concurrent-abortable-preclean: 0.000/0.198 secs] [Times: user=1.29 sys=0.03, real=0.20 secs] 
 (concurrent mode failure): 12496K->3301K(15744K), 0.0054680 secs] 18580K->3301K(21888K), [CMS Perm : 5141K->5141K(21248K)], 0.0055340 secs] [Times: user=0.01 sys=0.00, real=0.00 secs] 
262.997: Total time for which application threads were stopped: 0.0071760 seconds, Stopping threads took: 0.0015520 seconds
262.998: Application time: 0.0012310 seconds
263.051: [GC263.051: [ParNew: 5466K->626K(6144K), 0.0015160 secs] 8768K->7454K(21888K), 0.0015480 secs] [Times: user=0.01 sys=0.00, real=0.00 secs] 
263.053: Total time for which application threads were stopped: 0.0547590 seconds, Stopping threads took: 0.0531360 seconds
263.053: Application time: 0.0001420 seconds
263.093: [GC [1 CMS-initial-mark: 6827K(15744K)] 7659K(21888K), 0.0001050 secs] [Times: user=0.00 sys=0.00, real=0.00 secs] 
263.093: Total time for which application threads were stopped: 0.0400700 seconds, Stopping threads took: 0.0399170 seconds
263.093: [CMS-concurrent-mark-start]
263.094: Application time: 0.0011830 seconds
263.170: [GC263.170: [ParNew: 6111K->598K(6144K), 0.0010490 secs] 12939K->9998K(21888K), 0.0010910 secs] [Times: user=0.01 sys=0.00, real=0.00 secs] 
263.171: Total time for which application threads were stopped: 0.0770170 seconds, Stopping threads took: 0.0758580 seconds
263.174: [CMS-concurrent-mark: 0.004/0.081 secs] [Times: user=0.31 sys=0.04, real=0.08 secs] 
263.174: [CMS-concurrent-preclean-start]
263.174: [CMS-concurrent-preclean: 0.000/0.000 secs] [Times: user=0.01 sys=0.00, real=0.00 secs] 
263.174: [CMS-concurrent-abortable-preclean-start]
263.249: Application time: 0.0775120 seconds
263.253: [GC263.253: [ParNew: 6083K->12K(6144K), 0.0004950 secs] 15484K->9412K(21888K), 0.0005250 secs] [Times: user=0.00 sys=0.00, real=0.00 secs] 
263.254: Total time for which application threads were stopped: 0.0050080 seconds, Stopping threads took: 0.0044080 seconds
263.254: Application time: 0.0005210 seconds
263.255: [GC263.255: [ParNew: 5497K->602K(6144K), 0.0015040 secs] 14898K->14887K(21888K), 0.0015350 secs] [Times: user=0.01 sys=0.00, real=0.00 secs] 
263.256: Total time for which application threads were stopped: 0.0018940 seconds, Stopping threads took: 0.0003080 seconds
263.335: Application time: 0.0790540 seconds
263.356: [CMS-concurrent-abortable-preclean: 0.000/0.182 secs] [Times: user=1.30 sys=0.01, real=0.18 secs] 
263.375: [GC263.375: [ParNew: 5989K->5989K(6144K), 0.0000140 secs]263.375: [CMS (concurrent mode failure): 14285K->2520K(15744K), 0.0059790 secs] 20275K->2520K(21888K), [CMS Perm : 5141K->5141K(21248K)], 0.0060350 secs] [Times: user=0.01 sys=0.00, real=0.01 secs] 
263.381: Total time for which application threads were stopped: 0.0459950 seconds, Stopping threads took: 0.0398980 seconds
263.382: Application time: 0.0012370 seconds
263.422: [GC263.422: [ParNew: 5466K->630K(6144K), 0.0014000 secs] 7987K->7657K(21888K), 0.0014250 secs] [Times: user=0.01 sys=0.01, real=0.00 secs] 
263.423: Total time for which application threads were stopped: 0.0411060 seconds, Stopping threads took: 0.0396310 seconds
263.424: Application time: 0.0000470 seconds
263.463: [GC [1 CMS-initial-mark: 7027K(15744K)] 7855K(21888K), 0.0000980 secs] [Times: user=0.00 sys=0.00, real=0.00 secs] 
263.463: Total time for which application threads were stopped: 0.0399270 seconds, Stopping threads took: 0.0398070 seconds
263.463: [CMS-concurrent-mark-start]
263.467: [CMS-concurrent-mark: 0.004/0.004 secs] [Times: user=0.02 sys=0.00, real=0.00 secs] 
263.467: [CMS-concurrent-preclean-start]
263.467: [CMS-concurrent-preclean: 0.000/0.000 secs] [Times: user=0.00 sys=0.00, real=0.00 secs] 
263.467: [CMS-concurrent-abortable-preclean-start]
263.550: Application time: 0.0864280 seconds
263.593: [GC263.593: [ParNew: 6115K->205K(6144K), 0.0005080 secs] 13143K->7264K(21888K), 0.0005430 secs] [Times: user=0.00 sys=0.00, real=0.00 secs] 
263.594: Total time for which application threads were stopped: 0.0440990 seconds, Stopping threads took: 0.0434830 seconds
263.595: Application time: 0.0005730 seconds
263.595: [GC263.595: [ParNew: 5574K->630K(6144K), 0.0016590 secs] 12632K->12571K(21888K), 0.0016930 secs] [Times: user=0.01 sys=0.00, real=0.00 secs] 
263.597: Total time for which application threads were stopped: 0.0021480 seconds, Stopping threads took: 0.0003780 seconds
263.674: Application time: 0.0773140 seconds
263.682: [GC263.682: [ParNew: 6017K->6017K(6144K), 0.0000130 secs]263.682: [CMS263.682: [CMS-concurrent-abortable-preclean: 0.000/0.215 secs] [Times: user=1.40 sys=0.02, real=0.22 secs] 
 (concurrent mode failure): 11941K->3595K(15744K), 0.0061830 secs] 17959K->3595K(21888K), [CMS Perm : 5141K->5141K(21248K)], 0.0062470 secs] [Times: user=0.01 sys=0.00, real=0.01 secs] 
263.688: Total time for which application threads were stopped: 0.0142920 seconds, Stopping threads took: 0.0079460 seconds
263.689: Application time: 0.0011550 seconds
263.738: [GC263.738: [ParNew: 5485K->600K(6144K), 0.0016390 secs] 9080K->8797K(21888K), 0.0016720 secs] [Times: user=0.02 sys=0.00, real=0.01 secs] 
263.740: Total time for which application threads were stopped: 0.0502300 seconds, Stopping threads took: 0.0484800 seconds
263.740: Application time: 0.0000560 seconds
263.780: [GC [1 CMS-initial-mark: 8197K(15744K)] 9096K(21888K), 0.0001000 secs] [Times: user=0.00 sys=0.00, real=0.00 secs] 
263.780: Total time for which application threads were stopped: 0.0399650 seconds, Stopping threads took: 0.0398210 seconds
263.780: [CMS-concurrent-mark-start]
263.791: [CMS-concurrent-mark: 0.012/0.012 secs] [Times: user=0.08 sys=0.01, real=0.01 secs] 
263.792: [CMS-concurrent-preclean-start]
263.792: [CMS-concurrent-preclean: 0.000/0.000 secs] [Times: user=0.00 sys=0.00, real=0.00 secs] 
263.792: [CMS-concurrent-abortable-preclean-start]
263.864: Application time: 0.0842840 seconds
263.904: [GC263.904: [ParNew: 5988K->205K(6144K), 0.0005190 secs] 14185K->8403K(21888K), 0.0005520 secs] [Times: user=0.00 sys=0.00, real=0.00 secs] 
263.905: Total time for which application threads were stopped: 0.0410250 seconds, Stopping threads took: 0.0404000 seconds
263.906: Application time: 0.0005580 seconds
263.906: [GC263.906: [ParNew: 5574K->630K(6144K), 0.0014720 secs] 13772K->13713K(21888K), 0.0015130 secs] [Times: user=0.01 sys=0.00, real=0.01 secs] 
263.907: Total time for which application threads were stopped: 0.0018610 seconds, Stopping threads took: 0.0002700 seconds
263.908: [CMS-concurrent-abortable-preclean: 0.000/0.116 secs] [Times: user=0.69 sys=0.01, real=0.12 secs] 
263.908: Application time: 0.0002100 seconds
263.908: [GC[YG occupancy: 2888 K (6144 K)]263.908: [Rescan (parallel) , 0.0001130 secs]263.908: [weak refs processing, 0.0000080 secs]263.908: [scrub string table, 0.0000750 secs] [1 CMS-remark: 13083K(15744K)] 15971K(21888K), 0.0002180 secs] [Times: user=0.00 sys=0.00, real=0.00 secs] 
263.908: Total time for which application threads were stopped: 0.0006860 seconds, Stopping threads took: 0.0004220 seconds
263.908: [CMS-concurrent-sweep-start]
263.909: [CMS-concurrent-sweep: 0.001/0.001 secs] [Times: user=0.00 sys=0.00, real=0.00 secs] 
263.909: [CMS-concurrent-reset-start]
263.909: [CMS-concurrent-reset: 0.000/0.000 secs] [Times: user=0.00 sys=0.00, real=0.00 secs] 
263.986: Application time: 0.0772430 seconds
264.027: [GC264.027: [ParNew: 6017K->6017K(6144K), 0.0000130 secs]264.027: [CMS: 10445K->2520K(15744K), 0.0053100 secs] 16463K->2520K(21888K), [CMS Perm : 5141K->5141K(21248K)], 0.0053760 secs] [Times: user=0.01 sys=0.00, real=0.01 secs] 
264.033: Total time for which application threads were stopped: 0.0470360 seconds, Stopping threads took: 0.0415930 seconds
264.034: Application time: 0.0010120 seconds
264.073: [GC264.073: [ParNew: 5386K->600K(6144K), 0.0014200 secs] 7907K->7627K(21888K), 0.0014500 secs] [Times: user=0.01 sys=0.00, real=0.00 secs] 
264.075: Total time for which application threads were stopped: 0.0412080 seconds, Stopping threads took: 0.0397050 seconds
264.075: Application time: 0.0000630 seconds
264.075: [GC [1 CMS-initial-mark: 7027K(15744K)] 8512K(21888K), 0.0001050 secs] [Times: user=0.00 sys=0.00, real=0.00 secs] 
264.075: Total time for which application threads were stopped: 0.0004200 seconds, Stopping threads took: 0.0002680 seconds
264.075: [CMS-concurrent-mark-start]
264.079: [CMS-concurrent-mark: 0.003/0.003 secs] [Times: user=0.01 sys=0.00, real=0.00 secs] 
264.079: [CMS-concurrent-preclean-start]
264.079: [CMS-concurrent-preclean: 0.000/0.000 secs] [Times: user=0.00 sys=0.00, real=0.00 secs] 
264.079: [CMS-concurrent-abortable-preclean-start]
264.162: Application time: 0.0868260 seconds
264.220: [GC264.220: [ParNew: 5968K->40K(6144K), 0.0003630 secs] 12996K->7068K(21888K), 0.0003990 secs] [Times: user=0.00 sys=0.00, real=0.00 secs] 
264.220: Total time for which application threads were stopped: 0.0581720 seconds, Stopping threads took: 0.0576830 seconds
264.221: Application time: 0.0007100 seconds
264.273: [GC264.273: [ParNew: 5506K->634K(6144K), 0.0011940 secs] 12534K->11397K(21888K), 0.0012260 secs] [Times: user=0.00 sys=0.00, real=0.00 secs] 
264.274: Total time for which application threads were stopped: 0.0529020 seconds, Stopping threads took: 0.0516250 seconds
264.352: Application time: 0.0777810 seconds
264.374: [CMS-concurrent-abortable-preclean: 0.000/0.295 secs] [Times: user=1.58 sys=0.07, real=0.30 secs] 
264.393: [GC264.393: [ParNew: 6022K->6022K(6144K), 0.0000130 secs]264.393: [CMS (concurrent mode failure): 10763K->1349K(15744K), 0.0064540 secs] 16785K->1349K(21888K), [CMS Perm : 5141K->5141K(21248K)], 0.0065060 secs] [Times: user=0.01 sys=0.00, real=0.01 secs] 
264.400: Total time for which application threads were stopped: 0.0478240 seconds, Stopping threads took: 0.0412380 seconds
264.401: Application time: 0.0011750 seconds
264.401: [GC264.401: [ParNew: 5447K->634K(6144K), 0.0013920 secs] 6796K->6709K(21888K), 0.0014200 secs] [Times: user=0.01 sys=0.00, real=0.00 secs] 
264.402: Total time for which application threads were stopped: 0.0016230 seconds, Stopping threads took: 0.0001310 seconds
264.402: Application time: 0.0000800 seconds
264.403: [GC [1 CMS-initial-mark: 6075K(15744K)] 7596K(21888K), 0.0000990 secs] [Times: user=0.00 sys=0.00, real=0.00 secs] 
264.403: Total time for which application threads were stopped: 0.0002760 seconds, Stopping threads took: 0.0001520 seconds
264.403: [CMS-concurrent-mark-start]
264.405: [CMS-concurrent-mark: 0.003/0.003 secs] [Times: user=0.01 sys=0.00, real=0.00 secs] 
264.405: [CMS-concurrent-preclean-start]
264.405: [CMS-concurrent-preclean: 0.000/0.000 secs] [Times: user=0.00 sys=0.00, real=0.00 secs] 
264.405: [CMS-concurrent-abortable-preclean-start]
264.497: Application time: 0.0939550 seconds
264.535: [GC264.535: [ParNew: 6021K->600K(6144K), 0.0004750 secs] 12097K->7101K(21888K), 0.0005090 secs] [Times: user=0.00 sys=0.01, real=0.00 secs] 
264.536: Total time for which application threads were stopped: 0.0388230 seconds, Stopping threads took: 0.0382580 seconds
264.536: Application time: 0.0005550 seconds
264.537: [GC264.537: [ParNew: 6081K->596K(6144K), 0.0019330 secs] 12583K->12567K(21888K), 0.0019670 secs] [Times: user=0.01 sys=0.00, real=0.00 secs] 
264.539: Total time for which application threads were stopped: 0.0024560 seconds, Stopping threads took: 0.0004340 seconds
264.617: Application time: 0.0782090 seconds
264.639: [CMS-concurrent-abortable-preclean: 0.000/0.233 secs] [Times: user=1.50 sys=0.05, real=0.23 secs] 
264.658: [GC264.658: [ParNew: 6081K->6081K(6144K), 0.0000120 secs]264.658: [CMS (concurrent mode failure): 11971K->2521K(15744K), 0.0059820 secs] 18052K->2521K(21888K), [CMS Perm : 5141K->5141K(21248K)], 0.0060400 secs] [Times: user=0.01 sys=0.00, real=0.01 secs] 
264.664: Total time for which application threads were stopped: 0.0471930 seconds, Stopping threads took: 0.0410810 seconds
264.665: Application time: 0.0009620 seconds
264.705: [GC264.705: [ParNew: 5386K->600K(6144K), 0.0018970 secs] 7907K->7628K(21888K), 0.0019260 secs] [Times: user=0.01 sys=0.00, real=0.00 secs] 
264.707: Total time for which application threads were stopped: 0.0419140 seconds, Stopping threads took: 0.0399150 seconds
264.707: Application time: 0.0000600 seconds
264.707: [GC [1 CMS-initial-mark: 7027K(15744K)] 8415K(21888K), 0.0000940 secs] [Times: user=0.00 sys=0.00, real=0.00 secs] 
264.707: Total time for which application threads were stopped: 0.0003970 seconds, Stopping threads took: 0.0002580 seconds
264.707: [CMS-concurrent-mark-start]
264.711: [CMS-concurrent-mark: 0.004/0.004 secs] [Times: user=0.01 sys=0.00, real=0.01 secs] 
264.711: [CMS-concurrent-preclean-start]
264.711: [CMS-concurrent-preclean: 0.000/0.000 secs] [Times: user=0.00 sys=0.00, real=0.00 secs] 
264.711: [CMS-concurrent-abortable-preclean-start]
264.798: Application time: 0.0909310 seconds
264.850: [GC264.850: [ParNew: 6085K->207K(6144K), 0.0004760 secs] 13113K->7235K(21888K), 0.0005120 secs] [Times: user=0.00 sys=0.00, real=0.00 secs] 
264.850: Total time for which application threads were stopped: 0.0519700 seconds, Stopping threads took: 0.0513940 seconds
264.851: Application time: 0.0005160 seconds
264.851: [GC264.851: [ParNew: 5693K->602K(6144K), 0.0014760 secs] 12721K->12711K(21888K), 0.0015070 secs] [Times: user=0.01 sys=0.00, real=0.00 secs] 
264.852: Total time for which application threads were stopped: 0.0016250 seconds, Stopping threads took: 0.0000660 seconds
264.930: Application time: 0.0774500 seconds
264.953: [CMS-concurrent-abortable-preclean: 0.000/0.241 secs] [Times: user=1.51 sys=0.05, real=0.24 secs] 
264.971: [GC264.971: [ParNew: 6087K->6087K(6144K), 0.0000120 secs]264.971: [CMS (concurrent mode failure): 12108K->2814K(15744K), 0.0053610 secs] 18196K->2814K(21888K), [CMS Perm : 5141K->5141K(21248K)], 0.0054180 secs] [Times: user=0.01 sys=0.00, real=0.00 secs] 
264.976: Total time for which application threads were stopped: 0.0463840 seconds, Stopping threads took: 0.0409050 seconds
264.977: Application time: 0.0010840 seconds
265.029: [GC265.029: [ParNew: 5388K->502K(6144K), 0.0015840 secs] 8202K->8214K(21888K), 0.0016150 secs] [Times: user=0.01 sys=0.00, real=0.00 secs] 
265.030: Total time for which application threads were stopped: 0.0529610 seconds, Stopping threads took: 0.0512930 seconds
265.030: Application time: 0.0000210 seconds
265.030: [GC [1 CMS-initial-mark: 7711K(15744K)] 8606K(21888K), 0.0000860 secs] [Times: user=0.00 sys=0.00, real=0.00 secs] 
265.030: Total time for which application threads were stopped: 0.0001410 seconds, Stopping threads took: 0.0000350 seconds
265.030: [CMS-concurrent-mark-start]
265.034: [CMS-concurrent-mark: 0.004/0.004 secs] [Times: user=0.02 sys=0.00, real=0.00 secs] 
265.034: [CMS-concurrent-preclean-start]
265.034: [CMS-concurrent-preclean: 0.000/0.000 secs] [Times: user=0.00 sys=0.00, real=0.00 secs] 
265.034: Application time: 0.0037170 seconds
265.107: [GC[YG occupancy: 2178 K (6144 K)]265.107: [Rescan (parallel) , 0.0001450 secs]265.107: [weak refs processing, 0.0000070 secs]265.107: [scrub string table, 0.0000980 secs] [1 CMS-remark: 7711K(15744K)] 9890K(21888K), 0.0002830 secs] [Times: user=0.01 sys=0.00, real=0.00 secs] 
265.107: Total time for which application threads were stopped: 0.0732710 seconds, Stopping threads took: 0.0729580 seconds
265.107: [CMS-concurrent-sweep-start]
265.108: Application time: 0.0005770 seconds
265.148: [GC265.148: [ParNew: 5792K->600K(6144K), 0.0014230 secs] 13504K->11244K(21888K), 0.0014590 secs] [Times: user=0.01 sys=0.00, real=0.00 secs] 
265.149: Total time for which application threads were stopped: 0.0414300 seconds, Stopping threads took: 0.0398870 seconds
265.150: [CMS-concurrent-sweep: 0.001/0.043 secs] [Times: user=0.08 sys=0.01, real=0.05 secs] 
265.150: [CMS-concurrent-reset-start]
265.150: [CMS-concurrent-reset: 0.000/0.000 secs] [Times: user=0.00 sys=0.00, real=0.00 secs] 
265.227: Application time: 0.0779920 seconds
265.234: [GC265.234: [ParNew: 6085K->404K(6144K), 0.0004730 secs] 15654K->9973K(21888K), 0.0005060 secs] [Times: user=0.00 sys=0.00, real=0.00 secs] 
265.234: Total time for which application threads were stopped: 0.0070700 seconds, Stopping threads took: 0.0064860 seconds
265.235: Application time: 0.0001660 seconds
265.235: [GC [1 CMS-initial-mark: 9569K(15744K)] 11746K(21888K), 0.0001010 secs] [Times: user=0.00 sys=0.00, real=0.00 secs] 
265.235: Total time for which application threads were stopped: 0.0005510 seconds, Stopping threads took: 0.0004300 seconds
265.235: [CMS-concurrent-mark-start]
265.236: Application time: 0.0006890 seconds
265.287: [GC265.287: [ParNew: 5773K->624K(6144K), 0.0011850 secs] 15342K->13123K(21888K), 0.0012120 secs] [Times: user=0.01 sys=0.00, real=0.01 secs] 
265.288: Total time for which application threads were stopped: 0.0519460 seconds, Stopping threads took: 0.0506670 seconds
265.291: [CMS-concurrent-mark: 0.004/0.056 secs] [Times: user=0.14 sys=0.02, real=0.06 secs] 
265.291: [CMS-concurrent-preclean-start]
265.291: [CMS-concurrent-preclean: 0.000/0.000 secs] [Times: user=0.00 sys=0.00, real=0.00 secs] 
265.291: [CMS-concurrent-abortable-preclean-start]
265.291: [CMS-concurrent-abortable-preclean: 0.000/0.000 secs] [Times: user=0.00 sys=0.00, real=0.00 secs] 
265.291: Application time: 0.0031600 seconds
265.365: [GC[YG occupancy: 3958 K (6144 K)]265.365: [Rescan (parallel) , 0.0003490 secs]265.365: [weak refs processing, 0.0000070 secs]265.365: [scrub string table, 0.0000950 secs] [1 CMS-remark: 12499K(15744K)] 16457K(21888K), 0.0004830 secs] [Times: user=0.00 sys=0.00, real=0.00 secs] 
265.365: Total time for which application threads were stopped: 0.0741160 seconds, Stopping threads took: 0.0735930 seconds
265.365: [CMS-concurrent-sweep-start]
265.366: Application time: 0.0004620 seconds
265.366: [GC265.366: [ParNew: 6109K->6109K(6144K), 0.0000100 secs]265.366: [CMS265.366: [CMS-concurrent-sweep: 0.001/0.001 secs] [Times: user=0.00 sys=0.00, real=0.00 secs] 
 (concurrent mode failure): 12499K->3888K(15744K), 0.0060380 secs] 18608K->3888K(21888K), [CMS Perm : 5141K->5141K(21248K)], 0.0060820 secs] [Times: user=0.01 sys=0.00, real=0.01 secs] 
265.372: Total time for which application threads were stopped: 0.0062010 seconds, Stopping threads took: 0.0000690 seconds
265.373: Application time: 0.0010610 seconds
265.449: [GC265.449: [ParNew: 5485K->596K(6144K), 0.0009500 secs] 9374K->6836K(21888K), 0.0009820 secs] [Times: user=0.01 sys=0.00, real=0.00 secs] 
265.450: Total time for which application threads were stopped: 0.0770950 seconds, Stopping threads took: 0.0760370 seconds
265.528: Application time: 0.0776920 seconds
265.531: [GC265.531: [ParNew: 6081K->596K(6144K), 0.0005200 secs] 12322K->6837K(21888K), 0.0005680 secs] [Times: user=0.01 sys=0.00, real=0.00 secs] 
265.531: Total time for which application threads were stopped: 0.0035080 seconds, Stopping threads took: 0.0028700 seconds
265.532: Application time: 0.0006180 seconds
265.532: [GC265.532: [ParNew: 6081K->598K(6144K), 0.0017690 secs] 12322K->12316K(21888K), 0.0018010 secs] [Times: user=0.01 sys=0.00, real=0.00 secs] 
265.534: Total time for which application threads were stopped: 0.0020790 seconds, Stopping threads took: 0.0002230 seconds
265.534: Application time: 0.0000880 seconds
265.534: [GC [1 CMS-initial-mark: 11718K(15744K)] 13398K(21888K), 0.0001350 secs] [Times: user=0.00 sys=0.00, real=0.00 secs] 
265.534: Total time for which application threads were stopped: 0.0003130 seconds, Stopping threads took: 0.0001490 seconds
265.534: [CMS-concurrent-mark-start]
265.540: [CMS-concurrent-mark: 0.006/0.006 secs] [Times: user=0.04 sys=0.00, real=0.01 secs] 
265.540: [CMS-concurrent-preclean-start]
265.540: [CMS-concurrent-preclean: 0.000/0.000 secs] [Times: user=0.00 sys=0.00, real=0.00 secs] 
265.540: [CMS-concurrent-abortable-preclean-start]
265.614: Application time: 0.0794500 seconds
265.640: [CMS-concurrent-abortable-preclean: 0.000/0.100 secs] [Times: user=0.66 sys=0.01, real=0.10 secs] 
265.654: [GC265.654: [ParNew: 6083K->6083K(6144K), 0.0000130 secs]265.654: [CMS (concurrent mode failure): 11718K->2130K(15744K), 0.0059220 secs] 17801K->2130K(21888K), [CMS Perm : 5141K->5141K(21248K)], 0.0059730 secs] [Times: user=0.00 sys=0.00, real=0.01 secs] 
265.660: Total time for which application threads were stopped: 0.0463570 seconds, Stopping threads took: 0.0403050 seconds
265.661: Application time: 0.0009140 seconds
265.661: [GC265.661: [ParNew: 5153K->560K(6144K), 0.0013930 secs] 7284K->7200K(21888K), 0.0014220 secs] [Times: user=0.01 sys=0.00, real=0.00 secs] 
265.663: Total time for which application threads were stopped: 0.0016680 seconds, Stopping threads took: 0.0001920 seconds
265.663: Application time: 0.0000650 seconds
265.703: [GC [1 CMS-initial-mark: 6639K(15744K)] 8378K(21888K), 0.0000900 secs] [Times: user=0.00 sys=0.00, real=0.00 secs] 
265.703: Total time for which application threads were stopped: 0.0401160 seconds, Stopping threads took: 0.0399830 seconds
265.703: [CMS-concurrent-mark-start]
265.706: [CMS-concurrent-mark: 0.004/0.004 secs] [Times: user=0.02 sys=0.00, real=0.00 secs] 
265.707: [CMS-concurrent-preclean-start]
265.707: [CMS-concurrent-preclean: 0.000/0.000 secs] [Times: user=0.00 sys=0.00, real=0.00 secs] 
265.707: [CMS-concurrent-abortable-preclean-start]
265.793: Application time: 0.0897680 seconds
265.833: [GC265.833: [ParNew: 6026K->434K(6144K), 0.0006010 secs] 12666K->7132K(21888K), 0.0006330 secs] [Times: user=0.00 sys=0.00, real=0.00 secs] 
265.833: Total time for which application threads were stopped: 0.0408250 seconds, Stopping threads took: 0.0401290 seconds
265.834: Application time: 0.0006420 seconds
265.885: [GC265.885: [ParNew: 5823K->598K(6144K), 0.0012930 secs] 12520K->11425K(21888K), 0.0013260 secs] [Times: user=0.00 sys=0.00, real=0.00 secs] 
265.887: Total time for which application threads were stopped: 0.0526100 seconds, Stopping threads took: 0.0512040 seconds
265.964: Application time: 0.0770840 seconds
265.987: [CMS-concurrent-abortable-preclean: 0.000/0.280 secs] [Times: user=1.49 sys=0.08, real=0.28 secs] 
266.006: [GC266.006: [ParNew: 5985K->5985K(6144K), 0.0000120 secs]266.006: [CMS (concurrent mode failure): 10827K->1740K(15744K), 0.0058920 secs] 16813K->1740K(21888K), [CMS Perm : 5141K->5141K(21248K)], 0.0059450 secs] [Times: user=0.01 sys=0.00, real=0.01 secs] 
266.012: Total time for which application threads were stopped: 0.0477920 seconds, Stopping threads took: 0.0417680 seconds
266.013: Application time: 0.0009860 seconds
266.013: [GC266.013: [ParNew: 5466K->628K(6144K), 0.0016850 secs] 7206K->7168K(21888K), 0.0017130 secs] [Times: user=0.01 sys=0.00, real=0.00 secs] 
266.015: Total time for which application threads were stopped: 0.0020310 seconds, Stopping threads took: 0.0002580 seconds
266.015: Application time: 0.0000570 seconds
266.015: [GC [1 CMS-initial-mark: 6540K(15744K)] 7758K(21888K), 0.0001040 secs] [Times: user=0.00 sys=0.00, real=0.00 secs] 
266.015: Total time for which application threads were stopped: 0.0003780 seconds, Stopping threads took: 0.0002520 seconds
266.015: [CMS-concurrent-mark-start]
266.019: [CMS-concurrent-mark: 0.004/0.004 secs] [Times: user=0.01 sys=0.00, real=0.00 secs] 
266.019: [CMS-concurrent-preclean-start]
266.019: [CMS-concurrent-preclean: 0.000/0.000 secs] [Times: user=0.00 sys=0.00, real=0.00 secs] 
266.019: Application time: 0.0039190 seconds
266.092: [GC[YG occupancy: 2300 K (6144 K)]266.092: [Rescan (parallel) , 0.0002450 secs]266.092: [weak refs processing, 0.0000070 secs]266.092: [scrub string table, 0.0000940 secs] [1 CMS-remark: 6540K(15744K)] 8840K(21888K), 0.0003800 secs] [Times: user=0.00 sys=0.00, real=0.00 secs] 
266.092: Total time for which application threads were stopped: 0.0731920 seconds, Stopping threads took: 0.0727810 seconds
266.092: [CMS-concurrent-sweep-start]
266.093: Application time: 0.0006330 seconds
266.133: [GC266.133: [ParNew: 5976K->632K(6144K), 0.0010530 secs] 12516K->10059K(21888K), 0.0010810 secs] [Times: user=0.00 sys=0.00, real=0.00 secs] 
266.134: Total time for which application threads were stopped: 0.0409080 seconds, Stopping threads took: 0.0397800 seconds
266.134: [CMS-concurrent-sweep: 0.001/0.042 secs] [Times: user=0.06 sys=0.02, real=0.04 secs] 
266.134: [CMS-concurrent-reset-start]
266.135: [CMS-concurrent-reset: 0.000/0.000 secs] [Times: user=0.00 sys=0.00, real=0.00 secs] 
266.215: Application time: 0.0814630 seconds
266.224: [GC266.224: [ParNew: 6020K->205K(6144K), 0.0003760 secs] 15418K->9636K(21888K), 0.0004120 secs] [Times: user=0.00 sys=0.00, real=0.00 secs] 
266.224: Total time for which application threads were stopped: 0.0090910 seconds, Stopping threads took: 0.0086000 seconds
266.224: Application time: 0.0001160 seconds
266.225: [GC [1 CMS-initial-mark: 9431K(15744K)] 10816K(21888K), 0.0000920 secs] [Times: user=0.00 sys=0.00, real=0.00 secs] 
266.225: Total time for which application threads were stopped: 0.0003500 seconds, Stopping threads took: 0.0002300 seconds
266.225: [CMS-concurrent-mark-start]
266.225: Application time: 0.0006380 seconds
266.265: [GC266.265: [ParNew: 5689K->598K(6144K), 0.0013380 secs] 15120K->14033K(21888K), 0.0013700 secs] [Times: user=0.01 sys=0.00, real=0.00 secs] 
266.266: Total time for which application threads were stopped: 0.0411810 seconds, Stopping threads took: 0.0397520 seconds
266.272: [CMS-concurrent-mark: 0.006/0.047 secs] [Times: user=0.12 sys=0.02, real=0.05 secs] 
266.272: [CMS-concurrent-preclean-start]
266.272: [CMS-concurrent-preclean: 0.000/0.000 secs] [Times: user=0.00 sys=0.00, real=0.00 secs] 
266.272: [CMS-concurrent-abortable-preclean-start]
266.272: [CMS-concurrent-abortable-preclean: 0.000/0.000 secs] [Times: user=0.00 sys=0.00, real=0.00 secs] 
266.272: Application time: 0.0056550 seconds
266.344: [GC[YG occupancy: 3542 K (6144 K)]266.344: [Rescan (parallel) , 0.0001740 secs]266.344: [weak refs processing, 0.0000070 secs]266.344: [scrub string table, 0.0000960 secs] [1 CMS-remark: 13435K(15744K)] 16977K(21888K), 0.0003110 secs] [Times: user=0.00 sys=0.00, real=0.00 secs] 
266.344: Total time for which application threads were stopped: 0.0721090 seconds, Stopping threads took: 0.0717520 seconds
266.344: [CMS-concurrent-sweep-start]
266.345: Application time: 0.0004920 seconds
266.345: [GC266.345: [ParNew: 6083K->6083K(6144K), 0.0000100 secs]266.345: [CMS266.345: [CMS-concurrent-sweep: 0.001/0.001 secs] [Times: user=0.00 sys=0.01, real=0.00 secs] 
 (concurrent mode failure): 13435K->3889K(15744K), 0.0058230 secs] 19518K->3889K(21888K), [CMS Perm : 5141K->5141K(21248K)], 0.0058650 secs] [Times: user=0.01 sys=0.00, real=0.01 secs] 
266.351: Total time for which application threads were stopped: 0.0059690 seconds, Stopping threads took: 0.0000580 seconds
266.352: Application time: 0.0010400 seconds
266.392: [GC266.392: [ParNew: 5485K->600K(6144K), 0.0013190 secs] 9374K->8703K(21888K), 0.0013620 secs] [Times: user=0.01 sys=0.00, real=0.00 secs] 
266.393: Total time for which application threads were stopped: 0.0414040 seconds, Stopping threads took: 0.0399600 seconds
266.393: Application time: 0.0000500 seconds
266.445: [GC [1 CMS-initial-mark: 8103K(15744K)] 8902K(21888K), 0.0001030 secs] [Times: user=0.00 sys=0.00, real=0.00 secs] 
266.445: Total time for which application threads were stopped: 0.0517290 seconds, Stopping threads took: 0.0515790 seconds
266.445: [CMS-concurrent-mark-start]
266.448: [CMS-concurrent-mark: 0.003/0.003 secs] [Times: user=0.02 sys=0.00, real=0.01 secs] 
266.448: [CMS-concurrent-preclean-start]
266.448: [CMS-concurrent-preclean: 0.000/0.000 secs] [Times: user=0.00 sys=0.00, real=0.00 secs] 
266.448: Application time: 0.0033920 seconds
266.522: [GC[YG occupancy: 3136 K (6144 K)]266.522: [Rescan (parallel) , 0.0002180 secs]266.523: [weak refs processing, 0.0000070 secs]266.523: [scrub string table, 0.0001060 secs] [1 CMS-remark: 8103K(15744K)] 11239K(21888K), 0.0003640 secs] [Times: user=0.00 sys=0.00, real=0.00 secs] 
266.523: Total time for which application threads were stopped: 0.0743740 seconds, Stopping threads took: 0.0739650 seconds
266.523: [CMS-concurrent-sweep-start]
266.523: Application time: 0.0005200 seconds
266.523: [GC266.523: [ParNew: 6066K->628K(6144K), 0.0010280 secs] 14169K->11856K(21888K), 0.0010540 secs] [Times: user=0.00 sys=0.00, real=0.00 secs] 
266.524: Total time for which application threads were stopped: 0.0011800 seconds, Stopping threads took: 0.0000780 seconds
266.525: [CMS-concurrent-sweep: 0.001/0.002 secs] [Times: user=0.01 sys=0.00, real=0.00 secs] 
266.525: [CMS-concurrent-reset-start]
266.525: [CMS-concurrent-reset: 0.000/0.000 secs] [Times: user=0.00 sys=0.00, real=0.00 secs] 
266.599: Application time: 0.0750600 seconds
266.609: [GC266.609: [ParNew: 5918K->402K(6144K), 0.0003500 secs] 14598K->9111K(21888K), 0.0003840 secs] [Times: user=0.00 sys=0.00, real=0.00 secs] 
266.609: Total time for which application threads were stopped: 0.0095790 seconds, Stopping threads took: 0.0091400 seconds
266.609: Application time: 0.0000830 seconds
266.609: [GC [1 CMS-initial-mark: 8708K(15744K)] 10491K(21888K), 0.0000830 secs] [Times: user=0.00 sys=0.00, real=0.00 secs] 
266.609: Total time for which application threads were stopped: 0.0002760 seconds, Stopping threads took: 0.0001740 seconds
266.609: [CMS-concurrent-mark-start]
266.610: Application time: 0.0006010 seconds
266.650: [GC266.650: [ParNew: 5791K->600K(6144K), 0.0012760 secs] 14499K->13410K(21888K), 0.0013060 secs] [Times: user=0.01 sys=0.00, real=0.00 secs] 
266.651: Total time for which application threads were stopped: 0.0412560 seconds, Stopping threads took: 0.0399050 seconds
266.654: [CMS-concurrent-mark: 0.004/0.045 secs] [Times: user=0.09 sys=0.01, real=0.04 secs] 
266.655: [CMS-concurrent-preclean-start]
266.655: [CMS-concurrent-preclean: 0.000/0.000 secs] [Times: user=0.00 sys=0.00, real=0.00 secs] 
266.655: [CMS-concurrent-abortable-preclean-start]
266.655: [CMS-concurrent-abortable-preclean: 0.000/0.000 secs] [Times: user=0.00 sys=0.00, real=0.00 secs] 
266.655: Application time: 0.0034400 seconds
266.728: [GC[YG occupancy: 3349 K (6144 K)]266.728: [Rescan (parallel) , 0.0001900 secs]266.728: [weak refs processing, 0.0000070 secs]266.728: [scrub string table, 0.0001120 secs] [1 CMS-remark: 12810K(15744K)] 16159K(21888K), 0.0003470 secs] [Times: user=0.00 sys=0.01, real=0.00 secs] 
266.729: Total time for which application threads were stopped: 0.0738430 seconds, Stopping threads took: 0.0734580 seconds
266.729: [CMS-concurrent-sweep-start]
266.729: Application time: 0.0005570 seconds
266.769: [GC266.769: [ParNew: 5987K->5987K(6144K), 0.0000100 secs]266.769: [CMS266.769: [CMS-concurrent-sweep: 0.001/0.041 secs] [Times: user=0.07 sys=0.01, real=0.04 secs] 
 (concurrent mode failure): 12810K->3889K(15744K), 0.0062920 secs] 18798K->3889K(21888K), [CMS Perm : 5141K->5141K(21248K)], 0.0063390 secs] [Times: user=0.01 sys=0.00, real=0.00 secs] 
266.775: Total time for which application threads were stopped: 0.0462080 seconds, Stopping threads took: 0.0398040 seconds
266.776: Application time: 0.0010760 seconds
266.831: [GC266.831: [ParNew: 5485K->502K(6144K), 0.0015150 secs] 9374K->8112K(21888K), 0.0015520 secs] [Times: user=0.01 sys=0.00, real=0.00 secs] 
266.832: Total time for which application threads were stopped: 0.0556650 seconds, Stopping threads took: 0.0540370 seconds
266.832: Application time: 0.0000460 seconds
266.872: [GC [1 CMS-initial-mark: 7610K(15744K)] 8312K(21888K), 0.0001020 secs] [Times: user=0.00 sys=0.00, real=0.00 secs] 
266.872: Total time for which application threads were stopped: 0.0399950 seconds, Stopping threads took: 0.0398670 seconds
266.872: [CMS-concurrent-mark-start]
266.875: [CMS-concurrent-mark: 0.003/0.003 secs] [Times: user=0.02 sys=0.00, real=0.00 secs] 
266.876: [CMS-concurrent-preclean-start]
266.876: [CMS-concurrent-preclean: 0.000/0.000 secs] [Times: user=0.00 sys=0.00, real=0.00 secs] 
266.876: [CMS-concurrent-abortable-preclean-start]
266.956: Application time: 0.0843690 seconds
266.968: [GC266.968: [ParNew: 5792K->402K(6144K), 0.0005300 secs] 13403K->8015K(21888K), 0.0005630 secs] [Times: user=0.01 sys=0.00, real=0.00 secs] 
266.968: Total time for which application threads were stopped: 0.0117060 seconds, Stopping threads took: 0.0110550 seconds
266.969: Application time: 0.0005480 seconds
266.969: [GC266.969: [ParNew: 5886K->600K(6144K), 0.0016100 secs] 13499K->13490K(21888K), 0.0016440 secs] [Times: user=0.01 sys=0.00, real=0.00 secs] 
266.971: Total time for which application threads were stopped: 0.0020700 seconds, Stopping threads took: 0.0003730 seconds
267.049: Application time: 0.0781890 seconds
267.071: [CMS-concurrent-abortable-preclean: 0.000/0.195 secs] [Times: user=1.36 sys=0.02, real=0.20 secs] 
267.089: [GC267.089: [ParNew: 5890K->5890K(6144K), 0.0000130 secs]267.089: [CMS (concurrent mode failure): 12890K->2814K(15744K), 0.0061650 secs] 18780K->2814K(21888K), [CMS Perm : 5141K->5141K(21248K)], 0.0062170 secs] [Times: user=0.01 sys=0.00, real=0.00 secs] 
267.095: Total time for which application threads were stopped: 0.0464190 seconds, Stopping threads took: 0.0401330 seconds
267.096: Application time: 0.0010540 seconds
267.150: [GC267.150: [ParNew: 5388K->602K(6144K), 0.0017700 secs] 8202K->7530K(21888K), 0.0018080 secs] [Times: user=0.01 sys=0.00, real=0.00 secs] 
267.152: Total time for which application threads were stopped: 0.0553070 seconds, Stopping threads took: 0.0534170 seconds
267.152: Application time: 0.0000520 seconds
267.152: [GC [1 CMS-initial-mark: 6928K(15744K)] 8120K(21888K), 0.0000840 secs] [Times: user=0.00 sys=0.00, real=0.00 secs] 
267.152: Total time for which application threads were stopped: 0.0002410 seconds, Stopping threads took: 0.0001140 seconds
267.152: [CMS-concurrent-mark-start]
267.156: [CMS-concurrent-mark: 0.004/0.004 secs] [Times: user=0.03 sys=0.00, real=0.00 secs] 
267.156: [CMS-concurrent-preclean-start]
267.156: [CMS-concurrent-preclean: 0.000/0.000 secs] [Times: user=0.00 sys=0.00, real=0.00 secs] 
267.156: [CMS-concurrent-abortable-preclean-start]
267.236: Application time: 0.0839090 seconds
267.275: [GC267.275: [ParNew: 6068K->432K(6144K), 0.0003440 secs] 12997K->7364K(21888K), 0.0003780 secs] [Times: user=0.00 sys=0.00, real=0.00 secs] 
267.276: Total time for which application threads were stopped: 0.0398200 seconds, Stopping threads took: 0.0393850 seconds
267.276: Application time: 0.0005560 seconds
267.277: [GC267.277: [ParNew: 5916K->602K(6144K), 0.0019310 secs] 12848K->12838K(21888K), 0.0019640 secs] [Times: user=0.02 sys=0.00, real=0.00 secs] 
267.279: Total time for which application threads were stopped: 0.0023530 seconds, Stopping threads took: 0.0003140 seconds
267.357: Application time: 0.0786140 seconds
267.379: [CMS-concurrent-abortable-preclean: 0.000/0.223 secs] [Times: user=1.38 sys=0.04, real=0.22 secs] 
267.397: [GC267.397: [ParNew: 5989K->5989K(6144K), 0.0000230 secs]267.397: [CMS (concurrent mode failure): 12235K->2912K(15744K), 0.0063780 secs] 18225K->2912K(21888K), [CMS Perm : 5141K->5141K(21248K)], 0.0064420 secs] [Times: user=0.01 sys=0.00, real=0.01 secs] 
267.404: Total time for which application threads were stopped: 0.0464870 seconds, Stopping threads took: 0.0399590 seconds
267.405: Application time: 0.0012410 seconds
267.459: [GC267.459: [ParNew: 5485K->602K(6144K), 0.0015770 secs] 8398K->7823K(21888K), 0.0016090 secs] [Times: user=0.01 sys=0.00, real=0.01 secs] 
267.461: Total time for which application threads were stopped: 0.0557030 seconds, Stopping threads took: 0.0540420 seconds
267.461: Application time: 0.0000690 seconds
267.461: [GC [1 CMS-initial-mark: 7221K(15744K)] 8611K(21888K), 0.0001020 secs] [Times: user=0.00 sys=0.00, real=0.00 secs] 
267.461: Total time for which application threads were stopped: 0.0004140 seconds, Stopping threads took: 0.0002650 seconds
267.461: [CMS-concurrent-mark-start]
267.465: [CMS-concurrent-mark: 0.003/0.003 secs] [Times: user=0.02 sys=0.00, real=0.00 secs] 
267.465: [CMS-concurrent-preclean-start]
267.465: [CMS-concurrent-preclean: 0.000/0.000 secs] [Times: user=0.00 sys=0.00, real=0.00 secs] 
267.465: [CMS-concurrent-abortable-preclean-start]
267.548: Application time: 0.0870680 seconds
267.589: [GC267.589: [ParNew: 5794K->400K(6144K), 0.0003180 secs] 13016K->7623K(21888K), 0.0003510 secs] [Times: user=0.00 sys=0.00, real=0.00 secs] 
267.589: Total time for which application threads were stopped: 0.0405820 seconds, Stopping threads took: 0.0401490 seconds
267.590: Application time: 0.0005980 seconds
267.590: [GC267.590: [ParNew: 5884K->598K(6144K), 0.0017990 secs] 13106K->13096K(21888K), 0.0018330 secs] [Times: user=0.01 sys=0.00, real=0.00 secs] 
267.592: Total time for which application threads were stopped: 0.0021890 seconds, Stopping threads took: 0.0003020 seconds
267.669: Application time: 0.0772770 seconds
267.692: [CMS-concurrent-abortable-preclean: 0.000/0.227 secs] [Times: user=1.44 sys=0.04, real=0.23 secs] 
267.711: [GC267.711: [ParNew: 5751K->5751K(6144K), 0.0000120 secs]267.711: [CMS (concurrent mode failure): 12498K->2497K(15744K), 0.0052600 secs] 18249K->2497K(21888K), [CMS Perm : 5141K->5141K(21248K)], 0.0053190 secs] [Times: user=0.01 sys=0.00, real=0.00 secs] 
267.716: Total time for which application threads were stopped: 0.0471510 seconds, Stopping threads took: 0.0417510 seconds
267.717: Application time: 0.0010100 seconds
267.757: [GC267.757: [ParNew: 5462K->630K(6144K), 0.0017420 secs] 7960K->7634K(21888K), 0.0017720 secs] [Times: user=0.01 sys=0.00, real=0.00 secs] 
267.759: Total time for which application threads were stopped: 0.0417490 seconds, Stopping threads took: 0.0399040 seconds
267.759: Application time: 0.0000750 seconds
267.759: [GC [1 CMS-initial-mark: 7004K(15744K)] 8521K(21888K), 0.0000950 secs] [Times: user=0.00 sys=0.00, real=0.00 secs] 
267.759: Total time for which application threads were stopped: 0.0003420 seconds, Stopping threads took: 0.0001990 seconds
267.759: [CMS-concurrent-mark-start]
267.763: [CMS-concurrent-mark: 0.004/0.004 secs] [Times: user=0.01 sys=0.01, real=0.01 secs] 
267.763: [CMS-concurrent-preclean-start]
267.763: [CMS-concurrent-preclean: 0.000/0.000 secs] [Times: user=0.00 sys=0.00, real=0.00 secs] 
267.763: [CMS-concurrent-abortable-preclean-start]
267.850: Application time: 0.0908110 seconds
267.889: [GC267.889: [ParNew: 6115K->500K(6144K), 0.0006940 secs] 13120K->8317K(21888K), 0.0007310 secs] [Times: user=0.00 sys=0.00, real=0.00 secs] 
267.890: Total time for which application threads were stopped: 0.0399540 seconds, Stopping threads took: 0.0391690 seconds
267.891: Application time: 0.0007030 seconds
267.931: [GC267.931: [ParNew: 5986K->598K(6144K), 0.0017380 secs] 13803K->13493K(21888K), 0.0017740 secs] [Times: user=0.01 sys=0.00, real=0.00 secs] 
267.932: Total time for which application threads were stopped: 0.0416260 seconds, Stopping threads took: 0.0397980 seconds
268.011: Application time: 0.0786840 seconds
268.012: [GC268.012: [ParNew: 6083K->6083K(6144K), 0.0000150 secs]268.012: [CMS268.012: [CMS-concurrent-abortable-preclean: 0.000/0.249 secs] [Times: user=1.51 sys=0.04, real=0.25 secs] 
 (concurrent mode failure): 12895K->3864K(15744K), 0.0069650 secs] 18978K->3864K(21888K), [CMS Perm : 5141K->5141K(21248K)], 0.0070390 secs] [Times: user=0.01 sys=0.00, real=0.00 secs] 
268.019: Total time for which application threads were stopped: 0.0074540 seconds, Stopping threads took: 0.0003260 seconds
268.020: Application time: 0.0012390 seconds
268.062: [GC268.062: [ParNew: 5466K->628K(6144K), 0.0013580 secs] 9330K->8019K(21888K), 0.0013900 secs] [Times: user=0.01 sys=0.00, real=0.00 secs] 
268.063: Total time for which application threads were stopped: 0.0433870 seconds, Stopping threads took: 0.0419200 seconds
268.063: Application time: 0.0001240 seconds
268.132: [GC [1 CMS-initial-mark: 7390K(15744K)] 8422K(21888K), 0.0001100 secs] [Times: user=0.00 sys=0.00, real=0.00 secs] 
268.132: Total time for which application threads were stopped: 0.0687630 seconds, Stopping threads took: 0.0685980 seconds
268.132: [CMS-concurrent-mark-start]
268.133: Application time: 0.0010630 seconds
268.173: [GC268.173: [ParNew: 6094K->628K(6144K), 0.0016980 secs] 13485K->12155K(21888K), 0.0017380 secs] [Times: user=0.01 sys=0.00, real=0.00 secs] 
268.175: Total time for which application threads were stopped: 0.0420390 seconds, Stopping threads took: 0.0402310 seconds
268.178: [CMS-concurrent-mark: 0.004/0.046 secs] [Times: user=0.09 sys=0.02, real=0.04 secs] 
268.178: [CMS-concurrent-preclean-start]
268.178: [CMS-concurrent-preclean: 0.000/0.000 secs] [Times: user=0.00 sys=0.00, real=0.00 secs] 
268.178: [CMS-concurrent-abortable-preclean-start]
268.253: Application time: 0.0781820 seconds
268.259: [GC268.259: [ParNew: 6113K->6113K(6144K), 0.0000150 secs]268.259: [CMS268.259: [CMS-concurrent-abortable-preclean: 0.000/0.081 secs] [Times: user=0.62 sys=0.01, real=0.09 secs] 
 (concurrent mode failure): 11527K->2912K(15744K), 0.0065300 secs] 17641K->2912K(21888K), [CMS Perm : 5141K->5141K(21248K)], 0.0065960 secs] [Times: user=0.01 sys=0.00, real=0.01 secs] 
268.266: Total time for which application threads were stopped: 0.0125610 seconds, Stopping threads took: 0.0059000 seconds
268.267: Application time: 0.0012250 seconds
268.320: [GC268.320: [ParNew: 5485K->600K(6144K), 0.0016080 secs] 8398K->7822K(21888K), 0.0016370 secs] [Times: user=0.01 sys=0.00, real=0.00 secs] 
268.321: Total time for which application threads were stopped: 0.0540080 seconds, Stopping threads took: 0.0522960 seconds
268.321: Application time: 0.0000540 seconds
268.321: [GC [1 CMS-initial-mark: 7222K(15744K)] 8414K(21888K), 0.0000940 secs] [Times: user=0.00 sys=0.00, real=0.00 secs] 
268.322: Total time for which application threads were stopped: 0.0002960 seconds, Stopping threads took: 0.0001670 seconds
268.322: [CMS-concurrent-mark-start]
268.324: [CMS-concurrent-mark: 0.003/0.003 secs] [Times: user=0.01 sys=0.00, real=0.00 secs] 
268.325: [CMS-concurrent-preclean-start]
268.325: [CMS-concurrent-preclean: 0.000/0.000 secs] [Times: user=0.01 sys=0.00, real=0.00 secs] 
268.325: [CMS-concurrent-abortable-preclean-start]
268.409: Application time: 0.0869630 seconds
268.449: [GC268.449: [ParNew: 5792K->406K(6144K), 0.0003780 secs] 13014K->7629K(21888K), 0.0004120 secs] [Times: user=0.00 sys=0.00, real=0.00 secs] 
268.450: Total time for which application threads were stopped: 0.0413350 seconds, Stopping threads took: 0.0408450 seconds
268.450: Application time: 0.0005740 seconds
268.451: [GC268.451: [ParNew: 5677K->532K(6144K), 0.0016340 secs] 12900K->12835K(21888K), 0.0016680 secs] [Times: user=0.01 sys=0.00, real=0.00 secs] 
268.453: Total time for which application threads were stopped: 0.0020860 seconds, Stopping threads took: 0.0003610 seconds
268.530: Application time: 0.0776360 seconds
268.532: [GC268.532: [ParNew: 5822K->5822K(6144K), 0.0000130 secs]268.532: [CMS268.532: [CMS-concurrent-abortable-preclean: 0.000/0.207 secs] [Times: user=1.42 sys=0.01, real=0.21 secs] 
 (concurrent mode failure): 12303K->3596K(15744K), 0.0055150 secs] 18125K->3596K(21888K), [CMS Perm : 5141K->5141K(21248K)], 0.0055800 secs] [Times: user=0.01 sys=0.00, real=0.00 secs] 
268.537: Total time for which application threads were stopped: 0.0072590 seconds, Stopping threads took: 0.0015900 seconds
268.539: Application time: 0.0011330 seconds
268.589: [GC268.589: [ParNew: 5466K->630K(6144K), 0.0015690 secs] 9062K->8340K(21888K), 0.0016020 secs] [Times: user=0.01 sys=0.00, real=0.00 secs] 
268.590: Total time for which application threads were stopped: 0.0519080 seconds, Stopping threads took: 0.0502320 seconds
268.591: Application time: 0.0000460 seconds
268.630: [GC [1 CMS-initial-mark: 7710K(15744K)] 8637K(21888K), 0.0000850 secs] [Times: user=0.00 sys=0.00, real=0.00 secs] 
268.630: Total time for which application threads were stopped: 0.0399230 seconds, Stopping threads took: 0.0398070 seconds
268.630: [CMS-concurrent-mark-start]
268.634: [CMS-concurrent-mark: 0.004/0.004 secs] [Times: user=0.02 sys=0.00, real=0.00 secs] 
268.634: [CMS-concurrent-preclean-start]
268.634: [CMS-concurrent-preclean: 0.000/0.000 secs] [Times: user=0.00 sys=0.00, real=0.00 secs] 
268.634: [CMS-concurrent-abortable-preclean-start]
268.716: Application time: 0.0850720 seconds
268.768: [GC268.768: [ParNew: 6115K->207K(6144K), 0.0003510 secs] 13826K->7949K(21888K), 0.0003850 secs] [Times: user=0.00 sys=0.00, real=0.00 secs] 
268.768: Total time for which application threads were stopped: 0.0524550 seconds, Stopping threads took: 0.0519860 seconds
268.768: Application time: 0.0004980 seconds
268.769: [GC268.769: [ParNew: 5693K->602K(6144K), 0.0015000 secs] 13434K->13424K(21888K), 0.0015330 secs] [Times: user=0.01 sys=0.00, real=0.00 secs] 
268.770: Total time for which application threads were stopped: 0.0018340 seconds, Stopping threads took: 0.0002490 seconds
268.848: Application time: 0.0776650 seconds
268.870: [CMS-concurrent-abortable-preclean: 0.000/0.236 secs] [Times: user=1.43 sys=0.03, real=0.24 secs] 
268.889: [GC268.889: [ParNew: 5794K->5794K(6144K), 0.0000120 secs]268.889: [CMS (concurrent mode failure): 12822K->2522K(15744K), 0.0058030 secs] 18616K->2522K(21888K), [CMS Perm : 5141K->5141K(21248K)], 0.0058600 secs] [Times: user=0.00 sys=0.00, real=0.00 secs] 
268.895: Total time for which application threads were stopped: 0.0470760 seconds, Stopping threads took: 0.0411520 seconds
268.896: Application time: 0.0009680 seconds
268.937: [GC268.937: [ParNew: 5386K->600K(6144K), 0.0014110 secs] 7908K->7627K(21888K), 0.0014410 secs] [Times: user=0.01 sys=0.00, real=0.00 secs] 
268.938: Total time for which application threads were stopped: 0.0419940 seconds, Stopping threads took: 0.0405010 seconds
268.938: Application time: 0.0000690 seconds
268.938: [GC [1 CMS-initial-mark: 7027K(15744K)] 8514K(21888K), 0.0000930 secs] [Times: user=0.00 sys=0.00, real=0.00 secs] 
268.938: Total time for which application threads were stopped: 0.0002050 seconds, Stopping threads took: 0.0000690 seconds
268.938: [CMS-concurrent-mark-start]
268.942: [CMS-concurrent-mark: 0.003/0.003 secs] [Times: user=0.01 sys=0.00, real=0.01 secs] 
268.942: [CMS-concurrent-preclean-start]
268.942: [CMS-concurrent-preclean: 0.000/0.000 secs] [Times: user=0.00 sys=0.00, real=0.00 secs] 
268.942: [CMS-concurrent-abortable-preclean-start]
269.023: Application time: 0.0849690 seconds
269.074: [GC269.074: [ParNew: 5987K->598K(6144K), 0.0007310 secs] 13014K->8213K(21888K), 0.0007660 secs] [Times: user=0.00 sys=0.00, real=0.00 secs] 
269.075: Total time for which application threads were stopped: 0.0515730 seconds, Stopping threads took: 0.0507310 seconds
269.076: Application time: 0.0008050 seconds
269.151: [GC269.151: [ParNew: 5986K->598K(6144K), 0.0014040 secs] 13601K->10948K(21888K), 0.0014440 secs] [Times: user=0.00 sys=0.00, real=0.00 secs] 
269.153: Total time for which application threads were stopped: 0.0772230 seconds, Stopping threads took: 0.0757120 seconds
269.229: Application time: 0.0758540 seconds
269.234: [GC269.234: [ParNew: 6083K->207K(6144K), 0.0004680 secs] 16434K->10557K(21888K), 0.0005130 secs] [Times: user=0.00 sys=0.00, real=0.00 secs] 
269.234: Total time for which application threads were stopped: 0.0054760 seconds, Stopping threads took: 0.0049030 seconds
269.235: Application time: 0.0004000 seconds
269.235: [GC269.235: [ParNew: 5693K->602K(6144K), 0.0014720 secs] 16043K->16032K(21888K), 0.0015000 secs] [Times: user=0.00 sys=0.00, real=0.00 secs] 
269.236: Total time for which application threads were stopped: 0.0018870 seconds, Stopping threads took: 0.0003390 seconds
269.237: [CMS-concurrent-abortable-preclean: 0.000/0.295 secs] [Times: user=1.64 sys=0.08, real=0.29 secs] 
269.237: Application time: 0.0001550 seconds
269.237: [GC[YG occupancy: 2272 K (6144 K)]269.237: [Rescan (parallel) , 0.0001930 secs]269.237: [weak refs processing, 0.0000060 secs]269.237: [scrub string table, 0.0000860 secs] [1 CMS-remark: 15430K(15744K)] 17703K(21888K), 0.0003120 secs] [Times: user=0.01 sys=0.00, real=0.00 secs] 
269.237: Total time for which application threads were stopped: 0.0006440 seconds, Stopping threads took: 0.0002940 seconds
269.237: [CMS-concurrent-sweep-start]
269.238: [CMS-concurrent-sweep: 0.001/0.001 secs] [Times: user=0.00 sys=0.00, real=0.00 secs] 
269.238: [CMS-concurrent-reset-start]
269.238: [CMS-concurrent-reset: 0.000/0.000 secs] [Times: user=0.00 sys=0.00, real=0.00 secs] 
269.314: Application time: 0.0771830 seconds
269.356: [GC269.356: [ParNew: 5950K->5950K(6144K), 0.0000130 secs]269.356: [CMS: 14648K->2522K(15744K), 0.0059000 secs] 20599K->2522K(21888K), [CMS Perm : 5141K->5141K(21248K)], 0.0059660 secs] [Times: user=0.00 sys=0.00, real=0.01 secs] 
269.362: Total time for which application threads were stopped: 0.0478470 seconds, Stopping threads took: 0.0418050 seconds
269.363: Application time: 0.0010160 seconds
269.403: [GC269.403: [ParNew: 5386K->600K(6144K), 0.0017200 secs] 7908K->7629K(21888K), 0.0017490 secs] [Times: user=0.01 sys=0.00, real=0.00 secs] 
269.405: Total time for which application threads were stopped: 0.0417080 seconds, Stopping threads took: 0.0398970 seconds
269.405: Application time: 0.0000600 seconds
269.405: [GC [1 CMS-initial-mark: 7029K(15744K)] 8909K(21888K), 0.0000930 secs] [Times: user=0.00 sys=0.00, real=0.00 secs] 
269.406: Total time for which application threads were stopped: 0.0004460 seconds, Stopping threads took: 0.0003090 seconds
269.406: [CMS-concurrent-mark-start]
269.409: [CMS-concurrent-mark: 0.003/0.003 secs] [Times: user=0.02 sys=0.00, real=0.01 secs] 
269.409: [CMS-concurrent-preclean-start]
269.409: [CMS-concurrent-preclean: 0.000/0.000 secs] [Times: user=0.00 sys=0.00, real=0.00 secs] 
269.409: [CMS-concurrent-abortable-preclean-start]
269.491: Application time: 0.0852680 seconds
269.498: [GC269.498: [ParNew: 6085K->594K(6144K), 0.0009840 secs] 13114K->9383K(21888K), 0.0010230 secs] [Times: user=0.00 sys=0.00, real=0.00 secs] 
269.499: Total time for which application threads were stopped: 0.0082490 seconds, Stopping threads took: 0.0071420 seconds
269.500: Application time: 0.0008820 seconds
269.552: [GC269.552: [ParNew: 5982K->598K(6144K), 0.0019320 secs] 14772K->14368K(21888K), 0.0019700 secs] [Times: user=0.01 sys=0.00, real=0.00 secs] 
269.554: Total time for which application threads were stopped: 0.0539170 seconds, Stopping threads took: 0.0518680 seconds
269.632: Application time: 0.0779730 seconds
269.635: [GC269.635: [ParNew: 5790K->5790K(6144K), 0.0000130 secs]269.635: [CMS269.635: [CMS-concurrent-abortable-preclean: 0.000/0.226 secs] [Times: user=1.45 sys=0.02, real=0.22 secs] 
 (concurrent mode failure): 13770K->3498K(15744K), 0.0060840 secs] 19561K->3498K(21888K), [CMS Perm : 5141K->5141K(21248K)], 0.0061490 secs] [Times: user=0.01 sys=0.00, real=0.01 secs] 
269.641: Total time for which application threads were stopped: 0.0093330 seconds, Stopping threads took: 0.0030940 seconds
269.642: Application time: 0.0011750 seconds
269.709: [GC269.709: [ParNew: 5485K->500K(6144K), 0.0014370 secs] 8984K->7525K(21888K), 0.0014680 secs] [Times: user=0.01 sys=0.01, real=0.00 secs] 
269.711: Total time for which application threads were stopped: 0.0682280 seconds, Stopping threads took: 0.0666840 seconds
269.711: Application time: 0.0000480 seconds
269.751: [GC [1 CMS-initial-mark: 7025K(15744K)] 8019K(21888K), 0.0001320 secs] [Times: user=0.00 sys=0.00, real=0.00 secs] 
269.751: Total time for which application threads were stopped: 0.0399970 seconds, Stopping threads took: 0.0398160 seconds
269.751: [CMS-concurrent-mark-start]
269.755: [CMS-concurrent-mark: 0.004/0.004 secs] [Times: user=0.02 sys=0.00, real=0.00 secs] 
269.755: [CMS-concurrent-preclean-start]
269.755: [CMS-concurrent-preclean: 0.000/0.000 secs] [Times: user=0.00 sys=0.00, real=0.00 secs] 
269.755: [CMS-concurrent-abortable-preclean-start]
269.838: Application time: 0.0875540 seconds
269.843: [GC269.843: [ParNew: 5947K->70K(6144K), 0.0004510 secs] 12972K->7097K(21888K), 0.0004820 secs] [Times: user=0.01 sys=0.00, real=0.00 secs] 
269.844: Total time for which application threads were stopped: 0.0056290 seconds, Stopping threads took: 0.0050900 seconds
269.844: Application time: 0.0004970 seconds
269.845: [GC269.845: [ParNew: 5227K->638K(6144K), 0.0013020 secs] 12255K->12192K(21888K), 0.0013350 secs] [Times: user=0.01 sys=0.00, real=0.00 secs] 
269.846: Total time for which application threads were stopped: 0.0018080 seconds, Stopping threads took: 0.0004220 seconds
269.923: Application time: 0.0772480 seconds
269.934: [GC269.934: [ParNew: 6139K->6139K(6144K), 0.0000130 secs]269.934: [CMS269.934: [CMS-concurrent-abortable-preclean: 0.000/0.179 secs] [Times: user=1.35 sys=0.01, real=0.18 secs] 
 (concurrent mode failure): 11554K->3304K(15744K), 0.0061690 secs] 17693K->3304K(21888K), [CMS Perm : 5141K->5141K(21248K)], 0.0062330 secs] [Times: user=0.00 sys=0.00, real=0.01 secs] 
269.940: Total time for which application threads were stopped: 0.0165170 seconds, Stopping threads took: 0.0101840 seconds
269.941: Application time: 0.0011960 seconds
269.993: [GC269.993: [ParNew: 5483K->596K(6144K), 0.0014820 secs] 8787K->7816K(21888K), 0.0015130 secs] [Times: user=0.01 sys=0.00, real=0.00 secs] 
269.994: Total time for which application threads were stopped: 0.0530800 seconds, Stopping threads took: 0.0515130 seconds
269.994: Application time: 0.0000440 seconds
270.048: [GC [1 CMS-initial-mark: 7220K(15744K)] 7922K(21888K), 0.0001010 secs] [Times: user=0.00 sys=0.00, real=0.00 secs] 
270.048: Total time for which application threads were stopped: 0.0537580 seconds, Stopping threads took: 0.0536150 seconds
270.048: [CMS-concurrent-mark-start]
270.052: [CMS-concurrent-mark: 0.004/0.004 secs] [Times: user=0.03 sys=0.00, real=0.00 secs] 
270.052: [CMS-concurrent-preclean-start]
270.052: [CMS-concurrent-preclean: 0.000/0.000 secs] [Times: user=0.00 sys=0.00, real=0.00 secs] 
270.052: [CMS-concurrent-abortable-preclean-start]
270.126: Application time: 0.0780330 seconds
270.144: [GC270.144: [ParNew: 6081K->10K(6144K), 0.0004960 secs] 13302K->7231K(21888K), 0.0005290 secs] [Times: user=0.00 sys=0.00, real=0.00 secs] 
270.145: Total time for which application threads were stopped: 0.0188050 seconds, Stopping threads took: 0.0181940 seconds
270.145: Application time: 0.0006460 seconds
270.146: [GC270.146: [ParNew: 5495K->602K(6144K), 0.0014230 secs] 12717K->12712K(21888K), 0.0014500 secs] [Times: user=0.01 sys=0.00, real=0.00 secs] 
270.147: Total time for which application threads were stopped: 0.0018430 seconds, Stopping threads took: 0.0003470 seconds
270.226: Application time: 0.0784530 seconds
270.248: [CMS-concurrent-abortable-preclean: 0.000/0.196 secs] [Times: user=1.28 sys=0.04, real=0.20 secs] 
270.266: [GC270.266: [ParNew: 5989K->5989K(6144K), 0.0000130 secs]270.266: [CMS (concurrent mode failure): 12110K->2522K(15744K), 0.0059100 secs] 18100K->2522K(21888K), [CMS Perm : 5141K->5141K(21248K)], 0.0059630 secs] [Times: user=0.01 sys=0.00, real=0.01 secs] 
270.272: Total time for which application threads were stopped: 0.0461140 seconds, Stopping threads took: 0.0400890 seconds
270.273: Application time: 0.0009360 seconds
270.313: [GC270.313: [ParNew: 5466K->630K(6144K), 0.0014120 secs] 7989K->7267K(21888K), 0.0014440 secs] [Times: user=0.01 sys=0.00, real=0.00 secs] 
270.314: Total time for which application threads were stopped: 0.0414150 seconds, Stopping threads took: 0.0399140 seconds
270.314: Application time: 0.0000680 seconds
270.315: [GC [1 CMS-initial-mark: 6637K(15744K)] 8742K(21888K), 0.0001060 secs] [Times: user=0.00 sys=0.00, real=0.00 secs] 
270.315: Total time for which application threads were stopped: 0.0004310 seconds, Stopping threads took: 0.0002770 seconds
270.315: [CMS-concurrent-mark-start]
270.318: [CMS-concurrent-mark: 0.003/0.003 secs] [Times: user=0.01 sys=0.00, real=0.00 secs] 
270.318: [CMS-concurrent-preclean-start]
270.318: [CMS-concurrent-preclean: 0.000/0.000 secs] [Times: user=0.00 sys=0.00, real=0.00 secs] 
270.318: [CMS-concurrent-abortable-preclean-start]
270.401: Application time: 0.0858940 seconds
270.447: [GC270.447: [ParNew: 6115K->207K(6144K), 0.0003930 secs] 12752K->6875K(21888K), 0.0004270 secs] [Times: user=0.00 sys=0.00, real=0.01 secs] 
270.448: Total time for which application threads were stopped: 0.0470350 seconds, Stopping threads took: 0.0465460 seconds
270.448: Application time: 0.0005290 seconds
270.449: [GC270.449: [ParNew: 5576K->630K(6144K), 0.0014440 secs] 12244K->12181K(21888K), 0.0014770 secs] [Times: user=0.01 sys=0.00, real=0.00 secs] 
270.450: Total time for which application threads were stopped: 0.0018290 seconds, Stopping threads took: 0.0003000 seconds
270.527: Application time: 0.0774070 seconds
270.550: [CMS-concurrent-abortable-preclean: 0.000/0.232 secs] [Times: user=1.50 sys=0.03, real=0.24 secs] 
270.568: [GC270.568: [ParNew: 6017K->6017K(6144K), 0.0000110 secs]270.568: [CMS (concurrent mode failure): 11551K->2522K(15744K), 0.0060010 secs] 17569K->2522K(21888K), [CMS Perm : 5141K->5141K(21248K)], 0.0060590 secs] [Times: user=0.01 sys=0.00, real=0.00 secs] 
270.574: Total time for which application threads were stopped: 0.0469970 seconds, Stopping threads took: 0.0408560 seconds
270.575: Application time: 0.0008840 seconds
270.615: [GC270.615: [ParNew: 5388K->600K(6144K), 0.0016660 secs] 7910K->7629K(21888K), 0.0016960 secs] [Times: user=0.02 sys=0.00, real=0.00 secs] 
270.617: Total time for which application threads were stopped: 0.0417230 seconds, Stopping threads took: 0.0399750 seconds
270.617: Application time: 0.0000450 seconds
270.618: [GC [1 CMS-initial-mark: 7029K(15744K)] 7825K(21888K), 0.0001050 secs] [Times: user=0.00 sys=0.00, real=0.00 secs] 
270.618: Total time for which application threads were stopped: 0.0005060 seconds, Stopping threads took: 0.0003560 seconds
270.618: [CMS-concurrent-mark-start]
270.621: [CMS-concurrent-mark: 0.004/0.004 secs] [Times: user=0.01 sys=0.00, real=0.01 secs] 
270.621: [CMS-concurrent-preclean-start]
270.621: [CMS-concurrent-preclean: 0.000/0.000 secs] [Times: user=0.01 sys=0.00, real=0.00 secs] 
270.621: [CMS-concurrent-abortable-preclean-start]
270.710: Application time: 0.0928040 seconds
270.764: [GC270.764: [ParNew: 5968K->44K(6144K), 0.0003200 secs] 12998K->7074K(21888K), 0.0003530 secs] [Times: user=0.00 sys=0.00, real=0.00 secs] 
270.764: Total time for which application threads were stopped: 0.0540300 seconds, Stopping threads took: 0.0536040 seconds
270.765: Application time: 0.0005530 seconds
270.765: [GC270.765: [ParNew: 5334K->630K(6144K), 0.0012510 secs] 12364K->12350K(21888K), 0.0012760 secs] [Times: user=0.01 sys=0.00, real=0.00 secs] 
270.767: Total time for which application threads were stopped: 0.0017420 seconds, Stopping threads took: 0.0003930 seconds
270.844: Application time: 0.0773240 seconds
270.867: [CMS-concurrent-abortable-preclean: 0.000/0.246 secs] [Times: user=1.53 sys=0.04, real=0.24 secs] 
270.886: [GC270.886: [ParNew: 6017K->6017K(6144K), 0.0000120 secs]270.886: [CMS (concurrent mode failure): 11720K->2327K(15744K), 0.0059920 secs] 17737K->2327K(21888K), [CMS Perm : 5141K->5141K(21248K)], 0.0060480 secs] [Times: user=0.01 sys=0.00, real=0.01 secs] 
270.892: Total time for which application threads were stopped: 0.0475280 seconds, Stopping threads took: 0.0413990 seconds
270.892: Application time: 0.0008740 seconds
270.933: [GC270.933: [ParNew: 5388K->600K(6144K), 0.0017510 secs] 7715K->7434K(21888K), 0.0017870 secs] [Times: user=0.01 sys=0.00, real=0.00 secs] 
270.934: Total time for which application threads were stopped: 0.0418360 seconds, Stopping threads took: 0.0399770 seconds
270.934: Application time: 0.0000340 seconds
270.935: [GC [1 CMS-initial-mark: 6834K(15744K)] 7924K(21888K), 0.0001050 secs] [Times: user=0.00 sys=0.00, real=0.00 secs] 
270.935: Total time for which application threads were stopped: 0.0005160 seconds, Stopping threads took: 0.0003670 seconds
270.935: [CMS-concurrent-mark-start]
270.938: [CMS-concurrent-mark: 0.004/0.004 secs] [Times: user=0.01 sys=0.00, real=0.00 secs] 
270.938: [CMS-concurrent-preclean-start]
270.939: [CMS-concurrent-preclean: 0.000/0.000 secs] [Times: user=0.00 sys=0.00, real=0.00 secs] 
270.939: [CMS-concurrent-abortable-preclean-start]
271.023: Application time: 0.0881590 seconds
271.063: [GC271.063: [ParNew: 6066K->628K(6144K), 0.0004920 secs] 12900K->7853K(21888K), 0.0005280 secs] [Times: user=0.01 sys=0.00, real=0.00 secs] 
271.063: Total time for which application threads were stopped: 0.0404290 seconds, Stopping threads took: 0.0398160 seconds
271.064: Application time: 0.0006120 seconds
271.104: [GC271.104: [ParNew: 6016K->600K(6144K), 0.0016140 secs] 13241K->12544K(21888K), 0.0016500 secs] [Times: user=0.01 sys=0.00, real=0.00 secs] 
271.106: Total time for which application threads were stopped: 0.0416640 seconds, Stopping threads took: 0.0399360 seconds
271.184: Application time: 0.0781120 seconds
271.187: [GC271.187: [ParNew: 5890K->5890K(6144K), 0.0000120 secs]271.187: [CMS271.187: [CMS-concurrent-abortable-preclean: 0.001/0.248 secs] [Times: user=1.49 sys=0.04, real=0.25 secs] 
 (concurrent mode failure): 11943K->3304K(15744K), 0.0053270 secs] 17834K->3304K(21888K), [CMS Perm : 5141K->5141K(21248K)], 0.0053940 secs] [Times: user=0.01 sys=0.00, real=0.01 secs] 
271.192: Total time for which application threads were stopped: 0.0082370 seconds, Stopping threads took: 0.0027520 seconds
271.193: Application time: 0.0011170 seconds
271.251: [GC271.251: [ParNew: 5485K->600K(6144K), 0.0017090 secs] 8789K->8213K(21888K), 0.0017450 secs] [Times: user=0.01 sys=0.00, real=0.00 secs] 
271.253: Total time for which application threads were stopped: 0.0594010 seconds, Stopping threads took: 0.0575770 seconds
271.253: Application time: 0.0000760 seconds
271.253: [GC [1 CMS-initial-mark: 7613K(15744K)] 8706K(21888K), 0.0001000 secs] [Times: user=0.00 sys=0.00, real=0.00 secs] 
271.253: Total time for which application threads were stopped: 0.0003250 seconds, Stopping threads took: 0.0001760 seconds
271.253: [CMS-concurrent-mark-start]
271.256: [CMS-concurrent-mark: 0.003/0.003 secs] [Times: user=0.02 sys=0.00, real=0.00 secs] 
271.256: [CMS-concurrent-preclean-start]
271.256: [CMS-concurrent-preclean: 0.000/0.000 secs] [Times: user=0.00 sys=0.00, real=0.00 secs] 
271.256: [CMS-concurrent-abortable-preclean-start]
271.344: Application time: 0.0912320 seconds
271.395: [GC271.395: [ParNew: 6085K->10K(6144K), 0.0002970 secs] 13699K->7624K(21888K), 0.0003300 secs] [Times: user=0.00 sys=0.00, real=0.00 secs] 
271.396: Total time for which application threads were stopped: 0.0512470 seconds, Stopping threads took: 0.0508430 seconds
271.396: Application time: 0.0004730 seconds
271.396: [GC271.396: [ParNew: 5159K->606K(6144K), 0.0014080 secs] 12773K->12714K(21888K), 0.0014370 secs] [Times: user=0.01 sys=0.00, real=0.00 secs] 
271.398: Total time for which application threads were stopped: 0.0017910 seconds, Stopping threads took: 0.0003020 seconds
271.475: Application time: 0.0769430 seconds
271.498: [CMS-concurrent-abortable-preclean: 0.000/0.242 secs] [Times: user=1.52 sys=0.03, real=0.24 secs] 
271.516: [GC271.516: [ParNew: 6018K->6018K(6144K), 0.0000130 secs]271.516: [CMS (concurrent mode failure): 12108K->2132K(15744K), 0.0066380 secs] 18126K->2132K(21888K), [CMS Perm : 5141K->5141K(21248K)], 0.0066930 secs] [Times: user=0.01 sys=0.00, real=0.01 secs] 
271.523: Total time for which application threads were stopped: 0.0484090 seconds, Stopping threads took: 0.0416260 seconds
271.524: Application time: 0.0012540 seconds
271.577: [GC271.577: [ParNew: 5466K->630K(6144K), 0.0015940 secs] 7598K->7269K(21888K), 0.0016250 secs] [Times: user=0.01 sys=0.00, real=0.00 secs] 
271.579: Total time for which application threads were stopped: 0.0544240 seconds, Stopping threads took: 0.0527380 seconds
271.579: Application time: 0.0000660 seconds
271.579: [GC [1 CMS-initial-mark: 6639K(15744K)] 8054K(21888K), 0.0001220 secs] [Times: user=0.00 sys=0.00, real=0.00 secs] 
271.579: Total time for which application threads were stopped: 0.0003650 seconds, Stopping threads took: 0.0002130 seconds
271.579: [CMS-concurrent-mark-start]
271.583: [CMS-concurrent-mark: 0.004/0.004 secs] [Times: user=0.00 sys=0.00, real=0.01 secs] 
271.583: [CMS-concurrent-preclean-start]
271.583: [CMS-concurrent-preclean: 0.000/0.000 secs] [Times: user=0.00 sys=0.00, real=0.00 secs] 
271.583: [CMS-concurrent-abortable-preclean-start]
271.666: Application time: 0.0868430 seconds
271.708: [GC271.709: [ParNew: 6096K->434K(6144K), 0.0004480 secs] 12735K->7495K(21888K), 0.0004810 secs] [Times: user=0.01 sys=0.00, real=0.00 secs] 
271.709: Total time for which application threads were stopped: 0.0428780 seconds, Stopping threads took: 0.0423400 seconds
271.710: Application time: 0.0005600 seconds
271.749: [GC271.749: [ParNew: 5823K->602K(6144K), 0.0015240 secs] 12884K->12184K(21888K), 0.0015580 secs] [Times: user=0.01 sys=0.00, real=0.00 secs] 
271.751: Total time for which application threads were stopped: 0.0414980 seconds, Stopping threads took: 0.0398860 seconds
271.828: Application time: 0.0769780 seconds
271.851: [CMS-concurrent-abortable-preclean: 0.000/0.268 secs] [Times: user=1.51 sys=0.06, real=0.27 secs] 
271.869: [GC271.869: [ParNew: 5989K->5989K(6144K), 0.0000130 secs]271.869: [CMS (concurrent mode failure): 11581K->2132K(15744K), 0.0052140 secs] 17571K->2132K(21888K), [CMS Perm : 5141K->5141K(21248K)], 0.0052730 secs] [Times: user=0.01 sys=0.00, real=0.00 secs] 
271.875: Total time for which application threads were stopped: 0.0467290 seconds, Stopping threads took: 0.0413940 seconds
271.876: Application time: 0.0008590 seconds
271.876: [GC271.876: [ParNew: 5386K->600K(6144K), 0.0017240 secs] 7518K->7534K(21888K), 0.0017530 secs] [Times: user=0.01 sys=0.00, real=0.00 secs] 
271.878: Total time for which application threads were stopped: 0.0022250 seconds, Stopping threads took: 0.0004020 seconds
271.878: Application time: 0.0000550 seconds
271.878: [GC [1 CMS-initial-mark: 6934K(15744K)] 8122K(21888K), 0.0000860 secs] [Times: user=0.00 sys=0.00, real=0.00 secs] 
271.878: Total time for which application threads were stopped: 0.0005320 seconds, Stopping threads took: 0.0003990 seconds
271.878: [CMS-concurrent-mark-start]
271.882: [CMS-concurrent-mark: 0.004/0.004 secs] [Times: user=0.01 sys=0.00, real=0.01 secs] 
271.882: [CMS-concurrent-preclean-start]
271.882: [CMS-concurrent-preclean: 0.000/0.000 secs] [Times: user=0.00 sys=0.00, real=0.00 secs] 
271.882: [CMS-concurrent-abortable-preclean-start]
271.970: Application time: 0.0916840 seconds
271.979: [GC271.979: [ParNew: 6085K->598K(6144K), 0.0011300 secs] 13020K->9974K(21888K), 0.0011720 secs] [Times: user=0.00 sys=0.00, real=0.01 secs] 
271.980: Total time for which application threads were stopped: 0.0101730 seconds, Stopping threads took: 0.0089380 seconds
271.981: Application time: 0.0010660 seconds
272.053: [GC272.053: [ParNew: 6083K->500K(6144K), 0.0014070 secs] 15460K->13588K(21888K), 0.0014470 secs] [Times: user=0.01 sys=0.00, real=0.00 secs] 
272.055: Total time for which application threads were stopped: 0.0731640 seconds, Stopping threads took: 0.0716380 seconds
272.133: Application time: 0.0782940 seconds
272.155: [CMS-concurrent-abortable-preclean: 0.000/0.272 secs] [Times: user=1.70 sys=0.05, real=0.27 secs] 
272.174: [GC272.174: [ParNew: 5986K->5986K(6144K), 0.0000130 secs]272.174: [CMS (concurrent mode failure): 13088K->1351K(15744K), 0.0058330 secs] 19074K->1351K(21888K), [CMS Perm : 5141K->5141K(21248K)], 0.0058960 secs] [Times: user=0.01 sys=0.00, real=0.01 secs] 
272.180: Total time for which application threads were stopped: 0.0472260 seconds, Stopping threads took: 0.0412400 seconds
272.181: Application time: 0.0008510 seconds
272.181: [GC272.181: [ParNew: 5368K->630K(6144K), 0.0015180 secs] 6719K->6683K(21888K), 0.0015440 secs] [Times: user=0.01 sys=0.00, real=0.00 secs] 
272.183: Total time for which application threads were stopped: 0.0018500 seconds, Stopping threads took: 0.0002560 seconds
272.183: Application time: 0.0000430 seconds
272.183: [GC [1 CMS-initial-mark: 6053K(15744K)] 7074K(21888K), 0.0000990 secs] [Times: user=0.00 sys=0.00, real=0.00 secs] 
272.183: Total time for which application threads were stopped: 0.0004210 seconds, Stopping threads took: 0.0003000 seconds
272.183: [CMS-concurrent-mark-start]
272.187: [CMS-concurrent-mark: 0.003/0.003 secs] [Times: user=0.00 sys=0.00, real=0.00 secs] 
272.187: [CMS-concurrent-preclean-start]
272.187: [CMS-concurrent-preclean: 0.000/0.000 secs] [Times: user=0.00 sys=0.00, real=0.00 secs] 
272.187: [CMS-concurrent-abortable-preclean-start]
272.277: Application time: 0.0937570 seconds
272.328: [GC272.328: [ParNew: 6115K->12K(6144K), 0.0003380 secs] 12168K->6096K(21888K), 0.0003690 secs] [Times: user=0.00 sys=0.00, real=0.00 secs] 
272.329: Total time for which application threads were stopped: 0.0516390 seconds, Stopping threads took: 0.0512160 seconds
272.329: Application time: 0.0005860 seconds
272.329: [GC272.329: [ParNew: 5495K->600K(6144K), 0.0013980 secs] 11580K->11567K(21888K), 0.0014320 secs] [Times: user=0.01 sys=0.01, real=0.00 secs] 
272.331: Total time for which application threads were stopped: 0.0017200 seconds, Stopping threads took: 0.0002340 seconds
272.409: Application time: 0.0775730 seconds
272.431: [CMS-concurrent-abortable-preclean: 0.000/0.244 secs] [Times: user=1.55 sys=0.05, real=0.25 secs] 
272.450: [GC272.450: [ParNew: 6066K->6066K(6144K), 0.0000120 secs]272.450: [CMS (concurrent mode failure): 10967K->2523K(15744K), 0.0052920 secs] 17033K->2523K(21888K), [CMS Perm : 5141K->5141K(21248K)], 0.0053500 secs] [Times: user=0.00 sys=0.00, real=0.00 secs] 
272.455: Total time for which application threads were stopped: 0.0467150 seconds, Stopping threads took: 0.0413010 seconds
272.456: Application time: 0.0009280 seconds
272.496: [GC272.496: [ParNew: 5386K->602K(6144K), 0.0015050 secs] 7909K->7632K(21888K), 0.0015330 secs] [Times: user=0.01 sys=0.00, real=0.00 secs] 
272.498: Total time for which application threads were stopped: 0.0415330 seconds, Stopping threads took: 0.0399490 seconds
272.498: Application time: 0.0000400 seconds
272.498: [GC [1 CMS-initial-mark: 7030K(15744K)] 7927K(21888K), 0.0000970 secs] [Times: user=0.00 sys=0.00, real=0.00 secs] 
272.498: Total time for which application threads were stopped: 0.0003980 seconds, Stopping threads took: 0.0002570 seconds
272.498: [CMS-concurrent-mark-start]
272.502: [CMS-concurrent-mark: 0.003/0.003 secs] [Times: user=0.01 sys=0.00, real=0.01 secs] 
272.502: [CMS-concurrent-preclean-start]
272.502: [CMS-concurrent-preclean: 0.000/0.000 secs] [Times: user=0.00 sys=0.00, real=0.00 secs] 
272.502: [CMS-concurrent-abortable-preclean-start]
272.590: Application time: 0.0923300 seconds
272.631: [GC272.631: [ParNew: 6087K->207K(6144K), 0.0004030 secs] 13117K->7238K(21888K), 0.0004370 secs] [Times: user=0.00 sys=0.00, real=0.00 secs] 
272.632: Total time for which application threads were stopped: 0.0414130 seconds, Stopping threads took: 0.0409200 seconds
272.632: Application time: 0.0005740 seconds
272.633: [GC272.633: [ParNew: 5576K->630K(6144K), 0.0015500 secs] 12606K->12543K(21888K), 0.0015840 secs] [Times: user=0.01 sys=0.00, real=0.00 secs] 
272.634: Total time for which application threads were stopped: 0.0018870 seconds, Stopping threads took: 0.0002500 seconds
272.713: Application time: 0.0789830 seconds
272.735: [CMS-concurrent-abortable-preclean: 0.000/0.233 secs] [Times: user=1.50 sys=0.05, real=0.23 secs] 
272.754: [GC272.754: [ParNew: 6017K->6017K(6144K), 0.0000140 secs]272.754: [CMS (concurrent mode failure): 11913K->2523K(15744K), 0.0057710 secs] 17931K->2523K(21888K), [CMS Perm : 5141K->5141K(21248K)], 0.0058280 secs] [Times: user=0.00 sys=0.00, real=0.01 secs] 
272.759: Total time for which application threads were stopped: 0.0461200 seconds, Stopping threads took: 0.0402090 seconds
272.760: Application time: 0.0009800 seconds
272.800: [GC272.800: [ParNew: 5385K->600K(6144K), 0.0015790 secs] 7909K->7630K(21888K), 0.0016070 secs] [Times: user=0.01 sys=0.00, real=0.00 secs] 
272.802: Total time for which application threads were stopped: 0.0415860 seconds, Stopping threads took: 0.0399300 seconds
272.802: Application time: 0.0000640 seconds
272.802: [GC [1 CMS-initial-mark: 7030K(15744K)] 8615K(21888K), 0.0001050 secs] [Times: user=0.00 sys=0.00, real=0.00 secs] 
272.803: Total time for which application threads were stopped: 0.0004440 seconds, Stopping threads took: 0.0002910 seconds
272.803: [CMS-concurrent-mark-start]
272.806: [CMS-concurrent-mark: 0.004/0.004 secs] [Times: user=0.02 sys=0.00, real=0.00 secs] 
272.806: [CMS-concurrent-preclean-start]
272.806: [CMS-concurrent-preclean: 0.000/0.000 secs] [Times: user=0.00 sys=0.00, real=0.00 secs] 
272.806: [CMS-concurrent-abortable-preclean-start]
272.891: Application time: 0.0880590 seconds
272.932: [GC272.932: [ParNew: 5968K->40K(6144K), 0.0004500 secs] 12998K->7070K(21888K), 0.0004840 secs] [Times: user=0.00 sys=0.00, real=0.00 secs] 
272.933: Total time for which application threads were stopped: 0.0419470 seconds, Stopping threads took: 0.0413870 seconds
272.933: Application time: 0.0005400 seconds
272.933: [GC272.933: [ParNew: 5408K->634K(6144K), 0.0014370 secs] 12439K->12378K(21888K), 0.0014670 secs] [Times: user=0.01 sys=0.00, real=0.00 secs] 
272.935: Total time for which application threads were stopped: 0.0018370 seconds, Stopping threads took: 0.0003200 seconds
273.013: Application time: 0.0778630 seconds
273.035: [CMS-concurrent-abortable-preclean: 0.000/0.229 secs] [Times: user=1.50 sys=0.03, real=0.23 secs] 
273.054: [GC273.054: [ParNew: 6021K->6021K(6144K), 0.0000130 secs]273.054: [CMS (concurrent mode failure): 11744K->2328K(15744K), 0.0054470 secs] 17766K->2328K(21888K), [CMS Perm : 5141K->5141K(21248K)], 0.0055070 secs] [Times: user=0.00 sys=0.00, real=0.00 secs] 
273.059: Total time for which application threads were stopped: 0.0463220 seconds, Stopping threads took: 0.0407330 seconds
273.060: Application time: 0.0008740 seconds
273.102: [GC273.102: [ParNew: 5388K->600K(6144K), 0.0017210 secs] 7716K->7435K(21888K), 0.0017530 secs] [Times: user=0.01 sys=0.00, real=0.00 secs] 
273.103: Total time for which application threads were stopped: 0.0433360 seconds, Stopping threads took: 0.0415070 seconds
273.103: Application time: 0.0000480 seconds
273.104: [GC [1 CMS-initial-mark: 6835K(15744K)] 8122K(21888K), 0.0000990 secs] [Times: user=0.00 sys=0.00, real=0.00 secs] 
273.104: Total time for which application threads were stopped: 0.0007490 seconds, Stopping threads took: 0.0006020 seconds
273.104: [CMS-concurrent-mark-start]
273.108: [CMS-concurrent-mark: 0.003/0.003 secs] [Times: user=0.02 sys=0.00, real=0.01 secs] 
273.108: [CMS-concurrent-preclean-start]
273.108: [CMS-concurrent-preclean: 0.000/0.000 secs] [Times: user=0.01 sys=0.00, real=0.00 secs] 
273.108: [CMS-concurrent-abortable-preclean-start]
273.193: Application time: 0.0893460 seconds
273.248: [GC273.248: [ParNew: 6085K->12K(6144K), 0.0005090 secs] 12920K->6849K(21888K), 0.0005430 secs] [Times: user=0.00 sys=0.00, real=0.00 secs] 
273.248: Total time for which application threads were stopped: 0.0549830 seconds, Stopping threads took: 0.0543860 seconds
273.249: Application time: 0.0005190 seconds
273.249: [GC273.249: [ParNew: 5497K->602K(6144K), 0.0016270 secs] 12335K->12322K(21888K), 0.0016570 secs] [Times: user=0.01 sys=0.00, real=0.00 secs] 
273.251: Total time for which application threads were stopped: 0.0020400 seconds, Stopping threads took: 0.0003330 seconds
273.329: Application time: 0.0779010 seconds
273.351: [CMS-concurrent-abortable-preclean: 0.000/0.243 secs] [Times: user=1.50 sys=0.04, real=0.24 secs] 
273.370: [GC273.370: [ParNew: 5970K->5970K(6144K), 0.0000120 secs]273.370: [CMS (concurrent mode failure): 11720K->2426K(15744K), 0.0059610 secs] 17691K->2426K(21888K), [CMS Perm : 5141K->5141K(21248K)], 0.0060170 secs] [Times: user=0.01 sys=0.00, real=0.00 secs] 
273.376: Total time for which application threads were stopped: 0.0472690 seconds, Stopping threads took: 0.0411630 seconds
273.377: Application time: 0.0010720 seconds
273.430: [GC273.430: [ParNew: 5485K->598K(6144K), 0.0017420 secs] 7911K->7921K(21888K), 0.0017750 secs] [Times: user=0.01 sys=0.00, real=0.00 secs] 
273.432: Total time for which application threads were stopped: 0.0542920 seconds, Stopping threads took: 0.0524640 seconds
273.432: Application time: 0.0001040 seconds
273.432: [GC [1 CMS-initial-mark: 7323K(15744K)] 9199K(21888K), 0.0000840 secs] [Times: user=0.00 sys=0.00, real=0.00 secs] 
273.432: Total time for which application threads were stopped: 0.0003340 seconds, Stopping threads took: 0.0002170 seconds
273.432: [CMS-concurrent-mark-start]
273.435: [CMS-concurrent-mark: 0.003/0.003 secs] [Times: user=0.00 sys=0.00, real=0.00 secs] 
273.435: [CMS-concurrent-preclean-start]
273.435: [CMS-concurrent-preclean: 0.000/0.000 secs] [Times: user=0.00 sys=0.00, real=0.00 secs] 
273.435: [CMS-concurrent-abortable-preclean-start]
273.519: Application time: 0.0873610 seconds
273.575: [GC273.575: [ParNew: 6083K->205K(6144K), 0.0003880 secs] 13406K->7529K(21888K), 0.0004260 secs] [Times: user=0.00 sys=0.01, real=0.00 secs] 
273.576: Total time for which application threads were stopped: 0.0561310 seconds, Stopping threads took: 0.0556250 seconds
273.576: Application time: 0.0005680 seconds
273.576: [GC273.576: [ParNew: 5495K->602K(6144K), 0.0012690 secs] 12819K->12811K(21888K), 0.0012950 secs] [Times: user=0.01 sys=0.00, real=0.00 secs] 
273.578: Total time for which application threads were stopped: 0.0015660 seconds, Stopping threads took: 0.0002240 seconds
273.657: Application time: 0.0790970 seconds
273.657: [GC273.657: [ParNew: 5950K->5950K(6144K), 0.0000150 secs]273.657: [CMS273.657: [CMS-concurrent-abortable-preclean: 0.000/0.222 secs] [Times: user=1.51 sys=0.04, real=0.22 secs] 
 (concurrent mode failure): 12209K->3378K(15744K), 0.0059990 secs] 18159K->3378K(21888K), [CMS Perm : 5141K->5141K(21248K)], 0.0060610 secs] [Times: user=0.00 sys=0.00, real=0.01 secs] 
273.663: Total time for which application threads were stopped: 0.0063390 seconds, Stopping threads took: 0.0002100 seconds
273.664: Application time: 0.0012130 seconds
273.704: [GC273.704: [ParNew: 5366K->630K(6144K), 0.0013700 secs] 8744K->8415K(21888K), 0.0013960 secs] [Times: user=0.01 sys=0.00, real=0.00 secs] 
273.706: Total time for which application threads were stopped: 0.0412810 seconds, Stopping threads took: 0.0398320 seconds
273.707: Application time: 0.0018960 seconds
273.783: [GC [1 CMS-initial-mark: 7785K(15744K)] 11555K(21888K), 0.0001220 secs] [Times: user=0.00 sys=0.00, real=0.00 secs] 
273.783: Total time for which application threads were stopped: 0.0757810 seconds, Stopping threads took: 0.0756120 seconds
273.783: [CMS-concurrent-mark-start]
273.784: Application time: 0.0005400 seconds
273.837: [GC273.837: [ParNew: 6018K->600K(6144K), 0.0007840 secs] 13803K->9783K(21888K), 0.0008090 secs] [Times: user=0.00 sys=0.00, real=0.00 secs] 
273.838: Total time for which application threads were stopped: 0.0539100 seconds, Stopping threads took: 0.0530550 seconds
273.841: [CMS-concurrent-mark: 0.004/0.058 secs] [Times: user=0.10 sys=0.03, real=0.06 secs] 
273.841: Application time: 0.0035550 seconds
273.915: [GC273.915: [ParNew: 5886K->10K(6144K), 0.0004310 secs] 15069K->9391K(21888K), 0.0004610 secs] [Times: user=0.01 sys=0.00, real=0.00 secs] 
273.915: Total time for which application threads were stopped: 0.0741420 seconds, Stopping threads took: 0.0736050 seconds
273.915: [CMS-concurrent-preclean-start]
273.916: [CMS-concurrent-preclean: 0.000/0.000 secs] [Times: user=0.00 sys=0.00, real=0.00 secs] 
273.916: Application time: 0.0002100 seconds
273.916: [GC[YG occupancy: 2559 K (6144 K)]273.916: [Rescan (parallel) , 0.0001480 secs]273.916: [weak refs processing, 0.0000050 secs]273.916: [scrub string table, 0.0000740 secs] [1 CMS-remark: 9381K(15744K)] 11941K(21888K), 0.0002520 secs] [Times: user=0.00 sys=0.01, real=0.00 secs] 
273.916: Total time for which application threads were stopped: 0.0004140 seconds, Stopping threads took: 0.0001370 seconds
273.916: [CMS-concurrent-sweep-start]
273.916: Application time: 0.0003570 seconds
273.956: [GC273.956: [ParNew: 5495K->600K(6144K), 0.0010270 secs] 14877K->13497K(21888K), 0.0010510 secs] [Times: user=0.01 sys=0.00, real=0.00 secs] 
273.957: Total time for which application threads were stopped: 0.0409240 seconds, Stopping threads took: 0.0398320 seconds
273.958: [CMS-concurrent-sweep: 0.001/0.042 secs] [Times: user=0.10 sys=0.02, real=0.04 secs] 
273.958: [CMS-concurrent-reset-start]
273.958: [CMS-concurrent-reset: 0.000/0.000 secs] [Times: user=0.00 sys=0.00, real=0.00 secs] 
274.035: Application time: 0.0777010 seconds
274.037: [GC274.037: [ParNew: 6085K->600K(6144K), 0.0006290 secs] 13118K->8023K(21888K), 0.0006600 secs] [Times: user=0.00 sys=0.01, real=0.00 secs] 
274.038: Total time for which application threads were stopped: 0.0027710 seconds, Stopping threads took: 0.0020340 seconds
274.038: Application time: 0.0001940 seconds
274.038: [GC [1 CMS-initial-mark: 7423K(15744K)] 10770K(21888K), 0.0000850 secs] [Times: user=0.00 sys=0.00, real=0.00 secs] 
274.038: Total time for which application threads were stopped: 0.0004130 seconds, Stopping threads took: 0.0003090 seconds
274.038: [CMS-concurrent-mark-start]
274.039: Application time: 0.0003220 seconds
274.079: [GC274.079: [ParNew: 5986K->598K(6144K), 0.0015370 secs] 13409K->12318K(21888K), 0.0015650 secs] [Times: user=0.01 sys=0.00, real=0.01 secs] 
274.080: Total time for which application threads were stopped: 0.0415340 seconds, Stopping threads took: 0.0399030 seconds
274.084: [CMS-concurrent-mark: 0.004/0.045 secs] [Times: user=0.10 sys=0.02, real=0.05 secs] 
274.084: [CMS-concurrent-preclean-start]
274.084: [CMS-concurrent-preclean: 0.000/0.000 secs] [Times: user=0.00 sys=0.00, real=0.00 secs] 
274.084: [CMS-concurrent-abortable-preclean-start]
274.171: Application time: 0.0912230 seconds
274.184: [CMS-concurrent-abortable-preclean: 0.000/0.100 secs] [Times: user=0.75 sys=0.01, real=0.10 secs] 
274.215: [GC274.215: [ParNew: 6083K->6083K(6144K), 0.0000130 secs]274.215: [CMS (concurrent mode failure): 11720K->1351K(15744K), 0.0052320 secs] 17803K->1351K(21888K), [CMS Perm : 5141K->5141K(21248K)], 0.0052890 secs] [Times: user=0.01 sys=0.00, real=0.01 secs] 
274.220: Total time for which application threads were stopped: 0.0483560 seconds, Stopping threads took: 0.0429850 seconds
274.221: Application time: 0.0007760 seconds
274.221: [GC274.221: [ParNew: 5485K->602K(6144K), 0.0017700 secs] 6837K->6853K(21888K), 0.0018030 secs] [Times: user=0.01 sys=0.00, real=0.00 secs] 
274.223: Total time for which application threads were stopped: 0.0022170 seconds, Stopping threads took: 0.0003380 seconds
274.223: Application time: 0.0000510 seconds
274.223: [GC [1 CMS-initial-mark: 6251K(15744K)] 7634K(21888K), 0.0000870 secs] [Times: user=0.00 sys=0.00, real=0.00 secs] 
274.223: Total time for which application threads were stopped: 0.0004150 seconds, Stopping threads took: 0.0003050 seconds
274.223: [CMS-concurrent-mark-start]
274.227: [CMS-concurrent-mark: 0.003/0.003 secs] [Times: user=0.01 sys=0.00, real=0.00 secs] 
274.227: [CMS-concurrent-preclean-start]
274.227: [CMS-concurrent-preclean: 0.000/0.000 secs] [Times: user=0.00 sys=0.00, real=0.00 secs] 
274.227: [CMS-concurrent-abortable-preclean-start]
274.313: Application time: 0.0893840 seconds
274.370: [GC274.370: [ParNew: 6087K->203K(6144K), 0.0003320 secs] 12338K->6455K(21888K), 0.0003670 secs] [Times: user=0.00 sys=0.00, real=0.00 secs] 
274.370: Total time for which application threads were stopped: 0.0574630 seconds, Stopping threads took: 0.0570140 seconds
274.371: Application time: 0.0005260 seconds
274.371: [GC274.371: [ParNew: 5689K->602K(6144K), 0.0015400 secs] 11941K->11932K(21888K), 0.0015730 secs] [Times: user=0.00 sys=0.00, real=0.00 secs] 
274.373: Total time for which application threads were stopped: 0.0020100 seconds, Stopping threads took: 0.0003870 seconds
274.450: Application time: 0.0774700 seconds
274.452: [GC274.452: [ParNew: 5970K->5970K(6144K), 0.0000130 secs]274.452: [CMS274.452: [CMS-concurrent-abortable-preclean: 0.000/0.225 secs] [Times: user=1.48 sys=0.03, real=0.23 secs] 
 (concurrent mode failure): 11330K->3695K(15744K), 0.0062120 secs] 17300K->3695K(21888K), [CMS Perm : 5141K->5141K(21248K)], 0.0062800 secs] [Times: user=0.00 sys=0.00, real=0.00 secs] 
274.458: Total time for which application threads were stopped: 0.0080630 seconds, Stopping threads took: 0.0017040 seconds
274.459: Application time: 0.0012380 seconds
274.499: [GC274.499: [ParNew: 5388K->600K(6144K), 0.0014390 secs] 9083K->8212K(21888K), 0.0014730 secs] [Times: user=0.00 sys=0.01, real=0.01 secs] 
274.501: Total time for which application threads were stopped: 0.0413550 seconds, Stopping threads took: 0.0398250 seconds
274.501: Application time: 0.0001180 seconds
274.541: [GC [1 CMS-initial-mark: 7612K(15744K)] 9103K(21888K), 0.0000920 secs] [Times: user=0.00 sys=0.00, real=0.00 secs] 
274.541: Total time for which application threads were stopped: 0.0401030 seconds, Stopping threads took: 0.0399770 seconds
274.541: [CMS-concurrent-mark-start]
274.542: Application time: 0.0010620 seconds
274.582: [GC274.582: [ParNew: 6081K->596K(6144K), 0.0013930 secs] 13694K->12121K(21888K), 0.0014210 secs] [Times: user=0.01 sys=0.00, real=0.00 secs] 
274.583: Total time for which application threads were stopped: 0.0413030 seconds, Stopping threads took: 0.0398050 seconds
274.587: [CMS-concurrent-mark: 0.004/0.046 secs] [Times: user=0.13 sys=0.02, real=0.04 secs] 
274.587: [CMS-concurrent-preclean-start]
274.587: [CMS-concurrent-preclean: 0.000/0.000 secs] [Times: user=0.00 sys=0.00, real=0.00 secs] 
274.587: Application time: 0.0033830 seconds
274.660: [GC[YG occupancy: 1782 K (6144 K)]274.660: [Rescan (parallel) , 0.0002040 secs]274.661: [weak refs processing, 0.0000070 secs]274.661: [scrub string table, 0.0001140 secs] [1 CMS-remark: 11525K(15744K)] 13307K(21888K), 0.0003650 secs] [Times: user=0.00 sys=0.00, real=0.00 secs] 
274.661: Total time for which application threads were stopped: 0.0739260 seconds, Stopping threads took: 0.0735040 seconds
274.661: [CMS-concurrent-sweep-start]
274.662: Application time: 0.0008750 seconds
274.662: [GC274.662: [ParNew: 6042K->6042K(6144K), 0.0000100 secs]274.662: [CMS274.662: [CMS-concurrent-sweep: 0.001/0.001 secs] [Times: user=0.01 sys=0.00, real=0.00 secs] 
 (concurrent mode failure): 11525K->5844K(15744K), 0.0064960 secs] 17568K->5844K(21888K), [CMS Perm : 5141K->5141K(21248K)], 0.0065450 secs] [Times: user=0.01 sys=0.00, real=0.01 secs] 
274.668: Total time for which application threads were stopped: 0.0068620 seconds, Stopping threads took: 0.0002660 seconds
274.747: Application time: 0.0787800 seconds
274.750: [GC274.750: [ParNew: 5485K->596K(6144K), 0.0008170 secs] 11329K->7223K(21888K), 0.0008500 secs] [Times: user=0.00 sys=0.00, real=0.00 secs] 
274.751: Total time for which application threads were stopped: 0.0033030 seconds, Stopping threads took: 0.0023730 seconds
274.751: Application time: 0.0009020 seconds
274.791: [GC274.791: [ParNew: 6062K->630K(6144K), 0.0017240 secs] 12689K->12348K(21888K), 0.0017560 secs] [Times: user=0.01 sys=0.00, real=0.00 secs] 
274.793: Total time for which application threads were stopped: 0.0416040 seconds, Stopping threads took: 0.0397960 seconds
274.807: Application time: 0.0143920 seconds
274.899: [GC [1 CMS-initial-mark: 11718K(15744K)] 15294K(21888K), 0.0001370 secs] [Times: user=0.00 sys=0.00, real=0.00 secs] 
274.899: Total time for which application threads were stopped: 0.0912280 seconds, Stopping threads took: 0.0910310 seconds
274.899: [CMS-concurrent-mark-start]
274.899: Application time: 0.0006320 seconds
274.899: [GC274.900: [ParNew: 6115K->6115K(6144K), 0.0000120 secs]274.900: [CMS274.902: [CMS-concurrent-mark: 0.002/0.003 secs] [Times: user=0.01 sys=0.00, real=0.01 secs] 
 (concurrent mode failure): 11718K->3891K(15744K), 0.0086800 secs] 17834K->3891K(21888K), [CMS Perm : 5141K->5141K(21248K)], 0.0087410 secs] [Times: user=0.01 sys=0.00, real=0.01 secs] 
274.908: Total time for which application threads were stopped: 0.0089310 seconds, Stopping threads took: 0.0001340 seconds
274.910: Application time: 0.0014620 seconds
274.987: [GC274.987: [ParNew: 5485K->592K(6144K), 0.0006370 secs] 9376K->5464K(21888K), 0.0006700 secs] [Times: user=0.01 sys=0.00, real=0.01 secs] 
274.988: Total time for which application threads were stopped: 0.0778420 seconds, Stopping threads took: 0.0770850 seconds
274.988: Application time: 0.0007390 seconds
275.036: [GC275.036: [ParNew: 5960K->630K(6144K), 0.0014020 secs] 10833K->9612K(21888K), 0.0014410 secs] [Times: user=0.01 sys=0.00, real=0.00 secs] 
275.037: Total time for which application threads were stopped: 0.0490120 seconds, Stopping threads took: 0.0474950 seconds
275.037: Application time: 0.0000550 seconds
275.037: [GC [1 CMS-initial-mark: 8982K(15744K)] 10202K(21888K), 0.0000990 secs] [Times: user=0.00 sys=0.00, real=0.00 secs] 
275.038: Total time for which application threads were stopped: 0.0001900 seconds, Stopping threads took: 0.0000680 seconds
275.038: [CMS-concurrent-mark-start]
275.041: [CMS-concurrent-mark: 0.003/0.003 secs] [Times: user=0.02 sys=0.00, real=0.01 secs] 
275.041: [CMS-concurrent-preclean-start]
275.041: [CMS-concurrent-preclean: 0.000/0.000 secs] [Times: user=0.00 sys=0.00, real=0.00 secs] 
275.041: [CMS-concurrent-abortable-preclean-start]
275.120: Application time: 0.0826490 seconds
275.165: [GC275.165: [ParNew: 6018K->402K(6144K), 0.0005610 secs] 15000K->9417K(21888K), 0.0005950 secs] [Times: user=0.00 sys=0.00, real=0.00 secs] 
275.166: Total time for which application threads were stopped: 0.0453460 seconds, Stopping threads took: 0.0446840 seconds
275.166: Application time: 0.0006260 seconds
275.167: [GC275.167: [ParNew: 5886K->600K(6144K), 0.0018480 secs] 14901K->14888K(21888K), 0.0018810 secs] [Times: user=0.02 sys=0.00, real=0.01 secs] 
275.169: Total time for which application threads were stopped: 0.0023370 seconds, Stopping threads took: 0.0003920 seconds
275.247: Application time: 0.0780220 seconds
275.269: [CMS-concurrent-abortable-preclean: 0.000/0.228 secs] [Times: user=1.40 sys=0.06, real=0.23 secs] 
275.288: [GC275.288: [ParNew: 5792K->5792K(6144K), 0.0000130 secs]275.288: [CMS (concurrent mode failure): 14288K->2719K(15744K), 0.0060270 secs] 20081K->2719K(21888K), [CMS Perm : 5141K->5141K(21248K)], 0.0060850 secs] [Times: user=0.01 sys=0.00, real=0.00 secs] 
275.294: Total time for which application threads were stopped: 0.0478700 seconds, Stopping threads took: 0.0417010 seconds
275.295: Application time: 0.0008940 seconds
275.335: [GC275.335: [ParNew: 5483K->600K(6144K), 0.0016790 secs] 8203K->7922K(21888K), 0.0017100 secs] [Times: user=0.01 sys=0.00, real=0.00 secs] 
275.337: Total time for which application threads were stopped: 0.0417040 seconds, Stopping threads took: 0.0399200 seconds
275.337: Application time: 0.0000810 seconds
275.338: [GC [1 CMS-initial-mark: 7321K(15744K)] 8117K(21888K), 0.0001110 secs] [Times: user=0.00 sys=0.00, real=0.00 secs] 
275.338: Total time for which application threads were stopped: 0.0005540 seconds, Stopping threads took: 0.0003940 seconds
275.338: [CMS-concurrent-mark-start]
275.341: [CMS-concurrent-mark: 0.004/0.004 secs] [Times: user=0.02 sys=0.00, real=0.01 secs] 
275.341: [CMS-concurrent-preclean-start]
275.341: [CMS-concurrent-preclean: 0.000/0.000 secs] [Times: user=0.00 sys=0.00, real=0.00 secs] 
275.341: [CMS-concurrent-abortable-preclean-start]
275.420: Application time: 0.0823700 seconds
275.460: [GC275.460: [ParNew: 5987K->500K(6144K), 0.0005820 secs] 13309K->8801K(21888K), 0.0006170 secs] [Times: user=0.00 sys=0.00, real=0.00 secs] 
275.461: Total time for which application threads were stopped: 0.0407920 seconds, Stopping threads took: 0.0400900 seconds
275.462: Application time: 0.0007480 seconds
275.501: [GC275.501: [ParNew: 5888K->502K(6144K), 0.0017140 secs] 14189K->13882K(21888K), 0.0017500 secs] [Times: user=0.01 sys=0.00, real=0.00 secs] 
275.503: Total time for which application threads were stopped: 0.0415400 seconds, Stopping threads took: 0.0397260 seconds
275.580: Application time: 0.0773750 seconds
275.583: [GC275.583: [ParNew: 5995K->5995K(6144K), 0.0000130 secs]275.583: [CMS275.583: [CMS-concurrent-abortable-preclean: 0.001/0.242 secs] [Times: user=1.42 sys=0.05, real=0.24 secs] 
 (concurrent mode failure): 13379K->3972K(15744K), 0.0061920 secs] 19375K->3972K(21888K), [CMS Perm : 5141K->5141K(21248K)], 0.0062600 secs] [Times: user=0.00 sys=0.00, real=0.01 secs] 
275.589: Total time for which application threads were stopped: 0.0087240 seconds, Stopping threads took: 0.0023720 seconds
275.591: Application time: 0.0013340 seconds
275.644: [GC275.644: [ParNew: 5436K->624K(6144K), 0.0016980 secs] 9409K->8745K(21888K), 0.0017320 secs] [Times: user=0.01 sys=0.01, real=0.00 secs] 
275.646: Total time for which application threads were stopped: 0.0550530 seconds, Stopping threads took: 0.0532430 seconds
275.646: Application time: 0.0000570 seconds
275.687: [GC [1 CMS-initial-mark: 8121K(15744K)] 9144K(21888K), 0.0000940 secs] [Times: user=0.00 sys=0.00, real=0.00 secs] 
275.687: Total time for which application threads were stopped: 0.0413230 seconds, Stopping threads took: 0.0412070 seconds
275.687: [CMS-concurrent-mark-start]
275.690: [CMS-concurrent-mark: 0.003/0.003 secs] [Times: user=0.01 sys=0.00, real=0.01 secs] 
275.690: [CMS-concurrent-preclean-start]
275.691: [CMS-concurrent-preclean: 0.000/0.000 secs] [Times: user=0.00 sys=0.00, real=0.00 secs] 
275.691: [CMS-concurrent-abortable-preclean-start]
275.691: Application time: 0.0042000 seconds
275.764: [GC275.764: [ParNew: 6090K->528K(6144K), 0.0008230 secs] 14211K->9651K(21888K), 0.0008600 secs] [Times: user=0.00 sys=0.00, real=0.00 secs] 
275.765: Total time for which application threads were stopped: 0.0739740 seconds, Stopping threads took: 0.0730290 seconds
275.766: Application time: 0.0008190 seconds
275.818: [GC275.818: [ParNew: 5916K->504K(6144K), 0.0019630 secs] 15039K->14931K(21888K), 0.0019990 secs] [Times: user=0.01 sys=0.00, real=0.01 secs] 
275.820: Total time for which application threads were stopped: 0.0539390 seconds, Stopping threads took: 0.0518630 seconds
275.899: Application time: 0.0795480 seconds
275.920: [CMS-concurrent-abortable-preclean: 0.000/0.230 secs] [Times: user=1.26 sys=0.09, real=0.23 secs] 
275.940: [GC275.940: [ParNew: 5989K->5989K(6144K), 0.0000140 secs]275.940: [CMS (concurrent mode failure): 14427K->2914K(15744K), 0.0060330 secs] 20417K->2914K(21888K), [CMS Perm : 5141K->5141K(21248K)], 0.0060880 secs] [Times: user=0.01 sys=0.00, real=0.00 secs] 
275.946: Total time for which application threads were stopped: 0.0466320 seconds, Stopping threads took: 0.0404610 seconds
275.947: Application time: 0.0013110 seconds
276.001: [GC276.001: [ParNew: 5485K->600K(6144K), 0.0014410 secs] 8400K->7824K(21888K), 0.0014680 secs] [Times: user=0.01 sys=0.00, real=0.00 secs] 
276.003: Total time for which application threads were stopped: 0.0554250 seconds, Stopping threads took: 0.0538820 seconds
276.003: Application time: 0.0000750 seconds
276.003: [GC [1 CMS-initial-mark: 7224K(15744K)] 9004K(21888K), 0.0000830 secs] [Times: user=0.00 sys=0.00, real=0.00 secs] 
276.003: Total time for which application threads were stopped: 0.0001700 seconds, Stopping threads took: 0.0000600 seconds
276.003: [CMS-concurrent-mark-start]
276.007: [CMS-concurrent-mark: 0.004/0.004 secs] [Times: user=0.02 sys=0.00, real=0.00 secs] 
276.007: [CMS-concurrent-preclean-start]
276.007: [CMS-concurrent-preclean: 0.000/0.000 secs] [Times: user=0.00 sys=0.00, real=0.00 secs] 
276.007: [CMS-concurrent-abortable-preclean-start]
276.089: Application time: 0.0860480 seconds
276.130: [GC276.130: [ParNew: 5988K->596K(6144K), 0.0006520 secs] 13212K->7820K(21888K), 0.0006890 secs] [Times: user=0.00 sys=0.00, real=0.00 secs] 
276.131: Total time for which application threads were stopped: 0.0416300 seconds, Stopping threads took: 0.0408700 seconds
276.131: Application time: 0.0006630 seconds
276.132: [GC276.132: [ParNew: 6081K->602K(6144K), 0.0018780 secs] 13306K->13300K(21888K), 0.0019110 secs] [Times: user=0.02 sys=0.00, real=0.00 secs] 
276.134: Total time for which application threads were stopped: 0.0022780 seconds, Stopping threads took: 0.0003150 seconds
276.213: Application time: 0.0789010 seconds
276.215: [GC276.215: [ParNew: 5989K->5989K(6144K), 0.0000150 secs]276.215: [CMS276.215: [CMS-concurrent-abortable-preclean: 0.000/0.208 secs] [Times: user=1.40 sys=0.03, real=0.21 secs] 
 (concurrent mode failure): 12698K->4184K(15744K), 0.0063110 secs] 18687K->4184K(21888K), [CMS Perm : 5141K->5141K(21248K)], 0.0063820 secs] [Times: user=0.00 sys=0.00, real=0.01 secs] 
276.222: Total time for which application threads were stopped: 0.0091460 seconds, Stopping threads took: 0.0026900 seconds
276.223: Application time: 0.0013400 seconds
276.263: [GC276.263: [ParNew: 5485K->598K(6144K), 0.0016310 secs] 9670K->9089K(21888K), 0.0016660 secs] [Times: user=0.01 sys=0.00, real=0.00 secs] 
276.265: Total time for which application threads were stopped: 0.0418120 seconds, Stopping threads took: 0.0400760 seconds
276.265: Application time: 0.0000590 seconds
276.335: [GC [1 CMS-initial-mark: 8491K(15744K)] 9391K(21888K), 0.0000980 secs] [Times: user=0.00 sys=0.00, real=0.00 secs] 
276.335: Total time for which application threads were stopped: 0.0698050 seconds, Stopping threads took: 0.0696570 seconds
276.335: [CMS-concurrent-mark-start]
276.339: [CMS-concurrent-mark: 0.004/0.004 secs] [Times: user=0.02 sys=0.00, real=0.00 secs] 
276.339: [CMS-concurrent-preclean-start]
276.339: [CMS-concurrent-preclean: 0.000/0.000 secs] [Times: user=0.00 sys=0.00, real=0.00 secs] 
276.339: [CMS-concurrent-abortable-preclean-start]
276.339: Application time: 0.0045300 seconds
276.412: [GC276.412: [ParNew: 5947K->632K(6144K), 0.0005830 secs] 14439K->9150K(21888K), 0.0006130 secs] [Times: user=0.00 sys=0.00, real=0.00 secs] 
276.413: Total time for which application threads were stopped: 0.0735090 seconds, Stopping threads took: 0.0728220 seconds
276.413: Application time: 0.0004390 seconds
276.414: [GC276.414: [ParNew: 5920K->598K(6144K), 0.0015990 secs] 14438K->14427K(21888K), 0.0016270 secs] [Times: user=0.01 sys=0.00, real=0.00 secs] 
276.415: Total time for which application threads were stopped: 0.0021050 seconds, Stopping threads took: 0.0004300 seconds
276.495: Application time: 0.0792070 seconds
276.516: [CMS-concurrent-abortable-preclean: 0.000/0.177 secs] [Times: user=1.12 sys=0.06, real=0.18 secs] 
276.535: [GC276.535: [ParNew: 6083K->6083K(6144K), 0.0000130 secs]276.535: [CMS (concurrent mode failure): 13829K->3012K(15744K), 0.0068630 secs] 19912K->3012K(21888K), [CMS Perm : 5141K->5141K(21248K)], 0.0069180 secs] [Times: user=0.01 sys=0.00, real=0.01 secs] 
276.542: Total time for which application threads were stopped: 0.0475700 seconds, Stopping threads took: 0.0405580 seconds
276.543: Application time: 0.0012160 seconds
276.583: [GC276.583: [ParNew: 5466K->630K(6144K), 0.0016540 secs] 8479K->8442K(21888K), 0.0016850 secs] [Times: user=0.01 sys=0.00, real=0.00 secs] 
276.585: Total time for which application threads were stopped: 0.0415380 seconds, Stopping threads took: 0.0397990 seconds
276.585: Application time: 0.0000540 seconds
276.585: [GC [1 CMS-initial-mark: 7812K(15744K)] 9228K(21888K), 0.0001050 secs] [Times: user=0.00 sys=0.00, real=0.00 secs] 
276.585: Total time for which application threads were stopped: 0.0002270 seconds, Stopping threads took: 0.0000760 seconds
276.585: [CMS-concurrent-mark-start]
276.589: [CMS-concurrent-mark: 0.004/0.004 secs] [Times: user=0.02 sys=0.00, real=0.01 secs] 
276.589: [CMS-concurrent-preclean-start]
276.589: [CMS-concurrent-preclean: 0.000/0.000 secs] [Times: user=0.00 sys=0.00, real=0.00 secs] 
276.589: [CMS-concurrent-abortable-preclean-start]
276.664: Application time: 0.0783020 seconds
276.707: [GC276.707: [ParNew: 5822K->494K(6144K), 0.0006230 secs] 13635K->9312K(21888K), 0.0006560 secs] [Times: user=0.00 sys=0.00, real=0.00 secs] 
276.707: Total time for which application threads were stopped: 0.0437800 seconds, Stopping threads took: 0.0430460 seconds
276.708: Application time: 0.0008040 seconds
276.760: [GC276.760: [ParNew: 5960K->630K(6144K), 0.0016530 secs] 14779K->13552K(21888K), 0.0016860 secs] [Times: user=0.01 sys=0.00, real=0.00 secs] 
276.762: Total time for which application threads were stopped: 0.0539580 seconds, Stopping threads took: 0.0521960 seconds
276.839: Application time: 0.0768790 seconds
276.862: [CMS-concurrent-abortable-preclean: 0.000/0.273 secs] [Times: user=1.49 sys=0.05, real=0.27 secs] 
276.881: [GC276.881: [ParNew: 6018K->6018K(6144K), 0.0000130 secs]276.881: [CMS (concurrent mode failure): 12922K->1743K(15744K), 0.0057880 secs] 18940K->1743K(21888K), [CMS Perm : 5141K->5141K(21248K)], 0.0058450 secs] [Times: user=0.01 sys=0.00, real=0.00 secs] 
276.887: Total time for which application threads were stopped: 0.0482700 seconds, Stopping threads took: 0.0423650 seconds
276.888: Application time: 0.0009130 seconds
276.889: [GC276.889: [ParNew: 5483K->602K(6144K), 0.0016580 secs] 7227K->7244K(21888K), 0.0016870 secs] [Times: user=0.01 sys=0.00, real=0.00 secs] 
276.890: Total time for which application threads were stopped: 0.0020890 seconds, Stopping threads took: 0.0003510 seconds
276.890: Application time: 0.0000480 seconds
276.891: [GC [1 CMS-initial-mark: 6642K(15744K)] 7635K(21888K), 0.0000770 secs] [Times: user=0.00 sys=0.00, real=0.00 secs] 
276.891: Total time for which application threads were stopped: 0.0003960 seconds, Stopping threads took: 0.0002960 seconds
276.891: [CMS-concurrent-mark-start]
276.894: [CMS-concurrent-mark: 0.004/0.004 secs] [Times: user=0.01 sys=0.00, real=0.00 secs] 
276.894: [CMS-concurrent-preclean-start]
276.894: [CMS-concurrent-preclean: 0.000/0.000 secs] [Times: user=0.00 sys=0.00, real=0.00 secs] 
276.894: [CMS-concurrent-abortable-preclean-start]
276.982: Application time: 0.0915570 seconds
277.042: [GC277.042: [ParNew: 5970K->434K(6144K), 0.0006250 secs] 12613K->7078K(21888K), 0.0006610 secs] [Times: user=0.00 sys=0.00, real=0.00 secs] 
277.042: Total time for which application threads were stopped: 0.0601820 seconds, Stopping threads took: 0.0594580 seconds
277.043: Application time: 0.0005450 seconds
277.043: [GC277.043: [ParNew: 5918K->600K(6144K), 0.0017770 secs] 12562K->12545K(21888K), 0.0018120 secs] [Times: user=0.01 sys=0.00, real=0.00 secs] 
277.045: Total time for which application threads were stopped: 0.0023240 seconds, Stopping threads took: 0.0004270 seconds
277.122: Application time: 0.0771210 seconds
277.146: [CMS-concurrent-abortable-preclean: 0.000/0.251 secs] [Times: user=1.57 sys=0.05, real=0.25 secs] 
277.164: [GC277.164: [ParNew: 5987K->5987K(6144K), 0.0000120 secs]277.164: [CMS (concurrent mode failure): 11945K->2915K(15744K), 0.0057820 secs] 17933K->2915K(21888K), [CMS Perm : 5141K->5141K(21248K)], 0.0058430 secs] [Times: user=0.01 sys=0.00, real=0.01 secs] 
277.170: Total time for which application threads were stopped: 0.0473350 seconds, Stopping threads took: 0.0414040 seconds
277.171: Application time: 0.0011630 seconds
277.226: [GC277.226: [ParNew: 5485K->602K(6144K), 0.0018090 secs] 8400K->7826K(21888K), 0.0018440 secs] [Times: user=0.01 sys=0.01, real=0.01 secs] 
277.228: Total time for which application threads were stopped: 0.0568700 seconds, Stopping threads took: 0.0549510 seconds
277.228: Application time: 0.0000560 seconds
277.228: [GC [1 CMS-initial-mark: 7224K(15744K)] 8416K(21888K), 0.0000900 secs] [Times: user=0.00 sys=0.00, real=0.00 secs] 
277.228: Total time for which application threads were stopped: 0.0003080 seconds, Stopping threads took: 0.0001910 seconds
277.228: [CMS-concurrent-mark-start]
277.235: [CMS-concurrent-mark: 0.007/0.007 secs] [Times: user=0.03 sys=0.00, real=0.00 secs] 
277.235: [CMS-concurrent-preclean-start]
277.235: [CMS-concurrent-preclean: 0.000/0.000 secs] [Times: user=0.00 sys=0.00, real=0.00 secs] 
277.235: [CMS-concurrent-abortable-preclean-start]
277.314: Application time: 0.0858640 seconds
277.365: [GC277.365: [ParNew: 5794K->402K(6144K), 0.0006180 secs] 13019K->7627K(21888K), 0.0006510 secs] [Times: user=0.01 sys=0.00, real=0.00 secs] 
277.366: Total time for which application threads were stopped: 0.0518240 seconds, Stopping threads took: 0.0511170 seconds
277.366: Application time: 0.0005150 seconds
277.367: [GC277.367: [ParNew: 5886K->600K(6144K), 0.0017400 secs] 13111K->13103K(21888K), 0.0017750 secs] [Times: user=0.01 sys=0.00, real=0.01 secs] 
277.368: Total time for which application threads were stopped: 0.0020920 seconds, Stopping threads took: 0.0002640 seconds
277.446: Application time: 0.0778460 seconds
277.469: [CMS-concurrent-abortable-preclean: 0.000/0.234 secs] [Times: user=1.39 sys=0.05, real=0.24 secs] 
277.487: [GC277.487: [ParNew: 5987K->5987K(6144K), 0.0000130 secs]277.487: [CMS (concurrent mode failure): 12503K->2915K(15744K), 0.0068380 secs] 18490K->2915K(21888K), [CMS Perm : 5141K->5141K(21248K)], 0.0068960 secs] [Times: user=0.00 sys=0.00, real=0.01 secs] 
277.494: Total time for which application threads were stopped: 0.0473660 seconds, Stopping threads took: 0.0403860 seconds
277.495: Application time: 0.0010930 seconds
277.535: [GC277.535: [ParNew: 5485K->502K(6144K), 0.0013770 secs] 8401K->8119K(21888K), 0.0014070 secs] [Times: user=0.00 sys=0.01, real=0.00 secs] 
277.536: Total time for which application threads were stopped: 0.0412810 seconds, Stopping threads took: 0.0398200 seconds
277.536: Application time: 0.0000400 seconds
277.536: [GC [1 CMS-initial-mark: 7617K(15744K)] 8909K(21888K), 0.0000950 secs] [Times: user=0.00 sys=0.00, real=0.00 secs] 
277.536: Total time for which application threads were stopped: 0.0002730 seconds, Stopping threads took: 0.0001530 seconds
277.536: [CMS-concurrent-mark-start]
277.540: [CMS-concurrent-mark: 0.004/0.004 secs] [Times: user=0.03 sys=0.00, real=0.01 secs] 
277.540: [CMS-concurrent-preclean-start]
277.540: [CMS-concurrent-preclean: 0.000/0.000 secs] [Times: user=0.00 sys=0.00, real=0.00 secs] 
277.541: [CMS-concurrent-abortable-preclean-start]
277.623: Application time: 0.0862760 seconds
277.662: [GC277.662: [ParNew: 5694K->498K(6144K), 0.0007280 secs] 13312K->9093K(21888K), 0.0007600 secs] [Times: user=0.00 sys=0.00, real=0.00 secs] 
277.663: Total time for which application threads were stopped: 0.0403420 seconds, Stopping threads took: 0.0395160 seconds
277.664: Application time: 0.0007520 seconds
277.703: [GC277.703: [ParNew: 5867K->630K(6144K), 0.0017530 secs] 14461K->14110K(21888K), 0.0017890 secs] [Times: user=0.01 sys=0.00, real=0.00 secs] 
277.705: Total time for which application threads were stopped: 0.0414400 seconds, Stopping threads took: 0.0395960 seconds
277.784: Application time: 0.0790160 seconds
277.788: [GC277.788: [ParNew: 6072K->6072K(6144K), 0.0000160 secs]277.789: [CMS277.790: [CMS-concurrent-abortable-preclean: 0.000/0.249 secs] [Times: user=1.45 sys=0.05, real=0.25 secs] 
 (concurrent mode failure): 13479K->3769K(15744K), 0.0062000 secs] 19552K->3769K(21888K), [CMS Perm : 5141K->5141K(21248K)], 0.0078310 secs] [Times: user=0.01 sys=0.01, real=0.00 secs] 
277.796: Total time for which application threads were stopped: 0.0115040 seconds, Stopping threads took: 0.0035840 seconds
277.797: Application time: 0.0011590 seconds
277.855: [GC277.855: [ParNew: 5412K->622K(6144K), 0.0014820 secs] 9182K->8406K(21888K), 0.0015240 secs] [Times: user=0.00 sys=0.01, real=0.00 secs] 
277.857: Total time for which application threads were stopped: 0.0600540 seconds, Stopping threads took: 0.0584710 seconds
277.857: Application time: 0.0000480 seconds
277.897: [GC [1 CMS-initial-mark: 7784K(15744K)] 8605K(21888K), 0.0000880 secs] [Times: user=0.00 sys=0.00, real=0.00 secs] 
277.897: Total time for which application threads were stopped: 0.0399660 seconds, Stopping threads took: 0.0398440 seconds
277.897: [CMS-concurrent-mark-start]
277.904: [CMS-concurrent-mark: 0.007/0.007 secs] [Times: user=0.06 sys=0.00, real=0.01 secs] 
277.904: [CMS-concurrent-preclean-start]
277.904: [CMS-concurrent-preclean: 0.000/0.000 secs] [Times: user=0.00 sys=0.00, real=0.00 secs] 
277.904: [CMS-concurrent-abortable-preclean-start]
277.983: Application time: 0.0856160 seconds
277.988: [GC277.988: [ParNew: 6107K->400K(6144K), 0.0004040 secs] 13892K->8213K(21888K), 0.0004390 secs] [Times: user=0.00 sys=0.00, real=0.00 secs] 
277.988: Total time for which application threads were stopped: 0.0057900 seconds, Stopping threads took: 0.0052740 seconds
277.989: Application time: 0.0005870 seconds
277.989: [GC277.989: [ParNew: 5867K->630K(6144K), 0.0017430 secs] 13680K->13619K(21888K), 0.0017770 secs] [Times: user=0.01 sys=0.00, real=0.00 secs] 
277.991: Total time for which application threads were stopped: 0.0021510 seconds, Stopping threads took: 0.0003210 seconds
278.069: Application time: 0.0780650 seconds
278.070: [GC278.070: [ParNew: 6017K->6017K(6144K), 0.0000130 secs]278.070: [CMS278.071: [CMS-concurrent-abortable-preclean: 0.000/0.167 secs] [Times: user=1.30 sys=0.00, real=0.17 secs] 
 (concurrent mode failure): 12989K->3891K(15744K), 0.0056210 secs] 19007K->3891K(21888K), [CMS Perm : 5141K->5141K(21248K)], 0.0056820 secs] [Times: user=0.00 sys=0.00, real=0.00 secs] 
278.076: Total time for which application threads were stopped: 0.0069610 seconds, Stopping threads took: 0.0012100 seconds
278.077: Application time: 0.0012510 seconds
278.147: [GC278.147: [ParNew: 5466K->626K(6144K), 0.0015330 secs] 9358K->8434K(21888K), 0.0015740 secs] [Times: user=0.01 sys=0.00, real=0.01 secs] 
278.148: Total time for which application threads were stopped: 0.0707770 seconds, Stopping threads took: 0.0691360 seconds
278.148: Application time: 0.0001590 seconds
278.188: [GC [1 CMS-initial-mark: 7808K(15744K)] 8837K(21888K), 0.0001010 secs] [Times: user=0.00 sys=0.00, real=0.00 secs] 
278.188: Total time for which application threads were stopped: 0.0399900 seconds, Stopping threads took: 0.0398560 seconds
278.188: [CMS-concurrent-mark-start]
278.192: [CMS-concurrent-mark: 0.004/0.004 secs] [Times: user=0.02 sys=0.00, real=0.00 secs] 
278.192: [CMS-concurrent-preclean-start]
278.192: [CMS-concurrent-preclean: 0.000/0.000 secs] [Times: user=0.00 sys=0.00, real=0.00 secs] 
278.192: [CMS-concurrent-abortable-preclean-start]
278.196: Application time: 0.0074300 seconds
278.267: [GC278.267: [ParNew: 6014K->404K(6144K), 0.0005400 secs] 13822K->8246K(21888K), 0.0005730 secs] [Times: user=0.00 sys=0.00, real=0.01 secs] 
278.268: Total time for which application threads were stopped: 0.0722180 seconds, Stopping threads took: 0.0715880 seconds
278.269: Application time: 0.0005510 seconds
278.269: [GC278.269: [ParNew: 5890K->600K(6144K), 0.0017590 secs] 13732K->13717K(21888K), 0.0017920 secs] [Times: user=0.01 sys=0.00, real=0.00 secs] 
278.271: Total time for which application threads were stopped: 0.0022350 seconds, Stopping threads took: 0.0003700 seconds
278.348: Application time: 0.0776760 seconds
278.371: [CMS-concurrent-abortable-preclean: 0.000/0.179 secs] [Times: user=1.21 sys=0.06, real=0.18 secs] 
278.389: [GC278.389: [ParNew: 6065K->6065K(6144K), 0.0000120 secs]278.389: [CMS (concurrent mode failure): 13117K->2915K(15744K), 0.0059070 secs] 19183K->2915K(21888K), [CMS Perm : 5141K->5141K(21248K)], 0.0059660 secs] [Times: user=0.00 sys=0.00, real=0.00 secs] 
278.395: Total time for which application threads were stopped: 0.0469620 seconds, Stopping threads took: 0.0409120 seconds
278.397: Application time: 0.0011430 seconds
278.448: [GC278.448: [ParNew: 5485K->598K(6144K), 0.0017520 secs] 8401K->7823K(21888K), 0.0017840 secs] [Times: user=0.01 sys=0.00, real=0.00 secs] 
278.449: Total time for which application threads were stopped: 0.0529440 seconds, Stopping threads took: 0.0510840 seconds
278.450: Application time: 0.0000860 seconds
278.450: [GC [1 CMS-initial-mark: 7225K(15744K)] 8907K(21888K), 0.0000970 secs] [Times: user=0.00 sys=0.00, real=0.00 secs] 
278.450: Total time for which application threads were stopped: 0.0003420 seconds, Stopping threads took: 0.0001900 seconds
278.450: [CMS-concurrent-mark-start]
278.454: [CMS-concurrent-mark: 0.004/0.004 secs] [Times: user=0.02 sys=0.00, real=0.00 secs] 
278.454: [CMS-concurrent-preclean-start]
278.454: [CMS-concurrent-preclean: 0.000/0.000 secs] [Times: user=0.00 sys=0.00, real=0.00 secs] 
278.454: [CMS-concurrent-abortable-preclean-start]
278.536: Application time: 0.0860010 seconds
278.547: [GC278.547: [ParNew: 5790K->500K(6144K), 0.0005940 secs] 13015K->8702K(21888K), 0.0006300 secs] [Times: user=0.00 sys=0.00, real=0.00 secs] 
278.547: Total time for which application threads were stopped: 0.0114340 seconds, Stopping threads took: 0.0107190 seconds
278.548: Application time: 0.0007620 seconds
278.548: [GC278.548: [ParNew: 5964K->532K(6144K), 0.0017140 secs] 14167K->14110K(21888K), 0.0017500 secs] [Times: user=0.01 sys=0.00, real=0.00 secs] 
278.550: Total time for which application threads were stopped: 0.0020970 seconds, Stopping threads took: 0.0002700 seconds
278.630: Application time: 0.0796060 seconds
278.650: [CMS-concurrent-abortable-preclean: 0.000/0.197 secs] [Times: user=1.40 sys=0.02, real=0.20 secs] 
278.669: [GC278.669: [ParNew: 5920K->5920K(6144K), 0.0000140 secs]278.669: [CMS (concurrent mode failure): 13577K->3892K(15744K), 0.0065750 secs] 19498K->3892K(21888K), [CMS Perm : 5141K->5141K(21248K)], 0.0066320 secs] [Times: user=0.01 sys=0.00, real=0.00 secs] 
278.676: Total time for which application threads were stopped: 0.0462110 seconds, Stopping threads took: 0.0394930 seconds
278.677: Application time: 0.0013610 seconds
278.738: [GC278.738: [ParNew: 5485K->596K(6144K), 0.0013310 secs] 9378K->8503K(21888K), 0.0013630 secs] [Times: user=0.01 sys=0.00, real=0.00 secs] 
278.739: Total time for which application threads were stopped: 0.0617020 seconds, Stopping threads took: 0.0602510 seconds
278.739: Application time: 0.0000520 seconds
278.739: [GC [1 CMS-initial-mark: 7906K(15744K)] 8708K(21888K), 0.0001150 secs] [Times: user=0.00 sys=0.00, real=0.01 secs] 
278.740: Total time for which application threads were stopped: 0.0003670 seconds, Stopping threads took: 0.0002280 seconds
278.740: [CMS-concurrent-mark-start]
278.755: [CMS-concurrent-mark: 0.016/0.016 secs] [Times: user=0.12 sys=0.00, real=0.01 secs] 
278.756: [CMS-concurrent-preclean-start]
278.756: [CMS-concurrent-preclean: 0.000/0.000 secs] [Times: user=0.00 sys=0.00, real=0.00 secs] 
278.756: [CMS-concurrent-abortable-preclean-start]
278.826: Application time: 0.0860060 seconds
278.843: [GC278.843: [ParNew: 5749K->632K(6144K), 0.0006860 secs] 13656K->9153K(21888K), 0.0007210 secs] [Times: user=0.00 sys=0.00, real=0.00 secs] 
278.844: Total time for which application threads were stopped: 0.0183130 seconds, Stopping threads took: 0.0175150 seconds
278.844: Application time: 0.0005560 seconds
278.884: [GC278.884: [ParNew: 6018K->600K(6144K), 0.0017580 secs] 14539K->13844K(21888K), 0.0017920 secs] [Times: user=0.01 sys=0.00, real=0.00 secs] 
278.886: Total time for which application threads were stopped: 0.0418620 seconds, Stopping threads took: 0.0400170 seconds
278.964: Application time: 0.0778080 seconds
278.967: [GC278.967: [ParNew: 6085K->6085K(6144K), 0.0000130 secs]278.967: [CMS278.967: [CMS-concurrent-abortable-preclean: 0.000/0.211 secs] [Times: user=1.31 sys=0.03, real=0.21 secs] 
 (concurrent mode failure): 13244K->3697K(15744K), 0.0062490 secs] 19329K->3697K(21888K), [CMS Perm : 5141K->5141K(21248K)], 0.0063150 secs] [Times: user=0.01 sys=0.00, real=0.01 secs] 
278.973: Total time for which application threads were stopped: 0.0088180 seconds, Stopping threads took: 0.0024120 seconds
278.976: Application time: 0.0027890 seconds
279.051: [GC279.051: [ParNew: 5388K->207K(6144K), 0.0004510 secs] 9085K->3904K(21888K), 0.0004800 secs] [Times: user=0.00 sys=0.00, real=0.00 secs] 
279.051: Total time for which application threads were stopped: 0.0754700 seconds, Stopping threads took: 0.0749260 seconds
279.052: Application time: 0.0004070 seconds
279.052: [GC279.052: [ParNew: 5497K->602K(6144K), 0.0016510 secs] 9194K->9198K(21888K), 0.0016890 secs] [Times: user=0.01 sys=0.00, real=0.00 secs] 
279.054: Total time for which application threads were stopped: 0.0020150 seconds, Stopping threads took: 0.0002640 seconds
279.054: Application time: 0.0000430 seconds
279.054: [GC [1 CMS-initial-mark: 8596K(15744K)] 9589K(21888K), 0.0000950 secs] [Times: user=0.00 sys=0.00, real=0.00 secs] 
279.054: Total time for which application threads were stopped: 0.0004350 seconds, Stopping threads took: 0.0003170 seconds
279.054: [CMS-concurrent-mark-start]
279.058: [CMS-concurrent-mark: 0.004/0.004 secs] [Times: user=0.01 sys=0.00, real=0.00 secs] 
279.058: [CMS-concurrent-preclean-start]
279.058: [CMS-concurrent-preclean: 0.000/0.000 secs] [Times: user=0.00 sys=0.00, real=0.00 secs] 
279.058: [CMS-concurrent-abortable-preclean-start]
279.133: Application time: 0.0793510 seconds
279.175: [GC279.175: [ParNew: 5989K->602K(6144K), 0.0007730 secs] 14586K->9784K(21888K), 0.0008120 secs] [Times: user=0.00 sys=0.00, real=0.00 secs] 
279.176: Total time for which application threads were stopped: 0.0425190 seconds, Stopping threads took: 0.0416210 seconds
279.177: Application time: 0.0006720 seconds
279.177: [GC279.177: [ParNew: 6087K->598K(6144K), 0.0018360 secs] 15270K->15250K(21888K), 0.0018670 secs] [Times: user=0.01 sys=0.00, real=0.00 secs] 
279.179: Total time for which application threads were stopped: 0.0022200 seconds, Stopping threads took: 0.0002770 seconds
279.258: Application time: 0.0793420 seconds
279.279: [CMS-concurrent-abortable-preclean: 0.001/0.221 secs] [Times: user=1.37 sys=0.03, real=0.22 secs] 
279.299: [GC279.299: [ParNew: 5985K->5985K(6144K), 0.0000130 secs]279.299: [CMS (concurrent mode failure): 14652K->3696K(15744K), 0.0068980 secs] 20637K->3696K(21888K), [CMS Perm : 5141K->5141K(21248K)], 0.0069560 secs] [Times: user=0.01 sys=0.00, real=0.01 secs] 
279.306: Total time for which application threads were stopped: 0.0473320 seconds, Stopping threads took: 0.0403040 seconds
279.307: Application time: 0.0013490 seconds
279.347: [GC279.347: [ParNew: 5466K->626K(6144K), 0.0016100 secs] 9163K->8239K(21888K), 0.0016430 secs] [Times: user=0.01 sys=0.00, real=0.01 secs] 
279.349: Total time for which application threads were stopped: 0.0416470 seconds, Stopping threads took: 0.0399480 seconds
279.349: Application time: 0.0000470 seconds
279.349: [GC [1 CMS-initial-mark: 7613K(15744K)] 8435K(21888K), 0.0001020 secs] [Times: user=0.00 sys=0.00, real=0.00 secs] 
279.349: Total time for which application threads were stopped: 0.0003190 seconds, Stopping threads took: 0.0001730 seconds
279.349: [CMS-concurrent-mark-start]
279.352: [CMS-concurrent-mark: 0.004/0.004 secs] [Times: user=0.03 sys=0.00, real=0.00 secs] 
279.353: [CMS-concurrent-preclean-start]
279.353: [CMS-concurrent-preclean: 0.000/0.000 secs] [Times: user=0.00 sys=0.00, real=0.00 secs] 
279.353: [CMS-concurrent-abortable-preclean-start]
279.434: Application time: 0.0849860 seconds
279.441: [GC279.441: [ParNew: 6111K->596K(6144K), 0.0006740 secs] 13725K->9022K(21888K), 0.0007080 secs] [Times: user=0.00 sys=0.00, real=0.00 secs] 
279.442: Total time for which application threads were stopped: 0.0078000 seconds, Stopping threads took: 0.0070340 seconds
279.442: Application time: 0.0008040 seconds
279.494: [GC279.494: [ParNew: 6081K->600K(6144K), 0.0017880 secs] 14507K->14008K(21888K), 0.0018240 secs] [Times: user=0.01 sys=0.00, real=0.00 secs] 
279.495: Total time for which application threads were stopped: 0.0528720 seconds, Stopping threads took: 0.0509720 seconds
279.574: Application time: 0.0786300 seconds
279.596: [CMS-concurrent-abortable-preclean: 0.000/0.243 secs] [Times: user=1.43 sys=0.05, real=0.24 secs] 
279.625: [GC279.625: [ParNew: 6085K->6085K(6144K), 0.0000130 secs]279.625: [CMS (concurrent mode failure): 13408K->2915K(15744K), 0.0068380 secs] 19494K->2915K(21888K), [CMS Perm : 5141K->5141K(21248K)], 0.0068920 secs] [Times: user=0.01 sys=0.00, real=0.01 secs] 
279.632: Total time for which application threads were stopped: 0.0583780 seconds, Stopping threads took: 0.0514140 seconds
279.634: Application time: 0.0012500 seconds
279.685: [GC279.685: [ParNew: 5466K->630K(6144K), 0.0015900 secs] 8382K->7757K(21888K), 0.0016200 secs] [Times: user=0.01 sys=0.00, real=0.00 secs] 
279.687: Total time for which application threads were stopped: 0.0532820 seconds, Stopping threads took: 0.0515890 seconds
279.687: Application time: 0.0000940 seconds
279.727: [GC [1 CMS-initial-mark: 7127K(15744K)] 8937K(21888K), 0.0001070 secs] [Times: user=0.00 sys=0.00, real=0.00 secs] 
279.727: Total time for which application threads were stopped: 0.0400680 seconds, Stopping threads took: 0.0399350 seconds
279.727: [CMS-concurrent-mark-start]
279.734: [CMS-concurrent-mark: 0.007/0.007 secs] [Times: user=0.03 sys=0.00, real=0.01 secs] 
279.734: [CMS-concurrent-preclean-start]
279.734: [CMS-concurrent-preclean: 0.000/0.000 secs] [Times: user=0.00 sys=0.00, real=0.00 secs] 
279.734: [CMS-concurrent-abortable-preclean-start]
279.811: Application time: 0.0834990 seconds
279.819: [GC279.819: [ParNew: 6115K->600K(6144K), 0.0005370 secs] 13243K->7760K(21888K), 0.0005720 secs] [Times: user=0.00 sys=0.00, real=0.00 secs] 
279.819: Total time for which application threads were stopped: 0.0087380 seconds, Stopping threads took: 0.0080980 seconds
279.820: Application time: 0.0005820 seconds
279.876: [GC279.876: [ParNew: 6083K->600K(6144K), 0.0015850 secs] 13244K->12155K(21888K), 0.0016180 secs] [Times: user=0.01 sys=0.00, real=0.00 secs] 
279.877: Total time for which application threads were stopped: 0.0573640 seconds, Stopping threads took: 0.0556710 seconds
279.955: Application time: 0.0775940 seconds
279.957: [GC279.957: [ParNew: 5988K->5988K(6144K), 0.0000130 secs]279.957: [CMS279.957: [CMS-concurrent-abortable-preclean: 0.000/0.223 secs] [Times: user=1.38 sys=0.04, real=0.22 secs] 
 (concurrent mode failure): 11555K->3111K(15744K), 0.0062170 secs] 17543K->3111K(21888K), [CMS Perm : 5141K->5141K(21248K)], 0.0062930 secs] [Times: user=0.00 sys=0.00, real=0.01 secs] 
279.964: Total time for which application threads were stopped: 0.0086970 seconds, Stopping threads took: 0.0023160 seconds
279.965: Application time: 0.0009930 seconds
280.005: [GC280.005: [ParNew: 5387K->598K(6144K), 0.0016360 secs] 8499K->8216K(21888K), 0.0016660 secs] [Times: user=0.01 sys=0.00, real=0.00 secs] 
280.006: Total time for which application threads were stopped: 0.0417400 seconds, Stopping threads took: 0.0400020 seconds
280.006: Application time: 0.0000650 seconds
280.007: [GC [1 CMS-initial-mark: 7618K(15744K)] 9003K(21888K), 0.0000950 secs] [Times: user=0.00 sys=0.00, real=0.00 secs] 
280.007: Total time for which application threads were stopped: 0.0003440 seconds, Stopping threads took: 0.0002020 seconds
280.007: [CMS-concurrent-mark-start]
280.010: [CMS-concurrent-mark: 0.004/0.004 secs] [Times: user=0.01 sys=0.00, real=0.01 secs] 
280.010: [CMS-concurrent-preclean-start]
280.011: [CMS-concurrent-preclean: 0.000/0.000 secs] [Times: user=0.00 sys=0.00, real=0.00 secs] 
280.011: [CMS-concurrent-abortable-preclean-start]
280.095: Application time: 0.0878510 seconds
280.151: [GC280.151: [ParNew: 6091K->410K(6144K), 0.0005360 secs] 13709K->8420K(21888K), 0.0005710 secs] [Times: user=0.00 sys=0.00, real=0.00 secs] 
280.151: Total time for which application threads were stopped: 0.0567730 seconds, Stopping threads took: 0.0561430 seconds
280.152: Application time: 0.0007890 seconds
280.192: [GC280.192: [ParNew: 5828K->638K(6144K), 0.0014590 secs] 13837K->12994K(21888K), 0.0014930 secs] [Times: user=0.01 sys=0.00, real=0.00 secs] 
280.194: Total time for which application threads were stopped: 0.0415610 seconds, Stopping threads took: 0.0399930 seconds
280.271: Application time: 0.0774520 seconds
280.273: [GC280.273: [ParNew: 6123K->6123K(6144K), 0.0000130 secs]280.273: [CMS280.273: [CMS-concurrent-abortable-preclean: 0.000/0.262 secs] [Times: user=1.55 sys=0.05, real=0.26 secs] 
 (concurrent mode failure): 12356K->3111K(15744K), 0.0057730 secs] 18480K->3111K(21888K), [CMS Perm : 5141K->5141K(21248K)], 0.0058390 secs] [Times: user=0.00 sys=0.00, real=0.00 secs] 
280.278: Total time for which application threads were stopped: 0.0073270 seconds, Stopping threads took: 0.0013960 seconds
280.280: Application time: 0.0012010 seconds
280.333: [GC280.333: [ParNew: 5388K->502K(6144K), 0.0016310 secs] 8499K->7923K(21888K), 0.0016680 secs] [Times: user=0.01 sys=0.00, real=0.00 secs] 
280.334: Total time for which application threads were stopped: 0.0545740 seconds, Stopping threads took: 0.0528180 seconds
280.334: Application time: 0.0001720 seconds
280.374: [GC [1 CMS-initial-mark: 7420K(15744K)] 9009K(21888K), 0.0001080 secs] [Times: user=0.00 sys=0.00, real=0.00 secs] 
280.374: Total time for which application threads were stopped: 0.0399220 seconds, Stopping threads took: 0.0397890 seconds
280.374: [CMS-concurrent-mark-start]
280.378: [CMS-concurrent-mark: 0.003/0.003 secs] [Times: user=0.02 sys=0.00, real=0.00 secs] 
280.378: [CMS-concurrent-preclean-start]
280.378: [CMS-concurrent-preclean: 0.000/0.000 secs] [Times: user=0.00 sys=0.00, real=0.00 secs] 
280.378: [CMS-concurrent-abortable-preclean-start]
280.452: Application time: 0.0776170 seconds
280.457: [GC280.457: [ParNew: 5675K->430K(6144K), 0.0003590 secs] 13096K->7854K(21888K), 0.0003930 secs] [Times: user=0.00 sys=0.00, real=0.00 secs] 
280.457: Total time for which application threads were stopped: 0.0050150 seconds, Stopping threads took: 0.0045400 seconds
280.457: Application time: 0.0005240 seconds
280.458: [GC280.458: [ParNew: 5916K->600K(6144K), 0.0015770 secs] 13340K->13328K(21888K), 0.0016170 secs] [Times: user=0.01 sys=0.01, real=0.01 secs] 
280.459: Total time for which application threads were stopped: 0.0019650 seconds, Stopping threads took: 0.0002960 seconds
280.537: Application time: 0.0777270 seconds
280.560: [CMS-concurrent-abortable-preclean: 0.000/0.182 secs] [Times: user=1.28 sys=0.02, real=0.19 secs] 
280.579: [GC280.579: [ParNew: 5987K->5987K(6144K), 0.0000120 secs]280.579: [CMS (concurrent mode failure): 12727K->2916K(15744K), 0.0061050 secs] 18715K->2916K(21888K), [CMS Perm : 5141K->5141K(21248K)], 0.0061630 secs] [Times: user=0.01 sys=0.00, real=0.01 secs] 
280.585: Total time for which application threads were stopped: 0.0478030 seconds, Stopping threads took: 0.0415570 seconds
280.586: Application time: 0.0011180 seconds
280.626: [GC280.626: [ParNew: 5368K->630K(6144K), 0.0017270 secs] 8285K->7955K(21888K), 0.0017580 secs] [Times: user=0.00 sys=0.01, real=0.01 secs] 
280.628: Total time for which application threads were stopped: 0.0416720 seconds, Stopping threads took: 0.0398400 seconds
280.628: Application time: 0.0000870 seconds
280.669: [GC [1 CMS-initial-mark: 7325K(15744K)] 9137K(21888K), 0.0001130 secs] [Times: user=0.00 sys=0.00, real=0.00 secs] 
280.669: Total time for which application threads were stopped: 0.0414020 seconds, Stopping threads took: 0.0412490 seconds
280.669: [CMS-concurrent-mark-start]
280.673: [CMS-concurrent-mark: 0.004/0.004 secs] [Times: user=0.02 sys=0.00, real=0.00 secs] 
280.673: [CMS-concurrent-preclean-start]
280.673: [CMS-concurrent-preclean: 0.000/0.000 secs] [Times: user=0.00 sys=0.00, real=0.00 secs] 
280.673: [CMS-concurrent-abortable-preclean-start]
280.752: Application time: 0.0831230 seconds
280.763: [GC280.763: [ParNew: 6018K->402K(6144K), 0.0003750 secs] 13343K->7759K(21888K), 0.0004080 secs] [Times: user=0.00 sys=0.00, real=0.00 secs] 
280.763: Total time for which application threads were stopped: 0.0108450 seconds, Stopping threads took: 0.0103580 seconds
280.764: Application time: 0.0004810 seconds
280.764: [GC280.764: [ParNew: 5886K->600K(6144K), 0.0017980 secs] 13243K->13230K(21888K), 0.0018290 secs] [Times: user=0.01 sys=0.00, real=0.00 secs] 
280.766: Total time for which application threads were stopped: 0.0022840 seconds, Stopping threads took: 0.0004020 seconds
280.845: Application time: 0.0786880 seconds
280.866: [CMS-concurrent-abortable-preclean: 0.000/0.193 secs] [Times: user=1.38 sys=0.01, real=0.19 secs] 
280.885: [GC280.885: [ParNew: 6019K->6019K(6144K), 0.0000140 secs]280.885: [CMS (concurrent mode failure): 12630K->2924K(15744K), 0.0063190 secs] 18650K->2924K(21888K), [CMS Perm : 5141K->5141K(21248K)], 0.0063740 secs] [Times: user=0.00 sys=0.00, real=0.01 secs] 
280.891: Total time for which application threads were stopped: 0.0461860 seconds, Stopping threads took: 0.0397390 seconds
280.892: Application time: 0.0011090 seconds
280.932: [GC280.932: [ParNew: 5431K->628K(6144K), 0.0014400 secs] 8356K->8059K(21888K), 0.0014700 secs] [Times: user=0.01 sys=0.00, real=0.00 secs] 
280.933: Total time for which application threads were stopped: 0.0413620 seconds, Stopping threads took: 0.0398150 seconds
280.934: Application time: 0.0001250 seconds
280.934: [GC [1 CMS-initial-mark: 7431K(15744K)] 9144K(21888K), 0.0001030 secs] [Times: user=0.00 sys=0.00, real=0.00 secs] 
280.934: Total time for which application threads were stopped: 0.0004620 seconds, Stopping threads took: 0.0003120 seconds
280.934: [CMS-concurrent-mark-start]
280.941: [CMS-concurrent-mark: 0.007/0.007 secs] [Times: user=0.05 sys=0.00, real=0.01 secs] 
280.941: [CMS-concurrent-preclean-start]
280.941: [CMS-concurrent-preclean: 0.000/0.000 secs] [Times: user=0.00 sys=0.00, real=0.00 secs] 
280.941: [CMS-concurrent-abortable-preclean-start]
281.026: Application time: 0.0920130 seconds
281.087: [GC281.087: [ParNew: 5918K->404K(6144K), 0.0004560 secs] 13349K->7865K(21888K), 0.0004920 secs] [Times: user=0.01 sys=0.00, real=0.01 secs] 
281.088: Total time for which application threads were stopped: 0.0619410 seconds, Stopping threads took: 0.0613940 seconds
281.088: Application time: 0.0004200 seconds
281.089: [GC281.089: [ParNew: 5792K->600K(6144K), 0.0016120 secs] 13253K->13238K(21888K), 0.0016430 secs] [Times: user=0.01 sys=0.00, real=0.00 secs] 
281.090: Total time for which application threads were stopped: 0.0019700 seconds, Stopping threads took: 0.0002780 seconds
281.169: Application time: 0.0783510 seconds
281.190: [CMS-concurrent-abortable-preclean: 0.000/0.250 secs] [Times: user=1.53 sys=0.06, real=0.25 secs] 
281.210: [GC281.210: [ParNew: 5987K->5987K(6144K), 0.0000130 secs]281.210: [CMS (concurrent mode failure): 12638K->1744K(15744K), 0.0058450 secs] 18626K->1744K(21888K), [CMS Perm : 5141K->5141K(21248K)], 0.0058990 secs] [Times: user=0.00 sys=0.00, real=0.00 secs] 
281.216: Total time for which application threads were stopped: 0.0474960 seconds, Stopping threads took: 0.0415350 seconds
281.217: Application time: 0.0007300 seconds
281.217: [GC281.217: [ParNew: 5388K->502K(6144K), 0.0014960 secs] 7132K->7146K(21888K), 0.0015260 secs] [Times: user=0.01 sys=0.00, real=0.00 secs] 
281.219: Total time for which application threads were stopped: 0.0018050 seconds, Stopping threads took: 0.0002240 seconds
281.219: Application time: 0.0000290 seconds
281.219: [GC [1 CMS-initial-mark: 6644K(15744K)] 7537K(21888K), 0.0000790 secs] [Times: user=0.00 sys=0.00, real=0.00 secs] 
281.219: Total time for which application threads were stopped: 0.0002720 seconds, Stopping threads took: 0.0001710 seconds
281.219: [CMS-concurrent-mark-start]
281.223: [CMS-concurrent-mark: 0.004/0.004 secs] [Times: user=0.01 sys=0.00, real=0.01 secs] 
281.223: [CMS-concurrent-preclean-start]
281.223: [CMS-concurrent-preclean: 0.000/0.000 secs] [Times: user=0.00 sys=0.00, real=0.00 secs] 
281.223: [CMS-concurrent-abortable-preclean-start]
281.314: Application time: 0.0953120 seconds
281.367: [GC281.367: [ParNew: 5890K->402K(6144K), 0.0004400 secs] 12534K->7047K(21888K), 0.0004710 secs] [Times: user=0.01 sys=0.00, real=0.00 secs] 
281.367: Total time for which application threads were stopped: 0.0527420 seconds, Stopping threads took: 0.0522170 seconds
281.368: Application time: 0.0005480 seconds
281.368: [GC281.368: [ParNew: 5886K->600K(6144K), 0.0016790 secs] 12531K->12518K(21888K), 0.0017090 secs] [Times: user=0.01 sys=0.00, real=0.00 secs] 
281.370: Total time for which application threads were stopped: 0.0020520 seconds, Stopping threads took: 0.0002930 seconds
281.447: Application time: 0.0771910 seconds
281.470: [CMS-concurrent-abortable-preclean: 0.000/0.247 secs] [Times: user=1.55 sys=0.04, real=0.25 secs] 
281.488: [GC281.488: [ParNew: 5987K->5987K(6144K), 0.0000120 secs]281.488: [CMS (concurrent mode failure): 11918K->2916K(15744K), 0.0058210 secs] 17906K->2916K(21888K), [CMS Perm : 5141K->5141K(21248K)], 0.0058810 secs] [Times: user=0.00 sys=0.00, real=0.00 secs] 
281.494: Total time for which application threads were stopped: 0.0470830 seconds, Stopping threads took: 0.0411070 seconds
281.495: Application time: 0.0011850 seconds
281.546: [GC281.546: [ParNew: 5466K->630K(6144K), 0.0016730 secs] 8382K->7758K(21888K), 0.0017050 secs] [Times: user=0.01 sys=0.00, real=0.01 secs] 
281.548: Total time for which application threads were stopped: 0.0528140 seconds, Stopping threads took: 0.0510370 seconds
281.548: Application time: 0.0000410 seconds
281.548: [GC [1 CMS-initial-mark: 7128K(15744K)] 8148K(21888K), 0.0000900 secs] [Times: user=0.00 sys=0.00, real=0.00 secs] 
281.548: Total time for which application threads were stopped: 0.0001810 seconds, Stopping threads took: 0.0000440 seconds
281.548: [CMS-concurrent-mark-start]
281.555: [CMS-concurrent-mark: 0.007/0.007 secs] [Times: user=0.03 sys=0.00, real=0.00 secs] 
281.555: [CMS-concurrent-preclean-start]
281.555: [CMS-concurrent-preclean: 0.000/0.000 secs] [Times: user=0.00 sys=0.00, real=0.00 secs] 
281.555: [CMS-concurrent-abortable-preclean-start]
281.633: Application time: 0.0850520 seconds
281.641: [GC281.641: [ParNew: 6018K->596K(6144K), 0.0006830 secs] 13146K->8733K(21888K), 0.0007200 secs] [Times: user=0.00 sys=0.00, real=0.00 secs] 
281.642: Total time for which application threads were stopped: 0.0086420 seconds, Stopping threads took: 0.0078400 seconds
281.643: Application time: 0.0008720 seconds
281.699: [GC281.699: [ParNew: 6062K->530K(6144K), 0.0016600 secs] 14200K->12965K(21888K), 0.0016960 secs] [Times: user=0.01 sys=0.00, real=0.01 secs] 
281.701: Total time for which application threads were stopped: 0.0579870 seconds, Stopping threads took: 0.0562130 seconds
281.779: Application time: 0.0784880 seconds
281.780: [GC281.780: [ParNew: 5918K->5918K(6144K), 0.0000140 secs]281.780: [CMS281.780: [CMS-concurrent-abortable-preclean: 0.000/0.225 secs] [Times: user=1.45 sys=0.03, real=0.23 secs] 
 (concurrent mode failure): 12435K->2916K(15744K), 0.0067770 secs] 18353K->2916K(21888K), [CMS Perm : 5141K->5141K(21248K)], 0.0068410 secs] [Times: user=0.00 sys=0.00, real=0.00 secs] 
281.787: Total time for which application threads were stopped: 0.0073430 seconds, Stopping threads took: 0.0004330 seconds
281.788: Application time: 0.0011390 seconds
281.828: [GC281.828: [ParNew: 5485K->602K(6144K), 0.0015480 secs] 8402K->7437K(21888K), 0.0015850 secs] [Times: user=0.01 sys=0.00, real=0.00 secs] 
281.829: Total time for which application threads were stopped: 0.0417060 seconds, Stopping threads took: 0.0400410 seconds
281.830: Application time: 0.0001390 seconds
281.830: [GC [1 CMS-initial-mark: 6835K(15744K)] 8721K(21888K), 0.0001050 secs] [Times: user=0.00 sys=0.00, real=0.00 secs] 
281.830: Total time for which application threads were stopped: 0.0003770 seconds, Stopping threads took: 0.0002470 seconds
281.830: [CMS-concurrent-mark-start]
281.833: [CMS-concurrent-mark: 0.004/0.004 secs] [Times: user=0.02 sys=0.00, real=0.00 secs] 
281.834: [CMS-concurrent-preclean-start]
281.834: [CMS-concurrent-preclean: 0.000/0.000 secs] [Times: user=0.00 sys=0.00, real=0.00 secs] 
281.834: Application time: 0.0037170 seconds
281.907: [GC[YG occupancy: 2571 K (6144 K)]281.907: [Rescan (parallel) , 0.0001730 secs]281.907: [weak refs processing, 0.0000060 secs]281.907: [scrub string table, 0.0000980 secs] [1 CMS-remark: 6835K(15744K)] 9407K(21888K), 0.0003090 secs] [Times: user=0.00 sys=0.00, real=0.00 secs] 
281.907: Total time for which application threads were stopped: 0.0733770 seconds, Stopping threads took: 0.0730360 seconds
281.907: [CMS-concurrent-sweep-start]
281.908: Application time: 0.0005300 seconds
281.908: [GC281.908: [ParNew: 6087K->600K(6144K), 0.0009740 secs] 12923K->10758K(21888K), 0.0010100 secs] [Times: user=0.00 sys=0.00, real=0.00 secs] 
281.909: Total time for which application threads were stopped: 0.0012660 seconds, Stopping threads took: 0.0001900 seconds
281.909: [CMS-concurrent-sweep: 0.001/0.002 secs] [Times: user=0.01 sys=0.00, real=0.01 secs] 
281.909: [CMS-concurrent-reset-start]
281.910: [CMS-concurrent-reset: 0.000/0.000 secs] [Times: user=0.00 sys=0.00, real=0.00 secs] 
281.986: Application time: 0.0767810 seconds
281.990: [GC281.990: [ParNew: 6085K->400K(6144K), 0.0004110 secs] 15071K->9777K(21888K), 0.0004460 secs] [Times: user=0.00 sys=0.00, real=0.00 secs] 
281.991: Total time for which application threads were stopped: 0.0050820 seconds, Stopping threads took: 0.0045650 seconds
281.991: Application time: 0.0001020 seconds
281.991: [GC [1 CMS-initial-mark: 9376K(15744K)] 10766K(21888K), 0.0001010 secs] [Times: user=0.00 sys=0.00, real=0.00 secs] 
281.991: Total time for which application threads were stopped: 0.0002970 seconds, Stopping threads took: 0.0001710 seconds
281.991: [CMS-concurrent-mark-start]
281.992: Application time: 0.0010030 seconds
282.068: [GC282.068: [ParNew: 5867K->434K(6144K), 0.0004540 secs] 15243K->10201K(21888K), 0.0004820 secs] [Times: user=0.00 sys=0.00, real=0.00 secs] 
282.068: Total time for which application threads were stopped: 0.0760740 seconds, Stopping threads took: 0.0755230 seconds
282.069: Application time: 0.0007640 seconds
282.109: [GC282.109: [ParNew: 5879K->638K(6144K), 0.0012060 secs] 15646K->13776K(21888K), 0.0012340 secs] [Times: user=0.01 sys=0.00, real=0.00 secs] 
282.110: Total time for which application threads were stopped: 0.0409960 seconds, Stopping threads took: 0.0397120 seconds
282.115: [CMS-concurrent-mark: 0.007/0.124 secs] [Times: user=0.47 sys=0.07, real=0.12 secs] 
282.115: [CMS-concurrent-preclean-start]
282.115: [CMS-concurrent-preclean: 0.000/0.000 secs] [Times: user=0.00 sys=0.00, real=0.00 secs] 
282.115: [CMS-concurrent-abortable-preclean-start]
282.115: [CMS-concurrent-abortable-preclean: 0.000/0.000 secs] [Times: user=0.00 sys=0.00, real=0.00 secs] 
282.115: Application time: 0.0050320 seconds
282.192: [GC[YG occupancy: 4266 K (6144 K)]282.192: [Rescan (parallel) , 0.0001910 secs]282.192: [weak refs processing, 0.0000070 secs]282.192: [scrub string table, 0.0001290 secs] [1 CMS-remark: 13138K(15744K)] 17404K(21888K), 0.0003700 secs] [Times: user=0.00 sys=0.00, real=0.00 secs] 
282.193: Total time for which application threads were stopped: 0.0776590 seconds, Stopping threads took: 0.0772310 seconds
282.193: [CMS-concurrent-sweep-start]
282.193: Application time: 0.0002920 seconds
282.193: [GC282.193: [ParNew: 6026K->6026K(6144K), 0.0000090 secs]282.193: [CMS282.194: [CMS-concurrent-sweep: 0.000/0.001 secs] [Times: user=0.00 sys=0.00, real=0.00 secs] 
 (concurrent mode failure): 13138K->3112K(15744K), 0.0055510 secs] 19164K->3112K(21888K), [CMS Perm : 5141K->5141K(21248K)], 0.0056000 secs] [Times: user=0.01 sys=0.00, real=0.00 secs] 
282.199: Total time for which application threads were stopped: 0.0058940 seconds, Stopping threads took: 0.0002220 seconds
282.200: Application time: 0.0010360 seconds
282.240: [GC282.240: [ParNew: 5485K->592K(6144K), 0.0014410 secs] 8597K->7918K(21888K), 0.0014750 secs] [Times: user=0.00 sys=0.00, real=0.00 secs] 
282.241: Total time for which application threads were stopped: 0.0415880 seconds, Stopping threads took: 0.0400370 seconds
282.242: Application time: 0.0000920 seconds
282.282: [GC [1 CMS-initial-mark: 7326K(15744K)] 8905K(21888K), 0.0000910 secs] [Times: user=0.00 sys=0.00, real=0.00 secs] 
282.282: Total time for which application threads were stopped: 0.0400460 seconds, Stopping threads took: 0.0399210 seconds
282.282: [CMS-concurrent-mark-start]
282.285: [CMS-concurrent-mark: 0.004/0.004 secs] [Times: user=0.02 sys=0.00, real=0.00 secs] 
282.285: [CMS-concurrent-preclean-start]
282.285: [CMS-concurrent-preclean: 0.000/0.000 secs] [Times: user=0.00 sys=0.00, real=0.00 secs] 
282.285: [CMS-concurrent-abortable-preclean-start]
282.373: Application time: 0.0917610 seconds
282.413: [GC282.413: [ParNew: 6058K->628K(6144K), 0.0006590 secs] 13384K->8149K(21888K), 0.0006930 secs] [Times: user=0.00 sys=0.00, real=0.00 secs] 
282.414: Total time for which application threads were stopped: 0.0403800 seconds, Stopping threads took: 0.0396130 seconds
282.414: Application time: 0.0006230 seconds
282.415: [GC282.415: [ParNew: 6109K->598K(6144K), 0.0018100 secs] 13631K->13619K(21888K), 0.0018450 secs] [Times: user=0.01 sys=0.00, real=0.00 secs] 
282.417: Total time for which application threads were stopped: 0.0022980 seconds, Stopping threads took: 0.0003770 seconds
282.495: Application time: 0.0781810 seconds
282.517: [CMS-concurrent-abortable-preclean: 0.000/0.231 secs] [Times: user=1.46 sys=0.04, real=0.23 secs] 
282.536: [GC282.536: [ParNew: 6063K->6063K(6144K), 0.0000140 secs]282.536: [CMS (concurrent mode failure): 13021K->3307K(15744K), 0.0065540 secs] 19085K->3307K(21888K), [CMS Perm : 5141K->5141K(21248K)], 0.0066120 secs] [Times: user=0.01 sys=0.00, real=0.01 secs] 
282.542: Total time for which application threads were stopped: 0.0475720 seconds, Stopping threads took: 0.0408680 seconds
282.544: Application time: 0.0012640 seconds
282.599: [GC282.599: [ParNew: 5485K->500K(6144K), 0.0013120 secs] 8793K->7529K(21888K), 0.0013430 secs] [Times: user=0.01 sys=0.00, real=0.01 secs] 
282.600: Total time for which application threads were stopped: 0.0564390 seconds, Stopping threads took: 0.0550230 seconds
282.600: Application time: 0.0000560 seconds
282.600: [GC [1 CMS-initial-mark: 7028K(15744K)] 8217K(21888K), 0.0000870 secs] [Times: user=0.00 sys=0.00, real=0.00 secs] 
282.600: Total time for which application threads were stopped: 0.0001530 seconds, Stopping threads took: 0.0000480 seconds
282.600: [CMS-concurrent-mark-start]
282.604: [CMS-concurrent-mark: 0.004/0.004 secs] [Times: user=0.03 sys=0.00, real=0.00 secs] 
282.604: [CMS-concurrent-preclean-start]
282.604: [CMS-concurrent-preclean: 0.000/0.000 secs] [Times: user=0.00 sys=0.00, real=0.00 secs] 
282.604: [CMS-concurrent-abortable-preclean-start]
282.689: Application time: 0.0885190 seconds
282.727: [GC282.727: [ParNew: 5986K->12K(6144K), 0.0003480 secs] 13015K->7041K(21888K), 0.0003800 secs] [Times: user=0.00 sys=0.00, real=0.01 secs] 
282.727: Total time for which application threads were stopped: 0.0386100 seconds, Stopping threads took: 0.0381780 seconds
282.728: Application time: 0.0005510 seconds
282.728: [GC282.728: [ParNew: 5380K->630K(6144K), 0.0014760 secs] 12410K->12353K(21888K), 0.0015080 secs] [Times: user=0.01 sys=0.00, real=0.00 secs] 
282.730: Total time for which application threads were stopped: 0.0018790 seconds, Stopping threads took: 0.0003160 seconds
282.807: Application time: 0.0772870 seconds
282.830: [CMS-concurrent-abortable-preclean: 0.000/0.226 secs] [Times: user=1.43 sys=0.03, real=0.23 secs] 
282.848: [GC282.848: [ParNew: 6017K->6017K(6144K), 0.0000120 secs]282.848: [CMS (concurrent mode failure): 11723K->2331K(15744K), 0.0056290 secs] 17741K->2331K(21888K), [CMS Perm : 5141K->5141K(21248K)], 0.0056910 secs] [Times: user=0.00 sys=0.00, real=0.00 secs] 
282.854: Total time for which application threads were stopped: 0.0469220 seconds, Stopping threads took: 0.0411480 seconds
282.855: Application time: 0.0008650 seconds
282.895: [GC282.895: [ParNew: 5192K->600K(6144K), 0.0016210 secs] 7523K->7242K(21888K), 0.0016500 secs] [Times: user=0.01 sys=0.00, real=0.00 secs] 
282.897: Total time for which application threads were stopped: 0.0416350 seconds, Stopping threads took: 0.0399140 seconds
282.897: Application time: 0.0000410 seconds
282.897: [GC [1 CMS-initial-mark: 6642K(15744K)] 7633K(21888K), 0.0000980 secs] [Times: user=0.00 sys=0.00, real=0.00 secs] 
282.897: Total time for which application threads were stopped: 0.0002530 seconds, Stopping threads took: 0.0001340 seconds
282.897: [CMS-concurrent-mark-start]
282.900: [CMS-concurrent-mark: 0.003/0.003 secs] [Times: user=0.02 sys=0.00, real=0.01 secs] 
282.901: [CMS-concurrent-preclean-start]
282.901: [CMS-concurrent-preclean: 0.000/0.000 secs] [Times: user=0.00 sys=0.00, real=0.00 secs] 
282.901: [CMS-concurrent-abortable-preclean-start]
282.989: Application time: 0.0916400 seconds
283.028: [GC283.028: [ParNew: 5987K->400K(6144K), 0.0004050 secs] 12630K->7434K(21888K), 0.0004410 secs] [Times: user=0.00 sys=0.00, real=0.00 secs] 
283.028: Total time for which application threads were stopped: 0.0398740 seconds, Stopping threads took: 0.0393540 seconds
283.029: Application time: 0.0006110 seconds
283.069: [GC283.069: [ParNew: 5788K->602K(6144K), 0.0014640 secs] 12822K->12130K(21888K), 0.0014950 secs] [Times: user=0.01 sys=0.00, real=0.00 secs] 
283.071: Total time for which application threads were stopped: 0.0415390 seconds, Stopping threads took: 0.0399730 seconds
283.148: Application time: 0.0775800 seconds
283.151: [GC283.151: [ParNew: 6087K->6087K(6144K), 0.0000130 secs]283.151: [CMS283.151: [CMS-concurrent-abortable-preclean: 0.000/0.251 secs] [Times: user=1.49 sys=0.04, real=0.25 secs] 
 (concurrent mode failure): 11528K->3307K(15744K), 0.0061380 secs] 17615K->3307K(21888K), [CMS Perm : 5141K->5141K(21248K)], 0.0062070 secs] [Times: user=0.01 sys=0.00, real=0.00 secs] 
283.157: Total time for which application threads were stopped: 0.0092090 seconds, Stopping threads took: 0.0029310 seconds
283.159: Application time: 0.0012030 seconds
283.210: [GC283.210: [ParNew: 5485K->500K(6144K), 0.0015190 secs] 8793K->7529K(21888K), 0.0015520 secs] [Times: user=0.01 sys=0.01, real=0.00 secs] 
283.211: Total time for which application threads were stopped: 0.0526400 seconds, Stopping threads took: 0.0510130 seconds
283.211: Application time: 0.0001180 seconds
283.251: [GC [1 CMS-initial-mark: 7028K(15744K)] 8422K(21888K), 0.0000970 secs] [Times: user=0.00 sys=0.00, real=0.00 secs] 
283.251: Total time for which application threads were stopped: 0.0401020 seconds, Stopping threads took: 0.0399590 seconds
283.251: [CMS-concurrent-mark-start]
283.254: [CMS-concurrent-mark: 0.003/0.003 secs] [Times: user=0.00 sys=0.00, real=0.00 secs] 
283.254: [CMS-concurrent-preclean-start]
283.255: [CMS-concurrent-preclean: 0.000/0.000 secs] [Times: user=0.00 sys=0.00, real=0.00 secs] 
283.255: [CMS-concurrent-abortable-preclean-start]
283.336: Application time: 0.0846290 seconds
283.349: [GC283.349: [ParNew: 5986K->14K(6144K), 0.0004440 secs] 13015K->7043K(21888K), 0.0004780 secs] [Times: user=0.00 sys=0.00, real=0.00 secs] 
283.350: Total time for which application threads were stopped: 0.0138050 seconds, Stopping threads took: 0.0132620 seconds
283.350: Application time: 0.0003900 seconds
283.351: [GC283.351: [ParNew: 5499K->602K(6144K), 0.0017000 secs] 12529K->12520K(21888K), 0.0017320 secs] [Times: user=0.01 sys=0.00, real=0.00 secs] 
283.353: Total time for which application threads were stopped: 0.0022580 seconds, Stopping threads took: 0.0004530 seconds
283.430: Application time: 0.0778770 seconds
283.433: [GC283.433: [ParNew: 5989K->5989K(6144K), 0.0000130 secs]283.433: [CMS283.433: [CMS-concurrent-abortable-preclean: 0.000/0.178 secs] [Times: user=1.35 sys=0.01, real=0.18 secs] 
 (concurrent mode failure): 11918K->3600K(15744K), 0.0057840 secs] 17908K->3600K(21888K), [CMS Perm : 5141K->5141K(21248K)], 0.0058530 secs] [Times: user=0.00 sys=0.00, real=0.00 secs] 
283.439: Total time for which application threads were stopped: 0.0081850 seconds, Stopping threads took: 0.0022360 seconds
283.440: Application time: 0.0011630 seconds
283.505: [GC283.505: [ParNew: 5485K->600K(6144K), 0.0015120 secs] 9086K->8803K(21888K), 0.0015430 secs] [Times: user=0.01 sys=0.00, real=0.00 secs] 
283.507: Total time for which application threads were stopped: 0.0667420 seconds, Stopping threads took: 0.0651220 seconds
283.507: Application time: 0.0002010 seconds
283.583: [GC [1 CMS-initial-mark: 8203K(15744K)] 9303K(21888K), 0.0000960 secs] [Times: user=0.00 sys=0.00, real=0.00 secs] 
283.583: Total time for which application threads were stopped: 0.0759800 seconds, Stopping threads took: 0.0758550 seconds
283.583: [CMS-concurrent-mark-start]
283.587: [CMS-concurrent-mark: 0.004/0.004 secs] [Times: user=0.02 sys=0.00, real=0.00 secs] 
283.587: [CMS-concurrent-preclean-start]
283.587: [CMS-concurrent-preclean: 0.000/0.000 secs] [Times: user=0.00 sys=0.00, real=0.00 secs] 
283.587: [CMS-concurrent-abortable-preclean-start]
283.587: Application time: 0.0044590 seconds
283.660: [GC283.660: [ParNew: 5968K->624K(6144K), 0.0005160 secs] 14171K->9413K(21888K), 0.0005490 secs] [Times: user=0.00 sys=0.00, real=0.00 secs] 
283.661: Total time for which application threads were stopped: 0.0735220 seconds, Stopping threads took: 0.0729150 seconds
283.661: Application time: 0.0005460 seconds
283.701: [GC283.701: [ParNew: 6010K->600K(6144K), 0.0016740 secs] 14799K->14305K(21888K), 0.0017100 secs] [Times: user=0.01 sys=0.01, real=0.00 secs] 
283.703: Total time for which application threads were stopped: 0.0416500 seconds, Stopping threads took: 0.0398860 seconds
283.781: Application time: 0.0780280 seconds
283.784: [GC283.784: [ParNew: 6085K->6085K(6144K), 0.0000130 secs]283.784: [CMS283.784: [CMS-concurrent-abortable-preclean: 0.000/0.197 secs] [Times: user=1.17 sys=0.06, real=0.20 secs] 
 (concurrent mode failure): 13705K->3698K(15744K), 0.0062410 secs] 19790K->3698K(21888K), [CMS Perm : 5141K->5141K(21248K)], 0.0063100 secs] [Times: user=0.00 sys=0.00, real=0.01 secs] 
283.790: Total time for which application threads were stopped: 0.0091910 seconds, Stopping threads took: 0.0028060 seconds
283.791: Application time: 0.0012840 seconds
283.862: [GC283.862: [ParNew: 5466K->630K(6144K), 0.0015750 secs] 9164K->8245K(21888K), 0.0016100 secs] [Times: user=0.01 sys=0.00, real=0.00 secs] 
283.863: Total time for which application threads were stopped: 0.0717470 seconds, Stopping threads took: 0.0700600 seconds
283.863: Application time: 0.0000580 seconds
283.863: [GC [1 CMS-initial-mark: 7614K(15744K)] 8542K(21888K), 0.0001020 secs] [Times: user=0.00 sys=0.00, real=0.00 secs] 
283.863: Total time for which application threads were stopped: 0.0002370 seconds, Stopping threads took: 0.0001130 seconds
283.863: [CMS-concurrent-mark-start]
283.867: [CMS-concurrent-mark: 0.003/0.003 secs] [Times: user=0.01 sys=0.00, real=0.00 secs] 
283.867: [CMS-concurrent-preclean-start]
283.867: [CMS-concurrent-preclean: 0.000/0.000 secs] [Times: user=0.00 sys=0.00, real=0.00 secs] 
283.867: [CMS-concurrent-abortable-preclean-start]
283.950: Application time: 0.0861490 seconds
283.992: [GC283.992: [ParNew: 6018K->205K(6144K), 0.0005300 secs] 13633K->7853K(21888K), 0.0005640 secs] [Times: user=0.01 sys=0.00, real=0.00 secs] 
283.992: Total time for which application threads were stopped: 0.0428050 seconds, Stopping threads took: 0.0421850 seconds
283.993: Application time: 0.0007120 seconds
283.993: [GC283.993: [ParNew: 5554K->638K(6144K), 0.0014550 secs] 13202K->13093K(21888K), 0.0014870 secs] [Times: user=0.01 sys=0.00, real=0.00 secs] 
283.995: Total time for which application threads were stopped: 0.0018050 seconds, Stopping threads took: 0.0002640 seconds
284.073: Application time: 0.0784660 seconds
284.095: [CMS-concurrent-abortable-preclean: 0.000/0.228 secs] [Times: user=1.43 sys=0.05, real=0.23 secs] 
284.113: [GC284.113: [ParNew: 6006K->6006K(6144K), 0.0000120 secs]284.113: [CMS (concurrent mode failure): 12455K->2331K(15744K), 0.0060930 secs] 18461K->2331K(21888K), [CMS Perm : 5141K->5141K(21248K)], 0.0061450 secs] [Times: user=0.01 sys=0.00, real=0.00 secs] 
284.119: Total time for which application threads were stopped: 0.0460520 seconds, Stopping threads took: 0.0398230 seconds
284.120: Application time: 0.0009840 seconds
284.121: [GC284.121: [ParNew: 5485K->594K(6144K), 0.0014110 secs] 7817K->7823K(21888K), 0.0014400 secs] [Times: user=0.01 sys=0.00, real=0.00 secs] 
284.122: Total time for which application threads were stopped: 0.0017220 seconds, Stopping threads took: 0.0002300 seconds
284.122: Application time: 0.0000470 seconds
284.122: [GC [1 CMS-initial-mark: 7229K(15744K)] 8612K(21888K), 0.0000940 secs] [Times: user=0.00 sys=0.00, real=0.00 secs] 
284.122: Total time for which application threads were stopped: 0.0002640 seconds, Stopping threads took: 0.0001370 seconds
284.122: [CMS-concurrent-mark-start]
284.126: [CMS-concurrent-mark: 0.004/0.004 secs] [Times: user=0.01 sys=0.00, real=0.00 secs] 
284.126: [CMS-concurrent-preclean-start]
284.126: [CMS-concurrent-preclean: 0.000/0.000 secs] [Times: user=0.00 sys=0.00, real=0.00 secs] 
284.126: [CMS-concurrent-abortable-preclean-start]
284.201: Application time: 0.0780550 seconds
284.209: [GC284.209: [ParNew: 6079K->600K(6144K), 0.0010670 secs] 13308K->10566K(21888K), 0.0011060 secs] [Times: user=0.00 sys=0.00, real=0.00 secs] 
284.210: Total time for which application threads were stopped: 0.0094300 seconds, Stopping threads took: 0.0082610 seconds
284.293: Application time: 0.0826400 seconds
284.302: [GC284.302: [ParNew: 5968K->40K(6144K), 0.0004290 secs] 15934K->10006K(21888K), 0.0004610 secs] [Times: user=0.01 sys=0.00, real=0.00 secs] 
284.302: Total time for which application threads were stopped: 0.0095520 seconds, Stopping threads took: 0.0090180 seconds
284.303: Application time: 0.0004220 seconds
284.303: [GC284.303: [ParNew: 5426K->630K(6144K), 0.0016300 secs] 15392K->15381K(21888K), 0.0016620 secs] [Times: user=0.01 sys=0.00, real=0.00 secs] 
284.305: Total time for which application threads were stopped: 0.0020980 seconds, Stopping threads took: 0.0003850 seconds
284.305: [CMS-concurrent-abortable-preclean: 0.000/0.178 secs] [Times: user=1.35 sys=0.01, real=0.18 secs] 
284.305: Application time: 0.0000770 seconds
284.305: [GC[YG occupancy: 1417 K (6144 K)]284.305: [Rescan (parallel) , 0.0001480 secs]284.305: [weak refs processing, 0.0000070 secs]284.305: [scrub string table, 0.0000740 secs] [1 CMS-remark: 14751K(15744K)] 16169K(21888K), 0.0002530 secs] [Times: user=0.00 sys=0.00, real=0.00 secs] 
284.305: Total time for which application threads were stopped: 0.0006560 seconds, Stopping threads took: 0.0003790 seconds
284.306: [CMS-concurrent-sweep-start]
284.306: [CMS-concurrent-sweep: 0.001/0.001 secs] [Times: user=0.00 sys=0.00, real=0.00 secs] 
284.306: [CMS-concurrent-reset-start]
284.306: [CMS-concurrent-reset: 0.000/0.000 secs] [Times: user=0.00 sys=0.00, real=0.00 secs] 
284.383: Application time: 0.0772810 seconds
284.425: [GC284.425: [ParNew: 6017K->6017K(6144K), 0.0000150 secs]284.425: [CMS: 14750K->1354K(15744K), 0.0061560 secs] 20768K->1354K(21888K), [CMS Perm : 5141K->5141K(21248K)], 0.0062250 secs] [Times: user=0.01 sys=0.00, real=0.01 secs] 
284.431: Total time for which application threads were stopped: 0.0484360 seconds, Stopping threads took: 0.0421240 seconds
284.432: Application time: 0.0010900 seconds
284.432: [GC284.432: [ParNew: 5447K->634K(6144K), 0.0014470 secs] 6802K->6717K(21888K), 0.0014750 secs] [Times: user=0.01 sys=0.00, real=0.00 secs] 
284.434: Total time for which application threads were stopped: 0.0016900 seconds, Stopping threads took: 0.0001650 seconds
284.434: Application time: 0.0000540 seconds
284.434: [GC [1 CMS-initial-mark: 6083K(15744K)] 7895K(21888K), 0.0000930 secs] [Times: user=0.00 sys=0.00, real=0.00 secs] 
284.434: Total time for which application threads were stopped: 0.0001930 seconds, Stopping threads took: 0.0000740 seconds
284.434: [CMS-concurrent-mark-start]
284.441: [CMS-concurrent-mark: 0.007/0.007 secs] [Times: user=0.04 sys=0.00, real=0.01 secs] 
284.441: [CMS-concurrent-preclean-start]
284.441: [CMS-concurrent-preclean: 0.000/0.000 secs] [Times: user=0.00 sys=0.00, real=0.00 secs] 
284.441: [CMS-concurrent-abortable-preclean-start]
284.529: Application time: 0.0951390 seconds
284.586: [GC284.586: [ParNew: 6119K->14K(6144K), 0.0005070 secs] 12202K->6130K(21888K), 0.0005440 secs] [Times: user=0.00 sys=0.01, real=0.00 secs] 
284.587: Total time for which application threads were stopped: 0.0574160 seconds, Stopping threads took: 0.0568060 seconds
284.587: Application time: 0.0005100 seconds
284.588: [GC284.588: [ParNew: 5499K->602K(6144K), 0.0015460 secs] 11616K->11602K(21888K), 0.0015760 secs] [Times: user=0.01 sys=0.00, real=0.00 secs] 
284.589: Total time for which application threads were stopped: 0.0019560 seconds, Stopping threads took: 0.0003200 seconds
284.667: Application time: 0.0777150 seconds
284.689: [CMS-concurrent-abortable-preclean: 0.000/0.248 secs] [Times: user=1.53 sys=0.05, real=0.25 secs] 
284.708: [GC284.708: [ParNew: 5989K->5989K(6144K), 0.0000130 secs]284.708: [CMS (concurrent mode failure): 11000K->2527K(15744K), 0.0060440 secs] 16989K->2527K(21888K), [CMS Perm : 5141K->5141K(21248K)], 0.0061030 secs] [Times: user=0.01 sys=0.00, real=0.00 secs] 
284.714: Total time for which application threads were stopped: 0.0471890 seconds, Stopping threads took: 0.0409960 seconds
284.715: Application time: 0.0009900 seconds
284.755: [GC284.755: [ParNew: 5388K->598K(6144K), 0.0018990 secs] 7915K->7631K(21888K), 0.0019290 secs] [Times: user=0.02 sys=0.00, real=0.00 secs] 
284.757: Total time for which application threads were stopped: 0.0418850 seconds, Stopping threads took: 0.0398840 seconds
284.757: Application time: 0.0000790 seconds
284.757: [GC [1 CMS-initial-mark: 7033K(15744K)] 8714K(21888K), 0.0001000 secs] [Times: user=0.00 sys=0.00, real=0.00 secs] 
284.757: Total time for which application threads were stopped: 0.0003470 seconds, Stopping threads took: 0.0002240 seconds
284.757: [CMS-concurrent-mark-start]
284.761: [CMS-concurrent-mark: 0.004/0.004 secs] [Times: user=0.02 sys=0.00, real=0.01 secs] 
284.761: [CMS-concurrent-preclean-start]
284.761: [CMS-concurrent-preclean: 0.000/0.000 secs] [Times: user=0.00 sys=0.00, real=0.00 secs] 
284.761: [CMS-concurrent-abortable-preclean-start]
284.845: Application time: 0.0872270 seconds
284.904: [GC284.904: [ParNew: 6083K->205K(6144K), 0.0005460 secs] 13117K->7241K(21888K), 0.0005790 secs] [Times: user=0.01 sys=0.00, real=0.00 secs] 
284.904: Total time for which application threads were stopped: 0.0595610 seconds, Stopping threads took: 0.0589070 seconds
284.905: Application time: 0.0005190 seconds
284.905: [GC284.905: [ParNew: 5495K->602K(6144K), 0.0016050 secs] 12532K->12521K(21888K), 0.0016380 secs] [Times: user=0.01 sys=0.00, real=0.00 secs] 
284.907: Total time for which application threads were stopped: 0.0021500 seconds, Stopping threads took: 0.0004370 seconds
284.985: Application time: 0.0776200 seconds
284.987: [GC284.987: [ParNew: 6087K->6087K(6144K), 0.0000120 secs]284.987: [CMS284.987: [CMS-concurrent-abortable-preclean: 0.000/0.226 secs] [Times: user=1.49 sys=0.03, real=0.22 secs] 
 (concurrent mode failure): 11919K->3698K(15744K), 0.0055770 secs] 18006K->3698K(21888K), [CMS Perm : 5141K->5141K(21248K)], 0.0056430 secs] [Times: user=0.00 sys=0.00, real=0.01 secs] 
284.993: Total time for which application threads were stopped: 0.0080670 seconds, Stopping threads took: 0.0023330 seconds
284.994: Application time: 0.0012420 seconds
285.057: [GC285.057: [ParNew: 5485K->500K(6144K), 0.0014040 secs] 9184K->8311K(21888K), 0.0014350 secs] [Times: user=0.01 sys=0.00, real=0.00 secs] 
285.059: Total time for which application threads were stopped: 0.0650420 seconds, Stopping threads took: 0.0635310 seconds
285.059: Application time: 0.0000610 seconds
285.099: [GC [1 CMS-initial-mark: 7810K(15744K)] 8412K(21888K), 0.0000940 secs] [Times: user=0.00 sys=0.00, real=0.00 secs] 
285.099: Total time for which application threads were stopped: 0.0398540 seconds, Stopping threads took: 0.0397390 seconds
285.099: [CMS-concurrent-mark-start]
285.103: [CMS-concurrent-mark: 0.004/0.004 secs] [Times: user=0.01 sys=0.00, real=0.01 secs] 
285.103: [CMS-concurrent-preclean-start]
285.103: [CMS-concurrent-preclean: 0.000/0.000 secs] [Times: user=0.00 sys=0.00, real=0.00 secs] 
285.103: [CMS-concurrent-abortable-preclean-start]
285.177: Application time: 0.0786310 seconds
285.185: [GC285.185: [ParNew: 5986K->402K(6144K), 0.0005000 secs] 13796K->8213K(21888K), 0.0005330 secs] [Times: user=0.01 sys=0.00, real=0.00 secs] 
285.185: Total time for which application threads were stopped: 0.0078000 seconds, Stopping threads took: 0.0071850 seconds
285.186: Application time: 0.0005590 seconds
285.186: [GC285.186: [ParNew: 5886K->598K(6144K), 0.0014960 secs] 13697K->13689K(21888K), 0.0015340 secs] [Times: user=0.01 sys=0.00, real=0.01 secs] 
285.188: Total time for which application threads were stopped: 0.0018800 seconds, Stopping threads took: 0.0002950 seconds
285.265: Application time: 0.0777620 seconds
285.288: [CMS-concurrent-abortable-preclean: 0.000/0.185 secs] [Times: user=1.31 sys=0.02, real=0.19 secs] 
285.307: [GC285.307: [ParNew: 5985K->5985K(6144K), 0.0000130 secs]285.307: [CMS (concurrent mode failure): 13091K->2917K(15744K), 0.0059640 secs] 19076K->2917K(21888K), [CMS Perm : 5141K->5141K(21248K)], 0.0060210 secs] [Times: user=0.01 sys=0.00, real=0.01 secs] 
285.313: Total time for which application threads were stopped: 0.0472880 seconds, Stopping threads took: 0.0411930 seconds
285.314: Application time: 0.0011610 seconds
285.366: [GC285.366: [ParNew: 5485K->600K(6144K), 0.0014680 secs] 8403K->7826K(21888K), 0.0015060 secs] [Times: user=0.01 sys=0.00, real=0.01 secs] 
285.367: Total time for which application threads were stopped: 0.0535840 seconds, Stopping threads took: 0.0520040 seconds
285.368: Application time: 0.0000670 seconds
285.368: [GC [1 CMS-initial-mark: 7226K(15744K)] 8616K(21888K), 0.0000860 secs] [Times: user=0.00 sys=0.00, real=0.00 secs] 
285.368: Total time for which application threads were stopped: 0.0002430 seconds, Stopping threads took: 0.0001340 seconds
285.368: [CMS-concurrent-mark-start]
285.371: [CMS-concurrent-mark: 0.004/0.004 secs] [Times: user=0.03 sys=0.00, real=0.00 secs] 
285.371: [CMS-concurrent-preclean-start]
285.372: [CMS-concurrent-preclean: 0.000/0.000 secs] [Times: user=0.00 sys=0.00, real=0.00 secs] 
285.372: [CMS-concurrent-abortable-preclean-start]
285.451: Application time: 0.0832380 seconds
285.492: [GC285.492: [ParNew: 5870K->434K(6144K), 0.0003420 secs] 13097K->7664K(21888K), 0.0003730 secs] [Times: user=0.00 sys=0.00, real=0.00 secs] 
285.493: Total time for which application threads were stopped: 0.0416440 seconds, Stopping threads took: 0.0412160 seconds
285.493: Application time: 0.0006180 seconds
285.494: [GC285.494: [ParNew: 5901K->532K(6144K), 0.0016190 secs] 13130K->13066K(21888K), 0.0016520 secs] [Times: user=0.01 sys=0.00, real=0.00 secs] 
285.495: Total time for which application threads were stopped: 0.0019830 seconds, Stopping threads took: 0.0002780 seconds
285.572: Application time: 0.0772300 seconds
285.596: [CMS-concurrent-abortable-preclean: 0.000/0.224 secs] [Times: user=1.41 sys=0.04, real=0.22 secs] 
285.614: [GC285.614: [ParNew: 6017K->6017K(6144K), 0.0000120 secs]285.614: [CMS (concurrent mode failure): 12533K->2917K(15744K), 0.0054020 secs] 18551K->2917K(21888K), [CMS Perm : 5141K->5141K(21248K)], 0.0054560 secs] [Times: user=0.00 sys=0.00, real=0.00 secs] 
285.619: Total time for which application threads were stopped: 0.0465700 seconds, Stopping threads took: 0.0410500 seconds
285.620: Application time: 0.0011360 seconds
285.672: [GC285.672: [ParNew: 5485K->600K(6144K), 0.0016320 secs] 8403K->7827K(21888K), 0.0016630 secs] [Times: user=0.01 sys=0.00, real=0.00 secs] 
285.674: Total time for which application threads were stopped: 0.0537590 seconds, Stopping threads took: 0.0520210 seconds
285.674: Application time: 0.0000520 seconds
285.674: [GC [1 CMS-initial-mark: 7227K(15744K)] 8321K(21888K), 0.0000950 secs] [Times: user=0.00 sys=0.00, real=0.00 secs] 
285.674: Total time for which application threads were stopped: 0.0002800 seconds, Stopping threads took: 0.0001610 seconds
285.674: [CMS-concurrent-mark-start]
285.678: [CMS-concurrent-mark: 0.003/0.003 secs] [Times: user=0.01 sys=0.00, real=0.00 secs] 
285.678: [CMS-concurrent-preclean-start]
285.678: [CMS-concurrent-preclean: 0.000/0.000 secs] [Times: user=0.00 sys=0.00, real=0.00 secs] 
285.678: [CMS-concurrent-abortable-preclean-start]
285.763: Application time: 0.0884610 seconds
285.803: [GC285.803: [ParNew: 5792K->402K(6144K), 0.0003050 secs] 13019K->7632K(21888K), 0.0003370 secs] [Times: user=0.00 sys=0.00, real=0.00 secs] 
285.803: Total time for which application threads were stopped: 0.0405560 seconds, Stopping threads took: 0.0401440 seconds
285.804: Application time: 0.0006150 seconds
285.804: [GC285.804: [ParNew: 5867K->530K(6144K), 0.0016050 secs] 13096K->13034K(21888K), 0.0016470 secs] [Times: user=0.01 sys=0.00, real=0.00 secs] 
285.806: Total time for which application threads were stopped: 0.0021180 seconds, Stopping threads took: 0.0003920 seconds
285.884: Application time: 0.0777810 seconds
285.886: [GC285.886: [ParNew: 6015K->6015K(6144K), 0.0000130 secs]285.886: [CMS285.886: [CMS-concurrent-abortable-preclean: 0.000/0.208 secs] [Times: user=1.42 sys=0.02, real=0.21 secs] 
 (concurrent mode failure): 12503K->3991K(15744K), 0.0063340 secs] 18519K->3991K(21888K), [CMS Perm : 5141K->5141K(21248K)], 0.0064010 secs] [Times: user=0.00 sys=0.00, real=0.01 secs] 
285.892: Total time for which application threads were stopped: 0.0085860 seconds, Stopping threads took: 0.0021050 seconds
285.894: Application time: 0.0012780 seconds
285.963: [GC285.963: [ParNew: 5368K->628K(6144K), 0.0015280 secs] 9360K->8732K(21888K), 0.0015640 secs] [Times: user=0.02 sys=0.00, real=0.00 secs] 
285.964: Total time for which application threads were stopped: 0.0706570 seconds, Stopping threads took: 0.0690170 seconds
285.964: Application time: 0.0000580 seconds
286.006: [GC [1 CMS-initial-mark: 8103K(15744K)] 9128K(21888K), 0.0001040 secs] [Times: user=0.00 sys=0.00, real=0.00 secs] 
286.007: Total time for which application threads were stopped: 0.0421020 seconds, Stopping threads took: 0.0419530 seconds
286.007: [CMS-concurrent-mark-start]
286.010: [CMS-concurrent-mark: 0.004/0.004 secs] [Times: user=0.01 sys=0.00, real=0.01 secs] 
286.010: [CMS-concurrent-preclean-start]
286.010: [CMS-concurrent-preclean: 0.000/0.000 secs] [Times: user=0.00 sys=0.00, real=0.00 secs] 
286.010: [CMS-concurrent-abortable-preclean-start]
286.011: Application time: 0.0044870 seconds
286.084: [GC286.084: [ParNew: 5801K->630K(6144K), 0.0008580 secs] 13905K->9355K(21888K), 0.0008900 secs] [Times: user=0.00 sys=0.00, real=0.00 secs] 
286.085: Total time for which application threads were stopped: 0.0736470 seconds, Stopping threads took: 0.0727030 seconds
286.085: Application time: 0.0007310 seconds
286.125: [GC286.125: [ParNew: 5998K->532K(6144K), 0.0015950 secs] 14723K->13973K(21888K), 0.0016290 secs] [Times: user=0.01 sys=0.00, real=0.00 secs] 
286.127: Total time for which application threads were stopped: 0.0416320 seconds, Stopping threads took: 0.0399280 seconds
286.205: Application time: 0.0779850 seconds
286.227: [CMS-concurrent-abortable-preclean: 0.001/0.217 secs] [Times: user=1.17 sys=0.09, real=0.21 secs] 
286.246: [GC286.246: [ParNew: 6018K->6018K(6144K), 0.0000120 secs]286.246: [CMS (concurrent mode failure): 13441K->2527K(15744K), 0.0054190 secs] 19459K->2527K(21888K), [CMS Perm : 5141K->5141K(21248K)], 0.0054740 secs] [Times: user=0.01 sys=0.00, real=0.01 secs] 
286.252: Total time for which application threads were stopped: 0.0465460 seconds, Stopping threads took: 0.0409890 seconds
286.253: Application time: 0.0012520 seconds
286.308: [GC286.308: [ParNew: 5447K->636K(6144K), 0.0014890 secs] 7974K->6909K(21888K), 0.0015180 secs] [Times: user=0.01 sys=0.00, real=0.00 secs] 
286.309: Total time for which application threads were stopped: 0.0562910 seconds, Stopping threads took: 0.0547230 seconds
286.309: Application time: 0.0000450 seconds
286.309: [GC [1 CMS-initial-mark: 6272K(15744K)] 7301K(21888K), 0.0000960 secs] [Times: user=0.00 sys=0.00, real=0.00 secs] 
286.309: Total time for which application threads were stopped: 0.0001910 seconds, Stopping threads took: 0.0000490 seconds
286.309: [CMS-concurrent-mark-start]
286.313: [CMS-concurrent-mark: 0.003/0.003 secs] [Times: user=0.02 sys=0.00, real=0.00 secs] 
286.313: [CMS-concurrent-preclean-start]
286.313: [CMS-concurrent-preclean: 0.000/0.000 secs] [Times: user=0.00 sys=0.00, real=0.00 secs] 
286.313: [CMS-concurrent-abortable-preclean-start]
286.399: Application time: 0.0900960 seconds
286.440: [GC286.440: [ParNew: 6024K->12K(6144K), 0.0003040 secs] 12296K->6324K(21888K), 0.0003460 secs] [Times: user=0.00 sys=0.00, real=0.00 secs] 
286.440: Total time for which application threads were stopped: 0.0409860 seconds, Stopping threads took: 0.0405570 seconds
286.441: Application time: 0.0005020 seconds
286.441: [GC286.441: [ParNew: 5497K->602K(6144K), 0.0017610 secs] 11810K->11797K(21888K), 0.0017930 secs] [Times: user=0.01 sys=0.00, real=0.00 secs] 
286.443: Total time for which application threads were stopped: 0.0022670 seconds, Stopping threads took: 0.0004230 seconds
286.521: Application time: 0.0773660 seconds
286.543: [CMS-concurrent-abortable-preclean: 0.000/0.230 secs] [Times: user=1.45 sys=0.04, real=0.23 secs] 
286.562: [GC286.562: [ParNew: 5989K->5989K(6144K), 0.0000130 secs]286.562: [CMS (concurrent mode failure): 11195K->2527K(15744K), 0.0060820 secs] 17185K->2527K(21888K), [CMS Perm : 5141K->5141K(21248K)], 0.0061400 secs] [Times: user=0.00 sys=0.00, real=0.01 secs] 
286.568: Total time for which application threads were stopped: 0.0474820 seconds, Stopping threads took: 0.0412600 seconds
286.569: Application time: 0.0008960 seconds
286.609: [GC286.609: [ParNew: 5290K->502K(6144K), 0.0016400 secs] 7817K->7536K(21888K), 0.0016700 secs] [Times: user=0.01 sys=0.00, real=0.00 secs] 
286.611: Total time for which application threads were stopped: 0.0416930 seconds, Stopping threads took: 0.0399730 seconds
286.611: Application time: 0.0000690 seconds
286.651: [GC [1 CMS-initial-mark: 7034K(15744K)] 8619K(21888K), 0.0000930 secs] [Times: user=0.00 sys=0.00, real=0.00 secs] 
286.651: Total time for which application threads were stopped: 0.0401350 seconds, Stopping threads took: 0.0399990 seconds
286.651: [CMS-concurrent-mark-start]
286.654: [CMS-concurrent-mark: 0.003/0.003 secs] [Times: user=0.01 sys=0.00, real=0.00 secs] 
286.654: [CMS-concurrent-preclean-start]
286.654: [CMS-concurrent-preclean: 0.000/0.000 secs] [Times: user=0.00 sys=0.00, real=0.00 secs] 
286.654: [CMS-concurrent-abortable-preclean-start]
286.737: Application time: 0.0857040 seconds
286.747: [GC286.747: [ParNew: 5987K->598K(6144K), 0.0005440 secs] 13022K->8220K(21888K), 0.0005810 secs] [Times: user=0.00 sys=0.00, real=0.00 secs] 
286.747: Total time for which application threads were stopped: 0.0105890 seconds, Stopping threads took: 0.0099370 seconds
286.748: Application time: 0.0006150 seconds
286.788: [GC286.788: [ParNew: 5984K->600K(6144K), 0.0015970 secs] 13607K->12910K(21888K), 0.0016300 secs] [Times: user=0.01 sys=0.00, real=0.00 secs] 
286.789: Total time for which application threads were stopped: 0.0414780 seconds, Stopping threads took: 0.0397940 seconds
286.868: Application time: 0.0783750 seconds
286.890: [CMS-concurrent-abortable-preclean: 0.000/0.235 secs] [Times: user=1.44 sys=0.03, real=0.24 secs] 
286.908: [GC286.908: [ParNew: 5987K->5987K(6144K), 0.0000130 secs]286.908: [CMS (concurrent mode failure): 12310K->2527K(15744K), 0.0066850 secs] 18298K->2527K(21888K), [CMS Perm : 5141K->5141K(21248K)], 0.0067390 secs] [Times: user=0.00 sys=0.01, real=0.00 secs] 
286.914: Total time for which application threads were stopped: 0.0468460 seconds, Stopping threads took: 0.0400240 seconds
286.915: Application time: 0.0008860 seconds
286.955: [GC286.955: [ParNew: 5388K->600K(6144K), 0.0014310 secs] 7915K->7634K(21888K), 0.0014620 secs] [Times: user=0.00 sys=0.00, real=0.00 secs] 
286.957: Total time for which application threads were stopped: 0.0413920 seconds, Stopping threads took: 0.0398710 seconds
286.957: Application time: 0.0000750 seconds
286.957: [GC [1 CMS-initial-mark: 7034K(15744K)] 8324K(21888K), 0.0001030 secs] [Times: user=0.00 sys=0.00, real=0.00 secs] 
286.957: Total time for which application threads were stopped: 0.0005040 seconds, Stopping threads took: 0.0003560 seconds
286.957: [CMS-concurrent-mark-start]
286.961: [CMS-concurrent-mark: 0.004/0.004 secs] [Times: user=0.02 sys=0.00, real=0.01 secs] 
286.961: [CMS-concurrent-preclean-start]
286.961: [CMS-concurrent-preclean: 0.000/0.000 secs] [Times: user=0.00 sys=0.00, real=0.00 secs] 
286.961: [CMS-concurrent-abortable-preclean-start]
287.045: Application time: 0.0879550 seconds
287.087: [GC287.087: [ParNew: 5987K->598K(6144K), 0.0006620 secs] 13022K->8218K(21888K), 0.0007050 secs] [Times: user=0.00 sys=0.00, real=0.01 secs] 
287.088: Total time for which application threads were stopped: 0.0427010 seconds, Stopping threads took: 0.0419400 seconds
287.089: Application time: 0.0006430 seconds
287.129: [GC287.129: [ParNew: 5984K->600K(6144K), 0.0015540 secs] 13604K->13106K(21888K), 0.0015940 secs] [Times: user=0.01 sys=0.00, real=0.00 secs] 
287.130: Total time for which application threads were stopped: 0.0416760 seconds, Stopping threads took: 0.0400140 seconds
287.208: Application time: 0.0779200 seconds
287.231: [CMS-concurrent-abortable-preclean: 0.000/0.269 secs] [Times: user=1.51 sys=0.05, real=0.27 secs] 
287.250: [GC287.250: [ParNew: 5987K->5987K(6144K), 0.0000140 secs]287.250: [CMS (concurrent mode failure): 12506K->2527K(15744K), 0.0058510 secs] 18493K->2527K(21888K), [CMS Perm : 5141K->5141K(21248K)], 0.0059100 secs] [Times: user=0.00 sys=0.00, real=0.00 secs] 
287.256: Total time for which application threads were stopped: 0.0476310 seconds, Stopping threads took: 0.0416360 seconds
287.257: Application time: 0.0009830 seconds
287.297: [GC287.297: [ParNew: 5386K->600K(6144K), 0.0014310 secs] 7913K->7634K(21888K), 0.0014600 secs] [Times: user=0.01 sys=0.00, real=0.00 secs] 
287.298: Total time for which application threads were stopped: 0.0414410 seconds, Stopping threads took: 0.0399070 seconds
287.298: Application time: 0.0000620 seconds
287.299: [GC [1 CMS-initial-mark: 7034K(15744K)] 8619K(21888K), 0.0000930 secs] [Times: user=0.00 sys=0.00, real=0.00 secs] 
287.299: Total time for which application threads were stopped: 0.0003730 seconds, Stopping threads took: 0.0002370 seconds
287.299: [CMS-concurrent-mark-start]
287.302: [CMS-concurrent-mark: 0.004/0.004 secs] [Times: user=0.01 sys=0.00, real=0.01 secs] 
287.302: [CMS-concurrent-preclean-start]
287.303: [CMS-concurrent-preclean: 0.000/0.000 secs] [Times: user=0.00 sys=0.00, real=0.00 secs] 
287.303: [CMS-concurrent-abortable-preclean-start]
287.391: Application time: 0.0921690 seconds
287.449: [GC287.449: [ParNew: 6085K->207K(6144K), 0.0005730 secs] 13119K->7242K(21888K), 0.0006070 secs] [Times: user=0.00 sys=0.00, real=0.00 secs] 
287.450: Total time for which application threads were stopped: 0.0590070 seconds, Stopping threads took: 0.0583460 seconds
287.450: Application time: 0.0004610 seconds
287.451: [GC287.451: [ParNew: 5497K->602K(6144K), 0.0015850 secs] 12532K->12522K(21888K), 0.0016170 secs] [Times: user=0.01 sys=0.00, real=0.00 secs] 
287.452: Total time for which application threads were stopped: 0.0020490 seconds, Stopping threads took: 0.0003590 seconds
287.530: Application time: 0.0779450 seconds
287.553: [CMS-concurrent-abortable-preclean: 0.000/0.250 secs] [Times: user=1.53 sys=0.05, real=0.25 secs] 
287.574: [GC287.574: [ParNew: 5989K->5989K(6144K), 0.0000130 secs]287.574: [CMS (concurrent mode failure): 11920K->2527K(15744K), 0.0059640 secs] 17909K->2527K(21888K), [CMS Perm : 5141K->5141K(21248K)], 0.0060220 secs] [Times: user=0.00 sys=0.00, real=0.01 secs] 
287.580: Total time for which application threads were stopped: 0.0495800 seconds, Stopping threads took: 0.0434650 seconds
287.581: Application time: 0.0011710 seconds
287.633: [GC287.634: [ParNew: 5466K->630K(6144K), 0.0014510 secs] 7993K->7662K(21888K), 0.0014820 secs] [Times: user=0.01 sys=0.00, real=0.00 secs] 
287.635: Total time for which application threads were stopped: 0.0538570 seconds, Stopping threads took: 0.0523030 seconds
287.635: Application time: 0.0000700 seconds
287.694: [GC [1 CMS-initial-mark: 7032K(15744K)] 8354K(21888K), 0.0001070 secs] [Times: user=0.00 sys=0.00, real=0.00 secs] 
287.694: Total time for which application threads were stopped: 0.0586410 seconds, Stopping threads took: 0.0584850 seconds
287.694: [CMS-concurrent-mark-start]
287.697: [CMS-concurrent-mark: 0.004/0.004 secs] [Times: user=0.02 sys=0.00, real=0.00 secs] 
287.697: [CMS-concurrent-preclean-start]
287.697: [CMS-concurrent-preclean: 0.000/0.000 secs] [Times: user=0.00 sys=0.00, real=0.00 secs] 
287.697: [CMS-concurrent-abortable-preclean-start]
287.781: Application time: 0.0876950 seconds
287.796: [GC287.796: [ParNew: 5998K->42K(6144K), 0.0004700 secs] 13030K->7103K(21888K), 0.0005030 secs] [Times: user=0.00 sys=0.00, real=0.00 secs] 
287.796: Total time for which application threads were stopped: 0.0149060 seconds, Stopping threads took: 0.0143360 seconds
287.797: Application time: 0.0004150 seconds
287.797: [GC287.797: [ParNew: 5528K->630K(6144K), 0.0014650 secs] 12589K->12578K(21888K), 0.0014990 secs] [Times: user=0.02 sys=0.00, real=0.00 secs] 
287.799: Total time for which application threads were stopped: 0.0019710 seconds, Stopping threads took: 0.0004200 seconds
287.877: Application time: 0.0779160 seconds
287.899: [CMS-concurrent-abortable-preclean: 0.000/0.202 secs] [Times: user=1.43 sys=0.01, real=0.20 secs] 
287.923: [GC287.923: [ParNew: 6017K->6017K(6144K), 0.0000120 secs]287.923: [CMS (concurrent mode failure): 11948K->2527K(15744K), 0.0060040 secs] 17966K->2527K(21888K), [CMS Perm : 5141K->5141K(21248K)], 0.0060630 secs] [Times: user=0.00 sys=0.00, real=0.01 secs] 
287.929: Total time for which application threads were stopped: 0.0522600 seconds, Stopping threads took: 0.0461120 seconds
287.930: Application time: 0.0010030 seconds
287.970: [GC287.970: [ParNew: 5386K->600K(6144K), 0.0017640 secs] 7913K->7634K(21888K), 0.0017970 secs] [Times: user=0.01 sys=0.00, real=0.00 secs] 
287.972: Total time for which application threads were stopped: 0.0417040 seconds, Stopping threads took: 0.0398320 seconds
287.972: Application time: 0.0000560 seconds
287.972: [GC [1 CMS-initial-mark: 7034K(15744K)] 8224K(21888K), 0.0000950 secs] [Times: user=0.00 sys=0.00, real=0.00 secs] 
287.972: Total time for which application threads were stopped: 0.0002820 seconds, Stopping threads took: 0.0001380 seconds
287.972: [CMS-concurrent-mark-start]
287.975: [CMS-concurrent-mark: 0.003/0.003 secs] [Times: user=0.01 sys=0.00, real=0.00 secs] 
287.975: [CMS-concurrent-preclean-start]
287.975: [CMS-concurrent-preclean: 0.000/0.000 secs] [Times: user=0.00 sys=0.00, real=0.00 secs] 
287.975: [CMS-concurrent-abortable-preclean-start]
288.060: Application time: 0.0884240 seconds
288.099: [GC288.099: [ParNew: 6066K->628K(6144K), 0.0005260 secs] 13100K->8249K(21888K), 0.0005650 secs] [Times: user=0.00 sys=0.00, real=0.00 secs] 
288.099: Total time for which application threads were stopped: 0.0389850 seconds, Stopping threads took: 0.0383330 seconds
288.100: Application time: 0.0007010 seconds
288.140: [GC288.140: [ParNew: 5996K->532K(6144K), 0.0018270 secs] 13617K->13067K(21888K), 0.0018680 secs] [Times: user=0.01 sys=0.00, real=0.00 secs] 
288.142: Total time for which application threads were stopped: 0.0418510 seconds, Stopping threads took: 0.0398970 seconds
288.220: Application time: 0.0780370 seconds
288.227: [GC288.227: [ParNew: 6017K->6017K(6144K), 0.0000130 secs]288.227: [CMS288.227: [CMS-concurrent-abortable-preclean: 0.000/0.252 secs] [Times: user=1.48 sys=0.04, real=0.25 secs] 
 (concurrent mode failure): 12534K->3602K(15744K), 0.0062880 secs] 18552K->3602K(21888K), [CMS Perm : 5141K->5141K(21248K)], 0.0063570 secs] [Times: user=0.01 sys=0.00, real=0.01 secs] 
288.233: Total time for which application threads were stopped: 0.0132180 seconds, Stopping threads took: 0.0067710 seconds
288.234: Application time: 0.0011610 seconds
288.290: [GC288.290: [ParNew: 5329K->636K(6144K), 0.0014600 secs] 8931K->7619K(21888K), 0.0014920 secs] [Times: user=0.01 sys=0.00, real=0.00 secs] 
288.291: Total time for which application threads were stopped: 0.0569570 seconds, Stopping threads took: 0.0553880 seconds
288.291: Application time: 0.0000660 seconds
288.292: [GC [1 CMS-initial-mark: 6982K(15744K)] 8011K(21888K), 0.0001090 secs] [Times: user=0.00 sys=0.00, real=0.00 secs] 
288.292: Total time for which application threads were stopped: 0.0004470 seconds, Stopping threads took: 0.0002890 seconds
288.292: [CMS-concurrent-mark-start]
288.295: [CMS-concurrent-mark: 0.004/0.004 secs] [Times: user=0.03 sys=0.00, real=0.00 secs] 
288.295: [CMS-concurrent-preclean-start]
288.296: [CMS-concurrent-preclean: 0.000/0.000 secs] [Times: user=0.00 sys=0.00, real=0.00 secs] 
288.296: [CMS-concurrent-abortable-preclean-start]
288.381: Application time: 0.0893570 seconds
288.388: [GC288.388: [ParNew: 6004K->434K(6144K), 0.0005640 secs] 12987K->7848K(21888K), 0.0005990 secs] [Times: user=0.00 sys=0.00, real=0.00 secs] 
288.388: Total time for which application threads were stopped: 0.0070190 seconds, Stopping threads took: 0.0063500 seconds
288.389: Application time: 0.0007200 seconds
288.449: [GC288.449: [ParNew: 5918K->596K(6144K), 0.0011980 secs] 13332K->11556K(21888K), 0.0012330 secs] [Times: user=0.01 sys=0.00, real=0.00 secs] 
288.451: Total time for which application threads were stopped: 0.0617830 seconds, Stopping threads took: 0.0604880 seconds
288.529: Application time: 0.0784450 seconds
288.530: [GC288.530: [ParNew: 6081K->6081K(6144K), 0.0000150 secs]288.530: [CMS288.531: [CMS-concurrent-abortable-preclean: 0.001/0.235 secs] [Times: user=1.48 sys=0.04, real=0.24 secs] 
 (concurrent mode failure): 10960K->2332K(15744K), 0.0059090 secs] 17041K->2332K(21888K), [CMS Perm : 5141K->5141K(21248K)], 0.0059710 secs] [Times: user=0.01 sys=0.00, real=0.00 secs] 
288.536: Total time for which application threads were stopped: 0.0073010 seconds, Stopping threads took: 0.0012360 seconds
288.537: Application time: 0.0009690 seconds
288.578: [GC288.578: [ParNew: 5192K->600K(6144K), 0.0015780 secs] 7525K->7244K(21888K), 0.0016070 secs] [Times: user=0.01 sys=0.00, real=0.00 secs] 
288.579: Total time for which application threads were stopped: 0.0417910 seconds, Stopping threads took: 0.0401130 seconds
288.603: Application time: 0.0242560 seconds
288.692: [GC [1 CMS-initial-mark: 6644K(15744K)] 10776K(21888K), 0.0001330 secs] [Times: user=0.00 sys=0.00, real=0.00 secs] 
288.693: Total time for which application threads were stopped: 0.0890870 seconds, Stopping threads took: 0.0889110 seconds
288.693: [CMS-concurrent-mark-start]
288.693: Application time: 0.0003740 seconds
288.693: [GC288.693: [ParNew: 6085K->598K(6144K), 0.0005940 secs] 12729K->8610K(21888K), 0.0006130 secs] [Times: user=0.00 sys=0.00, real=0.00 secs] 
288.694: Total time for which application threads were stopped: 0.0007580 seconds, Stopping threads took: 0.0000860 seconds
288.694: Application time: 0.0007860 seconds
288.695: [GC288.695: [ParNew: 6083K->596K(6144K), 0.0019800 secs] 14095K->14079K(21888K), 0.0020160 secs] [Times: user=0.01 sys=0.00, real=0.00 secs] 
288.697: Total time for which application threads were stopped: 0.0025250 seconds, Stopping threads took: 0.0004340 seconds
288.700: [CMS-concurrent-mark: 0.004/0.008 secs] [Times: user=0.04 sys=0.01, real=0.01 secs] 
288.700: [CMS-concurrent-preclean-start]
288.701: [CMS-concurrent-preclean: 0.000/0.000 secs] [Times: user=0.00 sys=0.00, real=0.00 secs] 
288.701: Application time: 0.0036350 seconds
288.774: [GC[YG occupancy: 1489 K (6144 K)]288.774: [Rescan (parallel) , 0.0002450 secs]288.774: [weak refs processing, 0.0000060 secs]288.774: [scrub string table, 0.0001170 secs] [1 CMS-remark: 13483K(15744K)] 14972K(21888K), 0.0004140 secs] [Times: user=0.00 sys=0.00, real=0.00 secs] 
288.774: Total time for which application threads were stopped: 0.0736240 seconds, Stopping threads took: 0.0731560 seconds
288.774: [CMS-concurrent-sweep-start]
288.775: Application time: 0.0011260 seconds
288.815: [GC288.815: [ParNew: 5983K->5983K(6144K), 0.0000110 secs]288.815: [CMS288.816: [CMS-concurrent-sweep: 0.001/0.041 secs] [Times: user=0.12 sys=0.01, real=0.04 secs] 
 (concurrent mode failure): 13483K->5555K(15744K), 0.0067070 secs] 19467K->5555K(21888K), [CMS Perm : 5141K->5141K(21248K)], 0.0067660 secs] [Times: user=0.01 sys=0.00, real=0.01 secs] 
288.822: Total time for which application threads were stopped: 0.0467490 seconds, Stopping threads took: 0.0399250 seconds
288.913: Application time: 0.0911020 seconds
288.970: [GC288.970: [ParNew: 5485K->16K(6144K), 0.0005130 secs] 11040K->5571K(21888K), 0.0005450 secs] [Times: user=0.01 sys=0.00, real=0.00 secs] 
288.971: Total time for which application threads were stopped: 0.0572940 seconds, Stopping threads took: 0.0566960 seconds
288.971: Application time: 0.0004180 seconds
288.971: [GC288.971: [ParNew: 5501K->602K(6144K), 0.0017440 secs] 11057K->11056K(21888K), 0.0017760 secs] [Times: user=0.01 sys=0.00, real=0.00 secs] 
288.973: Total time for which application threads were stopped: 0.0020450 seconds, Stopping threads took: 0.0002190 seconds
288.973: Application time: 0.0000440 seconds
288.973: [GC [1 CMS-initial-mark: 10454K(15744K)] 11644K(21888K), 0.0000820 secs] [Times: user=0.00 sys=0.00, real=0.00 secs] 
288.974: Total time for which application threads were stopped: 0.0004460 seconds, Stopping threads took: 0.0003200 seconds
288.974: [CMS-concurrent-mark-start]
288.980: [CMS-concurrent-mark: 0.006/0.006 secs] [Times: user=0.05 sys=0.00, real=0.01 secs] 
288.980: [CMS-concurrent-preclean-start]
288.980: [CMS-concurrent-preclean: 0.000/0.000 secs] [Times: user=0.00 sys=0.00, real=0.00 secs] 
288.980: [CMS-concurrent-abortable-preclean-start]
289.051: Application time: 0.0775450 seconds
289.080: [CMS-concurrent-abortable-preclean: 0.000/0.100 secs] [Times: user=0.62 sys=0.02, real=0.10 secs] 
289.094: [GC289.094: [ParNew: 5989K->5989K(6144K), 0.0000120 secs]289.094: [CMS (concurrent mode failure): 10454K->2528K(15744K), 0.0055010 secs] 16444K->2528K(21888K), [CMS Perm : 5141K->5141K(21248K)], 0.0055580 secs] [Times: user=0.01 sys=0.00, real=0.01 secs] 
289.100: Total time for which application threads were stopped: 0.0487510 seconds, Stopping threads took: 0.0431120 seconds
289.101: Application time: 0.0010400 seconds
289.153: [GC289.153: [ParNew: 5388K->596K(6144K), 0.0018600 secs] 7916K->7630K(21888K), 0.0018980 secs] [Times: user=0.01 sys=0.00, real=0.00 secs] 
289.155: Total time for which application threads were stopped: 0.0541390 seconds, Stopping threads took: 0.0521790 seconds
289.155: Application time: 0.0000970 seconds
289.155: [GC [1 CMS-initial-mark: 7034K(15744K)] 8910K(21888K), 0.0001010 secs] [Times: user=0.00 sys=0.00, real=0.00 secs] 
289.155: Total time for which application threads were stopped: 0.0002300 seconds, Stopping threads took: 0.0001020 seconds
289.155: [CMS-concurrent-mark-start]
289.162: [CMS-concurrent-mark: 0.007/0.007 secs] [Times: user=0.04 sys=0.00, real=0.01 secs] 
289.162: [CMS-concurrent-preclean-start]
289.162: [CMS-concurrent-preclean: 0.000/0.000 secs] [Times: user=0.00 sys=0.00, real=0.00 secs] 
289.162: [CMS-concurrent-abortable-preclean-start]
289.242: Application time: 0.0863820 seconds
289.284: [GC289.284: [ParNew: 6081K->498K(6144K), 0.0006510 secs] 13116K->8315K(21888K), 0.0006890 secs] [Times: user=0.00 sys=0.00, real=0.00 secs] 
289.284: Total time for which application threads were stopped: 0.0427120 seconds, Stopping threads took: 0.0419350 seconds
289.285: Application time: 0.0007560 seconds
289.325: [GC289.325: [ParNew: 5984K->600K(6144K), 0.0015800 secs] 13800K->13497K(21888K), 0.0016100 secs] [Times: user=0.01 sys=0.00, real=0.00 secs] 
289.327: Total time for which application threads were stopped: 0.0414840 seconds, Stopping threads took: 0.0398000 seconds
289.405: Application time: 0.0780420 seconds
289.427: [CMS-concurrent-abortable-preclean: 0.000/0.265 secs] [Times: user=1.46 sys=0.07, real=0.26 secs] 
289.446: [GC289.446: [ParNew: 5792K->5792K(6144K), 0.0000140 secs]289.446: [CMS (concurrent mode failure): 12897K->2528K(15744K), 0.0061790 secs] 18689K->2528K(21888K), [CMS Perm : 5141K->5141K(21248K)], 0.0062330 secs] [Times: user=0.00 sys=0.00, real=0.01 secs] 
289.452: Total time for which application threads were stopped: 0.0473170 seconds, Stopping threads took: 0.0409980 seconds
289.453: Application time: 0.0008260 seconds
289.493: [GC289.493: [ParNew: 5386K->600K(6144K), 0.0015190 secs] 7914K->7634K(21888K), 0.0015500 secs] [Times: user=0.01 sys=0.00, real=0.00 secs] 
289.494: Total time for which application threads were stopped: 0.0416260 seconds, Stopping threads took: 0.0400010 seconds
289.495: Application time: 0.0000450 seconds
289.495: [GC [1 CMS-initial-mark: 7034K(15744K)] 7929K(21888K), 0.0001020 secs] [Times: user=0.00 sys=0.00, real=0.00 secs] 
289.495: Total time for which application threads were stopped: 0.0005020 seconds, Stopping threads took: 0.0003560 seconds
289.495: [CMS-concurrent-mark-start]
289.498: [CMS-concurrent-mark: 0.003/0.003 secs] [Times: user=0.02 sys=0.00, real=0.00 secs] 
289.499: [CMS-concurrent-preclean-start]
289.499: [CMS-concurrent-preclean: 0.000/0.000 secs] [Times: user=0.00 sys=0.00, real=0.00 secs] 
289.499: [CMS-concurrent-abortable-preclean-start]
289.581: Application time: 0.0855790 seconds
289.628: [GC289.628: [ParNew: 6085K->205K(6144K), 0.0004040 secs] 13120K->7240K(21888K), 0.0004410 secs] [Times: user=0.01 sys=0.00, real=0.00 secs] 
289.629: Total time for which application threads were stopped: 0.0482830 seconds, Stopping threads took: 0.0477670 seconds
289.630: Application time: 0.0007120 seconds
289.681: [GC289.681: [ParNew: 5574K->530K(6144K), 0.0014730 secs] 12609K->11472K(21888K), 0.0015060 secs] [Times: user=0.01 sys=0.00, real=0.00 secs] 
289.683: Total time for which application threads were stopped: 0.0531970 seconds, Stopping threads took: 0.0516180 seconds
289.761: Application time: 0.0784160 seconds
289.769: [GC289.769: [ParNew: 5996K->5996K(6144K), 0.0000130 secs]289.769: [CMS289.769: [CMS-concurrent-abortable-preclean: 0.000/0.270 secs] [Times: user=1.56 sys=0.05, real=0.28 secs] 
 (concurrent mode failure): 10941K->2528K(15744K), 0.0059750 secs] 16938K->2528K(21888K), [CMS Perm : 5141K->5141K(21248K)], 0.0060440 secs] [Times: user=0.01 sys=0.00, real=0.00 secs] 
289.775: Total time for which application threads were stopped: 0.0138080 seconds, Stopping threads took: 0.0076720 seconds
289.776: Application time: 0.0011600 seconds
289.829: [GC289.829: [ParNew: 5466K->626K(6144K), 0.0014700 secs] 7994K->6973K(21888K), 0.0015020 secs] [Times: user=0.01 sys=0.00, real=0.00 secs] 
289.831: Total time for which application threads were stopped: 0.0547400 seconds, Stopping threads took: 0.0531740 seconds
289.831: Application time: 0.0000710 seconds
289.831: [GC [1 CMS-initial-mark: 6347K(15744K)] 8448K(21888K), 0.0001020 secs] [Times: user=0.00 sys=0.00, real=0.00 secs] 
289.831: Total time for which application threads were stopped: 0.0002400 seconds, Stopping threads took: 0.0001150 seconds
289.831: [CMS-concurrent-mark-start]
289.835: [CMS-concurrent-mark: 0.004/0.004 secs] [Times: user=0.01 sys=0.00, real=0.00 secs] 
289.835: [CMS-concurrent-preclean-start]
289.835: [CMS-concurrent-preclean: 0.000/0.000 secs] [Times: user=0.00 sys=0.00, real=0.00 secs] 
289.835: [CMS-concurrent-abortable-preclean-start]
289.919: Application time: 0.0879370 seconds
289.960: [GC289.960: [ParNew: 6111K->207K(6144K), 0.0003570 secs] 12459K->6588K(21888K), 0.0003900 secs] [Times: user=0.00 sys=0.00, real=0.00 secs] 
289.961: Total time for which application threads were stopped: 0.0413100 seconds, Stopping threads took: 0.0408450 seconds
289.961: Application time: 0.0004850 seconds
289.961: [GC289.961: [ParNew: 5693K->602K(6144K), 0.0017670 secs] 12073K->12063K(21888K), 0.0018000 secs] [Times: user=0.01 sys=0.01, real=0.00 secs] 
289.963: Total time for which application threads were stopped: 0.0022510 seconds, Stopping threads took: 0.0003760 seconds
290.042: Application time: 0.0788940 seconds
290.042: [GC290.042: [ParNew: 6087K->6087K(6144K), 0.0000150 secs]290.042: [CMS290.043: [CMS-concurrent-abortable-preclean: 0.000/0.208 secs] [Times: user=1.41 sys=0.04, real=0.21 secs] 
 (concurrent mode failure): 11461K->3895K(15744K), 0.0069840 secs] 17548K->3895K(21888K), [CMS Perm : 5141K->5141K(21248K)], 0.0070520 secs] [Times: user=0.00 sys=0.00, real=0.01 secs] 
290.050: Total time for which application threads were stopped: 0.0073700 seconds, Stopping threads took: 0.0002480 seconds
290.051: Application time: 0.0013140 seconds
290.122: [GC290.122: [ParNew: 5466K->528K(6144K), 0.0011150 secs] 9361K->7362K(21888K), 0.0011520 secs] [Times: user=0.01 sys=0.00, real=0.00 secs] 
290.123: Total time for which application threads were stopped: 0.0721590 seconds, Stopping threads took: 0.0709200 seconds
290.123: Application time: 0.0000830 seconds
290.123: [GC [1 CMS-initial-mark: 6833K(15744K)] 7960K(21888K), 0.0001060 secs] [Times: user=0.00 sys=0.00, real=0.00 secs] 
290.123: Total time for which application threads were stopped: 0.0002510 seconds, Stopping threads took: 0.0001190 seconds
290.123: [CMS-concurrent-mark-start]
290.130: [CMS-concurrent-mark: 0.006/0.006 secs] [Times: user=0.04 sys=0.00, real=0.01 secs] 
290.130: [CMS-concurrent-preclean-start]
290.130: [CMS-concurrent-preclean: 0.000/0.000 secs] [Times: user=0.00 sys=0.00, real=0.00 secs] 
290.130: [CMS-concurrent-abortable-preclean-start]
290.208: Application time: 0.0847720 seconds
290.218: [GC290.218: [ParNew: 5916K->400K(6144K), 0.0004530 secs] 12750K->7271K(21888K), 0.0004880 secs] [Times: user=0.01 sys=0.00, real=0.00 secs] 
290.219: Total time for which application threads were stopped: 0.0107420 seconds, Stopping threads took: 0.0101750 seconds
290.219: Application time: 0.0005780 seconds
290.220: [GC290.220: [ParNew: 5847K->634K(6144K), 0.0019400 secs] 12718K->12607K(21888K), 0.0019750 secs] [Times: user=0.01 sys=0.00, real=0.00 secs] 
290.222: Total time for which application threads were stopped: 0.0022920 seconds, Stopping threads took: 0.0002620 seconds
290.299: Application time: 0.0771910 seconds
290.301: [GC290.301: [ParNew: 6119K->6119K(6144K), 0.0000130 secs]290.301: [CMS290.301: [CMS-concurrent-abortable-preclean: 0.000/0.171 secs] [Times: user=1.33 sys=0.01, real=0.17 secs] 
 (concurrent mode failure): 11973K->3895K(15744K), 0.0058160 secs] 18092K->3895K(21888K), [CMS Perm : 5141K->5141K(21248K)], 0.0058860 secs] [Times: user=0.01 sys=0.00, real=0.00 secs] 
290.307: Total time for which application threads were stopped: 0.0081570 seconds, Stopping threads took: 0.0021740 seconds
290.308: Application time: 0.0012640 seconds
290.348: [GC290.348: [ParNew: 5485K->596K(6144K), 0.0014670 secs] 9381K->8701K(21888K), 0.0014990 secs] [Times: user=0.01 sys=0.00, real=0.00 secs] 
290.350: Total time for which application threads were stopped: 0.0415560 seconds, Stopping threads took: 0.0399870 seconds
290.350: Application time: 0.0001290 seconds
290.414: [GC [1 CMS-initial-mark: 8105K(15744K)] 8907K(21888K), 0.0001070 secs] [Times: user=0.00 sys=0.00, real=0.00 secs] 
290.414: Total time for which application threads were stopped: 0.0637710 seconds, Stopping threads took: 0.0636400 seconds
290.414: [CMS-concurrent-mark-start]
290.415: Application time: 0.0011980 seconds
290.486: [GC290.486: [ParNew: 5964K->628K(6144K), 0.0008830 secs] 14069K->10689K(21888K), 0.0009170 secs] [Times: user=0.00 sys=0.00, real=0.00 secs] 
290.487: Total time for which application threads were stopped: 0.0715890 seconds, Stopping threads took: 0.0705980 seconds
290.490: [CMS-concurrent-mark: 0.004/0.076 secs] [Times: user=0.30 sys=0.05, real=0.08 secs] 
290.490: [CMS-concurrent-preclean-start]
290.490: [CMS-concurrent-preclean: 0.000/0.000 secs] [Times: user=0.00 sys=0.00, real=0.00 secs] 
290.490: [CMS-concurrent-abortable-preclean-start]
290.490: Application time: 0.0037660 seconds
290.565: [GC290.565: [ParNew: 6094K->432K(6144K), 0.0005600 secs] 16155K->10524K(21888K), 0.0005930 secs] [Times: user=0.00 sys=0.00, real=0.00 secs] 
290.566: Total time for which application threads were stopped: 0.0752310 seconds, Stopping threads took: 0.0745690 seconds
290.566: Application time: 0.0004140 seconds
290.566: [GC290.566: [ParNew: 5818K->602K(6144K), 0.0016180 secs] 15910K->15900K(21888K), 0.0016510 secs] [Times: user=0.01 sys=0.00, real=0.01 secs] 
290.568: Total time for which application threads were stopped: 0.0019450 seconds, Stopping threads took: 0.0002420 seconds
290.568: [CMS-concurrent-abortable-preclean: 0.000/0.078 secs] [Times: user=0.57 sys=0.04, real=0.08 secs] 
290.568: Application time: 0.0000780 seconds
290.568: [GC[YG occupancy: 1094 K (6144 K)]290.568: [Rescan (parallel) , 0.0001160 secs]290.568: [weak refs processing, 0.0000060 secs]290.568: [scrub string table, 0.0000780 secs] [1 CMS-remark: 15298K(15744K)] 16393K(21888K), 0.0002240 secs] [Times: user=0.00 sys=0.00, real=0.00 secs] 
290.569: Total time for which application threads were stopped: 0.0005670 seconds, Stopping threads took: 0.0003170 seconds
290.569: [CMS-concurrent-sweep-start]
290.570: [CMS-concurrent-sweep: 0.001/0.001 secs] [Times: user=0.00 sys=0.00, real=0.00 secs] 
290.570: [CMS-concurrent-reset-start]
290.570: [CMS-concurrent-reset: 0.000/0.000 secs] [Times: user=0.00 sys=0.00, real=0.00 secs] 
290.646: Application time: 0.0776490 seconds
290.689: [GC290.689: [ParNew: 5989K->5989K(6144K), 0.0000140 secs]290.689: [CMS: 9902K->2821K(15744K), 0.0057330 secs] 15892K->2821K(21888K), [CMS Perm : 5141K->5141K(21248K)], 0.0058010 secs] [Times: user=0.00 sys=0.00, real=0.00 secs] 
290.694: Total time for which application threads were stopped: 0.0481590 seconds, Stopping threads took: 0.0422940 seconds
290.696: Application time: 0.0011170 seconds
290.736: [GC290.736: [ParNew: 5485K->596K(6144K), 0.0017660 secs] 8307K->8315K(21888K), 0.0017960 secs] [Times: user=0.01 sys=0.00, real=0.00 secs] 
290.738: Total time for which application threads were stopped: 0.0423530 seconds, Stopping threads took: 0.0404840 seconds
290.738: Application time: 0.0000740 seconds
290.738: [GC [1 CMS-initial-mark: 7719K(15744K)] 9104K(21888K), 0.0000940 secs] [Times: user=0.00 sys=0.00, real=0.00 secs] 
290.738: Total time for which application threads were stopped: 0.0003930 seconds, Stopping threads took: 0.0002560 seconds
290.738: [CMS-concurrent-mark-start]
290.742: [CMS-concurrent-mark: 0.004/0.004 secs] [Times: user=0.02 sys=0.00, real=0.01 secs] 
290.742: [CMS-concurrent-preclean-start]
290.742: [CMS-concurrent-preclean: 0.000/0.000 secs] [Times: user=0.00 sys=0.00, real=0.00 secs] 
290.742: [CMS-concurrent-abortable-preclean-start]
290.833: Application time: 0.0945820 seconds
290.884: [GC290.884: [ParNew: 5886K->404K(6144K), 0.0006170 secs] 13605K->8124K(21888K), 0.0006470 secs] [Times: user=0.00 sys=0.00, real=0.00 secs] 
290.885: Total time for which application threads were stopped: 0.0520520 seconds, Stopping threads took: 0.0513240 seconds
290.886: Application time: 0.0006100 seconds
290.886: [GC290.886: [ParNew: 5788K->500K(6144K), 0.0015980 secs] 13508K->13496K(21888K), 0.0016330 secs] [Times: user=0.01 sys=0.01, real=0.01 secs] 
290.888: Total time for which application threads were stopped: 0.0019530 seconds, Stopping threads took: 0.0002680 seconds
290.966: Application time: 0.0789140 seconds
290.988: [CMS-concurrent-abortable-preclean: 0.000/0.246 secs] [Times: user=1.55 sys=0.04, real=0.25 secs] 
291.007: [GC291.007: [ParNew: 5985K->5985K(6144K), 0.0000130 secs]291.007: [CMS (concurrent mode failure): 12995K->2919K(15744K), 0.0060530 secs] 18981K->2919K(21888K), [CMS Perm : 5141K->5141K(21248K)], 0.0061070 secs] [Times: user=0.01 sys=0.00, real=0.01 secs] 
291.013: Total time for which application threads were stopped: 0.0462930 seconds, Stopping threads took: 0.0401030 seconds
291.014: Application time: 0.0010870 seconds
291.054: [GC291.054: [ParNew: 5485K->598K(6144K), 0.0014470 secs] 8404K->8121K(21888K), 0.0014790 secs] [Times: user=0.01 sys=0.00, real=0.00 secs] 
291.055: Total time for which application threads were stopped: 0.0414460 seconds, Stopping threads took: 0.0399010 seconds
291.055: Application time: 0.0000410 seconds
291.055: [GC [1 CMS-initial-mark: 7523K(15744K)] 8711K(21888K), 0.0000980 secs] [Times: user=0.00 sys=0.00, real=0.00 secs] 
291.055: Total time for which application threads were stopped: 0.0001580 seconds, Stopping threads took: 0.0000350 seconds
291.056: [CMS-concurrent-mark-start]
291.059: [CMS-concurrent-mark: 0.004/0.004 secs] [Times: user=0.01 sys=0.00, real=0.00 secs] 
291.059: [CMS-concurrent-preclean-start]
291.059: [CMS-concurrent-preclean: 0.000/0.000 secs] [Times: user=0.00 sys=0.00, real=0.00 secs] 
291.059: [CMS-concurrent-abortable-preclean-start]
291.146: Application time: 0.0904290 seconds
291.202: [GC291.202: [ParNew: 5790K->404K(6144K), 0.0004790 secs] 13314K->7928K(21888K), 0.0005210 secs] [Times: user=0.01 sys=0.00, real=0.00 secs] 
291.203: Total time for which application threads were stopped: 0.0570450 seconds, Stopping threads took: 0.0564590 seconds
291.204: Application time: 0.0005630 seconds
291.204: [GC291.204: [ParNew: 5888K->600K(6144K), 0.0016990 secs] 13412K->13400K(21888K), 0.0017340 secs] [Times: user=0.01 sys=0.00, real=0.00 secs] 
291.206: Total time for which application threads were stopped: 0.0020860 seconds, Stopping threads took: 0.0002990 seconds
291.284: Application time: 0.0779990 seconds
291.306: [CMS-concurrent-abortable-preclean: 0.000/0.247 secs] [Times: user=1.55 sys=0.04, real=0.25 secs] 
291.324: [GC291.324: [ParNew: 5987K->5987K(6144K), 0.0000140 secs]291.324: [CMS (concurrent mode failure): 12800K->2919K(15744K), 0.0066980 secs] 18787K->2919K(21888K), [CMS Perm : 5141K->5141K(21248K)], 0.0067560 secs] [Times: user=0.01 sys=0.00, real=0.01 secs] 
291.331: Total time for which application threads were stopped: 0.0469230 seconds, Stopping threads took: 0.0400990 seconds
291.332: Application time: 0.0012150 seconds
291.372: [GC291.372: [ParNew: 5483K->598K(6144K), 0.0015800 secs] 8402K->7826K(21888K), 0.0016130 secs] [Times: user=0.01 sys=0.00, real=0.00 secs] 
291.374: Total time for which application threads were stopped: 0.0419170 seconds, Stopping threads took: 0.0402260 seconds
291.374: Application time: 0.0000560 seconds
291.414: [GC [1 CMS-initial-mark: 7228K(15744K)] 8221K(21888K), 0.0001090 secs] [Times: user=0.00 sys=0.00, real=0.00 secs] 
291.414: Total time for which application threads were stopped: 0.0402510 seconds, Stopping threads took: 0.0400850 seconds
291.414: [CMS-concurrent-mark-start]
291.417: [CMS-concurrent-mark: 0.003/0.003 secs] [Times: user=0.01 sys=0.00, real=0.00 secs] 
291.417: [CMS-concurrent-preclean-start]
291.417: [CMS-concurrent-preclean: 0.000/0.000 secs] [Times: user=0.00 sys=0.00, real=0.00 secs] 
291.417: [CMS-concurrent-abortable-preclean-start]
291.420: Application time: 0.0061680 seconds
291.492: [GC291.492: [ParNew: 6083K->594K(6144K), 0.0006690 secs] 13312K->8995K(21888K), 0.0007040 secs] [Times: user=0.00 sys=0.01, real=0.00 secs] 
291.493: Total time for which application threads were stopped: 0.0727220 seconds, Stopping threads took: 0.0719400 seconds
291.494: Application time: 0.0008430 seconds
291.546: [GC291.546: [ParNew: 5962K->628K(6144K), 0.0014180 secs] 14363K->13328K(21888K), 0.0014530 secs] [Times: user=0.01 sys=0.00, real=0.00 secs] 
291.547: Total time for which application threads were stopped: 0.0535850 seconds, Stopping threads took: 0.0520760 seconds
291.629: Application time: 0.0811780 seconds
291.633: [GC291.633: [ParNew: 6094K->6094K(6144K), 0.0000120 secs]291.633: [CMS291.633: [CMS-concurrent-abortable-preclean: 0.000/0.216 secs] [Times: user=1.22 sys=0.09, real=0.22 secs] 
 (concurrent mode failure): 12700K->3017K(15744K), 0.0056330 secs] 18794K->3017K(21888K), [CMS Perm : 5141K->5141K(21248K)], 0.0057010 secs] [Times: user=0.01 sys=0.00, real=0.00 secs] 
291.639: Total time for which application threads were stopped: 0.0102790 seconds, Stopping threads took: 0.0044870 seconds
291.640: Application time: 0.0009370 seconds
291.680: [GC291.680: [ParNew: 5485K->598K(6144K), 0.0019490 secs] 8502K->8512K(21888K), 0.0019860 secs] [Times: user=0.01 sys=0.00, real=0.00 secs] 
291.682: Total time for which application threads were stopped: 0.0423130 seconds, Stopping threads took: 0.0402610 seconds
291.682: Application time: 0.0000590 seconds
291.682: [GC [1 CMS-initial-mark: 7914K(15744K)] 9202K(21888K), 0.0000900 secs] [Times: user=0.00 sys=0.00, real=0.00 secs] 
291.682: Total time for which application threads were stopped: 0.0001590 seconds, Stopping threads took: 0.0000460 seconds
291.682: [CMS-concurrent-mark-start]
291.685: [CMS-concurrent-mark: 0.003/0.003 secs] [Times: user=0.02 sys=0.00, real=0.00 secs] 
291.686: [CMS-concurrent-preclean-start]
291.686: [CMS-concurrent-preclean: 0.000/0.000 secs] [Times: user=0.00 sys=0.00, real=0.00 secs] 
291.686: [CMS-concurrent-abortable-preclean-start]
291.777: Application time: 0.0950930 seconds
291.818: [GC291.818: [ParNew: 5771K->432K(6144K), 0.0003490 secs] 13685K->8347K(21888K), 0.0003830 secs] [Times: user=0.00 sys=0.00, real=0.00 secs] 
291.818: Total time for which application threads were stopped: 0.0409560 seconds, Stopping threads took: 0.0405070 seconds
291.819: Application time: 0.0005380 seconds
291.819: [GC291.819: [ParNew: 5916K->600K(6144K), 0.0018360 secs] 13831K->13819K(21888K), 0.0018710 secs] [Times: user=0.01 sys=0.00, real=0.01 secs] 
291.821: Total time for which application threads were stopped: 0.0023620 seconds, Stopping threads took: 0.0004150 seconds
291.899: Application time: 0.0780240 seconds
291.921: [CMS-concurrent-abortable-preclean: 0.000/0.236 secs] [Times: user=1.54 sys=0.03, real=0.24 secs] 
291.940: [GC291.940: [ParNew: 6065K->6065K(6144K), 0.0000130 secs]291.940: [CMS (concurrent mode failure): 13219K->2919K(15744K), 0.0064420 secs] 19285K->2919K(21888K), [CMS Perm : 5141K->5141K(21248K)], 0.0064960 secs] [Times: user=0.00 sys=0.00, real=0.00 secs] 
291.946: Total time for which application threads were stopped: 0.0468760 seconds, Stopping threads took: 0.0402900 seconds
291.947: Application time: 0.0009490 seconds
291.987: [GC291.987: [ParNew: 5485K->596K(6144K), 0.0017910 secs] 8405K->8315K(21888K), 0.0018240 secs] [Times: user=0.01 sys=0.00, real=0.01 secs] 
291.989: Total time for which application threads were stopped: 0.0416560 seconds, Stopping threads took: 0.0397770 seconds
291.989: Application time: 0.0000630 seconds
292.029: [GC [1 CMS-initial-mark: 7719K(15744K)] 8710K(21888K), 0.0001020 secs] [Times: user=0.00 sys=0.00, real=0.00 secs] 
292.029: Total time for which application threads were stopped: 0.0400160 seconds, Stopping threads took: 0.0398920 seconds
292.029: [CMS-concurrent-mark-start]
292.032: [CMS-concurrent-mark: 0.003/0.003 secs] [Times: user=0.02 sys=0.00, real=0.00 secs] 
292.032: [CMS-concurrent-preclean-start]
292.032: [CMS-concurrent-preclean: 0.000/0.000 secs] [Times: user=0.00 sys=0.00, real=0.00 secs] 
292.032: [CMS-concurrent-abortable-preclean-start]
292.117: Application time: 0.0885980 seconds
292.124: [GC292.124: [ParNew: 5788K->496K(6144K), 0.0007070 secs] 13508K->9192K(21888K), 0.0007440 secs] [Times: user=0.00 sys=0.00, real=0.00 secs] 
292.124: Total time for which application threads were stopped: 0.0069720 seconds, Stopping threads took: 0.0061460 seconds
292.125: Application time: 0.0005950 seconds
292.125: [GC292.125: [ParNew: 5882K->600K(6144K), 0.0018850 secs] 14578K->14572K(21888K), 0.0019180 secs] [Times: user=0.01 sys=0.00, real=0.00 secs] 
292.127: Total time for which application threads were stopped: 0.0023480 seconds, Stopping threads took: 0.0003530 seconds
292.207: Application time: 0.0795270 seconds
292.228: [CMS-concurrent-abortable-preclean: 0.000/0.195 secs] [Times: user=1.39 sys=0.02, real=0.20 secs] 
292.246: [GC292.246: [ParNew: 6046K->6046K(6144K), 0.0000140 secs]292.246: [CMS (concurrent mode failure): 13972K->3798K(15744K), 0.0070220 secs] 20018K->3798K(21888K), [CMS Perm : 5141K->5141K(21248K)], 0.0070780 secs] [Times: user=0.01 sys=0.00, real=0.01 secs] 
292.254: Total time for which application threads were stopped: 0.0466950 seconds, Stopping threads took: 0.0395310 seconds
292.255: Application time: 0.0013070 seconds
292.331: [GC292.331: [ParNew: 5485K->498K(6144K), 0.0013740 secs] 9284K->7430K(21888K), 0.0014090 secs] [Times: user=0.01 sys=0.00, real=0.00 secs] 
292.332: Total time for which application threads were stopped: 0.0773320 seconds, Stopping threads took: 0.0758660 seconds
292.332: Application time: 0.0000500 seconds
292.372: [GC [1 CMS-initial-mark: 6932K(15744K)] 7629K(21888K), 0.0001070 secs] [Times: user=0.00 sys=0.00, real=0.00 secs] 
292.372: Total time for which application threads were stopped: 0.0399510 seconds, Stopping threads took: 0.0398200 seconds
292.372: [CMS-concurrent-mark-start]
292.375: [CMS-concurrent-mark: 0.003/0.003 secs] [Times: user=0.00 sys=0.00, real=0.00 secs] 
292.375: [CMS-concurrent-preclean-start]
292.376: [CMS-concurrent-preclean: 0.000/0.000 secs] [Times: user=0.00 sys=0.00, real=0.00 secs] 
292.376: [CMS-concurrent-abortable-preclean-start]
292.386: Application time: 0.0141000 seconds
292.451: [GC292.451: [ParNew: 5964K->432K(6144K), 0.0005530 secs] 12896K->7365K(21888K), 0.0005900 secs] [Times: user=0.00 sys=0.00, real=0.00 secs] 
292.452: Total time for which application threads were stopped: 0.0655470 seconds, Stopping threads took: 0.0648780 seconds
292.452: Application time: 0.0005720 seconds
292.453: [GC292.453: [ParNew: 5899K->532K(6144K), 0.0016830 secs] 12831K->12775K(21888K), 0.0017130 secs] [Times: user=0.01 sys=0.00, real=0.00 secs] 
292.454: Total time for which application threads were stopped: 0.0020520 seconds, Stopping threads took: 0.0002770 seconds
292.532: Application time: 0.0776500 seconds
292.535: [GC292.535: [ParNew: 5920K->5920K(6144K), 0.0000130 secs]292.535: [CMS292.535: [CMS-concurrent-abortable-preclean: 0.000/0.160 secs] [Times: user=1.19 sys=0.03, real=0.16 secs] 
 (concurrent mode failure): 12242K->3896K(15744K), 0.0054950 secs] 18163K->3896K(21888K), [CMS Perm : 5141K->5141K(21248K)], 0.0055610 secs] [Times: user=0.01 sys=0.00, real=0.01 secs] 
292.541: Total time for which application threads were stopped: 0.0084930 seconds, Stopping threads took: 0.0028420 seconds
292.542: Application time: 0.0012060 seconds
292.614: [GC292.614: [ParNew: 5483K->596K(6144K), 0.0011850 secs] 9379K->6842K(21888K), 0.0012150 secs] [Times: user=0.01 sys=0.00, real=0.00 secs] 
292.615: Total time for which application threads were stopped: 0.0730900 seconds, Stopping threads took: 0.0718000 seconds
292.615: Application time: 0.0000790 seconds
292.655: [GC [1 CMS-initial-mark: 6246K(15744K)] 7341K(21888K), 0.0000930 secs] [Times: user=0.00 sys=0.00, real=0.00 secs] 
292.655: Total time for which application threads were stopped: 0.0401290 seconds, Stopping threads took: 0.0400020 seconds
292.655: [CMS-concurrent-mark-start]
292.659: [CMS-concurrent-mark: 0.004/0.004 secs] [Times: user=0.01 sys=0.00, real=0.00 secs] 
292.659: [CMS-concurrent-preclean-start]
292.659: [CMS-concurrent-preclean: 0.000/0.000 secs] [Times: user=0.00 sys=0.00, real=0.00 secs] 
292.659: [CMS-concurrent-abortable-preclean-start]
292.659: Application time: 0.0040190 seconds
292.732: [GC292.732: [ParNew: 5886K->404K(6144K), 0.0003590 secs] 12132K->6651K(21888K), 0.0003890 secs] [Times: user=0.00 sys=0.00, real=0.00 secs] 
292.733: Total time for which application threads were stopped: 0.0736240 seconds, Stopping threads took: 0.0731540 seconds
292.733: Application time: 0.0005150 seconds
292.734: [GC292.734: [ParNew: 5890K->600K(6144K), 0.0016960 secs] 12137K->12128K(21888K), 0.0017280 secs] [Times: user=0.01 sys=0.00, real=0.00 secs] 
292.735: Total time for which application threads were stopped: 0.0021400 seconds, Stopping threads took: 0.0003300 seconds
292.813: Application time: 0.0775630 seconds
292.836: [CMS-concurrent-abortable-preclean: 0.000/0.177 secs] [Times: user=1.13 sys=0.05, real=0.18 secs] 
292.854: [GC292.854: [ParNew: 5987K->5987K(6144K), 0.0000130 secs]292.854: [CMS (concurrent mode failure): 11528K->2919K(15744K), 0.0059950 secs] 17516K->2919K(21888K), [CMS Perm : 5141K->5141K(21248K)], 0.0060530 secs] [Times: user=0.01 sys=0.00, real=0.01 secs] 
292.861: Total time for which application threads were stopped: 0.0475060 seconds, Stopping threads took: 0.0413660 seconds
292.862: Application time: 0.0011620 seconds
292.914: [GC292.914: [ParNew: 5485K->598K(6144K), 0.0014520 secs] 8405K->7827K(21888K), 0.0014910 secs] [Times: user=0.01 sys=0.00, real=0.00 secs] 
292.915: Total time for which application threads were stopped: 0.0536960 seconds, Stopping threads took: 0.0521300 seconds
292.915: Application time: 0.0000610 seconds
292.916: [GC [1 CMS-initial-mark: 7229K(15744K)] 8319K(21888K), 0.0001070 secs] [Times: user=0.00 sys=0.00, real=0.00 secs] 
292.916: Total time for which application threads were stopped: 0.0003250 seconds, Stopping threads took: 0.0001700 seconds
292.916: [CMS-concurrent-mark-start]
292.919: [CMS-concurrent-mark: 0.004/0.004 secs] [Times: user=0.03 sys=0.00, real=0.01 secs] 
292.920: [CMS-concurrent-preclean-start]
292.920: [CMS-concurrent-preclean: 0.000/0.000 secs] [Times: user=0.00 sys=0.00, real=0.00 secs] 
292.920: [CMS-concurrent-abortable-preclean-start]
293.003: Application time: 0.0873870 seconds
293.047: [GC293.047: [ParNew: 5986K->600K(6144K), 0.0003580 secs] 13215K->7829K(21888K), 0.0003900 secs] [Times: user=0.00 sys=0.00, real=0.00 secs] 
293.047: Total time for which application threads were stopped: 0.0439520 seconds, Stopping threads took: 0.0434770 seconds
293.048: Application time: 0.0005640 seconds
293.048: [GC293.048: [ParNew: 6085K->598K(6144K), 0.0018920 secs] 13315K->13300K(21888K), 0.0019270 secs] [Times: user=0.01 sys=0.00, real=0.00 secs] 
293.050: Total time for which application threads were stopped: 0.0023170 seconds, Stopping threads took: 0.0003370 seconds
293.128: Application time: 0.0782400 seconds
