Java HotSpot(TM) 64-Bit Server VM (24.80-b11) for linux-amd64 JRE (1.7.0_80-b15), built on Apr 10 2015 19:53:14 by "java_re" with gcc 4.3.0 20080428 (Red Hat 4.3.0-8)
Memory: 4k page, physical 8000092k(5523432k free), swap 8218620k(8218620k free)
CommandLine flags: -XX:InitialHeapSize=836213760 -XX:MaxHeapSize=836213760 -XX:+PrintGC -XX:+PrintGCApplicationConcurrentTime -XX:+PrintGCApplicationStoppedTime -XX:+PrintGCDetails -XX:+PrintGCTimeStamps -XX:-UseAdaptiveSizePolicy -XX:+UseCMSInitiatingOccupancyOnly -XX:+UseCompressedOops -XX:+UseParallelGC 
1.008: Application time: 0.9853280 seconds
1.008: Total time for which application threads were stopped: 0.0000440 seconds, Stopping threads took: 0.0000100 seconds
4.028: Application time: 3.0200460 seconds
4.028: Total time for which application threads were stopped: 0.0000640 seconds, Stopping threads took: 0.0000090 seconds
14.672: Application time: 10.6440550 seconds
14.672: Total time for which application threads were stopped: 0.0000220 seconds, Stopping threads took: 0.0000070 seconds
14.672: Application time: 0.0000140 seconds
14.672: Total time for which application threads were stopped: 0.0000070 seconds, Stopping threads took: 0.0000020 seconds
14.673: Application time: 0.0014360 seconds
14.673: Total time for which application threads were stopped: 0.0000230 seconds, Stopping threads took: 0.0000170 seconds
14.691: Application time: 0.0175200 seconds
14.691: Total time for which application threads were stopped: 0.0000440 seconds, Stopping threads took: 0.0000110 seconds
14.703: Application time: 0.0121800 seconds
14.703: [GC [PSYoungGen: 20480K->3296K(238592K)] 20480K->3304K(783360K), 0.0022510 secs] [Times: user=0.00 sys=0.01, real=0.00 secs] 
14.705: [Full GC [PSYoungGen: 3296K->0K(238592K)] [ParOldGen: 8K->3145K(544768K)] 3304K->3145K(783360K) [PSPermGen: 5075K->5074K(21504K)], 0.0118060 secs] [Times: user=0.02 sys=0.03, real=0.01 secs] 
14.717: Total time for which application threads were stopped: 0.0141900 seconds, Stopping threads took: 0.0000170 seconds
14.717: Application time: 0.0000370 seconds
14.717: [GC [PSYoungGen: 0K->0K(238592K)] 3145K->3145K(783360K), 0.0003100 secs] [Times: user=0.00 sys=0.00, real=0.00 secs] 
14.718: [Full GC [PSYoungGen: 0K->0K(238592K)] [ParOldGen: 3145K->3145K(544768K)] 3145K->3145K(783360K) [PSPermGen: 5074K->5074K(21504K)], 0.0039840 secs] [Times: user=0.01 sys=0.01, real=0.01 secs] 
14.722: Total time for which application threads were stopped: 0.0043780 seconds, Stopping threads took: 0.0000060 seconds
14.722: Application time: 0.0001030 seconds
14.722: Total time for which application threads were stopped: 0.0000260 seconds, Stopping threads took: 0.0000150 seconds
14.722: Application time: 0.0000340 seconds
14.722: Total time for which application threads were stopped: 0.0000210 seconds, Stopping threads took: 0.0000140 seconds
14.722: Application time: 0.0000290 seconds
14.722: Total time for which application threads were stopped: 0.0000160 seconds, Stopping threads took: 0.0000120 seconds
14.722: Application time: 0.0000100 seconds
14.722: Total time for which application threads were stopped: 0.0000120 seconds, Stopping threads took: 0.0000080 seconds
14.722: Application time: 0.0000100 seconds
14.722: Total time for which application threads were stopped: 0.0000130 seconds, Stopping threads took: 0.0000090 seconds
14.722: Application time: 0.0000100 seconds
14.722: Total time for which application threads were stopped: 0.0000180 seconds, Stopping threads took: 0.0000140 seconds
14.722: Application time: 0.0000090 seconds
14.722: Total time for which application threads were stopped: 0.0000140 seconds, Stopping threads took: 0.0000110 seconds
14.722: Application time: 0.0000200 seconds
14.722: Total time for which application threads were stopped: 0.0000260 seconds, Stopping threads took: 0.0000230 seconds
14.722: Application time: 0.0000090 seconds
14.722: Total time for which application threads were stopped: 0.0000150 seconds, Stopping threads took: 0.0000110 seconds
14.722: Application time: 0.0000090 seconds
14.722: Total time for which application threads were stopped: 0.0000170 seconds, Stopping threads took: 0.0000130 seconds
14.722: Application time: 0.0000090 seconds
14.722: Total time for which application threads were stopped: 0.0000160 seconds, Stopping threads took: 0.0000120 seconds
14.722: Application time: 0.0000090 seconds
14.722: Total time for which application threads were stopped: 0.0000160 seconds, Stopping threads took: 0.0000130 seconds
14.722: Application time: 0.0000080 seconds
14.722: Total time for which application threads were stopped: 0.0000150 seconds, Stopping threads took: 0.0000120 seconds
14.722: Application time: 0.0000080 seconds
14.722: Total time for which application threads were stopped: 0.0000150 seconds, Stopping threads took: 0.0000110 seconds
14.722: Application time: 0.0000090 seconds
14.722: Total time for which application threads were stopped: 0.0000140 seconds, Stopping threads took: 0.0000110 seconds
14.722: Application time: 0.0000120 seconds
14.722: Total time for which application threads were stopped: 0.0000140 seconds, Stopping threads took: 0.0000110 seconds
14.722: Application time: 0.0000120 seconds
14.722: Total time for which application threads were stopped: 0.0000120 seconds, Stopping threads took: 0.0000090 seconds
14.722: Application time: 0.0000120 seconds
14.722: Total time for which application threads were stopped: 0.0000160 seconds, Stopping threads took: 0.0000120 seconds
14.722: Application time: 0.0000110 seconds
14.722: Total time for which application threads were stopped: 0.0000110 seconds, Stopping threads took: 0.0000080 seconds
14.722: Application time: 0.0000110 seconds
14.722: Total time for which application threads were stopped: 0.0000200 seconds, Stopping threads took: 0.0000080 seconds
14.723: Application time: 0.0002420 seconds
14.723: Total time for which application threads were stopped: 0.0000120 seconds, Stopping threads took: 0.0000050 seconds
14.770: Application time: 0.0469810 seconds
14.770: Total time for which application threads were stopped: 0.0000530 seconds, Stopping threads took: 0.0000140 seconds
14.780: Application time: 0.0101290 seconds
14.780: Total time for which application threads were stopped: 0.0000360 seconds, Stopping threads took: 0.0000200 seconds
14.832: Application time: 0.0521880 seconds
14.832: Total time for which application threads were stopped: 0.0000760 seconds, Stopping threads took: 0.0000510 seconds
14.832: Application time: 0.0001550 seconds
14.832: Total time for which application threads were stopped: 0.0000370 seconds, Stopping threads took: 0.0000270 seconds
14.832: Application time: 0.0000460 seconds
14.832: Total time for which application threads were stopped: 0.0000280 seconds, Stopping threads took: 0.0000180 seconds
14.833: Application time: 0.0002070 seconds
14.833: Total time for which application threads were stopped: 0.0000160 seconds, Stopping threads took: 0.0000040 seconds
15.104: Application time: 0.2713590 seconds
15.104: Total time for which application threads were stopped: 0.0000940 seconds, Stopping threads took: 0.0000510 seconds
15.109: Application time: 0.0048990 seconds
15.109: Total time for which application threads were stopped: 0.0000730 seconds, Stopping threads took: 0.0000510 seconds
15.113: Application time: 0.0040120 seconds
15.113: Total time for which application threads were stopped: 0.0000500 seconds, Stopping threads took: 0.0000380 seconds
15.113: Application time: 0.0002720 seconds
15.113: Total time for which application threads were stopped: 0.0000390 seconds, Stopping threads took: 0.0000290 seconds
15.121: Application time: 0.0076970 seconds
15.121: Total time for which application threads were stopped: 0.0000610 seconds, Stopping threads took: 0.0000420 seconds
15.122: Application time: 0.0005560 seconds
15.122: Total time for which application threads were stopped: 0.0000490 seconds, Stopping threads took: 0.0000290 seconds
15.319: Application time: 0.1969290 seconds
15.319: Total time for which application threads were stopped: 0.0001830 seconds, Stopping threads took: 0.0001230 seconds
15.320: Application time: 0.0006710 seconds
15.320: Total time for which application threads were stopped: 0.0000910 seconds, Stopping threads took: 0.0000800 seconds
15.321: Application time: 0.0011840 seconds
15.321: Total time for which application threads were stopped: 0.0000750 seconds, Stopping threads took: 0.0000640 seconds
15.327: Application time: 0.0056150 seconds
15.327: Total time for which application threads were stopped: 0.0000590 seconds, Stopping threads took: 0.0000420 seconds
15.327: Application time: 0.0002880 seconds
15.327: Total time for which application threads were stopped: 0.0000510 seconds, Stopping threads took: 0.0000350 seconds
15.327: Application time: 0.0000130 seconds
15.327: Total time for which application threads were stopped: 0.0000300 seconds, Stopping threads took: 0.0000180 seconds
15.329: Application time: 0.0020470 seconds
15.333: Total time for which application threads were stopped: 0.0040100 seconds, Stopping threads took: 0.0039970 seconds
15.336: Application time: 0.0030610 seconds
15.336: Total time for which application threads were stopped: 0.0000620 seconds, Stopping threads took: 0.0000510 seconds
15.336: Application time: 0.0001950 seconds
15.336: Total time for which application threads were stopped: 0.0000400 seconds, Stopping threads took: 0.0000310 seconds
15.337: Application time: 0.0007370 seconds
15.337: Total time for which application threads were stopped: 0.0000550 seconds, Stopping threads took: 0.0000440 seconds
15.337: Application time: 0.0000090 seconds
15.337: Total time for which application threads were stopped: 0.0000270 seconds, Stopping threads took: 0.0000200 seconds
15.339: Application time: 0.0013890 seconds
15.339: Total time for which application threads were stopped: 0.0000610 seconds, Stopping threads took: 0.0000490 seconds
15.340: Application time: 0.0008010 seconds
15.340: Total time for which application threads were stopped: 0.0000450 seconds, Stopping threads took: 0.0000340 seconds
15.340: Application time: 0.0000110 seconds
15.340: Total time for which application threads were stopped: 0.0000260 seconds, Stopping threads took: 0.0000180 seconds
15.355: Application time: 0.0155010 seconds
15.355: Total time for which application threads were stopped: 0.0000650 seconds, Stopping threads took: 0.0000450 seconds
15.355: Application time: 0.0000380 seconds
15.355: Total time for which application threads were stopped: 0.0000520 seconds, Stopping threads took: 0.0000400 seconds
15.357: Application time: 0.0018280 seconds
15.357: Total time for which application threads were stopped: 0.0000580 seconds, Stopping threads took: 0.0000350 seconds
15.361: Application time: 0.0038750 seconds
15.361: Total time for which application threads were stopped: 0.0000500 seconds, Stopping threads took: 0.0000370 seconds
15.361: Application time: 0.0001640 seconds
15.365: Total time for which application threads were stopped: 0.0038080 seconds, Stopping threads took: 0.0037890 seconds
15.369: Application time: 0.0038170 seconds
15.369: Total time for which application threads were stopped: 0.0000890 seconds, Stopping threads took: 0.0000570 seconds
15.393: Application time: 0.0240780 seconds
15.393: Total time for which application threads were stopped: 0.0000910 seconds, Stopping threads took: 0.0000640 seconds
15.405: Application time: 0.0120040 seconds
15.405: Total time for which application threads were stopped: 0.0001090 seconds, Stopping threads took: 0.0000560 seconds
15.405: Application time: 0.0000390 seconds
15.406: Total time for which application threads were stopped: 0.0001910 seconds, Stopping threads took: 0.0001750 seconds
15.636: Application time: 0.2302690 seconds
15.637: Total time for which application threads were stopped: 0.0013060 seconds, Stopping threads took: 0.0012590 seconds
15.644: Application time: 0.0068270 seconds
15.644: Total time for which application threads were stopped: 0.0001440 seconds, Stopping threads took: 0.0000560 seconds
15.650: Application time: 0.0059790 seconds
15.650: Total time for which application threads were stopped: 0.0000660 seconds, Stopping threads took: 0.0000420 seconds
15.650: Application time: 0.0000170 seconds
15.650: Total time for which application threads were stopped: 0.0000500 seconds, Stopping threads took: 0.0000320 seconds
15.658: Application time: 0.0077460 seconds
15.658: Total time for which application threads were stopped: 0.0000770 seconds, Stopping threads took: 0.0000490 seconds
15.661: Application time: 0.0028750 seconds
15.661: Total time for which application threads were stopped: 0.0000510 seconds, Stopping threads took: 0.0000330 seconds
15.663: Application time: 0.0021060 seconds
15.663: Total time for which application threads were stopped: 0.0000750 seconds, Stopping threads took: 0.0000490 seconds
15.669: Application time: 0.0059560 seconds
15.669: Total time for which application threads were stopped: 0.0000720 seconds, Stopping threads took: 0.0000460 seconds
15.669: Application time: 0.0001060 seconds
15.669: Total time for which application threads were stopped: 0.0000570 seconds, Stopping threads took: 0.0000380 seconds
15.669: Application time: 0.0000780 seconds
15.673: Total time for which application threads were stopped: 0.0036950 seconds, Stopping threads took: 0.0036740 seconds
15.673: Application time: 0.0000400 seconds
15.673: Total time for which application threads were stopped: 0.0000560 seconds, Stopping threads took: 0.0000390 seconds
15.673: Application time: 0.0000610 seconds
15.673: Total time for which application threads were stopped: 0.0000450 seconds, Stopping threads took: 0.0000330 seconds
15.674: Application time: 0.0010970 seconds
15.674: Total time for which application threads were stopped: 0.0000580 seconds, Stopping threads took: 0.0000420 seconds
15.675: Application time: 0.0006210 seconds
15.675: Total time for which application threads were stopped: 0.0000440 seconds, Stopping threads took: 0.0000300 seconds
15.878: Application time: 0.2024020 seconds
15.878: Total time for which application threads were stopped: 0.0001260 seconds, Stopping threads took: 0.0000490 seconds
15.882: Application time: 0.0041130 seconds
15.882: Total time for which application threads were stopped: 0.0000740 seconds, Stopping threads took: 0.0000510 seconds
15.883: Application time: 0.0012480 seconds
15.883: Total time for which application threads were stopped: 0.0000660 seconds, Stopping threads took: 0.0000490 seconds
15.885: Application time: 0.0013800 seconds
15.885: Total time for which application threads were stopped: 0.0000440 seconds, Stopping threads took: 0.0000320 seconds
15.887: Application time: 0.0023690 seconds
15.887: Total time for which application threads were stopped: 0.0000590 seconds, Stopping threads took: 0.0000470 seconds
15.914: Application time: 0.0267690 seconds
15.914: Total time for which application threads were stopped: 0.0001320 seconds, Stopping threads took: 0.0000880 seconds
15.937: Application time: 0.0226640 seconds
15.937: Total time for which application threads were stopped: 0.0000970 seconds, Stopping threads took: 0.0000460 seconds
15.959: Application time: 0.0224350 seconds
15.959: Total time for which application threads were stopped: 0.0000670 seconds, Stopping threads took: 0.0000470 seconds
16.219: Application time: 0.2596700 seconds
16.219: Total time for which application threads were stopped: 0.0001170 seconds, Stopping threads took: 0.0000620 seconds
16.481: Application time: 0.2620620 seconds
16.481: [GC [PSYoungGen: 204800K->33782K(238592K)] 207945K->62240K(783360K), 0.0233310 secs] [Times: user=0.15 sys=0.03, real=0.02 secs] 
16.505: Total time for which application threads were stopped: 0.0235210 seconds, Stopping threads took: 0.0000540 seconds
16.505: Application time: 0.0001260 seconds
16.505: Total time for which application threads were stopped: 0.0000720 seconds, Stopping threads took: 0.0000450 seconds
16.505: Application time: 0.0000220 seconds
16.505: Total time for which application threads were stopped: 0.0000330 seconds, Stopping threads took: 0.0000240 seconds
16.505: Application time: 0.0000170 seconds
16.505: Total time for which application threads were stopped: 0.0000380 seconds, Stopping threads took: 0.0000270 seconds
16.505: Application time: 0.0000140 seconds
16.505: Total time for which application threads were stopped: 0.0000230 seconds, Stopping threads took: 0.0000170 seconds
16.505: Application time: 0.0000130 seconds
16.505: Total time for which application threads were stopped: 0.0000280 seconds, Stopping threads took: 0.0000210 seconds
16.505: Application time: 0.0000130 seconds
16.505: Total time for which application threads were stopped: 0.0000270 seconds, Stopping threads took: 0.0000210 seconds
16.505: Application time: 0.0000260 seconds
16.505: Total time for which application threads were stopped: 0.0000330 seconds, Stopping threads took: 0.0000250 seconds
16.505: Application time: 0.0000170 seconds
16.505: Total time for which application threads were stopped: 0.0000300 seconds, Stopping threads took: 0.0000210 seconds
16.505: Application time: 0.0000130 seconds
16.505: Total time for which application threads were stopped: 0.0000250 seconds, Stopping threads took: 0.0000180 seconds
16.505: Application time: 0.0000120 seconds
16.505: Total time for which application threads were stopped: 0.0000220 seconds, Stopping threads took: 0.0000160 seconds
16.505: Application time: 0.0000120 seconds
16.505: Total time for which application threads were stopped: 0.0000310 seconds, Stopping threads took: 0.0000250 seconds
16.505: Application time: 0.0000110 seconds
16.505: Total time for which application threads were stopped: 0.0000270 seconds, Stopping threads took: 0.0000200 seconds
16.505: Application time: 0.0000110 seconds
16.505: Total time for which application threads were stopped: 0.0000260 seconds, Stopping threads took: 0.0000200 seconds
16.505: Application time: 0.0000110 seconds
16.505: Total time for which application threads were stopped: 0.0000220 seconds, Stopping threads took: 0.0000150 seconds
16.505: Application time: 0.0000120 seconds
16.505: Total time for which application threads were stopped: 0.0000220 seconds, Stopping threads took: 0.0000160 seconds
16.505: Application time: 0.0000110 seconds
16.505: Total time for which application threads were stopped: 0.0000160 seconds, Stopping threads took: 0.0000100 seconds
16.505: Application time: 0.0000100 seconds
16.505: Total time for which application threads were stopped: 0.0000220 seconds, Stopping threads took: 0.0000160 seconds
16.505: Application time: 0.0000110 seconds
16.506: Total time for which application threads were stopped: 0.0000910 seconds, Stopping threads took: 0.0000180 seconds
16.506: Application time: 0.0000120 seconds
16.506: Total time for which application threads were stopped: 0.0000320 seconds, Stopping threads took: 0.0000250 seconds
16.506: Application time: 0.0000130 seconds
16.506: Total time for which application threads were stopped: 0.0000250 seconds, Stopping threads took: 0.0000190 seconds
16.506: Application time: 0.0000120 seconds
16.506: Total time for which application threads were stopped: 0.0000250 seconds, Stopping threads took: 0.0000180 seconds
16.506: Application time: 0.0000110 seconds
16.506: Total time for which application threads were stopped: 0.0000300 seconds, Stopping threads took: 0.0000230 seconds
16.506: Application time: 0.0000120 seconds
16.506: Total time for which application threads were stopped: 0.0000280 seconds, Stopping threads took: 0.0000220 seconds
16.506: Application time: 0.0000200 seconds
16.506: Total time for which application threads were stopped: 0.0000370 seconds, Stopping threads took: 0.0000280 seconds
16.506: Application time: 0.0000150 seconds
16.506: Total time for which application threads were stopped: 0.0000810 seconds, Stopping threads took: 0.0000150 seconds
16.974: Application time: 0.4680590 seconds
16.974: Total time for which application threads were stopped: 0.0001860 seconds, Stopping threads took: 0.0000970 seconds
16.981: Application time: 0.0068900 seconds
16.981: Total time for which application threads were stopped: 0.0001080 seconds, Stopping threads took: 0.0000730 seconds
16.981: Application time: 0.0000550 seconds
16.981: Total time for which application threads were stopped: 0.0000640 seconds, Stopping threads took: 0.0000470 seconds
17.108: Application time: 0.1263230 seconds
17.108: [GC [PSYoungGen: 238582K->33774K(238592K)] 267040K->79277K(783360K), 0.0202370 secs] [Times: user=0.14 sys=0.01, real=0.02 secs] 
17.128: Total time for which application threads were stopped: 0.0204610 seconds, Stopping threads took: 0.0001020 seconds
17.377: Application time: 0.2489430 seconds
17.377: Total time for which application threads were stopped: 0.0001170 seconds, Stopping threads took: 0.0000580 seconds
17.650: Application time: 0.2726150 seconds
17.653: [GC [PSYoungGen: 238574K->33536K(238592K)] 284077K->79645K(783360K), 0.0176670 secs] [Times: user=0.13 sys=0.00, real=0.02 secs] 
17.671: Total time for which application threads were stopped: 0.0211160 seconds, Stopping threads took: 0.0033170 seconds
17.824: Application time: 0.1530050 seconds
17.824: [GC [PSYoungGen: 238336K->33776K(238592K)] 284445K->89882K(783360K), 0.0202980 secs] [Times: user=0.16 sys=0.00, real=0.02 secs] 
17.844: Total time for which application threads were stopped: 0.0204970 seconds, Stopping threads took: 0.0000780 seconds
18.310: Application time: 0.4657720 seconds
18.310: [GC [PSYoungGen: 238576K->33776K(238592K)] 294682K->144692K(783360K), 0.0386720 secs] [Times: user=0.26 sys=0.04, real=0.04 secs] 
18.349: Total time for which application threads were stopped: 0.0389020 seconds, Stopping threads took: 0.0000810 seconds
18.453: Application time: 0.1042780 seconds
18.454: [GC [PSYoungGen: 238576K->33760K(238592K)] 349492K->162412K(783360K), 0.0283480 secs] [Times: user=0.22 sys=0.01, real=0.03 secs] 
18.482: Total time for which application threads were stopped: 0.0285230 seconds, Stopping threads took: 0.0000850 seconds
18.564: Application time: 0.0818800 seconds
18.564: [GC [PSYoungGen: 238560K->33776K(238592K)] 367212K->162764K(783360K), 0.0242610 secs] [Times: user=0.19 sys=0.00, real=0.02 secs] 
18.588: Total time for which application threads were stopped: 0.0244850 seconds, Stopping threads took: 0.0001070 seconds
18.654: Application time: 0.0660150 seconds
18.654: [GC [PSYoungGen: 238576K->33760K(238592K)] 367564K->176959K(783360K), 0.0286930 secs] [Times: user=0.22 sys=0.00, real=0.03 secs] 
18.683: Total time for which application threads were stopped: 0.0288660 seconds, Stopping threads took: 0.0000810 seconds
18.791: Application time: 0.1073790 seconds
18.791: [GC [PSYoungGen: 238560K->33776K(238592K)] 381759K->228907K(783360K), 0.0445330 secs] [Times: user=0.35 sys=0.01, real=0.04 secs] 
18.835: Total time for which application threads were stopped: 0.0447020 seconds, Stopping threads took: 0.0000450 seconds
18.928: Application time: 0.0929920 seconds
18.928: [GC [PSYoungGen: 238576K->33760K(238592K)] 433707K->238443K(783360K), 0.0334990 secs] [Times: user=0.26 sys=0.00, real=0.04 secs] 
18.962: Total time for which application threads were stopped: 0.0336890 seconds, Stopping threads took: 0.0000870 seconds
19.025: Application time: 0.0634190 seconds
19.025: [GC [PSYoungGen: 238560K->33776K(238592K)] 443243K->238795K(783360K), 0.0303910 secs] [Times: user=0.24 sys=0.00, real=0.03 secs] 
19.056: Total time for which application threads were stopped: 0.0305650 seconds, Stopping threads took: 0.0000890 seconds
19.117: Application time: 0.0611840 seconds
19.117: [GC [PSYoungGen: 238576K->33776K(238592K)] 443595K->259845K(783360K), 0.0387260 secs] [Times: user=0.29 sys=0.01, real=0.04 secs] 
19.156: Total time for which application threads were stopped: 0.0388970 seconds, Stopping threads took: 0.0000850 seconds
19.272: Application time: 0.1159830 seconds
19.272: [GC [PSYoungGen: 238576K->33776K(238592K)] 464645K->307466K(783360K), 0.0495900 secs] [Times: user=0.38 sys=0.01, real=0.05 secs] 
19.322: Total time for which application threads were stopped: 0.0497910 seconds, Stopping threads took: 0.0000810 seconds
19.410: Application time: 0.0882230 seconds
19.410: [GC [PSYoungGen: 238576K->33776K(238592K)] 512266K->318450K(783360K), 0.0401640 secs] [Times: user=0.31 sys=0.00, real=0.04 secs] 
19.450: Total time for which application threads were stopped: 0.0403710 seconds, Stopping threads took: 0.0001160 seconds
19.514: Application time: 0.0632460 seconds
19.517: [GC [PSYoungGen: 238576K->33776K(238592K)] 523250K->319170K(783360K), 0.0382960 secs] [Times: user=0.30 sys=0.00, real=0.04 secs] 
19.556: Total time for which application threads were stopped: 0.0418840 seconds, Stopping threads took: 0.0034840 seconds
19.625: Application time: 0.0690960 seconds
19.625: [GC [PSYoungGen: 238576K->33776K(238592K)] 523970K->349567K(783360K), 0.0498410 secs] [Times: user=0.38 sys=0.02, real=0.05 secs] 
19.675: Total time for which application threads were stopped: 0.0500270 seconds, Stopping threads took: 0.0000900 seconds
19.779: Application time: 0.1046540 seconds
19.779: [GC [PSYoungGen: 238576K->33776K(238592K)] 554367K->383209K(783360K), 0.0297870 secs] [Times: user=0.23 sys=0.00, real=0.04 secs] 
19.809: Total time for which application threads were stopped: 0.0299700 seconds, Stopping threads took: 0.0000930 seconds
19.893: Application time: 0.0842280 seconds
19.894: [GC [PSYoungGen: 238576K->33776K(238592K)] 588009K->388253K(783360K), 0.0189390 secs] [Times: user=0.14 sys=0.00, real=0.02 secs] 
19.913: Total time for which application threads were stopped: 0.0191260 seconds, Stopping threads took: 0.0000970 seconds
19.975: Application time: 0.0622450 seconds
19.975: [GC [PSYoungGen: 238576K->33776K(238592K)] 593053K->388389K(783360K), 0.0172100 secs] [Times: user=0.13 sys=0.00, real=0.02 secs] 
19.992: Total time for which application threads were stopped: 0.0173970 seconds, Stopping threads took: 0.0000970 seconds
20.062: Application time: 0.0697310 seconds
20.062: [GC [PSYoungGen: 238576K->33792K(238592K)] 593189K->424991K(783360K), 0.0297320 secs] [Times: user=0.23 sys=0.01, real=0.03 secs] 
20.092: Total time for which application threads were stopped: 0.0299140 seconds, Stopping threads took: 0.0000760 seconds
20.201: Application time: 0.1087060 seconds
20.201: [GC [PSYoungGen: 238592K->33792K(238592K)] 629791K->458392K(783360K), 0.0305720 secs] [Times: user=0.21 sys=0.04, real=0.04 secs] 
20.231: Total time for which application threads were stopped: 0.0307550 seconds, Stopping threads took: 0.0000920 seconds
20.311: Application time: 0.0799450 seconds
20.311: [GC [PSYoungGen: 238592K->33760K(238592K)] 663192K->459776K(783360K), 0.0196240 secs] [Times: user=0.16 sys=0.00, real=0.02 secs] 
20.331: Total time for which application threads were stopped: 0.0198170 seconds, Stopping threads took: 0.0001030 seconds
20.393: Application time: 0.0614960 seconds
20.393: [GC [PSYoungGen: 238560K->33776K(238592K)] 664576K->462384K(783360K), 0.0204460 secs] [Times: user=0.16 sys=0.00, real=0.02 secs] 
20.413: Total time for which application threads were stopped: 0.0206120 seconds, Stopping threads took: 0.0000750 seconds
20.486: Application time: 0.0729850 seconds
20.486: [GC [PSYoungGen: 238576K->33792K(238592K)] 667184K->504434K(783360K), 0.0329950 secs] [Times: user=0.25 sys=0.01, real=0.03 secs] 
20.519: Total time for which application threads were stopped: 0.0331650 seconds, Stopping threads took: 0.0000830 seconds
20.631: Application time: 0.1117060 seconds
20.631: [GC [PSYoungGen: 238592K->33776K(238592K)] 709234K->528167K(783360K), 0.0282490 secs] [Times: user=0.20 sys=0.00, real=0.02 secs] 
20.660: [Full GC [PSYoungGen: 33776K->0K(238592K)] [ParOldGen: 494391K->76998K(544768K)] 528167K->76998K(783360K) [PSPermGen: 8810K->8807K(21504K)], 0.1024870 secs] [Times: user=0.71 sys=0.01, real=0.11 secs] 
20.762: Total time for which application threads were stopped: 0.1310010 seconds, Stopping threads took: 0.0000930 seconds
20.837: Application time: 0.0750440 seconds
20.837: [GC [PSYoungGen: 204800K->1472K(238592K)] 281798K->78470K(783360K), 0.0011510 secs] [Times: user=0.00 sys=0.00, real=0.00 secs] 
20.838: Total time for which application threads were stopped: 0.0013110 seconds, Stopping threads took: 0.0000920 seconds
20.899: Application time: 0.0604570 seconds
20.899: [GC [PSYoungGen: 206272K->7200K(238592K)] 283270K->84198K(783360K), 0.0029150 secs] [Times: user=0.02 sys=0.00, real=0.01 secs] 
20.902: Total time for which application threads were stopped: 0.0030870 seconds, Stopping threads took: 0.0000800 seconds
20.980: Application time: 0.0778350 seconds
20.980: [GC [PSYoungGen: 212000K->33760K(238592K)] 288998K->129375K(783360K), 0.0214040 secs] [Times: user=0.17 sys=0.00, real=0.03 secs] 
21.001: Total time for which application threads were stopped: 0.0215990 seconds, Stopping threads took: 0.0001050 seconds
21.109: Application time: 0.1079560 seconds
21.110: [GC [PSYoungGen: 238560K->33760K(238592K)] 334175K->148930K(783360K), 0.0217720 secs] [Times: user=0.17 sys=0.00, real=0.02 secs] 
21.131: Total time for which application threads were stopped: 0.0219420 seconds, Stopping threads took: 0.0000760 seconds
21.204: Application time: 0.0730960 seconds
21.205: [GC [PSYoungGen: 238560K->33776K(238592K)] 353730K->149291K(783360K), 0.0155730 secs] [Times: user=0.12 sys=0.00, real=0.01 secs] 
21.220: Total time for which application threads were stopped: 0.0157750 seconds, Stopping threads took: 0.0000960 seconds
21.281: Application time: 0.0602760 seconds
21.281: [GC [PSYoungGen: 238576K->33760K(238592K)] 354091K->157946K(783360K), 0.0183490 secs] [Times: user=0.13 sys=0.00, real=0.02 secs] 
21.299: Total time for which application threads were stopped: 0.0185460 seconds, Stopping threads took: 0.0001020 seconds
21.384: Application time: 0.0844800 seconds
21.384: [GC [PSYoungGen: 238560K->33792K(238592K)] 362746K->203548K(783360K), 0.0342750 secs] [Times: user=0.27 sys=0.00, real=0.03 secs] 
21.418: Total time for which application threads were stopped: 0.0344540 seconds, Stopping threads took: 0.0000900 seconds
21.522: Application time: 0.1038290 seconds
21.522: [GC [PSYoungGen: 238592K->33792K(238592K)] 408348K->222505K(783360K), 0.0234850 secs] [Times: user=0.18 sys=0.00, real=0.02 secs] 
21.546: Total time for which application threads were stopped: 0.0236520 seconds, Stopping threads took: 0.0000690 seconds
21.616: Application time: 0.0702730 seconds
21.616: [GC [PSYoungGen: 238592K->33776K(238592K)] 427305K->222925K(783360K), 0.0164160 secs] [Times: user=0.13 sys=0.00, real=0.02 secs] 
21.632: Total time for which application threads were stopped: 0.0166160 seconds, Stopping threads took: 0.0001100 seconds
21.693: Application time: 0.0601940 seconds
21.693: [GC [PSYoungGen: 238576K->33792K(238592K)] 427725K->233496K(783360K), 0.0197170 secs] [Times: user=0.16 sys=0.00, real=0.02 secs] 
21.713: Total time for which application threads were stopped: 0.0199130 seconds, Stopping threads took: 0.0001000 seconds
21.803: Application time: 0.0908260 seconds
21.803: [GC [PSYoungGen: 238592K->33776K(238592K)] 438296K->280833K(783360K), 0.0358490 secs] [Times: user=0.29 sys=0.00, real=0.03 secs] 
21.839: Total time for which application threads were stopped: 0.0360160 seconds, Stopping threads took: 0.0000600 seconds
21.938: Application time: 0.0986570 seconds
21.941: [GC [PSYoungGen: 238576K->33792K(238592K)] 485633K->294891K(783360K), 0.0232870 secs] [Times: user=0.18 sys=0.00, real=0.02 secs] 
21.965: Total time for which application threads were stopped: 0.0264890 seconds, Stopping threads took: 0.0031060 seconds
22.032: Application time: 0.0671890 seconds
22.032: [GC [PSYoungGen: 238592K->33792K(238592K)] 499691K->295891K(783360K), 0.0190420 secs] [Times: user=0.15 sys=0.00, real=0.02 secs] 
22.051: Total time for which application threads were stopped: 0.0192590 seconds, Stopping threads took: 0.0001270 seconds
22.111: Application time: 0.0602680 seconds
22.111: [GC [PSYoungGen: 238592K->33776K(238592K)] 500691K->307567K(783360K), 0.0228270 secs] [Times: user=0.18 sys=0.00, real=0.02 secs] 
22.134: Total time for which application threads were stopped: 0.0230190 seconds, Stopping threads took: 0.0000970 seconds
22.230: Application time: 0.0956020 seconds
22.230: [GC [PSYoungGen: 238576K->33776K(238592K)] 512367K->355673K(783360K), 0.0393850 secs] [Times: user=0.31 sys=0.00, real=0.04 secs] 
22.269: Total time for which application threads were stopped: 0.0395500 seconds, Stopping threads took: 0.0000710 seconds
22.365: Application time: 0.0952400 seconds
22.365: [GC [PSYoungGen: 238576K->33776K(238592K)] 560473K->369915K(783360K), 0.0248410 secs] [Times: user=0.19 sys=0.00, real=0.03 secs] 
22.390: Total time for which application threads were stopped: 0.0250590 seconds, Stopping threads took: 0.0001100 seconds
22.455: Application time: 0.0655550 seconds
22.455: [GC [PSYoungGen: 238576K->31344K(238592K)] 574715K->370483K(783360K), 0.0206420 secs] [Times: user=0.17 sys=0.00, real=0.02 secs] 
22.476: Total time for which application threads were stopped: 0.0208750 seconds, Stopping threads took: 0.0001390 seconds
22.536: Application time: 0.0601390 seconds
22.536: [GC [PSYoungGen: 236144K->33776K(238592K)] 575283K->386025K(783360K), 0.0245060 secs] [Times: user=0.19 sys=0.00, real=0.02 secs] 
22.561: Total time for which application threads were stopped: 0.0247070 seconds, Stopping threads took: 0.0001070 seconds
22.661: Application time: 0.1003250 seconds
22.661: [GC [PSYoungGen: 238576K->33776K(238592K)] 590825K->430740K(783360K), 0.0374930 secs] [Times: user=0.30 sys=0.00, real=0.03 secs] 
22.699: Total time for which application threads were stopped: 0.0376620 seconds, Stopping threads took: 0.0000790 seconds
22.791: Application time: 0.0923800 seconds
22.791: [GC [PSYoungGen: 238576K->33776K(238592K)] 635540K->444734K(783360K), 0.0245400 secs] [Times: user=0.20 sys=0.00, real=0.02 secs] 
22.816: Total time for which application threads were stopped: 0.0247200 seconds, Stopping threads took: 0.0000870 seconds
22.880: Application time: 0.0638310 seconds
22.880: [GC [PSYoungGen: 238576K->33648K(238592K)] 649534K->445131K(783360K), 0.0206620 secs] [Times: user=0.16 sys=0.00, real=0.02 secs] 
22.901: Total time for which application threads were stopped: 0.0208620 seconds, Stopping threads took: 0.0000970 seconds
22.963: Application time: 0.0617220 seconds
22.963: [GC [PSYoungGen: 238448K->33760K(238592K)] 649931K->465428K(783360K), 0.0274090 secs] [Times: user=0.21 sys=0.00, real=0.03 secs] 
22.990: Total time for which application threads were stopped: 0.0275960 seconds, Stopping threads took: 0.0000920 seconds
23.096: Application time: 0.1056620 seconds
23.096: [GC [PSYoungGen: 238560K->33792K(238592K)] 670228K->506236K(783360K), 0.0354700 secs] [Times: user=0.28 sys=0.00, real=0.04 secs] 
23.131: Total time for which application threads were stopped: 0.0356430 seconds, Stopping threads took: 0.0000770 seconds
23.219: Application time: 0.0873240 seconds
23.221: [GC [PSYoungGen: 238592K->33792K(238592K)] 711036K->516268K(783360K), 0.0225880 secs] [Times: user=0.18 sys=0.00, real=0.02 secs] 
23.244: Total time for which application threads were stopped: 0.0250330 seconds, Stopping threads took: 0.0023500 seconds
23.306: Application time: 0.0626870 seconds
23.309: [GC [PSYoungGen: 238592K->33776K(238592K)] 721068K->516476K(783360K), 0.0192430 secs] [Times: user=0.15 sys=0.00, real=0.01 secs] 
23.328: Total time for which application threads were stopped: 0.0219830 seconds, Stopping threads took: 0.0026450 seconds
23.392: Application time: 0.0636380 seconds
23.392: [GC [PSYoungGen: 238576K->33760K(238592K)] 721276K->542714K(783360K), 0.0276120 secs] [Times: user=0.22 sys=0.00, real=0.02 secs] 
23.420: [Full GC [PSYoungGen: 33760K->0K(238592K)] [ParOldGen: 508954K->72907K(544768K)] 542714K->72907K(783360K) [PSPermGen: 8818K->8818K(21504K)], 0.0756740 secs] [Times: user=0.55 sys=0.00, real=0.08 secs] 
23.496: Total time for which application threads were stopped: 0.1035580 seconds, Stopping threads took: 0.0000950 seconds
23.604: Application time: 0.1087240 seconds
23.605: [GC [PSYoungGen: 204800K->33760K(238592K)] 277707K->119300K(783360K), 0.0191330 secs] [Times: user=0.15 sys=0.00, real=0.02 secs] 
23.624: Total time for which application threads were stopped: 0.0193300 seconds, Stopping threads took: 0.0001040 seconds
23.707: Application time: 0.0831690 seconds
23.707: [GC [PSYoungGen: 238560K->33792K(238592K)] 324100K->121132K(783360K), 0.0140130 secs] [Times: user=0.11 sys=0.00, real=0.02 secs] 
23.721: Total time for which application threads were stopped: 0.0142150 seconds, Stopping threads took: 0.0000940 seconds
23.783: Application time: 0.0615600 seconds
23.783: [GC [PSYoungGen: 238592K->33776K(238592K)] 325932K->121260K(783360K), 0.0133770 secs] [Times: user=0.10 sys=0.00, real=0.01 secs] 
23.796: Total time for which application threads were stopped: 0.0135760 seconds, Stopping threads took: 0.0001040 seconds
23.863: Application time: 0.0667890 seconds
23.863: [GC [PSYoungGen: 238576K->33760K(238592K)] 326060K->156428K(783360K), 0.0267040 secs] [Times: user=0.21 sys=0.00, real=0.03 secs] 
23.890: Total time for which application threads were stopped: 0.0268750 seconds, Stopping threads took: 0.0000810 seconds
24.001: Application time: 0.1109880 seconds
24.001: [GC [PSYoungGen: 238560K->33776K(238592K)] 361228K->192318K(783360K), 0.0288300 secs] [Times: user=0.23 sys=0.00, real=0.03 secs] 
24.030: Total time for which application threads were stopped: 0.0290440 seconds, Stopping threads took: 0.0000870 seconds
24.109: Application time: 0.0786390 seconds
24.109: [GC [PSYoungGen: 238576K->33776K(238592K)] 397118K->193414K(783360K), 0.0156200 secs] [Times: user=0.12 sys=0.00, real=0.02 secs] 
24.124: Total time for which application threads were stopped: 0.0157980 seconds, Stopping threads took: 0.0000820 seconds
24.185: Application time: 0.0608190 seconds
24.185: [GC [PSYoungGen: 238576K->33776K(238592K)] 398214K->195458K(783360K), 0.0158260 secs] [Times: user=0.12 sys=0.00, real=0.02 secs] 
24.201: Total time for which application threads were stopped: 0.0160120 seconds, Stopping threads took: 0.0000940 seconds
24.272: Application time: 0.0706860 seconds
24.272: [GC [PSYoungGen: 238576K->33776K(238592K)] 400258K->238769K(783360K), 0.0321020 secs] [Times: user=0.26 sys=0.00, real=0.03 secs] 
24.304: Total time for which application threads were stopped: 0.0322750 seconds, Stopping threads took: 0.0000820 seconds
24.415: Application time: 0.1109300 seconds
24.415: [GC [PSYoungGen: 238576K->33792K(238592K)] 443569K->263381K(783360K), 0.0266210 secs] [Times: user=0.21 sys=0.00, real=0.03 secs] 
24.442: Total time for which application threads were stopped: 0.0267990 seconds, Stopping threads took: 0.0000860 seconds
24.517: Application time: 0.0754770 seconds
24.518: [GC [PSYoungGen: 238592K->33776K(238592K)] 468181K->264149K(783360K), 0.0165480 secs] [Times: user=0.13 sys=0.00, real=0.02 secs] 
24.534: Total time for which application threads were stopped: 0.0167150 seconds, Stopping threads took: 0.0000630 seconds
24.595: Application time: 0.0605620 seconds
24.595: [GC [PSYoungGen: 238576K->33776K(238592K)] 468949K->269828K(783360K), 0.0187600 secs] [Times: user=0.14 sys=0.00, real=0.02 secs] 
24.614: Total time for which application threads were stopped: 0.0189240 seconds, Stopping threads took: 0.0000700 seconds
24.690: Application time: 0.0767740 seconds
24.691: [GC [PSYoungGen: 238576K->33792K(238592K)] 474628K->314961K(783360K), 0.0349790 secs] [Times: user=0.28 sys=0.00, real=0.03 secs] 
24.726: Total time for which application threads were stopped: 0.0351630 seconds, Stopping threads took: 0.0000940 seconds
24.834: Application time: 0.1087010 seconds
24.834: [GC [PSYoungGen: 238592K->33760K(238592K)] 519761K->331944K(783360K), 0.0223480 secs] [Times: user=0.18 sys=0.00, real=0.02 secs] 
24.857: Total time for which application threads were stopped: 0.0225280 seconds, Stopping threads took: 0.0000850 seconds
24.930: Application time: 0.0727590 seconds
24.930: [GC [PSYoungGen: 238560K->33776K(238592K)] 536744K->333096K(783360K), 0.0166580 secs] [Times: user=0.13 sys=0.00, real=0.01 secs] 
24.946: Total time for which application threads were stopped: 0.0168400 seconds, Stopping threads took: 0.0000900 seconds
25.006: Application time: 0.0596430 seconds
25.006: [GC [PSYoungGen: 238576K->33760K(238592K)] 537896K->340267K(783360K), 0.0187880 secs] [Times: user=0.15 sys=0.00, real=0.02 secs] 
25.025: Total time for which application threads were stopped: 0.0189840 seconds, Stopping threads took: 0.0000900 seconds
25.110: Application time: 0.0847950 seconds
25.110: [GC [PSYoungGen: 238560K->33776K(238592K)] 545067K->386157K(783360K), 0.0355550 secs] [Times: user=0.28 sys=0.00, real=0.03 secs] 
25.146: Total time for which application threads were stopped: 0.0357720 seconds, Stopping threads took: 0.0000790 seconds
25.249: Application time: 0.1033090 seconds
25.249: [GC [PSYoungGen: 238576K->33776K(238592K)] 590957K->402785K(783360K), 0.0252850 secs] [Times: user=0.20 sys=0.00, real=0.02 secs] 
25.274: Total time for which application threads were stopped: 0.0254910 seconds, Stopping threads took: 0.0001060 seconds
25.344: Application time: 0.0694780 seconds
25.344: [GC [PSYoungGen: 238576K->33760K(238592K)] 607585K->403009K(783360K), 0.0192380 secs] [Times: user=0.15 sys=0.00, real=0.02 secs] 
25.363: Total time for which application threads were stopped: 0.0194190 seconds, Stopping threads took: 0.0000910 seconds
25.422: Application time: 0.0591770 seconds
25.423: [GC [PSYoungGen: 238560K->33776K(238592K)] 607809K->412353K(783360K), 0.0215230 secs] [Times: user=0.16 sys=0.00, real=0.02 secs] 
25.444: Total time for which application threads were stopped: 0.0217400 seconds, Stopping threads took: 0.0001230 seconds
25.535: Application time: 0.0903990 seconds
25.535: [GC [PSYoungGen: 238576K->33776K(238592K)] 617153K->461396K(783360K), 0.0376930 secs] [Times: user=0.29 sys=0.00, real=0.04 secs] 
25.572: Total time for which application threads were stopped: 0.0378660 seconds, Stopping threads took: 0.0000810 seconds
25.673: Application time: 0.1009170 seconds
25.677: [GC [PSYoungGen: 238576K->33792K(238592K)] 666196K->480011K(783360K), 0.0248970 secs] [Times: user=0.19 sys=0.00, real=0.03 secs] 
25.702: Total time for which application threads were stopped: 0.0287090 seconds, Stopping threads took: 0.0037040 seconds
25.769: Application time: 0.0672510 seconds
25.770: [GC [PSYoungGen: 238592K->33760K(238592K)] 684811K->480779K(783360K), 0.0190900 secs] [Times: user=0.15 sys=0.00, real=0.01 secs] 
25.789: Total time for which application threads were stopped: 0.0192680 seconds, Stopping threads took: 0.0000890 seconds
25.848: Application time: 0.0590090 seconds
25.848: [GC [PSYoungGen: 238560K->33792K(238592K)] 685579K->490782K(783360K), 0.0223200 secs] [Times: user=0.18 sys=0.00, real=0.03 secs] 
25.870: Total time for which application threads were stopped: 0.0225110 seconds, Stopping threads took: 0.0000980 seconds
25.966: Application time: 0.0962770 seconds
25.967: [GC [PSYoungGen: 238592K->33760K(238592K)] 695582K->538807K(783360K), 0.0397710 secs] [Times: user=0.31 sys=0.00, real=0.04 secs] 
26.006: [Full GC [PSYoungGen: 33760K->0K(238592K)] [ParOldGen: 505047K->78439K(544768K)] 538807K->78439K(783360K) [PSPermGen: 8819K->8819K(21504K)], 0.0836390 secs] [Times: user=0.62 sys=0.00, real=0.09 secs] 
26.090: Total time for which application threads were stopped: 0.1236470 seconds, Stopping threads took: 0.0000790 seconds
26.186: Application time: 0.0963990 seconds
26.187: [GC [PSYoungGen: 204800K->20224K(238592K)] 283239K->98663K(783360K), 0.0082910 secs] [Times: user=0.06 sys=0.00, real=0.01 secs] 
26.195: Total time for which application threads were stopped: 0.0084830 seconds, Stopping threads took: 0.0000900 seconds
26.260: Application time: 0.0651940 seconds
26.260: [GC [PSYoungGen: 225024K->20448K(238592K)] 303463K->98887K(783360K), 0.0078450 secs] [Times: user=0.06 sys=0.00, real=0.01 secs] 
26.268: Total time for which application threads were stopped: 0.0080580 seconds, Stopping threads took: 0.0001180 seconds
26.328: Application time: 0.0598340 seconds
26.329: [GC [PSYoungGen: 225248K->31680K(238592K)] 303687K->110119K(783360K), 0.0122150 secs] [Times: user=0.10 sys=0.00, real=0.01 secs] 
26.341: Total time for which application threads were stopped: 0.0133630 seconds, Stopping threads took: 0.0010510 seconds
26.442: Application time: 0.1007990 seconds
26.442: [GC [PSYoungGen: 236480K->33776K(238592K)] 314919K->154017K(783360K), 0.0300660 secs] [Times: user=0.24 sys=0.00, real=0.03 secs] 
26.472: Total time for which application threads were stopped: 0.0302180 seconds, Stopping threads took: 0.0000590 seconds
26.565: Application time: 0.0923450 seconds
26.565: [GC [PSYoungGen: 238576K->33760K(238592K)] 358817K->162792K(783360K), 0.0192400 secs] [Times: user=0.16 sys=0.00, real=0.02 secs] 
26.584: Total time for which application threads were stopped: 0.0194130 seconds, Stopping threads took: 0.0000790 seconds
26.649: Application time: 0.0643000 seconds
26.649: [GC [PSYoungGen: 238560K->33760K(238592K)] 367592K->162904K(783360K), 0.0156310 secs] [Times: user=0.12 sys=0.00, real=0.02 secs] 
26.664: Total time for which application threads were stopped: 0.0158480 seconds, Stopping threads took: 0.0001250 seconds
26.726: Application time: 0.0612080 seconds
26.726: [GC [PSYoungGen: 238560K->33776K(238592K)] 367704K->179335K(783360K), 0.0213410 secs] [Times: user=0.16 sys=0.00, real=0.02 secs] 
26.747: Total time for which application threads were stopped: 0.0215150 seconds, Stopping threads took: 0.0000680 seconds
26.852: Application time: 0.1048840 seconds
26.852: [GC [PSYoungGen: 238576K->33776K(238592K)] 384135K->226495K(783360K), 0.0352060 secs] [Times: user=0.27 sys=0.00, real=0.03 secs] 
26.887: Total time for which application threads were stopped: 0.0353870 seconds, Stopping threads took: 0.0000890 seconds
26.976: Application time: 0.0883340 seconds
26.976: [GC [PSYoungGen: 238576K->33792K(238592K)] 431295K->235070K(783360K), 0.0197040 secs] [Times: user=0.16 sys=0.00, real=0.02 secs] 
26.996: Total time for which application threads were stopped: 0.0198720 seconds, Stopping threads took: 0.0000720 seconds
27.058: Application time: 0.0627870 seconds
27.059: [GC [PSYoungGen: 238592K->33776K(238592K)] 439870K->235246K(783360K), 0.0168210 secs] [Times: user=0.13 sys=0.00, real=0.02 secs] 
27.075: Total time for which application threads were stopped: 0.0170180 seconds, Stopping threads took: 0.0001030 seconds
27.138: Application time: 0.0629180 seconds
27.138: [GC [PSYoungGen: 238576K->33760K(238592K)] 440046K->258656K(783360K), 0.0254240 secs] [Times: user=0.20 sys=0.00, real=0.03 secs] 
27.164: Total time for which application threads were stopped: 0.0256110 seconds, Stopping threads took: 0.0000950 seconds
27.274: Application time: 0.1102010 seconds
27.274: [GC [PSYoungGen: 238560K->33792K(238592K)] 463456K->300586K(783360K), 0.0352800 secs] [Times: user=0.28 sys=0.00, real=0.04 secs] 
27.310: Total time for which application threads were stopped: 0.0354800 seconds, Stopping threads took: 0.0000920 seconds
27.392: Application time: 0.0821520 seconds
27.393: [GC [PSYoungGen: 238592K->33792K(238592K)] 505386K->304716K(783360K), 0.0193800 secs] [Times: user=0.15 sys=0.00, real=0.02 secs] 
27.413: Total time for which application threads were stopped: 0.0208420 seconds, Stopping threads took: 0.0013660 seconds
27.475: Application time: 0.0619060 seconds
27.475: [GC [PSYoungGen: 238592K->33792K(238592K)] 509516K->306655K(783360K), 0.0188360 secs] [Times: user=0.15 sys=0.00, real=0.02 secs] 
27.494: Total time for which application threads were stopped: 0.0190330 seconds, Stopping threads took: 0.0001050 seconds
27.560: Application time: 0.0661660 seconds
27.560: [GC [PSYoungGen: 238592K->33760K(238592K)] 511455K->342534K(783360K), 0.0312700 secs] [Times: user=0.25 sys=0.00, real=0.04 secs] 
27.591: Total time for which application threads were stopped: 0.0314550 seconds, Stopping threads took: 0.0000960 seconds
27.704: Application time: 0.1123500 seconds
27.704: [GC [PSYoungGen: 238560K->33776K(238592K)] 547334K->375872K(783360K), 0.0314430 secs] [Times: user=0.25 sys=0.00, real=0.03 secs] 
27.735: Total time for which application threads were stopped: 0.0316370 seconds, Stopping threads took: 0.0001010 seconds
27.814: Application time: 0.0784430 seconds
27.814: [GC [PSYoungGen: 238576K->33776K(238592K)] 580672K->376888K(783360K), 0.0181590 secs] [Times: user=0.14 sys=0.00, real=0.02 secs] 
27.832: Total time for which application threads were stopped: 0.0183590 seconds, Stopping threads took: 0.0000850 seconds
27.893: Application time: 0.0611770 seconds
27.893: [GC [PSYoungGen: 238576K->33776K(238592K)] 581688K->380812K(783360K), 0.0189880 secs] [Times: user=0.14 sys=0.00, real=0.02 secs] 
27.912: Total time for which application threads were stopped: 0.0191960 seconds, Stopping threads took: 0.0001130 seconds
27.982: Application time: 0.0700910 seconds
27.983: [GC [PSYoungGen: 238576K->33776K(238592K)] 585612K->421807K(783360K), 0.0328190 secs] [Times: user=0.26 sys=0.00, real=0.03 secs] 
28.015: Total time for which application threads were stopped: 0.0329970 seconds, Stopping threads took: 0.0000860 seconds
28.126: Application time: 0.1107750 seconds
28.126: [GC [PSYoungGen: 238576K->33776K(238592K)] 626607K->443975K(783360K), 0.0262720 secs] [Times: user=0.20 sys=0.00, real=0.03 secs] 
28.153: Total time for which application threads were stopped: 0.0264640 seconds, Stopping threads took: 0.0001010 seconds
28.229: Application time: 0.0765110 seconds
28.229: [GC [PSYoungGen: 238576K->33792K(238592K)] 648775K->444367K(783360K), 0.0176280 secs] [Times: user=0.13 sys=0.00, real=0.01 secs] 
28.247: Total time for which application threads were stopped: 0.0178350 seconds, Stopping threads took: 0.0001130 seconds
28.308: Application time: 0.0605530 seconds
28.308: [GC [PSYoungGen: 238592K->33776K(238592K)] 649167K->449015K(783360K), 0.0185400 secs] [Times: user=0.14 sys=0.00, real=0.02 secs] 
28.326: Total time for which application threads were stopped: 0.0187280 seconds, Stopping threads took: 0.0000970 seconds
28.402: Application time: 0.0761300 seconds
28.403: [GC [PSYoungGen: 238576K->33776K(238592K)] 653815K->495402K(783360K), 0.0362290 secs] [Times: user=0.29 sys=0.00, real=0.03 secs] 
28.439: Total time for which application threads were stopped: 0.0364200 seconds, Stopping threads took: 0.0000890 seconds
28.548: Application time: 0.1086870 seconds
28.548: [GC [PSYoungGen: 238576K->33776K(238592K)] 700202K->516549K(783360K), 0.0258570 secs] [Times: user=0.21 sys=0.00, real=0.03 secs] 
28.574: Total time for which application threads were stopped: 0.0260430 seconds, Stopping threads took: 0.0000910 seconds
28.647: Application time: 0.0729880 seconds
28.647: [GC [PSYoungGen: 238576K->33760K(238592K)] 721349K->517429K(783360K), 0.0180120 secs] [Times: user=0.14 sys=0.00, real=0.02 secs] 
28.665: Total time for which application threads were stopped: 0.0182370 seconds, Stopping threads took: 0.0001310 seconds
28.725: Application time: 0.0600560 seconds
28.725: [GC [PSYoungGen: 238560K->33776K(238592K)] 722229K->523113K(783360K), 0.0199300 secs] [Times: user=0.16 sys=0.00, real=0.02 secs] 
28.745: [Full GC [PSYoungGen: 33776K->0K(238592K)] [ParOldGen: 489337K->76562K(544768K)] 523113K->76562K(783360K) [PSPermGen: 8821K->8821K(21504K)], 0.0831660 secs] [Times: user=0.60 sys=0.00, real=0.08 secs] 
28.828: Total time for which application threads were stopped: 0.1033620 seconds, Stopping threads took: 0.0001050 seconds
28.912: Application time: 0.0835970 seconds
28.912: [GC [PSYoungGen: 204800K->33776K(238592K)] 281362K->124905K(783360K), 0.0208800 secs] [Times: user=0.17 sys=0.00, real=0.02 secs] 
28.933: Total time for which application threads were stopped: 0.0210910 seconds, Stopping threads took: 0.0001070 seconds
29.037: Application time: 0.1037330 seconds
29.037: [GC [PSYoungGen: 238576K->33776K(238592K)] 329705K->141433K(783360K), 0.0200090 secs] [Times: user=0.15 sys=0.00, real=0.02 secs] 
29.057: Total time for which application threads were stopped: 0.0202170 seconds, Stopping threads took: 0.0001120 seconds
29.126: Application time: 0.0695340 seconds
29.127: [GC [PSYoungGen: 238576K->33792K(238592K)] 346233K->142097K(783360K), 0.0150910 secs] [Times: user=0.12 sys=0.00, real=0.02 secs] 
29.142: Total time for which application threads were stopped: 0.0152700 seconds, Stopping threads took: 0.0000840 seconds
29.201: Application time: 0.0591050 seconds
29.201: [GC [PSYoungGen: 238592K->33760K(238592K)] 346897K->150045K(783360K), 0.0178560 secs] [Times: user=0.13 sys=0.00, real=0.02 secs] 
29.219: Total time for which application threads were stopped: 0.0180560 seconds, Stopping threads took: 0.0001050 seconds
29.308: Application time: 0.0888100 seconds
29.309: [GC [PSYoungGen: 238560K->33792K(238592K)] 354845K->199237K(783360K), 0.0349920 secs] [Times: user=0.27 sys=0.00, real=0.03 secs] 
29.344: Total time for which application threads were stopped: 0.0365940 seconds, Stopping threads took: 0.0014880 seconds
29.445: Application time: 0.1008520 seconds
29.445: [GC [PSYoungGen: 238592K->33776K(238592K)] 404037K->218491K(783360K), 0.0225110 secs] [Times: user=0.18 sys=0.00, real=0.02 secs] 
29.468: Total time for which application threads were stopped: 0.0227270 seconds, Stopping threads took: 0.0001090 seconds
29.535: Application time: 0.0673570 seconds
29.535: [GC [PSYoungGen: 238576K->33776K(238592K)] 423291K->219064K(783360K), 0.0160770 secs] [Times: user=0.13 sys=0.00, real=0.02 secs] 
29.551: Total time for which application threads were stopped: 0.0162530 seconds, Stopping threads took: 0.0000840 seconds
29.611: Application time: 0.0596700 seconds
29.611: [GC [PSYoungGen: 238576K->33760K(238592K)] 423864K->228852K(783360K), 0.0195730 secs] [Times: user=0.15 sys=0.00, real=0.02 secs] 
29.631: Total time for which application threads were stopped: 0.0197770 seconds, Stopping threads took: 0.0001090 seconds
29.726: Application time: 0.0952110 seconds
29.726: [GC [PSYoungGen: 238560K->33760K(238592K)] 433652K->276106K(783360K), 0.0359030 secs] [Times: user=0.27 sys=0.00, real=0.04 secs] 
29.762: Total time for which application threads were stopped: 0.0360530 seconds, Stopping threads took: 0.0000550 seconds
29.858: Application time: 0.0962120 seconds
29.859: [GC [PSYoungGen: 238560K->33776K(238592K)] 480906K->290118K(783360K), 0.0222250 secs] [Times: user=0.18 sys=0.00, real=0.02 secs] 
29.881: Total time for which application threads were stopped: 0.0223960 seconds, Stopping threads took: 0.0000770 seconds
29.947: Application time: 0.0658240 seconds
29.947: [GC [PSYoungGen: 238576K->33776K(238592K)] 494918K->290358K(783360K), 0.0182280 secs] [Times: user=0.14 sys=0.00, real=0.02 secs] 
29.965: Total time for which application threads were stopped: 0.0184340 seconds, Stopping threads took: 0.0000960 seconds
30.025: Application time: 0.0600550 seconds
30.025: [GC [PSYoungGen: 238576K->33792K(238592K)] 495158K->299641K(783360K), 0.0213950 secs] [Times: user=0.16 sys=0.00, real=0.02 secs] 
30.047: Total time for which application threads were stopped: 0.0215690 seconds, Stopping threads took: 0.0000790 seconds
30.146: Application time: 0.0989410 seconds
30.146: [GC [PSYoungGen: 238592K->33776K(238592K)] 504441K->349186K(783360K), 0.0389480 secs] [Times: user=0.29 sys=0.00, real=0.04 secs] 
30.185: Total time for which application threads were stopped: 0.0391240 seconds, Stopping threads took: 0.0000850 seconds
30.277: Application time: 0.0925210 seconds
30.277: [GC [PSYoungGen: 238576K->33776K(238592K)] 553986K->367228K(783360K), 0.0247680 secs] [Times: user=0.20 sys=0.00, real=0.03 secs] 
30.302: Total time for which application threads were stopped: 0.0249380 seconds, Stopping threads took: 0.0000770 seconds
30.367: Application time: 0.0646270 seconds
30.367: [GC [PSYoungGen: 238576K->33776K(238592K)] 572028K->368484K(783360K), 0.0194240 secs] [Times: user=0.16 sys=0.00, real=0.02 secs] 
30.386: Total time for which application threads were stopped: 0.0196130 seconds, Stopping threads took: 0.0000990 seconds
30.447: Application time: 0.0609130 seconds
30.448: [GC [PSYoungGen: 238576K->33440K(238592K)] 573284K->383519K(783360K), 0.0244540 secs] [Times: user=0.19 sys=0.00, real=0.03 secs] 
30.472: Total time for which application threads were stopped: 0.0246550 seconds, Stopping threads took: 0.0000990 seconds
30.576: Application time: 0.1039660 seconds
30.576: [GC [PSYoungGen: 238240K->33776K(238592K)] 588319K->429052K(783360K), 0.0379680 secs] [Times: user=0.29 sys=0.00, real=0.04 secs] 
30.614: Total time for which application threads were stopped: 0.0381550 seconds, Stopping threads took: 0.0000860 seconds
30.703: Application time: 0.0884130 seconds
30.703: [GC [PSYoungGen: 238576K->33792K(238592K)] 633852K->437984K(783360K), 0.0221800 secs] [Times: user=0.17 sys=0.00, real=0.02 secs] 
30.725: Total time for which application threads were stopped: 0.0223680 seconds, Stopping threads took: 0.0000950 seconds
30.789: Application time: 0.0637670 seconds
30.789: [GC [PSYoungGen: 238592K->33776K(238592K)] 642784K->441904K(783360K), 0.0205130 secs] [Times: user=0.16 sys=0.00, real=0.03 secs] 
30.809: Total time for which application threads were stopped: 0.0207010 seconds, Stopping threads took: 0.0000960 seconds
30.872: Application time: 0.0625330 seconds
30.872: [GC [PSYoungGen: 238576K->33776K(238592K)] 646704K->465513K(783360K), 0.0271040 secs] [Times: user=0.21 sys=0.00, real=0.02 secs] 
30.899: Total time for which application threads were stopped: 0.0272890 seconds, Stopping threads took: 0.0000930 seconds
31.007: Application time: 0.1074210 seconds
31.007: [GC [PSYoungGen: 238576K->33776K(238592K)] 670313K->504043K(783360K), 0.0334600 secs] [Times: user=0.27 sys=0.00, real=0.03 secs] 
31.040: Total time for which application threads were stopped: 0.0336490 seconds, Stopping threads took: 0.0000850 seconds
31.124: Application time: 0.0840030 seconds
31.124: [GC [PSYoungGen: 238576K->33776K(238592K)] 708843K->505443K(783360K), 0.0195260 secs] [Times: user=0.15 sys=0.00, real=0.02 secs] 
31.144: Total time for which application threads were stopped: 0.0197270 seconds, Stopping threads took: 0.0000970 seconds
31.207: Application time: 0.0627580 seconds
31.207: [GC [PSYoungGen: 238576K->33760K(238592K)] 710243K->509543K(783360K), 0.0199290 secs] [Times: user=0.16 sys=0.00, real=0.02 secs] 
31.227: Total time for which application threads were stopped: 0.0201180 seconds, Stopping threads took: 0.0000980 seconds
31.292: Application time: 0.0652340 seconds
31.292: [GC [PSYoungGen: 238560K->33776K(238592K)] 714343K->540763K(783360K), 0.0296500 secs] [Times: user=0.23 sys=0.00, real=0.03 secs] 
31.322: [Full GC [PSYoungGen: 33776K->0K(238592K)] [ParOldGen: 506987K->68611K(544768K)] 540763K->68611K(783360K) [PSPermGen: 8822K->8822K(21504K)], 0.0695800 secs] [Times: user=0.50 sys=0.00, real=0.07 secs] 
31.392: Total time for which application threads were stopped: 0.0995160 seconds, Stopping threads took: 0.0001210 seconds
31.502: Application time: 0.1100960 seconds
31.502: [GC [PSYoungGen: 204800K->33792K(238592K)] 273411K->107487K(783360K), 0.0164050 secs] [Times: user=0.13 sys=0.00, real=0.01 secs] 
31.518: Total time for which application threads were stopped: 0.0165840 seconds, Stopping threads took: 0.0000880 seconds
31.598: Application time: 0.0801130 seconds
31.600: [GC [PSYoungGen: 238592K->33776K(238592K)] 312287K->107855K(783360K), 0.0130510 secs] [Times: user=0.09 sys=0.00, real=0.02 secs] 
31.613: Total time for which application threads were stopped: 0.0142510 seconds, Stopping threads took: 0.0010710 seconds
31.674: Application time: 0.0616750 seconds
31.675: [GC [PSYoungGen: 238576K->33792K(238592K)] 312655K->112775K(783360K), 0.0149380 secs] [Times: user=0.12 sys=0.00, real=0.02 secs] 
31.690: Total time for which application threads were stopped: 0.0151260 seconds, Stopping threads took: 0.0000970 seconds
31.758: Application time: 0.0687020 seconds
31.758: [GC [PSYoungGen: 238592K->33776K(238592K)] 317575K->149384K(783360K), 0.0276470 secs] [Times: user=0.22 sys=0.00, real=0.03 secs] 
31.786: Total time for which application threads were stopped: 0.0278210 seconds, Stopping threads took: 0.0000840 seconds
31.896: Application time: 0.1096670 seconds
31.896: [GC [PSYoungGen: 238576K->33792K(238592K)] 354184K->178431K(783360K), 0.0270800 secs] [Times: user=0.21 sys=0.00, real=0.03 secs] 
31.923: Total time for which application threads were stopped: 0.0272590 seconds, Stopping threads took: 0.0000850 seconds
32.000: Application time: 0.0769870 seconds
32.000: [GC [PSYoungGen: 238592K->33792K(238592K)] 383231K->179647K(783360K), 0.0161510 secs] [Times: user=0.13 sys=0.00, real=0.02 secs] 
32.016: Total time for which application threads were stopped: 0.0163130 seconds, Stopping threads took: 0.0000590 seconds
32.077: Application time: 0.0608740 seconds
32.077: [GC [PSYoungGen: 238592K->33776K(238592K)] 384447K->185275K(783360K), 0.0178590 secs] [Times: user=0.14 sys=0.00, real=0.02 secs] 
32.095: Total time for which application threads were stopped: 0.0180400 seconds, Stopping threads took: 0.0000890 seconds
32.169: Application time: 0.0739830 seconds
32.169: [GC [PSYoungGen: 238576K->33760K(238592K)] 390075K->228259K(783360K), 0.0332230 secs] [Times: user=0.26 sys=0.00, real=0.03 secs] 
32.203: Total time for which application threads were stopped: 0.0334170 seconds, Stopping threads took: 0.0000900 seconds
32.311: Application time: 0.1079130 seconds
32.313: [GC [PSYoungGen: 238560K->33776K(238592K)] 433059K->249531K(783360K), 0.0248230 secs] [Times: user=0.19 sys=0.00, real=0.02 secs] 
32.338: Total time for which application threads were stopped: 0.0274790 seconds, Stopping threads took: 0.0025620 seconds
32.412: Application time: 0.0738540 seconds
32.412: [GC [PSYoungGen: 238576K->33776K(238592K)] 454331K->250291K(783360K), 0.0161430 secs] [Times: user=0.13 sys=0.00, real=0.01 secs] 
32.428: Total time for which application threads were stopped: 0.0163270 seconds, Stopping threads took: 0.0000880 seconds
32.489: Application time: 0.0603720 seconds
32.489: [GC [PSYoungGen: 238576K->33760K(238592K)] 455091K->256390K(783360K), 0.0184520 secs] [Times: user=0.14 sys=0.00, real=0.02 secs] 
32.507: Total time for which application threads were stopped: 0.0186690 seconds, Stopping threads took: 0.0001240 seconds
32.589: Application time: 0.0820750 seconds
32.589: [GC [PSYoungGen: 238560K->33792K(238592K)] 461190K->302878K(783360K), 0.0359580 secs] [Times: user=0.27 sys=0.00, real=0.03 secs] 
32.625: Total time for which application threads were stopped: 0.0361200 seconds, Stopping threads took: 0.0000720 seconds
32.729: Application time: 0.1036300 seconds
32.729: [GC [PSYoungGen: 238592K->33792K(238592K)] 507678K->322254K(783360K), 0.0243280 secs] [Times: user=0.20 sys=0.00, real=0.02 secs] 
32.754: Total time for which application threads were stopped: 0.0245280 seconds, Stopping threads took: 0.0000980 seconds
32.824: Application time: 0.0704320 seconds
32.825: [GC [PSYoungGen: 238592K->33760K(238592K)] 527054K->323002K(783360K), 0.0172950 secs] [Times: user=0.14 sys=0.00, real=0.02 secs] 
32.843: Total time for which application threads were stopped: 0.0184480 seconds, Stopping threads took: 0.0010580 seconds
32.903: Application time: 0.0600360 seconds
32.903: [GC [PSYoungGen: 238560K->33776K(238592K)] 527802K->329086K(783360K), 0.0193650 secs] [Times: user=0.15 sys=0.00, real=0.02 secs] 
32.922: Total time for which application threads were stopped: 0.0195800 seconds, Stopping threads took: 0.0001230 seconds
33.009: Application time: 0.0871880 seconds
33.013: [GC [PSYoungGen: 238576K->33776K(238592K)] 533886K->377210K(783360K), 0.0369260 secs] [Times: user=0.29 sys=0.00, real=0.04 secs] 
33.050: Total time for which application threads were stopped: 0.0408060 seconds, Stopping threads took: 0.0037860 seconds
33.151: Application time: 0.1008560 seconds
33.151: [GC [PSYoungGen: 238576K->33792K(238592K)] 582010K->393181K(783360K), 0.0243370 secs] [Times: user=0.19 sys=0.00, real=0.02 secs] 
33.176: Total time for which application threads were stopped: 0.0245110 seconds, Stopping threads took: 0.0000820 seconds
33.244: Application time: 0.0683010 seconds
33.244: [GC [PSYoungGen: 238592K->33024K(238592K)] 597981K->393701K(783360K), 0.0184390 secs] [Times: user=0.14 sys=0.00, real=0.02 secs] 
33.262: Total time for which application threads were stopped: 0.0186510 seconds, Stopping threads took: 0.0001040 seconds
33.323: Application time: 0.0601400 seconds
33.323: [GC [PSYoungGen: 237824K->33792K(238592K)] 598501K->401405K(783360K), 0.0205430 secs] [Times: user=0.16 sys=0.00, real=0.02 secs] 
33.343: Total time for which application threads were stopped: 0.0207730 seconds, Stopping threads took: 0.0001250 seconds
33.435: Application time: 0.0920680 seconds
33.436: [GC [PSYoungGen: 238592K->33776K(238592K)] 606205K->451326K(783360K), 0.0388060 secs] [Times: user=0.26 sys=0.00, real=0.04 secs] 
33.474: Total time for which application threads were stopped: 0.0389960 seconds, Stopping threads took: 0.0000950 seconds
33.572: Application time: 0.0974100 seconds
33.572: [GC [PSYoungGen: 238576K->33776K(238592K)] 656126K->468988K(783360K), 0.0241670 secs] [Times: user=0.19 sys=0.00, real=0.02 secs] 
33.596: Total time for which application threads were stopped: 0.0243720 seconds, Stopping threads took: 0.0001080 seconds
33.663: Application time: 0.0671290 seconds
33.664: [GC [PSYoungGen: 238576K->33776K(238592K)] 673788K->469404K(783360K), 0.0195050 secs] [Times: user=0.15 sys=0.00, real=0.02 secs] 
33.683: Total time for which application threads were stopped: 0.0196980 seconds, Stopping threads took: 0.0001010 seconds
33.744: Application time: 0.0608650 seconds
33.744: [GC [PSYoungGen: 238576K->33792K(238592K)] 674204K->482499K(783360K), 0.0228060 secs] [Times: user=0.18 sys=0.00, real=0.02 secs] 
33.767: Total time for which application threads were stopped: 0.0230340 seconds, Stopping threads took: 0.0001200 seconds
33.865: Application time: 0.0980980 seconds
33.865: [GC [PSYoungGen: 238592K->33776K(238592K)] 687299K->527420K(783360K), 0.0368290 secs] [Times: user=0.30 sys=0.00, real=0.04 secs] 
33.902: [Full GC [PSYoungGen: 33776K->0K(238592K)] [ParOldGen: 493644K->77777K(544768K)] 527420K->77777K(783360K) [PSPermGen: 8825K->8825K(21504K)], 0.0835330 secs] [Times: user=0.61 sys=0.00, real=0.08 secs] 
33.986: Total time for which application threads were stopped: 0.1206220 seconds, Stopping threads took: 0.0000960 seconds
34.079: Application time: 0.0929810 seconds
34.079: [GC [PSYoungGen: 204800K->17664K(238592K)] 282577K->95441K(783360K), 0.0073430 secs] [Times: user=0.06 sys=0.00, real=0.01 secs] 
34.086: Total time for which application threads were stopped: 0.0075740 seconds, Stopping threads took: 0.0001380 seconds
34.151: Application time: 0.0649910 seconds
34.153: [GC [PSYoungGen: 222464K->19120K(238592K)] 300241K->96897K(783360K), 0.0072900 secs] [Times: user=0.05 sys=0.01, real=0.00 secs] 
34.160: Total time for which application threads were stopped: 0.0092260 seconds, Stopping threads took: 0.0018420 seconds
34.222: Application time: 0.0618770 seconds
34.223: [GC [PSYoungGen: 223920K->33760K(238592K)] 301697K->111777K(783360K), 0.0130380 secs] [Times: user=0.10 sys=0.00, real=0.01 secs] 
34.236: Total time for which application threads were stopped: 0.0132530 seconds, Stopping threads took: 0.0001180 seconds
34.338: Application time: 0.1019760 seconds
34.338: [GC [PSYoungGen: 238560K->33776K(238592K)] 316577K->149748K(783360K), 0.0288340 secs] [Times: user=0.23 sys=0.00, real=0.03 secs] 
34.367: Total time for which application threads were stopped: 0.0290350 seconds, Stopping threads took: 0.0000950 seconds
34.456: Application time: 0.0892100 seconds
34.456: [GC [PSYoungGen: 238576K->33776K(238592K)] 354548K->155028K(783360K), 0.0168250 secs] [Times: user=0.13 sys=0.00, real=0.02 secs] 
34.473: Total time for which application threads were stopped: 0.0170070 seconds, Stopping threads took: 0.0000850 seconds
34.536: Application time: 0.0636470 seconds
34.537: [GC [PSYoungGen: 238576K->33776K(238592K)] 359828K->158847K(783360K), 0.0163220 secs] [Times: user=0.12 sys=0.00, real=0.02 secs] 
34.553: Total time for which application threads were stopped: 0.0165070 seconds, Stopping threads took: 0.0000930 seconds
34.616: Application time: 0.0634310 seconds
34.617: [GC [PSYoungGen: 238576K->33776K(238592K)] 363647K->179344K(783360K), 0.0225830 secs] [Times: user=0.17 sys=0.00, real=0.02 secs] 
34.639: Total time for which application threads were stopped: 0.0227840 seconds, Stopping threads took: 0.0001080 seconds
34.745: Application time: 0.1061940 seconds
34.746: [GC [PSYoungGen: 238576K->33792K(238592K)] 384144K->219918K(783360K), 0.0331140 secs] [Times: user=0.26 sys=0.00, real=0.03 secs] 
34.780: Total time for which application threads were stopped: 0.0348420 seconds, Stopping threads took: 0.0000700 seconds
34.865: Application time: 0.0844300 seconds
34.865: [GC [PSYoungGen: 238592K->33792K(238592K)] 424718K->224454K(783360K), 0.0177810 secs] [Times: user=0.13 sys=0.00, real=0.02 secs] 
34.883: Total time for which application threads were stopped: 0.0179970 seconds, Stopping threads took: 0.0001090 seconds
34.946: Application time: 0.0630530 seconds
34.949: [GC [PSYoungGen: 238592K->33792K(238592K)] 429254K->228938K(783360K), 0.0177170 secs] [Times: user=0.14 sys=0.00, real=0.01 secs] 
34.967: Total time for which application threads were stopped: 0.0213430 seconds, Stopping threads took: 0.0035160 seconds
35.032: Application time: 0.0647480 seconds
35.032: [GC [PSYoungGen: 238592K->33792K(238592K)] 433738K->258909K(783360K), 0.0274210 secs] [Times: user=0.21 sys=0.00, real=0.02 secs] 
35.059: Total time for which application threads were stopped: 0.0276370 seconds, Stopping threads took: 0.0001230 seconds
35.168: Application time: 0.1084640 seconds
35.168: [GC [PSYoungGen: 238592K->33776K(238592K)] 463709K->294525K(783360K), 0.0328200 secs] [Times: user=0.26 sys=0.00, real=0.03 secs] 
35.201: Total time for which application threads were stopped: 0.0329970 seconds, Stopping threads took: 0.0000810 seconds
35.281: Application time: 0.0804730 seconds
35.282: [GC [PSYoungGen: 238576K->33776K(238592K)] 499325K->295261K(783360K), 0.0163470 secs] [Times: user=0.12 sys=0.00, real=0.01 secs] 
35.298: Total time for which application threads were stopped: 0.0165410 seconds, Stopping threads took: 0.0001000 seconds
35.360: Application time: 0.0620610 seconds
35.360: [GC [PSYoungGen: 238576K->33792K(238592K)] 500061K->300504K(783360K), 0.0181000 secs] [Times: user=0.15 sys=0.00, real=0.02 secs] 
35.378: Total time for which application threads were stopped: 0.0183300 seconds, Stopping threads took: 0.0001370 seconds
35.446: Application time: 0.0675160 seconds
35.446: [GC [PSYoungGen: 238592K->33776K(238592K)] 505304K->336395K(783360K), 0.0312020 secs] [Times: user=0.23 sys=0.00, real=0.03 secs] 
35.477: Total time for which application threads were stopped: 0.0314080 seconds, Stopping threads took: 0.0001040 seconds
35.587: Application time: 0.1093940 seconds
35.589: [GC [PSYoungGen: 238576K->33760K(238592K)] 541195K->366672K(783360K), 0.0314160 secs] [Times: user=0.24 sys=0.00, real=0.02 secs] 
35.621: Total time for which application threads were stopped: 0.0339370 seconds, Stopping threads took: 0.0024250 seconds
35.698: Application time: 0.0776570 seconds
35.698: [GC [PSYoungGen: 238560K->33776K(238592K)] 571472K->367840K(783360K), 0.0176780 secs] [Times: user=0.14 sys=0.00, real=0.02 secs] 
35.716: Total time for which application threads were stopped: 0.0178360 seconds, Stopping threads took: 0.0000650 seconds
35.778: Application time: 0.0614070 seconds
35.778: [GC [PSYoungGen: 238576K->33680K(238592K)] 572640K->373888K(783360K), 0.0195510 secs] [Times: user=0.15 sys=0.00, real=0.02 secs] 
35.797: Total time for which application threads were stopped: 0.0197370 seconds, Stopping threads took: 0.0000920 seconds
35.871: Application time: 0.0738100 seconds
35.871: [GC [PSYoungGen: 238480K->33760K(238592K)] 578688K->415154K(783360K), 0.0325070 secs] [Times: user=0.26 sys=0.00, real=0.03 secs] 
35.904: Total time for which application threads were stopped: 0.0326780 seconds, Stopping threads took: 0.0000810 seconds
36.011: Application time: 0.1071410 seconds
36.011: [GC [PSYoungGen: 238560K->33760K(238592K)] 619954K->430938K(783360K), 0.0242160 secs] [Times: user=0.19 sys=0.00, real=0.02 secs] 
36.035: Total time for which application threads were stopped: 0.0244230 seconds, Stopping threads took: 0.0000990 seconds
36.110: Application time: 0.0741920 seconds
36.110: [GC [PSYoungGen: 238560K->33776K(238592K)] 635738K->431178K(783360K), 0.0175890 secs] [Times: user=0.13 sys=0.00, real=0.01 secs] 
36.127: Total time for which application threads were stopped: 0.0177600 seconds, Stopping threads took: 0.0000710 seconds
36.188: Application time: 0.0606880 seconds
36.188: [GC [PSYoungGen: 238576K->33776K(238592K)] 635978K->437250K(783360K), 0.0196330 secs] [Times: user=0.16 sys=0.00, real=0.02 secs] 
36.208: Total time for which application threads were stopped: 0.0197930 seconds, Stopping threads took: 0.0000660 seconds
36.289: Application time: 0.0816170 seconds
36.290: [GC [PSYoungGen: 238576K->33776K(238592K)] 642050K->482922K(783360K), 0.0360630 secs] [Times: user=0.29 sys=0.00, real=0.03 secs] 
36.326: Total time for which application threads were stopped: 0.0362550 seconds, Stopping threads took: 0.0001010 seconds
36.430: Application time: 0.1047680 seconds
36.431: [GC [PSYoungGen: 238576K->33776K(238592K)] 687722K->501081K(783360K), 0.0240430 secs] [Times: user=0.19 sys=0.00, real=0.02 secs] 
36.455: Total time for which application threads were stopped: 0.0242180 seconds, Stopping threads took: 0.0000820 seconds
36.526: Application time: 0.0710990 seconds
36.529: [GC [PSYoungGen: 238576K->33792K(238592K)] 705881K->501705K(783360K), 0.0174070 secs] [Times: user=0.14 sys=0.00, real=0.01 secs] 
36.547: Total time for which application threads were stopped: 0.0208740 seconds, Stopping threads took: 0.0033600 seconds
36.608: Application time: 0.0614630 seconds
36.608: [GC [PSYoungGen: 238592K->33760K(238592K)] 706505K->507872K(783360K), 0.0195670 secs] [Times: user=0.15 sys=0.00, real=0.02 secs] 
36.628: Total time for which application threads were stopped: 0.0197640 seconds, Stopping threads took: 0.0001020 seconds
36.716: Application time: 0.0877280 seconds
36.716: [GC [PSYoungGen: 238560K->33792K(238592K)] 712672K->555972K(783360K), 0.0363090 secs] [Times: user=0.28 sys=0.00, real=0.04 secs] 
36.752: [Full GC [PSYoungGen: 33792K->0K(238592K)] [ParOldGen: 522180K->77455K(544768K)] 555972K->77455K(783360K) [PSPermGen: 8825K->8825K(21504K)], 0.0846910 secs] [Times: user=0.62 sys=0.00, real=0.08 secs] 
36.837: Total time for which application threads were stopped: 0.1212510 seconds, Stopping threads took: 0.0000880 seconds
36.938: Application time: 0.1007980 seconds
36.938: [GC [PSYoungGen: 204800K->21120K(238592K)] 282255K->98575K(783360K), 0.0086030 secs] [Times: user=0.06 sys=0.00, real=0.01 secs] 
36.946: Total time for which application threads were stopped: 0.0087880 seconds, Stopping threads took: 0.0000920 seconds
37.016: Application time: 0.0695470 seconds
37.016: [GC [PSYoungGen: 225920K->21440K(238592K)] 303375K->98895K(783360K), 0.0081160 secs] [Times: user=0.06 sys=0.00, real=0.01 secs] 
37.024: Total time for which application threads were stopped: 0.0083370 seconds, Stopping threads took: 0.0001260 seconds
37.086: Application time: 0.0614450 seconds
37.086: [GC [PSYoungGen: 226240K->30864K(238592K)] 303695K->108319K(783360K), 0.0118230 secs] [Times: user=0.09 sys=0.00, real=0.01 secs] 
37.098: Total time for which application threads were stopped: 0.0120410 seconds, Stopping threads took: 0.0001100 seconds
37.188: Application time: 0.0902960 seconds
37.188: [GC [PSYoungGen: 235664K->33760K(238592K)] 313119K->149990K(783360K), 0.0298180 secs] [Times: user=0.23 sys=0.00, real=0.03 secs] 
37.218: Total time for which application threads were stopped: 0.0300060 seconds, Stopping threads took: 0.0000960 seconds
37.315: Application time: 0.0967570 seconds
37.315: [GC [PSYoungGen: 238560K->33760K(238592K)] 354790K->160646K(783360K), 0.0193860 secs] [Times: user=0.16 sys=0.00, real=0.02 secs] 
37.334: Total time for which application threads were stopped: 0.0195880 seconds, Stopping threads took: 0.0001060 seconds
37.402: Application time: 0.0678260 seconds
37.402: [GC [PSYoungGen: 238560K->33776K(238592K)] 365446K->164186K(783360K), 0.0168490 secs] [Times: user=0.13 sys=0.00, real=0.01 secs] 
37.419: Total time for which application threads were stopped: 0.0170380 seconds, Stopping threads took: 0.0000970 seconds
37.482: Application time: 0.0623360 seconds
37.482: [GC [PSYoungGen: 238576K->33760K(238592K)] 368986K->176113K(783360K), 0.0197100 secs] [Times: user=0.15 sys=0.00, real=0.02 secs] 
37.502: Total time for which application threads were stopped: 0.0199270 seconds, Stopping threads took: 0.0001150 seconds
37.602: Application time: 0.1004600 seconds
37.602: [GC [PSYoungGen: 238560K->33776K(238592K)] 380913K->222141K(783360K), 0.0342110 secs] [Times: user=0.27 sys=0.00, real=0.03 secs] 
37.636: Total time for which application threads were stopped: 0.0343830 seconds, Stopping threads took: 0.0000680 seconds
37.727: Application time: 0.0908960 seconds
37.727: [GC [PSYoungGen: 238576K->33792K(238592K)] 426941K->238392K(783360K), 0.0230150 secs] [Times: user=0.18 sys=0.00, real=0.03 secs] 
37.751: Total time for which application threads were stopped: 0.0231710 seconds, Stopping threads took: 0.0000640 seconds
37.818: Application time: 0.0675390 seconds
37.818: [GC [PSYoungGen: 238592K->33760K(238592K)] 443192K->245220K(783360K), 0.0188120 secs] [Times: user=0.15 sys=0.00, real=0.02 secs] 
37.837: Total time for which application threads were stopped: 0.0190050 seconds, Stopping threads took: 0.0000880 seconds
37.902: Application time: 0.0648170 seconds
37.902: [GC [PSYoungGen: 238560K->33776K(238592K)] 450020K->265633K(783360K), 0.0243230 secs] [Times: user=0.19 sys=0.00, real=0.02 secs] 
37.926: Total time for which application threads were stopped: 0.0245000 seconds, Stopping threads took: 0.0000880 seconds
38.024: Application time: 0.0974160 seconds
38.024: [GC [PSYoungGen: 238576K->33792K(238592K)] 470433K->306759K(783360K), 0.0343770 secs] [Times: user=0.27 sys=0.00, real=0.03 secs] 
38.058: Total time for which application threads were stopped: 0.0345550 seconds, Stopping threads took: 0.0000860 seconds
38.146: Application time: 0.0872100 seconds
38.146: [GC [PSYoungGen: 238592K->33776K(238592K)] 511559K->319203K(783360K), 0.0217030 secs] [Times: user=0.17 sys=0.00, real=0.02 secs] 
38.167: Total time for which application threads were stopped: 0.0218990 seconds, Stopping threads took: 0.0000920 seconds
38.234: Application time: 0.0668110 seconds
38.234: [GC [PSYoungGen: 238576K->33776K(238592K)] 524003K->325683K(783360K), 0.0200480 secs] [Times: user=0.16 sys=0.00, real=0.02 secs] 
38.255: Total time for which application threads were stopped: 0.0202320 seconds, Stopping threads took: 0.0000910 seconds
38.321: Application time: 0.0664420 seconds
38.321: [GC [PSYoungGen: 238576K->33776K(238592K)] 530483K->353312K(783360K), 0.0284150 secs] [Times: user=0.22 sys=0.00, real=0.03 secs] 
38.350: Total time for which application threads were stopped: 0.0286290 seconds, Stopping threads took: 0.0001240 seconds
38.449: Application time: 0.0996210 seconds
38.449: [GC [PSYoungGen: 238576K->33792K(238592K)] 558112K->386211K(783360K), 0.0342020 secs] [Times: user=0.27 sys=0.00, real=0.03 secs] 
38.484: Total time for which application threads were stopped: 0.0343770 seconds, Stopping threads took: 0.0000840 seconds
38.569: Application time: 0.0849300 seconds
38.569: [GC [PSYoungGen: 238592K->33776K(238592K)] 591011K->391127K(783360K), 0.0202290 secs] [Times: user=0.16 sys=0.00, real=0.02 secs] 
38.589: Total time for which application threads were stopped: 0.0204170 seconds, Stopping threads took: 0.0000960 seconds
38.655: Application time: 0.0656390 seconds
38.655: [GC [PSYoungGen: 238576K->33776K(238592K)] 595927K->397227K(783360K), 0.0209830 secs] [Times: user=0.16 sys=0.00, real=0.02 secs] 
38.676: Total time for which application threads were stopped: 0.0211800 seconds, Stopping threads took: 0.0000950 seconds
38.745: Application time: 0.0694530 seconds
38.745: [GC [PSYoungGen: 238576K->33760K(238592K)] 602027K->427660K(783360K), 0.0304470 secs] [Times: user=0.23 sys=0.00, real=0.03 secs] 
38.776: Total time for which application threads were stopped: 0.0306150 seconds, Stopping threads took: 0.0000790 seconds
38.877: Application time: 0.1012560 seconds
38.877: [GC [PSYoungGen: 238560K->33776K(238592K)] 632460K->452751K(783360K), 0.0299470 secs] [Times: user=0.24 sys=0.01, real=0.03 secs] 
38.907: Total time for which application threads were stopped: 0.0301210 seconds, Stopping threads took: 0.0000730 seconds
38.988: Application time: 0.0809280 seconds
38.988: [GC [PSYoungGen: 238576K->33792K(238592K)] 657551K->456315K(783360K), 0.0215040 secs] [Times: user=0.16 sys=0.00, real=0.03 secs] 
39.010: Total time for which application threads were stopped: 0.0217100 seconds, Stopping threads took: 0.0001120 seconds
39.074: Application time: 0.0641790 seconds
39.074: [GC [PSYoungGen: 238592K->33776K(238592K)] 661115K->462339K(783360K), 0.0221430 secs] [Times: user=0.18 sys=0.00, real=0.02 secs] 
39.096: Total time for which application threads were stopped: 0.0223360 seconds, Stopping threads took: 0.0000960 seconds
39.169: Application time: 0.0729500 seconds
39.169: [GC [PSYoungGen: 238576K->33776K(238592K)] 667139K->498108K(783360K), 0.0337400 secs] [Times: user=0.27 sys=0.00, real=0.03 secs] 
39.203: Total time for which application threads were stopped: 0.0339110 seconds, Stopping threads took: 0.0000680 seconds
39.306: Application time: 0.1029260 seconds
39.306: [GC [PSYoungGen: 238576K->33760K(238592K)] 702908K->518027K(783360K), 0.0310260 secs] [Times: user=0.23 sys=0.00, real=0.03 secs] 
39.337: Total time for which application threads were stopped: 0.0312090 seconds, Stopping threads took: 0.0000910 seconds
39.415: Application time: 0.0776580 seconds
39.415: [GC [PSYoungGen: 238560K->33792K(238592K)] 722827K->521707K(783360K), 0.0230960 secs] [Times: user=0.18 sys=0.00, real=0.02 secs] 
39.438: Total time for which application threads were stopped: 0.0232840 seconds, Stopping threads took: 0.0000940 seconds
39.502: Application time: 0.0639080 seconds
39.502: [GC [PSYoungGen: 238592K->33776K(238592K)] 726507K->527933K(783360K), 0.0234420 secs] [Times: user=0.19 sys=0.00, real=0.02 secs] 
39.526: Total time for which application threads were stopped: 0.0236440 seconds, Stopping threads took: 0.0001050 seconds
39.603: Application time: 0.0775660 seconds
39.604: [GC [PSYoungGen: 238576K->33776K(238592K)] 732733K->568853K(783360K), 0.0372420 secs] [Times: user=0.29 sys=0.00, real=0.03 secs] 
39.641: [Full GC [PSYoungGen: 33776K->0K(238592K)] [ParOldGen: 535077K->77066K(544768K)] 568853K->77066K(783360K) [PSPermGen: 8826K->8826K(21504K)], 0.0831930 secs] [Times: user=0.61 sys=0.00, real=0.09 secs] 
39.724: Total time for which application threads were stopped: 0.1206850 seconds, Stopping threads took: 0.0000890 seconds
39.826: Application time: 0.1017100 seconds
39.829: [GC [PSYoungGen: 204800K->24384K(238592K)] 281866K->101450K(783360K), 0.0101000 secs] [Times: user=0.08 sys=0.00, real=0.00 secs] 
39.839: Total time for which application threads were stopped: 0.0134470 seconds, Stopping threads took: 0.0032320 seconds
39.914: Application time: 0.0742140 seconds
39.914: [GC [PSYoungGen: 229184K->26720K(238592K)] 306250K->103786K(783360K), 0.0101970 secs] [Times: user=0.08 sys=0.00, real=0.01 secs] 
39.924: Total time for which application threads were stopped: 0.0103930 seconds, Stopping threads took: 0.0000970 seconds
39.987: Application time: 0.0632410 seconds
39.987: [GC [PSYoungGen: 231520K->32736K(238592K)] 308586K->109802K(783360K), 0.0126610 secs] [Times: user=0.08 sys=0.00, real=0.01 secs] 
40.000: Total time for which application threads were stopped: 0.0128490 seconds, Stopping threads took: 0.0000900 seconds
40.081: Application time: 0.0807650 seconds
40.081: [GC [PSYoungGen: 237536K->33760K(238592K)] 314602K->148277K(783360K), 0.0284470 secs] [Times: user=0.22 sys=0.01, real=0.04 secs] 
40.109: Total time for which application threads were stopped: 0.0286270 seconds, Stopping threads took: 0.0000860 seconds
40.209: Application time: 0.0998030 seconds
40.213: [GC [PSYoungGen: 238560K->33776K(238592K)] 353077K->165833K(783360K), 0.0233290 secs] [Times: user=0.19 sys=0.00, real=0.02 secs] 
40.237: Total time for which application threads were stopped: 0.0272990 seconds, Stopping threads took: 0.0038760 seconds
40.309: Application time: 0.0724540 seconds
40.309: [GC [PSYoungGen: 238576K->33760K(238592K)] 370633K->168737K(783360K), 0.0170210 secs] [Times: user=0.13 sys=0.00, real=0.01 secs] 
40.326: Total time for which application threads were stopped: 0.0172560 seconds, Stopping threads took: 0.0001320 seconds
40.389: Application time: 0.0628870 seconds
40.389: [GC [PSYoungGen: 238560K->33776K(238592K)] 373537K->178076K(783360K), 0.0197150 secs] [Times: user=0.15 sys=0.00, real=0.01 secs] 
40.409: Total time for which application threads were stopped: 0.0198910 seconds, Stopping threads took: 0.0000700 seconds
40.494: Application time: 0.0845940 seconds
40.494: [GC [PSYoungGen: 238576K->33776K(238592K)] 382876K->219688K(783360K), 0.0340060 secs] [Times: user=0.27 sys=0.00, real=0.03 secs] 
40.528: Total time for which application threads were stopped: 0.0341830 seconds, Stopping threads took: 0.0000820 seconds
40.626: Application time: 0.0984380 seconds
40.626: [GC [PSYoungGen: 238576K->33792K(238592K)] 424488K->241639K(783360K), 0.0257360 secs] [Times: user=0.20 sys=0.00, real=0.03 secs] 
40.652: Total time for which application threads were stopped: 0.0259310 seconds, Stopping threads took: 0.0000990 seconds
40.723: Application time: 0.0704350 seconds
40.723: [GC [PSYoungGen: 238592K->33776K(238592K)] 446439K->243727K(783360K), 0.0170310 secs] [Times: user=0.13 sys=0.00, real=0.01 secs] 
40.740: Total time for which application threads were stopped: 0.0172490 seconds, Stopping threads took: 0.0001220 seconds
40.803: Application time: 0.0629950 seconds
40.803: [GC [PSYoungGen: 238576K->33792K(238592K)] 448527K->255078K(783360K), 0.0207490 secs] [Times: user=0.16 sys=0.00, real=0.02 secs] 
40.824: Total time for which application threads were stopped: 0.0209480 seconds, Stopping threads took: 0.0001030 seconds
40.913: Application time: 0.0893380 seconds
40.913: [GC [PSYoungGen: 238592K->33776K(238592K)] 459878K->297499K(783360K), 0.0338340 secs] [Times: user=0.26 sys=0.00, real=0.03 secs] 
40.947: Total time for which application threads were stopped: 0.0340240 seconds, Stopping threads took: 0.0000840 seconds
41.044: Application time: 0.0964140 seconds
41.044: [GC [PSYoungGen: 238576K->33776K(238592K)] 502299K->317794K(783360K), 0.0254380 secs] [Times: user=0.20 sys=0.00, real=0.03 secs] 
41.069: Total time for which application threads were stopped: 0.0256380 seconds, Stopping threads took: 0.0001040 seconds
41.137: Application time: 0.0682440 seconds
41.138: [GC [PSYoungGen: 238576K->33792K(238592K)] 522594K->322186K(783360K), 0.0175650 secs] [Times: user=0.13 sys=0.00, real=0.02 secs] 
41.155: Total time for which application threads were stopped: 0.0177550 seconds, Stopping threads took: 0.0000920 seconds
41.219: Application time: 0.0632950 seconds
41.219: [GC [PSYoungGen: 238592K->33776K(238592K)] 526986K->334246K(783360K), 0.0209000 secs] [Times: user=0.16 sys=0.00, real=0.02 secs] 
41.240: Total time for which application threads were stopped: 0.0210930 seconds, Stopping threads took: 0.0000950 seconds
41.333: Application time: 0.0937900 seconds
41.334: [GC [PSYoungGen: 238576K->33776K(238592K)] 539046K->373710K(783360K), 0.0328470 secs] [Times: user=0.26 sys=0.00, real=0.03 secs] 
41.366: Total time for which application threads were stopped: 0.0330210 seconds, Stopping threads took: 0.0000780 seconds
41.459: Application time: 0.0925930 seconds
41.459: [GC [PSYoungGen: 238576K->33776K(238592K)] 578510K->387629K(783360K), 0.0233480 secs] [Times: user=0.18 sys=0.00, real=0.03 secs] 
41.483: Total time for which application threads were stopped: 0.0235350 seconds, Stopping threads took: 0.0000820 seconds
41.550: Application time: 0.0670320 seconds
41.553: [GC [PSYoungGen: 238576K->33776K(238592K)] 592429K->392121K(783360K), 0.0199500 secs] [Times: user=0.16 sys=0.00, real=0.02 secs] 
41.573: Total time for which application threads were stopped: 0.0235570 seconds, Stopping threads took: 0.0035090 seconds
41.637: Application time: 0.0641720 seconds
41.638: [GC [PSYoungGen: 238576K->33776K(238592K)] 596921K->406235K(783360K), 0.0233820 secs] [Times: user=0.18 sys=0.01, real=0.02 secs] 
41.661: Total time for which application threads were stopped: 0.0235960 seconds, Stopping threads took: 0.0001190 seconds
41.758: Application time: 0.0974330 seconds
41.759: [GC [PSYoungGen: 238576K->33776K(238592K)] 611035K->448375K(783360K), 0.0345560 secs] [Times: user=0.27 sys=0.00, real=0.04 secs] 
41.793: Total time for which application threads were stopped: 0.0347540 seconds, Stopping threads took: 0.0000980 seconds
41.882: Application time: 0.0891430 seconds
41.882: [GC [PSYoungGen: 238576K->33776K(238592K)] 653175K->459067K(783360K), 0.0210310 secs] [Times: user=0.17 sys=0.00, real=0.02 secs] 
41.904: Total time for which application threads were stopped: 0.0212420 seconds, Stopping threads took: 0.0001150 seconds
41.969: Application time: 0.0659380 seconds
41.970: [GC [PSYoungGen: 238576K->33776K(238592K)] 663867K->464582K(783360K), 0.0199410 secs] [Times: user=0.14 sys=0.00, real=0.02 secs] 
41.990: Total time for which application threads were stopped: 0.0201180 seconds, Stopping threads took: 0.0000710 seconds
42.055: Application time: 0.0651820 seconds
42.057: [GC [PSYoungGen: 238576K->33760K(238592K)] 669382K->486064K(783360K), 0.0258180 secs] [Times: user=0.20 sys=0.00, real=0.03 secs] 
42.083: Total time for which application threads were stopped: 0.0283000 seconds, Stopping threads took: 0.0023880 seconds
42.184: Application time: 0.1010530 seconds
42.184: [GC [PSYoungGen: 238560K->33776K(238592K)] 690864K->525192K(783360K), 0.0345960 secs] [Times: user=0.27 sys=0.00, real=0.03 secs] 
42.219: [Full GC [PSYoungGen: 33776K->0K(238592K)] [ParOldGen: 491416K->76773K(544768K)] 525192K->76773K(783360K) [PSPermGen: 8826K->8826K(21504K)], 0.0818560 secs] [Times: user=0.59 sys=0.00, real=0.08 secs] 
42.301: Total time for which application threads were stopped: 0.1167030 seconds, Stopping threads took: 0.0000850 seconds
42.386: Application time: 0.0853970 seconds
42.386: [GC [PSYoungGen: 204800K->11328K(238592K)] 281573K->88101K(783360K), 0.0048170 secs] [Times: user=0.03 sys=0.00, real=0.01 secs] 
42.391: Total time for which application threads were stopped: 0.0050120 seconds, Stopping threads took: 0.0000970 seconds
42.456: Application time: 0.0649440 seconds
42.456: [GC [PSYoungGen: 216128K->17200K(238592K)] 292901K->93974K(783360K), 0.0069020 secs] [Times: user=0.06 sys=0.00, real=0.01 secs] 
42.463: Total time for which application threads were stopped: 0.0071070 seconds, Stopping threads took: 0.0001090 seconds
42.531: Application time: 0.0675810 seconds
42.531: [GC [PSYoungGen: 222000K->33776K(238592K)] 298774K->124035K(783360K), 0.0180180 secs] [Times: user=0.14 sys=0.00, real=0.02 secs] 
42.549: Total time for which application threads were stopped: 0.0182280 seconds, Stopping threads took: 0.0000950 seconds
42.653: Application time: 0.1036120 seconds
42.653: [GC [PSYoungGen: 238576K->33760K(238592K)] 328835K->152400K(783360K), 0.0257610 secs] [Times: user=0.20 sys=0.00, real=0.02 secs] 
42.679: Total time for which application threads were stopped: 0.0259470 seconds, Stopping threads took: 0.0000900 seconds
42.760: Application time: 0.0814230 seconds
42.760: [GC [PSYoungGen: 238560K->33760K(238592K)] 357200K->155772K(783360K), 0.0171740 secs] [Times: user=0.14 sys=0.00, real=0.02 secs] 
42.777: Total time for which application threads were stopped: 0.0173810 seconds, Stopping threads took: 0.0001120 seconds
42.841: Application time: 0.0638400 seconds
42.841: [GC [PSYoungGen: 238560K->33776K(238592K)] 360572K->161883K(783360K), 0.0185890 secs] [Times: user=0.14 sys=0.00, real=0.01 secs] 
42.860: Total time for which application threads were stopped: 0.0187930 seconds, Stopping threads took: 0.0001050 seconds
42.931: Application time: 0.0712850 seconds
42.932: [GC [PSYoungGen: 238576K->33776K(238592K)] 366683K->198699K(783360K), 0.0309410 secs] [Times: user=0.22 sys=0.00, real=0.03 secs] 
42.963: Total time for which application threads were stopped: 0.0311190 seconds, Stopping threads took: 0.0000850 seconds
43.066: Application time: 0.1039140 seconds
43.067: [GC [PSYoungGen: 238576K->33776K(238592K)] 403499K->224875K(783360K), 0.0270170 secs] [Times: user=0.21 sys=0.00, real=0.03 secs] 
43.094: Total time for which application threads were stopped: 0.0272340 seconds, Stopping threads took: 0.0000990 seconds
43.171: Application time: 0.0776650 seconds
43.171: [GC [PSYoungGen: 238576K->33776K(238592K)] 429675K->227070K(783360K), 0.0180730 secs] [Times: user=0.15 sys=0.00, real=0.02 secs] 
43.190: Total time for which application threads were stopped: 0.0182610 seconds, Stopping threads took: 0.0000910 seconds
43.253: Application time: 0.0638060 seconds
43.254: [GC [PSYoungGen: 238576K->33776K(238592K)] 431870K->233629K(783360K), 0.0195960 secs] [Times: user=0.15 sys=0.00, real=0.02 secs] 
43.273: Total time for which application threads were stopped: 0.0197750 seconds, Stopping threads took: 0.0000800 seconds
43.348: Application time: 0.0752510 seconds
43.349: [GC [PSYoungGen: 238576K->33776K(238592K)] 438429K->273093K(783360K), 0.0333700 secs] [Times: user=0.25 sys=0.00, real=0.04 secs] 
43.382: Total time for which application threads were stopped: 0.0335350 seconds, Stopping threads took: 0.0000720 seconds
43.485: Application time: 0.1026980 seconds
43.485: [GC [PSYoungGen: 238576K->33792K(238592K)] 477893K->294077K(783360K), 0.0269360 secs] [Times: user=0.21 sys=0.00, real=0.03 secs] 
43.512: Total time for which application threads were stopped: 0.0271240 seconds, Stopping threads took: 0.0000940 seconds
43.587: Application time: 0.0750450 seconds
43.587: [GC [PSYoungGen: 238592K->33760K(238592K)] 498877K->297245K(783360K), 0.0190710 secs] [Times: user=0.14 sys=0.00, real=0.02 secs] 
43.606: Total time for which application threads were stopped: 0.0192770 seconds, Stopping threads took: 0.0000960 seconds
43.670: Application time: 0.0635660 seconds
43.670: [GC [PSYoungGen: 238560K->33776K(238592K)] 502045K->307090K(783360K), 0.0213020 secs] [Times: user=0.16 sys=0.00, real=0.02 secs] 
43.691: Total time for which application threads were stopped: 0.0214750 seconds, Stopping threads took: 0.0000780 seconds
43.772: Application time: 0.0807370 seconds
43.772: [GC [PSYoungGen: 238576K->33776K(238592K)] 511890K->345934K(783360K), 0.0343890 secs] [Times: user=0.27 sys=0.00, real=0.03 secs] 
43.806: Total time for which application threads were stopped: 0.0345740 seconds, Stopping threads took: 0.0000930 seconds
43.906: Application time: 0.0996580 seconds
43.909: [GC [PSYoungGen: 238576K->33760K(238592K)] 550734K->368865K(783360K), 0.0286240 secs] [Times: user=0.23 sys=0.00, real=0.02 secs] 
43.938: Total time for which application threads were stopped: 0.0316730 seconds, Stopping threads took: 0.0029510 seconds
44.010: Application time: 0.0724240 seconds
44.010: [GC [PSYoungGen: 238560K->33776K(238592K)] 573665K->371976K(783360K), 0.0197550 secs] [Times: user=0.16 sys=0.00, real=0.02 secs] 
44.030: Total time for which application threads were stopped: 0.0199620 seconds, Stopping threads took: 0.0001090 seconds
44.094: Application time: 0.0642300 seconds
44.095: [GC [PSYoungGen: 238576K->33776K(238592K)] 576776K->383559K(783360K), 0.0226300 secs] [Times: user=0.18 sys=0.00, real=0.02 secs] 
44.117: Total time for which application threads were stopped: 0.0228330 seconds, Stopping threads took: 0.0000930 seconds
44.200: Application time: 0.0828460 seconds
44.200: [GC [PSYoungGen: 238576K->33776K(238592K)] 588359K->419548K(783360K), 0.0313060 secs] [Times: user=0.25 sys=0.00, real=0.04 secs] 
44.232: Total time for which application threads were stopped: 0.0314980 seconds, Stopping threads took: 0.0000980 seconds
44.330: Application time: 0.0980340 seconds
44.330: [GC [PSYoungGen: 238576K->33776K(238592K)] 624348K->438272K(783360K), 0.0247430 secs] [Times: user=0.19 sys=0.00, real=0.02 secs] 
44.355: Total time for which application threads were stopped: 0.0249260 seconds, Stopping threads took: 0.0000900 seconds
44.426: Application time: 0.0716410 seconds
44.429: [GC [PSYoungGen: 238576K->33792K(238592K)] 643072K->443943K(783360K), 0.0195110 secs] [Times: user=0.15 sys=0.00, real=0.01 secs] 
44.449: Total time for which application threads were stopped: 0.0224970 seconds, Stopping threads took: 0.0028890 seconds
44.512: Application time: 0.0635720 seconds
44.512: [GC [PSYoungGen: 238592K->33776K(238592K)] 648743K->452680K(783360K), 0.0210980 secs] [Times: user=0.17 sys=0.00, real=0.02 secs] 
44.534: Total time for which application threads were stopped: 0.0212720 seconds, Stopping threads took: 0.0000780 seconds
44.622: Application time: 0.0887910 seconds
44.623: [GC [PSYoungGen: 238576K->33776K(238592K)] 657480K->493920K(783360K), 0.0348860 secs] [Times: user=0.27 sys=0.00, real=0.03 secs] 
44.657: Total time for which application threads were stopped: 0.0350910 seconds, Stopping threads took: 0.0001000 seconds
44.753: Application time: 0.0955450 seconds
44.753: [GC [PSYoungGen: 238576K->33760K(238592K)] 698720K->509248K(783360K), 0.0244270 secs] [Times: user=0.19 sys=0.00, real=0.02 secs] 
44.778: Total time for which application threads were stopped: 0.0246560 seconds, Stopping threads took: 0.0001310 seconds
44.848: Application time: 0.0701430 seconds
44.848: [GC [PSYoungGen: 238560K->33776K(238592K)] 714048K->514507K(783360K), 0.0193920 secs] [Times: user=0.15 sys=0.00, real=0.02 secs] 
44.867: Total time for which application threads were stopped: 0.0195880 seconds, Stopping threads took: 0.0000960 seconds
44.932: Application time: 0.0640900 seconds
44.932: [GC [PSYoungGen: 238576K->33792K(238592K)] 719307K->524011K(783360K), 0.0215340 secs] [Times: user=0.17 sys=0.00, real=0.02 secs] 
44.953: Total time for which application threads were stopped: 0.0217350 seconds, Stopping threads took: 0.0001030 seconds
45.045: Application time: 0.0917920 seconds
45.045: [GC [PSYoungGen: 238592K->33776K(238592K)] 728811K->565066K(783360K), 0.0344910 secs] [Times: user=0.27 sys=0.01, real=0.03 secs] 
45.080: [Full GC [PSYoungGen: 33776K->0K(238592K)] [ParOldGen: 531290K->76971K(544768K)] 565066K->76971K(783360K) [PSPermGen: 8827K->8827K(21504K)], 0.0836850 secs] [Times: user=0.61 sys=0.00, real=0.09 secs] 
45.163: Total time for which application threads were stopped: 0.1184170 seconds, Stopping threads took: 0.0000910 seconds
45.256: Application time: 0.0925020 seconds
45.256: [GC [PSYoungGen: 204800K->16192K(238592K)] 281771K->93163K(783360K), 0.0068370 secs] [Times: user=0.05 sys=0.00, real=0.01 secs] 
45.263: Total time for which application threads were stopped: 0.0070550 seconds, Stopping threads took: 0.0001040 seconds
45.331: Application time: 0.0681630 seconds
45.331: [GC [PSYoungGen: 220992K->22160K(238592K)] 297963K->99131K(783360K), 0.0087730 secs] [Times: user=0.06 sys=0.00, real=0.00 secs] 
45.340: Total time for which application threads were stopped: 0.0089990 seconds, Stopping threads took: 0.0001250 seconds
45.405: Application time: 0.0650960 seconds
45.405: [GC [PSYoungGen: 226960K->33776K(238592K)] 303931K->112771K(783360K), 0.0137350 secs] [Times: user=0.11 sys=0.00, real=0.01 secs] 
45.419: Total time for which application threads were stopped: 0.0139180 seconds, Stopping threads took: 0.0000870 seconds
45.514: Application time: 0.0948640 seconds
45.514: [GC [PSYoungGen: 238576K->33776K(238592K)] 317571K->151249K(783360K), 0.0288710 secs] [Times: user=0.22 sys=0.00, real=0.03 secs] 
45.543: Total time for which application threads were stopped: 0.0290650 seconds, Stopping threads took: 0.0000950 seconds
45.633: Application time: 0.0897860 seconds
45.633: [GC [PSYoungGen: 238576K->33792K(238592K)] 356049K->161216K(783360K), 0.0179720 secs] [Times: user=0.14 sys=0.00, real=0.02 secs] 
45.651: Total time for which application threads were stopped: 0.0181860 seconds, Stopping threads took: 0.0001160 seconds
45.719: Application time: 0.0680600 seconds
45.719: [GC [PSYoungGen: 238592K->33776K(238592K)] 366016K->167463K(783360K), 0.0170890 secs] [Times: user=0.13 sys=0.00, real=0.02 secs] 
45.736: Total time for which application threads were stopped: 0.0172770 seconds, Stopping threads took: 0.0000910 seconds
45.803: Application time: 0.0661110 seconds
45.803: [GC [PSYoungGen: 238576K->33776K(238592K)] 372263K->187221K(783360K), 0.0222500 secs] [Times: user=0.18 sys=0.00, real=0.02 secs] 
45.825: Total time for which application threads were stopped: 0.0224400 seconds, Stopping threads took: 0.0000740 seconds
45.925: Application time: 0.1002980 seconds
45.925: [GC [PSYoungGen: 238576K->33776K(238592K)] 392021K->223171K(783360K), 0.0300760 secs] [Times: user=0.23 sys=0.00, real=0.03 secs] 
45.956: Total time for which application threads were stopped: 0.0302630 seconds, Stopping threads took: 0.0000880 seconds
46.041: Application time: 0.0853880 seconds
46.041: [GC [PSYoungGen: 238576K->33792K(238592K)] 427971K->233982K(783360K), 0.0191340 secs] [Times: user=0.15 sys=0.00, real=0.01 secs] 
46.060: Total time for which application threads were stopped: 0.0193340 seconds, Stopping threads took: 0.0001030 seconds
46.128: Application time: 0.0675960 seconds
46.128: [GC [PSYoungGen: 238592K->33776K(238592K)] 438782K->241361K(783360K), 0.0185340 secs] [Times: user=0.14 sys=0.00, real=0.02 secs] 
46.147: Total time for which application threads were stopped: 0.0187350 seconds, Stopping threads took: 0.0001040 seconds
46.215: Application time: 0.0684150 seconds
46.215: [GC [PSYoungGen: 238576K->33776K(238592K)] 446161K->266178K(783360K), 0.0251180 secs] [Times: user=0.20 sys=0.00, real=0.02 secs] 
46.240: Total time for which application threads were stopped: 0.0252890 seconds, Stopping threads took: 0.0000750 seconds
46.339: Application time: 0.0984810 seconds
46.339: [GC [PSYoungGen: 238576K->33792K(238592K)] 470978K->296554K(783360K), 0.0300660 secs] [Times: user=0.24 sys=0.00, real=0.04 secs] 
46.369: Total time for which application threads were stopped: 0.0302720 seconds, Stopping threads took: 0.0001000 seconds
46.452: Application time: 0.0825080 seconds
46.453: [GC [PSYoungGen: 238592K->33776K(238592K)] 501354K->304869K(783360K), 0.0203010 secs] [Times: user=0.16 sys=0.00, real=0.02 secs] 
46.474: Total time for which application threads were stopped: 0.0218990 seconds, Stopping threads took: 0.0014990 seconds
46.542: Application time: 0.0684370 seconds
46.542: [GC [PSYoungGen: 238576K->33792K(238592K)] 509669K->315605K(783360K), 0.0218380 secs] [Times: user=0.17 sys=0.00, real=0.02 secs] 
46.564: Total time for which application threads were stopped: 0.0220430 seconds, Stopping threads took: 0.0001070 seconds
46.635: Application time: 0.0707490 seconds
46.635: [GC [PSYoungGen: 238592K->33776K(238592K)] 520405K->339632K(783360K), 0.0276860 secs] [Times: user=0.22 sys=0.00, real=0.03 secs] 
46.663: Total time for which application threads were stopped: 0.0278640 seconds, Stopping threads took: 0.0000810 seconds
46.761: Application time: 0.0980510 seconds
46.761: [GC [PSYoungGen: 238576K->33792K(238592K)] 544432K->370613K(783360K), 0.0331630 secs] [Times: user=0.26 sys=0.00, real=0.04 secs] 
46.794: Total time for which application threads were stopped: 0.0333470 seconds, Stopping threads took: 0.0000900 seconds
46.875: Application time: 0.0808340 seconds
46.875: [GC [PSYoungGen: 238592K->33792K(238592K)] 575413K->380285K(783360K), 0.0219230 secs] [Times: user=0.17 sys=0.00, real=0.02 secs] 
46.897: Total time for which application threads were stopped: 0.0221230 seconds, Stopping threads took: 0.0000910 seconds
46.965: Application time: 0.0676280 seconds
46.965: [GC [PSYoungGen: 238592K->33776K(238592K)] 585085K->387284K(783360K), 0.0209630 secs] [Times: user=0.17 sys=0.00, real=0.02 secs] 
46.986: Total time for which application threads were stopped: 0.0211760 seconds, Stopping threads took: 0.0001160 seconds
47.057: Application time: 0.0713900 seconds
47.057: [GC [PSYoungGen: 238576K->33760K(238592K)] 592084K->412255K(783360K), 0.0287320 secs] [Times: user=0.23 sys=0.00, real=0.03 secs] 
47.086: Total time for which application threads were stopped: 0.0289140 seconds, Stopping threads took: 0.0000870 seconds
47.185: Application time: 0.0986930 seconds
47.185: [GC [PSYoungGen: 238560K->33776K(238592K)] 617055K->437681K(783360K), 0.0318260 secs] [Times: user=0.25 sys=0.00, real=0.03 secs] 
47.217: Total time for which application threads were stopped: 0.0320030 seconds, Stopping threads took: 0.0000820 seconds
47.297: Application time: 0.0797440 seconds
47.297: [GC [PSYoungGen: 238576K->33792K(238592K)] 642481K->450829K(783360K), 0.0235770 secs] [Times: user=0.18 sys=0.00, real=0.02 secs] 
47.320: Total time for which application threads were stopped: 0.0237800 seconds, Stopping threads took: 0.0001050 seconds
47.387: Application time: 0.0663450 seconds
47.387: [GC [PSYoungGen: 238592K->33792K(238592K)] 655629K->459165K(783360K), 0.0229940 secs] [Times: user=0.18 sys=0.00, real=0.03 secs] 
47.410: Total time for which application threads were stopped: 0.0231880 seconds, Stopping threads took: 0.0000840 seconds
47.485: Application time: 0.0749100 seconds
47.485: [GC [PSYoungGen: 238592K->33776K(238592K)] 663965K->488535K(783360K), 0.0310550 secs] [Times: user=0.25 sys=0.00, real=0.03 secs] 
47.516: Total time for which application threads were stopped: 0.0312530 seconds, Stopping threads took: 0.0001050 seconds
47.614: Application time: 0.0983020 seconds
47.614: [GC [PSYoungGen: 238576K->33776K(238592K)] 693335K->512332K(783360K), 0.0287250 secs] [Times: user=0.23 sys=0.01, real=0.03 secs] 
47.643: Total time for which application threads were stopped: 0.0288960 seconds, Stopping threads took: 0.0000770 seconds
47.721: Application time: 0.0772880 seconds
47.721: [GC [PSYoungGen: 238576K->33776K(238592K)] 717132K->520969K(783360K), 0.0213550 secs] [Times: user=0.16 sys=0.00, real=0.03 secs] 
47.742: Total time for which application threads were stopped: 0.0215570 seconds, Stopping threads took: 0.0001060 seconds
47.808: Application time: 0.0658370 seconds
47.808: [GC [PSYoungGen: 238576K->33760K(238592K)] 725769K->529993K(783360K), 0.0224490 secs] [Times: user=0.17 sys=0.00, real=0.03 secs] 
47.831: Total time for which application threads were stopped: 0.0226430 seconds, Stopping threads took: 0.0000970 seconds
47.909: Application time: 0.0781180 seconds
47.909: [GC [PSYoungGen: 238560K->33776K(238592K)] 734793K->564810K(783360K), 0.0319530 secs] [Times: user=0.25 sys=0.00, real=0.03 secs] 
47.941: [Full GC [PSYoungGen: 33776K->0K(238592K)] [ParOldGen: 531034K->72225K(544768K)] 564810K->72225K(783360K) [PSPermGen: 8828K->8828K(21504K)], 0.0768510 secs] [Times: user=0.56 sys=0.00, real=0.08 secs] 
48.018: Total time for which application threads were stopped: 0.1090750 seconds, Stopping threads took: 0.0000920 seconds
48.116: Application time: 0.0980120 seconds
48.116: [GC [PSYoungGen: 204800K->25696K(238592K)] 277025K->97921K(783360K), 0.0108460 secs] [Times: user=0.08 sys=0.00, real=0.01 secs] 
48.127: Total time for which application threads were stopped: 0.0110560 seconds, Stopping threads took: 0.0001160 seconds
48.202: Application time: 0.0751970 seconds
48.202: [GC [PSYoungGen: 230496K->31952K(238592K)] 302721K->104177K(783360K), 0.0124580 secs] [Times: user=0.10 sys=0.00, real=0.01 secs] 
48.215: Total time for which application threads were stopped: 0.0126460 seconds, Stopping threads took: 0.0000910 seconds
48.281: Application time: 0.0665980 seconds
48.281: [GC [PSYoungGen: 236752K->33760K(238592K)] 308977K->116030K(783360K), 0.0166400 secs] [Times: user=0.13 sys=0.00, real=0.01 secs] 
48.298: Total time for which application threads were stopped: 0.0168480 seconds, Stopping threads took: 0.0001110 seconds
48.381: Application time: 0.0827270 seconds
48.381: [GC [PSYoungGen: 238560K->33776K(238592K)] 320830K->151087K(783360K), 0.0278150 secs] [Times: user=0.21 sys=0.00, real=0.03 secs] 
48.409: Total time for which application threads were stopped: 0.0279920 seconds, Stopping threads took: 0.0000790 seconds
48.504: Application time: 0.0954370 seconds
48.504: [GC [PSYoungGen: 238576K->33776K(238592K)] 355887K->169239K(783360K), 0.0216450 secs] [Times: user=0.17 sys=0.00, real=0.02 secs] 
48.526: Total time for which application threads were stopped: 0.0218370 seconds, Stopping threads took: 0.0000840 seconds
48.599: Application time: 0.0728580 seconds
48.600: [GC [PSYoungGen: 238576K->33792K(238592K)] 374039K->176139K(783360K), 0.0175730 secs] [Times: user=0.14 sys=0.00, real=0.02 secs] 
48.617: Total time for which application threads were stopped: 0.0181510 seconds, Stopping threads took: 0.0004710 seconds
48.684: Application time: 0.0670080 seconds
48.684: [GC [PSYoungGen: 238592K->33776K(238592K)] 380939K->188858K(783360K), 0.0203660 secs] [Times: user=0.16 sys=0.00, real=0.02 secs] 
48.705: Total time for which application threads were stopped: 0.0205900 seconds, Stopping threads took: 0.0001250 seconds
48.790: Application time: 0.0856110 seconds
48.791: [GC [PSYoungGen: 238576K->33776K(238592K)] 393658K->229582K(783360K), 0.0324920 secs] [Times: user=0.25 sys=0.00, real=0.03 secs] 
48.823: Total time for which application threads were stopped: 0.0326790 seconds, Stopping threads took: 0.0000930 seconds
48.916: Application time: 0.0926090 seconds
48.916: [GC [PSYoungGen: 238576K->33792K(238592K)] 434382K->241870K(783360K), 0.0205810 secs] [Times: user=0.17 sys=0.00, real=0.02 secs] 
48.936: Total time for which application threads were stopped: 0.0207810 seconds, Stopping threads took: 0.0001020 seconds
49.007: Application time: 0.0709350 seconds
49.008: [GC [PSYoungGen: 238592K->33776K(238592K)] 446670K->248505K(783360K), 0.0179610 secs] [Times: user=0.14 sys=0.00, real=0.02 secs] 
49.026: Total time for which application threads were stopped: 0.0181850 seconds, Stopping threads took: 0.0001140 seconds
49.093: Application time: 0.0673890 seconds
49.093: [GC [PSYoungGen: 238576K->33760K(238592K)] 453305K->267083K(783360K), 0.0225400 secs] [Times: user=0.17 sys=0.00, real=0.02 secs] 
49.116: Total time for which application threads were stopped: 0.0227400 seconds, Stopping threads took: 0.0001040 seconds
49.206: Application time: 0.0898310 seconds
49.206: [GC [PSYoungGen: 238560K->33776K(238592K)] 471883K->302798K(783360K), 0.0317150 secs] [Times: user=0.25 sys=0.00, real=0.03 secs] 
49.237: Total time for which application threads were stopped: 0.0319060 seconds, Stopping threads took: 0.0000920 seconds
49.326: Application time: 0.0884040 seconds
49.326: [GC [PSYoungGen: 238576K->33792K(238592K)] 507598K->317866K(783360K), 0.0223440 secs] [Times: user=0.17 sys=0.00, real=0.02 secs] 
49.348: Total time for which application threads were stopped: 0.0225330 seconds, Stopping threads took: 0.0000910 seconds
49.419: Application time: 0.0703060 seconds
49.419: [GC [PSYoungGen: 238592K->33792K(238592K)] 522666K->327984K(783360K), 0.0205960 secs] [Times: user=0.16 sys=0.00, real=0.02 secs] 
49.439: Total time for which application threads were stopped: 0.0207930 seconds, Stopping threads took: 0.0001020 seconds
49.509: Application time: 0.0690930 seconds
49.509: [GC [PSYoungGen: 238592K->33776K(238592K)] 532784K->348972K(783360K), 0.0248890 secs] [Times: user=0.19 sys=0.00, real=0.03 secs] 
49.534: Total time for which application threads were stopped: 0.0250830 seconds, Stopping threads took: 0.0000880 seconds
49.627: Application time: 0.0929820 seconds
49.627: [GC [PSYoungGen: 238576K->33792K(238592K)] 553772K->380407K(783360K), 0.0317480 secs] [Times: user=0.25 sys=0.00, real=0.03 secs] 
49.659: Total time for which application threads were stopped: 0.0319480 seconds, Stopping threads took: 0.0001040 seconds
49.744: Application time: 0.0851610 seconds
49.744: [GC [PSYoungGen: 238592K->33776K(238592K)] 585207K->392730K(783360K), 0.0237810 secs] [Times: user=0.19 sys=0.00, real=0.02 secs] 
49.768: Total time for which application threads were stopped: 0.0239930 seconds, Stopping threads took: 0.0001160 seconds
49.838: Application time: 0.0698900 seconds
49.838: [GC [PSYoungGen: 238576K->33760K(238592K)] 597530K->404529K(783360K), 0.0229890 secs] [Times: user=0.17 sys=0.00, real=0.02 secs] 
49.861: Total time for which application threads were stopped: 0.0231780 seconds, Stopping threads took: 0.0000940 seconds
49.931: Application time: 0.0700830 seconds
49.931: [GC [PSYoungGen: 238560K->33776K(238592K)] 609329K->425645K(783360K), 0.0264310 secs] [Times: user=0.21 sys=0.00, real=0.02 secs] 
49.958: Total time for which application threads were stopped: 0.0266240 seconds, Stopping threads took: 0.0000960 seconds
50.052: Application time: 0.0943230 seconds
50.052: [GC [PSYoungGen: 238576K->33792K(238592K)] 630445K->453093K(783360K), 0.0310870 secs] [Times: user=0.25 sys=0.00, real=0.03 secs] 
50.083: Total time for which application threads were stopped: 0.0312870 seconds, Stopping threads took: 0.0000900 seconds
50.166: Application time: 0.0831530 seconds
50.166: [GC [PSYoungGen: 238592K->33792K(238592K)] 657893K->460821K(783360K), 0.0212920 secs] [Times: user=0.17 sys=0.00, real=0.02 secs] 
50.188: Total time for which application threads were stopped: 0.0214890 seconds, Stopping threads took: 0.0000980 seconds
50.257: Application time: 0.0694260 seconds
50.257: [GC [PSYoungGen: 238592K->33792K(238592K)] 665621K->473493K(783360K), 0.0238580 secs] [Times: user=0.18 sys=0.00, real=0.03 secs] 
50.281: Total time for which application threads were stopped: 0.0240550 seconds, Stopping threads took: 0.0001010 seconds
50.352: Application time: 0.0708250 seconds
50.352: [GC [PSYoungGen: 238592K->33776K(238592K)] 678293K->495035K(783360K), 0.0284320 secs] [Times: user=0.21 sys=0.00, real=0.02 secs] 
50.381: Total time for which application threads were stopped: 0.0286300 seconds, Stopping threads took: 0.0001000 seconds
50.477: Application time: 0.0966860 seconds
50.478: [GC [PSYoungGen: 238576K->33776K(238592K)] 699835K->524450K(783360K), 0.0331270 secs] [Times: user=0.26 sys=0.00, real=0.04 secs] 
50.511: Total time for which application threads were stopped: 0.0333280 seconds, Stopping threads took: 0.0001050 seconds
50.591: Application time: 0.0802160 seconds
50.591: [GC [PSYoungGen: 238576K->33760K(238592K)] 729250K->534838K(783360K), 0.0233220 secs] [Times: user=0.18 sys=0.00, real=0.02 secs] 
50.615: Total time for which application threads were stopped: 0.0235100 seconds, Stopping threads took: 0.0000790 seconds
50.683: Application time: 0.0688430 seconds
50.683: [GC [PSYoungGen: 238560K->33760K(238592K)] 739638K->546186K(783360K), 0.0241090 secs] [Times: user=0.19 sys=0.00, real=0.02 secs] 
50.708: [Full GC [PSYoungGen: 33760K->0K(238592K)] [ParOldGen: 512426K->77388K(544768K)] 546186K->77388K(783360K) [PSPermGen: 8828K->8828K(21504K)], 0.0838690 secs] [Times: user=0.61 sys=0.00, real=0.09 secs] 
50.792: Total time for which application threads were stopped: 0.1082210 seconds, Stopping threads took: 0.0000940 seconds
50.864: Application time: 0.0726190 seconds
50.864: [GC [PSYoungGen: 204800K->24512K(238592K)] 282188K->101900K(783360K), 0.0102550 secs] [Times: user=0.08 sys=0.00, real=0.01 secs] 
50.875: Total time for which application threads were stopped: 0.0104750 seconds, Stopping threads took: 0.0001250 seconds
50.972: Application time: 0.0970520 seconds
50.972: [GC [PSYoungGen: 229312K->33760K(238592K)] 306700K->133932K(783360K), 0.0226640 secs] [Times: user=0.18 sys=0.00, real=0.02 secs] 
50.995: Total time for which application threads were stopped: 0.0228520 seconds, Stopping threads took: 0.0000890 seconds
51.074: Application time: 0.0799130 seconds
51.075: [GC [PSYoungGen: 238560K->33760K(238592K)] 338732K->140948K(783360K), 0.0176910 secs] [Times: user=0.14 sys=0.00, real=0.02 secs] 
51.092: Total time for which application threads were stopped: 0.0178870 seconds, Stopping threads took: 0.0000980 seconds
51.161: Application time: 0.0689800 seconds
51.162: [GC [PSYoungGen: 238560K->33776K(238592K)] 345748K->149588K(783360K), 0.0192850 secs] [Times: user=0.15 sys=0.00, real=0.01 secs] 
51.181: Total time for which application threads were stopped: 0.0194940 seconds, Stopping threads took: 0.0001030 seconds
51.255: Application time: 0.0741980 seconds
51.255: [GC [PSYoungGen: 238576K->33792K(238592K)] 354388K->178322K(783360K), 0.0264590 secs] [Times: user=0.20 sys=0.00, real=0.03 secs] 
51.282: Total time for which application threads were stopped: 0.0266770 seconds, Stopping threads took: 0.0001200 seconds
51.378: Application time: 0.0960140 seconds
51.378: [GC [PSYoungGen: 238592K->33760K(238592K)] 383122K->206774K(783360K), 0.0273520 secs] [Times: user=0.20 sys=0.00, real=0.03 secs] 
51.405: Total time for which application threads were stopped: 0.0275580 seconds, Stopping threads took: 0.0001090 seconds
51.483: Application time: 0.0777360 seconds
51.483: [GC [PSYoungGen: 238560K->33776K(238592K)] 411574K->219338K(783360K), 0.0201240 secs] [Times: user=0.16 sys=0.00, real=0.02 secs] 
51.503: Total time for which application threads were stopped: 0.0203090 seconds, Stopping threads took: 0.0000900 seconds
51.572: Application time: 0.0689290 seconds
51.572: [GC [PSYoungGen: 238576K->33792K(238592K)] 424138K->229468K(783360K), 0.0199600 secs] [Times: user=0.16 sys=0.00, real=0.02 secs] 
51.592: Total time for which application threads were stopped: 0.0201440 seconds, Stopping threads took: 0.0000860 seconds
51.670: Application time: 0.0774340 seconds
51.670: [GC [PSYoungGen: 238592K->33776K(238592K)] 434268K->259019K(783360K), 0.0280750 secs] [Times: user=0.23 sys=0.00, real=0.02 secs] 
51.698: Total time for which application threads were stopped: 0.0282720 seconds, Stopping threads took: 0.0000870 seconds
51.793: Application time: 0.0945710 seconds
51.793: [GC [PSYoungGen: 238576K->33776K(238592K)] 463819K->281461K(783360K), 0.0262690 secs] [Times: user=0.20 sys=0.00, real=0.02 secs] 
51.819: Total time for which application threads were stopped: 0.0264430 seconds, Stopping threads took: 0.0000760 seconds
51.895: Application time: 0.0763100 seconds
51.896: [GC [PSYoungGen: 238576K->33776K(238592K)] 486261K->290765K(783360K), 0.0199720 secs] [Times: user=0.15 sys=0.00, real=0.02 secs] 
51.916: Total time for which application threads were stopped: 0.0201510 seconds, Stopping threads took: 0.0000820 seconds
51.984: Application time: 0.0686690 seconds
51.984: [GC [PSYoungGen: 238576K->33776K(238592K)] 495565K->304156K(783360K), 0.0220820 secs] [Times: user=0.18 sys=0.00, real=0.02 secs] 
52.007: Total time for which application threads were stopped: 0.0222850 seconds, Stopping threads took: 0.0001070 seconds
52.086: Application time: 0.0797880 seconds
52.087: [GC [PSYoungGen: 238576K->33776K(238592K)] 508956K->341393K(783360K), 0.0314010 secs] [Times: user=0.25 sys=0.00, real=0.03 secs] 
52.118: Total time for which application threads were stopped: 0.0316110 seconds, Stopping threads took: 0.0001160 seconds
52.211: Application time: 0.0929220 seconds
52.211: [GC [PSYoungGen: 238576K->33776K(238592K)] 546193K->361079K(783360K), 0.0251860 secs] [Times: user=0.20 sys=0.00, real=0.02 secs] 
52.236: Total time for which application threads were stopped: 0.0254140 seconds, Stopping threads took: 0.0001160 seconds
52.312: Application time: 0.0755560 seconds
52.312: [GC [PSYoungGen: 238576K->33776K(238592K)] 565879K->370895K(783360K), 0.0202710 secs] [Times: user=0.16 sys=0.00, real=0.02 secs] 
52.332: Total time for which application threads were stopped: 0.0204620 seconds, Stopping threads took: 0.0000940 seconds
52.401: Application time: 0.0689000 seconds
52.401: [GC [PSYoungGen: 238576K->33760K(238592K)] 575695K->382854K(783360K), 0.0215220 secs] [Times: user=0.16 sys=0.00, real=0.02 secs] 
52.423: Total time for which application threads were stopped: 0.0217160 seconds, Stopping threads took: 0.0000970 seconds
52.505: Application time: 0.0818600 seconds
52.505: [GC [PSYoungGen: 238560K->33776K(238592K)] 587654K->418278K(783360K), 0.0305470 secs] [Times: user=0.24 sys=0.00, real=0.03 secs] 
52.536: Total time for which application threads were stopped: 0.0307240 seconds, Stopping threads took: 0.0000840 seconds
52.628: Application time: 0.0920540 seconds
52.628: [GC [PSYoungGen: 238576K->33792K(238592K)] 623078K->430998K(783360K), 0.0230640 secs] [Times: user=0.19 sys=0.00, real=0.03 secs] 
52.651: Total time for which application threads were stopped: 0.0232430 seconds, Stopping threads took: 0.0000830 seconds
52.725: Application time: 0.0742110 seconds
52.725: [GC [PSYoungGen: 238592K->33776K(238592K)] 635798K->441634K(783360K), 0.0216720 secs] [Times: user=0.17 sys=0.00, real=0.02 secs] 
52.747: Total time for which application threads were stopped: 0.0218970 seconds, Stopping threads took: 0.0001110 seconds
52.816: Application time: 0.0693420 seconds
52.816: [GC [PSYoungGen: 238576K->33776K(238592K)] 646434K->452922K(783360K), 0.0224590 secs] [Times: user=0.18 sys=0.00, real=0.02 secs] 
52.839: Total time for which application threads were stopped: 0.0226430 seconds, Stopping threads took: 0.0000890 seconds
52.924: Application time: 0.0847290 seconds
52.924: [GC [PSYoungGen: 238576K->33792K(238592K)] 657722K->488603K(783360K), 0.0332520 secs] [Times: user=0.27 sys=0.00, real=0.03 secs] 
52.957: Total time for which application threads were stopped: 0.0334440 seconds, Stopping threads took: 0.0000950 seconds
53.046: Application time: 0.0889630 seconds
53.046: [GC [PSYoungGen: 238592K->33792K(238592K)] 693403K->498886K(783360K), 0.0240770 secs] [Times: user=0.19 sys=0.00, real=0.03 secs] 
53.070: Total time for which application threads were stopped: 0.0242530 seconds, Stopping threads took: 0.0000810 seconds
53.144: Application time: 0.0737700 seconds
53.144: [GC [PSYoungGen: 238592K->33760K(238592K)] 703686K->512637K(783360K), 0.0233410 secs] [Times: user=0.18 sys=0.00, real=0.02 secs] 
53.168: Total time for which application threads were stopped: 0.0235310 seconds, Stopping threads took: 0.0000940 seconds
53.237: Application time: 0.0694750 seconds
53.237: [GC [PSYoungGen: 238560K->33776K(238592K)] 717437K->525973K(783360K), 0.0242560 secs] [Times: user=0.18 sys=0.00, real=0.03 secs] 
53.262: Total time for which application threads were stopped: 0.0244400 seconds, Stopping threads took: 0.0000780 seconds
53.349: Application time: 0.0878200 seconds
53.350: [GC [PSYoungGen: 238576K->33792K(238592K)] 730773K->558566K(783360K), 0.0324360 secs] [Times: user=0.26 sys=0.00, real=0.03 secs] 
53.382: [Full GC [PSYoungGen: 33792K->0K(238592K)] [ParOldGen: 524774K->77023K(544768K)] 558566K->77023K(783360K) [PSPermGen: 8832K->8832K(21504K)], 0.0837570 secs] [Times: user=0.61 sys=0.00, real=0.08 secs] 
53.466: Total time for which application threads were stopped: 0.1164540 seconds, Stopping threads took: 0.0000990 seconds
53.552: Application time: 0.0859860 seconds
53.552: [GC [PSYoungGen: 204800K->15184K(238592K)] 281823K->92208K(783360K), 0.0060710 secs] [Times: user=0.05 sys=0.00, real=0.00 secs] 
53.558: Total time for which application threads were stopped: 0.0062750 seconds, Stopping threads took: 0.0001080 seconds
53.632: Application time: 0.0739630 seconds
53.632: [GC [PSYoungGen: 219984K->25616K(238592K)] 297008K->102640K(783360K), 0.0105160 secs] [Times: user=0.08 sys=0.00, real=0.01 secs] 
53.643: Total time for which application threads were stopped: 0.0107020 seconds, Stopping threads took: 0.0000840 seconds
53.713: Application time: 0.0699580 seconds
53.713: [GC [PSYoungGen: 230416K->33760K(238592K)] 307440K->118452K(783360K), 0.0158320 secs] [Times: user=0.12 sys=0.00, real=0.01 secs] 
53.729: Total time for which application threads were stopped: 0.0160520 seconds, Stopping threads took: 0.0001200 seconds
53.818: Application time: 0.0891070 seconds
53.818: [GC [PSYoungGen: 238560K->33760K(238592K)] 323252K->147514K(783360K), 0.0257470 secs] [Times: user=0.20 sys=0.00, real=0.03 secs] 
53.844: Total time for which application threads were stopped: 0.0259280 seconds, Stopping threads took: 0.0000740 seconds
53.929: Application time: 0.0849370 seconds
53.929: [GC [PSYoungGen: 238560K->33760K(238592K)] 352314K->159268K(783360K), 0.0197200 secs] [Times: user=0.16 sys=0.00, real=0.02 secs] 
53.949: Total time for which application threads were stopped: 0.0199270 seconds, Stopping threads took: 0.0001090 seconds
54.022: Application time: 0.0728500 seconds
54.022: [GC [PSYoungGen: 238560K->33776K(238592K)] 364068K->169677K(783360K), 0.0207110 secs] [Times: user=0.16 sys=0.00, real=0.02 secs] 
54.042: Total time for which application threads were stopped: 0.0209040 seconds, Stopping threads took: 0.0000970 seconds
54.113: Application time: 0.0705860 seconds
54.113: [GC [PSYoungGen: 238576K->33776K(238592K)] 374477K->190315K(783360K), 0.0234730 secs] [Times: user=0.18 sys=0.00, real=0.02 secs] 
54.137: Total time for which application threads were stopped: 0.0236610 seconds, Stopping threads took: 0.0000900 seconds
54.227: Application time: 0.0901440 seconds
54.227: [GC [PSYoungGen: 238576K->33760K(238592K)] 395115K->219845K(783360K), 0.0289220 secs] [Times: user=0.22 sys=0.00, real=0.03 secs] 
54.256: Total time for which application threads were stopped: 0.0291210 seconds, Stopping threads took: 0.0001000 seconds
54.339: Application time: 0.0833690 seconds
54.340: [GC [PSYoungGen: 238560K->33776K(238592K)] 424645K->235076K(783360K), 0.0227820 secs] [Times: user=0.17 sys=0.00, real=0.03 secs] 
54.362: Total time for which application threads were stopped: 0.0229940 seconds, Stopping threads took: 0.0000970 seconds
54.435: Application time: 0.0727580 seconds
54.435: [GC [PSYoungGen: 238576K->33760K(238592K)] 439876K->244682K(783360K), 0.0212850 secs] [Times: user=0.17 sys=0.00, real=0.02 secs] 
54.457: Total time for which application threads were stopped: 0.0214760 seconds, Stopping threads took: 0.0000910 seconds
54.528: Application time: 0.0716530 seconds
54.528: [GC [PSYoungGen: 238560K->33760K(238592K)] 449482K->266963K(783360K), 0.0265010 secs] [Times: user=0.21 sys=0.00, real=0.03 secs] 
54.555: Total time for which application threads were stopped: 0.0266830 seconds, Stopping threads took: 0.0000850 seconds
54.646: Application time: 0.0911420 seconds
54.646: [GC [PSYoungGen: 238560K->33792K(238592K)] 471763K->294848K(783360K), 0.0312440 secs] [Times: user=0.24 sys=0.00, real=0.03 secs] 
54.678: Total time for which application threads were stopped: 0.0314230 seconds, Stopping threads took: 0.0000850 seconds
54.759: Application time: 0.0817850 seconds
54.759: [GC [PSYoungGen: 238592K->33776K(238592K)] 499648K->309567K(783360K), 0.0241640 secs] [Times: user=0.19 sys=0.00, real=0.03 secs] 
54.784: Total time for which application threads were stopped: 0.0243500 seconds, Stopping threads took: 0.0000910 seconds
54.855: Application time: 0.0715890 seconds
54.855: [GC [PSYoungGen: 238576K->33792K(238592K)] 514367K->322518K(783360K), 0.0238640 secs] [Times: user=0.19 sys=0.00, real=0.02 secs] 
54.879: Total time for which application threads were stopped: 0.0240640 seconds, Stopping threads took: 0.0000900 seconds
54.952: Application time: 0.0726630 seconds
54.952: [GC [PSYoungGen: 238592K->33760K(238592K)] 527318K->340476K(783360K), 0.0268470 secs] [Times: user=0.20 sys=0.00, real=0.02 secs] 
54.979: Total time for which application threads were stopped: 0.0270420 seconds, Stopping threads took: 0.0000930 seconds
55.071: Application time: 0.0922900 seconds
55.071: [GC [PSYoungGen: 238560K->33792K(238592K)] 545276K->367235K(783360K), 0.0333880 secs] [Times: user=0.26 sys=0.00, real=0.03 secs] 
55.105: Total time for which application threads were stopped: 0.0335600 seconds, Stopping threads took: 0.0000770 seconds
55.186: Application time: 0.0806230 seconds
55.186: [GC [PSYoungGen: 238592K->33776K(238592K)] 572035K->380142K(783360K), 0.0262970 secs] [Times: user=0.19 sys=0.00, real=0.03 secs] 
55.212: Total time for which application threads were stopped: 0.0264800 seconds, Stopping threads took: 0.0000900 seconds
55.283: Application time: 0.0705520 seconds
55.283: [GC [PSYoungGen: 238576K->33776K(238592K)] 584942K->393789K(783360K), 0.0253580 secs] [Times: user=0.20 sys=0.00, real=0.02 secs] 
55.308: Total time for which application threads were stopped: 0.0255640 seconds, Stopping threads took: 0.0001100 seconds
55.382: Application time: 0.0736730 seconds
55.382: [GC [PSYoungGen: 238576K->33776K(238592K)] 598589K->412752K(783360K), 0.0269550 secs] [Times: user=0.21 sys=0.00, real=0.02 secs] 
55.409: Total time for which application threads were stopped: 0.0271540 seconds, Stopping threads took: 0.0000930 seconds
55.500: Application time: 0.0914100 seconds
55.501: [GC [PSYoungGen: 238576K->33776K(238592K)] 617552K->440807K(783360K), 0.0326450 secs] [Times: user=0.26 sys=0.00, real=0.04 secs] 
55.533: Total time for which application threads were stopped: 0.0328650 seconds, Stopping threads took: 0.0001260 seconds
55.614: Application time: 0.0804090 seconds
55.614: [GC [PSYoungGen: 238576K->33776K(238592K)] 645607K->456494K(783360K), 0.0247720 secs] [Times: user=0.19 sys=0.00, real=0.02 secs] 
55.639: Total time for which application threads were stopped: 0.0249620 seconds, Stopping threads took: 0.0000860 seconds
55.709: Application time: 0.0704070 seconds
55.709: [GC [PSYoungGen: 238576K->33776K(238592K)] 661294K->470485K(783360K), 0.0241550 secs] [Times: user=0.19 sys=0.00, real=0.02 secs] 
55.733: Total time for which application threads were stopped: 0.0243530 seconds, Stopping threads took: 0.0001020 seconds
55.809: Application time: 0.0755280 seconds
55.809: [GC [PSYoungGen: 238576K->33776K(238592K)] 675285K->495512K(783360K), 0.0290810 secs] [Times: user=0.23 sys=0.00, real=0.03 secs] 
55.838: Total time for which application threads were stopped: 0.0292710 seconds, Stopping threads took: 0.0000930 seconds
55.930: Application time: 0.0922790 seconds
55.931: [GC [PSYoungGen: 238576K->33776K(238592K)] 700312K->517269K(783360K), 0.0275460 secs] [Times: user=0.22 sys=0.00, real=0.02 secs] 
55.958: Total time for which application threads were stopped: 0.0277320 seconds, Stopping threads took: 0.0000810 seconds
56.036: Application time: 0.0780660 seconds
56.036: [GC [PSYoungGen: 238576K->33792K(238592K)] 722069K->530172K(783360K), 0.0226620 secs] [Times: user=0.18 sys=0.00, real=0.02 secs] 
56.059: Total time for which application threads were stopped: 0.0228590 seconds, Stopping threads took: 0.0000990 seconds
56.130: Application time: 0.0705090 seconds
56.130: [GC [PSYoungGen: 238592K->33760K(238592K)] 734972K->542107K(783360K), 0.0228200 secs] [Times: user=0.18 sys=0.00, real=0.02 secs] 
56.153: Total time for which application threads were stopped: 0.0230090 seconds, Stopping threads took: 0.0000900 seconds
56.231: Application time: 0.0786780 seconds
56.231: [GC [PSYoungGen: 238560K->33776K(238592K)] 746907K->572893K(783360K), 0.0301790 secs] [Times: user=0.23 sys=0.00, real=0.03 secs] 
56.262: [Full GC [PSYoungGen: 33776K->0K(238592K)] [ParOldGen: 539117K->73065K(544768K)] 572893K->73065K(783360K) [PSPermGen: 8832K->8832K(21504K)], 0.0766720 secs] [Times: user=0.55 sys=0.00, real=0.07 secs] 
56.338: Total time for which application threads were stopped: 0.1071210 seconds, Stopping threads took: 0.0001020 seconds
56.429: Application time: 0.0902770 seconds
56.433: [GC [PSYoungGen: 204800K->21824K(238592K)] 277865K->94889K(783360K), 0.0093760 secs] [Times: user=0.08 sys=0.00, real=0.01 secs] 
56.443: Total time for which application threads were stopped: 0.0139010 seconds, Stopping threads took: 0.0044150 seconds
56.521: Application time: 0.0784980 seconds
56.521: [GC [PSYoungGen: 226624K->33760K(238592K)] 299689K->107473K(783360K), 0.0136890 secs] [Times: user=0.11 sys=0.00, real=0.01 secs] 
56.535: Total time for which application threads were stopped: 0.0139060 seconds, Stopping threads took: 0.0001190 seconds
56.605: Application time: 0.0702070 seconds
56.605: [GC [PSYoungGen: 238560K->33776K(238592K)] 312273K->118242K(783360K), 0.0173630 secs] [Times: user=0.14 sys=0.00, real=0.02 secs] 
56.623: Total time for which application threads were stopped: 0.0175660 seconds, Stopping threads took: 0.0001040 seconds
56.704: Application time: 0.0812950 seconds
56.704: [GC [PSYoungGen: 238576K->33776K(238592K)] 323042K->151003K(783360K), 0.0270540 secs] [Times: user=0.21 sys=0.00, real=0.03 secs] 
56.731: Total time for which application threads were stopped: 0.0272450 seconds, Stopping threads took: 0.0000930 seconds
56.820: Application time: 0.0887350 seconds
56.820: [GC [PSYoungGen: 238576K->33776K(238592K)] 355803K->165910K(783360K), 0.0212650 secs] [Times: user=0.17 sys=0.00, real=0.03 secs] 
56.842: Total time for which application threads were stopped: 0.0214800 seconds, Stopping threads took: 0.0001200 seconds
56.918: Application time: 0.0763790 seconds
56.918: [GC [PSYoungGen: 238576K->33776K(238592K)] 370710K->176386K(783360K), 0.0200370 secs] [Times: user=0.15 sys=0.00, real=0.02 secs] 
56.938: Total time for which application threads were stopped: 0.0202360 seconds, Stopping threads took: 0.0000770 seconds
57.009: Application time: 0.0705360 seconds
57.009: [GC [PSYoungGen: 238576K->33776K(238592K)] 381186K->192773K(783360K), 0.0225380 secs] [Times: user=0.17 sys=0.01, real=0.02 secs] 
57.032: Total time for which application threads were stopped: 0.0230070 seconds, Stopping threads took: 0.0003580 seconds
57.115: Application time: 0.0835100 seconds
57.115: [GC [PSYoungGen: 238576K->33792K(238592K)] 397573K->224723K(783360K), 0.0304550 secs] [Times: user=0.24 sys=0.00, real=0.03 secs] 
57.146: Total time for which application threads were stopped: 0.0306290 seconds, Stopping threads took: 0.0000820 seconds
57.234: Application time: 0.0882480 seconds
57.234: [GC [PSYoungGen: 238592K->33776K(238592K)] 429523K->240165K(783360K), 0.0221820 secs] [Times: user=0.18 sys=0.00, real=0.02 secs] 
57.257: Total time for which application threads were stopped: 0.0223740 seconds, Stopping threads took: 0.0000950 seconds
57.331: Application time: 0.0746550 seconds
57.331: [GC [PSYoungGen: 238576K->33792K(238592K)] 444965K->250124K(783360K), 0.0215360 secs] [Times: user=0.17 sys=0.00, real=0.02 secs] 
57.353: Total time for which application threads were stopped: 0.0217560 seconds, Stopping threads took: 0.0001240 seconds
57.424: Application time: 0.0714290 seconds
57.424: [GC [PSYoungGen: 238592K->33776K(238592K)] 454924K->268491K(783360K), 0.0245670 secs] [Times: user=0.19 sys=0.00, real=0.03 secs] 
57.449: Total time for which application threads were stopped: 0.0247490 seconds, Stopping threads took: 0.0000870 seconds
57.534: Application time: 0.0849050 seconds
57.534: [GC [PSYoungGen: 238576K->33792K(238592K)] 473291K->297798K(783360K), 0.0323330 secs] [Times: user=0.25 sys=0.00, real=0.03 secs] 
57.567: Total time for which application threads were stopped: 0.0325230 seconds, Stopping threads took: 0.0000850 seconds
57.654: Application time: 0.0874450 seconds
57.654: [GC [PSYoungGen: 238592K->33792K(238592K)] 502598K->314976K(783360K), 0.0247120 secs] [Times: user=0.19 sys=0.00, real=0.02 secs] 
57.679: Total time for which application threads were stopped: 0.0248960 seconds, Stopping threads took: 0.0000870 seconds
57.753: Application time: 0.0743590 seconds
57.753: [GC [PSYoungGen: 238592K->33792K(238592K)] 519776K->324364K(783360K), 0.0201290 secs] [Times: user=0.15 sys=0.00, real=0.02 secs] 
57.774: Total time for which application threads were stopped: 0.0203380 seconds, Stopping threads took: 0.0001080 seconds
57.844: Application time: 0.0708800 seconds
57.845: [GC [PSYoungGen: 238592K->33760K(238592K)] 529164K->345205K(783360K), 0.0249090 secs] [Times: user=0.19 sys=0.00, real=0.03 secs] 
57.870: Total time for which application threads were stopped: 0.0251000 seconds, Stopping threads took: 0.0000940 seconds
57.957: Application time: 0.0871590 seconds
57.957: [GC [PSYoungGen: 238560K->33792K(238592K)] 550005K->372274K(783360K), 0.0298320 secs] [Times: user=0.24 sys=0.00, real=0.03 secs] 
57.987: Total time for which application threads were stopped: 0.0300220 seconds, Stopping threads took: 0.0000920 seconds
58.072: Application time: 0.0854230 seconds
58.072: [GC [PSYoungGen: 238592K->33776K(238592K)] 577074K->390500K(783360K), 0.0252420 secs] [Times: user=0.20 sys=0.00, real=0.02 secs] 
58.098: Total time for which application threads were stopped: 0.0254430 seconds, Stopping threads took: 0.0000890 seconds
58.171: Application time: 0.0737710 seconds
58.172: [GC [PSYoungGen: 238576K->33760K(238592K)] 595300K->399808K(783360K), 0.0226500 secs] [Times: user=0.18 sys=0.00, real=0.02 secs] 
58.194: Total time for which application threads were stopped: 0.0228360 seconds, Stopping threads took: 0.0000900 seconds
58.265: Application time: 0.0710070 seconds
58.265: [GC [PSYoungGen: 238560K->33776K(238592K)] 604608K->416990K(783360K), 0.0252030 secs] [Times: user=0.20 sys=0.00, real=0.03 secs] 
58.291: Total time for which application threads were stopped: 0.0253950 seconds, Stopping threads took: 0.0000970 seconds
58.380: Application time: 0.0888980 seconds
58.380: [GC [PSYoungGen: 238576K->33760K(238592K)] 621790K->444325K(783360K), 0.0301960 secs] [Times: user=0.24 sys=0.00, real=0.04 secs] 
58.410: Total time for which application threads were stopped: 0.0303930 seconds, Stopping threads took: 0.0000940 seconds
58.494: Application time: 0.0837220 seconds
58.497: [GC [PSYoungGen: 238560K->33792K(238592K)] 649125K->459788K(783360K), 0.0239040 secs] [Times: user=0.19 sys=0.00, real=0.03 secs] 
58.521: Total time for which application threads were stopped: 0.0274330 seconds, Stopping threads took: 0.0034260 seconds
58.594: Application time: 0.0732770 seconds
58.595: [GC [PSYoungGen: 238592K->33776K(238592K)] 664588K->474032K(783360K), 0.0244780 secs] [Times: user=0.18 sys=0.00, real=0.02 secs] 
58.619: Total time for which application threads were stopped: 0.0247020 seconds, Stopping threads took: 0.0001160 seconds
58.690: Application time: 0.0710550 seconds
58.690: [GC [PSYoungGen: 238576K->33776K(238592K)] 678832K->490722K(783360K), 0.0258980 secs] [Times: user=0.20 sys=0.00, real=0.02 secs] 
58.716: Total time for which application threads were stopped: 0.0260910 seconds, Stopping threads took: 0.0000960 seconds
58.807: Application time: 0.0902740 seconds
58.809: [GC [PSYoungGen: 238576K->33760K(238592K)] 695522K->516251K(783360K), 0.0305550 secs] [Times: user=0.25 sys=0.00, real=0.02 secs] 
58.840: Total time for which application threads were stopped: 0.0332810 seconds, Stopping threads took: 0.0026300 seconds
58.923: Application time: 0.0827500 seconds
58.923: [GC [PSYoungGen: 238560K->33776K(238592K)] 721051K->528447K(783360K), 0.0243870 secs] [Times: user=0.19 sys=0.00, real=0.02 secs] 
58.947: Total time for which application threads were stopped: 0.0245900 seconds, Stopping threads took: 0.0001060 seconds
59.020: Application time: 0.0733600 seconds
59.021: [GC [PSYoungGen: 238576K->33760K(238592K)] 733247K->543590K(783360K), 0.0263270 secs] [Times: user=0.20 sys=0.00, real=0.03 secs] 
59.047: Total time for which application threads were stopped: 0.0265150 seconds, Stopping threads took: 0.0000910 seconds
59.118: Application time: 0.0713830 seconds
59.119: [GC [PSYoungGen: 238560K->33776K(238592K)] 748390K->563951K(783360K), 0.0290500 secs] [Times: user=0.22 sys=0.01, real=0.03 secs] 
59.148: [Full GC [PSYoungGen: 33776K->0K(238592K)] [ParOldGen: 530175K->79127K(544768K)] 563951K->79127K(783360K) [PSPermGen: 8832K->8832K(21504K)], 0.0853530 secs] [Times: user=0.62 sys=0.00, real=0.09 secs] 
59.233: Total time for which application threads were stopped: 0.1146760 seconds, Stopping threads took: 0.0000960 seconds
59.325: Application time: 0.0916210 seconds
59.325: [GC [PSYoungGen: 204800K->28640K(238592K)] 283927K->107767K(783360K), 0.0120820 secs] [Times: user=0.09 sys=0.00, real=0.01 secs] 
59.337: Total time for which application threads were stopped: 0.0125780 seconds, Stopping threads took: 0.0003910 seconds
59.419: Application time: 0.0815110 seconds
59.419: [GC [PSYoungGen: 233440K->33776K(238592K)] 312567K->121902K(783360K), 0.0165050 secs] [Times: user=0.13 sys=0.00, real=0.02 secs] 
59.436: Total time for which application threads were stopped: 0.0167100 seconds, Stopping threads took: 0.0001040 seconds
59.508: Application time: 0.0725110 seconds
59.508: [GC [PSYoungGen: 238576K->33776K(238592K)] 326702K->133477K(783360K), 0.0184610 secs] [Times: user=0.15 sys=0.00, real=0.02 secs] 
59.527: Total time for which application threads were stopped: 0.0186630 seconds, Stopping threads took: 0.0001000 seconds
59.599: Application time: 0.0723940 seconds
59.600: [GC [PSYoungGen: 238576K->33776K(238592K)] 338277K->156656K(783360K), 0.0231910 secs] [Times: user=0.18 sys=0.00, real=0.03 secs] 
59.623: Total time for which application threads were stopped: 0.0237820 seconds, Stopping threads took: 0.0004800 seconds
59.713: Application time: 0.0903450 seconds
59.717: [GC [PSYoungGen: 238576K->33776K(238592K)] 361456K->180863K(783360K), 0.0254540 secs] [Times: user=0.20 sys=0.00, real=0.03 secs] 
59.743: Total time for which application threads were stopped: 0.0294770 seconds, Stopping threads took: 0.0039080 seconds
59.825: Application time: 0.0821790 seconds
59.825: [GC [PSYoungGen: 238576K->33776K(238592K)] 385663K->198689K(783360K), 0.0228530 secs] [Times: user=0.18 sys=0.00, real=0.02 secs] 
59.848: Total time for which application threads were stopped: 0.0230400 seconds, Stopping threads took: 0.0000860 seconds
59.920: Application time: 0.0719140 seconds
59.920: [GC [PSYoungGen: 238576K->33776K(238592K)] 403489K->210712K(783360K), 0.0213570 secs] [Times: user=0.16 sys=0.01, real=0.03 secs] 
59.941: Total time for which application threads were stopped: 0.0215600 seconds, Stopping threads took: 0.0000990 seconds
60.016: Application time: 0.0742280 seconds
60.016: [GC [PSYoungGen: 238576K->33760K(238592K)] 415512K->239290K(783360K), 0.0282680 secs] [Times: user=0.21 sys=0.00, real=0.03 secs] 
60.044: Total time for which application threads were stopped: 0.0284480 seconds, Stopping threads took: 0.0000770 seconds
60.134: Application time: 0.0894380 seconds
60.134: [GC [PSYoungGen: 238560K->33760K(238592K)] 444090K->260268K(783360K), 0.0270300 secs] [Times: user=0.22 sys=0.00, real=0.02 secs] 
60.161: Total time for which application threads were stopped: 0.0272230 seconds, Stopping threads took: 0.0000970 seconds
60.241: Application time: 0.0807170 seconds
60.242: [GC [PSYoungGen: 238560K->33760K(238592K)] 465068K->273944K(783360K), 0.0222630 secs] [Times: user=0.17 sys=0.00, real=0.02 secs] 
60.264: Total time for which application threads were stopped: 0.0224470 seconds, Stopping threads took: 0.0000750 seconds
60.336: Application time: 0.0719810 seconds
60.336: [GC [PSYoungGen: 238560K->33776K(238592K)] 478744K->284015K(783360K), 0.0217440 secs] [Times: user=0.17 sys=0.00, real=0.02 secs] 
60.358: Total time for which application threads were stopped: 0.0219450 seconds, Stopping threads took: 0.0000990 seconds
60.434: Application time: 0.0765530 seconds
60.435: [GC [PSYoungGen: 238576K->33792K(238592K)] 488815K->314653K(783360K), 0.0293910 secs] [Times: user=0.23 sys=0.00, real=0.03 secs] 
60.464: Total time for which application threads were stopped: 0.0295850 seconds, Stopping threads took: 0.0000920 seconds
60.553: Application time: 0.0887950 seconds
60.553: [GC [PSYoungGen: 238592K->33776K(238592K)] 519453K->334127K(783360K), 0.0261130 secs] [Times: user=0.21 sys=0.00, real=0.02 secs] 
60.579: Total time for which application threads were stopped: 0.0263130 seconds, Stopping threads took: 0.0001010 seconds
60.658: Application time: 0.0791490 seconds
60.658: [GC [PSYoungGen: 238576K->33776K(238592K)] 538927K->347106K(783360K), 0.0228100 secs] [Times: user=0.18 sys=0.00, real=0.03 secs] 
60.681: Total time for which application threads were stopped: 0.0229970 seconds, Stopping threads took: 0.0000840 seconds
60.753: Application time: 0.0718990 seconds
60.753: [GC [PSYoungGen: 238576K->33776K(238592K)] 551906K->358434K(783360K), 0.0227160 secs] [Times: user=0.18 sys=0.00, real=0.02 secs] 
60.776: Total time for which application threads were stopped: 0.0229060 seconds, Stopping threads took: 0.0000800 seconds
60.854: Application time: 0.0782680 seconds
60.854: [GC [PSYoungGen: 238576K->33760K(238592K)] 563234K->388385K(783360K), 0.0317790 secs] [Times: user=0.25 sys=0.00, real=0.03 secs] 
60.886: Total time for which application threads were stopped: 0.0319540 seconds, Stopping threads took: 0.0000780 seconds
60.975: Application time: 0.0883220 seconds
60.975: [GC [PSYoungGen: 238560K->33776K(238592K)] 593185K->405818K(783360K), 0.0261260 secs] [Times: user=0.21 sys=0.00, real=0.02 secs] 
61.001: Total time for which application threads were stopped: 0.0263280 seconds, Stopping threads took: 0.0001030 seconds
61.079: Application time: 0.0780940 seconds
61.079: [GC [PSYoungGen: 238576K->33760K(238592K)] 610618K->418197K(783360K), 0.0230430 secs] [Times: user=0.18 sys=0.00, real=0.03 secs] 
61.102: Total time for which application threads were stopped: 0.0232390 seconds, Stopping threads took: 0.0000980 seconds
61.174: Application time: 0.0718080 seconds
61.174: [GC [PSYoungGen: 238560K->33760K(238592K)] 622997K->430061K(783360K), 0.0230060 secs] [Times: user=0.19 sys=0.00, real=0.02 secs] 
61.197: Total time for which application threads were stopped: 0.0231860 seconds, Stopping threads took: 0.0000690 seconds
61.277: Application time: 0.0794170 seconds
61.277: [GC [PSYoungGen: 238560K->33776K(238592K)] 634861K->458631K(783360K), 0.0299920 secs] [Times: user=0.24 sys=0.00, real=0.03 secs] 
61.307: Total time for which application threads were stopped: 0.0302020 seconds, Stopping threads took: 0.0000970 seconds
61.395: Application time: 0.0884270 seconds
61.395: [GC [PSYoungGen: 238576K->33792K(238592K)] 663431K->474822K(783360K), 0.0254090 secs] [Times: user=0.20 sys=0.00, real=0.02 secs] 
61.421: Total time for which application threads were stopped: 0.0256040 seconds, Stopping threads took: 0.0000930 seconds
61.498: Application time: 0.0774730 seconds
61.499: [GC [PSYoungGen: 238592K->33776K(238592K)] 679622K->489717K(783360K), 0.0248370 secs] [Times: user=0.20 sys=0.00, real=0.03 secs] 
61.523: Total time for which application threads were stopped: 0.0250210 seconds, Stopping threads took: 0.0000840 seconds
61.595: Application time: 0.0711580 seconds
61.595: [GC [PSYoungGen: 238576K->33776K(238592K)] 694517K->500745K(783360K), 0.0269170 secs] [Times: user=0.18 sys=0.00, real=0.03 secs] 
61.622: Total time for which application threads were stopped: 0.0271050 seconds, Stopping threads took: 0.0000910 seconds
61.704: Application time: 0.0818390 seconds
61.704: [GC [PSYoungGen: 238576K->33776K(238592K)] 705545K->530271K(783360K), 0.0326190 secs] [Times: user=0.26 sys=0.00, real=0.03 secs] 
61.736: Total time for which application threads were stopped: 0.0328040 seconds, Stopping threads took: 0.0000900 seconds
61.823: Application time: 0.0865470 seconds
61.823: [GC [PSYoungGen: 238576K->33792K(238592K)] 735071K->549356K(783360K), 0.0279730 secs] [Times: user=0.22 sys=0.00, real=0.03 secs] 
61.851: [Full GC [PSYoungGen: 33792K->0K(238592K)] [ParOldGen: 515564K->76764K(544768K)] 549356K->76764K(783360K) [PSPermGen: 8832K->8832K(21504K)], 0.0828640 secs] [Times: user=0.60 sys=0.00, real=0.08 secs] 
61.934: Total time for which application threads were stopped: 0.1110970 seconds, Stopping threads took: 0.0000690 seconds
62.011: Application time: 0.0772740 seconds
62.011: [GC [PSYoungGen: 204800K->16128K(238592K)] 281564K->92892K(783360K), 0.0067340 secs] [Times: user=0.05 sys=0.00, real=0.00 secs] 
62.018: Total time for which application threads were stopped: 0.0069470 seconds, Stopping threads took: 0.0001140 seconds
62.089: Application time: 0.0710380 seconds
62.093: [GC [PSYoungGen: 220928K->30304K(238592K)] 297692K->107068K(783360K), 0.0116940 secs] [Times: user=0.09 sys=0.00, real=0.01 secs] 
62.105: Total time for which application threads were stopped: 0.0156300 seconds, Stopping threads took: 0.0038380 seconds
62.188: Application time: 0.0833050 seconds
62.188: [GC [PSYoungGen: 235104K->33776K(238592K)] 311868K->135236K(783360K), 0.0231700 secs] [Times: user=0.18 sys=0.00, real=0.03 secs] 
62.212: Total time for which application threads were stopped: 0.0233870 seconds, Stopping threads took: 0.0001170 seconds
62.297: Application time: 0.0854520 seconds
62.297: [GC [PSYoungGen: 238576K->33776K(238592K)] 340036K->150703K(783360K), 0.0209410 secs] [Times: user=0.16 sys=0.00, real=0.02 secs] 
62.318: Total time for which application threads were stopped: 0.0211480 seconds, Stopping threads took: 0.0001060 seconds
62.395: Application time: 0.0768010 seconds
62.395: [GC [PSYoungGen: 238576K->33776K(238592K)] 355503K->165146K(783360K), 0.0214150 secs] [Times: user=0.16 sys=0.00, real=0.02 secs] 
62.417: Total time for which application threads were stopped: 0.0216290 seconds, Stopping threads took: 0.0001010 seconds
62.488: Application time: 0.0714040 seconds
62.488: [GC [PSYoungGen: 238576K->33776K(238592K)] 369946K->182309K(783360K), 0.0233960 secs] [Times: user=0.19 sys=0.00, real=0.03 secs] 
62.512: Total time for which application threads were stopped: 0.0235880 seconds, Stopping threads took: 0.0000920 seconds
62.596: Application time: 0.0845260 seconds
62.596: [GC [PSYoungGen: 238576K->33760K(238592K)] 387109K->207431K(783360K), 0.0272470 secs] [Times: user=0.21 sys=0.00, real=0.03 secs] 
62.624: Total time for which application threads were stopped: 0.0274740 seconds, Stopping threads took: 0.0001270 seconds
62.710: Application time: 0.0859320 seconds
62.710: [GC [PSYoungGen: 238560K->33792K(238592K)] 412231K->230613K(783360K), 0.0248400 secs] [Times: user=0.20 sys=0.00, real=0.02 secs] 
62.735: Total time for which application threads were stopped: 0.0250140 seconds, Stopping threads took: 0.0000750 seconds
62.810: Application time: 0.0754570 seconds
62.810: [GC [PSYoungGen: 238592K->33792K(238592K)] 435413K->241916K(783360K), 0.0206330 secs] [Times: user=0.16 sys=0.00, real=0.02 secs] 
62.831: Total time for which application threads were stopped: 0.0208250 seconds, Stopping threads took: 0.0000900 seconds
62.903: Application time: 0.0716980 seconds
62.903: [GC [PSYoungGen: 238592K->33776K(238592K)] 446716K->257955K(783360K), 0.0233940 secs] [Times: user=0.18 sys=0.00, real=0.02 secs] 
62.926: Total time for which application threads were stopped: 0.0236030 seconds, Stopping threads took: 0.0000960 seconds
63.012: Application time: 0.0860320 seconds
63.012: [GC [PSYoungGen: 238576K->33792K(238592K)] 462755K->285270K(783360K), 0.0286170 secs] [Times: user=0.23 sys=0.00, real=0.02 secs] 
63.041: Total time for which application threads were stopped: 0.0288160 seconds, Stopping threads took: 0.0001010 seconds
63.126: Application time: 0.0849020 seconds
63.126: [GC [PSYoungGen: 238592K->33776K(238592K)] 490070K->305760K(783360K), 0.0250200 secs] [Times: user=0.19 sys=0.00, real=0.03 secs] 
63.151: Total time for which application threads were stopped: 0.0252320 seconds, Stopping threads took: 0.0001100 seconds
63.225: Application time: 0.0741170 seconds
63.225: [GC [PSYoungGen: 238576K->33792K(238592K)] 510560K->315512K(783360K), 0.0215800 secs] [Times: user=0.17 sys=0.00, real=0.02 secs] 
63.247: Total time for which application threads were stopped: 0.0217710 seconds, Stopping threads took: 0.0000880 seconds
63.320: Application time: 0.0729100 seconds
63.320: [GC [PSYoungGen: 238592K->33760K(238592K)] 520312K->333350K(783360K), 0.0252760 secs] [Times: user=0.20 sys=0.00, real=0.03 secs] 
63.345: Total time for which application threads were stopped: 0.0254790 seconds, Stopping threads took: 0.0001020 seconds
63.432: Application time: 0.0862430 seconds
63.432: [GC [PSYoungGen: 238560K->33776K(238592K)] 538150K->362714K(783360K), 0.0302540 secs] [Times: user=0.24 sys=0.00, real=0.03 secs] 
63.462: Total time for which application threads were stopped: 0.0304660 seconds, Stopping threads took: 0.0001010 seconds
63.547: Application time: 0.0846360 seconds
63.547: [GC [PSYoungGen: 238576K->33776K(238592K)] 567514K->379589K(783360K), 0.0238400 secs] [Times: user=0.18 sys=0.00, real=0.03 secs] 
63.571: Total time for which application threads were stopped: 0.0240290 seconds, Stopping threads took: 0.0000890 seconds
63.643: Application time: 0.0724860 seconds
63.645: [GC [PSYoungGen: 238576K->33760K(238592K)] 584389K->388137K(783360K), 0.0206590 secs] [Times: user=0.17 sys=0.00, real=0.02 secs] 
63.666: Total time for which application threads were stopped: 0.0225840 seconds, Stopping threads took: 0.0018220 seconds
63.739: Application time: 0.0727360 seconds
63.739: [GC [PSYoungGen: 238560K->33760K(238592K)] 592937K->404872K(783360K), 0.0236530 secs] [Times: user=0.18 sys=0.00, real=0.03 secs] 
63.763: Total time for which application threads were stopped: 0.0238740 seconds, Stopping threads took: 0.0001210 seconds
63.851: Application time: 0.0886870 seconds
63.851: [GC [PSYoungGen: 238560K->33760K(238592K)] 609672K->429655K(783360K), 0.0276080 secs] [Times: user=0.22 sys=0.00, real=0.02 secs] 
63.879: Total time for which application threads were stopped: 0.0277930 seconds, Stopping threads took: 0.0000850 seconds
63.963: Application time: 0.0837630 seconds
63.963: [GC [PSYoungGen: 238560K->33776K(238592K)] 634455K->444566K(783360K), 0.0247380 secs] [Times: user=0.19 sys=0.00, real=0.02 secs] 
63.988: Total time for which application threads were stopped: 0.0249580 seconds, Stopping threads took: 0.0001010 seconds
64.058: Application time: 0.0698690 seconds
64.058: [GC [PSYoungGen: 238576K->33760K(238592K)] 649366K->452025K(783360K), 0.0208910 secs] [Times: user=0.17 sys=0.00, real=0.02 secs] 
64.079: Total time for which application threads were stopped: 0.0211070 seconds, Stopping threads took: 0.0001130 seconds
64.153: Application time: 0.0742210 seconds
64.153: [GC [PSYoungGen: 238560K->33760K(238592K)] 656825K->473484K(783360K), 0.0265580 secs] [Times: user=0.20 sys=0.00, real=0.02 secs] 
64.180: Total time for which application threads were stopped: 0.0267330 seconds, Stopping threads took: 0.0000750 seconds
64.270: Application time: 0.0899020 seconds
64.270: [GC [PSYoungGen: 238560K->33760K(238592K)] 678284K->502038K(783360K), 0.0304280 secs] [Times: user=0.24 sys=0.00, real=0.02 secs] 
64.300: Total time for which application threads were stopped: 0.0306080 seconds, Stopping threads took: 0.0000790 seconds
64.383: Application time: 0.0827200 seconds
64.383: [GC [PSYoungGen: 238560K->33776K(238592K)] 706838K->516453K(783360K), 0.0241790 secs] [Times: user=0.19 sys=0.00, real=0.02 secs] 
64.407: Total time for which application threads were stopped: 0.0243850 seconds, Stopping threads took: 0.0001030 seconds
64.477: Application time: 0.0694060 seconds
64.477: [GC [PSYoungGen: 238576K->33776K(238592K)] 721253K->525044K(783360K), 0.0220140 secs] [Times: user=0.18 sys=0.00, real=0.02 secs] 
64.499: Total time for which application threads were stopped: 0.0222270 seconds, Stopping threads took: 0.0000980 seconds
64.575: Application time: 0.0758370 seconds
64.575: [GC [PSYoungGen: 238576K->33792K(238592K)] 729844K->552410K(783360K), 0.0325100 secs] [Times: user=0.25 sys=0.00, real=0.03 secs] 
64.607: [Full GC [PSYoungGen: 33792K->0K(238592K)] [ParOldGen: 518618K->77867K(544768K)] 552410K->77867K(783360K) [PSPermGen: 8832K->8832K(21504K)], 0.0823530 secs] [Times: user=0.60 sys=0.00, real=0.09 secs] 
64.690: Total time for which application threads were stopped: 0.1150960 seconds, Stopping threads took: 0.0000720 seconds
64.781: Application time: 0.0914300 seconds
64.781: [GC [PSYoungGen: 204800K->27360K(238592K)] 282667K->105227K(783360K), 0.0117030 secs] [Times: user=0.09 sys=0.00, real=0.01 secs] 
64.793: Total time for which application threads were stopped: 0.0119130 seconds, Stopping threads took: 0.0001100 seconds
64.873: Application time: 0.0798650 seconds
64.873: [GC [PSYoungGen: 232160K->33776K(238592K)] 310027K->115083K(783360K), 0.0146080 secs] [Times: user=0.12 sys=0.00, real=0.01 secs] 
64.888: Total time for which application threads were stopped: 0.0147970 seconds, Stopping threads took: 0.0000900 seconds
64.958: Application time: 0.0698500 seconds
64.958: [GC [PSYoungGen: 238576K->33776K(238592K)] 319883K->130563K(783360K), 0.0188950 secs] [Times: user=0.14 sys=0.00, real=0.02 secs] 
64.977: Total time for which application threads were stopped: 0.0190760 seconds, Stopping threads took: 0.0000820 seconds
65.054: Application time: 0.0768410 seconds
65.054: [GC [PSYoungGen: 238576K->33792K(238592K)] 335363K->154525K(783360K), 0.0239510 secs] [Times: user=0.18 sys=0.00, real=0.02 secs] 
65.078: Total time for which application threads were stopped: 0.0241470 seconds, Stopping threads took: 0.0000880 seconds
65.168: Application time: 0.0904760 seconds
65.168: [GC [PSYoungGen: 238592K->33776K(238592K)] 359325K->175084K(783360K), 0.0239660 secs] [Times: user=0.19 sys=0.00, real=0.03 secs] 
65.192: Total time for which application threads were stopped: 0.0241400 seconds, Stopping threads took: 0.0000740 seconds
65.272: Application time: 0.0792520 seconds
65.272: [GC [PSYoungGen: 238576K->33776K(238592K)] 379884K->188451K(783360K), 0.0255470 secs] [Times: user=0.18 sys=0.00, real=0.02 secs] 
65.297: Total time for which application threads were stopped: 0.0257720 seconds, Stopping threads took: 0.0001280 seconds
65.368: Application time: 0.0702000 seconds
65.368: [GC [PSYoungGen: 238576K->33760K(238592K)] 393251K->207050K(783360K), 0.0238200 secs] [Times: user=0.19 sys=0.00, real=0.03 secs] 
65.392: Total time for which application threads were stopped: 0.0240260 seconds, Stopping threads took: 0.0001090 seconds
65.468: Application time: 0.0761540 seconds
65.468: [GC [PSYoungGen: 238560K->33776K(238592K)] 411850K->234391K(783360K), 0.0286180 secs] [Times: user=0.22 sys=0.00, real=0.03 secs] 
65.497: Total time for which application threads were stopped: 0.0288050 seconds, Stopping threads took: 0.0000920 seconds
65.591: Application time: 0.0945400 seconds
65.591: [GC [PSYoungGen: 238576K->33776K(238592K)] 439191K->259998K(783360K), 0.0286710 secs] [Times: user=0.22 sys=0.00, real=0.02 secs] 
65.620: Total time for which application threads were stopped: 0.0288650 seconds, Stopping threads took: 0.0000810 seconds
65.698: Application time: 0.0777270 seconds
65.698: [GC [PSYoungGen: 238576K->33776K(238592K)] 464798K->265865K(783360K), 0.0210300 secs] [Times: user=0.17 sys=0.00, real=0.02 secs] 
65.719: Total time for which application threads were stopped: 0.0212240 seconds, Stopping threads took: 0.0000950 seconds
65.786: Application time: 0.0673500 seconds
65.789: [GC [PSYoungGen: 238576K->33776K(238592K)] 470665K->281883K(783360K), 0.0247490 secs] [Times: user=0.19 sys=0.00, real=0.02 secs] 
65.814: Total time for which application threads were stopped: 0.0276340 seconds, Stopping threads took: 0.0027850 seconds
65.895: Application time: 0.0811890 seconds
65.895: [GC [PSYoungGen: 238576K->33776K(238592K)] 486683K->314576K(783360K), 0.0333790 secs] [Times: user=0.26 sys=0.00, real=0.03 secs] 
65.929: Total time for which application threads were stopped: 0.0335660 seconds, Stopping threads took: 0.0000890 seconds
66.022: Application time: 0.0935510 seconds
66.022: [GC [PSYoungGen: 238576K->33792K(238592K)] 519376K->337776K(783360K), 0.0265410 secs] [Times: user=0.21 sys=0.00, real=0.02 secs] 
66.049: Total time for which application threads were stopped: 0.0267630 seconds, Stopping threads took: 0.0001100 seconds
66.125: Application time: 0.0756390 seconds
66.125: [GC [PSYoungGen: 238592K->33792K(238592K)] 542576K->340364K(783360K), 0.0182340 secs] [Times: user=0.14 sys=0.00, real=0.02 secs] 
66.143: Total time for which application threads were stopped: 0.0184290 seconds, Stopping threads took: 0.0000810 seconds
66.210: Application time: 0.0664970 seconds
66.210: [GC [PSYoungGen: 238592K->33760K(238592K)] 545164K->357463K(783360K), 0.0239840 secs] [Times: user=0.19 sys=0.00, real=0.02 secs] 
66.234: Total time for which application threads were stopped: 0.0241990 seconds, Stopping threads took: 0.0001130 seconds
66.318: Application time: 0.0840200 seconds
66.318: [GC [PSYoungGen: 238560K->33760K(238592K)] 562263K->390976K(783360K), 0.0323590 secs] [Times: user=0.26 sys=0.00, real=0.04 secs] 
66.350: Total time for which application threads were stopped: 0.0325320 seconds, Stopping threads took: 0.0000740 seconds
66.444: Application time: 0.0932480 seconds
66.444: [GC [PSYoungGen: 238560K->33792K(238592K)] 595776K->410794K(783360K), 0.0276400 secs] [Times: user=0.21 sys=0.00, real=0.03 secs] 
66.471: Total time for which application threads were stopped: 0.0278140 seconds, Stopping threads took: 0.0000750 seconds
66.545: Application time: 0.0734840 seconds
66.545: [GC [PSYoungGen: 238592K->31872K(238592K)] 615594K->412563K(783360K), 0.0192690 secs] [Times: user=0.15 sys=0.00, real=0.02 secs] 
66.564: Total time for which application threads were stopped: 0.0194670 seconds, Stopping threads took: 0.0000910 seconds
66.630: Application time: 0.0657770 seconds
66.630: [GC [PSYoungGen: 236672K->33776K(238592K)] 617363K->429264K(783360K), 0.0224910 secs] [Times: user=0.18 sys=0.00, real=0.02 secs] 
66.653: Total time for which application threads were stopped: 0.0227030 seconds, Stopping threads took: 0.0001010 seconds
66.742: Application time: 0.0893670 seconds
66.742: [GC [PSYoungGen: 238576K->33776K(238592K)] 634064K->460971K(783360K), 0.0307340 secs] [Times: user=0.25 sys=0.00, real=0.03 secs] 
66.773: Total time for which application threads were stopped: 0.0309130 seconds, Stopping threads took: 0.0000740 seconds
66.866: Application time: 0.0924470 seconds
66.866: [GC [PSYoungGen: 238576K->33776K(238592K)] 665771K->478031K(783360K), 0.0244080 secs] [Times: user=0.18 sys=0.00, real=0.03 secs] 
66.890: Total time for which application threads were stopped: 0.0246000 seconds, Stopping threads took: 0.0000940 seconds
66.961: Application time: 0.0706580 seconds
66.961: [GC [PSYoungGen: 238576K->33776K(238592K)] 682831K->481062K(783360K), 0.0200280 secs] [Times: user=0.15 sys=0.01, real=0.03 secs] 
66.981: Total time for which application threads were stopped: 0.0202150 seconds, Stopping threads took: 0.0000860 seconds
67.046: Application time: 0.0648200 seconds
67.046: [GC [PSYoungGen: 238576K->33776K(238592K)] 685862K->499092K(783360K), 0.0254070 secs] [Times: user=0.20 sys=0.00, real=0.03 secs] 
67.072: Total time for which application threads were stopped: 0.0255950 seconds, Stopping threads took: 0.0000900 seconds
67.164: Application time: 0.0928760 seconds
67.165: [GC [PSYoungGen: 238576K->33792K(238592K)] 703892K->532527K(783360K), 0.0344660 secs] [Times: user=0.27 sys=0.00, real=0.03 secs] 
67.199: Total time for which application threads were stopped: 0.0346890 seconds, Stopping threads took: 0.0001110 seconds
67.290: Application time: 0.0909380 seconds
67.290: [GC [PSYoungGen: 238592K->33792K(238592K)] 737327K->550414K(783360K), 0.0260180 secs] [Times: user=0.20 sys=0.00, real=0.02 secs] 
67.316: [Full GC [PSYoungGen: 33792K->0K(238592K)] [ParOldGen: 516622K->77059K(544768K)] 550414K->77059K(783360K) [PSPermGen: 8832K->8832K(21504K)], 0.0853080 secs] [Times: user=0.62 sys=0.00, real=0.09 secs] 
67.402: Total time for which application threads were stopped: 0.1116090 seconds, Stopping threads took: 0.0001190 seconds
67.470: Application time: 0.0680340 seconds
67.470: [GC [PSYoungGen: 204800K->3456K(238592K)] 281859K->80515K(783360K), 0.0017380 secs] [Times: user=0.01 sys=0.00, real=0.00 secs] 
67.472: Total time for which application threads were stopped: 0.0019290 seconds, Stopping threads took: 0.0000990 seconds
67.537: Application time: 0.0650860 seconds
67.537: [GC [PSYoungGen: 208256K->22912K(238592K)] 285315K->99971K(783360K), 0.0096080 secs] [Times: user=0.08 sys=0.00, real=0.01 secs] 
67.547: Total time for which application threads were stopped: 0.0098150 seconds, Stopping threads took: 0.0001060 seconds
67.642: Application time: 0.0954890 seconds
67.642: [GC [PSYoungGen: 227712K->33760K(238592K)] 304771K->136965K(783360K), 0.0235830 secs] [Times: user=0.18 sys=0.00, real=0.02 secs] 
67.666: Total time for which application threads were stopped: 0.0237680 seconds, Stopping threads took: 0.0000840 seconds
67.756: Application time: 0.0898420 seconds
67.756: [GC [PSYoungGen: 238560K->33760K(238592K)] 341765K->148933K(783360K), 0.0190870 secs] [Times: user=0.15 sys=0.00, real=0.02 secs] 
67.775: Total time for which application threads were stopped: 0.0193110 seconds, Stopping threads took: 0.0001110 seconds
67.841: Application time: 0.0664030 seconds
67.842: [GC [PSYoungGen: 238560K->33760K(238592K)] 353733K->150058K(783360K), 0.0152960 secs] [Times: user=0.12 sys=0.00, real=0.01 secs] 
67.857: Total time for which application threads were stopped: 0.0154990 seconds, Stopping threads took: 0.0001010 seconds
67.923: Application time: 0.0663240 seconds
67.923: [GC [PSYoungGen: 238560K->33760K(238592K)] 354858K->173387K(783360K), 0.0239460 secs] [Times: user=0.18 sys=0.00, real=0.02 secs] 
67.947: Total time for which application threads were stopped: 0.0241350 seconds, Stopping threads took: 0.0000890 seconds
68.044: Application time: 0.0968020 seconds
68.044: [GC [PSYoungGen: 238560K->33792K(238592K)] 378187K->207258K(783360K), 0.0306750 secs] [Times: user=0.24 sys=0.00, real=0.03 secs] 
68.075: Total time for which application threads were stopped: 0.0308720 seconds, Stopping threads took: 0.0000980 seconds
68.163: Application time: 0.0880270 seconds
68.165: [GC [PSYoungGen: 238592K->33792K(238592K)] 412058K->222760K(783360K), 0.0213480 secs] [Times: user=0.17 sys=0.00, real=0.02 secs] 
68.187: Total time for which application threads were stopped: 0.0235510 seconds, Stopping threads took: 0.0020920 seconds
68.252: Application time: 0.0658190 seconds
68.253: [GC [PSYoungGen: 238592K->33792K(238592K)] 427560K->222912K(783360K), 0.0162430 secs] [Times: user=0.12 sys=0.00, real=0.01 secs] 
68.269: Total time for which application threads were stopped: 0.0164150 seconds, Stopping threads took: 0.0000720 seconds
68.337: Application time: 0.0681780 seconds
68.337: [GC [PSYoungGen: 238592K->33776K(238592K)] 427712K->252307K(783360K), 0.0271970 secs] [Times: user=0.21 sys=0.00, real=0.03 secs] 
68.364: Total time for which application threads were stopped: 0.0274320 seconds, Stopping threads took: 0.0001190 seconds
68.464: Application time: 0.0992030 seconds
68.464: [GC [PSYoungGen: 238576K->33792K(238592K)] 457107K->285695K(783360K), 0.0297790 secs] [Times: user=0.24 sys=0.00, real=0.03 secs] 
68.494: Total time for which application threads were stopped: 0.0299630 seconds, Stopping threads took: 0.0000840 seconds
68.579: Application time: 0.0850490 seconds
68.579: [GC [PSYoungGen: 238592K->33776K(238592K)] 490495K->295359K(783360K), 0.0190070 secs] [Times: user=0.15 sys=0.00, real=0.02 secs] 
68.598: Total time for which application threads were stopped: 0.0192080 seconds, Stopping threads took: 0.0001010 seconds
68.662: Application time: 0.0640550 seconds
68.662: [GC [PSYoungGen: 238576K->33776K(238592K)] 500159K->295431K(783360K), 0.0155020 secs] [Times: user=0.12 sys=0.00, real=0.01 secs] 
68.678: Total time for which application threads were stopped: 0.0156790 seconds, Stopping threads took: 0.0000760 seconds
68.748: Application time: 0.0708880 seconds
68.749: [GC [PSYoungGen: 238576K->33776K(238592K)] 500231K->333053K(783360K), 0.0300760 secs] [Times: user=0.24 sys=0.00, real=0.03 secs] 
68.779: Total time for which application threads were stopped: 0.0302880 seconds, Stopping threads took: 0.0001110 seconds
68.879: Application time: 0.1007030 seconds
68.880: [GC [PSYoungGen: 238576K->33792K(238592K)] 537853K->362205K(783360K), 0.0280150 secs] [Times: user=0.22 sys=0.00, real=0.03 secs] 
68.908: Total time for which application threads were stopped: 0.0281990 seconds, Stopping threads took: 0.0000740 seconds
68.989: Application time: 0.0811710 seconds
68.989: [GC [PSYoungGen: 238592K->33792K(238592K)] 567005K->365557K(783360K), 0.0170890 secs] [Times: user=0.13 sys=0.00, real=0.02 secs] 
69.006: Total time for which application threads were stopped: 0.0172770 seconds, Stopping threads took: 0.0000870 seconds
69.069: Application time: 0.0633090 seconds
69.070: [GC [PSYoungGen: 238592K->28256K(238592K)] 570357K->367576K(783360K), 0.0165330 secs] [Times: user=0.12 sys=0.00, real=0.01 secs] 
69.086: Total time for which application threads were stopped: 0.0167030 seconds, Stopping threads took: 0.0000720 seconds
69.161: Application time: 0.0749590 seconds
69.161: [GC [PSYoungGen: 233056K->33776K(238592K)] 572376K->407358K(783360K), 0.0291910 secs] [Times: user=0.23 sys=0.00, real=0.03 secs] 
69.190: Total time for which application threads were stopped: 0.0293680 seconds, Stopping threads took: 0.0000800 seconds
69.292: Application time: 0.1012950 seconds
69.292: [GC [PSYoungGen: 238576K->33776K(238592K)] 612158K->432293K(783360K), 0.0269400 secs] [Times: user=0.21 sys=0.00, real=0.02 secs] 
69.319: Total time for which application threads were stopped: 0.0271420 seconds, Stopping threads took: 0.0001020 seconds
69.396: Application time: 0.0768030 seconds
69.396: [GC [PSYoungGen: 238576K->33792K(238592K)] 637093K->435202K(783360K), 0.0178610 secs] [Times: user=0.14 sys=0.00, real=0.02 secs] 
69.414: Total time for which application threads were stopped: 0.0180900 seconds, Stopping threads took: 0.0001110 seconds
69.477: Application time: 0.0629770 seconds
69.477: [GC [PSYoungGen: 238592K->33776K(238592K)] 640002K->443274K(783360K), 0.0196430 secs] [Times: user=0.15 sys=0.00, real=0.02 secs] 
69.497: Total time for which application threads were stopped: 0.0198280 seconds, Stopping threads took: 0.0000840 seconds
69.575: Application time: 0.0783890 seconds
69.575: [GC [PSYoungGen: 238576K->33776K(238592K)] 648074K->481991K(783360K), 0.0339320 secs] [Times: user=0.26 sys=0.00, real=0.04 secs] 
69.609: Total time for which application threads were stopped: 0.0341040 seconds, Stopping threads took: 0.0000750 seconds
69.710: Application time: 0.1006120 seconds
69.710: [GC [PSYoungGen: 238576K->33760K(238592K)] 686791K->502089K(783360K), 0.0264940 secs] [Times: user=0.20 sys=0.00, real=0.02 secs] 
69.736: Total time for which application threads were stopped: 0.0266820 seconds, Stopping threads took: 0.0000860 seconds
69.811: Application time: 0.0748690 seconds
69.811: [GC [PSYoungGen: 238560K->33760K(238592K)] 706889K->505337K(783360K), 0.0190680 secs] [Times: user=0.15 sys=0.00, real=0.02 secs] 
69.831: Total time for which application threads were stopped: 0.0192490 seconds, Stopping threads took: 0.0000830 seconds
69.893: Application time: 0.0627860 seconds
69.893: [GC [PSYoungGen: 238560K->33776K(238592K)] 710137K->514612K(783360K), 0.0212310 secs] [Times: user=0.17 sys=0.00, real=0.02 secs] 
69.915: Total time for which application threads were stopped: 0.0214060 seconds, Stopping threads took: 0.0000750 seconds
69.998: Application time: 0.0831430 seconds
69.998: [GC [PSYoungGen: 238576K->33776K(238592K)] 719412K->554581K(783360K), 0.0343360 secs] [Times: user=0.27 sys=0.00, real=0.04 secs] 
70.032: [Full GC [PSYoungGen: 33776K->0K(238592K)] [ParOldGen: 520805K->76784K(544768K)] 554581K->76784K(783360K) [PSPermGen: 8832K->8832K(21504K)], 0.0832700 secs] [Times: user=0.61 sys=0.00, real=0.08 secs] 
70.117: Total time for which application threads were stopped: 0.1194370 seconds, Stopping threads took: 0.0001050 seconds
70.216: Application time: 0.0986370 seconds
70.216: [GC [PSYoungGen: 204800K->24672K(238592K)] 281584K->101456K(783360K), 0.0101570 secs] [Times: user=0.07 sys=0.00, real=0.01 secs] 
70.226: Total time for which application threads were stopped: 0.0103960 seconds, Stopping threads took: 0.0001350 seconds
70.299: Application time: 0.0723660 seconds
70.299: [GC [PSYoungGen: 229472K->26752K(238592K)] 306256K->103536K(783360K), 0.0101630 secs] [Times: user=0.08 sys=0.00, real=0.02 secs] 
70.309: Total time for which application threads were stopped: 0.0104860 seconds, Stopping threads took: 0.0002220 seconds
70.371: Application time: 0.0622200 seconds
70.372: [GC [PSYoungGen: 231552K->33760K(238592K)] 308336K->115315K(783360K), 0.0145170 secs] [Times: user=0.10 sys=0.00, real=0.01 secs] 
70.386: Total time for which application threads were stopped: 0.0147140 seconds, Stopping threads took: 0.0000950 seconds
70.473: Application time: 0.0867270 seconds
70.473: [GC [PSYoungGen: 238560K->33760K(238592K)] 320115K->149626K(783360K), 0.0275470 secs] [Times: user=0.20 sys=0.00, real=0.02 secs] 
70.501: Total time for which application threads were stopped: 0.0277420 seconds, Stopping threads took: 0.0000940 seconds
70.598: Application time: 0.0971400 seconds
70.599: [GC [PSYoungGen: 238560K->33760K(238592K)] 354426K->165770K(783360K), 0.0230920 secs] [Times: user=0.18 sys=0.00, real=0.03 secs] 
70.622: Total time for which application threads were stopped: 0.0245390 seconds, Stopping threads took: 0.0013190 seconds
70.692: Application time: 0.0699780 seconds
70.692: [GC [PSYoungGen: 238560K->33776K(238592K)] 370570K->168658K(783360K), 0.0173530 secs] [Times: user=0.14 sys=0.00, real=0.02 secs] 
70.710: Total time for which application threads were stopped: 0.0175650 seconds, Stopping threads took: 0.0001100 seconds
70.772: Application time: 0.0620840 seconds
70.772: [GC [PSYoungGen: 238576K->33792K(238592K)] 373458K->183324K(783360K), 0.0218340 secs] [Times: user=0.17 sys=0.00, real=0.02 secs] 
70.794: Total time for which application threads were stopped: 0.0220370 seconds, Stopping threads took: 0.0001020 seconds
70.885: Application time: 0.0909890 seconds
70.885: [GC [PSYoungGen: 238592K->33776K(238592K)] 388124K->221521K(783360K), 0.0324230 secs] [Times: user=0.26 sys=0.00, real=0.03 secs] 
70.918: Total time for which application threads were stopped: 0.0326360 seconds, Stopping threads took: 0.0001010 seconds
71.012: Application time: 0.0945970 seconds
71.012: [GC [PSYoungGen: 238576K->33760K(238592K)] 426321K->239416K(783360K), 0.0243030 secs] [Times: user=0.19 sys=0.00, real=0.02 secs] 
71.037: Total time for which application threads were stopped: 0.0244940 seconds, Stopping threads took: 0.0000900 seconds
71.105: Application time: 0.0681770 seconds
71.109: [GC [PSYoungGen: 238560K->33776K(238592K)] 444216K->243192K(783360K), 0.0190110 secs] [Times: user=0.15 sys=0.00, real=0.02 secs] 
71.128: Total time for which application threads were stopped: 0.0227430 seconds, Stopping threads took: 0.0036200 seconds
71.192: Application time: 0.0638790 seconds
71.192: [GC [PSYoungGen: 238576K->33760K(238592K)] 447992K->261134K(783360K), 0.0244650 secs] [Times: user=0.19 sys=0.00, real=0.02 secs] 
71.216: Total time for which application threads were stopped: 0.0246670 seconds, Stopping threads took: 0.0001020 seconds
71.309: Application time: 0.0923920 seconds
71.309: [GC [PSYoungGen: 238560K->33776K(238592K)] 465934K->294813K(783360K), 0.0326980 secs] [Times: user=0.23 sys=0.03, real=0.04 secs] 
71.341: Total time for which application threads were stopped: 0.0328830 seconds, Stopping threads took: 0.0000850 seconds
71.434: Application time: 0.0929150 seconds
71.435: [GC [PSYoungGen: 238576K->33776K(238592K)] 499613K->310200K(783360K), 0.0242730 secs] [Times: user=0.19 sys=0.00, real=0.02 secs] 
71.459: Total time for which application threads were stopped: 0.0244840 seconds, Stopping threads took: 0.0001090 seconds
71.525: Application time: 0.0662360 seconds
71.525: [GC [PSYoungGen: 238576K->33760K(238592K)] 515000K->312112K(783360K), 0.0184080 secs] [Times: user=0.14 sys=0.00, real=0.02 secs] 
71.544: Total time for which application threads were stopped: 0.0186040 seconds, Stopping threads took: 0.0000970 seconds
71.609: Application time: 0.0651130 seconds
71.609: [GC [PSYoungGen: 238560K->33760K(238592K)] 516912K->332862K(783360K), 0.0256800 secs] [Times: user=0.18 sys=0.00, real=0.03 secs] 
71.635: Total time for which application threads were stopped: 0.0258950 seconds, Stopping threads took: 0.0001130 seconds
71.731: Application time: 0.0960350 seconds
71.731: [GC [PSYoungGen: 238560K->33792K(238592K)] 537662K->371479K(783360K), 0.0351520 secs] [Times: user=0.28 sys=0.00, real=0.03 secs] 
71.766: Total time for which application threads were stopped: 0.0353580 seconds, Stopping threads took: 0.0000990 seconds
71.856: Application time: 0.0897530 seconds
71.856: [GC [PSYoungGen: 238592K->33776K(238592K)] 576279K->383963K(783360K), 0.0254360 secs] [Times: user=0.18 sys=0.00, real=0.03 secs] 
71.882: Total time for which application threads were stopped: 0.0256550 seconds, Stopping threads took: 0.0001180 seconds
71.947: Application time: 0.0654000 seconds
71.949: [GC [PSYoungGen: 238576K->33776K(238592K)] 588763K->387902K(783360K), 0.0210750 secs] [Times: user=0.17 sys=0.00, real=0.02 secs] 
71.970: Total time for which application threads were stopped: 0.0233470 seconds, Stopping threads took: 0.0021690 seconds
72.037: Application time: 0.0663550 seconds
72.037: [GC [PSYoungGen: 238576K->33776K(238592K)] 592702K->413462K(783360K), 0.0285300 secs] [Times: user=0.23 sys=0.00, real=0.03 secs] 
72.065: Total time for which application threads were stopped: 0.0287290 seconds, Stopping threads took: 0.0001010 seconds
72.164: Application time: 0.0987580 seconds
72.164: [GC [PSYoungGen: 238576K->33776K(238592K)] 618262K->449957K(783360K), 0.0343440 secs] [Times: user=0.27 sys=0.00, real=0.03 secs] 
72.199: Total time for which application threads were stopped: 0.0345290 seconds, Stopping threads took: 0.0000890 seconds
72.285: Application time: 0.0859760 seconds
72.285: [GC [PSYoungGen: 238576K->33792K(238592K)] 654757K->460225K(783360K), 0.0219490 secs] [Times: user=0.17 sys=0.00, real=0.02 secs] 
72.307: Total time for which application threads were stopped: 0.0221610 seconds, Stopping threads took: 0.0000970 seconds
72.371: Application time: 0.0641990 seconds
72.371: [GC [PSYoungGen: 238592K->33776K(238592K)] 665025K->463785K(783360K), 0.0195050 secs] [Times: user=0.15 sys=0.00, real=0.02 secs] 
72.391: Total time for which application threads were stopped: 0.0197120 seconds, Stopping threads took: 0.0001030 seconds
72.461: Application time: 0.0702630 seconds
72.461: [GC [PSYoungGen: 238576K->33760K(238592K)] 668585K->495535K(783360K), 0.0308300 secs] [Times: user=0.24 sys=0.00, real=0.03 secs] 
72.492: Total time for which application threads were stopped: 0.0310730 seconds, Stopping threads took: 0.0001430 seconds
72.593: Application time: 0.1004950 seconds
72.593: [GC [PSYoungGen: 238560K->33760K(238592K)] 700335K->527358K(783360K), 0.0330810 secs] [Times: user=0.26 sys=0.00, real=0.03 secs] 
72.626: [Full GC [PSYoungGen: 33760K->0K(238592K)] [ParOldGen: 493598K->76602K(544768K)] 527358K->76602K(783360K) [PSPermGen: 8833K->8833K(21504K)], 0.0830180 secs] [Times: user=0.60 sys=0.00, real=0.08 secs] 
72.709: Total time for which application threads were stopped: 0.1163670 seconds, Stopping threads took: 0.0001010 seconds
72.790: Application time: 0.0814880 seconds
72.791: [GC [PSYoungGen: 204800K->6272K(238592K)] 281402K->82874K(783360K), 0.0028810 secs] [Times: user=0.02 sys=0.00, real=0.00 secs] 
72.794: Total time for which application threads were stopped: 0.0031030 seconds, Stopping threads took: 0.0001140 seconds
72.858: Application time: 0.0642650 seconds
72.858: [GC [PSYoungGen: 211072K->10816K(238592K)] 287674K->87418K(783360K), 0.0042290 secs] [Times: user=0.04 sys=0.00, real=0.01 secs] 
72.862: Total time for which application threads were stopped: 0.0044180 seconds, Stopping threads took: 0.0000880 seconds
72.936: Application time: 0.0742730 seconds
72.937: [GC [PSYoungGen: 215616K->33776K(238592K)] 292218K->123461K(783360K), 0.0189830 secs] [Times: user=0.15 sys=0.00, real=0.02 secs] 
72.956: Total time for which application threads were stopped: 0.0191710 seconds, Stopping threads took: 0.0000900 seconds
73.057: Application time: 0.1010520 seconds
73.057: [GC [PSYoungGen: 238576K->33760K(238592K)] 328261K->147772K(783360K), 0.0240340 secs] [Times: user=0.19 sys=0.00, real=0.02 secs] 
73.081: Total time for which application threads were stopped: 0.0242370 seconds, Stopping threads took: 0.0001030 seconds
73.159: Application time: 0.0776600 seconds
73.159: [GC [PSYoungGen: 238560K->33776K(238592K)] 352572K->149737K(783360K), 0.0157430 secs] [Times: user=0.12 sys=0.00, real=0.02 secs] 
73.175: Total time for which application threads were stopped: 0.0159650 seconds, Stopping threads took: 0.0001200 seconds
73.237: Application time: 0.0628770 seconds
73.238: [GC [PSYoungGen: 238576K->33760K(238592K)] 354537K->156943K(783360K), 0.0176530 secs] [Times: user=0.14 sys=0.00, real=0.02 secs] 
73.255: Total time for which application threads were stopped: 0.0178250 seconds, Stopping threads took: 0.0000730 seconds
73.333: Application time: 0.0777130 seconds
73.333: [GC [PSYoungGen: 238560K->33776K(238592K)] 361743K->195219K(783360K), 0.0308870 secs] [Times: user=0.25 sys=0.00, real=0.03 secs] 
73.364: Total time for which application threads were stopped: 0.0310860 seconds, Stopping threads took: 0.0000930 seconds
73.464: Application time: 0.1000250 seconds
73.464: [GC [PSYoungGen: 238576K->33776K(238592K)] 400019K->219311K(783360K), 0.0251380 secs] [Times: user=0.19 sys=0.00, real=0.03 secs] 
73.489: Total time for which application threads were stopped: 0.0253250 seconds, Stopping threads took: 0.0000850 seconds
73.564: Application time: 0.0749690 seconds
73.565: [GC [PSYoungGen: 238576K->33776K(238592K)] 424111K->223318K(783360K), 0.0173990 secs] [Times: user=0.13 sys=0.00, real=0.02 secs] 
73.582: Total time for which application threads were stopped: 0.0175850 seconds, Stopping threads took: 0.0000870 seconds
73.646: Application time: 0.0641030 seconds
73.646: [GC [PSYoungGen: 238576K->33776K(238592K)] 428118K->234762K(783360K), 0.0208140 secs] [Times: user=0.16 sys=0.00, real=0.02 secs] 
73.667: Total time for which application threads were stopped: 0.0210470 seconds, Stopping threads took: 0.0001220 seconds
73.749: Application time: 0.0818030 seconds
73.749: [GC [PSYoungGen: 238576K->33760K(238592K)] 439562K->271839K(783360K), 0.0315210 secs] [Times: user=0.24 sys=0.00, real=0.02 secs] 
73.781: Total time for which application threads were stopped: 0.0317060 seconds, Stopping threads took: 0.0000880 seconds
73.878: Application time: 0.0973910 seconds
73.878: [GC [PSYoungGen: 238560K->33776K(238592K)] 476639K->296046K(783360K), 0.0274160 secs] [Times: user=0.22 sys=0.00, real=0.03 secs] 
73.906: Total time for which application threads were stopped: 0.0276040 seconds, Stopping threads took: 0.0000710 seconds
73.979: Application time: 0.0734970 seconds
73.979: [GC [PSYoungGen: 238576K->33776K(238592K)] 500846K->299414K(783360K), 0.0184600 secs] [Times: user=0.15 sys=0.00, real=0.02 secs] 
73.998: Total time for which application threads were stopped: 0.0186440 seconds, Stopping threads took: 0.0000810 seconds
74.061: Application time: 0.0631080 seconds
74.061: [GC [PSYoungGen: 238576K->33776K(238592K)] 504214K->312756K(783360K), 0.0226100 secs] [Times: user=0.18 sys=0.00, real=0.02 secs] 
74.084: Total time for which application threads were stopped: 0.0228330 seconds, Stopping threads took: 0.0001240 seconds
74.170: Application time: 0.0857910 seconds
74.170: [GC [PSYoungGen: 238576K->33760K(238592K)] 517556K->349836K(783360K), 0.0324570 secs] [Times: user=0.26 sys=0.00, real=0.03 secs] 
74.202: Total time for which application threads were stopped: 0.0326410 seconds, Stopping threads took: 0.0000860 seconds
74.299: Application time: 0.0968310 seconds
74.299: [GC [PSYoungGen: 238560K->33760K(238592K)] 554636K->369724K(783360K), 0.0250890 secs] [Times: user=0.20 sys=0.00, real=0.03 secs] 
74.324: Total time for which application threads were stopped: 0.0252960 seconds, Stopping threads took: 0.0001050 seconds
74.395: Application time: 0.0708790 seconds
74.395: [GC [PSYoungGen: 238560K->33776K(238592K)] 574524K->370740K(783360K), 0.0172160 secs] [Times: user=0.13 sys=0.00, real=0.02 secs] 
74.413: Total time for which application threads were stopped: 0.0174440 seconds, Stopping threads took: 0.0001170 seconds
74.476: Application time: 0.0633680 seconds
74.476: [GC [PSYoungGen: 238576K->33776K(238592K)] 575540K->386317K(783360K), 0.0226030 secs] [Times: user=0.18 sys=0.00, real=0.02 secs] 
74.499: Total time for which application threads were stopped: 0.0228000 seconds, Stopping threads took: 0.0000960 seconds
74.587: Application time: 0.0883490 seconds
74.589: [GC [PSYoungGen: 238576K->33760K(238592K)] 591117K->420724K(783360K), 0.0302550 secs] [Times: user=0.24 sys=0.00, real=0.02 secs] 
74.619: Total time for which application threads were stopped: 0.0322790 seconds, Stopping threads took: 0.0019220 seconds
74.716: Application time: 0.0962350 seconds
74.716: [GC [PSYoungGen: 238560K->33776K(238592K)] 625524K->436253K(783360K), 0.0227440 secs] [Times: user=0.17 sys=0.00, real=0.02 secs] 
74.739: Total time for which application threads were stopped: 0.0229680 seconds, Stopping threads took: 0.0001240 seconds
74.807: Application time: 0.0686970 seconds
74.808: [GC [PSYoungGen: 238576K->33776K(238592K)] 641053K->436394K(783360K), 0.0181940 secs] [Times: user=0.15 sys=0.00, real=0.02 secs] 
74.826: Total time for which application threads were stopped: 0.0184230 seconds, Stopping threads took: 0.0001290 seconds
74.890: Application time: 0.0640210 seconds
74.890: [GC [PSYoungGen: 238576K->33760K(238592K)] 641194K->453973K(783360K), 0.0235120 secs] [Times: user=0.18 sys=0.00, real=0.02 secs] 
74.914: Total time for which application threads were stopped: 0.0236980 seconds, Stopping threads took: 0.0000870 seconds
75.005: Application time: 0.0917400 seconds
75.005: [GC [PSYoungGen: 238560K->33792K(238592K)] 658773K->493667K(783360K), 0.0341500 secs] [Times: user=0.27 sys=0.00, real=0.03 secs] 
75.040: Total time for which application threads were stopped: 0.0343460 seconds, Stopping threads took: 0.0000830 seconds
75.133: Application time: 0.0932470 seconds
75.133: [GC [PSYoungGen: 238592K->33776K(238592K)] 698467K->508559K(783360K), 0.0228710 secs] [Times: user=0.18 sys=0.00, real=0.02 secs] 
75.156: Total time for which application threads were stopped: 0.0230670 seconds, Stopping threads took: 0.0000950 seconds
75.223: Application time: 0.0670060 seconds
75.223: [GC [PSYoungGen: 238576K->33696K(238592K)] 713359K->508487K(783360K), 0.0167070 secs] [Times: user=0.13 sys=0.00, real=0.01 secs] 
75.240: Total time for which application threads were stopped: 0.0169160 seconds, Stopping threads took: 0.0001070 seconds
75.306: Application time: 0.0661960 seconds
75.306: [GC [PSYoungGen: 238496K->33760K(238592K)] 713287K->530370K(783360K), 0.0252170 secs] [Times: user=0.20 sys=0.00, real=0.03 secs] 
75.331: Total time for which application threads were stopped: 0.0254280 seconds, Stopping threads took: 0.0001120 seconds
75.427: Application time: 0.0950740 seconds
75.427: [GC [PSYoungGen: 238560K->33792K(238592K)] 735170K->570353K(783360K), 0.0347630 secs] [Times: user=0.27 sys=0.00, real=0.04 secs] 
75.461: [Full GC [PSYoungGen: 33792K->0K(238592K)] [ParOldGen: 536561K->77424K(544768K)] 570353K->77424K(783360K) [PSPermGen: 8833K->8833K(21504K)], 0.0830470 secs] [Times: user=0.61 sys=0.00, real=0.08 secs] 
75.545: Total time for which application threads were stopped: 0.1180600 seconds, Stopping threads took: 0.0000800 seconds
75.635: Application time: 0.0901250 seconds
75.635: [GC [PSYoungGen: 204800K->13440K(238592K)] 282224K->90864K(783360K), 0.0056300 secs] [Times: user=0.04 sys=0.00, real=0.00 secs] 
75.641: Total time for which application threads were stopped: 0.0058400 seconds, Stopping threads took: 0.0000940 seconds
75.707: Application time: 0.0659260 seconds
75.707: [GC [PSYoungGen: 218240K->13664K(238592K)] 295664K->91088K(783360K), 0.0054030 secs] [Times: user=0.04 sys=0.00, real=0.01 secs] 
75.712: Total time for which application threads were stopped: 0.0056030 seconds, Stopping threads took: 0.0000980 seconds
75.780: Application time: 0.0681090 seconds
75.780: [GC [PSYoungGen: 218464K->33776K(238592K)] 295888K->122040K(783360K), 0.0173330 secs] [Times: user=0.13 sys=0.00, real=0.02 secs] 
75.798: Total time for which application threads were stopped: 0.0175190 seconds, Stopping threads took: 0.0000910 seconds
75.897: Application time: 0.0991490 seconds
75.897: [GC [PSYoungGen: 238576K->33760K(238592K)] 326840K->152399K(783360K), 0.0263190 secs] [Times: user=0.20 sys=0.00, real=0.03 secs] 
75.923: Total time for which application threads were stopped: 0.0265200 seconds, Stopping threads took: 0.0000940 seconds
76.009: Application time: 0.0851630 seconds
76.009: [GC [PSYoungGen: 238560K->33760K(238592K)] 357199K->160640K(783360K), 0.0179700 secs] [Times: user=0.14 sys=0.00, real=0.02 secs] 
76.027: Total time for which application threads were stopped: 0.0181820 seconds, Stopping threads took: 0.0001120 seconds
76.091: Application time: 0.0643180 seconds
76.091: [GC [PSYoungGen: 238560K->33776K(238592K)] 365440K->163200K(783360K), 0.0161100 secs] [Times: user=0.13 sys=0.00, real=0.01 secs] 
76.107: Total time for which application threads were stopped: 0.0163050 seconds, Stopping threads took: 0.0000950 seconds
76.177: Application time: 0.0698560 seconds
76.177: [GC [PSYoungGen: 238576K->33776K(238592K)] 368000K->195268K(783360K), 0.0278160 secs] [Times: user=0.21 sys=0.00, real=0.03 secs] 
76.205: Total time for which application threads were stopped: 0.0280230 seconds, Stopping threads took: 0.0000950 seconds
76.306: Application time: 0.1011060 seconds
76.307: [GC [PSYoungGen: 238576K->33792K(238592K)] 400068K->224828K(783360K), 0.0276350 secs] [Times: user=0.22 sys=0.00, real=0.03 secs] 
76.334: Total time for which application threads were stopped: 0.0278470 seconds, Stopping threads took: 0.0001080 seconds
76.416: Application time: 0.0818130 seconds
76.416: [GC [PSYoungGen: 238592K->33760K(238592K)] 429628K->229680K(783360K), 0.0179250 secs] [Times: user=0.14 sys=0.00, real=0.02 secs] 
76.434: Total time for which application threads were stopped: 0.0181440 seconds, Stopping threads took: 0.0001050 seconds
76.498: Application time: 0.0637450 seconds
76.498: [GC [PSYoungGen: 238560K->33776K(238592K)] 434480K->236024K(783360K), 0.0185510 secs] [Times: user=0.15 sys=0.00, real=0.02 secs] 
76.517: Total time for which application threads were stopped: 0.0187480 seconds, Stopping threads took: 0.0000950 seconds
76.590: Application time: 0.0735760 seconds
76.590: [GC [PSYoungGen: 238576K->33792K(238592K)] 440824K->267189K(783360K), 0.0300440 secs] [Times: user=0.23 sys=0.00, real=0.02 secs] 
76.621: Total time for which application threads were stopped: 0.0302300 seconds, Stopping threads took: 0.0000850 seconds
76.722: Application time: 0.1014300 seconds
76.722: [GC [PSYoungGen: 238592K->33776K(238592K)] 471989K->295523K(783360K), 0.0285680 secs] [Times: user=0.22 sys=0.00, real=0.03 secs] 
76.751: Total time for which application threads were stopped: 0.0287560 seconds, Stopping threads took: 0.0000760 seconds
76.830: Application time: 0.0790520 seconds
76.830: [GC [PSYoungGen: 238576K->33776K(238592K)] 500323K->300623K(783360K), 0.0188890 secs] [Times: user=0.15 sys=0.00, real=0.01 secs] 
76.849: Total time for which application threads were stopped: 0.0190650 seconds, Stopping threads took: 0.0000760 seconds
76.912: Application time: 0.0628900 seconds
76.912: [GC [PSYoungGen: 238576K->33776K(238592K)] 505423K->309627K(783360K), 0.0204970 secs] [Times: user=0.16 sys=0.00, real=0.02 secs] 
76.932: Total time for which application threads were stopped: 0.0206850 seconds, Stopping threads took: 0.0000880 seconds
77.008: Application time: 0.0753450 seconds
77.008: [GC [PSYoungGen: 238576K->33776K(238592K)] 514427K->341752K(783360K), 0.0318580 secs] [Times: user=0.25 sys=0.00, real=0.03 secs] 
77.040: Total time for which application threads were stopped: 0.0320550 seconds, Stopping threads took: 0.0000980 seconds
77.142: Application time: 0.1017420 seconds
77.142: [GC [PSYoungGen: 238576K->33776K(238592K)] 546552K->369326K(783360K), 0.0290000 secs] [Times: user=0.23 sys=0.00, real=0.03 secs] 
77.171: Total time for which application threads were stopped: 0.0292060 seconds, Stopping threads took: 0.0001060 seconds
77.247: Application time: 0.0762900 seconds
77.247: [GC [PSYoungGen: 238576K->33776K(238592K)] 574126K->372310K(783360K), 0.0195720 secs] [Times: user=0.15 sys=0.00, real=0.02 secs] 
77.267: Total time for which application threads were stopped: 0.0197710 seconds, Stopping threads took: 0.0000870 seconds
77.330: Application time: 0.0627430 seconds
77.330: [GC [PSYoungGen: 238576K->32992K(238592K)] 577110K->382124K(783360K), 0.0215280 secs] [Times: user=0.17 sys=0.00, real=0.02 secs] 
77.351: Total time for which application threads were stopped: 0.0218210 seconds, Stopping threads took: 0.0001710 seconds
77.432: Application time: 0.0808240 seconds
77.432: [GC [PSYoungGen: 237792K->33760K(238592K)] 586924K->416143K(783360K), 0.0302230 secs] [Times: user=0.24 sys=0.00, real=0.03 secs] 
77.463: Total time for which application threads were stopped: 0.0304280 seconds, Stopping threads took: 0.0001060 seconds
77.563: Application time: 0.1002360 seconds
77.563: [GC [PSYoungGen: 238560K->33760K(238592K)] 620943K->435938K(783360K), 0.0255870 secs] [Times: user=0.19 sys=0.00, real=0.02 secs] 
77.589: Total time for which application threads were stopped: 0.0257780 seconds, Stopping threads took: 0.0000900 seconds
77.663: Application time: 0.0739520 seconds
77.665: [GC [PSYoungGen: 238560K->33776K(238592K)] 640738K->439690K(783360K), 0.0190270 secs] [Times: user=0.15 sys=0.00, real=0.02 secs] 
77.684: Total time for which application threads were stopped: 0.0216300 seconds, Stopping threads took: 0.0025020 seconds
77.746: Application time: 0.0621710 seconds
77.747: [GC [PSYoungGen: 238576K->33776K(238592K)] 644490K->450540K(783360K), 0.0217870 secs] [Times: user=0.17 sys=0.00, real=0.02 secs] 
77.768: Total time for which application threads were stopped: 0.0219910 seconds, Stopping threads took: 0.0001020 seconds
77.852: Application time: 0.0833900 seconds
77.852: [GC [PSYoungGen: 238576K->33792K(238592K)] 655340K->488704K(783360K), 0.0333410 secs] [Times: user=0.26 sys=0.00, real=0.03 secs] 
77.885: Total time for which application threads were stopped: 0.0335420 seconds, Stopping threads took: 0.0000880 seconds
77.985: Application time: 0.0998350 seconds
77.985: [GC [PSYoungGen: 238592K->33760K(238592K)] 693504K->514809K(783360K), 0.0284090 secs] [Times: user=0.22 sys=0.00, real=0.03 secs] 
78.014: Total time for which application threads were stopped: 0.0286070 seconds, Stopping threads took: 0.0001000 seconds
78.085: Application time: 0.0714900 seconds
78.085: [GC [PSYoungGen: 238560K->33760K(238592K)] 719609K->515217K(783360K), 0.0177360 secs] [Times: user=0.14 sys=0.00, real=0.02 secs] 
78.103: Total time for which application threads were stopped: 0.0179800 seconds, Stopping threads took: 0.0001450 seconds
78.165: Application time: 0.0621930 seconds
78.169: [GC [PSYoungGen: 238560K->33776K(238592K)] 720017K->529328K(783360K), 0.0229570 secs] [Times: user=0.18 sys=0.00, real=0.02 secs] 
78.192: Total time for which application threads were stopped: 0.0266910 seconds, Stopping threads took: 0.0036310 seconds
78.280: Application time: 0.0877980 seconds
78.280: [GC [PSYoungGen: 238576K->33776K(238592K)] 734128K->570657K(783360K), 0.0348680 secs] [Times: user=0.27 sys=0.00, real=0.04 secs] 
78.315: [Full GC [PSYoungGen: 33776K->0K(238592K)] [ParOldGen: 536881K->74399K(544768K)] 570657K->74399K(783360K) [PSPermGen: 8833K->8833K(21504K)], 0.0804630 secs] [Times: user=0.59 sys=0.00, real=0.08 secs] 
78.396: Total time for which application threads were stopped: 0.1155930 seconds, Stopping threads took: 0.0000920 seconds
78.493: Application time: 0.0975910 seconds
78.493: [GC [PSYoungGen: 204800K->21088K(238592K)] 279199K->95487K(783360K), 0.0088190 secs] [Times: user=0.07 sys=0.00, real=0.01 secs] 
78.502: Total time for which application threads were stopped: 0.0090500 seconds, Stopping threads took: 0.0001160 seconds
78.572: Application time: 0.0693000 seconds
78.572: [GC [PSYoungGen: 225888K->20832K(238592K)] 300287K->95231K(783360K), 0.0080730 secs] [Times: user=0.06 sys=0.00, real=0.00 secs] 
78.580: Total time for which application threads were stopped: 0.0082870 seconds, Stopping threads took: 0.0001140 seconds
78.644: Application time: 0.0644280 seconds
78.644: [GC [PSYoungGen: 225632K->33760K(238592K)] 300031K->114667K(783360K), 0.0155050 secs] [Times: user=0.12 sys=0.00, real=0.01 secs] 
78.660: Total time for which application threads were stopped: 0.0157060 seconds, Stopping threads took: 0.0000990 seconds
78.750: Application time: 0.0905060 seconds
78.751: [GC [PSYoungGen: 238560K->33760K(238592K)] 319467K->151928K(783360K), 0.0282030 secs] [Times: user=0.21 sys=0.00, real=0.02 secs] 
78.779: Total time for which application threads were stopped: 0.0283720 seconds, Stopping threads took: 0.0000710 seconds
78.874: Application time: 0.0947920 seconds
78.874: [GC [PSYoungGen: 238560K->33776K(238592K)] 356728K->167080K(783360K), 0.0195350 secs] [Times: user=0.16 sys=0.00, real=0.02 secs] 
78.893: Total time for which application threads were stopped: 0.0197430 seconds, Stopping threads took: 0.0001080 seconds
78.960: Application time: 0.0667720 seconds
78.961: [GC [PSYoungGen: 238576K->33792K(238592K)] 371880K->167224K(783360K), 0.0142670 secs] [Times: user=0.11 sys=0.00, real=0.01 secs] 
78.975: Total time for which application threads were stopped: 0.0153480 seconds, Stopping threads took: 0.0009770 seconds
79.041: Application time: 0.0653660 seconds
79.041: [GC [PSYoungGen: 238592K->33776K(238592K)] 372024K->189525K(783360K), 0.0228300 secs] [Times: user=0.18 sys=0.00, real=0.02 secs] 
79.064: Total time for which application threads were stopped: 0.0230740 seconds, Stopping threads took: 0.0001260 seconds
79.158: Application time: 0.0937570 seconds
79.158: [GC [PSYoungGen: 238576K->33776K(238592K)] 394325K->227728K(783360K), 0.0313170 secs] [Times: user=0.24 sys=0.00, real=0.04 secs] 
79.189: Total time for which application threads were stopped: 0.0315000 seconds, Stopping threads took: 0.0000840 seconds
79.280: Application time: 0.0907780 seconds
79.280: [GC [PSYoungGen: 238576K->33776K(238592K)] 432528K->236623K(783360K), 0.0184220 secs] [Times: user=0.14 sys=0.00, real=0.02 secs] 
79.299: Total time for which application threads were stopped: 0.0186010 seconds, Stopping threads took: 0.0000810 seconds
79.364: Application time: 0.0655240 seconds
79.364: [GC [PSYoungGen: 238576K->33776K(238592K)] 441423K->236863K(783360K), 0.0154440 secs] [Times: user=0.12 sys=0.00, real=0.01 secs] 
79.380: Total time for which application threads were stopped: 0.0156390 seconds, Stopping threads took: 0.0000920 seconds
79.447: Application time: 0.0672670 seconds
79.447: [GC [PSYoungGen: 238576K->33760K(238592K)] 441663K->262392K(783360K), 0.0253030 secs] [Times: user=0.19 sys=0.00, real=0.03 secs] 
79.473: Total time for which application threads were stopped: 0.0254970 seconds, Stopping threads took: 0.0000930 seconds
79.571: Application time: 0.0983880 seconds
79.571: [GC [PSYoungGen: 238560K->33776K(238592K)] 467192K->299470K(783360K), 0.0319160 secs] [Times: user=0.25 sys=0.00, real=0.03 secs] 
79.603: Total time for which application threads were stopped: 0.0321140 seconds, Stopping threads took: 0.0000910 seconds
79.689: Application time: 0.0855880 seconds
79.689: [GC [PSYoungGen: 238576K->33776K(238592K)] 504270K->309922K(783360K), 0.0189800 secs] [Times: user=0.15 sys=0.00, real=0.02 secs] 
79.708: Total time for which application threads were stopped: 0.0191990 seconds, Stopping threads took: 0.0001170 seconds
79.773: Application time: 0.0647100 seconds
79.773: [GC [PSYoungGen: 238576K->33776K(238592K)] 514722K->313198K(783360K), 0.0163240 secs] [Times: user=0.13 sys=0.00, real=0.01 secs] 
79.789: Total time for which application threads were stopped: 0.0165410 seconds, Stopping threads took: 0.0001080 seconds
79.859: Application time: 0.0697220 seconds
79.859: [GC [PSYoungGen: 238576K->33760K(238592K)] 517998K->341852K(783360K), 0.0267860 secs] [Times: user=0.22 sys=0.00, real=0.03 secs] 
79.886: Total time for which application threads were stopped: 0.0269650 seconds, Stopping threads took: 0.0000800 seconds
79.987: Application time: 0.1016270 seconds
79.989: [GC [PSYoungGen: 238560K->33776K(238592K)] 546652K->375689K(783360K), 0.0303820 secs] [Times: user=0.24 sys=0.00, real=0.02 secs] 
80.020: Total time for which application threads were stopped: 0.0322130 seconds, Stopping threads took: 0.0017290 seconds
80.101: Application time: 0.0818450 seconds
80.102: [GC [PSYoungGen: 238576K->33776K(238592K)] 580489K->380773K(783360K), 0.0178760 secs] [Times: user=0.14 sys=0.00, real=0.01 secs] 
80.120: Total time for which application threads were stopped: 0.0181010 seconds, Stopping threads took: 0.0001090 seconds
80.183: Application time: 0.0634310 seconds
80.183: [GC [PSYoungGen: 238576K->30832K(238592K)] 585573K->387908K(783360K), 0.0184590 secs] [Times: user=0.14 sys=0.00, real=0.02 secs] 
80.202: Total time for which application threads were stopped: 0.0186530 seconds, Stopping threads took: 0.0000910 seconds
80.274: Application time: 0.0726820 seconds
80.274: [GC [PSYoungGen: 235632K->33776K(238592K)] 592708K->415182K(783360K), 0.0260620 secs] [Times: user=0.21 sys=0.00, real=0.02 secs] 
80.301: Total time for which application threads were stopped: 0.0262440 seconds, Stopping threads took: 0.0000830 seconds
80.403: Application time: 0.1027010 seconds
80.403: [GC [PSYoungGen: 238576K->33792K(238592K)] 619982K->440921K(783360K), 0.0280330 secs] [Times: user=0.22 sys=0.00, real=0.03 secs] 
80.432: Total time for which application threads were stopped: 0.0282340 seconds, Stopping threads took: 0.0001010 seconds
80.510: Application time: 0.0789760 seconds
80.511: [GC [PSYoungGen: 238592K->33792K(238592K)] 645721K->444334K(783360K), 0.0183650 secs] [Times: user=0.15 sys=0.00, real=0.01 secs] 
80.529: Total time for which application threads were stopped: 0.0185740 seconds, Stopping threads took: 0.0000960 seconds
80.592: Application time: 0.0630980 seconds
80.592: [GC [PSYoungGen: 238592K->33776K(238592K)] 649134K->452783K(783360K), 0.0207660 secs] [Times: user=0.15 sys=0.00, real=0.02 secs] 
80.613: Total time for which application threads were stopped: 0.0209710 seconds, Stopping threads took: 0.0001050 seconds
80.688: Application time: 0.0747140 seconds
80.688: [GC [PSYoungGen: 238576K->33760K(238592K)] 657583K->482835K(783360K), 0.0301900 secs] [Times: user=0.24 sys=0.00, real=0.03 secs] 
80.718: Total time for which application threads were stopped: 0.0303900 seconds, Stopping threads took: 0.0000880 seconds
80.822: Application time: 0.1035640 seconds
80.822: [GC [PSYoungGen: 238560K->33760K(238592K)] 687635K->514078K(783360K), 0.0309810 secs] [Times: user=0.24 sys=0.00, real=0.03 secs] 
80.853: Total time for which application threads were stopped: 0.0311830 seconds, Stopping threads took: 0.0000980 seconds
80.930: Application time: 0.0770480 seconds
80.930: [GC [PSYoungGen: 238560K->33760K(238592K)] 718878K->518323K(783360K), 0.0196260 secs] [Times: user=0.15 sys=0.00, real=0.02 secs] 
80.950: Total time for which application threads were stopped: 0.0198290 seconds, Stopping threads took: 0.0001030 seconds
81.012: Application time: 0.0620650 seconds
81.012: [GC [PSYoungGen: 238560K->33776K(238592K)] 723123K->527955K(783360K), 0.0218330 secs] [Times: user=0.16 sys=0.00, real=0.02 secs] 
81.034: Total time for which application threads were stopped: 0.0220470 seconds, Stopping threads took: 0.0001120 seconds
81.112: Application time: 0.0784810 seconds
81.113: [GC [PSYoungGen: 238576K->33776K(238592K)] 732755K->562888K(783360K), 0.0329050 secs] [Times: user=0.26 sys=0.00, real=0.03 secs] 
81.146: [Full GC [PSYoungGen: 33776K->0K(238592K)] [ParOldGen: 529112K->78783K(544768K)] 562888K->78783K(783360K) [PSPermGen: 8833K->8833K(21504K)], 0.0843020 secs] [Times: user=0.61 sys=0.00, real=0.09 secs] 
81.230: Total time for which application threads were stopped: 0.1174760 seconds, Stopping threads took: 0.0001050 seconds
81.332: Application time: 0.1024730 seconds
81.333: [GC [PSYoungGen: 204800K->30528K(238592K)] 283583K->109311K(783360K), 0.0123550 secs] [Times: user=0.10 sys=0.00, real=0.01 secs] 
81.346: Total time for which application threads were stopped: 0.0131350 seconds, Stopping threads took: 0.0006650 seconds
81.419: Application time: 0.0738200 seconds
81.420: [GC [PSYoungGen: 235328K->31056K(238592K)] 314111K->109839K(783360K), 0.0118350 secs] [Times: user=0.09 sys=0.00, real=0.02 secs] 
81.431: Total time for which application threads were stopped: 0.0120310 seconds, Stopping threads took: 0.0000940 seconds
81.493: Application time: 0.0619500 seconds
81.493: [GC [PSYoungGen: 235856K->33760K(238592K)] 314639K->120814K(783360K), 0.0160080 secs] [Times: user=0.12 sys=0.00, real=0.02 secs] 
81.510: Total time for which application threads were stopped: 0.0161750 seconds, Stopping threads took: 0.0000670 seconds
81.592: Application time: 0.0823920 seconds
81.592: [GC [PSYoungGen: 238560K->33776K(238592K)] 325614K->158564K(783360K), 0.0289120 secs] [Times: user=0.23 sys=0.00, real=0.02 secs] 
81.621: Total time for which application threads were stopped: 0.0291050 seconds, Stopping threads took: 0.0000860 seconds
81.722: Application time: 0.1011110 seconds
81.722: [GC [PSYoungGen: 238576K->33776K(238592K)] 363364K->182307K(783360K), 0.0232270 secs] [Times: user=0.18 sys=0.00, real=0.02 secs] 
81.746: Total time for which application threads were stopped: 0.0234200 seconds, Stopping threads took: 0.0000930 seconds
81.817: Application time: 0.0709900 seconds
81.817: [GC [PSYoungGen: 238576K->33776K(238592K)] 387107K->182851K(783360K), 0.0142570 secs] [Times: user=0.11 sys=0.00, real=0.02 secs] 
81.831: Total time for which application threads were stopped: 0.0144640 seconds, Stopping threads took: 0.0001060 seconds
81.892: Application time: 0.0613610 seconds
81.893: [GC [PSYoungGen: 238576K->33760K(238592K)] 387651K->194175K(783360K), 0.0184170 secs] [Times: user=0.15 sys=0.00, real=0.02 secs] 
81.911: Total time for which application threads were stopped: 0.0186480 seconds, Stopping threads took: 0.0001180 seconds
81.998: Application time: 0.0873290 seconds
81.999: [GC [PSYoungGen: 238560K->33776K(238592K)] 398975K->237400K(783360K), 0.0322460 secs] [Times: user=0.25 sys=0.00, real=0.04 secs] 
82.031: Total time for which application threads were stopped: 0.0324390 seconds, Stopping threads took: 0.0000930 seconds
82.130: Application time: 0.0990570 seconds
82.130: [GC [PSYoungGen: 238576K->33760K(238592K)] 442200K->251875K(783360K), 0.0210260 secs] [Times: user=0.16 sys=0.00, real=0.02 secs] 
82.151: Total time for which application threads were stopped: 0.0212240 seconds, Stopping threads took: 0.0000970 seconds
82.220: Application time: 0.0690390 seconds
82.220: [GC [PSYoungGen: 238560K->33760K(238592K)] 456675K->252587K(783360K), 0.0158050 secs] [Times: user=0.12 sys=0.00, real=0.02 secs] 
82.236: Total time for which application threads were stopped: 0.0159990 seconds, Stopping threads took: 0.0000940 seconds
82.298: Application time: 0.0615600 seconds
82.298: [GC [PSYoungGen: 238560K->33760K(238592K)] 457387K->267377K(783360K), 0.0211850 secs] [Times: user=0.16 sys=0.00, real=0.02 secs] 
82.319: Total time for which application threads were stopped: 0.0213550 seconds, Stopping threads took: 0.0000700 seconds
82.411: Application time: 0.0921160 seconds
82.411: [GC [PSYoungGen: 238560K->33776K(238592K)] 472177K->311747K(783360K), 0.0349020 secs] [Times: user=0.28 sys=0.00, real=0.03 secs] 
82.446: Total time for which application threads were stopped: 0.0350930 seconds, Stopping threads took: 0.0000820 seconds
82.542: Application time: 0.0956400 seconds
82.542: [GC [PSYoungGen: 238576K->33776K(238592K)] 516547K->325774K(783360K), 0.0214720 secs] [Times: user=0.17 sys=0.00, real=0.02 secs] 
82.564: Total time for which application threads were stopped: 0.0216770 seconds, Stopping threads took: 0.0001020 seconds
82.631: Application time: 0.0671730 seconds
82.633: [GC [PSYoungGen: 238576K->33792K(238592K)] 530574K->326238K(783360K), 0.0160750 secs] [Times: user=0.13 sys=0.00, real=0.02 secs] 
82.649: Total time for which application threads were stopped: 0.0184740 seconds, Stopping threads took: 0.0023010 seconds
82.712: Application time: 0.0629760 seconds
82.712: [GC [PSYoungGen: 238592K->33776K(238592K)] 531038K->344952K(783360K), 0.0228200 secs] [Times: user=0.18 sys=0.00, real=0.02 secs] 
82.735: Total time for which application threads were stopped: 0.0230200 seconds, Stopping threads took: 0.0000990 seconds
82.832: Application time: 0.0969500 seconds
82.832: [GC [PSYoungGen: 238576K->33776K(238592K)] 549752K->389819K(783360K), 0.0360900 secs] [Times: user=0.28 sys=0.00, real=0.03 secs] 
82.868: Total time for which application threads were stopped: 0.0362730 seconds, Stopping threads took: 0.0000830 seconds
82.960: Application time: 0.0914440 seconds
82.960: [GC [PSYoungGen: 238576K->33776K(238592K)] 594619K->403300K(783360K), 0.0221300 secs] [Times: user=0.18 sys=0.00, real=0.03 secs] 
82.982: Total time for which application threads were stopped: 0.0223530 seconds, Stopping threads took: 0.0001130 seconds
83.047: Application time: 0.0648560 seconds
83.049: [GC [PSYoungGen: 238576K->27696K(238592K)] 608100K->403596K(783360K), 0.0173010 secs] [Times: user=0.14 sys=0.00, real=0.01 secs] 
83.067: Total time for which application threads were stopped: 0.0193700 seconds, Stopping threads took: 0.0019690 seconds
83.131: Application time: 0.0644880 seconds
83.131: [GC [PSYoungGen: 232496K->33760K(238592K)] 608396K->427312K(783360K), 0.0237330 secs] [Times: user=0.19 sys=0.00, real=0.02 secs] 
83.155: Total time for which application threads were stopped: 0.0239310 seconds, Stopping threads took: 0.0000970 seconds
83.255: Application time: 0.1004670 seconds
83.256: [GC [PSYoungGen: 238560K->33776K(238592K)] 632112K->466970K(783360K), 0.0348150 secs] [Times: user=0.27 sys=0.00, real=0.04 secs] 
83.290: Total time for which application threads were stopped: 0.0350260 seconds, Stopping threads took: 0.0001050 seconds
83.378: Application time: 0.0873510 seconds
83.378: [GC [PSYoungGen: 238576K->33760K(238592K)] 671770K->476401K(783360K), 0.0219730 secs] [Times: user=0.17 sys=0.00, real=0.02 secs] 
83.400: Total time for which application threads were stopped: 0.0221670 seconds, Stopping threads took: 0.0000920 seconds
83.464: Application time: 0.0637010 seconds
83.465: [GC [PSYoungGen: 238560K->33776K(238592K)] 681201K->476569K(783360K), 0.0179630 secs] [Times: user=0.14 sys=0.00, real=0.02 secs] 
83.483: Total time for which application threads were stopped: 0.0195180 seconds, Stopping threads took: 0.0014440 seconds
83.550: Application time: 0.0664000 seconds
83.550: [GC [PSYoungGen: 238576K->33760K(238592K)] 681369K->503969K(783360K), 0.0278870 secs] [Times: user=0.22 sys=0.00, real=0.02 secs] 
83.578: Total time for which application threads were stopped: 0.0280800 seconds, Stopping threads took: 0.0000950 seconds
83.682: Application time: 0.1045370 seconds
83.682: [GC [PSYoungGen: 238560K->33776K(238592K)] 708769K->540840K(783360K), 0.0333610 secs] [Times: user=0.26 sys=0.00, real=0.03 secs] 
83.716: [Full GC [PSYoungGen: 33776K->0K(238592K)] [ParOldGen: 507064K->76303K(544768K)] 540840K->76303K(783360K) [PSPermGen: 8833K->8833K(21504K)], 0.0822300 secs] [Times: user=0.60 sys=0.00, real=0.08 secs] 
83.798: Total time for which application threads were stopped: 0.1158690 seconds, Stopping threads took: 0.0001080 seconds
83.881: Application time: 0.0827330 seconds
83.881: [GC [PSYoungGen: 204800K->8512K(238592K)] 281103K->84815K(783360K), 0.0037410 secs] [Times: user=0.03 sys=0.00, real=0.01 secs] 
83.885: Total time for which application threads were stopped: 0.0039260 seconds, Stopping threads took: 0.0000810 seconds
83.948: Application time: 0.0628100 seconds
83.948: [GC [PSYoungGen: 213312K->12864K(238592K)] 289615K->89167K(783360K), 0.0049250 secs] [Times: user=0.03 sys=0.00, real=0.01 secs] 
83.953: Total time for which application threads were stopped: 0.0051390 seconds, Stopping threads took: 0.0001130 seconds
84.021: Application time: 0.0686150 seconds
84.021: [GC [PSYoungGen: 217664K->33760K(238592K)] 293967K->117259K(783360K), 0.0163600 secs] [Times: user=0.13 sys=0.00, real=0.01 secs] 
84.038: Total time for which application threads were stopped: 0.0165420 seconds, Stopping threads took: 0.0000730 seconds
84.143: Application time: 0.1055090 seconds
84.144: [GC [PSYoungGen: 238560K->33760K(238592K)] 322059K->147578K(783360K), 0.0260120 secs] [Times: user=0.20 sys=0.00, real=0.03 secs] 
84.170: Total time for which application threads were stopped: 0.0262300 seconds, Stopping threads took: 0.0001140 seconds
84.250: Application time: 0.0802300 seconds
84.250: [GC [PSYoungGen: 238560K->33760K(238592K)] 352378K->149862K(783360K), 0.0154840 secs] [Times: user=0.11 sys=0.00, real=0.01 secs] 
84.266: Total time for which application threads were stopped: 0.0156840 seconds, Stopping threads took: 0.0000990 seconds
84.328: Application time: 0.0624530 seconds
84.328: [GC [PSYoungGen: 238560K->33760K(238592K)] 354662K->157846K(783360K), 0.0172710 secs] [Times: user=0.14 sys=0.00, real=0.02 secs] 
84.345: Total time for which application threads were stopped: 0.0174890 seconds, Stopping threads took: 0.0001170 seconds
84.416: Application time: 0.0704210 seconds
84.416: [GC [PSYoungGen: 238560K->33776K(238592K)] 362646K->188785K(783360K), 0.0269620 secs] [Times: user=0.21 sys=0.00, real=0.03 secs] 
84.443: Total time for which application threads were stopped: 0.0271480 seconds, Stopping threads took: 0.0000870 seconds
84.549: Application time: 0.1060730 seconds
84.549: [GC [PSYoungGen: 238576K->33792K(238592K)] 393585K->217880K(783360K), 0.0268920 secs] [Times: user=0.21 sys=0.00, real=0.02 secs] 
84.576: Total time for which application threads were stopped: 0.0271020 seconds, Stopping threads took: 0.0000900 seconds
84.654: Application time: 0.0773050 seconds
84.654: [GC [PSYoungGen: 238592K->33776K(238592K)] 422680K->220880K(783360K), 0.0166670 secs] [Times: user=0.12 sys=0.00, real=0.02 secs] 
84.670: Total time for which application threads were stopped: 0.0168980 seconds, Stopping threads took: 0.0001300 seconds
84.733: Application time: 0.0625810 seconds
84.733: [GC [PSYoungGen: 238576K->33776K(238592K)] 425680K->230951K(783360K), 0.0194030 secs] [Times: user=0.16 sys=0.00, real=0.02 secs] 
84.753: Total time for which application threads were stopped: 0.0196050 seconds, Stopping threads took: 0.0001020 seconds
84.828: Application time: 0.0748910 seconds
84.828: [GC [PSYoungGen: 238576K->33760K(238592K)] 435751K->268771K(783360K), 0.0311510 secs] [Times: user=0.25 sys=0.00, real=0.03 secs] 
84.859: Total time for which application threads were stopped: 0.0313360 seconds, Stopping threads took: 0.0000870 seconds
84.964: Application time: 0.1051350 seconds
84.964: [GC [PSYoungGen: 238560K->33760K(238592K)] 473571K->290590K(783360K), 0.0257800 secs] [Times: user=0.21 sys=0.00, real=0.03 secs] 
84.990: Total time for which application threads were stopped: 0.0259870 seconds, Stopping threads took: 0.0001030 seconds
85.065: Application time: 0.0747260 seconds
85.065: [GC [PSYoungGen: 238560K->33760K(238592K)] 495390K->291846K(783360K), 0.0173780 secs] [Times: user=0.14 sys=0.00, real=0.02 secs] 
85.082: Total time for which application threads were stopped: 0.0175880 seconds, Stopping threads took: 0.0000960 seconds
85.145: Application time: 0.0622690 seconds
85.145: [GC [PSYoungGen: 238560K->33760K(238592K)] 496646K->303026K(783360K), 0.0210260 secs] [Times: user=0.17 sys=0.00, real=0.02 secs] 
85.166: Total time for which application threads were stopped: 0.0212270 seconds, Stopping threads took: 0.0000980 seconds
85.247: Application time: 0.0807190 seconds
85.247: [GC [PSYoungGen: 238560K->33776K(238592K)] 507826K->344951K(783360K), 0.0343060 secs] [Times: user=0.27 sys=0.00, real=0.03 secs] 
85.281: Total time for which application threads were stopped: 0.0345050 seconds, Stopping threads took: 0.0000970 seconds
85.384: Application time: 0.1029510 seconds
85.384: [GC [PSYoungGen: 238576K->33792K(238592K)] 549751K->362966K(783360K), 0.0247550 secs] [Times: user=0.19 sys=0.00, real=0.02 secs] 
85.409: Total time for which application threads were stopped: 0.0249540 seconds, Stopping threads took: 0.0000970 seconds
85.480: Application time: 0.0712790 seconds
85.480: [GC [PSYoungGen: 238592K->32512K(238592K)] 567766K->364086K(783360K), 0.0176130 secs] [Times: user=0.14 sys=0.00, real=0.02 secs] 
85.498: Total time for which application threads were stopped: 0.0177770 seconds, Stopping threads took: 0.0000640 seconds
85.560: Application time: 0.0616760 seconds
85.560: [GC [PSYoungGen: 237312K->33504K(238592K)] 568886K->375903K(783360K), 0.0210180 secs] [Times: user=0.17 sys=0.00, real=0.02 secs] 
85.581: Total time for which application threads were stopped: 0.0212110 seconds, Stopping threads took: 0.0000920 seconds
85.668: Application time: 0.0870980 seconds
85.668: [GC [PSYoungGen: 238304K->33776K(238592K)] 580703K->420961K(783360K), 0.0343280 secs] [Times: user=0.28 sys=0.00, real=0.04 secs] 
85.703: Total time for which application threads were stopped: 0.0345530 seconds, Stopping threads took: 0.0001090 seconds
85.802: Application time: 0.0992160 seconds
85.802: [GC [PSYoungGen: 238576K->33760K(238592K)] 625761K->429966K(783360K), 0.0213670 secs] [Times: user=0.17 sys=0.00, real=0.02 secs] 
85.823: Total time for which application threads were stopped: 0.0215620 seconds, Stopping threads took: 0.0000990 seconds
85.892: Application time: 0.0683780 seconds
85.892: [GC [PSYoungGen: 238560K->33760K(238592K)] 634766K->430166K(783360K), 0.0183330 secs] [Times: user=0.15 sys=0.00, real=0.02 secs] 
85.910: Total time for which application threads were stopped: 0.0185590 seconds, Stopping threads took: 0.0001280 seconds
85.972: Application time: 0.0620960 seconds
85.973: [GC [PSYoungGen: 238560K->33776K(238592K)] 634966K->442178K(783360K), 0.0221340 secs] [Times: user=0.17 sys=0.00, real=0.02 secs] 
85.995: Total time for which application threads were stopped: 0.0223310 seconds, Stopping threads took: 0.0000950 seconds
86.086: Application time: 0.0912390 seconds
86.086: [GC [PSYoungGen: 238576K->33776K(238592K)] 646978K->486328K(783360K), 0.0361140 secs] [Times: user=0.28 sys=0.00, real=0.04 secs] 
86.122: Total time for which application threads were stopped: 0.0363060 seconds, Stopping threads took: 0.0000840 seconds
86.218: Application time: 0.0957890 seconds
86.218: [GC [PSYoungGen: 238576K->33792K(238592K)] 691128K->503159K(783360K), 0.0244470 secs] [Times: user=0.19 sys=0.00, real=0.03 secs] 
86.243: Total time for which application threads were stopped: 0.0246400 seconds, Stopping threads took: 0.0000800 seconds
86.309: Application time: 0.0663210 seconds
86.309: [GC [PSYoungGen: 238592K->33760K(238592K)] 707959K->503875K(783360K), 0.0191810 secs] [Times: user=0.14 sys=0.00, real=0.01 secs] 
86.328: Total time for which application threads were stopped: 0.0193940 seconds, Stopping threads took: 0.0001120 seconds
86.391: Application time: 0.0629050 seconds
86.391: [GC [PSYoungGen: 238560K->33776K(238592K)] 708675K->516914K(783360K), 0.0239200 secs] [Times: user=0.19 sys=0.00, real=0.02 secs] 
86.415: Total time for which application threads were stopped: 0.0241250 seconds, Stopping threads took: 0.0001040 seconds
86.511: Application time: 0.0958700 seconds
86.511: [GC [PSYoungGen: 238576K->33776K(238592K)] 721714K->562194K(783360K), 0.0368360 secs] [Times: user=0.29 sys=0.00, real=0.03 secs] 
86.548: [Full GC [PSYoungGen: 33776K->0K(238592K)] [ParOldGen: 528418K->78829K(544768K)] 562194K->78829K(783360K) [PSPermGen: 8833K->8833K(21504K)], 0.0858420 secs] [Times: user=0.62 sys=0.00, real=0.09 secs] 
86.634: Total time for which application threads were stopped: 0.1229250 seconds, Stopping threads took: 0.0000890 seconds
86.726: Application time: 0.0919330 seconds
86.726: [GC [PSYoungGen: 204800K->15456K(238592K)] 283629K->94285K(783360K), 0.0063760 secs] [Times: user=0.04 sys=0.00, real=0.01 secs] 
86.733: Total time for which application threads were stopped: 0.0066060 seconds, Stopping threads took: 0.0001110 seconds
86.798: Application time: 0.0650560 seconds
86.798: [GC [PSYoungGen: 220256K->16016K(238592K)] 299085K->94845K(783360K), 0.0061050 secs] [Times: user=0.05 sys=0.00, real=0.01 secs] 
86.804: Total time for which application threads were stopped: 0.0062990 seconds, Stopping threads took: 0.0000920 seconds
86.868: Application time: 0.0639710 seconds
86.868: [GC [PSYoungGen: 220816K->32304K(238592K)] 299645K->111133K(783360K), 0.0125730 secs] [Times: user=0.10 sys=0.00, real=0.01 secs] 
86.881: Total time for which application threads were stopped: 0.0127920 seconds, Stopping threads took: 0.0001180 seconds
86.982: Application time: 0.1007250 seconds
86.982: [GC [PSYoungGen: 237104K->33760K(238592K)] 315933K->151017K(783360K), 0.0287990 secs] [Times: user=0.22 sys=0.00, real=0.03 secs] 
87.011: Total time for which application threads were stopped: 0.0289700 seconds, Stopping threads took: 0.0000700 seconds
87.098: Application time: 0.0875550 seconds
87.098: [GC [PSYoungGen: 238560K->33760K(238592K)] 355817K->158001K(783360K), 0.0182970 secs] [Times: user=0.14 sys=0.00, real=0.02 secs] 
87.117: Total time for which application threads were stopped: 0.0184880 seconds, Stopping threads took: 0.0000900 seconds
87.181: Application time: 0.0640010 seconds
87.181: [GC [PSYoungGen: 238560K->33776K(238592K)] 362801K->161209K(783360K), 0.0174460 secs] [Times: user=0.13 sys=0.00, real=0.02 secs] 
87.198: Total time for which application threads were stopped: 0.0176370 seconds, Stopping threads took: 0.0000900 seconds
87.264: Application time: 0.0652830 seconds
87.265: [GC [PSYoungGen: 238576K->33776K(238592K)] 366009K->181049K(783360K), 0.0239570 secs] [Times: user=0.19 sys=0.00, real=0.03 secs] 
87.289: Total time for which application threads were stopped: 0.0255810 seconds, Stopping threads took: 0.0015120 seconds
87.394: Application time: 0.1050760 seconds
87.394: [GC [PSYoungGen: 238576K->33792K(238592K)] 385849K->227547K(783360K), 0.0351530 secs] [Times: user=0.28 sys=0.00, real=0.04 secs] 
87.430: Total time for which application threads were stopped: 0.0353250 seconds, Stopping threads took: 0.0000730 seconds
87.513: Application time: 0.0834920 seconds
87.513: [GC [PSYoungGen: 238592K->33776K(238592K)] 432347K->232825K(783360K), 0.0181210 secs] [Times: user=0.14 sys=0.00, real=0.02 secs] 
87.531: Total time for which application threads were stopped: 0.0183230 seconds, Stopping threads took: 0.0001010 seconds
87.594: Application time: 0.0628710 seconds
87.597: [GC [PSYoungGen: 238576K->33776K(238592K)] 437625K->239193K(783360K), 0.0190740 secs] [Times: user=0.13 sys=0.00, real=0.02 secs] 
87.616: Total time for which application threads were stopped: 0.0220400 seconds, Stopping threads took: 0.0028420 seconds
87.684: Application time: 0.0675380 seconds
87.684: [GC [PSYoungGen: 238576K->33776K(238592K)] 443993K->264593K(783360K), 0.0262920 secs] [Times: user=0.21 sys=0.00, real=0.03 secs] 
87.710: Total time for which application threads were stopped: 0.0264660 seconds, Stopping threads took: 0.0000770 seconds
87.816: Application time: 0.1061670 seconds
87.817: [GC [PSYoungGen: 238576K->33760K(238592K)] 469393K->303054K(783360K), 0.0331920 secs] [Times: user=0.26 sys=0.00, real=0.04 secs] 
87.850: Total time for which application threads were stopped: 0.0334060 seconds, Stopping threads took: 0.0001010 seconds
87.930: Application time: 0.0797690 seconds
87.930: [GC [PSYoungGen: 238560K->33776K(238592K)] 507854K->305346K(783360K), 0.0184030 secs] [Times: user=0.14 sys=0.00, real=0.01 secs] 
87.948: Total time for which application threads were stopped: 0.0186030 seconds, Stopping threads took: 0.0000970 seconds
88.011: Application time: 0.0631490 seconds
88.012: [GC [PSYoungGen: 238576K->33760K(238592K)] 510146K->314165K(783360K), 0.0202760 secs] [Times: user=0.16 sys=0.00, real=0.02 secs] 
88.032: Total time for which application threads were stopped: 0.0204550 seconds, Stopping threads took: 0.0000790 seconds
88.102: Application time: 0.0698650 seconds
88.102: [GC [PSYoungGen: 238560K->33760K(238592K)] 518965K->346038K(783360K), 0.0298460 secs] [Times: user=0.23 sys=0.00, real=0.03 secs] 
88.132: Total time for which application threads were stopped: 0.0300130 seconds, Stopping threads took: 0.0000690 seconds
88.239: Application time: 0.1074360 seconds
88.239: [GC [PSYoungGen: 238560K->33776K(238592K)] 550838K->374461K(783360K), 0.0300020 secs] [Times: user=0.24 sys=0.00, real=0.04 secs] 
88.269: Total time for which application threads were stopped: 0.0301960 seconds, Stopping threads took: 0.0000930 seconds
88.346: Application time: 0.0766470 seconds
88.346: [GC [PSYoungGen: 238576K->33760K(238592K)] 579261K->375285K(783360K), 0.0186180 secs] [Times: user=0.15 sys=0.00, real=0.02 secs] 
88.365: Total time for which application threads were stopped: 0.0188250 seconds, Stopping threads took: 0.0000880 seconds
88.427: Application time: 0.0625060 seconds
88.428: [GC [PSYoungGen: 238560K->33776K(238592K)] 580085K->385625K(783360K), 0.0216990 secs] [Times: user=0.17 sys=0.00, real=0.03 secs] 
88.449: Total time for which application threads were stopped: 0.0218960 seconds, Stopping threads took: 0.0000950 seconds
88.524: Application time: 0.0742990 seconds
88.524: [GC [PSYoungGen: 238576K->33776K(238592K)] 590425K->423979K(783360K), 0.0328130 secs] [Times: user=0.26 sys=0.00, real=0.03 secs] 
88.557: Total time for which application threads were stopped: 0.0330100 seconds, Stopping threads took: 0.0001000 seconds
88.663: Application time: 0.1064210 seconds
88.663: [GC [PSYoungGen: 238576K->33760K(238592K)] 628779K->441430K(783360K), 0.0264280 secs] [Times: user=0.21 sys=0.00, real=0.03 secs] 
88.690: Total time for which application threads were stopped: 0.0266050 seconds, Stopping threads took: 0.0000790 seconds
88.764: Application time: 0.0742630 seconds
88.764: [GC [PSYoungGen: 238560K->33760K(238592K)] 646230K->442246K(783360K), 0.0194510 secs] [Times: user=0.15 sys=0.00, real=0.02 secs] 
88.784: Total time for which application threads were stopped: 0.0196420 seconds, Stopping threads took: 0.0000920 seconds
88.846: Application time: 0.0624740 seconds
88.846: [GC [PSYoungGen: 238560K->33776K(238592K)] 647046K->453678K(783360K), 0.0227540 secs] [Times: user=0.18 sys=0.00, real=0.02 secs] 
88.869: Total time for which application threads were stopped: 0.0229660 seconds, Stopping threads took: 0.0000990 seconds
88.949: Application time: 0.0804710 seconds
88.950: [GC [PSYoungGen: 238576K->33760K(238592K)] 658478K->495073K(783360K), 0.0354470 secs] [Times: user=0.27 sys=0.01, real=0.03 secs] 
88.985: Total time for which application threads were stopped: 0.0356530 seconds, Stopping threads took: 0.0000880 seconds
89.088: Application time: 0.1030570 seconds
89.088: [GC [PSYoungGen: 238560K->33760K(238592K)] 699873K->513385K(783360K), 0.0257070 secs] [Times: user=0.20 sys=0.00, real=0.03 secs] 
89.114: Total time for which application threads were stopped: 0.0259030 seconds, Stopping threads took: 0.0000950 seconds
89.185: Application time: 0.0712370 seconds
89.185: [GC [PSYoungGen: 238560K->33776K(238592K)] 718185K->514321K(783360K), 0.0182100 secs] [Times: user=0.14 sys=0.00, real=0.02 secs] 
89.204: Total time for which application threads were stopped: 0.0183860 seconds, Stopping threads took: 0.0000730 seconds
89.266: Application time: 0.0625800 seconds
89.266: [GC [PSYoungGen: 238576K->33760K(238592K)] 719121K->526445K(783360K), 0.0231280 secs] [Times: user=0.16 sys=0.00, real=0.03 secs] 
89.290: Total time for which application threads were stopped: 0.0233380 seconds, Stopping threads took: 0.0001090 seconds
89.375: Application time: 0.0856110 seconds
89.375: [GC [PSYoungGen: 238560K->33776K(238592K)] 731245K->570005K(783360K), 0.0357570 secs] [Times: user=0.28 sys=0.00, real=0.04 secs] 
89.411: [Full GC [PSYoungGen: 33776K->0K(238592K)] [ParOldGen: 536229K->76396K(544768K)] 570005K->76396K(783360K) [PSPermGen: 8833K->8833K(21504K)], 0.0828970 secs] [Times: user=0.59 sys=0.00, real=0.08 secs] 
89.494: Total time for which application threads were stopped: 0.1189100 seconds, Stopping threads took: 0.0000860 seconds
89.593: Application time: 0.0992830 seconds
89.594: [GC [PSYoungGen: 204800K->17664K(238592K)] 281196K->94060K(783360K), 0.0086880 secs] [Times: user=0.07 sys=0.00, real=0.01 secs] 
89.602: Total time for which application threads were stopped: 0.0089080 seconds, Stopping threads took: 0.0001080 seconds
89.671: Application time: 0.0685020 seconds
89.671: [GC [PSYoungGen: 222464K->17920K(238592K)] 298860K->94316K(783360K), 0.0069560 secs] [Times: user=0.06 sys=0.00, real=0.00 secs] 
89.678: Total time for which application threads were stopped: 0.0071710 seconds, Stopping threads took: 0.0001110 seconds
89.741: Application time: 0.0630540 seconds
89.741: [GC [PSYoungGen: 222720K->29904K(238592K)] 299116K->106300K(783360K), 0.0118660 secs] [Times: user=0.09 sys=0.00, real=0.01 secs] 
89.753: Total time for which application threads were stopped: 0.0120690 seconds, Stopping threads took: 0.0001010 seconds
89.844: Application time: 0.0910320 seconds
89.844: [GC [PSYoungGen: 234704K->33776K(238592K)] 311100K->148762K(783360K), 0.0286820 secs] [Times: user=0.23 sys=0.00, real=0.03 secs] 
89.873: Total time for which application threads were stopped: 0.0288910 seconds, Stopping threads took: 0.0000990 seconds
89.969: Application time: 0.0956280 seconds
89.969: [GC [PSYoungGen: 238576K->33760K(238592K)] 353562K->158741K(783360K), 0.0184020 secs] [Times: user=0.15 sys=0.00, real=0.02 secs] 
89.987: Total time for which application threads were stopped: 0.0185820 seconds, Stopping threads took: 0.0000780 seconds
90.054: Application time: 0.0663620 seconds
90.057: [GC [PSYoungGen: 238560K->33776K(238592K)] 363541K->158869K(783360K), 0.0153760 secs] [Times: user=0.12 sys=0.00, real=0.02 secs] 
90.073: Total time for which application threads were stopped: 0.0189150 seconds, Stopping threads took: 0.0034430 seconds
90.135: Application time: 0.0628660 seconds
90.136: [GC [PSYoungGen: 238576K->33760K(238592K)] 363669K->170780K(783360K), 0.0198330 secs] [Times: user=0.16 sys=0.00, real=0.02 secs] 
90.155: Total time for which application threads were stopped: 0.0200610 seconds, Stopping threads took: 0.0001080 seconds
90.251: Application time: 0.0957570 seconds
90.251: [GC [PSYoungGen: 238560K->33760K(238592K)] 375580K->219837K(783360K), 0.0355250 secs] [Times: user=0.28 sys=0.00, real=0.03 secs] 
90.288: Total time for which application threads were stopped: 0.0372260 seconds, Stopping threads took: 0.0000830 seconds
90.380: Application time: 0.0917530 seconds
90.380: [GC [PSYoungGen: 238560K->33792K(238592K)] 424637K->233655K(783360K), 0.0213940 secs] [Times: user=0.16 sys=0.00, real=0.03 secs] 
90.402: Total time for which application threads were stopped: 0.0216350 seconds, Stopping threads took: 0.0001380 seconds
90.467: Application time: 0.0650000 seconds
90.467: [GC [PSYoungGen: 238592K->33760K(238592K)] 438455K->234419K(783360K), 0.0169950 secs] [Times: user=0.14 sys=0.00, real=0.02 secs] 
90.484: Total time for which application threads were stopped: 0.0171720 seconds, Stopping threads took: 0.0000760 seconds
90.549: Application time: 0.0648640 seconds
90.549: [GC [PSYoungGen: 238560K->33776K(238592K)] 439219K->253567K(783360K), 0.0238220 secs] [Times: user=0.18 sys=0.00, real=0.02 secs] 
90.573: Total time for which application threads were stopped: 0.0240590 seconds, Stopping threads took: 0.0001330 seconds
90.672: Application time: 0.0994960 seconds
90.673: [GC [PSYoungGen: 238576K->33776K(238592K)] 458367K->297424K(783360K), 0.0348630 secs] [Times: user=0.28 sys=0.00, real=0.03 secs] 
90.708: Total time for which application threads were stopped: 0.0350850 seconds, Stopping threads took: 0.0001090 seconds
90.796: Application time: 0.0880950 seconds
90.796: [GC [PSYoungGen: 238576K->33760K(238592K)] 502224K->307792K(783360K), 0.0202890 secs] [Times: user=0.15 sys=0.00, real=0.02 secs] 
90.816: Total time for which application threads were stopped: 0.0204890 seconds, Stopping threads took: 0.0000970 seconds
90.881: Application time: 0.0647720 seconds
90.881: [GC [PSYoungGen: 238560K->33760K(238592K)] 512592K->312656K(783360K), 0.0185030 secs] [Times: user=0.14 sys=0.00, real=0.01 secs] 
90.900: Total time for which application threads were stopped: 0.0187170 seconds, Stopping threads took: 0.0001070 seconds
90.966: Application time: 0.0664590 seconds
90.966: [GC [PSYoungGen: 238560K->33792K(238592K)] 517456K->335793K(783360K), 0.0254790 secs] [Times: user=0.20 sys=0.00, real=0.03 secs] 
90.992: Total time for which application threads were stopped: 0.0256580 seconds, Stopping threads took: 0.0000790 seconds
91.096: Application time: 0.1038780 seconds
91.096: [GC [PSYoungGen: 238592K->33776K(238592K)] 540593K->374970K(783360K), 0.0334680 secs] [Times: user=0.26 sys=0.00, real=0.04 secs] 
91.129: Total time for which application threads were stopped: 0.0336690 seconds, Stopping threads took: 0.0001020 seconds
91.213: Application time: 0.0833260 seconds
91.213: [GC [PSYoungGen: 238576K->33776K(238592K)] 579770K->381314K(783360K), 0.0197080 secs] [Times: user=0.15 sys=0.00, real=0.02 secs] 
91.233: Total time for which application threads were stopped: 0.0199330 seconds, Stopping threads took: 0.0001110 seconds
91.296: Application time: 0.0635500 seconds
91.296: [GC [PSYoungGen: 238576K->33776K(238592K)] 586114K->388682K(783360K), 0.0200160 secs] [Times: user=0.16 sys=0.00, real=0.02 secs] 
91.316: Total time for which application threads were stopped: 0.0202200 seconds, Stopping threads took: 0.0001040 seconds
91.385: Application time: 0.0683440 seconds
91.385: [GC [PSYoungGen: 238576K->33776K(238592K)] 593482K->414812K(783360K), 0.0271120 secs] [Times: user=0.21 sys=0.00, real=0.03 secs] 
91.412: Total time for which application threads were stopped: 0.0272970 seconds, Stopping threads took: 0.0000890 seconds
91.517: Application time: 0.1054020 seconds
91.518: [GC [PSYoungGen: 238576K->33760K(238592K)] 619612K->444923K(783360K), 0.0300720 secs] [Times: user=0.24 sys=0.00, real=0.03 secs] 
91.548: Total time for which application threads were stopped: 0.0302680 seconds, Stopping threads took: 0.0000990 seconds
91.629: Application time: 0.0808490 seconds
91.629: [GC [PSYoungGen: 238560K->33792K(238592K)] 649723K->448971K(783360K), 0.0189650 secs] [Times: user=0.15 sys=0.00, real=0.02 secs] 
91.648: Total time for which application threads were stopped: 0.0191760 seconds, Stopping threads took: 0.0001010 seconds
91.710: Application time: 0.0625890 seconds
91.710: [GC [PSYoungGen: 238592K->33776K(238592K)] 653771K->456935K(783360K), 0.0202050 secs] [Times: user=0.15 sys=0.00, real=0.02 secs] 
91.731: Total time for which application threads were stopped: 0.0204110 seconds, Stopping threads took: 0.0001040 seconds
91.801: Application time: 0.0704530 seconds
91.801: [GC [PSYoungGen: 238576K->33760K(238592K)] 661735K->486177K(783360K), 0.0294740 secs] [Times: user=0.23 sys=0.00, real=0.03 secs] 
91.831: Total time for which application threads were stopped: 0.0296590 seconds, Stopping threads took: 0.0000750 seconds
91.938: Application time: 0.1070970 seconds
91.938: [GC [PSYoungGen: 238560K->33760K(238592K)] 690977K->520529K(783360K), 0.0322180 secs] [Times: user=0.24 sys=0.00, real=0.04 secs] 
91.970: Total time for which application threads were stopped: 0.0324050 seconds, Stopping threads took: 0.0000860 seconds
92.047: Application time: 0.0768660 seconds
92.047: [GC [PSYoungGen: 238560K->33760K(238592K)] 725329K->520705K(783360K), 0.0190130 secs] [Times: user=0.15 sys=0.00, real=0.02 secs] 
92.066: Total time for which application threads were stopped: 0.0192080 seconds, Stopping threads took: 0.0000960 seconds
92.129: Application time: 0.0621120 seconds
92.129: [GC [PSYoungGen: 238560K->33776K(238592K)] 725505K->530119K(783360K), 0.0210070 secs] [Times: user=0.17 sys=0.00, real=0.03 secs] 
92.150: [Full GC [PSYoungGen: 33776K->0K(238592K)] [ParOldGen: 496343K->74415K(544768K)] 530119K->74415K(783360K) [PSPermGen: 8836K->8836K(21504K)], 0.0795910 secs] [Times: user=0.58 sys=0.00, real=0.08 secs] 
92.229: Total time for which application threads were stopped: 0.1008460 seconds, Stopping threads took: 0.0000810 seconds
92.304: Application time: 0.0747580 seconds
92.304: [GC [PSYoungGen: 204800K->33760K(238592K)] 279215K->113995K(783360K), 0.0162190 secs] [Times: user=0.13 sys=0.00, real=0.01 secs] 
92.321: Total time for which application threads were stopped: 0.0164330 seconds, Stopping threads took: 0.0001020 seconds
92.427: Application time: 0.1063560 seconds
92.427: [GC [PSYoungGen: 238560K->33776K(238592K)] 318795K->136051K(783360K), 0.0222200 secs] [Times: user=0.18 sys=0.00, real=0.03 secs] 
92.449: Total time for which application threads were stopped: 0.0223990 seconds, Stopping threads took: 0.0000770 seconds
92.523: Application time: 0.0739930 seconds
92.523: [GC [PSYoungGen: 238576K->33760K(238592K)] 340851K->136251K(783360K), 0.0148310 secs] [Times: user=0.11 sys=0.00, real=0.01 secs] 
92.538: Total time for which application threads were stopped: 0.0150140 seconds, Stopping threads took: 0.0000730 seconds
92.600: Application time: 0.0619050 seconds
92.600: [GC [PSYoungGen: 238560K->33792K(238592K)] 341051K->146637K(783360K), 0.0184010 secs] [Times: user=0.15 sys=0.00, real=0.02 secs] 
92.619: Total time for which application threads were stopped: 0.0186020 seconds, Stopping threads took: 0.0001040 seconds
92.700: Application time: 0.0811560 seconds
92.700: [GC [PSYoungGen: 238592K->33776K(238592K)] 351437K->190410K(783360K), 0.0326840 secs] [Times: user=0.26 sys=0.00, real=0.04 secs] 
92.733: Total time for which application threads were stopped: 0.0328670 seconds, Stopping threads took: 0.0000880 seconds
92.836: Application time: 0.1032380 seconds
92.836: [GC [PSYoungGen: 238576K->33792K(238592K)] 395210K->212029K(783360K), 0.0242100 secs] [Times: user=0.19 sys=0.00, real=0.02 secs] 
92.861: Total time for which application threads were stopped: 0.0244310 seconds, Stopping threads took: 0.0001070 seconds
92.931: Application time: 0.0709080 seconds
92.932: [GC [PSYoungGen: 238592K->33792K(238592K)] 416829K->212997K(783360K), 0.0168350 secs] [Times: user=0.13 sys=0.00, real=0.01 secs] 
92.948: Total time for which application threads were stopped: 0.0170300 seconds, Stopping threads took: 0.0000950 seconds
93.009: Application time: 0.0608950 seconds
93.010: [GC [PSYoungGen: 238592K->33792K(238592K)] 417797K->224253K(783360K), 0.0207730 secs] [Times: user=0.15 sys=0.00, real=0.02 secs] 
93.030: Total time for which application threads were stopped: 0.0209580 seconds, Stopping threads took: 0.0000850 seconds
93.117: Application time: 0.0867290 seconds
93.117: [GC [PSYoungGen: 238592K->33776K(238592K)] 429053K->267905K(783360K), 0.0351370 secs] [Times: user=0.27 sys=0.00, real=0.04 secs] 
93.152: Total time for which application threads were stopped: 0.0353080 seconds, Stopping threads took: 0.0000740 seconds
93.252: Application time: 0.0998340 seconds
93.252: [GC [PSYoungGen: 238576K->33760K(238592K)] 472705K->282412K(783360K), 0.0237970 secs] [Times: user=0.19 sys=0.00, real=0.02 secs] 
93.276: Total time for which application threads were stopped: 0.0239920 seconds, Stopping threads took: 0.0000960 seconds
93.345: Application time: 0.0683240 seconds
93.345: [GC [PSYoungGen: 238560K->33760K(238592K)] 487212K->283028K(783360K), 0.0169120 secs] [Times: user=0.14 sys=0.00, real=0.02 secs] 
93.362: Total time for which application threads were stopped: 0.0171520 seconds, Stopping threads took: 0.0001300 seconds
93.423: Application time: 0.0610980 seconds
93.423: [GC [PSYoungGen: 238560K->33760K(238592K)] 487828K->294968K(783360K), 0.0213100 secs] [Times: user=0.17 sys=0.00, real=0.02 secs] 
93.444: Total time for which application threads were stopped: 0.0215060 seconds, Stopping threads took: 0.0000940 seconds
93.537: Application time: 0.0922140 seconds
93.537: [GC [PSYoungGen: 238560K->33776K(238592K)] 499768K->339720K(783360K), 0.0357630 secs] [Times: user=0.28 sys=0.00, real=0.04 secs] 
93.572: Total time for which application threads were stopped: 0.0359530 seconds, Stopping threads took: 0.0000900 seconds
93.668: Application time: 0.0959870 seconds
93.669: [GC [PSYoungGen: 238576K->33792K(238592K)] 544520K->351895K(783360K), 0.0218830 secs] [Times: user=0.17 sys=0.00, real=0.03 secs] 
93.691: Total time for which application threads were stopped: 0.0221000 seconds, Stopping threads took: 0.0001180 seconds
93.758: Application time: 0.0669510 seconds
93.758: [GC [PSYoungGen: 238592K->33776K(238592K)] 556695K->352087K(783360K), 0.0182310 secs] [Times: user=0.13 sys=0.00, real=0.02 secs] 
93.776: Total time for which application threads were stopped: 0.0184260 seconds, Stopping threads took: 0.0000960 seconds
93.838: Application time: 0.0616170 seconds
93.838: [GC [PSYoungGen: 238576K->32960K(238592K)] 556887K->366279K(783360K), 0.0230360 secs] [Times: user=0.17 sys=0.00, real=0.02 secs] 
93.861: Total time for which application threads were stopped: 0.0232350 seconds, Stopping threads took: 0.0000960 seconds
93.958: Application time: 0.0971140 seconds
93.958: [GC [PSYoungGen: 237760K->33776K(238592K)] 571079K->411748K(783360K), 0.0343950 secs] [Times: user=0.27 sys=0.00, real=0.04 secs] 
93.993: Total time for which application threads were stopped: 0.0346020 seconds, Stopping threads took: 0.0000970 seconds
94.085: Application time: 0.0923940 seconds
94.085: [GC [PSYoungGen: 238576K->33760K(238592K)] 616548K->424679K(783360K), 0.0222470 secs] [Times: user=0.18 sys=0.00, real=0.02 secs] 
94.107: Total time for which application threads were stopped: 0.0224540 seconds, Stopping threads took: 0.0000990 seconds
94.172: Application time: 0.0646830 seconds
94.172: [GC [PSYoungGen: 238560K->33792K(238592K)] 629479K->425063K(783360K), 0.0211890 secs] [Times: user=0.15 sys=0.00, real=0.02 secs] 
94.193: Total time for which application threads were stopped: 0.0213860 seconds, Stopping threads took: 0.0000980 seconds
94.256: Application time: 0.0629780 seconds
94.257: [GC [PSYoungGen: 238592K->33760K(238592K)] 629863K->447220K(783360K), 0.0254950 secs] [Times: user=0.20 sys=0.00, real=0.03 secs] 
94.282: Total time for which application threads were stopped: 0.0257020 seconds, Stopping threads took: 0.0001050 seconds
94.384: Application time: 0.1019090 seconds
94.384: [GC [PSYoungGen: 238560K->33776K(238592K)] 652020K->485025K(783360K), 0.0331600 secs] [Times: user=0.24 sys=0.00, real=0.03 secs] 
94.417: Total time for which application threads were stopped: 0.0333530 seconds, Stopping threads took: 0.0000860 seconds
94.505: Application time: 0.0878250 seconds
94.505: [GC [PSYoungGen: 238576K->33776K(238592K)] 689825K->495077K(783360K), 0.0221030 secs] [Times: user=0.18 sys=0.00, real=0.02 secs] 
94.528: Total time for which application threads were stopped: 0.0223180 seconds, Stopping threads took: 0.0001010 seconds
94.591: Application time: 0.0636420 seconds
94.591: [GC [PSYoungGen: 238576K->33792K(238592K)] 699877K->495301K(783360K), 0.0188890 secs] [Times: user=0.14 sys=0.00, real=0.02 secs] 
94.610: Total time for which application threads were stopped: 0.0190760 seconds, Stopping threads took: 0.0000860 seconds
94.676: Application time: 0.0653680 seconds
94.676: [GC [PSYoungGen: 238592K->33760K(238592K)] 700101K->521040K(783360K), 0.0278530 secs] [Times: user=0.21 sys=0.00, real=0.03 secs] 
94.704: Total time for which application threads were stopped: 0.0280110 seconds, Stopping threads took: 0.0000590 seconds
94.808: Application time: 0.1046550 seconds
94.808: [GC [PSYoungGen: 238560K->33792K(238592K)] 725840K->557634K(783360K), 0.0341750 secs] [Times: user=0.26 sys=0.00, real=0.04 secs] 
94.843: [Full GC [PSYoungGen: 33792K->0K(238592K)] [ParOldGen: 523842K->76552K(544768K)] 557634K->76552K(783360K) [PSPermGen: 8836K->8836K(21504K)], 0.0827060 secs] [Times: user=0.60 sys=0.00, real=0.08 secs] 
94.925: Total time for which application threads were stopped: 0.1171350 seconds, Stopping threads took: 0.0000890 seconds
95.010: Application time: 0.0841880 seconds
95.010: [GC [PSYoungGen: 204800K->9376K(238592K)] 281352K->85928K(783360K), 0.0040410 secs] [Times: user=0.03 sys=0.00, real=0.00 secs] 
95.014: Total time for which application threads were stopped: 0.0042680 seconds, Stopping threads took: 0.0001150 seconds
95.076: Application time: 0.0623250 seconds
95.076: [GC [PSYoungGen: 214176K->9792K(238592K)] 290728K->86344K(783360K), 0.0038470 secs] [Times: user=0.03 sys=0.00, real=0.00 secs] 
95.080: Total time for which application threads were stopped: 0.0040340 seconds, Stopping threads took: 0.0000870 seconds
95.148: Application time: 0.0672550 seconds
95.148: [GC [PSYoungGen: 214592K->33776K(238592K)] 291144K->117076K(783360K), 0.0161070 secs] [Times: user=0.13 sys=0.00, real=0.02 secs] 
95.164: Total time for which application threads were stopped: 0.0162940 seconds, Stopping threads took: 0.0000890 seconds
95.272: Application time: 0.1079360 seconds
95.272: [GC [PSYoungGen: 238576K->33760K(238592K)] 321876K->154326K(783360K), 0.0285560 secs] [Times: user=0.22 sys=0.00, real=0.02 secs] 
95.302: Total time for which application threads were stopped: 0.0303600 seconds, Stopping threads took: 0.0000890 seconds
95.382: Application time: 0.0798090 seconds
95.382: [GC [PSYoungGen: 238560K->33760K(238592K)] 359126K->158954K(783360K), 0.0160810 secs] [Times: user=0.13 sys=0.00, real=0.01 secs] 
95.398: Total time for which application threads were stopped: 0.0162840 seconds, Stopping threads took: 0.0001020 seconds
95.459: Application time: 0.0612510 seconds
95.460: [GC [PSYoungGen: 238560K->33760K(238592K)] 363754K->161858K(783360K), 0.0156960 secs] [Times: user=0.12 sys=0.00, real=0.02 secs] 
95.475: Total time for which application threads were stopped: 0.0159140 seconds, Stopping threads took: 0.0001200 seconds
95.546: Application time: 0.0706860 seconds
95.546: [GC [PSYoungGen: 238560K->33776K(238592K)] 366658K->199030K(783360K), 0.0290920 secs] [Times: user=0.23 sys=0.00, real=0.03 secs] 
95.575: Total time for which application threads were stopped: 0.0292830 seconds, Stopping threads took: 0.0000840 seconds
95.685: Application time: 0.1095280 seconds
95.685: [GC [PSYoungGen: 238576K->33776K(238592K)] 403830K->226851K(783360K), 0.0264230 secs] [Times: user=0.20 sys=0.00, real=0.03 secs] 
95.712: Total time for which application threads were stopped: 0.0266520 seconds, Stopping threads took: 0.0001190 seconds
95.787: Application time: 0.0757500 seconds
95.787: [GC [PSYoungGen: 238576K->33776K(238592K)] 431651K->227830K(783360K), 0.0154970 secs] [Times: user=0.12 sys=0.00, real=0.02 secs] 
95.803: Total time for which application threads were stopped: 0.0157120 seconds, Stopping threads took: 0.0001130 seconds
95.864: Application time: 0.0605900 seconds
95.864: [GC [PSYoungGen: 238576K->33760K(238592K)] 432630K->233478K(783360K), 0.0169510 secs] [Times: user=0.13 sys=0.00, real=0.01 secs] 
95.881: Total time for which application threads were stopped: 0.0171630 seconds, Stopping threads took: 0.0001090 seconds
95.957: Application time: 0.0763660 seconds
95.957: [GC [PSYoungGen: 238560K->33792K(238592K)] 438278K->274278K(783360K), 0.0318220 secs] [Times: user=0.25 sys=0.00, real=0.04 secs] 
95.989: Total time for which application threads were stopped: 0.0320000 seconds, Stopping threads took: 0.0000820 seconds
96.096: Application time: 0.1070600 seconds
96.097: [GC [PSYoungGen: 238592K->33776K(238592K)] 479078K->297069K(783360K), 0.0251480 secs] [Times: user=0.20 sys=0.00, real=0.03 secs] 
96.122: Total time for which application threads were stopped: 0.0261410 seconds, Stopping threads took: 0.0008770 seconds
96.196: Application time: 0.0733840 seconds
96.196: [GC [PSYoungGen: 238576K->33760K(238592K)] 501869K->297549K(783360K), 0.0161830 secs] [Times: user=0.13 sys=0.00, real=0.02 secs] 
96.212: Total time for which application threads were stopped: 0.0163670 seconds, Stopping threads took: 0.0000840 seconds
96.272: Application time: 0.0600920 seconds
96.272: [GC [PSYoungGen: 238560K->33760K(238592K)] 502349K->304933K(783360K), 0.0183580 secs] [Times: user=0.15 sys=0.00, real=0.02 secs] 
96.291: Total time for which application threads were stopped: 0.0185350 seconds, Stopping threads took: 0.0000730 seconds
96.373: Application time: 0.0823690 seconds
96.373: [GC [PSYoungGen: 238560K->33776K(238592K)] 509733K->351492K(783360K), 0.0352560 secs] [Times: user=0.28 sys=0.00, real=0.03 secs] 
96.409: Total time for which application threads were stopped: 0.0354460 seconds, Stopping threads took: 0.0000950 seconds
96.513: Application time: 0.1040150 seconds
96.513: [GC [PSYoungGen: 238576K->33776K(238592K)] 556292K->369060K(783360K), 0.0236110 secs] [Times: user=0.19 sys=0.00, real=0.02 secs] 
96.536: Total time for which application threads were stopped: 0.0238110 seconds, Stopping threads took: 0.0000970 seconds
96.607: Application time: 0.0710290 seconds
96.608: [GC [PSYoungGen: 238576K->33776K(238592K)] 573860K->370060K(783360K), 0.0181230 secs] [Times: user=0.12 sys=0.00, real=0.02 secs] 
96.626: Total time for which application threads were stopped: 0.0183060 seconds, Stopping threads took: 0.0000690 seconds
96.686: Application time: 0.0598780 seconds
96.686: [GC [PSYoungGen: 238576K->32144K(238592K)] 574860K->379510K(783360K), 0.0198680 secs] [Times: user=0.15 sys=0.00, real=0.02 secs] 
96.706: Total time for which application threads were stopped: 0.0200940 seconds, Stopping threads took: 0.0001260 seconds
96.794: Application time: 0.0882360 seconds
96.794: [GC [PSYoungGen: 236944K->33776K(238592K)] 584310K->425100K(783360K), 0.0344510 secs] [Times: user=0.27 sys=0.00, real=0.03 secs] 
96.829: Total time for which application threads were stopped: 0.0346330 seconds, Stopping threads took: 0.0000840 seconds
96.929: Application time: 0.1006450 seconds
96.929: [GC [PSYoungGen: 238576K->33792K(238592K)] 629900K->439637K(783360K), 0.0227340 secs] [Times: user=0.18 sys=0.00, real=0.02 secs] 
96.952: Total time for which application threads were stopped: 0.0229080 seconds, Stopping threads took: 0.0000730 seconds
97.020: Application time: 0.0681790 seconds
97.020: [GC [PSYoungGen: 238592K->33760K(238592K)] 644437K->440005K(783360K), 0.0175000 secs] [Times: user=0.13 sys=0.00, real=0.02 secs] 
97.038: Total time for which application threads were stopped: 0.0176830 seconds, Stopping threads took: 0.0000800 seconds
97.098: Application time: 0.0595230 seconds
97.101: [GC [PSYoungGen: 238560K->33760K(238592K)] 644805K->450748K(783360K), 0.0212840 secs] [Times: user=0.17 sys=0.00, real=0.02 secs] 
97.122: Total time for which application threads were stopped: 0.0249520 seconds, Stopping threads took: 0.0035600 seconds
97.216: Application time: 0.0937960 seconds
97.216: [GC [PSYoungGen: 238560K->33776K(238592K)] 655548K->498117K(783360K), 0.0366560 secs] [Times: user=0.29 sys=0.00, real=0.04 secs] 
97.253: Total time for which application threads were stopped: 0.0368390 seconds, Stopping threads took: 0.0000710 seconds
97.350: Application time: 0.0972740 seconds
97.351: [GC [PSYoungGen: 238576K->33776K(238592K)] 702917K->514344K(783360K), 0.0238030 secs] [Times: user=0.18 sys=0.00, real=0.02 secs] 
97.374: Total time for which application threads were stopped: 0.0240040 seconds, Stopping threads took: 0.0001010 seconds
97.440: Application time: 0.0656950 seconds
97.440: [GC [PSYoungGen: 238576K->33792K(238592K)] 719144K->514920K(783360K), 0.0182290 secs] [Times: user=0.14 sys=0.00, real=0.02 secs] 
97.459: Total time for which application threads were stopped: 0.0184210 seconds, Stopping threads took: 0.0000900 seconds
97.519: Application time: 0.0603700 seconds
97.519: [GC [PSYoungGen: 238592K->33776K(238592K)] 719720K->528912K(783360K), 0.0230060 secs] [Times: user=0.18 sys=0.00, real=0.03 secs] 
97.542: [Full GC [PSYoungGen: 33776K->0K(238592K)] [ParOldGen: 495136K->78923K(544768K)] 528912K->78923K(783360K) [PSPermGen: 8836K->8836K(21504K)], 0.0833230 secs] [Times: user=0.61 sys=0.00, real=0.08 secs] 
97.625: Total time for which application threads were stopped: 0.1065650 seconds, Stopping threads took: 0.0000740 seconds
97.724: Application time: 0.0985960 seconds
97.724: [GC [PSYoungGen: 204800K->33760K(238592K)] 283723K->127703K(783360K), 0.0205110 secs] [Times: user=0.16 sys=0.00, real=0.02 secs] 
97.745: Total time for which application threads were stopped: 0.0207320 seconds, Stopping threads took: 0.0001060 seconds
97.837: Application time: 0.0925600 seconds
97.841: [GC [PSYoungGen: 238560K->33776K(238592K)] 332503K->138694K(783360K), 0.0182410 secs] [Times: user=0.14 sys=0.00, real=0.01 secs] 
97.859: Total time for which application threads were stopped: 0.0220610 seconds, Stopping threads took: 0.0037180 seconds
97.923: Application time: 0.0640370 seconds
97.924: [GC [PSYoungGen: 238576K->33776K(238592K)] 343494K->138910K(783360K), 0.0147970 secs] [Times: user=0.11 sys=0.00, real=0.01 secs] 
97.938: Total time for which application threads were stopped: 0.0150150 seconds, Stopping threads took: 0.0001160 seconds
98.000: Application time: 0.0614390 seconds
98.000: [GC [PSYoungGen: 238576K->33776K(238592K)] 343710K->155796K(783360K), 0.0210980 secs] [Times: user=0.17 sys=0.00, real=0.03 secs] 
98.021: Total time for which application threads were stopped: 0.0213000 seconds, Stopping threads took: 0.0001030 seconds
98.125: Application time: 0.1035450 seconds
98.125: [GC [PSYoungGen: 238576K->33792K(238592K)] 360596K->200606K(783360K), 0.0338660 secs] [Times: user=0.27 sys=0.00, real=0.03 secs] 
98.159: Total time for which application threads were stopped: 0.0340720 seconds, Stopping threads took: 0.0000880 seconds
98.247: Application time: 0.0885840 seconds
98.248: [GC [PSYoungGen: 238592K->33792K(238592K)] 405406K->210675K(783360K), 0.0193330 secs] [Times: user=0.15 sys=0.00, real=0.02 secs] 
98.267: Total time for which application threads were stopped: 0.0195370 seconds, Stopping threads took: 0.0000870 seconds
98.330: Application time: 0.0628590 seconds
98.330: [GC [PSYoungGen: 238592K->33776K(238592K)] 415475K->210851K(783360K), 0.0169750 secs] [Times: user=0.12 sys=0.00, real=0.01 secs] 
98.347: Total time for which application threads were stopped: 0.0171560 seconds, Stopping threads took: 0.0000830 seconds
98.411: Application time: 0.0642730 seconds
98.411: [GC [PSYoungGen: 238576K->33760K(238592K)] 415651K->238570K(783360K), 0.0264100 secs] [Times: user=0.21 sys=0.00, real=0.02 secs] 
98.438: Total time for which application threads were stopped: 0.0266080 seconds, Stopping threads took: 0.0000990 seconds
98.544: Application time: 0.1058980 seconds
98.544: [GC [PSYoungGen: 238560K->33760K(238592K)] 443370K->273415K(783360K), 0.0309970 secs] [Times: user=0.25 sys=0.00, real=0.03 secs] 
98.575: Total time for which application threads were stopped: 0.0311920 seconds, Stopping threads took: 0.0000850 seconds
98.659: Application time: 0.0840050 seconds
98.659: [GC [PSYoungGen: 238560K->33776K(238592K)] 478215K->278932K(783360K), 0.0170360 secs] [Times: user=0.14 sys=0.00, real=0.02 secs] 
98.676: Total time for which application threads were stopped: 0.0172260 seconds, Stopping threads took: 0.0000890 seconds
98.739: Application time: 0.0623540 seconds
98.739: [GC [PSYoungGen: 238576K->33776K(238592K)] 483732K->281743K(783360K), 0.0164700 secs] [Times: user=0.13 sys=0.00, real=0.02 secs] 
98.755: Total time for which application threads were stopped: 0.0166780 seconds, Stopping threads took: 0.0001090 seconds
98.822: Application time: 0.0668630 seconds
98.822: [GC [PSYoungGen: 238576K->33760K(238592K)] 486543K->312986K(783360K), 0.0274890 secs] [Times: user=0.21 sys=0.00, real=0.03 secs] 
98.850: Total time for which application threads were stopped: 0.0276900 seconds, Stopping threads took: 0.0000920 seconds
98.959: Application time: 0.1088830 seconds
98.959: [GC [PSYoungGen: 238560K->33776K(238592K)] 517786K->346613K(783360K), 0.0301750 secs] [Times: user=0.24 sys=0.00, real=0.03 secs] 
98.989: Total time for which application threads were stopped: 0.0303590 seconds, Stopping threads took: 0.0000700 seconds
99.068: Application time: 0.0793810 seconds
99.069: [GC [PSYoungGen: 238576K->33760K(238592K)] 551413K->347437K(783360K), 0.0163790 secs] [Times: user=0.12 sys=0.00, real=0.02 secs] 
99.085: Total time for which application threads were stopped: 0.0165760 seconds, Stopping threads took: 0.0000910 seconds
99.147: Application time: 0.0616670 seconds
99.147: [GC [PSYoungGen: 238560K->33760K(238592K)] 552237K->351410K(783360K), 0.0176090 secs] [Times: user=0.14 sys=0.01, real=0.02 secs] 
99.165: Total time for which application threads were stopped: 0.0178180 seconds, Stopping threads took: 0.0001040 seconds
99.235: Application time: 0.0702320 seconds
99.237: [GC [PSYoungGen: 238560K->33776K(238592K)] 556210K->388127K(783360K), 0.0309670 secs] [Times: user=0.24 sys=0.00, real=0.03 secs] 
99.268: Total time for which application threads were stopped: 0.0334370 seconds, Stopping threads took: 0.0023680 seconds
99.378: Application time: 0.1093670 seconds
99.378: [GC [PSYoungGen: 238576K->33776K(238592K)] 592927K->413765K(783360K), 0.0280360 secs] [Times: user=0.22 sys=0.00, real=0.03 secs] 
99.406: Total time for which application threads were stopped: 0.0282430 seconds, Stopping threads took: 0.0000880 seconds
99.482: Application time: 0.0762960 seconds
99.482: [GC [PSYoungGen: 238576K->33776K(238592K)] 618565K->413837K(783360K), 0.0175640 secs] [Times: user=0.12 sys=0.00, real=0.01 secs] 
99.500: Total time for which application threads were stopped: 0.0177540 seconds, Stopping threads took: 0.0000870 seconds
99.561: Application time: 0.0607610 seconds
99.561: [GC [PSYoungGen: 238576K->33776K(238592K)] 618637K->418591K(783360K), 0.0189080 secs] [Times: user=0.15 sys=0.00, real=0.02 secs] 
99.580: Total time for which application threads were stopped: 0.0190970 seconds, Stopping threads took: 0.0000840 seconds
99.656: Application time: 0.0759150 seconds
99.656: [GC [PSYoungGen: 238576K->33792K(238592K)] 623391K->461482K(783360K), 0.0358780 secs] [Times: user=0.26 sys=0.00, real=0.04 secs] 
99.692: Total time for which application threads were stopped: 0.0360730 seconds, Stopping threads took: 0.0000870 seconds
99.799: Application time: 0.1077610 seconds
99.800: [GC [PSYoungGen: 238592K->33776K(238592K)] 666282K->482746K(783360K), 0.0273690 secs] [Times: user=0.22 sys=0.00, real=0.03 secs] 
99.827: Total time for which application threads were stopped: 0.0275530 seconds, Stopping threads took: 0.0000770 seconds
99.900: Application time: 0.0733570 seconds
99.901: [GC [PSYoungGen: 238576K->33760K(238592K)] 687546K->483786K(783360K), 0.0196430 secs] [Times: user=0.15 sys=0.00, real=0.02 secs] 
99.920: Total time for which application threads were stopped: 0.0198540 seconds, Stopping threads took: 0.0001000 seconds
99.981: Application time: 0.0603220 seconds
99.981: [GC [PSYoungGen: 238560K->33776K(238592K)] 688586K->491810K(783360K), 0.0211170 secs] [Times: user=0.16 sys=0.00, real=0.03 secs] 
100.002: Total time for which application threads were stopped: 0.0213220 seconds, Stopping threads took: 0.0001000 seconds
100.084: Application time: 0.0824740 seconds
100.085: [GC [PSYoungGen: 238576K->33776K(238592K)] 696610K->536153K(783360K), 0.0362140 secs] [Times: user=0.29 sys=0.00, real=0.03 secs] 
100.121: [Full GC [PSYoungGen: 33776K->0K(238592K)] [ParOldGen: 502377K->77585K(544768K)] 536153K->77585K(783360K) [PSPermGen: 8836K->8836K(21504K)], 0.0827050 secs] [Times: user=0.60 sys=0.00, real=0.09 secs] 
100.204: Total time for which application threads were stopped: 0.1192030 seconds, Stopping threads took: 0.0001100 seconds
100.307: Application time: 0.1034530 seconds
100.307: [GC [PSYoungGen: 204800K->20320K(238592K)] 282385K->97905K(783360K), 0.0083350 secs] [Times: user=0.06 sys=0.00, real=0.01 secs] 
100.316: Total time for which application threads were stopped: 0.0085360 seconds, Stopping threads took: 0.0000940 seconds
100.386: Application time: 0.0706870 seconds
100.386: [GC [PSYoungGen: 225120K->20352K(238592K)] 302705K->97937K(783360K), 0.0078220 secs] [Times: user=0.06 sys=0.00, real=0.01 secs] 
100.394: Total time for which application threads were stopped: 0.0080010 seconds, Stopping threads took: 0.0000740 seconds
100.455: Application time: 0.0605570 seconds
100.455: [GC [PSYoungGen: 225152K->30016K(238592K)] 302737K->107601K(783360K), 0.0116000 secs] [Times: user=0.09 sys=0.00, real=0.01 secs] 
100.467: Total time for which application threads were stopped: 0.0118130 seconds, Stopping threads took: 0.0000970 seconds
100.559: Application time: 0.0923320 seconds
100.559: [GC [PSYoungGen: 234816K->33760K(238592K)] 312401K->148692K(783360K), 0.0286300 secs] [Times: user=0.22 sys=0.00, real=0.03 secs] 
100.588: Total time for which application threads were stopped: 0.0288410 seconds, Stopping threads took: 0.0001040 seconds
100.688: Application time: 0.0999960 seconds
100.688: [GC [PSYoungGen: 238560K->33760K(238592K)] 353492K->158020K(783360K), 0.0189440 secs] [Times: user=0.15 sys=0.00, real=0.02 secs] 
100.707: Total time for which application threads were stopped: 0.0191350 seconds, Stopping threads took: 0.0000860 seconds
100.775: Application time: 0.0679330 seconds
100.775: [GC [PSYoungGen: 238560K->33760K(238592K)] 362820K->158172K(783360K), 0.0160640 secs] [Times: user=0.13 sys=0.00, real=0.02 secs] 
100.791: Total time for which application threads were stopped: 0.0162460 seconds, Stopping threads took: 0.0000830 seconds
100.853: Application time: 0.0616380 seconds
100.853: [GC [PSYoungGen: 238560K->33792K(238592K)] 362972K->169235K(783360K), 0.0204550 secs] [Times: user=0.15 sys=0.00, real=0.02 secs] 
100.873: Total time for which application threads were stopped: 0.0206450 seconds, Stopping threads took: 0.0000880 seconds
100.965: Application time: 0.0920440 seconds
100.966: [GC [PSYoungGen: 238592K->33776K(238592K)] 374035K->215763K(783360K), 0.0352800 secs] [Times: user=0.28 sys=0.00, real=0.03 secs] 
101.001: Total time for which application threads were stopped: 0.0354820 seconds, Stopping threads took: 0.0000910 seconds
101.097: Application time: 0.0957230 seconds
101.097: [GC [PSYoungGen: 238576K->33776K(238592K)] 420563K->229530K(783360K), 0.0231200 secs] [Times: user=0.19 sys=0.00, real=0.02 secs] 
101.120: Total time for which application threads were stopped: 0.0233360 seconds, Stopping threads took: 0.0001120 seconds
101.186: Application time: 0.0662900 seconds
101.186: [GC [PSYoungGen: 238576K->33776K(238592K)] 434330K->229978K(783360K), 0.0164070 secs] [Times: user=0.13 sys=0.00, real=0.02 secs] 
101.203: Total time for which application threads were stopped: 0.0166200 seconds, Stopping threads took: 0.0001120 seconds
101.265: Application time: 0.0623810 seconds
101.265: [GC [PSYoungGen: 238576K->33776K(238592K)] 434778K->242490K(783360K), 0.0210010 secs] [Times: user=0.16 sys=0.00, real=0.02 secs] 
101.287: Total time for which application threads were stopped: 0.0212100 seconds, Stopping threads took: 0.0000970 seconds
101.383: Application time: 0.0961350 seconds
101.383: [GC [PSYoungGen: 238576K->33776K(238592K)] 447290K->290621K(783360K), 0.0374120 secs] [Times: user=0.30 sys=0.00, real=0.03 secs] 
101.420: Total time for which application threads were stopped: 0.0376040 seconds, Stopping threads took: 0.0000910 seconds
101.512: Application time: 0.0917800 seconds
101.512: [GC [PSYoungGen: 238576K->33792K(238592K)] 495421K->305880K(783360K), 0.0216840 secs] [Times: user=0.17 sys=0.00, real=0.02 secs] 
101.534: Total time for which application threads were stopped: 0.0219110 seconds, Stopping threads took: 0.0001020 seconds
101.600: Application time: 0.0661170 seconds
101.600: [GC [PSYoungGen: 238592K->33776K(238592K)] 510680K->308040K(783360K), 0.0170650 secs] [Times: user=0.13 sys=0.00, real=0.02 secs] 
101.617: Total time for which application threads were stopped: 0.0174040 seconds, Stopping threads took: 0.0002300 seconds
101.680: Application time: 0.0628460 seconds
101.681: [GC [PSYoungGen: 238576K->33792K(238592K)] 512840K->325051K(783360K), 0.0227750 secs] [Times: user=0.18 sys=0.00, real=0.03 secs] 
101.703: Total time for which application threads were stopped: 0.0230120 seconds, Stopping threads took: 0.0001330 seconds
101.804: Application time: 0.1008010 seconds
101.804: [GC [PSYoungGen: 238592K->33760K(238592K)] 529851K->368442K(783360K), 0.0346500 secs] [Times: user=0.27 sys=0.00, real=0.03 secs] 
101.839: Total time for which application threads were stopped: 0.0348510 seconds, Stopping threads took: 0.0000980 seconds
101.927: Application time: 0.0876390 seconds
101.927: [GC [PSYoungGen: 238560K->33776K(238592K)] 573242K->378402K(783360K), 0.0210900 secs] [Times: user=0.17 sys=0.00, real=0.02 secs] 
101.948: Total time for which application threads were stopped: 0.0212930 seconds, Stopping threads took: 0.0000980 seconds
102.012: Application time: 0.0640280 seconds
102.012: [GC [PSYoungGen: 238576K->33760K(238592K)] 583202K->382250K(783360K), 0.0189200 secs] [Times: user=0.15 sys=0.00, real=0.02 secs] 
102.031: Total time for which application threads were stopped: 0.0191280 seconds, Stopping threads took: 0.0001020 seconds
102.096: Application time: 0.0651590 seconds
102.096: [GC [PSYoungGen: 238560K->33760K(238592K)] 587050K->405447K(783360K), 0.0264540 secs] [Times: user=0.20 sys=0.00, real=0.03 secs] 
102.123: Total time for which application threads were stopped: 0.0266610 seconds, Stopping threads took: 0.0000920 seconds
102.228: Application time: 0.1049250 seconds
102.228: [GC [PSYoungGen: 238560K->33760K(238592K)] 610247K->440685K(783360K), 0.0313570 secs] [Times: user=0.25 sys=0.00, real=0.03 secs] 
102.259: Total time for which application threads were stopped: 0.0315540 seconds, Stopping threads took: 0.0000930 seconds
102.343: Application time: 0.0839070 seconds
102.343: [GC [PSYoungGen: 238560K->33760K(238592K)] 645485K->444073K(783360K), 0.0202440 secs] [Times: user=0.16 sys=0.00, real=0.02 secs] 
102.364: Total time for which application threads were stopped: 0.0204470 seconds, Stopping threads took: 0.0000970 seconds
102.427: Application time: 0.0630420 seconds
102.427: [GC [PSYoungGen: 238560K->33776K(238592K)] 648873K->448217K(783360K), 0.0206480 secs] [Times: user=0.17 sys=0.00, real=0.02 secs] 
102.448: Total time for which application threads were stopped: 0.0208450 seconds, Stopping threads took: 0.0000940 seconds
102.514: Application time: 0.0666760 seconds
102.514: [GC [PSYoungGen: 238576K->33760K(238592K)] 653017K->476486K(783360K), 0.0293510 secs] [Times: user=0.23 sys=0.00, real=0.03 secs] 
102.544: Total time for which application threads were stopped: 0.0295620 seconds, Stopping threads took: 0.0001110 seconds
102.651: Application time: 0.1069890 seconds
102.651: [GC [PSYoungGen: 238560K->33760K(238592K)] 681286K->511060K(783360K), 0.0350290 secs] [Times: user=0.28 sys=0.00, real=0.03 secs] 
102.686: Total time for which application threads were stopped: 0.0352450 seconds, Stopping threads took: 0.0000910 seconds
102.767: Application time: 0.0805470 seconds
102.767: [GC [PSYoungGen: 238560K->33760K(238592K)] 715860K->514412K(783360K), 0.0192750 secs] [Times: user=0.15 sys=0.00, real=0.02 secs] 
102.786: Total time for which application threads were stopped: 0.0194810 seconds, Stopping threads took: 0.0001010 seconds
102.848: Application time: 0.0616660 seconds
102.848: [GC [PSYoungGen: 238560K->33760K(238592K)] 719212K->519000K(783360K), 0.0197250 secs] [Times: user=0.16 sys=0.00, real=0.02 secs] 
102.868: Total time for which application threads were stopped: 0.0199140 seconds, Stopping threads took: 0.0000850 seconds
102.938: Application time: 0.0702100 seconds
102.938: [GC [PSYoungGen: 238560K->33760K(238592K)] 723800K->552238K(783360K), 0.0312010 secs] [Times: user=0.23 sys=0.00, real=0.04 secs] 
102.969: [Full GC [PSYoungGen: 33760K->0K(238592K)] [ParOldGen: 518478K->78369K(544768K)] 552238K->78369K(783360K) [PSPermGen: 8836K->8836K(21504K)], 0.0832940 secs] [Times: user=0.61 sys=0.00, real=0.08 secs] 
103.053: Total time for which application threads were stopped: 0.1147740 seconds, Stopping threads took: 0.0001000 seconds
103.161: Application time: 0.1082570 seconds
103.165: [GC [PSYoungGen: 204800K->33744K(238592K)] 283169K->112113K(783360K), 0.0138920 secs] [Times: user=0.11 sys=0.00, real=0.01 secs] 
103.179: Total time for which application threads were stopped: 0.0181210 seconds, Stopping threads took: 0.0041100 seconds
103.256: Application time: 0.0768270 seconds
103.256: [GC [PSYoungGen: 238544K->33792K(238592K)] 316913K->113033K(783360K), 0.0133820 secs] [Times: user=0.10 sys=0.00, real=0.02 secs] 
103.270: Total time for which application threads were stopped: 0.0135950 seconds, Stopping threads took: 0.0001080 seconds
103.330: Application time: 0.0607220 seconds
103.330: [GC [PSYoungGen: 238592K->33760K(238592K)] 317833K->117804K(783360K), 0.0146200 secs] [Times: user=0.11 sys=0.01, real=0.01 secs] 
103.345: Total time for which application threads were stopped: 0.0148230 seconds, Stopping threads took: 0.0000910 seconds
103.420: Application time: 0.0751240 seconds
103.420: [GC [PSYoungGen: 238560K->33776K(238592K)] 322604K->159957K(783360K), 0.0300900 secs] [Times: user=0.22 sys=0.00, real=0.04 secs] 
103.451: Total time for which application threads were stopped: 0.0302920 seconds, Stopping threads took: 0.0000980 seconds
103.557: Application time: 0.1066490 seconds
103.557: [GC [PSYoungGen: 238576K->33792K(238592K)] 364757K->185487K(783360K), 0.0246360 secs] [Times: user=0.19 sys=0.00, real=0.03 secs] 
103.582: Total time for which application threads were stopped: 0.0248450 seconds, Stopping threads took: 0.0001050 seconds
103.656: Application time: 0.0736860 seconds
103.656: [GC [PSYoungGen: 238592K->33776K(238592K)] 390287K->186103K(783360K), 0.0153440 secs] [Times: user=0.12 sys=0.00, real=0.02 secs] 
103.671: Total time for which application threads were stopped: 0.0155520 seconds, Stopping threads took: 0.0001020 seconds
103.732: Application time: 0.0604510 seconds
103.732: [GC [PSYoungGen: 238576K->33760K(238592K)] 390903K->193015K(783360K), 0.0177460 secs] [Times: user=0.14 sys=0.00, real=0.02 secs] 
103.750: Total time for which application threads were stopped: 0.0179810 seconds, Stopping threads took: 0.0001180 seconds
103.830: Application time: 0.0806490 seconds
103.830: [GC [PSYoungGen: 238560K->33776K(238592K)] 397815K->237191K(783360K), 0.0335170 secs] [Times: user=0.27 sys=0.00, real=0.03 secs] 
103.864: Total time for which application threads were stopped: 0.0336810 seconds, Stopping threads took: 0.0000640 seconds
103.967: Application time: 0.1034010 seconds
103.968: [GC [PSYoungGen: 238576K->33776K(238592K)] 441991K->255359K(783360K), 0.0239070 secs] [Times: user=0.19 sys=0.00, real=0.03 secs] 
103.992: Total time for which application threads were stopped: 0.0241170 seconds, Stopping threads took: 0.0001050 seconds
104.062: Application time: 0.0704930 seconds
104.065: [GC [PSYoungGen: 238576K->33792K(238592K)] 460159K->256160K(783360K), 0.0157760 secs] [Times: user=0.13 sys=0.00, real=0.01 secs] 
104.081: Total time for which application threads were stopped: 0.0189650 seconds, Stopping threads took: 0.0030820 seconds
104.141: Application time: 0.0604930 seconds
104.142: [GC [PSYoungGen: 238592K->33776K(238592K)] 460960K->265663K(783360K), 0.0190940 secs] [Times: user=0.15 sys=0.00, real=0.01 secs] 
104.161: Total time for which application threads were stopped: 0.0192930 seconds, Stopping threads took: 0.0000930 seconds
104.247: Application time: 0.0867010 seconds
104.248: [GC [PSYoungGen: 238576K->33776K(238592K)] 470463K->312254K(783360K), 0.0351390 secs] [Times: user=0.28 sys=0.00, real=0.04 secs] 
104.283: Total time for which application threads were stopped: 0.0353440 seconds, Stopping threads took: 0.0000910 seconds
104.384: Application time: 0.1007110 seconds
104.384: [GC [PSYoungGen: 238576K->33760K(238592K)] 517054K->328754K(783360K), 0.0224660 secs] [Times: user=0.17 sys=0.00, real=0.02 secs] 
104.406: Total time for which application threads were stopped: 0.0226550 seconds, Stopping threads took: 0.0000820 seconds
104.475: Application time: 0.0689420 seconds
104.475: [GC [PSYoungGen: 238560K->33776K(238592K)] 533554K->329554K(783360K), 0.0163990 secs] [Times: user=0.12 sys=0.00, real=0.02 secs] 
104.492: Total time for which application threads were stopped: 0.0165930 seconds, Stopping threads took: 0.0000900 seconds
104.552: Application time: 0.0606620 seconds
104.553: [GC [PSYoungGen: 238576K->33760K(238592K)] 534354K->340138K(783360K), 0.0201160 secs] [Times: user=0.16 sys=0.00, real=0.02 secs] 
104.573: Total time for which application threads were stopped: 0.0203240 seconds, Stopping threads took: 0.0001020 seconds
104.664: Application time: 0.0917190 seconds
104.665: [GC [PSYoungGen: 238560K->33760K(238592K)] 544938K->387887K(783360K), 0.0363610 secs] [Times: user=0.29 sys=0.00, real=0.03 secs] 
104.701: Total time for which application threads were stopped: 0.0365440 seconds, Stopping threads took: 0.0000820 seconds
104.798: Application time: 0.0968100 seconds
104.798: [GC [PSYoungGen: 238560K->33792K(238592K)] 592687K->404881K(783360K), 0.0235920 secs] [Times: user=0.19 sys=0.00, real=0.03 secs] 
104.822: Total time for which application threads were stopped: 0.0238050 seconds, Stopping threads took: 0.0000940 seconds
104.889: Application time: 0.0668850 seconds
104.889: [GC [PSYoungGen: 238592K->32688K(238592K)] 609681K->405164K(783360K), 0.0189290 secs] [Times: user=0.15 sys=0.00, real=0.02 secs] 
104.908: Total time for which application threads were stopped: 0.0191350 seconds, Stopping threads took: 0.0001040 seconds
104.969: Application time: 0.0617030 seconds
104.970: [GC [PSYoungGen: 237488K->33776K(238592K)] 609964K->423287K(783360K), 0.0234390 secs] [Times: user=0.18 sys=0.00, real=0.02 secs] 
104.993: Total time for which application threads were stopped: 0.0236480 seconds, Stopping threads took: 0.0001040 seconds
105.089: Application time: 0.0963400 seconds
105.089: [GC [PSYoungGen: 238576K->33776K(238592K)] 628087K->463573K(783360K), 0.0332290 secs] [Times: user=0.26 sys=0.00, real=0.03 secs] 
105.123: Total time for which application threads were stopped: 0.0334230 seconds, Stopping threads took: 0.0000900 seconds
105.216: Application time: 0.0931060 seconds
105.216: [GC [PSYoungGen: 238576K->33776K(238592K)] 668373K->473664K(783360K), 0.0214730 secs] [Times: user=0.17 sys=0.00, real=0.02 secs] 
105.238: Total time for which application threads were stopped: 0.0216400 seconds, Stopping threads took: 0.0000630 seconds
105.302: Application time: 0.0649760 seconds
105.303: [GC [PSYoungGen: 238576K->33776K(238592K)] 678464K->474232K(783360K), 0.0186990 secs] [Times: user=0.14 sys=0.00, real=0.02 secs] 
105.323: Total time for which application threads were stopped: 0.0204130 seconds, Stopping threads took: 0.0000880 seconds
105.387: Application time: 0.0636610 seconds
105.387: [GC [PSYoungGen: 238576K->33776K(238592K)] 679032K->497163K(783360K), 0.0268580 secs] [Times: user=0.22 sys=0.00, real=0.03 secs] 
105.414: Total time for which application threads were stopped: 0.0270620 seconds, Stopping threads took: 0.0000930 seconds
105.514: Application time: 0.1003540 seconds
105.514: [GC [PSYoungGen: 238576K->33776K(238592K)] 701963K->532929K(783360K), 0.0348220 secs] [Times: user=0.27 sys=0.00, real=0.03 secs] 
105.549: [Full GC [PSYoungGen: 33776K->0K(238592K)] [ParOldGen: 499153K->77023K(544768K)] 532929K->77023K(783360K) [PSPermGen: 8836K->8836K(21504K)], 0.0834490 secs] [Times: user=0.60 sys=0.01, real=0.09 secs] 
105.633: Total time for which application threads were stopped: 0.1185500 seconds, Stopping threads took: 0.0001060 seconds
105.721: Application time: 0.0886620 seconds
105.721: [GC [PSYoungGen: 204800K->11264K(238592K)] 281823K->88287K(783360K), 0.0047990 secs] [Times: user=0.04 sys=0.00, real=0.00 secs] 
105.726: Total time for which application threads were stopped: 0.0049930 seconds, Stopping threads took: 0.0000920 seconds
105.790: Application time: 0.0638460 seconds
105.790: [GC [PSYoungGen: 216064K->11456K(238592K)] 293087K->88479K(783360K), 0.0045440 secs] [Times: user=0.03 sys=0.00, real=0.00 secs] 
105.795: Total time for which application threads were stopped: 0.0047530 seconds, Stopping threads took: 0.0001020 seconds
105.861: Application time: 0.0657530 seconds
105.861: [GC [PSYoungGen: 216256K->33776K(238592K)] 293279K->113607K(783360K), 0.0149290 secs] [Times: user=0.11 sys=0.00, real=0.02 secs] 
105.876: Total time for which application threads were stopped: 0.0151610 seconds, Stopping threads took: 0.0001180 seconds
105.980: Application time: 0.1041380 seconds
105.980: [GC [PSYoungGen: 238576K->33760K(238592K)] 318407K->148722K(783360K), 0.0273410 secs] [Times: user=0.21 sys=0.00, real=0.03 secs] 
106.007: Total time for which application threads were stopped: 0.0275410 seconds, Stopping threads took: 0.0000970 seconds
106.092: Application time: 0.0848490 seconds
106.092: [GC [PSYoungGen: 238560K->33776K(238592K)] 353522K->156645K(783360K), 0.0171800 secs] [Times: user=0.14 sys=0.00, real=0.02 secs] 
106.110: Total time for which application threads were stopped: 0.0173820 seconds, Stopping threads took: 0.0000980 seconds
106.172: Application time: 0.0625660 seconds
106.172: [GC [PSYoungGen: 238576K->33776K(238592K)] 361445K->158813K(783360K), 0.0152750 secs] [Times: user=0.12 sys=0.00, real=0.01 secs] 
106.188: Total time for which application threads were stopped: 0.0154630 seconds, Stopping threads took: 0.0000860 seconds
106.256: Application time: 0.0682490 seconds
106.256: [GC [PSYoungGen: 238576K->33760K(238592K)] 363613K->187542K(783360K), 0.0258630 secs] [Times: user=0.21 sys=0.00, real=0.03 secs] 
106.282: Total time for which application threads were stopped: 0.0260320 seconds, Stopping threads took: 0.0000640 seconds
106.388: Application time: 0.1059150 seconds
106.388: [GC [PSYoungGen: 238560K->33776K(238592K)] 392342K->224563K(783360K), 0.0296330 secs] [Times: user=0.24 sys=0.00, real=0.03 secs] 
106.418: Total time for which application threads were stopped: 0.0298350 seconds, Stopping threads took: 0.0000870 seconds
106.498: Application time: 0.0802480 seconds
106.498: [GC [PSYoungGen: 238576K->33776K(238592K)] 429363K->229099K(783360K), 0.0170160 secs] [Times: user=0.13 sys=0.00, real=0.02 secs] 
106.515: Total time for which application threads were stopped: 0.0172180 seconds, Stopping threads took: 0.0000960 seconds
106.579: Application time: 0.0638820 seconds
106.581: [GC [PSYoungGen: 238576K->33792K(238592K)] 433899K->235215K(783360K), 0.0197170 secs] [Times: user=0.15 sys=0.00, real=0.01 secs] 
106.601: Total time for which application threads were stopped: 0.0218330 seconds, Stopping threads took: 0.0020100 seconds
106.673: Application time: 0.0722380 seconds
106.673: [GC [PSYoungGen: 238592K->33776K(238592K)] 440015K->264956K(783360K), 0.0271080 secs] [Times: user=0.21 sys=0.00, real=0.02 secs] 
106.700: Total time for which application threads were stopped: 0.0273290 seconds, Stopping threads took: 0.0001160 seconds
106.803: Application time: 0.1022290 seconds
106.803: [GC [PSYoungGen: 238576K->33776K(238592K)] 469756K->299550K(783360K), 0.0300770 secs] [Times: user=0.24 sys=0.00, real=0.03 secs] 
106.833: Total time for which application threads were stopped: 0.0302710 seconds, Stopping threads took: 0.0000900 seconds
106.912: Application time: 0.0786140 seconds
106.912: [GC [PSYoungGen: 238576K->33760K(238592K)] 504350K->303610K(783360K), 0.0164670 secs] [Times: user=0.13 sys=0.00, real=0.01 secs] 
106.928: Total time for which application threads were stopped: 0.0166830 seconds, Stopping threads took: 0.0001000 seconds
106.992: Application time: 0.0639550 seconds
106.992: [GC [PSYoungGen: 238560K->33776K(238592K)] 508410K->309810K(783360K), 0.0176290 secs] [Times: user=0.13 sys=0.00, real=0.02 secs] 
107.010: Total time for which application threads were stopped: 0.0178040 seconds, Stopping threads took: 0.0000680 seconds
107.085: Application time: 0.0745040 seconds
107.085: [GC [PSYoungGen: 238576K->33776K(238592K)] 514610K->345522K(783360K), 0.0294910 secs] [Times: user=0.23 sys=0.00, real=0.03 secs] 
107.114: Total time for which application threads were stopped: 0.0297060 seconds, Stopping threads took: 0.0001130 seconds
107.217: Application time: 0.1030680 seconds
107.217: [GC [PSYoungGen: 238576K->33776K(238592K)] 550322K->372728K(783360K), 0.0265680 secs] [Times: user=0.21 sys=0.00, real=0.03 secs] 
107.244: Total time for which application threads were stopped: 0.0267680 seconds, Stopping threads took: 0.0000970 seconds
107.319: Application time: 0.0746960 seconds
107.319: [GC [PSYoungGen: 238576K->33760K(238592K)] 577528K->375309K(783360K), 0.0168840 secs] [Times: user=0.13 sys=0.00, real=0.02 secs] 
107.336: Total time for which application threads were stopped: 0.0170900 seconds, Stopping threads took: 0.0001020 seconds
107.399: Application time: 0.0633530 seconds
107.399: [GC [PSYoungGen: 238560K->29504K(238592K)] 580109K->384075K(783360K), 0.0193180 secs] [Times: user=0.15 sys=0.00, real=0.02 secs] 
107.419: Total time for which application threads were stopped: 0.0195200 seconds, Stopping threads took: 0.0000970 seconds
107.496: Application time: 0.0775790 seconds
107.497: [GC [PSYoungGen: 234304K->33760K(238592K)] 588875K->422002K(783360K), 0.0292440 secs] [Times: user=0.23 sys=0.00, real=0.03 secs] 
107.526: Total time for which application threads were stopped: 0.0294560 seconds, Stopping threads took: 0.0000970 seconds
107.628: Application time: 0.1023110 seconds
107.628: [GC [PSYoungGen: 238560K->33776K(238592K)] 626802K->440424K(783360K), 0.0237020 secs] [Times: user=0.19 sys=0.00, real=0.03 secs] 
107.652: Total time for which application threads were stopped: 0.0239090 seconds, Stopping threads took: 0.0001000 seconds
107.724: Application time: 0.0722770 seconds
107.724: [GC [PSYoungGen: 238576K->33328K(238592K)] 645224K->439985K(783360K), 0.0179880 secs] [Times: user=0.14 sys=0.00, real=0.02 secs] 
107.743: Total time for which application threads were stopped: 0.0181850 seconds, Stopping threads took: 0.0000950 seconds
107.806: Application time: 0.0639550 seconds
107.807: [GC [PSYoungGen: 238128K->33776K(238592K)] 644785K->452281K(783360K), 0.0224340 secs] [Times: user=0.17 sys=0.00, real=0.03 secs] 
107.829: Total time for which application threads were stopped: 0.0226210 seconds, Stopping threads took: 0.0000770 seconds
107.911: Application time: 0.0817110 seconds
107.911: [GC [PSYoungGen: 238576K->33776K(238592K)] 657081K->493197K(783360K), 0.0338370 secs] [Times: user=0.27 sys=0.00, real=0.03 secs] 
107.945: Total time for which application threads were stopped: 0.0340400 seconds, Stopping threads took: 0.0001020 seconds
108.044: Application time: 0.0989740 seconds
108.044: [GC [PSYoungGen: 238576K->33760K(238592K)] 697997K->511760K(783360K), 0.0242470 secs] [Times: user=0.19 sys=0.00, real=0.02 secs] 
108.068: Total time for which application threads were stopped: 0.0244570 seconds, Stopping threads took: 0.0000880 seconds
108.139: Application time: 0.0710650 seconds
108.139: [GC [PSYoungGen: 238560K->33760K(238592K)] 716560K->516860K(783360K), 0.0201950 secs] [Times: user=0.15 sys=0.00, real=0.02 secs] 
108.160: Total time for which application threads were stopped: 0.0203980 seconds, Stopping threads took: 0.0000960 seconds
108.225: Application time: 0.0653990 seconds
108.225: [GC [PSYoungGen: 238560K->33792K(238592K)] 721660K->531735K(783360K), 0.0236300 secs] [Times: user=0.18 sys=0.00, real=0.02 secs] 
108.249: [Full GC [PSYoungGen: 33792K->0K(238592K)] [ParOldGen: 497943K->71525K(544768K)] 531735K->71525K(783360K) [PSPermGen: 8836K->8836K(21504K)], 0.0746520 secs] [Times: user=0.53 sys=0.00, real=0.08 secs] 
108.324: Total time for which application threads were stopped: 0.0985780 seconds, Stopping threads took: 0.0001260 seconds
108.411: Application time: 0.0869990 seconds
108.411: [GC [PSYoungGen: 204800K->33776K(238592K)] 276325K->113497K(783360K), 0.0178420 secs] [Times: user=0.14 sys=0.00, real=0.01 secs] 
108.429: Total time for which application threads were stopped: 0.0180290 seconds, Stopping threads took: 0.0000850 seconds
108.523: Application time: 0.0943610 seconds
108.523: [GC [PSYoungGen: 238576K->33776K(238592K)] 318297K->125096K(783360K), 0.0182380 secs] [Times: user=0.14 sys=0.00, real=0.02 secs] 
108.542: Total time for which application threads were stopped: 0.0184320 seconds, Stopping threads took: 0.0000900 seconds
108.613: Application time: 0.0709970 seconds
108.613: [GC [PSYoungGen: 238576K->33776K(238592K)] 329896K->130708K(783360K), 0.0163180 secs] [Times: user=0.12 sys=0.00, real=0.02 secs] 
108.629: Total time for which application threads were stopped: 0.0165530 seconds, Stopping threads took: 0.0001070 seconds
108.695: Application time: 0.0654310 seconds
108.695: [GC [PSYoungGen: 238576K->33776K(238592K)] 335508K->145726K(783360K), 0.0201990 secs] [Times: user=0.16 sys=0.00, real=0.02 secs] 
108.715: Total time for which application threads were stopped: 0.0204170 seconds, Stopping threads took: 0.0001130 seconds
108.807: Application time: 0.0919670 seconds
108.807: [GC [PSYoungGen: 238576K->33760K(238592K)] 350526K->186171K(783360K), 0.0315040 secs] [Times: user=0.25 sys=0.00, real=0.03 secs] 
108.839: Total time for which application threads were stopped: 0.0316900 seconds, Stopping threads took: 0.0000840 seconds
108.930: Application time: 0.0910730 seconds
108.930: [GC [PSYoungGen: 238560K->33760K(238592K)] 390971K->198167K(783360K), 0.0196740 secs] [Times: user=0.16 sys=0.00, real=0.02 secs] 
108.950: Total time for which application threads were stopped: 0.0198680 seconds, Stopping threads took: 0.0000880 seconds
109.019: Application time: 0.0692340 seconds
109.019: [GC [PSYoungGen: 238560K->33760K(238592K)] 402967K->204582K(783360K), 0.0182610 secs] [Times: user=0.14 sys=0.00, real=0.02 secs] 
109.037: Total time for which application threads were stopped: 0.0184590 seconds, Stopping threads took: 0.0000940 seconds
109.103: Application time: 0.0657090 seconds
109.105: [GC [PSYoungGen: 238560K->33776K(238592K)] 409382K->222871K(783360K), 0.0232740 secs] [Times: user=0.18 sys=0.00, real=0.02 secs] 
109.129: Total time for which application threads were stopped: 0.0255970 seconds, Stopping threads took: 0.0022010 seconds
109.224: Application time: 0.0956630 seconds
109.224: [GC [PSYoungGen: 238576K->33792K(238592K)] 427671K->256934K(783360K), 0.0319810 secs] [Times: user=0.25 sys=0.00, real=0.03 secs] 
109.256: Total time for which application threads were stopped: 0.0322060 seconds, Stopping threads took: 0.0001080 seconds
109.345: Application time: 0.0885770 seconds
109.345: [GC [PSYoungGen: 238592K->33792K(238592K)] 461734K->267102K(783360K), 0.0211450 secs] [Times: user=0.16 sys=0.00, real=0.02 secs] 
109.366: Total time for which application threads were stopped: 0.0213410 seconds, Stopping threads took: 0.0000890 seconds
109.434: Application time: 0.0673250 seconds
109.434: [GC [PSYoungGen: 238592K->33792K(238592K)] 471902K->273668K(783360K), 0.0203390 secs] [Times: user=0.15 sys=0.00, real=0.02 secs] 
109.454: Total time for which application threads were stopped: 0.0205390 seconds, Stopping threads took: 0.0000950 seconds
109.520: Application time: 0.0662300 seconds
109.521: [GC [PSYoungGen: 238592K->33792K(238592K)] 478468K->293017K(783360K), 0.0260440 secs] [Times: user=0.21 sys=0.00, real=0.03 secs] 
109.547: Total time for which application threads were stopped: 0.0262340 seconds, Stopping threads took: 0.0000880 seconds
109.645: Application time: 0.0986040 seconds
109.645: [GC [PSYoungGen: 238592K->33792K(238592K)] 497817K->328049K(783360K), 0.0332260 secs] [Times: user=0.27 sys=0.00, real=0.03 secs] 
109.679: Total time for which application threads were stopped: 0.0334190 seconds, Stopping threads took: 0.0000860 seconds
109.764: Application time: 0.0853360 seconds
109.764: [GC [PSYoungGen: 238592K->33792K(238592K)] 532849K->337245K(783360K), 0.0213960 secs] [Times: user=0.17 sys=0.00, real=0.02 secs] 
109.786: Total time for which application threads were stopped: 0.0216120 seconds, Stopping threads took: 0.0000970 seconds
109.852: Application time: 0.0665190 seconds
109.852: [GC [PSYoungGen: 238592K->33776K(238592K)] 542045K->343490K(783360K), 0.0205190 secs] [Times: user=0.16 sys=0.00, real=0.02 secs] 
109.873: Total time for which application threads were stopped: 0.0207210 seconds, Stopping threads took: 0.0000960 seconds
109.940: Application time: 0.0670150 seconds
109.940: [GC [PSYoungGen: 238576K->33760K(238592K)] 548290K->363975K(783360K), 0.0271120 secs] [Times: user=0.20 sys=0.00, real=0.03 secs] 
109.967: Total time for which application threads were stopped: 0.0273260 seconds, Stopping threads took: 0.0001120 seconds
110.068: Application time: 0.1004280 seconds
110.068: [GC [PSYoungGen: 238560K->33760K(238592K)] 568775K->401497K(783360K), 0.0344660 secs] [Times: user=0.28 sys=0.00, real=0.04 secs] 
110.102: Total time for which application threads were stopped: 0.0346580 seconds, Stopping threads took: 0.0000910 seconds
110.185: Application time: 0.0824210 seconds
110.185: [GC [PSYoungGen: 238560K->33792K(238592K)] 606297K->409158K(783360K), 0.0210000 secs] [Times: user=0.16 sys=0.00, real=0.02 secs] 
110.206: Total time for which application threads were stopped: 0.0212000 seconds, Stopping threads took: 0.0000940 seconds
110.271: Application time: 0.0653750 seconds
110.272: [GC [PSYoungGen: 238592K->33776K(238592K)] 613958K->415639K(783360K), 0.0209940 secs] [Times: user=0.16 sys=0.00, real=0.02 secs] 
110.293: Total time for which application threads were stopped: 0.0212120 seconds, Stopping threads took: 0.0001000 seconds
110.362: Application time: 0.0696940 seconds
110.362: [GC [PSYoungGen: 238576K->33760K(238592K)] 620439K->441532K(783360K), 0.0285740 secs] [Times: user=0.22 sys=0.00, real=0.03 secs] 
110.391: Total time for which application threads were stopped: 0.0287690 seconds, Stopping threads took: 0.0000880 seconds
110.492: Application time: 0.1013680 seconds
110.493: [GC [PSYoungGen: 238560K->33776K(238592K)] 646332K->474889K(783360K), 0.0332540 secs] [Times: user=0.26 sys=0.00, real=0.03 secs] 
110.526: Total time for which application threads were stopped: 0.0334330 seconds, Stopping threads took: 0.0000730 seconds
110.606: Application time: 0.0800210 seconds
110.606: [GC [PSYoungGen: 238576K->33760K(238592K)] 679689K->483991K(783360K), 0.0214140 secs] [Times: user=0.17 sys=0.00, real=0.02 secs] 
110.627: Total time for which application threads were stopped: 0.0216080 seconds, Stopping threads took: 0.0000850 seconds
110.693: Application time: 0.0652180 seconds
110.693: [GC [PSYoungGen: 238560K->33760K(238592K)] 688791K->492027K(783360K), 0.0215770 secs] [Times: user=0.17 sys=0.00, real=0.02 secs] 
110.714: Total time for which application threads were stopped: 0.0217790 seconds, Stopping threads took: 0.0000950 seconds
110.787: Application time: 0.0729860 seconds
110.788: [GC [PSYoungGen: 238560K->33760K(238592K)] 696827K->521861K(783360K), 0.0304340 secs] [Times: user=0.24 sys=0.00, real=0.03 secs] 
110.818: Total time for which application threads were stopped: 0.0306430 seconds, Stopping threads took: 0.0000910 seconds
110.920: Application time: 0.1015350 seconds
110.920: [GC [PSYoungGen: 238560K->33776K(238592K)] 726661K->550419K(783360K), 0.0300800 secs] [Times: user=0.24 sys=0.00, real=0.04 secs] 
110.950: [Full GC [PSYoungGen: 33776K->0K(238592K)] [ParOldGen: 516643K->77130K(544768K)] 550419K->77130K(783360K) [PSPermGen: 8836K->8836K(21504K)], 0.0831540 secs] [Times: user=0.61 sys=0.00, real=0.08 secs] 
111.033: Total time for which application threads were stopped: 0.1135290 seconds, Stopping threads took: 0.0001180 seconds
111.111: Application time: 0.0774370 seconds
111.111: [GC [PSYoungGen: 204800K->8304K(238592K)] 281930K->85434K(783360K), 0.0034550 secs] [Times: user=0.03 sys=0.00, real=0.00 secs] 
111.114: Total time for which application threads were stopped: 0.0036700 seconds, Stopping threads took: 0.0001060 seconds
111.179: Application time: 0.0649010 seconds
111.179: [GC [PSYoungGen: 213104K->15456K(238592K)] 290234K->92586K(783360K), 0.0063480 secs] [Times: user=0.04 sys=0.00, real=0.01 secs] 
111.186: Total time for which application threads were stopped: 0.0065680 seconds, Stopping threads took: 0.0001100 seconds
111.262: Application time: 0.0763420 seconds
111.262: [GC [PSYoungGen: 220256K->33760K(238592K)] 297386K->129625K(783360K), 0.0206490 secs] [Times: user=0.16 sys=0.00, real=0.02 secs] 
111.283: Total time for which application threads were stopped: 0.0208350 seconds, Stopping threads took: 0.0000800 seconds
111.384: Application time: 0.1007930 seconds
111.384: [GC [PSYoungGen: 238560K->33776K(238592K)] 334425K->150200K(783360K), 0.0225410 secs] [Times: user=0.18 sys=0.00, real=0.02 secs] 
111.406: Total time for which application threads were stopped: 0.0227580 seconds, Stopping threads took: 0.0000930 seconds
111.481: Application time: 0.0741730 seconds
111.481: [GC [PSYoungGen: 238576K->33776K(238592K)] 355000K->155075K(783360K), 0.0169240 secs] [Times: user=0.14 sys=0.00, real=0.02 secs] 
111.498: Total time for which application threads were stopped: 0.0171310 seconds, Stopping threads took: 0.0000980 seconds
111.562: Application time: 0.0646280 seconds
111.563: [GC [PSYoungGen: 238576K->33776K(238592K)] 359875K->161227K(783360K), 0.0179300 secs] [Times: user=0.13 sys=0.00, real=0.01 secs] 
111.581: Total time for which application threads were stopped: 0.0181190 seconds, Stopping threads took: 0.0000830 seconds
111.661: Application time: 0.0806810 seconds
111.661: [GC [PSYoungGen: 238576K->33776K(238592K)] 366027K->204200K(783360K), 0.0328990 secs] [Times: user=0.26 sys=0.00, real=0.03 secs] 
111.694: Total time for which application threads were stopped: 0.0331170 seconds, Stopping threads took: 0.0001140 seconds
111.793: Application time: 0.0984050 seconds
111.793: [GC [PSYoungGen: 238576K->33776K(238592K)] 409000K->224467K(783360K), 0.0238930 secs] [Times: user=0.18 sys=0.00, real=0.02 secs] 
111.817: Total time for which application threads were stopped: 0.0241060 seconds, Stopping threads took: 0.0001040 seconds
111.889: Application time: 0.0721400 seconds
111.889: [GC [PSYoungGen: 238576K->33776K(238592K)] 429267K->230695K(783360K), 0.0194870 secs] [Times: user=0.15 sys=0.00, real=0.01 secs] 
111.909: Total time for which application threads were stopped: 0.0197050 seconds, Stopping threads took: 0.0000920 seconds
111.974: Application time: 0.0647920 seconds
111.974: [GC [PSYoungGen: 238576K->33792K(238592K)] 435495K->241122K(783360K), 0.0216150 secs] [Times: user=0.17 sys=0.00, real=0.02 secs] 
111.995: Total time for which application threads were stopped: 0.0218390 seconds, Stopping threads took: 0.0001140 seconds
112.082: Application time: 0.0867600 seconds
112.082: [GC [PSYoungGen: 238592K->33776K(238592K)] 445922K->285389K(783360K), 0.0364810 secs] [Times: user=0.29 sys=0.00, real=0.03 secs] 
112.119: Total time for which application threads were stopped: 0.0366730 seconds, Stopping threads took: 0.0000840 seconds
112.214: Application time: 0.0951410 seconds
112.214: [GC [PSYoungGen: 238576K->33760K(238592K)] 490189K->299421K(783360K), 0.0243710 secs] [Times: user=0.19 sys=0.00, real=0.02 secs] 
112.239: Total time for which application threads were stopped: 0.0245770 seconds, Stopping threads took: 0.0000860 seconds
112.309: Application time: 0.0709220 seconds
112.310: [GC [PSYoungGen: 238560K->33776K(238592K)] 504221K->305954K(783360K), 0.0278780 secs] [Times: user=0.19 sys=0.00, real=0.02 secs] 
112.338: Total time for which application threads were stopped: 0.0280790 seconds, Stopping threads took: 0.0000870 seconds
112.402: Application time: 0.0645640 seconds
112.402: [GC [PSYoungGen: 238576K->33760K(238592K)] 510754K->320974K(783360K), 0.0242940 secs] [Times: user=0.19 sys=0.00, real=0.02 secs] 
112.427: Total time for which application threads were stopped: 0.0244940 seconds, Stopping threads took: 0.0000760 seconds
112.517: Application time: 0.0908580 seconds
112.518: [GC [PSYoungGen: 238560K->33792K(238592K)] 525774K->361293K(783360K), 0.0367900 secs] [Times: user=0.30 sys=0.00, real=0.04 secs] 
112.554: Total time for which application threads were stopped: 0.0369670 seconds, Stopping threads took: 0.0000710 seconds
112.647: Application time: 0.0927410 seconds
112.647: [GC [PSYoungGen: 238592K->33792K(238592K)] 566093K->376269K(783360K), 0.0241680 secs] [Times: user=0.19 sys=0.00, real=0.03 secs] 
112.672: Total time for which application threads were stopped: 0.0243780 seconds, Stopping threads took: 0.0001000 seconds
112.741: Application time: 0.0699400 seconds
112.742: [GC [PSYoungGen: 238592K->33760K(238592K)] 581069K->382876K(783360K), 0.0217850 secs] [Times: user=0.17 sys=0.00, real=0.02 secs] 
112.763: Total time for which application threads were stopped: 0.0220090 seconds, Stopping threads took: 0.0001160 seconds
112.827: Application time: 0.0640190 seconds
112.828: [GC [PSYoungGen: 238560K->33776K(238592K)] 587676K->399226K(783360K), 0.0250680 secs] [Times: user=0.19 sys=0.00, real=0.03 secs] 
112.853: Total time for which application threads were stopped: 0.0252400 seconds, Stopping threads took: 0.0000650 seconds
112.947: Application time: 0.0941140 seconds
112.947: [GC [PSYoungGen: 238576K->33776K(238592K)] 604026K->436173K(783360K), 0.0330780 secs] [Times: user=0.26 sys=0.00, real=0.03 secs] 
112.980: Total time for which application threads were stopped: 0.0332860 seconds, Stopping threads took: 0.0000880 seconds
113.070: Application time: 0.0897820 seconds
113.070: [GC [PSYoungGen: 238576K->33760K(238592K)] 640973K->449521K(783360K), 0.0235910 secs] [Times: user=0.19 sys=0.00, real=0.02 secs] 
113.094: Total time for which application threads were stopped: 0.0237740 seconds, Stopping threads took: 0.0000700 seconds
113.162: Application time: 0.0686510 seconds
113.163: [GC [PSYoungGen: 238560K->33792K(238592K)] 654321K->455857K(783360K), 0.0217130 secs] [Times: user=0.17 sys=0.00, real=0.02 secs] 
113.184: Total time for which application threads were stopped: 0.0219290 seconds, Stopping threads took: 0.0001080 seconds
113.250: Application time: 0.0654630 seconds
113.250: [GC [PSYoungGen: 238592K->33760K(238592K)] 660657K->473155K(783360K), 0.0261780 secs] [Times: user=0.20 sys=0.00, real=0.02 secs] 
113.276: Total time for which application threads were stopped: 0.0263590 seconds, Stopping threads took: 0.0000730 seconds
113.373: Application time: 0.0970950 seconds
113.373: [GC [PSYoungGen: 238560K->33760K(238592K)] 677955K->512065K(783360K), 0.0342530 secs] [Times: user=0.27 sys=0.00, real=0.03 secs] 
113.408: Total time for which application threads were stopped: 0.0344460 seconds, Stopping threads took: 0.0000830 seconds
113.494: Application time: 0.0864840 seconds
113.494: [GC [PSYoungGen: 238560K->33760K(238592K)] 716865K->523421K(783360K), 0.0228180 secs] [Times: user=0.18 sys=0.00, real=0.02 secs] 
113.517: Total time for which application threads were stopped: 0.0230250 seconds, Stopping threads took: 0.0000820 seconds
113.585: Application time: 0.0674380 seconds
113.585: [GC [PSYoungGen: 238560K->33760K(238592K)] 728221K->529877K(783360K), 0.0219890 secs] [Times: user=0.17 sys=0.00, real=0.02 secs] 
113.607: Total time for which application threads were stopped: 0.0221920 seconds, Stopping threads took: 0.0000960 seconds
113.674: Application time: 0.0671760 seconds
113.674: [GC [PSYoungGen: 238560K->33760K(238592K)] 734677K->548387K(783360K), 0.0264650 secs] [Times: user=0.21 sys=0.00, real=0.02 secs] 
113.701: [Full GC [PSYoungGen: 33760K->0K(238592K)] [ParOldGen: 514627K->77414K(544768K)] 548387K->77414K(783360K) [PSPermGen: 8836K->8836K(21504K)], 0.0826430 secs] [Times: user=0.61 sys=0.00, real=0.09 secs] 
113.783: Total time for which application threads were stopped: 0.1093790 seconds, Stopping threads took: 0.0001020 seconds
113.883: Application time: 0.0993650 seconds
113.883: [GC [PSYoungGen: 204800K->33776K(238592K)] 282214K->117510K(783360K), 0.0167260 secs] [Times: user=0.13 sys=0.00, real=0.01 secs] 
113.900: Total time for which application threads were stopped: 0.0169590 seconds, Stopping threads took: 0.0001270 seconds
113.983: Application time: 0.0832640 seconds
113.983: [GC [PSYoungGen: 238576K->33776K(238592K)] 322310K->124529K(783360K), 0.0161400 secs] [Times: user=0.12 sys=0.00, real=0.01 secs] 
113.999: Total time for which application threads were stopped: 0.0163270 seconds, Stopping threads took: 0.0000810 seconds
114.066: Application time: 0.0670840 seconds
114.067: [GC [PSYoungGen: 238576K->33792K(238592K)] 329329K->130882K(783360K), 0.0165410 secs] [Times: user=0.13 sys=0.00, real=0.02 secs] 
114.083: Total time for which application threads were stopped: 0.0167940 seconds, Stopping threads took: 0.0001290 seconds
114.152: Application time: 0.0687170 seconds
114.152: [GC [PSYoungGen: 238592K->33776K(238592K)] 335682K->155403K(783360K), 0.0238180 secs] [Times: user=0.19 sys=0.00, real=0.02 secs] 
114.176: Total time for which application threads were stopped: 0.0240310 seconds, Stopping threads took: 0.0001050 seconds
114.277: Application time: 0.1012540 seconds
114.280: [GC [PSYoungGen: 238576K->33776K(238592K)] 360203K->191269K(783360K), 0.0285660 secs] [Times: user=0.23 sys=0.00, real=0.04 secs] 
114.309: Total time for which application threads were stopped: 0.0319130 seconds, Stopping threads took: 0.0032270 seconds
114.389: Application time: 0.0801670 seconds
114.389: [GC [PSYoungGen: 238576K->33776K(238592K)] 396069K->200101K(783360K), 0.0175100 secs] [Times: user=0.13 sys=0.00, real=0.01 secs] 
114.407: Total time for which application threads were stopped: 0.0177130 seconds, Stopping threads took: 0.0000890 seconds
114.473: Application time: 0.0656980 seconds
114.477: [GC [PSYoungGen: 238576K->33760K(238592K)] 404901K->205857K(783360K), 0.0168960 secs] [Times: user=0.13 sys=0.00, real=0.02 secs] 
114.494: Total time for which application threads were stopped: 0.0214320 seconds, Stopping threads took: 0.0044300 seconds
114.566: Application time: 0.0714820 seconds
114.566: [GC [PSYoungGen: 238560K->33776K(238592K)] 410657K->237005K(783360K), 0.0268180 secs] [Times: user=0.21 sys=0.00, real=0.03 secs] 
114.593: Total time for which application threads were stopped: 0.0270080 seconds, Stopping threads took: 0.0000850 seconds
114.695: Application time: 0.1020610 seconds
114.695: [GC [PSYoungGen: 238576K->33776K(238592K)] 441805K->265289K(783360K), 0.0261540 secs] [Times: user=0.20 sys=0.00, real=0.02 secs] 
114.721: Total time for which application threads were stopped: 0.0263620 seconds, Stopping threads took: 0.0000860 seconds
114.799: Application time: 0.0776990 seconds
114.799: [GC [PSYoungGen: 238576K->33776K(238592K)] 470089K->271061K(783360K), 0.0168430 secs] [Times: user=0.13 sys=0.00, real=0.02 secs] 
114.816: Total time for which application threads were stopped: 0.0170800 seconds, Stopping threads took: 0.0001290 seconds
114.881: Application time: 0.0653360 seconds
114.885: [GC [PSYoungGen: 238576K->33760K(238592K)] 475861K->276544K(783360K), 0.0175120 secs] [Times: user=0.14 sys=0.00, real=0.02 secs] 
114.903: Total time for which application threads were stopped: 0.0215650 seconds, Stopping threads took: 0.0039450 seconds
114.978: Application time: 0.0755360 seconds
114.978: [GC [PSYoungGen: 238560K->33776K(238592K)] 481344K->313304K(783360K), 0.0296250 secs] [Times: user=0.24 sys=0.00, real=0.03 secs] 
115.008: Total time for which application threads were stopped: 0.0298100 seconds, Stopping threads took: 0.0000700 seconds
115.109: Application time: 0.1011310 seconds
115.109: [GC [PSYoungGen: 238576K->33776K(238592K)] 518104K->335764K(783360K), 0.0254550 secs] [Times: user=0.19 sys=0.00, real=0.02 secs] 
115.135: Total time for which application threads were stopped: 0.0256570 seconds, Stopping threads took: 0.0000900 seconds
115.210: Application time: 0.0754460 seconds
115.210: [GC [PSYoungGen: 238576K->33760K(238592K)] 540564K->341796K(783360K), 0.0179610 secs] [Times: user=0.14 sys=0.00, real=0.01 secs] 
115.228: Total time for which application threads were stopped: 0.0181690 seconds, Stopping threads took: 0.0000860 seconds
115.293: Application time: 0.0643330 seconds
115.293: [GC [PSYoungGen: 238560K->33776K(238592K)] 546596K->347755K(783360K), 0.0184090 secs] [Times: user=0.14 sys=0.00, real=0.02 secs] 
115.311: Total time for which application threads were stopped: 0.0186050 seconds, Stopping threads took: 0.0000910 seconds
115.392: Application time: 0.0802360 seconds
115.392: [GC [PSYoungGen: 238576K->33776K(238592K)] 552555K->391191K(783360K), 0.0338140 secs] [Times: user=0.26 sys=0.00, real=0.03 secs] 
115.426: Total time for which application threads were stopped: 0.0340100 seconds, Stopping threads took: 0.0000920 seconds
115.524: Application time: 0.0984120 seconds
115.524: [GC [PSYoungGen: 238576K->33776K(238592K)] 595991K->407423K(783360K), 0.0242060 secs] [Times: user=0.19 sys=0.00, real=0.02 secs] 
115.549: Total time for which application threads were stopped: 0.0244230 seconds, Stopping threads took: 0.0001070 seconds
115.622: Application time: 0.0731230 seconds
115.622: [GC [PSYoungGen: 238576K->33760K(238592K)] 612223K->414043K(783360K), 0.0199830 secs] [Times: user=0.16 sys=0.00, real=0.02 secs] 
115.642: Total time for which application threads were stopped: 0.0201670 seconds, Stopping threads took: 0.0000770 seconds
115.707: Application time: 0.0648240 seconds
115.707: [GC [PSYoungGen: 238560K->33776K(238592K)] 618843K->423702K(783360K), 0.0213250 secs] [Times: user=0.16 sys=0.00, real=0.02 secs] 
115.728: Total time for which application threads were stopped: 0.0215130 seconds, Stopping threads took: 0.0000820 seconds
115.812: Application time: 0.0843450 seconds
115.813: [GC [PSYoungGen: 238576K->33792K(238592K)] 628502K->464175K(783360K), 0.0348550 secs] [Times: user=0.27 sys=0.00, real=0.03 secs] 
115.848: Total time for which application threads were stopped: 0.0350660 seconds, Stopping threads took: 0.0000930 seconds
115.944: Application time: 0.0960390 seconds
115.944: [GC [PSYoungGen: 238592K->33776K(238592K)] 668975K->476430K(783360K), 0.0247110 secs] [Times: user=0.19 sys=0.00, real=0.02 secs] 
115.969: Total time for which application threads were stopped: 0.0249100 seconds, Stopping threads took: 0.0000910 seconds
116.040: Application time: 0.0715570 seconds
116.041: [GC [PSYoungGen: 238576K->33776K(238592K)] 681230K->483099K(783360K), 0.0211490 secs] [Times: user=0.16 sys=0.00, real=0.02 secs] 
116.062: Total time for which application threads were stopped: 0.0223110 seconds, Stopping threads took: 0.0010510 seconds
116.127: Application time: 0.0644630 seconds
116.127: [GC [PSYoungGen: 238576K->33760K(238592K)] 687899K->493467K(783360K), 0.0229850 secs] [Times: user=0.18 sys=0.00, real=0.03 secs] 
116.150: Total time for which application threads were stopped: 0.0231680 seconds, Stopping threads took: 0.0000760 seconds
116.239: Application time: 0.0892900 seconds
116.239: [GC [PSYoungGen: 238560K->33792K(238592K)] 698267K->534182K(783360K), 0.0354050 secs] [Times: user=0.28 sys=0.00, real=0.04 secs] 
116.275: [Full GC [PSYoungGen: 33792K->0K(238592K)] [ParOldGen: 500390K->77806K(544768K)] 534182K->77806K(783360K) [PSPermGen: 8836K->8836K(21504K)], 0.0838100 secs] [Times: user=0.61 sys=0.00, real=0.08 secs] 
116.359: Total time for which application threads were stopped: 0.1194830 seconds, Stopping threads took: 0.0000900 seconds
116.451: Application time: 0.0923330 seconds
116.451: [GC [PSYoungGen: 204800K->17056K(238592K)] 282606K->94862K(783360K), 0.0069500 secs] [Times: user=0.05 sys=0.00, real=0.00 secs] 
116.458: Total time for which application threads were stopped: 0.0071910 seconds, Stopping threads took: 0.0001170 seconds
116.530: Application time: 0.0711740 seconds
116.530: [GC [PSYoungGen: 221856K->23152K(238592K)] 299662K->100958K(783360K), 0.0091280 secs] [Times: user=0.07 sys=0.00, real=0.00 secs] 
116.539: Total time for which application threads were stopped: 0.0093090 seconds, Stopping threads took: 0.0000720 seconds
116.604: Application time: 0.0650910 seconds
116.604: [GC [PSYoungGen: 227952K->33776K(238592K)] 305758K->117680K(783360K), 0.0151930 secs] [Times: user=0.11 sys=0.00, real=0.01 secs] 
116.619: Total time for which application threads were stopped: 0.0153920 seconds, Stopping threads took: 0.0000910 seconds
116.712: Application time: 0.0928740 seconds
116.712: [GC [PSYoungGen: 238576K->33760K(238592K)] 322480K->153296K(783360K), 0.0280350 secs] [Times: user=0.22 sys=0.00, real=0.02 secs] 
116.740: Total time for which application threads were stopped: 0.0282380 seconds, Stopping threads took: 0.0000940 seconds
116.829: Application time: 0.0887220 seconds
116.829: [GC [PSYoungGen: 238560K->33776K(238592K)] 358096K->166054K(783360K), 0.0199590 secs] [Times: user=0.16 sys=0.00, real=0.02 secs] 
116.849: Total time for which application threads were stopped: 0.0201500 seconds, Stopping threads took: 0.0000830 seconds
116.919: Application time: 0.0700770 seconds
116.920: [GC [PSYoungGen: 238576K->33760K(238592K)] 370854K->172101K(783360K), 0.0181850 secs] [Times: user=0.15 sys=0.00, real=0.02 secs] 
116.938: Total time for which application threads were stopped: 0.0184110 seconds, Stopping threads took: 0.0001190 seconds
117.004: Application time: 0.0667020 seconds
117.005: [GC [PSYoungGen: 238560K->33760K(238592K)] 376901K->190951K(783360K), 0.0233710 secs] [Times: user=0.18 sys=0.00, real=0.02 secs] 
117.028: Total time for which application threads were stopped: 0.0235810 seconds, Stopping threads took: 0.0000850 seconds
117.123: Application time: 0.0947750 seconds
117.123: [GC [PSYoungGen: 238560K->33760K(238592K)] 395751K->226109K(783360K), 0.0312320 secs] [Times: user=0.25 sys=0.00, real=0.03 secs] 
117.154: Total time for which application threads were stopped: 0.0314390 seconds, Stopping threads took: 0.0000980 seconds
117.241: Application time: 0.0862790 seconds
117.241: [GC [PSYoungGen: 238560K->33776K(238592K)] 430909K->233153K(783360K), 0.0195680 secs] [Times: user=0.15 sys=0.00, real=0.02 secs] 
117.260: Total time for which application threads were stopped: 0.0197810 seconds, Stopping threads took: 0.0001030 seconds
117.329: Application time: 0.0688640 seconds
117.329: [GC [PSYoungGen: 238576K->33776K(238592K)] 437953K->239714K(783360K), 0.0197240 secs] [Times: user=0.15 sys=0.00, real=0.02 secs] 
117.349: Total time for which application threads were stopped: 0.0199350 seconds, Stopping threads took: 0.0001040 seconds
117.417: Application time: 0.0677970 seconds
117.417: [GC [PSYoungGen: 238576K->33776K(238592K)] 444514K->259563K(783360K), 0.0252190 secs] [Times: user=0.20 sys=0.00, real=0.03 secs] 
117.442: Total time for which application threads were stopped: 0.0254260 seconds, Stopping threads took: 0.0000980 seconds
117.540: Application time: 0.0972520 seconds
117.540: [GC [PSYoungGen: 238576K->33760K(238592K)] 464363K->293612K(783360K), 0.0322190 secs] [Times: user=0.25 sys=0.00, real=0.04 secs] 
117.572: Total time for which application threads were stopped: 0.0324360 seconds, Stopping threads took: 0.0000960 seconds
117.656: Application time: 0.0842400 seconds
117.656: [GC [PSYoungGen: 238560K->33760K(238592K)] 498412K->305452K(783360K), 0.0220630 secs] [Times: user=0.17 sys=0.00, real=0.02 secs] 
117.679: Total time for which application threads were stopped: 0.0222610 seconds, Stopping threads took: 0.0000870 seconds
117.746: Application time: 0.0673940 seconds
117.746: [GC [PSYoungGen: 238560K->33776K(238592K)] 510252K->308984K(783360K), 0.0194870 secs] [Times: user=0.15 sys=0.00, real=0.02 secs] 
117.766: Total time for which application threads were stopped: 0.0196990 seconds, Stopping threads took: 0.0000960 seconds
117.836: Application time: 0.0701160 seconds
117.836: [GC [PSYoungGen: 238576K->33776K(238592K)] 513784K->333558K(783360K), 0.0279500 secs] [Times: user=0.20 sys=0.00, real=0.03 secs] 
117.864: Total time for which application threads were stopped: 0.0281430 seconds, Stopping threads took: 0.0000860 seconds
117.962: Application time: 0.0979300 seconds
117.962: [GC [PSYoungGen: 238576K->33776K(238592K)] 538358K->365041K(783360K), 0.0336140 secs] [Times: user=0.25 sys=0.00, real=0.03 secs] 
117.996: Total time for which application threads were stopped: 0.0338080 seconds, Stopping threads took: 0.0000870 seconds
118.077: Application time: 0.0813100 seconds
118.077: [GC [PSYoungGen: 238576K->33760K(238592K)] 569841K->377591K(783360K), 0.0228690 secs] [Times: user=0.18 sys=0.00, real=0.02 secs] 
118.100: Total time for which application threads were stopped: 0.0230820 seconds, Stopping threads took: 0.0000860 seconds
118.166: Application time: 0.0663600 seconds
118.167: [GC [PSYoungGen: 238560K->33760K(238592K)] 582391K->382820K(783360K), 0.0205370 secs] [Times: user=0.16 sys=0.00, real=0.02 secs] 
118.187: Total time for which application threads were stopped: 0.0207440 seconds, Stopping threads took: 0.0001000 seconds
118.260: Application time: 0.0724230 seconds
118.260: [GC [PSYoungGen: 238560K->33760K(238592K)] 587620K->409616K(783360K), 0.0279120 secs] [Times: user=0.22 sys=0.00, real=0.03 secs] 
118.288: Total time for which application threads were stopped: 0.0281200 seconds, Stopping threads took: 0.0001020 seconds
118.386: Application time: 0.0986140 seconds
118.387: [GC [PSYoungGen: 238560K->33776K(238592K)] 614416K->437595K(783360K), 0.0300540 secs] [Times: user=0.24 sys=0.00, real=0.03 secs] 
118.417: Total time for which application threads were stopped: 0.0302510 seconds, Stopping threads took: 0.0000890 seconds
118.495: Application time: 0.0787090 seconds
118.495: [GC [PSYoungGen: 238576K->33760K(238592K)] 642395K->445155K(783360K), 0.0209150 secs] [Times: user=0.16 sys=0.00, real=0.02 secs] 
118.516: Total time for which application threads were stopped: 0.0211060 seconds, Stopping threads took: 0.0000860 seconds
118.582: Application time: 0.0657560 seconds
118.582: [GC [PSYoungGen: 238560K->33776K(238592K)] 649955K->450491K(783360K), 0.0219970 secs] [Times: user=0.17 sys=0.00, real=0.02 secs] 
118.604: Total time for which application threads were stopped: 0.0221970 seconds, Stopping threads took: 0.0000870 seconds
118.680: Application time: 0.0752760 seconds
118.680: [GC [PSYoungGen: 238576K->33776K(238592K)] 655291K->487178K(783360K), 0.0322560 secs] [Times: user=0.25 sys=0.00, real=0.04 secs] 
118.712: Total time for which application threads were stopped: 0.0324560 seconds, Stopping threads took: 0.0000920 seconds
118.813: Application time: 0.1009760 seconds
118.817: [GC [PSYoungGen: 238576K->33776K(238592K)] 691978K->512528K(783360K), 0.0283050 secs] [Times: user=0.23 sys=0.00, real=0.03 secs] 
118.846: Total time for which application threads were stopped: 0.0324000 seconds, Stopping threads took: 0.0039850 seconds
118.920: Application time: 0.0748970 seconds
118.921: [GC [PSYoungGen: 238576K->33776K(238592K)] 717328K->517372K(783360K), 0.0196140 secs] [Times: user=0.15 sys=0.00, real=0.02 secs] 
118.940: Total time for which application threads were stopped: 0.0198650 seconds, Stopping threads took: 0.0001390 seconds
119.006: Application time: 0.0654910 seconds
119.006: [GC [PSYoungGen: 238576K->33776K(238592K)] 722172K->523880K(783360K), 0.0211040 secs] [Times: user=0.17 sys=0.00, real=0.02 secs] 
119.027: Total time for which application threads were stopped: 0.0212990 seconds, Stopping threads took: 0.0000880 seconds
119.106: Application time: 0.0793900 seconds
119.107: [GC [PSYoungGen: 238576K->33776K(238592K)] 728680K->562803K(783360K), 0.0344030 secs] [Times: user=0.26 sys=0.01, real=0.04 secs] 
119.141: [Full GC [PSYoungGen: 33776K->0K(238592K)] [ParOldGen: 529027K->74492K(544768K)] 562803K->74492K(783360K) [PSPermGen: 8837K->8837K(21504K)], 0.0781720 secs] [Times: user=0.56 sys=0.00, real=0.07 secs] 
119.219: Total time for which application threads were stopped: 0.1128860 seconds, Stopping threads took: 0.0000990 seconds
119.318: Application time: 0.0991530 seconds
119.319: [GC [PSYoungGen: 204800K->21984K(238592K)] 279292K->96476K(783360K), 0.0092840 secs] [Times: user=0.07 sys=0.00, real=0.01 secs] 
119.328: Total time for which application threads were stopped: 0.0094930 seconds, Stopping threads took: 0.0001020 seconds
119.401: Application time: 0.0727470 seconds
119.401: [GC [PSYoungGen: 226784K->27920K(238592K)] 301276K->102412K(783360K), 0.0108850 secs] [Times: user=0.08 sys=0.00, real=0.02 secs] 
119.412: Total time for which application threads were stopped: 0.0110990 seconds, Stopping threads took: 0.0001060 seconds
119.477: Application time: 0.0655010 seconds
119.481: [GC [PSYoungGen: 232720K->33792K(238592K)] 307212K->113692K(783360K), 0.0150620 secs] [Times: user=0.11 sys=0.00, real=0.01 secs] 
119.496: Total time for which application threads were stopped: 0.0189160 seconds, Stopping threads took: 0.0037440 seconds
119.581: Application time: 0.0844750 seconds
119.581: [GC [PSYoungGen: 238592K->33792K(238592K)] 318492K->148730K(783360K), 0.0282440 secs] [Times: user=0.22 sys=0.00, real=0.04 secs] 
119.609: Total time for which application threads were stopped: 0.0284390 seconds, Stopping threads took: 0.0000890 seconds
119.705: Application time: 0.0954470 seconds
119.705: [GC [PSYoungGen: 238592K->33776K(238592K)] 353530K->163853K(783360K), 0.0201400 secs] [Times: user=0.15 sys=0.00, real=0.02 secs] 
119.725: Total time for which application threads were stopped: 0.0203480 seconds, Stopping threads took: 0.0000830 seconds
119.796: Application time: 0.0714940 seconds
119.797: [GC [PSYoungGen: 238576K->33760K(238592K)] 368653K->170436K(783360K), 0.0174380 secs] [Times: user=0.14 sys=0.00, real=0.02 secs] 
119.814: Total time for which application threads were stopped: 0.0177850 seconds, Stopping threads took: 0.0002390 seconds
119.881: Application time: 0.0669160 seconds
119.881: [GC [PSYoungGen: 238560K->33792K(238592K)] 375236K->185363K(783360K), 0.0201790 secs] [Times: user=0.16 sys=0.00, real=0.02 secs] 
119.902: Total time for which application threads were stopped: 0.0203830 seconds, Stopping threads took: 0.0000930 seconds
119.988: Application time: 0.0863240 seconds
119.988: [GC [PSYoungGen: 238592K->33792K(238592K)] 390163K->224548K(783360K), 0.0309690 secs] [Times: user=0.24 sys=0.00, real=0.03 secs] 
120.019: Total time for which application threads were stopped: 0.0311740 seconds, Stopping threads took: 0.0001000 seconds
120.111: Application time: 0.0922260 seconds
120.111: [GC [PSYoungGen: 238592K->33792K(238592K)] 429348K->237192K(783360K), 0.0204030 secs] [Times: user=0.16 sys=0.00, real=0.02 secs] 
120.132: Total time for which application threads were stopped: 0.0206160 seconds, Stopping threads took: 0.0001020 seconds
120.203: Application time: 0.0715350 seconds
120.204: [GC [PSYoungGen: 238592K->33792K(238592K)] 441992K->243956K(783360K), 0.0188090 secs] [Times: user=0.14 sys=0.00, real=0.02 secs] 
120.222: Total time for which application threads were stopped: 0.0190070 seconds, Stopping threads took: 0.0000870 seconds
120.290: Application time: 0.0670920 seconds
120.290: [GC [PSYoungGen: 238592K->33792K(238592K)] 448756K->260897K(783360K), 0.0229900 secs] [Times: user=0.17 sys=0.00, real=0.02 secs] 
120.313: Total time for which application threads were stopped: 0.0231970 seconds, Stopping threads took: 0.0000860 seconds
120.403: Application time: 0.0900120 seconds
120.403: [GC [PSYoungGen: 238592K->33760K(238592K)] 465697K->298204K(783360K), 0.0322920 secs] [Times: user=0.26 sys=0.00, real=0.03 secs] 
120.435: Total time for which application threads were stopped: 0.0324810 seconds, Stopping threads took: 0.0000760 seconds
120.524: Application time: 0.0891270 seconds
120.525: [GC [PSYoungGen: 238560K->33760K(238592K)] 503004K->309164K(783360K), 0.0208050 secs] [Times: user=0.16 sys=0.00, real=0.02 secs] 
120.545: Total time for which application threads were stopped: 0.0210150 seconds, Stopping threads took: 0.0001010 seconds
120.616: Application time: 0.0705240 seconds
120.616: [GC [PSYoungGen: 238560K->33776K(238592K)] 513964K->316151K(783360K), 0.0196440 secs] [Times: user=0.15 sys=0.00, real=0.02 secs] 
120.636: Total time for which application threads were stopped: 0.0198570 seconds, Stopping threads took: 0.0001050 seconds
120.703: Application time: 0.0674020 seconds
120.703: [GC [PSYoungGen: 238576K->33792K(238592K)] 520951K->334060K(783360K), 0.0245100 secs] [Times: user=0.19 sys=0.00, real=0.02 secs] 
120.728: Total time for which application threads were stopped: 0.0247000 seconds, Stopping threads took: 0.0000820 seconds
120.822: Application time: 0.0939840 seconds
120.822: [GC [PSYoungGen: 238592K->33776K(238592K)] 538860K->368346K(783360K), 0.0325620 secs] [Times: user=0.26 sys=0.00, real=0.03 secs] 
120.855: Total time for which application threads were stopped: 0.0327920 seconds, Stopping threads took: 0.0001060 seconds
120.941: Application time: 0.0864140 seconds
120.941: [GC [PSYoungGen: 238576K->33776K(238592K)] 573146K->373670K(783360K), 0.0221620 secs] [Times: user=0.17 sys=0.00, real=0.02 secs] 
120.963: Total time for which application threads were stopped: 0.0223720 seconds, Stopping threads took: 0.0001050 seconds
121.032: Application time: 0.0685600 seconds
121.032: [GC [PSYoungGen: 238576K->33760K(238592K)] 578470K->382600K(783360K), 0.0222390 secs] [Times: user=0.17 sys=0.00, real=0.02 secs] 
121.054: Total time for which application threads were stopped: 0.0224400 seconds, Stopping threads took: 0.0000940 seconds
121.123: Application time: 0.0689080 seconds
121.124: [GC [PSYoungGen: 238560K->33776K(238592K)] 587400K->399035K(783360K), 0.0252810 secs] [Times: user=0.20 sys=0.00, real=0.02 secs] 
121.149: Total time for which application threads were stopped: 0.0254900 seconds, Stopping threads took: 0.0001000 seconds
121.245: Application time: 0.0966170 seconds
121.246: [GC [PSYoungGen: 238576K->33776K(238592K)] 603835K->433769K(783360K), 0.0325850 secs] [Times: user=0.25 sys=0.00, real=0.03 secs] 
121.278: Total time for which application threads were stopped: 0.0327850 seconds, Stopping threads took: 0.0000900 seconds
121.361: Application time: 0.0828370 seconds
121.361: [GC [PSYoungGen: 238576K->33776K(238592K)] 638569K->440769K(783360K), 0.0215890 secs] [Times: user=0.16 sys=0.00, real=0.02 secs] 
121.383: Total time for which application threads were stopped: 0.0217950 seconds, Stopping threads took: 0.0000850 seconds
121.451: Application time: 0.0682840 seconds
121.451: [GC [PSYoungGen: 238576K->33760K(238592K)] 645569K->449409K(783360K), 0.0224020 secs] [Times: user=0.18 sys=0.00, real=0.02 secs] 
121.474: Total time for which application threads were stopped: 0.0226240 seconds, Stopping threads took: 0.0001120 seconds
121.545: Application time: 0.0707460 seconds
121.545: [GC [PSYoungGen: 238560K->33776K(238592K)] 654209K->469635K(783360K), 0.0274540 secs] [Times: user=0.22 sys=0.00, real=0.03 secs] 
121.572: Total time for which application threads were stopped: 0.0276390 seconds, Stopping threads took: 0.0000800 seconds
121.670: Application time: 0.0978870 seconds
121.670: [GC [PSYoungGen: 238576K->33776K(238592K)] 674435K->501768K(783360K), 0.0331040 secs] [Times: user=0.25 sys=0.00, real=0.03 secs] 
121.703: Total time for which application threads were stopped: 0.0333070 seconds, Stopping threads took: 0.0000940 seconds
121.784: Application time: 0.0808100 seconds
121.784: [GC [PSYoungGen: 238576K->33760K(238592K)] 706568K->512670K(783360K), 0.0232500 secs] [Times: user=0.17 sys=0.00, real=0.02 secs] 
121.808: Total time for which application threads were stopped: 0.0235070 seconds, Stopping threads took: 0.0001470 seconds
121.876: Application time: 0.0678150 seconds
121.876: [GC [PSYoungGen: 238560K->33760K(238592K)] 717470K->519791K(783360K), 0.0223530 secs] [Times: user=0.18 sys=0.00, real=0.02 secs] 
121.898: Total time for which application threads were stopped: 0.0225790 seconds, Stopping threads took: 0.0000970 seconds
121.971: Application time: 0.0728690 seconds
121.971: [GC [PSYoungGen: 238560K->33760K(238592K)] 724591K->545087K(783360K), 0.0315240 secs] [Times: user=0.25 sys=0.00, real=0.03 secs] 
122.003: [Full GC [PSYoungGen: 33760K->0K(238592K)] [ParOldGen: 511327K->73325K(544768K)] 545087K->73325K(783360K) [PSPermGen: 8838K->8838K(21504K)], 0.0773750 secs] [Times: user=0.56 sys=0.00, real=0.07 secs] 
122.080: Total time for which application threads were stopped: 0.1091670 seconds, Stopping threads took: 0.0000910 seconds
122.177: Application time: 0.0971590 seconds
122.177: [GC [PSYoungGen: 204800K->33520K(238592K)] 278125K->106845K(783360K), 0.0140970 secs] [Times: user=0.11 sys=0.00, real=0.02 secs] 
122.192: Total time for which application threads were stopped: 0.0142880 seconds, Stopping threads took: 0.0000840 seconds
122.270: Application time: 0.0786290 seconds
122.270: [GC [PSYoungGen: 238320K->33760K(238592K)] 311645K->114441K(783360K), 0.0158360 secs] [Times: user=0.13 sys=0.00, real=0.01 secs] 
122.286: Total time for which application threads were stopped: 0.0160540 seconds, Stopping threads took: 0.0001100 seconds
122.353: Application time: 0.0669560 seconds
122.353: [GC [PSYoungGen: 238560K->33776K(238592K)] 319241K->123280K(783360K), 0.0170660 secs] [Times: user=0.14 sys=0.00, real=0.02 secs] 
122.371: Total time for which application threads were stopped: 0.0172640 seconds, Stopping threads took: 0.0000900 seconds
122.446: Application time: 0.0752220 seconds
122.446: [GC [PSYoungGen: 238576K->33776K(238592K)] 328080K->151881K(783360K), 0.0253950 secs] [Times: user=0.20 sys=0.00, real=0.03 secs] 
122.471: Total time for which application threads were stopped: 0.0256210 seconds, Stopping threads took: 0.0001050 seconds
122.568: Application time: 0.0970080 seconds
122.569: [GC [PSYoungGen: 238576K->33792K(238592K)] 356681K->177304K(783360K), 0.0245760 secs] [Times: user=0.20 sys=0.00, real=0.03 secs] 
122.593: Total time for which application threads were stopped: 0.0247440 seconds, Stopping threads took: 0.0000600 seconds
122.670: Application time: 0.0772000 seconds
122.670: [GC [PSYoungGen: 238592K->33776K(238592K)] 382104K->188305K(783360K), 0.0185990 secs] [Times: user=0.15 sys=0.00, real=0.02 secs] 
122.689: Total time for which application threads were stopped: 0.0188050 seconds, Stopping threads took: 0.0000960 seconds
122.757: Application time: 0.0675750 seconds
122.757: [GC [PSYoungGen: 238576K->33776K(238592K)] 393105K->199867K(783360K), 0.0193750 secs] [Times: user=0.15 sys=0.00, real=0.02 secs] 
122.776: Total time for which application threads were stopped: 0.0195930 seconds, Stopping threads took: 0.0001100 seconds
122.854: Application time: 0.0779610 seconds
122.854: [GC [PSYoungGen: 238576K->33760K(238592K)] 404667K->234353K(783360K), 0.0285540 secs] [Times: user=0.22 sys=0.00, real=0.03 secs] 
122.883: Total time for which application threads were stopped: 0.0287710 seconds, Stopping threads took: 0.0001130 seconds
122.978: Application time: 0.0953340 seconds
122.979: [GC [PSYoungGen: 238560K->33776K(238592K)] 439153K->253007K(783360K), 0.0236990 secs] [Times: user=0.19 sys=0.00, real=0.03 secs] 
123.002: Total time for which application threads were stopped: 0.0239180 seconds, Stopping threads took: 0.0000910 seconds
123.078: Application time: 0.0753460 seconds
123.078: [GC [PSYoungGen: 238576K->33760K(238592K)] 457807K->262371K(783360K), 0.0187160 secs] [Times: user=0.15 sys=0.00, real=0.02 secs] 
123.097: Total time for which application threads were stopped: 0.0189400 seconds, Stopping threads took: 0.0001130 seconds
123.164: Application time: 0.0678290 seconds
123.165: [GC [PSYoungGen: 238560K->33776K(238592K)] 467171K->272702K(783360K), 0.0195800 secs] [Times: user=0.16 sys=0.00, real=0.02 secs] 
123.184: Total time for which application threads were stopped: 0.0197930 seconds, Stopping threads took: 0.0001040 seconds
123.266: Application time: 0.0815390 seconds
123.266: [GC [PSYoungGen: 238576K->33776K(238592K)] 477502K->309485K(783360K), 0.0304010 secs] [Times: user=0.24 sys=0.00, real=0.03 secs] 
123.296: Total time for which application threads were stopped: 0.0306100 seconds, Stopping threads took: 0.0000940 seconds
123.390: Application time: 0.0934550 seconds
123.390: [GC [PSYoungGen: 238576K->33776K(238592K)] 514285K->321973K(783360K), 0.0201140 secs] [Times: user=0.16 sys=0.00, real=0.02 secs] 
123.410: Total time for which application threads were stopped: 0.0203030 seconds, Stopping threads took: 0.0000810 seconds
123.484: Application time: 0.0738200 seconds
123.484: [GC [PSYoungGen: 238576K->33776K(238592K)] 526773K->328405K(783360K), 0.0177550 secs] [Times: user=0.14 sys=0.00, real=0.02 secs] 
123.502: Total time for which application threads were stopped: 0.0179550 seconds, Stopping threads took: 0.0000760 seconds
123.570: Application time: 0.0676050 seconds
123.570: [GC [PSYoungGen: 238576K->33776K(238592K)] 533205K->345159K(783360K), 0.0217470 secs] [Times: user=0.17 sys=0.00, real=0.02 secs] 
123.591: Total time for which application threads were stopped: 0.0219220 seconds, Stopping threads took: 0.0000670 seconds
123.676: Application time: 0.0850170 seconds
123.677: [GC [PSYoungGen: 238576K->33776K(238592K)] 549959K->380705K(783360K), 0.0300880 secs] [Times: user=0.24 sys=0.00, real=0.03 secs] 
123.707: Total time for which application threads were stopped: 0.0308580 seconds, Stopping threads took: 0.0006660 seconds
123.799: Application time: 0.0915220 seconds
123.799: [GC [PSYoungGen: 238576K->33760K(238592K)] 585505K->390648K(783360K), 0.0204240 secs] [Times: user=0.15 sys=0.00, real=0.02 secs] 
123.820: Total time for which application threads were stopped: 0.0206550 seconds, Stopping threads took: 0.0001220 seconds
123.892: Application time: 0.0721900 seconds
123.892: [GC [PSYoungGen: 238560K->33776K(238592K)] 595448K->396840K(783360K), 0.0195620 secs] [Times: user=0.15 sys=0.00, real=0.02 secs] 
123.911: Total time for which application threads were stopped: 0.0197480 seconds, Stopping threads took: 0.0000750 seconds
123.980: Application time: 0.0683040 seconds
123.980: [GC [PSYoungGen: 238576K->33776K(238592K)] 601640K->416266K(783360K), 0.0252540 secs] [Times: user=0.19 sys=0.00, real=0.03 secs] 
124.005: Total time for which application threads were stopped: 0.0254740 seconds, Stopping threads took: 0.0001120 seconds
124.094: Application time: 0.0883140 seconds
124.094: [GC [PSYoungGen: 238576K->33776K(238592K)] 621066K->453020K(783360K), 0.0318620 secs] [Times: user=0.24 sys=0.00, real=0.03 secs] 
124.126: Total time for which application threads were stopped: 0.0320660 seconds, Stopping threads took: 0.0000880 seconds
124.214: Application time: 0.0886500 seconds
124.214: [GC [PSYoungGen: 238576K->33760K(238592K)] 657820K->464869K(783360K), 0.0223530 secs] [Times: user=0.18 sys=0.00, real=0.02 secs] 
124.237: Total time for which application threads were stopped: 0.0225760 seconds, Stopping threads took: 0.0001120 seconds
124.308: Application time: 0.0712100 seconds
124.308: [GC [PSYoungGen: 238560K->33776K(238592K)] 669669K->474774K(783360K), 0.0216040 secs] [Times: user=0.17 sys=0.00, real=0.03 secs] 
124.330: Total time for which application threads were stopped: 0.0218180 seconds, Stopping threads took: 0.0001040 seconds
124.399: Application time: 0.0693710 seconds
124.399: [GC [PSYoungGen: 238576K->33776K(238592K)] 679574K->493304K(783360K), 0.0259440 secs] [Times: user=0.21 sys=0.00, real=0.03 secs] 
124.425: Total time for which application threads were stopped: 0.0261560 seconds, Stopping threads took: 0.0001020 seconds
124.518: Application time: 0.0924410 seconds
124.518: [GC [PSYoungGen: 238576K->33760K(238592K)] 698104K->526098K(783360K), 0.0324320 secs] [Times: user=0.25 sys=0.00, real=0.04 secs] 
124.550: Total time for which application threads were stopped: 0.0326130 seconds, Stopping threads took: 0.0000750 seconds
124.636: Application time: 0.0851380 seconds
124.636: [GC [PSYoungGen: 238560K->33760K(238592K)] 730898K->532744K(783360K), 0.0220510 secs] [Times: user=0.17 sys=0.00, real=0.02 secs] 
124.658: Total time for which application threads were stopped: 0.0222790 seconds, Stopping threads took: 0.0001090 seconds
124.728: Application time: 0.0696300 seconds
124.728: [GC [PSYoungGen: 238560K->33760K(238592K)] 737544K->543084K(783360K), 0.0233610 secs] [Times: user=0.19 sys=0.00, real=0.03 secs] 
124.751: [Full GC [PSYoungGen: 33760K->0K(238592K)] [ParOldGen: 509324K->75107K(544768K)] 543084K->75107K(783360K) [PSPermGen: 8838K->8838K(21504K)], 0.0808860 secs] [Times: user=0.59 sys=0.00, real=0.08 secs] 
124.832: Total time for which application threads were stopped: 0.1045280 seconds, Stopping threads took: 0.0001010 seconds
124.902: Application time: 0.0703450 seconds
124.903: [GC [PSYoungGen: 204800K->22800K(238592K)] 279907K->97907K(783360K), 0.0095220 secs] [Times: user=0.07 sys=0.00, real=0.01 secs] 
124.912: Total time for which application threads were stopped: 0.0097200 seconds, Stopping threads took: 0.0000890 seconds
125.007: Application time: 0.0944330 seconds
125.007: [GC [PSYoungGen: 227600K->33776K(238592K)] 302707K->130893K(783360K), 0.0221610 secs] [Times: user=0.17 sys=0.00, real=0.02 secs] 
125.029: Total time for which application threads were stopped: 0.0223680 seconds, Stopping threads took: 0.0000940 seconds
125.111: Application time: 0.0818590 seconds
125.111: [GC [PSYoungGen: 238576K->33776K(238592K)] 335693K->138341K(783360K), 0.0162640 secs] [Times: user=0.12 sys=0.00, real=0.01 secs] 
125.127: Total time for which application threads were stopped: 0.0164650 seconds, Stopping threads took: 0.0000920 seconds
125.197: Application time: 0.0696030 seconds
125.197: [GC [PSYoungGen: 238576K->33760K(238592K)] 343141K->149220K(783360K), 0.0180110 secs] [Times: user=0.13 sys=0.00, real=0.02 secs] 
125.215: Total time for which application threads were stopped: 0.0182370 seconds, Stopping threads took: 0.0001010 seconds
125.287: Application time: 0.0718520 seconds
125.287: [GC [PSYoungGen: 238560K->33760K(238592K)] 354020K->171718K(783360K), 0.0235700 secs] [Times: user=0.18 sys=0.00, real=0.03 secs] 
125.311: Total time for which application threads were stopped: 0.0237520 seconds, Stopping threads took: 0.0000770 seconds
125.406: Application time: 0.0954090 seconds
125.406: [GC [PSYoungGen: 238560K->33776K(238592K)] 376518K->204232K(783360K), 0.0280780 secs] [Times: user=0.23 sys=0.00, real=0.03 secs] 
125.434: Total time for which application threads were stopped: 0.0282560 seconds, Stopping threads took: 0.0000690 seconds
125.515: Application time: 0.0803700 seconds
125.515: [GC [PSYoungGen: 238576K->33760K(238592K)] 409032K->211903K(783360K), 0.0172540 secs] [Times: user=0.14 sys=0.00, real=0.02 secs] 
125.532: Total time for which application threads were stopped: 0.0174480 seconds, Stopping threads took: 0.0000690 seconds
125.601: Application time: 0.0690260 seconds
125.605: [GC [PSYoungGen: 238560K->33760K(238592K)] 416703K->221359K(783360K), 0.0182870 secs] [Times: user=0.14 sys=0.00, real=0.02 secs] 
125.623: Total time for which application threads were stopped: 0.0222660 seconds, Stopping threads took: 0.0038730 seconds
125.698: Application time: 0.0747190 seconds
125.698: [GC [PSYoungGen: 238560K->33776K(238592K)] 426159K->246535K(783360K), 0.0253720 secs] [Times: user=0.20 sys=0.00, real=0.03 secs] 
125.724: Total time for which application threads were stopped: 0.0255770 seconds, Stopping threads took: 0.0000910 seconds
125.820: Application time: 0.0959260 seconds
125.820: [GC [PSYoungGen: 238576K->33776K(238592K)] 451335K->274578K(783360K), 0.0273020 secs] [Times: user=0.20 sys=0.00, real=0.03 secs] 
125.847: Total time for which application threads were stopped: 0.0275000 seconds, Stopping threads took: 0.0000920 seconds
125.925: Application time: 0.0782160 seconds
125.926: [GC [PSYoungGen: 238576K->33776K(238592K)] 479378K->287001K(783360K), 0.0198880 secs] [Times: user=0.15 sys=0.00, real=0.02 secs] 
125.946: Total time for which application threads were stopped: 0.0200910 seconds, Stopping threads took: 0.0000940 seconds
126.015: Application time: 0.0691250 seconds
126.015: [GC [PSYoungGen: 238576K->33760K(238592K)] 491801K->297817K(783360K), 0.0199190 secs] [Times: user=0.15 sys=0.00, real=0.02 secs] 
126.035: Total time for which application threads were stopped: 0.0201090 seconds, Stopping threads took: 0.0000820 seconds
126.112: Application time: 0.0771800 seconds
126.112: [GC [PSYoungGen: 238560K->33776K(238592K)] 502617K->322284K(783360K), 0.0261760 secs] [Times: user=0.20 sys=0.00, real=0.02 secs] 
126.138: Total time for which application threads were stopped: 0.0263490 seconds, Stopping threads took: 0.0000640 seconds
126.233: Application time: 0.0945800 seconds
126.233: [GC [PSYoungGen: 238576K->33760K(238592K)] 527084K->350773K(783360K), 0.0287190 secs] [Times: user=0.23 sys=0.00, real=0.03 secs] 
126.262: Total time for which application threads were stopped: 0.0289590 seconds, Stopping threads took: 0.0001110 seconds
126.339: Application time: 0.0770250 seconds
126.339: [GC [PSYoungGen: 238560K->33776K(238592K)] 555573K->362910K(783360K), 0.0200900 secs] [Times: user=0.16 sys=0.00, real=0.02 secs] 
126.359: Total time for which application threads were stopped: 0.0202900 seconds, Stopping threads took: 0.0000890 seconds
126.428: Application time: 0.0691540 seconds
126.428: [GC [PSYoungGen: 238576K->33760K(238592K)] 567710K->374674K(783360K), 0.0209510 secs] [Times: user=0.16 sys=0.00, real=0.03 secs] 
126.449: Total time for which application threads were stopped: 0.0211560 seconds, Stopping threads took: 0.0000970 seconds
126.528: Application time: 0.0789510 seconds
126.529: [GC [PSYoungGen: 238560K->33760K(238592K)] 579474K->403808K(783360K), 0.0279680 secs] [Times: user=0.21 sys=0.00, real=0.03 secs] 
126.557: Total time for which application threads were stopped: 0.0281940 seconds, Stopping threads took: 0.0001200 seconds
126.651: Application time: 0.0943330 seconds
126.651: [GC [PSYoungGen: 238560K->33776K(238592K)] 608608K->423672K(783360K), 0.0255500 secs] [Times: user=0.20 sys=0.00, real=0.02 secs] 
126.677: Total time for which application threads were stopped: 0.0257520 seconds, Stopping threads took: 0.0000930 seconds
126.752: Application time: 0.0755450 seconds
126.752: [GC [PSYoungGen: 238576K->33760K(238592K)] 628472K->435803K(783360K), 0.0223380 secs] [Times: user=0.17 sys=0.00, real=0.02 secs] 
126.775: Total time for which application threads were stopped: 0.0225330 seconds, Stopping threads took: 0.0000740 seconds
126.845: Application time: 0.0705300 seconds
126.845: [GC [PSYoungGen: 238560K->33792K(238592K)] 640603K->452678K(783360K), 0.0253880 secs] [Times: user=0.20 sys=0.00, real=0.03 secs] 
126.871: Total time for which application threads were stopped: 0.0255720 seconds, Stopping threads took: 0.0000750 seconds
126.951: Application time: 0.0803030 seconds
126.951: [GC [PSYoungGen: 238592K->33760K(238592K)] 657478K->481992K(783360K), 0.0287130 secs] [Times: user=0.23 sys=0.00, real=0.02 secs] 
126.980: Total time for which application threads were stopped: 0.0289100 seconds, Stopping threads took: 0.0000850 seconds
127.072: Application time: 0.0922030 seconds
127.072: [GC [PSYoungGen: 238560K->33760K(238592K)] 686792K->500042K(783360K), 0.0256570 secs] [Times: user=0.20 sys=0.00, real=0.02 secs] 
127.098: Total time for which application threads were stopped: 0.0258690 seconds, Stopping threads took: 0.0001000 seconds
127.172: Application time: 0.0734000 seconds
127.172: [GC [PSYoungGen: 238560K->33776K(238592K)] 704842K->506914K(783360K), 0.0197570 secs] [Times: user=0.15 sys=0.00, real=0.02 secs] 
127.192: Total time for which application threads were stopped: 0.0199730 seconds, Stopping threads took: 0.0001010 seconds
127.263: Application time: 0.0711710 seconds
127.263: [GC [PSYoungGen: 238576K->33776K(238592K)] 711714K->524652K(783360K), 0.0243400 secs] [Times: user=0.20 sys=0.00, real=0.02 secs] 
127.287: Total time for which application threads were stopped: 0.0245630 seconds, Stopping threads took: 0.0000950 seconds
127.370: Application time: 0.0826880 seconds
127.370: [GC [PSYoungGen: 238576K->33792K(238592K)] 729452K->557986K(783360K), 0.0311670 secs] [Times: user=0.24 sys=0.00, real=0.03 secs] 
127.401: [Full GC [PSYoungGen: 33792K->0K(238592K)] [ParOldGen: 524194K->75525K(544768K)] 557986K->75525K(783360K) [PSPermGen: 8838K->8838K(21504K)], 0.0814230 secs] [Times: user=0.59 sys=0.00, real=0.08 secs] 
127.483: Total time for which application threads were stopped: 0.1128770 seconds, Stopping threads took: 0.0001100 seconds
127.573: Application time: 0.0898160 seconds
127.573: [GC [PSYoungGen: 204800K->16256K(238592K)] 280325K->91781K(783360K), 0.0070050 secs] [Times: user=0.05 sys=0.00, real=0.00 secs] 
127.580: Total time for which application threads were stopped: 0.0072260 seconds, Stopping threads took: 0.0001060 seconds
127.654: Application time: 0.0741840 seconds
127.654: [GC [PSYoungGen: 221056K->25392K(238592K)] 296581K->100917K(783360K), 0.0100750 secs] [Times: user=0.08 sys=0.00, real=0.01 secs] 
127.664: Total time for which application threads were stopped: 0.0102930 seconds, Stopping threads took: 0.0001080 seconds
127.737: Application time: 0.0721030 seconds
127.737: [GC [PSYoungGen: 230192K->33760K(238592K)] 305717K->118917K(783360K), 0.0169480 secs] [Times: user=0.13 sys=0.00, real=0.02 secs] 
127.754: Total time for which application threads were stopped: 0.0171500 seconds, Stopping threads took: 0.0000900 seconds
127.838: Application time: 0.0844060 seconds
127.838: [GC [PSYoungGen: 238560K->33792K(238592K)] 323717K->151118K(783360K), 0.0266180 secs] [Times: user=0.21 sys=0.00, real=0.03 secs] 
127.865: Total time for which application threads were stopped: 0.0268320 seconds, Stopping threads took: 0.0000930 seconds
127.952: Application time: 0.0873540 seconds
127.952: [GC [PSYoungGen: 238592K->33792K(238592K)] 355918K->163105K(783360K), 0.0188310 secs] [Times: user=0.15 sys=0.00, real=0.02 secs] 
127.971: Total time for which application threads were stopped: 0.0190380 seconds, Stopping threads took: 0.0000950 seconds
128.044: Application time: 0.0722950 seconds
128.044: [GC [PSYoungGen: 238592K->33760K(238592K)] 367905K->175456K(783360K), 0.0198540 secs] [Times: user=0.15 sys=0.00, real=0.02 secs] 
128.064: Total time for which application threads were stopped: 0.0200390 seconds, Stopping threads took: 0.0000730 seconds
128.136: Application time: 0.0718610 seconds
128.136: [GC [PSYoungGen: 238560K->33776K(238592K)] 380256K->191442K(783360K), 0.0215300 secs] [Times: user=0.17 sys=0.00, real=0.02 secs] 
128.157: Total time for which application threads were stopped: 0.0217330 seconds, Stopping threads took: 0.0000950 seconds
128.245: Application time: 0.0875080 seconds
128.245: [GC [PSYoungGen: 238576K->33760K(238592K)] 396242K->223612K(783360K), 0.0285560 secs] [Times: user=0.22 sys=0.00, real=0.03 secs] 
128.274: Total time for which application threads were stopped: 0.0287620 seconds, Stopping threads took: 0.0000930 seconds
128.358: Application time: 0.0844730 seconds
128.358: [GC [PSYoungGen: 238560K->33776K(238592K)] 428412K->233668K(783360K), 0.0197130 secs] [Times: user=0.15 sys=0.00, real=0.02 secs] 
128.378: Total time for which application threads were stopped: 0.0199340 seconds, Stopping threads took: 0.0000980 seconds
128.449: Application time: 0.0713700 seconds
128.449: [GC [PSYoungGen: 238576K->33776K(238592K)] 438468K->246362K(783360K), 0.0211850 secs] [Times: user=0.17 sys=0.00, real=0.02 secs] 
128.471: Total time for which application threads were stopped: 0.0214020 seconds, Stopping threads took: 0.0001050 seconds
128.543: Application time: 0.0726640 seconds
128.544: [GC [PSYoungGen: 238576K->33776K(238592K)] 451162K->264965K(783360K), 0.0232010 secs] [Times: user=0.19 sys=0.00, real=0.02 secs] 
128.567: Total time for which application threads were stopped: 0.0233860 seconds, Stopping threads took: 0.0000710 seconds
128.657: Application time: 0.0906250 seconds
128.658: [GC [PSYoungGen: 238576K->33776K(238592K)] 469765K->294267K(783360K), 0.0288220 secs] [Times: user=0.22 sys=0.00, real=0.03 secs] 
128.686: Total time for which application threads were stopped: 0.0290490 seconds, Stopping threads took: 0.0001050 seconds
128.769: Application time: 0.0821690 seconds
128.769: [GC [PSYoungGen: 238576K->33776K(238592K)] 499067K->300088K(783360K), 0.0181240 secs] [Times: user=0.14 sys=0.00, real=0.02 secs] 
128.787: Total time for which application threads were stopped: 0.0183430 seconds, Stopping threads took: 0.0001050 seconds
128.859: Application time: 0.0715720 seconds
128.859: [GC [PSYoungGen: 238576K->33760K(238592K)] 504888K->313802K(783360K), 0.0216280 secs] [Times: user=0.16 sys=0.00, real=0.02 secs] 
128.880: Total time for which application threads were stopped: 0.0218270 seconds, Stopping threads took: 0.0000880 seconds
128.954: Application time: 0.0740050 seconds
128.955: [GC [PSYoungGen: 238560K->33776K(238592K)] 518602K->332161K(783360K), 0.0239370 secs] [Times: user=0.18 sys=0.00, real=0.02 secs] 
128.979: Total time for which application threads were stopped: 0.0241490 seconds, Stopping threads took: 0.0000890 seconds
129.069: Application time: 0.0909350 seconds
129.073: [GC [PSYoungGen: 238576K->33760K(238592K)] 536961K->359090K(783360K), 0.0286060 secs] [Times: user=0.23 sys=0.00, real=0.03 secs] 
129.102: Total time for which application threads were stopped: 0.0323940 seconds, Stopping threads took: 0.0036780 seconds
129.181: Application time: 0.0794160 seconds
129.181: [GC [PSYoungGen: 238560K->33760K(238592K)] 563890K->365290K(783360K), 0.0204840 secs] [Times: user=0.16 sys=0.00, real=0.02 secs] 
129.202: Total time for which application threads were stopped: 0.0207120 seconds, Stopping threads took: 0.0001190 seconds
129.274: Application time: 0.0723420 seconds
129.274: [GC [PSYoungGen: 238560K->33760K(238592K)] 570090K->381452K(783360K), 0.0239840 secs] [Times: user=0.19 sys=0.00, real=0.02 secs] 
129.299: Total time for which application threads were stopped: 0.0241840 seconds, Stopping threads took: 0.0000890 seconds
129.373: Application time: 0.0745540 seconds
129.373: [GC [PSYoungGen: 238560K->33760K(238592K)] 586252K->398304K(783360K), 0.0258750 secs] [Times: user=0.20 sys=0.00, real=0.02 secs] 
129.399: Total time for which application threads were stopped: 0.0260650 seconds, Stopping threads took: 0.0000750 seconds
129.492: Application time: 0.0930420 seconds
129.493: [GC [PSYoungGen: 238560K->33776K(238592K)] 603104K->424589K(783360K), 0.0281220 secs] [Times: user=0.22 sys=0.00, real=0.03 secs] 
129.521: Total time for which application threads were stopped: 0.0291900 seconds, Stopping threads took: 0.0009480 seconds
129.599: Application time: 0.0777630 seconds
129.600: [GC [PSYoungGen: 238576K->33776K(238592K)] 629389K->426841K(783360K), 0.0187790 secs] [Times: user=0.15 sys=0.00, real=0.02 secs] 
129.619: Total time for which application threads were stopped: 0.0194010 seconds, Stopping threads took: 0.0004890 seconds
129.689: Application time: 0.0709550 seconds
129.690: [GC [PSYoungGen: 238576K->33776K(238592K)] 631641K->443472K(783360K), 0.0246460 secs] [Times: user=0.18 sys=0.00, real=0.02 secs] 
129.714: Total time for which application threads were stopped: 0.0248620 seconds, Stopping threads took: 0.0001030 seconds
129.789: Application time: 0.0748710 seconds
129.789: [GC [PSYoungGen: 238576K->33776K(238592K)] 648272K->464067K(783360K), 0.0261630 secs] [Times: user=0.21 sys=0.00, real=0.02 secs] 
129.816: Total time for which application threads were stopped: 0.0263620 seconds, Stopping threads took: 0.0000880 seconds
129.910: Application time: 0.0948440 seconds
129.911: [GC [PSYoungGen: 238576K->33776K(238592K)] 668867K->492784K(783360K), 0.0305840 secs] [Times: user=0.24 sys=0.00, real=0.03 secs] 
129.941: Total time for which application threads were stopped: 0.0307940 seconds, Stopping threads took: 0.0000990 seconds
130.016: Application time: 0.0751450 seconds
130.017: [GC [PSYoungGen: 238576K->33776K(238592K)] 697584K->500668K(783360K), 0.0213080 secs] [Times: user=0.17 sys=0.00, real=0.02 secs] 
130.038: Total time for which application threads were stopped: 0.0215580 seconds, Stopping threads took: 0.0001220 seconds
130.109: Application time: 0.0713080 seconds
130.109: [GC [PSYoungGen: 238576K->33760K(238592K)] 705468K->515439K(783360K), 0.0251660 secs] [Times: user=0.19 sys=0.00, real=0.02 secs] 
130.135: Total time for which application threads were stopped: 0.0253590 seconds, Stopping threads took: 0.0000820 seconds
130.212: Application time: 0.0771710 seconds
130.212: [GC [PSYoungGen: 238560K->33776K(238592K)] 720239K->542020K(783360K), 0.0300470 secs] [Times: user=0.24 sys=0.00, real=0.03 secs] 
130.242: [Full GC [PSYoungGen: 33776K->0K(238592K)] [ParOldGen: 508244K->72271K(544768K)] 542020K->72271K(783360K) [PSPermGen: 8838K->8838K(21504K)], 0.0750130 secs] [Times: user=0.54 sys=0.00, real=0.07 secs] 
130.317: Total time for which application threads were stopped: 0.1053430 seconds, Stopping threads took: 0.0001020 seconds
130.411: Application time: 0.0935980 seconds
130.411: [GC [PSYoungGen: 204800K->27808K(238592K)] 277071K->100079K(783360K), 0.0116130 secs] [Times: user=0.09 sys=0.00, real=0.01 secs] 
130.423: Total time for which application threads were stopped: 0.0118360 seconds, Stopping threads took: 0.0001110 seconds
130.497: Application time: 0.0747540 seconds
130.497: [GC [PSYoungGen: 232608K->33792K(238592K)] 304879K->108303K(783360K), 0.0135140 secs] [Times: user=0.10 sys=0.00, real=0.02 secs] 
130.511: Total time for which application threads were stopped: 0.0137020 seconds, Stopping threads took: 0.0000760 seconds
130.583: Application time: 0.0714890 seconds
130.583: [GC [PSYoungGen: 238592K->33760K(238592K)] 313103K->123814K(783360K), 0.0206780 secs] [Times: user=0.16 sys=0.00, real=0.02 secs] 
130.603: Total time for which application threads were stopped: 0.0208870 seconds, Stopping threads took: 0.0000860 seconds
130.684: Application time: 0.0808590 seconds
130.684: [GC [PSYoungGen: 238560K->33776K(238592K)] 328614K->152685K(783360K), 0.0251840 secs] [Times: user=0.19 sys=0.01, real=0.03 secs] 
130.710: Total time for which application threads were stopped: 0.0253770 seconds, Stopping threads took: 0.0000830 seconds
130.801: Application time: 0.0915320 seconds
130.801: [GC [PSYoungGen: 238576K->33776K(238592K)] 357485K->171203K(783360K), 0.0223450 secs] [Times: user=0.18 sys=0.00, real=0.02 secs] 
130.824: Total time for which application threads were stopped: 0.0225510 seconds, Stopping threads took: 0.0000970 seconds
130.898: Application time: 0.0737920 seconds
130.898: [GC [PSYoungGen: 238576K->33760K(238592K)] 376003K->182782K(783360K), 0.0196660 secs] [Times: user=0.15 sys=0.00, real=0.02 secs] 
130.917: Total time for which application threads were stopped: 0.0198580 seconds, Stopping threads took: 0.0000800 seconds
130.990: Application time: 0.0724300 seconds
130.990: [GC [PSYoungGen: 238560K->33776K(238592K)] 387582K->198196K(783360K), 0.0223330 secs] [Times: user=0.18 sys=0.00, real=0.02 secs] 
131.012: Total time for which application threads were stopped: 0.0225340 seconds, Stopping threads took: 0.0000900 seconds
131.096: Application time: 0.0833080 seconds
131.096: [GC [PSYoungGen: 238576K->33776K(238592K)] 402996K->233606K(783360K), 0.0309640 secs] [Times: user=0.25 sys=0.00, real=0.03 secs] 
131.127: Total time for which application threads were stopped: 0.0311710 seconds, Stopping threads took: 0.0000830 seconds
131.216: Application time: 0.0891720 seconds
131.216: [GC [PSYoungGen: 238576K->33776K(238592K)] 438406K->241622K(783360K), 0.0206340 secs] [Times: user=0.16 sys=0.00, real=0.02 secs] 
131.237: Total time for which application threads were stopped: 0.0208450 seconds, Stopping threads took: 0.0000980 seconds
131.309: Application time: 0.0718020 seconds
131.309: [GC [PSYoungGen: 238576K->33760K(238592K)] 446422K->253414K(783360K), 0.0206900 secs] [Times: user=0.16 sys=0.00, real=0.03 secs] 
131.330: Total time for which application threads were stopped: 0.0209000 seconds, Stopping threads took: 0.0000970 seconds
131.402: Application time: 0.0728680 seconds
131.403: [GC [PSYoungGen: 238560K->33776K(238592K)] 458214K->268988K(783360K), 0.0236430 secs] [Times: user=0.19 sys=0.00, real=0.02 secs] 
131.426: Total time for which application threads were stopped: 0.0238680 seconds, Stopping threads took: 0.0000990 seconds
131.512: Application time: 0.0861610 seconds
131.513: [GC [PSYoungGen: 238576K->33776K(238592K)] 473788K->301204K(783360K), 0.0310420 secs] [Times: user=0.24 sys=0.00, real=0.03 secs] 
131.544: Total time for which application threads were stopped: 0.0312560 seconds, Stopping threads took: 0.0001020 seconds
131.631: Application time: 0.0871400 seconds
131.631: [GC [PSYoungGen: 238576K->33776K(238592K)] 506004K->308172K(783360K), 0.0193570 secs] [Times: user=0.15 sys=0.00, real=0.02 secs] 
131.650: Total time for which application threads were stopped: 0.0195700 seconds, Stopping threads took: 0.0000890 seconds
131.721: Application time: 0.0706440 seconds
131.721: [GC [PSYoungGen: 238576K->33760K(238592K)] 512972K->320464K(783360K), 0.0216610 secs] [Times: user=0.17 sys=0.00, real=0.02 secs] 
131.743: Total time for which application threads were stopped: 0.0218640 seconds, Stopping threads took: 0.0000890 seconds
131.816: Application time: 0.0732070 seconds
131.816: [GC [PSYoungGen: 238560K->33776K(238592K)] 525264K->335813K(783360K), 0.0252730 secs] [Times: user=0.20 sys=0.00, real=0.03 secs] 
131.842: Total time for which application threads were stopped: 0.0254810 seconds, Stopping threads took: 0.0000960 seconds
131.931: Application time: 0.0891120 seconds
131.931: [GC [PSYoungGen: 238576K->33760K(238592K)] 540613K->367925K(783360K), 0.0311920 secs] [Times: user=0.25 sys=0.00, real=0.03 secs] 
131.962: Total time for which application threads were stopped: 0.0314100 seconds, Stopping threads took: 0.0001060 seconds
132.046: Application time: 0.0838800 seconds
132.046: [GC [PSYoungGen: 238560K->33776K(238592K)] 572725K->375557K(783360K), 0.0223770 secs] [Times: user=0.18 sys=0.00, real=0.02 secs] 
132.069: Total time for which application threads were stopped: 0.0225880 seconds, Stopping threads took: 0.0000990 seconds
132.139: Application time: 0.0706770 seconds
132.139: [GC [PSYoungGen: 238576K->33760K(238592K)] 580357K->387928K(783360K), 0.0239860 secs] [Times: user=0.19 sys=0.00, real=0.03 secs] 
132.164: Total time for which application threads were stopped: 0.0242000 seconds, Stopping threads took: 0.0000880 seconds
132.237: Application time: 0.0736780 seconds
132.237: [GC [PSYoungGen: 238560K->33776K(238592K)] 592728K->403424K(783360K), 0.0258670 secs] [Times: user=0.20 sys=0.00, real=0.03 secs] 
132.263: Total time for which application threads were stopped: 0.0260560 seconds, Stopping threads took: 0.0000780 seconds
132.353: Application time: 0.0899190 seconds
132.353: [GC [PSYoungGen: 238576K->33776K(238592K)] 608224K->436868K(783360K), 0.0322420 secs] [Times: user=0.26 sys=0.00, real=0.03 secs] 
132.386: Total time for which application threads were stopped: 0.0324370 seconds, Stopping threads took: 0.0000860 seconds
132.467: Application time: 0.0818040 seconds
132.468: [GC [PSYoungGen: 238576K->33776K(238592K)] 641668K->448268K(783360K), 0.0227350 secs] [Times: user=0.18 sys=0.00, real=0.03 secs] 
132.490: Total time for which application threads were stopped: 0.0229340 seconds, Stopping threads took: 0.0000870 seconds
132.562: Application time: 0.0717150 seconds
132.562: [GC [PSYoungGen: 238576K->33776K(238592K)] 653068K->460591K(783360K), 0.0239790 secs] [Times: user=0.19 sys=0.00, real=0.02 secs] 
132.586: Total time for which application threads were stopped: 0.0241770 seconds, Stopping threads took: 0.0000870 seconds
132.660: Application time: 0.0741320 seconds
132.661: [GC [PSYoungGen: 238576K->33776K(238592K)] 665391K->478970K(783360K), 0.0272600 secs] [Times: user=0.21 sys=0.00, real=0.03 secs] 
132.688: Total time for which application threads were stopped: 0.0274700 seconds, Stopping threads took: 0.0000890 seconds
132.778: Application time: 0.0903510 seconds
132.778: [GC [PSYoungGen: 238576K->33776K(238592K)] 683770K->510338K(783360K), 0.0323900 secs] [Times: user=0.26 sys=0.00, real=0.04 secs] 
132.811: Total time for which application threads were stopped: 0.0325900 seconds, Stopping threads took: 0.0000890 seconds
132.891: Application time: 0.0799950 seconds
132.893: [GC [PSYoungGen: 238576K->33776K(238592K)] 715138K->517898K(783360K), 0.0221900 secs] [Times: user=0.17 sys=0.00, real=0.02 secs] 
132.915: Total time for which application threads were stopped: 0.0245930 seconds, Stopping threads took: 0.0022850 seconds
132.988: Application time: 0.0722750 seconds
132.988: [GC [PSYoungGen: 238576K->33776K(238592K)] 722698K->533277K(783360K), 0.0252930 secs] [Times: user=0.20 sys=0.00, real=0.03 secs] 
133.013: Total time for which application threads were stopped: 0.0254770 seconds, Stopping threads took: 0.0000720 seconds
133.087: Application time: 0.0738030 seconds
133.087: [GC [PSYoungGen: 238576K->33760K(238592K)] 738077K->550195K(783360K), 0.0266350 secs] [Times: user=0.21 sys=0.00, real=0.03 secs] 
133.114: [Full GC [PSYoungGen: 33760K->0K(238592K)] [ParOldGen: 516435K->80090K(544768K)] 550195K->80090K(783360K) [PSPermGen: 8838K->8838K(21504K)], 0.0864190 secs] [Times: user=0.64 sys=0.00, real=0.08 secs] 
133.200: Total time for which application threads were stopped: 0.1133290 seconds, Stopping threads took: 0.0000910 seconds
133.292: Application time: 0.0918780 seconds
133.292: [GC [PSYoungGen: 204800K->33776K(238592K)] 284890K->114562K(783360K), 0.0145220 secs] [Times: user=0.12 sys=0.00, real=0.01 secs] 
133.307: Total time for which application threads were stopped: 0.0147640 seconds, Stopping threads took: 0.0001140 seconds
133.386: Application time: 0.0786890 seconds
133.386: [GC [PSYoungGen: 238576K->33760K(238592K)] 319362K->122723K(783360K), 0.0161280 secs] [Times: user=0.12 sys=0.00, real=0.02 secs] 
133.402: Total time for which application threads were stopped: 0.0163490 seconds, Stopping threads took: 0.0001100 seconds
133.475: Application time: 0.0732540 seconds
133.475: [GC [PSYoungGen: 238560K->33760K(238592K)] 327523K->137289K(783360K), 0.0192660 secs] [Times: user=0.15 sys=0.00, real=0.02 secs] 
133.495: Total time for which application threads were stopped: 0.0194740 seconds, Stopping threads took: 0.0000950 seconds
133.569: Application time: 0.0746060 seconds
133.569: [GC [PSYoungGen: 238560K->33792K(238592K)] 342089K->155136K(783360K), 0.0213090 secs] [Times: user=0.17 sys=0.00, real=0.02 secs] 
133.591: Total time for which application threads were stopped: 0.0215110 seconds, Stopping threads took: 0.0000930 seconds
133.682: Application time: 0.0916500 seconds
133.685: [GC [PSYoungGen: 238592K->33776K(238592K)] 359936K->186158K(783360K), 0.0284430 secs] [Times: user=0.22 sys=0.00, real=0.03 secs] 
133.714: Total time for which application threads were stopped: 0.0311390 seconds, Stopping threads took: 0.0025860 seconds
133.792: Application time: 0.0782690 seconds
133.792: [GC [PSYoungGen: 238576K->33776K(238592K)] 390958K->203722K(783360K), 0.0212350 secs] [Times: user=0.16 sys=0.00, real=0.02 secs] 
133.813: Total time for which application threads were stopped: 0.0214580 seconds, Stopping threads took: 0.0001090 seconds
133.886: Application time: 0.0722150 seconds
133.886: [GC [PSYoungGen: 238576K->33776K(238592K)] 408522K->216270K(783360K), 0.0205130 secs] [Times: user=0.16 sys=0.00, real=0.02 secs] 
133.906: Total time for which application threads were stopped: 0.0207370 seconds, Stopping threads took: 0.0000960 seconds
133.982: Application time: 0.0759380 seconds
133.982: [GC [PSYoungGen: 238576K->33776K(238592K)] 421070K->237412K(783360K), 0.0243890 secs] [Times: user=0.19 sys=0.00, real=0.02 secs] 
134.007: Total time for which application threads were stopped: 0.0245750 seconds, Stopping threads took: 0.0000740 seconds
134.098: Application time: 0.0911690 seconds
134.098: [GC [PSYoungGen: 238576K->33760K(238592K)] 442212K->262125K(783360K), 0.0273870 secs] [Times: user=0.22 sys=0.00, real=0.03 secs] 
134.126: Total time for which application threads were stopped: 0.0275830 seconds, Stopping threads took: 0.0000880 seconds
134.203: Application time: 0.0778420 seconds
134.204: [GC [PSYoungGen: 238560K->33760K(238592K)] 466925K->277583K(783360K), 0.0225310 secs] [Times: user=0.17 sys=0.00, real=0.02 secs] 
134.226: Total time for which application threads were stopped: 0.0227520 seconds, Stopping threads took: 0.0000960 seconds
134.299: Application time: 0.0723550 seconds
134.299: [GC [PSYoungGen: 238560K->33776K(238592K)] 482383K->291572K(783360K), 0.0229900 secs] [Times: user=0.18 sys=0.00, real=0.03 secs] 
134.322: Total time for which application threads were stopped: 0.0232070 seconds, Stopping threads took: 0.0001050 seconds
134.399: Application time: 0.0770020 seconds
134.399: [GC [PSYoungGen: 238576K->33760K(238592K)] 496372K->319332K(783360K), 0.0286700 secs] [Times: user=0.22 sys=0.00, real=0.03 secs] 
134.428: Total time for which application threads were stopped: 0.0288820 seconds, Stopping threads took: 0.0000930 seconds
134.519: Application time: 0.0909290 seconds
134.519: [GC [PSYoungGen: 238560K->33776K(238592K)] 524132K->338335K(783360K), 0.0252320 secs] [Times: user=0.20 sys=0.00, real=0.03 secs] 
134.544: Total time for which application threads were stopped: 0.0254210 seconds, Stopping threads took: 0.0000770 seconds
134.623: Application time: 0.0785790 seconds
134.623: [GC [PSYoungGen: 238576K->33776K(238592K)] 543135K->355742K(783360K), 0.0247580 secs] [Times: user=0.20 sys=0.00, real=0.02 secs] 
134.648: Total time for which application threads were stopped: 0.0249730 seconds, Stopping threads took: 0.0001050 seconds
134.720: Application time: 0.0721570 seconds
134.721: [GC [PSYoungGen: 238576K->33776K(238592K)] 560542K->369829K(783360K), 0.0239930 secs] [Times: user=0.19 sys=0.01, real=0.02 secs] 
134.745: Total time for which application threads were stopped: 0.0255120 seconds, Stopping threads took: 0.0014070 seconds
134.824: Application time: 0.0783500 seconds
134.824: [GC [PSYoungGen: 238576K->33760K(238592K)] 574629K->398297K(783360K), 0.0306150 secs] [Times: user=0.25 sys=0.00, real=0.03 secs] 
134.854: Total time for which application threads were stopped: 0.0308390 seconds, Stopping threads took: 0.0001140 seconds
134.945: Application time: 0.0901590 seconds
134.945: [GC [PSYoungGen: 238560K->33760K(238592K)] 603097K->408918K(783360K), 0.0260460 secs] [Times: user=0.21 sys=0.00, real=0.03 secs] 
134.971: Total time for which application threads were stopped: 0.0262680 seconds, Stopping threads took: 0.0000930 seconds
135.048: Application time: 0.0775570 seconds
135.049: [GC [PSYoungGen: 238560K->33760K(238592K)] 613718K->422132K(783360K), 0.0258640 secs] [Times: user=0.20 sys=0.00, real=0.03 secs] 
135.075: Total time for which application threads were stopped: 0.0260860 seconds, Stopping threads took: 0.0001080 seconds
135.146: Application time: 0.0711570 seconds
135.146: [GC [PSYoungGen: 238560K->33776K(238592K)] 626932K->436123K(783360K), 0.0266990 secs] [Times: user=0.21 sys=0.00, real=0.03 secs] 
135.173: Total time for which application threads were stopped: 0.0269010 seconds, Stopping threads took: 0.0000910 seconds
135.228: Application time: 0.0556070 seconds
135.228: Total time for which application threads were stopped: 0.0001470 seconds, Stopping threads took: 0.0000990 seconds
135.255: Application time: 0.0266630 seconds
135.255: [GC [PSYoungGen: 238576K->33792K(238592K)] 640923K->461957K(783360K), 0.0312240 secs] [Times: user=0.25 sys=0.00, real=0.03 secs] 
135.286: Total time for which application threads were stopped: 0.0314340 seconds, Stopping threads took: 0.0001020 seconds
135.335: Application time: 0.0486280 seconds
135.335: Total time for which application threads were stopped: 0.0001550 seconds, Stopping threads took: 0.0000940 seconds
135.376: Application time: 0.0408300 seconds
135.376: [GC [PSYoungGen: 238592K->33760K(238592K)] 666757K->467357K(783360K), 0.0228730 secs] [Times: user=0.18 sys=0.00, real=0.02 secs] 
135.399: Total time for which application threads were stopped: 0.0230740 seconds, Stopping threads took: 0.0000910 seconds
135.405: Application time: 0.0057010 seconds
135.405: Total time for which application threads were stopped: 0.0001240 seconds, Stopping threads took: 0.0000750 seconds
135.483: Application time: 0.0783490 seconds
135.483: Total time for which application threads were stopped: 0.0001350 seconds, Stopping threads took: 0.0000730 seconds
135.488: Application time: 0.0041480 seconds
135.488: [GC [PSYoungGen: 238560K->33776K(238592K)] 672157K->467765K(783360K), 0.0199570 secs] [Times: user=0.15 sys=0.00, real=0.02 secs] 
135.508: Total time for which application threads were stopped: 0.0201030 seconds, Stopping threads took: 0.0000420 seconds
135.527: Application time: 0.0190380 seconds
135.527: Total time for which application threads were stopped: 0.0001570 seconds, Stopping threads took: 0.0000870 seconds
135.550: Application time: 0.0227100 seconds
135.550: Total time for which application threads were stopped: 0.0000880 seconds, Stopping threads took: 0.0000360 seconds
135.592: Application time: 0.0423630 seconds
135.592: Total time for which application threads were stopped: 0.0000690 seconds, Stopping threads took: 0.0000160 seconds
135.592: Application time: 0.0001530 seconds
135.592: Total time for which application threads were stopped: 0.0000550 seconds, Stopping threads took: 0.0000050 seconds
135.602: Application time: 0.0092250 seconds
135.602: Total time for which application threads were stopped: 0.0001190 seconds, Stopping threads took: 0.0000780 seconds
135.602: Application time: 0.0000440 seconds
135.602: Total time for which application threads were stopped: 0.0000610 seconds, Stopping threads took: 0.0000500 seconds
135.602: Application time: 0.0000110 seconds
135.602: Total time for which application threads were stopped: 0.0000120 seconds, Stopping threads took: 0.0000050 seconds
135.602: Application time: 0.0000720 seconds
135.602: Total time for which application threads were stopped: 0.0000460 seconds, Stopping threads took: 0.0000380 seconds
135.602: Application time: 0.0000390 seconds
135.602: Total time for which application threads were stopped: 0.0000430 seconds, Stopping threads took: 0.0000350 seconds
135.602: Application time: 0.0000340 seconds
135.602: Total time for which application threads were stopped: 0.0000380 seconds, Stopping threads took: 0.0000300 seconds
135.602: Application time: 0.0000320 seconds
135.602: Total time for which application threads were stopped: 0.0000390 seconds, Stopping threads took: 0.0000310 seconds
135.602: Application time: 0.0002400 seconds
135.602: Total time for which application threads were stopped: 0.0000610 seconds, Stopping threads took: 0.0000370 seconds
135.602: Application time: 0.0000110 seconds
135.603: Total time for which application threads were stopped: 0.0000320 seconds, Stopping threads took: 0.0000180 seconds
135.603: Application time: 0.0000090 seconds
135.603: Total time for which application threads were stopped: 0.0000260 seconds, Stopping threads took: 0.0000130 seconds
135.603: Application time: 0.0000210 seconds
135.603: Total time for which application threads were stopped: 0.0000460 seconds, Stopping threads took: 0.0000270 seconds
135.603: Application time: 0.0000120 seconds
135.603: Total time for which application threads were stopped: 0.0000390 seconds, Stopping threads took: 0.0000200 seconds
135.603: Application time: 0.0000110 seconds
135.603: Total time for which application threads were stopped: 0.0000390 seconds, Stopping threads took: 0.0000130 seconds
135.603: Application time: 0.0000120 seconds
135.603: Total time for which application threads were stopped: 0.0000370 seconds, Stopping threads took: 0.0000200 seconds
135.603: Application time: 0.0000140 seconds
135.603: Total time for which application threads were stopped: 0.0000470 seconds, Stopping threads took: 0.0000250 seconds
135.603: Application time: 0.0000200 seconds
135.603: Total time for which application threads were stopped: 0.0000490 seconds, Stopping threads took: 0.0000270 seconds
135.603: Application time: 0.0000180 seconds
135.603: Total time for which application threads were stopped: 0.0000430 seconds, Stopping threads took: 0.0000300 seconds
135.603: Application time: 0.0000320 seconds
135.603: Total time for which application threads were stopped: 0.0000490 seconds, Stopping threads took: 0.0000230 seconds
135.603: Application time: 0.0000320 seconds
135.603: Total time for which application threads were stopped: 0.0001040 seconds, Stopping threads took: 0.0000320 seconds
135.603: Application time: 0.0000280 seconds
135.603: Total time for which application threads were stopped: 0.0000550 seconds, Stopping threads took: 0.0000360 seconds
135.605: Application time: 0.0017740 seconds
135.605: Total time for which application threads were stopped: 0.0000750 seconds, Stopping threads took: 0.0000530 seconds
135.605: Application time: 0.0000300 seconds
135.605: Total time for which application threads were stopped: 0.0000590 seconds, Stopping threads took: 0.0000450 seconds
135.605: Application time: 0.0000300 seconds
135.605: Total time for which application threads were stopped: 0.0000600 seconds, Stopping threads took: 0.0000390 seconds
135.605: Application time: 0.0000350 seconds
135.605: Total time for which application threads were stopped: 0.0000480 seconds, Stopping threads took: 0.0000300 seconds
135.606: Application time: 0.0003730 seconds
135.606: Total time for which application threads were stopped: 0.0000550 seconds, Stopping threads took: 0.0000370 seconds
135.606: Application time: 0.0000310 seconds
135.606: Total time for which application threads were stopped: 0.0000510 seconds, Stopping threads took: 0.0000340 seconds
135.606: Application time: 0.0000100 seconds
135.606: Total time for which application threads were stopped: 0.0000270 seconds, Stopping threads took: 0.0000140 seconds
135.652: Application time: 0.0457350 seconds
135.652: [GC [PSYoungGen: 238576K->33776K(238592K)] 672565K->516704K(783360K), 0.0393090 secs] [Times: user=0.31 sys=0.00, real=0.04 secs] 
135.691: Total time for which application threads were stopped: 0.0394590 seconds, Stopping threads took: 0.0000380 seconds
135.698: Application time: 0.0065530 seconds
135.698: Total time for which application threads were stopped: 0.0001270 seconds, Stopping threads took: 0.0000660 seconds
135.698: Application time: 0.0000570 seconds
135.698: Total time for which application threads were stopped: 0.0001090 seconds, Stopping threads took: 0.0000810 seconds
135.698: Application time: 0.0000380 seconds
135.698: Total time for which application threads were stopped: 0.0000590 seconds, Stopping threads took: 0.0000390 seconds
135.699: Application time: 0.0004190 seconds
135.699: Total time for which application threads were stopped: 0.0000730 seconds, Stopping threads took: 0.0000500 seconds
135.699: Application time: 0.0000410 seconds
135.699: Total time for which application threads were stopped: 0.0000630 seconds, Stopping threads took: 0.0000430 seconds
135.699: Application time: 0.0000290 seconds
135.699: Total time for which application threads were stopped: 0.0000500 seconds, Stopping threads took: 0.0000320 seconds
135.700: Application time: 0.0011280 seconds
135.700: Total time for which application threads were stopped: 0.0000720 seconds, Stopping threads took: 0.0000530 seconds
135.700: Application time: 0.0000360 seconds
135.700: Total time for which application threads were stopped: 0.0001160 seconds, Stopping threads took: 0.0000360 seconds
135.700: Application time: 0.0000400 seconds
135.700: Total time for which application threads were stopped: 0.0000500 seconds, Stopping threads took: 0.0000320 seconds
135.700: Application time: 0.0000770 seconds
135.700: Total time for which application threads were stopped: 0.0000420 seconds, Stopping threads took: 0.0000340 seconds
135.701: Application time: 0.0004640 seconds
135.701: Total time for which application threads were stopped: 0.0000540 seconds, Stopping threads took: 0.0000390 seconds
135.703: Application time: 0.0019620 seconds
135.703: Total time for which application threads were stopped: 0.0000830 seconds, Stopping threads took: 0.0000550 seconds
135.704: Application time: 0.0007220 seconds
135.704: Total time for which application threads were stopped: 0.0000640 seconds, Stopping threads took: 0.0000430 seconds
135.732: Application time: 0.0279120 seconds
135.732: Total time for which application threads were stopped: 0.0001560 seconds, Stopping threads took: 0.0000930 seconds
135.733: Application time: 0.0007730 seconds
135.733: Total time for which application threads were stopped: 0.0000640 seconds, Stopping threads took: 0.0000400 seconds
135.733: Application time: 0.0003490 seconds
135.733: Total time for which application threads were stopped: 0.0000540 seconds, Stopping threads took: 0.0000360 seconds
135.733: Application time: 0.0002000 seconds
135.733: Total time for which application threads were stopped: 0.0000330 seconds, Stopping threads took: 0.0000260 seconds
135.737: Application time: 0.0038230 seconds
135.737: Total time for which application threads were stopped: 0.0001740 seconds, Stopping threads took: 0.0000530 seconds
135.804: Application time: 0.0664500 seconds
135.804: [GC [PSYoungGen: 238576K->33776K(238592K)] 721504K->529608K(783360K), 0.0249940 secs] [Times: user=0.20 sys=0.00, real=0.02 secs] 
135.829: Total time for which application threads were stopped: 0.0251960 seconds, Stopping threads took: 0.0000920 seconds
135.926: Application time: 0.0973950 seconds
135.926: [GC [PSYoungGen: 238576K->33760K(238592K)] 734408K->530144K(783360K), 0.0195150 secs] [Times: user=0.15 sys=0.00, real=0.02 secs] 
135.946: Total time for which application threads were stopped: 0.0197300 seconds, Stopping threads took: 0.0000850 seconds
136.011: Application time: 0.0652530 seconds
136.011: [GC [PSYoungGen: 238560K->33776K(238592K)] 734944K->530224K(783360K), 0.0188660 secs] [Times: user=0.15 sys=0.00, real=0.02 secs] 
136.030: Total time for which application threads were stopped: 0.0190860 seconds, Stopping threads took: 0.0001010 seconds
136.120: Application time: 0.0895690 seconds
136.120: [GC-- [PSYoungGen: 238576K->238576K(238592K)] 735024K->783341K(783360K), 0.0960400 secs] [Times: user=0.40 sys=0.06, real=0.10 secs] 
136.216: [Full GC [PSYoungGen: 238576K->0K(238592K)] [ParOldGen: 544765K->78537K(544768K)] 783341K->78537K(783360K) [PSPermGen: 8871K->8871K(21504K)], 0.0872910 secs] [Times: user=0.63 sys=0.00, real=0.09 secs] 
136.304: Total time for which application threads were stopped: 0.1836210 seconds, Stopping threads took: 0.0001140 seconds
136.409: Application time: 0.1053150 seconds
136.409: [GC [PSYoungGen: 204800K->24256K(238592K)] 283337K->102793K(783360K), 0.0097600 secs] [Times: user=0.08 sys=0.00, real=0.00 secs] 
136.419: Total time for which application threads were stopped: 0.0099770 seconds, Stopping threads took: 0.0000970 seconds
136.488: Application time: 0.0689230 seconds
136.488: [GC [PSYoungGen: 229056K->24320K(238592K)] 307593K->102857K(783360K), 0.0092600 secs] [Times: user=0.07 sys=0.00, real=0.01 secs] 
136.497: Total time for which application threads were stopped: 0.0094580 seconds, Stopping threads took: 0.0000810 seconds
136.555: Application time: 0.0573500 seconds
136.557: [GC [PSYoungGen: 229120K->24448K(238592K)] 307657K->102985K(783360K), 0.0095450 secs] [Times: user=0.07 sys=0.00, real=0.01 secs] 
136.567: Total time for which application threads were stopped: 0.0123250 seconds, Stopping threads took: 0.0026500 seconds
136.664: Application time: 0.0970590 seconds
136.664: [GC [PSYoungGen: 229248K->33760K(238592K)] 307785K->151867K(783360K), 0.0297460 secs] [Times: user=0.24 sys=0.00, real=0.03 secs] 
136.694: Total time for which application threads were stopped: 0.0299690 seconds, Stopping threads took: 0.0001120 seconds
136.796: Application time: 0.1019120 seconds
136.796: [GC [PSYoungGen: 238560K->33760K(238592K)] 356667K->165898K(783360K), 0.0196280 secs] [Times: user=0.15 sys=0.00, real=0.02 secs] 
136.816: Total time for which application threads were stopped: 0.0198240 seconds, Stopping threads took: 0.0000780 seconds
136.882: Application time: 0.0662090 seconds
136.882: [GC [PSYoungGen: 238560K->33760K(238592K)] 370698K->166098K(783360K), 0.0146650 secs] [Times: user=0.11 sys=0.00, real=0.01 secs] 
136.897: Total time for which application threads were stopped: 0.0148760 seconds, Stopping threads took: 0.0000880 seconds
136.954: Application time: 0.0573240 seconds
136.954: [GC [PSYoungGen: 238560K->33760K(238592K)] 370898K->169916K(783360K), 0.0159940 secs] [Times: user=0.12 sys=0.00, real=0.02 secs] 
136.970: Total time for which application threads were stopped: 0.0161940 seconds, Stopping threads took: 0.0000930 seconds
137.072: Application time: 0.1019260 seconds
137.072: [GC [PSYoungGen: 238560K->33760K(238592K)] 374716K->226262K(783360K), 0.0376790 secs] [Times: user=0.29 sys=0.00, real=0.04 secs] 
137.110: Total time for which application threads were stopped: 0.0378840 seconds, Stopping threads took: 0.0000800 seconds
137.206: Application time: 0.0961300 seconds
137.206: [GC [PSYoungGen: 238560K->33776K(238592K)] 431062K->243781K(783360K), 0.0222250 secs] [Times: user=0.18 sys=0.00, real=0.02 secs] 
137.229: Total time for which application threads were stopped: 0.0224440 seconds, Stopping threads took: 0.0001040 seconds
137.294: Application time: 0.0649590 seconds
137.294: [GC [PSYoungGen: 238576K->33760K(238592K)] 448581K->243925K(783360K), 0.0167550 secs] [Times: user=0.13 sys=0.00, real=0.02 secs] 
137.311: Total time for which application threads were stopped: 0.0169600 seconds, Stopping threads took: 0.0000990 seconds
137.368: Application time: 0.0574230 seconds
137.368: [GC [PSYoungGen: 238560K->33760K(238592K)] 448725K->252148K(783360K), 0.0188240 secs] [Times: user=0.15 sys=0.00, real=0.02 secs] 
137.387: Total time for which application threads were stopped: 0.0190260 seconds, Stopping threads took: 0.0000940 seconds
137.494: Application time: 0.1066350 seconds
137.494: [GC [PSYoungGen: 238560K->33776K(238592K)] 456948K->306980K(783360K), 0.0385790 secs] [Times: user=0.31 sys=0.00, real=0.04 secs] 
137.533: Total time for which application threads were stopped: 0.0387850 seconds, Stopping threads took: 0.0000930 seconds
137.625: Application time: 0.0927750 seconds
137.625: [GC [PSYoungGen: 238576K->33760K(238592K)] 511780K->320802K(783360K), 0.0216820 secs] [Times: user=0.18 sys=0.00, real=0.02 secs] 
137.647: Total time for which application threads were stopped: 0.0219290 seconds, Stopping threads took: 0.0001180 seconds
137.711: Application time: 0.0638350 seconds
137.711: [GC [PSYoungGen: 238560K->33776K(238592K)] 525602K->320858K(783360K), 0.0171080 secs] [Times: user=0.13 sys=0.00, real=0.01 secs] 
137.728: Total time for which application threads were stopped: 0.0173150 seconds, Stopping threads took: 0.0000970 seconds
137.788: Application time: 0.0594690 seconds
137.788: [GC [PSYoungGen: 238576K->33776K(238592K)] 525658K->338465K(783360K), 0.0229220 secs] [Times: user=0.18 sys=0.00, real=0.03 secs] 
137.811: Total time for which application threads were stopped: 0.0231550 seconds, Stopping threads took: 0.0000900 seconds
137.922: Application time: 0.1106400 seconds
137.922: [GC [PSYoungGen: 238576K->33776K(238592K)] 543265K->383970K(783360K), 0.0359370 secs] [Times: user=0.29 sys=0.00, real=0.03 secs] 
137.958: Total time for which application threads were stopped: 0.0361440 seconds, Stopping threads took: 0.0000960 seconds
138.046: Application time: 0.0882430 seconds
138.046: [GC [PSYoungGen: 238576K->33776K(238592K)] 588770K->390270K(783360K), 0.0196380 secs] [Times: user=0.16 sys=0.00, real=0.02 secs] 
138.066: Total time for which application threads were stopped: 0.0198300 seconds, Stopping threads took: 0.0000800 seconds
138.128: Application time: 0.0623920 seconds
138.128: [GC [PSYoungGen: 238576K->33776K(238592K)] 595070K->390430K(783360K), 0.0182900 secs] [Times: user=0.14 sys=0.00, real=0.02 secs] 
138.147: Total time for which application threads were stopped: 0.0185140 seconds, Stopping threads took: 0.0001030 seconds
138.209: Application time: 0.0618820 seconds
138.209: [GC [PSYoungGen: 238576K->33760K(238592K)] 595230K->418908K(783360K), 0.0275230 secs] [Times: user=0.22 sys=0.00, real=0.03 secs] 
138.236: Total time for which application threads were stopped: 0.0277170 seconds, Stopping threads took: 0.0000820 seconds
138.351: Application time: 0.1144370 seconds
138.351: [GC [PSYoungGen: 238560K->33760K(238592K)] 623708K->457007K(783360K), 0.0325530 secs] [Times: user=0.26 sys=0.00, real=0.03 secs] 
138.384: Total time for which application threads were stopped: 0.0327690 seconds, Stopping threads took: 0.0001040 seconds
138.466: Application time: 0.0826530 seconds
138.466: [GC [PSYoungGen: 238560K->33760K(238592K)] 661807K->458871K(783360K), 0.0183990 secs] [Times: user=0.15 sys=0.00, real=0.02 secs] 
138.485: Total time for which application threads were stopped: 0.0186280 seconds, Stopping threads took: 0.0001150 seconds
138.547: Application time: 0.0616160 seconds
138.547: [GC [PSYoungGen: 238560K->33776K(238592K)] 663671K->458967K(783360K), 0.0178800 secs] [Times: user=0.14 sys=0.00, real=0.02 secs] 
138.565: Total time for which application threads were stopped: 0.0180870 seconds, Stopping threads took: 0.0000950 seconds
138.631: Application time: 0.0663880 seconds
138.631: [GC [PSYoungGen: 238576K->33760K(238592K)] 663767K->495422K(783360K), 0.0309550 secs] [Times: user=0.24 sys=0.00, real=0.03 secs] 
138.662: Total time for which application threads were stopped: 0.0311520 seconds, Stopping threads took: 0.0000800 seconds
138.778: Application time: 0.1156520 seconds
138.778: [GC [PSYoungGen: 238560K->33760K(238592K)] 700222K->525974K(783360K), 0.0320720 secs] [Times: user=0.24 sys=0.00, real=0.04 secs] 
138.810: [Full GC [PSYoungGen: 33760K->0K(238592K)] [ParOldGen: 492214K->78735K(544768K)] 525974K->78735K(783360K) [PSPermGen: 8871K->8871K(21504K)], 0.0860430 secs] [Times: user=0.63 sys=0.00, real=0.08 secs] 
138.896: Total time for which application threads were stopped: 0.1183840 seconds, Stopping threads took: 0.0000880 seconds
138.975: Application time: 0.0788760 seconds
138.975: [GC [PSYoungGen: 204800K->2528K(238592K)] 283535K->81263K(783360K), 0.0015770 secs] [Times: user=0.01 sys=0.00, real=0.00 secs] 
138.977: Total time for which application threads were stopped: 0.0017620 seconds, Stopping threads took: 0.0000870 seconds
139.037: Application time: 0.0605030 seconds
139.037: [GC [PSYoungGen: 207328K->4528K(238592K)] 286063K->83263K(783360K), 0.0020410 secs] [Times: user=0.02 sys=0.00, real=0.00 secs] 
139.040: Total time for which application threads were stopped: 0.0022510 seconds, Stopping threads took: 0.0001010 seconds
139.110: Application time: 0.0702880 seconds
139.110: [GC [PSYoungGen: 209328K->33776K(238592K)] 288063K->126092K(783360K), 0.0192950 secs] [Times: user=0.15 sys=0.00, real=0.02 secs] 
139.129: Total time for which application threads were stopped: 0.0194820 seconds, Stopping threads took: 0.0000800 seconds
139.244: Application time: 0.1147250 seconds
139.244: [GC [PSYoungGen: 238576K->33776K(238592K)] 330892K->151320K(783360K), 0.0239550 secs] [Times: user=0.19 sys=0.00, real=0.02 secs] 
139.268: Total time for which application threads were stopped: 0.0241720 seconds, Stopping threads took: 0.0000900 seconds
139.345: Application time: 0.0762880 seconds
139.345: [GC [PSYoungGen: 238576K->33776K(238592K)] 356120K->152072K(783360K), 0.0151980 secs] [Times: user=0.12 sys=0.00, real=0.01 secs] 
139.360: Total time for which application threads were stopped: 0.0153960 seconds, Stopping threads took: 0.0000830 seconds
139.420: Application time: 0.0602710 seconds
139.420: [GC [PSYoungGen: 238576K->33776K(238592K)] 356872K->156336K(783360K), 0.0160060 secs] [Times: user=0.12 sys=0.00, real=0.02 secs] 
139.436: Total time for which application threads were stopped: 0.0161930 seconds, Stopping threads took: 0.0000750 seconds
139.515: Application time: 0.0782270 seconds
139.515: [GC [PSYoungGen: 238576K->33776K(238592K)] 361136K->202362K(783360K), 0.0339260 secs] [Times: user=0.27 sys=0.00, real=0.03 secs] 
139.549: Total time for which application threads were stopped: 0.0341240 seconds, Stopping threads took: 0.0000890 seconds
139.660: Application time: 0.1110010 seconds
139.660: [GC [PSYoungGen: 238576K->33776K(238592K)] 407162K->222687K(783360K), 0.0231660 secs] [Times: user=0.18 sys=0.00, real=0.03 secs] 
139.683: Total time for which application threads were stopped: 0.0233730 seconds, Stopping threads took: 0.0000850 seconds
139.756: Application time: 0.0732230 seconds
139.757: [GC [PSYoungGen: 238576K->33776K(238592K)] 427487K->223815K(783360K), 0.0160610 secs] [Times: user=0.11 sys=0.00, real=0.02 secs] 
139.773: Total time for which application threads were stopped: 0.0162610 seconds, Stopping threads took: 0.0000750 seconds
139.833: Application time: 0.0599660 seconds
139.837: [GC [PSYoungGen: 238576K->33792K(238592K)] 428615K->229511K(783360K), 0.0177000 secs] [Times: user=0.14 sys=0.00, real=0.02 secs] 
139.855: Total time for which application threads were stopped: 0.0223470 seconds, Stopping threads took: 0.0045340 seconds
139.940: Application time: 0.0848580 seconds
139.940: [GC [PSYoungGen: 238592K->33760K(238592K)] 434311K->274750K(783360K), 0.0344020 secs] [Times: user=0.28 sys=0.00, real=0.04 secs] 
139.974: Total time for which application threads were stopped: 0.0346600 seconds, Stopping threads took: 0.0001470 seconds
140.080: Application time: 0.1052010 seconds
140.080: [GC [PSYoungGen: 238560K->33776K(238592K)] 479550K->293189K(783360K), 0.0232630 secs] [Times: user=0.18 sys=0.00, real=0.03 secs] 
140.103: Total time for which application threads were stopped: 0.0234630 seconds, Stopping threads took: 0.0000880 seconds
140.173: Application time: 0.0700900 seconds
140.173: [GC [PSYoungGen: 238576K->33792K(238592K)] 497989K->294005K(783360K), 0.0164150 secs] [Times: user=0.12 sys=0.00, real=0.02 secs] 
140.190: Total time for which application threads were stopped: 0.0166290 seconds, Stopping threads took: 0.0001030 seconds
140.250: Application time: 0.0598760 seconds
140.250: [GC [PSYoungGen: 238592K->33776K(238592K)] 498805K->300109K(783360K), 0.0186160 secs] [Times: user=0.15 sys=0.00, real=0.01 secs] 
140.269: Total time for which application threads were stopped: 0.0188180 seconds, Stopping threads took: 0.0000890 seconds
140.359: Application time: 0.0909330 seconds
140.360: [GC [PSYoungGen: 238576K->33760K(238592K)] 504909K->349052K(783360K), 0.0366690 secs] [Times: user=0.29 sys=0.00, real=0.04 secs] 
140.396: Total time for which application threads were stopped: 0.0369030 seconds, Stopping threads took: 0.0001060 seconds
140.497: Application time: 0.1008460 seconds
140.497: [GC [PSYoungGen: 238560K->33792K(238592K)] 553852K->365612K(783360K), 0.0243890 secs] [Times: user=0.17 sys=0.00, real=0.03 secs] 
140.522: Total time for which application threads were stopped: 0.0245880 seconds, Stopping threads took: 0.0000860 seconds
140.590: Application time: 0.0677260 seconds
140.590: [GC [PSYoungGen: 238592K->32832K(238592K)] 570412K->366164K(783360K), 0.0197770 secs] [Times: user=0.15 sys=0.00, real=0.02 secs] 
140.610: Total time for which application threads were stopped: 0.0200080 seconds, Stopping threads took: 0.0001060 seconds
140.670: Application time: 0.0601950 seconds
140.670: [GC [PSYoungGen: 237632K->23600K(238592K)] 570964K->372387K(783360K), 0.0196740 secs] [Times: user=0.15 sys=0.00, real=0.02 secs] 
140.690: Total time for which application threads were stopped: 0.0198880 seconds, Stopping threads took: 0.0001010 seconds
140.785: Application time: 0.0956150 seconds
140.785: [GC [PSYoungGen: 228400K->33776K(238592K)] 577187K->421505K(783360K), 0.0326160 secs] [Times: user=0.26 sys=0.00, real=0.03 secs] 
140.818: Total time for which application threads were stopped: 0.0328130 seconds, Stopping threads took: 0.0000880 seconds
140.915: Application time: 0.0969550 seconds
140.915: [GC [PSYoungGen: 238576K->33760K(238592K)] 626305K->431388K(783360K), 0.0219030 secs] [Times: user=0.17 sys=0.00, real=0.02 secs] 
140.937: Total time for which application threads were stopped: 0.0221250 seconds, Stopping threads took: 0.0000950 seconds
141.004: Application time: 0.0663350 seconds
141.005: [GC [PSYoungGen: 238560K->33760K(238592K)] 636188K->434180K(783360K), 0.0191790 secs] [Times: user=0.15 sys=0.00, real=0.02 secs] 
141.024: Total time for which application threads were stopped: 0.0208860 seconds, Stopping threads took: 0.0015920 seconds
141.085: Application time: 0.0607660 seconds
141.085: [GC [PSYoungGen: 238560K->33776K(238592K)] 638980K->442844K(783360K), 0.0212600 secs] [Times: user=0.17 sys=0.00, real=0.02 secs] 
141.107: Total time for which application threads were stopped: 0.0214860 seconds, Stopping threads took: 0.0001160 seconds
141.209: Application time: 0.1025190 seconds
141.209: [GC [PSYoungGen: 238576K->33760K(238592K)] 647644K->493096K(783360K), 0.0385040 secs] [Times: user=0.30 sys=0.00, real=0.03 secs] 
141.248: Total time for which application threads were stopped: 0.0387050 seconds, Stopping threads took: 0.0000910 seconds
141.340: Application time: 0.0917720 seconds
141.340: [GC [PSYoungGen: 238560K->33760K(238592K)] 697896K->508151K(783360K), 0.0243200 secs] [Times: user=0.19 sys=0.00, real=0.03 secs] 
141.364: Total time for which application threads were stopped: 0.0245300 seconds, Stopping threads took: 0.0000990 seconds
141.430: Application time: 0.0661000 seconds
141.430: [GC [PSYoungGen: 238560K->33776K(238592K)] 712951K->512979K(783360K), 0.0205880 secs] [Times: user=0.17 sys=0.00, real=0.02 secs] 
141.451: Total time for which application threads were stopped: 0.0208140 seconds, Stopping threads took: 0.0001010 seconds
141.513: Application time: 0.0620040 seconds
141.513: [GC [PSYoungGen: 238576K->33776K(238592K)] 717779K->526310K(783360K), 0.0240650 secs] [Times: user=0.19 sys=0.00, real=0.02 secs] 
141.537: [Full GC [PSYoungGen: 33776K->0K(238592K)] [ParOldGen: 492534K->70908K(544768K)] 526310K->70908K(783360K) [PSPermGen: 8871K->8871K(21504K)], 0.0730920 secs] [Times: user=0.52 sys=0.01, real=0.08 secs] 
141.611: Total time for which application threads were stopped: 0.0974160 seconds, Stopping threads took: 0.0000830 seconds
141.717: Application time: 0.1060070 seconds
141.717: [GC [PSYoungGen: 204800K->33760K(238592K)] 275708K->123091K(783360K), 0.0218160 secs] [Times: user=0.17 sys=0.00, real=0.02 secs] 
141.739: Total time for which application threads were stopped: 0.0220390 seconds, Stopping threads took: 0.0001120 seconds
141.827: Application time: 0.0881520 seconds
141.827: [GC [PSYoungGen: 238560K->33760K(238592K)] 327891K->129911K(783360K), 0.0163340 secs] [Times: user=0.12 sys=0.00, real=0.02 secs] 
141.843: Total time for which application threads were stopped: 0.0165440 seconds, Stopping threads took: 0.0000960 seconds
141.909: Application time: 0.0655640 seconds
141.909: [GC [PSYoungGen: 238560K->33776K(238592K)] 334711K->135811K(783360K), 0.0163610 secs] [Times: user=0.12 sys=0.01, real=0.02 secs] 
141.925: Total time for which application threads were stopped: 0.0165590 seconds, Stopping threads took: 0.0000850 seconds
141.989: Application time: 0.0634600 seconds
141.989: [GC [PSYoungGen: 238576K->33760K(238592K)] 340611K->155161K(783360K), 0.0211260 secs] [Times: user=0.16 sys=0.00, real=0.02 secs] 
142.010: Total time for which application threads were stopped: 0.0213520 seconds, Stopping threads took: 0.0001020 seconds
142.119: Application time: 0.1091000 seconds
142.120: [GC [PSYoungGen: 238560K->33776K(238592K)] 359961K->195220K(783360K), 0.0314270 secs] [Times: user=0.25 sys=0.00, real=0.04 secs] 
142.151: Total time for which application threads were stopped: 0.0316570 seconds, Stopping threads took: 0.0001170 seconds
142.235: Application time: 0.0839090 seconds
142.235: [GC [PSYoungGen: 238576K->33760K(238592K)] 400020K->201384K(783360K), 0.0170120 secs] [Times: user=0.13 sys=0.00, real=0.02 secs] 
142.252: Total time for which application threads were stopped: 0.0172130 seconds, Stopping threads took: 0.0000880 seconds
142.318: Application time: 0.0654540 seconds
142.318: [GC [PSYoungGen: 238560K->33776K(238592K)] 406184K->207520K(783360K), 0.0176620 secs] [Times: user=0.14 sys=0.00, real=0.02 secs] 
142.335: Total time for which application threads were stopped: 0.0178740 seconds, Stopping threads took: 0.0000990 seconds
142.401: Application time: 0.0658680 seconds
142.401: [GC [PSYoungGen: 238576K->33776K(238592K)] 412320K->237714K(783360K), 0.0268060 secs] [Times: user=0.21 sys=0.00, real=0.02 secs] 
142.428: Total time for which application threads were stopped: 0.0270240 seconds, Stopping threads took: 0.0001000 seconds
142.538: Application time: 0.1098350 seconds
142.538: [GC [PSYoungGen: 238576K->33760K(238592K)] 442514K->267699K(783360K), 0.0284610 secs] [Times: user=0.23 sys=0.00, real=0.03 secs] 
142.567: Total time for which application threads were stopped: 0.0286850 seconds, Stopping threads took: 0.0000970 seconds
142.648: Application time: 0.0813440 seconds
142.648: [GC [PSYoungGen: 238560K->33776K(238592K)] 472499K->270269K(783360K), 0.0166880 secs] [Times: user=0.13 sys=0.00, real=0.02 secs] 
142.665: Total time for which application threads were stopped: 0.0169010 seconds, Stopping threads took: 0.0001010 seconds
142.730: Application time: 0.0650770 seconds
142.730: [GC [PSYoungGen: 238576K->33776K(238592K)] 475069K->276496K(783360K), 0.0183660 secs] [Times: user=0.15 sys=0.00, real=0.01 secs] 
142.749: Total time for which application threads were stopped: 0.0185720 seconds, Stopping threads took: 0.0000940 seconds
142.818: Application time: 0.0694630 seconds
142.818: [GC [PSYoungGen: 238576K->33760K(238592K)] 481296K->312136K(783360K), 0.0302190 secs] [Times: user=0.24 sys=0.00, real=0.03 secs] 
142.849: Total time for which application threads were stopped: 0.0304100 seconds, Stopping threads took: 0.0000820 seconds
142.956: Application time: 0.1077220 seconds
142.957: [GC [PSYoungGen: 238560K->33776K(238592K)] 516936K->336789K(783360K), 0.0268230 secs] [Times: user=0.21 sys=0.00, real=0.03 secs] 
142.983: Total time for which application threads were stopped: 0.0270540 seconds, Stopping threads took: 0.0001160 seconds
143.062: Application time: 0.0788220 seconds
143.062: [GC [PSYoungGen: 238576K->33776K(238592K)] 541589K->342569K(783360K), 0.0174610 secs] [Times: user=0.14 sys=0.00, real=0.01 secs] 
143.080: Total time for which application threads were stopped: 0.0176750 seconds, Stopping threads took: 0.0000890 seconds
143.145: Application time: 0.0648860 seconds
143.145: [GC [PSYoungGen: 238576K->33760K(238592K)] 547369K->347520K(783360K), 0.0178840 secs] [Times: user=0.14 sys=0.00, real=0.02 secs] 
143.163: Total time for which application threads were stopped: 0.0180820 seconds, Stopping threads took: 0.0000860 seconds
143.237: Application time: 0.0736400 seconds
143.237: [GC [PSYoungGen: 238560K->33760K(238592K)] 552320K->383769K(783360K), 0.0310200 secs] [Times: user=0.24 sys=0.00, real=0.03 secs] 
143.268: Total time for which application threads were stopped: 0.0312190 seconds, Stopping threads took: 0.0000880 seconds
143.375: Application time: 0.1069160 seconds
143.375: [GC [PSYoungGen: 238560K->33792K(238592K)] 588569K->406024K(783360K), 0.0254070 secs] [Times: user=0.20 sys=0.00, real=0.02 secs] 
143.400: Total time for which application threads were stopped: 0.0256170 seconds, Stopping threads took: 0.0000990 seconds
143.477: Application time: 0.0768460 seconds
143.477: [GC [PSYoungGen: 238592K->33792K(238592K)] 610824K->412456K(783360K), 0.0201600 secs] [Times: user=0.14 sys=0.00, real=0.02 secs] 
143.498: Total time for which application threads were stopped: 0.0203520 seconds, Stopping threads took: 0.0000820 seconds
143.561: Application time: 0.0637380 seconds
143.561: [GC [PSYoungGen: 238592K->33760K(238592K)] 617256K->415296K(783360K), 0.0193950 secs] [Times: user=0.14 sys=0.00, real=0.01 secs] 
143.581: Total time for which application threads were stopped: 0.0196430 seconds, Stopping threads took: 0.0001350 seconds
143.661: Application time: 0.0804020 seconds
143.661: [GC [PSYoungGen: 238560K->33760K(238592K)] 620096K->457728K(783360K), 0.0351310 secs] [Times: user=0.28 sys=0.00, real=0.03 secs] 
143.697: Total time for which application threads were stopped: 0.0353770 seconds, Stopping threads took: 0.0001240 seconds
143.799: Application time: 0.1027060 seconds
143.800: [GC [PSYoungGen: 238560K->33792K(238592K)] 662528K->477183K(783360K), 0.0253390 secs] [Times: user=0.20 sys=0.00, real=0.03 secs] 
143.825: Total time for which application threads were stopped: 0.0255600 seconds, Stopping threads took: 0.0000990 seconds
143.901: Application time: 0.0756310 seconds
143.901: [GC [PSYoungGen: 238592K->33776K(238592K)] 681983K->485886K(783360K), 0.0217030 secs] [Times: user=0.17 sys=0.00, real=0.03 secs] 
143.922: Total time for which application threads were stopped: 0.0219040 seconds, Stopping threads took: 0.0000880 seconds
143.986: Application time: 0.0630480 seconds
143.986: [GC [PSYoungGen: 238576K->33776K(238592K)] 690686K->488778K(783360K), 0.0200120 secs] [Times: user=0.16 sys=0.00, real=0.02 secs] 
144.006: Total time for which application threads were stopped: 0.0202090 seconds, Stopping threads took: 0.0000830 seconds
144.091: Application time: 0.0855520 seconds
144.091: [GC [PSYoungGen: 238576K->33776K(238592K)] 693578K->532305K(783360K), 0.0365730 secs] [Times: user=0.29 sys=0.00, real=0.03 secs] 
144.128: [Full GC [PSYoungGen: 33776K->0K(238592K)] [ParOldGen: 498529K->77426K(544768K)] 532305K->77426K(783360K) [PSPermGen: 8871K->8871K(21504K)], 0.0820170 secs] [Times: user=0.60 sys=0.00, real=0.09 secs] 
144.210: Total time for which application threads were stopped: 0.1188620 seconds, Stopping threads took: 0.0000910 seconds
144.310: Application time: 0.1002750 seconds
144.311: [GC [PSYoungGen: 204800K->21760K(238592K)] 282226K->99186K(783360K), 0.0091650 secs] [Times: user=0.07 sys=0.00, real=0.00 secs] 
144.320: Total time for which application threads were stopped: 0.0094070 seconds, Stopping threads took: 0.0001170 seconds
144.393: Application time: 0.0736160 seconds
144.394: [GC [PSYoungGen: 226560K->28464K(238592K)] 303986K->105890K(783360K), 0.0111710 secs] [Times: user=0.09 sys=0.00, real=0.01 secs] 
144.405: Total time for which application threads were stopped: 0.0113730 seconds, Stopping threads took: 0.0000920 seconds
144.467: Application time: 0.0620900 seconds
144.467: [GC [PSYoungGen: 233264K->30752K(238592K)] 310690K->108178K(783360K), 0.0115810 secs] [Times: user=0.09 sys=0.00, real=0.01 secs] 
144.479: Total time for which application threads were stopped: 0.0117910 seconds, Stopping threads took: 0.0000950 seconds
144.569: Application time: 0.0900400 seconds
144.569: [GC [PSYoungGen: 235552K->33760K(238592K)] 312978K->150553K(783360K), 0.0309810 secs] [Times: user=0.24 sys=0.00, real=0.03 secs] 
144.600: Total time for which application threads were stopped: 0.0311700 seconds, Stopping threads took: 0.0000800 seconds
144.697: Application time: 0.0975220 seconds
144.698: [GC [PSYoungGen: 238560K->33760K(238592K)] 355353K->160441K(783360K), 0.0189470 secs] [Times: user=0.15 sys=0.00, real=0.02 secs] 
144.717: Total time for which application threads were stopped: 0.0191980 seconds, Stopping threads took: 0.0001380 seconds
144.789: Application time: 0.0723320 seconds
144.789: [GC [PSYoungGen: 238560K->33776K(238592K)] 365241K->166477K(783360K), 0.0178620 secs] [Times: user=0.13 sys=0.00, real=0.01 secs] 
144.807: Total time for which application threads were stopped: 0.0180910 seconds, Stopping threads took: 0.0001160 seconds
144.869: Application time: 0.0616030 seconds
144.869: [GC [PSYoungGen: 238576K->33776K(238592K)] 371277K->172466K(783360K), 0.0183680 secs] [Times: user=0.14 sys=0.00, real=0.02 secs] 
144.887: Total time for which application threads were stopped: 0.0185890 seconds, Stopping threads took: 0.0000960 seconds
144.981: Application time: 0.0934690 seconds
144.981: [GC [PSYoungGen: 238576K->33760K(238592K)] 377266K->217567K(783360K), 0.0345500 secs] [Times: user=0.27 sys=0.00, real=0.04 secs] 
145.016: Total time for which application threads were stopped: 0.0347650 seconds, Stopping threads took: 0.0001040 seconds
145.110: Application time: 0.0949170 seconds
145.111: [GC [PSYoungGen: 238560K->33776K(238592K)] 422367K->235183K(783360K), 0.0230070 secs] [Times: user=0.18 sys=0.00, real=0.02 secs] 
145.134: Total time for which application threads were stopped: 0.0232070 seconds, Stopping threads took: 0.0000850 seconds
145.205: Application time: 0.0713390 seconds
145.205: [GC [PSYoungGen: 238576K->33776K(238592K)] 439983K->242827K(783360K), 0.0193720 secs] [Times: user=0.14 sys=0.00, real=0.02 secs] 
145.225: Total time for which application threads were stopped: 0.0195780 seconds, Stopping threads took: 0.0000920 seconds
145.286: Application time: 0.0616840 seconds
145.286: [GC [PSYoungGen: 238576K->33776K(238592K)] 447627K->252411K(783360K), 0.0198900 secs] [Times: user=0.16 sys=0.00, real=0.02 secs] 
145.306: Total time for which application threads were stopped: 0.0200940 seconds, Stopping threads took: 0.0000930 seconds
145.403: Application time: 0.0964630 seconds
145.403: [GC [PSYoungGen: 238576K->33760K(238592K)] 457211K->295093K(783360K), 0.0343800 secs] [Times: user=0.27 sys=0.01, real=0.03 secs] 
145.437: Total time for which application threads were stopped: 0.0345930 seconds, Stopping threads took: 0.0000920 seconds
145.529: Application time: 0.0918690 seconds
145.529: [GC [PSYoungGen: 238560K->33792K(238592K)] 499893K->316090K(783360K), 0.0255570 secs] [Times: user=0.18 sys=0.00, real=0.02 secs] 
145.555: Total time for which application threads were stopped: 0.0257750 seconds, Stopping threads took: 0.0001050 seconds
145.626: Application time: 0.0708370 seconds
145.626: [GC [PSYoungGen: 238592K->33792K(238592K)] 520890K->320145K(783360K), 0.0197960 secs] [Times: user=0.15 sys=0.00, real=0.02 secs] 
145.646: Total time for which application threads were stopped: 0.0200080 seconds, Stopping threads took: 0.0000950 seconds
145.710: Application time: 0.0636310 seconds
145.710: [GC [PSYoungGen: 238592K->33760K(238592K)] 524945K->338332K(783360K), 0.0248390 secs] [Times: user=0.20 sys=0.00, real=0.02 secs] 
145.735: Total time for which application threads were stopped: 0.0250400 seconds, Stopping threads took: 0.0000930 seconds
145.833: Application time: 0.0983390 seconds
145.833: [GC [PSYoungGen: 238560K->33776K(238592K)] 543132K->375321K(783360K), 0.0339460 secs] [Times: user=0.27 sys=0.00, real=0.03 secs] 
145.867: Total time for which application threads were stopped: 0.0341490 seconds, Stopping threads took: 0.0000880 seconds
145.957: Application time: 0.0898810 seconds
145.957: [GC [PSYoungGen: 238576K->33760K(238592K)] 580121K->387901K(783360K), 0.0238570 secs] [Times: user=0.19 sys=0.00, real=0.02 secs] 
145.981: Total time for which application threads were stopped: 0.0240930 seconds, Stopping threads took: 0.0000970 seconds
146.050: Application time: 0.0691320 seconds
146.050: [GC [PSYoungGen: 238560K->33760K(238592K)] 592701K->389573K(783360K), 0.0220880 secs] [Times: user=0.17 sys=0.00, real=0.02 secs] 
146.073: Total time for which application threads were stopped: 0.0223000 seconds, Stopping threads took: 0.0001010 seconds
146.138: Application time: 0.0651640 seconds
146.138: [GC [PSYoungGen: 238560K->33760K(238592K)] 594373K->411566K(783360K), 0.0275190 secs] [Times: user=0.21 sys=0.00, real=0.03 secs] 
146.165: Total time for which application threads were stopped: 0.0277220 seconds, Stopping threads took: 0.0000930 seconds
146.266: Application time: 0.1003690 seconds
146.266: [GC [PSYoungGen: 238560K->33760K(238592K)] 616366K->444364K(783360K), 0.0320070 secs] [Times: user=0.26 sys=0.00, real=0.03 secs] 
146.298: Total time for which application threads were stopped: 0.0321990 seconds, Stopping threads took: 0.0000800 seconds
146.385: Application time: 0.0872880 seconds
146.385: [GC [PSYoungGen: 238560K->33760K(238592K)] 649164K->456355K(783360K), 0.0238030 secs] [Times: user=0.18 sys=0.00, real=0.03 secs] 
146.409: Total time for which application threads were stopped: 0.0240120 seconds, Stopping threads took: 0.0000940 seconds
146.477: Application time: 0.0676740 seconds
146.477: [GC [PSYoungGen: 238560K->33760K(238592K)] 661155K->459087K(783360K), 0.0212090 secs] [Times: user=0.17 sys=0.00, real=0.02 secs] 
146.498: Total time for which application threads were stopped: 0.0214370 seconds, Stopping threads took: 0.0000910 seconds
146.566: Application time: 0.0676890 seconds
146.566: [GC [PSYoungGen: 238560K->33776K(238592K)] 663887K->486206K(783360K), 0.0299040 secs] [Times: user=0.22 sys=0.00, real=0.03 secs] 
146.596: Total time for which application threads were stopped: 0.0301090 seconds, Stopping threads took: 0.0000840 seconds
146.697: Application time: 0.1008220 seconds
146.697: [GC [PSYoungGen: 238576K->33760K(238592K)] 691006K->514323K(783360K), 0.0311590 secs] [Times: user=0.24 sys=0.00, real=0.03 secs] 
146.728: Total time for which application threads were stopped: 0.0313580 seconds, Stopping threads took: 0.0000900 seconds
146.814: Application time: 0.0860740 seconds
146.815: [GC [PSYoungGen: 238560K->33760K(238592K)] 719123K->525827K(783360K), 0.0237380 secs] [Times: user=0.19 sys=0.00, real=0.02 secs] 
146.838: Total time for which application threads were stopped: 0.0239600 seconds, Stopping threads took: 0.0001080 seconds
146.905: Application time: 0.0665580 seconds
146.905: [GC [PSYoungGen: 238560K->33760K(238592K)] 730627K->528667K(783360K), 0.0213260 secs] [Times: user=0.16 sys=0.00, real=0.02 secs] 
146.927: Total time for which application threads were stopped: 0.0215330 seconds, Stopping threads took: 0.0000980 seconds
146.998: Application time: 0.0712670 seconds
146.998: [GC [PSYoungGen: 238560K->33776K(238592K)] 733467K->560420K(783360K), 0.0317870 secs] [Times: user=0.25 sys=0.00, real=0.04 secs] 
147.030: [Full GC [PSYoungGen: 33776K->0K(238592K)] [ParOldGen: 526644K->79538K(544768K)] 560420K->79538K(783360K) [PSPermGen: 8871K->8871K(21504K)], 0.0836090 secs] [Times: user=0.61 sys=0.00, real=0.08 secs] 
147.113: Total time for which application threads were stopped: 0.1156590 seconds, Stopping threads took: 0.0000790 seconds
147.214: Application time: 0.1002620 seconds
147.214: [GC [PSYoungGen: 204800K->28272K(238592K)] 284338K->107810K(783360K), 0.0118980 secs] [Times: user=0.09 sys=0.00, real=0.01 secs] 
147.226: Total time for which application threads were stopped: 0.0121030 seconds, Stopping threads took: 0.0000960 seconds
147.310: Application time: 0.0844330 seconds
147.310: [GC [PSYoungGen: 233072K->33776K(238592K)] 312610K->116802K(783360K), 0.0145750 secs] [Times: user=0.11 sys=0.00, real=0.01 secs] 
147.325: Total time for which application threads were stopped: 0.0147830 seconds, Stopping threads took: 0.0000950 seconds
147.390: Application time: 0.0652910 seconds
147.390: [GC [PSYoungGen: 238576K->33776K(238592K)] 321602K->119138K(783360K), 0.0140510 secs] [Times: user=0.11 sys=0.00, real=0.01 secs] 
147.405: Total time for which application threads were stopped: 0.0142810 seconds, Stopping threads took: 0.0001140 seconds
147.478: Application time: 0.0733370 seconds
147.478: [GC [PSYoungGen: 238576K->33760K(238592K)] 323938K->152405K(783360K), 0.0266580 secs] [Times: user=0.21 sys=0.00, real=0.03 secs] 
147.505: Total time for which application threads were stopped: 0.0268670 seconds, Stopping threads took: 0.0000960 seconds
147.605: Application time: 0.0998300 seconds
147.609: [GC [PSYoungGen: 238560K->33760K(238592K)] 357205K->174210K(783360K), 0.0234710 secs] [Times: user=0.18 sys=0.00, real=0.02 secs] 
147.633: Total time for which application threads were stopped: 0.0280900 seconds, Stopping threads took: 0.0044960 seconds
147.716: Application time: 0.0828850 seconds
147.716: [GC [PSYoungGen: 238560K->33760K(238592K)] 379010K->186725K(783360K), 0.0197410 secs] [Times: user=0.16 sys=0.00, real=0.02 secs] 
147.736: Total time for which application threads were stopped: 0.0199710 seconds, Stopping threads took: 0.0001170 seconds
147.800: Application time: 0.0643240 seconds
147.800: [GC [PSYoungGen: 238560K->33760K(238592K)] 391525K->189029K(783360K), 0.0165040 secs] [Times: user=0.13 sys=0.00, real=0.02 secs] 
147.817: Total time for which application threads were stopped: 0.0167020 seconds, Stopping threads took: 0.0000870 seconds
147.895: Application time: 0.0783930 seconds
147.895: [GC [PSYoungGen: 238560K->33776K(238592K)] 393829K->225734K(783360K), 0.0304680 secs] [Times: user=0.24 sys=0.00, real=0.03 secs] 
147.926: Total time for which application threads were stopped: 0.0306710 seconds, Stopping threads took: 0.0000900 seconds
148.024: Application time: 0.0984310 seconds
148.024: [GC [PSYoungGen: 238576K->33760K(238592K)] 430534K->254664K(783360K), 0.0270450 secs] [Times: user=0.21 sys=0.00, real=0.03 secs] 
148.051: Total time for which application threads were stopped: 0.0272450 seconds, Stopping threads took: 0.0000860 seconds
148.132: Application time: 0.0807580 seconds
148.132: [GC [PSYoungGen: 238560K->33760K(238592K)] 459464K->262858K(783360K), 0.0191760 secs] [Times: user=0.15 sys=0.00, real=0.02 secs] 
148.152: Total time for which application threads were stopped: 0.0193910 seconds, Stopping threads took: 0.0000930 seconds
148.215: Application time: 0.0638410 seconds
148.216: [GC [PSYoungGen: 238560K->33760K(238592K)] 467658K->267634K(783360K), 0.0177440 secs] [Times: user=0.14 sys=0.00, real=0.02 secs] 
148.233: Total time for which application threads were stopped: 0.0179490 seconds, Stopping threads took: 0.0000950 seconds
148.314: Application time: 0.0809650 seconds
148.317: [GC [PSYoungGen: 238560K->33760K(238592K)] 472434K->301459K(783360K), 0.0300740 secs] [Times: user=0.24 sys=0.00, real=0.03 secs] 
148.347: Total time for which application threads were stopped: 0.0330010 seconds, Stopping threads took: 0.0028170 seconds
148.447: Application time: 0.0992290 seconds
148.447: [GC [PSYoungGen: 238560K->33776K(238592K)] 506259K->327113K(783360K), 0.0288520 secs] [Times: user=0.23 sys=0.00, real=0.03 secs] 
148.476: Total time for which application threads were stopped: 0.0290840 seconds, Stopping threads took: 0.0001190 seconds
148.554: Application time: 0.0782730 seconds
148.557: [GC [PSYoungGen: 238576K->33776K(238592K)] 531913K->330281K(783360K), 0.0190430 secs] [Times: user=0.14 sys=0.00, real=0.02 secs] 
148.576: Total time for which application threads were stopped: 0.0223990 seconds, Stopping threads took: 0.0032420 seconds
148.640: Application time: 0.0639770 seconds
148.640: [GC [PSYoungGen: 238576K->33776K(238592K)] 535081K->338337K(783360K), 0.0201880 secs] [Times: user=0.14 sys=0.00, real=0.02 secs] 
148.661: Total time for which application threads were stopped: 0.0204050 seconds, Stopping threads took: 0.0000950 seconds
148.743: Application time: 0.0827400 seconds
148.744: [GC [PSYoungGen: 238576K->33760K(238592K)] 543137K->373312K(783360K), 0.0318250 secs] [Times: user=0.25 sys=0.00, real=0.03 secs] 
148.775: Total time for which application threads were stopped: 0.0320590 seconds, Stopping threads took: 0.0001230 seconds
148.877: Application time: 0.1011760 seconds
148.877: [GC [PSYoungGen: 238560K->33760K(238592K)] 578112K->396530K(783360K), 0.0294800 secs] [Times: user=0.24 sys=0.00, real=0.03 secs] 
148.906: Total time for which application threads were stopped: 0.0297000 seconds, Stopping threads took: 0.0001050 seconds
148.982: Application time: 0.0756970 seconds
148.982: [GC [PSYoungGen: 238560K->33776K(238592K)] 601330K->397946K(783360K), 0.0188640 secs] [Times: user=0.15 sys=0.00, real=0.02 secs] 
149.001: Total time for which application threads were stopped: 0.0190670 seconds, Stopping threads took: 0.0000900 seconds
149.064: Application time: 0.0625150 seconds
149.064: [GC [PSYoungGen: 238576K->33760K(238592K)] 602746K->402570K(783360K), 0.0199430 secs] [Times: user=0.14 sys=0.00, real=0.02 secs] 
149.084: Total time for which application threads were stopped: 0.0201440 seconds, Stopping threads took: 0.0000900 seconds
149.168: Application time: 0.0840160 seconds
149.168: [GC [PSYoungGen: 238560K->33776K(238592K)] 607370K->440891K(783360K), 0.0324770 secs] [Times: user=0.25 sys=0.00, real=0.03 secs] 
149.200: Total time for which application threads were stopped: 0.0326990 seconds, Stopping threads took: 0.0000960 seconds
149.302: Application time: 0.1010220 seconds
149.302: [GC [PSYoungGen: 238576K->33776K(238592K)] 645691K->461571K(783360K), 0.0265590 secs] [Times: user=0.21 sys=0.00, real=0.02 secs] 
149.328: Total time for which application threads were stopped: 0.0267620 seconds, Stopping threads took: 0.0000890 seconds
149.401: Application time: 0.0730820 seconds
149.402: [GC [PSYoungGen: 238576K->33776K(238592K)] 666371K->464403K(783360K), 0.0214070 secs] [Times: user=0.16 sys=0.00, real=0.02 secs] 
149.423: Total time for which application threads were stopped: 0.0216040 seconds, Stopping threads took: 0.0000860 seconds
149.486: Application time: 0.0628620 seconds
149.489: [GC [PSYoungGen: 238576K->33776K(238592K)] 669203K->479017K(783360K), 0.0258300 secs] [Times: user=0.20 sys=0.00, real=0.02 secs] 
149.515: Total time for which application threads were stopped: 0.0291960 seconds, Stopping threads took: 0.0032570 seconds
149.603: Application time: 0.0880710 seconds
149.603: [GC [PSYoungGen: 238576K->33760K(238592K)] 683817K->513010K(783360K), 0.0318650 secs] [Times: user=0.26 sys=0.00, real=0.03 secs] 
149.635: Total time for which application threads were stopped: 0.0320620 seconds, Stopping threads took: 0.0000840 seconds
149.734: Application time: 0.0992810 seconds
149.735: [GC [PSYoungGen: 238560K->33760K(238592K)] 717810K->531350K(783360K), 0.0270950 secs] [Times: user=0.21 sys=0.00, real=0.03 secs] 
149.762: [Full GC [PSYoungGen: 33760K->0K(238592K)] [ParOldGen: 497590K->77987K(544768K)] 531350K->77987K(783360K) [PSPermGen: 8871K->8871K(21504K)], 0.0843730 secs] [Times: user=0.62 sys=0.00, real=0.08 secs] 
149.846: Total time for which application threads were stopped: 0.1117380 seconds, Stopping threads took: 0.0000760 seconds
149.918: Application time: 0.0713520 seconds
149.918: [GC [PSYoungGen: 204800K->2720K(238592K)] 282787K->80707K(783360K), 0.0015070 secs] [Times: user=0.01 sys=0.00, real=0.00 secs] 
149.919: Total time for which application threads were stopped: 0.0016910 seconds, Stopping threads took: 0.0000860 seconds
149.983: Application time: 0.0640800 seconds
149.983: [GC [PSYoungGen: 207520K->21792K(238592K)] 285507K->99779K(783360K), 0.0084080 secs] [Times: user=0.07 sys=0.00, real=0.01 secs] 
149.992: Total time for which application threads were stopped: 0.0086080 seconds, Stopping threads took: 0.0000930 seconds
150.082: Application time: 0.0900360 seconds
150.082: [GC [PSYoungGen: 226592K->33776K(238592K)] 304579K->134726K(783360K), 0.0225540 secs] [Times: user=0.18 sys=0.00, real=0.02 secs] 
150.105: Total time for which application threads were stopped: 0.0227400 seconds, Stopping threads took: 0.0000770 seconds
150.203: Application time: 0.0978190 seconds
150.203: [GC [PSYoungGen: 238576K->33760K(238592K)] 339526K->150030K(783360K), 0.0210160 secs] [Times: user=0.16 sys=0.00, real=0.02 secs] 
150.224: Total time for which application threads were stopped: 0.0212210 seconds, Stopping threads took: 0.0000900 seconds
150.293: Application time: 0.0694120 seconds
150.293: [GC [PSYoungGen: 238560K->33760K(238592K)] 354830K->152262K(783360K), 0.0157080 secs] [Times: user=0.13 sys=0.00, real=0.02 secs] 
150.309: Total time for which application threads were stopped: 0.0159390 seconds, Stopping threads took: 0.0000990 seconds
150.373: Application time: 0.0643370 seconds
150.374: [GC [PSYoungGen: 238560K->33760K(238592K)] 357062K->175103K(783360K), 0.0238090 secs] [Times: user=0.18 sys=0.01, real=0.02 secs] 
150.397: Total time for which application threads were stopped: 0.0239740 seconds, Stopping threads took: 0.0000590 seconds
150.490: Application time: 0.0930700 seconds
150.491: [GC [PSYoungGen: 238560K->33776K(238592K)] 379903K->209341K(783360K), 0.0298320 secs] [Times: user=0.24 sys=0.00, real=0.02 secs] 
150.521: Total time for which application threads were stopped: 0.0300430 seconds, Stopping threads took: 0.0001000 seconds
150.616: Application time: 0.0950460 seconds
150.616: [GC [PSYoungGen: 238576K->33760K(238592K)] 414141K->220221K(783360K), 0.0202730 secs] [Times: user=0.16 sys=0.00, real=0.02 secs] 
150.636: Total time for which application threads were stopped: 0.0204800 seconds, Stopping threads took: 0.0000950 seconds
150.704: Application time: 0.0676410 seconds
150.704: [GC [PSYoungGen: 238560K->33760K(238592K)] 425021K->220965K(783360K), 0.0162370 secs] [Times: user=0.13 sys=0.00, real=0.01 secs] 
150.720: Total time for which application threads were stopped: 0.0164850 seconds, Stopping threads took: 0.0001350 seconds
150.787: Application time: 0.0673000 seconds
150.788: [GC [PSYoungGen: 238560K->33776K(238592K)] 425765K->247143K(783360K), 0.0262440 secs] [Times: user=0.20 sys=0.00, real=0.03 secs] 
150.814: Total time for which application threads were stopped: 0.0264530 seconds, Stopping threads took: 0.0000990 seconds
150.912: Application time: 0.0984850 seconds
150.913: [GC [PSYoungGen: 238576K->33776K(238592K)] 451943K->282328K(783360K), 0.0317090 secs] [Times: user=0.25 sys=0.00, real=0.03 secs] 
150.944: Total time for which application threads were stopped: 0.0319410 seconds, Stopping threads took: 0.0001110 seconds
151.034: Application time: 0.0899880 seconds
151.035: [GC [PSYoungGen: 238576K->33760K(238592K)] 487128K->292552K(783360K), 0.0207650 secs] [Times: user=0.17 sys=0.00, real=0.02 secs] 
151.055: Total time for which application threads were stopped: 0.0209600 seconds, Stopping threads took: 0.0000830 seconds
151.121: Application time: 0.0658370 seconds
151.121: [GC [PSYoungGen: 238560K->33760K(238592K)] 497352K->292808K(783360K), 0.0178900 secs] [Times: user=0.13 sys=0.00, real=0.01 secs] 
151.139: Total time for which application threads were stopped: 0.0180840 seconds, Stopping threads took: 0.0000830 seconds
151.208: Application time: 0.0689990 seconds
151.208: [GC [PSYoungGen: 238560K->33776K(238592K)] 497608K->320846K(783360K), 0.0284750 secs] [Times: user=0.22 sys=0.00, real=0.03 secs] 
151.237: Total time for which application threads were stopped: 0.0286840 seconds, Stopping threads took: 0.0001000 seconds
151.338: Application time: 0.1006660 seconds
151.338: [GC [PSYoungGen: 238576K->33776K(238592K)] 525646K->352275K(783360K), 0.0306790 secs] [Times: user=0.24 sys=0.00, real=0.03 secs] 
151.369: Total time for which application threads were stopped: 0.0308800 seconds, Stopping threads took: 0.0000890 seconds
151.455: Application time: 0.0869110 seconds
151.456: [GC [PSYoungGen: 238576K->33776K(238592K)] 557075K->361043K(783360K), 0.0206240 secs] [Times: user=0.16 sys=0.00, real=0.02 secs] 
151.476: Total time for which application threads were stopped: 0.0208430 seconds, Stopping threads took: 0.0000920 seconds
151.540: Application time: 0.0641220 seconds
151.541: [GC [PSYoungGen: 238576K->24304K(238592K)] 565843K->362176K(783360K), 0.0171490 secs] [Times: user=0.13 sys=0.00, real=0.02 secs] 
151.558: Total time for which application threads were stopped: 0.0173630 seconds, Stopping threads took: 0.0001020 seconds
151.629: Application time: 0.0716840 seconds
151.633: [GC [PSYoungGen: 229104K->33760K(238592K)] 566976K->392454K(783360K), 0.0250490 secs] [Times: user=0.20 sys=0.00, real=0.02 secs] 
151.658: Total time for which application threads were stopped: 0.0288010 seconds, Stopping threads took: 0.0036420 seconds
151.761: Application time: 0.1030890 seconds
151.761: [GC [PSYoungGen: 238560K->33760K(238592K)] 597254K->419700K(783360K), 0.0275060 secs] [Times: user=0.22 sys=0.00, real=0.02 secs] 
151.789: Total time for which application threads were stopped: 0.0277040 seconds, Stopping threads took: 0.0000820 seconds
151.873: Application time: 0.0837290 seconds
151.873: [GC [PSYoungGen: 238560K->33760K(238592K)] 624500K->423796K(783360K), 0.0195660 secs] [Times: user=0.16 sys=0.00, real=0.02 secs] 
151.893: Total time for which application threads were stopped: 0.0197870 seconds, Stopping threads took: 0.0001080 seconds
151.955: Application time: 0.0626740 seconds
151.955: [GC [PSYoungGen: 238560K->33760K(238592K)] 628596K->424444K(783360K), 0.0190210 secs] [Times: user=0.15 sys=0.00, real=0.02 secs] 
151.974: Total time for which application threads were stopped: 0.0192420 seconds, Stopping threads took: 0.0001070 seconds
152.048: Application time: 0.0736150 seconds
152.048: [GC [PSYoungGen: 238560K->33776K(238592K)] 629244K->455046K(783360K), 0.0294840 secs] [Times: user=0.24 sys=0.00, real=0.03 secs] 
152.078: Total time for which application threads were stopped: 0.0297080 seconds, Stopping threads took: 0.0001000 seconds
152.183: Application time: 0.1056140 seconds
152.184: [GC [PSYoungGen: 238576K->33776K(238592K)] 659846K->490123K(783360K), 0.0320640 secs] [Times: user=0.26 sys=0.00, real=0.03 secs] 
152.216: Total time for which application threads were stopped: 0.0322500 seconds, Stopping threads took: 0.0000730 seconds
152.296: Application time: 0.0807060 seconds
152.297: [GC [PSYoungGen: 238576K->33776K(238592K)] 694923K->494907K(783360K), 0.0190290 secs] [Times: user=0.15 sys=0.00, real=0.02 secs] 
152.316: Total time for which application threads were stopped: 0.0192630 seconds, Stopping threads took: 0.0001210 seconds
152.377: Application time: 0.0616600 seconds
152.377: [GC [PSYoungGen: 238576K->33776K(238592K)] 699707K->498811K(783360K), 0.0188710 secs] [Times: user=0.15 sys=0.00, real=0.02 secs] 
152.396: Total time for which application threads were stopped: 0.0190960 seconds, Stopping threads took: 0.0001110 seconds
152.472: Application time: 0.0751930 seconds
152.472: [GC [PSYoungGen: 238576K->33776K(238592K)] 703611K->529836K(783360K), 0.0303340 secs] [Times: user=0.24 sys=0.00, real=0.03 secs] 
152.502: [Full GC [PSYoungGen: 33776K->0K(238592K)] [ParOldGen: 496060K->80103K(544768K)] 529836K->80103K(783360K) [PSPermGen: 8871K->8871K(21504K)], 0.0837110 secs] [Times: user=0.61 sys=0.00, real=0.08 secs] 
152.586: Total time for which application threads were stopped: 0.1143180 seconds, Stopping threads took: 0.0000960 seconds
152.694: Application time: 0.1077550 seconds
152.694: [GC [PSYoungGen: 204800K->33776K(238592K)] 284903K->118327K(783360K), 0.0158500 secs] [Times: user=0.13 sys=0.00, real=0.02 secs] 
152.710: Total time for which application threads were stopped: 0.0160730 seconds, Stopping threads took: 0.0000970 seconds
152.787: Application time: 0.0775630 seconds
152.787: [GC [PSYoungGen: 238576K->33776K(238592K)] 323127K->118655K(783360K), 0.0134740 secs] [Times: user=0.10 sys=0.00, real=0.01 secs] 
152.801: Total time for which application threads were stopped: 0.0136740 seconds, Stopping threads took: 0.0000900 seconds
152.863: Application time: 0.0616290 seconds
152.863: [GC [PSYoungGen: 238576K->33776K(238592K)] 323455K->125743K(783360K), 0.0156080 secs] [Times: user=0.12 sys=0.00, real=0.01 secs] 
152.878: Total time for which application threads were stopped: 0.0157880 seconds, Stopping threads took: 0.0000690 seconds
152.959: Application time: 0.0801910 seconds
152.959: [GC [PSYoungGen: 238576K->33760K(238592K)] 330543K->161580K(783360K), 0.0277170 secs] [Times: user=0.22 sys=0.00, real=0.03 secs] 
152.987: Total time for which application threads were stopped: 0.0279420 seconds, Stopping threads took: 0.0001130 seconds
153.093: Application time: 0.1061750 seconds
153.093: [GC [PSYoungGen: 238560K->33760K(238592K)] 366380K->188074K(783360K), 0.0256010 secs] [Times: user=0.20 sys=0.00, real=0.02 secs] 
153.119: Total time for which application threads were stopped: 0.0258220 seconds, Stopping threads took: 0.0001080 seconds
153.193: Application time: 0.0741220 seconds
153.193: [GC [PSYoungGen: 238560K->33792K(238592K)] 392874K->191310K(783360K), 0.0165470 secs] [Times: user=0.13 sys=0.01, real=0.02 secs] 
153.209: Total time for which application threads were stopped: 0.0167640 seconds, Stopping threads took: 0.0001020 seconds
153.271: Application time: 0.0612970 seconds
153.271: [GC [PSYoungGen: 238592K->33760K(238592K)] 396110K->200689K(783360K), 0.0189600 secs] [Times: user=0.13 sys=0.00, real=0.02 secs] 
153.290: Total time for which application threads were stopped: 0.0191840 seconds, Stopping threads took: 0.0001050 seconds
153.375: Application time: 0.0846800 seconds
153.375: [GC [PSYoungGen: 238560K->33760K(238592K)] 405489K->242058K(783360K), 0.0319940 secs] [Times: user=0.26 sys=0.00, real=0.03 secs] 
153.407: Total time for which application threads were stopped: 0.0322060 seconds, Stopping threads took: 0.0001030 seconds
153.511: Application time: 0.1040980 seconds
153.513: [GC [PSYoungGen: 238560K->33792K(238592K)] 446858K->265053K(783360K), 0.0251870 secs] [Times: user=0.19 sys=0.00, real=0.02 secs] 
153.538: Total time for which application threads were stopped: 0.0275020 seconds, Stopping threads took: 0.0021960 seconds
153.611: Application time: 0.0723700 seconds
153.611: [GC [PSYoungGen: 238592K->33760K(238592K)] 469853K->265781K(783360K), 0.0162260 secs] [Times: user=0.13 sys=0.00, real=0.01 secs] 
153.627: Total time for which application threads were stopped: 0.0164500 seconds, Stopping threads took: 0.0001100 seconds
153.689: Application time: 0.0615060 seconds
153.689: [GC [PSYoungGen: 238560K->33776K(238592K)] 470581K->282151K(783360K), 0.0214690 secs] [Times: user=0.17 sys=0.00, real=0.03 secs] 
153.710: Total time for which application threads were stopped: 0.0216670 seconds, Stopping threads took: 0.0000850 seconds
153.801: Application time: 0.0902960 seconds
153.801: [GC [PSYoungGen: 238576K->33776K(238592K)] 486951K->323088K(783360K), 0.0333180 secs] [Times: user=0.26 sys=0.00, real=0.04 secs] 
153.834: Total time for which application threads were stopped: 0.0335210 seconds, Stopping threads took: 0.0000840 seconds
153.936: Application time: 0.1015950 seconds
153.936: [GC [PSYoungGen: 238576K->33760K(238592K)] 527888K->336216K(783360K), 0.0233760 secs] [Times: user=0.18 sys=0.00, real=0.02 secs] 
153.959: Total time for which application threads were stopped: 0.0235910 seconds, Stopping threads took: 0.0000970 seconds
154.029: Application time: 0.0691420 seconds
154.029: [GC [PSYoungGen: 238560K->33776K(238592K)] 541016K->336832K(783360K), 0.0190570 secs] [Times: user=0.14 sys=0.00, real=0.02 secs] 
154.048: Total time for which application threads were stopped: 0.0192600 seconds, Stopping threads took: 0.0000920 seconds
154.110: Application time: 0.0624000 seconds
154.110: [GC [PSYoungGen: 238576K->33760K(238592K)] 541632K->355416K(783360K), 0.0251360 secs] [Times: user=0.20 sys=0.00, real=0.02 secs] 
154.136: Total time for which application threads were stopped: 0.0253380 seconds, Stopping threads took: 0.0000910 seconds
154.231: Application time: 0.0951630 seconds
154.231: [GC [PSYoungGen: 238560K->33760K(238592K)] 560216K->396061K(783360K), 0.0360850 secs] [Times: user=0.29 sys=0.00, real=0.03 secs] 
154.267: Total time for which application threads were stopped: 0.0362740 seconds, Stopping threads took: 0.0000800 seconds
154.364: Application time: 0.0969810 seconds
154.364: [GC [PSYoungGen: 238560K->33776K(238592K)] 600861K->402661K(783360K), 0.0234470 secs] [Times: user=0.19 sys=0.00, real=0.02 secs] 
154.388: Total time for which application threads were stopped: 0.0236760 seconds, Stopping threads took: 0.0001030 seconds
154.455: Application time: 0.0669870 seconds
154.455: [GC [PSYoungGen: 238576K->33632K(238592K)] 607461K->402949K(783360K), 0.0224500 secs] [Times: user=0.18 sys=0.00, real=0.02 secs] 
154.477: Total time for which application threads were stopped: 0.0226760 seconds, Stopping threads took: 0.0001140 seconds
154.541: Application time: 0.0635200 seconds
154.541: [GC [PSYoungGen: 238432K->33776K(238592K)] 607749K->425757K(783360K), 0.0283100 secs] [Times: user=0.22 sys=0.00, real=0.03 secs] 
154.569: Total time for which application threads were stopped: 0.0285400 seconds, Stopping threads took: 0.0001110 seconds
154.671: Application time: 0.1017570 seconds
154.671: [GC [PSYoungGen: 238576K->33760K(238592K)] 630557K->459763K(783360K), 0.0327630 secs] [Times: user=0.25 sys=0.00, real=0.03 secs] 
154.704: Total time for which application threads were stopped: 0.0329570 seconds, Stopping threads took: 0.0000800 seconds
154.795: Application time: 0.0910460 seconds
154.795: [GC [PSYoungGen: 238560K->33776K(238592K)] 664563K->463827K(783360K), 0.0218400 secs] [Times: user=0.17 sys=0.00, real=0.02 secs] 
154.817: Total time for which application threads were stopped: 0.0220290 seconds, Stopping threads took: 0.0000790 seconds
154.883: Application time: 0.0655230 seconds
154.883: [GC [PSYoungGen: 238576K->33440K(238592K)] 668627K->464187K(783360K), 0.0207560 secs] [Times: user=0.17 sys=0.00, real=0.02 secs] 
154.904: Total time for which application threads were stopped: 0.0209650 seconds, Stopping threads took: 0.0000830 seconds
154.969: Application time: 0.0649490 seconds
154.969: [GC [PSYoungGen: 238240K->33776K(238592K)] 668987K->493436K(783360K), 0.0302000 secs] [Times: user=0.24 sys=0.00, real=0.03 secs] 
154.999: Total time for which application threads were stopped: 0.0304050 seconds, Stopping threads took: 0.0000950 seconds
155.104: Application time: 0.1051410 seconds
155.104: [GC [PSYoungGen: 238576K->33760K(238592K)] 698236K->525442K(783360K), 0.0325180 secs] [Times: user=0.25 sys=0.00, real=0.03 secs] 
155.137: [Full GC [PSYoungGen: 33760K->0K(238592K)] [ParOldGen: 491682K->79934K(544768K)] 525442K->79934K(783360K) [PSPermGen: 8871K->8871K(21504K)], 0.0843980 secs] [Times: user=0.62 sys=0.00, real=0.09 secs] 
155.221: Total time for which application threads were stopped: 0.1171930 seconds, Stopping threads took: 0.0000980 seconds
155.309: Application time: 0.0876240 seconds
155.309: [GC [PSYoungGen: 204800K->8704K(238592K)] 284734K->88638K(783360K), 0.0038060 secs] [Times: user=0.03 sys=0.00, real=0.00 secs] 
155.313: Total time for which application threads were stopped: 0.0040340 seconds, Stopping threads took: 0.0001050 seconds
155.377: Application time: 0.0635280 seconds
155.377: [GC [PSYoungGen: 213504K->8928K(238592K)] 293438K->88862K(783360K), 0.0037050 secs] [Times: user=0.03 sys=0.00, real=0.00 secs] 
155.380: Total time for which application threads were stopped: 0.0038940 seconds, Stopping threads took: 0.0000720 seconds
155.450: Application time: 0.0691800 seconds
155.450: [GC [PSYoungGen: 213728K->33760K(238592K)] 293662K->122992K(783360K), 0.0175100 secs] [Times: user=0.14 sys=0.00, real=0.01 secs] 
155.467: Total time for which application threads were stopped: 0.0177120 seconds, Stopping threads took: 0.0000780 seconds
155.573: Application time: 0.1057330 seconds
155.573: [GC [PSYoungGen: 238560K->33760K(238592K)] 327792K->153919K(783360K), 0.0273890 secs] [Times: user=0.22 sys=0.00, real=0.02 secs] 
155.601: Total time for which application threads were stopped: 0.0275890 seconds, Stopping threads took: 0.0000870 seconds
155.684: Application time: 0.0835900 seconds
155.684: [GC [PSYoungGen: 238560K->33760K(238592K)] 358719K->155831K(783360K), 0.0154740 secs] [Times: user=0.12 sys=0.00, real=0.01 secs] 
155.700: Total time for which application threads were stopped: 0.0156700 seconds, Stopping threads took: 0.0000850 seconds
155.762: Application time: 0.0620940 seconds
155.762: [GC [PSYoungGen: 238560K->33760K(238592K)] 360631K->155999K(783360K), 0.0149470 secs] [Times: user=0.11 sys=0.00, real=0.01 secs] 
155.777: Total time for which application threads were stopped: 0.0151590 seconds, Stopping threads took: 0.0001010 seconds
155.851: Application time: 0.0738100 seconds
155.851: [GC [PSYoungGen: 238560K->33776K(238592K)] 360799K->192007K(783360K), 0.0295610 secs] [Times: user=0.23 sys=0.00, real=0.02 secs] 
155.881: Total time for which application threads were stopped: 0.0297740 seconds, Stopping threads took: 0.0001030 seconds
155.987: Application time: 0.1059750 seconds
155.987: [GC [PSYoungGen: 238576K->33760K(238592K)] 396807K->218238K(783360K), 0.0258520 secs] [Times: user=0.20 sys=0.00, real=0.03 secs] 
156.013: Total time for which application threads were stopped: 0.0260660 seconds, Stopping threads took: 0.0000890 seconds
156.093: Application time: 0.0801900 seconds
156.097: [GC [PSYoungGen: 238560K->33760K(238592K)] 423038K->224926K(783360K), 0.0169950 secs] [Times: user=0.14 sys=0.00, real=0.02 secs] 
156.114: Total time for which application threads were stopped: 0.0211730 seconds, Stopping threads took: 0.0040670 seconds
156.175: Application time: 0.0612390 seconds
156.176: [GC [PSYoungGen: 238560K->33776K(238592K)] 429726K->225182K(783360K), 0.0146110 secs] [Times: user=0.11 sys=0.00, real=0.02 secs] 
156.190: Total time for which application threads were stopped: 0.0148510 seconds, Stopping threads took: 0.0001270 seconds
156.269: Application time: 0.0782760 seconds
156.269: [GC [PSYoungGen: 238576K->33776K(238592K)] 429982K->263490K(783360K), 0.0301480 secs] [Times: user=0.24 sys=0.00, real=0.03 secs] 
156.299: Total time for which application threads were stopped: 0.0303950 seconds, Stopping threads took: 0.0001240 seconds
156.405: Application time: 0.1055180 seconds
156.405: [GC [PSYoungGen: 238576K->33760K(238592K)] 468290K->288109K(783360K), 0.0249910 secs] [Times: user=0.19 sys=0.00, real=0.03 secs] 
156.430: Total time for which application threads were stopped: 0.0251940 seconds, Stopping threads took: 0.0000910 seconds
156.505: Application time: 0.0756550 seconds
156.506: [GC [PSYoungGen: 238560K->33776K(238592K)] 492909K->295233K(783360K), 0.0178840 secs] [Times: user=0.14 sys=0.00, real=0.02 secs] 
156.523: Total time for which application threads were stopped: 0.0181010 seconds, Stopping threads took: 0.0000900 seconds
156.584: Application time: 0.0600690 seconds
156.584: [GC [PSYoungGen: 238576K->33776K(238592K)] 500033K->295305K(783360K), 0.0174900 secs] [Times: user=0.13 sys=0.00, real=0.02 secs] 
156.601: Total time for which application threads were stopped: 0.0177070 seconds, Stopping threads took: 0.0001070 seconds
156.683: Application time: 0.0813740 seconds
156.683: [GC [PSYoungGen: 238576K->33760K(238592K)] 500105K->335121K(783360K), 0.0318730 secs] [Times: user=0.25 sys=0.00, real=0.03 secs] 
156.715: Total time for which application threads were stopped: 0.0320640 seconds, Stopping threads took: 0.0000780 seconds
156.820: Application time: 0.1052390 seconds
156.820: [GC [PSYoungGen: 238560K->33776K(238592K)] 539921K->364536K(783360K), 0.0279380 secs] [Times: user=0.22 sys=0.00, real=0.03 secs] 
156.848: Total time for which application threads were stopped: 0.0281470 seconds, Stopping threads took: 0.0000960 seconds
156.922: Application time: 0.0735900 seconds
156.922: [GC [PSYoungGen: 238576K->33776K(238592K)] 569336K->368676K(783360K), 0.0179910 secs] [Times: user=0.14 sys=0.00, real=0.01 secs] 
156.940: Total time for which application threads were stopped: 0.0181950 seconds, Stopping threads took: 0.0000910 seconds
157.000: Application time: 0.0601120 seconds
157.000: [GC [PSYoungGen: 238576K->22704K(238592K)] 573476K->372922K(783360K), 0.0186170 secs] [Times: user=0.15 sys=0.00, real=0.02 secs] 
157.019: Total time for which application threads were stopped: 0.0188370 seconds, Stopping threads took: 0.0001120 seconds
157.105: Application time: 0.0863770 seconds
157.105: [GC [PSYoungGen: 227504K->33776K(238592K)] 577722K->412156K(783360K), 0.0279070 secs] [Times: user=0.22 sys=0.00, real=0.03 secs] 
157.133: Total time for which application threads were stopped: 0.0281300 seconds, Stopping threads took: 0.0000970 seconds
157.236: Application time: 0.1028440 seconds
157.236: [GC [PSYoungGen: 238576K->33760K(238592K)] 616956K->429951K(783360K), 0.0241020 secs] [Times: user=0.19 sys=0.00, real=0.02 secs] 
157.261: Total time for which application threads were stopped: 0.0243210 seconds, Stopping threads took: 0.0001050 seconds
157.333: Application time: 0.0721400 seconds
157.333: [GC [PSYoungGen: 238560K->33776K(238592K)] 634751K->432559K(783360K), 0.0184300 secs] [Times: user=0.15 sys=0.00, real=0.02 secs] 
157.351: Total time for which application threads were stopped: 0.0186430 seconds, Stopping threads took: 0.0000990 seconds
157.412: Application time: 0.0608750 seconds
157.412: [GC [PSYoungGen: 238576K->33776K(238592K)] 637359K->445101K(783360K), 0.0223710 secs] [Times: user=0.17 sys=0.00, real=0.02 secs] 
157.435: Total time for which application threads were stopped: 0.0225900 seconds, Stopping threads took: 0.0001120 seconds
157.526: Application time: 0.0911110 seconds
157.526: [GC [PSYoungGen: 238576K->33760K(238592K)] 649901K->487527K(783360K), 0.0335790 secs] [Times: user=0.26 sys=0.00, real=0.03 secs] 
157.560: Total time for which application threads were stopped: 0.0337500 seconds, Stopping threads took: 0.0000610 seconds
157.660: Application time: 0.1000090 seconds
157.660: [GC [PSYoungGen: 238560K->33776K(238592K)] 692327K->503058K(783360K), 0.0243300 secs] [Times: user=0.19 sys=0.01, real=0.03 secs] 
157.684: Total time for which application threads were stopped: 0.0245550 seconds, Stopping threads took: 0.0000970 seconds
157.754: Application time: 0.0698950 seconds
157.754: [GC [PSYoungGen: 238576K->33776K(238592K)] 707858K->505722K(783360K), 0.0188290 secs] [Times: user=0.14 sys=0.00, real=0.02 secs] 
157.773: Total time for which application threads were stopped: 0.0190380 seconds, Stopping threads took: 0.0000950 seconds
157.836: Application time: 0.0626790 seconds
157.836: [GC [PSYoungGen: 238576K->33760K(238592K)] 710522K->525397K(783360K), 0.0248290 secs] [Times: user=0.19 sys=0.00, real=0.02 secs] 
157.861: Total time for which application threads were stopped: 0.0250170 seconds, Stopping threads took: 0.0000780 seconds
157.955: Application time: 0.0940670 seconds
157.955: [GC [PSYoungGen: 238560K->33776K(238592K)] 730197K->563307K(783360K), 0.0337350 secs] [Times: user=0.26 sys=0.00, real=0.03 secs] 
157.989: [Full GC [PSYoungGen: 33776K->0K(238592K)] [ParOldGen: 529531K->78257K(544768K)] 563307K->78257K(783360K) [PSPermGen: 8871K->8871K(21504K)], 0.0822630 secs] [Times: user=0.60 sys=0.00, real=0.09 secs] 
158.071: Total time for which application threads were stopped: 0.1162630 seconds, Stopping threads took: 0.0000850 seconds
158.168: Application time: 0.0963220 seconds
158.168: [GC [PSYoungGen: 204800K->18592K(238592K)] 283057K->96849K(783360K), 0.0079400 secs] [Times: user=0.06 sys=0.00, real=0.01 secs] 
158.176: Total time for which application threads were stopped: 0.0081670 seconds, Stopping threads took: 0.0001030 seconds
158.244: Application time: 0.0680680 seconds
158.244: [GC [PSYoungGen: 223392K->19296K(238592K)] 301649K->97553K(783360K), 0.0075160 secs] [Times: user=0.05 sys=0.00, real=0.01 secs] 
158.251: Total time for which application threads were stopped: 0.0077130 seconds, Stopping threads took: 0.0000830 seconds
158.316: Application time: 0.0645870 seconds
158.316: [GC [PSYoungGen: 224096K->33776K(238592K)] 302353K->122763K(783360K), 0.0167950 secs] [Times: user=0.13 sys=0.00, real=0.02 secs] 
158.333: Total time for which application threads were stopped: 0.0170430 seconds, Stopping threads took: 0.0001270 seconds
158.430: Application time: 0.0970710 seconds
158.430: [GC [PSYoungGen: 238576K->33760K(238592K)] 327563K->159709K(783360K), 0.0290640 secs] [Times: user=0.23 sys=0.00, real=0.02 secs] 
158.459: Total time for which application threads were stopped: 0.0292730 seconds, Stopping threads took: 0.0000990 seconds
158.552: Application time: 0.0926340 seconds
158.552: [GC [PSYoungGen: 238560K->33760K(238592K)] 364509K->167109K(783360K), 0.0175960 secs] [Times: user=0.14 sys=0.00, real=0.02 secs] 
158.570: Total time for which application threads were stopped: 0.0177900 seconds, Stopping threads took: 0.0000800 seconds
158.637: Application time: 0.0668240 seconds
158.637: [GC [PSYoungGen: 238560K->33776K(238592K)] 371909K->168661K(783360K), 0.0160570 secs] [Times: user=0.12 sys=0.00, real=0.02 secs] 
158.653: Total time for which application threads were stopped: 0.0165520 seconds, Stopping threads took: 0.0003860 seconds
158.721: Application time: 0.0674190 seconds
158.721: [GC [PSYoungGen: 238576K->33760K(238592K)] 373461K->199270K(783360K), 0.0268070 secs] [Times: user=0.21 sys=0.00, real=0.03 secs] 
158.748: Total time for which application threads were stopped: 0.0270290 seconds, Stopping threads took: 0.0000990 seconds
158.849: Application time: 0.1010040 seconds
158.849: [GC [PSYoungGen: 238560K->33776K(238592K)] 404070K->228671K(783360K), 0.0290930 secs] [Times: user=0.23 sys=0.00, real=0.03 secs] 
158.878: Total time for which application threads were stopped: 0.0292960 seconds, Stopping threads took: 0.0000930 seconds
158.964: Application time: 0.0864890 seconds
158.965: [GC [PSYoungGen: 238576K->33792K(238592K)] 433471K->235091K(783360K), 0.0197510 secs] [Times: user=0.16 sys=0.00, real=0.02 secs] 
158.984: Total time for which application threads were stopped: 0.0199550 seconds, Stopping threads took: 0.0000900 seconds
159.050: Application time: 0.0656700 seconds
159.050: [GC [PSYoungGen: 238592K->33776K(238592K)] 439891K->239275K(783360K), 0.0193250 secs] [Times: user=0.15 sys=0.00, real=0.02 secs] 
159.070: Total time for which application threads were stopped: 0.0195360 seconds, Stopping threads took: 0.0000900 seconds
159.140: Application time: 0.0700770 seconds
159.140: [GC [PSYoungGen: 238576K->33776K(238592K)] 444075K->271148K(783360K), 0.0306560 secs] [Times: user=0.24 sys=0.00, real=0.04 secs] 
159.171: Total time for which application threads were stopped: 0.0308600 seconds, Stopping threads took: 0.0000960 seconds
159.273: Application time: 0.1025040 seconds
159.273: [GC [PSYoungGen: 238576K->33792K(238592K)] 475948K->297335K(783360K), 0.0282780 secs] [Times: user=0.23 sys=0.00, real=0.03 secs] 
159.302: Total time for which application threads were stopped: 0.0284850 seconds, Stopping threads took: 0.0000810 seconds
159.385: Application time: 0.0833270 seconds
159.385: [GC [PSYoungGen: 238592K->33760K(238592K)] 502135K->303310K(783360K), 0.0182370 secs] [Times: user=0.15 sys=0.00, real=0.02 secs] 
159.403: Total time for which application threads were stopped: 0.0184460 seconds, Stopping threads took: 0.0000860 seconds
159.468: Application time: 0.0647090 seconds
159.468: [GC [PSYoungGen: 238560K->33760K(238592K)] 508110K->308629K(783360K), 0.0183280 secs] [Times: user=0.14 sys=0.00, real=0.02 secs] 
159.487: Total time for which application threads were stopped: 0.0185390 seconds, Stopping threads took: 0.0001010 seconds
159.560: Application time: 0.0737310 seconds
159.561: [GC [PSYoungGen: 238560K->33760K(238592K)] 513429K->340450K(783360K), 0.0296890 secs] [Times: user=0.23 sys=0.00, real=0.04 secs] 
159.590: Total time for which application threads were stopped: 0.0298820 seconds, Stopping threads took: 0.0000820 seconds
159.692: Application time: 0.1021270 seconds
159.693: [GC [PSYoungGen: 238560K->33760K(238592K)] 545250K->362557K(783360K), 0.0260840 secs] [Times: user=0.20 sys=0.00, real=0.02 secs] 
159.719: Total time for which application threads were stopped: 0.0262900 seconds, Stopping threads took: 0.0000940 seconds
159.800: Application time: 0.0809000 seconds
159.800: [GC [PSYoungGen: 238560K->33776K(238592K)] 567357K->366169K(783360K), 0.0203040 secs] [Times: user=0.16 sys=0.00, real=0.02 secs] 
159.820: Total time for which application threads were stopped: 0.0204990 seconds, Stopping threads took: 0.0000740 seconds
159.884: Application time: 0.0643060 seconds
159.885: [GC [PSYoungGen: 238576K->33760K(238592K)] 570969K->372608K(783360K), 0.0204510 secs] [Times: user=0.16 sys=0.00, real=0.02 secs] 
159.905: Total time for which application threads were stopped: 0.0206470 seconds, Stopping threads took: 0.0000860 seconds
159.983: Application time: 0.0781730 seconds
159.983: [GC [PSYoungGen: 238560K->33776K(238592K)] 577408K->403594K(783360K), 0.0295100 secs] [Times: user=0.24 sys=0.00, real=0.03 secs] 
160.013: Total time for which application threads were stopped: 0.0296980 seconds, Stopping threads took: 0.0000790 seconds
160.114: Application time: 0.1013890 seconds
160.114: [GC [PSYoungGen: 238576K->33760K(238592K)] 608394K->426604K(783360K), 0.0269190 secs] [Times: user=0.20 sys=0.00, real=0.03 secs] 
160.141: Total time for which application threads were stopped: 0.0271110 seconds, Stopping threads took: 0.0000800 seconds
160.219: Application time: 0.0779160 seconds
160.219: [GC [PSYoungGen: 238560K->33776K(238592K)] 631404K->432233K(783360K), 0.0206030 secs] [Times: user=0.16 sys=0.00, real=0.02 secs] 
160.240: Total time for which application threads were stopped: 0.0208180 seconds, Stopping threads took: 0.0001010 seconds
160.304: Application time: 0.0643110 seconds
160.305: [GC [PSYoungGen: 238576K->33776K(238592K)] 637033K->438409K(783360K), 0.0219350 secs] [Times: user=0.17 sys=0.00, real=0.02 secs] 
160.327: Total time for which application threads were stopped: 0.0221370 seconds, Stopping threads took: 0.0000790 seconds
160.408: Application time: 0.0817160 seconds
160.408: [GC [PSYoungGen: 238576K->33776K(238592K)] 643209K->471549K(783360K), 0.0327800 secs] [Times: user=0.26 sys=0.00, real=0.04 secs] 
160.441: Total time for which application threads were stopped: 0.0330000 seconds, Stopping threads took: 0.0000990 seconds
160.542: Application time: 0.1005120 seconds
160.542: [GC [PSYoungGen: 238576K->33760K(238592K)] 676349K->495228K(783360K), 0.0284840 secs] [Times: user=0.22 sys=0.00, real=0.03 secs] 
160.571: Total time for which application threads were stopped: 0.0286770 seconds, Stopping threads took: 0.0000800 seconds
160.646: Application time: 0.0758690 seconds
160.647: [GC [PSYoungGen: 238560K->33776K(238592K)] 700028K->500732K(783360K), 0.0203830 secs] [Times: user=0.16 sys=0.00, real=0.02 secs] 
160.667: Total time for which application threads were stopped: 0.0205910 seconds, Stopping threads took: 0.0000960 seconds
160.731: Application time: 0.0639030 seconds
160.731: [GC [PSYoungGen: 238576K->33760K(238592K)] 705532K->507387K(783360K), 0.0203560 secs] [Times: user=0.15 sys=0.00, real=0.02 secs] 
160.751: Total time for which application threads were stopped: 0.0205580 seconds, Stopping threads took: 0.0000910 seconds
160.836: Application time: 0.0849660 seconds
160.837: [GC [PSYoungGen: 238560K->33776K(238592K)] 712187K->543513K(783360K), 0.0335140 secs] [Times: user=0.26 sys=0.00, real=0.04 secs] 
160.870: [Full GC [PSYoungGen: 33776K->0K(238592K)] [ParOldGen: 509737K->81005K(544768K)] 543513K->81005K(783360K) [PSPermGen: 8871K->8871K(21504K)], 0.0849480 secs] [Times: user=0.63 sys=0.00, real=0.08 secs] 
160.955: Total time for which application threads were stopped: 0.1187640 seconds, Stopping threads took: 0.0001050 seconds
161.055: Application time: 0.0993510 seconds
161.055: [GC [PSYoungGen: 204800K->29344K(238592K)] 285805K->110349K(783360K), 0.0122390 secs] [Times: user=0.10 sys=0.00, real=0.01 secs] 
161.067: Total time for which application threads were stopped: 0.0124530 seconds, Stopping threads took: 0.0001010 seconds
161.140: Application time: 0.0732210 seconds
161.140: [GC [PSYoungGen: 234144K->33792K(238592K)] 315149K->116197K(783360K), 0.0131900 secs] [Times: user=0.10 sys=0.00, real=0.02 secs] 
161.154: Total time for which application threads were stopped: 0.0134090 seconds, Stopping threads took: 0.0001060 seconds
161.218: Application time: 0.0641080 seconds
161.218: [GC [PSYoungGen: 238592K->33792K(238592K)] 320997K->123629K(783360K), 0.0157940 secs] [Times: user=0.12 sys=0.00, real=0.02 secs] 
161.234: Total time for which application threads were stopped: 0.0160050 seconds, Stopping threads took: 0.0000980 seconds
161.322: Application time: 0.0880580 seconds
161.322: [GC [PSYoungGen: 238592K->33776K(238592K)] 328429K->158255K(783360K), 0.0275430 secs] [Times: user=0.21 sys=0.00, real=0.03 secs] 
161.350: Total time for which application threads were stopped: 0.0277330 seconds, Stopping threads took: 0.0000790 seconds
161.447: Application time: 0.0979560 seconds
161.448: [GC [PSYoungGen: 238576K->33760K(238592K)] 363055K->179893K(783360K), 0.0228780 secs] [Times: user=0.18 sys=0.00, real=0.03 secs] 
161.471: Total time for which application threads were stopped: 0.0230910 seconds, Stopping threads took: 0.0000900 seconds
161.542: Application time: 0.0717910 seconds
161.543: [GC [PSYoungGen: 238560K->33776K(238592K)] 384693K->186326K(783360K), 0.0169310 secs] [Times: user=0.13 sys=0.00, real=0.01 secs] 
161.560: Total time for which application threads were stopped: 0.0171410 seconds, Stopping threads took: 0.0000960 seconds
161.624: Application time: 0.0647980 seconds
161.624: [GC [PSYoungGen: 238576K->33760K(238592K)] 391126K->196012K(783360K), 0.0184880 secs] [Times: user=0.14 sys=0.00, real=0.02 secs] 
161.643: Total time for which application threads were stopped: 0.0186950 seconds, Stopping threads took: 0.0000960 seconds
161.734: Application time: 0.0908120 seconds
161.734: [GC [PSYoungGen: 238560K->33776K(238592K)] 400812K->235581K(783360K), 0.0313170 secs] [Times: user=0.25 sys=0.00, real=0.03 secs] 
161.765: Total time for which application threads were stopped: 0.0315020 seconds, Stopping threads took: 0.0000730 seconds
161.861: Application time: 0.0954680 seconds
161.861: [GC [PSYoungGen: 238576K->33760K(238592K)] 440381K->253952K(783360K), 0.0232230 secs] [Times: user=0.18 sys=0.00, real=0.03 secs] 
161.884: Total time for which application threads were stopped: 0.0234190 seconds, Stopping threads took: 0.0000850 seconds
161.955: Application time: 0.0707870 seconds
161.955: [GC [PSYoungGen: 238560K->33760K(238592K)] 458752K->262020K(783360K), 0.0186150 secs] [Times: user=0.15 sys=0.00, real=0.02 secs] 
161.974: Total time for which application threads were stopped: 0.0188470 seconds, Stopping threads took: 0.0001060 seconds
162.039: Application time: 0.0655510 seconds
162.040: [GC [PSYoungGen: 238560K->33760K(238592K)] 466820K->274558K(783360K), 0.0204780 secs] [Times: user=0.16 sys=0.00, real=0.02 secs] 
162.060: Total time for which application threads were stopped: 0.0206690 seconds, Stopping threads took: 0.0000800 seconds
162.153: Application time: 0.0933350 seconds
162.154: [GC [PSYoungGen: 238560K->33776K(238592K)] 479358K->311396K(783360K), 0.0316780 secs] [Times: user=0.24 sys=0.00, real=0.03 secs] 
162.185: Total time for which application threads were stopped: 0.0318790 seconds, Stopping threads took: 0.0000870 seconds
162.278: Application time: 0.0927910 seconds
162.278: [GC [PSYoungGen: 238576K->33776K(238592K)] 516196K->324555K(783360K), 0.0220440 secs] [Times: user=0.17 sys=0.00, real=0.02 secs] 
162.300: Total time for which application threads were stopped: 0.0222620 seconds, Stopping threads took: 0.0001040 seconds
162.371: Application time: 0.0710880 seconds
162.372: [GC [PSYoungGen: 238576K->33776K(238592K)] 529355K->333123K(783360K), 0.0205640 secs] [Times: user=0.15 sys=0.00, real=0.02 secs] 
162.392: Total time for which application threads were stopped: 0.0207730 seconds, Stopping threads took: 0.0000950 seconds
162.458: Application time: 0.0659080 seconds
162.458: [GC [PSYoungGen: 238576K->33760K(238592K)] 537923K->355681K(783360K), 0.0258490 secs] [Times: user=0.20 sys=0.00, real=0.03 secs] 
162.484: Total time for which application threads were stopped: 0.0260720 seconds, Stopping threads took: 0.0001010 seconds
162.580: Application time: 0.0956030 seconds
162.580: [GC [PSYoungGen: 238560K->33776K(238592K)] 560481K->388815K(783360K), 0.0313460 secs] [Times: user=0.24 sys=0.00, real=0.04 secs] 
162.611: Total time for which application threads were stopped: 0.0315420 seconds, Stopping threads took: 0.0000910 seconds
162.703: Application time: 0.0920230 seconds
162.704: [GC [PSYoungGen: 238576K->33760K(238592K)] 593615K->393564K(783360K), 0.0209270 secs] [Times: user=0.17 sys=0.00, real=0.02 secs] 
162.725: Total time for which application threads were stopped: 0.0211190 seconds, Stopping threads took: 0.0000810 seconds
162.795: Application time: 0.0709650 seconds
162.796: [GC [PSYoungGen: 238560K->33760K(238592K)] 598364K->399532K(783360K), 0.0214750 secs] [Times: user=0.17 sys=0.00, real=0.02 secs] 
162.817: Total time for which application threads were stopped: 0.0216800 seconds, Stopping threads took: 0.0000960 seconds
162.887: Application time: 0.0699820 seconds
162.887: [GC [PSYoungGen: 238560K->33776K(238592K)] 604332K->422148K(783360K), 0.0263600 secs] [Times: user=0.21 sys=0.00, real=0.03 secs] 
162.914: Total time for which application threads were stopped: 0.0265600 seconds, Stopping threads took: 0.0000940 seconds
163.009: Application time: 0.0954690 seconds
163.009: [GC [PSYoungGen: 238576K->33776K(238592K)] 626948K->453298K(783360K), 0.0301520 secs] [Times: user=0.24 sys=0.00, real=0.02 secs] 
163.040: Total time for which application threads were stopped: 0.0303710 seconds, Stopping threads took: 0.0000920 seconds
163.128: Application time: 0.0887690 seconds
163.128: [GC [PSYoungGen: 238576K->33776K(238592K)] 658098K->465545K(783360K), 0.0232350 secs] [Times: user=0.18 sys=0.00, real=0.03 secs] 
163.152: Total time for which application threads were stopped: 0.0234390 seconds, Stopping threads took: 0.0000930 seconds
163.222: Application time: 0.0699040 seconds
163.222: [GC [PSYoungGen: 238576K->33776K(238592K)] 670345K->469689K(783360K), 0.0208030 secs] [Times: user=0.16 sys=0.00, real=0.02 secs] 
163.243: Total time for which application threads were stopped: 0.0210080 seconds, Stopping threads took: 0.0000820 seconds
163.312: Application time: 0.0696530 seconds
163.312: [GC [PSYoungGen: 238576K->33776K(238592K)] 674489K->497033K(783360K), 0.0299050 secs] [Times: user=0.23 sys=0.00, real=0.03 secs] 
163.342: Total time for which application threads were stopped: 0.0301240 seconds, Stopping threads took: 0.0001100 seconds
163.441: Application time: 0.0984400 seconds
163.441: [GC [PSYoungGen: 238576K->33760K(238592K)] 701833K->524815K(783360K), 0.0314620 secs] [Times: user=0.25 sys=0.00, real=0.03 secs] 
163.473: Total time for which application threads were stopped: 0.0316750 seconds, Stopping threads took: 0.0000920 seconds
163.563: Application time: 0.0901230 seconds
163.565: [GC [PSYoungGen: 238560K->33760K(238592K)] 729615K->537230K(783360K), 0.0261470 secs] [Times: user=0.19 sys=0.00, real=0.03 secs] 
163.591: [Full GC [PSYoungGen: 33760K->0K(238592K)] [ParOldGen: 503470K->77999K(544768K)] 537230K->77999K(783360K) [PSPermGen: 8871K->8871K(21504K)], 0.0843390 secs] [Times: user=0.61 sys=0.00, real=0.08 secs] 
163.676: Total time for which application threads were stopped: 0.1130750 seconds, Stopping threads took: 0.0024100 seconds
163.745: Application time: 0.0696390 seconds
163.746: [GC [PSYoungGen: 204800K->4704K(238592K)] 282799K->82703K(783360K), 0.0020990 secs] [Times: user=0.02 sys=0.00, real=0.00 secs] 
163.748: Total time for which application threads were stopped: 0.0023080 seconds, Stopping threads took: 0.0001050 seconds
163.820: Application time: 0.0726870 seconds
163.821: [GC [PSYoungGen: 209504K->27280K(238592K)] 287503K->105279K(783360K), 0.0113430 secs] [Times: user=0.09 sys=0.00, real=0.02 secs] 
163.832: Total time for which application threads were stopped: 0.0115510 seconds, Stopping threads took: 0.0000930 seconds
163.927: Application time: 0.0953790 seconds
163.928: [GC [PSYoungGen: 232080K->33760K(238592K)] 310079K->136014K(783360K), 0.0228880 secs] [Times: user=0.18 sys=0.00, real=0.03 secs] 
163.950: Total time for which application threads were stopped: 0.0230990 seconds, Stopping threads took: 0.0000970 seconds
164.036: Application time: 0.0859110 seconds
164.037: [GC [PSYoungGen: 238560K->33760K(238592K)] 340814K->149369K(783360K), 0.0194460 secs] [Times: user=0.16 sys=0.00, real=0.02 secs] 
164.056: Total time for which application threads were stopped: 0.0196660 seconds, Stopping threads took: 0.0001080 seconds
164.124: Application time: 0.0681920 seconds
164.124: [GC [PSYoungGen: 238560K->33776K(238592K)] 354169K->155837K(783360K), 0.0168790 secs] [Times: user=0.14 sys=0.00, real=0.02 secs] 
164.141: Total time for which application threads were stopped: 0.0171040 seconds, Stopping threads took: 0.0000990 seconds
164.215: Application time: 0.0737780 seconds
164.215: [GC [PSYoungGen: 238576K->33776K(238592K)] 360637K->177587K(783360K), 0.0239550 secs] [Times: user=0.19 sys=0.00, real=0.02 secs] 
164.239: Total time for which application threads were stopped: 0.0241630 seconds, Stopping threads took: 0.0000970 seconds
164.335: Application time: 0.0960500 seconds
164.335: [GC [PSYoungGen: 238576K->33760K(238592K)] 382387K->208669K(783360K), 0.0291040 secs] [Times: user=0.23 sys=0.00, real=0.03 secs] 
164.365: Total time for which application threads were stopped: 0.0293210 seconds, Stopping threads took: 0.0001040 seconds
164.450: Application time: 0.0854010 seconds
164.450: [GC [PSYoungGen: 238560K->33776K(238592K)] 413469K->222660K(783360K), 0.0212590 secs] [Times: user=0.16 sys=0.00, real=0.02 secs] 
164.472: Total time for which application threads were stopped: 0.0214620 seconds, Stopping threads took: 0.0000910 seconds
164.539: Application time: 0.0672110 seconds
164.539: [GC [PSYoungGen: 238576K->33776K(238592K)] 427460K->229771K(783360K), 0.0186740 secs] [Times: user=0.14 sys=0.00, real=0.02 secs] 
164.558: Total time for which application threads were stopped: 0.0188720 seconds, Stopping threads took: 0.0000860 seconds
164.633: Application time: 0.0754550 seconds
164.633: [GC [PSYoungGen: 238576K->33760K(238592K)] 434571K->258016K(783360K), 0.0273750 secs] [Times: user=0.22 sys=0.00, real=0.02 secs] 
164.661: Total time for which application threads were stopped: 0.0275850 seconds, Stopping threads took: 0.0000900 seconds
164.756: Application time: 0.0956100 seconds
164.756: [GC [PSYoungGen: 238560K->33760K(238592K)] 462816K->284399K(783360K), 0.0268960 secs] [Times: user=0.22 sys=0.00, real=0.03 secs] 
164.783: Total time for which application threads were stopped: 0.0271260 seconds, Stopping threads took: 0.0001190 seconds
164.867: Application time: 0.0837400 seconds
164.867: [GC [PSYoungGen: 238560K->33776K(238592K)] 489199K->299014K(783360K), 0.0221440 secs] [Times: user=0.17 sys=0.00, real=0.03 secs] 
164.889: Total time for which application threads were stopped: 0.0223610 seconds, Stopping threads took: 0.0001060 seconds
164.957: Application time: 0.0670460 seconds
164.957: [GC [PSYoungGen: 238576K->33776K(238592K)] 503814K->305291K(783360K), 0.0197300 secs] [Times: user=0.16 sys=0.00, real=0.02 secs] 
164.976: Total time for which application threads were stopped: 0.0199390 seconds, Stopping threads took: 0.0000940 seconds
165.054: Application time: 0.0774270 seconds
165.054: [GC [PSYoungGen: 238576K->33776K(238592K)] 510091K->336448K(783360K), 0.0302910 secs] [Times: user=0.23 sys=0.00, real=0.03 secs] 
165.084: Total time for which application threads were stopped: 0.0304770 seconds, Stopping threads took: 0.0000740 seconds
165.180: Application time: 0.0959640 seconds
165.181: [GC [PSYoungGen: 238576K->33792K(238592K)] 541248K->363974K(783360K), 0.0283190 secs] [Times: user=0.23 sys=0.00, real=0.03 secs] 
165.209: Total time for which application threads were stopped: 0.0285270 seconds, Stopping threads took: 0.0000880 seconds
165.291: Application time: 0.0819660 seconds
165.291: [GC [PSYoungGen: 238592K->33792K(238592K)] 568774K->373870K(783360K), 0.0206830 secs] [Times: user=0.16 sys=0.00, real=0.02 secs] 
165.312: Total time for which application threads were stopped: 0.0208950 seconds, Stopping threads took: 0.0001000 seconds
165.378: Application time: 0.0665190 seconds
165.378: [GC [PSYoungGen: 238592K->33312K(238592K)] 578670K->382476K(783360K), 0.0200820 secs] [Times: user=0.15 sys=0.00, real=0.02 secs] 
165.399: Total time for which application threads were stopped: 0.0202920 seconds, Stopping threads took: 0.0000980 seconds
165.478: Application time: 0.0792370 seconds
165.478: [GC [PSYoungGen: 238112K->33776K(238592K)] 587276K->411069K(783360K), 0.0272430 secs] [Times: user=0.22 sys=0.00, real=0.03 secs] 
165.505: Total time for which application threads were stopped: 0.0274590 seconds, Stopping threads took: 0.0001050 seconds
165.602: Application time: 0.0968270 seconds
165.602: [GC [PSYoungGen: 238576K->33776K(238592K)] 615869K->432866K(783360K), 0.0259410 secs] [Times: user=0.20 sys=0.00, real=0.02 secs] 
165.628: Total time for which application threads were stopped: 0.0261550 seconds, Stopping threads took: 0.0001030 seconds
165.708: Application time: 0.0794620 seconds
165.708: [GC [PSYoungGen: 238576K->33776K(238592K)] 637666K->439669K(783360K), 0.0199140 secs] [Times: user=0.15 sys=0.00, real=0.02 secs] 
165.728: Total time for which application threads were stopped: 0.0201340 seconds, Stopping threads took: 0.0000900 seconds
165.794: Application time: 0.0666090 seconds
165.795: [GC [PSYoungGen: 238576K->33760K(238592K)] 644469K->454079K(783360K), 0.0227560 secs] [Times: user=0.18 sys=0.00, real=0.02 secs] 
165.817: Total time for which application threads were stopped: 0.0229430 seconds, Stopping threads took: 0.0000770 seconds
165.899: Application time: 0.0814650 seconds
165.899: [GC [PSYoungGen: 238560K->33760K(238592K)] 658879K->481257K(783360K), 0.0292290 secs] [Times: user=0.23 sys=0.00, real=0.03 secs] 
165.928: Total time for which application threads were stopped: 0.0294190 seconds, Stopping threads took: 0.0000820 seconds
166.025: Application time: 0.0970110 seconds
166.025: [GC [PSYoungGen: 238560K->33776K(238592K)] 686057K->506076K(783360K), 0.0279370 secs] [Times: user=0.22 sys=0.01, real=0.03 secs] 
166.053: Total time for which application threads were stopped: 0.0281400 seconds, Stopping threads took: 0.0000920 seconds
166.130: Application time: 0.0767400 seconds
166.130: [GC [PSYoungGen: 238576K->33776K(238592K)] 710876K->510256K(783360K), 0.0194260 secs] [Times: user=0.15 sys=0.00, real=0.02 secs] 
166.150: Total time for which application threads were stopped: 0.0196310 seconds, Stopping threads took: 0.0000910 seconds
166.216: Application time: 0.0662500 seconds
166.216: [GC [PSYoungGen: 238576K->33760K(238592K)] 715056K->526766K(783360K), 0.0240720 secs] [Times: user=0.19 sys=0.00, real=0.02 secs] 
166.240: Total time for which application threads were stopped: 0.0242890 seconds, Stopping threads took: 0.0000960 seconds
166.324: Application time: 0.0832140 seconds
166.324: [GC [PSYoungGen: 238560K->33760K(238592K)] 731566K->552576K(783360K), 0.0296180 secs] [Times: user=0.23 sys=0.00, real=0.03 secs] 
166.353: [Full GC [PSYoungGen: 33760K->0K(238592K)] [ParOldGen: 518816K->78103K(544768K)] 552576K->78103K(783360K) [PSPermGen: 8871K->8871K(21504K)], 0.0842500 secs] [Times: user=0.61 sys=0.00, real=0.08 secs] 
166.438: Total time for which application threads were stopped: 0.1141220 seconds, Stopping threads took: 0.0000820 seconds
166.535: Application time: 0.0969610 seconds
166.535: [GC [PSYoungGen: 204800K->28160K(238592K)] 282903K->106263K(783360K), 0.0118120 secs] [Times: user=0.09 sys=0.00, real=0.01 secs] 
166.547: Total time for which application threads were stopped: 0.0120550 seconds, Stopping threads took: 0.0001310 seconds
166.622: Application time: 0.0751310 seconds
166.622: [GC [PSYoungGen: 232960K->31696K(238592K)] 311063K->109799K(783360K), 0.0119660 secs] [Times: user=0.10 sys=0.00, real=0.01 secs] 
166.634: Total time for which application threads were stopped: 0.0121940 seconds, Stopping threads took: 0.0001140 seconds
166.702: Application time: 0.0677640 seconds
166.702: [GC [PSYoungGen: 236496K->33776K(238592K)] 314599K->127538K(783360K), 0.0193040 secs] [Times: user=0.15 sys=0.00, real=0.02 secs] 
166.721: Total time for which application threads were stopped: 0.0194810 seconds, Stopping threads took: 0.0000660 seconds
166.806: Application time: 0.0847970 seconds
166.806: [GC [PSYoungGen: 238576K->33760K(238592K)] 332338K->153680K(783360K), 0.0243560 secs] [Times: user=0.19 sys=0.00, real=0.03 secs] 
166.831: Total time for which application threads were stopped: 0.0245810 seconds, Stopping threads took: 0.0000930 seconds
166.927: Application time: 0.0968100 seconds
166.928: [GC [PSYoungGen: 238560K->33760K(238592K)] 358480K->173930K(783360K), 0.0227060 secs] [Times: user=0.18 sys=0.00, real=0.03 secs] 
166.950: Total time for which application threads were stopped: 0.0229180 seconds, Stopping threads took: 0.0001010 seconds
167.023: Application time: 0.0721500 seconds
167.023: [GC [PSYoungGen: 238560K->33776K(238592K)] 378730K->176111K(783360K), 0.0154220 secs] [Times: user=0.12 sys=0.00, real=0.01 secs] 
167.038: Total time for which application threads were stopped: 0.0156400 seconds, Stopping threads took: 0.0001060 seconds
167.107: Application time: 0.0687260 seconds
167.107: [GC [PSYoungGen: 238576K->33776K(238592K)] 380911K->195205K(783360K), 0.0225190 secs] [Times: user=0.17 sys=0.00, real=0.03 secs] 
167.130: Total time for which application threads were stopped: 0.0227230 seconds, Stopping threads took: 0.0000940 seconds
167.216: Application time: 0.0860010 seconds
167.216: [GC [PSYoungGen: 238576K->33776K(238592K)] 400005K->225206K(783360K), 0.0277740 secs] [Times: user=0.21 sys=0.00, real=0.03 secs] 
167.244: Total time for which application threads were stopped: 0.0279880 seconds, Stopping threads took: 0.0001040 seconds
167.339: Application time: 0.0951960 seconds
167.339: [GC [PSYoungGen: 238576K->33792K(238592K)] 430006K->241962K(783360K), 0.0231990 secs] [Times: user=0.18 sys=0.00, real=0.03 secs] 
167.362: Total time for which application threads were stopped: 0.0234630 seconds, Stopping threads took: 0.0001410 seconds
167.433: Application time: 0.0708430 seconds
167.433: [GC [PSYoungGen: 238592K->33776K(238592K)] 446762K->243474K(783360K), 0.0186670 secs] [Times: user=0.15 sys=0.00, real=0.02 secs] 
167.452: Total time for which application threads were stopped: 0.0188560 seconds, Stopping threads took: 0.0000750 seconds
167.523: Application time: 0.0706130 seconds
167.523: [GC [PSYoungGen: 238576K->33760K(238592K)] 448274K->265388K(783360K), 0.0261140 secs] [Times: user=0.21 sys=0.00, real=0.02 secs] 
167.549: Total time for which application threads were stopped: 0.0263120 seconds, Stopping threads took: 0.0000870 seconds
167.638: Application time: 0.0888100 seconds
167.638: [GC [PSYoungGen: 238560K->33760K(238592K)] 470188K->298761K(783360K), 0.0300000 secs] [Times: user=0.24 sys=0.00, real=0.03 secs] 
167.668: Total time for which application threads were stopped: 0.0301860 seconds, Stopping threads took: 0.0000770 seconds
167.761: Application time: 0.0931950 seconds
167.761: [GC [PSYoungGen: 238560K->33760K(238592K)] 503561K->313960K(783360K), 0.0214870 secs] [Times: user=0.17 sys=0.00, real=0.02 secs] 
167.783: Total time for which application threads were stopped: 0.0216850 seconds, Stopping threads took: 0.0000870 seconds
167.851: Application time: 0.0681710 seconds
167.853: [GC [PSYoungGen: 238560K->33760K(238592K)] 518760K->317916K(783360K), 0.0167660 secs] [Times: user=0.14 sys=0.00, real=0.02 secs] 
167.870: Total time for which application threads were stopped: 0.0189760 seconds, Stopping threads took: 0.0020880 seconds
167.942: Application time: 0.0722890 seconds
167.942: [GC [PSYoungGen: 238560K->33760K(238592K)] 522716K->343271K(783360K), 0.0257150 secs] [Times: user=0.20 sys=0.00, real=0.02 secs] 
167.968: Total time for which application threads were stopped: 0.0259050 seconds, Stopping threads took: 0.0000810 seconds
168.060: Application time: 0.0913380 seconds
168.060: [GC [PSYoungGen: 238560K->33776K(238592K)] 548071K->377884K(783360K), 0.0298710 secs] [Times: user=0.24 sys=0.00, real=0.04 secs] 
168.090: Total time for which application threads were stopped: 0.0300720 seconds, Stopping threads took: 0.0000930 seconds
168.179: Application time: 0.0895440 seconds
168.179: [GC [PSYoungGen: 238576K->33776K(238592K)] 582684K->385748K(783360K), 0.0206290 secs] [Times: user=0.16 sys=0.00, real=0.02 secs] 
168.200: Total time for which application threads were stopped: 0.0208330 seconds, Stopping threads took: 0.0000910 seconds
168.267: Application time: 0.0675210 seconds
168.269: [GC [PSYoungGen: 238576K->33760K(238592K)] 590548K->392259K(783360K), 0.0204130 secs] [Times: user=0.16 sys=0.00, real=0.02 secs] 
168.290: Total time for which application threads were stopped: 0.0221050 seconds, Stopping threads took: 0.0015840 seconds
168.363: Application time: 0.0731220 seconds
168.363: [GC [PSYoungGen: 238560K->33760K(238592K)] 597059K->416658K(783360K), 0.0262850 secs] [Times: user=0.21 sys=0.00, real=0.03 secs] 
168.389: Total time for which application threads were stopped: 0.0265220 seconds, Stopping threads took: 0.0001180 seconds
168.485: Application time: 0.0955190 seconds
168.485: [GC [PSYoungGen: 238560K->33776K(238592K)] 621458K->444915K(783360K), 0.0287950 secs] [Times: user=0.23 sys=0.00, real=0.03 secs] 
168.514: Total time for which application threads were stopped: 0.0289920 seconds, Stopping threads took: 0.0000900 seconds
168.600: Application time: 0.0862060 seconds
168.600: [GC [PSYoungGen: 238576K->33776K(238592K)] 649715K->455111K(783360K), 0.0202680 secs] [Times: user=0.16 sys=0.00, real=0.02 secs] 
168.620: Total time for which application threads were stopped: 0.0204550 seconds, Stopping threads took: 0.0000730 seconds
168.687: Application time: 0.0668470 seconds
168.687: [GC [PSYoungGen: 238576K->33776K(238592K)] 659911K->463855K(783360K), 0.0202100 secs] [Times: user=0.16 sys=0.00, real=0.02 secs] 
168.708: Total time for which application threads were stopped: 0.0204170 seconds, Stopping threads took: 0.0000940 seconds
168.782: Application time: 0.0746800 seconds
168.783: [GC [PSYoungGen: 238576K->33760K(238592K)] 668655K->488881K(783360K), 0.0275190 secs] [Times: user=0.21 sys=0.00, real=0.03 secs] 
168.810: Total time for which application threads were stopped: 0.0277280 seconds, Stopping threads took: 0.0000960 seconds
168.908: Application time: 0.0974690 seconds
168.908: [GC [PSYoungGen: 238560K->33776K(238592K)] 693681K->519063K(783360K), 0.0314360 secs] [Times: user=0.25 sys=0.00, real=0.03 secs] 
168.939: Total time for which application threads were stopped: 0.0316550 seconds, Stopping threads took: 0.0000960 seconds
169.022: Application time: 0.0829060 seconds
169.022: [GC [PSYoungGen: 238576K->33776K(238592K)] 723863K->523207K(783360K), 0.0209940 secs] [Times: user=0.17 sys=0.00, real=0.02 secs] 
169.043: Total time for which application threads were stopped: 0.0212020 seconds, Stopping threads took: 0.0000980 seconds
169.109: Application time: 0.0660280 seconds
169.110: [GC [PSYoungGen: 238576K->33760K(238592K)] 728007K->531914K(783360K), 0.0225310 secs] [Times: user=0.18 sys=0.00, real=0.02 secs] 
169.132: Total time for which application threads were stopped: 0.0227220 seconds, Stopping threads took: 0.0000800 seconds
169.208: Application time: 0.0760310 seconds
169.208: [GC [PSYoungGen: 238560K->33776K(238592K)] 736714K->556023K(783360K), 0.0298180 secs] [Times: user=0.24 sys=0.00, real=0.03 secs] 
169.238: [Full GC [PSYoungGen: 33776K->0K(238592K)] [ParOldGen: 522247K->77614K(544768K)] 556023K->77614K(783360K) [PSPermGen: 8871K->8871K(21504K)], 0.0836100 secs] [Times: user=0.61 sys=0.00, real=0.09 secs] 
169.322: Total time for which application threads were stopped: 0.1137130 seconds, Stopping threads took: 0.0001020 seconds
169.421: Application time: 0.0995360 seconds
169.422: [GC [PSYoungGen: 204800K->33776K(238592K)] 282414K->113246K(783360K), 0.0149360 secs] [Times: user=0.11 sys=0.00, real=0.01 secs] 
169.437: Total time for which application threads were stopped: 0.0151480 seconds, Stopping threads took: 0.0000870 seconds
169.516: Application time: 0.0791890 seconds
169.516: [GC [PSYoungGen: 238576K->33760K(238592K)] 318046K->116310K(783360K), 0.0142170 secs] [Times: user=0.11 sys=0.00, real=0.02 secs] 
169.530: Total time for which application threads were stopped: 0.0144250 seconds, Stopping threads took: 0.0000960 seconds
169.595: Application time: 0.0652110 seconds
169.596: [GC [PSYoungGen: 238560K->33760K(238592K)] 321110K->128829K(783360K), 0.0184270 secs] [Times: user=0.14 sys=0.00, real=0.02 secs] 
169.614: Total time for which application threads were stopped: 0.0186360 seconds, Stopping threads took: 0.0000970 seconds
169.692: Application time: 0.0781960 seconds
169.692: [GC [PSYoungGen: 238560K->33776K(238592K)] 333629K->158631K(783360K), 0.0259450 secs] [Times: user=0.21 sys=0.00, real=0.02 secs] 
169.718: Total time for which application threads were stopped: 0.0261560 seconds, Stopping threads took: 0.0000980 seconds
169.819: Application time: 0.1007670 seconds
169.819: [GC [PSYoungGen: 238576K->33776K(238592K)] 363431K->187728K(783360K), 0.0263880 secs] [Times: user=0.21 sys=0.00, real=0.03 secs] 
169.846: Total time for which application threads were stopped: 0.0265750 seconds, Stopping threads took: 0.0000770 seconds
169.923: Application time: 0.0768270 seconds
169.923: [GC [PSYoungGen: 238576K->33776K(238592K)] 392528K->193055K(783360K), 0.0166570 secs] [Times: user=0.13 sys=0.00, real=0.01 secs] 
169.939: Total time for which application threads were stopped: 0.0168890 seconds, Stopping threads took: 0.0001100 seconds
170.004: Application time: 0.0647340 seconds
170.004: [GC [PSYoungGen: 238576K->33760K(238592K)] 397855K->207742K(783360K), 0.0201600 secs] [Times: user=0.16 sys=0.00, real=0.02 secs] 
170.025: Total time for which application threads were stopped: 0.0203590 seconds, Stopping threads took: 0.0000850 seconds
170.107: Application time: 0.0822660 seconds
170.107: [GC [PSYoungGen: 238560K->33760K(238592K)] 412542K->238010K(783360K), 0.0281270 secs] [Times: user=0.21 sys=0.00, real=0.03 secs] 
170.135: Total time for which application threads were stopped: 0.0283370 seconds, Stopping threads took: 0.0000910 seconds
170.235: Application time: 0.0997900 seconds
170.235: [GC [PSYoungGen: 238560K->33776K(238592K)] 442810K->265918K(783360K), 0.0277090 secs] [Times: user=0.22 sys=0.00, real=0.03 secs] 
170.263: Total time for which application threads were stopped: 0.0279210 seconds, Stopping threads took: 0.0001010 seconds
170.337: Application time: 0.0743490 seconds
170.337: [GC [PSYoungGen: 238576K->33776K(238592K)] 470718K->269742K(783360K), 0.0168400 secs] [Times: user=0.13 sys=0.00, real=0.02 secs] 
170.354: Total time for which application threads were stopped: 0.0170790 seconds, Stopping threads took: 0.0001270 seconds
170.419: Application time: 0.0649690 seconds
170.419: [GC [PSYoungGen: 238576K->33760K(238592K)] 474542K->285832K(783360K), 0.0219700 secs] [Times: user=0.17 sys=0.00, real=0.03 secs] 
170.441: Total time for which application threads were stopped: 0.0221720 seconds, Stopping threads took: 0.0000910 seconds
170.528: Application time: 0.0867730 seconds
170.528: [GC [PSYoungGen: 238560K->33776K(238592K)] 490632K->320309K(783360K), 0.0311700 secs] [Times: user=0.24 sys=0.00, real=0.03 secs] 
170.560: Total time for which application threads were stopped: 0.0313870 seconds, Stopping threads took: 0.0000930 seconds
170.658: Application time: 0.0981300 seconds
170.658: [GC [PSYoungGen: 238576K->33760K(238592K)] 525109K->337409K(783360K), 0.0227680 secs] [Times: user=0.18 sys=0.00, real=0.02 secs] 
170.681: Total time for which application threads were stopped: 0.0229750 seconds, Stopping threads took: 0.0000910 seconds
170.752: Application time: 0.0717350 seconds
170.753: [GC [PSYoungGen: 238560K->33776K(238592K)] 542209K->340873K(783360K), 0.0173300 secs] [Times: user=0.13 sys=0.00, real=0.02 secs] 
170.770: Total time for which application threads were stopped: 0.0175390 seconds, Stopping threads took: 0.0000960 seconds
170.835: Application time: 0.0653740 seconds
170.836: [GC [PSYoungGen: 238576K->33776K(238592K)] 545673K->358511K(783360K), 0.0229040 secs] [Times: user=0.18 sys=0.00, real=0.02 secs] 
170.858: Total time for which application threads were stopped: 0.0231070 seconds, Stopping threads took: 0.0000940 seconds
170.950: Application time: 0.0910740 seconds
170.950: [GC [PSYoungGen: 238576K->33760K(238592K)] 563311K->391986K(783360K), 0.0309540 secs] [Times: user=0.24 sys=0.00, real=0.02 secs] 
170.981: Total time for which application threads were stopped: 0.0311450 seconds, Stopping threads took: 0.0000800 seconds
171.076: Application time: 0.0949410 seconds
171.076: [GC [PSYoungGen: 238560K->33760K(238592K)] 596786K->403833K(783360K), 0.0226950 secs] [Times: user=0.18 sys=0.00, real=0.02 secs] 
171.099: Total time for which application threads were stopped: 0.0229150 seconds, Stopping threads took: 0.0000950 seconds
171.168: Application time: 0.0692970 seconds
171.168: [GC [PSYoungGen: 238560K->33776K(238592K)] 608633K->406165K(783360K), 0.0198440 secs] [Times: user=0.16 sys=0.00, real=0.02 secs] 
171.188: Total time for which application threads were stopped: 0.0200640 seconds, Stopping threads took: 0.0001070 seconds
171.254: Application time: 0.0661020 seconds
171.254: [GC [PSYoungGen: 238576K->33776K(238592K)] 610965K->424151K(783360K), 0.0251510 secs] [Times: user=0.18 sys=0.00, real=0.02 secs] 
171.279: Total time for which application threads were stopped: 0.0253580 seconds, Stopping threads took: 0.0000960 seconds
171.374: Application time: 0.0944120 seconds
171.374: [GC [PSYoungGen: 238576K->33776K(238592K)] 628951K->454297K(783360K), 0.0307500 secs] [Times: user=0.24 sys=0.00, real=0.03 secs] 
171.405: Total time for which application threads were stopped: 0.0309390 seconds, Stopping threads took: 0.0000750 seconds
171.498: Application time: 0.0929910 seconds
171.498: [GC [PSYoungGen: 238576K->33776K(238592K)] 659097K->469165K(783360K), 0.0238980 secs] [Times: user=0.19 sys=0.00, real=0.03 secs] 
171.522: Total time for which application threads were stopped: 0.0240870 seconds, Stopping threads took: 0.0000720 seconds
171.589: Application time: 0.0670230 seconds
171.589: [GC [PSYoungGen: 238576K->33776K(238592K)] 673965K->471357K(783360K), 0.0206660 secs] [Times: user=0.16 sys=0.01, real=0.03 secs] 
171.610: Total time for which application threads were stopped: 0.0208950 seconds, Stopping threads took: 0.0001040 seconds
171.678: Application time: 0.0678490 seconds
171.678: [GC [PSYoungGen: 238576K->33760K(238592K)] 676157K->492158K(783360K), 0.0273640 secs] [Times: user=0.21 sys=0.00, real=0.03 secs] 
171.705: Total time for which application threads were stopped: 0.0275710 seconds, Stopping threads took: 0.0000970 seconds
171.801: Application time: 0.0961200 seconds
171.801: [GC [PSYoungGen: 238560K->33776K(238592K)] 696958K->528113K(783360K), 0.0364670 secs] [Times: user=0.29 sys=0.00, real=0.03 secs] 
171.838: Total time for which application threads were stopped: 0.0366590 seconds, Stopping threads took: 0.0000820 seconds
171.929: Application time: 0.0908210 seconds
171.929: [GC [PSYoungGen: 238576K->33760K(238592K)] 732913K->544201K(783360K), 0.0258910 secs] [Times: user=0.20 sys=0.00, real=0.03 secs] 
171.955: [Full GC [PSYoungGen: 33760K->0K(238592K)] [ParOldGen: 510441K->78170K(544768K)] 544201K->78170K(783360K) [PSPermGen: 8871K->8871K(21504K)], 0.0838630 secs] [Times: user=0.61 sys=0.00, real=0.08 secs] 
172.039: Total time for which application threads were stopped: 0.1100510 seconds, Stopping threads took: 0.0001140 seconds
172.105: Application time: 0.0660780 seconds
172.105: [GC [PSYoungGen: 204800K->2464K(238592K)] 282970K->80634K(783360K), 0.0013730 secs] [Times: user=0.01 sys=0.00, real=0.00 secs] 
172.107: Total time for which application threads were stopped: 0.0016000 seconds, Stopping threads took: 0.0001000 seconds
172.176: Application time: 0.0697130 seconds
172.176: [GC [PSYoungGen: 207264K->29840K(238592K)] 285434K->108010K(783360K), 0.0117530 secs] [Times: user=0.09 sys=0.00, real=0.01 secs] 
172.188: Total time for which application threads were stopped: 0.0119540 seconds, Stopping threads took: 0.0000870 seconds
172.287: Application time: 0.0986500 seconds
172.287: [GC [PSYoungGen: 234640K->33776K(238592K)] 312810K->144056K(783360K), 0.0259510 secs] [Times: user=0.20 sys=0.00, real=0.03 secs] 
172.313: Total time for which application threads were stopped: 0.0261470 seconds, Stopping threads took: 0.0000850 seconds
172.400: Application time: 0.0868830 seconds
172.400: [GC [PSYoungGen: 238576K->33776K(238592K)] 348856K->156261K(783360K), 0.0189780 secs] [Times: user=0.15 sys=0.00, real=0.02 secs] 
172.419: Total time for which application threads were stopped: 0.0192000 seconds, Stopping threads took: 0.0001090 seconds
172.484: Application time: 0.0653720 seconds
172.485: [GC [PSYoungGen: 238576K->33760K(238592K)] 361061K->156813K(783360K), 0.0153000 secs] [Times: user=0.12 sys=0.00, real=0.01 secs] 
172.501: Total time for which application threads were stopped: 0.0160960 seconds, Stopping threads took: 0.0006820 seconds
172.573: Application time: 0.0723300 seconds
172.573: [GC [PSYoungGen: 238560K->33792K(238592K)] 361613K->190769K(783360K), 0.0291420 secs] [Times: user=0.23 sys=0.00, real=0.03 secs] 
172.602: Total time for which application threads were stopped: 0.0293830 seconds, Stopping threads took: 0.0001260 seconds
172.703: Application time: 0.1010320 seconds
172.703: [GC [PSYoungGen: 238592K->33760K(238592K)] 395569K->221784K(783360K), 0.0277550 secs] [Times: user=0.22 sys=0.00, real=0.03 secs] 
172.731: Total time for which application threads were stopped: 0.0279780 seconds, Stopping threads took: 0.0000990 seconds
172.814: Application time: 0.0823730 seconds
172.814: [GC [PSYoungGen: 238560K->33776K(238592K)] 426584K->228659K(783360K), 0.0186600 secs] [Times: user=0.15 sys=0.00, real=0.02 secs] 
172.833: Total time for which application threads were stopped: 0.0188680 seconds, Stopping threads took: 0.0000940 seconds
172.897: Application time: 0.0640180 seconds
172.897: [GC [PSYoungGen: 238576K->33776K(238592K)] 433459K->233647K(783360K), 0.0178180 secs] [Times: user=0.14 sys=0.00, real=0.02 secs] 
172.915: Total time for which application threads were stopped: 0.0180200 seconds, Stopping threads took: 0.0000820 seconds
172.990: Application time: 0.0752360 seconds
172.990: [GC [PSYoungGen: 238576K->33776K(238592K)] 438447K->267479K(783360K), 0.0296460 secs] [Times: user=0.24 sys=0.00, real=0.02 secs] 
173.020: Total time for which application threads were stopped: 0.0298690 seconds, Stopping threads took: 0.0001110 seconds
173.122: Application time: 0.1020750 seconds
173.125: [GC [PSYoungGen: 238576K->33776K(238592K)] 472279K->294286K(783360K), 0.0282430 secs] [Times: user=0.23 sys=0.00, real=0.03 secs] 
173.153: Total time for which application threads were stopped: 0.0317030 seconds, Stopping threads took: 0.0033500 seconds
173.233: Application time: 0.0791970 seconds
173.233: [GC [PSYoungGen: 238576K->33760K(238592K)] 499086K->299190K(783360K), 0.0191970 secs] [Times: user=0.15 sys=0.00, real=0.02 secs] 
173.252: Total time for which application threads were stopped: 0.0194200 seconds, Stopping threads took: 0.0000980 seconds
173.316: Application time: 0.0636380 seconds
173.317: [GC [PSYoungGen: 238560K->33760K(238592K)] 503990K->306066K(783360K), 0.0198350 secs] [Times: user=0.15 sys=0.01, real=0.02 secs] 
173.337: Total time for which application threads were stopped: 0.0213830 seconds, Stopping threads took: 0.0014270 seconds
173.417: Application time: 0.0800940 seconds
173.417: [GC [PSYoungGen: 238560K->33776K(238592K)] 510866K->340491K(783360K), 0.0308500 secs] [Times: user=0.24 sys=0.00, real=0.03 secs] 
173.448: Total time for which application threads were stopped: 0.0311210 seconds, Stopping threads took: 0.0001590 seconds
173.549: Application time: 0.1007740 seconds
173.549: [GC [PSYoungGen: 238576K->33760K(238592K)] 545291K->363625K(783360K), 0.0272280 secs] [Times: user=0.22 sys=0.00, real=0.02 secs] 
173.577: Total time for which application threads were stopped: 0.0274230 seconds, Stopping threads took: 0.0000830 seconds
173.653: Application time: 0.0769400 seconds
173.654: [GC [PSYoungGen: 238560K->33760K(238592K)] 568425K->368857K(783360K), 0.0195890 secs] [Times: user=0.15 sys=0.00, real=0.02 secs] 
173.673: Total time for which application threads were stopped: 0.0197910 seconds, Stopping threads took: 0.0000890 seconds
173.737: Application time: 0.0636910 seconds
173.737: [GC [PSYoungGen: 238560K->33760K(238592K)] 573657K->380149K(783360K), 0.0215610 secs] [Times: user=0.17 sys=0.00, real=0.02 secs] 
173.759: Total time for which application threads were stopped: 0.0217930 seconds, Stopping threads took: 0.0001080 seconds
173.842: Application time: 0.0836040 seconds
173.843: [GC [PSYoungGen: 238560K->33760K(238592K)] 584949K->415997K(783360K), 0.0317700 secs] [Times: user=0.24 sys=0.00, real=0.03 secs] 
173.874: Total time for which application threads were stopped: 0.0319840 seconds, Stopping threads took: 0.0001030 seconds
173.974: Application time: 0.0995820 seconds
173.974: [GC [PSYoungGen: 238560K->33760K(238592K)] 620797K->432311K(783360K), 0.0255530 secs] [Times: user=0.19 sys=0.00, real=0.02 secs] 
174.000: Total time for which application threads were stopped: 0.0257630 seconds, Stopping threads took: 0.0000960 seconds
174.074: Application time: 0.0742970 seconds
174.074: [GC [PSYoungGen: 238560K->33760K(238592K)] 637111K->436785K(783360K), 0.0207920 secs] [Times: user=0.17 sys=0.00, real=0.02 secs] 
174.095: Total time for which application threads were stopped: 0.0209970 seconds, Stopping threads took: 0.0000930 seconds
174.159: Application time: 0.0639400 seconds
174.159: [GC [PSYoungGen: 238560K->33760K(238592K)] 641585K->452214K(783360K), 0.0242620 secs] [Times: user=0.19 sys=0.00, real=0.03 secs] 
174.183: Total time for which application threads were stopped: 0.0244560 seconds, Stopping threads took: 0.0000820 seconds
174.270: Application time: 0.0869410 seconds
174.271: [GC [PSYoungGen: 238560K->33776K(238592K)] 657014K->487195K(783360K), 0.0320660 secs] [Times: user=0.25 sys=0.00, real=0.03 secs] 
174.303: Total time for which application threads were stopped: 0.0323190 seconds, Stopping threads took: 0.0001270 seconds
174.400: Application time: 0.0972410 seconds
174.401: [GC [PSYoungGen: 238576K->33760K(238592K)] 691995K->506700K(783360K), 0.0255940 secs] [Times: user=0.20 sys=0.00, real=0.02 secs] 
174.427: Total time for which application threads were stopped: 0.0269140 seconds, Stopping threads took: 0.0012060 seconds
174.500: Application time: 0.0727730 seconds
174.500: [GC [PSYoungGen: 238560K->33776K(238592K)] 711500K->509868K(783360K), 0.0196290 secs] [Times: user=0.15 sys=0.00, real=0.02 secs] 
174.519: Total time for which application threads were stopped: 0.0198440 seconds, Stopping threads took: 0.0001030 seconds
174.585: Application time: 0.0651630 seconds
174.585: [GC [PSYoungGen: 238576K->33776K(238592K)] 714668K->529435K(783360K), 0.0259140 secs] [Times: user=0.20 sys=0.00, real=0.03 secs] 
174.611: Total time for which application threads were stopped: 0.0261180 seconds, Stopping threads took: 0.0000950 seconds
174.701: Application time: 0.0900950 seconds
174.701: [GC [PSYoungGen: 238576K->33776K(238592K)] 734235K->561293K(783360K), 0.0312560 secs] [Times: user=0.24 sys=0.00, real=0.04 secs] 
174.732: [Full GC [PSYoungGen: 33776K->0K(238592K)] [ParOldGen: 527517K->78473K(544768K)] 561293K->78473K(783360K) [PSPermGen: 8871K->8871K(21504K)], 0.0837850 secs] [Times: user=0.61 sys=0.00, real=0.08 secs] 
174.816: Total time for which application threads were stopped: 0.1153330 seconds, Stopping threads took: 0.0001100 seconds
174.911: Application time: 0.0952860 seconds
174.912: [GC [PSYoungGen: 204800K->22192K(238592K)] 283273K->100665K(783360K), 0.0091700 secs] [Times: user=0.07 sys=0.00, real=0.00 secs] 
174.921: Total time for which application threads were stopped: 0.0094210 seconds, Stopping threads took: 0.0001230 seconds
174.991: Application time: 0.0700650 seconds
174.991: [GC [PSYoungGen: 226992K->24048K(238592K)] 305465K->102521K(783360K), 0.0091740 secs] [Times: user=0.07 sys=0.00, real=0.00 secs] 
175.000: Total time for which application threads were stopped: 0.0093840 seconds, Stopping threads took: 0.0000960 seconds
175.068: Application time: 0.0678260 seconds
175.068: [GC [PSYoungGen: 228848K->33760K(238592K)] 307321K->126204K(783360K), 0.0186820 secs] [Times: user=0.15 sys=0.00, real=0.02 secs] 
175.087: Total time for which application threads were stopped: 0.0188900 seconds, Stopping threads took: 0.0000960 seconds
175.180: Application time: 0.0926470 seconds
175.181: [GC [PSYoungGen: 238560K->33760K(238592K)] 331004K->154167K(783360K), 0.0252910 secs] [Times: user=0.20 sys=0.00, real=0.02 secs] 
175.207: Total time for which application threads were stopped: 0.0268550 seconds, Stopping threads took: 0.0014510 seconds
175.298: Application time: 0.0917710 seconds
175.298: [GC [PSYoungGen: 238560K->33776K(238592K)] 358967K->167417K(783360K), 0.0201450 secs] [Times: user=0.16 sys=0.00, real=0.02 secs] 
175.319: Total time for which application threads were stopped: 0.0203620 seconds, Stopping threads took: 0.0001020 seconds
175.387: Application time: 0.0686140 seconds
175.387: [GC [PSYoungGen: 238576K->33776K(238592K)] 372217K->170601K(783360K), 0.0172910 secs] [Times: user=0.13 sys=0.00, real=0.02 secs] 
175.405: Total time for which application threads were stopped: 0.0174900 seconds, Stopping threads took: 0.0000890 seconds
175.476: Application time: 0.0717170 seconds
175.477: [GC [PSYoungGen: 238576K->33760K(238592K)] 375401K->198867K(783360K), 0.0277320 secs] [Times: user=0.22 sys=0.00, real=0.03 secs] 
175.504: Total time for which application threads were stopped: 0.0279780 seconds, Stopping threads took: 0.0001190 seconds
175.598: Application time: 0.0940240 seconds
175.599: [GC [PSYoungGen: 238560K->33760K(238592K)] 403667K->228052K(783360K), 0.0286050 secs] [Times: user=0.22 sys=0.00, real=0.03 secs] 
175.628: Total time for which application threads were stopped: 0.0290160 seconds, Stopping threads took: 0.0002920 seconds
175.717: Application time: 0.0894270 seconds
175.721: [GC [PSYoungGen: 238560K->33776K(238592K)] 432852K->241048K(783360K), 0.0216880 secs] [Times: user=0.17 sys=0.00, real=0.02 secs] 
175.743: Total time for which application threads were stopped: 0.0259780 seconds, Stopping threads took: 0.0041700 seconds
175.810: Application time: 0.0672740 seconds
175.810: [GC [PSYoungGen: 238576K->33776K(238592K)] 445848K->245038K(783360K), 0.0182900 secs] [Times: user=0.14 sys=0.00, real=0.01 secs] 
175.829: Total time for which application threads were stopped: 0.0185000 seconds, Stopping threads took: 0.0000990 seconds
175.903: Application time: 0.0740090 seconds
175.903: [GC [PSYoungGen: 238576K->33760K(238592K)] 449838K->275268K(783360K), 0.0293300 secs] [Times: user=0.23 sys=0.00, real=0.03 secs] 
175.932: Total time for which application threads were stopped: 0.0295350 seconds, Stopping threads took: 0.0000930 seconds
176.028: Application time: 0.0956730 seconds
176.028: [GC [PSYoungGen: 238560K->33776K(238592K)] 480068K->306194K(783360K), 0.0290640 secs] [Times: user=0.23 sys=0.00, real=0.03 secs] 
176.057: Total time for which application threads were stopped: 0.0292890 seconds, Stopping threads took: 0.0001000 seconds
176.143: Application time: 0.0856380 seconds
176.143: [GC [PSYoungGen: 238576K->33776K(238592K)] 510994K->318570K(783360K), 0.0227830 secs] [Times: user=0.18 sys=0.00, real=0.02 secs] 
176.166: Total time for which application threads were stopped: 0.0229920 seconds, Stopping threads took: 0.0000950 seconds
176.233: Application time: 0.0666740 seconds
176.233: [GC [PSYoungGen: 238576K->33760K(238592K)] 523370K->324509K(783360K), 0.0200190 secs] [Times: user=0.16 sys=0.00, real=0.02 secs] 
176.253: Total time for which application threads were stopped: 0.0202340 seconds, Stopping threads took: 0.0001050 seconds
176.330: Application time: 0.0771690 seconds
176.330: [GC [PSYoungGen: 238560K->33760K(238592K)] 529309K->353222K(783360K), 0.0296860 secs] [Times: user=0.23 sys=0.00, real=0.02 secs] 
176.360: Total time for which application threads were stopped: 0.0299140 seconds, Stopping threads took: 0.0001120 seconds
176.456: Application time: 0.0962940 seconds
176.456: [GC [PSYoungGen: 238560K->33760K(238592K)] 558022K->381246K(783360K), 0.0300600 secs] [Times: user=0.24 sys=0.00, real=0.03 secs] 
176.486: Total time for which application threads were stopped: 0.0302630 seconds, Stopping threads took: 0.0000890 seconds
176.568: Application time: 0.0818600 seconds
176.568: [GC [PSYoungGen: 238560K->33760K(238592K)] 586046K->388362K(783360K), 0.0225070 secs] [Times: user=0.18 sys=0.00, real=0.03 secs] 
176.591: Total time for which application threads were stopped: 0.0227270 seconds, Stopping threads took: 0.0000940 seconds
176.658: Application time: 0.0667090 seconds
176.658: [GC [PSYoungGen: 238560K->33776K(238592K)] 593162K->399424K(783360K), 0.0244250 secs] [Times: user=0.18 sys=0.00, real=0.03 secs] 
176.682: Total time for which application threads were stopped: 0.0246110 seconds, Stopping threads took: 0.0000780 seconds
176.762: Application time: 0.0794540 seconds
176.762: [GC [PSYoungGen: 238576K->33760K(238592K)] 604224K->424441K(783360K), 0.0289060 secs] [Times: user=0.23 sys=0.00, real=0.03 secs] 
176.791: Total time for which application threads were stopped: 0.0290910 seconds, Stopping threads took: 0.0000730 seconds
176.888: Application time: 0.0969210 seconds
176.888: [GC [PSYoungGen: 238560K->33776K(238592K)] 629241K->449479K(783360K), 0.0300680 secs] [Times: user=0.24 sys=0.00, real=0.03 secs] 
176.918: Total time for which application threads were stopped: 0.0302800 seconds, Stopping threads took: 0.0000980 seconds
176.998: Application time: 0.0801940 seconds
176.998: [GC [PSYoungGen: 238576K->33760K(238592K)] 654279K->454575K(783360K), 0.0228470 secs] [Times: user=0.18 sys=0.00, real=0.03 secs] 
177.021: Total time for which application threads were stopped: 0.0230870 seconds, Stopping threads took: 0.0001300 seconds
177.087: Application time: 0.0654570 seconds
177.087: [GC [PSYoungGen: 238560K->33776K(238592K)] 659375K->467774K(783360K), 0.0243460 secs] [Times: user=0.19 sys=0.00, real=0.03 secs] 
177.111: Total time for which application threads were stopped: 0.0245920 seconds, Stopping threads took: 0.0001150 seconds
177.193: Application time: 0.0815780 seconds
177.197: [GC [PSYoungGen: 238576K->33760K(238592K)] 672574K->494580K(783360K), 0.0300120 secs] [Times: user=0.23 sys=0.00, real=0.03 secs] 
177.227: Total time for which application threads were stopped: 0.0342260 seconds, Stopping threads took: 0.0041040 seconds
177.324: Application time: 0.0969710 seconds
177.324: [GC [PSYoungGen: 238560K->33776K(238592K)] 699380K->518538K(783360K), 0.0298080 secs] [Times: user=0.23 sys=0.00, real=0.03 secs] 
177.354: Total time for which application threads were stopped: 0.0300370 seconds, Stopping threads took: 0.0001190 seconds
177.431: Application time: 0.0771170 seconds
177.433: [GC [PSYoungGen: 238576K->33776K(238592K)] 723338K->524194K(783360K), 0.0239310 secs] [Times: user=0.18 sys=0.00, real=0.02 secs] 
177.457: Total time for which application threads were stopped: 0.0257780 seconds, Stopping threads took: 0.0017360 seconds
177.523: Application time: 0.0657850 seconds
177.523: [GC [PSYoungGen: 238576K->33760K(238592K)] 728994K->539370K(783360K), 0.0258350 secs] [Times: user=0.20 sys=0.00, real=0.02 secs] 
177.549: [Full GC [PSYoungGen: 33760K->0K(238592K)] [ParOldGen: 505610K->74760K(544768K)] 539370K->74760K(783360K) [PSPermGen: 8871K->8871K(21504K)], 0.0784570 secs] [Times: user=0.56 sys=0.00, real=0.08 secs] 
177.628: Total time for which application threads were stopped: 0.1046020 seconds, Stopping threads took: 0.0001350 seconds
177.711: Application time: 0.0837840 seconds
177.711: [GC [PSYoungGen: 204800K->32208K(238592K)] 279560K->106968K(783360K), 0.0132850 secs] [Times: user=0.10 sys=0.00, real=0.01 secs] 
177.725: Total time for which application threads were stopped: 0.0134950 seconds, Stopping threads took: 0.0000880 seconds
177.822: Application time: 0.0972560 seconds
177.822: [GC [PSYoungGen: 237008K->33760K(238592K)] 311768K->129335K(783360K), 0.0215900 secs] [Times: user=0.17 sys=0.00, real=0.02 secs] 
177.844: Total time for which application threads were stopped: 0.0218120 seconds, Stopping threads took: 0.0001100 seconds
177.919: Application time: 0.0751190 seconds
177.919: [GC [PSYoungGen: 238560K->33760K(238592K)] 334135K->133495K(783360K), 0.0157090 secs] [Times: user=0.12 sys=0.00, real=0.02 secs] 
177.935: Total time for which application threads were stopped: 0.0159030 seconds, Stopping threads took: 0.0000810 seconds
178.002: Application time: 0.0666730 seconds
178.002: [GC [PSYoungGen: 238560K->33776K(238592K)] 338295K->153739K(783360K), 0.0216680 secs] [Times: user=0.17 sys=0.00, real=0.02 secs] 
178.023: Total time for which application threads were stopped: 0.0218830 seconds, Stopping threads took: 0.0001040 seconds
178.109: Application time: 0.0859040 seconds
178.110: [GC [PSYoungGen: 238576K->33760K(238592K)] 358539K->181305K(783360K), 0.0258010 secs] [Times: user=0.21 sys=0.00, real=0.02 secs] 
178.135: Total time for which application threads were stopped: 0.0260150 seconds, Stopping threads took: 0.0001070 seconds
178.231: Application time: 0.0955330 seconds
178.231: [GC [PSYoungGen: 238560K->33776K(238592K)] 386105K->200450K(783360K), 0.0228590 secs] [Times: user=0.18 sys=0.00, real=0.02 secs] 
178.254: Total time for which application threads were stopped: 0.0230680 seconds, Stopping threads took: 0.0000870 seconds
178.327: Application time: 0.0733210 seconds
178.327: [GC [PSYoungGen: 238576K->33776K(238592K)] 405250K->204271K(783360K), 0.0160860 secs] [Times: user=0.12 sys=0.00, real=0.02 secs] 
178.344: Total time for which application threads were stopped: 0.0163030 seconds, Stopping threads took: 0.0001050 seconds
178.412: Application time: 0.0685720 seconds
178.412: [GC [PSYoungGen: 238576K->33760K(238592K)] 409071K->226642K(783360K), 0.0237060 secs] [Times: user=0.19 sys=0.00, real=0.02 secs] 
178.436: Total time for which application threads were stopped: 0.0239110 seconds, Stopping threads took: 0.0000930 seconds
178.524: Application time: 0.0882960 seconds
178.525: [GC [PSYoungGen: 238560K->33776K(238592K)] 431442K->253474K(783360K), 0.0267800 secs] [Times: user=0.21 sys=0.00, real=0.03 secs] 
178.551: Total time for which application threads were stopped: 0.0269980 seconds, Stopping threads took: 0.0001070 seconds
178.646: Application time: 0.0941680 seconds
178.646: [GC [PSYoungGen: 238576K->33776K(238592K)] 458274K->271697K(783360K), 0.0234870 secs] [Times: user=0.18 sys=0.00, real=0.03 secs] 
178.669: Total time for which application threads were stopped: 0.0237080 seconds, Stopping threads took: 0.0000880 seconds
178.740: Application time: 0.0706680 seconds
178.740: [GC [PSYoungGen: 238576K->33776K(238592K)] 476497K->275257K(783360K), 0.0177510 secs] [Times: user=0.14 sys=0.00, real=0.02 secs] 
178.758: Total time for which application threads were stopped: 0.0180050 seconds, Stopping threads took: 0.0001310 seconds
178.829: Application time: 0.0706390 seconds
178.829: [GC [PSYoungGen: 238576K->33760K(238592K)] 480057K->300375K(783360K), 0.0267300 secs] [Times: user=0.21 sys=0.00, real=0.03 secs] 
178.856: Total time for which application threads were stopped: 0.0269570 seconds, Stopping threads took: 0.0001170 seconds
178.945: Application time: 0.0898410 seconds
178.946: [GC [PSYoungGen: 238560K->33776K(238592K)] 505175K->325597K(783360K), 0.0280260 secs] [Times: user=0.22 sys=0.00, real=0.03 secs] 
178.974: Total time for which application threads were stopped: 0.0282200 seconds, Stopping threads took: 0.0000830 seconds
179.064: Application time: 0.0906360 seconds
179.064: [GC [PSYoungGen: 238576K->33776K(238592K)] 530397K->336416K(783360K), 0.0217180 secs] [Times: user=0.17 sys=0.00, real=0.02 secs] 
179.086: Total time for which application threads were stopped: 0.0219190 seconds, Stopping threads took: 0.0000910 seconds
179.156: Application time: 0.0696910 seconds
179.156: [GC [PSYoungGen: 238576K->33760K(238592K)] 541216K->343848K(783360K), 0.0201720 secs] [Times: user=0.16 sys=0.00, real=0.02 secs] 
179.176: Total time for which application threads were stopped: 0.0203780 seconds, Stopping threads took: 0.0000910 seconds
179.250: Application time: 0.0734760 seconds
179.250: [GC [PSYoungGen: 238560K->33760K(238592K)] 548648K->369822K(783360K), 0.0277950 secs] [Times: user=0.22 sys=0.00, real=0.02 secs] 
179.278: Total time for which application threads were stopped: 0.0280120 seconds, Stopping threads took: 0.0000940 seconds
179.368: Application time: 0.0905800 seconds
179.369: [GC [PSYoungGen: 238560K->33776K(238592K)] 574622K->394104K(783360K), 0.0280350 secs] [Times: user=0.22 sys=0.00, real=0.03 secs] 
179.397: Total time for which application threads were stopped: 0.0282460 seconds, Stopping threads took: 0.0000990 seconds
179.484: Application time: 0.0876530 seconds
179.484: [GC [PSYoungGen: 238576K->33776K(238592K)] 598904K->403308K(783360K), 0.0221530 secs] [Times: user=0.17 sys=0.00, real=0.02 secs] 
179.507: Total time for which application threads were stopped: 0.0223810 seconds, Stopping threads took: 0.0001140 seconds
179.576: Application time: 0.0693030 seconds
179.576: [GC [PSYoungGen: 238576K->33776K(238592K)] 608108K->411472K(783360K), 0.0236110 secs] [Times: user=0.18 sys=0.00, real=0.02 secs] 
179.600: Total time for which application threads were stopped: 0.0238150 seconds, Stopping threads took: 0.0000970 seconds
179.676: Application time: 0.0759490 seconds
179.676: [GC [PSYoungGen: 238576K->33760K(238592K)] 616272K->436859K(783360K), 0.0293300 secs] [Times: user=0.23 sys=0.00, real=0.03 secs] 
179.705: Total time for which application threads were stopped: 0.0295300 seconds, Stopping threads took: 0.0000910 seconds
179.796: Application time: 0.0909130 seconds
179.796: [GC [PSYoungGen: 238560K->33776K(238592K)] 641659K->459417K(783360K), 0.0277490 secs] [Times: user=0.22 sys=0.00, real=0.03 secs] 
179.824: Total time for which application threads were stopped: 0.0279630 seconds, Stopping threads took: 0.0000930 seconds
179.910: Application time: 0.0854120 seconds
179.913: [GC [PSYoungGen: 238576K->33760K(238592K)] 664217K->471897K(783360K), 0.0262560 secs] [Times: user=0.20 sys=0.00, real=0.02 secs] 
179.939: Total time for which application threads were stopped: 0.0297340 seconds, Stopping threads took: 0.0033530 seconds
180.008: Application time: 0.0692080 seconds
180.009: [GC [PSYoungGen: 238560K->33776K(238592K)] 676697K->481052K(783360K), 0.0243070 secs] [Times: user=0.19 sys=0.00, real=0.03 secs] 
180.033: Total time for which application threads were stopped: 0.0245350 seconds, Stopping threads took: 0.0001150 seconds
180.111: Application time: 0.0778600 seconds
180.111: [GC [PSYoungGen: 238576K->33760K(238592K)] 685852K->507634K(783360K), 0.0306110 secs] [Times: user=0.24 sys=0.00, real=0.03 secs] 
180.142: Total time for which application threads were stopped: 0.0308190 seconds, Stopping threads took: 0.0000960 seconds
180.233: Application time: 0.0908830 seconds
180.233: [GC [PSYoungGen: 238560K->33760K(238592K)] 712434K->531621K(783360K), 0.0286220 secs] [Times: user=0.21 sys=0.00, real=0.03 secs] 
180.262: Total time for which application threads were stopped: 0.0292750 seconds, Stopping threads took: 0.0005430 seconds
180.345: Application time: 0.0832090 seconds
180.345: [GC [PSYoungGen: 238560K->33760K(238592K)] 736421K->540077K(783360K), 0.0226400 secs] [Times: user=0.18 sys=0.00, real=0.02 secs] 
180.368: [Full GC [PSYoungGen: 33760K->0K(238592K)] [ParOldGen: 506317K->78184K(544768K)] 540077K->78184K(783360K) [PSPermGen: 8871K->8871K(21504K)], 0.0837700 secs] [Times: user=0.61 sys=0.00, real=0.09 secs] 
180.452: Total time for which application threads were stopped: 0.1066780 seconds, Stopping threads took: 0.0000740 seconds
180.521: Application time: 0.0691430 seconds
180.521: [GC [PSYoungGen: 204800K->9184K(238592K)] 282984K->87368K(783360K), 0.0040540 secs] [Times: user=0.03 sys=0.00, real=0.00 secs] 
180.525: Total time for which application threads were stopped: 0.0042930 seconds, Stopping threads took: 0.0001190 seconds
180.605: Application time: 0.0801210 seconds
180.605: [GC [PSYoungGen: 213984K->33776K(238592K)] 292168K->115634K(783360K), 0.0153400 secs] [Times: user=0.11 sys=0.00, real=0.01 secs] 
180.621: Total time for which application threads were stopped: 0.0155610 seconds, Stopping threads took: 0.0001110 seconds
180.713: Application time: 0.0920050 seconds
180.713: [GC [PSYoungGen: 238576K->33776K(238592K)] 320434K->142211K(783360K), 0.0233980 secs] [Times: user=0.18 sys=0.01, real=0.02 secs] 
180.736: Total time for which application threads were stopped: 0.0236120 seconds, Stopping threads took: 0.0000990 seconds
180.817: Application time: 0.0800970 seconds
180.817: [GC [PSYoungGen: 238576K->33776K(238592K)] 347011K->150024K(783360K), 0.0173690 secs] [Times: user=0.14 sys=0.00, real=0.02 secs] 
180.834: Total time for which application threads were stopped: 0.0175480 seconds, Stopping threads took: 0.0000660 seconds
180.904: Application time: 0.0695600 seconds
180.904: [GC [PSYoungGen: 238576K->33776K(238592K)] 354824K->158819K(783360K), 0.0191940 secs] [Times: user=0.15 sys=0.00, real=0.02 secs] 
180.923: Total time for which application threads were stopped: 0.0194220 seconds, Stopping threads took: 0.0000990 seconds
181.004: Application time: 0.0810950 seconds
181.004: [GC [PSYoungGen: 238576K->33776K(238592K)] 363619K->185811K(783360K), 0.0266400 secs] [Times: user=0.21 sys=0.00, real=0.03 secs] 
181.031: Total time for which application threads were stopped: 0.0268370 seconds, Stopping threads took: 0.0000850 seconds
181.123: Application time: 0.0919790 seconds
181.123: [GC [PSYoungGen: 238576K->33760K(238592K)] 390611K->212920K(783360K), 0.0261220 secs] [Times: user=0.21 sys=0.01, real=0.03 secs] 
181.149: Total time for which application threads were stopped: 0.0263290 seconds, Stopping threads took: 0.0000960 seconds
181.229: Application time: 0.0796160 seconds
181.229: [GC [PSYoungGen: 238560K->33776K(238592K)] 417720K->225519K(783360K), 0.0214290 secs] [Times: user=0.17 sys=0.00, real=0.02 secs] 
181.251: Total time for which application threads were stopped: 0.0216500 seconds, Stopping threads took: 0.0001100 seconds
181.321: Application time: 0.0701280 seconds
181.321: [GC [PSYoungGen: 238576K->33760K(238592K)] 430319K->241839K(783360K), 0.0227820 secs] [Times: user=0.17 sys=0.00, real=0.03 secs] 
181.344: Total time for which application threads were stopped: 0.0229830 seconds, Stopping threads took: 0.0000920 seconds
181.426: Application time: 0.0821440 seconds
181.426: [GC [PSYoungGen: 238560K->33776K(238592K)] 446639K->264928K(783360K), 0.0268030 secs] [Times: user=0.21 sys=0.00, real=0.03 secs] 
181.453: Total time for which application threads were stopped: 0.0270190 seconds, Stopping threads took: 0.0000920 seconds
181.544: Application time: 0.0909030 seconds
181.544: [GC [PSYoungGen: 238576K->33776K(238592K)] 469728K->294550K(783360K), 0.0293900 secs] [Times: user=0.23 sys=0.01, real=0.03 secs] 
181.573: Total time for which application threads were stopped: 0.0296140 seconds, Stopping threads took: 0.0001120 seconds
181.652: Application time: 0.0781910 seconds
181.652: [GC [PSYoungGen: 238576K->33776K(238592K)] 499350K->306421K(783360K), 0.0236700 secs] [Times: user=0.19 sys=0.00, real=0.02 secs] 
181.676: Total time for which application threads were stopped: 0.0238640 seconds, Stopping threads took: 0.0000850 seconds
181.747: Application time: 0.0717760 seconds
181.747: [GC [PSYoungGen: 238576K->33776K(238592K)] 511221K->325127K(783360K), 0.0262870 secs] [Times: user=0.21 sys=0.00, real=0.03 secs] 
181.774: Total time for which application threads were stopped: 0.0264680 seconds, Stopping threads took: 0.0000680 seconds
181.856: Application time: 0.0824550 seconds
181.856: [GC [PSYoungGen: 238576K->33776K(238592K)] 529927K->349701K(783360K), 0.0298340 secs] [Times: user=0.23 sys=0.00, real=0.03 secs] 
181.886: Total time for which application threads were stopped: 0.0300400 seconds, Stopping threads took: 0.0000930 seconds
181.977: Application time: 0.0902900 seconds
181.977: [GC [PSYoungGen: 238576K->33776K(238592K)] 554501K->370403K(783360K), 0.0258750 secs] [Times: user=0.21 sys=0.00, real=0.03 secs] 
182.003: Total time for which application threads were stopped: 0.0261170 seconds, Stopping threads took: 0.0001120 seconds
182.080: Application time: 0.0777830 seconds
182.081: [GC [PSYoungGen: 238576K->33776K(238592K)] 575203K->380215K(783360K), 0.0223860 secs] [Times: user=0.17 sys=0.00, real=0.03 secs] 
182.103: Total time for which application threads were stopped: 0.0225750 seconds, Stopping threads took: 0.0000770 seconds
182.174: Application time: 0.0714670 seconds
182.175: [GC [PSYoungGen: 238576K->33760K(238592K)] 585015K->398790K(783360K), 0.0258780 secs] [Times: user=0.20 sys=0.00, real=0.02 secs] 
182.201: Total time for which application threads were stopped: 0.0260680 seconds, Stopping threads took: 0.0000820 seconds
182.285: Application time: 0.0843230 seconds
182.285: [GC [PSYoungGen: 238560K->33776K(238592K)] 603590K->421557K(783360K), 0.0270200 secs] [Times: user=0.21 sys=0.00, real=0.03 secs] 
182.312: Total time for which application threads were stopped: 0.0272510 seconds, Stopping threads took: 0.0001090 seconds
182.402: Application time: 0.0895460 seconds
182.405: [GC [PSYoungGen: 238576K->33760K(238592K)] 626357K->436867K(783360K), 0.0246950 secs] [Times: user=0.19 sys=0.00, real=0.03 secs] 
182.430: Total time for which application threads were stopped: 0.0283260 seconds, Stopping threads took: 0.0034960 seconds
182.507: Application time: 0.0767140 seconds
182.507: [GC [PSYoungGen: 238560K->33776K(238592K)] 641667K->448475K(783360K), 0.0228540 secs] [Times: user=0.18 sys=0.00, real=0.03 secs] 
182.530: Total time for which application threads were stopped: 0.0231020 seconds, Stopping threads took: 0.0001190 seconds
182.603: Application time: 0.0732590 seconds
182.603: [GC [PSYoungGen: 238576K->33776K(238592K)] 653275K->470125K(783360K), 0.0278530 secs] [Times: user=0.21 sys=0.00, real=0.03 secs] 
182.631: Total time for which application threads were stopped: 0.0280330 seconds, Stopping threads took: 0.0000670 seconds
182.717: Application time: 0.0859450 seconds
182.717: [GC [PSYoungGen: 238576K->33776K(238592K)] 674925K->492774K(783360K), 0.0280750 secs] [Times: user=0.21 sys=0.00, real=0.03 secs] 
182.745: Total time for which application threads were stopped: 0.0282800 seconds, Stopping threads took: 0.0000950 seconds
182.831: Application time: 0.0855380 seconds
182.831: [GC [PSYoungGen: 238576K->33776K(238592K)] 697574K->504646K(783360K), 0.0245510 secs] [Times: user=0.19 sys=0.00, real=0.02 secs] 
182.856: Total time for which application threads were stopped: 0.0247590 seconds, Stopping threads took: 0.0000900 seconds
182.933: Application time: 0.0769720 seconds
182.933: [GC [PSYoungGen: 238576K->33760K(238592K)] 709446K->517046K(783360K), 0.0245260 secs] [Times: user=0.19 sys=0.00, real=0.02 secs] 
182.957: Total time for which application threads were stopped: 0.0247570 seconds, Stopping threads took: 0.0001130 seconds
183.034: Application time: 0.0764660 seconds
183.034: [GC [PSYoungGen: 238560K->33792K(238592K)] 721846K->542899K(783360K), 0.0308560 secs] [Times: user=0.24 sys=0.00, real=0.03 secs] 
183.065: Total time for which application threads were stopped: 0.0310560 seconds, Stopping threads took: 0.0000710 seconds
183.149: Application time: 0.0845520 seconds
183.150: [GC [PSYoungGen: 238592K->33792K(238592K)] 747699K->566753K(783360K), 0.0301000 secs] [Times: user=0.23 sys=0.00, real=0.02 secs] 
183.180: [Full GC [PSYoungGen: 33792K->0K(238592K)] [ParOldGen: 532961K->77464K(544768K)] 566753K->77464K(783360K) [PSPermGen: 8871K->8871K(21504K)], 0.0839960 secs] [Times: user=0.60 sys=0.00, real=0.09 secs] 
183.264: Total time for which application threads were stopped: 0.1143600 seconds, Stopping threads took: 0.0000780 seconds
183.349: Application time: 0.0847580 seconds
183.349: [GC [PSYoungGen: 204800K->18176K(238592K)] 282264K->95640K(783360K), 0.0076400 secs] [Times: user=0.06 sys=0.00, real=0.01 secs] 
183.356: Total time for which application threads were stopped: 0.0078520 seconds, Stopping threads took: 0.0000970 seconds
183.432: Application time: 0.0754880 seconds
183.432: [GC [PSYoungGen: 222976K->24048K(238592K)] 300440K->101512K(783360K), 0.0095500 secs] [Times: user=0.08 sys=0.00, real=0.01 secs] 
183.442: Total time for which application threads were stopped: 0.0097570 seconds, Stopping threads took: 0.0000890 seconds
183.520: Application time: 0.0786080 seconds
183.520: [GC [PSYoungGen: 228848K->33776K(238592K)] 306312K->128591K(783360K), 0.0203280 secs] [Times: user=0.16 sys=0.00, real=0.02 secs] 
183.541: Total time for which application threads were stopped: 0.0205200 seconds, Stopping threads took: 0.0000770 seconds
183.625: Application time: 0.0836930 seconds
183.625: [GC [PSYoungGen: 238576K->33776K(238592K)] 333391K->148222K(783360K), 0.0222280 secs] [Times: user=0.17 sys=0.00, real=0.02 secs] 
183.647: Total time for which application threads were stopped: 0.0224460 seconds, Stopping threads took: 0.0000900 seconds
183.732: Application time: 0.0852120 seconds
183.732: [GC [PSYoungGen: 238576K->33776K(238592K)] 353022K->165004K(783360K), 0.0215580 secs] [Times: user=0.17 sys=0.00, real=0.02 secs] 
183.754: Total time for which application threads were stopped: 0.0217810 seconds, Stopping threads took: 0.0001090 seconds
183.827: Application time: 0.0734260 seconds
183.828: [GC [PSYoungGen: 238576K->33776K(238592K)] 369804K->171316K(783360K), 0.0188550 secs] [Times: user=0.13 sys=0.00, real=0.02 secs] 
183.846: Total time for which application threads were stopped: 0.0190710 seconds, Stopping threads took: 0.0000990 seconds
183.927: Application time: 0.0804620 seconds
183.927: [GC [PSYoungGen: 238576K->33776K(238592K)] 376116K->198911K(783360K), 0.0279610 secs] [Times: user=0.22 sys=0.00, real=0.03 secs] 
183.955: Total time for which application threads were stopped: 0.0281940 seconds, Stopping threads took: 0.0001170 seconds
184.040: Application time: 0.0844430 seconds
184.040: [GC [PSYoungGen: 238576K->33760K(238592K)] 403711K->221997K(783360K), 0.0249910 secs] [Times: user=0.19 sys=0.00, real=0.03 secs] 
184.065: Total time for which application threads were stopped: 0.0252010 seconds, Stopping threads took: 0.0000960 seconds
184.149: Application time: 0.0839810 seconds
184.149: [GC [PSYoungGen: 238560K->33776K(238592K)] 426797K->238044K(783360K), 0.0225840 secs] [Times: user=0.18 sys=0.00, real=0.03 secs] 
184.172: Total time for which application threads were stopped: 0.0228130 seconds, Stopping threads took: 0.0000980 seconds
184.243: Application time: 0.0716220 seconds
184.243: [GC [PSYoungGen: 238576K->33776K(238592K)] 442844K->244315K(783360K), 0.0189170 secs] [Times: user=0.14 sys=0.00, real=0.02 secs] 
184.262: Total time for which application threads were stopped: 0.0191330 seconds, Stopping threads took: 0.0001020 seconds
184.344: Application time: 0.0817360 seconds
184.344: [GC [PSYoungGen: 238576K->33760K(238592K)] 449115K->270253K(783360K), 0.0275010 secs] [Times: user=0.22 sys=0.00, real=0.03 secs] 
184.372: Total time for which application threads were stopped: 0.0277270 seconds, Stopping threads took: 0.0001110 seconds
184.458: Application time: 0.0860490 seconds
184.458: [GC [PSYoungGen: 238560K->33792K(238592K)] 475053K->291300K(783360K), 0.0243460 secs] [Times: user=0.18 sys=0.00, real=0.03 secs] 
184.482: Total time for which application threads were stopped: 0.0245330 seconds, Stopping threads took: 0.0000740 seconds
184.564: Application time: 0.0815630 seconds
184.564: [GC [PSYoungGen: 238592K->33776K(238592K)] 496100K->308107K(783360K), 0.0234260 secs] [Times: user=0.19 sys=0.00, real=0.02 secs] 
184.588: Total time for which application threads were stopped: 0.0236470 seconds, Stopping threads took: 0.0001050 seconds
184.659: Application time: 0.0718750 seconds
184.660: [GC [PSYoungGen: 238576K->33760K(238592K)] 512907K->317205K(783360K), 0.0204570 secs] [Times: user=0.16 sys=0.00, real=0.02 secs] 
184.680: Total time for which application threads were stopped: 0.0207040 seconds, Stopping threads took: 0.0001190 seconds
184.764: Application time: 0.0839780 seconds
184.764: [GC [PSYoungGen: 238560K->33792K(238592K)] 522005K->342577K(783360K), 0.0286970 secs] [Times: user=0.22 sys=0.01, real=0.03 secs] 
184.793: Total time for which application threads were stopped: 0.0289130 seconds, Stopping threads took: 0.0000870 seconds
184.879: Application time: 0.0854470 seconds
184.879: [GC [PSYoungGen: 238592K->33776K(238592K)] 547377K->363660K(783360K), 0.0255790 secs] [Times: user=0.20 sys=0.00, real=0.03 secs] 
184.904: Total time for which application threads were stopped: 0.0258020 seconds, Stopping threads took: 0.0001080 seconds
184.986: Application time: 0.0812550 seconds
184.986: [GC [PSYoungGen: 238576K->33776K(238592K)] 568460K->381002K(783360K), 0.0249980 secs] [Times: user=0.19 sys=0.00, real=0.03 secs] 
185.011: Total time for which application threads were stopped: 0.0251960 seconds, Stopping threads took: 0.0000820 seconds
185.082: Application time: 0.0712800 seconds
185.082: [GC [PSYoungGen: 238576K->33760K(238592K)] 585802K->394840K(783360K), 0.0245300 secs] [Times: user=0.19 sys=0.00, real=0.02 secs] 
185.107: Total time for which application threads were stopped: 0.0247600 seconds, Stopping threads took: 0.0001170 seconds
185.191: Application time: 0.0841290 seconds
185.191: [GC [PSYoungGen: 238560K->33776K(238592K)] 599640K->416983K(783360K), 0.0269400 secs] [Times: user=0.21 sys=0.00, real=0.02 secs] 
185.218: Total time for which application threads were stopped: 0.0271510 seconds, Stopping threads took: 0.0000830 seconds
185.303: Application time: 0.0852900 seconds
185.304: [GC [PSYoungGen: 238576K->33776K(238592K)] 621783K->434424K(783360K), 0.0254910 secs] [Times: user=0.20 sys=0.00, real=0.03 secs] 
185.329: Total time for which application threads were stopped: 0.0257060 seconds, Stopping threads took: 0.0001000 seconds
185.410: Application time: 0.0811890 seconds
185.410: [GC [PSYoungGen: 238576K->33760K(238592K)] 639224K->452560K(783360K), 0.0274770 secs] [Times: user=0.21 sys=0.00, real=0.02 secs] 
185.438: Total time for which application threads were stopped: 0.0276830 seconds, Stopping threads took: 0.0000920 seconds
185.510: Application time: 0.0721860 seconds
185.510: [GC [PSYoungGen: 238560K->33776K(238592K)] 657360K->473055K(783360K), 0.0261030 secs] [Times: user=0.21 sys=0.00, real=0.02 secs] 
185.536: Total time for which application threads were stopped: 0.0262940 seconds, Stopping threads took: 0.0000800 seconds
185.620: Application time: 0.0838510 seconds
185.620: [GC [PSYoungGen: 238576K->33760K(238592K)] 677855K->492245K(783360K), 0.0272030 secs] [Times: user=0.21 sys=0.00, real=0.03 secs] 
185.648: Total time for which application threads were stopped: 0.0274160 seconds, Stopping threads took: 0.0000990 seconds
185.734: Application time: 0.0858320 seconds
185.734: [GC [PSYoungGen: 238560K->33776K(238592K)] 697045K->515060K(783360K), 0.0293040 secs] [Times: user=0.23 sys=0.00, real=0.03 secs] 
185.763: Total time for which application threads were stopped: 0.0295160 seconds, Stopping threads took: 0.0000870 seconds
185.845: Application time: 0.0815520 seconds
185.845: [GC [PSYoungGen: 238576K->33776K(238592K)] 719860K->524435K(783360K), 0.0252410 secs] [Times: user=0.20 sys=0.00, real=0.03 secs] 
185.870: Total time for which application threads were stopped: 0.0254940 seconds, Stopping threads took: 0.0001400 seconds
185.943: Application time: 0.0731610 seconds
185.943: [GC [PSYoungGen: 238576K->33776K(238592K)] 729235K->544100K(783360K), 0.0301670 secs] [Times: user=0.24 sys=0.00, real=0.03 secs] 
185.974: Total time for which application threads were stopped: 0.0303810 seconds, Stopping threads took: 0.0001010 seconds
186.056: Application time: 0.0826790 seconds
186.057: [GC [PSYoungGen: 238576K->33792K(238592K)] 748900K->566119K(783360K), 0.0285480 secs] [Times: user=0.23 sys=0.00, real=0.03 secs] 
186.085: [Full GC [PSYoungGen: 33792K->0K(238592K)] [ParOldGen: 532327K->83852K(544768K)] 566119K->83852K(783360K) [PSPermGen: 8871K->8871K(21504K)], 0.0880070 secs] [Times: user=0.64 sys=0.00, real=0.09 secs] 
186.173: Total time for which application threads were stopped: 0.1168350 seconds, Stopping threads took: 0.0000990 seconds
186.258: Application time: 0.0852250 seconds
186.259: [GC [PSYoungGen: 204800K->26256K(238592K)] 288652K->110108K(783360K), 0.0107290 secs] [Times: user=0.08 sys=0.00, real=0.02 secs] 
186.269: Total time for which application threads were stopped: 0.0109500 seconds, Stopping threads took: 0.0000890 seconds
186.350: Application time: 0.0805340 seconds
186.353: [GC [PSYoungGen: 231056K->33792K(238592K)] 314908K->120332K(783360K), 0.0144380 secs] [Times: user=0.11 sys=0.00, real=0.01 secs] 
186.368: Total time for which application threads were stopped: 0.0177170 seconds, Stopping threads took: 0.0031610 seconds
186.442: Application time: 0.0747020 seconds
186.443: [GC [PSYoungGen: 238592K->33760K(238592K)] 325132K->144950K(783360K), 0.0227810 secs] [Times: user=0.18 sys=0.00, real=0.02 secs] 
186.465: Total time for which application threads were stopped: 0.0229910 seconds, Stopping threads took: 0.0000940 seconds
186.547: Application time: 0.0817570 seconds
186.547: [GC [PSYoungGen: 238560K->33792K(238592K)] 349750K->165513K(783360K), 0.0218740 secs] [Times: user=0.17 sys=0.00, real=0.03 secs] 
186.569: Total time for which application threads were stopped: 0.0220850 seconds, Stopping threads took: 0.0000980 seconds
186.656: Application time: 0.0868580 seconds
186.656: [GC [PSYoungGen: 238592K->33776K(238592K)] 370313K->187536K(783360K), 0.0233870 secs] [Times: user=0.19 sys=0.00, real=0.02 secs] 
186.680: Total time for which application threads were stopped: 0.0235900 seconds, Stopping threads took: 0.0000880 seconds
186.758: Application time: 0.0786460 seconds
186.758: [GC [PSYoungGen: 238576K->33776K(238592K)] 392336K->192835K(783360K), 0.0187350 secs] [Times: user=0.14 sys=0.00, real=0.02 secs] 
186.777: Total time for which application threads were stopped: 0.0189390 seconds, Stopping threads took: 0.0000880 seconds
186.854: Application time: 0.0762790 seconds
186.854: [GC [PSYoungGen: 238576K->33760K(238592K)] 397635K->218617K(783360K), 0.0264310 secs] [Times: user=0.20 sys=0.00, real=0.02 secs] 
186.880: Total time for which application threads were stopped: 0.0266620 seconds, Stopping threads took: 0.0000950 seconds
186.962: Application time: 0.0815700 seconds
186.962: [GC [PSYoungGen: 238560K->33776K(238592K)] 423417K->239846K(783360K), 0.0243690 secs] [Times: user=0.19 sys=0.00, real=0.02 secs] 
186.986: Total time for which application threads were stopped: 0.0245930 seconds, Stopping threads took: 0.0001090 seconds
187.073: Application time: 0.0865770 seconds
187.073: [GC [PSYoungGen: 238576K->33760K(238592K)] 444646K->259485K(783360K), 0.0234370 secs] [Times: user=0.19 sys=0.00, real=0.02 secs] 
187.097: Total time for which application threads were stopped: 0.0236550 seconds, Stopping threads took: 0.0000960 seconds
187.173: Application time: 0.0768200 seconds
187.174: [GC [PSYoungGen: 238560K->33760K(238592K)] 464285K->265453K(783360K), 0.0198130 secs] [Times: user=0.15 sys=0.01, real=0.02 secs] 
187.193: Total time for which application threads were stopped: 0.0200320 seconds, Stopping threads took: 0.0001050 seconds
187.271: Application time: 0.0775750 seconds
187.271: [GC [PSYoungGen: 238560K->33760K(238592K)] 470253K->291623K(783360K), 0.0281140 secs] [Times: user=0.22 sys=0.00, real=0.02 secs] 
187.299: Total time for which application threads were stopped: 0.0283120 seconds, Stopping threads took: 0.0000860 seconds
187.381: Application time: 0.0816340 seconds
187.381: [GC [PSYoungGen: 238560K->33760K(238592K)] 496423K->314642K(783360K), 0.0261600 secs] [Times: user=0.18 sys=0.00, real=0.02 secs] 
187.407: Total time for which application threads were stopped: 0.0263890 seconds, Stopping threads took: 0.0001040 seconds
187.495: Application time: 0.0873550 seconds
187.495: [GC [PSYoungGen: 238560K->33760K(238592K)] 519442K->333840K(783360K), 0.0258030 secs] [Times: user=0.20 sys=0.00, real=0.02 secs] 
187.521: Total time for which application threads were stopped: 0.0259940 seconds, Stopping threads took: 0.0000750 seconds
187.596: Application time: 0.0749100 seconds
187.596: [GC [PSYoungGen: 238560K->33760K(238592K)] 538640K->341213K(783360K), 0.0219170 secs] [Times: user=0.17 sys=0.00, real=0.02 secs] 
187.618: Total time for which application threads were stopped: 0.0221180 seconds, Stopping threads took: 0.0000880 seconds
187.697: Application time: 0.0790210 seconds
187.697: [GC [PSYoungGen: 238560K->33760K(238592K)] 546013K->366738K(783360K), 0.0287790 secs] [Times: user=0.23 sys=0.00, real=0.03 secs] 
187.726: Total time for which application threads were stopped: 0.0289860 seconds, Stopping threads took: 0.0000910 seconds
187.808: Application time: 0.0821660 seconds
187.808: [GC [PSYoungGen: 238560K->33776K(238592K)] 571538K->392113K(783360K), 0.0298120 secs] [Times: user=0.24 sys=0.00, real=0.03 secs] 
187.838: Total time for which application threads were stopped: 0.0300150 seconds, Stopping threads took: 0.0000900 seconds
187.924: Application time: 0.0864970 seconds
187.925: [GC [PSYoungGen: 238576K->33776K(238592K)] 596913K->405407K(783360K), 0.0277930 secs] [Times: user=0.22 sys=0.00, real=0.03 secs] 
187.952: Total time for which application threads were stopped: 0.0280000 seconds, Stopping threads took: 0.0000800 seconds
188.026: Application time: 0.0731230 seconds
188.026: [GC [PSYoungGen: 238576K->33776K(238592K)] 610207K->412835K(783360K), 0.0246580 secs] [Times: user=0.19 sys=0.00, real=0.03 secs] 
188.050: Total time for which application threads were stopped: 0.0248700 seconds, Stopping threads took: 0.0000930 seconds
188.130: Application time: 0.0793660 seconds
188.130: [GC [PSYoungGen: 238576K->33760K(238592K)] 617635K->437693K(783360K), 0.0304960 secs] [Times: user=0.24 sys=0.00, real=0.02 secs] 
188.161: Total time for which application threads were stopped: 0.0307180 seconds, Stopping threads took: 0.0001080 seconds
188.245: Application time: 0.0849490 seconds
188.246: [GC [PSYoungGen: 238560K->33760K(238592K)] 642493K->461187K(783360K), 0.0295780 secs] [Times: user=0.23 sys=0.00, real=0.03 secs] 
188.275: Total time for which application threads were stopped: 0.0297890 seconds, Stopping threads took: 0.0000950 seconds
188.360: Application time: 0.0852180 seconds
188.361: [GC [PSYoungGen: 238560K->33760K(238592K)] 665987K->469902K(783360K), 0.0243230 secs] [Times: user=0.19 sys=0.00, real=0.03 secs] 
188.385: Total time for which application threads were stopped: 0.0245490 seconds, Stopping threads took: 0.0001090 seconds
188.456: Application time: 0.0708850 seconds
188.456: [GC [PSYoungGen: 238560K->33776K(238592K)] 674702K->475081K(783360K), 0.0229720 secs] [Times: user=0.18 sys=0.00, real=0.02 secs] 
188.479: Total time for which application threads were stopped: 0.0232000 seconds, Stopping threads took: 0.0000990 seconds
188.560: Application time: 0.0804720 seconds
188.560: [GC [PSYoungGen: 238576K->33760K(238592K)] 679881K->501383K(783360K), 0.0311290 secs] [Times: user=0.24 sys=0.00, real=0.04 secs] 
188.591: Total time for which application threads were stopped: 0.0313730 seconds, Stopping threads took: 0.0001260 seconds
188.680: Application time: 0.0888210 seconds
188.680: [GC [PSYoungGen: 238560K->33760K(238592K)] 706183K->526021K(783360K), 0.0313880 secs] [Times: user=0.25 sys=0.00, real=0.04 secs] 
188.711: Total time for which application threads were stopped: 0.0316080 seconds, Stopping threads took: 0.0001030 seconds
188.792: Application time: 0.0809100 seconds
188.792: [GC [PSYoungGen: 238560K->33760K(238592K)] 730821K->536703K(783360K), 0.0251770 secs] [Times: user=0.20 sys=0.00, real=0.02 secs] 
188.818: Total time for which application threads were stopped: 0.0253850 seconds, Stopping threads took: 0.0000930 seconds
188.887: Application time: 0.0696680 seconds
188.888: [GC [PSYoungGen: 238560K->33776K(238592K)] 741503K->544735K(783360K), 0.0256600 secs] [Times: user=0.21 sys=0.00, real=0.03 secs] 
188.913: [Full GC [PSYoungGen: 33776K->0K(238592K)] [ParOldGen: 510959K->77363K(544768K)] 544735K->77363K(783360K) [PSPermGen: 8871K->8871K(21504K)], 0.0814040 secs] [Times: user=0.58 sys=0.00, real=0.08 secs] 
188.995: Total time for which application threads were stopped: 0.1073310 seconds, Stopping threads took: 0.0000860 seconds
189.077: Application time: 0.0825660 seconds
189.077: [GC [PSYoungGen: 204800K->25344K(238592K)] 282163K->102707K(783360K), 0.0108040 secs] [Times: user=0.09 sys=0.00, real=0.01 secs] 
189.088: Total time for which application threads were stopped: 0.0110440 seconds, Stopping threads took: 0.0001110 seconds
189.180: Application time: 0.0913100 seconds
189.181: [GC [PSYoungGen: 230144K->33760K(238592K)] 307507K->131001K(783360K), 0.0211010 secs] [Times: user=0.16 sys=0.00, real=0.02 secs] 
189.202: Total time for which application threads were stopped: 0.0226750 seconds, Stopping threads took: 0.0014570 seconds
189.281: Application time: 0.0787900 seconds
189.285: [GC [PSYoungGen: 238560K->33776K(238592K)] 335801K->142881K(783360K), 0.0181540 secs] [Times: user=0.12 sys=0.00, real=0.02 secs] 
189.303: Total time for which application threads were stopped: 0.0222590 seconds, Stopping threads took: 0.0039870 seconds
189.373: Application time: 0.0692650 seconds
189.373: [GC [PSYoungGen: 238576K->33760K(238592K)] 347681K->156256K(783360K), 0.0187410 secs] [Times: user=0.15 sys=0.00, real=0.02 secs] 
189.392: Total time for which application threads were stopped: 0.0190020 seconds, Stopping threads took: 0.0001470 seconds
189.474: Application time: 0.0823980 seconds
189.474: [GC [PSYoungGen: 238560K->33760K(238592K)] 361056K->176108K(783360K), 0.0225850 secs] [Times: user=0.18 sys=0.00, real=0.02 secs] 
189.497: Total time for which application threads were stopped: 0.0228000 seconds, Stopping threads took: 0.0001010 seconds
189.590: Application time: 0.0929510 seconds
189.590: [GC [PSYoungGen: 238560K->33760K(238592K)] 380908K->203788K(783360K), 0.0267590 secs] [Times: user=0.21 sys=0.00, real=0.02 secs] 
189.617: Total time for which application threads were stopped: 0.0269750 seconds, Stopping threads took: 0.0000860 seconds
189.694: Application time: 0.0770610 seconds
189.694: [GC [PSYoungGen: 238560K->33776K(238592K)] 408588K->216116K(783360K), 0.0206250 secs] [Times: user=0.17 sys=0.00, real=0.02 secs] 
189.715: Total time for which application threads were stopped: 0.0208340 seconds, Stopping threads took: 0.0000870 seconds
189.785: Application time: 0.0704910 seconds
189.785: [GC [PSYoungGen: 238576K->33760K(238592K)] 420916K->237796K(783360K), 0.0234420 secs] [Times: user=0.18 sys=0.00, real=0.02 secs] 
189.809: Total time for which application threads were stopped: 0.0236670 seconds, Stopping threads took: 0.0001130 seconds
189.891: Application time: 0.0821690 seconds
189.891: [GC [PSYoungGen: 238560K->33760K(238592K)] 442596K->253763K(783360K), 0.0232080 secs] [Times: user=0.18 sys=0.00, real=0.02 secs] 
189.914: Total time for which application threads were stopped: 0.0234450 seconds, Stopping threads took: 0.0001200 seconds
190.008: Application time: 0.0931200 seconds
190.009: [GC [PSYoungGen: 238560K->33760K(238592K)] 458563K->277593K(783360K), 0.0268370 secs] [Times: user=0.21 sys=0.00, real=0.02 secs] 
190.036: Total time for which application threads were stopped: 0.0284760 seconds, Stopping threads took: 0.0015240 seconds
190.113: Application time: 0.0766490 seconds
190.113: [GC [PSYoungGen: 238560K->33776K(238592K)] 482393K->287680K(783360K), 0.0225590 secs] [Times: user=0.18 sys=0.00, real=0.02 secs] 
190.136: Total time for which application threads were stopped: 0.0227950 seconds, Stopping threads took: 0.0001030 seconds
190.207: Application time: 0.0710630 seconds
190.207: [GC [PSYoungGen: 238576K->33760K(238592K)] 492480K->311851K(783360K), 0.0269240 secs] [Times: user=0.21 sys=0.00, real=0.03 secs] 
190.234: Total time for which application threads were stopped: 0.0271180 seconds, Stopping threads took: 0.0000820 seconds
190.317: Application time: 0.0835660 seconds
190.321: [GC [PSYoungGen: 238560K->33776K(238592K)] 516651K->335458K(783360K), 0.0278060 secs] [Times: user=0.22 sys=0.00, real=0.02 secs] 
190.349: Total time for which application threads were stopped: 0.0317900 seconds, Stopping threads took: 0.0038610 seconds
190.441: Application time: 0.0919730 seconds
190.441: [GC [PSYoungGen: 238576K->33760K(238592K)] 540258K->350225K(783360K), 0.0229530 secs] [Times: user=0.17 sys=0.00, real=0.02 secs] 
190.464: Total time for which application threads were stopped: 0.0232070 seconds, Stopping threads took: 0.0001390 seconds
190.540: Application time: 0.0755270 seconds
190.540: [GC [PSYoungGen: 238560K->33760K(238592K)] 555025K->359289K(783360K), 0.0209240 secs] [Times: user=0.16 sys=0.00, real=0.02 secs] 
190.561: Total time for which application threads were stopped: 0.0211520 seconds, Stopping threads took: 0.0001110 seconds
190.633: Application time: 0.0722960 seconds
190.633: [GC [PSYoungGen: 238560K->33760K(238592K)] 564089K->385602K(783360K), 0.0279420 secs] [Times: user=0.21 sys=0.00, real=0.03 secs] 
190.661: Total time for which application threads were stopped: 0.0281630 seconds, Stopping threads took: 0.0000910 seconds
190.748: Application time: 0.0863260 seconds
190.748: [GC [PSYoungGen: 238560K->33776K(238592K)] 590402K->409169K(783360K), 0.0276380 secs] [Times: user=0.21 sys=0.00, real=0.03 secs] 
190.776: Total time for which application threads were stopped: 0.0278540 seconds, Stopping threads took: 0.0001030 seconds
190.864: Application time: 0.0886300 seconds
190.864: [GC [PSYoungGen: 238576K->33760K(238592K)] 613969K->418828K(783360K), 0.0229410 secs] [Times: user=0.18 sys=0.00, real=0.02 secs] 
190.887: Total time for which application threads were stopped: 0.0231530 seconds, Stopping threads took: 0.0000990 seconds
190.961: Application time: 0.0741340 seconds
190.962: [GC [PSYoungGen: 238560K->33776K(238592K)] 623628K->425901K(783360K), 0.0216690 secs] [Times: user=0.18 sys=0.00, real=0.02 secs] 
190.983: Total time for which application threads were stopped: 0.0218750 seconds, Stopping threads took: 0.0000910 seconds
191.059: Application time: 0.0756000 seconds
191.059: [GC [PSYoungGen: 238576K->33760K(238592K)] 630701K->452727K(783360K), 0.0292430 secs] [Times: user=0.23 sys=0.00, real=0.03 secs] 
191.088: Total time for which application threads were stopped: 0.0294770 seconds, Stopping threads took: 0.0001170 seconds
191.175: Application time: 0.0865800 seconds
191.175: [GC [PSYoungGen: 238560K->33760K(238592K)] 657527K->477633K(783360K), 0.0275350 secs] [Times: user=0.22 sys=0.00, real=0.03 secs] 
191.203: Total time for which application threads were stopped: 0.0277500 seconds, Stopping threads took: 0.0000900 seconds
191.288: Application time: 0.0854980 seconds
191.288: [GC [PSYoungGen: 238560K->33760K(238592K)] 682433K->482849K(783360K), 0.0201290 secs] [Times: user=0.16 sys=0.00, real=0.02 secs] 
191.309: Total time for which application threads were stopped: 0.0203390 seconds, Stopping threads took: 0.0000950 seconds
191.381: Application time: 0.0727330 seconds
191.382: [GC [PSYoungGen: 238560K->33760K(238592K)] 687649K->490332K(783360K), 0.0213840 secs] [Times: user=0.17 sys=0.00, real=0.02 secs] 
191.403: Total time for which application threads were stopped: 0.0216120 seconds, Stopping threads took: 0.0001120 seconds
191.481: Application time: 0.0780980 seconds
191.481: [GC [PSYoungGen: 238560K->33760K(238592K)] 695132K->517422K(783360K), 0.0291270 secs] [Times: user=0.23 sys=0.00, real=0.03 secs] 
191.510: Total time for which application threads were stopped: 0.0293340 seconds, Stopping threads took: 0.0000960 seconds
191.598: Application time: 0.0877250 seconds
191.601: [GC [PSYoungGen: 238560K->33776K(238592K)] 722222K->545204K(783360K), 0.0294070 secs] [Times: user=0.23 sys=0.00, real=0.03 secs] 
191.631: [Full GC [PSYoungGen: 33776K->0K(238592K)] [ParOldGen: 511428K->77793K(544768K)] 545204K->77793K(783360K) [PSPermGen: 8873K->8873K(21504K)], 0.0837970 secs] [Times: user=0.61 sys=0.00, real=0.08 secs] 
191.715: Total time for which application threads were stopped: 0.1163830 seconds, Stopping threads took: 0.0030000 seconds
191.799: Application time: 0.0843260 seconds
191.799: [GC [PSYoungGen: 204800K->11248K(238592K)] 282593K->89041K(783360K), 0.0046750 secs] [Times: user=0.03 sys=0.00, real=0.01 secs] 
191.804: Total time for which application threads were stopped: 0.0049030 seconds, Stopping threads took: 0.0001030 seconds
191.875: Application time: 0.0714940 seconds
191.875: [GC [PSYoungGen: 216048K->17088K(238592K)] 293841K->94881K(783360K), 0.0070540 secs] [Times: user=0.06 sys=0.00, real=0.01 secs] 
191.883: Total time for which application threads were stopped: 0.0072820 seconds, Stopping threads took: 0.0001120 seconds
191.962: Application time: 0.0797690 seconds
191.962: [GC [PSYoungGen: 221888K->33760K(238592K)] 299681K->122713K(783360K), 0.0181030 secs] [Times: user=0.14 sys=0.00, real=0.01 secs] 
191.981: Total time for which application threads were stopped: 0.0183040 seconds, Stopping threads took: 0.0000840 seconds
192.071: Application time: 0.0899890 seconds
192.071: [GC [PSYoungGen: 238560K->33792K(238592K)] 327513K->148640K(783360K), 0.0244320 secs] [Times: user=0.19 sys=0.00, real=0.02 secs] 
192.095: Total time for which application threads were stopped: 0.0246480 seconds, Stopping threads took: 0.0001010 seconds
192.178: Application time: 0.0826340 seconds
192.178: [GC [PSYoungGen: 238592K->33760K(238592K)] 353440K->159200K(783360K), 0.0188180 secs] [Times: user=0.15 sys=0.00, real=0.02 secs] 
192.197: Total time for which application threads were stopped: 0.0190490 seconds, Stopping threads took: 0.0001140 seconds
192.266: Application time: 0.0688340 seconds
192.266: [GC [PSYoungGen: 238560K->33776K(238592K)] 364000K->166212K(783360K), 0.0178500 secs] [Times: user=0.14 sys=0.00, real=0.02 secs] 
192.284: Total time for which application threads were stopped: 0.0180650 seconds, Stopping threads took: 0.0001010 seconds
192.365: Application time: 0.0815130 seconds
192.366: [GC [PSYoungGen: 238576K->33776K(238592K)] 371012K->196180K(783360K), 0.0279190 secs] [Times: user=0.23 sys=0.00, real=0.03 secs] 
192.393: Total time for which application threads were stopped: 0.0281310 seconds, Stopping threads took: 0.0000860 seconds
192.487: Application time: 0.0935480 seconds
192.487: [GC [PSYoungGen: 238576K->33792K(238592K)] 400980K->224337K(783360K), 0.0274090 secs] [Times: user=0.21 sys=0.00, real=0.03 secs] 
192.515: Total time for which application threads were stopped: 0.0276080 seconds, Stopping threads took: 0.0000760 seconds
192.593: Application time: 0.0779920 seconds
192.597: [GC [PSYoungGen: 238592K->33776K(238592K)] 429137K->232590K(783360K), 0.0217540 secs] [Times: user=0.16 sys=0.00, real=0.02 secs] 
192.619: Total time for which application threads were stopped: 0.0263410 seconds, Stopping threads took: 0.0044680 seconds
192.688: Application time: 0.0687940 seconds
192.688: [GC [PSYoungGen: 238576K->33776K(238592K)] 437390K->242373K(783360K), 0.0205880 secs] [Times: user=0.16 sys=0.00, real=0.02 secs] 
192.709: Total time for which application threads were stopped: 0.0207800 seconds, Stopping threads took: 0.0000760 seconds
192.793: Application time: 0.0844700 seconds
192.793: [GC [PSYoungGen: 238576K->33776K(238592K)] 447173K->275758K(783360K), 0.0307030 secs] [Times: user=0.25 sys=0.00, real=0.03 secs] 
192.824: Total time for which application threads were stopped: 0.0309170 seconds, Stopping threads took: 0.0000950 seconds
192.918: Application time: 0.0938670 seconds
192.918: [GC [PSYoungGen: 238576K->33760K(238592K)] 480558K->299228K(783360K), 0.0271600 secs] [Times: user=0.21 sys=0.00, real=0.03 secs] 
192.945: Total time for which application threads were stopped: 0.0273470 seconds, Stopping threads took: 0.0000630 seconds
193.020: Application time: 0.0748940 seconds
193.020: [GC [PSYoungGen: 238560K->33760K(238592K)] 504028K->307761K(783360K), 0.0201700 secs] [Times: user=0.16 sys=0.00, real=0.02 secs] 
193.040: Total time for which application threads were stopped: 0.0204100 seconds, Stopping threads took: 0.0001220 seconds
193.109: Application time: 0.0688520 seconds
193.109: [GC [PSYoungGen: 238560K->33760K(238592K)] 512561K->320538K(783360K), 0.0219000 secs] [Times: user=0.18 sys=0.00, real=0.02 secs] 
193.131: Total time for which application threads were stopped: 0.0221000 seconds, Stopping threads took: 0.0000850 seconds
193.218: Application time: 0.0866890 seconds
193.218: [GC [PSYoungGen: 238560K->33776K(238592K)] 525338K->349592K(783360K), 0.0291490 secs] [Times: user=0.23 sys=0.00, real=0.03 secs] 
193.247: Total time for which application threads were stopped: 0.0293510 seconds, Stopping threads took: 0.0000850 seconds
193.340: Application time: 0.0926780 seconds
193.340: [GC [PSYoungGen: 238576K->33776K(238592K)] 554392K->370390K(783360K), 0.0277700 secs] [Times: user=0.22 sys=0.00, real=0.03 secs] 
193.368: Total time for which application threads were stopped: 0.0279810 seconds, Stopping threads took: 0.0000970 seconds
193.442: Application time: 0.0739560 seconds
193.442: [GC [PSYoungGen: 238576K->33760K(238592K)] 575190K->377070K(783360K), 0.0220420 secs] [Times: user=0.17 sys=0.00, real=0.02 secs] 
193.464: Total time for which application threads were stopped: 0.0222750 seconds, Stopping threads took: 0.0001040 seconds
193.533: Application time: 0.0687700 seconds
193.533: [GC [PSYoungGen: 238560K->33776K(238592K)] 581870K->393729K(783360K), 0.0256940 secs] [Times: user=0.20 sys=0.00, real=0.02 secs] 
193.559: Total time for which application threads were stopped: 0.0259020 seconds, Stopping threads took: 0.0000900 seconds
193.647: Application time: 0.0883370 seconds
193.648: [GC [PSYoungGen: 238576K->33760K(238592K)] 598529K->417928K(783360K), 0.0304950 secs] [Times: user=0.25 sys=0.00, real=0.03 secs] 
193.678: Total time for which application threads were stopped: 0.0307220 seconds, Stopping threads took: 0.0001190 seconds
193.771: Application time: 0.0929210 seconds
193.771: [GC [PSYoungGen: 238560K->33760K(238592K)] 622728K->437159K(783360K), 0.0266530 secs] [Times: user=0.21 sys=0.00, real=0.02 secs] 
193.798: Total time for which application threads were stopped: 0.0269130 seconds, Stopping threads took: 0.0001270 seconds
193.871: Application time: 0.0731150 seconds
193.871: [GC [PSYoungGen: 238560K->33760K(238592K)] 641959K->444911K(783360K), 0.0221320 secs] [Times: user=0.17 sys=0.01, real=0.02 secs] 
193.893: Total time for which application threads were stopped: 0.0223640 seconds, Stopping threads took: 0.0001060 seconds
193.963: Application time: 0.0691020 seconds
193.963: [GC [PSYoungGen: 238560K->33760K(238592K)] 649711K->464830K(783360K), 0.0269280 secs] [Times: user=0.22 sys=0.00, real=0.03 secs] 
193.990: Total time for which application threads were stopped: 0.0271480 seconds, Stopping threads took: 0.0000920 seconds
194.080: Application time: 0.0900540 seconds
194.080: [GC [PSYoungGen: 238560K->33776K(238592K)] 669630K->492960K(783360K), 0.0306650 secs] [Times: user=0.24 sys=0.00, real=0.04 secs] 
194.111: Total time for which application threads were stopped: 0.0308730 seconds, Stopping threads took: 0.0000950 seconds
194.202: Application time: 0.0913850 seconds
194.205: [GC [PSYoungGen: 238576K->33776K(238592K)] 697760K->509831K(783360K), 0.0266410 secs] [Times: user=0.21 sys=0.00, real=0.03 secs] 
194.232: Total time for which application threads were stopped: 0.0298550 seconds, Stopping threads took: 0.0030960 seconds
194.304: Application time: 0.0717230 seconds
194.304: [GC [PSYoungGen: 238576K->33760K(238592K)] 714631K->516071K(783360K), 0.0235600 secs] [Times: user=0.18 sys=0.00, real=0.02 secs] 
194.327: Total time for which application threads were stopped: 0.0237540 seconds, Stopping threads took: 0.0000790 seconds
194.397: Application time: 0.0699430 seconds
194.397: [GC [PSYoungGen: 238560K->33776K(238592K)] 720871K->538993K(783360K), 0.0292710 secs] [Times: user=0.23 sys=0.00, real=0.03 secs] 
194.427: Total time for which application threads were stopped: 0.0294780 seconds, Stopping threads took: 0.0000930 seconds
194.519: Application time: 0.0918230 seconds
194.519: [GC [PSYoungGen: 238576K->33776K(238592K)] 743793K->569782K(783360K), 0.0330540 secs] [Times: user=0.26 sys=0.00, real=0.04 secs] 
194.552: [Full GC [PSYoungGen: 33776K->0K(238592K)] [ParOldGen: 536005K->80286K(544768K)] 569782K->80286K(783360K) [PSPermGen: 8873K->8873K(21504K)], 0.0838020 secs] [Times: user=0.61 sys=0.00, real=0.08 secs] 
194.636: Total time for which application threads were stopped: 0.1171480 seconds, Stopping threads took: 0.0000930 seconds
194.725: Application time: 0.0894140 seconds
194.725: [GC [PSYoungGen: 204800K->18752K(238592K)] 285086K->99038K(783360K), 0.0078840 secs] [Times: user=0.06 sys=0.00, real=0.01 secs] 
194.733: Total time for which application threads were stopped: 0.0080870 seconds, Stopping threads took: 0.0000870 seconds
194.803: Application time: 0.0700370 seconds
194.803: [GC [PSYoungGen: 223552K->25776K(238592K)] 303838K->106062K(783360K), 0.0102280 secs] [Times: user=0.08 sys=0.00, real=0.01 secs] 
194.814: Total time for which application threads were stopped: 0.0104330 seconds, Stopping threads took: 0.0000870 seconds
194.885: Application time: 0.0710110 seconds
194.885: [GC [PSYoungGen: 230576K->33776K(238592K)] 310862K->133984K(783360K), 0.0206750 secs] [Times: user=0.16 sys=0.00, real=0.02 secs] 
194.906: Total time for which application threads were stopped: 0.0208710 seconds, Stopping threads took: 0.0000840 seconds
195.001: Application time: 0.0957420 seconds
195.005: [GC [PSYoungGen: 238576K->33760K(238592K)] 338784K->160291K(783360K), 0.0251350 secs] [Times: user=0.20 sys=0.00, real=0.03 secs] 
195.030: Total time for which application threads were stopped: 0.0290100 seconds, Stopping threads took: 0.0037580 seconds
195.116: Application time: 0.0856510 seconds
195.116: [GC [PSYoungGen: 238560K->33776K(238592K)] 365091K->169487K(783360K), 0.0187610 secs] [Times: user=0.15 sys=0.00, real=0.02 secs] 
195.135: Total time for which application threads were stopped: 0.0190100 seconds, Stopping threads took: 0.0001210 seconds
195.203: Application time: 0.0675170 seconds
195.203: [GC [PSYoungGen: 238576K->33760K(238592K)] 374287K->177099K(783360K), 0.0184890 secs] [Times: user=0.14 sys=0.00, real=0.02 secs] 
195.221: Total time for which application threads were stopped: 0.0187210 seconds, Stopping threads took: 0.0001110 seconds
195.296: Application time: 0.0743490 seconds
195.296: [GC [PSYoungGen: 238560K->33776K(238592K)] 381899K->210304K(783360K), 0.0301540 secs] [Times: user=0.24 sys=0.00, real=0.03 secs] 
195.326: Total time for which application threads were stopped: 0.0303800 seconds, Stopping threads took: 0.0001140 seconds
195.423: Application time: 0.0971630 seconds
195.423: [GC [PSYoungGen: 238576K->33792K(238592K)] 415104K->239614K(783360K), 0.0283120 secs] [Times: user=0.22 sys=0.00, real=0.03 secs] 
195.452: Total time for which application threads were stopped: 0.0285170 seconds, Stopping threads took: 0.0000910 seconds
195.534: Application time: 0.0821930 seconds
195.534: [GC [PSYoungGen: 238592K->33760K(238592K)] 444414K->245678K(783360K), 0.0195170 secs] [Times: user=0.15 sys=0.00, real=0.02 secs] 
195.554: Total time for which application threads were stopped: 0.0197300 seconds, Stopping threads took: 0.0000970 seconds
195.621: Application time: 0.0669770 seconds
195.621: [GC [PSYoungGen: 238560K->33776K(238592K)] 450478K->251801K(783360K), 0.0195040 secs] [Times: user=0.16 sys=0.00, real=0.02 secs] 
195.640: Total time for which application threads were stopped: 0.0197370 seconds, Stopping threads took: 0.0001000 seconds
195.719: Application time: 0.0784930 seconds
195.719: [GC [PSYoungGen: 238576K->33776K(238592K)] 456601K->286219K(783360K), 0.0317340 secs] [Times: user=0.25 sys=0.00, real=0.04 secs] 
195.751: Total time for which application threads were stopped: 0.0319330 seconds, Stopping threads took: 0.0000850 seconds
195.848: Application time: 0.0973450 seconds
195.848: [GC [PSYoungGen: 238576K->33776K(238592K)] 491019K->313201K(783360K), 0.0271140 secs] [Times: user=0.22 sys=0.00, real=0.03 secs] 
195.875: Total time for which application threads were stopped: 0.0273080 seconds, Stopping threads took: 0.0000770 seconds
195.955: Application time: 0.0798490 seconds
195.957: [GC [PSYoungGen: 238576K->33760K(238592K)] 518001K->318217K(783360K), 0.0189230 secs] [Times: user=0.14 sys=0.00, real=0.02 secs] 
195.976: Total time for which application threads were stopped: 0.0208690 seconds, Stopping threads took: 0.0018280 seconds
196.042: Application time: 0.0657120 seconds
196.042: [GC [PSYoungGen: 238560K->33776K(238592K)] 523017K->326064K(783360K), 0.0205240 secs] [Times: user=0.17 sys=0.00, real=0.02 secs] 
196.063: Total time for which application threads were stopped: 0.0207530 seconds, Stopping threads took: 0.0001160 seconds
196.145: Application time: 0.0828110 seconds
196.146: [GC [PSYoungGen: 238576K->33760K(238592K)] 530864K->359066K(783360K), 0.0317250 secs] [Times: user=0.25 sys=0.00, real=0.03 secs] 
196.177: Total time for which application threads were stopped: 0.0319400 seconds, Stopping threads took: 0.0000890 seconds
196.275: Application time: 0.0971600 seconds
196.275: [GC [PSYoungGen: 238560K->33776K(238592K)] 563866K->383995K(783360K), 0.0271120 secs] [Times: user=0.22 sys=0.00, real=0.03 secs] 
196.302: Total time for which application threads were stopped: 0.0273210 seconds, Stopping threads took: 0.0000940 seconds
196.378: Application time: 0.0765240 seconds
196.379: [GC [PSYoungGen: 238576K->33760K(238592K)] 588795K->388086K(783360K), 0.0208130 secs] [Times: user=0.16 sys=0.00, real=0.02 secs] 
196.399: Total time for which application threads were stopped: 0.0210030 seconds, Stopping threads took: 0.0000790 seconds
196.464: Application time: 0.0642510 seconds
196.464: [GC [PSYoungGen: 238560K->33776K(238592K)] 592886K->398154K(783360K), 0.0217200 secs] [Times: user=0.17 sys=0.00, real=0.02 secs] 
196.486: Total time for which application threads were stopped: 0.0219440 seconds, Stopping threads took: 0.0001050 seconds
196.570: Application time: 0.0847810 seconds
196.571: [GC [PSYoungGen: 238576K->33760K(238592K)] 602954K->431367K(783360K), 0.0313420 secs] [Times: user=0.24 sys=0.00, real=0.03 secs] 
196.602: Total time for which application threads were stopped: 0.0315630 seconds, Stopping threads took: 0.0001060 seconds
196.700: Application time: 0.0979960 seconds
196.701: [GC [PSYoungGen: 238560K->33792K(238592K)] 636167K->451270K(783360K), 0.0244790 secs] [Times: user=0.19 sys=0.00, real=0.02 secs] 
196.726: Total time for which application threads were stopped: 0.0258230 seconds, Stopping threads took: 0.0012080 seconds
196.799: Application time: 0.0736960 seconds
196.800: [GC [PSYoungGen: 238592K->33776K(238592K)] 656070K->454361K(783360K), 0.0180710 secs] [Times: user=0.14 sys=0.00, real=0.02 secs] 
196.818: Total time for which application threads were stopped: 0.0182730 seconds, Stopping threads took: 0.0000870 seconds
196.882: Application time: 0.0644130 seconds
196.882: [GC [PSYoungGen: 238576K->33760K(238592K)] 659161K->466938K(783360K), 0.0215180 secs] [Times: user=0.17 sys=0.00, real=0.02 secs] 
196.904: Total time for which application threads were stopped: 0.0217480 seconds, Stopping threads took: 0.0001150 seconds
196.991: Application time: 0.0873770 seconds
196.991: [GC [PSYoungGen: 238560K->33776K(238592K)] 671738K->502850K(783360K), 0.0312910 secs] [Times: user=0.25 sys=0.00, real=0.03 secs] 
197.023: Total time for which application threads were stopped: 0.0314820 seconds, Stopping threads took: 0.0000760 seconds
197.120: Application time: 0.0977380 seconds
197.121: [GC [PSYoungGen: 238576K->33760K(238592K)] 707650K->523489K(783360K), 0.0256070 secs] [Times: user=0.20 sys=0.00, real=0.03 secs] 
197.146: Total time for which application threads were stopped: 0.0258090 seconds, Stopping threads took: 0.0000850 seconds
197.218: Application time: 0.0719130 seconds
197.218: [GC [PSYoungGen: 238560K->33760K(238592K)] 728289K->526337K(783360K), 0.0195000 secs] [Times: user=0.15 sys=0.00, real=0.02 secs] 
197.238: Total time for which application threads were stopped: 0.0197490 seconds, Stopping threads took: 0.0001170 seconds
197.303: Application time: 0.0648480 seconds
197.303: [GC [PSYoungGen: 238560K->33760K(238592K)] 731137K->542181K(783360K), 0.0244890 secs] [Times: user=0.19 sys=0.00, real=0.02 secs] 
197.328: [Full GC [PSYoungGen: 33760K->0K(238592K)] [ParOldGen: 508421K->75837K(544768K)] 542181K->75837K(783360K) [PSPermGen: 8873K->8873K(21504K)], 0.0789120 secs] [Times: user=0.57 sys=0.00, real=0.08 secs] 
197.407: Total time for which application threads were stopped: 0.1036870 seconds, Stopping threads took: 0.0001010 seconds
197.498: Application time: 0.0911170 seconds
197.498: [GC [PSYoungGen: 204800K->33760K(238592K)] 280637K->113277K(783360K), 0.0154790 secs] [Times: user=0.12 sys=0.00, real=0.02 secs] 
197.513: Total time for which application threads were stopped: 0.0156830 seconds, Stopping threads took: 0.0000860 seconds
197.609: Application time: 0.0958880 seconds
197.609: [GC [PSYoungGen: 238560K->33760K(238592K)] 318077K->129020K(783360K), 0.0197960 secs] [Times: user=0.15 sys=0.00, real=0.02 secs] 
197.629: Total time for which application threads were stopped: 0.0200020 seconds, Stopping threads took: 0.0000890 seconds
197.699: Application time: 0.0696810 seconds
197.699: [GC [PSYoungGen: 238560K->33776K(238592K)] 333820K->132036K(783360K), 0.0150200 secs] [Times: user=0.12 sys=0.00, real=0.02 secs] 
197.714: Total time for which application threads were stopped: 0.0152350 seconds, Stopping threads took: 0.0000980 seconds
197.780: Application time: 0.0658950 seconds
197.780: [GC [PSYoungGen: 238576K->33760K(238592K)] 336836K->154186K(783360K), 0.0227610 secs] [Times: user=0.17 sys=0.00, real=0.03 secs] 
197.803: Total time for which application threads were stopped: 0.0230160 seconds, Stopping threads took: 0.0001240 seconds
197.897: Application time: 0.0935370 seconds
197.897: [GC [PSYoungGen: 238560K->33776K(238592K)] 358986K->186115K(783360K), 0.0277380 secs] [Times: user=0.22 sys=0.00, real=0.03 secs] 
197.925: Total time for which application threads were stopped: 0.0279460 seconds, Stopping threads took: 0.0000930 seconds
198.018: Application time: 0.0932180 seconds
198.018: [GC [PSYoungGen: 238576K->33760K(238592K)] 390915K->201931K(783360K), 0.0219680 secs] [Times: user=0.16 sys=0.00, real=0.02 secs] 
198.040: Total time for which application threads were stopped: 0.0221690 seconds, Stopping threads took: 0.0000860 seconds
198.108: Application time: 0.0685160 seconds
198.109: [GC [PSYoungGen: 238560K->33792K(238592K)] 406731K->203704K(783360K), 0.0173890 secs] [Times: user=0.13 sys=0.00, real=0.02 secs] 
198.126: Total time for which application threads were stopped: 0.0176150 seconds, Stopping threads took: 0.0001120 seconds
198.195: Application time: 0.0692420 seconds
198.195: [GC [PSYoungGen: 238592K->33776K(238592K)] 408504K->231772K(783360K), 0.0273740 secs] [Times: user=0.22 sys=0.00, real=0.03 secs] 
198.223: Total time for which application threads were stopped: 0.0275740 seconds, Stopping threads took: 0.0000870 seconds
198.318: Application time: 0.0949720 seconds
198.318: [GC [PSYoungGen: 238576K->33760K(238592K)] 436572K->263826K(783360K), 0.0296380 secs] [Times: user=0.23 sys=0.00, real=0.03 secs] 
198.348: Total time for which application threads were stopped: 0.0298570 seconds, Stopping threads took: 0.0000930 seconds
198.438: Application time: 0.0907320 seconds
198.439: [GC [PSYoungGen: 238560K->33776K(238592K)] 468626K->274978K(783360K), 0.0214620 secs] [Times: user=0.16 sys=0.00, real=0.02 secs] 
198.460: Total time for which application threads were stopped: 0.0216680 seconds, Stopping threads took: 0.0000880 seconds
198.527: Application time: 0.0665320 seconds
198.527: [GC [PSYoungGen: 238576K->33648K(238592K)] 479778K->274850K(783360K), 0.0177960 secs] [Times: user=0.14 sys=0.00, real=0.02 secs] 
198.545: Total time for which application threads were stopped: 0.0180120 seconds, Stopping threads took: 0.0000970 seconds
198.618: Application time: 0.0729050 seconds
198.618: [GC [PSYoungGen: 238448K->33776K(238592K)] 479650K->307834K(783360K), 0.0299500 secs] [Times: user=0.23 sys=0.00, real=0.03 secs] 
198.648: Total time for which application threads were stopped: 0.0301380 seconds, Stopping threads took: 0.0000760 seconds
198.744: Application time: 0.0967600 seconds
198.745: [GC [PSYoungGen: 238576K->33776K(238592K)] 512634K->335868K(783360K), 0.0304880 secs] [Times: user=0.24 sys=0.00, real=0.03 secs] 
198.775: Total time for which application threads were stopped: 0.0306820 seconds, Stopping threads took: 0.0000810 seconds
198.862: Application time: 0.0868730 seconds
198.862: [GC [PSYoungGen: 238576K->33792K(238592K)] 540668K->343172K(783360K), 0.0205790 secs] [Times: user=0.15 sys=0.00, real=0.02 secs] 
198.883: Total time for which application threads were stopped: 0.0207950 seconds, Stopping threads took: 0.0000880 seconds
198.948: Application time: 0.0655710 seconds
198.949: [GC [PSYoungGen: 238592K->33760K(238592K)] 547972K->347468K(783360K), 0.0193600 secs] [Times: user=0.14 sys=0.00, real=0.02 secs] 
198.968: Total time for which application threads were stopped: 0.0195690 seconds, Stopping threads took: 0.0000910 seconds
199.043: Application time: 0.0750440 seconds
199.043: [GC [PSYoungGen: 238560K->33776K(238592K)] 552268K->380190K(783360K), 0.0307640 secs] [Times: user=0.24 sys=0.00, real=0.03 secs] 
199.074: Total time for which application threads were stopped: 0.0309610 seconds, Stopping threads took: 0.0000840 seconds
199.173: Application time: 0.0989110 seconds
199.173: [GC [PSYoungGen: 238576K->33760K(238592K)] 584990K->408340K(783360K), 0.0292090 secs] [Times: user=0.23 sys=0.00, real=0.03 secs] 
199.202: Total time for which application threads were stopped: 0.0294130 seconds, Stopping threads took: 0.0000900 seconds
199.285: Application time: 0.0822210 seconds
199.285: [GC [PSYoungGen: 238560K->33760K(238592K)] 613140K->412308K(783360K), 0.0199870 secs] [Times: user=0.16 sys=0.00, real=0.02 secs] 
199.305: Total time for which application threads were stopped: 0.0202320 seconds, Stopping threads took: 0.0001270 seconds
199.370: Application time: 0.0653150 seconds
199.370: [GC [PSYoungGen: 238560K->33760K(238592K)] 617108K->419129K(783360K), 0.0217150 secs] [Times: user=0.17 sys=0.00, real=0.02 secs] 
199.392: Total time for which application threads were stopped: 0.0219390 seconds, Stopping threads took: 0.0000980 seconds
199.470: Application time: 0.0779520 seconds
199.470: [GC [PSYoungGen: 238560K->33792K(238592K)] 623929K->452510K(783360K), 0.0314100 secs] [Times: user=0.25 sys=0.00, real=0.03 secs] 
199.502: Total time for which application threads were stopped: 0.0316280 seconds, Stopping threads took: 0.0001020 seconds
199.601: Application time: 0.0993770 seconds
199.601: [GC [PSYoungGen: 238592K->33776K(238592K)] 657310K->476906K(783360K), 0.0270460 secs] [Times: user=0.21 sys=0.00, real=0.02 secs] 
199.628: Total time for which application threads were stopped: 0.0272500 seconds, Stopping threads took: 0.0000860 seconds
199.707: Application time: 0.0791690 seconds
199.708: [GC [PSYoungGen: 238576K->33776K(238592K)] 681706K->481458K(783360K), 0.0196050 secs] [Times: user=0.16 sys=0.00, real=0.02 secs] 
199.727: Total time for which application threads were stopped: 0.0198200 seconds, Stopping threads took: 0.0000970 seconds
199.792: Application time: 0.0652080 seconds
199.793: [GC [PSYoungGen: 238576K->33760K(238592K)] 686258K->491494K(783360K), 0.0216150 secs] [Times: user=0.17 sys=0.00, real=0.02 secs] 
199.814: Total time for which application threads were stopped: 0.0218400 seconds, Stopping threads took: 0.0001100 seconds
199.895: Application time: 0.0802920 seconds
199.895: [GC [PSYoungGen: 238560K->33760K(238592K)] 696294K->521243K(783360K), 0.0304640 secs] [Times: user=0.24 sys=0.00, real=0.03 secs] 
199.925: Total time for which application threads were stopped: 0.0307060 seconds, Stopping threads took: 0.0001160 seconds
200.024: Application time: 0.0990290 seconds
200.024: [GC [PSYoungGen: 238560K->33760K(238592K)] 726043K->545953K(783360K), 0.0286310 secs] [Times: user=0.22 sys=0.00, real=0.03 secs] 
200.053: [Full GC [PSYoungGen: 33760K->0K(238592K)] [ParOldGen: 512193K->78123K(544768K)] 545953K->78123K(783360K) [PSPermGen: 8873K->8873K(21504K)], 0.0842620 secs] [Times: user=0.61 sys=0.00, real=0.08 secs] 
200.137: Total time for which application threads were stopped: 0.1131640 seconds, Stopping threads took: 0.0000800 seconds
200.214: Application time: 0.0768320 seconds
200.214: [GC [PSYoungGen: 204800K->6528K(238592K)] 282923K->84651K(783360K), 0.0028900 secs] [Times: user=0.01 sys=0.01, real=0.00 secs] 
200.217: Total time for which application threads were stopped: 0.0030960 seconds, Stopping threads took: 0.0000870 seconds
200.284: Application time: 0.0664390 seconds
200.284: [GC [PSYoungGen: 211328K->17680K(238592K)] 289451K->95803K(783360K), 0.0072330 secs] [Times: user=0.06 sys=0.00, real=0.01 secs] 
200.291: Total time for which application threads were stopped: 0.0074420 seconds, Stopping threads took: 0.0000900 seconds
200.374: Application time: 0.0829160 seconds
200.374: [GC [PSYoungGen: 222480K->33776K(238592K)] 300603K->127794K(783360K), 0.0199280 secs] [Times: user=0.16 sys=0.00, real=0.02 secs] 
200.394: Total time for which application threads were stopped: 0.0201230 seconds, Stopping threads took: 0.0000840 seconds
200.492: Application time: 0.0974420 seconds
200.492: [GC [PSYoungGen: 238576K->33760K(238592K)] 332594K->151092K(783360K), 0.0228450 secs] [Times: user=0.17 sys=0.00, real=0.02 secs] 
200.515: Total time for which application threads were stopped: 0.0230720 seconds, Stopping threads took: 0.0000950 seconds
200.590: Application time: 0.0749030 seconds
200.590: [GC [PSYoungGen: 238560K->33760K(238592K)] 355892K->156004K(783360K), 0.0177940 secs] [Times: user=0.13 sys=0.00, real=0.01 secs] 
200.608: Total time for which application threads were stopped: 0.0179980 seconds, Stopping threads took: 0.0000860 seconds
200.674: Application time: 0.0663730 seconds
200.674: [GC [PSYoungGen: 238560K->33776K(238592K)] 360804K->169459K(783360K), 0.0201030 secs] [Times: user=0.16 sys=0.00, real=0.02 secs] 
200.694: Total time for which application threads were stopped: 0.0203080 seconds, Stopping threads took: 0.0000880 seconds
200.780: Application time: 0.0853090 seconds
200.781: [GC [PSYoungGen: 238576K->33760K(238592K)] 374259K->201713K(783360K), 0.0284850 secs] [Times: user=0.23 sys=0.00, real=0.03 secs] 
200.810: Total time for which application threads were stopped: 0.0299200 seconds, Stopping threads took: 0.0013210 seconds
200.906: Application time: 0.0963140 seconds
200.906: [GC [PSYoungGen: 238560K->33776K(238592K)] 406513K->227231K(783360K), 0.0248990 secs] [Times: user=0.19 sys=0.00, real=0.03 secs] 
200.931: Total time for which application threads were stopped: 0.0250980 seconds, Stopping threads took: 0.0000840 seconds
201.005: Application time: 0.0734940 seconds
201.005: [GC [PSYoungGen: 238576K->33776K(238592K)] 432031K->234543K(783360K), 0.0184570 secs] [Times: user=0.14 sys=0.00, real=0.02 secs] 
201.023: Total time for which application threads were stopped: 0.0186880 seconds, Stopping threads took: 0.0001030 seconds
201.089: Application time: 0.0659630 seconds
201.089: [GC [PSYoungGen: 238576K->33760K(238592K)] 439343K->246429K(783360K), 0.0199970 secs] [Times: user=0.15 sys=0.01, real=0.02 secs] 
201.109: Total time for which application threads were stopped: 0.0202060 seconds, Stopping threads took: 0.0000950 seconds
201.197: Application time: 0.0877640 seconds
201.197: [GC [PSYoungGen: 238560K->33776K(238592K)] 451229K->281395K(783360K), 0.0302480 secs] [Times: user=0.23 sys=0.00, real=0.03 secs] 
201.228: Total time for which application threads were stopped: 0.0304390 seconds, Stopping threads took: 0.0000760 seconds
201.323: Application time: 0.0953350 seconds
201.323: [GC [PSYoungGen: 238576K->33776K(238592K)] 486195K->299930K(783360K), 0.0244110 secs] [Times: user=0.20 sys=0.00, real=0.02 secs] 
201.348: Total time for which application threads were stopped: 0.0246180 seconds, Stopping threads took: 0.0000890 seconds
201.420: Application time: 0.0719500 seconds
201.420: [GC [PSYoungGen: 238576K->33760K(238592K)] 504730K->308990K(783360K), 0.0204510 secs] [Times: user=0.16 sys=0.00, real=0.02 secs] 
201.440: Total time for which application threads were stopped: 0.0206800 seconds, Stopping threads took: 0.0001120 seconds
201.507: Application time: 0.0668100 seconds
201.507: [GC [PSYoungGen: 238560K->33760K(238592K)] 513790K->320864K(783360K), 0.0224220 secs] [Times: user=0.17 sys=0.00, real=0.03 secs] 
201.530: Total time for which application threads were stopped: 0.0226250 seconds, Stopping threads took: 0.0000780 seconds
201.620: Application time: 0.0906320 seconds
201.621: [GC [PSYoungGen: 238560K->33760K(238592K)] 525664K->355773K(783360K), 0.0319750 secs] [Times: user=0.25 sys=0.00, real=0.04 secs] 
201.653: Total time for which application threads were stopped: 0.0322040 seconds, Stopping threads took: 0.0001120 seconds
201.746: Application time: 0.0936110 seconds
201.746: [GC [PSYoungGen: 238560K->33776K(238592K)] 560573K->373245K(783360K), 0.0220020 secs] [Times: user=0.17 sys=0.00, real=0.02 secs] 
201.768: Total time for which application threads were stopped: 0.0222390 seconds, Stopping threads took: 0.0001160 seconds
201.839: Application time: 0.0703010 seconds
201.839: [GC [PSYoungGen: 238576K->33776K(238592K)] 578045K->380116K(783360K), 0.0183520 secs] [Times: user=0.13 sys=0.00, real=0.02 secs] 
201.857: Total time for which application threads were stopped: 0.0185570 seconds, Stopping threads took: 0.0000880 seconds
201.924: Application time: 0.0670860 seconds
201.924: [GC [PSYoungGen: 238576K->33760K(238592K)] 584916K->398847K(783360K), 0.0220910 secs] [Times: user=0.17 sys=0.00, real=0.02 secs] 
201.947: Total time for which application threads were stopped: 0.0222980 seconds, Stopping threads took: 0.0000920 seconds
202.039: Application time: 0.0926500 seconds
202.039: [GC [PSYoungGen: 238560K->33776K(238592K)] 603647K->430510K(783360K), 0.0282610 secs] [Times: user=0.23 sys=0.00, real=0.03 secs] 
202.068: Total time for which application threads were stopped: 0.0284770 seconds, Stopping threads took: 0.0000900 seconds
202.158: Application time: 0.0906040 seconds
202.159: [GC [PSYoungGen: 238576K->33760K(238592K)] 635310K->444292K(783360K), 0.0216330 secs] [Times: user=0.17 sys=0.00, real=0.02 secs] 
202.180: Total time for which application threads were stopped: 0.0218350 seconds, Stopping threads took: 0.0000840 seconds
202.251: Application time: 0.0706310 seconds
202.251: [GC [PSYoungGen: 238560K->33760K(238592K)] 649092K->450691K(783360K), 0.0192790 secs] [Times: user=0.15 sys=0.00, real=0.02 secs] 
202.270: Total time for which application threads were stopped: 0.0194920 seconds, Stopping threads took: 0.0000980 seconds
202.339: Application time: 0.0689190 seconds
202.339: [GC [PSYoungGen: 238560K->33760K(238592K)] 655491K->475896K(783360K), 0.0261540 secs] [Times: user=0.20 sys=0.00, real=0.03 secs] 
202.366: Total time for which application threads were stopped: 0.0263520 seconds, Stopping threads took: 0.0000900 seconds
202.460: Application time: 0.0945850 seconds
202.460: [GC [PSYoungGen: 238560K->33776K(238592K)] 680696K->507216K(783360K), 0.0302680 secs] [Times: user=0.24 sys=0.00, real=0.04 secs] 
202.491: Total time for which application threads were stopped: 0.0304880 seconds, Stopping threads took: 0.0001080 seconds
202.578: Application time: 0.0875080 seconds
202.578: [GC [PSYoungGen: 238576K->33776K(238592K)] 712016K->512881K(783360K), 0.0226290 secs] [Times: user=0.17 sys=0.00, real=0.02 secs] 
202.601: Total time for which application threads were stopped: 0.0228310 seconds, Stopping threads took: 0.0000770 seconds
202.672: Application time: 0.0705620 seconds
202.672: [GC [PSYoungGen: 238576K->33776K(238592K)] 717681K->520304K(783360K), 0.0228980 secs] [Times: user=0.18 sys=0.00, real=0.02 secs] 
202.695: Total time for which application threads were stopped: 0.0231250 seconds, Stopping threads took: 0.0001110 seconds
202.766: Application time: 0.0712200 seconds
202.766: [GC [PSYoungGen: 238576K->33760K(238592K)] 725104K->548258K(783360K), 0.0306350 secs] [Times: user=0.23 sys=0.00, real=0.03 secs] 
202.797: [Full GC [PSYoungGen: 33760K->0K(238592K)] [ParOldGen: 514498K->74326K(544768K)] 548258K->74326K(783360K) [PSPermGen: 8873K->8873K(21504K)], 0.0780270 secs] [Times: user=0.57 sys=0.00, real=0.08 secs] 
202.875: Total time for which application threads were stopped: 0.1089300 seconds, Stopping threads took: 0.0000920 seconds
202.971: Application time: 0.0956300 seconds
202.971: [GC [PSYoungGen: 204800K->31472K(238592K)] 279126K->105798K(783360K), 0.0134730 secs] [Times: user=0.10 sys=0.00, real=0.01 secs] 
202.984: Total time for which application threads were stopped: 0.0137200 seconds, Stopping threads took: 0.0001330 seconds
203.069: Application time: 0.0843460 seconds
203.069: [GC [PSYoungGen: 236272K->33760K(238592K)] 310598K->113852K(783360K), 0.0154380 secs] [Times: user=0.12 sys=0.00, real=0.02 secs] 
203.084: Total time for which application threads were stopped: 0.0156740 seconds, Stopping threads took: 0.0001190 seconds
203.155: Application time: 0.0708650 seconds
203.155: [GC [PSYoungGen: 238560K->33776K(238592K)] 318652K->121780K(783360K), 0.0166980 secs] [Times: user=0.13 sys=0.00, real=0.02 secs] 
203.172: Total time for which application threads were stopped: 0.0169460 seconds, Stopping threads took: 0.0001180 seconds
203.246: Application time: 0.0738370 seconds
203.246: [GC [PSYoungGen: 238576K->33760K(238592K)] 326580K->150246K(783360K), 0.0254540 secs] [Times: user=0.19 sys=0.00, real=0.03 secs] 
203.272: Total time for which application threads were stopped: 0.0256620 seconds, Stopping threads took: 0.0000970 seconds
203.366: Application time: 0.0947260 seconds
203.366: [GC [PSYoungGen: 238560K->33776K(238592K)] 355046K->175143K(783360K), 0.0249090 secs] [Times: user=0.20 sys=0.00, real=0.03 secs] 
203.391: Total time for which application threads were stopped: 0.0251280 seconds, Stopping threads took: 0.0001040 seconds
203.475: Application time: 0.0831240 seconds
203.475: [GC [PSYoungGen: 238576K->33776K(238592K)] 379943K->183630K(783360K), 0.0180800 secs] [Times: user=0.14 sys=0.00, real=0.02 secs] 
203.493: Total time for which application threads were stopped: 0.0183050 seconds, Stopping threads took: 0.0001100 seconds
203.563: Application time: 0.0702710 seconds
203.563: [GC [PSYoungGen: 238576K->33776K(238592K)] 388430K->192023K(783360K), 0.0185260 secs] [Times: user=0.15 sys=0.00, real=0.02 secs] 
203.582: Total time for which application threads were stopped: 0.0187400 seconds, Stopping threads took: 0.0000900 seconds
203.658: Application time: 0.0762970 seconds
203.658: [GC [PSYoungGen: 238576K->33776K(238592K)] 396823K->219430K(783360K), 0.0269440 secs] [Times: user=0.21 sys=0.00, real=0.03 secs] 
203.685: Total time for which application threads were stopped: 0.0271770 seconds, Stopping threads took: 0.0001030 seconds
203.779: Application time: 0.0939630 seconds
203.781: [GC [PSYoungGen: 238576K->33776K(238592K)] 424230K->245073K(783360K), 0.0258840 secs] [Times: user=0.20 sys=0.00, real=0.02 secs] 
203.807: Total time for which application threads were stopped: 0.0277900 seconds, Stopping threads took: 0.0017890 seconds
203.890: Application time: 0.0830560 seconds
203.890: [GC [PSYoungGen: 238576K->33776K(238592K)] 449873K->255872K(783360K), 0.0199130 secs] [Times: user=0.14 sys=0.00, real=0.02 secs] 
203.910: Total time for which application threads were stopped: 0.0201270 seconds, Stopping threads took: 0.0000900 seconds
203.979: Application time: 0.0689590 seconds
203.981: [GC [PSYoungGen: 238576K->33760K(238592K)] 460672K->263936K(783360K), 0.0190640 secs] [Times: user=0.15 sys=0.00, real=0.01 secs] 
204.000: Total time for which application threads were stopped: 0.0210340 seconds, Stopping threads took: 0.0018520 seconds
204.076: Application time: 0.0761020 seconds
204.077: [GC [PSYoungGen: 238560K->33776K(238592K)] 468736K->292458K(783360K), 0.0283980 secs] [Times: user=0.22 sys=0.00, real=0.03 secs] 
204.105: Total time for which application threads were stopped: 0.0286600 seconds, Stopping threads took: 0.0001380 seconds
204.199: Application time: 0.0941950 seconds
204.199: [GC [PSYoungGen: 238576K->33776K(238592K)] 497258K->316824K(783360K), 0.0252410 secs] [Times: user=0.20 sys=0.00, real=0.03 secs] 
204.225: Total time for which application threads were stopped: 0.0254690 seconds, Stopping threads took: 0.0000980 seconds
204.308: Application time: 0.0827910 seconds
204.308: [GC [PSYoungGen: 238576K->33760K(238592K)] 521624K->327716K(783360K), 0.0200190 secs] [Times: user=0.15 sys=0.00, real=0.02 secs] 
204.328: Total time for which application threads were stopped: 0.0202500 seconds, Stopping threads took: 0.0001130 seconds
204.396: Application time: 0.0684320 seconds
204.396: [GC [PSYoungGen: 238560K->33760K(238592K)] 532516K->334096K(783360K), 0.0190560 secs] [Times: user=0.15 sys=0.00, real=0.02 secs] 
204.415: Total time for which application threads were stopped: 0.0192700 seconds, Stopping threads took: 0.0000980 seconds
204.495: Application time: 0.0795200 seconds
204.495: [GC [PSYoungGen: 238560K->33760K(238592K)] 538896K->360972K(783360K), 0.0278890 secs] [Times: user=0.22 sys=0.00, real=0.03 secs] 
204.523: Total time for which application threads were stopped: 0.0280790 seconds, Stopping threads took: 0.0000760 seconds
204.616: Application time: 0.0930670 seconds
204.616: [GC [PSYoungGen: 238560K->33776K(238592K)] 565772K->383131K(783360K), 0.0263800 secs] [Times: user=0.21 sys=0.00, real=0.03 secs] 
204.643: Total time for which application threads were stopped: 0.0265850 seconds, Stopping threads took: 0.0000880 seconds
204.724: Application time: 0.0815490 seconds
204.724: [GC [PSYoungGen: 238576K->33776K(238592K)] 587931K->394727K(783360K), 0.0236760 secs] [Times: user=0.18 sys=0.00, real=0.02 secs] 
204.748: Total time for which application threads were stopped: 0.0238930 seconds, Stopping threads took: 0.0000900 seconds
204.816: Application time: 0.0680580 seconds
204.816: [GC [PSYoungGen: 238576K->33776K(238592K)] 599527K->404427K(783360K), 0.0212940 secs] [Times: user=0.17 sys=0.00, real=0.02 secs] 
204.838: Total time for which application threads were stopped: 0.0215150 seconds, Stopping threads took: 0.0001010 seconds
204.919: Application time: 0.0811840 seconds
204.919: [GC [PSYoungGen: 238576K->33776K(238592K)] 609227K->434227K(783360K), 0.0289460 secs] [Times: user=0.23 sys=0.00, real=0.03 secs] 
204.948: Total time for which application threads were stopped: 0.0291520 seconds, Stopping threads took: 0.0000890 seconds
205.042: Application time: 0.0937120 seconds
205.042: [GC [PSYoungGen: 238576K->33776K(238592K)] 639027K->456949K(783360K), 0.0271030 secs] [Times: user=0.22 sys=0.00, real=0.03 secs] 
205.069: Total time for which application threads were stopped: 0.0273040 seconds, Stopping threads took: 0.0000870 seconds
205.149: Application time: 0.0800710 seconds
205.153: [GC [PSYoungGen: 238576K->33776K(238592K)] 661749K->461613K(783360K), 0.0211050 secs] [Times: user=0.17 sys=0.00, real=0.02 secs] 
205.174: Total time for which application threads were stopped: 0.0251090 seconds, Stopping threads took: 0.0038870 seconds
205.242: Application time: 0.0675190 seconds
205.242: [GC [PSYoungGen: 238576K->33776K(238592K)] 666413K->473221K(783360K), 0.0235780 secs] [Times: user=0.18 sys=0.00, real=0.02 secs] 
205.266: Total time for which application threads were stopped: 0.0238030 seconds, Stopping threads took: 0.0000960 seconds
205.348: Application time: 0.0821390 seconds
205.348: [GC [PSYoungGen: 238576K->33760K(238592K)] 678021K->503251K(783360K), 0.0315850 secs] [Times: user=0.25 sys=0.00, real=0.03 secs] 
205.380: Total time for which application threads were stopped: 0.0317710 seconds, Stopping threads took: 0.0000710 seconds
205.473: Application time: 0.0939290 seconds
205.474: [GC [PSYoungGen: 238560K->33776K(238592K)] 708051K->527951K(783360K), 0.0288280 secs] [Times: user=0.23 sys=0.00, real=0.03 secs] 
205.503: Total time for which application threads were stopped: 0.0290320 seconds, Stopping threads took: 0.0000900 seconds
205.581: Application time: 0.0783750 seconds
205.581: [GC [PSYoungGen: 238576K->33776K(238592K)] 732751K->531367K(783360K), 0.0210480 secs] [Times: user=0.16 sys=0.00, real=0.02 secs] 
205.602: Total time for which application threads were stopped: 0.0212770 seconds, Stopping threads took: 0.0001090 seconds
205.670: Application time: 0.0678680 seconds
205.670: [GC [PSYoungGen: 238576K->33776K(238592K)] 736167K->541450K(783360K), 0.0226300 secs] [Times: user=0.18 sys=0.00, real=0.02 secs] 
205.693: [Full GC [PSYoungGen: 33776K->0K(238592K)] [ParOldGen: 507674K->76158K(544768K)] 541450K->76158K(783360K) [PSPermGen: 8873K->8873K(21504K)], 0.0815290 secs] [Times: user=0.59 sys=0.01, real=0.08 secs] 
205.774: Total time for which application threads were stopped: 0.1044260 seconds, Stopping threads took: 0.0000820 seconds
205.857: Application time: 0.0830200 seconds
205.858: [GC [PSYoungGen: 204800K->33760K(238592K)] 280958K->110166K(783360K), 0.0139110 secs] [Times: user=0.11 sys=0.00, real=0.02 secs] 
205.872: Total time for which application threads were stopped: 0.0141460 seconds, Stopping threads took: 0.0001060 seconds
205.968: Application time: 0.0966420 seconds
205.968: [GC [PSYoungGen: 238560K->33760K(238592K)] 314966K->131948K(783360K), 0.0216500 secs] [Times: user=0.17 sys=0.00, real=0.03 secs] 
205.990: Total time for which application threads were stopped: 0.0218680 seconds, Stopping threads took: 0.0001020 seconds
206.064: Application time: 0.0738140 seconds
206.065: [GC [PSYoungGen: 238560K->33776K(238592K)] 336748K->137040K(783360K), 0.0155330 secs] [Times: user=0.12 sys=0.00, real=0.01 secs] 
206.081: Total time for which application threads were stopped: 0.0168030 seconds, Stopping threads took: 0.0011520 seconds
206.148: Application time: 0.0675760 seconds
206.149: [GC [PSYoungGen: 238576K->33760K(238592K)] 341840K->153266K(783360K), 0.0198350 secs] [Times: user=0.14 sys=0.00, real=0.02 secs] 
206.168: Total time for which application threads were stopped: 0.0200760 seconds, Stopping threads took: 0.0001220 seconds
206.254: Application time: 0.0860780 seconds
206.255: [GC [PSYoungGen: 238560K->33760K(238592K)] 358066K->181739K(783360K), 0.0261230 secs] [Times: user=0.21 sys=0.00, real=0.02 secs] 
206.281: Total time for which application threads were stopped: 0.0263410 seconds, Stopping threads took: 0.0001030 seconds
206.375: Application time: 0.0943080 seconds
206.375: [GC [PSYoungGen: 238560K->33776K(238592K)] 386539K->204018K(783360K), 0.0240770 secs] [Times: user=0.19 sys=0.00, real=0.02 secs] 
206.399: Total time for which application threads were stopped: 0.0243210 seconds, Stopping threads took: 0.0001020 seconds
206.473: Application time: 0.0731370 seconds
206.473: [GC [PSYoungGen: 238576K->33776K(238592K)] 408818K->211897K(783360K), 0.0184400 secs] [Times: user=0.14 sys=0.00, real=0.02 secs] 
206.491: Total time for which application threads were stopped: 0.0186470 seconds, Stopping threads took: 0.0000920 seconds
206.559: Application time: 0.0675920 seconds
206.559: [GC [PSYoungGen: 238576K->33760K(238592K)] 416697K->229368K(783360K), 0.0221540 secs] [Times: user=0.18 sys=0.00, real=0.03 secs] 
206.581: Total time for which application threads were stopped: 0.0223560 seconds, Stopping threads took: 0.0000870 seconds
206.669: Application time: 0.0873810 seconds
206.669: [GC [PSYoungGen: 238560K->33760K(238592K)] 434168K->260678K(783360K), 0.0291420 secs] [Times: user=0.23 sys=0.00, real=0.03 secs] 
206.698: Total time for which application threads were stopped: 0.0293510 seconds, Stopping threads took: 0.0000960 seconds
206.792: Application time: 0.0945260 seconds
206.793: [GC [PSYoungGen: 238560K->33776K(238592K)] 465478K->284005K(783360K), 0.0240720 secs] [Times: user=0.18 sys=0.00, real=0.02 secs] 
206.817: Total time for which application threads were stopped: 0.0242740 seconds, Stopping threads took: 0.0000840 seconds
206.890: Application time: 0.0728100 seconds
206.893: [GC [PSYoungGen: 238576K->33776K(238592K)] 488805K->291088K(783360K), 0.0179070 secs] [Times: user=0.14 sys=0.00, real=0.02 secs] 
206.911: Total time for which application threads were stopped: 0.0215670 seconds, Stopping threads took: 0.0035300 seconds
206.979: Application time: 0.0682280 seconds
206.980: [GC [PSYoungGen: 238576K->33760K(238592K)] 495888K->310399K(783360K), 0.0228260 secs] [Times: user=0.17 sys=0.00, real=0.03 secs] 
207.002: Total time for which application threads were stopped: 0.0230430 seconds, Stopping threads took: 0.0001040 seconds
207.090: Application time: 0.0878590 seconds
207.090: [GC [PSYoungGen: 238560K->33776K(238592K)] 515199K->340541K(783360K), 0.0284470 secs] [Times: user=0.22 sys=0.00, real=0.02 secs] 
207.119: Total time for which application threads were stopped: 0.0286500 seconds, Stopping threads took: 0.0000900 seconds
207.212: Application time: 0.0929920 seconds
207.212: [GC [PSYoungGen: 238576K->33760K(238592K)] 545341K->356647K(783360K), 0.0218720 secs] [Times: user=0.18 sys=0.00, real=0.02 secs] 
207.234: Total time for which application threads were stopped: 0.0220850 seconds, Stopping threads took: 0.0000950 seconds
207.306: Application time: 0.0721830 seconds
207.306: [GC [PSYoungGen: 238560K->33776K(238592K)] 561447K->362620K(783360K), 0.0184680 secs] [Times: user=0.15 sys=0.00, real=0.02 secs] 
207.325: Total time for which application threads were stopped: 0.0186950 seconds, Stopping threads took: 0.0001100 seconds
207.393: Application time: 0.0684350 seconds
207.393: [GC [PSYoungGen: 238576K->33776K(238592K)] 567420K->385594K(783360K), 0.0254990 secs] [Times: user=0.20 sys=0.00, real=0.02 secs] 
207.419: Total time for which application threads were stopped: 0.0256930 seconds, Stopping threads took: 0.0000780 seconds
207.510: Application time: 0.0905530 seconds
207.510: [GC [PSYoungGen: 238576K->33760K(238592K)] 590394K->417707K(783360K), 0.0294110 secs] [Times: user=0.23 sys=0.00, real=0.02 secs] 
207.539: Total time for which application threads were stopped: 0.0296190 seconds, Stopping threads took: 0.0000830 seconds
207.631: Application time: 0.0916400 seconds
207.631: [GC [PSYoungGen: 238560K->33760K(238592K)] 622507K->429426K(783360K), 0.0217070 secs] [Times: user=0.17 sys=0.00, real=0.02 secs] 
207.653: Total time for which application threads were stopped: 0.0219070 seconds, Stopping threads took: 0.0000860 seconds
207.724: Application time: 0.0709810 seconds
207.724: [GC [PSYoungGen: 238560K->33776K(238592K)] 634226K->437479K(783360K), 0.0208000 secs] [Times: user=0.16 sys=0.00, real=0.02 secs] 
207.745: Total time for which application threads were stopped: 0.0209900 seconds, Stopping threads took: 0.0000740 seconds
207.814: Application time: 0.0695760 seconds
207.814: [GC [PSYoungGen: 238576K->33776K(238592K)] 642279K->461341K(783360K), 0.0275870 secs] [Times: user=0.21 sys=0.00, real=0.03 secs] 
207.842: Total time for which application threads were stopped: 0.0277980 seconds, Stopping threads took: 0.0000950 seconds
207.934: Application time: 0.0923300 seconds
207.935: [GC [PSYoungGen: 238576K->33760K(238592K)] 666141K->492349K(783360K), 0.0322390 secs] [Times: user=0.25 sys=0.00, real=0.03 secs] 
207.967: Total time for which application threads were stopped: 0.0324490 seconds, Stopping threads took: 0.0000960 seconds
208.056: Application time: 0.0892740 seconds
208.057: [GC [PSYoungGen: 238560K->33760K(238592K)] 697149K->500349K(783360K), 0.0225880 secs] [Times: user=0.17 sys=0.00, real=0.02 secs] 
208.080: Total time for which application threads were stopped: 0.0236850 seconds, Stopping threads took: 0.0009690 seconds
208.150: Application time: 0.0702030 seconds
208.150: [GC [PSYoungGen: 238560K->33776K(238592K)] 705149K->506844K(783360K), 0.0220490 secs] [Times: user=0.17 sys=0.00, real=0.02 secs] 
208.172: Total time for which application threads were stopped: 0.0222580 seconds, Stopping threads took: 0.0000920 seconds
208.243: Application time: 0.0707580 seconds
208.243: [GC [PSYoungGen: 238576K->33760K(238592K)] 711644K->532009K(783360K), 0.0294900 secs] [Times: user=0.23 sys=0.00, real=0.03 secs] 
208.273: Total time for which application threads were stopped: 0.0297020 seconds, Stopping threads took: 0.0000980 seconds
208.367: Application time: 0.0945160 seconds
208.369: [GC [PSYoungGen: 238560K->33760K(238592K)] 736809K->561041K(783360K), 0.0302610 secs] [Times: user=0.24 sys=0.00, real=0.02 secs] 
208.400: [Full GC [PSYoungGen: 33760K->0K(238592K)] [ParOldGen: 527281K->78701K(544768K)] 561041K->78701K(783360K) [PSPermGen: 8873K->8873K(21504K)], 0.0850810 secs] [Times: user=0.62 sys=0.00, real=0.09 secs] 
208.485: Total time for which application threads were stopped: 0.1173430 seconds, Stopping threads took: 0.0018280 seconds
208.571: Application time: 0.0866800 seconds
208.572: [GC [PSYoungGen: 204800K->11456K(238592K)] 283501K->90157K(783360K), 0.0047860 secs] [Times: user=0.04 sys=0.00, real=0.00 secs] 
208.576: Total time for which application threads were stopped: 0.0050170 seconds, Stopping threads took: 0.0001020 seconds
208.646: Application time: 0.0694820 seconds
208.646: [GC [PSYoungGen: 216256K->17568K(238592K)] 294957K->96269K(783360K), 0.0070560 secs] [Times: user=0.05 sys=0.01, real=0.01 secs] 
208.653: Total time for which application threads were stopped: 0.0072690 seconds, Stopping threads took: 0.0000860 seconds
208.726: Application time: 0.0728690 seconds
208.726: [GC [PSYoungGen: 222368K->33760K(238592K)] 301069K->122922K(783360K), 0.0176590 secs] [Times: user=0.13 sys=0.00, real=0.02 secs] 
208.744: Total time for which application threads were stopped: 0.0178740 seconds, Stopping threads took: 0.0001000 seconds
208.841: Application time: 0.0970310 seconds
208.841: [GC [PSYoungGen: 238560K->33776K(238592K)] 327722K->151492K(783360K), 0.0254900 secs] [Times: user=0.19 sys=0.00, real=0.02 secs] 
208.867: Total time for which application threads were stopped: 0.0257200 seconds, Stopping threads took: 0.0001120 seconds
208.950: Application time: 0.0831070 seconds
208.953: [GC [PSYoungGen: 238576K->33760K(238592K)] 356292K->159761K(783360K), 0.0183870 secs] [Times: user=0.13 sys=0.00, real=0.02 secs] 
208.972: Total time for which application threads were stopped: 0.0219060 seconds, Stopping threads took: 0.0033980 seconds
209.040: Application time: 0.0680370 seconds
209.040: [GC [PSYoungGen: 238560K->33776K(238592K)] 364561K->166205K(783360K), 0.0181800 secs] [Times: user=0.14 sys=0.00, real=0.02 secs] 
209.058: Total time for which application threads were stopped: 0.0183970 seconds, Stopping threads took: 0.0001000 seconds
209.133: Application time: 0.0754060 seconds
209.134: [GC [PSYoungGen: 238576K->33760K(238592K)] 371005K->192698K(783360K), 0.0269510 secs] [Times: user=0.21 sys=0.00, real=0.02 secs] 
209.161: Total time for which application threads were stopped: 0.0271490 seconds, Stopping threads took: 0.0000720 seconds
209.259: Application time: 0.0985530 seconds
209.259: [GC [PSYoungGen: 238560K->33760K(238592K)] 397498K->222128K(783360K), 0.0277610 secs] [Times: user=0.22 sys=0.00, real=0.03 secs] 
209.287: Total time for which application threads were stopped: 0.0279800 seconds, Stopping threads took: 0.0001070 seconds
209.368: Application time: 0.0804930 seconds
209.369: [GC [PSYoungGen: 238560K->33760K(238592K)] 426928K->229432K(783360K), 0.0187460 secs] [Times: user=0.15 sys=0.00, real=0.01 secs] 
209.388: Total time for which application threads were stopped: 0.0203190 seconds, Stopping threads took: 0.0014580 seconds
209.455: Application time: 0.0670740 seconds
209.455: [GC [PSYoungGen: 238560K->33776K(238592K)] 434232K->237943K(783360K), 0.0196820 secs] [Times: user=0.16 sys=0.00, real=0.02 secs] 
209.475: Total time for which application threads were stopped: 0.0198730 seconds, Stopping threads took: 0.0000770 seconds
209.552: Application time: 0.0767110 seconds
209.552: [GC [PSYoungGen: 238576K->33776K(238592K)] 442743K->266481K(783360K), 0.0281390 secs] [Times: user=0.19 sys=0.00, real=0.02 secs] 
209.580: Total time for which application threads were stopped: 0.0283480 seconds, Stopping threads took: 0.0000920 seconds
209.680: Application time: 0.0998640 seconds
209.680: [GC [PSYoungGen: 238576K->33776K(238592K)] 471281K->295943K(783360K), 0.0286230 secs] [Times: user=0.23 sys=0.00, real=0.03 secs] 
209.709: Total time for which application threads were stopped: 0.0288840 seconds, Stopping threads took: 0.0001330 seconds
209.786: Application time: 0.0773830 seconds
209.786: [GC [PSYoungGen: 238576K->33760K(238592K)] 500743K->306183K(783360K), 0.0215520 secs] [Times: user=0.17 sys=0.00, real=0.02 secs] 
209.808: Total time for which application threads were stopped: 0.0217550 seconds, Stopping threads took: 0.0000890 seconds
209.874: Application time: 0.0662590 seconds
209.874: [GC [PSYoungGen: 238560K->33760K(238592K)] 510983K->314155K(783360K), 0.0194910 secs] [Times: user=0.15 sys=0.00, real=0.02 secs] 
209.894: Total time for which application threads were stopped: 0.0197010 seconds, Stopping threads took: 0.0000960 seconds
209.975: Application time: 0.0810600 seconds
209.975: [GC [PSYoungGen: 238560K->33776K(238592K)] 518955K->348839K(783360K), 0.0304400 secs] [Times: user=0.24 sys=0.00, real=0.03 secs] 
210.006: Total time for which application threads were stopped: 0.0306440 seconds, Stopping threads took: 0.0000920 seconds
210.104: Application time: 0.0984780 seconds
210.105: [GC [PSYoungGen: 238576K->33776K(238592K)] 553639K->370967K(783360K), 0.0259260 secs] [Times: user=0.20 sys=0.00, real=0.03 secs] 
210.131: Total time for which application threads were stopped: 0.0271240 seconds, Stopping threads took: 0.0010800 seconds
210.207: Application time: 0.0755080 seconds
210.207: [GC [PSYoungGen: 238576K->33760K(238592K)] 575767K->379194K(783360K), 0.0206240 secs] [Times: user=0.16 sys=0.00, real=0.02 secs] 
210.228: Total time for which application threads were stopped: 0.0208610 seconds, Stopping threads took: 0.0001140 seconds
210.294: Application time: 0.0660560 seconds
210.294: [GC [PSYoungGen: 238560K->31440K(238592K)] 583994K->387119K(783360K), 0.0205270 secs] [Times: user=0.16 sys=0.00, real=0.02 secs] 
210.314: Total time for which application threads were stopped: 0.0207510 seconds, Stopping threads took: 0.0001080 seconds
210.398: Application time: 0.0839110 seconds
210.398: [GC [PSYoungGen: 236240K->33776K(238592K)] 591919K->421656K(783360K), 0.0298360 secs] [Times: user=0.21 sys=0.00, real=0.03 secs] 
210.428: Total time for which application threads were stopped: 0.0300450 seconds, Stopping threads took: 0.0000940 seconds
210.526: Application time: 0.0980850 seconds
210.527: [GC [PSYoungGen: 238576K->33776K(238592K)] 626456K->439839K(783360K), 0.0248750 secs] [Times: user=0.20 sys=0.00, real=0.03 secs] 
210.551: Total time for which application threads were stopped: 0.0250780 seconds, Stopping threads took: 0.0000800 seconds
210.626: Application time: 0.0743000 seconds
210.626: [GC [PSYoungGen: 238576K->33776K(238592K)] 644639K->447027K(783360K), 0.0204410 secs] [Times: user=0.16 sys=0.00, real=0.02 secs] 
210.646: Total time for which application threads were stopped: 0.0206410 seconds, Stopping threads took: 0.0000830 seconds
210.712: Application time: 0.0660450 seconds
210.713: [GC [PSYoungGen: 238576K->33760K(238592K)] 651827K->459025K(783360K), 0.0224540 secs] [Times: user=0.17 sys=0.00, real=0.02 secs] 
210.735: Total time for which application threads were stopped: 0.0226900 seconds, Stopping threads took: 0.0001060 seconds
210.823: Application time: 0.0882270 seconds
210.824: [GC [PSYoungGen: 238560K->33776K(238592K)] 663825K->491219K(783360K), 0.0313040 secs] [Times: user=0.24 sys=0.00, real=0.03 secs] 
210.855: Total time for which application threads were stopped: 0.0315150 seconds, Stopping threads took: 0.0001000 seconds
210.950: Application time: 0.0955720 seconds
210.951: [GC [PSYoungGen: 238576K->33776K(238592K)] 696019K->512106K(783360K), 0.0263380 secs] [Times: user=0.21 sys=0.00, real=0.02 secs] 
210.977: Total time for which application threads were stopped: 0.0265560 seconds, Stopping threads took: 0.0001020 seconds
211.049: Application time: 0.0723320 seconds
211.050: [GC [PSYoungGen: 238576K->33776K(238592K)] 716906K->520802K(783360K), 0.0217500 secs] [Times: user=0.17 sys=0.00, real=0.02 secs] 
211.071: Total time for which application threads were stopped: 0.0219470 seconds, Stopping threads took: 0.0000820 seconds
211.137: Application time: 0.0660320 seconds
211.137: [GC [PSYoungGen: 238576K->33776K(238592K)] 725602K->537050K(783360K), 0.0249040 secs] [Times: user=0.20 sys=0.00, real=0.03 secs] 
211.162: Total time for which application threads were stopped: 0.0250930 seconds, Stopping threads took: 0.0000760 seconds
211.254: Application time: 0.0913340 seconds
211.257: [GC [PSYoungGen: 238576K->33776K(238592K)] 741850K->576338K(783360K), 0.0350790 secs] [Times: user=0.26 sys=0.00, real=0.04 secs] 
211.292: [Full GC [PSYoungGen: 33776K->0K(238592K)] [ParOldGen: 542562K->76122K(544768K)] 576338K->76122K(783360K) [PSPermGen: 8873K->8873K(21504K)], 0.0795810 secs] [Times: user=0.57 sys=0.00, real=0.08 secs] 
211.372: Total time for which application threads were stopped: 0.1182000 seconds, Stopping threads took: 0.0033460 seconds
211.466: Application time: 0.0935490 seconds
211.466: [GC [PSYoungGen: 204800K->21056K(238592K)] 280922K->97178K(783360K), 0.0087310 secs] [Times: user=0.07 sys=0.00, real=0.01 secs] 
211.474: Total time for which application threads were stopped: 0.0089380 seconds, Stopping threads took: 0.0000900 seconds
211.545: Application time: 0.0708220 seconds
211.545: [GC [PSYoungGen: 225856K->26688K(238592K)] 301978K->102810K(783360K), 0.0104710 secs] [Times: user=0.09 sys=0.00, real=0.01 secs] 
211.556: Total time for which application threads were stopped: 0.0106840 seconds, Stopping threads took: 0.0000970 seconds
211.624: Application time: 0.0679440 seconds
211.624: [GC [PSYoungGen: 231488K->33776K(238592K)] 307610K->122408K(783360K), 0.0176040 secs] [Times: user=0.14 sys=0.00, real=0.02 secs] 
211.642: Total time for which application threads were stopped: 0.0178130 seconds, Stopping threads took: 0.0000940 seconds
211.737: Application time: 0.0949290 seconds
211.737: [GC [PSYoungGen: 238576K->33760K(238592K)] 327208K->154650K(783360K), 0.0269970 secs] [Times: user=0.21 sys=0.00, real=0.03 secs] 
211.764: Total time for which application threads were stopped: 0.0272180 seconds, Stopping threads took: 0.0001060 seconds
211.854: Application time: 0.0899690 seconds
211.854: [GC [PSYoungGen: 238560K->33760K(238592K)] 359450K->165650K(783360K), 0.0193520 secs] [Times: user=0.15 sys=0.00, real=0.02 secs] 
211.873: Total time for which application threads were stopped: 0.0195770 seconds, Stopping threads took: 0.0000940 seconds
211.943: Application time: 0.0694460 seconds
211.943: [GC [PSYoungGen: 238560K->33776K(238592K)] 370450K->173493K(783360K), 0.0184520 secs] [Times: user=0.15 sys=0.00, real=0.02 secs] 
211.962: Total time for which application threads were stopped: 0.0186710 seconds, Stopping threads took: 0.0001010 seconds
212.030: Application time: 0.0686030 seconds
212.030: [GC [PSYoungGen: 238576K->33760K(238592K)] 378293K->199591K(783360K), 0.0256200 secs] [Times: user=0.21 sys=0.00, real=0.02 secs] 
212.056: Total time for which application threads were stopped: 0.0258230 seconds, Stopping threads took: 0.0000900 seconds
212.154: Application time: 0.0978940 seconds
212.154: [GC [PSYoungGen: 238560K->33776K(238592K)] 404391K->230665K(783360K), 0.0294700 secs] [Times: user=0.23 sys=0.00, real=0.03 secs] 
212.184: Total time for which application threads were stopped: 0.0296760 seconds, Stopping threads took: 0.0000920 seconds
212.269: Application time: 0.0857930 seconds
212.270: [GC [PSYoungGen: 238576K->33760K(238592K)] 435465K->235364K(783360K), 0.0176730 secs] [Times: user=0.13 sys=0.00, real=0.01 secs] 
212.287: Total time for which application threads were stopped: 0.0178850 seconds, Stopping threads took: 0.0000930 seconds
212.355: Application time: 0.0673020 seconds
212.355: [GC [PSYoungGen: 238560K->33776K(238592K)] 440164K->241608K(783360K), 0.0184620 secs] [Times: user=0.14 sys=0.00, real=0.02 secs] 
212.373: Total time for which application threads were stopped: 0.0186760 seconds, Stopping threads took: 0.0000780 seconds
212.446: Application time: 0.0731770 seconds
212.447: [GC [PSYoungGen: 238576K->33760K(238592K)] 446408K->271398K(783360K), 0.0284590 secs] [Times: user=0.22 sys=0.00, real=0.03 secs] 
212.475: Total time for which application threads were stopped: 0.0286640 seconds, Stopping threads took: 0.0000920 seconds
212.575: Application time: 0.1000230 seconds
212.575: [GC [PSYoungGen: 238560K->33776K(238592K)] 476198K->300804K(783360K), 0.0293790 secs] [Times: user=0.22 sys=0.00, real=0.03 secs] 
212.605: Total time for which application threads were stopped: 0.0296050 seconds, Stopping threads took: 0.0001110 seconds
212.687: Application time: 0.0827900 seconds
212.688: [GC [PSYoungGen: 238576K->33776K(238592K)] 505604K->306252K(783360K), 0.0190970 secs] [Times: user=0.15 sys=0.00, real=0.02 secs] 
212.707: Total time for which application threads were stopped: 0.0193090 seconds, Stopping threads took: 0.0000930 seconds
212.773: Application time: 0.0659510 seconds
212.773: [GC [PSYoungGen: 238576K->33776K(238592K)] 511052K->312339K(783360K), 0.0198910 secs] [Times: user=0.16 sys=0.00, real=0.02 secs] 
212.793: Total time for which application threads were stopped: 0.0201070 seconds, Stopping threads took: 0.0000990 seconds
212.870: Application time: 0.0766630 seconds
212.870: [GC [PSYoungGen: 238576K->33776K(238592K)] 517139K->343636K(783360K), 0.0305430 secs] [Times: user=0.24 sys=0.00, real=0.02 secs] 
212.900: Total time for which application threads were stopped: 0.0307470 seconds, Stopping threads took: 0.0000740 seconds
213.000: Application time: 0.1000990 seconds
213.001: [GC [PSYoungGen: 238576K->33776K(238592K)] 548436K->368363K(783360K), 0.0286030 secs] [Times: user=0.22 sys=0.00, real=0.03 secs] 
213.030: Total time for which application threads were stopped: 0.0294530 seconds, Stopping threads took: 0.0007350 seconds
213.109: Application time: 0.0790250 seconds
213.109: [GC [PSYoungGen: 238576K->33776K(238592K)] 573163K->371139K(783360K), 0.0216840 secs] [Times: user=0.17 sys=0.00, real=0.02 secs] 
213.131: Total time for which application threads were stopped: 0.0220350 seconds, Stopping threads took: 0.0002390 seconds
213.197: Application time: 0.0657010 seconds
213.197: [GC [PSYoungGen: 238576K->33760K(238592K)] 575939K->380084K(783360K), 0.0225590 secs] [Times: user=0.17 sys=0.00, real=0.02 secs] 
213.219: Total time for which application threads were stopped: 0.0228120 seconds, Stopping threads took: 0.0001390 seconds
213.300: Application time: 0.0807900 seconds
213.300: [GC [PSYoungGen: 238560K->33760K(238592K)] 584884K->410445K(783360K), 0.0309400 secs] [Times: user=0.24 sys=0.00, real=0.04 secs] 
213.331: Total time for which application threads were stopped: 0.0311700 seconds, Stopping threads took: 0.0001070 seconds
213.430: Application time: 0.0990800 seconds
213.431: [GC [PSYoungGen: 238560K->33760K(238592K)] 615245K->430476K(783360K), 0.0281940 secs] [Times: user=0.22 sys=0.00, real=0.02 secs] 
213.459: Total time for which application threads were stopped: 0.0284020 seconds, Stopping threads took: 0.0000750 seconds
213.535: Application time: 0.0758630 seconds
213.535: [GC [PSYoungGen: 238560K->33776K(238592K)] 635276K->431236K(783360K), 0.0212760 secs] [Times: user=0.17 sys=0.00, real=0.02 secs] 
213.556: Total time for which application threads were stopped: 0.0214750 seconds, Stopping threads took: 0.0000860 seconds
213.622: Application time: 0.0657060 seconds
213.625: [GC [PSYoungGen: 238576K->33760K(238592K)] 636036K->441603K(783360K), 0.0240520 secs] [Times: user=0.18 sys=0.00, real=0.03 secs] 
213.649: Total time for which application threads were stopped: 0.0273540 seconds, Stopping threads took: 0.0031890 seconds
213.733: Application time: 0.0837950 seconds
213.733: [GC [PSYoungGen: 238560K->33776K(238592K)] 646403K->476804K(783360K), 0.0345910 secs] [Times: user=0.27 sys=0.00, real=0.03 secs] 
213.768: Total time for which application threads were stopped: 0.0348790 seconds, Stopping threads took: 0.0001720 seconds
213.866: Application time: 0.0979080 seconds
213.866: [GC [PSYoungGen: 238576K->33776K(238592K)] 681604K->497979K(783360K), 0.0282350 secs] [Times: user=0.23 sys=0.00, real=0.03 secs] 
213.894: Total time for which application threads were stopped: 0.0284720 seconds, Stopping threads took: 0.0001210 seconds
213.968: Application time: 0.0732260 seconds
213.969: [GC [PSYoungGen: 238576K->33776K(238592K)] 702779K->500419K(783360K), 0.0227530 secs] [Times: user=0.17 sys=0.00, real=0.02 secs] 
213.992: Total time for which application threads were stopped: 0.0244490 seconds, Stopping threads took: 0.0015690 seconds
214.058: Application time: 0.0663140 seconds
214.059: [GC [PSYoungGen: 238576K->33760K(238592K)] 705219K->516182K(783360K), 0.0257490 secs] [Times: user=0.20 sys=0.00, real=0.03 secs] 
214.084: Total time for which application threads were stopped: 0.0259860 seconds, Stopping threads took: 0.0001200 seconds
214.172: Application time: 0.0880690 seconds
214.173: [GC [PSYoungGen: 238560K->33776K(238592K)] 720982K->548407K(783360K), 0.0324690 secs] [Times: user=0.25 sys=0.00, real=0.03 secs] 
214.205: [Full GC [PSYoungGen: 33776K->0K(238592K)] [ParOldGen: 514631K->77741K(544768K)] 548407K->77741K(783360K) [PSPermGen: 8873K->8873K(21504K)], 0.0827060 secs] [Times: user=0.61 sys=0.00, real=0.08 secs] 
214.288: Total time for which application threads were stopped: 0.1154570 seconds, Stopping threads took: 0.0000850 seconds
214.384: Application time: 0.0960470 seconds
214.384: [GC [PSYoungGen: 204800K->23536K(238592K)] 282541K->101277K(783360K), 0.0098560 secs] [Times: user=0.07 sys=0.00, real=0.01 secs] 
214.394: Total time for which application threads were stopped: 0.0100670 seconds, Stopping threads took: 0.0000960 seconds
214.465: Application time: 0.0712460 seconds
214.465: [GC [PSYoungGen: 228336K->26272K(238592K)] 306077K->104013K(783360K), 0.0100740 secs] [Times: user=0.08 sys=0.00, real=0.01 secs] 
214.476: Total time for which application threads were stopped: 0.0103030 seconds, Stopping threads took: 0.0001130 seconds
214.543: Application time: 0.0671180 seconds
214.543: [GC [PSYoungGen: 231072K->33760K(238592K)] 308813K->127844K(783360K), 0.0189830 secs] [Times: user=0.14 sys=0.00, real=0.02 secs] 
214.562: Total time for which application threads were stopped: 0.0192020 seconds, Stopping threads took: 0.0000910 seconds
214.652: Application time: 0.0905240 seconds
214.653: [GC [PSYoungGen: 238560K->33776K(238592K)] 332644K->156189K(783360K), 0.0252570 secs] [Times: user=0.20 sys=0.00, real=0.02 secs] 
214.678: Total time for which application threads were stopped: 0.0254680 seconds, Stopping threads took: 0.0000960 seconds
214.771: Application time: 0.0928240 seconds
214.771: [GC [PSYoungGen: 238576K->33760K(238592K)] 360989K->169164K(783360K), 0.0206360 secs] [Times: user=0.17 sys=0.00, real=0.02 secs] 
214.792: Total time for which application threads were stopped: 0.0208640 seconds, Stopping threads took: 0.0001110 seconds
214.862: Application time: 0.0701040 seconds
214.862: [GC [PSYoungGen: 238560K->33776K(238592K)] 373964K->174180K(783360K), 0.0187130 secs] [Times: user=0.14 sys=0.00, real=0.01 secs] 
214.881: Total time for which application threads were stopped: 0.0189440 seconds, Stopping threads took: 0.0001150 seconds
214.950: Application time: 0.0695560 seconds
214.950: [GC [PSYoungGen: 238576K->33760K(238592K)] 378980K->200510K(783360K), 0.0266340 secs] [Times: user=0.21 sys=0.00, real=0.02 secs] 
214.977: Total time for which application threads were stopped: 0.0268640 seconds, Stopping threads took: 0.0001170 seconds
215.069: Application time: 0.0922620 seconds
215.069: [GC [PSYoungGen: 238560K->33776K(238592K)] 405310K->225256K(783360K), 0.0269700 secs] [Times: user=0.21 sys=0.00, real=0.02 secs] 
215.096: Total time for which application threads were stopped: 0.0271700 seconds, Stopping threads took: 0.0000710 seconds
215.187: Application time: 0.0904680 seconds
215.189: [GC [PSYoungGen: 238576K->33776K(238592K)] 430056K->236655K(783360K), 0.0220030 secs] [Times: user=0.17 sys=0.00, real=0.02 secs] 
215.211: Total time for which application threads were stopped: 0.0243560 seconds, Stopping threads took: 0.0022360 seconds
215.280: Application time: 0.0687160 seconds
215.280: [GC [PSYoungGen: 238576K->33760K(238592K)] 441455K->242431K(783360K), 0.0197200 secs] [Times: user=0.16 sys=0.00, real=0.02 secs] 
215.300: Total time for which application threads were stopped: 0.0199490 seconds, Stopping threads took: 0.0001120 seconds
215.371: Application time: 0.0710610 seconds
215.371: [GC [PSYoungGen: 238560K->33760K(238592K)] 447231K->269617K(783360K), 0.0286150 secs] [Times: user=0.22 sys=0.00, real=0.02 secs] 
215.400: Total time for which application threads were stopped: 0.0288110 seconds, Stopping threads took: 0.0000800 seconds
215.494: Application time: 0.0945200 seconds
215.495: [GC [PSYoungGen: 238560K->33776K(238592K)] 474417K->299067K(783360K), 0.0314940 secs] [Times: user=0.25 sys=0.00, real=0.03 secs] 
215.526: Total time for which application threads were stopped: 0.0317080 seconds, Stopping threads took: 0.0000970 seconds
215.613: Application time: 0.0870250 seconds
215.613: [GC [PSYoungGen: 238576K->33760K(238592K)] 503867K->307290K(783360K), 0.0230090 secs] [Times: user=0.18 sys=0.00, real=0.02 secs] 
215.636: Total time for which application threads were stopped: 0.0232340 seconds, Stopping threads took: 0.0000980 seconds
215.704: Application time: 0.0680570 seconds
215.705: [GC [PSYoungGen: 238560K->33776K(238592K)] 512090K->312258K(783360K), 0.0231780 secs] [Times: user=0.17 sys=0.00, real=0.02 secs] 
215.728: Total time for which application threads were stopped: 0.0233970 seconds, Stopping threads took: 0.0001070 seconds
215.802: Application time: 0.0746900 seconds
215.803: [GC [PSYoungGen: 238576K->33776K(238592K)] 517058K->339968K(783360K), 0.0316020 secs] [Times: user=0.25 sys=0.00, real=0.03 secs] 
215.834: Total time for which application threads were stopped: 0.0317930 seconds, Stopping threads took: 0.0000740 seconds
215.930: Application time: 0.0961200 seconds
215.931: [GC [PSYoungGen: 238576K->33776K(238592K)] 544768K->367809K(783360K), 0.0292410 secs] [Times: user=0.23 sys=0.00, real=0.02 secs] 
215.960: Total time for which application threads were stopped: 0.0294460 seconds, Stopping threads took: 0.0000890 seconds
216.044: Application time: 0.0837180 seconds
216.044: [GC [PSYoungGen: 238576K->33776K(238592K)] 572609K->374136K(783360K), 0.0225640 secs] [Times: user=0.18 sys=0.00, real=0.02 secs] 
216.066: Total time for which application threads were stopped: 0.0227870 seconds, Stopping threads took: 0.0001100 seconds
216.133: Application time: 0.0666990 seconds
216.133: [GC [PSYoungGen: 238576K->32992K(238592K)] 578936K->380644K(783360K), 0.0217410 secs] [Times: user=0.17 sys=0.00, real=0.02 secs] 
216.155: Total time for which application threads were stopped: 0.0219710 seconds, Stopping threads took: 0.0001020 seconds
216.233: Application time: 0.0778280 seconds
216.233: [GC [PSYoungGen: 237792K->33776K(238592K)] 585444K->410434K(783360K), 0.0296100 secs] [Times: user=0.24 sys=0.00, real=0.03 secs] 
216.263: Total time for which application threads were stopped: 0.0298230 seconds, Stopping threads took: 0.0001000 seconds
216.358: Application time: 0.0955290 seconds
216.358: [GC [PSYoungGen: 238576K->33760K(238592K)] 615234K->435084K(783360K), 0.0284830 secs] [Times: user=0.22 sys=0.00, real=0.03 secs] 
216.387: Total time for which application threads were stopped: 0.0286930 seconds, Stopping threads took: 0.0000980 seconds
216.468: Application time: 0.0814050 seconds
216.468: [GC [PSYoungGen: 238560K->33760K(238592K)] 639884K->438372K(783360K), 0.0205050 secs] [Times: user=0.14 sys=0.00, real=0.02 secs] 
216.489: Total time for which application threads were stopped: 0.0207080 seconds, Stopping threads took: 0.0000870 seconds
216.555: Application time: 0.0655620 seconds
216.555: [GC [PSYoungGen: 238560K->33776K(238592K)] 643172K->448192K(783360K), 0.0219790 secs] [Times: user=0.17 sys=0.00, real=0.02 secs] 
216.577: Total time for which application threads were stopped: 0.0222010 seconds, Stopping threads took: 0.0001060 seconds
216.659: Application time: 0.0817640 seconds
216.659: [GC [PSYoungGen: 238576K->33776K(238592K)] 652992K->481614K(783360K), 0.0311940 secs] [Times: user=0.25 sys=0.00, real=0.04 secs] 
216.690: Total time for which application threads were stopped: 0.0314310 seconds, Stopping threads took: 0.0001100 seconds
216.785: Application time: 0.0952130 seconds
216.785: [GC [PSYoungGen: 238576K->33776K(238592K)] 686414K->510460K(783360K), 0.0292670 secs] [Times: user=0.23 sys=0.00, real=0.03 secs] 
216.815: Total time for which application threads were stopped: 0.0294720 seconds, Stopping threads took: 0.0000860 seconds
216.894: Application time: 0.0788430 seconds
216.894: [GC [PSYoungGen: 238576K->33760K(238592K)] 715260K->515148K(783360K), 0.0200390 secs] [Times: user=0.16 sys=0.00, real=0.02 secs] 
216.914: Total time for which application threads were stopped: 0.0202550 seconds, Stopping threads took: 0.0001000 seconds
216.980: Application time: 0.0662360 seconds
216.980: [GC [PSYoungGen: 238560K->33760K(238592K)] 719948K->528016K(783360K), 0.0228480 secs] [Times: user=0.18 sys=0.00, real=0.03 secs] 
217.003: Total time for which application threads were stopped: 0.0230660 seconds, Stopping threads took: 0.0001030 seconds
217.086: Application time: 0.0833410 seconds
217.089: [GC [PSYoungGen: 238560K->33760K(238592K)] 732816K->555974K(783360K), 0.0296370 secs] [Times: user=0.24 sys=0.00, real=0.02 secs] 
217.119: [Full GC [PSYoungGen: 33760K->0K(238592K)] [ParOldGen: 522214K->76859K(544768K)] 555974K->76859K(783360K) [PSPermGen: 8873K->8873K(21504K)], 0.0819400 secs] [Times: user=0.59 sys=0.00, real=0.08 secs] 
217.201: Total time for which application threads were stopped: 0.1144290 seconds, Stopping threads took: 0.0026670 seconds
217.297: Application time: 0.0960800 seconds
217.297: [GC [PSYoungGen: 204800K->28528K(238592K)] 281659K->105387K(783360K), 0.0120050 secs] [Times: user=0.10 sys=0.00, real=0.02 secs] 
217.309: Total time for which application threads were stopped: 0.0122390 seconds, Stopping threads took: 0.0001030 seconds
217.385: Application time: 0.0757670 seconds
217.385: [GC [PSYoungGen: 233328K->33424K(238592K)] 310187K->110283K(783360K), 0.0128080 secs] [Times: user=0.10 sys=0.00, real=0.01 secs] 
217.398: Total time for which application threads were stopped: 0.0130300 seconds, Stopping threads took: 0.0001070 seconds
217.465: Application time: 0.0670400 seconds
217.465: [GC [PSYoungGen: 238224K->33760K(238592K)] 315083K->127038K(783360K), 0.0192070 secs] [Times: user=0.15 sys=0.00, real=0.02 secs] 
217.484: Total time for which application threads were stopped: 0.0194100 seconds, Stopping threads took: 0.0000890 seconds
217.570: Application time: 0.0850780 seconds
217.570: [GC [PSYoungGen: 238560K->33760K(238592K)] 331838K->153115K(783360K), 0.0244820 secs] [Times: user=0.17 sys=0.00, real=0.02 secs] 
217.594: Total time for which application threads were stopped: 0.0246800 seconds, Stopping threads took: 0.0000820 seconds
217.690: Application time: 0.0954470 seconds
217.690: [GC [PSYoungGen: 238560K->33776K(238592K)] 357915K->173066K(783360K), 0.0229950 secs] [Times: user=0.18 sys=0.00, real=0.02 secs] 
217.713: Total time for which application threads were stopped: 0.0232010 seconds, Stopping threads took: 0.0000910 seconds
217.787: Application time: 0.0737530 seconds
217.787: [GC [PSYoungGen: 238576K->33776K(238592K)] 377866K->177578K(783360K), 0.0178850 secs] [Times: user=0.14 sys=0.00, real=0.02 secs] 
217.805: Total time for which application threads were stopped: 0.0181170 seconds, Stopping threads took: 0.0001180 seconds
217.874: Application time: 0.0693120 seconds
217.874: [GC [PSYoungGen: 238576K->33760K(238592K)] 382378K->197845K(783360K), 0.0231290 secs] [Times: user=0.18 sys=0.00, real=0.02 secs] 
217.897: Total time for which application threads were stopped: 0.0233590 seconds, Stopping threads took: 0.0001010 seconds
217.983: Application time: 0.0851850 seconds
217.983: [GC [PSYoungGen: 238560K->33776K(238592K)] 402645K->228382K(783360K), 0.0285190 secs] [Times: user=0.21 sys=0.00, real=0.03 secs] 
218.011: Total time for which application threads were stopped: 0.0287300 seconds, Stopping threads took: 0.0000920 seconds
218.106: Application time: 0.0950200 seconds
218.107: [GC [PSYoungGen: 238576K->33760K(238592K)] 433182K->246021K(783360K), 0.0237070 secs] [Times: user=0.19 sys=0.00, real=0.03 secs] 
218.130: Total time for which application threads were stopped: 0.0239430 seconds, Stopping threads took: 0.0001200 seconds
218.201: Application time: 0.0710640 seconds
218.202: [GC [PSYoungGen: 238560K->33776K(238592K)] 450821K->247797K(783360K), 0.0194930 secs] [Times: user=0.14 sys=0.01, real=0.02 secs] 
218.221: Total time for which application threads were stopped: 0.0197240 seconds, Stopping threads took: 0.0001090 seconds
218.292: Application time: 0.0706660 seconds
218.292: [GC [PSYoungGen: 238576K->33776K(238592K)] 452597K->274427K(783360K), 0.0275100 secs] [Times: user=0.22 sys=0.00, real=0.02 secs] 
218.319: Total time for which application threads were stopped: 0.0277230 seconds, Stopping threads took: 0.0001000 seconds
218.407: Application time: 0.0870570 seconds
218.407: [GC [PSYoungGen: 238576K->33760K(238592K)] 479227K->305469K(783360K), 0.0301810 secs] [Times: user=0.24 sys=0.00, real=0.03 secs] 
218.437: Total time for which application threads were stopped: 0.0304080 seconds, Stopping threads took: 0.0001020 seconds
218.530: Application time: 0.0933200 seconds
218.530: [GC [PSYoungGen: 238560K->33760K(238592K)] 510269K->323188K(783360K), 0.0241530 secs] [Times: user=0.17 sys=0.00, real=0.02 secs] 
218.555: Total time for which application threads were stopped: 0.0243460 seconds, Stopping threads took: 0.0000780 seconds
218.626: Application time: 0.0709770 seconds
218.626: [GC [PSYoungGen: 238560K->33760K(238592K)] 527988K->328536K(783360K), 0.0203390 secs] [Times: user=0.15 sys=0.00, real=0.02 secs] 
218.646: Total time for which application threads were stopped: 0.0205810 seconds, Stopping threads took: 0.0001310 seconds
218.719: Application time: 0.0723790 seconds
218.719: [GC [PSYoungGen: 238560K->33760K(238592K)] 533336K->354759K(783360K), 0.0273470 secs] [Times: user=0.22 sys=0.00, real=0.03 secs] 
218.746: Total time for which application threads were stopped: 0.0275970 seconds, Stopping threads took: 0.0001360 seconds
218.834: Application time: 0.0877160 seconds
218.834: [GC [PSYoungGen: 238560K->33776K(238592K)] 559559K->384425K(783360K), 0.0306640 secs] [Times: user=0.24 sys=0.00, real=0.03 secs] 
218.865: Total time for which application threads were stopped: 0.0308630 seconds, Stopping threads took: 0.0000840 seconds
218.956: Application time: 0.0911580 seconds
218.956: [GC [PSYoungGen: 238576K->33776K(238592K)] 589225K->395137K(783360K), 0.0243490 secs] [Times: user=0.19 sys=0.00, real=0.02 secs] 
218.981: Total time for which application threads were stopped: 0.0245970 seconds, Stopping threads took: 0.0001230 seconds
219.051: Application time: 0.0702070 seconds
219.051: [GC [PSYoungGen: 238576K->33776K(238592K)] 599937K->403045K(783360K), 0.0245250 secs] [Times: user=0.19 sys=0.00, real=0.02 secs] 
219.075: Total time for which application threads were stopped: 0.0247650 seconds, Stopping threads took: 0.0001240 seconds
219.150: Application time: 0.0741760 seconds
219.150: [GC [PSYoungGen: 238576K->33776K(238592K)] 607845K->426422K(783360K), 0.0290400 secs] [Times: user=0.23 sys=0.00, real=0.02 secs] 
219.179: Total time for which application threads were stopped: 0.0292360 seconds, Stopping threads took: 0.0000840 seconds
219.270: Application time: 0.0906110 seconds
219.270: [GC [PSYoungGen: 238576K->33760K(238592K)] 631222K->451437K(783360K), 0.0295130 secs] [Times: user=0.23 sys=0.00, real=0.02 secs] 
219.299: Total time for which application threads were stopped: 0.0297120 seconds, Stopping threads took: 0.0000830 seconds
219.386: Application time: 0.0869690 seconds
219.389: [GC [PSYoungGen: 238560K->33776K(238592K)] 656237K->458593K(783360K), 0.0219750 secs] [Times: user=0.18 sys=0.00, real=0.02 secs] 
219.411: Total time for which application threads were stopped: 0.0250560 seconds, Stopping threads took: 0.0029440 seconds
219.481: Application time: 0.0701690 seconds
219.485: [GC [PSYoungGen: 238576K->33776K(238592K)] 663393K->468649K(783360K), 0.0227690 secs] [Times: user=0.18 sys=0.00, real=0.02 secs] 
219.508: Total time for which application threads were stopped: 0.0266050 seconds, Stopping threads took: 0.0037040 seconds
219.583: Application time: 0.0750940 seconds
219.583: [GC [PSYoungGen: 238576K->33760K(238592K)] 673449K->492421K(783360K), 0.0296980 secs] [Times: user=0.23 sys=0.00, real=0.03 secs] 
219.613: Total time for which application threads were stopped: 0.0299540 seconds, Stopping threads took: 0.0001280 seconds
219.706: Application time: 0.0928440 seconds
219.706: [GC [PSYoungGen: 238560K->33760K(238592K)] 697221K->518759K(783360K), 0.0306500 secs] [Times: user=0.24 sys=0.00, real=0.03 secs] 
219.737: Total time for which application threads were stopped: 0.0308520 seconds, Stopping threads took: 0.0000880 seconds
219.824: Application time: 0.0872240 seconds
219.824: [GC [PSYoungGen: 238560K->33760K(238592K)] 723559K->523623K(783360K), 0.0227370 secs] [Times: user=0.18 sys=0.00, real=0.02 secs] 
219.847: Total time for which application threads were stopped: 0.0229610 seconds, Stopping threads took: 0.0001100 seconds
219.918: Application time: 0.0705910 seconds
219.918: [GC [PSYoungGen: 238560K->33776K(238592K)] 728423K->534958K(783360K), 0.0247750 secs] [Times: user=0.20 sys=0.00, real=0.03 secs] 
219.943: Total time for which application threads were stopped: 0.0250000 seconds, Stopping threads took: 0.0001070 seconds
220.020: Application time: 0.0777800 seconds
220.021: [GC [PSYoungGen: 238576K->33776K(238592K)] 739758K->556131K(783360K), 0.0292590 secs] [Times: user=0.23 sys=0.00, real=0.04 secs] 
220.050: [Full GC [PSYoungGen: 33776K->0K(238592K)] [ParOldGen: 522355K->77216K(544768K)] 556131K->77216K(783360K) [PSPermGen: 8873K->8873K(21504K)], 0.0824820 secs] [Times: user=0.60 sys=0.00, real=0.08 secs] 
220.132: Total time for which application threads were stopped: 0.1120360 seconds, Stopping threads took: 0.0001030 seconds
220.224: Application time: 0.0916180 seconds
220.224: [GC [PSYoungGen: 204800K->31328K(238592K)] 282016K->108544K(783360K), 0.0129950 secs] [Times: user=0.11 sys=0.00, real=0.01 secs] 
220.237: Total time for which application threads were stopped: 0.0132040 seconds, Stopping threads took: 0.0000960 seconds
220.320: Application time: 0.0824460 seconds
220.320: [GC [PSYoungGen: 236128K->33760K(238592K)] 313344K->114888K(783360K), 0.0144490 secs] [Times: user=0.11 sys=0.00, real=0.02 secs] 
220.334: Total time for which application threads were stopped: 0.0146910 seconds, Stopping threads took: 0.0001140 seconds
220.405: Application time: 0.0708440 seconds
220.405: [GC [PSYoungGen: 238560K->33776K(238592K)] 319688K->127148K(783360K), 0.0181930 secs] [Times: user=0.15 sys=0.00, real=0.02 secs] 
220.424: Total time for which application threads were stopped: 0.0184320 seconds, Stopping threads took: 0.0001190 seconds
220.504: Application time: 0.0801720 seconds
220.504: [GC [PSYoungGen: 238576K->33760K(238592K)] 331948K->149710K(783360K), 0.0233950 secs] [Times: user=0.18 sys=0.00, real=0.02 secs] 
220.527: Total time for which application threads were stopped: 0.0236110 seconds, Stopping threads took: 0.0001030 seconds
220.619: Application time: 0.0912210 seconds
220.619: [GC [PSYoungGen: 238560K->33792K(238592K)] 354510K->176091K(783360K), 0.0259330 secs] [Times: user=0.20 sys=0.00, real=0.03 secs] 
220.645: Total time for which application threads were stopped: 0.0261850 seconds, Stopping threads took: 0.0001230 seconds
220.724: Application time: 0.0794360 seconds
220.724: [GC [PSYoungGen: 238592K->33776K(238592K)] 380891K->184007K(783360K), 0.0192430 secs] [Times: user=0.15 sys=0.00, real=0.02 secs] 
220.744: Total time for which application threads were stopped: 0.0194440 seconds, Stopping threads took: 0.0000850 seconds
220.815: Application time: 0.0714910 seconds
220.815: [GC [PSYoungGen: 238576K->33760K(238592K)] 388807K->197950K(783360K), 0.0209930 secs] [Times: user=0.16 sys=0.00, real=0.02 secs] 
220.836: Total time for which application threads were stopped: 0.0212140 seconds, Stopping threads took: 0.0001040 seconds
220.917: Application time: 0.0808450 seconds
220.917: [GC [PSYoungGen: 238560K->33776K(238592K)] 402750K->221899K(783360K), 0.0260600 secs] [Times: user=0.20 sys=0.00, real=0.03 secs] 
220.944: Total time for which application threads were stopped: 0.0262670 seconds, Stopping threads took: 0.0000920 seconds
221.035: Application time: 0.0913900 seconds
221.035: [GC [PSYoungGen: 238576K->33792K(238592K)] 426699K->248457K(783360K), 0.0263170 secs] [Times: user=0.17 sys=0.03, real=0.03 secs] 
221.061: Total time for which application threads were stopped: 0.0265340 seconds, Stopping threads took: 0.0001020 seconds
221.139: Application time: 0.0773430 seconds
221.139: [GC [PSYoungGen: 238592K->33776K(238592K)] 453257K->257435K(783360K), 0.0191100 secs] [Times: user=0.14 sys=0.00, real=0.02 secs] 
221.158: Total time for which application threads were stopped: 0.0193460 seconds, Stopping threads took: 0.0001060 seconds
221.231: Application time: 0.0723950 seconds
221.231: [GC [PSYoungGen: 238576K->33760K(238592K)] 462235K->271257K(783360K), 0.0215060 secs] [Times: user=0.17 sys=0.00, real=0.02 secs] 
221.252: Total time for which application threads were stopped: 0.0217040 seconds, Stopping threads took: 0.0000820 seconds
221.334: Application time: 0.0812990 seconds
221.334: [GC [PSYoungGen: 238560K->33760K(238592K)] 476057K->294792K(783360K), 0.0268470 secs] [Times: user=0.21 sys=0.00, real=0.02 secs] 
221.361: Total time for which application threads were stopped: 0.0270640 seconds, Stopping threads took: 0.0001020 seconds
221.453: Application time: 0.0927040 seconds
221.453: [GC [PSYoungGen: 238560K->33760K(238592K)] 499592K->321235K(783360K), 0.0280720 secs] [Times: user=0.22 sys=0.00, real=0.03 secs] 
221.482: Total time for which application threads were stopped: 0.0282820 seconds, Stopping threads took: 0.0000950 seconds
221.558: Application time: 0.0763970 seconds
221.558: [GC [PSYoungGen: 238560K->33776K(238592K)] 526035K->333150K(783360K), 0.0210490 secs] [Times: user=0.17 sys=0.00, real=0.02 secs] 
221.579: Total time for which application threads were stopped: 0.0212480 seconds, Stopping threads took: 0.0000820 seconds
221.653: Application time: 0.0732620 seconds
221.661: [GC [PSYoungGen: 238576K->33760K(238592K)] 537950K->351954K(783360K), 0.0246550 secs] [Times: user=0.19 sys=0.00, real=0.03 secs] 
221.685: Total time for which application threads were stopped: 0.0328330 seconds, Stopping threads took: 0.0080440 seconds
221.768: Application time: 0.0823330 seconds
221.768: [GC [PSYoungGen: 238560K->33776K(238592K)] 556754K->377673K(783360K), 0.0275030 secs] [Times: user=0.22 sys=0.00, real=0.03 secs] 
221.795: Total time for which application threads were stopped: 0.0277620 seconds, Stopping threads took: 0.0001430 seconds
221.887: Application time: 0.0916540 seconds
221.887: [GC [PSYoungGen: 238576K->33776K(238592K)] 582473K->397955K(783360K), 0.0253710 secs] [Times: user=0.20 sys=0.00, real=0.03 secs] 
221.913: Total time for which application threads were stopped: 0.0255690 seconds, Stopping threads took: 0.0000820 seconds
221.989: Application time: 0.0761320 seconds
221.989: [GC [PSYoungGen: 238576K->33760K(238592K)] 602755K->408735K(783360K), 0.0223670 secs] [Times: user=0.17 sys=0.00, real=0.03 secs] 
222.011: Total time for which application threads were stopped: 0.0225780 seconds, Stopping threads took: 0.0000940 seconds
222.084: Application time: 0.0726820 seconds
222.084: [GC [PSYoungGen: 238560K->33776K(238592K)] 613535K->424331K(783360K), 0.0236810 secs] [Times: user=0.19 sys=0.00, real=0.02 secs] 
222.108: Total time for which application threads were stopped: 0.0239220 seconds, Stopping threads took: 0.0001260 seconds
222.190: Application time: 0.0820420 seconds
222.190: [GC [PSYoungGen: 238576K->33760K(238592K)] 629131K->449588K(783360K), 0.0271900 secs] [Times: user=0.22 sys=0.00, real=0.02 secs] 
222.217: Total time for which application threads were stopped: 0.0274150 seconds, Stopping threads took: 0.0001000 seconds
222.308: Application time: 0.0904370 seconds
222.308: [GC [PSYoungGen: 238560K->33760K(238592K)] 654388K->467720K(783360K), 0.0251950 secs] [Times: user=0.20 sys=0.00, real=0.03 secs] 
222.333: Total time for which application threads were stopped: 0.0254060 seconds, Stopping threads took: 0.0000970 seconds
222.410: Application time: 0.0771010 seconds
222.411: [GC [PSYoungGen: 238560K->33760K(238592K)] 672520K->484710K(783360K), 0.0342490 secs] [Times: user=0.23 sys=0.00, real=0.03 secs] 
222.445: Total time for which application threads were stopped: 0.0344560 seconds, Stopping threads took: 0.0000940 seconds
222.517: Application time: 0.0723810 seconds
222.517: [GC [PSYoungGen: 238560K->33776K(238592K)] 689510K->502884K(783360K), 0.0253720 secs] [Times: user=0.20 sys=0.00, real=0.03 secs] 
222.543: Total time for which application threads were stopped: 0.0255840 seconds, Stopping threads took: 0.0000950 seconds
222.626: Application time: 0.0835290 seconds
222.627: [GC [PSYoungGen: 238576K->33776K(238592K)] 707684K->526047K(783360K), 0.0282110 secs] [Times: user=0.23 sys=0.00, real=0.03 secs] 
222.655: Total time for which application threads were stopped: 0.0284000 seconds, Stopping threads took: 0.0000760 seconds
222.744: Application time: 0.0892080 seconds
222.744: [GC [PSYoungGen: 238576K->33760K(238592K)] 730847K->545566K(783360K), 0.0257900 secs] [Times: user=0.20 sys=0.00, real=0.03 secs] 
222.770: Total time for which application threads were stopped: 0.0260140 seconds, Stopping threads took: 0.0000940 seconds
222.847: Application time: 0.0770440 seconds
222.847: [GC [PSYoungGen: 238560K->33776K(238592K)] 750366K->562405K(783360K), 0.0272720 secs] [Times: user=0.22 sys=0.00, real=0.03 secs] 
222.875: [Full GC [PSYoungGen: 33776K->0K(238592K)] [ParOldGen: 528629K->76875K(544768K)] 562405K->76875K(783360K) [PSPermGen: 8873K->8873K(21504K)], 0.0819670 secs] [Times: user=0.59 sys=0.00, real=0.08 secs] 
222.957: Total time for which application threads were stopped: 0.1095290 seconds, Stopping threads took: 0.0001070 seconds
223.031: Application time: 0.0744590 seconds
223.031: [GC [PSYoungGen: 204800K->23024K(238592K)] 281675K->99899K(783360K), 0.0095610 secs] [Times: user=0.07 sys=0.00, real=0.00 secs] 
223.041: Total time for which application threads were stopped: 0.0097890 seconds, Stopping threads took: 0.0001120 seconds
223.124: Application time: 0.0835390 seconds
223.125: [GC [PSYoungGen: 227824K->33776K(238592K)] 304699K->122923K(783360K), 0.0178950 secs] [Times: user=0.14 sys=0.00, real=0.02 secs] 
223.143: Total time for which application threads were stopped: 0.0181330 seconds, Stopping threads took: 0.0001130 seconds
223.230: Application time: 0.0877720 seconds
223.230: [GC [PSYoungGen: 238576K->33760K(238592K)] 327723K->138523K(783360K), 0.0202770 secs] [Times: user=0.16 sys=0.00, real=0.02 secs] 
223.251: Total time for which application threads were stopped: 0.0204840 seconds, Stopping threads took: 0.0000920 seconds
223.328: Application time: 0.0771420 seconds
223.328: [GC [PSYoungGen: 238560K->33776K(238592K)] 343323K->148307K(783360K), 0.0190630 secs] [Times: user=0.14 sys=0.00, real=0.02 secs] 
223.347: Total time for which application threads were stopped: 0.0192700 seconds, Stopping threads took: 0.0000780 seconds
223.423: Application time: 0.0761560 seconds
223.424: [GC [PSYoungGen: 238576K->33760K(238592K)] 353107K->170832K(783360K), 0.0246700 secs] [Times: user=0.19 sys=0.00, real=0.02 secs] 
223.448: Total time for which application threads were stopped: 0.0248830 seconds, Stopping threads took: 0.0000960 seconds
223.531: Application time: 0.0828620 seconds
223.531: [GC [PSYoungGen: 238560K->33776K(238592K)] 375632K->194910K(783360K), 0.0254530 secs] [Times: user=0.21 sys=0.00, real=0.02 secs] 
223.557: Total time for which application threads were stopped: 0.0256520 seconds, Stopping threads took: 0.0000860 seconds
223.644: Application time: 0.0870750 seconds
223.644: [GC [PSYoungGen: 238576K->33776K(238592K)] 399710K->212021K(783360K), 0.0229530 secs] [Times: user=0.17 sys=0.00, real=0.02 secs] 
223.667: Total time for which application threads were stopped: 0.0231650 seconds, Stopping threads took: 0.0000990 seconds
223.743: Application time: 0.0764980 seconds
223.744: [GC [PSYoungGen: 238576K->33776K(238592K)] 416821K->223609K(783360K), 0.0210850 secs] [Times: user=0.17 sys=0.00, real=0.02 secs] 
223.765: Total time for which application threads were stopped: 0.0213020 seconds, Stopping threads took: 0.0000980 seconds
223.841: Application time: 0.0764030 seconds
223.841: [GC [PSYoungGen: 238576K->33760K(238592K)] 428409K->244462K(783360K), 0.0255960 secs] [Times: user=0.20 sys=0.00, real=0.02 secs] 
223.867: Total time for which application threads were stopped: 0.0258010 seconds, Stopping threads took: 0.0000800 seconds
223.951: Application time: 0.0837260 seconds
223.951: [GC [PSYoungGen: 238560K->33760K(238592K)] 449262K->270549K(783360K), 0.0274870 secs] [Times: user=0.21 sys=0.00, real=0.02 secs] 
223.978: Total time for which application threads were stopped: 0.0276920 seconds, Stopping threads took: 0.0000920 seconds
224.064: Application time: 0.0857300 seconds
224.064: [GC [PSYoungGen: 238560K->33776K(238592K)] 475349K->284516K(783360K), 0.0232700 secs] [Times: user=0.18 sys=0.00, real=0.02 secs] 
224.089: Total time for which application threads were stopped: 0.0249630 seconds, Stopping threads took: 0.0000740 seconds
224.165: Application time: 0.0756530 seconds
224.165: [GC [PSYoungGen: 238576K->33776K(238592K)] 489316K->290043K(783360K), 0.0204320 secs] [Times: user=0.15 sys=0.01, real=0.02 secs] 
224.185: Total time for which application threads were stopped: 0.0206540 seconds, Stopping threads took: 0.0001050 seconds
224.263: Application time: 0.0775870 seconds
224.263: [GC [PSYoungGen: 238576K->33760K(238592K)] 494843K->312274K(783360K), 0.0278270 secs] [Times: user=0.22 sys=0.00, real=0.03 secs] 
224.291: Total time for which application threads were stopped: 0.0280220 seconds, Stopping threads took: 0.0000820 seconds
224.375: Application time: 0.0840550 seconds
224.375: [GC [PSYoungGen: 238560K->33760K(238592K)] 517074K->335440K(783360K), 0.0273640 secs] [Times: user=0.21 sys=0.00, real=0.03 secs] 
224.403: Total time for which application threads were stopped: 0.0275930 seconds, Stopping threads took: 0.0001000 seconds
224.488: Application time: 0.0849460 seconds
224.488: [GC [PSYoungGen: 238560K->33776K(238592K)] 540240K->348359K(783360K), 0.0220830 secs] [Times: user=0.17 sys=0.00, real=0.03 secs] 
224.510: Total time for which application threads were stopped: 0.0222960 seconds, Stopping threads took: 0.0000880 seconds
224.585: Application time: 0.0747330 seconds
224.585: [GC [PSYoungGen: 238576K->32752K(238592K)] 553159K->355957K(783360K), 0.0212420 secs] [Times: user=0.16 sys=0.00, real=0.02 secs] 
224.606: Total time for which application threads were stopped: 0.0214500 seconds, Stopping threads took: 0.0000920 seconds
224.685: Application time: 0.0787620 seconds
224.685: [GC [PSYoungGen: 237552K->33776K(238592K)] 560757K->377564K(783360K), 0.0251760 secs] [Times: user=0.19 sys=0.00, real=0.03 secs] 
224.710: Total time for which application threads were stopped: 0.0253940 seconds, Stopping threads took: 0.0000950 seconds
224.794: Application time: 0.0838990 seconds
224.794: [GC [PSYoungGen: 238576K->33776K(238592K)] 582364K->400138K(783360K), 0.0258970 secs] [Times: user=0.20 sys=0.00, real=0.02 secs] 
224.820: Total time for which application threads were stopped: 0.0260960 seconds, Stopping threads took: 0.0000860 seconds
224.905: Application time: 0.0843730 seconds
224.905: [GC [PSYoungGen: 238576K->33776K(238592K)] 604938K->413724K(783360K), 0.0239090 secs] [Times: user=0.19 sys=0.00, real=0.02 secs] 
224.929: Total time for which application threads were stopped: 0.0241440 seconds, Stopping threads took: 0.0001080 seconds
225.003: Application time: 0.0746770 seconds
225.004: [GC [PSYoungGen: 238576K->33760K(238592K)] 618524K->427368K(783360K), 0.0214440 secs] [Times: user=0.17 sys=0.00, real=0.02 secs] 
225.025: Total time for which application threads were stopped: 0.0216730 seconds, Stopping threads took: 0.0001120 seconds
225.104: Application time: 0.0790110 seconds
225.104: [GC [PSYoungGen: 238560K->33760K(238592K)] 632168K->447350K(783360K), 0.0256530 secs] [Times: user=0.20 sys=0.00, real=0.03 secs] 
225.130: Total time for which application threads were stopped: 0.0258540 seconds, Stopping threads took: 0.0000880 seconds
225.214: Application time: 0.0840780 seconds
225.214: [GC [PSYoungGen: 238560K->33760K(238592K)] 652150K->475196K(783360K), 0.0283610 secs] [Times: user=0.23 sys=0.00, real=0.03 secs] 
225.243: Total time for which application threads were stopped: 0.0285810 seconds, Stopping threads took: 0.0001070 seconds
225.327: Application time: 0.0844320 seconds
225.329: [GC [PSYoungGen: 238560K->33760K(238592K)] 679996K->486307K(783360K), 0.0217410 secs] [Times: user=0.18 sys=0.00, real=0.02 secs] 
225.351: Total time for which application threads were stopped: 0.0238450 seconds, Stopping threads took: 0.0019860 seconds
225.426: Application time: 0.0749950 seconds
225.426: [GC [PSYoungGen: 238560K->33760K(238592K)] 691107K->500770K(783360K), 0.0227950 secs] [Times: user=0.18 sys=0.00, real=0.02 secs] 
225.449: Total time for which application threads were stopped: 0.0230490 seconds, Stopping threads took: 0.0001240 seconds
225.528: Application time: 0.0785920 seconds
225.528: [GC [PSYoungGen: 238560K->33776K(238592K)] 705570K->518233K(783360K), 0.0257440 secs] [Times: user=0.20 sys=0.00, real=0.03 secs] 
225.554: Total time for which application threads were stopped: 0.0259680 seconds, Stopping threads took: 0.0001110 seconds
225.641: Application time: 0.0873970 seconds
225.641: [GC [PSYoungGen: 238576K->33760K(238592K)] 723033K->548230K(783360K), 0.0382310 secs] [Times: user=0.28 sys=0.00, real=0.03 secs] 
225.679: [Full GC [PSYoungGen: 33760K->0K(238592K)] [ParOldGen: 514470K->77384K(544768K)] 548230K->77384K(783360K) [PSPermGen: 8873K->8873K(21504K)], 0.0832250 secs] [Times: user=0.60 sys=0.00, real=0.09 secs] 
225.763: Total time for which application threads were stopped: 0.1217430 seconds, Stopping threads took: 0.0001130 seconds
225.846: Application time: 0.0828610 seconds
225.846: [GC [PSYoungGen: 204800K->15152K(238592K)] 282184K->92536K(783360K), 0.0062590 secs] [Times: user=0.04 sys=0.00, real=0.01 secs] 
225.852: Total time for which application threads were stopped: 0.0064770 seconds, Stopping threads took: 0.0001020 seconds
225.926: Application time: 0.0736670 seconds
225.926: [GC [PSYoungGen: 219952K->27136K(238592K)] 297336K->104520K(783360K), 0.0107750 secs] [Times: user=0.08 sys=0.00, real=0.01 secs] 
225.937: Total time for which application threads were stopped: 0.0109950 seconds, Stopping threads took: 0.0001020 seconds
226.016: Application time: 0.0788600 seconds
226.016: [GC [PSYoungGen: 231936K->33776K(238592K)] 309320K->123689K(783360K), 0.0181390 secs] [Times: user=0.14 sys=0.00, real=0.02 secs] 
226.034: Total time for which application threads were stopped: 0.0183580 seconds, Stopping threads took: 0.0000890 seconds
226.122: Application time: 0.0882760 seconds
226.122: [GC [PSYoungGen: 238576K->33760K(238592K)] 328489K->150088K(783360K), 0.0249000 secs] [Times: user=0.19 sys=0.00, real=0.02 secs] 
226.147: Total time for which application threads were stopped: 0.0251030 seconds, Stopping threads took: 0.0000900 seconds
226.229: Application time: 0.0816040 seconds
226.233: [GC [PSYoungGen: 238560K->33760K(238592K)] 354888K->159735K(783360K), 0.0189570 secs] [Times: user=0.14 sys=0.00, real=0.02 secs] 
226.252: Total time for which application threads were stopped: 0.0232360 seconds, Stopping threads took: 0.0041650 seconds
226.326: Application time: 0.0736480 seconds
226.326: [GC [PSYoungGen: 238560K->33760K(238592K)] 364535K->173827K(783360K), 0.0213760 secs] [Times: user=0.17 sys=0.00, real=0.02 secs] 
226.347: Total time for which application threads were stopped: 0.0216010 seconds, Stopping threads took: 0.0001090 seconds
226.427: Application time: 0.0793470 seconds
226.427: [GC [PSYoungGen: 238560K->33776K(238592K)] 378627K->191110K(783360K), 0.0247480 secs] [Times: user=0.19 sys=0.00, real=0.03 secs] 
226.452: Total time for which application threads were stopped: 0.0249550 seconds, Stopping threads took: 0.0000830 seconds
226.545: Application time: 0.0932380 seconds
226.546: [GC [PSYoungGen: 238576K->33760K(238592K)] 395910K->220779K(783360K), 0.0293450 secs] [Times: user=0.20 sys=0.00, real=0.03 secs] 
226.575: Total time for which application threads were stopped: 0.0301430 seconds, Stopping threads took: 0.0006300 seconds
226.656: Application time: 0.0813030 seconds
226.657: [GC [PSYoungGen: 238560K->33760K(238592K)] 425579K->235379K(783360K), 0.0232940 secs] [Times: user=0.18 sys=0.00, real=0.02 secs] 
226.680: Total time for which application threads were stopped: 0.0235240 seconds, Stopping threads took: 0.0001150 seconds
226.752: Application time: 0.0724690 seconds
226.753: [GC [PSYoungGen: 238560K->33760K(238592K)] 440179K->250453K(783360K), 0.0241120 secs] [Times: user=0.19 sys=0.00, real=0.02 secs] 
226.777: Total time for which application threads were stopped: 0.0243210 seconds, Stopping threads took: 0.0000950 seconds
226.855: Application time: 0.0780400 seconds
226.855: [GC [PSYoungGen: 238560K->33776K(238592K)] 455253K->270564K(783360K), 0.0248980 secs] [Times: user=0.19 sys=0.00, real=0.02 secs] 
226.880: Total time for which application threads were stopped: 0.0251040 seconds, Stopping threads took: 0.0000930 seconds
226.972: Application time: 0.0920540 seconds
226.972: [GC [PSYoungGen: 238576K->33792K(238592K)] 475364K->297681K(783360K), 0.0288730 secs] [Times: user=0.23 sys=0.00, real=0.02 secs] 
227.001: Total time for which application threads were stopped: 0.0290730 seconds, Stopping threads took: 0.0000830 seconds
227.081: Application time: 0.0799640 seconds
227.081: [GC [PSYoungGen: 238592K->33776K(238592K)] 502481K->310693K(783360K), 0.0220510 secs] [Times: user=0.17 sys=0.00, real=0.02 secs] 
227.103: Total time for which application threads were stopped: 0.0222790 seconds, Stopping threads took: 0.0001000 seconds
227.176: Application time: 0.0727220 seconds
227.176: [GC [PSYoungGen: 238576K->33776K(238592K)] 515493K->329215K(783360K), 0.0249230 secs] [Times: user=0.20 sys=0.00, real=0.03 secs] 
227.201: Total time for which application threads were stopped: 0.0251520 seconds, Stopping threads took: 0.0001150 seconds
227.279: Application time: 0.0776600 seconds
227.281: [GC [PSYoungGen: 238576K->33760K(238592K)] 534015K->347345K(783360K), 0.0253040 secs] [Times: user=0.20 sys=0.00, real=0.02 secs] 
227.307: Total time for which application threads were stopped: 0.0277030 seconds, Stopping threads took: 0.0022770 seconds
227.399: Application time: 0.0927390 seconds
227.399: [GC [PSYoungGen: 238560K->33760K(238592K)] 552145K->372844K(783360K), 0.0286570 secs] [Times: user=0.23 sys=0.00, real=0.03 secs] 
227.428: Total time for which application threads were stopped: 0.0288770 seconds, Stopping threads took: 0.0001050 seconds
227.508: Application time: 0.0795750 seconds
227.508: [GC [PSYoungGen: 238560K->33760K(238592K)] 577644K->381630K(783360K), 0.0222300 secs] [Times: user=0.18 sys=0.00, real=0.03 secs] 
227.530: Total time for which application threads were stopped: 0.0224380 seconds, Stopping threads took: 0.0000930 seconds
227.603: Application time: 0.0729580 seconds
227.603: [GC [PSYoungGen: 238560K->33760K(238592K)] 586430K->399969K(783360K), 0.0270940 secs] [Times: user=0.21 sys=0.00, real=0.03 secs] 
227.630: Total time for which application threads were stopped: 0.0272940 seconds, Stopping threads took: 0.0000750 seconds
227.709: Application time: 0.0783730 seconds
227.709: [GC [PSYoungGen: 238560K->33776K(238592K)] 604769K->422707K(783360K), 0.0272740 secs] [Times: user=0.21 sys=0.00, real=0.03 secs] 
227.736: Total time for which application threads were stopped: 0.0275090 seconds, Stopping threads took: 0.0001190 seconds
227.830: Application time: 0.0935800 seconds
227.830: [GC [PSYoungGen: 238576K->33776K(238592K)] 627507K->439506K(783360K), 0.0259970 secs] [Times: user=0.21 sys=0.00, real=0.02 secs] 
227.856: Total time for which application threads were stopped: 0.0262170 seconds, Stopping threads took: 0.0001060 seconds
227.934: Application time: 0.0782680 seconds
227.935: [GC [PSYoungGen: 238576K->33776K(238592K)] 644306K->449526K(783360K), 0.0220520 secs] [Times: user=0.17 sys=0.00, real=0.02 secs] 
227.957: Total time for which application threads were stopped: 0.0222680 seconds, Stopping threads took: 0.0000980 seconds
228.030: Application time: 0.0732410 seconds
228.030: [GC [PSYoungGen: 238576K->33776K(238592K)] 654326K->469856K(783360K), 0.0275710 secs] [Times: user=0.22 sys=0.00, real=0.02 secs] 
228.058: Total time for which application threads were stopped: 0.0277860 seconds, Stopping threads took: 0.0000950 seconds
228.137: Application time: 0.0795310 seconds
228.137: [GC [PSYoungGen: 238576K->33776K(238592K)] 674656K->494174K(783360K), 0.0289810 secs] [Times: user=0.21 sys=0.00, real=0.03 secs] 
228.166: Total time for which application threads were stopped: 0.0292180 seconds, Stopping threads took: 0.0001130 seconds
228.258: Application time: 0.0920550 seconds
228.261: [GC [PSYoungGen: 238576K->33776K(238592K)] 698974K->509434K(783360K), 0.0262580 secs] [Times: user=0.21 sys=0.00, real=0.02 secs] 
228.287: Total time for which application threads were stopped: 0.0289580 seconds, Stopping threads took: 0.0025820 seconds
228.365: Application time: 0.0775580 seconds
228.365: [GC [PSYoungGen: 238576K->33760K(238592K)] 714234K->521657K(783360K), 0.0254020 secs] [Times: user=0.20 sys=0.00, real=0.03 secs] 
228.391: Total time for which application threads were stopped: 0.0256340 seconds, Stopping threads took: 0.0001170 seconds
228.465: Application time: 0.0742920 seconds
228.465: [GC [PSYoungGen: 238560K->33776K(238592K)] 726457K->542007K(783360K), 0.0281830 secs] [Times: user=0.20 sys=0.00, real=0.03 secs] 
228.493: Total time for which application threads were stopped: 0.0284060 seconds, Stopping threads took: 0.0001030 seconds
228.575: Application time: 0.0821340 seconds
228.576: [GC [PSYoungGen: 238576K->33776K(238592K)] 746807K->570757K(783360K), 0.0309840 secs] [Times: user=0.23 sys=0.00, real=0.03 secs] 
228.607: [Full GC [PSYoungGen: 33776K->0K(238592K)] [ParOldGen: 536981K->75379K(544768K)] 570757K->75379K(783360K) [PSPermGen: 8873K->8873K(21504K)], 0.0801430 secs] [Times: user=0.59 sys=0.00, real=0.08 secs] 
228.687: Total time for which application threads were stopped: 0.1113990 seconds, Stopping threads took: 0.0000860 seconds
228.777: Application time: 0.0897010 seconds
228.777: [GC [PSYoungGen: 204800K->17680K(238592K)] 280179K->93059K(783360K), 0.0075160 secs] [Times: user=0.06 sys=0.00, real=0.01 secs] 
228.784: Total time for which application threads were stopped: 0.0077450 seconds, Stopping threads took: 0.0000990 seconds
228.861: Application time: 0.0766010 seconds
228.861: [GC [PSYoungGen: 222480K->27840K(238592K)] 297859K->103219K(783360K), 0.0110130 secs] [Times: user=0.08 sys=0.00, real=0.01 secs] 
228.872: Total time for which application threads were stopped: 0.0112350 seconds, Stopping threads took: 0.0001050 seconds
228.946: Application time: 0.0736320 seconds
228.946: [GC [PSYoungGen: 232640K->33760K(238592K)] 308019K->120272K(783360K), 0.0176950 secs] [Times: user=0.14 sys=0.00, real=0.02 secs] 
228.964: Total time for which application threads were stopped: 0.0179170 seconds, Stopping threads took: 0.0001070 seconds
229.049: Application time: 0.0855910 seconds
229.050: [GC [PSYoungGen: 238560K->33776K(238592K)] 325072K->149736K(783360K), 0.0254580 secs] [Times: user=0.20 sys=0.00, real=0.02 secs] 
229.075: Total time for which application threads were stopped: 0.0256760 seconds, Stopping threads took: 0.0001000 seconds
229.163: Application time: 0.0878240 seconds
229.163: [GC [PSYoungGen: 238576K->33760K(238592K)] 354536K->164272K(783360K), 0.0201190 secs] [Times: user=0.15 sys=0.00, real=0.02 secs] 
229.183: Total time for which application threads were stopped: 0.0203480 seconds, Stopping threads took: 0.0001100 seconds
229.258: Application time: 0.0744070 seconds
229.258: [GC [PSYoungGen: 238560K->33760K(238592K)] 369072K->174056K(783360K), 0.0191610 secs] [Times: user=0.15 sys=0.00, real=0.02 secs] 
229.277: Total time for which application threads were stopped: 0.0193540 seconds, Stopping threads took: 0.0000760 seconds
229.351: Application time: 0.0738070 seconds
229.351: [GC [PSYoungGen: 238560K->33760K(238592K)] 378856K->193214K(783360K), 0.0242560 secs] [Times: user=0.19 sys=0.00, real=0.02 secs] 
229.375: Total time for which application threads were stopped: 0.0244960 seconds, Stopping threads took: 0.0001090 seconds
229.463: Application time: 0.0877550 seconds
229.463: [GC [PSYoungGen: 238560K->33776K(238592K)] 398014K->223307K(783360K), 0.0278140 secs] [Times: user=0.22 sys=0.00, real=0.03 secs] 
229.491: Total time for which application threads were stopped: 0.0280280 seconds, Stopping threads took: 0.0000990 seconds
229.576: Application time: 0.0849950 seconds
229.576: [GC [PSYoungGen: 238576K->33760K(238592K)] 428107K->235422K(783360K), 0.0196940 secs] [Times: user=0.15 sys=0.00, real=0.02 secs] 
229.596: Total time for which application threads were stopped: 0.0199030 seconds, Stopping threads took: 0.0000940 seconds
229.670: Application time: 0.0743930 seconds
229.671: [GC [PSYoungGen: 238560K->33760K(238592K)] 440222K->247926K(783360K), 0.0204750 secs] [Times: user=0.16 sys=0.00, real=0.02 secs] 
229.691: Total time for which application threads were stopped: 0.0207000 seconds, Stopping threads took: 0.0001120 seconds
229.766: Application time: 0.0749240 seconds
229.766: [GC [PSYoungGen: 238560K->33760K(238592K)] 452726K->264625K(783360K), 0.0224140 secs] [Times: user=0.18 sys=0.00, real=0.02 secs] 
229.789: Total time for which application threads were stopped: 0.0226170 seconds, Stopping threads took: 0.0000890 seconds
229.878: Application time: 0.0898310 seconds
229.879: [GC [PSYoungGen: 238560K->33776K(238592K)] 469425K->293751K(783360K), 0.0280670 secs] [Times: user=0.21 sys=0.00, real=0.03 secs] 
229.907: Total time for which application threads were stopped: 0.0283110 seconds, Stopping threads took: 0.0001130 seconds
229.991: Application time: 0.0840760 seconds
229.991: [GC [PSYoungGen: 238576K->33760K(238592K)] 498551K->308710K(783360K), 0.0230440 secs] [Times: user=0.17 sys=0.00, real=0.02 secs] 
230.014: Total time for which application threads were stopped: 0.0232430 seconds, Stopping threads took: 0.0000850 seconds
230.087: Application time: 0.0727240 seconds
230.087: [GC [PSYoungGen: 238560K->33776K(238592K)] 513510K->322434K(783360K), 0.0216300 secs] [Times: user=0.16 sys=0.00, real=0.02 secs] 
230.109: Total time for which application threads were stopped: 0.0218720 seconds, Stopping threads took: 0.0001170 seconds
230.185: Application time: 0.0761410 seconds
230.185: [GC [PSYoungGen: 238576K->33792K(238592K)] 527234K->343537K(783360K), 0.0258410 secs] [Times: user=0.20 sys=0.00, real=0.03 secs] 
230.211: Total time for which application threads were stopped: 0.0260530 seconds, Stopping threads took: 0.0001000 seconds
230.302: Application time: 0.0915670 seconds
230.303: [GC [PSYoungGen: 238592K->33760K(238592K)] 548337K->370898K(783360K), 0.0291700 secs] [Times: user=0.23 sys=0.00, real=0.03 secs] 
230.332: Total time for which application threads were stopped: 0.0293680 seconds, Stopping threads took: 0.0000860 seconds
230.415: Application time: 0.0829300 seconds
230.415: [GC [PSYoungGen: 238560K->33776K(238592K)] 575698K->383930K(783360K), 0.0234030 secs] [Times: user=0.18 sys=0.00, real=0.02 secs] 
230.438: Total time for which application threads were stopped: 0.0236240 seconds, Stopping threads took: 0.0000980 seconds
230.510: Application time: 0.0720360 seconds
230.511: [GC [PSYoungGen: 238576K->33760K(238592K)] 588730K->397434K(783360K), 0.0247610 secs] [Times: user=0.19 sys=0.01, real=0.02 secs] 
230.535: Total time for which application threads were stopped: 0.0249740 seconds, Stopping threads took: 0.0000990 seconds
230.613: Application time: 0.0778560 seconds
230.613: [GC [PSYoungGen: 238560K->33776K(238592K)] 602234K->417848K(783360K), 0.0261790 secs] [Times: user=0.21 sys=0.00, real=0.02 secs] 
230.640: Total time for which application threads were stopped: 0.0264030 seconds, Stopping threads took: 0.0001120 seconds
230.731: Application time: 0.0914930 seconds
230.733: [GC [PSYoungGen: 238576K->33760K(238592K)] 622648K->443879K(783360K), 0.0285920 secs] [Times: user=0.23 sys=0.00, real=0.03 secs] 
230.762: Total time for which application threads were stopped: 0.0306990 seconds, Stopping threads took: 0.0019930 seconds
230.843: Application time: 0.0816460 seconds
230.844: [GC [PSYoungGen: 238560K->33776K(238592K)] 648679K->457638K(783360K), 0.0239330 secs] [Times: user=0.18 sys=0.00, real=0.02 secs] 
230.868: Total time for which application threads were stopped: 0.0241650 seconds, Stopping threads took: 0.0001130 seconds
230.938: Application time: 0.0708360 seconds
230.939: [GC [PSYoungGen: 238576K->33760K(238592K)] 662438K->471308K(783360K), 0.0241420 secs] [Times: user=0.19 sys=0.00, real=0.03 secs] 
230.963: Total time for which application threads were stopped: 0.0243800 seconds, Stopping threads took: 0.0001110 seconds
231.042: Application time: 0.0786850 seconds
231.042: [GC [PSYoungGen: 238560K->33760K(238592K)] 676108K->496418K(783360K), 0.0292450 secs] [Times: user=0.23 sys=0.00, real=0.03 secs] 
231.071: Total time for which application threads were stopped: 0.0294400 seconds, Stopping threads took: 0.0000810 seconds
231.163: Application time: 0.0924220 seconds
231.164: [GC [PSYoungGen: 238560K->33776K(238592K)] 701218K->516301K(783360K), 0.0272990 secs] [Times: user=0.22 sys=0.00, real=0.03 secs] 
231.191: Total time for which application threads were stopped: 0.0274940 seconds, Stopping threads took: 0.0000810 seconds
231.270: Application time: 0.0793760 seconds
231.270: [GC [PSYoungGen: 238576K->33776K(238592K)] 721101K->526316K(783360K), 0.0229660 secs] [Times: user=0.18 sys=0.00, real=0.02 secs] 
231.293: Total time for which application threads were stopped: 0.0231610 seconds, Stopping threads took: 0.0000790 seconds
231.364: Application time: 0.0706540 seconds
231.364: [GC [PSYoungGen: 238576K->33760K(238592K)] 731116K->542263K(783360K), 0.0250350 secs] [Times: user=0.20 sys=0.00, real=0.03 secs] 
231.389: Total time for which application threads were stopped: 0.0252400 seconds, Stopping threads took: 0.0000900 seconds
231.469: Application time: 0.0799920 seconds
231.470: [GC [PSYoungGen: 238560K->33776K(238592K)] 747063K->567805K(783360K), 0.0277990 secs] [Times: user=0.22 sys=0.00, real=0.02 secs] 
231.497: [Full GC [PSYoungGen: 33776K->0K(238592K)] [ParOldGen: 534029K->75261K(544768K)] 567805K->75261K(783360K) [PSPermGen: 8873K->8873K(21504K)], 0.0806830 secs] [Times: user=0.58 sys=0.00, real=0.08 secs] 
231.578: Total time for which application threads were stopped: 0.1087740 seconds, Stopping threads took: 0.0000870 seconds
231.673: Application time: 0.0951670 seconds
231.673: [GC [PSYoungGen: 204800K->24608K(238592K)] 280061K->99869K(783360K), 0.0102490 secs] [Times: user=0.08 sys=0.00, real=0.01 secs] 
231.684: Total time for which application threads were stopped: 0.0104920 seconds, Stopping threads took: 0.0001250 seconds
231.762: Application time: 0.0777800 seconds
231.765: [GC [PSYoungGen: 229408K->33200K(238592K)] 304669K->108461K(783360K), 0.0129360 secs] [Times: user=0.10 sys=0.00, real=0.01 secs] 
231.778: Total time for which application threads were stopped: 0.0165910 seconds, Stopping threads took: 0.0035350 seconds
231.847: Application time: 0.0692150 seconds
231.848: [GC [PSYoungGen: 238000K->33760K(238592K)] 313261K->124685K(783360K), 0.0188910 secs] [Times: user=0.14 sys=0.00, real=0.02 secs] 
231.866: Total time for which application threads were stopped: 0.0190870 seconds, Stopping threads took: 0.0000810 seconds
231.949: Application time: 0.0828970 seconds
231.950: [GC [PSYoungGen: 238560K->33760K(238592K)] 329485K->148644K(783360K), 0.0237380 secs] [Times: user=0.17 sys=0.00, real=0.02 secs] 
231.973: Total time for which application threads were stopped: 0.0239330 seconds, Stopping threads took: 0.0000830 seconds
232.065: Application time: 0.0919730 seconds
232.065: [GC [PSYoungGen: 238560K->33760K(238592K)] 353444K->165900K(783360K), 0.0223450 secs] [Times: user=0.18 sys=0.00, real=0.02 secs] 
232.088: Total time for which application threads were stopped: 0.0225600 seconds, Stopping threads took: 0.0000870 seconds
232.165: Application time: 0.0769330 seconds
232.165: [GC [PSYoungGen: 238560K->33760K(238592K)] 370700K->174524K(783360K), 0.0198560 secs] [Times: user=0.16 sys=0.00, real=0.02 secs] 
232.185: Total time for which application threads were stopped: 0.0200690 seconds, Stopping threads took: 0.0000950 seconds
232.255: Application time: 0.0705070 seconds
232.256: [GC [PSYoungGen: 238560K->33760K(238592K)] 379324K->194451K(783360K), 0.0256410 secs] [Times: user=0.20 sys=0.00, real=0.03 secs] 
232.281: Total time for which application threads were stopped: 0.0258400 seconds, Stopping threads took: 0.0000850 seconds
232.366: Application time: 0.0847020 seconds
232.366: [GC [PSYoungGen: 238560K->33760K(238592K)] 399251K->222661K(783360K), 0.0280190 secs] [Times: user=0.21 sys=0.00, real=0.03 secs] 
232.394: Total time for which application threads were stopped: 0.0282340 seconds, Stopping threads took: 0.0001030 seconds
232.486: Application time: 0.0917270 seconds
232.486: [GC [PSYoungGen: 238560K->33776K(238592K)] 427461K->240987K(783360K), 0.0248790 secs] [Times: user=0.19 sys=0.00, real=0.03 secs] 
232.511: Total time for which application threads were stopped: 0.0250840 seconds, Stopping threads took: 0.0000890 seconds
232.586: Application time: 0.0747590 seconds
232.586: [GC [PSYoungGen: 238576K->33760K(238592K)] 445787K->249826K(783360K), 0.0214130 secs] [Times: user=0.16 sys=0.00, real=0.02 secs] 
232.607: Total time for which application threads were stopped: 0.0216220 seconds, Stopping threads took: 0.0000810 seconds
232.680: Application time: 0.0730690 seconds
232.681: [GC [PSYoungGen: 238560K->33760K(238592K)] 454626K->274460K(783360K), 0.0274840 secs] [Times: user=0.21 sys=0.00, real=0.03 secs] 
232.708: Total time for which application threads were stopped: 0.0276790 seconds, Stopping threads took: 0.0000860 seconds
232.793: Application time: 0.0852110 seconds
232.793: [GC [PSYoungGen: 238560K->33792K(238592K)] 479260K->300058K(783360K), 0.0267700 secs] [Times: user=0.21 sys=0.00, real=0.02 secs] 
232.820: Total time for which application threads were stopped: 0.0269640 seconds, Stopping threads took: 0.0000810 seconds
232.909: Application time: 0.0883400 seconds
232.909: [GC [PSYoungGen: 238592K->33776K(238592K)] 504858K->314925K(783360K), 0.0231040 secs] [Times: user=0.19 sys=0.00, real=0.03 secs] 
232.932: Total time for which application threads were stopped: 0.0233240 seconds, Stopping threads took: 0.0001050 seconds
233.006: Application time: 0.0739270 seconds
233.006: [GC [PSYoungGen: 238576K->33776K(238592K)] 519725K->323845K(783360K), 0.0202700 secs] [Times: user=0.16 sys=0.00, real=0.02 secs] 
233.026: Total time for which application threads were stopped: 0.0204840 seconds, Stopping threads took: 0.0001010 seconds
233.102: Application time: 0.0754120 seconds
233.102: [GC [PSYoungGen: 238576K->33776K(238592K)] 528645K->348514K(783360K), 0.0275890 secs] [Times: user=0.21 sys=0.00, real=0.03 secs] 
233.130: Total time for which application threads were stopped: 0.0278000 seconds, Stopping threads took: 0.0000880 seconds
233.215: Application time: 0.0859020 seconds
233.216: [GC [PSYoungGen: 238576K->33776K(238592K)] 553314K->373918K(783360K), 0.0273300 secs] [Times: user=0.22 sys=0.00, real=0.03 secs] 
233.243: Total time for which application threads were stopped: 0.0275230 seconds, Stopping threads took: 0.0000800 seconds
233.330: Application time: 0.0868690 seconds
233.330: [GC [PSYoungGen: 238576K->33760K(238592K)] 578718K->389049K(783360K), 0.0240280 secs] [Times: user=0.17 sys=0.00, real=0.02 secs] 
233.354: Total time for which application threads were stopped: 0.0242290 seconds, Stopping threads took: 0.0000840 seconds
233.428: Application time: 0.0734690 seconds
233.428: [GC [PSYoungGen: 238560K->33760K(238592K)] 593849K->397899K(783360K), 0.0209530 secs] [Times: user=0.16 sys=0.00, real=0.02 secs] 
233.449: Total time for which application threads were stopped: 0.0211790 seconds, Stopping threads took: 0.0001100 seconds
233.525: Application time: 0.0766920 seconds
233.526: [GC [PSYoungGen: 238560K->33776K(238592K)] 602699K->422441K(783360K), 0.0272060 secs] [Times: user=0.22 sys=0.00, real=0.03 secs] 
233.553: Total time for which application threads were stopped: 0.0274060 seconds, Stopping threads took: 0.0000870 seconds
233.640: Application time: 0.0873590 seconds
233.640: [GC [PSYoungGen: 238576K->33776K(238592K)] 627241K->446767K(783360K), 0.0266620 secs] [Times: user=0.21 sys=0.00, real=0.03 secs] 
233.667: Total time for which application threads were stopped: 0.0268760 seconds, Stopping threads took: 0.0000840 seconds
233.752: Application time: 0.0845880 seconds
233.752: [GC [PSYoungGen: 238576K->33776K(238592K)] 651567K->459827K(783360K), 0.0225760 secs] [Times: user=0.18 sys=0.00, real=0.02 secs] 
233.774: Total time for which application threads were stopped: 0.0227960 seconds, Stopping threads took: 0.0001040 seconds
233.848: Application time: 0.0730720 seconds
233.848: [GC [PSYoungGen: 238576K->33776K(238592K)] 664627K->472778K(783360K), 0.0219530 secs] [Times: user=0.17 sys=0.00, real=0.03 secs] 
233.870: Total time for which application threads were stopped: 0.0221580 seconds, Stopping threads took: 0.0000920 seconds
233.948: Application time: 0.0787830 seconds
233.949: [GC [PSYoungGen: 238576K->33760K(238592K)] 677578K->498101K(783360K), 0.0268580 secs] [Times: user=0.22 sys=0.00, real=0.03 secs] 
233.976: Total time for which application threads were stopped: 0.0270600 seconds, Stopping threads took: 0.0000900 seconds
234.063: Application time: 0.0874530 seconds
234.063: [GC [PSYoungGen: 238560K->33760K(238592K)] 702901K->521491K(783360K), 0.0267590 secs] [Times: user=0.21 sys=0.00, real=0.03 secs] 
234.090: Total time for which application threads were stopped: 0.0269720 seconds, Stopping threads took: 0.0000970 seconds
234.174: Application time: 0.0838140 seconds
234.174: [GC [PSYoungGen: 238560K->33760K(238592K)] 726291K->534514K(783360K), 0.0236880 secs] [Times: user=0.19 sys=0.00, real=0.02 secs] 
234.198: Total time for which application threads were stopped: 0.0239010 seconds, Stopping threads took: 0.0000660 seconds
234.269: Application time: 0.0712570 seconds
234.269: [GC [PSYoungGen: 238560K->33760K(238592K)] 739314K->547502K(783360K), 0.0220000 secs] [Times: user=0.17 sys=0.00, real=0.02 secs] 
234.291: [Full GC [PSYoungGen: 33760K->0K(238592K)] [ParOldGen: 513742K->80309K(544768K)] 547502K->80309K(783360K) [PSPermGen: 8873K->8873K(21504K)], 0.0851220 secs] [Times: user=0.62 sys=0.01, real=0.08 secs] 
234.376: Total time for which application threads were stopped: 0.1074190 seconds, Stopping threads took: 0.0001030 seconds
234.458: Application time: 0.0811460 seconds
234.458: [GC [PSYoungGen: 204800K->26656K(238592K)] 285109K->106965K(783360K), 0.0111290 secs] [Times: user=0.08 sys=0.00, real=0.01 secs] 
234.469: Total time for which application threads were stopped: 0.0113260 seconds, Stopping threads took: 0.0000840 seconds
234.557: Application time: 0.0877340 seconds
234.557: [GC [PSYoungGen: 231456K->33760K(238592K)] 311765K->129056K(783360K), 0.0193780 secs] [Times: user=0.15 sys=0.00, real=0.02 secs] 
234.576: Total time for which application threads were stopped: 0.0195820 seconds, Stopping threads took: 0.0000900 seconds
234.659: Application time: 0.0830220 seconds
234.659: [GC [PSYoungGen: 238560K->33760K(238592K)] 333856K->140040K(783360K), 0.0179640 secs] [Times: user=0.14 sys=0.00, real=0.02 secs] 
234.677: Total time for which application threads were stopped: 0.0181670 seconds, Stopping threads took: 0.0000860 seconds
234.747: Application time: 0.0700200 seconds
234.748: [GC [PSYoungGen: 238560K->33760K(238592K)] 344840K->149103K(783360K), 0.0175760 secs] [Times: user=0.13 sys=0.00, real=0.02 secs] 
234.765: Total time for which application threads were stopped: 0.0177830 seconds, Stopping threads took: 0.0000800 seconds
234.848: Application time: 0.0829490 seconds
234.848: [GC [PSYoungGen: 238560K->33760K(238592K)] 353903K->178270K(783360K), 0.0266810 secs] [Times: user=0.21 sys=0.00, real=0.03 secs] 
234.875: Total time for which application threads were stopped: 0.0268780 seconds, Stopping threads took: 0.0000850 seconds
234.964: Application time: 0.0891360 seconds
234.964: [GC [PSYoungGen: 238560K->33776K(238592K)] 383070K->198700K(783360K), 0.0229610 secs] [Times: user=0.18 sys=0.00, real=0.02 secs] 
234.987: Total time for which application threads were stopped: 0.0231790 seconds, Stopping threads took: 0.0001040 seconds
235.067: Application time: 0.0794750 seconds
235.067: [GC [PSYoungGen: 238576K->33760K(238592K)] 403500K->210622K(783360K), 0.0208080 secs] [Times: user=0.16 sys=0.00, real=0.02 secs] 
235.088: Total time for which application threads were stopped: 0.0210180 seconds, Stopping threads took: 0.0000950 seconds
235.157: Application time: 0.0696230 seconds
235.161: [GC [PSYoungGen: 238560K->33776K(238592K)] 415422K->225670K(783360K), 0.0208760 secs] [Times: user=0.16 sys=0.00, real=0.02 secs] 
235.182: Total time for which application threads were stopped: 0.0246310 seconds, Stopping threads took: 0.0036370 seconds
235.267: Application time: 0.0853350 seconds
235.268: [GC [PSYoungGen: 238576K->33776K(238592K)] 430470K->250006K(783360K), 0.0254810 secs] [Times: user=0.20 sys=0.00, real=0.03 secs] 
235.293: Total time for which application threads were stopped: 0.0257050 seconds, Stopping threads took: 0.0000970 seconds
235.381: Application time: 0.0880410 seconds
235.381: [GC [PSYoungGen: 238576K->33792K(238592K)] 454806K->268960K(783360K), 0.0238890 secs] [Times: user=0.19 sys=0.00, real=0.02 secs] 
235.405: Total time for which application threads were stopped: 0.0240940 seconds, Stopping threads took: 0.0000900 seconds
235.483: Application time: 0.0778100 seconds
235.483: [GC [PSYoungGen: 238592K->33776K(238592K)] 473760K->280739K(783360K), 0.0208750 secs] [Times: user=0.16 sys=0.00, real=0.02 secs] 
235.504: Total time for which application threads were stopped: 0.0210960 seconds, Stopping threads took: 0.0001050 seconds
235.575: Application time: 0.0705450 seconds
235.575: [GC [PSYoungGen: 238576K->33760K(238592K)] 485539K->301036K(783360K), 0.0261240 secs] [Times: user=0.20 sys=0.00, real=0.02 secs] 
235.601: Total time for which application threads were stopped: 0.0263330 seconds, Stopping threads took: 0.0000860 seconds
235.687: Application time: 0.0856660 seconds
235.687: [GC [PSYoungGen: 238560K->33760K(238592K)] 505836K->321778K(783360K), 0.0249510 secs] [Times: user=0.19 sys=0.00, real=0.03 secs] 
235.712: Total time for which application threads were stopped: 0.0251690 seconds, Stopping threads took: 0.0001030 seconds
235.799: Application time: 0.0875260 seconds
235.800: [GC [PSYoungGen: 238560K->33776K(238592K)] 526578K->343089K(783360K), 0.0253490 secs] [Times: user=0.19 sys=0.00, real=0.03 secs] 
235.825: Total time for which application threads were stopped: 0.0255750 seconds, Stopping threads took: 0.0000980 seconds
235.902: Application time: 0.0765570 seconds
235.902: [GC [PSYoungGen: 238576K->33760K(238592K)] 547889K->350496K(783360K), 0.0211470 secs] [Times: user=0.17 sys=0.00, real=0.02 secs] 
235.923: Total time for which application threads were stopped: 0.0213840 seconds, Stopping threads took: 0.0001200 seconds
235.996: Application time: 0.0734340 seconds
235.997: [GC [PSYoungGen: 238560K->33776K(238592K)] 555296K->374817K(783360K), 0.0292550 secs] [Times: user=0.23 sys=0.00, real=0.03 secs] 
236.026: Total time for which application threads were stopped: 0.0300920 seconds, Stopping threads took: 0.0007240 seconds
236.114: Application time: 0.0873830 seconds
236.114: [GC [PSYoungGen: 238576K->33792K(238592K)] 579617K->393246K(783360K), 0.0257100 secs] [Times: user=0.20 sys=0.00, real=0.02 secs] 
236.140: Total time for which application threads were stopped: 0.0259240 seconds, Stopping threads took: 0.0000970 seconds
236.225: Application time: 0.0854610 seconds
236.225: [GC [PSYoungGen: 238592K->33776K(238592K)] 598046K->411642K(783360K), 0.0261700 secs] [Times: user=0.20 sys=0.00, real=0.03 secs] 
236.252: Total time for which application threads were stopped: 0.0263710 seconds, Stopping threads took: 0.0000830 seconds
236.327: Application time: 0.0750800 seconds
236.327: [GC [PSYoungGen: 238576K->33760K(238592K)] 616442K->420569K(783360K), 0.0236570 secs] [Times: user=0.19 sys=0.00, real=0.03 secs] 
236.351: Total time for which application threads were stopped: 0.0238710 seconds, Stopping threads took: 0.0000890 seconds
236.427: Application time: 0.0764050 seconds
236.427: [GC [PSYoungGen: 238560K->33776K(238592K)] 625369K->448540K(783360K), 0.0303280 secs] [Times: user=0.23 sys=0.00, real=0.03 secs] 
236.458: Total time for which application threads were stopped: 0.0305220 seconds, Stopping threads took: 0.0000810 seconds
236.544: Application time: 0.0864840 seconds
236.544: [GC [PSYoungGen: 238576K->33776K(238592K)] 653340K->466155K(783360K), 0.0265720 secs] [Times: user=0.20 sys=0.00, real=0.03 secs] 
236.571: Total time for which application threads were stopped: 0.0267900 seconds, Stopping threads took: 0.0001010 seconds
236.656: Application time: 0.0847220 seconds
236.656: [GC [PSYoungGen: 238576K->33776K(238592K)] 670955K->485153K(783360K), 0.0273030 secs] [Times: user=0.21 sys=0.00, real=0.03 secs] 
236.683: Total time for which application threads were stopped: 0.0275270 seconds, Stopping threads took: 0.0001090 seconds
236.758: Application time: 0.0748190 seconds
236.761: [GC [PSYoungGen: 238576K->33776K(238592K)] 689953K->498209K(783360K), 0.0245960 secs] [Times: user=0.20 sys=0.00, real=0.02 secs] 
236.786: Total time for which application threads were stopped: 0.0279520 seconds, Stopping threads took: 0.0032400 seconds
236.864: Application time: 0.0778930 seconds
236.864: [GC [PSYoungGen: 238576K->33776K(238592K)] 703009K->526713K(783360K), 0.0312650 secs] [Times: user=0.25 sys=0.00, real=0.03 secs] 
236.895: Total time for which application threads were stopped: 0.0314980 seconds, Stopping threads took: 0.0001060 seconds
236.981: Application time: 0.0862690 seconds
236.982: [GC [PSYoungGen: 238576K->33760K(238592K)] 731513K->542666K(783360K), 0.0258890 secs] [Times: user=0.20 sys=0.00, real=0.02 secs] 
237.008: Total time for which application threads were stopped: 0.0260900 seconds, Stopping threads took: 0.0000860 seconds
237.091: Application time: 0.0836780 seconds
237.091: [GC [PSYoungGen: 238560K->33760K(238592K)] 747466K->560676K(783360K), 0.0271870 secs] [Times: user=0.21 sys=0.00, real=0.02 secs] 
237.119: [Full GC [PSYoungGen: 33760K->0K(238592K)] [ParOldGen: 526916K->78273K(544768K)] 560676K->78273K(783360K) [PSPermGen: 8873K->8873K(21504K)], 0.0839170 secs] [Times: user=0.61 sys=0.00, real=0.09 secs] 
237.203: Total time for which application threads were stopped: 0.1113830 seconds, Stopping threads took: 0.0001000 seconds
237.277: Application time: 0.0741630 seconds
237.277: [GC [PSYoungGen: 204800K->15792K(238592K)] 283073K->94065K(783360K), 0.0062440 secs] [Times: user=0.05 sys=0.00, real=0.01 secs] 
237.283: Total time for which application threads were stopped: 0.0064620 seconds, Stopping threads took: 0.0001050 seconds
237.363: Application time: 0.0795030 seconds
237.363: [GC [PSYoungGen: 220592K->33760K(238592K)] 298865K->120185K(783360K), 0.0169760 secs] [Times: user=0.13 sys=0.00, real=0.01 secs] 
237.380: Total time for which application threads were stopped: 0.0171860 seconds, Stopping threads took: 0.0000960 seconds
237.465: Application time: 0.0854520 seconds
237.466: [GC [PSYoungGen: 238560K->33760K(238592K)] 324985K->136820K(783360K), 0.0199640 secs] [Times: user=0.16 sys=0.00, real=0.02 secs] 
237.486: Total time for which application threads were stopped: 0.0201740 seconds, Stopping threads took: 0.0000820 seconds
237.566: Application time: 0.0808390 seconds
237.567: [GC [PSYoungGen: 238560K->33760K(238592K)] 341620K->152499K(783360K), 0.0205180 secs] [Times: user=0.16 sys=0.00, real=0.02 secs] 
237.587: Total time for which application threads were stopped: 0.0207270 seconds, Stopping threads took: 0.0000920 seconds
237.663: Application time: 0.0759720 seconds
237.663: [GC [PSYoungGen: 238560K->33776K(238592K)] 357299K->170934K(783360K), 0.0224210 secs] [Times: user=0.18 sys=0.00, real=0.02 secs] 
237.686: Total time for which application threads were stopped: 0.0226390 seconds, Stopping threads took: 0.0001000 seconds
237.768: Application time: 0.0826820 seconds
237.769: [GC [PSYoungGen: 238576K->33760K(238592K)] 375734K->198144K(783360K), 0.0265370 secs] [Times: user=0.21 sys=0.00, real=0.03 secs] 
237.795: Total time for which application threads were stopped: 0.0267470 seconds, Stopping threads took: 0.0000950 seconds
237.879: Application time: 0.0832980 seconds
237.879: [GC [PSYoungGen: 238560K->33760K(238592K)] 402944K->210551K(783360K), 0.0198310 secs] [Times: user=0.16 sys=0.00, real=0.02 secs] 
237.899: Total time for which application threads were stopped: 0.0200340 seconds, Stopping threads took: 0.0000890 seconds
237.979: Application time: 0.0800750 seconds
237.979: [GC [PSYoungGen: 238560K->33760K(238592K)] 415351K->224406K(783360K), 0.0214380 secs] [Times: user=0.16 sys=0.00, real=0.02 secs] 
238.000: Total time for which application threads were stopped: 0.0216690 seconds, Stopping threads took: 0.0001010 seconds
238.076: Application time: 0.0755800 seconds
238.076: [GC [PSYoungGen: 238560K->33760K(238592K)] 429206K->242137K(783360K), 0.0234760 secs] [Times: user=0.18 sys=0.00, real=0.02 secs] 
238.100: Total time for which application threads were stopped: 0.0237040 seconds, Stopping threads took: 0.0001120 seconds
238.184: Application time: 0.0845650 seconds
238.184: [GC [PSYoungGen: 238560K->33776K(238592K)] 446937K->268471K(783360K), 0.0272070 secs] [Times: user=0.21 sys=0.00, real=0.03 secs] 
238.212: Total time for which application threads were stopped: 0.0274260 seconds, Stopping threads took: 0.0001050 seconds
238.294: Application time: 0.0824070 seconds
238.294: [GC [PSYoungGen: 238576K->33792K(238592K)] 473271K->282914K(783360K), 0.0214450 secs] [Times: user=0.17 sys=0.00, real=0.02 secs] 
238.316: Total time for which application threads were stopped: 0.0216440 seconds, Stopping threads took: 0.0000820 seconds
238.394: Application time: 0.0781690 seconds
238.394: [GC [PSYoungGen: 238592K->33776K(238592K)] 487714K->294741K(783360K), 0.0209380 secs] [Times: user=0.15 sys=0.00, real=0.02 secs] 
238.415: Total time for which application threads were stopped: 0.0211270 seconds, Stopping threads took: 0.0000750 seconds
238.492: Application time: 0.0771210 seconds
238.492: [GC [PSYoungGen: 238576K->33776K(238592K)] 499541K->312436K(783360K), 0.0236510 secs] [Times: user=0.19 sys=0.00, real=0.02 secs] 
238.516: Total time for which application threads were stopped: 0.0238920 seconds, Stopping threads took: 0.0001140 seconds
238.602: Application time: 0.0856400 seconds
238.602: [GC [PSYoungGen: 238576K->33760K(238592K)] 517236K->337733K(783360K), 0.0279330 secs] [Times: user=0.22 sys=0.00, real=0.03 secs] 
238.630: Total time for which application threads were stopped: 0.0281280 seconds, Stopping threads took: 0.0000850 seconds
238.711: Application time: 0.0815860 seconds
238.713: [GC [PSYoungGen: 238560K->33760K(238592K)] 542533K->353948K(783360K), 0.0233490 secs] [Times: user=0.19 sys=0.00, real=0.02 secs] 
238.737: Total time for which application threads were stopped: 0.0252590 seconds, Stopping threads took: 0.0017940 seconds
238.814: Application time: 0.0770020 seconds
238.814: [GC [PSYoungGen: 238560K->33760K(238592K)] 558748K->365935K(783360K), 0.0221100 secs] [Times: user=0.17 sys=0.00, real=0.02 secs] 
238.836: Total time for which application threads were stopped: 0.0223340 seconds, Stopping threads took: 0.0001080 seconds
238.914: Application time: 0.0783920 seconds
238.914: [GC [PSYoungGen: 238560K->33776K(238592K)] 570735K->383973K(783360K), 0.0243970 secs] [Times: user=0.19 sys=0.00, real=0.02 secs] 
238.939: Total time for which application threads were stopped: 0.0246000 seconds, Stopping threads took: 0.0000890 seconds
239.025: Application time: 0.0863740 seconds
239.025: [GC [PSYoungGen: 238576K->33760K(238592K)] 588773K->405271K(783360K), 0.0262910 secs] [Times: user=0.20 sys=0.00, real=0.03 secs] 
239.052: Total time for which application threads were stopped: 0.0265050 seconds, Stopping threads took: 0.0000840 seconds
239.133: Application time: 0.0813780 seconds
239.133: [GC [PSYoungGen: 238560K->33760K(238592K)] 610071K->420966K(783360K), 0.0231320 secs] [Times: user=0.19 sys=0.00, real=0.02 secs] 
239.157: Total time for which application threads were stopped: 0.0233460 seconds, Stopping threads took: 0.0001000 seconds
239.232: Application time: 0.0755000 seconds
239.232: [GC [PSYoungGen: 238560K->33776K(238592K)] 625766K->431150K(783360K), 0.0218490 secs] [Times: user=0.17 sys=0.00, real=0.02 secs] 
239.254: Total time for which application threads were stopped: 0.0220570 seconds, Stopping threads took: 0.0000890 seconds
239.333: Application time: 0.0793160 seconds
239.334: [GC [PSYoungGen: 238576K->33776K(238592K)] 635950K->452716K(783360K), 0.0262210 secs] [Times: user=0.20 sys=0.00, real=0.02 secs] 
239.360: Total time for which application threads were stopped: 0.0264180 seconds, Stopping threads took: 0.0000840 seconds
239.447: Application time: 0.0867540 seconds
239.447: [GC [PSYoungGen: 238576K->33776K(238592K)] 657516K->472959K(783360K), 0.0259610 secs] [Times: user=0.19 sys=0.00, real=0.03 secs] 
239.473: Total time for which application threads were stopped: 0.0261710 seconds, Stopping threads took: 0.0000930 seconds
239.553: Application time: 0.0803430 seconds
239.553: [GC [PSYoungGen: 238576K->33760K(238592K)] 677759K->488662K(783360K), 0.0250790 secs] [Times: user=0.20 sys=0.00, real=0.02 secs] 
239.578: Total time for which application threads were stopped: 0.0252830 seconds, Stopping threads took: 0.0000780 seconds
239.656: Application time: 0.0779960 seconds
239.657: [GC [PSYoungGen: 238560K->33776K(238592K)] 693462K->504437K(783360K), 0.0253810 secs] [Times: user=0.20 sys=0.00, real=0.03 secs] 
239.682: Total time for which application threads were stopped: 0.0255820 seconds, Stopping threads took: 0.0000860 seconds
239.761: Application time: 0.0786820 seconds
239.761: [GC [PSYoungGen: 238576K->33776K(238592K)] 709237K->527919K(783360K), 0.0291040 secs] [Times: user=0.23 sys=0.00, real=0.04 secs] 
239.790: Total time for which application threads were stopped: 0.0293010 seconds, Stopping threads took: 0.0000840 seconds
239.877: Application time: 0.0873530 seconds
239.877: [GC [PSYoungGen: 238576K->33760K(238592K)] 732719K->547510K(783360K), 0.0278020 secs] [Times: user=0.22 sys=0.00, real=0.03 secs] 
239.905: Total time for which application threads were stopped: 0.0280120 seconds, Stopping threads took: 0.0000970 seconds
239.985: Application time: 0.0796680 seconds
239.985: [GC [PSYoungGen: 238560K->33776K(238592K)] 752310K->563513K(783360K), 0.0250450 secs] [Times: user=0.19 sys=0.00, real=0.03 secs] 
240.010: [Full GC [PSYoungGen: 33776K->0K(238592K)] [ParOldGen: 529737K->79875K(544768K)] 563513K->79875K(783360K) [PSPermGen: 8873K->8873K(21504K)], 0.0849780 secs] [Times: user=0.63 sys=0.00, real=0.08 secs] 
240.095: Total time for which application threads were stopped: 0.1103290 seconds, Stopping threads took: 0.0001120 seconds
240.173: Application time: 0.0772520 seconds
240.173: [GC [PSYoungGen: 204800K->16624K(238592K)] 284675K->96499K(783360K), 0.0069790 secs] [Times: user=0.06 sys=0.00, real=0.00 secs] 
240.180: Total time for which application threads were stopped: 0.0072050 seconds, Stopping threads took: 0.0001010 seconds
240.259: Application time: 0.0796580 seconds
240.260: [GC [PSYoungGen: 221424K->33760K(238592K)] 301299K->120287K(783360K), 0.0157500 secs] [Times: user=0.13 sys=0.00, real=0.02 secs] 
240.275: Total time for which application threads were stopped: 0.0159630 seconds, Stopping threads took: 0.0000970 seconds
240.361: Application time: 0.0860260 seconds
240.362: [GC [PSYoungGen: 238560K->33776K(238592K)] 325087K->134590K(783360K), 0.0193730 secs] [Times: user=0.14 sys=0.00, real=0.01 secs] 
240.381: Total time for which application threads were stopped: 0.0195690 seconds, Stopping threads took: 0.0000820 seconds
240.461: Application time: 0.0800090 seconds
240.461: [GC [PSYoungGen: 238576K->33776K(238592K)] 339390K->155517K(783360K), 0.0222760 secs] [Times: user=0.16 sys=0.00, real=0.02 secs] 
240.484: Total time for which application threads were stopped: 0.0224920 seconds, Stopping threads took: 0.0000980 seconds
240.561: Application time: 0.0773790 seconds
240.561: [GC [PSYoungGen: 238576K->33760K(238592K)] 360317K->171863K(783360K), 0.0218790 secs] [Times: user=0.17 sys=0.00, real=0.02 secs] 
240.583: Total time for which application threads were stopped: 0.0221180 seconds, Stopping threads took: 0.0001120 seconds
240.664: Application time: 0.0806550 seconds
240.664: [GC [PSYoungGen: 238560K->33760K(238592K)] 376663K->199289K(783360K), 0.0258450 secs] [Times: user=0.20 sys=0.00, real=0.03 secs] 
240.690: Total time for which application threads were stopped: 0.0260550 seconds, Stopping threads took: 0.0000940 seconds
240.774: Application time: 0.0844760 seconds
240.774: [GC [PSYoungGen: 238560K->33776K(238592K)] 404089K->210540K(783360K), 0.0202440 secs] [Times: user=0.16 sys=0.00, real=0.02 secs] 
240.795: Total time for which application threads were stopped: 0.0204600 seconds, Stopping threads took: 0.0000870 seconds
240.874: Application time: 0.0798120 seconds
240.875: [GC [PSYoungGen: 238576K->33760K(238592K)] 415340K->231763K(783360K), 0.0249220 secs] [Times: user=0.20 sys=0.00, real=0.02 secs] 
240.900: Total time for which application threads were stopped: 0.0251290 seconds, Stopping threads took: 0.0000920 seconds
240.978: Application time: 0.0778990 seconds
240.978: [GC [PSYoungGen: 238560K->33776K(238592K)] 436563K->250694K(783360K), 0.0250470 secs] [Times: user=0.20 sys=0.00, real=0.03 secs] 
241.003: Total time for which application threads were stopped: 0.0252620 seconds, Stopping threads took: 0.0000980 seconds
241.086: Application time: 0.0828030 seconds
241.086: [GC [PSYoungGen: 238576K->33760K(238592K)] 455494K->277116K(783360K), 0.0269770 secs] [Times: user=0.21 sys=0.00, real=0.03 secs] 
241.113: Total time for which application threads were stopped: 0.0271790 seconds, Stopping threads took: 0.0000880 seconds
241.195: Application time: 0.0823300 seconds
241.197: [GC [PSYoungGen: 238560K->33760K(238592K)] 481916K->289792K(783360K), 0.0212190 secs] [Times: user=0.17 sys=0.00, real=0.02 secs] 
241.218: Total time for which application threads were stopped: 0.0233480 seconds, Stopping threads took: 0.0020060 seconds
241.297: Application time: 0.0785270 seconds
241.301: [GC [PSYoungGen: 238560K->33776K(238592K)] 494592K->307846K(783360K), 0.0242510 secs] [Times: user=0.19 sys=0.00, real=0.02 secs] 
241.326: Total time for which application threads were stopped: 0.0285320 seconds, Stopping threads took: 0.0041560 seconds
241.404: Application time: 0.0780990 seconds
241.404: [GC [PSYoungGen: 238576K->33776K(238592K)] 512646K->324469K(783360K), 0.0237590 secs] [Times: user=0.19 sys=0.00, real=0.02 secs] 
241.428: Total time for which application threads were stopped: 0.0239600 seconds, Stopping threads took: 0.0000840 seconds
241.513: Application time: 0.0852980 seconds
241.513: [GC [PSYoungGen: 238576K->33760K(238592K)] 529269K->352215K(783360K), 0.0295180 secs] [Times: user=0.23 sys=0.00, real=0.03 secs] 
241.543: Total time for which application threads were stopped: 0.0297380 seconds, Stopping threads took: 0.0001040 seconds
241.623: Application time: 0.0805320 seconds
241.623: [GC [PSYoungGen: 238560K->33776K(238592K)] 557015K->363766K(783360K), 0.0206310 secs] [Times: user=0.17 sys=0.00, real=0.02 secs] 
241.644: Total time for which application threads were stopped: 0.0208470 seconds, Stopping threads took: 0.0001000 seconds
241.723: Application time: 0.0786440 seconds
241.723: [GC [PSYoungGen: 238576K->33792K(238592K)] 568566K->384063K(783360K), 0.0251260 secs] [Times: user=0.20 sys=0.00, real=0.02 secs] 
241.748: Total time for which application threads were stopped: 0.0253390 seconds, Stopping threads took: 0.0000970 seconds
241.827: Application time: 0.0789350 seconds
241.827: [GC [PSYoungGen: 238592K->33760K(238592K)] 588863K->399721K(783360K), 0.0236400 secs] [Times: user=0.18 sys=0.00, real=0.03 secs] 
241.851: Total time for which application threads were stopped: 0.0238640 seconds, Stopping threads took: 0.0000940 seconds
241.937: Application time: 0.0866000 seconds
241.938: [GC [PSYoungGen: 238560K->33760K(238592K)] 604521K->422619K(783360K), 0.0273450 secs] [Times: user=0.21 sys=0.00, real=0.03 secs] 
241.965: Total time for which application threads were stopped: 0.0275430 seconds, Stopping threads took: 0.0000830 seconds
242.043: Application time: 0.0780570 seconds
242.043: [GC [PSYoungGen: 238560K->33760K(238592K)] 627419K->432980K(783360K), 0.0225060 secs] [Times: user=0.17 sys=0.00, real=0.02 secs] 
242.066: Total time for which application threads were stopped: 0.0227200 seconds, Stopping threads took: 0.0001030 seconds
242.144: Application time: 0.0782300 seconds
242.144: [GC [PSYoungGen: 238560K->33776K(238592K)] 637780K->455350K(783360K), 0.0261540 secs] [Times: user=0.20 sys=0.00, real=0.03 secs] 
242.170: Total time for which application threads were stopped: 0.0263530 seconds, Stopping threads took: 0.0000850 seconds
242.249: Application time: 0.0788580 seconds
242.249: [GC [PSYoungGen: 238576K->33760K(238592K)] 660150K->468925K(783360K), 0.0232400 secs] [Times: user=0.18 sys=0.00, real=0.02 secs] 
242.273: Total time for which application threads were stopped: 0.0234250 seconds, Stopping threads took: 0.0000710 seconds
242.359: Application time: 0.0868120 seconds
242.360: [GC [PSYoungGen: 238560K->33776K(238592K)] 673725K->491112K(783360K), 0.0276000 secs] [Times: user=0.22 sys=0.00, real=0.03 secs] 
242.387: Total time for which application threads were stopped: 0.0278540 seconds, Stopping threads took: 0.0001230 seconds
242.464: Application time: 0.0769020 seconds
242.464: [GC [PSYoungGen: 238576K->33776K(238592K)] 695912K->500072K(783360K), 0.0213190 secs] [Times: user=0.16 sys=0.00, real=0.02 secs] 
242.486: Total time for which application threads were stopped: 0.0215290 seconds, Stopping threads took: 0.0000920 seconds
242.565: Application time: 0.0796800 seconds
242.566: [GC [PSYoungGen: 238576K->33776K(238592K)] 704872K->521286K(783360K), 0.0271190 secs] [Times: user=0.20 sys=0.00, real=0.03 secs] 
242.593: Total time for which application threads were stopped: 0.0273000 seconds, Stopping threads took: 0.0000670 seconds
242.672: Application time: 0.0793510 seconds
242.672: [GC [PSYoungGen: 238576K->33776K(238592K)] 726086K->538888K(783360K), 0.0253690 secs] [Times: user=0.20 sys=0.00, real=0.02 secs] 
242.698: Total time for which application threads were stopped: 0.0256000 seconds, Stopping threads took: 0.0001140 seconds
242.784: Application time: 0.0864590 seconds
242.784: [GC [PSYoungGen: 238576K->33776K(238592K)] 743688K->559075K(783360K), 0.0264070 secs] [Times: user=0.21 sys=0.00, real=0.03 secs] 
242.811: [Full GC [PSYoungGen: 33776K->0K(238592K)] [ParOldGen: 525299K->78991K(544768K)] 559075K->78991K(783360K) [PSPermGen: 8873K->8873K(21504K)], 0.0845410 secs] [Times: user=0.62 sys=0.00, real=0.08 secs] 
242.895: Total time for which application threads were stopped: 0.1112300 seconds, Stopping threads took: 0.0000980 seconds
242.971: Application time: 0.0761660 seconds
242.972: [GC [PSYoungGen: 204800K->14976K(238592K)] 283791K->93967K(783360K), 0.0063360 secs] [Times: user=0.04 sys=0.00, real=0.00 secs] 
242.978: Total time for which application threads were stopped: 0.0065560 seconds, Stopping threads took: 0.0000930 seconds
243.060: Application time: 0.0821640 seconds
243.060: [GC [PSYoungGen: 219776K->33760K(238592K)] 298767K->115831K(783360K), 0.0149490 secs] [Times: user=0.11 sys=0.00, real=0.02 secs] 
243.075: Total time for which application threads were stopped: 0.0151620 seconds, Stopping threads took: 0.0000990 seconds
243.154: Application time: 0.0783360 seconds
243.154: [GC [PSYoungGen: 238560K->33760K(238592K)] 320631K->132663K(783360K), 0.0195410 secs] [Times: user=0.15 sys=0.00, real=0.02 secs] 
243.173: Total time for which application threads were stopped: 0.0197500 seconds, Stopping threads took: 0.0000940 seconds
243.259: Application time: 0.0855050 seconds
243.259: [GC [PSYoungGen: 238560K->33760K(238592K)] 337463K->150482K(783360K), 0.0214010 secs] [Times: user=0.17 sys=0.00, real=0.02 secs] 
243.281: Total time for which application threads were stopped: 0.0216330 seconds, Stopping threads took: 0.0001150 seconds
243.356: Application time: 0.0758900 seconds
243.357: [GC [PSYoungGen: 238560K->33776K(238592K)] 355282K->160141K(783360K), 0.0189840 secs] [Times: user=0.12 sys=0.00, real=0.02 secs] 
243.376: Total time for which application threads were stopped: 0.0197240 seconds, Stopping threads took: 0.0006260 seconds
243.459: Application time: 0.0826800 seconds
243.459: [GC [PSYoungGen: 238576K->33760K(238592K)] 364941K->181247K(783360K), 0.0247540 secs] [Times: user=0.19 sys=0.00, real=0.03 secs] 
243.484: Total time for which application threads were stopped: 0.0249850 seconds, Stopping threads took: 0.0001150 seconds
243.563: Application time: 0.0789700 seconds
243.563: [GC [PSYoungGen: 238560K->33776K(238592K)] 386047K->205340K(783360K), 0.0240490 secs] [Times: user=0.19 sys=0.00, real=0.02 secs] 
243.587: Total time for which application threads were stopped: 0.0242850 seconds, Stopping threads took: 0.0001020 seconds
243.673: Application time: 0.0855560 seconds
243.680: [GC [PSYoungGen: 238576K->33776K(238592K)] 410140K->221290K(783360K), 0.0228570 secs] [Times: user=0.18 sys=0.00, real=0.03 secs] 
243.703: Total time for which application threads were stopped: 0.0303820 seconds, Stopping threads took: 0.0074110 seconds
243.777: Application time: 0.0742710 seconds
243.778: [GC [PSYoungGen: 238576K->33760K(238592K)] 426090K->234033K(783360K), 0.0208520 secs] [Times: user=0.16 sys=0.00, real=0.02 secs] 
243.798: Total time for which application threads were stopped: 0.0210560 seconds, Stopping threads took: 0.0000880 seconds
243.884: Application time: 0.0860310 seconds
243.885: [GC [PSYoungGen: 238560K->33776K(238592K)] 438833K->253263K(783360K), 0.0249380 secs] [Times: user=0.19 sys=0.00, real=0.03 secs] 
243.910: Total time for which application threads were stopped: 0.0251540 seconds, Stopping threads took: 0.0001000 seconds
243.990: Application time: 0.0805310 seconds
243.990: [GC [PSYoungGen: 238576K->33776K(238592K)] 458063K->275806K(783360K), 0.0266520 secs] [Times: user=0.21 sys=0.00, real=0.02 secs] 
244.017: Total time for which application threads were stopped: 0.0269060 seconds, Stopping threads took: 0.0001230 seconds
244.101: Application time: 0.0839710 seconds
244.101: [GC [PSYoungGen: 238576K->33760K(238592K)] 480606K->287653K(783360K), 0.0229930 secs] [Times: user=0.18 sys=0.00, real=0.02 secs] 
244.124: Total time for which application threads were stopped: 0.0232390 seconds, Stopping threads took: 0.0001170 seconds
244.199: Application time: 0.0744870 seconds
244.199: [GC [PSYoungGen: 238560K->33760K(238592K)] 492453K->307041K(783360K), 0.0242050 secs] [Times: user=0.19 sys=0.00, real=0.03 secs] 
244.223: Total time for which application threads were stopped: 0.0244030 seconds, Stopping threads took: 0.0000850 seconds
244.306: Application time: 0.0831770 seconds
244.306: [GC [PSYoungGen: 238560K->33776K(238592K)] 511841K->324020K(783360K), 0.0238400 secs] [Times: user=0.19 sys=0.00, real=0.03 secs] 
244.330: Total time for which application threads were stopped: 0.0240380 seconds, Stopping threads took: 0.0000810 seconds
244.412: Application time: 0.0820790 seconds
244.413: [GC [PSYoungGen: 238576K->33760K(238592K)] 528820K->347647K(783360K), 0.0265790 secs] [Times: user=0.21 sys=0.00, real=0.02 secs] 
244.439: Total time for which application threads were stopped: 0.0267820 seconds, Stopping threads took: 0.0000880 seconds
244.521: Application time: 0.0822220 seconds
244.522: [GC [PSYoungGen: 238560K->33792K(238592K)] 552447K->355719K(783360K), 0.0233480 secs] [Times: user=0.18 sys=0.00, real=0.02 secs] 
244.545: Total time for which application threads were stopped: 0.0235520 seconds, Stopping threads took: 0.0000890 seconds
244.622: Application time: 0.0764790 seconds
244.622: [GC [PSYoungGen: 238592K->33760K(238592K)] 560519K->378987K(783360K), 0.0269380 secs] [Times: user=0.21 sys=0.00, real=0.02 secs] 
244.649: Total time for which application threads were stopped: 0.0271630 seconds, Stopping threads took: 0.0000890 seconds
244.731: Application time: 0.0826470 seconds
244.731: [GC [PSYoungGen: 238560K->33760K(238592K)] 583787K->394210K(783360K), 0.0252180 secs] [Times: user=0.20 sys=0.00, real=0.02 secs] 
244.757: Total time for which application threads were stopped: 0.0254250 seconds, Stopping threads took: 0.0000910 seconds
244.839: Application time: 0.0824260 seconds
244.841: [GC [PSYoungGen: 238560K->33776K(238592K)] 599010K->418021K(783360K), 0.0292760 secs] [Times: user=0.22 sys=0.01, real=0.03 secs] 
244.871: Total time for which application threads were stopped: 0.0313430 seconds, Stopping threads took: 0.0019560 seconds
244.951: Application time: 0.0800110 seconds
244.951: [GC [PSYoungGen: 238576K->33760K(238592K)] 622821K->426729K(783360K), 0.0246910 secs] [Times: user=0.19 sys=0.00, real=0.02 secs] 
244.975: Total time for which application threads were stopped: 0.0249170 seconds, Stopping threads took: 0.0001110 seconds
245.054: Application time: 0.0786780 seconds
245.054: [GC [PSYoungGen: 238560K->33776K(238592K)] 631529K->449020K(783360K), 0.0286090 secs] [Times: user=0.23 sys=0.00, real=0.03 secs] 
245.083: Total time for which application threads were stopped: 0.0288100 seconds, Stopping threads took: 0.0000880 seconds
245.164: Application time: 0.0814760 seconds
245.165: [GC [PSYoungGen: 238576K->33776K(238592K)] 653820K->467799K(783360K), 0.0273390 secs] [Times: user=0.22 sys=0.00, real=0.03 secs] 
245.193: Total time for which application threads were stopped: 0.0281930 seconds, Stopping threads took: 0.0007250 seconds
245.275: Application time: 0.0827650 seconds
245.276: [GC [PSYoungGen: 238576K->33776K(238592K)] 672599K->491766K(783360K), 0.0294070 secs] [Times: user=0.24 sys=0.00, real=0.03 secs] 
245.305: Total time for which application threads were stopped: 0.0296330 seconds, Stopping threads took: 0.0001140 seconds
245.384: Application time: 0.0786600 seconds
245.384: [GC [PSYoungGen: 238576K->33776K(238592K)] 696566K->496186K(783360K), 0.0212890 secs] [Times: user=0.17 sys=0.00, real=0.02 secs] 
245.405: Total time for which application threads were stopped: 0.0215130 seconds, Stopping threads took: 0.0001050 seconds
245.485: Application time: 0.0799260 seconds
245.485: [GC [PSYoungGen: 238576K->33776K(238592K)] 700986K->522184K(783360K), 0.0296630 secs] [Times: user=0.23 sys=0.00, real=0.03 secs] 
245.515: Total time for which application threads were stopped: 0.0298920 seconds, Stopping threads took: 0.0001120 seconds
245.597: Application time: 0.0816640 seconds
245.597: [GC [PSYoungGen: 238576K->33776K(238592K)] 726984K->537298K(783360K), 0.0265110 secs] [Times: user=0.20 sys=0.00, real=0.03 secs] 
245.623: Total time for which application threads were stopped: 0.0267230 seconds, Stopping threads took: 0.0000970 seconds
245.706: Application time: 0.0826710 seconds
245.706: [GC [PSYoungGen: 238576K->33760K(238592K)] 742098K->561528K(783360K), 0.0295580 secs] [Times: user=0.23 sys=0.00, real=0.03 secs] 
245.736: [Full GC [PSYoungGen: 33760K->0K(238592K)] [ParOldGen: 527768K->77976K(544768K)] 561528K->77976K(783360K) [PSPermGen: 8873K->8873K(21504K)], 0.0842510 secs] [Times: user=0.61 sys=0.00, real=0.08 secs] 
245.820: Total time for which application threads were stopped: 0.1140840 seconds, Stopping threads took: 0.0000780 seconds
245.898: Application time: 0.0776260 seconds
245.898: [GC [PSYoungGen: 204800K->12896K(238592K)] 282776K->90872K(783360K), 0.0051590 secs] [Times: user=0.04 sys=0.00, real=0.01 secs] 
245.903: Total time for which application threads were stopped: 0.0053820 seconds, Stopping threads took: 0.0001090 seconds
245.983: Application time: 0.0800760 seconds
245.983: [GC [PSYoungGen: 217696K->33008K(238592K)] 295672K->110985K(783360K), 0.0134200 secs] [Times: user=0.11 sys=0.00, real=0.01 secs] 
245.997: Total time for which application threads were stopped: 0.0136220 seconds, Stopping threads took: 0.0000870 seconds
246.079: Application time: 0.0820150 seconds
246.079: [GC [PSYoungGen: 237808K->33776K(238592K)] 315785K->128784K(783360K), 0.0196240 secs] [Times: user=0.16 sys=0.00, real=0.02 secs] 
246.099: Total time for which application threads were stopped: 0.0198250 seconds, Stopping threads took: 0.0000920 seconds
246.182: Application time: 0.0837660 seconds
246.183: [GC [PSYoungGen: 238576K->33776K(238592K)] 333584K->149175K(783360K), 0.0221000 secs] [Times: user=0.17 sys=0.00, real=0.02 secs] 
246.205: Total time for which application threads were stopped: 0.0223310 seconds, Stopping threads took: 0.0001130 seconds
246.281: Application time: 0.0765730 seconds
246.282: [GC [PSYoungGen: 238576K->33760K(238592K)] 353975K->162545K(783360K), 0.0190560 secs] [Times: user=0.15 sys=0.00, real=0.01 secs] 
246.301: Total time for which application threads were stopped: 0.0192730 seconds, Stopping threads took: 0.0000860 seconds
246.381: Application time: 0.0805320 seconds
246.381: [GC [PSYoungGen: 238560K->33760K(238592K)] 367345K->182943K(783360K), 0.0231010 secs] [Times: user=0.18 sys=0.00, real=0.02 secs] 
246.405: Total time for which application threads were stopped: 0.0232930 seconds, Stopping threads took: 0.0000750 seconds
246.487: Application time: 0.0822950 seconds
246.489: [GC [PSYoungGen: 238560K->33776K(238592K)] 387743K->202155K(783360K), 0.0243570 secs] [Times: user=0.19 sys=0.00, real=0.02 secs] 
246.514: Total time for which application threads were stopped: 0.0267870 seconds, Stopping threads took: 0.0023150 seconds
246.597: Application time: 0.0836440 seconds
246.598: [GC [PSYoungGen: 238576K->33760K(238592K)] 406955K->222942K(783360K), 0.0259770 secs] [Times: user=0.20 sys=0.00, real=0.03 secs] 
246.624: Total time for which application threads were stopped: 0.0262870 seconds, Stopping threads took: 0.0001790 seconds
246.700: Application time: 0.0764060 seconds
246.700: [GC [PSYoungGen: 238560K->33760K(238592K)] 427742K->238404K(783360K), 0.0228420 secs] [Times: user=0.18 sys=0.00, real=0.03 secs] 
246.723: Total time for which application threads were stopped: 0.0230680 seconds, Stopping threads took: 0.0001110 seconds
246.804: Application time: 0.0806760 seconds
246.805: [GC [PSYoungGen: 238560K->33776K(238592K)] 443204K->256871K(783360K), 0.0245160 secs] [Times: user=0.19 sys=0.00, real=0.03 secs] 
246.830: Total time for which application threads were stopped: 0.0260740 seconds, Stopping threads took: 0.0014180 seconds
246.910: Application time: 0.0803550 seconds
246.910: [GC [PSYoungGen: 238576K->33776K(238592K)] 461671K->271814K(783360K), 0.0255040 secs] [Times: user=0.20 sys=0.00, real=0.02 secs] 
246.936: Total time for which application threads were stopped: 0.0257220 seconds, Stopping threads took: 0.0001030 seconds
247.020: Application time: 0.0843990 seconds
247.020: [GC [PSYoungGen: 238576K->33760K(238592K)] 476614K->293228K(783360K), 0.0265290 secs] [Times: user=0.21 sys=0.00, real=0.03 secs] 
247.047: Total time for which application threads were stopped: 0.0267270 seconds, Stopping threads took: 0.0000820 seconds
247.125: Application time: 0.0776830 seconds
247.125: [GC [PSYoungGen: 238560K->33760K(238592K)] 498028K->311458K(783360K), 0.0254380 secs] [Times: user=0.20 sys=0.00, real=0.03 secs] 
247.150: Total time for which application threads were stopped: 0.0256500 seconds, Stopping threads took: 0.0000940 seconds
247.231: Application time: 0.0804820 seconds
247.231: [GC [PSYoungGen: 238560K->33776K(238592K)] 516258K->331253K(783360K), 0.0265220 secs] [Times: user=0.21 sys=0.00, real=0.02 secs] 
247.258: Total time for which application threads were stopped: 0.0267340 seconds, Stopping threads took: 0.0000960 seconds
247.337: Application time: 0.0798820 seconds
247.338: [GC [PSYoungGen: 238576K->33776K(238592K)] 536053K->349132K(783360K), 0.0242280 secs] [Times: user=0.19 sys=0.00, real=0.03 secs] 
247.362: Total time for which application threads were stopped: 0.0244460 seconds, Stopping threads took: 0.0000900 seconds
247.446: Application time: 0.0841730 seconds
247.446: [GC [PSYoungGen: 238576K->33760K(238592K)] 553932K->370595K(783360K), 0.0269180 secs] [Times: user=0.21 sys=0.00, real=0.03 secs] 
247.473: Total time for which application threads were stopped: 0.0271130 seconds, Stopping threads took: 0.0000810 seconds
247.552: Application time: 0.0788650 seconds
247.552: [GC [PSYoungGen: 238560K->33760K(238592K)] 575395K->391321K(783360K), 0.0266580 secs] [Times: user=0.21 sys=0.00, real=0.02 secs] 
247.579: Total time for which application threads were stopped: 0.0268810 seconds, Stopping threads took: 0.0001080 seconds
247.660: Application time: 0.0806780 seconds
247.660: [GC [PSYoungGen: 238560K->33760K(238592K)] 596121K->407181K(783360K), 0.0247770 secs] [Times: user=0.20 sys=0.00, real=0.03 secs] 
247.685: Total time for which application threads were stopped: 0.0249960 seconds, Stopping threads took: 0.0001020 seconds
247.763: Application time: 0.0783740 seconds
247.763: [GC [PSYoungGen: 238560K->33760K(238592K)] 611981K->423412K(783360K), 0.0249130 secs] [Times: user=0.20 sys=0.00, real=0.02 secs] 
247.788: Total time for which application threads were stopped: 0.0251300 seconds, Stopping threads took: 0.0001020 seconds
247.873: Application time: 0.0846380 seconds
247.873: [GC [PSYoungGen: 238560K->33760K(238592K)] 628212K->440103K(783360K), 0.0268050 secs] [Times: user=0.22 sys=0.00, real=0.02 secs] 
247.900: Total time for which application threads were stopped: 0.0270110 seconds, Stopping threads took: 0.0000790 seconds
247.980: Application time: 0.0803830 seconds
247.980: [GC [PSYoungGen: 238560K->33760K(238592K)] 644903K->460682K(783360K), 0.0265950 secs] [Times: user=0.21 sys=0.00, real=0.03 secs] 
248.007: Total time for which application threads were stopped: 0.0268000 seconds, Stopping threads took: 0.0000900 seconds
248.086: Application time: 0.0795040 seconds
248.087: [GC [PSYoungGen: 238560K->33760K(238592K)] 665482K->476941K(783360K), 0.0253140 secs] [Times: user=0.20 sys=0.00, real=0.03 secs] 
248.112: Total time for which application threads were stopped: 0.0254980 seconds, Stopping threads took: 0.0000730 seconds
248.190: Application time: 0.0780070 seconds
248.190: [GC [PSYoungGen: 238560K->33776K(238592K)] 681741K->495919K(783360K), 0.0256590 secs] [Times: user=0.20 sys=0.00, real=0.02 secs] 
248.216: Total time for which application threads were stopped: 0.0258520 seconds, Stopping threads took: 0.0000720 seconds
248.300: Application time: 0.0844330 seconds
248.300: [GC [PSYoungGen: 238576K->33776K(238592K)] 700719K->512795K(783360K), 0.0258970 secs] [Times: user=0.20 sys=0.00, real=0.03 secs] 
248.326: Total time for which application threads were stopped: 0.0261090 seconds, Stopping threads took: 0.0001010 seconds
248.407: Application time: 0.0810250 seconds
248.408: [GC [PSYoungGen: 238576K->33760K(238592K)] 717595K->532530K(783360K), 0.0268360 secs] [Times: user=0.21 sys=0.00, real=0.03 secs] 
248.434: Total time for which application threads were stopped: 0.0270660 seconds, Stopping threads took: 0.0001010 seconds
248.513: Application time: 0.0789900 seconds
248.514: [GC [PSYoungGen: 238560K->33776K(238592K)] 737330K->552567K(783360K), 0.0274190 secs] [Times: user=0.21 sys=0.00, real=0.02 secs] 
248.541: Total time for which application threads were stopped: 0.0275970 seconds, Stopping threads took: 0.0000630 seconds
248.619: Application time: 0.0783690 seconds
248.620: [GC [PSYoungGen: 238576K->33760K(238592K)] 757367K->575446K(783360K), 0.0273410 secs] [Times: user=0.21 sys=0.00, real=0.03 secs] 
248.647: [Full GC [PSYoungGen: 33760K->0K(238592K)] [ParOldGen: 541686K->73748K(544768K)] 575446K->73748K(783360K) [PSPermGen: 8873K->8873K(21504K)], 0.0768220 secs] [Times: user=0.56 sys=0.00, real=0.08 secs] 
248.724: Total time for which application threads were stopped: 0.1044250 seconds, Stopping threads took: 0.0000760 seconds
248.808: Application time: 0.0839510 seconds
248.808: [GC [PSYoungGen: 204800K->20432K(238592K)] 278548K->94180K(783360K), 0.0085850 secs] [Times: user=0.07 sys=0.00, real=0.01 secs] 
248.817: Total time for which application threads were stopped: 0.0088060 seconds, Stopping threads took: 0.0001080 seconds
248.898: Application time: 0.0815470 seconds
248.898: [GC [PSYoungGen: 225232K->33776K(238592K)] 298980K->110332K(783360K), 0.0144250 secs] [Times: user=0.11 sys=0.00, real=0.02 secs] 
248.913: Total time for which application threads were stopped: 0.0146470 seconds, Stopping threads took: 0.0001070 seconds
248.991: Application time: 0.0785030 seconds
248.991: [GC [PSYoungGen: 238576K->33776K(238592K)] 315132K->128520K(783360K), 0.0203930 secs] [Times: user=0.15 sys=0.00, real=0.02 secs] 
249.012: Total time for which application threads were stopped: 0.0206180 seconds, Stopping threads took: 0.0000930 seconds
249.091: Application time: 0.0791070 seconds
249.091: [GC [PSYoungGen: 238576K->33760K(238592K)] 333320K->151346K(783360K), 0.0231310 secs] [Times: user=0.18 sys=0.00, real=0.02 secs] 
249.114: Total time for which application threads were stopped: 0.0233570 seconds, Stopping threads took: 0.0001130 seconds
249.199: Application time: 0.0845870 seconds
249.199: [GC [PSYoungGen: 238560K->33760K(238592K)] 356146K->167018K(783360K), 0.0213940 secs] [Times: user=0.16 sys=0.00, real=0.02 secs] 
249.221: Total time for which application threads were stopped: 0.0216170 seconds, Stopping threads took: 0.0001090 seconds
249.301: Application time: 0.0805100 seconds
249.301: [GC [PSYoungGen: 238560K->33760K(238592K)] 371818K->184824K(783360K), 0.0219440 secs] [Times: user=0.17 sys=0.00, real=0.02 secs] 
249.323: Total time for which application threads were stopped: 0.0221490 seconds, Stopping threads took: 0.0000910 seconds
249.402: Application time: 0.0785390 seconds
249.402: [GC [PSYoungGen: 238560K->33760K(238592K)] 389624K->202311K(783360K), 0.0230390 secs] [Times: user=0.18 sys=0.00, real=0.02 secs] 
249.425: Total time for which application threads were stopped: 0.0232360 seconds, Stopping threads took: 0.0000800 seconds
249.505: Application time: 0.0795210 seconds
249.505: [GC [PSYoungGen: 238560K->33760K(238592K)] 407111K->226689K(783360K), 0.0250660 secs] [Times: user=0.19 sys=0.00, real=0.03 secs] 
249.530: Total time for which application threads were stopped: 0.0252920 seconds, Stopping threads took: 0.0000950 seconds
249.614: Application time: 0.0840080 seconds
249.614: [GC [PSYoungGen: 238560K->33760K(238592K)] 431489K->239429K(783360K), 0.0217890 secs] [Times: user=0.17 sys=0.00, real=0.02 secs] 
249.636: Total time for which application threads were stopped: 0.0219840 seconds, Stopping threads took: 0.0000820 seconds
249.717: Application time: 0.0811940 seconds
249.717: [GC [PSYoungGen: 238560K->33760K(238592K)] 444229K->257155K(783360K), 0.0247020 secs] [Times: user=0.19 sys=0.00, real=0.03 secs] 
249.742: Total time for which application threads were stopped: 0.0249290 seconds, Stopping threads took: 0.0001120 seconds
249.820: Application time: 0.0783090 seconds
249.820: [GC [PSYoungGen: 238560K->33776K(238592K)] 461955K->272999K(783360K), 0.0253670 secs] [Times: user=0.20 sys=0.00, real=0.03 secs] 
249.846: Total time for which application threads were stopped: 0.0255620 seconds, Stopping threads took: 0.0000820 seconds
249.926: Application time: 0.0797220 seconds
249.926: [GC [PSYoungGen: 238576K->33760K(238592K)] 477799K->296705K(783360K), 0.0271250 secs] [Times: user=0.21 sys=0.00, real=0.03 secs] 
249.953: Total time for which application threads were stopped: 0.0273240 seconds, Stopping threads took: 0.0000830 seconds
250.037: Application time: 0.0841050 seconds
250.041: [GC [PSYoungGen: 238560K->33776K(238592K)] 501505K->312859K(783360K), 0.0254700 secs] [Times: user=0.20 sys=0.00, real=0.02 secs] 
250.067: Total time for which application threads were stopped: 0.0297330 seconds, Stopping threads took: 0.0041320 seconds
250.147: Application time: 0.0805890 seconds
250.147: [GC [PSYoungGen: 238576K->33776K(238592K)] 517659K->325599K(783360K), 0.0239180 secs] [Times: user=0.19 sys=0.00, real=0.03 secs] 
250.171: Total time for which application threads were stopped: 0.0241350 seconds, Stopping threads took: 0.0001010 seconds
250.249: Application time: 0.0774440 seconds
250.249: [GC [PSYoungGen: 238576K->33776K(238592K)] 530399K->343597K(783360K), 0.0260340 secs] [Times: user=0.20 sys=0.00, real=0.02 secs] 
250.275: Total time for which application threads were stopped: 0.0262640 seconds, Stopping threads took: 0.0001040 seconds
250.356: Application time: 0.0805340 seconds
250.357: [GC [PSYoungGen: 238576K->33776K(238592K)] 548397K->370769K(783360K), 0.0295060 secs] [Times: user=0.23 sys=0.00, real=0.03 secs] 
250.387: Total time for which application threads were stopped: 0.0310170 seconds, Stopping threads took: 0.0013970 seconds
250.471: Application time: 0.0839150 seconds
250.471: [GC [PSYoungGen: 238576K->33760K(238592K)] 575569K->386324K(783360K), 0.0248390 secs] [Times: user=0.20 sys=0.00, real=0.02 secs] 
250.496: Total time for which application threads were stopped: 0.0250420 seconds, Stopping threads took: 0.0000890 seconds
250.576: Application time: 0.0798250 seconds
250.576: [GC [PSYoungGen: 238560K->33776K(238592K)] 591124K->396739K(783360K), 0.0254550 secs] [Times: user=0.20 sys=0.00, real=0.03 secs] 
250.601: Total time for which application threads were stopped: 0.0256680 seconds, Stopping threads took: 0.0000900 seconds
250.678: Application time: 0.0767440 seconds
250.678: [GC [PSYoungGen: 238576K->33776K(238592K)] 601539K->409443K(783360K), 0.0248460 secs] [Times: user=0.18 sys=0.00, real=0.03 secs] 
250.703: Total time for which application threads were stopped: 0.0250410 seconds, Stopping threads took: 0.0000810 seconds
250.786: Application time: 0.0826090 seconds
250.786: [GC [PSYoungGen: 238576K->33760K(238592K)] 614243K->436816K(783360K), 0.0297700 secs] [Times: user=0.23 sys=0.00, real=0.03 secs] 
250.816: Total time for which application threads were stopped: 0.0299730 seconds, Stopping threads took: 0.0000880 seconds
250.900: Application time: 0.0840570 seconds
250.900: [GC [PSYoungGen: 238560K->33776K(238592K)] 641616K->450788K(783360K), 0.0241570 secs] [Times: user=0.19 sys=0.00, real=0.03 secs] 
250.924: Total time for which application threads were stopped: 0.0243670 seconds, Stopping threads took: 0.0000940 seconds
251.003: Application time: 0.0790910 seconds
251.003: [GC [PSYoungGen: 238576K->33776K(238592K)] 655588K->465750K(783360K), 0.0248970 secs] [Times: user=0.19 sys=0.00, real=0.02 secs] 
251.028: Total time for which application threads were stopped: 0.0251210 seconds, Stopping threads took: 0.0000990 seconds
251.104: Application time: 0.0758850 seconds
251.104: [GC [PSYoungGen: 238576K->33776K(238592K)] 670550K->480468K(783360K), 0.0251350 secs] [Times: user=0.20 sys=0.00, real=0.03 secs] 
251.129: Total time for which application threads were stopped: 0.0253590 seconds, Stopping threads took: 0.0000930 seconds
251.215: Application time: 0.0852730 seconds
251.215: [GC [PSYoungGen: 238576K->33776K(238592K)] 685268K->510590K(783360K), 0.0309670 secs] [Times: user=0.24 sys=0.00, real=0.03 secs] 
251.246: Total time for which application threads were stopped: 0.0311730 seconds, Stopping threads took: 0.0000910 seconds
251.329: Application time: 0.0826120 seconds
251.329: [GC [PSYoungGen: 238576K->33792K(238592K)] 715390K->525957K(783360K), 0.0239910 secs] [Times: user=0.19 sys=0.00, real=0.03 secs] 
251.353: Total time for which application threads were stopped: 0.0241740 seconds, Stopping threads took: 0.0000700 seconds
251.431: Application time: 0.0778400 seconds
251.431: [GC [PSYoungGen: 238592K->33776K(238592K)] 730757K->535137K(783360K), 0.0224270 secs] [Times: user=0.18 sys=0.00, real=0.02 secs] 
251.453: Total time for which application threads were stopped: 0.0226510 seconds, Stopping threads took: 0.0001110 seconds
251.528: Application time: 0.0748980 seconds
251.529: [GC [PSYoungGen: 238576K->33760K(238592K)] 739937K->551859K(783360K), 0.0255760 secs] [Times: user=0.20 sys=0.00, real=0.02 secs] 
251.555: [Full GC [PSYoungGen: 33760K->0K(238592K)] [ParOldGen: 518099K->81952K(544768K)] 551859K->81952K(783360K) [PSPermGen: 8873K->8873K(21504K)], 0.0869550 secs] [Times: user=0.63 sys=0.00, real=0.09 secs] 
251.642: Total time for which application threads were stopped: 0.1137620 seconds, Stopping threads took: 0.0010420 seconds
251.730: Application time: 0.0882600 seconds
251.730: [GC [PSYoungGen: 204800K->31824K(238592K)] 286752K->113776K(783360K), 0.0134630 secs] [Times: user=0.10 sys=0.00, real=0.01 secs] 
251.744: Total time for which application threads were stopped: 0.0136870 seconds, Stopping threads took: 0.0000950 seconds
251.827: Application time: 0.0828610 seconds
251.827: [GC [PSYoungGen: 236624K->33760K(238592K)] 318576K->130191K(783360K), 0.0191070 secs] [Times: user=0.15 sys=0.00, real=0.02 secs] 
251.846: Total time for which application threads were stopped: 0.0193210 seconds, Stopping threads took: 0.0000990 seconds
251.921: Application time: 0.0753780 seconds
251.922: [GC [PSYoungGen: 238560K->33760K(238592K)] 334991K->140728K(783360K), 0.0180690 secs] [Times: user=0.14 sys=0.00, real=0.01 secs] 
251.940: Total time for which application threads were stopped: 0.0182930 seconds, Stopping threads took: 0.0001090 seconds
252.015: Application time: 0.0755740 seconds
252.015: [GC [PSYoungGen: 238560K->33760K(238592K)] 345528K->159011K(783360K), 0.0216270 secs] [Times: user=0.17 sys=0.00, real=0.02 secs] 
252.037: Total time for which application threads were stopped: 0.0218190 seconds, Stopping threads took: 0.0000680 seconds
252.126: Application time: 0.0894090 seconds
252.127: [GC [PSYoungGen: 238560K->33760K(238592K)] 363811K->184770K(783360K), 0.0259490 secs] [Times: user=0.20 sys=0.00, real=0.03 secs] 
252.153: Total time for which application threads were stopped: 0.0261920 seconds, Stopping threads took: 0.0001280 seconds
252.235: Application time: 0.0827870 seconds
252.236: [GC [PSYoungGen: 238560K->33776K(238592K)] 389570K->199592K(783360K), 0.0217750 secs] [Times: user=0.17 sys=0.00, real=0.02 secs] 
252.257: Total time for which application threads were stopped: 0.0220140 seconds, Stopping threads took: 0.0001110 seconds
252.332: Application time: 0.0741280 seconds
252.332: [GC [PSYoungGen: 238576K->33760K(238592K)] 404392K->213525K(783360K), 0.0220940 secs] [Times: user=0.18 sys=0.00, real=0.02 secs] 
252.354: Total time for which application threads were stopped: 0.0223200 seconds, Stopping threads took: 0.0001120 seconds
252.430: Application time: 0.0755830 seconds
252.430: [GC [PSYoungGen: 238560K->33776K(238592K)] 418325K->233260K(783360K), 0.0241960 secs] [Times: user=0.19 sys=0.00, real=0.02 secs] 
252.454: Total time for which application threads were stopped: 0.0243950 seconds, Stopping threads took: 0.0000860 seconds
252.544: Application time: 0.0896870 seconds
252.544: [GC [PSYoungGen: 238576K->33776K(238592K)] 438060K->255395K(783360K), 0.0261650 secs] [Times: user=0.20 sys=0.00, real=0.03 secs] 
252.570: Total time for which application threads were stopped: 0.0263710 seconds, Stopping threads took: 0.0000910 seconds
252.652: Application time: 0.0816340 seconds
252.652: [GC [PSYoungGen: 238576K->33776K(238592K)] 460195K->274045K(783360K), 0.0255490 secs] [Times: user=0.20 sys=0.00, real=0.02 secs] 
252.677: Total time for which application threads were stopped: 0.0257610 seconds, Stopping threads took: 0.0000990 seconds
252.752: Application time: 0.0745890 seconds
252.752: [GC [PSYoungGen: 238576K->33776K(238592K)] 478845K->288884K(783360K), 0.0216260 secs] [Times: user=0.17 sys=0.00, real=0.02 secs] 
252.774: Total time for which application threads were stopped: 0.0218500 seconds, Stopping threads took: 0.0000960 seconds
252.850: Application time: 0.0763090 seconds
252.850: [GC [PSYoungGen: 238576K->33776K(238592K)] 493684K->311039K(783360K), 0.0256660 secs] [Times: user=0.19 sys=0.00, real=0.02 secs] 
252.876: Total time for which application threads were stopped: 0.0258590 seconds, Stopping threads took: 0.0000780 seconds
252.967: Application time: 0.0908130 seconds
252.967: [GC [PSYoungGen: 238576K->33776K(238592K)] 515839K->333469K(783360K), 0.0257710 secs] [Times: user=0.21 sys=0.00, real=0.03 secs] 
252.993: Total time for which application threads were stopped: 0.0260190 seconds, Stopping threads took: 0.0001290 seconds
253.074: Application time: 0.0816690 seconds
253.075: [GC [PSYoungGen: 238576K->33760K(238592K)] 538269K->350388K(783360K), 0.0248880 secs] [Times: user=0.20 sys=0.00, real=0.02 secs] 
253.100: Total time for which application threads were stopped: 0.0250990 seconds, Stopping threads took: 0.0000940 seconds
253.173: Application time: 0.0730100 seconds
253.177: [GC [PSYoungGen: 238560K->33760K(238592K)] 555188K->366578K(783360K), 0.0245810 secs] [Times: user=0.19 sys=0.00, real=0.03 secs] 
253.202: Total time for which application threads were stopped: 0.0291880 seconds, Stopping threads took: 0.0044940 seconds
253.280: Application time: 0.0777270 seconds
253.280: [GC [PSYoungGen: 238560K->33776K(238592K)] 571378K->393876K(783360K), 0.0285580 secs] [Times: user=0.22 sys=0.00, real=0.03 secs] 
253.308: Total time for which application threads were stopped: 0.0287940 seconds, Stopping threads took: 0.0001080 seconds
253.398: Application time: 0.0900700 seconds
253.399: [GC [PSYoungGen: 238576K->33776K(238592K)] 598676K->405883K(783360K), 0.0233960 secs] [Times: user=0.18 sys=0.00, real=0.03 secs] 
253.422: Total time for which application threads were stopped: 0.0236020 seconds, Stopping threads took: 0.0000880 seconds
253.503: Application time: 0.0814340 seconds
253.504: [GC [PSYoungGen: 238576K->33760K(238592K)] 610683K->418159K(783360K), 0.0237470 secs] [Times: user=0.18 sys=0.00, real=0.02 secs] 
253.527: Total time for which application threads were stopped: 0.0239560 seconds, Stopping threads took: 0.0001010 seconds
253.600: Application time: 0.0726990 seconds
253.600: [GC [PSYoungGen: 238560K->33760K(238592K)] 622959K->434677K(783360K), 0.0245710 secs] [Times: user=0.20 sys=0.00, real=0.03 secs] 
253.625: Total time for which application threads were stopped: 0.0247740 seconds, Stopping threads took: 0.0000940 seconds
253.706: Application time: 0.0814990 seconds
253.707: [GC [PSYoungGen: 238560K->33760K(238592K)] 639477K->463515K(783360K), 0.0296310 secs] [Times: user=0.23 sys=0.00, real=0.03 secs] 
253.736: Total time for which application threads were stopped: 0.0298190 seconds, Stopping threads took: 0.0000740 seconds
253.824: Application time: 0.0879270 seconds
253.824: [GC [PSYoungGen: 238560K->33776K(238592K)] 668315K->473796K(783360K), 0.0221520 secs] [Times: user=0.18 sys=0.00, real=0.02 secs] 
253.847: Total time for which application threads were stopped: 0.0223910 seconds, Stopping threads took: 0.0001080 seconds
253.927: Application time: 0.0805300 seconds
253.927: [GC [PSYoungGen: 238576K->33776K(238592K)] 678596K->486574K(783360K), 0.0240130 secs] [Times: user=0.19 sys=0.00, real=0.03 secs] 
253.951: Total time for which application threads were stopped: 0.0242200 seconds, Stopping threads took: 0.0000920 seconds
254.024: Application time: 0.0724930 seconds
254.024: [GC [PSYoungGen: 238576K->33760K(238592K)] 691374K->503028K(783360K), 0.0253480 secs] [Times: user=0.20 sys=0.00, real=0.03 secs] 
254.049: Total time for which application threads were stopped: 0.0255480 seconds, Stopping threads took: 0.0000840 seconds
254.134: Application time: 0.0846290 seconds
254.134: [GC [PSYoungGen: 238560K->33760K(238592K)] 707828K->532558K(783360K), 0.0305670 secs] [Times: user=0.24 sys=0.00, real=0.03 secs] 
254.165: Total time for which application threads were stopped: 0.0308080 seconds, Stopping threads took: 0.0001290 seconds
254.251: Application time: 0.0862080 seconds
254.251: [GC [PSYoungGen: 238560K->33760K(238592K)] 737358K->541351K(783360K), 0.0213680 secs] [Times: user=0.17 sys=0.00, real=0.02 secs] 
254.273: Total time for which application threads were stopped: 0.0215710 seconds, Stopping threads took: 0.0000890 seconds
254.352: Application time: 0.0793540 seconds
254.352: [GC [PSYoungGen: 238560K->33776K(238592K)] 746151K->550513K(783360K), 0.0223750 secs] [Times: user=0.18 sys=0.00, real=0.02 secs] 
254.375: [Full GC [PSYoungGen: 33776K->0K(238592K)] [ParOldGen: 516737K->78340K(544768K)] 550513K->78340K(783360K) [PSPermGen: 8873K->8873K(21504K)], 0.0852250 secs] [Times: user=0.62 sys=0.00, real=0.08 secs] 
254.460: Total time for which application threads were stopped: 0.1079470 seconds, Stopping threads took: 0.0001220 seconds
254.533: Application time: 0.0730910 seconds
254.533: [GC [PSYoungGen: 204800K->17584K(238592K)] 283140K->95924K(783360K), 0.0075700 secs] [Times: user=0.06 sys=0.00, real=0.00 secs] 
254.541: Total time for which application threads were stopped: 0.0078090 seconds, Stopping threads took: 0.0001230 seconds
254.628: Application time: 0.0875510 seconds
254.628: [GC [PSYoungGen: 222384K->33760K(238592K)] 300724K->127089K(783360K), 0.0196130 secs] [Times: user=0.15 sys=0.00, real=0.02 secs] 
254.648: Total time for which application threads were stopped: 0.0198150 seconds, Stopping threads took: 0.0000880 seconds
254.733: Application time: 0.0850050 seconds
254.733: [GC [PSYoungGen: 238560K->33776K(238592K)] 331889K->142701K(783360K), 0.0200030 secs] [Times: user=0.16 sys=0.00, real=0.02 secs] 
254.753: Total time for which application threads were stopped: 0.0202090 seconds, Stopping threads took: 0.0000920 seconds
254.831: Application time: 0.0772140 seconds
254.831: [GC [PSYoungGen: 238576K->33776K(238592K)] 347501K->151017K(783360K), 0.0186550 secs] [Times: user=0.14 sys=0.00, real=0.02 secs] 
254.849: Total time for which application threads were stopped: 0.0188690 seconds, Stopping threads took: 0.0001030 seconds
254.922: Application time: 0.0724570 seconds
254.922: [GC [PSYoungGen: 238576K->33776K(238592K)] 355817K->166280K(783360K), 0.0219190 secs] [Times: user=0.17 sys=0.00, real=0.02 secs] 
254.944: Total time for which application threads were stopped: 0.0221390 seconds, Stopping threads took: 0.0000900 seconds
255.034: Application time: 0.0901300 seconds
255.034: [GC [PSYoungGen: 238576K->33776K(238592K)] 371080K->197077K(783360K), 0.0294170 secs] [Times: user=0.22 sys=0.00, real=0.03 secs] 
255.064: Total time for which application threads were stopped: 0.0296150 seconds, Stopping threads took: 0.0000830 seconds
255.148: Application time: 0.0842070 seconds
255.148: [GC [PSYoungGen: 238576K->33760K(238592K)] 401877K->215416K(783360K), 0.0228830 secs] [Times: user=0.18 sys=0.00, real=0.03 secs] 
255.171: Total time for which application threads were stopped: 0.0231010 seconds, Stopping threads took: 0.0001020 seconds
255.246: Application time: 0.0749340 seconds
255.246: [GC [PSYoungGen: 238560K->33760K(238592K)] 420216K->224332K(783360K), 0.0197350 secs] [Times: user=0.15 sys=0.00, real=0.02 secs] 
255.266: Total time for which application threads were stopped: 0.0199510 seconds, Stopping threads took: 0.0001010 seconds
255.338: Application time: 0.0724120 seconds
255.339: [GC [PSYoungGen: 238560K->33776K(238592K)] 429132K->241162K(783360K), 0.0231800 secs] [Times: user=0.18 sys=0.00, real=0.03 secs] 
255.362: Total time for which application threads were stopped: 0.0234210 seconds, Stopping threads took: 0.0001250 seconds
255.454: Application time: 0.0920130 seconds
255.454: [GC [PSYoungGen: 238576K->33760K(238592K)] 445962K->271447K(783360K), 0.0292400 secs] [Times: user=0.22 sys=0.00, real=0.03 secs] 
255.483: Total time for which application threads were stopped: 0.0294560 seconds, Stopping threads took: 0.0000860 seconds
255.567: Application time: 0.0839120 seconds
255.567: [GC [PSYoungGen: 238560K->33760K(238592K)] 476247K->288444K(783360K), 0.0234310 secs] [Times: user=0.18 sys=0.00, real=0.03 secs] 
255.591: Total time for which application threads were stopped: 0.0236390 seconds, Stopping threads took: 0.0000900 seconds
255.664: Application time: 0.0731330 seconds
255.665: [GC [PSYoungGen: 238560K->33776K(238592K)] 493244K->296160K(783360K), 0.0206280 secs] [Times: user=0.17 sys=0.00, real=0.02 secs] 
255.686: Total time for which application threads were stopped: 0.0218760 seconds, Stopping threads took: 0.0011340 seconds
255.760: Application time: 0.0738400 seconds
255.760: [GC [PSYoungGen: 238576K->33760K(238592K)] 500960K->318094K(783360K), 0.0257850 secs] [Times: user=0.21 sys=0.00, real=0.03 secs] 
255.786: Total time for which application threads were stopped: 0.0260160 seconds, Stopping threads took: 0.0001170 seconds
255.879: Application time: 0.0929620 seconds
255.879: [GC [PSYoungGen: 238560K->33776K(238592K)] 522894K->344445K(783360K), 0.0282780 secs] [Times: user=0.22 sys=0.00, real=0.03 secs] 
255.907: Total time for which application threads were stopped: 0.0285050 seconds, Stopping threads took: 0.0001110 seconds
255.991: Application time: 0.0837940 seconds
255.991: [GC [PSYoungGen: 238576K->33760K(238592K)] 549245K->363388K(783360K), 0.0255320 secs] [Times: user=0.20 sys=0.00, real=0.02 secs] 
256.017: Total time for which application threads were stopped: 0.0257600 seconds, Stopping threads took: 0.0000980 seconds
256.088: Application time: 0.0717070 seconds
256.089: [GC [PSYoungGen: 238560K->33760K(238592K)] 568188K->371587K(783360K), 0.0212260 secs] [Times: user=0.17 sys=0.00, real=0.03 secs] 
256.110: Total time for which application threads were stopped: 0.0214260 seconds, Stopping threads took: 0.0000860 seconds
256.185: Application time: 0.0750120 seconds
256.185: [GC [PSYoungGen: 238560K->33776K(238592K)] 576387K->395823K(783360K), 0.0275280 secs] [Times: user=0.21 sys=0.00, real=0.03 secs] 
256.213: Total time for which application threads were stopped: 0.0277340 seconds, Stopping threads took: 0.0000900 seconds
256.305: Application time: 0.0923390 seconds
256.305: [GC [PSYoungGen: 238576K->33760K(238592K)] 600623K->417774K(783360K), 0.0269280 secs] [Times: user=0.21 sys=0.00, real=0.03 secs] 
256.332: Total time for which application threads were stopped: 0.0271390 seconds, Stopping threads took: 0.0000930 seconds
256.414: Application time: 0.0821120 seconds
256.417: [GC [PSYoungGen: 238560K->33760K(238592K)] 622574K->431741K(783360K), 0.0236040 secs] [Times: user=0.19 sys=0.00, real=0.02 secs] 
256.441: Total time for which application threads were stopped: 0.0266310 seconds, Stopping threads took: 0.0029110 seconds
256.512: Application time: 0.0707060 seconds
256.512: [GC [PSYoungGen: 238560K->33760K(238592K)] 636541K->441392K(783360K), 0.0233990 secs] [Times: user=0.19 sys=0.00, real=0.02 secs] 
256.535: Total time for which application threads were stopped: 0.0236330 seconds, Stopping threads took: 0.0001100 seconds
256.613: Application time: 0.0778020 seconds
256.613: [GC [PSYoungGen: 238560K->33760K(238592K)] 646192K->472038K(783360K), 0.0308440 secs] [Times: user=0.24 sys=0.00, real=0.03 secs] 
256.644: Total time for which application threads were stopped: 0.0310580 seconds, Stopping threads took: 0.0001000 seconds
256.736: Application time: 0.0923850 seconds
256.737: [GC [PSYoungGen: 238560K->33760K(238592K)] 676838K->489732K(783360K), 0.0253620 secs] [Times: user=0.20 sys=0.00, real=0.03 secs] 
256.762: Total time for which application threads were stopped: 0.0255720 seconds, Stopping threads took: 0.0000960 seconds
256.843: Application time: 0.0811520 seconds
256.843: [GC [PSYoungGen: 238560K->33760K(238592K)] 694532K->502456K(783360K), 0.0240780 secs] [Times: user=0.19 sys=0.00, real=0.02 secs] 
256.867: Total time for which application threads were stopped: 0.0242840 seconds, Stopping threads took: 0.0000910 seconds
256.937: Application time: 0.0698240 seconds
256.937: [GC [PSYoungGen: 238560K->33776K(238592K)] 707256K->512766K(783360K), 0.0241360 secs] [Times: user=0.18 sys=0.00, real=0.03 secs] 
256.962: Total time for which application threads were stopped: 0.0242980 seconds, Stopping threads took: 0.0000490 seconds
257.043: Application time: 0.0810410 seconds
257.043: [GC [PSYoungGen: 238576K->33760K(238592K)] 717566K->547260K(783360K), 0.0334920 secs] [Times: user=0.26 sys=0.00, real=0.03 secs] 
257.076: [Full GC [PSYoungGen: 33760K->0K(238592K)] [ParOldGen: 513500K->75162K(544768K)] 547260K->75162K(783360K) [PSPermGen: 8873K->8873K(21504K)], 0.0783260 secs] [Times: user=0.57 sys=0.00, real=0.08 secs] 
257.155: Total time for which application threads were stopped: 0.1121080 seconds, Stopping threads took: 0.0000960 seconds
257.246: Application time: 0.0908040 seconds
257.246: [GC [PSYoungGen: 204800K->21120K(238592K)] 279962K->96282K(783360K), 0.0087770 secs] [Times: user=0.07 sys=0.00, real=0.01 secs] 
257.255: Total time for which application threads were stopped: 0.0089900 seconds, Stopping threads took: 0.0000980 seconds
257.335: Application time: 0.0799960 seconds
257.335: [GC [PSYoungGen: 225920K->33760K(238592K)] 301082K->109170K(783360K), 0.0136440 secs] [Times: user=0.10 sys=0.00, real=0.01 secs] 
257.348: Total time for which application threads were stopped: 0.0138420 seconds, Stopping threads took: 0.0000820 seconds
257.418: Application time: 0.0693520 seconds
257.418: [GC [PSYoungGen: 238560K->33776K(238592K)] 313970K->122901K(783360K), 0.0178340 secs] [Times: user=0.14 sys=0.00, real=0.02 secs] 
257.436: Total time for which application threads were stopped: 0.0180590 seconds, Stopping threads took: 0.0001070 seconds
257.520: Application time: 0.0844350 seconds
257.520: [GC [PSYoungGen: 238576K->33760K(238592K)] 327701K->150783K(783360K), 0.0247500 secs] [Times: user=0.19 sys=0.00, real=0.03 secs] 
257.545: Total time for which application threads were stopped: 0.0249630 seconds, Stopping threads took: 0.0001000 seconds
257.636: Application time: 0.0904640 seconds
257.637: [GC [PSYoungGen: 238560K->33776K(238592K)] 355583K->165539K(783360K), 0.0201330 secs] [Times: user=0.15 sys=0.00, real=0.02 secs] 
257.657: Total time for which application threads were stopped: 0.0217050 seconds, Stopping threads took: 0.0014460 seconds
257.735: Application time: 0.0780460 seconds
257.736: [GC [PSYoungGen: 238576K->33776K(238592K)] 370339K->176659K(783360K), 0.0195860 secs] [Times: user=0.15 sys=0.00, real=0.02 secs] 
257.755: Total time for which application threads were stopped: 0.0197880 seconds, Stopping threads took: 0.0000880 seconds
257.824: Application time: 0.0685980 seconds
257.824: [GC [PSYoungGen: 238576K->33760K(238592K)] 381459K->194211K(783360K), 0.0213600 secs] [Times: user=0.17 sys=0.00, real=0.02 secs] 
257.845: Total time for which application threads were stopped: 0.0215700 seconds, Stopping threads took: 0.0000960 seconds
257.933: Application time: 0.0878370 seconds
257.933: [GC [PSYoungGen: 238560K->33760K(238592K)] 399011K->224795K(783360K), 0.0282090 secs] [Times: user=0.21 sys=0.00, real=0.03 secs] 
257.962: Total time for which application threads were stopped: 0.0284310 seconds, Stopping threads took: 0.0001000 seconds
258.050: Application time: 0.0881720 seconds
258.050: [GC [PSYoungGen: 238560K->33760K(238592K)] 429595K->241271K(783360K), 0.0229740 secs] [Times: user=0.18 sys=0.00, real=0.02 secs] 
258.073: Total time for which application threads were stopped: 0.0232110 seconds, Stopping threads took: 0.0001210 seconds
258.150: Application time: 0.0768980 seconds
258.150: [GC [PSYoungGen: 238560K->33760K(238592K)] 446071K->250030K(783360K), 0.0203470 secs] [Times: user=0.16 sys=0.00, real=0.02 secs] 
258.171: Total time for which application threads were stopped: 0.0205700 seconds, Stopping threads took: 0.0000930 seconds
258.240: Application time: 0.0695100 seconds
258.240: [GC [PSYoungGen: 238560K->33776K(238592K)] 454830K->270029K(783360K), 0.0249200 secs] [Times: user=0.19 sys=0.00, real=0.03 secs] 
258.265: Total time for which application threads were stopped: 0.0251180 seconds, Stopping threads took: 0.0000890 seconds
258.355: Application time: 0.0900470 seconds
258.357: [GC [PSYoungGen: 238576K->33776K(238592K)] 474829K->299212K(783360K), 0.0290460 secs] [Times: user=0.23 sys=0.00, real=0.03 secs] 
258.386: Total time for which application threads were stopped: 0.0310820 seconds, Stopping threads took: 0.0019230 seconds
258.472: Application time: 0.0856880 seconds
258.472: [GC [PSYoungGen: 238576K->33776K(238592K)] 504012K->313327K(783360K), 0.0210960 secs] [Times: user=0.16 sys=0.00, real=0.02 secs] 
258.493: Total time for which application threads were stopped: 0.0213090 seconds, Stopping threads took: 0.0000980 seconds
258.569: Application time: 0.0753000 seconds
258.569: [GC [PSYoungGen: 238576K->33776K(238592K)] 518127K->321574K(783360K), 0.0198710 secs] [Times: user=0.15 sys=0.00, real=0.02 secs] 
258.589: Total time for which application threads were stopped: 0.0200870 seconds, Stopping threads took: 0.0001010 seconds
258.661: Application time: 0.0719960 seconds
258.661: [GC [PSYoungGen: 238576K->33760K(238592K)] 526374K->341356K(783360K), 0.0243230 secs] [Times: user=0.19 sys=0.00, real=0.03 secs] 
258.685: Total time for which application threads were stopped: 0.0245570 seconds, Stopping threads took: 0.0001050 seconds
258.778: Application time: 0.0926210 seconds
258.778: [GC [PSYoungGen: 238560K->33760K(238592K)] 546156K->370715K(783360K), 0.0293730 secs] [Times: user=0.23 sys=0.00, real=0.03 secs] 
258.807: Total time for which application threads were stopped: 0.0295780 seconds, Stopping threads took: 0.0000880 seconds
258.891: Application time: 0.0838750 seconds
258.891: [GC [PSYoungGen: 238560K->33760K(238592K)] 575515K->383998K(783360K), 0.0224760 secs] [Times: user=0.18 sys=0.00, real=0.02 secs] 
258.914: Total time for which application threads were stopped: 0.0226930 seconds, Stopping threads took: 0.0001010 seconds
258.988: Application time: 0.0742600 seconds
258.988: [GC [PSYoungGen: 238560K->33760K(238592K)] 588798K->391085K(783360K), 0.0205100 secs] [Times: user=0.16 sys=0.00, real=0.02 secs] 
259.009: Total time for which application threads were stopped: 0.0207370 seconds, Stopping threads took: 0.0001100 seconds
259.083: Application time: 0.0737880 seconds
259.083: [GC [PSYoungGen: 238560K->33760K(238592K)] 595885K->411536K(783360K), 0.0255600 secs] [Times: user=0.20 sys=0.00, real=0.02 secs] 
259.109: Total time for which application threads were stopped: 0.0257560 seconds, Stopping threads took: 0.0000840 seconds
259.202: Application time: 0.0932910 seconds
259.202: [GC [PSYoungGen: 238560K->33776K(238592K)] 616336K->436210K(783360K), 0.0271340 secs] [Times: user=0.21 sys=0.00, real=0.03 secs] 
259.229: Total time for which application threads were stopped: 0.0273400 seconds, Stopping threads took: 0.0000760 seconds
259.311: Application time: 0.0820850 seconds
259.311: [GC [PSYoungGen: 238576K->33776K(238592K)] 641010K->448849K(783360K), 0.0226710 secs] [Times: user=0.17 sys=0.00, real=0.02 secs] 
259.334: Total time for which application threads were stopped: 0.0228640 seconds, Stopping threads took: 0.0000770 seconds
259.407: Application time: 0.0724740 seconds
259.407: [GC [PSYoungGen: 238576K->33776K(238592K)] 653649K->456630K(783360K), 0.0222040 secs] [Times: user=0.17 sys=0.01, real=0.03 secs] 
259.429: Total time for which application threads were stopped: 0.0224720 seconds, Stopping threads took: 0.0001470 seconds
259.503: Application time: 0.0737570 seconds
259.503: [GC [PSYoungGen: 238576K->33776K(238592K)] 661430K->485370K(783360K), 0.0290910 secs] [Times: user=0.23 sys=0.00, real=0.03 secs] 
259.532: Total time for which application threads were stopped: 0.0293060 seconds, Stopping threads took: 0.0001000 seconds
259.628: Application time: 0.0956710 seconds
259.628: [GC [PSYoungGen: 238576K->33776K(238592K)] 690170K->508425K(783360K), 0.0282600 secs] [Times: user=0.20 sys=0.00, real=0.03 secs] 
259.656: Total time for which application threads were stopped: 0.0284750 seconds, Stopping threads took: 0.0000970 seconds
259.737: Application time: 0.0807670 seconds
259.737: [GC [PSYoungGen: 238576K->33760K(238592K)] 713225K->520392K(783360K), 0.0244360 secs] [Times: user=0.19 sys=0.00, real=0.03 secs] 
259.762: Total time for which application threads were stopped: 0.0246660 seconds, Stopping threads took: 0.0000960 seconds
259.833: Application time: 0.0714130 seconds
259.833: [GC [PSYoungGen: 238560K->33760K(238592K)] 725192K->528188K(783360K), 0.0235200 secs] [Times: user=0.19 sys=0.00, real=0.02 secs] 
259.857: Total time for which application threads were stopped: 0.0237330 seconds, Stopping threads took: 0.0000980 seconds
259.933: Application time: 0.0763910 seconds
259.933: [GC [PSYoungGen: 238560K->33776K(238592K)] 732988K->556465K(783360K), 0.0343490 secs] [Times: user=0.27 sys=0.01, real=0.03 secs] 
259.968: [Full GC [PSYoungGen: 33776K->0K(238592K)] [ParOldGen: 522689K->74893K(544768K)] 556465K->74893K(783360K) [PSPermGen: 8873K->8873K(21504K)], 0.0772880 secs] [Times: user=0.56 sys=0.00, real=0.08 secs] 
260.045: Total time for which application threads were stopped: 0.1118830 seconds, Stopping threads took: 0.0000680 seconds
260.140: Application time: 0.0947660 seconds
260.140: [GC [PSYoungGen: 204800K->24544K(238592K)] 279693K->99437K(783360K), 0.0104140 secs] [Times: user=0.08 sys=0.00, real=0.02 secs] 
260.151: Total time for which application threads were stopped: 0.0106350 seconds, Stopping threads took: 0.0001070 seconds
260.230: Application time: 0.0791200 seconds
260.233: [GC [PSYoungGen: 229344K->33776K(238592K)] 304237K->111222K(783360K), 0.0142860 secs] [Times: user=0.11 sys=0.00, real=0.01 secs] 
260.248: Total time for which application threads were stopped: 0.0178480 seconds, Stopping threads took: 0.0034420 seconds
260.319: Application time: 0.0713150 seconds
260.319: [GC [PSYoungGen: 238576K->33776K(238592K)] 316022K->123897K(783360K), 0.0180030 secs] [Times: user=0.14 sys=0.00, real=0.02 secs] 
260.337: Total time for which application threads were stopped: 0.0182180 seconds, Stopping threads took: 0.0000800 seconds
260.416: Application time: 0.0786300 seconds
260.416: [GC [PSYoungGen: 238576K->33776K(238592K)] 328697K->152426K(783360K), 0.0251490 secs] [Times: user=0.19 sys=0.01, real=0.03 secs] 
260.441: Total time for which application threads were stopped: 0.0253710 seconds, Stopping threads took: 0.0001020 seconds
260.535: Application time: 0.0938280 seconds
260.535: [GC [PSYoungGen: 238576K->33760K(238592K)] 357226K->168246K(783360K), 0.0213610 secs] [Times: user=0.17 sys=0.00, real=0.02 secs] 
260.556: Total time for which application threads were stopped: 0.0215700 seconds, Stopping threads took: 0.0000960 seconds
260.635: Application time: 0.0781530 seconds
260.635: [GC [PSYoungGen: 238560K->33760K(238592K)] 373046K->182392K(783360K), 0.0197180 secs] [Times: user=0.15 sys=0.00, real=0.02 secs] 
260.655: Total time for which application threads were stopped: 0.0199390 seconds, Stopping threads took: 0.0001050 seconds
260.726: Application time: 0.0711370 seconds
260.726: [GC [PSYoungGen: 238560K->33760K(238592K)] 387192K->198021K(783360K), 0.0211940 secs] [Times: user=0.17 sys=0.00, real=0.02 secs] 
260.747: Total time for which application threads were stopped: 0.0214000 seconds, Stopping threads took: 0.0000810 seconds
260.829: Application time: 0.0820820 seconds
260.829: [GC [PSYoungGen: 238560K->33776K(238592K)] 402821K->227353K(783360K), 0.0270060 secs] [Times: user=0.21 sys=0.00, real=0.02 secs] 
260.856: Total time for which application threads were stopped: 0.0272320 seconds, Stopping threads took: 0.0000920 seconds
260.947: Application time: 0.0908450 seconds
260.947: [GC [PSYoungGen: 238576K->33776K(238592K)] 432153K->239717K(783360K), 0.0204520 secs] [Times: user=0.16 sys=0.00, real=0.02 secs] 
260.968: Total time for which application threads were stopped: 0.0206400 seconds, Stopping threads took: 0.0000720 seconds
261.045: Application time: 0.0767780 seconds
261.045: [GC [PSYoungGen: 238576K->33776K(238592K)] 444517K->253580K(783360K), 0.0216120 secs] [Times: user=0.17 sys=0.00, real=0.02 secs] 
261.067: Total time for which application threads were stopped: 0.0218450 seconds, Stopping threads took: 0.0001170 seconds
261.139: Application time: 0.0724670 seconds
261.139: [GC [PSYoungGen: 238576K->33760K(238592K)] 458380K->269347K(783360K), 0.0237290 secs] [Times: user=0.19 sys=0.00, real=0.03 secs] 
261.163: Total time for which application threads were stopped: 0.0239170 seconds, Stopping threads took: 0.0000760 seconds
261.247: Application time: 0.0843870 seconds
261.249: [GC [PSYoungGen: 238560K->33792K(238592K)] 474147K->302663K(783360K), 0.0295000 secs] [Times: user=0.23 sys=0.00, real=0.02 secs] 
261.279: Total time for which application threads were stopped: 0.0314040 seconds, Stopping threads took: 0.0017880 seconds
261.367: Application time: 0.0879250 seconds
261.367: [GC [PSYoungGen: 238592K->33760K(238592K)] 507463K->315396K(783360K), 0.0220750 secs] [Times: user=0.18 sys=0.00, real=0.02 secs] 
261.389: Total time for which application threads were stopped: 0.0222750 seconds, Stopping threads took: 0.0000720 seconds
261.465: Application time: 0.0762880 seconds
261.465: [GC [PSYoungGen: 238560K->33760K(238592K)] 520196K->328767K(783360K), 0.0230910 secs] [Times: user=0.18 sys=0.00, real=0.02 secs] 
261.489: Total time for which application threads were stopped: 0.0232870 seconds, Stopping threads took: 0.0000790 seconds
261.561: Application time: 0.0728980 seconds
261.565: [GC [PSYoungGen: 238560K->33760K(238592K)] 533567K->345682K(783360K), 0.0267660 secs] [Times: user=0.21 sys=0.00, real=0.03 secs] 
261.592: Total time for which application threads were stopped: 0.0305550 seconds, Stopping threads took: 0.0036810 seconds
261.679: Application time: 0.0871950 seconds
261.679: [GC [PSYoungGen: 238560K->33760K(238592K)] 550482K->378308K(783360K), 0.0289290 secs] [Times: user=0.23 sys=0.00, real=0.03 secs] 
261.708: Total time for which application threads were stopped: 0.0291490 seconds, Stopping threads took: 0.0001050 seconds
261.794: Application time: 0.0853000 seconds
261.794: [GC [PSYoungGen: 238560K->33760K(238592K)] 583108K->391483K(783360K), 0.0217680 secs] [Times: user=0.16 sys=0.00, real=0.02 secs] 
261.816: Total time for which application threads were stopped: 0.0219730 seconds, Stopping threads took: 0.0000900 seconds
261.893: Application time: 0.0773360 seconds
261.893: [GC [PSYoungGen: 238560K->33776K(238592K)] 596283K->403190K(783360K), 0.0219170 secs] [Times: user=0.17 sys=0.00, real=0.02 secs] 
261.915: Total time for which application threads were stopped: 0.0221790 seconds, Stopping threads took: 0.0001290 seconds
261.988: Application time: 0.0730900 seconds
261.988: [GC [PSYoungGen: 238576K->33776K(238592K)] 607990K->419533K(783360K), 0.0251220 secs] [Times: user=0.20 sys=0.00, real=0.03 secs] 
262.014: Total time for which application threads were stopped: 0.0253400 seconds, Stopping threads took: 0.0001020 seconds
262.103: Application time: 0.0890250 seconds
262.103: [GC [PSYoungGen: 238576K->33760K(238592K)] 624333K->451103K(783360K), 0.0303520 secs] [Times: user=0.24 sys=0.00, real=0.03 secs] 
262.133: Total time for which application threads were stopped: 0.0305580 seconds, Stopping threads took: 0.0000900 seconds
262.217: Application time: 0.0835150 seconds
262.217: [GC [PSYoungGen: 238560K->33776K(238592K)] 655903K->461631K(783360K), 0.0213140 secs] [Times: user=0.16 sys=0.00, real=0.02 secs] 
262.238: Total time for which application threads were stopped: 0.0215040 seconds, Stopping threads took: 0.0000770 seconds
262.315: Application time: 0.0764460 seconds
262.315: [GC [PSYoungGen: 238576K->33776K(238592K)] 666431K->475541K(783360K), 0.0225430 secs] [Times: user=0.17 sys=0.00, real=0.02 secs] 
262.337: Total time for which application threads were stopped: 0.0227260 seconds, Stopping threads took: 0.0000720 seconds
262.412: Application time: 0.0743450 seconds
262.412: [GC [PSYoungGen: 238576K->33760K(238592K)] 680341K->491912K(783360K), 0.0242810 secs] [Times: user=0.19 sys=0.00, real=0.02 secs] 
262.436: Total time for which application threads were stopped: 0.0245140 seconds, Stopping threads took: 0.0001070 seconds
262.526: Application time: 0.0900020 seconds
262.526: [GC [PSYoungGen: 238560K->33792K(238592K)] 696712K->521883K(783360K), 0.0292920 secs] [Times: user=0.23 sys=0.00, real=0.03 secs] 
262.556: Total time for which application threads were stopped: 0.0295070 seconds, Stopping threads took: 0.0001000 seconds
262.637: Application time: 0.0817500 seconds
262.638: [GC [PSYoungGen: 238592K->33760K(238592K)] 726683K->533069K(783360K), 0.0219020 secs] [Times: user=0.18 sys=0.00, real=0.02 secs] 
262.660: Total time for which application threads were stopped: 0.0221100 seconds, Stopping threads took: 0.0000890 seconds
262.735: Application time: 0.0756290 seconds
262.735: [GC [PSYoungGen: 238560K->33776K(238592K)] 737869K->548508K(783360K), 0.0245510 secs] [Times: user=0.19 sys=0.00, real=0.02 secs] 
262.760: [Full GC [PSYoungGen: 33776K->0K(238592K)] [ParOldGen: 514732K->78353K(544768K)] 548508K->78353K(783360K) [PSPermGen: 8873K->8873K(21504K)], 0.0838840 secs] [Times: user=0.61 sys=0.00, real=0.09 secs] 
262.844: Total time for which application threads were stopped: 0.1087370 seconds, Stopping threads took: 0.0001150 seconds
262.920: Application time: 0.0760470 seconds
262.920: [GC [PSYoungGen: 204800K->22368K(238592K)] 283153K->100721K(783360K), 0.0092020 secs] [Times: user=0.07 sys=0.00, real=0.02 secs] 
262.929: Total time for which application threads were stopped: 0.0094290 seconds, Stopping threads took: 0.0001010 seconds
263.020: Application time: 0.0902090 seconds
263.020: [GC [PSYoungGen: 227168K->33776K(238592K)] 305521K->126304K(783360K), 0.0192170 secs] [Times: user=0.15 sys=0.00, real=0.02 secs] 
263.039: Total time for which application threads were stopped: 0.0194360 seconds, Stopping threads took: 0.0001030 seconds
263.119: Application time: 0.0799810 seconds
263.119: [GC [PSYoungGen: 238576K->33776K(238592K)] 331104K->136807K(783360K), 0.0177960 secs] [Times: user=0.14 sys=0.00, real=0.02 secs] 
263.137: Total time for which application threads were stopped: 0.0180100 seconds, Stopping threads took: 0.0000900 seconds
263.213: Application time: 0.0757330 seconds
263.213: [GC [PSYoungGen: 238576K->33776K(238592K)] 341607K->153239K(783360K), 0.0215160 secs] [Times: user=0.17 sys=0.00, real=0.02 secs] 
263.235: Total time for which application threads were stopped: 0.0217160 seconds, Stopping threads took: 0.0000820 seconds
263.312: Application time: 0.0779430 seconds
263.313: [GC [PSYoungGen: 238576K->33776K(238592K)] 358039K->178007K(783360K), 0.0246660 secs] [Times: user=0.19 sys=0.00, real=0.02 secs] 
263.337: Total time for which application threads were stopped: 0.0248990 seconds, Stopping threads took: 0.0001150 seconds
263.427: Application time: 0.0898070 seconds
263.427: [GC [PSYoungGen: 238576K->33792K(238592K)] 382807K->200555K(783360K), 0.0248200 secs] [Times: user=0.20 sys=0.00, real=0.03 secs] 
263.452: Total time for which application threads were stopped: 0.0250370 seconds, Stopping threads took: 0.0000930 seconds
263.529: Application time: 0.0772760 seconds
263.533: [GC [PSYoungGen: 238592K->33760K(238592K)] 405355K->212038K(783360K), 0.0201950 secs] [Times: user=0.16 sys=0.00, real=0.02 secs] 
263.553: Total time for which application threads were stopped: 0.0239440 seconds, Stopping threads took: 0.0036190 seconds
263.632: Application time: 0.0782210 seconds
263.632: [GC [PSYoungGen: 238560K->33776K(238592K)] 416838K->228377K(783360K), 0.0231010 secs] [Times: user=0.17 sys=0.00, real=0.02 secs] 
263.655: Total time for which application threads were stopped: 0.0233090 seconds, Stopping threads took: 0.0000920 seconds
263.733: Application time: 0.0776140 seconds
263.733: [GC [PSYoungGen: 238576K->33776K(238592K)] 433177K->252941K(783360K), 0.0263240 secs] [Times: user=0.21 sys=0.00, real=0.02 secs] 
263.759: Total time for which application threads were stopped: 0.0265510 seconds, Stopping threads took: 0.0001110 seconds
263.848: Application time: 0.0892830 seconds
263.849: [GC [PSYoungGen: 238576K->33792K(238592K)] 457741K->275198K(783360K), 0.0255350 secs] [Times: user=0.20 sys=0.00, real=0.03 secs] 
263.874: Total time for which application threads were stopped: 0.0257620 seconds, Stopping threads took: 0.0001120 seconds
263.952: Application time: 0.0779100 seconds
263.952: [GC [PSYoungGen: 238592K->33760K(238592K)] 479998K->289901K(783360K), 0.0222090 secs] [Times: user=0.18 sys=0.00, real=0.02 secs] 
263.975: Total time for which application threads were stopped: 0.0224550 seconds, Stopping threads took: 0.0001180 seconds
264.052: Application time: 0.0772460 seconds
264.052: [GC [PSYoungGen: 238560K->33776K(238592K)] 494701K->304784K(783360K), 0.0233260 secs] [Times: user=0.19 sys=0.00, real=0.02 secs] 
264.075: Total time for which application threads were stopped: 0.0235310 seconds, Stopping threads took: 0.0000890 seconds
264.155: Application time: 0.0794470 seconds
264.155: [GC [PSYoungGen: 238576K->33760K(238592K)] 509584K->329778K(783360K), 0.0280260 secs] [Times: user=0.22 sys=0.00, real=0.03 secs] 
264.183: Total time for which application threads were stopped: 0.0282430 seconds, Stopping threads took: 0.0001030 seconds
264.270: Application time: 0.0869570 seconds
264.270: [GC [PSYoungGen: 238560K->33792K(238592K)] 534578K->348289K(783360K), 0.0243520 secs] [Times: user=0.19 sys=0.00, real=0.02 secs] 
264.295: Total time for which application threads were stopped: 0.0245440 seconds, Stopping threads took: 0.0000790 seconds
264.373: Application time: 0.0780560 seconds
264.373: [GC [PSYoungGen: 238592K->33760K(238592K)] 553089K->364839K(783360K), 0.0218520 secs] [Times: user=0.17 sys=0.00, real=0.02 secs] 
264.395: Total time for which application threads were stopped: 0.0220660 seconds, Stopping threads took: 0.0001000 seconds
264.473: Application time: 0.0779850 seconds
264.473: [GC [PSYoungGen: 238560K->33760K(238592K)] 569639K->378855K(783360K), 0.0220960 secs] [Times: user=0.18 sys=0.00, real=0.02 secs] 
264.495: Total time for which application threads were stopped: 0.0223150 seconds, Stopping threads took: 0.0000940 seconds
264.576: Application time: 0.0813980 seconds
264.577: [GC [PSYoungGen: 238560K->33760K(238592K)] 583655K->402817K(783360K), 0.0295450 secs] [Times: user=0.22 sys=0.00, real=0.03 secs] 
264.606: Total time for which application threads were stopped: 0.0297600 seconds, Stopping threads took: 0.0001020 seconds
264.692: Application time: 0.0854930 seconds
264.692: [GC [PSYoungGen: 238560K->33760K(238592K)] 607617K->418288K(783360K), 0.0232330 secs] [Times: user=0.18 sys=0.00, real=0.02 secs] 
264.715: Total time for which application threads were stopped: 0.0234590 seconds, Stopping threads took: 0.0001130 seconds
264.793: Application time: 0.0775790 seconds
264.793: [GC [PSYoungGen: 238560K->33760K(238592K)] 623088K->437802K(783360K), 0.0244180 secs] [Times: user=0.19 sys=0.00, real=0.02 secs] 
264.817: Total time for which application threads were stopped: 0.0246290 seconds, Stopping threads took: 0.0000970 seconds
264.895: Application time: 0.0772230 seconds
264.895: [GC [PSYoungGen: 238560K->33776K(238592K)] 642602K->453134K(783360K), 0.0235750 secs] [Times: user=0.18 sys=0.00, real=0.02 secs] 
264.918: Total time for which application threads were stopped: 0.0237810 seconds, Stopping threads took: 0.0000860 seconds
265.000: Application time: 0.0817870 seconds
265.000: [GC [PSYoungGen: 238576K->33776K(238592K)] 657934K->479117K(783360K), 0.0275270 secs] [Times: user=0.21 sys=0.00, real=0.03 secs] 
265.028: Total time for which application threads were stopped: 0.0277440 seconds, Stopping threads took: 0.0000910 seconds
265.113: Application time: 0.0846810 seconds
265.113: [GC [PSYoungGen: 238576K->33776K(238592K)] 683917K->495712K(783360K), 0.0240650 secs] [Times: user=0.19 sys=0.00, real=0.02 secs] 
265.137: Total time for which application threads were stopped: 0.0242820 seconds, Stopping threads took: 0.0001020 seconds
265.216: Application time: 0.0788200 seconds
265.216: [GC [PSYoungGen: 238576K->33760K(238592K)] 700512K->516446K(783360K), 0.0271130 secs] [Times: user=0.21 sys=0.00, real=0.03 secs] 
265.243: Total time for which application threads were stopped: 0.0273170 seconds, Stopping threads took: 0.0000880 seconds
265.319: Application time: 0.0763440 seconds
265.319: [GC [PSYoungGen: 238560K->33776K(238592K)] 721246K->528213K(783360K), 0.0244680 secs] [Times: user=0.19 sys=0.00, real=0.03 secs] 
265.344: Total time for which application threads were stopped: 0.0246680 seconds, Stopping threads took: 0.0000860 seconds
265.427: Application time: 0.0830400 seconds
265.427: [GC [PSYoungGen: 238576K->33776K(238592K)] 733013K->554298K(783360K), 0.0293460 secs] [Times: user=0.23 sys=0.00, real=0.03 secs] 
265.457: [Full GC [PSYoungGen: 33776K->0K(238592K)] [ParOldGen: 520522K->80233K(544768K)] 554298K->80233K(783360K) [PSPermGen: 8873K->8873K(21504K)], 0.0841940 secs] [Times: user=0.62 sys=0.00, real=0.08 secs] 
265.541: Total time for which application threads were stopped: 0.1138430 seconds, Stopping threads took: 0.0001180 seconds
265.624: Application time: 0.0833140 seconds
265.625: [GC [PSYoungGen: 204800K->14400K(238592K)] 285033K->94633K(783360K), 0.0061000 secs] [Times: user=0.04 sys=0.00, real=0.01 secs] 
265.631: Total time for which application threads were stopped: 0.0071400 seconds, Stopping threads took: 0.0009120 seconds
265.713: Application time: 0.0812220 seconds
265.717: [GC [PSYoungGen: 219200K->33776K(238592K)] 299433K->115273K(783360K), 0.0143680 secs] [Times: user=0.11 sys=0.00, real=0.02 secs] 
265.732: Total time for which application threads were stopped: 0.0190520 seconds, Stopping threads took: 0.0045690 seconds
265.807: Application time: 0.0753380 seconds
265.809: [GC [PSYoungGen: 238576K->33760K(238592K)] 320073K->129905K(783360K), 0.0186670 secs] [Times: user=0.15 sys=0.00, real=0.01 secs] 
265.828: Total time for which application threads were stopped: 0.0209490 seconds, Stopping threads took: 0.0021670 seconds
265.913: Application time: 0.0846130 seconds
265.913: [GC [PSYoungGen: 238560K->33760K(238592K)] 334705K->152875K(783360K), 0.0230960 secs] [Times: user=0.19 sys=0.00, real=0.02 secs] 
265.936: Total time for which application threads were stopped: 0.0233310 seconds, Stopping threads took: 0.0001170 seconds
266.017: Application time: 0.0808550 seconds
266.017: [GC [PSYoungGen: 238560K->33776K(238592K)] 357675K->162083K(783360K), 0.0186400 secs] [Times: user=0.15 sys=0.00, real=0.02 secs] 
266.036: Total time for which application threads were stopped: 0.0188560 seconds, Stopping threads took: 0.0000990 seconds
266.118: Application time: 0.0821980 seconds
266.118: [GC [PSYoungGen: 238576K->33776K(238592K)] 366883K->183609K(783360K), 0.0239900 secs] [Times: user=0.19 sys=0.00, real=0.03 secs] 
266.142: Total time for which application threads were stopped: 0.0241930 seconds, Stopping threads took: 0.0000840 seconds
266.217: Application time: 0.0755290 seconds
266.218: [GC [PSYoungGen: 238576K->33760K(238592K)] 388409K->200555K(783360K), 0.0231790 secs] [Times: user=0.18 sys=0.00, real=0.02 secs] 
266.241: Total time for which application threads were stopped: 0.0233980 seconds, Stopping threads took: 0.0000890 seconds
266.325: Application time: 0.0838440 seconds
266.325: [GC [PSYoungGen: 238560K->33776K(238592K)] 405355K->225278K(783360K), 0.0263640 secs] [Times: user=0.21 sys=0.00, real=0.03 secs] 
266.351: Total time for which application threads were stopped: 0.0265860 seconds, Stopping threads took: 0.0001090 seconds
266.431: Application time: 0.0801600 seconds
266.432: [GC [PSYoungGen: 238576K->33760K(238592K)] 430078K->241622K(783360K), 0.0222540 secs] [Times: user=0.17 sys=0.00, real=0.02 secs] 
266.454: Total time for which application threads were stopped: 0.0224580 seconds, Stopping threads took: 0.0000880 seconds
266.536: Application time: 0.0824330 seconds
266.537: [GC [PSYoungGen: 238560K->33760K(238592K)] 446422K->259263K(783360K), 0.0239590 secs] [Times: user=0.19 sys=0.00, real=0.02 secs] 
266.561: Total time for which application threads were stopped: 0.0241940 seconds, Stopping threads took: 0.0001170 seconds
266.637: Application time: 0.0766080 seconds
266.637: [GC [PSYoungGen: 238560K->33760K(238592K)] 464063K->274776K(783360K), 0.0232800 secs] [Times: user=0.18 sys=0.00, real=0.02 secs] 
266.661: Total time for which application threads were stopped: 0.0234950 seconds, Stopping threads took: 0.0001000 seconds
266.744: Application time: 0.0835700 seconds
266.744: [GC [PSYoungGen: 238560K->33776K(238592K)] 479576K->300670K(783360K), 0.0269850 secs] [Times: user=0.21 sys=0.00, real=0.03 secs] 
266.771: Total time for which application threads were stopped: 0.0272080 seconds, Stopping threads took: 0.0000960 seconds
266.852: Application time: 0.0802390 seconds
266.852: [GC [PSYoungGen: 238576K->33760K(238592K)] 505470K->318517K(783360K), 0.0248610 secs] [Times: user=0.20 sys=0.00, real=0.02 secs] 
266.877: Total time for which application threads were stopped: 0.0250700 seconds, Stopping threads took: 0.0000950 seconds
266.959: Application time: 0.0820010 seconds
266.959: [GC [PSYoungGen: 238560K->33760K(238592K)] 523317K->335204K(783360K), 0.0256730 secs] [Times: user=0.21 sys=0.00, real=0.03 secs] 
266.985: Total time for which application threads were stopped: 0.0258650 seconds, Stopping threads took: 0.0000780 seconds
267.061: Application time: 0.0766730 seconds
267.061: [GC [PSYoungGen: 238560K->33776K(238592K)] 540004K->353331K(783360K), 0.0259610 secs] [Times: user=0.20 sys=0.00, real=0.02 secs] 
267.087: Total time for which application threads were stopped: 0.0261680 seconds, Stopping threads took: 0.0000960 seconds
267.171: Application time: 0.0835800 seconds
267.171: [GC [PSYoungGen: 238576K->33776K(238592K)] 558131K->377495K(783360K), 0.0278190 secs] [Times: user=0.22 sys=0.00, real=0.02 secs] 
267.199: Total time for which application threads were stopped: 0.0280210 seconds, Stopping threads took: 0.0000860 seconds
267.280: Application time: 0.0804530 seconds
267.280: [GC [PSYoungGen: 238576K->33776K(238592K)] 582295K->395478K(783360K), 0.0264240 secs] [Times: user=0.20 sys=0.00, real=0.03 secs] 
267.306: Total time for which application threads were stopped: 0.0266310 seconds, Stopping threads took: 0.0000810 seconds
267.388: Application time: 0.0814910 seconds
267.388: [GC [PSYoungGen: 238576K->33760K(238592K)] 600278K->407329K(783360K), 0.0255820 secs] [Times: user=0.17 sys=0.00, real=0.03 secs] 
267.413: Total time for which application threads were stopped: 0.0257900 seconds, Stopping threads took: 0.0000910 seconds
267.490: Application time: 0.0765250 seconds
267.493: [GC [PSYoungGen: 238560K->33776K(238592K)] 612129K->424407K(783360K), 0.0272770 secs] [Times: user=0.22 sys=0.00, real=0.02 secs] 
267.521: Total time for which application threads were stopped: 0.0305180 seconds, Stopping threads took: 0.0031240 seconds
267.605: Application time: 0.0841500 seconds
267.605: [GC [PSYoungGen: 238576K->33760K(238592K)] 629207K->446263K(783360K), 0.0274710 secs] [Times: user=0.22 sys=0.00, real=0.03 secs] 
267.632: Total time for which application threads were stopped: 0.0276930 seconds, Stopping threads took: 0.0001060 seconds
267.714: Application time: 0.0818050 seconds
267.717: [GC [PSYoungGen: 238560K->33760K(238592K)] 651063K->466593K(783360K), 0.0278990 secs] [Times: user=0.22 sys=0.00, real=0.03 secs] 
267.745: Total time for which application threads were stopped: 0.0309440 seconds, Stopping threads took: 0.0029220 seconds
267.826: Application time: 0.0809910 seconds
267.826: [GC [PSYoungGen: 238560K->33776K(238592K)] 671393K->479173K(783360K), 0.0259230 secs] [Times: user=0.20 sys=0.00, real=0.03 secs] 
267.852: Total time for which application threads were stopped: 0.0261490 seconds, Stopping threads took: 0.0001000 seconds
267.928: Application time: 0.0758150 seconds
267.928: [GC [PSYoungGen: 238576K->33760K(238592K)] 683973K->496216K(783360K), 0.0271200 secs] [Times: user=0.21 sys=0.00, real=0.03 secs] 
267.955: Total time for which application threads were stopped: 0.0273480 seconds, Stopping threads took: 0.0001120 seconds
268.039: Application time: 0.0834190 seconds
268.039: [GC [PSYoungGen: 238560K->33776K(238592K)] 701016K->517582K(783360K), 0.0281690 secs] [Times: user=0.22 sys=0.00, real=0.03 secs] 
268.067: Total time for which application threads were stopped: 0.0284000 seconds, Stopping threads took: 0.0001140 seconds
268.150: Application time: 0.0829290 seconds
268.150: [GC [PSYoungGen: 238576K->33776K(238592K)] 722382K->540894K(783360K), 0.0290290 secs] [Times: user=0.22 sys=0.00, real=0.02 secs] 
268.179: Total time for which application threads were stopped: 0.0292440 seconds, Stopping threads took: 0.0001020 seconds
268.259: Application time: 0.0798070 seconds
268.259: [GC [PSYoungGen: 238576K->33760K(238592K)] 745694K->551734K(783360K), 0.0248690 secs] [Times: user=0.20 sys=0.00, real=0.03 secs] 
268.284: [Full GC [PSYoungGen: 33760K->0K(238592K)] [ParOldGen: 517974K->77223K(544768K)] 551734K->77223K(783360K) [PSPermGen: 8873K->8873K(21504K)], 0.0826710 secs] [Times: user=0.60 sys=0.00, real=0.08 secs] 
268.367: Total time for which application threads were stopped: 0.1078100 seconds, Stopping threads took: 0.0000910 seconds
268.442: Application time: 0.0754350 seconds
268.443: [GC [PSYoungGen: 204800K->16208K(238592K)] 282023K->93431K(783360K), 0.0068870 secs] [Times: user=0.05 sys=0.00, real=0.01 secs] 
268.450: Total time for which application threads were stopped: 0.0071070 seconds, Stopping threads took: 0.0000930 seconds
268.533: Application time: 0.0838170 seconds
268.534: [GC [PSYoungGen: 221008K->33792K(238592K)] 298231K->116873K(783360K), 0.0158890 secs] [Times: user=0.12 sys=0.00, real=0.02 secs] 
268.550: Total time for which application threads were stopped: 0.0161120 seconds, Stopping threads took: 0.0001080 seconds
268.634: Application time: 0.0846330 seconds
268.634: [GC [PSYoungGen: 238592K->33760K(238592K)] 321673K->138307K(783360K), 0.0221710 secs] [Times: user=0.18 sys=0.00, real=0.02 secs] 
268.657: Total time for which application threads were stopped: 0.0223580 seconds, Stopping threads took: 0.0000700 seconds
268.735: Application time: 0.0788960 seconds
268.736: [GC [PSYoungGen: 238560K->33776K(238592K)] 343107K->148629K(783360K), 0.0189180 secs] [Times: user=0.15 sys=0.00, real=0.02 secs] 
268.755: Total time for which application threads were stopped: 0.0191240 seconds, Stopping threads took: 0.0000900 seconds
268.830: Application time: 0.0752640 seconds
268.830: [GC [PSYoungGen: 238576K->33760K(238592K)] 353429K->167145K(783360K), 0.0233840 secs] [Times: user=0.18 sys=0.00, real=0.02 secs] 
268.853: Total time for which application threads were stopped: 0.0236010 seconds, Stopping threads took: 0.0001020 seconds
268.939: Application time: 0.0851020 seconds
268.939: [GC [PSYoungGen: 238560K->33776K(238592K)] 371945K->193363K(783360K), 0.0265530 secs] [Times: user=0.21 sys=0.00, real=0.03 secs] 
268.965: Total time for which application threads were stopped: 0.0267570 seconds, Stopping threads took: 0.0000900 seconds
269.051: Application time: 0.0853870 seconds
269.051: [GC [PSYoungGen: 238576K->33760K(238592K)] 398163K->212449K(783360K), 0.0247590 secs] [Times: user=0.20 sys=0.00, real=0.02 secs] 
269.076: Total time for which application threads were stopped: 0.0249850 seconds, Stopping threads took: 0.0000970 seconds
269.152: Application time: 0.0766610 seconds
269.152: [GC [PSYoungGen: 238560K->33792K(238592K)] 417249K->223261K(783360K), 0.0220700 secs] [Times: user=0.17 sys=0.00, real=0.02 secs] 
269.175: Total time for which application threads were stopped: 0.0222740 seconds, Stopping threads took: 0.0000890 seconds
269.250: Application time: 0.0749200 seconds
269.250: [GC [PSYoungGen: 238592K->33776K(238592K)] 428061K->243795K(783360K), 0.0250290 secs] [Times: user=0.20 sys=0.00, real=0.02 secs] 
269.275: Total time for which application threads were stopped: 0.0252310 seconds, Stopping threads took: 0.0000870 seconds
269.360: Application time: 0.0853910 seconds
269.360: [GC [PSYoungGen: 238576K->33760K(238592K)] 448595K->264854K(783360K), 0.0261900 secs] [Times: user=0.21 sys=0.00, real=0.03 secs] 
269.387: Total time for which application threads were stopped: 0.0264440 seconds, Stopping threads took: 0.0001380 seconds
269.473: Application time: 0.0867040 seconds
269.473: [GC [PSYoungGen: 238560K->33760K(238592K)] 469654K->284404K(783360K), 0.0269140 secs] [Times: user=0.21 sys=0.00, real=0.02 secs] 
269.500: Total time for which application threads were stopped: 0.0271030 seconds, Stopping threads took: 0.0000740 seconds
269.575: Application time: 0.0750680 seconds
269.576: [GC [PSYoungGen: 238560K->33776K(238592K)] 489204K->295468K(783360K), 0.0238230 secs] [Times: user=0.19 sys=0.00, real=0.02 secs] 
269.600: Total time for which application threads were stopped: 0.0240360 seconds, Stopping threads took: 0.0000820 seconds
269.675: Application time: 0.0753500 seconds
269.675: [GC [PSYoungGen: 238576K->33776K(238592K)] 500268K->318666K(783360K), 0.0271480 secs] [Times: user=0.22 sys=0.00, real=0.03 secs] 
269.702: Total time for which application threads were stopped: 0.0273580 seconds, Stopping threads took: 0.0000940 seconds
269.788: Application time: 0.0858910 seconds
269.788: [GC [PSYoungGen: 238576K->33776K(238592K)] 523466K->334592K(783360K), 0.0242190 secs] [Times: user=0.19 sys=0.00, real=0.03 secs] 
269.813: Total time for which application threads were stopped: 0.0244560 seconds, Stopping threads took: 0.0001210 seconds
269.899: Application time: 0.0863920 seconds
269.901: [GC [PSYoungGen: 238576K->33776K(238592K)] 539392K->352298K(783360K), 0.0254910 secs] [Times: user=0.20 sys=0.00, real=0.02 secs] 
269.927: Total time for which application threads were stopped: 0.0277630 seconds, Stopping threads took: 0.0021570 seconds
270.001: Application time: 0.0746260 seconds
270.002: [GC [PSYoungGen: 238576K->33792K(238592K)] 557098K->364436K(783360K), 0.0240640 secs] [Times: user=0.19 sys=0.00, real=0.02 secs] 
270.026: Total time for which application threads were stopped: 0.0242670 seconds, Stopping threads took: 0.0000910 seconds
270.102: Application time: 0.0763380 seconds
270.102: [GC [PSYoungGen: 238592K->33760K(238592K)] 569236K->387746K(783360K), 0.0280100 secs] [Times: user=0.22 sys=0.00, real=0.03 secs] 
270.130: Total time for which application threads were stopped: 0.0282120 seconds, Stopping threads took: 0.0000750 seconds
270.216: Application time: 0.0862360 seconds
270.217: [GC [PSYoungGen: 238560K->33776K(238592K)] 592546K->403092K(783360K), 0.0259320 secs] [Times: user=0.20 sys=0.00, real=0.03 secs] 
270.243: Total time for which application threads were stopped: 0.0261430 seconds, Stopping threads took: 0.0000960 seconds
270.328: Application time: 0.0852780 seconds
270.328: [GC [PSYoungGen: 238576K->33760K(238592K)] 607892K->418547K(783360K), 0.0244970 secs] [Times: user=0.19 sys=0.00, real=0.03 secs] 
270.353: Total time for which application threads were stopped: 0.0247280 seconds, Stopping threads took: 0.0001140 seconds
270.427: Application time: 0.0743290 seconds
270.429: [GC [PSYoungGen: 238560K->33760K(238592K)] 623347K->432975K(783360K), 0.0248140 secs] [Times: user=0.20 sys=0.00, real=0.02 secs] 
270.454: Total time for which application threads were stopped: 0.0271280 seconds, Stopping threads took: 0.0021980 seconds
270.532: Application time: 0.0778700 seconds
270.532: [GC [PSYoungGen: 238560K->33776K(238592K)] 637775K->455340K(783360K), 0.0273140 secs] [Times: user=0.22 sys=0.00, real=0.02 secs] 
270.559: Total time for which application threads were stopped: 0.0275200 seconds, Stopping threads took: 0.0000940 seconds
270.646: Application time: 0.0866900 seconds
270.646: [GC [PSYoungGen: 238576K->33776K(238592K)] 660140K->471207K(783360K), 0.0259210 secs] [Times: user=0.21 sys=0.00, real=0.03 secs] 
270.672: Total time for which application threads were stopped: 0.0261670 seconds, Stopping threads took: 0.0001140 seconds
270.756: Application time: 0.0839020 seconds
270.756: [GC [PSYoungGen: 238576K->33776K(238592K)] 676007K->491510K(783360K), 0.0287450 secs] [Times: user=0.22 sys=0.00, real=0.03 secs] 
270.785: Total time for which application threads were stopped: 0.0289430 seconds, Stopping threads took: 0.0000790 seconds
270.859: Application time: 0.0740670 seconds
270.859: [GC [PSYoungGen: 238576K->33776K(238592K)] 696310K->505121K(783360K), 0.0248920 secs] [Times: user=0.20 sys=0.00, real=0.03 secs] 
270.884: Total time for which application threads were stopped: 0.0251130 seconds, Stopping threads took: 0.0001030 seconds
270.964: Application time: 0.0801140 seconds
270.965: [GC [PSYoungGen: 238576K->33776K(238592K)] 709921K->532107K(783360K), 0.0302320 secs] [Times: user=0.24 sys=0.00, real=0.03 secs] 
270.995: Total time for which application threads were stopped: 0.0304300 seconds, Stopping threads took: 0.0000840 seconds
271.080: Application time: 0.0852740 seconds
271.080: [GC [PSYoungGen: 238576K->33760K(238592K)] 736907K->551386K(783360K), 0.0269850 secs] [Times: user=0.21 sys=0.00, real=0.03 secs] 
271.107: [Full GC [PSYoungGen: 33760K->0K(238592K)] [ParOldGen: 517626K->77766K(544768K)] 551386K->77766K(783360K) [PSPermGen: 8873K->8873K(21504K)], 0.0803410 secs] [Times: user=0.58 sys=0.00, real=0.08 secs] 
271.188: Total time for which application threads were stopped: 0.1076190 seconds, Stopping threads took: 0.0001040 seconds
271.271: Application time: 0.0835350 seconds
271.271: [GC [PSYoungGen: 204800K->17504K(238592K)] 282566K->95270K(783360K), 0.0075580 secs] [Times: user=0.06 sys=0.00, real=0.00 secs] 
271.279: Total time for which application threads were stopped: 0.0077870 seconds, Stopping threads took: 0.0001020 seconds
271.353: Application time: 0.0736620 seconds
271.353: [GC [PSYoungGen: 222304K->31344K(238592K)] 300070K->109110K(783360K), 0.0122100 secs] [Times: user=0.09 sys=0.00, real=0.01 secs] 
271.365: Total time for which application threads were stopped: 0.0124330 seconds, Stopping threads took: 0.0001090 seconds
271.448: Application time: 0.0823220 seconds
271.448: [GC [PSYoungGen: 236144K->33776K(238592K)] 313910K->137017K(783360K), 0.0230490 secs] [Times: user=0.18 sys=0.00, real=0.03 secs] 
271.471: Total time for which application threads were stopped: 0.0232590 seconds, Stopping threads took: 0.0000960 seconds
271.556: Application time: 0.0853760 seconds
271.556: [GC [PSYoungGen: 238576K->33776K(238592K)] 341817K->156183K(783360K), 0.0215460 secs] [Times: user=0.17 sys=0.00, real=0.02 secs] 
271.578: Total time for which application threads were stopped: 0.0217900 seconds, Stopping threads took: 0.0001310 seconds
271.659: Application time: 0.0813670 seconds
271.659: [GC [PSYoungGen: 238576K->33760K(238592K)] 360983K->169079K(783360K), 0.0203170 secs] [Times: user=0.16 sys=0.00, real=0.02 secs] 
271.680: Total time for which application threads were stopped: 0.0205410 seconds, Stopping threads took: 0.0001090 seconds
271.754: Application time: 0.0739520 seconds
271.754: [GC [PSYoungGen: 238560K->33776K(238592K)] 373879K->185051K(783360K), 0.0219570 secs] [Times: user=0.17 sys=0.00, real=0.02 secs] 
271.776: Total time for which application threads were stopped: 0.0221630 seconds, Stopping threads took: 0.0000930 seconds
271.860: Application time: 0.0836720 seconds
271.860: [GC [PSYoungGen: 238576K->33776K(238592K)] 389851K->211841K(783360K), 0.0267120 secs] [Times: user=0.21 sys=0.00, real=0.03 secs] 
271.887: Total time for which application threads were stopped: 0.0269360 seconds, Stopping threads took: 0.0000980 seconds
271.972: Application time: 0.0851040 seconds
271.972: [GC [PSYoungGen: 238576K->33776K(238592K)] 416641K->228164K(783360K), 0.0218420 secs] [Times: user=0.17 sys=0.00, real=0.02 secs] 
271.994: Total time for which application threads were stopped: 0.0220400 seconds, Stopping threads took: 0.0000830 seconds
272.073: Application time: 0.0793530 seconds
272.077: [GC [PSYoungGen: 238576K->33760K(238592K)] 432964K->241299K(783360K), 0.0218470 secs] [Times: user=0.17 sys=0.00, real=0.02 secs] 
272.099: Total time for which application threads were stopped: 0.0259600 seconds, Stopping threads took: 0.0040010 seconds
272.173: Application time: 0.0740410 seconds
272.173: [GC [PSYoungGen: 238560K->33760K(238592K)] 446099K->260146K(783360K), 0.0242030 secs] [Times: user=0.19 sys=0.00, real=0.02 secs] 
272.198: Total time for which application threads were stopped: 0.0244140 seconds, Stopping threads took: 0.0000970 seconds
272.283: Application time: 0.0857340 seconds
272.283: [GC [PSYoungGen: 238560K->33760K(238592K)] 464946K->287228K(783360K), 0.0277490 secs] [Times: user=0.21 sys=0.00, real=0.03 secs] 
272.311: Total time for which application threads were stopped: 0.0279560 seconds, Stopping threads took: 0.0000930 seconds
272.395: Application time: 0.0839150 seconds
272.395: [GC [PSYoungGen: 238560K->33760K(238592K)] 492028K->307202K(783360K), 0.0261630 secs] [Times: user=0.21 sys=0.00, real=0.03 secs] 
272.422: Total time for which application threads were stopped: 0.0263750 seconds, Stopping threads took: 0.0000820 seconds
272.500: Application time: 0.0781280 seconds
272.500: [GC [PSYoungGen: 238560K->33760K(238592K)] 512002K->319852K(783360K), 0.0223570 secs] [Times: user=0.17 sys=0.00, real=0.03 secs] 
272.522: Total time for which application threads were stopped: 0.0225640 seconds, Stopping threads took: 0.0000930 seconds
272.597: Application time: 0.0744770 seconds
272.601: [GC [PSYoungGen: 238560K->33776K(238592K)] 524652K->341050K(783360K), 0.0255650 secs] [Times: user=0.20 sys=0.00, real=0.02 secs] 
272.627: Total time for which application threads were stopped: 0.0301040 seconds, Stopping threads took: 0.0044210 seconds
272.714: Application time: 0.0874120 seconds
272.714: [GC [PSYoungGen: 238576K->33776K(238592K)] 545850K->364988K(783360K), 0.0262100 secs] [Times: user=0.20 sys=0.00, real=0.02 secs] 
272.741: Total time for which application threads were stopped: 0.0264230 seconds, Stopping threads took: 0.0000960 seconds
272.824: Application time: 0.0830530 seconds
272.824: [GC [PSYoungGen: 238576K->33760K(238592K)] 569788K->384502K(783360K), 0.0252380 secs] [Times: user=0.20 sys=0.00, real=0.03 secs] 
272.849: Total time for which application threads were stopped: 0.0254530 seconds, Stopping threads took: 0.0000970 seconds
272.926: Application time: 0.0773590 seconds
272.927: [GC [PSYoungGen: 238560K->33760K(238592K)] 589302K->395349K(783360K), 0.0228220 secs] [Times: user=0.18 sys=0.00, real=0.03 secs] 
272.950: Total time for which application threads were stopped: 0.0230340 seconds, Stopping threads took: 0.0000880 seconds
273.024: Application time: 0.0744660 seconds
273.024: [GC [PSYoungGen: 238560K->33776K(238592K)] 600149K->415641K(783360K), 0.0267240 secs] [Times: user=0.21 sys=0.00, real=0.03 secs] 
273.051: Total time for which application threads were stopped: 0.0269450 seconds, Stopping threads took: 0.0001080 seconds
273.139: Application time: 0.0883510 seconds
273.141: [GC [PSYoungGen: 238576K->33776K(238592K)] 620441K->434715K(783360K), 0.0257690 secs] [Times: user=0.20 sys=0.00, real=0.02 secs] 
273.167: Total time for which application threads were stopped: 0.0276860 seconds, Stopping threads took: 0.0018010 seconds
273.251: Application time: 0.0837820 seconds
273.251: [GC [PSYoungGen: 238576K->33760K(238592K)] 639515K->453286K(783360K), 0.0250010 secs] [Times: user=0.20 sys=0.00, real=0.02 secs] 
273.276: Total time for which application threads were stopped: 0.0253540 seconds, Stopping threads took: 0.0002170 seconds
273.351: Application time: 0.0751210 seconds
273.351: [GC [PSYoungGen: 238560K->33760K(238592K)] 658086K->461901K(783360K), 0.0217570 secs] [Times: user=0.17 sys=0.00, real=0.02 secs] 
273.373: Total time for which application threads were stopped: 0.0219490 seconds, Stopping threads took: 0.0000770 seconds
273.450: Application time: 0.0769180 seconds
273.450: [GC [PSYoungGen: 238560K->33776K(238592K)] 666701K->485980K(783360K), 0.0273170 secs] [Times: user=0.22 sys=0.00, real=0.02 secs] 
273.478: Total time for which application threads were stopped: 0.0275260 seconds, Stopping threads took: 0.0000830 seconds
273.565: Application time: 0.0875680 seconds
273.565: [GC [PSYoungGen: 238576K->33760K(238592K)] 690780K->501067K(783360K), 0.0250150 secs] [Times: user=0.19 sys=0.00, real=0.03 secs] 
273.590: Total time for which application threads were stopped: 0.0252320 seconds, Stopping threads took: 0.0001010 seconds
273.674: Application time: 0.0835750 seconds
273.674: [GC [PSYoungGen: 238560K->33760K(238592K)] 705867K->519438K(783360K), 0.0262380 secs] [Times: user=0.20 sys=0.00, real=0.02 secs] 
273.700: Total time for which application threads were stopped: 0.0264470 seconds, Stopping threads took: 0.0000890 seconds
273.775: Application time: 0.0740930 seconds
273.775: [GC [PSYoungGen: 238560K->33760K(238592K)] 724238K->530317K(783360K), 0.0231410 secs] [Times: user=0.18 sys=0.00, real=0.02 secs] 
273.798: Total time for which application threads were stopped: 0.0233370 seconds, Stopping threads took: 0.0000790 seconds
273.876: Application time: 0.0784570 seconds
273.877: [GC [PSYoungGen: 238560K->33776K(238592K)] 735117K->557623K(783360K), 0.0297320 secs] [Times: user=0.23 sys=0.00, real=0.03 secs] 
273.906: [Full GC [PSYoungGen: 33776K->0K(238592K)] [ParOldGen: 523847K->77493K(544768K)] 557623K->77493K(783360K) [PSPermGen: 8873K->8873K(21504K)], 0.0822360 secs] [Times: user=0.60 sys=0.00, real=0.08 secs] 
273.989: Total time for which application threads were stopped: 0.1122550 seconds, Stopping threads took: 0.0001080 seconds
274.076: Application time: 0.0873770 seconds
274.076: [GC [PSYoungGen: 204800K->19248K(238592K)] 282293K->96741K(783360K), 0.0082170 secs] [Times: user=0.06 sys=0.00, real=0.01 secs] 
274.084: Total time for which application threads were stopped: 0.0084560 seconds, Stopping threads took: 0.0001120 seconds
274.166: Application time: 0.0817700 seconds
274.166: [GC [PSYoungGen: 224048K->33760K(238592K)] 301541K->111301K(783360K), 0.0135120 secs] [Times: user=0.10 sys=0.00, real=0.01 secs] 
274.180: Total time for which application threads were stopped: 0.0137330 seconds, Stopping threads took: 0.0001030 seconds
274.253: Application time: 0.0733750 seconds
274.253: [GC [PSYoungGen: 238560K->33760K(238592K)] 316101K->123060K(783360K), 0.0173530 secs] [Times: user=0.13 sys=0.00, real=0.02 secs] 
274.271: Total time for which application threads were stopped: 0.0175570 seconds, Stopping threads took: 0.0000910 seconds
274.351: Application time: 0.0805890 seconds
274.352: [GC [PSYoungGen: 238560K->33776K(238592K)] 327860K->149122K(783360K), 0.0247590 secs] [Times: user=0.19 sys=0.00, real=0.02 secs] 
274.376: Total time for which application threads were stopped: 0.0249840 seconds, Stopping threads took: 0.0001100 seconds
274.463: Application time: 0.0862020 seconds
274.463: [GC [PSYoungGen: 238576K->33760K(238592K)] 353922K->164889K(783360K), 0.0223400 secs] [Times: user=0.18 sys=0.00, real=0.02 secs] 
274.485: Total time for which application threads were stopped: 0.0225570 seconds, Stopping threads took: 0.0000990 seconds
274.566: Application time: 0.0807830 seconds
274.566: [GC [PSYoungGen: 238560K->33760K(238592K)] 369689K->183688K(783360K), 0.0235590 secs] [Times: user=0.18 sys=0.00, real=0.03 secs] 
274.590: Total time for which application threads were stopped: 0.0237840 seconds, Stopping threads took: 0.0001100 seconds
274.664: Application time: 0.0746580 seconds
274.665: [GC [PSYoungGen: 238560K->33760K(238592K)] 388488K->197417K(783360K), 0.0216640 secs] [Times: user=0.17 sys=0.00, real=0.02 secs] 
274.686: Total time for which application threads were stopped: 0.0219010 seconds, Stopping threads took: 0.0000960 seconds
274.769: Application time: 0.0825090 seconds
274.769: [GC [PSYoungGen: 238560K->33760K(238592K)] 402217K->222143K(783360K), 0.0268170 secs] [Times: user=0.21 sys=0.00, real=0.02 secs] 
274.796: Total time for which application threads were stopped: 0.0270420 seconds, Stopping threads took: 0.0000990 seconds
274.881: Application time: 0.0846390 seconds
274.881: [GC [PSYoungGen: 238560K->33776K(238592K)] 426943K->237602K(783360K), 0.0235410 secs] [Times: user=0.19 sys=0.00, real=0.02 secs] 
274.905: Total time for which application threads were stopped: 0.0242100 seconds, Stopping threads took: 0.0005540 seconds
274.986: Application time: 0.0809370 seconds
274.986: [GC [PSYoungGen: 238576K->33760K(238592K)] 442402K->256398K(783360K), 0.0249120 secs] [Times: user=0.19 sys=0.00, real=0.03 secs] 
275.011: Total time for which application threads were stopped: 0.0251300 seconds, Stopping threads took: 0.0001030 seconds
275.085: Application time: 0.0736890 seconds
275.085: [GC [PSYoungGen: 238560K->33776K(238592K)] 461198K->267048K(783360K), 0.0229690 secs] [Times: user=0.18 sys=0.00, real=0.02 secs] 
275.108: Total time for which application threads were stopped: 0.0231910 seconds, Stopping threads took: 0.0001080 seconds
275.193: Application time: 0.0848170 seconds
275.193: [GC [PSYoungGen: 238576K->33776K(238592K)] 471848K->295602K(783360K), 0.0296020 secs] [Times: user=0.23 sys=0.00, real=0.03 secs] 
275.222: Total time for which application threads were stopped: 0.0298250 seconds, Stopping threads took: 0.0000860 seconds
275.306: Application time: 0.0836710 seconds
275.309: [GC [PSYoungGen: 238576K->33760K(238592K)] 500402K->313729K(783360K), 0.0246720 secs] [Times: user=0.20 sys=0.00, real=0.02 secs] 
275.334: Total time for which application threads were stopped: 0.0278180 seconds, Stopping threads took: 0.0030340 seconds
275.414: Application time: 0.0803010 seconds
275.414: [GC [PSYoungGen: 238560K->33776K(238592K)] 518529K->331088K(783360K), 0.0257860 secs] [Times: user=0.20 sys=0.00, real=0.02 secs] 
275.440: Total time for which application threads were stopped: 0.0259870 seconds, Stopping threads took: 0.0000850 seconds
275.513: Application time: 0.0730660 seconds
275.513: [GC [PSYoungGen: 238576K->33776K(238592K)] 535888K->343647K(783360K), 0.0245630 secs] [Times: user=0.20 sys=0.00, real=0.02 secs] 
275.538: Total time for which application threads were stopped: 0.0247570 seconds, Stopping threads took: 0.0000810 seconds
275.624: Application time: 0.0857500 seconds
275.624: [GC [PSYoungGen: 238576K->33776K(238592K)] 548447K->372050K(783360K), 0.0282370 secs] [Times: user=0.22 sys=0.00, real=0.03 secs] 
275.652: Total time for which application threads were stopped: 0.0284410 seconds, Stopping threads took: 0.0000900 seconds
275.736: Application time: 0.0837650 seconds
275.736: [GC [PSYoungGen: 238576K->33760K(238592K)] 576850K->391838K(783360K), 0.0248510 secs] [Times: user=0.19 sys=0.00, real=0.02 secs] 
275.761: Total time for which application threads were stopped: 0.0250710 seconds, Stopping threads took: 0.0000940 seconds
275.840: Application time: 0.0792200 seconds
275.840: [GC [PSYoungGen: 238560K->33776K(238592K)] 596638K->403710K(783360K), 0.0222680 secs] [Times: user=0.18 sys=0.00, real=0.03 secs] 
275.863: Total time for which application threads were stopped: 0.0224700 seconds, Stopping threads took: 0.0000890 seconds
275.936: Application time: 0.0731970 seconds
275.937: [GC [PSYoungGen: 238576K->33760K(238592K)] 608510K->423750K(783360K), 0.0252520 secs] [Times: user=0.20 sys=0.00, real=0.03 secs] 
275.962: Total time for which application threads were stopped: 0.0265310 seconds, Stopping threads took: 0.0011660 seconds
276.049: Application time: 0.0861750 seconds
276.049: [GC [PSYoungGen: 238560K->33776K(238592K)] 628550K->444912K(783360K), 0.0246380 secs] [Times: user=0.16 sys=0.03, real=0.03 secs] 
276.073: Total time for which application threads were stopped: 0.0248300 seconds, Stopping threads took: 0.0000740 seconds
276.157: Application time: 0.0833890 seconds
276.157: [GC [PSYoungGen: 238576K->33760K(238592K)] 649712K->461287K(783360K), 0.0235440 secs] [Times: user=0.18 sys=0.00, real=0.02 secs] 
276.181: Total time for which application threads were stopped: 0.0237530 seconds, Stopping threads took: 0.0000920 seconds
276.259: Application time: 0.0787450 seconds
276.260: [GC [PSYoungGen: 238560K->33760K(238592K)] 666087K->474763K(783360K), 0.0228210 secs] [Times: user=0.18 sys=0.00, real=0.03 secs] 
276.282: Total time for which application threads were stopped: 0.0230280 seconds, Stopping threads took: 0.0000780 seconds
276.357: Application time: 0.0743810 seconds
276.357: [GC [PSYoungGen: 238560K->33760K(238592K)] 679563K->495570K(783360K), 0.0257860 secs] [Times: user=0.20 sys=0.00, real=0.03 secs] 
276.383: Total time for which application threads were stopped: 0.0260230 seconds, Stopping threads took: 0.0001230 seconds
276.469: Application time: 0.0858190 seconds
276.469: [GC [PSYoungGen: 238560K->33776K(238592K)] 700370K->516440K(783360K), 0.0264410 secs] [Times: user=0.21 sys=0.00, real=0.03 secs] 
276.495: Total time for which application threads were stopped: 0.0266560 seconds, Stopping threads took: 0.0001010 seconds
276.579: Application time: 0.0835280 seconds
276.579: [GC [PSYoungGen: 238576K->33760K(238592K)] 721240K->532415K(783360K), 0.0257780 secs] [Times: user=0.20 sys=0.00, real=0.03 secs] 
276.605: Total time for which application threads were stopped: 0.0259820 seconds, Stopping threads took: 0.0000900 seconds
276.683: Application time: 0.0781740 seconds
276.683: [GC [PSYoungGen: 238560K->33760K(238592K)] 737215K->545254K(783360K), 0.0246050 secs] [Times: user=0.20 sys=0.00, real=0.02 secs] 
276.708: Total time for which application threads were stopped: 0.0248170 seconds, Stopping threads took: 0.0000960 seconds
276.784: Application time: 0.0759770 seconds
276.784: [GC [PSYoungGen: 238560K->33760K(238592K)] 750054K->569212K(783360K), 0.0283910 secs] [Times: user=0.23 sys=0.00, real=0.03 secs] 
276.812: [Full GC [PSYoungGen: 33760K->0K(238592K)] [ParOldGen: 535452K->80370K(544768K)] 569212K->80370K(783360K) [PSPermGen: 8873K->8873K(21504K)], 0.0840050 secs] [Times: user=0.61 sys=0.00, real=0.08 secs] 
276.896: Total time for which application threads were stopped: 0.1126710 seconds, Stopping threads took: 0.0000850 seconds
276.982: Application time: 0.0852410 seconds
276.982: [GC [PSYoungGen: 204800K->19616K(238592K)] 285170K->99986K(783360K), 0.0084660 secs] [Times: user=0.07 sys=0.00, real=0.01 secs] 
276.990: Total time for which application threads were stopped: 0.0086800 seconds, Stopping threads took: 0.0001000 seconds
277.073: Application time: 0.0828480 seconds
277.073: [GC [PSYoungGen: 224416K->33776K(238592K)] 304786K->116170K(783360K), 0.0143780 secs] [Times: user=0.11 sys=0.00, real=0.01 secs] 
277.088: Total time for which application threads were stopped: 0.0146010 seconds, Stopping threads took: 0.0001080 seconds
277.165: Application time: 0.0774500 seconds
277.165: [GC [PSYoungGen: 238576K->33776K(238592K)] 320970K->128530K(783360K), 0.0179080 secs] [Times: user=0.14 sys=0.00, real=0.02 secs] 
277.183: Total time for which application threads were stopped: 0.0181160 seconds, Stopping threads took: 0.0000910 seconds
277.261: Application time: 0.0775890 seconds
277.261: [GC [PSYoungGen: 238576K->33776K(238592K)] 333330K->155450K(783360K), 0.0241320 secs] [Times: user=0.19 sys=0.00, real=0.02 secs] 
277.285: Total time for which application threads were stopped: 0.0243400 seconds, Stopping threads took: 0.0000930 seconds
277.370: Application time: 0.0850000 seconds
277.373: [GC [PSYoungGen: 238576K->33760K(238592K)] 360250K->171724K(783360K), 0.0212040 secs] [Times: user=0.16 sys=0.00, real=0.02 secs] 
277.394: Total time for which application threads were stopped: 0.0241050 seconds, Stopping threads took: 0.0027720 seconds
277.477: Application time: 0.0826680 seconds
277.477: [GC [PSYoungGen: 238560K->33760K(238592K)] 376524K->188454K(783360K), 0.0213400 secs] [Times: user=0.16 sys=0.00, real=0.02 secs] 
277.499: Total time for which application threads were stopped: 0.0215690 seconds, Stopping threads took: 0.0001030 seconds
277.575: Application time: 0.0760740 seconds
277.575: [GC [PSYoungGen: 238560K->33760K(238592K)] 393254K->201222K(783360K), 0.0206170 secs] [Times: user=0.17 sys=0.00, real=0.02 secs] 
277.596: Total time for which application threads were stopped: 0.0208200 seconds, Stopping threads took: 0.0000870 seconds
277.676: Application time: 0.0807010 seconds
277.676: [GC [PSYoungGen: 238560K->33776K(238592K)] 406022K->229332K(783360K), 0.0267900 secs] [Times: user=0.20 sys=0.00, real=0.03 secs] 
277.703: Total time for which application threads were stopped: 0.0270220 seconds, Stopping threads took: 0.0001100 seconds
277.788: Application time: 0.0851890 seconds
277.789: [GC [PSYoungGen: 238576K->33776K(238592K)] 434132K->245351K(783360K), 0.0224020 secs] [Times: user=0.18 sys=0.00, real=0.03 secs] 
277.811: Total time for which application threads were stopped: 0.0226270 seconds, Stopping threads took: 0.0001130 seconds
277.892: Application time: 0.0807310 seconds
277.893: [GC [PSYoungGen: 238576K->33760K(238592K)] 450151K->263278K(783360K), 0.0238240 secs] [Times: user=0.18 sys=0.00, real=0.02 secs] 
277.917: Total time for which application threads were stopped: 0.0252090 seconds, Stopping threads took: 0.0012470 seconds
277.992: Application time: 0.0750610 seconds
277.992: [GC [PSYoungGen: 238560K->33760K(238592K)] 468078K->278373K(783360K), 0.0226120 secs] [Times: user=0.18 sys=0.00, real=0.02 secs] 
278.015: Total time for which application threads were stopped: 0.0228570 seconds, Stopping threads took: 0.0001280 seconds
278.099: Application time: 0.0837020 seconds
278.099: [GC [PSYoungGen: 238560K->33760K(238592K)] 483173K->306523K(783360K), 0.0277160 secs] [Times: user=0.21 sys=0.00, real=0.03 secs] 
278.127: Total time for which application threads were stopped: 0.0279430 seconds, Stopping threads took: 0.0001130 seconds
278.211: Application time: 0.0844590 seconds
278.211: [GC [PSYoungGen: 238560K->33776K(238592K)] 511323K->319537K(783360K), 0.0224020 secs] [Times: user=0.18 sys=0.00, real=0.02 secs] 
278.234: Total time for which application threads were stopped: 0.0226180 seconds, Stopping threads took: 0.0001010 seconds
278.313: Application time: 0.0794790 seconds
278.317: [GC [PSYoungGen: 238576K->33760K(238592K)] 524337K->333701K(783360K), 0.0223440 secs] [Times: user=0.18 sys=0.00, real=0.02 secs] 
278.340: Total time for which application threads were stopped: 0.0263600 seconds, Stopping threads took: 0.0039010 seconds
278.415: Application time: 0.0751040 seconds
278.415: [GC [PSYoungGen: 238560K->33776K(238592K)] 538501K->349832K(783360K), 0.0251870 secs] [Times: user=0.20 sys=0.00, real=0.02 secs] 
278.440: Total time for which application threads were stopped: 0.0254160 seconds, Stopping threads took: 0.0001010 seconds
278.525: Application time: 0.0847450 seconds
278.525: [GC [PSYoungGen: 238576K->33760K(238592K)] 554632K->375967K(783360K), 0.0287270 secs] [Times: user=0.22 sys=0.00, real=0.03 secs] 
278.554: Total time for which application threads were stopped: 0.0289460 seconds, Stopping threads took: 0.0001070 seconds
278.637: Application time: 0.0832850 seconds
278.637: [GC [PSYoungGen: 238560K->33776K(238592K)] 580767K->391807K(783360K), 0.0244160 secs] [Times: user=0.19 sys=0.00, real=0.03 secs] 
278.662: Total time for which application threads were stopped: 0.0246120 seconds, Stopping threads took: 0.0000790 seconds
278.741: Application time: 0.0789790 seconds
278.741: [GC [PSYoungGen: 238576K->33776K(238592K)] 596607K->406638K(783360K), 0.0244380 secs] [Times: user=0.19 sys=0.00, real=0.03 secs] 
278.765: Total time for which application threads were stopped: 0.0246480 seconds, Stopping threads took: 0.0000980 seconds
278.842: Application time: 0.0764100 seconds
278.845: [GC [PSYoungGen: 238576K->33760K(238592K)] 611438K->421518K(783360K), 0.0253270 secs] [Times: user=0.20 sys=0.00, real=0.03 secs] 
278.871: Total time for which application threads were stopped: 0.0288090 seconds, Stopping threads took: 0.0033710 seconds
278.955: Application time: 0.0846750 seconds
278.955: [GC [PSYoungGen: 238560K->33760K(238592K)] 626318K->443757K(783360K), 0.0271400 secs] [Times: user=0.21 sys=0.00, real=0.03 secs] 
278.983: Total time for which application threads were stopped: 0.0274000 seconds, Stopping threads took: 0.0001330 seconds
279.064: Application time: 0.0817010 seconds
279.064: [GC [PSYoungGen: 238560K->33776K(238592K)] 648557K->459083K(783360K), 0.0290360 secs] [Times: user=0.20 sys=0.00, real=0.03 secs] 
279.094: Total time for which application threads were stopped: 0.0292570 seconds, Stopping threads took: 0.0001030 seconds
279.173: Application time: 0.0795460 seconds
279.173: [GC [PSYoungGen: 238576K->33776K(238592K)] 663883K->478294K(783360K), 0.0263300 secs] [Times: user=0.20 sys=0.00, real=0.02 secs] 
279.200: Total time for which application threads were stopped: 0.0265240 seconds, Stopping threads took: 0.0000780 seconds
279.277: Application time: 0.0768940 seconds
279.277: [GC [PSYoungGen: 238576K->33776K(238592K)] 683094K->496464K(783360K), 0.0266210 secs] [Times: user=0.21 sys=0.00, real=0.03 secs] 
279.303: Total time for which application threads were stopped: 0.0268260 seconds, Stopping threads took: 0.0000890 seconds
279.388: Application time: 0.0847450 seconds
279.388: [GC [PSYoungGen: 238576K->33760K(238592K)] 701264K->517766K(783360K), 0.0279900 secs] [Times: user=0.21 sys=0.00, real=0.03 secs] 
279.416: Total time for which application threads were stopped: 0.0282220 seconds, Stopping threads took: 0.0001190 seconds
279.498: Application time: 0.0813860 seconds
279.498: [GC [PSYoungGen: 238560K->33776K(238592K)] 722566K->532925K(783360K), 0.0264650 secs] [Times: user=0.20 sys=0.00, real=0.03 secs] 
279.524: Total time for which application threads were stopped: 0.0266760 seconds, Stopping threads took: 0.0000820 seconds
279.604: Application time: 0.0799110 seconds
279.604: [GC [PSYoungGen: 238576K->33760K(238592K)] 737725K->550239K(783360K), 0.0280990 secs] [Times: user=0.22 sys=0.00, real=0.03 secs] 
279.633: Total time for which application threads were stopped: 0.0283090 seconds, Stopping threads took: 0.0000950 seconds
279.709: Application time: 0.0768430 seconds
279.713: [GC [PSYoungGen: 238560K->33760K(238592K)] 755039K->569709K(783360K), 0.0268230 secs] [Times: user=0.21 sys=0.00, real=0.02 secs] 
279.739: [Full GC [PSYoungGen: 33760K->0K(238592K)] [ParOldGen: 535949K->77713K(544768K)] 569709K->77713K(783360K) [PSPermGen: 8873K->8873K(21504K)], 0.0831030 secs] [Times: user=0.61 sys=0.00, real=0.09 secs] 
279.824: Total time for which application threads were stopped: 0.1146670 seconds, Stopping threads took: 0.0030410 seconds
279.909: Application time: 0.0847470 seconds
279.909: [GC [PSYoungGen: 204800K->25184K(238592K)] 282513K->102897K(783360K), 0.0108170 secs] [Times: user=0.09 sys=0.00, real=0.00 secs] 
279.920: Total time for which application threads were stopped: 0.0110660 seconds, Stopping threads took: 0.0001260 seconds
280.001: Application time: 0.0814180 seconds
280.002: [GC [PSYoungGen: 229984K->33760K(238592K)] 307697K->120157K(783360K), 0.0167830 secs] [Times: user=0.13 sys=0.00, real=0.01 secs] 
280.018: Total time for which application threads were stopped: 0.0170240 seconds, Stopping threads took: 0.0001020 seconds
280.097: Application time: 0.0782390 seconds
280.101: [GC [PSYoungGen: 238560K->33776K(238592K)] 324957K->134699K(783360K), 0.0195010 secs] [Times: user=0.15 sys=0.00, real=0.01 secs] 
280.121: Total time for which application threads were stopped: 0.0240610 seconds, Stopping threads took: 0.0044420 seconds
280.199: Application time: 0.0786700 seconds
280.200: [GC [PSYoungGen: 238576K->33760K(238592K)] 339499K->157255K(783360K), 0.0236240 secs] [Times: user=0.19 sys=0.00, real=0.03 secs] 
280.223: Total time for which application threads were stopped: 0.0238810 seconds, Stopping threads took: 0.0001430 seconds
280.308: Application time: 0.0847500 seconds
280.309: [GC [PSYoungGen: 238560K->33776K(238592K)] 362055K->178101K(783360K), 0.0230290 secs] [Times: user=0.19 sys=0.00, real=0.02 secs] 
280.332: Total time for which application threads were stopped: 0.0242520 seconds, Stopping threads took: 0.0010960 seconds
280.414: Application time: 0.0818910 seconds
280.414: [GC [PSYoungGen: 238576K->33776K(238592K)] 382901K->193615K(783360K), 0.0215540 secs] [Times: user=0.17 sys=0.00, real=0.02 secs] 
280.436: Total time for which application threads were stopped: 0.0217560 seconds, Stopping threads took: 0.0000870 seconds
280.514: Application time: 0.0778250 seconds
280.514: [GC [PSYoungGen: 238576K->33776K(238592K)] 398415K->210302K(783360K), 0.0224140 secs] [Times: user=0.18 sys=0.00, real=0.02 secs] 
280.536: Total time for which application threads were stopped: 0.0226260 seconds, Stopping threads took: 0.0000790 seconds
280.616: Application time: 0.0792710 seconds
280.616: [GC [PSYoungGen: 238576K->33760K(238592K)] 415102K->229764K(783360K), 0.0244290 secs] [Times: user=0.19 sys=0.00, real=0.02 secs] 
280.640: Total time for which application threads were stopped: 0.0246660 seconds, Stopping threads took: 0.0001230 seconds
280.725: Application time: 0.0846790 seconds
280.725: [GC [PSYoungGen: 238560K->33760K(238592K)] 434564K->247667K(783360K), 0.0227510 secs] [Times: user=0.18 sys=0.00, real=0.02 secs] 
280.748: Total time for which application threads were stopped: 0.0229490 seconds, Stopping threads took: 0.0000820 seconds
280.830: Application time: 0.0817020 seconds
280.830: [GC [PSYoungGen: 238560K->33760K(238592K)] 452467K->267178K(783360K), 0.0245880 secs] [Times: user=0.18 sys=0.00, real=0.02 secs] 
280.854: Total time for which application threads were stopped: 0.0248180 seconds, Stopping threads took: 0.0001150 seconds
280.933: Application time: 0.0784700 seconds
280.933: [GC [PSYoungGen: 238560K->33760K(238592K)] 471978K->285689K(783360K), 0.0248040 secs] [Times: user=0.19 sys=0.00, real=0.02 secs] 
280.958: Total time for which application threads were stopped: 0.0250270 seconds, Stopping threads took: 0.0001090 seconds
281.037: Application time: 0.0786000 seconds
281.037: [GC [PSYoungGen: 238560K->33760K(238592K)] 490489K->306368K(783360K), 0.0274410 secs] [Times: user=0.21 sys=0.00, real=0.03 secs] 
281.064: Total time for which application threads were stopped: 0.0276700 seconds, Stopping threads took: 0.0001020 seconds
281.149: Application time: 0.0845500 seconds
281.149: [GC [PSYoungGen: 238560K->33760K(238592K)] 511168K->320934K(783360K), 0.0218310 secs] [Times: user=0.17 sys=0.00, real=0.03 secs] 
281.171: Total time for which application threads were stopped: 0.0220420 seconds, Stopping threads took: 0.0000970 seconds
281.252: Application time: 0.0808540 seconds
281.252: [GC [PSYoungGen: 238560K->33760K(238592K)] 525734K->339205K(783360K), 0.0243210 secs] [Times: user=0.19 sys=0.00, real=0.02 secs] 
281.276: Total time for which application threads were stopped: 0.0245260 seconds, Stopping threads took: 0.0000910 seconds
281.354: Application time: 0.0782110 seconds
281.355: [GC [PSYoungGen: 238560K->33776K(238592K)] 544005K->356379K(783360K), 0.0247120 secs] [Times: user=0.19 sys=0.00, real=0.02 secs] 
281.379: Total time for which application threads were stopped: 0.0248960 seconds, Stopping threads took: 0.0000710 seconds
281.460: Application time: 0.0805940 seconds
281.460: [GC [PSYoungGen: 238576K->33776K(238592K)] 561179K->378129K(783360K), 0.0267620 secs] [Times: user=0.21 sys=0.00, real=0.03 secs] 
281.487: Total time for which application threads were stopped: 0.0269750 seconds, Stopping threads took: 0.0000990 seconds
281.569: Application time: 0.0816640 seconds
281.569: [GC [PSYoungGen: 238576K->33760K(238592K)] 582929K->389512K(783360K), 0.0231010 secs] [Times: user=0.16 sys=0.00, real=0.03 secs] 
281.592: Total time for which application threads were stopped: 0.0233230 seconds, Stopping threads took: 0.0000910 seconds
281.673: Application time: 0.0809700 seconds
281.673: [GC [PSYoungGen: 238560K->33776K(238592K)] 594312K->406923K(783360K), 0.0251690 secs] [Times: user=0.19 sys=0.00, real=0.02 secs] 
281.698: Total time for which application threads were stopped: 0.0254280 seconds, Stopping threads took: 0.0001240 seconds
281.778: Application time: 0.0795750 seconds
281.778: [GC [PSYoungGen: 238576K->33776K(238592K)] 611723K->423386K(783360K), 0.0260790 secs] [Times: user=0.21 sys=0.00, real=0.03 secs] 
281.804: Total time for which application threads were stopped: 0.0262690 seconds, Stopping threads took: 0.0000730 seconds
281.886: Application time: 0.0815550 seconds
281.886: [GC [PSYoungGen: 238576K->33776K(238592K)] 628186K->446771K(783360K), 0.0274570 secs] [Times: user=0.20 sys=0.00, real=0.03 secs] 
281.913: Total time for which application threads were stopped: 0.0276540 seconds, Stopping threads took: 0.0000830 seconds
281.994: Application time: 0.0811070 seconds
281.995: [GC [PSYoungGen: 238576K->33760K(238592K)] 651571K->459983K(783360K), 0.0237310 secs] [Times: user=0.19 sys=0.00, real=0.02 secs] 
282.018: Total time for which application threads were stopped: 0.0239400 seconds, Stopping threads took: 0.0000930 seconds
282.099: Application time: 0.0802970 seconds
282.099: [GC [PSYoungGen: 238560K->33776K(238592K)] 664783K->472958K(783360K), 0.0247490 secs] [Times: user=0.19 sys=0.00, real=0.03 secs] 
282.124: Total time for which application threads were stopped: 0.0249740 seconds, Stopping threads took: 0.0000970 seconds
282.204: Application time: 0.0802120 seconds
282.204: [GC [PSYoungGen: 238576K->33776K(238592K)] 677758K->491505K(783360K), 0.0287150 secs] [Times: user=0.23 sys=0.00, real=0.03 secs] 
282.233: Total time for which application threads were stopped: 0.0289440 seconds, Stopping threads took: 0.0001150 seconds
282.316: Application time: 0.0828960 seconds
282.316: [GC [PSYoungGen: 238576K->33760K(238592K)] 696305K->515105K(783360K), 0.0273690 secs] [Times: user=0.22 sys=0.00, real=0.03 secs] 
282.343: Total time for which application threads were stopped: 0.0275930 seconds, Stopping threads took: 0.0001100 seconds
282.424: Application time: 0.0805270 seconds
282.425: [GC [PSYoungGen: 238560K->33776K(238592K)] 719905K->529631K(783360K), 0.0246510 secs] [Times: user=0.20 sys=0.00, real=0.03 secs] 
282.450: Total time for which application threads were stopped: 0.0259690 seconds, Stopping threads took: 0.0012020 seconds
282.528: Application time: 0.0783920 seconds
282.528: [GC [PSYoungGen: 238576K->33760K(238592K)] 734431K->545314K(783360K), 0.0255180 secs] [Times: user=0.20 sys=0.00, real=0.03 secs] 
282.554: Total time for which application threads were stopped: 0.0257210 seconds, Stopping threads took: 0.0000890 seconds
282.635: Application time: 0.0813340 seconds
282.635: [GC [PSYoungGen: 238560K->33760K(238592K)] 750114K->564337K(783360K), 0.0260920 secs] [Times: user=0.21 sys=0.00, real=0.03 secs] 
282.662: [Full GC [PSYoungGen: 33760K->0K(238592K)] [ParOldGen: 530577K->80863K(544768K)] 564337K->80863K(783360K) [PSPermGen: 8873K->8873K(21504K)], 0.0855300 secs] [Times: user=0.62 sys=0.00, real=0.08 secs] 
282.747: Total time for which application threads were stopped: 0.1119350 seconds, Stopping threads took: 0.0001080 seconds
282.831: Application time: 0.0837160 seconds
282.833: [GC [PSYoungGen: 204800K->23184K(238592K)] 285663K->104047K(783360K), 0.0099100 secs] [Times: user=0.08 sys=0.00, real=0.01 secs] 
282.843: Total time for which application threads were stopped: 0.0121960 seconds, Stopping threads took: 0.0021690 seconds
282.922: Application time: 0.0793120 seconds
282.923: [GC [PSYoungGen: 227984K->33776K(238592K)] 308847K->122378K(783360K), 0.0162440 secs] [Times: user=0.13 sys=0.00, real=0.01 secs] 
282.939: Total time for which application threads were stopped: 0.0164760 seconds, Stopping threads took: 0.0001170 seconds
283.018: Application time: 0.0786930 seconds
283.018: [GC [PSYoungGen: 238576K->33760K(238592K)] 327178K->142045K(783360K), 0.0209040 secs] [Times: user=0.16 sys=0.00, real=0.02 secs] 
283.039: Total time for which application threads were stopped: 0.0210950 seconds, Stopping threads took: 0.0000780 seconds
283.119: Application time: 0.0801980 seconds
283.119: [GC [PSYoungGen: 238560K->33760K(238592K)] 346845K->157935K(783360K), 0.0205420 secs] [Times: user=0.16 sys=0.00, real=0.02 secs] 
283.140: Total time for which application threads were stopped: 0.0207660 seconds, Stopping threads took: 0.0001070 seconds
283.224: Application time: 0.0844090 seconds
283.224: [GC [PSYoungGen: 238560K->33760K(238592K)] 362735K->174837K(783360K), 0.0218480 secs] [Times: user=0.17 sys=0.00, real=0.02 secs] 
283.246: Total time for which application threads were stopped: 0.0220790 seconds, Stopping threads took: 0.0001030 seconds
283.326: Application time: 0.0794240 seconds
283.326: [GC [PSYoungGen: 238560K->33776K(238592K)] 379637K->192716K(783360K), 0.0231800 secs] [Times: user=0.18 sys=0.00, real=0.02 secs] 
283.349: Total time for which application threads were stopped: 0.0234180 seconds, Stopping threads took: 0.0001130 seconds
283.428: Application time: 0.0788620 seconds
283.428: [GC [PSYoungGen: 238576K->33760K(238592K)] 397516K->215530K(783360K), 0.0250260 secs] [Times: user=0.19 sys=0.00, real=0.03 secs] 
283.453: Total time for which application threads were stopped: 0.0252340 seconds, Stopping threads took: 0.0000980 seconds
283.533: Application time: 0.0799060 seconds
283.533: [GC [PSYoungGen: 238560K->33760K(238592K)] 420330K->232572K(783360K), 0.0239170 secs] [Times: user=0.19 sys=0.00, real=0.02 secs] 
283.557: Total time for which application threads were stopped: 0.0241490 seconds, Stopping threads took: 0.0001160 seconds
283.642: Application time: 0.0849500 seconds
283.642: [GC [PSYoungGen: 238560K->33776K(238592K)] 437372K->247100K(783360K), 0.0211080 secs] [Times: user=0.16 sys=0.00, real=0.02 secs] 
283.663: Total time for which application threads were stopped: 0.0213180 seconds, Stopping threads took: 0.0000910 seconds
283.741: Application time: 0.0780240 seconds
283.745: [GC [PSYoungGen: 238576K->33776K(238592K)] 451900K->262571K(783360K), 0.0228810 secs] [Times: user=0.18 sys=0.00, real=0.02 secs] 
283.768: Total time for which application threads were stopped: 0.0266350 seconds, Stopping threads took: 0.0036220 seconds
283.847: Application time: 0.0791860 seconds
283.848: [GC [PSYoungGen: 238576K->33776K(238592K)] 467371K->285772K(783360K), 0.0265360 secs] [Times: user=0.21 sys=0.00, real=0.03 secs] 
283.874: Total time for which application threads were stopped: 0.0267560 seconds, Stopping threads took: 0.0001060 seconds
283.956: Application time: 0.0815730 seconds
283.956: [GC [PSYoungGen: 238576K->33760K(238592K)] 490572K->305255K(783360K), 0.0244390 secs] [Times: user=0.19 sys=0.00, real=0.02 secs] 
283.980: Total time for which application threads were stopped: 0.0246390 seconds, Stopping threads took: 0.0000860 seconds
284.064: Application time: 0.0833070 seconds
284.064: [GC [PSYoungGen: 238560K->33760K(238592K)] 510055K->320826K(783360K), 0.0229070 secs] [Times: user=0.18 sys=0.00, real=0.02 secs] 
284.087: Total time for which application threads were stopped: 0.0231220 seconds, Stopping threads took: 0.0001010 seconds
284.164: Application time: 0.0775530 seconds
284.164: [GC [PSYoungGen: 238560K->33760K(238592K)] 525626K->337057K(783360K), 0.0237880 secs] [Times: user=0.19 sys=0.00, real=0.02 secs] 
284.188: Total time for which application threads were stopped: 0.0239940 seconds, Stopping threads took: 0.0000920 seconds
284.269: Application time: 0.0806780 seconds
284.269: [GC [PSYoungGen: 238560K->33776K(238592K)] 541857K->362095K(783360K), 0.0273360 secs] [Times: user=0.21 sys=0.00, real=0.02 secs] 
284.297: Total time for which application threads were stopped: 0.0275620 seconds, Stopping threads took: 0.0000950 seconds
284.377: Application time: 0.0809620 seconds
284.378: [GC [PSYoungGen: 238576K->33776K(238592K)] 566895K->380250K(783360K), 0.0258380 secs] [Times: user=0.21 sys=0.00, real=0.03 secs] 
284.404: Total time for which application threads were stopped: 0.0260680 seconds, Stopping threads took: 0.0001180 seconds
284.486: Application time: 0.0821740 seconds
284.489: [GC [PSYoungGen: 238576K->33760K(238592K)] 585050K->392316K(783360K), 0.0233100 secs] [Times: user=0.19 sys=0.00, real=0.02 secs] 
284.513: Total time for which application threads were stopped: 0.0267830 seconds, Stopping threads took: 0.0033500 seconds
284.590: Application time: 0.0771420 seconds
284.590: [GC [PSYoungGen: 238560K->33776K(238592K)] 597116K->404431K(783360K), 0.0240820 secs] [Times: user=0.18 sys=0.00, real=0.02 secs] 
284.614: Total time for which application threads were stopped: 0.0242990 seconds, Stopping threads took: 0.0001020 seconds
284.697: Application time: 0.0831070 seconds
284.697: [GC [PSYoungGen: 238576K->33760K(238592K)] 609231K->428326K(783360K), 0.0283180 secs] [Times: user=0.22 sys=0.00, real=0.03 secs] 
284.726: Total time for which application threads were stopped: 0.0285380 seconds, Stopping threads took: 0.0001010 seconds
284.807: Application time: 0.0811530 seconds
284.809: [GC [PSYoungGen: 238560K->33760K(238592K)] 633126K->449073K(783360K), 0.0260000 secs] [Times: user=0.21 sys=0.00, real=0.02 secs] 
284.837: Total time for which application threads were stopped: 0.0302530 seconds, Stopping threads took: 0.0025170 seconds
284.917: Application time: 0.0795770 seconds
284.917: [GC [PSYoungGen: 238560K->33776K(238592K)] 653873K->456725K(783360K), 0.0220540 secs] [Times: user=0.18 sys=0.00, real=0.02 secs] 
284.939: Total time for which application threads were stopped: 0.0223210 seconds, Stopping threads took: 0.0001490 seconds
285.016: Application time: 0.0770890 seconds
285.016: [GC [PSYoungGen: 238576K->33760K(238592K)] 661525K->475563K(783360K), 0.0269250 secs] [Times: user=0.21 sys=0.00, real=0.03 secs] 
285.043: Total time for which application threads were stopped: 0.0271220 seconds, Stopping threads took: 0.0000760 seconds
285.128: Application time: 0.0847990 seconds
285.128: [GC [PSYoungGen: 238560K->33760K(238592K)] 680363K->499433K(783360K), 0.0293760 secs] [Times: user=0.23 sys=0.00, real=0.03 secs] 
285.158: Total time for which application threads were stopped: 0.0295960 seconds, Stopping threads took: 0.0001030 seconds
285.240: Application time: 0.0826900 seconds
285.240: [GC [PSYoungGen: 238560K->33776K(238592K)] 704233K->519611K(783360K), 0.0283860 secs] [Times: user=0.22 sys=0.00, real=0.03 secs] 
285.269: Total time for which application threads were stopped: 0.0285950 seconds, Stopping threads took: 0.0000960 seconds
285.346: Application time: 0.0775680 seconds
285.347: [GC [PSYoungGen: 238576K->33760K(238592K)] 724411K->526643K(783360K), 0.0211840 secs] [Times: user=0.17 sys=0.00, real=0.02 secs] 
285.368: Total time for which application threads were stopped: 0.0214030 seconds, Stopping threads took: 0.0000900 seconds
285.447: Application time: 0.0787810 seconds
285.447: [GC [PSYoungGen: 238560K->33776K(238592K)] 731443K->549009K(783360K), 0.0271430 secs] [Times: user=0.22 sys=0.00, real=0.03 secs] 
285.474: [Full GC [PSYoungGen: 33776K->0K(238592K)] [ParOldGen: 515233K->74876K(544768K)] 549009K->74876K(783360K) [PSPermGen: 8873K->8873K(21504K)], 0.0769800 secs] [Times: user=0.55 sys=0.00, real=0.08 secs] 
285.551: Total time for which application threads were stopped: 0.1044170 seconds, Stopping threads took: 0.0001080 seconds
285.635: Application time: 0.0841770 seconds
285.635: [GC [PSYoungGen: 204800K->22400K(238592K)] 279676K->97276K(783360K), 0.0094510 secs] [Times: user=0.07 sys=0.00, real=0.01 secs] 
285.645: Total time for which application threads were stopped: 0.0096720 seconds, Stopping threads took: 0.0001050 seconds
285.728: Application time: 0.0833190 seconds
285.728: [GC [PSYoungGen: 227200K->33776K(238592K)] 302076K->118294K(783360K), 0.0172920 secs] [Times: user=0.14 sys=0.00, real=0.02 secs] 
285.746: Total time for which application threads were stopped: 0.0174940 seconds, Stopping threads took: 0.0000850 seconds
285.822: Application time: 0.0762260 seconds
285.822: [GC [PSYoungGen: 238576K->33776K(238592K)] 323094K->132627K(783360K), 0.0189100 secs] [Times: user=0.15 sys=0.00, real=0.01 secs] 
285.841: Total time for which application threads were stopped: 0.0191180 seconds, Stopping threads took: 0.0000900 seconds
285.920: Application time: 0.0790710 seconds
285.920: [GC [PSYoungGen: 238576K->33776K(238592K)] 337427K->150850K(783360K), 0.0218500 secs] [Times: user=0.17 sys=0.00, real=0.03 secs] 
285.942: Total time for which application threads were stopped: 0.0220660 seconds, Stopping threads took: 0.0000920 seconds
286.026: Application time: 0.0842460 seconds
286.027: [GC [PSYoungGen: 238576K->33760K(238592K)] 355650K->167619K(783360K), 0.0226060 secs] [Times: user=0.18 sys=0.00, real=0.03 secs] 
286.049: Total time for which application threads were stopped: 0.0228040 seconds, Stopping threads took: 0.0000840 seconds
286.133: Application time: 0.0837480 seconds
286.133: [GC [PSYoungGen: 238560K->33776K(238592K)] 372419K->190138K(783360K), 0.0256310 secs] [Times: user=0.20 sys=0.00, real=0.02 secs] 
286.159: Total time for which application threads were stopped: 0.0258770 seconds, Stopping threads took: 0.0001330 seconds
286.234: Application time: 0.0756460 seconds
286.235: [GC [PSYoungGen: 238576K->33760K(238592K)] 394938K->204553K(783360K), 0.0222950 secs] [Times: user=0.17 sys=0.00, real=0.02 secs] 
286.257: Total time for which application threads were stopped: 0.0225020 seconds, Stopping threads took: 0.0000920 seconds
286.337: Application time: 0.0799680 seconds
286.337: [GC [PSYoungGen: 238560K->33776K(238592K)] 409353K->227086K(783360K), 0.0264830 secs] [Times: user=0.21 sys=0.00, real=0.03 secs] 
286.364: Total time for which application threads were stopped: 0.0267130 seconds, Stopping threads took: 0.0001170 seconds
286.447: Application time: 0.0837460 seconds
286.448: [GC [PSYoungGen: 238576K->33760K(238592K)] 431886K->245990K(783360K), 0.0235540 secs] [Times: user=0.18 sys=0.00, real=0.03 secs] 
286.471: Total time for which application threads were stopped: 0.0237620 seconds, Stopping threads took: 0.0000810 seconds
286.555: Application time: 0.0842360 seconds
286.556: [GC [PSYoungGen: 238560K->33760K(238592K)] 450790K->264941K(783360K), 0.0245020 secs] [Times: user=0.20 sys=0.00, real=0.02 secs] 
286.580: Total time for which application threads were stopped: 0.0247110 seconds, Stopping threads took: 0.0000930 seconds
286.656: Application time: 0.0757120 seconds
286.656: [GC [PSYoungGen: 238560K->33776K(238592K)] 469741K->278562K(783360K), 0.0232020 secs] [Times: user=0.18 sys=0.00, real=0.02 secs] 
286.679: Total time for which application threads were stopped: 0.0234250 seconds, Stopping threads took: 0.0001100 seconds
286.759: Application time: 0.0798110 seconds
286.759: [GC [PSYoungGen: 238576K->33776K(238592K)] 483362K->302503K(783360K), 0.0277780 secs] [Times: user=0.22 sys=0.00, real=0.03 secs] 
286.787: Total time for which application threads were stopped: 0.0279700 seconds, Stopping threads took: 0.0000810 seconds
286.871: Application time: 0.0834970 seconds
286.871: [GC [PSYoungGen: 238576K->33776K(238592K)] 507303K->320032K(783360K), 0.0256450 secs] [Times: user=0.20 sys=0.00, real=0.02 secs] 
286.896: Total time for which application threads were stopped: 0.0258430 seconds, Stopping threads took: 0.0000830 seconds
286.981: Application time: 0.0847290 seconds
286.981: [GC [PSYoungGen: 238576K->33760K(238592K)] 524832K->340735K(783360K), 0.0252920 secs] [Times: user=0.20 sys=0.00, real=0.02 secs] 
287.007: Total time for which application threads were stopped: 0.0255230 seconds, Stopping threads took: 0.0001040 seconds
287.082: Application time: 0.0751500 seconds
287.082: [GC [PSYoungGen: 238560K->33760K(238592K)] 545535K->356362K(783360K), 0.0237530 secs] [Times: user=0.19 sys=0.00, real=0.02 secs] 
287.106: Total time for which application threads were stopped: 0.0239690 seconds, Stopping threads took: 0.0001000 seconds
287.187: Application time: 0.0814270 seconds
287.187: [GC [PSYoungGen: 238560K->33776K(238592K)] 561162K->380551K(783360K), 0.0283130 secs] [Times: user=0.22 sys=0.00, real=0.03 secs] 
287.216: Total time for which application threads were stopped: 0.0285100 seconds, Stopping threads took: 0.0000840 seconds
287.298: Application time: 0.0826890 seconds
287.299: [GC [PSYoungGen: 238576K->33776K(238592K)] 585351K->401830K(783360K), 0.0285460 secs] [Times: user=0.23 sys=0.00, real=0.03 secs] 
287.327: Total time for which application threads were stopped: 0.0287590 seconds, Stopping threads took: 0.0001030 seconds
287.411: Application time: 0.0840130 seconds
287.411: [GC [PSYoungGen: 238576K->33776K(238592K)] 606630K->418868K(783360K), 0.0263120 secs] [Times: user=0.20 sys=0.00, real=0.02 secs] 
287.438: Total time for which application threads were stopped: 0.0265210 seconds, Stopping threads took: 0.0000950 seconds
287.513: Application time: 0.0754880 seconds
287.513: [GC [PSYoungGen: 238576K->33776K(238592K)] 623668K->437199K(783360K), 0.0263570 secs] [Times: user=0.21 sys=0.00, real=0.02 secs] 
287.540: Total time for which application threads were stopped: 0.0265680 seconds, Stopping threads took: 0.0000850 seconds
287.621: Application time: 0.0813410 seconds
287.621: [GC [PSYoungGen: 238576K->33760K(238592K)] 641999K->456902K(783360K), 0.0271100 secs] [Times: user=0.22 sys=0.00, real=0.02 secs] 
287.648: Total time for which application threads were stopped: 0.0272810 seconds, Stopping threads took: 0.0000590 seconds
287.731: Application time: 0.0823770 seconds
287.731: [GC [PSYoungGen: 238560K->33776K(238592K)] 661702K->472952K(783360K), 0.0272940 secs] [Times: user=0.21 sys=0.00, real=0.02 secs] 
287.758: Total time for which application threads were stopped: 0.0275170 seconds, Stopping threads took: 0.0001120 seconds
287.842: Application time: 0.0837640 seconds
287.845: [GC [PSYoungGen: 238576K->33776K(238592K)] 677752K->490131K(783360K), 0.0274530 secs] [Times: user=0.22 sys=0.00, real=0.03 secs] 
287.873: Total time for which application threads were stopped: 0.0305920 seconds, Stopping threads took: 0.0030230 seconds
287.950: Application time: 0.0772710 seconds
287.950: [GC [PSYoungGen: 238576K->33776K(238592K)] 694931K->507203K(783360K), 0.0281880 secs] [Times: user=0.22 sys=0.00, real=0.02 secs] 
287.978: Total time for which application threads were stopped: 0.0283860 seconds, Stopping threads took: 0.0000830 seconds
288.058: Application time: 0.0797090 seconds
288.058: [GC [PSYoungGen: 238576K->33776K(238592K)] 712003K->524869K(783360K), 0.0288160 secs] [Times: user=0.22 sys=0.00, real=0.03 secs] 
288.087: Total time for which application threads were stopped: 0.0290420 seconds, Stopping threads took: 0.0000990 seconds
288.170: Application time: 0.0830350 seconds
288.170: [GC [PSYoungGen: 238576K->33776K(238592K)] 729669K->541047K(783360K), 0.0286900 secs] [Times: user=0.21 sys=0.00, real=0.02 secs] 
288.199: Total time for which application threads were stopped: 0.0288950 seconds, Stopping threads took: 0.0000940 seconds
288.282: Application time: 0.0825310 seconds
288.282: [GC [PSYoungGen: 238576K->33760K(238592K)] 745847K->553890K(783360K), 0.0258740 secs] [Times: user=0.20 sys=0.00, real=0.02 secs] 
288.308: Total time for which application threads were stopped: 0.0260800 seconds, Stopping threads took: 0.0000920 seconds
288.387: Application time: 0.0791590 seconds
288.387: [GC [PSYoungGen: 238560K->33776K(238592K)] 758690K->575288K(783360K), 0.0300220 secs] [Times: user=0.23 sys=0.00, real=0.03 secs] 
288.417: [Full GC [PSYoungGen: 33776K->0K(238592K)] [ParOldGen: 541512K->78765K(544768K)] 575288K->78765K(783360K) [PSPermGen: 8873K->8873K(21504K)], 0.0849450 secs] [Times: user=0.62 sys=0.00, real=0.09 secs] 
288.502: Total time for which application threads were stopped: 0.1152680 seconds, Stopping threads took: 0.0001200 seconds
288.581: Application time: 0.0789820 seconds
288.581: [GC [PSYoungGen: 204800K->20576K(238592K)] 283565K->99341K(783360K), 0.0085440 secs] [Times: user=0.06 sys=0.00, real=0.01 secs] 
288.590: Total time for which application threads were stopped: 0.0087690 seconds, Stopping threads took: 0.0000980 seconds
288.675: Application time: 0.0849950 seconds
288.675: [GC [PSYoungGen: 225376K->33776K(238592K)] 304141K->122521K(783360K), 0.0169480 secs] [Times: user=0.13 sys=0.00, real=0.02 secs] 
288.692: Total time for which application threads were stopped: 0.0171640 seconds, Stopping threads took: 0.0001040 seconds
288.774: Application time: 0.0817960 seconds
288.777: [GC [PSYoungGen: 238576K->33760K(238592K)] 327321K->131257K(783360K), 0.0173050 secs] [Times: user=0.14 sys=0.00, real=0.02 secs] 
288.795: Total time for which application threads were stopped: 0.0207340 seconds, Stopping threads took: 0.0033150 seconds
288.876: Application time: 0.0814850 seconds
288.876: [GC [PSYoungGen: 238560K->33760K(238592K)] 336057K->149183K(783360K), 0.0218910 secs] [Times: user=0.17 sys=0.00, real=0.02 secs] 
288.898: Total time for which application threads were stopped: 0.0220970 seconds, Stopping threads took: 0.0000920 seconds
288.974: Application time: 0.0762680 seconds
288.975: [GC [PSYoungGen: 238560K->33760K(238592K)] 353983K->166062K(783360K), 0.0221360 secs] [Times: user=0.17 sys=0.00, real=0.02 secs] 
288.997: Total time for which application threads were stopped: 0.0223310 seconds, Stopping threads took: 0.0000780 seconds
289.082: Application time: 0.0849830 seconds
289.082: [GC [PSYoungGen: 238560K->33760K(238592K)] 370862K->191012K(783360K), 0.0272030 secs] [Times: user=0.21 sys=0.00, real=0.03 secs] 
289.109: Total time for which application threads were stopped: 0.0274040 seconds, Stopping threads took: 0.0000880 seconds
289.190: Application time: 0.0806670 seconds
289.190: [GC [PSYoungGen: 238560K->33760K(238592K)] 395812K->206699K(783360K), 0.0214000 secs] [Times: user=0.16 sys=0.00, real=0.02 secs] 
289.211: Total time for which application threads were stopped: 0.0216230 seconds, Stopping threads took: 0.0000960 seconds
289.292: Application time: 0.0807610 seconds
289.292: [GC [PSYoungGen: 238560K->33776K(238592K)] 411499K->224525K(783360K), 0.0233980 secs] [Times: user=0.19 sys=0.00, real=0.02 secs] 
289.316: Total time for which application threads were stopped: 0.0236070 seconds, Stopping threads took: 0.0000920 seconds
289.392: Application time: 0.0766290 seconds
289.393: [GC [PSYoungGen: 238576K->33776K(238592K)] 429325K->241339K(783360K), 0.0231680 secs] [Times: user=0.18 sys=0.00, real=0.02 secs] 
289.416: Total time for which application threads were stopped: 0.0233740 seconds, Stopping threads took: 0.0000910 seconds
289.501: Application time: 0.0855530 seconds
289.502: [GC [PSYoungGen: 238576K->33760K(238592K)] 446139K->265534K(783360K), 0.0434610 secs] [Times: user=0.31 sys=0.00, real=0.04 secs] 
289.545: Total time for which application threads were stopped: 0.0436980 seconds, Stopping threads took: 0.0001250 seconds
289.629: Application time: 0.0837230 seconds
289.633: [GC [PSYoungGen: 238560K->33776K(238592K)] 470334K->277445K(783360K), 0.0208820 secs] [Times: user=0.16 sys=0.00, real=0.02 secs] 
289.654: Total time for which application threads were stopped: 0.0253250 seconds, Stopping threads took: 0.0043280 seconds
289.733: Application time: 0.0788820 seconds
289.733: [GC [PSYoungGen: 238576K->33760K(238592K)] 482245K->293788K(783360K), 0.0238330 secs] [Times: user=0.17 sys=0.00, real=0.02 secs] 
289.757: Total time for which application threads were stopped: 0.0240860 seconds, Stopping threads took: 0.0001160 seconds
289.837: Application time: 0.0795900 seconds
289.837: [GC [PSYoungGen: 238560K->33760K(238592K)] 498588K->317274K(783360K), 0.0272530 secs] [Times: user=0.21 sys=0.00, real=0.03 secs] 
289.864: Total time for which application threads were stopped: 0.0274840 seconds, Stopping threads took: 0.0001160 seconds
289.949: Application time: 0.0852850 seconds
289.950: [GC [PSYoungGen: 238560K->33760K(238592K)] 522074K->339645K(783360K), 0.0259450 secs] [Times: user=0.20 sys=0.00, real=0.02 secs] 
289.976: Total time for which application threads were stopped: 0.0261610 seconds, Stopping threads took: 0.0000990 seconds
290.055: Application time: 0.0796760 seconds
290.055: [GC [PSYoungGen: 238560K->33776K(238592K)] 544445K->354456K(783360K), 0.0224710 secs] [Times: user=0.18 sys=0.00, real=0.02 secs] 
290.078: Total time for which application threads were stopped: 0.0226920 seconds, Stopping threads took: 0.0001050 seconds
290.157: Application time: 0.0788240 seconds
290.157: [GC [PSYoungGen: 238576K->33776K(238592K)] 559256K->365377K(783360K), 0.0222220 secs] [Times: user=0.18 sys=0.00, real=0.02 secs] 
290.179: Total time for which application threads were stopped: 0.0224390 seconds, Stopping threads took: 0.0001020 seconds
290.259: Application time: 0.0795840 seconds
290.259: [GC [PSYoungGen: 238576K->33760K(238592K)] 570177K->385483K(783360K), 0.0253790 secs] [Times: user=0.20 sys=0.00, real=0.03 secs] 
290.284: Total time for which application threads were stopped: 0.0256120 seconds, Stopping threads took: 0.0001050 seconds
290.370: Application time: 0.0853260 seconds
290.370: [GC [PSYoungGen: 238560K->33776K(238592K)] 590283K->407214K(783360K), 0.0264030 secs] [Times: user=0.21 sys=0.00, real=0.02 secs] 
290.396: Total time for which application threads were stopped: 0.0266020 seconds, Stopping threads took: 0.0000840 seconds
290.478: Application time: 0.0812460 seconds
290.478: [GC [PSYoungGen: 238576K->33776K(238592K)] 612014K->422997K(783360K), 0.0239630 secs] [Times: user=0.19 sys=0.00, real=0.03 secs] 
290.502: Total time for which application threads were stopped: 0.0241500 seconds, Stopping threads took: 0.0000720 seconds
290.579: Application time: 0.0776950 seconds
290.580: [GC [PSYoungGen: 238576K->33776K(238592K)] 627797K->433740K(783360K), 0.0232240 secs] [Times: user=0.18 sys=0.00, real=0.03 secs] 
290.603: Total time for which application threads were stopped: 0.0234540 seconds, Stopping threads took: 0.0001150 seconds
290.681: Application time: 0.0785440 seconds
290.682: [GC [PSYoungGen: 238576K->33760K(238592K)] 638540K->456858K(783360K), 0.0273650 secs] [Times: user=0.21 sys=0.00, real=0.02 secs] 
290.709: Total time for which application threads were stopped: 0.0275730 seconds, Stopping threads took: 0.0000950 seconds
290.794: Application time: 0.0853390 seconds
290.795: [GC [PSYoungGen: 238560K->33776K(238592K)] 661658K->474953K(783360K), 0.0251050 secs] [Times: user=0.19 sys=0.00, real=0.02 secs] 
290.820: Total time for which application threads were stopped: 0.0253380 seconds, Stopping threads took: 0.0001040 seconds
290.902: Application time: 0.0827090 seconds
290.903: [GC [PSYoungGen: 238576K->33776K(238592K)] 679753K->490220K(783360K), 0.0251760 secs] [Times: user=0.19 sys=0.00, real=0.02 secs] 
290.928: Total time for which application threads were stopped: 0.0253690 seconds, Stopping threads took: 0.0000770 seconds
291.004: Application time: 0.0761080 seconds
291.004: [GC [PSYoungGen: 238576K->33776K(238592K)] 695020K->501591K(783360K), 0.0245680 secs] [Times: user=0.19 sys=0.00, real=0.02 secs] 
291.029: Total time for which application threads were stopped: 0.0247870 seconds, Stopping threads took: 0.0001030 seconds
291.108: Application time: 0.0793010 seconds
291.108: [GC [PSYoungGen: 238576K->33760K(238592K)] 706391K->526564K(783360K), 0.0298410 secs] [Times: user=0.23 sys=0.00, real=0.03 secs] 
291.138: Total time for which application threads were stopped: 0.0300460 seconds, Stopping threads took: 0.0000890 seconds
291.223: Application time: 0.0850340 seconds
291.225: [GC [PSYoungGen: 238560K->33760K(238592K)] 731364K->543315K(783360K), 0.0272860 secs] [Times: user=0.21 sys=0.00, real=0.03 secs] 
291.253: Total time for which application threads were stopped: 0.0294370 seconds, Stopping threads took: 0.0020350 seconds
291.335: Application time: 0.0820850 seconds
291.335: [GC [PSYoungGen: 238560K->33776K(238592K)] 748115K->561366K(783360K), 0.0276260 secs] [Times: user=0.22 sys=0.00, real=0.03 secs] 
291.362: [Full GC [PSYoungGen: 33776K->0K(238592K)] [ParOldGen: 527590K->80292K(544768K)] 561366K->80292K(783360K) [PSPermGen: 8873K->8873K(21504K)], 0.0852790 secs] [Times: user=0.62 sys=0.00, real=0.08 secs] 
291.448: Total time for which application threads were stopped: 0.1132350 seconds, Stopping threads took: 0.0001250 seconds
291.523: Application time: 0.0752600 seconds
291.523: [GC [PSYoungGen: 204800K->16320K(238592K)] 285092K->96612K(783360K), 0.0065950 secs] [Times: user=0.05 sys=0.00, real=0.01 secs] 
291.530: Total time for which application threads were stopped: 0.0068230 seconds, Stopping threads took: 0.0001040 seconds
291.609: Application time: 0.0793900 seconds
291.609: [GC [PSYoungGen: 221120K->33776K(238592K)] 301412K->117535K(783360K), 0.0150270 secs] [Times: user=0.11 sys=0.00, real=0.01 secs] 
291.625: Total time for which application threads were stopped: 0.0152400 seconds, Stopping threads took: 0.0000970 seconds
291.711: Application time: 0.0862260 seconds
291.711: [GC [PSYoungGen: 238576K->33776K(238592K)] 322335K->139335K(783360K), 0.0217250 secs] [Times: user=0.18 sys=0.00, real=0.02 secs] 
291.733: Total time for which application threads were stopped: 0.0219260 seconds, Stopping threads took: 0.0000870 seconds
291.815: Application time: 0.0818720 seconds
291.815: [GC [PSYoungGen: 238576K->33760K(238592K)] 344135K->153142K(783360K), 0.0196360 secs] [Times: user=0.15 sys=0.00, real=0.02 secs] 
291.834: Total time for which application threads were stopped: 0.0198630 seconds, Stopping threads took: 0.0001120 seconds
291.910: Application time: 0.0751580 seconds
291.910: [GC [PSYoungGen: 238560K->33776K(238592K)] 357942K->168970K(783360K), 0.0205150 secs] [Times: user=0.15 sys=0.00, real=0.02 secs] 
291.930: Total time for which application threads were stopped: 0.0207460 seconds, Stopping threads took: 0.0001010 seconds
292.010: Application time: 0.0798110 seconds
292.010: [GC [PSYoungGen: 238576K->33760K(238592K)] 373770K->191607K(783360K), 0.0245470 secs] [Times: user=0.20 sys=0.00, real=0.02 secs] 
292.035: Total time for which application threads were stopped: 0.0247380 seconds, Stopping threads took: 0.0000800 seconds
292.121: Application time: 0.0860260 seconds
292.121: [GC [PSYoungGen: 238560K->33760K(238592K)] 396407K->212409K(783360K), 0.0242870 secs] [Times: user=0.17 sys=0.00, real=0.02 secs] 
292.145: Total time for which application threads were stopped: 0.0245080 seconds, Stopping threads took: 0.0001060 seconds
292.226: Application time: 0.0809360 seconds
292.227: [GC [PSYoungGen: 238560K->33776K(238592K)] 417209K->228168K(783360K), 0.0227050 secs] [Times: user=0.18 sys=0.00, real=0.03 secs] 
292.249: Total time for which application threads were stopped: 0.0229230 seconds, Stopping threads took: 0.0001020 seconds
292.324: Application time: 0.0745940 seconds
292.324: [GC [PSYoungGen: 238576K->33760K(238592K)] 432968K->246150K(783360K), 0.0239660 secs] [Times: user=0.18 sys=0.00, real=0.02 secs] 
292.348: Total time for which application threads were stopped: 0.0241840 seconds, Stopping threads took: 0.0001010 seconds
292.429: Application time: 0.0811420 seconds
292.429: [GC [PSYoungGen: 238560K->33792K(238592K)] 450950K->269234K(783360K), 0.0268430 secs] [Times: user=0.21 sys=0.00, real=0.02 secs] 
292.456: Total time for which application threads were stopped: 0.0270350 seconds, Stopping threads took: 0.0000650 seconds
292.543: Application time: 0.0863400 seconds
292.543: [GC [PSYoungGen: 238592K->33776K(238592K)] 474034K->291876K(783360K), 0.0259420 secs] [Times: user=0.20 sys=0.00, real=0.02 secs] 
292.569: Total time for which application threads were stopped: 0.0261520 seconds, Stopping threads took: 0.0000930 seconds
292.649: Application time: 0.0799700 seconds
292.649: [GC [PSYoungGen: 238576K->33776K(238592K)] 496676K->302559K(783360K), 0.0222360 secs] [Times: user=0.18 sys=0.00, real=0.03 secs] 
292.671: Total time for which application threads were stopped: 0.0224420 seconds, Stopping threads took: 0.0000910 seconds
292.745: Application time: 0.0739030 seconds
292.745: [GC [PSYoungGen: 238576K->33760K(238592K)] 507359K->320269K(783360K), 0.0257250 secs] [Times: user=0.20 sys=0.00, real=0.03 secs] 
292.771: Total time for which application threads were stopped: 0.0259190 seconds, Stopping threads took: 0.0000790 seconds
292.853: Application time: 0.0823050 seconds
292.853: [GC [PSYoungGen: 238560K->33776K(238592K)] 525069K->344989K(783360K), 0.0293480 secs] [Times: user=0.24 sys=0.00, real=0.03 secs] 
292.883: Total time for which application threads were stopped: 0.0295510 seconds, Stopping threads took: 0.0000910 seconds
292.968: Application time: 0.0851790 seconds
292.968: [GC [PSYoungGen: 238576K->33760K(238592K)] 549789K->364067K(783360K), 0.0242090 secs] [Times: user=0.19 sys=0.00, real=0.03 secs] 
292.992: Total time for which application threads were stopped: 0.0244270 seconds, Stopping threads took: 0.0000950 seconds
293.071: Application time: 0.0788870 seconds
293.072: [GC [PSYoungGen: 238560K->33776K(238592K)] 568867K->374882K(783360K), 0.0212580 secs] [Times: user=0.17 sys=0.00, real=0.02 secs] 
293.093: Total time for which application threads were stopped: 0.0214560 seconds, Stopping threads took: 0.0000820 seconds
293.167: Application time: 0.0740640 seconds
293.167: [GC [PSYoungGen: 238576K->33760K(238592K)] 579682K->392265K(783360K), 0.0237560 secs] [Times: user=0.19 sys=0.00, real=0.03 secs] 
293.191: Total time for which application threads were stopped: 0.0239650 seconds, Stopping threads took: 0.0000950 seconds
293.274: Application time: 0.0830620 seconds
293.274: [GC [PSYoungGen: 238560K->33760K(238592K)] 597065K->414488K(783360K), 0.0260980 secs] [Times: user=0.20 sys=0.00, real=0.02 secs] 
293.300: Total time for which application threads were stopped: 0.0263050 seconds, Stopping threads took: 0.0000950 seconds
293.387: Application time: 0.0867140 seconds
293.387: [GC [PSYoungGen: 238560K->33776K(238592K)] 619288K->429357K(783360K), 0.0234280 secs] [Times: user=0.18 sys=0.01, real=0.03 secs] 
293.411: Total time for which application threads were stopped: 0.0236360 seconds, Stopping threads took: 0.0000910 seconds
293.488: Application time: 0.0776790 seconds
293.489: [GC [PSYoungGen: 238576K->33760K(238592K)] 634157K->440877K(783360K), 0.0225640 secs] [Times: user=0.17 sys=0.00, real=0.02 secs] 
293.512: Total time for which application threads were stopped: 0.0235240 seconds, Stopping threads took: 0.0008330 seconds
293.586: Application time: 0.0741470 seconds
293.586: [GC [PSYoungGen: 238560K->33776K(238592K)] 645677K->458710K(783360K), 0.0253590 secs] [Times: user=0.17 sys=0.00, real=0.03 secs] 
293.612: Total time for which application threads were stopped: 0.0255740 seconds, Stopping threads took: 0.0001000 seconds
293.696: Application time: 0.0843340 seconds
293.696: [GC [PSYoungGen: 238576K->33776K(238592K)] 663510K->488792K(783360K), 0.0295650 secs] [Times: user=0.23 sys=0.00, real=0.03 secs] 
293.726: Total time for which application threads were stopped: 0.0297880 seconds, Stopping threads took: 0.0001070 seconds
293.812: Application time: 0.0867680 seconds
293.813: [GC [PSYoungGen: 238576K->33776K(238592K)] 693592K->507302K(783360K), 0.0257020 secs] [Times: user=0.20 sys=0.00, real=0.02 secs] 
293.838: Total time for which application threads were stopped: 0.0259090 seconds, Stopping threads took: 0.0000920 seconds
293.914: Application time: 0.0758300 seconds
293.914: [GC [PSYoungGen: 238576K->33760K(238592K)] 712102K->514935K(783360K), 0.0208320 secs] [Times: user=0.16 sys=0.00, real=0.02 secs] 
293.935: Total time for which application threads were stopped: 0.0210640 seconds, Stopping threads took: 0.0001170 seconds
294.010: Application time: 0.0751420 seconds
294.011: [GC [PSYoungGen: 238560K->33776K(238592K)] 719735K->532205K(783360K), 0.0252160 secs] [Times: user=0.19 sys=0.00, real=0.02 secs] 
294.036: Total time for which application threads were stopped: 0.0254520 seconds, Stopping threads took: 0.0001100 seconds
294.122: Application time: 0.0863120 seconds
294.122: [GC [PSYoungGen: 238576K->33776K(238592K)] 737005K->562746K(783360K), 0.0317720 secs] [Times: user=0.26 sys=0.00, real=0.03 secs] 
294.154: [Full GC [PSYoungGen: 33776K->0K(238592K)] [ParOldGen: 528970K->78548K(544768K)] 562746K->78548K(783360K) [PSPermGen: 8873K->8873K(21504K)], 0.0842420 secs] [Times: user=0.61 sys=0.00, real=0.08 secs] 
294.238: Total time for which application threads were stopped: 0.1162830 seconds, Stopping threads took: 0.0000880 seconds
294.325: Application time: 0.0870510 seconds
294.329: [GC [PSYoungGen: 204800K->18560K(238592K)] 283348K->97108K(783360K), 0.0079410 secs] [Times: user=0.06 sys=0.00, real=0.00 secs] 
294.337: Total time for which application threads were stopped: 0.0116580 seconds, Stopping threads took: 0.0035930 seconds
294.410: Application time: 0.0727930 seconds
294.410: [GC [PSYoungGen: 223360K->26256K(238592K)] 301908K->104804K(783360K), 0.0101490 secs] [Times: user=0.08 sys=0.00, real=0.00 secs] 
294.420: Total time for which application threads were stopped: 0.0103690 seconds, Stopping threads took: 0.0000990 seconds
294.495: Application time: 0.0748210 seconds
294.495: [GC [PSYoungGen: 231056K->33776K(238592K)] 309604K->124795K(783360K), 0.0180160 secs] [Times: user=0.12 sys=0.00, real=0.02 secs] 
294.513: Total time for which application threads were stopped: 0.0182400 seconds, Stopping threads took: 0.0001060 seconds
294.603: Application time: 0.0898560 seconds
294.603: [GC [PSYoungGen: 238576K->33760K(238592K)] 329595K->150769K(783360K), 0.0246890 secs] [Times: user=0.19 sys=0.00, real=0.02 secs] 
294.628: Total time for which application threads were stopped: 0.0249000 seconds, Stopping threads took: 0.0000870 seconds
294.714: Application time: 0.0859310 seconds
294.717: [GC [PSYoungGen: 238560K->33760K(238592K)] 355569K->163032K(783360K), 0.0198890 secs] [Times: user=0.16 sys=0.00, real=0.02 secs] 
294.737: Total time for which application threads were stopped: 0.0230420 seconds, Stopping threads took: 0.0030350 seconds
294.808: Application time: 0.0707900 seconds
294.808: [GC [PSYoungGen: 238560K->33760K(238592K)] 367832K->171420K(783360K), 0.0185120 secs] [Times: user=0.15 sys=0.00, real=0.02 secs] 
294.827: Total time for which application threads were stopped: 0.0187380 seconds, Stopping threads took: 0.0001070 seconds
294.902: Application time: 0.0757940 seconds
294.903: [GC [PSYoungGen: 238560K->33760K(238592K)] 376220K->197433K(783360K), 0.0260620 secs] [Times: user=0.20 sys=0.00, real=0.02 secs] 
294.929: Total time for which application threads were stopped: 0.0262790 seconds, Stopping threads took: 0.0000990 seconds
295.020: Application time: 0.0909580 seconds
295.020: [GC [PSYoungGen: 238560K->33776K(238592K)] 402233K->219823K(783360K), 0.0253660 secs] [Times: user=0.20 sys=0.00, real=0.03 secs] 
295.045: Total time for which application threads were stopped: 0.0255630 seconds, Stopping threads took: 0.0000850 seconds
295.129: Application time: 0.0838400 seconds
295.129: [GC [PSYoungGen: 238576K->33776K(238592K)] 424623K->233667K(783360K), 0.0215740 secs] [Times: user=0.17 sys=0.00, real=0.02 secs] 
295.151: Total time for which application threads were stopped: 0.0217960 seconds, Stopping threads took: 0.0000960 seconds
295.221: Application time: 0.0698420 seconds
295.221: [GC [PSYoungGen: 238576K->33760K(238592K)] 438467K->244006K(783360K), 0.0207380 secs] [Times: user=0.16 sys=0.00, real=0.03 secs] 
295.242: Total time for which application threads were stopped: 0.0209320 seconds, Stopping threads took: 0.0000790 seconds
295.318: Application time: 0.0764320 seconds
295.321: [GC [PSYoungGen: 238560K->33776K(238592K)] 448806K->268504K(783360K), 0.0269860 secs] [Times: user=0.21 sys=0.00, real=0.02 secs] 
295.348: Total time for which application threads were stopped: 0.0301250 seconds, Stopping threads took: 0.0030220 seconds
295.442: Application time: 0.0933960 seconds
295.442: [GC [PSYoungGen: 238576K->33760K(238592K)] 473304K->292082K(783360K), 0.0270640 secs] [Times: user=0.21 sys=0.00, real=0.02 secs] 
295.469: Total time for which application threads were stopped: 0.0272810 seconds, Stopping threads took: 0.0001010 seconds
295.550: Application time: 0.0815540 seconds
295.551: [GC [PSYoungGen: 238560K->33776K(238592K)] 496882K->301257K(783360K), 0.0212940 secs] [Times: user=0.17 sys=0.00, real=0.02 secs] 
295.572: Total time for which application threads were stopped: 0.0215260 seconds, Stopping threads took: 0.0001080 seconds
295.641: Application time: 0.0689740 seconds
295.641: [GC [PSYoungGen: 238576K->33760K(238592K)] 506057K->312283K(783360K), 0.0222120 secs] [Times: user=0.18 sys=0.00, real=0.02 secs] 
295.663: Total time for which application threads were stopped: 0.0224430 seconds, Stopping threads took: 0.0001020 seconds
295.743: Application time: 0.0793670 seconds
295.743: [GC [PSYoungGen: 238560K->33760K(238592K)] 517083K->337149K(783360K), 0.0292360 secs] [Times: user=0.23 sys=0.00, real=0.03 secs] 
295.772: Total time for which application threads were stopped: 0.0294530 seconds, Stopping threads took: 0.0001020 seconds
295.867: Application time: 0.0951730 seconds
295.868: [GC [PSYoungGen: 238560K->33776K(238592K)] 541949K->360987K(783360K), 0.0286950 secs] [Times: user=0.23 sys=0.00, real=0.03 secs] 
295.896: Total time for which application threads were stopped: 0.0289190 seconds, Stopping threads took: 0.0001040 seconds
295.977: Application time: 0.0802190 seconds
295.985: [GC [PSYoungGen: 238576K->33760K(238592K)] 565787K->370875K(783360K), 0.0231330 secs] [Times: user=0.18 sys=0.00, real=0.02 secs] 
296.008: Total time for which application threads were stopped: 0.0313080 seconds, Stopping threads took: 0.0080570 seconds
296.075: Application time: 0.0670330 seconds
296.075: [GC [PSYoungGen: 238560K->33776K(238592K)] 575675K->385133K(783360K), 0.0247830 secs] [Times: user=0.19 sys=0.00, real=0.02 secs] 
296.100: Total time for which application threads were stopped: 0.0250290 seconds, Stopping threads took: 0.0001230 seconds
296.181: Application time: 0.0810740 seconds
296.181: [GC [PSYoungGen: 238576K->33792K(238592K)] 589933K->411412K(783360K), 0.0293520 secs] [Times: user=0.23 sys=0.00, real=0.03 secs] 
296.211: Total time for which application threads were stopped: 0.0295910 seconds, Stopping threads took: 0.0001070 seconds
296.306: Application time: 0.0958060 seconds
296.307: [GC [PSYoungGen: 238592K->33792K(238592K)] 616212K->431584K(783360K), 0.0272230 secs] [Times: user=0.21 sys=0.00, real=0.03 secs] 
296.334: Total time for which application threads were stopped: 0.0274210 seconds, Stopping threads took: 0.0000780 seconds
296.412: Application time: 0.0780630 seconds
296.412: [GC [PSYoungGen: 238592K->33760K(238592K)] 636384K->437335K(783360K), 0.0227250 secs] [Times: user=0.18 sys=0.00, real=0.02 secs] 
296.435: Total time for which application threads were stopped: 0.0229400 seconds, Stopping threads took: 0.0000940 seconds
296.503: Application time: 0.0685520 seconds
296.504: [GC [PSYoungGen: 238560K->33776K(238592K)] 642135K->454605K(783360K), 0.0259380 secs] [Times: user=0.21 sys=0.00, real=0.03 secs] 
296.530: Total time for which application threads were stopped: 0.0261640 seconds, Stopping threads took: 0.0001070 seconds
296.613: Application time: 0.0837100 seconds
296.613: [GC [PSYoungGen: 238576K->33760K(238592K)] 659405K->485279K(783360K), 0.0320840 secs] [Times: user=0.25 sys=0.00, real=0.03 secs] 
296.646: Total time for which application threads were stopped: 0.0322720 seconds, Stopping threads took: 0.0000740 seconds
296.739: Application time: 0.0937080 seconds
296.741: [GC [PSYoungGen: 238560K->33760K(238592K)] 690079K->504186K(783360K), 0.0261960 secs] [Times: user=0.20 sys=0.00, real=0.02 secs] 
296.767: Total time for which application threads were stopped: 0.0282130 seconds, Stopping threads took: 0.0018860 seconds
296.844: Application time: 0.0766590 seconds
296.844: [GC [PSYoungGen: 238560K->33776K(238592K)] 708986K->508574K(783360K), 0.0228290 secs] [Times: user=0.18 sys=0.00, real=0.02 secs] 
296.867: Total time for which application threads were stopped: 0.0230780 seconds, Stopping threads took: 0.0001330 seconds
296.936: Application time: 0.0683740 seconds
296.936: [GC [PSYoungGen: 238576K->33776K(238592K)] 713374K->525716K(783360K), 0.0265480 secs] [Times: user=0.20 sys=0.00, real=0.03 secs] 
296.962: Total time for which application threads were stopped: 0.0267830 seconds, Stopping threads took: 0.0001150 seconds
297.049: Application time: 0.0864130 seconds
297.053: [GC [PSYoungGen: 238576K->33776K(238592K)] 730516K->555911K(783360K), 0.0330110 secs] [Times: user=0.26 sys=0.00, real=0.03 secs] 
297.086: [Full GC [PSYoungGen: 33776K->0K(238592K)] [ParOldGen: 522135K->75878K(544768K)] 555911K->75878K(783360K) [PSPermGen: 8873K->8873K(21504K)], 0.0784670 secs] [Times: user=0.56 sys=0.00, real=0.08 secs] 
297.165: Total time for which application threads were stopped: 0.1160060 seconds, Stopping threads took: 0.0043340 seconds
297.258: Application time: 0.0933420 seconds
297.258: [GC [PSYoungGen: 204800K->25344K(238592K)] 280678K->101222K(783360K), 0.0104690 secs] [Times: user=0.08 sys=0.00, real=0.01 secs] 
297.269: Total time for which application threads were stopped: 0.0106840 seconds, Stopping threads took: 0.0000820 seconds
297.343: Application time: 0.0738350 seconds
297.343: [GC [PSYoungGen: 230144K->28624K(238592K)] 306022K->104502K(783360K), 0.0109990 secs] [Times: user=0.08 sys=0.00, real=0.01 secs] 
297.354: Total time for which application threads were stopped: 0.0112140 seconds, Stopping threads took: 0.0000960 seconds
297.422: Application time: 0.0684590 seconds
297.422: [GC [PSYoungGen: 233424K->33776K(238592K)] 309302K->122736K(783360K), 0.0181620 secs] [Times: user=0.14 sys=0.00, real=0.01 secs] 
297.441: Total time for which application threads were stopped: 0.0183640 seconds, Stopping threads took: 0.0000850 seconds
297.531: Application time: 0.0902270 seconds
297.531: [GC [PSYoungGen: 238576K->33760K(238592K)] 327536K->150550K(783360K), 0.0252650 secs] [Times: user=0.20 sys=0.00, real=0.02 secs] 
297.556: Total time for which application threads were stopped: 0.0254680 seconds, Stopping threads took: 0.0000850 seconds
297.648: Application time: 0.0915780 seconds
297.649: [GC [PSYoungGen: 238560K->33776K(238592K)] 355350K->167373K(783360K), 0.0215300 secs] [Times: user=0.17 sys=0.00, real=0.02 secs] 
297.671: Total time for which application threads were stopped: 0.0229400 seconds, Stopping threads took: 0.0012710 seconds
297.743: Application time: 0.0718860 seconds
297.743: [GC [PSYoungGen: 238576K->33776K(238592K)] 372173K->170024K(783360K), 0.0163220 secs] [Times: user=0.13 sys=0.00, real=0.01 secs] 
297.759: Total time for which application threads were stopped: 0.0165770 seconds, Stopping threads took: 0.0001350 seconds
297.829: Application time: 0.0691650 seconds
297.829: [GC [PSYoungGen: 238576K->33776K(238592K)] 374824K->193954K(783360K), 0.0245760 secs] [Times: user=0.19 sys=0.00, real=0.03 secs] 
297.853: Total time for which application threads were stopped: 0.0248200 seconds, Stopping threads took: 0.0001100 seconds
297.946: Application time: 0.0928220 seconds
297.949: [GC [PSYoungGen: 238576K->33760K(238592K)] 398754K->227021K(783360K), 0.0290660 secs] [Times: user=0.23 sys=0.00, real=0.02 secs] 
297.978: Total time for which application threads were stopped: 0.0320690 seconds, Stopping threads took: 0.0028850 seconds
298.068: Application time: 0.0898950 seconds
298.068: [GC [PSYoungGen: 238560K->33776K(238592K)] 431821K->236384K(783360K), 0.0197870 secs] [Times: user=0.14 sys=0.00, real=0.02 secs] 
298.088: Total time for which application threads were stopped: 0.0200080 seconds, Stopping threads took: 0.0001010 seconds
298.157: Application time: 0.0689710 seconds
298.161: [GC [PSYoungGen: 238576K->33760K(238592K)] 441184K->239403K(783360K), 0.0175970 secs] [Times: user=0.14 sys=0.00, real=0.01 secs] 
298.179: Total time for which application threads were stopped: 0.0216910 seconds, Stopping threads took: 0.0039750 seconds
298.249: Application time: 0.0706280 seconds
298.250: [GC [PSYoungGen: 238560K->33776K(238592K)] 444203K->262729K(783360K), 0.0258100 secs] [Times: user=0.20 sys=0.00, real=0.02 secs] 
298.276: Total time for which application threads were stopped: 0.0260320 seconds, Stopping threads took: 0.0001010 seconds
298.371: Application time: 0.0951700 seconds
298.371: [GC [PSYoungGen: 238576K->33776K(238592K)] 467529K->294007K(783360K), 0.0295940 secs] [Times: user=0.23 sys=0.00, real=0.02 secs] 
298.400: Total time for which application threads were stopped: 0.0297980 seconds, Stopping threads took: 0.0000760 seconds
298.488: Application time: 0.0877110 seconds
298.488: [GC [PSYoungGen: 238576K->33776K(238592K)] 498807K->305291K(783360K), 0.0218080 secs] [Times: user=0.17 sys=0.00, real=0.03 secs] 
298.510: Total time for which application threads were stopped: 0.0220440 seconds, Stopping threads took: 0.0001050 seconds
298.578: Application time: 0.0677570 seconds
298.578: [GC [PSYoungGen: 238576K->33776K(238592K)] 510091K->310539K(783360K), 0.0215890 secs] [Times: user=0.17 sys=0.00, real=0.02 secs] 
298.600: Total time for which application threads were stopped: 0.0218030 seconds, Stopping threads took: 0.0000970 seconds
298.672: Application time: 0.0719880 seconds
298.672: [GC [PSYoungGen: 238576K->33776K(238592K)] 515339K->337860K(783360K), 0.0288020 secs] [Times: user=0.23 sys=0.00, real=0.02 secs] 
298.701: Total time for which application threads were stopped: 0.0290050 seconds, Stopping threads took: 0.0000880 seconds
298.798: Application time: 0.0968760 seconds
298.798: [GC [PSYoungGen: 238576K->33792K(238592K)] 542660K->363722K(783360K), 0.0265120 secs] [Times: user=0.21 sys=0.00, real=0.03 secs] 
298.824: Total time for which application threads were stopped: 0.0267140 seconds, Stopping threads took: 0.0000830 seconds
298.910: Application time: 0.0855650 seconds
298.910: [GC [PSYoungGen: 238592K->33776K(238592K)] 568522K->370294K(783360K), 0.0194880 secs] [Times: user=0.15 sys=0.00, real=0.02 secs] 
298.930: Total time for which application threads were stopped: 0.0197120 seconds, Stopping threads took: 0.0000910 seconds
298.996: Application time: 0.0664590 seconds
298.996: [GC [PSYoungGen: 238576K->32832K(238592K)] 575094K->375442K(783360K), 0.0193750 secs] [Times: user=0.16 sys=0.00, real=0.02 secs] 
299.016: Total time for which application threads were stopped: 0.0195890 seconds, Stopping threads took: 0.0000930 seconds
299.090: Application time: 0.0747580 seconds
299.091: [GC [PSYoungGen: 237632K->33760K(238592K)] 580242K->406220K(783360K), 0.0284690 secs] [Times: user=0.23 sys=0.00, real=0.02 secs] 
299.119: Total time for which application threads were stopped: 0.0286730 seconds, Stopping threads took: 0.0000870 seconds
299.217: Application time: 0.0978360 seconds
299.217: [GC [PSYoungGen: 238560K->33776K(238592K)] 611020K->427805K(783360K), 0.0254790 secs] [Times: user=0.20 sys=0.00, real=0.03 secs] 
299.243: Total time for which application threads were stopped: 0.0256880 seconds, Stopping threads took: 0.0000940 seconds
299.326: Application time: 0.0833920 seconds
299.326: [GC [PSYoungGen: 238576K->33760K(238592K)] 632605K->438105K(783360K), 0.0203290 secs] [Times: user=0.15 sys=0.00, real=0.02 secs] 
299.347: Total time for which application threads were stopped: 0.0205320 seconds, Stopping threads took: 0.0000820 seconds
299.412: Application time: 0.0651400 seconds
299.412: [GC [PSYoungGen: 238560K->33760K(238592K)] 642905K->444905K(783360K), 0.0192940 secs] [Times: user=0.15 sys=0.00, real=0.02 secs] 
299.431: Total time for which application threads were stopped: 0.0195060 seconds, Stopping threads took: 0.0000810 seconds
299.509: Application time: 0.0773570 seconds
299.509: [GC [PSYoungGen: 238560K->33776K(238592K)] 649705K->479486K(783360K), 0.0312600 secs] [Times: user=0.24 sys=0.00, real=0.03 secs] 
299.540: Total time for which application threads were stopped: 0.0314540 seconds, Stopping threads took: 0.0000750 seconds
299.638: Application time: 0.0982220 seconds
299.638: [GC [PSYoungGen: 238576K->33760K(238592K)] 684286K->505668K(783360K), 0.0274620 secs] [Times: user=0.21 sys=0.00, real=0.03 secs] 
299.666: Total time for which application threads were stopped: 0.0276670 seconds, Stopping threads took: 0.0000840 seconds
299.747: Application time: 0.0810700 seconds
299.747: [GC [PSYoungGen: 238560K->33776K(238592K)] 710468K->511317K(783360K), 0.0198340 secs] [Times: user=0.16 sys=0.00, real=0.02 secs] 
299.767: Total time for which application threads were stopped: 0.0200600 seconds, Stopping threads took: 0.0001090 seconds
299.832: Application time: 0.0646460 seconds
299.832: [GC [PSYoungGen: 238576K->33792K(238592K)] 716117K->516805K(783360K), 0.0193860 secs] [Times: user=0.15 sys=0.00, real=0.02 secs] 
299.851: Total time for which application threads were stopped: 0.0195880 seconds, Stopping threads took: 0.0000850 seconds
299.933: Application time: 0.0813190 seconds
299.933: [GC [PSYoungGen: 238592K->33776K(238592K)] 721605K->551676K(783360K), 0.0338160 secs] [Times: user=0.25 sys=0.00, real=0.03 secs] 
299.967: [Full GC [PSYoungGen: 33776K->0K(238592K)] [ParOldGen: 517900K->78905K(544768K)] 551676K->78905K(783360K) [PSPermGen: 8873K->8873K(21504K)], 0.0837290 secs] [Times: user=0.61 sys=0.00, real=0.09 secs] 
300.051: Total time for which application threads were stopped: 0.1178380 seconds, Stopping threads took: 0.0000990 seconds
300.149: Application time: 0.0984430 seconds
300.149: [GC [PSYoungGen: 204800K->30400K(238592K)] 283705K->109305K(783360K), 0.0122750 secs] [Times: user=0.09 sys=0.00, real=0.01 secs] 
300.161: Total time for which application threads were stopped: 0.0125160 seconds, Stopping threads took: 0.0001230 seconds
300.240: Application time: 0.0783160 seconds
300.240: [GC [PSYoungGen: 235200K->33776K(238592K)] 314105K->115345K(783360K), 0.0139380 secs] [Times: user=0.11 sys=0.00, real=0.02 secs] 
300.254: Total time for which application threads were stopped: 0.0141500 seconds, Stopping threads took: 0.0000910 seconds
300.318: Application time: 0.0636300 seconds
300.321: [GC [PSYoungGen: 238576K->33760K(238592K)] 320145K->119361K(783360K), 0.0146500 secs] [Times: user=0.11 sys=0.00, real=0.01 secs] 
300.336: Total time for which application threads were stopped: 0.0182980 seconds, Stopping threads took: 0.0035300 seconds
300.420: Application time: 0.0843890 seconds
300.420: [GC [PSYoungGen: 238560K->33760K(238592K)] 324161K->154352K(783360K), 0.0278260 secs] [Times: user=0.22 sys=0.00, real=0.03 secs] 
300.448: Total time for which application threads were stopped: 0.0280550 seconds, Stopping threads took: 0.0001080 seconds
300.547: Application time: 0.0984370 seconds
300.547: [GC [PSYoungGen: 238560K->33776K(238592K)] 359152K->182141K(783360K), 0.0255730 secs] [Times: user=0.20 sys=0.00, real=0.03 secs] 
300.573: Total time for which application threads were stopped: 0.0257890 seconds, Stopping threads took: 0.0000840 seconds
300.648: Application time: 0.0753990 seconds
300.648: [GC [PSYoungGen: 238576K->33792K(238592K)] 386941K->186392K(783360K), 0.0169800 secs] [Times: user=0.13 sys=0.00, real=0.02 secs] 
300.665: Total time for which application threads were stopped: 0.0172010 seconds, Stopping threads took: 0.0001040 seconds
300.728: Application time: 0.0631470 seconds
300.728: [GC [PSYoungGen: 238592K->33776K(238592K)] 391192K->193101K(783360K), 0.0174830 secs] [Times: user=0.13 sys=0.00, real=0.02 secs] 
300.746: Total time for which application threads were stopped: 0.0177040 seconds, Stopping threads took: 0.0001030 seconds
300.834: Application time: 0.0875630 seconds
300.834: [GC [PSYoungGen: 238576K->33760K(238592K)] 397901K->233284K(783360K), 0.0315390 secs] [Times: user=0.25 sys=0.00, real=0.03 secs] 
300.865: Total time for which application threads were stopped: 0.0317400 seconds, Stopping threads took: 0.0000790 seconds
300.963: Application time: 0.0981240 seconds
300.964: [GC [PSYoungGen: 238560K->33776K(238592K)] 438084K->255984K(783360K), 0.0245530 secs] [Times: user=0.19 sys=0.01, real=0.02 secs] 
300.988: Total time for which application threads were stopped: 0.0247590 seconds, Stopping threads took: 0.0000880 seconds
301.061: Application time: 0.0729690 seconds
301.061: [GC [PSYoungGen: 238576K->33776K(238592K)] 460784K->259287K(783360K), 0.0169900 secs] [Times: user=0.13 sys=0.00, real=0.01 secs] 
301.078: Total time for which application threads were stopped: 0.0172290 seconds, Stopping threads took: 0.0001000 seconds
301.141: Application time: 0.0630350 seconds
301.142: [GC [PSYoungGen: 238576K->33760K(238592K)] 464087K->272518K(783360K), 0.0204800 secs] [Times: user=0.15 sys=0.00, real=0.02 secs] 
301.162: Total time for which application threads were stopped: 0.0206800 seconds, Stopping threads took: 0.0000800 seconds
301.252: Application time: 0.0902500 seconds
301.253: [GC [PSYoungGen: 238560K->33776K(238592K)] 477318K->310531K(783360K), 0.0318330 secs] [Times: user=0.25 sys=0.00, real=0.03 secs] 
301.284: Total time for which application threads were stopped: 0.0320450 seconds, Stopping threads took: 0.0000870 seconds
301.381: Application time: 0.0961640 seconds
301.381: [GC [PSYoungGen: 238576K->33760K(238592K)] 515331K->327634K(783360K), 0.0235390 secs] [Times: user=0.19 sys=0.00, real=0.03 secs] 
301.404: Total time for which application threads were stopped: 0.0237420 seconds, Stopping threads took: 0.0000830 seconds
301.476: Application time: 0.0711790 seconds
301.477: [GC [PSYoungGen: 238560K->33776K(238592K)] 532434K->330642K(783360K), 0.0186360 secs] [Times: user=0.14 sys=0.00, real=0.02 secs] 
301.496: Total time for which application threads were stopped: 0.0203290 seconds, Stopping threads took: 0.0015750 seconds
301.560: Application time: 0.0640850 seconds
301.560: [GC [PSYoungGen: 238576K->33760K(238592K)] 535442K->349184K(783360K), 0.0238470 secs] [Times: user=0.19 sys=0.00, real=0.03 secs] 
301.584: Total time for which application threads were stopped: 0.0240670 seconds, Stopping threads took: 0.0001020 seconds
301.678: Application time: 0.0937030 seconds
301.678: [GC [PSYoungGen: 238560K->33776K(238592K)] 553984K->382421K(783360K), 0.0317820 secs] [Times: user=0.25 sys=0.00, real=0.04 secs] 
301.710: Total time for which application threads were stopped: 0.0320010 seconds, Stopping threads took: 0.0000880 seconds
301.804: Application time: 0.0945250 seconds
301.804: [GC [PSYoungGen: 238576K->33760K(238592K)] 587221K->393524K(783360K), 0.0240390 secs] [Times: user=0.19 sys=0.00, real=0.02 secs] 
301.829: Total time for which application threads were stopped: 0.0242620 seconds, Stopping threads took: 0.0001040 seconds
301.897: Application time: 0.0688060 seconds
301.897: [GC [PSYoungGen: 238560K->33776K(238592K)] 598324K->397076K(783360K), 0.0218100 secs] [Times: user=0.17 sys=0.00, real=0.02 secs] 
301.919: Total time for which application threads were stopped: 0.0220070 seconds, Stopping threads took: 0.0000790 seconds
301.985: Application time: 0.0660220 seconds
301.986: [GC [PSYoungGen: 238576K->33760K(238592K)] 601876K->421751K(783360K), 0.0285290 secs] [Times: user=0.22 sys=0.00, real=0.03 secs] 
302.014: Total time for which application threads were stopped: 0.0287350 seconds, Stopping threads took: 0.0000890 seconds
302.109: Application time: 0.0949950 seconds
302.109: [GC [PSYoungGen: 238560K->33776K(238592K)] 626551K->452664K(783360K), 0.0308460 secs] [Times: user=0.24 sys=0.00, real=0.02 secs] 
302.140: Total time for which application threads were stopped: 0.0310490 seconds, Stopping threads took: 0.0000850 seconds
302.232: Application time: 0.0922160 seconds
302.233: [GC [PSYoungGen: 238576K->33760K(238592K)] 657464K->463452K(783360K), 0.0233250 secs] [Times: user=0.18 sys=0.00, real=0.02 secs] 
302.256: Total time for which application threads were stopped: 0.0235680 seconds, Stopping threads took: 0.0001070 seconds
302.323: Application time: 0.0674450 seconds
302.324: [GC [PSYoungGen: 238560K->33776K(238592K)] 668252K->466308K(783360K), 0.0219700 secs] [Times: user=0.16 sys=0.00, real=0.02 secs] 
302.346: Total time for which application threads were stopped: 0.0222060 seconds, Stopping threads took: 0.0001190 seconds
302.414: Application time: 0.0684610 seconds
302.414: [GC [PSYoungGen: 238576K->33760K(238592K)] 671108K->492746K(783360K), 0.0297050 secs] [Times: user=0.24 sys=0.00, real=0.03 secs] 
302.444: Total time for which application threads were stopped: 0.0298990 seconds, Stopping threads took: 0.0000780 seconds
302.540: Application time: 0.0965310 seconds
302.541: [GC [PSYoungGen: 238560K->33760K(238592K)] 697546K->525350K(783360K), 0.0320630 secs] [Times: user=0.25 sys=0.00, real=0.04 secs] 
302.573: Total time for which application threads were stopped: 0.0322650 seconds, Stopping threads took: 0.0000830 seconds
302.663: Application time: 0.0901350 seconds
302.663: [GC [PSYoungGen: 238560K->33760K(238592K)] 730150K->534743K(783360K), 0.0218630 secs] [Times: user=0.17 sys=0.00, real=0.02 secs] 
302.685: [Full GC [PSYoungGen: 33760K->0K(238592K)] [ParOldGen: 500983K->78372K(544768K)] 534743K->78372K(783360K) [PSPermGen: 8873K->8873K(21504K)], 0.0837230 secs] [Times: user=0.61 sys=0.00, real=0.08 secs] 
302.769: Total time for which application threads were stopped: 0.1058790 seconds, Stopping threads took: 0.0000920 seconds
302.835: Application time: 0.0661500 seconds
302.835: [GC [PSYoungGen: 204800K->2816K(238592K)] 283172K->81188K(783360K), 0.0015500 secs] [Times: user=0.01 sys=0.00, real=0.00 secs] 
302.837: Total time for which application threads were stopped: 0.0017470 seconds, Stopping threads took: 0.0000780 seconds
302.908: Application time: 0.0710100 seconds
302.908: [GC [PSYoungGen: 207616K->33760K(238592K)] 285988K->112828K(783360K), 0.0138710 secs] [Times: user=0.11 sys=0.00, real=0.02 secs] 
302.922: Total time for which application threads were stopped: 0.0140930 seconds, Stopping threads took: 0.0001050 seconds
303.021: Application time: 0.0988600 seconds
303.021: [GC [PSYoungGen: 238560K->33760K(238592K)] 317628K->145030K(783360K), 0.0257780 secs] [Times: user=0.20 sys=0.00, real=0.03 secs] 
303.047: Total time for which application threads were stopped: 0.0259740 seconds, Stopping threads took: 0.0000780 seconds
303.132: Application time: 0.0858330 seconds
303.133: [GC [PSYoungGen: 238560K->33776K(238592K)] 349830K->152842K(783360K), 0.0170320 secs] [Times: user=0.13 sys=0.00, real=0.02 secs] 
303.150: Total time for which application threads were stopped: 0.0172580 seconds, Stopping threads took: 0.0001030 seconds
303.215: Application time: 0.0649000 seconds
303.215: [GC [PSYoungGen: 238576K->33760K(238592K)] 357642K->153722K(783360K), 0.0153700 secs] [Times: user=0.12 sys=0.00, real=0.02 secs] 
303.230: Total time for which application threads were stopped: 0.0155820 seconds, Stopping threads took: 0.0000940 seconds
303.304: Application time: 0.0735910 seconds
303.304: [GC [PSYoungGen: 238560K->33760K(238592K)] 358522K->188267K(783360K), 0.0281070 secs] [Times: user=0.21 sys=0.00, real=0.03 secs] 
303.332: Total time for which application threads were stopped: 0.0283200 seconds, Stopping threads took: 0.0000960 seconds
303.432: Application time: 0.0997230 seconds
303.432: [GC [PSYoungGen: 238560K->33776K(238592K)] 393067K->216548K(783360K), 0.0264090 secs] [Times: user=0.21 sys=0.00, real=0.02 secs] 
303.458: Total time for which application threads were stopped: 0.0266410 seconds, Stopping threads took: 0.0001010 seconds
303.542: Application time: 0.0831720 seconds
303.542: [GC [PSYoungGen: 238576K->33776K(238592K)] 421348K->222279K(783360K), 0.0174020 secs] [Times: user=0.14 sys=0.00, real=0.01 secs] 
303.559: Total time for which application threads were stopped: 0.0176240 seconds, Stopping threads took: 0.0001010 seconds
303.624: Application time: 0.0650860 seconds
303.625: [GC [PSYoungGen: 238576K->33792K(238592K)] 427079K->226575K(783360K), 0.0167500 secs] [Times: user=0.13 sys=0.00, real=0.02 secs] 
303.641: Total time for which application threads were stopped: 0.0169680 seconds, Stopping threads took: 0.0000980 seconds
303.718: Application time: 0.0768540 seconds
303.718: [GC [PSYoungGen: 238592K->33776K(238592K)] 431375K->261344K(783360K), 0.0297200 secs] [Times: user=0.23 sys=0.00, real=0.03 secs] 
303.748: Total time for which application threads were stopped: 0.0299360 seconds, Stopping threads took: 0.0000990 seconds
303.850: Application time: 0.1019670 seconds
303.850: [GC [PSYoungGen: 238576K->33776K(238592K)] 466144K->290395K(783360K), 0.0280340 secs] [Times: user=0.22 sys=0.00, real=0.02 secs] 
303.878: Total time for which application threads were stopped: 0.0282470 seconds, Stopping threads took: 0.0000950 seconds
303.958: Application time: 0.0793200 seconds
303.958: [GC [PSYoungGen: 238576K->33760K(238592K)] 495195K->296311K(783360K), 0.0185800 secs] [Times: user=0.15 sys=0.00, real=0.02 secs] 
303.976: Total time for which application threads were stopped: 0.0188030 seconds, Stopping threads took: 0.0000910 seconds
304.040: Application time: 0.0635330 seconds
304.040: [GC [PSYoungGen: 238560K->33792K(238592K)] 501111K->301351K(783360K), 0.0185170 secs] [Times: user=0.14 sys=0.00, real=0.02 secs] 
304.059: Total time for which application threads were stopped: 0.0187120 seconds, Stopping threads took: 0.0000760 seconds
304.138: Application time: 0.0794490 seconds
304.138: [GC [PSYoungGen: 238592K->33792K(238592K)] 506151K->337052K(783360K), 0.0320230 secs] [Times: user=0.25 sys=0.00, real=0.04 secs] 
304.170: Total time for which application threads were stopped: 0.0322410 seconds, Stopping threads took: 0.0001020 seconds
304.272: Application time: 0.1018650 seconds
304.272: [GC [PSYoungGen: 238592K->33760K(238592K)] 541852K->365006K(783360K), 0.0277930 secs] [Times: user=0.21 sys=0.00, real=0.02 secs] 
304.300: Total time for which application threads were stopped: 0.0280240 seconds, Stopping threads took: 0.0001090 seconds
304.377: Application time: 0.0764690 seconds
304.377: [GC [PSYoungGen: 238560K->33760K(238592K)] 569806K->368906K(783360K), 0.0184500 secs] [Times: user=0.13 sys=0.00, real=0.02 secs] 
304.395: Total time for which application threads were stopped: 0.0186670 seconds, Stopping threads took: 0.0000980 seconds
304.458: Application time: 0.0630020 seconds
304.459: [GC [PSYoungGen: 238560K->26848K(238592K)] 573706K->377192K(783360K), 0.0199510 secs] [Times: user=0.15 sys=0.00, real=0.02 secs] 
304.479: Total time for which application threads were stopped: 0.0201780 seconds, Stopping threads took: 0.0000940 seconds
304.562: Application time: 0.0834380 seconds
304.562: [GC [PSYoungGen: 231648K->33776K(238592K)] 581992K->414466K(783360K), 0.0287860 secs] [Times: user=0.23 sys=0.00, real=0.03 secs] 
304.591: Total time for which application threads were stopped: 0.0290090 seconds, Stopping threads took: 0.0001040 seconds
304.693: Application time: 0.1021470 seconds
304.697: [GC [PSYoungGen: 238576K->33760K(238592K)] 619266K->433058K(783360K), 0.0246130 secs] [Times: user=0.19 sys=0.00, real=0.03 secs] 
304.722: Total time for which application threads were stopped: 0.0286210 seconds, Stopping threads took: 0.0038840 seconds
304.796: Application time: 0.0737100 seconds
304.796: [GC [PSYoungGen: 238560K->33776K(238592K)] 637858K->436547K(783360K), 0.0184350 secs] [Times: user=0.14 sys=0.00, real=0.02 secs] 
304.814: Total time for which application threads were stopped: 0.0186400 seconds, Stopping threads took: 0.0000850 seconds
304.878: Application time: 0.0634040 seconds
304.881: [GC [PSYoungGen: 238576K->33776K(238592K)] 641347K->447434K(783360K), 0.0211030 secs] [Times: user=0.16 sys=0.00, real=0.02 secs] 
304.902: Total time for which application threads were stopped: 0.0247550 seconds, Stopping threads took: 0.0035320 seconds
304.989: Application time: 0.0864370 seconds
304.989: [GC [PSYoungGen: 238576K->33776K(238592K)] 652234K->485571K(783360K), 0.0325420 secs] [Times: user=0.26 sys=0.00, real=0.04 secs] 
305.022: Total time for which application threads were stopped: 0.0327950 seconds, Stopping threads took: 0.0001220 seconds
305.121: Application time: 0.0998400 seconds
305.122: [GC [PSYoungGen: 238576K->33760K(238592K)] 690371K->503515K(783360K), 0.0245900 secs] [Times: user=0.19 sys=0.01, real=0.02 secs] 
305.146: Total time for which application threads were stopped: 0.0248040 seconds, Stopping threads took: 0.0000930 seconds
305.218: Application time: 0.0720030 seconds
305.218: [GC [PSYoungGen: 238560K->33760K(238592K)] 708315K->506459K(783360K), 0.0194740 secs] [Times: user=0.15 sys=0.00, real=0.02 secs] 
305.238: Total time for which application threads were stopped: 0.0196720 seconds, Stopping threads took: 0.0000800 seconds
305.302: Application time: 0.0640020 seconds
305.302: [GC [PSYoungGen: 238560K->33776K(238592K)] 711259K->519726K(783360K), 0.0225780 secs] [Times: user=0.17 sys=0.00, real=0.02 secs] 
305.325: Total time for which application threads were stopped: 0.0227850 seconds, Stopping threads took: 0.0000870 seconds
305.414: Application time: 0.0890650 seconds
305.414: [GC [PSYoungGen: 238576K->33760K(238592K)] 724526K->555903K(783360K), 0.0331310 secs] [Times: user=0.26 sys=0.00, real=0.03 secs] 
305.447: [Full GC [PSYoungGen: 33760K->0K(238592K)] [ParOldGen: 522143K->79280K(544768K)] 555903K->79280K(783360K) [PSPermGen: 8873K->8873K(21504K)], 0.0842540 secs] [Times: user=0.61 sys=0.00, real=0.09 secs] 
305.531: Total time for which application threads were stopped: 0.1176600 seconds, Stopping threads took: 0.0000810 seconds
305.629: Application time: 0.0976240 seconds
305.629: [GC [PSYoungGen: 204800K->26448K(238592K)] 284080K->105728K(783360K), 0.0109190 secs] [Times: user=0.09 sys=0.00, real=0.00 secs] 
305.640: Total time for which application threads were stopped: 0.0111470 seconds, Stopping threads took: 0.0000940 seconds
305.711: Application time: 0.0703040 seconds
305.711: [GC [PSYoungGen: 231248K->29520K(238592K)] 310528K->108800K(783360K), 0.0111050 secs] [Times: user=0.09 sys=0.00, real=0.01 secs] 
305.722: Total time for which application threads were stopped: 0.0113490 seconds, Stopping threads took: 0.0001260 seconds
305.787: Application time: 0.0651600 seconds
305.787: [GC [PSYoungGen: 234320K->33760K(238592K)] 313600K->123628K(783360K), 0.0168660 secs] [Times: user=0.13 sys=0.00, real=0.02 secs] 
305.804: Total time for which application threads were stopped: 0.0170910 seconds, Stopping threads took: 0.0001030 seconds
305.897: Application time: 0.0930200 seconds
305.897: [GC [PSYoungGen: 238560K->33776K(238592K)] 328428K->158887K(783360K), 0.0278590 secs] [Times: user=0.22 sys=0.00, real=0.03 secs] 
305.925: Total time for which application threads were stopped: 0.0280770 seconds, Stopping threads took: 0.0001010 seconds
306.020: Application time: 0.0945990 seconds
306.020: [GC [PSYoungGen: 238576K->33760K(238592K)] 363687K->172559K(783360K), 0.0207400 secs] [Times: user=0.16 sys=0.00, real=0.02 secs] 
306.041: Total time for which application threads were stopped: 0.0209620 seconds, Stopping threads took: 0.0001010 seconds
306.111: Application time: 0.0698310 seconds
306.111: [GC [PSYoungGen: 238560K->33760K(238592K)] 377359K->180250K(783360K), 0.0186480 secs] [Times: user=0.14 sys=0.00, real=0.02 secs] 
306.130: Total time for which application threads were stopped: 0.0188720 seconds, Stopping threads took: 0.0001040 seconds
306.195: Application time: 0.0654760 seconds
306.195: [GC [PSYoungGen: 238560K->33776K(238592K)] 385050K->198321K(783360K), 0.0227630 secs] [Times: user=0.18 sys=0.00, real=0.02 secs] 
306.218: Total time for which application threads were stopped: 0.0229860 seconds, Stopping threads took: 0.0000890 seconds
306.315: Application time: 0.0965370 seconds
306.315: [GC [PSYoungGen: 238576K->33776K(238592K)] 403121K->236728K(783360K), 0.0325400 secs] [Times: user=0.26 sys=0.00, real=0.03 secs] 
306.347: Total time for which application threads were stopped: 0.0327370 seconds, Stopping threads took: 0.0000830 seconds
306.438: Application time: 0.0905280 seconds
306.438: [GC [PSYoungGen: 238576K->33776K(238592K)] 441528K->247749K(783360K), 0.0205240 secs] [Times: user=0.16 sys=0.00, real=0.02 secs] 
306.459: Total time for which application threads were stopped: 0.0207340 seconds, Stopping threads took: 0.0000900 seconds
306.527: Application time: 0.0684270 seconds
306.527: [GC [PSYoungGen: 238576K->33776K(238592K)] 452549K->255721K(783360K), 0.0197480 secs] [Times: user=0.16 sys=0.00, real=0.02 secs] 
306.547: Total time for which application threads were stopped: 0.0199650 seconds, Stopping threads took: 0.0000970 seconds
306.614: Application time: 0.0673530 seconds
306.614: [GC [PSYoungGen: 238576K->33776K(238592K)] 460521K->276597K(783360K), 0.0251030 secs] [Times: user=0.19 sys=0.00, real=0.02 secs] 
306.640: Total time for which application threads were stopped: 0.0253120 seconds, Stopping threads took: 0.0000930 seconds
306.738: Application time: 0.0987740 seconds
306.739: [GC [PSYoungGen: 238576K->33760K(238592K)] 481397K->312504K(783360K), 0.0322860 secs] [Times: user=0.25 sys=0.00, real=0.04 secs] 
306.771: Total time for which application threads were stopped: 0.0325030 seconds, Stopping threads took: 0.0000810 seconds
306.859: Application time: 0.0880620 seconds
306.859: [GC [PSYoungGen: 238560K->33792K(238592K)] 517304K->320391K(783360K), 0.0192930 secs] [Times: user=0.14 sys=0.00, real=0.02 secs] 
306.878: Total time for which application threads were stopped: 0.0195060 seconds, Stopping threads took: 0.0000940 seconds
306.947: Application time: 0.0684060 seconds
306.949: [GC [PSYoungGen: 238592K->33776K(238592K)] 525191K->326638K(783360K), 0.0194150 secs] [Times: user=0.15 sys=0.00, real=0.01 secs] 
306.969: Total time for which application threads were stopped: 0.0217950 seconds, Stopping threads took: 0.0022600 seconds
307.037: Application time: 0.0683550 seconds
307.037: [GC [PSYoungGen: 238576K->33776K(238592K)] 531438K->351983K(783360K), 0.0269430 secs] [Times: user=0.22 sys=0.00, real=0.03 secs] 
307.064: Total time for which application threads were stopped: 0.0271750 seconds, Stopping threads took: 0.0001160 seconds
307.165: Application time: 0.1003530 seconds
307.165: [GC [PSYoungGen: 238576K->33760K(238592K)] 556783K->384057K(783360K), 0.0293800 secs] [Times: user=0.23 sys=0.00, real=0.03 secs] 
307.194: Total time for which application threads were stopped: 0.0295750 seconds, Stopping threads took: 0.0000790 seconds
307.280: Application time: 0.0853930 seconds
307.280: [GC [PSYoungGen: 238560K->33776K(238592K)] 588857K->388921K(783360K), 0.0189500 secs] [Times: user=0.15 sys=0.00, real=0.02 secs] 
307.299: Total time for which application threads were stopped: 0.0191930 seconds, Stopping threads took: 0.0001100 seconds
307.366: Application time: 0.0677010 seconds
307.367: [GC [PSYoungGen: 238576K->33760K(238592K)] 593721K->395928K(783360K), 0.0195460 secs] [Times: user=0.16 sys=0.00, real=0.02 secs] 
307.386: Total time for which application threads were stopped: 0.0197760 seconds, Stopping threads took: 0.0001140 seconds
307.456: Application time: 0.0702850 seconds
307.457: [GC [PSYoungGen: 238560K->33776K(238592K)] 600728K->425032K(783360K), 0.0274080 secs] [Times: user=0.22 sys=0.00, real=0.03 secs] 
307.484: Total time for which application threads were stopped: 0.0276170 seconds, Stopping threads took: 0.0000880 seconds
307.585: Application time: 0.1013860 seconds
307.586: [GC [PSYoungGen: 238576K->33760K(238592K)] 629832K->448271K(783360K), 0.0266970 secs] [Times: user=0.20 sys=0.00, real=0.03 secs] 
307.612: Total time for which application threads were stopped: 0.0269280 seconds, Stopping threads took: 0.0001000 seconds
307.695: Application time: 0.0826360 seconds
307.695: [GC [PSYoungGen: 238560K->33776K(238592K)] 653071K->458742K(783360K), 0.0201140 secs] [Times: user=0.16 sys=0.00, real=0.02 secs] 
307.715: Total time for which application threads were stopped: 0.0203270 seconds, Stopping threads took: 0.0000890 seconds
307.783: Application time: 0.0673100 seconds
307.783: [GC [PSYoungGen: 238576K->33776K(238592K)] 663542K->462998K(783360K), 0.0184260 secs] [Times: user=0.14 sys=0.00, real=0.02 secs] 
307.801: Total time for which application threads were stopped: 0.0187000 seconds, Stopping threads took: 0.0001360 seconds
307.874: Application time: 0.0728160 seconds
307.874: [GC [PSYoungGen: 238576K->33760K(238592K)] 667798K->493839K(783360K), 0.0298460 secs] [Times: user=0.24 sys=0.00, real=0.03 secs] 
307.904: Total time for which application threads were stopped: 0.0300410 seconds, Stopping threads took: 0.0000760 seconds
308.006: Application time: 0.1012920 seconds
308.006: [GC [PSYoungGen: 238560K->33776K(238592K)] 698639K->521286K(783360K), 0.0294480 secs] [Times: user=0.23 sys=0.00, real=0.03 secs] 
308.035: Total time for which application threads were stopped: 0.0296570 seconds, Stopping threads took: 0.0000900 seconds
308.116: Application time: 0.0805440 seconds
308.116: [GC [PSYoungGen: 238576K->33760K(238592K)] 726086K->532417K(783360K), 0.0214920 secs] [Times: user=0.16 sys=0.01, real=0.02 secs] 
308.137: [Full GC [PSYoungGen: 33760K->0K(238592K)] [ParOldGen: 498657K->76955K(544768K)] 532417K->76955K(783360K) [PSPermGen: 8873K->8873K(21504K)], 0.0812430 secs] [Times: user=0.59 sys=0.00, real=0.08 secs] 
308.219: Total time for which application threads were stopped: 0.1030220 seconds, Stopping threads took: 0.0000880 seconds
308.285: Application time: 0.0663210 seconds
308.285: [GC [PSYoungGen: 204800K->5104K(238592K)] 281755K->82059K(783360K), 0.0025880 secs] [Times: user=0.02 sys=0.00, real=0.00 secs] 
308.288: Total time for which application threads were stopped: 0.0028320 seconds, Stopping threads took: 0.0001120 seconds
308.365: Application time: 0.0766950 seconds
308.365: [GC [PSYoungGen: 209904K->33776K(238592K)] 286859K->114742K(783360K), 0.0154400 secs] [Times: user=0.12 sys=0.00, real=0.01 secs] 
308.380: Total time for which application threads were stopped: 0.0156830 seconds, Stopping threads took: 0.0001280 seconds
308.481: Application time: 0.1006820 seconds
308.481: [GC [PSYoungGen: 238576K->33760K(238592K)] 319542K->141228K(783360K), 0.0238540 secs] [Times: user=0.19 sys=0.00, real=0.02 secs] 
308.505: Total time for which application threads were stopped: 0.0240700 seconds, Stopping threads took: 0.0000910 seconds
308.583: Application time: 0.0783000 seconds
308.584: [GC [PSYoungGen: 238560K->33776K(238592K)] 346028K->149251K(783360K), 0.0188830 secs] [Times: user=0.14 sys=0.00, real=0.02 secs] 
308.602: Total time for which application threads were stopped: 0.0190850 seconds, Stopping threads took: 0.0000860 seconds
308.668: Application time: 0.0657670 seconds
308.668: [GC [PSYoungGen: 238576K->33760K(238592K)] 354051K->155399K(783360K), 0.0171420 secs] [Times: user=0.14 sys=0.00, real=0.02 secs] 
308.686: Total time for which application threads were stopped: 0.0173540 seconds, Stopping threads took: 0.0000950 seconds
308.766: Application time: 0.0806670 seconds
308.766: [GC [PSYoungGen: 238560K->33776K(238592K)] 360199K->191515K(783360K), 0.0300670 secs] [Times: user=0.23 sys=0.00, real=0.03 secs] 
308.797: Total time for which application threads were stopped: 0.0303090 seconds, Stopping threads took: 0.0001260 seconds
308.896: Application time: 0.0993200 seconds
308.896: [GC [PSYoungGen: 238576K->33760K(238592K)] 396315K->210795K(783360K), 0.0245920 secs] [Times: user=0.19 sys=0.00, real=0.02 secs] 
308.921: Total time for which application threads were stopped: 0.0248130 seconds, Stopping threads took: 0.0000860 seconds
308.997: Application time: 0.0762030 seconds
308.997: [GC [PSYoungGen: 238560K->33760K(238592K)] 415595K->219611K(783360K), 0.0196010 secs] [Times: user=0.15 sys=0.00, real=0.02 secs] 
309.017: Total time for which application threads were stopped: 0.0198380 seconds, Stopping threads took: 0.0001070 seconds
309.082: Application time: 0.0648950 seconds
309.082: [GC [PSYoungGen: 238560K->33776K(238592K)] 424411K->226387K(783360K), 0.0187950 secs] [Times: user=0.15 sys=0.00, real=0.01 secs] 
309.101: Total time for which application threads were stopped: 0.0189970 seconds, Stopping threads took: 0.0000850 seconds
309.183: Application time: 0.0824920 seconds
309.183: [GC [PSYoungGen: 238576K->33776K(238592K)] 431187K->261943K(783360K), 0.0309810 secs] [Times: user=0.24 sys=0.00, real=0.03 secs] 
309.214: Total time for which application threads were stopped: 0.0311820 seconds, Stopping threads took: 0.0000850 seconds
309.313: Application time: 0.0991430 seconds
309.314: [GC [PSYoungGen: 238576K->33760K(238592K)] 466743K->285161K(783360K), 0.0264590 secs] [Times: user=0.20 sys=0.00, real=0.02 secs] 
309.340: Total time for which application threads were stopped: 0.0266530 seconds, Stopping threads took: 0.0000740 seconds
309.416: Application time: 0.0756920 seconds
309.416: [GC [PSYoungGen: 238560K->33760K(238592K)] 489961K->293897K(783360K), 0.0204050 secs] [Times: user=0.16 sys=0.00, real=0.02 secs] 
309.436: Total time for which application threads were stopped: 0.0206310 seconds, Stopping threads took: 0.0000880 seconds
309.501: Application time: 0.0647810 seconds
309.501: [GC [PSYoungGen: 238560K->33776K(238592K)] 498697K->305476K(783360K), 0.0210250 secs] [Times: user=0.16 sys=0.00, real=0.02 secs] 
309.522: Total time for which application threads were stopped: 0.0212250 seconds, Stopping threads took: 0.0000830 seconds
309.609: Application time: 0.0868800 seconds
309.609: [GC [PSYoungGen: 238576K->33776K(238592K)] 510276K->342897K(783360K), 0.0327350 secs] [Times: user=0.26 sys=0.00, real=0.03 secs] 
309.642: Total time for which application threads were stopped: 0.0329390 seconds, Stopping threads took: 0.0000880 seconds
309.739: Application time: 0.0962340 seconds
309.739: [GC [PSYoungGen: 238576K->33760K(238592K)] 547697K->363547K(783360K), 0.0257480 secs] [Times: user=0.20 sys=0.00, real=0.03 secs] 
309.764: Total time for which application threads were stopped: 0.0259730 seconds, Stopping threads took: 0.0001070 seconds
309.839: Application time: 0.0744270 seconds
309.839: [GC [PSYoungGen: 238560K->33760K(238592K)] 568347K->373475K(783360K), 0.0220750 secs] [Times: user=0.18 sys=0.00, real=0.03 secs] 
309.861: Total time for which application threads were stopped: 0.0222810 seconds, Stopping threads took: 0.0000860 seconds
309.927: Application time: 0.0654070 seconds
309.927: [GC [PSYoungGen: 238560K->33776K(238592K)] 578275K->390324K(783360K), 0.0243160 secs] [Times: user=0.19 sys=0.00, real=0.03 secs] 
309.951: Total time for which application threads were stopped: 0.0245300 seconds, Stopping threads took: 0.0000820 seconds
310.041: Application time: 0.0894840 seconds
310.041: [GC [PSYoungGen: 238576K->33760K(238592K)] 595124K->424243K(783360K), 0.0315560 secs] [Times: user=0.25 sys=0.00, real=0.04 secs] 
310.072: Total time for which application threads were stopped: 0.0317600 seconds, Stopping threads took: 0.0000850 seconds
310.165: Application time: 0.0925700 seconds
310.169: [GC [PSYoungGen: 238560K->33760K(238592K)] 629043K->434939K(783360K), 0.0237720 secs] [Times: user=0.19 sys=0.00, real=0.02 secs] 
310.193: Total time for which application threads were stopped: 0.0280180 seconds, Stopping threads took: 0.0041280 seconds
310.266: Application time: 0.0733400 seconds
310.267: [GC [PSYoungGen: 238560K->33776K(238592K)] 639739K->441539K(783360K), 0.0229470 secs] [Times: user=0.18 sys=0.00, real=0.03 secs] 
310.290: Total time for which application threads were stopped: 0.0231840 seconds, Stopping threads took: 0.0001190 seconds
310.356: Application time: 0.0664230 seconds
310.356: [GC [PSYoungGen: 238576K->33776K(238592K)] 646339K->459954K(783360K), 0.0262320 secs] [Times: user=0.20 sys=0.00, real=0.03 secs] 
310.382: Total time for which application threads were stopped: 0.0264390 seconds, Stopping threads took: 0.0000850 seconds
310.474: Application time: 0.0920560 seconds
310.475: [GC [PSYoungGen: 238576K->33776K(238592K)] 664754K->493092K(783360K), 0.0336500 secs] [Times: user=0.26 sys=0.00, real=0.03 secs] 
310.508: Total time for which application threads were stopped: 0.0338510 seconds, Stopping threads took: 0.0000730 seconds
310.600: Application time: 0.0914860 seconds
310.600: [GC [PSYoungGen: 238576K->33776K(238592K)] 697892K->508854K(783360K), 0.0252640 secs] [Times: user=0.20 sys=0.00, real=0.03 secs] 
310.625: Total time for which application threads were stopped: 0.0254310 seconds, Stopping threads took: 0.0000470 seconds
310.697: Application time: 0.0714550 seconds
310.697: [GC [PSYoungGen: 238576K->33776K(238592K)] 713654K->511818K(783360K), 0.0203970 secs] [Times: user=0.16 sys=0.00, real=0.02 secs] 
310.717: Total time for which application threads were stopped: 0.0205980 seconds, Stopping threads took: 0.0000840 seconds
310.785: Application time: 0.0675480 seconds
310.785: [GC [PSYoungGen: 238576K->33792K(238592K)] 716618K->528965K(783360K), 0.0261600 secs] [Times: user=0.20 sys=0.00, real=0.03 secs] 
310.811: Total time for which application threads were stopped: 0.0263590 seconds, Stopping threads took: 0.0000800 seconds
310.904: Application time: 0.0931450 seconds
310.904: [GC [PSYoungGen: 238592K->33760K(238592K)] 733765K->560867K(783360K), 0.0330610 secs] [Times: user=0.26 sys=0.00, real=0.03 secs] 
310.938: [Full GC [PSYoungGen: 33760K->0K(238592K)] [ParOldGen: 527107K->78738K(544768K)] 560867K->78738K(783360K) [PSPermGen: 8873K->8873K(21504K)], 0.0850360 secs] [Times: user=0.62 sys=0.00, real=0.09 secs] 
311.023: Total time for which application threads were stopped: 0.1183860 seconds, Stopping threads took: 0.0000950 seconds
311.114: Application time: 0.0909030 seconds
311.114: [GC [PSYoungGen: 204800K->19088K(238592K)] 283538K->97826K(783360K), 0.0082960 secs] [Times: user=0.06 sys=0.00, real=0.01 secs] 
311.122: Total time for which application threads were stopped: 0.0085390 seconds, Stopping threads took: 0.0001070 seconds
311.192: Application time: 0.0702830 seconds
311.193: [GC [PSYoungGen: 223888K->21856K(238592K)] 302626K->100594K(783360K), 0.0084170 secs] [Times: user=0.06 sys=0.01, real=0.01 secs] 
311.201: Total time for which application threads were stopped: 0.0086440 seconds, Stopping threads took: 0.0000980 seconds
311.270: Application time: 0.0689540 seconds
311.270: [GC [PSYoungGen: 226656K->33776K(238592K)] 305394K->120077K(783360K), 0.0163150 secs] [Times: user=0.12 sys=0.00, real=0.01 secs] 
311.287: Total time for which application threads were stopped: 0.0165390 seconds, Stopping threads took: 0.0001020 seconds
311.381: Application time: 0.0948170 seconds
311.382: [GC [PSYoungGen: 238576K->33760K(238592K)] 324877K->149219K(783360K), 0.0254600 secs] [Times: user=0.20 sys=0.00, real=0.02 secs] 
311.407: Total time for which application threads were stopped: 0.0256980 seconds, Stopping threads took: 0.0001240 seconds
311.496: Application time: 0.0890580 seconds
311.497: [GC [PSYoungGen: 238560K->33760K(238592K)] 354019K->159399K(783360K), 0.0205640 secs] [Times: user=0.16 sys=0.00, real=0.02 secs] 
311.518: Total time for which application threads were stopped: 0.0216470 seconds, Stopping threads took: 0.0009650 seconds
311.585: Application time: 0.0676830 seconds
311.586: [GC [PSYoungGen: 238560K->33776K(238592K)] 364199K->162666K(783360K), 0.0191120 secs] [Times: user=0.14 sys=0.00, real=0.02 secs] 
311.605: Total time for which application threads were stopped: 0.0193370 seconds, Stopping threads took: 0.0001110 seconds
311.675: Application time: 0.0700080 seconds
311.675: [GC [PSYoungGen: 238576K->33776K(238592K)] 367466K->184096K(783360K), 0.0245380 secs] [Times: user=0.20 sys=0.00, real=0.02 secs] 
311.700: Total time for which application threads were stopped: 0.0247630 seconds, Stopping threads took: 0.0000910 seconds
311.796: Application time: 0.0966080 seconds
311.796: [GC [PSYoungGen: 238576K->33760K(238592K)] 388896K->218933K(783360K), 0.0311890 secs] [Times: user=0.24 sys=0.00, real=0.03 secs] 
311.828: Total time for which application threads were stopped: 0.0313900 seconds, Stopping threads took: 0.0000810 seconds
311.915: Application time: 0.0872130 seconds
311.915: [GC [PSYoungGen: 238560K->33776K(238592K)] 423733K->235485K(783360K), 0.0238780 secs] [Times: user=0.18 sys=0.00, real=0.02 secs] 
311.939: Total time for which application threads were stopped: 0.0241320 seconds, Stopping threads took: 0.0001350 seconds
312.006: Application time: 0.0672150 seconds
312.006: [GC [PSYoungGen: 238576K->33760K(238592K)] 440285K->239805K(783360K), 0.0201040 secs] [Times: user=0.16 sys=0.00, real=0.02 secs] 
312.026: Total time for which application threads were stopped: 0.0203040 seconds, Stopping threads took: 0.0000840 seconds
312.098: Application time: 0.0716310 seconds
312.098: [GC [PSYoungGen: 238560K->33776K(238592K)] 444605K->265107K(783360K), 0.0269770 secs] [Times: user=0.22 sys=0.00, real=0.03 secs] 
312.125: Total time for which application threads were stopped: 0.0271730 seconds, Stopping threads took: 0.0000790 seconds
312.223: Application time: 0.0980940 seconds
312.224: [GC [PSYoungGen: 238576K->33776K(238592K)] 469907K->294801K(783360K), 0.0318910 secs] [Times: user=0.23 sys=0.00, real=0.03 secs] 
312.256: Total time for which application threads were stopped: 0.0321080 seconds, Stopping threads took: 0.0000830 seconds
312.341: Application time: 0.0855560 seconds
312.341: [GC [PSYoungGen: 238576K->33760K(238592K)] 499601K->311784K(783360K), 0.0260240 secs] [Times: user=0.20 sys=0.00, real=0.02 secs] 
312.367: Total time for which application threads were stopped: 0.0262710 seconds, Stopping threads took: 0.0001260 seconds
312.434: Application time: 0.0667490 seconds
312.437: [GC [PSYoungGen: 238560K->33776K(238592K)] 516584K->320304K(783360K), 0.0223970 secs] [Times: user=0.18 sys=0.00, real=0.02 secs] 
312.460: Total time for which application threads were stopped: 0.0255090 seconds, Stopping threads took: 0.0029930 seconds
312.532: Application time: 0.0725400 seconds
312.532: [GC [PSYoungGen: 238576K->33760K(238592K)] 525104K->346137K(783360K), 0.0300230 secs] [Times: user=0.23 sys=0.00, real=0.03 secs] 
312.562: Total time for which application threads were stopped: 0.0302530 seconds, Stopping threads took: 0.0001140 seconds
312.661: Application time: 0.0990850 seconds
312.662: [GC [PSYoungGen: 238560K->33760K(238592K)] 550937K->377519K(783360K), 0.0295240 secs] [Times: user=0.23 sys=0.00, real=0.03 secs] 
312.691: Total time for which application threads were stopped: 0.0297230 seconds, Stopping threads took: 0.0000790 seconds
312.775: Application time: 0.0841220 seconds
312.777: [GC [PSYoungGen: 238560K->33776K(238592K)] 582319K->386210K(783360K), 0.0215660 secs] [Times: user=0.17 sys=0.00, real=0.02 secs] 
312.799: Total time for which application threads were stopped: 0.0234670 seconds, Stopping threads took: 0.0017680 seconds
312.865: Application time: 0.0662930 seconds
312.865: [GC [PSYoungGen: 238576K->33776K(238592K)] 591010K->395049K(783360K), 0.0213170 secs] [Times: user=0.17 sys=0.00, real=0.02 secs] 
312.887: Total time for which application threads were stopped: 0.0215360 seconds, Stopping threads took: 0.0001010 seconds
312.961: Application time: 0.0740790 seconds
312.961: [GC [PSYoungGen: 238576K->33776K(238592K)] 599849K->421379K(783360K), 0.0276670 secs] [Times: user=0.22 sys=0.00, real=0.03 secs] 
312.989: Total time for which application threads were stopped: 0.0278850 seconds, Stopping threads took: 0.0001030 seconds
313.089: Application time: 0.1001240 seconds
313.093: [GC [PSYoungGen: 238576K->33776K(238592K)] 626179K->444217K(783360K), 0.0262040 secs] [Times: user=0.21 sys=0.00, real=0.02 secs] 
313.119: Total time for which application threads were stopped: 0.0307120 seconds, Stopping threads took: 0.0043890 seconds
313.201: Application time: 0.0817160 seconds
313.201: [GC [PSYoungGen: 238576K->33776K(238592K)] 649017K->451849K(783360K), 0.0199550 secs] [Times: user=0.16 sys=0.00, real=0.02 secs] 
313.221: Total time for which application threads were stopped: 0.0201900 seconds, Stopping threads took: 0.0001110 seconds
313.287: Application time: 0.0660890 seconds
313.288: [GC [PSYoungGen: 238576K->33760K(238592K)] 656649K->461637K(783360K), 0.0208190 secs] [Times: user=0.16 sys=0.00, real=0.02 secs] 
313.309: Total time for which application threads were stopped: 0.0210580 seconds, Stopping threads took: 0.0001080 seconds
313.384: Application time: 0.0754470 seconds
313.384: [GC [PSYoungGen: 238560K->33776K(238592K)] 666437K->489747K(783360K), 0.0290200 secs] [Times: user=0.23 sys=0.00, real=0.03 secs] 
313.413: Total time for which application threads were stopped: 0.0292310 seconds, Stopping threads took: 0.0000940 seconds
313.515: Application time: 0.1014840 seconds
313.515: [GC [PSYoungGen: 238576K->33776K(238592K)] 694547K->517908K(783360K), 0.0297840 secs] [Times: user=0.23 sys=0.00, real=0.03 secs] 
313.545: Total time for which application threads were stopped: 0.0299890 seconds, Stopping threads took: 0.0000880 seconds
313.624: Application time: 0.0794200 seconds
313.624: [GC [PSYoungGen: 238576K->33760K(238592K)] 722708K->523841K(783360K), 0.0195540 secs] [Times: user=0.16 sys=0.00, real=0.02 secs] 
313.644: Total time for which application threads were stopped: 0.0197470 seconds, Stopping threads took: 0.0000710 seconds
313.709: Application time: 0.0655930 seconds
313.710: [GC [PSYoungGen: 238560K->33760K(238592K)] 728641K->535412K(783360K), 0.0223520 secs] [Times: user=0.18 sys=0.00, real=0.02 secs] 
313.732: Total time for which application threads were stopped: 0.0225730 seconds, Stopping threads took: 0.0000970 seconds
313.810: Application time: 0.0781440 seconds
313.810: [GC [PSYoungGen: 238560K->33760K(238592K)] 740212K->568685K(783360K), 0.0318420 secs] [Times: user=0.25 sys=0.00, real=0.03 secs] 
313.842: [Full GC [PSYoungGen: 33760K->0K(238592K)] [ParOldGen: 534924K->77295K(544768K)] 568685K->77295K(783360K) [PSPermGen: 8873K->8873K(21504K)], 0.0805350 secs] [Times: user=0.59 sys=0.00, real=0.08 secs] 
313.923: Total time for which application threads were stopped: 0.1126710 seconds, Stopping threads took: 0.0001000 seconds
314.024: Application time: 0.1016530 seconds
314.025: [GC [PSYoungGen: 204800K->27696K(238592K)] 282095K->104991K(783360K), 0.0114590 secs] [Times: user=0.09 sys=0.00, real=0.01 secs] 
314.036: Total time for which application threads were stopped: 0.0116750 seconds, Stopping threads took: 0.0000960 seconds
314.111: Application time: 0.0751770 seconds
314.112: [GC [PSYoungGen: 232496K->30448K(238592K)] 309791K->107743K(783360K), 0.0115880 secs] [Times: user=0.09 sys=0.00, real=0.01 secs] 
314.123: Total time for which application threads were stopped: 0.0118030 seconds, Stopping threads took: 0.0000910 seconds
314.189: Application time: 0.0657850 seconds
314.189: [GC [PSYoungGen: 235248K->33776K(238592K)] 312543K->119615K(783360K), 0.0164720 secs] [Times: user=0.13 sys=0.00, real=0.01 secs] 
314.206: Total time for which application threads were stopped: 0.0167040 seconds, Stopping threads took: 0.0000990 seconds
314.288: Application time: 0.0823880 seconds
314.288: [GC [PSYoungGen: 238576K->33760K(238592K)] 324415K->152613K(783360K), 0.0268160 secs] [Times: user=0.21 sys=0.00, real=0.03 secs] 
314.315: Total time for which application threads were stopped: 0.0270600 seconds, Stopping threads took: 0.0001270 seconds
314.415: Application time: 0.0996670 seconds
314.417: [GC [PSYoungGen: 238560K->33776K(238592K)] 357413K->171744K(783360K), 0.0228490 secs] [Times: user=0.17 sys=0.00, real=0.02 secs] 
314.440: Total time for which application threads were stopped: 0.0253640 seconds, Stopping threads took: 0.0023740 seconds
314.514: Application time: 0.0734980 seconds
314.514: [GC [PSYoungGen: 238576K->33776K(238592K)] 376544K->174763K(783360K), 0.0165520 secs] [Times: user=0.13 sys=0.00, real=0.02 secs] 
314.530: Total time for which application threads were stopped: 0.0167800 seconds, Stopping threads took: 0.0001100 seconds
314.597: Application time: 0.0664990 seconds
314.597: [GC [PSYoungGen: 238576K->33760K(238592K)] 379563K->188842K(783360K), 0.0212450 secs] [Times: user=0.17 sys=0.00, real=0.02 secs] 
314.618: Total time for which application threads were stopped: 0.0214800 seconds, Stopping threads took: 0.0001040 seconds
314.705: Application time: 0.0870760 seconds
314.706: [GC [PSYoungGen: 238560K->33776K(238592K)] 393642K->221498K(783360K), 0.0289820 secs] [Times: user=0.22 sys=0.00, real=0.03 secs] 
314.735: Total time for which application threads were stopped: 0.0292030 seconds, Stopping threads took: 0.0001030 seconds
314.831: Application time: 0.0964880 seconds
314.831: [GC [PSYoungGen: 238576K->33760K(238592K)] 426298K->238567K(783360K), 0.0221720 secs] [Times: user=0.17 sys=0.00, real=0.02 secs] 
314.854: Total time for which application threads were stopped: 0.0223970 seconds, Stopping threads took: 0.0001040 seconds
314.925: Application time: 0.0716090 seconds
314.925: [GC [PSYoungGen: 238560K->33792K(238592K)] 443367K->240931K(783360K), 0.0162190 secs] [Times: user=0.12 sys=0.00, real=0.02 secs] 
314.942: Total time for which application threads were stopped: 0.0164760 seconds, Stopping threads took: 0.0001250 seconds
315.009: Application time: 0.0673190 seconds
315.009: [GC [PSYoungGen: 238592K->33760K(238592K)] 445731K->255845K(783360K), 0.0215020 secs] [Times: user=0.17 sys=0.00, real=0.02 secs] 
315.031: Total time for which application threads were stopped: 0.0217350 seconds, Stopping threads took: 0.0001170 seconds
315.120: Application time: 0.0894170 seconds
315.120: [GC [PSYoungGen: 238560K->33776K(238592K)] 460645K->288234K(783360K), 0.0296610 secs] [Times: user=0.22 sys=0.00, real=0.04 secs] 
315.150: Total time for which application threads were stopped: 0.0298820 seconds, Stopping threads took: 0.0000950 seconds
315.246: Application time: 0.0955210 seconds
315.249: [GC [PSYoungGen: 238576K->33776K(238592K)] 493034K->307006K(783360K), 0.0246500 secs] [Times: user=0.20 sys=0.00, real=0.02 secs] 
315.274: Total time for which application threads were stopped: 0.0283320 seconds, Stopping threads took: 0.0035640 seconds
315.344: Application time: 0.0701600 seconds
315.344: [GC [PSYoungGen: 238576K->33776K(238592K)] 511806K->312256K(783360K), 0.0182530 secs] [Times: user=0.14 sys=0.00, real=0.02 secs] 
315.363: Total time for which application threads were stopped: 0.0185000 seconds, Stopping threads took: 0.0001280 seconds
315.430: Application time: 0.0673220 seconds
315.430: [GC [PSYoungGen: 238576K->33760K(238592K)] 517056K->327220K(783360K), 0.0226960 secs] [Times: user=0.18 sys=0.00, real=0.02 secs] 
315.453: Total time for which application threads were stopped: 0.0229110 seconds, Stopping threads took: 0.0000810 seconds
315.545: Application time: 0.0927120 seconds
315.546: [GC [PSYoungGen: 238560K->33776K(238592K)] 532020K->366127K(783360K), 0.0319540 secs] [Times: user=0.25 sys=0.00, real=0.03 secs] 
315.578: Total time for which application threads were stopped: 0.0321580 seconds, Stopping threads took: 0.0000860 seconds
315.671: Application time: 0.0931320 seconds
315.671: [GC [PSYoungGen: 238576K->33776K(238592K)] 570927K->377299K(783360K), 0.0229040 secs] [Times: user=0.18 sys=0.00, real=0.02 secs] 
315.694: Total time for which application threads were stopped: 0.0231180 seconds, Stopping threads took: 0.0000950 seconds
315.762: Application time: 0.0680140 seconds
315.762: [GC [PSYoungGen: 238576K->31200K(238592K)] 582099K->381463K(783360K), 0.0201180 secs] [Times: user=0.15 sys=0.00, real=0.02 secs] 
315.782: Total time for which application threads were stopped: 0.0203630 seconds, Stopping threads took: 0.0001250 seconds
315.850: Application time: 0.0674840 seconds
315.850: [GC [PSYoungGen: 236000K->33776K(238592K)] 586263K->395317K(783360K), 0.0220650 secs] [Times: user=0.17 sys=0.00, real=0.02 secs] 
315.872: Total time for which application threads were stopped: 0.0222750 seconds, Stopping threads took: 0.0000930 seconds
315.969: Application time: 0.0972300 seconds
315.969: [GC [PSYoungGen: 238576K->33776K(238592K)] 600117K->433058K(783360K), 0.0326390 secs] [Times: user=0.26 sys=0.00, real=0.03 secs] 
316.002: Total time for which application threads were stopped: 0.0328710 seconds, Stopping threads took: 0.0000950 seconds
316.092: Application time: 0.0899650 seconds
316.092: [GC [PSYoungGen: 238576K->33760K(238592K)] 637858K->445662K(783360K), 0.0236840 secs] [Times: user=0.19 sys=0.00, real=0.02 secs] 
316.116: Total time for which application threads were stopped: 0.0238980 seconds, Stopping threads took: 0.0000960 seconds
316.183: Application time: 0.0667430 seconds
316.183: [GC [PSYoungGen: 238560K->33760K(238592K)] 650462K->450951K(783360K), 0.0192680 secs] [Times: user=0.15 sys=0.00, real=0.02 secs] 
316.202: Total time for which application threads were stopped: 0.0194800 seconds, Stopping threads took: 0.0000950 seconds
316.270: Application time: 0.0680220 seconds
316.270: [GC [PSYoungGen: 238560K->33792K(238592K)] 655751K->469160K(783360K), 0.0247880 secs] [Times: user=0.19 sys=0.00, real=0.02 secs] 
316.295: Total time for which application threads were stopped: 0.0250060 seconds, Stopping threads took: 0.0001020 seconds
316.396: Application time: 0.1009520 seconds
316.396: [GC [PSYoungGen: 238592K->33776K(238592K)] 673960K->506485K(783360K), 0.0332020 secs] [Times: user=0.26 sys=0.00, real=0.04 secs] 
316.430: Total time for which application threads were stopped: 0.0334330 seconds, Stopping threads took: 0.0001120 seconds
316.516: Application time: 0.0864540 seconds
316.516: [GC [PSYoungGen: 238576K->33776K(238592K)] 711285K->513853K(783360K), 0.0223220 secs] [Times: user=0.18 sys=0.00, real=0.02 secs] 
316.539: Total time for which application threads were stopped: 0.0225480 seconds, Stopping threads took: 0.0000870 seconds
316.605: Application time: 0.0660720 seconds
316.605: [GC [PSYoungGen: 238576K->33776K(238592K)] 718653K->522582K(783360K), 0.0216470 secs] [Times: user=0.17 sys=0.00, real=0.02 secs] 
316.627: Total time for which application threads were stopped: 0.0218840 seconds, Stopping threads took: 0.0001190 seconds
316.696: Application time: 0.0696270 seconds
316.696: [GC [PSYoungGen: 238576K->33776K(238592K)] 727382K->537074K(783360K), 0.0262870 secs] [Times: user=0.20 sys=0.00, real=0.03 secs] 
316.723: [Full GC [PSYoungGen: 33776K->0K(238592K)] [ParOldGen: 503298K->75870K(544768K)] 537074K->75870K(783360K) [PSPermGen: 8873K->8873K(21504K)], 0.0806220 secs] [Times: user=0.59 sys=0.00, real=0.08 secs] 
316.803: Total time for which application threads were stopped: 0.1071880 seconds, Stopping threads took: 0.0001000 seconds
316.907: Application time: 0.1033910 seconds
316.907: [GC [PSYoungGen: 204800K->33776K(238592K)] 280670K->122578K(783360K), 0.0192780 secs] [Times: user=0.15 sys=0.00, real=0.02 secs] 
316.926: Total time for which application threads were stopped: 0.0194800 seconds, Stopping threads took: 0.0000860 seconds
317.010: Application time: 0.0841830 seconds
317.011: [GC [PSYoungGen: 238576K->33776K(238592K)] 327378K->126138K(783360K), 0.0155010 secs] [Times: user=0.12 sys=0.00, real=0.01 secs] 
317.026: Total time for which application threads were stopped: 0.0157060 seconds, Stopping threads took: 0.0000850 seconds
317.091: Application time: 0.0648460 seconds
317.091: [GC [PSYoungGen: 238576K->33760K(238592K)] 330938K->135969K(783360K), 0.0178940 secs] [Times: user=0.14 sys=0.00, real=0.02 secs] 
317.109: Total time for which application threads were stopped: 0.0181490 seconds, Stopping threads took: 0.0001190 seconds
317.180: Application time: 0.0705760 seconds
317.180: [GC [PSYoungGen: 238560K->33760K(238592K)] 340769K->156310K(783360K), 0.0232610 secs] [Times: user=0.18 sys=0.00, real=0.03 secs] 
317.203: Total time for which application threads were stopped: 0.0234700 seconds, Stopping threads took: 0.0000960 seconds
317.308: Application time: 0.1051040 seconds
317.309: [GC [PSYoungGen: 238560K->33776K(238592K)] 361110K->193100K(783360K), 0.0300990 secs] [Times: user=0.24 sys=0.00, real=0.03 secs] 
317.339: Total time for which application threads were stopped: 0.0303180 seconds, Stopping threads took: 0.0001020 seconds
317.420: Application time: 0.0812010 seconds
317.420: [GC [PSYoungGen: 238576K->33776K(238592K)] 397900K->202401K(783360K), 0.0187970 secs] [Times: user=0.15 sys=0.00, real=0.02 secs] 
317.439: Total time for which application threads were stopped: 0.0190320 seconds, Stopping threads took: 0.0001130 seconds
317.504: Application time: 0.0649690 seconds
317.504: [GC [PSYoungGen: 238576K->33760K(238592K)] 407201K->213293K(783360K), 0.0197310 secs] [Times: user=0.15 sys=0.00, real=0.02 secs] 
317.524: Total time for which application threads were stopped: 0.0199460 seconds, Stopping threads took: 0.0000950 seconds
317.596: Application time: 0.0724690 seconds
317.596: [GC [PSYoungGen: 238560K->33760K(238592K)] 418093K->241129K(783360K), 0.0270630 secs] [Times: user=0.21 sys=0.00, real=0.03 secs] 
317.624: Total time for which application threads were stopped: 0.0272890 seconds, Stopping threads took: 0.0000980 seconds
317.730: Application time: 0.1068020 seconds
317.731: [GC [PSYoungGen: 238560K->33760K(238592K)] 445929K->268494K(783360K), 0.0273440 secs] [Times: user=0.21 sys=0.00, real=0.02 secs] 
317.758: Total time for which application threads were stopped: 0.0275590 seconds, Stopping threads took: 0.0000940 seconds
317.836: Application time: 0.0776540 seconds
317.836: [GC [PSYoungGen: 238560K->33776K(238592K)] 473294K->271894K(783360K), 0.0176790 secs] [Times: user=0.14 sys=0.00, real=0.02 secs] 
317.854: Total time for which application threads were stopped: 0.0179290 seconds, Stopping threads took: 0.0001280 seconds
317.919: Application time: 0.0650220 seconds
317.921: [GC [PSYoungGen: 238576K->33776K(238592K)] 476694K->282810K(783360K), 0.0207620 secs] [Times: user=0.17 sys=0.00, real=0.02 secs] 
317.942: Total time for which application threads were stopped: 0.0234640 seconds, Stopping threads took: 0.0025570 seconds
318.019: Application time: 0.0764660 seconds
318.019: [GC [PSYoungGen: 238576K->33760K(238592K)] 487610K->319653K(783360K), 0.0311310 secs] [Times: user=0.24 sys=0.00, real=0.04 secs] 
318.050: Total time for which application threads were stopped: 0.0313430 seconds, Stopping threads took: 0.0000970 seconds
318.156: Application time: 0.1065300 seconds
318.157: [GC [PSYoungGen: 238560K->33760K(238592K)] 524453K->342394K(783360K), 0.0264040 secs] [Times: user=0.20 sys=0.00, real=0.03 secs] 
318.183: Total time for which application threads were stopped: 0.0266440 seconds, Stopping threads took: 0.0001080 seconds
318.257: Application time: 0.0739680 seconds
318.257: [GC [PSYoungGen: 238560K->33776K(238592K)] 547194K->342658K(783360K), 0.0150680 secs] [Times: user=0.12 sys=0.00, real=0.02 secs] 
318.272: Total time for which application threads were stopped: 0.0153290 seconds, Stopping threads took: 0.0001410 seconds
318.337: Application time: 0.0650880 seconds
318.338: [GC [PSYoungGen: 238576K->33760K(238592K)] 547458K->354741K(783360K), 0.0195610 secs] [Times: user=0.15 sys=0.00, real=0.02 secs] 
318.357: Total time for which application threads were stopped: 0.0197540 seconds, Stopping threads took: 0.0000740 seconds
318.439: Application time: 0.0816300 seconds
318.439: [GC [PSYoungGen: 238560K->33776K(238592K)] 559541K->393695K(783360K), 0.0316650 secs] [Times: user=0.25 sys=0.00, real=0.04 secs] 
318.471: Total time for which application threads were stopped: 0.0318610 seconds, Stopping threads took: 0.0000820 seconds
318.573: Application time: 0.1027780 seconds
318.577: [GC [PSYoungGen: 238576K->33776K(238592K)] 598495K->409263K(783360K), 0.0238390 secs] [Times: user=0.18 sys=0.00, real=0.03 secs] 
318.601: Total time for which application threads were stopped: 0.0276140 seconds, Stopping threads took: 0.0036510 seconds
318.673: Application time: 0.0723000 seconds
318.674: [GC [PSYoungGen: 238576K->33760K(238592K)] 614063K->413219K(783360K), 0.0178650 secs] [Times: user=0.14 sys=0.00, real=0.02 secs] 
318.691: Total time for which application threads were stopped: 0.0181150 seconds, Stopping threads took: 0.0001200 seconds
318.757: Application time: 0.0651590 seconds
318.757: [GC [PSYoungGen: 238560K->33760K(238592K)] 618019K->423931K(783360K), 0.0210760 secs] [Times: user=0.16 sys=0.00, real=0.02 secs] 
318.778: Total time for which application threads were stopped: 0.0212780 seconds, Stopping threads took: 0.0000800 seconds
318.866: Application time: 0.0876870 seconds
318.866: [GC [PSYoungGen: 238560K->33760K(238592K)] 628731K->464107K(783360K), 0.0342490 secs] [Times: user=0.26 sys=0.00, real=0.03 secs] 
318.900: Total time for which application threads were stopped: 0.0344830 seconds, Stopping threads took: 0.0001180 seconds
318.999: Application time: 0.0987660 seconds
318.999: [GC [PSYoungGen: 238560K->33776K(238592K)] 668907K->478550K(783360K), 0.0237760 secs] [Times: user=0.19 sys=0.00, real=0.03 secs] 
319.023: Total time for which application threads were stopped: 0.0239920 seconds, Stopping threads took: 0.0000970 seconds
319.093: Application time: 0.0706150 seconds
319.094: [GC [PSYoungGen: 238576K->33760K(238592K)] 683350K->483463K(783360K), 0.0191230 secs] [Times: user=0.15 sys=0.00, real=0.02 secs] 
319.113: Total time for which application threads were stopped: 0.0193630 seconds, Stopping threads took: 0.0001170 seconds
319.177: Application time: 0.0642340 seconds
319.181: [GC [PSYoungGen: 238560K->33760K(238592K)] 688263K->494822K(783360K), 0.0222690 secs] [Times: user=0.18 sys=0.00, real=0.02 secs] 
319.204: Total time for which application threads were stopped: 0.0264110 seconds, Stopping threads took: 0.0040090 seconds
319.298: Application time: 0.0943480 seconds
319.298: [GC [PSYoungGen: 238560K->33776K(238592K)] 699622K->534745K(783360K), 0.0351160 secs] [Times: user=0.28 sys=0.00, real=0.04 secs] 
319.333: [Full GC [PSYoungGen: 33776K->0K(238592K)] [ParOldGen: 500969K->79160K(544768K)] 534745K->79160K(783360K) [PSPermGen: 8873K->8873K(21504K)], 0.0847520 secs] [Times: user=0.62 sys=0.00, real=0.08 secs] 
319.418: Total time for which application threads were stopped: 0.1201460 seconds, Stopping threads took: 0.0000860 seconds
319.512: Application time: 0.0941880 seconds
319.512: [GC [PSYoungGen: 204800K->18176K(238592K)] 283960K->97336K(783360K), 0.0074720 secs] [Times: user=0.06 sys=0.00, real=0.00 secs] 
319.520: Total time for which application threads were stopped: 0.0076820 seconds, Stopping threads took: 0.0000900 seconds
319.589: Application time: 0.0688780 seconds
319.589: [GC [PSYoungGen: 222976K->23424K(238592K)] 302136K->102584K(783360K), 0.0108450 secs] [Times: user=0.08 sys=0.00, real=0.01 secs] 
319.600: Total time for which application threads were stopped: 0.0110500 seconds, Stopping threads took: 0.0000860 seconds
319.665: Application time: 0.0648170 seconds
319.665: [GC [PSYoungGen: 228224K->33776K(238592K)] 307384K->113928K(783360K), 0.0135660 secs] [Times: user=0.11 sys=0.00, real=0.01 secs] 
319.678: Total time for which application threads were stopped: 0.0137970 seconds, Stopping threads took: 0.0001100 seconds
319.777: Application time: 0.0983160 seconds
319.777: [GC [PSYoungGen: 238576K->33776K(238592K)] 318728K->150723K(783360K), 0.0282330 secs] [Times: user=0.22 sys=0.00, real=0.03 secs] 
319.805: Total time for which application threads were stopped: 0.0284500 seconds, Stopping threads took: 0.0000820 seconds
319.896: Application time: 0.0909450 seconds
319.896: [GC [PSYoungGen: 238576K->33776K(238592K)] 355523K->158660K(783360K), 0.0183430 secs] [Times: user=0.14 sys=0.00, real=0.02 secs] 
319.915: Total time for which application threads were stopped: 0.0185730 seconds, Stopping threads took: 0.0001080 seconds
319.982: Application time: 0.0676030 seconds
319.982: [GC [PSYoungGen: 238576K->33776K(238592K)] 363460K->164480K(783360K), 0.0176860 secs] [Times: user=0.13 sys=0.00, real=0.01 secs] 
320.000: Total time for which application threads were stopped: 0.0179050 seconds, Stopping threads took: 0.0001000 seconds
320.066: Application time: 0.0656190 seconds
320.066: [GC [PSYoungGen: 238576K->33776K(238592K)] 369280K->181362K(783360K), 0.0221510 secs] [Times: user=0.16 sys=0.00, real=0.02 secs] 
320.088: Total time for which application threads were stopped: 0.0223620 seconds, Stopping threads took: 0.0000910 seconds
320.189: Application time: 0.1005110 seconds
320.189: [GC [PSYoungGen: 238576K->33760K(238592K)] 386162K->223794K(783360K), 0.0327950 secs] [Times: user=0.26 sys=0.00, real=0.04 secs] 
320.222: Total time for which application threads were stopped: 0.0330170 seconds, Stopping threads took: 0.0001010 seconds
320.309: Application time: 0.0877140 seconds
320.310: [GC [PSYoungGen: 238560K->33760K(238592K)] 428594K->233010K(783360K), 0.0189520 secs] [Times: user=0.15 sys=0.00, real=0.01 secs] 
320.329: Total time for which application threads were stopped: 0.0191720 seconds, Stopping threads took: 0.0000850 seconds
320.397: Application time: 0.0684470 seconds
320.397: [GC [PSYoungGen: 238560K->33760K(238592K)] 437810K->239194K(783360K), 0.0182620 secs] [Times: user=0.15 sys=0.00, real=0.02 secs] 
320.416: Total time for which application threads were stopped: 0.0184740 seconds, Stopping threads took: 0.0000900 seconds
320.483: Application time: 0.0676810 seconds
320.483: [GC [PSYoungGen: 238560K->33760K(238592K)] 443994K->259750K(783360K), 0.0240990 secs] [Times: user=0.19 sys=0.00, real=0.02 secs] 
320.508: Total time for which application threads were stopped: 0.0243360 seconds, Stopping threads took: 0.0001210 seconds
320.610: Application time: 0.1028980 seconds
320.611: [GC [PSYoungGen: 238560K->33776K(238592K)] 464550K->294041K(783360K), 0.0308580 secs] [Times: user=0.24 sys=0.00, real=0.03 secs] 
320.642: Total time for which application threads were stopped: 0.0310690 seconds, Stopping threads took: 0.0000900 seconds
320.726: Application time: 0.0840450 seconds
320.729: [GC [PSYoungGen: 238576K->33776K(238592K)] 498841K->302685K(783360K), 0.0197550 secs] [Times: user=0.15 sys=0.00, real=0.01 secs] 
320.749: Total time for which application threads were stopped: 0.0233830 seconds, Stopping threads took: 0.0035090 seconds
320.816: Application time: 0.0675100 seconds
320.817: [GC [PSYoungGen: 238576K->33776K(238592K)] 507485K->308860K(783360K), 0.0195000 secs] [Times: user=0.16 sys=0.00, real=0.02 secs] 
320.836: Total time for which application threads were stopped: 0.0197280 seconds, Stopping threads took: 0.0000930 seconds
320.905: Application time: 0.0692100 seconds
320.906: [GC [PSYoungGen: 238576K->33760K(238592K)] 513660K->332846K(783360K), 0.0272540 secs] [Times: user=0.22 sys=0.00, real=0.03 secs] 
320.933: Total time for which application threads were stopped: 0.0274670 seconds, Stopping threads took: 0.0000950 seconds
321.036: Application time: 0.1026950 seconds
321.037: [GC [PSYoungGen: 238560K->33760K(238592K)] 537646K->365344K(783360K), 0.0304200 secs] [Times: user=0.24 sys=0.00, real=0.03 secs] 
321.068: Total time for which application threads were stopped: 0.0320430 seconds, Stopping threads took: 0.0015030 seconds
321.150: Application time: 0.0819420 seconds
321.150: [GC [PSYoungGen: 238560K->33776K(238592K)] 570144K->375292K(783360K), 0.0203250 secs] [Times: user=0.16 sys=0.00, real=0.02 secs] 
321.170: Total time for which application threads were stopped: 0.0205780 seconds, Stopping threads took: 0.0001320 seconds
321.237: Application time: 0.0668180 seconds
321.237: [GC [PSYoungGen: 238576K->33760K(238592K)] 580092K->381812K(783360K), 0.0195530 secs] [Times: user=0.15 sys=0.00, real=0.02 secs] 
321.257: Total time for which application threads were stopped: 0.0197810 seconds, Stopping threads took: 0.0001080 seconds
321.329: Application time: 0.0723270 seconds
321.329: [GC [PSYoungGen: 238560K->33776K(238592K)] 586612K->406349K(783360K), 0.0273600 secs] [Times: user=0.20 sys=0.00, real=0.02 secs] 
321.357: Total time for which application threads were stopped: 0.0275730 seconds, Stopping threads took: 0.0000830 seconds
321.460: Application time: 0.1035690 seconds
321.460: [GC [PSYoungGen: 238576K->33760K(238592K)] 611149K->438846K(783360K), 0.0292680 secs] [Times: user=0.22 sys=0.01, real=0.04 secs] 
321.490: Total time for which application threads were stopped: 0.0295010 seconds, Stopping threads took: 0.0001110 seconds
321.569: Application time: 0.0793020 seconds
321.569: [GC [PSYoungGen: 238560K->33776K(238592K)] 643646K->451734K(783360K), 0.0214640 secs] [Times: user=0.16 sys=0.00, real=0.02 secs] 
321.591: Total time for which application threads were stopped: 0.0216630 seconds, Stopping threads took: 0.0000800 seconds
321.657: Application time: 0.0666090 seconds
321.657: [GC [PSYoungGen: 238576K->33792K(238592K)] 656534K->458906K(783360K), 0.0197940 secs] [Times: user=0.15 sys=0.00, real=0.02 secs] 
321.677: Total time for which application threads were stopped: 0.0199950 seconds, Stopping threads took: 0.0000800 seconds
321.753: Application time: 0.0761100 seconds
321.754: [GC [PSYoungGen: 238592K->33760K(238592K)] 663706K->489901K(783360K), 0.0295570 secs] [Times: user=0.24 sys=0.00, real=0.03 secs] 
321.783: Total time for which application threads were stopped: 0.0297570 seconds, Stopping threads took: 0.0000830 seconds
321.886: Application time: 0.1025990 seconds
321.889: [GC [PSYoungGen: 238560K->33776K(238592K)] 694701K->516202K(783360K), 0.0276570 secs] [Times: user=0.21 sys=0.00, real=0.02 secs] 
321.917: Total time for which application threads were stopped: 0.0310870 seconds, Stopping threads took: 0.0032930 seconds
321.994: Application time: 0.0768330 seconds
321.994: [GC [PSYoungGen: 238576K->33776K(238592K)] 721002K->524945K(783360K), 0.0211860 secs] [Times: user=0.16 sys=0.00, real=0.02 secs] 
322.015: Total time for which application threads were stopped: 0.0214300 seconds, Stopping threads took: 0.0001250 seconds
322.081: Application time: 0.0653440 seconds
322.081: [GC [PSYoungGen: 238576K->33776K(238592K)] 729745K->531793K(783360K), 0.0199080 secs] [Times: user=0.15 sys=0.00, real=0.02 secs] 
322.101: Total time for which application threads were stopped: 0.0201340 seconds, Stopping threads took: 0.0000970 seconds
322.181: Application time: 0.0800640 seconds
322.181: [GC [PSYoungGen: 238576K->33776K(238592K)] 736593K->568833K(783360K), 0.0324130 secs] [Times: user=0.26 sys=0.00, real=0.04 secs] 
322.213: [Full GC [PSYoungGen: 33776K->0K(238592K)] [ParOldGen: 535057K->79079K(544768K)] 568833K->79079K(783360K) [PSPermGen: 8873K->8873K(21504K)], 0.0811510 secs] [Times: user=0.58 sys=0.00, real=0.08 secs] 
322.295: Total time for which application threads were stopped: 0.1138350 seconds, Stopping threads took: 0.0001000 seconds
322.395: Application time: 0.1009070 seconds
322.396: [GC [PSYoungGen: 204800K->25472K(238592K)] 283879K->104551K(783360K), 0.0106800 secs] [Times: user=0.08 sys=0.00, real=0.01 secs] 
322.406: Total time for which application threads were stopped: 0.0109170 seconds, Stopping threads took: 0.0001050 seconds
322.481: Application time: 0.0745920 seconds
322.481: [GC [PSYoungGen: 230272K->31104K(238592K)] 309351K->110183K(783360K), 0.0117580 secs] [Times: user=0.08 sys=0.00, real=0.01 secs] 
322.493: Total time for which application threads were stopped: 0.0119840 seconds, Stopping threads took: 0.0001060 seconds
322.559: Application time: 0.0659280 seconds
322.559: [GC [PSYoungGen: 235904K->33760K(238592K)] 314983K->121771K(783360K), 0.0162770 secs] [Times: user=0.12 sys=0.00, real=0.02 secs] 
322.575: Total time for which application threads were stopped: 0.0165020 seconds, Stopping threads took: 0.0001090 seconds
322.661: Application time: 0.0856720 seconds
322.661: [GC [PSYoungGen: 238560K->33760K(238592K)] 326571K->156871K(783360K), 0.0288110 secs] [Times: user=0.22 sys=0.00, real=0.03 secs] 
322.690: Total time for which application threads were stopped: 0.0290010 seconds, Stopping threads took: 0.0000740 seconds
322.788: Application time: 0.0980300 seconds
322.788: [GC [PSYoungGen: 238560K->33776K(238592K)] 361671K->176587K(783360K), 0.0236070 secs] [Times: user=0.18 sys=0.00, real=0.03 secs] 
322.812: Total time for which application threads were stopped: 0.0238120 seconds, Stopping threads took: 0.0000840 seconds
322.884: Application time: 0.0724360 seconds
322.885: [GC [PSYoungGen: 238576K->33760K(238592K)] 381387K->184686K(783360K), 0.0184730 secs] [Times: user=0.15 sys=0.00, real=0.02 secs] 
322.903: Total time for which application threads were stopped: 0.0187030 seconds, Stopping threads took: 0.0001070 seconds
322.970: Application time: 0.0666510 seconds
322.970: [GC [PSYoungGen: 238560K->33760K(238592K)] 389486K->199440K(783360K), 0.0212900 secs] [Times: user=0.17 sys=0.00, real=0.02 secs] 
322.991: Total time for which application threads were stopped: 0.0215090 seconds, Stopping threads took: 0.0000860 seconds
323.082: Application time: 0.0904100 seconds
323.082: [GC [PSYoungGen: 238560K->33776K(238592K)] 404240K->234273K(783360K), 0.0301330 secs] [Times: user=0.24 sys=0.00, real=0.03 secs] 
323.112: Total time for which application threads were stopped: 0.0303160 seconds, Stopping threads took: 0.0000680 seconds
323.207: Application time: 0.0946000 seconds
323.209: [GC [PSYoungGen: 238576K->33760K(238592K)] 439073K->248361K(783360K), 0.0220230 secs] [Times: user=0.17 sys=0.00, real=0.02 secs] 
323.231: Total time for which application threads were stopped: 0.0247960 seconds, Stopping threads took: 0.0026540 seconds
323.302: Application time: 0.0707750 seconds
323.302: [GC [PSYoungGen: 238560K->33776K(238592K)] 453161K->254922K(783360K), 0.0183780 secs] [Times: user=0.14 sys=0.00, real=0.01 secs] 
323.321: Total time for which application threads were stopped: 0.0186260 seconds, Stopping threads took: 0.0001240 seconds
323.387: Application time: 0.0664310 seconds
323.387: [GC [PSYoungGen: 238576K->33776K(238592K)] 459722K->271188K(783360K), 0.0227350 secs] [Times: user=0.18 sys=0.00, real=0.03 secs] 
323.410: Total time for which application threads were stopped: 0.0229600 seconds, Stopping threads took: 0.0001080 seconds
323.505: Application time: 0.0949730 seconds
323.505: [GC [PSYoungGen: 238576K->33760K(238592K)] 475988K->308088K(783360K), 0.0317890 secs] [Times: user=0.25 sys=0.00, real=0.03 secs] 
323.537: Total time for which application threads were stopped: 0.0320150 seconds, Stopping threads took: 0.0000930 seconds
323.629: Application time: 0.0917590 seconds
323.629: [GC [PSYoungGen: 238560K->33760K(238592K)] 512888K->320204K(783360K), 0.0213450 secs] [Times: user=0.17 sys=0.00, real=0.02 secs] 
323.650: Total time for which application threads were stopped: 0.0215630 seconds, Stopping threads took: 0.0000910 seconds
323.720: Application time: 0.0694280 seconds
323.720: [GC [PSYoungGen: 238560K->33792K(238592K)] 525004K->326728K(783360K), 0.0186460 secs] [Times: user=0.14 sys=0.00, real=0.02 secs] 
323.739: Total time for which application threads were stopped: 0.0188750 seconds, Stopping threads took: 0.0001070 seconds
323.807: Application time: 0.0681200 seconds
323.807: [GC [PSYoungGen: 238592K->33776K(238592K)] 531528K->345319K(783360K), 0.0236580 secs] [Times: user=0.19 sys=0.00, real=0.03 secs] 
323.831: Total time for which application threads were stopped: 0.0238510 seconds, Stopping threads took: 0.0000740 seconds
323.928: Application time: 0.0970220 seconds
323.928: [GC [PSYoungGen: 238576K->33760K(238592K)] 550119K->382357K(783360K), 0.0320740 secs] [Times: user=0.26 sys=0.00, real=0.03 secs] 
323.960: Total time for which application threads were stopped: 0.0322830 seconds, Stopping threads took: 0.0000910 seconds
324.048: Application time: 0.0877000 seconds
324.048: [GC [PSYoungGen: 238560K->33760K(238592K)] 587157K->391024K(783360K), 0.0215120 secs] [Times: user=0.17 sys=0.00, real=0.03 secs] 
324.070: Total time for which application threads were stopped: 0.0217310 seconds, Stopping threads took: 0.0000840 seconds
324.139: Application time: 0.0690200 seconds
324.139: [GC [PSYoungGen: 238560K->33776K(238592K)] 595824K->397220K(783360K), 0.0207670 secs] [Times: user=0.16 sys=0.00, real=0.02 secs] 
324.159: Total time for which application threads were stopped: 0.0209610 seconds, Stopping threads took: 0.0000770 seconds
324.230: Application time: 0.0700690 seconds
324.230: [GC [PSYoungGen: 238576K->33760K(238592K)] 602020K->417083K(783360K), 0.0245900 secs] [Times: user=0.20 sys=0.00, real=0.02 secs] 
324.254: Total time for which application threads were stopped: 0.0247880 seconds, Stopping threads took: 0.0000800 seconds
324.353: Application time: 0.0985680 seconds
324.353: [GC [PSYoungGen: 238560K->33776K(238592K)] 621883K->447383K(783360K), 0.0292040 secs] [Times: user=0.23 sys=0.00, real=0.03 secs] 
324.382: Total time for which application threads were stopped: 0.0294250 seconds, Stopping threads took: 0.0000950 seconds
324.467: Application time: 0.0846020 seconds
324.467: [GC [PSYoungGen: 238576K->33760K(238592K)] 652183K->452959K(783360K), 0.0197410 secs] [Times: user=0.16 sys=0.00, real=0.02 secs] 
324.487: Total time for which application threads were stopped: 0.0199490 seconds, Stopping threads took: 0.0000910 seconds
324.555: Application time: 0.0679220 seconds
324.555: [GC [PSYoungGen: 238560K->33760K(238592K)] 657759K->458774K(783360K), 0.0196340 secs] [Times: user=0.15 sys=0.00, real=0.02 secs] 
324.575: Total time for which application threads were stopped: 0.0199070 seconds, Stopping threads took: 0.0001400 seconds
324.646: Application time: 0.0716610 seconds
324.647: [GC [PSYoungGen: 238560K->33760K(238592K)] 663574K->483996K(783360K), 0.0273520 secs] [Times: user=0.20 sys=0.00, real=0.03 secs] 
324.674: Total time for which application threads were stopped: 0.0275480 seconds, Stopping threads took: 0.0000780 seconds
324.775: Application time: 0.1015140 seconds
324.776: [GC [PSYoungGen: 238560K->33776K(238592K)] 688796K->514613K(783360K), 0.0311830 secs] [Times: user=0.24 sys=0.00, real=0.03 secs] 
324.807: Total time for which application threads were stopped: 0.0313870 seconds, Stopping threads took: 0.0000850 seconds
324.887: Application time: 0.0805330 seconds
324.888: [GC [PSYoungGen: 238576K->33760K(238592K)] 719413K->522517K(783360K), 0.0211720 secs] [Times: user=0.16 sys=0.00, real=0.02 secs] 
324.909: Total time for which application threads were stopped: 0.0214090 seconds, Stopping threads took: 0.0001140 seconds
324.977: Application time: 0.0678910 seconds
324.977: [GC [PSYoungGen: 238560K->33760K(238592K)] 727317K->531453K(783360K), 0.0220380 secs] [Times: user=0.17 sys=0.00, real=0.02 secs] 
324.999: Total time for which application threads were stopped: 0.0222490 seconds, Stopping threads took: 0.0000920 seconds
325.072: Application time: 0.0732140 seconds
325.072: [GC [PSYoungGen: 238560K->33760K(238592K)] 736253K->556410K(783360K), 0.0291000 secs] [Times: user=0.23 sys=0.00, real=0.03 secs] 
325.102: [Full GC [PSYoungGen: 33760K->0K(238592K)] [ParOldGen: 522650K->74748K(544768K)] 556410K->74748K(783360K) [PSPermGen: 8873K->8873K(21504K)], 0.0771920 secs] [Times: user=0.56 sys=0.00, real=0.07 secs] 
325.179: Total time for which application threads were stopped: 0.1066100 seconds, Stopping threads took: 0.0001140 seconds
325.280: Application time: 0.1015450 seconds
325.280: [GC [PSYoungGen: 204800K->32704K(238592K)] 279548K->107452K(783360K), 0.0136830 secs] [Times: user=0.10 sys=0.00, real=0.02 secs] 
325.294: Total time for which application threads were stopped: 0.0139160 seconds, Stopping threads took: 0.0001140 seconds
325.374: Application time: 0.0797700 seconds
325.374: [GC [PSYoungGen: 237504K->33760K(238592K)] 312252K->113896K(783360K), 0.0147390 secs] [Times: user=0.11 sys=0.00, real=0.01 secs] 
325.389: Total time for which application threads were stopped: 0.0149550 seconds, Stopping threads took: 0.0000960 seconds
325.457: Application time: 0.0680030 seconds
325.457: [GC [PSYoungGen: 238560K->33760K(238592K)] 318696K->124767K(783360K), 0.0175260 secs] [Times: user=0.14 sys=0.00, real=0.02 secs] 
325.475: Total time for which application threads were stopped: 0.0177530 seconds, Stopping threads took: 0.0001080 seconds
325.552: Application time: 0.0776250 seconds
325.553: [GC [PSYoungGen: 238560K->33760K(238592K)] 329567K->154705K(783360K), 0.0256870 secs] [Times: user=0.20 sys=0.00, real=0.02 secs] 
325.578: Total time for which application threads were stopped: 0.0258920 seconds, Stopping threads took: 0.0000880 seconds
325.678: Application time: 0.0998490 seconds
325.678: [GC [PSYoungGen: 238560K->33776K(238592K)] 359505K->179312K(783360K), 0.0247260 secs] [Times: user=0.20 sys=0.00, real=0.03 secs] 
325.703: Total time for which application threads were stopped: 0.0250130 seconds, Stopping threads took: 0.0001500 seconds
325.780: Application time: 0.0768170 seconds
325.780: [GC [PSYoungGen: 238576K->33760K(238592K)] 384112K->189667K(783360K), 0.0193780 secs] [Times: user=0.15 sys=0.00, real=0.02 secs] 
325.800: Total time for which application threads were stopped: 0.0196360 seconds, Stopping threads took: 0.0001390 seconds
325.867: Application time: 0.0676890 seconds
325.867: [GC [PSYoungGen: 238560K->33776K(238592K)] 394467K->200968K(783360K), 0.0204480 secs] [Times: user=0.17 sys=0.00, real=0.02 secs] 
325.888: Total time for which application threads were stopped: 0.0206660 seconds, Stopping threads took: 0.0000980 seconds
325.969: Application time: 0.0810840 seconds
325.969: [GC [PSYoungGen: 238576K->33776K(238592K)] 405768K->230077K(783360K), 0.0278900 secs] [Times: user=0.22 sys=0.00, real=0.02 secs] 
325.997: Total time for which application threads were stopped: 0.0281160 seconds, Stopping threads took: 0.0001090 seconds
326.094: Application time: 0.0968870 seconds
326.094: [GC [PSYoungGen: 238576K->33760K(238592K)] 434877K->252481K(783360K), 0.0260400 secs] [Times: user=0.20 sys=0.00, real=0.02 secs] 
326.120: Total time for which application threads were stopped: 0.0262460 seconds, Stopping threads took: 0.0000870 seconds
326.196: Application time: 0.0752740 seconds
326.196: [GC [PSYoungGen: 238560K->33776K(238592K)] 457281K->263601K(783360K), 0.0206770 secs] [Times: user=0.16 sys=0.00, real=0.02 secs] 
326.216: Total time for which application threads were stopped: 0.0209230 seconds, Stopping threads took: 0.0001110 seconds
326.286: Application time: 0.0693390 seconds
326.286: [GC [PSYoungGen: 238576K->33776K(238592K)] 468401K->276168K(783360K), 0.0220810 secs] [Times: user=0.17 sys=0.01, real=0.02 secs] 
326.308: Total time for which application threads were stopped: 0.0222940 seconds, Stopping threads took: 0.0000950 seconds
326.391: Application time: 0.0830370 seconds
326.391: [GC [PSYoungGen: 238576K->33776K(238592K)] 480968K->307773K(783360K), 0.0306390 secs] [Times: user=0.24 sys=0.00, real=0.03 secs] 
326.422: Total time for which application threads were stopped: 0.0308470 seconds, Stopping threads took: 0.0000930 seconds
326.516: Application time: 0.0939160 seconds
326.516: [GC [PSYoungGen: 238576K->33776K(238592K)] 512573K->329581K(783360K), 0.0252050 secs] [Times: user=0.19 sys=0.00, real=0.03 secs] 
326.541: Total time for which application threads were stopped: 0.0254070 seconds, Stopping threads took: 0.0000820 seconds
326.616: Application time: 0.0748760 seconds
326.616: [GC [PSYoungGen: 238576K->33776K(238592K)] 534381K->342307K(783360K), 0.0216020 secs] [Times: user=0.17 sys=0.00, real=0.02 secs] 
326.638: Total time for which application threads were stopped: 0.0218320 seconds, Stopping threads took: 0.0001090 seconds
326.708: Application time: 0.0698310 seconds
326.708: [GC [PSYoungGen: 238576K->33776K(238592K)] 547107K->351850K(783360K), 0.0214600 secs] [Times: user=0.17 sys=0.00, real=0.03 secs] 
326.730: Total time for which application threads were stopped: 0.0216950 seconds, Stopping threads took: 0.0001050 seconds
326.816: Application time: 0.0863820 seconds
326.816: [GC [PSYoungGen: 238576K->33776K(238592K)] 556650K->388160K(783360K), 0.0337400 secs] [Times: user=0.27 sys=0.00, real=0.04 secs] 
326.850: Total time for which application threads were stopped: 0.0339420 seconds, Stopping threads took: 0.0000870 seconds
326.942: Application time: 0.0919430 seconds
326.942: [GC [PSYoungGen: 238576K->33760K(238592K)] 592960K->402505K(783360K), 0.0244160 secs] [Times: user=0.19 sys=0.00, real=0.02 secs] 
326.966: Total time for which application threads were stopped: 0.0246290 seconds, Stopping threads took: 0.0000950 seconds
327.041: Application time: 0.0740710 seconds
327.041: [GC [PSYoungGen: 238560K->33792K(238592K)] 607305K->415528K(783360K), 0.0236010 secs] [Times: user=0.19 sys=0.00, real=0.03 secs] 
327.064: Total time for which application threads were stopped: 0.0238100 seconds, Stopping threads took: 0.0000880 seconds
327.134: Application time: 0.0699260 seconds
327.134: [GC [PSYoungGen: 238592K->33760K(238592K)] 620328K->427068K(783360K), 0.0234770 secs] [Times: user=0.18 sys=0.00, real=0.02 secs] 
327.158: Total time for which application threads were stopped: 0.0236860 seconds, Stopping threads took: 0.0000890 seconds
327.246: Application time: 0.0883450 seconds
327.246: [GC [PSYoungGen: 238560K->33760K(238592K)] 631868K->459708K(783360K), 0.0318070 secs] [Times: user=0.24 sys=0.00, real=0.03 secs] 
327.278: Total time for which application threads were stopped: 0.0320220 seconds, Stopping threads took: 0.0000880 seconds
327.368: Application time: 0.0901040 seconds
327.369: [GC [PSYoungGen: 238560K->33792K(238592K)] 664508K->474547K(783360K), 0.0247410 secs] [Times: user=0.20 sys=0.00, real=0.03 secs] 
327.393: Total time for which application threads were stopped: 0.0249730 seconds, Stopping threads took: 0.0001090 seconds
327.467: Application time: 0.0739970 seconds
327.468: [GC [PSYoungGen: 238592K->33776K(238592K)] 679347K->488502K(783360K), 0.0246790 secs] [Times: user=0.20 sys=0.00, real=0.03 secs] 
327.492: Total time for which application threads were stopped: 0.0248740 seconds, Stopping threads took: 0.0000770 seconds
327.563: Application time: 0.0702310 seconds
327.563: [GC [PSYoungGen: 238576K->33760K(238592K)] 693302K->503000K(783360K), 0.0256480 secs] [Times: user=0.20 sys=0.00, real=0.02 secs] 
327.588: Total time for which application threads were stopped: 0.0258500 seconds, Stopping threads took: 0.0000840 seconds
327.680: Application time: 0.0914850 seconds
327.680: [GC [PSYoungGen: 238560K->33776K(238592K)] 707800K->533758K(783360K), 0.0328310 secs] [Times: user=0.26 sys=0.00, real=0.04 secs] 
327.713: Total time for which application threads were stopped: 0.0330710 seconds, Stopping threads took: 0.0001220 seconds
327.800: Application time: 0.0867490 seconds
327.800: [GC [PSYoungGen: 238576K->33776K(238592K)] 738558K->544498K(783360K), 0.0241080 secs] [Times: user=0.19 sys=0.00, real=0.03 secs] 
327.824: [Full GC [PSYoungGen: 33776K->0K(238592K)] [ParOldGen: 510722K->78303K(544768K)] 544498K->78303K(783360K) [PSPermGen: 8873K->8873K(21504K)], 0.0829420 secs] [Times: user=0.60 sys=0.00, real=0.08 secs] 
327.907: Total time for which application threads were stopped: 0.1073320 seconds, Stopping threads took: 0.0000740 seconds
327.981: Application time: 0.0739630 seconds
327.981: [GC [PSYoungGen: 204800K->15776K(238592K)] 283103K->94079K(783360K), 0.0068750 secs] [Times: user=0.05 sys=0.00, real=0.00 secs] 
327.988: Total time for which application threads were stopped: 0.0071150 seconds, Stopping threads took: 0.0001200 seconds
328.060: Application time: 0.0714220 seconds
328.060: [GC [PSYoungGen: 220576K->33776K(238592K)] 298879K->113047K(783360K), 0.0135630 secs] [Times: user=0.10 sys=0.00, real=0.02 secs] 
328.073: Total time for which application threads were stopped: 0.0137700 seconds, Stopping threads took: 0.0000890 seconds
328.165: Application time: 0.0914290 seconds
328.165: [GC [PSYoungGen: 238576K->33760K(238592K)] 317847K->143240K(783360K), 0.0251130 secs] [Times: user=0.20 sys=0.00, real=0.03 secs] 
328.190: Total time for which application threads were stopped: 0.0253180 seconds, Stopping threads took: 0.0000890 seconds
328.274: Application time: 0.0840110 seconds
328.274: [GC [PSYoungGen: 238560K->33760K(238592K)] 348040K->151132K(783360K), 0.0167640 secs] [Times: user=0.13 sys=0.00, real=0.02 secs] 
328.291: Total time for which application threads were stopped: 0.0169920 seconds, Stopping threads took: 0.0001080 seconds
328.365: Application time: 0.0738990 seconds
328.365: [GC [PSYoungGen: 238560K->33760K(238592K)] 355932K->165114K(783360K), 0.0197440 secs] [Times: user=0.16 sys=0.00, real=0.02 secs] 
328.385: Total time for which application threads were stopped: 0.0199680 seconds, Stopping threads took: 0.0000930 seconds
328.459: Application time: 0.0738480 seconds
328.459: [GC [PSYoungGen: 238560K->33792K(238592K)] 369914K->186100K(783360K), 0.0236450 secs] [Times: user=0.18 sys=0.00, real=0.03 secs] 
328.483: Total time for which application threads were stopped: 0.0238650 seconds, Stopping threads took: 0.0001030 seconds
328.573: Application time: 0.0904140 seconds
328.573: [GC [PSYoungGen: 238592K->33776K(238592K)] 390900K->210282K(783360K), 0.0263890 secs] [Times: user=0.20 sys=0.00, real=0.02 secs] 
328.600: Total time for which application threads were stopped: 0.0265910 seconds, Stopping threads took: 0.0000930 seconds
328.682: Application time: 0.0822680 seconds
328.682: [GC [PSYoungGen: 238576K->33776K(238592K)] 415082K->223533K(783360K), 0.0198590 secs] [Times: user=0.15 sys=0.00, real=0.02 secs] 
328.702: Total time for which application threads were stopped: 0.0200660 seconds, Stopping threads took: 0.0000880 seconds
328.777: Application time: 0.0748580 seconds
328.777: [GC [PSYoungGen: 238576K->33760K(238592K)] 428333K->233853K(783360K), 0.0195500 secs] [Times: user=0.15 sys=0.00, real=0.02 secs] 
328.797: Total time for which application threads were stopped: 0.0197690 seconds, Stopping threads took: 0.0000990 seconds
328.871: Application time: 0.0742890 seconds
328.871: [GC [PSYoungGen: 238560K->33776K(238592K)] 438653K->258392K(783360K), 0.0254240 secs] [Times: user=0.20 sys=0.00, real=0.02 secs] 
328.897: Total time for which application threads were stopped: 0.0256620 seconds, Stopping threads took: 0.0001040 seconds
328.988: Application time: 0.0911210 seconds
328.988: [GC [PSYoungGen: 238576K->33760K(238592K)] 463192K->283678K(783360K), 0.0272980 secs] [Times: user=0.21 sys=0.00, real=0.03 secs] 
329.015: Total time for which application threads were stopped: 0.0275350 seconds, Stopping threads took: 0.0001060 seconds
329.097: Application time: 0.0814740 seconds
329.097: [GC [PSYoungGen: 238560K->33760K(238592K)] 488478K->296864K(783360K), 0.0216320 secs] [Times: user=0.17 sys=0.00, real=0.02 secs] 
329.119: Total time for which application threads were stopped: 0.0218490 seconds, Stopping threads took: 0.0001000 seconds
329.192: Application time: 0.0737880 seconds
329.193: [GC [PSYoungGen: 238560K->33760K(238592K)] 501664K->302825K(783360K), 0.0200030 secs] [Times: user=0.16 sys=0.00, real=0.02 secs] 
329.213: Total time for which application threads were stopped: 0.0202020 seconds, Stopping threads took: 0.0000810 seconds
329.290: Application time: 0.0770470 seconds
329.290: [GC [PSYoungGen: 238560K->33776K(238592K)] 507625K->328617K(783360K), 0.0282590 secs] [Times: user=0.22 sys=0.00, real=0.02 secs] 
329.318: Total time for which application threads were stopped: 0.0284880 seconds, Stopping threads took: 0.0001110 seconds
329.409: Application time: 0.0911190 seconds
329.409: [GC [PSYoungGen: 238576K->33776K(238592K)] 533417K->351110K(783360K), 0.0281760 secs] [Times: user=0.22 sys=0.00, real=0.02 secs] 
329.438: Total time for which application threads were stopped: 0.0283860 seconds, Stopping threads took: 0.0000800 seconds
329.518: Application time: 0.0801580 seconds
329.518: [GC [PSYoungGen: 238576K->33776K(238592K)] 555910K->368490K(783360K), 0.0236600 secs] [Times: user=0.17 sys=0.00, real=0.03 secs] 
329.542: Total time for which application threads were stopped: 0.0238750 seconds, Stopping threads took: 0.0000920 seconds
329.615: Application time: 0.0731040 seconds
329.615: [GC [PSYoungGen: 238576K->28608K(238592K)] 573290K->374585K(783360K), 0.0200730 secs] [Times: user=0.16 sys=0.00, real=0.02 secs] 
329.635: Total time for which application threads were stopped: 0.0202830 seconds, Stopping threads took: 0.0000920 seconds
329.714: Application time: 0.0794290 seconds
329.715: [GC [PSYoungGen: 233408K->33776K(238592K)] 579385K->397596K(783360K), 0.0256400 secs] [Times: user=0.20 sys=0.00, real=0.02 secs] 
329.740: Total time for which application threads were stopped: 0.0258500 seconds, Stopping threads took: 0.0000930 seconds
329.831: Application time: 0.0905160 seconds
329.831: [GC [PSYoungGen: 238576K->33776K(238592K)] 602396K->417154K(783360K), 0.0251410 secs] [Times: user=0.20 sys=0.00, real=0.02 secs] 
329.856: Total time for which application threads were stopped: 0.0253500 seconds, Stopping threads took: 0.0000880 seconds
329.935: Application time: 0.0785360 seconds
329.935: [GC [PSYoungGen: 238576K->33776K(238592K)] 621954K->431840K(783360K), 0.0239550 secs] [Times: user=0.19 sys=0.00, real=0.02 secs] 
329.959: Total time for which application threads were stopped: 0.0241790 seconds, Stopping threads took: 0.0000880 seconds
330.031: Application time: 0.0724310 seconds
330.032: [GC [PSYoungGen: 238576K->33776K(238592K)] 636640K->437944K(783360K), 0.0216660 secs] [Times: user=0.17 sys=0.00, real=0.02 secs] 
330.053: Total time for which application threads were stopped: 0.0218810 seconds, Stopping threads took: 0.0000990 seconds
330.135: Application time: 0.0820950 seconds
330.135: [GC [PSYoungGen: 238576K->33760K(238592K)] 642744K->462714K(783360K), 0.0288210 secs] [Times: user=0.21 sys=0.00, real=0.03 secs] 
330.164: Total time for which application threads were stopped: 0.0290250 seconds, Stopping threads took: 0.0000820 seconds
330.253: Application time: 0.0887590 seconds
330.253: [GC [PSYoungGen: 238560K->33776K(238592K)] 667514K->480641K(783360K), 0.0264850 secs] [Times: user=0.21 sys=0.00, real=0.02 secs] 
330.280: Total time for which application threads were stopped: 0.0266780 seconds, Stopping threads took: 0.0000720 seconds
330.358: Application time: 0.0782060 seconds
330.358: [GC [PSYoungGen: 238576K->33776K(238592K)] 685441K->496120K(783360K), 0.0258780 secs] [Times: user=0.20 sys=0.00, real=0.03 secs] 
330.384: Total time for which application threads were stopped: 0.0260930 seconds, Stopping threads took: 0.0000940 seconds
330.456: Application time: 0.0716910 seconds
330.456: [GC [PSYoungGen: 238576K->33760K(238592K)] 700920K->504535K(783360K), 0.0232080 secs] [Times: user=0.19 sys=0.00, real=0.02 secs] 
330.479: Total time for which application threads were stopped: 0.0234400 seconds, Stopping threads took: 0.0001060 seconds
330.565: Application time: 0.0853050 seconds
330.565: [GC [PSYoungGen: 238560K->33760K(238592K)] 709335K->532065K(783360K), 0.0295130 secs] [Times: user=0.23 sys=0.00, real=0.03 secs] 
330.594: Total time for which application threads were stopped: 0.0297200 seconds, Stopping threads took: 0.0000880 seconds
330.681: Application time: 0.0866260 seconds
330.681: [GC [PSYoungGen: 238560K->33760K(238592K)] 736865K->549068K(783360K), 0.0264940 secs] [Times: user=0.21 sys=0.00, real=0.02 secs] 
330.708: [Full GC [PSYoungGen: 33760K->0K(238592K)] [ParOldGen: 515308K->78276K(544768K)] 549068K->78276K(783360K) [PSPermGen: 8873K->8873K(21504K)], 0.0834090 secs] [Times: user=0.60 sys=0.00, real=0.09 secs] 
330.791: Total time for which application threads were stopped: 0.1101940 seconds, Stopping threads took: 0.0000970 seconds
330.871: Application time: 0.0798390 seconds
330.871: [GC [PSYoungGen: 204800K->18400K(238592K)] 283076K->96676K(783360K), 0.0079520 secs] [Times: user=0.06 sys=0.00, real=0.00 secs] 
330.879: Total time for which application threads were stopped: 0.0081790 seconds, Stopping threads took: 0.0001120 seconds
330.951: Application time: 0.0715410 seconds
330.951: [GC [PSYoungGen: 223200K->33776K(238592K)] 301476K->113492K(783360K), 0.0131900 secs] [Times: user=0.10 sys=0.00, real=0.01 secs] 
330.964: Total time for which application threads were stopped: 0.0133980 seconds, Stopping threads took: 0.0000860 seconds
331.049: Application time: 0.0850670 seconds
331.049: [GC [PSYoungGen: 238576K->33776K(238592K)] 318292K->137920K(783360K), 0.0227530 secs] [Times: user=0.17 sys=0.00, real=0.02 secs] 
331.072: Total time for which application threads were stopped: 0.0229760 seconds, Stopping threads took: 0.0000940 seconds
331.157: Application time: 0.0848350 seconds
331.157: [GC [PSYoungGen: 238576K->33760K(238592K)] 342720K->153315K(783360K), 0.0203410 secs] [Times: user=0.16 sys=0.00, real=0.02 secs] 
331.178: Total time for which application threads were stopped: 0.0205740 seconds, Stopping threads took: 0.0001030 seconds
331.258: Application time: 0.0801180 seconds
331.258: [GC [PSYoungGen: 238560K->33776K(238592K)] 358115K->169070K(783360K), 0.0223910 secs] [Times: user=0.18 sys=0.00, real=0.02 secs] 
331.280: Total time for which application threads were stopped: 0.0226090 seconds, Stopping threads took: 0.0000970 seconds
331.353: Application time: 0.0727920 seconds
331.353: [GC [PSYoungGen: 238576K->33760K(238592K)] 373870K->189446K(783360K), 0.0227770 secs] [Times: user=0.18 sys=0.00, real=0.02 secs] 
331.376: Total time for which application threads were stopped: 0.0230270 seconds, Stopping threads took: 0.0001340 seconds
331.461: Application time: 0.0851100 seconds
331.465: [GC [PSYoungGen: 238560K->33760K(238592K)] 394246K->213397K(783360K), 0.0251550 secs] [Times: user=0.20 sys=0.00, real=0.03 secs] 
331.490: Total time for which application threads were stopped: 0.0291970 seconds, Stopping threads took: 0.0039250 seconds
331.574: Application time: 0.0835500 seconds
331.574: [GC [PSYoungGen: 238560K->33776K(238592K)] 418197K->236280K(783360K), 0.0264220 secs] [Times: user=0.20 sys=0.00, real=0.02 secs] 
331.601: Total time for which application threads were stopped: 0.0266770 seconds, Stopping threads took: 0.0001020 seconds
331.681: Application time: 0.0804310 seconds
331.681: [GC [PSYoungGen: 238576K->33776K(238592K)] 441080K->250604K(783360K), 0.0219700 secs] [Times: user=0.17 sys=0.00, real=0.02 secs] 
331.703: Total time for which application threads were stopped: 0.0221770 seconds, Stopping threads took: 0.0000870 seconds
331.777: Application time: 0.0738730 seconds
331.777: [GC [PSYoungGen: 238576K->33776K(238592K)] 455404K->268690K(783360K), 0.0240980 secs] [Times: user=0.18 sys=0.00, real=0.03 secs] 
331.801: Total time for which application threads were stopped: 0.0243290 seconds, Stopping threads took: 0.0001040 seconds
331.886: Application time: 0.0848890 seconds
331.889: [GC [PSYoungGen: 238576K->33776K(238592K)] 473490K->289015K(783360K), 0.0261510 secs] [Times: user=0.21 sys=0.00, real=0.02 secs] 
331.915: Total time for which application threads were stopped: 0.0290640 seconds, Stopping threads took: 0.0027930 seconds
331.999: Application time: 0.0832160 seconds
331.999: [GC [PSYoungGen: 238576K->33760K(238592K)] 493815K->305821K(783360K), 0.0238540 secs] [Times: user=0.18 sys=0.00, real=0.03 secs] 
332.023: Total time for which application threads were stopped: 0.0240660 seconds, Stopping threads took: 0.0000940 seconds
332.102: Application time: 0.0797140 seconds
332.103: [GC [PSYoungGen: 238560K->33776K(238592K)] 510621K->315965K(783360K), 0.0216070 secs] [Times: user=0.17 sys=0.00, real=0.02 secs] 
332.124: Total time for which application threads were stopped: 0.0218420 seconds, Stopping threads took: 0.0001020 seconds
332.199: Application time: 0.0750030 seconds
332.199: [GC [PSYoungGen: 238576K->33760K(238592K)] 520765K->336176K(783360K), 0.0260060 secs] [Times: user=0.20 sys=0.00, real=0.03 secs] 
332.225: Total time for which application threads were stopped: 0.0262050 seconds, Stopping threads took: 0.0000800 seconds
332.310: Application time: 0.0843320 seconds
332.310: [GC [PSYoungGen: 238560K->33776K(238592K)] 540976K->354399K(783360K), 0.0229710 secs] [Times: user=0.18 sys=0.00, real=0.02 secs] 
332.333: Total time for which application threads were stopped: 0.0231830 seconds, Stopping threads took: 0.0000930 seconds
332.417: Application time: 0.0836100 seconds
332.417: [GC [PSYoungGen: 238576K->33776K(238592K)] 559199K->373801K(783360K), 0.0241220 secs] [Times: user=0.19 sys=0.00, real=0.02 secs] 
332.441: Total time for which application threads were stopped: 0.0243230 seconds, Stopping threads took: 0.0000830 seconds
332.519: Application time: 0.0783850 seconds
332.519: [GC [PSYoungGen: 238576K->33776K(238592K)] 578601K->380065K(783360K), 0.0203320 secs] [Times: user=0.16 sys=0.00, real=0.02 secs] 
332.540: Total time for which application threads were stopped: 0.0205630 seconds, Stopping threads took: 0.0001110 seconds
332.618: Application time: 0.0781250 seconds
332.618: [GC [PSYoungGen: 238576K->33776K(238592K)] 584865K->402323K(783360K), 0.0257740 secs] [Times: user=0.20 sys=0.00, real=0.03 secs] 
332.644: Total time for which application threads were stopped: 0.0259810 seconds, Stopping threads took: 0.0000790 seconds
332.727: Application time: 0.0825560 seconds
332.727: [GC [PSYoungGen: 238576K->33776K(238592K)] 607123K->418886K(783360K), 0.0237420 secs] [Times: user=0.19 sys=0.00, real=0.03 secs] 
332.751: Total time for which application threads were stopped: 0.0239990 seconds, Stopping threads took: 0.0001390 seconds
332.836: Application time: 0.0855240 seconds
332.836: [GC [PSYoungGen: 238576K->33760K(238592K)] 623686K->442212K(783360K), 0.0257870 secs] [Times: user=0.21 sys=0.00, real=0.03 secs] 
332.862: Total time for which application threads were stopped: 0.0260020 seconds, Stopping threads took: 0.0000970 seconds
332.938: Application time: 0.0762750 seconds
332.938: [GC [PSYoungGen: 238560K->33776K(238592K)] 647012K->446584K(783360K), 0.0190590 secs] [Times: user=0.15 sys=0.00, real=0.02 secs] 
332.958: Total time for which application threads were stopped: 0.0192720 seconds, Stopping threads took: 0.0000900 seconds
333.036: Application time: 0.0783180 seconds
333.036: [GC [PSYoungGen: 238576K->33776K(238592K)] 651384K->472639K(783360K), 0.0279650 secs] [Times: user=0.22 sys=0.00, real=0.03 secs] 
333.064: Total time for which application threads were stopped: 0.0281740 seconds, Stopping threads took: 0.0000900 seconds
333.146: Application time: 0.0823800 seconds
333.147: [GC [PSYoungGen: 238576K->33776K(238592K)] 677439K->487950K(783360K), 0.0237480 secs] [Times: user=0.18 sys=0.00, real=0.03 secs] 
333.170: Total time for which application threads were stopped: 0.0240010 seconds, Stopping threads took: 0.0001210 seconds
333.256: Application time: 0.0859920 seconds
333.257: [GC [PSYoungGen: 238576K->33760K(238592K)] 692750K->509772K(783360K), 0.0265360 secs] [Times: user=0.21 sys=0.00, real=0.03 secs] 
333.283: Total time for which application threads were stopped: 0.0267620 seconds, Stopping threads took: 0.0001060 seconds
333.358: Application time: 0.0750090 seconds
333.358: [GC [PSYoungGen: 238560K->33760K(238592K)] 714572K->514903K(783360K), 0.0226650 secs] [Times: user=0.17 sys=0.00, real=0.03 secs] 
333.381: Total time for which application threads were stopped: 0.0228740 seconds, Stopping threads took: 0.0000930 seconds
333.461: Application time: 0.0800840 seconds
333.461: [GC [PSYoungGen: 238560K->33776K(238592K)] 719703K->540518K(783360K), 0.0318140 secs] [Times: user=0.25 sys=0.00, real=0.03 secs] 
333.493: Total time for which application threads were stopped: 0.0320410 seconds, Stopping threads took: 0.0001110 seconds
333.575: Application time: 0.0816950 seconds
333.575: [GC [PSYoungGen: 238576K->33776K(238592K)] 745318K->561448K(783360K), 0.0271530 secs] [Times: user=0.21 sys=0.00, real=0.03 secs] 
333.602: [Full GC [PSYoungGen: 33776K->0K(238592K)] [ParOldGen: 527672K->83186K(544768K)] 561448K->83186K(783360K) [PSPermGen: 8873K->8873K(21504K)], 0.0855400 secs] [Times: user=0.63 sys=0.00, real=0.08 secs] 
333.688: Total time for which application threads were stopped: 0.1129770 seconds, Stopping threads took: 0.0001000 seconds
333.774: Application time: 0.0863030 seconds
333.774: [GC [PSYoungGen: 204800K->21088K(238592K)] 287986K->104274K(783360K), 0.0091400 secs] [Times: user=0.07 sys=0.00, real=0.01 secs] 
333.784: Total time for which application threads were stopped: 0.0093720 seconds, Stopping threads took: 0.0000980 seconds
333.858: Application time: 0.0739880 seconds
333.858: [GC [PSYoungGen: 225888K->29488K(238592K)] 309074K->112674K(783360K), 0.0111570 secs] [Times: user=0.09 sys=0.00, real=0.01 secs] 
333.869: Total time for which application threads were stopped: 0.0113510 seconds, Stopping threads took: 0.0000720 seconds
333.949: Application time: 0.0802940 seconds
333.949: [GC [PSYoungGen: 234288K->33776K(238592K)] 317474K->134889K(783360K), 0.0207520 secs] [Times: user=0.16 sys=0.00, real=0.02 secs] 
333.970: Total time for which application threads were stopped: 0.0209680 seconds, Stopping threads took: 0.0000950 seconds
334.054: Application time: 0.0841220 seconds
334.057: [GC [PSYoungGen: 238576K->33776K(238592K)] 339689K->158746K(783360K), 0.0233870 secs] [Times: user=0.18 sys=0.00, real=0.02 secs] 
334.081: Total time for which application threads were stopped: 0.0263010 seconds, Stopping threads took: 0.0027950 seconds
334.165: Application time: 0.0842770 seconds
334.165: [GC [PSYoungGen: 238576K->33760K(238592K)] 363546K->176033K(783360K), 0.0218750 secs] [Times: user=0.18 sys=0.00, real=0.02 secs] 
334.187: Total time for which application threads were stopped: 0.0221100 seconds, Stopping threads took: 0.0001050 seconds
334.261: Application time: 0.0737220 seconds
334.261: [GC [PSYoungGen: 238560K->33776K(238592K)] 380833K->192148K(783360K), 0.0207630 secs] [Times: user=0.17 sys=0.00, real=0.03 secs] 
334.282: Total time for which application threads were stopped: 0.0209870 seconds, Stopping threads took: 0.0001080 seconds
334.363: Application time: 0.0808190 seconds
334.363: [GC [PSYoungGen: 238576K->33760K(238592K)] 396948K->213322K(783360K), 0.0234770 secs] [Times: user=0.19 sys=0.00, real=0.02 secs] 
334.386: Total time for which application threads were stopped: 0.0236970 seconds, Stopping threads took: 0.0000960 seconds
334.471: Application time: 0.0848710 seconds
334.471: [GC [PSYoungGen: 238560K->33776K(238592K)] 418122K->236736K(783360K), 0.0244620 secs] [Times: user=0.19 sys=0.00, real=0.02 secs] 
334.496: Total time for which application threads were stopped: 0.0246710 seconds, Stopping threads took: 0.0000900 seconds
334.580: Application time: 0.0840700 seconds
334.580: [GC [PSYoungGen: 238576K->33776K(238592K)] 441536K->250179K(783360K), 0.0224260 secs] [Times: user=0.17 sys=0.00, real=0.03 secs] 
334.603: Total time for which application threads were stopped: 0.0226500 seconds, Stopping threads took: 0.0001010 seconds
334.676: Application time: 0.0732420 seconds
334.676: [GC [PSYoungGen: 238576K->33760K(238592K)] 454979K->265539K(783360K), 0.0220300 secs] [Times: user=0.17 sys=0.00, real=0.02 secs] 
334.698: Total time for which application threads were stopped: 0.0222500 seconds, Stopping threads took: 0.0001000 seconds
334.779: Application time: 0.0812200 seconds
334.779: [GC [PSYoungGen: 238560K->33760K(238592K)] 470339K->290329K(783360K), 0.0255980 secs] [Times: user=0.19 sys=0.00, real=0.03 secs] 
334.805: Total time for which application threads were stopped: 0.0257860 seconds, Stopping threads took: 0.0000690 seconds
334.891: Application time: 0.0856130 seconds
334.891: [GC [PSYoungGen: 238560K->33760K(238592K)] 495129K->312184K(783360K), 0.0249640 secs] [Times: user=0.19 sys=0.00, real=0.02 secs] 
334.916: Total time for which application threads were stopped: 0.0252040 seconds, Stopping threads took: 0.0001060 seconds
334.999: Application time: 0.0829120 seconds
334.999: [GC [PSYoungGen: 238560K->33776K(238592K)] 516984K->328173K(783360K), 0.0233780 secs] [Times: user=0.18 sys=0.00, real=0.03 secs] 
335.022: Total time for which application threads were stopped: 0.0235700 seconds, Stopping threads took: 0.0000730 seconds
335.095: Application time: 0.0727550 seconds
335.095: [GC [PSYoungGen: 238576K->33776K(238592K)] 532973K->341749K(783360K), 0.0226200 secs] [Times: user=0.18 sys=0.00, real=0.02 secs] 
335.118: Total time for which application threads were stopped: 0.0228320 seconds, Stopping threads took: 0.0000930 seconds
335.200: Application time: 0.0822700 seconds
335.200: [GC [PSYoungGen: 238576K->33760K(238592K)] 546549K->365879K(783360K), 0.0279520 secs] [Times: user=0.22 sys=0.00, real=0.03 secs] 
335.228: Total time for which application threads were stopped: 0.0281620 seconds, Stopping threads took: 0.0000940 seconds
335.314: Application time: 0.0855390 seconds
335.314: [GC [PSYoungGen: 238560K->33760K(238592K)] 570679K->386449K(783360K), 0.0251920 secs] [Times: user=0.20 sys=0.00, real=0.02 secs] 
335.339: Total time for which application threads were stopped: 0.0254120 seconds, Stopping threads took: 0.0001020 seconds
335.420: Application time: 0.0807100 seconds
335.421: [GC [PSYoungGen: 238560K->33776K(238592K)] 591249K->399241K(783360K), 0.0229060 secs] [Times: user=0.16 sys=0.00, real=0.02 secs] 
335.444: Total time for which application threads were stopped: 0.0240900 seconds, Stopping threads took: 0.0010490 seconds
335.518: Application time: 0.0734780 seconds
335.518: [GC [PSYoungGen: 238576K->33776K(238592K)] 604041K->412896K(783360K), 0.0230130 secs] [Times: user=0.18 sys=0.00, real=0.02 secs] 
335.541: Total time for which application threads were stopped: 0.0232230 seconds, Stopping threads took: 0.0000900 seconds
335.624: Application time: 0.0831440 seconds
335.624: [GC [PSYoungGen: 238576K->33776K(238592K)] 617696K->437842K(783360K), 0.0279930 secs] [Times: user=0.22 sys=0.00, real=0.03 secs] 
335.652: Total time for which application threads were stopped: 0.0282100 seconds, Stopping threads took: 0.0001000 seconds
335.738: Application time: 0.0862220 seconds
335.739: [GC [PSYoungGen: 238576K->33776K(238592K)] 642642K->459192K(783360K), 0.0276420 secs] [Times: user=0.22 sys=0.00, real=0.03 secs] 
335.766: Total time for which application threads were stopped: 0.0278600 seconds, Stopping threads took: 0.0001000 seconds
335.846: Application time: 0.0796550 seconds
335.846: [GC [PSYoungGen: 238576K->33760K(238592K)] 663992K->471260K(783360K), 0.0252430 secs] [Times: user=0.19 sys=0.00, real=0.03 secs] 
335.871: Total time for which application threads were stopped: 0.0254540 seconds, Stopping threads took: 0.0000930 seconds
335.947: Application time: 0.0756740 seconds
335.947: [GC [PSYoungGen: 238560K->33776K(238592K)] 676060K->489459K(783360K), 0.0260940 secs] [Times: user=0.20 sys=0.00, real=0.03 secs] 
335.973: Total time for which application threads were stopped: 0.0263340 seconds, Stopping threads took: 0.0001020 seconds
336.056: Application time: 0.0829670 seconds
336.057: [GC [PSYoungGen: 238576K->33776K(238592K)] 694259K->514637K(783360K), 0.0294470 secs] [Times: user=0.23 sys=0.00, real=0.03 secs] 
336.086: Total time for which application threads were stopped: 0.0296570 seconds, Stopping threads took: 0.0000920 seconds
336.171: Application time: 0.0845750 seconds
336.171: [GC [PSYoungGen: 238576K->33760K(238592K)] 719437K->530387K(783360K), 0.0257280 secs] [Times: user=0.20 sys=0.00, real=0.02 secs] 
336.197: Total time for which application threads were stopped: 0.0259390 seconds, Stopping threads took: 0.0000930 seconds
336.277: Application time: 0.0799940 seconds
336.277: [GC [PSYoungGen: 238560K->33760K(238592K)] 735187K->543663K(783360K), 0.0250060 secs] [Times: user=0.20 sys=0.00, real=0.03 secs] 
336.302: Total time for which application threads were stopped: 0.0252220 seconds, Stopping threads took: 0.0000980 seconds
336.378: Application time: 0.0759280 seconds
336.378: [GC [PSYoungGen: 238560K->33776K(238592K)] 748463K->559155K(783360K), 0.0260890 secs] [Times: user=0.20 sys=0.00, real=0.03 secs] 
336.404: [Full GC [PSYoungGen: 33776K->0K(238592K)] [ParOldGen: 525379K->77163K(544768K)] 559155K->77163K(783360K) [PSPermGen: 8873K->8873K(21504K)], 0.0817050 secs] [Times: user=0.60 sys=0.00, real=0.08 secs] 
336.486: Total time for which application threads were stopped: 0.1080570 seconds, Stopping threads took: 0.0000810 seconds
336.570: Application time: 0.0845520 seconds
336.571: [GC [PSYoungGen: 204800K->27552K(238592K)] 281963K->104715K(783360K), 0.0114040 secs] [Times: user=0.08 sys=0.00, real=0.01 secs] 
336.582: Total time for which application threads were stopped: 0.0116440 seconds, Stopping threads took: 0.0001050 seconds
336.666: Application time: 0.0841300 seconds
336.666: [GC [PSYoungGen: 232352K->33776K(238592K)] 309515K->121896K(783360K), 0.0173810 secs] [Times: user=0.13 sys=0.00, real=0.02 secs] 
336.684: Total time for which application threads were stopped: 0.0176070 seconds, Stopping threads took: 0.0001080 seconds
336.762: Application time: 0.0782060 seconds
336.762: [GC [PSYoungGen: 238576K->33760K(238592K)] 326696K->135436K(783360K), 0.0189160 secs] [Times: user=0.15 sys=0.00, real=0.01 secs] 
336.781: Total time for which application threads were stopped: 0.0191140 seconds, Stopping threads took: 0.0000810 seconds
336.858: Application time: 0.0766130 seconds
336.858: [GC [PSYoungGen: 238560K->33776K(238592K)] 340236K->152638K(783360K), 0.0209350 secs] [Times: user=0.17 sys=0.00, real=0.02 secs] 
336.879: Total time for which application threads were stopped: 0.0211430 seconds, Stopping threads took: 0.0000900 seconds
336.965: Application time: 0.0857700 seconds
336.965: [GC [PSYoungGen: 238576K->33776K(238592K)] 357438K->176545K(783360K), 0.0252090 secs] [Times: user=0.19 sys=0.01, real=0.03 secs] 
336.990: Total time for which application threads were stopped: 0.0254370 seconds, Stopping threads took: 0.0001110 seconds
337.073: Application time: 0.0831720 seconds
337.073: [GC [PSYoungGen: 238576K->33760K(238592K)] 381345K->194663K(783360K), 0.0219370 secs] [Times: user=0.17 sys=0.00, real=0.02 secs] 
337.095: Total time for which application threads were stopped: 0.0221670 seconds, Stopping threads took: 0.0001000 seconds
337.172: Application time: 0.0771240 seconds
337.173: [GC [PSYoungGen: 238560K->33776K(238592K)] 399463K->206252K(783360K), 0.0201210 secs] [Times: user=0.16 sys=0.00, real=0.02 secs] 
337.193: Total time for which application threads were stopped: 0.0203110 seconds, Stopping threads took: 0.0000740 seconds
337.269: Application time: 0.0766590 seconds
337.270: [GC [PSYoungGen: 238576K->33776K(238592K)] 411052K->225740K(783360K), 0.0233910 secs] [Times: user=0.18 sys=0.00, real=0.02 secs] 
337.293: Total time for which application threads were stopped: 0.0235950 seconds, Stopping threads took: 0.0000840 seconds
337.380: Application time: 0.0868290 seconds
337.380: [GC [PSYoungGen: 238576K->33776K(238592K)] 430540K->249283K(783360K), 0.0256460 secs] [Times: user=0.20 sys=0.00, real=0.03 secs] 
337.406: Total time for which application threads were stopped: 0.0258400 seconds, Stopping threads took: 0.0000760 seconds
337.488: Application time: 0.0824040 seconds
337.488: [GC [PSYoungGen: 238576K->33760K(238592K)] 454083K->264595K(783360K), 0.0225280 secs] [Times: user=0.18 sys=0.00, real=0.03 secs] 
337.511: Total time for which application threads were stopped: 0.0227210 seconds, Stopping threads took: 0.0000710 seconds
337.587: Application time: 0.0764300 seconds
337.587: [GC [PSYoungGen: 238560K->33760K(238592K)] 469395K->278833K(783360K), 0.0236300 secs] [Times: user=0.18 sys=0.00, real=0.03 secs] 
337.611: Total time for which application threads were stopped: 0.0238640 seconds, Stopping threads took: 0.0000970 seconds
337.688: Application time: 0.0771300 seconds
337.688: [GC [PSYoungGen: 238560K->33776K(238592K)] 483633K->299103K(783360K), 0.0257680 secs] [Times: user=0.20 sys=0.00, real=0.03 secs] 
337.714: Total time for which application threads were stopped: 0.0259780 seconds, Stopping threads took: 0.0000920 seconds
337.801: Application time: 0.0870640 seconds
337.801: [GC [PSYoungGen: 238576K->33760K(238592K)] 503903K->322138K(783360K), 0.0268260 secs] [Times: user=0.21 sys=0.00, real=0.02 secs] 
337.828: Total time for which application threads were stopped: 0.0270230 seconds, Stopping threads took: 0.0000790 seconds
337.910: Application time: 0.0814250 seconds
337.910: [GC [PSYoungGen: 238560K->33760K(238592K)] 526938K->340085K(783360K), 0.0233500 secs] [Times: user=0.18 sys=0.00, real=0.02 secs] 
337.933: Total time for which application threads were stopped: 0.0235570 seconds, Stopping threads took: 0.0000860 seconds
338.010: Application time: 0.0771750 seconds
338.011: [GC [PSYoungGen: 238560K->33776K(238592K)] 544885K->353988K(783360K), 0.0229030 secs] [Times: user=0.18 sys=0.00, real=0.02 secs] 
338.034: Total time for which application threads were stopped: 0.0231000 seconds, Stopping threads took: 0.0000770 seconds
338.111: Application time: 0.0770600 seconds
338.111: [GC [PSYoungGen: 238576K->33776K(238592K)] 558788K->373891K(783360K), 0.0255660 secs] [Times: user=0.20 sys=0.00, real=0.02 secs] 
338.136: Total time for which application threads were stopped: 0.0257870 seconds, Stopping threads took: 0.0000860 seconds
338.224: Application time: 0.0872580 seconds
338.224: [GC [PSYoungGen: 238576K->33760K(238592K)] 578691K->393688K(783360K), 0.0256380 secs] [Times: user=0.20 sys=0.00, real=0.03 secs] 
338.250: Total time for which application threads were stopped: 0.0258550 seconds, Stopping threads took: 0.0001030 seconds
338.330: Application time: 0.0805210 seconds
338.330: [GC [PSYoungGen: 238560K->33760K(238592K)] 598488K->408054K(783360K), 0.0239090 secs] [Times: user=0.19 sys=0.00, real=0.02 secs] 
338.354: Total time for which application threads were stopped: 0.0241070 seconds, Stopping threads took: 0.0000800 seconds
338.432: Application time: 0.0775680 seconds
338.432: [GC [PSYoungGen: 238560K->33776K(238592K)] 612854K->424041K(783360K), 0.0254810 secs] [Times: user=0.20 sys=0.00, real=0.02 secs] 
338.457: Total time for which application threads were stopped: 0.0256810 seconds, Stopping threads took: 0.0000850 seconds
338.535: Application time: 0.0772650 seconds
338.535: [GC [PSYoungGen: 238576K->33760K(238592K)] 628841K->446772K(783360K), 0.0267750 secs] [Times: user=0.21 sys=0.00, real=0.03 secs] 
338.562: Total time for which application threads were stopped: 0.0269700 seconds, Stopping threads took: 0.0000810 seconds
338.650: Application time: 0.0878620 seconds
338.650: [GC [PSYoungGen: 238560K->33776K(238592K)] 651572K->463263K(783360K), 0.0255820 secs] [Times: user=0.18 sys=0.00, real=0.02 secs] 
338.675: Total time for which application threads were stopped: 0.0257850 seconds, Stopping threads took: 0.0000630 seconds
338.756: Application time: 0.0804900 seconds
338.756: [GC [PSYoungGen: 238576K->33760K(238592K)] 668063K->483737K(783360K), 0.0268610 secs] [Times: user=0.21 sys=0.00, real=0.03 secs] 
338.783: Total time for which application threads were stopped: 0.0271140 seconds, Stopping threads took: 0.0001250 seconds
338.860: Application time: 0.0766500 seconds
338.860: [GC [PSYoungGen: 238560K->33760K(238592K)] 688537K->497497K(783360K), 0.0235640 secs] [Times: user=0.19 sys=0.00, real=0.03 secs] 
338.883: Total time for which application threads were stopped: 0.0237720 seconds, Stopping threads took: 0.0000880 seconds
338.963: Application time: 0.0793280 seconds
338.963: [GC [PSYoungGen: 238560K->33760K(238592K)] 702297K->523747K(783360K), 0.0292520 secs] [Times: user=0.23 sys=0.00, real=0.03 secs] 
338.992: Total time for which application threads were stopped: 0.0294500 seconds, Stopping threads took: 0.0000820 seconds
339.077: Application time: 0.0852390 seconds
339.080: [GC [PSYoungGen: 238560K->33760K(238592K)] 728547K->537953K(783360K), 0.0260390 secs] [Times: user=0.20 sys=0.00, real=0.03 secs] 
339.106: Total time for which application threads were stopped: 0.0290430 seconds, Stopping threads took: 0.0028860 seconds
339.187: Application time: 0.0810430 seconds
339.188: [GC [PSYoungGen: 238560K->33760K(238592K)] 742753K->555262K(783360K), 0.0264650 secs] [Times: user=0.21 sys=0.00, real=0.03 secs] 
339.214: [Full GC [PSYoungGen: 33760K->0K(238592K)] [ParOldGen: 521502K->76754K(544768K)] 555262K->76754K(783360K) [PSPermGen: 8873K->8873K(21504K)], 0.0802800 secs] [Times: user=0.58 sys=0.00, real=0.08 secs] 
339.295: Total time for which application threads were stopped: 0.1070430 seconds, Stopping threads took: 0.0000980 seconds
339.370: Application time: 0.0758860 seconds
339.371: [GC [PSYoungGen: 204800K->15120K(238592K)] 281554K->91874K(783360K), 0.0065260 secs] [Times: user=0.05 sys=0.00, real=0.00 secs] 
339.377: Total time for which application threads were stopped: 0.0067460 seconds, Stopping threads took: 0.0001030 seconds
339.458: Application time: 0.0806740 seconds
339.458: [GC [PSYoungGen: 219920K->33760K(238592K)] 296674K->119638K(783360K), 0.0171450 secs] [Times: user=0.13 sys=0.00, real=0.02 secs] 
339.475: Total time for which application threads were stopped: 0.0173520 seconds, Stopping threads took: 0.0000910 seconds
339.560: Application time: 0.0849630 seconds
339.560: [GC [PSYoungGen: 238560K->33776K(238592K)] 324438K->135282K(783360K), 0.0196050 secs] [Times: user=0.15 sys=0.00, real=0.02 secs] 
339.580: Total time for which application threads were stopped: 0.0198270 seconds, Stopping threads took: 0.0001020 seconds
339.660: Application time: 0.0803790 seconds
339.661: [GC [PSYoungGen: 238576K->33760K(238592K)] 340082K->151226K(783360K), 0.0207380 secs] [Times: user=0.17 sys=0.00, real=0.03 secs] 
339.681: Total time for which application threads were stopped: 0.0209560 seconds, Stopping threads took: 0.0000980 seconds
339.757: Application time: 0.0757750 seconds
339.757: [GC [PSYoungGen: 238560K->33760K(238592K)] 356026K->166628K(783360K), 0.0213320 secs] [Times: user=0.17 sys=0.00, real=0.02 secs] 
339.779: Total time for which application threads were stopped: 0.0215760 seconds, Stopping threads took: 0.0001110 seconds
339.863: Application time: 0.0846170 seconds
339.863: [GC [PSYoungGen: 238560K->33776K(238592K)] 371428K->193027K(783360K), 0.0267220 secs] [Times: user=0.21 sys=0.00, real=0.03 secs] 
339.890: Total time for which application threads were stopped: 0.0269310 seconds, Stopping threads took: 0.0000920 seconds
339.972: Application time: 0.0822440 seconds
339.973: [GC [PSYoungGen: 238576K->33776K(238592K)] 397827K->206225K(783360K), 0.0222070 secs] [Times: user=0.17 sys=0.00, real=0.02 secs] 
339.995: Total time for which application threads were stopped: 0.0224300 seconds, Stopping threads took: 0.0001030 seconds
340.074: Application time: 0.0795540 seconds
340.075: [GC [PSYoungGen: 238576K->33792K(238592K)] 411025K->225076K(783360K), 0.0242470 secs] [Times: user=0.19 sys=0.00, real=0.02 secs] 
340.099: Total time for which application threads were stopped: 0.0244720 seconds, Stopping threads took: 0.0001050 seconds
340.175: Application time: 0.0759080 seconds
340.177: [GC [PSYoungGen: 238592K->33776K(238592K)] 429876K->242355K(783360K), 0.0241170 secs] [Times: user=0.19 sys=0.00, real=0.03 secs] 
340.201: Total time for which application threads were stopped: 0.0264590 seconds, Stopping threads took: 0.0022240 seconds
340.287: Application time: 0.0858120 seconds
340.287: [GC [PSYoungGen: 238576K->33760K(238592K)] 447155K->270520K(783360K), 0.0291250 secs] [Times: user=0.23 sys=0.00, real=0.03 secs] 
340.316: Total time for which application threads were stopped: 0.0293540 seconds, Stopping threads took: 0.0000920 seconds
340.398: Application time: 0.0815500 seconds
340.398: [GC [PSYoungGen: 238560K->33760K(238592K)] 475320K->286151K(783360K), 0.0227820 secs] [Times: user=0.18 sys=0.00, real=0.02 secs] 
340.421: Total time for which application threads were stopped: 0.0229910 seconds, Stopping threads took: 0.0000910 seconds
340.500: Application time: 0.0792660 seconds
340.500: [GC [PSYoungGen: 238560K->33760K(238592K)] 490951K->300710K(783360K), 0.0239460 secs] [Times: user=0.18 sys=0.00, real=0.03 secs] 
340.524: Total time for which application threads were stopped: 0.0241290 seconds, Stopping threads took: 0.0000630 seconds
340.600: Application time: 0.0754340 seconds
340.600: [GC [PSYoungGen: 238560K->33760K(238592K)] 505510K->316349K(783360K), 0.0253320 secs] [Times: user=0.18 sys=0.00, real=0.03 secs] 
340.625: Total time for which application threads were stopped: 0.0255550 seconds, Stopping threads took: 0.0001080 seconds
340.713: Application time: 0.0872200 seconds
340.713: [GC [PSYoungGen: 238560K->33776K(238592K)] 521149K->344995K(783360K), 0.0315510 secs] [Times: user=0.25 sys=0.00, real=0.03 secs] 
340.744: Total time for which application threads were stopped: 0.0317690 seconds, Stopping threads took: 0.0001000 seconds
340.826: Application time: 0.0811700 seconds
340.826: [GC [PSYoungGen: 238576K->33776K(238592K)] 549795K->363530K(783360K), 0.0230670 secs] [Times: user=0.18 sys=0.00, real=0.02 secs] 
340.849: Total time for which application threads were stopped: 0.0232810 seconds, Stopping threads took: 0.0000780 seconds
340.926: Application time: 0.0774820 seconds
340.927: [GC [PSYoungGen: 238576K->33760K(238592K)] 568330K->375860K(783360K), 0.0220590 secs] [Times: user=0.18 sys=0.00, real=0.02 secs] 
340.949: Total time for which application threads were stopped: 0.0222690 seconds, Stopping threads took: 0.0000920 seconds
341.025: Application time: 0.0759450 seconds
341.025: [GC [PSYoungGen: 238560K->33776K(238592K)] 580660K->395798K(783360K), 0.0246310 secs] [Times: user=0.19 sys=0.00, real=0.03 secs] 
341.049: Total time for which application threads were stopped: 0.0248370 seconds, Stopping threads took: 0.0000870 seconds
341.137: Application time: 0.0873530 seconds
341.137: [GC [PSYoungGen: 238576K->33760K(238592K)] 600598K->418629K(783360K), 0.0260500 secs] [Times: user=0.21 sys=0.00, real=0.03 secs] 
341.163: Total time for which application threads were stopped: 0.0262830 seconds, Stopping threads took: 0.0001160 seconds
341.244: Application time: 0.0807830 seconds
341.244: [GC [PSYoungGen: 238560K->33776K(238592K)] 623429K->438784K(783360K), 0.0247490 secs] [Times: user=0.19 sys=0.00, real=0.02 secs] 
341.269: Total time for which application threads were stopped: 0.0249800 seconds, Stopping threads took: 0.0001120 seconds
341.346: Application time: 0.0774090 seconds
341.346: [GC [PSYoungGen: 238576K->33792K(238592K)] 643584K->448411K(783360K), 0.0221070 secs] [Times: user=0.17 sys=0.00, real=0.02 secs] 
341.369: Total time for which application threads were stopped: 0.0223150 seconds, Stopping threads took: 0.0000810 seconds
341.445: Application time: 0.0762550 seconds
341.445: [GC [PSYoungGen: 238592K->33776K(238592K)] 653211K->469985K(783360K), 0.0268340 secs] [Times: user=0.21 sys=0.00, real=0.03 secs] 
341.472: Total time for which application threads were stopped: 0.0270540 seconds, Stopping threads took: 0.0001020 seconds
341.559: Application time: 0.0874780 seconds
341.560: [GC [PSYoungGen: 238576K->33776K(238592K)] 674785K->489089K(783360K), 0.0275850 secs] [Times: user=0.22 sys=0.00, real=0.03 secs] 
341.587: Total time for which application threads were stopped: 0.0277960 seconds, Stopping threads took: 0.0000950 seconds
341.668: Application time: 0.0810620 seconds
341.668: [GC [PSYoungGen: 238576K->33776K(238592K)] 693889K->504664K(783360K), 0.0243190 secs] [Times: user=0.19 sys=0.00, real=0.03 secs] 
341.693: Total time for which application threads were stopped: 0.0245190 seconds, Stopping threads took: 0.0000800 seconds
341.770: Application time: 0.0772490 seconds
341.770: [GC [PSYoungGen: 238576K->33776K(238592K)] 709464K->515287K(783360K), 0.0232740 secs] [Times: user=0.18 sys=0.00, real=0.02 secs] 
341.793: Total time for which application threads were stopped: 0.0234780 seconds, Stopping threads took: 0.0000870 seconds
341.871: Application time: 0.0774310 seconds
341.871: [GC [PSYoungGen: 238576K->33776K(238592K)] 720087K->538104K(783360K), 0.0283960 secs] [Times: user=0.22 sys=0.00, real=0.02 secs] 
341.900: Total time for which application threads were stopped: 0.0286120 seconds, Stopping threads took: 0.0000840 seconds
341.987: Application time: 0.0876230 seconds
341.987: [GC [PSYoungGen: 238576K->33776K(238592K)] 742904K->556792K(783360K), 0.0272580 secs] [Times: user=0.22 sys=0.00, real=0.03 secs] 
342.015: [Full GC [PSYoungGen: 33776K->0K(238592K)] [ParOldGen: 523016K->78827K(544768K)] 556792K->78827K(783360K) [PSPermGen: 8873K->8873K(21504K)], 0.0839350 secs] [Times: user=0.61 sys=0.00, real=0.08 secs] 
342.099: Total time for which application threads were stopped: 0.1115000 seconds, Stopping threads took: 0.0001200 seconds
342.179: Application time: 0.0804380 seconds
342.179: [GC [PSYoungGen: 204800K->18784K(238592K)] 283627K->97611K(783360K), 0.0079410 secs] [Times: user=0.07 sys=0.00, real=0.01 secs] 
342.187: Total time for which application threads were stopped: 0.0081600 seconds, Stopping threads took: 0.0001000 seconds
342.263: Application time: 0.0755420 seconds
342.263: [GC [PSYoungGen: 223584K->33776K(238592K)] 302411K->112995K(783360K), 0.0131940 secs] [Times: user=0.10 sys=0.00, real=0.01 secs] 
342.276: Total time for which application threads were stopped: 0.0133960 seconds, Stopping threads took: 0.0000810 seconds
342.356: Application time: 0.0795190 seconds
342.356: [GC [PSYoungGen: 238576K->33776K(238592K)] 317795K->135159K(783360K), 0.0216960 secs] [Times: user=0.17 sys=0.00, real=0.02 secs] 
342.378: Total time for which application threads were stopped: 0.0219200 seconds, Stopping threads took: 0.0001050 seconds
342.465: Application time: 0.0871570 seconds
342.465: [GC [PSYoungGen: 238576K->33760K(238592K)] 339959K->154378K(783360K), 0.0220510 secs] [Times: user=0.16 sys=0.00, real=0.02 secs] 
342.487: Total time for which application threads were stopped: 0.0222990 seconds, Stopping threads took: 0.0001130 seconds
342.568: Application time: 0.0805090 seconds
342.568: [GC [PSYoungGen: 238560K->33776K(238592K)] 359178K->170232K(783360K), 0.0210060 secs] [Times: user=0.17 sys=0.00, real=0.02 secs] 
342.589: Total time for which application threads were stopped: 0.0212520 seconds, Stopping threads took: 0.0001240 seconds
342.664: Application time: 0.0754730 seconds
342.664: [GC [PSYoungGen: 238576K->33776K(238592K)] 375032K->183760K(783360K), 0.0209300 secs] [Times: user=0.16 sys=0.00, real=0.02 secs] 
342.685: Total time for which application threads were stopped: 0.0211440 seconds, Stopping threads took: 0.0000930 seconds
342.766: Application time: 0.0804690 seconds
342.766: [GC [PSYoungGen: 238576K->33776K(238592K)] 388560K->211256K(783360K), 0.0273720 secs] [Times: user=0.22 sys=0.00, real=0.03 secs] 
342.794: Total time for which application threads were stopped: 0.0275830 seconds, Stopping threads took: 0.0000940 seconds
342.880: Application time: 0.0866700 seconds
342.880: [GC [PSYoungGen: 238576K->33760K(238592K)] 416056K->225712K(783360K), 0.0213760 secs] [Times: user=0.17 sys=0.00, real=0.03 secs] 
342.902: Total time for which application threads were stopped: 0.0215940 seconds, Stopping threads took: 0.0000990 seconds
342.982: Application time: 0.0797740 seconds
342.985: [GC [PSYoungGen: 238560K->33792K(238592K)] 430512K->246254K(783360K), 0.0235580 secs] [Times: user=0.19 sys=0.00, real=0.02 secs] 
343.009: Total time for which application threads were stopped: 0.0272590 seconds, Stopping threads took: 0.0035650 seconds
343.083: Application time: 0.0745000 seconds
343.084: [GC [PSYoungGen: 238592K->33792K(238592K)] 451054K->259682K(783360K), 0.0209370 secs] [Times: user=0.17 sys=0.00, real=0.02 secs] 
343.105: Total time for which application threads were stopped: 0.0211830 seconds, Stopping threads took: 0.0001240 seconds
343.187: Application time: 0.0825140 seconds
343.187: [GC [PSYoungGen: 238592K->33776K(238592K)] 464482K->287296K(783360K), 0.0275460 secs] [Times: user=0.22 sys=0.00, real=0.03 secs] 
343.215: Total time for which application threads were stopped: 0.0277580 seconds, Stopping threads took: 0.0000920 seconds
343.299: Application time: 0.0844770 seconds
343.299: [GC [PSYoungGen: 238576K->33760K(238592K)] 492096K->300926K(783360K), 0.0226500 secs] [Times: user=0.18 sys=0.00, real=0.03 secs] 
343.322: Total time for which application threads were stopped: 0.0228830 seconds, Stopping threads took: 0.0001160 seconds
343.403: Application time: 0.0810770 seconds
343.403: [GC [PSYoungGen: 238560K->33776K(238592K)] 505726K->318646K(783360K), 0.0239520 secs] [Times: user=0.19 sys=0.00, real=0.02 secs] 
343.427: Total time for which application threads were stopped: 0.0241720 seconds, Stopping threads took: 0.0001010 seconds
343.504: Application time: 0.0761680 seconds
343.504: [GC [PSYoungGen: 238576K->33776K(238592K)] 523446K->336101K(783360K), 0.0253330 secs] [Times: user=0.20 sys=0.00, real=0.03 secs] 
343.529: Total time for which application threads were stopped: 0.0255440 seconds, Stopping threads took: 0.0000770 seconds
343.613: Application time: 0.0839880 seconds
343.613: [GC [PSYoungGen: 238576K->33760K(238592K)] 540901K->359270K(783360K), 0.0287040 secs] [Times: user=0.23 sys=0.00, real=0.03 secs] 
343.642: Total time for which application threads were stopped: 0.0289060 seconds, Stopping threads took: 0.0000850 seconds
343.725: Application time: 0.0828400 seconds
343.725: [GC [PSYoungGen: 238560K->33776K(238592K)] 564070K->368837K(783360K), 0.0225530 secs] [Times: user=0.18 sys=0.00, real=0.02 secs] 
343.748: Total time for which application threads were stopped: 0.0227970 seconds, Stopping threads took: 0.0001200 seconds
343.828: Application time: 0.0802800 seconds
343.828: [GC [PSYoungGen: 238576K->33760K(238592K)] 573637K->383817K(783360K), 0.0246300 secs] [Times: user=0.19 sys=0.00, real=0.03 secs] 
343.853: Total time for which application threads were stopped: 0.0248490 seconds, Stopping threads took: 0.0000990 seconds
343.930: Application time: 0.0769710 seconds
343.930: [GC [PSYoungGen: 238560K->33760K(238592K)] 588617K->401687K(783360K), 0.0283170 secs] [Times: user=0.22 sys=0.00, real=0.02 secs] 
343.958: Total time for which application threads were stopped: 0.0285130 seconds, Stopping threads took: 0.0000800 seconds
344.044: Application time: 0.0859890 seconds
344.044: [GC [PSYoungGen: 238560K->33760K(238592K)] 606487K->426674K(783360K), 0.0287640 secs] [Times: user=0.20 sys=0.00, real=0.03 secs] 
344.073: Total time for which application threads were stopped: 0.0289970 seconds, Stopping threads took: 0.0001000 seconds
344.153: Application time: 0.0800970 seconds
344.154: [GC [PSYoungGen: 238560K->33760K(238592K)] 631474K->439158K(783360K), 0.0245200 secs] [Times: user=0.18 sys=0.00, real=0.02 secs] 
344.178: Total time for which application threads were stopped: 0.0247160 seconds, Stopping threads took: 0.0000780 seconds
344.258: Application time: 0.0794710 seconds
344.258: [GC [PSYoungGen: 238560K->33760K(238592K)] 643958K->454377K(783360K), 0.0255710 secs] [Times: user=0.19 sys=0.00, real=0.03 secs] 
344.283: Total time for which application threads were stopped: 0.0258020 seconds, Stopping threads took: 0.0001120 seconds
344.362: Application time: 0.0789290 seconds
344.362: [GC [PSYoungGen: 238560K->33776K(238592K)] 659177K->472056K(783360K), 0.0260360 secs] [Times: user=0.20 sys=0.00, real=0.02 secs] 
344.389: Total time for which application threads were stopped: 0.0262610 seconds, Stopping threads took: 0.0001050 seconds
344.474: Application time: 0.0849730 seconds
344.474: [GC [PSYoungGen: 238576K->33776K(238592K)] 676856K->496837K(783360K), 0.0297360 secs] [Times: user=0.24 sys=0.00, real=0.03 secs] 
344.504: Total time for which application threads were stopped: 0.0299740 seconds, Stopping threads took: 0.0001150 seconds
344.583: Application time: 0.0797850 seconds
344.583: [GC [PSYoungGen: 238576K->33760K(238592K)] 701637K->514156K(783360K), 0.0264230 secs] [Times: user=0.21 sys=0.00, real=0.03 secs] 
344.610: Total time for which application threads were stopped: 0.0266410 seconds, Stopping threads took: 0.0000880 seconds
344.689: Application time: 0.0792000 seconds
344.689: [GC [PSYoungGen: 238560K->33776K(238592K)] 718956K->524737K(783360K), 0.0232890 secs] [Times: user=0.18 sys=0.00, real=0.02 secs] 
344.713: Total time for which application threads were stopped: 0.0234920 seconds, Stopping threads took: 0.0000840 seconds
344.792: Application time: 0.0788980 seconds
344.792: [GC [PSYoungGen: 238576K->33760K(238592K)] 729537K->542791K(783360K), 0.0282800 secs] [Times: user=0.22 sys=0.00, real=0.02 secs] 
344.820: Total time for which application threads were stopped: 0.0285060 seconds, Stopping threads took: 0.0001090 seconds
344.906: Application time: 0.0854710 seconds
344.906: [GC [PSYoungGen: 238560K->33776K(238592K)] 747591K->566685K(783360K), 0.0289910 secs] [Times: user=0.22 sys=0.00, real=0.03 secs] 
344.935: [Full GC [PSYoungGen: 33776K->0K(238592K)] [ParOldGen: 532909K->78560K(544768K)] 566685K->78560K(783360K) [PSPermGen: 8873K->8873K(21504K)], 0.0847720 secs] [Times: user=0.62 sys=0.00, real=0.08 secs] 
345.020: Total time for which application threads were stopped: 0.1140340 seconds, Stopping threads took: 0.0000950 seconds
345.099: Application time: 0.0789730 seconds
345.099: [GC [PSYoungGen: 204800K->19264K(238592K)] 283360K->97824K(783360K), 0.0079340 secs] [Times: user=0.06 sys=0.00, real=0.01 secs] 
345.107: Total time for which application threads were stopped: 0.0081610 seconds, Stopping threads took: 0.0000920 seconds
345.185: Application time: 0.0783790 seconds
345.185: [GC [PSYoungGen: 224064K->32416K(238592K)] 302624K->110976K(783360K), 0.0126020 secs] [Times: user=0.09 sys=0.00, real=0.01 secs] 
345.198: Total time for which application threads were stopped: 0.0128000 seconds, Stopping threads took: 0.0000820 seconds
345.277: Application time: 0.0795320 seconds
345.278: [GC [PSYoungGen: 237216K->33776K(238592K)] 315776K->129104K(783360K), 0.0195510 secs] [Times: user=0.15 sys=0.00, real=0.02 secs] 
345.297: Total time for which application threads were stopped: 0.0197680 seconds, Stopping threads took: 0.0000940 seconds
345.384: Application time: 0.0865200 seconds
345.384: [GC [PSYoungGen: 238576K->33760K(238592K)] 333904K->148418K(783360K), 0.0220840 secs] [Times: user=0.17 sys=0.00, real=0.02 secs] 
345.406: Total time for which application threads were stopped: 0.0222780 seconds, Stopping threads took: 0.0000750 seconds
345.486: Application time: 0.0795860 seconds
345.486: [GC [PSYoungGen: 238560K->33776K(238592K)] 353218K->164384K(783360K), 0.0219770 secs] [Times: user=0.17 sys=0.00, real=0.02 secs] 
345.508: Total time for which application threads were stopped: 0.0222010 seconds, Stopping threads took: 0.0001040 seconds
345.585: Application time: 0.0773300 seconds
345.585: [GC [PSYoungGen: 238576K->33760K(238592K)] 369184K->179359K(783360K), 0.0229660 secs] [Times: user=0.18 sys=0.00, real=0.02 secs] 
345.608: Total time for which application threads were stopped: 0.0231490 seconds, Stopping threads took: 0.0000640 seconds
345.687: Application time: 0.0783040 seconds
345.689: [GC [PSYoungGen: 238560K->33776K(238592K)] 384159K->200926K(783360K), 0.0247510 secs] [Times: user=0.19 sys=0.00, real=0.02 secs] 
345.714: Total time for which application threads were stopped: 0.0274680 seconds, Stopping threads took: 0.0025710 seconds
345.800: Application time: 0.0861950 seconds
345.800: [GC [PSYoungGen: 238576K->33776K(238592K)] 405726K->222452K(783360K), 0.0247140 secs] [Times: user=0.19 sys=0.00, real=0.03 secs] 
345.825: Total time for which application threads were stopped: 0.0249480 seconds, Stopping threads took: 0.0001170 seconds
345.906: Application time: 0.0810170 seconds
345.909: [GC [PSYoungGen: 238576K->33760K(238592K)] 427252K->239888K(783360K), 0.0223440 secs] [Times: user=0.18 sys=0.00, real=0.02 secs] 
345.932: Total time for which application threads were stopped: 0.0253940 seconds, Stopping threads took: 0.0029290 seconds
346.009: Application time: 0.0773110 seconds
346.009: [GC [PSYoungGen: 238560K->33760K(238592K)] 444688K->255495K(783360K), 0.0230910 secs] [Times: user=0.18 sys=0.00, real=0.02 secs] 
346.032: Total time for which application threads were stopped: 0.0233230 seconds, Stopping threads took: 0.0001040 seconds
346.111: Application time: 0.0785810 seconds
346.113: [GC [PSYoungGen: 238560K->33760K(238592K)] 460295K->276776K(783360K), 0.0252290 secs] [Times: user=0.20 sys=0.00, real=0.02 secs] 
346.138: Total time for which application threads were stopped: 0.0276610 seconds, Stopping threads took: 0.0023150 seconds
346.224: Application time: 0.0858230 seconds
346.224: [GC [PSYoungGen: 238560K->33760K(238592K)] 481576K->294835K(783360K), 0.0251520 secs] [Times: user=0.19 sys=0.00, real=0.03 secs] 
346.250: Total time for which application threads were stopped: 0.0253810 seconds, Stopping threads took: 0.0000990 seconds
346.330: Application time: 0.0800360 seconds
346.330: [GC [PSYoungGen: 238560K->33776K(238592K)] 499635K->310802K(783360K), 0.0227600 secs] [Times: user=0.18 sys=0.00, real=0.02 secs] 
346.353: Total time for which application threads were stopped: 0.0229840 seconds, Stopping threads took: 0.0001040 seconds
346.431: Application time: 0.0782270 seconds
346.431: [GC [PSYoungGen: 238576K->33776K(238592K)] 515602K->328347K(783360K), 0.0238980 secs] [Times: user=0.19 sys=0.00, real=0.02 secs] 
346.455: Total time for which application threads were stopped: 0.0241150 seconds, Stopping threads took: 0.0000990 seconds
346.535: Application time: 0.0796000 seconds
346.535: [GC [PSYoungGen: 238576K->33776K(238592K)] 533147K->349590K(783360K), 0.0262970 secs] [Times: user=0.21 sys=0.00, real=0.03 secs] 
346.561: Total time for which application threads were stopped: 0.0265020 seconds, Stopping threads took: 0.0000860 seconds
346.646: Application time: 0.0846320 seconds
346.646: [GC [PSYoungGen: 238576K->33776K(238592K)] 554390K->363840K(783360K), 0.0224690 secs] [Times: user=0.17 sys=0.00, real=0.02 secs] 
346.668: Total time for which application threads were stopped: 0.0226570 seconds, Stopping threads took: 0.0000700 seconds
346.749: Application time: 0.0802870 seconds
346.749: [GC [PSYoungGen: 238576K->33760K(238592K)] 568640K->381439K(783360K), 0.0238140 secs] [Times: user=0.19 sys=0.00, real=0.03 secs] 
346.773: Total time for which application threads were stopped: 0.0240110 seconds, Stopping threads took: 0.0000660 seconds
346.852: Application time: 0.0793050 seconds
346.852: [GC [PSYoungGen: 238560K->33760K(238592K)] 586239K->398428K(783360K), 0.0236840 secs] [Times: user=0.19 sys=0.00, real=0.02 secs] 
346.876: Total time for which application threads were stopped: 0.0239080 seconds, Stopping threads took: 0.0001020 seconds
346.956: Application time: 0.0800140 seconds
346.956: [GC [PSYoungGen: 238560K->33776K(238592K)] 603228K->422034K(783360K), 0.0264950 secs] [Times: user=0.21 sys=0.00, real=0.03 secs] 
346.983: Total time for which application threads were stopped: 0.0267080 seconds, Stopping threads took: 0.0000960 seconds
347.067: Application time: 0.0838420 seconds
347.067: [GC [PSYoungGen: 238576K->33760K(238592K)] 626834K->434697K(783360K), 0.0225010 secs] [Times: user=0.17 sys=0.00, real=0.03 secs] 
347.089: Total time for which application threads were stopped: 0.0227000 seconds, Stopping threads took: 0.0000830 seconds
347.169: Application time: 0.0801010 seconds
347.169: [GC [PSYoungGen: 238560K->33776K(238592K)] 639497K->452326K(783360K), 0.0248620 secs] [Times: user=0.20 sys=0.00, real=0.02 secs] 
347.194: Total time for which application threads were stopped: 0.0250530 seconds, Stopping threads took: 0.0000730 seconds
347.274: Application time: 0.0797840 seconds
347.274: [GC [PSYoungGen: 238576K->33760K(238592K)] 657126K->471827K(783360K), 0.0257790 secs] [Times: user=0.20 sys=0.00, real=0.02 secs] 
347.300: Total time for which application threads were stopped: 0.0260160 seconds, Stopping threads took: 0.0001010 seconds
347.381: Application time: 0.0811130 seconds
347.382: [GC [PSYoungGen: 238560K->33776K(238592K)] 676627K->495789K(783360K), 0.0284390 secs] [Times: user=0.23 sys=0.00, real=0.03 secs] 
347.410: Total time for which application threads were stopped: 0.0286730 seconds, Stopping threads took: 0.0001160 seconds
347.491: Application time: 0.0811220 seconds
347.491: [GC [PSYoungGen: 238576K->33760K(238592K)] 700589K->508799K(783360K), 0.0231890 secs] [Times: user=0.18 sys=0.00, real=0.02 secs] 
347.515: Total time for which application threads were stopped: 0.0234000 seconds, Stopping threads took: 0.0000930 seconds
347.595: Application time: 0.0801400 seconds
347.595: [GC [PSYoungGen: 238560K->33760K(238592K)] 713599K->526786K(783360K), 0.0269990 secs] [Times: user=0.19 sys=0.00, real=0.03 secs] 
347.622: Total time for which application threads were stopped: 0.0272250 seconds, Stopping threads took: 0.0001090 seconds
347.703: Application time: 0.0808840 seconds
347.703: [GC [PSYoungGen: 238560K->33760K(238592K)] 731586K->545288K(783360K), 0.0276260 secs] [Times: user=0.21 sys=0.00, real=0.03 secs] 
347.731: Total time for which application threads were stopped: 0.0278380 seconds, Stopping threads took: 0.0000930 seconds
347.813: Application time: 0.0823130 seconds
347.813: [GC [PSYoungGen: 238560K->33760K(238592K)] 750088K->566423K(783360K), 0.0296240 secs] [Times: user=0.22 sys=0.00, real=0.03 secs] 
347.843: [Full GC [PSYoungGen: 33760K->0K(238592K)] [ParOldGen: 532663K->77021K(544768K)] 566423K->77021K(783360K) [PSPermGen: 8873K->8873K(21504K)], 0.0812350 secs] [Times: user=0.59 sys=0.00, real=0.08 secs] 
347.924: Total time for which application threads were stopped: 0.1111640 seconds, Stopping threads took: 0.0001060 seconds
348.004: Application time: 0.0794370 seconds
348.004: [GC [PSYoungGen: 204800K->15280K(238592K)] 281821K->92301K(783360K), 0.0064430 secs] [Times: user=0.05 sys=0.00, real=0.01 secs] 
348.010: Total time for which application threads were stopped: 0.0066700 seconds, Stopping threads took: 0.0001090 seconds
348.091: Application time: 0.0806700 seconds
348.091: [GC [PSYoungGen: 220080K->33760K(238592K)] 297101K->113809K(783360K), 0.0145910 secs] [Times: user=0.11 sys=0.00, real=0.01 secs] 
348.106: Total time for which application threads were stopped: 0.0147960 seconds, Stopping threads took: 0.0000880 seconds
348.188: Application time: 0.0820710 seconds
348.188: [GC [PSYoungGen: 238560K->33760K(238592K)] 318609K->130077K(783360K), 0.0198400 secs] [Times: user=0.15 sys=0.00, real=0.02 secs] 
348.208: Total time for which application threads were stopped: 0.0200470 seconds, Stopping threads took: 0.0000860 seconds
348.290: Application time: 0.0818240 seconds
348.290: [GC [PSYoungGen: 238560K->33760K(238592K)] 334877K->153556K(783360K), 0.0236090 secs] [Times: user=0.18 sys=0.00, real=0.02 secs] 
348.313: Total time for which application threads were stopped: 0.0238260 seconds, Stopping threads took: 0.0001000 seconds
348.391: Application time: 0.0780330 seconds
348.392: [GC [PSYoungGen: 238560K->33760K(238592K)] 358356K->168162K(783360K), 0.0210520 secs] [Times: user=0.16 sys=0.00, real=0.02 secs] 
348.413: Total time for which application threads were stopped: 0.0212540 seconds, Stopping threads took: 0.0000750 seconds
348.495: Application time: 0.0822910 seconds
348.495: [GC [PSYoungGen: 238560K->33792K(238592K)] 372962K->186070K(783360K), 0.0222070 secs] [Times: user=0.18 sys=0.00, real=0.02 secs] 
348.517: Total time for which application threads were stopped: 0.0224400 seconds, Stopping threads took: 0.0001040 seconds
348.597: Application time: 0.0791400 seconds
348.597: [GC [PSYoungGen: 238592K->33760K(238592K)] 390870K->201185K(783360K), 0.0229990 secs] [Times: user=0.17 sys=0.00, real=0.02 secs] 
348.620: Total time for which application threads were stopped: 0.0232310 seconds, Stopping threads took: 0.0001130 seconds
348.703: Application time: 0.0832270 seconds
348.703: [GC [PSYoungGen: 238560K->33776K(238592K)] 405985K->223614K(783360K), 0.0261960 secs] [Times: user=0.21 sys=0.00, real=0.03 secs] 
348.729: Total time for which application threads were stopped: 0.0263920 seconds, Stopping threads took: 0.0000770 seconds
348.808: Application time: 0.0790020 seconds
348.809: [GC [PSYoungGen: 238576K->33760K(238592K)] 428414K->236333K(783360K), 0.0217340 secs] [Times: user=0.17 sys=0.00, real=0.03 secs] 
348.830: Total time for which application threads were stopped: 0.0219540 seconds, Stopping threads took: 0.0000980 seconds
348.912: Application time: 0.0820030 seconds
348.913: [GC [PSYoungGen: 238560K->33776K(238592K)] 441133K->253583K(783360K), 0.0240780 secs] [Times: user=0.19 sys=0.00, real=0.02 secs] 
348.937: Total time for which application threads were stopped: 0.0243130 seconds, Stopping threads took: 0.0001050 seconds
349.016: Application time: 0.0794980 seconds
349.016: [GC [PSYoungGen: 238576K->33776K(238592K)] 458383K->268392K(783360K), 0.0253040 secs] [Times: user=0.20 sys=0.00, real=0.03 secs] 
349.042: Total time for which application threads were stopped: 0.0255330 seconds, Stopping threads took: 0.0001070 seconds
349.125: Application time: 0.0827950 seconds
349.125: [GC [PSYoungGen: 238576K->33760K(238592K)] 473192K->290306K(783360K), 0.0278110 secs] [Times: user=0.22 sys=0.00, real=0.03 secs] 
349.153: Total time for which application threads were stopped: 0.0280250 seconds, Stopping threads took: 0.0000900 seconds
349.231: Application time: 0.0786040 seconds
349.231: [GC [PSYoungGen: 238560K->33760K(238592K)] 495106K->306857K(783360K), 0.0254190 secs] [Times: user=0.19 sys=0.00, real=0.02 secs] 
349.257: Total time for which application threads were stopped: 0.0256450 seconds, Stopping threads took: 0.0001010 seconds
349.340: Application time: 0.0826520 seconds
349.340: [GC [PSYoungGen: 238560K->33760K(238592K)] 511657K->327344K(783360K), 0.0276220 secs] [Times: user=0.22 sys=0.00, real=0.03 secs] 
349.367: Total time for which application threads were stopped: 0.0278310 seconds, Stopping threads took: 0.0000860 seconds
349.445: Application time: 0.0780460 seconds
349.446: [GC [PSYoungGen: 238560K->33776K(238592K)] 532144K->342178K(783360K), 0.0264350 secs] [Times: user=0.19 sys=0.00, real=0.03 secs] 
349.472: Total time for which application threads were stopped: 0.0266400 seconds, Stopping threads took: 0.0000660 seconds
349.555: Application time: 0.0830760 seconds
349.557: [GC [PSYoungGen: 238576K->33760K(238592K)] 546978K->364009K(783360K), 0.0292510 secs] [Times: user=0.23 sys=0.00, real=0.03 secs] 
349.587: Total time for which application threads were stopped: 0.0313790 seconds, Stopping threads took: 0.0020030 seconds
349.666: Application time: 0.0791970 seconds
349.666: [GC [PSYoungGen: 238560K->33776K(238592K)] 568809K->379791K(783360K), 0.0269660 secs] [Times: user=0.21 sys=0.00, real=0.03 secs] 
349.693: Total time for which application threads were stopped: 0.0271840 seconds, Stopping threads took: 0.0000930 seconds
349.776: Application time: 0.0830090 seconds
349.776: [GC [PSYoungGen: 238576K->33776K(238592K)] 584591K->397505K(783360K), 0.0279840 secs] [Times: user=0.22 sys=0.00, real=0.03 secs] 
349.804: Total time for which application threads were stopped: 0.0282060 seconds, Stopping threads took: 0.0000990 seconds
349.882: Application time: 0.0781310 seconds
349.882: [GC [PSYoungGen: 238576K->33760K(238592K)] 602305K->413704K(783360K), 0.0268050 secs] [Times: user=0.21 sys=0.00, real=0.03 secs] 
349.909: Total time for which application threads were stopped: 0.0270530 seconds, Stopping threads took: 0.0001230 seconds
349.992: Application time: 0.0825770 seconds
349.992: [GC [PSYoungGen: 238560K->33792K(238592K)] 618504K->433691K(783360K), 0.0284760 secs] [Times: user=0.22 sys=0.00, real=0.02 secs] 
350.021: Total time for which application threads were stopped: 0.0287170 seconds, Stopping threads took: 0.0001010 seconds
350.099: Application time: 0.0785750 seconds
350.099: [GC [PSYoungGen: 238592K->33760K(238592K)] 638491K->446154K(783360K), 0.0250520 secs] [Times: user=0.20 sys=0.00, real=0.03 secs] 
350.124: Total time for which application threads were stopped: 0.0252630 seconds, Stopping threads took: 0.0000890 seconds
350.209: Application time: 0.0841420 seconds
350.209: [GC [PSYoungGen: 238560K->33776K(238592K)] 650954K->466510K(783360K), 0.0303210 secs] [Times: user=0.22 sys=0.00, real=0.03 secs] 
350.239: Total time for which application threads were stopped: 0.0305330 seconds, Stopping threads took: 0.0000910 seconds
350.317: Application time: 0.0778660 seconds
350.317: [GC [PSYoungGen: 238576K->33776K(238592K)] 671310K->485128K(783360K), 0.0282240 secs] [Times: user=0.22 sys=0.00, real=0.03 secs] 
350.345: Total time for which application threads were stopped: 0.0284390 seconds, Stopping threads took: 0.0000930 seconds
350.428: Application time: 0.0823140 seconds
350.428: [GC [PSYoungGen: 238576K->33760K(238592K)] 689928K->505494K(783360K), 0.0299770 secs] [Times: user=0.24 sys=0.00, real=0.03 secs] 
350.458: Total time for which application threads were stopped: 0.0301930 seconds, Stopping threads took: 0.0000980 seconds
350.536: Application time: 0.0785020 seconds
350.537: [GC [PSYoungGen: 238560K->33776K(238592K)] 710294K->525649K(783360K), 0.0282820 secs] [Times: user=0.22 sys=0.00, real=0.03 secs] 
350.565: Total time for which application threads were stopped: 0.0285020 seconds, Stopping threads took: 0.0000850 seconds
350.649: Application time: 0.0838310 seconds
350.653: [GC [PSYoungGen: 238576K->33760K(238592K)] 730449K->544484K(783360K), 0.0280790 secs] [Times: user=0.22 sys=0.00, real=0.03 secs] 
350.681: Total time for which application threads were stopped: 0.0325760 seconds, Stopping threads took: 0.0043710 seconds
350.759: Application time: 0.0779170 seconds
350.759: [GC [PSYoungGen: 238560K->33776K(238592K)] 749284K->562030K(783360K), 0.0283260 secs] [Times: user=0.23 sys=0.00, real=0.03 secs] 
350.788: [Full GC [PSYoungGen: 33776K->0K(238592K)] [ParOldGen: 528254K->75976K(544768K)] 562030K->75976K(783360K) [PSPermGen: 8873K->8873K(21504K)], 0.0790950 secs] [Times: user=0.57 sys=0.00, real=0.08 secs] 
350.867: Total time for which application threads were stopped: 0.1076910 seconds, Stopping threads took: 0.0000880 seconds
350.949: Application time: 0.0816970 seconds
350.949: [GC [PSYoungGen: 204800K->23376K(238592K)] 280776K->99352K(783360K), 0.0100940 secs] [Times: user=0.07 sys=0.00, real=0.01 secs] 
350.959: Total time for which application threads were stopped: 0.0103320 seconds, Stopping threads took: 0.0001190 seconds
351.039: Application time: 0.0801360 seconds
351.039: [GC [PSYoungGen: 228176K->33776K(238592K)] 304152K->120505K(783360K), 0.0174800 secs] [Times: user=0.14 sys=0.00, real=0.02 secs] 
351.057: Total time for which application threads were stopped: 0.0177080 seconds, Stopping threads took: 0.0000920 seconds
351.140: Application time: 0.0828040 seconds
351.140: [GC [PSYoungGen: 238576K->33760K(238592K)] 325305K->138953K(783360K), 0.0207980 secs] [Times: user=0.15 sys=0.00, real=0.02 secs] 
351.161: Total time for which application threads were stopped: 0.0210350 seconds, Stopping threads took: 0.0001120 seconds
351.238: Application time: 0.0770280 seconds
351.238: [GC [PSYoungGen: 238560K->33792K(238592K)] 343753K->155463K(783360K), 0.0204810 secs] [Times: user=0.16 sys=0.00, real=0.02 secs] 
351.258: Total time for which application threads were stopped: 0.0207150 seconds, Stopping threads took: 0.0001120 seconds
351.341: Application time: 0.0828300 seconds
351.341: [GC [PSYoungGen: 238592K->33776K(238592K)] 360263K->176827K(783360K), 0.0237890 secs] [Times: user=0.19 sys=0.00, real=0.02 secs] 
351.365: Total time for which application threads were stopped: 0.0240100 seconds, Stopping threads took: 0.0000890 seconds
351.447: Application time: 0.0813720 seconds
351.447: [GC [PSYoungGen: 238576K->33760K(238592K)] 381627K->197924K(783360K), 0.0240320 secs] [Times: user=0.19 sys=0.00, real=0.03 secs] 
351.471: Total time for which application threads were stopped: 0.0242400 seconds, Stopping threads took: 0.0000860 seconds
351.554: Application time: 0.0826130 seconds
351.554: [GC [PSYoungGen: 238560K->33776K(238592K)] 402724K->212288K(783360K), 0.0207840 secs] [Times: user=0.16 sys=0.00, real=0.02 secs] 
351.575: Total time for which application threads were stopped: 0.0209990 seconds, Stopping threads took: 0.0000810 seconds
351.654: Application time: 0.0791530 seconds
351.654: [GC [PSYoungGen: 238576K->33760K(238592K)] 417088K->231611K(783360K), 0.0238070 secs] [Times: user=0.18 sys=0.00, real=0.02 secs] 
351.678: Total time for which application threads were stopped: 0.0240370 seconds, Stopping threads took: 0.0001070 seconds
351.760: Application time: 0.0823210 seconds
351.760: [GC [PSYoungGen: 238560K->33792K(238592K)] 436411K->247315K(783360K), 0.0223710 secs] [Times: user=0.18 sys=0.00, real=0.03 secs] 
351.783: Total time for which application threads were stopped: 0.0226060 seconds, Stopping threads took: 0.0001100 seconds
351.866: Application time: 0.0836690 seconds
351.866: [GC [PSYoungGen: 238592K->33760K(238592K)] 452115K->269845K(783360K), 0.0260140 secs] [Times: user=0.20 sys=0.00, real=0.03 secs] 
351.893: Total time for which application threads were stopped: 0.0262140 seconds, Stopping threads took: 0.0000790 seconds
351.972: Application time: 0.0794330 seconds
351.972: [GC [PSYoungGen: 238560K->33776K(238592K)] 474645K->283135K(783360K), 0.0233120 secs] [Times: user=0.19 sys=0.00, real=0.02 secs] 
351.995: Total time for which application threads were stopped: 0.0235140 seconds, Stopping threads took: 0.0000800 seconds
352.073: Application time: 0.0779700 seconds
352.074: [GC [PSYoungGen: 238576K->33776K(238592K)] 487935K->304394K(783360K), 0.0272300 secs] [Times: user=0.21 sys=0.00, real=0.02 secs] 
352.101: Total time for which application threads were stopped: 0.0274410 seconds, Stopping threads took: 0.0000770 seconds
352.183: Application time: 0.0823180 seconds
352.183: [GC [PSYoungGen: 238576K->33776K(238592K)] 509194K->319105K(783360K), 0.0230020 secs] [Times: user=0.18 sys=0.00, real=0.02 secs] 
352.206: Total time for which application threads were stopped: 0.0232140 seconds, Stopping threads took: 0.0000890 seconds
352.292: Application time: 0.0850830 seconds
352.292: [GC [PSYoungGen: 238576K->33760K(238592K)] 523905K->339651K(783360K), 0.0260890 secs] [Times: user=0.21 sys=0.00, real=0.02 secs] 
352.318: Total time for which application threads were stopped: 0.0262920 seconds, Stopping threads took: 0.0000810 seconds
352.396: Application time: 0.0777530 seconds
352.396: [GC [PSYoungGen: 238560K->33760K(238592K)] 544451K->351738K(783360K), 0.0239100 secs] [Times: user=0.19 sys=0.00, real=0.02 secs] 
352.420: Total time for which application threads were stopped: 0.0241320 seconds, Stopping threads took: 0.0000970 seconds
352.504: Application time: 0.0840350 seconds
352.505: [GC [PSYoungGen: 238560K->33776K(238592K)] 556538K->373832K(783360K), 0.0370240 secs] [Times: user=0.26 sys=0.00, real=0.04 secs] 
352.542: Total time for which application threads were stopped: 0.0385780 seconds, Stopping threads took: 0.0014240 seconds
352.625: Application time: 0.0827690 seconds
352.625: [GC [PSYoungGen: 238576K->33760K(238592K)] 578632K->386592K(783360K), 0.0258060 secs] [Times: user=0.20 sys=0.00, real=0.03 secs] 
352.651: Total time for which application threads were stopped: 0.0260210 seconds, Stopping threads took: 0.0000860 seconds
352.734: Application time: 0.0831150 seconds
352.734: [GC [PSYoungGen: 238560K->33776K(238592K)] 591392K->402987K(783360K), 0.0274290 secs] [Times: user=0.21 sys=0.00, real=0.03 secs] 
352.762: Total time for which application threads were stopped: 0.0276410 seconds, Stopping threads took: 0.0000820 seconds
352.838: Application time: 0.0756760 seconds
352.838: [GC [PSYoungGen: 238576K->33792K(238592K)] 607787K->414950K(783360K), 0.0275700 secs] [Times: user=0.22 sys=0.00, real=0.03 secs] 
352.865: Total time for which application threads were stopped: 0.0277770 seconds, Stopping threads took: 0.0000870 seconds
352.946: Application time: 0.0808780 seconds
352.946: [GC [PSYoungGen: 238592K->33760K(238592K)] 619750K->439133K(783360K), 0.0302890 secs] [Times: user=0.24 sys=0.00, real=0.03 secs] 
352.977: Total time for which application threads were stopped: 0.0305120 seconds, Stopping threads took: 0.0001000 seconds
353.059: Application time: 0.0824790 seconds
353.059: [GC [PSYoungGen: 238560K->33760K(238592K)] 643933K->452313K(783360K), 0.0267640 secs] [Times: user=0.22 sys=0.00, real=0.03 secs] 
353.086: Total time for which application threads were stopped: 0.0270190 seconds, Stopping threads took: 0.0001320 seconds
353.170: Application time: 0.0841290 seconds
353.171: [GC [PSYoungGen: 238560K->33776K(238592K)] 657113K->471427K(783360K), 0.0291060 secs] [Times: user=0.22 sys=0.00, real=0.02 secs] 
353.200: Total time for which application threads were stopped: 0.0293500 seconds, Stopping threads took: 0.0001070 seconds
353.275: Application time: 0.0751060 seconds
353.275: [GC [PSYoungGen: 238576K->33776K(238592K)] 676227K->485205K(783360K), 0.0266860 secs] [Times: user=0.22 sys=0.00, real=0.03 secs] 
353.302: Total time for which application threads were stopped: 0.0269130 seconds, Stopping threads took: 0.0001050 seconds
353.384: Application time: 0.0821350 seconds
353.384: [GC [PSYoungGen: 238576K->33760K(238592K)] 690005K->508732K(783360K), 0.0303890 secs] [Times: user=0.24 sys=0.00, real=0.03 secs] 
353.414: Total time for which application threads were stopped: 0.0306140 seconds, Stopping threads took: 0.0001030 seconds
353.495: Application time: 0.0808940 seconds
353.496: [GC [PSYoungGen: 238560K->33760K(238592K)] 713532K->521571K(783360K), 0.0259700 secs] [Times: user=0.20 sys=0.00, real=0.03 secs] 
353.522: Total time for which application threads were stopped: 0.0262070 seconds, Stopping threads took: 0.0001120 seconds
353.605: Application time: 0.0838820 seconds
353.606: [GC [PSYoungGen: 238560K->33760K(238592K)] 726371K->540685K(783360K), 0.0294530 secs] [Times: user=0.21 sys=0.00, real=0.03 secs] 
353.635: Total time for which application threads were stopped: 0.0296790 seconds, Stopping threads took: 0.0000990 seconds
353.710: Application time: 0.0752690 seconds
353.711: [GC [PSYoungGen: 238560K->33776K(238592K)] 745485K->559834K(783360K), 0.0301170 secs] [Times: user=0.24 sys=0.00, real=0.02 secs] 
353.741: [Full GC [PSYoungGen: 33776K->0K(238592K)] [ParOldGen: 526058K->78315K(544768K)] 559834K->78315K(783360K) [PSPermGen: 8873K->8873K(21504K)], 0.0812850 secs] [Times: user=0.59 sys=0.00, real=0.09 secs] 
353.822: Total time for which application threads were stopped: 0.1116890 seconds, Stopping threads took: 0.0000810 seconds
353.906: Application time: 0.0835170 seconds
353.906: [GC [PSYoungGen: 204800K->25904K(238592K)] 283115K->104219K(783360K), 0.0108710 secs] [Times: user=0.08 sys=0.00, real=0.01 secs] 
353.917: Total time for which application threads were stopped: 0.0110810 seconds, Stopping threads took: 0.0000900 seconds
353.997: Application time: 0.0807190 seconds
353.998: [GC [PSYoungGen: 230704K->33760K(238592K)] 309019K->120423K(783360K), 0.0163230 secs] [Times: user=0.12 sys=0.00, real=0.02 secs] 
354.014: Total time for which application threads were stopped: 0.0165340 seconds, Stopping threads took: 0.0000910 seconds
354.096: Application time: 0.0821520 seconds
354.096: [GC [PSYoungGen: 238560K->33760K(238592K)] 325223K->138439K(783360K), 0.0207400 secs] [Times: user=0.16 sys=0.00, real=0.02 secs] 
354.117: Total time for which application threads were stopped: 0.0209710 seconds, Stopping threads took: 0.0001000 seconds
354.194: Application time: 0.0766210 seconds
354.194: [GC [PSYoungGen: 238560K->33760K(238592K)] 343239K->159260K(783360K), 0.0224070 secs] [Times: user=0.17 sys=0.00, real=0.02 secs] 
354.216: Total time for which application threads were stopped: 0.0226320 seconds, Stopping threads took: 0.0001020 seconds
354.300: Application time: 0.0837200 seconds
354.300: [GC [PSYoungGen: 238560K->33776K(238592K)] 364060K->183441K(783360K), 0.0246800 secs] [Times: user=0.19 sys=0.00, real=0.03 secs] 
354.325: Total time for which application threads were stopped: 0.0249300 seconds, Stopping threads took: 0.0001160 seconds
354.405: Application time: 0.0804150 seconds
354.409: [GC [PSYoungGen: 238576K->33776K(238592K)] 388241K->202350K(783360K), 0.0225230 secs] [Times: user=0.18 sys=0.00, real=0.02 secs] 
354.432: Total time for which application threads were stopped: 0.0263090 seconds, Stopping threads took: 0.0036640 seconds
354.513: Application time: 0.0812230 seconds
354.513: [GC [PSYoungGen: 238576K->33776K(238592K)] 407150K->216818K(783360K), 0.0211080 secs] [Times: user=0.17 sys=0.00, real=0.02 secs] 
354.534: Total time for which application threads were stopped: 0.0213360 seconds, Stopping threads took: 0.0001060 seconds
354.612: Application time: 0.0780060 seconds
354.612: [GC [PSYoungGen: 238576K->33776K(238592K)] 421618K->237780K(783360K), 0.0242770 secs] [Times: user=0.20 sys=0.00, real=0.02 secs] 
354.637: Total time for which application threads were stopped: 0.0244820 seconds, Stopping threads took: 0.0000820 seconds
354.721: Application time: 0.0837150 seconds
354.721: [GC [PSYoungGen: 238576K->33760K(238592K)] 442580K->258322K(783360K), 0.0252120 secs] [Times: user=0.20 sys=0.00, real=0.03 secs] 
354.746: Total time for which application threads were stopped: 0.0254220 seconds, Stopping threads took: 0.0000820 seconds
354.828: Application time: 0.0816910 seconds
354.828: [GC [PSYoungGen: 238560K->33776K(238592K)] 463122K->282580K(783360K), 0.0270850 secs] [Times: user=0.22 sys=0.00, real=0.03 secs] 
354.855: Total time for which application threads were stopped: 0.0273220 seconds, Stopping threads took: 0.0000990 seconds
354.935: Application time: 0.0804040 seconds
354.936: [GC [PSYoungGen: 238576K->33760K(238592K)] 487380K->296616K(783360K), 0.0221810 secs] [Times: user=0.17 sys=0.00, real=0.02 secs] 
354.958: Total time for which application threads were stopped: 0.0223970 seconds, Stopping threads took: 0.0000940 seconds
355.035: Application time: 0.0773750 seconds
355.035: [GC [PSYoungGen: 238560K->33760K(238592K)] 501416K->314238K(783360K), 0.0243770 secs] [Times: user=0.19 sys=0.00, real=0.02 secs] 
355.060: Total time for which application threads were stopped: 0.0245820 seconds, Stopping threads took: 0.0000810 seconds
355.144: Application time: 0.0845730 seconds
355.144: [GC [PSYoungGen: 238560K->33760K(238592K)] 519038K->333165K(783360K), 0.0246740 secs] [Times: user=0.19 sys=0.00, real=0.03 secs] 
355.169: Total time for which application threads were stopped: 0.0249180 seconds, Stopping threads took: 0.0001210 seconds
355.251: Application time: 0.0813590 seconds
355.251: [GC [PSYoungGen: 238560K->33760K(238592K)] 537965K->355079K(783360K), 0.0272190 secs] [Times: user=0.21 sys=0.00, real=0.02 secs] 
355.278: Total time for which application threads were stopped: 0.0274620 seconds, Stopping threads took: 0.0001190 seconds
355.358: Application time: 0.0798270 seconds
355.358: [GC [PSYoungGen: 238560K->33776K(238592K)] 559879K->367942K(783360K), 0.0246410 secs] [Times: user=0.19 sys=0.00, real=0.03 secs] 
355.383: Total time for which application threads were stopped: 0.0248320 seconds, Stopping threads took: 0.0000620 seconds
355.460: Application time: 0.0777720 seconds
355.461: [GC [PSYoungGen: 238576K->33760K(238592K)] 572742K->384626K(783360K), 0.0266990 secs] [Times: user=0.22 sys=0.00, real=0.03 secs] 
355.487: Total time for which application threads were stopped: 0.0269140 seconds, Stopping threads took: 0.0000920 seconds
355.570: Application time: 0.0827170 seconds
355.570: [GC [PSYoungGen: 238560K->33760K(238592K)] 589426K->398162K(783360K), 0.0290240 secs] [Times: user=0.19 sys=0.00, real=0.02 secs] 
355.599: Total time for which application threads were stopped: 0.0292610 seconds, Stopping threads took: 0.0001100 seconds
355.683: Application time: 0.0840140 seconds
355.684: [GC [PSYoungGen: 238560K->33776K(238592K)] 602962K->418580K(783360K), 0.0287970 secs] [Times: user=0.22 sys=0.00, real=0.03 secs] 
355.712: Total time for which application threads were stopped: 0.0290160 seconds, Stopping threads took: 0.0000900 seconds
355.793: Application time: 0.0806090 seconds
355.793: [GC [PSYoungGen: 238576K->33776K(238592K)] 623380K->432535K(783360K), 0.0261810 secs] [Times: user=0.20 sys=0.00, real=0.02 secs] 
355.819: Total time for which application threads were stopped: 0.0264180 seconds, Stopping threads took: 0.0001140 seconds
355.896: Application time: 0.0764780 seconds
355.896: [GC [PSYoungGen: 238576K->33776K(238592K)] 637335K->450895K(783360K), 0.0284990 secs] [Times: user=0.22 sys=0.00, real=0.03 secs] 
355.925: Total time for which application threads were stopped: 0.0287210 seconds, Stopping threads took: 0.0000910 seconds
356.008: Application time: 0.0829270 seconds
356.008: [GC [PSYoungGen: 238576K->33760K(238592K)] 655695K->461949K(783360K), 0.0243820 secs] [Times: user=0.19 sys=0.00, real=0.03 secs] 
356.032: Total time for which application threads were stopped: 0.0246010 seconds, Stopping threads took: 0.0000970 seconds
356.117: Application time: 0.0849850 seconds
356.117: [GC [PSYoungGen: 238560K->33760K(238592K)] 666749K->482670K(783360K), 0.0281680 secs] [Times: user=0.22 sys=0.00, real=0.03 secs] 
356.146: Total time for which application threads were stopped: 0.0283650 seconds, Stopping threads took: 0.0000740 seconds
356.225: Application time: 0.0793880 seconds
356.225: [GC [PSYoungGen: 238560K->33776K(238592K)] 687470K->494862K(783360K), 0.0248610 secs] [Times: user=0.20 sys=0.00, real=0.03 secs] 
356.250: Total time for which application threads were stopped: 0.0250930 seconds, Stopping threads took: 0.0000970 seconds
356.327: Application time: 0.0768240 seconds
356.327: [GC [PSYoungGen: 238576K->33776K(238592K)] 699662K->514297K(783360K), 0.0295530 secs] [Times: user=0.24 sys=0.00, real=0.03 secs] 
356.357: Total time for which application threads were stopped: 0.0297870 seconds, Stopping threads took: 0.0001140 seconds
356.437: Application time: 0.0808500 seconds
356.438: [GC [PSYoungGen: 238576K->33760K(238592K)] 719097K->527148K(783360K), 0.0249640 secs] [Times: user=0.20 sys=0.00, real=0.03 secs] 
356.463: Total time for which application threads were stopped: 0.0252110 seconds, Stopping threads took: 0.0001160 seconds
356.549: Application time: 0.0865870 seconds
356.549: [GC [PSYoungGen: 238560K->33760K(238592K)] 731948K->551198K(783360K), 0.0300910 secs] [Times: user=0.23 sys=0.00, real=0.02 secs] 
356.580: [Full GC [PSYoungGen: 33760K->0K(238592K)] [ParOldGen: 517438K->78972K(544768K)] 551198K->78972K(783360K) [PSPermGen: 8873K->8873K(21504K)], 0.0868780 secs] [Times: user=0.64 sys=0.00, real=0.09 secs] 
356.667: Total time for which application threads were stopped: 0.1172650 seconds, Stopping threads took: 0.0001010 seconds
356.744: Application time: 0.0779510 seconds
356.745: [GC [PSYoungGen: 204800K->15280K(238592K)] 283772K->94252K(783360K), 0.0065580 secs] [Times: user=0.05 sys=0.00, real=0.01 secs] 
356.751: Total time for which application threads were stopped: 0.0067810 seconds, Stopping threads took: 0.0000950 seconds
356.828: Application time: 0.0764760 seconds
356.828: [GC [PSYoungGen: 220080K->33760K(238592K)] 299052K->117428K(783360K), 0.0149620 secs] [Times: user=0.12 sys=0.00, real=0.02 secs] 
356.843: Total time for which application threads were stopped: 0.0151730 seconds, Stopping threads took: 0.0000880 seconds
356.925: Application time: 0.0816530 seconds
356.925: [GC [PSYoungGen: 238560K->33760K(238592K)] 322228K->133494K(783360K), 0.0193440 secs] [Times: user=0.15 sys=0.00, real=0.02 secs] 
356.944: Total time for which application threads were stopped: 0.0195690 seconds, Stopping threads took: 0.0001010 seconds
357.031: Application time: 0.0873340 seconds
357.032: [GC [PSYoungGen: 238560K->33776K(238592K)] 338294K->151882K(783360K), 0.0218780 secs] [Times: user=0.17 sys=0.00, real=0.02 secs] 
357.054: Total time for which application threads were stopped: 0.0221210 seconds, Stopping threads took: 0.0001080 seconds
357.130: Application time: 0.0763730 seconds
357.130: [GC [PSYoungGen: 238576K->33760K(238592K)] 356682K->162826K(783360K), 0.0196300 secs] [Times: user=0.15 sys=0.00, real=0.02 secs] 
357.150: Total time for which application threads were stopped: 0.0198660 seconds, Stopping threads took: 0.0001090 seconds
357.227: Application time: 0.0774270 seconds
357.227: [GC [PSYoungGen: 238560K->33760K(238592K)] 367626K->188365K(783360K), 0.0257540 secs] [Times: user=0.20 sys=0.00, real=0.03 secs] 
357.253: Total time for which application threads were stopped: 0.0259870 seconds, Stopping threads took: 0.0001120 seconds
357.335: Application time: 0.0813530 seconds
357.335: [GC [PSYoungGen: 238560K->33760K(238592K)] 393165K->208507K(783360K), 0.0234330 secs] [Times: user=0.19 sys=0.00, real=0.02 secs] 
357.358: Total time for which application threads were stopped: 0.0236490 seconds, Stopping threads took: 0.0000960 seconds
357.446: Application time: 0.0879130 seconds
357.446: [GC [PSYoungGen: 238560K->33760K(238592K)] 413307K->226718K(783360K), 0.0232390 secs] [Times: user=0.18 sys=0.00, real=0.03 secs] 
357.470: Total time for which application threads were stopped: 0.0234600 seconds, Stopping threads took: 0.0001000 seconds
357.545: Application time: 0.0752670 seconds
357.549: [GC [PSYoungGen: 238560K->33760K(238592K)] 431518K->239165K(783360K), 0.0214440 secs] [Times: user=0.16 sys=0.00, real=0.02 secs] 
357.571: Total time for which application threads were stopped: 0.0257610 seconds, Stopping threads took: 0.0041780 seconds
357.649: Application time: 0.0788100 seconds
357.650: [GC [PSYoungGen: 238560K->33776K(238592K)] 443965K->266034K(783360K), 0.0277090 secs] [Times: user=0.22 sys=0.00, real=0.02 secs] 
357.677: Total time for which application threads were stopped: 0.0279220 seconds, Stopping threads took: 0.0000920 seconds
357.761: Application time: 0.0831630 seconds
357.761: [GC [PSYoungGen: 238576K->33760K(238592K)] 470834K->284277K(783360K), 0.0240360 secs] [Times: user=0.19 sys=0.00, real=0.03 secs] 
357.785: Total time for which application threads were stopped: 0.0242540 seconds, Stopping threads took: 0.0000970 seconds
357.871: Application time: 0.0862820 seconds
357.871: [GC [PSYoungGen: 238560K->33776K(238592K)] 489077K->299096K(783360K), 0.0232460 secs] [Times: user=0.19 sys=0.00, real=0.02 secs] 
357.895: Total time for which application threads were stopped: 0.0234550 seconds, Stopping threads took: 0.0000880 seconds
357.969: Application time: 0.0744160 seconds
357.973: [GC [PSYoungGen: 238576K->33776K(238592K)] 503896K->306547K(783360K), 0.0205430 secs] [Times: user=0.16 sys=0.00, real=0.02 secs] 
357.994: Total time for which application threads were stopped: 0.0247390 seconds, Stopping threads took: 0.0040750 seconds
358.073: Application time: 0.0788850 seconds
358.073: [GC [PSYoungGen: 238576K->33776K(238592K)] 511347K->333545K(783360K), 0.0286670 secs] [Times: user=0.23 sys=0.00, real=0.03 secs] 
358.102: Total time for which application threads were stopped: 0.0289180 seconds, Stopping threads took: 0.0001210 seconds
358.186: Application time: 0.0846520 seconds
358.186: [GC [PSYoungGen: 238576K->33760K(238592K)] 538345K->357400K(783360K), 0.0274980 secs] [Times: user=0.22 sys=0.00, real=0.03 secs] 
358.214: Total time for which application threads were stopped: 0.0276980 seconds, Stopping threads took: 0.0000840 seconds
358.299: Application time: 0.0855010 seconds
358.300: [GC [PSYoungGen: 238560K->33760K(238592K)] 562200K->372375K(783360K), 0.0236220 secs] [Times: user=0.18 sys=0.00, real=0.03 secs] 
358.323: Total time for which application threads were stopped: 0.0238370 seconds, Stopping threads took: 0.0000930 seconds
358.396: Application time: 0.0731300 seconds
358.397: [GC [PSYoungGen: 238560K->32288K(238592K)] 577175K->380493K(783360K), 0.0208890 secs] [Times: user=0.16 sys=0.00, real=0.02 secs] 
358.417: Total time for which application threads were stopped: 0.0211000 seconds, Stopping threads took: 0.0000890 seconds
358.498: Application time: 0.0803680 seconds
358.498: [GC [PSYoungGen: 237088K->33760K(238592K)] 585293K->404540K(783360K), 0.0267310 secs] [Times: user=0.22 sys=0.00, real=0.03 secs] 
358.525: Total time for which application threads were stopped: 0.0269400 seconds, Stopping threads took: 0.0000870 seconds
358.612: Application time: 0.0867630 seconds
358.612: [GC [PSYoungGen: 238560K->33760K(238592K)] 609340K->425404K(783360K), 0.0272940 secs] [Times: user=0.21 sys=0.00, real=0.02 secs] 
358.639: Total time for which application threads were stopped: 0.0275030 seconds, Stopping threads took: 0.0000800 seconds
358.722: Application time: 0.0832770 seconds
358.723: [GC [PSYoungGen: 238560K->33760K(238592K)] 630204K->439195K(783360K), 0.0227550 secs] [Times: user=0.18 sys=0.00, real=0.02 secs] 
358.745: Total time for which application threads were stopped: 0.0229610 seconds, Stopping threads took: 0.0000820 seconds
358.817: Application time: 0.0719810 seconds
358.817: [GC [PSYoungGen: 238560K->33760K(238592K)] 643995K->450497K(783360K), 0.0225320 secs] [Times: user=0.17 sys=0.00, real=0.02 secs] 
358.840: Total time for which application threads were stopped: 0.0227590 seconds, Stopping threads took: 0.0001010 seconds
358.921: Application time: 0.0811190 seconds
358.921: [GC [PSYoungGen: 238560K->33760K(238592K)] 655297K->476951K(783360K), 0.0288970 secs] [Times: user=0.22 sys=0.00, real=0.03 secs] 
358.950: Total time for which application threads were stopped: 0.0291100 seconds, Stopping threads took: 0.0000890 seconds
359.040: Application time: 0.0895020 seconds
359.041: [GC [PSYoungGen: 238560K->33776K(238592K)] 681751K->500025K(783360K), 0.0280450 secs] [Times: user=0.22 sys=0.00, real=0.03 secs] 
359.069: Total time for which application threads were stopped: 0.0294920 seconds, Stopping threads took: 0.0013230 seconds
359.150: Application time: 0.0805900 seconds
359.150: [GC [PSYoungGen: 238576K->33760K(238592K)] 704825K->512184K(783360K), 0.0244250 secs] [Times: user=0.20 sys=0.00, real=0.02 secs] 
359.175: Total time for which application threads were stopped: 0.0246930 seconds, Stopping threads took: 0.0001320 seconds
359.246: Application time: 0.0710310 seconds
359.246: [GC [PSYoungGen: 238560K->33760K(238592K)] 716984K->524893K(783360K), 0.0268550 secs] [Times: user=0.19 sys=0.00, real=0.03 secs] 
359.273: Total time for which application threads were stopped: 0.0270670 seconds, Stopping threads took: 0.0000930 seconds
359.354: Application time: 0.0814990 seconds
359.354: [GC [PSYoungGen: 238560K->33792K(238592K)] 729693K->551259K(783360K), 0.0301500 secs] [Times: user=0.24 sys=0.00, real=0.03 secs] 
359.385: [Full GC [PSYoungGen: 33792K->0K(238592K)] [ParOldGen: 517467K->77526K(544768K)] 551259K->77526K(783360K) [PSPermGen: 8873K->8873K(21504K)], 0.0828240 secs] [Times: user=0.60 sys=0.00, real=0.08 secs] 
359.467: Total time for which application threads were stopped: 0.1132490 seconds, Stopping threads took: 0.0000850 seconds
359.556: Application time: 0.0890490 seconds
359.557: [GC [PSYoungGen: 204800K->26176K(238592K)] 282326K->103702K(783360K), 0.0110150 secs] [Times: user=0.08 sys=0.00, real=0.01 secs] 
359.568: Total time for which application threads were stopped: 0.0112550 seconds, Stopping threads took: 0.0001150 seconds
359.647: Application time: 0.0794360 seconds
359.647: [GC [PSYoungGen: 230976K->33776K(238592K)] 308502K->114222K(783360K), 0.0142920 secs] [Times: user=0.11 sys=0.00, real=0.02 secs] 
359.662: Total time for which application threads were stopped: 0.0145160 seconds, Stopping threads took: 0.0000980 seconds
359.733: Application time: 0.0714620 seconds
359.733: [GC [PSYoungGen: 238576K->33760K(238592K)] 319022K->127292K(783360K), 0.0179530 secs] [Times: user=0.14 sys=0.00, real=0.02 secs] 
359.751: Total time for which application threads were stopped: 0.0181890 seconds, Stopping threads took: 0.0001000 seconds
359.836: Application time: 0.0845510 seconds
359.836: [GC [PSYoungGen: 238560K->33776K(238592K)] 332092K->150978K(783360K), 0.0237190 secs] [Times: user=0.18 sys=0.00, real=0.02 secs] 
359.860: Total time for which application threads were stopped: 0.0239450 seconds, Stopping threads took: 0.0001010 seconds
359.949: Application time: 0.0887730 seconds
359.949: [GC [PSYoungGen: 238576K->33792K(238592K)] 355778K->174723K(783360K), 0.0239240 secs] [Times: user=0.19 sys=0.00, real=0.03 secs] 
359.973: Total time for which application threads were stopped: 0.0241400 seconds, Stopping threads took: 0.0000920 seconds
360.050: Application time: 0.0775700 seconds
360.051: [GC [PSYoungGen: 238592K->33760K(238592K)] 379523K->187014K(783360K), 0.0200680 secs] [Times: user=0.16 sys=0.00, real=0.02 secs] 
360.071: Total time for which application threads were stopped: 0.0202890 seconds, Stopping threads took: 0.0000960 seconds
360.141: Application time: 0.0704790 seconds
360.141: [GC [PSYoungGen: 238560K->33760K(238592K)] 391814K->202997K(783360K), 0.0213030 secs] [Times: user=0.17 sys=0.00, real=0.02 secs] 
360.163: Total time for which application threads were stopped: 0.0215030 seconds, Stopping threads took: 0.0000810 seconds
360.249: Application time: 0.0865110 seconds
360.249: [GC [PSYoungGen: 238560K->33776K(238592K)] 407797K->227759K(783360K), 0.0263540 secs] [Times: user=0.19 sys=0.00, real=0.02 secs] 
360.276: Total time for which application threads were stopped: 0.0265780 seconds, Stopping threads took: 0.0000850 seconds
360.365: Application time: 0.0896320 seconds
360.366: [GC [PSYoungGen: 238576K->33776K(238592K)] 432559K->250813K(783360K), 0.0260900 secs] [Times: user=0.20 sys=0.00, real=0.03 secs] 
360.392: Total time for which application threads were stopped: 0.0263170 seconds, Stopping threads took: 0.0001030 seconds
360.468: Application time: 0.0759810 seconds
360.468: [GC [PSYoungGen: 238576K->33760K(238592K)] 455613K->263309K(783360K), 0.0205220 secs] [Times: user=0.15 sys=0.00, real=0.02 secs] 
360.488: Total time for which application threads were stopped: 0.0207220 seconds, Stopping threads took: 0.0000760 seconds
360.558: Application time: 0.0693660 seconds
360.558: [GC [PSYoungGen: 238560K->33760K(238592K)] 468109K->279773K(783360K), 0.0230730 secs] [Times: user=0.17 sys=0.00, real=0.02 secs] 
360.581: Total time for which application threads were stopped: 0.0232920 seconds, Stopping threads took: 0.0001010 seconds
360.670: Application time: 0.0888320 seconds
360.670: [GC [PSYoungGen: 238560K->33776K(238592K)] 484573K->306571K(783360K), 0.0263880 secs] [Times: user=0.21 sys=0.00, real=0.02 secs] 
360.696: Total time for which application threads were stopped: 0.0266210 seconds, Stopping threads took: 0.0001100 seconds
360.787: Application time: 0.0902390 seconds
360.787: [GC [PSYoungGen: 238576K->33760K(238592K)] 511371K->325034K(783360K), 0.0240820 secs] [Times: user=0.19 sys=0.00, real=0.03 secs] 
360.811: Total time for which application threads were stopped: 0.0243100 seconds, Stopping threads took: 0.0000890 seconds
360.886: Application time: 0.0745730 seconds
360.887: [GC [PSYoungGen: 238560K->33760K(238592K)] 529834K->337554K(783360K), 0.0220470 secs] [Times: user=0.17 sys=0.00, real=0.02 secs] 
360.909: Total time for which application threads were stopped: 0.0231250 seconds, Stopping threads took: 0.0009560 seconds
360.978: Application time: 0.0692260 seconds
360.978: [GC [PSYoungGen: 238560K->33776K(238592K)] 542354K->357909K(783360K), 0.0258860 secs] [Times: user=0.20 sys=0.00, real=0.03 secs] 
361.004: Total time for which application threads were stopped: 0.0261240 seconds, Stopping threads took: 0.0001190 seconds
361.094: Application time: 0.0903900 seconds
361.095: [GC [PSYoungGen: 238576K->33776K(238592K)] 562709K->384253K(783360K), 0.0263480 secs] [Times: user=0.21 sys=0.00, real=0.02 secs] 
361.121: Total time for which application threads were stopped: 0.0265690 seconds, Stopping threads took: 0.0000910 seconds
361.209: Application time: 0.0883340 seconds
361.210: [GC [PSYoungGen: 238576K->33776K(238592K)] 589053K->393695K(783360K), 0.0207600 secs] [Times: user=0.16 sys=0.00, real=0.02 secs] 
361.230: Total time for which application threads were stopped: 0.0209810 seconds, Stopping threads took: 0.0000940 seconds
361.304: Application time: 0.0733700 seconds
361.304: [GC [PSYoungGen: 238576K->33760K(238592K)] 598495K->404603K(783360K), 0.0218010 secs] [Times: user=0.17 sys=0.00, real=0.02 secs] 
361.326: Total time for which application threads were stopped: 0.0220490 seconds, Stopping threads took: 0.0001120 seconds
361.398: Application time: 0.0717460 seconds
361.398: [GC [PSYoungGen: 238560K->33760K(238592K)] 609403K->431022K(783360K), 0.0263040 secs] [Times: user=0.21 sys=0.00, real=0.03 secs] 
361.424: Total time for which application threads were stopped: 0.0264950 seconds, Stopping threads took: 0.0000690 seconds
361.515: Application time: 0.0907680 seconds
361.515: [GC [PSYoungGen: 238560K->33760K(238592K)] 635822K->450408K(783360K), 0.0237120 secs] [Times: user=0.18 sys=0.00, real=0.02 secs] 
361.539: Total time for which application threads were stopped: 0.0239010 seconds, Stopping threads took: 0.0000700 seconds
361.625: Application time: 0.0866450 seconds
361.626: [GC [PSYoungGen: 238560K->33776K(238592K)] 655208K->462619K(783360K), 0.0210660 secs] [Times: user=0.17 sys=0.00, real=0.02 secs] 
361.647: Total time for which application threads were stopped: 0.0212740 seconds, Stopping threads took: 0.0000890 seconds
361.719: Application time: 0.0723750 seconds
361.719: [GC [PSYoungGen: 238576K->33776K(238592K)] 667419K->471834K(783360K), 0.0202660 secs] [Times: user=0.16 sys=0.00, real=0.02 secs] 
361.740: Total time for which application threads were stopped: 0.0204800 seconds, Stopping threads took: 0.0000880 seconds
361.814: Application time: 0.0742480 seconds
361.814: [GC [PSYoungGen: 238576K->33776K(238592K)] 676634K->503172K(783360K), 0.0288640 secs] [Times: user=0.23 sys=0.00, real=0.03 secs] 
361.843: Total time for which application threads were stopped: 0.0290880 seconds, Stopping threads took: 0.0000910 seconds
361.934: Application time: 0.0908270 seconds
361.934: [GC [PSYoungGen: 238576K->33776K(238592K)] 707972K->517667K(783360K), 0.0228910 secs] [Times: user=0.18 sys=0.00, real=0.02 secs] 
361.957: Total time for which application threads were stopped: 0.0230920 seconds, Stopping threads took: 0.0000820 seconds
362.041: Application time: 0.0846040 seconds
362.042: [GC [PSYoungGen: 238576K->33776K(238592K)] 722467K->530523K(783360K), 0.0214100 secs] [Times: user=0.17 sys=0.00, real=0.02 secs] 
362.063: Total time for which application threads were stopped: 0.0216110 seconds, Stopping threads took: 0.0000790 seconds
362.134: Application time: 0.0708130 seconds
362.137: [GC [PSYoungGen: 238576K->33760K(238592K)] 735323K->536443K(783360K), 0.0202720 secs] [Times: user=0.15 sys=0.00, real=0.02 secs] 
362.158: Total time for which application threads were stopped: 0.0237090 seconds, Stopping threads took: 0.0033160 seconds
362.235: Application time: 0.0772670 seconds
362.235: [GC [PSYoungGen: 238560K->33776K(238592K)] 741243K->569742K(783360K), 0.0319250 secs] [Times: user=0.25 sys=0.00, real=0.03 secs] 
362.267: [Full GC [PSYoungGen: 33776K->0K(238592K)] [ParOldGen: 535966K->78890K(544768K)] 569742K->78890K(783360K) [PSPermGen: 8873K->8873K(21504K)], 0.0846230 secs] [Times: user=0.61 sys=0.01, real=0.09 secs] 
362.352: Total time for which application threads were stopped: 0.1168670 seconds, Stopping threads took: 0.0001280 seconds
362.443: Application time: 0.0915280 seconds
362.443: [GC [PSYoungGen: 204800K->24592K(238592K)] 283690K->103482K(783360K), 0.0099690 secs] [Times: user=0.07 sys=0.00, real=0.01 secs] 
362.453: Total time for which application threads were stopped: 0.0102120 seconds, Stopping threads took: 0.0001030 seconds
362.535: Application time: 0.0813500 seconds
362.535: [GC [PSYoungGen: 229392K->33760K(238592K)] 308282K->115149K(783360K), 0.0139220 secs] [Times: user=0.11 sys=0.01, real=0.01 secs] 
362.549: Total time for which application threads were stopped: 0.0141540 seconds, Stopping threads took: 0.0000980 seconds
362.620: Application time: 0.0706870 seconds
362.620: [GC [PSYoungGen: 238560K->33760K(238592K)] 319949K->120201K(783360K), 0.0150250 secs] [Times: user=0.12 sys=0.00, real=0.02 secs] 
362.635: Total time for which application threads were stopped: 0.0152300 seconds, Stopping threads took: 0.0000810 seconds
362.717: Application time: 0.0818690 seconds
362.717: [GC [PSYoungGen: 238560K->33760K(238592K)] 325001K->150079K(783360K), 0.0257780 secs] [Times: user=0.21 sys=0.00, real=0.03 secs] 
362.743: Total time for which application threads were stopped: 0.0259860 seconds, Stopping threads took: 0.0000880 seconds
362.832: Application time: 0.0897090 seconds
362.833: [GC [PSYoungGen: 238560K->33776K(238592K)] 354879K->173509K(783360K), 0.0233830 secs] [Times: user=0.18 sys=0.00, real=0.02 secs] 
362.856: Total time for which application threads were stopped: 0.0236150 seconds, Stopping threads took: 0.0001100 seconds
362.936: Application time: 0.0798960 seconds
362.936: [GC [PSYoungGen: 238576K->33776K(238592K)] 378309K->186913K(783360K), 0.0200710 secs] [Times: user=0.15 sys=0.00, real=0.02 secs] 
362.956: Total time for which application threads were stopped: 0.0203010 seconds, Stopping threads took: 0.0001050 seconds
363.026: Application time: 0.0694850 seconds
363.029: [GC [PSYoungGen: 238576K->33760K(238592K)] 391713K->195257K(783360K), 0.0184880 secs] [Times: user=0.13 sys=0.00, real=0.01 secs] 
363.048: Total time for which application threads were stopped: 0.0220210 seconds, Stopping threads took: 0.0033990 seconds
363.131: Application time: 0.0832590 seconds
363.131: [GC [PSYoungGen: 238560K->33760K(238592K)] 400057K->226650K(783360K), 0.0284890 secs] [Times: user=0.22 sys=0.00, real=0.02 secs] 
363.160: Total time for which application threads were stopped: 0.0287180 seconds, Stopping threads took: 0.0001060 seconds
363.249: Application time: 0.0892450 seconds
363.249: [GC [PSYoungGen: 238560K->33792K(238592K)] 431450K->251336K(783360K), 0.0252840 secs] [Times: user=0.20 sys=0.00, real=0.02 secs] 
363.274: Total time for which application threads were stopped: 0.0255220 seconds, Stopping threads took: 0.0001100 seconds
363.354: Application time: 0.0799210 seconds
363.355: [GC [PSYoungGen: 238592K->33760K(238592K)] 456136K->263783K(783360K), 0.0206600 secs] [Times: user=0.16 sys=0.00, real=0.02 secs] 
363.375: Total time for which application threads were stopped: 0.0208500 seconds, Stopping threads took: 0.0000690 seconds
363.444: Application time: 0.0685330 seconds
363.445: [GC [PSYoungGen: 238560K->33760K(238592K)] 468583K->272777K(783360K), 0.0192900 secs] [Times: user=0.15 sys=0.00, real=0.02 secs] 
363.465: Total time for which application threads were stopped: 0.0207430 seconds, Stopping threads took: 0.0013310 seconds
363.550: Application time: 0.0852160 seconds
363.550: [GC [PSYoungGen: 238560K->33760K(238592K)] 477577K->304293K(783360K), 0.0295450 secs] [Times: user=0.24 sys=0.00, real=0.02 secs] 
363.580: Total time for which application threads were stopped: 0.0297680 seconds, Stopping threads took: 0.0000820 seconds
363.670: Application time: 0.0905250 seconds
363.670: [GC [PSYoungGen: 238560K->33792K(238592K)] 509093K->327899K(783360K), 0.0254770 secs] [Times: user=0.20 sys=0.00, real=0.02 secs] 
363.696: Total time for which application threads were stopped: 0.0256980 seconds, Stopping threads took: 0.0000970 seconds
363.774: Application time: 0.0781210 seconds
363.774: [GC [PSYoungGen: 238592K->33760K(238592K)] 532699K->339658K(783360K), 0.0210120 secs] [Times: user=0.16 sys=0.01, real=0.02 secs] 
363.795: Total time for which application threads were stopped: 0.0212260 seconds, Stopping threads took: 0.0000920 seconds
363.863: Application time: 0.0677700 seconds
363.863: [GC [PSYoungGen: 238560K->33776K(238592K)] 544458K->349777K(783360K), 0.0203840 secs] [Times: user=0.15 sys=0.00, real=0.02 secs] 
363.883: Total time for which application threads were stopped: 0.0206110 seconds, Stopping threads took: 0.0001040 seconds
363.970: Application time: 0.0864560 seconds
363.970: [GC [PSYoungGen: 238576K->33776K(238592K)] 554577K->379045K(783360K), 0.0294570 secs] [Times: user=0.23 sys=0.00, real=0.02 secs] 
364.000: Total time for which application threads were stopped: 0.0296800 seconds, Stopping threads took: 0.0000970 seconds
364.090: Application time: 0.0905700 seconds
364.090: [GC [PSYoungGen: 238576K->33776K(238592K)] 583845K->394520K(783360K), 0.0270580 secs] [Times: user=0.19 sys=0.00, real=0.02 secs] 
364.117: Total time for which application threads were stopped: 0.0272630 seconds, Stopping threads took: 0.0000660 seconds
364.194: Application time: 0.0764740 seconds
364.197: [GC [PSYoungGen: 238576K->33760K(238592K)] 599320K->406053K(783360K), 0.0241400 secs] [Times: user=0.19 sys=0.01, real=0.03 secs] 
364.221: Total time for which application threads were stopped: 0.0274490 seconds, Stopping threads took: 0.0031890 seconds
364.289: Application time: 0.0680630 seconds
364.293: [GC [PSYoungGen: 238560K->33760K(238592K)] 610853K->419036K(783360K), 0.0238580 secs] [Times: user=0.19 sys=0.00, real=0.02 secs] 
364.317: Total time for which application threads were stopped: 0.0276710 seconds, Stopping threads took: 0.0036900 seconds
364.405: Application time: 0.0879680 seconds
364.405: [GC [PSYoungGen: 238560K->33776K(238592K)] 623836K->446994K(783360K), 0.0299510 secs] [Times: user=0.23 sys=0.00, real=0.03 secs] 
364.435: Total time for which application threads were stopped: 0.0301780 seconds, Stopping threads took: 0.0001050 seconds
364.525: Application time: 0.0899130 seconds
364.525: [GC [PSYoungGen: 238576K->33776K(238592K)] 651794K->464932K(783360K), 0.0259020 secs] [Times: user=0.21 sys=0.00, real=0.03 secs] 
364.551: Total time for which application threads were stopped: 0.0261260 seconds, Stopping threads took: 0.0001010 seconds
364.628: Application time: 0.0762130 seconds
364.629: [GC [PSYoungGen: 238576K->33776K(238592K)] 669732K->477444K(783360K), 0.0235730 secs] [Times: user=0.19 sys=0.00, real=0.02 secs] 
364.653: Total time for which application threads were stopped: 0.0252890 seconds, Stopping threads took: 0.0015770 seconds
364.721: Application time: 0.0686480 seconds
364.722: [GC [PSYoungGen: 238576K->33760K(238592K)] 682244K->497839K(783360K), 0.0264020 secs] [Times: user=0.21 sys=0.00, real=0.02 secs] 
364.748: Total time for which application threads were stopped: 0.0266090 seconds, Stopping threads took: 0.0000860 seconds
364.838: Application time: 0.0895120 seconds
364.838: [GC [PSYoungGen: 238560K->33776K(238592K)] 702639K->521512K(783360K), 0.0298190 secs] [Times: user=0.23 sys=0.00, real=0.03 secs] 
364.868: Total time for which application threads were stopped: 0.0300310 seconds, Stopping threads took: 0.0000910 seconds
364.956: Application time: 0.0883200 seconds
364.956: [GC [PSYoungGen: 238576K->33776K(238592K)] 726312K->540411K(783360K), 0.0272450 secs] [Times: user=0.21 sys=0.00, real=0.03 secs] 
364.983: Total time for which application threads were stopped: 0.0274640 seconds, Stopping threads took: 0.0000960 seconds
365.058: Application time: 0.0742690 seconds
365.061: [GC [PSYoungGen: 238576K->33776K(238592K)] 745211K->550427K(783360K), 0.0248110 secs] [Times: user=0.19 sys=0.00, real=0.02 secs] 
365.086: [Full GC [PSYoungGen: 33776K->0K(238592K)] [ParOldGen: 516651K->78846K(544768K)] 550427K->78846K(783360K) [PSPermGen: 8873K->8873K(21504K)], 0.0850630 secs] [Times: user=0.62 sys=0.00, real=0.09 secs] 
365.171: Total time for which application threads were stopped: 0.1134810 seconds, Stopping threads took: 0.0034050 seconds
365.242: Application time: 0.0708630 seconds
365.242: [GC [PSYoungGen: 204800K->26064K(238592K)] 283646K->104911K(783360K), 0.0104790 secs] [Times: user=0.08 sys=0.00, real=0.01 secs] 
365.253: Total time for which application threads were stopped: 0.0107140 seconds, Stopping threads took: 0.0001000 seconds
365.343: Application time: 0.0900110 seconds
365.343: [GC [PSYoungGen: 230864K->33776K(238592K)] 309711K->131586K(783360K), 0.0209380 secs] [Times: user=0.17 sys=0.00, real=0.02 secs] 
365.364: Total time for which application threads were stopped: 0.0211490 seconds, Stopping threads took: 0.0000810 seconds
365.451: Application time: 0.0872160 seconds
365.451: [GC [PSYoungGen: 238576K->33776K(238592K)] 336386K->147813K(783360K), 0.0205610 secs] [Times: user=0.16 sys=0.00, real=0.02 secs] 
365.472: Total time for which application threads were stopped: 0.0207840 seconds, Stopping threads took: 0.0001000 seconds
365.545: Application time: 0.0726330 seconds
365.545: [GC [PSYoungGen: 238576K->33776K(238592K)] 352613K->152817K(783360K), 0.0175670 secs] [Times: user=0.13 sys=0.00, real=0.02 secs] 
365.562: Total time for which application threads were stopped: 0.0177990 seconds, Stopping threads took: 0.0001080 seconds
365.636: Application time: 0.0741020 seconds
365.637: [GC [PSYoungGen: 238576K->33776K(238592K)] 357617K->181877K(783360K), 0.0273810 secs] [Times: user=0.22 sys=0.00, real=0.03 secs] 
365.664: Total time for which application threads were stopped: 0.0275900 seconds, Stopping threads took: 0.0000900 seconds
365.754: Application time: 0.0903660 seconds
365.755: [GC [PSYoungGen: 238576K->33760K(238592K)] 386677K->202467K(783360K), 0.0239230 secs] [Times: user=0.19 sys=0.00, real=0.02 secs] 
365.779: Total time for which application threads were stopped: 0.0241580 seconds, Stopping threads took: 0.0000980 seconds
365.864: Application time: 0.0854360 seconds
365.864: [GC [PSYoungGen: 238560K->33776K(238592K)] 407267K->219694K(783360K), 0.0223070 secs] [Times: user=0.18 sys=0.00, real=0.02 secs] 
365.887: Total time for which application threads were stopped: 0.0225460 seconds, Stopping threads took: 0.0001160 seconds
365.958: Application time: 0.0715030 seconds
365.958: [GC [PSYoungGen: 238576K->33760K(238592K)] 424494K->225398K(783360K), 0.0181840 secs] [Times: user=0.14 sys=0.00, real=0.02 secs] 
365.976: Total time for which application threads were stopped: 0.0184030 seconds, Stopping threads took: 0.0000920 seconds
366.053: Application time: 0.0761040 seconds
366.053: [GC [PSYoungGen: 238560K->33760K(238592K)] 430198K->257111K(783360K), 0.0287450 secs] [Times: user=0.23 sys=0.00, real=0.03 secs] 
366.082: Total time for which application threads were stopped: 0.0289450 seconds, Stopping threads took: 0.0000820 seconds
366.173: Application time: 0.0911220 seconds
366.173: [GC [PSYoungGen: 238560K->33760K(238592K)] 461911K->276482K(783360K), 0.0243080 secs] [Times: user=0.19 sys=0.00, real=0.02 secs] 
366.197: Total time for which application threads were stopped: 0.0245220 seconds, Stopping threads took: 0.0000920 seconds
366.280: Application time: 0.0826500 seconds
366.280: [GC [PSYoungGen: 238560K->33760K(238592K)] 481282K->291601K(783360K), 0.0224580 secs] [Times: user=0.18 sys=0.00, real=0.03 secs] 
366.303: Total time for which application threads were stopped: 0.0226970 seconds, Stopping threads took: 0.0001000 seconds
366.373: Application time: 0.0704890 seconds
366.373: [GC [PSYoungGen: 238560K->33760K(238592K)] 496401K->298757K(783360K), 0.0194500 secs] [Times: user=0.15 sys=0.00, real=0.02 secs] 
366.393: Total time for which application threads were stopped: 0.0196700 seconds, Stopping threads took: 0.0000970 seconds
366.475: Application time: 0.0822610 seconds
366.475: [GC [PSYoungGen: 238560K->33760K(238592K)] 503557K->329390K(783360K), 0.0297400 secs] [Times: user=0.23 sys=0.00, real=0.03 secs] 
366.505: Total time for which application threads were stopped: 0.0299570 seconds, Stopping threads took: 0.0000950 seconds
366.596: Application time: 0.0907980 seconds
366.596: [GC [PSYoungGen: 238560K->33760K(238592K)] 534190K->346878K(783360K), 0.0257290 secs] [Times: user=0.19 sys=0.00, real=0.03 secs] 
366.622: Total time for which application threads were stopped: 0.0259340 seconds, Stopping threads took: 0.0000840 seconds
366.702: Application time: 0.0800620 seconds
366.702: [GC [PSYoungGen: 238560K->33760K(238592K)] 551678K->359821K(783360K), 0.0232710 secs] [Times: user=0.18 sys=0.00, real=0.02 secs] 
366.725: Total time for which application threads were stopped: 0.0234960 seconds, Stopping threads took: 0.0001000 seconds
366.795: Application time: 0.0699530 seconds
366.795: [GC [PSYoungGen: 238560K->32896K(238592K)] 564621K->369980K(783360K), 0.0222900 secs] [Times: user=0.17 sys=0.00, real=0.02 secs] 
366.818: Total time for which application threads were stopped: 0.0225120 seconds, Stopping threads took: 0.0000870 seconds
366.903: Application time: 0.0848540 seconds
366.903: [GC [PSYoungGen: 237696K->33776K(238592K)] 574780K->397049K(783360K), 0.0283540 secs] [Times: user=0.22 sys=0.00, real=0.03 secs] 
366.931: Total time for which application threads were stopped: 0.0285880 seconds, Stopping threads took: 0.0001120 seconds
367.020: Application time: 0.0885320 seconds
367.020: [GC [PSYoungGen: 238576K->33760K(238592K)] 601849K->414129K(783360K), 0.0247030 secs] [Times: user=0.20 sys=0.00, real=0.03 secs] 
367.045: Total time for which application threads were stopped: 0.0249400 seconds, Stopping threads took: 0.0001120 seconds
367.123: Application time: 0.0783520 seconds
367.123: [GC [PSYoungGen: 238560K->33776K(238592K)] 618929K->426128K(783360K), 0.0231200 secs] [Times: user=0.18 sys=0.00, real=0.02 secs] 
367.146: Total time for which application threads were stopped: 0.0233280 seconds, Stopping threads took: 0.0000840 seconds
367.216: Application time: 0.0695740 seconds
367.216: [GC [PSYoungGen: 238576K->33776K(238592K)] 630928K->437255K(783360K), 0.0233530 secs] [Times: user=0.18 sys=0.00, real=0.02 secs] 
367.239: Total time for which application threads were stopped: 0.0235630 seconds, Stopping threads took: 0.0000860 seconds
367.326: Application time: 0.0861150 seconds
367.326: [GC [PSYoungGen: 238576K->33760K(238592K)] 642055K->465517K(783360K), 0.0305260 secs] [Times: user=0.24 sys=0.00, real=0.03 secs] 
367.356: Total time for which application threads were stopped: 0.0307320 seconds, Stopping threads took: 0.0000750 seconds
367.445: Application time: 0.0886940 seconds
367.445: [GC [PSYoungGen: 238560K->33760K(238592K)] 670317K->482524K(783360K), 0.0245740 secs] [Times: user=0.19 sys=0.00, real=0.03 secs] 
367.470: Total time for which application threads were stopped: 0.0248050 seconds, Stopping threads took: 0.0001120 seconds
367.547: Application time: 0.0768260 seconds
367.547: [GC [PSYoungGen: 238560K->33760K(238592K)] 687324K->494883K(783360K), 0.0231250 secs] [Times: user=0.18 sys=0.00, real=0.03 secs] 
367.570: Total time for which application threads were stopped: 0.0233450 seconds, Stopping threads took: 0.0000980 seconds
367.641: Application time: 0.0708370 seconds
367.641: [GC [PSYoungGen: 238560K->33776K(238592K)] 699683K->508711K(783360K), 0.0236350 secs] [Times: user=0.19 sys=0.00, real=0.03 secs] 
367.665: Total time for which application threads were stopped: 0.0238490 seconds, Stopping threads took: 0.0000910 seconds
367.752: Application time: 0.0877150 seconds
367.753: [GC [PSYoungGen: 238576K->33776K(238592K)] 713511K->538117K(783360K), 0.0305350 secs] [Times: user=0.24 sys=0.00, real=0.03 secs] 
367.783: Total time for which application threads were stopped: 0.0307810 seconds, Stopping threads took: 0.0001230 seconds
367.871: Application time: 0.0883120 seconds
367.873: [GC [PSYoungGen: 238576K->33776K(238592K)] 742917K->555843K(783360K), 0.0267420 secs] [Times: user=0.21 sys=0.00, real=0.02 secs] 
367.900: [Full GC [PSYoungGen: 33776K->0K(238592K)] [ParOldGen: 522067K->78651K(544768K)] 555843K->78651K(783360K) [PSPermGen: 8873K->8873K(21504K)], 0.0852610 secs] [Times: user=0.62 sys=0.00, real=0.09 secs] 
367.985: Total time for which application threads were stopped: 0.1138570 seconds, Stopping threads took: 0.0016530 seconds
368.061: Application time: 0.0756600 seconds
368.061: [GC [PSYoungGen: 204800K->11440K(238592K)] 283451K->90091K(783360K), 0.0049500 secs] [Times: user=0.03 sys=0.00, real=0.00 secs] 
368.066: Total time for which application threads were stopped: 0.0052010 seconds, Stopping threads took: 0.0001240 seconds
368.136: Application time: 0.0701780 seconds
368.137: [GC [PSYoungGen: 216240K->27792K(238592K)] 294891K->106443K(783360K), 0.0106090 secs] [Times: user=0.08 sys=0.00, real=0.01 secs] 
368.147: Total time for which application threads were stopped: 0.0108270 seconds, Stopping threads took: 0.0000860 seconds
368.237: Application time: 0.0896920 seconds
368.237: [GC [PSYoungGen: 232592K->33760K(238592K)] 311243K->135053K(783360K), 0.0227690 secs] [Times: user=0.18 sys=0.00, real=0.02 secs] 
368.260: Total time for which application threads were stopped: 0.0230080 seconds, Stopping threads took: 0.0001050 seconds
368.347: Application time: 0.0873680 seconds
368.347: [GC [PSYoungGen: 238560K->33776K(238592K)] 339853K->149229K(783360K), 0.0197340 secs] [Times: user=0.15 sys=0.00, real=0.02 secs] 
368.367: Total time for which application threads were stopped: 0.0199630 seconds, Stopping threads took: 0.0001050 seconds
368.442: Application time: 0.0743820 seconds
368.442: [GC [PSYoungGen: 238576K->33776K(238592K)] 354029K->159317K(783360K), 0.0190680 secs] [Times: user=0.15 sys=0.00, real=0.01 secs] 
368.461: Total time for which application threads were stopped: 0.0192900 seconds, Stopping threads took: 0.0000850 seconds
368.532: Application time: 0.0714990 seconds
368.533: [GC [PSYoungGen: 238576K->33776K(238592K)] 364117K->178824K(783360K), 0.0232700 secs] [Times: user=0.18 sys=0.00, real=0.02 secs] 
368.556: Total time for which application threads were stopped: 0.0234660 seconds, Stopping threads took: 0.0000740 seconds
368.646: Application time: 0.0905120 seconds
368.647: [GC [PSYoungGen: 238576K->33776K(238592K)] 383624K->207181K(783360K), 0.0274410 secs] [Times: user=0.21 sys=0.00, real=0.03 secs] 
368.674: Total time for which application threads were stopped: 0.0276800 seconds, Stopping threads took: 0.0001180 seconds
368.760: Application time: 0.0861810 seconds
368.760: [GC [PSYoungGen: 238576K->33776K(238592K)] 411981K->223892K(783360K), 0.0223440 secs] [Times: user=0.18 sys=0.00, real=0.03 secs] 
368.783: Total time for which application threads were stopped: 0.0225680 seconds, Stopping threads took: 0.0000990 seconds
368.858: Application time: 0.0751160 seconds
368.858: [GC [PSYoungGen: 238576K->33776K(238592K)] 428692K->239070K(783360K), 0.0227310 secs] [Times: user=0.17 sys=0.00, real=0.02 secs] 
368.881: Total time for which application threads were stopped: 0.0229420 seconds, Stopping threads took: 0.0000870 seconds
368.953: Application time: 0.0723790 seconds
368.953: [GC [PSYoungGen: 238576K->33760K(238592K)] 443870K->257416K(783360K), 0.0245470 secs] [Times: user=0.19 sys=0.00, real=0.02 secs] 
368.978: Total time for which application threads were stopped: 0.0247900 seconds, Stopping threads took: 0.0001090 seconds
369.069: Application time: 0.0905230 seconds
369.069: [GC [PSYoungGen: 238560K->33776K(238592K)] 462216K->282076K(783360K), 0.0280250 secs] [Times: user=0.22 sys=0.00, real=0.03 secs] 
369.097: Total time for which application threads were stopped: 0.0282420 seconds, Stopping threads took: 0.0000940 seconds
369.181: Application time: 0.0840730 seconds
369.181: [GC [PSYoungGen: 238576K->33776K(238592K)] 486876K->292739K(783360K), 0.0206420 secs] [Times: user=0.16 sys=0.00, real=0.02 secs] 
369.202: Total time for which application threads were stopped: 0.0208490 seconds, Stopping threads took: 0.0000780 seconds
369.277: Application time: 0.0747750 seconds
369.277: [GC [PSYoungGen: 238576K->33760K(238592K)] 497539K->308146K(783360K), 0.0232130 secs] [Times: user=0.18 sys=0.00, real=0.02 secs] 
369.300: Total time for which application threads were stopped: 0.0234410 seconds, Stopping threads took: 0.0001040 seconds
369.373: Application time: 0.0733630 seconds
369.373: [GC [PSYoungGen: 238560K->33760K(238592K)] 512946K->331039K(783360K), 0.0266550 secs] [Times: user=0.21 sys=0.00, real=0.02 secs] 
369.400: Total time for which application threads were stopped: 0.0268610 seconds, Stopping threads took: 0.0000860 seconds
369.491: Application time: 0.0908300 seconds
369.491: [GC [PSYoungGen: 238560K->33760K(238592K)] 535839K->349878K(783360K), 0.0262410 secs] [Times: user=0.19 sys=0.00, real=0.02 secs] 
369.518: Total time for which application threads were stopped: 0.0264840 seconds, Stopping threads took: 0.0001020 seconds
369.601: Application time: 0.0833370 seconds
369.601: [GC [PSYoungGen: 238560K->33760K(238592K)] 554678K->367350K(783360K), 0.0255250 secs] [Times: user=0.20 sys=0.00, real=0.03 secs] 
369.627: Total time for which application threads were stopped: 0.0257280 seconds, Stopping threads took: 0.0000860 seconds
369.702: Application time: 0.0756410 seconds
369.702: [GC [PSYoungGen: 238560K->33776K(238592K)] 572150K->380721K(783360K), 0.0243890 secs] [Times: user=0.19 sys=0.00, real=0.02 secs] 
369.727: Total time for which application threads were stopped: 0.0245850 seconds, Stopping threads took: 0.0000740 seconds
369.801: Application time: 0.0745640 seconds
369.802: [GC [PSYoungGen: 238576K->33760K(238592K)] 585521K->407318K(783360K), 0.0292970 secs] [Times: user=0.22 sys=0.00, real=0.03 secs] 
369.831: Total time for which application threads were stopped: 0.0294930 seconds, Stopping threads took: 0.0000770 seconds
369.921: Application time: 0.0900480 seconds
369.921: [GC [PSYoungGen: 238560K->33776K(238592K)] 612118K->421952K(783360K), 0.0258340 secs] [Times: user=0.20 sys=0.00, real=0.02 secs] 
369.947: Total time for which application threads were stopped: 0.0260550 seconds, Stopping threads took: 0.0000890 seconds
370.029: Application time: 0.0817320 seconds
370.029: [GC [PSYoungGen: 238576K->33776K(238592K)] 626752K->436391K(783360K), 0.0253180 secs] [Times: user=0.20 sys=0.00, real=0.03 secs] 
370.054: Total time for which application threads were stopped: 0.0255260 seconds, Stopping threads took: 0.0000700 seconds
370.130: Application time: 0.0755720 seconds
370.130: [GC [PSYoungGen: 238576K->33760K(238592K)] 641191K->449035K(783360K), 0.0269010 secs] [Times: user=0.22 sys=0.00, real=0.02 secs] 
370.157: Total time for which application threads were stopped: 0.0271090 seconds, Stopping threads took: 0.0000900 seconds
370.233: Application time: 0.0765230 seconds
370.234: [GC [PSYoungGen: 238560K->33776K(238592K)] 653835K->476905K(783360K), 0.0297230 secs] [Times: user=0.23 sys=0.00, real=0.03 secs] 
370.263: Total time for which application threads were stopped: 0.0299230 seconds, Stopping threads took: 0.0000780 seconds
370.352: Application time: 0.0885800 seconds
370.352: [GC [PSYoungGen: 238576K->33776K(238592K)] 681705K->488616K(783360K), 0.0245750 secs] [Times: user=0.20 sys=0.00, real=0.02 secs] 
370.377: Total time for which application threads were stopped: 0.0247870 seconds, Stopping threads took: 0.0000910 seconds
370.458: Application time: 0.0808710 seconds
370.458: [GC [PSYoungGen: 238576K->33760K(238592K)] 693416K->505279K(783360K), 0.0262970 secs] [Times: user=0.21 sys=0.00, real=0.03 secs] 
370.484: Total time for which application threads were stopped: 0.0265150 seconds, Stopping threads took: 0.0000940 seconds
370.560: Application time: 0.0757450 seconds
370.560: [GC [PSYoungGen: 238560K->33776K(238592K)] 710079K->517126K(783360K), 0.0250560 secs] [Times: user=0.20 sys=0.00, real=0.03 secs] 
370.585: Total time for which application threads were stopped: 0.0252770 seconds, Stopping threads took: 0.0000850 seconds
370.664: Application time: 0.0793430 seconds
370.665: [GC [PSYoungGen: 238576K->33760K(238592K)] 721926K->542164K(783360K), 0.0313420 secs] [Times: user=0.25 sys=0.00, real=0.03 secs] 
370.696: Total time for which application threads were stopped: 0.0315540 seconds, Stopping threads took: 0.0001010 seconds
370.783: Application time: 0.0869330 seconds
370.783: [GC [PSYoungGen: 238560K->33760K(238592K)] 746964K->555819K(783360K), 0.0256750 secs] [Times: user=0.20 sys=0.00, real=0.02 secs] 
370.809: [Full GC [PSYoungGen: 33760K->0K(238592K)] [ParOldGen: 522059K->78502K(544768K)] 555819K->78502K(783360K) [PSPermGen: 8873K->8873K(21504K)], 0.0839910 secs] [Times: user=0.61 sys=0.00, real=0.09 secs] 
370.894: Total time for which application threads were stopped: 0.1114030 seconds, Stopping threads took: 0.0000650 seconds
370.976: Application time: 0.0820450 seconds
370.977: [GC [PSYoungGen: 204800K->21184K(238592K)] 283302K->99686K(783360K), 0.0093120 secs] [Times: user=0.07 sys=0.00, real=0.01 secs] 
370.986: Total time for which application threads were stopped: 0.0095480 seconds, Stopping threads took: 0.0001130 seconds
371.060: Application time: 0.0739000 seconds
371.061: [GC [PSYoungGen: 225984K->29504K(238592K)] 304486K->108006K(783360K), 0.0113700 secs] [Times: user=0.08 sys=0.00, real=0.01 secs] 
371.073: Total time for which application threads were stopped: 0.0127070 seconds, Stopping threads took: 0.0011940 seconds
371.154: Application time: 0.0810050 seconds
371.154: [GC [PSYoungGen: 234304K->33776K(238592K)] 312806K->135901K(783360K), 0.0225910 secs] [Times: user=0.17 sys=0.00, real=0.02 secs] 
371.176: Total time for which application threads were stopped: 0.0228290 seconds, Stopping threads took: 0.0001150 seconds
371.262: Application time: 0.0851300 seconds
371.262: [GC [PSYoungGen: 238576K->33760K(238592K)] 340701K->149764K(783360K), 0.0192660 secs] [Times: user=0.16 sys=0.00, real=0.01 secs] 
371.281: Total time for which application threads were stopped: 0.0194580 seconds, Stopping threads took: 0.0000700 seconds
371.364: Application time: 0.0824800 seconds
371.364: [GC [PSYoungGen: 238560K->33776K(238592K)] 354564K->170898K(783360K), 0.0226950 secs] [Times: user=0.18 sys=0.00, real=0.02 secs] 
371.386: Total time for which application threads were stopped: 0.0229140 seconds, Stopping threads took: 0.0000960 seconds
371.459: Application time: 0.0726400 seconds
371.459: [GC [PSYoungGen: 238576K->33776K(238592K)] 375698K->178786K(783360K), 0.0181070 secs] [Times: user=0.14 sys=0.00, real=0.02 secs] 
371.477: Total time for which application threads were stopped: 0.0183090 seconds, Stopping threads took: 0.0000770 seconds
371.561: Application time: 0.0831650 seconds
371.561: [GC [PSYoungGen: 238576K->33760K(238592K)] 383586K->207820K(783360K), 0.0272000 secs] [Times: user=0.22 sys=0.00, real=0.03 secs] 
371.588: Total time for which application threads were stopped: 0.0274070 seconds, Stopping threads took: 0.0000850 seconds
371.673: Application time: 0.0852200 seconds
371.673: [GC [PSYoungGen: 238560K->33776K(238592K)] 412620K->223272K(783360K), 0.0212370 secs] [Times: user=0.16 sys=0.00, real=0.02 secs] 
371.695: Total time for which application threads were stopped: 0.0214720 seconds, Stopping threads took: 0.0000940 seconds
371.777: Application time: 0.0824450 seconds
371.777: [GC [PSYoungGen: 238576K->33760K(238592K)] 428072K->244230K(783360K), 0.0242630 secs] [Times: user=0.19 sys=0.00, real=0.03 secs] 
371.802: Total time for which application threads were stopped: 0.0244820 seconds, Stopping threads took: 0.0000910 seconds
371.872: Application time: 0.0707870 seconds
371.873: [GC [PSYoungGen: 238560K->33760K(238592K)] 449030K->252381K(783360K), 0.0187960 secs] [Times: user=0.14 sys=0.00, real=0.02 secs] 
371.891: Total time for which application threads were stopped: 0.0190090 seconds, Stopping threads took: 0.0000900 seconds
371.977: Application time: 0.0857580 seconds
371.977: [GC [PSYoungGen: 238560K->33760K(238592K)] 457181K->283930K(783360K), 0.0292770 secs] [Times: user=0.23 sys=0.00, real=0.03 secs] 
372.007: Total time for which application threads were stopped: 0.0295000 seconds, Stopping threads took: 0.0000970 seconds
372.090: Application time: 0.0834890 seconds
372.093: [GC [PSYoungGen: 238560K->33776K(238592K)] 488730K->299385K(783360K), 0.0210340 secs] [Times: user=0.16 sys=0.00, real=0.02 secs] 
372.114: Total time for which application threads were stopped: 0.0241040 seconds, Stopping threads took: 0.0029490 seconds
372.196: Application time: 0.0821860 seconds
372.197: [GC [PSYoungGen: 238576K->33776K(238592K)] 504185K->317423K(783360K), 0.0227770 secs] [Times: user=0.18 sys=0.00, real=0.02 secs] 
372.219: Total time for which application threads were stopped: 0.0230110 seconds, Stopping threads took: 0.0000970 seconds
372.291: Application time: 0.0711020 seconds
372.291: [GC [PSYoungGen: 238576K->33776K(238592K)] 522223K->330671K(783360K), 0.0206060 secs] [Times: user=0.16 sys=0.00, real=0.02 secs] 
372.311: Total time for which application threads were stopped: 0.0208270 seconds, Stopping threads took: 0.0000880 seconds
372.399: Application time: 0.0880230 seconds
372.400: [GC [PSYoungGen: 238576K->33792K(238592K)] 535471K->360989K(783360K), 0.0289870 secs] [Times: user=0.22 sys=0.00, real=0.03 secs] 
372.429: Total time for which application threads were stopped: 0.0292180 seconds, Stopping threads took: 0.0001060 seconds
372.511: Application time: 0.0822060 seconds
372.511: [GC [PSYoungGen: 238592K->33792K(238592K)] 565789K->374407K(783360K), 0.0214210 secs] [Times: user=0.16 sys=0.00, real=0.02 secs] 
372.533: Total time for which application threads were stopped: 0.0216730 seconds, Stopping threads took: 0.0001160 seconds
372.615: Application time: 0.0825150 seconds
372.615: [GC [PSYoungGen: 238592K->33776K(238592K)] 579207K->392742K(783360K), 0.0240880 secs] [Times: user=0.19 sys=0.00, real=0.02 secs] 
372.639: Total time for which application threads were stopped: 0.0243060 seconds, Stopping threads took: 0.0000910 seconds
372.711: Application time: 0.0713820 seconds
372.711: [GC [PSYoungGen: 238576K->33760K(238592K)] 597542K->408501K(783360K), 0.0223820 secs] [Times: user=0.17 sys=0.00, real=0.02 secs] 
372.733: Total time for which application threads were stopped: 0.0226010 seconds, Stopping threads took: 0.0000830 seconds
372.821: Application time: 0.0881510 seconds
372.825: [GC [PSYoungGen: 238560K->33760K(238592K)] 613301K->433526K(783360K), 0.0268390 secs] [Times: user=0.21 sys=0.00, real=0.03 secs] 
372.852: Total time for which application threads were stopped: 0.0305840 seconds, Stopping threads took: 0.0036240 seconds
372.933: Application time: 0.0809700 seconds
372.933: [GC [PSYoungGen: 238560K->33776K(238592K)] 638326K->450114K(783360K), 0.0229390 secs] [Times: user=0.18 sys=0.00, real=0.02 secs] 
372.956: Total time for which application threads were stopped: 0.0232000 seconds, Stopping threads took: 0.0001410 seconds
373.038: Application time: 0.0813670 seconds
373.038: [GC [PSYoungGen: 238576K->33776K(238592K)] 654914K->464333K(783360K), 0.0217950 secs] [Times: user=0.17 sys=0.00, real=0.02 secs] 
373.060: Total time for which application threads were stopped: 0.0220150 seconds, Stopping threads took: 0.0000950 seconds
373.131: Application time: 0.0712960 seconds
373.131: [GC [PSYoungGen: 238576K->33760K(238592K)] 669133K->476905K(783360K), 0.0217190 secs] [Times: user=0.17 sys=0.00, real=0.02 secs] 
373.153: Total time for which application threads were stopped: 0.0219310 seconds, Stopping threads took: 0.0000890 seconds
373.242: Application time: 0.0889250 seconds
373.242: [GC [PSYoungGen: 238560K->33776K(238592K)] 681705K->503086K(783360K), 0.0283540 secs] [Times: user=0.22 sys=0.01, real=0.03 secs] 
373.270: Total time for which application threads were stopped: 0.0285720 seconds, Stopping threads took: 0.0000810 seconds
373.351: Application time: 0.0808960 seconds
373.351: [GC [PSYoungGen: 238576K->33776K(238592K)] 707886K->524664K(783360K), 0.0255990 secs] [Times: user=0.20 sys=0.00, real=0.02 secs] 
373.377: Total time for which application threads were stopped: 0.0257970 seconds, Stopping threads took: 0.0000700 seconds
373.458: Application time: 0.0807300 seconds
373.458: [GC [PSYoungGen: 238576K->33760K(238592K)] 729464K->535684K(783360K), 0.0235100 secs] [Times: user=0.18 sys=0.00, real=0.03 secs] 
373.482: Total time for which application threads were stopped: 0.0237150 seconds, Stopping threads took: 0.0000820 seconds
373.553: Application time: 0.0716470 seconds
373.553: [GC [PSYoungGen: 238560K->33760K(238592K)] 740484K->552158K(783360K), 0.0255150 secs] [Times: user=0.20 sys=0.00, real=0.02 secs] 
373.579: [Full GC [PSYoungGen: 33760K->0K(238592K)] [ParOldGen: 518398K->79273K(544768K)] 552158K->79273K(783360K) [PSPermGen: 8873K->8873K(21504K)], 0.0845700 secs] [Times: user=0.60 sys=0.00, real=0.09 secs] 
373.664: Total time for which application threads were stopped: 0.1103750 seconds, Stopping threads took: 0.0000920 seconds
373.752: Application time: 0.0882330 seconds
373.752: [GC [PSYoungGen: 204800K->26128K(238592K)] 284073K->105401K(783360K), 0.0112410 secs] [Times: user=0.09 sys=0.00, real=0.01 secs] 
373.763: Total time for which application threads were stopped: 0.0114740 seconds, Stopping threads took: 0.0000970 seconds
373.845: Application time: 0.0822210 seconds
373.846: [GC [PSYoungGen: 230928K->33776K(238592K)] 310201K->127784K(783360K), 0.0189580 secs] [Times: user=0.14 sys=0.00, real=0.02 secs] 
373.865: Total time for which application threads were stopped: 0.0191580 seconds, Stopping threads took: 0.0000800 seconds
373.943: Application time: 0.0782030 seconds
373.943: [GC [PSYoungGen: 238576K->33776K(238592K)] 332584K->136964K(783360K), 0.0175410 secs] [Times: user=0.14 sys=0.00, real=0.01 secs] 
373.961: Total time for which application threads were stopped: 0.0177590 seconds, Stopping threads took: 0.0000920 seconds
374.034: Application time: 0.0736950 seconds
374.034: [GC [PSYoungGen: 238576K->33760K(238592K)] 341764K->156259K(783360K), 0.0220470 secs] [Times: user=0.17 sys=0.00, real=0.02 secs] 
374.057: Total time for which application threads were stopped: 0.0222660 seconds, Stopping threads took: 0.0000970 seconds
374.145: Application time: 0.0886380 seconds
374.145: [GC [PSYoungGen: 238560K->33776K(238592K)] 361059K->171842K(783360K), 0.0222540 secs] [Times: user=0.17 sys=0.00, real=0.02 secs] 
374.168: Total time for which application threads were stopped: 0.0224570 seconds, Stopping threads took: 0.0000810 seconds
374.251: Application time: 0.0830220 seconds
374.251: [GC [PSYoungGen: 238576K->33776K(238592K)] 376642K->193295K(783360K), 0.0246030 secs] [Times: user=0.19 sys=0.00, real=0.02 secs] 
374.275: Total time for which application threads were stopped: 0.0248120 seconds, Stopping threads took: 0.0000870 seconds
374.351: Application time: 0.0758990 seconds
374.352: [GC [PSYoungGen: 238576K->33776K(238592K)] 398095K->201511K(783360K), 0.0199460 secs] [Times: user=0.16 sys=0.00, real=0.02 secs] 
374.372: Total time for which application threads were stopped: 0.0202090 seconds, Stopping threads took: 0.0001200 seconds
374.447: Application time: 0.0758140 seconds
374.448: [GC [PSYoungGen: 238576K->33776K(238592K)] 406311K->227428K(783360K), 0.0258930 secs] [Times: user=0.20 sys=0.00, real=0.03 secs] 
374.474: Total time for which application threads were stopped: 0.0260910 seconds, Stopping threads took: 0.0000770 seconds
374.560: Application time: 0.0867860 seconds
374.560: [GC [PSYoungGen: 238576K->33760K(238592K)] 432228K->239670K(783360K), 0.0215140 secs] [Times: user=0.17 sys=0.00, real=0.03 secs] 
374.582: Total time for which application threads were stopped: 0.0217270 seconds, Stopping threads took: 0.0000910 seconds
374.667: Application time: 0.0847900 seconds
374.667: [GC [PSYoungGen: 238560K->33760K(238592K)] 444470K->260132K(783360K), 0.0248610 secs] [Times: user=0.20 sys=0.00, real=0.03 secs] 
374.692: Total time for which application threads were stopped: 0.0250660 seconds, Stopping threads took: 0.0000840 seconds
374.767: Application time: 0.0747470 seconds
374.767: [GC [PSYoungGen: 238560K->33776K(238592K)] 464932K->270676K(783360K), 0.0218260 secs] [Times: user=0.17 sys=0.00, real=0.02 secs] 
374.789: Total time for which application threads were stopped: 0.0220330 seconds, Stopping threads took: 0.0000840 seconds
374.866: Application time: 0.0773350 seconds
374.866: [GC [PSYoungGen: 238576K->33776K(238592K)] 475476K->297666K(783360K), 0.0279430 secs] [Times: user=0.22 sys=0.00, real=0.03 secs] 
374.894: Total time for which application threads were stopped: 0.0281900 seconds, Stopping threads took: 0.0001130 seconds
374.979: Application time: 0.0852770 seconds
374.980: [GC [PSYoungGen: 238576K->33792K(238592K)] 502466K->314186K(783360K), 0.0241920 secs] [Times: user=0.19 sys=0.00, real=0.03 secs] 
375.004: Total time for which application threads were stopped: 0.0244130 seconds, Stopping threads took: 0.0000990 seconds
375.089: Application time: 0.0848250 seconds
375.089: [GC [PSYoungGen: 238592K->33760K(238592K)] 518986K->335497K(783360K), 0.0248420 secs] [Times: user=0.19 sys=0.00, real=0.03 secs] 
375.114: Total time for which application threads were stopped: 0.0250600 seconds, Stopping threads took: 0.0000950 seconds
375.188: Application time: 0.0739160 seconds
375.188: [GC [PSYoungGen: 238560K->33776K(238592K)] 540297K->345908K(783360K), 0.0212260 secs] [Times: user=0.16 sys=0.00, real=0.03 secs] 
375.209: Total time for which application threads were stopped: 0.0214380 seconds, Stopping threads took: 0.0000880 seconds
375.288: Application time: 0.0784070 seconds
375.288: [GC [PSYoungGen: 238576K->33760K(238592K)] 550708K->374641K(783360K), 0.0293090 secs] [Times: user=0.23 sys=0.00, real=0.03 secs] 
375.317: Total time for which application threads were stopped: 0.0295450 seconds, Stopping threads took: 0.0001080 seconds
375.403: Application time: 0.0858580 seconds
375.403: [GC [PSYoungGen: 238560K->33760K(238592K)] 579441K->390096K(783360K), 0.0241580 secs] [Times: user=0.19 sys=0.00, real=0.02 secs] 
375.427: Total time for which application threads were stopped: 0.0243690 seconds, Stopping threads took: 0.0000790 seconds
375.511: Application time: 0.0835870 seconds
375.511: [GC [PSYoungGen: 238560K->33776K(238592K)] 594896K->408759K(783360K), 0.0249750 secs] [Times: user=0.20 sys=0.00, real=0.02 secs] 
375.536: Total time for which application threads were stopped: 0.0251710 seconds, Stopping threads took: 0.0000720 seconds
375.610: Application time: 0.0737840 seconds
375.610: [GC [PSYoungGen: 238576K->33776K(238592K)] 613559K->418798K(783360K), 0.0217900 secs] [Times: user=0.17 sys=0.00, real=0.02 secs] 
375.632: Total time for which application threads were stopped: 0.0220110 seconds, Stopping threads took: 0.0000940 seconds
375.711: Application time: 0.0793850 seconds
375.711: [GC [PSYoungGen: 238576K->33776K(238592K)] 623598K->444352K(783360K), 0.0288930 secs] [Times: user=0.23 sys=0.00, real=0.02 secs] 
375.740: Total time for which application threads were stopped: 0.0291220 seconds, Stopping threads took: 0.0001050 seconds
375.826: Application time: 0.0851890 seconds
375.826: [GC [PSYoungGen: 238576K->33760K(238592K)] 649152K->456596K(783360K), 0.0242400 secs] [Times: user=0.19 sys=0.00, real=0.03 secs] 
375.850: Total time for which application threads were stopped: 0.0244360 seconds, Stopping threads took: 0.0000740 seconds
375.934: Application time: 0.0835960 seconds
375.934: [GC [PSYoungGen: 238560K->33776K(238592K)] 661396K->475234K(783360K), 0.0268800 secs] [Times: user=0.21 sys=0.00, real=0.02 secs] 
375.961: Total time for which application threads were stopped: 0.0271060 seconds, Stopping threads took: 0.0000900 seconds
376.002: Application time: 0.0413090 seconds
376.002: Total time for which application threads were stopped: 0.0001450 seconds, Stopping threads took: 0.0000860 seconds
376.029: Application time: 0.0271410 seconds
376.029: Total time for which application threads were stopped: 0.0001480 seconds, Stopping threads took: 0.0000840 seconds
376.034: Application time: 0.0046580 seconds
376.034: [GC [PSYoungGen: 238576K->33760K(238592K)] 680034K->480986K(783360K), 0.0220340 secs] [Times: user=0.17 sys=0.00, real=0.02 secs] 
376.056: Total time for which application threads were stopped: 0.0222240 seconds, Stopping threads took: 0.0000640 seconds
376.067: Application time: 0.0106990 seconds
376.067: Total time for which application threads were stopped: 0.0001560 seconds, Stopping threads took: 0.0000930 seconds
376.097: Application time: 0.0297070 seconds
376.097: Total time for which application threads were stopped: 0.0001530 seconds, Stopping threads took: 0.0000640 seconds
376.104: Application time: 0.0070110 seconds
376.104: Total time for which application threads were stopped: 0.0001240 seconds, Stopping threads took: 0.0000630 seconds
376.138: Application time: 0.0336840 seconds
376.138: Total time for which application threads were stopped: 0.0000930 seconds, Stopping threads took: 0.0000340 seconds
376.141: Application time: 0.0033890 seconds
376.141: [GC [PSYoungGen: 238560K->33760K(238592K)] 685786K->481042K(783360K), 0.0211490 secs] [Times: user=0.17 sys=0.00, real=0.02 secs] 
376.163: Total time for which application threads were stopped: 0.0212520 seconds, Stopping threads took: 0.0000180 seconds
376.230: Application time: 0.0669140 seconds
376.230: Total time for which application threads were stopped: 0.0000620 seconds, Stopping threads took: 0.0000090 seconds
376.247: Application time: 0.0170880 seconds
376.247: Total time for which application threads were stopped: 0.0000560 seconds, Stopping threads took: 0.0000170 seconds
376.247: Application time: 0.0001120 seconds
376.247: Total time for which application threads were stopped: 0.0000280 seconds, Stopping threads took: 0.0000080 seconds
376.247: Application time: 0.0001030 seconds
376.247: Total time for which application threads were stopped: 0.0000280 seconds, Stopping threads took: 0.0000080 seconds
376.247: Application time: 0.0000680 seconds
376.247: Total time for which application threads were stopped: 0.0000260 seconds, Stopping threads took: 0.0000070 seconds
376.247: Application time: 0.0002170 seconds
376.247: Total time for which application threads were stopped: 0.0000280 seconds, Stopping threads took: 0.0000070 seconds
376.248: Application time: 0.0000700 seconds
376.248: Total time for which application threads were stopped: 0.0000140 seconds, Stopping threads took: 0.0000050 seconds
376.248: Application time: 0.0001050 seconds
376.248: Total time for which application threads were stopped: 0.0000140 seconds, Stopping threads took: 0.0000040 seconds
376.248: Application time: 0.0006120 seconds
376.248: Total time for which application threads were stopped: 0.0000380 seconds, Stopping threads took: 0.0000170 seconds
376.249: Application time: 0.0003530 seconds
376.249: Total time for which application threads were stopped: 0.0001140 seconds, Stopping threads took: 0.0000070 seconds
376.346: Application time: 0.0977120 seconds
376.347: Total time for which application threads were stopped: 0.0000700 seconds, Stopping threads took: 0.0000090 seconds
376.372: Application time: 0.0252670 seconds
376.372: Total time for which application threads were stopped: 0.0001370 seconds, Stopping threads took: 0.0000090 seconds
376.373: Application time: 0.0011380 seconds
376.373: Total time for which application threads were stopped: 0.0000230 seconds, Stopping threads took: 0.0000050 seconds
376.420: Application time: 0.0467180 seconds
376.420: Total time for which application threads were stopped: 0.0000590 seconds, Stopping threads took: 0.0000130 seconds
377.231: Application time: 0.8107130 seconds
377.231: Total time for which application threads were stopped: 0.0001060 seconds, Stopping threads took: 0.0000140 seconds
Heap
 PSYoungGen      total 238592K, used 125471K [0x00000000ef600000, 0x0000000100000000, 0x0000000100000000)
  eden space 204800K, 44% used [0x00000000ef600000,0x00000000f4f8fda0,0x00000000fbe00000)
  from space 33792K, 99% used [0x00000000fbe00000,0x00000000fdef8000,0x00000000fdf00000)
  to   space 33792K, 0% used [0x00000000fdf00000,0x00000000fdf00000,0x0000000100000000)
 ParOldGen       total 544768K, used 447282K [0x00000000ce200000, 0x00000000ef600000, 0x00000000ef600000)
  object space 544768K, 82% used [0x00000000ce200000,0x00000000e96ccaf8,0x00000000ef600000)
 PSPermGen       total 21504K, used 15399K [0x00000000c9000000, 0x00000000ca500000, 0x00000000ce200000)
  object space 21504K, 71% used [0x00000000c9000000,0x00000000c9f09c58,0x00000000ca500000)
377.231: Application time: 0.0001760 seconds
