Java HotSpot(TM) 64-Bit Server VM (24.80-b11) for linux-amd64 JRE (1.7.0_80-b15), built on Apr 10 2015 19:53:14 by "java_re" with gcc 4.3.0 20080428 (Red Hat 4.3.0-8)
Memory: 4k page, physical 8000092k(5282536k free), swap 8218620k(8218620k free)
CommandLine flags: -XX:InitialHeapSize=505423872 -XX:MaxHeapSize=505423872 -XX:MaxNewSize=168472576 -XX:MaxTenuringThreshold=6 -XX:NewSize=168472576 -XX:OldPLABSize=16 -XX:OldSize=336941056 -XX:+PrintGC -XX:+PrintGCApplicationConcurrentTime -XX:+PrintGCApplicationStoppedTime -XX:+PrintGCDetails -XX:+PrintGCTimeStamps -XX:-UseAdaptiveSizePolicy -XX:+UseCompressedOops -XX:+UseConcMarkSweepGC -XX:+UseParNewGC 
4.030: Application time: 4.0056380 seconds
4.030: Total time for which application threads were stopped: 0.0000810 seconds, Stopping threads took: 0.0000100 seconds
14.943: Application time: 10.9130210 seconds
14.943: Total time for which application threads were stopped: 0.0000350 seconds, Stopping threads took: 0.0000190 seconds
14.944: Application time: 0.0000740 seconds
14.944: Total time for which application threads were stopped: 0.0000250 seconds, Stopping threads took: 0.0000190 seconds
14.945: Application time: 0.0014620 seconds
14.945: Total time for which application threads were stopped: 0.0000120 seconds, Stopping threads took: 0.0000050 seconds
14.968: Application time: 0.0234820 seconds
14.969: Total time for which application threads were stopped: 0.0000470 seconds, Stopping threads took: 0.0000110 seconds
14.981: Application time: 0.0124540 seconds
14.981: [Full GC14.981: [CMS: 0K->3177K(329152K), 0.0112650 secs] 18549K->3177K(477184K), [CMS Perm : 5078K->5077K(21248K)], 0.0113230 secs] [Times: user=0.00 sys=0.00, real=0.01 secs] 
14.992: Total time for which application threads were stopped: 0.0113960 seconds, Stopping threads took: 0.0000180 seconds
14.992: Application time: 0.0000890 seconds
14.993: [Full GC14.993: [CMS: 3177K->3177K(329152K), 0.0074280 secs] 3177K->3177K(477184K), [CMS Perm : 5077K->5077K(21248K)], 0.0074680 secs] [Times: user=0.01 sys=0.00, real=0.01 secs] 
15.000: Total time for which application threads were stopped: 0.0075410 seconds, Stopping threads took: 0.0000240 seconds
15.000: Application time: 0.0001630 seconds
15.000: Total time for which application threads were stopped: 0.0000650 seconds, Stopping threads took: 0.0000510 seconds
15.000: Application time: 0.0000540 seconds
15.000: Total time for which application threads were stopped: 0.0001010 seconds, Stopping threads took: 0.0000680 seconds
15.000: Application time: 0.0000390 seconds
15.000: Total time for which application threads were stopped: 0.0000190 seconds, Stopping threads took: 0.0000140 seconds
15.001: Application time: 0.0000390 seconds
15.001: Total time for which application threads were stopped: 0.0000140 seconds, Stopping threads took: 0.0000090 seconds
15.001: Application time: 0.0000270 seconds
15.001: Total time for which application threads were stopped: 0.0000190 seconds, Stopping threads took: 0.0000160 seconds
15.001: Application time: 0.0000280 seconds
15.001: Total time for which application threads were stopped: 0.0000080 seconds, Stopping threads took: 0.0000050 seconds
15.001: Application time: 0.0000260 seconds
15.001: Total time for which application threads were stopped: 0.0000220 seconds, Stopping threads took: 0.0000180 seconds
15.001: Application time: 0.0000250 seconds
15.001: Total time for which application threads were stopped: 0.0000150 seconds, Stopping threads took: 0.0000110 seconds
15.001: Application time: 0.0000100 seconds
15.001: Total time for which application threads were stopped: 0.0000140 seconds, Stopping threads took: 0.0000110 seconds
15.001: Application time: 0.0000090 seconds
15.001: Total time for which application threads were stopped: 0.0000130 seconds, Stopping threads took: 0.0000100 seconds
15.001: Application time: 0.0000090 seconds
15.001: Total time for which application threads were stopped: 0.0000110 seconds, Stopping threads took: 0.0000080 seconds
15.001: Application time: 0.0000090 seconds
15.001: Total time for which application threads were stopped: 0.0000130 seconds, Stopping threads took: 0.0000100 seconds
15.001: Application time: 0.0000090 seconds
15.001: Total time for which application threads were stopped: 0.0000110 seconds, Stopping threads took: 0.0000080 seconds
15.001: Application time: 0.0000090 seconds
15.001: Total time for which application threads were stopped: 0.0000110 seconds, Stopping threads took: 0.0000080 seconds
15.001: Application time: 0.0000090 seconds
15.001: Total time for which application threads were stopped: 0.0000120 seconds, Stopping threads took: 0.0000090 seconds
15.001: Application time: 0.0000090 seconds
15.001: Total time for which application threads were stopped: 0.0000110 seconds, Stopping threads took: 0.0000080 seconds
15.001: Application time: 0.0000090 seconds
15.001: Total time for which application threads were stopped: 0.0000120 seconds, Stopping threads took: 0.0000080 seconds
15.001: Application time: 0.0000090 seconds
15.001: Total time for which application threads were stopped: 0.0000150 seconds, Stopping threads took: 0.0000120 seconds
15.001: Application time: 0.0000090 seconds
15.001: Total time for which application threads were stopped: 0.0000120 seconds, Stopping threads took: 0.0000080 seconds
15.001: Application time: 0.0000090 seconds
15.001: Total time for which application threads were stopped: 0.0000210 seconds, Stopping threads took: 0.0000090 seconds
15.003: Application time: 0.0024630 seconds
15.003: Total time for which application threads were stopped: 0.0000370 seconds, Stopping threads took: 0.0000300 seconds
15.004: Application time: 0.0000790 seconds
15.004: Total time for which application threads were stopped: 0.0000480 seconds, Stopping threads took: 0.0000380 seconds
15.004: Application time: 0.0004830 seconds
15.004: Total time for which application threads were stopped: 0.0000230 seconds, Stopping threads took: 0.0000130 seconds
15.014: Application time: 0.0099410 seconds
15.022: [GC15.022: [ParNew: 105923K->15912K(148032K), 0.0219910 secs] 109100K->90978K(477184K), 0.0220550 secs] [Times: user=0.13 sys=0.04, real=0.02 secs] 
15.044: Total time for which application threads were stopped: 0.0297510 seconds, Stopping threads took: 0.0076200 seconds
15.044: Application time: 0.0001350 seconds
15.065: [GC15.065: [ParNew: 141811K->0K(148032K), 0.0383320 secs] 216878K->215951K(477184K), 0.0383860 secs] [Times: user=0.21 sys=0.10, real=0.04 secs] 
15.103: Total time for which application threads were stopped: 0.0590280 seconds, Stopping threads took: 0.0205620 seconds
15.112: Application time: 0.0087410 seconds
15.114: [GC [1 CMS-initial-mark: 215951K(329152K)] 278901K(477184K), 0.0001510 secs] [Times: user=0.00 sys=0.00, real=0.00 secs] 
15.115: Total time for which application threads were stopped: 0.0027820 seconds, Stopping threads took: 0.0025830 seconds
15.115: [CMS-concurrent-mark-start]
15.115: Application time: 0.0000670 seconds
15.116: Total time for which application threads were stopped: 0.0009710 seconds, Stopping threads took: 0.0009580 seconds
15.116: Application time: 0.0000190 seconds
15.116: Total time for which application threads were stopped: 0.0000200 seconds, Stopping threads took: 0.0000140 seconds
15.116: Application time: 0.0000120 seconds
15.116: Total time for which application threads were stopped: 0.0000080 seconds, Stopping threads took: 0.0000040 seconds
15.116: Application time: 0.0000100 seconds
15.116: Total time for which application threads were stopped: 0.0000180 seconds, Stopping threads took: 0.0000130 seconds
15.116: Application time: 0.0000290 seconds
15.116: Total time for which application threads were stopped: 0.0000360 seconds, Stopping threads took: 0.0000300 seconds
15.116: Application time: 0.0000130 seconds
15.116: Total time for which application threads were stopped: 0.0000250 seconds, Stopping threads took: 0.0000180 seconds
15.116: Application time: 0.0000120 seconds
15.116: Total time for which application threads were stopped: 0.0000260 seconds, Stopping threads took: 0.0000210 seconds
15.116: Application time: 0.0000160 seconds
15.116: Total time for which application threads were stopped: 0.0000260 seconds, Stopping threads took: 0.0000220 seconds
15.140: [CMS-concurrent-mark: 0.023/0.025 secs] [Times: user=0.19 sys=0.00, real=0.03 secs] 
15.140: [CMS-concurrent-preclean-start]
15.141: [CMS-concurrent-preclean: 0.001/0.001 secs] [Times: user=0.00 sys=0.00, real=0.00 secs] 
15.141: [CMS-concurrent-abortable-preclean-start]
15.169: Application time: 0.0534090 seconds
15.174: [GC15.174: [ParNew: 127874K->127874K(148032K), 0.0000170 secs]15.174: [CMS15.174: [CMS-concurrent-abortable-preclean: 0.001/0.033 secs] [Times: user=0.26 sys=0.00, real=0.03 secs] 
 (concurrent mode failure): 215951K->325015K(329152K), 0.0831290 secs] 343826K->340640K(477184K), [CMS Perm : 5102K->5102K(21248K)], 0.0832310 secs] [Times: user=0.06 sys=0.01, real=0.08 secs] 
15.257: Total time for which application threads were stopped: 0.0878270 seconds, Stopping threads took: 0.0044970 seconds
15.285: Application time: 0.0278920 seconds
15.285: Total time for which application threads were stopped: 0.0001970 seconds, Stopping threads took: 0.0001730 seconds
15.285: Application time: 0.0000830 seconds
15.285: [GC [1 CMS-initial-mark: 325015K(331136K)] 394283K(479168K), 0.0002120 secs] [Times: user=0.00 sys=0.00, real=0.00 secs] 
15.286: Total time for which application threads were stopped: 0.0002970 seconds, Stopping threads took: 0.0000670 seconds
15.286: [CMS-concurrent-mark-start]
15.300: [CMS-concurrent-mark: 0.013/0.014 secs] [Times: user=0.11 sys=0.00, real=0.02 secs] 
15.300: [CMS-concurrent-preclean-start]
15.308: [CMS-concurrent-preclean: 0.008/0.008 secs] [Times: user=0.06 sys=0.00, real=0.00 secs] 
15.308: [CMS-concurrent-abortable-preclean-start]
15.308: [CMS-concurrent-abortable-preclean: 0.000/0.000 secs] [Times: user=0.00 sys=0.00, real=0.00 secs] 
15.308: Application time: 0.0227630 seconds
15.308: [GC[YG occupancy: 86164 K (148032 K)]15.308: [Rescan (parallel) , 0.0003660 secs]15.309: [weak refs processing, 0.0000080 secs]15.309: [scrub string table, 0.0001010 secs] [1 CMS-remark: 325015K(331136K)] 411179K(479168K), 0.0005060 secs] [Times: user=0.00 sys=0.00, real=0.00 secs] 
15.309: Total time for which application threads were stopped: 0.0006200 seconds, Stopping threads took: 0.0000860 seconds
15.309: [CMS-concurrent-sweep-start]
15.311: [CMS-concurrent-sweep: 0.002/0.002 secs] [Times: user=0.00 sys=0.00, real=0.00 secs] 
15.311: [CMS-concurrent-reset-start]
15.311: [CMS-concurrent-reset: 0.000/0.000 secs] [Times: user=0.00 sys=0.00, real=0.00 secs] 
17.311: Application time: 2.0024730 seconds
17.316: [GC [1 CMS-initial-mark: 325015K(331136K)] 411179K(479168K), 0.0001580 secs] [Times: user=0.00 sys=0.00, real=0.00 secs] 
17.316: Total time for which application threads were stopped: 0.0043330 seconds, Stopping threads took: 0.0041360 seconds
17.316: [CMS-concurrent-mark-start]
17.324: [CMS-concurrent-mark: 0.008/0.008 secs] [Times: user=0.06 sys=0.00, real=0.01 secs] 
17.324: [CMS-concurrent-preclean-start]
17.325: [CMS-concurrent-preclean: 0.001/0.001 secs] [Times: user=0.00 sys=0.00, real=0.00 secs] 
17.325: [CMS-concurrent-abortable-preclean-start]
17.325: [CMS-concurrent-abortable-preclean: 0.000/0.000 secs] [Times: user=0.00 sys=0.00, real=0.00 secs] 
17.325: Application time: 0.0094750 seconds
17.325: [GC[YG occupancy: 86164 K (148032 K)]17.325: [Rescan (parallel) , 0.0002240 secs]17.326: [weak refs processing, 0.0000070 secs]17.326: [scrub string table, 0.0000970 secs] [1 CMS-remark: 325015K(331136K)] 411179K(479168K), 0.0003540 secs] [Times: user=0.00 sys=0.00, real=0.00 secs] 
17.326: Total time for which application threads were stopped: 0.0005210 seconds, Stopping threads took: 0.0001420 seconds
17.326: [CMS-concurrent-sweep-start]
17.328: [CMS-concurrent-sweep: 0.002/0.002 secs] [Times: user=0.02 sys=0.00, real=0.00 secs] 
17.328: [CMS-concurrent-reset-start]
17.329: [CMS-concurrent-reset: 0.001/0.001 secs] [Times: user=0.00 sys=0.00, real=0.00 secs] 
19.329: Application time: 2.0034900 seconds
19.332: [GC [1 CMS-initial-mark: 325015K(331136K)] 411179K(479168K), 0.0001660 secs] [Times: user=0.00 sys=0.00, real=0.00 secs] 
19.332: Total time for which application threads were stopped: 0.0026150 seconds, Stopping threads took: 0.0023920 seconds
19.332: [CMS-concurrent-mark-start]
19.338: [CMS-concurrent-mark: 0.006/0.006 secs] [Times: user=0.03 sys=0.00, real=0.00 secs] 
19.338: [CMS-concurrent-preclean-start]
19.339: [CMS-concurrent-preclean: 0.001/0.001 secs] [Times: user=0.00 sys=0.00, real=0.00 secs] 
19.339: [CMS-concurrent-abortable-preclean-start]
19.339: [CMS-concurrent-abortable-preclean: 0.000/0.000 secs] [Times: user=0.00 sys=0.00, real=0.00 secs] 
19.339: Application time: 0.0070070 seconds
19.339: [GC[YG occupancy: 86164 K (148032 K)]19.339: [Rescan (parallel) , 0.0003140 secs]19.339: [weak refs processing, 0.0000070 secs]19.339: [scrub string table, 0.0001160 secs] [1 CMS-remark: 325015K(331136K)] 411179K(479168K), 0.0004650 secs] [Times: user=0.00 sys=0.00, real=0.00 secs] 
19.340: Total time for which application threads were stopped: 0.0006180 seconds, Stopping threads took: 0.0001230 seconds
19.340: [CMS-concurrent-sweep-start]
19.342: [CMS-concurrent-sweep: 0.003/0.003 secs] [Times: user=0.00 sys=0.01, real=0.00 secs] 
19.342: [CMS-concurrent-reset-start]
19.343: [CMS-concurrent-reset: 0.001/0.001 secs] [Times: user=0.00 sys=0.00, real=0.00 secs] 
21.343: Application time: 2.0037950 seconds
21.348: [GC [1 CMS-initial-mark: 325015K(331136K)] 411179K(479168K), 0.0001440 secs] [Times: user=0.00 sys=0.00, real=0.00 secs] 
21.348: Total time for which application threads were stopped: 0.0046380 seconds, Stopping threads took: 0.0044400 seconds
21.348: [CMS-concurrent-mark-start]
21.356: [CMS-concurrent-mark: 0.008/0.008 secs] [Times: user=0.06 sys=0.00, real=0.01 secs] 
21.356: [CMS-concurrent-preclean-start]
21.356: [CMS-concurrent-preclean: 0.001/0.001 secs] [Times: user=0.00 sys=0.01, real=0.00 secs] 
21.356: [CMS-concurrent-abortable-preclean-start]
21.356: [CMS-concurrent-abortable-preclean: 0.000/0.000 secs] [Times: user=0.00 sys=0.00, real=0.00 secs] 
21.356: Application time: 0.0084960 seconds
21.357: [GC[YG occupancy: 86164 K (148032 K)]21.357: [Rescan (parallel) , 0.0004960 secs]21.357: [weak refs processing, 0.0000080 secs]21.357: [scrub string table, 0.0001320 secs] [1 CMS-remark: 325015K(331136K)] 411179K(479168K), 0.0006630 secs] [Times: user=0.00 sys=0.00, real=0.00 secs] 
21.357: Total time for which application threads were stopped: 0.0009350 seconds, Stopping threads took: 0.0002260 seconds
21.357: [CMS-concurrent-sweep-start]
21.360: [CMS-concurrent-sweep: 0.002/0.002 secs] [Times: user=0.02 sys=0.00, real=0.01 secs] 
21.360: [CMS-concurrent-reset-start]
21.360: [CMS-concurrent-reset: 0.001/0.001 secs] [Times: user=0.00 sys=0.00, real=0.00 secs] 
23.361: Application time: 2.0033570 seconds
23.364: [GC [1 CMS-initial-mark: 325015K(331136K)] 411179K(479168K), 0.0001550 secs] [Times: user=0.00 sys=0.00, real=0.00 secs] 
23.364: Total time for which application threads were stopped: 0.0031400 seconds, Stopping threads took: 0.0029310 seconds
23.364: [CMS-concurrent-mark-start]
23.371: [CMS-concurrent-mark: 0.007/0.007 secs] [Times: user=0.04 sys=0.01, real=0.00 secs] 
23.371: [CMS-concurrent-preclean-start]
23.372: [CMS-concurrent-preclean: 0.001/0.001 secs] [Times: user=0.02 sys=0.00, real=0.01 secs] 
23.372: [CMS-concurrent-abortable-preclean-start]
23.372: [CMS-concurrent-abortable-preclean: 0.000/0.000 secs] [Times: user=0.00 sys=0.00, real=0.00 secs] 
23.372: Application time: 0.0084220 seconds
23.372: [GC[YG occupancy: 86164 K (148032 K)]23.372: [Rescan (parallel) , 0.0004140 secs]23.373: [weak refs processing, 0.0000190 secs]23.373: [scrub string table, 0.0000960 secs] [1 CMS-remark: 325015K(331136K)] 411179K(479168K), 0.0005700 secs] [Times: user=0.00 sys=0.00, real=0.00 secs] 
23.373: Total time for which application threads were stopped: 0.0006780 seconds, Stopping threads took: 0.0000830 seconds
23.373: [CMS-concurrent-sweep-start]
23.376: [CMS-concurrent-sweep: 0.003/0.003 secs] [Times: user=0.02 sys=0.00, real=0.00 secs] 
23.376: [CMS-concurrent-reset-start]
23.376: [CMS-concurrent-reset: 0.001/0.001 secs] [Times: user=0.00 sys=0.00, real=0.00 secs] 
25.377: Application time: 2.0036980 seconds
25.380: [GC [1 CMS-initial-mark: 325015K(331136K)] 411179K(479168K), 0.0001440 secs] [Times: user=0.00 sys=0.00, real=0.00 secs] 
25.380: Total time for which application threads were stopped: 0.0033160 seconds, Stopping threads took: 0.0031160 seconds
25.380: [CMS-concurrent-mark-start]
25.387: [CMS-concurrent-mark: 0.007/0.007 secs] [Times: user=0.05 sys=0.00, real=0.00 secs] 
25.388: [CMS-concurrent-preclean-start]
25.388: [CMS-concurrent-preclean: 0.001/0.001 secs] [Times: user=0.00 sys=0.00, real=0.00 secs] 
25.388: [CMS-concurrent-abortable-preclean-start]
25.388: [CMS-concurrent-abortable-preclean: 0.000/0.000 secs] [Times: user=0.00 sys=0.00, real=0.00 secs] 
25.388: Application time: 0.0084710 seconds
25.389: [GC[YG occupancy: 86164 K (148032 K)]25.389: [Rescan (parallel) , 0.0005120 secs]25.389: [weak refs processing, 0.0000080 secs]25.389: [scrub string table, 0.0001110 secs] [1 CMS-remark: 325015K(331136K)] 411179K(479168K), 0.0006900 secs] [Times: user=0.00 sys=0.00, real=0.00 secs] 
25.389: Total time for which application threads were stopped: 0.0009320 seconds, Stopping threads took: 0.0001890 seconds
25.390: [CMS-concurrent-sweep-start]
25.392: [CMS-concurrent-sweep: 0.003/0.003 secs] [Times: user=0.02 sys=0.00, real=0.01 secs] 
25.393: [CMS-concurrent-reset-start]
25.394: [CMS-concurrent-reset: 0.001/0.001 secs] [Times: user=0.00 sys=0.00, real=0.00 secs] 
27.394: Application time: 2.0046050 seconds
27.396: [GC [1 CMS-initial-mark: 325015K(331136K)] 411179K(479168K), 0.0001590 secs] [Times: user=0.00 sys=0.00, real=0.00 secs] 
27.396: Total time for which application threads were stopped: 0.0020200 seconds, Stopping threads took: 0.0018070 seconds
27.396: [CMS-concurrent-mark-start]
27.402: [CMS-concurrent-mark: 0.006/0.006 secs] [Times: user=0.04 sys=0.00, real=0.01 secs] 
27.402: [CMS-concurrent-preclean-start]
27.403: [CMS-concurrent-preclean: 0.001/0.001 secs] [Times: user=0.00 sys=0.00, real=0.00 secs] 
27.403: [CMS-concurrent-abortable-preclean-start]
27.403: [CMS-concurrent-abortable-preclean: 0.000/0.000 secs] [Times: user=0.00 sys=0.00, real=0.00 secs] 
27.403: Application time: 0.0066950 seconds
27.403: [GC[YG occupancy: 86164 K (148032 K)]27.403: [Rescan (parallel) , 0.0003250 secs]27.403: [weak refs processing, 0.0000070 secs]27.403: [scrub string table, 0.0001180 secs] [1 CMS-remark: 325015K(331136K)] 411179K(479168K), 0.0004760 secs] [Times: user=0.01 sys=0.00, real=0.00 secs] 
27.403: Total time for which application threads were stopped: 0.0006240 seconds, Stopping threads took: 0.0001120 seconds
27.403: [CMS-concurrent-sweep-start]
27.406: [CMS-concurrent-sweep: 0.003/0.003 secs] [Times: user=0.00 sys=0.00, real=0.00 secs] 
27.406: [CMS-concurrent-reset-start]
27.407: [CMS-concurrent-reset: 0.000/0.000 secs] [Times: user=0.00 sys=0.00, real=0.00 secs] 
29.407: Application time: 2.0035620 seconds
29.408: [GC [1 CMS-initial-mark: 325015K(331136K)] 411179K(479168K), 0.0001560 secs] [Times: user=0.00 sys=0.00, real=0.00 secs] 
29.408: Total time for which application threads were stopped: 0.0010250 seconds, Stopping threads took: 0.0008100 seconds
29.408: [CMS-concurrent-mark-start]
29.416: [CMS-concurrent-mark: 0.008/0.008 secs] [Times: user=0.06 sys=0.00, real=0.01 secs] 
29.417: [CMS-concurrent-preclean-start]
29.417: [CMS-concurrent-preclean: 0.001/0.001 secs] [Times: user=0.01 sys=0.00, real=0.00 secs] 
29.417: [CMS-concurrent-abortable-preclean-start]
29.417: [CMS-concurrent-abortable-preclean: 0.000/0.000 secs] [Times: user=0.00 sys=0.00, real=0.00 secs] 
29.417: Application time: 0.0095480 seconds
29.418: [GC[YG occupancy: 86164 K (148032 K)]29.418: [Rescan (parallel) , 0.0002690 secs]29.418: [weak refs processing, 0.0000070 secs]29.418: [scrub string table, 0.0001130 secs] [1 CMS-remark: 325015K(331136K)] 411179K(479168K), 0.0004230 secs] [Times: user=0.00 sys=0.00, real=0.00 secs] 
29.418: Total time for which application threads were stopped: 0.0007620 seconds, Stopping threads took: 0.0003030 seconds
29.418: [CMS-concurrent-sweep-start]
29.420: [CMS-concurrent-sweep: 0.002/0.002 secs] [Times: user=0.01 sys=0.00, real=0.01 secs] 
29.421: [CMS-concurrent-reset-start]
29.422: [CMS-concurrent-reset: 0.001/0.001 secs] [Times: user=0.00 sys=0.00, real=0.00 secs] 
31.422: Application time: 2.0038120 seconds
31.424: [GC [1 CMS-initial-mark: 325015K(331136K)] 411179K(479168K), 0.0001540 secs] [Times: user=0.00 sys=0.00, real=0.00 secs] 
31.424: Total time for which application threads were stopped: 0.0018950 seconds, Stopping threads took: 0.0016770 seconds
31.424: [CMS-concurrent-mark-start]
31.432: [CMS-concurrent-mark: 0.008/0.008 secs] [Times: user=0.06 sys=0.00, real=0.01 secs] 
31.432: [CMS-concurrent-preclean-start]
31.432: [CMS-concurrent-preclean: 0.001/0.001 secs] [Times: user=0.00 sys=0.00, real=0.00 secs] 
31.432: [CMS-concurrent-abortable-preclean-start]
31.432: [CMS-concurrent-abortable-preclean: 0.000/0.000 secs] [Times: user=0.00 sys=0.00, real=0.00 secs] 
31.433: Application time: 0.0085850 seconds
31.433: [GC[YG occupancy: 86164 K (148032 K)]31.433: [Rescan (parallel) , 0.0005230 secs]31.433: [weak refs processing, 0.0000090 secs]31.433: [scrub string table, 0.0001100 secs] [1 CMS-remark: 325015K(331136K)] 411179K(479168K), 0.0006840 secs] [Times: user=0.00 sys=0.00, real=0.00 secs] 
31.433: Total time for which application threads were stopped: 0.0008050 seconds, Stopping threads took: 0.0000850 seconds
31.433: [CMS-concurrent-sweep-start]
31.435: [CMS-concurrent-sweep: 0.002/0.002 secs] [Times: user=0.00 sys=0.00, real=0.00 secs] 
31.435: [CMS-concurrent-reset-start]
31.435: [CMS-concurrent-reset: 0.000/0.000 secs] [Times: user=0.00 sys=0.00, real=0.00 secs] 
33.436: Application time: 2.0022570 seconds
33.440: [GC [1 CMS-initial-mark: 325015K(331136K)] 411179K(479168K), 0.0001440 secs] [Times: user=0.00 sys=0.00, real=0.00 secs] 
33.440: Total time for which application threads were stopped: 0.0043250 seconds, Stopping threads took: 0.0041260 seconds
33.440: [CMS-concurrent-mark-start]
33.447: [CMS-concurrent-mark: 0.007/0.007 secs] [Times: user=0.04 sys=0.00, real=0.00 secs] 
33.448: [CMS-concurrent-preclean-start]
33.448: [CMS-concurrent-preclean: 0.001/0.001 secs] [Times: user=0.00 sys=0.00, real=0.00 secs] 
33.448: [CMS-concurrent-abortable-preclean-start]
33.448: [CMS-concurrent-abortable-preclean: 0.000/0.000 secs] [Times: user=0.00 sys=0.00, real=0.00 secs] 
33.448: Application time: 0.0084930 seconds
33.449: [GC[YG occupancy: 86164 K (148032 K)]33.449: [Rescan (parallel) , 0.0004660 secs]33.449: [weak refs processing, 0.0000070 secs]33.449: [scrub string table, 0.0000960 secs] [1 CMS-remark: 325015K(331136K)] 411179K(479168K), 0.0005970 secs] [Times: user=0.00 sys=0.00, real=0.00 secs] 
33.449: Total time for which application threads were stopped: 0.0007770 seconds, Stopping threads took: 0.0001560 seconds
33.449: [CMS-concurrent-sweep-start]
33.452: [CMS-concurrent-sweep: 0.002/0.002 secs] [Times: user=0.02 sys=0.00, real=0.01 secs] 
33.452: [CMS-concurrent-reset-start]
33.452: [CMS-concurrent-reset: 0.001/0.001 secs] [Times: user=0.00 sys=0.00, real=0.00 secs] 
35.453: Application time: 2.0035120 seconds
35.456: [GC [1 CMS-initial-mark: 325015K(331136K)] 411179K(479168K), 0.0001730 secs] [Times: user=0.00 sys=0.00, real=0.00 secs] 
35.456: Total time for which application threads were stopped: 0.0032810 seconds, Stopping threads took: 0.0030450 seconds
35.456: [CMS-concurrent-mark-start]
35.461: [CMS-concurrent-mark: 0.005/0.005 secs] [Times: user=0.02 sys=0.00, real=0.01 secs] 
35.461: [CMS-concurrent-preclean-start]
35.461: [CMS-concurrent-preclean: 0.001/0.001 secs] [Times: user=0.00 sys=0.00, real=0.00 secs] 
35.461: [CMS-concurrent-abortable-preclean-start]
35.461: [CMS-concurrent-abortable-preclean: 0.000/0.000 secs] [Times: user=0.00 sys=0.00, real=0.00 secs] 
35.461: Application time: 0.0054650 seconds
35.462: [GC[YG occupancy: 86164 K (148032 K)]35.462: [Rescan (parallel) , 0.0003480 secs]35.462: [weak refs processing, 0.0000080 secs]35.462: [scrub string table, 0.0001020 secs] [1 CMS-remark: 325015K(331136K)] 411179K(479168K), 0.0005130 secs] [Times: user=0.00 sys=0.00, real=0.00 secs] 
35.462: Total time for which application threads were stopped: 0.0007130 seconds, Stopping threads took: 0.0001530 seconds
35.462: [CMS-concurrent-sweep-start]
35.465: [CMS-concurrent-sweep: 0.003/0.003 secs] [Times: user=0.01 sys=0.00, real=0.00 secs] 
35.465: [CMS-concurrent-reset-start]
35.465: [CMS-concurrent-reset: 0.001/0.001 secs] [Times: user=0.00 sys=0.00, real=0.00 secs] 
36.547: Application time: 1.0850290 seconds
36.547: [GC36.547: [ParNew: 140070K->140070K(148032K), 0.0000120 secs]36.547: [CMS: 325015K->310174K(331136K), 0.0742400 secs] 465085K->360956K(479168K), [CMS Perm : 5105K->5105K(21248K)], 0.0743100 secs] [Times: user=0.08 sys=0.00, real=0.08 secs] 
36.622: Total time for which application threads were stopped: 0.0745330 seconds, Stopping threads took: 0.0001440 seconds
36.624: Application time: 0.0020150 seconds
36.628: [GC [1 CMS-initial-mark: 310174K(331136K)] 392206K(479168K), 0.0001630 secs] [Times: user=0.00 sys=0.00, real=0.00 secs] 
36.628: Total time for which application threads were stopped: 0.0045710 seconds, Stopping threads took: 0.0043620 seconds
36.628: [CMS-concurrent-mark-start]
36.629: Application time: 0.0001640 seconds
36.639: Total time for which application threads were stopped: 0.0105030 seconds, Stopping threads took: 0.0104490 seconds
36.648: [CMS-concurrent-mark: 0.009/0.020 secs] [Times: user=0.09 sys=0.00, real=0.02 secs] 
36.648: [CMS-concurrent-preclean-start]
36.660: [CMS-concurrent-preclean: 0.011/0.011 secs] [Times: user=0.09 sys=0.00, real=0.02 secs] 
36.660: [CMS-concurrent-abortable-preclean-start]
36.660: [CMS-concurrent-abortable-preclean: 0.000/0.000 secs] [Times: user=0.00 sys=0.00, real=0.00 secs] 
36.660: Application time: 0.0209600 seconds
36.660: [GC[YG occupancy: 82031 K (148032 K)]36.660: [Rescan (parallel) , 0.0004670 secs]36.661: [weak refs processing, 0.0000090 secs]36.661: [scrub string table, 0.0001290 secs] [1 CMS-remark: 310174K(331136K)] 392206K(479168K), 0.0006520 secs] [Times: user=0.00 sys=0.00, real=0.00 secs] 
36.661: Total time for which application threads were stopped: 0.0008080 seconds, Stopping threads took: 0.0001120 seconds
36.661: [CMS-concurrent-sweep-start]
36.667: [CMS-concurrent-sweep: 0.006/0.006 secs] [Times: user=0.02 sys=0.00, real=0.00 secs] 
36.667: [CMS-concurrent-reset-start]
36.668: [CMS-concurrent-reset: 0.001/0.001 secs] [Times: user=0.03 sys=0.00, real=0.00 secs] 
36.900: Application time: 0.2388940 seconds
36.900: [GC36.900: [ParNew: 101985K->101985K(148032K), 0.0000160 secs]36.900: [CMS: 310172K->310144K(331136K), 0.0714400 secs] 412158K->360954K(479168K), [CMS Perm : 5105K->5105K(21248K)], 0.0715120 secs] [Times: user=0.08 sys=0.00, real=0.06 secs] 
36.971: Total time for which application threads were stopped: 0.0716760 seconds, Stopping threads took: 0.0000960 seconds
36.972: Application time: 0.0001980 seconds
36.977: [GC [1 CMS-initial-mark: 310144K(331136K)] 392204K(479168K), 0.0001750 secs] [Times: user=0.00 sys=0.00, real=0.00 secs] 
36.977: Total time for which application threads were stopped: 0.0056420 seconds, Stopping threads took: 0.0054200 seconds
36.977: [CMS-concurrent-mark-start]
36.987: [CMS-concurrent-mark: 0.010/0.010 secs] [Times: user=0.06 sys=0.00, real=0.01 secs] 
36.987: [CMS-concurrent-preclean-start]
37.003: [CMS-concurrent-preclean: 0.016/0.016 secs] [Times: user=0.15 sys=0.00, real=0.02 secs] 
37.004: [CMS-concurrent-abortable-preclean-start]
37.004: [CMS-concurrent-abortable-preclean: 0.000/0.000 secs] [Times: user=0.00 sys=0.00, real=0.00 secs] 
37.004: Application time: 0.0268400 seconds
37.007: [GC[YG occupancy: 132254 K (148032 K)]37.007: [Rescan (parallel) , 0.0004050 secs]37.008: [weak refs processing, 0.0000080 secs]37.008: [scrub string table, 0.0001090 secs] [1 CMS-remark: 310144K(331136K)] 442398K(479168K), 0.0005770 secs] [Times: user=0.00 sys=0.00, real=0.00 secs] 
37.008: Total time for which application threads were stopped: 0.0036370 seconds, Stopping threads took: 0.0030070 seconds
37.008: [CMS-concurrent-sweep-start]
37.012: [CMS-concurrent-sweep: 0.004/0.004 secs] [Times: user=0.03 sys=0.00, real=0.01 secs] 
37.012: [CMS-concurrent-reset-start]
37.013: [CMS-concurrent-reset: 0.002/0.002 secs] [Times: user=0.00 sys=0.00, real=0.00 secs] 
37.034: Application time: 0.0261570 seconds
37.034: [GC37.034: [ParNew: 133120K->133120K(148032K), 0.0000130 secs]37.034: [CMS: 310144K->310144K(331136K), 0.0782800 secs] 443264K->392204K(479168K), [CMS Perm : 5105K->5105K(21248K)], 0.0783440 secs] [Times: user=0.08 sys=0.00, real=0.08 secs] 
37.112: Total time for which application threads were stopped: 0.0785120 seconds, Stopping threads took: 0.0001000 seconds
37.113: Application time: 0.0001610 seconds
37.115: [GC [1 CMS-initial-mark: 310144K(331136K)] 407829K(479168K), 0.0001500 secs] [Times: user=0.00 sys=0.00, real=0.00 secs] 
37.115: Total time for which application threads were stopped: 0.0025040 seconds, Stopping threads took: 0.0023070 seconds
37.115: [CMS-concurrent-mark-start]
37.125: [CMS-concurrent-mark: 0.010/0.010 secs] [Times: user=0.08 sys=0.00, real=0.01 secs] 
37.125: [CMS-concurrent-preclean-start]
37.136: [CMS-concurrent-preclean: 0.011/0.011 secs] [Times: user=0.08 sys=0.00, real=0.01 secs] 
37.136: [CMS-concurrent-abortable-preclean-start]
37.136: [CMS-concurrent-abortable-preclean: 0.000/0.000 secs] [Times: user=0.00 sys=0.00, real=0.00 secs] 
37.136: Application time: 0.0211680 seconds
37.136: [GC[YG occupancy: 98594 K (148032 K)]37.136: [Rescan (parallel) , 0.0002680 secs]37.137: [weak refs processing, 0.0000110 secs]37.137: [scrub string table, 0.0001570 secs] [1 CMS-remark: 310144K(331136K)] 408739K(479168K), 0.0004730 secs] [Times: user=0.00 sys=0.00, real=0.00 secs] 
37.137: Total time for which application threads were stopped: 0.0006540 seconds, Stopping threads took: 0.0001510 seconds
37.137: [CMS-concurrent-sweep-start]
37.139: [CMS-concurrent-sweep: 0.002/0.002 secs] [Times: user=0.01 sys=0.00, real=0.00 secs] 
37.140: [CMS-concurrent-reset-start]
37.140: [CMS-concurrent-reset: 0.001/0.001 secs] [Times: user=0.00 sys=0.00, real=0.00 secs] 
37.167: Application time: 0.0302910 seconds
37.167: [GC37.167: [ParNew: 102014K->102014K(148032K), 0.0000160 secs]37.167: [CMS: 310144K->325770K(331136K), 0.0729780 secs] 412159K->360955K(479168K), [CMS Perm : 5105K->5105K(21248K)], 0.0730500 secs] [Times: user=0.07 sys=0.00, real=0.08 secs] 
37.240: Total time for which application threads were stopped: 0.0732480 seconds, Stopping threads took: 0.0001290 seconds
37.256: Application time: 0.0151530 seconds
37.273: [GC [1 CMS-initial-mark: 325770K(331136K)] 392205K(479168K), 0.0001690 secs] [Times: user=0.01 sys=0.00, real=0.00 secs] 
37.273: Total time for which application threads were stopped: 0.0176300 seconds, Stopping threads took: 0.0174180 seconds
37.273: [CMS-concurrent-mark-start]
37.282: [CMS-concurrent-mark: 0.009/0.009 secs] [Times: user=0.05 sys=0.00, real=0.01 secs] 
37.282: [CMS-concurrent-preclean-start]
37.292: [CMS-concurrent-preclean: 0.010/0.010 secs] [Times: user=0.09 sys=0.00, real=0.01 secs] 
37.292: [CMS-concurrent-abortable-preclean-start]
37.292: [CMS-concurrent-abortable-preclean: 0.000/0.000 secs] [Times: user=0.00 sys=0.00, real=0.00 secs] 
37.292: Application time: 0.0186120 seconds
37.292: [GC[YG occupancy: 66435 K (148032 K)]37.292: [Rescan (parallel) , 0.0004490 secs]37.292: [weak refs processing, 0.0000090 secs]37.292: [scrub string table, 0.0001080 secs] [1 CMS-remark: 325770K(331136K)] 392205K(479168K), 0.0006080 secs] [Times: user=0.00 sys=0.00, real=0.00 secs] 
37.293: Total time for which application threads were stopped: 0.0007440 seconds, Stopping threads took: 0.0001120 seconds
37.293: [CMS-concurrent-sweep-start]
37.296: [CMS-concurrent-sweep: 0.003/0.003 secs] [Times: user=0.03 sys=0.00, real=0.00 secs] 
37.296: [CMS-concurrent-reset-start]
37.297: [CMS-concurrent-reset: 0.001/0.001 secs] [Times: user=0.00 sys=0.00, real=0.00 secs] 
37.445: Application time: 0.1521350 seconds
39.889: [GC39.889: [ParNew: 137331K->137331K(148032K), 0.0000150 secs]39.889: [CMS: 325770K->310174K(331136K), 0.0638660 secs] 463101K->310174K(479168K), [CMS Perm : 5105K->5105K(21248K)], 0.0639460 secs] [Times: user=0.06 sys=0.00, real=0.07 secs] 
39.953: Total time for which application threads were stopped: 2.5084510 seconds, Stopping threads took: 2.4444270 seconds
39.953: Application time: 0.0002230 seconds
39.959: [GC [1 CMS-initial-mark: 310174K(331136K)] 341552K(479168K), 0.0002000 secs] [Times: user=0.00 sys=0.00, real=0.00 secs] 
39.959: Total time for which application threads were stopped: 0.0053880 seconds, Stopping threads took: 0.0051230 seconds
39.959: [CMS-concurrent-mark-start]
39.968: [CMS-concurrent-mark: 0.010/0.010 secs] [Times: user=0.07 sys=0.00, real=0.01 secs] 
39.968: [CMS-concurrent-preclean-start]
39.969: [CMS-concurrent-preclean: 0.001/0.001 secs] [Times: user=0.00 sys=0.00, real=0.00 secs] 
39.969: [CMS-concurrent-abortable-preclean-start]
39.969: [CMS-concurrent-abortable-preclean: 0.000/0.000 secs] [Times: user=0.00 sys=0.00, real=0.00 secs] 
39.969: Application time: 0.0106360 seconds
39.975: [GC[YG occupancy: 31377 K (148032 K)]39.975: [Rescan (parallel) , 0.0005880 secs]39.976: [weak refs processing, 0.0000080 secs]39.976: [scrub string table, 0.0001360 secs] [1 CMS-remark: 310174K(331136K)] 341552K(479168K), 0.0007850 secs] [Times: user=0.00 sys=0.00, real=0.00 secs] 
39.976: Total time for which application threads were stopped: 0.0068440 seconds, Stopping threads took: 0.0060200 seconds
39.976: [CMS-concurrent-sweep-start]
39.979: [CMS-concurrent-sweep: 0.003/0.003 secs] [Times: user=0.00 sys=0.01, real=0.00 secs] 
39.980: [CMS-concurrent-reset-start]
39.981: [CMS-concurrent-reset: 0.001/0.001 secs] [Times: user=0.00 sys=0.00, real=0.00 secs] 
40.292: Application time: 0.3153810 seconds
45.167: [GC45.167: [ParNew: 102012K->102012K(148032K), 0.0000240 secs]45.167: [CMS: 310174K->259393K(331136K), 0.0535150 secs] 412187K->259393K(479168K), [CMS Perm : 5105K->5105K(21248K)], 0.0536030 secs] [Times: user=0.05 sys=0.00, real=0.06 secs] 
45.221: Total time for which application threads were stopped: 4.9288850 seconds, Stopping threads took: 4.8751890 seconds
45.221: Application time: 0.0002720 seconds
45.226: [GC [1 CMS-initial-mark: 259393K(331136K)] 290812K(479168K), 0.0001800 secs] [Times: user=0.00 sys=0.00, real=0.00 secs] 
45.226: Total time for which application threads were stopped: 0.0056330 seconds, Stopping threads took: 0.0054090 seconds
45.226: [CMS-concurrent-mark-start]
45.239: [CMS-concurrent-mark: 0.012/0.012 secs] [Times: user=0.08 sys=0.00, real=0.01 secs] 
45.239: [CMS-concurrent-preclean-start]
45.242: [CMS-concurrent-preclean: 0.003/0.003 secs] [Times: user=0.02 sys=0.00, real=0.01 secs] 
45.242: [CMS-concurrent-abortable-preclean-start]
45.288: Application time: 0.0614760 seconds
47.699: [GC47.699: [ParNew: 116702K->6318K(148032K), 0.0137320 secs] 376096K->328216K(479168K), 0.0137860 secs] [Times: user=0.11 sys=0.00, real=0.02 secs] 
47.713: Total time for which application threads were stopped: 2.4252900 seconds, Stopping threads took: 2.4114240 seconds
47.815: [CMS-concurrent-abortable-preclean: 0.005/2.573 secs] [Times: user=4.62 sys=1.48, real=2.57 secs] 
47.815: Application time: 0.1020300 seconds
55.393: [GC[YG occupancy: 90107 K (148032 K)]55.393: [Rescan (parallel) , 0.0002160 secs]55.393: [weak refs processing, 0.0000080 secs]55.393: [scrub string table, 0.0001120 secs] [1 CMS-remark: 321897K(331136K)] 412005K(479168K), 0.0003830 secs] [Times: user=0.00 sys=0.00, real=0.00 secs] 
55.394: Total time for which application threads were stopped: 7.5783590 seconds, Stopping threads took: 7.5779310 seconds
55.394: [CMS-concurrent-sweep-start]
55.396: Application time: 0.0028840 seconds
55.402: [GC55.402: [ParNew: 127746K->127746K(148032K), 0.0000130 secs]55.402: [CMS55.402: [CMS-concurrent-sweep: 0.003/0.008 secs] [Times: user=0.03 sys=0.00, real=0.01 secs] 
 (concurrent mode failure): 321897K->292754K(331136K), 0.0595150 secs] 449644K->292754K(479168K), [CMS Perm : 5105K->5105K(21248K)], 0.0596030 secs] [Times: user=0.05 sys=0.00, real=0.06 secs] 
55.461: Total time for which application threads were stopped: 0.0648840 seconds, Stopping threads took: 0.0052000 seconds
57.462: Application time: 2.0002320 seconds
64.369: [GC [1 CMS-initial-mark: 292754K(331136K)] 407771K(479168K), 0.0001530 secs] [Times: user=0.00 sys=0.00, real=0.00 secs] 
64.370: Total time for which application threads were stopped: 6.9079770 seconds, Stopping threads took: 6.9077820 seconds
64.370: [CMS-concurrent-mark-start]
64.375: Application time: 0.0059180 seconds
64.376: [GC64.376: [ParNew: 121374K->121374K(148032K), 0.0000140 secs]64.376: [CMS64.378: [CMS-concurrent-mark: 0.007/0.008 secs] [Times: user=0.05 sys=0.00, real=0.01 secs] 
 (concurrent mode failure): 292754K->261504K(331136K), 0.0084560 secs] 414128K->261504K(479168K), [CMS Perm : 5105K->5105K(21248K)], 0.0085200 secs] [Times: user=0.01 sys=0.00, real=0.01 secs] 
64.384: Total time for which application threads were stopped: 0.0086580 seconds, Stopping threads took: 0.0000720 seconds
64.447: Application time: 0.0630070 seconds
64.448: [GC64.448: [ParNew: 128266K->128266K(148032K), 0.0000160 secs]64.448: [CMS: 261504K->327129K(331136K), 0.0307810 secs] 389771K->389629K(479168K), [CMS Perm : 5105K->5105K(21248K)], 0.0308570 secs] [Times: user=0.03 sys=0.00, real=0.03 secs] 
64.479: Total time for which application threads were stopped: 0.0313540 seconds, Stopping threads took: 0.0004020 seconds
64.480: Application time: 0.0010140 seconds
64.488: [GC [1 CMS-initial-mark: 327129K(331136K)] 406857K(479168K), 0.0001690 secs] [Times: user=0.00 sys=0.00, real=0.00 secs] 
64.488: Total time for which application threads were stopped: 0.0087500 seconds, Stopping threads took: 0.0085250 seconds
64.488: [CMS-concurrent-mark-start]
64.497: [CMS-concurrent-mark: 0.008/0.008 secs] [Times: user=0.06 sys=0.00, real=0.01 secs] 
64.497: [CMS-concurrent-preclean-start]
64.507: [CMS-concurrent-preclean: 0.010/0.010 secs] [Times: user=0.06 sys=0.00, real=0.01 secs] 
64.507: [CMS-concurrent-abortable-preclean-start]
64.507: [CMS-concurrent-abortable-preclean: 0.000/0.000 secs] [Times: user=0.00 sys=0.00, real=0.00 secs] 
64.507: Application time: 0.0186010 seconds
69.310: [GC[YG occupancy: 80524 K (148032 K)]69.310: [Rescan (parallel) , 0.0004140 secs]69.311: [weak refs processing, 0.0000090 secs]69.311: [scrub string table, 0.0001270 secs] [1 CMS-remark: 327129K(331136K)] 407654K(479168K), 0.0006120 secs] [Times: user=0.00 sys=0.00, real=0.00 secs] 
69.311: Total time for which application threads were stopped: 4.8040500 seconds, Stopping threads took: 4.8033660 seconds
69.311: [CMS-concurrent-sweep-start]
69.313: [CMS-concurrent-sweep: 0.002/0.002 secs] [Times: user=0.01 sys=0.00, real=0.01 secs] 
69.313: [CMS-concurrent-reset-start]
69.314: [CMS-concurrent-reset: 0.001/0.001 secs] [Times: user=0.00 sys=0.00, real=0.00 secs] 
69.319: Application time: 0.0081560 seconds
71.810: [GC71.810: [ParNew: 118144K->118144K(148032K), 0.0000170 secs]71.810: [CMS: 327129K->292755K(331136K), 0.0133700 secs] 445274K->292755K(479168K), [CMS Perm : 5105K->5105K(21248K)], 0.0134460 secs] [Times: user=0.02 sys=0.00, real=0.02 secs] 
71.823: Total time for which application threads were stopped: 2.5041310 seconds, Stopping threads took: 2.4905830 seconds
71.848: Application time: 0.0242950 seconds
71.862: [GC [1 CMS-initial-mark: 292755K(331136K)] 358469K(479168K), 0.0001930 secs] [Times: user=0.00 sys=0.00, real=0.00 secs] 
71.862: Total time for which application threads were stopped: 0.0142200 seconds, Stopping threads took: 0.0139620 seconds
71.862: [CMS-concurrent-mark-start]
71.872: [CMS-concurrent-mark: 0.010/0.010 secs] [Times: user=0.08 sys=0.00, real=0.01 secs] 
71.872: [CMS-concurrent-preclean-start]
71.874: [CMS-concurrent-preclean: 0.001/0.001 secs] [Times: user=0.01 sys=0.00, real=0.00 secs] 
71.874: [CMS-concurrent-abortable-preclean-start]
71.874: [CMS-concurrent-abortable-preclean: 0.000/0.000 secs] [Times: user=0.00 sys=0.00, real=0.00 secs] 
71.874: Application time: 0.0122000 seconds
71.877: [GC[YG occupancy: 97761 K (148032 K)]71.877: [Rescan (parallel) , 0.0002310 secs]71.878: [weak refs processing, 0.0000080 secs]71.878: [scrub string table, 0.0001210 secs] [1 CMS-remark: 292755K(331136K)] 390516K(479168K), 0.0004070 secs] [Times: user=0.00 sys=0.00, real=0.00 secs] 
71.878: Total time for which application threads were stopped: 0.0037780 seconds, Stopping threads took: 0.0033120 seconds
71.878: [CMS-concurrent-sweep-start]
71.880: [CMS-concurrent-sweep: 0.003/0.003 secs] [Times: user=0.01 sys=0.00, real=0.01 secs] 
71.881: [CMS-concurrent-reset-start]
71.883: [CMS-concurrent-reset: 0.002/0.002 secs] [Times: user=0.01 sys=0.00, real=0.00 secs] 
73.883: Application time: 2.0054520 seconds
80.684: [GC [1 CMS-initial-mark: 292742K(331136K)] 407701K(479168K), 0.0001740 secs] [Times: user=0.00 sys=0.00, real=0.00 secs] 
80.684: Total time for which application threads were stopped: 6.8006600 seconds, Stopping threads took: 6.8004410 seconds
80.684: [CMS-concurrent-mark-start]
80.690: Application time: 0.0061870 seconds
80.690: [GC80.690: [ParNew: 121343K->121343K(148032K), 0.0000150 secs]80.690: [CMS80.692: [CMS-concurrent-mark: 0.007/0.008 secs] [Times: user=0.05 sys=0.01, real=0.01 secs] 
 (concurrent mode failure): 292742K->261505K(331136K), 0.0082610 secs] 414086K->261505K(479168K), [CMS Perm : 5105K->5105K(21248K)], 0.0083300 secs] [Times: user=0.01 sys=0.00, real=0.01 secs] 
80.699: Total time for which application threads were stopped: 0.0085680 seconds, Stopping threads took: 0.0001490 seconds
80.753: Application time: 0.0544170 seconds
80.758: [GC80.758: [ParNew: 128221K->128221K(148032K), 0.0000240 secs]80.758: [CMS: 261505K->327130K(331136K), 0.0314230 secs] 389726K->389630K(479168K), [CMS Perm : 5105K->5105K(21248K)], 0.0315160 secs] [Times: user=0.03 sys=0.00, real=0.03 secs] 
80.789: Total time for which application threads were stopped: 0.0362490 seconds, Stopping threads took: 0.0046470 seconds
80.804: Application time: 0.0146670 seconds
80.806: [GC [1 CMS-initial-mark: 327130K(331136K)] 407615K(479168K), 0.0001630 secs] [Times: user=0.00 sys=0.00, real=0.00 secs] 
80.807: Total time for which application threads were stopped: 0.0024840 seconds, Stopping threads took: 0.0022610 seconds
80.807: [CMS-concurrent-mark-start]
80.814: [CMS-concurrent-mark: 0.008/0.008 secs] [Times: user=0.05 sys=0.00, real=0.01 secs] 
80.814: [CMS-concurrent-preclean-start]
80.824: [CMS-concurrent-preclean: 0.009/0.009 secs] [Times: user=0.09 sys=0.00, real=0.01 secs] 
80.824: [CMS-concurrent-abortable-preclean-start]
80.824: [CMS-concurrent-abortable-preclean: 0.000/0.000 secs] [Times: user=0.00 sys=0.00, real=0.00 secs] 
80.824: Application time: 0.0173850 seconds
85.611: [GC[YG occupancy: 80484 K (148032 K)]85.611: [Rescan (parallel) , 0.0006850 secs]85.612: [weak refs processing, 0.0000080 secs]85.612: [scrub string table, 0.0001260 secs] [1 CMS-remark: 327130K(331136K)] 407615K(479168K), 0.0008830 secs] [Times: user=0.00 sys=0.00, real=0.01 secs] 
85.612: Total time for which application threads were stopped: 4.7882260 seconds, Stopping threads took: 4.7872740 seconds
85.612: [CMS-concurrent-sweep-start]
85.614: [CMS-concurrent-sweep: 0.001/0.001 secs] [Times: user=0.00 sys=0.00, real=0.00 secs] 
85.614: [CMS-concurrent-reset-start]
85.614: [CMS-concurrent-reset: 0.001/0.001 secs] [Times: user=0.00 sys=0.00, real=0.00 secs] 
85.618: Application time: 0.0061200 seconds
88.095: [GC88.095: [ParNew: 118137K->118137K(148032K), 0.0000170 secs]88.095: [CMS: 327130K->292755K(331136K), 0.0136670 secs] 445267K->292755K(479168K), [CMS Perm : 5105K->5105K(21248K)], 0.0137450 secs] [Times: user=0.01 sys=0.00, real=0.01 secs] 
88.109: Total time for which application threads were stopped: 2.4907370 seconds, Stopping threads took: 2.4769090 seconds
88.109: Application time: 0.0001310 seconds
88.114: [GC [1 CMS-initial-mark: 292755K(331136K)] 324005K(479168K), 0.0001620 secs] [Times: user=0.00 sys=0.00, real=0.00 secs] 
88.114: Total time for which application threads were stopped: 0.0052070 seconds, Stopping threads took: 0.0049870 seconds
88.114: [CMS-concurrent-mark-start]
88.126: [CMS-concurrent-mark: 0.011/0.011 secs] [Times: user=0.08 sys=0.00, real=0.01 secs] 
88.126: [CMS-concurrent-preclean-start]
88.127: [CMS-concurrent-preclean: 0.001/0.001 secs] [Times: user=0.00 sys=0.00, real=0.00 secs] 
88.128: [CMS-concurrent-abortable-preclean-start]
88.128: [CMS-concurrent-abortable-preclean: 0.000/0.000 secs] [Times: user=0.00 sys=0.00, real=0.00 secs] 
88.128: Application time: 0.0133340 seconds
88.139: [GC[YG occupancy: 65705 K (148032 K)]88.139: [Rescan (parallel) , 0.0003830 secs]88.140: [weak refs processing, 0.0000090 secs]88.140: [scrub string table, 0.0001340 secs] [1 CMS-remark: 292755K(331136K)] 358461K(479168K), 0.0005980 secs] [Times: user=0.00 sys=0.00, real=0.01 secs] 
88.140: Total time for which application threads were stopped: 0.0121400 seconds, Stopping threads took: 0.0114790 seconds
88.140: [CMS-concurrent-sweep-start]
88.142: [CMS-concurrent-sweep: 0.002/0.002 secs] [Times: user=0.00 sys=0.01, real=0.00 secs] 
88.142: [CMS-concurrent-reset-start]
88.144: [CMS-concurrent-reset: 0.002/0.002 secs] [Times: user=0.02 sys=0.00, real=0.00 secs] 
90.144: Application time: 2.0042560 seconds
96.906: [GC [1 CMS-initial-mark: 292747K(331136K)] 407677K(479168K), 0.0001570 secs] [Times: user=0.00 sys=0.00, real=0.00 secs] 
96.906: Total time for which application threads were stopped: 6.7615980 seconds, Stopping threads took: 6.7613960 seconds
96.906: [CMS-concurrent-mark-start]
96.912: [CMS-concurrent-mark: 0.007/0.007 secs] [Times: user=0.05 sys=0.00, real=0.01 secs] 
96.912: Application time: 0.0066850 seconds
96.913: [GC96.913: [ParNew: 122982K->122982K(148032K), 0.0000150 secs]96.913: [CMS (concurrent mode failure): 292747K->263068K(331136K), 0.0075730 secs] 415729K->263068K(479168K), [CMS Perm : 5105K->5105K(21248K)], 0.0076350 secs] [Times: user=0.01 sys=0.00, real=0.01 secs] 
96.921: Total time for which application threads were stopped: 0.0081800 seconds, Stopping threads took: 0.0004570 seconds
96.975: Application time: 0.0547780 seconds
96.980: [GC96.980: [ParNew: 126569K->126569K(148032K), 0.0000190 secs]96.980: [CMS: 263068K->327130K(331136K), 0.0296410 secs] 389637K->389630K(479168K), [CMS Perm : 5105K->5105K(21248K)], 0.0297220 secs] [Times: user=0.03 sys=0.00, real=0.02 secs] 
97.010: Total time for which application threads were stopped: 0.0343660 seconds, Stopping threads took: 0.0045440 seconds
97.036: Application time: 0.0258510 seconds
104.426: [GC [1 CMS-initial-mark: 327130K(331136K)] 407605K(479168K), 0.0001540 secs] [Times: user=0.00 sys=0.00, real=0.00 secs] 
104.427: Total time for which application threads were stopped: 7.3910040 seconds, Stopping threads took: 7.3907880 seconds
104.427: [CMS-concurrent-mark-start]
104.435: [CMS-concurrent-mark: 0.008/0.008 secs] [Times: user=0.05 sys=0.00, real=0.01 secs] 
104.435: [CMS-concurrent-preclean-start]
104.442: Application time: 0.0151040 seconds
104.442: [Full GC104.442: [CMS104.443: [CMS-concurrent-preclean: 0.008/0.009 secs] [Times: user=0.07 sys=0.00, real=0.01 secs] 
 (concurrent mode failure): 327130K->295880K(331136K), 0.0141260 secs] 448465K->295880K(479168K), [CMS Perm : 5105K->5105K(21248K)], 0.0141800 secs] [Times: user=0.02 sys=0.00, real=0.01 secs] 
104.457: Total time for which application threads were stopped: 0.0149810 seconds, Stopping threads took: 0.0007090 seconds
106.457: Application time: 2.0002120 seconds
113.362: [GC [1 CMS-initial-mark: 295880K(331136K)] 407605K(479168K), 0.0001640 secs] [Times: user=0.00 sys=0.00, real=0.00 secs] 
113.362: Total time for which application threads were stopped: 6.9051420 seconds, Stopping threads took: 6.9049080 seconds
113.362: [CMS-concurrent-mark-start]
113.366: Application time: 0.0034960 seconds
113.366: [GC113.366: [ParNew: 114978K->114978K(148032K), 0.0000110 secs]113.366: [CMS113.368: [CMS-concurrent-mark: 0.005/0.006 secs] [Times: user=0.03 sys=0.00, real=0.00 secs] 
 (concurrent mode failure): 295880K->258405K(331136K), 0.0076150 secs] 410859K->258405K(479168K), [CMS Perm : 5105K->5105K(21248K)], 0.0076880 secs] [Times: user=0.01 sys=0.00, real=0.01 secs] 
113.373: Total time for which application threads were stopped: 0.0078560 seconds, Stopping threads took: 0.0000830 seconds
113.433: Application time: 0.0599180 seconds
113.437: [GC113.437: [ParNew (promotion failed): 131362K->137678K(148032K), 0.0145120 secs]113.452: [CMS: 320911K->320823K(331136K), 0.0293550 secs] 389768K->389631K(479168K), [CMS Perm : 5106K->5106K(21248K)], 0.0439390 secs] [Times: user=0.14 sys=0.00, real=0.05 secs] 
113.481: Total time for which application threads were stopped: 0.0480470 seconds, Stopping threads took: 0.0040110 seconds
113.482: Application time: 0.0001950 seconds
113.484: [GC [1 CMS-initial-mark: 320823K(331136K)] 406822K(479168K), 0.0001430 secs] [Times: user=0.00 sys=0.00, real=0.00 secs] 
113.485: Total time for which application threads were stopped: 0.0030160 seconds, Stopping threads took: 0.0028400 seconds
113.485: [CMS-concurrent-mark-start]
113.497: [CMS-concurrent-mark: 0.013/0.013 secs] [Times: user=0.10 sys=0.00, real=0.01 secs] 
113.497: [CMS-concurrent-preclean-start]
113.508: [CMS-concurrent-preclean: 0.010/0.010 secs] [Times: user=0.09 sys=0.00, real=0.01 secs] 
113.508: [CMS-concurrent-abortable-preclean-start]
113.508: [CMS-concurrent-abortable-preclean: 0.000/0.000 secs] [Times: user=0.00 sys=0.00, real=0.00 secs] 
113.508: Application time: 0.0235600 seconds
121.073: [GC[YG occupancy: 86782 K (148032 K)]121.073: [Rescan (parallel) , 0.0004860 secs]121.073: [weak refs processing, 0.0000070 secs]121.073: [scrub string table, 0.0001120 secs] [1 CMS-remark: 320823K(331136K)] 407606K(479168K), 0.0006640 secs] [Times: user=0.00 sys=0.00, real=0.00 secs] 
121.074: Total time for which application threads were stopped: 7.5654310 seconds, Stopping threads took: 7.5647030 seconds
121.074: [CMS-concurrent-sweep-start]
121.075: [CMS-concurrent-sweep: 0.002/0.002 secs] [Times: user=0.00 sys=0.00, real=0.00 secs] 
121.075: [CMS-concurrent-reset-start]
121.076: [CMS-concurrent-reset: 0.001/0.001 secs] [Times: user=0.01 sys=0.00, real=0.00 secs] 
121.077: Application time: 0.0036200 seconds
121.083: [GC121.083: [ParNew: 124438K->124438K(148032K), 0.0000190 secs]121.083: [CMS: 320823K->292658K(331136K), 0.0591840 secs] 445262K->292658K(479168K), [CMS Perm : 5106K->5103K(21248K)], 0.0592670 secs] [Times: user=0.06 sys=0.00, real=0.06 secs] 
121.142: Total time for which application threads were stopped: 0.0645990 seconds, Stopping threads took: 0.0052510 seconds
121.142: Application time: 0.0000810 seconds
121.155: [GC [1 CMS-initial-mark: 292658K(331136K)] 323908K(479168K), 0.0002080 secs] [Times: user=0.00 sys=0.00, real=0.00 secs] 
121.156: Total time for which application threads were stopped: 0.0136730 seconds, Stopping threads took: 0.0134020 seconds
121.156: [CMS-concurrent-mark-start]
121.165: [CMS-concurrent-mark: 0.009/0.009 secs] [Times: user=0.07 sys=0.00, real=0.01 secs] 
121.165: [CMS-concurrent-preclean-start]
121.166: [CMS-concurrent-preclean: 0.001/0.001 secs] [Times: user=0.00 sys=0.00, real=0.00 secs] 
121.166: [CMS-concurrent-abortable-preclean-start]
121.166: [CMS-concurrent-abortable-preclean: 0.000/0.000 secs] [Times: user=0.00 sys=0.00, real=0.00 secs] 
121.166: Application time: 0.0108490 seconds
121.177: [GC[YG occupancy: 65703 K (148032 K)]121.178: [Rescan (parallel) , 0.0005440 secs]121.178: [weak refs processing, 0.0000100 secs]121.178: [scrub string table, 0.0001050 secs] [1 CMS-remark: 292658K(331136K)] 358361K(479168K), 0.0007200 secs] [Times: user=0.00 sys=0.00, real=0.00 secs] 
121.178: Total time for which application threads were stopped: 0.0118110 seconds, Stopping threads took: 0.0110480 seconds
121.178: [CMS-concurrent-sweep-start]
121.180: [CMS-concurrent-sweep: 0.002/0.002 secs] [Times: user=0.01 sys=0.00, real=0.01 secs] 
121.180: [CMS-concurrent-reset-start]
121.182: [CMS-concurrent-reset: 0.001/0.001 secs] [Times: user=0.00 sys=0.00, real=0.00 secs] 
123.182: Application time: 2.0039530 seconds
130.082: [GC [1 CMS-initial-mark: 292658K(331136K)] 407584K(479168K), 0.0001690 secs] [Times: user=0.00 sys=0.00, real=0.00 secs] 
130.082: Total time for which application threads were stopped: 6.8996890 seconds, Stopping threads took: 6.8994750 seconds
130.082: [CMS-concurrent-mark-start]
130.088: Application time: 0.0057210 seconds
130.088: [GC130.088: [ParNew: 121332K->121332K(148032K), 0.0000120 secs]130.088: [CMS130.089: [CMS-concurrent-mark: 0.006/0.007 secs] [Times: user=0.04 sys=0.00, real=0.00 secs] 
 (concurrent mode failure): 292658K->261432K(331136K), 0.0082380 secs] 413990K->261432K(479168K), [CMS Perm : 5103K->5103K(21248K)], 0.0083020 secs] [Times: user=0.01 sys=0.00, real=0.01 secs] 
130.096: Total time for which application threads were stopped: 0.0084450 seconds, Stopping threads took: 0.0000780 seconds
130.157: Application time: 0.0606860 seconds
130.159: [GC130.159: [ParNew: 128209K->128209K(148032K), 0.0000190 secs]130.159: [CMS: 261432K->327057K(331136K), 0.0303610 secs] 389642K->389557K(479168K), [CMS Perm : 5103K->5103K(21248K)], 0.0304380 secs] [Times: user=0.03 sys=0.00, real=0.03 secs] 
130.189: Total time for which application threads were stopped: 0.0325120 seconds, Stopping threads took: 0.0019790 seconds
130.212: Application time: 0.0223200 seconds
137.709: [GC [1 CMS-initial-mark: 327057K(331136K)] 407532K(479168K), 0.0001670 secs] [Times: user=0.00 sys=0.00, real=0.00 secs] 
137.710: Total time for which application threads were stopped: 7.4980470 seconds, Stopping threads took: 7.4978110 seconds
137.710: [CMS-concurrent-mark-start]
137.718: [CMS-concurrent-mark: 0.008/0.008 secs] [Times: user=0.05 sys=0.00, real=0.01 secs] 
137.718: [CMS-concurrent-preclean-start]
137.720: Application time: 0.0102640 seconds
137.723: [Full GC137.723: [CMS137.725: [CMS-concurrent-preclean: 0.004/0.007 secs] [Times: user=0.04 sys=0.00, real=0.01 secs] 
 (concurrent mode failure): 327057K->292683K(331136K), 0.0153170 secs] 445189K->292683K(479168K), [CMS Perm : 5103K->5103K(21248K)], 0.0153760 secs] [Times: user=0.01 sys=0.00, real=0.01 secs] 
137.739: Total time for which application threads were stopped: 0.0187820 seconds, Stopping threads took: 0.0033290 seconds
139.739: Application time: 2.0002070 seconds
146.639: [GC [1 CMS-initial-mark: 292683K(331136K)] 407611K(479168K), 0.0001860 secs] [Times: user=0.00 sys=0.00, real=0.00 secs] 
146.639: Total time for which application threads were stopped: 6.9003910 seconds, Stopping threads took: 6.9001630 seconds
146.639: [CMS-concurrent-mark-start]
146.645: Application time: 0.0052270 seconds
146.645: [GC146.645: [ParNew: 121334K->121334K(148032K), 0.0000120 secs]146.645: [CMS146.646: [CMS-concurrent-mark: 0.006/0.007 secs] [Times: user=0.04 sys=0.00, real=0.01 secs] 
 (concurrent mode failure): 292683K->261433K(331136K), 0.0080090 secs] 414017K->261433K(479168K), [CMS Perm : 5103K->5103K(21248K)], 0.0080760 secs] [Times: user=0.01 sys=0.00, real=0.01 secs] 
146.653: Total time for which application threads were stopped: 0.0082870 seconds, Stopping threads took: 0.0001440 seconds
146.713: Application time: 0.0606940 seconds
146.716: [GC146.716: [ParNew: 128209K->128209K(148032K), 0.0000160 secs]146.716: [CMS: 261433K->327058K(331136K), 0.0316610 secs] 389642K->389558K(479168K), [CMS Perm : 5103K->5103K(21248K)], 0.0317360 secs] [Times: user=0.03 sys=0.00, real=0.03 secs] 
146.748: Total time for which application threads were stopped: 0.0342280 seconds, Stopping threads took: 0.0024010 seconds
146.748: Application time: 0.0002070 seconds
146.750: [GC [1 CMS-initial-mark: 327058K(331136K)] 406749K(479168K), 0.0001500 secs] [Times: user=0.00 sys=0.00, real=0.00 secs] 
146.751: Total time for which application threads were stopped: 0.0025770 seconds, Stopping threads took: 0.0023720 seconds
146.751: [CMS-concurrent-mark-start]
146.764: [CMS-concurrent-mark: 0.013/0.013 secs] [Times: user=0.10 sys=0.00, real=0.02 secs] 
146.764: [CMS-concurrent-preclean-start]
146.776: [CMS-concurrent-preclean: 0.012/0.012 secs] [Times: user=0.09 sys=0.00, real=0.01 secs] 
146.776: [CMS-concurrent-abortable-preclean-start]
146.776: [CMS-concurrent-abortable-preclean: 0.000/0.000 secs] [Times: user=0.00 sys=0.00, real=0.00 secs] 
146.776: Application time: 0.0253520 seconds
154.286: [GC[YG occupancy: 80474 K (148032 K)]154.286: [Rescan (parallel) , 0.0004210 secs]154.286: [weak refs processing, 0.0000100 secs]154.286: [scrub string table, 0.0001100 secs] [1 CMS-remark: 327058K(331136K)] 407533K(479168K), 0.0006000 secs] [Times: user=0.00 sys=0.00, real=0.00 secs] 
154.286: Total time for which application threads were stopped: 7.5104050 seconds, Stopping threads took: 7.5097570 seconds
154.286: [CMS-concurrent-sweep-start]
154.287: [CMS-concurrent-sweep: 0.001/0.001 secs] [Times: user=0.00 sys=0.00, real=0.00 secs] 
154.288: [CMS-concurrent-reset-start]
154.289: [CMS-concurrent-reset: 0.001/0.001 secs] [Times: user=0.00 sys=0.00, real=0.00 secs] 
154.291: Application time: 0.0047950 seconds
154.296: [GC154.296: [ParNew: 121334K->121334K(148032K), 0.0000140 secs]154.296: [CMS: 327058K->295808K(331136K), 0.0138310 secs] 448393K->295808K(479168K), [CMS Perm : 5103K->5103K(21248K)], 0.0139080 secs] [Times: user=0.01 sys=0.00, real=0.01 secs] 
154.310: Total time for which application threads were stopped: 0.0192070 seconds, Stopping threads took: 0.0052180 seconds
154.310: Application time: 0.0001010 seconds
154.330: [GC [1 CMS-initial-mark: 295808K(331136K)] 358310K(479168K), 0.0001690 secs] [Times: user=0.00 sys=0.00, real=0.00 secs] 
154.330: Total time for which application threads were stopped: 0.0195860 seconds, Stopping threads took: 0.0193750 seconds
154.330: [CMS-concurrent-mark-start]
154.338: [CMS-concurrent-mark: 0.008/0.008 secs] [Times: user=0.05 sys=0.00, real=0.01 secs] 
154.338: [CMS-concurrent-preclean-start]
154.339: [CMS-concurrent-preclean: 0.001/0.001 secs] [Times: user=0.00 sys=0.00, real=0.00 secs] 
154.339: [CMS-concurrent-abortable-preclean-start]
154.339: [CMS-concurrent-abortable-preclean: 0.000/0.000 secs] [Times: user=0.00 sys=0.00, real=0.00 secs] 
154.339: Application time: 0.0094750 seconds
154.350: [GC[YG occupancy: 62502 K (148032 K)]154.350: [Rescan (parallel) , 0.0003040 secs]154.350: [weak refs processing, 0.0000080 secs]154.350: [scrub string table, 0.0001070 secs] [1 CMS-remark: 295808K(331136K)] 358310K(479168K), 0.0004670 secs] [Times: user=0.00 sys=0.00, real=0.00 secs] 
154.351: Total time for which application threads were stopped: 0.0110490 seconds, Stopping threads took: 0.0105370 seconds
154.351: [CMS-concurrent-sweep-start]
154.353: [CMS-concurrent-sweep: 0.003/0.003 secs] [Times: user=0.01 sys=0.00, real=0.01 secs] 
154.354: [CMS-concurrent-reset-start]
154.356: [CMS-concurrent-reset: 0.003/0.003 secs] [Times: user=0.03 sys=0.00, real=0.00 secs] 
156.357: Application time: 2.0060670 seconds
163.250: [GC [1 CMS-initial-mark: 295808K(331136K)] 407533K(479168K), 0.0001530 secs] [Times: user=0.00 sys=0.00, real=0.00 secs] 
163.250: Total time for which application threads were stopped: 6.8931640 seconds, Stopping threads took: 6.8929680 seconds
163.250: [CMS-concurrent-mark-start]
163.253: Application time: 0.0034230 seconds
163.253: [GC163.253: [ParNew: 114978K->114978K(148032K), 0.0000120 secs]163.253: [CMS163.256: [CMS-concurrent-mark: 0.005/0.006 secs] [Times: user=0.03 sys=0.00, real=0.01 secs] 
 (concurrent mode failure): 295808K->258332K(331136K), 0.0079710 secs] 410786K->258332K(479168K), [CMS Perm : 5103K->5103K(21248K)], 0.0080390 secs] [Times: user=0.01 sys=0.00, real=0.01 secs] 
163.261: Total time for which application threads were stopped: 0.0081840 seconds, Stopping threads took: 0.0000770 seconds
163.320: Application time: 0.0590620 seconds
163.324: [GC163.324: [ParNew: 131362K->131362K(148032K), 0.0000180 secs]163.324: [CMS: 258332K->327058K(331136K), 0.0312720 secs] 389695K->389558K(479168K), [CMS Perm : 5103K->5103K(21248K)], 0.0313540 secs] [Times: user=0.03 sys=0.00, real=0.03 secs] 
163.356: Total time for which application threads were stopped: 0.0353010 seconds, Stopping threads took: 0.0038470 seconds
163.356: Application time: 0.0002530 seconds
163.358: [GC [1 CMS-initial-mark: 327058K(331136K)] 406749K(479168K), 0.0001690 secs] [Times: user=0.00 sys=0.00, real=0.00 secs] 
163.359: Total time for which application threads were stopped: 0.0025830 seconds, Stopping threads took: 0.0023530 seconds
163.359: [CMS-concurrent-mark-start]
163.372: [CMS-concurrent-mark: 0.013/0.013 secs] [Times: user=0.10 sys=0.01, real=0.02 secs] 
163.372: [CMS-concurrent-preclean-start]
163.381: [CMS-concurrent-preclean: 0.009/0.009 secs] [Times: user=0.07 sys=0.00, real=0.01 secs] 
163.381: [CMS-concurrent-abortable-preclean-start]
163.381: [CMS-concurrent-abortable-preclean: 0.000/0.000 secs] [Times: user=0.00 sys=0.00, real=0.00 secs] 
163.381: Application time: 0.0222030 seconds
170.956: [GC[YG occupancy: 80474 K (148032 K)]170.956: [Rescan (parallel) , 0.0004980 secs]170.957: [weak refs processing, 0.0000080 secs]170.957: [scrub string table, 0.0001150 secs] [1 CMS-remark: 327058K(331136K)] 407533K(479168K), 0.0006800 secs] [Times: user=0.00 sys=0.00, real=0.00 secs] 
170.957: Total time for which application threads were stopped: 7.5762140 seconds, Stopping threads took: 7.5754640 seconds
170.957: [CMS-concurrent-sweep-start]
170.959: [CMS-concurrent-sweep: 0.001/0.001 secs] [Times: user=0.00 sys=0.00, real=0.00 secs] 
170.959: [CMS-concurrent-reset-start]
170.960: [CMS-concurrent-reset: 0.001/0.001 secs] [Times: user=0.02 sys=0.00, real=0.01 secs] 
170.961: Application time: 0.0042020 seconds
170.967: [GC170.967: [ParNew: 119772K->119772K(148032K), 0.0000190 secs]170.967: [CMS: 327058K->294245K(331136K), 0.0139190 secs] 446830K->294245K(479168K), [CMS Perm : 5103K->5103K(21248K)], 0.0140000 secs] [Times: user=0.01 sys=0.00, real=0.02 secs] 
170.981: Total time for which application threads were stopped: 0.0194160 seconds, Stopping threads took: 0.0053360 seconds
170.981: Application time: 0.0000590 seconds
170.994: [GC [1 CMS-initial-mark: 294245K(331136K)] 325495K(479168K), 0.0001800 secs] [Times: user=0.00 sys=0.00, real=0.00 secs] 
170.994: Total time for which application threads were stopped: 0.0135200 seconds, Stopping threads took: 0.0132980 seconds
170.994: [CMS-concurrent-mark-start]
171.004: [CMS-concurrent-mark: 0.009/0.009 secs] [Times: user=0.07 sys=0.00, real=0.01 secs] 
171.004: [CMS-concurrent-preclean-start]
171.005: [CMS-concurrent-preclean: 0.001/0.001 secs] [Times: user=0.00 sys=0.00, real=0.00 secs] 
171.005: [CMS-concurrent-abortable-preclean-start]
171.005: [CMS-concurrent-abortable-preclean: 0.000/0.000 secs] [Times: user=0.00 sys=0.00, real=0.00 secs] 
171.005: Application time: 0.0110470 seconds
171.016: [GC[YG occupancy: 64064 K (148032 K)]171.016: [Rescan (parallel) , 0.0002830 secs]171.016: [weak refs processing, 0.0000080 secs]171.016: [scrub string table, 0.0001060 secs] [1 CMS-remark: 294245K(331136K)] 358310K(479168K), 0.0004460 secs] [Times: user=0.01 sys=0.00, real=0.00 secs] 
171.017: Total time for which application threads were stopped: 0.0112530 seconds, Stopping threads took: 0.0107520 seconds
171.017: [CMS-concurrent-sweep-start]
171.019: [CMS-concurrent-sweep: 0.002/0.002 secs] [Times: user=0.00 sys=0.00, real=0.00 secs] 
171.019: [CMS-concurrent-reset-start]
171.020: [CMS-concurrent-reset: 0.001/0.001 secs] [Times: user=0.02 sys=0.00, real=0.01 secs] 
173.021: Application time: 2.0039940 seconds
179.899: [GC [1 CMS-initial-mark: 294245K(331136K)] 407533K(479168K), 0.0001670 secs] [Times: user=0.00 sys=0.00, real=0.00 secs] 
179.899: Total time for which application threads were stopped: 6.8782720 seconds, Stopping threads took: 6.8780590 seconds
179.899: [CMS-concurrent-mark-start]
179.905: Application time: 0.0060040 seconds
179.905: [GC179.905: [ParNew: 119693K->119693K(148032K), 0.0000150 secs]179.905: [CMS179.907: [CMS-concurrent-mark: 0.007/0.008 secs] [Times: user=0.05 sys=0.00, real=0.01 secs] 
 (concurrent mode failure): 294245K->261433K(331136K), 0.0080810 secs] 413939K->261433K(479168K), [CMS Perm : 5103K->5103K(21248K)], 0.0081520 secs] [Times: user=0.00 sys=0.00, real=0.01 secs] 
179.913: Total time for which application threads were stopped: 0.0082960 seconds, Stopping threads took: 0.0000700 seconds
179.974: Application time: 0.0608470 seconds
179.976: [GC179.976: [ParNew: 128209K->128209K(148032K), 0.0000180 secs]179.976: [CMS: 261433K->327058K(331136K), 0.0301770 secs] 389642K->389558K(479168K), [CMS Perm : 5103K->5103K(21248K)], 0.0302540 secs] [Times: user=0.04 sys=0.00, real=0.03 secs] 
180.006: Total time for which application threads were stopped: 0.0325130 seconds, Stopping threads took: 0.0021810 seconds
180.032: Application time: 0.0250750 seconds
187.581: [GC [1 CMS-initial-mark: 327058K(331136K)] 407533K(479168K), 0.0001610 secs] [Times: user=0.00 sys=0.00, real=0.00 secs] 
187.582: Total time for which application threads were stopped: 7.5500580 seconds, Stopping threads took: 7.5498510 seconds
187.582: [CMS-concurrent-mark-start]
187.591: Application time: 0.0090850 seconds
187.595: [Full GC187.595: [CMS187.596: [CMS-concurrent-mark: 0.009/0.014 secs] [Times: user=0.07 sys=0.00, real=0.01 secs] 
 (concurrent mode failure): 327058K->295808K(331136K), 0.0145600 secs] 448393K->295808K(479168K), [CMS Perm : 5103K->5103K(21248K)], 0.0146190 secs] [Times: user=0.02 sys=0.00, real=0.01 secs] 
187.609: Total time for which application threads were stopped: 0.0185990 seconds, Stopping threads took: 0.0038970 seconds
189.610: Application time: 2.0002100 seconds
196.532: [GC [1 CMS-initial-mark: 295808K(331136K)] 407533K(479168K), 0.0001660 secs] [Times: user=0.00 sys=0.00, real=0.00 secs] 
196.533: Total time for which application threads were stopped: 6.9230580 seconds, Stopping threads took: 6.9228230 seconds
196.533: [CMS-concurrent-mark-start]
196.541: [CMS-concurrent-mark: 0.008/0.008 secs] [Times: user=0.06 sys=0.00, real=0.01 secs] 
196.541: Application time: 0.0084280 seconds
196.541: [GC196.541: [ParNew: 121334K->121334K(148032K), 0.0000150 secs]196.541: [CMS (concurrent mode failure): 295808K->264558K(331136K), 0.0083700 secs] 417142K->264558K(479168K), [CMS Perm : 5103K->5103K(21248K)], 0.0084380 secs] [Times: user=0.01 sys=0.00, real=0.00 secs] 
196.550: Total time for which application threads were stopped: 0.0087830 seconds, Stopping threads took: 0.0002540 seconds
196.605: Application time: 0.0547140 seconds
196.610: [GC196.610: [ParNew: 125004K->125004K(148032K), 0.0000200 secs]196.610: [CMS: 264558K->327058K(331136K), 0.0293220 secs] 389562K->389558K(479168K), [CMS Perm : 5103K->5103K(21248K)], 0.0294090 secs] [Times: user=0.03 sys=0.00, real=0.03 secs] 
196.639: Total time for which application threads were stopped: 0.0343930 seconds, Stopping threads took: 0.0048940 seconds
196.639: Application time: 0.0002350 seconds
196.642: [GC [1 CMS-initial-mark: 327058K(331136K)] 406749K(479168K), 0.0001570 secs] [Times: user=0.00 sys=0.00, real=0.00 secs] 
196.642: Total time for which application threads were stopped: 0.0026060 seconds, Stopping threads took: 0.0024000 seconds
196.642: [CMS-concurrent-mark-start]
196.653: [CMS-concurrent-mark: 0.011/0.011 secs] [Times: user=0.08 sys=0.00, real=0.01 secs] 
196.653: [CMS-concurrent-preclean-start]
196.662: [CMS-concurrent-preclean: 0.009/0.009 secs] [Times: user=0.06 sys=0.00, real=0.01 secs] 
196.662: [CMS-concurrent-abortable-preclean-start]
196.662: [CMS-concurrent-abortable-preclean: 0.000/0.000 secs] [Times: user=0.00 sys=0.00, real=0.00 secs] 
196.662: Application time: 0.0205340 seconds
204.187: [GC[YG occupancy: 80474 K (148032 K)]204.187: [Rescan (parallel) , 0.0004380 secs]204.187: [weak refs processing, 0.0000090 secs]204.187: [scrub string table, 0.0001100 secs] [1 CMS-remark: 327058K(331136K)] 407533K(479168K), 0.0006080 secs] [Times: user=0.01 sys=0.00, real=0.00 secs] 
204.187: Total time for which application threads were stopped: 7.5248770 seconds, Stopping threads took: 7.5242090 seconds
204.187: [CMS-concurrent-sweep-start]
204.189: [CMS-concurrent-sweep: 0.002/0.002 secs] [Times: user=0.00 sys=0.00, real=0.00 secs] 
204.189: [CMS-concurrent-reset-start]
204.191: [CMS-concurrent-reset: 0.002/0.002 secs] [Times: user=0.00 sys=0.00, real=0.00 secs] 
204.191: Application time: 0.0040090 seconds
204.196: [GC204.196: [ParNew: 118131K->118131K(148032K), 0.0000180 secs]204.196: [CMS: 327058K->292659K(331136K), 0.0133720 secs] 445189K->292659K(479168K), [CMS Perm : 5103K->5103K(21248K)], 0.0134540 secs] [Times: user=0.02 sys=0.00, real=0.01 secs] 
204.210: Total time for which application threads were stopped: 0.0186990 seconds, Stopping threads took: 0.0051620 seconds
204.210: Application time: 0.0000770 seconds
204.230: [GC [1 CMS-initial-mark: 292659K(331136K)] 323919K(479168K), 0.0002130 secs] [Times: user=0.00 sys=0.00, real=0.00 secs] 
204.230: Total time for which application threads were stopped: 0.0199320 seconds, Stopping threads took: 0.0196720 seconds
204.230: [CMS-concurrent-mark-start]
204.238: [CMS-concurrent-mark: 0.008/0.008 secs] [Times: user=0.05 sys=0.00, real=0.01 secs] 
204.238: [CMS-concurrent-preclean-start]
204.240: [CMS-concurrent-preclean: 0.001/0.001 secs] [Times: user=0.02 sys=0.00, real=0.01 secs] 
204.240: [CMS-concurrent-abortable-preclean-start]
204.240: [CMS-concurrent-abortable-preclean: 0.000/0.000 secs] [Times: user=0.00 sys=0.00, real=0.00 secs] 
204.240: Application time: 0.0099290 seconds
204.258: [GC[YG occupancy: 65703 K (148032 K)]204.258: [Rescan (parallel) , 0.0005000 secs]204.259: [weak refs processing, 0.0000090 secs]204.259: [scrub string table, 0.0001320 secs] [1 CMS-remark: 292659K(331136K)] 358362K(479168K), 0.0007070 secs] [Times: user=0.01 sys=0.00, real=0.00 secs] 
204.259: Total time for which application threads were stopped: 0.0189440 seconds, Stopping threads took: 0.0181720 seconds
204.259: [CMS-concurrent-sweep-start]
204.261: [CMS-concurrent-sweep: 0.003/0.003 secs] [Times: user=0.00 sys=0.00, real=0.01 secs] 
204.262: [CMS-concurrent-reset-start]
204.264: [CMS-concurrent-reset: 0.002/0.002 secs] [Times: user=0.03 sys=0.00, real=0.00 secs] 
206.264: Application time: 2.0051690 seconds
213.089: [GC [1 CMS-initial-mark: 292659K(331136K)] 407585K(479168K), 0.0001570 secs] [Times: user=0.01 sys=0.00, real=0.00 secs] 
213.089: Total time for which application threads were stopped: 6.8254200 seconds, Stopping threads took: 6.8251980 seconds
213.089: [CMS-concurrent-mark-start]
213.092: Application time: 0.0027770 seconds
213.092: [GC213.092: [ParNew: 118131K->118131K(148032K), 0.0000120 secs]213.092: [CMS213.094: [CMS-concurrent-mark: 0.004/0.005 secs] [Times: user=0.02 sys=0.00, real=0.01 secs] 
 (concurrent mode failure): 292659K->258308K(331136K), 0.0073510 secs] 410790K->258308K(479168K), [CMS Perm : 5103K->5103K(21248K)], 0.0074150 secs] [Times: user=0.01 sys=0.00, real=0.01 secs] 
213.100: Total time for which application threads were stopped: 0.0075860 seconds, Stopping threads took: 0.0000970 seconds
213.163: Application time: 0.0633020 seconds
213.166: [GC213.166: [ParNew: 131412K->131412K(148032K), 0.0000180 secs]213.166: [CMS: 258308K->327058K(331136K), 0.0311440 secs] 389720K->389558K(479168K), [CMS Perm : 5103K->5103K(21248K)], 0.0312220 secs] [Times: user=0.03 sys=0.00, real=0.03 secs] 
213.197: Total time for which application threads were stopped: 0.0337000 seconds, Stopping threads took: 0.0023910 seconds
213.197: Application time: 0.0001700 seconds
213.197: [GC [1 CMS-initial-mark: 327058K(331136K)] 391122K(479168K), 0.0001330 secs] [Times: user=0.00 sys=0.00, real=0.00 secs] 
213.197: Total time for which application threads were stopped: 0.0003710 seconds, Stopping threads took: 0.0002110 seconds
213.197: [CMS-concurrent-mark-start]
213.210: [CMS-concurrent-mark: 0.012/0.012 secs] [Times: user=0.08 sys=0.00, real=0.01 secs] 
213.210: [CMS-concurrent-preclean-start]
213.220: [CMS-concurrent-preclean: 0.010/0.010 secs] [Times: user=0.09 sys=0.00, real=0.02 secs] 
213.220: [CMS-concurrent-abortable-preclean-start]
213.220: [CMS-concurrent-abortable-preclean: 0.000/0.000 secs] [Times: user=0.00 sys=0.00, real=0.00 secs] 
213.220: Application time: 0.0227080 seconds
220.684: [GC[YG occupancy: 80474 K (148032 K)]220.684: [Rescan (parallel) , 0.0004400 secs]220.684: [weak refs processing, 0.0000150 secs]220.684: [scrub string table, 0.0001250 secs] [1 CMS-remark: 327058K(331136K)] 407533K(479168K), 0.0006250 secs] [Times: user=0.00 sys=0.00, real=0.00 secs] 
220.684: Total time for which application threads were stopped: 7.4641530 seconds, Stopping threads took: 7.4634820 seconds
220.684: [CMS-concurrent-sweep-start]
220.686: [CMS-concurrent-sweep: 0.002/0.002 secs] [Times: user=0.00 sys=0.00, real=0.00 secs] 
220.686: [CMS-concurrent-reset-start]
220.688: [CMS-concurrent-reset: 0.002/0.002 secs] [Times: user=0.02 sys=0.00, real=0.00 secs] 
220.688: Application time: 0.0039080 seconds
220.693: [GC220.693: [ParNew: 118131K->118131K(148032K), 0.0000190 secs]220.693: [CMS: 327058K->292658K(331136K), 0.0140880 secs] 445189K->292658K(479168K), [CMS Perm : 5103K->5103K(21248K)], 0.0141740 secs] [Times: user=0.01 sys=0.00, real=0.01 secs] 
220.708: Total time for which application threads were stopped: 0.0194130 seconds, Stopping threads took: 0.0051370 seconds
220.708: Application time: 0.0000890 seconds
220.721: [GC [1 CMS-initial-mark: 292658K(331136K)] 323908K(479168K), 0.0001870 secs] [Times: user=0.00 sys=0.00, real=0.00 secs] 
220.721: Total time for which application threads were stopped: 0.0132130 seconds, Stopping threads took: 0.0129820 seconds
220.721: [CMS-concurrent-mark-start]
220.746: [CMS-concurrent-mark: 0.025/0.025 secs] [Times: user=0.17 sys=0.00, real=0.02 secs] 
220.746: [CMS-concurrent-preclean-start]
220.750: [CMS-concurrent-preclean: 0.003/0.003 secs] [Times: user=0.03 sys=0.00, real=0.00 secs] 
220.750: [CMS-concurrent-abortable-preclean-start]
220.750: [CMS-concurrent-abortable-preclean: 0.000/0.000 secs] [Times: user=0.00 sys=0.00, real=0.00 secs] 
220.750: Application time: 0.0296080 seconds
220.757: [GC[YG occupancy: 81330 K (148032 K)]220.757: [Rescan (parallel) , 0.0005580 secs]220.757: [weak refs processing, 0.0000090 secs]220.757: [scrub string table, 0.0001190 secs] [1 CMS-remark: 292658K(331136K)] 373989K(479168K), 0.0007510 secs] [Times: user=0.00 sys=0.00, real=0.00 secs] 
220.758: Total time for which application threads were stopped: 0.0071210 seconds, Stopping threads took: 0.0063230 seconds
220.758: [CMS-concurrent-sweep-start]
220.760: [CMS-concurrent-sweep: 0.002/0.002 secs] [Times: user=0.01 sys=0.00, real=0.01 secs] 
220.760: [CMS-concurrent-reset-start]
220.762: [CMS-concurrent-reset: 0.002/0.002 secs] [Times: user=0.01 sys=0.00, real=0.00 secs] 
221.207: Application time: 0.4492090 seconds
228.568: [GC228.568: [ParNew: 118245K->118245K(148032K), 0.0000170 secs]228.568: [CMS: 292658K->207527K(331136K), 0.0433580 secs] 410904K->207527K(479168K), [CMS Perm : 5103K->5103K(21248K)], 0.0434420 secs] [Times: user=0.04 sys=0.00, real=0.04 secs] 
228.611: Total time for which application threads were stopped: 7.4043040 seconds, Stopping threads took: 7.3607680 seconds
228.611: Application time: 0.0002080 seconds
228.616: [GC [1 CMS-initial-mark: 207527K(331136K)] 238781K(479168K), 0.0001750 secs] [Times: user=0.00 sys=0.00, real=0.00 secs] 
228.617: Total time for which application threads were stopped: 0.0053100 seconds, Stopping threads took: 0.0050690 seconds
228.617: [CMS-concurrent-mark-start]
228.630: [CMS-concurrent-mark: 0.013/0.013 secs] [Times: user=0.09 sys=0.00, real=0.01 secs] 
228.630: [CMS-concurrent-preclean-start]
228.631: [CMS-concurrent-preclean: 0.001/0.001 secs] [Times: user=0.01 sys=0.00, real=0.00 secs] 
228.631: [CMS-concurrent-abortable-preclean-start]
228.633: Application time: 0.0166440 seconds
228.643: [GC228.643: [ParNew: 103366K->9475K(148032K), 0.0215820 secs] 310893K->310758K(479168K), 0.0216360 secs] [Times: user=0.17 sys=0.00, real=0.02 secs] 
228.664: Total time for which application threads were stopped: 0.0310660 seconds, Stopping threads took: 0.0093420 seconds
228.764: [CMS-concurrent-abortable-preclean: 0.002/0.133 secs] [Times: user=1.02 sys=0.01, real=0.14 secs] 
228.765: Application time: 0.1003460 seconds
239.154: [GC[YG occupancy: 106484 K (148032 K)]239.154: [Rescan (parallel) , 0.0003030 secs]239.154: [weak refs processing, 0.0000160 secs]239.154: [scrub string table, 0.0001260 secs] [1 CMS-remark: 301283K(331136K)] 407767K(479168K), 0.0004960 secs] [Times: user=0.00 sys=0.00, real=0.00 secs] 
239.154: Total time for which application threads were stopped: 10.3893830 seconds, Stopping threads took: 10.3888370 seconds
239.154: [CMS-concurrent-sweep-start]
239.156: [CMS-concurrent-sweep: 0.002/0.002 secs] [Times: user=0.01 sys=0.00, real=0.00 secs] 
239.156: [CMS-concurrent-reset-start]
239.157: [CMS-concurrent-reset: 0.002/0.002 secs] [Times: user=0.00 sys=0.00, real=0.00 secs] 
239.158: Application time: 0.0044520 seconds
239.159: [GC239.159: [ParNew: 116093K->116093K(148032K), 0.0000130 secs]239.159: [CMS: 301259K->213777K(331136K), 0.0086460 secs] 417352K->213777K(479168K), [CMS Perm : 5103K->5103K(21248K)], 0.0087030 secs] [Times: user=0.01 sys=0.00, real=0.01 secs] 
239.167: Total time for which application threads were stopped: 0.0089080 seconds, Stopping threads took: 0.0001180 seconds
239.167: Application time: 0.0000850 seconds
239.173: [GC [1 CMS-initial-mark: 213777K(331136K)] 245027K(479168K), 0.0001800 secs] [Times: user=0.00 sys=0.00, real=0.00 secs] 
239.173: Total time for which application threads were stopped: 0.0054100 seconds, Stopping threads took: 0.0051700 seconds
239.173: [CMS-concurrent-mark-start]
239.189: [CMS-concurrent-mark: 0.016/0.016 secs] [Times: user=0.12 sys=0.00, real=0.01 secs] 
239.190: [CMS-concurrent-preclean-start]
239.191: [CMS-concurrent-preclean: 0.002/0.002 secs] [Times: user=0.00 sys=0.00, real=0.00 secs] 
239.191: [CMS-concurrent-abortable-preclean-start]
239.191: [CMS-concurrent-abortable-preclean: 0.000/0.000 secs] [Times: user=0.00 sys=0.00, real=0.00 secs] 
239.192: Application time: 0.0187470 seconds
239.205: [GC[YG occupancy: 128209 K (148032 K)]239.205: [Rescan (parallel) , 0.0004830 secs]239.206: [weak refs processing, 0.0000090 secs]239.206: [scrub string table, 0.0001330 secs] [1 CMS-remark: 213777K(331136K)] 341986K(479168K), 0.0006920 secs] [Times: user=0.00 sys=0.00, real=0.00 secs] 
239.206: Total time for which application threads were stopped: 0.0143490 seconds, Stopping threads took: 0.0135910 seconds
239.206: [CMS-concurrent-sweep-start]
239.208: [CMS-concurrent-sweep: 0.002/0.002 secs] [Times: user=0.01 sys=0.00, real=0.00 secs] 
239.209: [CMS-concurrent-reset-start]
239.211: [CMS-concurrent-reset: 0.002/0.002 secs] [Times: user=0.00 sys=0.00, real=0.00 secs] 
239.211: Application time: 0.0047070 seconds
239.226: [GC239.226: [ParNew: 128209K->128209K(148032K), 0.0000180 secs]239.226: [CMS: 213768K->310652K(331136K), 0.0308320 secs] 341978K->341902K(479168K), [CMS Perm : 5103K->5103K(21248K)], 0.0309090 secs] [Times: user=0.03 sys=0.00, real=0.03 secs] 
239.257: Total time for which application threads were stopped: 0.0458160 seconds, Stopping threads took: 0.0148200 seconds
239.257: Application time: 0.0000780 seconds
239.259: [GC [1 CMS-initial-mark: 310652K(331136K)] 357527K(479168K), 0.0001510 secs] [Times: user=0.00 sys=0.00, real=0.00 secs] 
239.259: Total time for which application threads were stopped: 0.0028700 seconds, Stopping threads took: 0.0026640 seconds
239.260: [CMS-concurrent-mark-start]
239.274: [CMS-concurrent-mark: 0.014/0.014 secs] [Times: user=0.10 sys=0.01, real=0.01 secs] 
239.274: [CMS-concurrent-preclean-start]
239.289: [CMS-concurrent-preclean: 0.015/0.015 secs] [Times: user=0.12 sys=0.00, real=0.01 secs] 
239.289: [CMS-concurrent-abortable-preclean-start]
239.289: [CMS-concurrent-abortable-preclean: 0.000/0.000 secs] [Times: user=0.00 sys=0.00, real=0.00 secs] 
239.289: Application time: 0.0298690 seconds
244.240: [GC[YG occupancy: 96936 K (148032 K)]244.240: [Rescan (parallel) , 0.0002930 secs]244.240: [weak refs processing, 0.0000080 secs]244.240: [scrub string table, 0.0001090 secs] [1 CMS-remark: 310652K(331136K)] 407588K(479168K), 0.0004610 secs] [Times: user=0.00 sys=0.00, real=0.00 secs] 
244.240: Total time for which application threads were stopped: 4.9511080 seconds, Stopping threads took: 4.9505790 seconds
244.241: [CMS-concurrent-sweep-start]
244.242: [CMS-concurrent-sweep: 0.002/0.002 secs] [Times: user=0.00 sys=0.00, real=0.00 secs] 
244.242: [CMS-concurrent-reset-start]
244.244: [CMS-concurrent-reset: 0.001/0.001 secs] [Times: user=0.02 sys=0.00, real=0.00 secs] 
244.248: Application time: 0.0074620 seconds
249.163: [GC249.163: [ParNew: 134592K->134592K(148032K), 0.0000120 secs]249.163: [CMS: 310652K->241902K(331136K), 0.0120620 secs] 445245K->241902K(479168K), [CMS Perm : 5103K->5103K(21248K)], 0.0121280 secs] [Times: user=0.01 sys=0.00, real=0.01 secs] 
249.175: Total time for which application threads were stopped: 4.9271470 seconds, Stopping threads took: 4.9149410 seconds
249.188: Application time: 0.0125620 seconds
249.199: [GC [1 CMS-initial-mark: 241902K(331136K)] 307609K(479168K), 0.0002260 secs] [Times: user=0.00 sys=0.00, real=0.00 secs] 
249.199: Total time for which application threads were stopped: 0.0116840 seconds, Stopping threads took: 0.0114160 seconds
249.199: [CMS-concurrent-mark-start]
249.208: [CMS-concurrent-mark: 0.009/0.009 secs] [Times: user=0.06 sys=0.00, real=0.01 secs] 
249.209: [CMS-concurrent-preclean-start]
249.210: [CMS-concurrent-preclean: 0.001/0.001 secs] [Times: user=0.01 sys=0.00, real=0.00 secs] 
249.210: [CMS-concurrent-abortable-preclean-start]
249.238: Application time: 0.0390490 seconds
249.311: [CMS-concurrent-abortable-preclean: 0.001/0.101 secs] [Times: user=0.36 sys=0.03, real=0.10 secs] 
251.642: [GC251.642: [ParNew: 116569K->116569K(148032K), 0.0000120 secs]251.642: [CMS (concurrent mode failure): 241902K->307527K(331136K), 0.0246920 secs] 358471K->307527K(479168K), [CMS Perm : 5103K->5103K(21248K)], 0.0247670 secs] [Times: user=0.03 sys=0.00, real=0.02 secs] 
251.667: Total time for which application threads were stopped: 2.4283640 seconds, Stopping threads took: 2.4035170 seconds
251.837: Application time: 0.1704480 seconds
262.172: [GC262.172: [ParNew: 103352K->103352K(148032K), 0.0000260 secs]262.172: [CMS: 307527K->156746K(331136K), 0.0246740 secs] 410879K->156746K(479168K), [CMS Perm : 5103K->5103K(21248K)], 0.0247640 secs] [Times: user=0.03 sys=0.00, real=0.02 secs] 
262.197: Total time for which application threads were stopped: 10.3595600 seconds, Stopping threads took: 10.3347030 seconds
262.197: Application time: 0.0001970 seconds
262.202: [GC [1 CMS-initial-mark: 156746K(331136K)] 188016K(479168K), 0.0001730 secs] [Times: user=0.00 sys=0.00, real=0.00 secs] 
262.203: Total time for which application threads were stopped: 0.0057040 seconds, Stopping threads took: 0.0054750 seconds
262.203: [CMS-concurrent-mark-start]
262.214: [CMS-concurrent-mark: 0.011/0.011 secs] [Times: user=0.08 sys=0.00, real=0.01 secs] 
262.214: [CMS-concurrent-preclean-start]
262.215: [CMS-concurrent-preclean: 0.001/0.001 secs] [Times: user=0.00 sys=0.00, real=0.00 secs] 
262.216: [CMS-concurrent-abortable-preclean-start]
262.220: Application time: 0.0177320 seconds
262.229: [GC262.229: [ParNew: 105008K->11065K(148032K), 0.0209840 secs] 261754K->261568K(479168K), 0.0210340 secs] [Times: user=0.16 sys=0.00, real=0.02 secs] 
262.250: Total time for which application threads were stopped: 0.0298210 seconds, Stopping threads took: 0.0087000 seconds
262.310: Application time: 0.0599330 seconds
262.351: [CMS-concurrent-abortable-preclean: 0.002/0.136 secs] [Times: user=0.80 sys=0.01, real=0.13 secs] 
264.746: [GC264.746: [ParNew: 138463K->138463K(148032K), 0.0000130 secs]264.746: [CMS (concurrent mode failure): 250502K->330069K(331136K), 0.0396780 secs] 388965K->337996K(479168K), [CMS Perm : 5103K->5103K(21248K)], 0.0397610 secs] [Times: user=0.04 sys=0.00, real=0.04 secs] 
264.785: Total time for which application threads were stopped: 2.4751010 seconds, Stopping threads took: 2.4352490 seconds
264.918: Application time: 0.1325880 seconds
277.848: [Full GC277.848: [CMS: 330069K->105965K(331136K), 0.0258530 secs] 461849K->105965K(479168K), [CMS Perm : 5104K->5104K(21248K)], 0.0259090 secs] [Times: user=0.02 sys=0.00, real=0.03 secs] 
277.874: Total time for which application threads were stopped: 12.9563770 seconds, Stopping threads took: 12.9303840 seconds
277.874: Application time: 0.0001880 seconds
280.391: [GC [1 CMS-initial-mark: 105965K(331136K)] 137363K(479168K), 0.0001640 secs] [Times: user=0.00 sys=0.00, real=0.00 secs] 
280.391: Total time for which application threads were stopped: 2.5164620 seconds, Stopping threads took: 2.5162550 seconds
280.391: [CMS-concurrent-mark-start]
280.399: Application time: 0.0086070 seconds
280.415: [GC280.415: [ParNew: 111467K->15809K(148032K), 0.0238200 secs] 217432K->217095K(479168K), 0.0238750 secs] [Times: user=0.19 sys=0.00, real=0.02 secs] 
280.439: Total time for which application threads were stopped: 0.0392270 seconds, Stopping threads took: 0.0152760 seconds
280.445: [CMS-concurrent-mark: 0.014/0.054 secs] [Times: user=0.35 sys=0.00, real=0.06 secs] 
280.445: [CMS-concurrent-preclean-start]
280.446: [CMS-concurrent-preclean: 0.002/0.002 secs] [Times: user=0.00 sys=0.00, real=0.00 secs] 
280.447: [CMS-concurrent-abortable-preclean-start]
280.447: [CMS-concurrent-abortable-preclean: 0.000/0.000 secs] [Times: user=0.00 sys=0.00, real=0.00 secs] 
280.447: Application time: 0.0080040 seconds
280.476: [GC[YG occupancy: 142374 K (148032 K)]280.476: [Rescan (parallel) , 0.0004870 secs]280.477: [weak refs processing, 0.0000090 secs]280.477: [scrub string table, 0.0001360 secs] [1 CMS-remark: 201285K(331136K)] 343660K(479168K), 0.0007040 secs] [Times: user=0.01 sys=0.00, real=0.00 secs] 
280.477: Total time for which application threads were stopped: 0.0301060 seconds, Stopping threads took: 0.0293350 seconds
280.477: Application time: 0.0000760 seconds
280.477: [CMS-concurrent-sweep-start]
280.498: [GC280.498: [ParNew: 142374K->142374K(148032K), 0.0000180 secs]280.498: [CMS280.498: [CMS-concurrent-sweep: 0.021/0.021 secs] [Times: user=0.06 sys=0.01, real=0.02 secs] 
 (concurrent mode failure): 201285K->292683K(331136K), 0.0508400 secs] 343660K->292683K(479168K), [CMS Perm : 5104K->5104K(21248K)], 0.0509260 secs] [Times: user=0.05 sys=0.00, real=0.05 secs] 
280.549: Total time for which application threads were stopped: 0.0719260 seconds, Stopping threads took: 0.0208980 seconds
282.549: Application time: 2.0002510 seconds
299.420: [GC [1 CMS-initial-mark: 292683K(331136K)] 407799K(479168K), 0.0001470 secs] [Times: user=0.00 sys=0.00, real=0.00 secs] 
299.420: Total time for which application threads were stopped: 16.8712600 seconds, Stopping threads took: 16.8710560 seconds
299.420: [CMS-concurrent-mark-start]
299.423: [CMS-concurrent-mark: 0.003/0.003 secs] [Times: user=0.01 sys=0.00, real=0.00 secs] 
299.423: [CMS-concurrent-preclean-start]
299.423: [CMS-concurrent-preclean: 0.000/0.000 secs] [Times: user=0.00 sys=0.00, real=0.00 secs] 
299.423: [CMS-concurrent-abortable-preclean-start]
299.423: [CMS-concurrent-abortable-preclean: 0.000/0.000 secs] [Times: user=0.00 sys=0.00, real=0.00 secs] 
299.423: Application time: 0.0030340 seconds
299.423: [GC[YG occupancy: 115803 K (148032 K)]299.424: [Rescan (parallel) , 0.0002920 secs]299.424: [weak refs processing, 0.0000060 secs]299.424: [scrub string table, 0.0000930 secs] [1 CMS-remark: 292683K(331136K)] 408487K(479168K), 0.0004230 secs] [Times: user=0.00 sys=0.00, real=0.00 secs] 
299.424: Total time for which application threads were stopped: 0.0004690 seconds, Stopping threads took: 0.0000230 seconds
299.424: [CMS-concurrent-sweep-start]
299.424: [CMS-concurrent-sweep: 0.000/0.000 secs] [Times: user=0.00 sys=0.00, real=0.00 secs] 
299.424: [CMS-concurrent-reset-start]
299.425: [CMS-concurrent-reset: 0.000/0.000 secs] [Times: user=0.00 sys=0.00, real=0.00 secs] 
299.428: Application time: 0.0043360 seconds
299.428: Total time for which application threads were stopped: 0.0000340 seconds, Stopping threads took: 0.0000180 seconds
299.429: Application time: 0.0009760 seconds
299.430: [GC299.430: [ParNew: 130443K->9655K(148032K), 0.0032110 secs] 131657K->10870K(479168K), 0.0032550 secs] [Times: user=0.02 sys=0.00, real=0.01 secs] 
299.433: Total time for which application threads were stopped: 0.0039100 seconds, Stopping threads took: 0.0005890 seconds
299.437: Application time: 0.0041890 seconds
299.455: [GC299.455: [ParNew: 121715K->15625K(148032K), 0.0259790 secs] 122930K->120252K(479168K), 0.0260430 secs] [Times: user=0.20 sys=0.00, real=0.03 secs] 
299.481: Total time for which application threads were stopped: 0.0432020 seconds, Stopping threads took: 0.0170710 seconds
299.484: Application time: 0.0030910 seconds
299.521: [GC [1 CMS-initial-mark: 104626K(331136K)] 245914K(479168K), 0.0001850 secs] [Times: user=0.00 sys=0.00, real=0.00 secs] 
299.521: Total time for which application threads were stopped: 0.0375740 seconds, Stopping threads took: 0.0373350 seconds
299.521: [CMS-concurrent-mark-start]
299.521: Application time: 0.0001100 seconds
299.555: [GC299.555: [ParNew: 141287K->0K(148032K), 0.0293340 secs] 245914K->245252K(479168K), 0.0293910 secs] [Times: user=0.23 sys=0.00, real=0.03 secs] 
299.585: Total time for which application threads were stopped: 0.0634500 seconds, Stopping threads took: 0.0339620 seconds
299.616: Application time: 0.0308270 seconds
299.637: [GC299.637: [ParNew: 130786K->130786K(148032K), 0.0000170 secs]299.637: [CMS299.637: [CMS-concurrent-mark: 0.031/0.116 secs] [Times: user=0.69 sys=0.03, real=0.11 secs] 
 (concurrent mode failure): 245252K->323187K(331136K), 0.0883730 secs] 376038K->374750K(479168K), [CMS Perm : 5123K->5123K(21248K)], 0.0884540 secs] [Times: user=0.09 sys=0.00, real=0.09 secs] 
299.725: Total time for which application threads were stopped: 0.1094810 seconds, Stopping threads took: 0.0209470 seconds
301.725: Application time: 2.0002240 seconds
321.105: [GC [1 CMS-initial-mark: 323187K(331136K)] 408726K(479168K), 0.0001430 secs] [Times: user=0.00 sys=0.00, real=0.00 secs] 
321.106: Total time for which application threads were stopped: 19.3802510 seconds, Stopping threads took: 19.3800610 seconds
321.106: [CMS-concurrent-mark-start]
321.109: Application time: 0.0038080 seconds
321.110: [Full GC321.110: [CMS321.112: [CMS-concurrent-mark: 0.005/0.006 secs] [Times: user=0.03 sys=0.00, real=0.01 secs] 
 (concurrent mode failure): 323187K->18526K(331136K), 0.0122080 secs] 425913K->18526K(479168K), [CMS Perm : 5123K->5123K(21248K)], 0.0122660 secs] [Times: user=0.01 sys=0.00, real=0.02 secs] 
321.122: Total time for which application threads were stopped: 0.0129630 seconds, Stopping threads took: 0.0005990 seconds
321.123: Application time: 0.0002050 seconds
321.146: [GC321.146: [ParNew: 126816K->1562K(148032K), 0.0261180 secs] 145343K->145097K(479168K), 0.0261760 secs] [Times: user=0.20 sys=0.00, real=0.03 secs] 
321.172: Total time for which application threads were stopped: 0.0494560 seconds, Stopping threads took: 0.0231930 seconds
321.172: Application time: 0.0000480 seconds
321.187: [GC [1 CMS-initial-mark: 143534K(331136K)] 176347K(479168K), 0.0001950 secs] [Times: user=0.00 sys=0.00, real=0.00 secs] 
321.187: Total time for which application threads were stopped: 0.0146980 seconds, Stopping threads took: 0.0144590 seconds
321.187: [CMS-concurrent-mark-start]
321.206: [CMS-concurrent-mark: 0.019/0.019 secs] [Times: user=0.14 sys=0.00, real=0.02 secs] 
321.207: Application time: 0.0196960 seconds
321.232: [GC321.232: [ParNew: 133034K->7878K(148032K), 0.0279870 secs] 276568K->276415K(479168K), 0.0280730 secs] [Times: user=0.22 sys=0.00, real=0.03 secs] 
321.260: Total time for which application threads were stopped: 0.0535390 seconds, Stopping threads took: 0.0253720 seconds
321.260: [CMS-concurrent-preclean-start]
321.264: [CMS-concurrent-preclean: 0.003/0.003 secs] [Times: user=0.03 sys=0.00, real=0.00 secs] 
321.264: [CMS-concurrent-abortable-preclean-start]
321.264: [CMS-concurrent-abortable-preclean: 0.000/0.000 secs] [Times: user=0.00 sys=0.00, real=0.00 secs] 
321.280: Application time: 0.0195750 seconds
321.304: [GC[YG occupancy: 89587 K (148032 K)]321.304: [Rescan (parallel) , 0.0005110 secs]321.305: [weak refs processing, 0.0000090 secs]321.305: [scrub string table, 0.0001380 secs] [1 CMS-remark: 268536K(331136K)] 358123K(479168K), 0.0007440 secs] [Times: user=0.00 sys=0.00, real=0.00 secs] 
321.305: Total time for which application threads were stopped: 0.0254640 seconds, Stopping threads took: 0.0246460 seconds
321.305: [CMS-concurrent-sweep-start]
321.309: [CMS-concurrent-sweep: 0.003/0.003 secs] [Times: user=0.01 sys=0.00, real=0.00 secs] 
321.309: [CMS-concurrent-reset-start]
321.312: [CMS-concurrent-reset: 0.003/0.003 secs] [Times: user=0.04 sys=0.00, real=0.01 secs] 
321.322: Application time: 0.0173090 seconds
331.384: [GC331.384: [ParNew: 138951K->138951K(148032K), 0.0000170 secs]331.384: [CMS: 268520K->203659K(331136K), 0.0428590 secs] 407472K->203659K(479168K), [CMS Perm : 5123K->5123K(21248K)], 0.0429370 secs] [Times: user=0.05 sys=0.00, real=0.04 secs] 
331.427: Total time for which application threads were stopped: 10.1045360 seconds, Stopping threads took: 10.0614970 seconds
331.427: Application time: 0.0001600 seconds
338.923: [GC [1 CMS-initial-mark: 203659K(331136K)] 204550K(479168K), 0.0001750 secs] [Times: user=0.00 sys=0.00, real=0.00 secs] 
338.923: Total time for which application threads were stopped: 7.4956950 seconds, Stopping threads took: 7.4954750 seconds
338.923: [CMS-concurrent-mark-start]
338.928: Application time: 0.0054990 seconds
338.948: [GC338.948: [ParNew: 115519K->16446K(148032K), 0.0252640 secs] 319178K->318732K(479168K), 0.0253170 secs] [Times: user=0.20 sys=0.00, real=0.03 secs] 
338.973: Total time for which application threads were stopped: 0.0450640 seconds, Stopping threads took: 0.0196710 seconds
338.997: [CMS-concurrent-mark: 0.024/0.074 secs] [Times: user=0.52 sys=0.00, real=0.07 secs] 
338.997: [CMS-concurrent-preclean-start]
338.999: [CMS-concurrent-preclean: 0.002/0.002 secs] [Times: user=0.01 sys=0.00, real=0.00 secs] 
338.999: [CMS-concurrent-abortable-preclean-start]
338.999: [CMS-concurrent-abortable-preclean: 0.000/0.000 secs] [Times: user=0.00 sys=0.00, real=0.00 secs] 
338.999: Application time: 0.0260660 seconds
341.484: [GC[YG occupancy: 143180 K (148032 K)]341.485: [Rescan (parallel) , 0.0003960 secs]341.485: [weak refs processing, 0.0000080 secs]341.485: [scrub string table, 0.0001140 secs] [1 CMS-remark: 302285K(331136K)] 445465K(479168K), 0.0005800 secs] [Times: user=0.00 sys=0.00, real=0.00 secs] 
341.485: Total time for which application threads were stopped: 2.4855450 seconds, Stopping threads took: 2.4848970 seconds
341.485: Application time: 0.0000550 seconds
341.506: [GC341.506: [ParNew: 143180K->143180K(148032K), 0.0000150 secs]341.506: [CMS (concurrent mode failure): 302285K->241940K(331136K), 0.0495570 secs] 445465K->241940K(479168K), [CMS Perm : 5123K->5123K(21248K)], 0.0496350 secs] [Times: user=0.05 sys=0.00, real=0.05 secs] 
341.555: Total time for which application threads were stopped: 0.0700500 seconds, Stopping threads took: 0.0203350 seconds
341.573: Application time: 0.0174690 seconds
341.577: [GC341.577: [ParNew: 112711K->112711K(148032K), 0.0000190 secs]341.577: [CMS: 241940K->320037K(331136K), 0.0689960 secs] 354652K->354440K(479168K), [CMS Perm : 5123K->5123K(21248K)], 0.0690810 secs] [Times: user=0.07 sys=0.00, real=0.07 secs] 
341.646: Total time for which application threads were stopped: 0.0732020 seconds, Stopping threads took: 0.0040380 seconds
341.672: Application time: 0.0257180 seconds
341.683: [GC [1 CMS-initial-mark: 320037K(331136K)] 391305K(479168K), 0.0001610 secs] [Times: user=0.00 sys=0.00, real=0.00 secs] 
341.684: Total time for which application threads were stopped: 0.0120410 seconds, Stopping threads took: 0.0118360 seconds
341.684: [CMS-concurrent-mark-start]
341.691: [CMS-concurrent-mark: 0.007/0.007 secs] [Times: user=0.04 sys=0.00, real=0.00 secs] 
341.691: [CMS-concurrent-preclean-start]
341.700: [CMS-concurrent-preclean: 0.009/0.009 secs] [Times: user=0.08 sys=0.00, real=0.02 secs] 
341.700: [CMS-concurrent-abortable-preclean-start]
341.700: [CMS-concurrent-abortable-preclean: 0.000/0.000 secs] [Times: user=0.00 sys=0.00, real=0.00 secs] 
341.700: Application time: 0.0162500 seconds
360.350: [GC[YG occupancy: 71268 K (148032 K)]360.350: [Rescan (parallel) , 0.0005340 secs]360.351: [weak refs processing, 0.0000150 secs]360.351: [scrub string table, 0.0001280 secs] [1 CMS-remark: 320037K(331136K)] 391305K(479168K), 0.0007440 secs] [Times: user=0.00 sys=0.00, real=0.00 secs] 
360.351: Total time for which application threads were stopped: 18.6512130 seconds, Stopping threads took: 18.6504120 seconds
360.351: [CMS-concurrent-sweep-start]
360.355: [CMS-concurrent-sweep: 0.004/0.004 secs] [Times: user=0.01 sys=0.00, real=0.01 secs] 
360.355: [CMS-concurrent-reset-start]
360.356: Application time: 0.0049310 seconds
360.363: [GC360.363: [ParNew: 131060K->131060K(148032K), 0.0000140 secs]360.363: [CMS360.363: [CMS-concurrent-reset: 0.001/0.008 secs] [Times: user=0.04 sys=0.00, real=0.01 secs] 
: 320037K->95029K(331136K), 0.0240570 secs] 451098K->95029K(479168K), [CMS Perm : 5123K->5123K(21248K)], 0.0241310 secs] [Times: user=0.02 sys=0.00, real=0.02 secs] 
360.387: Total time for which application threads were stopped: 0.0309370 seconds, Stopping threads took: 0.0067120 seconds
360.392: Application time: 0.0051550 seconds
360.422: [GC360.422: [ParNew: 102428K->8662K(148032K), 0.0220300 secs] 197457K->197447K(479168K), 0.0220950 secs] [Times: user=0.18 sys=0.00, real=0.02 secs] 
360.444: Total time for which application threads were stopped: 0.0523490 seconds, Stopping threads took: 0.0301550 seconds
360.445: Application time: 0.0000450 seconds
360.455: [GC [1 CMS-initial-mark: 188785K(331136K)] 259955K(479168K), 0.0001590 secs] [Times: user=0.00 sys=0.00, real=0.00 secs] 
360.455: Total time for which application threads were stopped: 0.0104970 seconds, Stopping threads took: 0.0102890 seconds
360.455: [CMS-concurrent-mark-start]
360.466: [CMS-concurrent-mark: 0.011/0.011 secs] [Times: user=0.07 sys=0.00, real=0.01 secs] 
360.466: [CMS-concurrent-preclean-start]
360.467: [CMS-concurrent-preclean: 0.001/0.001 secs] [Times: user=0.00 sys=0.00, real=0.00 secs] 
360.467: [CMS-concurrent-abortable-preclean-start]
360.493: Application time: 0.0379340 seconds
365.307: [GC365.307: [ParNew: 136054K->15631K(148032K), 0.0239700 secs] 324840K->307605K(479168K), 0.0240370 secs] [Times: user=0.19 sys=0.00, real=0.02 secs] 
365.331: Total time for which application threads were stopped: 4.8384670 seconds, Stopping threads took: 4.8143330 seconds
365.333: [CMS-concurrent-abortable-preclean: 0.002/4.866 secs] [Times: user=11.89 sys=2.89, real=4.87 secs] 
365.333: Application time: 0.0018410 seconds
365.355: [GC[YG occupancy: 78964 K (148032 K)]365.355: [Rescan (parallel) , 0.0004310 secs]365.355: [weak refs processing, 0.0000080 secs]365.355: [scrub string table, 0.0001180 secs] [1 CMS-remark: 291974K(331136K)] 370938K(479168K), 0.0006500 secs] [Times: user=0.00 sys=0.00, real=0.00 secs] 
365.355: Total time for which application threads were stopped: 0.0220660 seconds, Stopping threads took: 0.0213490 seconds
365.355: [CMS-concurrent-sweep-start]
365.358: [CMS-concurrent-sweep: 0.003/0.003 secs] [Times: user=0.01 sys=0.00, real=0.00 secs] 
365.359: [CMS-concurrent-reset-start]
365.362: [CMS-concurrent-reset: 0.003/0.003 secs] [Times: user=0.03 sys=0.00, real=0.01 secs] 
365.362: Application time: 0.0066700 seconds
367.900: [GC367.900: [ParNew: 135378K->135378K(148032K), 0.0000160 secs]367.900: [CMS: 291921K->291909K(331136K), 0.0594280 secs] 427300K->291909K(479168K), [CMS Perm : 5123K->5123K(21248K)], 0.0595070 secs] [Times: user=0.06 sys=0.00, real=0.06 secs] 
367.960: Total time for which application threads were stopped: 2.5978570 seconds, Stopping threads took: 2.5382660 seconds
367.960: Application time: 0.0001170 seconds
372.944: [GC [1 CMS-initial-mark: 291909K(331136K)] 323965K(479168K), 0.0001520 secs] [Times: user=0.00 sys=0.00, real=0.00 secs] 
372.945: Total time for which application threads were stopped: 4.9846240 seconds, Stopping threads took: 4.9844230 seconds
372.945: [CMS-concurrent-mark-start]
372.956: [CMS-concurrent-mark: 0.011/0.011 secs] [Times: user=0.09 sys=0.00, real=0.01 secs] 
372.956: [CMS-concurrent-preclean-start]
372.958: [CMS-concurrent-preclean: 0.002/0.002 secs] [Times: user=0.00 sys=0.00, real=0.00 secs] 
372.958: [CMS-concurrent-abortable-preclean-start]
372.958: [CMS-concurrent-abortable-preclean: 0.000/0.000 secs] [Times: user=0.00 sys=0.00, real=0.00 secs] 
372.958: Application time: 0.0138320 seconds
380.392: [GC[YG occupancy: 68149 K (148032 K)]380.392: [Rescan (parallel) , 0.0005120 secs]380.393: [weak refs processing, 0.0000080 secs]380.393: [scrub string table, 0.0001150 secs] [1 CMS-remark: 291909K(331136K)] 360059K(479168K), 0.0007010 secs] [Times: user=0.00 sys=0.00, real=0.00 secs] 
380.393: Total time for which application threads were stopped: 7.4344380 seconds, Stopping threads took: 7.4336800 seconds
380.393: [CMS-concurrent-sweep-start]
380.396: [CMS-concurrent-sweep: 0.003/0.003 secs] [Times: user=0.02 sys=0.00, real=0.00 secs] 
380.396: [CMS-concurrent-reset-start]
380.397: Application time: 0.0038860 seconds
380.411: [GC380.411: [ParNew: 107443K->12656K(148032K), 0.0227710 secs] 297790K->296759K(479168K), 0.0228220 secs] [Times: user=0.18 sys=0.00, real=0.03 secs] 
380.433: Total time for which application threads were stopped: 0.0366760 seconds, Stopping threads took: 0.0137750 seconds
380.436: Application time: 0.0021660 seconds
380.460: [GC380.460: [ParNew: 126740K->126740K(148032K), 0.0000180 secs]380.460: [CMS380.460: [CMS-concurrent-reset: 0.003/0.064 secs] [Times: user=0.39 sys=0.01, real=0.07 secs] 
: 284103K->259097K(331136K), 0.0550820 secs] 410843K->259097K(479168K), [CMS Perm : 5124K->5124K(21248K)], 0.0551630 secs] [Times: user=0.06 sys=0.00, real=0.05 secs] 
380.515: Total time for which application threads were stopped: 0.0797680 seconds, Stopping threads took: 0.0245210 seconds
380.515: Application time: 0.0000620 seconds
380.535: [GC [1 CMS-initial-mark: 259097K(331136K)] 291130K(479168K), 0.0001690 secs] [Times: user=0.00 sys=0.00, real=0.00 secs] 
380.536: Total time for which application threads were stopped: 0.0200440 seconds, Stopping threads took: 0.0198330 seconds
380.536: [CMS-concurrent-mark-start]
380.551: [CMS-concurrent-mark: 0.016/0.016 secs] [Times: user=0.10 sys=0.00, real=0.01 secs] 
380.551: [CMS-concurrent-preclean-start]
380.555: [CMS-concurrent-preclean: 0.004/0.004 secs] [Times: user=0.06 sys=0.00, real=0.01 secs] 
380.556: [CMS-concurrent-abortable-preclean-start]
380.556: [CMS-concurrent-abortable-preclean: 0.000/0.000 secs] [Times: user=0.00 sys=0.00, real=0.00 secs] 
380.556: Application time: 0.0205580 seconds
385.452: [GC[YG occupancy: 82125 K (148032 K)]385.452: [Rescan (parallel) , 0.0005460 secs]385.452: [weak refs processing, 0.0000080 secs]385.452: [scrub string table, 0.0001130 secs] [1 CMS-remark: 259097K(331136K)] 341223K(479168K), 0.0007440 secs] [Times: user=0.00 sys=0.00, real=0.00 secs] 
385.452: Total time for which application threads were stopped: 4.8962780 seconds, Stopping threads took: 4.8954900 seconds
385.452: [CMS-concurrent-sweep-start]
385.454: [CMS-concurrent-sweep: 0.002/0.002 secs] [Times: user=0.00 sys=0.00, real=0.00 secs] 
385.455: [CMS-concurrent-reset-start]
385.459: [CMS-concurrent-reset: 0.004/0.004 secs] [Times: user=0.03 sys=0.00, real=0.00 secs] 
385.459: Application time: 0.0065340 seconds
387.980: [GC387.980: [ParNew: 131478K->131478K(148032K), 0.0000180 secs]387.980: [CMS: 259097K->238027K(331136K), 0.0499440 secs] 390575K->238027K(479168K), [CMS Perm : 5124K->5124K(21248K)], 0.0500230 secs] [Times: user=0.05 sys=0.00, real=0.04 secs] 
388.030: Total time for which application threads were stopped: 2.5709600 seconds, Stopping threads took: 2.5208290 seconds
388.030: Application time: 0.0001310 seconds
388.031: [GC [1 CMS-initial-mark: 238027K(331136K)] 241940K(479168K), 0.0001540 secs] [Times: user=0.00 sys=0.00, real=0.00 secs] 
388.031: Total time for which application threads were stopped: 0.0006860 seconds, Stopping threads took: 0.0004960 seconds
388.031: [CMS-concurrent-mark-start]
388.049: [CMS-concurrent-mark: 0.019/0.019 secs] [Times: user=0.12 sys=0.00, real=0.02 secs] 
388.050: [CMS-concurrent-preclean-start]
388.053: [CMS-concurrent-preclean: 0.004/0.004 secs] [Times: user=0.02 sys=0.00, real=0.01 secs] 
388.054: [CMS-concurrent-abortable-preclean-start]
388.054: [CMS-concurrent-abortable-preclean: 0.000/0.000 secs] [Times: user=0.00 sys=0.00, real=0.00 secs] 
388.054: Application time: 0.0231710 seconds
390.472: [GC[YG occupancy: 120438 K (148032 K)]390.472: [Rescan (parallel) , 0.0003840 secs]390.473: [weak refs processing, 0.0000120 secs]390.473: [scrub string table, 0.0001110 secs] [1 CMS-remark: 238027K(331136K)] 358466K(479168K), 0.0017030 secs] [Times: user=0.00 sys=0.00, real=0.00 secs] 
390.474: Total time for which application threads were stopped: 2.4197300 seconds, Stopping threads took: 2.4179680 seconds
390.474: [CMS-concurrent-sweep-start]
390.476: [CMS-concurrent-sweep: 0.002/0.002 secs] [Times: user=0.02 sys=0.00, real=0.00 secs] 
390.476: [CMS-concurrent-reset-start]
390.478: [CMS-concurrent-reset: 0.002/0.002 secs] [Times: user=0.00 sys=0.00, real=0.00 secs] 
390.485: Application time: 0.0112090 seconds
400.523: [GC400.523: [ParNew: 123639K->123639K(148032K), 0.0000170 secs]400.523: [CMS: 238019K->107535K(331136K), 0.0262430 secs] 361659K->107535K(479168K), [CMS Perm : 5124K->5124K(21248K)], 0.0263180 secs] [Times: user=0.02 sys=0.00, real=0.02 secs] 
400.550: Total time for which application threads were stopped: 10.0648830 seconds, Stopping threads took: 10.0384800 seconds
400.550: Application time: 0.0001680 seconds
400.563: [GC [1 CMS-initial-mark: 107535K(331136K)] 185666K(479168K), 0.0002560 secs] [Times: user=0.00 sys=0.00, real=0.00 secs] 
400.564: Total time for which application threads were stopped: 0.0136860 seconds, Stopping threads took: 0.0133690 seconds
400.564: [CMS-concurrent-mark-start]
400.569: Application time: 0.0053230 seconds
400.587: [GC400.587: [ParNew: 121343K->11819K(148032K), 0.0260160 secs] 228878K->228739K(479168K), 0.0260710 secs] [Times: user=0.21 sys=0.00, real=0.03 secs] 
400.613: Total time for which application threads were stopped: 0.0441480 seconds, Stopping threads took: 0.0179790 seconds
400.640: [CMS-concurrent-mark: 0.032/0.076 secs] [Times: user=0.52 sys=0.02, real=0.08 secs] 
400.640: [CMS-concurrent-preclean-start]
400.641: [CMS-concurrent-preclean: 0.001/0.001 secs] [Times: user=0.00 sys=0.00, real=0.00 secs] 
400.641: [CMS-concurrent-abortable-preclean-start]
400.641: [CMS-concurrent-abortable-preclean: 0.000/0.000 secs] [Times: user=0.00 sys=0.00, real=0.00 secs] 
400.642: Application time: 0.0284350 seconds
408.080: [GC[YG occupancy: 125190 K (148032 K)]408.080: [Rescan (parallel) , 0.0006600 secs]408.080: [weak refs processing, 0.0000080 secs]408.080: [scrub string table, 0.0000960 secs] [1 CMS-remark: 216920K(331136K)] 342110K(479168K), 0.0008280 secs] [Times: user=0.00 sys=0.00, real=0.00 secs] 
408.081: Total time for which application threads were stopped: 7.4390790 seconds, Stopping threads took: 7.4382020 seconds
408.081: [CMS-concurrent-sweep-start]
408.081: Application time: 0.0000900 seconds
410.522: [GC410.523: [ParNew: 140817K->140817K(148032K), 0.0000180 secs]410.523: [CMS410.523: [CMS-concurrent-sweep: 0.000/2.442 secs] [Times: user=3.50 sys=1.41, real=2.44 secs] 
 (concurrent mode failure): 216920K->154410K(331136K), 0.0340920 secs] 357737K->154410K(479168K), [CMS Perm : 5124K->5124K(21248K)], 0.0341770 secs] [Times: user=0.03 sys=0.00, real=0.03 secs] 
410.557: Total time for which application threads were stopped: 2.4760100 seconds, Stopping threads took: 2.4417270 seconds
410.569: Application time: 0.0125010 seconds
410.583: [GC410.584: [ParNew: 122982K->16446K(148032K), 0.0260980 secs] 277392K->277211K(479168K), 0.0261580 secs] [Times: user=0.20 sys=0.00, real=0.02 secs] 
410.610: Total time for which application threads were stopped: 0.0404590 seconds, Stopping threads took: 0.0142040 seconds
410.610: Application time: 0.0001600 seconds
410.623: [GC [1 CMS-initial-mark: 260765K(331136K)] 310811K(479168K), 0.0001860 secs] [Times: user=0.00 sys=0.00, real=0.00 secs] 
410.623: Total time for which application threads were stopped: 0.0135200 seconds, Stopping threads took: 0.0132680 seconds
410.623: [CMS-concurrent-mark-start]
410.637: [CMS-concurrent-mark: 0.014/0.014 secs] [Times: user=0.10 sys=0.00, real=0.01 secs] 
410.638: [CMS-concurrent-preclean-start]
410.639: [CMS-concurrent-preclean: 0.002/0.002 secs] [Times: user=0.00 sys=0.00, real=0.00 secs] 
410.639: [CMS-concurrent-abortable-preclean-start]
410.639: [CMS-concurrent-abortable-preclean: 0.000/0.000 secs] [Times: user=0.00 sys=0.00, real=0.00 secs] 
410.640: Application time: 0.0163180 seconds
413.087: [GC[YG occupancy: 96925 K (148032 K)]413.087: [Rescan (parallel) , 0.0005560 secs]413.087: [weak refs processing, 0.0000080 secs]413.087: [scrub string table, 0.0001140 secs] [1 CMS-remark: 260765K(331136K)] 357690K(479168K), 0.0007230 secs] [Times: user=0.00 sys=0.00, real=0.00 secs] 
413.087: Total time for which application threads were stopped: 2.4476520 seconds, Stopping threads took: 2.4468640 seconds
413.087: [CMS-concurrent-sweep-start]
413.092: [CMS-concurrent-sweep: 0.004/0.004 secs] [Times: user=0.03 sys=0.00, real=0.01 secs] 
413.092: [CMS-concurrent-reset-start]
413.095: [CMS-concurrent-reset: 0.003/0.003 secs] [Times: user=0.01 sys=0.00, real=0.00 secs] 
413.104: Application time: 0.0164570 seconds
420.664: [GC420.664: [ParNew: 132945K->132945K(148032K), 0.0000160 secs]420.664: [CMS: 260650K->190348K(331136K), 0.0407460 secs] 393595K->190348K(479168K), [CMS Perm : 5124K->5124K(21248K)], 0.0408260 secs] [Times: user=0.04 sys=0.00, real=0.04 secs] 
420.704: Total time for which application threads were stopped: 7.6006780 seconds, Stopping threads took: 7.5597680 seconds
420.705: Application time: 0.0001910 seconds
425.618: [GC [1 CMS-initial-mark: 190348K(331136K)] 238012K(479168K), 0.0001450 secs] [Times: user=0.00 sys=0.00, real=0.00 secs] 
425.618: Total time for which application threads were stopped: 4.9131410 seconds, Stopping threads took: 4.9129540 seconds
425.618: [CMS-concurrent-mark-start]
425.622: Application time: 0.0041100 seconds
428.028: [GC428.028: [ParNew: 120561K->10256K(148032K), 0.0233990 secs] 310909K->309987K(479168K), 0.0234470 secs] [Times: user=0.18 sys=0.00, real=0.03 secs] 
428.052: Total time for which application threads were stopped: 2.4297840 seconds, Stopping threads took: 2.4062380 seconds
428.061: [CMS-concurrent-mark: 0.013/2.443 secs] [Times: user=3.75 sys=1.42, real=2.45 secs] 
428.061: [CMS-concurrent-preclean-start]
428.065: [CMS-concurrent-preclean: 0.004/0.004 secs] [Times: user=0.03 sys=0.00, real=0.00 secs] 
428.065: [CMS-concurrent-abortable-preclean-start]
428.065: [CMS-concurrent-abortable-preclean: 0.000/0.000 secs] [Times: user=0.00 sys=0.00, real=0.00 secs] 
428.066: Application time: 0.0137750 seconds
430.553: [GC[YG occupancy: 126046 K (148032 K)]430.553: [Rescan (parallel) , 0.0003200 secs]430.553: [weak refs processing, 0.0000090 secs]430.553: [scrub string table, 0.0001130 secs] [1 CMS-remark: 299731K(331136K)] 425777K(479168K), 0.0005000 secs] [Times: user=0.01 sys=0.00, real=0.00 secs] 
430.554: Total time for which application threads were stopped: 2.4880700 seconds, Stopping threads took: 2.4874990 seconds
430.554: [CMS-concurrent-sweep-start]
430.554: Application time: 0.0001700 seconds
430.575: [GC430.575: [ParNew: 126827K->126827K(148032K), 0.0000190 secs]430.575: [CMS430.575: [CMS-concurrent-sweep: 0.000/0.021 secs] [Times: user=0.06 sys=0.02, real=0.02 secs] 
 (concurrent mode failure): 299731K->223941K(331136K), 0.0470480 secs] 426559K->223941K(479168K), [CMS Perm : 5124K->5124K(21248K)], 0.0471300 secs] [Times: user=0.04 sys=0.00, real=0.05 secs] 
430.622: Total time for which application threads were stopped: 0.0680130 seconds, Stopping threads took: 0.0207980 seconds
430.637: Application time: 0.0148580 seconds
430.647: [GC430.647: [ParNew: 116577K->116577K(148032K), 0.0000180 secs]430.647: [CMS: 223941K->308317K(331136K), 0.0675470 secs] 340519K->340348K(479168K), [CMS Perm : 5124K->5124K(21248K)], 0.0676290 secs] [Times: user=0.07 sys=0.00, real=0.07 secs] 
430.714: Total time for which application threads were stopped: 0.0775790 seconds, Stopping threads took: 0.0098470 seconds
430.714: Application time: 0.0002000 seconds
430.731: [GC [1 CMS-initial-mark: 308317K(331136K)] 373950K(479168K), 0.0002200 secs] [Times: user=0.00 sys=0.00, real=0.00 secs] 
430.731: Total time for which application threads were stopped: 0.0168210 seconds, Stopping threads took: 0.0165480 seconds
430.731: [CMS-concurrent-mark-start]
430.745: [CMS-concurrent-mark: 0.013/0.013 secs] [Times: user=0.10 sys=0.00, real=0.02 secs] 
430.745: [CMS-concurrent-preclean-start]
430.757: [CMS-concurrent-preclean: 0.012/0.012 secs] [Times: user=0.09 sys=0.00, real=0.01 secs] 
430.757: [CMS-concurrent-abortable-preclean-start]
430.757: [CMS-concurrent-abortable-preclean: 0.000/0.000 secs] [Times: user=0.00 sys=0.00, real=0.00 secs] 
430.757: Application time: 0.0255190 seconds
446.518: [GC[YG occupancy: 82045 K (148032 K)]446.518: [Rescan (parallel) , 0.0004500 secs]446.519: [weak refs processing, 0.0000090 secs]446.519: [scrub string table, 0.0001290 secs] [1 CMS-remark: 308317K(331136K)] 390362K(479168K), 0.0006410 secs] [Times: user=0.00 sys=0.00, real=0.00 secs] 
446.519: Total time for which application threads were stopped: 15.7623050 seconds, Stopping threads took: 15.7615930 seconds
446.519: [CMS-concurrent-sweep-start]
446.522: [CMS-concurrent-sweep: 0.003/0.003 secs] [Times: user=0.01 sys=0.00, real=0.01 secs] 
446.522: [CMS-concurrent-reset-start]
446.524: Application time: 0.0051430 seconds
446.529: [GC446.529: [ParNew: 111353K->111353K(148032K), 0.0000170 secs]446.529: [CMS446.529: [CMS-concurrent-reset: 0.002/0.007 secs] [Times: user=0.04 sys=0.01, real=0.00 secs] 
: 308317K->114551K(331136K), 0.0282280 secs] 419670K->114551K(479168K), [CMS Perm : 5124K->5124K(21248K)], 0.0283100 secs] [Times: user=0.03 sys=0.00, real=0.03 secs] 
446.557: Total time for which application threads were stopped: 0.0327120 seconds, Stopping threads took: 0.0043040 seconds
446.559: Application time: 0.0021350 seconds
448.989: [GC448.989: [ParNew: 130549K->5508K(148032K), 0.0253270 secs] 245100K->245068K(479168K), 0.0253730 secs] [Times: user=0.19 sys=0.00, real=0.03 secs] 
449.014: Total time for which application threads were stopped: 2.4548050 seconds, Stopping threads took: 2.4293380 seconds
449.014: Application time: 0.0000550 seconds
449.032: [GC [1 CMS-initial-mark: 239559K(331136K)] 276318K(479168K), 0.0001930 secs] [Times: user=0.00 sys=0.00, real=0.00 secs] 
449.032: Total time for which application threads were stopped: 0.0183640 seconds, Stopping threads took: 0.0181010 seconds
449.032: [CMS-concurrent-mark-start]
449.041: [CMS-concurrent-mark: 0.009/0.009 secs] [Times: user=0.06 sys=0.00, real=0.01 secs] 
449.042: [CMS-concurrent-preclean-start]
449.043: [CMS-concurrent-preclean: 0.002/0.002 secs] [Times: user=0.00 sys=0.00, real=0.00 secs] 
449.043: [CMS-concurrent-abortable-preclean-start]
449.043: [CMS-concurrent-abortable-preclean: 0.000/0.000 secs] [Times: user=0.00 sys=0.00, real=0.00 secs] 
449.044: Application time: 0.0112020 seconds
451.615: [GC[YG occupancy: 119657 K (148032 K)]451.615: [Rescan (parallel) , 0.0019260 secs]451.617: [weak refs processing, 0.0000080 secs]451.617: [scrub string table, 0.0001140 secs] [1 CMS-remark: 239559K(331136K)] 359217K(479168K), 0.0021120 secs] [Times: user=0.01 sys=0.00, real=0.00 secs] 
451.617: Total time for which application threads were stopped: 2.5731210 seconds, Stopping threads took: 2.5709380 seconds
451.617: [CMS-concurrent-sweep-start]
451.617: Application time: 0.0001340 seconds
451.631: [GC451.631: [ParNew: 136066K->136066K(148032K), 0.0000180 secs]451.631: [CMS451.632: [CMS-concurrent-sweep: 0.000/0.015 secs] [Times: user=0.03 sys=0.01, real=0.02 secs] 
 (concurrent mode failure): 239559K->273942K(331136K), 0.0566970 secs] 375625K->273942K(479168K), [CMS Perm : 5124K->5124K(21248K)], 0.0567780 secs] [Times: user=0.06 sys=0.00, real=0.06 secs] 
451.688: Total time for which application threads were stopped: 0.0713110 seconds, Stopping threads took: 0.0144500 seconds
451.756: Application time: 0.0677100 seconds
470.555: [GC470.555: [ParNew: 117282K->117282K(148032K), 0.0000170 secs]470.555: [CMS: 273942K->35661K(331136K), 0.0130090 secs] 391224K->35661K(479168K), [CMS Perm : 5124K->5124K(21248K)], 0.0130820 secs] [Times: user=0.02 sys=0.00, real=0.01 secs] 
470.568: Total time for which application threads were stopped: 18.8126680 seconds, Stopping threads took: 18.7995030 seconds
470.569: Application time: 0.0001170 seconds
470.571: [GC [1 CMS-initial-mark: 35661K(331136K)] 51295K(479168K), 0.0002020 secs] [Times: user=0.00 sys=0.00, real=0.00 secs] 
470.571: Total time for which application threads were stopped: 0.0024680 seconds, Stopping threads took: 0.0022040 seconds
470.571: [CMS-concurrent-mark-start]
470.577: Application time: 0.0059560 seconds
470.596: [GC470.596: [ParNew: 127830K->16446K(148032K), 0.0268280 secs] 163492K->163206K(479168K), 0.0268840 secs] [Times: user=0.21 sys=0.00, real=0.03 secs] 
470.623: Total time for which application threads were stopped: 0.0459360 seconds, Stopping threads took: 0.0189520 seconds
470.638: [CMS-concurrent-mark: 0.021/0.067 secs] [Times: user=0.45 sys=0.01, real=0.07 secs] 
470.638: [CMS-concurrent-preclean-start]
470.640: [CMS-concurrent-preclean: 0.002/0.002 secs] [Times: user=0.03 sys=0.00, real=0.01 secs] 
470.640: [CMS-concurrent-abortable-preclean-start]
470.687: Application time: 0.0636810 seconds
473.157: [GC473.157: [ParNew: 146218K->4725K(148032K), 0.0302950 secs] 292978K->292139K(479168K), 0.0303680 secs] [Times: user=0.24 sys=0.01, real=0.03 secs] 
473.188: Total time for which application threads were stopped: 2.5008320 seconds, Stopping threads took: 2.4703800 seconds
473.191: [CMS-concurrent-abortable-preclean: 0.005/2.551 secs] [Times: user=4.16 sys=1.43, real=2.54 secs] 
473.192: Application time: 0.0043020 seconds
473.207: [GC[YG occupancy: 114112 K (148032 K)]473.207: [Rescan (parallel) , 0.0005440 secs]473.208: [weak refs processing, 0.0000080 secs]473.208: [scrub string table, 0.0001300 secs] [1 CMS-remark: 287413K(331136K)] 401526K(479168K), 0.0007550 secs] [Times: user=0.00 sys=0.00, real=0.00 secs] 
473.208: Total time for which application threads were stopped: 0.0164100 seconds, Stopping threads took: 0.0156100 seconds
473.208: [CMS-concurrent-sweep-start]
473.211: [CMS-concurrent-sweep: 0.003/0.003 secs] [Times: user=0.00 sys=0.00, real=0.00 secs] 
473.211: [CMS-concurrent-reset-start]
473.214: Application time: 0.0056790 seconds
473.229: [GC473.229: [ParNew: 122007K->122007K(148032K), 0.0000160 secs]473.229: [CMS473.229: [CMS-concurrent-reset: 0.003/0.018 secs] [Times: user=0.13 sys=0.02, real=0.02 secs] 
: 287364K->330917K(331136K), 0.0712450 secs] 409372K->359099K(479168K), [CMS Perm : 5124K->5124K(21248K)], 0.0713220 secs] [Times: user=0.07 sys=0.00, real=0.08 secs] 
473.301: Total time for which application threads were stopped: 0.0866540 seconds, Stopping threads took: 0.0152350 seconds
473.301: Application time: 0.0000850 seconds
478.236: [GC [1 CMS-initial-mark: 330917K(331136K)] 391137K(479168K), 0.0001690 secs] [Times: user=0.00 sys=0.00, real=0.00 secs] 
478.236: Total time for which application threads were stopped: 4.9350480 seconds, Stopping threads took: 4.9348230 seconds
478.236: [CMS-concurrent-mark-start]
478.246: [CMS-concurrent-mark: 0.010/0.010 secs] [Times: user=0.07 sys=0.00, real=0.01 secs] 
478.246: [CMS-concurrent-preclean-start]
478.259: [CMS-concurrent-preclean: 0.013/0.013 secs] [Times: user=0.10 sys=0.00, real=0.01 secs] 
478.259: [CMS-concurrent-abortable-preclean-start]
478.259: [CMS-concurrent-abortable-preclean: 0.000/0.000 secs] [Times: user=0.00 sys=0.00, real=0.00 secs] 
478.260: Application time: 0.0239000 seconds
490.924: [GC[YG occupancy: 129134 K (148032 K)]490.924: [Rescan (parallel) , 0.0003830 secs]490.925: [weak refs processing, 0.0000080 secs]490.925: [scrub string table, 0.0001120 secs] [1 CMS-remark: 330917K(331136K)] 460051K(479168K), 0.0005470 secs] [Times: user=0.00 sys=0.00, real=0.00 secs] 
490.925: Total time for which application threads were stopped: 12.6651760 seconds, Stopping threads took: 12.6645580 seconds
490.925: [CMS-concurrent-sweep-start]
490.927: Application time: 0.0025230 seconds
490.939: [Full GC490.939: [CMS490.939: [CMS-concurrent-sweep: 0.002/0.014 secs] [Times: user=0.04 sys=0.00, real=0.01 secs] 
 (concurrent mode failure): 330917K->121599K(331136K), 0.0290350 secs] 477629K->121599K(479168K), [CMS Perm : 5124K->5124K(21248K)], 0.0291050 secs] [Times: user=0.03 sys=0.00, real=0.03 secs] 
490.968: Total time for which application threads were stopped: 0.0407800 seconds, Stopping threads took: 0.0115780 seconds
490.978: Application time: 0.0103870 seconds
490.992: [GC490.992: [ParNew: 108610K->14845K(148032K), 0.0237270 secs] 230209K->230203K(479168K), 0.0237810 secs] [Times: user=0.19 sys=0.00, real=0.02 secs] 
491.016: Total time for which application threads were stopped: 0.0371360 seconds, Stopping threads took: 0.0132550 seconds
491.016: Application time: 0.0000840 seconds
491.032: [GC [1 CMS-initial-mark: 215357K(331136K)] 324741K(479168K), 0.0001670 secs] [Times: user=0.00 sys=0.00, real=0.00 secs] 
491.032: Total time for which application threads were stopped: 0.0164810 seconds, Stopping threads took: 0.0162470 seconds
491.032: [CMS-concurrent-mark-start]
491.044: [CMS-concurrent-mark: 0.012/0.012 secs] [Times: user=0.09 sys=0.00, real=0.01 secs] 
491.044: [CMS-concurrent-preclean-start]
491.046: [CMS-concurrent-preclean: 0.001/0.001 secs] [Times: user=0.00 sys=0.00, real=0.00 secs] 
491.046: [CMS-concurrent-abortable-preclean-start]
491.074: Application time: 0.0417890 seconds
491.147: [CMS-concurrent-abortable-preclean: 0.001/0.101 secs] [Times: user=0.51 sys=0.05, real=0.10 secs] 
498.669: [GC498.669: [ParNew: 141420K->141420K(148032K), 0.0000180 secs]498.669: [CMS (concurrent mode failure): 215357K->204412K(331136K), 0.0433360 secs] 356778K->204412K(479168K), [CMS Perm : 5124K->5124K(21248K)], 0.0434260 secs] [Times: user=0.05 sys=0.00, real=0.05 secs] 
498.713: Total time for which application threads were stopped: 7.6385080 seconds, Stopping threads took: 7.5949970 seconds
498.726: Application time: 0.0131250 seconds
498.742: [GC498.742: [ParNew: 120561K->11037K(148032K), 0.0259850 secs] 324974K->324835K(479168K), 0.0260440 secs] [Times: user=0.21 sys=0.00, real=0.02 secs] 
498.768: Total time for which application threads were stopped: 0.0426030 seconds, Stopping threads took: 0.0164620 seconds
498.768: Application time: 0.0000550 seconds
498.782: [GC [1 CMS-initial-mark: 313797K(331136K)] 357652K(479168K), 0.0001840 secs] [Times: user=0.00 sys=0.00, real=0.00 secs] 
498.782: Total time for which application threads were stopped: 0.0134370 seconds, Stopping threads took: 0.0131910 seconds
498.782: [CMS-concurrent-mark-start]
498.794: [CMS-concurrent-mark: 0.012/0.012 secs] [Times: user=0.08 sys=0.00, real=0.01 secs] 
498.794: [CMS-concurrent-preclean-start]
498.796: [CMS-concurrent-preclean: 0.001/0.001 secs] [Times: user=0.03 sys=0.00, real=0.00 secs] 
498.796: [CMS-concurrent-abortable-preclean-start]
498.796: [CMS-concurrent-abortable-preclean: 0.000/0.000 secs] [Times: user=0.00 sys=0.00, real=0.00 secs] 
498.796: Application time: 0.0143340 seconds
506.287: [GC[YG occupancy: 44641 K (148032 K)]506.287: [Rescan (parallel) , 0.0003520 secs]506.287: [weak refs processing, 0.0000080 secs]506.287: [scrub string table, 0.0001240 secs] [1 CMS-remark: 313797K(331136K)] 358439K(479168K), 0.0005360 secs] [Times: user=0.01 sys=0.00, real=0.00 secs] 
506.288: Total time for which application threads were stopped: 7.4914410 seconds, Stopping threads took: 7.4908350 seconds
506.288: [CMS-concurrent-sweep-start]
506.290: [CMS-concurrent-sweep: 0.003/0.003 secs] [Times: user=0.00 sys=0.00, real=0.00 secs] 
506.291: [CMS-concurrent-reset-start]
506.295: [CMS-concurrent-reset: 0.004/0.004 secs] [Times: user=0.03 sys=0.00, real=0.01 secs] 
506.297: Application time: 0.0094990 seconds
511.121: [GC511.121: [ParNew: 130820K->130820K(148032K), 0.0000160 secs]511.121: [CMS: 313711K->190350K(331136K), 0.0396600 secs] 444531K->190350K(479168K), [CMS Perm : 5124K->5124K(21248K)], 0.0397360 secs] [Times: user=0.04 sys=0.00, real=0.04 secs] 
511.161: Total time for which application threads were stopped: 4.8634340 seconds, Stopping threads took: 4.8236150 seconds
511.161: Application time: 0.0001280 seconds
511.167: [GC [1 CMS-initial-mark: 190350K(331136K)] 224731K(479168K), 0.0001850 secs] [Times: user=0.00 sys=0.00, real=0.00 secs] 
511.167: Total time for which application threads were stopped: 0.0061360 seconds, Stopping threads took: 0.0059010 seconds
511.167: [CMS-concurrent-mark-start]
511.176: Application time: 0.0089040 seconds
511.204: [GC511.204: [ParNew: 104075K->10224K(148032K), 0.0223530 secs] 294425K->294331K(479168K), 0.0224170 secs] [Times: user=0.18 sys=0.01, real=0.02 secs] 
511.226: Total time for which application threads were stopped: 0.0503880 seconds, Stopping threads took: 0.0278920 seconds
511.229: [CMS-concurrent-mark: 0.011/0.062 secs] [Times: user=0.41 sys=0.02, real=0.06 secs] 
511.229: [CMS-concurrent-preclean-start]
511.230: [CMS-concurrent-preclean: 0.001/0.001 secs] [Times: user=0.00 sys=0.00, real=0.00 secs] 
511.230: [CMS-concurrent-abortable-preclean-start]
511.230: [CMS-concurrent-abortable-preclean: 0.000/0.000 secs] [Times: user=0.00 sys=0.00, real=0.00 secs] 
511.230: Application time: 0.0043330 seconds
518.773: [GC[YG occupancy: 57107 K (148032 K)]518.773: [Rescan (parallel) , 0.0004790 secs]518.773: [weak refs processing, 0.0000080 secs]518.773: [scrub string table, 0.0001260 secs] [1 CMS-remark: 284106K(331136K)] 341214K(479168K), 0.0006890 secs] [Times: user=0.00 sys=0.00, real=0.00 secs] 
518.773: Total time for which application threads were stopped: 7.5429920 seconds, Stopping threads took: 7.5422530 seconds
518.774: [CMS-concurrent-sweep-start]
518.776: [CMS-concurrent-sweep: 0.003/0.003 secs] [Times: user=0.02 sys=0.00, real=0.00 secs] 
518.776: [CMS-concurrent-reset-start]
518.781: [CMS-concurrent-reset: 0.004/0.004 secs] [Times: user=0.03 sys=0.00, real=0.01 secs] 
518.786: Application time: 0.0125020 seconds
518.801: [GC518.801: [ParNew: 141645K->141645K(148032K), 0.0000180 secs]518.801: [CMS: 284082K->273163K(331136K), 0.0559290 secs] 425727K->273163K(479168K), [CMS Perm : 5124K->5124K(21248K)], 0.0560140 secs] [Times: user=0.06 sys=0.00, real=0.05 secs] 
518.857: Total time for which application threads were stopped: 0.0712110 seconds, Stopping threads took: 0.0150910 seconds
518.857: Application time: 0.0000900 seconds
518.860: [GC [1 CMS-initial-mark: 273163K(331136K)] 276294K(479168K), 0.0001590 secs] [Times: user=0.00 sys=0.00, real=0.00 secs] 
518.861: Total time for which application threads were stopped: 0.0034060 seconds, Stopping threads took: 0.0031870 seconds
518.861: [CMS-concurrent-mark-start]
518.873: [CMS-concurrent-mark: 0.012/0.012 secs] [Times: user=0.09 sys=0.00, real=0.01 secs] 
518.873: [CMS-concurrent-preclean-start]
518.875: [CMS-concurrent-preclean: 0.002/0.002 secs] [Times: user=0.00 sys=0.00, real=0.00 secs] 
518.875: [CMS-concurrent-abortable-preclean-start]
518.875: [CMS-concurrent-abortable-preclean: 0.000/0.000 secs] [Times: user=0.00 sys=0.00, real=0.00 secs] 
518.876: Application time: 0.0149360 seconds
523.685: [GC[YG occupancy: 85248 K (148032 K)]523.685: [Rescan (parallel) , 0.0004610 secs]523.686: [weak refs processing, 0.0000110 secs]523.686: [scrub string table, 0.0001100 secs] [1 CMS-remark: 273163K(331136K)] 358412K(479168K), 0.0006470 secs] [Times: user=0.01 sys=0.00, real=0.00 secs] 
523.686: Total time for which application threads were stopped: 4.8103220 seconds, Stopping threads took: 4.8096270 seconds
523.686: [CMS-concurrent-sweep-start]
523.688: [CMS-concurrent-sweep: 0.003/0.003 secs] [Times: user=0.01 sys=0.00, real=0.00 secs] 
523.689: [CMS-concurrent-reset-start]
523.691: [CMS-concurrent-reset: 0.003/0.003 secs] [Times: user=0.00 sys=0.00, real=0.00 secs] 
523.696: Application time: 0.0105240 seconds
531.272: [GC531.272: [ParNew: 108063K->108063K(148032K), 0.0000120 secs]531.272: [CMS: 273163K->127069K(331136K), 0.0284620 secs] 381226K->127069K(479168K), [CMS Perm : 5124K->5124K(21248K)], 0.0285350 secs] [Times: user=0.03 sys=0.00, real=0.03 secs] 
531.301: Total time for which application threads were stopped: 7.6041150 seconds, Stopping threads took: 7.5754780 seconds
531.304: Application time: 0.0031540 seconds
533.755: [GC [1 CMS-initial-mark: 127069K(331136K)] 194504K(479168K), 0.0001610 secs] [Times: user=0.00 sys=0.00, real=0.00 secs] 
533.755: Total time for which application threads were stopped: 2.4517530 seconds, Stopping threads took: 2.4515440 seconds
533.756: [CMS-concurrent-mark-start]
533.757: Application time: 0.0010290 seconds
533.777: [GC533.777: [ParNew: 101809K->7912K(148032K), 0.0218300 secs] 228879K->228740K(479168K), 0.0218830 secs] [Times: user=0.17 sys=0.00, real=0.02 secs] 
533.799: Total time for which application threads were stopped: 0.0427440 seconds, Stopping threads took: 0.0207820 seconds
533.820: Application time: 0.0207780 seconds
538.617: [GC538.617: [ParNew: 139251K->139251K(148032K), 0.0000130 secs]538.617: [CMS538.618: [CMS-concurrent-mark: 0.022/4.862 secs] [Times: user=11.93 sys=2.81, real=4.86 secs] 
 (concurrent mode failure): 220827K->207538K(331136K), 0.0434340 secs] 360079K->207538K(479168K), [CMS Perm : 5124K->5124K(21248K)], 0.0435110 secs] [Times: user=0.05 sys=0.00, real=0.05 secs] 
538.661: Total time for which application threads were stopped: 4.8405870 seconds, Stopping threads took: 4.7969750 seconds
538.723: Application time: 0.0624190 seconds
543.698: [GC543.698: [ParNew: 117354K->15693K(148032K), 0.0174270 secs] 324892K->291985K(479168K), 0.0175060 secs] [Times: user=0.14 sys=0.00, real=0.02 secs] 
543.715: Total time for which application threads were stopped: 4.9921720 seconds, Stopping threads took: 4.9745660 seconds
543.715: Application time: 0.0002360 seconds
543.729: [GC [1 CMS-initial-mark: 276292K(331136K)] 370902K(479168K), 0.0002890 secs] [Times: user=0.00 sys=0.00, real=0.00 secs] 
543.730: Total time for which application threads were stopped: 0.0142120 seconds, Stopping threads took: 0.0138600 seconds
543.730: [CMS-concurrent-mark-start]
543.744: [CMS-concurrent-mark: 0.014/0.014 secs] [Times: user=0.10 sys=0.00, real=0.02 secs] 
543.744: [CMS-concurrent-preclean-start]
543.747: [CMS-concurrent-preclean: 0.003/0.003 secs] [Times: user=0.01 sys=0.00, real=0.00 secs] 
543.748: [CMS-concurrent-abortable-preclean-start]
543.748: [CMS-concurrent-abortable-preclean: 0.000/0.000 secs] [Times: user=0.00 sys=0.00, real=0.00 secs] 
543.748: Application time: 0.0181980 seconds
543.755: [GC[YG occupancy: 136178 K (148032 K)]543.755: [Rescan (parallel) , 0.0004330 secs]543.755: [weak refs processing, 0.0000080 secs]543.755: [scrub string table, 0.0001340 secs] [1 CMS-remark: 276292K(331136K)] 412471K(479168K), 0.0006470 secs] [Times: user=0.01 sys=0.00, real=0.00 secs] 
543.755: Total time for which application threads were stopped: 0.0075690 seconds, Stopping threads took: 0.0068570 seconds
543.756: Application time: 0.0000730 seconds
543.756: [CMS-concurrent-sweep-start]
551.321: [GC551.321: [ParNew: 136178K->136178K(148032K), 0.0000170 secs]551.321: [CMS551.321: [CMS-concurrent-sweep: 7.566/7.566 secs] [Times: user=25.58 sys=4.45, real=7.57 secs] 
 (concurrent mode failure): 276292K->191132K(331136K), 0.0414830 secs] 412471K->191132K(479168K), [CMS Perm : 5128K->5128K(21248K)], 0.0415650 secs] [Times: user=0.04 sys=0.00, real=0.04 secs] 
551.363: Total time for which application threads were stopped: 7.6069650 seconds, Stopping threads took: 7.5653160 seconds
551.371: Application time: 0.0089720 seconds
558.868: [GC558.868: [ParNew: 103372K->9475K(148032K), 0.0212530 secs] 294505K->294364K(479168K), 0.0213100 secs] [Times: user=0.16 sys=0.00, real=0.02 secs] 
558.889: Total time for which application threads were stopped: 7.5173400 seconds, Stopping threads took: 7.4959420 seconds
558.889: Application time: 0.0001360 seconds
558.914: [GC [1 CMS-initial-mark: 284889K(331136K)] 341243K(479168K), 0.0002090 secs] [Times: user=0.00 sys=0.00, real=0.00 secs] 
558.915: Total time for which application threads were stopped: 0.0257210 seconds, Stopping threads took: 0.0254420 seconds
558.915: [CMS-concurrent-mark-start]
558.923: Application time: 0.0080650 seconds
558.939: [GC558.940: [ParNew: 126050K->126050K(148032K), 0.0000190 secs]558.940: [CMS558.940: [CMS-concurrent-mark: 0.009/0.026 secs] [Times: user=0.12 sys=0.01, real=0.03 secs] 
 (concurrent mode failure): 284889K->258320K(331136K), 0.0538670 secs] 410939K->258320K(479168K), [CMS Perm : 5128K->5128K(21248K)], 0.0539660 secs] [Times: user=0.05 sys=0.00, real=0.06 secs] 
558.993: Total time for which application threads were stopped: 0.0706950 seconds, Stopping threads took: 0.0166250 seconds
560.994: Application time: 2.0002380 seconds
577.859: [GC [1 CMS-initial-mark: 258320K(331136K)] 356822K(479168K), 0.0001430 secs] [Times: user=0.00 sys=0.00, real=0.00 secs] 
577.859: Total time for which application threads were stopped: 16.8650990 seconds, Stopping threads took: 16.8648990 seconds
577.859: [CMS-concurrent-mark-start]
577.862: [CMS-concurrent-mark: 0.002/0.003 secs] [Times: user=0.00 sys=0.00, real=0.01 secs] 
577.862: [CMS-concurrent-preclean-start]
577.862: [CMS-concurrent-preclean: 0.000/0.000 secs] [Times: user=0.00 sys=0.00, real=0.00 secs] 
577.862: [CMS-concurrent-abortable-preclean-start]
577.862: [CMS-concurrent-abortable-preclean: 0.000/0.000 secs] [Times: user=0.00 sys=0.00, real=0.00 secs] 
577.862: Application time: 0.0035990 seconds
577.862: [GC[YG occupancy: 99148 K (148032 K)]577.862: [Rescan (parallel) , 0.0002810 secs]577.863: [weak refs processing, 0.0000070 secs]577.863: [scrub string table, 0.0001060 secs] [1 CMS-remark: 258320K(331136K)] 357468K(479168K), 0.0004160 secs] [Times: user=0.01 sys=0.00, real=0.00 secs] 
577.863: Total time for which application threads were stopped: 0.0004860 seconds, Stopping threads took: 0.0000350 seconds
577.863: [CMS-concurrent-sweep-start]
577.863: [CMS-concurrent-sweep: 0.000/0.000 secs] [Times: user=0.00 sys=0.00, real=0.00 secs] 
577.863: [CMS-concurrent-reset-start]
577.864: [CMS-concurrent-reset: 0.000/0.000 secs] [Times: user=0.00 sys=0.00, real=0.00 secs] 
577.954: Application time: 0.0908410 seconds
577.954: Total time for which application threads were stopped: 0.0000550 seconds, Stopping threads took: 0.0000080 seconds
578.188: Application time: 0.2340880 seconds
578.188: [GC578.188: [ParNew: 131584K->10571K(148032K), 0.0044850 secs] 132809K->11796K(479168K), 0.0045220 secs] [Times: user=0.03 sys=0.00, real=0.01 secs] 
578.193: Total time for which application threads were stopped: 0.0046180 seconds, Stopping threads took: 0.0000110 seconds
578.193: Application time: 0.0000880 seconds
578.193: Total time for which application threads were stopped: 0.0000730 seconds, Stopping threads took: 0.0000470 seconds
578.193: Application time: 0.0000450 seconds
578.193: Total time for which application threads were stopped: 0.0000340 seconds, Stopping threads took: 0.0000210 seconds
578.193: Application time: 0.0000350 seconds
578.193: Total time for which application threads were stopped: 0.0000440 seconds, Stopping threads took: 0.0000390 seconds
578.193: Application time: 0.0000150 seconds
578.193: Total time for which application threads were stopped: 0.0000100 seconds, Stopping threads took: 0.0000060 seconds
578.193: Application time: 0.0000350 seconds
578.193: Total time for which application threads were stopped: 0.0000190 seconds, Stopping threads took: 0.0000150 seconds
578.193: Application time: 0.0000100 seconds
578.193: Total time for which application threads were stopped: 0.0000150 seconds, Stopping threads took: 0.0000110 seconds
578.193: Application time: 0.0000120 seconds
578.193: Total time for which application threads were stopped: 0.0000140 seconds, Stopping threads took: 0.0000090 seconds
578.193: Application time: 0.0000130 seconds
578.193: Total time for which application threads were stopped: 0.0000160 seconds, Stopping threads took: 0.0000120 seconds
578.193: Application time: 0.0000160 seconds
578.193: Total time for which application threads were stopped: 0.0000150 seconds, Stopping threads took: 0.0000100 seconds
578.193: Application time: 0.0000110 seconds
578.193: Total time for which application threads were stopped: 0.0000200 seconds, Stopping threads took: 0.0000100 seconds
578.193: Application time: 0.0000130 seconds
578.193: Total time for which application threads were stopped: 0.0000170 seconds, Stopping threads took: 0.0000100 seconds
578.193: Application time: 0.0000140 seconds
578.193: Total time for which application threads were stopped: 0.0000150 seconds, Stopping threads took: 0.0000100 seconds
578.193: Application time: 0.0000110 seconds
578.193: Total time for which application threads were stopped: 0.0000160 seconds, Stopping threads took: 0.0000110 seconds
578.193: Application time: 0.0000110 seconds
578.193: Total time for which application threads were stopped: 0.0000150 seconds, Stopping threads took: 0.0000100 seconds
578.193: Application time: 0.0000120 seconds
578.193: Total time for which application threads were stopped: 0.0000150 seconds, Stopping threads took: 0.0000100 seconds
578.193: Application time: 0.0000120 seconds
578.193: Total time for which application threads were stopped: 0.0000150 seconds, Stopping threads took: 0.0000100 seconds
578.193: Application time: 0.0000110 seconds
578.193: Total time for which application threads were stopped: 0.0000140 seconds, Stopping threads took: 0.0000100 seconds
578.193: Application time: 0.0000110 seconds
578.193: Total time for which application threads were stopped: 0.0000170 seconds, Stopping threads took: 0.0000130 seconds
578.193: Application time: 0.0000110 seconds
578.193: Total time for which application threads were stopped: 0.0000180 seconds, Stopping threads took: 0.0000140 seconds
578.193: Application time: 0.0000120 seconds
578.193: Total time for which application threads were stopped: 0.0000220 seconds, Stopping threads took: 0.0000120 seconds
578.193: Application time: 0.0000120 seconds
578.193: Total time for which application threads were stopped: 0.0000220 seconds, Stopping threads took: 0.0000170 seconds
578.193: Application time: 0.0000120 seconds
578.193: Total time for which application threads were stopped: 0.0000180 seconds, Stopping threads took: 0.0000140 seconds
578.193: Application time: 0.0000120 seconds
578.193: Total time for which application threads were stopped: 0.0000180 seconds, Stopping threads took: 0.0000140 seconds
578.193: Application time: 0.0000120 seconds
578.193: Total time for which application threads were stopped: 0.0000140 seconds, Stopping threads took: 0.0000100 seconds
578.194: Application time: 0.0000120 seconds
578.194: Total time for which application threads were stopped: 0.0000180 seconds, Stopping threads took: 0.0000130 seconds
578.194: Application time: 0.0000110 seconds
578.194: Total time for which application threads were stopped: 0.0000150 seconds, Stopping threads took: 0.0000110 seconds
578.194: Application time: 0.0000120 seconds
578.194: Total time for which application threads were stopped: 0.0000140 seconds, Stopping threads took: 0.0000100 seconds
578.194: Application time: 0.0000110 seconds
578.194: Total time for which application threads were stopped: 0.0000150 seconds, Stopping threads took: 0.0000110 seconds
578.194: Application time: 0.0000110 seconds
578.194: Total time for which application threads were stopped: 0.0000180 seconds, Stopping threads took: 0.0000140 seconds
578.194: Application time: 0.0000110 seconds
578.194: Total time for which application threads were stopped: 0.0000190 seconds, Stopping threads took: 0.0000140 seconds
578.194: Application time: 0.0000120 seconds
578.194: Total time for which application threads were stopped: 0.0000190 seconds, Stopping threads took: 0.0000150 seconds
578.194: Application time: 0.0000300 seconds
578.194: Total time for which application threads were stopped: 0.0000190 seconds, Stopping threads took: 0.0000100 seconds
578.194: Application time: 0.0000150 seconds
578.194: Total time for which application threads were stopped: 0.0000200 seconds, Stopping threads took: 0.0000160 seconds
578.194: Application time: 0.0000120 seconds
578.194: Total time for which application threads were stopped: 0.0000170 seconds, Stopping threads took: 0.0000130 seconds
578.194: Application time: 0.0000120 seconds
578.194: Total time for which application threads were stopped: 0.0000190 seconds, Stopping threads took: 0.0000150 seconds
578.194: Application time: 0.0000110 seconds
578.194: Total time for which application threads were stopped: 0.0000130 seconds, Stopping threads took: 0.0000090 seconds
578.194: Application time: 0.0000110 seconds
578.194: Total time for which application threads were stopped: 0.0000190 seconds, Stopping threads took: 0.0000150 seconds
578.194: Application time: 0.0000110 seconds
578.194: Total time for which application threads were stopped: 0.0000140 seconds, Stopping threads took: 0.0000100 seconds
578.194: Application time: 0.0000110 seconds
578.194: Total time for which application threads were stopped: 0.0000180 seconds, Stopping threads took: 0.0000140 seconds
578.194: Application time: 0.0000110 seconds
578.194: Total time for which application threads were stopped: 0.0000130 seconds, Stopping threads took: 0.0000090 seconds
578.194: Application time: 0.0000110 seconds
578.194: Total time for which application threads were stopped: 0.0000260 seconds, Stopping threads took: 0.0000150 seconds
578.194: Application time: 0.0001460 seconds
578.194: Total time for which application threads were stopped: 0.0000120 seconds, Stopping threads took: 0.0000050 seconds
578.194: Application time: 0.0002820 seconds
578.194: Total time for which application threads were stopped: 0.0000100 seconds, Stopping threads took: 0.0000040 seconds
578.195: Application time: 0.0000200 seconds
578.195: Total time for which application threads were stopped: 0.0000100 seconds, Stopping threads took: 0.0000030 seconds
578.195: Application time: 0.0000430 seconds
578.195: Total time for which application threads were stopped: 0.0000110 seconds, Stopping threads took: 0.0000040 seconds
578.232: Application time: 0.0379010 seconds
578.232: Total time for which application threads were stopped: 0.0000220 seconds, Stopping threads took: 0.0000080 seconds
Heap
 par new generation   total 148032K, used 17728K [0x00000000dca00000, 0x00000000e6aa0000, 0x00000000e6aa0000)
  eden space 131584K,   5% used [0x00000000dca00000, 0x00000000dd0fd4c8, 0x00000000e4a80000)
  from space 16448K,  64% used [0x00000000e5a90000, 0x00000000e64e2c00, 0x00000000e6aa0000)
  to   space 16448K,   0% used [0x00000000e4a80000, 0x00000000e4a80000, 0x00000000e5a90000)
 concurrent mark-sweep generation total 331136K, used 1225K [0x00000000e6aa0000, 0x00000000fae00000, 0x00000000fae00000)
 concurrent-mark-sweep perm gen total 21248K, used 12731K [0x00000000fae00000, 0x00000000fc2c0000, 0x0000000100000000)
578.233: Application time: 0.0001980 seconds
