Java HotSpot(TM) 64-Bit Server VM (24.80-b11) for linux-amd64 JRE (1.7.0_80-b15), built on Apr 10 2015 19:53:14 by "java_re" with gcc 4.3.0 20080428 (Red Hat 4.3.0-8)
Memory: 4k page, physical 8000092k(5276544k free), swap 8218620k(8218620k free)
CommandLine flags: -XX:InitialHeapSize=57730048 -XX:MaxHeapSize=57730048 -XX:MaxNewSize=18874368 -XX:MaxTenuringThreshold=6 -XX:NewSize=18874368 -XX:OldPLABSize=16 -XX:OldSize=37748736 -XX:+PrintGC -XX:+PrintGCApplicationConcurrentTime -XX:+PrintGCApplicationStoppedTime -XX:+PrintGCDetails -XX:+PrintGCTimeStamps -XX:-UseAdaptiveSizePolicy -XX:+UseCompressedOops -XX:+UseConcMarkSweepGC -XX:+UseParNewGC 
4.028: Application time: 4.0056100 seconds
4.028: Total time for which application threads were stopped: 0.0001180 seconds, Stopping threads took: 0.0000430 seconds
14.778: Application time: 10.7500150 seconds
14.778: Total time for which application threads were stopped: 0.0000250 seconds, Stopping threads took: 0.0000080 seconds
14.778: Application time: 0.0000160 seconds
14.778: Total time for which application threads were stopped: 0.0000110 seconds, Stopping threads took: 0.0000060 seconds
14.780: Application time: 0.0014140 seconds
14.780: Total time for which application threads were stopped: 0.0000100 seconds, Stopping threads took: 0.0000040 seconds
14.808: Application time: 0.0282860 seconds
14.808: Total time for which application threads were stopped: 0.0000440 seconds, Stopping threads took: 0.0000120 seconds
14.820: Application time: 0.0123980 seconds
14.820: [Full GC14.820: [CMS: 0K->3177K(37952K), 0.0100980 secs] 9564K->3177K(54592K), [CMS Perm : 5078K->5076K(21248K)], 0.0101540 secs] [Times: user=0.01 sys=0.00, real=0.02 secs] 
14.831: Total time for which application threads were stopped: 0.0102130 seconds, Stopping threads took: 0.0000070 seconds
14.831: Application time: 0.0000820 seconds
14.831: [Full GC14.831: [CMS: 3177K->3177K(37952K), 0.0069130 secs] 3177K->3177K(54592K), [CMS Perm : 5076K->5076K(21248K)], 0.0069450 secs] [Times: user=0.01 sys=0.00, real=0.00 secs] 
14.838: Total time for which application threads were stopped: 0.0069970 seconds, Stopping threads took: 0.0000070 seconds
14.838: Application time: 0.0001570 seconds
14.838: Total time for which application threads were stopped: 0.0000290 seconds, Stopping threads took: 0.0000190 seconds
14.838: Application time: 0.0000430 seconds
14.838: Total time for which application threads were stopped: 0.0000530 seconds, Stopping threads took: 0.0000470 seconds
14.838: Application time: 0.0000420 seconds
14.838: Total time for which application threads were stopped: 0.0000210 seconds, Stopping threads took: 0.0000160 seconds
14.838: Application time: 0.0000360 seconds
14.838: Total time for which application threads were stopped: 0.0000250 seconds, Stopping threads took: 0.0000200 seconds
14.838: Application time: 0.0000330 seconds
14.838: Total time for which application threads were stopped: 0.0000280 seconds, Stopping threads took: 0.0000240 seconds
14.838: Application time: 0.0000320 seconds
14.838: Total time for which application threads were stopped: 0.0000150 seconds, Stopping threads took: 0.0000120 seconds
14.838: Application time: 0.0000310 seconds
14.838: Total time for which application threads were stopped: 0.0000170 seconds, Stopping threads took: 0.0000130 seconds
14.838: Application time: 0.0000100 seconds
14.838: Total time for which application threads were stopped: 0.0000160 seconds, Stopping threads took: 0.0000130 seconds
14.838: Application time: 0.0000090 seconds
14.838: Total time for which application threads were stopped: 0.0000120 seconds, Stopping threads took: 0.0000090 seconds
14.838: Application time: 0.0000090 seconds
14.838: Total time for which application threads were stopped: 0.0000120 seconds, Stopping threads took: 0.0000090 seconds
14.838: Application time: 0.0000090 seconds
14.838: Total time for which application threads were stopped: 0.0000110 seconds, Stopping threads took: 0.0000080 seconds
14.838: Application time: 0.0000090 seconds
14.838: Total time for which application threads were stopped: 0.0000120 seconds, Stopping threads took: 0.0000090 seconds
14.838: Application time: 0.0000090 seconds
14.838: Total time for which application threads were stopped: 0.0000150 seconds, Stopping threads took: 0.0000120 seconds
14.838: Application time: 0.0000090 seconds
14.838: Total time for which application threads were stopped: 0.0000110 seconds, Stopping threads took: 0.0000080 seconds
14.838: Application time: 0.0000090 seconds
14.838: Total time for which application threads were stopped: 0.0000090 seconds, Stopping threads took: 0.0000050 seconds
14.838: Application time: 0.0000090 seconds
14.838: Total time for which application threads were stopped: 0.0000140 seconds, Stopping threads took: 0.0000110 seconds
14.838: Application time: 0.0000090 seconds
14.838: Total time for which application threads were stopped: 0.0000120 seconds, Stopping threads took: 0.0000090 seconds
14.838: Application time: 0.0000100 seconds
14.838: Total time for which application threads were stopped: 0.0000150 seconds, Stopping threads took: 0.0000110 seconds
14.838: Application time: 0.0000100 seconds
14.839: Total time for which application threads were stopped: 0.0000150 seconds, Stopping threads took: 0.0000120 seconds
14.839: Application time: 0.0000090 seconds
14.839: Total time for which application threads were stopped: 0.0000190 seconds, Stopping threads took: 0.0000100 seconds
14.841: Application time: 0.0023250 seconds
14.841: Total time for which application threads were stopped: 0.0000190 seconds, Stopping threads took: 0.0000130 seconds
14.841: Application time: 0.0000690 seconds
14.841: Total time for which application threads were stopped: 0.0000500 seconds, Stopping threads took: 0.0000390 seconds
14.842: Application time: 0.0007990 seconds
14.842: Total time for which application threads were stopped: 0.0000250 seconds, Stopping threads took: 0.0000150 seconds
14.859: Application time: 0.0175790 seconds
14.861: Total time for which application threads were stopped: 0.0012140 seconds, Stopping threads took: 0.0011980 seconds
14.912: Application time: 0.0513740 seconds
14.917: [GC14.917: [ParNew: 14514K->1791K(16640K), 0.0017710 secs] 17691K->10136K(54592K), 0.0018140 secs] [Times: user=0.00 sys=0.01, real=0.00 secs] 
14.919: Total time for which application threads were stopped: 0.0066510 seconds, Stopping threads took: 0.0047400 seconds
14.919: Application time: 0.0002460 seconds
14.919: Total time for which application threads were stopped: 0.0003270 seconds, Stopping threads took: 0.0002900 seconds
14.919: Application time: 0.0000430 seconds
14.919: Total time for which application threads were stopped: 0.0000310 seconds, Stopping threads took: 0.0000240 seconds
14.919: Application time: 0.0000500 seconds
14.920: Total time for which application threads were stopped: 0.0002290 seconds, Stopping threads took: 0.0001950 seconds
14.920: Application time: 0.0000370 seconds
14.920: Total time for which application threads were stopped: 0.0000370 seconds, Stopping threads took: 0.0000310 seconds
14.920: Application time: 0.0000350 seconds
14.920: Total time for which application threads were stopped: 0.0000340 seconds, Stopping threads took: 0.0000280 seconds
14.920: Application time: 0.0000160 seconds
14.920: Total time for which application threads were stopped: 0.0000170 seconds, Stopping threads took: 0.0000130 seconds
14.920: Application time: 0.0000200 seconds
14.920: Total time for which application threads were stopped: 0.0000350 seconds, Stopping threads took: 0.0000290 seconds
14.920: Application time: 0.0000150 seconds
14.920: Total time for which application threads were stopped: 0.0000290 seconds, Stopping threads took: 0.0000240 seconds
14.920: Application time: 0.0000130 seconds
14.920: Total time for which application threads were stopped: 0.0000230 seconds, Stopping threads took: 0.0000180 seconds
14.920: Application time: 0.0000170 seconds
14.920: Total time for which application threads were stopped: 0.0000280 seconds, Stopping threads took: 0.0000230 seconds
14.920: Application time: 0.0000130 seconds
14.920: Total time for which application threads were stopped: 0.0000260 seconds, Stopping threads took: 0.0000220 seconds
14.920: Application time: 0.0000130 seconds
14.920: Total time for which application threads were stopped: 0.0000240 seconds, Stopping threads took: 0.0000200 seconds
14.920: Application time: 0.0000120 seconds
14.920: Total time for which application threads were stopped: 0.0000270 seconds, Stopping threads took: 0.0000230 seconds
14.920: Application time: 0.0000150 seconds
14.920: Total time for which application threads were stopped: 0.0000220 seconds, Stopping threads took: 0.0000170 seconds
14.958: Application time: 0.0383250 seconds
14.959: [GC14.959: [ParNew: 16533K->565K(16640K), 0.0006780 secs] 24878K->10674K(54592K), 0.0007200 secs] [Times: user=0.00 sys=0.00, real=0.00 secs] 
14.959: Total time for which application threads were stopped: 0.0008320 seconds, Stopping threads took: 0.0000520 seconds
14.994: Application time: 0.0345100 seconds
14.994: [GC14.994: [ParNew: 15168K->1550K(16640K), 0.0009020 secs] 25277K->12683K(54592K), 0.0009360 secs] [Times: user=0.00 sys=0.00, real=0.00 secs] 
14.995: Total time for which application threads were stopped: 0.0010820 seconds, Stopping threads took: 0.0000890 seconds
15.034: Application time: 0.0392160 seconds
15.034: [GC15.034: [ParNew: 16061K->528K(16640K), 0.0004190 secs] 27195K->11661K(54592K), 0.0004520 secs] [Times: user=0.00 sys=0.00, real=0.00 secs] 
15.035: Total time for which application threads were stopped: 0.0005760 seconds, Stopping threads took: 0.0000710 seconds
15.070: Application time: 0.0349150 seconds
15.070: [GC15.070: [ParNew: 14979K->1550K(16640K), 0.0008970 secs] 26112K->13707K(54592K), 0.0009340 secs] [Times: user=0.00 sys=0.00, real=0.00 secs] 
15.071: Total time for which application threads were stopped: 0.0010810 seconds, Stopping threads took: 0.0000880 seconds
15.109: Application time: 0.0383480 seconds
15.109: [GC15.109: [ParNew: 16028K->1034K(16640K), 0.0005550 secs] 28186K->13191K(54592K), 0.0005860 secs] [Times: user=0.00 sys=0.00, real=0.00 secs] 
15.110: Total time for which application threads were stopped: 0.0008540 seconds, Stopping threads took: 0.0002160 seconds
15.146: Application time: 0.0363820 seconds
15.146: [GC15.146: [ParNew: 15471K->1550K(16640K), 0.0007170 secs] 27628K->13707K(54592K), 0.0007500 secs] [Times: user=0.01 sys=0.00, real=0.00 secs] 
15.147: Total time for which application threads were stopped: 0.0009560 seconds, Stopping threads took: 0.0001470 seconds
15.184: Application time: 0.0369970 seconds
15.184: [GC15.184: [ParNew: 15970K->1550K(16640K), 0.0008020 secs] 28128K->13707K(54592K), 0.0008380 secs] [Times: user=0.01 sys=0.00, real=0.00 secs] 
15.185: Total time for which application threads were stopped: 0.0009620 seconds, Stopping threads took: 0.0000660 seconds
15.221: Application time: 0.0361160 seconds
15.222: [GC15.222: [ParNew: 15962K->1548K(16640K), 0.0008050 secs] 28120K->14217K(54592K), 0.0008380 secs] [Times: user=0.00 sys=0.00, real=0.00 secs] 
15.222: Total time for which application threads were stopped: 0.0010820 seconds, Stopping threads took: 0.0001870 seconds
15.259: Application time: 0.0367380 seconds
15.259: [GC15.259: [ParNew: 15970K->1550K(16640K), 0.0006860 secs] 28640K->14219K(54592K), 0.0007210 secs] [Times: user=0.00 sys=0.00, real=0.00 secs] 
15.260: Total time for which application threads were stopped: 0.0008680 seconds, Stopping threads took: 0.0000890 seconds
15.296: Application time: 0.0358350 seconds
15.296: [GC15.296: [ParNew: 15964K->1548K(16640K), 0.0007700 secs] 28633K->14729K(54592K), 0.0008050 secs] [Times: user=0.00 sys=0.00, real=0.00 secs] 
15.297: Total time for which application threads were stopped: 0.0009310 seconds, Stopping threads took: 0.0000610 seconds
15.334: Application time: 0.0374240 seconds
15.334: [GC15.334: [ParNew: 15970K->1550K(16640K), 0.0007310 secs] 29152K->14731K(54592K), 0.0007670 secs] [Times: user=0.00 sys=0.00, real=0.00 secs] 
15.335: Total time for which application threads were stopped: 0.0008810 seconds, Stopping threads took: 0.0000570 seconds
15.371: Application time: 0.0354660 seconds
15.371: [GC15.371: [ParNew: 15964K->1548K(16640K), 0.0007710 secs] 29145K->15241K(54592K), 0.0008180 secs] [Times: user=0.00 sys=0.00, real=0.00 secs] 
15.371: Total time for which application threads were stopped: 0.0009380 seconds, Stopping threads took: 0.0000600 seconds
15.410: Application time: 0.0382030 seconds
15.410: [GC15.410: [ParNew: 15978K->524K(16640K), 0.0003500 secs] 29672K->14217K(54592K), 0.0003840 secs] [Times: user=0.00 sys=0.00, real=0.00 secs] 
15.410: Total time for which application threads were stopped: 0.0006830 seconds, Stopping threads took: 0.0002460 seconds
15.444: Application time: 0.0340990 seconds
15.445: [GC15.445: [ParNew: 14925K->1546K(16640K), 0.0008800 secs] 28619K->16263K(54592K), 0.0009170 secs] [Times: user=0.01 sys=0.00, real=0.00 secs] 
15.446: Total time for which application threads were stopped: 0.0010400 seconds, Stopping threads took: 0.0000640 seconds
15.484: Application time: 0.0382910 seconds
15.484: [GC15.484: [ParNew: 15976K->1038K(16640K), 0.0004950 secs] 30694K->15755K(54592K), 0.0005250 secs] [Times: user=0.01 sys=0.00, real=0.00 secs] 
15.484: Total time for which application threads were stopped: 0.0006350 seconds, Stopping threads took: 0.0000540 seconds
15.521: Application time: 0.0369140 seconds
15.522: [GC15.522: [ParNew: 15452K->1552K(16640K), 0.0006720 secs] 30169K->16269K(54592K), 0.0007080 secs] [Times: user=0.01 sys=0.00, real=0.00 secs] 
15.522: Total time for which application threads were stopped: 0.0009280 seconds, Stopping threads took: 0.0001640 seconds
15.559: Application time: 0.0367210 seconds
15.559: [GC15.559: [ParNew: 15970K->1546K(16640K), 0.0006340 secs] 30688K->16263K(54592K), 0.0006690 secs] [Times: user=0.01 sys=0.00, real=0.00 secs] 
15.560: Total time for which application threads were stopped: 0.0007860 seconds, Stopping threads took: 0.0000600 seconds
15.592: Application time: 0.0325520 seconds
15.593: [GC15.593: [ParNew: 15999K->1748K(16640K), 0.0009390 secs] 30716K->17490K(54592K), 0.0009740 secs] [Times: user=0.00 sys=0.00, real=0.00 secs] 
15.594: Total time for which application threads were stopped: 0.0011890 seconds, Stopping threads took: 0.0001530 seconds
15.631: Application time: 0.0377640 seconds
15.631: [GC15.631: [ParNew: 16253K->1580K(16640K), 0.0007610 secs] 31994K->17522K(54592K), 0.0007970 secs] [Times: user=0.00 sys=0.00, real=0.00 secs] 
15.632: Total time for which application threads were stopped: 0.0009220 seconds, Stopping threads took: 0.0000670 seconds
15.669: Application time: 0.0365400 seconds
15.669: [GC15.669: [ParNew: 15998K->1552K(16640K), 0.0007200 secs] 31940K->17523K(54592K), 0.0007550 secs] [Times: user=0.00 sys=0.00, real=0.00 secs] 
15.670: Total time for which application threads were stopped: 0.0008800 seconds, Stopping threads took: 0.0000650 seconds
15.709: Application time: 0.0393000 seconds
15.709: [GC15.709: [ParNew: 15978K->1034K(16640K), 0.0005980 secs] 31949K->17005K(54592K), 0.0006360 secs] [Times: user=0.00 sys=0.00, real=0.00 secs] 
15.710: Total time for which application threads were stopped: 0.0008310 seconds, Stopping threads took: 0.0001330 seconds
15.751: Application time: 0.0408860 seconds
15.751: [GC15.751: [ParNew: 15454K->1034K(16640K), 0.0006050 secs] 31425K->17006K(54592K), 0.0006400 secs] [Times: user=0.01 sys=0.00, real=0.00 secs] 
15.752: Total time for which application threads were stopped: 0.0008690 seconds, Stopping threads took: 0.0001720 seconds
15.791: Application time: 0.0396060 seconds
15.791: [GC15.791: [ParNew: 15454K->1550K(16640K), 0.0007510 secs] 31426K->17522K(54592K), 0.0007850 secs] [Times: user=0.00 sys=0.00, real=0.00 secs] 
15.792: Total time for which application threads were stopped: 0.0009500 seconds, Stopping threads took: 0.0001080 seconds
15.829: Application time: 0.0366250 seconds
15.829: [GC15.829: [ParNew: 15964K->1548K(16640K), 0.0008320 secs] 31936K->18032K(54592K), 0.0008700 secs] [Times: user=0.00 sys=0.00, real=0.00 secs] 
15.830: Total time for which application threads were stopped: 0.0010090 seconds, Stopping threads took: 0.0000610 seconds
15.868: Application time: 0.0379630 seconds
15.868: [GC15.868: [ParNew: 15974K->1038K(16640K), 0.0005350 secs] 32458K->17522K(54592K), 0.0005680 secs] [Times: user=0.00 sys=0.00, real=0.00 secs] 
15.868: Total time for which application threads were stopped: 0.0006900 seconds, Stopping threads took: 0.0000650 seconds
15.904: Application time: 0.0355450 seconds
15.904: [GC15.904: [ParNew: 15448K->1548K(16640K), 0.0006390 secs] 31932K->18032K(54592K), 0.0006750 secs] [Times: user=0.01 sys=0.00, real=0.00 secs] 
15.905: Total time for which application threads were stopped: 0.0008680 seconds, Stopping threads took: 0.0001350 seconds
15.941: Application time: 0.0362290 seconds
15.941: [GC15.941: [ParNew: 15970K->1550K(16640K), 0.0006930 secs] 32454K->18034K(54592K), 0.0007260 secs] [Times: user=0.00 sys=0.00, real=0.00 secs] 
15.942: Total time for which application threads were stopped: 0.0009840 seconds, Stopping threads took: 0.0002020 seconds
15.978: Application time: 0.0357490 seconds
15.978: [GC15.978: [ParNew: 15964K->1548K(16640K), 0.0007660 secs] 32448K->18544K(54592K), 0.0008020 secs] [Times: user=0.01 sys=0.00, real=0.00 secs] 
15.979: Total time for which application threads were stopped: 0.0009360 seconds, Stopping threads took: 0.0000750 seconds
16.016: Application time: 0.0370590 seconds
16.016: [GC16.016: [ParNew: 15970K->1548K(16640K), 0.0007240 secs] 32966K->18544K(54592K), 0.0007590 secs] [Times: user=0.01 sys=0.00, real=0.00 secs] 
16.017: Total time for which application threads were stopped: 0.0008770 seconds, Stopping threads took: 0.0000590 seconds
16.053: Application time: 0.0366330 seconds
16.054: [GC16.054: [ParNew: 15970K->1036K(16640K), 0.0004980 secs] 32966K->18032K(54592K), 0.0005290 secs] [Times: user=0.01 sys=0.00, real=0.00 secs] 
16.054: Total time for which application threads were stopped: 0.0007720 seconds, Stopping threads took: 0.0001890 seconds
16.091: Application time: 0.0366690 seconds
16.091: [GC16.091: [ParNew: 15450K->1550K(16640K), 0.0006250 secs] 32446K->18546K(54592K), 0.0006600 secs] [Times: user=0.00 sys=0.00, real=0.00 secs] 
16.092: Total time for which application threads were stopped: 0.0009110 seconds, Stopping threads took: 0.0001940 seconds
16.128: Application time: 0.0363410 seconds
16.128: [GC16.128: [ParNew: 15964K->1548K(16640K), 0.0008480 secs] 32960K->19056K(54592K), 0.0008840 secs] [Times: user=0.01 sys=0.00, real=0.01 secs] 
16.129: Total time for which application threads were stopped: 0.0010250 seconds, Stopping threads took: 0.0000840 seconds
16.166: Application time: 0.0366780 seconds
16.166: [GC16.166: [ParNew: 15970K->1548K(16640K), 0.0006520 secs] 33478K->19056K(54592K), 0.0006840 secs] [Times: user=0.00 sys=0.00, real=0.00 secs] 
16.167: Total time for which application threads were stopped: 0.0008480 seconds, Stopping threads took: 0.0001080 seconds
16.203: Application time: 0.0362610 seconds
16.203: [GC16.203: [ParNew: 15966K->1546K(16640K), 0.0007400 secs] 33474K->19054K(54592K), 0.0007750 secs] [Times: user=0.00 sys=0.00, real=0.00 secs] 
16.204: Total time for which application threads were stopped: 0.0009110 seconds, Stopping threads took: 0.0000790 seconds
16.239: Application time: 0.0351200 seconds
16.239: [GC16.239: [ParNew: 15960K->1548K(16640K), 0.0008810 secs] 33468K->19568K(54592K), 0.0009160 secs] [Times: user=0.01 sys=0.00, real=0.00 secs] 
16.240: Total time for which application threads were stopped: 0.0010320 seconds, Stopping threads took: 0.0000570 seconds
16.278: Application time: 0.0376910 seconds
16.278: [GC16.278: [ParNew: 16287K->1664K(16640K), 0.0006610 secs] 34307K->19684K(54592K), 0.0006950 secs] [Times: user=0.00 sys=0.00, real=0.00 secs] 
16.278: Total time for which application threads were stopped: 0.0008090 seconds, Stopping threads took: 0.0000570 seconds
16.313: Application time: 0.0350160 seconds
16.314: [GC16.314: [ParNew: 16308K->1636K(16640K), 0.0008540 secs] 34328K->20282K(54592K), 0.0008870 secs] [Times: user=0.01 sys=0.00, real=0.00 secs] 
16.315: Total time for which application threads were stopped: 0.0011150 seconds, Stopping threads took: 0.0001610 seconds
16.354: Application time: 0.0392240 seconds
16.354: [GC16.354: [ParNew: 16145K->1580K(16640K), 0.0007330 secs] 34791K->20311K(54592K), 0.0007670 secs] [Times: user=0.01 sys=0.00, real=0.00 secs] 
16.355: Total time for which application threads were stopped: 0.0008990 seconds, Stopping threads took: 0.0000670 seconds
16.389: Application time: 0.0345270 seconds
16.389: [GC16.389: [ParNew: 15994K->1548K(16640K), 0.0008190 secs] 34726K->20820K(54592K), 0.0008520 secs] [Times: user=0.01 sys=0.00, real=0.00 secs] 
16.390: Total time for which application threads were stopped: 0.0010950 seconds, Stopping threads took: 0.0001850 seconds
16.390: Application time: 0.0000620 seconds
16.390: [GC [1 CMS-initial-mark: 19272K(37952K)] 21332K(54592K), 0.0001160 secs] [Times: user=0.00 sys=0.00, real=0.00 secs] 
16.391: Total time for which application threads were stopped: 0.0001850 seconds, Stopping threads took: 0.0000480 seconds
16.391: [CMS-concurrent-mark-start]
16.405: [CMS-concurrent-mark: 0.014/0.014 secs] [Times: user=0.10 sys=0.00, real=0.01 secs] 
16.405: [CMS-concurrent-preclean-start]
16.405: [CMS-concurrent-preclean: 0.000/0.000 secs] [Times: user=0.00 sys=0.00, real=0.00 secs] 
16.405: [CMS-concurrent-abortable-preclean-start]
16.430: Application time: 0.0391790 seconds
16.430: [GC16.430: [ParNew: 15964K->1548K(16640K), 0.0009080 secs] 35236K->21844K(54592K), 0.0009430 secs] [Times: user=0.00 sys=0.00, real=0.00 secs] 
16.431: Total time for which application threads were stopped: 0.0010620 seconds, Stopping threads took: 0.0000600 seconds
16.468: Application time: 0.0373310 seconds
16.468: [GC16.468: [ParNew: 15974K->1548K(16640K), 0.0007520 secs] 36270K->21844K(54592K), 0.0007870 secs] [Times: user=0.00 sys=0.00, real=0.01 secs] 
16.469: Total time for which application threads were stopped: 0.0009030 seconds, Stopping threads took: 0.0000580 seconds
16.505: Application time: 0.0357980 seconds
16.505: [GC16.505: [ParNew: 15960K->1550K(16640K), 0.0009560 secs] 36256K->22870K(54592K), 0.0009910 secs] [Times: user=0.01 sys=0.00, real=0.00 secs] 
16.506: Total time for which application threads were stopped: 0.0011600 seconds, Stopping threads took: 0.0001100 seconds
16.543: Application time: 0.0367370 seconds
16.543: [GC16.543: [ParNew: 15972K->1544K(16640K), 0.0007950 secs] 37292K->23377K(54592K), 0.0008290 secs] [Times: user=0.01 sys=0.00, real=0.00 secs] 
16.544: Total time for which application threads were stopped: 0.0009660 seconds, Stopping threads took: 0.0000760 seconds
16.582: Application time: 0.0384710 seconds
16.582: [GC16.582: [ParNew: 15970K->1040K(16640K), 0.0005450 secs] 37803K->22873K(54592K), 0.0005780 secs] [Times: user=0.01 sys=0.00, real=0.00 secs] 
16.583: Total time for which application threads were stopped: 0.0007000 seconds, Stopping threads took: 0.0000660 seconds
16.618: Application time: 0.0347690 seconds
16.618: [GC16.618: [ParNew: 15446K->1550K(16640K), 0.0010380 secs] 37278K->24407K(54592K), 0.0010750 secs] [Times: user=0.01 sys=0.00, real=0.00 secs] 
16.619: Total time for which application threads were stopped: 0.0012220 seconds, Stopping threads took: 0.0000870 seconds
16.657: Application time: 0.0383640 seconds
16.657: [GC16.657: [ParNew: 15980K->1038K(16640K), 0.0004970 secs] 38837K->23895K(54592K), 0.0005300 secs] [Times: user=0.01 sys=0.00, real=0.00 secs] 
16.658: Total time for which application threads were stopped: 0.0008210 seconds, Stopping threads took: 0.0002360 seconds
16.694: Application time: 0.0364250 seconds
16.695: [GC16.695: [ParNew: 15448K->1548K(16640K), 0.0007630 secs] 38305K->24917K(54592K), 0.0007970 secs] [Times: user=0.01 sys=0.00, real=0.00 secs] 
16.696: Total time for which application threads were stopped: 0.0011060 seconds, Stopping threads took: 0.0002530 seconds
16.732: Application time: 0.0361990 seconds
16.732: [GC16.732: [ParNew: 15966K->1548K(16640K), 0.0007710 secs] 39335K->25429K(54592K), 0.0008050 secs] [Times: user=0.00 sys=0.00, real=0.00 secs] 
16.733: Total time for which application threads were stopped: 0.0009390 seconds, Stopping threads took: 0.0000690 seconds
16.771: Application time: 0.0378390 seconds
16.771: [GC16.771: [ParNew: 15972K->1550K(16640K), 0.0006520 secs] 39853K->25431K(54592K), 0.0006860 secs] [Times: user=0.01 sys=0.00, real=0.00 secs] 
16.771: Total time for which application threads were stopped: 0.0008110 seconds, Stopping threads took: 0.0000680 seconds
16.807: Application time: 0.0355120 seconds
16.807: [GC16.807: [ParNew: 15964K->1548K(16640K), 0.0008100 secs] 39845K->25941K(54592K), 0.0008430 secs] [Times: user=0.01 sys=0.00, real=0.00 secs] 
16.808: Total time for which application threads were stopped: 0.0009690 seconds, Stopping threads took: 0.0000670 seconds
16.846: Application time: 0.0377810 seconds
16.846: [GC16.846: [ParNew: 15970K->1550K(16640K), 0.0007030 secs] 40363K->25943K(54592K), 0.0007390 secs] [Times: user=0.00 sys=0.00, real=0.00 secs] 
16.846: Total time for which application threads were stopped: 0.0008640 seconds, Stopping threads took: 0.0000680 seconds
16.882: Application time: 0.0357930 seconds
16.883: [GC16.883: [ParNew: 15968K->1548K(16640K), 0.0007480 secs] 40361K->25941K(54592K), 0.0007840 secs] [Times: user=0.00 sys=0.00, real=0.00 secs] 
16.883: Total time for which application threads were stopped: 0.0010780 seconds, Stopping threads took: 0.0002280 seconds
16.920: Application time: 0.0362130 seconds
16.920: [GC16.920: [ParNew: 15966K->1546K(16640K), 0.0008620 secs] 40359K->25939K(54592K), 0.0008990 secs] [Times: user=0.01 sys=0.00, real=0.01 secs] 
16.921: Total time for which application threads were stopped: 0.0010160 seconds, Stopping threads took: 0.0000580 seconds
16.956: Application time: 0.0350510 seconds
16.956: [GC16.956: [ParNew: 16114K->1606K(16640K), 0.0009670 secs] 40507K->27023K(54592K), 0.0010020 secs] [Times: user=0.01 sys=0.00, real=0.00 secs] 
16.957: Total time for which application threads were stopped: 0.0012090 seconds, Stopping threads took: 0.0001440 seconds
16.995: Application time: 0.0383060 seconds
16.995: [GC16.995: [ParNew: 16422K->1692K(16640K), 0.0008560 secs] 41839K->27678K(54592K), 0.0008890 secs] [Times: user=0.00 sys=0.00, real=0.00 secs] 
16.996: Total time for which application threads were stopped: 0.0010080 seconds, Stopping threads took: 0.0000590 seconds
17.034: Application time: 0.0379140 seconds
17.034: [GC17.034: [ParNew: 16197K->1068K(16640K), 0.0006860 secs] 42183K->27196K(54592K), 0.0007200 secs] [Times: user=0.00 sys=0.00, real=0.00 secs] 
17.035: Total time for which application threads were stopped: 0.0008310 seconds, Stopping threads took: 0.0000530 seconds
17.069: Application time: 0.0344540 seconds
17.069: [GC17.070: [ParNew: 15476K->1552K(16640K), 0.0009040 secs] 41604K->28733K(54592K), 0.0009380 secs] [Times: user=0.00 sys=0.00, real=0.00 secs] 
17.070: Total time for which application threads were stopped: 0.0010760 seconds, Stopping threads took: 0.0000780 seconds
17.109: Application time: 0.0384790 seconds
17.109: [GC17.109: [ParNew: 15978K->1036K(16640K), 0.0005600 secs] 43159K->28217K(54592K), 0.0005940 secs] [Times: user=0.00 sys=0.00, real=0.00 secs] 
17.110: Total time for which application threads were stopped: 0.0007850 seconds, Stopping threads took: 0.0001330 seconds
17.144: Application time: 0.0347590 seconds
17.145: [GC17.145: [ParNew: 15450K->1548K(16640K), 0.0007920 secs] 42631K->29241K(54592K), 0.0008280 secs] [Times: user=0.00 sys=0.00, real=0.00 secs] 
17.145: Total time for which application threads were stopped: 0.0009680 seconds, Stopping threads took: 0.0000810 seconds
17.182: Application time: 0.0361710 seconds
17.182: [GC17.182: [ParNew: 15962K->1552K(16640K), 0.0008890 secs] 43655K->30269K(54592K), 0.0009240 secs] [Times: user=0.00 sys=0.00, real=0.00 secs] 
17.183: Total time for which application threads were stopped: 0.0010440 seconds, Stopping threads took: 0.0000570 seconds
17.221: Application time: 0.0381590 seconds
17.221: [GC17.221: [ParNew: 15982K->1034K(16640K), 0.0006450 secs] 44700K->29751K(54592K), 0.0006860 secs] [Times: user=0.00 sys=0.00, real=0.00 secs] 
17.222: Total time for which application threads were stopped: 0.0008850 seconds, Stopping threads took: 0.0001410 seconds
17.256: Application time: 0.0343220 seconds
17.256: [GC17.256: [ParNew: 15440K->1552K(16640K), 0.0009230 secs] 44157K->31293K(54592K), 0.0009620 secs] [Times: user=0.01 sys=0.00, real=0.00 secs] 
17.257: Total time for which application threads were stopped: 0.0011030 seconds, Stopping threads took: 0.0000790 seconds
17.296: Application time: 0.0391510 seconds
17.296: [GC17.296: [ParNew: 15978K->1546K(16640K), 0.0009320 secs] 45720K->31287K(54592K), 0.0009680 secs] [Times: user=0.00 sys=0.00, real=0.00 secs] 
17.297: Total time for which application threads were stopped: 0.0010990 seconds, Stopping threads took: 0.0000690 seconds
17.332: Application time: 0.0346050 seconds
17.332: [GC17.332: [ParNew: 15948K->1548K(16640K), 0.0011010 secs] 45689K->32825K(54592K), 0.0011380 secs] [Times: user=0.01 sys=0.00, real=0.00 secs] 
17.333: Total time for which application threads were stopped: 0.0013160 seconds, Stopping threads took: 0.0001170 seconds
17.371: Application time: 0.0375400 seconds
17.371: [GC17.371: [ParNew: 15978K->1550K(16640K), 0.0008080 secs] 47256K->33339K(54592K), 0.0008430 secs] [Times: user=0.00 sys=0.01, real=0.00 secs] 
17.372: Total time for which application threads were stopped: 0.0009630 seconds, Stopping threads took: 0.0000600 seconds
17.410: Application time: 0.0378200 seconds
17.410: [GC17.410: [ParNew: 15980K->524K(16640K), 0.0003670 secs] 47770K->32313K(54592K), 0.0004010 secs] [Times: user=0.00 sys=0.00, real=0.00 secs] 
17.410: Total time for which application threads were stopped: 0.0005590 seconds, Stopping threads took: 0.0000940 seconds
17.444: Application time: 0.0339560 seconds
17.444: [GC17.444: [ParNew: 14929K->1550K(16640K), 0.0008100 secs] 46719K->33851K(54592K), 0.0008480 secs] [Times: user=0.01 sys=0.00, real=0.00 secs] 
17.445: Total time for which application threads were stopped: 0.0009750 seconds, Stopping threads took: 0.0000670 seconds
17.486: Application time: 0.0406080 seconds
17.486: [GC17.486: [ParNew: 15984K->12K(16640K), 0.0002840 secs] 48286K->32313K(54592K), 0.0003150 secs] [Times: user=0.00 sys=0.00, real=0.00 secs] 
17.486: Total time for which application threads were stopped: 0.0004510 seconds, Stopping threads took: 0.0000840 seconds
17.519: Application time: 0.0329680 seconds
17.519: [GC17.519: [ParNew: 14411K->1548K(16640K), 0.0009620 secs] 46713K->34873K(54592K), 0.0009970 secs] [Times: user=0.01 sys=0.00, real=0.00 secs] 
17.520: Total time for which application threads were stopped: 0.0011430 seconds, Stopping threads took: 0.0000870 seconds
17.560: Application time: 0.0392830 seconds
17.560: [GC17.560: [ParNew: 15982K->524K(16640K), 0.0004030 secs] 49308K->33849K(54592K), 0.0004380 secs] [Times: user=0.01 sys=0.00, real=0.00 secs] 
17.560: Total time for which application threads were stopped: 0.0005750 seconds, Stopping threads took: 0.0000800 seconds
17.594: Application time: 0.0334390 seconds
17.594: [GC17.594: [ParNew: 14929K->1548K(16640K), 0.0008250 secs] 48255K->35385K(54592K), 0.0008620 secs] [Times: user=0.01 sys=0.00, real=0.00 secs] 
17.595: Total time for which application threads were stopped: 0.0012290 seconds, Stopping threads took: 0.0003050 seconds
17.634: Application time: 0.0392070 seconds
17.634: [GC17.634: [ParNew: 16131K->1096K(16640K), 0.0005150 secs] 49968K->34933K(54592K), 0.0005510 secs] [Times: user=0.01 sys=0.00, real=0.00 secs] 
17.635: Total time for which application threads were stopped: 0.0006940 seconds, Stopping threads took: 0.0000850 seconds
17.669: Application time: 0.0337880 seconds
17.669: [GC17.669: [ParNew: 15898K->1692K(16640K), 0.0010100 secs] 49735K->36610K(54592K), 0.0010480 secs] [Times: user=0.01 sys=0.00, real=0.00 secs] 
17.670: Total time for which application threads were stopped: 0.0014240 seconds, Stopping threads took: 0.0003160 seconds
17.709: Application time: 0.0387570 seconds
17.709: [GC17.709: [ParNew: 16197K->1580K(16640K), 0.0007890 secs] 51115K->36641K(54592K), 0.0008320 secs] [Times: user=0.00 sys=0.00, real=0.00 secs] 
17.710: Total time for which application threads were stopped: 0.0009510 seconds, Stopping threads took: 0.0000610 seconds
17.747: Application time: 0.0372400 seconds
17.747: [GC17.747: [ParNew: 16006K->524K(16640K), 0.0005480 secs] 51067K->35613K(54592K), 0.0005890 secs] [Times: user=0.00 sys=0.00, real=0.00 secs] 
17.748: Total time for which application threads were stopped: 0.0009690 seconds, Stopping threads took: 0.0003250 seconds
17.783: Application time: 0.0354760 seconds
17.784: [GC17.784: [ParNew: 14929K->1550K(16640K), 0.0008200 secs] 50019K->37151K(54592K), 0.0008570 secs] [Times: user=0.01 sys=0.00, real=0.00 secs] 
17.784: Total time for which application threads were stopped: 0.0010030 seconds, Stopping threads took: 0.0000850 seconds
17.822: Application time: 0.0373840 seconds
17.822: [GC17.822: [ParNew: 15976K->1038K(16640K), 0.0005800 secs] 51578K->36639K(54592K), 0.0006120 secs] [Times: user=0.01 sys=0.00, real=0.00 secs] 
17.822: Total time for which application threads were stopped: 0.0007180 seconds, Stopping threads took: 0.0000510 seconds
17.857: Application time: 0.0347750 seconds
17.857: [GC17.857: [ParNew: 15448K->1546K(16640K), 0.0008370 secs] 51049K->37659K(54592K), 0.0008730 secs] [Times: user=0.01 sys=0.00, real=0.00 secs] 
17.858: Total time for which application threads were stopped: 0.0009940 seconds, Stopping threads took: 0.0000610 seconds
17.895: Application time: 0.0368170 seconds
17.895: [GC17.895: [ParNew: 15968K->1548K(16640K), 0.0007050 secs] 52082K->37661K(54592K), 0.0007400 secs] [Times: user=0.01 sys=0.00, real=0.00 secs] 
17.896: Total time for which application threads were stopped: 0.0009610 seconds, Stopping threads took: 0.0001640 seconds
17.933: Application time: 0.0368340 seconds
17.933: [GC17.933: [ParNew: 15960K->1550K(16640K), 0.0009520 secs] 52073K->38687K(54592K), 0.0009880 secs] [Times: user=0.00 sys=0.00, real=0.00 secs] 
17.934: Total time for which application threads were stopped: 0.0011130 seconds, Stopping threads took: 0.0000590 seconds
17.973: Application time: 0.0389900 seconds
17.973: [GC17.973: [ParNew: 15984K->524K(16640K), 0.0004210 secs] 53122K->37661K(54592K), 0.0004540 secs] [Times: user=0.01 sys=0.00, real=0.00 secs] 
17.974: Total time for which application threads were stopped: 0.0005810 seconds, Stopping threads took: 0.0000700 seconds
18.008: Application time: 0.0339880 seconds
18.008: [GC18.008: [ParNew: 14929K->1548K(16640K), 0.0008640 secs] 52067K->39197K(54592K), 0.0008970 secs] [Times: user=0.00 sys=0.00, real=0.01 secs] 
18.009: Total time for which application threads were stopped: 0.0010470 seconds, Stopping threads took: 0.0000930 seconds
18.045: Application time: 0.0368720 seconds
18.046: [GC18.046: [ParNew: 15974K->1036K(16640K), 0.0005240 secs] 53624K->38685K(54592K), 0.0005580 secs] [Times: user=0.01 sys=0.00, real=0.00 secs] 
18.046: Total time for which application threads were stopped: 0.0007210 seconds, Stopping threads took: 0.0001060 seconds
18.082: Application time: 0.0355580 seconds
18.082: [GC18.082: [ParNew: 15446K->1550K(16640K), 0.0008650 secs] 53095K->39711K(55108K), 0.0009000 secs] [Times: user=0.00 sys=0.00, real=0.00 secs] 
18.083: Total time for which application threads were stopped: 0.0010220 seconds, Stopping threads took: 0.0000590 seconds
18.083: [CMS-concurrent-abortable-preclean: 0.006/1.678 secs] [Times: user=13.12 sys=0.02, real=1.68 secs] 
18.083: Application time: 0.0000680 seconds
18.083: [GC[YG occupancy: 2062 K (16640 K)]18.083: [Rescan (parallel) , 0.0001320 secs]18.083: [weak refs processing, 0.0000060 secs]18.083: [scrub string table, 0.0000860 secs] [1 CMS-remark: 38161K(38468K)] 40223K(55108K), 0.0002470 secs] [Times: user=0.01 sys=0.00, real=0.00 secs] 
18.083: Total time for which application threads were stopped: 0.0003760 seconds, Stopping threads took: 0.0001070 seconds
18.083: [CMS-concurrent-sweep-start]
18.085: [CMS-concurrent-sweep: 0.002/0.002 secs] [Times: user=0.00 sys=0.00, real=0.00 secs] 
18.085: [CMS-concurrent-reset-start]
18.085: [CMS-concurrent-reset: 0.000/0.000 secs] [Times: user=0.00 sys=0.00, real=0.00 secs] 
18.120: Application time: 0.0369680 seconds
18.120: [GC18.120: [ParNew: 15972K->1550K(16640K), 0.0006800 secs] 41851K->27429K(55552K), 0.0007120 secs] [Times: user=0.00 sys=0.00, real=0.01 secs] 
18.121: Total time for which application threads were stopped: 0.0008440 seconds, Stopping threads took: 0.0000740 seconds
18.157: Application time: 0.0357690 seconds
18.157: [GC18.157: [ParNew: 15964K->1548K(16640K), 0.0008640 secs] 41843K->27939K(55552K), 0.0009000 secs] [Times: user=0.00 sys=0.00, real=0.00 secs] 
18.158: Total time for which application threads were stopped: 0.0010170 seconds, Stopping threads took: 0.0000560 seconds
18.158: Application time: 0.0000490 seconds
18.158: [GC [1 CMS-initial-mark: 26391K(38912K)] 28451K(55552K), 0.0001180 secs] [Times: user=0.00 sys=0.00, real=0.00 secs] 
18.158: Total time for which application threads were stopped: 0.0002640 seconds, Stopping threads took: 0.0001230 seconds
18.158: [CMS-concurrent-mark-start]
18.162: [CMS-concurrent-mark: 0.003/0.003 secs] [Times: user=0.02 sys=0.00, real=0.01 secs] 
18.162: [CMS-concurrent-preclean-start]
18.162: [CMS-concurrent-preclean: 0.000/0.000 secs] [Times: user=0.00 sys=0.00, real=0.00 secs] 
18.162: Application time: 0.0035090 seconds
18.162: [GC[YG occupancy: 2586 K (16640 K)]18.162: [Rescan (parallel) , 0.0001300 secs]18.162: [weak refs processing, 0.0000060 secs]18.162: [scrub string table, 0.0001030 secs] [1 CMS-remark: 26391K(38912K)] 28977K(55552K), 0.0002630 secs] [Times: user=0.00 sys=0.00, real=0.00 secs] 
18.162: Total time for which application threads were stopped: 0.0005130 seconds, Stopping threads took: 0.0002290 seconds
18.162: [CMS-concurrent-sweep-start]
18.164: [CMS-concurrent-sweep: 0.001/0.001 secs] [Times: user=0.01 sys=0.00, real=0.00 secs] 
18.164: [CMS-concurrent-reset-start]
18.164: [CMS-concurrent-reset: 0.000/0.000 secs] [Times: user=0.00 sys=0.00, real=0.00 secs] 
18.196: Application time: 0.0340150 seconds
18.196: [GC18.196: [ParNew: 15962K->1550K(16640K), 0.0010010 secs] 22953K->9565K(55552K), 0.0010370 secs] [Times: user=0.01 sys=0.00, real=0.00 secs] 
18.197: Total time for which application threads were stopped: 0.0011590 seconds, Stopping threads took: 0.0000630 seconds
18.236: Application time: 0.0383570 seconds
18.236: [GC18.236: [ParNew: 15980K->1036K(16640K), 0.0005310 secs] 23996K->9051K(55552K), 0.0005660 secs] [Times: user=0.00 sys=0.00, real=0.00 secs] 
18.236: Total time for which application threads were stopped: 0.0006820 seconds, Stopping threads took: 0.0000590 seconds
18.271: Application time: 0.0349410 seconds
18.271: [GC18.271: [ParNew: 15442K->1548K(16640K), 0.0010030 secs] 23457K->10587K(55552K), 0.0010410 secs] [Times: user=0.01 sys=0.00, real=0.00 secs] 
18.273: Total time for which application threads were stopped: 0.0011700 seconds, Stopping threads took: 0.0000680 seconds
18.313: Application time: 0.0400190 seconds
18.313: [GC18.313: [ParNew: 16139K->582K(16640K), 0.0004540 secs] 25179K->9621K(55552K), 0.0004880 secs] [Times: user=0.01 sys=0.00, real=0.00 secs] 
18.313: Total time for which application threads were stopped: 0.0006010 seconds, Stopping threads took: 0.0000560 seconds
18.349: Application time: 0.0360750 seconds
18.349: [GC18.349: [ParNew: 15229K->1692K(16640K), 0.0007250 secs] 24268K->10731K(55552K), 0.0007580 secs] [Times: user=0.00 sys=0.00, real=0.00 secs] 
18.350: Total time for which application threads were stopped: 0.0008690 seconds, Stopping threads took: 0.0000570 seconds
18.386: Application time: 0.0360100 seconds
18.386: [GC18.386: [ParNew: 16345K->1634K(16640K), 0.0009410 secs] 25384K->11328K(55552K), 0.0009770 secs] [Times: user=0.00 sys=0.00, real=0.00 secs] 
18.387: Total time for which application threads were stopped: 0.0011000 seconds, Stopping threads took: 0.0000630 seconds
18.424: Application time: 0.0367380 seconds
18.424: [GC18.424: [ParNew: 16056K->1550K(16640K), 0.0007940 secs] 25750K->11329K(55552K), 0.0008260 secs] [Times: user=0.00 sys=0.00, real=0.00 secs] 
18.425: Total time for which application threads were stopped: 0.0010300 seconds, Stopping threads took: 0.0001480 seconds
18.461: Application time: 0.0355830 seconds
18.461: [GC18.461: [ParNew: 15964K->1552K(16640K), 0.0007800 secs] 25743K->11843K(55552K), 0.0008140 secs] [Times: user=0.00 sys=0.00, real=0.00 secs] 
18.462: Total time for which application threads were stopped: 0.0009490 seconds, Stopping threads took: 0.0000700 seconds
18.498: Application time: 0.0361960 seconds
18.498: [GC18.498: [ParNew: 15970K->1548K(16640K), 0.0008450 secs] 26262K->12351K(55552K), 0.0008810 secs] [Times: user=0.00 sys=0.00, real=0.00 secs] 
18.499: Total time for which application threads were stopped: 0.0010020 seconds, Stopping threads took: 0.0000610 seconds
18.537: Application time: 0.0378680 seconds
18.537: [GC18.537: [ParNew: 15970K->1034K(16640K), 0.0005330 secs] 26774K->11837K(55552K), 0.0005670 secs] [Times: user=0.01 sys=0.00, real=0.00 secs] 
18.537: Total time for which application threads were stopped: 0.0007610 seconds, Stopping threads took: 0.0001370 seconds
18.572: Application time: 0.0343210 seconds
18.572: [GC18.572: [ParNew: 15444K->1548K(16640K), 0.0009250 secs] 26247K->13375K(55552K), 0.0009620 secs] [Times: user=0.01 sys=0.00, real=0.00 secs] 
18.573: Total time for which application threads were stopped: 0.0011860 seconds, Stopping threads took: 0.0001650 seconds
18.612: Application time: 0.0387490 seconds
18.612: [GC18.612: [ParNew: 15974K->1546K(16640K), 0.0007080 secs] 27802K->13373K(55552K), 0.0007410 secs] [Times: user=0.00 sys=0.00, real=0.00 secs] 
18.612: Total time for which application threads were stopped: 0.0008660 seconds, Stopping threads took: 0.0000660 seconds
18.646: Application time: 0.0338810 seconds
18.646: [GC18.646: [ParNew: 15952K->1550K(16640K), 0.0011450 secs] 27779K->14913K(55552K), 0.0011790 secs] [Times: user=0.01 sys=0.01, real=0.00 secs] 
18.648: Total time for which application threads were stopped: 0.0013270 seconds, Stopping threads took: 0.0000880 seconds
18.648: Application time: 0.0000910 seconds
18.648: [GC [1 CMS-initial-mark: 13363K(38912K)] 15425K(55552K), 0.0001030 secs] [Times: user=0.00 sys=0.00, real=0.00 secs] 
18.648: Total time for which application threads were stopped: 0.0002780 seconds, Stopping threads took: 0.0001530 seconds
18.648: [CMS-concurrent-mark-start]
18.655: [CMS-concurrent-mark: 0.007/0.007 secs] [Times: user=0.04 sys=0.00, real=0.01 secs] 
18.655: [CMS-concurrent-preclean-start]
18.655: [CMS-concurrent-preclean: 0.000/0.000 secs] [Times: user=0.00 sys=0.00, real=0.00 secs] 
18.655: [CMS-concurrent-abortable-preclean-start]
18.687: Application time: 0.0389460 seconds
18.687: [GC18.687: [ParNew: 15980K->1550K(16640K), 0.0008160 secs] 29344K->14913K(55552K), 0.0008490 secs] [Times: user=0.01 sys=0.00, real=0.00 secs] 
18.688: Total time for which application threads were stopped: 0.0009710 seconds, Stopping threads took: 0.0000650 seconds
18.724: Application time: 0.0358700 seconds
18.724: [GC18.724: [ParNew: 15968K->1036K(16640K), 0.0005120 secs] 29332K->14399K(55552K), 0.0005420 secs] [Times: user=0.01 sys=0.00, real=0.00 secs] 
18.725: Total time for which application threads were stopped: 0.0010060 seconds, Stopping threads took: 0.0004060 seconds
18.761: Application time: 0.0360570 seconds
18.761: [GC18.761: [ParNew: 15450K->1548K(16640K), 0.0008080 secs] 28813K->15423K(55552K), 0.0008420 secs] [Times: user=0.01 sys=0.00, real=0.00 secs] 
18.762: Total time for which application threads were stopped: 0.0009650 seconds, Stopping threads took: 0.0000650 seconds
18.801: Application time: 0.0390050 seconds
18.801: [GC18.801: [ParNew: 15982K->12K(16640K), 0.0003030 secs] 29858K->13887K(55552K), 0.0003340 secs] [Times: user=0.00 sys=0.00, real=0.00 secs] 
18.801: Total time for which application threads were stopped: 0.0004980 seconds, Stopping threads took: 0.0001120 seconds
18.835: Application time: 0.0333700 seconds
18.835: [GC18.835: [ParNew: 14413K->1546K(16640K), 0.0008510 secs] 28289K->15933K(55552K), 0.0008930 secs] [Times: user=0.00 sys=0.00, real=0.00 secs] 
18.836: Total time for which application threads were stopped: 0.0010330 seconds, Stopping threads took: 0.0000800 seconds
18.875: Application time: 0.0390500 seconds
18.875: [GC18.875: [ParNew: 15976K->522K(16640K), 0.0004280 secs] 30364K->14909K(55552K), 0.0004600 secs] [Times: user=0.01 sys=0.00, real=0.00 secs] 
18.875: Total time for which application threads were stopped: 0.0005680 seconds, Stopping threads took: 0.0000510 seconds
18.910: Application time: 0.0349760 seconds
18.910: [GC18.911: [ParNew: 14927K->1548K(16640K), 0.0008230 secs] 29315K->16447K(55552K), 0.0008560 secs] [Times: user=0.01 sys=0.00, real=0.00 secs] 
18.911: Total time for which application threads were stopped: 0.0009790 seconds, Stopping threads took: 0.0000650 seconds
18.949: Application time: 0.0380210 seconds
18.949: [GC18.950: [ParNew: 15978K->522K(16640K), 0.0004570 secs] 30878K->15421K(55552K), 0.0004900 secs] [Times: user=0.00 sys=0.00, real=0.00 secs] 
18.950: Total time for which application threads were stopped: 0.0006250 seconds, Stopping threads took: 0.0000760 seconds
18.985: Application time: 0.0347670 seconds
18.985: [GC18.985: [ParNew: 14927K->1548K(16640K), 0.0008050 secs] 29827K->16959K(55552K), 0.0008370 secs] [Times: user=0.00 sys=0.00, real=0.00 secs] 
18.986: Total time for which application threads were stopped: 0.0009970 seconds, Stopping threads took: 0.0000900 seconds
19.027: Application time: 0.0407860 seconds
19.027: [GC19.027: [ParNew: 16217K->100K(16640K), 0.0002750 secs] 31629K->15512K(55552K), 0.0003050 secs] [Times: user=0.00 sys=0.00, real=0.00 secs] 
19.027: Total time for which application threads were stopped: 0.0004230 seconds, Stopping threads took: 0.0000630 seconds
19.059: Application time: 0.0317770 seconds
19.059: [GC19.059: [ParNew: 14899K->1776K(16640K), 0.0008450 secs] 30311K->17700K(55552K), 0.0008800 secs] [Times: user=0.00 sys=0.00, real=0.00 secs] 
19.060: Total time for which application threads were stopped: 0.0010140 seconds, Stopping threads took: 0.0000750 seconds
19.100: Application time: 0.0401490 seconds
19.100: [GC19.100: [ParNew: 16207K->526K(16640K), 0.0005030 secs] 32130K->16678K(55552K), 0.0005350 secs] [Times: user=0.00 sys=0.00, real=0.01 secs] 
19.101: Total time for which application threads were stopped: 0.0006490 seconds, Stopping threads took: 0.0000570 seconds
19.133: Application time: 0.0320410 seconds
19.133: [GC19.133: [ParNew: 14927K->1548K(16640K), 0.0009890 secs] 31079K->18724K(55552K), 0.0010240 secs] [Times: user=0.01 sys=0.00, real=0.00 secs] 
19.134: Total time for which application threads were stopped: 0.0011470 seconds, Stopping threads took: 0.0000620 seconds
19.174: Application time: 0.0400080 seconds
19.174: [GC19.174: [ParNew: 15978K->1036K(16640K), 0.0005750 secs] 33154K->18212K(55552K), 0.0006100 secs] [Times: user=0.00 sys=0.00, real=0.00 secs] 
19.175: Total time for which application threads were stopped: 0.0007300 seconds, Stopping threads took: 0.0000640 seconds
19.210: Application time: 0.0350630 seconds
19.210: [GC19.210: [ParNew: 15446K->1550K(16640K), 0.0007950 secs] 32622K->19238K(55552K), 0.0008290 secs] [Times: user=0.00 sys=0.00, real=0.00 secs] 
19.211: Total time for which application threads were stopped: 0.0009570 seconds, Stopping threads took: 0.0000690 seconds
19.249: Application time: 0.0388360 seconds
19.250: [GC19.250: [ParNew: 15980K->526K(16640K), 0.0004010 secs] 33668K->18214K(55552K), 0.0004310 secs] [Times: user=0.00 sys=0.00, real=0.00 secs] 
19.250: Total time for which application threads were stopped: 0.0006190 seconds, Stopping threads took: 0.0001340 seconds
19.283: Application time: 0.0330580 seconds
19.283: [GC19.283: [ParNew: 14931K->1546K(16640K), 0.0008470 secs] 32619K->19746K(55552K), 0.0008800 secs] [Times: user=0.00 sys=0.00, real=0.00 secs] 
19.284: Total time for which application threads were stopped: 0.0011230 seconds, Stopping threads took: 0.0001840 seconds
19.324: Application time: 0.0401840 seconds
19.324: [GC19.324: [ParNew: 15976K->524K(16640K), 0.0004500 secs] 34176K->18724K(55552K), 0.0004930 secs] [Times: user=0.01 sys=0.00, real=0.00 secs] 
19.325: Total time for which application threads were stopped: 0.0006080 seconds, Stopping threads took: 0.0000580 seconds
19.358: Application time: 0.0334250 seconds
19.359: [GC19.359: [ParNew: 14929K->1548K(16640K), 0.0007950 secs] 33129K->20260K(55552K), 0.0008310 secs] [Times: user=0.00 sys=0.00, real=0.00 secs] 
19.359: Total time for which application threads were stopped: 0.0009560 seconds, Stopping threads took: 0.0000680 seconds
19.398: Application time: 0.0386970 seconds
19.398: [GC19.398: [ParNew: 15978K->526K(16640K), 0.0003900 secs] 34690K->19238K(55552K), 0.0004210 secs] [Times: user=0.00 sys=0.00, real=0.00 secs] 
19.399: Total time for which application threads were stopped: 0.0005540 seconds, Stopping threads took: 0.0000580 seconds
19.435: Application time: 0.0359170 seconds
19.435: [GC19.435: [ParNew: 14929K->1546K(16640K), 0.0010000 secs] 33641K->21282K(55552K), 0.0010320 secs] [Times: user=0.00 sys=0.00, real=0.00 secs] 
19.436: Total time for which application threads were stopped: 0.0011420 seconds, Stopping threads took: 0.0000520 seconds
19.473: Application time: 0.0369580 seconds
19.473: [GC19.473: [ParNew: 15980K->526K(16640K), 0.0003620 secs] 35716K->20262K(55552K), 0.0003970 secs] [Times: user=0.00 sys=0.00, real=0.00 secs] 
19.473: Total time for which application threads were stopped: 0.0006500 seconds, Stopping threads took: 0.0001960 seconds
19.509: Application time: 0.0354880 seconds
19.509: [GC19.509: [ParNew: 14932K->1550K(16640K), 0.0007710 secs] 34668K->21798K(55552K), 0.0008070 secs] [Times: user=0.00 sys=0.00, real=0.00 secs] 
19.510: Total time for which application threads were stopped: 0.0009310 seconds, Stopping threads took: 0.0000580 seconds
19.547: Application time: 0.0370440 seconds
19.547: [GC19.547: [ParNew: 15968K->1546K(16640K), 0.0009120 secs] 36216K->22306K(55552K), 0.0009440 secs] [Times: user=0.01 sys=0.00, real=0.00 secs] 
19.548: Total time for which application threads were stopped: 0.0010690 seconds, Stopping threads took: 0.0000650 seconds
19.585: Application time: 0.0367010 seconds
19.585: [GC19.585: [ParNew: 15964K->1548K(16640K), 0.0008530 secs] 36724K->22820K(55552K), 0.0008880 secs] [Times: user=0.01 sys=0.00, real=0.00 secs] 
19.586: Total time for which application threads were stopped: 0.0010390 seconds, Stopping threads took: 0.0000930 seconds
19.621: Application time: 0.0353320 seconds
19.621: [GC19.621: [ParNew: 15966K->1548K(16640K), 0.0007780 secs] 37238K->23332K(55552K), 0.0008130 secs] [Times: user=0.00 sys=0.00, real=0.00 secs] 
19.622: Total time for which application threads were stopped: 0.0010820 seconds, Stopping threads took: 0.0002100 seconds
19.660: Application time: 0.0378330 seconds
19.660: [GC19.660: [ParNew: 15966K->1546K(16640K), 0.0008410 secs] 37750K->23842K(55552K), 0.0008790 secs] [Times: user=0.01 sys=0.00, real=0.01 secs] 
19.661: Total time for which application threads were stopped: 0.0010560 seconds, Stopping threads took: 0.0001080 seconds
19.698: Application time: 0.0372130 seconds
19.698: [GC19.698: [ParNew: 16121K->1608K(16640K), 0.0007970 secs] 38417K->24416K(55552K), 0.0008320 secs] [Times: user=0.00 sys=0.00, real=0.00 secs] 
19.699: Total time for which application threads were stopped: 0.0009790 seconds, Stopping threads took: 0.0000860 seconds
19.735: Application time: 0.0356750 seconds
19.735: [GC19.735: [ParNew: 16337K->1664K(16640K), 0.0009850 secs] 39146K->25553K(55552K), 0.0010250 secs] [Times: user=0.00 sys=0.00, real=0.00 secs] 
19.736: Total time for which application threads were stopped: 0.0013230 seconds, Stopping threads took: 0.0002380 seconds
19.773: Application time: 0.0373170 seconds
19.774: [GC19.774: [ParNew: 16249K->1608K(16640K), 0.0009070 secs] 40138K->26123K(55552K), 0.0009400 secs] [Times: user=0.00 sys=0.00, real=0.00 secs] 
19.774: Total time for which application threads were stopped: 0.0010640 seconds, Stopping threads took: 0.0000630 seconds
19.813: Application time: 0.0388400 seconds
19.813: [GC19.813: [ParNew: 16032K->1550K(16640K), 0.0007540 secs] 40548K->26122K(55552K), 0.0007950 secs] [Times: user=0.01 sys=0.00, real=0.00 secs] 
19.814: Total time for which application threads were stopped: 0.0009080 seconds, Stopping threads took: 0.0000560 seconds
19.849: Application time: 0.0343940 seconds
19.849: [GC19.849: [ParNew: 15960K->1550K(16640K), 0.0009560 secs] 40532K->27146K(55552K), 0.0009920 secs] [Times: user=0.00 sys=0.00, real=0.00 secs] 
19.850: Total time for which application threads were stopped: 0.0011550 seconds, Stopping threads took: 0.0001030 seconds
19.888: Application time: 0.0386560 seconds
19.889: [GC19.889: [ParNew: 15976K->1548K(16640K), 0.0007350 secs] 41573K->27144K(55552K), 0.0007720 secs] [Times: user=0.01 sys=0.00, real=0.01 secs] 
19.889: Total time for which application threads were stopped: 0.0008910 seconds, Stopping threads took: 0.0000590 seconds
19.925: Application time: 0.0357370 seconds
19.925: [GC19.925: [ParNew: 15962K->1550K(16640K), 0.0007870 secs] 41558K->27658K(55552K), 0.0008220 secs] [Times: user=0.00 sys=0.00, real=0.00 secs] 
19.926: Total time for which application threads were stopped: 0.0009650 seconds, Stopping threads took: 0.0000800 seconds
19.963: Application time: 0.0368280 seconds
19.963: [GC19.963: [ParNew: 15976K->1038K(16640K), 0.0005440 secs] 42085K->27146K(55552K), 0.0005750 secs] [Times: user=0.00 sys=0.00, real=0.00 secs] 
19.964: Total time for which application threads were stopped: 0.0008690 seconds, Stopping threads took: 0.0002370 seconds
20.000: Application time: 0.0362520 seconds
20.001: [GC20.001: [ParNew: 15448K->1546K(16640K), 0.0009730 secs] 41556K->28166K(55552K), 0.0010050 secs] [Times: user=0.00 sys=0.00, real=0.00 secs] 
20.002: Total time for which application threads were stopped: 0.0018200 seconds, Stopping threads took: 0.0007320 seconds
20.040: Application time: 0.0385400 seconds
20.040: [GC20.040: [ParNew: 15972K->1038K(16640K), 0.0007710 secs] 42593K->27658K(55552K), 0.0008040 secs] [Times: user=0.00 sys=0.00, real=0.01 secs] 
20.041: Total time for which application threads were stopped: 0.0009240 seconds, Stopping threads took: 0.0000570 seconds
20.075: Application time: 0.0342050 seconds
20.076: [GC20.076: [ParNew: 15444K->1546K(16640K), 0.0010800 secs] 42064K->29190K(55552K), 0.0011170 secs] [Times: user=0.01 sys=0.00, real=0.00 secs] 
20.077: Total time for which application threads were stopped: 0.0012470 seconds, Stopping threads took: 0.0000670 seconds
20.115: Application time: 0.0384340 seconds
20.115: [GC20.115: [ParNew: 15972K->1546K(16640K), 0.0006460 secs] 43617K->29190K(55552K), 0.0006770 secs] [Times: user=0.00 sys=0.00, real=0.00 secs] 
20.116: Total time for which application threads were stopped: 0.0008010 seconds, Stopping threads took: 0.0000680 seconds
20.151: Application time: 0.0351630 seconds
20.151: [GC20.151: [ParNew: 15956K->1550K(16640K), 0.0008350 secs] 43600K->29706K(55552K), 0.0008680 secs] [Times: user=0.01 sys=0.00, real=0.00 secs] 
20.152: Total time for which application threads were stopped: 0.0010560 seconds, Stopping threads took: 0.0001300 seconds
20.190: Application time: 0.0375080 seconds
20.190: [GC20.190: [ParNew: 15974K->1550K(16640K), 0.0007920 secs] 44131K->30218K(55552K), 0.0008250 secs] [Times: user=0.01 sys=0.00, real=0.00 secs] 
20.191: Total time for which application threads were stopped: 0.0009420 seconds, Stopping threads took: 0.0000560 seconds
20.228: Application time: 0.0372780 seconds
20.228: [GC20.228: [ParNew: 15976K->1036K(16640K), 0.0005950 secs] 44645K->29704K(55552K), 0.0006270 secs] [Times: user=0.00 sys=0.00, real=0.01 secs] 
20.229: Total time for which application threads were stopped: 0.0007510 seconds, Stopping threads took: 0.0000680 seconds
20.264: Application time: 0.0351140 seconds
20.264: [GC20.264: [ParNew: 15450K->1548K(16640K), 0.0006990 secs] 44118K->30216K(55552K), 0.0007290 secs] [Times: user=0.00 sys=0.00, real=0.00 secs] 
20.265: Total time for which application threads were stopped: 0.0009940 seconds, Stopping threads took: 0.0002100 seconds
20.304: Application time: 0.0391350 seconds
20.304: [GC20.304: [ParNew: 15970K->1038K(16640K), 0.0006260 secs] 44639K->29706K(55552K), 0.0006670 secs] [Times: user=0.00 sys=0.00, real=0.00 secs] 
20.305: Total time for which application threads were stopped: 0.0007810 seconds, Stopping threads took: 0.0000560 seconds
20.341: Application time: 0.0358300 seconds
20.341: [GC20.341: [ParNew: 15446K->1550K(16640K), 0.0010010 secs] 44114K->31242K(55552K), 0.0010340 secs] [Times: user=0.01 sys=0.00, real=0.00 secs] 
20.342: Total time for which application threads were stopped: 0.0011660 seconds, Stopping threads took: 0.0000680 seconds
20.379: Application time: 0.0371210 seconds
20.379: [GC20.379: [ParNew: 16059K->556K(16640K), 0.0003690 secs] 45751K->30248K(55552K), 0.0004020 secs] [Times: user=0.00 sys=0.00, real=0.00 secs] 
20.380: Total time for which application threads were stopped: 0.0007060 seconds, Stopping threads took: 0.0002450 seconds
20.415: Application time: 0.0352880 seconds
20.415: [GC20.415: [ParNew: 15281K->1690K(16640K), 0.0008790 secs] 44974K->31895K(55552K), 0.0009130 secs] [Times: user=0.01 sys=0.00, real=0.00 secs] 
20.416: Total time for which application threads were stopped: 0.0010700 seconds, Stopping threads took: 0.0000990 seconds
20.453: Application time: 0.0372740 seconds
20.453: [GC20.453: [ParNew: 16359K->612K(16640K), 0.0004890 secs] 46564K->30959K(55552K), 0.0005210 secs] [Times: user=0.00 sys=0.00, real=0.00 secs] 
20.454: Total time for which application threads were stopped: 0.0007250 seconds, Stopping threads took: 0.0001480 seconds
20.488: Application time: 0.0342390 seconds
20.488: [GC20.488: [ParNew: 15014K->1636K(16640K), 0.0009300 secs] 45361K->33007K(55552K), 0.0009650 secs] [Times: user=0.01 sys=0.00, real=0.01 secs] 
20.489: Total time for which application threads were stopped: 0.0010860 seconds, Stopping threads took: 0.0000620 seconds
20.528: Application time: 0.0388470 seconds
20.528: [GC20.528: [ParNew: 16066K->1036K(16640K), 0.0006660 secs] 47438K->32493K(55552K), 0.0007010 secs] [Times: user=0.01 sys=0.00, real=0.01 secs] 
20.529: Total time for which application threads were stopped: 0.0008180 seconds, Stopping threads took: 0.0000560 seconds
20.563: Application time: 0.0340800 seconds
20.563: [GC20.563: [ParNew: 15446K->1550K(16640K), 0.0008360 secs] 46902K->33519K(55552K), 0.0008700 secs] [Times: user=0.01 sys=0.00, real=0.00 secs] 
20.564: Total time for which application threads were stopped: 0.0010020 seconds, Stopping threads took: 0.0000640 seconds
20.603: Application time: 0.0390040 seconds
20.603: [GC20.603: [ParNew: 15976K->1038K(16640K), 0.0005590 secs] 47945K->33007K(55552K), 0.0005950 secs] [Times: user=0.00 sys=0.00, real=0.00 secs] 
20.604: Total time for which application threads were stopped: 0.0007170 seconds, Stopping threads took: 0.0000640 seconds
20.638: Application time: 0.0346490 seconds
20.638: [GC20.638: [ParNew: 15452K->1546K(16640K), 0.0007120 secs] 47421K->33515K(55552K), 0.0007470 secs] [Times: user=0.00 sys=0.00, real=0.00 secs] 
20.639: Total time for which application threads were stopped: 0.0008700 seconds, Stopping threads took: 0.0000650 seconds
20.674: Application time: 0.0348510 seconds
20.674: [GC20.674: [ParNew: 15956K->1550K(16640K), 0.0009300 secs] 47925K->34543K(55552K), 0.0009670 secs] [Times: user=0.01 sys=0.00, real=0.00 secs] 
20.675: Total time for which application threads were stopped: 0.0010890 seconds, Stopping threads took: 0.0000600 seconds
20.713: Application time: 0.0380110 seconds
20.713: [GC20.713: [ParNew: 15976K->1546K(16640K), 0.0006910 secs] 48969K->34539K(55552K), 0.0007250 secs] [Times: user=0.00 sys=0.00, real=0.00 secs] 
20.714: Total time for which application threads were stopped: 0.0008480 seconds, Stopping threads took: 0.0000650 seconds
20.753: Application time: 0.0386110 seconds
20.753: [GC20.753: [ParNew: 15970K->1034K(16640K), 0.0005720 secs] 48963K->34027K(55552K), 0.0006040 secs] [Times: user=0.01 sys=0.00, real=0.00 secs] 
20.753: Total time for which application threads were stopped: 0.0007520 seconds, Stopping threads took: 0.0000830 seconds
20.787: Application time: 0.0335510 seconds
20.787: [GC20.787: [ParNew: 15444K->1550K(16640K), 0.0008110 secs] 48437K->35055K(55552K), 0.0008480 secs] [Times: user=0.00 sys=0.00, real=0.00 secs] 
20.788: Total time for which application threads were stopped: 0.0009790 seconds, Stopping threads took: 0.0000700 seconds
20.826: Application time: 0.0385120 seconds
20.827: [GC20.827: [ParNew: 15976K->1036K(16640K), 0.0005180 secs] 49481K->34541K(55552K), 0.0005510 secs] [Times: user=0.00 sys=0.00, real=0.00 secs] 
20.827: Total time for which application threads were stopped: 0.0006710 seconds, Stopping threads took: 0.0000650 seconds
20.862: Application time: 0.0345030 seconds
20.862: [GC20.862: [ParNew: 15450K->1548K(16640K), 0.0006280 secs] 48955K->35053K(55552K), 0.0006640 secs] [Times: user=0.00 sys=0.00, real=0.00 secs] 
20.863: Total time for which application threads were stopped: 0.0008790 seconds, Stopping threads took: 0.0001570 seconds
20.899: Application time: 0.0362230 seconds
20.899: [GC20.899: [ParNew: 15962K->1550K(16640K), 0.0008420 secs] 49467K->35567K(55552K), 0.0008760 secs] [Times: user=0.01 sys=0.00, real=0.00 secs] 
20.900: Total time for which application threads were stopped: 0.0010320 seconds, Stopping threads took: 0.0000980 seconds
20.938: Application time: 0.0380740 seconds
20.938: [GC20.938: [ParNew: 15974K->1550K(16640K), 0.0006810 secs] 49991K->35567K(55552K), 0.0007130 secs] [Times: user=0.01 sys=0.00, real=0.00 secs] 
20.939: Total time for which application threads were stopped: 0.0011260 seconds, Stopping threads took: 0.0003590 seconds
20.975: Application time: 0.0358110 seconds
20.975: [GC20.975: [ParNew: 15964K->1546K(16640K), 0.0007840 secs] 49981K->36075K(55552K), 0.0008210 secs] [Times: user=0.01 sys=0.00, real=0.00 secs] 
20.976: Total time for which application threads were stopped: 0.0009620 seconds, Stopping threads took: 0.0000830 seconds
21.015: Application time: 0.0390570 seconds
21.015: [GC21.015: [ParNew: 15972K->1036K(16640K), 0.0006520 secs] 50501K->35565K(55552K), 0.0006830 secs] [Times: user=0.00 sys=0.00, real=0.00 secs] 
21.016: Total time for which application threads were stopped: 0.0009070 seconds, Stopping threads took: 0.0001670 seconds
21.049: Application time: 0.0335850 seconds
21.049: [GC21.049: [ParNew: 15526K->1580K(16640K), 0.0008030 secs] 50055K->36621K(55552K), 0.0008360 secs] [Times: user=0.00 sys=0.00, real=0.00 secs] 
21.050: Total time for which application threads were stopped: 0.0009600 seconds, Stopping threads took: 0.0000640 seconds
21.090: Application time: 0.0396520 seconds
21.090: [GC21.090: [ParNew: 16324K->638K(16640K), 0.0005010 secs] 51365K->35707K(55552K), 0.0005290 secs] [Times: user=0.00 sys=0.00, real=0.00 secs] 
21.091: Total time for which application threads were stopped: 0.0006590 seconds, Stopping threads took: 0.0000670 seconds
21.125: Application time: 0.0342150 seconds
21.125: [GC21.125: [ParNew: 15202K->1720K(16640K), 0.0008600 secs] 50272K->37301K(55552K), 0.0008920 secs] [Times: user=0.00 sys=0.00, real=0.00 secs] 
21.126: Total time for which application threads were stopped: 0.0010140 seconds, Stopping threads took: 0.0000620 seconds
21.164: Application time: 0.0383500 seconds
21.164: [GC21.164: [ParNew: 16225K->1066K(16640K), 0.0007090 secs] 51806K->36818K(55552K), 0.0007400 secs] [Times: user=0.00 sys=0.00, real=0.00 secs] 
21.165: Total time for which application threads were stopped: 0.0008560 seconds, Stopping threads took: 0.0000550 seconds
21.202: Application time: 0.0368330 seconds
21.202: [GC21.202: [ParNew: 15480K->1548K(16640K), 0.0006700 secs] 51232K->37329K(55552K), 0.0007070 secs] [Times: user=0.00 sys=0.00, real=0.00 secs] 
21.203: Total time for which application threads were stopped: 0.0008530 seconds, Stopping threads took: 0.0000860 seconds
21.237: Application time: 0.0343090 seconds
21.237: [GC21.237: [ParNew: 15950K->1550K(16640K), 0.0012860 secs] 51731K->39379K(55552K), 0.0013200 secs] [Times: user=0.00 sys=0.00, real=0.00 secs] 
21.238: Total time for which application threads were stopped: 0.0014510 seconds, Stopping threads took: 0.0000600 seconds
21.238: [CMS-concurrent-abortable-preclean: 0.010/2.583 secs] [Times: user=20.22 sys=0.02, real=2.58 secs] 
21.239: Application time: 0.0000870 seconds
21.239: [GC[YG occupancy: 2062 K (16640 K)]21.239: [Rescan (parallel) , 0.0001920 secs]21.239: [weak refs processing, 0.0000060 secs]21.239: [scrub string table, 0.0000820 secs] [1 CMS-remark: 37829K(38912K)] 39891K(55552K), 0.0002960 secs] [Times: user=0.00 sys=0.00, real=0.00 secs] 
21.239: Total time for which application threads were stopped: 0.0004670 seconds, Stopping threads took: 0.0001480 seconds
21.239: [CMS-concurrent-sweep-start]
21.241: [CMS-concurrent-sweep: 0.001/0.001 secs] [Times: user=0.01 sys=0.00, real=0.00 secs] 
21.241: [CMS-concurrent-reset-start]
21.241: [CMS-concurrent-reset: 0.000/0.000 secs] [Times: user=0.00 sys=0.00, real=0.00 secs] 
21.277: Application time: 0.0377390 seconds
21.277: [GC21.277: [ParNew: 15980K->1552K(16640K), 0.0007990 secs] 48462K->34545K(55552K), 0.0008340 secs] [Times: user=0.01 sys=0.00, real=0.00 secs] 
21.278: Total time for which application threads were stopped: 0.0009480 seconds, Stopping threads took: 0.0000570 seconds
21.278: Application time: 0.0000360 seconds
21.278: [GC [1 CMS-initial-mark: 32993K(38912K)] 35057K(55552K), 0.0001040 secs] [Times: user=0.00 sys=0.00, real=0.00 secs] 
21.278: Total time for which application threads were stopped: 0.0002460 seconds, Stopping threads took: 0.0001220 seconds
21.278: [CMS-concurrent-mark-start]
21.282: [CMS-concurrent-mark: 0.004/0.004 secs] [Times: user=0.02 sys=0.00, real=0.01 secs] 
21.282: [CMS-concurrent-preclean-start]
21.282: [CMS-concurrent-preclean: 0.000/0.000 secs] [Times: user=0.00 sys=0.00, real=0.00 secs] 
21.282: Application time: 0.0042030 seconds
21.285: [GC[YG occupancy: 2590 K (16640 K)]21.285: [Rescan (parallel) , 0.0001800 secs]21.285: [weak refs processing, 0.0000070 secs]21.285: [scrub string table, 0.0001040 secs] [1 CMS-remark: 32993K(38912K)] 35584K(55552K), 0.0003160 secs] [Times: user=0.00 sys=0.00, real=0.00 secs] 
21.285: Total time for which application threads were stopped: 0.0028090 seconds, Stopping threads took: 0.0024710 seconds
21.285: [CMS-concurrent-sweep-start]
21.286: [CMS-concurrent-sweep: 0.001/0.001 secs] [Times: user=0.00 sys=0.00, real=0.00 secs] 
21.286: [CMS-concurrent-reset-start]
21.286: [CMS-concurrent-reset: 0.000/0.000 secs] [Times: user=0.00 sys=0.00, real=0.00 secs] 
21.319: Application time: 0.0343290 seconds
21.319: [GC21.319: [ParNew: 15970K->1544K(16640K), 0.0008270 secs] 22964K->9050K(55552K), 0.0008630 secs] [Times: user=0.00 sys=0.01, real=0.00 secs] 
21.320: Total time for which application threads were stopped: 0.0009770 seconds, Stopping threads took: 0.0000560 seconds
21.359: Application time: 0.0388740 seconds
21.359: [GC21.359: [ParNew: 15974K->526K(16640K), 0.0004490 secs] 23481K->8032K(55552K), 0.0004820 secs] [Times: user=0.00 sys=0.00, real=0.00 secs] 
21.360: Total time for which application threads were stopped: 0.0007830 seconds, Stopping threads took: 0.0002480 seconds
21.394: Application time: 0.0339900 seconds
21.394: [GC21.394: [ParNew: 14931K->1550K(16640K), 0.0007800 secs] 22438K->9568K(55552K), 0.0008170 secs] [Times: user=0.00 sys=0.00, real=0.00 secs] 
21.395: Total time for which application threads were stopped: 0.0009380 seconds, Stopping threads took: 0.0000620 seconds
21.433: Application time: 0.0383830 seconds
21.434: [GC21.434: [ParNew: 15976K->522K(16640K), 0.0004480 secs] 23995K->8540K(55552K), 0.0004820 secs] [Times: user=0.00 sys=0.00, real=0.00 secs] 
21.434: Total time for which application threads were stopped: 0.0007180 seconds, Stopping threads took: 0.0001770 seconds
21.470: Application time: 0.0359820 seconds
21.470: [GC21.470: [ParNew: 14932K->1548K(16640K), 0.0007800 secs] 22950K->10078K(55552K), 0.0008160 secs] [Times: user=0.00 sys=0.00, real=0.00 secs] 
21.471: Total time for which application threads were stopped: 0.0009360 seconds, Stopping threads took: 0.0000610 seconds
21.508: Application time: 0.0374230 seconds
21.509: [GC21.509: [ParNew: 15978K->522K(16640K), 0.0004560 secs] 24509K->9052K(55552K), 0.0004900 secs] [Times: user=0.00 sys=0.00, real=0.00 secs] 
21.509: Total time for which application threads were stopped: 0.0007220 seconds, Stopping threads took: 0.0001810 seconds
21.545: Application time: 0.0358630 seconds
21.545: [GC21.545: [ParNew: 14932K->1550K(16640K), 0.0006660 secs] 23462K->10080K(55552K), 0.0007020 secs] [Times: user=0.00 sys=0.00, real=0.00 secs] 
21.546: Total time for which application threads were stopped: 0.0008190 seconds, Stopping threads took: 0.0000570 seconds
21.583: Application time: 0.0377270 seconds
21.584: [GC21.584: [ParNew: 15972K->1036K(16640K), 0.0005690 secs] 24503K->9566K(55552K), 0.0006010 secs] [Times: user=0.00 sys=0.00, real=0.00 secs] 
21.584: Total time for which application threads were stopped: 0.0007180 seconds, Stopping threads took: 0.0000620 seconds
21.620: Application time: 0.0356510 seconds
21.620: [GC21.620: [ParNew: 15448K->1548K(16640K), 0.0008810 secs] 23979K->10590K(55552K), 0.0009190 secs] [Times: user=0.00 sys=0.00, real=0.01 secs] 
21.621: Total time for which application threads were stopped: 0.0010440 seconds, Stopping threads took: 0.0000600 seconds
21.658: Application time: 0.0371640 seconds
21.658: [GC21.658: [ParNew: 15970K->1550K(16640K), 0.0006490 secs] 25013K->10592K(55552K), 0.0006820 secs] [Times: user=0.01 sys=0.00, real=0.00 secs] 
21.659: Total time for which application threads were stopped: 0.0007940 seconds, Stopping threads took: 0.0000540 seconds
21.694: Application time: 0.0347280 seconds
21.694: [GC21.694: [ParNew: 15964K->1546K(16640K), 0.0008670 secs] 25007K->11100K(55552K), 0.0009020 secs] [Times: user=0.01 sys=0.00, real=0.00 secs] 
21.695: Total time for which application threads were stopped: 0.0010210 seconds, Stopping threads took: 0.0000570 seconds
21.733: Application time: 0.0387010 seconds
21.734: [GC21.734: [ParNew: 15972K->524K(16640K), 0.0004010 secs] 25527K->10078K(55552K), 0.0004350 secs] [Times: user=0.00 sys=0.00, real=0.00 secs] 
21.734: Total time for which application threads were stopped: 0.0007030 seconds, Stopping threads took: 0.0002120 seconds
21.768: Application time: 0.0344410 seconds
21.769: [GC21.769: [ParNew: 15090K->1604K(16640K), 0.0009440 secs] 24645K->11671K(55552K), 0.0009800 secs] [Times: user=0.00 sys=0.00, real=0.00 secs] 
21.770: Total time for which application threads were stopped: 0.0011060 seconds, Stopping threads took: 0.0000660 seconds
21.808: Application time: 0.0381350 seconds
21.808: [GC21.808: [ParNew: 16423K->1178K(16640K), 0.0006830 secs] 26490K->11302K(55552K), 0.0007210 secs] [Times: user=0.00 sys=0.00, real=0.01 secs] 
21.809: Total time for which application threads were stopped: 0.0008350 seconds, Stopping threads took: 0.0000530 seconds
21.843: Application time: 0.0345580 seconds
21.843: [GC21.843: [ParNew: 15668K->1578K(16640K), 0.0009010 secs] 25792K->12356K(55552K), 0.0009400 secs] [Times: user=0.01 sys=0.01, real=0.00 secs] 
21.844: Total time for which application threads were stopped: 0.0010620 seconds, Stopping threads took: 0.0000610 seconds
21.882: Application time: 0.0376010 seconds
21.882: [GC21.882: [ParNew: 16004K->1036K(16640K), 0.0005940 secs] 26783K->11843K(55552K), 0.0006270 secs] [Times: user=0.01 sys=0.00, real=0.00 secs] 
21.883: Total time for which application threads were stopped: 0.0007410 seconds, Stopping threads took: 0.0000580 seconds
21.918: Application time: 0.0359650 seconds
21.919: [GC21.919: [ParNew: 15450K->1546K(16640K), 0.0006460 secs] 26257K->12353K(55552K), 0.0006790 secs] [Times: user=0.00 sys=0.00, real=0.00 secs] 
21.919: Total time for which application threads were stopped: 0.0008040 seconds, Stopping threads took: 0.0000680 seconds
21.954: Application time: 0.0348590 seconds
21.954: [GC21.954: [ParNew: 15960K->1548K(16640K), 0.0008150 secs] 26767K->12867K(55552K), 0.0008490 secs] [Times: user=0.01 sys=0.00, real=0.00 secs] 
21.955: Total time for which application threads were stopped: 0.0009840 seconds, Stopping threads took: 0.0000640 seconds
21.993: Application time: 0.0378690 seconds
21.993: [GC21.993: [ParNew: 15970K->1550K(16640K), 0.0006960 secs] 27289K->12869K(55552K), 0.0007310 secs] [Times: user=0.00 sys=0.00, real=0.00 secs] 
21.994: Total time for which application threads were stopped: 0.0008480 seconds, Stopping threads took: 0.0000590 seconds
22.029: Application time: 0.0352700 seconds
22.029: [GC22.029: [ParNew: 15964K->1550K(16640K), 0.0007850 secs] 27283K->13381K(55552K), 0.0008190 secs] [Times: user=0.00 sys=0.00, real=0.00 secs] 
22.030: Total time for which application threads were stopped: 0.0009630 seconds, Stopping threads took: 0.0000850 seconds
22.067: Application time: 0.0371000 seconds
22.067: [GC22.067: [ParNew: 15972K->1548K(16640K), 0.0006780 secs] 27803K->13379K(55552K), 0.0007100 secs] [Times: user=0.00 sys=0.00, real=0.00 secs] 
22.068: Total time for which application threads were stopped: 0.0008280 seconds, Stopping threads took: 0.0000640 seconds
22.104: Application time: 0.0361630 seconds
22.104: [GC22.104: [ParNew: 15966K->1548K(16640K), 0.0006950 secs] 27797K->13379K(55552K), 0.0007260 secs] [Times: user=0.01 sys=0.00, real=0.00 secs] 
22.105: Total time for which application threads were stopped: 0.0008740 seconds, Stopping threads took: 0.0000890 seconds
22.141: Application time: 0.0354470 seconds
22.141: [GC22.141: [ParNew: 15958K->1550K(16640K), 0.0009800 secs] 27789K->14405K(55552K), 0.0010180 secs] [Times: user=0.00 sys=0.00, real=0.00 secs] 
22.142: Total time for which application threads were stopped: 0.0011820 seconds, Stopping threads took: 0.0000950 seconds
22.180: Application time: 0.0384470 seconds
22.180: [GC22.180: [ParNew: 15976K->1548K(16640K), 0.0007510 secs] 28831K->14403K(55552K), 0.0007860 secs] [Times: user=0.00 sys=0.00, real=0.01 secs] 
22.181: Total time for which application threads were stopped: 0.0009310 seconds, Stopping threads took: 0.0000860 seconds
22.217: Application time: 0.0360240 seconds
22.217: [GC22.217: [ParNew: 15960K->1550K(16640K), 0.0008480 secs] 28815K->14917K(55552K), 0.0008810 secs] [Times: user=0.00 sys=0.00, real=0.00 secs] 
22.218: Total time for which application threads were stopped: 0.0011010 seconds, Stopping threads took: 0.0001630 seconds
22.256: Application time: 0.0381600 seconds
22.256: [GC22.257: [ParNew: 15976K->1548K(16640K), 0.0007070 secs] 29343K->14915K(55552K), 0.0007420 secs] [Times: user=0.00 sys=0.00, real=0.00 secs] 
22.257: Total time for which application threads were stopped: 0.0008710 seconds, Stopping threads took: 0.0000610 seconds
22.290: Application time: 0.0330080 seconds
22.290: [GC22.290: [ParNew: 15954K->1550K(16640K), 0.0011210 secs] 29321K->16453K(55552K), 0.0011560 secs] [Times: user=0.00 sys=0.00, real=0.00 secs] 
22.292: Total time for which application threads were stopped: 0.0012820 seconds, Stopping threads took: 0.0000670 seconds
22.292: Application time: 0.0000670 seconds
22.292: [GC [1 CMS-initial-mark: 14903K(38912K)] 16965K(55552K), 0.0001090 secs] [Times: user=0.00 sys=0.00, real=0.00 secs] 
22.292: Total time for which application threads were stopped: 0.0002840 seconds, Stopping threads took: 0.0001540 seconds
22.292: [CMS-concurrent-mark-start]
22.296: [CMS-concurrent-mark: 0.004/0.004 secs] [Times: user=0.02 sys=0.00, real=0.00 secs] 
22.296: [CMS-concurrent-preclean-start]
22.296: [CMS-concurrent-preclean: 0.000/0.000 secs] [Times: user=0.00 sys=0.00, real=0.00 secs] 
22.296: Application time: 0.0041950 seconds
22.301: [GC[YG occupancy: 2592 K (16640 K)]22.301: [Rescan (parallel) , 0.0001130 secs]22.301: [weak refs processing, 0.0000070 secs]22.301: [scrub string table, 0.0001010 secs] [1 CMS-remark: 14903K(38912K)] 17495K(55552K), 0.0002440 secs] [Times: user=0.00 sys=0.00, real=0.00 secs] 
22.301: Total time for which application threads were stopped: 0.0049060 seconds, Stopping threads took: 0.0046410 seconds
22.301: [CMS-concurrent-sweep-start]
22.302: [CMS-concurrent-sweep: 0.001/0.001 secs] [Times: user=0.01 sys=0.00, real=0.00 secs] 
22.302: [CMS-concurrent-reset-start]
22.302: [CMS-concurrent-reset: 0.000/0.000 secs] [Times: user=0.00 sys=0.00, real=0.00 secs] 
22.336: Application time: 0.0346380 seconds
22.336: [GC22.336: [ParNew: 15968K->1550K(16640K), 0.0011580 secs] 23987K->11105K(55552K), 0.0011940 secs] [Times: user=0.01 sys=0.00, real=0.00 secs] 
22.337: Total time for which application threads were stopped: 0.0013180 seconds, Stopping threads took: 0.0000630 seconds
22.375: Application time: 0.0382070 seconds
22.375: [GC22.375: [ParNew: 15984K->1034K(16640K), 0.0005010 secs] 25540K->10589K(55552K), 0.0005370 secs] [Times: user=0.00 sys=0.00, real=0.00 secs] 
22.376: Total time for which application threads were stopped: 0.0006550 seconds, Stopping threads took: 0.0000600 seconds
22.411: Application time: 0.0349010 seconds
22.411: [GC22.411: [ParNew: 15440K->1548K(16640K), 0.0009590 secs] 24995K->12127K(55552K), 0.0009950 secs] [Times: user=0.01 sys=0.00, real=0.00 secs] 
22.412: Total time for which application threads were stopped: 0.0011180 seconds, Stopping threads took: 0.0000640 seconds
22.451: Application time: 0.0392660 seconds
22.451: [GC22.451: [ParNew: 16053K->1580K(16640K), 0.0006810 secs] 26632K->12159K(55552K), 0.0007120 secs] [Times: user=0.00 sys=0.00, real=0.00 secs] 
22.452: Total time for which application threads were stopped: 0.0008260 seconds, Stopping threads took: 0.0000620 seconds
22.489: Application time: 0.0366650 seconds
22.489: [GC22.489: [ParNew: 16393K->1692K(16640K), 0.0006690 secs] 26973K->12300K(55552K), 0.0007010 secs] [Times: user=0.01 sys=0.00, real=0.00 secs] 
22.489: Total time for which application threads were stopped: 0.0008370 seconds, Stopping threads took: 0.0000790 seconds
22.525: Application time: 0.0359610 seconds
22.526: [GC22.526: [ParNew: 16263K->1608K(16640K), 0.0008850 secs] 26871K->12870K(55552K), 0.0009200 secs] [Times: user=0.01 sys=0.00, real=0.00 secs] 
22.526: Total time for which application threads were stopped: 0.0010520 seconds, Stopping threads took: 0.0000720 seconds
22.565: Application time: 0.0386390 seconds
22.565: [GC22.565: [ParNew: 16030K->1552K(16640K), 0.0006830 secs] 27293K->12871K(55552K), 0.0007160 secs] [Times: user=0.00 sys=0.00, real=0.00 secs] 
22.566: Total time for which application threads were stopped: 0.0008360 seconds, Stopping threads took: 0.0000640 seconds
22.599: Application time: 0.0327290 seconds
22.599: [GC22.599: [ParNew: 15962K->1548K(16640K), 0.0009960 secs] 27281K->13891K(55552K), 0.0010330 secs] [Times: user=0.01 sys=0.00, real=0.00 secs] 
22.600: Total time for which application threads were stopped: 0.0011560 seconds, Stopping threads took: 0.0000610 seconds
22.639: Application time: 0.0393780 seconds
22.639: [GC22.639: [ParNew: 15974K->1548K(16640K), 0.0007140 secs] 28318K->13891K(55552K), 0.0007490 secs] [Times: user=0.00 sys=0.00, real=0.00 secs] 
22.640: Total time for which application threads were stopped: 0.0008910 seconds, Stopping threads took: 0.0000820 seconds
22.674: Application time: 0.0340700 seconds
22.674: [GC22.674: [ParNew: 15958K->1548K(16640K), 0.0009440 secs] 28301K->14915K(55552K), 0.0009800 secs] [Times: user=0.00 sys=0.00, real=0.00 secs] 
22.675: Total time for which application threads were stopped: 0.0011180 seconds, Stopping threads took: 0.0000680 seconds
22.713: Application time: 0.0381960 seconds
22.714: [GC22.714: [ParNew: 15974K->1550K(16640K), 0.0006720 secs] 29342K->14917K(55552K), 0.0007060 secs] [Times: user=0.00 sys=0.00, real=0.00 secs] 
22.714: Total time for which application threads were stopped: 0.0008210 seconds, Stopping threads took: 0.0000600 seconds
22.748: Application time: 0.0332050 seconds
22.748: [GC22.748: [ParNew: 15960K->1552K(16640K), 0.0038090 secs] 29327K->15943K(55552K), 0.0038520 secs] [Times: user=0.01 sys=0.00, real=0.01 secs] 
22.752: Total time for which application threads were stopped: 0.0039810 seconds, Stopping threads took: 0.0000680 seconds
22.791: Application time: 0.0390780 seconds
22.791: [GC22.791: [ParNew: 15978K->1548K(16640K), 0.0007550 secs] 30370K->15939K(55552K), 0.0007910 secs] [Times: user=0.00 sys=0.00, real=0.00 secs] 
22.792: Total time for which application threads were stopped: 0.0009200 seconds, Stopping threads took: 0.0000690 seconds
22.825: Application time: 0.0331080 seconds
22.825: [GC22.825: [ParNew: 15958K->1548K(16640K), 0.0009680 secs] 30349K->16963K(55552K), 0.0010050 secs] [Times: user=0.01 sys=0.00, real=0.00 secs] 
22.826: Total time for which application threads were stopped: 0.0011310 seconds, Stopping threads took: 0.0000670 seconds
22.866: Application time: 0.0399570 seconds
22.866: [GC22.866: [ParNew: 15982K->524K(16640K), 0.0004290 secs] 31398K->15939K(55552K), 0.0004630 secs] [Times: user=0.00 sys=0.00, real=0.00 secs] 
22.866: Total time for which application threads were stopped: 0.0006090 seconds, Stopping threads took: 0.0000880 seconds
22.900: Application time: 0.0338650 seconds
22.900: [GC22.900: [ParNew: 14925K->1552K(16640K), 0.0009920 secs] 30341K->17991K(55552K), 0.0010280 secs] [Times: user=0.01 sys=0.00, real=0.01 secs] 
22.901: Total time for which application threads were stopped: 0.0011640 seconds, Stopping threads took: 0.0000730 seconds
22.940: Application time: 0.0384480 seconds
22.940: [GC22.940: [ParNew: 15982K->1038K(16640K), 0.0005240 secs] 32422K->17477K(55552K), 0.0005610 secs] [Times: user=0.00 sys=0.00, real=0.01 secs] 
22.941: Total time for which application threads were stopped: 0.0008150 seconds, Stopping threads took: 0.0001960 seconds
22.975: Application time: 0.0345580 seconds
22.975: [GC22.975: [ParNew: 15444K->1550K(16640K), 0.0009230 secs] 31883K->19013K(55552K), 0.0009570 secs] [Times: user=0.00 sys=0.00, real=0.00 secs] 
22.976: Total time for which application threads were stopped: 0.0010830 seconds, Stopping threads took: 0.0000650 seconds
23.014: Application time: 0.0381170 seconds
23.014: [GC23.015: [ParNew: 15980K->1036K(16640K), 0.0005690 secs] 33444K->18499K(55552K), 0.0006010 secs] [Times: user=0.00 sys=0.00, real=0.00 secs] 
23.015: Total time for which application threads were stopped: 0.0007350 seconds, Stopping threads took: 0.0000790 seconds
23.049: Application time: 0.0339860 seconds
23.049: [GC23.049: [ParNew: 15442K->1546K(16640K), 0.0010610 secs] 32905K->20033K(55552K), 0.0010930 secs] [Times: user=0.01 sys=0.00, real=0.00 secs] 
23.050: Total time for which application threads were stopped: 0.0012240 seconds, Stopping threads took: 0.0000720 seconds
23.089: Application time: 0.0383080 seconds
23.089: [GC23.089: [ParNew: 15976K->1038K(16640K), 0.0005750 secs] 34464K->19525K(55552K), 0.0006100 secs] [Times: user=0.01 sys=0.00, real=0.00 secs] 
23.089: Total time for which application threads were stopped: 0.0007480 seconds, Stopping threads took: 0.0000810 seconds
23.124: Application time: 0.0343650 seconds
23.124: [GC23.124: [ParNew: 15522K->1576K(16640K), 0.0010530 secs] 34010K->21087K(55552K), 0.0010880 secs] [Times: user=0.01 sys=0.00, real=0.00 secs] 
23.125: Total time for which application threads were stopped: 0.0012120 seconds, Stopping threads took: 0.0000670 seconds
23.164: Application time: 0.0387900 seconds
23.164: [GC23.164: [ParNew: 16322K->1150K(16640K), 0.0006330 secs] 35834K->20690K(55552K), 0.0006700 secs] [Times: user=0.00 sys=0.00, real=0.00 secs] 
23.165: Total time for which application threads were stopped: 0.0008070 seconds, Stopping threads took: 0.0000790 seconds
23.200: Application time: 0.0357520 seconds
23.200: [GC23.200: [ParNew: 15803K->1634K(16640K), 0.0008440 secs] 35343K->21288K(55552K), 0.0008770 secs] [Times: user=0.00 sys=0.01, real=0.01 secs] 
23.201: Total time for which application threads were stopped: 0.0010170 seconds, Stopping threads took: 0.0000700 seconds
23.237: Application time: 0.0355150 seconds
23.237: [GC23.237: [ParNew: 16052K->1546K(16640K), 0.0007780 secs] 35706K->21286K(55552K), 0.0008080 secs] [Times: user=0.00 sys=0.00, real=0.00 secs] 
23.238: Total time for which application threads were stopped: 0.0010660 seconds, Stopping threads took: 0.0002000 seconds
23.275: Application time: 0.0365940 seconds
23.275: [GC23.275: [ParNew: 15964K->1550K(16640K), 0.0006900 secs] 35704K->21290K(55552K), 0.0007310 secs] [Times: user=0.01 sys=0.00, real=0.00 secs] 
23.275: Total time for which application threads were stopped: 0.0008620 seconds, Stopping threads took: 0.0000730 seconds
23.313: Application time: 0.0372430 seconds
23.317: [GC23.317: [ParNew: 15972K->1038K(16640K), 0.0007730 secs] 35712K->20778K(55552K), 0.0008030 secs] [Times: user=0.00 sys=0.00, real=0.00 secs] 
23.317: Total time for which application threads were stopped: 0.0048200 seconds, Stopping threads took: 0.0039630 seconds
23.352: Application time: 0.0344530 seconds
23.352: [GC23.352: [ParNew: 15448K->1552K(16640K), 0.0008830 secs] 35188K->21804K(55552K), 0.0009160 secs] [Times: user=0.00 sys=0.00, real=0.00 secs] 
23.353: Total time for which application threads were stopped: 0.0013020 seconds, Stopping threads took: 0.0003280 seconds
23.391: Application time: 0.0379190 seconds
23.391: [GC23.391: [ParNew: 15978K->1038K(16640K), 0.0005260 secs] 36230K->21290K(55552K), 0.0005610 secs] [Times: user=0.00 sys=0.00, real=0.00 secs] 
23.392: Total time for which application threads were stopped: 0.0006970 seconds, Stopping threads took: 0.0000790 seconds
23.427: Application time: 0.0346800 seconds
23.427: [GC23.427: [ParNew: 15448K->1550K(16640K), 0.0008250 secs] 35700K->22314K(55552K), 0.0008610 secs] [Times: user=0.00 sys=0.00, real=0.00 secs] 
23.428: Total time for which application threads were stopped: 0.0010190 seconds, Stopping threads took: 0.0000980 seconds
23.465: Application time: 0.0376260 seconds
23.465: [GC23.465: [ParNew: 15976K->1038K(16640K), 0.0005190 secs] 36740K->21802K(55552K), 0.0005490 secs] [Times: user=0.01 sys=0.00, real=0.00 secs] 
23.466: Total time for which application threads were stopped: 0.0007170 seconds, Stopping threads took: 0.0001150 seconds
23.501: Application time: 0.0350050 seconds
23.501: [GC23.501: [ParNew: 15444K->1548K(16640K), 0.0009460 secs] 36208K->23336K(55552K), 0.0009810 secs] [Times: user=0.01 sys=0.00, real=0.00 secs] 
23.502: Total time for which application threads were stopped: 0.0011160 seconds, Stopping threads took: 0.0000740 seconds
23.539: Application time: 0.0366270 seconds
23.539: [GC23.539: [ParNew: 15970K->1546K(16640K), 0.0008070 secs] 37758K->23846K(55552K), 0.0008400 secs] [Times: user=0.01 sys=0.00, real=0.00 secs] 
23.540: Total time for which application threads were stopped: 0.0009840 seconds, Stopping threads took: 0.0000850 seconds
23.577: Application time: 0.0376250 seconds
23.577: [GC23.577: [ParNew: 15968K->1548K(16640K), 0.0006640 secs] 38268K->23848K(55552K), 0.0006960 secs] [Times: user=0.00 sys=0.00, real=0.00 secs] 
23.578: Total time for which application threads were stopped: 0.0008520 seconds, Stopping threads took: 0.0000990 seconds
23.612: Application time: 0.0342850 seconds
23.613: [GC23.613: [ParNew: 15962K->1550K(16640K), 0.0008060 secs] 38262K->24362K(55552K), 0.0008440 secs] [Times: user=0.00 sys=0.00, real=0.00 secs] 
23.613: Total time for which application threads were stopped: 0.0010800 seconds, Stopping threads took: 0.0001750 seconds
23.651: Application time: 0.0375480 seconds
23.651: [GC23.651: [ParNew: 15972K->1550K(16640K), 0.0006650 secs] 38784K->24362K(55552K), 0.0006990 secs] [Times: user=0.00 sys=0.00, real=0.00 secs] 
23.652: Total time for which application threads were stopped: 0.0008280 seconds, Stopping threads took: 0.0000700 seconds
23.687: Application time: 0.0350960 seconds
23.687: [GC23.687: [ParNew: 15964K->1550K(16640K), 0.0008280 secs] 38776K->24874K(55552K), 0.0008620 secs] [Times: user=0.01 sys=0.00, real=0.00 secs] 
23.688: Total time for which application threads were stopped: 0.0009900 seconds, Stopping threads took: 0.0000700 seconds
23.725: Application time: 0.0373460 seconds
23.725: [GC23.725: [ParNew: 15972K->1550K(16640K), 0.0007230 secs] 39296K->24874K(55552K), 0.0007580 secs] [Times: user=0.00 sys=0.00, real=0.00 secs] 
23.726: Total time for which application threads were stopped: 0.0008860 seconds, Stopping threads took: 0.0000650 seconds
23.761: Application time: 0.0348630 seconds
23.761: [GC23.761: [ParNew: 15964K->1550K(16640K), 0.0008690 secs] 39288K->25386K(55552K), 0.0009120 secs] [Times: user=0.01 sys=0.00, real=0.00 secs] 
23.762: Total time for which application threads were stopped: 0.0010410 seconds, Stopping threads took: 0.0000680 seconds
23.800: Application time: 0.0377060 seconds
23.800: [GC23.800: [ParNew: 16050K->1578K(16640K), 0.0006720 secs] 39886K->25414K(55552K), 0.0007060 secs] [Times: user=0.00 sys=0.00, real=0.01 secs] 
23.801: Total time for which application threads were stopped: 0.0008260 seconds, Stopping threads took: 0.0000620 seconds
23.835: Application time: 0.0347510 seconds
23.836: [GC23.836: [ParNew: 16146K->1606K(16640K), 0.0008940 secs] 39983K->25982K(55552K), 0.0009280 secs] [Times: user=0.01 sys=0.00, real=0.00 secs] 
23.836: Total time for which application threads were stopped: 0.0011140 seconds, Stopping threads took: 0.0001260 seconds
23.877: Application time: 0.0403790 seconds
23.877: [GC23.877: [ParNew: 16347K->1664K(16640K), 0.0007630 secs] 40724K->26097K(55552K), 0.0007950 secs] [Times: user=0.00 sys=0.00, real=0.00 secs] 
23.878: Total time for which application threads were stopped: 0.0009440 seconds, Stopping threads took: 0.0000940 seconds
23.913: Application time: 0.0353420 seconds
23.913: [GC23.913: [ParNew: 16156K->1578K(16640K), 0.0009640 secs] 40590K->26637K(55552K), 0.0009980 secs] [Times: user=0.01 sys=0.00, real=0.00 secs] 
23.914: Total time for which application threads were stopped: 0.0011080 seconds, Stopping threads took: 0.0000550 seconds
23.951: Application time: 0.0367100 seconds
23.951: [GC23.951: [ParNew: 16002K->1548K(16640K), 0.0055370 secs] 41062K->26636K(55552K), 0.0055780 secs] [Times: user=0.04 sys=0.00, real=0.00 secs] 
23.957: Total time for which application threads were stopped: 0.0057070 seconds, Stopping threads took: 0.0000590 seconds
23.993: Application time: 0.0363140 seconds
23.993: [GC23.993: [ParNew: 15958K->1548K(16640K), 0.0009710 secs] 41046K->27660K(55552K), 0.0010050 secs] [Times: user=0.01 sys=0.00, real=0.00 secs] 
23.994: Total time for which application threads were stopped: 0.0011250 seconds, Stopping threads took: 0.0000600 seconds
24.033: Application time: 0.0384490 seconds
24.033: [GC24.033: [ParNew: 15978K->1036K(16640K), 0.0006510 secs] 42091K->27148K(55552K), 0.0006860 secs] [Times: user=0.00 sys=0.00, real=0.00 secs] 
24.033: Total time for which application threads were stopped: 0.0007960 seconds, Stopping threads took: 0.0000530 seconds
24.067: Application time: 0.0337090 seconds
24.067: [GC24.067: [ParNew: 15442K->1546K(16640K), 0.0010260 secs] 41554K->28682K(55552K), 0.0010580 secs] [Times: user=0.00 sys=0.00, real=0.00 secs] 
24.068: Total time for which application threads were stopped: 0.0011840 seconds, Stopping threads took: 0.0000680 seconds
24.107: Application time: 0.0390840 seconds
24.107: [GC24.107: [ParNew: 15976K->1032K(16640K), 0.0005680 secs] 43113K->28168K(55552K), 0.0006000 secs] [Times: user=0.00 sys=0.00, real=0.00 secs] 
24.108: Total time for which application threads were stopped: 0.0007320 seconds, Stopping threads took: 0.0000770 seconds
24.143: Application time: 0.0345550 seconds
24.143: [GC24.143: [ParNew: 15442K->1552K(16640K), 0.0007980 secs] 42578K->29200K(55552K), 0.0008310 secs] [Times: user=0.00 sys=0.00, real=0.00 secs] 
24.144: Total time for which application threads were stopped: 0.0009490 seconds, Stopping threads took: 0.0000590 seconds
24.181: Application time: 0.0374690 seconds
24.181: [GC24.181: [ParNew: 15978K->1034K(16640K), 0.0006050 secs] 43626K->28682K(55552K), 0.0006370 secs] [Times: user=0.00 sys=0.00, real=0.00 secs] 
24.182: Total time for which application threads were stopped: 0.0007500 seconds, Stopping threads took: 0.0000580 seconds
24.217: Application time: 0.0351090 seconds
24.217: [GC24.217: [ParNew: 15444K->1548K(16640K), 0.0008670 secs] 43092K->29708K(55552K), 0.0009040 secs] [Times: user=0.01 sys=0.00, real=0.00 secs] 
24.218: Total time for which application threads were stopped: 0.0010220 seconds, Stopping threads took: 0.0000590 seconds
24.255: Application time: 0.0365970 seconds
24.255: [GC24.255: [ParNew: 15962K->1550K(16640K), 0.0009840 secs] 44122K->30734K(55552K), 0.0010280 secs] [Times: user=0.01 sys=0.00, real=0.00 secs] 
24.256: Total time for which application threads were stopped: 0.0012700 seconds, Stopping threads took: 0.0001690 seconds
24.256: Application time: 0.0000690 seconds
24.256: [GC [1 CMS-initial-mark: 29184K(38912K)] 31246K(55552K), 0.0001090 secs] [Times: user=0.00 sys=0.00, real=0.00 secs] 
24.256: Total time for which application threads were stopped: 0.0001910 seconds, Stopping threads took: 0.0000600 seconds
24.256: [CMS-concurrent-mark-start]
24.266: [CMS-concurrent-mark: 0.010/0.010 secs] [Times: user=0.07 sys=0.00, real=0.01 secs] 
24.266: [CMS-concurrent-preclean-start]
24.266: [CMS-concurrent-preclean: 0.000/0.000 secs] [Times: user=0.00 sys=0.00, real=0.00 secs] 
24.266: [CMS-concurrent-abortable-preclean-start]
24.295: Application time: 0.0387940 seconds
24.295: [GC24.295: [ParNew: 15974K->1548K(16640K), 0.0007780 secs] 45158K->31244K(55552K), 0.0008100 secs] [Times: user=0.01 sys=0.00, real=0.00 secs] 
24.296: Total time for which application threads were stopped: 0.0009530 seconds, Stopping threads took: 0.0000820 seconds
24.332: Application time: 0.0358150 seconds
24.332: [GC24.332: [ParNew: 15966K->1550K(16640K), 0.0009170 secs] 45662K->31758K(55552K), 0.0009510 secs] [Times: user=0.01 sys=0.00, real=0.00 secs] 
24.333: Total time for which application threads were stopped: 0.0010810 seconds, Stopping threads took: 0.0000730 seconds
24.370: Application time: 0.0368120 seconds
24.370: [GC24.370: [ParNew: 15972K->1038K(16640K), 0.0004990 secs] 46180K->31246K(55552K), 0.0005310 secs] [Times: user=0.00 sys=0.00, real=0.00 secs] 
24.370: Total time for which application threads were stopped: 0.0006590 seconds, Stopping threads took: 0.0000710 seconds
24.405: Application time: 0.0352810 seconds
24.406: [GC24.406: [ParNew: 15448K->1550K(16640K), 0.0009580 secs] 45656K->32782K(55552K), 0.0009910 secs] [Times: user=0.00 sys=0.00, real=0.00 secs] 
24.407: Total time for which application threads were stopped: 0.0011180 seconds, Stopping threads took: 0.0000690 seconds
24.444: Application time: 0.0377940 seconds
24.445: [GC24.445: [ParNew: 15980K->1038K(16640K), 0.0004960 secs] 47213K->32270K(55552K), 0.0005340 secs] [Times: user=0.00 sys=0.00, real=0.00 secs] 
24.445: Total time for which application threads were stopped: 0.0006600 seconds, Stopping threads took: 0.0000660 seconds
24.480: Application time: 0.0354140 seconds
24.481: [GC24.481: [ParNew: 15444K->1550K(16640K), 0.0009600 secs] 46676K->33806K(55552K), 0.0009950 secs] [Times: user=0.01 sys=0.00, real=0.00 secs] 
24.482: Total time for which application threads were stopped: 0.0011680 seconds, Stopping threads took: 0.0001140 seconds
24.519: Application time: 0.0376670 seconds
24.519: [GC24.519: [ParNew: 16133K->1608K(16640K), 0.0006840 secs] 48389K->33864K(55552K), 0.0007190 secs] [Times: user=0.00 sys=0.00, real=0.00 secs] 
24.520: Total time for which application threads were stopped: 0.0008500 seconds, Stopping threads took: 0.0000710 seconds
24.558: Application time: 0.0374580 seconds
24.559: [GC24.559: [ParNew: 16389K->1712K(16640K), 0.0010320 secs] 48646K->34537K(55552K), 0.0010660 secs] [Times: user=0.01 sys=0.00, real=0.00 secs] 
24.560: Total time for which application threads were stopped: 0.0027010 seconds, Stopping threads took: 0.0015780 seconds
24.597: Application time: 0.0365330 seconds
24.597: [GC24.597: [ParNew: 16239K->1608K(16640K), 0.0010880 secs] 49064K->35060K(55552K), 0.0011230 secs] [Times: user=0.01 sys=0.00, real=0.00 secs] 
24.598: Total time for which application threads were stopped: 0.0012550 seconds, Stopping threads took: 0.0000690 seconds
24.634: Application time: 0.0360160 seconds
24.634: [GC24.634: [ParNew: 16026K->1548K(16640K), 0.0008760 secs] 49478K->35569K(55552K), 0.0009130 secs] [Times: user=0.01 sys=0.00, real=0.00 secs] 
24.635: Total time for which application threads were stopped: 0.0010880 seconds, Stopping threads took: 0.0001150 seconds
24.674: Application time: 0.0383330 seconds
24.674: [GC24.674: [ParNew: 15974K->1034K(16640K), 0.0005550 secs] 49995K->35055K(55552K), 0.0005980 secs] [Times: user=0.01 sys=0.00, real=0.00 secs] 
24.674: Total time for which application threads were stopped: 0.0007260 seconds, Stopping threads took: 0.0000690 seconds
24.709: Application time: 0.0345570 seconds
24.709: [GC24.709: [ParNew: 15444K->1548K(16640K), 0.0008700 secs] 49465K->36081K(55552K), 0.0009080 secs] [Times: user=0.01 sys=0.00, real=0.00 secs] 
24.710: Total time for which application threads were stopped: 0.0010420 seconds, Stopping threads took: 0.0000740 seconds
24.748: Application time: 0.0378770 seconds
24.748: [GC24.748: [ParNew: 15974K->1040K(16640K), 0.0005020 secs] 50507K->35573K(55552K), 0.0005360 secs] [Times: user=0.00 sys=0.00, real=0.00 secs] 
24.749: Total time for which application threads were stopped: 0.0007670 seconds, Stopping threads took: 0.0001680 seconds
24.784: Application time: 0.0350510 seconds
24.784: [GC24.784: [ParNew: 15450K->1550K(16640K), 0.0008760 secs] 49983K->36595K(55552K), 0.0009090 secs] [Times: user=0.01 sys=0.00, real=0.00 secs] 
24.785: Total time for which application threads were stopped: 0.0010480 seconds, Stopping threads took: 0.0000690 seconds
24.824: Application time: 0.0391000 seconds
24.824: [GC24.824: [ParNew: 15976K->1034K(16640K), 0.0006040 secs] 51021K->36079K(55552K), 0.0006390 secs] [Times: user=0.00 sys=0.01, real=0.00 secs] 
24.825: Total time for which application threads were stopped: 0.0007600 seconds, Stopping threads took: 0.0000640 seconds
24.860: Application time: 0.0355730 seconds
24.860: [GC24.860: [ParNew: 15440K->1550K(16640K), 0.0009400 secs] 50485K->37619K(55552K), 0.0009770 secs] [Times: user=0.01 sys=0.00, real=0.01 secs] 
24.861: Total time for which application threads were stopped: 0.0010970 seconds, Stopping threads took: 0.0000590 seconds
24.899: Application time: 0.0376670 seconds
24.899: [GC24.899: [ParNew: 15980K->1036K(16640K), 0.0005030 secs] 52049K->37105K(55552K), 0.0005380 secs] [Times: user=0.00 sys=0.00, real=0.00 secs] 
24.900: Total time for which application threads were stopped: 0.0006690 seconds, Stopping threads took: 0.0000720 seconds
24.935: Application time: 0.0353100 seconds
24.935: [GC24.935: [ParNew: 15442K->1550K(16640K), 0.0009640 secs] 51511K->38643K(55552K), 0.0009990 secs] [Times: user=0.01 sys=0.00, real=0.00 secs] 
24.936: Total time for which application threads were stopped: 0.0011270 seconds, Stopping threads took: 0.0000670 seconds
24.973: Application time: 0.0367110 seconds
24.973: [GC24.973: [ParNew: 15976K->1036K(16640K), 0.0005030 secs] 53069K->38129K(55552K), 0.0005350 secs] [Times: user=0.01 sys=0.00, real=0.00 secs] 
24.973: Total time for which application threads were stopped: 0.0007340 seconds, Stopping threads took: 0.0001420 seconds
25.009: Application time: 0.0357750 seconds
25.009: [GC25.009: [ParNew: 15450K->1548K(16640K), 0.0008250 secs] 52543K->39153K(55552K), 0.0008570 secs] [Times: user=0.00 sys=0.00, real=0.00 secs] 
25.010: Total time for which application threads were stopped: 0.0009810 seconds, Stopping threads took: 0.0000660 seconds
25.047: Application time: 0.0368490 seconds
25.047: [GC25.047: [ParNew: 15970K->1544K(16640K), 0.0007500 secs] 53575K->39149K(55552K), 0.0007850 secs] [Times: user=0.00 sys=0.00, real=0.00 secs] 
25.048: Total time for which application threads were stopped: 0.0009240 seconds, Stopping threads took: 0.0000800 seconds
25.084: Application time: 0.0357590 seconds
25.084: [GC25.084: [ParNew: 15958K->1548K(16640K), 0.0008840 secs] 53563K->39665K(55552K), 0.0009190 secs] [Times: user=0.00 sys=0.00, real=0.00 secs] 
25.085: Total time for which application threads were stopped: 0.0010740 seconds, Stopping threads took: 0.0000970 seconds
25.085: [CMS-concurrent-abortable-preclean: 0.003/0.819 secs] [Times: user=6.39 sys=0.02, real=0.82 secs] 
25.085: Application time: 0.0000560 seconds
25.085: [GC[YG occupancy: 2060 K (16640 K)]25.085: [Rescan (parallel) , 0.0001510 secs]25.085: [weak refs processing, 0.0000060 secs]25.085: [scrub string table, 0.0000850 secs] [1 CMS-remark: 38117K(38912K)] 40177K(55552K), 0.0002690 secs] [Times: user=0.00 sys=0.00, real=0.00 secs] 
25.085: Total time for which application threads were stopped: 0.0004250 seconds, Stopping threads took: 0.0001350 seconds
25.085: [CMS-concurrent-sweep-start]
25.086: [CMS-concurrent-sweep: 0.001/0.001 secs] [Times: user=0.00 sys=0.00, real=0.00 secs] 
25.086: [CMS-concurrent-reset-start]
25.086: [CMS-concurrent-reset: 0.000/0.000 secs] [Times: user=0.00 sys=0.00, real=0.00 secs] 
25.122: Application time: 0.0366290 seconds
25.122: [GC25.122: [ParNew: 15962K->1552K(16640K), 0.0009400 secs] 32404K->19018K(55552K), 0.0009730 secs] [Times: user=0.01 sys=0.00, real=0.00 secs] 
25.123: Total time for which application threads were stopped: 0.0011010 seconds, Stopping threads took: 0.0000680 seconds
25.162: Application time: 0.0392790 seconds
25.162: [GC25.162: [ParNew: 15978K->1548K(16640K), 0.0006460 secs] 33444K->19014K(55552K), 0.0006790 secs] [Times: user=0.01 sys=0.00, real=0.00 secs] 
25.163: Total time for which application threads were stopped: 0.0007900 seconds, Stopping threads took: 0.0000540 seconds
25.197: Application time: 0.0337910 seconds
25.197: [GC25.197: [ParNew: 16040K->1580K(16640K), 0.0007930 secs] 33506K->19558K(55552K), 0.0008280 secs] [Times: user=0.00 sys=0.00, real=0.00 secs] 
25.198: Total time for which application threads were stopped: 0.0010090 seconds, Stopping threads took: 0.0001230 seconds
25.237: Application time: 0.0390790 seconds
25.237: [GC25.237: [ParNew: 16317K->1660K(16640K), 0.0008140 secs] 34295K->19666K(55552K), 0.0008480 secs] [Times: user=0.00 sys=0.00, real=0.00 secs] 
25.238: Total time for which application threads were stopped: 0.0009740 seconds, Stopping threads took: 0.0000670 seconds
25.273: Application time: 0.0346900 seconds
25.273: [GC25.273: [ParNew: 16309K->1636K(16640K), 0.0008720 secs] 34315K->20268K(55552K), 0.0009060 secs] [Times: user=0.01 sys=0.00, real=0.00 secs] 
25.274: Total time for which application threads were stopped: 0.0010280 seconds, Stopping threads took: 0.0000650 seconds
25.312: Application time: 0.0379210 seconds
25.312: [GC25.312: [ParNew: 16058K->1550K(16640K), 0.0007250 secs] 34691K->20268K(55552K), 0.0007600 secs] [Times: user=0.00 sys=0.00, real=0.00 secs] 
25.312: Total time for which application threads were stopped: 0.0008900 seconds, Stopping threads took: 0.0000660 seconds
25.347: Application time: 0.0350170 seconds
25.348: [GC25.348: [ParNew: 15964K->1550K(16640K), 0.0007750 secs] 34682K->20780K(55552K), 0.0008090 secs] [Times: user=0.01 sys=0.00, real=0.00 secs] 
25.348: Total time for which application threads were stopped: 0.0009370 seconds, Stopping threads took: 0.0000660 seconds
25.385: Application time: 0.0367050 seconds
25.385: [GC25.385: [ParNew: 15972K->1550K(16640K), 0.0006930 secs] 35202K->20780K(55552K), 0.0007290 secs] [Times: user=0.01 sys=0.00, real=0.00 secs] 
25.386: Total time for which application threads were stopped: 0.0008940 seconds, Stopping threads took: 0.0001090 seconds
25.424: Application time: 0.0378910 seconds
25.424: [GC25.424: [ParNew: 15972K->1036K(16640K), 0.0005320 secs] 35202K->20266K(55552K), 0.0005680 secs] [Times: user=0.00 sys=0.00, real=0.00 secs] 
25.425: Total time for which application threads were stopped: 0.0006920 seconds, Stopping threads took: 0.0000670 seconds
25.459: Application time: 0.0341880 seconds
25.459: [GC25.459: [ParNew: 15446K->1548K(16640K), 0.0008210 secs] 34676K->21290K(55552K), 0.0008550 secs] [Times: user=0.01 sys=0.00, real=0.00 secs] 
25.460: Total time for which application threads were stopped: 0.0011420 seconds, Stopping threads took: 0.0002300 seconds
25.498: Application time: 0.0379720 seconds
25.498: [GC25.498: [ParNew: 15970K->1544K(16640K), 0.0006620 secs] 35712K->21286K(55552K), 0.0006970 secs] [Times: user=0.00 sys=0.00, real=0.00 secs] 
25.499: Total time for which application threads were stopped: 0.0008210 seconds, Stopping threads took: 0.0000660 seconds
25.534: Application time: 0.0351510 seconds
25.534: [GC25.534: [ParNew: 15954K->1548K(16640K), 0.0009280 secs] 35696K->22314K(55552K), 0.0009730 secs] [Times: user=0.01 sys=0.00, real=0.00 secs] 
25.535: Total time for which application threads were stopped: 0.0011320 seconds, Stopping threads took: 0.0000980 seconds
25.572: Application time: 0.0368150 seconds
25.572: [GC25.572: [ParNew: 15970K->1550K(16640K), 0.0008230 secs] 36736K->22828K(55552K), 0.0008580 secs] [Times: user=0.01 sys=0.00, real=0.00 secs] 
25.573: Total time for which application threads were stopped: 0.0009830 seconds, Stopping threads took: 0.0000640 seconds
25.608: Application time: 0.0352030 seconds
25.608: [GC25.608: [ParNew: 15956K->1550K(16640K), 0.0012930 secs] 37234K->24876K(55552K), 0.0013290 secs] [Times: user=0.01 sys=0.00, real=0.01 secs] 
25.610: Total time for which application threads were stopped: 0.0014710 seconds, Stopping threads took: 0.0000810 seconds
25.610: Application time: 0.0000640 seconds
25.610: [GC [1 CMS-initial-mark: 23326K(38912K)] 25388K(55552K), 0.0001130 secs] [Times: user=0.00 sys=0.00, real=0.00 secs] 
25.610: Total time for which application threads were stopped: 0.0002760 seconds, Stopping threads took: 0.0001380 seconds
25.610: [CMS-concurrent-mark-start]
25.614: [CMS-concurrent-mark: 0.004/0.004 secs] [Times: user=0.02 sys=0.00, real=0.00 secs] 
25.614: [CMS-concurrent-preclean-start]
25.614: [CMS-concurrent-preclean: 0.000/0.000 secs] [Times: user=0.00 sys=0.00, real=0.00 secs] 
25.614: Application time: 0.0041500 seconds
25.614: [GC[YG occupancy: 2082 K (16640 K)]25.614: [Rescan (parallel) , 0.0000990 secs]25.614: [weak refs processing, 0.0000080 secs]25.614: [scrub string table, 0.0001030 secs] [1 CMS-remark: 23326K(38912K)] 25409K(55552K), 0.0002380 secs] [Times: user=0.00 sys=0.00, real=0.00 secs] 
25.614: Total time for which application threads were stopped: 0.0003250 seconds, Stopping threads took: 0.0000630 seconds
25.614: [CMS-concurrent-sweep-start]
25.616: [CMS-concurrent-sweep: 0.001/0.001 secs] [Times: user=0.00 sys=0.00, real=0.00 secs] 
25.616: [CMS-concurrent-reset-start]
25.616: [CMS-concurrent-reset: 0.000/0.000 secs] [Times: user=0.00 sys=0.00, real=0.00 secs] 
25.649: Application time: 0.0346560 seconds
25.649: [GC25.649: [ParNew: 15976K->1548K(16640K), 0.0010400 secs] 24511K->11106K(55552K), 0.0010720 secs] [Times: user=0.00 sys=0.00, real=0.00 secs] 
25.650: Total time for which application threads were stopped: 0.0011940 seconds, Stopping threads took: 0.0000620 seconds
25.688: Application time: 0.0375140 seconds
25.688: [GC25.688: [ParNew: 15974K->1548K(16640K), 0.0007670 secs] 25533K->11106K(55552K), 0.0008000 secs] [Times: user=0.01 sys=0.00, real=0.01 secs] 
25.689: Total time for which application threads were stopped: 0.0009290 seconds, Stopping threads took: 0.0000700 seconds
25.724: Application time: 0.0352410 seconds
25.724: [GC25.724: [ParNew: 15962K->1548K(16640K), 0.0007970 secs] 25520K->11618K(55552K), 0.0008350 secs] [Times: user=0.00 sys=0.00, real=0.00 secs] 
25.725: Total time for which application threads were stopped: 0.0012610 seconds, Stopping threads took: 0.0003640 seconds
25.762: Application time: 0.0372150 seconds
25.762: [GC25.762: [ParNew: 15970K->1546K(16640K), 0.0007400 secs] 26041K->11616K(55552K), 0.0007770 secs] [Times: user=0.00 sys=0.00, real=0.00 secs] 
25.763: Total time for which application threads were stopped: 0.0008980 seconds, Stopping threads took: 0.0000620 seconds
25.801: Application time: 0.0373910 seconds
25.801: [GC25.801: [ParNew: 15964K->1550K(16640K), 0.0006620 secs] 26035K->11620K(55552K), 0.0006960 secs] [Times: user=0.00 sys=0.00, real=0.00 secs] 
25.801: Total time for which application threads were stopped: 0.0008270 seconds, Stopping threads took: 0.0000730 seconds
25.839: Application time: 0.0373700 seconds
25.839: [GC25.839: [ParNew: 15972K->1036K(16640K), 0.0005190 secs] 26043K->11106K(55552K), 0.0005500 secs] [Times: user=0.00 sys=0.00, real=0.00 secs] 
25.840: Total time for which application threads were stopped: 0.0006930 seconds, Stopping threads took: 0.0000730 seconds
25.874: Application time: 0.0342690 seconds
25.874: [GC25.874: [ParNew: 15524K->1580K(16640K), 0.0007900 secs] 25595K->12162K(55552K), 0.0008230 secs] [Times: user=0.00 sys=0.00, real=0.00 secs] 
25.875: Total time for which application threads were stopped: 0.0009670 seconds, Stopping threads took: 0.0000830 seconds
25.913: Application time: 0.0380040 seconds
25.913: [GC25.913: [ParNew: 16243K->1124K(16640K), 0.0005440 secs] 26826K->11735K(55552K), 0.0005750 secs] [Times: user=0.00 sys=0.00, real=0.00 secs] 
25.913: Total time for which application threads were stopped: 0.0007000 seconds, Stopping threads took: 0.0000690 seconds
25.948: Application time: 0.0347140 seconds
25.948: [GC25.948: [ParNew: 15853K->1662K(16640K), 0.0009350 secs] 26464K->12871K(55552K), 0.0009710 secs] [Times: user=0.01 sys=0.00, real=0.01 secs] 
25.949: Total time for which application threads were stopped: 0.0011160 seconds, Stopping threads took: 0.0000850 seconds
25.986: Application time: 0.0370990 seconds
25.987: [GC25.987: [ParNew: 16088K->1040K(16640K), 0.0005880 secs] 27297K->12362K(55552K), 0.0006190 secs] [Times: user=0.01 sys=0.00, real=0.00 secs] 
25.987: Total time for which application threads were stopped: 0.0007390 seconds, Stopping threads took: 0.0000640 seconds
26.021: Application time: 0.0342100 seconds
26.021: [GC26.021: [ParNew: 15446K->1550K(16640K), 0.0009800 secs] 26768K->13897K(55552K), 0.0010170 secs] [Times: user=0.01 sys=0.00, real=0.00 secs] 
26.023: Total time for which application threads were stopped: 0.0011480 seconds, Stopping threads took: 0.0000690 seconds
26.060: Application time: 0.0374650 seconds
26.060: [GC26.060: [ParNew: 15980K->1036K(16640K), 0.0005900 secs] 28327K->13382K(55552K), 0.0006230 secs] [Times: user=0.00 sys=0.00, real=0.01 secs] 
26.061: Total time for which application threads were stopped: 0.0009140 seconds, Stopping threads took: 0.0002340 seconds
26.095: Application time: 0.0345660 seconds
26.096: [GC26.096: [ParNew: 15442K->1548K(16640K), 0.0010760 secs] 27788K->14919K(55552K), 0.0011130 secs] [Times: user=0.00 sys=0.00, real=0.00 secs] 
26.097: Total time for which application threads were stopped: 0.0012440 seconds, Stopping threads took: 0.0000680 seconds
26.135: Application time: 0.0380180 seconds
26.135: [GC26.135: [ParNew: 15974K->1550K(16640K), 0.0006500 secs] 29345K->14921K(55552K), 0.0006830 secs] [Times: user=0.00 sys=0.00, real=0.00 secs] 
26.136: Total time for which application threads were stopped: 0.0008470 seconds, Stopping threads took: 0.0001070 seconds
26.171: Application time: 0.0356910 seconds
26.171: [GC26.171: [ParNew: 15964K->1550K(16640K), 0.0008390 secs] 29335K->15433K(55552K), 0.0008750 secs] [Times: user=0.00 sys=0.00, real=0.00 secs] 
26.172: Total time for which application threads were stopped: 0.0010230 seconds, Stopping threads took: 0.0000870 seconds
26.209: Application time: 0.0368520 seconds
26.209: [GC26.209: [ParNew: 15972K->1038K(16640K), 0.0005220 secs] 29855K->14921K(55552K), 0.0005530 secs] [Times: user=0.00 sys=0.00, real=0.00 secs] 
26.210: Total time for which application threads were stopped: 0.0007300 seconds, Stopping threads took: 0.0001200 seconds
26.246: Application time: 0.0361940 seconds
26.246: [GC26.246: [ParNew: 15456K->1550K(16640K), 0.0006270 secs] 29339K->15433K(55552K), 0.0006590 secs] [Times: user=0.00 sys=0.00, real=0.00 secs] 
26.247: Total time for which application threads were stopped: 0.0009550 seconds, Stopping threads took: 0.0002380 seconds
26.285: Application time: 0.0381480 seconds
26.285: [GC26.285: [ParNew: 15980K->12K(16640K), 0.0003850 secs] 29863K->13894K(55552K), 0.0004180 secs] [Times: user=0.00 sys=0.00, real=0.00 secs] 
26.286: Total time for which application threads were stopped: 0.0005310 seconds, Stopping threads took: 0.0000560 seconds
26.321: Application time: 0.0349520 seconds
26.321: [GC26.321: [ParNew: 14413K->1546K(16640K), 0.0008010 secs] 28296K->15941K(55552K), 0.0008360 secs] [Times: user=0.00 sys=0.00, real=0.00 secs] 
26.322: Total time for which application threads were stopped: 0.0009940 seconds, Stopping threads took: 0.0000880 seconds
26.359: Application time: 0.0369580 seconds
26.359: [GC26.359: [ParNew: 15980K->12K(16640K), 0.0002800 secs] 30375K->14407K(55552K), 0.0003130 secs] [Times: user=0.00 sys=0.00, real=0.00 secs] 
26.359: Total time for which application threads were stopped: 0.0005710 seconds, Stopping threads took: 0.0001930 seconds
26.395: Application time: 0.0362690 seconds
26.396: [GC26.396: [ParNew: 14413K->1548K(16640K), 0.0007870 secs] 28808K->16455K(55552K), 0.0008200 secs] [Times: user=0.00 sys=0.00, real=0.00 secs] 
26.396: Total time for which application threads were stopped: 0.0009540 seconds, Stopping threads took: 0.0000740 seconds
26.434: Application time: 0.0374310 seconds
26.434: [GC26.434: [ParNew: 15978K->520K(16640K), 0.0004120 secs] 30885K->15427K(55552K), 0.0004440 secs] [Times: user=0.01 sys=0.00, real=0.00 secs] 
26.435: Total time for which application threads were stopped: 0.0006770 seconds, Stopping threads took: 0.0001780 seconds
26.471: Application time: 0.0360140 seconds
26.471: [GC26.471: [ParNew: 14925K->1548K(16640K), 0.0006240 secs] 29832K->16455K(55552K), 0.0006860 secs] [Times: user=0.00 sys=0.00, real=0.00 secs] 
26.471: Total time for which application threads were stopped: 0.0008810 seconds, Stopping threads took: 0.0001330 seconds
26.507: Application time: 0.0360350 seconds
26.508: [GC26.508: [ParNew: 15970K->1546K(16640K), 0.0006640 secs] 30877K->16453K(55552K), 0.0006980 secs] [Times: user=0.01 sys=0.00, real=0.00 secs] 
26.508: Total time for which application threads were stopped: 0.0008100 seconds, Stopping threads took: 0.0000560 seconds
26.545: Application time: 0.0362270 seconds
26.545: [GC26.545: [ParNew: 15964K->1548K(16640K), 0.0007640 secs] 30871K->16455K(55552K), 0.0007980 secs] [Times: user=0.00 sys=0.00, real=0.00 secs] 
26.546: Total time for which application threads were stopped: 0.0011210 seconds, Stopping threads took: 0.0002640 seconds
26.582: Application time: 0.0361290 seconds
26.582: [GC26.582: [ParNew: 16116K->1606K(16640K), 0.0009560 secs] 31023K->17537K(55552K), 0.0009930 secs] [Times: user=0.01 sys=0.00, real=0.00 secs] 
26.583: Total time for which application threads were stopped: 0.0011110 seconds, Stopping threads took: 0.0000580 seconds
26.620: Application time: 0.0373870 seconds
26.620: [GC26.620: [ParNew: 16346K->1662K(16640K), 0.0008850 secs] 32277K->17650K(55552K), 0.0009220 secs] [Times: user=0.01 sys=0.00, real=0.01 secs] 
26.621: Total time for which application threads were stopped: 0.0010640 seconds, Stopping threads took: 0.0000830 seconds
26.656: Application time: 0.0348270 seconds
26.656: [GC26.656: [ParNew: 16230K->1608K(16640K), 0.0011110 secs] 32218K->18734K(55552K), 0.0011480 secs] [Times: user=0.00 sys=0.00, real=0.00 secs] 
26.657: Total time for which application threads were stopped: 0.0012710 seconds, Stopping threads took: 0.0000620 seconds
26.695: Application time: 0.0378060 seconds
26.695: [GC26.695: [ParNew: 16034K->1548K(16640K), 0.0007780 secs] 33160K->18731K(55552K), 0.0008120 secs] [Times: user=0.01 sys=0.00, real=0.00 secs] 
26.696: Total time for which application threads were stopped: 0.0009380 seconds, Stopping threads took: 0.0000670 seconds
26.730: Application time: 0.0340500 seconds
26.731: [GC26.731: [ParNew: 15958K->1548K(16640K), 0.0010160 secs] 33141K->19755K(55552K), 0.0010510 secs] [Times: user=0.01 sys=0.00, real=0.00 secs] 
26.732: Total time for which application threads were stopped: 0.0013450 seconds, Stopping threads took: 0.0002340 seconds
26.770: Application time: 0.0379610 seconds
26.770: [GC26.770: [ParNew: 15974K->1548K(16640K), 0.0007040 secs] 34181K->19755K(55552K), 0.0007360 secs] [Times: user=0.01 sys=0.00, real=0.00 secs] 
26.770: Total time for which application threads were stopped: 0.0008570 seconds, Stopping threads took: 0.0000610 seconds
26.805: Application time: 0.0349690 seconds
26.805: [GC26.806: [ParNew: 15958K->1550K(16640K), 0.0009720 secs] 34165K->20781K(55552K), 0.0010180 secs] [Times: user=0.00 sys=0.00, real=0.00 secs] 
26.807: Total time for which application threads were stopped: 0.0011440 seconds, Stopping threads took: 0.0000640 seconds
26.844: Application time: 0.0374740 seconds
26.844: [GC26.844: [ParNew: 15976K->1550K(16640K), 0.0006890 secs] 35207K->20781K(55552K), 0.0007220 secs] [Times: user=0.01 sys=0.00, real=0.00 secs] 
26.845: Total time for which application threads were stopped: 0.0008420 seconds, Stopping threads took: 0.0000610 seconds
26.880: Application time: 0.0350830 seconds
26.880: [GC26.880: [ParNew: 15960K->1550K(16640K), 0.0010360 secs] 35191K->21805K(55552K), 0.0010690 secs] [Times: user=0.01 sys=0.00, real=0.01 secs] 
26.881: Total time for which application threads were stopped: 0.0011970 seconds, Stopping threads took: 0.0000610 seconds
26.921: Application time: 0.0399540 seconds
26.921: [GC26.921: [ParNew: 15982K->522K(16640K), 0.0004020 secs] 36238K->20777K(55552K), 0.0004340 secs] [Times: user=0.01 sys=0.00, real=0.00 secs] 
26.922: Total time for which application threads were stopped: 0.0005560 seconds, Stopping threads took: 0.0000670 seconds
26.957: Application time: 0.0356900 seconds
26.957: [GC26.957: [ParNew: 14927K->1548K(16640K), 0.0008260 secs] 35183K->22315K(55552K), 0.0008580 secs] [Times: user=0.01 sys=0.00, real=0.00 secs] 
26.958: Total time for which application threads were stopped: 0.0009770 seconds, Stopping threads took: 0.0000600 seconds
26.995: Application time: 0.0370610 seconds
26.995: [GC26.995: [ParNew: 15970K->1550K(16640K), 0.0006650 secs] 36737K->22317K(55552K), 0.0006960 secs] [Times: user=0.01 sys=0.00, real=0.00 secs] 
26.996: Total time for which application threads were stopped: 0.0008100 seconds, Stopping threads took: 0.0000610 seconds
27.032: Application time: 0.0358490 seconds
27.032: [GC27.032: [ParNew: 15964K->1548K(16640K), 0.0008260 secs] 36731K->22827K(55552K), 0.0008610 secs] [Times: user=0.00 sys=0.00, real=0.00 secs] 
27.033: Total time for which application threads were stopped: 0.0009800 seconds, Stopping threads took: 0.0000600 seconds
27.070: Application time: 0.0368110 seconds
27.070: [GC27.070: [ParNew: 15966K->1550K(16640K), 0.0008060 secs] 37245K->23341K(55552K), 0.0008380 secs] [Times: user=0.01 sys=0.00, real=0.00 secs] 
27.071: Total time for which application threads were stopped: 0.0009620 seconds, Stopping threads took: 0.0000650 seconds
27.109: Application time: 0.0378150 seconds
27.109: [GC27.109: [ParNew: 15980K->526K(16640K), 0.0003970 secs] 37772K->22317K(55552K), 0.0004300 secs] [Times: user=0.00 sys=0.00, real=0.00 secs] 
27.109: Total time for which application threads were stopped: 0.0007210 seconds, Stopping threads took: 0.0002350 seconds
27.144: Application time: 0.0343530 seconds
27.144: [GC27.144: [ParNew: 14931K->1546K(16640K), 0.0007720 secs] 36723K->23849K(55552K), 0.0008060 secs] [Times: user=0.00 sys=0.00, real=0.00 secs] 
27.145: Total time for which application threads were stopped: 0.0009320 seconds, Stopping threads took: 0.0000690 seconds
27.183: Application time: 0.0380890 seconds
27.183: [GC27.183: [ParNew: 15976K->522K(16640K), 0.0003840 secs] 38280K->22825K(55552K), 0.0004130 secs] [Times: user=0.00 sys=0.00, real=0.00 secs] 
27.183: Total time for which application threads were stopped: 0.0005280 seconds, Stopping threads took: 0.0000600 seconds
27.219: Application time: 0.0354640 seconds
27.219: [GC27.219: [ParNew: 14927K->1546K(16640K), 0.0007080 secs] 37231K->23849K(55552K), 0.0007390 secs] [Times: user=0.01 sys=0.00, real=0.00 secs] 
27.220: Total time for which application threads were stopped: 0.0008840 seconds, Stopping threads took: 0.0000910 seconds
27.256: Application time: 0.0362320 seconds
27.256: [GC27.256: [ParNew: 16046K->1580K(16640K), 0.0007070 secs] 38350K->23883K(55552K), 0.0007430 secs] [Times: user=0.00 sys=0.00, real=0.00 secs] 
27.257: Total time for which application threads were stopped: 0.0008730 seconds, Stopping threads took: 0.0000710 seconds
27.293: Application time: 0.0358220 seconds
27.293: [GC27.293: [ParNew: 16386K->1688K(16640K), 0.0009530 secs] 38689K->24532K(55552K), 0.0009950 secs] [Times: user=0.01 sys=0.00, real=0.00 secs] 
27.294: Total time for which application threads were stopped: 0.0011150 seconds, Stopping threads took: 0.0000590 seconds
27.330: Application time: 0.0368610 seconds
27.331: [GC27.331: [ParNew: 16269K->1606K(16640K), 0.0007440 secs] 39113K->24592K(55552K), 0.0007780 secs] [Times: user=0.01 sys=0.00, real=0.00 secs] 
27.331: Total time for which application threads were stopped: 0.0009010 seconds, Stopping threads took: 0.0000640 seconds
27.367: Application time: 0.0356570 seconds
27.367: [GC27.367: [ParNew: 16016K->1550K(16640K), 0.0010140 secs] 39002K->25617K(55552K), 0.0010480 secs] [Times: user=0.01 sys=0.00, real=0.00 secs] 
27.368: Total time for which application threads were stopped: 0.0011770 seconds, Stopping threads took: 0.0000690 seconds
27.405: Application time: 0.0370530 seconds
27.405: [GC27.405: [ParNew: 15976K->1550K(16640K), 0.0006310 secs] 40044K->25617K(55552K), 0.0006640 secs] [Times: user=0.00 sys=0.00, real=0.00 secs] 
27.406: Total time for which application threads were stopped: 0.0008130 seconds, Stopping threads took: 0.0000820 seconds
27.441: Application time: 0.0348030 seconds
27.441: [GC27.441: [ParNew: 15956K->1550K(16640K), 0.0010760 secs] 40023K->27153K(55552K), 0.0011130 secs] [Times: user=0.01 sys=0.00, real=0.00 secs] 
27.442: Total time for which application threads were stopped: 0.0012410 seconds, Stopping threads took: 0.0000680 seconds
27.481: Application time: 0.0393110 seconds
27.482: [GC27.482: [ParNew: 15984K->1038K(16640K), 0.0005610 secs] 41588K->26641K(55552K), 0.0005950 secs] [Times: user=0.00 sys=0.00, real=0.00 secs] 
27.482: Total time for which application threads were stopped: 0.0007150 seconds, Stopping threads took: 0.0000620 seconds
27.515: Application time: 0.0330450 seconds
27.515: [GC27.515: [ParNew: 15439K->1548K(16640K), 0.0009950 secs] 41043K->28175K(55552K), 0.0010290 secs] [Times: user=0.01 sys=0.00, real=0.00 secs] 
27.516: Total time for which application threads were stopped: 0.0011720 seconds, Stopping threads took: 0.0000840 seconds
27.556: Application time: 0.0392640 seconds
27.556: [GC27.556: [ParNew: 15982K->1034K(16640K), 0.0005830 secs] 42610K->27661K(55552K), 0.0006160 secs] [Times: user=0.01 sys=0.00, real=0.00 secs] 
27.556: Total time for which application threads were stopped: 0.0007440 seconds, Stopping threads took: 0.0000710 seconds
27.590: Application time: 0.0334670 seconds
27.590: [GC27.590: [ParNew: 15440K->1548K(16640K), 0.0009230 secs] 42067K->29199K(55552K), 0.0009630 secs] [Times: user=0.01 sys=0.00, real=0.00 secs] 
27.591: Total time for which application threads were stopped: 0.0011280 seconds, Stopping threads took: 0.0001030 seconds
27.630: Application time: 0.0392560 seconds
27.630: [GC27.630: [ParNew: 15978K->1032K(16640K), 0.0007010 secs] 43630K->28683K(55552K), 0.0007350 secs] [Times: user=0.01 sys=0.00, real=0.00 secs] 
27.631: Total time for which application threads were stopped: 0.0008950 seconds, Stopping threads took: 0.0001000 seconds
27.665: Application time: 0.0340620 seconds
27.665: [GC27.665: [ParNew: 15437K->1548K(16640K), 0.0009180 secs] 43089K->30223K(55552K), 0.0009540 secs] [Times: user=0.01 sys=0.00, real=0.00 secs] 
27.666: Total time for which application threads were stopped: 0.0010740 seconds, Stopping threads took: 0.0000580 seconds
27.705: Application time: 0.0390280 seconds
27.705: [GC27.705: [ParNew: 15978K->1032K(16640K), 0.0005800 secs] 44654K->29707K(55552K), 0.0006120 secs] [Times: user=0.00 sys=0.00, real=0.00 secs] 
27.706: Total time for which application threads were stopped: 0.0007300 seconds, Stopping threads took: 0.0000610 seconds
27.740: Application time: 0.0343010 seconds
27.740: [GC27.741: [ParNew: 15437K->1548K(16640K), 0.0009630 secs] 44113K->31247K(55552K), 0.0009980 secs] [Times: user=0.00 sys=0.01, real=0.01 secs] 
27.742: Total time for which application threads were stopped: 0.0011300 seconds, Stopping threads took: 0.0000710 seconds
27.785: Application time: 0.0432980 seconds
27.785: [GC27.785: [ParNew: 15976K->524K(16640K), 0.0004750 secs] 45676K->30223K(55552K), 0.0005300 secs] [Times: user=0.00 sys=0.00, real=0.00 secs] 
27.786: Total time for which application threads were stopped: 0.0007700 seconds, Stopping threads took: 0.0001850 seconds
27.821: Application time: 0.0354060 seconds
27.821: [GC27.821: [ParNew: 14929K->1550K(16640K), 0.0008050 secs] 44629K->31761K(55552K), 0.0008360 secs] [Times: user=0.01 sys=0.00, real=0.00 secs] 
27.822: Total time for which application threads were stopped: 0.0009740 seconds, Stopping threads took: 0.0000790 seconds
27.859: Application time: 0.0371490 seconds
27.859: [GC27.859: [ParNew: 15980K->528K(16640K), 0.0004220 secs] 46192K->30739K(55552K), 0.0004580 secs] [Times: user=0.00 sys=0.00, real=0.00 secs] 
27.860: Total time for which application threads were stopped: 0.0007510 seconds, Stopping threads took: 0.0002360 seconds
27.895: Application time: 0.0347960 seconds
27.895: [GC27.895: [ParNew: 14934K->1550K(16640K), 0.0008010 secs] 45145K->32273K(55552K), 0.0008330 secs] [Times: user=0.00 sys=0.00, real=0.00 secs] 
27.896: Total time for which application threads were stopped: 0.0009510 seconds, Stopping threads took: 0.0000610 seconds
27.933: Application time: 0.0376740 seconds
27.933: [GC27.933: [ParNew: 16133K->1094K(16640K), 0.0006150 secs] 46857K->31817K(55552K), 0.0006490 secs] [Times: user=0.01 sys=0.00, real=0.00 secs] 
27.934: Total time for which application threads were stopped: 0.0007900 seconds, Stopping threads took: 0.0000770 seconds
27.969: Application time: 0.0353020 seconds
27.970: [GC27.970: [ParNew: 15660K->1608K(16640K), 0.0008650 secs] 46384K->32900K(55552K), 0.0008980 secs] [Times: user=0.01 sys=0.00, real=0.00 secs] 
27.970: Total time for which application threads were stopped: 0.0010410 seconds, Stopping threads took: 0.0000870 seconds
28.007: Application time: 0.0368050 seconds
28.007: [GC28.007: [ParNew: 16265K->1636K(16640K), 0.0006900 secs] 47558K->32986K(55552K), 0.0007260 secs] [Times: user=0.01 sys=0.00, real=0.00 secs] 
28.008: Total time for which application threads were stopped: 0.0008420 seconds, Stopping threads took: 0.0000570 seconds
28.044: Application time: 0.0357520 seconds
28.044: [GC28.044: [ParNew: 16124K->1578K(16640K), 0.0009810 secs] 47474K->34037K(55552K), 0.0010190 secs] [Times: user=0.01 sys=0.00, real=0.00 secs] 
28.045: Total time for which application threads were stopped: 0.0011600 seconds, Stopping threads took: 0.0000810 seconds
28.045: Application time: 0.0000820 seconds
28.049: [GC [1 CMS-initial-mark: 32459K(38912K)] 34549K(55552K), 0.0001090 secs] [Times: user=0.00 sys=0.00, real=0.00 secs] 
28.049: Total time for which application threads were stopped: 0.0037540 seconds, Stopping threads took: 0.0036240 seconds
28.049: [CMS-concurrent-mark-start]
28.053: [CMS-concurrent-mark: 0.004/0.004 secs] [Times: user=0.03 sys=0.00, real=0.00 secs] 
28.053: [CMS-concurrent-preclean-start]
28.053: [CMS-concurrent-preclean: 0.000/0.000 secs] [Times: user=0.00 sys=0.00, real=0.00 secs] 
28.053: Application time: 0.0040780 seconds
28.053: [GC[YG occupancy: 3130 K (16640 K)]28.053: [Rescan (parallel) , 0.0002040 secs]28.053: [weak refs processing, 0.0000070 secs]28.053: [scrub string table, 0.0001110 secs] [1 CMS-remark: 32459K(38912K)] 35589K(55552K), 0.0003480 secs] [Times: user=0.00 sys=0.00, real=0.00 secs] 
28.053: Total time for which application threads were stopped: 0.0004090 seconds, Stopping threads took: 0.0000380 seconds
28.053: [CMS-concurrent-sweep-start]
28.054: [CMS-concurrent-sweep: 0.001/0.001 secs] [Times: user=0.00 sys=0.00, real=0.00 secs] 
28.054: [CMS-concurrent-reset-start]
28.055: [CMS-concurrent-reset: 0.000/0.000 secs] [Times: user=0.00 sys=0.00, real=0.00 secs] 
28.085: Application time: 0.0321610 seconds
28.086: [GC28.086: [ParNew: 15996K->1550K(16640K), 0.0010070 secs] 23480K->10087K(55552K), 0.0010430 secs] [Times: user=0.00 sys=0.00, real=0.00 secs] 
28.087: Total time for which application threads were stopped: 0.0011740 seconds, Stopping threads took: 0.0000700 seconds
28.125: Application time: 0.0385250 seconds
28.125: [GC28.125: [ParNew: 15976K->1550K(16640K), 0.0007030 secs] 24513K->10087K(55552K), 0.0007470 secs] [Times: user=0.01 sys=0.00, real=0.00 secs] 
28.126: Total time for which application threads were stopped: 0.0008900 seconds, Stopping threads took: 0.0000840 seconds
28.164: Application time: 0.0378070 seconds
28.164: [GC28.164: [ParNew: 15972K->1036K(16640K), 0.0005500 secs] 24509K->9572K(55552K), 0.0005860 secs] [Times: user=0.00 sys=0.00, real=0.00 secs] 
28.165: Total time for which application threads were stopped: 0.0007090 seconds, Stopping threads took: 0.0000660 seconds
28.200: Application time: 0.0351740 seconds
28.200: [GC28.200: [ParNew: 15450K->1548K(16640K), 0.0006740 secs] 23987K->10085K(55552K), 0.0007060 secs] [Times: user=0.00 sys=0.00, real=0.01 secs] 
28.201: Total time for which application threads were stopped: 0.0008400 seconds, Stopping threads took: 0.0000760 seconds
28.236: Application time: 0.0350720 seconds
28.236: [GC28.236: [ParNew: 15962K->1548K(16640K), 0.0007790 secs] 24499K->10597K(55552K), 0.0008140 secs] [Times: user=0.00 sys=0.00, real=0.00 secs] 
28.237: Total time for which application threads were stopped: 0.0009470 seconds, Stopping threads took: 0.0000740 seconds
28.274: Application time: 0.0374640 seconds
28.274: [GC28.274: [ParNew: 15970K->1548K(16640K), 0.0007530 secs] 25019K->10597K(55552K), 0.0007870 secs] [Times: user=0.01 sys=0.00, real=0.00 secs] 
28.275: Total time for which application threads were stopped: 0.0009110 seconds, Stopping threads took: 0.0000660 seconds
28.312: Application time: 0.0367850 seconds
28.312: [GC28.312: [ParNew: 15966K->1546K(16640K), 0.0006730 secs] 25015K->10595K(55552K), 0.0007080 secs] [Times: user=0.00 sys=0.00, real=0.00 secs] 
28.313: Total time for which application threads were stopped: 0.0008520 seconds, Stopping threads took: 0.0000870 seconds
28.353: Application time: 0.0398840 seconds
28.353: [GC28.353: [ParNew: 15970K->1036K(16640K), 0.0006080 secs] 25019K->10085K(55552K), 0.0006480 secs] [Times: user=0.01 sys=0.00, real=0.00 secs] 
28.353: Total time for which application threads were stopped: 0.0008120 seconds, Stopping threads took: 0.0000720 seconds
28.400: Application time: 0.0470280 seconds
28.401: [GC28.401: [ParNew: 15456K->524K(16640K), 0.0004770 secs] 24505K->9572K(55552K), 0.0005170 secs] [Times: user=0.00 sys=0.00, real=0.00 secs] 
28.401: Total time for which application threads were stopped: 0.0006850 seconds, Stopping threads took: 0.0001030 seconds
28.438: Application time: 0.0366440 seconds
28.438: [GC28.438: [ParNew: 14929K->1546K(16640K), 0.0008060 secs] 23978K->11107K(55552K), 0.0008420 secs] [Times: user=0.01 sys=0.00, real=0.00 secs] 
28.439: Total time for which application threads were stopped: 0.0009660 seconds, Stopping threads took: 0.0000550 seconds
28.475: Application time: 0.0364070 seconds
28.475: [GC28.475: [ParNew: 15958K->1546K(16640K), 0.0006140 secs] 25519K->11107K(55552K), 0.0006470 secs] [Times: user=0.00 sys=0.00, real=0.00 secs] 
28.476: Total time for which application threads were stopped: 0.0007750 seconds, Stopping threads took: 0.0000680 seconds
28.514: Application time: 0.0381860 seconds
28.514: [GC28.514: [ParNew: 15958K->1034K(16640K), 0.0004870 secs] 25519K->10595K(55552K), 0.0005210 secs] [Times: user=0.01 sys=0.00, real=0.00 secs] 
28.515: Total time for which application threads were stopped: 0.0006340 seconds, Stopping threads took: 0.0000550 seconds
28.550: Application time: 0.0350460 seconds
28.550: [GC28.550: [ParNew: 15440K->1548K(16640K), 0.0007850 secs] 25000K->11621K(55552K), 0.0008200 secs] [Times: user=0.00 sys=0.00, real=0.00 secs] 
28.551: Total time for which application threads were stopped: 0.0009500 seconds, Stopping threads took: 0.0000700 seconds
28.588: Application time: 0.0373050 seconds
28.588: [GC28.588: [ParNew: 15964K->520K(16640K), 0.0004080 secs] 26037K->10592K(55552K), 0.0004470 secs] [Times: user=0.00 sys=0.00, real=0.01 secs] 
28.589: Total time for which application threads were stopped: 0.0005570 seconds, Stopping threads took: 0.0000540 seconds
28.623: Application time: 0.0340030 seconds
28.623: [GC28.623: [ParNew: 15080K->1606K(16640K), 0.0008120 secs] 25153K->12191K(55552K), 0.0008550 secs] [Times: user=0.01 sys=0.00, real=0.00 secs] 
28.624: Total time for which application threads were stopped: 0.0009980 seconds, Stopping threads took: 0.0000840 seconds
28.661: Application time: 0.0374190 seconds
28.661: [GC28.661: [ParNew: 16178K->582K(16640K), 0.0004320 secs] 26763K->11224K(55552K), 0.0004670 secs] [Times: user=0.01 sys=0.00, real=0.00 secs] 
28.662: Total time for which application threads were stopped: 0.0006400 seconds, Stopping threads took: 0.0001180 seconds
28.697: Application time: 0.0352800 seconds
28.697: [GC28.697: [ParNew: 15066K->1636K(16640K), 0.0008320 secs] 25708K->12790K(55552K), 0.0008640 secs] [Times: user=0.01 sys=0.00, real=0.00 secs] 
28.698: Total time for which application threads were stopped: 0.0009910 seconds, Stopping threads took: 0.0000700 seconds
28.735: Application time: 0.0366980 seconds
28.735: [GC28.735: [ParNew: 16289K->1120K(16640K), 0.0005720 secs] 27443K->12359K(55552K), 0.0006070 secs] [Times: user=0.00 sys=0.00, real=0.00 secs] 
28.735: Total time for which application threads were stopped: 0.0007380 seconds, Stopping threads took: 0.0000760 seconds
28.771: Application time: 0.0352460 seconds
28.771: [GC28.771: [ParNew: 15528K->1546K(16640K), 0.0007700 secs] 26767K->12871K(55552K), 0.0008040 secs] [Times: user=0.01 sys=0.00, real=0.00 secs] 
28.772: Total time for which application threads were stopped: 0.0009280 seconds, Stopping threads took: 0.0000700 seconds
28.806: Application time: 0.0347160 seconds
28.807: [GC28.807: [ParNew: 15954K->1544K(16640K), 0.0008430 secs] 27279K->13381K(55552K), 0.0008750 secs] [Times: user=0.00 sys=0.00, real=0.00 secs] 
28.808: Total time for which application threads were stopped: 0.0015880 seconds, Stopping threads took: 0.0006520 seconds
28.844: Application time: 0.0361910 seconds
28.844: [GC28.844: [ParNew: 15956K->1544K(16640K), 0.0007000 secs] 27793K->13381K(55552K), 0.0007360 secs] [Times: user=0.00 sys=0.00, real=0.00 secs] 
28.845: Total time for which application threads were stopped: 0.0008530 seconds, Stopping threads took: 0.0000580 seconds
28.881: Application time: 0.0360200 seconds
28.881: [GC28.881: [ParNew: 15956K->1032K(16640K), 0.0005930 secs] 27793K->12869K(55552K), 0.0006260 secs] [Times: user=0.01 sys=0.00, real=0.00 secs] 
28.882: Total time for which application threads were stopped: 0.0007440 seconds, Stopping threads took: 0.0000610 seconds
28.916: Application time: 0.0347350 seconds
28.916: [GC28.917: [ParNew: 15438K->1546K(16640K), 0.0007860 secs] 27275K->13895K(55552K), 0.0008200 secs] [Times: user=0.01 sys=0.00, real=0.00 secs] 
28.917: Total time for which application threads were stopped: 0.0009560 seconds, Stopping threads took: 0.0000760 seconds
28.953: Application time: 0.0357410 seconds
28.953: [GC28.953: [ParNew: 15958K->1548K(16640K), 0.0006970 secs] 28307K->13897K(55552K), 0.0007300 secs] [Times: user=0.00 sys=0.00, real=0.00 secs] 
28.954: Total time for which application threads were stopped: 0.0008610 seconds, Stopping threads took: 0.0000630 seconds
28.989: Application time: 0.0350830 seconds
28.989: [GC28.989: [ParNew: 15956K->1546K(16640K), 0.0007160 secs] 28305K->13895K(55552K), 0.0007500 secs] [Times: user=0.00 sys=0.00, real=0.00 secs] 
28.990: Total time for which application threads were stopped: 0.0008780 seconds, Stopping threads took: 0.0000690 seconds
29.026: Application time: 0.0357390 seconds
29.026: [GC29.026: [ParNew: 15958K->1548K(16640K), 0.0006810 secs] 28307K->13897K(55552K), 0.0007110 secs] [Times: user=0.00 sys=0.00, real=0.00 secs] 
29.027: Total time for which application threads were stopped: 0.0009300 seconds, Stopping threads took: 0.0001650 seconds
29.063: Application time: 0.0361230 seconds
29.063: [GC29.063: [ParNew: 15958K->1544K(16640K), 0.0006640 secs] 28307K->13893K(55552K), 0.0006960 secs] [Times: user=0.01 sys=0.00, real=0.00 secs] 
29.064: Total time for which application threads were stopped: 0.0008200 seconds, Stopping threads took: 0.0000600 seconds
29.099: Application time: 0.0355820 seconds
29.099: [GC29.099: [ParNew: 15952K->1548K(16640K), 0.0008110 secs] 28301K->14409K(55552K), 0.0008460 secs] [Times: user=0.01 sys=0.00, real=0.00 secs] 
29.100: Total time for which application threads were stopped: 0.0009670 seconds, Stopping threads took: 0.0000610 seconds
29.136: Application time: 0.0357840 seconds
29.136: [GC29.136: [ParNew: 15960K->1544K(16640K), 0.0006370 secs] 28821K->14405K(55552K), 0.0006700 secs] [Times: user=0.01 sys=0.00, real=0.00 secs] 
29.137: Total time for which application threads were stopped: 0.0008010 seconds, Stopping threads took: 0.0000710 seconds
29.174: Application time: 0.0376780 seconds
29.174: [GC29.174: [ParNew: 15958K->522K(16640K), 0.0004620 secs] 28819K->13383K(55552K), 0.0004910 secs] [Times: user=0.00 sys=0.00, real=0.00 secs] 
29.175: Total time for which application threads were stopped: 0.0006020 seconds, Stopping threads took: 0.0000580 seconds
29.209: Application time: 0.0342010 seconds
29.209: [GC29.209: [ParNew: 14925K->1548K(16640K), 0.0007900 secs] 27787K->14921K(55552K), 0.0008260 secs] [Times: user=0.01 sys=0.00, real=0.00 secs] 
29.210: Total time for which application threads were stopped: 0.0009650 seconds, Stopping threads took: 0.0000770 seconds
29.248: Application time: 0.0376620 seconds
29.248: [GC29.248: [ParNew: 15962K->1034K(16640K), 0.0005210 secs] 29335K->14407K(55552K), 0.0005560 secs] [Times: user=0.00 sys=0.00, real=0.00 secs] 
29.248: Total time for which application threads were stopped: 0.0006990 seconds, Stopping threads took: 0.0000830 seconds
29.282: Application time: 0.0334910 seconds
29.282: [GC29.282: [ParNew: 15516K->1578K(16640K), 0.0009170 secs] 28889K->15975K(55552K), 0.0009550 secs] [Times: user=0.00 sys=0.00, real=0.00 secs] 
29.283: Total time for which application threads were stopped: 0.0011030 seconds, Stopping threads took: 0.0000870 seconds
29.321: Application time: 0.0378300 seconds
29.321: [GC29.321: [ParNew: 16154K->1094K(16640K), 0.0006150 secs] 30552K->15519K(55552K), 0.0006470 secs] [Times: user=0.00 sys=0.00, real=0.00 secs] 
29.322: Total time for which application threads were stopped: 0.0007580 seconds, Stopping threads took: 0.0000580 seconds
29.355: Application time: 0.0334990 seconds
29.355: [GC29.355: [ParNew: 15654K->1608K(16640K), 0.0010160 secs] 30080K->17115K(55552K), 0.0010550 secs] [Times: user=0.01 sys=0.00, real=0.00 secs] 
29.356: Total time for which application threads were stopped: 0.0012240 seconds, Stopping threads took: 0.0001080 seconds
29.395: Application time: 0.0388090 seconds
29.395: [GC29.395: [ParNew: 16261K->1120K(16640K), 0.0006460 secs] 31768K->16684K(55552K), 0.0006780 secs] [Times: user=0.01 sys=0.00, real=0.00 secs] 
29.396: Total time for which application threads were stopped: 0.0008030 seconds, Stopping threads took: 0.0000660 seconds
29.429: Application time: 0.0330890 seconds
29.429: [GC29.429: [ParNew: 15524K->1548K(16640K), 0.0012420 secs] 31087K->18733K(55552K), 0.0012780 secs] [Times: user=0.01 sys=0.00, real=0.00 secs] 
29.431: Total time for which application threads were stopped: 0.0014010 seconds, Stopping threads took: 0.0000590 seconds
29.468: Application time: 0.0379510 seconds
29.469: [GC29.469: [ParNew: 15964K->1546K(16640K), 0.0006760 secs] 33149K->18731K(55552K), 0.0007090 secs] [Times: user=0.01 sys=0.00, real=0.00 secs] 
29.469: Total time for which application threads were stopped: 0.0008600 seconds, Stopping threads took: 0.0000840 seconds
29.504: Application time: 0.0344600 seconds
29.504: [GC29.504: [ParNew: 15950K->1548K(16640K), 0.0011170 secs] 33135K->20269K(55552K), 0.0011520 secs] [Times: user=0.01 sys=0.00, real=0.00 secs] 
29.505: Total time for which application threads were stopped: 0.0012810 seconds, Stopping threads took: 0.0000680 seconds
29.542: Application time: 0.0371570 seconds
29.542: [GC29.542: [ParNew: 15964K->1544K(16640K), 0.0007410 secs] 34685K->20265K(55552K), 0.0007770 secs] [Times: user=0.00 sys=0.00, real=0.00 secs] 
29.543: Total time for which application threads were stopped: 0.0009120 seconds, Stopping threads took: 0.0000660 seconds
29.577: Application time: 0.0339700 seconds
29.577: [GC29.577: [ParNew: 15948K->1550K(16640K), 0.0010470 secs] 34669K->21807K(55552K), 0.0010830 secs] [Times: user=0.01 sys=0.00, real=0.00 secs] 
29.578: Total time for which application threads were stopped: 0.0012170 seconds, Stopping threads took: 0.0000750 seconds
29.618: Application time: 0.0393680 seconds
29.618: [GC29.618: [ParNew: 15966K->1546K(16640K), 0.0006450 secs] 36223K->21803K(55552K), 0.0006810 secs] [Times: user=0.00 sys=0.00, real=0.00 secs] 
29.619: Total time for which application threads were stopped: 0.0007990 seconds, Stopping threads took: 0.0000590 seconds
29.651: Application time: 0.0321650 seconds
29.651: [GC29.651: [ParNew: 15950K->1550K(16640K), 0.0011030 secs] 36207K->23343K(55552K), 0.0011390 secs] [Times: user=0.01 sys=0.00, real=0.00 secs] 
29.652: Total time for which application threads were stopped: 0.0012760 seconds, Stopping threads took: 0.0000750 seconds
29.692: Application time: 0.0398090 seconds
29.692: [GC29.692: [ParNew: 15968K->1034K(16640K), 0.0004910 secs] 37761K->22827K(55552K), 0.0005230 secs] [Times: user=0.00 sys=0.00, real=0.00 secs] 
29.692: Total time for which application threads were stopped: 0.0006920 seconds, Stopping threads took: 0.0001110 seconds
29.725: Application time: 0.0328910 seconds
29.725: [GC29.725: [ParNew: 15438K->1548K(16640K), 0.0010150 secs] 37231K->24365K(55552K), 0.0010470 secs] [Times: user=0.01 sys=0.00, real=0.00 secs] 
29.727: Total time for which application threads were stopped: 0.0011770 seconds, Stopping threads took: 0.0000710 seconds
29.765: Application time: 0.0381400 seconds
29.765: [GC29.765: [ParNew: 15962K->1544K(16640K), 0.0007180 secs] 38779K->24361K(55552K), 0.0007530 secs] [Times: user=0.00 sys=0.00, real=0.00 secs] 
29.766: Total time for which application threads were stopped: 0.0008970 seconds, Stopping threads took: 0.0000850 seconds
29.802: Application time: 0.0364990 seconds
29.802: [GC29.802: [ParNew: 15956K->1034K(16640K), 0.0005210 secs] 38773K->23851K(55552K), 0.0005540 secs] [Times: user=0.00 sys=0.00, real=0.00 secs] 
29.803: Total time for which application threads were stopped: 0.0007100 seconds, Stopping threads took: 0.0000990 seconds
29.838: Application time: 0.0351970 seconds
29.838: [GC29.838: [ParNew: 15437K->1548K(16640K), 0.0009610 secs] 38255K->25389K(55552K), 0.0009950 secs] [Times: user=0.01 sys=0.00, real=0.00 secs] 
29.839: Total time for which application threads were stopped: 0.0011280 seconds, Stopping threads took: 0.0000720 seconds
29.875: Application time: 0.0362390 seconds
29.875: [GC29.875: [ParNew: 15964K->1034K(16640K), 0.0005220 secs] 39805K->24875K(55552K), 0.0005560 secs] [Times: user=0.01 sys=0.00, real=0.00 secs] 
29.876: Total time for which application threads were stopped: 0.0006970 seconds, Stopping threads took: 0.0000830 seconds
29.911: Application time: 0.0350680 seconds
29.911: [GC29.911: [ParNew: 15440K->1548K(16640K), 0.0007620 secs] 39281K->25901K(55552K), 0.0007960 secs] [Times: user=0.01 sys=0.00, real=0.00 secs] 
29.912: Total time for which application threads were stopped: 0.0010210 seconds, Stopping threads took: 0.0001660 seconds
29.949: Application time: 0.0370490 seconds
29.949: [GC29.949: [ParNew: 15964K->524K(16640K), 0.0003920 secs] 40317K->24877K(55552K), 0.0004250 secs] [Times: user=0.00 sys=0.00, real=0.00 secs] 
29.950: Total time for which application threads were stopped: 0.0005350 seconds, Stopping threads took: 0.0000540 seconds
29.984: Application time: 0.0346040 seconds
29.984: [GC29.984: [ParNew: 15164K->1634K(16640K), 0.0008900 secs] 39518K->26499K(55552K), 0.0009240 secs] [Times: user=0.01 sys=0.00, real=0.00 secs] 
29.985: Total time for which application threads were stopped: 0.0010410 seconds, Stopping threads took: 0.0000470 seconds
30.024: Application time: 0.0387470 seconds
30.024: [GC30.024: [ParNew: 16207K->1092K(16640K), 0.0006160 secs] 41072K->26043K(55552K), 0.0006560 secs] [Times: user=0.00 sys=0.00, real=0.00 secs] 
30.025: Total time for which application threads were stopped: 0.0007780 seconds, Stopping threads took: 0.0000680 seconds
30.058: Application time: 0.0328150 seconds
30.058: [GC30.058: [ParNew: 15654K->1608K(16640K), 0.0009430 secs] 40605K->27128K(55552K), 0.0009760 secs] [Times: user=0.01 sys=0.00, real=0.00 secs] 
30.059: Total time for which application threads were stopped: 0.0013260 seconds, Stopping threads took: 0.0002910 seconds
30.097: Application time: 0.0383340 seconds
30.097: [GC30.098: [ParNew: 16100K->1578K(16640K), 0.0007700 secs] 41620K->27155K(55552K), 0.0008050 secs] [Times: user=0.00 sys=0.00, real=0.00 secs] 
30.098: Total time for which application threads were stopped: 0.0009330 seconds, Stopping threads took: 0.0000700 seconds
30.132: Application time: 0.0338160 seconds
30.132: [GC30.132: [ParNew: 15986K->1546K(16640K), 0.0008890 secs] 41563K->27663K(55552K), 0.0009240 secs] [Times: user=0.01 sys=0.00, real=0.00 secs] 
30.133: Total time for which application threads were stopped: 0.0010600 seconds, Stopping threads took: 0.0000760 seconds
30.171: Application time: 0.0373750 seconds
30.171: [GC30.171: [ParNew: 15960K->1034K(16640K), 0.0005160 secs] 42078K->27151K(55552K), 0.0005510 secs] [Times: user=0.00 sys=0.00, real=0.00 secs] 
30.171: Total time for which application threads were stopped: 0.0006720 seconds, Stopping threads took: 0.0000620 seconds
30.205: Application time: 0.0338120 seconds
30.205: [GC30.205: [ParNew: 15440K->1552K(16640K), 0.0007860 secs] 41557K->28181K(55552K), 0.0008220 secs] [Times: user=0.00 sys=0.00, real=0.00 secs] 
30.206: Total time for which application threads were stopped: 0.0009480 seconds, Stopping threads took: 0.0000660 seconds
30.243: Application time: 0.0374920 seconds
30.244: [GC30.244: [ParNew: 15964K->1544K(16640K), 0.0006670 secs] 42594K->28173K(55552K), 0.0006990 secs] [Times: user=0.00 sys=0.00, real=0.00 secs] 
30.244: Total time for which application threads were stopped: 0.0008150 seconds, Stopping threads took: 0.0000600 seconds
30.278: Application time: 0.0339220 seconds
30.278: [GC30.278: [ParNew: 15950K->1548K(16640K), 0.0009910 secs] 42579K->29201K(55552K), 0.0010320 secs] [Times: user=0.00 sys=0.00, real=0.00 secs] 
30.279: Total time for which application threads were stopped: 0.0011640 seconds, Stopping threads took: 0.0000750 seconds
30.318: Application time: 0.0381960 seconds
30.318: [GC30.318: [ParNew: 15962K->1544K(16640K), 0.0006690 secs] 43616K->29197K(55552K), 0.0007020 secs] [Times: user=0.00 sys=0.00, real=0.00 secs] 
30.318: Total time for which application threads were stopped: 0.0008170 seconds, Stopping threads took: 0.0000590 seconds
30.354: Application time: 0.0353640 seconds
30.354: [GC30.354: [ParNew: 15952K->1546K(16640K), 0.0008140 secs] 43605K->29711K(55552K), 0.0008490 secs] [Times: user=0.01 sys=0.00, real=0.00 secs] 
30.355: Total time for which application threads were stopped: 0.0009640 seconds, Stopping threads took: 0.0000550 seconds
30.391: Application time: 0.0359390 seconds
30.391: [GC30.391: [ParNew: 15956K->1546K(16640K), 0.0008850 secs] 44122K->30223K(55552K), 0.0009180 secs] [Times: user=0.00 sys=0.00, real=0.00 secs] 
30.392: Total time for which application threads were stopped: 0.0016880 seconds, Stopping threads took: 0.0007090 seconds
30.428: Application time: 0.0359030 seconds
30.428: [GC30.428: [ParNew: 15956K->1546K(16640K), 0.0009000 secs] 44634K->30735K(55552K), 0.0009340 secs] [Times: user=0.01 sys=0.00, real=0.01 secs] 
30.429: Total time for which application threads were stopped: 0.0010550 seconds, Stopping threads took: 0.0000630 seconds
30.465: Application time: 0.0358270 seconds
30.465: [GC30.465: [ParNew: 15958K->1032K(16640K), 0.0006000 secs] 45148K->30221K(55552K), 0.0006320 secs] [Times: user=0.01 sys=0.00, real=0.00 secs] 
30.466: Total time for which application threads were stopped: 0.0008290 seconds, Stopping threads took: 0.0001380 seconds
30.500: Application time: 0.0337390 seconds
30.500: [GC30.500: [ParNew: 15438K->1546K(16640K), 0.0011050 secs] 44627K->31760K(55552K), 0.0011490 secs] [Times: user=0.01 sys=0.00, real=0.01 secs] 
30.501: Total time for which application threads were stopped: 0.0012820 seconds, Stopping threads took: 0.0000600 seconds
30.538: Application time: 0.0372090 seconds
30.538: [GC30.538: [ParNew: 15960K->1546K(16640K), 0.0007220 secs] 46174K->31760K(55552K), 0.0007580 secs] [Times: user=0.00 sys=0.00, real=0.00 secs] 
30.539: Total time for which application threads were stopped: 0.0008770 seconds, Stopping threads took: 0.0000590 seconds
30.574: Application time: 0.0345160 seconds
30.574: [GC30.574: [ParNew: 15950K->1548K(16640K), 0.0011270 secs] 46163K->33298K(55552K), 0.0011620 secs] [Times: user=0.00 sys=0.00, real=0.00 secs] 
30.575: Total time for which application threads were stopped: 0.0013130 seconds, Stopping threads took: 0.0000910 seconds
30.575: Application time: 0.0000770 seconds
30.575: [GC [1 CMS-initial-mark: 31749K(38912K)] 33810K(55552K), 0.0001090 secs] [Times: user=0.00 sys=0.00, real=0.00 secs] 
30.575: Total time for which application threads were stopped: 0.0002930 seconds, Stopping threads took: 0.0001630 seconds
30.575: [CMS-concurrent-mark-start]
30.579: [CMS-concurrent-mark: 0.004/0.004 secs] [Times: user=0.02 sys=0.00, real=0.00 secs] 
30.579: [CMS-concurrent-preclean-start]
30.580: [CMS-concurrent-preclean: 0.000/0.000 secs] [Times: user=0.00 sys=0.00, real=0.00 secs] 
30.580: Application time: 0.0042770 seconds
30.580: [GC[YG occupancy: 2590 K (16640 K)]30.580: [Rescan (parallel) , 0.0001620 secs]30.580: [weak refs processing, 0.0000060 secs]30.580: [scrub string table, 0.0001040 secs] [1 CMS-remark: 31749K(38912K)] 34340K(55552K), 0.0002920 secs] [Times: user=0.00 sys=0.00, real=0.00 secs] 
30.580: Total time for which application threads were stopped: 0.0003560 seconds, Stopping threads took: 0.0000450 seconds
30.580: [CMS-concurrent-sweep-start]
30.581: [CMS-concurrent-sweep: 0.001/0.001 secs] [Times: user=0.00 sys=0.00, real=0.01 secs] 
30.581: [CMS-concurrent-reset-start]
30.582: [CMS-concurrent-reset: 0.000/0.000 secs] [Times: user=0.00 sys=0.00, real=0.00 secs] 
30.614: Application time: 0.0338360 seconds
30.614: [GC30.614: [ParNew: 15964K->1546K(16640K), 0.0007090 secs] 23990K->9572K(55552K), 0.0007420 secs] [Times: user=0.00 sys=0.00, real=0.00 secs] 
30.615: Total time for which application threads were stopped: 0.0008600 seconds, Stopping threads took: 0.0000600 seconds
30.653: Application time: 0.0381940 seconds
30.653: [GC30.653: [ParNew: 16114K->1608K(16640K), 0.0007140 secs] 24141K->9634K(55552K), 0.0007470 secs] [Times: user=0.00 sys=0.00, real=0.00 secs] 
30.654: Total time for which application threads were stopped: 0.0008870 seconds, Stopping threads took: 0.0000830 seconds
30.688: Application time: 0.0339360 seconds
30.688: [GC30.688: [ParNew: 16174K->1608K(16640K), 0.0008510 secs] 24201K->10203K(55552K), 0.0008860 secs] [Times: user=0.00 sys=0.00, real=0.01 secs] 
30.689: Total time for which application threads were stopped: 0.0010080 seconds, Stopping threads took: 0.0000640 seconds
30.727: Application time: 0.0381760 seconds
30.727: [GC30.727: [ParNew: 16261K->1120K(16640K), 0.0006870 secs] 24856K->9772K(55552K), 0.0007190 secs] [Times: user=0.01 sys=0.00, real=0.00 secs] 
30.728: Total time for which application threads were stopped: 0.0008520 seconds, Stopping threads took: 0.0000770 seconds
30.762: Application time: 0.0343580 seconds
30.762: [GC30.762: [ParNew: 15606K->1576K(16640K), 0.0009310 secs] 24259K->10826K(55552K), 0.0009670 secs] [Times: user=0.01 sys=0.00, real=0.00 secs] 
30.763: Total time for which application threads were stopped: 0.0010880 seconds, Stopping threads took: 0.0000600 seconds
30.800: Application time: 0.0366550 seconds
30.800: [GC30.800: [ParNew: 15992K->520K(16640K), 0.0003710 secs] 25242K->9798K(55552K), 0.0004020 secs] [Times: user=0.00 sys=0.00, real=0.00 secs] 
30.800: Total time for which application threads were stopped: 0.0005190 seconds, Stopping threads took: 0.0000600 seconds
30.835: Application time: 0.0342860 seconds
30.835: [GC30.835: [ParNew: 14923K->1546K(16640K), 0.0009260 secs] 24202K->11336K(55552K), 0.0009730 secs] [Times: user=0.00 sys=0.00, real=0.00 secs] 
30.836: Total time for which application threads were stopped: 0.0010990 seconds, Stopping threads took: 0.0000650 seconds
30.873: Application time: 0.0370140 seconds
30.873: [GC30.873: [ParNew: 15962K->522K(16640K), 0.0003780 secs] 25753K->10312K(55552K), 0.0004090 secs] [Times: user=0.00 sys=0.00, real=0.00 secs] 
30.873: Total time for which application threads were stopped: 0.0005230 seconds, Stopping threads took: 0.0000580 seconds
30.908: Application time: 0.0348050 seconds
30.908: [GC30.908: [ParNew: 14925K->1546K(16640K), 0.0008170 secs] 24716K->11848K(55552K), 0.0008530 secs] [Times: user=0.01 sys=0.00, real=0.01 secs] 
30.909: Total time for which application threads were stopped: 0.0009810 seconds, Stopping threads took: 0.0000640 seconds
30.947: Application time: 0.0382340 seconds
30.947: [GC30.947: [ParNew: 15962K->520K(16640K), 0.0003700 secs] 26265K->10822K(55552K), 0.0003970 secs] [Times: user=0.00 sys=0.00, real=0.00 secs] 
30.948: Total time for which application threads were stopped: 0.0005180 seconds, Stopping threads took: 0.0000690 seconds
30.981: Application time: 0.0334710 seconds
30.981: [GC30.981: [ParNew: 14921K->1546K(16640K), 0.0010020 secs] 25224K->12872K(55552K), 0.0010350 secs] [Times: user=0.00 sys=0.00, real=0.00 secs] 
30.982: Total time for which application threads were stopped: 0.0011550 seconds, Stopping threads took: 0.0000620 seconds
31.021: Application time: 0.0384130 seconds
31.021: [GC31.021: [ParNew: 15962K->1034K(16640K), 0.0005710 secs] 27289K->12360K(55552K), 0.0006050 secs] [Times: user=0.00 sys=0.00, real=0.00 secs] 
31.022: Total time for which application threads were stopped: 0.0007260 seconds, Stopping threads took: 0.0000540 seconds
31.057: Application time: 0.0351480 seconds
31.057: [GC31.057: [ParNew: 15440K->1550K(16640K), 0.0008230 secs] 26766K->13388K(55552K), 0.0008580 secs] [Times: user=0.01 sys=0.00, real=0.00 secs] 
31.058: Total time for which application threads were stopped: 0.0009940 seconds, Stopping threads took: 0.0000740 seconds
31.093: Application time: 0.0351480 seconds
31.093: [GC31.093: [ParNew: 15958K->1550K(16640K), 0.0010110 secs] 27796K->14412K(55552K), 0.0010470 secs] [Times: user=0.00 sys=0.00, real=0.00 secs] 
31.094: Total time for which application threads were stopped: 0.0011810 seconds, Stopping threads took: 0.0000700 seconds
31.131: Application time: 0.0372810 seconds
31.131: [GC31.132: [ParNew: 15964K->1546K(16640K), 0.0006950 secs] 28827K->14408K(55552K), 0.0007290 secs] [Times: user=0.01 sys=0.00, real=0.00 secs] 
31.132: Total time for which application threads were stopped: 0.0008920 seconds, Stopping threads took: 0.0001010 seconds
31.166: Application time: 0.0341860 seconds
31.167: [GC31.167: [ParNew: 15952K->1548K(16640K), 0.0009930 secs] 28814K->15434K(55552K), 0.0010280 secs] [Times: user=0.01 sys=0.00, real=0.00 secs] 
31.168: Total time for which application threads were stopped: 0.0011870 seconds, Stopping threads took: 0.0000980 seconds
31.205: Application time: 0.0370670 seconds
31.205: [GC31.205: [ParNew: 15962K->1546K(16640K), 0.0006840 secs] 29849K->15432K(55552K), 0.0007170 secs] [Times: user=0.01 sys=0.00, real=0.00 secs] 
31.206: Total time for which application threads were stopped: 0.0008610 seconds, Stopping threads took: 0.0000850 seconds
31.240: Application time: 0.0345690 seconds
31.240: [GC31.240: [ParNew: 15952K->1548K(16640K), 0.0009840 secs] 29838K->16459K(55552K), 0.0010180 secs] [Times: user=0.01 sys=0.00, real=0.01 secs] 
31.241: Total time for which application threads were stopped: 0.0011530 seconds, Stopping threads took: 0.0000760 seconds
31.280: Application time: 0.0383870 seconds
31.280: [GC31.280: [ParNew: 15966K->522K(16640K), 0.0004770 secs] 30877K->15432K(55552K), 0.0005110 secs] [Times: user=0.01 sys=0.00, real=0.00 secs] 
31.280: Total time for which application threads were stopped: 0.0006250 seconds, Stopping threads took: 0.0000580 seconds
31.313: Application time: 0.0330390 seconds
31.313: [GC31.313: [ParNew: 14923K->1548K(16640K), 0.0010010 secs] 29834K->17483K(55552K), 0.0010450 secs] [Times: user=0.01 sys=0.00, real=0.00 secs] 
31.315: Total time for which application threads were stopped: 0.0011640 seconds, Stopping threads took: 0.0000570 seconds
31.354: Application time: 0.0393940 seconds
31.354: [GC31.354: [ParNew: 16207K->612K(16640K), 0.0004330 secs] 32142K->16547K(55552K), 0.0004620 secs] [Times: user=0.00 sys=0.00, real=0.00 secs] 
31.354: Total time for which application threads were stopped: 0.0005820 seconds, Stopping threads took: 0.0000680 seconds
31.388: Application time: 0.0333390 seconds
31.388: [GC31.388: [ParNew: 15248K->1720K(16640K), 0.0010350 secs] 31183K->18679K(55552K), 0.0010740 secs] [Times: user=0.01 sys=0.00, real=0.01 secs] 
31.389: Total time for which application threads were stopped: 0.0012080 seconds, Stopping threads took: 0.0000690 seconds
31.428: Application time: 0.0390890 seconds
31.428: [GC31.428: [ParNew: 16297K->582K(16640K), 0.0005110 secs] 33256K->17712K(55552K), 0.0005430 secs] [Times: user=0.01 sys=0.00, real=0.01 secs] 
31.429: Total time for which application threads were stopped: 0.0006580 seconds, Stopping threads took: 0.0000670 seconds
31.463: Application time: 0.0340800 seconds
31.465: [GC31.465: [ParNew: 14984K->1608K(16640K), 0.0010630 secs] 32114K->19762K(55552K), 0.0011000 secs] [Times: user=0.01 sys=0.00, real=0.00 secs] 
31.466: Total time for which application threads were stopped: 0.0028660 seconds, Stopping threads took: 0.0017020 seconds
31.503: Application time: 0.0374970 seconds
31.503: [GC31.503: [ParNew: 16024K->1034K(16640K), 0.0005650 secs] 34178K->19245K(55552K), 0.0006010 secs] [Times: user=0.00 sys=0.00, real=0.00 secs] 
31.504: Total time for which application threads were stopped: 0.0007190 seconds, Stopping threads took: 0.0000600 seconds
31.539: Application time: 0.0350360 seconds
31.539: [GC31.539: [ParNew: 15435K->1548K(16640K), 0.0011530 secs] 33647K->21295K(55552K), 0.0011890 secs] [Times: user=0.01 sys=0.00, real=0.00 secs] 
31.540: Total time for which application threads were stopped: 0.0013200 seconds, Stopping threads took: 0.0000580 seconds
31.577: Application time: 0.0369430 seconds
31.577: [GC31.577: [ParNew: 15964K->1546K(16640K), 0.0006700 secs] 35711K->21293K(55552K), 0.0007000 secs] [Times: user=0.00 sys=0.00, real=0.00 secs] 
31.578: Total time for which application threads were stopped: 0.0008120 seconds, Stopping threads took: 0.0000580 seconds
31.614: Application time: 0.0356720 seconds
31.614: [GC31.614: [ParNew: 15956K->1544K(16640K), 0.0007450 secs] 35703K->21291K(55552K), 0.0007760 secs] [Times: user=0.00 sys=0.00, real=0.00 secs] 
31.615: Total time for which application threads were stopped: 0.0010240 seconds, Stopping threads took: 0.0001900 seconds
31.651: Application time: 0.0362180 seconds
31.651: [GC31.651: [ParNew: 15952K->1546K(16640K), 0.0007520 secs] 35699K->21293K(55552K), 0.0007850 secs] [Times: user=0.00 sys=0.00, real=0.00 secs] 
31.652: Total time for which application threads were stopped: 0.0009450 seconds, Stopping threads took: 0.0000990 seconds
31.688: Application time: 0.0363820 seconds
31.689: [GC31.689: [ParNew: 15958K->1546K(16640K), 0.0006730 secs] 35705K->21293K(55552K), 0.0007110 secs] [Times: user=0.00 sys=0.00, real=0.01 secs] 
31.689: Total time for which application threads were stopped: 0.0009360 seconds, Stopping threads took: 0.0001660 seconds
31.726: Application time: 0.0362590 seconds
31.726: [GC31.726: [ParNew: 15956K->1034K(16640K), 0.0005490 secs] 35703K->20781K(55552K), 0.0005800 secs] [Times: user=0.01 sys=0.00, real=0.00 secs] 
31.726: Total time for which application threads were stopped: 0.0007010 seconds, Stopping threads took: 0.0000690 seconds
31.762: Application time: 0.0355510 seconds
31.762: [GC31.762: [ParNew: 15442K->1544K(16640K), 0.0008360 secs] 35189K->21803K(55552K), 0.0008730 secs] [Times: user=0.01 sys=0.00, real=0.00 secs] 
31.763: Total time for which application threads were stopped: 0.0010000 seconds, Stopping threads took: 0.0000640 seconds
31.799: Application time: 0.0360830 seconds
31.799: [GC31.799: [ParNew: 15958K->1034K(16640K), 0.0005210 secs] 36217K->21293K(55552K), 0.0005630 secs] [Times: user=0.00 sys=0.00, real=0.00 secs] 
31.800: Total time for which application threads were stopped: 0.0006910 seconds, Stopping threads took: 0.0000690 seconds
31.834: Application time: 0.0344390 seconds
31.834: [GC31.834: [ParNew: 15440K->1548K(16640K), 0.0008710 secs] 35699K->22319K(55552K), 0.0009060 secs] [Times: user=0.00 sys=0.00, real=0.00 secs] 
31.835: Total time for which application threads were stopped: 0.0010300 seconds, Stopping threads took: 0.0000640 seconds
31.871: Application time: 0.0363150 seconds
31.871: [GC31.871: [ParNew: 15962K->1034K(16640K), 0.0005450 secs] 36733K->21805K(55552K), 0.0005800 secs] [Times: user=0.00 sys=0.00, real=0.00 secs] 
31.872: Total time for which application threads were stopped: 0.0007020 seconds, Stopping threads took: 0.0000640 seconds
31.908: Application time: 0.0356670 seconds
31.908: [GC31.908: [ParNew: 15440K->1546K(16640K), 0.0007880 secs] 36211K->22829K(55552K), 0.0008230 secs] [Times: user=0.00 sys=0.00, real=0.01 secs] 
31.909: Total time for which application threads were stopped: 0.0009590 seconds, Stopping threads took: 0.0000740 seconds
31.945: Application time: 0.0358800 seconds
31.945: [GC31.945: [ParNew: 15956K->1548K(16640K), 0.0008660 secs] 37239K->23343K(55552K), 0.0008990 secs] [Times: user=0.01 sys=0.00, real=0.00 secs] 
31.946: Total time for which application threads were stopped: 0.0010160 seconds, Stopping threads took: 0.0000590 seconds
31.982: Application time: 0.0362080 seconds
31.982: [GC31.982: [ParNew: 15958K->1546K(16640K), 0.0007980 secs] 37753K->23853K(55552K), 0.0008320 secs] [Times: user=0.00 sys=0.00, real=0.00 secs] 
31.983: Total time for which application threads were stopped: 0.0009680 seconds, Stopping threads took: 0.0000770 seconds
32.019: Application time: 0.0360110 seconds
32.019: [GC32.019: [ParNew: 16195K->1636K(16640K), 0.0006600 secs] 38502K->23943K(55552K), 0.0006920 secs] [Times: user=0.01 sys=0.00, real=0.00 secs] 
32.020: Total time for which application threads were stopped: 0.0008140 seconds, Stopping threads took: 0.0000640 seconds
32.055: Application time: 0.0354180 seconds
32.055: [GC32.055: [ParNew: 16202K->1606K(16640K), 0.0009070 secs] 38510K->24511K(55552K), 0.0009450 secs] [Times: user=0.00 sys=0.00, real=0.00 secs] 
32.056: Total time for which application threads were stopped: 0.0010810 seconds, Stopping threads took: 0.0000640 seconds
32.092: Application time: 0.0360750 seconds
32.092: [GC32.092: [ParNew: 16256K->1636K(16640K), 0.0008280 secs] 39161K->24598K(55552K), 0.0008610 secs] [Times: user=0.01 sys=0.00, real=0.00 secs] 
32.093: Total time for which application threads were stopped: 0.0010450 seconds, Stopping threads took: 0.0001260 seconds
32.128: Application time: 0.0348830 seconds
32.128: [GC32.128: [ParNew: 16042K->1546K(16640K), 0.0010480 secs] 39004K->25617K(55552K), 0.0010860 secs] [Times: user=0.01 sys=0.00, real=0.01 secs] 
32.129: Total time for which application threads were stopped: 0.0012380 seconds, Stopping threads took: 0.0000960 seconds
32.166: Application time: 0.0371370 seconds
32.167: [GC32.167: [ParNew: 15960K->1544K(16640K), 0.0007040 secs] 40031K->25615K(55552K), 0.0007410 secs] [Times: user=0.00 sys=0.00, real=0.00 secs] 
32.167: Total time for which application threads were stopped: 0.0008680 seconds, Stopping threads took: 0.0000660 seconds
32.202: Application time: 0.0348530 seconds
32.202: [GC32.202: [ParNew: 15950K->1546K(16640K), 0.0009790 secs] 40021K->26641K(55552K), 0.0010150 secs] [Times: user=0.01 sys=0.00, real=0.00 secs] 
32.203: Total time for which application threads were stopped: 0.0011350 seconds, Stopping threads took: 0.0000600 seconds
32.239: Application time: 0.0361520 seconds
32.240: [GC32.240: [ParNew: 15956K->1546K(16640K), 0.0007210 secs] 41051K->26641K(55552K), 0.0007540 secs] [Times: user=0.00 sys=0.00, real=0.00 secs] 
32.240: Total time for which application threads were stopped: 0.0009540 seconds, Stopping threads took: 0.0001320 seconds
32.277: Application time: 0.0363990 seconds
32.277: [GC32.277: [ParNew: 15962K->1032K(16640K), 0.0005280 secs] 41057K->26127K(55552K), 0.0005550 secs] [Times: user=0.00 sys=0.00, real=0.00 secs] 
32.278: Total time for which application threads were stopped: 0.0008010 seconds, Stopping threads took: 0.0001970 seconds
32.312: Application time: 0.0346920 seconds
32.312: [GC32.312: [ParNew: 15435K->1548K(16640K), 0.0010130 secs] 40531K->27667K(55552K), 0.0010470 secs] [Times: user=0.00 sys=0.01, real=0.00 secs] 
32.314: Total time for which application threads were stopped: 0.0011700 seconds, Stopping threads took: 0.0000610 seconds
32.351: Application time: 0.0371340 seconds
32.351: [GC32.351: [ParNew: 15966K->522K(16640K), 0.0004480 secs] 42085K->26641K(55552K), 0.0004750 secs] [Times: user=0.00 sys=0.00, real=0.00 secs] 
32.351: Total time for which application threads were stopped: 0.0005990 seconds, Stopping threads took: 0.0000740 seconds
32.385: Application time: 0.0340960 seconds
32.385: [GC32.386: [ParNew: 14923K->1546K(16640K), 0.0008380 secs] 41043K->28177K(55552K), 0.0008710 secs] [Times: user=0.01 sys=0.00, real=0.00 secs] 
32.386: Total time for which application threads were stopped: 0.0010450 seconds, Stopping threads took: 0.0001170 seconds
32.424: Application time: 0.0376470 seconds
32.424: [GC32.424: [ParNew: 15964K->522K(16640K), 0.0004400 secs] 42595K->27153K(55552K), 0.0004730 secs] [Times: user=0.00 sys=0.00, real=0.00 secs] 
32.425: Total time for which application threads were stopped: 0.0005880 seconds, Stopping threads took: 0.0000580 seconds
32.459: Application time: 0.0344880 seconds
32.459: [GC32.459: [ParNew: 14925K->1546K(16640K), 0.0008880 secs] 41557K->28689K(55552K), 0.0009190 secs] [Times: user=0.00 sys=0.00, real=0.00 secs] 
32.460: Total time for which application threads were stopped: 0.0010360 seconds, Stopping threads took: 0.0000620 seconds
32.497: Application time: 0.0366420 seconds
32.497: [GC32.497: [ParNew: 15960K->1034K(16640K), 0.0005270 secs] 43103K->28177K(55552K), 0.0005590 secs] [Times: user=0.01 sys=0.00, real=0.00 secs] 
32.497: Total time for which application threads were stopped: 0.0006840 seconds, Stopping threads took: 0.0000680 seconds
32.532: Application time: 0.0346860 seconds
32.532: [GC32.532: [ParNew: 15440K->1546K(16640K), 0.0009080 secs] 42583K->29201K(55552K), 0.0009430 secs] [Times: user=0.00 sys=0.00, real=0.00 secs] 
32.533: Total time for which application threads were stopped: 0.0010580 seconds, Stopping threads took: 0.0000580 seconds
32.570: Application time: 0.0363550 seconds
32.570: [GC32.570: [ParNew: 15958K->1546K(16640K), 0.0007240 secs] 43613K->29201K(55552K), 0.0007570 secs] [Times: user=0.01 sys=0.00, real=0.00 secs] 
32.570: Total time for which application threads were stopped: 0.0008900 seconds, Stopping threads took: 0.0000650 seconds
32.605: Application time: 0.0348570 seconds
32.605: [GC32.605: [ParNew: 15954K->1546K(16640K), 0.0008430 secs] 43609K->29713K(55552K), 0.0008760 secs] [Times: user=0.01 sys=0.00, real=0.00 secs] 
32.606: Total time for which application threads were stopped: 0.0010040 seconds, Stopping threads took: 0.0000680 seconds
32.645: Application time: 0.0384050 seconds
32.645: [GC32.645: [ParNew: 15960K->1030K(16640K), 0.0006100 secs] 44127K->29197K(55552K), 0.0006420 secs] [Times: user=0.00 sys=0.00, real=0.00 secs] 
32.646: Total time for which application threads were stopped: 0.0007930 seconds, Stopping threads took: 0.0000920 seconds
32.678: Application time: 0.0323500 seconds
32.678: [GC32.678: [ParNew: 15669K->1634K(16640K), 0.0010260 secs] 43836K->30825K(55552K), 0.0010620 secs] [Times: user=0.01 sys=0.00, real=0.00 secs] 
32.679: Total time for which application threads were stopped: 0.0011770 seconds, Stopping threads took: 0.0000580 seconds
32.717: Application time: 0.0379180 seconds
32.717: [GC32.717: [ParNew: 16209K->1094K(16640K), 0.0007050 secs] 45400K->30371K(55552K), 0.0007450 secs] [Times: user=0.00 sys=0.00, real=0.00 secs] 
32.718: Total time for which application threads were stopped: 0.0008710 seconds, Stopping threads took: 0.0000700 seconds
32.751: Application time: 0.0335940 seconds
32.752: [GC32.752: [ParNew: 15576K->1576K(16640K), 0.0010890 secs] 44853K->31934K(55552K), 0.0011250 secs] [Times: user=0.01 sys=0.00, real=0.00 secs] 
32.753: Total time for which application threads were stopped: 0.0012630 seconds, Stopping threads took: 0.0000760 seconds
32.791: Application time: 0.0381060 seconds
32.791: [GC32.791: [ParNew: 16144K->1606K(16640K), 0.0007380 secs] 46502K->31992K(55552K), 0.0007680 secs] [Times: user=0.00 sys=0.00, real=0.00 secs] 
32.792: Total time for which application threads were stopped: 0.0009270 seconds, Stopping threads took: 0.0001060 seconds
32.827: Application time: 0.0351870 seconds
32.827: [GC32.827: [ParNew: 16016K->1546K(16640K), 0.0008430 secs] 46402K->32501K(55552K), 0.0008760 secs] [Times: user=0.00 sys=0.00, real=0.00 secs] 
32.828: Total time for which application threads were stopped: 0.0009980 seconds, Stopping threads took: 0.0000670 seconds
32.865: Application time: 0.0369250 seconds
32.865: [GC32.865: [ParNew: 15960K->1034K(16640K), 0.0006000 secs] 46915K->31989K(55552K), 0.0006310 secs] [Times: user=0.00 sys=0.00, real=0.00 secs] 
32.866: Total time for which application threads were stopped: 0.0007400 seconds, Stopping threads took: 0.0000520 seconds
32.900: Application time: 0.0342000 seconds
32.900: [GC32.900: [ParNew: 15440K->1546K(16640K), 0.0008140 secs] 46395K->33013K(55552K), 0.0008520 secs] [Times: user=0.00 sys=0.00, real=0.01 secs] 
32.901: Total time for which application threads were stopped: 0.0009910 seconds, Stopping threads took: 0.0000740 seconds
32.937: Application time: 0.0366760 seconds
32.938: [GC32.938: [ParNew: 15958K->1548K(16640K), 0.0006220 secs] 47425K->33015K(55552K), 0.0006540 secs] [Times: user=0.01 sys=0.00, real=0.00 secs] 
32.938: Total time for which application threads were stopped: 0.0007650 seconds, Stopping threads took: 0.0000590 seconds
32.973: Application time: 0.0349360 seconds
32.973: [GC32.973: [ParNew: 15956K->1546K(16640K), 0.0008930 secs] 47423K->33525K(55552K), 0.0009270 secs] [Times: user=0.00 sys=0.00, real=0.00 secs] 
32.974: Total time for which application threads were stopped: 0.0010510 seconds, Stopping threads took: 0.0000660 seconds
33.010: Application time: 0.0354340 seconds
33.010: [GC33.010: [ParNew: 15956K->1550K(16640K), 0.0008600 secs] 47935K->34041K(55552K), 0.0008960 secs] [Times: user=0.00 sys=0.00, real=0.00 secs] 
33.011: Total time for which application threads were stopped: 0.0010270 seconds, Stopping threads took: 0.0000690 seconds
33.048: Application time: 0.0369460 seconds
33.048: [GC33.048: [ParNew: 15964K->1034K(16640K), 0.0005900 secs] 48456K->33525K(55552K), 0.0006230 secs] [Times: user=0.00 sys=0.00, real=0.00 secs] 
33.048: Total time for which application threads were stopped: 0.0007760 seconds, Stopping threads took: 0.0000940 seconds
33.083: Application time: 0.0342050 seconds
33.083: [GC33.083: [ParNew: 15440K->1546K(16640K), 0.0007930 secs] 47931K->34549K(55552K), 0.0008250 secs] [Times: user=0.00 sys=0.00, real=0.00 secs] 
33.084: Total time for which application threads were stopped: 0.0010500 seconds, Stopping threads took: 0.0001610 seconds
33.122: Application time: 0.0379450 seconds
33.122: [GC33.122: [ParNew: 15958K->1546K(16640K), 0.0006750 secs] 48962K->34549K(55552K), 0.0007070 secs] [Times: user=0.00 sys=0.00, real=0.00 secs] 
33.122: Total time for which application threads were stopped: 0.0008320 seconds, Stopping threads took: 0.0000650 seconds
33.156: Application time: 0.0332570 seconds
33.156: [GC33.156: [ParNew: 15952K->1546K(16640K), 0.0010090 secs] 48955K->35573K(55552K), 0.0010430 secs] [Times: user=0.00 sys=0.00, real=0.00 secs] 
33.157: Total time for which application threads were stopped: 0.0011910 seconds, Stopping threads took: 0.0000890 seconds
33.194: Application time: 0.0368070 seconds
33.194: [GC33.194: [ParNew: 15958K->1548K(16640K), 0.0008590 secs] 49986K->36087K(55552K), 0.0009020 secs] [Times: user=0.01 sys=0.00, real=0.00 secs] 
33.195: Total time for which application threads were stopped: 0.0010250 seconds, Stopping threads took: 0.0000620 seconds
33.231: Application time: 0.0358130 seconds
33.231: [GC33.231: [ParNew: 15960K->1544K(16640K), 0.0006830 secs] 50500K->36083K(55552K), 0.0007160 secs] [Times: user=0.00 sys=0.00, real=0.00 secs] 
33.231: Total time for which application threads were stopped: 0.0008400 seconds, Stopping threads took: 0.0000670 seconds
33.266: Application time: 0.0348480 seconds
33.266: [GC33.266: [ParNew: 15952K->1548K(16640K), 0.0008370 secs] 50491K->36599K(55552K), 0.0008690 secs] [Times: user=0.01 sys=0.00, real=0.00 secs] 
33.267: Total time for which application threads were stopped: 0.0010140 seconds, Stopping threads took: 0.0000840 seconds
33.304: Application time: 0.0362870 seconds
33.304: [GC33.304: [ParNew: 15960K->1544K(16640K), 0.0006800 secs] 51012K->36595K(55552K), 0.0007140 secs] [Times: user=0.00 sys=0.00, real=0.00 secs] 
33.304: Total time for which application threads were stopped: 0.0008690 seconds, Stopping threads took: 0.0000960 seconds
33.340: Application time: 0.0357680 seconds
33.340: [GC33.340: [ParNew: 16190K->1636K(16640K), 0.0008340 secs] 51242K->37200K(55552K), 0.0008710 secs] [Times: user=0.00 sys=0.00, real=0.01 secs] 
33.341: Total time for which application threads were stopped: 0.0009920 seconds, Stopping threads took: 0.0000610 seconds
33.377: Application time: 0.0358250 seconds
33.377: [GC33.377: [ParNew: 16126K->1574K(16640K), 0.0008480 secs] 51690K->37735K(55552K), 0.0008830 secs] [Times: user=0.01 sys=0.00, real=0.00 secs] 
33.378: Total time for which application threads were stopped: 0.0010000 seconds, Stopping threads took: 0.0000620 seconds
33.378: Application time: 0.0000390 seconds
33.378: [GC [1 CMS-initial-mark: 36161K(38912K)] 38247K(55552K), 0.0000980 secs] [Times: user=0.00 sys=0.00, real=0.00 secs] 
33.378: Total time for which application threads were stopped: 0.0002510 seconds, Stopping threads took: 0.0001310 seconds
33.378: [CMS-concurrent-mark-start]
33.381: [CMS-concurrent-mark: 0.003/0.003 secs] [Times: user=0.01 sys=0.00, real=0.01 secs] 
33.382: [CMS-concurrent-preclean-start]
33.382: [CMS-concurrent-preclean: 0.000/0.000 secs] [Times: user=0.00 sys=0.00, real=0.00 secs] 
33.382: Application time: 0.0032940 seconds
33.382: [GC[YG occupancy: 2102 K (16640 K)]33.382: [Rescan (parallel) , 0.0001420 secs]33.382: [weak refs processing, 0.0000060 secs]33.382: [scrub string table, 0.0001030 secs] [1 CMS-remark: 36161K(38912K)] 38264K(55552K), 0.0002740 secs] [Times: user=0.00 sys=0.00, real=0.00 secs] 
33.382: Total time for which application threads were stopped: 0.0003660 seconds, Stopping threads took: 0.0000710 seconds
33.382: [CMS-concurrent-sweep-start]
33.383: [CMS-concurrent-sweep: 0.001/0.001 secs] [Times: user=0.00 sys=0.00, real=0.00 secs] 
33.383: [CMS-concurrent-reset-start]
33.384: [CMS-concurrent-reset: 0.000/0.000 secs] [Times: user=0.00 sys=0.00, real=0.00 secs] 
33.416: Application time: 0.0337540 seconds
33.416: [GC33.416: [ParNew: 16142K->1608K(16640K), 0.0008130 secs] 23119K->9125K(55552K), 0.0008490 secs] [Times: user=0.00 sys=0.00, real=0.00 secs] 
33.417: Total time for which application threads were stopped: 0.0009690 seconds, Stopping threads took: 0.0000610 seconds
33.454: Application time: 0.0377730 seconds
33.455: [GC33.455: [ParNew: 16181K->582K(16640K), 0.0004100 secs] 23698K->8156K(55552K), 0.0004430 secs] [Times: user=0.00 sys=0.00, real=0.00 secs] 
33.455: Total time for which application threads were stopped: 0.0005590 seconds, Stopping threads took: 0.0000600 seconds
33.489: Application time: 0.0342320 seconds
33.489: [GC33.489: [ParNew: 14986K->1606K(16640K), 0.0007560 secs] 22560K->9692K(55552K), 0.0007900 secs] [Times: user=0.01 sys=0.00, real=0.00 secs] 
33.490: Total time for which application threads were stopped: 0.0009120 seconds, Stopping threads took: 0.0000640 seconds
33.527: Application time: 0.0364880 seconds
33.527: [GC33.527: [ParNew: 16020K->1034K(16640K), 0.0006190 secs] 24106K->9177K(55552K), 0.0006600 secs] [Times: user=0.01 sys=0.00, real=0.00 secs] 
33.527: Total time for which application threads were stopped: 0.0007860 seconds, Stopping threads took: 0.0000660 seconds
33.562: Application time: 0.0346930 seconds
33.562: [GC33.562: [ParNew: 15440K->1546K(16640K), 0.0008340 secs] 23583K->10201K(55552K), 0.0008690 secs] [Times: user=0.00 sys=0.00, real=0.00 secs] 
33.563: Total time for which application threads were stopped: 0.0010880 seconds, Stopping threads took: 0.0001600 seconds
33.600: Application time: 0.0363510 seconds
33.600: [GC33.600: [ParNew: 15958K->1546K(16640K), 0.0006550 secs] 24613K->10201K(55552K), 0.0006910 secs] [Times: user=0.01 sys=0.00, real=0.00 secs] 
33.601: Total time for which application threads were stopped: 0.0009350 seconds, Stopping threads took: 0.0001660 seconds
33.636: Application time: 0.0355140 seconds
33.636: [GC33.636: [ParNew: 15954K->1548K(16640K), 0.0007890 secs] 24609K->10715K(55552K), 0.0008250 secs] [Times: user=0.01 sys=0.00, real=0.00 secs] 
33.637: Total time for which application threads were stopped: 0.0010730 seconds, Stopping threads took: 0.0001880 seconds
33.674: Application time: 0.0363980 seconds
33.674: [GC33.674: [ParNew: 15960K->1036K(16640K), 0.0005500 secs] 25127K->10203K(55552K), 0.0005850 secs] [Times: user=0.00 sys=0.00, real=0.00 secs] 
33.674: Total time for which application threads were stopped: 0.0007150 seconds, Stopping threads took: 0.0000700 seconds
33.709: Application time: 0.0349400 seconds
33.709: [GC33.709: [ParNew: 15444K->1548K(16640K), 0.0008420 secs] 24611K->11227K(55552K), 0.0008720 secs] [Times: user=0.01 sys=0.00, real=0.00 secs] 
33.710: Total time for which application threads were stopped: 0.0009970 seconds, Stopping threads took: 0.0000690 seconds
33.746: Application time: 0.0360190 seconds
33.746: [GC33.746: [ParNew: 15960K->1544K(16640K), 0.0006670 secs] 25639K->11223K(55552K), 0.0007010 secs] [Times: user=0.00 sys=0.00, real=0.00 secs] 
33.747: Total time for which application threads were stopped: 0.0008460 seconds, Stopping threads took: 0.0000880 seconds
33.783: Application time: 0.0359910 seconds
33.783: [GC33.783: [ParNew: 15954K->1546K(16640K), 0.0006890 secs] 25633K->11225K(55552K), 0.0007200 secs] [Times: user=0.00 sys=0.00, real=0.00 secs] 
33.784: Total time for which application threads were stopped: 0.0008690 seconds, Stopping threads took: 0.0000940 seconds
33.818: Application time: 0.0343600 seconds
33.818: [GC33.818: [ParNew: 15950K->1552K(16640K), 0.0010340 secs] 25629K->12255K(55552K), 0.0010740 secs] [Times: user=0.01 sys=0.00, real=0.00 secs] 
33.820: Total time for which application threads were stopped: 0.0012300 seconds, Stopping threads took: 0.0000900 seconds
33.857: Application time: 0.0372200 seconds
33.857: [GC33.857: [ParNew: 15968K->1546K(16640K), 0.0007060 secs] 26671K->12249K(55552K), 0.0007420 secs] [Times: user=0.01 sys=0.00, real=0.00 secs] 
33.858: Total time for which application threads were stopped: 0.0008570 seconds, Stopping threads took: 0.0000560 seconds
33.892: Application time: 0.0345780 seconds
33.892: [GC33.892: [ParNew: 15954K->1548K(16640K), 0.0007790 secs] 26657K->12763K(55552K), 0.0008140 secs] [Times: user=0.01 sys=0.00, real=0.00 secs] 
33.893: Total time for which application threads were stopped: 0.0009700 seconds, Stopping threads took: 0.0000950 seconds
33.929: Application time: 0.0362780 seconds
33.930: [GC33.930: [ParNew: 15960K->1546K(16640K), 0.0006380 secs] 27175K->12761K(55552K), 0.0006720 secs] [Times: user=0.00 sys=0.00, real=0.00 secs] 
33.930: Total time for which application threads were stopped: 0.0007870 seconds, Stopping threads took: 0.0000580 seconds
33.966: Application time: 0.0355020 seconds
33.966: [GC33.966: [ParNew: 15956K->1546K(16640K), 0.0006520 secs] 27171K->12761K(55552K), 0.0006840 secs] [Times: user=0.01 sys=0.00, real=0.00 secs] 
33.967: Total time for which application threads were stopped: 0.0008100 seconds, Stopping threads took: 0.0000680 seconds
34.003: Application time: 0.0360760 seconds
34.003: [GC34.003: [ParNew: 15956K->1548K(16640K), 0.0006600 secs] 27171K->12763K(55552K), 0.0007010 secs] [Times: user=0.00 sys=0.00, real=0.00 secs] 
34.003: Total time for which application threads were stopped: 0.0008190 seconds, Stopping threads took: 0.0000610 seconds
34.039: Application time: 0.0358830 seconds
34.039: [GC34.039: [ParNew: 16192K->1636K(16640K), 0.0008040 secs] 27408K->13363K(55552K), 0.0008370 secs] [Times: user=0.01 sys=0.00, real=0.00 secs] 
34.040: Total time for which application threads were stopped: 0.0009660 seconds, Stopping threads took: 0.0000710 seconds
34.078: Application time: 0.0381880 seconds
34.079: [GC34.079: [ParNew: 16211K->582K(16640K), 0.0004160 secs] 27938K->12395K(55552K), 0.0004470 secs] [Times: user=0.00 sys=0.00, real=0.00 secs] 
34.079: Total time for which application threads were stopped: 0.0005500 seconds, Stopping threads took: 0.0000530 seconds
34.113: Application time: 0.0337920 seconds
34.113: [GC34.113: [ParNew: 15222K->1692K(16640K), 0.0008230 secs] 27035K->14017K(55552K), 0.0008580 secs] [Times: user=0.01 sys=0.00, real=0.00 secs] 
34.114: Total time for which application threads were stopped: 0.0010010 seconds, Stopping threads took: 0.0000740 seconds
34.151: Application time: 0.0375280 seconds
34.151: [GC34.151: [ParNew: 16106K->1036K(16640K), 0.0005990 secs] 28431K->13503K(55552K), 0.0006270 secs] [Times: user=0.00 sys=0.00, real=0.00 secs] 
34.152: Total time for which application threads were stopped: 0.0007550 seconds, Stopping threads took: 0.0000730 seconds
34.188: Application time: 0.0353850 seconds
34.188: [GC34.188: [ParNew: 15442K->1546K(16640K), 0.0008290 secs] 27909K->14525K(55552K), 0.0008640 secs] [Times: user=0.01 sys=0.00, real=0.00 secs] 
34.188: Total time for which application threads were stopped: 0.0009800 seconds, Stopping threads took: 0.0000560 seconds
34.225: Application time: 0.0365770 seconds
34.225: [GC34.225: [ParNew: 15958K->1544K(16640K), 0.0007060 secs] 28937K->14523K(55552K), 0.0007420 secs] [Times: user=0.01 sys=0.00, real=0.00 secs] 
34.226: Total time for which application threads were stopped: 0.0008670 seconds, Stopping threads took: 0.0000650 seconds
34.262: Application time: 0.0365040 seconds
34.263: [GC34.263: [ParNew: 15956K->1034K(16640K), 0.0005140 secs] 28935K->14013K(55552K), 0.0005440 secs] [Times: user=0.00 sys=0.00, real=0.00 secs] 
34.263: Total time for which application threads were stopped: 0.0006500 seconds, Stopping threads took: 0.0000530 seconds
34.299: Application time: 0.0357460 seconds
34.299: [GC34.299: [ParNew: 15438K->1548K(16640K), 0.0009790 secs] 28417K->15551K(55552K), 0.0010170 secs] [Times: user=0.00 sys=0.00, real=0.00 secs] 
34.300: Total time for which application threads were stopped: 0.0011350 seconds, Stopping threads took: 0.0000570 seconds
34.336: Application time: 0.0363240 seconds
34.336: [GC34.336: [ParNew: 15964K->1034K(16640K), 0.0004950 secs] 29968K->15037K(55552K), 0.0005270 secs] [Times: user=0.00 sys=0.00, real=0.00 secs] 
34.337: Total time for which application threads were stopped: 0.0006590 seconds, Stopping threads took: 0.0000780 seconds
34.374: Application time: 0.0373440 seconds
34.374: [GC34.374: [ParNew: 15444K->1036K(16640K), 0.0005290 secs] 29447K->15039K(55552K), 0.0005620 secs] [Times: user=0.01 sys=0.00, real=0.00 secs] 
34.375: Total time for which application threads were stopped: 0.0007090 seconds, Stopping threads took: 0.0000860 seconds
34.409: Application time: 0.0335400 seconds
34.409: [GC34.409: [ParNew: 15442K->1548K(16640K), 0.0007830 secs] 29445K->16063K(55552K), 0.0008170 secs] [Times: user=0.01 sys=0.00, real=0.00 secs] 
34.410: Total time for which application threads were stopped: 0.0009410 seconds, Stopping threads took: 0.0000610 seconds
34.448: Application time: 0.0384510 seconds
34.448: [GC34.448: [ParNew: 15964K->522K(16640K), 0.0003690 secs] 30479K->15037K(55552K), 0.0004000 secs] [Times: user=0.00 sys=0.00, real=0.00 secs] 
34.448: Total time for which application threads were stopped: 0.0005260 seconds, Stopping threads took: 0.0000700 seconds
34.481: Application time: 0.0328660 seconds
34.481: [GC34.481: [ParNew: 14923K->1550K(16640K), 0.0009340 secs] 29439K->17089K(55552K), 0.0009770 secs] [Times: user=0.00 sys=0.00, real=0.00 secs] 
34.482: Total time for which application threads were stopped: 0.0011070 seconds, Stopping threads took: 0.0000700 seconds
34.521: Application time: 0.0381780 seconds
34.521: [GC34.521: [ParNew: 15968K->522K(16640K), 0.0004030 secs] 31508K->16061K(55552K), 0.0004340 secs] [Times: user=0.00 sys=0.00, real=0.00 secs] 
34.521: Total time for which application threads were stopped: 0.0005570 seconds, Stopping threads took: 0.0000660 seconds
34.559: Application time: 0.0379910 seconds
34.559: [GC34.559: [ParNew: 14927K->1544K(16640K), 0.0006660 secs] 30467K->17083K(55552K), 0.0007010 secs] [Times: user=0.00 sys=0.00, real=0.00 secs] 
34.560: Total time for which application threads were stopped: 0.0008260 seconds, Stopping threads took: 0.0000650 seconds
34.594: Application time: 0.0342040 seconds
34.594: [GC34.594: [ParNew: 15952K->1550K(16640K), 0.0008230 secs] 31491K->17601K(55552K), 0.0008540 secs] [Times: user=0.00 sys=0.00, real=0.00 secs] 
34.595: Total time for which application threads were stopped: 0.0009780 seconds, Stopping threads took: 0.0000640 seconds
34.632: Application time: 0.0363740 seconds
34.632: [GC34.632: [ParNew: 15962K->1544K(16640K), 0.0006690 secs] 32013K->17595K(55552K), 0.0007010 secs] [Times: user=0.01 sys=0.00, real=0.00 secs] 
34.632: Total time for which application threads were stopped: 0.0008270 seconds, Stopping threads took: 0.0000620 seconds
34.668: Application time: 0.0352530 seconds
34.668: [GC34.668: [ParNew: 15952K->1546K(16640K), 0.0008400 secs] 32003K->18109K(55552K), 0.0008740 secs] [Times: user=0.01 sys=0.00, real=0.01 secs] 
34.669: Total time for which application threads were stopped: 0.0009930 seconds, Stopping threads took: 0.0000620 seconds
34.704: Application time: 0.0354390 seconds
34.704: [GC34.704: [ParNew: 16198K->1636K(16640K), 0.0006890 secs] 32762K->18199K(55552K), 0.0007210 secs] [Times: user=0.00 sys=0.00, real=0.00 secs] 
34.705: Total time for which application threads were stopped: 0.0008510 seconds, Stopping threads took: 0.0000710 seconds
34.741: Application time: 0.0355660 seconds
34.741: [GC34.741: [ParNew: 16124K->1578K(16640K), 0.0007060 secs] 32688K->18227K(55552K), 0.0007350 secs] [Times: user=0.00 sys=0.00, real=0.00 secs] 
34.741: Total time for which application threads were stopped: 0.0008630 seconds, Stopping threads took: 0.0000730 seconds
34.777: Application time: 0.0353920 seconds
34.777: [GC34.777: [ParNew: 16146K->1608K(16640K), 0.0008520 secs] 32796K->18798K(55552K), 0.0008870 secs] [Times: user=0.00 sys=0.00, real=0.00 secs] 
34.778: Total time for which application threads were stopped: 0.0010310 seconds, Stopping threads took: 0.0000860 seconds
34.814: Application time: 0.0363510 seconds
34.814: [GC34.814: [ParNew: 16181K->1606K(16640K), 0.0007170 secs] 33370K->18853K(55552K), 0.0007490 secs] [Times: user=0.01 sys=0.00, real=0.00 secs] 
34.815: Total time for which application threads were stopped: 0.0008660 seconds, Stopping threads took: 0.0000610 seconds
34.850: Application time: 0.0345920 seconds
34.850: [GC34.850: [ParNew: 16014K->1548K(16640K), 0.0008870 secs] 33261K->19363K(55552K), 0.0009240 secs] [Times: user=0.01 sys=0.00, real=0.00 secs] 
34.851: Total time for which application threads were stopped: 0.0010520 seconds, Stopping threads took: 0.0000660 seconds
34.888: Application time: 0.0371580 seconds
34.888: [GC34.888: [ParNew: 15960K->1546K(16640K), 0.0008180 secs] 33776K->19361K(55552K), 0.0008480 secs] [Times: user=0.00 sys=0.00, real=0.01 secs] 
34.889: Total time for which application threads were stopped: 0.0009600 seconds, Stopping threads took: 0.0000580 seconds
34.924: Application time: 0.0347690 seconds
34.924: [GC34.924: [ParNew: 15954K->1548K(16640K), 0.0008070 secs] 33769K->19875K(55552K), 0.0008510 secs] [Times: user=0.01 sys=0.00, real=0.00 secs] 
34.925: Total time for which application threads were stopped: 0.0009930 seconds, Stopping threads took: 0.0000740 seconds
34.962: Application time: 0.0378480 seconds
34.963: [GC34.963: [ParNew: 15964K->522K(16640K), 0.0003540 secs] 34292K->18849K(55552K), 0.0003860 secs] [Times: user=0.00 sys=0.00, real=0.00 secs] 
34.963: Total time for which application threads were stopped: 0.0005270 seconds, Stopping threads took: 0.0000830 seconds
34.996: Application time: 0.0326810 seconds
34.996: [GC34.996: [ParNew: 14925K->1550K(16640K), 0.0007990 secs] 33253K->20390K(55552K), 0.0008310 secs] [Times: user=0.01 sys=0.00, real=0.00 secs] 
34.997: Total time for which application threads were stopped: 0.0009570 seconds, Stopping threads took: 0.0000700 seconds
35.035: Application time: 0.0380120 seconds
35.035: [GC35.035: [ParNew: 15966K->522K(16640K), 0.0004380 secs] 34806K->19361K(55552K), 0.0004730 secs] [Times: user=0.00 sys=0.00, real=0.00 secs] 
35.035: Total time for which application threads were stopped: 0.0005920 seconds, Stopping threads took: 0.0000630 seconds
35.070: Application time: 0.0349710 seconds
35.070: [GC35.070: [ParNew: 14925K->1548K(16640K), 0.0009100 secs] 33765K->20900K(55552K), 0.0009420 secs] [Times: user=0.00 sys=0.00, real=0.00 secs] 
35.071: Total time for which application threads were stopped: 0.0010590 seconds, Stopping threads took: 0.0000610 seconds
35.107: Application time: 0.0355700 seconds
35.107: [GC35.107: [ParNew: 15958K->1548K(16640K), 0.0008090 secs] 35310K->21412K(55552K), 0.0008450 secs] [Times: user=0.00 sys=0.00, real=0.00 secs] 
35.108: Total time for which application threads were stopped: 0.0009730 seconds, Stopping threads took: 0.0000660 seconds
35.144: Application time: 0.0361920 seconds
35.144: [GC35.144: [ParNew: 15960K->1548K(16640K), 0.0007010 secs] 35824K->21412K(55552K), 0.0007340 secs] [Times: user=0.01 sys=0.00, real=0.00 secs] 
35.145: Total time for which application threads were stopped: 0.0008680 seconds, Stopping threads took: 0.0000700 seconds
35.179: Application time: 0.0343510 seconds
35.179: [GC35.179: [ParNew: 15954K->1546K(16640K), 0.0009790 secs] 35817K->22434K(55552K), 0.0010130 secs] [Times: user=0.01 sys=0.00, real=0.00 secs] 
35.180: Total time for which application threads were stopped: 0.0011660 seconds, Stopping threads took: 0.0000890 seconds
35.218: Application time: 0.0373750 seconds
35.218: [GC35.218: [ParNew: 15960K->1546K(16640K), 0.0006370 secs] 36848K->22434K(55552K), 0.0006700 secs] [Times: user=0.00 sys=0.00, real=0.00 secs] 
35.219: Total time for which application threads were stopped: 0.0007970 seconds, Stopping threads took: 0.0000660 seconds
35.252: Application time: 0.0334030 seconds
35.252: [GC35.252: [ParNew: 15950K->1548K(16640K), 0.0011600 secs] 36837K->23972K(55552K), 0.0011950 secs] [Times: user=0.01 sys=0.00, real=0.00 secs] 
35.253: Total time for which application threads were stopped: 0.0013210 seconds, Stopping threads took: 0.0000620 seconds
35.292: Application time: 0.0385510 seconds
35.292: [GC35.292: [ParNew: 15964K->1546K(16640K), 0.0006800 secs] 38388K->23970K(55552K), 0.0007170 secs] [Times: user=0.01 sys=0.00, real=0.00 secs] 
35.293: Total time for which application threads were stopped: 0.0008660 seconds, Stopping threads took: 0.0000900 seconds
35.326: Application time: 0.0331520 seconds
35.326: [GC35.326: [ParNew: 15950K->1548K(16640K), 0.0011180 secs] 38373K->25508K(55552K), 0.0011500 secs] [Times: user=0.00 sys=0.00, real=0.00 secs] 
35.327: Total time for which application threads were stopped: 0.0012760 seconds, Stopping threads took: 0.0000680 seconds
35.366: Application time: 0.0390820 seconds
35.366: [GC35.366: [ParNew: 16205K->1122K(16640K), 0.0005990 secs] 40165K->25082K(55552K), 0.0006310 secs] [Times: user=0.00 sys=0.00, real=0.00 secs] 
35.367: Total time for which application threads were stopped: 0.0007430 seconds, Stopping threads took: 0.0000560 seconds
35.400: Application time: 0.0326380 seconds
35.400: [GC35.400: [ParNew: 15604K->1580K(16640K), 0.0011070 secs] 39564K->26649K(55552K), 0.0011420 secs] [Times: user=0.01 sys=0.00, real=0.01 secs] 
35.401: Total time for which application threads were stopped: 0.0012750 seconds, Stopping threads took: 0.0000620 seconds
35.439: Application time: 0.0385870 seconds
35.440: [GC35.440: [ParNew: 16074K->1576K(16640K), 0.0006910 secs] 41144K->26674K(55552K), 0.0007240 secs] [Times: user=0.01 sys=0.00, real=0.00 secs] 
35.440: Total time for which application threads were stopped: 0.0008410 seconds, Stopping threads took: 0.0000600 seconds
35.474: Application time: 0.0340340 seconds
35.474: [GC35.474: [ParNew: 16220K->1636K(16640K), 0.0008500 secs] 41319K->27274K(55552K), 0.0008830 secs] [Times: user=0.01 sys=0.00, real=0.00 secs] 
35.475: Total time for which application threads were stopped: 0.0010120 seconds, Stopping threads took: 0.0000690 seconds
35.513: Application time: 0.0380120 seconds
35.513: [GC35.513: [ParNew: 16050K->1034K(16640K), 0.0005470 secs] 41689K->26758K(55552K), 0.0005780 secs] [Times: user=0.01 sys=0.00, real=0.00 secs] 
35.514: Total time for which application threads were stopped: 0.0006910 seconds, Stopping threads took: 0.0000570 seconds
35.550: Application time: 0.0354450 seconds
35.550: [GC35.550: [ParNew: 15442K->1546K(16640K), 0.0022550 secs] 41166K->27270K(55552K), 0.0022920 secs] [Times: user=0.00 sys=0.00, real=0.00 secs] 
35.552: Total time for which application threads were stopped: 0.0024320 seconds, Stopping threads took: 0.0000790 seconds
35.587: Application time: 0.0348230 seconds
35.587: [GC35.587: [ParNew: 15954K->1544K(16640K), 0.0008350 secs] 41678K->27780K(55552K), 0.0008670 secs] [Times: user=0.01 sys=0.00, real=0.00 secs] 
35.588: Total time for which application threads were stopped: 0.0009860 seconds, Stopping threads took: 0.0000640 seconds
35.624: Application time: 0.0366150 seconds
35.624: [GC35.625: [ParNew: 15956K->1546K(16640K), 0.0006470 secs] 42192K->27782K(55552K), 0.0006800 secs] [Times: user=0.00 sys=0.00, real=0.00 secs] 
35.625: Total time for which application threads were stopped: 0.0008090 seconds, Stopping threads took: 0.0000740 seconds
35.659: Application time: 0.0340790 seconds
35.659: [GC35.659: [ParNew: 15954K->1546K(16640K), 0.0008600 secs] 42190K->28294K(55552K), 0.0008910 secs] [Times: user=0.00 sys=0.00, real=0.00 secs] 
35.660: Total time for which application threads were stopped: 0.0010210 seconds, Stopping threads took: 0.0000650 seconds
35.698: Application time: 0.0377020 seconds
35.698: [GC35.698: [ParNew: 15958K->1546K(16640K), 0.0007350 secs] 42706K->28294K(55552K), 0.0007680 secs] [Times: user=0.01 sys=0.00, real=0.00 secs] 
35.699: Total time for which application threads were stopped: 0.0008850 seconds, Stopping threads took: 0.0000590 seconds
35.733: Application time: 0.0339820 seconds
35.733: [GC35.733: [ParNew: 15952K->1548K(16640K), 0.0009370 secs] 42700K->29320K(55552K), 0.0009680 secs] [Times: user=0.01 sys=0.00, real=0.00 secs] 
35.734: Total time for which application threads were stopped: 0.0010860 seconds, Stopping threads took: 0.0000620 seconds
35.771: Application time: 0.0372360 seconds
35.771: [GC35.771: [ParNew: 15962K->1546K(16640K), 0.0007120 secs] 43734K->29318K(55552K), 0.0007430 secs] [Times: user=0.00 sys=0.00, real=0.00 secs] 
35.772: Total time for which application threads were stopped: 0.0008690 seconds, Stopping threads took: 0.0000690 seconds
35.806: Application time: 0.0339350 seconds
35.806: [GC35.806: [ParNew: 15952K->1546K(16640K), 0.0010040 secs] 43724K->30342K(55552K), 0.0010410 secs] [Times: user=0.01 sys=0.00, real=0.00 secs] 
35.807: Total time for which application threads were stopped: 0.0011900 seconds, Stopping threads took: 0.0000850 seconds
35.845: Application time: 0.0375350 seconds
35.845: [GC35.845: [ParNew: 15960K->1546K(16640K), 0.0006840 secs] 44756K->30342K(55552K), 0.0007170 secs] [Times: user=0.00 sys=0.00, real=0.00 secs] 
35.846: Total time for which application threads were stopped: 0.0008420 seconds, Stopping threads took: 0.0000660 seconds
35.880: Application time: 0.0346740 seconds
35.880: [GC35.880: [ParNew: 15954K->1546K(16640K), 0.0008170 secs] 44750K->30854K(55552K), 0.0008600 secs] [Times: user=0.00 sys=0.00, real=0.01 secs] 
35.881: Total time for which application threads were stopped: 0.0009880 seconds, Stopping threads took: 0.0000680 seconds
35.917: Application time: 0.0359430 seconds
35.917: [GC35.917: [ParNew: 15958K->1546K(16640K), 0.0006740 secs] 45266K->30854K(55552K), 0.0007060 secs] [Times: user=0.00 sys=0.00, real=0.00 secs] 
35.918: Total time for which application threads were stopped: 0.0008480 seconds, Stopping threads took: 0.0000830 seconds
35.953: Application time: 0.0349630 seconds
35.953: [GC35.953: [ParNew: 15950K->1550K(16640K), 0.0011470 secs] 45258K->32394K(55552K), 0.0011800 secs] [Times: user=0.01 sys=0.00, real=0.00 secs] 
35.954: Total time for which application threads were stopped: 0.0012980 seconds, Stopping threads took: 0.0000590 seconds
35.991: Application time: 0.0366880 seconds
35.991: [GC35.991: [ParNew: 15966K->1546K(16640K), 0.0006920 secs] 46810K->32390K(55552K), 0.0007210 secs] [Times: user=0.01 sys=0.00, real=0.00 secs] 
35.992: Total time for which application threads were stopped: 0.0008440 seconds, Stopping threads took: 0.0000670 seconds
36.027: Application time: 0.0355790 seconds
36.028: [GC36.028: [ParNew: 16112K->1606K(16640K), 0.0008230 secs] 46956K->32962K(55552K), 0.0008600 secs] [Times: user=0.01 sys=0.00, real=0.00 secs] 
36.028: Total time for which application threads were stopped: 0.0010540 seconds, Stopping threads took: 0.0001330 seconds
36.065: Application time: 0.0363170 seconds
36.065: [GC36.065: [ParNew: 16176K->1606K(16640K), 0.0009160 secs] 47533K->33531K(55552K), 0.0009480 secs] [Times: user=0.00 sys=0.00, real=0.00 secs] 
36.066: Total time for which application threads were stopped: 0.0010900 seconds, Stopping threads took: 0.0000840 seconds
36.102: Application time: 0.0362670 seconds
36.102: [GC36.102: [ParNew: 16096K->1578K(16640K), 0.0006920 secs] 48022K->33560K(55552K), 0.0007260 secs] [Times: user=0.01 sys=0.00, real=0.00 secs] 
36.103: Total time for which application threads were stopped: 0.0008570 seconds, Stopping threads took: 0.0000710 seconds
36.138: Application time: 0.0353960 seconds
36.139: [GC36.139: [ParNew: 16222K->1632K(16640K), 0.0008860 secs] 48205K->34155K(55552K), 0.0009220 secs] [Times: user=0.00 sys=0.00, real=0.00 secs] 
36.139: Total time for which application threads were stopped: 0.0010580 seconds, Stopping threads took: 0.0000740 seconds
36.175: Application time: 0.0358100 seconds
36.175: [GC36.175: [ParNew: 16042K->1546K(16640K), 0.0009500 secs] 48565K->34666K(55552K), 0.0009850 secs] [Times: user=0.01 sys=0.00, real=0.00 secs] 
36.176: Total time for which application threads were stopped: 0.0011370 seconds, Stopping threads took: 0.0000800 seconds
36.213: Application time: 0.0361010 seconds
36.213: [GC36.213: [ParNew: 15958K->1544K(16640K), 0.0007160 secs] 49078K->34664K(55552K), 0.0007470 secs] [Times: user=0.01 sys=0.00, real=0.00 secs] 
36.213: Total time for which application threads were stopped: 0.0008730 seconds, Stopping threads took: 0.0000690 seconds
36.252: Application time: 0.0385890 seconds
36.252: [GC36.252: [ParNew: 15958K->522K(16640K), 0.0003730 secs] 49078K->33642K(55552K), 0.0004070 secs] [Times: user=0.00 sys=0.00, real=0.00 secs] 
36.253: Total time for which application threads were stopped: 0.0005320 seconds, Stopping threads took: 0.0000660 seconds
36.287: Application time: 0.0349220 seconds
36.288: [GC36.288: [ParNew: 14927K->1546K(16640K), 0.0006730 secs] 48048K->34666K(55552K), 0.0007070 secs] [Times: user=0.00 sys=0.00, real=0.00 secs] 
36.288: Total time for which application threads were stopped: 0.0008360 seconds, Stopping threads took: 0.0000710 seconds
36.323: Application time: 0.0348890 seconds
36.323: [GC36.323: [ParNew: 15952K->1550K(16640K), 0.0010480 secs] 49072K->35694K(55552K), 0.0010810 secs] [Times: user=0.01 sys=0.00, real=0.00 secs] 
36.324: Total time for which application threads were stopped: 0.0011990 seconds, Stopping threads took: 0.0000580 seconds
36.361: Application time: 0.0365990 seconds
36.361: [GC36.361: [ParNew: 15966K->1032K(16640K), 0.0005330 secs] 50110K->35176K(55552K), 0.0005740 secs] [Times: user=0.01 sys=0.00, real=0.00 secs] 
36.362: Total time for which application threads were stopped: 0.0007080 seconds, Stopping threads took: 0.0000750 seconds
36.396: Application time: 0.0346300 seconds
36.396: [GC36.396: [ParNew: 15433K->1550K(16640K), 0.0011140 secs] 49578K->37230K(55552K), 0.0011520 secs] [Times: user=0.01 sys=0.00, real=0.00 secs] 
36.398: Total time for which application threads were stopped: 0.0012930 seconds, Stopping threads took: 0.0000760 seconds
36.398: Application time: 0.0000720 seconds
36.398: [GC [1 CMS-initial-mark: 35680K(38912K)] 37742K(55552K), 0.0001080 secs] [Times: user=0.00 sys=0.00, real=0.00 secs] 
36.398: Total time for which application threads were stopped: 0.0002970 seconds, Stopping threads took: 0.0001660 seconds
36.398: [CMS-concurrent-mark-start]
36.405: [CMS-concurrent-mark: 0.007/0.007 secs] [Times: user=0.05 sys=0.00, real=0.01 secs] 
36.405: [CMS-concurrent-preclean-start]
36.405: [CMS-concurrent-preclean: 0.000/0.000 secs] [Times: user=0.00 sys=0.00, real=0.00 secs] 
36.405: [CMS-concurrent-abortable-preclean-start]
36.435: Application time: 0.0374530 seconds
36.436: [GC36.436: [ParNew: 15964K->1548K(16640K), 0.0008110 secs] 51645K->37740K(55552K), 0.0008450 secs] [Times: user=0.00 sys=0.00, real=0.00 secs] 
36.436: Total time for which application threads were stopped: 0.0009710 seconds, Stopping threads took: 0.0000650 seconds
36.472: Application time: 0.0353810 seconds
36.472: [GC36.472: [ParNew: 15960K->1546K(16640K), 0.0006970 secs] 52152K->37738K(55552K), 0.0007320 secs] [Times: user=0.01 sys=0.00, real=0.00 secs] 
36.473: Total time for which application threads were stopped: 0.0008600 seconds, Stopping threads took: 0.0000700 seconds
36.508: Application time: 0.0352140 seconds
36.508: [GC36.508: [ParNew: 15952K->1548K(16640K), 0.0009500 secs] 52144K->38764K(55552K), 0.0009830 secs] [Times: user=0.01 sys=0.00, real=0.01 secs] 
36.509: Total time for which application threads were stopped: 0.0011190 seconds, Stopping threads took: 0.0000780 seconds
36.548: Application time: 0.0386220 seconds
36.548: [GC36.548: [ParNew: 15964K->1032K(16640K), 0.0005980 secs] 53181K->38248K(55552K), 0.0006300 secs] [Times: user=0.00 sys=0.00, real=0.00 secs] 
36.548: Total time for which application threads were stopped: 0.0007580 seconds, Stopping threads took: 0.0000690 seconds
36.581: Application time: 0.0326750 seconds
36.581: [GC36.581: [ParNew: 15435K->1548K(16640K), 0.0010220 secs] 52652K->39788K(55552K), 0.0010540 secs] [Times: user=0.01 sys=0.00, real=0.00 secs] 
36.582: Total time for which application threads were stopped: 0.0011780 seconds, Stopping threads took: 0.0000630 seconds
36.582: [CMS-concurrent-abortable-preclean: 0.001/0.177 secs] [Times: user=1.40 sys=0.00, real=0.18 secs] 
36.582: Application time: 0.0000760 seconds
36.585: [GC[YG occupancy: 2060 K (16640 K)]36.585: [Rescan (parallel) , 0.0001710 secs]36.585: [weak refs processing, 0.0000060 secs]36.585: [scrub string table, 0.0000830 secs] [1 CMS-remark: 38240K(38912K)] 40300K(55552K), 0.0002830 secs] [Times: user=0.00 sys=0.00, real=0.00 secs] 
36.585: Total time for which application threads were stopped: 0.0025740 seconds, Stopping threads took: 0.0022710 seconds
36.585: [CMS-concurrent-sweep-start]
36.586: [CMS-concurrent-sweep: 0.001/0.001 secs] [Times: user=0.00 sys=0.00, real=0.00 secs] 
36.586: [CMS-concurrent-reset-start]
36.586: [CMS-concurrent-reset: 0.000/0.000 secs] [Times: user=0.00 sys=0.00, real=0.00 secs] 
36.624: Application time: 0.0391860 seconds
36.624: [GC36.624: [ParNew: 15964K->1034K(16640K), 0.0005310 secs] 26556K->11625K(55552K), 0.0005620 secs] [Times: user=0.00 sys=0.00, real=0.00 secs] 
36.625: Total time for which application threads were stopped: 0.0006970 seconds, Stopping threads took: 0.0000770 seconds
36.658: Application time: 0.0337260 seconds
36.659: [GC36.659: [ParNew: 15435K->1548K(16640K), 0.0009820 secs] 26027K->13164K(55552K), 0.0010130 secs] [Times: user=0.01 sys=0.00, real=0.00 secs] 
36.660: Total time for which application threads were stopped: 0.0012040 seconds, Stopping threads took: 0.0001240 seconds
36.697: Application time: 0.0375010 seconds
36.697: [GC36.697: [ParNew: 16042K->1578K(16640K), 0.0006490 secs] 27658K->13194K(55552K), 0.0006820 secs] [Times: user=0.01 sys=0.00, real=0.00 secs] 
36.698: Total time for which application threads were stopped: 0.0008300 seconds, Stopping threads took: 0.0000800 seconds
36.731: Application time: 0.0333910 seconds
36.732: [GC36.732: [ParNew: 16138K->1608K(16640K), 0.0012300 secs] 27754K->14788K(55552K), 0.0012650 secs] [Times: user=0.01 sys=0.00, real=0.00 secs] 
36.733: Total time for which application threads were stopped: 0.0013950 seconds, Stopping threads took: 0.0000690 seconds
36.771: Application time: 0.0377050 seconds
36.771: [GC36.771: [ParNew: 16104K->1578K(16640K), 0.0007340 secs] 29285K->14815K(55552K), 0.0007680 secs] [Times: user=0.01 sys=0.00, real=0.00 secs] 
36.771: Total time for which application threads were stopped: 0.0008890 seconds, Stopping threads took: 0.0000600 seconds
36.805: Application time: 0.0336220 seconds
36.805: [GC36.805: [ParNew: 16218K->1634K(16640K), 0.0010880 secs] 29456K->15924K(55552K), 0.0011230 secs] [Times: user=0.01 sys=0.00, real=0.00 secs] 
36.806: Total time for which application threads were stopped: 0.0012410 seconds, Stopping threads took: 0.0000570 seconds
36.844: Application time: 0.0380160 seconds
36.844: [GC36.844: [ParNew: 16126K->1578K(16640K), 0.0007380 secs] 30416K->15953K(55552K), 0.0007680 secs] [Times: user=0.01 sys=0.00, real=0.00 secs] 
36.845: Total time for which application threads were stopped: 0.0008900 seconds, Stopping threads took: 0.0000660 seconds
36.879: Application time: 0.0336000 seconds
36.879: [GC36.879: [ParNew: 15984K->1548K(16640K), 0.0011050 secs] 30359K->16976K(55552K), 0.0011430 secs] [Times: user=0.01 sys=0.00, real=0.00 secs] 
36.880: Total time for which application threads were stopped: 0.0012700 seconds, Stopping threads took: 0.0000660 seconds
36.917: Application time: 0.0373860 seconds
36.918: [GC36.918: [ParNew: 15962K->1548K(16640K), 0.0006170 secs] 31390K->16976K(55552K), 0.0006530 secs] [Times: user=0.01 sys=0.00, real=0.00 secs] 
36.918: Total time for which application threads were stopped: 0.0007830 seconds, Stopping threads took: 0.0000710 seconds
36.953: Application time: 0.0345960 seconds
36.953: [GC36.953: [ParNew: 15952K->1550K(16640K), 0.0010990 secs] 31380K->18514K(55552K), 0.0011340 secs] [Times: user=0.01 sys=0.00, real=0.00 secs] 
36.954: Total time for which application threads were stopped: 0.0012830 seconds, Stopping threads took: 0.0000890 seconds
36.992: Application time: 0.0375380 seconds
36.992: [GC36.992: [ParNew: 15966K->1548K(16640K), 0.0006700 secs] 32930K->18512K(55552K), 0.0007020 secs] [Times: user=0.00 sys=0.00, real=0.00 secs] 
36.992: Total time for which application threads were stopped: 0.0008260 seconds, Stopping threads took: 0.0000650 seconds
37.027: Application time: 0.0340280 seconds
37.027: [GC37.027: [ParNew: 15952K->1550K(16640K), 0.0010810 secs] 32916K->20050K(55552K), 0.0011180 secs] [Times: user=0.01 sys=0.00, real=0.00 secs] 
37.028: Total time for which application threads were stopped: 0.0012460 seconds, Stopping threads took: 0.0000690 seconds
37.064: Application time: 0.0364910 seconds
37.064: [GC37.064: [ParNew: 15966K->1544K(16640K), 0.0006910 secs] 34466K->20044K(55552K), 0.0007250 secs] [Times: user=0.00 sys=0.00, real=0.00 secs] 
37.065: Total time for which application threads were stopped: 0.0008610 seconds, Stopping threads took: 0.0000760 seconds
37.101: Application time: 0.0353940 seconds
37.101: [GC37.101: [ParNew: 15950K->1548K(16640K), 0.0009580 secs] 34450K->21072K(55552K), 0.0009940 secs] [Times: user=0.00 sys=0.00, real=0.00 secs] 
37.102: Total time for which application threads were stopped: 0.0012480 seconds, Stopping threads took: 0.0001940 seconds
37.138: Application time: 0.0366010 seconds
37.138: [GC37.138: [ParNew: 15962K->1548K(16640K), 0.0006300 secs] 35486K->21072K(55552K), 0.0006710 secs] [Times: user=0.01 sys=0.00, real=0.00 secs] 
37.139: Total time for which application threads were stopped: 0.0007970 seconds, Stopping threads took: 0.0000660 seconds
37.173: Application time: 0.0342440 seconds
37.174: [GC37.174: [ParNew: 15952K->1550K(16640K), 0.0010600 secs] 35476K->22610K(55552K), 0.0010930 secs] [Times: user=0.01 sys=0.00, real=0.00 secs] 
37.175: Total time for which application threads were stopped: 0.0012370 seconds, Stopping threads took: 0.0000850 seconds
37.213: Application time: 0.0380900 seconds
37.213: [GC37.213: [ParNew: 15964K->1548K(16640K), 0.0008470 secs] 37024K->23120K(55552K), 0.0008800 secs] [Times: user=0.01 sys=0.00, real=0.00 secs] 
37.214: Total time for which application threads were stopped: 0.0010240 seconds, Stopping threads took: 0.0000760 seconds
37.250: Application time: 0.0359250 seconds
37.250: [GC37.250: [ParNew: 15960K->1546K(16640K), 0.0006710 secs] 37532K->23118K(55552K), 0.0007030 secs] [Times: user=0.01 sys=0.00, real=0.00 secs] 
37.251: Total time for which application threads were stopped: 0.0008590 seconds, Stopping threads took: 0.0000980 seconds
37.286: Application time: 0.0353910 seconds
37.286: [GC37.286: [ParNew: 15954K->1548K(16640K), 0.0007680 secs] 37526K->23632K(55552K), 0.0008020 secs] [Times: user=0.00 sys=0.00, real=0.00 secs] 
37.287: Total time for which application threads were stopped: 0.0009230 seconds, Stopping threads took: 0.0000630 seconds
37.323: Application time: 0.0358460 seconds
37.323: [GC37.323: [ParNew: 15960K->1546K(16640K), 0.0006660 secs] 38044K->23630K(55552K), 0.0006980 secs] [Times: user=0.01 sys=0.00, real=0.00 secs] 
37.324: Total time for which application threads were stopped: 0.0008750 seconds, Stopping threads took: 0.0001190 seconds
37.360: Application time: 0.0360230 seconds
37.360: [GC37.360: [ParNew: 15956K->1548K(16640K), 0.0006580 secs] 38040K->23632K(55552K), 0.0006920 secs] [Times: user=0.01 sys=0.00, real=0.00 secs] 
37.360: Total time for which application threads were stopped: 0.0008300 seconds, Stopping threads took: 0.0000800 seconds
37.397: Application time: 0.0364250 seconds
37.397: [GC37.397: [ParNew: 16194K->1124K(16640K), 0.0005170 secs] 38279K->23208K(55552K), 0.0005530 secs] [Times: user=0.01 sys=0.00, real=0.00 secs] 
37.398: Total time for which application threads were stopped: 0.0006730 seconds, Stopping threads took: 0.0000620 seconds
37.431: Application time: 0.0338850 seconds
37.432: [GC37.432: [ParNew: 15608K->1578K(16640K), 0.0008620 secs] 37692K->24260K(55552K), 0.0008940 secs] [Times: user=0.00 sys=0.00, real=0.00 secs] 
37.432: Total time for which application threads were stopped: 0.0010270 seconds, Stopping threads took: 0.0000760 seconds
37.470: Application time: 0.0378020 seconds
37.470: [GC37.470: [ParNew: 16233K->1122K(16640K), 0.0006190 secs] 38914K->23832K(55552K), 0.0006520 secs] [Times: user=0.00 sys=0.00, real=0.00 secs] 
37.471: Total time for which application threads were stopped: 0.0007700 seconds, Stopping threads took: 0.0000620 seconds
37.505: Application time: 0.0335900 seconds
37.505: [GC37.505: [ParNew: 15604K->1580K(16640K), 0.0010510 secs] 38314K->25400K(55552K), 0.0010860 secs] [Times: user=0.00 sys=0.00, real=0.00 secs] 
37.506: Total time for which application threads were stopped: 0.0012200 seconds, Stopping threads took: 0.0000710 seconds
37.546: Application time: 0.0397050 seconds
37.546: [GC37.546: [ParNew: 15996K->1034K(16640K), 0.0005900 secs] 39816K->24882K(55552K), 0.0006240 secs] [Times: user=0.00 sys=0.00, real=0.00 secs] 
37.546: Total time for which application threads were stopped: 0.0007520 seconds, Stopping threads took: 0.0000690 seconds
37.580: Application time: 0.0337790 seconds
37.580: [GC37.580: [ParNew: 15433K->1550K(16640K), 0.0012490 secs] 39282K->27446K(55552K), 0.0012850 secs] [Times: user=0.01 sys=0.00, real=0.01 secs] 
37.582: Total time for which application threads were stopped: 0.0014100 seconds, Stopping threads took: 0.0000630 seconds
37.619: Application time: 0.0379680 seconds
37.620: [GC37.620: [ParNew: 15968K->1544K(16640K), 0.0007500 secs] 41865K->27440K(55552K), 0.0007920 secs] [Times: user=0.00 sys=0.00, real=0.00 secs] 
37.620: Total time for which application threads were stopped: 0.0009510 seconds, Stopping threads took: 0.0001020 seconds
37.654: Application time: 0.0340530 seconds
37.655: [GC37.655: [ParNew: 15945K->1550K(16640K), 0.0012660 secs] 41842K->29494K(55552K), 0.0013040 secs] [Times: user=0.01 sys=0.00, real=0.00 secs] 
37.656: Total time for which application threads were stopped: 0.0014450 seconds, Stopping threads took: 0.0000760 seconds
37.695: Application time: 0.0388310 seconds
37.695: [GC37.695: [ParNew: 15968K->1544K(16640K), 0.0006670 secs] 43913K->29488K(55552K), 0.0007010 secs] [Times: user=0.00 sys=0.00, real=0.00 secs] 
37.696: Total time for which application threads were stopped: 0.0008260 seconds, Stopping threads took: 0.0000660 seconds
37.730: Application time: 0.0339330 seconds
37.730: [GC37.730: [ParNew: 15948K->1550K(16640K), 0.0011150 secs] 43892K->31030K(55552K), 0.0011480 secs] [Times: user=0.01 sys=0.00, real=0.00 secs] 
37.731: Total time for which application threads were stopped: 0.0012820 seconds, Stopping threads took: 0.0000660 seconds
37.769: Application time: 0.0382810 seconds
37.769: [GC37.769: [ParNew: 15966K->1546K(16640K), 0.0006690 secs] 45447K->31026K(55552K), 0.0007040 secs] [Times: user=0.01 sys=0.00, real=0.00 secs] 
37.770: Total time for which application threads were stopped: 0.0008430 seconds, Stopping threads took: 0.0000810 seconds
37.803: Application time: 0.0330500 seconds
37.803: [GC37.803: [ParNew: 15950K->1550K(16640K), 0.0011330 secs] 45430K->32566K(55552K), 0.0011670 secs] [Times: user=0.01 sys=0.00, real=0.00 secs] 
37.804: Total time for which application threads were stopped: 0.0012860 seconds, Stopping threads took: 0.0000580 seconds
37.842: Application time: 0.0380480 seconds
37.842: [GC37.842: [ParNew: 15966K->1548K(16640K), 0.0006490 secs] 46983K->32564K(55552K), 0.0006810 secs] [Times: user=0.00 sys=0.00, real=0.00 secs] 
37.843: Total time for which application threads were stopped: 0.0008250 seconds, Stopping threads took: 0.0000860 seconds
37.877: Application time: 0.0334110 seconds
37.877: [GC37.877: [ParNew: 15952K->1550K(16640K), 0.0010720 secs] 46968K->34102K(55552K), 0.0011080 secs] [Times: user=0.01 sys=0.00, real=0.00 secs] 
37.878: Total time for which application threads were stopped: 0.0012430 seconds, Stopping threads took: 0.0000750 seconds
37.878: Application time: 0.0000860 seconds
37.878: [GC [1 CMS-initial-mark: 32552K(38912K)] 34614K(55552K), 0.0001090 secs] [Times: user=0.00 sys=0.00, real=0.00 secs] 
37.878: Total time for which application threads were stopped: 0.0002930 seconds, Stopping threads took: 0.0001620 seconds
37.878: [CMS-concurrent-mark-start]
37.882: [CMS-concurrent-mark: 0.004/0.004 secs] [Times: user=0.02 sys=0.00, real=0.01 secs] 
37.882: [CMS-concurrent-preclean-start]
37.882: [CMS-concurrent-preclean: 0.000/0.000 secs] [Times: user=0.00 sys=0.00, real=0.00 secs] 
37.882: Application time: 0.0041560 seconds
37.882: [GC[YG occupancy: 2078 K (16640 K)]37.882: [Rescan (parallel) , 0.0001700 secs]37.883: [weak refs processing, 0.0000050 secs]37.883: [scrub string table, 0.0001000 secs] [1 CMS-remark: 32552K(38912K)] 34631K(55552K), 0.0003010 secs] [Times: user=0.00 sys=0.00, real=0.00 secs] 
37.883: Total time for which application threads were stopped: 0.0003800 seconds, Stopping threads took: 0.0000580 seconds
37.883: [CMS-concurrent-sweep-start]
37.884: [CMS-concurrent-sweep: 0.001/0.001 secs] [Times: user=0.00 sys=0.00, real=0.00 secs] 
37.884: [CMS-concurrent-reset-start]
37.884: [CMS-concurrent-reset: 0.000/0.000 secs] [Times: user=0.00 sys=0.00, real=0.00 secs] 
37.918: Application time: 0.0352650 seconds
37.918: [GC37.918: [ParNew: 15966K->1544K(16640K), 0.0006400 secs] 23999K->9576K(55552K), 0.0006730 secs] [Times: user=0.00 sys=0.00, real=0.00 secs] 
37.919: Total time for which application threads were stopped: 0.0007880 seconds, Stopping threads took: 0.0000570 seconds
37.954: Application time: 0.0347480 seconds
37.954: [GC37.954: [ParNew: 15952K->1548K(16640K), 0.0008530 secs] 23984K->10093K(55552K), 0.0008950 secs] [Times: user=0.01 sys=0.00, real=0.00 secs] 
37.955: Total time for which application threads were stopped: 0.0010320 seconds, Stopping threads took: 0.0000800 seconds
37.991: Application time: 0.0361070 seconds
37.991: [GC37.991: [ParNew: 15960K->1546K(16640K), 0.0006990 secs] 24505K->10091K(55552K), 0.0007310 secs] [Times: user=0.00 sys=0.00, real=0.00 secs] 
37.992: Total time for which application threads were stopped: 0.0008550 seconds, Stopping threads took: 0.0000660 seconds
38.027: Application time: 0.0358380 seconds
38.028: [GC38.028: [ParNew: 15958K->1032K(16640K), 0.0005710 secs] 24503K->9576K(55552K), 0.0006040 secs] [Times: user=0.00 sys=0.00, real=0.00 secs] 
38.028: Total time for which application threads were stopped: 0.0008310 seconds, Stopping threads took: 0.0001720 seconds
38.063: Application time: 0.0349120 seconds
38.063: [GC38.063: [ParNew: 15672K->1636K(16640K), 0.0007950 secs] 24217K->10693K(55552K), 0.0008300 secs] [Times: user=0.00 sys=0.00, real=0.00 secs] 
38.064: Total time for which application threads were stopped: 0.0009620 seconds, Stopping threads took: 0.0000720 seconds
38.104: Application time: 0.0397740 seconds
38.104: [GC38.104: [ParNew: 16130K->1066K(16640K), 0.0005870 secs] 25187K->10208K(55552K), 0.0006210 secs] [Times: user=0.01 sys=0.00, real=0.00 secs] 
38.105: Total time for which application threads were stopped: 0.0007420 seconds, Stopping threads took: 0.0000650 seconds
38.136: Application time: 0.0315430 seconds
38.136: [GC38.136: [ParNew: 15546K->1578K(16640K), 0.0011410 secs] 24688K->12285K(55552K), 0.0011780 secs] [Times: user=0.01 sys=0.00, real=0.00 secs] 
38.137: Total time for which application threads were stopped: 0.0013030 seconds, Stopping threads took: 0.0000610 seconds
38.177: Application time: 0.0392770 seconds
38.177: [GC38.177: [ParNew: 16237K->1122K(16640K), 0.0006190 secs] 26944K->11857K(55552K), 0.0006520 secs] [Times: user=0.01 sys=0.00, real=0.00 secs] 
38.178: Total time for which application threads were stopped: 0.0007660 seconds, Stopping threads took: 0.0000590 seconds
38.210: Application time: 0.0325750 seconds
38.210: [GC38.210: [ParNew: 15526K->1548K(16640K), 0.0010530 secs] 26261K->13393K(55552K), 0.0010870 secs] [Times: user=0.00 sys=0.00, real=0.00 secs] 
38.211: Total time for which application threads were stopped: 0.0012220 seconds, Stopping threads took: 0.0000750 seconds
38.249: Application time: 0.0381570 seconds
38.250: [GC38.250: [ParNew: 15964K->1034K(16640K), 0.0006570 secs] 27809K->12879K(55552K), 0.0006890 secs] [Times: user=0.00 sys=0.00, real=0.00 secs] 
38.250: Total time for which application threads were stopped: 0.0008140 seconds, Stopping threads took: 0.0000620 seconds
38.284: Application time: 0.0333460 seconds
38.284: [GC38.284: [ParNew: 15440K->1546K(16640K), 0.0008650 secs] 27285K->13903K(55552K), 0.0009000 secs] [Times: user=0.01 sys=0.00, real=0.00 secs] 
38.285: Total time for which application threads were stopped: 0.0010250 seconds, Stopping threads took: 0.0000670 seconds
38.322: Application time: 0.0375070 seconds
38.322: [GC38.322: [ParNew: 15960K->1034K(16640K), 0.0004910 secs] 28317K->13391K(55552K), 0.0005210 secs] [Times: user=0.00 sys=0.00, real=0.00 secs] 
38.323: Total time for which application threads were stopped: 0.0006320 seconds, Stopping threads took: 0.0000570 seconds
38.357: Application time: 0.0343560 seconds
38.357: [GC38.357: [ParNew: 15440K->1546K(16640K), 0.0008640 secs] 27797K->14415K(55552K), 0.0009000 secs] [Times: user=0.01 sys=0.00, real=0.00 secs] 
38.358: Total time for which application threads were stopped: 0.0010340 seconds, Stopping threads took: 0.0000740 seconds
38.394: Application time: 0.0357880 seconds
38.394: [GC38.394: [ParNew: 15956K->1548K(16640K), 0.0008290 secs] 28825K->14929K(55552K), 0.0008630 secs] [Times: user=0.01 sys=0.00, real=0.00 secs] 
38.395: Total time for which application threads were stopped: 0.0010040 seconds, Stopping threads took: 0.0000820 seconds
38.432: Application time: 0.0369490 seconds
38.432: [GC38.432: [ParNew: 15958K->1548K(16640K), 0.0008240 secs] 29339K->15441K(55552K), 0.0008700 secs] [Times: user=0.01 sys=0.00, real=0.00 secs] 
38.433: Total time for which application threads were stopped: 0.0010010 seconds, Stopping threads took: 0.0000710 seconds
38.470: Application time: 0.0371940 seconds
38.470: [GC38.470: [ParNew: 15962K->1034K(16640K), 0.0005010 secs] 29855K->14927K(55552K), 0.0005330 secs] [Times: user=0.00 sys=0.00, real=0.00 secs] 
38.471: Total time for which application threads were stopped: 0.0006560 seconds, Stopping threads took: 0.0000660 seconds
38.504: Application time: 0.0336540 seconds
38.505: [GC38.505: [ParNew: 15437K->1546K(16640K), 0.0010020 secs] 29331K->16463K(55552K), 0.0010390 secs] [Times: user=0.00 sys=0.00, real=0.00 secs] 
38.506: Total time for which application threads were stopped: 0.0011710 seconds, Stopping threads took: 0.0000640 seconds
38.546: Application time: 0.0400110 seconds
38.546: [GC38.546: [ParNew: 15962K->1034K(16640K), 0.0005770 secs] 30879K->15951K(55552K), 0.0006100 secs] [Times: user=0.01 sys=0.00, real=0.00 secs] 
38.546: Total time for which application threads were stopped: 0.0007260 seconds, Stopping threads took: 0.0000580 seconds
38.579: Application time: 0.0325810 seconds
38.579: [GC38.579: [ParNew: 15440K->1548K(16640K), 0.0007780 secs] 30357K->16977K(55552K), 0.0008120 secs] [Times: user=0.00 sys=0.00, real=0.00 secs] 
38.580: Total time for which application threads were stopped: 0.0010570 seconds, Stopping threads took: 0.0001870 seconds
38.618: Application time: 0.0383680 seconds
38.618: [GC38.618: [ParNew: 15962K->1034K(16640K), 0.0005800 secs] 31391K->16463K(55552K), 0.0006100 secs] [Times: user=0.00 sys=0.00, real=0.00 secs] 
38.619: Total time for which application threads were stopped: 0.0007180 seconds, Stopping threads took: 0.0000530 seconds
38.653: Application time: 0.0338260 seconds
38.653: [GC38.653: [ParNew: 15440K->1546K(16640K), 0.0008280 secs] 30869K->17487K(55552K), 0.0008630 secs] [Times: user=0.01 sys=0.00, real=0.00 secs] 
38.654: Total time for which application threads were stopped: 0.0009860 seconds, Stopping threads took: 0.0000630 seconds
38.691: Application time: 0.0369160 seconds
38.691: [GC38.691: [ParNew: 15958K->1546K(16640K), 0.0006530 secs] 31899K->17487K(55552K), 0.0006820 secs] [Times: user=0.01 sys=0.00, real=0.00 secs] 
38.692: Total time for which application threads were stopped: 0.0008020 seconds, Stopping threads took: 0.0000650 seconds
38.727: Application time: 0.0355190 seconds
38.727: [GC38.727: [ParNew: 16112K->1608K(16640K), 0.0008450 secs] 32053K->18061K(55552K), 0.0008800 secs] [Times: user=0.01 sys=0.00, real=0.00 secs] 
38.728: Total time for which application threads were stopped: 0.0010140 seconds, Stopping threads took: 0.0000750 seconds
38.764: Application time: 0.0358310 seconds
38.764: [GC38.764: [ParNew: 16178K->1606K(16640K), 0.0008410 secs] 32632K->18628K(55552K), 0.0008730 secs] [Times: user=0.01 sys=0.00, real=0.00 secs] 
38.765: Total time for which application threads were stopped: 0.0009980 seconds, Stopping threads took: 0.0000600 seconds
38.801: Application time: 0.0362450 seconds
38.801: [GC38.801: [ParNew: 16018K->1546K(16640K), 0.0007700 secs] 33040K->18625K(55552K), 0.0008020 secs] [Times: user=0.00 sys=0.00, real=0.00 secs] 
38.802: Total time for which application threads were stopped: 0.0009270 seconds, Stopping threads took: 0.0000700 seconds
38.837: Application time: 0.0349470 seconds
38.837: [GC38.837: [ParNew: 16190K->1634K(16640K), 0.0009450 secs] 33270K->19225K(55552K), 0.0009770 secs] [Times: user=0.00 sys=0.00, real=0.00 secs] 
38.838: Total time for which application threads were stopped: 0.0010990 seconds, Stopping threads took: 0.0000650 seconds
38.874: Application time: 0.0359760 seconds
38.874: [GC38.874: [ParNew: 16126K->1576K(16640K), 0.0007880 secs] 33718K->19253K(55552K), 0.0008220 secs] [Times: user=0.01 sys=0.00, real=0.00 secs] 
38.875: Total time for which application threads were stopped: 0.0009470 seconds, Stopping threads took: 0.0000660 seconds
38.912: Application time: 0.0366260 seconds
38.912: [GC38.912: [ParNew: 15986K->1546K(16640K), 0.0006710 secs] 33663K->19251K(55552K), 0.0007140 secs] [Times: user=0.01 sys=0.00, real=0.00 secs] 
38.913: Total time for which application threads were stopped: 0.0008370 seconds, Stopping threads took: 0.0000630 seconds
38.947: Application time: 0.0342430 seconds
38.947: [GC38.947: [ParNew: 15952K->1548K(16640K), 0.0009560 secs] 33657K->20277K(55552K), 0.0009880 secs] [Times: user=0.01 sys=0.00, real=0.00 secs] 
38.948: Total time for which application threads were stopped: 0.0011030 seconds, Stopping threads took: 0.0000590 seconds
38.985: Application time: 0.0374280 seconds
38.985: [GC38.986: [ParNew: 15962K->1546K(16640K), 0.0006660 secs] 34691K->20275K(55552K), 0.0006980 secs] [Times: user=0.00 sys=0.00, real=0.00 secs] 
38.986: Total time for which application threads were stopped: 0.0008180 seconds, Stopping threads took: 0.0000620 seconds
39.021: Application time: 0.0346040 seconds
39.021: [GC39.021: [ParNew: 15954K->1546K(16640K), 0.0007900 secs] 34683K->20787K(55552K), 0.0008250 secs] [Times: user=0.00 sys=0.00, real=0.00 secs] 
39.022: Total time for which application threads were stopped: 0.0009640 seconds, Stopping threads took: 0.0000790 seconds
39.057: Application time: 0.0351130 seconds
39.057: [GC39.057: [ParNew: 15956K->1548K(16640K), 0.0008880 secs] 35197K->21301K(55552K), 0.0009210 secs] [Times: user=0.01 sys=0.00, real=0.00 secs] 
39.058: Total time for which application threads were stopped: 0.0010490 seconds, Stopping threads took: 0.0000690 seconds
39.097: Application time: 0.0386690 seconds
39.097: [GC39.097: [ParNew: 15962K->1034K(16640K), 0.0005790 secs] 35715K->20787K(55552K), 0.0006120 secs] [Times: user=0.00 sys=0.00, real=0.00 secs] 
39.097: Total time for which application threads were stopped: 0.0007370 seconds, Stopping threads took: 0.0000680 seconds
39.132: Application time: 0.0346170 seconds
39.132: [GC39.132: [ParNew: 15440K->1546K(16640K), 0.0008160 secs] 35193K->21811K(55552K), 0.0008510 secs] [Times: user=0.00 sys=0.00, real=0.00 secs] 
39.133: Total time for which application threads were stopped: 0.0009720 seconds, Stopping threads took: 0.0000590 seconds
39.169: Application time: 0.0363810 seconds
39.169: [GC39.169: [ParNew: 15960K->1034K(16640K), 0.0005430 secs] 36225K->21299K(55552K), 0.0005770 secs] [Times: user=0.01 sys=0.00, real=0.00 secs] 
39.170: Total time for which application threads were stopped: 0.0006930 seconds, Stopping threads took: 0.0000590 seconds
39.204: Application time: 0.0343920 seconds
39.205: [GC39.205: [ParNew: 15440K->1546K(16640K), 0.0008050 secs] 35705K->22323K(55552K), 0.0008460 secs] [Times: user=0.00 sys=0.00, real=0.00 secs] 
39.205: Total time for which application threads were stopped: 0.0009760 seconds, Stopping threads took: 0.0000700 seconds
39.242: Application time: 0.0362000 seconds
39.242: [GC39.242: [ParNew: 15958K->1548K(16640K), 0.0007160 secs] 36735K->22325K(55552K), 0.0007440 secs] [Times: user=0.01 sys=0.00, real=0.00 secs] 
39.242: Total time for which application threads were stopped: 0.0008560 seconds, Stopping threads took: 0.0000560 seconds
39.277: Application time: 0.0343250 seconds
39.277: [GC39.277: [ParNew: 15954K->1548K(16640K), 0.0009530 secs] 36731K->23349K(55552K), 0.0009840 secs] [Times: user=0.01 sys=0.00, real=0.00 secs] 
39.278: Total time for which application threads were stopped: 0.0011220 seconds, Stopping threads took: 0.0000720 seconds
39.315: Application time: 0.0369830 seconds
39.315: [GC39.315: [ParNew: 15962K->1546K(16640K), 0.0006770 secs] 37763K->23347K(55552K), 0.0007090 secs] [Times: user=0.00 sys=0.00, real=0.00 secs] 
39.316: Total time for which application threads were stopped: 0.0008340 seconds, Stopping threads took: 0.0000670 seconds
39.350: Application time: 0.0342650 seconds
39.350: [GC39.350: [ParNew: 15952K->1546K(16640K), 0.0009790 secs] 37753K->24371K(55552K), 0.0010150 secs] [Times: user=0.01 sys=0.00, real=0.00 secs] 
39.351: Total time for which application threads were stopped: 0.0011500 seconds, Stopping threads took: 0.0000660 seconds
39.388: Application time: 0.0371410 seconds
39.388: [GC39.388: [ParNew: 15960K->1548K(16640K), 0.0006330 secs] 38785K->24373K(55552K), 0.0006710 secs] [Times: user=0.00 sys=0.01, real=0.01 secs] 
39.389: Total time for which application threads were stopped: 0.0008020 seconds, Stopping threads took: 0.0000740 seconds
39.425: Application time: 0.0354490 seconds
39.425: [GC39.425: [ParNew: 16190K->1636K(16640K), 0.0009510 secs] 39016K->25485K(55552K), 0.0009860 secs] [Times: user=0.01 sys=0.00, real=0.00 secs] 
39.426: Total time for which application threads were stopped: 0.0011110 seconds, Stopping threads took: 0.0000640 seconds
39.463: Application time: 0.0376460 seconds
39.463: [GC39.463: [ParNew: 16132K->1066K(16640K), 0.0005910 secs] 39982K->25001K(55552K), 0.0006260 secs] [Times: user=0.00 sys=0.00, real=0.00 secs] 
39.464: Total time for which application threads were stopped: 0.0007430 seconds, Stopping threads took: 0.0000590 seconds
39.499: Application time: 0.0349160 seconds
39.499: [GC39.499: [ParNew: 15708K->1636K(16640K), 0.0008410 secs] 39643K->26111K(55552K), 0.0008760 secs] [Times: user=0.00 sys=0.00, real=0.00 secs] 
39.500: Total time for which application threads were stopped: 0.0010030 seconds, Stopping threads took: 0.0000690 seconds
39.536: Application time: 0.0363130 seconds
39.536: [GC39.536: [ParNew: 16126K->1580K(16640K), 0.0007240 secs] 40602K->26141K(55552K), 0.0007580 secs] [Times: user=0.01 sys=0.00, real=0.00 secs] 
39.537: Total time for which application threads were stopped: 0.0008890 seconds, Stopping threads took: 0.0000730 seconds
39.573: Application time: 0.0360710 seconds
39.573: [GC39.573: [ParNew: 15990K->1548K(16640K), 0.0007200 secs] 40551K->26137K(55552K), 0.0007540 secs] [Times: user=0.01 sys=0.00, real=0.00 secs] 
39.574: Total time for which application threads were stopped: 0.0009390 seconds, Stopping threads took: 0.0001250 seconds
39.610: Application time: 0.0361220 seconds
39.610: [GC39.610: [ParNew: 15958K->1546K(16640K), 0.0006920 secs] 40547K->26135K(55552K), 0.0007290 secs] [Times: user=0.00 sys=0.00, real=0.00 secs] 
39.611: Total time for which application threads were stopped: 0.0008590 seconds, Stopping threads took: 0.0000710 seconds
39.647: Application time: 0.0355700 seconds
39.647: [GC39.647: [ParNew: 15954K->1548K(16640K), 0.0007980 secs] 40543K->26649K(55552K), 0.0008320 secs] [Times: user=0.00 sys=0.00, real=0.00 secs] 
39.648: Total time for which application threads were stopped: 0.0009510 seconds, Stopping threads took: 0.0000570 seconds
39.684: Application time: 0.0365010 seconds
39.684: [GC39.684: [ParNew: 15960K->1546K(16640K), 0.0006580 secs] 41062K->26647K(55552K), 0.0006920 secs] [Times: user=0.01 sys=0.00, real=0.00 secs] 
39.685: Total time for which application threads were stopped: 0.0008090 seconds, Stopping threads took: 0.0000560 seconds
39.722: Application time: 0.0373460 seconds
39.722: [GC39.722: [ParNew: 15960K->1034K(16640K), 0.0005230 secs] 41061K->26135K(55552K), 0.0005510 secs] [Times: user=0.00 sys=0.00, real=0.00 secs] 
39.723: Total time for which application threads were stopped: 0.0006700 seconds, Stopping threads took: 0.0000670 seconds
39.758: Application time: 0.0348720 seconds
39.758: [GC39.758: [ParNew: 15437K->1546K(16640K), 0.0009770 secs] 40539K->27671K(55552K), 0.0010140 secs] [Times: user=0.00 sys=0.00, real=0.00 secs] 
39.759: Total time for which application threads were stopped: 0.0011510 seconds, Stopping threads took: 0.0000730 seconds
39.795: Application time: 0.0360060 seconds
39.795: [GC39.795: [ParNew: 15960K->1544K(16640K), 0.0006380 secs] 42086K->27669K(55552K), 0.0006740 secs] [Times: user=0.00 sys=0.00, real=0.00 secs] 
39.796: Total time for which application threads were stopped: 0.0008030 seconds, Stopping threads took: 0.0000610 seconds
39.831: Application time: 0.0346460 seconds
39.831: [GC39.831: [ParNew: 15952K->1548K(16640K), 0.0008310 secs] 42077K->28185K(55552K), 0.0008730 secs] [Times: user=0.01 sys=0.00, real=0.00 secs] 
39.832: Total time for which application threads were stopped: 0.0009920 seconds, Stopping threads took: 0.0000610 seconds
39.868: Application time: 0.0361330 seconds
39.868: [GC39.868: [ParNew: 15960K->1546K(16640K), 0.0006010 secs] 42598K->28183K(55552K), 0.0006320 secs] [Times: user=0.01 sys=0.00, real=0.00 secs] 
39.868: Total time for which application threads were stopped: 0.0007730 seconds, Stopping threads took: 0.0000820 seconds
39.903: Application time: 0.0349440 seconds
39.903: [GC39.903: [ParNew: 15954K->1548K(16640K), 0.0008120 secs] 42591K->28697K(55552K), 0.0008490 secs] [Times: user=0.00 sys=0.00, real=0.00 secs] 
39.904: Total time for which application threads were stopped: 0.0009810 seconds, Stopping threads took: 0.0000690 seconds
39.940: Application time: 0.0355280 seconds
39.940: [GC39.940: [ParNew: 15958K->1546K(16640K), 0.0008320 secs] 43108K->29207K(55552K), 0.0008630 secs] [Times: user=0.00 sys=0.00, real=0.01 secs] 
39.941: Total time for which application threads were stopped: 0.0009850 seconds, Stopping threads took: 0.0000650 seconds
39.977: Application time: 0.0362560 seconds
39.977: [GC39.977: [ParNew: 15958K->1546K(16640K), 0.0006590 secs] 43620K->29207K(55552K), 0.0006920 secs] [Times: user=0.01 sys=0.00, real=0.00 secs] 
39.978: Total time for which application threads were stopped: 0.0008430 seconds, Stopping threads took: 0.0000940 seconds
40.013: Application time: 0.0346440 seconds
40.013: [GC40.013: [ParNew: 15954K->1546K(16640K), 0.0007960 secs] 43615K->29719K(55552K), 0.0008340 secs] [Times: user=0.01 sys=0.00, real=0.00 secs] 
40.014: Total time for which application threads were stopped: 0.0009590 seconds, Stopping threads took: 0.0000620 seconds
40.051: Application time: 0.0373810 seconds
40.051: [GC40.051: [ParNew: 15958K->1548K(16640K), 0.0007650 secs] 44132K->29721K(55552K), 0.0008000 secs] [Times: user=0.00 sys=0.00, real=0.00 secs] 
40.052: Total time for which application threads were stopped: 0.0009250 seconds, Stopping threads took: 0.0000670 seconds
40.086: Application time: 0.0343480 seconds
40.086: [GC40.086: [ParNew: 16190K->1636K(16640K), 0.0008700 secs] 44364K->30322K(55552K), 0.0009040 secs] [Times: user=0.00 sys=0.00, real=0.00 secs] 
40.087: Total time for which application threads were stopped: 0.0010320 seconds, Stopping threads took: 0.0000680 seconds
40.125: Application time: 0.0377200 seconds
40.125: [GC40.125: [ParNew: 16126K->1578K(16640K), 0.0006820 secs] 44812K->30349K(55552K), 0.0007190 secs] [Times: user=0.01 sys=0.00, real=0.00 secs] 
40.126: Total time for which application threads were stopped: 0.0008270 seconds, Stopping threads took: 0.0000500 seconds
40.160: Application time: 0.0339300 seconds
40.160: [GC40.160: [ParNew: 16144K->1606K(16640K), 0.0009100 secs] 44916K->30918K(55552K), 0.0009490 secs] [Times: user=0.00 sys=0.00, real=0.01 secs] 
40.161: Total time for which application threads were stopped: 0.0010730 seconds, Stopping threads took: 0.0000620 seconds
40.198: Application time: 0.0371140 seconds
40.198: [GC40.198: [ParNew: 16179K->1092K(16640K), 0.0006390 secs] 45491K->30461K(55552K), 0.0006710 secs] [Times: user=0.00 sys=0.00, real=0.00 secs] 
40.199: Total time for which application threads were stopped: 0.0008960 seconds, Stopping threads took: 0.0001670 seconds
40.233: Application time: 0.0343030 seconds
40.233: [GC40.233: [ParNew: 15498K->1548K(16640K), 0.0009230 secs] 44867K->31486K(55552K), 0.0009600 secs] [Times: user=0.00 sys=0.00, real=0.00 secs] 
40.234: Total time for which application threads were stopped: 0.0011650 seconds, Stopping threads took: 0.0001190 seconds
40.272: Application time: 0.0372550 seconds
40.272: [GC40.272: [ParNew: 15962K->1034K(16640K), 0.0005130 secs] 45900K->30972K(55552K), 0.0005470 secs] [Times: user=0.01 sys=0.00, real=0.00 secs] 
40.272: Total time for which application threads were stopped: 0.0006620 seconds, Stopping threads took: 0.0000570 seconds
40.306: Application time: 0.0336620 seconds
40.306: [GC40.306: [ParNew: 15437K->1548K(16640K), 0.0010510 secs] 45375K->32510K(55552K), 0.0010960 secs] [Times: user=0.00 sys=0.00, real=0.00 secs] 
40.307: Total time for which application threads were stopped: 0.0012350 seconds, Stopping threads took: 0.0000660 seconds
40.344: Application time: 0.0373100 seconds
40.345: [GC40.345: [ParNew: 15964K->1030K(16640K), 0.0004860 secs] 46926K->31992K(55552K), 0.0005180 secs] [Times: user=0.00 sys=0.00, real=0.00 secs] 
40.345: Total time for which application threads were stopped: 0.0006440 seconds, Stopping threads took: 0.0000650 seconds
40.380: Application time: 0.0349450 seconds
40.380: [GC40.380: [ParNew: 15438K->1546K(16640K), 0.0006680 secs] 46400K->32508K(55552K), 0.0007060 secs] [Times: user=0.00 sys=0.00, real=0.01 secs] 
40.381: Total time for which application threads were stopped: 0.0008560 seconds, Stopping threads took: 0.0000910 seconds
40.417: Application time: 0.0363590 seconds
40.417: [GC40.417: [ParNew: 15956K->1546K(16640K), 0.0006750 secs] 46918K->32508K(55552K), 0.0007070 secs] [Times: user=0.01 sys=0.00, real=0.00 secs] 
40.418: Total time for which application threads were stopped: 0.0008260 seconds, Stopping threads took: 0.0000600 seconds
40.453: Application time: 0.0346480 seconds
40.453: [GC40.453: [ParNew: 15952K->1546K(16640K), 0.0009960 secs] 46914K->33532K(55552K), 0.0010280 secs] [Times: user=0.01 sys=0.00, real=0.00 secs] 
40.454: Total time for which application threads were stopped: 0.0012020 seconds, Stopping threads took: 0.0001130 seconds
40.491: Application time: 0.0367310 seconds
40.491: [GC40.491: [ParNew: 15958K->1546K(16640K), 0.0007990 secs] 47944K->34044K(55552K), 0.0008360 secs] [Times: user=0.01 sys=0.00, real=0.00 secs] 
40.492: Total time for which application threads were stopped: 0.0009560 seconds, Stopping threads took: 0.0000580 seconds
40.527: Application time: 0.0356750 seconds
40.527: [GC40.527: [ParNew: 15954K->1548K(16640K), 0.0008210 secs] 48452K->34558K(55552K), 0.0008570 secs] [Times: user=0.01 sys=0.00, real=0.00 secs] 
40.528: Total time for which application threads were stopped: 0.0010310 seconds, Stopping threads took: 0.0001120 seconds
40.565: Application time: 0.0362140 seconds
40.565: [GC40.565: [ParNew: 15960K->1546K(16640K), 0.0023540 secs] 48970K->35068K(55552K), 0.0023920 secs] [Times: user=0.01 sys=0.00, real=0.00 secs] 
40.567: Total time for which application threads were stopped: 0.0025440 seconds, Stopping threads took: 0.0000900 seconds
40.606: Application time: 0.0391360 seconds
40.606: [GC40.606: [ParNew: 15960K->1032K(16640K), 0.0005850 secs] 49482K->34554K(55552K), 0.0006140 secs] [Times: user=0.01 sys=0.00, real=0.00 secs] 
40.607: Total time for which application threads were stopped: 0.0007390 seconds, Stopping threads took: 0.0000690 seconds
40.642: Application time: 0.0346210 seconds
40.642: [GC40.642: [ParNew: 15440K->1544K(16640K), 0.0007890 secs] 48962K->35578K(55552K), 0.0008220 secs] [Times: user=0.01 sys=0.00, real=0.00 secs] 
40.643: Total time for which application threads were stopped: 0.0009490 seconds, Stopping threads took: 0.0000720 seconds
40.679: Application time: 0.0361140 seconds
40.679: [GC40.679: [ParNew: 15958K->1034K(16640K), 0.0005180 secs] 49992K->35068K(55552K), 0.0005510 secs] [Times: user=0.00 sys=0.00, real=0.00 secs] 
40.679: Total time for which application threads were stopped: 0.0007310 seconds, Stopping threads took: 0.0001240 seconds
40.715: Application time: 0.0356410 seconds
40.715: [GC40.715: [ParNew: 15442K->1548K(16640K), 0.0006670 secs] 49476K->35582K(55552K), 0.0007030 secs] [Times: user=0.00 sys=0.00, real=0.00 secs] 
40.716: Total time for which application threads were stopped: 0.0008450 seconds, Stopping threads took: 0.0000810 seconds
40.752: Application time: 0.0358490 seconds
40.752: [GC40.752: [ParNew: 16116K->1608K(16640K), 0.0006480 secs] 50150K->35642K(55552K), 0.0006880 secs] [Times: user=0.00 sys=0.00, real=0.00 secs] 
40.753: Total time for which application threads were stopped: 0.0008300 seconds, Stopping threads took: 0.0000830 seconds
40.788: Application time: 0.0358510 seconds
40.789: [GC40.789: [ParNew: 16094K->1578K(16640K), 0.0007390 secs] 50128K->35669K(55552K), 0.0007750 secs] [Times: user=0.00 sys=0.00, real=0.00 secs] 
40.789: Total time for which application threads were stopped: 0.0009490 seconds, Stopping threads took: 0.0001210 seconds
40.826: Application time: 0.0365300 seconds
40.826: [GC40.826: [ParNew: 16142K->1604K(16640K), 0.0007500 secs] 50234K->35723K(55552K), 0.0007860 secs] [Times: user=0.01 sys=0.00, real=0.00 secs] 
40.827: Total time for which application threads were stopped: 0.0009930 seconds, Stopping threads took: 0.0001390 seconds
40.863: Application time: 0.0362140 seconds
40.863: [GC40.863: [ParNew: 16257K->1636K(16640K), 0.0007870 secs] 50376K->35813K(55552K), 0.0008200 secs] [Times: user=0.00 sys=0.00, real=0.00 secs] 
40.864: Total time for which application threads were stopped: 0.0009370 seconds, Stopping threads took: 0.0000610 seconds
40.902: Application time: 0.0377300 seconds
40.902: [GC40.902: [ParNew: 16046K->1546K(16640K), 0.0007110 secs] 50223K->35808K(55552K), 0.0007430 secs] [Times: user=0.00 sys=0.00, real=0.00 secs] 
40.903: Total time for which application threads were stopped: 0.0008920 seconds, Stopping threads took: 0.0000880 seconds
40.938: Application time: 0.0358170 seconds
40.939: [GC40.939: [ParNew: 15952K->1550K(16640K), 0.0009850 secs] 50214K->36836K(55552K), 0.0010210 secs] [Times: user=0.00 sys=0.00, real=0.00 secs] 
40.940: Total time for which application threads were stopped: 0.0011590 seconds, Stopping threads took: 0.0000770 seconds
40.976: Application time: 0.0366840 seconds
40.977: [GC40.977: [ParNew: 15966K->1030K(16640K), 0.0005840 secs] 51252K->36316K(55552K), 0.0006140 secs] [Times: user=0.00 sys=0.00, real=0.00 secs] 
40.977: Total time for which application threads were stopped: 0.0007950 seconds, Stopping threads took: 0.0001270 seconds
41.012: Application time: 0.0350890 seconds
41.012: [GC41.012: [ParNew: 15435K->1548K(16640K), 0.0008650 secs] 50722K->37346K(55552K), 0.0008980 secs] [Times: user=0.00 sys=0.00, real=0.00 secs] 
41.013: Total time for which application threads were stopped: 0.0010440 seconds, Stopping threads took: 0.0000880 seconds
41.050: Application time: 0.0364110 seconds
41.050: [GC41.050: [ParNew: 15962K->1032K(16640K), 0.0005590 secs] 51760K->36830K(55552K), 0.0005890 secs] [Times: user=0.00 sys=0.00, real=0.00 secs] 
41.050: Total time for which application threads were stopped: 0.0007200 seconds, Stopping threads took: 0.0000790 seconds
41.085: Application time: 0.0344870 seconds
41.085: [GC41.085: [ParNew: 15438K->1548K(16640K), 0.0008500 secs] 51236K->37858K(55552K), 0.0008830 secs] [Times: user=0.00 sys=0.00, real=0.00 secs] 
41.086: Total time for which application threads were stopped: 0.0010110 seconds, Stopping threads took: 0.0000670 seconds
41.086: Application time: 0.0000470 seconds
41.086: [GC [1 CMS-initial-mark: 36310K(38912K)] 38370K(55552K), 0.0001020 secs] [Times: user=0.00 sys=0.00, real=0.00 secs] 
41.086: Total time for which application threads were stopped: 0.0002780 seconds, Stopping threads took: 0.0001580 seconds
41.086: [CMS-concurrent-mark-start]
41.090: [CMS-concurrent-mark: 0.004/0.004 secs] [Times: user=0.02 sys=0.00, real=0.01 secs] 
41.090: [CMS-concurrent-preclean-start]
41.090: [CMS-concurrent-preclean: 0.000/0.000 secs] [Times: user=0.00 sys=0.00, real=0.00 secs] 
41.090: Application time: 0.0040510 seconds
41.090: [GC[YG occupancy: 3104 K (16640 K)]41.090: [Rescan (parallel) , 0.0001310 secs]41.091: [weak refs processing, 0.0000050 secs]41.091: [scrub string table, 0.0001100 secs] [1 CMS-remark: 36310K(38912K)] 39414K(55552K), 0.0002720 secs] [Times: user=0.00 sys=0.00, real=0.00 secs] 
41.091: Total time for which application threads were stopped: 0.0003520 seconds, Stopping threads took: 0.0000590 seconds
41.091: [CMS-concurrent-sweep-start]
41.092: [CMS-concurrent-sweep: 0.001/0.001 secs] [Times: user=0.01 sys=0.00, real=0.00 secs] 
41.092: [CMS-concurrent-reset-start]
41.092: [CMS-concurrent-reset: 0.000/0.000 secs] [Times: user=0.00 sys=0.00, real=0.00 secs] 
41.123: Application time: 0.0328420 seconds
41.124: [GC41.124: [ParNew: 15958K->1546K(16640K), 0.0007690 secs] 22969K->9069K(55552K), 0.0008030 secs] [Times: user=0.00 sys=0.01, real=0.00 secs] 
41.124: Total time for which application threads were stopped: 0.0009570 seconds, Stopping threads took: 0.0000930 seconds
41.162: Application time: 0.0374440 seconds
41.162: [GC41.162: [ParNew: 15962K->522K(16640K), 0.0004430 secs] 23486K->8045K(55552K), 0.0004730 secs] [Times: user=0.01 sys=0.00, real=0.00 secs] 
41.162: Total time for which application threads were stopped: 0.0005920 seconds, Stopping threads took: 0.0000630 seconds
41.196: Application time: 0.0334090 seconds
41.196: [GC41.196: [ParNew: 14923K->1548K(16640K), 0.0009630 secs] 22447K->10095K(55552K), 0.0009990 secs] [Times: user=0.01 sys=0.00, real=0.00 secs] 
41.197: Total time for which application threads were stopped: 0.0011380 seconds, Stopping threads took: 0.0000780 seconds
41.235: Application time: 0.0376320 seconds
41.235: [GC41.235: [ParNew: 15964K->1034K(16640K), 0.0005950 secs] 24512K->9581K(55552K), 0.0006270 secs] [Times: user=0.01 sys=0.00, real=0.00 secs] 
41.235: Total time for which application threads were stopped: 0.0007510 seconds, Stopping threads took: 0.0000660 seconds
41.269: Application time: 0.0336150 seconds
41.269: [GC41.269: [ParNew: 15435K->1550K(16640K), 0.0011960 secs] 23983K->11633K(55552K), 0.0012310 secs] [Times: user=0.00 sys=0.00, real=0.00 secs] 
41.270: Total time for which application threads were stopped: 0.0013650 seconds, Stopping threads took: 0.0000740 seconds
41.309: Application time: 0.0382980 seconds
41.309: [GC41.309: [ParNew: 15968K->1034K(16640K), 0.0004920 secs] 26052K->11117K(55552K), 0.0005250 secs] [Times: user=0.00 sys=0.00, real=0.00 secs] 
41.309: Total time for which application threads were stopped: 0.0006500 seconds, Stopping threads took: 0.0000680 seconds
41.343: Application time: 0.0334020 seconds
41.343: [GC41.343: [ParNew: 15435K->1550K(16640K), 0.0010980 secs] 25519K->13169K(55552K), 0.0011330 secs] [Times: user=0.01 sys=0.00, real=0.00 secs] 
41.344: Total time for which application threads were stopped: 0.0012690 seconds, Stopping threads took: 0.0000660 seconds
41.382: Application time: 0.0381290 seconds
41.382: [GC41.382: [ParNew: 15968K->1034K(16640K), 0.0004930 secs] 27588K->12653K(55552K), 0.0005270 secs] [Times: user=0.00 sys=0.00, real=0.00 secs] 
41.383: Total time for which application threads were stopped: 0.0006520 seconds, Stopping threads took: 0.0000660 seconds
41.416: Application time: 0.0336790 seconds
41.417: [GC41.417: [ParNew: 15514K->1576K(16640K), 0.0012020 secs] 27134K->14732K(55552K), 0.0012370 secs] [Times: user=0.01 sys=0.00, real=0.00 secs] 
41.418: Total time for which application threads were stopped: 0.0013770 seconds, Stopping threads took: 0.0000780 seconds
41.456: Application time: 0.0384890 seconds
41.456: [GC41.456: [ParNew: 16150K->1608K(16640K), 0.0006790 secs] 29306K->14792K(55552K), 0.0007160 secs] [Times: user=0.01 sys=0.00, real=0.00 secs] 
41.457: Total time for which application threads were stopped: 0.0008340 seconds, Stopping threads took: 0.0000560 seconds
41.492: Application time: 0.0343170 seconds
41.492: [GC41.492: [ParNew: 16168K->1608K(16640K), 0.0011230 secs] 29353K->16385K(55552K), 0.0011590 secs] [Times: user=0.01 sys=0.00, real=0.00 secs] 
41.493: Total time for which application threads were stopped: 0.0012940 seconds, Stopping threads took: 0.0000760 seconds
41.531: Application time: 0.0379290 seconds
41.531: [GC41.531: [ParNew: 16183K->1608K(16640K), 0.0007100 secs] 30960K->16442K(55552K), 0.0007460 secs] [Times: user=0.00 sys=0.00, real=0.00 secs] 
41.532: Total time for which application threads were stopped: 0.0008830 seconds, Stopping threads took: 0.0000780 seconds
41.565: Application time: 0.0333600 seconds
41.565: [GC41.565: [ParNew: 16090K->1578K(16640K), 0.0011100 secs] 30924K->18005K(55552K), 0.0011460 secs] [Times: user=0.01 sys=0.00, real=0.00 secs] 
41.566: Total time for which application threads were stopped: 0.0012730 seconds, Stopping threads took: 0.0000660 seconds
41.604: Application time: 0.0376370 seconds
41.604: [GC41.604: [ParNew: 15994K->1548K(16640K), 0.0007280 secs] 32422K->18004K(55552K), 0.0007690 secs] [Times: user=0.00 sys=0.00, real=0.00 secs] 
41.605: Total time for which application threads were stopped: 0.0008890 seconds, Stopping threads took: 0.0000630 seconds
41.639: Application time: 0.0344170 seconds
41.639: [GC41.639: [ParNew: 15952K->1548K(16640K), 0.0010910 secs] 32408K->19540K(55552K), 0.0011260 secs] [Times: user=0.01 sys=0.00, real=0.00 secs] 
41.640: Total time for which application threads were stopped: 0.0012580 seconds, Stopping threads took: 0.0000690 seconds
41.678: Application time: 0.0372380 seconds
41.678: [GC41.678: [ParNew: 15964K->1548K(16640K), 0.0007350 secs] 33956K->19540K(55552K), 0.0007690 secs] [Times: user=0.00 sys=0.00, real=0.00 secs] 
41.679: Total time for which application threads were stopped: 0.0009010 seconds, Stopping threads took: 0.0000740 seconds
41.715: Application time: 0.0367430 seconds
41.715: [GC41.715: [ParNew: 15958K->1546K(16640K), 0.0006970 secs] 33950K->19538K(55552K), 0.0007320 secs] [Times: user=0.00 sys=0.00, real=0.00 secs] 
41.716: Total time for which application threads were stopped: 0.0008660 seconds, Stopping threads took: 0.0000740 seconds
41.751: Application time: 0.0345720 seconds
41.751: [GC41.751: [ParNew: 15954K->1548K(16640K), 0.0007760 secs] 33946K->20052K(55552K), 0.0008110 secs] [Times: user=0.01 sys=0.00, real=0.00 secs] 
41.752: Total time for which application threads were stopped: 0.0009420 seconds, Stopping threads took: 0.0000720 seconds
41.790: Application time: 0.0384390 seconds
41.790: [GC41.790: [ParNew: 15966K->10K(16640K), 0.0002690 secs] 34470K->18514K(55552K), 0.0003020 secs] [Times: user=0.00 sys=0.00, real=0.00 secs] 
41.791: Total time for which application threads were stopped: 0.0005250 seconds, Stopping threads took: 0.0001680 seconds
41.824: Application time: 0.0334810 seconds
41.824: [GC41.824: [ParNew: 14411K->1548K(16640K), 0.0008570 secs] 32915K->20564K(55552K), 0.0008890 secs] [Times: user=0.00 sys=0.00, real=0.00 secs] 
41.825: Total time for which application threads were stopped: 0.0010070 seconds, Stopping threads took: 0.0000590 seconds
41.862: Application time: 0.0368990 seconds
41.862: [GC41.862: [ParNew: 15964K->520K(16640K), 0.0004620 secs] 34980K->19536K(55552K), 0.0004950 secs] [Times: user=0.00 sys=0.00, real=0.00 secs] 
41.863: Total time for which application threads were stopped: 0.0006230 seconds, Stopping threads took: 0.0000630 seconds
41.898: Application time: 0.0351740 seconds
41.898: [GC41.898: [ParNew: 14923K->1546K(16640K), 0.0007710 secs] 33940K->21074K(55552K), 0.0008040 secs] [Times: user=0.01 sys=0.00, real=0.00 secs] 
41.899: Total time for which application threads were stopped: 0.0009250 seconds, Stopping threads took: 0.0000600 seconds
41.935: Application time: 0.0366580 seconds
41.936: [GC41.936: [ParNew: 15962K->522K(16640K), 0.0003590 secs] 35490K->20050K(55552K), 0.0003910 secs] [Times: user=0.00 sys=0.00, real=0.00 secs] 
41.936: Total time for which application threads were stopped: 0.0005100 seconds, Stopping threads took: 0.0000620 seconds
41.971: Application time: 0.0349550 seconds
41.971: [GC41.971: [ParNew: 14925K->1546K(16640K), 0.0007950 secs] 34454K->21586K(55552K), 0.0008330 secs] [Times: user=0.01 sys=0.00, real=0.00 secs] 
41.972: Total time for which application threads were stopped: 0.0009580 seconds, Stopping threads took: 0.0000610 seconds
42.008: Application time: 0.0365570 seconds
42.009: [GC42.009: [ParNew: 15962K->522K(16640K), 0.0003830 secs] 36002K->20562K(55552K), 0.0004150 secs] [Times: user=0.00 sys=0.00, real=0.00 secs] 
42.009: Total time for which application threads were stopped: 0.0005360 seconds, Stopping threads took: 0.0000640 seconds
42.043: Application time: 0.0341850 seconds
42.043: [GC42.043: [ParNew: 14925K->1548K(16640K), 0.0008550 secs] 34966K->22100K(55552K), 0.0008900 secs] [Times: user=0.01 sys=0.00, real=0.00 secs] 
42.044: Total time for which application threads were stopped: 0.0010450 seconds, Stopping threads took: 0.0000860 seconds
42.081: Application time: 0.0370280 seconds
42.081: [GC42.081: [ParNew: 16042K->1066K(16640K), 0.0005100 secs] 36594K->21618K(55552K), 0.0005400 secs] [Times: user=0.00 sys=0.00, real=0.00 secs] 
42.082: Total time for which application threads were stopped: 0.0006610 seconds, Stopping threads took: 0.0000660 seconds
42.117: Application time: 0.0355210 seconds
42.118: [GC42.118: [ParNew: 15630K->1606K(16640K), 0.0009110 secs] 36182K->22698K(55552K), 0.0009460 secs] [Times: user=0.01 sys=0.00, real=0.00 secs] 
42.119: Total time for which application threads were stopped: 0.0010840 seconds, Stopping threads took: 0.0000780 seconds
42.156: Application time: 0.0374990 seconds
42.156: [GC42.156: [ParNew: 16178K->1094K(16640K), 0.0006510 secs] 37271K->22243K(55552K), 0.0006840 secs] [Times: user=0.00 sys=0.00, real=0.00 secs] 
42.157: Total time for which application threads were stopped: 0.0008120 seconds, Stopping threads took: 0.0000700 seconds
42.191: Application time: 0.0336620 seconds
42.191: [GC42.191: [ParNew: 15574K->1576K(16640K), 0.0008420 secs] 36724K->23294K(55552K), 0.0008720 secs] [Times: user=0.01 sys=0.00, real=0.00 secs] 
42.192: Total time for which application threads were stopped: 0.0011350 seconds, Stopping threads took: 0.0002020 seconds
42.230: Application time: 0.0379410 seconds
42.230: [GC42.230: [ParNew: 16155K->1092K(16640K), 0.0005740 secs] 37873K->22839K(55552K), 0.0006060 secs] [Times: user=0.01 sys=0.00, real=0.00 secs] 
42.230: Total time for which application threads were stopped: 0.0007260 seconds, Stopping threads took: 0.0000610 seconds
42.264: Application time: 0.0338950 seconds
42.264: [GC42.264: [ParNew: 15496K->1546K(16640K), 0.0010600 secs] 37243K->24374K(55552K), 0.0010980 secs] [Times: user=0.00 sys=0.00, real=0.00 secs] 
42.265: Total time for which application threads were stopped: 0.0012240 seconds, Stopping threads took: 0.0000640 seconds
42.303: Application time: 0.0374000 seconds
42.303: [GC42.303: [ParNew: 15960K->1546K(16640K), 0.0007030 secs] 38788K->24374K(55552K), 0.0007360 secs] [Times: user=0.01 sys=0.00, real=0.00 secs] 
42.304: Total time for which application threads were stopped: 0.0008530 seconds, Stopping threads took: 0.0000590 seconds
42.338: Application time: 0.0342500 seconds
42.338: [GC42.338: [ParNew: 15954K->1548K(16640K), 0.0008130 secs] 38782K->24888K(55552K), 0.0008480 secs] [Times: user=0.01 sys=0.00, real=0.00 secs] 
42.339: Total time for which application threads were stopped: 0.0009780 seconds, Stopping threads took: 0.0000710 seconds
42.376: Application time: 0.0366060 seconds
42.376: [GC42.376: [ParNew: 15960K->1546K(16640K), 0.0007390 secs] 39300K->24886K(55552K), 0.0007740 secs] [Times: user=0.00 sys=0.00, real=0.00 secs] 
42.376: Total time for which application threads were stopped: 0.0009070 seconds, Stopping threads took: 0.0000650 seconds
42.411: Application time: 0.0347520 seconds
42.411: [GC42.411: [ParNew: 15954K->1544K(16640K), 0.0008290 secs] 39294K->25396K(55552K), 0.0008650 secs] [Times: user=0.01 sys=0.00, real=0.00 secs] 
42.412: Total time for which application threads were stopped: 0.0009970 seconds, Stopping threads took: 0.0000720 seconds
42.448: Application time: 0.0356220 seconds
42.448: [GC42.448: [ParNew: 15954K->1546K(16640K), 0.0007100 secs] 39806K->25398K(55552K), 0.0007430 secs] [Times: user=0.00 sys=0.00, real=0.01 secs] 
42.449: Total time for which application threads were stopped: 0.0009000 seconds, Stopping threads took: 0.0001010 seconds
42.487: Application time: 0.0379120 seconds
42.487: [GC42.487: [ParNew: 15962K->522K(16640K), 0.0003960 secs] 39814K->24374K(55552K), 0.0004270 secs] [Times: user=0.00 sys=0.00, real=0.00 secs] 
42.487: Total time for which application threads were stopped: 0.0005430 seconds, Stopping threads took: 0.0000620 seconds
42.521: Application time: 0.0334820 seconds
42.521: [GC42.521: [ParNew: 14923K->1548K(16640K), 0.0010800 secs] 38776K->26424K(55552K), 0.0011150 secs] [Times: user=0.00 sys=0.00, real=0.00 secs] 
42.522: Total time for which application threads were stopped: 0.0012500 seconds, Stopping threads took: 0.0000650 seconds
42.560: Application time: 0.0378470 seconds
42.560: [GC42.560: [ParNew: 15966K->524K(16640K), 0.0004300 secs] 40842K->25400K(55552K), 0.0004630 secs] [Times: user=0.00 sys=0.00, real=0.00 secs] 
42.560: Total time for which application threads were stopped: 0.0005920 seconds, Stopping threads took: 0.0000720 seconds
42.594: Application time: 0.0334450 seconds
42.594: [GC42.594: [ParNew: 14925K->1548K(16640K), 0.0009510 secs] 39802K->27448K(55552K), 0.0009850 secs] [Times: user=0.00 sys=0.00, real=0.00 secs] 
42.595: Total time for which application threads were stopped: 0.0011090 seconds, Stopping threads took: 0.0000700 seconds
42.632: Application time: 0.0372090 seconds
42.632: [GC42.632: [ParNew: 15964K->1034K(16640K), 0.0004850 secs] 41864K->26934K(55552K), 0.0005120 secs] [Times: user=0.01 sys=0.00, real=0.00 secs] 
42.633: Total time for which application threads were stopped: 0.0006310 seconds, Stopping threads took: 0.0000680 seconds
42.667: Application time: 0.0343380 seconds
42.667: [GC42.667: [ParNew: 15440K->1548K(16640K), 0.0007900 secs] 41340K->27960K(55552K), 0.0008210 secs] [Times: user=0.01 sys=0.00, real=0.00 secs] 
42.668: Total time for which application threads were stopped: 0.0009490 seconds, Stopping threads took: 0.0000720 seconds
42.705: Application time: 0.0366710 seconds
42.705: [GC42.705: [ParNew: 15962K->1034K(16640K), 0.0005190 secs] 42374K->27446K(55552K), 0.0005520 secs] [Times: user=0.00 sys=0.00, real=0.00 secs] 
42.705: Total time for which application threads were stopped: 0.0006860 seconds, Stopping threads took: 0.0000790 seconds
42.739: Application time: 0.0338840 seconds
42.739: [GC42.739: [ParNew: 15440K->1546K(16640K), 0.0007680 secs] 41852K->28470K(55552K), 0.0008000 secs] [Times: user=0.00 sys=0.00, real=0.00 secs] 
42.740: Total time for which application threads were stopped: 0.0009390 seconds, Stopping threads took: 0.0000840 seconds
42.778: Application time: 0.0374580 seconds
42.778: [GC42.778: [ParNew: 16199K->1122K(16640K), 0.0005480 secs] 43123K->28046K(55552K), 0.0005800 secs] [Times: user=0.00 sys=0.00, real=0.00 secs] 
42.778: Total time for which application threads were stopped: 0.0007060 seconds, Stopping threads took: 0.0000700 seconds
42.812: Application time: 0.0334810 seconds
42.812: [GC42.812: [ParNew: 15526K->1548K(16640K), 0.0010190 secs] 42450K->29582K(55552K), 0.0010530 secs] [Times: user=0.01 sys=0.00, real=0.00 secs] 
42.813: Total time for which application threads were stopped: 0.0011870 seconds, Stopping threads took: 0.0000770 seconds
42.850: Application time: 0.0369950 seconds
42.850: [GC42.850: [ParNew: 16122K->1606K(16640K), 0.0006620 secs] 44157K->29640K(55552K), 0.0006940 secs] [Times: user=0.01 sys=0.00, real=0.00 secs] 
42.851: Total time for which application threads were stopped: 0.0008110 seconds, Stopping threads took: 0.0000620 seconds
42.885: Application time: 0.0340570 seconds
42.885: [GC42.885: [ParNew: 16168K->1608K(16640K), 0.0010150 secs] 44202K->30723K(55552K), 0.0010460 secs] [Times: user=0.01 sys=0.00, real=0.00 secs] 
42.886: Total time for which application threads were stopped: 0.0011660 seconds, Stopping threads took: 0.0000560 seconds
42.924: Application time: 0.0377670 seconds
42.924: [GC42.924: [ParNew: 16102K->1578K(16640K), 0.0007110 secs] 45217K->30750K(55552K), 0.0007440 secs] [Times: user=0.01 sys=0.00, real=0.00 secs] 
42.925: Total time for which application threads were stopped: 0.0008690 seconds, Stopping threads took: 0.0000670 seconds
42.958: Application time: 0.0336550 seconds
42.959: [GC42.959: [ParNew: 15984K->1548K(16640K), 0.0009760 secs] 45156K->31772K(55552K), 0.0010080 secs] [Times: user=0.00 sys=0.00, real=0.00 secs] 
42.960: Total time for which application threads were stopped: 0.0011400 seconds, Stopping threads took: 0.0000730 seconds
42.997: Application time: 0.0376700 seconds
42.997: [GC42.997: [ParNew: 15962K->1546K(16640K), 0.0006780 secs] 46187K->31770K(55552K), 0.0007170 secs] [Times: user=0.01 sys=0.00, real=0.00 secs] 
42.998: Total time for which application threads were stopped: 0.0008400 seconds, Stopping threads took: 0.0000670 seconds
43.033: Application time: 0.0352810 seconds
43.033: [GC43.034: [ParNew: 15952K->1548K(16640K), 0.0009320 secs] 46176K->32796K(55552K), 0.0009700 secs] [Times: user=0.00 sys=0.00, real=0.00 secs] 
43.034: Total time for which application threads were stopped: 0.0011130 seconds, Stopping threads took: 0.0000810 seconds
43.072: Application time: 0.0370500 seconds
43.072: [GC43.072: [ParNew: 15964K->1034K(16640K), 0.0005700 secs] 47213K->32282K(55552K), 0.0006060 secs] [Times: user=0.00 sys=0.00, real=0.00 secs] 
43.072: Total time for which application threads were stopped: 0.0007260 seconds, Stopping threads took: 0.0000630 seconds
43.108: Application time: 0.0360260 seconds
43.108: [GC43.108: [ParNew: 15444K->1032K(16640K), 0.0005540 secs] 46692K->32280K(55552K), 0.0005850 secs] [Times: user=0.01 sys=0.00, real=0.01 secs] 
43.109: Total time for which application threads were stopped: 0.0007040 seconds, Stopping threads took: 0.0000650 seconds
43.144: Application time: 0.0346910 seconds
43.144: [GC43.144: [ParNew: 15438K->1548K(16640K), 0.0008240 secs] 46686K->33308K(55552K), 0.0008590 secs] [Times: user=0.01 sys=0.00, real=0.00 secs] 
43.145: Total time for which application threads were stopped: 0.0009770 seconds, Stopping threads took: 0.0000630 seconds
43.181: Application time: 0.0364980 seconds
43.181: [GC43.181: [ParNew: 15962K->520K(16640K), 0.0004350 secs] 47723K->32280K(55552K), 0.0004670 secs] [Times: user=0.00 sys=0.00, real=0.00 secs] 
43.182: Total time for which application threads were stopped: 0.0006660 seconds, Stopping threads took: 0.0001440 seconds
43.217: Application time: 0.0346830 seconds
43.217: [GC43.217: [ParNew: 14925K->1548K(16640K), 0.0007640 secs] 46686K->33820K(55552K), 0.0007990 secs] [Times: user=0.00 sys=0.00, real=0.00 secs] 
43.217: Total time for which application threads were stopped: 0.0009380 seconds, Stopping threads took: 0.0000810 seconds
43.254: Application time: 0.0366450 seconds
43.254: [GC43.254: [ParNew: 15966K->8K(16640K), 0.0003390 secs] 48239K->32280K(55552K), 0.0003710 secs] [Times: user=0.01 sys=0.00, real=0.00 secs] 
43.255: Total time for which application threads were stopped: 0.0004800 seconds, Stopping threads took: 0.0000520 seconds
43.289: Application time: 0.0342300 seconds
43.289: [GC43.289: [ParNew: 14409K->1546K(16640K), 0.0008370 secs] 46682K->34330K(55552K), 0.0008720 secs] [Times: user=0.01 sys=0.00, real=0.00 secs] 
43.290: Total time for which application threads were stopped: 0.0009910 seconds, Stopping threads took: 0.0000590 seconds
43.326: Application time: 0.0362750 seconds
43.326: [GC43.326: [ParNew: 15960K->1036K(16640K), 0.0005150 secs] 48745K->33820K(55552K), 0.0005480 secs] [Times: user=0.00 sys=0.00, real=0.00 secs] 
43.327: Total time for which application threads were stopped: 0.0007190 seconds, Stopping threads took: 0.0001150 seconds
43.360: Application time: 0.0334510 seconds
43.360: [GC43.360: [ParNew: 15442K->1546K(16640K), 0.0009050 secs] 48226K->34842K(55552K), 0.0009360 secs] [Times: user=0.00 sys=0.00, real=0.01 secs] 
43.361: Total time for which application threads were stopped: 0.0010660 seconds, Stopping threads took: 0.0000720 seconds
43.399: Application time: 0.0371800 seconds
43.399: [GC43.399: [ParNew: 15960K->1032K(16640K), 0.0005220 secs] 49257K->34328K(55552K), 0.0005540 secs] [Times: user=0.00 sys=0.00, real=0.00 secs] 
43.399: Total time for which application threads were stopped: 0.0006770 seconds, Stopping threads took: 0.0000610 seconds
43.433: Application time: 0.0340050 seconds
43.433: [GC43.433: [ParNew: 15518K->1578K(16640K), 0.0007830 secs] 48815K->35387K(55552K), 0.0008170 secs] [Times: user=0.00 sys=0.00, real=0.00 secs] 
43.434: Total time for which application threads were stopped: 0.0009540 seconds, Stopping threads took: 0.0000750 seconds
43.471: Application time: 0.0368120 seconds
43.471: [GC43.471: [ParNew: 16152K->1096K(16640K), 0.0005890 secs] 49961K->34933K(55552K), 0.0006310 secs] [Times: user=0.01 sys=0.00, real=0.00 secs] 
43.472: Total time for which application threads were stopped: 0.0007470 seconds, Stopping threads took: 0.0000560 seconds
43.506: Application time: 0.0344740 seconds
43.506: [GC43.506: [ParNew: 15658K->1608K(16640K), 0.0008860 secs] 49495K->36014K(55552K), 0.0009220 secs] [Times: user=0.01 sys=0.00, real=0.00 secs] 
43.507: Total time for which application threads were stopped: 0.0010630 seconds, Stopping threads took: 0.0000810 seconds
43.544: Application time: 0.0365890 seconds
43.544: [GC43.544: [ParNew: 16178K->1608K(16640K), 0.0007180 secs] 50585K->36071K(55552K), 0.0007530 secs] [Times: user=0.00 sys=0.00, real=0.00 secs] 
43.545: Total time for which application threads were stopped: 0.0008910 seconds, Stopping threads took: 0.0000800 seconds
43.580: Application time: 0.0352320 seconds
43.580: [GC43.580: [ParNew: 16094K->1578K(16640K), 0.0008810 secs] 50558K->36610K(55552K), 0.0009150 secs] [Times: user=0.00 sys=0.00, real=0.01 secs] 
43.581: Total time for which application threads were stopped: 0.0010450 seconds, Stopping threads took: 0.0000710 seconds
43.618: Application time: 0.0370580 seconds
43.618: [GC43.618: [ParNew: 15986K->1548K(16640K), 0.0009420 secs] 51018K->37633K(55552K), 0.0009760 secs] [Times: user=0.01 sys=0.00, real=0.00 secs] 
43.619: Total time for which application threads were stopped: 0.0010960 seconds, Stopping threads took: 0.0000610 seconds
43.619: Application time: 0.0000410 seconds
43.619: [GC [1 CMS-initial-mark: 36085K(38912K)] 38145K(55552K), 0.0001140 secs] [Times: user=0.00 sys=0.00, real=0.00 secs] 
43.620: Total time for which application threads were stopped: 0.0002840 seconds, Stopping threads took: 0.0001500 seconds
43.620: [CMS-concurrent-mark-start]
43.624: [CMS-concurrent-mark: 0.004/0.004 secs] [Times: user=0.01 sys=0.00, real=0.01 secs] 
43.624: [CMS-concurrent-preclean-start]
43.624: [CMS-concurrent-preclean: 0.000/0.000 secs] [Times: user=0.00 sys=0.00, real=0.00 secs] 
43.624: Application time: 0.0042840 seconds
43.624: [GC[YG occupancy: 2586 K (16640 K)]43.624: [Rescan (parallel) , 0.0001050 secs]43.624: [weak refs processing, 0.0000070 secs]43.624: [scrub string table, 0.0001080 secs] [1 CMS-remark: 36085K(38912K)] 38671K(55552K), 0.0002480 secs] [Times: user=0.01 sys=0.00, real=0.00 secs] 
43.624: Total time for which application threads were stopped: 0.0003450 seconds, Stopping threads took: 0.0000720 seconds
43.624: [CMS-concurrent-sweep-start]
43.626: [CMS-concurrent-sweep: 0.001/0.001 secs] [Times: user=0.00 sys=0.00, real=0.00 secs] 
43.626: [CMS-concurrent-reset-start]
43.626: [CMS-concurrent-reset: 0.000/0.000 secs] [Times: user=0.00 sys=0.00, real=0.00 secs] 
43.658: Application time: 0.0339440 seconds
43.658: [GC43.658: [ParNew: 15960K->1546K(16640K), 0.0008950 secs] 23486K->9584K(55552K), 0.0009250 secs] [Times: user=0.01 sys=0.00, real=0.00 secs] 
43.659: Total time for which application threads were stopped: 0.0010940 seconds, Stopping threads took: 0.0001120 seconds
43.696: Application time: 0.0372130 seconds
43.696: [GC43.697: [ParNew: 15960K->1034K(16640K), 0.0005950 secs] 23998K->9072K(55552K), 0.0006270 secs] [Times: user=0.00 sys=0.00, real=0.00 secs] 
43.697: Total time for which application threads were stopped: 0.0007450 seconds, Stopping threads took: 0.0000610 seconds
43.733: Application time: 0.0359570 seconds
43.733: [GC43.733: [ParNew: 15442K->1546K(16640K), 0.0006560 secs] 23479K->9584K(55552K), 0.0006860 secs] [Times: user=0.01 sys=0.00, real=0.00 secs] 
43.734: Total time for which application threads were stopped: 0.0008030 seconds, Stopping threads took: 0.0000590 seconds
43.769: Application time: 0.0353720 seconds
43.769: [GC43.769: [ParNew: 15952K->1550K(16640K), 0.0009630 secs] 23990K->10612K(55552K), 0.0009990 secs] [Times: user=0.01 sys=0.00, real=0.00 secs] 
43.770: Total time for which application threads were stopped: 0.0011530 seconds, Stopping threads took: 0.0000910 seconds
43.807: Application time: 0.0364440 seconds
43.807: [GC43.807: [ParNew: 15964K->1546K(16640K), 0.0006520 secs] 25026K->10608K(55552K), 0.0006950 secs] [Times: user=0.00 sys=0.00, real=0.00 secs] 
43.808: Total time for which application threads were stopped: 0.0008270 seconds, Stopping threads took: 0.0000720 seconds
43.843: Application time: 0.0356410 seconds
43.843: [GC43.843: [ParNew: 15952K->1550K(16640K), 0.0009690 secs] 25014K->11636K(55552K), 0.0010050 secs] [Times: user=0.01 sys=0.00, real=0.00 secs] 
43.844: Total time for which application threads were stopped: 0.0011390 seconds, Stopping threads took: 0.0000740 seconds
43.881: Application time: 0.0367240 seconds
43.881: [GC43.881: [ParNew: 15966K->1032K(16640K), 0.0004860 secs] 26052K->11118K(55552K), 0.0005200 secs] [Times: user=0.00 sys=0.00, real=0.00 secs] 
43.882: Total time for which application threads were stopped: 0.0006570 seconds, Stopping threads took: 0.0000770 seconds
43.915: Application time: 0.0333390 seconds
43.915: [GC43.915: [ParNew: 15436K->1548K(16640K), 0.0010030 secs] 25522K->12658K(55552K), 0.0010390 secs] [Times: user=0.00 sys=0.00, real=0.00 secs] 
43.916: Total time for which application threads were stopped: 0.0012120 seconds, Stopping threads took: 0.0001020 seconds
43.955: Application time: 0.0386880 seconds
43.955: [GC43.955: [ParNew: 15964K->1034K(16640K), 0.0005750 secs] 27074K->12144K(55552K), 0.0006060 secs] [Times: user=0.01 sys=0.00, real=0.00 secs] 
43.956: Total time for which application threads were stopped: 0.0007350 seconds, Stopping threads took: 0.0000730 seconds
43.988: Application time: 0.0323310 seconds
43.988: [GC43.988: [ParNew: 15435K->1552K(16640K), 0.0011910 secs] 26545K->14198K(55552K), 0.0012290 secs] [Times: user=0.00 sys=0.00, real=0.01 secs] 
43.990: Total time for which application threads were stopped: 0.0013570 seconds, Stopping threads took: 0.0000630 seconds
44.028: Application time: 0.0385040 seconds
44.028: [GC44.028: [ParNew: 15970K->1036K(16640K), 0.0005130 secs] 28616K->13682K(55552K), 0.0005450 secs] [Times: user=0.00 sys=0.00, real=0.01 secs] 
44.029: Total time for which application threads were stopped: 0.0006610 seconds, Stopping threads took: 0.0000580 seconds
44.064: Application time: 0.0348990 seconds
44.064: [GC44.064: [ParNew: 15439K->1546K(16640K), 0.0009940 secs] 28086K->15216K(55552K), 0.0010310 secs] [Times: user=0.01 sys=0.00, real=0.00 secs] 
44.065: Total time for which application threads were stopped: 0.0011640 seconds, Stopping threads took: 0.0000720 seconds
44.104: Application time: 0.0387460 seconds
44.104: [GC44.104: [ParNew: 16042K->1064K(16640K), 0.0005090 secs] 29712K->14734K(55552K), 0.0005420 secs] [Times: user=0.00 sys=0.00, real=0.00 secs] 
44.104: Total time for which application threads were stopped: 0.0006490 seconds, Stopping threads took: 0.0000500 seconds
44.137: Application time: 0.0324970 seconds
44.137: [GC44.137: [ParNew: 15624K->1608K(16640K), 0.0009920 secs] 29294K->16330K(55552K), 0.0010280 secs] [Times: user=0.01 sys=0.00, real=0.00 secs] 
44.138: Total time for which application threads were stopped: 0.0011480 seconds, Stopping threads took: 0.0000590 seconds
44.176: Application time: 0.0380930 seconds
44.176: [GC44.176: [ParNew: 16181K->1094K(16640K), 0.0005940 secs] 30903K->15873K(55552K), 0.0006260 secs] [Times: user=0.00 sys=0.00, real=0.00 secs] 
44.177: Total time for which application threads were stopped: 0.0007510 seconds, Stopping threads took: 0.0000680 seconds
44.210: Application time: 0.0335620 seconds
44.210: [GC44.210: [ParNew: 15654K->1608K(16640K), 0.0008330 secs] 30434K->16957K(55552K), 0.0008670 secs] [Times: user=0.00 sys=0.00, real=0.00 secs] 
44.211: Total time for which application threads were stopped: 0.0010330 seconds, Stopping threads took: 0.0001040 seconds
44.249: Application time: 0.0374790 seconds
44.249: [GC44.249: [ParNew: 16024K->1032K(16640K), 0.0006150 secs] 31373K->16437K(55552K), 0.0006480 secs] [Times: user=0.01 sys=0.00, real=0.00 secs] 
44.250: Total time for which application threads were stopped: 0.0007700 seconds, Stopping threads took: 0.0000650 seconds
44.284: Application time: 0.0346380 seconds
44.284: [GC44.284: [ParNew: 15514K->1576K(16640K), 0.0008020 secs] 30919K->17493K(55552K), 0.0008460 secs] [Times: user=0.01 sys=0.00, real=0.00 secs] 
44.285: Total time for which application threads were stopped: 0.0009840 seconds, Stopping threads took: 0.0000780 seconds
44.323: Application time: 0.0381100 seconds
44.323: [GC44.323: [ParNew: 15994K->524K(16640K), 0.0004500 secs] 31912K->16470K(55552K), 0.0004830 secs] [Times: user=0.00 sys=0.00, real=0.00 secs] 
44.324: Total time for which application threads were stopped: 0.0006110 seconds, Stopping threads took: 0.0000710 seconds
44.356: Application time: 0.0321490 seconds
44.356: [GC44.356: [ParNew: 14927K->1550K(16640K), 0.0009490 secs] 30874K->18520K(55552K), 0.0009810 secs] [Times: user=0.01 sys=0.00, real=0.00 secs] 
44.357: Total time for which application threads were stopped: 0.0011190 seconds, Stopping threads took: 0.0000800 seconds
44.397: Application time: 0.0394180 seconds
44.397: [GC44.397: [ParNew: 15968K->522K(16640K), 0.0003650 secs] 32938K->17492K(55552K), 0.0003960 secs] [Times: user=0.01 sys=0.00, real=0.00 secs] 
44.397: Total time for which application threads were stopped: 0.0005170 seconds, Stopping threads took: 0.0000630 seconds
44.429: Application time: 0.0323790 seconds
44.430: [GC44.430: [ParNew: 14923K->1548K(16640K), 0.0009820 secs] 31894K->19542K(55552K), 0.0010190 secs] [Times: user=0.00 sys=0.00, real=0.00 secs] 
44.431: Total time for which application threads were stopped: 0.0011950 seconds, Stopping threads took: 0.0001070 seconds
44.469: Application time: 0.0387870 seconds
44.470: [GC44.470: [ParNew: 15964K->1034K(16640K), 0.0004950 secs] 33958K->19028K(55552K), 0.0005280 secs] [Times: user=0.01 sys=0.00, real=0.00 secs] 
44.470: Total time for which application threads were stopped: 0.0007240 seconds, Stopping threads took: 0.0001380 seconds
44.503: Application time: 0.0327570 seconds
44.503: [GC44.503: [ParNew: 15435K->1548K(16640K), 0.0011070 secs] 33430K->21078K(55552K), 0.0011410 secs] [Times: user=0.01 sys=0.00, real=0.00 secs] 
44.504: Total time for which application threads were stopped: 0.0012770 seconds, Stopping threads took: 0.0000750 seconds
44.543: Application time: 0.0389010 seconds
44.545: [GC44.545: [ParNew: 15964K->1546K(16640K), 0.0007570 secs] 35494K->21076K(55552K), 0.0007930 secs] [Times: user=0.01 sys=0.00, real=0.00 secs] 
44.545: Total time for which application threads were stopped: 0.0023130 seconds, Stopping threads took: 0.0014560 seconds
44.583: Application time: 0.0376640 seconds
44.583: [GC44.583: [ParNew: 15956K->1548K(16640K), 0.0006540 secs] 35486K->21078K(55552K), 0.0006880 secs] [Times: user=0.01 sys=0.00, real=0.00 secs] 
44.584: Total time for which application threads were stopped: 0.0008210 seconds, Stopping threads took: 0.0000750 seconds
44.619: Application time: 0.0351500 seconds
44.619: [GC44.619: [ParNew: 15956K->1546K(16640K), 0.0008210 secs] 35486K->21588K(55552K), 0.0008540 secs] [Times: user=0.00 sys=0.00, real=0.00 secs] 
44.620: Total time for which application threads were stopped: 0.0009870 seconds, Stopping threads took: 0.0000750 seconds
44.656: Application time: 0.0359960 seconds
44.656: [GC44.656: [ParNew: 15958K->1546K(16640K), 0.0007190 secs] 36000K->21588K(55552K), 0.0007510 secs] [Times: user=0.00 sys=0.00, real=0.00 secs] 
44.657: Total time for which application threads were stopped: 0.0008690 seconds, Stopping threads took: 0.0000600 seconds
44.692: Application time: 0.0350190 seconds
44.692: [GC44.692: [ParNew: 15954K->1548K(16640K), 0.0008210 secs] 35996K->22102K(55552K), 0.0008540 secs] [Times: user=0.01 sys=0.00, real=0.00 secs] 
44.693: Total time for which application threads were stopped: 0.0010210 seconds, Stopping threads took: 0.0001080 seconds
44.729: Application time: 0.0362260 seconds
44.729: [GC44.729: [ParNew: 15960K->1034K(16640K), 0.0005240 secs] 36514K->21588K(55552K), 0.0005570 secs] [Times: user=0.00 sys=0.00, real=0.00 secs] 
44.730: Total time for which application threads were stopped: 0.0007090 seconds, Stopping threads took: 0.0000940 seconds
44.765: Application time: 0.0349710 seconds
44.765: [GC44.765: [ParNew: 15518K->1578K(16640K), 0.0009650 secs] 36072K->23156K(55552K), 0.0010090 secs] [Times: user=0.01 sys=0.00, real=0.00 secs] 
44.766: Total time for which application threads were stopped: 0.0011400 seconds, Stopping threads took: 0.0000690 seconds
44.803: Application time: 0.0366530 seconds
44.803: [GC44.803: [ParNew: 16072K->1578K(16640K), 0.0006840 secs] 37651K->23185K(55552K), 0.0007170 secs] [Times: user=0.00 sys=0.00, real=0.00 secs] 
44.804: Total time for which application threads were stopped: 0.0008420 seconds, Stopping threads took: 0.0000670 seconds
44.838: Application time: 0.0345590 seconds
44.838: [GC44.838: [ParNew: 16140K->1606K(16640K), 0.0009830 secs] 37747K->24265K(55552K), 0.0010160 secs] [Times: user=0.01 sys=0.00, real=0.00 secs] 
44.839: Total time for which application threads were stopped: 0.0011450 seconds, Stopping threads took: 0.0000700 seconds
44.877: Application time: 0.0377450 seconds
44.877: [GC44.877: [ParNew: 16102K->1064K(16640K), 0.0005600 secs] 38762K->23780K(55552K), 0.0005940 secs] [Times: user=0.00 sys=0.00, real=0.00 secs] 
44.878: Total time for which application threads were stopped: 0.0007110 seconds, Stopping threads took: 0.0000570 seconds
44.912: Application time: 0.0342000 seconds
44.912: [GC44.912: [ParNew: 15628K->1608K(16640K), 0.0008300 secs] 38345K->24865K(55552K), 0.0008650 secs] [Times: user=0.01 sys=0.00, real=0.00 secs] 
44.913: Total time for which application threads were stopped: 0.0010020 seconds, Stopping threads took: 0.0000780 seconds
44.950: Application time: 0.0366540 seconds
44.950: [GC44.950: [ParNew: 16100K->1578K(16640K), 0.0006940 secs] 39357K->24892K(55552K), 0.0007280 secs] [Times: user=0.01 sys=0.00, real=0.00 secs] 
44.950: Total time for which application threads were stopped: 0.0008680 seconds, Stopping threads took: 0.0000740 seconds
44.985: Application time: 0.0348510 seconds
44.985: [GC44.985: [ParNew: 15986K->1548K(16640K), 0.0007920 secs] 39300K->25402K(55552K), 0.0008220 secs] [Times: user=0.00 sys=0.00, real=0.00 secs] 
44.986: Total time for which application threads were stopped: 0.0010160 seconds, Stopping threads took: 0.0001380 seconds
45.022: Application time: 0.0361840 seconds
45.023: [GC45.023: [ParNew: 15962K->1034K(16640K), 0.0004980 secs] 39816K->24888K(55552K), 0.0005300 secs] [Times: user=0.00 sys=0.00, real=0.00 secs] 
45.023: Total time for which application threads were stopped: 0.0007190 seconds, Stopping threads took: 0.0001330 seconds
45.059: Application time: 0.0353470 seconds
45.059: [GC45.059: [ParNew: 15440K->1548K(16640K), 0.0008390 secs] 39294K->25914K(55552K), 0.0008750 secs] [Times: user=0.00 sys=0.00, real=0.00 secs] 
45.060: Total time for which application threads were stopped: 0.0010050 seconds, Stopping threads took: 0.0000690 seconds
45.097: Application time: 0.0372730 seconds
45.097: [GC45.097: [ParNew: 15962K->1546K(16640K), 0.0006470 secs] 40328K->25912K(55552K), 0.0006780 secs] [Times: user=0.00 sys=0.00, real=0.00 secs] 
45.098: Total time for which application threads were stopped: 0.0007960 seconds, Stopping threads took: 0.0000650 seconds
45.135: Application time: 0.0377120 seconds
45.137: [GC45.137: [ParNew: 15956K->1548K(16640K), 0.0007650 secs] 40322K->25914K(55552K), 0.0007950 secs] [Times: user=0.00 sys=0.00, real=0.00 secs] 
45.137: Total time for which application threads were stopped: 0.0021090 seconds, Stopping threads took: 0.0012600 seconds
45.173: Application time: 0.0360170 seconds
45.174: [GC45.174: [ParNew: 15960K->1544K(16640K), 0.0007580 secs] 40326K->25910K(55552K), 0.0007910 secs] [Times: user=0.00 sys=0.00, real=0.00 secs] 
45.174: Total time for which application threads were stopped: 0.0009040 seconds, Stopping threads took: 0.0000570 seconds
45.210: Application time: 0.0353800 seconds
45.210: [GC45.210: [ParNew: 15952K->1546K(16640K), 0.0008670 secs] 40318K->26424K(55552K), 0.0009000 secs] [Times: user=0.00 sys=0.00, real=0.00 secs] 
45.211: Total time for which application threads were stopped: 0.0010220 seconds, Stopping threads took: 0.0000550 seconds
45.246: Application time: 0.0347290 seconds
45.246: [GC45.246: [ParNew: 15956K->1546K(16640K), 0.0007740 secs] 40834K->26936K(55552K), 0.0008070 secs] [Times: user=0.00 sys=0.00, real=0.00 secs] 
45.246: Total time for which application threads were stopped: 0.0009630 seconds, Stopping threads took: 0.0000980 seconds
45.281: Application time: 0.0349610 seconds
45.282: [GC45.282: [ParNew: 15954K->1550K(16640K), 0.0009780 secs] 41344K->27964K(55552K), 0.0010150 secs] [Times: user=0.01 sys=0.00, real=0.00 secs] 
45.283: Total time for which application threads were stopped: 0.0011370 seconds, Stopping threads took: 0.0000580 seconds
45.319: Application time: 0.0369220 seconds
45.320: [GC45.320: [ParNew: 15964K->1546K(16640K), 0.0006940 secs] 42379K->27960K(55552K), 0.0007290 secs] [Times: user=0.00 sys=0.00, real=0.00 secs] 
45.320: Total time for which application threads were stopped: 0.0008600 seconds, Stopping threads took: 0.0000710 seconds
45.356: Application time: 0.0353910 seconds
45.356: [GC45.356: [ParNew: 15952K->1550K(16640K), 0.0008480 secs] 42366K->28476K(55552K), 0.0008810 secs] [Times: user=0.01 sys=0.00, real=0.00 secs] 
45.357: Total time for which application threads were stopped: 0.0010610 seconds, Stopping threads took: 0.0001260 seconds
45.394: Application time: 0.0372760 seconds
45.395: [GC45.395: [ParNew: 15960K->1548K(16640K), 0.0009940 secs] 42887K->28986K(55552K), 0.0010260 secs] [Times: user=0.01 sys=0.00, real=0.00 secs] 
45.396: Total time for which application threads were stopped: 0.0014620 seconds, Stopping threads took: 0.0003780 seconds
45.435: Application time: 0.0397850 seconds
45.435: [GC45.435: [ParNew: 16040K->1578K(16640K), 0.0007160 secs] 43479K->29016K(55552K), 0.0007490 secs] [Times: user=0.01 sys=0.00, real=0.00 secs] 
45.436: Total time for which application threads were stopped: 0.0008720 seconds, Stopping threads took: 0.0000660 seconds
45.472: Application time: 0.0353330 seconds
45.472: [GC45.472: [ParNew: 16066K->1576K(16640K), 0.0009160 secs] 43505K->29555K(55552K), 0.0009530 secs] [Times: user=0.00 sys=0.01, real=0.00 secs] 
45.473: Total time for which application threads were stopped: 0.0010920 seconds, Stopping threads took: 0.0000700 seconds
45.509: Application time: 0.0359460 seconds
45.509: [GC45.509: [ParNew: 16144K->1608K(16640K), 0.0008720 secs] 44124K->30128K(55552K), 0.0009080 secs] [Times: user=0.01 sys=0.00, real=0.00 secs] 
45.510: Total time for which application threads were stopped: 0.0010710 seconds, Stopping threads took: 0.0001000 seconds
45.547: Application time: 0.0377520 seconds
45.548: [GC45.548: [ParNew: 16104K->552K(16640K), 0.0004430 secs] 44624K->29129K(55552K), 0.0004770 secs] [Times: user=0.00 sys=0.00, real=0.00 secs] 
45.548: Total time for which application threads were stopped: 0.0006100 seconds, Stopping threads took: 0.0000780 seconds
45.582: Application time: 0.0334870 seconds
45.582: [GC45.582: [ParNew: 15110K->1636K(16640K), 0.0009690 secs] 43687K->31237K(55552K), 0.0010040 secs] [Times: user=0.00 sys=0.00, real=0.00 secs] 
45.583: Total time for which application threads were stopped: 0.0011410 seconds, Stopping threads took: 0.0000770 seconds
45.619: Application time: 0.0366580 seconds
45.619: [GC45.619: [ParNew: 16130K->1064K(16640K), 0.0006230 secs] 45731K->30750K(55552K), 0.0006530 secs] [Times: user=0.00 sys=0.00, real=0.00 secs] 
45.620: Total time for which application threads were stopped: 0.0007770 seconds, Stopping threads took: 0.0000670 seconds
45.654: Application time: 0.0340210 seconds
45.654: [GC45.654: [ParNew: 15468K->1546K(16640K), 0.0009560 secs] 45154K->32285K(55552K), 0.0009890 secs] [Times: user=0.01 sys=0.00, real=0.00 secs] 
45.655: Total time for which application threads were stopped: 0.0011160 seconds, Stopping threads took: 0.0000660 seconds
45.693: Application time: 0.0378900 seconds
45.693: [GC45.693: [ParNew: 15960K->1548K(16640K), 0.0007370 secs] 46699K->32287K(55552K), 0.0007810 secs] [Times: user=0.01 sys=0.00, real=0.00 secs] 
45.694: Total time for which application threads were stopped: 0.0009040 seconds, Stopping threads took: 0.0000610 seconds
45.729: Application time: 0.0348120 seconds
45.729: [GC45.729: [ParNew: 15956K->1544K(16640K), 0.0008520 secs] 46695K->32795K(55552K), 0.0008870 secs] [Times: user=0.00 sys=0.00, real=0.00 secs] 
45.730: Total time for which application threads were stopped: 0.0010230 seconds, Stopping threads took: 0.0000760 seconds
45.765: Application time: 0.0347440 seconds
45.765: [GC45.765: [ParNew: 15952K->1548K(16640K), 0.0010380 secs] 47203K->33823K(55552K), 0.0010690 secs] [Times: user=0.01 sys=0.00, real=0.00 secs] 
45.766: Total time for which application threads were stopped: 0.0011890 seconds, Stopping threads took: 0.0000600 seconds
45.803: Application time: 0.0367680 seconds
45.803: [GC45.803: [ParNew: 15962K->1546K(16640K), 0.0007130 secs] 48237K->33821K(55552K), 0.0007460 secs] [Times: user=0.01 sys=0.00, real=0.00 secs] 
45.803: Total time for which application threads were stopped: 0.0008650 seconds, Stopping threads took: 0.0000600 seconds
45.839: Application time: 0.0354110 seconds
45.839: [GC45.839: [ParNew: 15956K->1544K(16640K), 0.0007290 secs] 48231K->33819K(55552K), 0.0007610 secs] [Times: user=0.01 sys=0.00, real=0.00 secs] 
45.840: Total time for which application threads were stopped: 0.0008930 seconds, Stopping threads took: 0.0000720 seconds
45.877: Application time: 0.0375170 seconds
45.877: [GC45.877: [ParNew: 15956K->1036K(16640K), 0.0004930 secs] 48231K->33311K(55552K), 0.0005280 secs] [Times: user=0.00 sys=0.00, real=0.00 secs] 
45.878: Total time for which application threads were stopped: 0.0006400 seconds, Stopping threads took: 0.0000540 seconds
45.913: Application time: 0.0346180 seconds
45.913: [GC45.913: [ParNew: 15442K->1546K(16640K), 0.0007760 secs] 47717K->34333K(55552K), 0.0008100 secs] [Times: user=0.01 sys=0.00, real=0.00 secs] 
45.913: Total time for which application threads were stopped: 0.0009330 seconds, Stopping threads took: 0.0000630 seconds
45.950: Application time: 0.0366050 seconds
45.950: [GC45.950: [ParNew: 15958K->1548K(16640K), 0.0007250 secs] 48745K->34335K(55552K), 0.0007560 secs] [Times: user=0.00 sys=0.00, real=0.00 secs] 
45.951: Total time for which application threads were stopped: 0.0008790 seconds, Stopping threads took: 0.0000680 seconds
45.987: Application time: 0.0357300 seconds
45.987: [GC45.987: [ParNew: 15960K->1034K(16640K), 0.0005580 secs] 48747K->33821K(55552K), 0.0005960 secs] [Times: user=0.00 sys=0.00, real=0.00 secs] 
45.988: Total time for which application threads were stopped: 0.0008200 seconds, Stopping threads took: 0.0001560 seconds
46.023: Application time: 0.0357640 seconds
46.023: [GC46.023: [ParNew: 15442K->1546K(16640K), 0.0007120 secs] 48229K->34333K(55552K), 0.0007420 secs] [Times: user=0.00 sys=0.00, real=0.00 secs] 
46.024: Total time for which application threads were stopped: 0.0008550 seconds, Stopping threads took: 0.0000580 seconds
46.059: Application time: 0.0347030 seconds
46.059: [GC46.059: [ParNew: 15954K->1546K(16640K), 0.0007870 secs] 48741K->34845K(55552K), 0.0008210 secs] [Times: user=0.00 sys=0.00, real=0.00 secs] 
46.060: Total time for which application threads were stopped: 0.0009400 seconds, Stopping threads took: 0.0000600 seconds
46.097: Application time: 0.0372080 seconds
46.097: [GC46.097: [ParNew: 15960K->1032K(16640K), 0.0006250 secs] 49259K->34331K(55552K), 0.0006610 secs] [Times: user=0.01 sys=0.00, real=0.00 secs] 
46.098: Total time for which application threads were stopped: 0.0007880 seconds, Stopping threads took: 0.0000670 seconds
46.130: Application time: 0.0327070 seconds
46.131: [GC46.131: [ParNew: 15594K->1608K(16640K), 0.0008210 secs] 48893K->35419K(55552K), 0.0008570 secs] [Times: user=0.00 sys=0.00, real=0.00 secs] 
46.131: Total time for which application threads were stopped: 0.0009750 seconds, Stopping threads took: 0.0000580 seconds
46.170: Application time: 0.0387840 seconds
46.170: [GC46.170: [ParNew: 16102K->1066K(16640K), 0.0005850 secs] 49913K->34934K(55552K), 0.0006280 secs] [Times: user=0.01 sys=0.00, real=0.00 secs] 
46.171: Total time for which application threads were stopped: 0.0007540 seconds, Stopping threads took: 0.0000700 seconds
46.205: Application time: 0.0339630 seconds
46.205: [GC46.205: [ParNew: 15630K->1608K(16640K), 0.0008070 secs] 49498K->36016K(55552K), 0.0008440 secs] [Times: user=0.00 sys=0.00, real=0.00 secs] 
46.206: Total time for which application threads were stopped: 0.0009760 seconds, Stopping threads took: 0.0000710 seconds
46.243: Application time: 0.0369900 seconds
46.243: [GC46.243: [ParNew: 16180K->1094K(16640K), 0.0006080 secs] 50589K->35559K(55552K), 0.0006400 secs] [Times: user=0.00 sys=0.00, real=0.00 secs] 
46.244: Total time for which application threads were stopped: 0.0007740 seconds, Stopping threads took: 0.0000800 seconds
46.279: Application time: 0.0349250 seconds
46.279: [GC46.279: [ParNew: 15500K->1546K(16640K), 0.0009680 secs] 49965K->36580K(55552K), 0.0010040 secs] [Times: user=0.01 sys=0.00, real=0.00 secs] 
46.280: Total time for which application threads were stopped: 0.0011290 seconds, Stopping threads took: 0.0000600 seconds
46.316: Application time: 0.0364220 seconds
46.316: [GC46.316: [ParNew: 16036K->1576K(16640K), 0.0008800 secs] 51071K->37122K(55552K), 0.0009150 secs] [Times: user=0.01 sys=0.00, real=0.00 secs] 
46.317: Total time for which application threads were stopped: 0.0010480 seconds, Stopping threads took: 0.0000750 seconds
46.353: Application time: 0.0362540 seconds
46.354: [GC46.354: [ParNew: 15988K->1546K(16640K), 0.0006770 secs] 51535K->37121K(55552K), 0.0007120 secs] [Times: user=0.00 sys=0.00, real=0.00 secs] 
46.354: Total time for which application threads were stopped: 0.0009350 seconds, Stopping threads took: 0.0001640 seconds
46.390: Application time: 0.0352690 seconds
46.390: [GC46.390: [ParNew: 15954K->1546K(16640K), 0.0008140 secs] 51529K->37633K(55552K), 0.0008460 secs] [Times: user=0.01 sys=0.00, real=0.00 secs] 
46.391: Total time for which application threads were stopped: 0.0010320 seconds, Stopping threads took: 0.0001300 seconds
46.391: Application time: 0.0000900 seconds
46.391: [GC [1 CMS-initial-mark: 36087K(38912K)] 38145K(55552K), 0.0001030 secs] [Times: user=0.00 sys=0.00, real=0.00 secs] 
46.391: Total time for which application threads were stopped: 0.0001780 seconds, Stopping threads took: 0.0000550 seconds
46.391: [CMS-concurrent-mark-start]
46.397: [CMS-concurrent-mark: 0.006/0.006 secs] [Times: user=0.04 sys=0.00, real=0.00 secs] 
46.397: [CMS-concurrent-preclean-start]
46.397: [CMS-concurrent-preclean: 0.000/0.000 secs] [Times: user=0.00 sys=0.00, real=0.00 secs] 
46.397: [CMS-concurrent-abortable-preclean-start]
46.428: Application time: 0.0368940 seconds
46.428: [GC46.428: [ParNew: 15956K->1548K(16640K), 0.0008390 secs] 52043K->38147K(55552K), 0.0008740 secs] [Times: user=0.01 sys=0.00, real=0.01 secs] 
46.429: Total time for which application threads were stopped: 0.0010060 seconds, Stopping threads took: 0.0000720 seconds
46.465: Application time: 0.0361700 seconds
46.465: [GC46.465: [ParNew: 15962K->1032K(16640K), 0.0005470 secs] 52561K->37631K(55552K), 0.0005780 secs] [Times: user=0.00 sys=0.00, real=0.00 secs] 
46.466: Total time for which application threads were stopped: 0.0006990 seconds, Stopping threads took: 0.0000680 seconds
46.501: Application time: 0.0353210 seconds
46.501: [GC46.501: [ParNew: 15435K->1546K(16640K), 0.0009910 secs] 52035K->39169K(55552K), 0.0010230 secs] [Times: user=0.01 sys=0.00, real=0.00 secs] 
46.502: Total time for which application threads were stopped: 0.0011960 seconds, Stopping threads took: 0.0001040 seconds
46.502: [CMS-concurrent-abortable-preclean: 0.000/0.105 secs] [Times: user=0.83 sys=0.00, real=0.11 secs] 
46.502: Application time: 0.0000670 seconds
46.505: [GC[YG occupancy: 2572 K (16640 K)]46.505: [Rescan (parallel) , 0.0001570 secs]46.505: [weak refs processing, 0.0000150 secs]46.505: [scrub string table, 0.0000830 secs] [1 CMS-remark: 37623K(38912K)] 40195K(55552K), 0.0002770 secs] [Times: user=0.00 sys=0.00, real=0.00 secs] 
46.505: Total time for which application threads were stopped: 0.0025040 seconds, Stopping threads took: 0.0021980 seconds
46.505: [CMS-concurrent-sweep-start]
46.507: [CMS-concurrent-sweep: 0.002/0.002 secs] [Times: user=0.00 sys=0.00, real=0.00 secs] 
46.507: [CMS-concurrent-reset-start]
46.507: [CMS-concurrent-reset: 0.000/0.000 secs] [Times: user=0.00 sys=0.00, real=0.00 secs] 
46.543: Application time: 0.0376990 seconds
46.543: [GC46.543: [ParNew: 15962K->1036K(16640K), 0.0005840 secs] 23500K->8573K(55552K), 0.0006160 secs] [Times: user=0.00 sys=0.00, real=0.00 secs] 
46.543: Total time for which application threads were stopped: 0.0007610 seconds, Stopping threads took: 0.0000880 seconds
46.577: Application time: 0.0337950 seconds
46.577: [GC46.577: [ParNew: 15440K->1546K(16640K), 0.0010020 secs] 22977K->10107K(55552K), 0.0010390 secs] [Times: user=0.01 sys=0.00, real=0.00 secs] 
46.578: Total time for which application threads were stopped: 0.0011670 seconds, Stopping threads took: 0.0000660 seconds
46.615: Application time: 0.0366560 seconds
46.615: [GC46.615: [ParNew: 15962K->1034K(16640K), 0.0005250 secs] 24524K->9595K(55552K), 0.0005570 secs] [Times: user=0.00 sys=0.00, real=0.00 secs] 
46.616: Total time for which application threads were stopped: 0.0007110 seconds, Stopping threads took: 0.0000960 seconds
46.651: Application time: 0.0352210 seconds
46.651: [GC46.651: [ParNew: 15437K->1546K(16640K), 0.0009520 secs] 23999K->11131K(55552K), 0.0009870 secs] [Times: user=0.00 sys=0.00, real=0.00 secs] 
46.652: Total time for which application threads were stopped: 0.0011060 seconds, Stopping threads took: 0.0000600 seconds
46.689: Application time: 0.0372580 seconds
46.689: [GC46.689: [ParNew: 15960K->1546K(16640K), 0.0007130 secs] 25546K->11131K(55552K), 0.0007470 secs] [Times: user=0.01 sys=0.00, real=0.00 secs] 
46.690: Total time for which application threads were stopped: 0.0008950 seconds, Stopping threads took: 0.0000890 seconds
46.726: Application time: 0.0358060 seconds
46.726: [GC46.726: [ParNew: 15956K->1546K(16640K), 0.0007850 secs] 25541K->11131K(55552K), 0.0008170 secs] [Times: user=0.00 sys=0.00, real=0.00 secs] 
46.727: Total time for which application threads were stopped: 0.0010390 seconds, Stopping threads took: 0.0001660 seconds
46.763: Application time: 0.0357860 seconds
46.763: [GC46.763: [ParNew: 15954K->1546K(16640K), 0.0008580 secs] 25539K->11643K(55552K), 0.0008940 secs] [Times: user=0.01 sys=0.00, real=0.00 secs] 
46.764: Total time for which application threads were stopped: 0.0010290 seconds, Stopping threads took: 0.0000740 seconds
46.800: Application time: 0.0364350 seconds
46.800: [GC46.800: [ParNew: 16116K->1094K(16640K), 0.0005510 secs] 26214K->11191K(55552K), 0.0005840 secs] [Times: user=0.00 sys=0.00, real=0.01 secs] 
46.801: Total time for which application threads were stopped: 0.0007580 seconds, Stopping threads took: 0.0001210 seconds
46.835: Application time: 0.0342260 seconds
46.835: [GC46.835: [ParNew: 15502K->1548K(16640K), 0.0008570 secs] 25599K->12214K(55552K), 0.0008920 secs] [Times: user=0.01 sys=0.00, real=0.00 secs] 
46.836: Total time for which application threads were stopped: 0.0010130 seconds, Stopping threads took: 0.0000600 seconds
46.874: Application time: 0.0379920 seconds
46.874: [GC46.874: [ParNew: 16198K->1124K(16640K), 0.0005470 secs] 26865K->11791K(55552K), 0.0005800 secs] [Times: user=0.01 sys=0.00, real=0.00 secs] 
46.875: Total time for which application threads were stopped: 0.0006850 seconds, Stopping threads took: 0.0000500 seconds
46.909: Application time: 0.0343770 seconds
46.909: [GC46.909: [ParNew: 15608K->1576K(16640K), 0.0009060 secs] 26275K->12840K(55552K), 0.0009400 secs] [Times: user=0.01 sys=0.00, real=0.00 secs] 
46.910: Total time for which application threads were stopped: 0.0010580 seconds, Stopping threads took: 0.0000560 seconds
46.947: Application time: 0.0366590 seconds
46.947: [GC46.947: [ParNew: 16070K->1064K(16640K), 0.0006340 secs] 27334K->12357K(55552K), 0.0006680 secs] [Times: user=0.00 sys=0.00, real=0.00 secs] 
46.948: Total time for which application threads were stopped: 0.0007880 seconds, Stopping threads took: 0.0000560 seconds
46.983: Application time: 0.0351300 seconds
46.983: [GC46.983: [ParNew: 15548K->1576K(16640K), 0.0009070 secs] 26841K->13409K(55552K), 0.0009420 secs] [Times: user=0.01 sys=0.00, real=0.00 secs] 
46.984: Total time for which application threads were stopped: 0.0010660 seconds, Stopping threads took: 0.0000630 seconds
47.020: Application time: 0.0359830 seconds
47.020: [GC47.020: [ParNew: 15986K->1546K(16640K), 0.0008270 secs] 27819K->13920K(55552K), 0.0008610 secs] [Times: user=0.00 sys=0.00, real=0.01 secs] 
47.021: Total time for which application threads were stopped: 0.0009950 seconds, Stopping threads took: 0.0000670 seconds
47.057: Application time: 0.0359170 seconds
47.057: [GC47.057: [ParNew: 15958K->1546K(16640K), 0.0006740 secs] 28332K->13920K(55552K), 0.0007070 secs] [Times: user=0.01 sys=0.00, real=0.00 secs] 
47.058: Total time for which application threads were stopped: 0.0008340 seconds, Stopping threads took: 0.0000680 seconds
47.092: Application time: 0.0344520 seconds
47.092: [GC47.092: [ParNew: 15954K->1546K(16640K), 0.0007930 secs] 28328K->14432K(55552K), 0.0008270 secs] [Times: user=0.00 sys=0.01, real=0.00 secs] 
47.093: Total time for which application threads were stopped: 0.0009510 seconds, Stopping threads took: 0.0000680 seconds
47.131: Application time: 0.0374590 seconds
47.131: [GC47.131: [ParNew: 15958K->1546K(16640K), 0.0006490 secs] 28844K->14432K(55552K), 0.0006810 secs] [Times: user=0.01 sys=0.00, real=0.00 secs] 
47.131: Total time for which application threads were stopped: 0.0008030 seconds, Stopping threads took: 0.0000640 seconds
47.165: Application time: 0.0338920 seconds
47.165: [GC47.165: [ParNew: 15954K->1546K(16640K), 0.0007990 secs] 28840K->14944K(55552K), 0.0008310 secs] [Times: user=0.01 sys=0.00, real=0.00 secs] 
47.166: Total time for which application threads were stopped: 0.0009750 seconds, Stopping threads took: 0.0000830 seconds
47.204: Application time: 0.0375620 seconds
47.204: [GC47.204: [ParNew: 15958K->1544K(16640K), 0.0007070 secs] 29356K->14942K(55552K), 0.0007410 secs] [Times: user=0.00 sys=0.00, real=0.00 secs] 
47.205: Total time for which application threads were stopped: 0.0008810 seconds, Stopping threads took: 0.0000820 seconds
47.243: Application time: 0.0378220 seconds
47.243: [GC47.243: [ParNew: 15956K->1034K(16640K), 0.0005530 secs] 29354K->14432K(55552K), 0.0005880 secs] [Times: user=0.00 sys=0.00, real=0.00 secs] 
47.243: Total time for which application threads were stopped: 0.0007040 seconds, Stopping threads took: 0.0000590 seconds
47.276: Application time: 0.0328670 seconds
47.276: [GC47.276: [ParNew: 15440K->1548K(16640K), 0.0007650 secs] 28837K->15458K(55552K), 0.0007990 secs] [Times: user=0.00 sys=0.00, real=0.00 secs] 
47.277: Total time for which application threads were stopped: 0.0009370 seconds, Stopping threads took: 0.0000790 seconds
47.314: Application time: 0.0367420 seconds
47.314: [GC47.314: [ParNew: 15960K->1546K(16640K), 0.0006390 secs] 29870K->15456K(55552K), 0.0006720 secs] [Times: user=0.00 sys=0.00, real=0.00 secs] 
47.315: Total time for which application threads were stopped: 0.0007870 seconds, Stopping threads took: 0.0000590 seconds
47.349: Application time: 0.0348520 seconds
47.350: [GC47.350: [ParNew: 15954K->1548K(16640K), 0.0008420 secs] 29864K->15970K(55552K), 0.0008750 secs] [Times: user=0.00 sys=0.00, real=0.00 secs] 
47.351: Total time for which application threads were stopped: 0.0010590 seconds, Stopping threads took: 0.0001220 seconds
47.387: Application time: 0.0361010 seconds
47.387: [GC47.387: [ParNew: 15960K->1546K(16640K), 0.0006620 secs] 30382K->15968K(55552K), 0.0006970 secs] [Times: user=0.01 sys=0.00, real=0.00 secs] 
47.387: Total time for which application threads were stopped: 0.0008230 seconds, Stopping threads took: 0.0000660 seconds
47.423: Application time: 0.0357500 seconds
47.423: [GC47.423: [ParNew: 15954K->1548K(16640K), 0.0007330 secs] 30376K->15970K(55552K), 0.0007660 secs] [Times: user=0.00 sys=0.00, real=0.00 secs] 
47.424: Total time for which application threads were stopped: 0.0009230 seconds, Stopping threads took: 0.0000990 seconds
47.460: Application time: 0.0358080 seconds
47.460: [GC47.460: [ParNew: 16038K->1578K(16640K), 0.0007960 secs] 30460K->16512K(55552K), 0.0008310 secs] [Times: user=0.00 sys=0.00, real=0.01 secs] 
47.461: Total time for which application threads were stopped: 0.0009560 seconds, Stopping threads took: 0.0000660 seconds
47.497: Application time: 0.0360170 seconds
47.497: [GC47.497: [ParNew: 16068K->1580K(16640K), 0.0006880 secs] 31002K->16542K(55552K), 0.0007210 secs] [Times: user=0.00 sys=0.00, real=0.00 secs] 
47.498: Total time for which application threads were stopped: 0.0008460 seconds, Stopping threads took: 0.0000670 seconds
47.533: Application time: 0.0350420 seconds
47.533: [GC47.533: [ParNew: 16144K->1608K(16640K), 0.0008690 secs] 31107K->17111K(55552K), 0.0009020 secs] [Times: user=0.01 sys=0.00, real=0.00 secs] 
47.534: Total time for which application threads were stopped: 0.0010340 seconds, Stopping threads took: 0.0000650 seconds
47.572: Application time: 0.0378080 seconds
47.572: [GC47.572: [ParNew: 16180K->1604K(16640K), 0.0007650 secs] 31683K->17164K(55552K), 0.0008020 secs] [Times: user=0.00 sys=0.00, real=0.00 secs] 
47.573: Total time for which application threads were stopped: 0.0009290 seconds, Stopping threads took: 0.0000670 seconds
47.606: Application time: 0.0332540 seconds
47.606: [GC47.606: [ParNew: 16088K->1580K(16640K), 0.0010060 secs] 31648K->18221K(55552K), 0.0010410 secs] [Times: user=0.01 sys=0.00, real=0.00 secs] 
47.607: Total time for which application threads were stopped: 0.0011740 seconds, Stopping threads took: 0.0000720 seconds
47.646: Application time: 0.0390770 seconds
47.646: [GC47.646: [ParNew: 16074K->1064K(16640K), 0.0006580 secs] 32715K->17733K(55552K), 0.0006940 secs] [Times: user=0.01 sys=0.00, real=0.00 secs] 
47.647: Total time for which application threads were stopped: 0.0008150 seconds, Stopping threads took: 0.0000610 seconds
47.679: Application time: 0.0317470 seconds
47.679: [GC47.679: [ParNew: 15470K->1548K(16640K), 0.0008240 secs] 32139K->18758K(55552K), 0.0008580 secs] [Times: user=0.01 sys=0.00, real=0.00 secs] 
47.680: Total time for which application threads were stopped: 0.0009970 seconds, Stopping threads took: 0.0000810 seconds
47.718: Application time: 0.0385820 seconds
47.718: [GC47.718: [ParNew: 15962K->1034K(16640K), 0.0005240 secs] 33172K->18244K(55552K), 0.0005570 secs] [Times: user=0.00 sys=0.00, real=0.00 secs] 
47.719: Total time for which application threads were stopped: 0.0006840 seconds, Stopping threads took: 0.0000730 seconds
47.752: Application time: 0.0332660 seconds
47.752: [GC47.752: [ParNew: 15437K->1548K(16640K), 0.0009590 secs] 32648K->19782K(55552K), 0.0009940 secs] [Times: user=0.00 sys=0.00, real=0.00 secs] 
47.753: Total time for which application threads were stopped: 0.0011180 seconds, Stopping threads took: 0.0000640 seconds
47.792: Application time: 0.0383300 seconds
47.792: [GC47.792: [ParNew: 15962K->1546K(16640K), 0.0006870 secs] 34196K->19780K(55552K), 0.0007210 secs] [Times: user=0.00 sys=0.00, real=0.00 secs] 
47.793: Total time for which application threads were stopped: 0.0008400 seconds, Stopping threads took: 0.0000620 seconds
47.826: Application time: 0.0338350 seconds
47.826: [GC47.826: [ParNew: 15954K->1546K(16640K), 0.0008080 secs] 34188K->20292K(55552K), 0.0008400 secs] [Times: user=0.00 sys=0.00, real=0.00 secs] 
47.827: Total time for which application threads were stopped: 0.0009750 seconds, Stopping threads took: 0.0000770 seconds
47.865: Application time: 0.0379370 seconds
47.865: [GC47.865: [ParNew: 15960K->1032K(16640K), 0.0005210 secs] 34706K->19778K(55552K), 0.0005540 secs] [Times: user=0.00 sys=0.00, real=0.00 secs] 
47.866: Total time for which application threads were stopped: 0.0006760 seconds, Stopping threads took: 0.0000620 seconds
47.900: Application time: 0.0337910 seconds
47.900: [GC47.900: [ParNew: 15438K->1548K(16640K), 0.0008600 secs] 34184K->20806K(55552K), 0.0009030 secs] [Times: user=0.00 sys=0.00, real=0.01 secs] 
47.901: Total time for which application threads were stopped: 0.0010380 seconds, Stopping threads took: 0.0000740 seconds
47.938: Application time: 0.0368500 seconds
47.938: [GC47.938: [ParNew: 15964K->522K(16640K), 0.0003830 secs] 35222K->19780K(55552K), 0.0004150 secs] [Times: user=0.00 sys=0.00, real=0.00 secs] 
47.938: Total time for which application threads were stopped: 0.0005370 seconds, Stopping threads took: 0.0000680 seconds
47.973: Application time: 0.0350450 seconds
47.973: [GC47.973: [ParNew: 14925K->1546K(16640K), 0.0008170 secs] 34184K->21316K(55552K), 0.0008530 secs] [Times: user=0.00 sys=0.00, real=0.00 secs] 
47.974: Total time for which application threads were stopped: 0.0009870 seconds, Stopping threads took: 0.0000720 seconds
48.010: Application time: 0.0361540 seconds
48.010: [GC48.010: [ParNew: 15958K->1544K(16640K), 0.0007090 secs] 35728K->21314K(55552K), 0.0007460 secs] [Times: user=0.00 sys=0.00, real=0.00 secs] 
48.011: Total time for which application threads were stopped: 0.0008820 seconds, Stopping threads took: 0.0000760 seconds
48.046: Application time: 0.0348840 seconds
48.046: [GC48.046: [ParNew: 15952K->1548K(16640K), 0.0008220 secs] 35722K->21830K(55552K), 0.0008570 secs] [Times: user=0.01 sys=0.00, real=0.00 secs] 
48.047: Total time for which application threads were stopped: 0.0010470 seconds, Stopping threads took: 0.0001220 seconds
48.083: Application time: 0.0361970 seconds
48.083: [GC48.084: [ParNew: 15960K->1546K(16640K), 0.0006530 secs] 36242K->21828K(55552K), 0.0006860 secs] [Times: user=0.01 sys=0.00, real=0.00 secs] 
48.084: Total time for which application threads were stopped: 0.0008120 seconds, Stopping threads took: 0.0000690 seconds
48.119: Application time: 0.0349820 seconds
48.119: [GC48.119: [ParNew: 15952K->1550K(16640K), 0.0009520 secs] 36234K->22856K(55552K), 0.0009840 secs] [Times: user=0.01 sys=0.00, real=0.00 secs] 
48.120: Total time for which application threads were stopped: 0.0011060 seconds, Stopping threads took: 0.0000650 seconds
48.159: Application time: 0.0386240 seconds
48.159: [GC48.159: [ParNew: 16122K->1606K(16640K), 0.0006390 secs] 37429K->22912K(55552K), 0.0006730 secs] [Times: user=0.01 sys=0.00, real=0.00 secs] 
48.160: Total time for which application threads were stopped: 0.0008890 seconds, Stopping threads took: 0.0001580 seconds
48.196: Application time: 0.0358040 seconds
48.196: [GC48.196: [ParNew: 16175K->1096K(16640K), 0.0006130 secs] 37481K->22459K(55552K), 0.0006450 secs] [Times: user=0.01 sys=0.00, real=0.00 secs] 
48.196: Total time for which application threads were stopped: 0.0007870 seconds, Stopping threads took: 0.0000870 seconds
48.232: Application time: 0.0358160 seconds
48.232: [GC48.232: [ParNew: 15580K->1576K(16640K), 0.0009200 secs] 36943K->23508K(55552K), 0.0009520 secs] [Times: user=0.01 sys=0.00, real=0.00 secs] 
48.233: Total time for which application threads were stopped: 0.0010970 seconds, Stopping threads took: 0.0000870 seconds
48.270: Application time: 0.0364650 seconds
48.270: [GC48.270: [ParNew: 16146K->1094K(16640K), 0.0005290 secs] 38079K->23055K(55552K), 0.0005660 secs] [Times: user=0.00 sys=0.00, real=0.00 secs] 
48.271: Total time for which application threads were stopped: 0.0007780 seconds, Stopping threads took: 0.0001530 seconds
48.306: Application time: 0.0354990 seconds
48.306: [GC48.306: [ParNew: 15504K->1548K(16640K), 0.0007380 secs] 37465K->23566K(55552K), 0.0007740 secs] [Times: user=0.01 sys=0.00, real=0.00 secs] 
48.307: Total time for which application threads were stopped: 0.0009030 seconds, Stopping threads took: 0.0000680 seconds
48.343: Application time: 0.0359250 seconds
48.343: [GC48.343: [ParNew: 16038K->1576K(16640K), 0.0007060 secs] 38056K->23594K(55552K), 0.0007430 secs] [Times: user=0.00 sys=0.00, real=0.00 secs] 
48.344: Total time for which application threads were stopped: 0.0009890 seconds, Stopping threads took: 0.0001860 seconds
48.380: Application time: 0.0364250 seconds
48.380: [GC48.380: [ParNew: 15988K->1034K(16640K), 0.0005610 secs] 38006K->23080K(55552K), 0.0006040 secs] [Times: user=0.00 sys=0.01, real=0.01 secs] 
48.381: Total time for which application threads were stopped: 0.0007180 seconds, Stopping threads took: 0.0000550 seconds
48.417: Application time: 0.0361650 seconds
48.417: [GC48.417: [ParNew: 15442K->1544K(16640K), 0.0006490 secs] 37488K->23590K(55552K), 0.0006840 secs] [Times: user=0.00 sys=0.00, real=0.00 secs] 
48.418: Total time for which application threads were stopped: 0.0008050 seconds, Stopping threads took: 0.0000630 seconds
48.453: Application time: 0.0352240 seconds
48.453: [GC48.453: [ParNew: 15954K->1546K(16640K), 0.0007070 secs] 38000K->23592K(55552K), 0.0007380 secs] [Times: user=0.01 sys=0.00, real=0.00 secs] 
48.454: Total time for which application threads were stopped: 0.0008770 seconds, Stopping threads took: 0.0000840 seconds
48.491: Application time: 0.0365850 seconds
48.491: [GC48.491: [ParNew: 15956K->1544K(16640K), 0.0006400 secs] 38002K->23590K(55552K), 0.0006710 secs] [Times: user=0.01 sys=0.00, real=0.00 secs] 
48.491: Total time for which application threads were stopped: 0.0007890 seconds, Stopping threads took: 0.0000610 seconds
48.528: Application time: 0.0369670 seconds
48.529: [GC48.529: [ParNew: 15958K->520K(16640K), 0.0004120 secs] 38004K->22566K(55552K), 0.0004460 secs] [Times: user=0.01 sys=0.00, real=0.00 secs] 
48.529: Total time for which application threads were stopped: 0.0005740 seconds, Stopping threads took: 0.0000670 seconds
48.563: Application time: 0.0335840 seconds
48.563: [GC48.563: [ParNew: 14923K->1546K(16640K), 0.0008820 secs] 36970K->24104K(55552K), 0.0009180 secs] [Times: user=0.01 sys=0.00, real=0.00 secs] 
48.564: Total time for which application threads were stopped: 0.0010640 seconds, Stopping threads took: 0.0000770 seconds
48.602: Application time: 0.0379930 seconds
48.602: [GC48.602: [ParNew: 15960K->1036K(16640K), 0.0006430 secs] 38518K->23594K(55552K), 0.0006760 secs] [Times: user=0.01 sys=0.00, real=0.00 secs] 
48.602: Total time for which application threads were stopped: 0.0008060 seconds, Stopping threads took: 0.0000750 seconds
48.635: Application time: 0.0329410 seconds
48.636: [GC48.636: [ParNew: 15439K->1546K(16640K), 0.0010270 secs] 37998K->25128K(55552K), 0.0010640 secs] [Times: user=0.01 sys=0.00, real=0.00 secs] 
48.637: Total time for which application threads were stopped: 0.0011900 seconds, Stopping threads took: 0.0000630 seconds
48.675: Application time: 0.0379480 seconds
48.675: [GC48.675: [ParNew: 15960K->1548K(16640K), 0.0007160 secs] 39542K->25130K(55552K), 0.0007520 secs] [Times: user=0.00 sys=0.00, real=0.00 secs] 
48.675: Total time for which application threads were stopped: 0.0008850 seconds, Stopping threads took: 0.0000720 seconds
48.709: Application time: 0.0333540 seconds
48.709: [GC48.709: [ParNew: 15954K->1548K(16640K), 0.0010110 secs] 39536K->26154K(55552K), 0.0010470 secs] [Times: user=0.01 sys=0.00, real=0.00 secs] 
48.710: Total time for which application threads were stopped: 0.0011660 seconds, Stopping threads took: 0.0000580 seconds
48.748: Application time: 0.0380260 seconds
48.748: [GC48.748: [ParNew: 15962K->1548K(16640K), 0.0007040 secs] 40568K->26154K(55552K), 0.0007390 secs] [Times: user=0.01 sys=0.00, real=0.01 secs] 
48.749: Total time for which application threads were stopped: 0.0008620 seconds, Stopping threads took: 0.0000630 seconds
48.783: Application time: 0.0341050 seconds
48.783: [GC48.783: [ParNew: 15952K->1548K(16640K), 0.0011330 secs] 40558K->27690K(55552K), 0.0011670 secs] [Times: user=0.01 sys=0.00, real=0.00 secs] 
48.784: Total time for which application threads were stopped: 0.0012920 seconds, Stopping threads took: 0.0000640 seconds
48.823: Application time: 0.0385040 seconds
48.823: [GC48.823: [ParNew: 16126K->1096K(16640K), 0.0005860 secs] 42269K->27238K(55552K), 0.0006200 secs] [Times: user=0.00 sys=0.00, real=0.00 secs] 
48.824: Total time for which application threads were stopped: 0.0007470 seconds, Stopping threads took: 0.0000710 seconds
48.858: Application time: 0.0349790 seconds
48.859: [GC48.859: [ParNew: 15498K->1548K(16640K), 0.0011440 secs] 41640K->29283K(55552K), 0.0011880 secs] [Times: user=0.01 sys=0.00, real=0.00 secs] 
48.860: Total time for which application threads were stopped: 0.0013220 seconds, Stopping threads took: 0.0000710 seconds
48.896: Application time: 0.0365200 seconds
48.896: [GC48.897: [ParNew: 16203K->1634K(16640K), 0.0008660 secs] 43938K->29881K(55552K), 0.0008990 secs] [Times: user=0.00 sys=0.01, real=0.00 secs] 
48.897: Total time for which application threads were stopped: 0.0010700 seconds, Stopping threads took: 0.0000940 seconds
48.934: Application time: 0.0370360 seconds
48.935: [GC48.935: [ParNew: 16208K->1094K(16640K), 0.0006430 secs] 44456K->29427K(55552K), 0.0006770 secs] [Times: user=0.00 sys=0.00, real=0.00 secs] 
48.935: Total time for which application threads were stopped: 0.0007960 seconds, Stopping threads took: 0.0000590 seconds
48.970: Application time: 0.0350000 seconds
48.970: [GC48.970: [ParNew: 15498K->1548K(16640K), 0.0010430 secs] 43831K->30962K(55552K), 0.0010730 secs] [Times: user=0.01 sys=0.00, real=0.00 secs] 
48.971: Total time for which application threads were stopped: 0.0011950 seconds, Stopping threads took: 0.0000630 seconds
49.008: Application time: 0.0367920 seconds
49.008: [GC49.008: [ParNew: 16042K->1064K(16640K), 0.0005400 secs] 45457K->30478K(55552K), 0.0005720 secs] [Times: user=0.00 sys=0.00, real=0.01 secs] 
49.009: Total time for which application threads were stopped: 0.0007160 seconds, Stopping threads took: 0.0000860 seconds
49.044: Application time: 0.0352130 seconds
49.044: [GC49.044: [ParNew: 15470K->1548K(16640K), 0.0009790 secs] 44884K->32014K(55552K), 0.0010150 secs] [Times: user=0.00 sys=0.00, real=0.00 secs] 
49.045: Total time for which application threads were stopped: 0.0011570 seconds, Stopping threads took: 0.0000790 seconds
49.082: Application time: 0.0365490 seconds
49.082: [GC49.082: [ParNew: 15964K->1034K(16640K), 0.0004990 secs] 46431K->31500K(55552K), 0.0005290 secs] [Times: user=0.00 sys=0.00, real=0.00 secs] 
49.083: Total time for which application threads were stopped: 0.0006490 seconds, Stopping threads took: 0.0000570 seconds
49.118: Application time: 0.0351500 seconds
49.118: [GC49.118: [ParNew: 15440K->1546K(16640K), 0.0008280 secs] 45906K->32524K(55552K), 0.0008620 secs] [Times: user=0.00 sys=0.00, real=0.00 secs] 
49.119: Total time for which application threads were stopped: 0.0014820 seconds, Stopping threads took: 0.0005550 seconds
49.155: Application time: 0.0360200 seconds
49.155: [GC49.155: [ParNew: 15960K->1034K(16640K), 0.0005450 secs] 46939K->32012K(55552K), 0.0005810 secs] [Times: user=0.01 sys=0.00, real=0.00 secs] 
49.156: Total time for which application threads were stopped: 0.0007060 seconds, Stopping threads took: 0.0000670 seconds
49.190: Application time: 0.0344560 seconds
49.190: [GC49.190: [ParNew: 15440K->1546K(16640K), 0.0008310 secs] 46418K->33037K(55552K), 0.0008670 secs] [Times: user=0.01 sys=0.00, real=0.00 secs] 
49.191: Total time for which application threads were stopped: 0.0009980 seconds, Stopping threads took: 0.0000690 seconds
49.228: Application time: 0.0371230 seconds
49.229: [GC49.229: [ParNew: 15960K->1034K(16640K), 0.0006060 secs] 47451K->32524K(55552K), 0.0006400 secs] [Times: user=0.00 sys=0.00, real=0.00 secs] 
49.229: Total time for which application threads were stopped: 0.0008580 seconds, Stopping threads took: 0.0001580 seconds
49.264: Application time: 0.0344840 seconds
49.264: [GC49.264: [ParNew: 15437K->1546K(16640K), 0.0010540 secs] 46928K->34061K(55552K), 0.0010930 secs] [Times: user=0.00 sys=0.00, real=0.00 secs] 
49.265: Total time for which application threads were stopped: 0.0013760 seconds, Stopping threads took: 0.0002190 seconds
49.302: Application time: 0.0368860 seconds
49.302: [GC49.302: [ParNew: 15962K->1036K(16640K), 0.0006620 secs] 48477K->33551K(55552K), 0.0006950 secs] [Times: user=0.00 sys=0.00, real=0.00 secs] 
49.303: Total time for which application threads were stopped: 0.0008260 seconds, Stopping threads took: 0.0000660 seconds
49.338: Application time: 0.0350760 seconds
49.338: [GC49.338: [ParNew: 15442K->1544K(16640K), 0.0008240 secs] 47956K->34571K(55552K), 0.0008590 secs] [Times: user=0.00 sys=0.00, real=0.00 secs] 
49.339: Total time for which application threads were stopped: 0.0010310 seconds, Stopping threads took: 0.0001120 seconds
49.375: Application time: 0.0360890 seconds
49.375: [GC49.375: [ParNew: 15956K->1548K(16640K), 0.0006830 secs] 48983K->34575K(55552K), 0.0007140 secs] [Times: user=0.00 sys=0.00, real=0.00 secs] 
49.376: Total time for which application threads were stopped: 0.0008440 seconds, Stopping threads took: 0.0000720 seconds
49.411: Application time: 0.0355180 seconds
49.412: [GC49.412: [ParNew: 15956K->1546K(16640K), 0.0007970 secs] 48983K->35085K(55552K), 0.0008260 secs] [Times: user=0.00 sys=0.00, real=0.00 secs] 
49.412: Total time for which application threads were stopped: 0.0009520 seconds, Stopping threads took: 0.0000730 seconds
49.450: Application time: 0.0375930 seconds
49.453: [GC49.453: [ParNew: 15960K->1034K(16640K), 0.0005380 secs] 49499K->34573K(55552K), 0.0005730 secs] [Times: user=0.00 sys=0.00, real=0.00 secs] 
49.453: Total time for which application threads were stopped: 0.0031890 seconds, Stopping threads took: 0.0025500 seconds
49.489: Application time: 0.0356250 seconds
49.493: [GC49.493: [ParNew: 15446K->1544K(16640K), 0.0006440 secs] 48985K->35083K(55552K), 0.0006790 secs] [Times: user=0.01 sys=0.00, real=0.00 secs] 
49.493: Total time for which application threads were stopped: 0.0044920 seconds, Stopping threads took: 0.0037550 seconds
49.529: Application time: 0.0357970 seconds
49.529: [GC49.529: [ParNew: 16112K->1606K(16640K), 0.0006660 secs] 49651K->35145K(55552K), 0.0007020 secs] [Times: user=0.01 sys=0.00, real=0.00 secs] 
49.530: Total time for which application threads were stopped: 0.0008360 seconds, Stopping threads took: 0.0000730 seconds
49.564: Application time: 0.0338810 seconds
49.564: [GC49.564: [ParNew: 16250K->1634K(16640K), 0.0009250 secs] 49789K->35742K(55552K), 0.0009630 secs] [Times: user=0.00 sys=0.00, real=0.00 secs] 
49.565: Total time for which application threads were stopped: 0.0010890 seconds, Stopping threads took: 0.0000650 seconds
49.605: Application time: 0.0401060 seconds
49.605: [GC49.605: [ParNew: 16128K->554K(16640K), 0.0004320 secs] 50236K->34747K(55552K), 0.0004650 secs] [Times: user=0.01 sys=0.00, real=0.00 secs] 
49.606: Total time for which application threads were stopped: 0.0005820 seconds, Stopping threads took: 0.0000540 seconds
49.639: Application time: 0.0329370 seconds
49.639: [GC49.639: [ParNew: 15036K->1608K(16640K), 0.0008130 secs] 49229K->36313K(55552K), 0.0008460 secs] [Times: user=0.00 sys=0.00, real=0.00 secs] 
49.640: Total time for which application threads were stopped: 0.0009660 seconds, Stopping threads took: 0.0000620 seconds
49.677: Application time: 0.0370470 seconds
49.677: [GC49.677: [ParNew: 16100K->1068K(16640K), 0.0005660 secs] 50806K->35830K(55552K), 0.0005990 secs] [Times: user=0.00 sys=0.00, real=0.00 secs] 
49.677: Total time for which application threads were stopped: 0.0007260 seconds, Stopping threads took: 0.0000710 seconds
49.714: Application time: 0.0366300 seconds
49.714: [GC49.714: [ParNew: 15474K->1548K(16640K), 0.0008750 secs] 50236K->36851K(55552K), 0.0009090 secs] [Times: user=0.01 sys=0.00, real=0.00 secs] 
49.715: Total time for which application threads were stopped: 0.0010390 seconds, Stopping threads took: 0.0000700 seconds
49.752: Application time: 0.0368480 seconds
49.752: [GC49.752: [ParNew: 15960K->1546K(16640K), 0.0006480 secs] 51263K->36849K(55552K), 0.0006860 secs] [Times: user=0.00 sys=0.00, real=0.00 secs] 
49.753: Total time for which application threads were stopped: 0.0008160 seconds, Stopping threads took: 0.0000700 seconds
49.787: Application time: 0.0339130 seconds
49.787: [GC49.787: [ParNew: 15954K->1548K(16640K), 0.0008360 secs] 51257K->37363K(55552K), 0.0008660 secs] [Times: user=0.01 sys=0.00, real=0.00 secs] 
49.788: Total time for which application threads were stopped: 0.0010790 seconds, Stopping threads took: 0.0001480 seconds
49.788: Application time: 0.0000770 seconds
49.789: [GC [1 CMS-initial-mark: 35815K(38912K)] 37875K(55552K), 0.0001050 secs] [Times: user=0.00 sys=0.00, real=0.00 secs] 
49.789: Total time for which application threads were stopped: 0.0009800 seconds, Stopping threads took: 0.0008580 seconds
49.789: [CMS-concurrent-mark-start]
49.794: [CMS-concurrent-mark: 0.006/0.006 secs] [Times: user=0.03 sys=0.00, real=0.00 secs] 
49.794: [CMS-concurrent-preclean-start]
49.794: [CMS-concurrent-preclean: 0.000/0.000 secs] [Times: user=0.00 sys=0.00, real=0.00 secs] 
49.794: [CMS-concurrent-abortable-preclean-start]
49.825: Application time: 0.0358570 seconds
49.825: [GC49.825: [ParNew: 15956K->1546K(16640K), 0.0010110 secs] 51771K->38385K(55552K), 0.0010480 secs] [Times: user=0.01 sys=0.00, real=0.00 secs] 
49.826: Total time for which application threads were stopped: 0.0012020 seconds, Stopping threads took: 0.0000940 seconds
49.865: Application time: 0.0395230 seconds
49.865: [GC49.865: [ParNew: 15964K->520K(16640K), 0.0003790 secs] 52803K->37359K(55552K), 0.0004130 secs] [Times: user=0.00 sys=0.00, real=0.00 secs] 
49.866: Total time for which application threads were stopped: 0.0005210 seconds, Stopping threads took: 0.0000540 seconds
49.899: Application time: 0.0335360 seconds
49.899: [GC49.899: [ParNew: 14923K->1546K(16640K), 0.0008430 secs] 51763K->38897K(55552K), 0.0008770 secs] [Times: user=0.00 sys=0.00, real=0.00 secs] 
49.900: Total time for which application threads were stopped: 0.0010080 seconds, Stopping threads took: 0.0000690 seconds
49.938: Application time: 0.0371360 seconds
49.938: [GC49.938: [ParNew: 15960K->1032K(16640K), 0.0005540 secs] 53311K->38383K(55552K), 0.0005880 secs] [Times: user=0.00 sys=0.00, real=0.00 secs] 
49.938: Total time for which application threads were stopped: 0.0007020 seconds, Stopping threads took: 0.0000560 seconds
49.971: Application time: 0.0331710 seconds
49.971: [GC49.972: [ParNew (promotion failed): 15435K->15949K(16640K), 0.0007050 secs]49.972: [CMS49.972: [CMS-concurrent-abortable-preclean: 0.001/0.178 secs] [Times: user=1.41 sys=0.00, real=0.18 secs] 
 (concurrent mode failure): 37351K->8034K(38912K), 0.0074190 secs] 52787K->8034K(55552K), [CMS Perm : 5144K->5144K(21248K)], 0.0081820 secs] [Times: user=0.01 sys=0.00, real=0.00 secs] 
49.980: Total time for which application threads were stopped: 0.0083150 seconds, Stopping threads took: 0.0000640 seconds
50.016: Application time: 0.0363720 seconds
50.016: [GC50.016: [ParNew: 14414K->1544K(16640K), 0.0006890 secs] 22448K->9578K(55552K), 0.0007220 secs] [Times: user=0.00 sys=0.00, real=0.00 secs] 
50.017: Total time for which application threads were stopped: 0.0008760 seconds, Stopping threads took: 0.0000960 seconds
50.051: Application time: 0.0344690 seconds
50.052: [GC50.052: [ParNew: 15954K->1544K(16640K), 0.0006010 secs] 23988K->9578K(55552K), 0.0006330 secs] [Times: user=0.00 sys=0.00, real=0.00 secs] 
50.052: Total time for which application threads were stopped: 0.0007730 seconds, Stopping threads took: 0.0000820 seconds
50.086: Application time: 0.0342860 seconds
50.087: [GC50.087: [ParNew: 15950K->1548K(16640K), 0.0009900 secs] 23984K->10096K(55552K), 0.0010240 secs] [Times: user=0.01 sys=0.00, real=0.00 secs] 
50.088: Total time for which application threads were stopped: 0.0011870 seconds, Stopping threads took: 0.0001020 seconds
50.124: Application time: 0.0364110 seconds
50.124: [GC50.124: [ParNew: 15964K->1032K(16640K), 0.0017260 secs] 24512K->9580K(55552K), 0.0017570 secs] [Times: user=0.01 sys=0.00, real=0.00 secs] 
50.126: Total time for which application threads were stopped: 0.0019040 seconds, Stopping threads took: 0.0000810 seconds
50.159: Application time: 0.0325520 seconds
50.159: [GC50.159: [ParNew: 15435K->1546K(16640K), 0.0010160 secs] 23984K->11122K(55552K), 0.0010500 secs] [Times: user=0.01 sys=0.00, real=0.00 secs] 
50.160: Total time for which application threads were stopped: 0.0011880 seconds, Stopping threads took: 0.0000670 seconds
50.196: Application time: 0.0362710 seconds
50.196: [GC50.196: [ParNew: 16121K->1092K(16640K), 0.0005330 secs] 25697K->10668K(55552K), 0.0005640 secs] [Times: user=0.00 sys=0.00, real=0.00 secs] 
50.197: Total time for which application threads were stopped: 0.0007690 seconds, Stopping threads took: 0.0001490 seconds
50.232: Application time: 0.0349390 seconds
50.232: [GC50.232: [ParNew: 15658K->1092K(16640K), 0.0005520 secs] 25235K->10733K(55552K), 0.0005830 secs] [Times: user=0.00 sys=0.00, real=0.00 secs] 
50.232: Total time for which application threads were stopped: 0.0007010 seconds, Stopping threads took: 0.0000620 seconds
50.265: Application time: 0.0329700 seconds
50.266: [GC50.266: [ParNew: 15574K->1578K(16640K), 0.0011090 secs] 25215K->12302K(55552K), 0.0011450 secs] [Times: user=0.00 sys=0.00, real=0.00 secs] 
50.267: Total time for which application threads were stopped: 0.0012690 seconds, Stopping threads took: 0.0000600 seconds
50.304: Application time: 0.0369310 seconds
50.304: [GC50.304: [ParNew: 16156K->582K(16640K), 0.0004310 secs] 26881K->11335K(55552K), 0.0004590 secs] [Times: user=0.00 sys=0.00, real=0.00 secs] 
50.304: Total time for which application threads were stopped: 0.0005900 seconds, Stopping threads took: 0.0000770 seconds
50.336: Application time: 0.0322100 seconds
50.337: [GC50.337: [ParNew: 14986K->1606K(16640K), 0.0009000 secs] 25739K->12871K(55552K), 0.0009330 secs] [Times: user=0.01 sys=0.00, real=0.00 secs] 
50.338: Total time for which application threads were stopped: 0.0011830 seconds, Stopping threads took: 0.0001870 seconds
50.375: Application time: 0.0371230 seconds
50.375: [GC50.375: [ParNew: 16102K->554K(16640K), 0.0004390 secs] 27368K->11876K(55552K), 0.0004680 secs] [Times: user=0.01 sys=0.00, real=0.00 secs] 
50.375: Total time for which application threads were stopped: 0.0006010 seconds, Stopping threads took: 0.0000810 seconds
50.408: Application time: 0.0324550 seconds
50.408: [GC50.408: [ParNew: 14957K->1578K(16640K), 0.0008770 secs] 26280K->13412K(55552K), 0.0009160 secs] [Times: user=0.01 sys=0.00, real=0.01 secs] 
50.409: Total time for which application threads were stopped: 0.0010520 seconds, Stopping threads took: 0.0000680 seconds
50.444: Application time: 0.0351760 seconds
50.444: [GC50.444: [ParNew: 15988K->1548K(16640K), 0.0008310 secs] 27822K->13923K(55552K), 0.0008660 secs] [Times: user=0.00 sys=0.00, real=0.00 secs] 
50.445: Total time for which application threads were stopped: 0.0010020 seconds, Stopping threads took: 0.0000750 seconds
50.480: Application time: 0.0353410 seconds
50.480: [GC50.480: [ParNew: 15960K->1548K(16640K), 0.0006650 secs] 28335K->13923K(55552K), 0.0006960 secs] [Times: user=0.01 sys=0.00, real=0.01 secs] 
50.481: Total time for which application threads were stopped: 0.0008210 seconds, Stopping threads took: 0.0000670 seconds
50.517: Application time: 0.0357640 seconds
50.517: [GC50.517: [ParNew: 15960K->1034K(16640K), 0.0005120 secs] 28335K->13409K(55552K), 0.0005440 secs] [Times: user=0.01 sys=0.00, real=0.00 secs] 
50.518: Total time for which application threads were stopped: 0.0006820 seconds, Stopping threads took: 0.0000830 seconds
50.551: Application time: 0.0337800 seconds
50.552: [GC50.552: [ParNew: 15440K->1548K(16640K), 0.0007860 secs] 27814K->14435K(55552K), 0.0008220 secs] [Times: user=0.01 sys=0.00, real=0.00 secs] 
50.552: Total time for which application threads were stopped: 0.0009590 seconds, Stopping threads took: 0.0000740 seconds
50.587: Application time: 0.0343760 seconds
50.587: [GC50.587: [ParNew: 15962K->1032K(16640K), 0.0005760 secs] 28849K->13919K(55552K), 0.0006050 secs] [Times: user=0.01 sys=0.00, real=0.00 secs] 
50.587: Total time for which application threads were stopped: 0.0007240 seconds, Stopping threads took: 0.0000630 seconds
50.621: Application time: 0.0331420 seconds
50.621: [GC50.621: [ParNew: 15433K->1548K(16640K), 0.0010190 secs] 28320K->15459K(55552K), 0.0010540 secs] [Times: user=0.01 sys=0.00, real=0.00 secs] 
50.622: Total time for which application threads were stopped: 0.0012200 seconds, Stopping threads took: 0.0000940 seconds
50.658: Application time: 0.0361070 seconds
50.658: [GC50.658: [ParNew: 15964K->1546K(16640K), 0.0007080 secs] 29875K->15457K(55552K), 0.0007390 secs] [Times: user=0.00 sys=0.00, real=0.00 secs] 
50.659: Total time for which application threads were stopped: 0.0008600 seconds, Stopping threads took: 0.0000630 seconds
50.693: Application time: 0.0339350 seconds
50.693: [GC50.693: [ParNew: 15952K->1548K(16640K), 0.0010590 secs] 29863K->16483K(55552K), 0.0010920 secs] [Times: user=0.01 sys=0.00, real=0.00 secs] 
50.694: Total time for which application threads were stopped: 0.0012220 seconds, Stopping threads took: 0.0000680 seconds
50.730: Application time: 0.0359110 seconds
50.730: [GC50.730: [ParNew: 15960K->1546K(16640K), 0.0007930 secs] 30895K->16993K(55552K), 0.0008290 secs] [Times: user=0.01 sys=0.00, real=0.00 secs] 
50.731: Total time for which application threads were stopped: 0.0009690 seconds, Stopping threads took: 0.0000770 seconds
50.767: Application time: 0.0356680 seconds
50.767: [GC50.767: [ParNew: 15960K->1032K(16640K), 0.0005580 secs] 31407K->16479K(55552K), 0.0005870 secs] [Times: user=0.00 sys=0.00, real=0.00 secs] 
50.767: Total time for which application threads were stopped: 0.0007030 seconds, Stopping threads took: 0.0000620 seconds
50.801: Application time: 0.0337050 seconds
50.801: [GC50.801: [ParNew: 15518K->1578K(16640K), 0.0006280 secs] 30965K->17025K(55552K), 0.0006610 secs] [Times: user=0.01 sys=0.00, real=0.00 secs] 
50.802: Total time for which application threads were stopped: 0.0008610 seconds, Stopping threads took: 0.0001420 seconds
50.836: Application time: 0.0344220 seconds
50.836: [GC50.836: [ParNew: 16068K->1580K(16640K), 0.0007380 secs] 31515K->17055K(55552K), 0.0007700 secs] [Times: user=0.01 sys=0.00, real=0.00 secs] 
50.837: Total time for which application threads were stopped: 0.0008900 seconds, Stopping threads took: 0.0000640 seconds
50.871: Application time: 0.0334450 seconds
50.871: [GC50.871: [ParNew: 16066K->1578K(16640K), 0.0008580 secs] 31542K->17594K(55552K), 0.0008900 secs] [Times: user=0.00 sys=0.00, real=0.00 secs] 
50.872: Total time for which application threads were stopped: 0.0010220 seconds, Stopping threads took: 0.0000700 seconds
50.909: Application time: 0.0372400 seconds
50.909: [GC50.909: [ParNew: 16148K->1096K(16640K), 0.0005020 secs] 32164K->17140K(55552K), 0.0005310 secs] [Times: user=0.01 sys=0.00, real=0.00 secs] 
50.909: Total time for which application threads were stopped: 0.0006420 seconds, Stopping threads took: 0.0000600 seconds
50.942: Application time: 0.0324820 seconds
50.942: [GC50.942: [ParNew: 15656K->1606K(16640K), 0.0010440 secs] 31701K->18731K(55552K), 0.0010800 secs] [Times: user=0.00 sys=0.00, real=0.00 secs] 
50.943: Total time for which application threads were stopped: 0.0012010 seconds, Stopping threads took: 0.0000560 seconds
50.979: Application time: 0.0359470 seconds
50.979: [GC50.979: [ParNew: 16022K->1036K(16640K), 0.0004820 secs] 33148K->18218K(55552K), 0.0005120 secs] [Times: user=0.00 sys=0.00, real=0.00 secs] 
50.980: Total time for which application threads were stopped: 0.0006360 seconds, Stopping threads took: 0.0000690 seconds
51.013: Application time: 0.0331090 seconds
51.013: [GC51.013: [ParNew: 15518K->1574K(16640K), 0.0010590 secs] 32700K->19780K(55552K), 0.0010940 secs] [Times: user=0.00 sys=0.00, real=0.00 secs] 
51.014: Total time for which application threads were stopped: 0.0012140 seconds, Stopping threads took: 0.0000600 seconds
51.050: Application time: 0.0362300 seconds
51.050: [GC51.050: [ParNew: 15990K->1036K(16640K), 0.0004800 secs] 34197K->19271K(55552K), 0.0005100 secs] [Times: user=0.01 sys=0.00, real=0.00 secs] 
51.051: Total time for which application threads were stopped: 0.0006620 seconds, Stopping threads took: 0.0000960 seconds
51.083: Application time: 0.0315620 seconds
51.083: [GC51.083: [ParNew: 15439K->1552K(16640K), 0.0010700 secs] 33675K->20811K(55552K), 0.0011140 secs] [Times: user=0.01 sys=0.00, real=0.00 secs] 
51.084: Total time for which application threads were stopped: 0.0012840 seconds, Stopping threads took: 0.0001090 seconds
51.121: Application time: 0.0370340 seconds
51.121: [GC51.121: [ParNew: 15968K->1036K(16640K), 0.0004810 secs] 35227K->20295K(55552K), 0.0005090 secs] [Times: user=0.01 sys=0.00, real=0.00 secs] 
51.121: Total time for which application threads were stopped: 0.0006190 seconds, Stopping threads took: 0.0000540 seconds
51.154: Application time: 0.0327950 seconds
51.154: [GC51.154: [ParNew: 15437K->1548K(16640K), 0.0013010 secs] 34697K->22343K(55552K), 0.0013350 secs] [Times: user=0.01 sys=0.00, real=0.00 secs] 
51.156: Total time for which application threads were stopped: 0.0014730 seconds, Stopping threads took: 0.0000730 seconds
51.191: Application time: 0.0354470 seconds
51.191: [GC51.191: [ParNew: 15964K->1546K(16640K), 0.0006880 secs] 36759K->22341K(55552K), 0.0007200 secs] [Times: user=0.00 sys=0.00, real=0.00 secs] 
51.192: Total time for which application threads were stopped: 0.0008660 seconds, Stopping threads took: 0.0000770 seconds
51.227: Application time: 0.0350540 seconds
51.227: [GC51.227: [ParNew: 15950K->1550K(16640K), 0.0010640 secs] 36745K->23369K(55552K), 0.0010990 secs] [Times: user=0.01 sys=0.00, real=0.00 secs] 
51.228: Total time for which application threads were stopped: 0.0012690 seconds, Stopping threads took: 0.0001070 seconds
51.263: Application time: 0.0351090 seconds
51.264: [GC51.264: [ParNew: 15964K->1544K(16640K), 0.0007950 secs] 37783K->23875K(55552K), 0.0008260 secs] [Times: user=0.01 sys=0.00, real=0.00 secs] 
51.264: Total time for which application threads were stopped: 0.0009460 seconds, Stopping threads took: 0.0000620 seconds
51.301: Application time: 0.0369800 seconds
51.302: [GC51.302: [ParNew: 15958K->1034K(16640K), 0.0005690 secs] 38289K->23365K(55552K), 0.0006000 secs] [Times: user=0.01 sys=0.00, real=0.00 secs] 
51.302: Total time for which application threads were stopped: 0.0007200 seconds, Stopping threads took: 0.0000650 seconds
51.335: Application time: 0.0329720 seconds
51.335: [GC51.335: [ParNew: 15440K->1548K(16640K), 0.0008580 secs] 37771K->24391K(55552K), 0.0008930 secs] [Times: user=0.01 sys=0.00, real=0.00 secs] 
51.336: Total time for which application threads were stopped: 0.0010150 seconds, Stopping threads took: 0.0000610 seconds
51.371: Application time: 0.0351970 seconds
51.371: [GC51.371: [ParNew: 15960K->1546K(16640K), 0.0007490 secs] 38803K->24389K(55552K), 0.0007800 secs] [Times: user=0.00 sys=0.00, real=0.00 secs] 
51.372: Total time for which application threads were stopped: 0.0009120 seconds, Stopping threads took: 0.0000740 seconds
51.407: Application time: 0.0343490 seconds
51.407: [GC51.407: [ParNew: 15960K->520K(16640K), 0.0003480 secs] 38803K->23363K(55552K), 0.0003760 secs] [Times: user=0.00 sys=0.00, real=0.00 secs] 
51.407: Total time for which application threads were stopped: 0.0004790 seconds, Stopping threads took: 0.0000550 seconds
51.440: Application time: 0.0330280 seconds
51.440: [GC51.440: [ParNew: 15004K->1576K(16640K), 0.0008340 secs] 37847K->24931K(55552K), 0.0008690 secs] [Times: user=0.01 sys=0.00, real=0.01 secs] 
51.441: Total time for which application threads were stopped: 0.0010010 seconds, Stopping threads took: 0.0000730 seconds
51.479: Application time: 0.0374670 seconds
51.479: [GC51.479: [ParNew: 16072K->554K(16640K), 0.0004680 secs] 39427K->23938K(55552K), 0.0004960 secs] [Times: user=0.00 sys=0.00, real=0.00 secs] 
51.479: Total time for which application threads were stopped: 0.0007580 seconds, Stopping threads took: 0.0002080 seconds
51.512: Application time: 0.0322750 seconds
51.512: [GC51.512: [ParNew: 15036K->1606K(16640K), 0.0008220 secs] 38420K->25502K(55552K), 0.0008550 secs] [Times: user=0.00 sys=0.00, real=0.00 secs] 
51.513: Total time for which application threads were stopped: 0.0009820 seconds, Stopping threads took: 0.0000670 seconds
51.548: Application time: 0.0351010 seconds
51.548: [GC51.548: [ParNew: 16096K->1578K(16640K), 0.0009480 secs] 39992K->26043K(55552K), 0.0009900 secs] [Times: user=0.00 sys=0.00, real=0.01 secs] 
51.549: Total time for which application threads were stopped: 0.0011180 seconds, Stopping threads took: 0.0000660 seconds
51.584: Application time: 0.0355520 seconds
51.585: [GC51.585: [ParNew: 16148K->1606K(16640K), 0.0007440 secs] 40613K->26099K(55552K), 0.0007770 secs] [Times: user=0.01 sys=0.00, real=0.00 secs] 
51.585: Total time for which application threads were stopped: 0.0009900 seconds, Stopping threads took: 0.0001540 seconds
51.620: Application time: 0.0342420 seconds
51.620: [GC51.620: [ParNew: 16094K->1576K(16640K), 0.0008530 secs] 40587K->26638K(55552K), 0.0008890 secs] [Times: user=0.00 sys=0.00, real=0.01 secs] 
51.621: Total time for which application threads were stopped: 0.0010180 seconds, Stopping threads took: 0.0000660 seconds
51.656: Application time: 0.0354130 seconds
51.656: [GC51.656: [ParNew: 16068K->1576K(16640K), 0.0006640 secs] 41130K->26667K(55552K), 0.0006980 secs] [Times: user=0.00 sys=0.00, real=0.00 secs] 
51.657: Total time for which application threads were stopped: 0.0008130 seconds, Stopping threads took: 0.0000580 seconds
51.689: Application time: 0.0319300 seconds
51.689: [GC51.689: [ParNew: 15980K->1548K(16640K), 0.0012430 secs] 41071K->28203K(55552K), 0.0012800 secs] [Times: user=0.01 sys=0.00, real=0.00 secs] 
51.690: Total time for which application threads were stopped: 0.0014170 seconds, Stopping threads took: 0.0000720 seconds
51.727: Application time: 0.0365130 seconds
51.727: [GC51.727: [ParNew: 15964K->1548K(16640K), 0.0006420 secs] 42620K->28203K(55552K), 0.0006740 secs] [Times: user=0.00 sys=0.00, real=0.00 secs] 
51.728: Total time for which application threads were stopped: 0.0008040 seconds, Stopping threads took: 0.0000640 seconds
51.761: Application time: 0.0334950 seconds
51.761: [GC51.761: [ParNew: 15956K->1546K(16640K), 0.0008650 secs] 42611K->28713K(55552K), 0.0008990 secs] [Times: user=0.01 sys=0.00, real=0.00 secs] 
51.762: Total time for which application threads were stopped: 0.0010170 seconds, Stopping threads took: 0.0000610 seconds
51.797: Application time: 0.0346260 seconds
51.797: [GC51.797: [ParNew: 15954K->1548K(16640K), 0.0008100 secs] 43121K->29227K(55552K), 0.0008440 secs] [Times: user=0.01 sys=0.00, real=0.00 secs] 
51.798: Total time for which application threads were stopped: 0.0010440 seconds, Stopping threads took: 0.0001380 seconds
51.834: Application time: 0.0362410 seconds
51.834: [GC51.834: [ParNew: 15964K->1036K(16640K), 0.0004740 secs] 43643K->28715K(55552K), 0.0005040 secs] [Times: user=0.00 sys=0.00, real=0.00 secs] 
51.835: Total time for which application threads were stopped: 0.0006270 seconds, Stopping threads took: 0.0000690 seconds
51.868: Application time: 0.0329390 seconds
51.868: [GC51.868: [ParNew: 15442K->1548K(16640K), 0.0007800 secs] 43121K->29739K(55552K), 0.0008130 secs] [Times: user=0.00 sys=0.00, real=0.00 secs] 
51.868: Total time for which application threads were stopped: 0.0009380 seconds, Stopping threads took: 0.0000650 seconds
51.905: Application time: 0.0367420 seconds
51.905: [GC51.905: [ParNew: 15962K->1034K(16640K), 0.0004910 secs] 44153K->29225K(55552K), 0.0005200 secs] [Times: user=0.00 sys=0.00, real=0.00 secs] 
51.906: Total time for which application threads were stopped: 0.0006360 seconds, Stopping threads took: 0.0000620 seconds
51.938: Application time: 0.0317420 seconds
51.938: [GC51.938: [ParNew: 15437K->1550K(16640K), 0.0010240 secs] 43629K->30765K(55552K), 0.0010600 secs] [Times: user=0.01 sys=0.00, real=0.00 secs] 
51.939: Total time for which application threads were stopped: 0.0011900 seconds, Stopping threads took: 0.0000700 seconds
51.976: Application time: 0.0369360 seconds
51.976: [GC51.976: [ParNew: 15966K->1034K(16640K), 0.0005160 secs] 45182K->30249K(55552K), 0.0005450 secs] [Times: user=0.01 sys=0.00, real=0.00 secs] 
51.976: Total time for which application threads were stopped: 0.0006550 seconds, Stopping threads took: 0.0000540 seconds
52.009: Application time: 0.0324230 seconds
52.009: [GC52.009: [ParNew: 15437K->1548K(16640K), 0.0009870 secs] 44653K->31787K(55552K), 0.0010290 secs] [Times: user=0.00 sys=0.00, real=0.00 secs] 
52.010: Total time for which application threads were stopped: 0.0011530 seconds, Stopping threads took: 0.0000660 seconds
52.046: Application time: 0.0357360 seconds
52.046: [GC52.046: [ParNew: 15964K->1034K(16640K), 0.0004730 secs] 46204K->31273K(55552K), 0.0005030 secs] [Times: user=0.00 sys=0.00, real=0.00 secs] 
52.046: Total time for which application threads were stopped: 0.0006250 seconds, Stopping threads took: 0.0000670 seconds
52.081: Application time: 0.0345640 seconds
52.081: [GC52.081: [ParNew: 15440K->1546K(16640K), 0.0006560 secs] 45679K->31785K(55552K), 0.0006870 secs] [Times: user=0.00 sys=0.00, real=0.00 secs] 
52.082: Total time for which application threads were stopped: 0.0008190 seconds, Stopping threads took: 0.0000760 seconds
52.116: Application time: 0.0341900 seconds
52.116: [GC52.116: [ParNew: 16034K->1578K(16640K), 0.0010050 secs] 46274K->32841K(55552K), 0.0010420 secs] [Times: user=0.00 sys=0.00, real=0.00 secs] 
52.117: Total time for which application threads were stopped: 0.0011610 seconds, Stopping threads took: 0.0000580 seconds
52.153: Application time: 0.0355010 seconds
52.153: [GC52.153: [ParNew: 16150K->1608K(16640K), 0.0006830 secs] 47414K->32900K(55552K), 0.0007140 secs] [Times: user=0.00 sys=0.00, real=0.00 secs] 
52.153: Total time for which application threads were stopped: 0.0008260 seconds, Stopping threads took: 0.0000560 seconds
52.186: Application time: 0.0327940 seconds
52.186: [GC52.186: [ParNew: 16014K->1546K(16640K), 0.0008630 secs] 47306K->33407K(55552K), 0.0008970 secs] [Times: user=0.01 sys=0.00, real=0.00 secs] 
52.187: Total time for which application threads were stopped: 0.0010720 seconds, Stopping threads took: 0.0001120 seconds
52.225: Application time: 0.0375310 seconds
52.225: [GC52.225: [ParNew: 16122K->1096K(16640K), 0.0005270 secs] 47984K->32957K(55552K), 0.0005580 secs] [Times: user=0.00 sys=0.00, real=0.00 secs] 
52.225: Total time for which application threads were stopped: 0.0006660 seconds, Stopping threads took: 0.0000540 seconds
52.259: Application time: 0.0331640 seconds
52.259: [GC52.259: [ParNew: 15658K->1606K(16640K), 0.0008570 secs] 47519K->34036K(55552K), 0.0008910 secs] [Times: user=0.00 sys=0.00, real=0.00 secs] 
52.260: Total time for which application threads were stopped: 0.0010120 seconds, Stopping threads took: 0.0000580 seconds
52.294: Application time: 0.0345300 seconds
52.294: [GC52.294: [ParNew: 16016K->1548K(16640K), 0.0009000 secs] 48446K->34547K(55552K), 0.0009320 secs] [Times: user=0.01 sys=0.00, real=0.00 secs] 
52.295: Total time for which application threads were stopped: 0.0010550 seconds, Stopping threads took: 0.0000610 seconds
52.331: Application time: 0.0357420 seconds
52.331: [GC52.331: [ParNew: 16042K->1064K(16640K), 0.0004780 secs] 49041K->34063K(55552K), 0.0005110 secs] [Times: user=0.00 sys=0.00, real=0.00 secs] 
52.332: Total time for which application threads were stopped: 0.0006280 seconds, Stopping threads took: 0.0000600 seconds
52.365: Application time: 0.0330990 seconds
52.365: [GC52.365: [ParNew: 15470K->1548K(16640K), 0.0008280 secs] 48469K->35088K(55552K), 0.0008620 secs] [Times: user=0.01 sys=0.00, real=0.00 secs] 
52.366: Total time for which application threads were stopped: 0.0009830 seconds, Stopping threads took: 0.0000610 seconds
52.400: Application time: 0.0345640 seconds
52.400: [GC52.400: [ParNew: 15960K->1548K(16640K), 0.0006290 secs] 49500K->35088K(55552K), 0.0006620 secs] [Times: user=0.01 sys=0.00, real=0.01 secs] 
52.401: Total time for which application threads were stopped: 0.0007770 seconds, Stopping threads took: 0.0000590 seconds
52.436: Application time: 0.0348820 seconds
52.436: [GC52.436: [ParNew: 15958K->1546K(16640K), 0.0006770 secs] 49498K->35086K(55552K), 0.0007100 secs] [Times: user=0.01 sys=0.00, real=0.00 secs] 
52.437: Total time for which application threads were stopped: 0.0008340 seconds, Stopping threads took: 0.0000660 seconds
52.471: Application time: 0.0342510 seconds
52.471: [GC52.471: [ParNew: 15956K->1548K(16640K), 0.0006570 secs] 49496K->35088K(55552K), 0.0007000 secs] [Times: user=0.01 sys=0.00, real=0.00 secs] 
52.472: Total time for which application threads were stopped: 0.0008300 seconds, Stopping threads took: 0.0000710 seconds
52.504: Application time: 0.0325300 seconds
52.504: [GC52.505: [ParNew: 15952K->1552K(16640K), 0.0012840 secs] 49491K->36628K(55552K), 0.0013240 secs] [Times: user=0.01 sys=0.00, real=0.00 secs] 
52.506: Total time for which application threads were stopped: 0.0014640 seconds, Stopping threads took: 0.0000730 seconds
52.506: Application time: 0.0000850 seconds
52.506: [GC [1 CMS-initial-mark: 35075K(38912K)] 37140K(55552K), 0.0000960 secs] [Times: user=0.00 sys=0.00, real=0.00 secs] 
52.506: Total time for which application threads were stopped: 0.0002930 seconds, Stopping threads took: 0.0001780 seconds
52.506: [CMS-concurrent-mark-start]
52.509: [CMS-concurrent-mark: 0.002/0.002 secs] [Times: user=0.01 sys=0.00, real=0.00 secs] 
52.509: [CMS-concurrent-preclean-start]
52.509: [CMS-concurrent-preclean: 0.000/0.000 secs] [Times: user=0.00 sys=0.00, real=0.00 secs] 
52.509: Application time: 0.0024670 seconds
52.509: [GC[YG occupancy: 2072 K (16640 K)]52.509: [Rescan (parallel) , 0.0001410 secs]52.509: [weak refs processing, 0.0000060 secs]52.509: [scrub string table, 0.0000940 secs] [1 CMS-remark: 35075K(38912K)] 37148K(55552K), 0.0002640 secs] [Times: user=0.00 sys=0.00, real=0.00 secs] 
52.509: Total time for which application threads were stopped: 0.0003510 seconds, Stopping threads took: 0.0000640 seconds
52.509: [CMS-concurrent-sweep-start]
52.510: [CMS-concurrent-sweep: 0.001/0.001 secs] [Times: user=0.00 sys=0.00, real=0.00 secs] 
52.510: [CMS-concurrent-reset-start]
52.510: [CMS-concurrent-reset: 0.000/0.000 secs] [Times: user=0.00 sys=0.00, real=0.00 secs] 
52.545: Application time: 0.0358720 seconds
52.545: [GC52.545: [ParNew: 15968K->1546K(16640K), 0.0007990 secs] 22997K->9086K(55552K), 0.0008320 secs] [Times: user=0.01 sys=0.00, real=0.00 secs] 
52.546: Total time for which application threads were stopped: 0.0009730 seconds, Stopping threads took: 0.0000810 seconds
52.582: Application time: 0.0357030 seconds
52.582: [GC52.582: [ParNew: 15958K->1548K(16640K), 0.0006580 secs] 23498K->9088K(55552K), 0.0006900 secs] [Times: user=0.01 sys=0.00, real=0.00 secs] 
52.582: Total time for which application threads were stopped: 0.0008140 seconds, Stopping threads took: 0.0000660 seconds
52.617: Application time: 0.0346930 seconds
52.617: [GC52.617: [ParNew: 15956K->1548K(16640K), 0.0008160 secs] 23496K->9600K(55552K), 0.0008520 secs] [Times: user=0.01 sys=0.00, real=0.00 secs] 
52.618: Total time for which application threads were stopped: 0.0009700 seconds, Stopping threads took: 0.0000560 seconds
52.653: Application time: 0.0346150 seconds
52.653: [GC52.653: [ParNew: 15960K->1550K(16640K), 0.0006210 secs] 24012K->9602K(55552K), 0.0006530 secs] [Times: user=0.00 sys=0.00, real=0.00 secs] 
52.653: Total time for which application threads were stopped: 0.0007750 seconds, Stopping threads took: 0.0000670 seconds
52.689: Application time: 0.0351130 seconds
52.689: [GC52.689: [ParNew: 15960K->1548K(16640K), 0.0006620 secs] 24012K->9600K(55552K), 0.0006920 secs] [Times: user=0.01 sys=0.00, real=0.00 secs] 
52.689: Total time for which application threads were stopped: 0.0008060 seconds, Stopping threads took: 0.0000600 seconds
52.723: Application time: 0.0338450 seconds
52.723: [GC52.723: [ParNew: 15956K->1546K(16640K), 0.0007990 secs] 24008K->10110K(55552K), 0.0008320 secs] [Times: user=0.00 sys=0.00, real=0.00 secs] 
52.724: Total time for which application threads were stopped: 0.0009630 seconds, Stopping threads took: 0.0000700 seconds
52.762: Application time: 0.0377410 seconds
52.762: [GC52.762: [ParNew: 16040K->1066K(16640K), 0.0004760 secs] 24605K->9630K(55552K), 0.0005070 secs] [Times: user=0.00 sys=0.00, real=0.00 secs] 
52.763: Total time for which application threads were stopped: 0.0006350 seconds, Stopping threads took: 0.0000700 seconds
52.795: Application time: 0.0326510 seconds
52.795: [GC52.795: [ParNew: 15628K->1606K(16640K), 0.0008870 secs] 24193K->10711K(55552K), 0.0009310 secs] [Times: user=0.01 sys=0.00, real=0.00 secs] 
52.796: Total time for which application threads were stopped: 0.0010650 seconds, Stopping threads took: 0.0000730 seconds
52.832: Application time: 0.0359400 seconds
52.832: [GC52.832: [ParNew: 16100K->1068K(16640K), 0.0005500 secs] 25205K->10230K(55552K), 0.0005800 secs] [Times: user=0.00 sys=0.00, real=0.00 secs] 
52.833: Total time for which application threads were stopped: 0.0006920 seconds, Stopping threads took: 0.0000580 seconds
52.867: Application time: 0.0340340 seconds
52.867: [GC52.867: [ParNew: 15554K->1578K(16640K), 0.0008320 secs] 24716K->11281K(55552K), 0.0008660 secs] [Times: user=0.01 sys=0.00, real=0.00 secs] 
52.868: Total time for which application threads were stopped: 0.0010730 seconds, Stopping threads took: 0.0001460 seconds
52.904: Application time: 0.0362730 seconds
52.904: [GC52.904: [ParNew: 15992K->1032K(16640K), 0.0005180 secs] 25695K->10763K(55552K), 0.0005470 secs] [Times: user=0.00 sys=0.00, real=0.00 secs] 
52.905: Total time for which application threads were stopped: 0.0006650 seconds, Stopping threads took: 0.0000640 seconds
52.939: Application time: 0.0337700 seconds
52.939: [GC52.939: [ParNew: 15594K->1608K(16640K), 0.0008140 secs] 25325K->11851K(55552K), 0.0008480 secs] [Times: user=0.00 sys=0.00, real=0.00 secs] 
52.940: Total time for which application threads were stopped: 0.0009670 seconds, Stopping threads took: 0.0000590 seconds
52.976: Application time: 0.0358370 seconds
52.976: [GC52.976: [ParNew: 16102K->1066K(16640K), 0.0005350 secs] 26345K->11366K(55552K), 0.0005650 secs] [Times: user=0.00 sys=0.00, real=0.00 secs] 
52.976: Total time for which application threads were stopped: 0.0006850 seconds, Stopping threads took: 0.0000640 seconds
53.010: Application time: 0.0336920 seconds
53.010: [GC53.010: [ParNew: 15472K->1546K(16640K), 0.0008670 secs] 25772K->12387K(55552K), 0.0008990 secs] [Times: user=0.00 sys=0.00, real=0.00 secs] 
53.011: Total time for which application threads were stopped: 0.0010180 seconds, Stopping threads took: 0.0000660 seconds
53.046: Application time: 0.0353420 seconds
53.046: [GC53.046: [ParNew: 15958K->1546K(16640K), 0.0006500 secs] 26799K->12387K(55552K), 0.0006840 secs] [Times: user=0.01 sys=0.00, real=0.00 secs] 
53.047: Total time for which application threads were stopped: 0.0007990 seconds, Stopping threads took: 0.0000560 seconds
53.081: Application time: 0.0339820 seconds
53.081: [GC53.081: [ParNew: 15952K->1546K(16640K), 0.0008800 secs] 26792K->12899K(55552K), 0.0009130 secs] [Times: user=0.01 sys=0.00, real=0.00 secs] 
53.082: Total time for which application threads were stopped: 0.0010550 seconds, Stopping threads took: 0.0000830 seconds
53.118: Application time: 0.0356140 seconds
53.118: [GC53.118: [ParNew: 15962K->1034K(16640K), 0.0005830 secs] 27315K->12387K(55552K), 0.0006120 secs] [Times: user=0.00 sys=0.00, real=0.00 secs] 
53.119: Total time for which application threads were stopped: 0.0007520 seconds, Stopping threads took: 0.0000850 seconds
53.151: Application time: 0.0329480 seconds
53.152: [GC53.152: [ParNew: 15437K->1546K(16640K), 0.0010240 secs] 26790K->13923K(55552K), 0.0010610 secs] [Times: user=0.01 sys=0.00, real=0.00 secs] 
53.153: Total time for which application threads were stopped: 0.0012620 seconds, Stopping threads took: 0.0001380 seconds
53.189: Application time: 0.0362780 seconds
53.189: [GC53.189: [ParNew: 15960K->1546K(16640K), 0.0006210 secs] 28337K->13923K(55552K), 0.0006520 secs] [Times: user=0.01 sys=0.00, real=0.00 secs] 
53.190: Total time for which application threads were stopped: 0.0007700 seconds, Stopping threads took: 0.0000610 seconds
53.222: Application time: 0.0317440 seconds
53.222: [GC53.222: [ParNew: 15950K->1548K(16640K), 0.0011850 secs] 28327K->15461K(55552K), 0.0012220 secs] [Times: user=0.01 sys=0.00, real=0.00 secs] 
53.223: Total time for which application threads were stopped: 0.0013680 seconds, Stopping threads took: 0.0000720 seconds
53.260: Application time: 0.0371430 seconds
53.260: [GC53.260: [ParNew: 15964K->1546K(16640K), 0.0006440 secs] 29877K->15459K(55552K), 0.0006760 secs] [Times: user=0.00 sys=0.00, real=0.01 secs] 
53.261: Total time for which application threads were stopped: 0.0007910 seconds, Stopping threads took: 0.0000630 seconds
53.293: Application time: 0.0326400 seconds
53.294: [GC53.294: [ParNew: 15952K->1548K(16640K), 0.0010340 secs] 29865K->16485K(55552K), 0.0010690 secs] [Times: user=0.01 sys=0.00, real=0.00 secs] 
53.295: Total time for which application threads were stopped: 0.0012080 seconds, Stopping threads took: 0.0000710 seconds
53.331: Application time: 0.0365650 seconds
53.331: [GC53.331: [ParNew: 15962K->1550K(16640K), 0.0006800 secs] 30899K->16487K(55552K), 0.0007110 secs] [Times: user=0.01 sys=0.00, real=0.00 secs] 
53.332: Total time for which application threads were stopped: 0.0008390 seconds, Stopping threads took: 0.0000700 seconds
53.366: Application time: 0.0334400 seconds
53.366: [GC53.366: [ParNew: 15958K->1548K(16640K), 0.0008160 secs] 30895K->16997K(55552K), 0.0008490 secs] [Times: user=0.01 sys=0.00, real=0.00 secs] 
53.367: Total time for which application threads were stopped: 0.0010640 seconds, Stopping threads took: 0.0001550 seconds
53.401: Application time: 0.0341210 seconds
53.401: [GC53.401: [ParNew: 16036K->1578K(16640K), 0.0020620 secs] 31485K->17539K(55552K), 0.0021000 secs] [Times: user=0.02 sys=0.00, real=0.00 secs] 
53.403: Total time for which application threads were stopped: 0.0022190 seconds, Stopping threads took: 0.0000580 seconds
53.439: Application time: 0.0359250 seconds
53.439: [GC53.439: [ParNew: 16151K->1092K(16640K), 0.0005840 secs] 32112K->17081K(55552K), 0.0006140 secs] [Times: user=0.01 sys=0.00, real=0.00 secs] 
53.440: Total time for which application threads were stopped: 0.0007270 seconds, Stopping threads took: 0.0000560 seconds
53.474: Application time: 0.0339330 seconds
53.474: [GC53.474: [ParNew: 15494K->1548K(16640K), 0.0012220 secs] 31483K->19130K(55552K), 0.0012630 secs] [Times: user=0.01 sys=0.00, real=0.00 secs] 
53.475: Total time for which application threads were stopped: 0.0014150 seconds, Stopping threads took: 0.0000860 seconds
53.512: Application time: 0.0367560 seconds
53.512: [GC53.512: [ParNew: 16127K->1096K(16640K), 0.0005180 secs] 33709K->18678K(55552K), 0.0005480 secs] [Times: user=0.00 sys=0.00, real=0.00 secs] 
53.512: Total time for which application threads were stopped: 0.0006540 seconds, Stopping threads took: 0.0000550 seconds
53.544: Application time: 0.0320150 seconds
53.545: [GC53.545: [ParNew: 15500K->1548K(16640K), 0.0011170 secs] 33082K->20211K(55552K), 0.0011610 secs] [Times: user=0.00 sys=0.00, real=0.00 secs] 
53.546: Total time for which application threads were stopped: 0.0013100 seconds, Stopping threads took: 0.0000850 seconds
53.583: Application time: 0.0374150 seconds
53.583: [GC53.583: [ParNew: 15962K->1546K(16640K), 0.0006450 secs] 34626K->20209K(55552K), 0.0006770 secs] [Times: user=0.01 sys=0.00, real=0.00 secs] 
53.584: Total time for which application threads were stopped: 0.0008080 seconds, Stopping threads took: 0.0000720 seconds
53.616: Application time: 0.0321180 seconds
53.616: [GC53.616: [ParNew: 16112K->1608K(16640K), 0.0008280 secs] 34776K->20784K(55552K), 0.0008630 secs] [Times: user=0.01 sys=0.00, real=0.00 secs] 
53.617: Total time for which application threads were stopped: 0.0009950 seconds, Stopping threads took: 0.0000700 seconds
53.654: Application time: 0.0365200 seconds
53.654: [GC53.654: [ParNew: 16100K->1578K(16640K), 0.0008460 secs] 35276K->20810K(55552K), 0.0008780 secs] [Times: user=0.01 sys=0.00, real=0.00 secs] 
53.655: Total time for which application threads were stopped: 0.0010300 seconds, Stopping threads took: 0.0000930 seconds
53.688: Application time: 0.0336160 seconds
53.688: [GC53.688: [ParNew: 15988K->1548K(16640K), 0.0006530 secs] 35221K->20809K(55552K), 0.0006840 secs] [Times: user=0.01 sys=0.00, real=0.01 secs] 
53.689: Total time for which application threads were stopped: 0.0008530 seconds, Stopping threads took: 0.0001020 seconds
53.724: Application time: 0.0351780 seconds
53.724: [GC53.724: [ParNew: 15958K->1034K(16640K), 0.0005200 secs] 35219K->20295K(55552K), 0.0005530 secs] [Times: user=0.00 sys=0.00, real=0.00 secs] 
53.725: Total time for which application threads were stopped: 0.0007330 seconds, Stopping threads took: 0.0001250 seconds
53.760: Application time: 0.0345720 seconds
53.760: [GC53.760: [ParNew: 15444K->1546K(16640K), 0.0006160 secs] 34705K->20807K(55552K), 0.0006480 secs] [Times: user=0.00 sys=0.00, real=0.00 secs] 
53.760: Total time for which application threads were stopped: 0.0007700 seconds, Stopping threads took: 0.0000710 seconds
53.795: Application time: 0.0343220 seconds
53.795: [GC53.795: [ParNew: 15952K->1548K(16640K), 0.0009690 secs] 35213K->21833K(55552K), 0.0010050 secs] [Times: user=0.01 sys=0.00, real=0.00 secs] 
53.796: Total time for which application threads were stopped: 0.0011520 seconds, Stopping threads took: 0.0000720 seconds
53.832: Application time: 0.0363510 seconds
53.832: [GC53.832: [ParNew: 15962K->1548K(16640K), 0.0006510 secs] 36247K->21833K(55552K), 0.0006800 secs] [Times: user=0.00 sys=0.00, real=0.00 secs] 
53.833: Total time for which application threads were stopped: 0.0008080 seconds, Stopping threads took: 0.0000720 seconds
53.866: Application time: 0.0329360 seconds
53.866: [GC53.866: [ParNew: 15954K->1546K(16640K), 0.0010040 secs] 36239K->22855K(55552K), 0.0010370 secs] [Times: user=0.01 sys=0.00, real=0.00 secs] 
53.867: Total time for which application threads were stopped: 0.0011660 seconds, Stopping threads took: 0.0000670 seconds
53.903: Application time: 0.0357000 seconds
53.903: [GC53.903: [ParNew: 15960K->1546K(16640K), 0.0006500 secs] 37269K->22855K(55552K), 0.0006820 secs] [Times: user=0.01 sys=0.00, real=0.00 secs] 
53.904: Total time for which application threads were stopped: 0.0008060 seconds, Stopping threads took: 0.0000680 seconds
53.938: Application time: 0.0340170 seconds
53.938: [GC53.938: [ParNew: 15954K->1544K(16640K), 0.0007880 secs] 37263K->23365K(55552K), 0.0008230 secs] [Times: user=0.00 sys=0.00, real=0.00 secs] 
53.939: Total time for which application threads were stopped: 0.0009490 seconds, Stopping threads took: 0.0000650 seconds
53.974: Application time: 0.0356810 seconds
53.974: [GC53.974: [ParNew: 15956K->1548K(16640K), 0.0006150 secs] 37777K->23369K(55552K), 0.0006460 secs] [Times: user=0.00 sys=0.00, real=0.00 secs] 
53.975: Total time for which application threads were stopped: 0.0007710 seconds, Stopping threads took: 0.0000670 seconds
54.009: Application time: 0.0335400 seconds
54.009: [GC54.009: [ParNew: 15954K->1546K(16640K), 0.0010110 secs] 37775K->24391K(55552K), 0.0010460 secs] [Times: user=0.01 sys=0.00, real=0.00 secs] 
54.010: Total time for which application threads were stopped: 0.0011710 seconds, Stopping threads took: 0.0000620 seconds
54.045: Application time: 0.0353310 seconds
54.045: [GC54.045: [ParNew: 16040K->1578K(16640K), 0.0006910 secs] 38885K->24423K(55552K), 0.0007220 secs] [Times: user=0.01 sys=0.00, real=0.00 secs] 
54.046: Total time for which application threads were stopped: 0.0008630 seconds, Stopping threads took: 0.0000850 seconds
54.081: Application time: 0.0349850 seconds
54.081: [GC54.081: [ParNew: 16144K->1606K(16640K), 0.0006860 secs] 38990K->24480K(55552K), 0.0007180 secs] [Times: user=0.00 sys=0.00, real=0.00 secs] 
54.082: Total time for which application threads were stopped: 0.0008370 seconds, Stopping threads took: 0.0000620 seconds
54.116: Application time: 0.0343470 seconds
54.116: [GC54.116: [ParNew: 16016K->1548K(16640K), 0.0006730 secs] 38890K->24479K(55552K), 0.0007070 secs] [Times: user=0.00 sys=0.00, real=0.00 secs] 
54.117: Total time for which application threads were stopped: 0.0008230 seconds, Stopping threads took: 0.0000600 seconds
54.151: Application time: 0.0341070 seconds
54.151: [GC54.151: [ParNew: 16114K->1608K(16640K), 0.0008510 secs] 39045K->25051K(55552K), 0.0008850 secs] [Times: user=0.00 sys=0.00, real=0.00 secs] 
54.152: Total time for which application threads were stopped: 0.0010120 seconds, Stopping threads took: 0.0000650 seconds
54.188: Application time: 0.0362500 seconds
54.189: [GC54.189: [ParNew: 16022K->1034K(16640K), 0.0006580 secs] 39465K->24534K(55552K), 0.0006860 secs] [Times: user=0.00 sys=0.00, real=0.00 secs] 
54.189: Total time for which application threads were stopped: 0.0010060 seconds, Stopping threads took: 0.0002690 seconds
54.223: Application time: 0.0339890 seconds
54.223: [GC54.223: [ParNew: 15440K->1548K(16640K), 0.0007960 secs] 38940K->25560K(55552K), 0.0008310 secs] [Times: user=0.00 sys=0.00, real=0.00 secs] 
54.224: Total time for which application threads were stopped: 0.0009500 seconds, Stopping threads took: 0.0000600 seconds
54.259: Application time: 0.0345520 seconds
54.259: [GC54.259: [ParNew: 16118K->1606K(16640K), 0.0007140 secs] 40130K->25618K(55552K), 0.0007440 secs] [Times: user=0.00 sys=0.00, real=0.00 secs] 
54.260: Total time for which application threads were stopped: 0.0008640 seconds, Stopping threads took: 0.0000640 seconds
54.295: Application time: 0.0349330 seconds
54.295: [GC54.295: [ParNew: 16092K->1578K(16640K), 0.0008590 secs] 40104K->26159K(55552K), 0.0008940 secs] [Times: user=0.01 sys=0.00, real=0.00 secs] 
54.296: Total time for which application threads were stopped: 0.0010270 seconds, Stopping threads took: 0.0000720 seconds
54.332: Application time: 0.0368420 seconds
54.333: [GC54.333: [ParNew: 15992K->1034K(16640K), 0.0004540 secs] 40573K->25643K(55552K), 0.0004830 secs] [Times: user=0.00 sys=0.00, real=0.00 secs] 
54.333: Total time for which application threads were stopped: 0.0005990 seconds, Stopping threads took: 0.0000560 seconds
54.365: Application time: 0.0320560 seconds
54.365: [GC54.365: [ParNew: 15438K->1548K(16640K), 0.0010380 secs] 40047K->27181K(55552K), 0.0010750 secs] [Times: user=0.01 sys=0.00, real=0.00 secs] 
54.366: Total time for which application threads were stopped: 0.0012110 seconds, Stopping threads took: 0.0000740 seconds
54.402: Application time: 0.0354830 seconds
54.402: [GC54.402: [ParNew: 15962K->1546K(16640K), 0.0006640 secs] 41595K->27179K(55552K), 0.0006940 secs] [Times: user=0.00 sys=0.00, real=0.00 secs] 
54.403: Total time for which application threads were stopped: 0.0008160 seconds, Stopping threads took: 0.0000680 seconds
54.437: Application time: 0.0347190 seconds
54.437: [GC54.437: [ParNew: 15956K->1546K(16640K), 0.0006300 secs] 41589K->27179K(55552K), 0.0006640 secs] [Times: user=0.00 sys=0.00, real=0.00 secs] 
54.438: Total time for which application threads were stopped: 0.0007860 seconds, Stopping threads took: 0.0000610 seconds
54.472: Application time: 0.0340360 seconds
54.472: [GC54.472: [ParNew: 15954K->1548K(16640K), 0.0008030 secs] 41587K->27693K(55552K), 0.0008390 secs] [Times: user=0.01 sys=0.00, real=0.00 secs] 
54.473: Total time for which application threads were stopped: 0.0009680 seconds, Stopping threads took: 0.0000670 seconds
54.510: Application time: 0.0365420 seconds
54.510: [GC54.510: [ParNew: 15962K->1034K(16640K), 0.0005380 secs] 42107K->27179K(55552K), 0.0005680 secs] [Times: user=0.01 sys=0.00, real=0.00 secs] 
54.510: Total time for which application threads were stopped: 0.0006830 seconds, Stopping threads took: 0.0000590 seconds
54.542: Application time: 0.0313580 seconds
54.542: [GC54.542: [ParNew: 15437K->1548K(16640K), 0.0009900 secs] 41583K->28717K(55552K), 0.0010260 secs] [Times: user=0.00 sys=0.00, real=0.00 secs] 
54.543: Total time for which application threads were stopped: 0.0011500 seconds, Stopping threads took: 0.0000620 seconds
54.579: Application time: 0.0363860 seconds
54.580: [GC54.580: [ParNew: 15964K->1036K(16640K), 0.0005340 secs] 43134K->28205K(55552K), 0.0005630 secs] [Times: user=0.01 sys=0.00, real=0.01 secs] 
54.581: Total time for which application threads were stopped: 0.0012910 seconds, Stopping threads took: 0.0006720 seconds
54.613: Application time: 0.0329060 seconds
54.614: [GC54.614: [ParNew: 15439K->1546K(16640K), 0.0009880 secs] 42609K->29739K(55552K), 0.0010340 secs] [Times: user=0.01 sys=0.00, real=0.00 secs] 
54.615: Total time for which application threads were stopped: 0.0011580 seconds, Stopping threads took: 0.0000670 seconds
54.651: Application time: 0.0360660 seconds
54.651: [GC54.651: [ParNew: 15960K->1546K(16640K), 0.0006610 secs] 44154K->29739K(55552K), 0.0006930 secs] [Times: user=0.00 sys=0.00, real=0.00 secs] 
54.652: Total time for which application threads were stopped: 0.0008110 seconds, Stopping threads took: 0.0000630 seconds
54.685: Application time: 0.0331900 seconds
54.685: [GC54.685: [ParNew: 15954K->1546K(16640K), 0.0008380 secs] 44147K->30251K(55552K), 0.0008710 secs] [Times: user=0.00 sys=0.00, real=0.00 secs] 
54.686: Total time for which application threads were stopped: 0.0009880 seconds, Stopping threads took: 0.0000570 seconds
54.722: Application time: 0.0364880 seconds
54.722: [GC54.722: [ParNew: 16199K->1124K(16640K), 0.0004950 secs] 44904K->29829K(55552K), 0.0005260 secs] [Times: user=0.01 sys=0.00, real=0.00 secs] 
54.723: Total time for which application threads were stopped: 0.0006370 seconds, Stopping threads took: 0.0000560 seconds
54.756: Application time: 0.0333260 seconds
54.756: [GC54.756: [ParNew: 15530K->1548K(16640K), 0.0008500 secs] 44235K->30851K(55552K), 0.0008860 secs] [Times: user=0.01 sys=0.00, real=0.00 secs] 
54.757: Total time for which application threads were stopped: 0.0010220 seconds, Stopping threads took: 0.0000760 seconds
54.794: Application time: 0.0365820 seconds
54.794: [GC54.794: [ParNew: 16124K->582K(16640K), 0.0003670 secs] 45428K->29885K(55552K), 0.0003960 secs] [Times: user=0.00 sys=0.00, real=0.00 secs] 
54.794: Total time for which application threads were stopped: 0.0005010 seconds, Stopping threads took: 0.0000530 seconds
54.826: Application time: 0.0321410 seconds
54.827: [GC54.827: [ParNew: 14984K->1608K(16640K), 0.0008180 secs] 44287K->31423K(55552K), 0.0008520 secs] [Times: user=0.00 sys=0.00, real=0.00 secs] 
54.827: Total time for which application threads were stopped: 0.0010490 seconds, Stopping threads took: 0.0001330 seconds
54.864: Application time: 0.0361130 seconds
54.864: [GC54.864: [ParNew: 16026K->522K(16640K), 0.0004060 secs] 45841K->30394K(55552K), 0.0004350 secs] [Times: user=0.01 sys=0.00, real=0.00 secs] 
54.864: Total time for which application threads were stopped: 0.0006520 seconds, Stopping threads took: 0.0001600 seconds
54.898: Application time: 0.0334150 seconds
54.898: [GC54.898: [ParNew: 14923K->1550K(16640K), 0.0008710 secs] 44796K->31934K(55552K), 0.0009040 secs] [Times: user=0.01 sys=0.00, real=0.00 secs] 
54.899: Total time for which application threads were stopped: 0.0010460 seconds, Stopping threads took: 0.0000800 seconds
54.933: Application time: 0.0339100 seconds
54.933: [GC54.933: [ParNew: 16114K->1608K(16640K), 0.0012030 secs] 46499K->33528K(55552K), 0.0012400 secs] [Times: user=0.01 sys=0.00, real=0.00 secs] 
54.934: Total time for which application threads were stopped: 0.0013650 seconds, Stopping threads took: 0.0000620 seconds
54.970: Application time: 0.0365080 seconds
54.971: [GC54.971: [ParNew: 16104K->1576K(16640K), 0.0007000 secs] 48025K->33553K(55552K), 0.0007310 secs] [Times: user=0.00 sys=0.00, real=0.00 secs] 
54.971: Total time for which application threads were stopped: 0.0008540 seconds, Stopping threads took: 0.0000640 seconds
55.004: Application time: 0.0323860 seconds
55.004: [GC55.004: [ParNew: 15982K->1546K(16640K), 0.0009780 secs] 47959K->34576K(55552K), 0.0010130 secs] [Times: user=0.01 sys=0.00, real=0.00 secs] 
55.005: Total time for which application threads were stopped: 0.0011520 seconds, Stopping threads took: 0.0000780 seconds
55.043: Application time: 0.0376360 seconds
55.043: [GC55.043: [ParNew: 15960K->1548K(16640K), 0.0006340 secs] 48990K->34578K(55552K), 0.0006650 secs] [Times: user=0.00 sys=0.00, real=0.00 secs] 
55.043: Total time for which application threads were stopped: 0.0007790 seconds, Stopping threads took: 0.0000590 seconds
55.076: Application time: 0.0324920 seconds
55.076: [GC55.076: [ParNew: 15956K->1546K(16640K), 0.0008150 secs] 48986K->35088K(55552K), 0.0008570 secs] [Times: user=0.01 sys=0.00, real=0.00 secs] 
55.077: Total time for which application threads were stopped: 0.0010430 seconds, Stopping threads took: 0.0001230 seconds
55.112: Application time: 0.0351950 seconds
55.112: [GC55.112: [ParNew: 15956K->1548K(16640K), 0.0008420 secs] 49498K->35602K(55552K), 0.0008770 secs] [Times: user=0.01 sys=0.00, real=0.00 secs] 
55.113: Total time for which application threads were stopped: 0.0009930 seconds, Stopping threads took: 0.0000620 seconds
55.147: Application time: 0.0339960 seconds
55.147: [GC55.147: [ParNew: 15958K->1544K(16640K), 0.0008610 secs] 50012K->36110K(55552K), 0.0008930 secs] [Times: user=0.00 sys=0.00, real=0.00 secs] 
55.148: Total time for which application threads were stopped: 0.0010180 seconds, Stopping threads took: 0.0000650 seconds
55.182: Application time: 0.0342950 seconds
55.182: [GC55.182: [ParNew: 15956K->1548K(16640K), 0.0006770 secs] 50522K->36114K(55552K), 0.0007060 secs] [Times: user=0.01 sys=0.00, real=0.00 secs] 
55.183: Total time for which application threads were stopped: 0.0008420 seconds, Stopping threads took: 0.0000800 seconds
55.219: Application time: 0.0354090 seconds
55.219: [GC55.219: [ParNew: 15956K->1548K(16640K), 0.0008370 secs] 50522K->36626K(55552K), 0.0008690 secs] [Times: user=0.00 sys=0.00, real=0.00 secs] 
55.220: Total time for which application threads were stopped: 0.0010000 seconds, Stopping threads took: 0.0000700 seconds
55.255: Application time: 0.0353220 seconds
55.255: [GC55.255: [ParNew: 15960K->1546K(16640K), 0.0006190 secs] 51038K->36624K(55552K), 0.0006520 secs] [Times: user=0.00 sys=0.00, real=0.00 secs] 
55.256: Total time for which application threads were stopped: 0.0007750 seconds, Stopping threads took: 0.0000660 seconds
55.291: Application time: 0.0349880 seconds
55.291: [GC55.291: [ParNew: 15956K->1546K(16640K), 0.0007140 secs] 51034K->36624K(55552K), 0.0007450 secs] [Times: user=0.00 sys=0.00, real=0.00 secs] 
55.292: Total time for which application threads were stopped: 0.0008710 seconds, Stopping threads took: 0.0000690 seconds
55.323: Application time: 0.0316010 seconds
55.323: [GC55.323: [ParNew: 15952K->1550K(16640K), 0.0010500 secs] 51030K->37652K(55552K), 0.0010850 secs] [Times: user=0.00 sys=0.00, real=0.00 secs] 
55.324: Total time for which application threads were stopped: 0.0012300 seconds, Stopping threads took: 0.0000820 seconds
55.325: Application time: 0.0001260 seconds
55.329: [GC [1 CMS-initial-mark: 36102K(38912K)] 38166K(55552K), 0.0001000 secs] [Times: user=0.00 sys=0.00, real=0.00 secs] 
55.329: Total time for which application threads were stopped: 0.0042570 seconds, Stopping threads took: 0.0041370 seconds
55.329: [CMS-concurrent-mark-start]
55.332: [CMS-concurrent-mark: 0.003/0.003 secs] [Times: user=0.01 sys=0.00, real=0.00 secs] 
55.332: [CMS-concurrent-preclean-start]
55.332: [CMS-concurrent-preclean: 0.000/0.000 secs] [Times: user=0.00 sys=0.00, real=0.00 secs] 
55.332: Application time: 0.0033410 seconds
55.332: [GC[YG occupancy: 2582 K (16640 K)]55.332: [Rescan (parallel) , 0.0001870 secs]55.332: [weak refs processing, 0.0000060 secs]55.332: [scrub string table, 0.0001000 secs] [1 CMS-remark: 36102K(38912K)] 38684K(55552K), 0.0003200 secs] [Times: user=0.00 sys=0.00, real=0.00 secs] 
55.333: Total time for which application threads were stopped: 0.0004380 seconds, Stopping threads took: 0.0000940 seconds
55.333: [CMS-concurrent-sweep-start]
55.333: [CMS-concurrent-sweep: 0.001/0.001 secs] [Times: user=0.00 sys=0.00, real=0.00 secs] 
55.333: [CMS-concurrent-reset-start]
55.333: [CMS-concurrent-reset: 0.000/0.000 secs] [Times: user=0.00 sys=0.00, real=0.00 secs] 
55.368: Application time: 0.0352770 seconds
55.368: [GC55.368: [ParNew: 16129K->582K(16640K), 0.0004270 secs] 22647K->7101K(55552K), 0.0004580 secs] [Times: user=0.00 sys=0.00, real=0.00 secs] 
55.368: Total time for which application threads were stopped: 0.0005790 seconds, Stopping threads took: 0.0000590 seconds
55.400: Application time: 0.0316140 seconds
55.400: [GC55.400: [ParNew: 15064K->1636K(16640K), 0.0009030 secs] 21583K->8667K(55552K), 0.0009460 secs] [Times: user=0.01 sys=0.00, real=0.01 secs] 
55.401: Total time for which application threads were stopped: 0.0010950 seconds, Stopping threads took: 0.0000870 seconds
55.437: Application time: 0.0362690 seconds
55.438: [GC55.438: [ParNew: 16206K->1094K(16640K), 0.0006210 secs] 23237K->8210K(55552K), 0.0006580 secs] [Times: user=0.00 sys=0.00, real=0.00 secs] 
55.438: Total time for which application threads were stopped: 0.0007680 seconds, Stopping threads took: 0.0000550 seconds
55.471: Application time: 0.0332370 seconds
55.472: [GC55.472: [ParNew: 15500K->1548K(16640K), 0.0008490 secs] 22616K->9233K(55552K), 0.0008860 secs] [Times: user=0.00 sys=0.00, real=0.00 secs] 
55.472: Total time for which application threads were stopped: 0.0010160 seconds, Stopping threads took: 0.0000680 seconds
55.507: Application time: 0.0346630 seconds
55.507: [GC55.507: [ParNew: 15956K->1548K(16640K), 0.0010040 secs] 23641K->10257K(55552K), 0.0010410 secs] [Times: user=0.01 sys=0.00, real=0.00 secs] 
55.508: Total time for which application threads were stopped: 0.0011700 seconds, Stopping threads took: 0.0000640 seconds
55.544: Application time: 0.0357880 seconds
55.544: [GC55.544: [ParNew: 15962K->1548K(16640K), 0.0007090 secs] 24671K->10257K(55552K), 0.0007410 secs] [Times: user=0.01 sys=0.00, real=0.00 secs] 
55.545: Total time for which application threads were stopped: 0.0008580 seconds, Stopping threads took: 0.0000600 seconds
55.576: Application time: 0.0312340 seconds
55.576: [GC55.576: [ParNew: 16030K->1580K(16640K), 0.0011990 secs] 24739K->11825K(55552K), 0.0012380 secs] [Times: user=0.01 sys=0.00, real=0.00 secs] 
55.578: Total time for which application threads were stopped: 0.0013780 seconds, Stopping threads took: 0.0000760 seconds
55.615: Application time: 0.0378920 seconds
55.616: [GC55.616: [ParNew: 16076K->1576K(16640K), 0.0006760 secs] 26322K->11850K(55552K), 0.0007070 secs] [Times: user=0.00 sys=0.00, real=0.00 secs] 
55.616: Total time for which application threads were stopped: 0.0008230 seconds, Stopping threads took: 0.0000630 seconds
55.648: Application time: 0.0318920 seconds
55.648: [GC55.648: [ParNew: 16060K->1580K(16640K), 0.0012270 secs] 26334K->13418K(55552K), 0.0012640 secs] [Times: user=0.01 sys=0.00, real=0.01 secs] 
55.650: Total time for which application threads were stopped: 0.0014180 seconds, Stopping threads took: 0.0000920 seconds
55.686: Application time: 0.0360250 seconds
55.686: [GC55.686: [ParNew: 15996K->1548K(16640K), 0.0006340 secs] 27835K->13415K(55552K), 0.0006660 secs] [Times: user=0.00 sys=0.00, real=0.00 secs] 
55.686: Total time for which application threads were stopped: 0.0007980 seconds, Stopping threads took: 0.0000750 seconds
55.723: Application time: 0.0365950 seconds
55.723: [GC55.723: [ParNew: 15960K->1036K(16640K), 0.0004570 secs] 27827K->12903K(55552K), 0.0004890 secs] [Times: user=0.01 sys=0.00, real=0.00 secs] 
55.724: Total time for which application threads were stopped: 0.0006110 seconds, Stopping threads took: 0.0000690 seconds
55.756: Application time: 0.0325620 seconds
55.756: [GC55.756: [ParNew: 15439K->1550K(16640K), 0.0010880 secs] 27307K->14441K(55552K), 0.0011260 secs] [Times: user=0.00 sys=0.00, real=0.00 secs] 
55.757: Total time for which application threads were stopped: 0.0012530 seconds, Stopping threads took: 0.0000600 seconds
55.795: Application time: 0.0375470 seconds
55.795: [GC55.795: [ParNew: 15966K->1034K(16640K), 0.0004740 secs] 28857K->13925K(55552K), 0.0005060 secs] [Times: user=0.00 sys=0.00, real=0.00 secs] 
55.796: Total time for which application threads were stopped: 0.0006290 seconds, Stopping threads took: 0.0000670 seconds
55.827: Application time: 0.0312920 seconds
55.827: [GC55.827: [ParNew: 15437K->1546K(16640K), 0.0010040 secs] 28329K->15461K(55552K), 0.0010410 secs] [Times: user=0.01 sys=0.00, real=0.00 secs] 
55.828: Total time for which application threads were stopped: 0.0011720 seconds, Stopping threads took: 0.0000590 seconds
55.864: Application time: 0.0362970 seconds
55.864: [GC55.865: [ParNew: 15962K->1034K(16640K), 0.0005460 secs] 29877K->14949K(55552K), 0.0005750 secs] [Times: user=0.00 sys=0.00, real=0.00 secs] 
55.865: Total time for which application threads were stopped: 0.0006830 seconds, Stopping threads took: 0.0000590 seconds
55.899: Application time: 0.0342910 seconds
55.899: [GC55.900: [ParNew: 15440K->1546K(16640K), 0.0008210 secs] 29355K->15973K(55552K), 0.0008580 secs] [Times: user=0.01 sys=0.00, real=0.00 secs] 
55.900: Total time for which application threads were stopped: 0.0009950 seconds, Stopping threads took: 0.0000640 seconds
55.936: Application time: 0.0352350 seconds
55.936: [GC55.936: [ParNew: 15958K->1548K(16640K), 0.0006450 secs] 30385K->15975K(55552K), 0.0006760 secs] [Times: user=0.00 sys=0.00, real=0.00 secs] 
55.936: Total time for which application threads were stopped: 0.0008000 seconds, Stopping threads took: 0.0000670 seconds
55.971: Application time: 0.0348920 seconds
55.971: [GC55.971: [ParNew: 15956K->1548K(16640K), 0.0008470 secs] 30383K->16487K(55552K), 0.0008790 secs] [Times: user=0.01 sys=0.00, real=0.00 secs] 
55.972: Total time for which application threads were stopped: 0.0010270 seconds, Stopping threads took: 0.0000860 seconds
56.007: Application time: 0.0344930 seconds
56.007: [GC56.007: [ParNew: 16114K->1606K(16640K), 0.0008260 secs] 31054K->17057K(55552K), 0.0008620 secs] [Times: user=0.01 sys=0.00, real=0.00 secs] 
56.008: Total time for which application threads were stopped: 0.0009930 seconds, Stopping threads took: 0.0000700 seconds
56.043: Application time: 0.0356770 seconds
56.044: [GC56.044: [ParNew: 16100K->1066K(16640K), 0.0005650 secs] 31552K->16574K(55552K), 0.0005960 secs] [Times: user=0.00 sys=0.00, real=0.00 secs] 
56.044: Total time for which application threads were stopped: 0.0007080 seconds, Stopping threads took: 0.0000540 seconds
56.077: Application time: 0.0325190 seconds
56.077: [GC56.077: [ParNew: 15628K->1604K(16640K), 0.0009020 secs] 31136K->17653K(55552K), 0.0009360 secs] [Times: user=0.00 sys=0.00, real=0.00 secs] 
56.078: Total time for which application threads were stopped: 0.0010630 seconds, Stopping threads took: 0.0000670 seconds
56.113: Application time: 0.0349730 seconds
56.113: [GC56.113: [ParNew: 16016K->1546K(16640K), 0.0008020 secs] 32065K->17652K(55552K), 0.0008340 secs] [Times: user=0.01 sys=0.00, real=0.00 secs] 
56.114: Total time for which application threads were stopped: 0.0009660 seconds, Stopping threads took: 0.0000760 seconds
56.148: Application time: 0.0342690 seconds
56.148: [GC56.148: [ParNew: 15954K->1546K(16640K), 0.0008030 secs] 32060K->18164K(55552K), 0.0008380 secs] [Times: user=0.01 sys=0.00, real=0.01 secs] 
56.149: Total time for which application threads were stopped: 0.0009700 seconds, Stopping threads took: 0.0000710 seconds
56.185: Application time: 0.0361330 seconds
56.185: [GC56.185: [ParNew: 15960K->1034K(16640K), 0.0004840 secs] 32578K->17652K(55552K), 0.0005130 secs] [Times: user=0.00 sys=0.00, real=0.00 secs] 
56.186: Total time for which application threads were stopped: 0.0006320 seconds, Stopping threads took: 0.0000660 seconds
56.219: Application time: 0.0331820 seconds
56.219: [GC56.219: [ParNew: 15437K->1548K(16640K), 0.0010400 secs] 32055K->19190K(55552K), 0.0010780 secs] [Times: user=0.01 sys=0.00, real=0.00 secs] 
56.220: Total time for which application threads were stopped: 0.0012340 seconds, Stopping threads took: 0.0000930 seconds
56.257: Application time: 0.0364130 seconds
56.257: [GC56.257: [ParNew: 16044K->1068K(16640K), 0.0004820 secs] 33686K->18710K(55552K), 0.0005140 secs] [Times: user=0.00 sys=0.00, real=0.00 secs] 
56.257: Total time for which application threads were stopped: 0.0006340 seconds, Stopping threads took: 0.0000630 seconds
56.289: Application time: 0.0318940 seconds
56.289: [GC56.289: [ParNew: 15626K->1608K(16640K), 0.0011950 secs] 33268K->20814K(55552K), 0.0012350 secs] [Times: user=0.01 sys=0.00, real=0.00 secs] 
56.290: Total time for which application threads were stopped: 0.0013680 seconds, Stopping threads took: 0.0000590 seconds
56.327: Application time: 0.0365890 seconds
56.327: [GC56.327: [ParNew: 16024K->1548K(16640K), 0.0006520 secs] 35231K->20811K(55552K), 0.0006830 secs] [Times: user=0.01 sys=0.00, real=0.00 secs] 
56.328: Total time for which application threads were stopped: 0.0007950 seconds, Stopping threads took: 0.0000570 seconds
56.360: Application time: 0.0321410 seconds
56.360: [GC56.360: [ParNew: 15952K->1548K(16640K), 0.0011880 secs] 35215K->22347K(55552K), 0.0012260 secs] [Times: user=0.01 sys=0.00, real=0.01 secs] 
56.361: Total time for which application threads were stopped: 0.0013660 seconds, Stopping threads took: 0.0000760 seconds
56.398: Application time: 0.0368110 seconds
56.398: [GC56.398: [ParNew: 15964K->1546K(16640K), 0.0006120 secs] 36764K->22345K(55552K), 0.0006420 secs] [Times: user=0.00 sys=0.00, real=0.00 secs] 
56.399: Total time for which application threads were stopped: 0.0007560 seconds, Stopping threads took: 0.0000580 seconds
56.431: Application time: 0.0325100 seconds
56.432: [GC56.432: [ParNew: 15950K->1548K(16640K), 0.0012520 secs] 36749K->23883K(55552K), 0.0012860 secs] [Times: user=0.01 sys=0.00, real=0.00 secs] 
56.433: Total time for which application threads were stopped: 0.0014300 seconds, Stopping threads took: 0.0000730 seconds
56.468: Application time: 0.0353540 seconds
56.468: [GC56.468: [ParNew: 15964K->1546K(16640K), 0.0006280 secs] 38300K->23881K(55552K), 0.0006620 secs] [Times: user=0.01 sys=0.00, real=0.01 secs] 
56.469: Total time for which application threads were stopped: 0.0007800 seconds, Stopping threads took: 0.0000630 seconds
56.506: Application time: 0.0372250 seconds
56.506: [GC56.506: [ParNew: 15956K->1546K(16640K), 0.0006990 secs] 38291K->23881K(55552K), 0.0007320 secs] [Times: user=0.01 sys=0.00, real=0.00 secs] 
56.507: Total time for which application threads were stopped: 0.0008640 seconds, Stopping threads took: 0.0000720 seconds
56.539: Application time: 0.0322740 seconds
56.539: [GC56.540: [ParNew: 15950K->1548K(16640K), 0.0012400 secs] 38285K->25419K(55552K), 0.0012810 secs] [Times: user=0.00 sys=0.00, real=0.01 secs] 
56.541: Total time for which application threads were stopped: 0.0014090 seconds, Stopping threads took: 0.0000620 seconds
56.577: Application time: 0.0363770 seconds
56.577: [GC56.577: [ParNew: 15964K->1548K(16640K), 0.0006510 secs] 39836K->25419K(55552K), 0.0006830 secs] [Times: user=0.01 sys=0.00, real=0.00 secs] 
56.578: Total time for which application threads were stopped: 0.0008070 seconds, Stopping threads took: 0.0000670 seconds
56.612: Application time: 0.0337930 seconds
56.612: [GC56.612: [ParNew: 15954K->1548K(16640K), 0.0008360 secs] 39825K->25931K(55552K), 0.0008700 secs] [Times: user=0.00 sys=0.00, real=0.00 secs] 
56.613: Total time for which application threads were stopped: 0.0010620 seconds, Stopping threads took: 0.0001300 seconds
56.648: Application time: 0.0355500 seconds
56.649: [GC56.649: [ParNew: 16116K->1606K(16640K), 0.0008330 secs] 40500K->26501K(55552K), 0.0008710 secs] [Times: user=0.00 sys=0.00, real=0.01 secs] 
56.649: Total time for which application threads were stopped: 0.0010010 seconds, Stopping threads took: 0.0000680 seconds
56.684: Application time: 0.0341100 seconds
56.684: [GC56.684: [ParNew: 16098K->1578K(16640K), 0.0006890 secs] 40994K->26530K(55552K), 0.0007230 secs] [Times: user=0.00 sys=0.00, real=0.00 secs] 
56.684: Total time for which application threads were stopped: 0.0008580 seconds, Stopping threads took: 0.0000780 seconds
56.718: Application time: 0.0337770 seconds
56.718: [GC56.718: [ParNew: 16138K->1608K(16640K), 0.0012170 secs] 41091K->28125K(55552K), 0.0012560 secs] [Times: user=0.01 sys=0.00, real=0.00 secs] 
56.720: Total time for which application threads were stopped: 0.0013800 seconds, Stopping threads took: 0.0000630 seconds
56.757: Application time: 0.0379480 seconds
56.761: [GC56.761: [ParNew: 16024K->1548K(16640K), 0.0008490 secs] 42541K->28122K(55552K), 0.0008910 secs] [Times: user=0.01 sys=0.00, real=0.00 secs] 
56.762: Total time for which application threads were stopped: 0.0040730 seconds, Stopping threads took: 0.0031230 seconds
56.795: Application time: 0.0337630 seconds
56.795: [GC56.795: [ParNew: 15954K->1546K(16640K), 0.0010470 secs] 42528K->29144K(55552K), 0.0010840 secs] [Times: user=0.00 sys=0.00, real=0.00 secs] 
56.797: Total time for which application threads were stopped: 0.0012110 seconds, Stopping threads took: 0.0000570 seconds
56.832: Application time: 0.0350960 seconds
56.832: [GC56.832: [ParNew: 15958K->1548K(16640K), 0.0008180 secs] 43556K->29658K(55552K), 0.0008510 secs] [Times: user=0.01 sys=0.00, real=0.00 secs] 
56.833: Total time for which application threads were stopped: 0.0009730 seconds, Stopping threads took: 0.0000620 seconds
56.867: Application time: 0.0347850 seconds
56.867: [GC56.868: [ParNew: 15962K->1030K(16640K), 0.0004610 secs] 44072K->29140K(55552K), 0.0004930 secs] [Times: user=0.00 sys=0.00, real=0.00 secs] 
56.868: Total time for which application threads were stopped: 0.0006090 seconds, Stopping threads took: 0.0000660 seconds
56.901: Application time: 0.0333320 seconds
56.901: [GC56.901: [ParNew: 15512K->1580K(16640K), 0.0009820 secs] 43622K->30714K(55552K), 0.0010180 secs] [Times: user=0.00 sys=0.00, real=0.00 secs] 
56.902: Total time for which application threads were stopped: 0.0011510 seconds, Stopping threads took: 0.0000700 seconds
56.939: Application time: 0.0363700 seconds
56.939: [GC56.939: [ParNew: 16076K->1066K(16640K), 0.0005180 secs] 45211K->30229K(55552K), 0.0005490 secs] [Times: user=0.01 sys=0.00, real=0.00 secs] 
56.940: Total time for which application threads were stopped: 0.0006760 seconds, Stopping threads took: 0.0000650 seconds
56.972: Application time: 0.0321920 seconds
56.972: [GC56.972: [ParNew: 15548K->1580K(16640K), 0.0010360 secs] 44711K->31795K(55552K), 0.0010740 secs] [Times: user=0.01 sys=0.00, real=0.00 secs] 
56.973: Total time for which application threads were stopped: 0.0011980 seconds, Stopping threads took: 0.0000610 seconds
57.010: Application time: 0.0367620 seconds
57.010: [GC57.010: [ParNew: 15996K->1034K(16640K), 0.0004910 secs] 46211K->31278K(55552K), 0.0005230 secs] [Times: user=0.00 sys=0.00, real=0.00 secs] 
57.010: Total time for which application threads were stopped: 0.0006400 seconds, Stopping threads took: 0.0000610 seconds
57.043: Application time: 0.0326360 seconds
57.043: [GC57.043: [ParNew: 15437K->1550K(16640K), 0.0009820 secs] 45681K->32818K(55552K), 0.0010160 secs] [Times: user=0.01 sys=0.00, real=0.00 secs] 
57.044: Total time for which application threads were stopped: 0.0011390 seconds, Stopping threads took: 0.0000610 seconds
57.080: Application time: 0.0362780 seconds
57.080: [GC57.081: [ParNew: 15966K->1032K(16640K), 0.0005020 secs] 47234K->32300K(55552K), 0.0005330 secs] [Times: user=0.00 sys=0.00, real=0.01 secs] 
57.081: Total time for which application threads were stopped: 0.0006470 seconds, Stopping threads took: 0.0000590 seconds
57.113: Application time: 0.0323340 seconds
57.114: [GC57.114: [ParNew: 15435K->1546K(16640K), 0.0009980 secs] 46703K->33838K(55552K), 0.0010340 secs] [Times: user=0.01 sys=0.00, real=0.00 secs] 
57.115: Total time for which application threads were stopped: 0.0011710 seconds, Stopping threads took: 0.0000740 seconds
57.151: Application time: 0.0364350 seconds
57.151: [GC57.151: [ParNew: 15960K->1546K(16640K), 0.0007020 secs] 48252K->33838K(55552K), 0.0007330 secs] [Times: user=0.00 sys=0.00, real=0.00 secs] 
57.152: Total time for which application threads were stopped: 0.0008590 seconds, Stopping threads took: 0.0000680 seconds
57.185: Application time: 0.0334130 seconds
57.185: [GC57.185: [ParNew: 15952K->1546K(16640K), 0.0011100 secs] 48244K->34862K(55552K), 0.0011460 secs] [Times: user=0.00 sys=0.01, real=0.00 secs] 
57.187: Total time for which application threads were stopped: 0.0012760 seconds, Stopping threads took: 0.0000670 seconds
57.223: Application time: 0.0359630 seconds
57.223: [GC57.223: [ParNew: 15958K->1546K(16640K), 0.0007240 secs] 49274K->35374K(55552K), 0.0007640 secs] [Times: user=0.01 sys=0.00, real=0.00 secs] 
57.223: Total time for which application threads were stopped: 0.0008860 seconds, Stopping threads took: 0.0000660 seconds
57.260: Application time: 0.0364020 seconds
57.260: [GC57.260: [ParNew: 15958K->1036K(16640K), 0.0005600 secs] 49786K->34864K(55552K), 0.0005920 secs] [Times: user=0.00 sys=0.00, real=0.01 secs] 
57.261: Total time for which application threads were stopped: 0.0007660 seconds, Stopping threads took: 0.0001160 seconds
57.292: Application time: 0.0319110 seconds
57.297: [GC57.297: [ParNew: 15600K->1608K(16640K), 0.0009200 secs] 49428K->35948K(55552K), 0.0009570 secs] [Times: user=0.01 sys=0.00, real=0.00 secs] 
57.298: Total time for which application threads were stopped: 0.0051320 seconds, Stopping threads took: 0.0041130 seconds
57.335: Application time: 0.0374800 seconds
57.335: [GC57.335: [ParNew: 16104K->1064K(16640K), 0.0005450 secs] 50444K->35461K(55552K), 0.0005800 secs] [Times: user=0.00 sys=0.00, real=0.00 secs] 
57.336: Total time for which application threads were stopped: 0.0006910 seconds, Stopping threads took: 0.0000540 seconds
57.367: Application time: 0.0313290 seconds
57.367: [GC57.367: [ParNew: 15548K->1574K(16640K), 0.0008470 secs] 49945K->36511K(55552K), 0.0008840 secs] [Times: user=0.01 sys=0.00, real=0.00 secs] 
57.368: Total time for which application threads were stopped: 0.0010060 seconds, Stopping threads took: 0.0000650 seconds
57.406: Application time: 0.0376440 seconds
57.406: [GC57.406: [ParNew: 16068K->1066K(16640K), 0.0005210 secs] 51006K->36032K(55552K), 0.0005500 secs] [Times: user=0.00 sys=0.00, real=0.00 secs] 
57.406: Total time for which application threads were stopped: 0.0006630 seconds, Stopping threads took: 0.0000570 seconds
57.439: Application time: 0.0322480 seconds
57.439: [GC57.439: [ParNew: 15468K->1548K(16640K), 0.0012870 secs] 50434K->38078K(55552K), 0.0013250 secs] [Times: user=0.01 sys=0.00, real=0.00 secs] 
57.440: Total time for which application threads were stopped: 0.0014500 seconds, Stopping threads took: 0.0000600 seconds
57.440: Application time: 0.0000430 seconds
57.440: [GC [1 CMS-initial-mark: 36530K(38912K)] 38590K(55552K), 0.0000890 secs] [Times: user=0.00 sys=0.00, real=0.00 secs] 
57.440: Total time for which application threads were stopped: 0.0002830 seconds, Stopping threads took: 0.0001660 seconds
57.440: [CMS-concurrent-mark-start]
57.443: [CMS-concurrent-mark: 0.003/0.003 secs] [Times: user=0.01 sys=0.00, real=0.01 secs] 
57.443: [CMS-concurrent-preclean-start]
57.443: [CMS-concurrent-preclean: 0.000/0.000 secs] [Times: user=0.00 sys=0.00, real=0.00 secs] 
57.443: Application time: 0.0029930 seconds
57.444: [GC[YG occupancy: 2590 K (16640 K)]57.444: [Rescan (parallel) , 0.0001290 secs]57.444: [weak refs processing, 0.0000060 secs]57.444: [scrub string table, 0.0000940 secs] [1 CMS-remark: 36530K(38912K)] 39121K(55552K), 0.0002550 secs] [Times: user=0.00 sys=0.00, real=0.00 secs] 
57.444: Total time for which application threads were stopped: 0.0003280 seconds, Stopping threads took: 0.0000500 seconds
57.444: [CMS-concurrent-sweep-start]
57.444: [CMS-concurrent-sweep: 0.001/0.001 secs] [Times: user=0.01 sys=0.00, real=0.00 secs] 
57.444: [CMS-concurrent-reset-start]
57.444: [CMS-concurrent-reset: 0.000/0.000 secs] [Times: user=0.00 sys=0.00, real=0.00 secs] 
57.477: Application time: 0.0333700 seconds
57.478: [GC57.478: [ParNew: 15966K->1032K(16640K), 0.0006500 secs] 22999K->8065K(55552K), 0.0006950 secs] [Times: user=0.01 sys=0.00, real=0.00 secs] 
57.479: Total time for which application threads were stopped: 0.0018160 seconds, Stopping threads took: 0.0010430 seconds
57.514: Application time: 0.0347660 seconds
57.514: [GC57.514: [ParNew: 15438K->1548K(16640K), 0.0008060 secs] 22470K->9093K(55552K), 0.0008390 secs] [Times: user=0.01 sys=0.00, real=0.00 secs] 
57.515: Total time for which application threads were stopped: 0.0009590 seconds, Stopping threads took: 0.0000590 seconds
57.550: Application time: 0.0352860 seconds
57.553: [GC57.553: [ParNew: 15960K->1546K(16640K), 0.0006930 secs] 23505K->9091K(55552K), 0.0007350 secs] [Times: user=0.01 sys=0.00, real=0.00 secs] 
57.553: Total time for which application threads were stopped: 0.0033630 seconds, Stopping threads took: 0.0025660 seconds
57.588: Application time: 0.0344500 seconds
57.588: [GC57.588: [ParNew: 16034K->1580K(16640K), 0.0008750 secs] 23579K->9637K(55552K), 0.0009110 secs] [Times: user=0.01 sys=0.00, real=0.01 secs] 
57.589: Total time for which application threads were stopped: 0.0010430 seconds, Stopping threads took: 0.0000700 seconds
57.622: Application time: 0.0336070 seconds
57.623: [GC57.623: [ParNew: 16068K->1578K(16640K), 0.0011490 secs] 24125K->10687K(55552K), 0.0011870 secs] [Times: user=0.01 sys=0.00, real=0.00 secs] 
57.624: Total time for which application threads were stopped: 0.0013360 seconds, Stopping threads took: 0.0000870 seconds
57.660: Application time: 0.0365110 seconds
57.660: [GC57.660: [ParNew: 16074K->552K(16640K), 0.0004040 secs] 25184K->9690K(55552K), 0.0004350 secs] [Times: user=0.00 sys=0.00, real=0.01 secs] 
57.661: Total time for which application threads were stopped: 0.0005950 seconds, Stopping threads took: 0.0001070 seconds
57.694: Application time: 0.0329720 seconds
57.694: [GC57.694: [ParNew: 14956K->1574K(16640K), 0.0009760 secs] 24094K->11736K(55552K), 0.0010110 secs] [Times: user=0.00 sys=0.00, real=0.00 secs] 
57.695: Total time for which application threads were stopped: 0.0011560 seconds, Stopping threads took: 0.0000830 seconds
57.730: Application time: 0.0347830 seconds
57.730: [GC57.730: [ParNew: 15988K->1548K(16640K), 0.0006450 secs] 26150K->11738K(55552K), 0.0006750 secs] [Times: user=0.01 sys=0.00, real=0.00 secs] 
57.731: Total time for which application threads were stopped: 0.0008140 seconds, Stopping threads took: 0.0000830 seconds
57.766: Application time: 0.0350030 seconds
57.766: [GC57.766: [ParNew: 15960K->1032K(16640K), 0.0005420 secs] 26150K->11222K(55552K), 0.0005720 secs] [Times: user=0.01 sys=0.00, real=0.00 secs] 
57.766: Total time for which application threads were stopped: 0.0007090 seconds, Stopping threads took: 0.0000820 seconds
57.801: Application time: 0.0344570 seconds
57.801: [GC57.801: [ParNew: 15435K->1550K(16640K), 0.0010360 secs] 25626K->12764K(55552K), 0.0010730 secs] [Times: user=0.00 sys=0.00, real=0.00 secs] 
57.802: Total time for which application threads were stopped: 0.0011960 seconds, Stopping threads took: 0.0000600 seconds
57.838: Application time: 0.0359770 seconds
57.838: [GC57.838: [ParNew: 15966K->1032K(16640K), 0.0004500 secs] 27181K->12246K(55552K), 0.0004810 secs] [Times: user=0.01 sys=0.00, real=0.00 secs] 
57.839: Total time for which application threads were stopped: 0.0005910 seconds, Stopping threads took: 0.0000560 seconds
57.871: Application time: 0.0327560 seconds
57.871: [GC57.871: [ParNew: 15436K->1550K(16640K), 0.0010460 secs] 26650K->13788K(55552K), 0.0010880 secs] [Times: user=0.00 sys=0.00, real=0.00 secs] 
57.873: Total time for which application threads were stopped: 0.0012160 seconds, Stopping threads took: 0.0000690 seconds
57.910: Application time: 0.0377690 seconds
57.910: [GC57.910: [ParNew: 15968K->522K(16640K), 0.0003570 secs] 28207K->12760K(55552K), 0.0003850 secs] [Times: user=0.00 sys=0.00, real=0.00 secs] 
57.911: Total time for which application threads were stopped: 0.0004910 seconds, Stopping threads took: 0.0000530 seconds
57.943: Application time: 0.0320350 seconds
57.943: [GC57.943: [ParNew: 15002K->1578K(16640K), 0.0009840 secs] 27240K->14840K(55552K), 0.0010180 secs] [Times: user=0.00 sys=0.00, real=0.00 secs] 
57.944: Total time for which application threads were stopped: 0.0011570 seconds, Stopping threads took: 0.0000650 seconds
57.981: Application time: 0.0369060 seconds
57.981: [GC57.981: [ParNew: 16157K->580K(16640K), 0.0004290 secs] 29419K->13871K(55552K), 0.0004560 secs] [Times: user=0.00 sys=0.00, real=0.00 secs] 
57.982: Total time for which application threads were stopped: 0.0005730 seconds, Stopping threads took: 0.0000640 seconds
58.015: Application time: 0.0333760 seconds
58.015: [GC58.015: [ParNew: 15058K->1636K(16640K), 0.0012100 secs] 28349K->16463K(55552K), 0.0012570 secs] [Times: user=0.01 sys=0.00, real=0.00 secs] 
58.016: Total time for which application threads were stopped: 0.0013840 seconds, Stopping threads took: 0.0000630 seconds
58.053: Application time: 0.0363470 seconds
58.053: [GC58.053: [ParNew: 16134K->1066K(16640K), 0.0005290 secs] 30962K->15979K(55552K), 0.0005590 secs] [Times: user=0.00 sys=0.00, real=0.00 secs] 
58.053: Total time for which application threads were stopped: 0.0006730 seconds, Stopping threads took: 0.0000580 seconds
58.086: Application time: 0.0322910 seconds
58.086: [GC58.086: [ParNew: 15468K->1548K(16640K), 0.0012450 secs] 30380K->18025K(55552K), 0.0012850 secs] [Times: user=0.01 sys=0.00, real=0.00 secs] 
58.087: Total time for which application threads were stopped: 0.0014260 seconds, Stopping threads took: 0.0000760 seconds
58.125: Application time: 0.0378450 seconds
58.125: [GC58.125: [ParNew: 15966K->1034K(16640K), 0.0004710 secs] 32443K->17511K(55552K), 0.0005000 secs] [Times: user=0.00 sys=0.00, real=0.00 secs] 
58.125: Total time for which application threads were stopped: 0.0006270 seconds, Stopping threads took: 0.0000760 seconds
58.157: Application time: 0.0318930 seconds
58.157: [GC58.158: [ParNew: 15438K->1548K(16640K), 0.0009770 secs] 31915K->19049K(55552K), 0.0010120 secs] [Times: user=0.01 sys=0.00, real=0.00 secs] 
58.159: Total time for which application threads were stopped: 0.0011440 seconds, Stopping threads took: 0.0000710 seconds
58.195: Application time: 0.0366970 seconds
58.195: [GC58.195: [ParNew: 15964K->1036K(16640K), 0.0004770 secs] 33465K->18537K(55552K), 0.0005060 secs] [Times: user=0.00 sys=0.00, real=0.00 secs] 
58.196: Total time for which application threads were stopped: 0.0006920 seconds, Stopping threads took: 0.0001300 seconds
58.228: Application time: 0.0323520 seconds
58.228: [GC58.228: [ParNew: 15518K->1578K(16640K), 0.0010460 secs] 33019K->20103K(55552K), 0.0010810 secs] [Times: user=0.01 sys=0.01, real=0.01 secs] 
58.229: Total time for which application threads were stopped: 0.0012100 seconds, Stopping threads took: 0.0000680 seconds
58.266: Application time: 0.0364380 seconds
58.266: [GC58.266: [ParNew: 16068K->1580K(16640K), 0.0008130 secs] 34594K->20646K(55552K), 0.0008470 secs] [Times: user=0.00 sys=0.00, real=0.00 secs] 
58.267: Total time for which application threads were stopped: 0.0009730 seconds, Stopping threads took: 0.0000670 seconds
58.302: Application time: 0.0353370 seconds
58.302: [GC58.302: [ParNew: 16070K->1578K(16640K), 0.0006600 secs] 35136K->20672K(55552K), 0.0006930 secs] [Times: user=0.01 sys=0.00, real=0.00 secs] 
58.303: Total time for which application threads were stopped: 0.0008080 seconds, Stopping threads took: 0.0000570 seconds
58.336: Application time: 0.0329980 seconds
58.336: [GC58.336: [ParNew: 15984K->1548K(16640K), 0.0010200 secs] 35078K->21695K(55552K), 0.0010570 secs] [Times: user=0.01 sys=0.00, real=0.00 secs] 
58.337: Total time for which application threads were stopped: 0.0011920 seconds, Stopping threads took: 0.0000740 seconds
58.374: Application time: 0.0367470 seconds
58.374: [GC58.374: [ParNew: 15964K->1034K(16640K), 0.0004960 secs] 36111K->21181K(55552K), 0.0005270 secs] [Times: user=0.01 sys=0.00, real=0.00 secs] 
58.375: Total time for which application threads were stopped: 0.0006320 seconds, Stopping threads took: 0.0000540 seconds
58.407: Application time: 0.0327480 seconds
58.408: [GC58.408: [ParNew: 15437K->1548K(16640K), 0.0010310 secs] 35585K->22719K(55552K), 0.0010680 secs] [Times: user=0.01 sys=0.00, real=0.01 secs] 
58.409: Total time for which application threads were stopped: 0.0013010 seconds, Stopping threads took: 0.0001710 seconds
58.444: Application time: 0.0356650 seconds
58.445: [GC58.445: [ParNew: 15962K->1034K(16640K), 0.0005490 secs] 37133K->22205K(55552K), 0.0005830 secs] [Times: user=0.00 sys=0.00, real=0.00 secs] 
58.445: Total time for which application threads were stopped: 0.0007660 seconds, Stopping threads took: 0.0001200 seconds
58.480: Application time: 0.0343890 seconds
58.480: [GC58.480: [ParNew: 15438K->1548K(16640K), 0.0012580 secs] 36609K->24255K(55552K), 0.0013000 secs] [Times: user=0.01 sys=0.00, real=0.01 secs] 
58.481: Total time for which application threads were stopped: 0.0014390 seconds, Stopping threads took: 0.0000780 seconds
58.518: Application time: 0.0370490 seconds
58.518: [GC58.518: [ParNew: 15966K->1034K(16640K), 0.0004580 secs] 38673K->23741K(55552K), 0.0004880 secs] [Times: user=0.00 sys=0.00, real=0.00 secs] 
58.519: Total time for which application threads were stopped: 0.0006040 seconds, Stopping threads took: 0.0000640 seconds
58.554: Application time: 0.0349300 seconds
58.554: [GC58.554: [ParNew: 15446K->522K(16640K), 0.0003360 secs] 38153K->23229K(55552K), 0.0003640 secs] [Times: user=0.01 sys=0.00, real=0.00 secs] 
58.554: Total time for which application threads were stopped: 0.0004710 seconds, Stopping threads took: 0.0000570 seconds
58.587: Application time: 0.0334070 seconds
58.588: [GC58.588: [ParNew: 15004K->1580K(16640K), 0.0008810 secs] 37711K->24799K(55552K), 0.0009140 secs] [Times: user=0.01 sys=0.00, real=0.00 secs] 
58.588: Total time for which application threads were stopped: 0.0010590 seconds, Stopping threads took: 0.0000830 seconds
58.625: Application time: 0.0362460 seconds
58.625: [GC58.625: [ParNew: 16150K->1604K(16640K), 0.0007460 secs] 39369K->24851K(55552K), 0.0007800 secs] [Times: user=0.00 sys=0.00, real=0.00 secs] 
58.626: Total time for which application threads were stopped: 0.0008990 seconds, Stopping threads took: 0.0000640 seconds
58.662: Application time: 0.0361880 seconds
58.662: [GC58.662: [ParNew: 16094K->552K(16640K), 0.0004600 secs] 39342K->23856K(55552K), 0.0004900 secs] [Times: user=0.00 sys=0.00, real=0.00 secs] 
58.662: Total time for which application threads were stopped: 0.0006210 seconds, Stopping threads took: 0.0000770 seconds
58.694: Application time: 0.0313930 seconds
58.694: [GC58.694: [ParNew: 15038K->1602K(16640K), 0.0009350 secs] 38343K->25418K(55552K), 0.0009690 secs] [Times: user=0.01 sys=0.00, real=0.00 secs] 
58.695: Total time for which application threads were stopped: 0.0010940 seconds, Stopping threads took: 0.0000640 seconds
58.733: Application time: 0.0381620 seconds
58.737: [GC58.737: [ParNew: 16014K->1034K(16640K), 0.0007590 secs] 39831K->24907K(55552K), 0.0007920 secs] [Times: user=0.01 sys=0.00, real=0.00 secs] 
58.737: Total time for which application threads were stopped: 0.0043450 seconds, Stopping threads took: 0.0034990 seconds
58.772: Application time: 0.0346510 seconds
58.772: [GC58.772: [ParNew: 15444K->1548K(16640K), 0.0008600 secs] 39318K->25933K(55552K), 0.0008970 secs] [Times: user=0.01 sys=0.00, real=0.00 secs] 
58.773: Total time for which application threads were stopped: 0.0010260 seconds, Stopping threads took: 0.0000700 seconds
58.808: Application time: 0.0353360 seconds
58.809: [GC58.809: [ParNew: 15958K->1546K(16640K), 0.0008580 secs] 40343K->26443K(55552K), 0.0008940 secs] [Times: user=0.01 sys=0.00, real=0.00 secs] 
58.810: Total time for which application threads were stopped: 0.0010480 seconds, Stopping threads took: 0.0000920 seconds
58.845: Application time: 0.0354630 seconds
58.845: [GC58.845: [ParNew: 15958K->1548K(16640K), 0.0006660 secs] 40855K->26445K(55552K), 0.0006980 secs] [Times: user=0.01 sys=0.00, real=0.00 secs] 
58.846: Total time for which application threads were stopped: 0.0008490 seconds, Stopping threads took: 0.0000920 seconds
58.881: Application time: 0.0351930 seconds
58.881: [GC58.881: [ParNew: 15956K->1544K(16640K), 0.0006250 secs] 40853K->26441K(55552K), 0.0006530 secs] [Times: user=0.01 sys=0.00, real=0.00 secs] 
58.882: Total time for which application threads were stopped: 0.0008430 seconds, Stopping threads took: 0.0001350 seconds
58.917: Application time: 0.0350180 seconds
58.917: [GC58.917: [ParNew: 16032K->1576K(16640K), 0.0008630 secs] 40930K->26985K(55552K), 0.0008940 secs] [Times: user=0.00 sys=0.00, real=0.00 secs] 
58.918: Total time for which application threads were stopped: 0.0010320 seconds, Stopping threads took: 0.0000690 seconds
58.953: Application time: 0.0354430 seconds
58.953: [GC58.953: [ParNew: 16072K->554K(16640K), 0.0003710 secs] 41482K->25992K(55552K), 0.0004020 secs] [Times: user=0.00 sys=0.00, real=0.00 secs] 
58.954: Total time for which application threads were stopped: 0.0005270 seconds, Stopping threads took: 0.0000650 seconds
58.988: Application time: 0.0338630 seconds
58.988: [GC58.988: [ParNew: 15036K->1608K(16640K), 0.0008120 secs] 40474K->27558K(55552K), 0.0008480 secs] [Times: user=0.00 sys=0.00, real=0.01 secs] 
58.989: Total time for which application threads were stopped: 0.0009900 seconds, Stopping threads took: 0.0000780 seconds
59.025: Application time: 0.0360280 seconds
59.025: [GC59.025: [ParNew: 16024K->520K(16640K), 0.0004000 secs] 41974K->26527K(55552K), 0.0004310 secs] [Times: user=0.00 sys=0.00, real=0.00 secs] 
59.025: Total time for which application threads were stopped: 0.0005490 seconds, Stopping threads took: 0.0000660 seconds
59.059: Application time: 0.0339030 seconds
59.059: [GC59.059: [ParNew: 14925K->1546K(16640K), 0.0007220 secs] 40933K->27553K(55552K), 0.0007520 secs] [Times: user=0.00 sys=0.00, real=0.00 secs] 
59.060: Total time for which application threads were stopped: 0.0008880 seconds, Stopping threads took: 0.0000790 seconds
59.094: Application time: 0.0338860 seconds
59.094: [GC59.094: [ParNew: 15954K->1548K(16640K), 0.0008820 secs] 41961K->28067K(55552K), 0.0009160 secs] [Times: user=0.01 sys=0.00, real=0.00 secs] 
59.095: Total time for which application threads were stopped: 0.0010430 seconds, Stopping threads took: 0.0000640 seconds
59.130: Application time: 0.0352910 seconds
59.133: [GC59.133: [ParNew: 15960K->1544K(16640K), 0.0006820 secs] 42479K->28063K(55552K), 0.0007110 secs] [Times: user=0.00 sys=0.00, real=0.00 secs] 
59.133: Total time for which application threads were stopped: 0.0029930 seconds, Stopping threads took: 0.0022240 seconds
59.168: Application time: 0.0344270 seconds
59.168: [GC59.168: [ParNew: 15952K->1548K(16640K), 0.0007920 secs] 42471K->28579K(55552K), 0.0008260 secs] [Times: user=0.00 sys=0.00, real=0.01 secs] 
59.169: Total time for which application threads were stopped: 0.0009590 seconds, Stopping threads took: 0.0000750 seconds
59.204: Application time: 0.0352200 seconds
59.204: [GC59.204: [ParNew: 15958K->1546K(16640K), 0.0008040 secs] 42989K->29089K(55552K), 0.0008360 secs] [Times: user=0.00 sys=0.00, real=0.00 secs] 
59.205: Total time for which application threads were stopped: 0.0009750 seconds, Stopping threads took: 0.0000780 seconds
59.240: Application time: 0.0346890 seconds
59.240: [GC59.240: [ParNew: 16034K->1580K(16640K), 0.0008050 secs] 43577K->29635K(55552K), 0.0008390 secs] [Times: user=0.01 sys=0.00, real=0.01 secs] 
59.241: Total time for which application threads were stopped: 0.0009890 seconds, Stopping threads took: 0.0000870 seconds
59.275: Application time: 0.0342820 seconds
59.275: [GC59.275: [ParNew: 16146K->1604K(16640K), 0.0009470 secs] 44202K->30200K(55552K), 0.0009790 secs] [Times: user=0.00 sys=0.00, real=0.00 secs] 
59.276: Total time for which application threads were stopped: 0.0011010 seconds, Stopping threads took: 0.0000650 seconds
59.312: Application time: 0.0362210 seconds
59.312: [GC59.312: [ParNew: 16100K->552K(16640K), 0.0004420 secs] 44696K->29205K(55552K), 0.0004720 secs] [Times: user=0.00 sys=0.00, real=0.00 secs] 
59.313: Total time for which application threads were stopped: 0.0006090 seconds, Stopping threads took: 0.0000860 seconds
59.346: Application time: 0.0328510 seconds
59.346: [GC59.346: [ParNew: 15034K->1606K(16640K), 0.0010640 secs] 43687K->31283K(55552K), 0.0011010 secs] [Times: user=0.01 sys=0.00, real=0.00 secs] 
59.347: Total time for which application threads were stopped: 0.0012270 seconds, Stopping threads took: 0.0000630 seconds
59.384: Application time: 0.0366780 seconds
59.384: [GC59.384: [ParNew: 16024K->518K(16640K), 0.0004080 secs] 45701K->30252K(55552K), 0.0004370 secs] [Times: user=0.01 sys=0.00, real=0.00 secs] 
59.384: Total time for which application threads were stopped: 0.0005540 seconds, Stopping threads took: 0.0000580 seconds
59.417: Application time: 0.0325840 seconds
59.417: [GC59.417: [ParNew: 14919K->1548K(16640K), 0.0009960 secs] 44653K->32306K(55552K), 0.0010300 secs] [Times: user=0.01 sys=0.00, real=0.00 secs] 
59.418: Total time for which application threads were stopped: 0.0011520 seconds, Stopping threads took: 0.0000620 seconds
59.454: Application time: 0.0364950 seconds
59.454: [GC59.455: [ParNew: 15964K->1032K(16640K), 0.0005530 secs] 46722K->31790K(55552K), 0.0005850 secs] [Times: user=0.00 sys=0.00, real=0.00 secs] 
59.455: Total time for which application threads were stopped: 0.0007050 seconds, Stopping threads took: 0.0000570 seconds
59.488: Application time: 0.0332420 seconds
59.488: [GC59.488: [ParNew: 15438K->1546K(16640K), 0.0007460 secs] 46196K->32816K(55552K), 0.0007800 secs] [Times: user=0.01 sys=0.00, real=0.01 secs] 
59.489: Total time for which application threads were stopped: 0.0008970 seconds, Stopping threads took: 0.0000590 seconds
59.524: Application time: 0.0349500 seconds
59.524: [GC59.524: [ParNew: 15958K->1546K(16640K), 0.0006730 secs] 47228K->32816K(55552K), 0.0007060 secs] [Times: user=0.00 sys=0.00, real=0.00 secs] 
59.525: Total time for which application threads were stopped: 0.0008250 seconds, Stopping threads took: 0.0000650 seconds
59.562: Application time: 0.0371070 seconds
59.562: [GC59.562: [ParNew: 15958K->1034K(16640K), 0.0004650 secs] 47228K->32304K(55552K), 0.0004950 secs] [Times: user=0.00 sys=0.00, real=0.00 secs] 
59.563: Total time for which application threads were stopped: 0.0006200 seconds, Stopping threads took: 0.0000690 seconds
59.594: Application time: 0.0309940 seconds
59.594: [GC59.594: [ParNew: 15594K->1606K(16640K), 0.0010060 secs] 46864K->33900K(55552K), 0.0010410 secs] [Times: user=0.01 sys=0.00, real=0.00 secs] 
59.595: Total time for which application threads were stopped: 0.0011810 seconds, Stopping threads took: 0.0000770 seconds
59.632: Application time: 0.0373100 seconds
59.632: [GC59.632: [ParNew: 16102K->1068K(16640K), 0.0005340 secs] 48396K->33419K(55552K), 0.0005630 secs] [Times: user=0.00 sys=0.00, real=0.00 secs] 
59.633: Total time for which application threads were stopped: 0.0006780 seconds, Stopping threads took: 0.0000620 seconds
59.666: Application time: 0.0334310 seconds
59.666: [GC59.666: [ParNew: 15470K->1548K(16640K), 0.0010090 secs] 47821K->34951K(55552K), 0.0010430 secs] [Times: user=0.01 sys=0.00, real=0.00 secs] 
59.668: Total time for which application threads were stopped: 0.0011780 seconds, Stopping threads took: 0.0000720 seconds
59.703: Application time: 0.0354150 seconds
59.703: [GC59.703: [ParNew: 15964K->1548K(16640K), 0.0007370 secs] 49368K->34951K(55552K), 0.0007680 secs] [Times: user=0.01 sys=0.00, real=0.00 secs] 
59.704: Total time for which application threads were stopped: 0.0008940 seconds, Stopping threads took: 0.0000690 seconds
59.738: Application time: 0.0343500 seconds
59.738: [GC59.738: [ParNew: 15960K->1034K(16640K), 0.0004990 secs] 49363K->34437K(55552K), 0.0005300 secs] [Times: user=0.00 sys=0.00, real=0.00 secs] 
59.739: Total time for which application threads were stopped: 0.0007270 seconds, Stopping threads took: 0.0001420 seconds
59.773: Application time: 0.0341290 seconds
59.773: [GC59.773: [ParNew: 15437K->1552K(16640K), 0.0022940 secs] 48841K->35979K(55552K), 0.0023290 secs] [Times: user=0.01 sys=0.00, real=0.00 secs] 
59.776: Total time for which application threads were stopped: 0.0024620 seconds, Stopping threads took: 0.0000710 seconds
59.811: Application time: 0.0353230 seconds
59.811: [GC59.811: [ParNew: 15968K->1034K(16640K), 0.0004600 secs] 50396K->35461K(55552K), 0.0004910 secs] [Times: user=0.00 sys=0.00, real=0.00 secs] 
59.811: Total time for which application threads were stopped: 0.0006030 seconds, Stopping threads took: 0.0000580 seconds
59.844: Application time: 0.0327400 seconds
59.844: [GC59.844: [ParNew: 15437K->1550K(16640K), 0.0010650 secs] 49865K->37001K(55552K), 0.0011030 secs] [Times: user=0.01 sys=0.00, real=0.00 secs] 
59.845: Total time for which application threads were stopped: 0.0012440 seconds, Stopping threads took: 0.0000790 seconds
59.884: Application time: 0.0384790 seconds
59.884: [GC59.884: [ParNew: 16048K->556K(16640K), 0.0003320 secs] 51500K->36007K(55552K), 0.0003620 secs] [Times: user=0.01 sys=0.00, real=0.00 secs] 
59.884: Total time for which application threads were stopped: 0.0004750 seconds, Stopping threads took: 0.0000600 seconds
59.917: Application time: 0.0324540 seconds
59.917: [GC59.917: [ParNew: 15114K->1636K(16640K), 0.0010120 secs] 50566K->38112K(55552K), 0.0010480 secs] [Times: user=0.00 sys=0.00, real=0.00 secs] 
59.918: Total time for which application threads were stopped: 0.0011730 seconds, Stopping threads took: 0.0000630 seconds
59.929: Application time: 0.0105660 seconds
59.929: [GC [1 CMS-initial-mark: 36475K(38912K)] 42750K(55552K), 0.0001410 secs] [Times: user=0.00 sys=0.00, real=0.00 secs] 
59.929: Total time for which application threads were stopped: 0.0002210 seconds, Stopping threads took: 0.0000530 seconds
59.929: [CMS-concurrent-mark-start]
59.932: [CMS-concurrent-mark: 0.003/0.003 secs] [Times: user=0.01 sys=0.00, real=0.00 secs] 
59.932: [CMS-concurrent-preclean-start]
59.932: [CMS-concurrent-preclean: 0.000/0.000 secs] [Times: user=0.00 sys=0.00, real=0.00 secs] 
59.932: [CMS-concurrent-abortable-preclean-start]
59.955: Application time: 0.0264370 seconds
59.955: [GC59.955: [ParNew: 16048K->1546K(16640K), 0.0009170 secs] 52524K->38619K(55552K), 0.0009500 secs] [Times: user=0.00 sys=0.00, real=0.00 secs] 
59.956: Total time for which application threads were stopped: 0.0011040 seconds, Stopping threads took: 0.0000850 seconds
59.991: Application time: 0.0351030 seconds
59.992: [GC59.992: [ParNew: 16118K->1094K(16640K), 0.0005670 secs] 53192K->38167K(55552K), 0.0005990 secs] [Times: user=0.01 sys=0.00, real=0.00 secs] 
59.992: Total time for which application threads were stopped: 0.0007100 seconds, Stopping threads took: 0.0000560 seconds
60.026: Application time: 0.0334390 seconds
60.026: [GC60.026: [ParNew: 15498K->1546K(16640K), 0.0010450 secs] 52571K->39700K(55552K), 0.0010810 secs] [Times: user=0.00 sys=0.00, real=0.00 secs] 
60.027: Total time for which application threads were stopped: 0.0012410 seconds, Stopping threads took: 0.0000970 seconds
60.027: [CMS-concurrent-abortable-preclean: 0.001/0.095 secs] [Times: user=0.76 sys=0.00, real=0.09 secs] 
60.027: Application time: 0.0000790 seconds
60.027: [GC[YG occupancy: 2058 K (16640 K)]60.027: [Rescan (parallel) , 0.0001500 secs]60.027: [weak refs processing, 0.0000060 secs]60.027: [scrub string table, 0.0000770 secs] [1 CMS-remark: 38154K(38912K)] 40212K(55552K), 0.0002520 secs] [Times: user=0.00 sys=0.00, real=0.00 secs] 
60.027: Total time for which application threads were stopped: 0.0004650 seconds, Stopping threads took: 0.0001930 seconds
60.027: [CMS-concurrent-sweep-start]
60.028: [CMS-concurrent-sweep: 0.001/0.001 secs] [Times: user=0.00 sys=0.00, real=0.00 secs] 
60.028: [CMS-concurrent-reset-start]
60.028: [CMS-concurrent-reset: 0.000/0.000 secs] [Times: user=0.00 sys=0.00, real=0.00 secs] 
60.064: Application time: 0.0367080 seconds
60.064: [GC60.064: [ParNew: 15962K->1034K(16640K), 0.0005090 secs] 23054K->8126K(55552K), 0.0005390 secs] [Times: user=0.00 sys=0.00, real=0.00 secs] 
60.065: Total time for which application threads were stopped: 0.0006630 seconds, Stopping threads took: 0.0000700 seconds
60.097: Application time: 0.0325100 seconds
60.097: [GC60.097: [ParNew: 15435K->1548K(16640K), 0.0011660 secs] 22528K->10176K(55552K), 0.0012040 secs] [Times: user=0.01 sys=0.00, real=0.00 secs] 
60.099: Total time for which application threads were stopped: 0.0013300 seconds, Stopping threads took: 0.0000600 seconds
60.136: Application time: 0.0377110 seconds
60.136: [GC60.136: [ParNew: 15964K->1032K(16640K), 0.0005100 secs] 24592K->9660K(55552K), 0.0005400 secs] [Times: user=0.00 sys=0.00, real=0.00 secs] 
60.137: Total time for which application threads were stopped: 0.0006750 seconds, Stopping threads took: 0.0000720 seconds
60.168: Application time: 0.0314230 seconds
60.169: [GC60.169: [ParNew: 15435K->1548K(16640K), 0.0012200 secs] 24064K->11712K(55552K), 0.0012560 secs] [Times: user=0.00 sys=0.00, real=0.00 secs] 
60.170: Total time for which application threads were stopped: 0.0013960 seconds, Stopping threads took: 0.0000700 seconds
60.207: Application time: 0.0368900 seconds
60.207: [GC60.207: [ParNew: 15964K->1544K(16640K), 0.0006240 secs] 26128K->11708K(55552K), 0.0006570 secs] [Times: user=0.00 sys=0.00, real=0.00 secs] 
60.208: Total time for which application threads were stopped: 0.0007950 seconds, Stopping threads took: 0.0000780 seconds
60.243: Application time: 0.0354630 seconds
60.243: [GC60.243: [ParNew: 15954K->1550K(16640K), 0.0005670 secs] 26118K->11714K(55552K), 0.0005980 secs] [Times: user=0.00 sys=0.00, real=0.00 secs] 
60.244: Total time for which application threads were stopped: 0.0007020 seconds, Stopping threads took: 0.0000510 seconds
60.278: Application time: 0.0342270 seconds
60.278: [GC60.278: [ParNew: 16120K->1608K(16640K), 0.0006720 secs] 26285K->11772K(55552K), 0.0007050 secs] [Times: user=0.00 sys=0.00, real=0.00 secs] 
60.279: Total time for which application threads were stopped: 0.0008190 seconds, Stopping threads took: 0.0000540 seconds
60.314: Application time: 0.0349390 seconds
60.314: [GC60.314: [ParNew: 16096K->1578K(16640K), 0.0007170 secs] 26260K->11799K(55552K), 0.0007510 secs] [Times: user=0.00 sys=0.00, real=0.00 secs] 
60.315: Total time for which application threads were stopped: 0.0008710 seconds, Stopping threads took: 0.0000600 seconds
60.348: Application time: 0.0338070 seconds
60.348: [GC60.348: [ParNew: 15982K->1550K(16640K), 0.0011840 secs] 26203K->13336K(55552K), 0.0012220 secs] [Times: user=0.01 sys=0.00, real=0.01 secs] 
60.350: Total time for which application threads were stopped: 0.0013560 seconds, Stopping threads took: 0.0000690 seconds
60.385: Application time: 0.0351140 seconds
60.385: [GC60.385: [ParNew: 15962K->1546K(16640K), 0.0010210 secs] 27748K->14356K(55552K), 0.0010570 secs] [Times: user=0.00 sys=0.00, real=0.00 secs] 
60.386: Total time for which application threads were stopped: 0.0011790 seconds, Stopping threads took: 0.0000600 seconds
60.423: Application time: 0.0368190 seconds
60.423: [GC60.423: [ParNew: 15962K->1032K(16640K), 0.0005150 secs] 28772K->13842K(55552K), 0.0005470 secs] [Times: user=0.00 sys=0.00, real=0.00 secs] 
60.423: Total time for which application threads were stopped: 0.0006590 seconds, Stopping threads took: 0.0000610 seconds
60.455: Application time: 0.0316350 seconds
60.455: [GC60.455: [ParNew: 15435K->1546K(16640K), 0.0010330 secs] 28246K->15380K(55552K), 0.0010710 secs] [Times: user=0.01 sys=0.00, real=0.00 secs] 
60.456: Total time for which application threads were stopped: 0.0012040 seconds, Stopping threads took: 0.0000710 seconds
60.494: Application time: 0.0376330 seconds
60.494: [GC60.494: [ParNew: 15960K->1548K(16640K), 0.0007160 secs] 29794K->15382K(55552K), 0.0007480 secs] [Times: user=0.01 sys=0.00, real=0.00 secs] 
60.495: Total time for which application threads were stopped: 0.0008840 seconds, Stopping threads took: 0.0000670 seconds
60.529: Application time: 0.0344900 seconds
60.529: [GC60.529: [ParNew: 16038K->1578K(16640K), 0.0006260 secs] 29872K->15412K(55552K), 0.0006590 secs] [Times: user=0.00 sys=0.00, real=0.00 secs] 
60.530: Total time for which application threads were stopped: 0.0007730 seconds, Stopping threads took: 0.0000590 seconds
60.565: Application time: 0.0344850 seconds
60.565: [GC60.565: [ParNew: 16146K->1608K(16640K), 0.0008560 secs] 29980K->15982K(55552K), 0.0008920 secs] [Times: user=0.01 sys=0.00, real=0.00 secs] 
60.566: Total time for which application threads were stopped: 0.0010270 seconds, Stopping threads took: 0.0000730 seconds
60.601: Application time: 0.0353960 seconds
60.601: [GC60.601: [ParNew: 16020K->1544K(16640K), 0.0007420 secs] 30394K->15975K(55552K), 0.0007730 secs] [Times: user=0.00 sys=0.00, real=0.00 secs] 
60.602: Total time for which application threads were stopped: 0.0009120 seconds, Stopping threads took: 0.0000690 seconds
60.635: Application time: 0.0331660 seconds
60.635: [GC60.635: [ParNew: 16108K->1608K(16640K), 0.0010280 secs] 30540K->17063K(55552K), 0.0010630 secs] [Times: user=0.01 sys=0.00, real=0.00 secs] 
60.636: Total time for which application threads were stopped: 0.0011840 seconds, Stopping threads took: 0.0000590 seconds
60.672: Application time: 0.0354860 seconds
60.672: [GC60.672: [ParNew: 16022K->1548K(16640K), 0.0007230 secs] 31478K->17060K(55552K), 0.0007590 secs] [Times: user=0.01 sys=0.01, real=0.00 secs] 
60.673: Total time for which application threads were stopped: 0.0009020 seconds, Stopping threads took: 0.0000890 seconds
60.707: Application time: 0.0343060 seconds
60.707: [GC60.707: [ParNew: 15954K->1548K(16640K), 0.0008700 secs] 31466K->17572K(55552K), 0.0009040 secs] [Times: user=0.01 sys=0.00, real=0.00 secs] 
60.708: Total time for which application threads were stopped: 0.0011180 seconds, Stopping threads took: 0.0001570 seconds
60.744: Application time: 0.0355500 seconds
60.744: [GC60.744: [ParNew: 15964K->1034K(16640K), 0.0004900 secs] 31989K->17058K(55552K), 0.0005200 secs] [Times: user=0.00 sys=0.00, real=0.00 secs] 
60.744: Total time for which application threads were stopped: 0.0006440 seconds, Stopping threads took: 0.0000670 seconds
60.778: Application time: 0.0335840 seconds
60.778: [GC60.778: [ParNew: 15440K->1548K(16640K), 0.0008030 secs] 31464K->18084K(55552K), 0.0008360 secs] [Times: user=0.01 sys=0.00, real=0.00 secs] 
60.779: Total time for which application threads were stopped: 0.0009610 seconds, Stopping threads took: 0.0000650 seconds
60.812: Application time: 0.0335760 seconds
60.813: [GC60.813: [ParNew: 15956K->1546K(16640K), 0.0010770 secs] 32492K->19106K(55552K), 0.0011110 secs] [Times: user=0.00 sys=0.00, real=0.00 secs] 
60.814: Total time for which application threads were stopped: 0.0012450 seconds, Stopping threads took: 0.0000680 seconds
60.850: Application time: 0.0366690 seconds
60.850: [GC60.850: [ParNew: 15960K->1546K(16640K), 0.0006260 secs] 33521K->19106K(55552K), 0.0006560 secs] [Times: user=0.00 sys=0.00, real=0.00 secs] 
60.851: Total time for which application threads were stopped: 0.0007720 seconds, Stopping threads took: 0.0000590 seconds
60.884: Application time: 0.0331050 seconds
60.884: [GC60.884: [ParNew: 15950K->1552K(16640K), 0.0012500 secs] 33510K->20648K(55552K), 0.0012870 secs] [Times: user=0.00 sys=0.00, real=0.00 secs] 
60.886: Total time for which application threads were stopped: 0.0014180 seconds, Stopping threads took: 0.0000670 seconds
60.922: Application time: 0.0360200 seconds
60.922: [GC60.922: [ParNew: 16046K->1574K(16640K), 0.0007170 secs] 35143K->20670K(55552K), 0.0007490 secs] [Times: user=0.01 sys=0.00, real=0.00 secs] 
60.923: Total time for which application threads were stopped: 0.0009560 seconds, Stopping threads took: 0.0001490 seconds
60.958: Application time: 0.0352760 seconds
60.958: [GC60.958: [ParNew: 16144K->1096K(16640K), 0.0005100 secs] 35241K->20221K(55552K), 0.0005430 secs] [Times: user=0.00 sys=0.00, real=0.00 secs] 
60.959: Total time for which application threads were stopped: 0.0007120 seconds, Stopping threads took: 0.0001140 seconds
60.993: Application time: 0.0339740 seconds
60.993: [GC60.993: [ParNew: 15502K->1548K(16640K), 0.0010710 secs] 34627K->21754K(55552K), 0.0011060 secs] [Times: user=0.01 sys=0.00, real=0.00 secs] 
60.994: Total time for which application threads were stopped: 0.0012410 seconds, Stopping threads took: 0.0000720 seconds
61.029: Application time: 0.0353900 seconds
61.029: [GC61.029: [ParNew: 15964K->1036K(16640K), 0.0005900 secs] 36170K->21242K(55552K), 0.0006210 secs] [Times: user=0.00 sys=0.00, real=0.00 secs] 
61.030: Total time for which application threads were stopped: 0.0007340 seconds, Stopping threads took: 0.0000520 seconds
61.064: Application time: 0.0343990 seconds
61.069: [GC61.069: [ParNew: 15442K->1548K(16640K), 0.0008650 secs] 35648K->22266K(55552K), 0.0009080 secs] [Times: user=0.01 sys=0.00, real=0.00 secs] 
61.070: Total time for which application threads were stopped: 0.0051830 seconds, Stopping threads took: 0.0042150 seconds
61.105: Application time: 0.0353480 seconds
61.105: [GC61.105: [ParNew: 15960K->1032K(16640K), 0.0005210 secs] 36678K->21750K(55552K), 0.0005510 secs] [Times: user=0.00 sys=0.00, real=0.00 secs] 
61.106: Total time for which application threads were stopped: 0.0007180 seconds, Stopping threads took: 0.0001120 seconds
61.141: Application time: 0.0349280 seconds
61.141: [GC61.141: [ParNew: 15446K->520K(16640K), 0.0003220 secs] 36164K->21238K(55552K), 0.0003510 secs] [Times: user=0.00 sys=0.00, real=0.00 secs] 
61.141: Total time for which application threads were stopped: 0.0005120 seconds, Stopping threads took: 0.0001110 seconds
61.175: Application time: 0.0337690 seconds
61.175: [GC61.175: [ParNew: 14923K->1546K(16640K), 0.0008290 secs] 35642K->22776K(55552K), 0.0008650 secs] [Times: user=0.01 sys=0.00, real=0.00 secs] 
61.176: Total time for which application threads were stopped: 0.0009810 seconds, Stopping threads took: 0.0000610 seconds
61.211: Application time: 0.0351760 seconds
61.211: [GC61.211: [ParNew: 16199K->1634K(16640K), 0.0006690 secs] 37429K->22864K(55552K), 0.0007000 secs] [Times: user=0.01 sys=0.00, real=0.00 secs] 
61.212: Total time for which application threads were stopped: 0.0008220 seconds, Stopping threads took: 0.0000630 seconds
61.246: Application time: 0.0337600 seconds
61.246: [GC61.246: [ParNew: 16042K->1548K(16640K), 0.0008850 secs] 37272K->23376K(55552K), 0.0009200 secs] [Times: user=0.00 sys=0.00, real=0.00 secs] 
61.247: Total time for which application threads were stopped: 0.0011500 seconds, Stopping threads took: 0.0001690 seconds
61.282: Application time: 0.0354900 seconds
61.282: [GC61.282: [ParNew: 16114K->1608K(16640K), 0.0008540 secs] 37942K->23948K(55552K), 0.0008870 secs] [Times: user=0.00 sys=0.00, real=0.00 secs] 
61.283: Total time for which application threads were stopped: 0.0010170 seconds, Stopping threads took: 0.0000690 seconds
61.319: Application time: 0.0357780 seconds
61.319: [GC61.319: [ParNew: 16022K->1034K(16640K), 0.0005520 secs] 38362K->23431K(55552K), 0.0005820 secs] [Times: user=0.00 sys=0.00, real=0.00 secs] 
61.320: Total time for which application threads were stopped: 0.0007190 seconds, Stopping threads took: 0.0000810 seconds
61.354: Application time: 0.0338020 seconds
61.354: [GC61.354: [ParNew: 15440K->1546K(16640K), 0.0008210 secs] 37837K->24455K(55552K), 0.0008570 secs] [Times: user=0.01 sys=0.00, real=0.00 secs] 
61.355: Total time for which application threads were stopped: 0.0010000 seconds, Stopping threads took: 0.0000800 seconds
61.389: Application time: 0.0339510 seconds
61.389: [GC61.389: [ParNew: 15956K->1548K(16640K), 0.0008210 secs] 38865K->24969K(55552K), 0.0008540 secs] [Times: user=0.01 sys=0.00, real=0.00 secs] 
61.390: Total time for which application threads were stopped: 0.0009910 seconds, Stopping threads took: 0.0000770 seconds
61.426: Application time: 0.0366940 seconds
61.426: [GC61.426: [ParNew: 15962K->1034K(16640K), 0.0004890 secs] 39383K->24455K(55552K), 0.0005200 secs] [Times: user=0.01 sys=0.00, real=0.00 secs] 
61.427: Total time for which application threads were stopped: 0.0006280 seconds, Stopping threads took: 0.0000580 seconds
61.458: Application time: 0.0315860 seconds
61.459: [GC61.459: [ParNew: 15437K->1550K(16640K), 0.0010080 secs] 38859K->25995K(55552K), 0.0010450 secs] [Times: user=0.01 sys=0.00, real=0.00 secs] 
61.460: Total time for which application threads were stopped: 0.0011730 seconds, Stopping threads took: 0.0000650 seconds
61.496: Application time: 0.0365810 seconds
61.496: [GC61.496: [ParNew: 15966K->1034K(16640K), 0.0004750 secs] 40411K->25479K(55552K), 0.0005060 secs] [Times: user=0.01 sys=0.00, real=0.00 secs] 
61.497: Total time for which application threads were stopped: 0.0006230 seconds, Stopping threads took: 0.0000610 seconds
61.530: Application time: 0.0332870 seconds
61.530: [GC61.530: [ParNew: 15437K->1548K(16640K), 0.0010100 secs] 39883K->27017K(55552K), 0.0010520 secs] [Times: user=0.01 sys=0.00, real=0.00 secs] 
61.531: Total time for which application threads were stopped: 0.0011910 seconds, Stopping threads took: 0.0000680 seconds
61.569: Application time: 0.0373780 seconds
61.569: [GC61.569: [ParNew: 15964K->1032K(16640K), 0.0005540 secs] 41433K->26501K(55552K), 0.0005850 secs] [Times: user=0.01 sys=0.00, real=0.00 secs] 
61.569: Total time for which application threads were stopped: 0.0007090 seconds, Stopping threads took: 0.0000690 seconds
61.602: Application time: 0.0326490 seconds
61.602: [GC61.602: [ParNew: 15592K->1606K(16640K), 0.0010680 secs] 41061K->28099K(55552K), 0.0011050 secs] [Times: user=0.01 sys=0.00, real=0.00 secs] 
61.603: Total time for which application threads were stopped: 0.0013700 seconds, Stopping threads took: 0.0002020 seconds
61.639: Application time: 0.0357480 seconds
61.639: [GC61.639: [ParNew: 16102K->1064K(16640K), 0.0005310 secs] 42595K->27614K(55552K), 0.0005620 secs] [Times: user=0.01 sys=0.00, real=0.00 secs] 
61.640: Total time for which application threads were stopped: 0.0007050 seconds, Stopping threads took: 0.0000870 seconds
61.673: Application time: 0.0328960 seconds
61.673: [GC61.673: [ParNew: 15468K->1548K(16640K), 0.0010110 secs] 42018K->29150K(55552K), 0.0010450 secs] [Times: user=0.01 sys=0.00, real=0.00 secs] 
61.674: Total time for which application threads were stopped: 0.0011660 seconds, Stopping threads took: 0.0000580 seconds
61.711: Application time: 0.0374490 seconds
61.711: [GC61.711: [ParNew: 15962K->1546K(16640K), 0.0007330 secs] 43565K->29148K(55552K), 0.0007620 secs] [Times: user=0.00 sys=0.00, real=0.00 secs] 
61.712: Total time for which application threads were stopped: 0.0008770 seconds, Stopping threads took: 0.0000610 seconds
61.746: Application time: 0.0332660 seconds
61.749: [GC61.749: [ParNew: 15954K->1548K(16640K), 0.0009420 secs] 43556K->29662K(55552K), 0.0009800 secs] [Times: user=0.01 sys=0.00, real=0.00 secs] 
61.750: Total time for which application threads were stopped: 0.0041510 seconds, Stopping threads took: 0.0031040 seconds
61.786: Application time: 0.0367790 seconds
61.787: [GC61.787: [ParNew: 15960K->1544K(16640K), 0.0007520 secs] 44075K->29658K(55552K), 0.0007850 secs] [Times: user=0.00 sys=0.00, real=0.00 secs] 
61.787: Total time for which application threads were stopped: 0.0009070 seconds, Stopping threads took: 0.0000630 seconds
61.819: Application time: 0.0318900 seconds
61.819: [GC61.819: [ParNew: 15948K->1548K(16640K), 0.0012110 secs] 44062K->31198K(55552K), 0.0012490 secs] [Times: user=0.00 sys=0.01, real=0.01 secs] 
61.821: Total time for which application threads were stopped: 0.0013840 seconds, Stopping threads took: 0.0000700 seconds
61.858: Application time: 0.0372010 seconds
61.858: [GC61.858: [ParNew: 16207K->1124K(16640K), 0.0005380 secs] 45858K->30775K(55552K), 0.0005710 secs] [Times: user=0.00 sys=0.00, real=0.00 secs] 
61.859: Total time for which application threads were stopped: 0.0006970 seconds, Stopping threads took: 0.0000690 seconds
61.891: Application time: 0.0324460 seconds
61.891: [GC61.891: [ParNew: 15528K->1548K(16640K), 0.0010450 secs] 45178K->32308K(55552K), 0.0010800 secs] [Times: user=0.01 sys=0.00, real=0.00 secs] 
61.892: Total time for which application threads were stopped: 0.0012150 seconds, Stopping threads took: 0.0000740 seconds
61.930: Application time: 0.0378180 seconds
61.930: [GC61.930: [ParNew: 16127K->582K(16640K), 0.0004010 secs] 46887K->31342K(55552K), 0.0004270 secs] [Times: user=0.00 sys=0.00, real=0.00 secs] 
61.931: Total time for which application threads were stopped: 0.0006130 seconds, Stopping threads took: 0.0001360 seconds
61.963: Application time: 0.0325680 seconds
61.963: [GC61.963: [ParNew: 14986K->1606K(16640K), 0.0008860 secs] 45746K->32878K(55552K), 0.0009210 secs] [Times: user=0.01 sys=0.00, real=0.00 secs] 
61.964: Total time for which application threads were stopped: 0.0010640 seconds, Stopping threads took: 0.0000820 seconds
62.000: Application time: 0.0359300 seconds
62.000: [GC62.000: [ParNew: 16022K->520K(16640K), 0.0005020 secs] 47294K->31849K(55552K), 0.0005390 secs] [Times: user=0.00 sys=0.00, real=0.01 secs] 
62.001: Total time for which application threads were stopped: 0.0006420 seconds, Stopping threads took: 0.0000520 seconds
62.035: Application time: 0.0336960 seconds
62.035: [GC62.035: [ParNew: 14923K->1542K(16640K), 0.0007500 secs] 46253K->32871K(55552K), 0.0007800 secs] [Times: user=0.01 sys=0.00, real=0.00 secs] 
62.036: Total time for which application threads were stopped: 0.0010550 seconds, Stopping threads took: 0.0002100 seconds
62.070: Application time: 0.0342690 seconds
62.070: [GC62.070: [ParNew: 15952K->1546K(16640K), 0.0008060 secs] 47281K->33387K(55552K), 0.0008400 secs] [Times: user=0.01 sys=0.00, real=0.00 secs] 
62.071: Total time for which application threads were stopped: 0.0010770 seconds, Stopping threads took: 0.0001720 seconds
62.107: Application time: 0.0360850 seconds
62.107: [GC62.107: [ParNew: 15962K->522K(16640K), 0.0004000 secs] 47803K->32363K(55552K), 0.0004310 secs] [Times: user=0.00 sys=0.00, real=0.00 secs] 
62.108: Total time for which application threads were stopped: 0.0005460 seconds, Stopping threads took: 0.0000620 seconds
62.139: Application time: 0.0313890 seconds
62.139: [GC62.139: [ParNew: 14921K->1550K(16640K), 0.0011900 secs] 46763K->34927K(55552K), 0.0012270 secs] [Times: user=0.01 sys=0.00, real=0.00 secs] 
62.140: Total time for which application threads were stopped: 0.0013640 seconds, Stopping threads took: 0.0000720 seconds
62.178: Application time: 0.0379390 seconds
62.178: [GC62.178: [ParNew: 15968K->1032K(16640K), 0.0006100 secs] 49345K->34409K(55552K), 0.0006420 secs] [Times: user=0.00 sys=0.00, real=0.00 secs] 
62.179: Total time for which application threads were stopped: 0.0007460 seconds, Stopping threads took: 0.0000520 seconds
62.212: Application time: 0.0327530 seconds
62.212: [GC62.212: [ParNew: 15436K->1548K(16640K), 0.0008690 secs] 48813K->35437K(55552K), 0.0009010 secs] [Times: user=0.01 sys=0.00, real=0.00 secs] 
62.213: Total time for which application threads were stopped: 0.0011050 seconds, Stopping threads took: 0.0001450 seconds
62.247: Application time: 0.0341180 seconds
62.247: [GC62.247: [ParNew: 15958K->1548K(16640K), 0.0008350 secs] 49847K->35949K(55552K), 0.0008660 secs] [Times: user=0.01 sys=0.00, real=0.00 secs] 
62.248: Total time for which application threads were stopped: 0.0010200 seconds, Stopping threads took: 0.0000920 seconds
62.286: Application time: 0.0376900 seconds
62.286: [GC62.286: [ParNew: 16203K->610K(16640K), 0.0004110 secs] 50604K->35011K(55552K), 0.0004420 secs] [Times: user=0.00 sys=0.00, real=0.00 secs] 
62.286: Total time for which application threads were stopped: 0.0005580 seconds, Stopping threads took: 0.0000630 seconds
62.317: Application time: 0.0307660 seconds
62.317: [GC62.317: [ParNew: 15014K->1636K(16640K), 0.0010840 secs] 49415K->37061K(55552K), 0.0011140 secs] [Times: user=0.00 sys=0.00, real=0.00 secs] 
62.318: Total time for which application threads were stopped: 0.0012770 seconds, Stopping threads took: 0.0000990 seconds
62.355: Application time: 0.0363500 seconds
62.355: [GC62.355: [ParNew: 16050K->1544K(16640K), 0.0006980 secs] 51476K->37055K(55552K), 0.0007300 secs] [Times: user=0.01 sys=0.00, real=0.00 secs] 
62.356: Total time for which application threads were stopped: 0.0008440 seconds, Stopping threads took: 0.0000540 seconds
62.390: Application time: 0.0347480 seconds
62.390: [GC62.390: [ParNew: 15952K->1546K(16640K), 0.0008340 secs] 51463K->37569K(55552K), 0.0008690 secs] [Times: user=0.00 sys=0.00, real=0.00 secs] 
62.391: Total time for which application threads were stopped: 0.0009880 seconds, Stopping threads took: 0.0000580 seconds
62.391: Application time: 0.0000330 seconds
62.391: [GC [1 CMS-initial-mark: 36023K(38912K)] 38081K(55552K), 0.0000960 secs] [Times: user=0.00 sys=0.00, real=0.00 secs] 
62.392: Total time for which application threads were stopped: 0.0002790 seconds, Stopping threads took: 0.0001650 seconds
62.392: [CMS-concurrent-mark-start]
62.395: [CMS-concurrent-mark: 0.003/0.003 secs] [Times: user=0.01 sys=0.00, real=0.00 secs] 
62.395: [CMS-concurrent-preclean-start]
62.395: [CMS-concurrent-preclean: 0.000/0.000 secs] [Times: user=0.00 sys=0.00, real=0.00 secs] 
62.395: Application time: 0.0034520 seconds
62.395: [GC[YG occupancy: 2584 K (16640 K)]62.395: [Rescan (parallel) , 0.0001250 secs]62.395: [weak refs processing, 0.0000060 secs]62.395: [scrub string table, 0.0000940 secs] [1 CMS-remark: 36023K(38912K)] 38607K(55552K), 0.0002520 secs] [Times: user=0.00 sys=0.00, real=0.00 secs] 
62.395: Total time for which application threads were stopped: 0.0003200 seconds, Stopping threads took: 0.0000450 seconds
62.395: [CMS-concurrent-sweep-start]
62.396: [CMS-concurrent-sweep: 0.001/0.001 secs] [Times: user=0.00 sys=0.00, real=0.00 secs] 
62.396: [CMS-concurrent-reset-start]
62.396: [CMS-concurrent-reset: 0.000/0.000 secs] [Times: user=0.00 sys=0.00, real=0.00 secs] 
62.426: Application time: 0.0310270 seconds
62.426: [GC62.426: [ParNew: 15956K->1548K(16640K), 0.0008780 secs] 21896K->8000K(55552K), 0.0009130 secs] [Times: user=0.00 sys=0.00, real=0.00 secs] 
62.427: Total time for which application threads were stopped: 0.0010270 seconds, Stopping threads took: 0.0000590 seconds
62.463: Application time: 0.0359870 seconds
62.463: [GC62.464: [ParNew: 15962K->1034K(16640K), 0.0004640 secs] 22415K->7486K(55552K), 0.0004940 secs] [Times: user=0.00 sys=0.00, real=0.00 secs] 
62.464: Total time for which application threads were stopped: 0.0006080 seconds, Stopping threads took: 0.0000560 seconds
62.499: Application time: 0.0349260 seconds
62.499: [GC62.499: [ParNew: 15687K->608K(16640K), 0.0004490 secs] 22139K->7061K(55552K), 0.0004790 secs] [Times: user=0.00 sys=0.00, real=0.00 secs] 
62.500: Total time for which application threads were stopped: 0.0006070 seconds, Stopping threads took: 0.0000760 seconds
62.532: Application time: 0.0319710 seconds
62.532: [GC62.532: [ParNew: 15010K->1636K(16640K), 0.0010310 secs] 21462K->9113K(55552K), 0.0010690 secs] [Times: user=0.00 sys=0.00, real=0.00 secs] 
62.533: Total time for which application threads were stopped: 0.0011970 seconds, Stopping threads took: 0.0000650 seconds
62.571: Application time: 0.0383820 seconds
62.571: [GC62.571: [ParNew: 16213K->582K(16640K), 0.0004580 secs] 23690K->8144K(55552K), 0.0004850 secs] [Times: user=0.00 sys=0.00, real=0.00 secs] 
62.572: Total time for which application threads were stopped: 0.0006000 seconds, Stopping threads took: 0.0000540 seconds
62.602: Application time: 0.0303320 seconds
62.602: [GC62.602: [ParNew: 14984K->1608K(16640K), 0.0010070 secs] 22546K->10194K(55552K), 0.0010410 secs] [Times: user=0.00 sys=0.00, real=0.00 secs] 
62.603: Total time for which application threads were stopped: 0.0011630 seconds, Stopping threads took: 0.0000590 seconds
62.642: Application time: 0.0387650 seconds
62.642: [GC62.642: [ParNew: 16026K->522K(16640K), 0.0004330 secs] 24612K->9165K(55552K), 0.0004630 secs] [Times: user=0.01 sys=0.00, real=0.00 secs] 
62.643: Total time for which application threads were stopped: 0.0005850 seconds, Stopping threads took: 0.0000700 seconds
62.674: Application time: 0.0318140 seconds
62.674: [GC62.675: [ParNew: 14923K->1546K(16640K), 0.0010520 secs] 23567K->11213K(55552K), 0.0010890 secs] [Times: user=0.01 sys=0.00, real=0.00 secs] 
62.676: Total time for which application threads were stopped: 0.0012290 seconds, Stopping threads took: 0.0000770 seconds
62.712: Application time: 0.0362000 seconds
62.713: [GC62.713: [ParNew: 15964K->522K(16640K), 0.0003590 secs] 25631K->10189K(55552K), 0.0003870 secs] [Times: user=0.01 sys=0.00, real=0.00 secs] 
62.713: Total time for which application threads were stopped: 0.0012090 seconds, Stopping threads took: 0.0007710 seconds
62.746: Application time: 0.0334050 seconds
62.747: [GC62.747: [ParNew: 14923K->1546K(16640K), 0.0009720 secs] 24591K->12237K(55552K), 0.0010070 secs] [Times: user=0.01 sys=0.00, real=0.00 secs] 
62.748: Total time for which application threads were stopped: 0.0011380 seconds, Stopping threads took: 0.0000670 seconds
62.782: Application time: 0.0348270 seconds
62.782: [GC62.783: [ParNew: 15958K->1548K(16640K), 0.0008640 secs] 26649K->12751K(55552K), 0.0009060 secs] [Times: user=0.01 sys=0.00, real=0.00 secs] 
62.783: Total time for which application threads were stopped: 0.0010220 seconds, Stopping threads took: 0.0000570 seconds
62.819: Application time: 0.0353590 seconds
62.819: [GC62.819: [ParNew: 15964K->520K(16640K), 0.0004130 secs] 27167K->11723K(55552K), 0.0004430 secs] [Times: user=0.00 sys=0.00, real=0.00 secs] 
62.819: Total time for which application threads were stopped: 0.0005750 seconds, Stopping threads took: 0.0000810 seconds
62.852: Application time: 0.0324990 seconds
62.852: [GC62.852: [ParNew: 14923K->1548K(16640K), 0.0008360 secs] 26127K->13263K(55552K), 0.0008720 secs] [Times: user=0.01 sys=0.00, real=0.00 secs] 
62.853: Total time for which application threads were stopped: 0.0009950 seconds, Stopping threads took: 0.0000620 seconds
62.890: Application time: 0.0367620 seconds
62.890: [GC62.890: [ParNew: 15966K->10K(16640K), 0.0002480 secs] 27681K->11725K(55552K), 0.0002770 secs] [Times: user=0.00 sys=0.00, real=0.00 secs] 
62.890: Total time for which application threads were stopped: 0.0003940 seconds, Stopping threads took: 0.0000670 seconds
62.922: Application time: 0.0318460 seconds
62.922: [GC62.922: [ParNew: 14411K->1548K(16640K), 0.0008500 secs] 26127K->13775K(55552K), 0.0008820 secs] [Times: user=0.00 sys=0.00, real=0.00 secs] 
62.923: Total time for which application threads were stopped: 0.0010100 seconds, Stopping threads took: 0.0000680 seconds
62.959: Application time: 0.0364640 seconds
62.959: [GC62.959: [ParNew: 16205K->98K(16640K), 0.0003590 secs] 28433K->12325K(55552K), 0.0003860 secs] [Times: user=0.01 sys=0.00, real=0.00 secs] 
62.960: Total time for which application threads were stopped: 0.0004960 seconds, Stopping threads took: 0.0000610 seconds
62.993: Application time: 0.0335640 seconds
62.993: [GC62.994: [ParNew: 14499K->1632K(16640K), 0.0009300 secs] 26727K->14371K(55552K), 0.0009620 secs] [Times: user=0.01 sys=0.00, real=0.00 secs] 
62.994: Total time for which application threads were stopped: 0.0010810 seconds, Stopping threads took: 0.0000580 seconds
63.029: Application time: 0.0350140 seconds
63.030: [GC63.030: [ParNew: 16046K->1034K(16640K), 0.0006010 secs] 28786K->13859K(55552K), 0.0006320 secs] [Times: user=0.00 sys=0.00, real=0.00 secs] 
63.030: Total time for which application threads were stopped: 0.0007420 seconds, Stopping threads took: 0.0000580 seconds
63.063: Application time: 0.0328280 seconds
63.063: [GC63.063: [ParNew: 15435K->1552K(16640K), 0.0012570 secs] 28261K->15913K(55552K), 0.0012930 secs] [Times: user=0.00 sys=0.00, real=0.00 secs] 
63.064: Total time for which application threads were stopped: 0.0014240 seconds, Stopping threads took: 0.0000670 seconds
63.101: Application time: 0.0368140 seconds
63.101: [GC63.101: [ParNew: 15970K->1032K(16640K), 0.0005320 secs] 30331K->15393K(55552K), 0.0005620 secs] [Times: user=0.00 sys=0.00, real=0.00 secs] 
63.102: Total time for which application threads were stopped: 0.0006970 seconds, Stopping threads took: 0.0000690 seconds
63.134: Application time: 0.0317070 seconds
63.134: [GC63.134: [ParNew: 15672K->1636K(16640K), 0.0010410 secs] 30033K->17021K(55552K), 0.0010760 secs] [Times: user=0.01 sys=0.00, real=0.00 secs] 
63.135: Total time for which application threads were stopped: 0.0012070 seconds, Stopping threads took: 0.0000670 seconds
63.172: Application time: 0.0373010 seconds
63.172: [GC63.172: [ParNew: 16052K->1036K(16640K), 0.0005430 secs] 31437K->16506K(55552K), 0.0005750 secs] [Times: user=0.00 sys=0.00, real=0.00 secs] 
63.173: Total time for which application threads were stopped: 0.0006980 seconds, Stopping threads took: 0.0000680 seconds
63.207: Application time: 0.0343040 seconds
63.207: [GC63.207: [ParNew: 15600K->1606K(16640K), 0.0006620 secs] 31071K->17076K(55552K), 0.0006940 secs] [Times: user=0.00 sys=0.00, real=0.00 secs] 
63.208: Total time for which application threads were stopped: 0.0008280 seconds, Stopping threads took: 0.0000670 seconds
63.242: Application time: 0.0342060 seconds
63.242: [GC63.242: [ParNew: 16014K->1550K(16640K), 0.0009300 secs] 31484K->17589K(55552K), 0.0009640 secs] [Times: user=0.00 sys=0.00, real=0.00 secs] 
63.243: Total time for which application threads were stopped: 0.0010910 seconds, Stopping threads took: 0.0000650 seconds
63.278: Application time: 0.0349810 seconds
63.278: [GC63.278: [ParNew: 15958K->1546K(16640K), 0.0009620 secs] 31997K->18609K(55552K), 0.0009980 secs] [Times: user=0.01 sys=0.00, real=0.00 secs] 
63.279: Total time for which application threads were stopped: 0.0011120 seconds, Stopping threads took: 0.0000570 seconds
63.314: Application time: 0.0348750 seconds
63.314: [GC63.314: [ParNew: 15960K->1548K(16640K), 0.0006480 secs] 33024K->18611K(55552K), 0.0006800 secs] [Times: user=0.01 sys=0.00, real=0.00 secs] 
63.315: Total time for which application threads were stopped: 0.0008010 seconds, Stopping threads took: 0.0000650 seconds
63.348: Application time: 0.0332330 seconds
63.348: [GC63.348: [ParNew: 15950K->1550K(16640K), 0.0014240 secs] 33013K->20662K(55552K), 0.0014640 secs] [Times: user=0.00 sys=0.01, real=0.01 secs] 
63.350: Total time for which application threads were stopped: 0.0015970 seconds, Stopping threads took: 0.0000660 seconds
63.386: Application time: 0.0364620 seconds
63.387: [GC63.387: [ParNew: 15968K->1546K(16640K), 0.0008180 secs] 35080K->21170K(55552K), 0.0008540 secs] [Times: user=0.01 sys=0.00, real=0.00 secs] 
63.387: Total time for which application threads were stopped: 0.0009740 seconds, Stopping threads took: 0.0000590 seconds
63.424: Application time: 0.0362020 seconds
63.424: [GC63.424: [ParNew: 15958K->1546K(16640K), 0.0006240 secs] 35582K->21170K(55552K), 0.0006560 secs] [Times: user=0.00 sys=0.00, real=0.00 secs] 
63.424: Total time for which application threads were stopped: 0.0007730 seconds, Stopping threads took: 0.0000600 seconds
63.458: Application time: 0.0333710 seconds
63.458: [GC63.458: [ParNew: 15954K->1546K(16640K), 0.0008380 secs] 35578K->21682K(55552K), 0.0008720 secs] [Times: user=0.00 sys=0.00, real=0.00 secs] 
63.459: Total time for which application threads were stopped: 0.0009910 seconds, Stopping threads took: 0.0000580 seconds
63.495: Application time: 0.0361340 seconds
63.495: [GC63.495: [ParNew: 15960K->1034K(16640K), 0.0004550 secs] 36096K->21170K(55552K), 0.0004860 secs] [Times: user=0.00 sys=0.00, real=0.00 secs] 
63.495: Total time for which application threads were stopped: 0.0006050 seconds, Stopping threads took: 0.0000630 seconds
63.529: Application time: 0.0335510 seconds
63.529: [GC63.529: [ParNew: 15440K->1548K(16640K), 0.0008110 secs] 35575K->22196K(55552K), 0.0008440 secs] [Times: user=0.01 sys=0.00, real=0.00 secs] 
63.530: Total time for which application threads were stopped: 0.0010650 seconds, Stopping threads took: 0.0001640 seconds
63.565: Application time: 0.0345340 seconds
63.565: [GC63.565: [ParNew: 15960K->1546K(16640K), 0.0006150 secs] 36608K->22194K(55552K), 0.0006490 secs] [Times: user=0.01 sys=0.00, real=0.00 secs] 
63.565: Total time for which application threads were stopped: 0.0008330 seconds, Stopping threads took: 0.0001260 seconds
63.601: Application time: 0.0356970 seconds
63.601: [GC63.601: [ParNew: 16036K->1576K(16640K), 0.0006360 secs] 36684K->22224K(55552K), 0.0006700 secs] [Times: user=0.01 sys=0.00, real=0.00 secs] 
63.602: Total time for which application threads were stopped: 0.0008070 seconds, Stopping threads took: 0.0000780 seconds
63.635: Application time: 0.0331380 seconds
63.635: [GC63.635: [ParNew: 16142K->1608K(16640K), 0.0008610 secs] 36790K->22796K(55552K), 0.0008940 secs] [Times: user=0.01 sys=0.00, real=0.00 secs] 
63.636: Total time for which application threads were stopped: 0.0010320 seconds, Stopping threads took: 0.0000670 seconds
63.673: Application time: 0.0365380 seconds
63.673: [GC63.673: [ParNew: 16020K->1546K(16640K), 0.0006900 secs] 37208K->22791K(55552K), 0.0007230 secs] [Times: user=0.01 sys=0.00, real=0.00 secs] 
63.674: Total time for which application threads were stopped: 0.0008520 seconds, Stopping threads took: 0.0000610 seconds
63.708: Application time: 0.0340300 seconds
63.708: [GC63.708: [ParNew: 15956K->1544K(16640K), 0.0007330 secs] 37201K->22789K(55552K), 0.0007660 secs] [Times: user=0.00 sys=0.01, real=0.01 secs] 
63.709: Total time for which application threads were stopped: 0.0010150 seconds, Stopping threads took: 0.0001890 seconds
63.743: Application time: 0.0344990 seconds
63.743: [GC63.743: [ParNew: 15952K->1548K(16640K), 0.0008630 secs] 37197K->23305K(55552K), 0.0008960 secs] [Times: user=0.01 sys=0.00, real=0.00 secs] 
63.744: Total time for which application threads were stopped: 0.0010460 seconds, Stopping threads took: 0.0000890 seconds
63.780: Application time: 0.0353940 seconds
63.780: [GC63.780: [ParNew: 16203K->612K(16640K), 0.0003470 secs] 37960K->22369K(55552K), 0.0003760 secs] [Times: user=0.00 sys=0.00, real=0.00 secs] 
63.780: Total time for which application threads were stopped: 0.0004850 seconds, Stopping threads took: 0.0000610 seconds
63.813: Application time: 0.0327220 seconds
63.813: [GC63.813: [ParNew: 15018K->1636K(16640K), 0.0008410 secs] 36775K->23905K(55552K), 0.0008750 secs] [Times: user=0.00 sys=0.00, real=0.00 secs] 
63.814: Total time for which application threads were stopped: 0.0009970 seconds, Stopping threads took: 0.0000620 seconds
63.849: Application time: 0.0354930 seconds
63.849: [GC63.849: [ParNew: 16205K->1096K(16640K), 0.0005420 secs] 38474K->23451K(55552K), 0.0005720 secs] [Times: user=0.00 sys=0.00, real=0.00 secs] 
63.850: Total time for which application threads were stopped: 0.0007510 seconds, Stopping threads took: 0.0001240 seconds
63.884: Application time: 0.0343080 seconds
63.884: [GC63.884: [ParNew: 15508K->1034K(16640K), 0.0005720 secs] 37863K->23446K(55552K), 0.0006040 secs] [Times: user=0.00 sys=0.00, real=0.00 secs] 
63.885: Total time for which application threads were stopped: 0.0007180 seconds, Stopping threads took: 0.0000600 seconds
63.918: Application time: 0.0333630 seconds
63.919: [GC63.919: [ParNew: 15437K->1548K(16640K), 0.0010580 secs] 37850K->24984K(55552K), 0.0010950 secs] [Times: user=0.00 sys=0.00, real=0.00 secs] 
63.920: Total time for which application threads were stopped: 0.0012210 seconds, Stopping threads took: 0.0000620 seconds
63.955: Application time: 0.0351410 seconds
63.955: [GC63.955: [ParNew: 15962K->1548K(16640K), 0.0007050 secs] 39398K->24984K(55552K), 0.0007370 secs] [Times: user=0.01 sys=0.00, real=0.00 secs] 
63.956: Total time for which application threads were stopped: 0.0008730 seconds, Stopping threads took: 0.0000780 seconds
63.990: Application time: 0.0342960 seconds
63.990: [GC63.990: [ParNew: 15958K->1548K(16640K), 0.0006290 secs] 39394K->24984K(55552K), 0.0006600 secs] [Times: user=0.01 sys=0.00, real=0.00 secs] 
63.991: Total time for which application threads were stopped: 0.0007770 seconds, Stopping threads took: 0.0000610 seconds
64.024: Application time: 0.0330150 seconds
64.024: [GC64.024: [ParNew: 15956K->1548K(16640K), 0.0008280 secs] 39392K->25496K(55552K), 0.0008640 secs] [Times: user=0.01 sys=0.00, real=0.00 secs] 
64.025: Total time for which application threads were stopped: 0.0009960 seconds, Stopping threads took: 0.0000700 seconds
64.061: Application time: 0.0365520 seconds
64.061: [GC64.061: [ParNew: 15960K->1546K(16640K), 0.0006300 secs] 39908K->25494K(55552K), 0.0006630 secs] [Times: user=0.00 sys=0.00, real=0.00 secs] 
64.062: Total time for which application threads were stopped: 0.0007880 seconds, Stopping threads took: 0.0000670 seconds
64.094: Application time: 0.0318900 seconds
64.094: [GC64.094: [ParNew: 15952K->1548K(16640K), 0.0009920 secs] 39900K->26520K(55552K), 0.0010280 secs] [Times: user=0.01 sys=0.00, real=0.00 secs] 
64.095: Total time for which application threads were stopped: 0.0011570 seconds, Stopping threads took: 0.0000660 seconds
64.133: Application time: 0.0379440 seconds
64.133: [GC64.133: [ParNew: 15962K->1546K(16640K), 0.0006240 secs] 40934K->26518K(55552K), 0.0006560 secs] [Times: user=0.00 sys=0.00, real=0.00 secs] 
64.134: Total time for which application threads were stopped: 0.0007810 seconds, Stopping threads took: 0.0000680 seconds
64.165: Application time: 0.0312600 seconds
64.165: [GC64.165: [ParNew: 15952K->1548K(16640K), 0.0009740 secs] 40924K->27544K(55552K), 0.0010060 secs] [Times: user=0.00 sys=0.00, real=0.00 secs] 
64.166: Total time for which application threads were stopped: 0.0011480 seconds, Stopping threads took: 0.0000690 seconds
64.202: Application time: 0.0360220 seconds
64.202: [GC64.202: [ParNew: 15962K->1548K(16640K), 0.0006530 secs] 41958K->27544K(55552K), 0.0006850 secs] [Times: user=0.00 sys=0.00, real=0.00 secs] 
64.203: Total time for which application threads were stopped: 0.0008000 seconds, Stopping threads took: 0.0000580 seconds
64.237: Application time: 0.0336730 seconds
64.237: [GC64.237: [ParNew: 15956K->1546K(16640K), 0.0008100 secs] 41952K->28054K(55552K), 0.0008460 secs] [Times: user=0.01 sys=0.00, real=0.00 secs] 
64.238: Total time for which application threads were stopped: 0.0010260 seconds, Stopping threads took: 0.0001200 seconds
64.273: Application time: 0.0354920 seconds
64.273: [GC64.273: [ParNew: 16191K->1636K(16640K), 0.0008120 secs] 42699K->28656K(55552K), 0.0008470 secs] [Times: user=0.00 sys=0.00, real=0.00 secs] 
64.274: Total time for which application threads were stopped: 0.0009620 seconds, Stopping threads took: 0.0000540 seconds
64.309: Application time: 0.0349410 seconds
64.309: [GC64.309: [ParNew: 16048K->1546K(16640K), 0.0007120 secs] 43068K->28651K(55552K), 0.0007430 secs] [Times: user=0.01 sys=0.00, real=0.00 secs] 
64.310: Total time for which application threads were stopped: 0.0008840 seconds, Stopping threads took: 0.0000840 seconds
64.345: Application time: 0.0345840 seconds
64.345: [GC64.345: [ParNew: 15958K->1034K(16640K), 0.0004750 secs] 43063K->28139K(55552K), 0.0005060 secs] [Times: user=0.01 sys=0.00, real=0.00 secs] 
64.345: Total time for which application threads were stopped: 0.0006160 seconds, Stopping threads took: 0.0000550 seconds
64.379: Application time: 0.0336540 seconds
64.379: [GC64.379: [ParNew: 15440K->1546K(16640K), 0.0008320 secs] 42545K->29163K(55552K), 0.0008660 secs] [Times: user=0.00 sys=0.00, real=0.00 secs] 
64.380: Total time for which application threads were stopped: 0.0009910 seconds, Stopping threads took: 0.0000690 seconds
64.415: Application time: 0.0351720 seconds
64.415: [GC64.415: [ParNew: 16198K->1120K(16640K), 0.0005740 secs] 43816K->28738K(55552K), 0.0006030 secs] [Times: user=0.01 sys=0.00, real=0.00 secs] 
64.416: Total time for which application threads were stopped: 0.0007160 seconds, Stopping threads took: 0.0000570 seconds
64.449: Application time: 0.0331120 seconds
64.449: [GC64.449: [ParNew: 15524K->1550K(16640K), 0.0011000 secs] 43141K->30277K(55552K), 0.0011350 secs] [Times: user=0.01 sys=0.00, real=0.00 secs] 
64.450: Total time for which application threads were stopped: 0.0012650 seconds, Stopping threads took: 0.0000650 seconds
64.486: Application time: 0.0359700 seconds
64.486: [GC64.486: [ParNew: 16124K->1604K(16640K), 0.0006860 secs] 44852K->30331K(55552K), 0.0007160 secs] [Times: user=0.01 sys=0.00, real=0.00 secs] 
64.487: Total time for which application threads were stopped: 0.0008430 seconds, Stopping threads took: 0.0000690 seconds
64.521: Application time: 0.0334930 seconds
64.521: [GC64.521: [ParNew: 16014K->1548K(16640K), 0.0007260 secs] 44741K->30332K(55552K), 0.0007600 secs] [Times: user=0.01 sys=0.00, real=0.00 secs] 
64.521: Total time for which application threads were stopped: 0.0008840 seconds, Stopping threads took: 0.0000650 seconds
64.556: Application time: 0.0348510 seconds
64.556: [GC64.556: [ParNew: 15958K->1546K(16640K), 0.0007120 secs] 44742K->30330K(55552K), 0.0007450 secs] [Times: user=0.00 sys=0.00, real=0.00 secs] 
64.557: Total time for which application threads were stopped: 0.0008960 seconds, Stopping threads took: 0.0000960 seconds
64.592: Application time: 0.0352310 seconds
64.592: [GC64.593: [ParNew: 15958K->1034K(16640K), 0.0005010 secs] 44742K->29818K(55552K), 0.0005410 secs] [Times: user=0.00 sys=0.00, real=0.00 secs] 
64.593: Total time for which application threads were stopped: 0.0006500 seconds, Stopping threads took: 0.0000560 seconds
64.627: Application time: 0.0336620 seconds
64.627: [GC64.627: [ParNew: 15435K->1548K(16640K), 0.0012330 secs] 44220K->31868K(55552K), 0.0012690 secs] [Times: user=0.01 sys=0.00, real=0.00 secs] 
64.628: Total time for which application threads were stopped: 0.0014080 seconds, Stopping threads took: 0.0000750 seconds
64.664: Application time: 0.0359560 seconds
64.664: [GC64.664: [ParNew: 15964K->1548K(16640K), 0.0007200 secs] 46284K->31868K(55552K), 0.0007520 secs] [Times: user=0.00 sys=0.00, real=0.00 secs] 
64.665: Total time for which application threads were stopped: 0.0008710 seconds, Stopping threads took: 0.0000640 seconds
64.700: Application time: 0.0347000 seconds
64.700: [GC64.700: [ParNew: 15958K->1544K(16640K), 0.0007370 secs] 46278K->31864K(55552K), 0.0007710 secs] [Times: user=0.00 sys=0.00, real=0.01 secs] 
64.701: Total time for which application threads were stopped: 0.0009120 seconds, Stopping threads took: 0.0000650 seconds
64.734: Application time: 0.0334090 seconds
64.734: [GC64.734: [ParNew: 15952K->1548K(16640K), 0.0008870 secs] 46272K->32380K(55552K), 0.0009210 secs] [Times: user=0.01 sys=0.00, real=0.00 secs] 
64.735: Total time for which application threads were stopped: 0.0010360 seconds, Stopping threads took: 0.0000570 seconds
64.771: Application time: 0.0360880 seconds
64.771: [GC64.771: [ParNew: 15960K->1546K(16640K), 0.0006970 secs] 46792K->32378K(55552K), 0.0007290 secs] [Times: user=0.01 sys=0.00, real=0.00 secs] 
64.772: Total time for which application threads were stopped: 0.0008920 seconds, Stopping threads took: 0.0001030 seconds
64.806: Application time: 0.0339800 seconds
64.806: [GC64.806: [ParNew: 15956K->1544K(16640K), 0.0006640 secs] 46788K->32376K(55552K), 0.0006940 secs] [Times: user=0.01 sys=0.00, real=0.00 secs] 
64.807: Total time for which application threads were stopped: 0.0008200 seconds, Stopping threads took: 0.0000670 seconds
64.841: Application time: 0.0346380 seconds
64.842: [GC64.842: [ParNew: 15952K->1548K(16640K), 0.0007860 secs] 46784K->32892K(55552K), 0.0008210 secs] [Times: user=0.01 sys=0.00, real=0.00 secs] 
64.842: Total time for which application threads were stopped: 0.0009430 seconds, Stopping threads took: 0.0000610 seconds
64.878: Application time: 0.0353030 seconds
64.878: [GC64.878: [ParNew: 15962K->1032K(16640K), 0.0004460 secs] 47306K->32376K(55552K), 0.0004760 secs] [Times: user=0.01 sys=0.00, real=0.00 secs] 
64.878: Total time for which application threads were stopped: 0.0005880 seconds, Stopping threads took: 0.0000600 seconds
64.911: Application time: 0.0330460 seconds
64.911: [GC64.911: [ParNew: 15436K->1548K(16640K), 0.0010970 secs] 46780K->33916K(55552K), 0.0011330 secs] [Times: user=0.01 sys=0.00, real=0.00 secs] 
64.913: Total time for which application threads were stopped: 0.0012590 seconds, Stopping threads took: 0.0000650 seconds
64.948: Application time: 0.0354200 seconds
64.948: [GC64.948: [ParNew: 16201K->1634K(16640K), 0.0007630 secs] 48569K->34002K(55552K), 0.0007950 secs] [Times: user=0.01 sys=0.00, real=0.01 secs] 
64.949: Total time for which application threads were stopped: 0.0009390 seconds, Stopping threads took: 0.0000850 seconds
64.982: Application time: 0.0331550 seconds
64.982: [GC64.982: [ParNew: 16038K->1548K(16640K), 0.0012180 secs] 48406K->35538K(55552K), 0.0012550 secs] [Times: user=0.01 sys=0.00, real=0.00 secs] 
64.984: Total time for which application threads were stopped: 0.0014430 seconds, Stopping threads took: 0.0001280 seconds
65.021: Application time: 0.0371210 seconds
65.021: [GC65.021: [ParNew: 15964K->1548K(16640K), 0.0006550 secs] 49954K->35538K(55552K), 0.0006870 secs] [Times: user=0.00 sys=0.00, real=0.00 secs] 
65.021: Total time for which application threads were stopped: 0.0008070 seconds, Stopping threads took: 0.0000640 seconds
65.055: Application time: 0.0330280 seconds
65.055: [GC65.055: [ParNew: 16112K->1606K(16640K), 0.0009840 secs] 50102K->36620K(55552K), 0.0010280 secs] [Times: user=0.01 sys=0.00, real=0.00 secs] 
65.056: Total time for which application threads were stopped: 0.0011530 seconds, Stopping threads took: 0.0000610 seconds
65.091: Application time: 0.0357470 seconds
65.092: [GC65.092: [ParNew: 16096K->1578K(16640K), 0.0010540 secs] 51110K->37673K(55552K), 0.0010890 secs] [Times: user=0.01 sys=0.00, real=0.00 secs] 
65.093: Total time for which application threads were stopped: 0.0012110 seconds, Stopping threads took: 0.0000590 seconds
65.093: Application time: 0.0000500 seconds
65.093: [GC [1 CMS-initial-mark: 36095K(38912K)] 38185K(55552K), 0.0000930 secs] [Times: user=0.00 sys=0.00, real=0.00 secs] 
65.093: Total time for which application threads were stopped: 0.0002850 seconds, Stopping threads took: 0.0001750 seconds
65.093: [CMS-concurrent-mark-start]
65.096: [CMS-concurrent-mark: 0.003/0.003 secs] [Times: user=0.00 sys=0.00, real=0.00 secs] 
65.096: [CMS-concurrent-preclean-start]
65.096: [CMS-concurrent-preclean: 0.000/0.000 secs] [Times: user=0.00 sys=0.00, real=0.00 secs] 
65.096: Application time: 0.0034810 seconds
65.097: [GC[YG occupancy: 3128 K (16640 K)]65.097: [Rescan (parallel) , 0.0001690 secs]65.097: [weak refs processing, 0.0000050 secs]65.097: [scrub string table, 0.0000930 secs] [1 CMS-remark: 36095K(38912K)] 39223K(55552K), 0.0002930 secs] [Times: user=0.00 sys=0.00, real=0.00 secs] 
65.097: Total time for which application threads were stopped: 0.0004110 seconds, Stopping threads took: 0.0000950 seconds
65.097: [CMS-concurrent-sweep-start]
65.097: [CMS-concurrent-sweep: 0.000/0.000 secs] [Times: user=0.00 sys=0.00, real=0.00 secs] 
65.097: [CMS-concurrent-reset-start]
65.097: [CMS-concurrent-reset: 0.000/0.000 secs] [Times: user=0.00 sys=0.00, real=0.00 secs] 
65.130: Application time: 0.0333020 seconds
65.130: [GC65.130: [ParNew: 16149K->1606K(16640K), 0.0006790 secs] 22575K->8061K(55552K), 0.0007110 secs] [Times: user=0.01 sys=0.00, real=0.00 secs] 
65.131: Total time for which application threads were stopped: 0.0008620 seconds, Stopping threads took: 0.0000980 seconds
65.166: Application time: 0.0349700 seconds
65.166: [GC65.166: [ParNew: 16016K->1546K(16640K), 0.0007610 secs] 22471K->8058K(55552K), 0.0007940 secs] [Times: user=0.00 sys=0.00, real=0.00 secs] 
65.167: Total time for which application threads were stopped: 0.0009060 seconds, Stopping threads took: 0.0000550 seconds
65.201: Application time: 0.0337070 seconds
65.201: [GC65.201: [ParNew: 15954K->1548K(16640K), 0.0008290 secs] 22466K->8572K(55552K), 0.0008630 secs] [Times: user=0.01 sys=0.00, real=0.00 secs] 
65.202: Total time for which application threads were stopped: 0.0010230 seconds, Stopping threads took: 0.0000900 seconds
65.237: Application time: 0.0353820 seconds
65.237: [GC65.237: [ParNew: 15956K->1546K(16640K), 0.0009960 secs] 22980K->9594K(55552K), 0.0010280 secs] [Times: user=0.01 sys=0.00, real=0.00 secs] 
65.238: Total time for which application threads were stopped: 0.0011630 seconds, Stopping threads took: 0.0000760 seconds
65.274: Application time: 0.0353710 seconds
65.274: [GC65.274: [ParNew: 15958K->1548K(16640K), 0.0007880 secs] 24006K->10108K(55552K), 0.0008240 secs] [Times: user=0.00 sys=0.00, real=0.00 secs] 
65.275: Total time for which application threads were stopped: 0.0009710 seconds, Stopping threads took: 0.0000840 seconds
65.310: Application time: 0.0350510 seconds
65.310: [GC65.310: [ParNew: 15960K->1546K(16640K), 0.0007270 secs] 24520K->10106K(55552K), 0.0007590 secs] [Times: user=0.01 sys=0.00, real=0.00 secs] 
65.310: Total time for which application threads were stopped: 0.0008770 seconds, Stopping threads took: 0.0000610 seconds
65.343: Application time: 0.0325780 seconds
65.343: [GC65.343: [ParNew: 15952K->1548K(16640K), 0.0010140 secs] 24512K->11132K(55552K), 0.0010480 secs] [Times: user=0.01 sys=0.00, real=0.00 secs] 
65.344: Total time for which application threads were stopped: 0.0011730 seconds, Stopping threads took: 0.0000630 seconds
65.379: Application time: 0.0352670 seconds
65.380: [GC65.380: [ParNew: 15962K->1546K(16640K), 0.0006550 secs] 25546K->11130K(55552K), 0.0006940 secs] [Times: user=0.01 sys=0.00, real=0.00 secs] 
65.380: Total time for which application threads were stopped: 0.0008520 seconds, Stopping threads took: 0.0001070 seconds
65.415: Application time: 0.0349590 seconds
65.415: [GC65.415: [ParNew: 15954K->1548K(16640K), 0.0008540 secs] 25538K->11644K(55552K), 0.0008870 secs] [Times: user=0.01 sys=0.00, real=0.00 secs] 
65.416: Total time for which application threads were stopped: 0.0010090 seconds, Stopping threads took: 0.0000610 seconds
65.453: Application time: 0.0365970 seconds
65.453: [GC65.453: [ParNew: 15962K->1032K(16640K), 0.0005780 secs] 26058K->11128K(55552K), 0.0006130 secs] [Times: user=0.00 sys=0.00, real=0.00 secs] 
65.454: Total time for which application threads were stopped: 0.0007670 seconds, Stopping threads took: 0.0000980 seconds
65.488: Application time: 0.0341000 seconds
65.488: [GC65.488: [ParNew: 15440K->1546K(16640K), 0.0006190 secs] 25536K->11642K(55552K), 0.0006480 secs] [Times: user=0.00 sys=0.00, real=0.01 secs] 
65.489: Total time for which application threads were stopped: 0.0008490 seconds, Stopping threads took: 0.0001460 seconds
65.523: Application time: 0.0345360 seconds
65.523: [GC65.523: [ParNew: 15954K->1546K(16640K), 0.0007920 secs] 26050K->12154K(55552K), 0.0008270 secs] [Times: user=0.01 sys=0.00, real=0.00 secs] 
65.524: Total time for which application threads were stopped: 0.0009530 seconds, Stopping threads took: 0.0000630 seconds
65.560: Application time: 0.0358980 seconds
65.560: [GC65.560: [ParNew: 15962K->522K(16640K), 0.0003520 secs] 26570K->11130K(55552K), 0.0003870 secs] [Times: user=0.00 sys=0.00, real=0.01 secs] 
65.561: Total time for which application threads were stopped: 0.0005450 seconds, Stopping threads took: 0.0001040 seconds
65.593: Application time: 0.0322640 seconds
65.593: [GC65.593: [ParNew: 15160K->1632K(16640K), 0.0009330 secs] 25769K->12752K(55552K), 0.0009660 secs] [Times: user=0.00 sys=0.00, real=0.00 secs] 
65.594: Total time for which application threads were stopped: 0.0011000 seconds, Stopping threads took: 0.0000750 seconds
65.630: Application time: 0.0360330 seconds
65.630: [GC65.630: [ParNew: 16046K->1034K(16640K), 0.0005920 secs] 27166K->12240K(55552K), 0.0006230 secs] [Times: user=0.00 sys=0.00, real=0.00 secs] 
65.631: Total time for which application threads were stopped: 0.0007330 seconds, Stopping threads took: 0.0000620 seconds
65.664: Application time: 0.0330930 seconds
65.664: [GC65.664: [ParNew: 15440K->1546K(16640K), 0.0007940 secs] 26645K->13264K(55552K), 0.0008280 secs] [Times: user=0.00 sys=0.00, real=0.00 secs] 
65.665: Total time for which application threads were stopped: 0.0009510 seconds, Stopping threads took: 0.0000650 seconds
65.700: Application time: 0.0357240 seconds
65.701: [GC65.701: [ParNew: 16118K->1604K(16640K), 0.0007100 secs] 27836K->13322K(55552K), 0.0007410 secs] [Times: user=0.00 sys=0.00, real=0.00 secs] 
65.701: Total time for which application threads were stopped: 0.0008620 seconds, Stopping threads took: 0.0000660 seconds
65.736: Application time: 0.0344320 seconds
65.736: [GC65.736: [ParNew: 16094K->1578K(16640K), 0.0006880 secs] 27812K->13353K(55552K), 0.0007220 secs] [Times: user=0.00 sys=0.00, real=0.00 secs] 
65.737: Total time for which application threads were stopped: 0.0008430 seconds, Stopping threads took: 0.0000580 seconds
65.772: Application time: 0.0350970 seconds
65.772: [GC65.772: [ParNew: 16142K->1606K(16640K), 0.0008840 secs] 27917K->13921K(55552K), 0.0009210 secs] [Times: user=0.01 sys=0.00, real=0.00 secs] 
65.773: Total time for which application threads were stopped: 0.0010500 seconds, Stopping threads took: 0.0000680 seconds
65.809: Application time: 0.0365870 seconds
65.809: [GC65.809: [ParNew: 16022K->522K(16640K), 0.0004200 secs] 28338K->12894K(55552K), 0.0004480 secs] [Times: user=0.00 sys=0.00, real=0.00 secs] 
65.810: Total time for which application threads were stopped: 0.0005730 seconds, Stopping threads took: 0.0000640 seconds
65.843: Application time: 0.0326540 seconds
65.843: [GC65.843: [ParNew: 14925K->1550K(16640K), 0.0008320 secs] 27298K->14434K(55552K), 0.0008640 secs] [Times: user=0.01 sys=0.00, real=0.00 secs] 
65.844: Total time for which application threads were stopped: 0.0009930 seconds, Stopping threads took: 0.0000670 seconds
65.880: Application time: 0.0367910 seconds
65.880: [GC65.880: [ParNew: 15964K->1030K(16640K), 0.0005080 secs] 28848K->13914K(55552K), 0.0005390 secs] [Times: user=0.01 sys=0.00, real=0.01 secs] 
65.881: Total time for which application threads were stopped: 0.0006420 seconds, Stopping threads took: 0.0000530 seconds
65.915: Application time: 0.0337930 seconds
65.915: [GC65.915: [ParNew: 15435K->1544K(16640K), 0.0008210 secs] 28320K->14940K(55552K), 0.0008530 secs] [Times: user=0.00 sys=0.00, real=0.00 secs] 
65.916: Total time for which application threads were stopped: 0.0011010 seconds, Stopping threads took: 0.0001900 seconds
65.950: Application time: 0.0344060 seconds
65.950: [GC65.950: [ParNew: 15954K->1548K(16640K), 0.0008440 secs] 29350K->15456K(55552K), 0.0008780 secs] [Times: user=0.01 sys=0.00, real=0.00 secs] 
65.951: Total time for which application threads were stopped: 0.0010140 seconds, Stopping threads took: 0.0000760 seconds
65.987: Application time: 0.0360400 seconds
65.987: [GC65.987: [ParNew: 15964K->520K(16640K), 0.0003930 secs] 29872K->14428K(55552K), 0.0004220 secs] [Times: user=0.01 sys=0.00, real=0.00 secs] 
65.988: Total time for which application threads were stopped: 0.0005270 seconds, Stopping threads took: 0.0000540 seconds
66.020: Application time: 0.0321090 seconds
66.020: [GC66.020: [ParNew: 14921K->1550K(16640K), 0.0009940 secs] 28830K->16482K(55552K), 0.0010290 secs] [Times: user=0.01 sys=0.00, real=0.01 secs] 
66.021: Total time for which application threads were stopped: 0.0011700 seconds, Stopping threads took: 0.0000800 seconds
66.057: Application time: 0.0353590 seconds
66.057: [GC66.057: [ParNew: 15964K->1546K(16640K), 0.0006580 secs] 30897K->16478K(55552K), 0.0006910 secs] [Times: user=0.00 sys=0.00, real=0.00 secs] 
66.057: Total time for which application threads were stopped: 0.0008150 seconds, Stopping threads took: 0.0000660 seconds
66.090: Application time: 0.0330490 seconds
66.091: [GC66.091: [ParNew: 15950K->1548K(16640K), 0.0012320 secs] 30882K->18016K(55552K), 0.0012700 secs] [Times: user=0.00 sys=0.00, real=0.00 secs] 
66.092: Total time for which application threads were stopped: 0.0014280 seconds, Stopping threads took: 0.0000960 seconds
66.129: Application time: 0.0374590 seconds
66.129: [GC66.129: [ParNew: 15964K->1546K(16640K), 0.0006320 secs] 32433K->18014K(55552K), 0.0006640 secs] [Times: user=0.01 sys=0.00, real=0.00 secs] 
66.130: Total time for which application threads were stopped: 0.0007830 seconds, Stopping threads took: 0.0000620 seconds
66.163: Application time: 0.0331750 seconds
66.163: [GC66.163: [ParNew: 15954K->1546K(16640K), 0.0008630 secs] 32422K->18526K(55552K), 0.0008970 secs] [Times: user=0.01 sys=0.00, real=0.00 secs] 
66.164: Total time for which application threads were stopped: 0.0010320 seconds, Stopping threads took: 0.0000740 seconds
66.199: Application time: 0.0347640 seconds
66.199: [GC66.199: [ParNew: 15958K->1546K(16640K), 0.0006920 secs] 32938K->18526K(55552K), 0.0007210 secs] [Times: user=0.00 sys=0.00, real=0.00 secs] 
66.200: Total time for which application threads were stopped: 0.0008380 seconds, Stopping threads took: 0.0000600 seconds
66.234: Application time: 0.0340970 seconds
66.234: [GC66.234: [ParNew: 15952K->1548K(16640K), 0.0008910 secs] 32932K->19040K(55552K), 0.0009220 secs] [Times: user=0.00 sys=0.00, real=0.00 secs] 
66.235: Total time for which application threads were stopped: 0.0010520 seconds, Stopping threads took: 0.0000720 seconds
66.269: Application time: 0.0340640 seconds
66.269: [GC66.269: [ParNew: 16192K->1636K(16640K), 0.0010760 secs] 33685K->20153K(55552K), 0.0011120 secs] [Times: user=0.01 sys=0.00, real=0.00 secs] 
66.270: Total time for which application threads were stopped: 0.0012560 seconds, Stopping threads took: 0.0000600 seconds
66.307: Application time: 0.0363000 seconds
66.307: [GC66.307: [ParNew: 16050K->1546K(16640K), 0.0006860 secs] 34567K->20148K(55552K), 0.0007180 secs] [Times: user=0.00 sys=0.00, real=0.00 secs] 
66.308: Total time for which application threads were stopped: 0.0008410 seconds, Stopping threads took: 0.0000660 seconds
66.341: Application time: 0.0332190 seconds
66.341: [GC66.341: [ParNew: 16026K->1576K(16640K), 0.0011580 secs] 34628K->21714K(55552K), 0.0011940 secs] [Times: user=0.00 sys=0.00, real=0.00 secs] 
66.342: Total time for which application threads were stopped: 0.0013330 seconds, Stopping threads took: 0.0000780 seconds
66.379: Application time: 0.0371600 seconds
66.379: [GC66.379: [ParNew: 16155K->1608K(16640K), 0.0007600 secs] 36293K->21775K(55552K), 0.0007950 secs] [Times: user=0.01 sys=0.00, real=0.00 secs] 
66.380: Total time for which application threads were stopped: 0.0009150 seconds, Stopping threads took: 0.0000610 seconds
66.412: Application time: 0.0322570 seconds
66.413: [GC66.413: [ParNew: 16168K->1608K(16640K), 0.0012910 secs] 36335K->23368K(55552K), 0.0013280 secs] [Times: user=0.01 sys=0.00, real=0.00 secs] 
66.414: Total time for which application threads were stopped: 0.0015250 seconds, Stopping threads took: 0.0001330 seconds
66.451: Application time: 0.0368980 seconds
66.451: [GC66.451: [ParNew: 16024K->1546K(16640K), 0.0007130 secs] 37784K->23363K(55552K), 0.0007440 secs] [Times: user=0.01 sys=0.00, real=0.00 secs] 
66.452: Total time for which application threads were stopped: 0.0008710 seconds, Stopping threads took: 0.0000670 seconds
66.486: Application time: 0.0345930 seconds
66.486: [GC66.486: [ParNew: 15956K->1546K(16640K), 0.0006440 secs] 37773K->23363K(55552K), 0.0006740 secs] [Times: user=0.01 sys=0.00, real=0.00 secs] 
66.487: Total time for which application threads were stopped: 0.0007770 seconds, Stopping threads took: 0.0000540 seconds
66.520: Application time: 0.0333970 seconds
66.521: [GC66.521: [ParNew: 15952K->1546K(16640K), 0.0010440 secs] 37769K->24387K(55552K), 0.0010770 secs] [Times: user=0.00 sys=0.00, real=0.00 secs] 
66.522: Total time for which application threads were stopped: 0.0012090 seconds, Stopping threads took: 0.0000690 seconds
66.558: Application time: 0.0359440 seconds
66.558: [GC66.558: [ParNew: 15960K->1546K(16640K), 0.0006790 secs] 38801K->24387K(55552K), 0.0007100 secs] [Times: user=0.01 sys=0.00, real=0.00 secs] 
66.558: Total time for which application threads were stopped: 0.0008320 seconds, Stopping threads took: 0.0000650 seconds
66.594: Application time: 0.0353710 seconds
66.594: [GC66.594: [ParNew: 15956K->1546K(16640K), 0.0007260 secs] 38797K->24387K(55552K), 0.0007610 secs] [Times: user=0.00 sys=0.00, real=0.00 secs] 
66.595: Total time for which application threads were stopped: 0.0008840 seconds, Stopping threads took: 0.0000650 seconds
66.629: Application time: 0.0342160 seconds
66.629: [GC66.629: [ParNew: 15958K->1034K(16640K), 0.0005980 secs] 38799K->23875K(55552K), 0.0006280 secs] [Times: user=0.00 sys=0.00, real=0.00 secs] 
66.630: Total time for which application threads were stopped: 0.0008470 seconds, Stopping threads took: 0.0001610 seconds
66.664: Application time: 0.0340970 seconds
66.665: [GC66.665: [ParNew: 15440K->1546K(16640K), 0.0008210 secs] 38281K->24387K(55552K), 0.0008530 secs] [Times: user=0.00 sys=0.00, real=0.00 secs] 
66.666: Total time for which application threads were stopped: 0.0016130 seconds, Stopping threads took: 0.0007030 seconds
66.700: Application time: 0.0342680 seconds
66.700: [GC66.700: [ParNew: 15958K->1544K(16640K), 0.0006650 secs] 38799K->24385K(55552K), 0.0006950 secs] [Times: user=0.00 sys=0.00, real=0.01 secs] 
66.701: Total time for which application threads were stopped: 0.0008160 seconds, Stopping threads took: 0.0000640 seconds
66.736: Application time: 0.0350950 seconds
66.736: [GC66.736: [ParNew: 15952K->1546K(16640K), 0.0007260 secs] 38793K->24387K(55552K), 0.0007680 secs] [Times: user=0.00 sys=0.00, real=0.00 secs] 
66.737: Total time for which application threads were stopped: 0.0009490 seconds, Stopping threads took: 0.0001280 seconds
66.771: Application time: 0.0348000 seconds
66.772: [GC66.772: [ParNew: 15956K->1546K(16640K), 0.0008740 secs] 38797K->24899K(55552K), 0.0009070 secs] [Times: user=0.01 sys=0.00, real=0.00 secs] 
66.773: Total time for which application threads were stopped: 0.0010410 seconds, Stopping threads took: 0.0000650 seconds
66.807: Application time: 0.0340920 seconds
66.807: [GC66.807: [ParNew: 15956K->1548K(16640K), 0.0006460 secs] 39309K->24901K(55552K), 0.0006790 secs] [Times: user=0.00 sys=0.00, real=0.00 secs] 
66.807: Total time for which application threads were stopped: 0.0008140 seconds, Stopping threads took: 0.0000780 seconds
66.841: Application time: 0.0337340 seconds
66.841: [GC66.841: [ParNew: 15956K->1548K(16640K), 0.0009970 secs] 39309K->25925K(55552K), 0.0010310 secs] [Times: user=0.01 sys=0.00, real=0.00 secs] 
66.842: Total time for which application threads were stopped: 0.0011630 seconds, Stopping threads took: 0.0000710 seconds
66.878: Application time: 0.0355680 seconds
66.881: [GC66.881: [ParNew: 15962K->1544K(16640K), 0.0008770 secs] 40339K->25921K(55552K), 0.0009090 secs] [Times: user=0.00 sys=0.00, real=0.00 secs] 
66.882: Total time for which application threads were stopped: 0.0037330 seconds, Stopping threads took: 0.0027670 seconds
66.914: Application time: 0.0322250 seconds
66.914: [GC66.914: [ParNew: 15948K->1550K(16640K), 0.0013020 secs] 40325K->27463K(55552K), 0.0013390 secs] [Times: user=0.01 sys=0.00, real=0.00 secs] 
66.915: Total time for which application threads were stopped: 0.0014920 seconds, Stopping threads took: 0.0000880 seconds
66.953: Application time: 0.0372370 seconds
66.953: [GC66.953: [ParNew: 16207K->1632K(16640K), 0.0007560 secs] 42120K->27545K(55552K), 0.0007890 secs] [Times: user=0.00 sys=0.00, real=0.00 secs] 
66.954: Total time for which application threads were stopped: 0.0009280 seconds, Stopping threads took: 0.0000820 seconds
66.984: Application time: 0.0308330 seconds
66.984: [GC66.984: [ParNew: 16036K->1550K(16640K), 0.0012560 secs] 41949K->29084K(55552K), 0.0012970 secs] [Times: user=0.00 sys=0.01, real=0.00 secs] 
66.986: Total time for which application threads were stopped: 0.0014360 seconds, Stopping threads took: 0.0000750 seconds
67.023: Application time: 0.0376340 seconds
67.024: [GC67.024: [ParNew: 16203K->1636K(16640K), 0.0008590 secs] 43737K->29683K(55552K), 0.0008910 secs] [Times: user=0.00 sys=0.00, real=0.00 secs] 
67.024: Total time for which application threads were stopped: 0.0010370 seconds, Stopping threads took: 0.0000850 seconds
67.059: Application time: 0.0346190 seconds
67.059: [GC67.059: [ParNew: 16124K->1580K(16640K), 0.0011100 secs] 44171K->30736K(55552K), 0.0011460 secs] [Times: user=0.01 sys=0.00, real=0.00 secs] 
67.060: Total time for which application threads were stopped: 0.0012720 seconds, Stopping threads took: 0.0000630 seconds
67.096: Application time: 0.0357410 seconds
67.096: [GC67.096: [ParNew: 16074K->1578K(16640K), 0.0007140 secs] 45231K->30763K(55552K), 0.0007470 secs] [Times: user=0.01 sys=0.00, real=0.00 secs] 
67.097: Total time for which application threads were stopped: 0.0009040 seconds, Stopping threads took: 0.0000980 seconds
67.129: Application time: 0.0319750 seconds
67.129: [GC67.129: [ParNew: 15984K->1550K(16640K), 0.0010000 secs] 45168K->31787K(55552K), 0.0010360 secs] [Times: user=0.00 sys=0.00, real=0.00 secs] 
67.130: Total time for which application threads were stopped: 0.0012000 seconds, Stopping threads took: 0.0001010 seconds
67.167: Application time: 0.0372950 seconds
67.168: [GC67.168: [ParNew: 15966K->1034K(16640K), 0.0005670 secs] 46203K->31271K(55552K), 0.0005950 secs] [Times: user=0.00 sys=0.00, real=0.00 secs] 
67.168: Total time for which application threads were stopped: 0.0008590 seconds, Stopping threads took: 0.0002110 seconds
67.202: Application time: 0.0338370 seconds
67.202: [GC67.202: [ParNew: 15440K->1544K(16640K), 0.0008250 secs] 45677K->32293K(55552K), 0.0008660 secs] [Times: user=0.00 sys=0.00, real=0.00 secs] 
67.203: Total time for which application threads were stopped: 0.0009980 seconds, Stopping threads took: 0.0000720 seconds
67.237: Application time: 0.0342070 seconds
67.238: [GC67.238: [ParNew: 15954K->1552K(16640K), 0.0008760 secs] 46703K->32813K(55552K), 0.0009090 secs] [Times: user=0.00 sys=0.00, real=0.00 secs] 
67.238: Total time for which application threads were stopped: 0.0010450 seconds, Stopping threads took: 0.0000850 seconds
67.274: Application time: 0.0353560 seconds
67.274: [GC67.274: [ParNew: 15964K->1546K(16640K), 0.0006930 secs] 47225K->32807K(55552K), 0.0007230 secs] [Times: user=0.01 sys=0.00, real=0.00 secs] 
67.275: Total time for which application threads were stopped: 0.0008670 seconds, Stopping threads took: 0.0000770 seconds
67.308: Application time: 0.0336360 seconds
67.308: [GC67.308: [ParNew: 15954K->1548K(16640K), 0.0008390 secs] 47215K->33321K(55552K), 0.0008720 secs] [Times: user=0.00 sys=0.00, real=0.01 secs] 
67.309: Total time for which application threads were stopped: 0.0010220 seconds, Stopping threads took: 0.0000900 seconds
67.344: Application time: 0.0350010 seconds
67.344: [GC67.344: [ParNew: 15958K->1548K(16640K), 0.0008350 secs] 47731K->33833K(55552K), 0.0008710 secs] [Times: user=0.00 sys=0.00, real=0.00 secs] 
67.345: Total time for which application threads were stopped: 0.0010210 seconds, Stopping threads took: 0.0000890 seconds
67.381: Application time: 0.0356480 seconds
67.381: [GC67.381: [ParNew: 15964K->520K(16640K), 0.0004430 secs] 48249K->32805K(55552K), 0.0004720 secs] [Times: user=0.00 sys=0.00, real=0.00 secs] 
67.382: Total time for which application threads were stopped: 0.0006030 seconds, Stopping threads took: 0.0000790 seconds
67.415: Application time: 0.0333650 seconds
67.415: [GC67.415: [ParNew: 14921K->1548K(16640K), 0.0010470 secs] 47207K->34857K(55552K), 0.0010840 secs] [Times: user=0.01 sys=0.00, real=0.00 secs] 
67.416: Total time for which application threads were stopped: 0.0012460 seconds, Stopping threads took: 0.0000990 seconds
67.452: Application time: 0.0358850 seconds
67.452: [GC67.452: [ParNew: 15964K->1034K(16640K), 0.0005100 secs] 49273K->34343K(55552K), 0.0005400 secs] [Times: user=0.00 sys=0.00, real=0.00 secs] 
67.453: Total time for which application threads were stopped: 0.0006960 seconds, Stopping threads took: 0.0001000 seconds
67.487: Application time: 0.0336950 seconds
67.487: [GC67.487: [ParNew: 15440K->1550K(16640K), 0.0008450 secs] 48749K->35371K(55552K), 0.0008770 secs] [Times: user=0.00 sys=0.00, real=0.00 secs] 
67.488: Total time for which application threads were stopped: 0.0010040 seconds, Stopping threads took: 0.0000680 seconds
67.524: Application time: 0.0364100 seconds
67.524: [GC67.524: [ParNew: 15962K->1548K(16640K), 0.0006760 secs] 49783K->35369K(55552K), 0.0007080 secs] [Times: user=0.01 sys=0.00, real=0.00 secs] 
67.525: Total time for which application threads were stopped: 0.0008320 seconds, Stopping threads took: 0.0000690 seconds
67.558: Application time: 0.0331790 seconds
67.558: [GC67.558: [ParNew: 15956K->1544K(16640K), 0.0008620 secs] 49777K->35877K(55552K), 0.0008940 secs] [Times: user=0.01 sys=0.00, real=0.00 secs] 
67.559: Total time for which application threads were stopped: 0.0010130 seconds, Stopping threads took: 0.0000590 seconds
67.594: Application time: 0.0352380 seconds
67.594: [GC67.594: [ParNew: 16192K->1634K(16640K), 0.0007150 secs] 50526K->35967K(55552K), 0.0007470 secs] [Times: user=0.01 sys=0.00, real=0.00 secs] 
67.595: Total time for which application threads were stopped: 0.0008880 seconds, Stopping threads took: 0.0000840 seconds
67.629: Application time: 0.0334700 seconds
67.629: [GC67.629: [ParNew: 16042K->1548K(16640K), 0.0008330 secs] 50375K->36479K(55552K), 0.0008690 secs] [Times: user=0.00 sys=0.00, real=0.00 secs] 
67.630: Total time for which application threads were stopped: 0.0009860 seconds, Stopping threads took: 0.0000570 seconds
67.665: Application time: 0.0350330 seconds
67.665: [GC67.665: [ParNew: 16196K->1636K(16640K), 0.0007050 secs] 51127K->36567K(55552K), 0.0007470 secs] [Times: user=0.01 sys=0.00, real=0.00 secs] 
67.666: Total time for which application threads were stopped: 0.0009500 seconds, Stopping threads took: 0.0001420 seconds
67.700: Application time: 0.0342050 seconds
67.700: [GC67.700: [ParNew: 16126K->1574K(16640K), 0.0006760 secs] 51057K->36590K(55552K), 0.0007160 secs] [Times: user=0.00 sys=0.00, real=0.01 secs] 
67.701: Total time for which application threads were stopped: 0.0008340 seconds, Stopping threads took: 0.0000590 seconds
67.736: Application time: 0.0353900 seconds
67.736: [GC67.736: [ParNew: 16066K->1064K(16640K), 0.0005400 secs] 51083K->36109K(55552K), 0.0005710 secs] [Times: user=0.01 sys=0.00, real=0.00 secs] 
67.737: Total time for which application threads were stopped: 0.0007020 seconds, Stopping threads took: 0.0000740 seconds
67.769: Application time: 0.0325420 seconds
67.769: [GC67.769: [ParNew: 15466K->1552K(16640K), 0.0011860 secs] 50511K->38161K(55552K), 0.0012250 secs] [Times: user=0.01 sys=0.00, real=0.00 secs] 
67.771: Total time for which application threads were stopped: 0.0013620 seconds, Stopping threads took: 0.0000710 seconds
67.771: Application time: 0.0000670 seconds
67.771: [GC [1 CMS-initial-mark: 36609K(38912K)] 38673K(55552K), 0.0001000 secs] [Times: user=0.00 sys=0.00, real=0.00 secs] 
67.771: Total time for which application threads were stopped: 0.0003530 seconds, Stopping threads took: 0.0002340 seconds
67.771: [CMS-concurrent-mark-start]
67.774: [CMS-concurrent-mark: 0.003/0.003 secs] [Times: user=0.01 sys=0.00, real=0.00 secs] 
67.774: [CMS-concurrent-preclean-start]
67.774: [CMS-concurrent-preclean: 0.000/0.000 secs] [Times: user=0.00 sys=0.00, real=0.00 secs] 
67.774: Application time: 0.0028280 seconds
67.774: [GC[YG occupancy: 2588 K (16640 K)]67.774: [Rescan (parallel) , 0.0001030 secs]67.774: [weak refs processing, 0.0000060 secs]67.774: [scrub string table, 0.0000940 secs] [1 CMS-remark: 36609K(38912K)] 39198K(55552K), 0.0002280 secs] [Times: user=0.00 sys=0.00, real=0.00 secs] 
67.774: Total time for which application threads were stopped: 0.0003590 seconds, Stopping threads took: 0.0001080 seconds
67.774: [CMS-concurrent-sweep-start]
67.775: [CMS-concurrent-sweep: 0.001/0.001 secs] [Times: user=0.00 sys=0.00, real=0.00 secs] 
67.775: [CMS-concurrent-reset-start]
67.775: [CMS-concurrent-reset: 0.000/0.000 secs] [Times: user=0.00 sys=0.00, real=0.00 secs] 
67.811: Application time: 0.0363940 seconds
67.811: [GC67.811: [ParNew: 15968K->1544K(16640K), 0.0006110 secs] 22938K->8513K(55552K), 0.0006420 secs] [Times: user=0.00 sys=0.00, real=0.00 secs] 
67.811: Total time for which application threads were stopped: 0.0007700 seconds, Stopping threads took: 0.0000640 seconds
67.845: Application time: 0.0340210 seconds
67.845: [GC67.846: [ParNew: 15952K->1548K(16640K), 0.0008650 secs] 22921K->9029K(55552K), 0.0008990 secs] [Times: user=0.00 sys=0.00, real=0.00 secs] 
67.846: Total time for which application threads were stopped: 0.0010270 seconds, Stopping threads took: 0.0000680 seconds
67.882: Application time: 0.0351920 seconds
67.882: [GC67.882: [ParNew: 15958K->1546K(16640K), 0.0009010 secs] 23439K->9539K(55552K), 0.0009350 secs] [Times: user=0.01 sys=0.00, real=0.00 secs] 
67.883: Total time for which application threads were stopped: 0.0010620 seconds, Stopping threads took: 0.0000650 seconds
67.918: Application time: 0.0349760 seconds
67.918: [GC67.918: [ParNew: 15962K->520K(16640K), 0.0004360 secs] 23956K->8513K(55552K), 0.0004640 secs] [Times: user=0.00 sys=0.00, real=0.00 secs] 
67.918: Total time for which application threads were stopped: 0.0005800 seconds, Stopping threads took: 0.0000620 seconds
67.952: Application time: 0.0333850 seconds
67.952: [GC67.952: [ParNew: 14923K->1546K(16640K), 0.0007840 secs] 22917K->10051K(55552K), 0.0008250 secs] [Times: user=0.00 sys=0.00, real=0.00 secs] 
67.953: Total time for which application threads were stopped: 0.0009510 seconds, Stopping threads took: 0.0000670 seconds
67.988: Application time: 0.0356160 seconds
67.988: [GC67.988: [ParNew: 15958K->1548K(16640K), 0.0006810 secs] 24463K->10053K(55552K), 0.0007230 secs] [Times: user=0.01 sys=0.00, real=0.01 secs] 
67.989: Total time for which application threads were stopped: 0.0008330 seconds, Stopping threads took: 0.0000590 seconds
68.022: Application time: 0.0326480 seconds
68.022: [GC68.022: [ParNew: 15956K->1546K(16640K), 0.0008500 secs] 24461K->10563K(55552K), 0.0008840 secs] [Times: user=0.01 sys=0.00, real=0.00 secs] 
68.023: Total time for which application threads were stopped: 0.0010030 seconds, Stopping threads took: 0.0000600 seconds
68.058: Application time: 0.0356690 seconds
68.058: [GC68.058: [ParNew: 15958K->1550K(16640K), 0.0006380 secs] 24975K->10567K(55552K), 0.0006690 secs] [Times: user=0.01 sys=0.00, real=0.00 secs] 
68.059: Total time for which application threads were stopped: 0.0007980 seconds, Stopping threads took: 0.0000710 seconds
68.091: Application time: 0.0320940 seconds
68.091: [GC68.091: [ParNew: 15952K->1550K(16640K), 0.0012010 secs] 24969K->12103K(55552K), 0.0012370 secs] [Times: user=0.01 sys=0.01, real=0.00 secs] 
68.093: Total time for which application threads were stopped: 0.0013920 seconds, Stopping threads took: 0.0000910 seconds
68.131: Application time: 0.0383120 seconds
68.131: [GC68.131: [ParNew: 15968K->1546K(16640K), 0.0006610 secs] 26522K->12099K(55552K), 0.0006920 secs] [Times: user=0.00 sys=0.00, real=0.00 secs] 
68.132: Total time for which application threads were stopped: 0.0008290 seconds, Stopping threads took: 0.0000810 seconds
68.163: Application time: 0.0308660 seconds
68.163: [GC68.163: [ParNew: 15950K->1548K(16640K), 0.0012110 secs] 26503K->13637K(55552K), 0.0012470 secs] [Times: user=0.01 sys=0.00, real=0.00 secs] 
68.164: Total time for which application threads were stopped: 0.0013780 seconds, Stopping threads took: 0.0000670 seconds
68.203: Application time: 0.0386450 seconds
68.203: [GC68.203: [ParNew: 15966K->1034K(16640K), 0.0005330 secs] 28056K->13123K(55552K), 0.0005620 secs] [Times: user=0.00 sys=0.00, real=0.00 secs] 
68.203: Total time for which application threads were stopped: 0.0006770 seconds, Stopping threads took: 0.0000600 seconds
68.237: Application time: 0.0334300 seconds
68.237: [GC68.237: [ParNew: 15440K->1548K(16640K), 0.0008930 secs] 27529K->14149K(55552K), 0.0009260 secs] [Times: user=0.01 sys=0.00, real=0.00 secs] 
68.238: Total time for which application threads were stopped: 0.0010530 seconds, Stopping threads took: 0.0000670 seconds
68.273: Application time: 0.0350400 seconds
68.273: [GC68.273: [ParNew: 16199K->1636K(16640K), 0.0006830 secs] 28800K->14238K(55552K), 0.0007130 secs] [Times: user=0.00 sys=0.00, real=0.00 secs] 
68.274: Total time for which application threads were stopped: 0.0008260 seconds, Stopping threads took: 0.0000540 seconds
68.308: Application time: 0.0338800 seconds
68.308: [GC68.308: [ParNew: 16281K->1636K(16640K), 0.0009440 secs] 28882K->14835K(55552K), 0.0009780 secs] [Times: user=0.01 sys=0.00, real=0.01 secs] 
68.309: Total time for which application threads were stopped: 0.0011020 seconds, Stopping threads took: 0.0000630 seconds
68.344: Application time: 0.0351010 seconds
68.344: [GC68.344: [ParNew: 16204K->1608K(16640K), 0.0008770 secs] 29404K->15405K(55552K), 0.0009120 secs] [Times: user=0.01 sys=0.00, real=0.00 secs] 
68.345: Total time for which application threads were stopped: 0.0010510 seconds, Stopping threads took: 0.0000690 seconds
68.379: Application time: 0.0346290 seconds
68.380: [GC68.380: [ParNew: 16022K->1034K(16640K), 0.0005200 secs] 29819K->14888K(55552K), 0.0005480 secs] [Times: user=0.01 sys=0.00, real=0.00 secs] 
68.380: Total time for which application threads were stopped: 0.0006600 seconds, Stopping threads took: 0.0000560 seconds
68.414: Application time: 0.0340620 seconds
68.414: [GC68.414: [ParNew: 15437K->1550K(16640K), 0.0009790 secs] 29291K->16428K(55552K), 0.0010140 secs] [Times: user=0.01 sys=0.00, real=0.00 secs] 
68.415: Total time for which application threads were stopped: 0.0011370 seconds, Stopping threads took: 0.0000630 seconds
68.450: Application time: 0.0347790 seconds
68.450: [GC68.450: [ParNew: 15964K->1544K(16640K), 0.0006680 secs] 30842K->16422K(55552K), 0.0007090 secs] [Times: user=0.00 sys=0.00, real=0.00 secs] 
68.451: Total time for which application threads were stopped: 0.0008460 seconds, Stopping threads took: 0.0000790 seconds
68.488: Application time: 0.0367050 seconds
68.488: [GC68.488: [ParNew: 15958K->522K(16640K), 0.0003340 secs] 30836K->15400K(55552K), 0.0003630 secs] [Times: user=0.00 sys=0.00, real=0.00 secs] 
68.488: Total time for which application threads were stopped: 0.0004770 seconds, Stopping threads took: 0.0000610 seconds
68.521: Application time: 0.0323900 seconds
68.521: [GC68.521: [ParNew: 14925K->1548K(16640K), 0.0008190 secs] 29803K->16938K(55552K), 0.0008530 secs] [Times: user=0.01 sys=0.00, real=0.00 secs] 
68.522: Total time for which application threads were stopped: 0.0010070 seconds, Stopping threads took: 0.0000930 seconds
68.557: Application time: 0.0355690 seconds
68.557: [GC68.557: [ParNew: 15964K->522K(16640K), 0.0003530 secs] 31354K->15912K(55552K), 0.0003830 secs] [Times: user=0.01 sys=0.00, real=0.00 secs] 
68.558: Total time for which application threads were stopped: 0.0005160 seconds, Stopping threads took: 0.0000770 seconds
68.591: Application time: 0.0335480 seconds
68.591: [GC68.591: [ParNew: 14925K->1548K(16640K), 0.0007030 secs] 30315K->16938K(55552K), 0.0007320 secs] [Times: user=0.00 sys=0.00, real=0.00 secs] 
68.592: Total time for which application threads were stopped: 0.0009100 seconds, Stopping threads took: 0.0001270 seconds
68.627: Application time: 0.0345250 seconds
68.627: [GC68.627: [ParNew: 15960K->1548K(16640K), 0.0006180 secs] 31350K->16938K(55552K), 0.0006510 secs] [Times: user=0.00 sys=0.00, real=0.00 secs] 
68.627: Total time for which application threads were stopped: 0.0007660 seconds, Stopping threads took: 0.0000580 seconds
68.661: Application time: 0.0340980 seconds
68.662: [GC68.662: [ParNew: 15960K->1036K(16640K), 0.0005100 secs] 31350K->16426K(55552K), 0.0005420 secs] [Times: user=0.01 sys=0.00, real=0.00 secs] 
68.662: Total time for which application threads were stopped: 0.0007240 seconds, Stopping threads took: 0.0001250 seconds
68.696: Application time: 0.0335370 seconds
68.696: [GC68.696: [ParNew: 15442K->1548K(16640K), 0.0008390 secs] 30832K->17450K(55552K), 0.0008760 secs] [Times: user=0.00 sys=0.00, real=0.00 secs] 
68.697: Total time for which application threads were stopped: 0.0010020 seconds, Stopping threads took: 0.0000660 seconds
68.732: Application time: 0.0349190 seconds
68.732: [GC68.732: [ParNew: 15958K->1548K(16640K), 0.0008070 secs] 31860K->17962K(55552K), 0.0008430 secs] [Times: user=0.00 sys=0.00, real=0.00 secs] 
68.733: Total time for which application threads were stopped: 0.0009870 seconds, Stopping threads took: 0.0000830 seconds
68.768: Application time: 0.0355970 seconds
68.768: [GC68.768: [ParNew: 15962K->1034K(16640K), 0.0005200 secs] 32376K->17448K(55552K), 0.0005480 secs] [Times: user=0.01 sys=0.00, real=0.01 secs] 
68.769: Total time for which application threads were stopped: 0.0006930 seconds, Stopping threads took: 0.0000900 seconds
68.802: Application time: 0.0330730 seconds
68.802: [GC68.802: [ParNew: 15437K->1550K(16640K), 0.0008890 secs] 31852K->18476K(55552K), 0.0009220 secs] [Times: user=0.01 sys=0.00, real=0.00 secs] 
68.803: Total time for which application threads were stopped: 0.0010620 seconds, Stopping threads took: 0.0000790 seconds
68.838: Application time: 0.0344960 seconds
68.838: [GC68.838: [ParNew: 15964K->1548K(16640K), 0.0006810 secs] 32890K->18474K(55552K), 0.0007100 secs] [Times: user=0.01 sys=0.00, real=0.00 secs] 
68.838: Total time for which application threads were stopped: 0.0008390 seconds, Stopping threads took: 0.0000710 seconds
68.873: Application time: 0.0345150 seconds
68.873: [GC68.873: [ParNew: 15958K->1546K(16640K), 0.0006360 secs] 32884K->18472K(55552K), 0.0006680 secs] [Times: user=0.00 sys=0.00, real=0.00 secs] 
68.874: Total time for which application threads were stopped: 0.0008260 seconds, Stopping threads took: 0.0000840 seconds
68.907: Application time: 0.0331650 seconds
68.907: [GC68.907: [ParNew: 16032K->1578K(16640K), 0.0010170 secs] 32958K->19528K(55552K), 0.0010530 secs] [Times: user=0.00 sys=0.00, real=0.00 secs] 
68.908: Total time for which application threads were stopped: 0.0011830 seconds, Stopping threads took: 0.0000670 seconds
68.944: Application time: 0.0358960 seconds
68.944: [GC68.944: [ParNew: 16392K->1178K(16640K), 0.0005880 secs] 34342K->19157K(55552K), 0.0006190 secs] [Times: user=0.00 sys=0.00, real=0.00 secs] 
68.945: Total time for which application threads were stopped: 0.0007350 seconds, Stopping threads took: 0.0000620 seconds
68.978: Application time: 0.0333710 seconds
68.981: [GC68.981: [ParNew: 15664K->1578K(16640K), 0.0007210 secs] 33643K->19699K(55552K), 0.0007550 secs] [Times: user=0.00 sys=0.00, real=0.00 secs] 
68.981: Total time for which application threads were stopped: 0.0032500 seconds, Stopping threads took: 0.0024350 seconds
69.019: Application time: 0.0377040 seconds
69.019: [GC69.019: [ParNew: 16068K->1064K(16640K), 0.0005750 secs] 34189K->19213K(55552K), 0.0006070 secs] [Times: user=0.00 sys=0.00, real=0.00 secs] 
69.020: Total time for which application threads were stopped: 0.0007290 seconds, Stopping threads took: 0.0000670 seconds
69.050: Application time: 0.0306290 seconds
69.051: [GC69.051: [ParNew: 15468K->1548K(16640K), 0.0010420 secs] 33617K->20750K(55552K), 0.0010790 secs] [Times: user=0.01 sys=0.00, real=0.00 secs] 
69.052: Total time for which application threads were stopped: 0.0012120 seconds, Stopping threads took: 0.0000670 seconds
69.089: Application time: 0.0371970 seconds
69.089: [GC69.089: [ParNew: 15964K->1034K(16640K), 0.0005810 secs] 35166K->20236K(55552K), 0.0006110 secs] [Times: user=0.01 sys=0.00, real=0.00 secs] 
69.090: Total time for which application threads were stopped: 0.0007410 seconds, Stopping threads took: 0.0000760 seconds
69.122: Application time: 0.0321030 seconds
69.122: [GC69.122: [ParNew: 15437K->1548K(16640K), 0.0010340 secs] 34640K->21774K(55552K), 0.0010670 secs] [Times: user=0.01 sys=0.00, real=0.00 secs] 
69.123: Total time for which application threads were stopped: 0.0012010 seconds, Stopping threads took: 0.0000740 seconds
69.160: Application time: 0.0373680 seconds
69.160: [GC69.160: [ParNew: 15966K->1032K(16640K), 0.0004920 secs] 36192K->21258K(55552K), 0.0005210 secs] [Times: user=0.00 sys=0.00, real=0.01 secs] 
69.161: Total time for which application threads were stopped: 0.0006520 seconds, Stopping threads took: 0.0000780 seconds
69.194: Application time: 0.0331520 seconds
69.194: [GC69.194: [ParNew: 15436K->1546K(16640K), 0.0010440 secs] 35662K->22796K(55552K), 0.0010770 secs] [Times: user=0.01 sys=0.00, real=0.00 secs] 
69.195: Total time for which application threads were stopped: 0.0012160 seconds, Stopping threads took: 0.0000790 seconds
69.230: Application time: 0.0347480 seconds
69.230: [GC69.230: [ParNew: 15958K->1546K(16640K), 0.0008340 secs] 37208K->23308K(55552K), 0.0008680 secs] [Times: user=0.01 sys=0.00, real=0.00 secs] 
69.231: Total time for which application threads were stopped: 0.0009880 seconds, Stopping threads took: 0.0000580 seconds
69.265: Application time: 0.0340430 seconds
69.265: [GC69.265: [ParNew: 15956K->1548K(16640K), 0.0008100 secs] 37718K->23822K(55552K), 0.0008440 secs] [Times: user=0.01 sys=0.00, real=0.00 secs] 
69.266: Total time for which application threads were stopped: 0.0009700 seconds, Stopping threads took: 0.0000650 seconds
69.304: Application time: 0.0375760 seconds
69.305: [GC69.305: [ParNew: 15960K->1546K(16640K), 0.0007440 secs] 38234K->23820K(55552K), 0.0007800 secs] [Times: user=0.00 sys=0.00, real=0.00 secs] 
69.305: Total time for which application threads were stopped: 0.0017720 seconds, Stopping threads took: 0.0009290 seconds
69.339: Application time: 0.0339230 seconds
69.339: [GC69.339: [ParNew: 15954K->1546K(16640K), 0.0007880 secs] 38228K->24332K(55552K), 0.0008310 secs] [Times: user=0.00 sys=0.00, real=0.00 secs] 
69.340: Total time for which application threads were stopped: 0.0009660 seconds, Stopping threads took: 0.0000730 seconds
69.377: Application time: 0.0364130 seconds
69.377: [GC69.377: [ParNew: 15958K->1548K(16640K), 0.0006600 secs] 38744K->24334K(55552K), 0.0006930 secs] [Times: user=0.00 sys=0.00, real=0.00 secs] 
69.378: Total time for which application threads were stopped: 0.0008250 seconds, Stopping threads took: 0.0000630 seconds
69.411: Application time: 0.0337350 seconds
69.412: [GC69.412: [ParNew: 15958K->1546K(16640K), 0.0007940 secs] 38744K->24332K(55552K), 0.0008270 secs] [Times: user=0.01 sys=0.00, real=0.00 secs] 
69.412: Total time for which application threads were stopped: 0.0010790 seconds, Stopping threads took: 0.0001930 seconds
69.448: Application time: 0.0355520 seconds
69.448: [GC69.448: [ParNew: 15958K->1032K(16640K), 0.0005430 secs] 38744K->23818K(55552K), 0.0005720 secs] [Times: user=0.00 sys=0.00, real=0.01 secs] 
69.449: Total time for which application threads were stopped: 0.0007610 seconds, Stopping threads took: 0.0001150 seconds
69.483: Application time: 0.0345390 seconds
69.483: [GC69.483: [ParNew: 15440K->1546K(16640K), 0.0005950 secs] 38226K->24332K(55552K), 0.0006250 secs] [Times: user=0.01 sys=0.00, real=0.00 secs] 
69.484: Total time for which application threads were stopped: 0.0007460 seconds, Stopping threads took: 0.0000650 seconds
69.519: Application time: 0.0345140 seconds
69.519: [GC69.519: [ParNew: 15956K->1548K(16640K), 0.0006440 secs] 38742K->24334K(55552K), 0.0006780 secs] [Times: user=0.01 sys=0.00, real=0.00 secs] 
69.519: Total time for which application threads were stopped: 0.0007970 seconds, Stopping threads took: 0.0000610 seconds
69.553: Application time: 0.0337850 seconds
69.553: [GC69.553: [ParNew: 15954K->1548K(16640K), 0.0010130 secs] 38740K->25358K(55552K), 0.0010480 secs] [Times: user=0.00 sys=0.00, real=0.00 secs] 
69.554: Total time for which application threads were stopped: 0.0011730 seconds, Stopping threads took: 0.0000630 seconds
69.589: Application time: 0.0351570 seconds
69.590: [GC69.590: [ParNew: 16361K->1180K(16640K), 0.0005050 secs] 40172K->24990K(55552K), 0.0005340 secs] [Times: user=0.00 sys=0.00, real=0.00 secs] 
69.590: Total time for which application threads were stopped: 0.0006470 seconds, Stopping threads took: 0.0000600 seconds
69.625: Application time: 0.0353510 seconds
69.626: [GC69.626: [ParNew: 15744K->1608K(16640K), 0.0007160 secs] 39555K->25561K(55552K), 0.0007480 secs] [Times: user=0.00 sys=0.00, real=0.00 secs] 
69.626: Total time for which application threads were stopped: 0.0008680 seconds, Stopping threads took: 0.0000640 seconds
69.660: Application time: 0.0335540 seconds
69.660: [GC69.660: [ParNew: 16094K->1576K(16640K), 0.0008740 secs] 40047K->26098K(55552K), 0.0009080 secs] [Times: user=0.00 sys=0.00, real=0.01 secs] 
69.661: Total time for which application threads were stopped: 0.0011010 seconds, Stopping threads took: 0.0001340 seconds
69.697: Application time: 0.0361500 seconds
69.697: [GC69.697: [ParNew: 15988K->1544K(16640K), 0.0007550 secs] 40510K->26094K(55552K), 0.0007890 secs] [Times: user=0.01 sys=0.00, real=0.00 secs] 
69.698: Total time for which application threads were stopped: 0.0009000 seconds, Stopping threads took: 0.0000550 seconds
69.732: Application time: 0.0337220 seconds
69.732: [GC69.732: [ParNew: 15952K->1546K(16640K), 0.0008860 secs] 40502K->26608K(55552K), 0.0009240 secs] [Times: user=0.00 sys=0.00, real=0.00 secs] 
69.733: Total time for which application threads were stopped: 0.0010800 seconds, Stopping threads took: 0.0000940 seconds
69.769: Application time: 0.0361180 seconds
69.769: [GC69.769: [ParNew: 15962K->520K(16640K), 0.0004150 secs] 41024K->25582K(55552K), 0.0004440 secs] [Times: user=0.00 sys=0.00, real=0.00 secs] 
69.769: Total time for which application threads were stopped: 0.0005490 seconds, Stopping threads took: 0.0000540 seconds
69.802: Application time: 0.0326450 seconds
69.802: [GC69.802: [ParNew: 14923K->1546K(16640K), 0.0008420 secs] 39986K->27120K(55552K), 0.0008760 secs] [Times: user=0.01 sys=0.00, real=0.00 secs] 
69.803: Total time for which application threads were stopped: 0.0010150 seconds, Stopping threads took: 0.0000800 seconds
69.839: Application time: 0.0357850 seconds
69.839: [GC69.839: [ParNew: 15962K->522K(16640K), 0.0003560 secs] 41536K->26096K(55552K), 0.0003860 secs] [Times: user=0.01 sys=0.00, real=0.00 secs] 
69.839: Total time for which application threads were stopped: 0.0005000 seconds, Stopping threads took: 0.0000610 seconds
69.872: Application time: 0.0327330 seconds
69.872: [GC69.872: [ParNew: 14925K->1546K(16640K), 0.0008600 secs] 40500K->27632K(55552K), 0.0008920 secs] [Times: user=0.00 sys=0.00, real=0.00 secs] 
69.873: Total time for which application threads were stopped: 0.0010160 seconds, Stopping threads took: 0.0000640 seconds
69.909: Application time: 0.0355480 seconds
69.909: [GC69.909: [ParNew: 15960K->520K(16640K), 0.0004460 secs] 42046K->26606K(55552K), 0.0004740 secs] [Times: user=0.00 sys=0.00, real=0.00 secs] 
69.909: Total time for which application threads were stopped: 0.0006550 seconds, Stopping threads took: 0.0001220 seconds
69.943: Application time: 0.0332550 seconds
69.943: [GC69.943: [ParNew: 14925K->1546K(16640K), 0.0008210 secs] 41012K->28144K(55552K), 0.0008520 secs] [Times: user=0.00 sys=0.00, real=0.00 secs] 
69.944: Total time for which application threads were stopped: 0.0009660 seconds, Stopping threads took: 0.0000590 seconds
69.979: Application time: 0.0354380 seconds
69.979: [GC69.979: [ParNew: 15956K->1548K(16640K), 0.0008190 secs] 42554K->28658K(55552K), 0.0008530 secs] [Times: user=0.00 sys=0.00, real=0.00 secs] 
69.980: Total time for which application threads were stopped: 0.0009750 seconds, Stopping threads took: 0.0000620 seconds
70.016: Application time: 0.0361330 seconds
70.016: [GC70.016: [ParNew: 15960K->1544K(16640K), 0.0007020 secs] 43070K->28654K(55552K), 0.0007340 secs] [Times: user=0.01 sys=0.00, real=0.00 secs] 
70.017: Total time for which application threads were stopped: 0.0008720 seconds, Stopping threads took: 0.0000800 seconds
70.049: Application time: 0.0322770 seconds
70.049: [GC70.049: [ParNew: 15950K->1548K(16640K), 0.0009980 secs] 43060K->29682K(55552K), 0.0010350 secs] [Times: user=0.01 sys=0.00, real=0.00 secs] 
70.050: Total time for which application threads were stopped: 0.0011550 seconds, Stopping threads took: 0.0000570 seconds
70.086: Application time: 0.0352680 seconds
70.086: [GC70.086: [ParNew: 15962K->1544K(16640K), 0.0006800 secs] 44097K->29678K(55552K), 0.0007120 secs] [Times: user=0.01 sys=0.00, real=0.00 secs] 
70.087: Total time for which application threads were stopped: 0.0008510 seconds, Stopping threads took: 0.0000810 seconds
70.119: Application time: 0.0326220 seconds
70.119: [GC70.119: [ParNew: 15950K->1550K(16640K), 0.0009790 secs] 44084K->30708K(55552K), 0.0010120 secs] [Times: user=0.01 sys=0.00, real=0.00 secs] 
70.120: Total time for which application threads were stopped: 0.0012000 seconds, Stopping threads took: 0.0001250 seconds
70.157: Application time: 0.0365600 seconds
70.157: [GC70.157: [ParNew: 15966K->1034K(16640K), 0.0005730 secs] 45125K->30192K(55552K), 0.0006020 secs] [Times: user=0.00 sys=0.00, real=0.00 secs] 
70.158: Total time for which application threads were stopped: 0.0007180 seconds, Stopping threads took: 0.0000630 seconds
70.192: Application time: 0.0337890 seconds
70.192: [GC70.192: [ParNew: 15440K->1546K(16640K), 0.0008610 secs] 44598K->31216K(55552K), 0.0008930 secs] [Times: user=0.01 sys=0.00, real=0.00 secs] 
70.193: Total time for which application threads were stopped: 0.0010020 seconds, Stopping threads took: 0.0000570 seconds
70.228: Application time: 0.0351780 seconds
70.228: [GC70.228: [ParNew: 16200K->1122K(16640K), 0.0005830 secs] 45871K->30792K(55552K), 0.0006160 secs] [Times: user=0.00 sys=0.00, real=0.00 secs] 
70.228: Total time for which application threads were stopped: 0.0007380 seconds, Stopping threads took: 0.0000660 seconds
70.264: Application time: 0.0350970 seconds
70.264: [GC70.264: [ParNew: 15847K->1150K(16640K), 0.0005850 secs] 45518K->30906K(55552K), 0.0006240 secs] [Times: user=0.00 sys=0.00, real=0.00 secs] 
70.264: Total time for which application threads were stopped: 0.0007450 seconds, Stopping threads took: 0.0000630 seconds
70.297: Application time: 0.0329720 seconds
70.297: [GC70.297: [ParNew: 15636K->1578K(16640K), 0.0008820 secs] 45392K->31960K(55552K), 0.0009180 secs] [Times: user=0.01 sys=0.00, real=0.00 secs] 
70.298: Total time for which application threads were stopped: 0.0010410 seconds, Stopping threads took: 0.0000630 seconds
70.335: Application time: 0.0369430 seconds
70.335: [GC70.335: [ParNew: 15992K->1034K(16640K), 0.0004890 secs] 46374K->31444K(55552K), 0.0005190 secs] [Times: user=0.01 sys=0.00, real=0.00 secs] 
70.336: Total time for which application threads were stopped: 0.0006360 seconds, Stopping threads took: 0.0000630 seconds
70.367: Application time: 0.0312950 seconds
70.367: [GC70.367: [ParNew: 15440K->1548K(16640K), 0.0008800 secs] 45850K->32471K(55552K), 0.0009130 secs] [Times: user=0.00 sys=0.00, real=0.00 secs] 
70.368: Total time for which application threads were stopped: 0.0010430 seconds, Stopping threads took: 0.0000690 seconds
70.406: Application time: 0.0375130 seconds
70.406: [GC70.406: [ParNew: 15964K->520K(16640K), 0.0003470 secs] 46887K->31442K(55552K), 0.0003770 secs] [Times: user=0.01 sys=0.00, real=0.00 secs] 
70.406: Total time for which application threads were stopped: 0.0006480 seconds, Stopping threads took: 0.0002200 seconds
70.438: Application time: 0.0320380 seconds
70.439: [GC70.439: [ParNew: 14923K->1546K(16640K), 0.0008220 secs] 45846K->32981K(55552K), 0.0008570 secs] [Times: user=0.00 sys=0.00, real=0.00 secs] 
70.439: Total time for which application threads were stopped: 0.0010210 seconds, Stopping threads took: 0.0000940 seconds
70.476: Application time: 0.0364650 seconds
70.476: [GC70.476: [ParNew: 15960K->1032K(16640K), 0.0022350 secs] 47395K->32466K(55552K), 0.0022760 secs] [Times: user=0.00 sys=0.00, real=0.00 secs] 
70.478: Total time for which application threads were stopped: 0.0024030 seconds, Stopping threads took: 0.0000670 seconds
70.512: Application time: 0.0336070 seconds
70.512: [GC70.512: [ParNew: 15435K->1546K(16640K), 0.0010250 secs] 46870K->34005K(55552K), 0.0010630 secs] [Times: user=0.01 sys=0.00, real=0.00 secs] 
70.513: Total time for which application threads were stopped: 0.0012360 seconds, Stopping threads took: 0.0001100 seconds
70.549: Application time: 0.0356430 seconds
70.549: [GC70.549: [ParNew: 15960K->1034K(16640K), 0.0004920 secs] 48419K->33493K(55552K), 0.0005220 secs] [Times: user=0.00 sys=0.00, real=0.00 secs] 
70.549: Total time for which application threads were stopped: 0.0006750 seconds, Stopping threads took: 0.0000980 seconds
70.584: Application time: 0.0343360 seconds
70.584: [GC70.584: [ParNew: 15440K->1548K(16640K), 0.0010170 secs] 47898K->35031K(55552K), 0.0010550 secs] [Times: user=0.00 sys=0.00, real=0.00 secs] 
70.585: Total time for which application threads were stopped: 0.0011850 seconds, Stopping threads took: 0.0000680 seconds
70.620: Application time: 0.0351780 seconds
70.620: [GC70.620: [ParNew: 15962K->1544K(16640K), 0.0006610 secs] 49445K->35027K(55552K), 0.0006950 secs] [Times: user=0.01 sys=0.00, real=0.01 secs] 
70.621: Total time for which application threads were stopped: 0.0008120 seconds, Stopping threads took: 0.0000580 seconds
70.656: Application time: 0.0351990 seconds
70.656: [GC70.656: [ParNew: 15954K->1546K(16640K), 0.0006480 secs] 49437K->35029K(55552K), 0.0006800 secs] [Times: user=0.01 sys=0.00, real=0.00 secs] 
70.657: Total time for which application threads were stopped: 0.0008050 seconds, Stopping threads took: 0.0000710 seconds
70.690: Application time: 0.0330300 seconds
70.690: [GC70.690: [ParNew: 15952K->1548K(16640K), 0.0010060 secs] 49435K->36055K(55552K), 0.0010410 secs] [Times: user=0.00 sys=0.00, real=0.00 secs] 
70.691: Total time for which application threads were stopped: 0.0011710 seconds, Stopping threads took: 0.0000670 seconds
70.728: Application time: 0.0370960 seconds
70.728: [GC70.728: [ParNew: 15966K->520K(16640K), 0.0003490 secs] 50473K->35027K(55552K), 0.0003870 secs] [Times: user=0.00 sys=0.00, real=0.01 secs] 
70.729: Total time for which application threads were stopped: 0.0005000 seconds, Stopping threads took: 0.0000630 seconds
70.761: Application time: 0.0324720 seconds
70.761: [GC70.761: [ParNew: 14919K->1550K(16640K), 0.0012000 secs] 49426K->37593K(55552K), 0.0012370 secs] [Times: user=0.00 sys=0.00, real=0.00 secs] 
70.763: Total time for which application threads were stopped: 0.0013660 seconds, Stopping threads took: 0.0000650 seconds
70.763: Application time: 0.0000590 seconds
70.763: [GC [1 CMS-initial-mark: 36043K(38912K)] 38105K(55552K), 0.0000980 secs] [Times: user=0.00 sys=0.00, real=0.00 secs] 
70.763: Total time for which application threads were stopped: 0.0003380 seconds, Stopping threads took: 0.0002200 seconds
70.763: [CMS-concurrent-mark-start]
70.766: [CMS-concurrent-mark: 0.003/0.003 secs] [Times: user=0.01 sys=0.00, real=0.00 secs] 
70.766: [CMS-concurrent-preclean-start]
70.766: [CMS-concurrent-preclean: 0.000/0.000 secs] [Times: user=0.00 sys=0.00, real=0.00 secs] 
70.767: Application time: 0.0034640 seconds
70.769: [GC[YG occupancy: 2596 K (16640 K)]70.769: [Rescan (parallel) , 0.0001850 secs]70.769: [weak refs processing, 0.0000060 secs]70.769: [scrub string table, 0.0001120 secs] [1 CMS-remark: 36043K(38912K)] 38639K(55552K), 0.0003290 secs] [Times: user=0.00 sys=0.00, real=0.00 secs] 
70.769: Total time for which application threads were stopped: 0.0024690 seconds, Stopping threads took: 0.0021170 seconds
70.769: [CMS-concurrent-sweep-start]
70.770: [CMS-concurrent-sweep: 0.001/0.001 secs] [Times: user=0.00 sys=0.00, real=0.00 secs] 
70.770: [CMS-concurrent-reset-start]
70.770: [CMS-concurrent-reset: 0.000/0.000 secs] [Times: user=0.00 sys=0.00, real=0.00 secs] 
70.803: Application time: 0.0339150 seconds
70.803: [GC70.803: [ParNew: 15968K->1034K(16640K), 0.0005120 secs] 22940K->8006K(55552K), 0.0005420 secs] [Times: user=0.00 sys=0.00, real=0.00 secs] 
70.804: Total time for which application threads were stopped: 0.0008050 seconds, Stopping threads took: 0.0002070 seconds
70.838: Application time: 0.0342400 seconds
70.838: [GC70.838: [ParNew: 15440K->1548K(16640K), 0.0007910 secs] 22411K->9032K(55552K), 0.0008260 secs] [Times: user=0.00 sys=0.00, real=0.00 secs] 
70.839: Total time for which application threads were stopped: 0.0009710 seconds, Stopping threads took: 0.0000840 seconds
70.875: Application time: 0.0361480 seconds
70.875: [GC70.875: [ParNew: 16118K->1604K(16640K), 0.0007290 secs] 23602K->9088K(55552K), 0.0007610 secs] [Times: user=0.01 sys=0.00, real=0.00 secs] 
70.876: Total time for which application threads were stopped: 0.0009050 seconds, Stopping threads took: 0.0000860 seconds
70.909: Application time: 0.0333810 seconds
70.909: [GC70.909: [ParNew: 16170K->1608K(16640K), 0.0008400 secs] 23654K->9661K(55552K), 0.0008760 secs] [Times: user=0.00 sys=0.00, real=0.00 secs] 
70.910: Total time for which application threads were stopped: 0.0010040 seconds, Stopping threads took: 0.0000670 seconds
70.948: Application time: 0.0377500 seconds
70.948: [GC70.948: [ParNew: 16347K->128K(16640K), 0.0004670 secs] 24400K->8238K(55552K), 0.0004960 secs] [Times: user=0.01 sys=0.00, real=0.01 secs] 
70.949: Total time for which application threads were stopped: 0.0006170 seconds, Stopping threads took: 0.0000620 seconds
70.981: Application time: 0.0326250 seconds
70.981: [GC70.981: [ParNew: 14530K->1662K(16640K), 0.0008400 secs] 22640K->10284K(55552K), 0.0008730 secs] [Times: user=0.00 sys=0.00, real=0.00 secs] 
70.982: Total time for which application threads were stopped: 0.0010030 seconds, Stopping threads took: 0.0000680 seconds
71.017: Application time: 0.0350740 seconds
71.018: [GC71.018: [ParNew: 16074K->1038K(16640K), 0.0005470 secs] 24696K->9774K(55552K), 0.0005770 secs] [Times: user=0.00 sys=0.00, real=0.00 secs] 
71.018: Total time for which application threads were stopped: 0.0007090 seconds, Stopping threads took: 0.0000750 seconds
71.052: Application time: 0.0336080 seconds
71.052: [GC71.052: [ParNew: 15446K->1546K(16640K), 0.0008110 secs] 24182K->10794K(55552K), 0.0008530 secs] [Times: user=0.00 sys=0.00, real=0.00 secs] 
71.053: Total time for which application threads were stopped: 0.0009860 seconds, Stopping threads took: 0.0000730 seconds
71.088: Application time: 0.0351550 seconds
71.088: [GC71.088: [ParNew: 15958K->1546K(16640K), 0.0006580 secs] 25206K->10794K(55552K), 0.0006910 secs] [Times: user=0.01 sys=0.00, real=0.01 secs] 
71.089: Total time for which application threads were stopped: 0.0008180 seconds, Stopping threads took: 0.0000700 seconds
71.122: Application time: 0.0329120 seconds
71.122: [GC71.122: [ParNew: 15948K->1550K(16640K), 0.0013960 secs] 25196K->12846K(55552K), 0.0014320 secs] [Times: user=0.01 sys=0.00, real=0.00 secs] 
71.123: Total time for which application threads were stopped: 0.0015660 seconds, Stopping threads took: 0.0000680 seconds
71.162: Application time: 0.0386060 seconds
71.165: [GC71.165: [ParNew: 15968K->1546K(16640K), 0.0009230 secs] 27264K->12842K(55552K), 0.0009510 secs] [Times: user=0.00 sys=0.00, real=0.00 secs] 
71.166: Total time for which application threads were stopped: 0.0038060 seconds, Stopping threads took: 0.0028000 seconds
71.198: Application time: 0.0326780 seconds
71.198: [GC71.198: [ParNew: 15952K->1546K(16640K), 0.0010010 secs] 27248K->13866K(55552K), 0.0010380 secs] [Times: user=0.01 sys=0.00, real=0.00 secs] 
71.199: Total time for which application threads were stopped: 0.0011590 seconds, Stopping threads took: 0.0000600 seconds
71.235: Application time: 0.0354930 seconds
71.235: [GC71.235: [ParNew: 15960K->1546K(16640K), 0.0006960 secs] 28280K->13866K(55552K), 0.0007290 secs] [Times: user=0.01 sys=0.00, real=0.00 secs] 
71.236: Total time for which application threads were stopped: 0.0008380 seconds, Stopping threads took: 0.0000510 seconds
71.270: Application time: 0.0345930 seconds
71.271: [GC71.271: [ParNew: 15958K->1034K(16640K), 0.0004940 secs] 28278K->13354K(55552K), 0.0005240 secs] [Times: user=0.00 sys=0.00, real=0.00 secs] 
71.271: Total time for which application threads were stopped: 0.0006890 seconds, Stopping threads took: 0.0001090 seconds
71.305: Application time: 0.0337830 seconds
71.305: [GC71.305: [ParNew: 15437K->1548K(16640K), 0.0009910 secs] 27758K->14892K(55552K), 0.0010260 secs] [Times: user=0.01 sys=0.00, real=0.00 secs] 
71.306: Total time for which application threads were stopped: 0.0011790 seconds, Stopping threads took: 0.0000880 seconds
71.342: Application time: 0.0361340 seconds
71.342: [GC71.342: [ParNew: 15964K->1034K(16640K), 0.0004670 secs] 29308K->14378K(55552K), 0.0004970 secs] [Times: user=0.00 sys=0.00, real=0.00 secs] 
71.343: Total time for which application threads were stopped: 0.0006090 seconds, Stopping threads took: 0.0000570 seconds
71.375: Application time: 0.0318620 seconds
71.375: [GC71.375: [ParNew: 15435K->1548K(16640K), 0.0011620 secs] 28780K->16428K(55552K), 0.0011990 secs] [Times: user=0.01 sys=0.00, real=0.00 secs] 
71.376: Total time for which application threads were stopped: 0.0013420 seconds, Stopping threads took: 0.0000790 seconds
71.414: Application time: 0.0377540 seconds
71.414: [GC71.414: [ParNew: 15966K->1032K(16640K), 0.0004780 secs] 30846K->15912K(55552K), 0.0005090 secs] [Times: user=0.00 sys=0.00, real=0.00 secs] 
71.414: Total time for which application threads were stopped: 0.0006260 seconds, Stopping threads took: 0.0000630 seconds
71.446: Application time: 0.0314160 seconds
71.446: [GC71.446: [ParNew: 15433K->1548K(16640K), 0.0011530 secs] 30314K->17964K(55552K), 0.0011870 secs] [Times: user=0.00 sys=0.00, real=0.00 secs] 
71.447: Total time for which application threads were stopped: 0.0013100 seconds, Stopping threads took: 0.0000630 seconds
71.485: Application time: 0.0377500 seconds
71.485: [GC71.485: [ParNew: 15966K->1032K(16640K), 0.0003950 secs] 32382K->17448K(55552K), 0.0004240 secs] [Times: user=0.01 sys=0.00, real=0.00 secs] 
71.485: Total time for which application threads were stopped: 0.0005720 seconds, Stopping threads took: 0.0000790 seconds
71.517: Application time: 0.0313110 seconds
71.517: [GC71.517: [ParNew: 15512K->1580K(16640K), 0.0011960 secs] 31928K->19532K(55552K), 0.0012320 secs] [Times: user=0.01 sys=0.00, real=0.00 secs] 
71.518: Total time for which application threads were stopped: 0.0013660 seconds, Stopping threads took: 0.0000680 seconds
71.557: Application time: 0.0388370 seconds
71.557: [GC71.557: [ParNew: 16155K->1604K(16640K), 0.0007480 secs] 34107K->19585K(55552K), 0.0007790 secs] [Times: user=0.01 sys=0.00, real=0.00 secs] 
71.558: Total time for which application threads were stopped: 0.0009090 seconds, Stopping threads took: 0.0000730 seconds
71.589: Application time: 0.0313980 seconds
71.589: [GC71.589: [ParNew: 16401K->1690K(16640K), 0.0012940 secs] 34382K->21264K(55552K), 0.0013310 secs] [Times: user=0.01 sys=0.00, real=0.00 secs] 
71.591: Total time for which application threads were stopped: 0.0014710 seconds, Stopping threads took: 0.0000760 seconds
71.628: Application time: 0.0374020 seconds
71.628: [GC71.628: [ParNew: 16106K->1550K(16640K), 0.0007220 secs] 35680K->21266K(55552K), 0.0007540 secs] [Times: user=0.00 sys=0.00, real=0.01 secs] 
71.629: Total time for which application threads were stopped: 0.0008870 seconds, Stopping threads took: 0.0000720 seconds
71.662: Application time: 0.0329380 seconds
71.662: [GC71.662: [ParNew: 15954K->1548K(16640K), 0.0011850 secs] 35670K->22800K(55552K), 0.0012230 secs] [Times: user=0.00 sys=0.00, real=0.00 secs] 
71.663: Total time for which application threads were stopped: 0.0013490 seconds, Stopping threads took: 0.0000600 seconds
71.700: Application time: 0.0370410 seconds
71.700: [GC71.701: [ParNew: 15966K->1034K(16640K), 0.0004930 secs] 37219K->22286K(55552K), 0.0005240 secs] [Times: user=0.00 sys=0.00, real=0.01 secs] 
71.701: Total time for which application threads were stopped: 0.0006440 seconds, Stopping threads took: 0.0000660 seconds
71.734: Application time: 0.0334680 seconds
71.735: [GC71.735: [ParNew: 15437K->1548K(16640K), 0.0009750 secs] 36690K->23824K(55552K), 0.0010070 secs] [Times: user=0.01 sys=0.00, real=0.00 secs] 
71.736: Total time for which application threads were stopped: 0.0011330 seconds, Stopping threads took: 0.0000640 seconds
71.771: Application time: 0.0355050 seconds
71.771: [GC71.771: [ParNew: 15962K->1546K(16640K), 0.0007100 secs] 38238K->23822K(55552K), 0.0007410 secs] [Times: user=0.01 sys=0.00, real=0.00 secs] 
71.772: Total time for which application threads were stopped: 0.0008660 seconds, Stopping threads took: 0.0000690 seconds
71.807: Application time: 0.0351270 seconds
71.807: [GC71.807: [ParNew: 15954K->1548K(16640K), 0.0007260 secs] 38230K->23824K(55552K), 0.0007570 secs] [Times: user=0.00 sys=0.00, real=0.00 secs] 
71.808: Total time for which application threads were stopped: 0.0009330 seconds, Stopping threads took: 0.0001190 seconds
71.843: Application time: 0.0353050 seconds
71.843: [GC71.843: [ParNew: 15964K->522K(16640K), 0.0004150 secs] 38240K->22798K(55552K), 0.0004440 secs] [Times: user=0.00 sys=0.00, real=0.00 secs] 
71.844: Total time for which application threads were stopped: 0.0005650 seconds, Stopping threads took: 0.0000700 seconds
71.877: Application time: 0.0328330 seconds
71.877: [GC71.877: [ParNew: 14925K->1548K(16640K), 0.0007880 secs] 37202K->24336K(55552K), 0.0008230 secs] [Times: user=0.00 sys=0.00, real=0.00 secs] 
71.878: Total time for which application threads were stopped: 0.0009410 seconds, Stopping threads took: 0.0000570 seconds
71.913: Application time: 0.0354880 seconds
71.913: [GC71.913: [ParNew: 15962K->1032K(16640K), 0.0005600 secs] 38750K->23820K(55552K), 0.0005910 secs] [Times: user=0.00 sys=0.00, real=0.00 secs] 
71.914: Total time for which application threads were stopped: 0.0007080 seconds, Stopping threads took: 0.0000590 seconds
71.949: Application time: 0.0349330 seconds
71.949: [GC71.949: [ParNew: 15438K->1546K(16640K), 0.0008100 secs] 38226K->24846K(55552K), 0.0008440 secs] [Times: user=0.01 sys=0.00, real=0.00 secs] 
71.950: Total time for which application threads were stopped: 0.0009950 seconds, Stopping threads took: 0.0000840 seconds
71.987: Application time: 0.0370560 seconds
71.987: [GC71.987: [ParNew: 15960K->1034K(16640K), 0.0004600 secs] 39260K->24334K(55552K), 0.0004920 secs] [Times: user=0.00 sys=0.00, real=0.00 secs] 
71.988: Total time for which application threads were stopped: 0.0006180 seconds, Stopping threads took: 0.0000610 seconds
72.018: Application time: 0.0306650 seconds
72.018: [GC72.018: [ParNew: 15437K->1548K(16640K), 0.0009840 secs] 38738K->25872K(55552K), 0.0010200 secs] [Times: user=0.01 sys=0.00, real=0.00 secs] 
72.019: Total time for which application threads were stopped: 0.0011490 seconds, Stopping threads took: 0.0000640 seconds
72.057: Application time: 0.0377580 seconds
72.057: [GC72.057: [ParNew: 15966K->522K(16640K), 0.0003840 secs] 40291K->24846K(55552K), 0.0004140 secs] [Times: user=0.01 sys=0.00, real=0.00 secs] 
72.058: Total time for which application threads were stopped: 0.0005200 seconds, Stopping threads took: 0.0000550 seconds
72.090: Application time: 0.0320200 seconds
72.090: [GC72.090: [ParNew: 14923K->1548K(16640K), 0.0010030 secs] 39248K->26896K(55552K), 0.0010390 secs] [Times: user=0.01 sys=0.00, real=0.00 secs] 
72.091: Total time for which application threads were stopped: 0.0011730 seconds, Stopping threads took: 0.0000710 seconds
72.127: Application time: 0.0361020 seconds
72.127: [GC72.127: [ParNew: 15964K->1034K(16640K), 0.0004990 secs] 41313K->26382K(55552K), 0.0005310 secs] [Times: user=0.00 sys=0.00, real=0.00 secs] 
72.128: Total time for which application threads were stopped: 0.0006500 seconds, Stopping threads took: 0.0000640 seconds
72.160: Application time: 0.0328110 seconds
72.161: [GC72.161: [ParNew: 15518K->1580K(16640K), 0.0008270 secs] 40866K->27440K(55552K), 0.0008600 secs] [Times: user=0.01 sys=0.00, real=0.00 secs] 
72.161: Total time for which application threads were stopped: 0.0010680 seconds, Stopping threads took: 0.0001470 seconds
72.196: Application time: 0.0343620 seconds
72.196: [GC72.196: [ParNew: 16230K->1632K(16640K), 0.0010850 secs] 42091K->28033K(55552K), 0.0011200 secs] [Times: user=0.01 sys=0.00, real=0.00 secs] 
72.197: Total time for which application threads were stopped: 0.0012790 seconds, Stopping threads took: 0.0000940 seconds
72.233: Application time: 0.0354530 seconds
72.233: [GC72.233: [ParNew: 16124K->1576K(16640K), 0.0007160 secs] 42526K->28062K(55552K), 0.0007490 secs] [Times: user=0.01 sys=0.00, real=0.00 secs] 
72.233: Total time for which application threads were stopped: 0.0008650 seconds, Stopping threads took: 0.0000570 seconds
72.268: Application time: 0.0348050 seconds
72.268: [GC72.268: [ParNew: 16218K->1634K(16640K), 0.0008750 secs] 42705K->28661K(55552K), 0.0009100 secs] [Times: user=0.00 sys=0.00, real=0.01 secs] 
72.269: Total time for which application threads were stopped: 0.0010580 seconds, Stopping threads took: 0.0000870 seconds
72.305: Application time: 0.0360660 seconds
72.306: [GC72.306: [ParNew: 16050K->522K(16640K), 0.0004440 secs] 43077K->27634K(55552K), 0.0004730 secs] [Times: user=0.00 sys=0.00, real=0.00 secs] 
72.306: Total time for which application threads were stopped: 0.0006780 seconds, Stopping threads took: 0.0001520 seconds
72.339: Application time: 0.0327260 seconds
72.339: [GC72.339: [ParNew: 14923K->1546K(16640K), 0.0010390 secs] 42036K->29683K(55552K), 0.0010710 secs] [Times: user=0.00 sys=0.00, real=0.00 secs] 
72.340: Total time for which application threads were stopped: 0.0012000 seconds, Stopping threads took: 0.0000690 seconds
72.376: Application time: 0.0364170 seconds
72.376: [GC72.377: [ParNew: 15960K->1546K(16640K), 0.0006690 secs] 44097K->29683K(55552K), 0.0007000 secs] [Times: user=0.01 sys=0.00, real=0.00 secs] 
72.377: Total time for which application threads were stopped: 0.0008130 seconds, Stopping threads took: 0.0000560 seconds
72.408: Application time: 0.0312210 seconds
72.409: [GC72.409: [ParNew: 15950K->1548K(16640K), 0.0010080 secs] 44086K->30709K(55552K), 0.0010530 secs] [Times: user=0.01 sys=0.00, real=0.00 secs] 
72.410: Total time for which application threads were stopped: 0.0013130 seconds, Stopping threads took: 0.0001990 seconds
72.449: Application time: 0.0391010 seconds
72.449: [GC72.449: [ParNew: 15964K->1550K(16640K), 0.0007280 secs] 45125K->30711K(55552K), 0.0007600 secs] [Times: user=0.01 sys=0.00, real=0.00 secs] 
72.450: Total time for which application threads were stopped: 0.0009180 seconds, Stopping threads took: 0.0001040 seconds
72.483: Application time: 0.0329730 seconds
72.483: [GC72.483: [ParNew: 15958K->1546K(16640K), 0.0007960 secs] 45119K->31219K(55552K), 0.0008290 secs] [Times: user=0.01 sys=0.00, real=0.00 secs] 
72.484: Total time for which application threads were stopped: 0.0009490 seconds, Stopping threads took: 0.0000620 seconds
72.519: Application time: 0.0350940 seconds
72.519: [GC72.519: [ParNew: 15956K->1550K(16640K), 0.0008360 secs] 45629K->31735K(55552K), 0.0008710 secs] [Times: user=0.00 sys=0.00, real=0.00 secs] 
72.520: Total time for which application threads were stopped: 0.0010240 seconds, Stopping threads took: 0.0000830 seconds
72.555: Application time: 0.0347280 seconds
72.555: [GC72.555: [ParNew: 15964K->1032K(16640K), 0.0005420 secs] 46149K->31217K(55552K), 0.0005760 secs] [Times: user=0.00 sys=0.00, real=0.00 secs] 
72.555: Total time for which application threads were stopped: 0.0008590 seconds, Stopping threads took: 0.0002270 seconds
72.590: Application time: 0.0341120 seconds
72.590: [GC72.590: [ParNew: 15440K->1546K(16640K), 0.0006980 secs] 45625K->31731K(55552K), 0.0007310 secs] [Times: user=0.00 sys=0.00, real=0.00 secs] 
72.590: Total time for which application threads were stopped: 0.0009650 seconds, Stopping threads took: 0.0001750 seconds
72.626: Application time: 0.0350500 seconds
72.626: [GC72.626: [ParNew: 15956K->1544K(16640K), 0.0007060 secs] 46141K->31729K(55552K), 0.0007350 secs] [Times: user=0.01 sys=0.00, real=0.00 secs] 
72.626: Total time for which application threads were stopped: 0.0008590 seconds, Stopping threads took: 0.0000650 seconds
72.661: Application time: 0.0347180 seconds
72.661: [GC72.661: [ParNew: 15952K->1546K(16640K), 0.0008110 secs] 46137K->32243K(55552K), 0.0008470 secs] [Times: user=0.01 sys=0.00, real=0.00 secs] 
72.662: Total time for which application threads were stopped: 0.0009800 seconds, Stopping threads took: 0.0000710 seconds
72.697: Application time: 0.0351510 seconds
72.697: [GC72.697: [ParNew: 15956K->1546K(16640K), 0.0008390 secs] 46653K->32755K(55552K), 0.0008730 secs] [Times: user=0.00 sys=0.00, real=0.00 secs] 
72.698: Total time for which application threads were stopped: 0.0009870 seconds, Stopping threads took: 0.0000580 seconds
72.734: Application time: 0.0355380 seconds
72.734: [GC72.734: [ParNew: 15956K->1548K(16640K), 0.0008680 secs] 47165K->33269K(55552K), 0.0009020 secs] [Times: user=0.00 sys=0.00, real=0.00 secs] 
72.735: Total time for which application threads were stopped: 0.0010300 seconds, Stopping threads took: 0.0000680 seconds
72.770: Application time: 0.0350970 seconds
72.770: [GC72.770: [ParNew: 15962K->1032K(16640K), 0.0004630 secs] 47683K->32753K(55552K), 0.0004930 secs] [Times: user=0.01 sys=0.00, real=0.00 secs] 
72.771: Total time for which application threads were stopped: 0.0006060 seconds, Stopping threads took: 0.0000590 seconds
72.803: Application time: 0.0329590 seconds
72.804: [GC72.804: [ParNew: 15518K->1576K(16640K), 0.0008060 secs] 47239K->33809K(55552K), 0.0008430 secs] [Times: user=0.01 sys=0.00, real=0.00 secs] 
72.804: Total time for which application threads were stopped: 0.0009660 seconds, Stopping threads took: 0.0000630 seconds
72.840: Application time: 0.0357240 seconds
72.840: [GC72.840: [ParNew: 16150K->1094K(16640K), 0.0005710 secs] 48383K->33355K(55552K), 0.0006030 secs] [Times: user=0.01 sys=0.00, real=0.01 secs] 
72.841: Total time for which application threads were stopped: 0.0007190 seconds, Stopping threads took: 0.0000580 seconds
72.874: Application time: 0.0331800 seconds
72.874: [GC72.874: [ParNew: 15656K->1606K(16640K), 0.0008650 secs] 47918K->34436K(55552K), 0.0009100 secs] [Times: user=0.01 sys=0.00, real=0.00 secs] 
72.875: Total time for which application threads were stopped: 0.0010370 seconds, Stopping threads took: 0.0000650 seconds
72.910: Application time: 0.0347610 seconds
72.910: [GC72.910: [ParNew: 16096K->1578K(16640K), 0.0006840 secs] 48927K->34465K(55552K), 0.0007170 secs] [Times: user=0.00 sys=0.00, real=0.00 secs] 
72.911: Total time for which application threads were stopped: 0.0008400 seconds, Stopping threads took: 0.0000640 seconds
72.946: Application time: 0.0348610 seconds
72.946: [GC72.946: [ParNew: 16150K->1092K(16640K), 0.0005770 secs] 49038K->34008K(55552K), 0.0006090 secs] [Times: user=0.00 sys=0.00, real=0.00 secs] 
72.946: Total time for which application threads were stopped: 0.0007610 seconds, Stopping threads took: 0.0001000 seconds
72.980: Application time: 0.0341460 seconds
72.981: [GC72.981: [ParNew: 15500K->1550K(16640K), 0.0007340 secs] 48416K->34523K(55552K), 0.0007670 secs] [Times: user=0.00 sys=0.00, real=0.00 secs] 
72.981: Total time for which application threads were stopped: 0.0009080 seconds, Stopping threads took: 0.0000810 seconds
73.017: Application time: 0.0352220 seconds
73.017: [GC73.017: [ParNew: 15962K->1034K(16640K), 0.0005970 secs] 48935K->34007K(55552K), 0.0006270 secs] [Times: user=0.01 sys=0.00, real=0.00 secs] 
73.017: Total time for which application threads were stopped: 0.0007480 seconds, Stopping threads took: 0.0000680 seconds
73.051: Application time: 0.0335270 seconds
73.051: [GC73.051: [ParNew: 15440K->1544K(16640K), 0.0009400 secs] 48413K->35029K(55552K), 0.0009750 secs] [Times: user=0.01 sys=0.00, real=0.00 secs] 
73.052: Total time for which application threads were stopped: 0.0011310 seconds, Stopping threads took: 0.0000870 seconds
73.088: Application time: 0.0356400 seconds
73.088: [GC73.088: [ParNew: 15956K->1546K(16640K), 0.0006980 secs] 49441K->35031K(55552K), 0.0007330 secs] [Times: user=0.00 sys=0.00, real=0.01 secs] 
73.089: Total time for which application threads were stopped: 0.0008910 seconds, Stopping threads took: 0.0000980 seconds
73.123: Application time: 0.0345060 seconds
73.123: [GC73.123: [ParNew: 15956K->1544K(16640K), 0.0007390 secs] 49441K->35029K(55552K), 0.0007690 secs] [Times: user=0.00 sys=0.00, real=0.00 secs] 
73.124: Total time for which application threads were stopped: 0.0008890 seconds, Stopping threads took: 0.0000640 seconds
73.157: Application time: 0.0328410 seconds
73.157: [GC73.157: [ParNew: 15952K->1550K(16640K), 0.0008320 secs] 49437K->35547K(55552K), 0.0008650 secs] [Times: user=0.00 sys=0.00, real=0.00 secs] 
73.158: Total time for which application threads were stopped: 0.0009950 seconds, Stopping threads took: 0.0000690 seconds
73.192: Application time: 0.0344960 seconds
73.192: [GC73.192: [ParNew: 15962K->1546K(16640K), 0.0006690 secs] 49959K->35543K(55552K), 0.0007020 secs] [Times: user=0.00 sys=0.00, real=0.00 secs] 
73.193: Total time for which application threads were stopped: 0.0008300 seconds, Stopping threads took: 0.0000700 seconds
73.227: Application time: 0.0338560 seconds
73.227: [GC73.227: [ParNew: 15952K->1550K(16640K), 0.0006500 secs] 49949K->35547K(55552K), 0.0006820 secs] [Times: user=0.00 sys=0.00, real=0.00 secs] 
73.228: Total time for which application threads were stopped: 0.0009090 seconds, Stopping threads took: 0.0001680 seconds
73.263: Application time: 0.0346780 seconds
73.263: [GC73.263: [ParNew: 15960K->1546K(16640K), 0.0009770 secs] 49957K->36567K(55552K), 0.0010100 secs] [Times: user=0.01 sys=0.00, real=0.00 secs] 
73.264: Total time for which application threads were stopped: 0.0011650 seconds, Stopping threads took: 0.0000930 seconds
73.299: Application time: 0.0354520 seconds
73.299: [GC73.299: [ParNew: 15962K->1036K(16640K), 0.0005640 secs] 50983K->36057K(55552K), 0.0005950 secs] [Times: user=0.00 sys=0.00, real=0.00 secs] 
73.300: Total time for which application threads were stopped: 0.0008710 seconds, Stopping threads took: 0.0002250 seconds
73.334: Application time: 0.0339300 seconds
73.334: [GC73.334: [ParNew: 15439K->1546K(16640K), 0.0011090 secs] 50461K->37591K(55552K), 0.0011560 secs] [Times: user=0.01 sys=0.00, real=0.00 secs] 
73.335: Total time for which application threads were stopped: 0.0012810 seconds, Stopping threads took: 0.0000630 seconds
73.335: Application time: 0.0000630 seconds
73.336: [GC [1 CMS-initial-mark: 36045K(38912K)] 38103K(55552K), 0.0000960 secs] [Times: user=0.00 sys=0.00, real=0.00 secs] 
73.336: Total time for which application threads were stopped: 0.0003200 seconds, Stopping threads took: 0.0002050 seconds
73.336: [CMS-concurrent-mark-start]
73.339: [CMS-concurrent-mark: 0.003/0.003 secs] [Times: user=0.01 sys=0.00, real=0.00 secs] 
73.339: [CMS-concurrent-preclean-start]
73.339: [CMS-concurrent-preclean: 0.000/0.000 secs] [Times: user=0.00 sys=0.00, real=0.00 secs] 
73.339: Application time: 0.0035070 seconds
73.339: [GC[YG occupancy: 2584 K (16640 K)]73.339: [Rescan (parallel) , 0.0001690 secs]73.339: [weak refs processing, 0.0000060 secs]73.339: [scrub string table, 0.0000960 secs] [1 CMS-remark: 36045K(38912K)] 38629K(55552K), 0.0002970 secs] [Times: user=0.00 sys=0.00, real=0.00 secs] 
73.340: Total time for which application threads were stopped: 0.0003670 seconds, Stopping threads took: 0.0000470 seconds
73.340: [CMS-concurrent-sweep-start]
73.340: [CMS-concurrent-sweep: 0.001/0.001 secs] [Times: user=0.00 sys=0.00, real=0.00 secs] 
73.340: [CMS-concurrent-reset-start]
73.340: [CMS-concurrent-reset: 0.000/0.000 secs] [Times: user=0.00 sys=0.00, real=0.00 secs] 
73.372: Application time: 0.0327600 seconds
73.372: [GC73.372: [ParNew: 15960K->1546K(16640K), 0.0006980 secs] 22422K->8008K(55552K), 0.0007280 secs] [Times: user=0.00 sys=0.00, real=0.00 secs] 
73.373: Total time for which application threads were stopped: 0.0008480 seconds, Stopping threads took: 0.0000630 seconds
73.408: Application time: 0.0352030 seconds
73.408: [GC73.408: [ParNew: 15954K->1548K(16640K), 0.0007830 secs] 22416K->8522K(55552K), 0.0008180 secs] [Times: user=0.00 sys=0.01, real=0.01 secs] 
73.409: Total time for which application threads were stopped: 0.0009420 seconds, Stopping threads took: 0.0000620 seconds
73.445: Application time: 0.0356910 seconds
73.445: [GC73.445: [ParNew: 16042K->1066K(16640K), 0.0004740 secs] 23016K->8040K(55552K), 0.0005050 secs] [Times: user=0.01 sys=0.00, real=0.00 secs] 
73.446: Total time for which application threads were stopped: 0.0006230 seconds, Stopping threads took: 0.0000630 seconds
73.481: Application time: 0.0350800 seconds
73.481: [GC73.481: [ParNew: 15628K->1606K(16640K), 0.0008750 secs] 22602K->9120K(55552K), 0.0009100 secs] [Times: user=0.00 sys=0.00, real=0.00 secs] 
73.482: Total time for which application threads were stopped: 0.0010310 seconds, Stopping threads took: 0.0000620 seconds
73.516: Application time: 0.0343290 seconds
73.516: [GC73.516: [ParNew: 16176K->1604K(16640K), 0.0007460 secs] 23691K->9175K(55552K), 0.0007800 secs] [Times: user=0.00 sys=0.00, real=0.00 secs] 
73.517: Total time for which application threads were stopped: 0.0009080 seconds, Stopping threads took: 0.0000700 seconds
73.551: Application time: 0.0340890 seconds
73.551: [GC73.551: [ParNew: 16012K->1546K(16640K), 0.0008510 secs] 23583K->9686K(55552K), 0.0008860 secs] [Times: user=0.01 sys=0.00, real=0.00 secs] 
73.552: Total time for which application threads were stopped: 0.0010170 seconds, Stopping threads took: 0.0000710 seconds
73.587: Application time: 0.0352000 seconds
73.587: [GC73.587: [ParNew: 16116K->1608K(16640K), 0.0006800 secs] 24257K->9749K(55552K), 0.0007120 secs] [Times: user=0.01 sys=0.00, real=0.00 secs] 
73.588: Total time for which application threads were stopped: 0.0008400 seconds, Stopping threads took: 0.0000630 seconds
73.623: Application time: 0.0345350 seconds
73.623: [GC73.623: [ParNew: 16094K->1580K(16640K), 0.0008340 secs] 24235K->10290K(55552K), 0.0008690 secs] [Times: user=0.01 sys=0.00, real=0.00 secs] 
73.624: Total time for which application threads were stopped: 0.0009930 seconds, Stopping threads took: 0.0000600 seconds
73.658: Application time: 0.0347530 seconds
73.659: [GC73.659: [ParNew: 15992K->1546K(16640K), 0.0006950 secs] 24702K->10284K(55552K), 0.0007360 secs] [Times: user=0.00 sys=0.00, real=0.00 secs] 
73.659: Total time for which application threads were stopped: 0.0008670 seconds, Stopping threads took: 0.0000740 seconds
73.694: Application time: 0.0343170 seconds
73.694: [GC73.694: [ParNew: 15958K->1034K(16640K), 0.0004960 secs] 24696K->9772K(55552K), 0.0005260 secs] [Times: user=0.01 sys=0.00, real=0.00 secs] 
73.694: Total time for which application threads were stopped: 0.0007080 seconds, Stopping threads took: 0.0001290 seconds
73.729: Application time: 0.0346260 seconds
73.729: [GC73.729: [ParNew: 15442K->1548K(16640K), 0.0006480 secs] 24180K->10286K(55552K), 0.0006790 secs] [Times: user=0.00 sys=0.00, real=0.00 secs] 
73.730: Total time for which application threads were stopped: 0.0007960 seconds, Stopping threads took: 0.0000600 seconds
73.764: Application time: 0.0339950 seconds
73.764: [GC73.764: [ParNew: 15958K->1546K(16640K), 0.0006460 secs] 24696K->10284K(55552K), 0.0006860 secs] [Times: user=0.01 sys=0.00, real=0.00 secs] 
73.765: Total time for which application threads were stopped: 0.0008130 seconds, Stopping threads took: 0.0000690 seconds
73.798: Application time: 0.0330130 seconds
73.798: [GC73.798: [ParNew: 15952K->1548K(16640K), 0.0009910 secs] 24690K->11310K(55552K), 0.0010260 secs] [Times: user=0.01 sys=0.00, real=0.00 secs] 
73.799: Total time for which application threads were stopped: 0.0011480 seconds, Stopping threads took: 0.0000650 seconds
73.835: Application time: 0.0364380 seconds
73.837: [GC73.837: [ParNew: 15962K->1546K(16640K), 0.0007350 secs] 25724K->11308K(55552K), 0.0007680 secs] [Times: user=0.00 sys=0.00, real=0.00 secs] 
73.837: Total time for which application threads were stopped: 0.0022650 seconds, Stopping threads took: 0.0014310 seconds
73.873: Application time: 0.0355620 seconds
73.873: [GC73.873: [ParNew: 15956K->1546K(16640K), 0.0006770 secs] 25718K->11308K(55552K), 0.0007080 secs] [Times: user=0.00 sys=0.00, real=0.00 secs] 
73.874: Total time for which application threads were stopped: 0.0008400 seconds, Stopping threads took: 0.0000760 seconds
73.908: Application time: 0.0342980 seconds
73.908: [GC73.908: [ParNew: 15954K->1546K(16640K), 0.0006900 secs] 25716K->11308K(55552K), 0.0007230 secs] [Times: user=0.01 sys=0.00, real=0.01 secs] 
73.909: Total time for which application threads were stopped: 0.0008470 seconds, Stopping threads took: 0.0000650 seconds
73.944: Application time: 0.0346880 seconds
73.944: [GC73.944: [ParNew: 15958K->1544K(16640K), 0.0006370 secs] 25720K->11306K(55552K), 0.0006680 secs] [Times: user=0.01 sys=0.00, real=0.00 secs] 
73.944: Total time for which application threads were stopped: 0.0007920 seconds, Stopping threads took: 0.0000660 seconds
73.978: Application time: 0.0336280 seconds
73.978: [GC73.978: [ParNew: 15952K->1550K(16640K), 0.0007900 secs] 25714K->11824K(55552K), 0.0008220 secs] [Times: user=0.00 sys=0.00, real=0.00 secs] 
73.979: Total time for which application threads were stopped: 0.0009730 seconds, Stopping threads took: 0.0000920 seconds
74.014: Application time: 0.0347400 seconds
74.014: [GC74.014: [ParNew: 15960K->1546K(16640K), 0.0008150 secs] 26234K->12332K(55552K), 0.0008470 secs] [Times: user=0.01 sys=0.00, real=0.00 secs] 
74.015: Total time for which application threads were stopped: 0.0009720 seconds, Stopping threads took: 0.0000650 seconds
74.050: Application time: 0.0353090 seconds
74.050: [GC74.050: [ParNew: 16040K->1064K(16640K), 0.0004610 secs] 26826K->11850K(55552K), 0.0004910 secs] [Times: user=0.00 sys=0.00, real=0.00 secs] 
74.051: Total time for which application threads were stopped: 0.0006080 seconds, Stopping threads took: 0.0000640 seconds
74.083: Application time: 0.0321520 seconds
74.083: [GC74.083: [ParNew: 15466K->1548K(16640K), 0.0013010 secs] 26252K->13899K(55552K), 0.0013410 secs] [Times: user=0.01 sys=0.00, real=0.00 secs] 
74.084: Total time for which application threads were stopped: 0.0014740 seconds, Stopping threads took: 0.0000660 seconds
74.122: Application time: 0.0374700 seconds
74.122: [GC74.122: [ParNew: 16125K->1606K(16640K), 0.0007350 secs] 28475K->13957K(55552K), 0.0007760 secs] [Times: user=0.00 sys=0.00, real=0.00 secs] 
74.123: Total time for which application threads were stopped: 0.0009060 seconds, Stopping threads took: 0.0000620 seconds
74.156: Application time: 0.0329010 seconds
74.156: [GC74.156: [ParNew: 16172K->1604K(16640K), 0.0008790 secs] 28523K->14524K(55552K), 0.0009120 secs] [Times: user=0.00 sys=0.00, real=0.00 secs] 
74.157: Total time for which application threads were stopped: 0.0010590 seconds, Stopping threads took: 0.0000880 seconds
74.192: Application time: 0.0353270 seconds
74.192: [GC74.192: [ParNew: 16014K->1548K(16640K), 0.0008970 secs] 28934K->15037K(55552K), 0.0009320 secs] [Times: user=0.00 sys=0.00, real=0.00 secs] 
74.193: Total time for which application threads were stopped: 0.0010670 seconds, Stopping threads took: 0.0000740 seconds
74.230: Application time: 0.0372360 seconds
74.230: [GC74.230: [ParNew: 15964K->524K(16640K), 0.0003270 secs] 29453K->14013K(55552K), 0.0003560 secs] [Times: user=0.00 sys=0.00, real=0.00 secs] 
74.231: Total time for which application threads were stopped: 0.0005070 seconds, Stopping threads took: 0.0001010 seconds
74.262: Application time: 0.0314590 seconds
74.262: [GC74.262: [ParNew: 15082K->1604K(16640K), 0.0010630 secs] 28571K->16117K(55552K), 0.0010990 secs] [Times: user=0.01 sys=0.00, real=0.00 secs] 
74.264: Total time for which application threads were stopped: 0.0012270 seconds, Stopping threads took: 0.0000650 seconds
74.300: Application time: 0.0366450 seconds
74.300: [GC74.300: [ParNew: 16098K->1578K(16640K), 0.0006850 secs] 30611K->16148K(55552K), 0.0007160 secs] [Times: user=0.01 sys=0.00, real=0.01 secs] 
74.301: Total time for which application threads were stopped: 0.0008390 seconds, Stopping threads took: 0.0000700 seconds
74.336: Application time: 0.0348760 seconds
74.336: [GC74.336: [ParNew: 15988K->1546K(16640K), 0.0007270 secs] 30558K->16144K(55552K), 0.0007620 secs] [Times: user=0.00 sys=0.00, real=0.00 secs] 
74.337: Total time for which application threads were stopped: 0.0008850 seconds, Stopping threads took: 0.0000660 seconds
74.370: Application time: 0.0330970 seconds
74.370: [GC74.370: [ParNew: 15954K->1548K(16640K), 0.0008850 secs] 30552K->16658K(55552K), 0.0009190 secs] [Times: user=0.01 sys=0.00, real=0.00 secs] 
74.371: Total time for which application threads were stopped: 0.0010440 seconds, Stopping threads took: 0.0000650 seconds
74.406: Application time: 0.0349680 seconds
74.406: [GC74.406: [ParNew: 15958K->1548K(16640K), 0.0007750 secs] 31068K->17170K(55552K), 0.0008090 secs] [Times: user=0.00 sys=0.00, real=0.00 secs] 
74.407: Total time for which application threads were stopped: 0.0009320 seconds, Stopping threads took: 0.0000630 seconds
74.442: Application time: 0.0351310 seconds
74.442: [GC74.442: [ParNew: 15958K->1548K(16640K), 0.0008140 secs] 31580K->17682K(55552K), 0.0008490 secs] [Times: user=0.01 sys=0.00, real=0.00 secs] 
74.443: Total time for which application threads were stopped: 0.0009720 seconds, Stopping threads took: 0.0000640 seconds
74.478: Application time: 0.0346870 seconds
74.479: [GC74.479: [ParNew: 15958K->1548K(16640K), 0.0010220 secs] 32092K->18194K(55552K), 0.0010590 secs] [Times: user=0.01 sys=0.00, real=0.00 secs] 
74.480: Total time for which application threads were stopped: 0.0021180 seconds, Stopping threads took: 0.0009850 seconds
74.515: Application time: 0.0351630 seconds
74.515: [GC74.515: [ParNew: 15960K->1544K(16640K), 0.0006890 secs] 32606K->18190K(55552K), 0.0007210 secs] [Times: user=0.00 sys=0.00, real=0.00 secs] 
74.516: Total time for which application threads were stopped: 0.0008680 seconds, Stopping threads took: 0.0000880 seconds
74.551: Application time: 0.0352810 seconds
74.551: [GC74.551: [ParNew: 15958K->522K(16640K), 0.0003210 secs] 32604K->17168K(55552K), 0.0003500 secs] [Times: user=0.00 sys=0.00, real=0.00 secs] 
74.552: Total time for which application threads were stopped: 0.0004810 seconds, Stopping threads took: 0.0000740 seconds
74.584: Application time: 0.0324030 seconds
74.584: [GC74.584: [ParNew: 14925K->1544K(16640K), 0.0009070 secs] 31572K->18702K(55552K), 0.0009420 secs] [Times: user=0.01 sys=0.00, real=0.00 secs] 
74.585: Total time for which application threads were stopped: 0.0010680 seconds, Stopping threads took: 0.0000670 seconds
74.621: Application time: 0.0357960 seconds
74.621: [GC74.621: [ParNew: 15956K->1548K(16640K), 0.0006940 secs] 33114K->18706K(55552K), 0.0007220 secs] [Times: user=0.00 sys=0.00, real=0.00 secs] 
74.622: Total time for which application threads were stopped: 0.0008990 seconds, Stopping threads took: 0.0001210 seconds
74.656: Application time: 0.0346280 seconds
74.656: [GC74.656: [ParNew: 15960K->1036K(16640K), 0.0005000 secs] 33118K->18194K(55552K), 0.0005330 secs] [Times: user=0.00 sys=0.00, real=0.00 secs] 
74.657: Total time for which application threads were stopped: 0.0006600 seconds, Stopping threads took: 0.0000630 seconds
74.691: Application time: 0.0337960 seconds
74.693: [GC74.693: [ParNew: 15444K->1546K(16640K), 0.0006320 secs] 32602K->18704K(55552K), 0.0006640 secs] [Times: user=0.00 sys=0.00, real=0.00 secs] 
74.693: Total time for which application threads were stopped: 0.0025080 seconds, Stopping threads took: 0.0017880 seconds
74.728: Application time: 0.0342770 seconds
74.728: [GC74.728: [ParNew: 16034K->1576K(16640K), 0.0006260 secs] 33193K->18734K(55552K), 0.0006570 secs] [Times: user=0.01 sys=0.00, real=0.00 secs] 
74.728: Total time for which application threads were stopped: 0.0007790 seconds, Stopping threads took: 0.0000640 seconds
74.765: Application time: 0.0371370 seconds
74.766: [GC74.766: [ParNew: 16142K->1606K(16640K), 0.0008390 secs] 33301K->19305K(55552K), 0.0008750 secs] [Times: user=0.00 sys=0.00, real=0.00 secs] 
74.767: Total time for which application threads were stopped: 0.0010090 seconds, Stopping threads took: 0.0000720 seconds
74.801: Application time: 0.0349600 seconds
74.802: [GC74.802: [ParNew: 16176K->1608K(16640K), 0.0007170 secs] 33876K->19364K(55552K), 0.0007480 secs] [Times: user=0.01 sys=0.00, real=0.00 secs] 
74.802: Total time for which application threads were stopped: 0.0010000 seconds, Stopping threads took: 0.0001980 seconds
74.837: Application time: 0.0341570 seconds
74.837: [GC74.837: [ParNew: 16016K->1548K(16640K), 0.0008570 secs] 33772K->19873K(55552K), 0.0008910 secs] [Times: user=0.01 sys=0.00, real=0.00 secs] 
74.838: Total time for which application threads were stopped: 0.0010150 seconds, Stopping threads took: 0.0000640 seconds
74.872: Application time: 0.0342760 seconds
74.872: [GC74.872: [ParNew: 15960K->1548K(16640K), 0.0006230 secs] 34285K->19873K(55552K), 0.0006560 secs] [Times: user=0.01 sys=0.00, real=0.00 secs] 
74.873: Total time for which application threads were stopped: 0.0007890 seconds, Stopping threads took: 0.0000740 seconds
74.906: Application time: 0.0336640 seconds
74.906: [GC74.907: [ParNew: 16030K->1580K(16640K), 0.0011680 secs] 34355K->21441K(55552K), 0.0012070 secs] [Times: user=0.01 sys=0.00, real=0.00 secs] 
74.908: Total time for which application threads were stopped: 0.0013350 seconds, Stopping threads took: 0.0000630 seconds
74.944: Application time: 0.0359520 seconds
74.944: [GC74.944: [ParNew: 16155K->1606K(16640K), 0.0007130 secs] 36016K->21496K(55552K), 0.0007530 secs] [Times: user=0.01 sys=0.00, real=0.00 secs] 
74.945: Total time for which application threads were stopped: 0.0008860 seconds, Stopping threads took: 0.0000730 seconds
74.980: Application time: 0.0358380 seconds
74.981: [GC74.981: [ParNew: 16020K->522K(16640K), 0.0003770 secs] 35910K->20469K(55552K), 0.0004110 secs] [Times: user=0.00 sys=0.00, real=0.01 secs] 
74.981: Total time for which application threads were stopped: 0.0005420 seconds, Stopping threads took: 0.0000780 seconds
75.014: Application time: 0.0329110 seconds
75.014: [GC75.014: [ParNew: 14925K->1548K(16640K), 0.0007820 secs] 34872K->22007K(55552K), 0.0008170 secs] [Times: user=0.00 sys=0.00, real=0.00 secs] 
75.015: Total time for which application threads were stopped: 0.0009570 seconds, Stopping threads took: 0.0000710 seconds
75.051: Application time: 0.0364040 seconds
75.051: [GC75.051: [ParNew: 15960K->1550K(16640K), 0.0007020 secs] 36419K->22009K(55552K), 0.0007320 secs] [Times: user=0.00 sys=0.00, real=0.00 secs] 
75.052: Total time for which application threads were stopped: 0.0008470 seconds, Stopping threads took: 0.0000620 seconds
75.085: Application time: 0.0324430 seconds
75.085: [GC75.085: [ParNew: 15956K->1546K(16640K), 0.0010170 secs] 36415K->23029K(55552K), 0.0010520 secs] [Times: user=0.00 sys=0.00, real=0.00 secs] 
75.086: Total time for which application threads were stopped: 0.0011870 seconds, Stopping threads took: 0.0000720 seconds
75.121: Application time: 0.0356040 seconds
75.122: [GC75.122: [ParNew: 15960K->1546K(16640K), 0.0007400 secs] 37443K->23029K(55552K), 0.0007710 secs] [Times: user=0.00 sys=0.00, real=0.00 secs] 
75.122: Total time for which application threads were stopped: 0.0009870 seconds, Stopping threads took: 0.0001580 seconds
75.158: Application time: 0.0358000 seconds
75.161: [GC75.161: [ParNew: 15954K->1546K(16640K), 0.0006880 secs] 37437K->23029K(55552K), 0.0007200 secs] [Times: user=0.00 sys=0.00, real=0.00 secs] 
75.161: Total time for which application threads were stopped: 0.0032690 seconds, Stopping threads took: 0.0024830 seconds
75.195: Application time: 0.0341010 seconds
75.196: [GC75.196: [ParNew: 15958K->1544K(16640K), 0.0006210 secs] 37441K->23027K(55552K), 0.0006530 secs] [Times: user=0.00 sys=0.00, real=0.00 secs] 
75.196: Total time for which application threads were stopped: 0.0007840 seconds, Stopping threads took: 0.0000740 seconds
75.231: Application time: 0.0344080 seconds
75.231: [GC75.231: [ParNew: 15954K->1546K(16640K), 0.0006410 secs] 37437K->23029K(55552K), 0.0006740 secs] [Times: user=0.01 sys=0.00, real=0.00 secs] 
75.231: Total time for which application threads were stopped: 0.0007880 seconds, Stopping threads took: 0.0000560 seconds
75.265: Application time: 0.0340220 seconds
75.269: [GC75.269: [ParNew: 15956K->1544K(16640K), 0.0006730 secs] 37439K->23027K(55552K), 0.0007040 secs] [Times: user=0.01 sys=0.00, real=0.00 secs] 
75.269: Total time for which application threads were stopped: 0.0038590 seconds, Stopping threads took: 0.0031010 seconds
75.303: Application time: 0.0338290 seconds
75.303: [GC75.303: [ParNew: 15952K->1546K(16640K), 0.0007890 secs] 37435K->23541K(55552K), 0.0008240 secs] [Times: user=0.00 sys=0.00, real=0.00 secs] 
75.304: Total time for which application threads were stopped: 0.0010230 seconds, Stopping threads took: 0.0001410 seconds
75.338: Application time: 0.0340200 seconds
75.338: [GC75.338: [ParNew: 15956K->1546K(16640K), 0.0007350 secs] 37951K->23541K(55552K), 0.0007650 secs] [Times: user=0.01 sys=0.00, real=0.00 secs] 
75.339: Total time for which application threads were stopped: 0.0009020 seconds, Stopping threads took: 0.0000810 seconds
75.374: Application time: 0.0348420 seconds
75.374: [GC75.374: [ParNew: 16032K->1580K(16640K), 0.0009780 secs] 38027K->24599K(55552K), 0.0010150 secs] [Times: user=0.00 sys=0.00, real=0.00 secs] 
75.375: Total time for which application threads were stopped: 0.0011500 seconds, Stopping threads took: 0.0000750 seconds
75.411: Application time: 0.0360170 seconds
75.411: [GC75.411: [ParNew: 16155K->1604K(16640K), 0.0007770 secs] 39174K->24651K(55552K), 0.0008120 secs] [Times: user=0.01 sys=0.00, real=0.00 secs] 
75.412: Total time for which application threads were stopped: 0.0009350 seconds, Stopping threads took: 0.0000610 seconds
75.446: Application time: 0.0335840 seconds
75.446: [GC75.446: [ParNew: 16170K->1604K(16640K), 0.0007790 secs] 39218K->24708K(55552K), 0.0008120 secs] [Times: user=0.01 sys=0.00, real=0.00 secs] 
75.447: Total time for which application threads were stopped: 0.0009870 seconds, Stopping threads took: 0.0001160 seconds
75.481: Application time: 0.0343430 seconds
75.481: [GC75.481: [ParNew: 16010K->1546K(16640K), 0.0010650 secs] 39114K->25731K(55552K), 0.0011050 secs] [Times: user=0.01 sys=0.00, real=0.00 secs] 
75.482: Total time for which application threads were stopped: 0.0012190 seconds, Stopping threads took: 0.0000510 seconds
75.518: Application time: 0.0358720 seconds
75.518: [GC75.518: [ParNew: 15960K->1546K(16640K), 0.0006410 secs] 40145K->25731K(55552K), 0.0006720 secs] [Times: user=0.01 sys=0.00, real=0.00 secs] 
75.519: Total time for which application threads were stopped: 0.0007980 seconds, Stopping threads took: 0.0000680 seconds
75.551: Application time: 0.0324840 seconds
75.551: [GC75.552: [ParNew: 15950K->1550K(16640K), 0.0012230 secs] 40135K->27271K(55552K), 0.0012620 secs] [Times: user=0.01 sys=0.00, real=0.00 secs] 
75.553: Total time for which application threads were stopped: 0.0013960 seconds, Stopping threads took: 0.0000750 seconds
75.590: Application time: 0.0377160 seconds
75.591: [GC75.591: [ParNew: 16127K->1094K(16640K), 0.0005240 secs] 41848K->26815K(55552K), 0.0005550 secs] [Times: user=0.00 sys=0.00, real=0.00 secs] 
75.591: Total time for which application threads were stopped: 0.0006680 seconds, Stopping threads took: 0.0000580 seconds
75.623: Application time: 0.0317420 seconds
75.623: [GC75.623: [ParNew: 15574K->1578K(16640K), 0.0012150 secs] 41295K->28892K(55552K), 0.0012550 secs] [Times: user=0.01 sys=0.00, real=0.00 secs] 
75.624: Total time for which application threads were stopped: 0.0014090 seconds, Stopping threads took: 0.0000880 seconds
75.662: Application time: 0.0376350 seconds
75.662: [GC75.662: [ParNew: 15996K->1034K(16640K), 0.0005070 secs] 43311K->28377K(55552K), 0.0005370 secs] [Times: user=0.01 sys=0.00, real=0.00 secs] 
75.663: Total time for which application threads were stopped: 0.0006690 seconds, Stopping threads took: 0.0000670 seconds
75.696: Application time: 0.0332460 seconds
75.696: [GC75.696: [ParNew: 15437K->1548K(16640K), 0.0009830 secs] 42781K->29915K(55552K), 0.0010210 secs] [Times: user=0.00 sys=0.00, real=0.00 secs] 
75.697: Total time for which application threads were stopped: 0.0011780 seconds, Stopping threads took: 0.0000960 seconds
75.732: Application time: 0.0350790 seconds
75.732: [GC75.732: [ParNew: 15962K->1544K(16640K), 0.0007050 secs] 44329K->29911K(55552K), 0.0007370 secs] [Times: user=0.00 sys=0.00, real=0.00 secs] 
75.733: Total time for which application threads were stopped: 0.0008640 seconds, Stopping threads took: 0.0000700 seconds
75.767: Application time: 0.0338500 seconds
75.767: [GC75.767: [ParNew: 15950K->1548K(16640K), 0.0010140 secs] 44317K->30939K(55552K), 0.0010530 secs] [Times: user=0.01 sys=0.00, real=0.00 secs] 
75.768: Total time for which application threads were stopped: 0.0012010 seconds, Stopping threads took: 0.0000840 seconds
75.803: Application time: 0.0344790 seconds
75.803: [GC75.803: [ParNew: 15960K->1542K(16640K), 0.0007010 secs] 45351K->30933K(55552K), 0.0007310 secs] [Times: user=0.01 sys=0.00, real=0.00 secs] 
75.803: Total time for which application threads were stopped: 0.0008520 seconds, Stopping threads took: 0.0000640 seconds
75.839: Application time: 0.0354420 seconds
75.839: [GC75.839: [ParNew: 15954K->1546K(16640K), 0.0006520 secs] 45345K->30937K(55552K), 0.0006830 secs] [Times: user=0.01 sys=0.00, real=0.00 secs] 
75.840: Total time for which application threads were stopped: 0.0008110 seconds, Stopping threads took: 0.0000710 seconds
75.874: Application time: 0.0343140 seconds
75.874: [GC75.874: [ParNew: 15954K->1546K(16640K), 0.0007880 secs] 45345K->31449K(55552K), 0.0008240 secs] [Times: user=0.01 sys=0.00, real=0.00 secs] 
75.875: Total time for which application threads were stopped: 0.0009460 seconds, Stopping threads took: 0.0000590 seconds
75.910: Application time: 0.0354770 seconds
75.910: [GC75.910: [ParNew: 15958K->1544K(16640K), 0.0007070 secs] 45861K->31447K(55552K), 0.0007400 secs] [Times: user=0.01 sys=0.00, real=0.00 secs] 
75.911: Total time for which application threads were stopped: 0.0008570 seconds, Stopping threads took: 0.0000590 seconds
75.945: Application time: 0.0336660 seconds
75.945: [GC75.945: [ParNew: 15950K->1548K(16640K), 0.0010570 secs] 45853K->32475K(55552K), 0.0011000 secs] [Times: user=0.00 sys=0.00, real=0.00 secs] 
75.946: Total time for which application threads were stopped: 0.0012260 seconds, Stopping threads took: 0.0000630 seconds
75.982: Application time: 0.0363080 seconds
75.983: [GC75.983: [ParNew: 15962K->1546K(16640K), 0.0007080 secs] 46889K->32473K(55552K), 0.0007390 secs] [Times: user=0.01 sys=0.00, real=0.00 secs] 
75.983: Total time for which application threads were stopped: 0.0009010 seconds, Stopping threads took: 0.0001060 seconds
76.017: Application time: 0.0341410 seconds
76.018: [GC76.018: [ParNew: 16032K->1576K(16640K), 0.0008120 secs] 46959K->33015K(55552K), 0.0008470 secs] [Times: user=0.01 sys=0.00, real=0.00 secs] 
76.018: Total time for which application threads were stopped: 0.0009750 seconds, Stopping threads took: 0.0000680 seconds
76.055: Application time: 0.0360980 seconds
76.055: [GC76.055: [ParNew: 16146K->1606K(16640K), 0.0006870 secs] 47586K->33074K(55552K), 0.0007210 secs] [Times: user=0.00 sys=0.00, real=0.00 secs] 
76.055: Total time for which application threads were stopped: 0.0008370 seconds, Stopping threads took: 0.0000600 seconds
76.087: Application time: 0.0320750 seconds
76.088: [GC76.088: [ParNew: 16170K->1608K(16640K), 0.0008740 secs] 47638K->33645K(55552K), 0.0009080 secs] [Times: user=0.01 sys=0.00, real=0.01 secs] 
76.089: Total time for which application threads were stopped: 0.0011360 seconds, Stopping threads took: 0.0001670 seconds
76.125: Application time: 0.0365310 seconds
76.125: [GC76.125: [ParNew: 16020K->1548K(16640K), 0.0006800 secs] 48057K->33642K(55552K), 0.0007130 secs] [Times: user=0.00 sys=0.00, real=0.00 secs] 
76.126: Total time for which application threads were stopped: 0.0008460 seconds, Stopping threads took: 0.0000750 seconds
76.158: Application time: 0.0316260 seconds
76.158: [GC76.158: [ParNew: 15952K->1552K(16640K), 0.0012310 secs] 48046K->35182K(55552K), 0.0012670 secs] [Times: user=0.01 sys=0.00, real=0.00 secs] 
76.159: Total time for which application threads were stopped: 0.0013900 seconds, Stopping threads took: 0.0000600 seconds
76.196: Application time: 0.0373030 seconds
76.196: [GC76.196: [ParNew: 15968K->1546K(16640K), 0.0007300 secs] 49598K->35176K(55552K), 0.0007610 secs] [Times: user=0.01 sys=0.00, real=0.00 secs] 
76.197: Total time for which application threads were stopped: 0.0008830 seconds, Stopping threads took: 0.0000570 seconds
76.231: Application time: 0.0337150 seconds
76.231: [GC76.231: [ParNew: 15954K->1546K(16640K), 0.0008030 secs] 49584K->35688K(55552K), 0.0008370 secs] [Times: user=0.01 sys=0.00, real=0.00 secs] 
76.232: Total time for which application threads were stopped: 0.0009590 seconds, Stopping threads took: 0.0000620 seconds
76.267: Application time: 0.0346620 seconds
76.267: [GC76.267: [ParNew: 16114K->1608K(16640K), 0.0008160 secs] 50256K->36262K(55552K), 0.0008490 secs] [Times: user=0.00 sys=0.00, real=0.00 secs] 
76.268: Total time for which application threads were stopped: 0.0009910 seconds, Stopping threads took: 0.0000810 seconds
76.302: Application time: 0.0347550 seconds
76.302: [GC76.302: [ParNew: 16102K->1064K(16640K), 0.0005820 secs] 50756K->35775K(55552K), 0.0006110 secs] [Times: user=0.01 sys=0.00, real=0.00 secs] 
76.303: Total time for which application threads were stopped: 0.0007270 seconds, Stopping threads took: 0.0000650 seconds
76.338: Application time: 0.0346100 seconds
76.338: [GC76.338: [ParNew: 15470K->1548K(16640K), 0.0008910 secs] 50181K->36799K(55552K), 0.0009250 secs] [Times: user=0.00 sys=0.00, real=0.00 secs] 
76.339: Total time for which application threads were stopped: 0.0010490 seconds, Stopping threads took: 0.0000610 seconds
76.374: Application time: 0.0357720 seconds
76.375: [GC76.375: [ParNew: 15962K->1036K(16640K), 0.0004770 secs] 51213K->36287K(55552K), 0.0005090 secs] [Times: user=0.00 sys=0.00, real=0.00 secs] 
76.375: Total time for which application threads were stopped: 0.0007330 seconds, Stopping threads took: 0.0001700 seconds
76.409: Application time: 0.0336900 seconds
76.409: [GC76.409: [ParNew: 15437K->1552K(16640K), 0.0011640 secs] 50689K->38339K(55552K), 0.0012140 secs] [Times: user=0.01 sys=0.00, real=0.00 secs] 
76.410: Total time for which application threads were stopped: 0.0013450 seconds, Stopping threads took: 0.0000660 seconds
76.410: Application time: 0.0001020 seconds
76.411: [GC [1 CMS-initial-mark: 36787K(38912K)] 39363K(55552K), 0.0000970 secs] [Times: user=0.00 sys=0.00, real=0.00 secs] 
76.411: Total time for which application threads were stopped: 0.0003050 seconds, Stopping threads took: 0.0001880 seconds
76.411: [CMS-concurrent-mark-start]
76.414: [CMS-concurrent-mark: 0.003/0.003 secs] [Times: user=0.02 sys=0.00, real=0.00 secs] 
76.414: [CMS-concurrent-preclean-start]
76.414: [CMS-concurrent-preclean: 0.000/0.000 secs] [Times: user=0.00 sys=0.00, real=0.00 secs] 
76.414: Application time: 0.0035040 seconds
76.417: [GC[YG occupancy: 2600 K (16640 K)]76.417: [Rescan (parallel) , 0.0001020 secs]76.417: [weak refs processing, 0.0000060 secs]76.417: [scrub string table, 0.0000980 secs] [1 CMS-remark: 36787K(38912K)] 39388K(55552K), 0.0002310 secs] [Times: user=0.00 sys=0.00, real=0.00 secs] 
76.417: Total time for which application threads were stopped: 0.0026850 seconds, Stopping threads took: 0.0024320 seconds
76.417: [CMS-concurrent-sweep-start]
76.418: [CMS-concurrent-sweep: 0.001/0.001 secs] [Times: user=0.00 sys=0.00, real=0.00 secs] 
76.418: [CMS-concurrent-reset-start]
76.418: [CMS-concurrent-reset: 0.000/0.000 secs] [Times: user=0.00 sys=0.00, real=0.00 secs] 
76.449: Application time: 0.0324020 seconds
76.449: [GC76.449: [ParNew: 15964K->1548K(16640K), 0.0010170 secs] 22941K->9549K(55552K), 0.0010520 secs] [Times: user=0.01 sys=0.00, real=0.00 secs] 
76.450: Total time for which application threads were stopped: 0.0011830 seconds, Stopping threads took: 0.0000690 seconds
76.488: Application time: 0.0373260 seconds
76.488: [GC76.488: [ParNew: 15966K->520K(16640K), 0.0003350 secs] 23967K->8521K(55552K), 0.0003610 secs] [Times: user=0.00 sys=0.00, real=0.00 secs] 
76.488: Total time for which application threads were stopped: 0.0004840 seconds, Stopping threads took: 0.0000720 seconds
76.521: Application time: 0.0326460 seconds
76.521: [GC76.521: [ParNew: 14921K->1546K(16640K), 0.0010370 secs] 22922K->10571K(55552K), 0.0010760 secs] [Times: user=0.01 sys=0.00, real=0.00 secs] 
76.522: Total time for which application threads were stopped: 0.0012340 seconds, Stopping threads took: 0.0000930 seconds
76.558: Application time: 0.0358070 seconds
76.558: [GC76.558: [ParNew: 15962K->1036K(16640K), 0.0004940 secs] 24987K->10061K(55552K), 0.0005240 secs] [Times: user=0.01 sys=0.00, real=0.00 secs] 
76.559: Total time for which application threads were stopped: 0.0006450 seconds, Stopping threads took: 0.0000660 seconds
76.594: Application time: 0.0353760 seconds
76.594: [GC76.594: [ParNew: 15444K->1548K(16640K), 0.0006460 secs] 24469K->10573K(55552K), 0.0006790 secs] [Times: user=0.00 sys=0.00, real=0.00 secs] 
76.595: Total time for which application threads were stopped: 0.0008170 seconds, Stopping threads took: 0.0000790 seconds
76.626: Application time: 0.0316550 seconds
76.627: [GC76.627: [ParNew: 15954K->1550K(16640K), 0.0010660 secs] 24979K->11599K(55552K), 0.0011000 secs] [Times: user=0.01 sys=0.00, real=0.00 secs] 
76.628: Total time for which application threads were stopped: 0.0012300 seconds, Stopping threads took: 0.0000680 seconds
76.664: Application time: 0.0358980 seconds
76.664: [GC76.664: [ParNew: 16044K->1578K(16640K), 0.0006540 secs] 26093K->11627K(55552K), 0.0006860 secs] [Times: user=0.01 sys=0.00, real=0.00 secs] 
76.664: Total time for which application threads were stopped: 0.0008130 seconds, Stopping threads took: 0.0000710 seconds
76.699: Application time: 0.0346400 seconds
76.699: [GC76.699: [ParNew: 16142K->1606K(16640K), 0.0008960 secs] 26191K->12195K(55552K), 0.0009290 secs] [Times: user=0.01 sys=0.00, real=0.00 secs] 
76.700: Total time for which application threads were stopped: 0.0010700 seconds, Stopping threads took: 0.0000700 seconds
76.735: Application time: 0.0347390 seconds
76.735: [GC76.735: [ParNew: 16175K->1608K(16640K), 0.0006960 secs] 26764K->12254K(55552K), 0.0007380 secs] [Times: user=0.00 sys=0.00, real=0.00 secs] 
76.736: Total time for which application threads were stopped: 0.0008600 seconds, Stopping threads took: 0.0000650 seconds
76.770: Application time: 0.0343910 seconds
76.770: [GC76.770: [ParNew: 16018K->1544K(16640K), 0.0006770 secs] 26664K->12247K(55552K), 0.0007090 secs] [Times: user=0.00 sys=0.00, real=0.00 secs] 
76.771: Total time for which application threads were stopped: 0.0008320 seconds, Stopping threads took: 0.0000630 seconds
76.806: Application time: 0.0350880 seconds
76.806: [GC76.806: [ParNew: 15954K->1544K(16640K), 0.0006240 secs] 26657K->12247K(55552K), 0.0006550 secs] [Times: user=0.01 sys=0.00, real=0.00 secs] 
76.807: Total time for which application threads were stopped: 0.0007700 seconds, Stopping threads took: 0.0000590 seconds
76.841: Application time: 0.0342280 seconds
76.841: [GC76.841: [ParNew: 15952K->1550K(16640K), 0.0007080 secs] 26655K->12253K(55552K), 0.0007410 secs] [Times: user=0.00 sys=0.00, real=0.00 secs] 
76.842: Total time for which application threads were stopped: 0.0008710 seconds, Stopping threads took: 0.0000700 seconds
76.878: Application time: 0.0360930 seconds
76.878: [GC76.878: [ParNew: 15962K->1546K(16640K), 0.0006930 secs] 26665K->12249K(55552K), 0.0007250 secs] [Times: user=0.00 sys=0.00, real=0.00 secs] 
76.879: Total time for which application threads were stopped: 0.0008390 seconds, Stopping threads took: 0.0000560 seconds
76.912: Application time: 0.0333520 seconds
76.912: [GC76.912: [ParNew: 16034K->1578K(16640K), 0.0006820 secs] 26738K->12281K(55552K), 0.0007180 secs] [Times: user=0.01 sys=0.00, real=0.00 secs] 
76.913: Total time for which application threads were stopped: 0.0008820 seconds, Stopping threads took: 0.0001010 seconds
76.947: Application time: 0.0334560 seconds
76.947: [GC76.947: [ParNew: 16140K->1608K(16640K), 0.0010290 secs] 26844K->13364K(55552K), 0.0010640 secs] [Times: user=0.01 sys=0.00, real=0.00 secs] 
76.948: Total time for which application threads were stopped: 0.0011930 seconds, Stopping threads took: 0.0000660 seconds
76.985: Application time: 0.0371640 seconds
76.985: [GC76.985: [ParNew: 16022K->1546K(16640K), 0.0006730 secs] 27778K->13359K(55552K), 0.0007050 secs] [Times: user=0.01 sys=0.00, real=0.00 secs] 
76.986: Total time for which application threads were stopped: 0.0008340 seconds, Stopping threads took: 0.0000710 seconds
77.019: Application time: 0.0328870 seconds
77.019: [GC77.019: [ParNew: 15952K->1550K(16640K), 0.0010460 secs] 27765K->14387K(55552K), 0.0010800 secs] [Times: user=0.01 sys=0.00, real=0.00 secs] 
77.020: Total time for which application threads were stopped: 0.0012130 seconds, Stopping threads took: 0.0000670 seconds
77.056: Application time: 0.0358580 seconds
77.056: [GC77.056: [ParNew: 15964K->1546K(16640K), 0.0006820 secs] 28801K->14383K(55552K), 0.0007140 secs] [Times: user=0.01 sys=0.00, real=0.00 secs] 
77.057: Total time for which application threads were stopped: 0.0008340 seconds, Stopping threads took: 0.0000650 seconds
77.092: Application time: 0.0352440 seconds
77.092: [GC77.092: [ParNew: 15954K->1548K(16640K), 0.0008280 secs] 28791K->14897K(55552K), 0.0008630 secs] [Times: user=0.01 sys=0.00, real=0.00 secs] 
77.093: Total time for which application threads were stopped: 0.0009870 seconds, Stopping threads took: 0.0000610 seconds
77.130: Application time: 0.0368140 seconds
77.130: [GC77.130: [ParNew: 15962K->1030K(16640K), 0.0005350 secs] 29311K->14379K(55552K), 0.0005650 secs] [Times: user=0.01 sys=0.00, real=0.00 secs] 
77.130: Total time for which application threads were stopped: 0.0006810 seconds, Stopping threads took: 0.0000590 seconds
77.163: Application time: 0.0325470 seconds
77.163: [GC77.163: [ParNew: 15435K->1548K(16640K), 0.0008630 secs] 28785K->15409K(55552K), 0.0008980 secs] [Times: user=0.01 sys=0.00, real=0.00 secs] 
77.164: Total time for which application threads were stopped: 0.0011060 seconds, Stopping threads took: 0.0001380 seconds
77.200: Application time: 0.0364570 seconds
77.200: [GC77.200: [ParNew: 15962K->1032K(16640K), 0.0005440 secs] 29823K->14893K(55552K), 0.0005740 secs] [Times: user=0.00 sys=0.00, real=0.01 secs] 
77.201: Total time for which application threads were stopped: 0.0006950 seconds, Stopping threads took: 0.0000570 seconds
77.236: Application time: 0.0350820 seconds
77.236: [GC77.236: [ParNew: 15440K->1546K(16640K), 0.0007040 secs] 29301K->15407K(55552K), 0.0007390 secs] [Times: user=0.01 sys=0.00, real=0.00 secs] 
77.237: Total time for which application threads were stopped: 0.0008600 seconds, Stopping threads took: 0.0000590 seconds
77.272: Application time: 0.0348240 seconds
77.272: [GC77.272: [ParNew: 15956K->1546K(16640K), 0.0006450 secs] 29817K->15407K(55552K), 0.0006790 secs] [Times: user=0.00 sys=0.00, real=0.00 secs] 
77.273: Total time for which application threads were stopped: 0.0008520 seconds, Stopping threads took: 0.0001140 seconds
77.307: Application time: 0.0343250 seconds
77.307: [GC77.307: [ParNew: 16034K->1578K(16640K), 0.0006780 secs] 29895K->15439K(55552K), 0.0007120 secs] [Times: user=0.00 sys=0.00, real=0.00 secs] 
77.308: Total time for which application threads were stopped: 0.0008310 seconds, Stopping threads took: 0.0000630 seconds
77.342: Application time: 0.0338890 seconds
77.342: [GC77.342: [ParNew: 16144K->1608K(16640K), 0.0008160 secs] 30005K->16010K(55552K), 0.0008530 secs] [Times: user=0.01 sys=0.00, real=0.00 secs] 
77.343: Total time for which application threads were stopped: 0.0010150 seconds, Stopping threads took: 0.0001020 seconds
77.377: Application time: 0.0347240 seconds
77.378: [GC77.378: [ParNew: 16180K->1608K(16640K), 0.0006830 secs] 30582K->16067K(55552K), 0.0007160 secs] [Times: user=0.00 sys=0.00, real=0.00 secs] 
77.378: Total time for which application threads were stopped: 0.0009100 seconds, Stopping threads took: 0.0001350 seconds
77.412: Application time: 0.0338480 seconds
77.412: [GC77.412: [ParNew: 16018K->1546K(16640K), 0.0006890 secs] 30477K->16062K(55552K), 0.0007250 secs] [Times: user=0.01 sys=0.00, real=0.00 secs] 
77.413: Total time for which application threads were stopped: 0.0008480 seconds, Stopping threads took: 0.0000640 seconds
77.447: Application time: 0.0339250 seconds
77.447: [GC77.447: [ParNew: 15952K->1548K(16640K), 0.0009680 secs] 30467K->17088K(55552K), 0.0010040 secs] [Times: user=0.01 sys=0.00, real=0.00 secs] 
77.448: Total time for which application threads were stopped: 0.0011280 seconds, Stopping threads took: 0.0000590 seconds
77.483: Application time: 0.0348100 seconds
77.483: [GC77.483: [ParNew: 15960K->1546K(16640K), 0.0008040 secs] 31500K->17598K(55552K), 0.0008360 secs] [Times: user=0.01 sys=0.00, real=0.00 secs] 
77.484: Total time for which application threads were stopped: 0.0009690 seconds, Stopping threads took: 0.0000730 seconds
77.519: Application time: 0.0345930 seconds
77.519: [GC77.519: [ParNew: 15958K->1546K(16640K), 0.0006150 secs] 32010K->17598K(55552K), 0.0006460 secs] [Times: user=0.01 sys=0.00, real=0.00 secs] 
77.519: Total time for which application threads were stopped: 0.0007660 seconds, Stopping threads took: 0.0000630 seconds
77.553: Application time: 0.0338540 seconds
77.553: [GC77.553: [ParNew: 16036K->1578K(16640K), 0.0006280 secs] 32088K->17630K(55552K), 0.0006600 secs] [Times: user=0.00 sys=0.00, real=0.00 secs] 
77.554: Total time for which application threads were stopped: 0.0008480 seconds, Stopping threads took: 0.0001330 seconds
77.588: Application time: 0.0338480 seconds
77.588: [GC77.588: [ParNew: 15986K->1548K(16640K), 0.0008270 secs] 32038K->18140K(55552K), 0.0008620 secs] [Times: user=0.00 sys=0.00, real=0.01 secs] 
77.589: Total time for which application threads were stopped: 0.0010090 seconds, Stopping threads took: 0.0000870 seconds
77.625: Application time: 0.0365570 seconds
77.626: [GC77.626: [ParNew: 16116K->1606K(16640K), 0.0008160 secs] 32709K->18710K(55552K), 0.0008530 secs] [Times: user=0.01 sys=0.00, real=0.00 secs] 
77.626: Total time for which application threads were stopped: 0.0009810 seconds, Stopping threads took: 0.0000520 seconds
77.662: Application time: 0.0358770 seconds
77.662: [GC77.662: [ParNew: 16020K->1036K(16640K), 0.0005180 secs] 33124K->18197K(55552K), 0.0005490 secs] [Times: user=0.01 sys=0.00, real=0.00 secs] 
77.663: Total time for which application threads were stopped: 0.0006590 seconds, Stopping threads took: 0.0000530 seconds
77.696: Application time: 0.0329330 seconds
77.696: [GC77.696: [ParNew: 15442K->1548K(16640K), 0.0008030 secs] 32603K->19221K(55552K), 0.0008370 secs] [Times: user=0.01 sys=0.00, real=0.00 secs] 
77.697: Total time for which application threads were stopped: 0.0009800 seconds, Stopping threads took: 0.0000820 seconds
77.733: Application time: 0.0358640 seconds
77.733: [GC77.733: [ParNew: 15960K->1546K(16640K), 0.0007080 secs] 33633K->19219K(55552K), 0.0007400 secs] [Times: user=0.01 sys=0.00, real=0.00 secs] 
77.734: Total time for which application threads were stopped: 0.0008750 seconds, Stopping threads took: 0.0000690 seconds
77.767: Application time: 0.0333220 seconds
77.767: [GC77.767: [ParNew: 15950K->1550K(16640K), 0.0011910 secs] 33623K->20759K(55552K), 0.0012290 secs] [Times: user=0.01 sys=0.00, real=0.00 secs] 
77.768: Total time for which application threads were stopped: 0.0013720 seconds, Stopping threads took: 0.0000780 seconds
77.805: Application time: 0.0365480 seconds
77.805: [GC77.805: [ParNew: 15966K->1548K(16640K), 0.0007990 secs] 35176K->20757K(55552K), 0.0008300 secs] [Times: user=0.01 sys=0.00, real=0.00 secs] 
77.806: Total time for which application threads were stopped: 0.0009380 seconds, Stopping threads took: 0.0000550 seconds
77.839: Application time: 0.0332820 seconds
77.839: [GC77.839: [ParNew: 15956K->1546K(16640K), 0.0008710 secs] 35165K->21267K(55552K), 0.0009050 secs] [Times: user=0.00 sys=0.00, real=0.00 secs] 
77.840: Total time for which application threads were stopped: 0.0010360 seconds, Stopping threads took: 0.0000710 seconds
77.875: Application time: 0.0350210 seconds
77.875: [GC77.875: [ParNew: 15958K->1546K(16640K), 0.0006950 secs] 35679K->21267K(55552K), 0.0007290 secs] [Times: user=0.01 sys=0.00, real=0.00 secs] 
77.876: Total time for which application threads were stopped: 0.0008560 seconds, Stopping threads took: 0.0000700 seconds
77.910: Application time: 0.0337970 seconds
77.910: [GC77.910: [ParNew: 15954K->1546K(16640K), 0.0008240 secs] 35675K->21779K(55552K), 0.0008580 secs] [Times: user=0.00 sys=0.00, real=0.00 secs] 
77.911: Total time for which application threads were stopped: 0.0009790 seconds, Stopping threads took: 0.0000600 seconds
77.945: Application time: 0.0338360 seconds
77.945: [GC77.945: [ParNew: 16034K->1578K(16640K), 0.0008000 secs] 36268K->22323K(55552K), 0.0008360 secs] [Times: user=0.01 sys=0.00, real=0.00 secs] 
77.946: Total time for which application threads were stopped: 0.0009860 seconds, Stopping threads took: 0.0000890 seconds
77.983: Application time: 0.0370270 seconds
77.983: [GC77.983: [ParNew: 16154K->582K(16640K), 0.0003880 secs] 36900K->21356K(55552K), 0.0004170 secs] [Times: user=0.00 sys=0.00, real=0.00 secs] 
77.983: Total time for which application threads were stopped: 0.0005320 seconds, Stopping threads took: 0.0000620 seconds
78.014: Application time: 0.0311660 seconds
78.014: [GC78.014: [ParNew: 15140K->1664K(16640K), 0.0010360 secs] 35914K->23462K(55552K), 0.0010740 secs] [Times: user=0.01 sys=0.00, real=0.00 secs] 
78.016: Total time for which application threads were stopped: 0.0012110 seconds, Stopping threads took: 0.0000730 seconds
78.053: Application time: 0.0374520 seconds
78.053: [GC78.053: [ParNew: 16082K->520K(16640K), 0.0004080 secs] 37880K->22432K(55552K), 0.0004370 secs] [Times: user=0.00 sys=0.00, real=0.00 secs] 
78.054: Total time for which application threads were stopped: 0.0005460 seconds, Stopping threads took: 0.0000630 seconds
78.086: Application time: 0.0325530 seconds
78.086: [GC78.086: [ParNew: 14921K->1548K(16640K), 0.0010820 secs] 36834K->24484K(55552K), 0.0011290 secs] [Times: user=0.01 sys=0.00, real=0.00 secs] 
78.087: Total time for which application threads were stopped: 0.0012460 seconds, Stopping threads took: 0.0000530 seconds
78.123: Application time: 0.0358120 seconds
78.123: [GC78.123: [ParNew: 15960K->1546K(16640K), 0.0008440 secs] 38896K->24994K(55552K), 0.0008780 secs] [Times: user=0.01 sys=0.00, real=0.00 secs] 
78.124: Total time for which application threads were stopped: 0.0010240 seconds, Stopping threads took: 0.0000860 seconds
78.160: Application time: 0.0358210 seconds
78.160: [GC78.160: [ParNew: 15960K->1542K(16640K), 0.0006820 secs] 39408K->24990K(55552K), 0.0007140 secs] [Times: user=0.00 sys=0.00, real=0.01 secs] 
78.161: Total time for which application threads were stopped: 0.0008350 seconds, Stopping threads took: 0.0000650 seconds
78.194: Application time: 0.0335320 seconds
78.194: [GC78.194: [ParNew: 15950K->1548K(16640K), 0.0008070 secs] 39398K->25508K(55552K), 0.0008420 secs] [Times: user=0.01 sys=0.00, real=0.00 secs] 
78.195: Total time for which application threads were stopped: 0.0009740 seconds, Stopping threads took: 0.0000710 seconds
78.231: Application time: 0.0356390 seconds
78.231: [GC78.231: [ParNew: 16040K->1066K(16640K), 0.0004700 secs] 40000K->25026K(55552K), 0.0004990 secs] [Times: user=0.01 sys=0.00, real=0.00 secs] 
78.232: Total time for which application threads were stopped: 0.0006320 seconds, Stopping threads took: 0.0000800 seconds
78.264: Application time: 0.0325380 seconds
78.264: [GC78.264: [ParNew: 15548K->1578K(16640K), 0.0011070 secs] 39508K->26591K(55552K), 0.0011450 secs] [Times: user=0.01 sys=0.00, real=0.00 secs] 
78.265: Total time for which application threads were stopped: 0.0012840 seconds, Stopping threads took: 0.0000660 seconds
78.301: Application time: 0.0357770 seconds
78.301: [GC78.301: [ParNew: 16074K->1068K(16640K), 0.0005210 secs] 41087K->26109K(55552K), 0.0005510 secs] [Times: user=0.00 sys=0.00, real=0.00 secs] 
78.302: Total time for which application threads were stopped: 0.0006720 seconds, Stopping threads took: 0.0000660 seconds
78.336: Application time: 0.0340780 seconds
78.336: [GC78.336: [ParNew: 15474K->1550K(16640K), 0.0008390 secs] 40515K->27132K(55552K), 0.0008750 secs] [Times: user=0.00 sys=0.00, real=0.00 secs] 
78.337: Total time for which application threads were stopped: 0.0009950 seconds, Stopping threads took: 0.0000590 seconds
78.372: Application time: 0.0345440 seconds
78.373: [GC78.373: [ParNew: 15958K->1546K(16640K), 0.0010730 secs] 41540K->28152K(55552K), 0.0011110 secs] [Times: user=0.01 sys=0.00, real=0.00 secs] 
78.374: Total time for which application threads were stopped: 0.0022920 seconds, Stopping threads took: 0.0011130 seconds
78.409: Application time: 0.0350140 seconds
78.409: [GC78.409: [ParNew: 15958K->1546K(16640K), 0.0008050 secs] 42564K->28664K(55552K), 0.0008400 secs] [Times: user=0.01 sys=0.00, real=0.00 secs] 
78.410: Total time for which application threads were stopped: 0.0009580 seconds, Stopping threads took: 0.0000590 seconds
78.446: Application time: 0.0359300 seconds
78.446: [GC78.446: [ParNew: 15958K->1544K(16640K), 0.0006700 secs] 43076K->28662K(55552K), 0.0007020 secs] [Times: user=0.00 sys=0.00, real=0.00 secs] 
78.447: Total time for which application threads were stopped: 0.0009650 seconds, Stopping threads took: 0.0002060 seconds
78.481: Application time: 0.0342690 seconds
78.481: [GC78.481: [ParNew: 15954K->1546K(16640K), 0.0005920 secs] 43072K->28664K(55552K), 0.0006230 secs] [Times: user=0.01 sys=0.00, real=0.00 secs] 
78.482: Total time for which application threads were stopped: 0.0007350 seconds, Stopping threads took: 0.0000540 seconds
78.517: Application time: 0.0348290 seconds
78.517: [GC78.517: [ParNew: 15956K->1548K(16640K), 0.0006320 secs] 43074K->28666K(55552K), 0.0006640 secs] [Times: user=0.00 sys=0.00, real=0.00 secs] 
78.517: Total time for which application threads were stopped: 0.0007860 seconds, Stopping threads took: 0.0000630 seconds
78.553: Application time: 0.0360320 seconds
78.553: [GC78.553: [ParNew: 15958K->1034K(16640K), 0.0004990 secs] 43076K->28152K(55552K), 0.0005360 secs] [Times: user=0.00 sys=0.00, real=0.00 secs] 
78.554: Total time for which application threads were stopped: 0.0006600 seconds, Stopping threads took: 0.0000750 seconds
78.586: Application time: 0.0323450 seconds
78.586: [GC78.586: [ParNew: 15522K->1578K(16640K), 0.0008280 secs] 42640K->29208K(55552K), 0.0008630 secs] [Times: user=0.01 sys=0.00, real=0.00 secs] 
78.587: Total time for which application threads were stopped: 0.0009910 seconds, Stopping threads took: 0.0000660 seconds
78.623: Application time: 0.0354160 seconds
78.623: [GC78.623: [ParNew: 16150K->1094K(16640K), 0.0005570 secs] 43780K->28752K(55552K), 0.0005900 secs] [Times: user=0.00 sys=0.00, real=0.00 secs] 
78.623: Total time for which application threads were stopped: 0.0007230 seconds, Stopping threads took: 0.0000770 seconds
78.659: Application time: 0.0350440 seconds
78.659: [GC78.659: [ParNew: 15662K->1096K(16640K), 0.0005660 secs] 43321K->28811K(55552K), 0.0005970 secs] [Times: user=0.00 sys=0.00, real=0.00 secs] 
78.659: Total time for which application threads were stopped: 0.0007060 seconds, Stopping threads took: 0.0000540 seconds
78.692: Application time: 0.0325380 seconds
78.692: [GC78.692: [ParNew: 15500K->1550K(16640K), 0.0010220 secs] 43215K->30346K(55552K), 0.0010590 secs] [Times: user=0.01 sys=0.00, real=0.00 secs] 
78.693: Total time for which application threads were stopped: 0.0012090 seconds, Stopping threads took: 0.0000870 seconds
78.728: Application time: 0.0354670 seconds
78.729: [GC78.729: [ParNew: 15962K->1546K(16640K), 0.0008170 secs] 44758K->30854K(55552K), 0.0008510 secs] [Times: user=0.01 sys=0.00, real=0.00 secs] 
78.729: Total time for which application threads were stopped: 0.0009790 seconds, Stopping threads took: 0.0000630 seconds
78.765: Application time: 0.0357080 seconds
78.765: [GC78.765: [ParNew: 15960K->1036K(16640K), 0.0005440 secs] 45268K->30344K(55552K), 0.0005720 secs] [Times: user=0.01 sys=0.00, real=0.00 secs] 
78.766: Total time for which application threads were stopped: 0.0006940 seconds, Stopping threads took: 0.0000630 seconds
78.799: Application time: 0.0335740 seconds
78.800: [GC78.800: [ParNew: 15439K->1546K(16640K), 0.0010240 secs] 44748K->31878K(55552K), 0.0010620 secs] [Times: user=0.01 sys=0.00, real=0.01 secs] 
78.801: Total time for which application threads were stopped: 0.0012180 seconds, Stopping threads took: 0.0000950 seconds
78.835: Application time: 0.0345120 seconds
78.835: [GC78.835: [ParNew: 15960K->1546K(16640K), 0.0006510 secs] 46292K->31878K(55552K), 0.0006830 secs] [Times: user=0.01 sys=0.00, real=0.00 secs] 
78.836: Total time for which application threads were stopped: 0.0008010 seconds, Stopping threads took: 0.0000610 seconds
78.872: Application time: 0.0358600 seconds
78.872: [GC78.872: [ParNew: 15954K->1548K(16640K), 0.0008700 secs] 46286K->32392K(55552K), 0.0009060 secs] [Times: user=0.00 sys=0.00, real=0.00 secs] 
78.873: Total time for which application threads were stopped: 0.0010310 seconds, Stopping threads took: 0.0000660 seconds
78.908: Application time: 0.0346860 seconds
78.908: [GC78.908: [ParNew: 16040K->1578K(16640K), 0.0006720 secs] 46885K->32422K(55552K), 0.0007050 secs] [Times: user=0.00 sys=0.00, real=0.00 secs] 
78.908: Total time for which application threads were stopped: 0.0008270 seconds, Stopping threads took: 0.0000660 seconds
78.943: Application time: 0.0347250 seconds
78.943: [GC78.943: [ParNew: 16142K->1606K(16640K), 0.0008790 secs] 46987K->32991K(55552K), 0.0009130 secs] [Times: user=0.01 sys=0.00, real=0.00 secs] 
78.944: Total time for which application threads were stopped: 0.0010410 seconds, Stopping threads took: 0.0000670 seconds
78.979: Application time: 0.0347100 seconds
78.979: [GC78.979: [ParNew: 16016K->1546K(16640K), 0.0008870 secs] 47401K->33500K(55552K), 0.0009220 secs] [Times: user=0.00 sys=0.00, real=0.00 secs] 
78.980: Total time for which application threads were stopped: 0.0010520 seconds, Stopping threads took: 0.0000690 seconds
79.015: Application time: 0.0347290 seconds
79.015: [GC79.015: [ParNew: 15956K->1546K(16640K), 0.0008800 secs] 47910K->34012K(55552K), 0.0009230 secs] [Times: user=0.01 sys=0.00, real=0.00 secs] 
79.016: Total time for which application threads were stopped: 0.0011540 seconds, Stopping threads took: 0.0001680 seconds
79.051: Application time: 0.0356510 seconds
79.052: [GC79.052: [ParNew: 15958K->1544K(16640K), 0.0006300 secs] 48424K->34010K(55552K), 0.0006620 secs] [Times: user=0.00 sys=0.00, real=0.00 secs] 
79.052: Total time for which application threads were stopped: 0.0007810 seconds, Stopping threads took: 0.0000610 seconds
79.088: Application time: 0.0353440 seconds
79.088: [GC79.088: [ParNew: 15956K->524K(16640K), 0.0003680 secs] 48422K->32990K(55552K), 0.0003970 secs] [Times: user=0.01 sys=0.00, real=0.00 secs] 
79.088: Total time for which application threads were stopped: 0.0006340 seconds, Stopping threads took: 0.0001840 seconds
79.121: Application time: 0.0332850 seconds
79.122: [GC79.122: [ParNew: 14930K->1548K(16640K), 0.0008480 secs] 47396K->34526K(55552K), 0.0008820 secs] [Times: user=0.01 sys=0.00, real=0.00 secs] 
79.122: Total time for which application threads were stopped: 0.0010010 seconds, Stopping threads took: 0.0000570 seconds
79.157: Application time: 0.0347560 seconds
79.157: [GC79.157: [ParNew: 15960K->1546K(16640K), 0.0006440 secs] 48938K->34524K(55552K), 0.0006760 secs] [Times: user=0.00 sys=0.00, real=0.00 secs] 
79.158: Total time for which application threads were stopped: 0.0007910 seconds, Stopping threads took: 0.0000620 seconds
79.193: Application time: 0.0353980 seconds
79.194: [GC79.194: [ParNew: 15956K->1548K(16640K), 0.0006610 secs] 48934K->34526K(55552K), 0.0006910 secs] [Times: user=0.01 sys=0.00, real=0.00 secs] 
79.194: Total time for which application threads were stopped: 0.0008140 seconds, Stopping threads took: 0.0000670 seconds
79.227: Application time: 0.0328830 seconds
79.227: [GC79.227: [ParNew: 15952K->1552K(16640K), 0.0011940 secs] 48930K->36066K(55552K), 0.0012330 secs] [Times: user=0.01 sys=0.00, real=0.00 secs] 
79.229: Total time for which application threads were stopped: 0.0014090 seconds, Stopping threads took: 0.0001040 seconds
79.265: Application time: 0.0363920 seconds
79.265: [GC79.265: [ParNew: 16127K->1608K(16640K), 0.0008740 secs] 50641K->36634K(55552K), 0.0009070 secs] [Times: user=0.00 sys=0.00, real=0.00 secs] 
79.266: Total time for which application threads were stopped: 0.0010600 seconds, Stopping threads took: 0.0000940 seconds
79.302: Application time: 0.0357080 seconds
79.302: [GC79.302: [ParNew: 16181K->1096K(16640K), 0.0005940 secs] 51207K->36179K(55552K), 0.0006260 secs] [Times: user=0.01 sys=0.00, real=0.00 secs] 
79.303: Total time for which application threads were stopped: 0.0008380 seconds, Stopping threads took: 0.0001470 seconds
79.336: Application time: 0.0338880 seconds
79.337: [GC79.337: [ParNew: 15582K->1576K(16640K), 0.0008990 secs] 50665K->37228K(55552K), 0.0009350 secs] [Times: user=0.00 sys=0.00, real=0.00 secs] 
79.338: Total time for which application threads were stopped: 0.0010960 seconds, Stopping threads took: 0.0000970 seconds
79.372: Application time: 0.0344650 seconds
79.372: [GC79.372: [ParNew: 15988K->1548K(16640K), 0.0007400 secs] 51640K->37229K(55552K), 0.0007700 secs] [Times: user=0.00 sys=0.00, real=0.00 secs] 
79.373: Total time for which application threads were stopped: 0.0009250 seconds, Stopping threads took: 0.0000970 seconds
79.408: Application time: 0.0347260 seconds
79.408: [GC79.408: [ParNew: 15960K->1034K(16640K), 0.0004750 secs] 51641K->36715K(55552K), 0.0005050 secs] [Times: user=0.01 sys=0.00, real=0.00 secs] 
79.408: Total time for which application threads were stopped: 0.0006250 seconds, Stopping threads took: 0.0000680 seconds
79.442: Application time: 0.0338360 seconds
79.442: [GC79.442: [ParNew: 15440K->1548K(16640K), 0.0007930 secs] 51120K->37741K(55552K), 0.0008260 secs] [Times: user=0.00 sys=0.00, real=0.00 secs] 
79.443: Total time for which application threads were stopped: 0.0009570 seconds, Stopping threads took: 0.0000720 seconds
79.443: Application time: 0.0000720 seconds
79.443: [GC [1 CMS-initial-mark: 36192K(38912K)] 38253K(55552K), 0.0001030 secs] [Times: user=0.00 sys=0.00, real=0.00 secs] 
79.443: Total time for which application threads were stopped: 0.0002870 seconds, Stopping threads took: 0.0001670 seconds
79.443: [CMS-concurrent-mark-start]
79.447: [CMS-concurrent-mark: 0.003/0.003 secs] [Times: user=0.02 sys=0.00, real=0.00 secs] 
79.447: [CMS-concurrent-preclean-start]
79.447: [CMS-concurrent-preclean: 0.000/0.000 secs] [Times: user=0.00 sys=0.00, real=0.00 secs] 
79.447: Application time: 0.0034340 seconds
79.447: [GC[YG occupancy: 2578 K (16640 K)]79.447: [Rescan (parallel) , 0.0001250 secs]79.447: [weak refs processing, 0.0000070 secs]79.447: [scrub string table, 0.0000920 secs] [1 CMS-remark: 36192K(38912K)] 38771K(55552K), 0.0002500 secs] [Times: user=0.00 sys=0.00, real=0.00 secs] 
79.447: Total time for which application threads were stopped: 0.0003160 seconds, Stopping threads took: 0.0000430 seconds
79.447: [CMS-concurrent-sweep-start]
79.448: [CMS-concurrent-sweep: 0.001/0.001 secs] [Times: user=0.00 sys=0.00, real=0.00 secs] 
79.448: [CMS-concurrent-reset-start]
79.448: [CMS-concurrent-reset: 0.000/0.000 secs] [Times: user=0.00 sys=0.00, real=0.00 secs] 
79.481: Application time: 0.0336010 seconds
79.481: [GC79.481: [ParNew: 15960K->1548K(16640K), 0.0006290 secs] 21915K->7503K(55552K), 0.0006600 secs] [Times: user=0.00 sys=0.00, real=0.00 secs] 
79.482: Total time for which application threads were stopped: 0.0007780 seconds, Stopping threads took: 0.0000610 seconds
79.516: Application time: 0.0347060 seconds
79.516: [GC79.516: [ParNew: 15956K->1548K(16640K), 0.0008170 secs] 21911K->8015K(55552K), 0.0008530 secs] [Times: user=0.00 sys=0.00, real=0.00 secs] 
79.517: Total time for which application threads were stopped: 0.0009730 seconds, Stopping threads took: 0.0000580 seconds
79.554: Application time: 0.0364490 seconds
79.554: [GC79.554: [ParNew: 16044K->42K(16640K), 0.0002660 secs] 22512K->6509K(55552K), 0.0002950 secs] [Times: user=0.00 sys=0.00, real=0.00 secs] 
79.554: Total time for which application threads were stopped: 0.0004000 seconds, Stopping threads took: 0.0000550 seconds
79.586: Application time: 0.0320920 seconds
79.586: [GC79.586: [ParNew: 14443K->1578K(16640K), 0.0008910 secs] 20911K->8557K(55552K), 0.0009230 secs] [Times: user=0.01 sys=0.00, real=0.00 secs] 
79.587: Total time for which application threads were stopped: 0.0010650 seconds, Stopping threads took: 0.0000810 seconds
79.624: Application time: 0.0363530 seconds
79.624: [GC79.624: [ParNew: 16153K->582K(16640K), 0.0004200 secs] 23132K->7590K(55552K), 0.0004510 secs] [Times: user=0.00 sys=0.00, real=0.00 secs] 
79.624: Total time for which application threads were stopped: 0.0006090 seconds, Stopping threads took: 0.0001020 seconds
79.656: Application time: 0.0319950 seconds
79.656: [GC79.656: [ParNew: 14986K->1608K(16640K), 0.0008790 secs] 21994K->9128K(55552K), 0.0009160 secs] [Times: user=0.01 sys=0.00, real=0.00 secs] 
79.657: Total time for which application threads were stopped: 0.0010330 seconds, Stopping threads took: 0.0000620 seconds
79.693: Application time: 0.0360200 seconds
79.693: [GC79.693: [ParNew: 16022K->1036K(16640K), 0.0005060 secs] 23542K->8613K(55552K), 0.0005360 secs] [Times: user=0.01 sys=0.00, real=0.00 secs] 
79.694: Total time for which application threads were stopped: 0.0006600 seconds, Stopping threads took: 0.0000670 seconds
79.726: Application time: 0.0318200 seconds
79.726: [GC79.726: [ParNew: 15442K->1548K(16640K), 0.0008420 secs] 23019K->9637K(55552K), 0.0008770 secs] [Times: user=0.01 sys=0.00, real=0.00 secs] 
79.727: Total time for which application threads were stopped: 0.0010370 seconds, Stopping threads took: 0.0001000 seconds
79.763: Application time: 0.0359090 seconds
79.763: [GC79.763: [ParNew: 15960K->1548K(16640K), 0.0006380 secs] 24049K->9637K(55552K), 0.0006680 secs] [Times: user=0.00 sys=0.00, real=0.00 secs] 
79.764: Total time for which application threads were stopped: 0.0007790 seconds, Stopping threads took: 0.0000560 seconds
79.796: Application time: 0.0321330 seconds
79.796: [GC79.796: [ParNew: 15952K->1548K(16640K), 0.0012210 secs] 24041K->11173K(55552K), 0.0012680 secs] [Times: user=0.01 sys=0.00, real=0.00 secs] 
79.797: Total time for which application threads were stopped: 0.0014190 seconds, Stopping threads took: 0.0000870 seconds
79.834: Application time: 0.0364640 seconds
79.834: [GC79.834: [ParNew: 15964K->1546K(16640K), 0.0006130 secs] 25589K->11171K(55552K), 0.0006450 secs] [Times: user=0.01 sys=0.00, real=0.00 secs] 
79.834: Total time for which application threads were stopped: 0.0007710 seconds, Stopping threads took: 0.0000610 seconds
79.866: Application time: 0.0320190 seconds
79.866: [GC79.866: [ParNew: 15948K->1550K(16640K), 0.0014190 secs] 25573K->13223K(55552K), 0.0014570 secs] [Times: user=0.01 sys=0.00, real=0.00 secs] 
79.868: Total time for which application threads were stopped: 0.0015840 seconds, Stopping threads took: 0.0000610 seconds
79.906: Application time: 0.0381260 seconds
79.906: [GC79.906: [ParNew: 16127K->1606K(16640K), 0.0008230 secs] 27800K->13791K(55552K), 0.0008560 secs] [Times: user=0.01 sys=0.00, real=0.00 secs] 
79.907: Total time for which application threads were stopped: 0.0009980 seconds, Stopping threads took: 0.0000860 seconds
79.944: Application time: 0.0365550 seconds
79.944: [GC79.944: [ParNew: 16179K->1092K(16640K), 0.0005710 secs] 28364K->13334K(55552K), 0.0006020 secs] [Times: user=0.01 sys=0.00, real=0.00 secs] 
79.944: Total time for which application threads were stopped: 0.0007850 seconds, Stopping threads took: 0.0001270 seconds
79.978: Application time: 0.0336340 seconds
79.978: [GC79.978: [ParNew: 15578K->1576K(16640K), 0.0008940 secs] 27820K->14387K(55552K), 0.0009260 secs] [Times: user=0.00 sys=0.00, real=0.00 secs] 
79.979: Total time for which application threads were stopped: 0.0010620 seconds, Stopping threads took: 0.0000760 seconds
80.014: Application time: 0.0351630 seconds
80.014: [GC80.014: [ParNew: 15988K->1548K(16640K), 0.0006960 secs] 28799K->14388K(55552K), 0.0007280 secs] [Times: user=0.01 sys=0.00, real=0.00 secs] 
80.015: Total time for which application threads were stopped: 0.0008490 seconds, Stopping threads took: 0.0000640 seconds
80.049: Application time: 0.0340160 seconds
80.049: [GC80.049: [ParNew: 15958K->1544K(16640K), 0.0006810 secs] 28798K->14383K(55552K), 0.0007130 secs] [Times: user=0.01 sys=0.00, real=0.00 secs] 
80.050: Total time for which application threads were stopped: 0.0008590 seconds, Stopping threads took: 0.0000860 seconds
80.084: Application time: 0.0340170 seconds
80.084: [GC80.084: [ParNew: 15952K->1548K(16640K), 0.0008070 secs] 28791K->14900K(55552K), 0.0008410 secs] [Times: user=0.00 sys=0.00, real=0.00 secs] 
80.085: Total time for which application threads were stopped: 0.0009750 seconds, Stopping threads took: 0.0000750 seconds
80.119: Application time: 0.0335350 seconds
80.119: [GC80.119: [ParNew: 15958K->1546K(16640K), 0.0007800 secs] 29310K->15410K(55552K), 0.0008150 secs] [Times: user=0.00 sys=0.00, real=0.00 secs] 
80.119: Total time for which application threads were stopped: 0.0009430 seconds, Stopping threads took: 0.0000660 seconds
80.156: Application time: 0.0365710 seconds
80.156: [GC80.156: [ParNew: 15958K->1546K(16640K), 0.0006580 secs] 29822K->15410K(55552K), 0.0006910 secs] [Times: user=0.00 sys=0.00, real=0.00 secs] 
80.157: Total time for which application threads were stopped: 0.0008220 seconds, Stopping threads took: 0.0000800 seconds
80.188: Application time: 0.0316530 seconds
80.189: [GC80.189: [ParNew: 15950K->1550K(16640K), 0.0011810 secs] 29813K->16950K(55552K), 0.0012200 secs] [Times: user=0.00 sys=0.00, real=0.00 secs] 
80.190: Total time for which application threads were stopped: 0.0013610 seconds, Stopping threads took: 0.0000760 seconds
80.226: Application time: 0.0365960 seconds
80.227: [GC80.227: [ParNew: 16044K->1578K(16640K), 0.0006400 secs] 31444K->16978K(55552K), 0.0006710 secs] [Times: user=0.00 sys=0.00, real=0.00 secs] 
80.227: Total time for which application threads were stopped: 0.0008010 seconds, Stopping threads took: 0.0000640 seconds
80.258: Application time: 0.0312190 seconds
80.259: [GC80.259: [ParNew: 16062K->1578K(16640K), 0.0012710 secs] 31462K->18542K(55552K), 0.0013090 secs] [Times: user=0.01 sys=0.00, real=0.00 secs] 
80.260: Total time for which application threads were stopped: 0.0014450 seconds, Stopping threads took: 0.0000720 seconds
80.298: Application time: 0.0376430 seconds
80.298: [GC80.298: [ParNew: 16074K->1576K(16640K), 0.0007000 secs] 33039K->18569K(55552K), 0.0007310 secs] [Times: user=0.01 sys=0.00, real=0.00 secs] 
80.298: Total time for which application threads were stopped: 0.0008740 seconds, Stopping threads took: 0.0000850 seconds
80.332: Application time: 0.0331870 seconds
80.332: [GC80.332: [ParNew: 15982K->1548K(16640K), 0.0010370 secs] 32975K->19593K(55552K), 0.0010740 secs] [Times: user=0.01 sys=0.00, real=0.00 secs] 
80.333: Total time for which application threads were stopped: 0.0012210 seconds, Stopping threads took: 0.0000840 seconds
80.368: Application time: 0.0351360 seconds
80.368: [GC80.368: [ParNew: 15958K->1548K(16640K), 0.0010670 secs] 34003K->20617K(55552K), 0.0011020 secs] [Times: user=0.01 sys=0.00, real=0.01 secs] 
80.369: Total time for which application threads were stopped: 0.0012370 seconds, Stopping threads took: 0.0000660 seconds
80.406: Application time: 0.0371320 seconds
80.406: [GC80.406: [ParNew: 15964K->1034K(16640K), 0.0004860 secs] 35033K->20103K(55552K), 0.0005150 secs] [Times: user=0.00 sys=0.00, real=0.00 secs] 
80.407: Total time for which application threads were stopped: 0.0006300 seconds, Stopping threads took: 0.0000680 seconds
80.440: Application time: 0.0325100 seconds
80.440: [GC80.440: [ParNew: 15437K->1546K(16640K), 0.0008140 secs] 34507K->21127K(55552K), 0.0008460 secs] [Times: user=0.01 sys=0.00, real=0.00 secs] 
80.441: Total time for which application threads were stopped: 0.0010150 seconds, Stopping threads took: 0.0000990 seconds
80.476: Application time: 0.0358120 seconds
80.476: [GC80.476: [ParNew: 15962K->1036K(16640K), 0.0024010 secs] 35543K->20617K(55552K), 0.0024350 secs] [Times: user=0.01 sys=0.01, real=0.00 secs] 
80.479: Total time for which application threads were stopped: 0.0025570 seconds, Stopping threads took: 0.0000640 seconds
80.513: Application time: 0.0344250 seconds
80.513: [GC80.513: [ParNew: 15444K->1546K(16640K), 0.0006810 secs] 35025K->21127K(55552K), 0.0007170 secs] [Times: user=0.00 sys=0.00, real=0.00 secs] 
80.514: Total time for which application threads were stopped: 0.0008460 seconds, Stopping threads took: 0.0000720 seconds
80.548: Application time: 0.0339030 seconds
80.548: [GC80.548: [ParNew: 16108K->1608K(16640K), 0.0010210 secs] 35690K->22213K(55552K), 0.0010570 secs] [Times: user=0.00 sys=0.00, real=0.01 secs] 
80.549: Total time for which application threads were stopped: 0.0011900 seconds, Stopping threads took: 0.0000720 seconds
80.587: Application time: 0.0372730 seconds
80.587: [GC80.587: [ParNew: 16265K->1120K(16640K), 0.0006290 secs] 36870K->21782K(55552K), 0.0006590 secs] [Times: user=0.01 sys=0.00, real=0.00 secs] 
80.587: Total time for which application threads were stopped: 0.0007660 seconds, Stopping threads took: 0.0000530 seconds
80.619: Application time: 0.0315160 seconds
80.619: [GC80.619: [ParNew: 15522K->1548K(16640K), 0.0012720 secs] 36184K->23832K(55552K), 0.0013080 secs] [Times: user=0.01 sys=0.00, real=0.00 secs] 
80.620: Total time for which application threads were stopped: 0.0014520 seconds, Stopping threads took: 0.0000790 seconds
80.657: Application time: 0.0370500 seconds
80.657: [GC80.657: [ParNew: 15966K->1034K(16640K), 0.0005080 secs] 38250K->23318K(55552K), 0.0005380 secs] [Times: user=0.00 sys=0.00, real=0.00 secs] 
80.658: Total time for which application threads were stopped: 0.0006520 seconds, Stopping threads took: 0.0000650 seconds
80.693: Application time: 0.0352900 seconds
80.693: [GC80.693: [ParNew: 15446K->520K(16640K), 0.0004150 secs] 37730K->22804K(55552K), 0.0004440 secs] [Times: user=0.01 sys=0.00, real=0.00 secs] 
80.694: Total time for which application threads were stopped: 0.0005600 seconds, Stopping threads took: 0.0000550 seconds
80.727: Application time: 0.0327510 seconds
80.727: [GC80.727: [ParNew: 14923K->1548K(16640K), 0.0008240 secs] 37208K->24344K(55552K), 0.0008580 secs] [Times: user=0.00 sys=0.00, real=0.00 secs] 
80.728: Total time for which application threads were stopped: 0.0010050 seconds, Stopping threads took: 0.0000860 seconds
80.763: Application time: 0.0350930 seconds
80.763: [GC80.763: [ParNew: 15962K->1034K(16640K), 0.0004800 secs] 38758K->23830K(55552K), 0.0005070 secs] [Times: user=0.00 sys=0.00, real=0.00 secs] 
80.763: Total time for which application threads were stopped: 0.0006220 seconds, Stopping threads took: 0.0000620 seconds
80.798: Application time: 0.0346530 seconds
80.798: [GC80.798: [ParNew: 15442K->1546K(16640K), 0.0006750 secs] 38238K->24342K(55552K), 0.0007080 secs] [Times: user=0.00 sys=0.00, real=0.00 secs] 
80.799: Total time for which application threads were stopped: 0.0008200 seconds, Stopping threads took: 0.0000550 seconds
80.832: Application time: 0.0332190 seconds
80.832: [GC80.832: [ParNew: 15952K->1550K(16640K), 0.0010170 secs] 38748K->25370K(55552K), 0.0010510 secs] [Times: user=0.01 sys=0.00, real=0.00 secs] 
80.833: Total time for which application threads were stopped: 0.0011890 seconds, Stopping threads took: 0.0000750 seconds
80.869: Application time: 0.0359100 seconds
80.869: [GC80.869: [ParNew: 15964K->1548K(16640K), 0.0006770 secs] 39784K->25368K(55552K), 0.0007090 secs] [Times: user=0.00 sys=0.00, real=0.00 secs] 
80.870: Total time for which application threads were stopped: 0.0008470 seconds, Stopping threads took: 0.0000700 seconds
80.905: Application time: 0.0351470 seconds
80.905: [GC80.905: [ParNew: 16038K->1580K(16640K), 0.0006770 secs] 39858K->25400K(55552K), 0.0007090 secs] [Times: user=0.01 sys=0.00, real=0.00 secs] 
80.906: Total time for which application threads were stopped: 0.0008450 seconds, Stopping threads took: 0.0000780 seconds
80.939: Application time: 0.0333930 seconds
80.939: [GC80.940: [ParNew: 16146K->1604K(16640K), 0.0008410 secs] 39967K->25965K(55552K), 0.0008750 secs] [Times: user=0.00 sys=0.00, real=0.00 secs] 
80.940: Total time for which application threads were stopped: 0.0010120 seconds, Stopping threads took: 0.0000780 seconds
80.976: Application time: 0.0357100 seconds
80.976: [GC80.976: [ParNew: 16014K->1550K(16640K), 0.0008470 secs] 40375K->26480K(55552K), 0.0008830 secs] [Times: user=0.00 sys=0.00, real=0.00 secs] 
80.977: Total time for which application threads were stopped: 0.0010010 seconds, Stopping threads took: 0.0000560 seconds
81.012: Application time: 0.0353730 seconds
81.013: [GC81.013: [ParNew: 15960K->1546K(16640K), 0.0008220 secs] 40890K->26988K(55552K), 0.0008550 secs] [Times: user=0.01 sys=0.00, real=0.00 secs] 
81.013: Total time for which application threads were stopped: 0.0009760 seconds, Stopping threads took: 0.0000620 seconds
81.048: Application time: 0.0342780 seconds
81.048: [GC81.048: [ParNew: 15958K->1550K(16640K), 0.0006340 secs] 41400K->26992K(55552K), 0.0006650 secs] [Times: user=0.01 sys=0.00, real=0.00 secs] 
81.049: Total time for which application threads were stopped: 0.0007930 seconds, Stopping threads took: 0.0000710 seconds
81.083: Application time: 0.0345650 seconds
81.083: [GC81.083: [ParNew: 15964K->524K(16640K), 0.0003860 secs] 41406K->25966K(55552K), 0.0004140 secs] [Times: user=0.00 sys=0.00, real=0.00 secs] 
81.084: Total time for which application threads were stopped: 0.0006280 seconds, Stopping threads took: 0.0001630 seconds
81.117: Application time: 0.0332110 seconds
81.117: [GC81.117: [ParNew: 14925K->1548K(16640K), 0.0009670 secs] 40367K->28014K(55552K), 0.0010020 secs] [Times: user=0.00 sys=0.00, real=0.00 secs] 
81.118: Total time for which application threads were stopped: 0.0011730 seconds, Stopping threads took: 0.0001090 seconds
81.154: Application time: 0.0357010 seconds
81.154: [GC81.154: [ParNew: 15964K->1030K(16640K), 0.0005470 secs] 42430K->27496K(55552K), 0.0005790 secs] [Times: user=0.00 sys=0.00, real=0.00 secs] 
81.155: Total time for which application threads were stopped: 0.0007160 seconds, Stopping threads took: 0.0000810 seconds
81.189: Application time: 0.0342670 seconds
81.189: [GC81.189: [ParNew: 15594K->1608K(16640K), 0.0006410 secs] 42060K->28074K(55552K), 0.0006740 secs] [Times: user=0.00 sys=0.00, real=0.00 secs] 
81.190: Total time for which application threads were stopped: 0.0008130 seconds, Stopping threads took: 0.0000810 seconds
81.226: Application time: 0.0362810 seconds
81.226: [GC81.226: [ParNew: 16259K->1122K(16640K), 0.0005460 secs] 42725K->27645K(55552K), 0.0005770 secs] [Times: user=0.00 sys=0.00, real=0.00 secs] 
81.227: Total time for which application threads were stopped: 0.0006840 seconds, Stopping threads took: 0.0000530 seconds
81.260: Application time: 0.0335330 seconds
81.260: [GC81.260: [ParNew: 15528K->1552K(16640K), 0.0008830 secs] 42051K->28672K(55552K), 0.0009170 secs] [Times: user=0.01 sys=0.00, real=0.01 secs] 
81.261: Total time for which application threads were stopped: 0.0010410 seconds, Stopping threads took: 0.0000680 seconds
81.298: Application time: 0.0372020 seconds
81.298: [GC81.298: [ParNew: 15968K->522K(16640K), 0.0003600 secs] 43088K->27642K(55552K), 0.0003890 secs] [Times: user=0.00 sys=0.00, real=0.00 secs] 
81.299: Total time for which application threads were stopped: 0.0005000 seconds, Stopping threads took: 0.0000570 seconds
81.331: Application time: 0.0322480 seconds
81.331: [GC81.331: [ParNew: 14925K->1548K(16640K), 0.0007910 secs] 42046K->29180K(55552K), 0.0008270 secs] [Times: user=0.01 sys=0.00, real=0.00 secs] 
81.332: Total time for which application threads were stopped: 0.0009560 seconds, Stopping threads took: 0.0000670 seconds
81.369: Application time: 0.0365000 seconds
81.369: [GC81.369: [ParNew: 15966K->8K(16640K), 0.0003620 secs] 43598K->27640K(55552K), 0.0003900 secs] [Times: user=0.00 sys=0.00, real=0.00 secs] 
81.369: Total time for which application threads were stopped: 0.0005040 seconds, Stopping threads took: 0.0000660 seconds
81.402: Application time: 0.0329310 seconds
81.402: [GC81.402: [ParNew: 14407K->1548K(16640K), 0.0009520 secs] 42040K->30204K(55552K), 0.0009860 secs] [Times: user=0.01 sys=0.00, real=0.00 secs] 
81.403: Total time for which application threads were stopped: 0.0011200 seconds, Stopping threads took: 0.0000670 seconds
81.440: Application time: 0.0371520 seconds
81.440: [GC81.440: [ParNew: 15966K->522K(16640K), 0.0003750 secs] 44623K->29178K(55552K), 0.0004050 secs] [Times: user=0.00 sys=0.00, real=0.01 secs] 
81.441: Total time for which application threads were stopped: 0.0005360 seconds, Stopping threads took: 0.0000780 seconds
81.475: Application time: 0.0345640 seconds
81.476: [GC81.476: [ParNew: 14921K->1548K(16640K), 0.0031470 secs] 43578K->31740K(55552K), 0.0031910 secs] [Times: user=0.02 sys=0.00, real=0.00 secs] 
81.479: Total time for which application threads were stopped: 0.0033530 seconds, Stopping threads took: 0.0000940 seconds
81.515: Application time: 0.0362780 seconds
81.515: [GC81.515: [ParNew: 15966K->1036K(16640K), 0.0005090 secs] 46159K->31228K(55552K), 0.0005410 secs] [Times: user=0.00 sys=0.00, real=0.00 secs] 
81.516: Total time for which application threads were stopped: 0.0006640 seconds, Stopping threads took: 0.0000690 seconds
81.549: Application time: 0.0332510 seconds
81.549: [GC81.549: [ParNew: 15522K->1572K(16640K), 0.0009340 secs] 45714K->32276K(55552K), 0.0009690 secs] [Times: user=0.00 sys=0.00, real=0.00 secs] 
81.550: Total time for which application threads were stopped: 0.0011900 seconds, Stopping threads took: 0.0001610 seconds
81.585: Application time: 0.0351330 seconds
81.585: [GC81.585: [ParNew: 15984K->1544K(16640K), 0.0006790 secs] 46688K->32277K(55552K), 0.0007130 secs] [Times: user=0.01 sys=0.00, real=0.00 secs] 
81.586: Total time for which application threads were stopped: 0.0008510 seconds, Stopping threads took: 0.0000790 seconds
81.620: Application time: 0.0342890 seconds
81.621: [GC81.621: [ParNew: 16110K->1606K(16640K), 0.0006860 secs] 46843K->32339K(55552K), 0.0007260 secs] [Times: user=0.01 sys=0.00, real=0.00 secs] 
81.621: Total time for which application threads were stopped: 0.0008890 seconds, Stopping threads took: 0.0000980 seconds
81.656: Application time: 0.0347180 seconds
81.656: [GC81.656: [ParNew: 16014K->1548K(16640K), 0.0008410 secs] 46747K->32850K(55552K), 0.0008770 secs] [Times: user=0.00 sys=0.00, real=0.00 secs] 
81.657: Total time for which application threads were stopped: 0.0010200 seconds, Stopping threads took: 0.0000820 seconds
81.692: Application time: 0.0353680 seconds
81.693: [GC81.693: [ParNew: 15962K->1036K(16640K), 0.0004610 secs] 47264K->32338K(55552K), 0.0004970 secs] [Times: user=0.00 sys=0.00, real=0.00 secs] 
81.693: Total time for which application threads were stopped: 0.0006230 seconds, Stopping threads took: 0.0000720 seconds
81.727: Application time: 0.0335070 seconds
81.727: [GC81.727: [ParNew: 15442K->1546K(16640K), 0.0008170 secs] 46744K->33360K(55552K), 0.0008500 secs] [Times: user=0.01 sys=0.00, real=0.00 secs] 
81.728: Total time for which application threads were stopped: 0.0009880 seconds, Stopping threads took: 0.0000770 seconds
81.763: Application time: 0.0352240 seconds
81.763: [GC81.763: [ParNew: 15960K->1038K(16640K), 0.0005320 secs] 47774K->32852K(55552K), 0.0005610 secs] [Times: user=0.00 sys=0.00, real=0.00 secs] 
81.763: Total time for which application threads were stopped: 0.0006760 seconds, Stopping threads took: 0.0000630 seconds
81.797: Application time: 0.0333900 seconds
81.797: [GC81.797: [ParNew: 15444K->1548K(16640K), 0.0008210 secs] 47258K->33874K(55552K), 0.0008540 secs] [Times: user=0.01 sys=0.00, real=0.00 secs] 
81.798: Total time for which application threads were stopped: 0.0009990 seconds, Stopping threads took: 0.0000840 seconds
81.832: Application time: 0.0345470 seconds
81.832: [GC81.833: [ParNew: 16110K->1608K(16640K), 0.0011660 secs] 48436K->35470K(55552K), 0.0012040 secs] [Times: user=0.01 sys=0.00, real=0.00 secs] 
81.834: Total time for which application threads were stopped: 0.0013320 seconds, Stopping threads took: 0.0000630 seconds
81.870: Application time: 0.0363420 seconds
81.870: [GC81.870: [ParNew: 16263K->1636K(16640K), 0.0007000 secs] 50125K->35555K(55552K), 0.0007310 secs] [Times: user=0.00 sys=0.00, real=0.00 secs] 
81.871: Total time for which application threads were stopped: 0.0008430 seconds, Stopping threads took: 0.0000550 seconds
81.907: Application time: 0.0356230 seconds
81.907: [GC81.907: [ParNew: 16046K->1546K(16640K), 0.0007380 secs] 49965K->35550K(55552K), 0.0007690 secs] [Times: user=0.01 sys=0.00, real=0.00 secs] 
81.907: Total time for which application threads were stopped: 0.0009130 seconds, Stopping threads took: 0.0000790 seconds
81.941: Application time: 0.0331010 seconds
81.941: [GC81.941: [ParNew: 15952K->1550K(16640K), 0.0010690 secs] 49956K->36579K(55552K), 0.0011050 secs] [Times: user=0.01 sys=0.00, real=0.00 secs] 
81.942: Total time for which application threads were stopped: 0.0012320 seconds, Stopping threads took: 0.0000650 seconds
81.978: Application time: 0.0367060 seconds
81.979: [GC81.979: [ParNew: 15966K->1034K(16640K), 0.0004780 secs] 50995K->36063K(55552K), 0.0005080 secs] [Times: user=0.00 sys=0.00, real=0.00 secs] 
81.979: Total time for which application threads were stopped: 0.0006170 seconds, Stopping threads took: 0.0000540 seconds
82.012: Application time: 0.0325220 seconds
82.012: [GC82.012: [ParNew: 15438K->1550K(16640K), 0.0010390 secs] 50466K->37603K(55552K), 0.0010740 secs] [Times: user=0.01 sys=0.00, real=0.00 secs] 
82.013: Total time for which application threads were stopped: 0.0011940 seconds, Stopping threads took: 0.0000600 seconds
82.017: Application time: 0.0037370 seconds
82.017: [GC [1 CMS-initial-mark: 36052K(38912K)] 39159K(55552K), 0.0001150 secs] [Times: user=0.00 sys=0.00, real=0.00 secs] 
82.017: Total time for which application threads were stopped: 0.0001840 seconds, Stopping threads took: 0.0000470 seconds
82.017: [CMS-concurrent-mark-start]
82.022: [CMS-concurrent-mark: 0.006/0.006 secs] [Times: user=0.03 sys=0.00, real=0.01 secs] 
82.022: [CMS-concurrent-preclean-start]
82.022: [CMS-concurrent-preclean: 0.000/0.000 secs] [Times: user=0.00 sys=0.00, real=0.00 secs] 
82.022: [CMS-concurrent-abortable-preclean-start]
82.050: Application time: 0.0329590 seconds
82.050: [GC82.050: [ParNew: 15960K->1548K(16640K), 0.0010170 secs] 52013K->38625K(55552K), 0.0010520 secs] [Times: user=0.01 sys=0.00, real=0.00 secs] 
82.051: Total time for which application threads were stopped: 0.0011790 seconds, Stopping threads took: 0.0000650 seconds
82.087: Application time: 0.0357410 seconds
82.087: [GC82.087: [ParNew: 15964K->1032K(16640K), 0.0005000 secs] 53041K->38109K(55552K), 0.0005300 secs] [Times: user=0.00 sys=0.00, real=0.00 secs] 
82.087: Total time for which application threads were stopped: 0.0006520 seconds, Stopping threads took: 0.0000670 seconds
82.121: Application time: 0.0333920 seconds
82.121: [GC82.121: [ParNew: 15435K->1548K(16640K), 0.0010400 secs] 52512K->39649K(55552K), 0.0010760 secs] [Times: user=0.01 sys=0.00, real=0.00 secs] 
82.122: Total time for which application threads were stopped: 0.0012030 seconds, Stopping threads took: 0.0000640 seconds
82.122: [CMS-concurrent-abortable-preclean: 0.000/0.099 secs] [Times: user=0.80 sys=0.00, real=0.10 secs] 
82.122: Application time: 0.0000700 seconds
82.122: [GC[YG occupancy: 2060 K (16640 K)]82.122: [Rescan (parallel) , 0.0001610 secs]82.122: [weak refs processing, 0.0000060 secs]82.122: [scrub string table, 0.0000770 secs] [1 CMS-remark: 38100K(38912K)] 40161K(55552K), 0.0002620 secs] [Times: user=0.00 sys=0.00, real=0.00 secs] 
82.122: Total time for which application threads were stopped: 0.0004450 seconds, Stopping threads took: 0.0001650 seconds
82.122: [CMS-concurrent-sweep-start]
82.123: [CMS-concurrent-sweep: 0.001/0.001 secs] [Times: user=0.00 sys=0.00, real=0.00 secs] 
82.123: [CMS-concurrent-reset-start]
82.123: [CMS-concurrent-reset: 0.000/0.000 secs] [Times: user=0.00 sys=0.00, real=0.00 secs] 
82.157: Application time: 0.0347050 seconds
82.157: [GC82.157: [ParNew: 15960K->1546K(16640K), 0.0007890 secs] 23454K->9551K(55552K), 0.0008210 secs] [Times: user=0.01 sys=0.00, real=0.00 secs] 
82.158: Total time for which application threads were stopped: 0.0009420 seconds, Stopping threads took: 0.0000600 seconds
82.194: Application time: 0.0359070 seconds
82.194: [GC82.194: [ParNew: 15958K->1544K(16640K), 0.0006960 secs] 23964K->9549K(55552K), 0.0007270 secs] [Times: user=0.00 sys=0.00, real=0.00 secs] 
82.195: Total time for which application threads were stopped: 0.0008520 seconds, Stopping threads took: 0.0000670 seconds
82.229: Application time: 0.0337480 seconds
82.229: [GC82.229: [ParNew: 16030K->1576K(16640K), 0.0008950 secs] 24036K->10094K(55552K), 0.0009280 secs] [Times: user=0.00 sys=0.00, real=0.00 secs] 
82.230: Total time for which application threads were stopped: 0.0010530 seconds, Stopping threads took: 0.0000640 seconds
82.266: Application time: 0.0364250 seconds
82.266: [GC82.266: [ParNew: 15992K->522K(16640K), 0.0003930 secs] 24510K->9068K(55552K), 0.0004220 secs] [Times: user=0.00 sys=0.00, real=0.00 secs] 
82.267: Total time for which application threads were stopped: 0.0006500 seconds, Stopping threads took: 0.0001770 seconds
82.299: Application time: 0.0321400 seconds
82.299: [GC82.299: [ParNew: 15082K->1606K(16640K), 0.0008190 secs] 23628K->10664K(55552K), 0.0008530 secs] [Times: user=0.00 sys=0.00, real=0.00 secs] 
82.300: Total time for which application threads were stopped: 0.0009860 seconds, Stopping threads took: 0.0000710 seconds
82.335: Application time: 0.0353830 seconds
82.335: [GC82.335: [ParNew: 16018K->1546K(16640K), 0.0006810 secs] 25076K->10661K(55552K), 0.0007130 secs] [Times: user=0.01 sys=0.00, real=0.00 secs] 
82.336: Total time for which application threads were stopped: 0.0008430 seconds, Stopping threads took: 0.0000710 seconds
82.370: Application time: 0.0344300 seconds
82.371: [GC82.371: [ParNew: 15956K->1546K(16640K), 0.0006330 secs] 25071K->10661K(55552K), 0.0006750 secs] [Times: user=0.01 sys=0.00, real=0.00 secs] 
82.371: Total time for which application threads were stopped: 0.0008000 seconds, Stopping threads took: 0.0000670 seconds
82.405: Application time: 0.0341330 seconds
82.406: [GC82.406: [ParNew: 15952K->1546K(16640K), 0.0008230 secs] 25067K->11173K(55552K), 0.0008560 secs] [Times: user=0.01 sys=0.00, real=0.00 secs] 
82.406: Total time for which application threads were stopped: 0.0009880 seconds, Stopping threads took: 0.0000710 seconds
82.441: Application time: 0.0348780 seconds
82.441: [GC82.441: [ParNew: 15958K->1546K(16640K), 0.0006830 secs] 25585K->11173K(55552K), 0.0007190 secs] [Times: user=0.01 sys=0.00, real=0.00 secs] 
82.442: Total time for which application threads were stopped: 0.0008840 seconds, Stopping threads took: 0.0000950 seconds
82.478: Application time: 0.0353310 seconds
82.478: [GC82.478: [ParNew: 16116K->1096K(16640K), 0.0006390 secs] 25744K->10723K(55552K), 0.0006740 secs] [Times: user=0.00 sys=0.00, real=0.00 secs] 
82.479: Total time for which application threads were stopped: 0.0016120 seconds, Stopping threads took: 0.0008750 seconds
82.513: Application time: 0.0342710 seconds
82.514: [GC82.514: [ParNew: 15658K->1606K(16640K), 0.0011020 secs] 25286K->12314K(55552K), 0.0011360 secs] [Times: user=0.00 sys=0.00, real=0.00 secs] 
82.515: Total time for which application threads were stopped: 0.0012990 seconds, Stopping threads took: 0.0001040 seconds
82.550: Application time: 0.0357240 seconds
82.551: [GC82.551: [ParNew: 16100K->1064K(16640K), 0.0005370 secs] 26809K->11829K(55552K), 0.0005670 secs] [Times: user=0.00 sys=0.00, real=0.00 secs] 
82.551: Total time for which application threads were stopped: 0.0007560 seconds, Stopping threads took: 0.0001320 seconds
82.583: Application time: 0.0321670 seconds
82.583: [GC82.583: [ParNew: 15470K->1550K(16640K), 0.0009970 secs] 26235K->13368K(55552K), 0.0010340 secs] [Times: user=0.01 sys=0.00, real=0.00 secs] 
82.585: Total time for which application threads were stopped: 0.0011680 seconds, Stopping threads took: 0.0000620 seconds
82.622: Application time: 0.0378560 seconds
82.623: [GC82.623: [ParNew: 15966K->1036K(16640K), 0.0005040 secs] 27784K->12854K(55552K), 0.0005330 secs] [Times: user=0.00 sys=0.00, real=0.00 secs] 
82.623: Total time for which application threads were stopped: 0.0006720 seconds, Stopping threads took: 0.0000860 seconds
82.655: Application time: 0.0319400 seconds
82.655: [GC82.655: [ParNew: 15442K->1546K(16640K), 0.0008030 secs] 27260K->13876K(55552K), 0.0008370 secs] [Times: user=0.00 sys=0.00, real=0.00 secs] 
82.656: Total time for which application threads were stopped: 0.0009630 seconds, Stopping threads took: 0.0000660 seconds
82.691: Application time: 0.0353760 seconds
82.691: [GC82.691: [ParNew: 15958K->1546K(16640K), 0.0006500 secs] 28288K->13876K(55552K), 0.0006830 secs] [Times: user=0.00 sys=0.00, real=0.00 secs] 
82.692: Total time for which application threads were stopped: 0.0008020 seconds, Stopping threads took: 0.0000600 seconds
82.727: Application time: 0.0346090 seconds
82.727: [GC82.727: [ParNew: 15956K->1548K(16640K), 0.0006340 secs] 28286K->13878K(55552K), 0.0006650 secs] [Times: user=0.00 sys=0.00, real=0.00 secs] 
82.728: Total time for which application threads were stopped: 0.0007980 seconds, Stopping threads took: 0.0000760 seconds
82.761: Application time: 0.0338520 seconds
82.762: [GC82.762: [ParNew: 15956K->1548K(16640K), 0.0008190 secs] 28286K->14390K(55552K), 0.0008550 secs] [Times: user=0.01 sys=0.00, real=0.00 secs] 
82.762: Total time for which application threads were stopped: 0.0009920 seconds, Stopping threads took: 0.0000800 seconds
82.798: Application time: 0.0358310 seconds
82.798: [GC82.798: [ParNew: 15960K->1546K(16640K), 0.0006320 secs] 28802K->14388K(55552K), 0.0006630 secs] [Times: user=0.00 sys=0.00, real=0.00 secs] 
82.799: Total time for which application threads were stopped: 0.0008030 seconds, Stopping threads took: 0.0000820 seconds
82.831: Application time: 0.0321870 seconds
82.831: [GC82.831: [ParNew: 15954K->1546K(16640K), 0.0008130 secs] 28796K->14900K(55552K), 0.0008540 secs] [Times: user=0.00 sys=0.00, real=0.00 secs] 
82.832: Total time for which application threads were stopped: 0.0009770 seconds, Stopping threads took: 0.0000650 seconds
82.867: Application time: 0.0347500 seconds
82.867: [GC82.867: [ParNew: 15958K->1546K(16640K), 0.0006370 secs] 29312K->14900K(55552K), 0.0006690 secs] [Times: user=0.01 sys=0.00, real=0.00 secs] 
82.868: Total time for which application threads were stopped: 0.0007820 seconds, Stopping threads took: 0.0000580 seconds
82.903: Application time: 0.0351270 seconds
82.903: [GC82.903: [ParNew: 16032K->1576K(16640K), 0.0009160 secs] 29386K->15442K(55552K), 0.0009520 secs] [Times: user=0.01 sys=0.00, real=0.00 secs] 
82.904: Total time for which application threads were stopped: 0.0011160 seconds, Stopping threads took: 0.0000990 seconds
82.940: Application time: 0.0360160 seconds
82.940: [GC82.940: [ParNew: 16068K->1576K(16640K), 0.0006490 secs] 29934K->15470K(55552K), 0.0006810 secs] [Times: user=0.00 sys=0.00, real=0.01 secs] 
82.941: Total time for which application threads were stopped: 0.0008030 seconds, Stopping threads took: 0.0000660 seconds
82.975: Application time: 0.0342350 seconds
82.975: [GC82.975: [ParNew: 16060K->1578K(16640K), 0.0010710 secs] 29954K->16525K(55552K), 0.0011080 secs] [Times: user=0.00 sys=0.00, real=0.00 secs] 
82.976: Total time for which application threads were stopped: 0.0012410 seconds, Stopping threads took: 0.0000600 seconds
83.012: Application time: 0.0355240 seconds
83.012: [GC83.012: [ParNew: 15994K->1036K(16640K), 0.0005620 secs] 30941K->16011K(55552K), 0.0005930 secs] [Times: user=0.00 sys=0.00, real=0.00 secs] 
83.013: Total time for which application threads were stopped: 0.0007540 seconds, Stopping threads took: 0.0001100 seconds
83.047: Application time: 0.0342770 seconds
83.047: [GC83.047: [ParNew: 15439K->1548K(16640K), 0.0010010 secs] 30415K->17547K(55552K), 0.0010360 secs] [Times: user=0.00 sys=0.00, real=0.00 secs] 
83.048: Total time for which application threads were stopped: 0.0011690 seconds, Stopping threads took: 0.0000680 seconds
83.083: Application time: 0.0348900 seconds
83.083: [GC83.083: [ParNew: 15962K->1546K(16640K), 0.0006730 secs] 31962K->17545K(55552K), 0.0007060 secs] [Times: user=0.01 sys=0.00, real=0.00 secs] 
83.084: Total time for which application threads were stopped: 0.0008330 seconds, Stopping threads took: 0.0000690 seconds
83.119: Application time: 0.0355070 seconds
83.119: [GC83.119: [ParNew: 16116K->1608K(16640K), 0.0006370 secs] 32116K->17608K(55552K), 0.0006690 secs] [Times: user=0.00 sys=0.00, real=0.00 secs] 
83.120: Total time for which application threads were stopped: 0.0007910 seconds, Stopping threads took: 0.0000630 seconds
83.156: Application time: 0.0356860 seconds
83.156: [GC83.156: [ParNew: 16174K->1606K(16640K), 0.0007040 secs] 32174K->17663K(55552K), 0.0007370 secs] [Times: user=0.01 sys=0.00, real=0.00 secs] 
83.157: Total time for which application threads were stopped: 0.0008520 seconds, Stopping threads took: 0.0000550 seconds
83.191: Application time: 0.0342710 seconds
83.191: [GC83.191: [ParNew: 16092K->1578K(16640K), 0.0009430 secs] 32149K->18204K(55552K), 0.0009790 secs] [Times: user=0.01 sys=0.00, real=0.00 secs] 
83.192: Total time for which application threads were stopped: 0.0010990 seconds, Stopping threads took: 0.0000610 seconds
83.227: Application time: 0.0350100 seconds
83.227: [GC83.227: [ParNew: 15992K->1036K(16640K), 0.0005730 secs] 32618K->17690K(55552K), 0.0006040 secs] [Times: user=0.00 sys=0.00, real=0.00 secs] 
83.228: Total time for which application threads were stopped: 0.0007230 seconds, Stopping threads took: 0.0000650 seconds
83.260: Application time: 0.0326840 seconds
83.260: [GC83.261: [ParNew: 15444K->1546K(16640K), 0.0008360 secs] 32098K->18712K(55552K), 0.0008720 secs] [Times: user=0.01 sys=0.00, real=0.01 secs] 
83.261: Total time for which application threads were stopped: 0.0009910 seconds, Stopping threads took: 0.0000650 seconds
83.297: Application time: 0.0353820 seconds
83.297: [GC83.297: [ParNew: 15958K->1546K(16640K), 0.0006240 secs] 33124K->18712K(55552K), 0.0006620 secs] [Times: user=0.00 sys=0.00, real=0.00 secs] 
83.298: Total time for which application threads were stopped: 0.0007890 seconds, Stopping threads took: 0.0000670 seconds
83.331: Application time: 0.0332310 seconds
83.331: [GC83.331: [ParNew: 15954K->1548K(16640K), 0.0008020 secs] 33120K->19226K(55552K), 0.0008360 secs] [Times: user=0.01 sys=0.00, real=0.00 secs] 
83.332: Total time for which application threads were stopped: 0.0009540 seconds, Stopping threads took: 0.0000560 seconds
83.367: Application time: 0.0354340 seconds
83.367: [GC83.367: [ParNew: 15960K->1546K(16640K), 0.0006410 secs] 33638K->19224K(55552K), 0.0006740 secs] [Times: user=0.00 sys=0.00, real=0.00 secs] 
83.368: Total time for which application threads were stopped: 0.0007900 seconds, Stopping threads took: 0.0000590 seconds
83.402: Application time: 0.0343670 seconds
83.402: [GC83.402: [ParNew: 15956K->1548K(16640K), 0.0006600 secs] 33634K->19226K(55552K), 0.0006910 secs] [Times: user=0.00 sys=0.00, real=0.00 secs] 
83.403: Total time for which application threads were stopped: 0.0008190 seconds, Stopping threads took: 0.0000710 seconds
83.438: Application time: 0.0348550 seconds
83.438: [GC83.438: [ParNew: 15958K->1546K(16640K), 0.0006500 secs] 33636K->19224K(55552K), 0.0006840 secs] [Times: user=0.01 sys=0.00, real=0.00 secs] 
83.439: Total time for which application threads were stopped: 0.0008030 seconds, Stopping threads took: 0.0000600 seconds
83.471: Application time: 0.0323400 seconds
83.471: [GC83.471: [ParNew: 15954K->1546K(16640K), 0.0008020 secs] 33632K->19736K(55552K), 0.0008350 secs] [Times: user=0.00 sys=0.00, real=0.00 secs] 
83.472: Total time for which application threads were stopped: 0.0009640 seconds, Stopping threads took: 0.0000690 seconds
83.509: Application time: 0.0365600 seconds
83.509: [GC83.509: [ParNew: 15962K->522K(16640K), 0.0003440 secs] 34152K->18712K(55552K), 0.0003730 secs] [Times: user=0.00 sys=0.00, real=0.00 secs] 
83.509: Total time for which application threads were stopped: 0.0004980 seconds, Stopping threads took: 0.0000650 seconds
83.542: Application time: 0.0327540 seconds
83.542: [GC83.542: [ParNew: 15004K->1576K(16640K), 0.0008960 secs] 33194K->20278K(55552K), 0.0009300 secs] [Times: user=0.01 sys=0.00, real=0.00 secs] 
83.543: Total time for which application threads were stopped: 0.0010500 seconds, Stopping threads took: 0.0000570 seconds
83.577: Application time: 0.0342290 seconds
83.577: [GC83.577: [ParNew: 15984K->1548K(16640K), 0.0010040 secs] 34686K->21303K(55552K), 0.0010410 secs] [Times: user=0.01 sys=0.00, real=0.00 secs] 
83.578: Total time for which application threads were stopped: 0.0011910 seconds, Stopping threads took: 0.0000860 seconds
83.614: Application time: 0.0355840 seconds
83.614: [GC83.614: [ParNew: 16120K->1604K(16640K), 0.0007820 secs] 35875K->21359K(55552K), 0.0008120 secs] [Times: user=0.01 sys=0.00, real=0.00 secs] 
83.615: Total time for which application threads were stopped: 0.0009270 seconds, Stopping threads took: 0.0000600 seconds
83.648: Application time: 0.0327770 seconds
83.648: [GC83.648: [ParNew: 16012K->1548K(16640K), 0.0009310 secs] 35767K->21872K(55552K), 0.0009660 secs] [Times: user=0.01 sys=0.00, real=0.01 secs] 
83.649: Total time for which application threads were stopped: 0.0011160 seconds, Stopping threads took: 0.0000890 seconds
83.686: Application time: 0.0372790 seconds
83.686: [GC83.686: [ParNew: 15962K->1034K(16640K), 0.0005090 secs] 36286K->21358K(55552K), 0.0005390 secs] [Times: user=0.01 sys=0.00, real=0.00 secs] 
83.687: Total time for which application threads were stopped: 0.0006520 seconds, Stopping threads took: 0.0000610 seconds
83.719: Application time: 0.0324060 seconds
83.719: [GC83.719: [ParNew: 15437K->1548K(16640K), 0.0009820 secs] 35761K->22896K(55552K), 0.0010170 secs] [Times: user=0.00 sys=0.00, real=0.00 secs] 
83.720: Total time for which application threads were stopped: 0.0011440 seconds, Stopping threads took: 0.0000680 seconds
83.758: Application time: 0.0381490 seconds
83.759: [GC83.759: [ParNew: 16127K->584K(16640K), 0.0003470 secs] 37475K->21932K(55552K), 0.0003870 secs] [Times: user=0.00 sys=0.00, real=0.00 secs] 
83.759: Total time for which application threads were stopped: 0.0004900 seconds, Stopping threads took: 0.0000500 seconds
83.791: Application time: 0.0318610 seconds
83.791: [GC83.791: [ParNew: 15144K->1664K(16640K), 0.0008230 secs] 36492K->23524K(55552K), 0.0008580 secs] [Times: user=0.00 sys=0.00, real=0.00 secs] 
83.792: Total time for which application threads were stopped: 0.0009880 seconds, Stopping threads took: 0.0000690 seconds
83.828: Application time: 0.0365940 seconds
83.829: [GC83.829: [ParNew: 16158K->552K(16640K), 0.0004350 secs] 38018K->22526K(55552K), 0.0004700 secs] [Times: user=0.00 sys=0.00, real=0.01 secs] 
83.829: Total time for which application threads were stopped: 0.0005870 seconds, Stopping threads took: 0.0000640 seconds
83.862: Application time: 0.0333600 seconds
83.862: [GC83.862: [ParNew: 14955K->1578K(16640K), 0.0008270 secs] 36930K->24064K(55552K), 0.0008600 secs] [Times: user=0.00 sys=0.00, real=0.00 secs] 
83.863: Total time for which application threads were stopped: 0.0009980 seconds, Stopping threads took: 0.0000850 seconds
83.897: Application time: 0.0333480 seconds
83.897: [GC83.897: [ParNew: 15988K->1548K(16640K), 0.0008320 secs] 38474K->24574K(55552K), 0.0008650 secs] [Times: user=0.00 sys=0.00, real=0.00 secs] 
83.898: Total time for which application threads were stopped: 0.0009900 seconds, Stopping threads took: 0.0000650 seconds
83.934: Application time: 0.0360010 seconds
83.934: [GC83.934: [ParNew: 15960K->1034K(16640K), 0.0004740 secs] 38986K->24060K(55552K), 0.0005030 secs] [Times: user=0.00 sys=0.00, real=0.00 secs] 
83.934: Total time for which application threads were stopped: 0.0006230 seconds, Stopping threads took: 0.0000680 seconds
83.970: Application time: 0.0351930 seconds
83.970: [GC83.970: [ParNew: 15446K->1034K(16640K), 0.0005360 secs] 38472K->24060K(55552K), 0.0005660 secs] [Times: user=0.00 sys=0.00, real=0.00 secs] 
83.970: Total time for which application threads were stopped: 0.0006850 seconds, Stopping threads took: 0.0000640 seconds
84.003: Application time: 0.0325880 seconds
84.003: [GC84.003: [ParNew: 15440K->1548K(16640K), 0.0008860 secs] 38466K->25086K(55552K), 0.0009180 secs] [Times: user=0.01 sys=0.00, real=0.00 secs] 
84.004: Total time for which application threads were stopped: 0.0010450 seconds, Stopping threads took: 0.0000690 seconds
84.039: Application time: 0.0348220 seconds
84.039: [GC84.039: [ParNew: 15962K->1034K(16640K), 0.0005400 secs] 39500K->24572K(55552K), 0.0005700 secs] [Times: user=0.01 sys=0.00, real=0.00 secs] 
84.039: Total time for which application threads were stopped: 0.0006970 seconds, Stopping threads took: 0.0000640 seconds
84.074: Application time: 0.0341730 seconds
84.074: [GC84.074: [ParNew: 15440K->1546K(16640K), 0.0007840 secs] 38978K->25596K(55552K), 0.0008190 secs] [Times: user=0.01 sys=0.00, real=0.00 secs] 
84.074: Total time for which application threads were stopped: 0.0009430 seconds, Stopping threads took: 0.0000640 seconds
84.109: Application time: 0.0345900 seconds
84.109: [GC84.109: [ParNew: 15958K->1548K(16640K), 0.0006990 secs] 40008K->25598K(55552K), 0.0007310 secs] [Times: user=0.01 sys=0.00, real=0.00 secs] 
84.110: Total time for which application threads were stopped: 0.0008500 seconds, Stopping threads took: 0.0000610 seconds
84.143: Application time: 0.0333670 seconds
84.143: [GC84.144: [ParNew: 15958K->1546K(16640K), 0.0006180 secs] 40008K->25596K(55552K), 0.0006490 secs] [Times: user=0.00 sys=0.00, real=0.00 secs] 
84.144: Total time for which application threads were stopped: 0.0008530 seconds, Stopping threads took: 0.0001470 seconds
84.179: Application time: 0.0343430 seconds
84.179: [GC84.179: [ParNew: 15952K->1548K(16640K), 0.0010360 secs] 40002K->26622K(55552K), 0.0010730 secs] [Times: user=0.00 sys=0.00, real=0.00 secs] 
84.180: Total time for which application threads were stopped: 0.0012240 seconds, Stopping threads took: 0.0000880 seconds
84.215: Application time: 0.0357010 seconds
84.216: [GC84.216: [ParNew: 16040K->1578K(16640K), 0.0006550 secs] 41115K->26652K(55552K), 0.0006950 secs] [Times: user=0.00 sys=0.00, real=0.00 secs] 
84.216: Total time for which application threads were stopped: 0.0008170 seconds, Stopping threads took: 0.0000670 seconds
84.251: Application time: 0.0344600 seconds
84.251: [GC84.251: [ParNew: 15986K->1548K(16640K), 0.0008550 secs] 41060K->27163K(55552K), 0.0008870 secs] [Times: user=0.00 sys=0.00, real=0.00 secs] 
84.252: Total time for which application threads were stopped: 0.0010250 seconds, Stopping threads took: 0.0000770 seconds
84.285: Application time: 0.0336500 seconds
84.285: [GC84.286: [ParNew: 16114K->1606K(16640K), 0.0008160 secs] 41729K->27733K(55552K), 0.0008500 secs] [Times: user=0.01 sys=0.00, real=0.00 secs] 
84.286: Total time for which application threads were stopped: 0.0009760 seconds, Stopping threads took: 0.0000640 seconds
84.323: Application time: 0.0365240 seconds
84.323: [GC84.323: [ParNew: 16020K->1036K(16640K), 0.0005310 secs] 42147K->27220K(55552K), 0.0005620 secs] [Times: user=0.01 sys=0.00, real=0.00 secs] 
84.324: Total time for which application threads were stopped: 0.0006820 seconds, Stopping threads took: 0.0000660 seconds
84.355: Application time: 0.0317660 seconds
84.355: [GC84.355: [ParNew: 15437K->1550K(16640K), 0.0012880 secs] 41622K->29270K(55552K), 0.0013230 secs] [Times: user=0.01 sys=0.00, real=0.00 secs] 
84.357: Total time for which application threads were stopped: 0.0014610 seconds, Stopping threads took: 0.0000740 seconds
84.393: Application time: 0.0358790 seconds
84.393: [GC84.393: [ParNew: 16126K->1606K(16640K), 0.0006500 secs] 43847K->29326K(55552K), 0.0006830 secs] [Times: user=0.01 sys=0.00, real=0.00 secs] 
84.394: Total time for which application threads were stopped: 0.0008160 seconds, Stopping threads took: 0.0000760 seconds
84.430: Application time: 0.0362390 seconds
84.430: [GC84.430: [ParNew: 16176K->1094K(16640K), 0.0005070 secs] 43897K->28871K(55552K), 0.0005370 secs] [Times: user=0.01 sys=0.00, real=0.00 secs] 
84.430: Total time for which application threads were stopped: 0.0006460 seconds, Stopping threads took: 0.0000580 seconds
84.463: Application time: 0.0323900 seconds
84.463: [GC84.463: [ParNew: 15576K->1578K(16640K), 0.0010350 secs] 43353K->30436K(55552K), 0.0010740 secs] [Times: user=0.01 sys=0.00, real=0.00 secs] 
84.464: Total time for which application threads were stopped: 0.0012030 seconds, Stopping threads took: 0.0000730 seconds
84.502: Application time: 0.0377490 seconds
84.502: [GC84.502: [ParNew: 15992K->1548K(16640K), 0.0007190 secs] 44850K->30435K(55552K), 0.0007500 secs] [Times: user=0.00 sys=0.00, real=0.00 secs] 
84.503: Total time for which application threads were stopped: 0.0008890 seconds, Stopping threads took: 0.0000800 seconds
84.534: Application time: 0.0309850 seconds
84.534: [GC84.534: [ParNew: 15950K->1552K(16640K), 0.0013580 secs] 44837K->32487K(55552K), 0.0013950 secs] [Times: user=0.01 sys=0.00, real=0.00 secs] 
84.535: Total time for which application threads were stopped: 0.0015340 seconds, Stopping threads took: 0.0000730 seconds
84.573: Application time: 0.0374570 seconds
84.573: [GC84.573: [ParNew: 15970K->1544K(16640K), 0.0006570 secs] 46905K->32479K(55552K), 0.0006880 secs] [Times: user=0.01 sys=0.00, real=0.00 secs] 
84.573: Total time for which application threads were stopped: 0.0008150 seconds, Stopping threads took: 0.0000610 seconds
84.609: Application time: 0.0353220 seconds
84.609: [GC84.609: [ParNew: 15952K->1546K(16640K), 0.0009010 secs] 46887K->32993K(55552K), 0.0009320 secs] [Times: user=0.01 sys=0.00, real=0.00 secs] 
84.610: Total time for which application threads were stopped: 0.0010840 seconds, Stopping threads took: 0.0000910 seconds
84.645: Application time: 0.0349720 seconds
84.645: [GC84.645: [ParNew: 15960K->1034K(16640K), 0.0005370 secs] 47407K->32481K(55552K), 0.0005700 secs] [Times: user=0.00 sys=0.00, real=0.00 secs] 
84.646: Total time for which application threads were stopped: 0.0007050 seconds, Stopping threads took: 0.0000700 seconds
84.678: Application time: 0.0328450 seconds
84.678: [GC84.679: [ParNew: 15437K->1550K(16640K), 0.0010570 secs] 46885K->34021K(55552K), 0.0010890 secs] [Times: user=0.01 sys=0.00, real=0.00 secs] 
84.680: Total time for which application threads were stopped: 0.0012190 seconds, Stopping threads took: 0.0000690 seconds
84.717: Application time: 0.0372230 seconds
84.717: [GC84.717: [ParNew: 15966K->1032K(16640K), 0.0005580 secs] 48437K->33503K(55552K), 0.0005870 secs] [Times: user=0.01 sys=0.00, real=0.00 secs] 
84.718: Total time for which application threads were stopped: 0.0006950 seconds, Stopping threads took: 0.0000550 seconds
84.751: Application time: 0.0334580 seconds
84.751: [GC84.751: [ParNew: 15435K->1550K(16640K), 0.0010500 secs] 47907K->35045K(55552K), 0.0010820 secs] [Times: user=0.01 sys=0.00, real=0.00 secs] 
84.752: Total time for which application threads were stopped: 0.0012110 seconds, Stopping threads took: 0.0000660 seconds
84.789: Application time: 0.0370000 seconds
84.789: [GC84.789: [ParNew: 15966K->1034K(16640K), 0.0005560 secs] 49461K->34529K(55552K), 0.0005860 secs] [Times: user=0.01 sys=0.00, real=0.00 secs] 
84.790: Total time for which application threads were stopped: 0.0007180 seconds, Stopping threads took: 0.0000780 seconds
84.825: Application time: 0.0348210 seconds
84.825: [GC84.825: [ParNew: 15440K->1546K(16640K), 0.0008240 secs] 48935K->35553K(55552K), 0.0008590 secs] [Times: user=0.01 sys=0.00, real=0.00 secs] 
84.826: Total time for which application threads were stopped: 0.0009880 seconds, Stopping threads took: 0.0000670 seconds
84.860: Application time: 0.0347300 seconds
84.861: [GC84.861: [ParNew: 16032K->1578K(16640K), 0.0009890 secs] 50039K->36609K(55552K), 0.0010260 secs] [Times: user=0.01 sys=0.00, real=0.00 secs] 
84.862: Total time for which application threads were stopped: 0.0011880 seconds, Stopping threads took: 0.0000990 seconds
84.897: Application time: 0.0355050 seconds
84.897: [GC84.897: [ParNew: 15992K->1544K(16640K), 0.0007470 secs] 51023K->36603K(55552K), 0.0007780 secs] [Times: user=0.00 sys=0.00, real=0.00 secs] 
84.898: Total time for which application threads were stopped: 0.0009180 seconds, Stopping threads took: 0.0000810 seconds
84.931: Application time: 0.0325870 seconds
84.931: [GC84.931: [ParNew: 15950K->1550K(16640K), 0.0009910 secs] 51009K->37633K(55552K), 0.0010250 secs] [Times: user=0.01 sys=0.00, real=0.00 secs] 
84.932: Total time for which application threads were stopped: 0.0011550 seconds, Stopping threads took: 0.0000690 seconds
84.932: Application time: 0.0000560 seconds
84.932: [GC [1 CMS-initial-mark: 36083K(38912K)] 38145K(55552K), 0.0000860 secs] [Times: user=0.00 sys=0.00, real=0.00 secs] 
84.932: Total time for which application threads were stopped: 0.0002720 seconds, Stopping threads took: 0.0001700 seconds
84.932: [CMS-concurrent-mark-start]
84.935: [CMS-concurrent-mark: 0.003/0.003 secs] [Times: user=0.01 sys=0.00, real=0.00 secs] 
84.936: [CMS-concurrent-preclean-start]
84.936: [CMS-concurrent-preclean: 0.000/0.000 secs] [Times: user=0.00 sys=0.00, real=0.00 secs] 
84.936: Application time: 0.0034920 seconds
84.937: [GC[YG occupancy: 2588 K (16640 K)]84.937: [Rescan (parallel) , 0.0001400 secs]84.937: [weak refs processing, 0.0000060 secs]84.937: [scrub string table, 0.0000920 secs] [1 CMS-remark: 36083K(38912K)] 38672K(55552K), 0.0002630 secs] [Times: user=0.00 sys=0.00, real=0.00 secs] 
84.937: Total time for which application threads were stopped: 0.0012190 seconds, Stopping threads took: 0.0009320 seconds
84.937: [CMS-concurrent-sweep-start]
84.937: [CMS-concurrent-sweep: 0.000/0.000 secs] [Times: user=0.00 sys=0.00, real=0.00 secs] 
84.937: [CMS-concurrent-reset-start]
84.937: [CMS-concurrent-reset: 0.000/0.000 secs] [Times: user=0.00 sys=0.00, real=0.00 secs] 
84.971: Application time: 0.0345870 seconds
84.972: [GC84.972: [ParNew: 16120K->1606K(16640K), 0.0008420 secs] 22592K->8590K(55552K), 0.0008830 secs] [Times: user=0.00 sys=0.00, real=0.00 secs] 
84.973: Total time for which application threads were stopped: 0.0010930 seconds, Stopping threads took: 0.0001410 seconds
85.008: Application time: 0.0353890 seconds
85.008: [GC85.008: [ParNew: 16020K->1032K(16640K), 0.0005170 secs] 23004K->8073K(55552K), 0.0005490 secs] [Times: user=0.00 sys=0.00, real=0.01 secs] 
85.009: Total time for which application threads were stopped: 0.0007310 seconds, Stopping threads took: 0.0001280 seconds
85.042: Application time: 0.0333350 seconds
85.042: [GC85.042: [ParNew: 15514K->1578K(16640K), 0.0009780 secs] 22555K->9643K(55552K), 0.0010160 secs] [Times: user=0.00 sys=0.00, real=0.00 secs] 
85.043: Total time for which application threads were stopped: 0.0011530 seconds, Stopping threads took: 0.0000740 seconds
85.079: Application time: 0.0357670 seconds
85.079: [GC85.079: [ParNew: 16151K->1094K(16640K), 0.0005050 secs] 24216K->9187K(55552K), 0.0005360 secs] [Times: user=0.00 sys=0.00, real=0.00 secs] 
85.080: Total time for which application threads were stopped: 0.0006630 seconds, Stopping threads took: 0.0000640 seconds
85.112: Application time: 0.0325550 seconds
85.112: [GC85.112: [ParNew: 15652K->1608K(16640K), 0.0010370 secs] 23746K->10783K(55552K), 0.0010730 secs] [Times: user=0.01 sys=0.00, real=0.00 secs] 
85.113: Total time for which application threads were stopped: 0.0012760 seconds, Stopping threads took: 0.0001400 seconds
85.149: Application time: 0.0352960 seconds
85.149: [GC85.149: [ParNew: 16022K->1546K(16640K), 0.0007010 secs] 25197K->10777K(55552K), 0.0007330 secs] [Times: user=0.01 sys=0.00, real=0.00 secs] 
85.150: Total time for which application threads were stopped: 0.0008930 seconds, Stopping threads took: 0.0000960 seconds
85.185: Application time: 0.0351310 seconds
85.185: [GC85.185: [ParNew: 15960K->1036K(16640K), 0.0005750 secs] 25192K->10267K(55552K), 0.0006070 secs] [Times: user=0.00 sys=0.00, real=0.00 secs] 
85.186: Total time for which application threads were stopped: 0.0008220 seconds, Stopping threads took: 0.0001590 seconds
85.219: Application time: 0.0334920 seconds
85.219: [GC85.219: [ParNew: 15437K->1552K(16640K), 0.0012380 secs] 24669K->12320K(55552K), 0.0012760 secs] [Times: user=0.01 sys=0.00, real=0.00 secs] 
85.220: Total time for which application threads were stopped: 0.0014110 seconds, Stopping threads took: 0.0000700 seconds
85.257: Application time: 0.0365930 seconds
85.257: [GC85.257: [ParNew: 15970K->1032K(16640K), 0.0004480 secs] 26738K->11799K(55552K), 0.0004770 secs] [Times: user=0.01 sys=0.00, real=0.00 secs] 
85.258: Total time for which application threads were stopped: 0.0006050 seconds, Stopping threads took: 0.0000730 seconds
85.290: Application time: 0.0322950 seconds
85.290: [GC85.290: [ParNew: 15433K->1548K(16640K), 0.0012040 secs] 26201K->13852K(55552K), 0.0012390 secs] [Times: user=0.01 sys=0.00, real=0.00 secs] 
85.291: Total time for which application threads were stopped: 0.0013800 seconds, Stopping threads took: 0.0000780 seconds
85.329: Application time: 0.0374830 seconds
85.329: [GC85.329: [ParNew: 15966K->1034K(16640K), 0.0005590 secs] 28270K->13338K(55552K), 0.0005880 secs] [Times: user=0.00 sys=0.00, real=0.00 secs] 
85.330: Total time for which application threads were stopped: 0.0007260 seconds, Stopping threads took: 0.0000840 seconds
85.362: Application time: 0.0326180 seconds
85.362: [GC85.362: [ParNew: 15435K->1548K(16640K), 0.0011830 secs] 27739K->15388K(55552K), 0.0012210 secs] [Times: user=0.01 sys=0.00, real=0.00 secs] 
85.364: Total time for which application threads were stopped: 0.0013560 seconds, Stopping threads took: 0.0000720 seconds
85.400: Application time: 0.0364080 seconds
85.400: [GC85.400: [ParNew: 15966K->1028K(16640K), 0.0005200 secs] 29806K->14868K(55552K), 0.0005490 secs] [Times: user=0.00 sys=0.00, real=0.01 secs] 
85.401: Total time for which application threads were stopped: 0.0006750 seconds, Stopping threads took: 0.0000690 seconds
85.435: Application time: 0.0346300 seconds
85.436: [GC85.436: [ParNew: 15431K->1550K(16640K), 0.0010440 secs] 29271K->16414K(55552K), 0.0010870 secs] [Times: user=0.01 sys=0.00, real=0.00 secs] 
85.437: Total time for which application threads were stopped: 0.0013430 seconds, Stopping threads took: 0.0001930 seconds
85.473: Application time: 0.0368200 seconds
85.474: [GC85.474: [ParNew: 15966K->1032K(16640K), 0.0005060 secs] 30830K->15896K(55552K), 0.0005370 secs] [Times: user=0.00 sys=0.00, real=0.00 secs] 
85.474: Total time for which application threads were stopped: 0.0006620 seconds, Stopping threads took: 0.0000690 seconds
85.507: Application time: 0.0328440 seconds
85.507: [GC85.507: [ParNew: 15433K->1552K(16640K), 0.0012190 secs] 30297K->17952K(55552K), 0.0012560 secs] [Times: user=0.01 sys=0.01, real=0.00 secs] 
85.508: Total time for which application threads were stopped: 0.0013900 seconds, Stopping threads took: 0.0000700 seconds
85.546: Application time: 0.0371890 seconds
85.546: [GC85.546: [ParNew: 16050K->1066K(16640K), 0.0004920 secs] 32450K->17466K(55552K), 0.0014840 secs] [Times: user=0.00 sys=0.00, real=0.00 secs] 
85.547: Total time for which application threads were stopped: 0.0016000 seconds, Stopping threads took: 0.0000590 seconds
85.579: Application time: 0.0319360 seconds
85.579: [GC85.579: [ParNew: 15470K->1550K(16640K), 0.0010110 secs] 31870K->19002K(55552K), 0.0010470 secs] [Times: user=0.01 sys=0.00, real=0.00 secs] 
85.580: Total time for which application threads were stopped: 0.0011740 seconds, Stopping threads took: 0.0000620 seconds
85.618: Application time: 0.0382260 seconds
85.619: [GC85.619: [ParNew: 16126K->582K(16640K), 0.0003720 secs] 33579K->18034K(55552K), 0.0004020 secs] [Times: user=0.00 sys=0.00, real=0.00 secs] 
85.619: Total time for which application threads were stopped: 0.0005320 seconds, Stopping threads took: 0.0000740 seconds
85.652: Application time: 0.0326850 seconds
85.652: [GC85.652: [ParNew: 14986K->1606K(16640K), 0.0008660 secs] 32438K->19570K(55552K), 0.0008990 secs] [Times: user=0.01 sys=0.00, real=0.00 secs] 
85.653: Total time for which application threads were stopped: 0.0010460 seconds, Stopping threads took: 0.0000880 seconds
85.687: Application time: 0.0337970 seconds
85.687: [GC85.687: [ParNew: 16094K->1576K(16640K), 0.0008560 secs] 34059K->20109K(55552K), 0.0008910 secs] [Times: user=0.01 sys=0.00, real=0.00 secs] 
85.688: Total time for which application threads were stopped: 0.0010150 seconds, Stopping threads took: 0.0000630 seconds
85.723: Application time: 0.0350770 seconds
85.723: [GC85.723: [ParNew: 16144K->1604K(16640K), 0.0007470 secs] 34678K->20166K(55552K), 0.0007770 secs] [Times: user=0.01 sys=0.00, real=0.00 secs] 
85.724: Total time for which application threads were stopped: 0.0009240 seconds, Stopping threads took: 0.0000890 seconds
85.757: Application time: 0.0335580 seconds
85.757: [GC85.757: [ParNew: 16166K->1608K(16640K), 0.0011370 secs] 34728K->21251K(55552K), 0.0011730 secs] [Times: user=0.00 sys=0.00, real=0.00 secs] 
85.758: Total time for which application threads were stopped: 0.0013060 seconds, Stopping threads took: 0.0000710 seconds
85.796: Application time: 0.0373130 seconds
85.796: [GC85.796: [ParNew: 16024K->522K(16640K), 0.0004360 secs] 35667K->20222K(55552K), 0.0004660 secs] [Times: user=0.00 sys=0.00, real=0.00 secs] 
85.796: Total time for which application threads were stopped: 0.0006440 seconds, Stopping threads took: 0.0001250 seconds
85.830: Application time: 0.0333160 seconds
85.830: [GC85.830: [ParNew: 14927K->1548K(16640K), 0.0007850 secs] 34628K->21760K(55552K), 0.0008190 secs] [Times: user=0.01 sys=0.00, real=0.00 secs] 
85.831: Total time for which application threads were stopped: 0.0009540 seconds, Stopping threads took: 0.0000730 seconds
85.866: Application time: 0.0352690 seconds
85.866: [GC85.866: [ParNew: 15962K->1034K(16640K), 0.0004870 secs] 36174K->21246K(55552K), 0.0005160 secs] [Times: user=0.00 sys=0.00, real=0.00 secs] 
85.867: Total time for which application threads were stopped: 0.0006170 seconds, Stopping threads took: 0.0000540 seconds
85.900: Application time: 0.0337270 seconds
85.900: [GC85.900: [ParNew: 15442K->1548K(16640K), 0.0006460 secs] 35654K->21760K(55552K), 0.0006870 secs] [Times: user=0.01 sys=0.00, real=0.01 secs] 
85.901: Total time for which application threads were stopped: 0.0008120 seconds, Stopping threads took: 0.0000670 seconds
85.936: Application time: 0.0347120 seconds
85.936: [GC85.936: [ParNew: 15954K->1550K(16640K), 0.0010230 secs] 36166K->22786K(55552K), 0.0010550 secs] [Times: user=0.00 sys=0.00, real=0.00 secs] 
85.937: Total time for which application threads were stopped: 0.0011870 seconds, Stopping threads took: 0.0000730 seconds
85.974: Application time: 0.0367140 seconds
85.974: [GC85.974: [ParNew: 15966K->1032K(16640K), 0.0004870 secs] 37202K->22268K(55552K), 0.0005180 secs] [Times: user=0.00 sys=0.00, real=0.00 secs] 
85.974: Total time for which application threads were stopped: 0.0006530 seconds, Stopping threads took: 0.0000810 seconds
86.007: Application time: 0.0325330 seconds
86.007: [GC86.007: [ParNew: 15435K->1548K(16640K), 0.0010230 secs] 36672K->23808K(55552K), 0.0010590 secs] [Times: user=0.01 sys=0.00, real=0.00 secs] 
86.008: Total time for which application threads were stopped: 0.0011890 seconds, Stopping threads took: 0.0000670 seconds
86.044: Application time: 0.0362370 seconds
86.044: [GC86.044: [ParNew: 15964K->1034K(16640K), 0.0005090 secs] 38224K->23294K(55552K), 0.0005420 secs] [Times: user=0.00 sys=0.00, real=0.00 secs] 
86.045: Total time for which application threads were stopped: 0.0006600 seconds, Stopping threads took: 0.0000630 seconds
86.077: Application time: 0.0323720 seconds
86.078: [GC86.078: [ParNew: 15437K->1548K(16640K), 0.0009770 secs] 37698K->24832K(55552K), 0.0010170 secs] [Times: user=0.01 sys=0.00, real=0.00 secs] 
86.079: Total time for which application threads were stopped: 0.0011700 seconds, Stopping threads took: 0.0000890 seconds
86.115: Application time: 0.0362350 seconds
86.115: [GC86.115: [ParNew: 15962K->1544K(16640K), 0.0007240 secs] 39246K->24828K(55552K), 0.0007610 secs] [Times: user=0.01 sys=0.00, real=0.00 secs] 
86.116: Total time for which application threads were stopped: 0.0008860 seconds, Stopping threads took: 0.0000660 seconds
86.150: Application time: 0.0347990 seconds
86.151: [GC86.151: [ParNew: 15954K->1546K(16640K), 0.0007120 secs] 39238K->24830K(55552K), 0.0007460 secs] [Times: user=0.01 sys=0.00, real=0.00 secs] 
86.151: Total time for which application threads were stopped: 0.0009660 seconds, Stopping threads took: 0.0001490 seconds
86.185: Application time: 0.0337110 seconds
86.185: [GC86.185: [ParNew: 16030K->1578K(16640K), 0.0009730 secs] 39314K->25886K(55552K), 0.0010080 secs] [Times: user=0.01 sys=0.00, real=0.00 secs] 
86.186: Total time for which application threads were stopped: 0.0011590 seconds, Stopping threads took: 0.0000870 seconds
86.221: Application time: 0.0349320 seconds
86.221: [GC86.221: [ParNew: 15992K->1548K(16640K), 0.0006420 secs] 40300K->25885K(55552K), 0.0006740 secs] [Times: user=0.00 sys=0.00, real=0.00 secs] 
86.222: Total time for which application threads were stopped: 0.0007910 seconds, Stopping threads took: 0.0000600 seconds
86.255: Application time: 0.0334490 seconds
86.256: [GC86.256: [ParNew: 15954K->1548K(16640K), 0.0009820 secs] 40291K->26909K(55552K), 0.0010180 secs] [Times: user=0.01 sys=0.00, real=0.00 secs] 
86.257: Total time for which application threads were stopped: 0.0011510 seconds, Stopping threads took: 0.0000690 seconds
86.291: Application time: 0.0345780 seconds
86.291: [GC86.291: [ParNew: 16120K->1606K(16640K), 0.0006290 secs] 41481K->26967K(55552K), 0.0006600 secs] [Times: user=0.01 sys=0.00, real=0.00 secs] 
86.292: Total time for which application threads were stopped: 0.0007770 seconds, Stopping threads took: 0.0000580 seconds
86.326: Application time: 0.0342850 seconds
86.326: [GC86.326: [ParNew: 16090K->1578K(16640K), 0.0009040 secs] 41451K->27508K(55552K), 0.0009370 secs] [Times: user=0.01 sys=0.00, real=0.00 secs] 
86.327: Total time for which application threads were stopped: 0.0011490 seconds, Stopping threads took: 0.0001500 seconds
86.363: Application time: 0.0360140 seconds
86.364: [GC86.364: [ParNew: 16148K->1608K(16640K), 0.0008800 secs] 42078K->28078K(55552K), 0.0009230 secs] [Times: user=0.00 sys=0.00, real=0.00 secs] 
86.365: Total time for which application threads were stopped: 0.0010480 seconds, Stopping threads took: 0.0000640 seconds
86.400: Application time: 0.0358450 seconds
86.401: [GC86.401: [ParNew: 16179K->1096K(16640K), 0.0005330 secs] 42649K->27623K(55552K), 0.0005640 secs] [Times: user=0.00 sys=0.00, real=0.00 secs] 
86.401: Total time for which application threads were stopped: 0.0007670 seconds, Stopping threads took: 0.0001420 seconds
86.432: Application time: 0.0313560 seconds
86.433: [GC86.433: [ParNew: 15502K->1548K(16640K), 0.0010550 secs] 42029K->29156K(55552K), 0.0010900 secs] [Times: user=0.00 sys=0.00, real=0.00 secs] 
86.434: Total time for which application threads were stopped: 0.0012230 seconds, Stopping threads took: 0.0000720 seconds
86.471: Application time: 0.0372400 seconds
86.471: [GC86.471: [ParNew: 15962K->1548K(16640K), 0.0006290 secs] 43570K->29156K(55552K), 0.0006590 secs] [Times: user=0.00 sys=0.00, real=0.00 secs] 
86.472: Total time for which application threads were stopped: 0.0007750 seconds, Stopping threads took: 0.0000630 seconds
86.509: Application time: 0.0373590 seconds
86.509: [GC86.509: [ParNew: 15964K->4K(16640K), 0.0002430 secs] 43572K->27612K(55552K), 0.0002700 secs] [Times: user=0.00 sys=0.00, real=0.00 secs] 
86.509: Total time for which application threads were stopped: 0.0003800 seconds, Stopping threads took: 0.0000620 seconds
86.541: Application time: 0.0313730 seconds
86.541: [GC86.541: [ParNew: 14405K->1546K(16640K), 0.0008140 secs] 42014K->29666K(55552K), 0.0008460 secs] [Times: user=0.01 sys=0.00, real=0.00 secs] 
86.542: Total time for which application threads were stopped: 0.0009670 seconds, Stopping threads took: 0.0000600 seconds
86.578: Application time: 0.0365290 seconds
86.579: [GC86.579: [ParNew: 15962K->524K(16640K), 0.0004110 secs] 44082K->28644K(55552K), 0.0004420 secs] [Times: user=0.00 sys=0.00, real=0.00 secs] 
86.579: Total time for which application threads were stopped: 0.0006360 seconds, Stopping threads took: 0.0001410 seconds
86.612: Application time: 0.0328670 seconds
86.612: [GC86.612: [ParNew: 14927K->1548K(16640K), 0.0008030 secs] 43048K->30180K(55552K), 0.0008390 secs] [Times: user=0.00 sys=0.00, real=0.00 secs] 
86.613: Total time for which application threads were stopped: 0.0009600 seconds, Stopping threads took: 0.0000610 seconds
86.647: Application time: 0.0344120 seconds
86.647: [GC86.647: [ParNew: 15954K->1552K(16640K), 0.0012420 secs] 44586K->31720K(55552K), 0.0012800 secs] [Times: user=0.01 sys=0.00, real=0.01 secs] 
86.649: Total time for which application threads were stopped: 0.0014170 seconds, Stopping threads took: 0.0000730 seconds
86.685: Application time: 0.0364250 seconds
86.685: [GC86.685: [ParNew: 15968K->1546K(16640K), 0.0006780 secs] 46137K->31714K(55552K), 0.0007120 secs] [Times: user=0.01 sys=0.00, real=0.00 secs] 
86.686: Total time for which application threads were stopped: 0.0008720 seconds, Stopping threads took: 0.0000910 seconds
86.720: Application time: 0.0339620 seconds
86.720: [GC86.720: [ParNew: 15954K->1548K(16640K), 0.0008330 secs] 46122K->32228K(55552K), 0.0008680 secs] [Times: user=0.01 sys=0.00, real=0.01 secs] 
86.721: Total time for which application threads were stopped: 0.0009860 seconds, Stopping threads took: 0.0000580 seconds
86.757: Application time: 0.0360940 seconds
86.757: [GC86.757: [ParNew: 15962K->1032K(16640K), 0.0005070 secs] 46643K->31712K(55552K), 0.0005390 secs] [Times: user=0.00 sys=0.00, real=0.00 secs] 
86.758: Total time for which application threads were stopped: 0.0006730 seconds, Stopping threads took: 0.0000800 seconds
86.790: Application time: 0.0325950 seconds
86.790: [GC86.790: [ParNew: 15438K->1548K(16640K), 0.0008290 secs] 46118K->32740K(55552K), 0.0008620 secs] [Times: user=0.01 sys=0.00, real=0.00 secs] 
86.791: Total time for which application threads were stopped: 0.0009840 seconds, Stopping threads took: 0.0000600 seconds
86.827: Application time: 0.0354430 seconds
86.827: [GC86.827: [ParNew: 15960K->1546K(16640K), 0.0006750 secs] 47152K->32738K(55552K), 0.0007150 secs] [Times: user=0.00 sys=0.00, real=0.00 secs] 
86.828: Total time for which application threads were stopped: 0.0008340 seconds, Stopping threads took: 0.0000620 seconds
86.862: Application time: 0.0341920 seconds
86.862: [GC86.862: [ParNew: 16036K->1066K(16640K), 0.0004950 secs] 47229K->32258K(55552K), 0.0005250 secs] [Times: user=0.00 sys=0.00, real=0.00 secs] 
86.862: Total time for which application threads were stopped: 0.0006970 seconds, Stopping threads took: 0.0001190 seconds
86.896: Application time: 0.0338260 seconds
86.896: [GC86.896: [ParNew: 15472K->1550K(16640K), 0.0008400 secs] 46664K->33283K(55552K), 0.0008740 secs] [Times: user=0.01 sys=0.00, real=0.00 secs] 
86.897: Total time for which application threads were stopped: 0.0010100 seconds, Stopping threads took: 0.0000750 seconds
86.934: Application time: 0.0362660 seconds
86.934: [GC86.934: [ParNew: 15966K->522K(16640K), 0.0003600 secs] 47699K->32255K(55552K), 0.0003890 secs] [Times: user=0.00 sys=0.00, real=0.00 secs] 
86.934: Total time for which application threads were stopped: 0.0005240 seconds, Stopping threads took: 0.0000820 seconds
86.968: Application time: 0.0335930 seconds
86.968: [GC86.968: [ParNew: 15158K->1636K(16640K), 0.0010290 secs] 46891K->34393K(55552K), 0.0010640 secs] [Times: user=0.00 sys=0.00, real=0.01 secs] 
86.969: Total time for which application threads were stopped: 0.0011880 seconds, Stopping threads took: 0.0000670 seconds
87.004: Application time: 0.0354830 seconds
87.004: [GC87.004: [ParNew: 16211K->1096K(16640K), 0.0005480 secs] 48968K->33939K(55552K), 0.0005800 secs] [Times: user=0.00 sys=0.00, real=0.00 secs] 
87.005: Total time for which application threads were stopped: 0.0006920 seconds, Stopping threads took: 0.0000570 seconds
87.039: Application time: 0.0342140 seconds
87.039: [GC87.039: [ParNew: 15658K->1608K(16640K), 0.0009300 secs] 48501K->35020K(55552K), 0.0009650 secs] [Times: user=0.01 sys=0.00, real=0.00 secs] 
87.040: Total time for which application threads were stopped: 0.0010920 seconds, Stopping threads took: 0.0000640 seconds
87.078: Application time: 0.0380120 seconds
87.078: [GC87.078: [ParNew: 16026K->10K(16640K), 0.0003450 secs] 49438K->33478K(55552K), 0.0003720 secs] [Times: user=0.00 sys=0.00, real=0.00 secs] 
87.079: Total time for which application threads were stopped: 0.0004710 seconds, Stopping threads took: 0.0000510 seconds
87.110: Application time: 0.0316760 seconds
87.111: [GC87.111: [ParNew: 14411K->1546K(16640K), 0.0009010 secs] 47880K->35527K(55552K), 0.0009360 secs] [Times: user=0.01 sys=0.00, real=0.00 secs] 
87.112: Total time for which application threads were stopped: 0.0010640 seconds, Stopping threads took: 0.0000670 seconds
87.147: Application time: 0.0356750 seconds
87.147: [GC87.147: [ParNew: 15960K->1034K(16640K), 0.0005050 secs] 49941K->35015K(55552K), 0.0005370 secs] [Times: user=0.01 sys=0.00, real=0.00 secs] 
87.148: Total time for which application threads were stopped: 0.0006580 seconds, Stopping threads took: 0.0000660 seconds
87.181: Application time: 0.0334420 seconds
87.181: [GC87.181: [ParNew: 15440K->1546K(16640K), 0.0008420 secs] 49420K->36039K(55552K), 0.0008760 secs] [Times: user=0.01 sys=0.00, real=0.00 secs] 
87.182: Total time for which application threads were stopped: 0.0010010 seconds, Stopping threads took: 0.0000630 seconds
87.217: Application time: 0.0342350 seconds
87.217: [GC87.217: [ParNew: 15956K->1548K(16640K), 0.0007860 secs] 50449K->36553K(55552K), 0.0008180 secs] [Times: user=0.01 sys=0.00, real=0.00 secs] 
87.218: Total time for which application threads were stopped: 0.0009380 seconds, Stopping threads took: 0.0000600 seconds
87.253: Application time: 0.0352870 seconds
87.253: [GC87.253: [ParNew: 15964K->520K(16640K), 0.0004200 secs] 50969K->35525K(55552K), 0.0004490 secs] [Times: user=0.01 sys=0.00, real=0.00 secs] 
87.253: Total time for which application threads were stopped: 0.0006830 seconds, Stopping threads took: 0.0001740 seconds
87.286: Application time: 0.0327230 seconds
87.286: [GC87.286: [ParNew: 14921K->1548K(16640K), 0.0010610 secs] 49926K->37577K(55552K), 0.0010980 secs] [Times: user=0.00 sys=0.00, real=0.00 secs] 
87.287: Total time for which application threads were stopped: 0.0012450 seconds, Stopping threads took: 0.0000840 seconds
87.288: Application time: 0.0000700 seconds
87.288: [GC [1 CMS-initial-mark: 36028K(38912K)] 38089K(55552K), 0.0000950 secs] [Times: user=0.00 sys=0.00, real=0.00 secs] 
87.288: Total time for which application threads were stopped: 0.0003040 seconds, Stopping threads took: 0.0001900 seconds
87.288: [CMS-concurrent-mark-start]
87.291: [CMS-concurrent-mark: 0.003/0.003 secs] [Times: user=0.00 sys=0.00, real=0.01 secs] 
87.291: [CMS-concurrent-preclean-start]
87.291: [CMS-concurrent-preclean: 0.000/0.000 secs] [Times: user=0.00 sys=0.00, real=0.00 secs] 
87.291: Application time: 0.0030760 seconds
87.291: [GC[YG occupancy: 2590 K (16640 K)]87.291: [Rescan (parallel) , 0.0001460 secs]87.291: [weak refs processing, 0.0000070 secs]87.291: [scrub string table, 0.0000920 secs] [1 CMS-remark: 36028K(38912K)] 38619K(55552K), 0.0002700 secs] [Times: user=0.00 sys=0.00, real=0.00 secs] 
87.291: Total time for which application threads were stopped: 0.0003340 seconds, Stopping threads took: 0.0000410 seconds
87.291: [CMS-concurrent-sweep-start]
87.292: [CMS-concurrent-sweep: 0.001/0.001 secs] [Times: user=0.00 sys=0.00, real=0.00 secs] 
87.292: [CMS-concurrent-reset-start]
87.292: [CMS-concurrent-reset: 0.000/0.000 secs] [Times: user=0.00 sys=0.00, real=0.00 secs] 
87.323: Application time: 0.0322490 seconds
87.324: [GC87.324: [ParNew: 15960K->1546K(16640K), 0.0008240 secs] 22434K->8532K(55552K), 0.0008550 secs] [Times: user=0.01 sys=0.00, real=0.00 secs] 
87.324: Total time for which application threads were stopped: 0.0009810 seconds, Stopping threads took: 0.0000650 seconds
87.359: Application time: 0.0349220 seconds
87.360: [GC87.360: [ParNew: 15958K->1034K(16640K), 0.0004930 secs] 22944K->8020K(55552K), 0.0005230 secs] [Times: user=0.00 sys=0.00, real=0.00 secs] 
87.360: Total time for which application threads were stopped: 0.0006700 seconds, Stopping threads took: 0.0000930 seconds
87.393: Application time: 0.0330490 seconds
87.393: [GC87.393: [ParNew: 15440K->1552K(16640K), 0.0009640 secs] 22426K->9562K(55552K), 0.0009980 secs] [Times: user=0.00 sys=0.00, real=0.00 secs] 
87.394: Total time for which application threads were stopped: 0.0011270 seconds, Stopping threads took: 0.0000680 seconds
87.429: Application time: 0.0351280 seconds
87.429: [GC87.429: [ParNew: 15964K->1548K(16640K), 0.0008040 secs] 23974K->10070K(55552K), 0.0008360 secs] [Times: user=0.00 sys=0.00, real=0.00 secs] 
87.430: Total time for which application threads were stopped: 0.0009520 seconds, Stopping threads took: 0.0000570 seconds
87.466: Application time: 0.0361590 seconds
87.467: [GC87.467: [ParNew: 15958K->1546K(16640K), 0.0007890 secs] 24480K->10580K(55552K), 0.0008230 secs] [Times: user=0.01 sys=0.00, real=0.00 secs] 
87.467: Total time for which application threads were stopped: 0.0009510 seconds, Stopping threads took: 0.0000690 seconds
87.502: Application time: 0.0349790 seconds
87.505: [GC87.505: [ParNew: 15956K->1550K(16640K), 0.0006440 secs] 24990K->10584K(55552K), 0.0006760 secs] [Times: user=0.01 sys=0.00, real=0.00 secs] 
87.505: Total time for which application threads were stopped: 0.0028770 seconds, Stopping threads took: 0.0021430 seconds
87.541: Application time: 0.0359050 seconds
87.541: [GC87.541: [ParNew: 16044K->1064K(16640K), 0.0005520 secs] 25079K->10098K(55552K), 0.0005830 secs] [Times: user=0.01 sys=0.00, real=0.00 secs] 
87.542: Total time for which application threads were stopped: 0.0007220 seconds, Stopping threads took: 0.0000830 seconds
87.575: Application time: 0.0327770 seconds
87.575: [GC87.575: [ParNew: 15470K->1548K(16640K), 0.0010020 secs] 24504K->11635K(55552K), 0.0010370 secs] [Times: user=0.01 sys=0.00, real=0.00 secs] 
87.576: Total time for which application threads were stopped: 0.0011860 seconds, Stopping threads took: 0.0000770 seconds
87.612: Application time: 0.0357760 seconds
87.612: [GC87.612: [ParNew: 16126K->582K(16640K), 0.0004300 secs] 26213K->10669K(55552K), 0.0004570 secs] [Times: user=0.01 sys=0.00, real=0.00 secs] 
87.612: Total time for which application threads were stopped: 0.0005690 seconds, Stopping threads took: 0.0000600 seconds
87.645: Application time: 0.0329030 seconds
87.645: [GC87.645: [ParNew: 15218K->1692K(16640K), 0.0010020 secs] 25305K->12803K(55552K), 0.0010390 secs] [Times: user=0.01 sys=0.00, real=0.00 secs] 
87.646: Total time for which application threads were stopped: 0.0011980 seconds, Stopping threads took: 0.0000960 seconds
87.684: Application time: 0.0371570 seconds
87.684: [GC87.684: [ParNew: 16271K->582K(16640K), 0.0005020 secs] 27382K->11835K(55552K), 0.0005310 secs] [Times: user=0.01 sys=0.00, real=0.00 secs] 
87.684: Total time for which application threads were stopped: 0.0006810 seconds, Stopping threads took: 0.0000950 seconds
87.717: Application time: 0.0332300 seconds
87.718: [GC87.718: [ParNew: 14986K->1608K(16640K), 0.0008490 secs] 26239K->13373K(55552K), 0.0008850 secs] [Times: user=0.01 sys=0.00, real=0.00 secs] 
87.718: Total time for which application threads were stopped: 0.0010330 seconds, Stopping threads took: 0.0000780 seconds
87.755: Application time: 0.0362490 seconds
87.755: [GC87.755: [ParNew: 16022K->1034K(16640K), 0.0005440 secs] 27788K->12856K(55552K), 0.0005740 secs] [Times: user=0.01 sys=0.00, real=0.00 secs] 
87.755: Total time for which application threads were stopped: 0.0006840 seconds, Stopping threads took: 0.0000530 seconds
87.789: Application time: 0.0339640 seconds
87.789: [GC87.789: [ParNew: 15440K->1548K(16640K), 0.0007960 secs] 27262K->13882K(55552K), 0.0008310 secs] [Times: user=0.01 sys=0.00, real=0.00 secs] 
87.790: Total time for which application threads were stopped: 0.0009580 seconds, Stopping threads took: 0.0000630 seconds
87.825: Application time: 0.0343080 seconds
87.825: [GC87.825: [ParNew: 15960K->1546K(16640K), 0.0007020 secs] 28294K->13880K(55552K), 0.0007340 secs] [Times: user=0.00 sys=0.00, real=0.00 secs] 
87.825: Total time for which application threads were stopped: 0.0008580 seconds, Stopping threads took: 0.0000670 seconds
87.860: Application time: 0.0346380 seconds
87.860: [GC87.860: [ParNew: 15956K->1548K(16640K), 0.0006620 secs] 28290K->13882K(55552K), 0.0006960 secs] [Times: user=0.00 sys=0.00, real=0.01 secs] 
87.861: Total time for which application threads were stopped: 0.0009390 seconds, Stopping threads took: 0.0001860 seconds
87.896: Application time: 0.0344850 seconds
87.896: [GC87.896: [ParNew: 15958K->1548K(16640K), 0.0006430 secs] 28292K->13882K(55552K), 0.0006760 secs] [Times: user=0.00 sys=0.00, real=0.00 secs] 
87.896: Total time for which application threads were stopped: 0.0008260 seconds, Stopping threads took: 0.0000920 seconds
87.930: Application time: 0.0339720 seconds
87.930: [GC87.930: [ParNew: 15958K->1548K(16640K), 0.0006690 secs] 28292K->13882K(55552K), 0.0007020 secs] [Times: user=0.01 sys=0.00, real=0.00 secs] 
87.931: Total time for which application threads were stopped: 0.0008380 seconds, Stopping threads took: 0.0000770 seconds
87.965: Application time: 0.0339330 seconds
87.965: [GC87.965: [ParNew: 15956K->1548K(16640K), 0.0008180 secs] 28290K->14394K(55552K), 0.0008500 secs] [Times: user=0.01 sys=0.00, real=0.00 secs] 
87.966: Total time for which application threads were stopped: 0.0009830 seconds, Stopping threads took: 0.0000710 seconds
88.000: Application time: 0.0343330 seconds
88.001: [GC88.001: [ParNew: 15958K->1544K(16640K), 0.0006800 secs] 28804K->14390K(55552K), 0.0007120 secs] [Times: user=0.01 sys=0.00, real=0.00 secs] 
88.001: Total time for which application threads were stopped: 0.0009300 seconds, Stopping threads took: 0.0001590 seconds
88.036: Application time: 0.0342430 seconds
88.036: [GC88.036: [ParNew: 15952K->1548K(16640K), 0.0009860 secs] 28798K->15418K(55552K), 0.0010330 secs] [Times: user=0.01 sys=0.00, real=0.00 secs] 
88.037: Total time for which application threads were stopped: 0.0011710 seconds, Stopping threads took: 0.0000750 seconds
88.073: Application time: 0.0363430 seconds
88.073: [GC88.073: [ParNew: 15964K->1034K(16640K), 0.0004990 secs] 29835K->14904K(55552K), 0.0005300 secs] [Times: user=0.00 sys=0.00, real=0.00 secs] 
88.074: Total time for which application threads were stopped: 0.0006390 seconds, Stopping threads took: 0.0000570 seconds
88.106: Application time: 0.0319810 seconds
88.106: [GC88.106: [ParNew: 15440K->1548K(16640K), 0.0008230 secs] 29310K->15930K(55552K), 0.0008560 secs] [Times: user=0.00 sys=0.00, real=0.00 secs] 
88.107: Total time for which application threads were stopped: 0.0009890 seconds, Stopping threads took: 0.0000720 seconds
88.145: Application time: 0.0381050 seconds
88.145: [GC88.145: [ParNew: 15964K->522K(16640K), 0.0004300 secs] 30347K->14904K(55552K), 0.0004600 secs] [Times: user=0.00 sys=0.00, real=0.00 secs] 
88.145: Total time for which application threads were stopped: 0.0005750 seconds, Stopping threads took: 0.0000630 seconds
88.177: Application time: 0.0313660 seconds
88.177: [GC88.177: [ParNew: 15004K->1576K(16640K), 0.0007810 secs] 29386K->16470K(55552K), 0.0008170 secs] [Times: user=0.01 sys=0.00, real=0.00 secs] 
88.178: Total time for which application threads were stopped: 0.0009650 seconds, Stopping threads took: 0.0000860 seconds
88.215: Application time: 0.0371330 seconds
88.215: [GC88.215: [ParNew: 15992K->522K(16640K), 0.0004220 secs] 30887K->15445K(55552K), 0.0004520 secs] [Times: user=0.01 sys=0.00, real=0.00 secs] 
88.215: Total time for which application threads were stopped: 0.0005650 seconds, Stopping threads took: 0.0000620 seconds
88.249: Application time: 0.0333940 seconds
88.249: [GC88.249: [ParNew: 15008K->1064K(16640K), 0.0005850 secs] 29931K->15987K(55552K), 0.0006150 secs] [Times: user=0.00 sys=0.00, real=0.00 secs] 
88.250: Total time for which application threads were stopped: 0.0008180 seconds, Stopping threads took: 0.0001400 seconds
88.284: Application time: 0.0339600 seconds
88.284: [GC88.284: [ParNew: 15628K->1606K(16640K), 0.0008270 secs] 30551K->17069K(55552K), 0.0008640 secs] [Times: user=0.00 sys=0.00, real=0.00 secs] 
88.285: Total time for which application threads were stopped: 0.0010090 seconds, Stopping threads took: 0.0000840 seconds
88.319: Application time: 0.0344730 seconds
88.319: [GC88.319: [ParNew: 16333K->1660K(16640K), 0.0007670 secs] 31797K->17181K(55552K), 0.0008000 secs] [Times: user=0.00 sys=0.00, real=0.00 secs] 
88.320: Total time for which application threads were stopped: 0.0009840 seconds, Stopping threads took: 0.0001280 seconds
88.355: Application time: 0.0350410 seconds
88.355: [GC88.355: [ParNew: 16072K->1548K(16640K), 0.0007380 secs] 31593K->17182K(55552K), 0.0007720 secs] [Times: user=0.01 sys=0.00, real=0.00 secs] 
88.356: Total time for which application threads were stopped: 0.0008990 seconds, Stopping threads took: 0.0000680 seconds
88.390: Application time: 0.0341510 seconds
88.390: [GC88.390: [ParNew: 15958K->1546K(16640K), 0.0006410 secs] 31593K->17180K(55552K), 0.0006730 secs] [Times: user=0.00 sys=0.00, real=0.00 secs] 
88.391: Total time for which application threads were stopped: 0.0008360 seconds, Stopping threads took: 0.0001040 seconds
88.425: Application time: 0.0342870 seconds
88.425: [GC88.425: [ParNew: 15954K->1548K(16640K), 0.0008810 secs] 31588K->17694K(55552K), 0.0009150 secs] [Times: user=0.00 sys=0.00, real=0.00 secs] 
88.426: Total time for which application threads were stopped: 0.0010330 seconds, Stopping threads took: 0.0000590 seconds
88.461: Application time: 0.0350240 seconds
88.462: [GC88.462: [ParNew: 15958K->1548K(16640K), 0.0008440 secs] 32105K->18206K(55552K), 0.0008780 secs] [Times: user=0.01 sys=0.00, real=0.00 secs] 
88.462: Total time for which application threads were stopped: 0.0010020 seconds, Stopping threads took: 0.0000620 seconds
88.498: Application time: 0.0358180 seconds
88.498: [GC88.498: [ParNew: 15962K->1036K(16640K), 0.0004940 secs] 32621K->17694K(55552K), 0.0005320 secs] [Times: user=0.00 sys=0.00, real=0.00 secs] 
88.499: Total time for which application threads were stopped: 0.0007480 seconds, Stopping threads took: 0.0001600 seconds
88.533: Application time: 0.0338150 seconds
88.533: [GC88.533: [ParNew: 15444K->1546K(16640K), 0.0006400 secs] 32102K->18204K(55552K), 0.0006760 secs] [Times: user=0.01 sys=0.00, real=0.00 secs] 
88.534: Total time for which application threads were stopped: 0.0008550 seconds, Stopping threads took: 0.0001190 seconds
88.568: Application time: 0.0341580 seconds
88.568: [GC88.568: [ParNew: 15954K->1546K(16640K), 0.0008540 secs] 32612K->18716K(55552K), 0.0008880 secs] [Times: user=0.01 sys=0.00, real=0.01 secs] 
88.569: Total time for which application threads were stopped: 0.0010310 seconds, Stopping threads took: 0.0000840 seconds
88.602: Application time: 0.0329570 seconds
88.602: [GC88.602: [ParNew: 15952K->1552K(16640K), 0.0012360 secs] 33122K->20259K(55552K), 0.0012730 secs] [Times: user=0.01 sys=0.00, real=0.00 secs] 
88.603: Total time for which application threads were stopped: 0.0014070 seconds, Stopping threads took: 0.0000700 seconds
88.641: Application time: 0.0377100 seconds
88.641: [GC88.641: [ParNew: 15968K->1036K(16640K), 0.0005010 secs] 34675K->19743K(55552K), 0.0005290 secs] [Times: user=0.00 sys=0.00, real=0.00 secs] 
88.642: Total time for which application threads were stopped: 0.0006940 seconds, Stopping threads took: 0.0001120 seconds
88.674: Application time: 0.0326830 seconds
88.674: [GC88.674: [ParNew: 15442K->1548K(16640K), 0.0010030 secs] 34148K->21279K(55552K), 0.0010360 secs] [Times: user=0.01 sys=0.00, real=0.00 secs] 
88.675: Total time for which application threads were stopped: 0.0011780 seconds, Stopping threads took: 0.0000810 seconds
88.711: Application time: 0.0355310 seconds
88.711: [GC88.711: [ParNew: 15964K->1034K(16640K), 0.0005410 secs] 35695K->20765K(55552K), 0.0005710 secs] [Times: user=0.01 sys=0.00, real=0.00 secs] 
88.712: Total time for which application threads were stopped: 0.0006940 seconds, Stopping threads took: 0.0000690 seconds
88.746: Application time: 0.0341190 seconds
88.746: [GC88.746: [ParNew: 15442K->1546K(16640K), 0.0006970 secs] 35173K->21277K(55552K), 0.0007300 secs] [Times: user=0.00 sys=0.00, real=0.00 secs] 
88.747: Total time for which application threads were stopped: 0.0008600 seconds, Stopping threads took: 0.0000710 seconds
88.783: Application time: 0.0358950 seconds
88.783: [GC88.783: [ParNew: 15958K->1034K(16640K), 0.0005430 secs] 35689K->20765K(55552K), 0.0005740 secs] [Times: user=0.00 sys=0.00, real=0.00 secs] 
88.783: Total time for which application threads were stopped: 0.0007060 seconds, Stopping threads took: 0.0000710 seconds
88.818: Application time: 0.0345630 seconds
88.818: [GC88.818: [ParNew: 15442K->1546K(16640K), 0.0006360 secs] 35173K->21277K(55552K), 0.0006680 secs] [Times: user=0.01 sys=0.00, real=0.00 secs] 
88.819: Total time for which application threads were stopped: 0.0007870 seconds, Stopping threads took: 0.0000600 seconds
88.852: Application time: 0.0337700 seconds
88.853: [GC88.853: [ParNew: 16032K->1578K(16640K), 0.0008190 secs] 35763K->21821K(55552K), 0.0008530 secs] [Times: user=0.00 sys=0.00, real=0.00 secs] 
88.853: Total time for which application threads were stopped: 0.0009930 seconds, Stopping threads took: 0.0000730 seconds
88.889: Application time: 0.0356850 seconds
88.889: [GC88.889: [ParNew: 16068K->1576K(16640K), 0.0006720 secs] 36311K->21847K(55552K), 0.0007030 secs] [Times: user=0.01 sys=0.00, real=0.00 secs] 
88.890: Total time for which application threads were stopped: 0.0008210 seconds, Stopping threads took: 0.0000590 seconds
88.925: Application time: 0.0345770 seconds
88.929: [GC88.929: [ParNew: 16064K->1576K(16640K), 0.0010180 secs] 36335K->22388K(55552K), 0.0010530 secs] [Times: user=0.01 sys=0.00, real=0.00 secs] 
88.930: Total time for which application threads were stopped: 0.0052500 seconds, Stopping threads took: 0.0041170 seconds
88.966: Application time: 0.0364990 seconds
88.966: [GC88.966: [ParNew: 16307K->1664K(16640K), 0.0007250 secs] 37119K->22504K(55552K), 0.0007690 secs] [Times: user=0.01 sys=0.00, real=0.00 secs] 
88.967: Total time for which application threads were stopped: 0.0008830 seconds, Stopping threads took: 0.0000560 seconds
89.000: Application time: 0.0333150 seconds
89.001: [GC89.001: [ParNew: 16150K->1572K(16640K), 0.0011310 secs] 36991K->23550K(55552K), 0.0011710 secs] [Times: user=0.01 sys=0.00, real=0.00 secs] 
89.002: Total time for which application threads were stopped: 0.0013070 seconds, Stopping threads took: 0.0000670 seconds
89.039: Application time: 0.0370770 seconds
89.039: [GC89.039: [ParNew: 15986K->1544K(16640K), 0.0006630 secs] 37964K->23551K(55552K), 0.0006930 secs] [Times: user=0.01 sys=0.00, real=0.00 secs] 
89.040: Total time for which application threads were stopped: 0.0008210 seconds, Stopping threads took: 0.0000700 seconds
89.072: Application time: 0.0325920 seconds
89.072: [GC89.072: [ParNew: 15950K->1550K(16640K), 0.0010000 secs] 37957K->24581K(55552K), 0.0010370 secs] [Times: user=0.00 sys=0.01, real=0.00 secs] 
89.073: Total time for which application threads were stopped: 0.0011820 seconds, Stopping threads took: 0.0000890 seconds
89.111: Application time: 0.0374770 seconds
89.111: [GC89.111: [ParNew: 15968K->522K(16640K), 0.0003680 secs] 38999K->23553K(55552K), 0.0003980 secs] [Times: user=0.00 sys=0.00, real=0.00 secs] 
89.111: Total time for which application threads were stopped: 0.0005050 seconds, Stopping threads took: 0.0000530 seconds
89.144: Application time: 0.0325020 seconds
89.144: [GC89.144: [ParNew: 14925K->1548K(16640K), 0.0008580 secs] 37957K->25091K(55552K), 0.0008900 secs] [Times: user=0.01 sys=0.00, real=0.00 secs] 
89.145: Total time for which application threads were stopped: 0.0010160 seconds, Stopping threads took: 0.0000680 seconds
89.180: Application time: 0.0353470 seconds
89.180: [GC89.180: [ParNew: 15958K->1548K(16640K), 0.0007940 secs] 39501K->25603K(55552K), 0.0008290 secs] [Times: user=0.00 sys=0.00, real=0.01 secs] 
89.181: Total time for which application threads were stopped: 0.0009620 seconds, Stopping threads took: 0.0000740 seconds
89.216: Application time: 0.0344010 seconds
89.216: [GC89.216: [ParNew: 15960K->1548K(16640K), 0.0006410 secs] 40015K->25603K(55552K), 0.0006750 secs] [Times: user=0.00 sys=0.00, real=0.00 secs] 
89.216: Total time for which application threads were stopped: 0.0007980 seconds, Stopping threads took: 0.0000670 seconds
89.250: Application time: 0.0334780 seconds
89.250: [GC89.250: [ParNew: 15956K->1550K(16640K), 0.0008290 secs] 40011K->26117K(55552K), 0.0008620 secs] [Times: user=0.00 sys=0.00, real=0.00 secs] 
89.251: Total time for which application threads were stopped: 0.0009800 seconds, Stopping threads took: 0.0000580 seconds
89.285: Application time: 0.0343390 seconds
89.285: [GC89.285: [ParNew: 15960K->1548K(16640K), 0.0008700 secs] 40527K->26627K(55552K), 0.0009050 secs] [Times: user=0.00 sys=0.00, real=0.00 secs] 
89.286: Total time for which application threads were stopped: 0.0010430 seconds, Stopping threads took: 0.0000700 seconds
89.323: Application time: 0.0363620 seconds
89.323: [GC89.323: [ParNew: 15962K->1034K(16640K), 0.0005480 secs] 41041K->26113K(55552K), 0.0005780 secs] [Times: user=0.01 sys=0.00, real=0.00 secs] 
89.323: Total time for which application threads were stopped: 0.0006880 seconds, Stopping threads took: 0.0000590 seconds
89.357: Application time: 0.0332730 seconds
89.357: [GC89.357: [ParNew: 15440K->1546K(16640K), 0.0009310 secs] 40519K->27137K(55552K), 0.0009670 secs] [Times: user=0.01 sys=0.00, real=0.00 secs] 
89.358: Total time for which application threads were stopped: 0.0011140 seconds, Stopping threads took: 0.0000850 seconds
89.392: Application time: 0.0344400 seconds
89.392: [GC89.392: [ParNew: 15958K->1544K(16640K), 0.0006560 secs] 41549K->27135K(55552K), 0.0006900 secs] [Times: user=0.01 sys=0.00, real=0.00 secs] 
89.393: Total time for which application threads were stopped: 0.0008160 seconds, Stopping threads took: 0.0000670 seconds
89.428: Application time: 0.0348350 seconds
89.428: [GC89.428: [ParNew: 15952K->1548K(16640K), 0.0008030 secs] 41543K->27651K(55552K), 0.0008450 secs] [Times: user=0.00 sys=0.00, real=0.01 secs] 
89.429: Total time for which application threads were stopped: 0.0009720 seconds, Stopping threads took: 0.0000680 seconds
89.464: Application time: 0.0352800 seconds
89.464: [GC89.464: [ParNew: 15958K->1546K(16640K), 0.0008390 secs] 42061K->28161K(55552K), 0.0008720 secs] [Times: user=0.00 sys=0.00, real=0.00 secs] 
89.465: Total time for which application threads were stopped: 0.0009900 seconds, Stopping threads took: 0.0000570 seconds
89.500: Application time: 0.0351390 seconds
89.500: [GC89.500: [ParNew: 15958K->1548K(16640K), 0.0006790 secs] 42573K->28163K(55552K), 0.0007110 secs] [Times: user=0.01 sys=0.00, real=0.01 secs] 
89.501: Total time for which application threads were stopped: 0.0008450 seconds, Stopping threads took: 0.0000750 seconds
89.534: Application time: 0.0333330 seconds
89.535: [GC89.535: [ParNew: 16112K->1608K(16640K), 0.0008180 secs] 42727K->28735K(55552K), 0.0008540 secs] [Times: user=0.01 sys=0.00, real=0.00 secs] 
89.536: Total time for which application threads were stopped: 0.0010730 seconds, Stopping threads took: 0.0001570 seconds
89.572: Application time: 0.0360660 seconds
89.572: [GC89.572: [ParNew: 16184K->1092K(16640K), 0.0006010 secs] 43312K->28276K(55552K), 0.0006330 secs] [Times: user=0.00 sys=0.00, real=0.00 secs] 
89.572: Total time for which application threads were stopped: 0.0007480 seconds, Stopping threads took: 0.0000660 seconds
89.605: Application time: 0.0329500 seconds
89.605: [GC89.605: [ParNew: 15656K->1606K(16640K), 0.0009450 secs] 42840K->29359K(55552K), 0.0009780 secs] [Times: user=0.00 sys=0.00, real=0.00 secs] 
89.606: Total time for which application threads were stopped: 0.0010950 seconds, Stopping threads took: 0.0000580 seconds
89.642: Application time: 0.0353240 seconds
89.642: [GC89.642: [ParNew: 16176K->1094K(16640K), 0.0006520 secs] 43930K->28904K(55552K), 0.0006830 secs] [Times: user=0.00 sys=0.00, real=0.00 secs] 
89.643: Total time for which application threads were stopped: 0.0008070 seconds, Stopping threads took: 0.0000680 seconds
89.676: Application time: 0.0333090 seconds
89.676: [GC89.676: [ParNew: 15502K->1546K(16640K), 0.0009630 secs] 43312K->29925K(55552K), 0.0009970 secs] [Times: user=0.00 sys=0.00, real=0.00 secs] 
89.677: Total time for which application threads were stopped: 0.0011220 seconds, Stopping threads took: 0.0000650 seconds
89.711: Application time: 0.0341270 seconds
89.711: [GC89.711: [ParNew: 15958K->1548K(16640K), 0.0007400 secs] 44337K->29927K(55552K), 0.0007690 secs] [Times: user=0.01 sys=0.00, real=0.00 secs] 
89.712: Total time for which application threads were stopped: 0.0008820 seconds, Stopping threads took: 0.0000570 seconds
89.747: Application time: 0.0351940 seconds
89.747: [GC89.747: [ParNew: 15958K->1544K(16640K), 0.0006180 secs] 44337K->29923K(55552K), 0.0006500 secs] [Times: user=0.01 sys=0.00, real=0.00 secs] 
89.748: Total time for which application threads were stopped: 0.0007810 seconds, Stopping threads took: 0.0000730 seconds
89.782: Application time: 0.0343400 seconds
89.782: [GC89.782: [ParNew: 15954K->1548K(16640K), 0.0006710 secs] 44333K->29927K(55552K), 0.0007050 secs] [Times: user=0.01 sys=0.00, real=0.00 secs] 
89.783: Total time for which application threads were stopped: 0.0008320 seconds, Stopping threads took: 0.0000670 seconds
89.818: Application time: 0.0348400 seconds
89.818: [GC89.818: [ParNew: 15958K->1546K(16640K), 0.0006540 secs] 44337K->29925K(55552K), 0.0006890 secs] [Times: user=0.01 sys=0.00, real=0.00 secs] 
89.819: Total time for which application threads were stopped: 0.0008260 seconds, Stopping threads took: 0.0000690 seconds
89.852: Application time: 0.0332990 seconds
89.852: [GC89.852: [ParNew: 15954K->1546K(16640K), 0.0009220 secs] 44333K->30437K(55552K), 0.0009600 secs] [Times: user=0.01 sys=0.00, real=0.00 secs] 
89.853: Total time for which application threads were stopped: 0.0011080 seconds, Stopping threads took: 0.0000880 seconds
89.888: Application time: 0.0344580 seconds
89.888: [GC89.888: [ParNew: 15958K->1546K(16640K), 0.0006590 secs] 44849K->30437K(55552K), 0.0006990 secs] [Times: user=0.00 sys=0.00, real=0.00 secs] 
89.889: Total time for which application threads were stopped: 0.0008560 seconds, Stopping threads took: 0.0001000 seconds
89.924: Application time: 0.0351390 seconds
89.924: [GC89.924: [ParNew: 15956K->1548K(16640K), 0.0006150 secs] 44847K->30439K(55552K), 0.0006490 secs] [Times: user=0.01 sys=0.00, real=0.00 secs] 
89.924: Total time for which application threads were stopped: 0.0007610 seconds, Stopping threads took: 0.0000610 seconds
89.958: Application time: 0.0336590 seconds
89.958: [GC89.958: [ParNew: 15956K->1546K(16640K), 0.0008750 secs] 44847K->30949K(55552K), 0.0009110 secs] [Times: user=0.00 sys=0.00, real=0.00 secs] 
89.959: Total time for which application threads were stopped: 0.0010380 seconds, Stopping threads took: 0.0000660 seconds
89.995: Application time: 0.0353920 seconds
89.995: [GC89.995: [ParNew: 15958K->1548K(16640K), 0.0006830 secs] 45361K->30951K(55552K), 0.0007160 secs] [Times: user=0.01 sys=0.00, real=0.00 secs] 
89.995: Total time for which application threads were stopped: 0.0008420 seconds, Stopping threads took: 0.0000680 seconds
90.028: Application time: 0.0322250 seconds
90.028: [GC90.028: [ParNew: 15952K->1548K(16640K), 0.0011750 secs] 45355K->32487K(55552K), 0.0012110 secs] [Times: user=0.01 sys=0.00, real=0.01 secs] 
90.029: Total time for which application threads were stopped: 0.0014640 seconds, Stopping threads took: 0.0001910 seconds
90.066: Application time: 0.0368250 seconds
90.066: [GC90.066: [ParNew: 15964K->1546K(16640K), 0.0006820 secs] 46903K->32485K(55552K), 0.0007140 secs] [Times: user=0.00 sys=0.00, real=0.00 secs] 
90.067: Total time for which application threads were stopped: 0.0008280 seconds, Stopping threads took: 0.0000590 seconds
90.100: Application time: 0.0329450 seconds
90.100: [GC90.100: [ParNew: 15952K->1548K(16640K), 0.0010090 secs] 46891K->33511K(55552K), 0.0010450 secs] [Times: user=0.01 sys=0.00, real=0.01 secs] 
90.101: Total time for which application threads were stopped: 0.0011820 seconds, Stopping threads took: 0.0000760 seconds
90.136: Application time: 0.0349740 seconds
90.136: [GC90.136: [ParNew: 15960K->1548K(16640K), 0.0008660 secs] 47923K->34023K(55552K), 0.0009000 secs] [Times: user=0.01 sys=0.00, real=0.00 secs] 
90.137: Total time for which application threads were stopped: 0.0010320 seconds, Stopping threads took: 0.0000720 seconds
90.172: Application time: 0.0354860 seconds
90.172: [GC90.172: [ParNew: 16040K->1580K(16640K), 0.0006590 secs] 48516K->34055K(55552K), 0.0006920 secs] [Times: user=0.00 sys=0.01, real=0.00 secs] 
90.173: Total time for which application threads were stopped: 0.0008070 seconds, Stopping threads took: 0.0000600 seconds
90.206: Application time: 0.0330570 seconds
90.206: [GC90.206: [ParNew: 16142K->1606K(16640K), 0.0009150 secs] 48618K->34622K(55552K), 0.0009520 secs] [Times: user=0.01 sys=0.00, real=0.00 secs] 
90.207: Total time for which application threads were stopped: 0.0010970 seconds, Stopping threads took: 0.0000820 seconds
90.242: Application time: 0.0349300 seconds
90.242: [GC90.242: [ParNew: 16259K->1636K(16640K), 0.0007630 secs] 49275K->34709K(55552K), 0.0007960 secs] [Times: user=0.00 sys=0.00, real=0.00 secs] 
90.243: Total time for which application threads were stopped: 0.0010120 seconds, Stopping threads took: 0.0001590 seconds
90.278: Application time: 0.0343170 seconds
90.278: [GC90.278: [ParNew: 16122K->1578K(16640K), 0.0010560 secs] 49195K->35760K(55552K), 0.0010910 secs] [Times: user=0.01 sys=0.00, real=0.00 secs] 
90.279: Total time for which application threads were stopped: 0.0012320 seconds, Stopping threads took: 0.0000790 seconds
90.315: Application time: 0.0364330 seconds
90.315: [GC90.315: [ParNew: 16074K->1066K(16640K), 0.0004920 secs] 50257K->35277K(55552K), 0.0005250 secs] [Times: user=0.00 sys=0.00, real=0.00 secs] 
90.316: Total time for which application threads were stopped: 0.0007190 seconds, Stopping threads took: 0.0001290 seconds
90.350: Application time: 0.0336710 seconds
90.350: [GC90.350: [ParNew: 15470K->1546K(16640K), 0.0008290 secs] 49681K->36297K(55552K), 0.0008610 secs] [Times: user=0.01 sys=0.00, real=0.00 secs] 
90.351: Total time for which application threads were stopped: 0.0010130 seconds, Stopping threads took: 0.0000840 seconds
90.385: Application time: 0.0347670 seconds
90.386: [GC90.386: [ParNew: 15960K->1550K(16640K), 0.0006450 secs] 50712K->36301K(55552K), 0.0006780 secs] [Times: user=0.01 sys=0.00, real=0.00 secs] 
90.386: Total time for which application threads were stopped: 0.0008090 seconds, Stopping threads took: 0.0000720 seconds
90.420: Application time: 0.0341660 seconds
90.420: [GC90.421: [ParNew: 15956K->1548K(16640K), 0.0011130 secs] 50707K->37323K(55552K), 0.0011490 secs] [Times: user=0.01 sys=0.00, real=0.01 secs] 
90.422: Total time for which application threads were stopped: 0.0012700 seconds, Stopping threads took: 0.0000580 seconds
90.457: Application time: 0.0353070 seconds
90.461: [GC90.461: [ParNew: 15962K->1034K(16640K), 0.0007650 secs] 51738K->36809K(55552K), 0.0007970 secs] [Times: user=0.00 sys=0.00, real=0.00 secs] 
90.461: Total time for which application threads were stopped: 0.0045160 seconds, Stopping threads took: 0.0036540 seconds
90.497: Application time: 0.0359960 seconds
90.498: [GC90.498: [ParNew: 15442K->1546K(16640K), 0.0006330 secs] 51217K->37321K(55552K), 0.0006650 secs] [Times: user=0.01 sys=0.00, real=0.00 secs] 
90.498: Total time for which application threads were stopped: 0.0008180 seconds, Stopping threads took: 0.0000970 seconds
90.533: Application time: 0.0345080 seconds
90.533: [GC90.533: [ParNew: 15958K->1548K(16640K), 0.0006270 secs] 51734K->37323K(55552K), 0.0006610 secs] [Times: user=0.00 sys=0.00, real=0.00 secs] 
90.534: Total time for which application threads were stopped: 0.0007790 seconds, Stopping threads took: 0.0000600 seconds
90.567: Application time: 0.0331850 seconds
90.567: [GC90.567: [ParNew: 15954K->1548K(16640K), 0.0008820 secs] 51729K->37835K(55552K), 0.0009180 secs] [Times: user=0.00 sys=0.00, real=0.00 secs] 
90.568: Total time for which application threads were stopped: 0.0011080 seconds, Stopping threads took: 0.0001310 seconds
90.568: Application time: 0.0001080 seconds
90.569: [GC [1 CMS-initial-mark: 36287K(38912K)] 38350K(55552K), 0.0001070 secs] [Times: user=0.00 sys=0.00, real=0.00 secs] 
90.569: Total time for which application threads were stopped: 0.0006980 seconds, Stopping threads took: 0.0005710 seconds
90.569: [CMS-concurrent-mark-start]
90.572: [CMS-concurrent-mark: 0.003/0.003 secs] [Times: user=0.01 sys=0.00, real=0.00 secs] 
90.572: [CMS-concurrent-preclean-start]
90.572: [CMS-concurrent-preclean: 0.000/0.000 secs] [Times: user=0.00 sys=0.00, real=0.00 secs] 
90.572: Application time: 0.0033870 seconds
90.572: [GC[YG occupancy: 2584 K (16640 K)]90.572: [Rescan (parallel) , 0.0001080 secs]90.572: [weak refs processing, 0.0000060 secs]90.572: [scrub string table, 0.0000930 secs] [1 CMS-remark: 36287K(38912K)] 38872K(55552K), 0.0002320 secs] [Times: user=0.00 sys=0.00, real=0.00 secs] 
90.572: Total time for which application threads were stopped: 0.0003160 seconds, Stopping threads took: 0.0000610 seconds
90.572: [CMS-concurrent-sweep-start]
90.573: [CMS-concurrent-sweep: 0.001/0.001 secs] [Times: user=0.00 sys=0.00, real=0.00 secs] 
90.573: [CMS-concurrent-reset-start]
90.573: [CMS-concurrent-reset: 0.000/0.000 secs] [Times: user=0.00 sys=0.00, real=0.00 secs] 
90.608: Application time: 0.0351400 seconds
90.608: [GC90.608: [ParNew: 15962K->1032K(16640K), 0.0005780 secs] 21927K->6997K(55552K), 0.0006060 secs] [Times: user=0.00 sys=0.00, real=0.00 secs] 
90.608: Total time for which application threads were stopped: 0.0008030 seconds, Stopping threads took: 0.0001420 seconds
90.643: Application time: 0.0345090 seconds
90.643: [GC90.643: [ParNew: 15442K->1548K(16640K), 0.0006460 secs] 21407K->7513K(55552K), 0.0006890 secs] [Times: user=0.00 sys=0.00, real=0.00 secs] 
90.644: Total time for which application threads were stopped: 0.0008310 seconds, Stopping threads took: 0.0000780 seconds
90.677: Application time: 0.0328780 seconds
90.677: [GC90.677: [ParNew: 15956K->1544K(16640K), 0.0007860 secs] 21921K->8021K(55552K), 0.0008200 secs] [Times: user=0.01 sys=0.00, real=0.00 secs] 
90.678: Total time for which application threads were stopped: 0.0009480 seconds, Stopping threads took: 0.0000720 seconds
90.714: Application time: 0.0365020 seconds
90.714: [GC90.714: [ParNew: 15956K->1546K(16640K), 0.0006240 secs] 22433K->8023K(55552K), 0.0006570 secs] [Times: user=0.01 sys=0.00, real=0.00 secs] 
90.715: Total time for which application threads were stopped: 0.0007810 seconds, Stopping threads took: 0.0000650 seconds
90.749: Application time: 0.0342540 seconds
90.749: [GC90.749: [ParNew: 15954K->1548K(16640K), 0.0008700 secs] 22431K->8537K(55552K), 0.0009060 secs] [Times: user=0.01 sys=0.00, real=0.00 secs] 
90.750: Total time for which application threads were stopped: 0.0010510 seconds, Stopping threads took: 0.0000820 seconds
90.787: Application time: 0.0363900 seconds
90.787: [GC90.787: [ParNew: 15960K->1546K(16640K), 0.0006350 secs] 22949K->8535K(55552K), 0.0006680 secs] [Times: user=0.01 sys=0.00, real=0.00 secs] 
90.787: Total time for which application threads were stopped: 0.0009270 seconds, Stopping threads took: 0.0002020 seconds
90.823: Application time: 0.0353200 seconds
90.823: [GC90.823: [ParNew: 16034K->1578K(16640K), 0.0006890 secs] 23023K->8567K(55552K), 0.0007230 secs] [Times: user=0.00 sys=0.00, real=0.00 secs] 
90.824: Total time for which application threads were stopped: 0.0008740 seconds, Stopping threads took: 0.0000920 seconds
90.858: Application time: 0.0342100 seconds
90.858: [GC90.858: [ParNew: 16142K->1604K(16640K), 0.0007000 secs] 23131K->8621K(55552K), 0.0007340 secs] [Times: user=0.00 sys=0.00, real=0.00 secs] 
90.859: Total time for which application threads were stopped: 0.0009250 seconds, Stopping threads took: 0.0001190 seconds
90.893: Application time: 0.0344140 seconds
90.893: [GC90.893: [ParNew: 16255K->1636K(16640K), 0.0006850 secs] 23272K->8710K(55552K), 0.0007180 secs] [Times: user=0.00 sys=0.00, real=0.00 secs] 
90.894: Total time for which application threads were stopped: 0.0008720 seconds, Stopping threads took: 0.0000960 seconds
90.929: Application time: 0.0347030 seconds
90.929: [GC90.929: [ParNew: 16046K->1548K(16640K), 0.0007470 secs] 23121K->8708K(55552K), 0.0007790 secs] [Times: user=0.01 sys=0.00, real=0.00 secs] 
90.930: Total time for which application threads were stopped: 0.0009380 seconds, Stopping threads took: 0.0001000 seconds
90.964: Application time: 0.0344040 seconds
90.964: [GC90.964: [ParNew: 16114K->1608K(16640K), 0.0006360 secs] 23274K->8768K(55552K), 0.0006700 secs] [Times: user=0.01 sys=0.00, real=0.00 secs] 
90.965: Total time for which application threads were stopped: 0.0007990 seconds, Stopping threads took: 0.0000710 seconds
90.999: Application time: 0.0338770 seconds
90.999: [GC90.999: [ParNew: 16010K->1548K(16640K), 0.0014840 secs] 23170K->10813K(55552K), 0.0015250 secs] [Times: user=0.00 sys=0.00, real=0.00 secs] 
91.000: Total time for which application threads were stopped: 0.0016580 seconds, Stopping threads took: 0.0000680 seconds
91.037: Application time: 0.0369900 seconds
91.038: [GC91.038: [ParNew: 15966K->1546K(16640K), 0.0006430 secs] 25231K->10811K(55552K), 0.0006740 secs] [Times: user=0.00 sys=0.00, real=0.00 secs] 
91.038: Total time for which application threads were stopped: 0.0008040 seconds, Stopping threads took: 0.0000710 seconds
91.073: Application time: 0.0348990 seconds
91.073: [GC91.073: [ParNew: 15960K->522K(16640K), 0.0003660 secs] 25225K->9787K(55552K), 0.0003960 secs] [Times: user=0.00 sys=0.00, real=0.00 secs] 
91.074: Total time for which application threads were stopped: 0.0005140 seconds, Stopping threads took: 0.0000630 seconds
91.107: Application time: 0.0336760 seconds
91.107: [GC91.107: [ParNew: 14923K->1546K(16640K), 0.0010160 secs] 24189K->11835K(55552K), 0.0010510 secs] [Times: user=0.01 sys=0.00, real=0.00 secs] 
91.109: Total time for which application threads were stopped: 0.0012070 seconds, Stopping threads took: 0.0000840 seconds
91.146: Application time: 0.0372340 seconds
91.146: [GC91.146: [ParNew: 15964K->522K(16640K), 0.0003200 secs] 26253K->10811K(55552K), 0.0003510 secs] [Times: user=0.00 sys=0.00, real=0.00 secs] 
91.146: Total time for which application threads were stopped: 0.0004800 seconds, Stopping threads took: 0.0000750 seconds
91.178: Application time: 0.0320750 seconds
91.178: [GC91.178: [ParNew: 14923K->1548K(16640K), 0.0010530 secs] 25213K->12861K(55552K), 0.0010880 secs] [Times: user=0.00 sys=0.00, real=0.00 secs] 
91.180: Total time for which application threads were stopped: 0.0012140 seconds, Stopping threads took: 0.0000670 seconds
91.218: Application time: 0.0380350 seconds
91.218: [GC91.218: [ParNew: 15962K->1036K(16640K), 0.0004830 secs] 27275K->12349K(55552K), 0.0005140 secs] [Times: user=0.00 sys=0.00, real=0.00 secs] 
91.218: Total time for which application threads were stopped: 0.0006960 seconds, Stopping threads took: 0.0001230 seconds
91.250: Application time: 0.0321790 seconds
91.251: [GC91.251: [ParNew: 15442K->1548K(16640K), 0.0010610 secs] 26755K->13885K(55552K), 0.0010990 secs] [Times: user=0.01 sys=0.00, real=0.00 secs] 
91.252: Total time for which application threads were stopped: 0.0012230 seconds, Stopping threads took: 0.0000610 seconds
91.289: Application time: 0.0368190 seconds
91.289: [GC91.289: [ParNew: 15964K->1034K(16640K), 0.0004600 secs] 28301K->13371K(55552K), 0.0004890 secs] [Times: user=0.00 sys=0.00, real=0.00 secs] 
91.289: Total time for which application threads were stopped: 0.0006200 seconds, Stopping threads took: 0.0000750 seconds
91.322: Application time: 0.0331950 seconds
91.323: [GC91.323: [ParNew: 15440K->1546K(16640K), 0.0008590 secs] 27777K->14395K(55552K), 0.0008920 secs] [Times: user=0.00 sys=0.00, real=0.00 secs] 
91.323: Total time for which application threads were stopped: 0.0011340 seconds, Stopping threads took: 0.0001820 seconds
91.359: Application time: 0.0358470 seconds
91.359: [GC91.359: [ParNew: 15958K->1544K(16640K), 0.0006820 secs] 28807K->14393K(55552K), 0.0007130 secs] [Times: user=0.00 sys=0.00, real=0.00 secs] 
91.360: Total time for which application threads were stopped: 0.0008780 seconds, Stopping threads took: 0.0001020 seconds
91.394: Application time: 0.0334920 seconds
91.394: [GC91.394: [ParNew: 15952K->1546K(16640K), 0.0008170 secs] 28801K->14907K(55552K), 0.0008510 secs] [Times: user=0.01 sys=0.00, real=0.00 secs] 
91.395: Total time for which application threads were stopped: 0.0011170 seconds, Stopping threads took: 0.0002050 seconds
91.430: Application time: 0.0353090 seconds
91.430: [GC91.430: [ParNew: 15958K->1548K(16640K), 0.0007040 secs] 29319K->14909K(55552K), 0.0007340 secs] [Times: user=0.01 sys=0.00, real=0.00 secs] 
91.431: Total time for which application threads were stopped: 0.0008510 seconds, Stopping threads took: 0.0000640 seconds
91.464: Application time: 0.0334780 seconds
91.465: [GC91.465: [ParNew: 16032K->1580K(16640K), 0.0009760 secs] 29393K->15965K(55552K), 0.0010130 secs] [Times: user=0.00 sys=0.00, real=0.00 secs] 
91.466: Total time for which application threads were stopped: 0.0011510 seconds, Stopping threads took: 0.0000730 seconds
91.502: Application time: 0.0360330 seconds
91.502: [GC91.502: [ParNew: 16074K->1580K(16640K), 0.0006640 secs] 30460K->15994K(55552K), 0.0006980 secs] [Times: user=0.00 sys=0.00, real=0.00 secs] 
91.502: Total time for which application threads were stopped: 0.0008300 seconds, Stopping threads took: 0.0000730 seconds
91.537: Application time: 0.0347680 seconds
91.537: [GC91.537: [ParNew: 16227K->1630K(16640K), 0.0007860 secs] 30641K->16072K(55552K), 0.0008210 secs] [Times: user=0.00 sys=0.00, real=0.00 secs] 
91.538: Total time for which application threads were stopped: 0.0009610 seconds, Stopping threads took: 0.0000810 seconds
91.572: Application time: 0.0337390 seconds
91.572: [GC91.572: [ParNew: 16118K->1576K(16640K), 0.0009390 secs] 30561K->16616K(55552K), 0.0009820 secs] [Times: user=0.00 sys=0.00, real=0.00 secs] 
91.573: Total time for which application threads were stopped: 0.0011180 seconds, Stopping threads took: 0.0000740 seconds
91.611: Application time: 0.0376700 seconds
91.611: [GC91.611: [ParNew: 15992K->520K(16640K), 0.0004340 secs] 31032K->15588K(55552K), 0.0004630 secs] [Times: user=0.00 sys=0.00, real=0.00 secs] 
91.611: Total time for which application threads were stopped: 0.0005690 seconds, Stopping threads took: 0.0000530 seconds
91.644: Application time: 0.0330850 seconds
91.645: [GC91.645: [ParNew: 15080K->1606K(16640K), 0.0008300 secs] 30148K->17186K(55552K), 0.0008620 secs] [Times: user=0.00 sys=0.00, real=0.00 secs] 
91.645: Total time for which application threads were stopped: 0.0010190 seconds, Stopping threads took: 0.0000930 seconds
91.681: Application time: 0.0351860 seconds
91.681: [GC91.681: [ParNew: 16018K->1548K(16640K), 0.0007420 secs] 31598K->17185K(55552K), 0.0007750 secs] [Times: user=0.01 sys=0.00, real=0.00 secs] 
91.682: Total time for which application threads were stopped: 0.0008910 seconds, Stopping threads took: 0.0000590 seconds
91.716: Application time: 0.0349440 seconds
91.717: [GC91.717: [ParNew: 15958K->1546K(16640K), 0.0006140 secs] 31595K->17183K(55552K), 0.0006460 secs] [Times: user=0.00 sys=0.00, real=0.00 secs] 
91.717: Total time for which application threads were stopped: 0.0007820 seconds, Stopping threads took: 0.0000790 seconds
91.751: Application time: 0.0338670 seconds
91.751: [GC91.751: [ParNew: 15956K->1546K(16640K), 0.0007420 secs] 31593K->17183K(55552K), 0.0007760 secs] [Times: user=0.01 sys=0.00, real=0.00 secs] 
91.752: Total time for which application threads were stopped: 0.0009250 seconds, Stopping threads took: 0.0000890 seconds
91.785: Application time: 0.0331490 seconds
91.785: [GC91.785: [ParNew: 15952K->1548K(16640K), 0.0008810 secs] 31589K->17697K(55552K), 0.0009150 secs] [Times: user=0.01 sys=0.00, real=0.00 secs] 
91.786: Total time for which application threads were stopped: 0.0010920 seconds, Stopping threads took: 0.0001180 seconds
91.822: Application time: 0.0362070 seconds
91.823: [GC91.823: [ParNew: 15962K->1544K(16640K), 0.0007910 secs] 32111K->17693K(55552K), 0.0008210 secs] [Times: user=0.00 sys=0.00, real=0.00 secs] 
91.823: Total time for which application threads were stopped: 0.0009300 seconds, Stopping threads took: 0.0000520 seconds
91.856: Application time: 0.0327730 seconds
91.856: [GC91.856: [ParNew: 15948K->1552K(16640K), 0.0012750 secs] 32097K->19237K(55552K), 0.0013130 secs] [Times: user=0.01 sys=0.00, real=0.00 secs] 
91.858: Total time for which application threads were stopped: 0.0014480 seconds, Stopping threads took: 0.0000700 seconds
91.894: Application time: 0.0368390 seconds
91.895: [GC91.895: [ParNew: 15970K->1032K(16640K), 0.0005360 secs] 33656K->18717K(55552K), 0.0005660 secs] [Times: user=0.00 sys=0.00, real=0.00 secs] 
91.895: Total time for which application threads were stopped: 0.0007160 seconds, Stopping threads took: 0.0000860 seconds
91.928: Application time: 0.0324230 seconds
91.928: [GC91.928: [ParNew: 15433K->1552K(16640K), 0.0010310 secs] 33119K->20261K(55552K), 0.0010660 secs] [Times: user=0.01 sys=0.00, real=0.01 secs] 
91.929: Total time for which application threads were stopped: 0.0012620 seconds, Stopping threads took: 0.0001360 seconds
91.967: Application time: 0.0376590 seconds
91.969: [GC91.969: [ParNew: 15970K->1032K(16640K), 0.0006650 secs] 34680K->19741K(55552K), 0.0007000 secs] [Times: user=0.00 sys=0.00, real=0.00 secs] 
91.969: Total time for which application threads were stopped: 0.0028090 seconds, Stopping threads took: 0.0020460 seconds
92.000: Application time: 0.0307040 seconds
92.000: [GC92.000: [ParNew: 15433K->1552K(16640K), 0.0012150 secs] 34143K->21797K(55552K), 0.0012530 secs] [Times: user=0.01 sys=0.00, real=0.01 secs] 
92.001: Total time for which application threads were stopped: 0.0013980 seconds, Stopping threads took: 0.0000810 seconds
92.039: Application time: 0.0370890 seconds
92.039: [GC92.039: [ParNew: 15968K->1546K(16640K), 0.0006540 secs] 36214K->21791K(55552K), 0.0006950 secs] [Times: user=0.00 sys=0.00, real=0.00 secs] 
92.039: Total time for which application threads were stopped: 0.0008150 seconds, Stopping threads took: 0.0000620 seconds
92.072: Application time: 0.0328250 seconds
92.072: [GC92.072: [ParNew: 15952K->1546K(16640K), 0.0010220 secs] 36197K->22815K(55552K), 0.0010580 secs] [Times: user=0.00 sys=0.00, real=0.00 secs] 
92.073: Total time for which application threads were stopped: 0.0012000 seconds, Stopping threads took: 0.0000820 seconds
92.110: Application time: 0.0365170 seconds
92.110: [GC92.110: [ParNew: 16040K->1064K(16640K), 0.0005530 secs] 37310K->22333K(55552K), 0.0005820 secs] [Times: user=0.00 sys=0.00, real=0.00 secs] 
92.111: Total time for which application threads were stopped: 0.0007000 seconds, Stopping threads took: 0.0000640 seconds
92.144: Application time: 0.0337630 seconds
92.145: [GC92.145: [ParNew: 15552K->1576K(16640K), 0.0007170 secs] 36822K->22874K(55552K), 0.0007490 secs] [Times: user=0.00 sys=0.00, real=0.00 secs] 
92.145: Total time for which application threads were stopped: 0.0009970 seconds, Stopping threads took: 0.0001900 seconds
92.179: Application time: 0.0337040 seconds
92.179: [GC92.179: [ParNew: 16140K->1606K(16640K), 0.0008630 secs] 37439K->23445K(55552K), 0.0008970 secs] [Times: user=0.01 sys=0.00, real=0.00 secs] 
92.180: Total time for which application threads were stopped: 0.0010150 seconds, Stopping threads took: 0.0000590 seconds
92.215: Application time: 0.0352640 seconds
92.215: [GC92.216: [ParNew: 16179K->1606K(16640K), 0.0006970 secs] 38017K->23502K(55552K), 0.0007300 secs] [Times: user=0.00 sys=0.00, real=0.00 secs] 
92.216: Total time for which application threads were stopped: 0.0008470 seconds, Stopping threads took: 0.0000600 seconds
92.249: Application time: 0.0325950 seconds
92.249: [GC92.249: [ParNew: 16012K->1550K(16640K), 0.0009980 secs] 37908K->24527K(55552K), 0.0010340 secs] [Times: user=0.01 sys=0.00, real=0.00 secs] 
92.250: Total time for which application threads were stopped: 0.0011630 seconds, Stopping threads took: 0.0000660 seconds
92.286: Application time: 0.0355630 seconds
92.286: [GC92.286: [ParNew: 16042K->1578K(16640K), 0.0006220 secs] 39019K->24555K(55552K), 0.0006560 secs] [Times: user=0.00 sys=0.00, real=0.00 secs] 
92.286: Total time for which application threads were stopped: 0.0007850 seconds, Stopping threads took: 0.0000730 seconds
92.320: Application time: 0.0336080 seconds
92.320: [GC92.320: [ParNew: 16064K->1576K(16640K), 0.0008570 secs] 39041K->25093K(55552K), 0.0008940 secs] [Times: user=0.00 sys=0.00, real=0.01 secs] 
92.321: Total time for which application threads were stopped: 0.0010450 seconds, Stopping threads took: 0.0000880 seconds
92.355: Application time: 0.0344440 seconds
92.356: [GC92.356: [ParNew: 15984K->1548K(16640K), 0.0008160 secs] 39501K->25606K(55552K), 0.0008500 secs] [Times: user=0.01 sys=0.00, real=0.00 secs] 
92.357: Total time for which application threads were stopped: 0.0010550 seconds, Stopping threads took: 0.0001430 seconds
92.392: Application time: 0.0358060 seconds
92.392: [GC92.392: [ParNew: 15962K->1546K(16640K), 0.0006420 secs] 40020K->25604K(55552K), 0.0006760 secs] [Times: user=0.00 sys=0.01, real=0.00 secs] 
92.393: Total time for which application threads were stopped: 0.0007910 seconds, Stopping threads took: 0.0000560 seconds
92.426: Application time: 0.0329250 seconds
92.429: [GC92.429: [ParNew: 15950K->1548K(16640K), 0.0010740 secs] 40008K->26630K(55552K), 0.0011090 secs] [Times: user=0.00 sys=0.00, real=0.00 secs] 
92.430: Total time for which application threads were stopped: 0.0037440 seconds, Stopping threads took: 0.0025670 seconds
92.466: Application time: 0.0361740 seconds
92.466: [GC92.466: [ParNew: 15966K->1034K(16640K), 0.0005100 secs] 41048K->26116K(55552K), 0.0005410 secs] [Times: user=0.01 sys=0.00, real=0.00 secs] 
92.467: Total time for which application threads were stopped: 0.0006640 seconds, Stopping threads took: 0.0000670 seconds
92.500: Application time: 0.0335840 seconds
92.500: [GC92.500: [ParNew: 15437K->1550K(16640K), 0.0010380 secs] 40520K->27656K(55552K), 0.0010810 secs] [Times: user=0.01 sys=0.00, real=0.01 secs] 
92.501: Total time for which application threads were stopped: 0.0012130 seconds, Stopping threads took: 0.0000700 seconds
92.539: Application time: 0.0371910 seconds
92.539: [GC92.539: [ParNew: 15966K->1036K(16640K), 0.0004820 secs] 42072K->27142K(55552K), 0.0005110 secs] [Times: user=0.00 sys=0.00, real=0.00 secs] 
92.539: Total time for which application threads were stopped: 0.0006320 seconds, Stopping threads took: 0.0000660 seconds
92.571: Application time: 0.0319040 seconds
92.571: [GC92.571: [ParNew: 15439K->1548K(16640K), 0.0010000 secs] 41546K->28678K(55552K), 0.0010350 secs] [Times: user=0.00 sys=0.00, real=0.00 secs] 
92.572: Total time for which application threads were stopped: 0.0011690 seconds, Stopping threads took: 0.0000720 seconds
92.610: Application time: 0.0375910 seconds
92.610: [GC92.610: [ParNew: 15964K->1034K(16640K), 0.0005450 secs] 43094K->28164K(55552K), 0.0005730 secs] [Times: user=0.01 sys=0.00, real=0.00 secs] 
92.611: Total time for which application threads were stopped: 0.0006830 seconds, Stopping threads took: 0.0000560 seconds
92.644: Application time: 0.0329210 seconds
92.644: [GC92.644: [ParNew: 15437K->1548K(16640K), 0.0009880 secs] 42568K->29702K(55552K), 0.0010220 secs] [Times: user=0.01 sys=0.00, real=0.00 secs] 
92.645: Total time for which application threads were stopped: 0.0011560 seconds, Stopping threads took: 0.0000740 seconds
92.681: Application time: 0.0360340 seconds
92.681: [GC92.681: [ParNew: 15964K->1034K(16640K), 0.0005050 secs] 44118K->29188K(55552K), 0.0005360 secs] [Times: user=0.00 sys=0.00, real=0.00 secs] 
92.681: Total time for which application threads were stopped: 0.0006470 seconds, Stopping threads took: 0.0000590 seconds
92.715: Application time: 0.0337120 seconds
92.715: [GC92.715: [ParNew: 15440K->1548K(16640K), 0.0008330 secs] 43594K->30214K(55552K), 0.0008660 secs] [Times: user=0.01 sys=0.00, real=0.00 secs] 
92.716: Total time for which application threads were stopped: 0.0009870 seconds, Stopping threads took: 0.0000630 seconds
92.751: Application time: 0.0349560 seconds
92.751: [GC92.751: [ParNew: 16032K->1578K(16640K), 0.0012460 secs] 44698K->31780K(55552K), 0.0012860 secs] [Times: user=0.01 sys=0.00, real=0.00 secs] 
92.752: Total time for which application threads were stopped: 0.0014140 seconds, Stopping threads took: 0.0000610 seconds
92.788: Application time: 0.0359950 seconds
92.789: [GC92.789: [ParNew: 16076K->1066K(16640K), 0.0005700 secs] 46278K->31296K(55552K), 0.0006010 secs] [Times: user=0.00 sys=0.00, real=0.00 secs] 
92.789: Total time for which application threads were stopped: 0.0007250 seconds, Stopping threads took: 0.0000630 seconds
92.822: Application time: 0.0326250 seconds
92.822: [GC92.822: [ParNew: 15548K->1576K(16640K), 0.0010350 secs] 45778K->32859K(55552K), 0.0010690 secs] [Times: user=0.00 sys=0.00, real=0.00 secs] 
92.823: Total time for which application threads were stopped: 0.0012810 seconds, Stopping threads took: 0.0001500 seconds
92.860: Application time: 0.0364910 seconds
92.860: [GC92.860: [ParNew: 16227K->1634K(16640K), 0.0007610 secs] 47510K->32946K(55552K), 0.0007930 secs] [Times: user=0.01 sys=0.00, real=0.00 secs] 
92.860: Total time for which application threads were stopped: 0.0009100 seconds, Stopping threads took: 0.0000590 seconds
92.893: Application time: 0.0328610 seconds
92.893: [GC92.893: [ParNew: 16040K->1548K(16640K), 0.0010390 secs] 47352K->33969K(55552K), 0.0010760 secs] [Times: user=0.00 sys=0.00, real=0.00 secs] 
92.895: Total time for which application threads were stopped: 0.0012120 seconds, Stopping threads took: 0.0000730 seconds
92.930: Application time: 0.0356670 seconds
92.930: [GC92.930: [ParNew: 15962K->1546K(16640K), 0.0006300 secs] 48383K->33967K(55552K), 0.0006620 secs] [Times: user=0.00 sys=0.00, real=0.00 secs] 
92.931: Total time for which application threads were stopped: 0.0008030 seconds, Stopping threads took: 0.0000630 seconds
92.966: Application time: 0.0350800 seconds
92.966: [GC92.966: [ParNew: 16114K->1094K(16640K), 0.0005190 secs] 48536K->33515K(55552K), 0.0005500 secs] [Times: user=0.01 sys=0.00, real=0.00 secs] 
92.967: Total time for which application threads were stopped: 0.0006830 seconds, Stopping threads took: 0.0000770 seconds
93.003: Application time: 0.0359950 seconds
93.003: [GC93.003: [ParNew: 15504K->1034K(16640K), 0.0005340 secs] 47925K->33512K(55552K), 0.0005650 secs] [Times: user=0.00 sys=0.00, real=0.00 secs] 
93.004: Total time for which application threads were stopped: 0.0007200 seconds, Stopping threads took: 0.0000990 seconds
93.037: Application time: 0.0333220 seconds
93.037: [GC93.037: [ParNew: 15440K->1546K(16640K), 0.0008210 secs] 47918K->34536K(55552K), 0.0008510 secs] [Times: user=0.01 sys=0.00, real=0.00 secs] 
93.038: Total time for which application threads were stopped: 0.0010080 seconds, Stopping threads took: 0.0000960 seconds
93.075: Application time: 0.0367390 seconds
93.075: [GC93.075: [ParNew: 15962K->522K(16640K), 0.0004510 secs] 48952K->33512K(55552K), 0.0004800 secs] [Times: user=0.01 sys=0.00, real=0.00 secs] 
93.075: Total time for which application threads were stopped: 0.0006280 seconds, Stopping threads took: 0.0000950 seconds
93.108: Application time: 0.0323260 seconds
93.108: [GC93.108: [ParNew: 14923K->1548K(16640K), 0.0009840 secs] 47914K->35562K(55552K), 0.0010210 secs] [Times: user=0.01 sys=0.00, real=0.01 secs] 
93.109: Total time for which application threads were stopped: 0.0011430 seconds, Stopping threads took: 0.0000580 seconds
93.145: Application time: 0.0366070 seconds
93.145: [GC93.145: [ParNew: 15964K->1032K(16640K), 0.0005250 secs] 49978K->35046K(55552K), 0.0005550 secs] [Times: user=0.00 sys=0.00, real=0.00 secs] 
93.146: Total time for which application threads were stopped: 0.0006760 seconds, Stopping threads took: 0.0000670 seconds
93.177: Application time: 0.0310950 seconds
93.177: [GC93.177: [ParNew: 15435K->1548K(16640K), 0.0010130 secs] 49450K->36586K(55552K), 0.0010490 secs] [Times: user=0.01 sys=0.00, real=0.00 secs] 
93.178: Total time for which application threads were stopped: 0.0012010 seconds, Stopping threads took: 0.0000880 seconds
93.216: Application time: 0.0378380 seconds
93.216: [GC93.216: [ParNew: 15964K->1034K(16640K), 0.0005070 secs] 51002K->36072K(55552K), 0.0005350 secs] [Times: user=0.01 sys=0.00, real=0.00 secs] 
93.217: Total time for which application threads were stopped: 0.0006620 seconds, Stopping threads took: 0.0000740 seconds
93.251: Application time: 0.0343410 seconds
93.251: [GC93.251: [ParNew: 15444K->1036K(16640K), 0.0005500 secs] 50482K->36074K(55552K), 0.0005820 secs] [Times: user=0.00 sys=0.00, real=0.00 secs] 
93.252: Total time for which application threads were stopped: 0.0007020 seconds, Stopping threads took: 0.0000630 seconds
93.285: Application time: 0.0328070 seconds
93.285: [GC93.285: [ParNew: 15439K->1548K(16640K), 0.0010470 secs] 50478K->37610K(55552K), 0.0010830 secs] [Times: user=0.00 sys=0.00, real=0.00 secs] 
93.286: Total time for which application threads were stopped: 0.0012140 seconds, Stopping threads took: 0.0000710 seconds
93.286: Application time: 0.0000970 seconds
93.286: [GC [1 CMS-initial-mark: 36062K(38912K)] 38122K(55552K), 0.0000890 secs] [Times: user=0.00 sys=0.00, real=0.00 secs] 
93.286: Total time for which application threads were stopped: 0.0003000 seconds, Stopping threads took: 0.0001940 seconds
93.286: [CMS-concurrent-mark-start]
93.292: [CMS-concurrent-mark: 0.005/0.005 secs] [Times: user=0.03 sys=0.00, real=0.01 secs] 
93.292: [CMS-concurrent-preclean-start]
93.292: [CMS-concurrent-preclean: 0.000/0.000 secs] [Times: user=0.00 sys=0.00, real=0.00 secs] 
93.292: Application time: 0.0056360 seconds
93.293: [GC[YG occupancy: 2598 K (16640 K)]93.293: [Rescan (parallel) , 0.0001110 secs]93.293: [weak refs processing, 0.0000060 secs]93.293: [scrub string table, 0.0000940 secs] [1 CMS-remark: 36062K(38912K)] 38661K(55552K), 0.0002400 secs] [Times: user=0.00 sys=0.00, real=0.00 secs] 
93.293: Total time for which application threads were stopped: 0.0009610 seconds, Stopping threads took: 0.0006990 seconds
93.293: [CMS-concurrent-sweep-start]
93.293: [CMS-concurrent-sweep: 0.001/0.001 secs] [Times: user=0.00 sys=0.00, real=0.00 secs] 
93.294: [CMS-concurrent-reset-start]
93.294: [CMS-concurrent-reset: 0.000/0.000 secs] [Times: user=0.00 sys=0.00, real=0.00 secs] 
93.325: Application time: 0.0320130 seconds
93.325: [GC93.325: [ParNew: 15962K->1546K(16640K), 0.0006310 secs] 22441K->8025K(55552K), 0.0006630 secs] [Times: user=0.01 sys=0.00, real=0.00 secs] 
93.326: Total time for which application threads were stopped: 0.0007910 seconds, Stopping threads took: 0.0000700 seconds
93.359: Application time: 0.0335990 seconds
93.359: [GC93.359: [ParNew: 15950K->1548K(16640K), 0.0010020 secs] 22429K->9051K(55552K), 0.0010380 secs] [Times: user=0.00 sys=0.00, real=0.00 secs] 
93.360: Total time for which application threads were stopped: 0.0012080 seconds, Stopping threads took: 0.0001080 seconds
93.396: Application time: 0.0356470 seconds
93.396: [GC93.396: [ParNew: 16042K->1576K(16640K), 0.0006890 secs] 23546K->9079K(55552K), 0.0007230 secs] [Times: user=0.00 sys=0.00, real=0.00 secs] 
93.397: Total time for which application threads were stopped: 0.0008830 seconds, Stopping threads took: 0.0001000 seconds
93.432: Application time: 0.0348880 seconds
93.432: [GC93.432: [ParNew: 16060K->1580K(16640K), 0.0010310 secs] 23563K->10136K(55552K), 0.0010660 secs] [Times: user=0.01 sys=0.00, real=0.00 secs] 
93.433: Total time for which application threads were stopped: 0.0011920 seconds, Stopping threads took: 0.0000600 seconds
93.468: Application time: 0.0351510 seconds
93.468: [GC93.468: [ParNew: 16072K->1576K(16640K), 0.0007070 secs] 24628K->10160K(55552K), 0.0007420 secs] [Times: user=0.00 sys=0.00, real=0.01 secs] 
93.469: Total time for which application threads were stopped: 0.0008600 seconds, Stopping threads took: 0.0000590 seconds
93.503: Application time: 0.0343440 seconds
93.504: [GC93.504: [ParNew: 16144K->1606K(16640K), 0.0008770 secs] 24729K->10731K(55552K), 0.0009110 secs] [Times: user=0.00 sys=0.00, real=0.00 secs] 
93.504: Total time for which application threads were stopped: 0.0010320 seconds, Stopping threads took: 0.0000590 seconds
93.540: Application time: 0.0356710 seconds
93.540: [GC93.540: [ParNew: 16098K->1578K(16640K), 0.0006850 secs] 25223K->10760K(55552K), 0.0007190 secs] [Times: user=0.01 sys=0.00, real=0.01 secs] 
93.541: Total time for which application threads were stopped: 0.0008420 seconds, Stopping threads took: 0.0000680 seconds
93.576: Application time: 0.0350670 seconds
93.576: [GC93.576: [ParNew: 15990K->1032K(16640K), 0.0004990 secs] 25172K->10242K(55552K), 0.0005310 secs] [Times: user=0.00 sys=0.00, real=0.00 secs] 
93.577: Total time for which application threads were stopped: 0.0006560 seconds, Stopping threads took: 0.0000690 seconds
93.610: Application time: 0.0331080 seconds
93.610: [GC93.610: [ParNew: 15438K->1548K(16640K), 0.0008720 secs] 24648K->11270K(55552K), 0.0009040 secs] [Times: user=0.00 sys=0.00, real=0.00 secs] 
93.611: Total time for which application threads were stopped: 0.0010290 seconds, Stopping threads took: 0.0000640 seconds
93.645: Application time: 0.0342460 seconds
93.645: [GC93.645: [ParNew: 16116K->1606K(16640K), 0.0009090 secs] 25839K->11840K(55552K), 0.0009440 secs] [Times: user=0.00 sys=0.00, real=0.00 secs] 
93.646: Total time for which application threads were stopped: 0.0010820 seconds, Stopping threads took: 0.0000760 seconds
93.685: Application time: 0.0384350 seconds
93.685: [GC93.685: [ParNew: 16020K->1036K(16640K), 0.0005890 secs] 26254K->11327K(55552K), 0.0006190 secs] [Times: user=0.00 sys=0.00, real=0.00 secs] 
93.685: Total time for which application threads were stopped: 0.0007380 seconds, Stopping threads took: 0.0000640 seconds
93.717: Application time: 0.0321140 seconds
93.718: [GC93.718: [ParNew: 15439K->1546K(16640K), 0.0010690 secs] 25731K->12861K(55552K), 0.0011140 secs] [Times: user=0.01 sys=0.00, real=0.00 secs] 
93.719: Total time for which application threads were stopped: 0.0012430 seconds, Stopping threads took: 0.0000640 seconds
93.755: Application time: 0.0364380 seconds
93.755: [GC93.755: [ParNew: 15960K->1548K(16640K), 0.0007010 secs] 27275K->12863K(55552K), 0.0007340 secs] [Times: user=0.00 sys=0.00, real=0.00 secs] 
93.756: Total time for which application threads were stopped: 0.0008630 seconds, Stopping threads took: 0.0000690 seconds
93.790: Application time: 0.0340290 seconds
93.790: [GC93.790: [ParNew: 15960K->1034K(16640K), 0.0005470 secs] 27275K->12349K(55552K), 0.0005780 secs] [Times: user=0.00 sys=0.00, real=0.00 secs] 
93.791: Total time for which application threads were stopped: 0.0006900 seconds, Stopping threads took: 0.0000600 seconds
93.825: Application time: 0.0342330 seconds
93.825: [GC93.825: [ParNew: 15437K->1550K(16640K), 0.0008210 secs] 26753K->13377K(55552K), 0.0008550 secs] [Times: user=0.01 sys=0.00, real=0.00 secs] 
93.826: Total time for which application threads were stopped: 0.0010450 seconds, Stopping threads took: 0.0001300 seconds
93.861: Application time: 0.0350930 seconds
93.861: [GC93.861: [ParNew: 15964K->1546K(16640K), 0.0006620 secs] 27791K->13373K(55552K), 0.0006930 secs] [Times: user=0.00 sys=0.00, real=0.00 secs] 
93.862: Total time for which application threads were stopped: 0.0008090 seconds, Stopping threads took: 0.0000600 seconds
93.893: Application time: 0.0311450 seconds
93.893: [GC93.893: [ParNew: 15952K->1550K(16640K), 0.0010040 secs] 27779K->14401K(55552K), 0.0010390 secs] [Times: user=0.01 sys=0.00, real=0.00 secs] 
93.894: Total time for which application threads were stopped: 0.0012420 seconds, Stopping threads took: 0.0001420 seconds
93.933: Application time: 0.0382390 seconds
93.933: [GC93.933: [ParNew: 15966K->1032K(16640K), 0.0004890 secs] 28818K->13883K(55552K), 0.0005220 secs] [Times: user=0.00 sys=0.00, real=0.00 secs] 
93.933: Total time for which application threads were stopped: 0.0006450 seconds, Stopping threads took: 0.0000590 seconds
93.967: Application time: 0.0340010 seconds
93.967: [GC93.967: [ParNew: 15438K->1548K(16640K), 0.0008010 secs] 28289K->14911K(55552K), 0.0008360 secs] [Times: user=0.01 sys=0.00, real=0.00 secs] 
93.968: Total time for which application threads were stopped: 0.0009540 seconds, Stopping threads took: 0.0000550 seconds
94.003: Application time: 0.0348670 seconds
94.003: [GC94.003: [ParNew: 15960K->1546K(16640K), 0.0006880 secs] 29323K->14909K(55552K), 0.0007200 secs] [Times: user=0.00 sys=0.00, real=0.00 secs] 
94.004: Total time for which application threads were stopped: 0.0008650 seconds, Stopping threads took: 0.0000880 seconds
94.037: Application time: 0.0333480 seconds
94.037: [GC94.037: [ParNew: 16028K->1576K(16640K), 0.0010170 secs] 29392K->15963K(55552K), 0.0010550 secs] [Times: user=0.01 sys=0.00, real=0.00 secs] 
94.039: Total time for which application threads were stopped: 0.0012590 seconds, Stopping threads took: 0.0001400 seconds
94.075: Application time: 0.0360470 seconds
94.075: [GC94.075: [ParNew: 16072K->1576K(16640K), 0.0006690 secs] 30460K->15992K(55552K), 0.0007010 secs] [Times: user=0.01 sys=0.00, real=0.00 secs] 
94.075: Total time for which application threads were stopped: 0.0008180 seconds, Stopping threads took: 0.0000560 seconds
94.108: Application time: 0.0330880 seconds
94.109: [GC94.109: [ParNew: 16060K->1578K(16640K), 0.0009890 secs] 30476K->17046K(55552K), 0.0010240 secs] [Times: user=0.00 sys=0.00, real=0.00 secs] 
94.110: Total time for which application threads were stopped: 0.0011590 seconds, Stopping threads took: 0.0000710 seconds
94.146: Application time: 0.0365980 seconds
94.146: [GC94.146: [ParNew: 16149K->1606K(16640K), 0.0006980 secs] 31617K->17103K(55552K), 0.0007300 secs] [Times: user=0.00 sys=0.00, real=0.00 secs] 
94.147: Total time for which application threads were stopped: 0.0008450 seconds, Stopping threads took: 0.0000570 seconds
94.181: Application time: 0.0339170 seconds
94.181: [GC94.181: [ParNew: 16094K->1578K(16640K), 0.0006680 secs] 31591K->17132K(55552K), 0.0007090 secs] [Times: user=0.01 sys=0.00, real=0.00 secs] 
94.182: Total time for which application threads were stopped: 0.0008260 seconds, Stopping threads took: 0.0000560 seconds
94.215: Application time: 0.0332960 seconds
94.215: [GC94.215: [ParNew: 15984K->1546K(16640K), 0.0009950 secs] 31538K->18153K(55552K), 0.0010310 secs] [Times: user=0.01 sys=0.00, real=0.00 secs] 
94.216: Total time for which application threads were stopped: 0.0011770 seconds, Stopping threads took: 0.0000850 seconds
94.252: Application time: 0.0356620 seconds
94.252: [GC94.252: [ParNew: 15960K->1544K(16640K), 0.0006860 secs] 32567K->18150K(55552K), 0.0007170 secs] [Times: user=0.00 sys=0.00, real=0.00 secs] 
94.253: Total time for which application threads were stopped: 0.0008540 seconds, Stopping threads took: 0.0000810 seconds
94.286: Application time: 0.0332480 seconds
94.286: [GC94.286: [ParNew: 16108K->1608K(16640K), 0.0010300 secs] 32715K->19239K(55552K), 0.0010620 secs] [Times: user=0.00 sys=0.00, real=0.00 secs] 
94.287: Total time for which application threads were stopped: 0.0013170 seconds, Stopping threads took: 0.0001940 seconds
94.322: Application time: 0.0347160 seconds
94.322: [GC94.322: [ParNew: 16022K->1546K(16640K), 0.0007110 secs] 33653K->19234K(55552K), 0.0007460 secs] [Times: user=0.01 sys=0.00, real=0.00 secs] 
94.323: Total time for which application threads were stopped: 0.0008770 seconds, Stopping threads took: 0.0000720 seconds
94.358: Application time: 0.0352670 seconds
94.358: [GC94.358: [ParNew: 15956K->1544K(16640K), 0.0006340 secs] 33644K->19232K(55552K), 0.0006680 secs] [Times: user=0.00 sys=0.00, real=0.00 secs] 
94.359: Total time for which application threads were stopped: 0.0007830 seconds, Stopping threads took: 0.0000570 seconds
94.393: Application time: 0.0342650 seconds
94.393: [GC94.393: [ParNew: 15950K->1548K(16640K), 0.0010960 secs] 33638K->20260K(55552K), 0.0011300 secs] [Times: user=0.00 sys=0.00, real=0.00 secs] 
94.395: Total time for which application threads were stopped: 0.0012590 seconds, Stopping threads took: 0.0000690 seconds
94.429: Application time: 0.0343290 seconds
94.429: [GC94.429: [ParNew: 15960K->1548K(16640K), 0.0008760 secs] 34672K->20772K(55552K), 0.0009080 secs] [Times: user=0.00 sys=0.00, real=0.00 secs] 
94.430: Total time for which application threads were stopped: 0.0010430 seconds, Stopping threads took: 0.0000750 seconds
94.465: Application time: 0.0345520 seconds
94.465: [GC94.465: [ParNew: 15962K->1034K(16640K), 0.0005170 secs] 35186K->20258K(55552K), 0.0005470 secs] [Times: user=0.01 sys=0.00, real=0.00 secs] 
94.465: Total time for which application threads were stopped: 0.0006730 seconds, Stopping threads took: 0.0000630 seconds
94.499: Application time: 0.0338310 seconds
94.499: [GC94.499: [ParNew: 15440K->1546K(16640K), 0.0008640 secs] 34664K->21282K(55552K), 0.0008970 secs] [Times: user=0.00 sys=0.00, real=0.00 secs] 
94.500: Total time for which application threads were stopped: 0.0010190 seconds, Stopping threads took: 0.0000600 seconds
94.535: Application time: 0.0353410 seconds
94.536: [GC94.536: [ParNew: 15958K->1038K(16640K), 0.0005820 secs] 35694K->20774K(55552K), 0.0006130 secs] [Times: user=0.01 sys=0.00, real=0.00 secs] 
94.536: Total time for which application threads were stopped: 0.0008280 seconds, Stopping threads took: 0.0001570 seconds
94.571: Application time: 0.0345900 seconds
94.571: [GC94.571: [ParNew: 15446K->1546K(16640K), 0.0008670 secs] 35182K->21794K(55552K), 0.0009010 secs] [Times: user=0.01 sys=0.00, real=0.00 secs] 
94.572: Total time for which application threads were stopped: 0.0010350 seconds, Stopping threads took: 0.0000730 seconds
94.606: Application time: 0.0345350 seconds
94.607: [GC94.607: [ParNew: 15954K->1546K(16640K), 0.0010620 secs] 36202K->22818K(55552K), 0.0010990 secs] [Times: user=0.00 sys=0.00, real=0.00 secs] 
94.608: Total time for which application threads were stopped: 0.0012500 seconds, Stopping threads took: 0.0000870 seconds
94.643: Application time: 0.0356450 seconds
94.643: [GC94.643: [ParNew: 15964K->522K(16640K), 0.0003490 secs] 37236K->21794K(55552K), 0.0003850 secs] [Times: user=0.00 sys=0.00, real=0.00 secs] 
94.644: Total time for which application threads were stopped: 0.0004920 seconds, Stopping threads took: 0.0000570 seconds
94.676: Application time: 0.0327150 seconds
94.677: [GC94.677: [ParNew: 15004K->1578K(16640K), 0.0008170 secs] 36276K->23362K(55552K), 0.0008510 secs] [Times: user=0.01 sys=0.00, real=0.00 secs] 
94.678: Total time for which application threads were stopped: 0.0010710 seconds, Stopping threads took: 0.0001590 seconds
94.714: Application time: 0.0367910 seconds
94.714: [GC94.714: [ParNew: 16070K->1066K(16640K), 0.0005750 secs] 37854K->22878K(55552K), 0.0006050 secs] [Times: user=0.00 sys=0.00, real=0.00 secs] 
94.715: Total time for which application threads were stopped: 0.0007150 seconds, Stopping threads took: 0.0000540 seconds
94.748: Application time: 0.0326900 seconds
94.748: [GC94.748: [ParNew: 15552K->1578K(16640K), 0.0008870 secs] 37364K->23931K(55552K), 0.0009230 secs] [Times: user=0.01 sys=0.00, real=0.01 secs] 
94.749: Total time for which application threads were stopped: 0.0010490 seconds, Stopping threads took: 0.0000640 seconds
94.785: Application time: 0.0362570 seconds
94.785: [GC94.785: [ParNew: 16152K->584K(16640K), 0.0003860 secs] 38506K->22965K(55552K), 0.0004150 secs] [Times: user=0.00 sys=0.00, real=0.00 secs] 
94.786: Total time for which application threads were stopped: 0.0005360 seconds, Stopping threads took: 0.0000680 seconds
94.819: Application time: 0.0332180 seconds
94.819: [GC94.819: [ParNew: 14990K->1606K(16640K), 0.0008340 secs] 37371K->24499K(55552K), 0.0008680 secs] [Times: user=0.00 sys=0.00, real=0.00 secs] 
94.820: Total time for which application threads were stopped: 0.0009850 seconds, Stopping threads took: 0.0000570 seconds
94.854: Application time: 0.0345710 seconds
94.855: [GC94.855: [ParNew: 16094K->1576K(16640K), 0.0007110 secs] 38988K->24526K(55552K), 0.0007440 secs] [Times: user=0.01 sys=0.00, real=0.00 secs] 
94.855: Total time for which application threads were stopped: 0.0009580 seconds, Stopping threads took: 0.0001530 seconds
94.892: Application time: 0.0362320 seconds
94.892: [GC94.892: [ParNew: 15992K->520K(16640K), 0.0003590 secs] 38943K->23499K(55552K), 0.0003860 secs] [Times: user=0.00 sys=0.00, real=0.00 secs] 
94.892: Total time for which application threads were stopped: 0.0004930 seconds, Stopping threads took: 0.0000630 seconds
94.925: Application time: 0.0332840 seconds
94.925: [GC94.925: [ParNew: 14923K->1548K(16640K), 0.0007900 secs] 37903K->25039K(55552K), 0.0008250 secs] [Times: user=0.01 sys=0.00, real=0.00 secs] 
94.926: Total time for which application threads were stopped: 0.0009550 seconds, Stopping threads took: 0.0000690 seconds
94.962: Application time: 0.0355690 seconds
94.962: [GC94.962: [ParNew: 16120K->1094K(16640K), 0.0005270 secs] 39612K->24585K(55552K), 0.0005560 secs] [Times: user=0.01 sys=0.00, real=0.00 secs] 
94.963: Total time for which application threads were stopped: 0.0006860 seconds, Stopping threads took: 0.0000750 seconds
94.995: Application time: 0.0324890 seconds
94.997: [GC94.997: [ParNew: 15498K->1548K(16640K), 0.0010920 secs] 38989K->26120K(55552K), 0.0011290 secs] [Times: user=0.01 sys=0.00, real=0.00 secs] 
94.998: Total time for which application threads were stopped: 0.0027820 seconds, Stopping threads took: 0.0015790 seconds
95.035: Application time: 0.0369530 seconds
95.035: [GC95.035: [ParNew: 15960K->1548K(16640K), 0.0009230 secs] 40532K->26632K(55552K), 0.0009570 secs] [Times: user=0.01 sys=0.00, real=0.00 secs] 
95.036: Total time for which application threads were stopped: 0.0011000 seconds, Stopping threads took: 0.0000830 seconds
95.071: Application time: 0.0348030 seconds
95.071: [GC95.071: [ParNew: 15960K->1546K(16640K), 0.0006780 secs] 41044K->26630K(55552K), 0.0007110 secs] [Times: user=0.01 sys=0.00, real=0.00 secs] 
95.072: Total time for which application threads were stopped: 0.0008390 seconds, Stopping threads took: 0.0000690 seconds
95.105: Application time: 0.0333830 seconds
95.105: [GC95.105: [ParNew: 15954K->1548K(16640K), 0.0008080 secs] 41038K->27144K(55552K), 0.0008530 secs] [Times: user=0.00 sys=0.00, real=0.00 secs] 
95.106: Total time for which application threads were stopped: 0.0009880 seconds, Stopping threads took: 0.0000750 seconds
95.142: Application time: 0.0363140 seconds
95.142: [GC95.142: [ParNew: 15964K->522K(16640K), 0.0003300 secs] 41560K->26118K(55552K), 0.0003590 secs] [Times: user=0.00 sys=0.00, real=0.00 secs] 
95.143: Total time for which application threads were stopped: 0.0004810 seconds, Stopping threads took: 0.0000740 seconds
95.175: Application time: 0.0324270 seconds
95.175: [GC95.175: [ParNew: 14925K->1550K(16640K), 0.0008730 secs] 40522K->27658K(55552K), 0.0009070 secs] [Times: user=0.01 sys=0.00, real=0.00 secs] 
95.176: Total time for which application threads were stopped: 0.0010370 seconds, Stopping threads took: 0.0000680 seconds
95.213: Application time: 0.0365720 seconds
95.213: [GC95.213: [ParNew: 15966K->520K(16640K), 0.0004380 secs] 42074K->26628K(55552K), 0.0004700 secs] [Times: user=0.00 sys=0.00, real=0.00 secs] 
95.213: Total time for which application threads were stopped: 0.0005890 seconds, Stopping threads took: 0.0000670 seconds
95.247: Application time: 0.0334240 seconds
95.247: [GC95.247: [ParNew: 14925K->1544K(16640K), 0.0007050 secs] 41034K->27652K(55552K), 0.0007360 secs] [Times: user=0.00 sys=0.00, real=0.00 secs] 
95.248: Total time for which application threads were stopped: 0.0008730 seconds, Stopping threads took: 0.0000790 seconds
95.282: Application time: 0.0345310 seconds
95.282: [GC95.282: [ParNew: 15954K->1546K(16640K), 0.0006240 secs] 42062K->27654K(55552K), 0.0006570 secs] [Times: user=0.00 sys=0.00, real=0.00 secs] 
95.283: Total time for which application threads were stopped: 0.0008010 seconds, Stopping threads took: 0.0000860 seconds
95.318: Application time: 0.0349130 seconds
95.318: [GC95.318: [ParNew: 16034K->1576K(16640K), 0.0006340 secs] 42142K->27684K(55552K), 0.0006650 secs] [Times: user=0.00 sys=0.00, real=0.00 secs] 
95.319: Total time for which application threads were stopped: 0.0007810 seconds, Stopping threads took: 0.0000590 seconds
95.353: Application time: 0.0343420 seconds
95.353: [GC95.353: [ParNew: 16062K->1576K(16640K), 0.0008710 secs] 42170K->28225K(55552K), 0.0009040 secs] [Times: user=0.01 sys=0.00, real=0.00 secs] 
95.354: Total time for which application threads were stopped: 0.0010450 seconds, Stopping threads took: 0.0000810 seconds
95.390: Application time: 0.0362730 seconds
95.390: [GC95.390: [ParNew: 16068K->1064K(16640K), 0.0005070 secs] 42717K->27741K(55552K), 0.0005380 secs] [Times: user=0.00 sys=0.00, real=0.00 secs] 
95.391: Total time for which application threads were stopped: 0.0006690 seconds, Stopping threads took: 0.0000780 seconds
95.423: Application time: 0.0323850 seconds
95.424: [GC95.424: [ParNew: 15624K->1608K(16640K), 0.0009910 secs] 42301K->29338K(55552K), 0.0010380 secs] [Times: user=0.01 sys=0.00, real=0.00 secs] 
95.425: Total time for which application threads were stopped: 0.0011580 seconds, Stopping threads took: 0.0000560 seconds
95.461: Application time: 0.0360310 seconds
95.461: [GC95.461: [ParNew: 16022K->1546K(16640K), 0.0006840 secs] 43752K->29333K(55552K), 0.0007140 secs] [Times: user=0.00 sys=0.00, real=0.00 secs] 
95.461: Total time for which application threads were stopped: 0.0008340 seconds, Stopping threads took: 0.0000620 seconds
95.496: Application time: 0.0347050 seconds
95.496: [GC95.496: [ParNew: 15956K->1548K(16640K), 0.0006590 secs] 43743K->29335K(55552K), 0.0006930 secs] [Times: user=0.00 sys=0.00, real=0.00 secs] 
95.497: Total time for which application threads were stopped: 0.0008080 seconds, Stopping threads took: 0.0000600 seconds
95.531: Application time: 0.0339150 seconds
95.531: [GC95.531: [ParNew: 16032K->1580K(16640K), 0.0009830 secs] 43819K->30391K(55552K), 0.0010180 secs] [Times: user=0.01 sys=0.00, real=0.00 secs] 
95.532: Total time for which application threads were stopped: 0.0011640 seconds, Stopping threads took: 0.0000750 seconds
95.567: Application time: 0.0353130 seconds
95.567: [GC95.569: [ParNew: 15994K->1544K(16640K), 0.0008470 secs] 44805K->30383K(55552K), 0.0023840 secs] [Times: user=0.00 sys=0.00, real=0.01 secs] 
95.570: Total time for which application threads were stopped: 0.0025040 seconds, Stopping threads took: 0.0000600 seconds
95.604: Application time: 0.0339980 seconds
95.604: [GC95.604: [ParNew: 15952K->1548K(16640K), 0.0008560 secs] 44791K->30899K(55552K), 0.0008890 secs] [Times: user=0.00 sys=0.00, real=0.00 secs] 
95.605: Total time for which application threads were stopped: 0.0010330 seconds, Stopping threads took: 0.0000850 seconds
95.640: Application time: 0.0350740 seconds
95.640: [GC95.640: [ParNew: 16118K->1608K(16640K), 0.0006610 secs] 45470K->30959K(55552K), 0.0006940 secs] [Times: user=0.01 sys=0.00, real=0.01 secs] 
95.641: Total time for which application threads were stopped: 0.0008380 seconds, Stopping threads took: 0.0000820 seconds
95.675: Application time: 0.0339910 seconds
95.675: [GC95.675: [ParNew: 16016K->1546K(16640K), 0.0009150 secs] 45367K->31466K(55552K), 0.0009500 secs] [Times: user=0.00 sys=0.00, real=0.00 secs] 
95.676: Total time for which application threads were stopped: 0.0010690 seconds, Stopping threads took: 0.0000580 seconds
95.712: Application time: 0.0358110 seconds
95.712: [GC95.712: [ParNew: 15960K->1034K(16640K), 0.0005120 secs] 45880K->30954K(55552K), 0.0005410 secs] [Times: user=0.00 sys=0.00, real=0.00 secs] 
95.712: Total time for which application threads were stopped: 0.0006580 seconds, Stopping threads took: 0.0000630 seconds
95.746: Application time: 0.0332370 seconds
95.746: [GC95.746: [ParNew: 15437K->1548K(16640K), 0.0010260 secs] 45358K->32492K(55552K), 0.0010630 secs] [Times: user=0.00 sys=0.00, real=0.00 secs] 
95.747: Total time for which application threads were stopped: 0.0012230 seconds, Stopping threads took: 0.0000990 seconds
95.782: Application time: 0.0350950 seconds
95.782: [GC95.782: [ParNew: 15960K->1546K(16640K), 0.0008110 secs] 46904K->32490K(55552K), 0.0008420 secs] [Times: user=0.00 sys=0.00, real=0.00 secs] 
95.783: Total time for which application threads were stopped: 0.0010370 seconds, Stopping threads took: 0.0001370 seconds
95.817: Application time: 0.0341100 seconds
95.817: [GC95.817: [ParNew: 15958K->1546K(16640K), 0.0009200 secs] 46902K->33002K(55552K), 0.0009570 secs] [Times: user=0.01 sys=0.00, real=0.00 secs] 
95.818: Total time for which application threads were stopped: 0.0010840 seconds, Stopping threads took: 0.0000650 seconds
95.854: Application time: 0.0359010 seconds
95.854: [GC95.854: [ParNew: 15960K->1032K(16640K), 0.0005740 secs] 47416K->32488K(55552K), 0.0006070 secs] [Times: user=0.01 sys=0.00, real=0.00 secs] 
95.855: Total time for which application threads were stopped: 0.0007380 seconds, Stopping threads took: 0.0000760 seconds
95.890: Application time: 0.0347720 seconds
95.890: [GC95.890: [ParNew: 15440K->1542K(16640K), 0.0007120 secs] 46896K->32998K(55552K), 0.0007430 secs] [Times: user=0.01 sys=0.00, real=0.00 secs] 
95.890: Total time for which application threads were stopped: 0.0008610 seconds, Stopping threads took: 0.0000620 seconds
95.925: Application time: 0.0344540 seconds
95.925: [GC95.925: [ParNew: 15950K->1548K(16640K), 0.0008040 secs] 47406K->33516K(55552K), 0.0008380 secs] [Times: user=0.01 sys=0.00, real=0.00 secs] 
95.926: Total time for which application threads were stopped: 0.0009820 seconds, Stopping threads took: 0.0000810 seconds
95.962: Application time: 0.0357970 seconds
95.962: [GC95.962: [ParNew: 16040K->1574K(16640K), 0.0006980 secs] 48009K->33542K(55552K), 0.0007310 secs] [Times: user=0.00 sys=0.00, real=0.00 secs] 
95.963: Total time for which application threads were stopped: 0.0008500 seconds, Stopping threads took: 0.0000610 seconds
95.996: Application time: 0.0337400 seconds
95.996: [GC95.996: [ParNew: 16062K->1580K(16640K), 0.0008600 secs] 48031K->34089K(55552K), 0.0008950 secs] [Times: user=0.00 sys=0.01, real=0.00 secs] 
95.997: Total time for which application threads were stopped: 0.0010220 seconds, Stopping threads took: 0.0000600 seconds
96.032: Application time: 0.0349130 seconds
96.032: [GC96.032: [ParNew: 16070K->1576K(16640K), 0.0006540 secs] 48579K->34113K(55552K), 0.0006870 secs] [Times: user=0.01 sys=0.00, real=0.00 secs] 
96.033: Total time for which application threads were stopped: 0.0008290 seconds, Stopping threads took: 0.0000750 seconds
96.068: Application time: 0.0345880 seconds
96.068: [GC96.068: [ParNew: 16064K->1576K(16640K), 0.0006810 secs] 48602K->34142K(55552K), 0.0007110 secs] [Times: user=0.00 sys=0.00, real=0.01 secs] 
96.069: Total time for which application threads were stopped: 0.0009460 seconds, Stopping threads took: 0.0001680 seconds
96.103: Application time: 0.0346910 seconds
96.103: [GC96.103: [ParNew: 16064K->1580K(16640K), 0.0008230 secs] 48630K->34686K(55552K), 0.0008590 secs] [Times: user=0.01 sys=0.00, real=0.00 secs] 
96.104: Total time for which application threads were stopped: 0.0010180 seconds, Stopping threads took: 0.0000970 seconds
96.140: Application time: 0.0356520 seconds
96.140: [GC96.140: [ParNew: 15996K->522K(16640K), 0.0003540 secs] 49103K->33657K(55552K), 0.0003820 secs] [Times: user=0.01 sys=0.00, real=0.00 secs] 
96.140: Total time for which application threads were stopped: 0.0004900 seconds, Stopping threads took: 0.0000560 seconds
96.172: Application time: 0.0320640 seconds
96.173: [GC96.173: [ParNew: 15004K->1578K(16640K), 0.0008700 secs] 48139K->35225K(55552K), 0.0009030 secs] [Times: user=0.01 sys=0.00, real=0.00 secs] 
96.174: Total time for which application threads were stopped: 0.0010270 seconds, Stopping threads took: 0.0000660 seconds
96.210: Application time: 0.0365290 seconds
96.210: [GC96.210: [ParNew: 15990K->1036K(16640K), 0.0005170 secs] 49637K->34711K(55552K), 0.0005510 secs] [Times: user=0.00 sys=0.00, real=0.00 secs] 
96.211: Total time for which application threads were stopped: 0.0007250 seconds, Stopping threads took: 0.0001190 seconds
96.242: Application time: 0.0313060 seconds
96.242: [GC96.242: [ParNew: 15442K->1548K(16640K), 0.0010200 secs] 49117K->36247K(55552K), 0.0010570 secs] [Times: user=0.01 sys=0.00, real=0.00 secs] 
96.243: Total time for which application threads were stopped: 0.0011880 seconds, Stopping threads took: 0.0000740 seconds
96.281: Application time: 0.0374860 seconds
96.281: [GC96.281: [ParNew: 16044K->550K(16640K), 0.0004140 secs] 50744K->35249K(55552K), 0.0004430 secs] [Times: user=0.00 sys=0.00, real=0.00 secs] 
96.281: Total time for which application threads were stopped: 0.0005520 seconds, Stopping threads took: 0.0000550 seconds
96.313: Application time: 0.0320990 seconds
96.314: [GC96.314: [ParNew: 15030K->1604K(16640K), 0.0011310 secs] 49729K->37328K(55552K), 0.0011680 secs] [Times: user=0.00 sys=0.00, real=0.00 secs] 
96.315: Total time for which application threads were stopped: 0.0013040 seconds, Stopping threads took: 0.0000710 seconds
96.353: Application time: 0.0379390 seconds
96.353: [GC96.353: [ParNew: 16022K->520K(16640K), 0.0004580 secs] 51746K->36300K(55552K), 0.0004860 secs] [Times: user=0.00 sys=0.00, real=0.00 secs] 
96.353: Total time for which application threads were stopped: 0.0005900 seconds, Stopping threads took: 0.0000510 seconds
96.385: Application time: 0.0317810 seconds
96.385: [GC96.385: [ParNew: 14923K->1546K(16640K), 0.0008140 secs] 50704K->37838K(55552K), 0.0008470 secs] [Times: user=0.01 sys=0.00, real=0.00 secs] 
96.386: Total time for which application threads were stopped: 0.0009740 seconds, Stopping threads took: 0.0000670 seconds
96.386: Application time: 0.0000600 seconds
96.389: [GC [1 CMS-initial-mark: 36292K(38912K)] 38351K(55552K), 0.0000970 secs] [Times: user=0.00 sys=0.00, real=0.00 secs] 
96.389: Total time for which application threads were stopped: 0.0026250 seconds, Stopping threads took: 0.0025110 seconds
96.389: [CMS-concurrent-mark-start]
96.392: [CMS-concurrent-mark: 0.003/0.003 secs] [Times: user=0.01 sys=0.00, real=0.00 secs] 
96.392: [CMS-concurrent-preclean-start]
96.392: [CMS-concurrent-preclean: 0.000/0.000 secs] [Times: user=0.00 sys=0.00, real=0.00 secs] 
96.392: Application time: 0.0033800 seconds
96.392: [GC[YG occupancy: 3090 K (16640 K)]96.392: [Rescan (parallel) , 0.0001870 secs]96.392: [weak refs processing, 0.0000050 secs]96.392: [scrub string table, 0.0000940 secs] [1 CMS-remark: 36292K(38912K)] 39383K(55552K), 0.0003060 secs] [Times: user=0.00 sys=0.00, real=0.00 secs] 
96.392: Total time for which application threads were stopped: 0.0003750 seconds, Stopping threads took: 0.0000480 seconds
96.392: [CMS-concurrent-sweep-start]
96.393: [CMS-concurrent-sweep: 0.001/0.001 secs] [Times: user=0.00 sys=0.00, real=0.00 secs] 
96.393: [CMS-concurrent-reset-start]
96.393: [CMS-concurrent-reset: 0.000/0.000 secs] [Times: user=0.00 sys=0.00, real=0.00 secs] 
96.425: Application time: 0.0328810 seconds
96.425: [GC96.425: [ParNew: 15958K->1546K(16640K), 0.0007250 secs] 21928K->7516K(55552K), 0.0007560 secs] [Times: user=0.01 sys=0.00, real=0.00 secs] 
96.426: Total time for which application threads were stopped: 0.0008890 seconds, Stopping threads took: 0.0000740 seconds
96.460: Application time: 0.0337550 seconds
96.460: [GC96.460: [ParNew: 15956K->1546K(16640K), 0.0007170 secs] 21926K->7516K(55552K), 0.0007500 secs] [Times: user=0.00 sys=0.00, real=0.01 secs] 
96.461: Total time for which application threads were stopped: 0.0008780 seconds, Stopping threads took: 0.0000710 seconds
96.494: Application time: 0.0334210 seconds
96.494: [GC96.494: [ParNew: 15954K->1548K(16640K), 0.0008780 secs] 21924K->8030K(55552K), 0.0009120 secs] [Times: user=0.00 sys=0.00, real=0.00 secs] 
96.495: Total time for which application threads were stopped: 0.0010330 seconds, Stopping threads took: 0.0000630 seconds
96.534: Application time: 0.0387630 seconds
96.534: [GC96.534: [ParNew: 15962K->1032K(16640K), 0.0005670 secs] 22444K->7514K(55552K), 0.0005970 secs] [Times: user=0.00 sys=0.00, real=0.00 secs] 
96.535: Total time for which application threads were stopped: 0.0007240 seconds, Stopping threads took: 0.0000660 seconds
96.567: Application time: 0.0321890 seconds
96.567: [GC96.567: [ParNew: 15435K->1546K(16640K), 0.0010240 secs] 21918K->9052K(55552K), 0.0010610 secs] [Times: user=0.01 sys=0.00, real=0.00 secs] 
96.568: Total time for which application threads were stopped: 0.0011920 seconds, Stopping threads took: 0.0000650 seconds
96.604: Application time: 0.0358730 seconds
96.604: [GC96.604: [ParNew: 16040K->1066K(16640K), 0.0005350 secs] 23546K->8572K(55552K), 0.0005670 secs] [Times: user=0.00 sys=0.00, real=0.00 secs] 
96.605: Total time for which application threads were stopped: 0.0006880 seconds, Stopping threads took: 0.0000660 seconds
96.639: Application time: 0.0342140 seconds
96.639: [GC96.639: [ParNew: 15554K->1580K(16640K), 0.0007310 secs] 23060K->9114K(55552K), 0.0007630 secs] [Times: user=0.01 sys=0.00, real=0.00 secs] 
96.640: Total time for which application threads were stopped: 0.0008840 seconds, Stopping threads took: 0.0000630 seconds
96.674: Application time: 0.0340030 seconds
96.674: [GC96.674: [ParNew: 16062K->1578K(16640K), 0.0011800 secs] 23597K->10677K(55552K), 0.0012170 secs] [Times: user=0.01 sys=0.00, real=0.00 secs] 
96.675: Total time for which application threads were stopped: 0.0013630 seconds, Stopping threads took: 0.0000790 seconds
96.711: Application time: 0.0361170 seconds
96.711: [GC96.711: [ParNew: 15994K->1546K(16640K), 0.0007530 secs] 25093K->10673K(55552K), 0.0007850 secs] [Times: user=0.00 sys=0.00, real=0.00 secs] 
96.712: Total time for which application threads were stopped: 0.0009140 seconds, Stopping threads took: 0.0000710 seconds
96.744: Application time: 0.0321670 seconds
96.745: [GC96.745: [ParNew: 16104K->1608K(16640K), 0.0014890 secs] 25232K->12784K(55552K), 0.0015290 secs] [Times: user=0.01 sys=0.01, real=0.00 secs] 
96.746: Total time for which application threads were stopped: 0.0016580 seconds, Stopping threads took: 0.0000640 seconds
96.783: Application time: 0.0373330 seconds
96.784: [GC96.784: [ParNew: 16026K->1546K(16640K), 0.0007860 secs] 27202K->12779K(55552K), 0.0008180 secs] [Times: user=0.01 sys=0.00, real=0.00 secs] 
96.784: Total time for which application threads were stopped: 0.0009610 seconds, Stopping threads took: 0.0000850 seconds
96.815: Application time: 0.0308640 seconds
96.815: [GC96.815: [ParNew: 15948K->1550K(16640K), 0.0014410 secs] 27180K->14831K(55552K), 0.0014780 secs] [Times: user=0.01 sys=0.00, real=0.00 secs] 
96.817: Total time for which application threads were stopped: 0.0016300 seconds, Stopping threads took: 0.0000870 seconds
96.856: Application time: 0.0389650 seconds
96.856: [GC96.856: [ParNew: 16048K->1578K(16640K), 0.0006460 secs] 29329K->14859K(55552K), 0.0006800 secs] [Times: user=0.01 sys=0.00, real=0.00 secs] 
96.857: Total time for which application threads were stopped: 0.0008250 seconds, Stopping threads took: 0.0000860 seconds
96.889: Application time: 0.0324150 seconds
96.889: [GC96.889: [ParNew: 15984K->1548K(16640K), 0.0010470 secs] 29265K->15881K(55552K), 0.0010830 secs] [Times: user=0.01 sys=0.00, real=0.00 secs] 
96.890: Total time for which application threads were stopped: 0.0013600 seconds, Stopping threads took: 0.0002110 seconds
96.926: Application time: 0.0356950 seconds
96.926: [GC96.926: [ParNew: 15964K->1032K(16640K), 0.0004960 secs] 30297K->15365K(55552K), 0.0005240 secs] [Times: user=0.00 sys=0.00, real=0.00 secs] 
96.927: Total time for which application threads were stopped: 0.0006500 seconds, Stopping threads took: 0.0000700 seconds
96.961: Application time: 0.0341190 seconds
96.961: [GC96.961: [ParNew: 15596K->1606K(16640K), 0.0007130 secs] 29930K->15939K(55552K), 0.0007470 secs] [Times: user=0.01 sys=0.00, real=0.00 secs] 
96.962: Total time for which application threads were stopped: 0.0008700 seconds, Stopping threads took: 0.0000640 seconds
96.995: Application time: 0.0335950 seconds
96.995: [GC96.996: [ParNew: 16010K->1548K(16640K), 0.0012110 secs] 30343K->17474K(55552K), 0.0012480 secs] [Times: user=0.01 sys=0.00, real=0.00 secs] 
96.997: Total time for which application threads were stopped: 0.0013750 seconds, Stopping threads took: 0.0000690 seconds
97.033: Application time: 0.0367220 seconds
97.034: [GC97.034: [ParNew: 15964K->1548K(16640K), 0.0006940 secs] 31891K->17474K(55552K), 0.0007260 secs] [Times: user=0.00 sys=0.00, real=0.00 secs] 
97.034: Total time for which application threads were stopped: 0.0008520 seconds, Stopping threads took: 0.0000690 seconds
97.066: Application time: 0.0318920 seconds
97.066: [GC97.066: [ParNew: 15952K->1548K(16640K), 0.0012470 secs] 31878K->19010K(55552K), 0.0012840 secs] [Times: user=0.00 sys=0.00, real=0.00 secs] 
97.068: Total time for which application threads were stopped: 0.0014290 seconds, Stopping threads took: 0.0000660 seconds
97.104: Application time: 0.0366480 seconds
97.104: [GC97.104: [ParNew: 15964K->1544K(16640K), 0.0006900 secs] 33427K->19006K(55552K), 0.0007200 secs] [Times: user=0.00 sys=0.00, real=0.00 secs] 
97.105: Total time for which application threads were stopped: 0.0008470 seconds, Stopping threads took: 0.0000710 seconds
97.139: Application time: 0.0341820 seconds
97.139: [GC97.140: [ParNew: 15954K->1544K(16640K), 0.0006220 secs] 33416K->19006K(55552K), 0.0006570 secs] [Times: user=0.00 sys=0.00, real=0.00 secs] 
97.140: Total time for which application threads were stopped: 0.0008010 seconds, Stopping threads took: 0.0000850 seconds
97.175: Application time: 0.0344000 seconds
97.175: [GC97.175: [ParNew: 15952K->1548K(16640K), 0.0008740 secs] 33414K->19522K(55552K), 0.0009080 secs] [Times: user=0.00 sys=0.00, real=0.00 secs] 
97.176: Total time for which application threads were stopped: 0.0010400 seconds, Stopping threads took: 0.0000720 seconds
97.211: Application time: 0.0357790 seconds
97.211: [GC97.212: [ParNew: 15964K->520K(16640K), 0.0004000 secs] 33939K->18494K(55552K), 0.0004330 secs] [Times: user=0.00 sys=0.00, real=0.00 secs] 
97.212: Total time for which application threads were stopped: 0.0005480 seconds, Stopping threads took: 0.0000610 seconds
97.246: Application time: 0.0336890 seconds
97.246: [GC97.246: [ParNew: 15002K->1576K(16640K), 0.0007840 secs] 32976K->20062K(55552K), 0.0008250 secs] [Times: user=0.01 sys=0.00, real=0.00 secs] 
97.247: Total time for which application threads were stopped: 0.0009400 seconds, Stopping threads took: 0.0000630 seconds
97.282: Application time: 0.0355410 seconds
97.282: [GC97.282: [ParNew: 16072K->550K(16640K), 0.0004540 secs] 34559K->19065K(55552K), 0.0004860 secs] [Times: user=0.00 sys=0.00, real=0.00 secs] 
97.283: Total time for which application threads were stopped: 0.0006100 seconds, Stopping threads took: 0.0000710 seconds
97.316: Application time: 0.0335850 seconds
97.317: [GC97.317: [ParNew: 15032K->1608K(16640K), 0.0008260 secs] 33547K->20635K(55552K), 0.0008620 secs] [Times: user=0.01 sys=0.00, real=0.00 secs] 
97.317: Total time for which application threads were stopped: 0.0010780 seconds, Stopping threads took: 0.0001540 seconds
97.352: Application time: 0.0347950 seconds
97.352: [GC97.352: [ParNew: 16018K->1546K(16640K), 0.0008470 secs] 35045K->21142K(55552K), 0.0008830 secs] [Times: user=0.00 sys=0.00, real=0.00 secs] 
97.353: Total time for which application threads were stopped: 0.0010220 seconds, Stopping threads took: 0.0000800 seconds
97.388: Application time: 0.0352240 seconds
97.389: [GC97.389: [ParNew: 16116K->1604K(16640K), 0.0007740 secs] 35713K->21200K(55552K), 0.0008060 secs] [Times: user=0.01 sys=0.00, real=0.00 secs] 
97.389: Total time for which application threads were stopped: 0.0009290 seconds, Stopping threads took: 0.0000620 seconds
97.423: Application time: 0.0339440 seconds
97.423: [GC97.423: [ParNew: 16012K->1548K(16640K), 0.0008530 secs] 35608K->21713K(55552K), 0.0008870 secs] [Times: user=0.00 sys=0.00, real=0.00 secs] 
97.424: Total time for which application threads were stopped: 0.0010200 seconds, Stopping threads took: 0.0000720 seconds
97.460: Application time: 0.0356670 seconds
97.460: [GC97.460: [ParNew: 15964K->520K(16640K), 0.0004180 secs] 36129K->20685K(55552K), 0.0004480 secs] [Times: user=0.00 sys=0.00, real=0.01 secs] 
97.461: Total time for which application threads were stopped: 0.0005680 seconds, Stopping threads took: 0.0000660 seconds
97.494: Application time: 0.0333470 seconds
97.494: [GC97.494: [ParNew: 15002K->1576K(16640K), 0.0008580 secs] 35167K->22253K(55552K), 0.0008890 secs] [Times: user=0.00 sys=0.00, real=0.00 secs] 
97.495: Total time for which application threads were stopped: 0.0010080 seconds, Stopping threads took: 0.0000670 seconds
97.529: Application time: 0.0343720 seconds
97.529: [GC97.529: [ParNew: 15988K->1548K(16640K), 0.0006490 secs] 36665K->22253K(55552K), 0.0006800 secs] [Times: user=0.00 sys=0.00, real=0.00 secs] 
97.530: Total time for which application threads were stopped: 0.0008050 seconds, Stopping threads took: 0.0000680 seconds
97.566: Application time: 0.0361400 seconds
97.566: [GC97.566: [ParNew: 15960K->1034K(16640K), 0.0004890 secs] 36666K->21739K(55552K), 0.0005210 secs] [Times: user=0.00 sys=0.00, real=0.00 secs] 
97.567: Total time for which application threads were stopped: 0.0006420 seconds, Stopping threads took: 0.0000670 seconds
97.600: Application time: 0.0326820 seconds
97.600: [GC97.600: [ParNew: 15440K->1546K(16640K), 0.0008100 secs] 36145K->22763K(55552K), 0.0008520 secs] [Times: user=0.01 sys=0.00, real=0.01 secs] 
97.601: Total time for which application threads were stopped: 0.0009870 seconds, Stopping threads took: 0.0000660 seconds
97.637: Application time: 0.0359340 seconds
97.637: [GC97.637: [ParNew: 16121K->582K(16640K), 0.0004800 secs] 37338K->21800K(55552K), 0.0005100 secs] [Times: user=0.00 sys=0.00, real=0.00 secs] 
97.637: Total time for which application threads were stopped: 0.0007690 seconds, Stopping threads took: 0.0002060 seconds
97.670: Application time: 0.0327850 seconds
97.670: [GC97.670: [ParNew: 14986K->1606K(16640K), 0.0009290 secs] 36203K->23336K(55552K), 0.0009650 secs] [Times: user=0.01 sys=0.00, real=0.00 secs] 
97.671: Total time for which application threads were stopped: 0.0010920 seconds, Stopping threads took: 0.0000640 seconds
97.709: Application time: 0.0373820 seconds
97.709: [GC97.709: [ParNew: 16020K->522K(16640K), 0.0004300 secs] 37750K->22308K(55552K), 0.0004690 secs] [Times: user=0.00 sys=0.00, real=0.00 secs] 
97.709: Total time for which application threads were stopped: 0.0006420 seconds, Stopping threads took: 0.0001200 seconds
97.741: Application time: 0.0319600 seconds
97.741: [GC97.741: [ParNew: 14927K->1546K(16640K), 0.0008540 secs] 36714K->23845K(55552K), 0.0008890 secs] [Times: user=0.00 sys=0.00, real=0.00 secs] 
97.742: Total time for which application threads were stopped: 0.0010100 seconds, Stopping threads took: 0.0000610 seconds
97.778: Application time: 0.0355270 seconds
97.778: [GC97.778: [ParNew: 15958K->1548K(16640K), 0.0006540 secs] 38257K->23847K(55552K), 0.0006860 secs] [Times: user=0.00 sys=0.00, real=0.00 secs] 
97.779: Total time for which application threads were stopped: 0.0008110 seconds, Stopping threads took: 0.0000660 seconds
97.812: Application time: 0.0334140 seconds
97.812: [GC97.812: [ParNew: 15954K->1550K(16640K), 0.0009800 secs] 38252K->24873K(55552K), 0.0010190 secs] [Times: user=0.01 sys=0.00, real=0.00 secs] 
97.813: Total time for which application threads were stopped: 0.0011500 seconds, Stopping threads took: 0.0000690 seconds
97.847: Application time: 0.0340520 seconds
97.847: [GC97.847: [ParNew: 15960K->1548K(16640K), 0.0010620 secs] 39283K->25895K(55552K), 0.0010980 secs] [Times: user=0.01 sys=0.00, real=0.00 secs] 
97.848: Total time for which application threads were stopped: 0.0013550 seconds, Stopping threads took: 0.0001970 seconds
97.885: Application time: 0.0369100 seconds
97.885: [GC97.886: [ParNew: 15960K->1544K(16640K), 0.0008420 secs] 40307K->26403K(55552K), 0.0008760 secs] [Times: user=0.00 sys=0.00, real=0.00 secs] 
97.886: Total time for which application threads were stopped: 0.0010080 seconds, Stopping threads took: 0.0000710 seconds
97.922: Application time: 0.0354910 seconds
97.922: [GC97.922: [ParNew: 16118K->1094K(16640K), 0.0004890 secs] 40977K->25953K(55552K), 0.0005180 secs] [Times: user=0.00 sys=0.00, real=0.00 secs] 
97.923: Total time for which application threads were stopped: 0.0006400 seconds, Stopping threads took: 0.0000670 seconds
97.954: Application time: 0.0319610 seconds
97.955: [GC97.955: [ParNew: 15578K->1574K(16640K), 0.0008360 secs] 40437K->27002K(55552K), 0.0008700 secs] [Times: user=0.00 sys=0.00, real=0.00 secs] 
97.955: Total time for which application threads were stopped: 0.0009920 seconds, Stopping threads took: 0.0000620 seconds
97.992: Application time: 0.0367050 seconds
97.992: [GC97.992: [ParNew: 16066K->1578K(16640K), 0.0006780 secs] 41494K->27034K(55552K), 0.0007110 secs] [Times: user=0.00 sys=0.00, real=0.00 secs] 
97.993: Total time for which application threads were stopped: 0.0008380 seconds, Stopping threads took: 0.0000700 seconds
98.028: Application time: 0.0354570 seconds
98.029: [GC98.029: [ParNew: 16066K->1578K(16640K), 0.0006270 secs] 41523K->27063K(55552K), 0.0006590 secs] [Times: user=0.00 sys=0.00, real=0.00 secs] 
98.029: Total time for which application threads were stopped: 0.0007920 seconds, Stopping threads took: 0.0000780 seconds
98.062: Application time: 0.0328840 seconds
98.062: [GC98.062: [ParNew: 15986K->1550K(16640K), 0.0008230 secs] 41471K->27575K(55552K), 0.0008570 secs] [Times: user=0.00 sys=0.00, real=0.00 secs] 
98.063: Total time for which application threads were stopped: 0.0009880 seconds, Stopping threads took: 0.0000690 seconds
98.100: Application time: 0.0370860 seconds
98.100: [GC98.100: [ParNew: 15968K->12K(16640K), 0.0002710 secs] 41994K->26037K(55552K), 0.0003010 secs] [Times: user=0.00 sys=0.00, real=0.01 secs] 
98.101: Total time for which application threads were stopped: 0.0004700 seconds, Stopping threads took: 0.0001200 seconds
98.134: Application time: 0.0328140 seconds
98.134: [GC98.134: [ParNew: 14413K->1546K(16640K), 0.0008910 secs] 40439K->28083K(55552K), 0.0009240 secs] [Times: user=0.01 sys=0.00, real=0.00 secs] 
98.135: Total time for which application threads were stopped: 0.0010570 seconds, Stopping threads took: 0.0000660 seconds
98.170: Application time: 0.0358700 seconds
98.171: [GC98.171: [ParNew: 16040K->554K(16640K), 0.0003660 secs] 42578K->27091K(55552K), 0.0004030 secs] [Times: user=0.01 sys=0.00, real=0.00 secs] 
98.171: Total time for which application threads were stopped: 0.0005170 seconds, Stopping threads took: 0.0000610 seconds
98.205: Application time: 0.0337090 seconds
98.205: [GC98.205: [ParNew: 14960K->1580K(16640K), 0.0006360 secs] 41497K->28117K(55552K), 0.0006670 secs] [Times: user=0.01 sys=0.00, real=0.00 secs] 
98.205: Total time for which application threads were stopped: 0.0007920 seconds, Stopping threads took: 0.0000680 seconds
98.240: Application time: 0.0349740 seconds
98.241: [GC98.241: [ParNew: 15990K->1548K(16640K), 0.0006730 secs] 42527K->28114K(55552K), 0.0007070 secs] [Times: user=0.01 sys=0.00, real=0.00 secs] 
98.241: Total time for which application threads were stopped: 0.0008310 seconds, Stopping threads took: 0.0000650 seconds
98.275: Application time: 0.0339580 seconds
98.277: [GC98.277: [ParNew: 15958K->1548K(16640K), 0.0006570 secs] 42524K->28114K(55552K), 0.0006940 secs] [Times: user=0.00 sys=0.00, real=0.00 secs] 
98.277: Total time for which application threads were stopped: 0.0021730 seconds, Stopping threads took: 0.0014190 seconds
98.314: Application time: 0.0364810 seconds
98.314: [GC98.314: [ParNew: 16116K->1094K(16640K), 0.0005830 secs] 42682K->27660K(55552K), 0.0006160 secs] [Times: user=0.00 sys=0.00, real=0.00 secs] 
98.315: Total time for which application threads were stopped: 0.0007520 seconds, Stopping threads took: 0.0000800 seconds
98.347: Application time: 0.0325390 seconds
98.347: [GC98.347: [ParNew: 15500K->1548K(16640K), 0.0009140 secs] 42066K->28683K(55552K), 0.0009500 secs] [Times: user=0.01 sys=0.00, real=0.00 secs] 
98.348: Total time for which application threads were stopped: 0.0010670 seconds, Stopping threads took: 0.0000590 seconds
98.384: Application time: 0.0358810 seconds
98.384: [GC98.384: [ParNew: 15960K->1546K(16640K), 0.0007020 secs] 43095K->28681K(55552K), 0.0007360 secs] [Times: user=0.01 sys=0.00, real=0.00 secs] 
98.385: Total time for which application threads were stopped: 0.0008630 seconds, Stopping threads took: 0.0000680 seconds
98.418: Application time: 0.0327180 seconds
98.418: [GC98.418: [ParNew: 15954K->1550K(16640K), 0.0008160 secs] 43089K->29197K(55552K), 0.0008530 secs] [Times: user=0.00 sys=0.00, real=0.00 secs] 
98.419: Total time for which application threads were stopped: 0.0009840 seconds, Stopping threads took: 0.0000710 seconds
98.453: Application time: 0.0347180 seconds
98.454: [GC98.454: [ParNew: 15960K->1544K(16640K), 0.0008670 secs] 43607K->29703K(55552K), 0.0008980 secs] [Times: user=0.01 sys=0.00, real=0.00 secs] 
98.454: Total time for which application threads were stopped: 0.0010170 seconds, Stopping threads took: 0.0000610 seconds
98.489: Application time: 0.0341690 seconds
98.489: [GC98.489: [ParNew: 15952K->1548K(16640K), 0.0009620 secs] 44111K->30731K(55552K), 0.0009950 secs] [Times: user=0.00 sys=0.00, real=0.00 secs] 
98.490: Total time for which application threads were stopped: 0.0011170 seconds, Stopping threads took: 0.0000610 seconds
98.526: Application time: 0.0365920 seconds
98.526: [GC98.527: [ParNew: 15960K->1546K(16640K), 0.0006860 secs] 45143K->30729K(55552K), 0.0007130 secs] [Times: user=0.01 sys=0.00, real=0.00 secs] 
98.527: Total time for which application threads were stopped: 0.0008570 seconds, Stopping threads took: 0.0000910 seconds
98.562: Application time: 0.0350170 seconds
98.562: [GC98.562: [ParNew: 16114K->1608K(16640K), 0.0008250 secs] 45297K->31303K(55552K), 0.0008590 secs] [Times: user=0.00 sys=0.00, real=0.00 secs] 
98.563: Total time for which application threads were stopped: 0.0009870 seconds, Stopping threads took: 0.0000680 seconds
98.598: Application time: 0.0343770 seconds
98.598: [GC98.598: [ParNew: 16102K->1064K(16640K), 0.0006260 secs] 45797K->30816K(55552K), 0.0006570 secs] [Times: user=0.00 sys=0.00, real=0.00 secs] 
98.599: Total time for which application threads were stopped: 0.0008950 seconds, Stopping threads took: 0.0001760 seconds
98.632: Application time: 0.0335530 seconds
98.632: [GC98.632: [ParNew: 15548K->1580K(16640K), 0.0008640 secs] 45300K->31873K(55552K), 0.0008990 secs] [Times: user=0.01 sys=0.00, real=0.00 secs] 
98.633: Total time for which application threads were stopped: 0.0010220 seconds, Stopping threads took: 0.0000630 seconds
98.668: Application time: 0.0352790 seconds
98.669: [GC98.669: [ParNew: 16070K->1066K(16640K), 0.0005180 secs] 46363K->31387K(55552K), 0.0005470 secs] [Times: user=0.00 sys=0.00, real=0.00 secs] 
98.669: Total time for which application threads were stopped: 0.0007460 seconds, Stopping threads took: 0.0001290 seconds
98.703: Application time: 0.0336510 seconds
98.703: [GC98.703: [ParNew: 15474K->1544K(16640K), 0.0008280 secs] 45795K->32405K(55552K), 0.0008610 secs] [Times: user=0.01 sys=0.00, real=0.00 secs] 
98.704: Total time for which application threads were stopped: 0.0009810 seconds, Stopping threads took: 0.0000580 seconds
98.740: Application time: 0.0359530 seconds
98.740: [GC98.740: [ParNew: 15956K->1548K(16640K), 0.0006650 secs] 46818K->32409K(55552K), 0.0006970 secs] [Times: user=0.00 sys=0.00, real=0.00 secs] 
98.741: Total time for which application threads were stopped: 0.0008370 seconds, Stopping threads took: 0.0000750 seconds
98.773: Application time: 0.0328040 seconds
98.774: [GC98.774: [ParNew: 15954K->1546K(16640K), 0.0010360 secs] 46815K->33432K(55552K), 0.0010680 secs] [Times: user=0.00 sys=0.00, real=0.00 secs] 
98.776: Total time for which application threads were stopped: 0.0021890 seconds, Stopping threads took: 0.0010600 seconds
98.812: Application time: 0.0366340 seconds
98.812: [GC98.812: [ParNew: 16040K->1064K(16640K), 0.0006480 secs] 47926K->32950K(55552K), 0.0006810 secs] [Times: user=0.00 sys=0.00, real=0.00 secs] 
98.813: Total time for which application threads were stopped: 0.0008150 seconds, Stopping threads took: 0.0000790 seconds
98.845: Application time: 0.0324810 seconds
98.846: [GC98.846: [ParNew: 15468K->1548K(16640K), 0.0010430 secs] 47353K->34486K(55552K), 0.0010790 secs] [Times: user=0.01 sys=0.00, real=0.00 secs] 
98.847: Total time for which application threads were stopped: 0.0011970 seconds, Stopping threads took: 0.0000630 seconds
98.882: Application time: 0.0355210 seconds
98.882: [GC98.882: [ParNew: 15960K->1546K(16640K), 0.0007820 secs] 48898K->34996K(55552K), 0.0008160 secs] [Times: user=0.01 sys=0.00, real=0.00 secs] 
98.883: Total time for which application threads were stopped: 0.0009450 seconds, Stopping threads took: 0.0000690 seconds
98.917: Application time: 0.0342870 seconds
98.918: [GC98.918: [ParNew: 15956K->1548K(16640K), 0.0007940 secs] 49406K->35510K(55552K), 0.0008270 secs] [Times: user=0.01 sys=0.00, real=0.00 secs] 
98.918: Total time for which application threads were stopped: 0.0009580 seconds, Stopping threads took: 0.0000700 seconds
98.954: Application time: 0.0355240 seconds
98.954: [GC98.954: [ParNew: 16116K->1602K(16640K), 0.0007160 secs] 50079K->35564K(55552K), 0.0007450 secs] [Times: user=0.01 sys=0.00, real=0.00 secs] 
98.955: Total time for which application threads were stopped: 0.0008610 seconds, Stopping threads took: 0.0000600 seconds
98.989: Application time: 0.0345710 seconds
98.990: [GC98.990: [ParNew: 16012K->1548K(16640K), 0.0007380 secs] 49974K->35567K(55552K), 0.0007700 secs] [Times: user=0.01 sys=0.00, real=0.00 secs] 
98.990: Total time for which application threads were stopped: 0.0009960 seconds, Stopping threads took: 0.0001680 seconds
99.027: Application time: 0.0368010 seconds
99.027: [GC99.027: [ParNew: 15960K->1032K(16640K), 0.0005260 secs] 49979K->35051K(55552K), 0.0005550 secs] [Times: user=0.01 sys=0.00, real=0.00 secs] 
99.028: Total time for which application threads were stopped: 0.0006750 seconds, Stopping threads took: 0.0000640 seconds
99.060: Application time: 0.0321110 seconds
99.060: [GC99.060: [ParNew: 15435K->1550K(16640K), 0.0010210 secs] 49455K->36593K(55552K), 0.0010580 secs] [Times: user=0.01 sys=0.00, real=0.01 secs] 
99.061: Total time for which application threads were stopped: 0.0012060 seconds, Stopping threads took: 0.0000760 seconds
99.097: Application time: 0.0360230 seconds
99.097: [GC99.097: [ParNew: 15964K->1548K(16640K), 0.0006700 secs] 51007K->36591K(55552K), 0.0007010 secs] [Times: user=0.00 sys=0.00, real=0.00 secs] 
99.098: Total time for which application threads were stopped: 0.0008150 seconds, Stopping threads took: 0.0000620 seconds
99.131: Application time: 0.0333500 seconds
99.131: [GC99.131: [ParNew: 15954K->1548K(16640K), 0.0010480 secs] 50997K->37615K(55552K), 0.0010920 secs] [Times: user=0.00 sys=0.00, real=0.00 secs] 
99.133: Total time for which application threads were stopped: 0.0012380 seconds, Stopping threads took: 0.0000840 seconds
99.133: Application time: 0.0000820 seconds
99.133: [GC [1 CMS-initial-mark: 36067K(38912K)] 38127K(55552K), 0.0000960 secs] [Times: user=0.00 sys=0.00, real=0.00 secs] 
99.133: Total time for which application threads were stopped: 0.0003330 seconds, Stopping threads took: 0.0002200 seconds
99.133: [CMS-concurrent-mark-start]
99.136: [CMS-concurrent-mark: 0.003/0.003 secs] [Times: user=0.01 sys=0.00, real=0.00 secs] 
99.136: [CMS-concurrent-preclean-start]
99.136: [CMS-concurrent-preclean: 0.000/0.000 secs] [Times: user=0.00 sys=0.00, real=0.00 secs] 
99.136: Application time: 0.0028490 seconds
99.136: [GC[YG occupancy: 2578 K (16640 K)]99.136: [Rescan (parallel) , 0.0001720 secs]99.136: [weak refs processing, 0.0000060 secs]99.136: [scrub string table, 0.0000930 secs] [1 CMS-remark: 36067K(38912K)] 38645K(55552K), 0.0002970 secs] [Times: user=0.00 sys=0.00, real=0.00 secs] 
99.136: Total time for which application threads were stopped: 0.0003890 seconds, Stopping threads took: 0.0000710 seconds
99.136: [CMS-concurrent-sweep-start]
99.137: [CMS-concurrent-sweep: 0.001/0.001 secs] [Times: user=0.00 sys=0.00, real=0.00 secs] 
99.137: [CMS-concurrent-reset-start]
99.137: [CMS-concurrent-reset: 0.000/0.000 secs] [Times: user=0.00 sys=0.00, real=0.00 secs] 
99.171: Application time: 0.0342800 seconds
99.171: [GC99.171: [ParNew: 15962K->1544K(16640K), 0.0006390 secs] 22446K->8028K(55552K), 0.0006700 secs] [Times: user=0.00 sys=0.00, real=0.00 secs] 
99.171: Total time for which application threads were stopped: 0.0008430 seconds, Stopping threads took: 0.0001070 seconds
99.205: Application time: 0.0338630 seconds
99.205: [GC99.205: [ParNew: 16110K->1604K(16640K), 0.0008890 secs] 22595K->8600K(55552K), 0.0009220 secs] [Times: user=0.01 sys=0.00, real=0.00 secs] 
99.206: Total time for which application threads were stopped: 0.0010550 seconds, Stopping threads took: 0.0000730 seconds
99.242: Application time: 0.0354900 seconds
99.242: [GC99.242: [ParNew: 16098K->554K(16640K), 0.0003850 secs] 23095K->7607K(55552K), 0.0004120 secs] [Times: user=0.00 sys=0.00, real=0.00 secs] 
99.242: Total time for which application threads were stopped: 0.0005460 seconds, Stopping threads took: 0.0000830 seconds
99.275: Application time: 0.0330350 seconds
99.275: [GC99.275: [ParNew: 15036K->1608K(16640K), 0.0008290 secs] 22089K->9173K(55552K), 0.0008860 secs] [Times: user=0.00 sys=0.00, real=0.00 secs] 
99.276: Total time for which application threads were stopped: 0.0010190 seconds, Stopping threads took: 0.0000700 seconds
99.313: Application time: 0.0366090 seconds
99.313: [GC99.313: [ParNew: 16102K->1066K(16640K), 0.0005220 secs] 23668K->8688K(55552K), 0.0005510 secs] [Times: user=0.01 sys=0.00, real=0.00 secs] 
99.314: Total time for which application threads were stopped: 0.0007190 seconds, Stopping threads took: 0.0001130 seconds
99.348: Application time: 0.0339520 seconds
99.348: [GC99.348: [ParNew: 15474K->1546K(16640K), 0.0007030 secs] 23096K->9197K(55552K), 0.0007400 secs] [Times: user=0.00 sys=0.00, real=0.01 secs] 
99.349: Total time for which application threads were stopped: 0.0008970 seconds, Stopping threads took: 0.0001020 seconds
99.383: Application time: 0.0343130 seconds
99.383: [GC99.383: [ParNew: 15952K->1548K(16640K), 0.0010600 secs] 23603K->10223K(55552K), 0.0011050 secs] [Times: user=0.00 sys=0.00, real=0.00 secs] 
99.384: Total time for which application threads were stopped: 0.0012310 seconds, Stopping threads took: 0.0000590 seconds
99.420: Application time: 0.0358340 seconds
99.420: [GC99.420: [ParNew: 15962K->1546K(16640K), 0.0007240 secs] 24637K->10221K(55552K), 0.0007550 secs] [Times: user=0.01 sys=0.00, real=0.01 secs] 
99.421: Total time for which application threads were stopped: 0.0008690 seconds, Stopping threads took: 0.0000560 seconds
99.454: Application time: 0.0332360 seconds
99.454: [GC99.454: [ParNew: 15952K->1546K(16640K), 0.0010600 secs] 24627K->11245K(55552K), 0.0010940 secs] [Times: user=0.01 sys=0.00, real=0.00 secs] 
99.455: Total time for which application threads were stopped: 0.0012260 seconds, Stopping threads took: 0.0000700 seconds
99.492: Application time: 0.0369910 seconds
99.492: [GC99.492: [ParNew: 16040K->1580K(16640K), 0.0006310 secs] 25739K->11279K(55552K), 0.0006650 secs] [Times: user=0.00 sys=0.00, real=0.00 secs] 
99.493: Total time for which application threads were stopped: 0.0007850 seconds, Stopping threads took: 0.0000620 seconds
99.528: Application time: 0.0345740 seconds
99.529: [GC99.529: [ParNew: 15992K->1034K(16640K), 0.0005870 secs] 25691K->10761K(55552K), 0.0006190 secs] [Times: user=0.01 sys=0.00, real=0.00 secs] 
99.529: Total time for which application threads were stopped: 0.0016490 seconds, Stopping threads took: 0.0009670 seconds
99.563: Application time: 0.0339120 seconds
99.563: [GC99.563: [ParNew: 15440K->1546K(16640K), 0.0008480 secs] 25167K->11785K(55552K), 0.0008820 secs] [Times: user=0.01 sys=0.00, real=0.00 secs] 
99.564: Total time for which application threads were stopped: 0.0010180 seconds, Stopping threads took: 0.0000750 seconds
99.599: Application time: 0.0351490 seconds
99.600: [GC99.600: [ParNew: 16040K->1064K(16640K), 0.0005700 secs] 26280K->11303K(55552K), 0.0006000 secs] [Times: user=0.00 sys=0.00, real=0.00 secs] 
99.600: Total time for which application threads were stopped: 0.0008320 seconds, Stopping threads took: 0.0001780 seconds
99.635: Application time: 0.0347900 seconds
99.635: [GC99.635: [ParNew: 15552K->1578K(16640K), 0.0007370 secs] 25792K->11846K(55552K), 0.0007690 secs] [Times: user=0.01 sys=0.00, real=0.00 secs] 
99.636: Total time for which application threads were stopped: 0.0008960 seconds, Stopping threads took: 0.0000710 seconds
99.670: Application time: 0.0339780 seconds
99.670: [GC99.670: [ParNew: 15986K->1546K(16640K), 0.0006600 secs] 26254K->11842K(55552K), 0.0006910 secs] [Times: user=0.00 sys=0.00, real=0.00 secs] 
99.671: Total time for which application threads were stopped: 0.0008770 seconds, Stopping threads took: 0.0001280 seconds
99.706: Application time: 0.0354110 seconds
99.706: [GC99.706: [ParNew: 15962K->522K(16640K), 0.0003610 secs] 26258K->10818K(55552K), 0.0003900 secs] [Times: user=0.01 sys=0.00, real=0.00 secs] 
99.707: Total time for which application threads were stopped: 0.0005120 seconds, Stopping threads took: 0.0000630 seconds
99.741: Application time: 0.0340760 seconds
99.741: [GC99.741: [ParNew: 14925K->1546K(16640K), 0.0008150 secs] 25222K->12354K(55552K), 0.0008510 secs] [Times: user=0.01 sys=0.00, real=0.00 secs] 
99.742: Total time for which application threads were stopped: 0.0009790 seconds, Stopping threads took: 0.0000670 seconds
99.777: Application time: 0.0349260 seconds
99.777: [GC99.777: [ParNew: 15958K->1548K(16640K), 0.0006810 secs] 26766K->12356K(55552K), 0.0007130 secs] [Times: user=0.00 sys=0.00, real=0.00 secs] 
99.777: Total time for which application threads were stopped: 0.0008310 seconds, Stopping threads took: 0.0000600 seconds
99.810: Application time: 0.0327610 seconds
99.810: [GC99.810: [ParNew: 15954K->1548K(16640K), 0.0010480 secs] 26762K->13380K(55552K), 0.0010840 secs] [Times: user=0.01 sys=0.00, real=0.00 secs] 
99.811: Total time for which application threads were stopped: 0.0012290 seconds, Stopping threads took: 0.0000810 seconds
99.848: Application time: 0.0369120 seconds
99.849: [GC99.849: [ParNew: 16120K->1606K(16640K), 0.0007120 secs] 27953K->13438K(55552K), 0.0007570 secs] [Times: user=0.00 sys=0.01, real=0.01 secs] 
99.849: Total time for which application threads were stopped: 0.0008890 seconds, Stopping threads took: 0.0000810 seconds
99.881: Application time: 0.0320790 seconds
99.882: [GC99.882: [ParNew: 16092K->1576K(16640K), 0.0010840 secs] 27925K->14489K(55552K), 0.0011200 secs] [Times: user=0.00 sys=0.00, real=0.00 secs] 
99.883: Total time for which application threads were stopped: 0.0012880 seconds, Stopping threads took: 0.0001070 seconds
99.920: Application time: 0.0372280 seconds
99.920: [GC99.920: [ParNew: 16070K->1062K(16640K), 0.0006050 secs] 28984K->14004K(55552K), 0.0006370 secs] [Times: user=0.00 sys=0.00, real=0.01 secs] 
99.921: Total time for which application threads were stopped: 0.0007560 seconds, Stopping threads took: 0.0000640 seconds
99.955: Application time: 0.0338810 seconds
99.955: [GC99.955: [ParNew: 15470K->1546K(16640K), 0.0006420 secs] 28412K->14516K(55552K), 0.0006750 secs] [Times: user=0.01 sys=0.00, real=0.00 secs] 
99.955: Total time for which application threads were stopped: 0.0008540 seconds, Stopping threads took: 0.0001190 seconds
99.989: Application time: 0.0340650 seconds
99.990: [GC99.990: [ParNew: 16034K->1576K(16640K), 0.0006470 secs] 29005K->14546K(55552K), 0.0006820 secs] [Times: user=0.01 sys=0.00, real=0.00 secs] 
99.990: Total time for which application threads were stopped: 0.0008280 seconds, Stopping threads took: 0.0000880 seconds
100.024: Application time: 0.0341530 seconds
100.025: [GC100.025: [ParNew: 15988K->1548K(16640K), 0.0006580 secs] 28959K->14547K(55552K), 0.0006910 secs] [Times: user=0.00 sys=0.00, real=0.00 secs] 
100.025: Total time for which application threads were stopped: 0.0008260 seconds, Stopping threads took: 0.0000730 seconds
100.059: Application time: 0.0341140 seconds
100.060: [GC100.060: [ParNew: 15954K->1548K(16640K), 0.0008030 secs] 28953K->15059K(55552K), 0.0008370 secs] [Times: user=0.00 sys=0.00, real=0.00 secs] 
100.060: Total time for which application threads were stopped: 0.0010110 seconds, Stopping threads took: 0.0001120 seconds
100.095: Application time: 0.0349900 seconds
100.095: [GC100.096: [ParNew: 15960K->1548K(16640K), 0.0008880 secs] 29471K->15571K(55552K), 0.0009200 secs] [Times: user=0.01 sys=0.00, real=0.00 secs] 
100.096: Total time for which application threads were stopped: 0.0010370 seconds, Stopping threads took: 0.0000580 seconds
100.131: Application time: 0.0343540 seconds
100.131: [GC100.131: [ParNew: 15958K->1546K(16640K), 0.0008430 secs] 29981K->16081K(55552K), 0.0008780 secs] [Times: user=0.01 sys=0.00, real=0.00 secs] 
100.132: Total time for which application threads were stopped: 0.0010200 seconds, Stopping threads took: 0.0000800 seconds
100.166: Application time: 0.0346030 seconds
100.167: [GC100.167: [ParNew: 16038K->1576K(16640K), 0.0006240 secs] 30573K->16111K(55552K), 0.0006560 secs] [Times: user=0.00 sys=0.00, real=0.00 secs] 
100.167: Total time for which application threads were stopped: 0.0007850 seconds, Stopping threads took: 0.0000710 seconds
100.201: Application time: 0.0342260 seconds
100.202: [GC100.202: [ParNew: 15986K->1550K(16640K), 0.0006780 secs] 30521K->16114K(55552K), 0.0007110 secs] [Times: user=0.00 sys=0.00, real=0.00 secs] 
100.202: Total time for which application threads were stopped: 0.0008350 seconds, Stopping threads took: 0.0000700 seconds
100.236: Application time: 0.0332870 seconds
100.236: [GC100.236: [ParNew: 15956K->1548K(16640K), 0.0010230 secs] 30519K->17136K(55552K), 0.0010610 secs] [Times: user=0.01 sys=0.00, real=0.00 secs] 
100.237: Total time for which application threads were stopped: 0.0011910 seconds, Stopping threads took: 0.0000600 seconds
100.274: Application time: 0.0367770 seconds
100.274: [GC100.274: [ParNew: 16122K->1092K(16640K), 0.0004700 secs] 31710K->16680K(55552K), 0.0005020 secs] [Times: user=0.00 sys=0.00, real=0.00 secs] 
100.274: Total time for which application threads were stopped: 0.0006240 seconds, Stopping threads took: 0.0000660 seconds
100.307: Application time: 0.0328120 seconds
100.307: [GC100.307: [ParNew: 15498K->1548K(16640K), 0.0008490 secs] 31086K->17705K(55552K), 0.0008920 secs] [Times: user=0.01 sys=0.00, real=0.00 secs] 
100.308: Total time for which application threads were stopped: 0.0010180 seconds, Stopping threads took: 0.0000640 seconds
100.344: Application time: 0.0361690 seconds
100.344: [GC100.344: [ParNew: 15960K->1546K(16640K), 0.0006600 secs] 32117K->17703K(55552K), 0.0006940 secs] [Times: user=0.00 sys=0.00, real=0.00 secs] 
100.345: Total time for which application threads were stopped: 0.0008390 seconds, Stopping threads took: 0.0000870 seconds
100.379: Application time: 0.0339570 seconds
100.379: [GC100.379: [ParNew: 15954K->1548K(16640K), 0.0008550 secs] 32111K->18217K(55552K), 0.0008880 secs] [Times: user=0.00 sys=0.00, real=0.00 secs] 
100.380: Total time for which application threads were stopped: 0.0010390 seconds, Stopping threads took: 0.0000900 seconds
100.417: Application time: 0.0367280 seconds
100.417: [GC100.417: [ParNew: 15960K->1548K(16640K), 0.0006400 secs] 32629K->18217K(55552K), 0.0006730 secs] [Times: user=0.00 sys=0.00, real=0.00 secs] 
100.418: Total time for which application threads were stopped: 0.0007900 seconds, Stopping threads took: 0.0000590 seconds
100.452: Application time: 0.0340720 seconds
100.452: [GC100.452: [ParNew: 15958K->1546K(16640K), 0.0006440 secs] 32627K->18215K(55552K), 0.0006740 secs] [Times: user=0.01 sys=0.00, real=0.00 secs] 
100.452: Total time for which application threads were stopped: 0.0007930 seconds, Stopping threads took: 0.0000670 seconds
100.488: Application time: 0.0353610 seconds
100.488: [GC100.488: [ParNew: 16034K->1068K(16640K), 0.0004890 secs] 32703K->17737K(55552K), 0.0005200 secs] [Times: user=0.00 sys=0.00, real=0.00 secs] 
100.488: Total time for which application threads were stopped: 0.0006990 seconds, Stopping threads took: 0.0001240 seconds
100.521: Application time: 0.0325480 seconds
100.521: [GC100.521: [ParNew: 15630K->1606K(16640K), 0.0008530 secs] 32299K->18815K(55552K), 0.0008870 secs] [Times: user=0.01 sys=0.00, real=0.00 secs] 
100.522: Total time for which application threads were stopped: 0.0010880 seconds, Stopping threads took: 0.0001390 seconds
100.559: Application time: 0.0370230 seconds
100.559: [GC100.559: [ParNew: 16100K->1064K(16640K), 0.0005960 secs] 33310K->18330K(55552K), 0.0006250 secs] [Times: user=0.01 sys=0.00, real=0.00 secs] 
100.560: Total time for which application threads were stopped: 0.0007570 seconds, Stopping threads took: 0.0000780 seconds
100.593: Application time: 0.0336080 seconds
100.594: [GC100.594: [ParNew: 15470K->1546K(16640K), 0.0008780 secs] 32736K->19353K(55552K), 0.0009200 secs] [Times: user=0.00 sys=0.00, real=0.00 secs] 
100.595: Total time for which application threads were stopped: 0.0010480 seconds, Stopping threads took: 0.0000670 seconds
100.631: Application time: 0.0360290 seconds
100.631: [GC100.631: [ParNew: 16040K->1064K(16640K), 0.0006830 secs] 33847K->18871K(55552K), 0.0007130 secs] [Times: user=0.00 sys=0.00, real=0.00 secs] 
100.631: Total time for which application threads were stopped: 0.0008300 seconds, Stopping threads took: 0.0000620 seconds
100.665: Application time: 0.0336340 seconds
100.665: [GC100.665: [ParNew: 15470K->1546K(16640K), 0.0009500 secs] 33277K->19893K(55552K), 0.0009860 secs] [Times: user=0.01 sys=0.00, real=0.00 secs] 
100.666: Total time for which application threads were stopped: 0.0011350 seconds, Stopping threads took: 0.0000880 seconds
100.701: Application time: 0.0347260 seconds
100.701: [GC100.701: [ParNew: 15956K->1548K(16640K), 0.0008520 secs] 34303K->20407K(55552K), 0.0008860 secs] [Times: user=0.00 sys=0.00, real=0.00 secs] 
100.702: Total time for which application threads were stopped: 0.0010240 seconds, Stopping threads took: 0.0000820 seconds
100.736: Application time: 0.0342330 seconds
100.736: [GC100.736: [ParNew: 15960K->1544K(16640K), 0.0006390 secs] 34819K->20403K(55552K), 0.0006720 secs] [Times: user=0.00 sys=0.00, real=0.00 secs] 
100.737: Total time for which application threads were stopped: 0.0008230 seconds, Stopping threads took: 0.0000830 seconds
100.772: Application time: 0.0349200 seconds
100.772: [GC100.772: [ParNew: 15952K->1546K(16640K), 0.0008220 secs] 34811K->20917K(55552K), 0.0008570 secs] [Times: user=0.00 sys=0.00, real=0.00 secs] 
100.773: Total time for which application threads were stopped: 0.0009970 seconds, Stopping threads took: 0.0000680 seconds
100.807: Application time: 0.0338150 seconds
100.807: [GC100.807: [ParNew: 15956K->1544K(16640K), 0.0008220 secs] 35327K->21427K(55552K), 0.0008570 secs] [Times: user=0.01 sys=0.00, real=0.00 secs] 
100.808: Total time for which application threads were stopped: 0.0009870 seconds, Stopping threads took: 0.0000700 seconds
100.844: Application time: 0.0362050 seconds
100.844: [GC100.844: [ParNew: 16038K->1066K(16640K), 0.0005270 secs] 35922K->20949K(55552K), 0.0005580 secs] [Times: user=0.00 sys=0.00, real=0.00 secs] 
100.845: Total time for which application threads were stopped: 0.0006740 seconds, Stopping threads took: 0.0000600 seconds
100.877: Application time: 0.0328730 seconds
100.878: [GC100.878: [ParNew: 15470K->1548K(16640K), 0.0009900 secs] 35353K->22484K(55552K), 0.0010290 secs] [Times: user=0.01 sys=0.00, real=0.00 secs] 
100.879: Total time for which application threads were stopped: 0.0011780 seconds, Stopping threads took: 0.0000840 seconds
100.916: Application time: 0.0373280 seconds
100.916: [GC100.916: [ParNew: 15964K->1032K(16640K), 0.0005000 secs] 36900K->21968K(55552K), 0.0005350 secs] [Times: user=0.00 sys=0.00, real=0.00 secs] 
100.917: Total time for which application threads were stopped: 0.0006540 seconds, Stopping threads took: 0.0000640 seconds
100.950: Application time: 0.0332560 seconds
100.950: [GC100.950: [ParNew: 15594K->1606K(16640K), 0.0008040 secs] 36530K->23054K(55552K), 0.0008400 secs] [Times: user=0.00 sys=0.00, real=0.00 secs] 
100.951: Total time for which application threads were stopped: 0.0009580 seconds, Stopping threads took: 0.0000630 seconds
100.985: Application time: 0.0338770 seconds
100.985: [GC100.985: [ParNew: 16014K->1550K(16640K), 0.0010650 secs] 37462K->24079K(55552K), 0.0011040 secs] [Times: user=0.01 sys=0.00, real=0.00 secs] 
100.986: Total time for which application threads were stopped: 0.0012270 seconds, Stopping threads took: 0.0000610 seconds
101.021: Application time: 0.0352920 seconds
101.021: [GC101.021: [ParNew: 15968K->522K(16640K), 0.0003420 secs] 38497K->23051K(55552K), 0.0003710 secs] [Times: user=0.00 sys=0.00, real=0.00 secs] 
101.022: Total time for which application threads were stopped: 0.0004970 seconds, Stopping threads took: 0.0000730 seconds
101.055: Application time: 0.0332030 seconds
101.055: [GC101.055: [ParNew: 14923K->1546K(16640K), 0.0010500 secs] 37453K->25099K(55552K), 0.0010860 secs] [Times: user=0.01 sys=0.00, real=0.00 secs] 
101.056: Total time for which application threads were stopped: 0.0012120 seconds, Stopping threads took: 0.0000670 seconds
101.093: Application time: 0.0365230 seconds
101.093: [GC101.093: [ParNew: 15962K->1030K(16640K), 0.0005000 secs] 39515K->24583K(55552K), 0.0005310 secs] [Times: user=0.00 sys=0.00, real=0.00 secs] 
101.093: Total time for which application threads were stopped: 0.0006480 seconds, Stopping threads took: 0.0000620 seconds
101.128: Application time: 0.0345590 seconds
101.128: [GC101.128: [ParNew: 15518K->1068K(16640K), 0.0004830 secs] 39071K->24621K(55552K), 0.0005110 secs] [Times: user=0.00 sys=0.00, real=0.00 secs] 
101.129: Total time for which application threads were stopped: 0.0006190 seconds, Stopping threads took: 0.0000560 seconds
101.162: Application time: 0.0333930 seconds
101.162: [GC101.162: [ParNew: 15628K->1606K(16640K), 0.0008360 secs] 39181K->25700K(55552K), 0.0008710 secs] [Times: user=0.01 sys=0.00, real=0.00 secs] 
101.163: Total time for which application threads were stopped: 0.0010520 seconds, Stopping threads took: 0.0001190 seconds
101.200: Application time: 0.0370920 seconds
101.200: [GC101.200: [ParNew: 16102K->1064K(16640K), 0.0005830 secs] 40196K->25215K(55552K), 0.0006220 secs] [Times: user=0.01 sys=0.00, real=0.01 secs] 
101.201: Total time for which application threads were stopped: 0.0007230 seconds, Stopping threads took: 0.0000510 seconds
101.232: Application time: 0.0310920 seconds
101.232: [GC101.232: [ParNew: 15468K->1550K(16640K), 0.0010900 secs] 39618K->26753K(55552K), 0.0011270 secs] [Times: user=0.00 sys=0.00, real=0.00 secs] 
101.233: Total time for which application threads were stopped: 0.0013410 seconds, Stopping threads took: 0.0001510 seconds
101.270: Application time: 0.0367240 seconds
101.270: [GC101.270: [ParNew: 16046K->1066K(16640K), 0.0005160 secs] 41250K->26269K(55552K), 0.0005440 secs] [Times: user=0.00 sys=0.00, real=0.00 secs] 
101.271: Total time for which application threads were stopped: 0.0010550 seconds, Stopping threads took: 0.0004580 seconds
101.305: Application time: 0.0336760 seconds
101.305: [GC101.305: [ParNew: 15470K->1546K(16640K), 0.0010520 secs] 40673K->27802K(55552K), 0.0010880 secs] [Times: user=0.01 sys=0.00, real=0.00 secs] 
101.306: Total time for which application threads were stopped: 0.0012540 seconds, Stopping threads took: 0.0000970 seconds
101.341: Application time: 0.0347340 seconds
101.341: [GC101.341: [ParNew: 15958K->1548K(16640K), 0.0008090 secs] 42214K->28316K(55552K), 0.0008410 secs] [Times: user=0.00 sys=0.00, real=0.00 secs] 
101.342: Total time for which application threads were stopped: 0.0009580 seconds, Stopping threads took: 0.0000570 seconds
101.378: Application time: 0.0364050 seconds
101.378: [GC101.378: [ParNew: 15964K->522K(16640K), 0.0003920 secs] 42732K->27290K(55552K), 0.0004220 secs] [Times: user=0.01 sys=0.00, real=0.00 secs] 
101.379: Total time for which application threads were stopped: 0.0005720 seconds, Stopping threads took: 0.0000960 seconds
101.411: Application time: 0.0325900 seconds
101.411: [GC101.411: [ParNew: 14928K->1548K(16640K), 0.0008140 secs] 41695K->28828K(55552K), 0.0008470 secs] [Times: user=0.00 sys=0.00, real=0.00 secs] 
101.412: Total time for which application threads were stopped: 0.0009780 seconds, Stopping threads took: 0.0000710 seconds
101.449: Application time: 0.0368390 seconds
101.449: [GC101.449: [ParNew: 15964K->524K(16640K), 0.0003640 secs] 43244K->27804K(55552K), 0.0003920 secs] [Times: user=0.00 sys=0.00, real=0.00 secs] 
101.450: Total time for which application threads were stopped: 0.0004930 seconds, Stopping threads took: 0.0000510 seconds
101.483: Application time: 0.0332840 seconds
101.483: [GC101.483: [ParNew: 15006K->1576K(16640K), 0.0008570 secs] 42286K->29368K(55552K), 0.0008910 secs] [Times: user=0.01 sys=0.00, real=0.00 secs] 
101.484: Total time for which application threads were stopped: 0.0010240 seconds, Stopping threads took: 0.0000740 seconds
101.519: Application time: 0.0349790 seconds
101.519: [GC101.519: [ParNew: 15988K->1036K(16640K), 0.0005260 secs] 43780K->28856K(55552K), 0.0005570 secs] [Times: user=0.00 sys=0.00, real=0.00 secs] 
101.520: Total time for which application threads were stopped: 0.0007650 seconds, Stopping threads took: 0.0001520 seconds
101.554: Application time: 0.0344820 seconds
101.554: [GC101.554: [ParNew: 15446K->1546K(16640K), 0.0006280 secs] 43266K->29366K(55552K), 0.0006630 secs] [Times: user=0.00 sys=0.00, real=0.00 secs] 
101.555: Total time for which application threads were stopped: 0.0007810 seconds, Stopping threads took: 0.0000620 seconds
101.588: Application time: 0.0332150 seconds
101.588: [GC101.588: [ParNew: 15954K->1548K(16640K), 0.0008470 secs] 43774K->29880K(55552K), 0.0008840 secs] [Times: user=0.01 sys=0.00, real=0.01 secs] 
101.589: Total time for which application threads were stopped: 0.0010090 seconds, Stopping threads took: 0.0000630 seconds
101.626: Application time: 0.0369850 seconds
101.626: [GC101.626: [ParNew: 16125K->584K(16640K), 0.0003970 secs] 44457K->28916K(55552K), 0.0004280 secs] [Times: user=0.00 sys=0.00, real=0.00 secs] 
101.627: Total time for which application threads were stopped: 0.0005470 seconds, Stopping threads took: 0.0000640 seconds
101.659: Application time: 0.0326300 seconds
101.659: [GC101.659: [ParNew: 14988K->1608K(16640K), 0.0008240 secs] 43320K->30452K(55552K), 0.0008690 secs] [Times: user=0.01 sys=0.00, real=0.00 secs] 
101.660: Total time for which application threads were stopped: 0.0009990 seconds, Stopping threads took: 0.0000660 seconds
101.695: Application time: 0.0345570 seconds
101.695: [GC101.695: [ParNew: 16020K->1548K(16640K), 0.0007150 secs] 44864K->30449K(55552K), 0.0007490 secs] [Times: user=0.00 sys=0.00, real=0.00 secs] 
101.696: Total time for which application threads were stopped: 0.0008790 seconds, Stopping threads took: 0.0000730 seconds
101.730: Application time: 0.0347830 seconds
101.731: [GC101.731: [ParNew: 15958K->1546K(16640K), 0.0006120 secs] 44859K->30447K(55552K), 0.0006420 secs] [Times: user=0.01 sys=0.00, real=0.00 secs] 
101.731: Total time for which application threads were stopped: 0.0007650 seconds, Stopping threads took: 0.0000680 seconds
101.763: Application time: 0.0322210 seconds
101.764: [GC101.764: [ParNew: 15950K->1552K(16640K), 0.0012740 secs] 44851K->31989K(55552K), 0.0013130 secs] [Times: user=0.01 sys=0.00, real=0.00 secs] 
101.765: Total time for which application threads were stopped: 0.0014430 seconds, Stopping threads took: 0.0000640 seconds
101.802: Application time: 0.0371900 seconds
101.802: [GC101.802: [ParNew: 16207K->1634K(16640K), 0.0006870 secs] 46644K->32071K(55552K), 0.0007180 secs] [Times: user=0.00 sys=0.00, real=0.00 secs] 
101.803: Total time for which application threads were stopped: 0.0008240 seconds, Stopping threads took: 0.0000530 seconds
101.836: Application time: 0.0330040 seconds
101.836: [GC101.836: [ParNew: 16118K->1580K(16640K), 0.0010870 secs] 46556K->33127K(55552K), 0.0011240 secs] [Times: user=0.00 sys=0.00, real=0.00 secs] 
101.837: Total time for which application threads were stopped: 0.0012650 seconds, Stopping threads took: 0.0000680 seconds
101.873: Application time: 0.0360390 seconds
101.873: [GC101.873: [ParNew: 15994K->1548K(16640K), 0.0007280 secs] 47541K->33123K(55552K), 0.0007590 secs] [Times: user=0.01 sys=0.00, real=0.00 secs] 
101.874: Total time for which application threads were stopped: 0.0008840 seconds, Stopping threads took: 0.0000690 seconds
101.908: Application time: 0.0342610 seconds
101.908: [GC101.908: [ParNew: 16034K->1578K(16640K), 0.0008260 secs] 47610K->33665K(55552K), 0.0008640 secs] [Times: user=0.01 sys=0.00, real=0.01 secs] 
101.909: Total time for which application threads were stopped: 0.0009890 seconds, Stopping threads took: 0.0000620 seconds
101.944: Application time: 0.0351200 seconds
101.945: [GC101.945: [ParNew: 15990K->1034K(16640K), 0.0004880 secs] 48078K->33150K(55552K), 0.0005190 secs] [Times: user=0.00 sys=0.00, real=0.00 secs] 
101.945: Total time for which application threads were stopped: 0.0006560 seconds, Stopping threads took: 0.0000800 seconds
101.980: Application time: 0.0351510 seconds
101.980: [GC101.980: [ParNew: 15444K->1546K(16640K), 0.0006820 secs] 47560K->33662K(55552K), 0.0007140 secs] [Times: user=0.00 sys=0.00, real=0.01 secs] 
101.981: Total time for which application threads were stopped: 0.0008300 seconds, Stopping threads took: 0.0000580 seconds
102.014: Application time: 0.0326010 seconds
102.014: [GC102.014: [ParNew: 15950K->1552K(16640K), 0.0011790 secs] 48066K->35204K(55552K), 0.0012150 secs] [Times: user=0.01 sys=0.00, real=0.00 secs] 
102.015: Total time for which application threads were stopped: 0.0013450 seconds, Stopping threads took: 0.0000650 seconds
102.053: Application time: 0.0376540 seconds
102.053: [GC102.053: [ParNew: 15968K->1548K(16640K), 0.0007270 secs] 49620K->35200K(55552K), 0.0007590 secs] [Times: user=0.01 sys=0.00, real=0.00 secs] 
102.054: Total time for which application threads were stopped: 0.0008730 seconds, Stopping threads took: 0.0000620 seconds
102.087: Application time: 0.0331910 seconds
102.087: [GC102.087: [ParNew: 15958K->1546K(16640K), 0.0006740 secs] 49610K->35198K(55552K), 0.0007050 secs] [Times: user=0.01 sys=0.00, real=0.00 secs] 
102.088: Total time for which application threads were stopped: 0.0009010 seconds, Stopping threads took: 0.0001310 seconds
102.122: Application time: 0.0340250 seconds
102.122: [GC102.122: [ParNew: 15954K->1546K(16640K), 0.0008160 secs] 49606K->35710K(55552K), 0.0008500 secs] [Times: user=0.01 sys=0.00, real=0.00 secs] 
102.123: Total time for which application threads were stopped: 0.0009850 seconds, Stopping threads took: 0.0000730 seconds
102.159: Application time: 0.0362860 seconds
102.159: [GC102.159: [ParNew: 16036K->1576K(16640K), 0.0006550 secs] 50200K->35740K(55552K), 0.0006850 secs] [Times: user=0.00 sys=0.00, real=0.00 secs] 
102.160: Total time for which application threads were stopped: 0.0008030 seconds, Stopping threads took: 0.0000630 seconds
102.193: Application time: 0.0328060 seconds
102.193: [GC102.193: [ParNew: 15980K->1548K(16640K), 0.0010320 secs] 50144K->36765K(55552K), 0.0010680 secs] [Times: user=0.01 sys=0.00, real=0.00 secs] 
102.194: Total time for which application threads were stopped: 0.0012080 seconds, Stopping threads took: 0.0000740 seconds
102.229: Application time: 0.0350740 seconds
102.229: [GC102.229: [ParNew: 15964K->1548K(16640K), 0.0007150 secs] 51181K->36765K(55552K), 0.0007440 secs] [Times: user=0.00 sys=0.00, real=0.00 secs] 
102.230: Total time for which application threads were stopped: 0.0009770 seconds, Stopping threads took: 0.0001770 seconds
102.265: Application time: 0.0347170 seconds
102.265: [GC102.265: [ParNew: 16116K->1606K(16640K), 0.0007300 secs] 51333K->36823K(55552K), 0.0007620 secs] [Times: user=0.01 sys=0.00, real=0.00 secs] 
102.265: Total time for which application threads were stopped: 0.0008990 seconds, Stopping threads took: 0.0000800 seconds
102.299: Application time: 0.0336900 seconds
102.299: [GC102.299: [ParNew: 16014K->1548K(16640K), 0.0008960 secs] 51231K->37334K(55552K), 0.0009300 secs] [Times: user=0.01 sys=0.00, real=0.00 secs] 
102.300: Total time for which application threads were stopped: 0.0010660 seconds, Stopping threads took: 0.0000730 seconds
102.337: Application time: 0.0363120 seconds
102.337: [GC102.337: [ParNew: 15962K->1032K(16640K), 0.0005570 secs] 51748K->36818K(55552K), 0.0005880 secs] [Times: user=0.00 sys=0.00, real=0.00 secs] 
102.337: Total time for which application threads were stopped: 0.0007130 seconds, Stopping threads took: 0.0000610 seconds
102.370: Application time: 0.0324130 seconds
102.370: [GC102.370: [ParNew: 15435K->1550K(16640K), 0.0009820 secs] 51221K->38360K(55552K), 0.0010190 secs] [Times: user=0.01 sys=0.00, real=0.00 secs] 
102.371: Total time for which application threads were stopped: 0.0011610 seconds, Stopping threads took: 0.0000770 seconds
102.371: Application time: 0.0000900 seconds
102.371: [GC [1 CMS-initial-mark: 36809K(38912K)] 38872K(55552K), 0.0000980 secs] [Times: user=0.00 sys=0.00, real=0.00 secs] 
102.371: Total time for which application threads were stopped: 0.0003150 seconds, Stopping threads took: 0.0001990 seconds
102.371: [CMS-concurrent-mark-start]
102.377: [CMS-concurrent-mark: 0.005/0.005 secs] [Times: user=0.04 sys=0.00, real=0.00 secs] 
102.377: [CMS-concurrent-preclean-start]
102.377: [CMS-concurrent-preclean: 0.000/0.000 secs] [Times: user=0.00 sys=0.00, real=0.00 secs] 
102.377: Application time: 0.0056810 seconds
102.381: [GC[YG occupancy: 3110 K (16640 K)]102.381: [Rescan (parallel) , 0.0001100 secs]102.381: [weak refs processing, 0.0000060 secs]102.381: [scrub string table, 0.0001010 secs] [1 CMS-remark: 36809K(38912K)] 39920K(55552K), 0.0002410 secs] [Times: user=0.00 sys=0.00, real=0.00 secs] 
102.381: Total time for which application threads were stopped: 0.0039380 seconds, Stopping threads took: 0.0036720 seconds
102.381: [CMS-concurrent-sweep-start]
102.382: [CMS-concurrent-sweep: 0.001/0.001 secs] [Times: user=0.00 sys=0.00, real=0.00 secs] 
102.382: [CMS-concurrent-reset-start]
102.382: [CMS-concurrent-reset: 0.000/0.000 secs] [Times: user=0.00 sys=0.00, real=0.00 secs] 
102.410: Application time: 0.0296000 seconds
102.411: [GC102.411: [ParNew: 16042K->1580K(16640K), 0.0009460 secs] 22529K->8579K(55552K), 0.0009880 secs] [Times: user=0.00 sys=0.00, real=0.00 secs] 
102.412: Total time for which application threads were stopped: 0.0011340 seconds, Stopping threads took: 0.0000860 seconds
102.448: Application time: 0.0363330 seconds
102.448: [GC102.448: [ParNew: 16154K->1096K(16640K), 0.0005200 secs] 23154K->8124K(55552K), 0.0005530 secs] [Times: user=0.01 sys=0.00, real=0.01 secs] 
102.449: Total time for which application threads were stopped: 0.0007320 seconds, Stopping threads took: 0.0001230 seconds
102.481: Application time: 0.0322930 seconds
102.481: [GC102.481: [ParNew: 15576K->1580K(16640K), 0.0011600 secs] 22604K->10201K(55552K), 0.0011970 secs] [Times: user=0.01 sys=0.00, real=0.00 secs] 
102.482: Total time for which application threads were stopped: 0.0013150 seconds, Stopping threads took: 0.0000550 seconds
102.519: Application time: 0.0368630 seconds
102.519: [GC102.519: [ParNew: 15996K->1546K(16640K), 0.0006660 secs] 24617K->10195K(55552K), 0.0006970 secs] [Times: user=0.00 sys=0.00, real=0.00 secs] 
102.520: Total time for which application threads were stopped: 0.0008200 seconds, Stopping threads took: 0.0000650 seconds
102.556: Application time: 0.0360950 seconds
102.556: [GC102.556: [ParNew: 16036K->1064K(16640K), 0.0005070 secs] 24685K->9713K(55552K), 0.0005370 secs] [Times: user=0.00 sys=0.00, real=0.00 secs] 
102.557: Total time for which application threads were stopped: 0.0006870 seconds, Stopping threads took: 0.0000990 seconds
102.590: Application time: 0.0331930 seconds
102.590: [GC102.590: [ParNew: 15472K->1546K(16640K), 0.0006410 secs] 24121K->10224K(55552K), 0.0006740 secs] [Times: user=0.00 sys=0.00, real=0.00 secs] 
102.591: Total time for which application threads were stopped: 0.0007960 seconds, Stopping threads took: 0.0000630 seconds
102.628: Application time: 0.0369840 seconds
102.628: [GC102.628: [ParNew: 15956K->1544K(16640K), 0.0007050 secs] 24634K->10221K(55552K), 0.0007370 secs] [Times: user=0.00 sys=0.00, real=0.01 secs] 
102.629: Total time for which application threads were stopped: 0.0008590 seconds, Stopping threads took: 0.0000640 seconds
102.662: Application time: 0.0333800 seconds
102.662: [GC102.662: [ParNew: 15952K->1548K(16640K), 0.0009290 secs] 24629K->10738K(55552K), 0.0009600 secs] [Times: user=0.00 sys=0.00, real=0.00 secs] 
102.663: Total time for which application threads were stopped: 0.0011190 seconds, Stopping threads took: 0.0001000 seconds
102.698: Application time: 0.0347230 seconds
102.698: [GC102.698: [ParNew: 15956K->1546K(16640K), 0.0009900 secs] 25146K->11760K(55552K), 0.0010230 secs] [Times: user=0.01 sys=0.00, real=0.00 secs] 
102.699: Total time for which application threads were stopped: 0.0011680 seconds, Stopping threads took: 0.0000830 seconds
102.737: Application time: 0.0379280 seconds
102.737: [GC102.737: [ParNew: 15964K->520K(16640K), 0.0003820 secs] 26178K->10734K(55552K), 0.0004110 secs] [Times: user=0.00 sys=0.00, real=0.00 secs] 
102.737: Total time for which application threads were stopped: 0.0005410 seconds, Stopping threads took: 0.0000790 seconds
102.770: Application time: 0.0328110 seconds
102.770: [GC102.770: [ParNew: 14923K->1548K(16640K), 0.0008390 secs] 25137K->12274K(55552K), 0.0008740 secs] [Times: user=0.01 sys=0.00, real=0.00 secs] 
102.771: Total time for which application threads were stopped: 0.0010100 seconds, Stopping threads took: 0.0000740 seconds
102.807: Application time: 0.0359160 seconds
102.807: [GC102.807: [ParNew: 16042K->1068K(16640K), 0.0005000 secs] 26768K->11794K(55552K), 0.0005290 secs] [Times: user=0.01 sys=0.00, real=0.00 secs] 
102.808: Total time for which application threads were stopped: 0.0006360 seconds, Stopping threads took: 0.0000520 seconds
102.841: Application time: 0.0333050 seconds
102.841: [GC102.841: [ParNew: 15472K->1548K(16640K), 0.0009920 secs] 26198K->13326K(55552K), 0.0010290 secs] [Times: user=0.01 sys=0.00, real=0.00 secs] 
102.842: Total time for which application threads were stopped: 0.0011720 seconds, Stopping threads took: 0.0000680 seconds
102.877: Application time: 0.0347360 seconds
102.877: [GC102.877: [ParNew: 15964K->1032K(16640K), 0.0004660 secs] 27742K->12810K(55552K), 0.0005060 secs] [Times: user=0.00 sys=0.00, real=0.00 secs] 
102.878: Total time for which application threads were stopped: 0.0006240 seconds, Stopping threads took: 0.0000620 seconds
102.912: Application time: 0.0338030 seconds
102.912: [GC102.912: [ParNew: 15435K->1548K(16640K), 0.0009920 secs] 27214K->14350K(55552K), 0.0010300 secs] [Times: user=0.00 sys=0.01, real=0.00 secs] 
102.913: Total time for which application threads were stopped: 0.0011610 seconds, Stopping threads took: 0.0000680 seconds
102.950: Application time: 0.0371980 seconds
102.950: [GC102.950: [ParNew: 16124K->1094K(16640K), 0.0005200 secs] 28927K->13896K(55552K), 0.0005510 secs] [Times: user=0.00 sys=0.00, real=0.00 secs] 
102.951: Total time for which application threads were stopped: 0.0006760 seconds, Stopping threads took: 0.0000700 seconds
102.983: Application time: 0.0327260 seconds
102.983: [GC102.983: [ParNew: 15500K->1548K(16640K), 0.0008260 secs] 28302K->14919K(55552K), 0.0008610 secs] [Times: user=0.01 sys=0.00, real=0.00 secs] 
102.984: Total time for which application threads were stopped: 0.0009860 seconds, Stopping threads took: 0.0000640 seconds
103.020: Application time: 0.0354830 seconds
103.020: [GC103.020: [ParNew: 15956K->1552K(16640K), 0.0010930 secs] 29327K->15947K(55552K), 0.0011290 secs] [Times: user=0.01 sys=0.00, real=0.01 secs] 
103.021: Total time for which application threads were stopped: 0.0012550 seconds, Stopping threads took: 0.0000630 seconds
103.058: Application time: 0.0365820 seconds
103.058: [GC103.058: [ParNew: 16046K->1068K(16640K), 0.0004660 secs] 30442K->15463K(55552K), 0.0004950 secs] [Times: user=0.01 sys=0.00, real=0.00 secs] 
103.058: Total time for which application threads were stopped: 0.0006120 seconds, Stopping threads took: 0.0000650 seconds
103.090: Application time: 0.0323010 seconds
103.091: [GC103.091: [ParNew: 15472K->1552K(16640K), 0.0010150 secs] 29867K->17000K(55552K), 0.0010500 secs] [Times: user=0.01 sys=0.00, real=0.00 secs] 
103.092: Total time for which application threads were stopped: 0.0011770 seconds, Stopping threads took: 0.0000640 seconds
103.130: Application time: 0.0378410 seconds
103.130: [GC103.130: [ParNew: 16211K->610K(16640K), 0.0003680 secs] 31659K->16058K(55552K), 0.0003990 secs] [Times: user=0.00 sys=0.00, real=0.00 secs] 
103.130: Total time for which application threads were stopped: 0.0005120 seconds, Stopping threads took: 0.0000600 seconds
103.161: Application time: 0.0311080 seconds
103.161: [GC103.161: [ParNew: 15012K->1634K(16640K), 0.0010180 secs] 30460K->18106K(55552K), 0.0010540 secs] [Times: user=0.01 sys=0.00, real=0.00 secs] 
103.162: Total time for which application threads were stopped: 0.0011870 seconds, Stopping threads took: 0.0000690 seconds
103.201: Application time: 0.0383930 seconds
103.201: [GC103.201: [ParNew: 16132K->552K(16640K), 0.0003850 secs] 32604K->17109K(55552K), 0.0004120 secs] [Times: user=0.00 sys=0.00, real=0.00 secs] 
103.201: Total time for which application threads were stopped: 0.0005180 seconds, Stopping threads took: 0.0000550 seconds
103.235: Application time: 0.0337250 seconds
103.235: [GC103.235: [ParNew: 14955K->1578K(16640K), 0.0007140 secs] 31513K->18135K(55552K), 0.0007460 secs] [Times: user=0.00 sys=0.00, real=0.00 secs] 
103.236: Total time for which application threads were stopped: 0.0009290 seconds, Stopping threads took: 0.0001240 seconds
103.270: Application time: 0.0337290 seconds
103.270: [GC103.270: [ParNew: 15988K->1548K(16640K), 0.0008080 secs] 32545K->18646K(55552K), 0.0008430 secs] [Times: user=0.01 sys=0.00, real=0.00 secs] 
103.271: Total time for which application threads were stopped: 0.0009730 seconds, Stopping threads took: 0.0000690 seconds
103.307: Application time: 0.0362100 seconds
103.307: [GC103.307: [ParNew: 15962K->1034K(16640K), 0.0004480 secs] 33060K->18132K(55552K), 0.0004770 secs] [Times: user=0.00 sys=0.00, real=0.00 secs] 
103.307: Total time for which application threads were stopped: 0.0005860 seconds, Stopping threads took: 0.0000580 seconds
103.340: Application time: 0.0324090 seconds
103.340: [GC103.340: [ParNew: 15440K->1546K(16640K), 0.0008570 secs] 32538K->19156K(55552K), 0.0009020 secs] [Times: user=0.01 sys=0.00, real=0.01 secs] 
103.341: Total time for which application threads were stopped: 0.0010250 seconds, Stopping threads took: 0.0000650 seconds
103.378: Application time: 0.0372510 seconds
103.378: [GC103.378: [ParNew: 15960K->1034K(16640K), 0.0004790 secs] 33570K->18644K(55552K), 0.0005090 secs] [Times: user=0.00 sys=0.00, real=0.00 secs] 
103.379: Total time for which application threads were stopped: 0.0006340 seconds, Stopping threads took: 0.0000610 seconds
103.410: Application time: 0.0317140 seconds
103.411: [GC103.411: [ParNew: 15440K->1546K(16640K), 0.0007930 secs] 33050K->19668K(55552K), 0.0008260 secs] [Times: user=0.01 sys=0.00, real=0.00 secs] 
103.411: Total time for which application threads were stopped: 0.0009470 seconds, Stopping threads took: 0.0000620 seconds
103.447: Application time: 0.0351100 seconds
103.447: [GC103.447: [ParNew: 15956K->1548K(16640K), 0.0008400 secs] 34078K->20182K(55552K), 0.0008720 secs] [Times: user=0.01 sys=0.00, real=0.00 secs] 
103.448: Total time for which application threads were stopped: 0.0009920 seconds, Stopping threads took: 0.0000590 seconds
103.482: Application time: 0.0346730 seconds
103.482: [GC103.482: [ParNew: 16042K->1068K(16640K), 0.0004300 secs] 34676K->19702K(55552K), 0.0004580 secs] [Times: user=0.00 sys=0.00, real=0.00 secs] 
103.483: Total time for which application threads were stopped: 0.0005720 seconds, Stopping threads took: 0.0000630 seconds
103.516: Application time: 0.0335920 seconds
103.516: [GC103.516: [ParNew: 15476K->1548K(16640K), 0.0006480 secs] 34110K->20210K(55552K), 0.0006810 secs] [Times: user=0.00 sys=0.00, real=0.00 secs] 
103.517: Total time for which application threads were stopped: 0.0008180 seconds, Stopping threads took: 0.0000780 seconds
103.551: Application time: 0.0337230 seconds
103.551: [GC103.551: [ParNew: 15956K->1550K(16640K), 0.0008400 secs] 34618K->20724K(55552K), 0.0008730 secs] [Times: user=0.01 sys=0.00, real=0.00 secs] 
103.552: Total time for which application threads were stopped: 0.0010950 seconds, Stopping threads took: 0.0001630 seconds
103.587: Application time: 0.0350850 seconds
103.587: [GC103.587: [ParNew: 15962K->1544K(16640K), 0.0006360 secs] 35137K->20718K(55552K), 0.0006680 secs] [Times: user=0.01 sys=0.00, real=0.00 secs] 
103.588: Total time for which application threads were stopped: 0.0007890 seconds, Stopping threads took: 0.0000630 seconds
103.620: Application time: 0.0325360 seconds
103.621: [GC103.621: [ParNew: 16102K->1608K(16640K), 0.0014280 secs] 35277K->22831K(55552K), 0.0014720 secs] [Times: user=0.01 sys=0.00, real=0.01 secs] 
103.622: Total time for which application threads were stopped: 0.0016120 seconds, Stopping threads took: 0.0000750 seconds
103.661: Application time: 0.0389830 seconds
103.661: [GC103.661: [ParNew: 16026K->1550K(16640K), 0.0007190 secs] 37249K->22830K(55552K), 0.0007530 secs] [Times: user=0.00 sys=0.00, real=0.00 secs] 
103.662: Total time for which application threads were stopped: 0.0008760 seconds, Stopping threads took: 0.0000670 seconds
103.693: Application time: 0.0316050 seconds
103.694: [GC103.694: [ParNew: 16036K->1578K(16640K), 0.0008540 secs] 37316K->23370K(55552K), 0.0008870 secs] [Times: user=0.01 sys=0.00, real=0.00 secs] 
103.695: Total time for which application threads were stopped: 0.0010190 seconds, Stopping threads took: 0.0000720 seconds
103.731: Application time: 0.0365500 seconds
103.731: [GC103.731: [ParNew: 15990K->1546K(16640K), 0.0007300 secs] 37782K->23366K(55552K), 0.0007620 secs] [Times: user=0.01 sys=0.00, real=0.00 secs] 
103.732: Total time for which application threads were stopped: 0.0008780 seconds, Stopping threads took: 0.0000580 seconds
103.766: Application time: 0.0344470 seconds
103.766: [GC103.767: [ParNew: 16194K->1630K(16640K), 0.0007410 secs] 38015K->23450K(55552K), 0.0007750 secs] [Times: user=0.01 sys=0.00, real=0.00 secs] 
103.767: Total time for which application threads were stopped: 0.0009080 seconds, Stopping threads took: 0.0000650 seconds
103.802: Application time: 0.0344340 seconds
103.802: [GC103.802: [ParNew: 16038K->1546K(16640K), 0.0008930 secs] 37858K->23964K(55552K), 0.0009290 secs] [Times: user=0.01 sys=0.00, real=0.00 secs] 
103.803: Total time for which application threads were stopped: 0.0010470 seconds, Stopping threads took: 0.0000570 seconds
103.839: Application time: 0.0364050 seconds
103.839: [GC103.839: [ParNew: 16040K->554K(16640K), 0.0003630 secs] 38458K->22972K(55552K), 0.0003920 secs] [Times: user=0.00 sys=0.00, real=0.00 secs] 
103.840: Total time for which application threads were stopped: 0.0005410 seconds, Stopping threads took: 0.0000980 seconds
103.870: Application time: 0.0306630 seconds
103.871: [GC103.871: [ParNew: 14960K->1576K(16640K), 0.0009380 secs] 37378K->24506K(55552K), 0.0009710 secs] [Times: user=0.01 sys=0.00, real=0.00 secs] 
103.872: Total time for which application threads were stopped: 0.0012020 seconds, Stopping threads took: 0.0001700 seconds
103.908: Application time: 0.0365740 seconds
103.908: [GC103.908: [ParNew: 15990K->1036K(16640K), 0.0004900 secs] 38920K->23994K(55552K), 0.0005190 secs] [Times: user=0.01 sys=0.00, real=0.01 secs] 
103.909: Total time for which application threads were stopped: 0.0006420 seconds, Stopping threads took: 0.0000620 seconds
103.941: Application time: 0.0325650 seconds
103.941: [GC103.942: [ParNew: 15437K->1550K(16640K), 0.0011990 secs] 38396K->26044K(55552K), 0.0012370 secs] [Times: user=0.01 sys=0.00, real=0.00 secs] 
103.943: Total time for which application threads were stopped: 0.0013730 seconds, Stopping threads took: 0.0000720 seconds
103.979: Application time: 0.0366750 seconds
103.980: [GC103.980: [ParNew: 15968K->1034K(16640K), 0.0004700 secs] 40463K->25528K(55552K), 0.0004990 secs] [Times: user=0.00 sys=0.00, real=0.00 secs] 
103.980: Total time for which application threads were stopped: 0.0006130 seconds, Stopping threads took: 0.0000590 seconds
104.012: Application time: 0.0321340 seconds
104.012: [GC104.012: [ParNew: 15435K->1548K(16640K), 0.0012490 secs] 39930K->27578K(55552K), 0.0012880 secs] [Times: user=0.01 sys=0.00, real=0.00 secs] 
104.014: Total time for which application threads were stopped: 0.0014330 seconds, Stopping threads took: 0.0000820 seconds
104.051: Application time: 0.0369500 seconds
104.051: [GC104.051: [ParNew: 15964K->1546K(16640K), 0.0006650 secs] 41995K->27576K(55552K), 0.0006970 secs] [Times: user=0.01 sys=0.00, real=0.00 secs] 
104.051: Total time for which application threads were stopped: 0.0008280 seconds, Stopping threads took: 0.0000710 seconds
104.086: Application time: 0.0347050 seconds
104.086: [GC104.086: [ParNew: 15954K->1548K(16640K), 0.0008130 secs] 41984K->28090K(55552K), 0.0008480 secs] [Times: user=0.00 sys=0.00, real=0.00 secs] 
104.087: Total time for which application threads were stopped: 0.0010000 seconds, Stopping threads took: 0.0000900 seconds
104.121: Application time: 0.0337870 seconds
104.121: [GC104.121: [ParNew: 15954K->1552K(16640K), 0.0012800 secs] 42496K->29630K(55552K), 0.0013170 secs] [Times: user=0.01 sys=0.00, real=0.00 secs] 
104.122: Total time for which application threads were stopped: 0.0014550 seconds, Stopping threads took: 0.0000720 seconds
104.160: Application time: 0.0379070 seconds
104.160: [GC104.160: [ParNew: 16050K->1064K(16640K), 0.0005560 secs] 44129K->29142K(55552K), 0.0005850 secs] [Times: user=0.00 sys=0.00, real=0.01 secs] 
104.161: Total time for which application threads were stopped: 0.0007000 seconds, Stopping threads took: 0.0000640 seconds
104.192: Application time: 0.0308430 seconds
104.192: [GC104.192: [ParNew: 15466K->1552K(16640K), 0.0011930 secs] 43544K->31195K(55552K), 0.0012290 secs] [Times: user=0.01 sys=0.00, real=0.00 secs] 
104.193: Total time for which application threads were stopped: 0.0013790 seconds, Stopping threads took: 0.0000870 seconds
104.230: Application time: 0.0371360 seconds
104.230: [GC104.230: [ParNew: 15970K->1034K(16640K), 0.0004970 secs] 45613K->30677K(55552K), 0.0005360 secs] [Times: user=0.00 sys=0.00, real=0.00 secs] 
104.231: Total time for which application threads were stopped: 0.0006460 seconds, Stopping threads took: 0.0000540 seconds
104.263: Application time: 0.0317560 seconds
104.263: [GC104.263: [ParNew: 15514K->1576K(16640K), 0.0011650 secs] 45157K->32755K(55552K), 0.0012030 secs] [Times: user=0.01 sys=0.00, real=0.00 secs] 
104.264: Total time for which application threads were stopped: 0.0013320 seconds, Stopping threads took: 0.0000650 seconds
104.301: Application time: 0.0367860 seconds
104.301: [GC104.301: [ParNew: 16074K->1064K(16640K), 0.0005540 secs] 47254K->32272K(55552K), 0.0005830 secs] [Times: user=0.00 sys=0.00, real=0.00 secs] 
104.302: Total time for which application threads were stopped: 0.0007080 seconds, Stopping threads took: 0.0000710 seconds
104.333: Application time: 0.0318510 seconds
104.334: [GC104.334: [ParNew: 15544K->1574K(16640K), 0.0014040 secs] 46752K->34346K(55552K), 0.0014390 secs] [Times: user=0.00 sys=0.00, real=0.00 secs] 
104.335: Total time for which application threads were stopped: 0.0015780 seconds, Stopping threads took: 0.0000740 seconds
104.373: Application time: 0.0377590 seconds
104.373: [GC104.373: [ParNew: 15990K->1546K(16640K), 0.0006510 secs] 48762K->34347K(55552K), 0.0006830 secs] [Times: user=0.01 sys=0.00, real=0.00 secs] 
104.374: Total time for which application threads were stopped: 0.0008200 seconds, Stopping threads took: 0.0000800 seconds
104.407: Application time: 0.0335990 seconds
104.407: [GC104.407: [ParNew: 16190K->1636K(16640K), 0.0008650 secs] 48991K->34949K(55552K), 0.0009010 secs] [Times: user=0.00 sys=0.00, real=0.00 secs] 
104.408: Total time for which application threads were stopped: 0.0010940 seconds, Stopping threads took: 0.0001340 seconds
104.444: Application time: 0.0359670 seconds
104.444: [GC104.444: [ParNew: 16048K->1550K(16640K), 0.0007250 secs] 49361K->34948K(55552K), 0.0007590 secs] [Times: user=0.01 sys=0.00, real=0.00 secs] 
104.445: Total time for which application threads were stopped: 0.0008900 seconds, Stopping threads took: 0.0000630 seconds
104.478: Application time: 0.0329480 seconds
104.479: [GC104.479: [ParNew: 15956K->1546K(16640K), 0.0009310 secs] 49354K->35456K(55552K), 0.0009750 secs] [Times: user=0.00 sys=0.00, real=0.00 secs] 
104.480: Total time for which application threads were stopped: 0.0017890 seconds, Stopping threads took: 0.0007460 seconds
104.517: Application time: 0.0371270 seconds
104.517: [GC104.517: [ParNew: 16042K->1066K(16640K), 0.0005050 secs] 49953K->34976K(55552K), 0.0005360 secs] [Times: user=0.00 sys=0.00, real=0.00 secs] 
104.518: Total time for which application threads were stopped: 0.0006740 seconds, Stopping threads took: 0.0000820 seconds
104.549: Application time: 0.0316800 seconds
104.549: [GC104.549: [ParNew: 15468K->1548K(16640K), 0.0012060 secs] 49378K->37023K(55552K), 0.0012420 secs] [Times: user=0.01 sys=0.00, real=0.00 secs] 
104.551: Total time for which application threads were stopped: 0.0013710 seconds, Stopping threads took: 0.0000630 seconds
104.588: Application time: 0.0375330 seconds
104.588: [GC104.588: [ParNew: 15964K->1550K(16640K), 0.0006340 secs] 51439K->37025K(55552K), 0.0006690 secs] [Times: user=0.01 sys=0.00, real=0.01 secs] 
104.589: Total time for which application threads were stopped: 0.0008010 seconds, Stopping threads took: 0.0000730 seconds
104.621: Application time: 0.0318970 seconds
104.621: [GC104.621: [ParNew: 15956K->1546K(16640K), 0.0010670 secs] 51431K->38045K(55552K), 0.0011030 secs] [Times: user=0.01 sys=0.00, real=0.00 secs] 
104.622: Total time for which application threads were stopped: 0.0012510 seconds, Stopping threads took: 0.0000860 seconds
104.622: Application time: 0.0000770 seconds
104.625: [GC [1 CMS-initial-mark: 36499K(38912K)] 38557K(55552K), 0.0000920 secs] [Times: user=0.00 sys=0.00, real=0.00 secs] 
104.625: Total time for which application threads were stopped: 0.0023850 seconds, Stopping threads took: 0.0022750 seconds
104.625: [CMS-concurrent-mark-start]
104.628: [CMS-concurrent-mark: 0.003/0.003 secs] [Times: user=0.01 sys=0.00, real=0.00 secs] 
104.628: [CMS-concurrent-preclean-start]
104.628: [CMS-concurrent-preclean: 0.000/0.000 secs] [Times: user=0.00 sys=0.00, real=0.00 secs] 
104.628: Application time: 0.0034440 seconds
104.628: [GC[YG occupancy: 2074 K (16640 K)]104.628: [Rescan (parallel) , 0.0001180 secs]104.628: [weak refs processing, 0.0000060 secs]104.628: [scrub string table, 0.0000980 secs] [1 CMS-remark: 36499K(38912K)] 38573K(55552K), 0.0002450 secs] [Times: user=0.00 sys=0.00, real=0.00 secs] 
104.629: Total time for which application threads were stopped: 0.0003890 seconds, Stopping threads took: 0.0001220 seconds
104.629: [CMS-concurrent-sweep-start]
104.629: [CMS-concurrent-sweep: 0.001/0.001 secs] [Times: user=0.00 sys=0.00, real=0.00 secs] 
104.629: [CMS-concurrent-reset-start]
104.629: [CMS-concurrent-reset: 0.000/0.000 secs] [Times: user=0.00 sys=0.00, real=0.00 secs] 
104.662: Application time: 0.0336490 seconds
104.662: [GC104.662: [ParNew: 15958K->1546K(16640K), 0.0008560 secs] 22447K->8547K(55552K), 0.0008890 secs] [Times: user=0.01 sys=0.00, real=0.00 secs] 
104.663: Total time for which application threads were stopped: 0.0010210 seconds, Stopping threads took: 0.0000710 seconds
104.698: Application time: 0.0349850 seconds
104.698: [GC104.698: [ParNew: 15958K->1544K(16640K), 0.0006900 secs] 22959K->8545K(55552K), 0.0007250 secs] [Times: user=0.00 sys=0.00, real=0.00 secs] 
104.699: Total time for which application threads were stopped: 0.0008880 seconds, Stopping threads took: 0.0001040 seconds
104.734: Application time: 0.0345390 seconds
104.734: [GC104.734: [ParNew: 15952K->1546K(16640K), 0.0008990 secs] 22953K->9059K(55552K), 0.0009340 secs] [Times: user=0.00 sys=0.00, real=0.00 secs] 
104.735: Total time for which application threads were stopped: 0.0010670 seconds, Stopping threads took: 0.0000720 seconds
104.770: Application time: 0.0352310 seconds
104.770: [GC104.770: [ParNew: 15960K->1032K(16640K), 0.0005090 secs] 23473K->8545K(55552K), 0.0005420 secs] [Times: user=0.01 sys=0.00, real=0.00 secs] 
104.771: Total time for which application threads were stopped: 0.0006590 seconds, Stopping threads took: 0.0000630 seconds
104.803: Application time: 0.0322220 seconds
104.803: [GC104.803: [ParNew: 15512K->1578K(16640K), 0.0012010 secs] 23025K->10627K(55552K), 0.0012390 secs] [Times: user=0.01 sys=0.00, real=0.00 secs] 
104.804: Total time for which application threads were stopped: 0.0013910 seconds, Stopping threads took: 0.0000870 seconds
104.841: Application time: 0.0365300 seconds
104.845: [GC104.845: [ParNew: 15994K->1544K(16640K), 0.0006440 secs] 25043K->10621K(55552K), 0.0006760 secs] [Times: user=0.01 sys=0.00, real=0.00 secs] 
104.845: Total time for which application threads were stopped: 0.0046050 seconds, Stopping threads took: 0.0038720 seconds
104.880: Application time: 0.0347760 seconds
104.880: [GC104.880: [ParNew: 15954K->1548K(16640K), 0.0006500 secs] 25032K->10626K(55552K), 0.0006810 secs] [Times: user=0.00 sys=0.00, real=0.01 secs] 
104.881: Total time for which application threads were stopped: 0.0008010 seconds, Stopping threads took: 0.0000630 seconds
104.915: Application time: 0.0338860 seconds
104.915: [GC104.915: [ParNew: 15954K->1546K(16640K), 0.0010070 secs] 25031K->11648K(55552K), 0.0010440 secs] [Times: user=0.01 sys=0.00, real=0.00 secs] 
104.916: Total time for which application threads were stopped: 0.0012040 seconds, Stopping threads took: 0.0000960 seconds
104.952: Application time: 0.0358810 seconds
104.952: [GC104.952: [ParNew: 16116K->1606K(16640K), 0.0006560 secs] 26218K->11708K(55552K), 0.0006890 secs] [Times: user=0.00 sys=0.00, real=0.00 secs] 
104.953: Total time for which application threads were stopped: 0.0008230 seconds, Stopping threads took: 0.0000690 seconds
104.986: Application time: 0.0336150 seconds
104.986: [GC104.986: [ParNew: 16012K->1546K(16640K), 0.0010250 secs] 26114K->12729K(55552K), 0.0010610 secs] [Times: user=0.01 sys=0.00, real=0.00 secs] 
104.988: Total time for which application threads were stopped: 0.0011960 seconds, Stopping threads took: 0.0000620 seconds
105.024: Application time: 0.0364240 seconds
105.024: [GC105.024: [ParNew: 16120K->1608K(16640K), 0.0007250 secs] 27303K->12791K(55552K), 0.0007570 secs] [Times: user=0.00 sys=0.00, real=0.00 secs] 
105.025: Total time for which application threads were stopped: 0.0008710 seconds, Stopping threads took: 0.0000570 seconds
105.059: Application time: 0.0338050 seconds
105.059: [GC105.059: [ParNew: 16172K->1606K(16640K), 0.0008870 secs] 27355K->13358K(55552K), 0.0009220 secs] [Times: user=0.01 sys=0.00, real=0.00 secs] 
105.060: Total time for which application threads were stopped: 0.0010330 seconds, Stopping threads took: 0.0000550 seconds
105.095: Application time: 0.0353180 seconds
105.095: [GC105.095: [ParNew: 16018K->1544K(16640K), 0.0007060 secs] 27770K->13353K(55552K), 0.0007420 secs] [Times: user=0.00 sys=0.00, real=0.00 secs] 
105.096: Total time for which application threads were stopped: 0.0008850 seconds, Stopping threads took: 0.0000820 seconds
105.127: Application time: 0.0314430 seconds
105.127: [GC105.127: [ParNew: 15945K->1550K(16640K), 0.0014620 secs] 27755K->15407K(55552K), 0.0015020 secs] [Times: user=0.01 sys=0.00, real=0.01 secs] 
105.129: Total time for which application threads were stopped: 0.0016390 seconds, Stopping threads took: 0.0000710 seconds
105.167: Application time: 0.0383220 seconds
105.167: [GC105.167: [ParNew: 16048K->1580K(16640K), 0.0007020 secs] 29905K->15437K(55552K), 0.0007350 secs] [Times: user=0.01 sys=0.00, real=0.00 secs] 
105.168: Total time for which application threads were stopped: 0.0008740 seconds, Stopping threads took: 0.0000810 seconds
105.200: Application time: 0.0316930 seconds
105.200: [GC105.200: [ParNew: 15982K->1548K(16640K), 0.0012490 secs] 29839K->16969K(55552K), 0.0012860 secs] [Times: user=0.01 sys=0.00, real=0.01 secs] 
105.201: Total time for which application threads were stopped: 0.0014800 seconds, Stopping threads took: 0.0001300 seconds
105.239: Application time: 0.0377050 seconds
105.239: [GC105.239: [ParNew: 15966K->1546K(16640K), 0.0006310 secs] 31388K->16967K(55552K), 0.0006640 secs] [Times: user=0.01 sys=0.00, real=0.00 secs] 
105.240: Total time for which application threads were stopped: 0.0008000 seconds, Stopping threads took: 0.0000790 seconds
105.273: Application time: 0.0329380 seconds
105.273: [GC105.273: [ParNew: 15952K->1548K(16640K), 0.0009960 secs] 31373K->17993K(55552K), 0.0010310 secs] [Times: user=0.01 sys=0.00, real=0.00 secs] 
105.274: Total time for which application threads were stopped: 0.0011670 seconds, Stopping threads took: 0.0000740 seconds
105.311: Application time: 0.0365760 seconds
105.311: [GC105.311: [ParNew: 15962K->1544K(16640K), 0.0006600 secs] 32408K->17989K(55552K), 0.0006920 secs] [Times: user=0.01 sys=0.00, real=0.00 secs] 
105.311: Total time for which application threads were stopped: 0.0008120 seconds, Stopping threads took: 0.0000650 seconds
105.344: Application time: 0.0328020 seconds
105.344: [GC105.344: [ParNew: 15950K->1552K(16640K), 0.0009950 secs] 32395K->19021K(55552K), 0.0010330 secs] [Times: user=0.01 sys=0.00, real=0.00 secs] 
105.345: Total time for which application threads were stopped: 0.0011780 seconds, Stopping threads took: 0.0000820 seconds
105.383: Application time: 0.0371870 seconds
105.383: [GC105.383: [ParNew: 15968K->1034K(16640K), 0.0004940 secs] 33438K->18503K(55552K), 0.0005230 secs] [Times: user=0.00 sys=0.00, real=0.00 secs] 
105.383: Total time for which application threads were stopped: 0.0006350 seconds, Stopping threads took: 0.0000570 seconds
105.416: Application time: 0.0329360 seconds
105.416: [GC105.416: [ParNew: 15435K->1548K(16640K), 0.0012200 secs] 32905K->20553K(55552K), 0.0012580 secs] [Times: user=0.00 sys=0.00, real=0.00 secs] 
105.417: Total time for which application threads were stopped: 0.0014010 seconds, Stopping threads took: 0.0000800 seconds
105.454: Application time: 0.0362850 seconds
105.454: [GC105.454: [ParNew: 16042K->1576K(16640K), 0.0008740 secs] 35048K->21093K(55552K), 0.0009160 secs] [Times: user=0.00 sys=0.00, real=0.00 secs] 
105.455: Total time for which application threads were stopped: 0.0010470 seconds, Stopping threads took: 0.0000610 seconds
105.490: Application time: 0.0351240 seconds
105.490: [GC105.490: [ParNew: 15988K->1548K(16640K), 0.0006350 secs] 35506K->21094K(55552K), 0.0006660 secs] [Times: user=0.00 sys=0.00, real=0.00 secs] 
105.491: Total time for which application threads were stopped: 0.0008820 seconds, Stopping threads took: 0.0001580 seconds
105.526: Application time: 0.0347300 seconds
105.526: [GC105.526: [ParNew: 15956K->1548K(16640K), 0.0008230 secs] 35502K->21606K(55552K), 0.0008570 secs] [Times: user=0.00 sys=0.00, real=0.00 secs] 
105.527: Total time for which application threads were stopped: 0.0009830 seconds, Stopping threads took: 0.0000670 seconds
105.562: Application time: 0.0350580 seconds
105.562: [GC105.562: [ParNew: 15960K->1550K(16640K), 0.0006610 secs] 36018K->21608K(55552K), 0.0006930 secs] [Times: user=0.01 sys=0.00, real=0.00 secs] 
105.562: Total time for which application threads were stopped: 0.0008200 seconds, Stopping threads took: 0.0000690 seconds
105.599: Application time: 0.0362050 seconds
105.599: [GC105.599: [ParNew: 16042K->1062K(16640K), 0.0005910 secs] 36101K->21120K(55552K), 0.0006320 secs] [Times: user=0.00 sys=0.00, real=0.00 secs] 
105.599: Total time for which application threads were stopped: 0.0007500 seconds, Stopping threads took: 0.0000610 seconds
105.632: Application time: 0.0328820 seconds
105.632: [GC105.632: [ParNew: 15624K->1608K(16640K), 0.0008530 secs] 35682K->22207K(55552K), 0.0008900 secs] [Times: user=0.01 sys=0.00, real=0.00 secs] 
105.633: Total time for which application threads were stopped: 0.0010160 seconds, Stopping threads took: 0.0000650 seconds
105.669: Application time: 0.0360220 seconds
105.669: [GC105.669: [ParNew: 16102K->1066K(16640K), 0.0005710 secs] 36701K->21722K(55552K), 0.0006010 secs] [Times: user=0.01 sys=0.00, real=0.00 secs] 
105.670: Total time for which application threads were stopped: 0.0007160 seconds, Stopping threads took: 0.0000600 seconds
105.705: Application time: 0.0345230 seconds
105.705: [GC105.705: [ParNew: 15632K->1606K(16640K), 0.0006980 secs] 36288K->22290K(55552K), 0.0007310 secs] [Times: user=0.01 sys=0.00, real=0.00 secs] 
105.705: Total time for which application threads were stopped: 0.0008560 seconds, Stopping threads took: 0.0000670 seconds
105.740: Application time: 0.0340880 seconds
105.740: [GC105.740: [ParNew: 16014K->1548K(16640K), 0.0008500 secs] 36698K->22801K(55552K), 0.0008850 secs] [Times: user=0.00 sys=0.00, real=0.00 secs] 
105.741: Total time for which application threads were stopped: 0.0010200 seconds, Stopping threads took: 0.0000720 seconds
105.775: Application time: 0.0345520 seconds
105.775: [GC105.775: [ParNew: 15958K->1546K(16640K), 0.0008250 secs] 37211K->23311K(55552K), 0.0008580 secs] [Times: user=0.01 sys=0.00, real=0.00 secs] 
105.776: Total time for which application threads were stopped: 0.0010050 seconds, Stopping threads took: 0.0000850 seconds
105.813: Application time: 0.0367670 seconds
105.813: [GC105.813: [ParNew: 16040K->554K(16640K), 0.0003830 secs] 37806K->22319K(55552K), 0.0004120 secs] [Times: user=0.01 sys=0.00, real=0.00 secs] 
105.813: Total time for which application threads were stopped: 0.0005140 seconds, Stopping threads took: 0.0000510 seconds
105.845: Application time: 0.0311250 seconds
105.845: [GC105.845: [ParNew: 14955K->1580K(16640K), 0.0009910 secs] 36721K->24369K(55552K), 0.0010260 secs] [Times: user=0.01 sys=0.00, real=0.00 secs] 
105.846: Total time for which application threads were stopped: 0.0011790 seconds, Stopping threads took: 0.0000890 seconds
105.883: Application time: 0.0372130 seconds
105.883: [GC105.883: [ParNew: 15994K->1548K(16640K), 0.0006790 secs] 38783K->24366K(55552K), 0.0007100 secs] [Times: user=0.00 sys=0.00, real=0.00 secs] 
105.884: Total time for which application threads were stopped: 0.0008230 seconds, Stopping threads took: 0.0000570 seconds
105.917: Application time: 0.0334600 seconds
105.918: [GC105.918: [ParNew: 15956K->1546K(16640K), 0.0008250 secs] 38774K->24876K(55552K), 0.0008660 secs] [Times: user=0.01 sys=0.00, real=0.00 secs] 
105.919: Total time for which application threads were stopped: 0.0019730 seconds, Stopping threads took: 0.0010460 seconds
105.954: Application time: 0.0350550 seconds
105.954: [GC105.954: [ParNew: 15958K->1546K(16640K), 0.0007190 secs] 39288K->24876K(55552K), 0.0007530 secs] [Times: user=0.00 sys=0.00, real=0.00 secs] 
105.955: Total time for which application threads were stopped: 0.0009140 seconds, Stopping threads took: 0.0001010 seconds
105.993: Application time: 0.0375890 seconds
105.993: [GC105.993: [ParNew: 15960K->520K(16640K), 0.0003790 secs] 39290K->23850K(55552K), 0.0004100 secs] [Times: user=0.00 sys=0.00, real=0.00 secs] 
105.993: Total time for which application threads were stopped: 0.0005390 seconds, Stopping threads took: 0.0000680 seconds
106.026: Application time: 0.0327430 seconds
106.026: [GC106.026: [ParNew: 14921K->1548K(16640K), 0.0009980 secs] 38251K->25902K(55552K), 0.0010330 secs] [Times: user=0.01 sys=0.00, real=0.00 secs] 
106.027: Total time for which application threads were stopped: 0.0011770 seconds, Stopping threads took: 0.0000800 seconds
106.063: Application time: 0.0355430 seconds
106.063: [GC106.063: [ParNew: 15964K->1034K(16640K), 0.0004800 secs] 40318K->25388K(55552K), 0.0005080 secs] [Times: user=0.00 sys=0.00, real=0.00 secs] 
106.063: Total time for which application threads were stopped: 0.0006320 seconds, Stopping threads took: 0.0000710 seconds
106.098: Application time: 0.0344910 seconds
106.098: [GC106.098: [ParNew: 15444K->1034K(16640K), 0.0005430 secs] 39798K->25388K(55552K), 0.0005740 secs] [Times: user=0.00 sys=0.00, real=0.00 secs] 
106.099: Total time for which application threads were stopped: 0.0006890 seconds, Stopping threads took: 0.0000610 seconds
106.131: Application time: 0.0327430 seconds
106.131: [GC106.131: [ParNew: 15518K->1576K(16640K), 0.0008910 secs] 39872K->26442K(55552K), 0.0009240 secs] [Times: user=0.01 sys=0.00, real=0.00 secs] 
106.132: Total time for which application threads were stopped: 0.0010520 seconds, Stopping threads took: 0.0000660 seconds
106.170: Application time: 0.0371600 seconds
106.170: [GC106.170: [ParNew: 15992K->522K(16640K), 0.0005750 secs] 40858K->25416K(55552K), 0.0006060 secs] [Times: user=0.01 sys=0.00, real=0.00 secs] 
106.170: Total time for which application threads were stopped: 0.0007280 seconds, Stopping threads took: 0.0000630 seconds
106.203: Application time: 0.0326650 seconds
106.203: [GC106.203: [ParNew: 14925K->1546K(16640K), 0.0009340 secs] 39820K->26952K(55552K), 0.0009680 secs] [Times: user=0.00 sys=0.00, real=0.00 secs] 
106.204: Total time for which application threads were stopped: 0.0011190 seconds, Stopping threads took: 0.0000900 seconds
106.239: Application time: 0.0351180 seconds
106.239: [GC106.239: [ParNew: 15958K->1546K(16640K), 0.0007980 secs] 41364K->26952K(55552K), 0.0008290 secs] [Times: user=0.01 sys=0.00, real=0.00 secs] 
106.240: Total time for which application threads were stopped: 0.0009530 seconds, Stopping threads took: 0.0000660 seconds
106.274: Application time: 0.0340120 seconds
106.274: [GC106.274: [ParNew: 16112K->1602K(16640K), 0.0009340 secs] 41519K->27520K(55552K), 0.0009710 secs] [Times: user=0.00 sys=0.00, real=0.00 secs] 
106.275: Total time for which application threads were stopped: 0.0011390 seconds, Stopping threads took: 0.0001070 seconds
106.311: Application time: 0.0353270 seconds
106.311: [GC106.311: [ParNew: 16094K->1066K(16640K), 0.0006030 secs] 42013K->27041K(55552K), 0.0006350 secs] [Times: user=0.01 sys=0.00, real=0.00 secs] 
106.311: Total time for which application threads were stopped: 0.0008490 seconds, Stopping threads took: 0.0001590 seconds
106.346: Application time: 0.0345070 seconds
106.346: [GC106.346: [ParNew: 15711K->1636K(16640K), 0.0008660 secs] 41686K->28152K(55552K), 0.0008980 secs] [Times: user=0.01 sys=0.00, real=0.00 secs] 
106.347: Total time for which application threads were stopped: 0.0011620 seconds, Stopping threads took: 0.0001940 seconds
106.383: Application time: 0.0355910 seconds
106.383: [GC106.383: [ParNew: 16050K->1034K(16640K), 0.0005950 secs] 42566K->27635K(55552K), 0.0006260 secs] [Times: user=0.01 sys=0.00, real=0.00 secs] 
106.383: Total time for which application threads were stopped: 0.0007650 seconds, Stopping threads took: 0.0000850 seconds
106.417: Application time: 0.0335400 seconds
106.417: [GC106.417: [ParNew: 15440K->1544K(16640K), 0.0007510 secs] 42041K->28145K(55552K), 0.0007840 secs] [Times: user=0.00 sys=0.00, real=0.00 secs] 
106.418: Total time for which application threads were stopped: 0.0009680 seconds, Stopping threads took: 0.0001270 seconds
106.452: Application time: 0.0341050 seconds
106.452: [GC106.452: [ParNew: 16034K->1578K(16640K), 0.0008600 secs] 42636K->28691K(55552K), 0.0008990 secs] [Times: user=0.01 sys=0.00, real=0.00 secs] 
106.453: Total time for which application threads were stopped: 0.0010180 seconds, Stopping threads took: 0.0000580 seconds
106.489: Application time: 0.0354750 seconds
106.489: [GC106.489: [ParNew: 15990K->1548K(16640K), 0.0006870 secs] 43104K->28690K(55552K), 0.0007180 secs] [Times: user=0.00 sys=0.00, real=0.00 secs] 
106.489: Total time for which application threads were stopped: 0.0008400 seconds, Stopping threads took: 0.0000650 seconds
106.525: Application time: 0.0354770 seconds
106.525: [GC106.525: [ParNew: 15958K->1546K(16640K), 0.0006800 secs] 43100K->28688K(55552K), 0.0007130 secs] [Times: user=0.01 sys=0.00, real=0.00 secs] 
106.526: Total time for which application threads were stopped: 0.0008450 seconds, Stopping threads took: 0.0000650 seconds
106.561: Application time: 0.0348060 seconds
106.561: [GC106.561: [ParNew: 15956K->1546K(16640K), 0.0006770 secs] 43098K->28688K(55552K), 0.0007080 secs] [Times: user=0.00 sys=0.00, real=0.00 secs] 
106.561: Total time for which application threads were stopped: 0.0008160 seconds, Stopping threads took: 0.0000550 seconds
106.595: Application time: 0.0331530 seconds
106.595: [GC106.595: [ParNew: 15952K->1546K(16640K), 0.0009790 secs] 43094K->29712K(55552K), 0.0010130 secs] [Times: user=0.00 sys=0.00, real=0.00 secs] 
106.596: Total time for which application threads were stopped: 0.0011440 seconds, Stopping threads took: 0.0000690 seconds
106.631: Application time: 0.0354490 seconds
106.631: [GC106.631: [ParNew: 15960K->1548K(16640K), 0.0006460 secs] 44126K->29714K(55552K), 0.0006770 secs] [Times: user=0.00 sys=0.00, real=0.00 secs] 
106.632: Total time for which application threads were stopped: 0.0008040 seconds, Stopping threads took: 0.0000670 seconds
106.666: Application time: 0.0344020 seconds
106.666: [GC106.666: [ParNew: 15958K->1544K(16640K), 0.0007280 secs] 44124K->29710K(55552K), 0.0007600 secs] [Times: user=0.00 sys=0.00, real=0.00 secs] 
106.667: Total time for which application threads were stopped: 0.0008890 seconds, Stopping threads took: 0.0000680 seconds
106.701: Application time: 0.0336710 seconds
106.701: [GC106.701: [ParNew: 15950K->1548K(16640K), 0.0010580 secs] 44116K->30738K(55552K), 0.0010930 secs] [Times: user=0.00 sys=0.00, real=0.00 secs] 
106.702: Total time for which application threads were stopped: 0.0012360 seconds, Stopping threads took: 0.0000810 seconds
106.739: Application time: 0.0367350 seconds
106.739: [GC106.739: [ParNew: 15962K->1544K(16640K), 0.0007060 secs] 45152K->30734K(55552K), 0.0007350 secs] [Times: user=0.00 sys=0.00, real=0.00 secs] 
106.740: Total time for which application threads were stopped: 0.0008460 seconds, Stopping threads took: 0.0000550 seconds
106.774: Application time: 0.0339350 seconds
106.774: [GC106.774: [ParNew: 15950K->1548K(16640K), 0.0009870 secs] 45140K->31762K(55552K), 0.0010220 secs] [Times: user=0.01 sys=0.00, real=0.00 secs] 
106.775: Total time for which application threads were stopped: 0.0011590 seconds, Stopping threads took: 0.0000730 seconds
106.812: Application time: 0.0368930 seconds
106.812: [GC106.812: [ParNew: 16042K->1066K(16640K), 0.0005080 secs] 46256K->31280K(55552K), 0.0005470 secs] [Times: user=0.00 sys=0.00, real=0.00 secs] 
106.812: Total time for which application threads were stopped: 0.0006600 seconds, Stopping threads took: 0.0000620 seconds
106.844: Application time: 0.0314310 seconds
106.844: [GC106.844: [ParNew: 15468K->1548K(16640K), 0.0010110 secs] 45682K->32815K(55552K), 0.0010440 secs] [Times: user=0.01 sys=0.00, real=0.00 secs] 
106.845: Total time for which application threads were stopped: 0.0012290 seconds, Stopping threads took: 0.0001250 seconds
106.880: Application time: 0.0353090 seconds
106.880: [GC106.880: [ParNew: 15962K->1550K(16640K), 0.0008810 secs] 47229K->33329K(55552K), 0.0009120 secs] [Times: user=0.01 sys=0.00, real=0.01 secs] 
106.881: Total time for which application threads were stopped: 0.0010410 seconds, Stopping threads took: 0.0000690 seconds
106.918: Application time: 0.0367000 seconds
106.918: [GC106.918: [ParNew: 16122K->1096K(16640K), 0.0004840 secs] 47901K->32875K(55552K), 0.0005140 secs] [Times: user=0.00 sys=0.00, real=0.00 secs] 
106.919: Total time for which application threads were stopped: 0.0006280 seconds, Stopping threads took: 0.0000600 seconds
106.952: Application time: 0.0333570 seconds
106.952: [GC106.952: [ParNew: 15580K->1580K(16640K), 0.0008440 secs] 47359K->33928K(55552K), 0.0008800 secs] [Times: user=0.00 sys=0.00, real=0.00 secs] 
106.953: Total time for which application threads were stopped: 0.0010140 seconds, Stopping threads took: 0.0000730 seconds
106.989: Application time: 0.0361060 seconds
106.989: [GC106.989: [ParNew: 16235K->612K(16640K), 0.0004120 secs] 48583K->32988K(55552K), 0.0004420 secs] [Times: user=0.00 sys=0.00, real=0.00 secs] 
106.990: Total time for which application threads were stopped: 0.0005430 seconds, Stopping threads took: 0.0000500 seconds
107.022: Application time: 0.0326680 seconds
107.023: [GC107.023: [ParNew: 15016K->1636K(16640K), 0.0008940 secs] 47392K->34524K(55552K), 0.0009290 secs] [Times: user=0.01 sys=0.00, real=0.00 secs] 
107.023: Total time for which application threads were stopped: 0.0010450 seconds, Stopping threads took: 0.0000550 seconds
107.060: Application time: 0.0364250 seconds
107.060: [GC107.060: [ParNew: 16052K->522K(16640K), 0.0005070 secs] 48941K->33496K(55552K), 0.0005360 secs] [Times: user=0.00 sys=0.00, real=0.01 secs] 
107.061: Total time for which application threads were stopped: 0.0007640 seconds, Stopping threads took: 0.0001700 seconds
107.095: Application time: 0.0341300 seconds
107.095: [GC107.095: [ParNew: 15004K->1576K(16640K), 0.0008550 secs] 47978K->35062K(55552K), 0.0008880 secs] [Times: user=0.01 sys=0.00, real=0.00 secs] 
107.096: Total time for which application threads were stopped: 0.0010740 seconds, Stopping threads took: 0.0001270 seconds
107.132: Application time: 0.0359140 seconds
107.132: [GC107.132: [ParNew: 15988K->1548K(16640K), 0.0006790 secs] 49474K->35062K(55552K), 0.0007120 secs] [Times: user=0.01 sys=0.00, real=0.00 secs] 
107.133: Total time for which application threads were stopped: 0.0008340 seconds, Stopping threads took: 0.0000630 seconds
107.168: Application time: 0.0351210 seconds
107.169: [GC107.169: [ParNew: 15960K->1030K(16640K), 0.0005960 secs] 49474K->34544K(55552K), 0.0006270 secs] [Times: user=0.00 sys=0.00, real=0.00 secs] 
107.169: Total time for which application threads were stopped: 0.0015660 seconds, Stopping threads took: 0.0008850 seconds
107.202: Application time: 0.0331720 seconds
107.203: [GC107.203: [ParNew: 15436K->1546K(16640K), 0.0008330 secs] 48950K->35572K(55552K), 0.0008660 secs] [Times: user=0.01 sys=0.00, real=0.00 secs] 
107.203: Total time for which application threads were stopped: 0.0010080 seconds, Stopping threads took: 0.0000830 seconds
107.240: Application time: 0.0366390 seconds
107.240: [GC107.240: [ParNew: 15960K->1034K(16640K), 0.0004910 secs] 49986K->35060K(55552K), 0.0005190 secs] [Times: user=0.01 sys=0.00, real=0.01 secs] 
107.241: Total time for which application threads were stopped: 0.0006270 seconds, Stopping threads took: 0.0000540 seconds
107.273: Application time: 0.0325620 seconds
107.273: [GC107.273: [ParNew: 15440K->1550K(16640K), 0.0008220 secs] 49466K->36088K(55552K), 0.0008640 secs] [Times: user=0.00 sys=0.00, real=0.00 secs] 
107.274: Total time for which application threads were stopped: 0.0009920 seconds, Stopping threads took: 0.0000680 seconds
107.310: Application time: 0.0352320 seconds
107.310: [GC107.310: [ParNew: 15962K->1544K(16640K), 0.0006220 secs] 50500K->36082K(55552K), 0.0006520 secs] [Times: user=0.00 sys=0.00, real=0.00 secs] 
107.310: Total time for which application threads were stopped: 0.0007680 seconds, Stopping threads took: 0.0000620 seconds
107.346: Application time: 0.0352460 seconds
107.346: [GC107.346: [ParNew: 15952K->1548K(16640K), 0.0008640 secs] 50490K->36598K(55552K), 0.0008930 secs] [Times: user=0.01 sys=0.00, real=0.00 secs] 
107.347: Total time for which application threads were stopped: 0.0013570 seconds, Stopping threads took: 0.0004040 seconds
107.383: Application time: 0.0355970 seconds
107.383: [GC107.383: [ParNew: 15960K->1034K(16640K), 0.0005010 secs] 51010K->36084K(55552K), 0.0005290 secs] [Times: user=0.01 sys=0.00, real=0.00 secs] 
107.383: Total time for which application threads were stopped: 0.0006920 seconds, Stopping threads took: 0.0001120 seconds
107.417: Application time: 0.0342890 seconds
107.418: [GC107.418: [ParNew: 15442K->1550K(16640K), 0.0007930 secs] 50492K->37112K(55552K), 0.0008260 secs] [Times: user=0.01 sys=0.00, real=0.00 secs] 
107.418: Total time for which application threads were stopped: 0.0009490 seconds, Stopping threads took: 0.0000630 seconds
107.453: Application time: 0.0349040 seconds
107.453: [GC107.454: [ParNew: 15964K->1036K(16640K), 0.0004900 secs] 51526K->36598K(55552K), 0.0005180 secs] [Times: user=0.01 sys=0.00, real=0.00 secs] 
107.454: Total time for which application threads were stopped: 0.0006640 seconds, Stopping threads took: 0.0000930 seconds
107.487: Application time: 0.0330180 seconds
107.487: [GC107.487: [ParNew: 15518K->1580K(16640K), 0.0007860 secs] 51080K->37654K(55552K), 0.0008190 secs] [Times: user=0.00 sys=0.00, real=0.00 secs] 
107.488: Total time for which application threads were stopped: 0.0009880 seconds, Stopping threads took: 0.0001090 seconds
107.488: Application time: 0.0000770 seconds
107.488: [GC [1 CMS-initial-mark: 36074K(38912K)] 38171K(55552K), 0.0000970 secs] [Times: user=0.00 sys=0.00, real=0.00 secs] 
107.488: Total time for which application threads were stopped: 0.0002850 seconds, Stopping threads took: 0.0001700 seconds
107.488: [CMS-concurrent-mark-start]
107.494: [CMS-concurrent-mark: 0.006/0.006 secs] [Times: user=0.04 sys=0.00, real=0.01 secs] 
107.494: [CMS-concurrent-preclean-start]
107.494: [CMS-concurrent-preclean: 0.000/0.000 secs] [Times: user=0.00 sys=0.00, real=0.00 secs] 
107.494: [CMS-concurrent-abortable-preclean-start]
107.526: Application time: 0.0374980 seconds
107.526: [GC107.526: [ParNew: 16000K->520K(16640K), 0.0003680 secs] 52075K->36623K(55552K), 0.0003990 secs] [Times: user=0.00 sys=0.00, real=0.00 secs] 
107.527: Total time for which application threads were stopped: 0.0006010 seconds, Stopping threads took: 0.0001480 seconds
107.562: Application time: 0.0351050 seconds
107.562: [GC107.562: [ParNew: 15000K->1576K(16640K), 0.0009740 secs] 51103K->38191K(55552K), 0.0010080 secs] [Times: user=0.00 sys=0.00, real=0.00 secs] 
107.563: Total time for which application threads were stopped: 0.0012630 seconds, Stopping threads took: 0.0001890 seconds
107.598: Application time: 0.0350000 seconds
107.598: [GC107.598: [ParNew: 16066K->1578K(16640K), 0.0008730 secs] 52681K->38733K(55552K), 0.0009070 secs] [Times: user=0.01 sys=0.00, real=0.00 secs] 
107.599: Total time for which application threads were stopped: 0.0010350 seconds, Stopping threads took: 0.0000670 seconds
107.635: Application time: 0.0357470 seconds
107.635: [GC107.635: [ParNew: 16309K->1662K(16640K), 0.0007560 secs] 53465K->38846K(55552K), 0.0007900 secs] [Times: user=0.01 sys=0.00, real=0.00 secs] 
107.636: Total time for which application threads were stopped: 0.0009210 seconds, Stopping threads took: 0.0000650 seconds
107.670: Application time: 0.0344480 seconds
107.670: [GC107.670: [ParNew: 16072K->1546K(16640K), 0.0007140 secs] 53256K->38844K(55552K), 0.0007460 secs] [Times: user=0.01 sys=0.00, real=0.00 secs] 
107.671: Total time for which application threads were stopped: 0.0008590 seconds, Stopping threads took: 0.0000550 seconds
107.706: Application time: 0.0351040 seconds
107.706: [GC107.706: [ParNew: 15956K->1546K(16640K), 0.0006360 secs] 53254K->38844K(55552K), 0.0006690 secs] [Times: user=0.00 sys=0.00, real=0.00 secs] 
107.707: Total time for which application threads were stopped: 0.0007970 seconds, Stopping threads took: 0.0000670 seconds
107.741: Application time: 0.0343630 seconds
107.741: [GC107.741: [ParNew: 16038K->1066K(16640K), 0.0004800 secs] 53336K->38364K(55552K), 0.0005150 secs] [Times: user=0.00 sys=0.00, real=0.00 secs] 
107.742: Total time for which application threads were stopped: 0.0006980 seconds, Stopping threads took: 0.0001270 seconds
107.776: Application time: 0.0341870 seconds
107.776: [GC107.776: [ParNew: 15472K->1548K(16640K), 0.0008890 secs] 52770K->39386K(55552K), 0.0009260 secs] [Times: user=0.01 sys=0.00, real=0.00 secs] 
107.777: Total time for which application threads were stopped: 0.0010580 seconds, Stopping threads took: 0.0000710 seconds
107.813: Application time: 0.0355070 seconds
107.817: [GC107.817: [ParNew: 15960K->1034K(16640K), 0.0005880 secs] 53799K->38872K(55552K), 0.0006190 secs] [Times: user=0.00 sys=0.00, real=0.00 secs] 
107.817: Total time for which application threads were stopped: 0.0046300 seconds, Stopping threads took: 0.0039590 seconds
107.852: Application time: 0.0347070 seconds
107.852: [GC107.852: [ParNew: 15446K->1548K(16640K), 0.0007050 secs] 53285K->39386K(55552K), 0.0007420 secs] [Times: user=0.00 sys=0.00, real=0.00 secs] 
107.853: Total time for which application threads were stopped: 0.0008880 seconds, Stopping threads took: 0.0000880 seconds
107.888: Application time: 0.0350310 seconds
107.888: [GC107.888: [ParNew: 15956K->1548K(16640K), 0.0008290 secs] 53794K->39898K(55552K), 0.0008640 secs] [Times: user=0.01 sys=0.00, real=0.01 secs] 
107.889: Total time for which application threads were stopped: 0.0010030 seconds, Stopping threads took: 0.0000780 seconds
107.889: [CMS-concurrent-abortable-preclean: 0.002/0.395 secs] [Times: user=3.04 sys=0.00, real=0.40 secs] 
107.889: Application time: 0.0000930 seconds
107.889: [GC[YG occupancy: 2572 K (16640 K)]107.889: [Rescan (parallel) , 0.0001150 secs]107.889: [weak refs processing, 0.0000060 secs]107.889: [scrub string table, 0.0000750 secs] [1 CMS-remark: 38350K(38912K)] 40923K(55552K), 0.0002150 secs] [Times: user=0.00 sys=0.00, real=0.00 secs] 
107.889: Total time for which application threads were stopped: 0.0003990 seconds, Stopping threads took: 0.0001640 seconds
107.889: [CMS-concurrent-sweep-start]
107.890: [CMS-concurrent-sweep: 0.001/0.001 secs] [Times: user=0.00 sys=0.00, real=0.00 secs] 
107.890: [CMS-concurrent-reset-start]
107.890: [CMS-concurrent-reset: 0.000/0.000 secs] [Times: user=0.00 sys=0.00, real=0.00 secs] 
107.926: Application time: 0.0368730 seconds
107.926: [GC107.926: [ParNew: 15962K->1034K(16640K), 0.0004800 secs] 24189K->9261K(55552K), 0.0005100 secs] [Times: user=0.00 sys=0.00, real=0.00 secs] 
107.927: Total time for which application threads were stopped: 0.0006300 seconds, Stopping threads took: 0.0000650 seconds
107.958: Application time: 0.0312520 seconds
107.958: [GC107.958: [ParNew: 15435K->1548K(16640K), 0.0011860 secs] 23663K->11311K(55552K), 0.0012250 secs] [Times: user=0.01 sys=0.00, real=0.00 secs] 
107.960: Total time for which application threads were stopped: 0.0013570 seconds, Stopping threads took: 0.0000660 seconds
107.997: Application time: 0.0372050 seconds
107.997: [GC107.997: [ParNew: 15966K->1034K(16640K), 0.0005530 secs] 25729K->10797K(55552K), 0.0005850 secs] [Times: user=0.01 sys=0.00, real=0.00 secs] 
107.997: Total time for which application threads were stopped: 0.0007520 seconds, Stopping threads took: 0.0000950 seconds
108.030: Application time: 0.0326670 seconds
108.030: [GC108.030: [ParNew: 15437K->1548K(16640K), 0.0010580 secs] 25201K->12335K(55552K), 0.0011020 secs] [Times: user=0.01 sys=0.00, real=0.00 secs] 
108.031: Total time for which application threads were stopped: 0.0012340 seconds, Stopping threads took: 0.0000700 seconds
108.067: Application time: 0.0352670 seconds
108.067: [GC108.067: [ParNew: 15964K->1034K(16640K), 0.0005270 secs] 26751K->11821K(55552K), 0.0005580 secs] [Times: user=0.00 sys=0.00, real=0.00 secs] 
108.067: Total time for which application threads were stopped: 0.0006860 seconds, Stopping threads took: 0.0000640 seconds
108.101: Application time: 0.0337290 seconds
108.101: [GC108.101: [ParNew: 15442K->1548K(16640K), 0.0007400 secs] 26229K->12335K(55552K), 0.0007710 secs] [Times: user=0.00 sys=0.00, real=0.00 secs] 
108.102: Total time for which application threads were stopped: 0.0010200 seconds, Stopping threads took: 0.0001930 seconds
108.136: Application time: 0.0340390 seconds
108.136: [GC108.136: [ParNew: 15954K->1548K(16640K), 0.0009850 secs] 26741K->13359K(55552K), 0.0010210 secs] [Times: user=0.00 sys=0.00, real=0.00 secs] 
108.137: Total time for which application threads were stopped: 0.0011720 seconds, Stopping threads took: 0.0000880 seconds
108.174: Application time: 0.0362500 seconds
108.174: [GC108.174: [ParNew: 16040K->1580K(16640K), 0.0008090 secs] 27852K->13903K(55552K), 0.0008440 secs] [Times: user=0.00 sys=0.00, real=0.00 secs] 
108.175: Total time for which application threads were stopped: 0.0010000 seconds, Stopping threads took: 0.0000950 seconds
108.210: Application time: 0.0350140 seconds
108.210: [GC108.210: [ParNew: 16072K->1578K(16640K), 0.0007430 secs] 28395K->13930K(55552K), 0.0007750 secs] [Times: user=0.01 sys=0.00, real=0.00 secs] 
108.210: Total time for which application threads were stopped: 0.0008880 seconds, Stopping threads took: 0.0000570 seconds
108.245: Application time: 0.0346320 seconds
108.245: [GC108.245: [ParNew: 15988K->1546K(16640K), 0.0006380 secs] 28340K->13926K(55552K), 0.0006690 secs] [Times: user=0.01 sys=0.00, real=0.00 secs] 
108.246: Total time for which application threads were stopped: 0.0007820 seconds, Stopping threads took: 0.0000560 seconds
108.280: Application time: 0.0341400 seconds
108.280: [GC108.280: [ParNew: 16347K->1692K(16640K), 0.0007480 secs] 28728K->14072K(55552K), 0.0007820 secs] [Times: user=0.01 sys=0.00, real=0.01 secs] 
108.281: Total time for which application threads were stopped: 0.0009010 seconds, Stopping threads took: 0.0000630 seconds
108.314: Application time: 0.0334490 seconds
108.314: [GC108.314: [ParNew: 16100K->1548K(16640K), 0.0008750 secs] 28480K->14583K(55552K), 0.0009120 secs] [Times: user=0.01 sys=0.00, real=0.00 secs] 
108.315: Total time for which application threads were stopped: 0.0010340 seconds, Stopping threads took: 0.0000640 seconds
108.350: Application time: 0.0343250 seconds
108.350: [GC108.350: [ParNew: 15956K->1550K(16640K), 0.0009740 secs] 28991K->15609K(55552K), 0.0010120 secs] [Times: user=0.01 sys=0.00, real=0.00 secs] 
108.351: Total time for which application threads were stopped: 0.0011570 seconds, Stopping threads took: 0.0000820 seconds
108.386: Application time: 0.0353660 seconds
108.386: [GC108.386: [ParNew: 16044K->1580K(16640K), 0.0006230 secs] 30103K->15639K(55552K), 0.0006550 secs] [Times: user=0.01 sys=0.00, real=0.00 secs] 
108.387: Total time for which application threads were stopped: 0.0007690 seconds, Stopping threads took: 0.0000550 seconds
108.425: Application time: 0.0380610 seconds
108.429: [GC108.429: [ParNew: 15988K->1548K(16640K), 0.0009860 secs] 30047K->16147K(55552K), 0.0010160 secs] [Times: user=0.01 sys=0.00, real=0.00 secs] 
108.430: Total time for which application threads were stopped: 0.0045650 seconds, Stopping threads took: 0.0034820 seconds
108.465: Application time: 0.0352340 seconds
108.465: [GC108.465: [ParNew: 15958K->1544K(16640K), 0.0008500 secs] 30557K->16655K(55552K), 0.0008850 secs] [Times: user=0.01 sys=0.00, real=0.00 secs] 
108.466: Total time for which application threads were stopped: 0.0010120 seconds, Stopping threads took: 0.0000580 seconds
108.501: Application time: 0.0355190 seconds
108.502: [GC108.502: [ParNew: 15958K->1032K(16640K), 0.0005170 secs] 31069K->16143K(55552K), 0.0005470 secs] [Times: user=0.01 sys=0.00, real=0.00 secs] 
108.502: Total time for which application threads were stopped: 0.0006660 seconds, Stopping threads took: 0.0000650 seconds
108.536: Application time: 0.0338180 seconds
108.536: [GC108.536: [ParNew: 15438K->1544K(16640K), 0.0007070 secs] 30549K->16655K(55552K), 0.0007420 secs] [Times: user=0.01 sys=0.00, real=0.00 secs] 
108.537: Total time for which application threads were stopped: 0.0008910 seconds, Stopping threads took: 0.0000900 seconds
108.571: Application time: 0.0345120 seconds
108.571: [GC108.571: [ParNew: 15952K->1548K(16640K), 0.0009720 secs] 31063K->17683K(55552K), 0.0010070 secs] [Times: user=0.00 sys=0.00, real=0.00 secs] 
108.572: Total time for which application threads were stopped: 0.0011530 seconds, Stopping threads took: 0.0000740 seconds
108.609: Application time: 0.0365550 seconds
108.609: [GC108.609: [ParNew: 15964K->1030K(16640K), 0.0004660 secs] 32100K->17165K(55552K), 0.0004940 secs] [Times: user=0.00 sys=0.00, real=0.00 secs] 
108.610: Total time for which application threads were stopped: 0.0006080 seconds, Stopping threads took: 0.0000600 seconds
108.643: Application time: 0.0328750 seconds
108.643: [GC108.643: [ParNew: 15433K->1548K(16640K), 0.0010050 secs] 31569K->18707K(55552K), 0.0010400 secs] [Times: user=0.01 sys=0.00, real=0.00 secs] 
108.644: Total time for which application threads were stopped: 0.0011770 seconds, Stopping threads took: 0.0000770 seconds
108.680: Application time: 0.0365720 seconds
108.680: [GC108.680: [ParNew: 15962K->1548K(16640K), 0.0006740 secs] 33122K->18707K(55552K), 0.0007090 secs] [Times: user=0.01 sys=0.00, real=0.01 secs] 
108.681: Total time for which application threads were stopped: 0.0008330 seconds, Stopping threads took: 0.0000650 seconds
108.716: Application time: 0.0350100 seconds
108.716: [GC108.716: [ParNew: 15962K->522K(16640K), 0.0003360 secs] 33121K->17681K(55552K), 0.0003670 secs] [Times: user=0.00 sys=0.00, real=0.00 secs] 
108.717: Total time for which application threads were stopped: 0.0004720 seconds, Stopping threads took: 0.0000550 seconds
108.749: Application time: 0.0323730 seconds
108.749: [GC108.749: [ParNew: 14923K->1548K(16640K), 0.0010790 secs] 32083K->19731K(55552K), 0.0011110 secs] [Times: user=0.01 sys=0.00, real=0.00 secs] 
108.750: Total time for which application threads were stopped: 0.0012380 seconds, Stopping threads took: 0.0000630 seconds
108.787: Application time: 0.0368220 seconds
108.787: [GC108.787: [ParNew: 15964K->1038K(16640K), 0.0005330 secs] 34148K->19221K(55552K), 0.0005650 secs] [Times: user=0.00 sys=0.00, real=0.00 secs] 
108.788: Total time for which application threads were stopped: 0.0006870 seconds, Stopping threads took: 0.0000670 seconds
108.820: Application time: 0.0327530 seconds
108.821: [GC108.821: [ParNew: 15520K->1576K(16640K), 0.0011120 secs] 33703K->20783K(55552K), 0.0011490 secs] [Times: user=0.00 sys=0.00, real=0.00 secs] 
108.822: Total time for which application threads were stopped: 0.0012830 seconds, Stopping threads took: 0.0000640 seconds
108.857: Application time: 0.0350950 seconds
108.857: [GC108.857: [ParNew: 16070K->1578K(16640K), 0.0007250 secs] 35278K->20814K(55552K), 0.0007590 secs] [Times: user=0.00 sys=0.00, real=0.00 secs] 
108.858: Total time for which application threads were stopped: 0.0008760 seconds, Stopping threads took: 0.0000610 seconds
108.892: Application time: 0.0347070 seconds
108.893: [GC108.893: [ParNew: 15988K->1546K(16640K), 0.0007260 secs] 35224K->20810K(55552K), 0.0007580 secs] [Times: user=0.01 sys=0.00, real=0.00 secs] 
108.893: Total time for which application threads were stopped: 0.0008930 seconds, Stopping threads took: 0.0000720 seconds
108.927: Application time: 0.0339780 seconds
108.927: [GC108.927: [ParNew: 16032K->1578K(16640K), 0.0008000 secs] 35297K->21355K(55552K), 0.0008420 secs] [Times: user=0.01 sys=0.00, real=0.00 secs] 
108.928: Total time for which application threads were stopped: 0.0009710 seconds, Stopping threads took: 0.0000670 seconds
108.963: Application time: 0.0349370 seconds
108.963: [GC108.963: [ParNew: 16305K->1664K(16640K), 0.0007260 secs] 36082K->21469K(55552K), 0.0007570 secs] [Times: user=0.00 sys=0.00, real=0.00 secs] 
108.964: Total time for which application threads were stopped: 0.0008660 seconds, Stopping threads took: 0.0000570 seconds
109.000: Application time: 0.0355380 seconds
109.000: [GC109.000: [ParNew: 16072K->1546K(16640K), 0.0009270 secs] 35877K->21977K(55552K), 0.0009620 secs] [Times: user=0.00 sys=0.00, real=0.01 secs] 
109.001: Total time for which application threads were stopped: 0.0011140 seconds, Stopping threads took: 0.0000900 seconds
109.035: Application time: 0.0346360 seconds
109.035: [GC109.035: [ParNew: 16032K->1578K(16640K), 0.0009690 secs] 36463K->23033K(55552K), 0.0010050 secs] [Times: user=0.00 sys=0.00, real=0.00 secs] 
109.037: Total time for which application threads were stopped: 0.0011290 seconds, Stopping threads took: 0.0000580 seconds
109.072: Application time: 0.0350180 seconds
109.072: [GC109.072: [ParNew: 15992K->1546K(16640K), 0.0006980 secs] 37447K->23030K(55552K), 0.0007280 secs] [Times: user=0.01 sys=0.00, real=0.00 secs] 
109.072: Total time for which application threads were stopped: 0.0008740 seconds, Stopping threads took: 0.0000820 seconds
109.106: Application time: 0.0335460 seconds
109.106: [GC109.106: [ParNew: 15952K->1546K(16640K), 0.0008920 secs] 37436K->23542K(55552K), 0.0009270 secs] [Times: user=0.00 sys=0.00, real=0.00 secs] 
109.107: Total time for which application threads were stopped: 0.0011290 seconds, Stopping threads took: 0.0001400 seconds
109.141: Application time: 0.0343860 seconds
109.142: [GC109.142: [ParNew: 15960K->1546K(16640K), 0.0006560 secs] 37956K->23542K(55552K), 0.0006880 secs] [Times: user=0.00 sys=0.00, real=0.00 secs] 
109.142: Total time for which application threads were stopped: 0.0008010 seconds, Stopping threads took: 0.0000550 seconds
109.176: Application time: 0.0335380 seconds
109.176: [GC109.176: [ParNew: 15952K->1546K(16640K), 0.0008800 secs] 37948K->24054K(55552K), 0.0009150 secs] [Times: user=0.01 sys=0.00, real=0.00 secs] 
109.177: Total time for which application threads were stopped: 0.0011160 seconds, Stopping threads took: 0.0001420 seconds
109.214: Application time: 0.0373590 seconds
109.214: [GC109.214: [ParNew: 15962K->1032K(16640K), 0.0005810 secs] 38470K->23540K(55552K), 0.0006110 secs] [Times: user=0.00 sys=0.00, real=0.00 secs] 
109.215: Total time for which application threads were stopped: 0.0007230 seconds, Stopping threads took: 0.0000630 seconds
109.247: Application time: 0.0320660 seconds
109.247: [GC109.247: [ParNew: 15435K->1546K(16640K), 0.0010600 secs] 37943K->25078K(55552K), 0.0010960 secs] [Times: user=0.00 sys=0.00, real=0.00 secs] 
109.248: Total time for which application threads were stopped: 0.0012240 seconds, Stopping threads took: 0.0000630 seconds
109.284: Application time: 0.0357640 seconds
109.284: [GC109.284: [ParNew: 15962K->1036K(16640K), 0.0005730 secs] 39494K->24568K(55552K), 0.0006030 secs] [Times: user=0.00 sys=0.00, real=0.00 secs] 
109.285: Total time for which application threads were stopped: 0.0007840 seconds, Stopping threads took: 0.0001280 seconds
109.318: Application time: 0.0335080 seconds
109.318: [GC109.318: [ParNew: 15442K->1546K(16640K), 0.0008150 secs] 38974K->25590K(55552K), 0.0008480 secs] [Times: user=0.00 sys=0.00, real=0.00 secs] 
109.319: Total time for which application threads were stopped: 0.0009710 seconds, Stopping threads took: 0.0000610 seconds
109.355: Application time: 0.0354950 seconds
109.355: [GC109.355: [ParNew: 15958K->1544K(16640K), 0.0006920 secs] 40002K->25588K(55552K), 0.0007230 secs] [Times: user=0.00 sys=0.00, real=0.00 secs] 
109.356: Total time for which application threads were stopped: 0.0008710 seconds, Stopping threads took: 0.0000880 seconds
109.390: Application time: 0.0344820 seconds
109.390: [GC109.390: [ParNew: 15954K->1546K(16640K), 0.0006190 secs] 39998K->25590K(55552K), 0.0006600 secs] [Times: user=0.00 sys=0.00, real=0.00 secs] 
109.391: Total time for which application threads were stopped: 0.0007810 seconds, Stopping threads took: 0.0000620 seconds
109.425: Application time: 0.0339890 seconds
109.425: [GC109.425: [ParNew: 15954K->1548K(16640K), 0.0009060 secs] 39998K->26104K(55552K), 0.0009430 secs] [Times: user=0.01 sys=0.00, real=0.00 secs] 
109.426: Total time for which application threads were stopped: 0.0010880 seconds, Stopping threads took: 0.0000830 seconds
109.463: Application time: 0.0366500 seconds
109.463: [GC109.463: [ParNew: 16040K->1064K(16640K), 0.0004830 secs] 40596K->25620K(55552K), 0.0005120 secs] [Times: user=0.00 sys=0.00, real=0.00 secs] 
109.463: Total time for which application threads were stopped: 0.0006220 seconds, Stopping threads took: 0.0000630 seconds
109.495: Application time: 0.0317870 seconds
109.495: [GC109.495: [ParNew: 15468K->1550K(16640K), 0.0009990 secs] 40024K->27158K(55552K), 0.0010380 secs] [Times: user=0.00 sys=0.00, real=0.00 secs] 
109.496: Total time for which application threads were stopped: 0.0011690 seconds, Stopping threads took: 0.0000670 seconds
109.535: Application time: 0.0383540 seconds
109.535: [GC109.535: [ParNew: 16046K->1066K(16640K), 0.0005690 secs] 41655K->26674K(55552K), 0.0006000 secs] [Times: user=0.00 sys=0.00, real=0.00 secs] 
109.535: Total time for which application threads were stopped: 0.0007380 seconds, Stopping threads took: 0.0000830 seconds
109.567: Application time: 0.0313650 seconds
109.567: [GC109.567: [ParNew: 15548K->1576K(16640K), 0.0010320 secs] 41156K->28237K(55552K), 0.0010690 secs] [Times: user=0.01 sys=0.00, real=0.00 secs] 
109.568: Total time for which application threads were stopped: 0.0011980 seconds, Stopping threads took: 0.0000670 seconds
109.605: Application time: 0.0368360 seconds
109.605: [GC109.605: [ParNew: 16231K->1124K(16640K), 0.0005440 secs] 42892K->27813K(55552K), 0.0005750 secs] [Times: user=0.00 sys=0.00, real=0.00 secs] 
109.606: Total time for which application threads were stopped: 0.0007190 seconds, Stopping threads took: 0.0000800 seconds
109.639: Application time: 0.0332960 seconds
109.639: [GC109.639: [ParNew: 15608K->1576K(16640K), 0.0007280 secs] 42298K->28351K(55552K), 0.0007590 secs] [Times: user=0.00 sys=0.00, real=0.00 secs] 
109.640: Total time for which application threads were stopped: 0.0009150 seconds, Stopping threads took: 0.0000990 seconds
109.674: Application time: 0.0346450 seconds
109.674: [GC109.674: [ParNew: 16064K->1576K(16640K), 0.0008320 secs] 42839K->28891K(55552K), 0.0008640 secs] [Times: user=0.01 sys=0.00, real=0.00 secs] 
109.675: Total time for which application threads were stopped: 0.0009930 seconds, Stopping threads took: 0.0000690 seconds
109.710: Application time: 0.0351250 seconds
109.711: [GC109.711: [ParNew: 15986K->1548K(16640K), 0.0008470 secs] 43302K->29404K(55552K), 0.0008790 secs] [Times: user=0.00 sys=0.00, real=0.00 secs] 
109.711: Total time for which application threads were stopped: 0.0009990 seconds, Stopping threads took: 0.0000610 seconds
109.747: Application time: 0.0358080 seconds
109.747: [GC109.747: [ParNew: 15964K->522K(16640K), 0.0003610 secs] 43820K->28378K(55552K), 0.0003900 secs] [Times: user=0.00 sys=0.00, real=0.00 secs] 
109.748: Total time for which application threads were stopped: 0.0005100 seconds, Stopping threads took: 0.0000670 seconds
109.781: Application time: 0.0335390 seconds
109.781: [GC109.781: [ParNew: 14923K->1548K(16640K), 0.0009900 secs] 42780K->30428K(55552K), 0.0010240 secs] [Times: user=0.01 sys=0.00, real=0.00 secs] 
109.783: Total time for which application threads were stopped: 0.0011690 seconds, Stopping threads took: 0.0000830 seconds
109.817: Application time: 0.0349730 seconds
109.818: [GC109.818: [ParNew: 15964K->1036K(16640K), 0.0004790 secs] 44844K->29916K(55552K), 0.0005090 secs] [Times: user=0.00 sys=0.00, real=0.00 secs] 
109.818: Total time for which application threads were stopped: 0.0006480 seconds, Stopping threads took: 0.0000780 seconds
109.851: Application time: 0.0332780 seconds
109.852: [GC109.852: [ParNew: 15442K->1548K(16640K), 0.0008180 secs] 44322K->30940K(55552K), 0.0008520 secs] [Times: user=0.00 sys=0.00, real=0.00 secs] 
109.852: Total time for which application threads were stopped: 0.0009820 seconds, Stopping threads took: 0.0000700 seconds
109.887: Application time: 0.0344100 seconds
109.887: [GC109.887: [ParNew: 15956K->1548K(16640K), 0.0009800 secs] 45348K->31964K(55552K), 0.0010150 secs] [Times: user=0.00 sys=0.00, real=0.00 secs] 
109.888: Total time for which application threads were stopped: 0.0011330 seconds, Stopping threads took: 0.0000570 seconds
109.924: Application time: 0.0360180 seconds
109.924: [GC109.924: [ParNew: 15962K->1544K(16640K), 0.0006860 secs] 46378K->31960K(55552K), 0.0007190 secs] [Times: user=0.01 sys=0.00, real=0.00 secs] 
109.925: Total time for which application threads were stopped: 0.0008490 seconds, Stopping threads took: 0.0000730 seconds
109.958: Application time: 0.0334580 seconds
109.958: [GC109.958: [ParNew: 15952K->1546K(16640K), 0.0008660 secs] 46368K->32474K(55552K), 0.0008960 secs] [Times: user=0.01 sys=0.00, real=0.00 secs] 
109.959: Total time for which application threads were stopped: 0.0010930 seconds, Stopping threads took: 0.0001380 seconds
109.995: Application time: 0.0351630 seconds
109.995: [GC109.995: [ParNew: 15958K->1546K(16640K), 0.0006990 secs] 46886K->32474K(55552K), 0.0007330 secs] [Times: user=0.00 sys=0.00, real=0.00 secs] 
109.995: Total time for which application threads were stopped: 0.0008480 seconds, Stopping threads took: 0.0000550 seconds
110.030: Application time: 0.0350660 seconds
110.031: [GC110.031: [ParNew: 15956K->1546K(16640K), 0.0006290 secs] 46884K->32474K(55552K), 0.0006610 secs] [Times: user=0.01 sys=0.00, real=0.00 secs] 
110.031: Total time for which application threads were stopped: 0.0008160 seconds, Stopping threads took: 0.0000950 seconds
110.065: Application time: 0.0340350 seconds
110.065: [GC110.065: [ParNew: 15952K->1548K(16640K), 0.0009890 secs] 46880K->33500K(55552K), 0.0010260 secs] [Times: user=0.01 sys=0.00, real=0.00 secs] 
110.066: Total time for which application threads were stopped: 0.0011510 seconds, Stopping threads took: 0.0000690 seconds
110.102: Application time: 0.0355470 seconds
110.102: [GC110.102: [ParNew: 15962K->1544K(16640K), 0.0006180 secs] 47914K->33496K(55552K), 0.0006480 secs] [Times: user=0.01 sys=0.00, real=0.00 secs] 
110.103: Total time for which application threads were stopped: 0.0007870 seconds, Stopping threads took: 0.0000810 seconds
110.139: Application time: 0.0366350 seconds
110.140: [GC110.140: [ParNew: 16036K->556K(16640K), 0.0003570 secs] 47988K->32508K(55552K), 0.0003840 secs] [Times: user=0.00 sys=0.00, real=0.00 secs] 
110.140: Total time for which application threads were stopped: 0.0004940 seconds, Stopping threads took: 0.0000520 seconds
110.173: Application time: 0.0326030 seconds
110.173: [GC110.173: [ParNew: 15038K->1608K(16640K), 0.0008240 secs] 46990K->34072K(55552K), 0.0008580 secs] [Times: user=0.01 sys=0.00, real=0.00 secs] 
110.174: Total time for which application threads were stopped: 0.0009880 seconds, Stopping threads took: 0.0000700 seconds
110.211: Application time: 0.0375350 seconds
110.211: [GC110.211: [ParNew: 16106K->40K(16640K), 0.0002730 secs] 48571K->32561K(55552K), 0.0003020 secs] [Times: user=0.00 sys=0.00, real=0.00 secs] 
110.211: Total time for which application threads were stopped: 0.0004130 seconds, Stopping threads took: 0.0000610 seconds
110.242: Application time: 0.0306830 seconds
110.242: [GC110.242: [ParNew: 14598K->1636K(16640K), 0.0008390 secs] 47119K->34669K(55552K), 0.0008730 secs] [Times: user=0.01 sys=0.00, real=0.00 secs] 
110.243: Total time for which application threads were stopped: 0.0010020 seconds, Stopping threads took: 0.0000680 seconds
110.280: Application time: 0.0367220 seconds
110.280: [GC110.280: [ParNew: 16213K->72K(16640K), 0.0003390 secs] 49246K->33191K(55552K), 0.0003780 secs] [Times: user=0.00 sys=0.00, real=0.00 secs] 
110.280: Total time for which application threads were stopped: 0.0004820 seconds, Stopping threads took: 0.0000530 seconds
110.313: Application time: 0.0326390 seconds
110.313: [GC110.313: [ParNew: 14552K->1636K(16640K), 0.0008340 secs] 47671K->35267K(55552K), 0.0008690 secs] [Times: user=0.01 sys=0.00, real=0.00 secs] 
110.314: Total time for which application threads were stopped: 0.0009930 seconds, Stopping threads took: 0.0000630 seconds
110.348: Application time: 0.0341360 seconds
110.348: [GC110.348: [ParNew: 16046K->1550K(16640K), 0.0008880 secs] 49677K->35778K(55552K), 0.0009260 secs] [Times: user=0.01 sys=0.00, real=0.01 secs] 
110.349: Total time for which application threads were stopped: 0.0010650 seconds, Stopping threads took: 0.0000770 seconds
110.386: Application time: 0.0364820 seconds
110.386: [GC110.386: [ParNew: 15964K->1034K(16640K), 0.0004860 secs] 50192K->35262K(55552K), 0.0005140 secs] [Times: user=0.00 sys=0.00, real=0.00 secs] 
110.386: Total time for which application threads were stopped: 0.0006320 seconds, Stopping threads took: 0.0000650 seconds
110.417: Application time: 0.0310020 seconds
110.418: [GC110.418: [ParNew: 15440K->1550K(16640K), 0.0007900 secs] 49668K->36290K(55552K), 0.0008220 secs] [Times: user=0.01 sys=0.00, real=0.00 secs] 
110.418: Total time for which application threads were stopped: 0.0010100 seconds, Stopping threads took: 0.0001290 seconds
110.456: Application time: 0.0373970 seconds
110.456: [GC110.456: [ParNew: 15966K->520K(16640K), 0.0003840 secs] 50706K->35260K(55552K), 0.0004110 secs] [Times: user=0.00 sys=0.00, real=0.00 secs] 
110.456: Total time for which application threads were stopped: 0.0005230 seconds, Stopping threads took: 0.0000630 seconds
110.489: Application time: 0.0331150 seconds
110.489: [GC110.490: [ParNew: 14923K->1548K(16640K), 0.0008420 secs] 49664K->36800K(55552K), 0.0008750 secs] [Times: user=0.01 sys=0.00, real=0.00 secs] 
110.490: Total time for which application threads were stopped: 0.0009930 seconds, Stopping threads took: 0.0000600 seconds
110.527: Application time: 0.0362530 seconds
110.527: [GC110.527: [ParNew: 15962K->1036K(16640K), 0.0005130 secs] 51214K->36288K(55552K), 0.0005430 secs] [Times: user=0.00 sys=0.00, real=0.00 secs] 
110.527: Total time for which application threads were stopped: 0.0006710 seconds, Stopping threads took: 0.0000720 seconds
110.559: Application time: 0.0316300 seconds
110.559: [GC110.559: [ParNew: 15437K->1548K(16640K), 0.0012520 secs] 50690K->38336K(55552K), 0.0012880 secs] [Times: user=0.01 sys=0.00, real=0.00 secs] 
110.560: Total time for which application threads were stopped: 0.0014190 seconds, Stopping threads took: 0.0000670 seconds
110.560: Application time: 0.0000850 seconds
110.561: [GC [1 CMS-initial-mark: 36788K(38912K)] 38848K(55552K), 0.0000970 secs] [Times: user=0.00 sys=0.00, real=0.00 secs] 
110.561: Total time for which application threads were stopped: 0.0003620 seconds, Stopping threads took: 0.0002460 seconds
110.561: [CMS-concurrent-mark-start]
110.566: [CMS-concurrent-mark: 0.006/0.006 secs] [Times: user=0.01 sys=0.02, real=0.00 secs] 
110.566: [CMS-concurrent-preclean-start]
110.567: [CMS-concurrent-preclean: 0.000/0.000 secs] [Times: user=0.00 sys=0.00, real=0.00 secs] 
110.567: [CMS-concurrent-abortable-preclean-start]
110.599: Application time: 0.0378920 seconds
110.599: [GC110.599: [ParNew: 15964K->1546K(16640K), 0.0006820 secs] 52753K->38334K(55552K), 0.0007160 secs] [Times: user=0.00 sys=0.00, real=0.00 secs] 
110.600: Total time for which application threads were stopped: 0.0008670 seconds, Stopping threads took: 0.0000930 seconds
110.634: Application time: 0.0347040 seconds
110.634: [GC110.634: [ParNew: 15954K->1546K(16640K), 0.0008000 secs] 52742K->38846K(55552K), 0.0008330 secs] [Times: user=0.01 sys=0.00, real=0.00 secs] 
110.635: Total time for which application threads were stopped: 0.0009560 seconds, Stopping threads took: 0.0000630 seconds
110.670: Application time: 0.0351770 seconds
110.671: [GC110.671: [ParNew: 15962K->522K(16640K), 0.0003710 secs] 53263K->37822K(55552K), 0.0004090 secs] [Times: user=0.00 sys=0.00, real=0.00 secs] 
110.671: Total time for which application threads were stopped: 0.0006270 seconds, Stopping threads took: 0.0001570 seconds
110.704: Application time: 0.0329400 seconds
110.704: [GC110.704: [ParNew: 14923K->1548K(16640K), 0.0009790 secs] 52224K->39872K(55552K), 0.0010150 secs] [Times: user=0.01 sys=0.00, real=0.00 secs] 
110.705: Total time for which application threads were stopped: 0.0011480 seconds, Stopping threads took: 0.0000700 seconds
110.705: [CMS-concurrent-abortable-preclean: 0.001/0.139 secs] [Times: user=1.10 sys=0.00, real=0.14 secs] 
110.705: Application time: 0.0000740 seconds
110.705: [GC[YG occupancy: 2060 K (16640 K)]110.705: [Rescan (parallel) , 0.0001130 secs]110.706: [weak refs processing, 0.0000050 secs]110.706: [scrub string table, 0.0000750 secs] [1 CMS-remark: 38324K(38912K)] 40384K(55552K), 0.0002100 secs] [Times: user=0.00 sys=0.00, real=0.00 secs] 
110.706: Total time for which application threads were stopped: 0.0004080 seconds, Stopping threads took: 0.0001800 seconds
110.706: [CMS-concurrent-sweep-start]
110.707: [CMS-concurrent-sweep: 0.001/0.001 secs] [Times: user=0.00 sys=0.00, real=0.00 secs] 
110.707: [CMS-concurrent-reset-start]
110.707: [CMS-concurrent-reset: 0.000/0.000 secs] [Times: user=0.00 sys=0.00, real=0.00 secs] 
110.743: Application time: 0.0369940 seconds
110.743: [GC110.743: [ParNew: 15964K->1546K(16640K), 0.0006390 secs] 24506K->10088K(55552K), 0.0006690 secs] [Times: user=0.01 sys=0.00, real=0.00 secs] 
110.743: Total time for which application threads were stopped: 0.0007870 seconds, Stopping threads took: 0.0000590 seconds
110.775: Application time: 0.0314370 seconds
110.775: [GC110.775: [ParNew: 15948K->1550K(16640K), 0.0014470 secs] 24490K->12140K(55552K), 0.0014820 secs] [Times: user=0.01 sys=0.00, real=0.00 secs] 
110.776: Total time for which application threads were stopped: 0.0016420 seconds, Stopping threads took: 0.0000950 seconds
110.815: Application time: 0.0380850 seconds
110.815: [GC110.815: [ParNew: 16128K->1608K(16640K), 0.0006490 secs] 26719K->12198K(55552K), 0.0006790 secs] [Times: user=0.00 sys=0.00, real=0.00 secs] 
110.815: Total time for which application threads were stopped: 0.0008250 seconds, Stopping threads took: 0.0000980 seconds
110.849: Application time: 0.0338210 seconds
110.849: [GC110.849: [ParNew: 16094K->1578K(16640K), 0.0008330 secs] 26684K->12737K(55552K), 0.0008660 secs] [Times: user=0.01 sys=0.00, real=0.00 secs] 
110.850: Total time for which application threads were stopped: 0.0009920 seconds, Stopping threads took: 0.0000670 seconds
110.885: Application time: 0.0346640 seconds
110.885: [GC110.885: [ParNew: 16142K->1608K(16640K), 0.0010350 secs] 27302K->13820K(55552K), 0.0010700 secs] [Times: user=0.01 sys=0.00, real=0.00 secs] 
110.886: Total time for which application threads were stopped: 0.0011940 seconds, Stopping threads took: 0.0000620 seconds
110.923: Application time: 0.0366260 seconds
110.923: [GC110.923: [ParNew: 16024K->1036K(16640K), 0.0005390 secs] 28236K->13305K(55552K), 0.0005700 secs] [Times: user=0.00 sys=0.00, real=0.00 secs] 
110.923: Total time for which application threads were stopped: 0.0006860 seconds, Stopping threads took: 0.0000620 seconds
110.958: Application time: 0.0348160 seconds
110.958: [GC110.958: [ParNew: 15685K->1124K(16640K), 0.0005300 secs] 27954K->13393K(55552K), 0.0005600 secs] [Times: user=0.00 sys=0.00, real=0.00 secs] 
110.959: Total time for which application threads were stopped: 0.0006870 seconds, Stopping threads took: 0.0000720 seconds
110.993: Application time: 0.0343120 seconds
110.993: [GC110.993: [ParNew: 15530K->1548K(16640K), 0.0008720 secs] 27799K->14414K(55552K), 0.0009060 secs] [Times: user=0.00 sys=0.00, real=0.00 secs] 
110.994: Total time for which application threads were stopped: 0.0010300 seconds, Stopping threads took: 0.0000640 seconds
111.030: Application time: 0.0353960 seconds
111.030: [GC111.030: [ParNew: 15962K->1034K(16640K), 0.0004770 secs] 28828K->13900K(55552K), 0.0005140 secs] [Times: user=0.00 sys=0.00, real=0.00 secs] 
111.030: Total time for which application threads were stopped: 0.0006310 seconds, Stopping threads took: 0.0000630 seconds
111.063: Application time: 0.0331950 seconds
111.064: [GC111.064: [ParNew: 15437K->1546K(16640K), 0.0010280 secs] 28304K->15436K(55552K), 0.0010630 secs] [Times: user=0.01 sys=0.00, real=0.00 secs] 
111.065: Total time for which application threads were stopped: 0.0012190 seconds, Stopping threads took: 0.0000910 seconds
111.101: Application time: 0.0364960 seconds
111.101: [GC111.101: [ParNew: 15962K->1032K(16640K), 0.0005170 secs] 29853K->14922K(55552K), 0.0005490 secs] [Times: user=0.00 sys=0.00, real=0.00 secs] 
111.102: Total time for which application threads were stopped: 0.0006690 seconds, Stopping threads took: 0.0000650 seconds
111.134: Application time: 0.0322100 seconds
111.134: [GC111.134: [ParNew: 15438K->1548K(16640K), 0.0007970 secs] 29328K->15950K(55552K), 0.0008320 secs] [Times: user=0.01 sys=0.00, real=0.00 secs] 
111.135: Total time for which application threads were stopped: 0.0009620 seconds, Stopping threads took: 0.0000690 seconds
111.171: Application time: 0.0361400 seconds
111.171: [GC111.171: [ParNew: 15962K->1034K(16640K), 0.0004830 secs] 30365K->15436K(55552K), 0.0005130 secs] [Times: user=0.00 sys=0.00, real=0.00 secs] 
111.172: Total time for which application threads were stopped: 0.0006250 seconds, Stopping threads took: 0.0000610 seconds
111.205: Application time: 0.0329290 seconds
111.205: [GC111.205: [ParNew: 15437K->1546K(16640K), 0.0008050 secs] 29840K->16460K(55552K), 0.0008370 secs] [Times: user=0.01 sys=0.00, real=0.00 secs] 
111.206: Total time for which application threads were stopped: 0.0009810 seconds, Stopping threads took: 0.0000770 seconds
111.241: Application time: 0.0352840 seconds
111.241: [GC111.241: [ParNew: 15960K->1546K(16640K), 0.0006080 secs] 30875K->16460K(55552K), 0.0006410 secs] [Times: user=0.01 sys=0.00, real=0.00 secs] 
111.242: Total time for which application threads were stopped: 0.0007530 seconds, Stopping threads took: 0.0000540 seconds
111.277: Application time: 0.0352200 seconds
111.277: [GC111.277: [ParNew: 15954K->1544K(16640K), 0.0006630 secs] 30868K->16458K(55552K), 0.0006950 secs] [Times: user=0.00 sys=0.00, real=0.00 secs] 
111.278: Total time for which application threads were stopped: 0.0008200 seconds, Stopping threads took: 0.0000640 seconds
111.311: Application time: 0.0336420 seconds
111.312: [GC111.312: [ParNew: 15954K->1546K(16640K), 0.0008220 secs] 30868K->16972K(55552K), 0.0008540 secs] [Times: user=0.01 sys=0.00, real=0.00 secs] 
111.312: Total time for which application threads were stopped: 0.0009790 seconds, Stopping threads took: 0.0000660 seconds
111.347: Application time: 0.0349610 seconds
111.347: [GC111.348: [ParNew: 15956K->1548K(16640K), 0.0007970 secs] 31382K->17486K(55552K), 0.0008300 secs] [Times: user=0.01 sys=0.00, real=0.00 secs] 
111.348: Total time for which application threads were stopped: 0.0009470 seconds, Stopping threads took: 0.0000570 seconds
111.384: Application time: 0.0360520 seconds
111.384: [GC111.385: [ParNew: 15960K->1544K(16640K), 0.0006630 secs] 31899K->17482K(55552K), 0.0006950 secs] [Times: user=0.00 sys=0.00, real=0.00 secs] 
111.385: Total time for which application threads were stopped: 0.0008130 seconds, Stopping threads took: 0.0000610 seconds
111.417: Application time: 0.0320000 seconds
111.417: [GC111.417: [ParNew: 15945K->1552K(16640K), 0.0013470 secs] 31884K->19538K(55552K), 0.0013870 secs] [Times: user=0.01 sys=0.00, real=0.00 secs] 
111.419: Total time for which application threads were stopped: 0.0015070 seconds, Stopping threads took: 0.0000610 seconds
111.457: Application time: 0.0384300 seconds
111.457: [GC111.457: [ParNew: 16130K->1608K(16640K), 0.0006160 secs] 34117K->19595K(55552K), 0.0006480 secs] [Times: user=0.01 sys=0.00, real=0.00 secs] 
111.458: Total time for which application threads were stopped: 0.0007610 seconds, Stopping threads took: 0.0000570 seconds
111.492: Application time: 0.0340130 seconds
111.492: [GC111.492: [ParNew: 16094K->1580K(16640K), 0.0008580 secs] 34081K->20136K(55552K), 0.0009010 secs] [Times: user=0.00 sys=0.00, real=0.00 secs] 
111.493: Total time for which application threads were stopped: 0.0010260 seconds, Stopping threads took: 0.0000640 seconds
111.530: Application time: 0.0370070 seconds
111.530: [GC111.530: [ParNew: 16154K->1090K(16640K), 0.0006020 secs] 34710K->19674K(55552K), 0.0006340 secs] [Times: user=0.00 sys=0.00, real=0.00 secs] 
111.531: Total time for which application threads were stopped: 0.0007660 seconds, Stopping threads took: 0.0000770 seconds
111.563: Application time: 0.0324780 seconds
111.563: [GC111.563: [ParNew: 15494K->1546K(16640K), 0.0010220 secs] 34078K->21211K(55552K), 0.0010580 secs] [Times: user=0.01 sys=0.00, real=0.00 secs] 
111.564: Total time for which application threads were stopped: 0.0011870 seconds, Stopping threads took: 0.0000670 seconds
111.601: Application time: 0.0368340 seconds
111.601: [GC111.601: [ParNew: 16199K->1122K(16640K), 0.0004850 secs] 35864K->20787K(55552K), 0.0005120 secs] [Times: user=0.00 sys=0.00, real=0.00 secs] 
111.602: Total time for which application threads were stopped: 0.0007140 seconds, Stopping threads took: 0.0001510 seconds
111.636: Application time: 0.0343850 seconds
111.636: [GC111.636: [ParNew: 15528K->1550K(16640K), 0.0007670 secs] 35193K->21301K(55552K), 0.0007970 secs] [Times: user=0.00 sys=0.00, real=0.00 secs] 
111.637: Total time for which application threads were stopped: 0.0009120 seconds, Stopping threads took: 0.0000590 seconds
111.671: Application time: 0.0338160 seconds
111.671: [GC111.671: [ParNew: 15960K->1548K(16640K), 0.0008810 secs] 35711K->21811K(55552K), 0.0009170 secs] [Times: user=0.01 sys=0.00, real=0.00 secs] 
111.672: Total time for which application threads were stopped: 0.0010380 seconds, Stopping threads took: 0.0000590 seconds
111.707: Application time: 0.0351240 seconds
111.707: [GC111.707: [ParNew: 15960K->1546K(16640K), 0.0007040 secs] 36223K->21809K(55552K), 0.0007350 secs] [Times: user=0.00 sys=0.00, real=0.00 secs] 
111.708: Total time for which application threads were stopped: 0.0008560 seconds, Stopping threads took: 0.0000560 seconds
111.742: Application time: 0.0342290 seconds
111.742: [GC111.742: [ParNew: 15954K->1546K(16640K), 0.0007920 secs] 36217K->22321K(55552K), 0.0008280 secs] [Times: user=0.00 sys=0.00, real=0.00 secs] 
111.743: Total time for which application threads were stopped: 0.0009540 seconds, Stopping threads took: 0.0000630 seconds
111.779: Application time: 0.0357660 seconds
111.779: [GC111.779: [ParNew: 15958K->1546K(16640K), 0.0007130 secs] 36733K->22321K(55552K), 0.0007420 secs] [Times: user=0.00 sys=0.00, real=0.00 secs] 
111.780: Total time for which application threads were stopped: 0.0008530 seconds, Stopping threads took: 0.0000590 seconds
111.814: Application time: 0.0337140 seconds
111.814: [GC111.814: [ParNew: 15954K->1546K(16640K), 0.0008560 secs] 36729K->22833K(55552K), 0.0008900 secs] [Times: user=0.01 sys=0.00, real=0.00 secs] 
111.815: Total time for which application threads were stopped: 0.0010100 seconds, Stopping threads took: 0.0000610 seconds
111.849: Application time: 0.0343490 seconds
111.849: [GC111.849: [ParNew: 15956K->1548K(16640K), 0.0008720 secs] 37243K->23347K(55552K), 0.0009060 secs] [Times: user=0.01 sys=0.00, real=0.00 secs] 
111.850: Total time for which application threads were stopped: 0.0010190 seconds, Stopping threads took: 0.0000550 seconds
111.885: Application time: 0.0349880 seconds
111.885: [GC111.885: [ParNew: 15960K->1550K(16640K), 0.0006190 secs] 37759K->23349K(55552K), 0.0006510 secs] [Times: user=0.00 sys=0.00, real=0.00 secs] 
111.886: Total time for which application threads were stopped: 0.0007750 seconds, Stopping threads took: 0.0000670 seconds
111.920: Application time: 0.0346870 seconds
111.921: [GC111.921: [ParNew: 15960K->1034K(16640K), 0.0004940 secs] 37759K->22833K(55552K), 0.0005240 secs] [Times: user=0.00 sys=0.00, real=0.00 secs] 
111.921: Total time for which application threads were stopped: 0.0007240 seconds, Stopping threads took: 0.0001360 seconds
111.955: Application time: 0.0337910 seconds
111.955: [GC111.955: [ParNew: 15440K->1552K(16640K), 0.0010090 secs] 37239K->24375K(55552K), 0.0010440 secs] [Times: user=0.01 sys=0.00, real=0.00 secs] 
111.956: Total time for which application threads were stopped: 0.0011730 seconds, Stopping threads took: 0.0000670 seconds
111.993: Application time: 0.0364130 seconds
111.993: [GC111.993: [ParNew: 15970K->522K(16640K), 0.0003490 secs] 38793K->23345K(55552K), 0.0003780 secs] [Times: user=0.01 sys=0.00, real=0.00 secs] 
111.993: Total time for which application threads were stopped: 0.0004850 seconds, Stopping threads took: 0.0000550 seconds
112.025: Application time: 0.0323300 seconds
112.025: [GC112.025: [ParNew: 14923K->1548K(16640K), 0.0009980 secs] 37746K->25395K(55552K), 0.0010330 secs] [Times: user=0.01 sys=0.00, real=0.00 secs] 
112.027: Total time for which application threads were stopped: 0.0011510 seconds, Stopping threads took: 0.0000610 seconds
112.063: Application time: 0.0363090 seconds
112.063: [GC112.063: [ParNew: 15964K->1034K(16640K), 0.0004810 secs] 39811K->24881K(55552K), 0.0005100 secs] [Times: user=0.00 sys=0.00, real=0.00 secs] 
112.063: Total time for which application threads were stopped: 0.0006310 seconds, Stopping threads took: 0.0000690 seconds
112.096: Application time: 0.0325150 seconds
112.096: [GC112.096: [ParNew: 15516K->1578K(16640K), 0.0010120 secs] 39363K->26449K(55552K), 0.0010500 secs] [Times: user=0.01 sys=0.00, real=0.00 secs] 
112.097: Total time for which application threads were stopped: 0.0011730 seconds, Stopping threads took: 0.0000600 seconds
112.133: Application time: 0.0354590 seconds
112.133: [GC112.133: [ParNew: 16153K->1092K(16640K), 0.0005730 secs] 41024K->25991K(55552K), 0.0006040 secs] [Times: user=0.01 sys=0.00, real=0.00 secs] 
112.133: Total time for which application threads were stopped: 0.0007100 seconds, Stopping threads took: 0.0000520 seconds
112.166: Application time: 0.0328780 seconds
112.166: [GC112.166: [ParNew: 15574K->1580K(16640K), 0.0010260 secs] 40473K->27560K(55552K), 0.0010620 secs] [Times: user=0.01 sys=0.00, real=0.00 secs] 
112.167: Total time for which application threads were stopped: 0.0011930 seconds, Stopping threads took: 0.0000690 seconds
112.204: Application time: 0.0362180 seconds
112.204: [GC112.204: [ParNew: 16076K->1066K(16640K), 0.0005340 secs] 42057K->27075K(55552K), 0.0005640 secs] [Times: user=0.00 sys=0.00, real=0.00 secs] 
112.204: Total time for which application threads were stopped: 0.0006890 seconds, Stopping threads took: 0.0000710 seconds
112.237: Application time: 0.0324360 seconds
112.237: [GC112.237: [ParNew: 15470K->1546K(16640K), 0.0010900 secs] 41479K->28607K(55552K), 0.0011240 secs] [Times: user=0.01 sys=0.00, real=0.00 secs] 
112.238: Total time for which application threads were stopped: 0.0012550 seconds, Stopping threads took: 0.0000590 seconds
112.276: Application time: 0.0377040 seconds
112.276: [GC112.276: [ParNew: 16201K->1122K(16640K), 0.0005240 secs] 43263K->28184K(55552K), 0.0005540 secs] [Times: user=0.01 sys=0.00, real=0.00 secs] 
112.276: Total time for which application threads were stopped: 0.0006650 seconds, Stopping threads took: 0.0000630 seconds
112.309: Application time: 0.0327310 seconds
112.309: [GC112.309: [ParNew: 15524K->1548K(16640K), 0.0012490 secs] 42585K->30231K(55552K), 0.0012860 secs] [Times: user=0.01 sys=0.00, real=0.00 secs] 
112.311: Total time for which application threads were stopped: 0.0014610 seconds, Stopping threads took: 0.0001110 seconds
112.347: Application time: 0.0360020 seconds
112.347: [GC112.347: [ParNew: 15966K->1030K(16640K), 0.0004950 secs] 44649K->29713K(55552K), 0.0005270 secs] [Times: user=0.01 sys=0.00, real=0.00 secs] 
112.347: Total time for which application threads were stopped: 0.0006370 seconds, Stopping threads took: 0.0000550 seconds
112.381: Application time: 0.0338360 seconds
112.381: [GC112.381: [ParNew: 15435K->1548K(16640K), 0.0008160 secs] 44119K->30743K(55552K), 0.0008580 secs] [Times: user=0.00 sys=0.00, real=0.00 secs] 
112.382: Total time for which application threads were stopped: 0.0010630 seconds, Stopping threads took: 0.0001450 seconds
112.417: Application time: 0.0349580 seconds
112.417: [GC112.417: [ParNew: 15960K->1548K(16640K), 0.0006300 secs] 45155K->30743K(55552K), 0.0006650 secs] [Times: user=0.01 sys=0.00, real=0.00 secs] 
112.418: Total time for which application threads were stopped: 0.0008010 seconds, Stopping threads took: 0.0000780 seconds
112.453: Application time: 0.0352840 seconds
112.453: [GC112.453: [ParNew: 15960K->1032K(16640K), 0.0005080 secs] 45155K->30227K(55552K), 0.0005390 secs] [Times: user=0.00 sys=0.00, real=0.00 secs] 
112.454: Total time for which application threads were stopped: 0.0006470 seconds, Stopping threads took: 0.0000540 seconds
112.488: Application time: 0.0338170 seconds
112.488: [GC112.488: [ParNew: 15438K->1548K(16640K), 0.0007290 secs] 44633K->31255K(55552K), 0.0007640 secs] [Times: user=0.01 sys=0.00, real=0.00 secs] 
112.489: Total time for which application threads were stopped: 0.0008850 seconds, Stopping threads took: 0.0000550 seconds
112.524: Application time: 0.0353120 seconds
112.524: [GC112.524: [ParNew: 15960K->1544K(16640K), 0.0006930 secs] 45667K->31251K(55552K), 0.0007270 secs] [Times: user=0.00 sys=0.00, real=0.00 secs] 
112.525: Total time for which application threads were stopped: 0.0008470 seconds, Stopping threads took: 0.0000620 seconds
112.559: Application time: 0.0346960 seconds
112.560: [GC112.560: [ParNew: 15954K->1550K(16640K), 0.0006440 secs] 45661K->31257K(55552K), 0.0006750 secs] [Times: user=0.00 sys=0.00, real=0.00 secs] 
112.560: Total time for which application threads were stopped: 0.0008080 seconds, Stopping threads took: 0.0000730 seconds
112.595: Application time: 0.0349070 seconds
112.595: [GC112.595: [ParNew: 15956K->1548K(16640K), 0.0010350 secs] 45663K->32279K(55552K), 0.0010740 secs] [Times: user=0.01 sys=0.00, real=0.00 secs] 
112.596: Total time for which application threads were stopped: 0.0012130 seconds, Stopping threads took: 0.0000740 seconds
112.631: Application time: 0.0346990 seconds
112.631: [GC112.631: [ParNew: 15958K->1546K(16640K), 0.0010220 secs] 46689K->33301K(55552K), 0.0010620 secs] [Times: user=0.01 sys=0.00, real=0.00 secs] 
112.632: Total time for which application threads were stopped: 0.0011890 seconds, Stopping threads took: 0.0000640 seconds
112.669: Application time: 0.0365220 seconds
112.669: [GC112.669: [ParNew: 15962K->1036K(16640K), 0.0004820 secs] 47717K->32791K(55552K), 0.0005140 secs] [Times: user=0.00 sys=0.00, real=0.00 secs] 
112.669: Total time for which application threads were stopped: 0.0006580 seconds, Stopping threads took: 0.0000910 seconds
112.701: Application time: 0.0316460 seconds
112.701: [GC112.701: [ParNew: 15442K->1548K(16640K), 0.0009870 secs] 47197K->34327K(55552K), 0.0010250 secs] [Times: user=0.01 sys=0.00, real=0.00 secs] 
112.702: Total time for which application threads were stopped: 0.0011490 seconds, Stopping threads took: 0.0000590 seconds
112.702: Application time: 0.0000340 seconds
112.702: [GC [1 CMS-initial-mark: 32779K(38912K)] 34839K(55552K), 0.0000960 secs] [Times: user=0.00 sys=0.00, real=0.00 secs] 
112.703: Total time for which application threads were stopped: 0.0002980 seconds, Stopping threads took: 0.0001840 seconds
112.703: [CMS-concurrent-mark-start]
112.705: [CMS-concurrent-mark: 0.003/0.003 secs] [Times: user=0.02 sys=0.00, real=0.00 secs] 
112.705: [CMS-concurrent-preclean-start]
112.705: [CMS-concurrent-preclean: 0.000/0.000 secs] [Times: user=0.00 sys=0.00, real=0.00 secs] 
112.705: Application time: 0.0027240 seconds
112.705: [GC[YG occupancy: 2064 K (16640 K)]112.705: [Rescan (parallel) , 0.0001040 secs]112.705: [weak refs processing, 0.0000070 secs]112.705: [scrub string table, 0.0000900 secs] [1 CMS-remark: 32779K(38912K)] 34843K(55552K), 0.0002260 secs] [Times: user=0.00 sys=0.00, real=0.00 secs] 
112.706: Total time for which application threads were stopped: 0.0003000 seconds, Stopping threads took: 0.0000470 seconds
112.706: [CMS-concurrent-sweep-start]
112.706: [CMS-concurrent-sweep: 0.001/0.001 secs] [Times: user=0.00 sys=0.00, real=0.00 secs] 
112.706: [CMS-concurrent-reset-start]
112.706: [CMS-concurrent-reset: 0.000/0.000 secs] [Times: user=0.00 sys=0.00, real=0.00 secs] 
112.740: Application time: 0.0341750 seconds
112.740: [GC112.740: [ParNew: 15962K->1548K(16640K), 0.0007160 secs] 22458K->8044K(55552K), 0.0007490 secs] [Times: user=0.01 sys=0.00, real=0.01 secs] 
112.741: Total time for which application threads were stopped: 0.0009950 seconds, Stopping threads took: 0.0001790 seconds
112.776: Application time: 0.0351070 seconds
112.776: [GC112.776: [ParNew: 16196K->1634K(16640K), 0.0008350 secs] 22692K->8130K(55552K), 0.0008690 secs] [Times: user=0.00 sys=0.00, real=0.00 secs] 
112.777: Total time for which application threads were stopped: 0.0009820 seconds, Stopping threads took: 0.0000550 seconds
112.810: Application time: 0.0335190 seconds
112.810: [GC112.810: [ParNew: 16122K->1580K(16640K), 0.0009560 secs] 22618K->8673K(55552K), 0.0009900 secs] [Times: user=0.00 sys=0.00, real=0.00 secs] 
112.811: Total time for which application threads were stopped: 0.0011390 seconds, Stopping threads took: 0.0000860 seconds
112.848: Application time: 0.0363240 seconds
112.848: [GC112.848: [ParNew: 15992K->1544K(16640K), 0.0007160 secs] 23085K->8666K(55552K), 0.0007510 secs] [Times: user=0.01 sys=0.00, real=0.01 secs] 
112.849: Total time for which application threads were stopped: 0.0008620 seconds, Stopping threads took: 0.0000550 seconds
112.882: Application time: 0.0334450 seconds
112.882: [GC112.882: [ParNew: 16032K->1580K(16640K), 0.0008090 secs] 23154K->9214K(55552K), 0.0008430 secs] [Times: user=0.01 sys=0.00, real=0.00 secs] 
112.883: Total time for which application threads were stopped: 0.0009680 seconds, Stopping threads took: 0.0000670 seconds
112.918: Application time: 0.0354080 seconds
112.919: [GC112.919: [ParNew: 16229K->1634K(16640K), 0.0006870 secs] 23863K->9296K(55552K), 0.0007200 secs] [Times: user=0.01 sys=0.00, real=0.00 secs] 
112.919: Total time for which application threads were stopped: 0.0008420 seconds, Stopping threads took: 0.0000640 seconds
112.953: Application time: 0.0339420 seconds
112.953: [GC112.953: [ParNew: 16042K->1548K(16640K), 0.0009440 secs] 23704K->9808K(55552K), 0.0009760 secs] [Times: user=0.01 sys=0.00, real=0.00 secs] 
112.954: Total time for which application threads were stopped: 0.0011060 seconds, Stopping threads took: 0.0000690 seconds
112.989: Application time: 0.0345320 seconds
112.989: [GC112.989: [ParNew: 15958K->1548K(16640K), 0.0008680 secs] 24218K->10320K(55552K), 0.0009000 secs] [Times: user=0.01 sys=0.00, real=0.00 secs] 
112.990: Total time for which application threads were stopped: 0.0010370 seconds, Stopping threads took: 0.0000780 seconds
113.025: Application time: 0.0349360 seconds
113.025: [GC113.025: [ParNew: 15958K->1548K(16640K), 0.0008840 secs] 24730K->10832K(55552K), 0.0009170 secs] [Times: user=0.00 sys=0.00, real=0.00 secs] 
113.026: Total time for which application threads were stopped: 0.0010380 seconds, Stopping threads took: 0.0000620 seconds
113.064: Application time: 0.0375990 seconds
113.064: [GC113.064: [ParNew: 15966K->8K(16640K), 0.0003330 secs] 25250K->9292K(55552K), 0.0003630 secs] [Times: user=0.00 sys=0.00, real=0.00 secs] 
113.064: Total time for which application threads were stopped: 0.0004760 seconds, Stopping threads took: 0.0000620 seconds
113.095: Application time: 0.0306790 seconds
113.095: [GC113.095: [ParNew: 14409K->1548K(16640K), 0.0008140 secs] 23694K->11344K(55552K), 0.0008490 secs] [Times: user=0.00 sys=0.00, real=0.00 secs] 
113.096: Total time for which application threads were stopped: 0.0009750 seconds, Stopping threads took: 0.0000650 seconds
113.134: Application time: 0.0384200 seconds
113.136: [GC113.136: [ParNew: 15962K->1034K(16640K), 0.0005920 secs] 25758K->10830K(55552K), 0.0006190 secs] [Times: user=0.01 sys=0.00, real=0.00 secs] 
113.137: Total time for which application threads were stopped: 0.0024730 seconds, Stopping threads took: 0.0017940 seconds
113.169: Application time: 0.0322180 seconds
113.169: [GC113.169: [ParNew: 15435K->1548K(16640K), 0.0012290 secs] 25232K->12880K(55552K), 0.0012670 secs] [Times: user=0.00 sys=0.00, real=0.00 secs] 
113.170: Total time for which application threads were stopped: 0.0014010 seconds, Stopping threads took: 0.0000700 seconds
113.206: Application time: 0.0362340 seconds
113.207: [GC113.207: [ParNew: 15966K->1032K(16640K), 0.0005500 secs] 27298K->12364K(55552K), 0.0005800 secs] [Times: user=0.01 sys=0.00, real=0.00 secs] 
113.207: Total time for which application threads were stopped: 0.0007010 seconds, Stopping threads took: 0.0000650 seconds
113.240: Application time: 0.0325230 seconds
113.240: [GC113.240: [ParNew: 15433K->1550K(16640K), 0.0012270 secs] 26766K->14418K(55552K), 0.0012650 secs] [Times: user=0.01 sys=0.00, real=0.01 secs] 
113.241: Total time for which application threads were stopped: 0.0014180 seconds, Stopping threads took: 0.0000890 seconds
113.278: Application time: 0.0365140 seconds
113.278: [GC113.278: [ParNew: 15966K->1546K(16640K), 0.0007000 secs] 28834K->14414K(55552K), 0.0007300 secs] [Times: user=0.00 sys=0.00, real=0.00 secs] 
113.278: Total time for which application threads were stopped: 0.0008820 seconds, Stopping threads took: 0.0000870 seconds
113.312: Application time: 0.0334150 seconds
113.312: [GC113.312: [ParNew: 15956K->1548K(16640K), 0.0007270 secs] 28824K->14416K(55552K), 0.0007600 secs] [Times: user=0.00 sys=0.00, real=0.00 secs] 
113.313: Total time for which application threads were stopped: 0.0009490 seconds, Stopping threads took: 0.0001290 seconds
113.346: Application time: 0.0335950 seconds
113.347: [GC113.347: [ParNew: 15954K->1550K(16640K), 0.0010980 secs] 28822K->15442K(55552K), 0.0011320 secs] [Times: user=0.01 sys=0.00, real=0.00 secs] 
113.348: Total time for which application threads were stopped: 0.0012660 seconds, Stopping threads took: 0.0000690 seconds
113.384: Application time: 0.0365840 seconds
113.384: [GC113.384: [ParNew: 15966K->1032K(16640K), 0.0005260 secs] 29858K->14924K(55552K), 0.0005570 secs] [Times: user=0.00 sys=0.00, real=0.00 secs] 
113.385: Total time for which application threads were stopped: 0.0006710 seconds, Stopping threads took: 0.0000610 seconds
113.417: Application time: 0.0321400 seconds
113.417: [GC113.417: [ParNew: 15592K->1604K(16640K), 0.0010960 secs] 29484K->16520K(55552K), 0.0011310 secs] [Times: user=0.00 sys=0.00, real=0.00 secs] 
113.418: Total time for which application threads were stopped: 0.0012780 seconds, Stopping threads took: 0.0000840 seconds
113.454: Application time: 0.0358810 seconds
113.454: [GC113.454: [ParNew: 16181K->582K(16640K), 0.0004270 secs] 31097K->15555K(55552K), 0.0004580 secs] [Times: user=0.00 sys=0.00, real=0.00 secs] 
113.455: Total time for which application threads were stopped: 0.0005810 seconds, Stopping threads took: 0.0000710 seconds
113.488: Application time: 0.0334450 seconds
113.488: [GC113.488: [ParNew: 14984K->1602K(16640K), 0.0010750 secs] 29957K->17599K(55552K), 0.0011110 secs] [Times: user=0.00 sys=0.00, real=0.01 secs] 
113.490: Total time for which application threads were stopped: 0.0012300 seconds, Stopping threads took: 0.0000590 seconds
113.525: Application time: 0.0357610 seconds
113.525: [GC113.525: [ParNew: 16179K->1092K(16640K), 0.0006090 secs] 32176K->17146K(55552K), 0.0006390 secs] [Times: user=0.00 sys=0.00, real=0.00 secs] 
113.526: Total time for which application threads were stopped: 0.0007520 seconds, Stopping threads took: 0.0000580 seconds
113.559: Application time: 0.0325030 seconds
113.559: [GC113.559: [ParNew: 15496K->1548K(16640K), 0.0010760 secs] 31550K->18683K(55552K), 0.0011120 secs] [Times: user=0.01 sys=0.00, real=0.00 secs] 
113.560: Total time for which application threads were stopped: 0.0012430 seconds, Stopping threads took: 0.0000690 seconds
113.595: Application time: 0.0351920 seconds
113.595: [GC113.595: [ParNew: 16118K->1606K(16640K), 0.0006340 secs] 33254K->18741K(55552K), 0.0006740 secs] [Times: user=0.00 sys=0.00, real=0.00 secs] 
113.596: Total time for which application threads were stopped: 0.0007940 seconds, Stopping threads took: 0.0000620 seconds
113.631: Application time: 0.0352830 seconds
113.631: [GC113.631: [ParNew: 16016K->1542K(16640K), 0.0008210 secs] 33151K->18734K(55552K), 0.0008560 secs] [Times: user=0.00 sys=0.01, real=0.00 secs] 
113.632: Total time for which application threads were stopped: 0.0009940 seconds, Stopping threads took: 0.0000820 seconds
113.665: Application time: 0.0331420 seconds
113.665: [GC113.665: [ParNew: 15950K->1546K(16640K), 0.0008880 secs] 33142K->19250K(55552K), 0.0009230 secs] [Times: user=0.01 sys=0.00, real=0.00 secs] 
113.666: Total time for which application threads were stopped: 0.0010430 seconds, Stopping threads took: 0.0000580 seconds
113.703: Application time: 0.0365710 seconds
113.703: [GC113.703: [ParNew: 15960K->1034K(16640K), 0.0004580 secs] 33664K->18738K(55552K), 0.0004890 secs] [Times: user=0.01 sys=0.00, real=0.00 secs] 
113.703: Total time for which application threads were stopped: 0.0006000 seconds, Stopping threads took: 0.0000540 seconds
113.737: Application time: 0.0338950 seconds
113.738: [GC113.738: [ParNew: 15442K->1544K(16640K), 0.0007580 secs] 33146K->19248K(55552K), 0.0007910 secs] [Times: user=0.00 sys=0.00, real=0.00 secs] 
113.738: Total time for which application threads were stopped: 0.0010370 seconds, Stopping threads took: 0.0001870 seconds
113.773: Application time: 0.0345500 seconds
113.773: [GC113.773: [ParNew: 15954K->1546K(16640K), 0.0006780 secs] 33658K->19250K(55552K), 0.0007090 secs] [Times: user=0.00 sys=0.00, real=0.00 secs] 
113.774: Total time for which application threads were stopped: 0.0008370 seconds, Stopping threads took: 0.0000690 seconds
113.806: Application time: 0.0323780 seconds
113.806: [GC113.806: [ParNew: 15950K->1548K(16640K), 0.0010240 secs] 33654K->20276K(55552K), 0.0010610 secs] [Times: user=0.01 sys=0.00, real=0.00 secs] 
113.807: Total time for which application threads were stopped: 0.0012420 seconds, Stopping threads took: 0.0001070 seconds
113.845: Application time: 0.0371720 seconds
113.845: [GC113.845: [ParNew: 15964K->1548K(16640K), 0.0006490 secs] 34693K->20276K(55552K), 0.0006810 secs] [Times: user=0.00 sys=0.00, real=0.00 secs] 
113.845: Total time for which application threads were stopped: 0.0008040 seconds, Stopping threads took: 0.0000670 seconds
113.881: Application time: 0.0352740 seconds
113.881: [GC113.881: [ParNew: 15958K->1546K(16640K), 0.0009810 secs] 34686K->20786K(55552K), 0.0010120 secs] [Times: user=0.01 sys=0.00, real=0.00 secs] 
113.882: Total time for which application threads were stopped: 0.0012380 seconds, Stopping threads took: 0.0001720 seconds
113.917: Application time: 0.0351800 seconds
113.917: [GC113.917: [ParNew: 15956K->1550K(16640K), 0.0008910 secs] 35196K->21302K(55552K), 0.0009260 secs] [Times: user=0.01 sys=0.00, real=0.00 secs] 
113.918: Total time for which application threads were stopped: 0.0010570 seconds, Stopping threads took: 0.0000700 seconds
113.955: Application time: 0.0366060 seconds
113.955: [GC113.955: [ParNew: 15964K->1032K(16640K), 0.0004850 secs] 35716K->20784K(55552K), 0.0005140 secs] [Times: user=0.00 sys=0.00, real=0.00 secs] 
113.955: Total time for which application threads were stopped: 0.0006580 seconds, Stopping threads took: 0.0000900 seconds
113.989: Application time: 0.0333660 seconds
113.989: [GC113.989: [ParNew: 15438K->1548K(16640K), 0.0008100 secs] 35190K->21812K(55552K), 0.0008430 secs] [Times: user=0.00 sys=0.00, real=0.00 secs] 
113.990: Total time for which application threads were stopped: 0.0009640 seconds, Stopping threads took: 0.0000630 seconds
114.024: Application time: 0.0344080 seconds
114.024: [GC114.024: [ParNew: 15960K->1544K(16640K), 0.0006420 secs] 36224K->21808K(55552K), 0.0006730 secs] [Times: user=0.00 sys=0.00, real=0.00 secs] 
114.025: Total time for which application threads were stopped: 0.0008100 seconds, Stopping threads took: 0.0000810 seconds
114.060: Application time: 0.0348260 seconds
114.060: [GC114.060: [ParNew: 16114K->1608K(16640K), 0.0006900 secs] 36379K->21872K(55552K), 0.0007340 secs] [Times: user=0.00 sys=0.00, real=0.01 secs] 
114.061: Total time for which application threads were stopped: 0.0008540 seconds, Stopping threads took: 0.0000610 seconds
114.094: Application time: 0.0335340 seconds
114.094: [GC114.094: [ParNew: 16094K->1578K(16640K), 0.0010080 secs] 36359K->22923K(55552K), 0.0010460 secs] [Times: user=0.00 sys=0.00, real=0.00 secs] 
114.095: Total time for which application threads were stopped: 0.0011860 seconds, Stopping threads took: 0.0000770 seconds
114.131: Application time: 0.0352120 seconds
114.131: [GC114.131: [ParNew: 16148K->1606K(16640K), 0.0008730 secs] 37494K->23492K(55552K), 0.0009080 secs] [Times: user=0.01 sys=0.00, real=0.00 secs] 
114.132: Total time for which application threads were stopped: 0.0010230 seconds, Stopping threads took: 0.0000620 seconds
114.167: Application time: 0.0357120 seconds
114.167: [GC114.167: [ParNew: 16098K->1064K(16640K), 0.0005340 secs] 37984K->23007K(55552K), 0.0005640 secs] [Times: user=0.01 sys=0.00, real=0.00 secs] 
114.168: Total time for which application threads were stopped: 0.0007240 seconds, Stopping threads took: 0.0001040 seconds
114.202: Application time: 0.0335110 seconds
114.202: [GC114.202: [ParNew: 15474K->1546K(16640K), 0.0006440 secs] 37417K->23517K(55552K), 0.0006740 secs] [Times: user=0.01 sys=0.00, real=0.00 secs] 
114.202: Total time for which application threads were stopped: 0.0007870 seconds, Stopping threads took: 0.0000570 seconds
114.236: Application time: 0.0334290 seconds
114.236: [GC114.236: [ParNew: 15950K->1550K(16640K), 0.0012060 secs] 37921K->25058K(55552K), 0.0012440 secs] [Times: user=0.01 sys=0.00, real=0.00 secs] 
114.237: Total time for which application threads were stopped: 0.0014160 seconds, Stopping threads took: 0.0001090 seconds
114.274: Application time: 0.0364390 seconds
114.274: [GC114.274: [ParNew: 16127K->1606K(16640K), 0.0006800 secs] 39634K->25114K(55552K), 0.0007120 secs] [Times: user=0.01 sys=0.00, real=0.00 secs] 
114.274: Total time for which application threads were stopped: 0.0008510 seconds, Stopping threads took: 0.0000820 seconds
114.308: Application time: 0.0335870 seconds
114.308: [GC114.308: [ParNew: 16014K->1546K(16640K), 0.0008650 secs] 39522K->25623K(55552K), 0.0009000 secs] [Times: user=0.00 sys=0.00, real=0.01 secs] 
114.309: Total time for which application threads were stopped: 0.0011140 seconds, Stopping threads took: 0.0001440 seconds
114.345: Application time: 0.0359490 seconds
114.345: [GC114.345: [ParNew: 15958K->1546K(16640K), 0.0006750 secs] 40035K->25623K(55552K), 0.0007100 secs] [Times: user=0.01 sys=0.00, real=0.00 secs] 
114.346: Total time for which application threads were stopped: 0.0008280 seconds, Stopping threads took: 0.0000590 seconds
114.381: Application time: 0.0353130 seconds
114.381: [GC114.381: [ParNew: 15956K->1548K(16640K), 0.0007000 secs] 40033K->25625K(55552K), 0.0007320 secs] [Times: user=0.00 sys=0.00, real=0.00 secs] 
114.382: Total time for which application threads were stopped: 0.0008450 seconds, Stopping threads took: 0.0000600 seconds
114.416: Application time: 0.0337300 seconds
114.416: [GC114.416: [ParNew: 15956K->1548K(16640K), 0.0008010 secs] 40033K->26137K(55552K), 0.0008370 secs] [Times: user=0.01 sys=0.00, real=0.00 secs] 
114.417: Total time for which application threads were stopped: 0.0009680 seconds, Stopping threads took: 0.0000730 seconds
114.453: Application time: 0.0363430 seconds
114.453: [GC114.453: [ParNew: 15960K->1546K(16640K), 0.0006850 secs] 40549K->26135K(55552K), 0.0007190 secs] [Times: user=0.01 sys=0.00, real=0.00 secs] 
114.454: Total time for which application threads were stopped: 0.0008450 seconds, Stopping threads took: 0.0000680 seconds
114.485: Application time: 0.0309290 seconds
114.485: [GC114.485: [ParNew: 15950K->1550K(16640K), 0.0011730 secs] 40538K->27675K(55552K), 0.0012080 secs] [Times: user=0.01 sys=0.00, real=0.00 secs] 
114.486: Total time for which application threads were stopped: 0.0013820 seconds, Stopping threads took: 0.0001050 seconds
114.526: Application time: 0.0393520 seconds
114.526: [GC114.526: [ParNew: 15968K->1032K(16640K), 0.0004870 secs] 42093K->27157K(55552K), 0.0005190 secs] [Times: user=0.00 sys=0.00, real=0.00 secs] 
114.526: Total time for which application threads were stopped: 0.0006310 seconds, Stopping threads took: 0.0000570 seconds
114.559: Application time: 0.0324130 seconds
114.559: [GC114.559: [ParNew: 15435K->1548K(16640K), 0.0009920 secs] 41560K->28697K(55552K), 0.0010280 secs] [Times: user=0.00 sys=0.00, real=0.00 secs] 
114.560: Total time for which application threads were stopped: 0.0011620 seconds, Stopping threads took: 0.0000700 seconds
114.598: Application time: 0.0378330 seconds
114.598: [GC114.598: [ParNew: 15966K->522K(16640K), 0.0004070 secs] 43115K->27671K(55552K), 0.0004350 secs] [Times: user=0.00 sys=0.00, real=0.00 secs] 
114.598: Total time for which application threads were stopped: 0.0005460 seconds, Stopping threads took: 0.0000590 seconds
114.631: Application time: 0.0323220 seconds
114.631: [GC114.631: [ParNew: 14925K->1546K(16640K), 0.0008870 secs] 42074K->29207K(55552K), 0.0009190 secs] [Times: user=0.01 sys=0.00, real=0.00 secs] 
114.632: Total time for which application threads were stopped: 0.0010460 seconds, Stopping threads took: 0.0000730 seconds
114.667: Application time: 0.0355960 seconds
114.667: [GC114.667: [ParNew: 15956K->1548K(16640K), 0.0008890 secs] 43617K->29721K(55552K), 0.0009230 secs] [Times: user=0.01 sys=0.00, real=0.00 secs] 
114.668: Total time for which application threads were stopped: 0.0011140 seconds, Stopping threads took: 0.0001290 seconds
114.704: Application time: 0.0356270 seconds
114.704: [GC114.704: [ParNew: 16122K->1094K(16640K), 0.0004750 secs] 44295K->29267K(55552K), 0.0005060 secs] [Times: user=0.00 sys=0.00, real=0.00 secs] 
114.705: Total time for which application threads were stopped: 0.0006290 seconds, Stopping threads took: 0.0000690 seconds
114.740: Application time: 0.0352090 seconds
114.740: [GC114.740: [ParNew: 15584K->552K(16640K), 0.0003850 secs] 43757K->28782K(55552K), 0.0004160 secs] [Times: user=0.00 sys=0.00, real=0.00 secs] 
114.740: Total time for which application threads were stopped: 0.0005350 seconds, Stopping threads took: 0.0000660 seconds
114.775: Application time: 0.0343310 seconds
114.775: [GC114.775: [ParNew: 14958K->1578K(16640K), 0.0006690 secs] 43188K->29808K(55552K), 0.0007020 secs] [Times: user=0.00 sys=0.00, real=0.00 secs] 
114.776: Total time for which application threads were stopped: 0.0009100 seconds, Stopping threads took: 0.0001490 seconds
114.811: Application time: 0.0353840 seconds
114.811: [GC114.811: [ParNew: 16144K->1608K(16640K), 0.0006950 secs] 44374K->29866K(55552K), 0.0007270 secs] [Times: user=0.00 sys=0.00, real=0.00 secs] 
114.812: Total time for which application threads were stopped: 0.0010050 seconds, Stopping threads took: 0.0002110 seconds
114.847: Application time: 0.0345130 seconds
114.847: [GC114.847: [ParNew: 16096K->1578K(16640K), 0.0009030 secs] 44355K->30405K(55552K), 0.0009390 secs] [Times: user=0.00 sys=0.00, real=0.00 secs] 
114.848: Total time for which application threads were stopped: 0.0010620 seconds, Stopping threads took: 0.0000610 seconds
114.882: Application time: 0.0347580 seconds
114.882: [GC114.882: [ParNew: 15988K->1546K(16640K), 0.0008480 secs] 44815K->30914K(55552K), 0.0008800 secs] [Times: user=0.01 sys=0.00, real=0.00 secs] 
114.883: Total time for which application threads were stopped: 0.0010450 seconds, Stopping threads took: 0.0001100 seconds
114.919: Application time: 0.0353130 seconds
114.919: [GC114.919: [ParNew: 16116K->1096K(16640K), 0.0004890 secs] 45484K->30464K(55552K), 0.0005210 secs] [Times: user=0.00 sys=0.00, real=0.00 secs] 
114.919: Total time for which application threads were stopped: 0.0006440 seconds, Stopping threads took: 0.0000690 seconds
114.952: Application time: 0.0327790 seconds
114.952: [GC114.952: [ParNew: 15502K->1548K(16640K), 0.0011310 secs] 44870K->31997K(55552K), 0.0011700 secs] [Times: user=0.01 sys=0.00, real=0.00 secs] 
114.953: Total time for which application threads were stopped: 0.0013060 seconds, Stopping threads took: 0.0000700 seconds
114.992: Application time: 0.0382140 seconds
114.992: [GC114.992: [ParNew: 15966K->520K(16640K), 0.0004290 secs] 46415K->30969K(55552K), 0.0004580 secs] [Times: user=0.00 sys=0.00, real=0.00 secs] 
114.992: Total time for which application threads were stopped: 0.0005600 seconds, Stopping threads took: 0.0000500 seconds
115.025: Application time: 0.0332050 seconds
115.026: [GC115.026: [ParNew: 14925K->1544K(16640K), 0.0009420 secs] 45375K->32505K(55552K), 0.0009780 secs] [Times: user=0.00 sys=0.00, real=0.00 secs] 
115.027: Total time for which application threads were stopped: 0.0010990 seconds, Stopping threads took: 0.0000580 seconds
115.064: Application time: 0.0371980 seconds
115.064: [GC115.064: [ParNew: 15956K->1548K(16640K), 0.0006550 secs] 46917K->32509K(55552K), 0.0006880 secs] [Times: user=0.01 sys=0.00, real=0.00 secs] 
115.065: Total time for which application threads were stopped: 0.0008040 seconds, Stopping threads took: 0.0000590 seconds
115.097: Application time: 0.0329610 seconds
115.098: [GC115.098: [ParNew: 15956K->1546K(16640K), 0.0007940 secs] 46917K->33019K(55552K), 0.0008300 secs] [Times: user=0.01 sys=0.00, real=0.00 secs] 
115.098: Total time for which application threads were stopped: 0.0009640 seconds, Stopping threads took: 0.0000730 seconds
115.135: Application time: 0.0361150 seconds
115.135: [GC115.135: [ParNew: 15962K->524K(16640K), 0.0004050 secs] 47435K->31997K(55552K), 0.0004350 secs] [Times: user=0.01 sys=0.00, real=0.00 secs] 
115.135: Total time for which application threads were stopped: 0.0005400 seconds, Stopping threads took: 0.0000570 seconds
115.168: Application time: 0.0328170 seconds
115.168: [GC115.168: [ParNew: 14925K->1548K(16640K), 0.0010120 secs] 46399K->34045K(55552K), 0.0010480 secs] [Times: user=0.01 sys=0.00, real=0.01 secs] 
115.169: Total time for which application threads were stopped: 0.0012530 seconds, Stopping threads took: 0.0001440 seconds
115.204: Application time: 0.0350900 seconds
115.204: [GC115.204: [ParNew: 15962K->1548K(16640K), 0.0006990 secs] 48459K->34045K(55552K), 0.0007320 secs] [Times: user=0.01 sys=0.00, real=0.00 secs] 
115.205: Total time for which application threads were stopped: 0.0008580 seconds, Stopping threads took: 0.0000650 seconds
115.241: Application time: 0.0361530 seconds
115.241: [GC115.241: [ParNew: 15960K->1030K(16640K), 0.0005950 secs] 48457K->33527K(55552K), 0.0006240 secs] [Times: user=0.00 sys=0.00, real=0.00 secs] 
115.242: Total time for which application threads were stopped: 0.0007450 seconds, Stopping threads took: 0.0000660 seconds
115.276: Application time: 0.0338630 seconds
115.276: [GC115.276: [ParNew: 15435K->1544K(16640K), 0.0006410 secs] 47933K->34041K(55552K), 0.0006730 secs] [Times: user=0.01 sys=0.00, real=0.00 secs] 
115.277: Total time for which application threads were stopped: 0.0008760 seconds, Stopping threads took: 0.0001440 seconds
115.312: Application time: 0.0355880 seconds
115.312: [GC115.313: [ParNew: 15954K->1550K(16640K), 0.0006800 secs] 48451K->34047K(55552K), 0.0007140 secs] [Times: user=0.01 sys=0.00, real=0.00 secs] 
115.313: Total time for which application threads were stopped: 0.0008620 seconds, Stopping threads took: 0.0000820 seconds
115.349: Application time: 0.0359360 seconds
115.353: [GC115.353: [ParNew: 16118K->1608K(16640K), 0.0008770 secs] 48615K->34617K(55552K), 0.0009150 secs] [Times: user=0.00 sys=0.00, real=0.00 secs] 
115.354: Total time for which application threads were stopped: 0.0044230 seconds, Stopping threads took: 0.0034460 seconds
115.388: Application time: 0.0345070 seconds
115.388: [GC115.388: [ParNew: 16102K->1064K(16640K), 0.0006150 secs] 49112K->34130K(55552K), 0.0006470 secs] [Times: user=0.00 sys=0.00, real=0.01 secs] 
115.389: Total time for which application threads were stopped: 0.0007580 seconds, Stopping threads took: 0.0000570 seconds
115.422: Application time: 0.0336390 seconds
115.423: [GC115.423: [ParNew: 15470K->1548K(16640K), 0.0008170 secs] 48536K->35155K(55552K), 0.0008600 secs] [Times: user=0.01 sys=0.00, real=0.00 secs] 
115.423: Total time for which application threads were stopped: 0.0009930 seconds, Stopping threads took: 0.0000720 seconds
115.458: Application time: 0.0342960 seconds
115.459: [GC115.459: [ParNew: 16197K->1632K(16640K), 0.0007470 secs] 49804K->35239K(55552K), 0.0007740 secs] [Times: user=0.01 sys=0.00, real=0.00 secs] 
115.460: Total time for which application threads were stopped: 0.0020170 seconds, Stopping threads took: 0.0011840 seconds
115.495: Application time: 0.0355180 seconds
115.495: [GC115.495: [ParNew: 16042K->1032K(16640K), 0.0005920 secs] 49649K->34724K(55552K), 0.0006220 secs] [Times: user=0.00 sys=0.00, real=0.00 secs] 
115.496: Total time for which application threads were stopped: 0.0007890 seconds, Stopping threads took: 0.0001110 seconds
115.531: Application time: 0.0343900 seconds
115.531: [GC115.531: [ParNew: 15440K->1548K(16640K), 0.0008800 secs] 49132K->35752K(55552K), 0.0009140 secs] [Times: user=0.00 sys=0.00, real=0.00 secs] 
115.532: Total time for which application threads were stopped: 0.0010540 seconds, Stopping threads took: 0.0000770 seconds
115.566: Application time: 0.0348460 seconds
115.567: [GC115.567: [ParNew: 15958K->1546K(16640K), 0.0008630 secs] 50162K->36262K(55552K), 0.0008970 secs] [Times: user=0.01 sys=0.00, real=0.00 secs] 
115.567: Total time for which application threads were stopped: 0.0010240 seconds, Stopping threads took: 0.0000660 seconds
115.603: Application time: 0.0354690 seconds
115.603: [GC115.603: [ParNew: 16116K->1094K(16640K), 0.0019990 secs] 50833K->35810K(55552K), 0.0020360 secs] [Times: user=0.00 sys=0.00, real=0.00 secs] 
115.605: Total time for which application threads were stopped: 0.0021610 seconds, Stopping threads took: 0.0000680 seconds
115.638: Application time: 0.0325290 seconds
115.638: [GC115.638: [ParNew: 15498K->1550K(16640K), 0.0010600 secs] 50214K->37347K(55552K), 0.0010950 secs] [Times: user=0.00 sys=0.00, real=0.00 secs] 
115.639: Total time for which application threads were stopped: 0.0012270 seconds, Stopping threads took: 0.0000690 seconds
115.639: Application time: 0.0000740 seconds
115.639: [GC [1 CMS-initial-mark: 35797K(38912K)] 37859K(55552K), 0.0000930 secs] [Times: user=0.00 sys=0.00, real=0.00 secs] 
115.639: Total time for which application threads were stopped: 0.0003250 seconds, Stopping threads took: 0.0002140 seconds
115.639: [CMS-concurrent-mark-start]
115.643: [CMS-concurrent-mark: 0.003/0.003 secs] [Times: user=0.01 sys=0.00, real=0.01 secs] 
115.643: [CMS-concurrent-preclean-start]
115.643: [CMS-concurrent-preclean: 0.000/0.000 secs] [Times: user=0.00 sys=0.00, real=0.00 secs] 
115.643: Application time: 0.0035070 seconds
115.643: [GC[YG occupancy: 2070 K (16640 K)]115.643: [Rescan (parallel) , 0.0001390 secs]115.643: [weak refs processing, 0.0000060 secs]115.643: [scrub string table, 0.0000920 secs] [1 CMS-remark: 35797K(38912K)] 37867K(55552K), 0.0002600 secs] [Times: user=0.00 sys=0.00, real=0.00 secs] 
115.643: Total time for which application threads were stopped: 0.0003210 seconds, Stopping threads took: 0.0000390 seconds
115.643: [CMS-concurrent-sweep-start]
115.644: [CMS-concurrent-sweep: 0.001/0.001 secs] [Times: user=0.00 sys=0.00, real=0.00 secs] 
115.644: [CMS-concurrent-reset-start]
115.644: [CMS-concurrent-reset: 0.000/0.000 secs] [Times: user=0.00 sys=0.00, real=0.00 secs] 
115.678: Application time: 0.0348790 seconds
115.681: [GC115.681: [ParNew: 15966K->1030K(16640K), 0.0005310 secs] 22465K->7528K(55552K), 0.0005620 secs] [Times: user=0.01 sys=0.00, real=0.00 secs] 
115.681: Total time for which application threads were stopped: 0.0032580 seconds, Stopping threads took: 0.0026390 seconds
115.716: Application time: 0.0344220 seconds
115.716: [GC115.716: [ParNew: 15433K->1546K(16640K), 0.0011030 secs] 21932K->9069K(55552K), 0.0011380 secs] [Times: user=0.01 sys=0.00, real=0.00 secs] 
115.717: Total time for which application threads were stopped: 0.0012770 seconds, Stopping threads took: 0.0000690 seconds
115.752: Application time: 0.0353110 seconds
115.752: [GC115.752: [ParNew: 15962K->1034K(16640K), 0.0004770 secs] 23485K->8556K(55552K), 0.0005090 secs] [Times: user=0.00 sys=0.00, real=0.00 secs] 
115.753: Total time for which application threads were stopped: 0.0006310 seconds, Stopping threads took: 0.0000680 seconds
115.786: Application time: 0.0333010 seconds
115.786: [GC115.786: [ParNew: 15437K->1548K(16640K), 0.0010310 secs] 22960K->10095K(55552K), 0.0010680 secs] [Times: user=0.01 sys=0.00, real=0.00 secs] 
115.787: Total time for which application threads were stopped: 0.0012330 seconds, Stopping threads took: 0.0001050 seconds
115.822: Application time: 0.0345320 seconds
115.822: [GC115.822: [ParNew: 15954K->1552K(16640K), 0.0014150 secs] 24501K->12147K(55552K), 0.0014560 secs] [Times: user=0.01 sys=0.00, real=0.00 secs] 
115.824: Total time for which application threads were stopped: 0.0016160 seconds, Stopping threads took: 0.0000800 seconds
115.860: Application time: 0.0362000 seconds
115.860: [GC115.860: [ParNew: 15970K->1544K(16640K), 0.0006710 secs] 26565K->12139K(55552K), 0.0007060 secs] [Times: user=0.01 sys=0.00, real=0.01 secs] 
115.861: Total time for which application threads were stopped: 0.0008330 seconds, Stopping threads took: 0.0000670 seconds
115.893: Application time: 0.0321360 seconds
115.893: [GC115.893: [ParNew: 15945K->1548K(16640K), 0.0014180 secs] 26540K->14191K(55552K), 0.0014570 secs] [Times: user=0.01 sys=0.00, real=0.00 secs] 
115.894: Total time for which application threads were stopped: 0.0016100 seconds, Stopping threads took: 0.0000890 seconds
115.933: Application time: 0.0383740 seconds
115.933: [GC115.933: [ParNew: 15966K->1546K(16640K), 0.0007130 secs] 28609K->14189K(55552K), 0.0007430 secs] [Times: user=0.00 sys=0.00, real=0.00 secs] 
115.934: Total time for which application threads were stopped: 0.0008640 seconds, Stopping threads took: 0.0000720 seconds
115.967: Application time: 0.0330900 seconds
115.967: [GC115.967: [ParNew: 15952K->1548K(16640K), 0.0010560 secs] 28595K->15215K(55552K), 0.0010920 secs] [Times: user=0.01 sys=0.00, real=0.00 secs] 
115.968: Total time for which application threads were stopped: 0.0012150 seconds, Stopping threads took: 0.0000590 seconds
116.004: Application time: 0.0357510 seconds
116.004: [GC116.004: [ParNew: 16125K->582K(16640K), 0.0004550 secs] 29792K->14249K(55552K), 0.0004830 secs] [Times: user=0.00 sys=0.00, real=0.00 secs] 
116.004: Total time for which application threads were stopped: 0.0006930 seconds, Stopping threads took: 0.0001570 seconds
116.038: Application time: 0.0341090 seconds
116.039: [GC116.039: [ParNew: 14988K->1608K(16640K), 0.0006670 secs] 28655K->15275K(55552K), 0.0007000 secs] [Times: user=0.01 sys=0.00, real=0.00 secs] 
116.039: Total time for which application threads were stopped: 0.0008610 seconds, Stopping threads took: 0.0001060 seconds
116.074: Application time: 0.0347430 seconds
116.074: [GC116.074: [ParNew: 16100K->1578K(16640K), 0.0007400 secs] 29767K->15302K(55552K), 0.0007730 secs] [Times: user=0.01 sys=0.00, real=0.00 secs] 
116.075: Total time for which application threads were stopped: 0.0010160 seconds, Stopping threads took: 0.0001850 seconds
116.109: Application time: 0.0343820 seconds
116.110: [GC116.110: [ParNew: 16068K->1576K(16640K), 0.0007060 secs] 29792K->15328K(55552K), 0.0007360 secs] [Times: user=0.01 sys=0.00, real=0.00 secs] 
116.110: Total time for which application threads were stopped: 0.0008790 seconds, Stopping threads took: 0.0000840 seconds
116.144: Application time: 0.0338910 seconds
116.144: [GC116.144: [ParNew: 16140K->1606K(16640K), 0.0010560 secs] 29893K->16411K(55552K), 0.0010940 secs] [Times: user=0.00 sys=0.00, real=0.00 secs] 
116.146: Total time for which application threads were stopped: 0.0013290 seconds, Stopping threads took: 0.0001710 seconds
116.183: Application time: 0.0376720 seconds
116.183: [GC116.183: [ParNew: 16018K->1548K(16640K), 0.0010180 secs] 30823K->17434K(55552K), 0.0010610 secs] [Times: user=0.00 sys=0.00, real=0.00 secs] 
116.184: Total time for which application threads were stopped: 0.0012050 seconds, Stopping threads took: 0.0000880 seconds
116.221: Application time: 0.0361760 seconds
116.221: [GC116.221: [ParNew: 15964K->1032K(16640K), 0.0005660 secs] 31850K->16918K(55552K), 0.0005930 secs] [Times: user=0.01 sys=0.00, real=0.00 secs] 
116.221: Total time for which application threads were stopped: 0.0007240 seconds, Stopping threads took: 0.0000770 seconds
116.256: Application time: 0.0346240 seconds
116.256: [GC116.256: [ParNew: 15440K->1036K(16640K), 0.0005320 secs] 31326K->16922K(55552K), 0.0005610 secs] [Times: user=0.00 sys=0.01, real=0.00 secs] 
116.257: Total time for which application threads were stopped: 0.0006950 seconds, Stopping threads took: 0.0000790 seconds
116.290: Application time: 0.0334020 seconds
116.290: [GC116.290: [ParNew: 15600K->1604K(16640K), 0.0010640 secs] 31486K->18514K(55552K), 0.0011010 secs] [Times: user=0.00 sys=0.00, real=0.00 secs] 
116.291: Total time for which application threads were stopped: 0.0012310 seconds, Stopping threads took: 0.0000690 seconds
116.329: Application time: 0.0373920 seconds
116.329: [GC116.329: [ParNew: 16020K->1034K(16640K), 0.0006020 secs] 32930K->18001K(55552K), 0.0006360 secs] [Times: user=0.00 sys=0.00, real=0.00 secs] 
116.329: Total time for which application threads were stopped: 0.0007720 seconds, Stopping threads took: 0.0000730 seconds
116.361: Application time: 0.0320350 seconds
116.362: [GC116.362: [ParNew: 15438K->1546K(16640K), 0.0010310 secs] 32405K->19537K(55552K), 0.0010700 secs] [Times: user=0.01 sys=0.00, real=0.00 secs] 
116.363: Total time for which application threads were stopped: 0.0012200 seconds, Stopping threads took: 0.0000840 seconds
116.398: Application time: 0.0356000 seconds
116.398: [GC116.398: [ParNew: 15960K->1546K(16640K), 0.0006610 secs] 33951K->19537K(55552K), 0.0006940 secs] [Times: user=0.00 sys=0.00, real=0.00 secs] 
116.399: Total time for which application threads were stopped: 0.0008700 seconds, Stopping threads took: 0.0001170 seconds
116.434: Application time: 0.0349890 seconds
116.434: [GC116.434: [ParNew: 15954K->1546K(16640K), 0.0008800 secs] 33945K->20049K(55552K), 0.0009120 secs] [Times: user=0.01 sys=0.00, real=0.00 secs] 
116.435: Total time for which application threads were stopped: 0.0010400 seconds, Stopping threads took: 0.0000750 seconds
116.469: Application time: 0.0337430 seconds
116.469: [GC116.469: [ParNew: 15954K->1548K(16640K), 0.0009730 secs] 34457K->21075K(55552K), 0.0010080 secs] [Times: user=0.01 sys=0.00, real=0.00 secs] 
116.470: Total time for which application threads were stopped: 0.0011300 seconds, Stopping threads took: 0.0000610 seconds
116.506: Application time: 0.0354230 seconds
116.506: [GC116.506: [ParNew: 15962K->1546K(16640K), 0.0006490 secs] 35489K->21073K(55552K), 0.0006800 secs] [Times: user=0.00 sys=0.00, real=0.00 secs] 
116.506: Total time for which application threads were stopped: 0.0008850 seconds, Stopping threads took: 0.0001480 seconds
116.541: Application time: 0.0343490 seconds
116.541: [GC116.541: [ParNew: 15954K->1548K(16640K), 0.0008480 secs] 35481K->21587K(55552K), 0.0008840 secs] [Times: user=0.00 sys=0.00, real=0.00 secs] 
116.542: Total time for which application threads were stopped: 0.0010030 seconds, Stopping threads took: 0.0000570 seconds
116.577: Application time: 0.0350670 seconds
116.577: [GC116.577: [ParNew: 15962K->1034K(16640K), 0.0004970 secs] 36001K->21073K(55552K), 0.0005290 secs] [Times: user=0.01 sys=0.00, real=0.00 secs] 
116.577: Total time for which application threads were stopped: 0.0006520 seconds, Stopping threads took: 0.0000670 seconds
116.611: Application time: 0.0332100 seconds
116.611: [GC116.611: [ParNew: 15440K->1548K(16640K), 0.0008500 secs] 35479K->22099K(55552K), 0.0008830 secs] [Times: user=0.00 sys=0.00, real=0.00 secs] 
116.612: Total time for which application threads were stopped: 0.0010120 seconds, Stopping threads took: 0.0000670 seconds
116.647: Application time: 0.0353580 seconds
116.647: [GC116.647: [ParNew: 16118K->1606K(16640K), 0.0006460 secs] 36670K->22157K(55552K), 0.0006900 secs] [Times: user=0.01 sys=0.00, real=0.00 secs] 
116.648: Total time for which application threads were stopped: 0.0008280 seconds, Stopping threads took: 0.0000790 seconds
116.682: Application time: 0.0340870 seconds
116.682: [GC116.682: [ParNew: 16096K->1578K(16640K), 0.0007330 secs] 36647K->22186K(55552K), 0.0007660 secs] [Times: user=0.01 sys=0.00, real=0.00 secs] 
116.683: Total time for which application threads were stopped: 0.0008940 seconds, Stopping threads took: 0.0000710 seconds
116.719: Application time: 0.0362860 seconds
116.719: [GC116.719: [ParNew: 15988K->1548K(16640K), 0.0006150 secs] 36596K->22185K(55552K), 0.0006460 secs] [Times: user=0.01 sys=0.00, real=0.00 secs] 
116.720: Total time for which application threads were stopped: 0.0007840 seconds, Stopping threads took: 0.0000810 seconds
116.754: Application time: 0.0336560 seconds
116.754: [GC116.754: [ParNew: 16034K->1578K(16640K), 0.0008740 secs] 36671K->22727K(55552K), 0.0009100 secs] [Times: user=0.00 sys=0.00, real=0.00 secs] 
116.755: Total time for which application threads were stopped: 0.0010660 seconds, Stopping threads took: 0.0000950 seconds
116.790: Application time: 0.0350530 seconds
116.790: [GC116.790: [ParNew: 16148K->1606K(16640K), 0.0007310 secs] 37297K->22783K(55552K), 0.0007650 secs] [Times: user=0.00 sys=0.00, real=0.00 secs] 
116.791: Total time for which application threads were stopped: 0.0008850 seconds, Stopping threads took: 0.0000630 seconds
116.825: Application time: 0.0346400 seconds
116.825: [GC116.825: [ParNew: 16014K->1546K(16640K), 0.0008360 secs] 37191K->23292K(55552K), 0.0008700 secs] [Times: user=0.00 sys=0.00, real=0.00 secs] 
116.826: Total time for which application threads were stopped: 0.0009980 seconds, Stopping threads took: 0.0000650 seconds
116.861: Application time: 0.0347440 seconds
116.861: [GC116.861: [ParNew: 15956K->1548K(16640K), 0.0007850 secs] 37702K->23806K(55552K), 0.0008180 secs] [Times: user=0.01 sys=0.00, real=0.00 secs] 
116.862: Total time for which application threads were stopped: 0.0009670 seconds, Stopping threads took: 0.0000790 seconds
116.897: Application time: 0.0352960 seconds
116.897: [GC116.897: [ParNew: 15962K->522K(16640K), 0.0003380 secs] 38220K->22780K(55552K), 0.0003660 secs] [Times: user=0.00 sys=0.00, real=0.00 secs] 
116.898: Total time for which application threads were stopped: 0.0005210 seconds, Stopping threads took: 0.0001010 seconds
116.931: Application time: 0.0333360 seconds
116.931: [GC116.931: [ParNew: 15008K->1578K(16640K), 0.0008410 secs] 37266K->24348K(55552K), 0.0008760 secs] [Times: user=0.00 sys=0.00, real=0.00 secs] 
116.932: Total time for which application threads were stopped: 0.0009990 seconds, Stopping threads took: 0.0000640 seconds
116.969: Application time: 0.0370260 seconds
116.969: [GC116.969: [ParNew: 16074K->552K(16640K), 0.0003820 secs] 38845K->23351K(55552K), 0.0004130 secs] [Times: user=0.00 sys=0.00, real=0.00 secs] 
116.970: Total time for which application threads were stopped: 0.0005360 seconds, Stopping threads took: 0.0000710 seconds
117.001: Application time: 0.0310890 seconds
117.001: [GC117.001: [ParNew: 14956K->1578K(16640K), 0.0007910 secs] 37755K->24889K(55552K), 0.0008270 secs] [Times: user=0.00 sys=0.00, real=0.00 secs] 
117.002: Total time for which application threads were stopped: 0.0009460 seconds, Stopping threads took: 0.0000570 seconds
117.040: Application time: 0.0382160 seconds
117.040: [GC117.040: [ParNew: 15992K->1032K(16640K), 0.0005120 secs] 39303K->24371K(55552K), 0.0005430 secs] [Times: user=0.00 sys=0.00, real=0.01 secs] 
117.041: Total time for which application threads were stopped: 0.0006530 seconds, Stopping threads took: 0.0000540 seconds
117.073: Application time: 0.0320330 seconds
117.073: [GC117.073: [ParNew: 15438K->1548K(16640K), 0.0008220 secs] 38777K->25399K(55552K), 0.0008560 secs] [Times: user=0.00 sys=0.00, real=0.00 secs] 
117.074: Total time for which application threads were stopped: 0.0009780 seconds, Stopping threads took: 0.0000620 seconds
117.110: Application time: 0.0362560 seconds
117.110: [GC117.110: [ParNew: 15962K->1032K(16640K), 0.0005020 secs] 39813K->24883K(55552K), 0.0005390 secs] [Times: user=0.01 sys=0.00, real=0.00 secs] 
117.111: Total time for which application threads were stopped: 0.0006720 seconds, Stopping threads took: 0.0000780 seconds
117.144: Application time: 0.0339060 seconds
117.145: [GC117.145: [ParNew: 15440K->1544K(16640K), 0.0006630 secs] 39291K->25395K(55552K), 0.0006950 secs] [Times: user=0.01 sys=0.00, real=0.00 secs] 
117.145: Total time for which application threads were stopped: 0.0008160 seconds, Stopping threads took: 0.0000640 seconds
117.179: Application time: 0.0341750 seconds
117.180: [GC117.180: [ParNew: 15950K->1550K(16640K), 0.0010060 secs] 39801K->26425K(55552K), 0.0010430 secs] [Times: user=0.00 sys=0.01, real=0.01 secs] 
117.181: Total time for which application threads were stopped: 0.0011750 seconds, Stopping threads took: 0.0000690 seconds
117.215: Application time: 0.0348010 seconds
117.216: [GC117.216: [ParNew: 15964K->1546K(16640K), 0.0006470 secs] 40840K->26421K(55552K), 0.0006770 secs] [Times: user=0.01 sys=0.00, real=0.00 secs] 
117.216: Total time for which application threads were stopped: 0.0008010 seconds, Stopping threads took: 0.0000670 seconds
117.250: Application time: 0.0339570 seconds
117.250: [GC117.250: [ParNew: 15954K->1550K(16640K), 0.0007820 secs] 40829K->26937K(55552K), 0.0008150 secs] [Times: user=0.00 sys=0.00, real=0.00 secs] 
117.251: Total time for which application threads were stopped: 0.0009570 seconds, Stopping threads took: 0.0000810 seconds
117.286: Application time: 0.0351370 seconds
117.286: [GC117.286: [ParNew: 16120K->1604K(16640K), 0.0007260 secs] 41508K->26991K(55552K), 0.0007580 secs] [Times: user=0.01 sys=0.00, real=0.00 secs] 
117.287: Total time for which application threads were stopped: 0.0008720 seconds, Stopping threads took: 0.0000600 seconds
117.321: Application time: 0.0342560 seconds
117.322: [GC117.322: [ParNew: 16012K->1548K(16640K), 0.0008710 secs] 41399K->27504K(55552K), 0.0009040 secs] [Times: user=0.01 sys=0.00, real=0.00 secs] 
117.322: Total time for which application threads were stopped: 0.0010300 seconds, Stopping threads took: 0.0000650 seconds
117.358: Application time: 0.0360040 seconds
117.359: [GC117.359: [ParNew: 16040K->1580K(16640K), 0.0006690 secs] 41997K->27536K(55552K), 0.0007010 secs] [Times: user=0.00 sys=0.00, real=0.00 secs] 
117.359: Total time for which application threads were stopped: 0.0008240 seconds, Stopping threads took: 0.0000640 seconds
117.394: Application time: 0.0350600 seconds
117.394: [GC117.394: [ParNew: 16070K->1066K(16640K), 0.0005700 secs] 42027K->27051K(55552K), 0.0006000 secs] [Times: user=0.01 sys=0.00, real=0.00 secs] 
117.395: Total time for which application threads were stopped: 0.0007340 seconds, Stopping threads took: 0.0000700 seconds
117.429: Application time: 0.0335130 seconds
117.429: [GC117.429: [ParNew: 15552K->1576K(16640K), 0.0007170 secs] 41537K->27589K(55552K), 0.0007490 secs] [Times: user=0.00 sys=0.00, real=0.00 secs] 
117.430: Total time for which application threads were stopped: 0.0009460 seconds, Stopping threads took: 0.0001370 seconds
117.464: Application time: 0.0345140 seconds
117.464: [GC117.464: [ParNew: 16064K->1578K(16640K), 0.0008460 secs] 42078K->28132K(55552K), 0.0008810 secs] [Times: user=0.00 sys=0.00, real=0.00 secs] 
117.465: Total time for which application threads were stopped: 0.0010130 seconds, Stopping threads took: 0.0000720 seconds
117.499: Application time: 0.0339640 seconds
117.499: [GC117.499: [ParNew: 15986K->1550K(16640K), 0.0010950 secs] 42540K->29156K(55552K), 0.0011320 secs] [Times: user=0.01 sys=0.00, real=0.00 secs] 
117.500: Total time for which application threads were stopped: 0.0012650 seconds, Stopping threads took: 0.0000680 seconds
117.537: Application time: 0.0370730 seconds
117.537: [GC117.538: [ParNew: 15968K->518K(16640K), 0.0003260 secs] 43575K->28124K(55552K), 0.0003660 secs] [Times: user=0.00 sys=0.00, real=0.00 secs] 
117.538: Total time for which application threads were stopped: 0.0004750 seconds, Stopping threads took: 0.0000600 seconds
117.569: Application time: 0.0311540 seconds
117.569: [GC117.569: [ParNew: 14919K->1546K(16640K), 0.0009820 secs] 42526K->30176K(55552K), 0.0010160 secs] [Times: user=0.01 sys=0.00, real=0.00 secs] 
117.570: Total time for which application threads were stopped: 0.0011370 seconds, Stopping threads took: 0.0000600 seconds
117.606: Application time: 0.0361820 seconds
117.606: [GC117.606: [ParNew: 16116K->1606K(16640K), 0.0007120 secs] 44747K->30237K(55552K), 0.0007420 secs] [Times: user=0.00 sys=0.00, real=0.00 secs] 
117.607: Total time for which application threads were stopped: 0.0008670 seconds, Stopping threads took: 0.0000670 seconds
117.640: Application time: 0.0329370 seconds
117.640: [GC117.640: [ParNew: 16008K->1550K(16640K), 0.0015150 secs] 44638K->32286K(55552K), 0.0015540 secs] [Times: user=0.01 sys=0.00, real=0.01 secs] 
117.642: Total time for which application threads were stopped: 0.0017150 seconds, Stopping threads took: 0.0000940 seconds
117.679: Application time: 0.0373900 seconds
117.679: [GC117.679: [ParNew: 15966K->1544K(16640K), 0.0006890 secs] 46702K->32280K(55552K), 0.0007210 secs] [Times: user=0.00 sys=0.00, real=0.00 secs] 
117.680: Total time for which application threads were stopped: 0.0008490 seconds, Stopping threads took: 0.0000720 seconds
117.715: Application time: 0.0347650 seconds
117.715: [GC117.715: [ParNew: 15956K->1036K(16640K), 0.0004980 secs] 46692K->31772K(55552K), 0.0005290 secs] [Times: user=0.00 sys=0.00, real=0.00 secs] 
117.716: Total time for which application threads were stopped: 0.0006980 seconds, Stopping threads took: 0.0001130 seconds
117.750: Application time: 0.0344120 seconds
117.750: [GC117.750: [ParNew: 15444K->1546K(16640K), 0.0008860 secs] 46180K->32794K(55552K), 0.0009200 secs] [Times: user=0.00 sys=0.00, real=0.00 secs] 
117.751: Total time for which application threads were stopped: 0.0010490 seconds, Stopping threads took: 0.0000680 seconds
117.786: Application time: 0.0347430 seconds
117.786: [GC117.786: [ParNew: 15954K->1546K(16640K), 0.0009140 secs] 47202K->33306K(55552K), 0.0009480 secs] [Times: user=0.00 sys=0.00, real=0.00 secs] 
117.787: Total time for which application threads were stopped: 0.0011550 seconds, Stopping threads took: 0.0001520 seconds
117.821: Application time: 0.0343080 seconds
117.821: [GC117.821: [ParNew: 15958K->1548K(16640K), 0.0007870 secs] 47718K->33820K(55552K), 0.0008210 secs] [Times: user=0.01 sys=0.00, real=0.00 secs] 
117.822: Total time for which application threads were stopped: 0.0010510 seconds, Stopping threads took: 0.0001680 seconds
117.857: Application time: 0.0350480 seconds
117.858: [GC117.858: [ParNew: 15956K->1548K(16640K), 0.0008340 secs] 48228K->34332K(55552K), 0.0008680 secs] [Times: user=0.01 sys=0.00, real=0.00 secs] 
117.858: Total time for which application threads were stopped: 0.0010680 seconds, Stopping threads took: 0.0001410 seconds
117.896: Application time: 0.0374820 seconds
117.897: [GC117.897: [ParNew: 15962K->1032K(16640K), 0.0004930 secs] 48746K->33816K(55552K), 0.0005240 secs] [Times: user=0.00 sys=0.00, real=0.00 secs] 
117.897: Total time for which application threads were stopped: 0.0012920 seconds, Stopping threads took: 0.0007060 seconds
117.933: Application time: 0.0356830 seconds
117.933: [GC117.933: [ParNew: 15600K->1608K(16640K), 0.0008460 secs] 48384K->34904K(55552K), 0.0008800 secs] [Times: user=0.01 sys=0.00, real=0.00 secs] 
117.934: Total time for which application threads were stopped: 0.0010340 seconds, Stopping threads took: 0.0000950 seconds
117.970: Application time: 0.0358230 seconds
117.970: [GC117.970: [ParNew: 16022K->1034K(16640K), 0.0005220 secs] 49318K->34387K(55552K), 0.0005540 secs] [Times: user=0.01 sys=0.00, real=0.00 secs] 
117.970: Total time for which application threads were stopped: 0.0006780 seconds, Stopping threads took: 0.0000670 seconds
118.003: Application time: 0.0321500 seconds
118.003: [GC118.003: [ParNew: 15520K->1576K(16640K), 0.0008070 secs] 48873K->35441K(55552K), 0.0008510 secs] [Times: user=0.01 sys=0.00, real=0.00 secs] 
118.004: Total time for which application threads were stopped: 0.0009720 seconds, Stopping threads took: 0.0000580 seconds
118.041: Application time: 0.0375930 seconds
118.041: [GC118.041: [ParNew: 16072K->554K(16640K), 0.0004040 secs] 49937K->34447K(55552K), 0.0004350 secs] [Times: user=0.00 sys=0.00, real=0.00 secs] 
118.042: Total time for which application threads were stopped: 0.0005410 seconds, Stopping threads took: 0.0000550 seconds
118.073: Application time: 0.0317040 seconds
118.074: [GC118.074: [ParNew: 15034K->1608K(16640K), 0.0010570 secs] 48927K->36525K(55552K), 0.0010930 secs] [Times: user=0.00 sys=0.00, real=0.00 secs] 
118.075: Total time for which application threads were stopped: 0.0012260 seconds, Stopping threads took: 0.0000700 seconds
118.111: Application time: 0.0367500 seconds
118.111: [GC118.111: [ParNew: 16026K->522K(16640K), 0.0004040 secs] 50944K->35496K(55552K), 0.0004340 secs] [Times: user=0.00 sys=0.00, real=0.00 secs] 
118.112: Total time for which application threads were stopped: 0.0005520 seconds, Stopping threads took: 0.0000660 seconds
118.144: Application time: 0.0317490 seconds
118.144: [GC118.144: [ParNew: 15002K->1580K(16640K), 0.0010050 secs] 49976K->37578K(55552K), 0.0010420 secs] [Times: user=0.01 sys=0.00, real=0.00 secs] 
118.145: Total time for which application threads were stopped: 0.0011690 seconds, Stopping threads took: 0.0000640 seconds
118.145: Application time: 0.0000720 seconds
118.145: [GC [1 CMS-initial-mark: 35998K(38912K)] 38090K(55552K), 0.0000970 secs] [Times: user=0.00 sys=0.00, real=0.00 secs] 
118.145: Total time for which application threads were stopped: 0.0002980 seconds, Stopping threads took: 0.0001820 seconds
118.145: [CMS-concurrent-mark-start]
118.149: [CMS-concurrent-mark: 0.003/0.003 secs] [Times: user=0.03 sys=0.00, real=0.01 secs] 
118.149: [CMS-concurrent-preclean-start]
118.149: [CMS-concurrent-preclean: 0.000/0.000 secs] [Times: user=0.00 sys=0.00, real=0.00 secs] 
118.149: Application time: 0.0036030 seconds
118.153: [GC[YG occupancy: 3132 K (16640 K)]118.153: [Rescan (parallel) , 0.0001780 secs]118.153: [weak refs processing, 0.0000060 secs]118.153: [scrub string table, 0.0000940 secs] [1 CMS-remark: 35998K(38912K)] 39131K(55552K), 0.0003050 secs] [Times: user=0.00 sys=0.00, real=0.00 secs] 
118.153: Total time for which application threads were stopped: 0.0042340 seconds, Stopping threads took: 0.0039040 seconds
118.153: [CMS-concurrent-sweep-start]
118.154: [CMS-concurrent-sweep: 0.001/0.001 secs] [Times: user=0.01 sys=0.00, real=0.00 secs] 
118.154: [CMS-concurrent-reset-start]
118.154: [CMS-concurrent-reset: 0.000/0.000 secs] [Times: user=0.00 sys=0.00, real=0.00 secs] 
118.187: Application time: 0.0335030 seconds
118.187: [GC118.187: [ParNew: 15994K->1546K(16640K), 0.0007500 secs] 22466K->8047K(55552K), 0.0007830 secs] [Times: user=0.00 sys=0.00, real=0.00 secs] 
118.187: Total time for which application threads were stopped: 0.0008960 seconds, Stopping threads took: 0.0000600 seconds
118.220: Application time: 0.0329910 seconds
118.221: [GC118.221: [ParNew: 15954K->1546K(16640K), 0.0008270 secs] 22455K->8559K(55552K), 0.0008600 secs] [Times: user=0.00 sys=0.00, real=0.00 secs] 
118.221: Total time for which application threads were stopped: 0.0010110 seconds, Stopping threads took: 0.0000890 seconds
118.256: Application time: 0.0345830 seconds
118.256: [GC118.256: [ParNew: 15954K->1550K(16640K), 0.0009740 secs] 22967K->9587K(55552K), 0.0010100 secs] [Times: user=0.00 sys=0.00, real=0.00 secs] 
118.257: Total time for which application threads were stopped: 0.0011460 seconds, Stopping threads took: 0.0000720 seconds
118.292: Application time: 0.0348900 seconds
118.292: [GC118.292: [ParNew: 16044K->1580K(16640K), 0.0006850 secs] 24081K->9617K(55552K), 0.0007180 secs] [Times: user=0.01 sys=0.00, real=0.00 secs] 
118.293: Total time for which application threads were stopped: 0.0008380 seconds, Stopping threads took: 0.0000630 seconds
118.326: Application time: 0.0331880 seconds
118.326: [GC118.326: [ParNew: 16062K->1578K(16640K), 0.0012540 secs] 24099K->11179K(55552K), 0.0013040 secs] [Times: user=0.01 sys=0.00, real=0.00 secs] 
118.328: Total time for which application threads were stopped: 0.0014390 seconds, Stopping threads took: 0.0000690 seconds
118.365: Application time: 0.0370500 seconds
118.369: [GC118.369: [ParNew: 15996K->1036K(16640K), 0.0004980 secs] 25598K->10666K(55552K), 0.0005290 secs] [Times: user=0.00 sys=0.00, real=0.00 secs] 
118.369: Total time for which application threads were stopped: 0.0045450 seconds, Stopping threads took: 0.0039600 seconds
118.401: Application time: 0.0316420 seconds
118.401: [GC118.401: [ParNew: 15440K->1550K(16640K), 0.0012100 secs] 25070K->12716K(55552K), 0.0012500 secs] [Times: user=0.00 sys=0.00, real=0.00 secs] 
118.402: Total time for which application threads were stopped: 0.0013840 seconds, Stopping threads took: 0.0000610 seconds
118.440: Application time: 0.0382840 seconds
118.441: [GC118.441: [ParNew: 15968K->1034K(16640K), 0.0005460 secs] 27134K->12200K(55552K), 0.0005760 secs] [Times: user=0.00 sys=0.01, real=0.00 secs] 
118.441: Total time for which application threads were stopped: 0.0007280 seconds, Stopping threads took: 0.0001010 seconds
118.474: Application time: 0.0332080 seconds
118.475: [GC118.475: [ParNew: 15437K->1548K(16640K), 0.0009730 secs] 26604K->13738K(55552K), 0.0010090 secs] [Times: user=0.00 sys=0.00, real=0.00 secs] 
118.476: Total time for which application threads were stopped: 0.0011440 seconds, Stopping threads took: 0.0000720 seconds
118.511: Application time: 0.0356730 seconds
118.511: [GC118.511: [ParNew: 15960K->1548K(16640K), 0.0008950 secs] 28150K->14250K(55552K), 0.0009310 secs] [Times: user=0.00 sys=0.00, real=0.00 secs] 
118.512: Total time for which application threads were stopped: 0.0010590 seconds, Stopping threads took: 0.0000660 seconds
118.547: Application time: 0.0345290 seconds
118.547: [GC118.547: [ParNew: 16010K->1550K(16640K), 0.0006950 secs] 28712K->14252K(55552K), 0.0007270 secs] [Times: user=0.00 sys=0.00, real=0.00 secs] 
118.548: Total time for which application threads were stopped: 0.0008690 seconds, Stopping threads took: 0.0000850 seconds
118.584: Application time: 0.0361710 seconds
118.584: [GC118.584: [ParNew: 16072K->582K(16640K), 0.0004450 secs] 28774K->13284K(55552K), 0.0004770 secs] [Times: user=0.00 sys=0.00, real=0.00 secs] 
118.584: Total time for which application threads were stopped: 0.0005850 seconds, Stopping threads took: 0.0000560 seconds
118.617: Application time: 0.0321450 seconds
118.617: [GC118.617: [ParNew: 14986K->1606K(16640K), 0.0008120 secs] 27688K->14820K(55552K), 0.0008480 secs] [Times: user=0.00 sys=0.00, real=0.00 secs] 
118.618: Total time for which application threads were stopped: 0.0009980 seconds, Stopping threads took: 0.0000890 seconds
118.655: Application time: 0.0378520 seconds
118.656: [GC118.656: [ParNew: 16102K->554K(16640K), 0.0003740 secs] 29317K->13825K(55552K), 0.0004050 secs] [Times: user=0.00 sys=0.00, real=0.00 secs] 
118.656: Total time for which application threads were stopped: 0.0005230 seconds, Stopping threads took: 0.0000650 seconds
118.688: Application time: 0.0318880 seconds
118.688: [GC118.688: [ParNew: 14957K->1576K(16640K), 0.0008340 secs] 28229K->15359K(55552K), 0.0008690 secs] [Times: user=0.01 sys=0.00, real=0.01 secs] 
118.689: Total time for which application threads were stopped: 0.0009960 seconds, Stopping threads took: 0.0000720 seconds
118.725: Application time: 0.0360580 seconds
118.725: [GC118.725: [ParNew: 16148K->1094K(16640K), 0.0005280 secs] 29932K->14905K(55552K), 0.0005590 secs] [Times: user=0.00 sys=0.00, real=0.00 secs] 
118.726: Total time for which application threads were stopped: 0.0007220 seconds, Stopping threads took: 0.0001070 seconds
118.759: Application time: 0.0333080 seconds
118.759: [GC118.759: [ParNew: 15500K->1548K(16640K), 0.0010390 secs] 29311K->16440K(55552K), 0.0010750 secs] [Times: user=0.01 sys=0.00, real=0.00 secs] 
118.760: Total time for which application threads were stopped: 0.0012090 seconds, Stopping threads took: 0.0000590 seconds
118.796: Application time: 0.0359260 seconds
118.796: [GC118.796: [ParNew: 16042K->1576K(16640K), 0.0006340 secs] 30935K->16469K(55552K), 0.0006660 secs] [Times: user=0.01 sys=0.00, real=0.00 secs] 
118.797: Total time for which application threads were stopped: 0.0008050 seconds, Stopping threads took: 0.0000820 seconds
118.831: Application time: 0.0341000 seconds
118.831: [GC118.831: [ParNew: 15986K->1548K(16640K), 0.0006810 secs] 30879K->16469K(55552K), 0.0007140 secs] [Times: user=0.00 sys=0.00, real=0.00 secs] 
118.832: Total time for which application threads were stopped: 0.0009160 seconds, Stopping threads took: 0.0001430 seconds
118.867: Application time: 0.0348720 seconds
118.867: [GC118.867: [ParNew: 15958K->1546K(16640K), 0.0006540 secs] 30879K->16467K(55552K), 0.0006860 secs] [Times: user=0.01 sys=0.00, real=0.00 secs] 
118.868: Total time for which application threads were stopped: 0.0008060 seconds, Stopping threads took: 0.0000620 seconds
118.902: Application time: 0.0339340 seconds
118.902: [GC118.902: [ParNew: 15952K->1548K(16640K), 0.0009760 secs] 30873K->17493K(55552K), 0.0010110 secs] [Times: user=0.01 sys=0.00, real=0.00 secs] 
118.903: Total time for which application threads were stopped: 0.0011390 seconds, Stopping threads took: 0.0000580 seconds
118.938: Application time: 0.0355900 seconds
118.938: [GC118.938: [ParNew: 16042K->1578K(16640K), 0.0006130 secs] 31987K->17523K(55552K), 0.0006460 secs] [Times: user=0.01 sys=0.00, real=0.00 secs] 
118.939: Total time for which application threads were stopped: 0.0007720 seconds, Stopping threads took: 0.0000750 seconds
118.972: Application time: 0.0326880 seconds
118.972: [GC118.972: [ParNew: 16062K->1578K(16640K), 0.0011230 secs] 32007K->18576K(55552K), 0.0011620 secs] [Times: user=0.00 sys=0.00, real=0.00 secs] 
118.973: Total time for which application threads were stopped: 0.0013110 seconds, Stopping threads took: 0.0000860 seconds
119.010: Application time: 0.0370400 seconds
119.010: [GC119.010: [ParNew: 15992K->1032K(16640K), 0.0005610 secs] 32990K->18058K(55552K), 0.0005900 secs] [Times: user=0.00 sys=0.00, real=0.00 secs] 
119.011: Total time for which application threads were stopped: 0.0007710 seconds, Stopping threads took: 0.0001270 seconds
119.044: Application time: 0.0329740 seconds
119.044: [GC119.044: [ParNew: 15440K->1550K(16640K), 0.0008920 secs] 32466K->19088K(55552K), 0.0009260 secs] [Times: user=0.01 sys=0.00, real=0.00 secs] 
119.045: Total time for which application threads were stopped: 0.0010490 seconds, Stopping threads took: 0.0000630 seconds
119.081: Application time: 0.0365330 seconds
119.082: [GC119.082: [ParNew: 15966K->520K(16640K), 0.0003950 secs] 33504K->18058K(55552K), 0.0004240 secs] [Times: user=0.00 sys=0.00, real=0.00 secs] 
119.082: Total time for which application threads were stopped: 0.0005510 seconds, Stopping threads took: 0.0000750 seconds
119.114: Application time: 0.0322080 seconds
119.114: [GC119.114: [ParNew: 14923K->1548K(16640K), 0.0008510 secs] 32462K->19598K(55552K), 0.0008850 secs] [Times: user=0.00 sys=0.00, real=0.00 secs] 
119.115: Total time for which application threads were stopped: 0.0010100 seconds, Stopping threads took: 0.0000650 seconds
119.151: Application time: 0.0360420 seconds
119.151: [GC119.151: [ParNew: 15964K->520K(16640K), 0.0003830 secs] 34014K->18570K(55552K), 0.0004130 secs] [Times: user=0.00 sys=0.00, real=0.00 secs] 
119.152: Total time for which application threads were stopped: 0.0005510 seconds, Stopping threads took: 0.0000860 seconds
119.185: Application time: 0.0329780 seconds
119.185: [GC119.185: [ParNew: 14921K->1550K(16640K), 0.0009190 secs] 32972K->20624K(55552K), 0.0009510 secs] [Times: user=0.00 sys=0.00, real=0.00 secs] 
119.186: Total time for which application threads were stopped: 0.0010880 seconds, Stopping threads took: 0.0000780 seconds
119.222: Application time: 0.0363370 seconds
119.222: [GC119.222: [ParNew: 16129K->582K(16640K), 0.0003550 secs] 35203K->19656K(55552K), 0.0003920 secs] [Times: user=0.00 sys=0.00, real=0.00 secs] 
119.223: Total time for which application threads were stopped: 0.0005180 seconds, Stopping threads took: 0.0000750 seconds
119.257: Application time: 0.0338370 seconds
119.257: [GC119.257: [ParNew: 15068K->1636K(16640K), 0.0006430 secs] 34142K->20710K(55552K), 0.0006750 secs] [Times: user=0.01 sys=0.00, real=0.00 secs] 
119.257: Total time for which application threads were stopped: 0.0007880 seconds, Stopping threads took: 0.0000550 seconds
119.292: Application time: 0.0342470 seconds
119.292: [GC119.292: [ParNew: 16042K->1546K(16640K), 0.0010760 secs] 35116K->21730K(55552K), 0.0011130 secs] [Times: user=0.00 sys=0.00, real=0.00 secs] 
119.293: Total time for which application threads were stopped: 0.0012490 seconds, Stopping threads took: 0.0000730 seconds
119.329: Application time: 0.0359970 seconds
119.329: [GC119.329: [ParNew: 15960K->1548K(16640K), 0.0006240 secs] 36144K->21732K(55552K), 0.0006570 secs] [Times: user=0.00 sys=0.00, real=0.00 secs] 
119.330: Total time for which application threads were stopped: 0.0007850 seconds, Stopping threads took: 0.0000700 seconds
119.363: Application time: 0.0338580 seconds
119.364: [GC119.364: [ParNew: 16116K->1608K(16640K), 0.0006750 secs] 36300K->21792K(55552K), 0.0007110 secs] [Times: user=0.01 sys=0.00, real=0.00 secs] 
119.364: Total time for which application threads were stopped: 0.0009620 seconds, Stopping threads took: 0.0001930 seconds
119.399: Application time: 0.0349450 seconds
119.400: [GC119.400: [ParNew: 16018K->1544K(16640K), 0.0006880 secs] 36202K->21785K(55552K), 0.0007200 secs] [Times: user=0.00 sys=0.00, real=0.00 secs] 
119.400: Total time for which application threads were stopped: 0.0008790 seconds, Stopping threads took: 0.0001000 seconds
119.435: Application time: 0.0345110 seconds
119.435: [GC119.435: [ParNew: 15952K->1548K(16640K), 0.0007960 secs] 36193K->22301K(55552K), 0.0008300 secs] [Times: user=0.01 sys=0.00, real=0.00 secs] 
119.436: Total time for which application threads were stopped: 0.0009850 seconds, Stopping threads took: 0.0000860 seconds
119.470: Application time: 0.0343250 seconds
119.470: [GC119.470: [ParNew: 16036K->1574K(16640K), 0.0010950 secs] 36789K->23351K(55552K), 0.0011320 secs] [Times: user=0.01 sys=0.00, real=0.00 secs] 
119.471: Total time for which application threads were stopped: 0.0012600 seconds, Stopping threads took: 0.0000650 seconds
119.509: Application time: 0.0373830 seconds
119.509: [GC119.509: [ParNew: 15992K->520K(16640K), 0.0004200 secs] 37769K->22325K(55552K), 0.0004500 secs] [Times: user=0.01 sys=0.00, real=0.00 secs] 
119.509: Total time for which application threads were stopped: 0.0005660 seconds, Stopping threads took: 0.0000610 seconds
119.541: Application time: 0.0313070 seconds
119.541: [GC119.541: [ParNew: 14921K->1546K(16640K), 0.0010530 secs] 36727K->24375K(55552K), 0.0010890 secs] [Times: user=0.00 sys=0.00, real=0.00 secs] 
119.542: Total time for which application threads were stopped: 0.0012050 seconds, Stopping threads took: 0.0000580 seconds
119.579: Application time: 0.0369610 seconds
119.579: [GC119.579: [ParNew: 15962K->1032K(16640K), 0.0005950 secs] 38792K->23861K(55552K), 0.0006250 secs] [Times: user=0.00 sys=0.00, real=0.00 secs] 
119.580: Total time for which application threads were stopped: 0.0007440 seconds, Stopping threads took: 0.0000640 seconds
119.611: Application time: 0.0314740 seconds
119.611: [GC119.611: [ParNew: 15514K->1576K(16640K), 0.0010570 secs] 38343K->25429K(55552K), 0.0010940 secs] [Times: user=0.00 sys=0.00, real=0.00 secs] 
119.612: Total time for which application threads were stopped: 0.0012380 seconds, Stopping threads took: 0.0000790 seconds
119.648: Application time: 0.0361000 seconds
119.648: [GC119.648: [ParNew: 16068K->1578K(16640K), 0.0007610 secs] 39922K->25460K(55552K), 0.0007950 secs] [Times: user=0.00 sys=0.00, real=0.01 secs] 
119.649: Total time for which application threads were stopped: 0.0009140 seconds, Stopping threads took: 0.0000590 seconds
119.683: Application time: 0.0336210 seconds
119.683: [GC119.683: [ParNew: 15988K->1544K(16640K), 0.0007170 secs] 39870K->25454K(55552K), 0.0007570 secs] [Times: user=0.01 sys=0.00, real=0.00 secs] 
119.684: Total time for which application threads were stopped: 0.0009750 seconds, Stopping threads took: 0.0001590 seconds
119.717: Application time: 0.0336110 seconds
119.718: [GC119.718: [ParNew: 15952K->1548K(16640K), 0.0008010 secs] 39862K->25970K(55552K), 0.0008340 secs] [Times: user=0.00 sys=0.00, real=0.00 secs] 
119.719: Total time for which application threads were stopped: 0.0010720 seconds, Stopping threads took: 0.0001770 seconds
119.754: Application time: 0.0351370 seconds
119.754: [GC119.754: [ParNew: 15960K->1548K(16640K), 0.0006320 secs] 40383K->25970K(55552K), 0.0006650 secs] [Times: user=0.01 sys=0.00, real=0.00 secs] 
119.755: Total time for which application threads were stopped: 0.0008000 seconds, Stopping threads took: 0.0000760 seconds
119.789: Application time: 0.0346910 seconds
119.789: [GC119.789: [ParNew: 15956K->1546K(16640K), 0.0009080 secs] 40378K->26480K(55552K), 0.0009420 secs] [Times: user=0.00 sys=0.00, real=0.00 secs] 
119.790: Total time for which application threads were stopped: 0.0011700 seconds, Stopping threads took: 0.0001730 seconds
119.826: Application time: 0.0352200 seconds
119.826: [GC119.826: [ParNew: 15956K->1546K(16640K), 0.0008870 secs] 40890K->26992K(55552K), 0.0009200 secs] [Times: user=0.01 sys=0.00, real=0.00 secs] 
119.827: Total time for which application threads were stopped: 0.0011180 seconds, Stopping threads took: 0.0001370 seconds
119.863: Application time: 0.0363950 seconds
119.863: [GC119.863: [ParNew: 16121K->582K(16640K), 0.0004400 secs] 41567K->26029K(55552K), 0.0004680 secs] [Times: user=0.00 sys=0.00, real=0.00 secs] 
119.864: Total time for which application threads were stopped: 0.0005860 seconds, Stopping threads took: 0.0000680 seconds
119.895: Application time: 0.0315280 seconds
119.895: [GC119.895: [ParNew: 14984K->1606K(16640K), 0.0010690 secs] 40430K->28077K(55552K), 0.0011060 secs] [Times: user=0.01 sys=0.00, real=0.00 secs] 
119.896: Total time for which application threads were stopped: 0.0012340 seconds, Stopping threads took: 0.0000650 seconds
119.933: Application time: 0.0365580 seconds
119.933: [GC119.933: [ParNew: 16100K->1578K(16640K), 0.0006710 secs] 42571K->28106K(55552K), 0.0007030 secs] [Times: user=0.01 sys=0.00, real=0.00 secs] 
119.934: Total time for which application threads were stopped: 0.0008200 seconds, Stopping threads took: 0.0000600 seconds
119.966: Application time: 0.0321890 seconds
119.966: [GC119.966: [ParNew: 15986K->1550K(16640K), 0.0008250 secs] 42514K->28618K(55552K), 0.0008590 secs] [Times: user=0.00 sys=0.00, real=0.00 secs] 
119.967: Total time for which application threads were stopped: 0.0010020 seconds, Stopping threads took: 0.0000750 seconds
120.004: Application time: 0.0368030 seconds
120.004: [GC120.004: [ParNew: 16118K->1606K(16640K), 0.0007270 secs] 43187K->28674K(55552K), 0.0007590 secs] [Times: user=0.00 sys=0.00, real=0.00 secs] 
120.005: Total time for which application threads were stopped: 0.0008820 seconds, Stopping threads took: 0.0000640 seconds
120.039: Application time: 0.0344290 seconds
120.039: [GC120.039: [ParNew: 16016K->1548K(16640K), 0.0006750 secs] 43084K->28673K(55552K), 0.0007060 secs] [Times: user=0.00 sys=0.00, real=0.00 secs] 
120.040: Total time for which application threads were stopped: 0.0008210 seconds, Stopping threads took: 0.0000640 seconds
120.073: Application time: 0.0334600 seconds
120.074: [GC120.074: [ParNew: 15954K->1548K(16640K), 0.0010360 secs] 43079K->29697K(55552K), 0.0010720 secs] [Times: user=0.01 sys=0.00, real=0.00 secs] 
120.075: Total time for which application threads were stopped: 0.0013070 seconds, Stopping threads took: 0.0001700 seconds
120.110: Application time: 0.0356980 seconds
120.111: [GC120.111: [ParNew: 16040K->1580K(16640K), 0.0006460 secs] 44190K->29729K(55552K), 0.0006780 secs] [Times: user=0.00 sys=0.00, real=0.00 secs] 
120.111: Total time for which application threads were stopped: 0.0008260 seconds, Stopping threads took: 0.0000810 seconds
120.147: Application time: 0.0352450 seconds
120.147: [GC120.147: [ParNew: 15990K->1036K(16640K), 0.0004980 secs] 44139K->29214K(55552K), 0.0005260 secs] [Times: user=0.01 sys=0.00, real=0.00 secs] 
120.147: Total time for which application threads were stopped: 0.0006920 seconds, Stopping threads took: 0.0001110 seconds
120.182: Application time: 0.0348290 seconds
120.182: [GC120.182: [ParNew: 15446K->1548K(16640K), 0.0007100 secs] 43624K->29726K(55552K), 0.0007400 secs] [Times: user=0.01 sys=0.00, real=0.00 secs] 
120.183: Total time for which application threads were stopped: 0.0009350 seconds, Stopping threads took: 0.0001360 seconds
120.217: Application time: 0.0340900 seconds
120.217: [GC120.217: [ParNew: 15954K->1548K(16640K), 0.0010630 secs] 44132K->30750K(55552K), 0.0011000 secs] [Times: user=0.01 sys=0.00, real=0.00 secs] 
120.218: Total time for which application threads were stopped: 0.0012240 seconds, Stopping threads took: 0.0000620 seconds
120.253: Application time: 0.0343510 seconds
120.253: [GC120.253: [ParNew: 16038K->1574K(16640K), 0.0008860 secs] 45240K->31288K(55552K), 0.0009180 secs] [Times: user=0.01 sys=0.00, real=0.00 secs] 
120.254: Total time for which application threads were stopped: 0.0010650 seconds, Stopping threads took: 0.0000870 seconds
120.289: Application time: 0.0351850 seconds
120.289: [GC120.289: [ParNew: 15988K->1036K(16640K), 0.0005820 secs] 45702K->30778K(55552K), 0.0006110 secs] [Times: user=0.00 sys=0.00, real=0.00 secs] 
120.290: Total time for which application threads were stopped: 0.0008090 seconds, Stopping threads took: 0.0001510 seconds
120.323: Application time: 0.0337060 seconds
120.324: [GC120.324: [ParNew: 15520K->1578K(16640K), 0.0008110 secs] 45262K->31832K(55552K), 0.0008460 secs] [Times: user=0.01 sys=0.00, real=0.00 secs] 
120.324: Total time for which application threads were stopped: 0.0009730 seconds, Stopping threads took: 0.0000640 seconds
120.359: Application time: 0.0350610 seconds
120.360: [GC120.360: [ParNew: 15988K->1550K(16640K), 0.0008150 secs] 46242K->32345K(55552K), 0.0008480 secs] [Times: user=0.00 sys=0.00, real=0.00 secs] 
120.360: Total time for which application threads were stopped: 0.0009670 seconds, Stopping threads took: 0.0000590 seconds
120.396: Application time: 0.0352810 seconds
120.396: [GC120.396: [ParNew: 15962K->1546K(16640K), 0.0006540 secs] 46757K->32341K(55552K), 0.0006850 secs] [Times: user=0.00 sys=0.00, real=0.00 secs] 
120.397: Total time for which application threads were stopped: 0.0008030 seconds, Stopping threads took: 0.0000610 seconds
120.430: Application time: 0.0338600 seconds
120.430: [GC120.431: [ParNew: 15952K->1548K(16640K), 0.0009850 secs] 46747K->33367K(55552K), 0.0010210 secs] [Times: user=0.00 sys=0.00, real=0.00 secs] 
120.432: Total time for which application threads were stopped: 0.0011570 seconds, Stopping threads took: 0.0000630 seconds
120.469: Application time: 0.0377960 seconds
120.469: [GC120.469: [ParNew: 16044K->1064K(16640K), 0.0005410 secs] 47863K->32883K(55552K), 0.0005720 secs] [Times: user=0.01 sys=0.00, real=0.00 secs] 
120.470: Total time for which application threads were stopped: 0.0007030 seconds, Stopping threads took: 0.0000650 seconds
120.502: Application time: 0.0317520 seconds
120.502: [GC120.502: [ParNew: 15546K->1576K(16640K), 0.0010280 secs] 47365K->34447K(55552K), 0.0010630 secs] [Times: user=0.01 sys=0.00, real=0.00 secs] 
120.503: Total time for which application threads were stopped: 0.0011940 seconds, Stopping threads took: 0.0000680 seconds
120.540: Application time: 0.0374020 seconds
120.540: [GC120.541: [ParNew: 15992K->1036K(16640K), 0.0005490 secs] 48864K->33936K(55552K), 0.0005790 secs] [Times: user=0.00 sys=0.01, real=0.01 secs] 
120.541: Total time for which application threads were stopped: 0.0006930 seconds, Stopping threads took: 0.0000620 seconds
120.574: Application time: 0.0332800 seconds
120.575: [GC120.575: [ParNew: 15520K->1576K(16640K), 0.0008080 secs] 48420K->34988K(55552K), 0.0008500 secs] [Times: user=0.00 sys=0.00, real=0.00 secs] 
120.575: Total time for which application threads were stopped: 0.0010430 seconds, Stopping threads took: 0.0001320 seconds
120.611: Application time: 0.0351840 seconds
120.611: [GC120.611: [ParNew: 15992K->1034K(16640K), 0.0004990 secs] 49404K->34474K(55552K), 0.0005390 secs] [Times: user=0.01 sys=0.00, real=0.00 secs] 
120.611: Total time for which application threads were stopped: 0.0006810 seconds, Stopping threads took: 0.0000840 seconds
120.646: Application time: 0.0342870 seconds
120.646: [GC120.646: [ParNew: 15598K->1608K(16640K), 0.0008210 secs] 49039K->35560K(55552K), 0.0008560 secs] [Times: user=0.01 sys=0.00, real=0.00 secs] 
120.647: Total time for which application threads were stopped: 0.0009820 seconds, Stopping threads took: 0.0000660 seconds
120.680: Application time: 0.0335870 seconds
120.680: [GC120.680: [ParNew: 16018K->1548K(16640K), 0.0008440 secs] 49971K->36069K(55552K), 0.0008800 secs] [Times: user=0.01 sys=0.00, real=0.01 secs] 
120.681: Total time for which application threads were stopped: 0.0010060 seconds, Stopping threads took: 0.0000620 seconds
120.717: Application time: 0.0357260 seconds
120.717: [GC120.717: [ParNew: 15956K->1548K(16640K), 0.0007970 secs] 50477K->36581K(55552K), 0.0008290 secs] [Times: user=0.01 sys=0.00, real=0.00 secs] 
120.718: Total time for which application threads were stopped: 0.0009780 seconds, Stopping threads took: 0.0000920 seconds
120.754: Application time: 0.0361860 seconds
120.754: [GC120.754: [ParNew: 15962K->1546K(16640K), 0.0006560 secs] 50996K->36579K(55552K), 0.0006860 secs] [Times: user=0.00 sys=0.00, real=0.00 secs] 
120.755: Total time for which application threads were stopped: 0.0008060 seconds, Stopping threads took: 0.0000630 seconds
120.789: Application time: 0.0340780 seconds
120.789: [GC120.789: [ParNew: 16032K->1574K(16640K), 0.0009040 secs] 51066K->37119K(55552K), 0.0009360 secs] [Times: user=0.01 sys=0.00, real=0.00 secs] 
120.790: Total time for which application threads were stopped: 0.0010930 seconds, Stopping threads took: 0.0000990 seconds
120.826: Application time: 0.0358800 seconds
120.826: [GC120.826: [ParNew: 15988K->1034K(16640K), 0.0005050 secs] 51534K->36608K(55552K), 0.0005370 secs] [Times: user=0.01 sys=0.00, real=0.00 secs] 
120.827: Total time for which application threads were stopped: 0.0006750 seconds, Stopping threads took: 0.0000800 seconds
120.859: Application time: 0.0319580 seconds
120.859: [GC120.859: [ParNew: 15440K->1548K(16640K), 0.0008600 secs] 51014K->37634K(55552K), 0.0008960 secs] [Times: user=0.00 sys=0.00, real=0.00 secs] 
120.860: Total time for which application threads were stopped: 0.0010190 seconds, Stopping threads took: 0.0000630 seconds
120.860: Application time: 0.0000620 seconds
120.860: [GC [1 CMS-initial-mark: 36086K(38912K)] 38146K(55552K), 0.0000890 secs] [Times: user=0.00 sys=0.00, real=0.00 secs] 
120.860: Total time for which application threads were stopped: 0.0002730 seconds, Stopping threads took: 0.0001670 seconds
120.860: [CMS-concurrent-mark-start]
120.863: [CMS-concurrent-mark: 0.003/0.003 secs] [Times: user=0.01 sys=0.00, real=0.01 secs] 
120.863: [CMS-concurrent-preclean-start]
120.863: [CMS-concurrent-preclean: 0.000/0.000 secs] [Times: user=0.00 sys=0.00, real=0.00 secs] 
120.863: Application time: 0.0034480 seconds
120.865: [GC[YG occupancy: 3098 K (16640 K)]120.865: [Rescan (parallel) , 0.0001710 secs]120.865: [weak refs processing, 0.0000060 secs]120.865: [scrub string table, 0.0000950 secs] [1 CMS-remark: 36086K(38912K)] 39184K(55552K), 0.0003000 secs] [Times: user=0.00 sys=0.00, real=0.00 secs] 
120.865: Total time for which application threads were stopped: 0.0015820 seconds, Stopping threads took: 0.0012560 seconds
120.865: [CMS-concurrent-sweep-start]
120.866: [CMS-concurrent-sweep: 0.001/0.001 secs] [Times: user=0.00 sys=0.00, real=0.00 secs] 
120.866: [CMS-concurrent-reset-start]
120.866: [CMS-concurrent-reset: 0.000/0.000 secs] [Times: user=0.00 sys=0.00, real=0.00 secs] 
120.898: Application time: 0.0329160 seconds
120.898: [GC120.898: [ParNew: 15958K->1544K(16640K), 0.0008760 secs] 21949K->8047K(55552K), 0.0009100 secs] [Times: user=0.01 sys=0.00, real=0.00 secs] 
120.899: Total time for which application threads were stopped: 0.0010320 seconds, Stopping threads took: 0.0000600 seconds
120.935: Application time: 0.0356210 seconds
120.935: [GC120.935: [ParNew: 16036K->1574K(16640K), 0.0007450 secs] 22539K->8077K(55552K), 0.0007770 secs] [Times: user=0.01 sys=0.00, real=0.00 secs] 
120.935: Total time for which application threads were stopped: 0.0009070 seconds, Stopping threads took: 0.0000720 seconds
120.969: Application time: 0.0338700 seconds
120.969: [GC120.969: [ParNew: 15984K->1544K(16640K), 0.0006480 secs] 22487K->8075K(55552K), 0.0006830 secs] [Times: user=0.00 sys=0.00, real=0.00 secs] 
120.970: Total time for which application threads were stopped: 0.0008020 seconds, Stopping threads took: 0.0000570 seconds
121.004: Application time: 0.0338350 seconds
121.004: [GC121.004: [ParNew: 16030K->1574K(16640K), 0.0009120 secs] 22561K->8617K(55552K), 0.0009470 secs] [Times: user=0.01 sys=0.00, real=0.00 secs] 
121.005: Total time for which application threads were stopped: 0.0010800 seconds, Stopping threads took: 0.0000640 seconds
121.041: Application time: 0.0359810 seconds
121.041: [GC121.041: [ParNew: 15988K->1032K(16640K), 0.0005370 secs] 23032K->8104K(55552K), 0.0005670 secs] [Times: user=0.01 sys=0.00, real=0.00 secs] 
121.042: Total time for which application threads were stopped: 0.0006980 seconds, Stopping threads took: 0.0000820 seconds
121.075: Application time: 0.0329800 seconds
121.075: [GC121.075: [ParNew: 15435K->1546K(16640K), 0.0010440 secs] 22508K->9642K(55552K), 0.0010810 secs] [Times: user=0.01 sys=0.00, real=0.00 secs] 
121.076: Total time for which application threads were stopped: 0.0012080 seconds, Stopping threads took: 0.0000620 seconds
121.113: Application time: 0.0368660 seconds
121.113: [GC121.113: [ParNew: 16044K->550K(16640K), 0.0003730 secs] 24140K->8646K(55552K), 0.0004000 secs] [Times: user=0.00 sys=0.00, real=0.00 secs] 
121.113: Total time for which application threads were stopped: 0.0006110 seconds, Stopping threads took: 0.0001590 seconds
121.145: Application time: 0.0319620 seconds
121.145: [GC121.145: [ParNew: 15030K->1606K(16640K), 0.0009850 secs] 23126K->10726K(55552K), 0.0010180 secs] [Times: user=0.01 sys=0.00, real=0.00 secs] 
121.147: Total time for which application threads were stopped: 0.0011740 seconds, Stopping threads took: 0.0000950 seconds
121.183: Application time: 0.0362420 seconds
121.183: [GC121.183: [ParNew: 16024K->522K(16640K), 0.0003990 secs] 25144K->9699K(55552K), 0.0004290 secs] [Times: user=0.01 sys=0.00, real=0.00 secs] 
121.183: Total time for which application threads were stopped: 0.0005480 seconds, Stopping threads took: 0.0000660 seconds
121.217: Application time: 0.0341810 seconds
121.218: [GC121.218: [ParNew: 15006K->1578K(16640K), 0.0007960 secs] 24183K->11267K(55552K), 0.0008310 secs] [Times: user=0.01 sys=0.00, real=0.00 secs] 
121.218: Total time for which application threads were stopped: 0.0009640 seconds, Stopping threads took: 0.0000710 seconds
121.253: Application time: 0.0347140 seconds
121.253: [GC121.253: [ParNew: 15990K->1550K(16640K), 0.0006710 secs] 25679K->11268K(55552K), 0.0007000 secs] [Times: user=0.01 sys=0.00, real=0.00 secs] 
121.254: Total time for which application threads were stopped: 0.0008870 seconds, Stopping threads took: 0.0001310 seconds
121.289: Application time: 0.0348280 seconds
121.289: [GC121.289: [ParNew: 16040K->1066K(16640K), 0.0005100 secs] 25758K->10784K(55552K), 0.0005400 secs] [Times: user=0.00 sys=0.00, real=0.00 secs] 
121.290: Total time for which application threads were stopped: 0.0006440 seconds, Stopping threads took: 0.0000500 seconds
121.323: Application time: 0.0335880 seconds
121.323: [GC121.323: [ParNew: 15550K->1580K(16640K), 0.0008300 secs] 25268K->11838K(55552K), 0.0008680 secs] [Times: user=0.00 sys=0.00, real=0.00 secs] 
121.324: Total time for which application threads were stopped: 0.0010060 seconds, Stopping threads took: 0.0000670 seconds
121.360: Application time: 0.0359290 seconds
121.360: [GC121.360: [ParNew: 15994K->1036K(16640K), 0.0004970 secs] 26252K->11323K(55552K), 0.0005310 secs] [Times: user=0.01 sys=0.00, real=0.01 secs] 
121.361: Total time for which application threads were stopped: 0.0006500 seconds, Stopping threads took: 0.0000640 seconds
121.395: Application time: 0.0340430 seconds
121.395: [GC121.395: [ParNew: 15442K->1546K(16640K), 0.0008810 secs] 25728K->12345K(55552K), 0.0009160 secs] [Times: user=0.01 sys=0.00, real=0.00 secs] 
121.396: Total time for which application threads were stopped: 0.0010360 seconds, Stopping threads took: 0.0000620 seconds
121.432: Application time: 0.0363770 seconds
121.432: [GC121.432: [ParNew: 16036K->1576K(16640K), 0.0007090 secs] 26835K->12375K(55552K), 0.0007420 secs] [Times: user=0.00 sys=0.00, real=0.00 secs] 
121.433: Total time for which application threads were stopped: 0.0008620 seconds, Stopping threads took: 0.0000620 seconds
121.465: Application time: 0.0323940 seconds
121.466: [GC121.466: [ParNew: 15978K->1552K(16640K), 0.0013810 secs] 26777K->14427K(55552K), 0.0014190 secs] [Times: user=0.01 sys=0.00, real=0.00 secs] 
121.467: Total time for which application threads were stopped: 0.0015540 seconds, Stopping threads took: 0.0000690 seconds
121.504: Application time: 0.0365720 seconds
121.504: [GC121.504: [ParNew: 15968K->1544K(16640K), 0.0008040 secs] 28844K->14931K(55552K), 0.0008380 secs] [Times: user=0.01 sys=0.00, real=0.00 secs] 
121.505: Total time for which application threads were stopped: 0.0009570 seconds, Stopping threads took: 0.0000590 seconds
121.539: Application time: 0.0341030 seconds
121.539: [GC121.539: [ParNew: 15954K->1548K(16640K), 0.0008120 secs] 29341K->15447K(55552K), 0.0008440 secs] [Times: user=0.00 sys=0.00, real=0.00 secs] 
121.540: Total time for which application threads were stopped: 0.0010000 seconds, Stopping threads took: 0.0000880 seconds
121.575: Application time: 0.0352830 seconds
121.575: [GC121.575: [ParNew: 16040K->1578K(16640K), 0.0006150 secs] 29939K->15477K(55552K), 0.0006480 secs] [Times: user=0.01 sys=0.00, real=0.00 secs] 
121.576: Total time for which application threads were stopped: 0.0007720 seconds, Stopping threads took: 0.0000650 seconds
121.610: Application time: 0.0342570 seconds
121.610: [GC121.610: [ParNew: 15986K->1546K(16640K), 0.0006880 secs] 29885K->15474K(55552K), 0.0007220 secs] [Times: user=0.01 sys=0.00, real=0.00 secs] 
121.611: Total time for which application threads were stopped: 0.0008480 seconds, Stopping threads took: 0.0000650 seconds
121.645: Application time: 0.0343940 seconds
121.645: [GC121.645: [ParNew: 16040K->1062K(16640K), 0.0006060 secs] 29968K->14990K(55552K), 0.0006350 secs] [Times: user=0.00 sys=0.00, real=0.00 secs] 
121.646: Total time for which application threads were stopped: 0.0007470 seconds, Stopping threads took: 0.0000590 seconds
121.681: Application time: 0.0349980 seconds
121.681: [GC121.681: [ParNew: 15468K->1548K(16640K), 0.0008390 secs] 29396K->16016K(55552K), 0.0008760 secs] [Times: user=0.01 sys=0.00, real=0.00 secs] 
121.682: Total time for which application threads were stopped: 0.0010000 seconds, Stopping threads took: 0.0000600 seconds
121.717: Application time: 0.0350910 seconds
121.717: [GC121.717: [ParNew: 15958K->1548K(16640K), 0.0008300 secs] 30426K->16528K(55552K), 0.0008630 secs] [Times: user=0.00 sys=0.00, real=0.00 secs] 
121.718: Total time for which application threads were stopped: 0.0009750 seconds, Stopping threads took: 0.0000530 seconds
121.755: Application time: 0.0365580 seconds
121.755: [GC121.755: [ParNew: 15964K->520K(16640K), 0.0004130 secs] 30944K->15500K(55552K), 0.0004410 secs] [Times: user=0.00 sys=0.00, real=0.00 secs] 
121.755: Total time for which application threads were stopped: 0.0005510 seconds, Stopping threads took: 0.0000570 seconds
121.786: Application time: 0.0311250 seconds
121.786: [GC121.786: [ParNew: 15080K->1608K(16640K), 0.0008590 secs] 30060K->17100K(55552K), 0.0008960 secs] [Times: user=0.01 sys=0.00, real=0.00 secs] 
121.787: Total time for which application threads were stopped: 0.0010370 seconds, Stopping threads took: 0.0000780 seconds
121.825: Application time: 0.0375510 seconds
121.825: [GC121.825: [ParNew: 16022K->1032K(16640K), 0.0005570 secs] 31515K->16581K(55552K), 0.0005870 secs] [Times: user=0.00 sys=0.00, real=0.00 secs] 
121.826: Total time for which application threads were stopped: 0.0006950 seconds, Stopping threads took: 0.0000540 seconds
121.858: Application time: 0.0321710 seconds
121.858: [GC121.858: [ParNew: 15514K->1578K(16640K), 0.0010370 secs] 31063K->18151K(55552K), 0.0010700 secs] [Times: user=0.01 sys=0.00, real=0.00 secs] 
121.859: Total time for which application threads were stopped: 0.0012010 seconds, Stopping threads took: 0.0000700 seconds
121.896: Application time: 0.0374770 seconds
121.896: [GC121.897: [ParNew: 15994K->1032K(16640K), 0.0004780 secs] 32568K->17634K(55552K), 0.0005100 secs] [Times: user=0.00 sys=0.00, real=0.00 secs] 
121.897: Total time for which application threads were stopped: 0.0006420 seconds, Stopping threads took: 0.0000760 seconds
121.930: Application time: 0.0326830 seconds
121.930: [GC121.930: [ParNew: 15516K->1576K(16640K), 0.0008160 secs] 32118K->18690K(55552K), 0.0008500 secs] [Times: user=0.01 sys=0.00, real=0.00 secs] 
121.931: Total time for which application threads were stopped: 0.0009690 seconds, Stopping threads took: 0.0000600 seconds
121.967: Application time: 0.0364960 seconds
121.967: [GC121.967: [ParNew: 16070K->1066K(16640K), 0.0004900 secs] 33184K->18208K(55552K), 0.0005200 secs] [Times: user=0.00 sys=0.00, real=0.00 secs] 
121.968: Total time for which application threads were stopped: 0.0006320 seconds, Stopping threads took: 0.0000570 seconds
122.002: Application time: 0.0342020 seconds
122.002: [GC122.002: [ParNew: 15472K->1546K(16640K), 0.0008690 secs] 32614K->19229K(55552K), 0.0009040 secs] [Times: user=0.01 sys=0.00, real=0.00 secs] 
122.003: Total time for which application threads were stopped: 0.0010480 seconds, Stopping threads took: 0.0000840 seconds
122.038: Application time: 0.0350990 seconds
122.038: [GC122.038: [ParNew: 15960K->1034K(16640K), 0.0004650 secs] 33643K->18717K(55552K), 0.0004960 secs] [Times: user=0.00 sys=0.00, real=0.00 secs] 
122.039: Total time for which application threads were stopped: 0.0006370 seconds, Stopping threads took: 0.0000860 seconds
122.071: Application time: 0.0323100 seconds
122.071: [GC122.071: [ParNew: 15437K->1548K(16640K), 0.0010260 secs] 33121K->20255K(55552K), 0.0010610 secs] [Times: user=0.01 sys=0.00, real=0.00 secs] 
122.072: Total time for which application threads were stopped: 0.0012240 seconds, Stopping threads took: 0.0000920 seconds
122.110: Application time: 0.0380420 seconds
122.111: [GC122.111: [ParNew: 16044K->1066K(16640K), 0.0004980 secs] 34751K->19773K(55552K), 0.0005310 secs] [Times: user=0.00 sys=0.00, real=0.00 secs] 
122.111: Total time for which application threads were stopped: 0.0006660 seconds, Stopping threads took: 0.0000790 seconds
122.142: Application time: 0.0310650 seconds
122.142: [GC122.142: [ParNew: 15470K->1548K(16640K), 0.0010200 secs] 34177K->21307K(55552K), 0.0010570 secs] [Times: user=0.01 sys=0.00, real=0.00 secs] 
122.143: Total time for which application threads were stopped: 0.0012030 seconds, Stopping threads took: 0.0000900 seconds
122.181: Application time: 0.0373090 seconds
122.181: [GC122.181: [ParNew: 15964K->1032K(16640K), 0.0005700 secs] 35724K->20791K(55552K), 0.0006000 secs] [Times: user=0.00 sys=0.00, real=0.00 secs] 
122.181: Total time for which application threads were stopped: 0.0007260 seconds, Stopping threads took: 0.0000720 seconds
122.216: Application time: 0.0342910 seconds
122.216: [GC122.216: [ParNew: 15440K->1546K(16640K), 0.0006190 secs] 35199K->21305K(55552K), 0.0006480 secs] [Times: user=0.01 sys=0.00, real=0.00 secs] 
122.216: Total time for which application threads were stopped: 0.0007680 seconds, Stopping threads took: 0.0000660 seconds
122.250: Application time: 0.0330890 seconds
122.250: [GC122.250: [ParNew: 16030K->1576K(16640K), 0.0010500 secs] 35790K->22360K(55552K), 0.0010920 secs] [Times: user=0.01 sys=0.00, real=0.00 secs] 
122.251: Total time for which application threads were stopped: 0.0012190 seconds, Stopping threads took: 0.0000670 seconds
122.287: Application time: 0.0362700 seconds
122.287: [GC122.287: [ParNew: 15992K->1034K(16640K), 0.0005670 secs] 36776K->21846K(55552K), 0.0005960 secs] [Times: user=0.00 sys=0.00, real=0.00 secs] 
122.288: Total time for which application threads were stopped: 0.0007140 seconds, Stopping threads took: 0.0000650 seconds
122.321: Application time: 0.0330090 seconds
122.321: [GC122.321: [ParNew: 15516K->1580K(16640K), 0.0009680 secs] 36328K->23416K(55552K), 0.0010040 secs] [Times: user=0.01 sys=0.00, real=0.00 secs] 
122.322: Total time for which application threads were stopped: 0.0011250 seconds, Stopping threads took: 0.0000580 seconds
122.358: Application time: 0.0360500 seconds
122.358: [GC122.358: [ParNew: 15996K->1036K(16640K), 0.0004910 secs] 37832K->22901K(55552K), 0.0005220 secs] [Times: user=0.00 sys=0.00, real=0.00 secs] 
122.359: Total time for which application threads were stopped: 0.0006630 seconds, Stopping threads took: 0.0000830 seconds
122.392: Application time: 0.0334440 seconds
122.392: [GC122.392: [ParNew: 15437K->1548K(16640K), 0.0010150 secs] 37302K->24437K(55552K), 0.0010520 secs] [Times: user=0.01 sys=0.00, real=0.00 secs] 
122.393: Total time for which application threads were stopped: 0.0012300 seconds, Stopping threads took: 0.0001210 seconds
122.429: Application time: 0.0359810 seconds
122.429: [GC122.429: [ParNew: 16124K->1608K(16640K), 0.0006690 secs] 39013K->24497K(55552K), 0.0007030 secs] [Times: user=0.01 sys=0.00, real=0.00 secs] 
122.430: Total time for which application threads were stopped: 0.0008180 seconds, Stopping threads took: 0.0000560 seconds
122.464: Application time: 0.0335230 seconds
122.464: [GC122.464: [ParNew: 16014K->1548K(16640K), 0.0010000 secs] 38903K->25518K(55552K), 0.0010360 secs] [Times: user=0.01 sys=0.00, real=0.00 secs] 
122.465: Total time for which application threads were stopped: 0.0011650 seconds, Stopping threads took: 0.0000660 seconds
122.500: Application time: 0.0355740 seconds
122.500: [GC122.500: [ParNew: 16038K->1578K(16640K), 0.0008220 secs] 40008K->26060K(55552K), 0.0008600 secs] [Times: user=0.00 sys=0.00, real=0.01 secs] 
122.501: Total time for which application threads were stopped: 0.0009850 seconds, Stopping threads took: 0.0000630 seconds
122.537: Application time: 0.0355620 seconds
122.537: [GC122.537: [ParNew: 15992K->1034K(16640K), 0.0004920 secs] 40474K->25544K(55552K), 0.0005250 secs] [Times: user=0.00 sys=0.00, real=0.00 secs] 
122.538: Total time for which application threads were stopped: 0.0006420 seconds, Stopping threads took: 0.0000600 seconds
122.572: Application time: 0.0341450 seconds
122.572: [GC122.572: [ParNew: 15522K->1576K(16640K), 0.0006590 secs] 40032K->26086K(55552K), 0.0006900 secs] [Times: user=0.01 sys=0.00, real=0.00 secs] 
122.573: Total time for which application threads were stopped: 0.0009070 seconds, Stopping threads took: 0.0001480 seconds
122.608: Application time: 0.0354660 seconds
122.608: [GC122.608: [ParNew: 16068K->552K(16640K), 0.0004000 secs] 40579K->25091K(55552K), 0.0004310 secs] [Times: user=0.01 sys=0.00, real=0.01 secs] 
122.609: Total time for which application threads were stopped: 0.0006290 seconds, Stopping threads took: 0.0001430 seconds
122.643: Application time: 0.0342160 seconds
122.643: [GC122.643: [ParNew: 14958K->1580K(16640K), 0.0006380 secs] 39497K->26119K(55552K), 0.0006700 secs] [Times: user=0.00 sys=0.00, real=0.00 secs] 
122.644: Total time for which application threads were stopped: 0.0007890 seconds, Stopping threads took: 0.0000680 seconds
122.678: Application time: 0.0338580 seconds
122.678: [GC122.678: [ParNew: 15988K->1550K(16640K), 0.0008310 secs] 40527K->26629K(55552K), 0.0008660 secs] [Times: user=0.01 sys=0.00, real=0.00 secs] 
122.679: Total time for which application threads were stopped: 0.0009930 seconds, Stopping threads took: 0.0000580 seconds
122.714: Application time: 0.0350240 seconds
122.714: [GC122.714: [ParNew: 15962K->1548K(16640K), 0.0006580 secs] 41041K->26627K(55552K), 0.0006890 secs] [Times: user=0.00 sys=0.00, real=0.00 secs] 
122.714: Total time for which application threads were stopped: 0.0008150 seconds, Stopping threads took: 0.0000690 seconds
122.749: Application time: 0.0345160 seconds
122.749: [GC122.749: [ParNew: 16038K->1062K(16640K), 0.0004970 secs] 41118K->26141K(55552K), 0.0005270 secs] [Times: user=0.00 sys=0.00, real=0.00 secs] 
122.750: Total time for which application threads were stopped: 0.0006650 seconds, Stopping threads took: 0.0000840 seconds
122.784: Application time: 0.0339760 seconds
122.784: [GC122.784: [ParNew: 15466K->1546K(16640K), 0.0010590 secs] 40545K->27678K(55552K), 0.0010950 secs] [Times: user=0.01 sys=0.00, real=0.00 secs] 
122.785: Total time for which application threads were stopped: 0.0012420 seconds, Stopping threads took: 0.0000820 seconds
122.821: Application time: 0.0359770 seconds
122.821: [GC122.821: [ParNew: 15960K->1544K(16640K), 0.0006280 secs] 42092K->27676K(55552K), 0.0006600 secs] [Times: user=0.00 sys=0.00, real=0.00 secs] 
122.822: Total time for which application threads were stopped: 0.0007820 seconds, Stopping threads took: 0.0000630 seconds
122.855: Application time: 0.0333480 seconds
122.855: [GC122.855: [ParNew: 15952K->1548K(16640K), 0.0008660 secs] 42084K->28192K(55552K), 0.0009020 secs] [Times: user=0.01 sys=0.00, real=0.00 secs] 
122.856: Total time for which application threads were stopped: 0.0010280 seconds, Stopping threads took: 0.0000660 seconds
122.893: Application time: 0.0372590 seconds
122.893: [GC122.893: [ParNew: 15962K->1032K(16640K), 0.0004990 secs] 42606K->27676K(55552K), 0.0005300 secs] [Times: user=0.00 sys=0.00, real=0.00 secs] 
122.894: Total time for which application threads were stopped: 0.0006350 seconds, Stopping threads took: 0.0000570 seconds
122.926: Application time: 0.0326340 seconds
122.927: [GC122.927: [ParNew: 15514K->1576K(16640K), 0.0009790 secs] 42158K->29244K(55552K), 0.0010170 secs] [Times: user=0.01 sys=0.00, real=0.00 secs] 
122.928: Total time for which application threads were stopped: 0.0011560 seconds, Stopping threads took: 0.0000750 seconds
122.963: Application time: 0.0358690 seconds
122.964: [GC122.964: [ParNew: 15990K->1036K(16640K), 0.0004700 secs] 43658K->28732K(55552K), 0.0004970 secs] [Times: user=0.01 sys=0.00, real=0.00 secs] 
122.964: Total time for which application threads were stopped: 0.0006300 seconds, Stopping threads took: 0.0000770 seconds
122.998: Application time: 0.0339790 seconds
122.998: [GC122.998: [ParNew: 15522K->1576K(16640K), 0.0008890 secs] 43218K->29784K(55552K), 0.0009230 secs] [Times: user=0.00 sys=0.00, real=0.00 secs] 
122.999: Total time for which application threads were stopped: 0.0011010 seconds, Stopping threads took: 0.0001180 seconds
123.034: Application time: 0.0345580 seconds
123.034: [GC123.034: [ParNew: 15986K->1550K(16640K), 0.0008680 secs] 44195K->30299K(55552K), 0.0009010 secs] [Times: user=0.01 sys=0.00, real=0.00 secs] 
123.035: Total time for which application threads were stopped: 0.0010290 seconds, Stopping threads took: 0.0000670 seconds
123.069: Application time: 0.0345050 seconds
123.069: [GC123.069: [ParNew: 16114K->1606K(16640K), 0.0010640 secs] 44863K->31379K(55552K), 0.0010990 secs] [Times: user=0.01 sys=0.00, real=0.00 secs] 
123.071: Total time for which application threads were stopped: 0.0012480 seconds, Stopping threads took: 0.0000840 seconds
123.105: Application time: 0.0346320 seconds
123.105: [GC123.105: [ParNew: 16020K->1550K(16640K), 0.0007280 secs] 45793K->31380K(55552K), 0.0007610 secs] [Times: user=0.00 sys=0.00, real=0.00 secs] 
123.106: Total time for which application threads were stopped: 0.0009950 seconds, Stopping threads took: 0.0001650 seconds
123.141: Application time: 0.0351250 seconds
123.141: [GC123.141: [ParNew: 16042K->1062K(16640K), 0.0005290 secs] 45872K->30892K(55552K), 0.0005670 secs] [Times: user=0.01 sys=0.00, real=0.00 secs] 
123.142: Total time for which application threads were stopped: 0.0007030 seconds, Stopping threads took: 0.0000790 seconds
123.176: Application time: 0.0337170 seconds
123.176: [GC123.176: [ParNew: 15466K->1548K(16640K), 0.0010370 secs] 45296K->32431K(55552K), 0.0010740 secs] [Times: user=0.00 sys=0.00, real=0.00 secs] 
123.177: Total time for which application threads were stopped: 0.0011980 seconds, Stopping threads took: 0.0000610 seconds
123.213: Application time: 0.0363000 seconds
123.213: [GC123.213: [ParNew: 15966K->522K(16640K), 0.0003620 secs] 46849K->31404K(55552K), 0.0003910 secs] [Times: user=0.00 sys=0.00, real=0.00 secs] 
123.214: Total time for which application threads were stopped: 0.0005560 seconds, Stopping threads took: 0.0001120 seconds
123.246: Application time: 0.0325450 seconds
123.246: [GC123.246: [ParNew: 15080K->1604K(16640K), 0.0011240 secs] 45963K->33511K(55552K), 0.0011590 secs] [Times: user=0.00 sys=0.00, real=0.00 secs] 
123.248: Total time for which application threads were stopped: 0.0012740 seconds, Stopping threads took: 0.0000570 seconds
123.283: Application time: 0.0353900 seconds
123.283: [GC123.283: [ParNew: 16018K->1548K(16640K), 0.0006610 secs] 47925K->33512K(55552K), 0.0006940 secs] [Times: user=0.01 sys=0.00, real=0.00 secs] 
123.284: Total time for which application threads were stopped: 0.0008320 seconds, Stopping threads took: 0.0000820 seconds
123.318: Application time: 0.0341250 seconds
123.318: [GC123.318: [ParNew: 15954K->1548K(16640K), 0.0010070 secs] 47918K->34536K(55552K), 0.0010450 secs] [Times: user=0.01 sys=0.00, real=0.00 secs] 
123.319: Total time for which application threads were stopped: 0.0011630 seconds, Stopping threads took: 0.0000550 seconds
123.354: Application time: 0.0348420 seconds
123.354: [GC123.354: [ParNew: 15962K->1548K(16640K), 0.0006790 secs] 48950K->34536K(55552K), 0.0007100 secs] [Times: user=0.00 sys=0.00, real=0.00 secs] 
123.355: Total time for which application threads were stopped: 0.0009240 seconds, Stopping threads took: 0.0001590 seconds
123.389: Application time: 0.0339950 seconds
123.389: [GC123.389: [ParNew: 15958K->1546K(16640K), 0.0007020 secs] 48946K->34534K(55552K), 0.0007340 secs] [Times: user=0.00 sys=0.00, real=0.00 secs] 
123.390: Total time for which application threads were stopped: 0.0008540 seconds, Stopping threads took: 0.0000620 seconds
123.424: Application time: 0.0338710 seconds
123.424: [GC123.424: [ParNew: 16028K->1578K(16640K), 0.0012510 secs] 49016K->36102K(55552K), 0.0012880 secs] [Times: user=0.01 sys=0.00, real=0.00 secs] 
123.425: Total time for which application threads were stopped: 0.0014180 seconds, Stopping threads took: 0.0000680 seconds
123.464: Application time: 0.0386730 seconds
123.464: [GC123.464: [ParNew: 15996K->1034K(16640K), 0.0005040 secs] 50520K->35586K(55552K), 0.0005360 secs] [Times: user=0.00 sys=0.00, real=0.00 secs] 
123.464: Total time for which application threads were stopped: 0.0006470 seconds, Stopping threads took: 0.0000570 seconds
123.497: Application time: 0.0327760 seconds
123.497: [GC123.497: [ParNew: 15440K->1548K(16640K), 0.0008610 secs] 49992K->36612K(55552K), 0.0008960 secs] [Times: user=0.00 sys=0.00, real=0.00 secs] 
123.498: Total time for which application threads were stopped: 0.0010130 seconds, Stopping threads took: 0.0000580 seconds
123.534: Application time: 0.0360800 seconds
123.534: [GC123.534: [ParNew: 15962K->1030K(16640K), 0.0005030 secs] 51026K->36094K(55552K), 0.0005340 secs] [Times: user=0.01 sys=0.00, real=0.00 secs] 
123.535: Total time for which application threads were stopped: 0.0006720 seconds, Stopping threads took: 0.0000810 seconds
123.567: Application time: 0.0324070 seconds
123.567: [GC123.567: [ParNew: 15512K->1578K(16640K), 0.0010070 secs] 50576K->37666K(55552K), 0.0010420 secs] [Times: user=0.01 sys=0.00, real=0.00 secs] 
123.568: Total time for which application threads were stopped: 0.0011700 seconds, Stopping threads took: 0.0000640 seconds
123.569: Application time: 0.0000710 seconds
123.569: [GC [1 CMS-initial-mark: 36088K(38912K)] 38692K(55552K), 0.0001040 secs] [Times: user=0.00 sys=0.00, real=0.00 secs] 
123.569: Total time for which application threads were stopped: 0.0003500 seconds, Stopping threads took: 0.0002280 seconds
123.569: [CMS-concurrent-mark-start]
123.572: [CMS-concurrent-mark: 0.003/0.003 secs] [Times: user=0.00 sys=0.00, real=0.00 secs] 
123.572: [CMS-concurrent-preclean-start]
123.572: [CMS-concurrent-preclean: 0.000/0.000 secs] [Times: user=0.01 sys=0.00, real=0.00 secs] 
123.572: Application time: 0.0033450 seconds
123.577: [GC[YG occupancy: 3118 K (16640 K)]123.577: [Rescan (parallel) , 0.0001860 secs]123.577: [weak refs processing, 0.0000060 secs]123.577: [scrub string table, 0.0000920 secs] [1 CMS-remark: 36088K(38912K)] 39206K(55552K), 0.0003090 secs] [Times: user=0.00 sys=0.00, real=0.00 secs] 
123.577: Total time for which application threads were stopped: 0.0046530 seconds, Stopping threads took: 0.0043210 seconds
123.577: [CMS-concurrent-sweep-start]
123.578: [CMS-concurrent-sweep: 0.001/0.001 secs] [Times: user=0.00 sys=0.00, real=0.00 secs] 
123.578: [CMS-concurrent-reset-start]
123.578: [CMS-concurrent-reset: 0.000/0.000 secs] [Times: user=0.00 sys=0.00, real=0.00 secs] 
123.612: Application time: 0.0352610 seconds
123.612: [GC123.612: [ParNew: 15992K->1542K(16640K), 0.0006660 secs] 22469K->8047K(55552K), 0.0007020 secs] [Times: user=0.01 sys=0.00, real=0.00 secs] 
123.613: Total time for which application threads were stopped: 0.0008270 seconds, Stopping threads took: 0.0000570 seconds
123.646: Application time: 0.0333170 seconds
123.646: [GC123.646: [ParNew: 15948K->1546K(16640K), 0.0010170 secs] 22453K->9075K(55552K), 0.0010500 secs] [Times: user=0.01 sys=0.00, real=0.00 secs] 
123.648: Total time for which application threads were stopped: 0.0011720 seconds, Stopping threads took: 0.0000640 seconds
123.683: Application time: 0.0352550 seconds
123.683: [GC123.683: [ParNew: 16038K->1578K(16640K), 0.0006380 secs] 23568K->9107K(55552K), 0.0006710 secs] [Times: user=0.01 sys=0.00, real=0.00 secs] 
123.684: Total time for which application threads were stopped: 0.0007930 seconds, Stopping threads took: 0.0000650 seconds
123.720: Application time: 0.0364950 seconds
123.720: [GC123.720: [ParNew: 16148K->1606K(16640K), 0.0006710 secs] 23678K->9164K(55552K), 0.0007060 secs] [Times: user=0.01 sys=0.00, real=0.01 secs] 
123.721: Total time for which application threads were stopped: 0.0008200 seconds, Stopping threads took: 0.0000600 seconds
123.753: Application time: 0.0323660 seconds
123.753: [GC123.753: [ParNew: 16012K->1546K(16640K), 0.0010670 secs] 23570K->10185K(55552K), 0.0010970 secs] [Times: user=0.01 sys=0.00, real=0.00 secs] 
123.754: Total time for which application threads were stopped: 0.0012360 seconds, Stopping threads took: 0.0000780 seconds
123.793: Application time: 0.0382830 seconds
123.793: [GC123.793: [ParNew: 16042K->1062K(16640K), 0.0005780 secs] 24681K->9701K(55552K), 0.0006080 secs] [Times: user=0.01 sys=0.00, real=0.00 secs] 
123.793: Total time for which application threads were stopped: 0.0007200 seconds, Stopping threads took: 0.0000570 seconds
123.824: Application time: 0.0307720 seconds
123.825: [GC123.825: [ParNew: 15468K->1546K(16640K), 0.0008160 secs] 24107K->10725K(55552K), 0.0008560 secs] [Times: user=0.01 sys=0.00, real=0.00 secs] 
123.825: Total time for which application threads were stopped: 0.0011360 seconds, Stopping threads took: 0.0002160 seconds
123.862: Application time: 0.0364910 seconds
123.862: [GC123.862: [ParNew: 15958K->1546K(16640K), 0.0006390 secs] 25137K->10725K(55552K), 0.0006710 secs] [Times: user=0.01 sys=0.00, real=0.00 secs] 
123.863: Total time for which application threads were stopped: 0.0007810 seconds, Stopping threads took: 0.0000540 seconds
123.896: Application time: 0.0335770 seconds
123.896: [GC123.896: [ParNew: 16108K->1608K(16640K), 0.0010170 secs] 25288K->11811K(55552K), 0.0010550 secs] [Times: user=0.01 sys=0.00, real=0.00 secs] 
123.897: Total time for which application threads were stopped: 0.0011810 seconds, Stopping threads took: 0.0000690 seconds
123.932: Application time: 0.0350680 seconds
123.933: [GC123.933: [ParNew: 16024K->1032K(16640K), 0.0005910 secs] 26228K->11292K(55552K), 0.0006290 secs] [Times: user=0.01 sys=0.00, real=0.00 secs] 
123.933: Total time for which application threads were stopped: 0.0007690 seconds, Stopping threads took: 0.0000870 seconds
123.968: Application time: 0.0342350 seconds
123.968: [GC123.968: [ParNew: 15440K->1546K(16640K), 0.0006480 secs] 25700K->11806K(55552K), 0.0006800 secs] [Times: user=0.00 sys=0.00, real=0.00 secs] 
123.968: Total time for which application threads were stopped: 0.0008030 seconds, Stopping threads took: 0.0000650 seconds
124.003: Application time: 0.0344260 seconds
124.003: [GC124.003: [ParNew: 15958K->1034K(16640K), 0.0005460 secs] 26218K->11294K(55552K), 0.0005760 secs] [Times: user=0.00 sys=0.00, real=0.00 secs] 
124.003: Total time for which application threads were stopped: 0.0007040 seconds, Stopping threads took: 0.0000750 seconds
124.037: Application time: 0.0335320 seconds
124.037: [GC124.037: [ParNew: 15437K->1552K(16640K), 0.0010210 secs] 25698K->12836K(55552K), 0.0010580 secs] [Times: user=0.01 sys=0.00, real=0.00 secs] 
124.038: Total time for which application threads were stopped: 0.0012670 seconds, Stopping threads took: 0.0001450 seconds
124.074: Application time: 0.0357820 seconds
124.074: [GC124.074: [ParNew: 16048K->1064K(16640K), 0.0004800 secs] 27333K->12348K(55552K), 0.0005090 secs] [Times: user=0.01 sys=0.00, real=0.00 secs] 
124.075: Total time for which application threads were stopped: 0.0006170 seconds, Stopping threads took: 0.0000540 seconds
124.109: Application time: 0.0339470 seconds
124.109: [GC124.109: [ParNew: 15470K->1546K(16640K), 0.0008130 secs] 26754K->13371K(55552K), 0.0008480 secs] [Times: user=0.01 sys=0.00, real=0.00 secs] 
124.110: Total time for which application threads were stopped: 0.0009760 seconds, Stopping threads took: 0.0000660 seconds
124.146: Application time: 0.0367060 seconds
124.146: [GC124.146: [ParNew: 15962K->524K(16640K), 0.0003930 secs] 27787K->12349K(55552K), 0.0004220 secs] [Times: user=0.00 sys=0.00, real=0.00 secs] 
124.147: Total time for which application threads were stopped: 0.0005580 seconds, Stopping threads took: 0.0000820 seconds
124.180: Application time: 0.0331370 seconds
124.180: [GC124.180: [ParNew: 14927K->1546K(16640K), 0.0008130 secs] 26753K->13883K(55552K), 0.0008480 secs] [Times: user=0.00 sys=0.00, real=0.01 secs] 
124.181: Total time for which application threads were stopped: 0.0009830 seconds, Stopping threads took: 0.0000760 seconds
124.216: Application time: 0.0350440 seconds
124.216: [GC124.216: [ParNew: 15960K->1036K(16640K), 0.0005480 secs] 28297K->13373K(55552K), 0.0005790 secs] [Times: user=0.01 sys=0.00, real=0.00 secs] 
124.217: Total time for which application threads were stopped: 0.0006940 seconds, Stopping threads took: 0.0000600 seconds
124.250: Application time: 0.0332180 seconds
124.250: [GC124.250: [ParNew: 15518K->1576K(16640K), 0.0010610 secs] 27855K->14937K(55552K), 0.0010970 secs] [Times: user=0.01 sys=0.00, real=0.00 secs] 
124.251: Total time for which application threads were stopped: 0.0012230 seconds, Stopping threads took: 0.0000640 seconds
124.287: Application time: 0.0362740 seconds
124.288: [GC124.288: [ParNew: 15990K->1548K(16640K), 0.0006750 secs] 29351K->14937K(55552K), 0.0007080 secs] [Times: user=0.00 sys=0.00, real=0.00 secs] 
124.288: Total time for which application threads were stopped: 0.0008280 seconds, Stopping threads took: 0.0000610 seconds
124.322: Application time: 0.0335640 seconds
124.322: [GC124.322: [ParNew: 16034K->1578K(16640K), 0.0010870 secs] 29424K->15992K(55552K), 0.0011220 secs] [Times: user=0.01 sys=0.00, real=0.00 secs] 
124.323: Total time for which application threads were stopped: 0.0012490 seconds, Stopping threads took: 0.0000660 seconds
124.359: Application time: 0.0358890 seconds
124.359: [GC124.359: [ParNew: 16153K->1608K(16640K), 0.0006990 secs] 30566K->16050K(55552K), 0.0007400 secs] [Times: user=0.01 sys=0.00, real=0.00 secs] 
124.360: Total time for which application threads were stopped: 0.0008650 seconds, Stopping threads took: 0.0000670 seconds
124.393: Application time: 0.0332010 seconds
124.393: [GC124.393: [ParNew: 16016K->1546K(16640K), 0.0008290 secs] 30458K->16557K(55552K), 0.0008650 secs] [Times: user=0.01 sys=0.00, real=0.00 secs] 
124.394: Total time for which application threads were stopped: 0.0010120 seconds, Stopping threads took: 0.0000850 seconds
124.430: Application time: 0.0355190 seconds
124.430: [GC124.430: [ParNew: 16038K->1580K(16640K), 0.0006640 secs] 31049K->16591K(55552K), 0.0006960 secs] [Times: user=0.01 sys=0.00, real=0.00 secs] 
124.430: Total time for which application threads were stopped: 0.0008190 seconds, Stopping threads took: 0.0000660 seconds
124.464: Application time: 0.0335000 seconds
124.464: [GC124.464: [ParNew: 15984K->1550K(16640K), 0.0011830 secs] 30995K->18126K(55552K), 0.0012240 secs] [Times: user=0.00 sys=0.00, real=0.00 secs] 
124.465: Total time for which application threads were stopped: 0.0013600 seconds, Stopping threads took: 0.0000720 seconds
124.502: Application time: 0.0364340 seconds
124.502: [GC124.502: [ParNew: 15966K->1546K(16640K), 0.0006400 secs] 32542K->18122K(55552K), 0.0006710 secs] [Times: user=0.01 sys=0.00, real=0.00 secs] 
124.502: Total time for which application threads were stopped: 0.0007880 seconds, Stopping threads took: 0.0000610 seconds
124.536: Application time: 0.0336850 seconds
124.536: [GC124.536: [ParNew: 16108K->1606K(16640K), 0.0009820 secs] 32684K->19206K(55552K), 0.0010200 secs] [Times: user=0.01 sys=0.00, real=0.00 secs] 
124.537: Total time for which application threads were stopped: 0.0011460 seconds, Stopping threads took: 0.0000630 seconds
124.573: Application time: 0.0352030 seconds
124.573: [GC124.573: [ParNew: 16020K->1548K(16640K), 0.0007440 secs] 33620K->19205K(55552K), 0.0007760 secs] [Times: user=0.00 sys=0.00, real=0.00 secs] 
124.573: Total time for which application threads were stopped: 0.0009260 seconds, Stopping threads took: 0.0000920 seconds
124.607: Application time: 0.0333990 seconds
124.607: [GC124.607: [ParNew: 15954K->1546K(16640K), 0.0007900 secs] 33611K->19715K(55552K), 0.0008250 secs] [Times: user=0.01 sys=0.00, real=0.00 secs] 
124.608: Total time for which application threads were stopped: 0.0009980 seconds, Stopping threads took: 0.0001130 seconds
124.643: Application time: 0.0347290 seconds
124.643: [GC124.643: [ParNew: 15958K->1546K(16640K), 0.0007910 secs] 34127K->20227K(55552K), 0.0008240 secs] [Times: user=0.00 sys=0.00, real=0.00 secs] 
124.644: Total time for which application threads were stopped: 0.0009540 seconds, Stopping threads took: 0.0000720 seconds
124.679: Application time: 0.0356230 seconds
124.679: [GC124.679: [ParNew: 15956K->1546K(16640K), 0.0008310 secs] 34637K->20739K(55552K), 0.0008660 secs] [Times: user=0.00 sys=0.00, real=0.00 secs] 
124.680: Total time for which application threads were stopped: 0.0010120 seconds, Stopping threads took: 0.0000750 seconds
124.715: Application time: 0.0349400 seconds
124.715: [GC124.715: [ParNew: 15954K->1548K(16640K), 0.0008230 secs] 35147K->21253K(55552K), 0.0008560 secs] [Times: user=0.01 sys=0.00, real=0.00 secs] 
124.716: Total time for which application threads were stopped: 0.0010130 seconds, Stopping threads took: 0.0000970 seconds
124.751: Application time: 0.0351030 seconds
124.751: [GC124.751: [ParNew: 16044K->554K(16640K), 0.0003510 secs] 35749K->20259K(55552K), 0.0003850 secs] [Times: user=0.00 sys=0.00, real=0.00 secs] 
124.752: Total time for which application threads were stopped: 0.0005400 seconds, Stopping threads took: 0.0001030 seconds
124.785: Application time: 0.0330510 seconds
124.785: [GC124.785: [ParNew: 14957K->1578K(16640K), 0.0008030 secs] 34663K->21795K(55552K), 0.0008380 secs] [Times: user=0.00 sys=0.00, real=0.00 secs] 
124.786: Total time for which application threads were stopped: 0.0009550 seconds, Stopping threads took: 0.0000560 seconds
124.821: Application time: 0.0351100 seconds
124.821: [GC124.821: [ParNew: 15990K->1546K(16640K), 0.0006660 secs] 36207K->21791K(55552K), 0.0007070 secs] [Times: user=0.01 sys=0.00, real=0.00 secs] 
124.822: Total time for which application threads were stopped: 0.0008220 seconds, Stopping threads took: 0.0000560 seconds
124.856: Application time: 0.0338850 seconds
124.856: [GC124.856: [ParNew: 15956K->1548K(16640K), 0.0006450 secs] 36201K->21793K(55552K), 0.0006780 secs] [Times: user=0.00 sys=0.00, real=0.00 secs] 
124.856: Total time for which application threads were stopped: 0.0008020 seconds, Stopping threads took: 0.0000680 seconds
124.891: Application time: 0.0345290 seconds
124.891: [GC124.891: [ParNew: 15960K->1034K(16640K), 0.0004570 secs] 36205K->21279K(55552K), 0.0004870 secs] [Times: user=0.00 sys=0.00, real=0.00 secs] 
124.892: Total time for which application threads were stopped: 0.0006040 seconds, Stopping threads took: 0.0000620 seconds
124.926: Application time: 0.0345610 seconds
124.926: [GC124.926: [ParNew: 15520K->1576K(16640K), 0.0007520 secs] 35765K->21821K(55552K), 0.0007840 secs] [Times: user=0.01 sys=0.00, real=0.00 secs] 
124.927: Total time for which application threads were stopped: 0.0009630 seconds, Stopping threads took: 0.0001210 seconds
124.961: Application time: 0.0337310 seconds
124.961: [GC124.961: [ParNew: 15984K->1548K(16640K), 0.0008090 secs] 36229K->22334K(55552K), 0.0008410 secs] [Times: user=0.00 sys=0.00, real=0.00 secs] 
124.962: Total time for which application threads were stopped: 0.0009600 seconds, Stopping threads took: 0.0000600 seconds
124.997: Application time: 0.0352030 seconds
124.997: [GC124.997: [ParNew: 16199K->1122K(16640K), 0.0004960 secs] 36985K->21908K(55552K), 0.0005250 secs] [Times: user=0.00 sys=0.00, real=0.00 secs] 
124.998: Total time for which application threads were stopped: 0.0006320 seconds, Stopping threads took: 0.0000580 seconds
125.031: Application time: 0.0336760 seconds
125.031: [GC125.031: [ParNew: 15528K->1548K(16640K), 0.0008580 secs] 36314K->22931K(55552K), 0.0008940 secs] [Times: user=0.00 sys=0.00, real=0.00 secs] 
125.032: Total time for which application threads were stopped: 0.0010350 seconds, Stopping threads took: 0.0000800 seconds
125.068: Application time: 0.0361550 seconds
125.069: [GC125.069: [ParNew: 16042K->1062K(16640K), 0.0005930 secs] 37426K->22445K(55552K), 0.0006260 secs] [Times: user=0.00 sys=0.00, real=0.00 secs] 
125.069: Total time for which application threads were stopped: 0.0007500 seconds, Stopping threads took: 0.0000680 seconds
125.103: Application time: 0.0334900 seconds
125.103: [GC125.103: [ParNew: 15468K->1548K(16640K), 0.0008580 secs] 36851K->23472K(55552K), 0.0008920 secs] [Times: user=0.00 sys=0.00, real=0.00 secs] 
125.104: Total time for which application threads were stopped: 0.0010140 seconds, Stopping threads took: 0.0000620 seconds
125.138: Application time: 0.0345060 seconds
125.138: [GC125.138: [ParNew: 15960K->1546K(16640K), 0.0006370 secs] 37884K->23470K(55552K), 0.0006690 secs] [Times: user=0.00 sys=0.00, real=0.00 secs] 
125.139: Total time for which application threads were stopped: 0.0007980 seconds, Stopping threads took: 0.0000720 seconds
125.173: Application time: 0.0342130 seconds
125.173: [GC125.173: [ParNew: 16114K->1608K(16640K), 0.0006290 secs] 38038K->23532K(55552K), 0.0006610 secs] [Times: user=0.00 sys=0.00, real=0.00 secs] 
125.174: Total time for which application threads were stopped: 0.0007770 seconds, Stopping threads took: 0.0000580 seconds
125.208: Application time: 0.0343370 seconds
125.208: [GC125.209: [ParNew: 16016K->1546K(16640K), 0.0009770 secs] 37940K->24039K(55552K), 0.0010140 secs] [Times: user=0.01 sys=0.00, real=0.01 secs] 
125.210: Total time for which application threads were stopped: 0.0011560 seconds, Stopping threads took: 0.0000710 seconds
125.246: Application time: 0.0364620 seconds
125.246: [GC125.246: [ParNew: 15960K->1036K(16640K), 0.0004910 secs] 38453K->23529K(55552K), 0.0005220 secs] [Times: user=0.01 sys=0.00, real=0.00 secs] 
125.247: Total time for which application threads were stopped: 0.0006430 seconds, Stopping threads took: 0.0000680 seconds
125.281: Application time: 0.0342780 seconds
125.281: [GC125.281: [ParNew: 15444K->1546K(16640K), 0.0006420 secs] 37937K->24039K(55552K), 0.0006850 secs] [Times: user=0.00 sys=0.00, real=0.00 secs] 
125.282: Total time for which application threads were stopped: 0.0008200 seconds, Stopping threads took: 0.0000770 seconds
125.318: Application time: 0.0364770 seconds
125.318: [GC125.318: [ParNew: 15956K->1548K(16640K), 0.0006750 secs] 38449K->24041K(55552K), 0.0007080 secs] [Times: user=0.00 sys=0.00, real=0.00 secs] 
125.319: Total time for which application threads were stopped: 0.0008240 seconds, Stopping threads took: 0.0000600 seconds
125.352: Application time: 0.0326060 seconds
125.352: [GC125.352: [ParNew: 15954K->1548K(16640K), 0.0011110 secs] 38447K->25065K(55552K), 0.0011460 secs] [Times: user=0.00 sys=0.00, real=0.00 secs] 
125.353: Total time for which application threads were stopped: 0.0013170 seconds, Stopping threads took: 0.0001130 seconds
125.389: Application time: 0.0360330 seconds
125.389: [GC125.389: [ParNew: 15962K->1546K(16640K), 0.0006510 secs] 39479K->25063K(55552K), 0.0006840 secs] [Times: user=0.01 sys=0.00, real=0.00 secs] 
125.390: Total time for which application threads were stopped: 0.0008060 seconds, Stopping threads took: 0.0000660 seconds
125.425: Application time: 0.0353070 seconds
125.425: [GC125.425: [ParNew: 16036K->1066K(16640K), 0.0004730 secs] 39553K->24583K(55552K), 0.0005050 secs] [Times: user=0.00 sys=0.00, real=0.00 secs] 
125.426: Total time for which application threads were stopped: 0.0006390 seconds, Stopping threads took: 0.0000780 seconds
125.459: Application time: 0.0333820 seconds
125.459: [GC125.459: [ParNew: 15470K->1548K(16640K), 0.0008910 secs] 38987K->25606K(55552K), 0.0009260 secs] [Times: user=0.00 sys=0.00, real=0.00 secs] 
125.460: Total time for which application threads were stopped: 0.0011250 seconds, Stopping threads took: 0.0001390 seconds
125.496: Application time: 0.0361160 seconds
125.497: [GC125.497: [ParNew: 15964K->1032K(16640K), 0.0005870 secs] 40022K->25089K(55552K), 0.0006180 secs] [Times: user=0.00 sys=0.00, real=0.00 secs] 
125.497: Total time for which application threads were stopped: 0.0007470 seconds, Stopping threads took: 0.0000750 seconds
125.531: Application time: 0.0339110 seconds
125.531: [GC125.531: [ParNew: 15435K->1548K(16640K), 0.0011050 secs] 39493K->26630K(55552K), 0.0011450 secs] [Times: user=0.01 sys=0.00, real=0.00 secs] 
125.532: Total time for which application threads were stopped: 0.0012700 seconds, Stopping threads took: 0.0000600 seconds
125.567: Application time: 0.0347460 seconds
125.567: [GC125.567: [ParNew: 15960K->1548K(16640K), 0.0009270 secs] 41042K->27142K(55552K), 0.0009610 secs] [Times: user=0.00 sys=0.00, real=0.00 secs] 
125.568: Total time for which application threads were stopped: 0.0011050 seconds, Stopping threads took: 0.0000840 seconds
125.605: Application time: 0.0363600 seconds
125.605: [GC125.605: [ParNew: 16042K->1064K(16640K), 0.0005700 secs] 41636K->26658K(55552K), 0.0006010 secs] [Times: user=0.01 sys=0.00, real=0.00 secs] 
125.605: Total time for which application threads were stopped: 0.0008020 seconds, Stopping threads took: 0.0001470 seconds
125.638: Application time: 0.0326140 seconds
125.638: [GC125.638: [ParNew: 15624K->1608K(16640K), 0.0010360 secs] 41218K->28254K(55552K), 0.0010760 secs] [Times: user=0.01 sys=0.00, real=0.00 secs] 
125.639: Total time for which application threads were stopped: 0.0012330 seconds, Stopping threads took: 0.0000920 seconds
125.676: Application time: 0.0368970 seconds
125.676: [GC125.676: [ParNew: 16104K->552K(16640K), 0.0004310 secs] 42751K->27255K(55552K), 0.0004620 secs] [Times: user=0.00 sys=0.00, real=0.00 secs] 
125.677: Total time for which application threads were stopped: 0.0005860 seconds, Stopping threads took: 0.0000690 seconds
125.709: Application time: 0.0326420 seconds
125.709: [GC125.709: [ParNew: 15032K->1608K(16640K), 0.0010700 secs] 41735K->29335K(55552K), 0.0011060 secs] [Times: user=0.00 sys=0.00, real=0.00 secs] 
125.711: Total time for which application threads were stopped: 0.0012590 seconds, Stopping threads took: 0.0000690 seconds
125.746: Application time: 0.0352070 seconds
125.746: [GC125.746: [ParNew: 16020K->1546K(16640K), 0.0008850 secs] 43747K->29842K(55552K), 0.0009190 secs] [Times: user=0.00 sys=0.00, real=0.00 secs] 
125.747: Total time for which application threads were stopped: 0.0010610 seconds, Stopping threads took: 0.0000810 seconds
125.782: Application time: 0.0349630 seconds
125.782: [GC125.782: [ParNew: 15958K->1544K(16640K), 0.0007850 secs] 44254K->29840K(55552K), 0.0008210 secs] [Times: user=0.00 sys=0.00, real=0.00 secs] 
125.783: Total time for which application threads were stopped: 0.0010080 seconds, Stopping threads took: 0.0001280 seconds
125.818: Application time: 0.0348430 seconds
125.818: [GC125.818: [ParNew: 16110K->1606K(16640K), 0.0007250 secs] 44407K->29902K(55552K), 0.0007570 secs] [Times: user=0.01 sys=0.00, real=0.00 secs] 
125.819: Total time for which application threads were stopped: 0.0009030 seconds, Stopping threads took: 0.0000870 seconds
125.854: Application time: 0.0351720 seconds
125.854: [GC125.854: [ParNew: 16014K->1548K(16640K), 0.0008380 secs] 44310K->30413K(55552K), 0.0008740 secs] [Times: user=0.00 sys=0.00, real=0.00 secs] 
125.855: Total time for which application threads were stopped: 0.0009930 seconds, Stopping threads took: 0.0000580 seconds
125.890: Application time: 0.0352590 seconds
125.891: [GC125.891: [ParNew: 15962K->1032K(16640K), 0.0005390 secs] 44827K->29897K(55552K), 0.0005700 secs] [Times: user=0.00 sys=0.00, real=0.00 secs] 
125.892: Total time for which application threads were stopped: 0.0017200 seconds, Stopping threads took: 0.0010930 seconds
125.925: Application time: 0.0330780 seconds
125.925: [GC125.925: [ParNew: 15435K->1548K(16640K), 0.0009880 secs] 44301K->31437K(55552K), 0.0010250 secs] [Times: user=0.00 sys=0.00, real=0.00 secs] 
125.926: Total time for which application threads were stopped: 0.0011830 seconds, Stopping threads took: 0.0000930 seconds
125.961: Application time: 0.0354660 seconds
125.962: [GC125.962: [ParNew: 15964K->1034K(16640K), 0.0005420 secs] 45854K->30923K(55552K), 0.0005730 secs] [Times: user=0.01 sys=0.00, real=0.00 secs] 
125.962: Total time for which application threads were stopped: 0.0006870 seconds, Stopping threads took: 0.0000600 seconds
125.995: Application time: 0.0331870 seconds
125.995: [GC125.995: [ParNew: 15437K->1548K(16640K), 0.0009910 secs] 45327K->32461K(55552K), 0.0010250 secs] [Times: user=0.01 sys=0.00, real=0.00 secs] 
125.997: Total time for which application threads were stopped: 0.0011730 seconds, Stopping threads took: 0.0000870 seconds
126.033: Application time: 0.0363330 seconds
126.033: [GC126.033: [ParNew: 15964K->1034K(16640K), 0.0005300 secs] 46878K->31947K(55552K), 0.0005610 secs] [Times: user=0.00 sys=0.00, real=0.00 secs] 
126.034: Total time for which application threads were stopped: 0.0006730 seconds, Stopping threads took: 0.0000560 seconds
126.066: Application time: 0.0323910 seconds
126.066: [GC126.066: [ParNew: 15440K->1548K(16640K), 0.0007840 secs] 46353K->32973K(55552K), 0.0008180 secs] [Times: user=0.01 sys=0.00, real=0.00 secs] 
126.067: Total time for which application threads were stopped: 0.0009500 seconds, Stopping threads took: 0.0000730 seconds
126.103: Application time: 0.0365890 seconds
126.104: [GC126.104: [ParNew: 16040K->1578K(16640K), 0.0006510 secs] 47466K->33003K(55552K), 0.0006830 secs] [Times: user=0.00 sys=0.00, real=0.00 secs] 
126.104: Total time for which application threads were stopped: 0.0008840 seconds, Stopping threads took: 0.0001450 seconds
126.140: Application time: 0.0352000 seconds
126.140: [GC126.140: [ParNew: 15988K->1550K(16640K), 0.0006570 secs] 47413K->33004K(55552K), 0.0006870 secs] [Times: user=0.01 sys=0.00, real=0.00 secs] 
126.140: Total time for which application threads were stopped: 0.0008210 seconds, Stopping threads took: 0.0000760 seconds
126.174: Application time: 0.0339210 seconds
126.174: [GC126.174: [ParNew: 15960K->1544K(16640K), 0.0006750 secs] 47414K->32998K(55552K), 0.0007120 secs] [Times: user=0.00 sys=0.00, real=0.00 secs] 
126.175: Total time for which application threads were stopped: 0.0009070 seconds, Stopping threads took: 0.0001360 seconds
126.209: Application time: 0.0339570 seconds
126.209: [GC126.209: [ParNew: 15954K->1546K(16640K), 0.0006730 secs] 47408K->33000K(55552K), 0.0007070 secs] [Times: user=0.00 sys=0.00, real=0.00 secs] 
126.210: Total time for which application threads were stopped: 0.0008470 seconds, Stopping threads took: 0.0000800 seconds
126.244: Application time: 0.0339270 seconds
126.244: [GC126.244: [ParNew: 16032K->1576K(16640K), 0.0008380 secs] 47486K->33542K(55552K), 0.0008720 secs] [Times: user=0.01 sys=0.00, real=0.00 secs] 
126.245: Total time for which application threads were stopped: 0.0010100 seconds, Stopping threads took: 0.0000690 seconds
126.280: Application time: 0.0353100 seconds
126.280: [GC126.280: [ParNew: 16142K->1608K(16640K), 0.0008690 secs] 48108K->34115K(55552K), 0.0009050 secs] [Times: user=0.01 sys=0.00, real=0.01 secs] 
126.281: Total time for which application threads were stopped: 0.0010450 seconds, Stopping threads took: 0.0000790 seconds
126.317: Application time: 0.0360470 seconds
126.317: [GC126.317: [ParNew: 16018K->1550K(16640K), 0.0009320 secs] 48525K->34625K(55552K), 0.0009670 secs] [Times: user=0.01 sys=0.00, real=0.00 secs] 
126.318: Total time for which application threads were stopped: 0.0010870 seconds, Stopping threads took: 0.0000590 seconds
126.354: Application time: 0.0355660 seconds
126.354: [GC126.354: [ParNew: 16121K->1608K(16640K), 0.0006510 secs] 49196K->34684K(55552K), 0.0006850 secs] [Times: user=0.01 sys=0.00, real=0.00 secs] 
126.355: Total time for which application threads were stopped: 0.0008140 seconds, Stopping threads took: 0.0000710 seconds
126.389: Application time: 0.0344730 seconds
126.389: [GC126.389: [ParNew: 16018K->1544K(16640K), 0.0006640 secs] 49094K->34676K(55552K), 0.0006970 secs] [Times: user=0.01 sys=0.00, real=0.00 secs] 
126.390: Total time for which application threads were stopped: 0.0008260 seconds, Stopping threads took: 0.0000720 seconds
126.427: Application time: 0.0369240 seconds
126.427: [GC126.427: [ParNew: 15958K->522K(16640K), 0.0003880 secs] 49091K->33654K(55552K), 0.0004190 secs] [Times: user=0.00 sys=0.00, real=0.00 secs] 
126.428: Total time for which application threads were stopped: 0.0005340 seconds, Stopping threads took: 0.0000630 seconds
126.461: Application time: 0.0332240 seconds
126.461: [GC126.461: [ParNew: 15004K->1576K(16640K), 0.0007990 secs] 48136K->35221K(55552K), 0.0008360 secs] [Times: user=0.00 sys=0.00, real=0.00 secs] 
126.462: Total time for which application threads were stopped: 0.0009580 seconds, Stopping threads took: 0.0000580 seconds
126.497: Application time: 0.0355340 seconds
126.497: [GC126.497: [ParNew: 16068K->1576K(16640K), 0.0007460 secs] 49713K->35249K(55552K), 0.0007780 secs] [Times: user=0.01 sys=0.00, real=0.00 secs] 
126.498: Total time for which application threads were stopped: 0.0008920 seconds, Stopping threads took: 0.0000570 seconds
126.533: Application time: 0.0343220 seconds
126.533: [GC126.533: [ParNew: 15986K->1544K(16640K), 0.0006950 secs] 49659K->35246K(55552K), 0.0007250 secs] [Times: user=0.01 sys=0.00, real=0.00 secs] 
126.533: Total time for which application threads were stopped: 0.0008540 seconds, Stopping threads took: 0.0000700 seconds
126.567: Application time: 0.0339530 seconds
126.567: [GC126.567: [ParNew: 15954K->1546K(16640K), 0.0006110 secs] 49656K->35248K(55552K), 0.0006450 secs] [Times: user=0.00 sys=0.00, real=0.00 secs] 
126.568: Total time for which application threads were stopped: 0.0007920 seconds, Stopping threads took: 0.0000920 seconds
126.602: Application time: 0.0343100 seconds
126.603: [GC126.603: [ParNew: 15954K->1546K(16640K), 0.0008250 secs] 49656K->35760K(55552K), 0.0008600 secs] [Times: user=0.01 sys=0.00, real=0.00 secs] 
126.603: Total time for which application threads were stopped: 0.0009900 seconds, Stopping threads took: 0.0000700 seconds
126.642: Application time: 0.0386690 seconds
126.642: [GC126.642: [ParNew: 15964K->8K(16640K), 0.0003560 secs] 50178K->34221K(55552K), 0.0003920 secs] [Times: user=0.00 sys=0.00, real=0.00 secs] 
126.643: Total time for which application threads were stopped: 0.0005060 seconds, Stopping threads took: 0.0000640 seconds
126.674: Application time: 0.0310670 seconds
126.674: [GC126.674: [ParNew: 14409K->1548K(16640K), 0.0008790 secs] 48623K->36274K(55552K), 0.0009140 secs] [Times: user=0.01 sys=0.00, real=0.00 secs] 
126.675: Total time for which application threads were stopped: 0.0010460 seconds, Stopping threads took: 0.0000700 seconds
126.710: Application time: 0.0356890 seconds
126.711: [GC126.711: [ParNew: 15962K->1032K(16640K), 0.0005560 secs] 50688K->35758K(55552K), 0.0005850 secs] [Times: user=0.00 sys=0.00, real=0.00 secs] 
126.711: Total time for which application threads were stopped: 0.0007760 seconds, Stopping threads took: 0.0001360 seconds
126.745: Application time: 0.0340080 seconds
126.745: [GC126.745: [ParNew: 15518K->1576K(16640K), 0.0008340 secs] 50244K->36814K(55552K), 0.0008660 secs] [Times: user=0.01 sys=0.00, real=0.00 secs] 
126.746: Total time for which application threads were stopped: 0.0009900 seconds, Stopping threads took: 0.0000550 seconds
126.782: Application time: 0.0354430 seconds
126.782: [GC126.782: [ParNew: 15988K->1548K(16640K), 0.0006470 secs] 51226K->36814K(55552K), 0.0006800 secs] [Times: user=0.01 sys=0.00, real=0.00 secs] 
126.782: Total time for which application threads were stopped: 0.0008050 seconds, Stopping threads took: 0.0000680 seconds
126.817: Application time: 0.0344160 seconds
126.817: [GC126.817: [ParNew: 15958K->1544K(16640K), 0.0006440 secs] 51224K->36810K(55552K), 0.0006760 secs] [Times: user=0.01 sys=0.00, real=0.00 secs] 
126.818: Total time for which application threads were stopped: 0.0008000 seconds, Stopping threads took: 0.0000660 seconds
126.851: Application time: 0.0334050 seconds
126.851: [GC126.851: [ParNew: 15952K->1546K(16640K), 0.0007950 secs] 51218K->37324K(55552K), 0.0008310 secs] [Times: user=0.01 sys=0.00, real=0.00 secs] 
126.852: Total time for which application threads were stopped: 0.0010040 seconds, Stopping threads took: 0.0001160 seconds
126.889: Application time: 0.0369040 seconds
126.889: [GC126.889: [ParNew: 15958K->1544K(16640K), 0.0006080 secs] 51736K->37322K(55552K), 0.0006410 secs] [Times: user=0.01 sys=0.00, real=0.00 secs] 
126.890: Total time for which application threads were stopped: 0.0007780 seconds, Stopping threads took: 0.0000800 seconds
126.921: Application time: 0.0308650 seconds
126.921: [GC126.921: [ParNew: 16182K->1636K(16640K), 0.0010030 secs] 51961K->38438K(55552K), 0.0010370 secs] [Times: user=0.01 sys=0.00, real=0.00 secs] 
126.922: Total time for which application threads were stopped: 0.0012500 seconds, Stopping threads took: 0.0001510 seconds
126.925: Application time: 0.0026890 seconds
126.929: [GC [1 CMS-initial-mark: 36802K(38912K)] 38954K(55552K), 0.0001060 secs] [Times: user=0.00 sys=0.00, real=0.00 secs] 
126.929: Total time for which application threads were stopped: 0.0041380 seconds, Stopping threads took: 0.0040110 seconds
126.929: [CMS-concurrent-mark-start]
126.934: [CMS-concurrent-mark: 0.005/0.005 secs] [Times: user=0.03 sys=0.00, real=0.00 secs] 
126.934: [CMS-concurrent-preclean-start]
126.934: [CMS-concurrent-preclean: 0.000/0.000 secs] [Times: user=0.00 sys=0.00, real=0.00 secs] 
126.934: Application time: 0.0055910 seconds
126.937: [GC[YG occupancy: 3201 K (16640 K)]126.937: [Rescan (parallel) , 0.0001300 secs]126.937: [weak refs processing, 0.0000080 secs]126.937: [scrub string table, 0.0000940 secs] [1 CMS-remark: 36802K(38912K)] 40003K(55552K), 0.0002590 secs] [Times: user=0.00 sys=0.00, real=0.00 secs] 
126.937: Total time for which application threads were stopped: 0.0026090 seconds, Stopping threads took: 0.0023250 seconds
126.937: [CMS-concurrent-sweep-start]
126.938: [CMS-concurrent-sweep: 0.001/0.001 secs] [Times: user=0.00 sys=0.00, real=0.00 secs] 
126.938: [CMS-concurrent-reset-start]
126.938: [CMS-concurrent-reset: 0.000/0.000 secs] [Times: user=0.00 sys=0.00, real=0.00 secs] 
126.967: Application time: 0.0298280 seconds
126.967: [GC126.967: [ParNew: 16050K->1546K(16640K), 0.0008530 secs] 22473K->8566K(55552K), 0.0008880 secs] [Times: user=0.00 sys=0.00, real=0.00 secs] 
126.968: Total time for which application threads were stopped: 0.0010510 seconds, Stopping threads took: 0.0001010 seconds
127.002: Application time: 0.0346430 seconds
127.003: [GC127.003: [ParNew: 16034K->1578K(16640K), 0.0008270 secs] 23054K->9110K(55552K), 0.0008600 secs] [Times: user=0.01 sys=0.00, real=0.00 secs] 
127.003: Total time for which application threads were stopped: 0.0009810 seconds, Stopping threads took: 0.0000650 seconds
127.039: Application time: 0.0356180 seconds
127.039: [GC127.039: [ParNew: 16070K->1066K(16640K), 0.0005140 secs] 23603K->8627K(55552K), 0.0005430 secs] [Times: user=0.01 sys=0.00, real=0.00 secs] 
127.040: Total time for which application threads were stopped: 0.0007340 seconds, Stopping threads took: 0.0001360 seconds
127.073: Application time: 0.0329730 seconds
127.073: [GC127.073: [ParNew: 15474K->1548K(16640K), 0.0008580 secs] 23035K->9649K(55552K), 0.0008940 secs] [Times: user=0.01 sys=0.00, real=0.00 secs] 
127.074: Total time for which application threads were stopped: 0.0011160 seconds, Stopping threads took: 0.0001610 seconds
127.111: Application time: 0.0370320 seconds
127.111: [GC127.111: [ParNew: 16040K->1064K(16640K), 0.0004650 secs] 24142K->9165K(55552K), 0.0004960 secs] [Times: user=0.01 sys=0.00, real=0.00 secs] 
127.112: Total time for which application threads were stopped: 0.0006110 seconds, Stopping threads took: 0.0000610 seconds
127.144: Application time: 0.0326360 seconds
127.144: [GC127.144: [ParNew: 15548K->1576K(16640K), 0.0008910 secs] 23649K->10218K(55552K), 0.0009260 secs] [Times: user=0.00 sys=0.00, real=0.00 secs] 
127.145: Total time for which application threads were stopped: 0.0011580 seconds, Stopping threads took: 0.0001680 seconds
127.181: Application time: 0.0352790 seconds
127.181: [GC127.181: [ParNew: 15990K->1546K(16640K), 0.0006620 secs] 24632K->10216K(55552K), 0.0006920 secs] [Times: user=0.01 sys=0.00, real=0.00 secs] 
127.181: Total time for which application threads were stopped: 0.0008120 seconds, Stopping threads took: 0.0000650 seconds
127.217: Application time: 0.0352300 seconds
127.217: [GC127.217: [ParNew: 15956K->1548K(16640K), 0.0006500 secs] 24626K->10218K(55552K), 0.0006820 secs] [Times: user=0.00 sys=0.00, real=0.00 secs] 
127.217: Total time for which application threads were stopped: 0.0008220 seconds, Stopping threads took: 0.0000820 seconds
127.253: Application time: 0.0355980 seconds
127.253: [GC127.253: [ParNew: 15958K->1546K(16640K), 0.0006670 secs] 24628K->10216K(55552K), 0.0006960 secs] [Times: user=0.00 sys=0.00, real=0.00 secs] 
127.254: Total time for which application threads were stopped: 0.0009020 seconds, Stopping threads took: 0.0001430 seconds
127.289: Application time: 0.0346160 seconds
127.289: [GC127.289: [ParNew: 15958K->1034K(16640K), 0.0004690 secs] 24628K->9704K(55552K), 0.0004990 secs] [Times: user=0.00 sys=0.00, real=0.00 secs] 
127.289: Total time for which application threads were stopped: 0.0007300 seconds, Stopping threads took: 0.0001780 seconds
127.323: Application time: 0.0333750 seconds
127.323: [GC127.323: [ParNew: 15437K->1548K(16640K), 0.0010160 secs] 24108K->11242K(55552K), 0.0010500 secs] [Times: user=0.01 sys=0.00, real=0.00 secs] 
127.324: Total time for which application threads were stopped: 0.0011860 seconds, Stopping threads took: 0.0000730 seconds
127.360: Application time: 0.0365810 seconds
127.361: [GC127.361: [ParNew: 15964K->1036K(16640K), 0.0004560 secs] 25659K->10730K(55552K), 0.0004870 secs] [Times: user=0.01 sys=0.00, real=0.00 secs] 
127.361: Total time for which application threads were stopped: 0.0006050 seconds, Stopping threads took: 0.0000570 seconds
127.393: Application time: 0.0319000 seconds
127.393: [GC127.393: [ParNew: 15516K->1578K(16640K), 0.0011610 secs] 25210K->12808K(55552K), 0.0012090 secs] [Times: user=0.01 sys=0.00, real=0.00 secs] 
127.394: Total time for which application threads were stopped: 0.0013730 seconds, Stopping threads took: 0.0000990 seconds
127.431: Application time: 0.0370530 seconds
127.432: [GC127.432: [ParNew: 15996K->1034K(16640K), 0.0004790 secs] 27227K->12293K(55552K), 0.0005080 secs] [Times: user=0.00 sys=0.00, real=0.00 secs] 
127.432: Total time for which application threads were stopped: 0.0006280 seconds, Stopping threads took: 0.0000660 seconds
127.465: Application time: 0.0325680 seconds
127.465: [GC127.465: [ParNew: 15437K->1546K(16640K), 0.0009560 secs] 26697K->13829K(55552K), 0.0009930 secs] [Times: user=0.01 sys=0.00, real=0.00 secs] 
127.466: Total time for which application threads were stopped: 0.0011160 seconds, Stopping threads took: 0.0000590 seconds
127.505: Application time: 0.0395510 seconds
127.505: [GC127.505: [ParNew: 15958K->1548K(16640K), 0.0007910 secs] 28241K->14343K(55552K), 0.0008250 secs] [Times: user=0.00 sys=0.00, real=0.00 secs] 
127.506: Total time for which application threads were stopped: 0.0009420 seconds, Stopping threads took: 0.0000580 seconds
127.541: Application time: 0.0352300 seconds
127.542: [GC127.542: [ParNew: 15960K->1544K(16640K), 0.0006210 secs] 28755K->14339K(55552K), 0.0006530 secs] [Times: user=0.01 sys=0.00, real=0.00 secs] 
127.542: Total time for which application threads were stopped: 0.0007950 seconds, Stopping threads took: 0.0000820 seconds
127.576: Application time: 0.0340120 seconds
127.576: [GC127.576: [ParNew: 16030K->1578K(16640K), 0.0008090 secs] 28825K->14885K(55552K), 0.0008470 secs] [Times: user=0.01 sys=0.00, real=0.00 secs] 
127.577: Total time for which application threads were stopped: 0.0010050 seconds, Stopping threads took: 0.0000960 seconds
127.612: Application time: 0.0344170 seconds
127.612: [GC127.612: [ParNew: 16224K->1636K(16640K), 0.0010700 secs] 29532K->15996K(55552K), 0.0011080 secs] [Times: user=0.01 sys=0.00, real=0.00 secs] 
127.613: Total time for which application threads were stopped: 0.0012320 seconds, Stopping threads took: 0.0000620 seconds
127.648: Application time: 0.0354560 seconds
127.648: [GC127.648: [ParNew: 16052K->1034K(16640K), 0.0005640 secs] 30412K->15479K(55552K), 0.0005950 secs] [Times: user=0.00 sys=0.00, real=0.01 secs] 
127.649: Total time for which application threads were stopped: 0.0007100 seconds, Stopping threads took: 0.0000610 seconds
127.680: Application time: 0.0311660 seconds
127.681: [GC127.681: [ParNew: 15514K->1576K(16640K), 0.0013440 secs] 29959K->17557K(55552K), 0.0013790 secs] [Times: user=0.01 sys=0.00, real=0.00 secs] 
127.682: Total time for which application threads were stopped: 0.0017800 seconds, Stopping threads took: 0.0003350 seconds
127.720: Application time: 0.0378210 seconds
127.720: [GC127.720: [ParNew: 15994K->1034K(16640K), 0.0005640 secs] 31975K->17044K(55552K), 0.0005970 secs] [Times: user=0.00 sys=0.00, real=0.01 secs] 
127.721: Total time for which application threads were stopped: 0.0007190 seconds, Stopping threads took: 0.0000650 seconds
127.753: Application time: 0.0322760 seconds
127.753: [GC127.753: [ParNew: 15437K->1548K(16640K), 0.0009760 secs] 31447K->18582K(55552K), 0.0010120 secs] [Times: user=0.00 sys=0.00, real=0.00 secs] 
127.754: Total time for which application threads were stopped: 0.0011400 seconds, Stopping threads took: 0.0000690 seconds
127.791: Application time: 0.0368750 seconds
127.791: [GC127.791: [ParNew: 16123K->1094K(16640K), 0.0004850 secs] 33157K->18128K(55552K), 0.0005160 secs] [Times: user=0.00 sys=0.00, real=0.00 secs] 
127.792: Total time for which application threads were stopped: 0.0006600 seconds, Stopping threads took: 0.0000790 seconds
127.825: Application time: 0.0330080 seconds
127.829: [GC127.829: [ParNew: 15496K->1550K(16640K), 0.0010320 secs] 32530K->19665K(55552K), 0.0010700 secs] [Times: user=0.01 sys=0.00, real=0.00 secs] 
127.830: Total time for which application threads were stopped: 0.0051840 seconds, Stopping threads took: 0.0040500 seconds
127.867: Application time: 0.0369510 seconds
127.867: [GC127.867: [ParNew: 15968K->1030K(16640K), 0.0005300 secs] 34083K->19145K(55552K), 0.0005690 secs] [Times: user=0.00 sys=0.00, real=0.00 secs] 
127.867: Total time for which application threads were stopped: 0.0006820 seconds, Stopping threads took: 0.0000590 seconds
127.900: Application time: 0.0330190 seconds
127.901: [GC127.901: [ParNew: 15435K->1548K(16640K), 0.0008650 secs] 33550K->20175K(55552K), 0.0009020 secs] [Times: user=0.00 sys=0.00, real=0.00 secs] 
127.902: Total time for which application threads were stopped: 0.0011390 seconds, Stopping threads took: 0.0001810 seconds
127.936: Application time: 0.0345340 seconds
127.936: [GC127.936: [ParNew: 15958K->1546K(16640K), 0.0008710 secs] 34585K->20685K(55552K), 0.0009030 secs] [Times: user=0.00 sys=0.00, real=0.00 secs] 
127.937: Total time for which application threads were stopped: 0.0010500 seconds, Stopping threads took: 0.0000880 seconds
127.974: Application time: 0.0366010 seconds
127.974: [GC127.974: [ParNew: 15960K->1032K(16640K), 0.0004510 secs] 35099K->20171K(55552K), 0.0004820 secs] [Times: user=0.00 sys=0.00, real=0.00 secs] 
127.974: Total time for which application threads were stopped: 0.0006020 seconds, Stopping threads took: 0.0000650 seconds
128.006: Application time: 0.0318230 seconds
128.006: [GC128.006: [ParNew: 15433K->1550K(16640K), 0.0011960 secs] 34572K->22225K(55552K), 0.0012330 secs] [Times: user=0.01 sys=0.00, real=0.00 secs] 
128.008: Total time for which application threads were stopped: 0.0014140 seconds, Stopping threads took: 0.0001150 seconds
128.046: Application time: 0.0384580 seconds
128.046: [GC128.046: [ParNew: 15968K->1034K(16640K), 0.0004950 secs] 36643K->21709K(55552K), 0.0005240 secs] [Times: user=0.00 sys=0.00, real=0.00 secs] 
128.047: Total time for which application threads were stopped: 0.0006540 seconds, Stopping threads took: 0.0000770 seconds
128.080: Application time: 0.0330210 seconds
128.080: [GC128.080: [ParNew: 15518K->1578K(16640K), 0.0008360 secs] 36193K->22765K(55552K), 0.0008710 secs] [Times: user=0.00 sys=0.00, real=0.01 secs] 
128.081: Total time for which application threads were stopped: 0.0010090 seconds, Stopping threads took: 0.0000780 seconds
128.117: Application time: 0.0358370 seconds
128.117: [GC128.117: [ParNew: 15992K->1034K(16640K), 0.0005630 secs] 37179K->22249K(55552K), 0.0005920 secs] [Times: user=0.00 sys=0.00, real=0.00 secs] 
128.117: Total time for which application threads were stopped: 0.0007210 seconds, Stopping threads took: 0.0000730 seconds
128.150: Application time: 0.0328330 seconds
128.150: [GC128.150: [ParNew: 15437K->1546K(16640K), 0.0010640 secs] 36653K->23785K(55552K), 0.0011000 secs] [Times: user=0.00 sys=0.00, real=0.00 secs] 
128.151: Total time for which application threads were stopped: 0.0012630 seconds, Stopping threads took: 0.0001010 seconds
128.188: Application time: 0.0364090 seconds
128.188: [GC128.188: [ParNew: 15962K->1034K(16640K), 0.0005390 secs] 38202K->23273K(55552K), 0.0005660 secs] [Times: user=0.01 sys=0.00, real=0.00 secs] 
128.188: Total time for which application threads were stopped: 0.0006800 seconds, Stopping threads took: 0.0000610 seconds
128.221: Application time: 0.0323310 seconds
128.221: [GC128.221: [ParNew: 15518K->1574K(16640K), 0.0009070 secs] 37757K->24325K(55552K), 0.0009400 secs] [Times: user=0.01 sys=0.00, real=0.00 secs] 
128.222: Total time for which application threads were stopped: 0.0010740 seconds, Stopping threads took: 0.0000740 seconds
128.259: Application time: 0.0374670 seconds
128.259: [GC128.259: [ParNew: 16146K->1608K(16640K), 0.0006590 secs] 38898K->24388K(55552K), 0.0006910 secs] [Times: user=0.00 sys=0.00, real=0.00 secs] 
128.260: Total time for which application threads were stopped: 0.0008140 seconds, Stopping threads took: 0.0000680 seconds
128.294: Application time: 0.0338440 seconds
128.294: [GC128.294: [ParNew: 16094K->1578K(16640K), 0.0008380 secs] 38874K->24927K(55552K), 0.0008730 secs] [Times: user=0.01 sys=0.00, real=0.00 secs] 
128.295: Total time for which application threads were stopped: 0.0010130 seconds, Stopping threads took: 0.0000570 seconds
128.330: Application time: 0.0349480 seconds
128.330: [GC128.330: [ParNew: 15992K->1032K(16640K), 0.0004870 secs] 39341K->24409K(55552K), 0.0005180 secs] [Times: user=0.00 sys=0.00, real=0.00 secs] 
128.331: Total time for which application threads were stopped: 0.0007380 seconds, Stopping threads took: 0.0001650 seconds
128.364: Application time: 0.0337140 seconds
128.365: [GC128.365: [ParNew: 15514K->1576K(16640K), 0.0010630 secs] 38891K->25977K(55552K), 0.0010970 secs] [Times: user=0.01 sys=0.00, real=0.00 secs] 
128.366: Total time for which application threads were stopped: 0.0012280 seconds, Stopping threads took: 0.0000640 seconds
128.401: Application time: 0.0358080 seconds
128.402: [GC128.402: [ParNew: 16068K->1578K(16640K), 0.0008060 secs] 40470K->26520K(55552K), 0.0008380 secs] [Times: user=0.01 sys=0.00, real=0.00 secs] 
128.402: Total time for which application threads were stopped: 0.0009470 seconds, Stopping threads took: 0.0000550 seconds
128.438: Application time: 0.0359930 seconds
128.439: [GC128.439: [ParNew: 16068K->1580K(16640K), 0.0006760 secs] 41010K->26551K(55552K), 0.0007080 secs] [Times: user=0.00 sys=0.00, real=0.00 secs] 
128.439: Total time for which application threads were stopped: 0.0008280 seconds, Stopping threads took: 0.0000630 seconds
128.472: Application time: 0.0327590 seconds
128.472: [GC128.472: [ParNew: 15986K->1548K(16640K), 0.0010000 secs] 40956K->27571K(55552K), 0.0010390 secs] [Times: user=0.01 sys=0.00, real=0.00 secs] 
128.473: Total time for which application threads were stopped: 0.0011760 seconds, Stopping threads took: 0.0000730 seconds
128.510: Application time: 0.0364450 seconds
128.510: [GC128.510: [ParNew: 15962K->1546K(16640K), 0.0006770 secs] 41985K->27569K(55552K), 0.0007110 secs] [Times: user=0.01 sys=0.00, real=0.00 secs] 
128.510: Total time for which application threads were stopped: 0.0008640 seconds, Stopping threads took: 0.0000960 seconds
128.543: Application time: 0.0329590 seconds
128.544: [GC128.544: [ParNew: 15952K->1550K(16640K), 0.0010040 secs] 41975K->28597K(55552K), 0.0010380 secs] [Times: user=0.00 sys=0.00, real=0.00 secs] 
128.545: Total time for which application threads were stopped: 0.0011750 seconds, Stopping threads took: 0.0000730 seconds
128.581: Application time: 0.0366580 seconds
128.581: [GC128.581: [ParNew: 15964K->1546K(16640K), 0.0006490 secs] 43011K->28593K(55552K), 0.0006810 secs] [Times: user=0.00 sys=0.00, real=0.00 secs] 
128.582: Total time for which application threads were stopped: 0.0008020 seconds, Stopping threads took: 0.0000640 seconds
128.617: Application time: 0.0352140 seconds
128.617: [GC128.617: [ParNew: 15958K->1034K(16640K), 0.0005300 secs] 43005K->28081K(55552K), 0.0005580 secs] [Times: user=0.00 sys=0.00, real=0.00 secs] 
128.618: Total time for which application threads were stopped: 0.0006730 seconds, Stopping threads took: 0.0000600 seconds
128.651: Application time: 0.0331320 seconds
128.651: [GC128.651: [ParNew: 15440K->1546K(16640K), 0.0008550 secs] 42487K->29105K(55552K), 0.0008910 secs] [Times: user=0.01 sys=0.00, real=0.00 secs] 
128.652: Total time for which application threads were stopped: 0.0010150 seconds, Stopping threads took: 0.0000640 seconds
128.688: Application time: 0.0357170 seconds
128.688: [GC128.688: [ParNew: 15962K->522K(16640K), 0.0003310 secs] 43521K->28081K(55552K), 0.0003610 secs] [Times: user=0.00 sys=0.00, real=0.00 secs] 
128.688: Total time for which application threads were stopped: 0.0004730 seconds, Stopping threads took: 0.0000590 seconds
128.720: Application time: 0.0319340 seconds
128.720: [GC128.720: [ParNew: 14923K->1548K(16640K), 0.0010630 secs] 42483K->30131K(55552K), 0.0010990 secs] [Times: user=0.01 sys=0.00, real=0.01 secs] 
128.721: Total time for which application threads were stopped: 0.0012340 seconds, Stopping threads took: 0.0000720 seconds
128.758: Application time: 0.0369430 seconds
128.759: [GC128.759: [ParNew: 16046K->552K(16640K), 0.0004010 secs] 44630K->29135K(55552K), 0.0004310 secs] [Times: user=0.00 sys=0.00, real=0.00 secs] 
128.759: Total time for which application threads were stopped: 0.0005470 seconds, Stopping threads took: 0.0000620 seconds
128.791: Application time: 0.0318970 seconds
128.791: [GC128.791: [ParNew: 14953K->1580K(16640K), 0.0009890 secs] 43537K->31187K(55552K), 0.0010240 secs] [Times: user=0.00 sys=0.00, real=0.00 secs] 
128.792: Total time for which application threads were stopped: 0.0011560 seconds, Stopping threads took: 0.0000680 seconds
128.828: Application time: 0.0357490 seconds
128.828: [GC128.828: [ParNew: 15996K->1034K(16640K), 0.0005640 secs] 45603K->30670K(55552K), 0.0005940 secs] [Times: user=0.00 sys=0.00, real=0.00 secs] 
128.829: Total time for which application threads were stopped: 0.0007250 seconds, Stopping threads took: 0.0000670 seconds
128.862: Application time: 0.0339470 seconds
128.863: [GC128.863: [ParNew: 15600K->1606K(16640K), 0.0007270 secs] 45236K->31242K(55552K), 0.0007560 secs] [Times: user=0.00 sys=0.00, real=0.00 secs] 
128.863: Total time for which application threads were stopped: 0.0008920 seconds, Stopping threads took: 0.0000800 seconds
128.897: Application time: 0.0336850 seconds
128.897: [GC128.897: [ParNew: 16014K->1550K(16640K), 0.0008530 secs] 45650K->31755K(55552K), 0.0008880 secs] [Times: user=0.01 sys=0.00, real=0.00 secs] 
128.898: Total time for which application threads were stopped: 0.0010170 seconds, Stopping threads took: 0.0000690 seconds
128.935: Application time: 0.0367870 seconds
128.935: [GC128.935: [ParNew: 16121K->1094K(16640K), 0.0006090 secs] 46326K->31299K(55552K), 0.0006410 secs] [Times: user=0.00 sys=0.00, real=0.00 secs] 
128.936: Total time for which application threads were stopped: 0.0007630 seconds, Stopping threads took: 0.0000670 seconds
128.968: Application time: 0.0319630 seconds
128.968: [GC128.968: [ParNew: 15498K->1548K(16640K), 0.0010170 secs] 45703K->32834K(55552K), 0.0010540 secs] [Times: user=0.00 sys=0.00, real=0.01 secs] 
128.969: Total time for which application threads were stopped: 0.0011910 seconds, Stopping threads took: 0.0000740 seconds
129.006: Application time: 0.0367740 seconds
129.006: [GC129.006: [ParNew: 16044K->1062K(16640K), 0.0005620 secs] 47330K->32348K(55552K), 0.0005930 secs] [Times: user=0.00 sys=0.00, real=0.00 secs] 
129.006: Total time for which application threads were stopped: 0.0007060 seconds, Stopping threads took: 0.0000590 seconds
129.038: Application time: 0.0321620 seconds
129.039: [GC129.039: [ParNew: 15548K->1578K(16640K), 0.0008910 secs] 46834K->33404K(55552K), 0.0009230 secs] [Times: user=0.01 sys=0.00, real=0.00 secs] 
129.040: Total time for which application threads were stopped: 0.0011390 seconds, Stopping threads took: 0.0001560 seconds
129.075: Application time: 0.0352380 seconds
129.075: [GC129.075: [ParNew: 16068K->1574K(16640K), 0.0006720 secs] 47895K->33429K(55552K), 0.0007070 secs] [Times: user=0.00 sys=0.00, real=0.00 secs] 
129.076: Total time for which application threads were stopped: 0.0009570 seconds, Stopping threads took: 0.0001900 seconds
129.110: Application time: 0.0344020 seconds
129.110: [GC129.110: [ParNew: 15984K->1546K(16640K), 0.0007040 secs] 47839K->33429K(55552K), 0.0007390 secs] [Times: user=0.00 sys=0.00, real=0.00 secs] 
129.111: Total time for which application threads were stopped: 0.0008960 seconds, Stopping threads took: 0.0000980 seconds
129.144: Application time: 0.0327430 seconds
129.144: [GC129.144: [ParNew: 15950K->1550K(16640K), 0.0012260 secs] 47833K->34969K(55552K), 0.0012620 secs] [Times: user=0.01 sys=0.00, real=0.00 secs] 
129.145: Total time for which application threads were stopped: 0.0014070 seconds, Stopping threads took: 0.0000800 seconds
129.182: Application time: 0.0368450 seconds
129.182: [GC129.182: [ParNew: 15968K->1032K(16640K), 0.0004830 secs] 49388K->34451K(55552K), 0.0005170 secs] [Times: user=0.00 sys=0.00, real=0.00 secs] 
129.183: Total time for which application threads were stopped: 0.0006650 seconds, Stopping threads took: 0.0000920 seconds
129.214: Application time: 0.0314830 seconds
129.214: [GC129.214: [ParNew: 15433K->1550K(16640K), 0.0012200 secs] 48853K->36505K(55552K), 0.0012660 secs] [Times: user=0.01 sys=0.00, real=0.00 secs] 
129.216: Total time for which application threads were stopped: 0.0013910 seconds, Stopping threads took: 0.0000620 seconds
129.216: Application time: 0.0000600 seconds
129.216: [GC [1 CMS-initial-mark: 34955K(38912K)] 37017K(55552K), 0.0000920 secs] [Times: user=0.00 sys=0.00, real=0.00 secs] 
129.216: Total time for which application threads were stopped: 0.0003070 seconds, Stopping threads took: 0.0001980 seconds
129.216: [CMS-concurrent-mark-start]
129.222: [CMS-concurrent-mark: 0.006/0.006 secs] [Times: user=0.04 sys=0.00, real=0.01 secs] 
129.222: [CMS-concurrent-preclean-start]
129.222: [CMS-concurrent-preclean: 0.000/0.000 secs] [Times: user=0.00 sys=0.00, real=0.00 secs] 
129.222: Application time: 0.0057190 seconds
129.225: [GC[YG occupancy: 2600 K (16640 K)]129.225: [Rescan (parallel) , 0.0002030 secs]129.225: [weak refs processing, 0.0000060 secs]129.225: [scrub string table, 0.0000940 secs] [1 CMS-remark: 34955K(38912K)] 37556K(55552K), 0.0003260 secs] [Times: user=0.00 sys=0.00, real=0.00 secs] 
129.225: Total time for which application threads were stopped: 0.0032470 seconds, Stopping threads took: 0.0028990 seconds
129.225: [CMS-concurrent-sweep-start]
129.226: [CMS-concurrent-sweep: 0.001/0.001 secs] [Times: user=0.00 sys=0.00, real=0.00 secs] 
129.226: [CMS-concurrent-reset-start]
129.226: [CMS-concurrent-reset: 0.000/0.000 secs] [Times: user=0.00 sys=0.00, real=0.00 secs] 
129.256: Application time: 0.0315140 seconds
129.257: [GC129.257: [ParNew: 15966K->1546K(16640K), 0.0006810 secs] 22988K->8568K(55552K), 0.0007130 secs] [Times: user=0.01 sys=0.00, real=0.00 secs] 
129.257: Total time for which application threads were stopped: 0.0008370 seconds, Stopping threads took: 0.0000680 seconds
129.291: Application time: 0.0336430 seconds
129.291: [GC129.291: [ParNew: 15954K->1546K(16640K), 0.0007930 secs] 22976K->9080K(55552K), 0.0008260 secs] [Times: user=0.00 sys=0.00, real=0.00 secs] 
129.292: Total time for which application threads were stopped: 0.0010700 seconds, Stopping threads took: 0.0001850 seconds
129.328: Application time: 0.0357660 seconds
129.328: [GC129.328: [ParNew: 15958K->1544K(16640K), 0.0006790 secs] 23492K->9078K(55552K), 0.0007100 secs] [Times: user=0.00 sys=0.00, real=0.01 secs] 
129.329: Total time for which application threads were stopped: 0.0009090 seconds, Stopping threads took: 0.0001400 seconds
129.364: Application time: 0.0357660 seconds
129.365: [GC129.365: [ParNew: 15956K->1032K(16640K), 0.0005880 secs] 23490K->8566K(55552K), 0.0006200 secs] [Times: user=0.00 sys=0.00, real=0.00 secs] 
129.365: Total time for which application threads were stopped: 0.0007480 seconds, Stopping threads took: 0.0000590 seconds
129.399: Application time: 0.0335420 seconds
129.399: [GC129.399: [ParNew: 15518K->1576K(16640K), 0.0007010 secs] 23052K->9110K(55552K), 0.0007340 secs] [Times: user=0.00 sys=0.00, real=0.00 secs] 
129.400: Total time for which application threads were stopped: 0.0008840 seconds, Stopping threads took: 0.0000900 seconds
129.434: Application time: 0.0341340 seconds
129.434: [GC129.434: [ParNew: 15984K->1548K(16640K), 0.0008210 secs] 23518K->9623K(55552K), 0.0008560 secs] [Times: user=0.00 sys=0.00, real=0.00 secs] 
129.435: Total time for which application threads were stopped: 0.0009870 seconds, Stopping threads took: 0.0000690 seconds
129.471: Application time: 0.0358690 seconds
129.471: [GC129.471: [ParNew: 15962K->1034K(16640K), 0.0004730 secs] 24037K->9109K(55552K), 0.0005040 secs] [Times: user=0.00 sys=0.00, real=0.00 secs] 
129.471: Total time for which application threads were stopped: 0.0006200 seconds, Stopping threads took: 0.0000600 seconds
129.505: Application time: 0.0334570 seconds
129.505: [GC129.505: [ParNew: 15598K->1606K(16640K), 0.0008510 secs] 23673K->10193K(55552K), 0.0008850 secs] [Times: user=0.00 sys=0.00, real=0.00 secs] 
129.506: Total time for which application threads were stopped: 0.0010060 seconds, Stopping threads took: 0.0000570 seconds
129.542: Application time: 0.0365090 seconds
129.542: [GC129.542: [ParNew: 16022K->524K(16640K), 0.0004190 secs] 24609K->9168K(55552K), 0.0004480 secs] [Times: user=0.00 sys=0.00, real=0.00 secs] 
129.543: Total time for which application threads were stopped: 0.0005690 seconds, Stopping threads took: 0.0000700 seconds
129.576: Application time: 0.0330050 seconds
129.576: [GC129.576: [ParNew: 15006K->1578K(16640K), 0.0008090 secs] 23650K->10734K(55552K), 0.0008410 secs] [Times: user=0.01 sys=0.00, real=0.00 secs] 
129.577: Total time for which application threads were stopped: 0.0009790 seconds, Stopping threads took: 0.0000790 seconds
129.612: Application time: 0.0347110 seconds
129.612: [GC129.612: [ParNew: 16066K->1578K(16640K), 0.0007360 secs] 25222K->10762K(55552K), 0.0007670 secs] [Times: user=0.00 sys=0.00, real=0.00 secs] 
129.612: Total time for which application threads were stopped: 0.0009460 seconds, Stopping threads took: 0.0001200 seconds
129.647: Application time: 0.0348330 seconds
129.647: [GC129.647: [ParNew: 15990K->1546K(16640K), 0.0006400 secs] 25174K->10759K(55552K), 0.0006710 secs] [Times: user=0.00 sys=0.00, real=0.00 secs] 
129.648: Total time for which application threads were stopped: 0.0007890 seconds, Stopping threads took: 0.0000620 seconds
129.682: Application time: 0.0342850 seconds
129.683: [GC129.683: [ParNew: 16110K->1606K(16640K), 0.0009900 secs] 25323K->11843K(55552K), 0.0010250 secs] [Times: user=0.00 sys=0.00, real=0.00 secs] 
129.684: Total time for which application threads were stopped: 0.0011790 seconds, Stopping threads took: 0.0000920 seconds
129.719: Application time: 0.0354980 seconds
129.719: [GC129.719: [ParNew: 16100K->1068K(16640K), 0.0005620 secs] 26337K->11362K(55552K), 0.0005920 secs] [Times: user=0.00 sys=0.00, real=0.00 secs] 
129.720: Total time for which application threads were stopped: 0.0007010 seconds, Stopping threads took: 0.0000550 seconds
129.752: Application time: 0.0325830 seconds
129.753: [GC129.753: [ParNew: 15470K->1548K(16640K), 0.0012860 secs] 25764K->13406K(55552K), 0.0013270 secs] [Times: user=0.01 sys=0.00, real=0.00 secs] 
129.754: Total time for which application threads were stopped: 0.0016430 seconds, Stopping threads took: 0.0002420 seconds
129.791: Application time: 0.0372830 seconds
129.791: [GC129.791: [ParNew: 15962K->1544K(16640K), 0.0006480 secs] 27821K->13402K(55552K), 0.0006780 secs] [Times: user=0.00 sys=0.00, real=0.00 secs] 
129.792: Total time for which application threads were stopped: 0.0008910 seconds, Stopping threads took: 0.0001570 seconds
129.828: Application time: 0.0357720 seconds
129.828: [GC129.828: [ParNew: 15958K->1036K(16640K), 0.0005060 secs] 27816K->12894K(55552K), 0.0005360 secs] [Times: user=0.00 sys=0.00, real=0.01 secs] 
129.829: Total time for which application threads were stopped: 0.0006740 seconds, Stopping threads took: 0.0000820 seconds
129.860: Application time: 0.0316730 seconds
129.860: [GC129.860: [ParNew: 15437K->1550K(16640K), 0.0012100 secs] 27296K->14944K(55552K), 0.0012480 secs] [Times: user=0.01 sys=0.00, real=0.01 secs] 
129.862: Total time for which application threads were stopped: 0.0013820 seconds, Stopping threads took: 0.0000720 seconds
129.899: Application time: 0.0375580 seconds
129.899: [GC129.899: [ParNew: 15968K->1034K(16640K), 0.0004550 secs] 29363K->14428K(55552K), 0.0004850 secs] [Times: user=0.00 sys=0.00, real=0.00 secs] 
129.900: Total time for which application threads were stopped: 0.0006260 seconds, Stopping threads took: 0.0000770 seconds
129.932: Application time: 0.0322890 seconds
129.932: [GC129.932: [ParNew: 15437K->1548K(16640K), 0.0010150 secs] 28832K->15966K(55552K), 0.0010530 secs] [Times: user=0.01 sys=0.00, real=0.00 secs] 
129.933: Total time for which application threads were stopped: 0.0011870 seconds, Stopping threads took: 0.0000720 seconds
129.970: Application time: 0.0371340 seconds
129.971: [GC129.971: [ParNew: 15964K->1032K(16640K), 0.0005680 secs] 30383K->15450K(55552K), 0.0006050 secs] [Times: user=0.00 sys=0.00, real=0.00 secs] 
129.971: Total time for which application threads were stopped: 0.0007180 seconds, Stopping threads took: 0.0000570 seconds
130.003: Application time: 0.0320880 seconds
130.003: [GC130.003: [ParNew: 15438K->1546K(16640K), 0.0008020 secs] 29856K->16476K(55552K), 0.0008370 secs] [Times: user=0.01 sys=0.00, real=0.00 secs] 
130.004: Total time for which application threads were stopped: 0.0009560 seconds, Stopping threads took: 0.0000580 seconds
130.041: Application time: 0.0363360 seconds
130.041: [GC130.041: [ParNew: 15960K->1036K(16640K), 0.0005520 secs] 30891K->15966K(55552K), 0.0005840 secs] [Times: user=0.00 sys=0.00, real=0.00 secs] 
130.041: Total time for which application threads were stopped: 0.0007140 seconds, Stopping threads took: 0.0000740 seconds
130.075: Application time: 0.0334330 seconds
130.075: [GC130.075: [ParNew: 15520K->1576K(16640K), 0.0008260 secs] 30451K->17019K(55552K), 0.0008600 secs] [Times: user=0.01 sys=0.00, real=0.00 secs] 
130.076: Total time for which application threads were stopped: 0.0009890 seconds, Stopping threads took: 0.0000670 seconds
130.110: Application time: 0.0337960 seconds
130.110: [GC130.110: [ParNew: 15986K->1552K(16640K), 0.0008430 secs] 31429K->17535K(55552K), 0.0008750 secs] [Times: user=0.01 sys=0.00, real=0.00 secs] 
130.111: Total time for which application threads were stopped: 0.0009930 seconds, Stopping threads took: 0.0000590 seconds
130.145: Application time: 0.0348680 seconds
130.146: [GC130.146: [ParNew: 16038K->1578K(16640K), 0.0008670 secs] 32021K->18073K(55552K), 0.0009030 secs] [Times: user=0.01 sys=0.00, real=0.00 secs] 
130.147: Total time for which application threads were stopped: 0.0011240 seconds, Stopping threads took: 0.0001570 seconds
130.182: Application time: 0.0353250 seconds
130.182: [GC130.182: [ParNew: 16072K->1576K(16640K), 0.0006900 secs] 32568K->18100K(55552K), 0.0007220 secs] [Times: user=0.01 sys=0.00, real=0.00 secs] 
130.183: Total time for which application threads were stopped: 0.0008640 seconds, Stopping threads took: 0.0000830 seconds
130.216: Application time: 0.0330290 seconds
130.216: [GC130.216: [ParNew: 16060K->1578K(16640K), 0.0010330 secs] 32584K->19154K(55552K), 0.0010690 secs] [Times: user=0.01 sys=0.00, real=0.00 secs] 
130.217: Total time for which application threads were stopped: 0.0012050 seconds, Stopping threads took: 0.0000750 seconds
130.254: Application time: 0.0371790 seconds
130.254: [GC130.254: [ParNew: 16072K->1580K(16640K), 0.0006120 secs] 33649K->19185K(55552K), 0.0006410 secs] [Times: user=0.01 sys=0.00, real=0.00 secs] 
130.255: Total time for which application threads were stopped: 0.0007520 seconds, Stopping threads took: 0.0000560 seconds
130.289: Application time: 0.0340800 seconds
130.289: [GC130.289: [ParNew: 15988K->1548K(16640K), 0.0008180 secs] 33593K->19693K(55552K), 0.0008550 secs] [Times: user=0.01 sys=0.00, real=0.00 secs] 
130.290: Total time for which application threads were stopped: 0.0009760 seconds, Stopping threads took: 0.0000610 seconds
130.325: Application time: 0.0353260 seconds
130.325: [GC130.325: [ParNew: 16040K->1066K(16640K), 0.0004670 secs] 34186K->19211K(55552K), 0.0004970 secs] [Times: user=0.00 sys=0.00, real=0.00 secs] 
130.326: Total time for which application threads were stopped: 0.0006120 seconds, Stopping threads took: 0.0000600 seconds
130.360: Application time: 0.0342700 seconds
130.360: [GC130.360: [ParNew: 15628K->1606K(16640K), 0.0006790 secs] 33774K->19780K(55552K), 0.0007140 secs] [Times: user=0.00 sys=0.00, real=0.01 secs] 
130.361: Total time for which application threads were stopped: 0.0008980 seconds, Stopping threads took: 0.0001260 seconds
130.395: Application time: 0.0339190 seconds
130.395: [GC130.395: [ParNew: 16016K->1552K(16640K), 0.0007360 secs] 34190K->19783K(55552K), 0.0007670 secs] [Times: user=0.01 sys=0.00, real=0.00 secs] 
130.396: Total time for which application threads were stopped: 0.0009400 seconds, Stopping threads took: 0.0001140 seconds
130.430: Application time: 0.0340650 seconds
130.430: [GC130.430: [ParNew: 15960K->1546K(16640K), 0.0010410 secs] 34191K->20801K(55552K), 0.0010850 secs] [Times: user=0.00 sys=0.00, real=0.00 secs] 
130.431: Total time for which application threads were stopped: 0.0012300 seconds, Stopping threads took: 0.0000700 seconds
130.467: Application time: 0.0361610 seconds
130.467: [GC130.467: [ParNew: 15962K->1032K(16640K), 0.0005570 secs] 35217K->20287K(55552K), 0.0005870 secs] [Times: user=0.01 sys=0.00, real=0.00 secs] 
130.468: Total time for which application threads were stopped: 0.0007020 seconds, Stopping threads took: 0.0000610 seconds
130.501: Application time: 0.0329090 seconds
130.501: [GC130.501: [ParNew: 15438K->1546K(16640K), 0.0008780 secs] 34693K->21313K(55552K), 0.0009130 secs] [Times: user=0.00 sys=0.00, real=0.00 secs] 
130.502: Total time for which application threads were stopped: 0.0010800 seconds, Stopping threads took: 0.0001070 seconds
130.537: Application time: 0.0344630 seconds
130.537: [GC130.537: [ParNew: 15958K->1548K(16640K), 0.0007040 secs] 35725K->21315K(55552K), 0.0007340 secs] [Times: user=0.00 sys=0.00, real=0.00 secs] 
130.537: Total time for which application threads were stopped: 0.0009670 seconds, Stopping threads took: 0.0001730 seconds
130.572: Application time: 0.0349720 seconds
130.573: [GC130.573: [ParNew: 15956K->1546K(16640K), 0.0008250 secs] 35723K->21825K(55552K), 0.0008560 secs] [Times: user=0.00 sys=0.00, real=0.00 secs] 
130.573: Total time for which application threads were stopped: 0.0009930 seconds, Stopping threads took: 0.0000770 seconds
130.607: Application time: 0.0337120 seconds
130.607: [GC130.607: [ParNew: 15956K->1546K(16640K), 0.0008100 secs] 36235K->22337K(55552K), 0.0008450 secs] [Times: user=0.01 sys=0.00, real=0.00 secs] 
130.608: Total time for which application threads were stopped: 0.0009970 seconds, Stopping threads took: 0.0000960 seconds
130.644: Application time: 0.0357590 seconds
130.644: [GC130.644: [ParNew: 15958K->1548K(16640K), 0.0006580 secs] 36749K->22339K(55552K), 0.0006940 secs] [Times: user=0.01 sys=0.00, real=0.00 secs] 
130.645: Total time for which application threads were stopped: 0.0008800 seconds, Stopping threads took: 0.0001270 seconds
130.679: Application time: 0.0346900 seconds
130.680: [GC130.680: [ParNew: 15958K->1546K(16640K), 0.0006310 secs] 36749K->22337K(55552K), 0.0006630 secs] [Times: user=0.01 sys=0.00, real=0.00 secs] 
130.680: Total time for which application threads were stopped: 0.0007900 seconds, Stopping threads took: 0.0000700 seconds
130.713: Application time: 0.0322690 seconds
130.713: [GC130.713: [ParNew: 15952K->1546K(16640K), 0.0009810 secs] 36743K->23361K(55552K), 0.0010160 secs] [Times: user=0.00 sys=0.00, real=0.00 secs] 
130.714: Total time for which application threads were stopped: 0.0011370 seconds, Stopping threads took: 0.0000600 seconds
130.751: Application time: 0.0368670 seconds
130.751: [GC130.751: [ParNew: 16042K->1062K(16640K), 0.0005140 secs] 37857K->22877K(55552K), 0.0005470 secs] [Times: user=0.00 sys=0.00, real=0.00 secs] 
130.751: Total time for which application threads were stopped: 0.0006920 seconds, Stopping threads took: 0.0000880 seconds
130.784: Application time: 0.0327570 seconds
130.784: [GC130.784: [ParNew: 15544K->1580K(16640K), 0.0010030 secs] 37359K->24447K(55552K), 0.0010390 secs] [Times: user=0.01 sys=0.00, real=0.00 secs] 
130.785: Total time for which application threads were stopped: 0.0011960 seconds, Stopping threads took: 0.0000940 seconds
130.821: Application time: 0.0353460 seconds
130.821: [GC130.821: [ParNew: 16076K->1062K(16640K), 0.0005660 secs] 38944K->23958K(55552K), 0.0005980 secs] [Times: user=0.01 sys=0.00, real=0.00 secs] 
130.821: Total time for which application threads were stopped: 0.0008090 seconds, Stopping threads took: 0.0001560 seconds
130.857: Application time: 0.0356450 seconds
130.857: [GC130.857: [ParNew: 15548K->1066K(16640K), 0.0005920 secs] 38444K->23990K(55552K), 0.0006230 secs] [Times: user=0.01 sys=0.00, real=0.00 secs] 
130.858: Total time for which application threads were stopped: 0.0007990 seconds, Stopping threads took: 0.0001240 seconds
130.892: Application time: 0.0337780 seconds
130.892: [GC130.892: [ParNew: 15472K->1552K(16640K), 0.0010140 secs] 38396K->25529K(55552K), 0.0010600 secs] [Times: user=0.00 sys=0.00, real=0.00 secs] 
130.893: Total time for which application threads were stopped: 0.0011980 seconds, Stopping threads took: 0.0000740 seconds
130.929: Application time: 0.0365180 seconds
130.929: [GC130.929: [ParNew: 16048K->1578K(16640K), 0.0006380 secs] 40025K->25555K(55552K), 0.0006690 secs] [Times: user=0.01 sys=0.00, real=0.00 secs] 
130.930: Total time for which application threads were stopped: 0.0008060 seconds, Stopping threads took: 0.0000830 seconds
130.963: Application time: 0.0329160 seconds
130.963: [GC130.963: [ParNew: 16062K->1578K(16640K), 0.0010530 secs] 40039K->26608K(55552K), 0.0010880 secs] [Times: user=0.01 sys=0.00, real=0.00 secs] 
130.964: Total time for which application threads were stopped: 0.0012250 seconds, Stopping threads took: 0.0000680 seconds
131.002: Application time: 0.0372410 seconds
131.002: [GC131.002: [ParNew: 16074K->554K(16640K), 0.0003490 secs] 41104K->25612K(55552K), 0.0003760 secs] [Times: user=0.00 sys=0.00, real=0.00 secs] 
131.002: Total time for which application threads were stopped: 0.0004840 seconds, Stopping threads took: 0.0000570 seconds
131.035: Application time: 0.0327040 seconds
131.035: [GC131.035: [ParNew: 15034K->1608K(16640K), 0.0009850 secs] 40092K->27690K(55552K), 0.0010220 secs] [Times: user=0.01 sys=0.00, real=0.00 secs] 
131.036: Total time for which application threads were stopped: 0.0011480 seconds, Stopping threads took: 0.0000630 seconds
131.072: Application time: 0.0360200 seconds
131.072: [GC131.072: [ParNew: 16026K->522K(16640K), 0.0003770 secs] 42108K->26661K(55552K), 0.0004060 secs] [Times: user=0.00 sys=0.00, real=0.00 secs] 
131.072: Total time for which application threads were stopped: 0.0005220 seconds, Stopping threads took: 0.0000650 seconds
131.104: Application time: 0.0319530 seconds
131.104: [GC131.104: [ParNew: 14923K->1548K(16640K), 0.0010080 secs] 41063K->28711K(55552K), 0.0010440 secs] [Times: user=0.01 sys=0.00, real=0.00 secs] 
131.106: Total time for which application threads were stopped: 0.0011800 seconds, Stopping threads took: 0.0000710 seconds
131.142: Application time: 0.0364820 seconds
131.142: [GC131.142: [ParNew: 15964K->1036K(16640K), 0.0005090 secs] 43127K->28199K(55552K), 0.0005420 secs] [Times: user=0.01 sys=0.00, real=0.00 secs] 
131.143: Total time for which application threads were stopped: 0.0006570 seconds, Stopping threads took: 0.0000590 seconds
131.177: Application time: 0.0344990 seconds
131.177: [GC131.177: [ParNew: 15442K->1546K(16640K), 0.0008560 secs] 42605K->29221K(55552K), 0.0008890 secs] [Times: user=0.01 sys=0.00, real=0.00 secs] 
131.178: Total time for which application threads were stopped: 0.0010120 seconds, Stopping threads took: 0.0000610 seconds
131.214: Application time: 0.0353240 seconds
131.214: [GC131.214: [ParNew: 15958K->1550K(16640K), 0.0006720 secs] 43633K->29225K(55552K), 0.0007040 secs] [Times: user=0.01 sys=0.00, real=0.00 secs] 
131.214: Total time for which application threads were stopped: 0.0008360 seconds, Stopping threads took: 0.0000750 seconds
131.248: Application time: 0.0340780 seconds
131.249: [GC131.249: [ParNew: 15962K->1546K(16640K), 0.0006480 secs] 43637K->29221K(55552K), 0.0006790 secs] [Times: user=0.00 sys=0.00, real=0.00 secs] 
131.249: Total time for which application threads were stopped: 0.0008170 seconds, Stopping threads took: 0.0000730 seconds
131.286: Application time: 0.0367760 seconds
131.286: [GC131.286: [ParNew: 15958K->1034K(16640K), 0.0004570 secs] 43633K->28709K(55552K), 0.0004890 secs] [Times: user=0.00 sys=0.00, real=0.00 secs] 
131.287: Total time for which application threads were stopped: 0.0005990 seconds, Stopping threads took: 0.0000570 seconds
131.320: Application time: 0.0329090 seconds
131.320: [GC131.320: [ParNew: 15437K->1548K(16640K), 0.0010040 secs] 43113K->30247K(55552K), 0.0010490 secs] [Times: user=0.01 sys=0.00, real=0.01 secs] 
131.321: Total time for which application threads were stopped: 0.0011900 seconds, Stopping threads took: 0.0000800 seconds
131.356: Application time: 0.0356620 seconds
131.357: [GC131.357: [ParNew: 15964K->1036K(16640K), 0.0004910 secs] 44663K->29735K(55552K), 0.0005220 secs] [Times: user=0.00 sys=0.00, real=0.00 secs] 
131.357: Total time for which application threads were stopped: 0.0006360 seconds, Stopping threads took: 0.0000630 seconds
131.390: Application time: 0.0329090 seconds
131.390: [GC131.390: [ParNew: 15439K->1552K(16640K), 0.0010130 secs] 44139K->31275K(55552K), 0.0010470 secs] [Times: user=0.00 sys=0.00, real=0.00 secs] 
131.391: Total time for which application threads were stopped: 0.0011800 seconds, Stopping threads took: 0.0000690 seconds
131.426: Application time: 0.0351930 seconds
131.426: [GC131.426: [ParNew: 16201K->1634K(16640K), 0.0008650 secs] 45924K->31869K(55552K), 0.0008980 secs] [Times: user=0.00 sys=0.00, real=0.00 secs] 
131.427: Total time for which application threads were stopped: 0.0010140 seconds, Stopping threads took: 0.0000560 seconds
131.463: Application time: 0.0351570 seconds
131.463: [GC131.463: [ParNew: 16048K->1034K(16640K), 0.0005870 secs] 46283K->31355K(55552K), 0.0006160 secs] [Times: user=0.01 sys=0.00, real=0.00 secs] 
131.463: Total time for which application threads were stopped: 0.0007330 seconds, Stopping threads took: 0.0000620 seconds
131.496: Application time: 0.0331690 seconds
131.497: [GC131.497: [ParNew: 15437K->1548K(16640K), 0.0010830 secs] 45759K->32893K(55552K), 0.0011220 secs] [Times: user=0.00 sys=0.01, real=0.00 secs] 
131.498: Total time for which application threads were stopped: 0.0012550 seconds, Stopping threads took: 0.0000610 seconds
131.534: Application time: 0.0360130 seconds
131.534: [GC131.534: [ParNew: 16042K->1576K(16640K), 0.0007160 secs] 47387K->32921K(55552K), 0.0007470 secs] [Times: user=0.01 sys=0.00, real=0.00 secs] 
131.535: Total time for which application threads were stopped: 0.0008590 seconds, Stopping threads took: 0.0000540 seconds
131.568: Application time: 0.0338950 seconds
131.569: [GC131.569: [ParNew: 15984K->1546K(16640K), 0.0008990 secs] 47329K->33431K(55552K), 0.0009340 secs] [Times: user=0.00 sys=0.00, real=0.00 secs] 
131.570: Total time for which application threads were stopped: 0.0010800 seconds, Stopping threads took: 0.0000800 seconds
131.605: Application time: 0.0356850 seconds
131.605: [GC131.605: [ParNew: 16116K->1096K(16640K), 0.0005140 secs] 48002K->32981K(55552K), 0.0005440 secs] [Times: user=0.00 sys=0.00, real=0.00 secs] 
131.606: Total time for which application threads were stopped: 0.0007120 seconds, Stopping threads took: 0.0001120 seconds
131.640: Application time: 0.0339350 seconds
131.640: [GC131.640: [ParNew: 15582K->1576K(16640K), 0.0008870 secs] 47468K->34030K(55552K), 0.0009230 secs] [Times: user=0.01 sys=0.00, real=0.01 secs] 
131.641: Total time for which application threads were stopped: 0.0010430 seconds, Stopping threads took: 0.0000600 seconds
131.676: Application time: 0.0353330 seconds
131.676: [GC131.676: [ParNew: 16068K->1066K(16640K), 0.0006170 secs] 48523K->33549K(55552K), 0.0006460 secs] [Times: user=0.00 sys=0.00, real=0.00 secs] 
131.677: Total time for which application threads were stopped: 0.0007570 seconds, Stopping threads took: 0.0000560 seconds
131.711: Application time: 0.0341910 seconds
131.711: [GC131.711: [ParNew: 15472K->1548K(16640K), 0.0008550 secs] 47955K->34571K(55552K), 0.0008910 secs] [Times: user=0.01 sys=0.00, real=0.00 secs] 
131.712: Total time for which application threads were stopped: 0.0010310 seconds, Stopping threads took: 0.0000820 seconds
131.746: Application time: 0.0340400 seconds
131.746: [GC131.746: [ParNew: 15958K->1548K(16640K), 0.0008810 secs] 48981K->35083K(55552K), 0.0009140 secs] [Times: user=0.01 sys=0.00, real=0.00 secs] 
131.747: Total time for which application threads were stopped: 0.0010400 seconds, Stopping threads took: 0.0000670 seconds
131.783: Application time: 0.0352310 seconds
131.783: [GC131.783: [ParNew: 15960K->1548K(16640K), 0.0006390 secs] 49496K->35083K(55552K), 0.0006820 secs] [Times: user=0.00 sys=0.00, real=0.00 secs] 
131.783: Total time for which application threads were stopped: 0.0008000 seconds, Stopping threads took: 0.0000590 seconds
131.817: Application time: 0.0336270 seconds
131.817: [GC131.817: [ParNew: 15956K->1548K(16640K), 0.0008720 secs] 49491K->35595K(55552K), 0.0009060 secs] [Times: user=0.01 sys=0.00, real=0.00 secs] 
131.818: Total time for which application threads were stopped: 0.0010360 seconds, Stopping threads took: 0.0000700 seconds
131.853: Application time: 0.0347780 seconds
131.853: [GC131.853: [ParNew: 15958K->1548K(16640K), 0.0008830 secs] 50005K->36107K(55552K), 0.0009170 secs] [Times: user=0.00 sys=0.00, real=0.00 secs] 
131.854: Total time for which application threads were stopped: 0.0010560 seconds, Stopping threads took: 0.0000770 seconds
131.889: Application time: 0.0351720 seconds
131.889: [GC131.889: [ParNew: 15960K->1544K(16640K), 0.0007360 secs] 50520K->36103K(55552K), 0.0007670 secs] [Times: user=0.01 sys=0.00, real=0.00 secs] 
131.890: Total time for which application threads were stopped: 0.0008880 seconds, Stopping threads took: 0.0000650 seconds
131.925: Application time: 0.0347140 seconds
131.925: [GC131.925: [ParNew: 15954K->1546K(16640K), 0.0006330 secs] 50513K->36105K(55552K), 0.0006660 secs] [Times: user=0.00 sys=0.00, real=0.00 secs] 
131.925: Total time for which application threads were stopped: 0.0008530 seconds, Stopping threads took: 0.0001290 seconds
131.961: Application time: 0.0350610 seconds
131.961: [GC131.961: [ParNew: 15956K->1034K(16640K), 0.0005610 secs] 50515K->35593K(55552K), 0.0005910 secs] [Times: user=0.00 sys=0.00, real=0.00 secs] 
131.961: Total time for which application threads were stopped: 0.0007560 seconds, Stopping threads took: 0.0001150 seconds
131.995: Application time: 0.0341860 seconds
131.996: [GC131.996: [ParNew: 15442K->1546K(16640K), 0.0008950 secs] 50001K->36617K(55552K), 0.0009350 secs] [Times: user=0.00 sys=0.00, real=0.00 secs] 
131.997: Total time for which application threads were stopped: 0.0010750 seconds, Stopping threads took: 0.0000790 seconds
132.033: Application time: 0.0360610 seconds
132.033: [GC132.033: [ParNew: 15962K->524K(16640K), 0.0003770 secs] 51034K->35595K(55552K), 0.0004060 secs] [Times: user=0.00 sys=0.00, real=0.00 secs] 
132.033: Total time for which application threads were stopped: 0.0005610 seconds, Stopping threads took: 0.0000940 seconds
132.066: Application time: 0.0329230 seconds
132.066: [GC132.066: [ParNew: 15086K->1606K(16640K), 0.0008680 secs] 50158K->37190K(55552K), 0.0009030 secs] [Times: user=0.00 sys=0.00, real=0.00 secs] 
132.067: Total time for which application threads were stopped: 0.0010280 seconds, Stopping threads took: 0.0000670 seconds
132.104: Application time: 0.0365780 seconds
132.104: [GC132.104: [ParNew: 16100K->1064K(16640K), 0.0006080 secs] 51684K->36705K(55552K), 0.0006370 secs] [Times: user=0.01 sys=0.00, real=0.00 secs] 
132.104: Total time for which application threads were stopped: 0.0007470 seconds, Stopping threads took: 0.0000550 seconds
132.138: Application time: 0.0339050 seconds
132.138: [GC132.138: [ParNew: 15470K->1546K(16640K), 0.0008450 secs] 51110K->37727K(55552K), 0.0008800 secs] [Times: user=0.01 sys=0.00, real=0.00 secs] 
132.139: Total time for which application threads were stopped: 0.0010040 seconds, Stopping threads took: 0.0000620 seconds
132.139: Application time: 0.0000390 seconds
132.140: [GC [1 CMS-initial-mark: 36181K(38912K)] 38239K(55552K), 0.0000940 secs] [Times: user=0.00 sys=0.00, real=0.00 secs] 
132.140: Total time for which application threads were stopped: 0.0002790 seconds, Stopping threads took: 0.0001690 seconds
132.140: [CMS-concurrent-mark-start]
132.143: [CMS-concurrent-mark: 0.004/0.004 secs] [Times: user=0.01 sys=0.00, real=0.01 secs] 
132.143: [CMS-concurrent-preclean-start]
132.143: [CMS-concurrent-preclean: 0.000/0.000 secs] [Times: user=0.00 sys=0.00, real=0.00 secs] 
132.143: [CMS-concurrent-abortable-preclean-start]
132.174: Application time: 0.0343410 seconds
132.174: [GC132.174: [ParNew: 16036K->1578K(16640K), 0.0008580 secs] 52217K->38271K(55552K), 0.0008910 secs] [Times: user=0.01 sys=0.00, real=0.00 secs] 
132.175: Total time for which application threads were stopped: 0.0010080 seconds, Stopping threads took: 0.0000550 seconds
132.209: Application time: 0.0343750 seconds
132.210: [GC132.210: [ParNew: 15988K->1548K(16640K), 0.0008850 secs] 52681K->38782K(55552K), 0.0009190 secs] [Times: user=0.00 sys=0.00, real=0.00 secs] 
132.211: Total time for which application threads were stopped: 0.0010940 seconds, Stopping threads took: 0.0001180 seconds
132.246: Application time: 0.0352170 seconds
132.246: [GC132.246: [ParNew: 16040K->1576K(16640K), 0.0006540 secs] 53274K->38810K(55552K), 0.0006850 secs] [Times: user=0.01 sys=0.00, real=0.00 secs] 
132.247: Total time for which application threads were stopped: 0.0008090 seconds, Stopping threads took: 0.0000680 seconds
132.280: Application time: 0.0337410 seconds
132.280: [GC132.280: [ParNew (promotion failed): 16058K->16062K(16640K), 0.0010700 secs]132.282: [CMS132.282: [CMS-concurrent-abortable-preclean: 0.001/0.138 secs] [Times: user=1.10 sys=0.00, real=0.14 secs] 
 (concurrent mode failure): 38286K->8544K(38912K), 0.0069400 secs] 53292K->8544K(55552K), [CMS Perm : 5151K->5148K(21248K)], 0.0080730 secs] [Times: user=0.01 sys=0.00, real=0.01 secs] 
132.289: Total time for which application threads were stopped: 0.0082050 seconds, Stopping threads took: 0.0000600 seconds
132.325: Application time: 0.0364210 seconds
132.325: [GC132.325: [ParNew: 14494K->1578K(16640K), 0.0008710 secs] 23038K->10122K(55552K), 0.0009020 secs] [Times: user=0.00 sys=0.00, real=0.00 secs] 
132.326: Total time for which application threads were stopped: 0.0010420 seconds, Stopping threads took: 0.0000830 seconds
132.361: Application time: 0.0352170 seconds
132.361: [GC132.361: [ParNew: 16070K->1578K(16640K), 0.0007210 secs] 24614K->10161K(55552K), 0.0007540 secs] [Times: user=0.01 sys=0.00, real=0.00 secs] 
132.362: Total time for which application threads were stopped: 0.0008730 seconds, Stopping threads took: 0.0000640 seconds
132.397: Application time: 0.0347020 seconds
132.397: [GC132.397: [ParNew: 15988K->1548K(16640K), 0.0006570 secs] 24571K->10163K(55552K), 0.0006900 secs] [Times: user=0.01 sys=0.00, real=0.00 secs] 
132.398: Total time for which application threads were stopped: 0.0008450 seconds, Stopping threads took: 0.0000940 seconds
132.433: Application time: 0.0350180 seconds
132.433: [GC132.433: [ParNew: 15958K->1546K(16640K), 0.0006390 secs] 24573K->10161K(55552K), 0.0006710 secs] [Times: user=0.00 sys=0.00, real=0.00 secs] 
132.434: Total time for which application threads were stopped: 0.0008840 seconds, Stopping threads took: 0.0001540 seconds
132.469: Application time: 0.0351390 seconds
132.469: [GC132.469: [ParNew: 15956K->1548K(16640K), 0.0006550 secs] 24571K->10163K(55552K), 0.0006870 secs] [Times: user=0.00 sys=0.00, real=0.00 secs] 
132.469: Total time for which application threads were stopped: 0.0008160 seconds, Stopping threads took: 0.0000710 seconds
132.505: Application time: 0.0357060 seconds
132.505: [GC132.505: [ParNew: 15958K->1548K(16640K), 0.0006230 secs] 24573K->10163K(55552K), 0.0006560 secs] [Times: user=0.01 sys=0.00, real=0.00 secs] 
132.506: Total time for which application threads were stopped: 0.0007930 seconds, Stopping threads took: 0.0000790 seconds
132.538: Application time: 0.0324580 seconds
132.539: [GC132.539: [ParNew: 15952K->1550K(16640K), 0.0012550 secs] 24567K->11701K(55552K), 0.0012930 secs] [Times: user=0.01 sys=0.00, real=0.00 secs] 
132.540: Total time for which application threads were stopped: 0.0014280 seconds, Stopping threads took: 0.0000580 seconds
132.576: Application time: 0.0364730 seconds
132.576: [GC132.576: [ParNew: 15966K->1546K(16640K), 0.0006710 secs] 26117K->11697K(55552K), 0.0007010 secs] [Times: user=0.00 sys=0.01, real=0.00 secs] 
132.577: Total time for which application threads were stopped: 0.0008220 seconds, Stopping threads took: 0.0000650 seconds
132.613: Application time: 0.0358610 seconds
132.613: [GC132.613: [ParNew: 15954K->1548K(16640K), 0.0006530 secs] 26105K->11699K(55552K), 0.0006930 secs] [Times: user=0.00 sys=0.00, real=0.00 secs] 
132.614: Total time for which application threads were stopped: 0.0008740 seconds, Stopping threads took: 0.0001250 seconds
132.649: Application time: 0.0346250 seconds
132.649: [GC132.649: [ParNew: 15960K->1548K(16640K), 0.0007290 secs] 26111K->11699K(55552K), 0.0007600 secs] [Times: user=0.00 sys=0.00, real=0.00 secs] 
132.649: Total time for which application threads were stopped: 0.0008920 seconds, Stopping threads took: 0.0000740 seconds
132.683: Application time: 0.0332000 seconds
132.683: [GC132.683: [ParNew: 15956K->1548K(16640K), 0.0008090 secs] 26107K->12211K(55552K), 0.0008410 secs] [Times: user=0.01 sys=0.00, real=0.00 secs] 
132.684: Total time for which application threads were stopped: 0.0009610 seconds, Stopping threads took: 0.0000590 seconds
132.719: Application time: 0.0352950 seconds
132.719: [GC132.719: [ParNew: 16038K->1578K(16640K), 0.0006620 secs] 26702K->12241K(55552K), 0.0006950 secs] [Times: user=0.00 sys=0.00, real=0.00 secs] 
132.720: Total time for which application threads were stopped: 0.0008180 seconds, Stopping threads took: 0.0000640 seconds
132.755: Application time: 0.0353340 seconds
132.755: [GC132.755: [ParNew: 16142K->1608K(16640K), 0.0006950 secs] 26806K->12302K(55552K), 0.0007280 secs] [Times: user=0.00 sys=0.00, real=0.00 secs] 
132.756: Total time for which application threads were stopped: 0.0009040 seconds, Stopping threads took: 0.0001170 seconds
132.792: Application time: 0.0364370 seconds
132.792: [GC132.792: [ParNew: 16020K->1548K(16640K), 0.0007050 secs] 26714K->12299K(55552K), 0.0007370 secs] [Times: user=0.00 sys=0.00, real=0.00 secs] 
132.793: Total time for which application threads were stopped: 0.0008480 seconds, Stopping threads took: 0.0000550 seconds
132.826: Application time: 0.0328150 seconds
132.826: [GC132.826: [ParNew: 16032K->1578K(16640K), 0.0009730 secs] 26783K->13353K(55552K), 0.0010090 secs] [Times: user=0.00 sys=0.00, real=0.00 secs] 
132.827: Total time for which application threads were stopped: 0.0012200 seconds, Stopping threads took: 0.0001460 seconds
132.864: Application time: 0.0367370 seconds
132.864: [GC132.864: [ParNew: 15992K->1546K(16640K), 0.0006610 secs] 27767K->13349K(55552K), 0.0006940 secs] [Times: user=0.00 sys=0.00, real=0.00 secs] 
132.865: Total time for which application threads were stopped: 0.0008070 seconds, Stopping threads took: 0.0000580 seconds
132.901: Application time: 0.0357370 seconds
132.901: [GC132.901: [ParNew: 15958K->1034K(16640K), 0.0005600 secs] 27761K->12837K(55552K), 0.0005910 secs] [Times: user=0.01 sys=0.00, real=0.00 secs] 
132.901: Total time for which application threads were stopped: 0.0007020 seconds, Stopping threads took: 0.0000590 seconds
132.935: Application time: 0.0341390 seconds
132.936: [GC132.936: [ParNew: 15598K->1604K(16640K), 0.0009000 secs] 27402K->13919K(55552K), 0.0009340 secs] [Times: user=0.01 sys=0.00, real=0.00 secs] 
132.936: Total time for which application threads were stopped: 0.0010560 seconds, Stopping threads took: 0.0000600 seconds
132.971: Application time: 0.0348800 seconds
132.971: [GC132.971: [ParNew: 16092K->1578K(16640K), 0.0008900 secs] 28408K->14462K(55552K), 0.0009230 secs] [Times: user=0.00 sys=0.00, real=0.00 secs] 
132.972: Total time for which application threads were stopped: 0.0010500 seconds, Stopping threads took: 0.0000650 seconds
133.009: Application time: 0.0361450 seconds
133.009: [GC133.009: [ParNew: 16072K->1066K(16640K), 0.0005080 secs] 28957K->13979K(55552K), 0.0005380 secs] [Times: user=0.00 sys=0.00, real=0.00 secs] 
133.009: Total time for which application threads were stopped: 0.0006440 seconds, Stopping threads took: 0.0000510 seconds
133.042: Application time: 0.0325570 seconds
133.042: [GC133.042: [ParNew: 15470K->1548K(16640K), 0.0009980 secs] 28383K->15513K(55552K), 0.0010350 secs] [Times: user=0.01 sys=0.00, real=0.00 secs] 
133.043: Total time for which application threads were stopped: 0.0011800 seconds, Stopping threads took: 0.0000610 seconds
133.081: Application time: 0.0377610 seconds
133.081: [GC133.081: [ParNew: 15964K->1034K(16640K), 0.0004860 secs] 29930K->14999K(55552K), 0.0005160 secs] [Times: user=0.00 sys=0.00, real=0.00 secs] 
133.081: Total time for which application threads were stopped: 0.0006260 seconds, Stopping threads took: 0.0000560 seconds
133.113: Application time: 0.0320530 seconds
133.113: [GC133.113: [ParNew: 15437K->1548K(16640K), 0.0009930 secs] 29403K->16537K(55552K), 0.0010280 secs] [Times: user=0.01 sys=0.00, real=0.00 secs] 
133.115: Total time for which application threads were stopped: 0.0011560 seconds, Stopping threads took: 0.0000690 seconds
133.151: Application time: 0.0363450 seconds
133.151: [GC133.151: [ParNew: 15962K->1546K(16640K), 0.0007100 secs] 30952K->16535K(55552K), 0.0007410 secs] [Times: user=0.00 sys=0.00, real=0.00 secs] 
133.152: Total time for which application threads were stopped: 0.0008990 seconds, Stopping threads took: 0.0001020 seconds
133.186: Application time: 0.0339640 seconds
133.186: [GC133.186: [ParNew: 15956K->1546K(16640K), 0.0006980 secs] 30945K->16535K(55552K), 0.0007320 secs] [Times: user=0.01 sys=0.00, real=0.00 secs] 
133.187: Total time for which application threads were stopped: 0.0008520 seconds, Stopping threads took: 0.0000620 seconds
133.224: Application time: 0.0369780 seconds
133.224: [GC133.224: [ParNew: 15960K->520K(16640K), 0.0003760 secs] 30950K->15509K(55552K), 0.0004080 secs] [Times: user=0.00 sys=0.00, real=0.00 secs] 
133.224: Total time for which application threads were stopped: 0.0005190 seconds, Stopping threads took: 0.0000580 seconds
133.257: Application time: 0.0330650 seconds
133.257: [GC133.257: [ParNew: 14923K->1546K(16640K), 0.0007990 secs] 29913K->17047K(55552K), 0.0008320 secs] [Times: user=0.01 sys=0.00, real=0.00 secs] 
133.258: Total time for which application threads were stopped: 0.0009510 seconds, Stopping threads took: 0.0000590 seconds
133.296: Application time: 0.0374140 seconds
133.296: [GC133.296: [ParNew: 15964K->8K(16640K), 0.0003590 secs] 31466K->15509K(55552K), 0.0003870 secs] [Times: user=0.00 sys=0.00, real=0.00 secs] 
133.296: Total time for which application threads were stopped: 0.0004890 seconds, Stopping threads took: 0.0000520 seconds
133.329: Application time: 0.0329320 seconds
133.329: [GC133.329: [ParNew: 14407K->1548K(16640K), 0.0011000 secs] 29909K->18074K(55552K), 0.0011330 secs] [Times: user=0.00 sys=0.00, real=0.00 secs] 
133.330: Total time for which application threads were stopped: 0.0012670 seconds, Stopping threads took: 0.0000740 seconds
133.368: Application time: 0.0377080 seconds
133.368: [GC133.368: [ParNew: 16046K->552K(16640K), 0.0004260 secs] 32572K->17078K(55552K), 0.0004570 secs] [Times: user=0.01 sys=0.00, real=0.00 secs] 
133.368: Total time for which application threads were stopped: 0.0005580 seconds, Stopping threads took: 0.0000510 seconds
133.400: Application time: 0.0317860 seconds
133.400: [GC133.400: [ParNew: 15110K->1636K(16640K), 0.0010220 secs] 31636K->19186K(55552K), 0.0010550 secs] [Times: user=0.00 sys=0.00, real=0.01 secs] 
133.401: Total time for which application threads were stopped: 0.0011890 seconds, Stopping threads took: 0.0000710 seconds
133.440: Application time: 0.0384750 seconds
133.440: [GC133.440: [ParNew: 16052K->1036K(16640K), 0.0005300 secs] 33602K->18671K(55552K), 0.0005620 secs] [Times: user=0.00 sys=0.00, real=0.01 secs] 
133.441: Total time for which application threads were stopped: 0.0006870 seconds, Stopping threads took: 0.0000660 seconds
133.473: Application time: 0.0321430 seconds
133.473: [GC133.473: [ParNew: 15518K->1578K(16640K), 0.0009780 secs] 33153K->20237K(55552K), 0.0010140 secs] [Times: user=0.00 sys=0.00, real=0.00 secs] 
133.474: Total time for which application threads were stopped: 0.0011400 seconds, Stopping threads took: 0.0000630 seconds
133.512: Application time: 0.0384610 seconds
133.512: [GC133.513: [ParNew: 15994K->1544K(16640K), 0.0008770 secs] 34653K->20232K(55552K), 0.0009170 secs] [Times: user=0.00 sys=0.01, real=0.00 secs] 
133.513: Total time for which application threads were stopped: 0.0010320 seconds, Stopping threads took: 0.0000610 seconds
133.549: Application time: 0.0357120 seconds
133.549: [GC133.549: [ParNew: 15956K->1034K(16640K), 0.0004680 secs] 34644K->19722K(55552K), 0.0004970 secs] [Times: user=0.00 sys=0.00, real=0.00 secs] 
133.550: Total time for which application threads were stopped: 0.0006170 seconds, Stopping threads took: 0.0000580 seconds
133.585: Application time: 0.0349370 seconds
133.585: [GC133.585: [ParNew: 15522K->1576K(16640K), 0.0006310 secs] 34210K->20264K(55552K), 0.0006650 secs] [Times: user=0.00 sys=0.00, real=0.00 secs] 
133.585: Total time for which application threads were stopped: 0.0007840 seconds, Stopping threads took: 0.0000540 seconds
133.619: Application time: 0.0331540 seconds
133.619: [GC133.619: [ParNew: 16140K->1606K(16640K), 0.0010600 secs] 34828K->21346K(55552K), 0.0010940 secs] [Times: user=0.00 sys=0.00, real=0.00 secs] 
133.620: Total time for which application threads were stopped: 0.0012780 seconds, Stopping threads took: 0.0001200 seconds
133.657: Application time: 0.0375260 seconds
133.658: [GC133.658: [ParNew: 16100K->1576K(16640K), 0.0006850 secs] 35841K->21373K(55552K), 0.0007180 secs] [Times: user=0.01 sys=0.00, real=0.00 secs] 
133.658: Total time for which application threads were stopped: 0.0008510 seconds, Stopping threads took: 0.0000770 seconds
133.692: Application time: 0.0335650 seconds
133.692: [GC133.692: [ParNew: 15984K->1548K(16640K), 0.0008560 secs] 35781K->21886K(55552K), 0.0008900 secs] [Times: user=0.00 sys=0.00, real=0.00 secs] 
133.693: Total time for which application threads were stopped: 0.0010270 seconds, Stopping threads took: 0.0000750 seconds
133.728: Application time: 0.0354130 seconds
133.728: [GC133.728: [ParNew: 15958K->1544K(16640K), 0.0008580 secs] 36296K->22394K(55552K), 0.0008920 secs] [Times: user=0.01 sys=0.01, real=0.01 secs] 
133.729: Total time for which application threads were stopped: 0.0010130 seconds, Stopping threads took: 0.0000600 seconds
133.765: Application time: 0.0359280 seconds
133.765: [GC133.765: [ParNew: 15960K->522K(16640K), 0.0003520 secs] 36810K->21372K(55552K), 0.0003800 secs] [Times: user=0.01 sys=0.00, real=0.00 secs] 
133.766: Total time for which application threads were stopped: 0.0004810 seconds, Stopping threads took: 0.0000500 seconds
133.799: Application time: 0.0333870 seconds
133.799: [GC133.799: [ParNew: 14925K->1548K(16640K), 0.0008610 secs] 35776K->22910K(55552K), 0.0008960 secs] [Times: user=0.01 sys=0.00, real=0.00 secs] 
133.800: Total time for which application threads were stopped: 0.0010260 seconds, Stopping threads took: 0.0000680 seconds
133.836: Application time: 0.0355630 seconds
133.836: [GC133.836: [ParNew: 15960K->1548K(16640K), 0.0007100 secs] 37322K->22910K(55552K), 0.0007400 secs] [Times: user=0.00 sys=0.00, real=0.00 secs] 
133.837: Total time for which application threads were stopped: 0.0008650 seconds, Stopping threads took: 0.0000690 seconds
133.871: Application time: 0.0348730 seconds
133.872: [GC133.872: [ParNew: 15956K->1546K(16640K), 0.0010220 secs] 37318K->23420K(55552K), 0.0010600 secs] [Times: user=0.01 sys=0.00, real=0.00 secs] 
133.873: Total time for which application threads were stopped: 0.0014140 seconds, Stopping threads took: 0.0002940 seconds
133.908: Application time: 0.0356070 seconds
133.909: [GC133.909: [ParNew: 15958K->1546K(16640K), 0.0006690 secs] 37832K->23420K(55552K), 0.0007020 secs] [Times: user=0.00 sys=0.00, real=0.00 secs] 
133.909: Total time for which application threads were stopped: 0.0008450 seconds, Stopping threads took: 0.0000840 seconds
133.946: Application time: 0.0370150 seconds
133.946: [GC133.946: [ParNew: 15958K->1032K(16640K), 0.0005570 secs] 37832K->22906K(55552K), 0.0005880 secs] [Times: user=0.01 sys=0.00, real=0.00 secs] 
133.947: Total time for which application threads were stopped: 0.0007130 seconds, Stopping threads took: 0.0000720 seconds
133.980: Application time: 0.0330620 seconds
133.980: [GC133.980: [ParNew: 15438K->1552K(16640K), 0.0008460 secs] 37312K->23938K(55552K), 0.0008880 secs] [Times: user=0.00 sys=0.00, real=0.01 secs] 
133.981: Total time for which application threads were stopped: 0.0010130 seconds, Stopping threads took: 0.0000650 seconds
134.017: Application time: 0.0361890 seconds
134.017: [GC134.017: [ParNew: 16044K->1576K(16640K), 0.0006480 secs] 38430K->23962K(55552K), 0.0006780 secs] [Times: user=0.01 sys=0.00, real=0.00 secs] 
134.018: Total time for which application threads were stopped: 0.0008060 seconds, Stopping threads took: 0.0000720 seconds
134.053: Application time: 0.0352120 seconds
134.054: [GC134.054: [ParNew: 15986K->1548K(16640K), 0.0007120 secs] 38372K->23962K(55552K), 0.0007430 secs] [Times: user=0.00 sys=0.00, real=0.00 secs] 
134.054: Total time for which application threads were stopped: 0.0009520 seconds, Stopping threads took: 0.0001430 seconds
134.089: Application time: 0.0349110 seconds
134.089: [GC134.089: [ParNew: 16112K->1606K(16640K), 0.0008990 secs] 38527K->24532K(55552K), 0.0009330 secs] [Times: user=0.01 sys=0.00, real=0.00 secs] 
134.090: Total time for which application threads were stopped: 0.0010630 seconds, Stopping threads took: 0.0000680 seconds
134.126: Application time: 0.0352570 seconds
134.126: [GC134.126: [ParNew: 16098K->1574K(16640K), 0.0007760 secs] 39025K->24557K(55552K), 0.0008090 secs] [Times: user=0.01 sys=0.00, real=0.00 secs] 
134.126: Total time for which application threads were stopped: 0.0009290 seconds, Stopping threads took: 0.0000600 seconds
134.161: Application time: 0.0340750 seconds
134.161: [GC134.161: [ParNew: 15982K->1544K(16640K), 0.0009200 secs] 38965K->25068K(55552K), 0.0009560 secs] [Times: user=0.01 sys=0.00, real=0.00 secs] 
134.162: Total time for which application threads were stopped: 0.0010790 seconds, Stopping threads took: 0.0000610 seconds
134.197: Application time: 0.0358570 seconds
134.198: [GC134.198: [ParNew: 15956K->1546K(16640K), 0.0006260 secs] 39480K->25070K(55552K), 0.0006580 secs] [Times: user=0.00 sys=0.00, real=0.00 secs] 
134.198: Total time for which application threads were stopped: 0.0007770 seconds, Stopping threads took: 0.0000610 seconds
134.234: Application time: 0.0354410 seconds
134.234: [GC134.234: [ParNew: 16034K->1576K(16640K), 0.0009010 secs] 39558K->25612K(55552K), 0.0009330 secs] [Times: user=0.01 sys=0.00, real=0.00 secs] 
134.235: Total time for which application threads were stopped: 0.0010750 seconds, Stopping threads took: 0.0000820 seconds
134.269: Application time: 0.0342400 seconds
134.269: [GC134.269: [ParNew: 16066K->1578K(16640K), 0.0008220 secs] 40102K->26155K(55552K), 0.0008550 secs] [Times: user=0.01 sys=0.00, real=0.00 secs] 
134.270: Total time for which application threads were stopped: 0.0010980 seconds, Stopping threads took: 0.0001820 seconds
134.306: Application time: 0.0362030 seconds
134.306: [GC134.306: [ParNew: 16146K->1606K(16640K), 0.0008180 secs] 40723K->26723K(55552K), 0.0008550 secs] [Times: user=0.01 sys=0.00, real=0.00 secs] 
134.307: Total time for which application threads were stopped: 0.0009740 seconds, Stopping threads took: 0.0000580 seconds
134.344: Application time: 0.0367160 seconds
134.344: [GC134.344: [ParNew: 16022K->524K(16640K), 0.0004490 secs] 41139K->25698K(55552K), 0.0004780 secs] [Times: user=0.01 sys=0.00, real=0.00 secs] 
134.345: Total time for which application threads were stopped: 0.0005970 seconds, Stopping threads took: 0.0000660 seconds
134.378: Application time: 0.0334150 seconds
134.378: [GC134.378: [ParNew: 14927K->1548K(16640K), 0.0008510 secs] 40102K->27234K(55552K), 0.0008870 secs] [Times: user=0.00 sys=0.00, real=0.00 secs] 
134.379: Total time for which application threads were stopped: 0.0010070 seconds, Stopping threads took: 0.0000570 seconds
134.416: Application time: 0.0370660 seconds
134.416: [GC134.416: [ParNew: 15964K->522K(16640K), 0.0003530 secs] 41650K->26208K(55552K), 0.0003820 secs] [Times: user=0.00 sys=0.00, real=0.00 secs] 
134.417: Total time for which application threads were stopped: 0.0004970 seconds, Stopping threads took: 0.0000540 seconds
134.450: Application time: 0.0334660 seconds
134.450: [GC134.450: [ParNew: 14923K->1550K(16640K), 0.0010680 secs] 40610K->28260K(55552K), 0.0011030 secs] [Times: user=0.00 sys=0.00, real=0.00 secs] 
134.451: Total time for which application threads were stopped: 0.0012380 seconds, Stopping threads took: 0.0000750 seconds
134.487: Application time: 0.0360370 seconds
134.487: [GC134.487: [ParNew: 15962K->1546K(16640K), 0.0008340 secs] 42672K->28768K(55552K), 0.0008670 secs] [Times: user=0.00 sys=0.00, real=0.00 secs] 
134.488: Total time for which application threads were stopped: 0.0009820 seconds, Stopping threads took: 0.0000530 seconds
134.524: Application time: 0.0353810 seconds
134.524: [GC134.524: [ParNew: 15954K->1550K(16640K), 0.0010840 secs] 43176K->29796K(55552K), 0.0011190 secs] [Times: user=0.00 sys=0.00, real=0.00 secs] 
134.525: Total time for which application threads were stopped: 0.0012480 seconds, Stopping threads took: 0.0000680 seconds
134.560: Application time: 0.0353780 seconds
134.560: [GC134.560: [ParNew: 15964K->1548K(16640K), 0.0006810 secs] 44210K->29794K(55552K), 0.0007130 secs] [Times: user=0.00 sys=0.00, real=0.01 secs] 
134.561: Total time for which application threads were stopped: 0.0008530 seconds, Stopping threads took: 0.0000710 seconds
134.596: Application time: 0.0352630 seconds
134.597: [GC134.597: [ParNew: 15960K->1034K(16640K), 0.0005200 secs] 44206K->29280K(55552K), 0.0005520 secs] [Times: user=0.00 sys=0.00, real=0.00 secs] 
134.597: Total time for which application threads were stopped: 0.0007110 seconds, Stopping threads took: 0.0001050 seconds
134.631: Application time: 0.0335760 seconds
134.631: [GC134.631: [ParNew: 15437K->1550K(16640K), 0.0010610 secs] 43684K->30820K(55552K), 0.0010950 secs] [Times: user=0.01 sys=0.00, real=0.00 secs] 
134.632: Total time for which application threads were stopped: 0.0012310 seconds, Stopping threads took: 0.0000740 seconds
134.670: Application time: 0.0375360 seconds
134.670: [GC134.670: [ParNew: 16046K->1064K(16640K), 0.0005310 secs] 45317K->30334K(55552K), 0.0005610 secs] [Times: user=0.01 sys=0.00, real=0.00 secs] 
134.670: Total time for which application threads were stopped: 0.0007400 seconds, Stopping threads took: 0.0001260 seconds
134.705: Application time: 0.0344240 seconds
134.705: [GC134.705: [ParNew: 15470K->1546K(16640K), 0.0008790 secs] 44740K->31357K(55552K), 0.0009100 secs] [Times: user=0.01 sys=0.00, real=0.00 secs] 
134.706: Total time for which application threads were stopped: 0.0010880 seconds, Stopping threads took: 0.0001170 seconds
134.740: Application time: 0.0344560 seconds
134.740: [GC134.740: [ParNew: 16116K->1608K(16640K), 0.0006600 secs] 45927K->31419K(55552K), 0.0006930 secs] [Times: user=0.01 sys=0.00, real=0.01 secs] 
134.741: Total time for which application threads were stopped: 0.0008110 seconds, Stopping threads took: 0.0000620 seconds
134.774: Application time: 0.0332440 seconds
134.774: [GC134.774: [ParNew: 16012K->1552K(16640K), 0.0012280 secs] 45823K->32956K(55552K), 0.0012650 secs] [Times: user=0.01 sys=0.00, real=0.00 secs] 
134.776: Total time for which application threads were stopped: 0.0013960 seconds, Stopping threads took: 0.0000670 seconds
134.813: Application time: 0.0376070 seconds
134.813: [GC134.813: [ParNew: 16048K->1066K(16640K), 0.0004770 secs] 47452K->32470K(55552K), 0.0005070 secs] [Times: user=0.00 sys=0.00, real=0.00 secs] 
134.814: Total time for which application threads were stopped: 0.0006660 seconds, Stopping threads took: 0.0001110 seconds
134.847: Application time: 0.0335290 seconds
134.848: [GC134.848: [ParNew: 15470K->1548K(16640K), 0.0010730 secs] 46874K->34004K(55552K), 0.0011080 secs] [Times: user=0.01 sys=0.00, real=0.01 secs] 
134.849: Total time for which application threads were stopped: 0.0012380 seconds, Stopping threads took: 0.0000690 seconds
134.885: Application time: 0.0365630 seconds
134.885: [GC134.885: [ParNew: 16042K->1576K(16640K), 0.0007620 secs] 48499K->34032K(55552K), 0.0008020 secs] [Times: user=0.01 sys=0.00, real=0.00 secs] 
134.886: Total time for which application threads were stopped: 0.0009240 seconds, Stopping threads took: 0.0000660 seconds
134.921: Application time: 0.0345820 seconds
134.921: [GC134.921: [ParNew: 16062K->1576K(16640K), 0.0009530 secs] 48519K->34573K(55552K), 0.0009830 secs] [Times: user=0.00 sys=0.00, real=0.00 secs] 
134.922: Total time for which application threads were stopped: 0.0011090 seconds, Stopping threads took: 0.0000680 seconds
134.958: Application time: 0.0360800 seconds
134.958: [GC134.958: [ParNew: 16070K->1064K(16640K), 0.0006300 secs] 49067K->34089K(55552K), 0.0006600 secs] [Times: user=0.00 sys=0.00, real=0.00 secs] 
134.959: Total time for which application threads were stopped: 0.0007730 seconds, Stopping threads took: 0.0000550 seconds
134.991: Application time: 0.0326740 seconds
134.992: [GC134.992: [ParNew: 15550K->1576K(16640K), 0.0008920 secs] 48576K->35142K(55552K), 0.0009260 secs] [Times: user=0.01 sys=0.00, real=0.00 secs] 
134.993: Total time for which application threads were stopped: 0.0010460 seconds, Stopping threads took: 0.0000590 seconds
135.029: Application time: 0.0367130 seconds
135.029: [GC135.029: [ParNew: 15990K->1032K(16640K), 0.0004830 secs] 49556K->34626K(55552K), 0.0005130 secs] [Times: user=0.01 sys=0.00, real=0.00 secs] 
135.030: Total time for which application threads were stopped: 0.0006390 seconds, Stopping threads took: 0.0000710 seconds
135.062: Application time: 0.0322260 seconds
135.062: [GC135.062: [ParNew: 15435K->1548K(16640K), 0.0010330 secs] 49030K->36166K(55552K), 0.0010670 secs] [Times: user=0.01 sys=0.00, real=0.00 secs] 
135.063: Total time for which application threads were stopped: 0.0011960 seconds, Stopping threads took: 0.0000580 seconds
135.100: Application time: 0.0365650 seconds
135.100: [GC135.100: [ParNew: 15964K->1030K(16640K), 0.0005450 secs] 50583K->35648K(55552K), 0.0005770 secs] [Times: user=0.00 sys=0.00, real=0.01 secs] 
135.101: Total time for which application threads were stopped: 0.0007870 seconds, Stopping threads took: 0.0001550 seconds
135.134: Application time: 0.0335650 seconds
135.134: [GC135.134: [ParNew: 15435K->1548K(16640K), 0.0008710 secs] 50054K->36678K(55552K), 0.0009050 secs] [Times: user=0.00 sys=0.00, real=0.00 secs] 
135.135: Total time for which application threads were stopped: 0.0010490 seconds, Stopping threads took: 0.0000830 seconds
135.171: Application time: 0.0353150 seconds
135.171: [GC135.171: [ParNew: 15960K->1544K(16640K), 0.0007010 secs] 51091K->36674K(55552K), 0.0007340 secs] [Times: user=0.01 sys=0.00, real=0.00 secs] 
135.171: Total time for which application threads were stopped: 0.0008840 seconds, Stopping threads took: 0.0000920 seconds
135.206: Application time: 0.0347030 seconds
135.206: [GC135.206: [ParNew: 15952K->1546K(16640K), 0.0007980 secs] 51082K->37188K(55552K), 0.0008320 secs] [Times: user=0.00 sys=0.00, real=0.00 secs] 
135.207: Total time for which application threads were stopped: 0.0009570 seconds, Stopping threads took: 0.0000640 seconds
135.242: Application time: 0.0353660 seconds
135.243: [GC135.243: [ParNew: 15958K->1546K(16640K), 0.0006660 secs] 51601K->37188K(55552K), 0.0006970 secs] [Times: user=0.00 sys=0.00, real=0.00 secs] 
135.243: Total time for which application threads were stopped: 0.0008150 seconds, Stopping threads took: 0.0000620 seconds
135.279: Application time: 0.0352370 seconds
135.279: [GC135.279: [ParNew: 15956K->1546K(16640K), 0.0006190 secs] 51598K->37188K(55552K), 0.0006500 secs] [Times: user=0.01 sys=0.00, real=0.00 secs] 
135.279: Total time for which application threads were stopped: 0.0007720 seconds, Stopping threads took: 0.0000650 seconds
135.313: Application time: 0.0341300 seconds
135.314: [GC135.314: [ParNew: 15952K->1548K(16640K), 0.0010240 secs] 51594K->38214K(55552K), 0.0010610 secs] [Times: user=0.01 sys=0.00, real=0.00 secs] 
135.315: Total time for which application threads were stopped: 0.0011950 seconds, Stopping threads took: 0.0000690 seconds
135.315: Application time: 0.0000650 seconds
135.315: [GC [1 CMS-initial-mark: 36666K(38912K)] 38726K(55552K), 0.0001000 secs] [Times: user=0.00 sys=0.00, real=0.00 secs] 
135.315: Total time for which application threads were stopped: 0.0003120 seconds, Stopping threads took: 0.0001940 seconds
135.315: [CMS-concurrent-mark-start]
135.317: [CMS-concurrent-mark: 0.002/0.002 secs] [Times: user=0.01 sys=0.00, real=0.00 secs] 
135.317: [CMS-concurrent-preclean-start]
135.318: [CMS-concurrent-preclean: 0.000/0.000 secs] [Times: user=0.00 sys=0.00, real=0.00 secs] 
135.318: Application time: 0.0025190 seconds
135.318: [GC[YG occupancy: 2150 K (16640 K)]135.318: [Rescan (parallel) , 0.0001760 secs]135.318: [weak refs processing, 0.0000050 secs]135.318: [scrub string table, 0.0000910 secs] [1 CMS-remark: 36666K(38912K)] 38817K(55552K), 0.0002970 secs] [Times: user=0.00 sys=0.00, real=0.00 secs] 
135.318: Total time for which application threads were stopped: 0.0004130 seconds, Stopping threads took: 0.0000930 seconds
135.318: [CMS-concurrent-sweep-start]
135.319: [CMS-concurrent-sweep: 0.001/0.001 secs] [Times: user=0.01 sys=0.00, real=0.00 secs] 
135.319: [CMS-concurrent-reset-start]
135.319: [CMS-concurrent-reset: 0.000/0.000 secs] [Times: user=0.00 sys=0.00, real=0.00 secs] 
135.352: Application time: 0.0339580 seconds
135.352: [GC135.352: [ParNew: 16040K->1580K(16640K), 0.0008170 secs] 22555K->8606K(55552K), 0.0008510 secs] [Times: user=0.01 sys=0.00, real=0.00 secs] 
135.353: Total time for which application threads were stopped: 0.0010010 seconds, Stopping threads took: 0.0000870 seconds
135.389: Application time: 0.0360050 seconds
135.389: [GC135.389: [ParNew: 15992K->1550K(16640K), 0.0007030 secs] 23018K->8605K(55552K), 0.0007350 secs] [Times: user=0.01 sys=0.00, real=0.00 secs] 
135.390: Total time for which application threads were stopped: 0.0008620 seconds, Stopping threads took: 0.0000700 seconds
135.424: Application time: 0.0346440 seconds
135.425: [GC135.425: [ParNew: 16118K->1608K(16640K), 0.0006510 secs] 23173K->8663K(55552K), 0.0006830 secs] [Times: user=0.01 sys=0.00, real=0.00 secs] 
135.425: Total time for which application threads were stopped: 0.0008080 seconds, Stopping threads took: 0.0000600 seconds
135.460: Application time: 0.0344780 seconds
135.460: [GC135.460: [ParNew: 16016K->1546K(16640K), 0.0006930 secs] 23071K->8658K(55552K), 0.0007260 secs] [Times: user=0.01 sys=0.00, real=0.01 secs] 
135.461: Total time for which application threads were stopped: 0.0009110 seconds, Stopping threads took: 0.0001250 seconds
135.501: Application time: 0.0399580 seconds
135.501: [GC135.501: [ParNew: 16058K->1546K(16640K), 0.0007110 secs] 23170K->8658K(55552K), 0.0007460 secs] [Times: user=0.01 sys=0.00, real=0.00 secs] 
135.501: Total time for which application threads were stopped: 0.0008700 seconds, Stopping threads took: 0.0000660 seconds
135.547: Application time: 0.0456070 seconds
135.547: [GC135.547: [ParNew: 15960K->1030K(16640K), 0.0005720 secs] 23072K->8142K(55552K), 0.0006040 secs] [Times: user=0.00 sys=0.00, real=0.00 secs] 
135.548: Total time for which application threads were stopped: 0.0007920 seconds, Stopping threads took: 0.0001310 seconds
135.598: Application time: 0.0501250 seconds
135.598: [GC135.598: [ParNew: 15548K->520K(16640K), 0.0003770 secs] 22660K->7632K(55552K), 0.0004080 secs] [Times: user=0.01 sys=0.00, real=0.00 secs] 
135.599: Total time for which application threads were stopped: 0.0005210 seconds, Stopping threads took: 0.0000470 seconds
135.667: Application time: 0.0681650 seconds
135.667: [GC135.667: [ParNew: 14984K->524K(16640K), 0.0004630 secs] 22096K->7636K(55552K), 0.0004950 secs] [Times: user=0.01 sys=0.00, real=0.00 secs] 
135.667: Total time for which application threads were stopped: 0.0005820 seconds, Stopping threads took: 0.0000380 seconds
135.735: Application time: 0.0675010 seconds
135.735: [GC135.735: [ParNew: 14936K->522K(16640K), 0.0004140 secs] 22048K->7634K(55552K), 0.0004450 secs] [Times: user=0.00 sys=0.00, real=0.00 secs] 
135.735: Total time for which application threads were stopped: 0.0005470 seconds, Stopping threads took: 0.0000380 seconds
135.802: Application time: 0.0665540 seconds
135.802: [GC135.802: [ParNew: 14934K->524K(16640K), 0.0004920 secs] 22046K->7636K(55552K), 0.0005200 secs] [Times: user=0.00 sys=0.00, real=0.00 secs] 
135.802: Total time for which application threads were stopped: 0.0006070 seconds, Stopping threads took: 0.0000330 seconds
135.883: Application time: 0.0807020 seconds
135.883: [GC135.883: [ParNew: 14986K->14K(16640K), 0.0005260 secs] 22098K->7126K(55552K), 0.0005540 secs] [Times: user=0.00 sys=0.00, real=0.00 secs] 
135.884: Total time for which application threads were stopped: 0.0006330 seconds, Stopping threads took: 0.0000300 seconds
135.983: Application time: 0.0987400 seconds
135.983: Total time for which application threads were stopped: 0.0000390 seconds, Stopping threads took: 0.0000100 seconds
135.988: Application time: 0.0058610 seconds
135.989: [GC135.989: [ParNew: 14725K->1790K(16640K), 0.0013300 secs] 21838K->11990K(55552K), 0.0013630 secs] [Times: user=0.01 sys=0.00, real=0.00 secs] 
135.990: Total time for which application threads were stopped: 0.0015200 seconds, Stopping threads took: 0.0001030 seconds
136.022: Application time: 0.0317870 seconds
136.022: [GC136.022: [ParNew: 16531K->1555K(16640K), 0.0015290 secs] 26731K->14570K(55552K), 0.0015710 secs] [Times: user=0.01 sys=0.00, real=0.00 secs] 
136.023: Total time for which application threads were stopped: 0.0016900 seconds, Stopping threads took: 0.0000520 seconds
136.064: Application time: 0.0400570 seconds
136.064: [GC136.064: [ParNew: 16157K->522K(16640K), 0.0003830 secs] 29172K->13537K(55552K), 0.0004140 secs] [Times: user=0.01 sys=0.00, real=0.00 secs] 
136.064: Total time for which application threads were stopped: 0.0005280 seconds, Stopping threads took: 0.0000610 seconds
136.097: Application time: 0.0328750 seconds
136.097: [GC136.097: [ParNew: 15033K->1548K(16640K), 0.0008120 secs] 28048K->15075K(55552K), 0.0008470 secs] [Times: user=0.00 sys=0.00, real=0.00 secs] 
136.098: Total time for which application threads were stopped: 0.0009870 seconds, Stopping threads took: 0.0000810 seconds
136.135: Application time: 0.0368460 seconds
136.135: [GC136.135: [ParNew: 15999K->524K(16640K), 0.0003620 secs] 29526K->14051K(55552K), 0.0003930 secs] [Times: user=0.00 sys=0.00, real=0.00 secs] 
136.135: Total time for which application threads were stopped: 0.0006160 seconds, Stopping threads took: 0.0001620 seconds
136.170: Application time: 0.0346530 seconds
136.170: [GC136.170: [ParNew: 14954K->1544K(16640K), 0.0006740 secs] 28482K->15071K(55552K), 0.0007070 secs] [Times: user=0.00 sys=0.00, real=0.00 secs] 
136.171: Total time for which application threads were stopped: 0.0008370 seconds, Stopping threads took: 0.0000710 seconds
136.205: Application time: 0.0344280 seconds
136.205: [GC136.205: [ParNew: 15980K->1550K(16640K), 0.0012350 secs] 29507K->16101K(55552K), 0.0012690 secs] [Times: user=0.00 sys=0.00, real=0.00 secs] 
136.207: Total time for which application threads were stopped: 0.0013890 seconds, Stopping threads took: 0.0000580 seconds
136.244: Application time: 0.0370380 seconds
136.244: [GC136.244: [ParNew: 15977K->1542K(16640K), 0.0006850 secs] 30529K->16093K(55552K), 0.0007170 secs] [Times: user=0.00 sys=0.01, real=0.00 secs] 
136.245: Total time for which application threads were stopped: 0.0008590 seconds, Stopping threads took: 0.0000840 seconds
136.278: Application time: 0.0334080 seconds
136.278: [GC136.278: [ParNew: 15950K->1548K(16640K), 0.0010390 secs] 30502K->17123K(55552K), 0.0010770 secs] [Times: user=0.00 sys=0.00, real=0.00 secs] 
136.279: Total time for which application threads were stopped: 0.0011980 seconds, Stopping threads took: 0.0000580 seconds
136.319: Application time: 0.0397150 seconds
136.319: [GC136.319: [ParNew: 15962K->1546K(16640K), 0.0007740 secs] 31537K->17121K(55552K), 0.0008070 secs] [Times: user=0.01 sys=0.00, real=0.00 secs] 
136.320: Total time for which application threads were stopped: 0.0009350 seconds, Stopping threads took: 0.0000650 seconds
136.360: Application time: 0.0406000 seconds
136.361: [GC136.361: [ParNew: 15956K->1546K(16640K), 0.0008520 secs] 31531K->17121K(55552K), 0.0008960 secs] [Times: user=0.00 sys=0.00, real=0.00 secs] 
136.362: Total time for which application threads were stopped: 0.0010620 seconds, Stopping threads took: 0.0000980 seconds
136.405: Application time: 0.0430360 seconds
136.405: [GC136.405: [ParNew: 15968K->6K(16640K), 0.0003620 secs] 31544K->15581K(55552K), 0.0003980 secs] [Times: user=0.01 sys=0.00, real=0.00 secs] 
136.405: Total time for which application threads were stopped: 0.0005040 seconds, Stopping threads took: 0.0000440 seconds
136.443: Application time: 0.0379870 seconds
136.445: [GC136.445: [ParNew: 14412K->1032K(16640K), 0.0007230 secs] 29987K->16607K(55552K), 0.0007600 secs] [Times: user=0.01 sys=0.00, real=0.00 secs] 
136.445: Total time for which application threads were stopped: 0.0023800 seconds, Stopping threads took: 0.0015530 seconds
136.481: Application time: 0.0353270 seconds
136.481: [GC136.481: [ParNew: 15433K->1548K(16640K), 0.0011450 secs] 31009K->18659K(55552K), 0.0011840 secs] [Times: user=0.01 sys=0.00, real=0.00 secs] 
136.482: Total time for which application threads were stopped: 0.0013060 seconds, Stopping threads took: 0.0000570 seconds
136.520: Application time: 0.0380180 seconds
136.520: [GC136.520: [ParNew: 15966K->1032K(16640K), 0.0005390 secs] 33078K->18143K(55552K), 0.0005730 secs] [Times: user=0.01 sys=0.00, real=0.01 secs] 
136.521: Total time for which application threads were stopped: 0.0006830 seconds, Stopping threads took: 0.0000550 seconds
136.554: Application time: 0.0334660 seconds
136.554: [GC136.554: [ParNew: 15438K->1546K(16640K), 0.0008830 secs] 32549K->19169K(55552K), 0.0009180 secs] [Times: user=0.00 sys=0.00, real=0.00 secs] 
136.555: Total time for which application threads were stopped: 0.0010370 seconds, Stopping threads took: 0.0000560 seconds
136.592: Application time: 0.0364520 seconds
136.592: [GC136.592: [ParNew: 15958K->1544K(16640K), 0.0006560 secs] 33581K->19167K(55552K), 0.0006990 secs] [Times: user=0.00 sys=0.00, real=0.00 secs] 
136.593: Total time for which application threads were stopped: 0.0008290 seconds, Stopping threads took: 0.0000710 seconds
136.628: Application time: 0.0351670 seconds
136.628: [GC136.628: [ParNew: 15952K->1548K(16640K), 0.0010410 secs] 33575K->19683K(55552K), 0.0010750 secs] [Times: user=0.01 sys=0.00, real=0.01 secs] 
136.629: Total time for which application threads were stopped: 0.0012030 seconds, Stopping threads took: 0.0000690 seconds
136.666: Application time: 0.0372540 seconds
136.666: [GC136.666: [ParNew: 16279K->1152K(16640K), 0.0005360 secs] 34414K->19287K(55552K), 0.0005690 secs] [Times: user=0.01 sys=0.00, real=0.00 secs] 
136.667: Total time for which application threads were stopped: 0.0006870 seconds, Stopping threads took: 0.0000610 seconds
136.700: Application time: 0.0334620 seconds
136.700: [GC136.700: [ParNew: 15788K->1636K(16640K), 0.0012720 secs] 33924K->21422K(55552K), 0.0013130 secs] [Times: user=0.01 sys=0.01, real=0.01 secs] 
136.702: Total time for which application threads were stopped: 0.0014460 seconds, Stopping threads took: 0.0000690 seconds
136.741: Application time: 0.0389220 seconds
136.741: [GC136.741: [ParNew: 16134K->1576K(16640K), 0.0007760 secs] 35921K->21448K(55552K), 0.0008080 secs] [Times: user=0.01 sys=0.00, real=0.00 secs] 
136.742: Total time for which application threads were stopped: 0.0009280 seconds, Stopping threads took: 0.0000630 seconds
136.774: Application time: 0.0327230 seconds
136.775: [GC136.775: [ParNew: 15982K->1548K(16640K), 0.0010060 secs] 35854K->22473K(55552K), 0.0010450 secs] [Times: user=0.00 sys=0.00, real=0.00 secs] 
136.776: Total time for which application threads were stopped: 0.0011920 seconds, Stopping threads took: 0.0000830 seconds
136.813: Application time: 0.0374000 seconds
136.813: [GC136.813: [ParNew: 15964K->1034K(16640K), 0.0005810 secs] 36889K->21959K(55552K), 0.0006130 secs] [Times: user=0.01 sys=0.00, real=0.00 secs] 
136.814: Total time for which application threads were stopped: 0.0007360 seconds, Stopping threads took: 0.0000580 seconds
136.847: Application time: 0.0336530 seconds
136.847: [GC136.847: [ParNew: 15440K->1546K(16640K), 0.0008620 secs] 36365K->22983K(55552K), 0.0008970 secs] [Times: user=0.00 sys=0.00, real=0.00 secs] 
136.848: Total time for which application threads were stopped: 0.0010170 seconds, Stopping threads took: 0.0000590 seconds
136.884: Application time: 0.0358840 seconds
136.884: [GC136.884: [ParNew: 15962K->522K(16640K), 0.0003580 secs] 37399K->21959K(55552K), 0.0003880 secs] [Times: user=0.00 sys=0.00, real=0.00 secs] 
136.885: Total time for which application threads were stopped: 0.0005020 seconds, Stopping threads took: 0.0000610 seconds
136.919: Application time: 0.0345270 seconds
136.919: [GC136.919: [ParNew: 14923K->1546K(16640K), 0.0010840 secs] 36361K->24007K(55552K), 0.0011310 secs] [Times: user=0.00 sys=0.00, real=0.01 secs] 
136.921: Total time for which application threads were stopped: 0.0012770 seconds, Stopping threads took: 0.0000860 seconds
136.957: Application time: 0.0367660 seconds
136.957: [GC136.957: [ParNew: 15960K->1546K(16640K), 0.0006840 secs] 38421K->24007K(55552K), 0.0007150 secs] [Times: user=0.00 sys=0.00, real=0.00 secs] 
136.958: Total time for which application threads were stopped: 0.0008520 seconds, Stopping threads took: 0.0000790 seconds
136.990: Application time: 0.0322020 seconds
136.991: [GC136.991: [ParNew: 15948K->1550K(16640K), 0.0013580 secs] 38409K->26059K(55552K), 0.0013960 secs] [Times: user=0.01 sys=0.00, real=0.00 secs] 
136.992: Total time for which application threads were stopped: 0.0015400 seconds, Stopping threads took: 0.0000790 seconds
137.030: Application time: 0.0379230 seconds
137.030: [GC137.030: [ParNew: 15968K->1544K(16640K), 0.0006710 secs] 40477K->26053K(55552K), 0.0007020 secs] [Times: user=0.00 sys=0.00, real=0.00 secs] 
137.031: Total time for which application threads were stopped: 0.0008170 seconds, Stopping threads took: 0.0000580 seconds
137.065: Application time: 0.0338140 seconds
137.065: [GC137.065: [ParNew: 15948K->1550K(16640K), 0.0012410 secs] 40457K->27595K(55552K), 0.0012810 secs] [Times: user=0.01 sys=0.00, real=0.00 secs] 
137.066: Total time for which application threads were stopped: 0.0014320 seconds, Stopping threads took: 0.0000850 seconds
137.104: Application time: 0.0384260 seconds
137.104: [GC137.104: [ParNew: 15968K->1034K(16640K), 0.0004740 secs] 42013K->27079K(55552K), 0.0005070 secs] [Times: user=0.01 sys=0.00, real=0.00 secs] 
137.105: Total time for which application threads were stopped: 0.0006230 seconds, Stopping threads took: 0.0000580 seconds
137.138: Application time: 0.0327170 seconds
137.138: [GC137.138: [ParNew: 15437K->1548K(16640K), 0.0010880 secs] 41483K->28617K(55552K), 0.0011220 secs] [Times: user=0.00 sys=0.00, real=0.00 secs] 
137.139: Total time for which application threads were stopped: 0.0012510 seconds, Stopping threads took: 0.0000660 seconds
137.176: Application time: 0.0374880 seconds
137.177: [GC137.177: [ParNew: 15964K->1036K(16640K), 0.0005470 secs] 43033K->28105K(55552K), 0.0005770 secs] [Times: user=0.01 sys=0.00, real=0.00 secs] 
137.177: Total time for which application threads were stopped: 0.0007040 seconds, Stopping threads took: 0.0000600 seconds
137.211: Application time: 0.0339800 seconds
137.211: [GC137.211: [ParNew: 15442K->1544K(16640K), 0.0008990 secs] 42511K->29125K(55552K), 0.0009300 secs] [Times: user=0.00 sys=0.00, real=0.00 secs] 
137.212: Total time for which application threads were stopped: 0.0010710 seconds, Stopping threads took: 0.0000810 seconds
137.248: Application time: 0.0362260 seconds
137.249: [GC137.249: [ParNew: 15956K->1034K(16640K), 0.0005580 secs] 43537K->28615K(55552K), 0.0005890 secs] [Times: user=0.01 sys=0.00, real=0.00 secs] 
137.249: Total time for which application threads were stopped: 0.0007190 seconds, Stopping threads took: 0.0000730 seconds
137.284: Application time: 0.0348980 seconds
137.284: [GC137.284: [ParNew: 15524K->1066K(16640K), 0.0005160 secs] 43105K->28647K(55552K), 0.0005530 secs] [Times: user=0.00 sys=0.00, real=0.00 secs] 
137.285: Total time for which application threads were stopped: 0.0007640 seconds, Stopping threads took: 0.0001560 seconds
137.320: Application time: 0.0355430 seconds
137.321: [GC137.321: [ParNew: 15472K->1546K(16640K), 0.0006180 secs] 43053K->29156K(55552K), 0.0006550 secs] [Times: user=0.00 sys=0.00, real=0.01 secs] 
137.321: Total time for which application threads were stopped: 0.0008300 seconds, Stopping threads took: 0.0001190 seconds
137.358: Application time: 0.0364470 seconds
137.358: [GC137.358: [ParNew: 16277K->1152K(16640K), 0.0005190 secs] 43887K->28762K(55552K), 0.0005510 secs] [Times: user=0.01 sys=0.00, real=0.00 secs] 
137.358: Total time for which application threads were stopped: 0.0006770 seconds, Stopping threads took: 0.0000690 seconds
137.391: Application time: 0.0326420 seconds
137.391: [GC137.391: [ParNew: 15790K->1636K(16640K), 0.0010640 secs] 43400K->30384K(55552K), 0.0011030 secs] [Times: user=0.01 sys=0.00, real=0.00 secs] 
137.392: Total time for which application threads were stopped: 0.0012390 seconds, Stopping threads took: 0.0000730 seconds
137.430: Application time: 0.0379770 seconds
137.430: [GC137.430: [ParNew: 16050K->1548K(16640K), 0.0006960 secs] 44798K->30381K(55552K), 0.0007270 secs] [Times: user=0.00 sys=0.00, real=0.00 secs] 
137.431: Total time for which application threads were stopped: 0.0008470 seconds, Stopping threads took: 0.0000620 seconds
137.464: Application time: 0.0332220 seconds
137.464: [GC137.464: [ParNew: 15956K->1548K(16640K), 0.0008320 secs] 44789K->30893K(55552K), 0.0008670 secs] [Times: user=0.01 sys=0.00, real=0.00 secs] 
137.465: Total time for which application threads were stopped: 0.0009920 seconds, Stopping threads took: 0.0000610 seconds
137.503: Application time: 0.0373640 seconds
137.503: [GC137.503: [ParNew: 15962K->1034K(16640K), 0.0005030 secs] 45307K->30379K(55552K), 0.0005330 secs] [Times: user=0.00 sys=0.00, real=0.00 secs] 
137.503: Total time for which application threads were stopped: 0.0006450 seconds, Stopping threads took: 0.0000580 seconds
137.537: Application time: 0.0336830 seconds
137.541: [GC137.541: [ParNew: 15437K->1548K(16640K), 0.0012800 secs] 44783K->31917K(55552K), 0.0013190 secs] [Times: user=0.01 sys=0.00, real=0.00 secs] 
137.542: Total time for which application threads were stopped: 0.0050240 seconds, Stopping threads took: 0.0036430 seconds
137.579: Application time: 0.0371300 seconds
137.579: [GC137.579: [ParNew: 15964K->1030K(16640K), 0.0005780 secs] 46334K->31399K(55552K), 0.0006090 secs] [Times: user=0.01 sys=0.00, real=0.00 secs] 
137.580: Total time for which application threads were stopped: 0.0007410 seconds, Stopping threads took: 0.0000750 seconds
137.613: Application time: 0.0333800 seconds
137.613: [GC137.613: [ParNew: 15435K->1546K(16640K), 0.0008500 secs] 45805K->32427K(55552K), 0.0008870 secs] [Times: user=0.01 sys=0.00, real=0.00 secs] 
137.614: Total time for which application threads were stopped: 0.0010050 seconds, Stopping threads took: 0.0000560 seconds
137.650: Application time: 0.0355700 seconds
137.650: [GC137.650: [ParNew: 15956K->1546K(16640K), 0.0008100 secs] 46837K->32939K(55552K), 0.0008460 secs] [Times: user=0.01 sys=0.00, real=0.00 secs] 
137.651: Total time for which application threads were stopped: 0.0009760 seconds, Stopping threads took: 0.0000680 seconds
137.685: Application time: 0.0343800 seconds
137.685: [GC137.685: [ParNew: 15956K->1548K(16640K), 0.0008450 secs] 47349K->33453K(55552K), 0.0008810 secs] [Times: user=0.01 sys=0.00, real=0.00 secs] 
137.686: Total time for which application threads were stopped: 0.0010160 seconds, Stopping threads took: 0.0000640 seconds
137.722: Application time: 0.0354960 seconds
137.722: [GC137.722: [ParNew: 15956K->1548K(16640K), 0.0010370 secs] 47861K->34477K(55552K), 0.0010750 secs] [Times: user=0.01 sys=0.00, real=0.00 secs] 
137.723: Total time for which application threads were stopped: 0.0012430 seconds, Stopping threads took: 0.0001100 seconds
137.759: Application time: 0.0363070 seconds
137.759: [GC137.759: [ParNew: 15964K->1032K(16640K), 0.0006320 secs] 48894K->33961K(55552K), 0.0006710 secs] [Times: user=0.00 sys=0.00, real=0.00 secs] 
137.760: Total time for which application threads were stopped: 0.0007870 seconds, Stopping threads took: 0.0000610 seconds
137.793: Application time: 0.0329950 seconds
137.793: [GC137.793: [ParNew: 15435K->1546K(16640K), 0.0010780 secs] 48365K->35499K(55552K), 0.0011150 secs] [Times: user=0.00 sys=0.00, real=0.00 secs] 
137.794: Total time for which application threads were stopped: 0.0012370 seconds, Stopping threads took: 0.0000590 seconds
137.831: Application time: 0.0367520 seconds
137.831: [GC137.831: [ParNew: 15960K->1546K(16640K), 0.0006180 secs] 49914K->35499K(55552K), 0.0006510 secs] [Times: user=0.00 sys=0.00, real=0.00 secs] 
137.832: Total time for which application threads were stopped: 0.0007650 seconds, Stopping threads took: 0.0000580 seconds
137.865: Application time: 0.0331410 seconds
137.865: [GC137.865: [ParNew: 15952K->1546K(16640K), 0.0010850 secs] 49905K->36523K(55552K), 0.0011200 secs] [Times: user=0.00 sys=0.00, real=0.00 secs] 
137.866: Total time for which application threads were stopped: 0.0012750 seconds, Stopping threads took: 0.0000920 seconds
137.904: Application time: 0.0375350 seconds
137.904: [GC137.904: [ParNew: 15960K->1546K(16640K), 0.0007610 secs] 50938K->36523K(55552K), 0.0007930 secs] [Times: user=0.00 sys=0.00, real=0.00 secs] 
137.905: Total time for which application threads were stopped: 0.0009180 seconds, Stopping threads took: 0.0000700 seconds
137.941: Application time: 0.0360340 seconds
137.941: [GC137.941: [ParNew: 16032K->1578K(16640K), 0.0008810 secs] 51010K->37067K(55552K), 0.0009190 secs] [Times: user=0.00 sys=0.00, real=0.00 secs] 
137.942: Total time for which application threads were stopped: 0.0010720 seconds, Stopping threads took: 0.0000900 seconds
137.977: Application time: 0.0351290 seconds
137.977: [GC137.977: [ParNew: 15988K->1548K(16640K), 0.0009160 secs] 51478K->37578K(55552K), 0.0009490 secs] [Times: user=0.01 sys=0.00, real=0.00 secs] 
137.978: Total time for which application threads were stopped: 0.0010820 seconds, Stopping threads took: 0.0000740 seconds
137.978: Application time: 0.0000850 seconds
137.981: [GC [1 CMS-initial-mark: 36030K(38912K)] 38090K(55552K), 0.0001000 secs] [Times: user=0.00 sys=0.00, real=0.00 secs] 
137.981: Total time for which application threads were stopped: 0.0026770 seconds, Stopping threads took: 0.0025580 seconds
137.981: [CMS-concurrent-mark-start]
137.984: [CMS-concurrent-mark: 0.003/0.003 secs] [Times: user=0.01 sys=0.00, real=0.00 secs] 
137.984: [CMS-concurrent-preclean-start]
137.984: [CMS-concurrent-preclean: 0.000/0.000 secs] [Times: user=0.00 sys=0.00, real=0.00 secs] 
137.984: Application time: 0.0036340 seconds
137.984: [GC[YG occupancy: 3178 K (16640 K)]137.984: [Rescan (parallel) , 0.0003060 secs]137.985: [weak refs processing, 0.0000060 secs]137.985: [scrub string table, 0.0000950 secs] [1 CMS-remark: 36030K(38912K)] 39209K(55552K), 0.0004350 secs] [Times: user=0.00 sys=0.00, real=0.00 secs] 
137.985: Total time for which application threads were stopped: 0.0005220 seconds, Stopping threads took: 0.0000640 seconds
137.985: [CMS-concurrent-sweep-start]
137.986: [CMS-concurrent-sweep: 0.001/0.001 secs] [Times: user=0.00 sys=0.00, real=0.00 secs] 
137.986: [CMS-concurrent-reset-start]
137.986: [CMS-concurrent-reset: 0.000/0.000 secs] [Times: user=0.00 sys=0.00, real=0.00 secs] 
138.016: Application time: 0.0312330 seconds
138.016: [GC138.016: [ParNew: 16114K->1604K(16640K), 0.0010210 secs] 22155K->8669K(55552K), 0.0010560 secs] [Times: user=0.00 sys=0.00, real=0.00 secs] 
138.017: Total time for which application threads were stopped: 0.0011910 seconds, Stopping threads took: 0.0000710 seconds
138.055: Application time: 0.0380910 seconds
138.056: [GC138.056: [ParNew: 16415K->1692K(16640K), 0.0007080 secs] 23480K->8814K(55552K), 0.0007430 secs] [Times: user=0.01 sys=0.00, real=0.00 secs] 
138.056: Total time for which application threads were stopped: 0.0008750 seconds, Stopping threads took: 0.0000640 seconds
138.092: Application time: 0.0354640 seconds
138.092: [GC138.092: [ParNew: 16104K->1032K(16640K), 0.0005770 secs] 23226K->8296K(55552K), 0.0006080 secs] [Times: user=0.01 sys=0.00, real=0.00 secs] 
138.093: Total time for which application threads were stopped: 0.0007460 seconds, Stopping threads took: 0.0000830 seconds
138.126: Application time: 0.0339790 seconds
138.127: [GC138.127: [ParNew: 15438K->1544K(16640K), 0.0008950 secs] 22702K->9320K(55552K), 0.0009290 secs] [Times: user=0.00 sys=0.00, real=0.00 secs] 
138.128: Total time for which application threads were stopped: 0.0010560 seconds, Stopping threads took: 0.0000690 seconds
138.164: Application time: 0.0369180 seconds
138.165: [GC138.165: [ParNew: 15958K->1032K(16640K), 0.0005390 secs] 23734K->8808K(55552K), 0.0005660 secs] [Times: user=0.00 sys=0.00, real=0.00 secs] 
138.165: Total time for which application threads were stopped: 0.0006940 seconds, Stopping threads took: 0.0000750 seconds
138.199: Application time: 0.0341090 seconds
138.199: [GC138.199: [ParNew: 15438K->1546K(16640K), 0.0006260 secs] 23214K->9322K(55552K), 0.0006560 secs] [Times: user=0.00 sys=0.00, real=0.00 secs] 
138.200: Total time for which application threads were stopped: 0.0008610 seconds, Stopping threads took: 0.0001400 seconds
138.235: Application time: 0.0349530 seconds
138.235: [GC138.235: [ParNew: 15956K->1546K(16640K), 0.0007910 secs] 23732K->9834K(55552K), 0.0008230 secs] [Times: user=0.01 sys=0.00, real=0.00 secs] 
138.236: Total time for which application threads were stopped: 0.0009430 seconds, Stopping threads took: 0.0000600 seconds
138.272: Application time: 0.0362590 seconds
138.272: [GC138.272: [ParNew: 15960K->1034K(16640K), 0.0005650 secs] 24248K->9322K(55552K), 0.0005950 secs] [Times: user=0.00 sys=0.01, real=0.00 secs] 
138.273: Total time for which application threads were stopped: 0.0007230 seconds, Stopping threads took: 0.0000780 seconds
138.306: Application time: 0.0332500 seconds
138.306: [GC138.306: [ParNew: 15440K->1546K(16640K), 0.0008020 secs] 23728K->10346K(55552K), 0.0008340 secs] [Times: user=0.01 sys=0.00, real=0.00 secs] 
138.307: Total time for which application threads were stopped: 0.0009610 seconds, Stopping threads took: 0.0000670 seconds
138.343: Application time: 0.0358910 seconds
138.343: [GC138.343: [ParNew: 15956K->1548K(16640K), 0.0006230 secs] 24756K->10348K(55552K), 0.0006570 secs] [Times: user=0.00 sys=0.00, real=0.00 secs] 
138.344: Total time for which application threads were stopped: 0.0007840 seconds, Stopping threads took: 0.0000700 seconds
138.380: Application time: 0.0360590 seconds
138.380: [GC138.380: [ParNew: 15962K->1034K(16640K), 0.0005460 secs] 24762K->9834K(55552K), 0.0005760 secs] [Times: user=0.00 sys=0.00, real=0.01 secs] 
138.381: Total time for which application threads were stopped: 0.0006860 seconds, Stopping threads took: 0.0000540 seconds
138.414: Application time: 0.0331640 seconds
138.414: [GC138.414: [ParNew: 15437K->1548K(16640K), 0.0010080 secs] 24238K->11372K(55552K), 0.0010440 secs] [Times: user=0.00 sys=0.00, real=0.00 secs] 
138.415: Total time for which application threads were stopped: 0.0011740 seconds, Stopping threads took: 0.0000680 seconds
138.453: Application time: 0.0379610 seconds
138.453: [GC138.453: [ParNew: 15964K->1034K(16640K), 0.0005390 secs] 25789K->10858K(55552K), 0.0005690 secs] [Times: user=0.01 sys=0.00, real=0.00 secs] 
138.454: Total time for which application threads were stopped: 0.0006850 seconds, Stopping threads took: 0.0000620 seconds
138.488: Application time: 0.0338880 seconds
138.488: [GC138.488: [ParNew: 15437K->1548K(16640K), 0.0009610 secs] 25262K->12396K(55552K), 0.0009960 secs] [Times: user=0.00 sys=0.00, real=0.01 secs] 
138.489: Total time for which application threads were stopped: 0.0011450 seconds, Stopping threads took: 0.0000890 seconds
138.527: Application time: 0.0379990 seconds
138.527: [GC138.527: [ParNew: 15966K->522K(16640K), 0.0003710 secs] 26815K->11370K(55552K), 0.0004070 secs] [Times: user=0.00 sys=0.00, real=0.00 secs] 
138.527: Total time for which application threads were stopped: 0.0005090 seconds, Stopping threads took: 0.0000500 seconds
138.561: Application time: 0.0335220 seconds
138.561: [GC138.561: [ParNew: 14923K->1548K(16640K), 0.0010510 secs] 25772K->13420K(55552K), 0.0010860 secs] [Times: user=0.00 sys=0.00, real=0.00 secs] 
138.562: Total time for which application threads were stopped: 0.0012450 seconds, Stopping threads took: 0.0000950 seconds
138.598: Application time: 0.0361520 seconds
138.598: [GC138.598: [ParNew: 16044K->1064K(16640K), 0.0004760 secs] 27917K->12936K(55552K), 0.0005080 secs] [Times: user=0.01 sys=0.00, real=0.00 secs] 
138.599: Total time for which application threads were stopped: 0.0006340 seconds, Stopping threads took: 0.0000690 seconds
138.633: Application time: 0.0347300 seconds
138.634: [GC138.634: [ParNew: 15548K->1580K(16640K), 0.0008150 secs] 27421K->13993K(55552K), 0.0008500 secs] [Times: user=0.00 sys=0.00, real=0.00 secs] 
138.634: Total time for which application threads were stopped: 0.0009820 seconds, Stopping threads took: 0.0000710 seconds
138.669: Application time: 0.0349130 seconds
138.670: [GC138.670: [ParNew: 15988K->1548K(16640K), 0.0008790 secs] 28401K->14501K(55552K), 0.0009130 secs] [Times: user=0.01 sys=0.00, real=0.00 secs] 
138.670: Total time for which application threads were stopped: 0.0010970 seconds, Stopping threads took: 0.0001280 seconds
138.707: Application time: 0.0364790 seconds
138.707: [GC138.707: [ParNew: 16361K->1180K(16640K), 0.0005210 secs] 29315K->14134K(55552K), 0.0005510 secs] [Times: user=0.00 sys=0.00, real=0.00 secs] 
138.708: Total time for which application threads were stopped: 0.0006790 seconds, Stopping threads took: 0.0000670 seconds
138.741: Application time: 0.0335370 seconds
138.741: [GC138.741: [ParNew: 15662K->1580K(16640K), 0.0010480 secs] 28616K->15700K(55552K), 0.0010850 secs] [Times: user=0.01 sys=0.00, real=0.00 secs] 
138.742: Total time for which application threads were stopped: 0.0012240 seconds, Stopping threads took: 0.0000740 seconds
138.780: Application time: 0.0374250 seconds
138.780: [GC138.780: [ParNew: 15998K->524K(16640K), 0.0003490 secs] 30118K->14673K(55552K), 0.0003790 secs] [Times: user=0.00 sys=0.00, real=0.00 secs] 
138.780: Total time for which application threads were stopped: 0.0004830 seconds, Stopping threads took: 0.0000520 seconds
138.819: Application time: 0.0381950 seconds
138.821: [GC138.821: [ParNew: 14925K->1548K(16640K), 0.0012520 secs] 29074K->16721K(55552K), 0.0012900 secs] [Times: user=0.00 sys=0.00, real=0.00 secs] 
138.822: Total time for which application threads were stopped: 0.0034180 seconds, Stopping threads took: 0.0020620 seconds
138.859: Application time: 0.0369950 seconds
138.859: [GC138.859: [ParNew: 15964K->1030K(16640K), 0.0005020 secs] 31137K->16203K(55552K), 0.0005310 secs] [Times: user=0.00 sys=0.00, real=0.00 secs] 
138.860: Total time for which application threads were stopped: 0.0006340 seconds, Stopping threads took: 0.0000490 seconds
138.894: Application time: 0.0342630 seconds
138.894: [GC138.894: [ParNew: 15435K->1548K(16640K), 0.0008480 secs] 30608K->17233K(55552K), 0.0008820 secs] [Times: user=0.01 sys=0.00, real=0.00 secs] 
138.895: Total time for which application threads were stopped: 0.0010180 seconds, Stopping threads took: 0.0000790 seconds
138.931: Application time: 0.0357740 seconds
138.931: [GC138.931: [ParNew: 15960K->1544K(16640K), 0.0006620 secs] 31645K->17229K(55552K), 0.0006960 secs] [Times: user=0.00 sys=0.00, real=0.00 secs] 
138.931: Total time for which application threads were stopped: 0.0008160 seconds, Stopping threads took: 0.0000630 seconds
138.968: Application time: 0.0362560 seconds
138.968: [GC138.968: [ParNew: 15954K->1544K(16640K), 0.0007400 secs] 31639K->17229K(55552K), 0.0007750 secs] [Times: user=0.00 sys=0.00, real=0.01 secs] 
138.969: Total time for which application threads were stopped: 0.0009090 seconds, Stopping threads took: 0.0000760 seconds
139.003: Application time: 0.0343530 seconds
139.005: [GC139.005: [ParNew: 15950K->1546K(16640K), 0.0010230 secs] 31635K->18255K(55552K), 0.0010700 secs] [Times: user=0.00 sys=0.00, real=0.00 secs] 
139.006: Total time for which application threads were stopped: 0.0027480 seconds, Stopping threads took: 0.0016140 seconds
139.041: Application time: 0.0349300 seconds
139.041: [GC139.041: [ParNew: 15954K->1550K(16640K), 0.0011810 secs] 32663K->19795K(55552K), 0.0012180 secs] [Times: user=0.01 sys=0.00, real=0.00 secs] 
139.042: Total time for which application threads were stopped: 0.0013550 seconds, Stopping threads took: 0.0000710 seconds
139.079: Application time: 0.0372240 seconds
139.079: [GC139.079: [ParNew: 15966K->1546K(16640K), 0.0006470 secs] 34211K->19791K(55552K), 0.0006770 secs] [Times: user=0.00 sys=0.00, real=0.00 secs] 
139.080: Total time for which application threads were stopped: 0.0007890 seconds, Stopping threads took: 0.0000560 seconds
139.113: Application time: 0.0325080 seconds
139.113: [GC139.113: [ParNew: 15950K->1550K(16640K), 0.0012260 secs] 34195K->21331K(55552K), 0.0012680 secs] [Times: user=0.01 sys=0.00, real=0.00 secs] 
139.114: Total time for which application threads were stopped: 0.0013930 seconds, Stopping threads took: 0.0000610 seconds
139.152: Application time: 0.0383740 seconds
139.152: [GC139.152: [ParNew: 15968K->1036K(16640K), 0.0006210 secs] 35749K->20817K(55552K), 0.0006510 secs] [Times: user=0.00 sys=0.00, real=0.00 secs] 
139.153: Total time for which application threads were stopped: 0.0007640 seconds, Stopping threads took: 0.0000580 seconds
139.187: Application time: 0.0338040 seconds
139.187: [GC139.187: [ParNew: 15437K->1548K(16640K), 0.0012080 secs] 35219K->22865K(55552K), 0.0012460 secs] [Times: user=0.01 sys=0.00, real=0.00 secs] 
139.188: Total time for which application threads were stopped: 0.0013780 seconds, Stopping threads took: 0.0000660 seconds
139.225: Application time: 0.0367970 seconds
139.225: [GC139.225: [ParNew: 15964K->1546K(16640K), 0.0006990 secs] 37281K->22863K(55552K), 0.0007330 secs] [Times: user=0.00 sys=0.00, real=0.00 secs] 
139.226: Total time for which application threads were stopped: 0.0008890 seconds, Stopping threads took: 0.0000920 seconds
139.261: Application time: 0.0352580 seconds
139.261: [GC139.261: [ParNew: 16032K->1578K(16640K), 0.0008190 secs] 37349K->23407K(55552K), 0.0008530 secs] [Times: user=0.01 sys=0.00, real=0.00 secs] 
139.262: Total time for which application threads were stopped: 0.0009760 seconds, Stopping threads took: 0.0000610 seconds
139.298: Application time: 0.0360510 seconds
139.298: [GC139.298: [ParNew: 16068K->1578K(16640K), 0.0007230 secs] 37897K->23435K(55552K), 0.0007580 secs] [Times: user=0.00 sys=0.00, real=0.00 secs] 
139.299: Total time for which application threads were stopped: 0.0009030 seconds, Stopping threads took: 0.0000710 seconds
139.336: Application time: 0.0364970 seconds
139.336: [GC139.336: [ParNew: 15990K->1034K(16640K), 0.0004860 secs] 37847K->22920K(55552K), 0.0005150 secs] [Times: user=0.01 sys=0.00, real=0.00 secs] 
139.336: Total time for which application threads were stopped: 0.0006340 seconds, Stopping threads took: 0.0000640 seconds
139.371: Application time: 0.0342940 seconds
139.371: [GC139.371: [ParNew: 15676K->1636K(16640K), 0.0008400 secs] 37562K->24034K(55552K), 0.0008770 secs] [Times: user=0.01 sys=0.00, real=0.00 secs] 
139.372: Total time for which application threads were stopped: 0.0009910 seconds, Stopping threads took: 0.0000600 seconds
139.408: Application time: 0.0362490 seconds
139.408: [GC139.408: [ParNew: 16209K->1094K(16640K), 0.0005620 secs] 38607K->23578K(55552K), 0.0005930 secs] [Times: user=0.00 sys=0.00, real=0.00 secs] 
139.409: Total time for which application threads were stopped: 0.0007020 seconds, Stopping threads took: 0.0000540 seconds
139.444: Application time: 0.0352770 seconds
139.444: [GC139.444: [ParNew: 15584K->1068K(16640K), 0.0005540 secs] 38068K->23609K(55552K), 0.0005890 secs] [Times: user=0.01 sys=0.00, real=0.00 secs] 
139.445: Total time for which application threads were stopped: 0.0007180 seconds, Stopping threads took: 0.0000610 seconds
139.479: Application time: 0.0348260 seconds
139.479: [GC139.479: [ParNew: 15474K->1548K(16640K), 0.0008570 secs] 38014K->24629K(55552K), 0.0008890 secs] [Times: user=0.01 sys=0.00, real=0.00 secs] 
139.480: Total time for which application threads were stopped: 0.0010080 seconds, Stopping threads took: 0.0000610 seconds
139.517: Application time: 0.0369250 seconds
139.517: [GC139.517: [ParNew: 15964K->520K(16640K), 0.0003510 secs] 39045K->23601K(55552K), 0.0003820 secs] [Times: user=0.00 sys=0.00, real=0.00 secs] 
139.518: Total time for which application threads were stopped: 0.0004790 seconds, Stopping threads took: 0.0000440 seconds
139.550: Application time: 0.0320000 seconds
139.550: [GC139.550: [ParNew: 14921K->1546K(16640K), 0.0009840 secs] 38003K->25651K(55552K), 0.0010200 secs] [Times: user=0.01 sys=0.00, real=0.00 secs] 
139.551: Total time for which application threads were stopped: 0.0011930 seconds, Stopping threads took: 0.0001090 seconds
139.588: Application time: 0.0371820 seconds
139.588: [GC139.588: [ParNew: 15960K->1548K(16640K), 0.0006400 secs] 40065K->25653K(55552K), 0.0006740 secs] [Times: user=0.01 sys=0.00, real=0.01 secs] 
139.589: Total time for which application threads were stopped: 0.0008090 seconds, Stopping threads took: 0.0000760 seconds
139.624: Application time: 0.0345970 seconds
139.624: [GC139.624: [ParNew: 15958K->1548K(16640K), 0.0006530 secs] 40063K->25653K(55552K), 0.0006850 secs] [Times: user=0.00 sys=0.00, real=0.00 secs] 
139.624: Total time for which application threads were stopped: 0.0008060 seconds, Stopping threads took: 0.0000670 seconds
139.658: Application time: 0.0340530 seconds
139.659: [GC139.659: [ParNew: 15956K->1548K(16640K), 0.0008390 secs] 40061K->26165K(55552K), 0.0008750 secs] [Times: user=0.01 sys=0.00, real=0.00 secs] 
139.659: Total time for which application threads were stopped: 0.0009920 seconds, Stopping threads took: 0.0000560 seconds
139.696: Application time: 0.0366470 seconds
139.696: [GC139.696: [ParNew: 15960K->1548K(16640K), 0.0006630 secs] 40577K->26165K(55552K), 0.0006980 secs] [Times: user=0.01 sys=0.00, real=0.00 secs] 
139.697: Total time for which application threads were stopped: 0.0008180 seconds, Stopping threads took: 0.0000630 seconds
139.731: Application time: 0.0341530 seconds
139.731: [GC139.731: [ParNew: 15956K->1548K(16640K), 0.0008430 secs] 40573K->26677K(55552K), 0.0008760 secs] [Times: user=0.01 sys=0.00, real=0.00 secs] 
139.732: Total time for which application threads were stopped: 0.0010050 seconds, Stopping threads took: 0.0000600 seconds
139.768: Application time: 0.0362960 seconds
139.768: [GC139.768: [ParNew: 15960K->1548K(16640K), 0.0006220 secs] 41089K->26677K(55552K), 0.0006550 secs] [Times: user=0.00 sys=0.00, real=0.01 secs] 
139.769: Total time for which application threads were stopped: 0.0007720 seconds, Stopping threads took: 0.0000590 seconds
139.805: Application time: 0.0354480 seconds
139.805: [GC139.805: [ParNew: 15958K->1546K(16640K), 0.0007550 secs] 41087K->26675K(55552K), 0.0007840 secs] [Times: user=0.01 sys=0.00, real=0.00 secs] 
139.805: Total time for which application threads were stopped: 0.0009390 seconds, Stopping threads took: 0.0000990 seconds
139.840: Application time: 0.0348650 seconds
139.840: [GC139.840: [ParNew: 15954K->1548K(16640K), 0.0008810 secs] 41083K->27189K(55552K), 0.0009180 secs] [Times: user=0.01 sys=0.01, real=0.01 secs] 
139.841: Total time for which application threads were stopped: 0.0010380 seconds, Stopping threads took: 0.0000590 seconds
139.877: Application time: 0.0359890 seconds
139.878: [GC139.878: [ParNew: 15962K->1034K(16640K), 0.0004630 secs] 41603K->26675K(55552K), 0.0004920 secs] [Times: user=0.01 sys=0.00, real=0.00 secs] 
139.878: Total time for which application threads were stopped: 0.0006610 seconds, Stopping threads took: 0.0001170 seconds
139.911: Application time: 0.0331390 seconds
139.911: [GC139.911: [ParNew: 15518K->1576K(16640K), 0.0008080 secs] 41159K->27729K(55552K), 0.0008420 secs] [Times: user=0.01 sys=0.00, real=0.00 secs] 
139.912: Total time for which application threads were stopped: 0.0009660 seconds, Stopping threads took: 0.0000630 seconds
139.950: Application time: 0.0375560 seconds
139.950: [GC139.950: [ParNew: 16070K->1066K(16640K), 0.0005930 secs] 42224K->27248K(55552K), 0.0006220 secs] [Times: user=0.00 sys=0.00, real=0.00 secs] 
139.950: Total time for which application threads were stopped: 0.0007320 seconds, Stopping threads took: 0.0000560 seconds
139.984: Application time: 0.0335380 seconds
139.984: [GC139.984: [ParNew: 15472K->1548K(16640K), 0.0008340 secs] 41654K->28270K(55552K), 0.0008700 secs] [Times: user=0.00 sys=0.00, real=0.00 secs] 
139.985: Total time for which application threads were stopped: 0.0009910 seconds, Stopping threads took: 0.0000590 seconds
140.021: Application time: 0.0362290 seconds
140.021: [GC140.021: [ParNew: 16120K->582K(16640K), 0.0003700 secs] 42843K->27304K(55552K), 0.0003990 secs] [Times: user=0.00 sys=0.00, real=0.00 secs] 
140.022: Total time for which application threads were stopped: 0.0005580 seconds, Stopping threads took: 0.0001090 seconds
140.056: Application time: 0.0343570 seconds
140.056: [GC140.056: [ParNew: 15148K->1664K(16640K), 0.0007250 secs] 41871K->28386K(55552K), 0.0007600 secs] [Times: user=0.01 sys=0.00, real=0.00 secs] 
140.057: Total time for which application threads were stopped: 0.0008860 seconds, Stopping threads took: 0.0000660 seconds
140.092: Application time: 0.0354410 seconds
140.097: [GC140.097: [ParNew: 16228K->1604K(16640K), 0.0008930 secs] 42951K->28440K(55552K), 0.0009260 secs] [Times: user=0.00 sys=0.00, real=0.00 secs] 
140.098: Total time for which application threads were stopped: 0.0051080 seconds, Stopping threads took: 0.0041240 seconds
140.133: Application time: 0.0349740 seconds
140.133: [GC140.133: [ParNew: 16014K->1544K(16640K), 0.0008210 secs] 42850K->28949K(55552K), 0.0008600 secs] [Times: user=0.01 sys=0.00, real=0.00 secs] 
140.134: Total time for which application threads were stopped: 0.0009780 seconds, Stopping threads took: 0.0000550 seconds
140.170: Application time: 0.0368800 seconds
140.171: [GC140.171: [ParNew: 15956K->1544K(16640K), 0.0006820 secs] 43361K->28949K(55552K), 0.0007160 secs] [Times: user=0.01 sys=0.00, real=0.00 secs] 
140.171: Total time for which application threads were stopped: 0.0008360 seconds, Stopping threads took: 0.0000620 seconds
140.204: Application time: 0.0330980 seconds
140.204: [GC140.204: [ParNew: 15952K->1548K(16640K), 0.0008510 secs] 43357K->29465K(55552K), 0.0008880 secs] [Times: user=0.00 sys=0.00, real=0.00 secs] 
140.205: Total time for which application threads were stopped: 0.0010210 seconds, Stopping threads took: 0.0000710 seconds
140.244: Application time: 0.0386460 seconds
140.244: [GC140.244: [ParNew: 15964K->520K(16640K), 0.0003520 secs] 43881K->28437K(55552K), 0.0003800 secs] [Times: user=0.01 sys=0.00, real=0.00 secs] 
140.245: Total time for which application threads were stopped: 0.0004950 seconds, Stopping threads took: 0.0000580 seconds
140.280: Application time: 0.0349970 seconds
140.280: [GC140.280: [ParNew: 14925K->1546K(16640K), 0.0007180 secs] 42843K->29463K(55552K), 0.0007520 secs] [Times: user=0.00 sys=0.00, real=0.00 secs] 
140.280: Total time for which application threads were stopped: 0.0008930 seconds, Stopping threads took: 0.0000840 seconds
140.315: Application time: 0.0345570 seconds
140.315: [GC140.315: [ParNew: 15952K->1548K(16640K), 0.0009770 secs] 43869K->30489K(55552K), 0.0010150 secs] [Times: user=0.00 sys=0.00, real=0.00 secs] 
140.316: Total time for which application threads were stopped: 0.0011410 seconds, Stopping threads took: 0.0000640 seconds
140.355: Application time: 0.0384460 seconds
140.355: [GC140.355: [ParNew: 15962K->1546K(16640K), 0.0006410 secs] 44903K->30487K(55552K), 0.0006720 secs] [Times: user=0.00 sys=0.00, real=0.00 secs] 
140.355: Total time for which application threads were stopped: 0.0007780 seconds, Stopping threads took: 0.0000480 seconds
140.390: Application time: 0.0342530 seconds
140.390: [GC140.390: [ParNew: 15956K->1546K(16640K), 0.0007100 secs] 44897K->30487K(55552K), 0.0007500 secs] [Times: user=0.00 sys=0.00, real=0.00 secs] 
140.391: Total time for which application threads were stopped: 0.0009560 seconds, Stopping threads took: 0.0001480 seconds
140.424: Application time: 0.0338870 seconds
140.425: [GC140.425: [ParNew: 15952K->1548K(16640K), 0.0010960 secs] 44893K->31513K(55552K), 0.0011330 secs] [Times: user=0.01 sys=0.00, real=0.00 secs] 
140.426: Total time for which application threads were stopped: 0.0012550 seconds, Stopping threads took: 0.0000590 seconds
140.462: Application time: 0.0367070 seconds
140.463: [GC140.463: [ParNew: 15964K->1034K(16640K), 0.0005440 secs] 45930K->30999K(55552K), 0.0005750 secs] [Times: user=0.01 sys=0.00, real=0.00 secs] 
140.463: Total time for which application threads were stopped: 0.0006900 seconds, Stopping threads took: 0.0000620 seconds
140.499: Application time: 0.0362160 seconds
140.499: [GC140.499: [ParNew: 15440K->1548K(16640K), 0.0008080 secs] 45405K->32025K(55552K), 0.0008430 secs] [Times: user=0.00 sys=0.00, real=0.00 secs] 
140.500: Total time for which application threads were stopped: 0.0010070 seconds, Stopping threads took: 0.0001030 seconds
140.535: Application time: 0.0346780 seconds
140.535: [GC140.535: [ParNew: 15958K->1548K(16640K), 0.0008100 secs] 46435K->32537K(55552K), 0.0008430 secs] [Times: user=0.01 sys=0.00, real=0.00 secs] 
140.536: Total time for which application threads were stopped: 0.0009710 seconds, Stopping threads took: 0.0000670 seconds
140.571: Application time: 0.0354980 seconds
140.572: [GC140.572: [ParNew: 16036K->1574K(16640K), 0.0008730 secs] 47026K->33075K(55552K), 0.0009040 secs] [Times: user=0.00 sys=0.00, real=0.00 secs] 
140.573: Total time for which application threads were stopped: 0.0010280 seconds, Stopping threads took: 0.0000650 seconds
140.609: Application time: 0.0364500 seconds
140.609: [GC140.609: [ParNew: 16066K->1578K(16640K), 0.0007070 secs] 47568K->33108K(55552K), 0.0007420 secs] [Times: user=0.01 sys=0.00, real=0.00 secs] 
140.610: Total time for which application threads were stopped: 0.0008720 seconds, Stopping threads took: 0.0000690 seconds
140.644: Application time: 0.0342300 seconds
140.644: [GC140.644: [ParNew: 15984K->1548K(16640K), 0.0010100 secs] 47514K->34130K(55552K), 0.0010480 secs] [Times: user=0.01 sys=0.00, real=0.00 secs] 
140.645: Total time for which application threads were stopped: 0.0011740 seconds, Stopping threads took: 0.0000630 seconds
140.682: Application time: 0.0363980 seconds
140.682: [GC140.682: [ParNew: 16042K->1576K(16640K), 0.0007300 secs] 48625K->34158K(55552K), 0.0007650 secs] [Times: user=0.00 sys=0.00, real=0.00 secs] 
140.683: Total time for which application threads were stopped: 0.0008820 seconds, Stopping threads took: 0.0000590 seconds
140.717: Application time: 0.0348910 seconds
140.718: [GC140.718: [ParNew: 16140K->1608K(16640K), 0.0008520 secs] 48723K->34731K(55552K), 0.0008850 secs] [Times: user=0.01 sys=0.00, real=0.00 secs] 
140.718: Total time for which application threads were stopped: 0.0010130 seconds, Stopping threads took: 0.0000680 seconds
140.755: Application time: 0.0370050 seconds
140.756: [GC140.756: [ParNew: 16259K->1632K(16640K), 0.0007750 secs] 49382K->34812K(55552K), 0.0008080 secs] [Times: user=0.01 sys=0.00, real=0.00 secs] 
140.756: Total time for which application threads were stopped: 0.0009250 seconds, Stopping threads took: 0.0000540 seconds
140.791: Application time: 0.0349000 seconds
140.791: [GC140.791: [ParNew: 16040K->1548K(16640K), 0.0008370 secs] 49220K->35326K(55552K), 0.0008730 secs] [Times: user=0.00 sys=0.00, real=0.00 secs] 
140.792: Total time for which application threads were stopped: 0.0009980 seconds, Stopping threads took: 0.0000640 seconds
140.830: Application time: 0.0373280 seconds
140.830: [GC140.830: [ParNew: 15964K->522K(16640K), 0.0003440 secs] 49742K->34300K(55552K), 0.0003730 secs] [Times: user=0.00 sys=0.00, real=0.00 secs] 
140.830: Total time for which application threads were stopped: 0.0004810 seconds, Stopping threads took: 0.0000510 seconds
140.861: Application time: 0.0310780 seconds
140.861: [GC140.861: [ParNew: 14923K->1550K(16640K), 0.0009890 secs] 48701K->36352K(55552K), 0.0010270 secs] [Times: user=0.01 sys=0.00, real=0.00 secs] 
140.862: Total time for which application threads were stopped: 0.0011520 seconds, Stopping threads took: 0.0000610 seconds
140.900: Application time: 0.0373470 seconds
140.900: [GC140.900: [ParNew: 15966K->1036K(16640K), 0.0004970 secs] 50768K->35838K(55552K), 0.0005260 secs] [Times: user=0.00 sys=0.00, real=0.00 secs] 
140.900: Total time for which application threads were stopped: 0.0006400 seconds, Stopping threads took: 0.0000580 seconds
140.934: Application time: 0.0336530 seconds
140.937: [GC140.937: [ParNew: 15437K->1546K(16640K), 0.0010580 secs] 50239K->37372K(55552K), 0.0010940 secs] [Times: user=0.00 sys=0.00, real=0.00 secs] 
140.938: Total time for which application threads were stopped: 0.0037870 seconds, Stopping threads took: 0.0026320 seconds
140.938: Application time: 0.0000970 seconds
140.943: [GC [1 CMS-initial-mark: 35825K(38912K)] 37888K(55552K), 0.0000980 secs] [Times: user=0.00 sys=0.00, real=0.00 secs] 
140.943: Total time for which application threads were stopped: 0.0055590 seconds, Stopping threads took: 0.0054420 seconds
140.943: [CMS-concurrent-mark-start]
140.947: [CMS-concurrent-mark: 0.004/0.004 secs] [Times: user=0.01 sys=0.00, real=0.00 secs] 
140.947: [CMS-concurrent-preclean-start]
140.947: [CMS-concurrent-preclean: 0.000/0.000 secs] [Times: user=0.00 sys=0.00, real=0.00 secs] 
140.947: Application time: 0.0037430 seconds
140.948: [GC[YG occupancy: 2588 K (16640 K)]140.948: [Rescan (parallel) , 0.0001600 secs]140.948: [weak refs processing, 0.0000070 secs]140.948: [scrub string table, 0.0000990 secs] [1 CMS-remark: 35825K(38912K)] 38414K(55552K), 0.0002920 secs] [Times: user=0.01 sys=0.00, real=0.00 secs] 
140.948: Total time for which application threads were stopped: 0.0006690 seconds, Stopping threads took: 0.0003290 seconds
140.948: [CMS-concurrent-sweep-start]
140.949: [CMS-concurrent-sweep: 0.001/0.001 secs] [Times: user=0.00 sys=0.00, real=0.01 secs] 
140.949: [CMS-concurrent-reset-start]
140.949: [CMS-concurrent-reset: 0.000/0.000 secs] [Times: user=0.00 sys=0.00, real=0.00 secs] 
140.983: Application time: 0.0348120 seconds
140.983: [GC140.983: [ParNew: 15962K->1546K(16640K), 0.0006490 secs] 22518K->8101K(55552K), 0.0006820 secs] [Times: user=0.01 sys=0.00, real=0.00 secs] 
140.983: Total time for which application threads were stopped: 0.0008380 seconds, Stopping threads took: 0.0000870 seconds
141.018: Application time: 0.0348630 seconds
141.018: [GC141.018: [ParNew: 15956K->1546K(16640K), 0.0006500 secs] 22511K->8101K(55552K), 0.0006840 secs] [Times: user=0.01 sys=0.00, real=0.00 secs] 
141.019: Total time for which application threads were stopped: 0.0008110 seconds, Stopping threads took: 0.0000670 seconds
141.054: Application time: 0.0346740 seconds
141.054: [GC141.054: [ParNew: 15952K->1548K(16640K), 0.0008320 secs] 22507K->8615K(55552K), 0.0008670 secs] [Times: user=0.00 sys=0.00, real=0.00 secs] 
141.055: Total time for which application threads were stopped: 0.0010700 seconds, Stopping threads took: 0.0001400 seconds
141.091: Application time: 0.0362660 seconds
141.091: [GC141.091: [ParNew: 15962K->1542K(16640K), 0.0006230 secs] 23030K->8609K(55552K), 0.0006550 secs] [Times: user=0.01 sys=0.00, real=0.00 secs] 
141.092: Total time for which application threads were stopped: 0.0007700 seconds, Stopping threads took: 0.0000580 seconds
141.126: Application time: 0.0343110 seconds
141.126: [GC141.126: [ParNew: 15946K->1546K(16640K), 0.0012900 secs] 23013K->10149K(55552K), 0.0013270 secs] [Times: user=0.01 sys=0.00, real=0.00 secs] 
141.128: Total time for which application threads were stopped: 0.0015000 seconds, Stopping threads took: 0.0001120 seconds
141.164: Application time: 0.0358880 seconds
141.164: [GC141.164: [ParNew: 15958K->1548K(16640K), 0.0008740 secs] 24562K->10663K(55552K), 0.0009180 secs] [Times: user=0.00 sys=0.00, real=0.00 secs] 
141.165: Total time for which application threads were stopped: 0.0011120 seconds, Stopping threads took: 0.0001330 seconds
141.201: Application time: 0.0362750 seconds
141.201: [GC141.201: [ParNew: 15962K->1546K(16640K), 0.0006630 secs] 25078K->10661K(55552K), 0.0006950 secs] [Times: user=0.00 sys=0.00, real=0.00 secs] 
141.202: Total time for which application threads were stopped: 0.0008130 seconds, Stopping threads took: 0.0000600 seconds
141.237: Application time: 0.0348070 seconds
141.237: [GC141.237: [ParNew: 16030K->1580K(16640K), 0.0009850 secs] 25146K->11720K(55552K), 0.0010240 secs] [Times: user=0.01 sys=0.00, real=0.00 secs] 
141.238: Total time for which application threads were stopped: 0.0011660 seconds, Stopping threads took: 0.0000800 seconds
141.275: Application time: 0.0369550 seconds
141.275: [GC141.275: [ParNew: 16076K->1066K(16640K), 0.0005250 secs] 26216K->11234K(55552K), 0.0005570 secs] [Times: user=0.01 sys=0.00, real=0.00 secs] 
141.275: Total time for which application threads were stopped: 0.0006760 seconds, Stopping threads took: 0.0000580 seconds
141.309: Application time: 0.0331690 seconds
141.309: [GC141.309: [ParNew: 15470K->1550K(16640K), 0.0010980 secs] 25638K->12771K(55552K), 0.0011350 secs] [Times: user=0.01 sys=0.00, real=0.00 secs] 
141.310: Total time for which application threads were stopped: 0.0012580 seconds, Stopping threads took: 0.0000570 seconds
141.347: Application time: 0.0373420 seconds
141.347: [GC141.347: [ParNew: 15966K->1028K(16640K), 0.0005900 secs] 27187K->12248K(55552K), 0.0006200 secs] [Times: user=0.00 sys=0.00, real=0.00 secs] 
141.348: Total time for which application threads were stopped: 0.0007630 seconds, Stopping threads took: 0.0000900 seconds
141.381: Application time: 0.0328460 seconds
141.381: [GC141.381: [ParNew: 15666K->1636K(16640K), 0.0009920 secs] 26887K->13881K(55552K), 0.0010290 secs] [Times: user=0.01 sys=0.00, real=0.00 secs] 
141.382: Total time for which application threads were stopped: 0.0011590 seconds, Stopping threads took: 0.0000650 seconds
141.420: Application time: 0.0380770 seconds
141.420: [GC141.420: [ParNew: 16128K->1578K(16640K), 0.0007180 secs] 28373K->13908K(55552K), 0.0007520 secs] [Times: user=0.01 sys=0.00, real=0.01 secs] 
141.421: Total time for which application threads were stopped: 0.0008670 seconds, Stopping threads took: 0.0000560 seconds
141.455: Application time: 0.0340930 seconds
141.455: [GC141.455: [ParNew: 16146K->1608K(16640K), 0.0006490 secs] 28477K->13967K(55552K), 0.0006820 secs] [Times: user=0.00 sys=0.00, real=0.00 secs] 
141.456: Total time for which application threads were stopped: 0.0007990 seconds, Stopping threads took: 0.0000600 seconds
141.492: Application time: 0.0361710 seconds
141.492: [GC141.492: [ParNew: 16018K->1546K(16640K), 0.0006900 secs] 28377K->13962K(55552K), 0.0007230 secs] [Times: user=0.01 sys=0.00, real=0.00 secs] 
141.493: Total time for which application threads were stopped: 0.0008480 seconds, Stopping threads took: 0.0000660 seconds
141.529: Application time: 0.0357120 seconds
141.529: [GC141.529: [ParNew: 15958K->1034K(16640K), 0.0005450 secs] 28374K->13450K(55552K), 0.0005750 secs] [Times: user=0.01 sys=0.00, real=0.00 secs] 
141.529: Total time for which application threads were stopped: 0.0006830 seconds, Stopping threads took: 0.0000540 seconds
141.564: Application time: 0.0344440 seconds
141.564: [GC141.564: [ParNew: 15442K->1548K(16640K), 0.0006430 secs] 27858K->13964K(55552K), 0.0006750 secs] [Times: user=0.01 sys=0.00, real=0.00 secs] 
141.565: Total time for which application threads were stopped: 0.0008080 seconds, Stopping threads took: 0.0000730 seconds
141.599: Application time: 0.0349690 seconds
141.600: [GC141.600: [ParNew: 15954K->1546K(16640K), 0.0008000 secs] 28370K->14474K(55552K), 0.0008330 secs] [Times: user=0.00 sys=0.00, real=0.00 secs] 
141.600: Total time for which application threads were stopped: 0.0009850 seconds, Stopping threads took: 0.0000930 seconds
141.638: Application time: 0.0373850 seconds
141.638: [GC141.638: [ParNew: 15962K->1036K(16640K), 0.0005110 secs] 28890K->13964K(55552K), 0.0005520 secs] [Times: user=0.00 sys=0.00, real=0.00 secs] 
141.639: Total time for which application threads were stopped: 0.0006810 seconds, Stopping threads took: 0.0000740 seconds
141.674: Application time: 0.0349780 seconds
141.674: [GC141.674: [ParNew: 15439K->1548K(16640K), 0.0009680 secs] 28368K->15500K(55552K), 0.0010040 secs] [Times: user=0.01 sys=0.00, real=0.00 secs] 
141.675: Total time for which application threads were stopped: 0.0011220 seconds, Stopping threads took: 0.0000630 seconds
141.711: Application time: 0.0360650 seconds
141.711: [GC141.711: [ParNew: 15960K->1548K(16640K), 0.0008360 secs] 29912K->16012K(55552K), 0.0008720 secs] [Times: user=0.00 sys=0.00, real=0.00 secs] 
141.712: Total time for which application threads were stopped: 0.0010000 seconds, Stopping threads took: 0.0000660 seconds
141.747: Application time: 0.0353710 seconds
141.747: [GC141.747: [ParNew: 15956K->1548K(16640K), 0.0008310 secs] 30420K->16524K(55552K), 0.0008640 secs] [Times: user=0.01 sys=0.00, real=0.00 secs] 
141.748: Total time for which application threads were stopped: 0.0009960 seconds, Stopping threads took: 0.0000690 seconds
141.785: Application time: 0.0373690 seconds
141.786: [GC141.786: [ParNew: 15966K->524K(16640K), 0.0003560 secs] 30942K->15500K(55552K), 0.0003830 secs] [Times: user=0.00 sys=0.00, real=0.00 secs] 
141.786: Total time for which application threads were stopped: 0.0005930 seconds, Stopping threads took: 0.0001530 seconds
141.820: Application time: 0.0340540 seconds
141.820: [GC141.820: [ParNew: 14925K->1548K(16640K), 0.0010820 secs] 29902K->17548K(55552K), 0.0011150 secs] [Times: user=0.01 sys=0.00, real=0.01 secs] 
141.821: Total time for which application threads were stopped: 0.0012500 seconds, Stopping threads took: 0.0000730 seconds
141.859: Application time: 0.0373320 seconds
141.859: [GC141.859: [ParNew: 15964K->1034K(16640K), 0.0005000 secs] 31964K->17034K(55552K), 0.0005310 secs] [Times: user=0.00 sys=0.00, real=0.00 secs] 
141.859: Total time for which application threads were stopped: 0.0006420 seconds, Stopping threads took: 0.0000570 seconds
141.893: Application time: 0.0334970 seconds
141.893: [GC141.893: [ParNew: 15592K->1608K(16640K), 0.0013040 secs] 31592K->19144K(55552K), 0.0013430 secs] [Times: user=0.00 sys=0.00, real=0.00 secs] 
141.894: Total time for which application threads were stopped: 0.0015190 seconds, Stopping threads took: 0.0001100 seconds
141.932: Application time: 0.0373650 seconds
141.932: [GC141.932: [ParNew: 16026K->1030K(16640K), 0.0005970 secs] 33562K->18623K(55552K), 0.0006260 secs] [Times: user=0.01 sys=0.00, real=0.00 secs] 
141.933: Total time for which application threads were stopped: 0.0007690 seconds, Stopping threads took: 0.0000900 seconds
141.965: Application time: 0.0321580 seconds
141.965: [GC141.965: [ParNew: 15431K->1548K(16640K), 0.0012650 secs] 33025K->20677K(55552K), 0.0013030 secs] [Times: user=0.01 sys=0.00, real=0.00 secs] 
141.966: Total time for which application threads were stopped: 0.0014290 seconds, Stopping threads took: 0.0000630 seconds
142.004: Application time: 0.0379070 seconds
142.004: [GC142.004: [ParNew: 15966K->1034K(16640K), 0.0004940 secs] 35095K->20163K(55552K), 0.0005280 secs] [Times: user=0.00 sys=0.00, real=0.00 secs] 
142.005: Total time for which application threads were stopped: 0.0006810 seconds, Stopping threads took: 0.0000960 seconds
142.038: Application time: 0.0331790 seconds
142.038: [GC142.038: [ParNew: 15516K->1576K(16640K), 0.0009880 secs] 34645K->21729K(55552K), 0.0010220 secs] [Times: user=0.01 sys=0.00, real=0.00 secs] 
142.039: Total time for which application threads were stopped: 0.0011630 seconds, Stopping threads took: 0.0000790 seconds
142.076: Application time: 0.0374380 seconds
142.077: [GC142.077: [ParNew: 16151K->1096K(16640K), 0.0005360 secs] 36304K->21278K(55552K), 0.0005680 secs] [Times: user=0.01 sys=0.00, real=0.00 secs] 
142.077: Total time for which application threads were stopped: 0.0006890 seconds, Stopping threads took: 0.0000690 seconds
142.111: Application time: 0.0335950 seconds
142.111: [GC142.111: [ParNew: 15736K->1634K(16640K), 0.0008690 secs] 35918K->22385K(55552K), 0.0009110 secs] [Times: user=0.01 sys=0.00, real=0.00 secs] 
142.112: Total time for which application threads were stopped: 0.0010250 seconds, Stopping threads took: 0.0000550 seconds
142.150: Application time: 0.0380270 seconds
142.150: [GC142.150: [ParNew: 16050K->520K(16640K), 0.0004080 secs] 36801K->21356K(55552K), 0.0004380 secs] [Times: user=0.01 sys=0.00, real=0.00 secs] 
142.150: Total time for which application threads were stopped: 0.0006710 seconds, Stopping threads took: 0.0001790 seconds
142.184: Application time: 0.0336590 seconds
142.184: [GC142.184: [ParNew: 14923K->1548K(16640K), 0.0008170 secs] 35760K->22896K(55552K), 0.0008520 secs] [Times: user=0.00 sys=0.00, real=0.00 secs] 
142.185: Total time for which application threads were stopped: 0.0009690 seconds, Stopping threads took: 0.0000600 seconds
142.220: Application time: 0.0350890 seconds
142.220: [GC142.220: [ParNew: 15956K->1548K(16640K), 0.0010140 secs] 37304K->23920K(55552K), 0.0010520 secs] [Times: user=0.01 sys=0.00, real=0.01 secs] 
142.221: Total time for which application threads were stopped: 0.0011820 seconds, Stopping threads took: 0.0000650 seconds
142.257: Application time: 0.0358850 seconds
142.257: [GC142.257: [ParNew: 15962K->1544K(16640K), 0.0007410 secs] 38334K->23916K(55552K), 0.0007730 secs] [Times: user=0.00 sys=0.00, real=0.00 secs] 
142.258: Total time for which application threads were stopped: 0.0008880 seconds, Stopping threads took: 0.0000580 seconds
142.293: Application time: 0.0350880 seconds
142.293: [GC142.293: [ParNew: 15954K->1546K(16640K), 0.0006690 secs] 38326K->23918K(55552K), 0.0007000 secs] [Times: user=0.01 sys=0.00, real=0.00 secs] 
142.294: Total time for which application threads were stopped: 0.0008320 seconds, Stopping threads took: 0.0000680 seconds
142.328: Application time: 0.0340670 seconds
142.328: [GC142.328: [ParNew: 15954K->1546K(16640K), 0.0008110 secs] 38326K->24430K(55552K), 0.0008470 secs] [Times: user=0.01 sys=0.00, real=0.01 secs] 
142.329: Total time for which application threads were stopped: 0.0009780 seconds, Stopping threads took: 0.0000720 seconds
142.365: Application time: 0.0356260 seconds
142.365: [GC142.365: [ParNew: 15956K->1546K(16640K), 0.0006260 secs] 38840K->24430K(55552K), 0.0006550 secs] [Times: user=0.00 sys=0.00, real=0.00 secs] 
142.366: Total time for which application threads were stopped: 0.0008360 seconds, Stopping threads took: 0.0001250 seconds
142.400: Application time: 0.0348510 seconds
142.401: [GC142.401: [ParNew: 15958K->1546K(16640K), 0.0006440 secs] 38842K->24430K(55552K), 0.0006760 secs] [Times: user=0.01 sys=0.00, real=0.00 secs] 
142.401: Total time for which application threads were stopped: 0.0008080 seconds, Stopping threads took: 0.0000720 seconds
142.436: Application time: 0.0349400 seconds
142.436: [GC142.436: [ParNew: 15954K->1546K(16640K), 0.0007220 secs] 38838K->24430K(55552K), 0.0007560 secs] [Times: user=0.00 sys=0.00, real=0.00 secs] 
142.437: Total time for which application threads were stopped: 0.0009730 seconds, Stopping threads took: 0.0001570 seconds
142.472: Application time: 0.0344350 seconds
142.472: [GC142.472: [ParNew: 15954K->1548K(16640K), 0.0009840 secs] 38838K->25456K(55552K), 0.0010200 secs] [Times: user=0.01 sys=0.00, real=0.00 secs] 
142.473: Total time for which application threads were stopped: 0.0011490 seconds, Stopping threads took: 0.0000670 seconds
142.512: Application time: 0.0392200 seconds
142.512: [GC142.512: [ParNew: 15968K->524K(16640K), 0.0003510 secs] 39877K->24432K(55552K), 0.0003800 secs] [Times: user=0.00 sys=0.00, real=0.00 secs] 
142.513: Total time for which application threads were stopped: 0.0005730 seconds, Stopping threads took: 0.0001400 seconds
142.547: Application time: 0.0344010 seconds
142.547: [GC142.547: [ParNew: 15084K->1604K(16640K), 0.0008450 secs] 38992K->26024K(55552K), 0.0008890 secs] [Times: user=0.00 sys=0.00, real=0.00 secs] 
142.548: Total time for which application threads were stopped: 0.0010100 seconds, Stopping threads took: 0.0000610 seconds
142.584: Application time: 0.0359120 seconds
142.584: [GC142.584: [ParNew: 16016K->1548K(16640K), 0.0007330 secs] 40436K->26025K(55552K), 0.0007650 secs] [Times: user=0.00 sys=0.00, real=0.00 secs] 
142.585: Total time for which application threads were stopped: 0.0008860 seconds, Stopping threads took: 0.0000640 seconds
142.622: Application time: 0.0374800 seconds
142.622: [GC142.622: [ParNew: 15958K->1034K(16640K), 0.0004740 secs] 40435K->25511K(55552K), 0.0005030 secs] [Times: user=0.00 sys=0.00, real=0.00 secs] 
142.623: Total time for which application threads were stopped: 0.0006480 seconds, Stopping threads took: 0.0000910 seconds
142.655: Application time: 0.0324970 seconds
142.656: [GC142.656: [ParNew: 15440K->1548K(16640K), 0.0010210 secs] 39917K->27049K(55552K), 0.0010550 secs] [Times: user=0.01 sys=0.00, real=0.00 secs] 
142.657: Total time for which application threads were stopped: 0.0012010 seconds, Stopping threads took: 0.0000850 seconds
142.695: Application time: 0.0380080 seconds
142.695: [GC142.695: [ParNew: 15964K->1032K(16640K), 0.0004820 secs] 41465K->26533K(55552K), 0.0005130 secs] [Times: user=0.00 sys=0.00, real=0.00 secs] 
142.695: Total time for which application threads were stopped: 0.0006300 seconds, Stopping threads took: 0.0000610 seconds
142.730: Application time: 0.0343410 seconds
142.730: [GC142.730: [ParNew: 15594K->1604K(16640K), 0.0009220 secs] 41095K->27617K(55552K), 0.0009560 secs] [Times: user=0.00 sys=0.00, real=0.00 secs] 
142.731: Total time for which application threads were stopped: 0.0010970 seconds, Stopping threads took: 0.0000810 seconds
142.767: Application time: 0.0367510 seconds
142.768: [GC142.768: [ParNew: 16261K->612K(16640K), 0.0004770 secs] 42274K->26682K(55552K), 0.0005070 secs] [Times: user=0.01 sys=0.00, real=0.00 secs] 
142.768: Total time for which application threads were stopped: 0.0007270 seconds, Stopping threads took: 0.0001660 seconds
142.801: Application time: 0.0326480 seconds
142.801: [GC142.801: [ParNew: 15092K->1664K(16640K), 0.0012010 secs] 41163K->28759K(55552K), 0.0012380 secs] [Times: user=0.01 sys=0.00, real=0.00 secs] 
142.802: Total time for which application threads were stopped: 0.0013860 seconds, Stopping threads took: 0.0000740 seconds
142.841: Application time: 0.0384910 seconds
142.841: [GC142.841: [ParNew: 16082K->520K(16640K), 0.0003610 secs] 43177K->27728K(55552K), 0.0003890 secs] [Times: user=0.00 sys=0.00, real=0.00 secs] 
142.841: Total time for which application threads were stopped: 0.0004950 seconds, Stopping threads took: 0.0000560 seconds
142.872: Application time: 0.0312080 seconds
142.873: [GC142.873: [ParNew: 14921K->1548K(16640K), 0.0010760 secs] 42130K->29780K(55552K), 0.0011160 secs] [Times: user=0.01 sys=0.00, real=0.00 secs] 
142.874: Total time for which application threads were stopped: 0.0012540 seconds, Stopping threads took: 0.0000740 seconds
142.913: Application time: 0.0392440 seconds
142.913: [GC142.913: [ParNew: 15964K->1032K(16640K), 0.0005030 secs] 44197K->29264K(55552K), 0.0005340 secs] [Times: user=0.00 sys=0.00, real=0.00 secs] 
142.914: Total time for which application threads were stopped: 0.0006690 seconds, Stopping threads took: 0.0000810 seconds
142.946: Application time: 0.0328690 seconds
142.947: [GC142.947: [ParNew: 15435K->1548K(16640K), 0.0009750 secs] 43668K->30804K(55552K), 0.0010120 secs] [Times: user=0.01 sys=0.00, real=0.00 secs] 
142.948: Total time for which application threads were stopped: 0.0011300 seconds, Stopping threads took: 0.0000560 seconds
142.985: Application time: 0.0371670 seconds
142.985: [GC142.985: [ParNew: 15964K->1034K(16640K), 0.0005590 secs] 45221K->30290K(55552K), 0.0005900 secs] [Times: user=0.00 sys=0.00, real=0.00 secs] 
142.985: Total time for which application threads were stopped: 0.0007060 seconds, Stopping threads took: 0.0000610 seconds
143.019: Application time: 0.0333720 seconds
143.019: [GC143.019: [ParNew: 15437K->1550K(16640K), 0.0009790 secs] 44694K->31830K(55552K), 0.0010230 secs] [Times: user=0.00 sys=0.00, real=0.00 secs] 
143.020: Total time for which application threads were stopped: 0.0011460 seconds, Stopping threads took: 0.0000590 seconds
143.057: Application time: 0.0370400 seconds
143.057: [GC143.057: [ParNew: 15966K->1034K(16640K), 0.0005050 secs] 46247K->31314K(55552K), 0.0005340 secs] [Times: user=0.00 sys=0.00, real=0.00 secs] 
143.058: Total time for which application threads were stopped: 0.0006770 seconds, Stopping threads took: 0.0000850 seconds
143.092: Application time: 0.0338110 seconds
143.092: [GC143.092: [ParNew: 15440K->1548K(16640K), 0.0008350 secs] 45720K->32340K(55552K), 0.0008670 secs] [Times: user=0.01 sys=0.00, real=0.00 secs] 
143.093: Total time for which application threads were stopped: 0.0009840 seconds, Stopping threads took: 0.0000560 seconds
143.130: Application time: 0.0376610 seconds
143.130: [GC143.130: [ParNew: 15960K->1546K(16640K), 0.0008950 secs] 46753K->32850K(55552K), 0.0009280 secs] [Times: user=0.01 sys=0.00, real=0.00 secs] 
143.131: Total time for which application threads were stopped: 0.0010370 seconds, Stopping threads took: 0.0000530 seconds
143.166: Application time: 0.0352470 seconds
143.167: [GC143.167: [ParNew: 15960K->1032K(16640K), 0.0005230 secs] 47265K->32336K(55552K), 0.0005520 secs] [Times: user=0.00 sys=0.00, real=0.00 secs] 
143.167: Total time for which application threads were stopped: 0.0006850 seconds, Stopping threads took: 0.0000780 seconds
143.202: Application time: 0.0344160 seconds
143.202: [GC143.202: [ParNew: 15594K->1606K(16640K), 0.0007240 secs] 46899K->32911K(55552K), 0.0007560 secs] [Times: user=0.00 sys=0.00, real=0.00 secs] 
143.203: Total time for which application threads were stopped: 0.0009720 seconds, Stopping threads took: 0.0001560 seconds
143.239: Application time: 0.0362150 seconds
143.239: [GC143.239: [ParNew: 16020K->1548K(16640K), 0.0007350 secs] 47325K->32910K(55552K), 0.0007650 secs] [Times: user=0.01 sys=0.00, real=0.00 secs] 
143.240: Total time for which application threads were stopped: 0.0008800 seconds, Stopping threads took: 0.0000570 seconds
143.274: Application time: 0.0342830 seconds
143.274: [GC143.274: [ParNew: 15954K->1546K(16640K), 0.0010920 secs] 47315K->33932K(55552K), 0.0011280 secs] [Times: user=0.01 sys=0.00, real=0.00 secs] 
143.275: Total time for which application threads were stopped: 0.0012630 seconds, Stopping threads took: 0.0000720 seconds
143.312: Application time: 0.0364550 seconds
143.312: [GC143.312: [ParNew: 15960K->1548K(16640K), 0.0007060 secs] 48346K->33934K(55552K), 0.0007360 secs] [Times: user=0.00 sys=0.00, real=0.00 secs] 
143.313: Total time for which application threads were stopped: 0.0008660 seconds, Stopping threads took: 0.0000650 seconds
143.347: Application time: 0.0346160 seconds
143.347: [GC143.347: [ParNew: 15956K->1546K(16640K), 0.0008120 secs] 48342K->34444K(55552K), 0.0008450 secs] [Times: user=0.00 sys=0.00, real=0.00 secs] 
143.348: Total time for which application threads were stopped: 0.0009740 seconds, Stopping threads took: 0.0000680 seconds
143.385: Application time: 0.0364740 seconds
143.385: [GC143.385: [ParNew: 16034K->1576K(16640K), 0.0008000 secs] 48932K->34986K(55552K), 0.0008340 secs] [Times: user=0.00 sys=0.00, real=0.00 secs] 
143.386: Total time for which application threads were stopped: 0.0009890 seconds, Stopping threads took: 0.0000960 seconds
143.424: Application time: 0.0385630 seconds
143.424: [GC143.424: [ParNew: 16152K->582K(16640K), 0.0003790 secs] 49562K->34020K(55552K), 0.0004090 secs] [Times: user=0.00 sys=0.00, real=0.00 secs] 
143.425: Total time for which application threads were stopped: 0.0005160 seconds, Stopping threads took: 0.0000540 seconds
143.456: Application time: 0.0312260 seconds
143.456: [GC143.456: [ParNew: 15222K->1690K(16640K), 0.0009450 secs] 48661K->35640K(55552K), 0.0009810 secs] [Times: user=0.00 sys=0.00, real=0.00 secs] 
143.457: Total time for which application threads were stopped: 0.0011140 seconds, Stopping threads took: 0.0000710 seconds
143.495: Application time: 0.0382130 seconds
143.495: [GC143.495: [ParNew: 16106K->526K(16640K), 0.0004890 secs] 50057K->34619K(55552K), 0.0005260 secs] [Times: user=0.00 sys=0.00, real=0.00 secs] 
143.496: Total time for which application threads were stopped: 0.0007740 seconds, Stopping threads took: 0.0001940 seconds
143.529: Application time: 0.0335210 seconds
143.530: [GC143.530: [ParNew: 14929K->1546K(16640K), 0.0008150 secs] 49023K->36151K(55552K), 0.0008510 secs] [Times: user=0.01 sys=0.00, real=0.00 secs] 
143.530: Total time for which application threads were stopped: 0.0009650 seconds, Stopping threads took: 0.0000570 seconds
143.568: Application time: 0.0373750 seconds
143.568: [GC143.568: [ParNew: 15958K->1546K(16640K), 0.0006440 secs] 50563K->36151K(55552K), 0.0006770 secs] [Times: user=0.01 sys=0.00, real=0.01 secs] 
143.569: Total time for which application threads were stopped: 0.0008200 seconds, Stopping threads took: 0.0000820 seconds
143.602: Application time: 0.0335940 seconds
143.602: [GC143.602: [ParNew: 15954K->1546K(16640K), 0.0008860 secs] 50559K->36663K(55552K), 0.0009200 secs] [Times: user=0.00 sys=0.00, real=0.00 secs] 
143.603: Total time for which application threads were stopped: 0.0010480 seconds, Stopping threads took: 0.0000680 seconds
143.639: Application time: 0.0353670 seconds
143.639: [GC143.639: [ParNew: 15956K->1546K(16640K), 0.0008820 secs] 51073K->37175K(55552K), 0.0009140 secs] [Times: user=0.00 sys=0.00, real=0.00 secs] 
143.640: Total time for which application threads were stopped: 0.0010410 seconds, Stopping threads took: 0.0000660 seconds
143.675: Application time: 0.0350600 seconds
143.675: [GC143.675: [ParNew: 15956K->1546K(16640K), 0.0007900 secs] 51585K->37687K(55552K), 0.0008230 secs] [Times: user=0.01 sys=0.00, real=0.00 secs] 
143.676: Total time for which application threads were stopped: 0.0009500 seconds, Stopping threads took: 0.0000680 seconds
143.676: Application time: 0.0000860 seconds
143.677: [GC [1 CMS-initial-mark: 36141K(38912K)] 38199K(55552K), 0.0000980 secs] [Times: user=0.00 sys=0.00, real=0.00 secs] 
143.677: Total time for which application threads were stopped: 0.0008840 seconds, Stopping threads took: 0.0007670 seconds
143.677: [CMS-concurrent-mark-start]
143.682: [CMS-concurrent-mark: 0.006/0.006 secs] [Times: user=0.03 sys=0.00, real=0.01 secs] 
143.682: [CMS-concurrent-preclean-start]
143.683: [CMS-concurrent-preclean: 0.000/0.000 secs] [Times: user=0.00 sys=0.00, real=0.00 secs] 
143.683: [CMS-concurrent-abortable-preclean-start]
143.713: Application time: 0.0360380 seconds
143.713: [GC143.713: [ParNew: 15954K->1548K(16640K), 0.0010950 secs] 52095K->38713K(55552K), 0.0011290 secs] [Times: user=0.01 sys=0.00, real=0.00 secs] 
143.714: Total time for which application threads were stopped: 0.0013110 seconds, Stopping threads took: 0.0001230 seconds
143.751: Application time: 0.0370230 seconds
143.751: [GC143.751: [ParNew: 15962K->1544K(16640K), 0.0006240 secs] 53127K->38709K(55552K), 0.0006530 secs] [Times: user=0.01 sys=0.00, real=0.00 secs] 
143.752: Total time for which application threads were stopped: 0.0007940 seconds, Stopping threads took: 0.0000820 seconds
143.786: Application time: 0.0339780 seconds
143.786: [GC143.786: [ParNew: 15952K->1546K(16640K), 0.0008270 secs] 53117K->39223K(55552K), 0.0008620 secs] [Times: user=0.01 sys=0.00, real=0.00 secs] 
143.787: Total time for which application threads were stopped: 0.0009930 seconds, Stopping threads took: 0.0000720 seconds
143.823: Application time: 0.0363280 seconds
143.823: [GC143.823: [ParNew: 15956K->1548K(16640K), 0.0008040 secs] 53633K->39737K(55552K), 0.0008370 secs] [Times: user=0.01 sys=0.00, real=0.00 secs] 
143.824: Total time for which application threads were stopped: 0.0009720 seconds, Stopping threads took: 0.0000670 seconds
143.859: Application time: 0.0344890 seconds
143.859: [GC143.859: [ParNew (promotion failed): 16116K->16176K(16640K), 0.0007470 secs]143.860: [CMS143.860: [CMS-concurrent-abortable-preclean: 0.001/0.177 secs] [Times: user=1.40 sys=0.01, real=0.17 secs] 
 (concurrent mode failure): 38189K->7565K(38912K), 0.0069880 secs] 54305K->7565K(55552K), [CMS Perm : 5181K->5181K(21248K)], 0.0077920 secs] [Times: user=0.01 sys=0.00, real=0.01 secs] 
143.867: Total time for which application threads were stopped: 0.0079230 seconds, Stopping threads took: 0.0000630 seconds
143.903: Application time: 0.0360760 seconds
143.903: [GC143.903: [ParNew: 14412K->1546K(16640K), 0.0006750 secs] 21978K->9112K(55552K), 0.0007080 secs] [Times: user=0.01 sys=0.00, real=0.00 secs] 
143.904: Total time for which application threads were stopped: 0.0008570 seconds, Stopping threads took: 0.0000910 seconds
143.938: Application time: 0.0348290 seconds
143.938: [GC143.938: [ParNew: 15956K->1544K(16640K), 0.0006730 secs] 23522K->9110K(55552K), 0.0007050 secs] [Times: user=0.00 sys=0.00, real=0.00 secs] 
143.939: Total time for which application threads were stopped: 0.0008300 seconds, Stopping threads took: 0.0000670 seconds
143.974: Application time: 0.0345630 seconds
143.974: [GC143.974: [ParNew: 15952K->1550K(16640K), 0.0008300 secs] 23518K->9630K(55552K), 0.0008660 secs] [Times: user=0.00 sys=0.00, real=0.00 secs] 
143.975: Total time for which application threads were stopped: 0.0009990 seconds, Stopping threads took: 0.0000710 seconds
144.013: Application time: 0.0378540 seconds
144.013: [GC144.013: [ParNew: 15968K->10K(16640K), 0.0002690 secs] 24048K->8090K(55552K), 0.0002970 secs] [Times: user=0.00 sys=0.00, real=0.00 secs] 
144.013: Total time for which application threads were stopped: 0.0004040 seconds, Stopping threads took: 0.0000590 seconds
144.045: Application time: 0.0320780 seconds
144.045: [GC144.045: [ParNew: 14490K->1574K(16640K), 0.0008620 secs] 22570K->10168K(55552K), 0.0008960 secs] [Times: user=0.00 sys=0.00, real=0.00 secs] 
144.046: Total time for which application threads were stopped: 0.0010120 seconds, Stopping threads took: 0.0000560 seconds
144.083: Application time: 0.0372020 seconds
144.083: [GC144.083: [ParNew: 16149K->70K(16640K), 0.0003340 secs] 24743K->8701K(55552K), 0.0003620 secs] [Times: user=0.00 sys=0.00, real=0.00 secs] 
144.084: Total time for which application threads were stopped: 0.0004670 seconds, Stopping threads took: 0.0000560 seconds
144.117: Application time: 0.0328360 seconds
144.117: [GC144.117: [ParNew: 14628K->1662K(16640K), 0.0008910 secs] 23259K->10805K(55552K), 0.0009250 secs] [Times: user=0.01 sys=0.00, real=0.00 secs] 
144.118: Total time for which application threads were stopped: 0.0010500 seconds, Stopping threads took: 0.0000660 seconds
144.153: Application time: 0.0351480 seconds
144.153: [GC144.153: [ParNew: 16152K->1576K(16640K), 0.0007730 secs] 25295K->10837K(55552K), 0.0008070 secs] [Times: user=0.01 sys=0.00, real=0.00 secs] 
144.154: Total time for which application threads were stopped: 0.0009260 seconds, Stopping threads took: 0.0000600 seconds
144.188: Application time: 0.0342670 seconds
144.188: [GC144.188: [ParNew: 15984K->1546K(16640K), 0.0008280 secs] 25245K->11347K(55552K), 0.0008640 secs] [Times: user=0.01 sys=0.00, real=0.01 secs] 
144.189: Total time for which application threads were stopped: 0.0009930 seconds, Stopping threads took: 0.0000670 seconds
144.226: Application time: 0.0369930 seconds
144.226: [GC144.226: [ParNew: 15962K->522K(16640K), 0.0003880 secs] 25763K->10323K(55552K), 0.0004180 secs] [Times: user=0.00 sys=0.00, real=0.00 secs] 
144.227: Total time for which application threads were stopped: 0.0005290 seconds, Stopping threads took: 0.0000580 seconds
144.260: Application time: 0.0338060 seconds
144.260: [GC144.260: [ParNew: 14925K->1544K(16640K), 0.0007110 secs] 24727K->11345K(55552K), 0.0007440 secs] [Times: user=0.00 sys=0.00, real=0.01 secs] 
144.261: Total time for which application threads were stopped: 0.0008700 seconds, Stopping threads took: 0.0000640 seconds
144.296: Application time: 0.0348260 seconds
144.296: [GC144.296: [ParNew: 15958K->1034K(16640K), 0.0005300 secs] 25759K->10835K(55552K), 0.0005610 secs] [Times: user=0.01 sys=0.00, real=0.00 secs] 
144.297: Total time for which application threads were stopped: 0.0006980 seconds, Stopping threads took: 0.0000760 seconds
144.331: Application time: 0.0346660 seconds
144.332: [GC144.332: [ParNew: 15440K->1544K(16640K), 0.0006200 secs] 25241K->11345K(55552K), 0.0006510 secs] [Times: user=0.01 sys=0.00, real=0.00 secs] 
144.332: Total time for which application threads were stopped: 0.0008500 seconds, Stopping threads took: 0.0001360 seconds
144.367: Application time: 0.0350420 seconds
144.367: [GC144.367: [ParNew: 15954K->1548K(16640K), 0.0008680 secs] 25755K->11861K(55552K), 0.0009010 secs] [Times: user=0.00 sys=0.00, real=0.00 secs] 
144.368: Total time for which application threads were stopped: 0.0010170 seconds, Stopping threads took: 0.0000570 seconds
144.404: Application time: 0.0356120 seconds
144.404: [GC144.404: [ParNew: 15960K->1546K(16640K), 0.0006520 secs] 26273K->11859K(55552K), 0.0006840 secs] [Times: user=0.00 sys=0.00, real=0.00 secs] 
144.405: Total time for which application threads were stopped: 0.0008210 seconds, Stopping threads took: 0.0000820 seconds
144.438: Application time: 0.0336010 seconds
144.438: [GC144.438: [ParNew: 15954K->1546K(16640K), 0.0008310 secs] 26267K->12371K(55552K), 0.0008640 secs] [Times: user=0.01 sys=0.00, real=0.00 secs] 
144.439: Total time for which application threads were stopped: 0.0009820 seconds, Stopping threads took: 0.0000590 seconds
144.477: Application time: 0.0376920 seconds
144.478: [GC144.478: [ParNew: 16044K->40K(16640K), 0.0003240 secs] 26870K->10865K(55552K), 0.0003660 secs] [Times: user=0.00 sys=0.00, real=0.00 secs] 
144.479: Total time for which application threads were stopped: 0.0015930 seconds, Stopping threads took: 0.0011620 seconds
144.511: Application time: 0.0320160 seconds
144.511: [GC144.511: [ParNew: 14520K->1608K(16640K), 0.0008400 secs] 25345K->12945K(55552K), 0.0008720 secs] [Times: user=0.00 sys=0.00, real=0.00 secs] 
144.512: Total time for which application threads were stopped: 0.0010320 seconds, Stopping threads took: 0.0001010 seconds
144.549: Application time: 0.0375540 seconds
144.549: [GC144.549: [ParNew: 16026K->10K(16640K), 0.0003550 secs] 27364K->11404K(55552K), 0.0003830 secs] [Times: user=0.00 sys=0.00, real=0.00 secs] 
144.550: Total time for which application threads were stopped: 0.0004890 seconds, Stopping threads took: 0.0000590 seconds
144.582: Application time: 0.0324990 seconds
144.582: [GC144.582: [ParNew: 14411K->1548K(16640K), 0.0008700 secs] 25806K->13454K(55552K), 0.0009040 secs] [Times: user=0.01 sys=0.00, real=0.00 secs] 
144.583: Total time for which application threads were stopped: 0.0010290 seconds, Stopping threads took: 0.0000650 seconds
144.619: Application time: 0.0359280 seconds
144.619: [GC144.619: [ParNew: 15960K->1546K(16640K), 0.0006460 secs] 27866K->13452K(55552K), 0.0006780 secs] [Times: user=0.00 sys=0.00, real=0.00 secs] 
144.620: Total time for which application threads were stopped: 0.0007910 seconds, Stopping threads took: 0.0000580 seconds
144.654: Application time: 0.0341330 seconds
144.654: [GC144.654: [ParNew: 15956K->1546K(16640K), 0.0007060 secs] 27862K->13452K(55552K), 0.0007380 secs] [Times: user=0.01 sys=0.00, real=0.00 secs] 
144.655: Total time for which application threads were stopped: 0.0008540 seconds, Stopping threads took: 0.0000580 seconds
144.689: Application time: 0.0339020 seconds
144.689: [GC144.689: [ParNew: 16032K->1576K(16640K), 0.0008990 secs] 27939K->13994K(55552K), 0.0009310 secs] [Times: user=0.01 sys=0.00, real=0.00 secs] 
144.690: Total time for which application threads were stopped: 0.0010670 seconds, Stopping threads took: 0.0000760 seconds
144.727: Application time: 0.0367210 seconds
144.727: [GC144.727: [ParNew: 16066K->1576K(16640K), 0.0007150 secs] 28485K->14023K(55552K), 0.0007470 secs] [Times: user=0.00 sys=0.00, real=0.00 secs] 
144.728: Total time for which application threads were stopped: 0.0008680 seconds, Stopping threads took: 0.0000630 seconds
144.761: Application time: 0.0333850 seconds
144.761: [GC144.761: [ParNew: 16062K->1578K(16640K), 0.0008340 secs] 28509K->14565K(55552K), 0.0008780 secs] [Times: user=0.00 sys=0.00, real=0.00 secs] 
144.762: Total time for which application threads were stopped: 0.0010110 seconds, Stopping threads took: 0.0000730 seconds
144.800: Application time: 0.0376220 seconds
144.800: [GC144.800: [ParNew: 16233K->610K(16640K), 0.0003570 secs] 29220K->13626K(55552K), 0.0003860 secs] [Times: user=0.01 sys=0.00, real=0.00 secs] 
144.800: Total time for which application threads were stopped: 0.0005200 seconds, Stopping threads took: 0.0000820 seconds
144.834: Application time: 0.0337990 seconds
144.834: [GC144.834: [ParNew: 15014K->1634K(16640K), 0.0008250 secs] 28030K->15162K(55552K), 0.0008610 secs] [Times: user=0.00 sys=0.00, real=0.00 secs] 
144.835: Total time for which application threads were stopped: 0.0009920 seconds, Stopping threads took: 0.0000640 seconds
144.869: Application time: 0.0344980 seconds
144.872: [GC144.872: [ParNew: 16042K->1548K(16640K), 0.0009830 secs] 29570K->15673K(55552K), 0.0010140 secs] [Times: user=0.01 sys=0.00, real=0.00 secs] 
144.873: Total time for which application threads were stopped: 0.0036540 seconds, Stopping threads took: 0.0025780 seconds
144.908: Application time: 0.0354070 seconds
144.909: [GC144.909: [ParNew: 15962K->1544K(16640K), 0.0006370 secs] 30088K->15669K(55552K), 0.0006710 secs] [Times: user=0.01 sys=0.00, real=0.00 secs] 
144.909: Total time for which application threads were stopped: 0.0008780 seconds, Stopping threads took: 0.0001470 seconds
144.944: Application time: 0.0350370 seconds
144.944: [GC144.944: [ParNew: 15952K->1546K(16640K), 0.0008390 secs] 30077K->16183K(55552K), 0.0008730 secs] [Times: user=0.00 sys=0.00, real=0.00 secs] 
144.945: Total time for which application threads were stopped: 0.0010230 seconds, Stopping threads took: 0.0000920 seconds
144.981: Application time: 0.0356010 seconds
144.981: [GC144.981: [ParNew: 15958K->1036K(16640K), 0.0005030 secs] 30596K->15673K(55552K), 0.0005330 secs] [Times: user=0.00 sys=0.00, real=0.00 secs] 
144.982: Total time for which application threads were stopped: 0.0006610 seconds, Stopping threads took: 0.0000760 seconds
145.016: Application time: 0.0348590 seconds
145.017: [GC145.017: [ParNew: 15444K->1546K(16640K), 0.0008190 secs] 30081K->16695K(55552K), 0.0008530 secs] [Times: user=0.01 sys=0.00, real=0.00 secs] 
145.017: Total time for which application threads were stopped: 0.0009760 seconds, Stopping threads took: 0.0000620 seconds
145.053: Application time: 0.0355430 seconds
145.053: [GC145.053: [ParNew: 15960K->1034K(16640K), 0.0005070 secs] 31110K->16183K(55552K), 0.0005360 secs] [Times: user=0.00 sys=0.00, real=0.00 secs] 
145.054: Total time for which application threads were stopped: 0.0007250 seconds, Stopping threads took: 0.0001350 seconds
145.088: Application time: 0.0342310 seconds
145.088: [GC145.088: [ParNew: 15442K->1546K(16640K), 0.0006800 secs] 30591K->16695K(55552K), 0.0007140 secs] [Times: user=0.01 sys=0.00, real=0.01 secs] 
145.089: Total time for which application threads were stopped: 0.0009260 seconds, Stopping threads took: 0.0001550 seconds
145.123: Application time: 0.0341290 seconds
145.123: [GC145.123: [ParNew: 15954K->1550K(16640K), 0.0008850 secs] 31103K->17211K(55552K), 0.0009170 secs] [Times: user=0.00 sys=0.00, real=0.00 secs] 
145.124: Total time for which application threads were stopped: 0.0010380 seconds, Stopping threads took: 0.0000620 seconds
145.160: Application time: 0.0361150 seconds
145.160: [GC145.160: [ParNew: 16118K->1608K(16640K), 0.0007480 secs] 31780K->17270K(55552K), 0.0007830 secs] [Times: user=0.00 sys=0.00, real=0.01 secs] 
145.161: Total time for which application threads were stopped: 0.0009130 seconds, Stopping threads took: 0.0000690 seconds
145.195: Application time: 0.0341570 seconds
145.195: [GC145.195: [ParNew: 16014K->1550K(16640K), 0.0010220 secs] 31676K->18293K(55552K), 0.0010600 secs] [Times: user=0.01 sys=0.00, real=0.00 secs] 
145.196: Total time for which application threads were stopped: 0.0011860 seconds, Stopping threads took: 0.0000630 seconds
145.234: Application time: 0.0372440 seconds
145.234: [GC145.234: [ParNew: 15964K->1544K(16640K), 0.0007360 secs] 32707K->18286K(55552K), 0.0007780 secs] [Times: user=0.01 sys=0.00, real=0.00 secs] 
145.235: Total time for which application threads were stopped: 0.0009000 seconds, Stopping threads took: 0.0000650 seconds
145.268: Application time: 0.0335270 seconds
145.268: [GC145.268: [ParNew: 15952K->1546K(16640K), 0.0009160 secs] 32694K->18801K(55552K), 0.0009510 secs] [Times: user=0.01 sys=0.00, real=0.01 secs] 
145.269: Total time for which application threads were stopped: 0.0010760 seconds, Stopping threads took: 0.0000670 seconds
145.305: Application time: 0.0357440 seconds
145.305: [GC145.305: [ParNew: 15956K->1546K(16640K), 0.0008940 secs] 33211K->19313K(55552K), 0.0009290 secs] [Times: user=0.00 sys=0.00, real=0.00 secs] 
145.306: Total time for which application threads were stopped: 0.0010400 seconds, Stopping threads took: 0.0000520 seconds
145.342: Application time: 0.0357090 seconds
145.342: [GC145.342: [ParNew: 16040K->1064K(16640K), 0.0004920 secs] 33807K->18831K(55552K), 0.0005260 secs] [Times: user=0.00 sys=0.00, real=0.00 secs] 
145.342: Total time for which application threads were stopped: 0.0006410 seconds, Stopping threads took: 0.0000520 seconds
145.375: Application time: 0.0326620 seconds
145.375: [GC145.375: [ParNew: 15548K->1578K(16640K), 0.0008220 secs] 33315K->19885K(55552K), 0.0008570 secs] [Times: user=0.01 sys=0.00, real=0.00 secs] 
145.376: Total time for which application threads were stopped: 0.0009860 seconds, Stopping threads took: 0.0000680 seconds
145.414: Application time: 0.0377490 seconds
145.414: [GC145.414: [ParNew: 16076K->44K(16640K), 0.0003230 secs] 34384K->18380K(55552K), 0.0003520 secs] [Times: user=0.00 sys=0.00, real=0.00 secs] 
145.414: Total time for which application threads were stopped: 0.0004860 seconds, Stopping threads took: 0.0000840 seconds
145.446: Application time: 0.0313940 seconds
145.446: [GC145.446: [ParNew: 14602K->1634K(16640K), 0.0008920 secs] 32938K->20482K(55552K), 0.0009260 secs] [Times: user=0.00 sys=0.00, real=0.00 secs] 
145.447: Total time for which application threads were stopped: 0.0010420 seconds, Stopping threads took: 0.0000530 seconds
145.484: Application time: 0.0373820 seconds
145.484: [GC145.484: [ParNew: 16128K->1066K(16640K), 0.0005690 secs] 34976K->19999K(55552K), 0.0006020 secs] [Times: user=0.00 sys=0.00, real=0.00 secs] 
145.485: Total time for which application threads were stopped: 0.0007120 seconds, Stopping threads took: 0.0000570 seconds
145.518: Application time: 0.0330190 seconds
145.518: [GC145.518: [ParNew: 15472K->1546K(16640K), 0.0009200 secs] 34405K->21020K(55552K), 0.0009560 secs] [Times: user=0.00 sys=0.00, real=0.00 secs] 
145.519: Total time for which application threads were stopped: 0.0010770 seconds, Stopping threads took: 0.0000580 seconds
145.553: Application time: 0.0346020 seconds
145.554: [GC145.554: [ParNew: 15956K->1548K(16640K), 0.0008690 secs] 35430K->21534K(55552K), 0.0009010 secs] [Times: user=0.00 sys=0.00, real=0.00 secs] 
145.555: Total time for which application threads were stopped: 0.0010390 seconds, Stopping threads took: 0.0000810 seconds
145.591: Application time: 0.0363350 seconds
145.591: [GC145.591: [ParNew: 15960K->1544K(16640K), 0.0007540 secs] 35946K->21530K(55552K), 0.0007860 secs] [Times: user=0.00 sys=0.00, real=0.00 secs] 
145.592: Total time for which application threads were stopped: 0.0009060 seconds, Stopping threads took: 0.0000630 seconds
145.624: Application time: 0.0318290 seconds
145.624: [GC145.624: [ParNew: 15948K->1548K(16640K), 0.0010170 secs] 35934K->22558K(55552K), 0.0010550 secs] [Times: user=0.00 sys=0.00, real=0.00 secs] 
145.625: Total time for which application threads were stopped: 0.0012160 seconds, Stopping threads took: 0.0000980 seconds
145.662: Application time: 0.0376700 seconds
145.663: [GC145.663: [ParNew: 15966K->1036K(16640K), 0.0004770 secs] 36976K->22046K(55552K), 0.0005070 secs] [Times: user=0.01 sys=0.00, real=0.00 secs] 
145.663: Total time for which application threads were stopped: 0.0006560 seconds, Stopping threads took: 0.0000810 seconds
145.696: Application time: 0.0327800 seconds
145.696: [GC145.696: [ParNew: 15439K->1548K(16640K), 0.0010110 secs] 36450K->23582K(55552K), 0.0010610 secs] [Times: user=0.01 sys=0.00, real=0.00 secs] 
145.697: Total time for which application threads were stopped: 0.0011910 seconds, Stopping threads took: 0.0000680 seconds
145.734: Application time: 0.0370490 seconds
145.734: [GC145.734: [ParNew: 15962K->1548K(16640K), 0.0006300 secs] 37996K->23582K(55552K), 0.0006620 secs] [Times: user=0.00 sys=0.00, real=0.00 secs] 
145.735: Total time for which application threads were stopped: 0.0007810 seconds, Stopping threads took: 0.0000640 seconds
145.769: Application time: 0.0340040 seconds
145.769: [GC145.769: [ParNew: 15954K->1546K(16640K), 0.0010180 secs] 37988K->24604K(55552K), 0.0010530 secs] [Times: user=0.01 sys=0.00, real=0.00 secs] 
145.770: Total time for which application threads were stopped: 0.0012010 seconds, Stopping threads took: 0.0000840 seconds
145.808: Application time: 0.0373790 seconds
145.808: [GC145.808: [ParNew: 16123K->584K(16640K), 0.0003990 secs] 39181K->23642K(55552K), 0.0004280 secs] [Times: user=0.01 sys=0.00, real=0.00 secs] 
145.808: Total time for which application threads were stopped: 0.0005330 seconds, Stopping threads took: 0.0000530 seconds
145.841: Application time: 0.0328970 seconds
145.841: [GC145.841: [ParNew: 14986K->1606K(16640K), 0.0010130 secs] 38044K->25688K(55552K), 0.0010480 secs] [Times: user=0.01 sys=0.00, real=0.00 secs] 
145.842: Total time for which application threads were stopped: 0.0011780 seconds, Stopping threads took: 0.0000680 seconds
145.878: Application time: 0.0359440 seconds
145.878: [GC145.878: [ParNew: 16020K->1548K(16640K), 0.0007680 secs] 40102K->25687K(55552K), 0.0008020 secs] [Times: user=0.00 sys=0.00, real=0.00 secs] 
145.879: Total time for which application threads were stopped: 0.0009330 seconds, Stopping threads took: 0.0000650 seconds
145.914: Application time: 0.0350390 seconds
145.914: [GC145.914: [ParNew: 15958K->1548K(16640K), 0.0007110 secs] 40097K->25687K(55552K), 0.0007430 secs] [Times: user=0.01 sys=0.00, real=0.00 secs] 
145.915: Total time for which application threads were stopped: 0.0008640 seconds, Stopping threads took: 0.0000650 seconds
145.949: Application time: 0.0338980 seconds
145.949: [GC145.949: [ParNew: 15956K->1550K(16640K), 0.0008200 secs] 40095K->26201K(55552K), 0.0008550 secs] [Times: user=0.01 sys=0.00, real=0.00 secs] 
145.950: Total time for which application threads were stopped: 0.0009720 seconds, Stopping threads took: 0.0000590 seconds
145.986: Application time: 0.0360190 seconds
145.986: [GC145.986: [ParNew: 16044K->554K(16640K), 0.0003360 secs] 40695K->25205K(55552K), 0.0003660 secs] [Times: user=0.01 sys=0.00, real=0.00 secs] 
145.986: Total time for which application threads were stopped: 0.0005140 seconds, Stopping threads took: 0.0000950 seconds
146.020: Application time: 0.0336900 seconds
146.020: [GC146.020: [ParNew: 15036K->1604K(16640K), 0.0008840 secs] 39687K->26767K(55552K), 0.0009200 secs] [Times: user=0.00 sys=0.00, real=0.01 secs] 
146.021: Total time for which application threads were stopped: 0.0010560 seconds, Stopping threads took: 0.0000780 seconds
146.056: Application time: 0.0345400 seconds
146.056: [GC146.056: [ParNew: 16012K->1548K(16640K), 0.0010840 secs] 41175K->27792K(55552K), 0.0011200 secs] [Times: user=0.00 sys=0.00, real=0.00 secs] 
146.057: Total time for which application threads were stopped: 0.0012680 seconds, Stopping threads took: 0.0000870 seconds
146.093: Application time: 0.0359340 seconds
146.093: [GC146.093: [ParNew: 16042K->1576K(16640K), 0.0006320 secs] 42286K->27820K(55552K), 0.0006650 secs] [Times: user=0.01 sys=0.00, real=0.00 secs] 
146.094: Total time for which application threads were stopped: 0.0008180 seconds, Stopping threads took: 0.0000950 seconds
146.128: Application time: 0.0345480 seconds
146.128: [GC146.128: [ParNew: 16220K->1634K(16640K), 0.0008720 secs] 42465K->28419K(55552K), 0.0009100 secs] [Times: user=0.01 sys=0.00, real=0.01 secs] 
146.129: Total time for which application threads were stopped: 0.0010520 seconds, Stopping threads took: 0.0000800 seconds
146.165: Application time: 0.0356300 seconds
146.165: [GC146.165: [ParNew: 16048K->1034K(16640K), 0.0006130 secs] 42833K->27904K(55552K), 0.0006430 secs] [Times: user=0.01 sys=0.00, real=0.00 secs] 
146.166: Total time for which application threads were stopped: 0.0007530 seconds, Stopping threads took: 0.0000550 seconds
146.198: Application time: 0.0328010 seconds
146.199: [GC146.199: [ParNew: 15437K->1546K(16640K), 0.0010010 secs] 42308K->29440K(55552K), 0.0010360 secs] [Times: user=0.01 sys=0.00, real=0.00 secs] 
146.200: Total time for which application threads were stopped: 0.0011560 seconds, Stopping threads took: 0.0000570 seconds
146.236: Application time: 0.0367620 seconds
146.236: [GC146.237: [ParNew: 15960K->1544K(16640K), 0.0006280 secs] 43854K->29438K(55552K), 0.0006610 secs] [Times: user=0.01 sys=0.00, real=0.00 secs] 
146.237: Total time for which application threads were stopped: 0.0007860 seconds, Stopping threads took: 0.0000660 seconds
146.271: Application time: 0.0337260 seconds
146.271: [GC146.271: [ParNew: 15952K->1548K(16640K), 0.0008010 secs] 43846K->29954K(55552K), 0.0008340 secs] [Times: user=0.00 sys=0.00, real=0.00 secs] 
146.272: Total time for which application threads were stopped: 0.0010290 seconds, Stopping threads took: 0.0001330 seconds
146.307: Application time: 0.0354050 seconds
146.308: [GC146.308: [ParNew: 15960K->1546K(16640K), 0.0006580 secs] 44366K->29952K(55552K), 0.0006900 secs] [Times: user=0.00 sys=0.00, real=0.00 secs] 
146.308: Total time for which application threads were stopped: 0.0009020 seconds, Stopping threads took: 0.0001530 seconds
146.344: Application time: 0.0355440 seconds
146.344: [GC146.344: [ParNew: 15956K->1548K(16640K), 0.0006670 secs] 44362K->29954K(55552K), 0.0007020 secs] [Times: user=0.00 sys=0.00, real=0.00 secs] 
146.345: Total time for which application threads were stopped: 0.0008210 seconds, Stopping threads took: 0.0000620 seconds
146.381: Application time: 0.0359440 seconds
146.381: [GC146.381: [ParNew: 15960K->1036K(16640K), 0.0005290 secs] 44366K->29442K(55552K), 0.0005630 secs] [Times: user=0.00 sys=0.00, real=0.00 secs] 
146.381: Total time for which application threads were stopped: 0.0007060 seconds, Stopping threads took: 0.0000810 seconds
146.415: Application time: 0.0340460 seconds
146.415: [GC146.415: [ParNew: 15442K->1546K(16640K), 0.0008840 secs] 43848K->30464K(55552K), 0.0009180 secs] [Times: user=0.01 sys=0.00, real=0.00 secs] 
146.416: Total time for which application threads were stopped: 0.0010490 seconds, Stopping threads took: 0.0000720 seconds
146.452: Application time: 0.0355970 seconds
146.452: [GC146.452: [ParNew: 16120K->580K(16640K), 0.0004840 secs] 45039K->29498K(55552K), 0.0005180 secs] [Times: user=0.00 sys=0.00, real=0.00 secs] 
146.453: Total time for which application threads were stopped: 0.0006260 seconds, Stopping threads took: 0.0000530 seconds
146.487: Application time: 0.0341470 seconds
146.487: [GC146.487: [ParNew: 14984K->1604K(16640K), 0.0008270 secs] 43902K->31034K(55552K), 0.0008600 secs] [Times: user=0.01 sys=0.00, real=0.00 secs] 
146.488: Total time for which application threads were stopped: 0.0009730 seconds, Stopping threads took: 0.0000540 seconds
146.525: Application time: 0.0370740 seconds
146.525: [GC146.525: [ParNew: 16018K->1032K(16640K), 0.0005290 secs] 45448K->30519K(55552K), 0.0005610 secs] [Times: user=0.00 sys=0.00, real=0.00 secs] 
146.525: Total time for which application threads were stopped: 0.0006740 seconds, Stopping threads took: 0.0000580 seconds
146.557: Application time: 0.0318560 seconds
146.557: [GC146.557: [ParNew: 15435K->1548K(16640K), 0.0010150 secs] 44923K->32059K(55552K), 0.0010530 secs] [Times: user=0.00 sys=0.00, real=0.00 secs] 
146.558: Total time for which application threads were stopped: 0.0011770 seconds, Stopping threads took: 0.0000590 seconds
146.597: Application time: 0.0381660 seconds
146.597: [GC146.597: [ParNew: 15966K->524K(16640K), 0.0003640 secs] 46477K->31035K(55552K), 0.0004030 secs] [Times: user=0.00 sys=0.00, real=0.00 secs] 
146.597: Total time for which application threads were stopped: 0.0005090 seconds, Stopping threads took: 0.0000540 seconds
146.630: Application time: 0.0327220 seconds
146.630: [GC146.630: [ParNew: 15006K->1576K(16640K), 0.0008220 secs] 45517K->32599K(55552K), 0.0008550 secs] [Times: user=0.00 sys=0.00, real=0.00 secs] 
146.631: Total time for which application threads were stopped: 0.0009800 seconds, Stopping threads took: 0.0000590 seconds
146.666: Application time: 0.0354460 seconds
146.666: [GC146.666: [ParNew: 16062K->1580K(16640K), 0.0010390 secs] 47086K->33656K(55552K), 0.0010750 secs] [Times: user=0.00 sys=0.00, real=0.00 secs] 
146.668: Total time for which application threads were stopped: 0.0012240 seconds, Stopping threads took: 0.0000890 seconds
146.703: Application time: 0.0352340 seconds
146.703: [GC146.703: [ParNew: 15996K->1034K(16640K), 0.0005420 secs] 48072K->33138K(55552K), 0.0005700 secs] [Times: user=0.00 sys=0.00, real=0.00 secs] 
146.703: Total time for which application threads were stopped: 0.0006770 seconds, Stopping threads took: 0.0000560 seconds
146.737: Application time: 0.0333740 seconds
146.737: [GC146.737: [ParNew: 15516K->1578K(16640K), 0.0010210 secs] 47620K->34706K(55552K), 0.0010590 secs] [Times: user=0.00 sys=0.00, real=0.00 secs] 
146.738: Total time for which application threads were stopped: 0.0011760 seconds, Stopping threads took: 0.0000550 seconds
146.776: Application time: 0.0384810 seconds
146.777: [GC146.777: [ParNew: 16076K->550K(16640K), 0.0003650 secs] 49205K->33707K(55552K), 0.0003950 secs] [Times: user=0.01 sys=0.00, real=0.00 secs] 
146.777: Total time for which application threads were stopped: 0.0005210 seconds, Stopping threads took: 0.0000720 seconds
146.809: Application time: 0.0322580 seconds
146.809: [GC146.809: [ParNew: 15108K->1636K(16640K), 0.0010010 secs] 48265K->35817K(55552K), 0.0010400 secs] [Times: user=0.01 sys=0.00, real=0.00 secs] 
146.810: Total time for which application threads were stopped: 0.0011820 seconds, Stopping threads took: 0.0000800 seconds
146.847: Application time: 0.0368660 seconds
146.847: [GC146.847: [ParNew: 16052K->1036K(16640K), 0.0005470 secs] 50233K->35302K(55552K), 0.0005770 secs] [Times: user=0.00 sys=0.00, real=0.00 secs] 
146.848: Total time for which application threads were stopped: 0.0006840 seconds, Stopping threads took: 0.0000540 seconds
146.880: Application time: 0.0319750 seconds
146.880: [GC146.880: [ParNew: 15439K->1548K(16640K), 0.0010250 secs] 49706K->36838K(55552K), 0.0010600 secs] [Times: user=0.00 sys=0.00, real=0.01 secs] 
146.881: Total time for which application threads were stopped: 0.0011890 seconds, Stopping threads took: 0.0000690 seconds
146.919: Application time: 0.0380920 seconds
146.919: [GC146.919: [ParNew: 15966K->518K(16640K), 0.0003910 secs] 51257K->35808K(55552K), 0.0004210 secs] [Times: user=0.00 sys=0.00, real=0.00 secs] 
146.920: Total time for which application threads were stopped: 0.0005500 seconds, Stopping threads took: 0.0000650 seconds
146.954: Application time: 0.0339560 seconds
146.954: [GC146.954: [ParNew: 14921K->1544K(16640K), 0.0008730 secs] 50212K->37346K(55552K), 0.0009080 secs] [Times: user=0.00 sys=0.00, real=0.00 secs] 
146.955: Total time for which application threads were stopped: 0.0010370 seconds, Stopping threads took: 0.0000660 seconds
146.955: Application time: 0.0000530 seconds
146.955: [GC [1 CMS-initial-mark: 35802K(38912K)] 37858K(55552K), 0.0000980 secs] [Times: user=0.00 sys=0.00, real=0.00 secs] 
146.955: Total time for which application threads were stopped: 0.0002910 seconds, Stopping threads took: 0.0001750 seconds
146.955: [CMS-concurrent-mark-start]
146.959: [CMS-concurrent-mark: 0.004/0.004 secs] [Times: user=0.02 sys=0.00, real=0.00 secs] 
146.959: [CMS-concurrent-preclean-start]
146.959: [CMS-concurrent-preclean: 0.000/0.000 secs] [Times: user=0.00 sys=0.00, real=0.00 secs] 
146.959: Application time: 0.0037240 seconds
146.959: [GC[YG occupancy: 3100 K (16640 K)]146.959: [Rescan (parallel) , 0.0001050 secs]146.959: [weak refs processing, 0.0000060 secs]146.959: [scrub string table, 0.0000930 secs] [1 CMS-remark: 35802K(38912K)] 38903K(55552K), 0.0002300 secs] [Times: user=0.00 sys=0.00, real=0.00 secs] 
146.959: Total time for which application threads were stopped: 0.0003040 seconds, Stopping threads took: 0.0000510 seconds
146.959: [CMS-concurrent-sweep-start]
146.960: [CMS-concurrent-sweep: 0.001/0.001 secs] [Times: user=0.01 sys=0.00, real=0.00 secs] 
146.960: [CMS-concurrent-reset-start]
146.960: [CMS-concurrent-reset: 0.000/0.000 secs] [Times: user=0.00 sys=0.00, real=0.00 secs] 
146.991: Application time: 0.0316890 seconds
146.991: [GC146.991: [ParNew: 15954K->1546K(16640K), 0.0008110 secs] 22002K->8106K(55552K), 0.0008450 secs] [Times: user=0.00 sys=0.00, real=0.00 secs] 
146.992: Total time for which application threads were stopped: 0.0009690 seconds, Stopping threads took: 0.0000630 seconds
147.031: Application time: 0.0391500 seconds
147.031: [GC147.031: [ParNew: 15962K->10K(16640K), 0.0002440 secs] 22523K->6570K(55552K), 0.0002710 secs] [Times: user=0.01 sys=0.00, real=0.00 secs] 
147.031: Total time for which application threads were stopped: 0.0003950 seconds, Stopping threads took: 0.0000730 seconds
147.065: Application time: 0.0334270 seconds
147.065: [GC147.065: [ParNew: 14413K->1544K(16640K), 0.0008300 secs] 20974K->8616K(55552K), 0.0008640 secs] [Times: user=0.01 sys=0.00, real=0.00 secs] 
147.066: Total time for which application threads were stopped: 0.0009880 seconds, Stopping threads took: 0.0000620 seconds
147.106: Application time: 0.0403330 seconds
147.106: [GC147.106: [ParNew: 16114K->1608K(16640K), 0.0006830 secs] 23187K->8681K(55552K), 0.0007150 secs] [Times: user=0.01 sys=0.00, real=0.00 secs] 
147.107: Total time for which application threads were stopped: 0.0008300 seconds, Stopping threads took: 0.0000550 seconds
147.147: Application time: 0.0402940 seconds
147.147: [GC147.147: [ParNew: 16024K->6K(16640K), 0.0003450 secs] 23097K->7135K(55552K), 0.0003730 secs] [Times: user=0.00 sys=0.00, real=0.00 secs] 
147.148: Total time for which application threads were stopped: 0.0005270 seconds, Stopping threads took: 0.0001040 seconds
147.182: Application time: 0.0336890 seconds
147.182: [GC147.182: [ParNew: 14407K->1544K(16640K), 0.0008070 secs] 21537K->9185K(55552K), 0.0008420 secs] [Times: user=0.01 sys=0.00, real=0.00 secs] 
147.182: Total time for which application threads were stopped: 0.0009630 seconds, Stopping threads took: 0.0000570 seconds
147.224: Application time: 0.0413170 seconds
147.224: [GC147.224: [ParNew: 15962K->10K(16640K), 0.0002980 secs] 23604K->7651K(55552K), 0.0003270 secs] [Times: user=0.00 sys=0.00, real=0.00 secs] 
147.224: Total time for which application threads were stopped: 0.0004360 seconds, Stopping threads took: 0.0000600 seconds
147.258: Application time: 0.0339690 seconds
147.258: [GC147.258: [ParNew: 14411K->1548K(16640K), 0.0009020 secs] 22053K->9702K(55552K), 0.0009390 secs] [Times: user=0.01 sys=0.00, real=0.00 secs] 
147.259: Total time for which application threads were stopped: 0.0010600 seconds, Stopping threads took: 0.0000570 seconds
147.298: Application time: 0.0388590 seconds
147.298: [GC147.298: [ParNew: 16040K->1574K(16640K), 0.0006890 secs] 24194K->9728K(55552K), 0.0007220 secs] [Times: user=0.00 sys=0.00, real=0.00 secs] 
147.299: Total time for which application threads were stopped: 0.0008440 seconds, Stopping threads took: 0.0000630 seconds
147.336: Application time: 0.0366830 seconds
147.336: [GC147.336: [ParNew: 16062K->1576K(16640K), 0.0007620 secs] 24216K->9758K(55552K), 0.0008070 secs] [Times: user=0.00 sys=0.00, real=0.00 secs] 
147.337: Total time for which application threads were stopped: 0.0009200 seconds, Stopping threads took: 0.0000540 seconds
147.374: Application time: 0.0373250 seconds
147.374: [GC147.374: [ParNew: 15984K->1548K(16640K), 0.0009000 secs] 24166K->10271K(55552K), 0.0009440 secs] [Times: user=0.00 sys=0.00, real=0.00 secs] 
147.375: Total time for which application threads were stopped: 0.0010790 seconds, Stopping threads took: 0.0000710 seconds
147.413: Application time: 0.0381450 seconds
147.413: [GC147.413: [ParNew: 15960K->1544K(16640K), 0.0006740 secs] 24683K->10267K(55552K), 0.0007070 secs] [Times: user=0.00 sys=0.00, real=0.00 secs] 
147.414: Total time for which application threads were stopped: 0.0008520 seconds, Stopping threads took: 0.0000860 seconds
147.451: Application time: 0.0368690 seconds
147.451: [GC147.451: [ParNew: 16032K->1576K(16640K), 0.0008080 secs] 24755K->10811K(55552K), 0.0008440 secs] [Times: user=0.00 sys=0.00, real=0.00 secs] 
147.452: Total time for which application threads were stopped: 0.0009970 seconds, Stopping threads took: 0.0000850 seconds
147.490: Application time: 0.0381280 seconds
147.490: [GC147.490: [ParNew: 16066K->1578K(16640K), 0.0006490 secs] 25301K->10841K(55552K), 0.0006830 secs] [Times: user=0.01 sys=0.00, real=0.00 secs] 
147.491: Total time for which application threads were stopped: 0.0008090 seconds, Stopping threads took: 0.0000680 seconds
147.529: Application time: 0.0383010 seconds
147.529: [GC147.529: [ParNew: 16148K->1606K(16640K), 0.0007460 secs] 25412K->10898K(55552K), 0.0007790 secs] [Times: user=0.00 sys=0.00, real=0.00 secs] 
147.530: Total time for which application threads were stopped: 0.0009050 seconds, Stopping threads took: 0.0000670 seconds
147.568: Application time: 0.0379430 seconds
147.568: [GC147.568: [ParNew: 16016K->1548K(16640K), 0.0007070 secs] 25308K->10897K(55552K), 0.0007420 secs] [Times: user=0.01 sys=0.00, real=0.01 secs] 
147.569: Total time for which application threads were stopped: 0.0008630 seconds, Stopping threads took: 0.0000630 seconds
147.606: Application time: 0.0370430 seconds
147.606: [GC147.606: [ParNew: 15958K->1548K(16640K), 0.0006680 secs] 25307K->10897K(55552K), 0.0007000 secs] [Times: user=0.00 sys=0.00, real=0.00 secs] 
147.607: Total time for which application threads were stopped: 0.0008460 seconds, Stopping threads took: 0.0000880 seconds
147.643: Application time: 0.0362580 seconds
147.643: [GC147.643: [ParNew: 15956K->1546K(16640K), 0.0009070 secs] 25305K->11407K(55552K), 0.0009430 secs] [Times: user=0.01 sys=0.00, real=0.00 secs] 
147.644: Total time for which application threads were stopped: 0.0010740 seconds, Stopping threads took: 0.0000690 seconds
147.682: Application time: 0.0381770 seconds
147.682: [GC147.682: [ParNew: 15958K->1544K(16640K), 0.0007550 secs] 25819K->11405K(55552K), 0.0007890 secs] [Times: user=0.01 sys=0.00, real=0.00 secs] 
147.683: Total time for which application threads were stopped: 0.0009180 seconds, Stopping threads took: 0.0000690 seconds
147.721: Application time: 0.0379970 seconds
147.721: [GC147.721: [ParNew: 15954K->1546K(16640K), 0.0006620 secs] 25815K->11407K(55552K), 0.0006950 secs] [Times: user=0.01 sys=0.00, real=0.00 secs] 
147.722: Total time for which application threads were stopped: 0.0008290 seconds, Stopping threads took: 0.0000710 seconds
147.758: Application time: 0.0361180 seconds
147.758: [GC147.758: [ParNew: 16028K->1578K(16640K), 0.0011720 secs] 25889K->12975K(55552K), 0.0012140 secs] [Times: user=0.00 sys=0.00, real=0.00 secs] 
147.759: Total time for which application threads were stopped: 0.0013480 seconds, Stopping threads took: 0.0000680 seconds
147.800: Application time: 0.0406080 seconds
147.800: [GC147.800: [ParNew: 16074K->1066K(16640K), 0.0005130 secs] 27471K->12491K(55552K), 0.0005450 secs] [Times: user=0.00 sys=0.00, real=0.01 secs] 
147.801: Total time for which application threads were stopped: 0.0006650 seconds, Stopping threads took: 0.0000610 seconds
147.835: Application time: 0.0341780 seconds
147.835: [GC147.835: [ParNew: 15468K->1552K(16640K), 0.0011910 secs] 26893K->14542K(55552K), 0.0012310 secs] [Times: user=0.01 sys=0.00, real=0.00 secs] 
147.836: Total time for which application threads were stopped: 0.0013590 seconds, Stopping threads took: 0.0000660 seconds
147.878: Application time: 0.0413750 seconds
147.878: [GC147.878: [ParNew: 15970K->1034K(16640K), 0.0005420 secs] 28960K->14024K(55552K), 0.0005800 secs] [Times: user=0.00 sys=0.00, real=0.00 secs] 
147.878: Total time for which application threads were stopped: 0.0006890 seconds, Stopping threads took: 0.0000530 seconds
147.915: Application time: 0.0365970 seconds
147.915: [GC147.915: [ParNew: 15440K->1546K(16640K), 0.0008040 secs] 28430K->15048K(55552K), 0.0008370 secs] [Times: user=0.01 sys=0.00, real=0.00 secs] 
147.916: Total time for which application threads were stopped: 0.0010760 seconds, Stopping threads took: 0.0001770 seconds
147.955: Application time: 0.0389440 seconds
147.955: [GC147.955: [ParNew: 15960K->1034K(16640K), 0.0005160 secs] 29462K->14536K(55552K), 0.0005490 secs] [Times: user=0.00 sys=0.00, real=0.00 secs] 
147.956: Total time for which application threads were stopped: 0.0006740 seconds, Stopping threads took: 0.0000550 seconds
147.993: Application time: 0.0372400 seconds
147.993: [GC147.993: [ParNew: 15520K->1578K(16640K), 0.0009010 secs] 29022K->15592K(55552K), 0.0009350 secs] [Times: user=0.01 sys=0.00, real=0.00 secs] 
147.994: Total time for which application threads were stopped: 0.0010510 seconds, Stopping threads took: 0.0000560 seconds
148.032: Application time: 0.0385350 seconds
148.033: [GC148.033: [ParNew: 16070K->1064K(16640K), 0.0005860 secs] 30084K->15106K(55552K), 0.0006180 secs] [Times: user=0.01 sys=0.00, real=0.00 secs] 
148.033: Total time for which application threads were stopped: 0.0007380 seconds, Stopping threads took: 0.0000540 seconds
148.070: Application time: 0.0368310 seconds
148.070: [GC148.070: [ParNew: 15470K->1546K(16640K), 0.0008420 secs] 29512K->16129K(55552K), 0.0008800 secs] [Times: user=0.01 sys=0.00, real=0.00 secs] 
148.071: Total time for which application threads were stopped: 0.0010050 seconds, Stopping threads took: 0.0000610 seconds
148.111: Application time: 0.0394740 seconds
148.111: [GC148.111: [ParNew: 15962K->520K(16640K), 0.0003840 secs] 30545K->15103K(55552K), 0.0004130 secs] [Times: user=0.00 sys=0.00, real=0.00 secs] 
148.111: Total time for which application threads were stopped: 0.0005230 seconds, Stopping threads took: 0.0000560 seconds
148.146: Application time: 0.0351090 seconds
148.146: [GC148.146: [ParNew: 15002K->1574K(16640K), 0.0009370 secs] 29585K->16669K(55552K), 0.0009710 secs] [Times: user=0.00 sys=0.00, real=0.00 secs] 
148.147: Total time for which application threads were stopped: 0.0010890 seconds, Stopping threads took: 0.0000580 seconds
148.188: Application time: 0.0408270 seconds
148.188: [GC148.188: [ParNew: 15990K->522K(16640K), 0.0004120 secs] 31085K->15645K(55552K), 0.0004410 secs] [Times: user=0.00 sys=0.01, real=0.01 secs] 
148.189: Total time for which application threads were stopped: 0.0005530 seconds, Stopping threads took: 0.0000620 seconds
148.225: Application time: 0.0363260 seconds
148.225: [GC148.225: [ParNew: 15160K->1634K(16640K), 0.0008290 secs] 30284K->17270K(55552K), 0.0008650 secs] [Times: user=0.01 sys=0.00, real=0.00 secs] 
148.226: Total time for which application threads were stopped: 0.0010200 seconds, Stopping threads took: 0.0000930 seconds
148.264: Application time: 0.0380860 seconds
148.264: [GC148.264: [ParNew: 16046K->1548K(16640K), 0.0006950 secs] 31682K->17269K(55552K), 0.0007260 secs] [Times: user=0.01 sys=0.00, real=0.00 secs] 
148.265: Total time for which application threads were stopped: 0.0008760 seconds, Stopping threads took: 0.0000890 seconds
148.301: Application time: 0.0362530 seconds
148.301: [GC148.301: [ParNew: 15956K->1548K(16640K), 0.0008790 secs] 31677K->17781K(55552K), 0.0009140 secs] [Times: user=0.00 sys=0.00, real=0.00 secs] 
148.302: Total time for which application threads were stopped: 0.0010320 seconds, Stopping threads took: 0.0000570 seconds
148.341: Application time: 0.0387870 seconds
148.341: [GC148.341: [ParNew: 15962K->1034K(16640K), 0.0005770 secs] 32195K->17267K(55552K), 0.0006100 secs] [Times: user=0.01 sys=0.00, real=0.00 secs] 
148.342: Total time for which application threads were stopped: 0.0007260 seconds, Stopping threads took: 0.0000580 seconds
148.379: Application time: 0.0371500 seconds
148.379: [GC148.379: [ParNew: 15440K->1550K(16640K), 0.0008970 secs] 31673K->18295K(55552K), 0.0009410 secs] [Times: user=0.01 sys=0.00, real=0.00 secs] 
148.380: Total time for which application threads were stopped: 0.0011600 seconds, Stopping threads took: 0.0001550 seconds
148.418: Application time: 0.0383550 seconds
148.418: [GC148.419: [ParNew: 15964K->1036K(16640K), 0.0005650 secs] 32709K->17781K(55552K), 0.0005970 secs] [Times: user=0.00 sys=0.00, real=0.00 secs] 
148.419: Total time for which application threads were stopped: 0.0007100 seconds, Stopping threads took: 0.0000550 seconds
148.456: Application time: 0.0367900 seconds
148.456: [GC148.456: [ParNew: 15520K->1576K(16640K), 0.0009210 secs] 32265K->18833K(55552K), 0.0009570 secs] [Times: user=0.01 sys=0.00, real=0.00 secs] 
148.457: Total time for which application threads were stopped: 0.0011180 seconds, Stopping threads took: 0.0000870 seconds
148.497: Application time: 0.0403200 seconds
148.497: [GC148.497: [ParNew: 16068K->1066K(16640K), 0.0005740 secs] 33326K->18352K(55552K), 0.0006040 secs] [Times: user=0.00 sys=0.00, real=0.00 secs] 
148.498: Total time for which application threads were stopped: 0.0007120 seconds, Stopping threads took: 0.0000510 seconds
148.534: Application time: 0.0361210 seconds
148.534: [GC148.534: [ParNew: 15472K->1546K(16640K), 0.0008180 secs] 32757K->19372K(55552K), 0.0008510 secs] [Times: user=0.01 sys=0.00, real=0.00 secs] 
148.535: Total time for which application threads were stopped: 0.0009670 seconds, Stopping threads took: 0.0000610 seconds
148.573: Application time: 0.0381810 seconds
148.574: [GC148.574: [ParNew: 15960K->1034K(16640K), 0.0005060 secs] 33786K->18860K(55552K), 0.0005360 secs] [Times: user=0.00 sys=0.00, real=0.00 secs] 
148.574: Total time for which application threads were stopped: 0.0007650 seconds, Stopping threads took: 0.0001730 seconds
148.611: Application time: 0.0369810 seconds
148.611: [GC148.611: [ParNew: 15442K->1546K(16640K), 0.0007900 secs] 33268K->19372K(55552K), 0.0008250 secs] [Times: user=0.00 sys=0.00, real=0.00 secs] 
148.612: Total time for which application threads were stopped: 0.0009450 seconds, Stopping threads took: 0.0000590 seconds
148.648: Application time: 0.0357540 seconds
148.648: [GC148.648: [ParNew: 15948K->1550K(16640K), 0.0014320 secs] 33774K->21424K(55552K), 0.0014750 secs] [Times: user=0.01 sys=0.00, real=0.01 secs] 
148.649: Total time for which application threads were stopped: 0.0016170 seconds, Stopping threads took: 0.0000730 seconds
148.690: Application time: 0.0409310 seconds
148.690: [GC148.690: [ParNew: 16048K->1574K(16640K), 0.0006540 secs] 35923K->21448K(55552K), 0.0006870 secs] [Times: user=0.00 sys=0.00, real=0.00 secs] 
148.691: Total time for which application threads were stopped: 0.0008170 seconds, Stopping threads took: 0.0000740 seconds
148.727: Application time: 0.0359790 seconds
148.727: [GC148.727: [ParNew: 16058K->1578K(16640K), 0.0011160 secs] 35932K->22505K(55552K), 0.0011530 secs] [Times: user=0.01 sys=0.00, real=0.00 secs] 
148.728: Total time for which application threads were stopped: 0.0012790 seconds, Stopping threads took: 0.0000620 seconds
148.768: Application time: 0.0398970 seconds
148.768: [GC148.768: [ParNew: 15992K->1546K(16640K), 0.0007480 secs] 36919K->22501K(55552K), 0.0007830 secs] [Times: user=0.00 sys=0.00, real=0.01 secs] 
148.769: Total time for which application threads were stopped: 0.0009060 seconds, Stopping threads took: 0.0000650 seconds
148.807: Application time: 0.0376470 seconds
148.807: [GC148.807: [ParNew: 15956K->1544K(16640K), 0.0006520 secs] 36911K->22499K(55552K), 0.0006850 secs] [Times: user=0.00 sys=0.00, real=0.00 secs] 
148.808: Total time for which application threads were stopped: 0.0008000 seconds, Stopping threads took: 0.0000570 seconds
148.846: Application time: 0.0384910 seconds
148.846: [GC148.846: [ParNew: 15956K->1036K(16640K), 0.0004920 secs] 36911K->21991K(55552K), 0.0005230 secs] [Times: user=0.00 sys=0.00, real=0.00 secs] 
148.847: Total time for which application threads were stopped: 0.0006570 seconds, Stopping threads took: 0.0000680 seconds
148.885: Application time: 0.0377580 seconds
148.885: [GC148.885: [ParNew: 15520K->1576K(16640K), 0.0008090 secs] 36475K->23043K(55552K), 0.0008450 secs] [Times: user=0.01 sys=0.00, real=0.00 secs] 
148.886: Total time for which application threads were stopped: 0.0009610 seconds, Stopping threads took: 0.0000620 seconds
148.925: Application time: 0.0392170 seconds
148.925: [GC148.925: [ParNew: 16070K->552K(16640K), 0.0004190 secs] 37538K->22048K(55552K), 0.0004520 secs] [Times: user=0.01 sys=0.00, real=0.00 secs] 
148.925: Total time for which application threads were stopped: 0.0005620 seconds, Stopping threads took: 0.0000540 seconds
148.961: Application time: 0.0358530 seconds
148.961: [GC148.961: [ParNew: 15112K->1634K(16640K), 0.0009190 secs] 36608K->23642K(55552K), 0.0009550 secs] [Times: user=0.01 sys=0.00, real=0.00 secs] 
148.962: Total time for which application threads were stopped: 0.0011640 seconds, Stopping threads took: 0.0001400 seconds
149.000: Application time: 0.0379580 seconds
149.000: [GC149.000: [ParNew: 16048K->1032K(16640K), 0.0006290 secs] 38056K->23125K(55552K), 0.0006620 secs] [Times: user=0.01 sys=0.00, real=0.01 secs] 
149.001: Total time for which application threads were stopped: 0.0007790 seconds, Stopping threads took: 0.0000600 seconds
149.038: Application time: 0.0373820 seconds
149.039: [GC149.039: [ParNew: 15438K->1548K(16640K), 0.0008870 secs] 37531K->24153K(55552K), 0.0009210 secs] [Times: user=0.00 sys=0.00, real=0.00 secs] 
149.040: Total time for which application threads were stopped: 0.0010570 seconds, Stopping threads took: 0.0000780 seconds
149.077: Application time: 0.0374240 seconds
149.077: [GC149.077: [ParNew: 15960K->1546K(16640K), 0.0006570 secs] 38565K->24151K(55552K), 0.0006910 secs] [Times: user=0.01 sys=0.00, real=0.00 secs] 
149.078: Total time for which application threads were stopped: 0.0008130 seconds, Stopping threads took: 0.0000610 seconds
149.115: Application time: 0.0377180 seconds
149.116: [GC149.116: [ParNew: 15956K->1548K(16640K), 0.0006300 secs] 38561K->24153K(55552K), 0.0006620 secs] [Times: user=0.00 sys=0.00, real=0.00 secs] 
149.116: Total time for which application threads were stopped: 0.0007860 seconds, Stopping threads took: 0.0000640 seconds
149.155: Application time: 0.0392100 seconds
149.156: [GC149.156: [ParNew: 16038K->1062K(16640K), 0.0005040 secs] 38644K->23667K(55552K), 0.0005380 secs] [Times: user=0.00 sys=0.00, real=0.00 secs] 
149.156: Total time for which application threads were stopped: 0.0006550 seconds, Stopping threads took: 0.0000590 seconds
149.192: Application time: 0.0360470 seconds
149.192: [GC149.192: [ParNew: 15468K->1546K(16640K), 0.0009140 secs] 38073K->24692K(55552K), 0.0009500 secs] [Times: user=0.00 sys=0.00, real=0.00 secs] 
149.193: Total time for which application threads were stopped: 0.0010770 seconds, Stopping threads took: 0.0000670 seconds
149.231: Application time: 0.0379520 seconds
149.231: [GC149.231: [ParNew: 16032K->1578K(16640K), 0.0009940 secs] 39178K->25748K(55552K), 0.0010320 secs] [Times: user=0.01 sys=0.00, real=0.00 secs] 
149.232: Total time for which application threads were stopped: 0.0011590 seconds, Stopping threads took: 0.0000600 seconds
149.271: Application time: 0.0389820 seconds
149.272: [GC149.272: [ParNew: 15994K->1034K(16640K), 0.0005620 secs] 40164K->25232K(55552K), 0.0005930 secs] [Times: user=0.00 sys=0.00, real=0.00 secs] 
149.272: Total time for which application threads were stopped: 0.0008320 seconds, Stopping threads took: 0.0001790 seconds
149.308: Application time: 0.0360620 seconds
149.308: [GC149.308: [ParNew: 15440K->1548K(16640K), 0.0008380 secs] 39638K->26258K(55552K), 0.0008750 secs] [Times: user=0.00 sys=0.01, real=0.01 secs] 
149.309: Total time for which application threads were stopped: 0.0010010 seconds, Stopping threads took: 0.0000640 seconds
149.350: Application time: 0.0405540 seconds
149.350: [GC149.350: [ParNew: 16042K->1060K(16640K), 0.0005210 secs] 40753K->25770K(55552K), 0.0005620 secs] [Times: user=0.00 sys=0.00, real=0.00 secs] 
149.351: Total time for which application threads were stopped: 0.0006840 seconds, Stopping threads took: 0.0000640 seconds
149.389: Application time: 0.0382580 seconds
149.389: [GC149.389: [ParNew: 15468K->1544K(16640K), 0.0007760 secs] 40178K->26283K(55552K), 0.0008090 secs] [Times: user=0.00 sys=0.00, real=0.00 secs] 
149.390: Total time for which application threads were stopped: 0.0009190 seconds, Stopping threads took: 0.0000550 seconds
149.427: Application time: 0.0375470 seconds
149.427: [GC149.427: [ParNew: 16030K->1578K(16640K), 0.0008010 secs] 40769K->26829K(55552K), 0.0008360 secs] [Times: user=0.01 sys=0.00, real=0.00 secs] 
149.428: Total time for which application threads were stopped: 0.0009590 seconds, Stopping threads took: 0.0000600 seconds
149.468: Application time: 0.0392930 seconds
149.468: [GC149.468: [ParNew: 15992K->1030K(16640K), 0.0005450 secs] 41243K->26309K(55552K), 0.0005770 secs] [Times: user=0.00 sys=0.00, real=0.00 secs] 
149.468: Total time for which application threads were stopped: 0.0007250 seconds, Stopping threads took: 0.0000830 seconds
149.505: Application time: 0.0364660 seconds
149.505: [GC149.505: [ParNew: 15433K->1546K(16640K), 0.0010160 secs] 40713K->27849K(55552K), 0.0010540 secs] [Times: user=0.00 sys=0.00, real=0.00 secs] 
149.506: Total time for which application threads were stopped: 0.0011800 seconds, Stopping threads took: 0.0000590 seconds
149.545: Application time: 0.0388540 seconds
149.545: [GC149.545: [ParNew: 15960K->1546K(16640K), 0.0006570 secs] 42264K->27849K(55552K), 0.0006910 secs] [Times: user=0.01 sys=0.00, real=0.00 secs] 
149.546: Total time for which application threads were stopped: 0.0008310 seconds, Stopping threads took: 0.0000810 seconds
149.584: Application time: 0.0386710 seconds
149.584: [GC149.584: [ParNew: 16036K->1066K(16640K), 0.0005520 secs] 42340K->27370K(55552K), 0.0005840 secs] [Times: user=0.01 sys=0.00, real=0.00 secs] 
149.585: Total time for which application threads were stopped: 0.0007100 seconds, Stopping threads took: 0.0000710 seconds
149.622: Application time: 0.0371350 seconds
149.622: [GC149.622: [ParNew: 15472K->1546K(16640K), 0.0009290 secs] 41775K->28390K(55552K), 0.0009650 secs] [Times: user=0.01 sys=0.00, real=0.00 secs] 
149.623: Total time for which application threads were stopped: 0.0011020 seconds, Stopping threads took: 0.0000730 seconds
149.662: Application time: 0.0390330 seconds
149.662: [GC149.662: [ParNew: 16197K->1124K(16640K), 0.0004930 secs] 43041K->27968K(55552K), 0.0005260 secs] [Times: user=0.00 sys=0.00, real=0.00 secs] 
149.663: Total time for which application threads were stopped: 0.0006610 seconds, Stopping threads took: 0.0000780 seconds
149.700: Application time: 0.0368890 seconds
149.700: [GC149.700: [ParNew: 15530K->1546K(16640K), 0.0009020 secs] 42374K->28988K(55552K), 0.0009390 secs] [Times: user=0.00 sys=0.00, real=0.01 secs] 
149.701: Total time for which application threads were stopped: 0.0010610 seconds, Stopping threads took: 0.0000600 seconds
149.740: Application time: 0.0391550 seconds
149.740: [GC149.740: [ParNew: 15960K->520K(16640K), 0.0003920 secs] 43402K->27961K(55552K), 0.0004230 secs] [Times: user=0.00 sys=0.00, real=0.01 secs] 
149.741: Total time for which application threads were stopped: 0.0005600 seconds, Stopping threads took: 0.0000860 seconds
149.776: Application time: 0.0352340 seconds
149.776: [GC149.776: [ParNew: 14925K->1546K(16640K), 0.0008140 secs] 42367K->29500K(55552K), 0.0008480 secs] [Times: user=0.01 sys=0.00, real=0.00 secs] 
149.777: Total time for which application threads were stopped: 0.0009790 seconds, Stopping threads took: 0.0000690 seconds
149.816: Application time: 0.0390330 seconds
149.816: [GC149.816: [ParNew: 15958K->1548K(16640K), 0.0007280 secs] 43912K->29502K(55552K), 0.0007610 secs] [Times: user=0.01 sys=0.00, real=0.00 secs] 
149.817: Total time for which application threads were stopped: 0.0008910 seconds, Stopping threads took: 0.0000690 seconds
149.853: Application time: 0.0365560 seconds
149.853: [GC149.853: [ParNew: 15958K->1544K(16640K), 0.0007440 secs] 43912K->29498K(55552K), 0.0007860 secs] [Times: user=0.00 sys=0.00, real=0.00 secs] 
149.854: Total time for which application threads were stopped: 0.0009010 seconds, Stopping threads took: 0.0000570 seconds
149.892: Application time: 0.0374780 seconds
149.892: [GC149.892: [ParNew: 16030K->1576K(16640K), 0.0009200 secs] 43984K->30042K(55552K), 0.0009570 secs] [Times: user=0.01 sys=0.00, real=0.00 secs] 
149.893: Total time for which application threads were stopped: 0.0010780 seconds, Stopping threads took: 0.0000590 seconds
149.931: Application time: 0.0384960 seconds
149.931: [GC149.931: [ParNew: 16068K->1578K(16640K), 0.0007630 secs] 44534K->30072K(55552K), 0.0007970 secs] [Times: user=0.00 sys=0.00, real=0.00 secs] 
149.932: Total time for which application threads were stopped: 0.0009180 seconds, Stopping threads took: 0.0000610 seconds
149.970: Application time: 0.0379220 seconds
149.970: [GC149.970: [ParNew: 15988K->1546K(16640K), 0.0007400 secs] 44482K->30069K(55552K), 0.0007750 secs] [Times: user=0.00 sys=0.00, real=0.00 secs] 
149.971: Total time for which application threads were stopped: 0.0009600 seconds, Stopping threads took: 0.0001160 seconds
150.009: Application time: 0.0379040 seconds
150.009: [GC150.009: [ParNew: 15954K->1546K(16640K), 0.0009130 secs] 44477K->30581K(55552K), 0.0009480 secs] [Times: user=0.00 sys=0.00, real=0.00 secs] 
150.010: Total time for which application threads were stopped: 0.0010820 seconds, Stopping threads took: 0.0000720 seconds
150.048: Application time: 0.0381390 seconds
150.048: [GC150.048: [ParNew: 15960K->1034K(16640K), 0.0005250 secs] 44995K->30069K(55552K), 0.0005570 secs] [Times: user=0.00 sys=0.00, real=0.01 secs] 
150.049: Total time for which application threads were stopped: 0.0006810 seconds, Stopping threads took: 0.0000680 seconds
150.086: Application time: 0.0370290 seconds
150.086: [GC150.086: [ParNew: 15518K->1578K(16640K), 0.0008300 secs] 44553K->31125K(55552K), 0.0008660 secs] [Times: user=0.01 sys=0.00, real=0.00 secs] 
150.087: Total time for which application threads were stopped: 0.0009950 seconds, Stopping threads took: 0.0000690 seconds
150.125: Application time: 0.0380000 seconds
150.125: [GC150.125: [ParNew: 16068K->1578K(16640K), 0.0006990 secs] 45615K->31153K(55552K), 0.0007340 secs] [Times: user=0.01 sys=0.00, real=0.00 secs] 
150.126: Total time for which application threads were stopped: 0.0008620 seconds, Stopping threads took: 0.0000660 seconds
150.163: Application time: 0.0372690 seconds
150.163: [GC150.163: [ParNew: 15986K->1548K(16640K), 0.0009290 secs] 45561K->31664K(55552K), 0.0009660 secs] [Times: user=0.00 sys=0.00, real=0.00 secs] 
150.164: Total time for which application threads were stopped: 0.0010940 seconds, Stopping threads took: 0.0000660 seconds
150.201: Application time: 0.0373920 seconds
150.202: [GC150.202: [ParNew: 15960K->1546K(16640K), 0.0006560 secs] 46076K->31662K(55552K), 0.0006880 secs] [Times: user=0.01 sys=0.00, real=0.00 secs] 
150.202: Total time for which application threads were stopped: 0.0009050 seconds, Stopping threads took: 0.0001570 seconds
150.240: Application time: 0.0377300 seconds
150.240: [GC150.240: [ParNew: 15958K->1034K(16640K), 0.0004780 secs] 46074K->31150K(55552K), 0.0005120 secs] [Times: user=0.00 sys=0.00, real=0.01 secs] 
150.241: Total time for which application threads were stopped: 0.0006190 seconds, Stopping threads took: 0.0000530 seconds
150.278: Application time: 0.0368590 seconds
150.278: [GC150.278: [ParNew: 15440K->1548K(16640K), 0.0008950 secs] 45556K->32176K(55552K), 0.0009300 secs] [Times: user=0.00 sys=0.00, real=0.00 secs] 
150.279: Total time for which application threads were stopped: 0.0010580 seconds, Stopping threads took: 0.0000640 seconds
150.317: Application time: 0.0382820 seconds
150.317: [GC150.317: [ParNew: 16042K->1064K(16640K), 0.0004840 secs] 46670K->31692K(55552K), 0.0005170 secs] [Times: user=0.00 sys=0.00, real=0.00 secs] 
150.318: Total time for which application threads were stopped: 0.0006480 seconds, Stopping threads took: 0.0000660 seconds
150.354: Application time: 0.0367050 seconds
150.354: [GC150.354: [ParNew: 15626K->1608K(16640K), 0.0008820 secs] 46254K->32776K(55552K), 0.0009180 secs] [Times: user=0.00 sys=0.00, real=0.00 secs] 
150.355: Total time for which application threads were stopped: 0.0010540 seconds, Stopping threads took: 0.0000730 seconds
150.394: Application time: 0.0390420 seconds
150.395: [GC150.395: [ParNew: 16104K->1062K(16640K), 0.0005830 secs] 47273K->32287K(55552K), 0.0006160 secs] [Times: user=0.01 sys=0.00, real=0.00 secs] 
150.395: Total time for which application threads were stopped: 0.0007390 seconds, Stopping threads took: 0.0000650 seconds
150.432: Application time: 0.0365040 seconds
150.432: [GC150.432: [ParNew: 15468K->1546K(16640K), 0.0008700 secs] 46693K->33312K(55552K), 0.0009050 secs] [Times: user=0.01 sys=0.00, real=0.00 secs] 
150.433: Total time for which application threads were stopped: 0.0010390 seconds, Stopping threads took: 0.0000720 seconds
150.470: Application time: 0.0373300 seconds
150.470: [GC150.470: [ParNew: 15956K->1548K(16640K), 0.0009300 secs] 47722K->33826K(55552K), 0.0009630 secs] [Times: user=0.00 sys=0.00, real=0.00 secs] 
150.471: Total time for which application threads were stopped: 0.0010870 seconds, Stopping threads took: 0.0000630 seconds
150.510: Application time: 0.0391730 seconds
150.510: [GC150.510: [ParNew: 15960K->1546K(16640K), 0.0007130 secs] 48238K->33824K(55552K), 0.0007460 secs] [Times: user=0.01 sys=0.00, real=0.00 secs] 
150.511: Total time for which application threads were stopped: 0.0008730 seconds, Stopping threads took: 0.0000620 seconds
150.548: Application time: 0.0373070 seconds
150.549: [GC150.549: [ParNew: 15954K->1546K(16640K), 0.0008970 secs] 48232K->34336K(55552K), 0.0009340 secs] [Times: user=0.01 sys=0.00, real=0.00 secs] 
150.550: Total time for which application threads were stopped: 0.0010710 seconds, Stopping threads took: 0.0000760 seconds
150.587: Application time: 0.0376750 seconds
150.587: [GC150.587: [ParNew: 16032K->1580K(16640K), 0.0010170 secs] 48822K->35394K(55552K), 0.0010550 secs] [Times: user=0.01 sys=0.00, real=0.00 secs] 
150.588: Total time for which application threads were stopped: 0.0011780 seconds, Stopping threads took: 0.0000650 seconds
150.627: Application time: 0.0388000 seconds
150.627: [GC150.627: [ParNew: 16074K->1062K(16640K), 0.0006410 secs] 49888K->34904K(55552K), 0.0006750 secs] [Times: user=0.00 sys=0.00, real=0.00 secs] 
150.628: Total time for which application threads were stopped: 0.0009360 seconds, Stopping threads took: 0.0002050 seconds
150.666: Application time: 0.0380440 seconds
150.666: [GC150.666: [ParNew: 15470K->1544K(16640K), 0.0007500 secs] 49312K->35415K(55552K), 0.0007840 secs] [Times: user=0.00 sys=0.00, real=0.00 secs] 
150.667: Total time for which application threads were stopped: 0.0009660 seconds, Stopping threads took: 0.0001230 seconds
150.703: Application time: 0.0360030 seconds
150.703: [GC150.703: [ParNew: 15952K->1546K(16640K), 0.0008810 secs] 49823K->35929K(55552K), 0.0009220 secs] [Times: user=0.00 sys=0.00, real=0.00 secs] 
150.704: Total time for which application threads were stopped: 0.0010540 seconds, Stopping threads took: 0.0000680 seconds
150.743: Application time: 0.0383640 seconds
150.743: [GC150.743: [ParNew: 16038K->1578K(16640K), 0.0006480 secs] 50421K->35961K(55552K), 0.0006810 secs] [Times: user=0.01 sys=0.00, real=0.00 secs] 
150.743: Total time for which application threads were stopped: 0.0008020 seconds, Stopping threads took: 0.0000640 seconds
150.782: Application time: 0.0384580 seconds
150.782: [GC150.782: [ParNew: 15988K->1546K(16640K), 0.0006590 secs] 50371K->35957K(55552K), 0.0006920 secs] [Times: user=0.01 sys=0.00, real=0.00 secs] 
150.783: Total time for which application threads were stopped: 0.0008170 seconds, Stopping threads took: 0.0000650 seconds
150.819: Application time: 0.0363220 seconds
150.819: [GC150.819: [ParNew: 16030K->1576K(16640K), 0.0009930 secs] 50442K->37012K(55552K), 0.0010380 secs] [Times: user=0.01 sys=0.00, real=0.00 secs] 
150.820: Total time for which application threads were stopped: 0.0011630 seconds, Stopping threads took: 0.0000590 seconds
150.858: Application time: 0.0378990 seconds
150.858: [GC150.858: [ParNew: 15990K->1548K(16640K), 0.0006670 secs] 51426K->37012K(55552K), 0.0007010 secs] [Times: user=0.00 sys=0.00, real=0.00 secs] 
150.859: Total time for which application threads were stopped: 0.0008250 seconds, Stopping threads took: 0.0000640 seconds
150.896: Application time: 0.0369180 seconds
150.896: [GC150.896: [ParNew: 15950K->1550K(16640K), 0.0014040 secs] 51414K->39062K(55552K), 0.0014460 secs] [Times: user=0.01 sys=0.00, real=0.00 secs] 
150.897: Total time for which application threads were stopped: 0.0016100 seconds, Stopping threads took: 0.0000970 seconds
150.898: Application time: 0.0001170 seconds
150.901: [GC [1 CMS-initial-mark: 37512K(38912K)] 39576K(55552K), 0.0001050 secs] [Times: user=0.00 sys=0.00, real=0.00 secs] 
150.901: Total time for which application threads were stopped: 0.0031740 seconds, Stopping threads took: 0.0030490 seconds
150.901: [CMS-concurrent-mark-start]
150.907: [CMS-concurrent-mark: 0.006/0.006 secs] [Times: user=0.03 sys=0.00, real=0.00 secs] 
150.907: [CMS-concurrent-preclean-start]
150.907: [CMS-concurrent-preclean: 0.000/0.000 secs] [Times: user=0.00 sys=0.00, real=0.00 secs] 
150.907: [CMS-concurrent-abortable-preclean-start]
150.907: [CMS-concurrent-abortable-preclean: 0.000/0.000 secs] [Times: user=0.00 sys=0.00, real=0.00 secs] 
150.907: Application time: 0.0063400 seconds
150.909: [GC[YG occupancy: 4139 K (16640 K)]150.909: [Rescan (parallel) , 0.0002120 secs]150.909: [weak refs processing, 0.0000070 secs]150.909: [scrub string table, 0.0001100 secs] [1 CMS-remark: 37512K(38912K)] 41651K(55552K), 0.0003530 secs] [Times: user=0.00 sys=0.00, real=0.00 secs] 
150.909: Total time for which application threads were stopped: 0.0019180 seconds, Stopping threads took: 0.0015370 seconds
150.909: [CMS-concurrent-sweep-start]
150.910: [CMS-concurrent-sweep: 0.001/0.001 secs] [Times: user=0.00 sys=0.00, real=0.00 secs] 
150.910: [CMS-concurrent-reset-start]
150.910: [CMS-concurrent-reset: 0.000/0.000 secs] [Times: user=0.00 sys=0.00, real=0.00 secs] 
150.944: Application time: 0.0354040 seconds
150.944: [GC150.944: [ParNew: 15974K->1032K(16640K), 0.0005320 secs] 23562K->8620K(55552K), 0.0005650 secs] [Times: user=0.00 sys=0.00, real=0.00 secs] 
150.945: Total time for which application threads were stopped: 0.0006810 seconds, Stopping threads took: 0.0000570 seconds
150.982: Application time: 0.0369140 seconds
150.982: [GC150.982: [ParNew: 15438K->1548K(16640K), 0.0007100 secs] 23025K->9136K(55552K), 0.0007440 secs] [Times: user=0.01 sys=0.00, real=0.00 secs] 
150.983: Total time for which application threads were stopped: 0.0009560 seconds, Stopping threads took: 0.0001510 seconds
151.020: Application time: 0.0372100 seconds
151.020: [GC151.020: [ParNew: 16042K->552K(16640K), 0.0003520 secs] 23630K->8140K(55552K), 0.0003820 secs] [Times: user=0.00 sys=0.00, real=0.01 secs] 
151.021: Total time for which application threads were stopped: 0.0006290 seconds, Stopping threads took: 0.0001870 seconds
151.055: Application time: 0.0343450 seconds
151.055: [GC151.055: [ParNew: 14955K->1578K(16640K), 0.0008000 secs] 22543K->9678K(55552K), 0.0008330 secs] [Times: user=0.01 sys=0.00, real=0.00 secs] 
151.056: Total time for which application threads were stopped: 0.0009620 seconds, Stopping threads took: 0.0000670 seconds
151.092: Application time: 0.0355580 seconds
151.092: [GC151.092: [ParNew: 16231K->1124K(16640K), 0.0006060 secs] 24331K->9252K(55552K), 0.0006360 secs] [Times: user=0.01 sys=0.00, real=0.00 secs] 
151.092: Total time for which application threads were stopped: 0.0007860 seconds, Stopping threads took: 0.0000990 seconds
151.127: Application time: 0.0342350 seconds
151.127: [GC151.127: [ParNew: 15532K->1548K(16640K), 0.0007350 secs] 23660K->9762K(55552K), 0.0007760 secs] [Times: user=0.01 sys=0.00, real=0.00 secs] 
151.128: Total time for which application threads were stopped: 0.0009000 seconds, Stopping threads took: 0.0000650 seconds
151.161: Application time: 0.0333310 seconds
151.161: [GC151.161: [ParNew: 15952K->1548K(16640K), 0.0012650 secs] 24166K->11298K(55552K), 0.0013030 secs] [Times: user=0.01 sys=0.00, real=0.00 secs] 
151.162: Total time for which application threads were stopped: 0.0014330 seconds, Stopping threads took: 0.0000650 seconds
151.199: Application time: 0.0363640 seconds
151.199: [GC151.199: [ParNew: 15964K->1548K(16640K), 0.0006370 secs] 25714K->11298K(55552K), 0.0006670 secs] [Times: user=0.00 sys=0.00, real=0.00 secs] 
151.199: Total time for which application threads were stopped: 0.0007780 seconds, Stopping threads took: 0.0000540 seconds
151.234: Application time: 0.0341430 seconds
151.234: [GC151.234: [ParNew: 15954K->1546K(16640K), 0.0008030 secs] 25704K->11808K(55552K), 0.0008360 secs] [Times: user=0.00 sys=0.00, real=0.00 secs] 
151.235: Total time for which application threads were stopped: 0.0010140 seconds, Stopping threads took: 0.0001190 seconds
151.270: Application time: 0.0354760 seconds
151.270: [GC151.270: [ParNew: 16040K->1064K(16640K), 0.0004680 secs] 26302K->11326K(55552K), 0.0004980 secs] [Times: user=0.00 sys=0.00, real=0.00 secs] 
151.271: Total time for which application threads were stopped: 0.0006170 seconds, Stopping threads took: 0.0000630 seconds
151.303: Application time: 0.0322520 seconds
151.303: [GC151.303: [ParNew: 15544K->1576K(16640K), 0.0012640 secs] 25806K->13402K(55552K), 0.0012980 secs] [Times: user=0.01 sys=0.00, real=0.00 secs] 
151.304: Total time for which application threads were stopped: 0.0014250 seconds, Stopping threads took: 0.0000650 seconds
151.342: Application time: 0.0378620 seconds
151.342: [GC151.342: [ParNew: 15992K->1546K(16640K), 0.0007250 secs] 27819K->13401K(55552K), 0.0007560 secs] [Times: user=0.01 sys=0.00, real=0.00 secs] 
151.343: Total time for which application threads were stopped: 0.0008730 seconds, Stopping threads took: 0.0000630 seconds
151.375: Application time: 0.0320420 seconds
151.375: [GC151.375: [ParNew: 15950K->1550K(16640K), 0.0012570 secs] 27805K->14941K(55552K), 0.0012920 secs] [Times: user=0.01 sys=0.01, real=0.00 secs] 
151.377: Total time for which application threads were stopped: 0.0014310 seconds, Stopping threads took: 0.0000770 seconds
151.413: Application time: 0.0364460 seconds
151.413: [GC151.413: [ParNew: 16044K->1578K(16640K), 0.0008760 secs] 29435K->15481K(55552K), 0.0009100 secs] [Times: user=0.01 sys=0.00, real=0.00 secs] 
151.414: Total time for which application threads were stopped: 0.0010410 seconds, Stopping threads took: 0.0000720 seconds
151.452: Application time: 0.0377080 seconds
151.452: [GC151.452: [ParNew: 15994K->520K(16640K), 0.0004350 secs] 29897K->14451K(55552K), 0.0004650 secs] [Times: user=0.00 sys=0.00, real=0.00 secs] 
151.452: Total time for which application threads were stopped: 0.0005710 seconds, Stopping threads took: 0.0000540 seconds
151.486: Application time: 0.0340550 seconds
151.487: [GC151.487: [ParNew: 15000K->1580K(16640K), 0.0005850 secs] 28931K->15511K(55552K), 0.0006150 secs] [Times: user=0.00 sys=0.00, real=0.00 secs] 
151.487: Total time for which application threads were stopped: 0.0007740 seconds, Stopping threads took: 0.0001010 seconds
151.523: Application time: 0.0356590 seconds
151.523: [GC151.523: [ParNew: 15996K->1036K(16640K), 0.0005290 secs] 29928K->14996K(55552K), 0.0005570 secs] [Times: user=0.00 sys=0.00, real=0.00 secs] 
151.524: Total time for which application threads were stopped: 0.0006800 seconds, Stopping threads took: 0.0000610 seconds
151.558: Application time: 0.0340960 seconds
151.558: [GC151.558: [ParNew: 15444K->1546K(16640K), 0.0006590 secs] 29404K->15506K(55552K), 0.0006920 secs] [Times: user=0.00 sys=0.00, real=0.00 secs] 
151.559: Total time for which application threads were stopped: 0.0009130 seconds, Stopping threads took: 0.0001630 seconds
151.593: Application time: 0.0343660 seconds
151.593: [GC151.593: [ParNew: 15954K->1546K(16640K), 0.0008040 secs] 29914K->16018K(55552K), 0.0008480 secs] [Times: user=0.00 sys=0.00, real=0.00 secs] 
151.594: Total time for which application threads were stopped: 0.0009650 seconds, Stopping threads took: 0.0000600 seconds
151.629: Application time: 0.0350620 seconds
151.629: [GC151.629: [ParNew: 15958K->1546K(16640K), 0.0006360 secs] 30430K->16018K(55552K), 0.0006680 secs] [Times: user=0.01 sys=0.00, real=0.00 secs] 
151.630: Total time for which application threads were stopped: 0.0007940 seconds, Stopping threads took: 0.0000680 seconds
151.666: Application time: 0.0357690 seconds
151.666: [GC151.666: [ParNew: 15958K->522K(16640K), 0.0003710 secs] 30430K->14994K(55552K), 0.0004020 secs] [Times: user=0.00 sys=0.00, real=0.00 secs] 
151.666: Total time for which application threads were stopped: 0.0005760 seconds, Stopping threads took: 0.0001230 seconds
151.700: Application time: 0.0339630 seconds
151.700: [GC151.700: [ParNew: 15006K->1572K(16640K), 0.0008840 secs] 29478K->16556K(55552K), 0.0009170 secs] [Times: user=0.01 sys=0.00, real=0.01 secs] 
151.701: Total time for which application threads were stopped: 0.0010390 seconds, Stopping threads took: 0.0000600 seconds
151.735: Application time: 0.0343120 seconds
151.736: [GC151.736: [ParNew: 16060K->1578K(16640K), 0.0008480 secs] 31044K->17103K(55552K), 0.0008810 secs] [Times: user=0.00 sys=0.00, real=0.00 secs] 
151.736: Total time for which application threads were stopped: 0.0010090 seconds, Stopping threads took: 0.0000670 seconds
151.771: Application time: 0.0348750 seconds
151.771: [GC151.771: [ParNew: 16149K->1608K(16640K), 0.0006520 secs] 31673K->17161K(55552K), 0.0006840 secs] [Times: user=0.01 sys=0.00, real=0.00 secs] 
151.772: Total time for which application threads were stopped: 0.0008130 seconds, Stopping threads took: 0.0000710 seconds
151.810: Application time: 0.0374010 seconds
151.810: [GC151.810: [ParNew: 16020K->520K(16640K), 0.0003990 secs] 31573K->16130K(55552K), 0.0004270 secs] [Times: user=0.00 sys=0.00, real=0.00 secs] 
151.810: Total time for which application threads were stopped: 0.0005630 seconds, Stopping threads took: 0.0000850 seconds
151.842: Application time: 0.0318690 seconds
151.842: [GC151.842: [ParNew: 14923K->1548K(16640K), 0.0010400 secs] 30534K->18182K(55552K), 0.0010770 secs] [Times: user=0.01 sys=0.00, real=0.00 secs] 
151.843: Total time for which application threads were stopped: 0.0012050 seconds, Stopping threads took: 0.0000650 seconds
151.880: Application time: 0.0366560 seconds
151.880: [GC151.880: [ParNew: 15962K->1546K(16640K), 0.0006660 secs] 32596K->18180K(55552K), 0.0006970 secs] [Times: user=0.00 sys=0.00, real=0.01 secs] 
151.881: Total time for which application threads were stopped: 0.0008150 seconds, Stopping threads took: 0.0000610 seconds
151.913: Application time: 0.0328100 seconds
151.914: [GC151.914: [ParNew: 16030K->1576K(16640K), 0.0009670 secs] 32664K->19234K(55552K), 0.0010030 secs] [Times: user=0.00 sys=0.00, real=0.00 secs] 
151.915: Total time for which application threads were stopped: 0.0011400 seconds, Stopping threads took: 0.0000740 seconds
151.949: Application time: 0.0345260 seconds
151.949: [GC151.949: [ParNew: 15986K->1548K(16640K), 0.0010860 secs] 33644K->20259K(55552K), 0.0011210 secs] [Times: user=0.01 sys=0.00, real=0.00 secs] 
151.950: Total time for which application threads were stopped: 0.0012710 seconds, Stopping threads took: 0.0000880 seconds
151.986: Application time: 0.0356060 seconds
151.986: [GC151.986: [ParNew: 16042K->1576K(16640K), 0.0007220 secs] 34753K->20287K(55552K), 0.0007520 secs] [Times: user=0.01 sys=0.00, real=0.00 secs] 
151.987: Total time for which application threads were stopped: 0.0008790 seconds, Stopping threads took: 0.0000700 seconds
152.020: Application time: 0.0332510 seconds
152.020: [GC152.020: [ParNew: 15978K->1550K(16640K), 0.0014130 secs] 34689K->22337K(55552K), 0.0014510 secs] [Times: user=0.01 sys=0.00, real=0.01 secs] 
152.022: Total time for which application threads were stopped: 0.0015780 seconds, Stopping threads took: 0.0000620 seconds
152.059: Application time: 0.0373350 seconds
152.059: [GC152.059: [ParNew: 16046K->1576K(16640K), 0.0006340 secs] 36834K->22363K(55552K), 0.0006730 secs] [Times: user=0.00 sys=0.00, real=0.00 secs] 
152.060: Total time for which application threads were stopped: 0.0007980 seconds, Stopping threads took: 0.0000580 seconds
152.091: Application time: 0.0313290 seconds
152.091: [GC152.091: [ParNew: 15978K->1550K(16640K), 0.0013860 secs] 36765K->24414K(55552K), 0.0014280 secs] [Times: user=0.01 sys=0.00, real=0.00 secs] 
152.093: Total time for which application threads were stopped: 0.0015710 seconds, Stopping threads took: 0.0000780 seconds
152.131: Application time: 0.0379040 seconds
152.131: [GC152.131: [ParNew: 15968K->1548K(16640K), 0.0006580 secs] 38832K->24412K(55552K), 0.0006890 secs] [Times: user=0.01 sys=0.00, real=0.00 secs] 
152.132: Total time for which application threads were stopped: 0.0008260 seconds, Stopping threads took: 0.0000810 seconds
152.168: Application time: 0.0364340 seconds
152.169: [GC152.169: [ParNew: 16042K->40K(16640K), 0.0002930 secs] 38906K->22904K(55552K), 0.0003200 secs] [Times: user=0.00 sys=0.00, real=0.00 secs] 
152.169: Total time for which application threads were stopped: 0.0010410 seconds, Stopping threads took: 0.0006700 seconds
152.204: Application time: 0.0348360 seconds
152.204: [GC152.204: [ParNew: 14446K->1576K(16640K), 0.0006480 secs] 37310K->24440K(55552K), 0.0006820 secs] [Times: user=0.01 sys=0.00, real=0.00 secs] 
152.205: Total time for which application threads were stopped: 0.0009590 seconds, Stopping threads took: 0.0002200 seconds
152.239: Application time: 0.0345700 seconds
152.240: [GC152.240: [ParNew: 15982K->1546K(16640K), 0.0008180 secs] 38846K->24950K(55552K), 0.0008530 secs] [Times: user=0.01 sys=0.00, real=0.00 secs] 
152.240: Total time for which application threads were stopped: 0.0010340 seconds, Stopping threads took: 0.0001260 seconds
152.275: Application time: 0.0349630 seconds
152.276: [GC152.276: [ParNew: 15962K->1034K(16640K), 0.0004940 secs] 39367K->24438K(55552K), 0.0005240 secs] [Times: user=0.00 sys=0.00, real=0.00 secs] 
152.276: Total time for which application threads were stopped: 0.0006730 seconds, Stopping threads took: 0.0000930 seconds
152.309: Application time: 0.0327100 seconds
152.309: [GC152.309: [ParNew: 15437K->1550K(16640K), 0.0009770 secs] 38842K->25978K(55552K), 0.0010120 secs] [Times: user=0.01 sys=0.00, real=0.00 secs] 
152.310: Total time for which application threads were stopped: 0.0011450 seconds, Stopping threads took: 0.0000700 seconds
152.347: Application time: 0.0372780 seconds
152.347: [GC152.347: [ParNew: 16044K->1064K(16640K), 0.0005530 secs] 40473K->25492K(55552K), 0.0005810 secs] [Times: user=0.00 sys=0.00, real=0.00 secs] 
152.348: Total time for which application threads were stopped: 0.0006950 seconds, Stopping threads took: 0.0000600 seconds
152.380: Application time: 0.0316590 seconds
152.380: [GC152.380: [ParNew: 15468K->1548K(16640K), 0.0010380 secs] 39896K->27029K(55552K), 0.0010750 secs] [Times: user=0.00 sys=0.00, real=0.01 secs] 
152.381: Total time for which application threads were stopped: 0.0012150 seconds, Stopping threads took: 0.0000790 seconds
152.419: Application time: 0.0378460 seconds
152.419: [GC152.419: [ParNew: 16120K->1606K(16640K), 0.0018450 secs] 41602K->27087K(55552K), 0.0018810 secs] [Times: user=0.01 sys=0.00, real=0.01 secs] 
152.421: Total time for which application threads were stopped: 0.0020140 seconds, Stopping threads took: 0.0000720 seconds
152.454: Application time: 0.0334930 seconds
152.454: [GC152.454: [ParNew: 16090K->1578K(16640K), 0.0010930 secs] 41571K->28140K(55552K), 0.0011270 secs] [Times: user=0.01 sys=0.00, real=0.00 secs] 
152.455: Total time for which application threads were stopped: 0.0012470 seconds, Stopping threads took: 0.0000570 seconds
152.492: Application time: 0.0364230 seconds
152.492: [GC152.492: [ParNew: 15992K->1548K(16640K), 0.0007280 secs] 42554K->28138K(55552K), 0.0007590 secs] [Times: user=0.00 sys=0.00, real=0.00 secs] 
152.493: Total time for which application threads were stopped: 0.0008780 seconds, Stopping threads took: 0.0000600 seconds
152.528: Application time: 0.0349620 seconds
152.528: [GC152.528: [ParNew: 15958K->1546K(16640K), 0.0006500 secs] 42548K->28136K(55552K), 0.0006850 secs] [Times: user=0.00 sys=0.00, real=0.00 secs] 
152.528: Total time for which application threads were stopped: 0.0008070 seconds, Stopping threads took: 0.0000620 seconds
152.563: Application time: 0.0341230 seconds
152.563: [GC152.563: [ParNew: 16034K->1576K(16640K), 0.0006890 secs] 42625K->28166K(55552K), 0.0007220 secs] [Times: user=0.00 sys=0.00, real=0.00 secs] 
152.563: Total time for which application threads were stopped: 0.0008440 seconds, Stopping threads took: 0.0000540 seconds
152.598: Application time: 0.0344060 seconds
152.598: [GC152.598: [ParNew: 15986K->1546K(16640K), 0.0007120 secs] 42577K->28165K(55552K), 0.0007460 secs] [Times: user=0.00 sys=0.00, real=0.00 secs] 
152.599: Total time for which application threads were stopped: 0.0008640 seconds, Stopping threads took: 0.0000580 seconds
152.635: Application time: 0.0361540 seconds
152.635: [GC152.635: [ParNew: 16034K->1576K(16640K), 0.0006350 secs] 42653K->28195K(55552K), 0.0006670 secs] [Times: user=0.00 sys=0.00, real=0.00 secs] 
152.636: Total time for which application threads were stopped: 0.0007900 seconds, Stopping threads took: 0.0000630 seconds
152.670: Application time: 0.0340400 seconds
152.670: [GC152.670: [ParNew: 15986K->1550K(16640K), 0.0007330 secs] 42605K->28197K(55552K), 0.0007650 secs] [Times: user=0.00 sys=0.00, real=0.00 secs] 
152.671: Total time for which application threads were stopped: 0.0009730 seconds, Stopping threads took: 0.0001480 seconds
152.706: Application time: 0.0353410 seconds
152.706: [GC152.706: [ParNew: 16036K->1576K(16640K), 0.0009010 secs] 42684K->28736K(55552K), 0.0009370 secs] [Times: user=0.01 sys=0.00, real=0.00 secs] 
152.707: Total time for which application threads were stopped: 0.0010860 seconds, Stopping threads took: 0.0000850 seconds
152.742: Application time: 0.0348950 seconds
152.742: [GC152.742: [ParNew: 15990K->1034K(16640K), 0.0005370 secs] 43150K->28222K(55552K), 0.0005690 secs] [Times: user=0.00 sys=0.00, real=0.00 secs] 
152.743: Total time for which application threads were stopped: 0.0006760 seconds, Stopping threads took: 0.0000570 seconds
152.775: Application time: 0.0325030 seconds
152.775: [GC152.775: [ParNew: 15514K->1578K(16640K), 0.0012590 secs] 42702K->30302K(55552K), 0.0012980 secs] [Times: user=0.01 sys=0.00, real=0.00 secs] 
152.777: Total time for which application threads were stopped: 0.0014240 seconds, Stopping threads took: 0.0000600 seconds
152.813: Application time: 0.0366070 seconds
152.813: [GC152.813: [ParNew: 15994K->1546K(16640K), 0.0006590 secs] 44718K->30299K(55552K), 0.0006910 secs] [Times: user=0.00 sys=0.00, real=0.00 secs] 
152.814: Total time for which application threads were stopped: 0.0008110 seconds, Stopping threads took: 0.0000640 seconds
152.848: Application time: 0.0338640 seconds
152.848: [GC152.848: [ParNew: 15954K->1544K(16640K), 0.0008360 secs] 44707K->30809K(55552K), 0.0008680 secs] [Times: user=0.00 sys=0.00, real=0.01 secs] 
152.849: Total time for which application threads were stopped: 0.0009830 seconds, Stopping threads took: 0.0000580 seconds
152.886: Application time: 0.0373420 seconds
152.886: [GC152.886: [ParNew: 15958K->1034K(16640K), 0.0004590 secs] 45223K->30299K(55552K), 0.0004870 secs] [Times: user=0.01 sys=0.00, real=0.00 secs] 
152.887: Total time for which application threads were stopped: 0.0006100 seconds, Stopping threads took: 0.0000670 seconds
152.919: Application time: 0.0326790 seconds
152.920: [GC152.920: [ParNew: 15440K->1546K(16640K), 0.0008810 secs] 44704K->31323K(55552K), 0.0009140 secs] [Times: user=0.00 sys=0.00, real=0.00 secs] 
152.921: Total time for which application threads were stopped: 0.0010500 seconds, Stopping threads took: 0.0000680 seconds
152.958: Application time: 0.0370120 seconds
152.958: [GC152.958: [ParNew: 15960K->1034K(16640K), 0.0005640 secs] 45737K->30811K(55552K), 0.0006030 secs] [Times: user=0.00 sys=0.00, real=0.00 secs] 
152.958: Total time for which application threads were stopped: 0.0007190 seconds, Stopping threads took: 0.0000600 seconds
152.991: Application time: 0.0326680 seconds
152.991: [GC152.991: [ParNew: 15520K->1576K(16640K), 0.0008780 secs] 45297K->31865K(55552K), 0.0009090 secs] [Times: user=0.01 sys=0.00, real=0.00 secs] 
152.992: Total time for which application threads were stopped: 0.0010960 seconds, Stopping threads took: 0.0001330 seconds
153.028: Application time: 0.0360240 seconds
153.028: [GC153.028: [ParNew: 15988K->1034K(16640K), 0.0005110 secs] 46277K->31351K(55552K), 0.0005440 secs] [Times: user=0.00 sys=0.00, real=0.01 secs] 
153.029: Total time for which application threads were stopped: 0.0006950 seconds, Stopping threads took: 0.0000930 seconds
153.062: Application time: 0.0335020 seconds
153.062: [GC153.062: [ParNew: 15600K->1606K(16640K), 0.0007100 secs] 45918K->31923K(55552K), 0.0007400 secs] [Times: user=0.00 sys=0.00, real=0.00 secs] 
153.063: Total time for which application threads were stopped: 0.0008520 seconds, Stopping threads took: 0.0000540 seconds
153.098: Application time: 0.0346350 seconds
153.098: [GC153.098: [ParNew: 16016K->1550K(16640K), 0.0007670 secs] 46333K->31924K(55552K), 0.0007980 secs] [Times: user=0.00 sys=0.00, real=0.00 secs] 
153.099: Total time for which application threads were stopped: 0.0009530 seconds, Stopping threads took: 0.0000910 seconds
153.133: Application time: 0.0342930 seconds
153.133: [GC153.133: [ParNew: 16038K->1576K(16640K), 0.0008330 secs] 46412K->32462K(55552K), 0.0008700 secs] [Times: user=0.00 sys=0.00, real=0.00 secs] 
153.134: Total time for which application threads were stopped: 0.0010090 seconds, Stopping threads took: 0.0000770 seconds
153.169: Application time: 0.0351520 seconds
153.169: [GC153.169: [ParNew: 15988K->1546K(16640K), 0.0006520 secs] 46874K->32461K(55552K), 0.0006830 secs] [Times: user=0.00 sys=0.00, real=0.00 secs] 
153.170: Total time for which application threads were stopped: 0.0008040 seconds, Stopping threads took: 0.0000630 seconds
153.204: Application time: 0.0344490 seconds
153.205: [GC153.205: [ParNew: 15954K->1546K(16640K), 0.0007880 secs] 46869K->32973K(55552K), 0.0008250 secs] [Times: user=0.00 sys=0.00, real=0.00 secs] 
153.205: Total time for which application threads were stopped: 0.0009490 seconds, Stopping threads took: 0.0000570 seconds
153.241: Application time: 0.0355950 seconds
153.241: [GC153.241: [ParNew: 16038K->1574K(16640K), 0.0006710 secs] 47465K->33001K(55552K), 0.0007030 secs] [Times: user=0.01 sys=0.00, real=0.00 secs] 
153.242: Total time for which application threads were stopped: 0.0008120 seconds, Stopping threads took: 0.0000580 seconds
153.276: Application time: 0.0342150 seconds
153.276: [GC153.276: [ParNew: 16062K->1578K(16640K), 0.0006870 secs] 47489K->33033K(55552K), 0.0007200 secs] [Times: user=0.00 sys=0.00, real=0.00 secs] 
153.277: Total time for which application threads were stopped: 0.0008370 seconds, Stopping threads took: 0.0000580 seconds
153.311: Application time: 0.0341760 seconds
153.311: [GC153.311: [ParNew: 15984K->1548K(16640K), 0.0009940 secs] 47439K->34056K(55552K), 0.0010300 secs] [Times: user=0.01 sys=0.00, real=0.00 secs] 
153.312: Total time for which application threads were stopped: 0.0011570 seconds, Stopping threads took: 0.0000630 seconds
153.348: Application time: 0.0358470 seconds
153.348: [GC153.348: [ParNew: 16044K->1064K(16640K), 0.0006380 secs] 48552K->33572K(55552K), 0.0006720 secs] [Times: user=0.00 sys=0.00, real=0.01 secs] 
153.349: Total time for which application threads were stopped: 0.0007840 seconds, Stopping threads took: 0.0000550 seconds
153.383: Application time: 0.0344140 seconds
153.383: [GC153.383: [ParNew: 15472K->1546K(16640K), 0.0006610 secs] 47980K->34082K(55552K), 0.0006950 secs] [Times: user=0.00 sys=0.00, real=0.00 secs] 
153.384: Total time for which application threads were stopped: 0.0008160 seconds, Stopping threads took: 0.0000610 seconds
153.419: Application time: 0.0350180 seconds
153.419: [GC153.419: [ParNew: 16034K->1578K(16640K), 0.0007110 secs] 48571K->34114K(55552K), 0.0007500 secs] [Times: user=0.01 sys=0.00, real=0.00 secs] 
153.420: Total time for which application threads were stopped: 0.0009580 seconds, Stopping threads took: 0.0001510 seconds
153.454: Application time: 0.0343130 seconds
153.454: [GC153.454: [ParNew: 15988K->1544K(16640K), 0.0006820 secs] 48524K->34109K(55552K), 0.0007160 secs] [Times: user=0.00 sys=0.00, real=0.00 secs] 
153.455: Total time for which application threads were stopped: 0.0008460 seconds, Stopping threads took: 0.0000690 seconds
153.489: Application time: 0.0335730 seconds
153.489: [GC153.489: [ParNew: 15948K->1550K(16640K), 0.0012160 secs] 48513K->35651K(55552K), 0.0012510 secs] [Times: user=0.01 sys=0.00, real=0.00 secs] 
153.490: Total time for which application threads were stopped: 0.0013750 seconds, Stopping threads took: 0.0000620 seconds
153.528: Application time: 0.0379250 seconds
153.528: [GC153.528: [ParNew: 15966K->1546K(16640K), 0.0006630 secs] 50067K->35647K(55552K), 0.0006950 secs] [Times: user=0.00 sys=0.00, real=0.01 secs] 
153.529: Total time for which application threads were stopped: 0.0008260 seconds, Stopping threads took: 0.0000740 seconds
153.561: Application time: 0.0318830 seconds
153.561: [GC153.561: [ParNew: 15952K->1548K(16640K), 0.0009770 secs] 50053K->36673K(55552K), 0.0010160 secs] [Times: user=0.01 sys=0.00, real=0.00 secs] 
153.562: Total time for which application threads were stopped: 0.0011480 seconds, Stopping threads took: 0.0000670 seconds
153.599: Application time: 0.0369480 seconds
153.599: [GC153.599: [ParNew: 15964K->1036K(16640K), 0.0005100 secs] 51089K->36161K(55552K), 0.0005430 secs] [Times: user=0.01 sys=0.00, real=0.00 secs] 
153.600: Total time for which application threads were stopped: 0.0006530 seconds, Stopping threads took: 0.0000470 seconds
153.634: Application time: 0.0343480 seconds
153.634: [GC153.634: [ParNew: 15442K->1546K(16640K), 0.0008080 secs] 50567K->37183K(55552K), 0.0008420 secs] [Times: user=0.01 sys=0.00, real=0.00 secs] 
153.635: Total time for which application threads were stopped: 0.0009700 seconds, Stopping threads took: 0.0000690 seconds
153.670: Application time: 0.0353320 seconds
153.670: [GC153.670: [ParNew: 16036K->1578K(16640K), 0.0007090 secs] 51673K->37215K(55552K), 0.0007420 secs] [Times: user=0.00 sys=0.00, real=0.00 secs] 
153.671: Total time for which application threads were stopped: 0.0009410 seconds, Stopping threads took: 0.0001390 seconds
153.705: Application time: 0.0338610 seconds
153.705: [GC153.705: [ParNew: 15986K->1548K(16640K), 0.0009480 secs] 51623K->37725K(55552K), 0.0009830 secs] [Times: user=0.00 sys=0.00, real=0.00 secs] 
153.706: Total time for which application threads were stopped: 0.0011310 seconds, Stopping threads took: 0.0000870 seconds
153.706: Application time: 0.0000680 seconds
153.706: [GC [1 CMS-initial-mark: 36177K(38912K)] 38237K(55552K), 0.0000940 secs] [Times: user=0.00 sys=0.00, real=0.00 secs] 
153.706: Total time for which application threads were stopped: 0.0002770 seconds, Stopping threads took: 0.0001650 seconds
153.706: [CMS-concurrent-mark-start]
153.710: [CMS-concurrent-mark: 0.003/0.003 secs] [Times: user=0.02 sys=0.00, real=0.01 secs] 
153.710: [CMS-concurrent-preclean-start]
153.710: [CMS-concurrent-preclean: 0.000/0.000 secs] [Times: user=0.00 sys=0.00, real=0.00 secs] 
153.710: Application time: 0.0036860 seconds
153.710: [GC[YG occupancy: 3100 K (16640 K)]153.710: [Rescan (parallel) , 0.0001820 secs]153.710: [weak refs processing, 0.0000060 secs]153.710: [scrub string table, 0.0001130 secs] [1 CMS-remark: 36177K(38912K)] 39278K(55552K), 0.0003280 secs] [Times: user=0.00 sys=0.00, real=0.00 secs] 
153.711: Total time for which application threads were stopped: 0.0004030 seconds, Stopping threads took: 0.0000510 seconds
153.711: [CMS-concurrent-sweep-start]
153.711: [CMS-concurrent-sweep: 0.001/0.001 secs] [Times: user=0.00 sys=0.00, real=0.00 secs] 
153.711: [CMS-concurrent-reset-start]
153.711: [CMS-concurrent-reset: 0.000/0.000 secs] [Times: user=0.00 sys=0.00, real=0.00 secs] 
153.742: Application time: 0.0318740 seconds
153.743: [GC153.743: [ParNew: 16114K->1608K(16640K), 0.0008290 secs] 22168K->8174K(55552K), 0.0008630 secs] [Times: user=0.00 sys=0.00, real=0.00 secs] 
153.743: Total time for which application threads were stopped: 0.0010230 seconds, Stopping threads took: 0.0001050 seconds
153.781: Application time: 0.0376030 seconds
153.781: [GC153.781: [ParNew: 16102K->550K(16640K), 0.0004870 secs] 22669K->7173K(55552K), 0.0005170 secs] [Times: user=0.00 sys=0.00, real=0.00 secs] 
153.782: Total time for which application threads were stopped: 0.0006920 seconds, Stopping threads took: 0.0001240 seconds
153.814: Application time: 0.0322280 seconds
153.814: [GC153.814: [ParNew: 14953K->1578K(16640K), 0.0008660 secs] 21577K->8713K(55552K), 0.0009030 secs] [Times: user=0.01 sys=0.00, real=0.00 secs] 
153.815: Total time for which application threads were stopped: 0.0010310 seconds, Stopping threads took: 0.0000680 seconds
153.851: Application time: 0.0357070 seconds
153.851: [GC153.851: [ParNew: 16070K->1576K(16640K), 0.0006800 secs] 23205K->8739K(55552K), 0.0007120 secs] [Times: user=0.01 sys=0.00, real=0.00 secs] 
153.852: Total time for which application threads were stopped: 0.0008300 seconds, Stopping threads took: 0.0000620 seconds
153.886: Application time: 0.0343540 seconds
153.886: [GC153.886: [ParNew: 15984K->1548K(16640K), 0.0009010 secs] 23147K->9252K(55552K), 0.0009370 secs] [Times: user=0.00 sys=0.00, real=0.00 secs] 
153.887: Total time for which application threads were stopped: 0.0010650 seconds, Stopping threads took: 0.0000680 seconds
153.925: Application time: 0.0376210 seconds
153.925: [GC153.925: [ParNew: 16042K->552K(16640K), 0.0003460 secs] 23747K->8256K(55552K), 0.0003750 secs] [Times: user=0.00 sys=0.00, real=0.00 secs] 
153.925: Total time for which application threads were stopped: 0.0004880 seconds, Stopping threads took: 0.0000620 seconds
153.959: Application time: 0.0341240 seconds
153.959: [GC153.959: [ParNew: 14955K->1578K(16640K), 0.0008380 secs] 22660K->9794K(55552K), 0.0008710 secs] [Times: user=0.00 sys=0.00, real=0.00 secs] 
153.960: Total time for which application threads were stopped: 0.0009920 seconds, Stopping threads took: 0.0000640 seconds
153.996: Application time: 0.0355380 seconds
153.996: [GC153.996: [ParNew: 16068K->1578K(16640K), 0.0006870 secs] 24285K->9823K(55552K), 0.0007200 secs] [Times: user=0.00 sys=0.00, real=0.00 secs] 
153.997: Total time for which application threads were stopped: 0.0008300 seconds, Stopping threads took: 0.0000540 seconds
154.030: Application time: 0.0335390 seconds
154.030: [GC154.030: [ParNew: 15984K->1548K(16640K), 0.0009860 secs] 24229K->10845K(55552K), 0.0010210 secs] [Times: user=0.01 sys=0.00, real=0.00 secs] 
154.031: Total time for which application threads were stopped: 0.0011530 seconds, Stopping threads took: 0.0000680 seconds
154.067: Application time: 0.0353930 seconds
154.067: [GC154.067: [ParNew: 16042K->1576K(16640K), 0.0006870 secs] 25339K->10873K(55552K), 0.0007170 secs] [Times: user=0.01 sys=0.00, real=0.00 secs] 
154.068: Total time for which application threads were stopped: 0.0009530 seconds, Stopping threads took: 0.0001800 seconds
154.103: Application time: 0.0352130 seconds
154.103: [GC154.103: [ParNew: 15988K->1034K(16640K), 0.0005390 secs] 25285K->10360K(55552K), 0.0005690 secs] [Times: user=0.00 sys=0.00, real=0.00 secs] 
154.104: Total time for which application threads were stopped: 0.0006910 seconds, Stopping threads took: 0.0000590 seconds
154.137: Application time: 0.0335500 seconds
154.137: [GC154.137: [ParNew: 15437K->1550K(16640K), 0.0010010 secs] 24763K->11900K(55552K), 0.0010360 secs] [Times: user=0.01 sys=0.00, real=0.00 secs] 
154.138: Total time for which application threads were stopped: 0.0011690 seconds, Stopping threads took: 0.0000710 seconds
154.175: Application time: 0.0365420 seconds
154.175: [GC154.175: [ParNew: 15966K->1034K(16640K), 0.0004920 secs] 26316K->11384K(55552K), 0.0005310 secs] [Times: user=0.00 sys=0.00, real=0.00 secs] 
154.175: Total time for which application threads were stopped: 0.0006520 seconds, Stopping threads took: 0.0000660 seconds
154.207: Application time: 0.0316860 seconds
154.207: [GC154.207: [ParNew: 15435K->1550K(16640K), 0.0012770 secs] 25785K->13436K(55552K), 0.0013150 secs] [Times: user=0.01 sys=0.00, real=0.01 secs] 
154.209: Total time for which application threads were stopped: 0.0014510 seconds, Stopping threads took: 0.0000710 seconds
154.246: Application time: 0.0374270 seconds
154.246: [GC154.246: [ParNew: 15968K->1030K(16640K), 0.0004640 secs] 27854K->12916K(55552K), 0.0004950 secs] [Times: user=0.01 sys=0.00, real=0.00 secs] 
154.247: Total time for which application threads were stopped: 0.0006860 seconds, Stopping threads took: 0.0001390 seconds
154.279: Application time: 0.0326350 seconds
154.279: [GC154.279: [ParNew: 15433K->1548K(16640K), 0.0010000 secs] 27319K->14458K(55552K), 0.0010350 secs] [Times: user=0.00 sys=0.00, real=0.00 secs] 
154.281: Total time for which application threads were stopped: 0.0011590 seconds, Stopping threads took: 0.0000620 seconds
154.316: Application time: 0.0350480 seconds
154.316: [GC154.316: [ParNew: 15958K->1546K(16640K), 0.0010090 secs] 28868K->15480K(55552K), 0.0010440 secs] [Times: user=0.01 sys=0.00, real=0.00 secs] 
154.317: Total time for which application threads were stopped: 0.0011800 seconds, Stopping threads took: 0.0000740 seconds
154.353: Application time: 0.0365450 seconds
154.353: [GC154.353: [ParNew: 16040K->1578K(16640K), 0.0007210 secs] 29974K->15512K(55552K), 0.0007510 secs] [Times: user=0.01 sys=0.00, real=0.00 secs] 
154.354: Total time for which application threads were stopped: 0.0008790 seconds, Stopping threads took: 0.0000710 seconds
154.386: Application time: 0.0319840 seconds
154.386: [GC154.386: [ParNew: 16140K->1604K(16640K), 0.0012750 secs] 30074K->17102K(55552K), 0.0013140 secs] [Times: user=0.01 sys=0.00, real=0.00 secs] 
154.388: Total time for which application threads were stopped: 0.0014420 seconds, Stopping threads took: 0.0000630 seconds
154.425: Application time: 0.0372920 seconds
154.425: [GC154.425: [ParNew: 16020K->1548K(16640K), 0.0007170 secs] 31519K->17103K(55552K), 0.0007470 secs] [Times: user=0.01 sys=0.00, real=0.00 secs] 
154.426: Total time for which application threads were stopped: 0.0008710 seconds, Stopping threads took: 0.0000670 seconds
154.458: Application time: 0.0324000 seconds
154.458: [GC154.458: [ParNew: 16028K->1578K(16640K), 0.0012100 secs] 31583K->18669K(55552K), 0.0012420 secs] [Times: user=0.01 sys=0.00, real=0.00 secs] 
154.460: Total time for which application threads were stopped: 0.0014220 seconds, Stopping threads took: 0.0001130 seconds
154.497: Application time: 0.0373090 seconds
154.497: [GC154.497: [ParNew: 16074K->1578K(16640K), 0.0006910 secs] 33166K->18698K(55552K), 0.0007190 secs] [Times: user=0.00 sys=0.00, real=0.00 secs] 
154.498: Total time for which application threads were stopped: 0.0008360 seconds, Stopping threads took: 0.0000610 seconds
154.531: Application time: 0.0330190 seconds
154.531: [GC154.531: [ParNew: 15980K->1552K(16640K), 0.0013980 secs] 33100K->20748K(55552K), 0.0014370 secs] [Times: user=0.01 sys=0.00, real=0.00 secs] 
154.532: Total time for which application threads were stopped: 0.0015810 seconds, Stopping threads took: 0.0000770 seconds
154.570: Application time: 0.0373830 seconds
154.570: [GC154.570: [ParNew: 15970K->1548K(16640K), 0.0006650 secs] 35167K->20744K(55552K), 0.0006980 secs] [Times: user=0.00 sys=0.00, real=0.00 secs] 
154.571: Total time for which application threads were stopped: 0.0008170 seconds, Stopping threads took: 0.0000600 seconds
154.604: Application time: 0.0329510 seconds
154.604: [GC154.604: [ParNew: 16030K->1580K(16640K), 0.0011870 secs] 35227K->22313K(55552K), 0.0012220 secs] [Times: user=0.00 sys=0.00, real=0.00 secs] 
154.605: Total time for which application threads were stopped: 0.0013850 seconds, Stopping threads took: 0.0000920 seconds
154.642: Application time: 0.0367470 seconds
154.642: [GC154.642: [ParNew: 16076K->1578K(16640K), 0.0006830 secs] 36809K->22339K(55552K), 0.0007240 secs] [Times: user=0.00 sys=0.00, real=0.00 secs] 
154.642: Total time for which application threads were stopped: 0.0008460 seconds, Stopping threads took: 0.0000640 seconds
154.676: Application time: 0.0337810 seconds
154.676: [GC154.676: [ParNew: 15980K->1548K(16640K), 0.0012240 secs] 36741K->23874K(55552K), 0.0012600 secs] [Times: user=0.00 sys=0.00, real=0.00 secs] 
154.678: Total time for which application threads were stopped: 0.0014710 seconds, Stopping threads took: 0.0001470 seconds
154.714: Application time: 0.0366680 seconds
154.715: [GC154.715: [ParNew: 16046K->1580K(16640K), 0.0006200 secs] 38372K->23906K(55552K), 0.0006500 secs] [Times: user=0.00 sys=0.00, real=0.00 secs] 
154.715: Total time for which application threads were stopped: 0.0007670 seconds, Stopping threads took: 0.0000620 seconds
154.749: Application time: 0.0342050 seconds
154.750: [GC154.750: [ParNew: 15986K->1548K(16640K), 0.0010220 secs] 38312K->24926K(55552K), 0.0010580 secs] [Times: user=0.01 sys=0.00, real=0.00 secs] 
154.751: Total time for which application threads were stopped: 0.0012050 seconds, Stopping threads took: 0.0000850 seconds
154.786: Application time: 0.0354280 seconds
154.786: [GC154.786: [ParNew: 15962K->1550K(16640K), 0.0006340 secs] 39340K->24928K(55552K), 0.0006650 secs] [Times: user=0.00 sys=0.00, real=0.00 secs] 
154.787: Total time for which application threads were stopped: 0.0007820 seconds, Stopping threads took: 0.0000590 seconds
154.822: Application time: 0.0352950 seconds
154.822: [GC154.822: [ParNew: 15956K->1546K(16640K), 0.0010270 secs] 39334K->25948K(55552K), 0.0010640 secs] [Times: user=0.00 sys=0.00, real=0.00 secs] 
154.823: Total time for which application threads were stopped: 0.0011880 seconds, Stopping threads took: 0.0000610 seconds
154.859: Application time: 0.0356820 seconds
154.859: [GC154.859: [ParNew: 15962K->1034K(16640K), 0.0004790 secs] 40364K->25436K(55552K), 0.0005080 secs] [Times: user=0.00 sys=0.00, real=0.00 secs] 
154.860: Total time for which application threads were stopped: 0.0006200 seconds, Stopping threads took: 0.0000570 seconds
154.894: Application time: 0.0339450 seconds
154.894: [GC154.894: [ParNew: 15442K->1544K(16640K), 0.0006320 secs] 39844K->25946K(55552K), 0.0006640 secs] [Times: user=0.01 sys=0.00, real=0.00 secs] 
154.894: Total time for which application threads were stopped: 0.0007950 seconds, Stopping threads took: 0.0000800 seconds
154.928: Application time: 0.0334890 seconds
154.928: [GC154.928: [ParNew: 15950K->1550K(16640K), 0.0009970 secs] 40352K->26976K(55552K), 0.0010340 secs] [Times: user=0.00 sys=0.01, real=0.01 secs] 
154.929: Total time for which application threads were stopped: 0.0011720 seconds, Stopping threads took: 0.0000750 seconds
154.967: Application time: 0.0379530 seconds
154.967: [GC154.967: [ParNew: 15966K->1034K(16640K), 0.0005630 secs] 41392K->26460K(55552K), 0.0005940 secs] [Times: user=0.01 sys=0.00, real=0.00 secs] 
154.968: Total time for which application threads were stopped: 0.0007050 seconds, Stopping threads took: 0.0000540 seconds
154.999: Application time: 0.0316610 seconds
154.999: [GC154.999: [ParNew: 15516K->1578K(16640K), 0.0009780 secs] 40942K->28028K(55552K), 0.0010150 secs] [Times: user=0.01 sys=0.00, real=0.00 secs] 
155.000: Total time for which application threads were stopped: 0.0011370 seconds, Stopping threads took: 0.0000610 seconds
155.037: Application time: 0.0364500 seconds
155.037: [GC155.037: [ParNew: 15992K->1548K(16640K), 0.0007370 secs] 42442K->28027K(55552K), 0.0007710 secs] [Times: user=0.00 sys=0.00, real=0.00 secs] 
155.038: Total time for which application threads were stopped: 0.0009030 seconds, Stopping threads took: 0.0000730 seconds
155.073: Application time: 0.0353700 seconds
155.073: [GC155.073: [ParNew: 16118K->1092K(16640K), 0.0005700 secs] 42597K->27571K(55552K), 0.0006010 secs] [Times: user=0.00 sys=0.00, real=0.00 secs] 
155.074: Total time for which application threads were stopped: 0.0007200 seconds, Stopping threads took: 0.0000570 seconds
155.107: Application time: 0.0335530 seconds
155.108: [GC155.108: [ParNew: 15574K->1580K(16640K), 0.0010410 secs] 42053K->29140K(55552K), 0.0010760 secs] [Times: user=0.01 sys=0.00, real=0.01 secs] 
155.109: Total time for which application threads were stopped: 0.0012350 seconds, Stopping threads took: 0.0000870 seconds
155.147: Application time: 0.0381570 seconds
155.147: [GC155.147: [ParNew: 16074K->1066K(16640K), 0.0006220 secs] 43634K->28654K(55552K), 0.0006500 secs] [Times: user=0.00 sys=0.00, real=0.00 secs] 
155.148: Total time for which application threads were stopped: 0.0007540 seconds, Stopping threads took: 0.0000550 seconds
155.181: Application time: 0.0337310 seconds
155.181: [GC155.181: [ParNew: 15470K->1548K(16640K), 0.0009990 secs] 43058K->30189K(55552K), 0.0010340 secs] [Times: user=0.00 sys=0.00, real=0.00 secs] 
155.183: Total time for which application threads were stopped: 0.0011620 seconds, Stopping threads took: 0.0000660 seconds
155.217: Application time: 0.0346900 seconds
155.217: [GC155.217: [ParNew: 15960K->1546K(16640K), 0.0008400 secs] 44601K->30699K(55552K), 0.0008720 secs] [Times: user=0.01 sys=0.00, real=0.00 secs] 
155.218: Total time for which application threads were stopped: 0.0009960 seconds, Stopping threads took: 0.0000640 seconds
155.253: Application time: 0.0347310 seconds
155.253: [GC155.253: [ParNew: 16036K->1574K(16640K), 0.0007010 secs] 45189K->30727K(55552K), 0.0007300 secs] [Times: user=0.01 sys=0.00, real=0.00 secs] 
155.254: Total time for which application threads were stopped: 0.0008510 seconds, Stopping threads took: 0.0000650 seconds
155.292: Application time: 0.0383260 seconds
155.292: [GC155.292: [ParNew: 16068K->548K(16640K), 0.0004350 secs] 45221K->29729K(55552K), 0.0004650 secs] [Times: user=0.00 sys=0.00, real=0.00 secs] 
155.293: Total time for which application threads were stopped: 0.0005860 seconds, Stopping threads took: 0.0000650 seconds
155.325: Application time: 0.0323450 seconds
155.325: [GC155.325: [ParNew: 14949K->1578K(16640K), 0.0010450 secs] 44131K->31783K(55552K), 0.0010820 secs] [Times: user=0.01 sys=0.00, real=0.00 secs] 
155.326: Total time for which application threads were stopped: 0.0012070 seconds, Stopping threads took: 0.0000640 seconds
155.364: Application time: 0.0373940 seconds
155.364: [GC155.364: [ParNew: 16076K->548K(16640K), 0.0004440 secs] 46282K->30782K(55552K), 0.0004730 secs] [Times: user=0.00 sys=0.00, real=0.00 secs] 
155.364: Total time for which application threads were stopped: 0.0005860 seconds, Stopping threads took: 0.0000580 seconds
155.397: Application time: 0.0322860 seconds
155.397: [GC155.397: [ParNew: 14949K->1578K(16640K), 0.0011000 secs] 45184K->32836K(55552K), 0.0011350 secs] [Times: user=0.00 sys=0.00, real=0.00 secs] 
155.398: Total time for which application threads were stopped: 0.0012700 seconds, Stopping threads took: 0.0000770 seconds
155.436: Application time: 0.0381860 seconds
155.436: [GC155.436: [ParNew: 15996K->522K(16640K), 0.0003560 secs] 47254K->31808K(55552K), 0.0003860 secs] [Times: user=0.00 sys=0.00, real=0.00 secs] 
155.436: Total time for which application threads were stopped: 0.0004890 seconds, Stopping threads took: 0.0000530 seconds
155.469: Application time: 0.0321410 seconds
155.469: [GC155.469: [ParNew: 14925K->1546K(16640K), 0.0008700 secs] 46212K->33344K(55552K), 0.0009040 secs] [Times: user=0.01 sys=0.00, real=0.00 secs] 
155.470: Total time for which application threads were stopped: 0.0010320 seconds, Stopping threads took: 0.0000680 seconds
155.506: Application time: 0.0362550 seconds
155.506: [GC155.506: [ParNew: 15958K->1546K(16640K), 0.0006370 secs] 47757K->33344K(55552K), 0.0006690 secs] [Times: user=0.00 sys=0.00, real=0.00 secs] 
155.507: Total time for which application threads were stopped: 0.0007990 seconds, Stopping threads took: 0.0000720 seconds
155.542: Application time: 0.0355880 seconds
155.542: [GC155.542: [ParNew: 15958K->1036K(16640K), 0.0005030 secs] 47757K->32834K(55552K), 0.0005390 secs] [Times: user=0.00 sys=0.00, real=0.00 secs] 
155.543: Total time for which application threads were stopped: 0.0007010 seconds, Stopping threads took: 0.0001090 seconds
155.578: Application time: 0.0354070 seconds
155.579: [GC155.579: [ParNew: 15442K->1546K(16640K), 0.0008020 secs] 47240K->33856K(55552K), 0.0008350 secs] [Times: user=0.01 sys=0.00, real=0.00 secs] 
155.579: Total time for which application threads were stopped: 0.0009570 seconds, Stopping threads took: 0.0000620 seconds
155.615: Application time: 0.0360090 seconds
155.616: [GC155.616: [ParNew: 15962K->520K(16640K), 0.0003600 secs] 48273K->32830K(55552K), 0.0003900 secs] [Times: user=0.00 sys=0.00, real=0.00 secs] 
155.616: Total time for which application threads were stopped: 0.0005200 seconds, Stopping threads took: 0.0000670 seconds
155.649: Application time: 0.0327600 seconds
155.649: [GC155.649: [ParNew: 14921K->1550K(16640K), 0.0010000 secs] 47232K->34885K(55552K), 0.0010340 secs] [Times: user=0.01 sys=0.00, real=0.00 secs] 
155.650: Total time for which application threads were stopped: 0.0011810 seconds, Stopping threads took: 0.0000870 seconds
155.687: Application time: 0.0370270 seconds
155.687: [GC155.687: [ParNew: 16048K->550K(16640K), 0.0003990 secs] 49383K->33885K(55552K), 0.0004300 secs] [Times: user=0.00 sys=0.00, real=0.00 secs] 
155.687: Total time for which application threads were stopped: 0.0005440 seconds, Stopping threads took: 0.0000620 seconds
155.720: Application time: 0.0327480 seconds
155.720: [GC155.720: [ParNew: 15030K->1606K(16640K), 0.0010660 secs] 48364K->35965K(55552K), 0.0011060 secs] [Times: user=0.00 sys=0.00, real=0.01 secs] 
155.721: Total time for which application threads were stopped: 0.0012670 seconds, Stopping threads took: 0.0000950 seconds
155.757: Application time: 0.0359550 seconds
155.758: [GC155.758: [ParNew: 16096K->1576K(16640K), 0.0006900 secs] 50455K->35992K(55552K), 0.0007240 secs] [Times: user=0.00 sys=0.00, real=0.00 secs] 
155.758: Total time for which application threads were stopped: 0.0008660 seconds, Stopping threads took: 0.0000850 seconds
155.793: Application time: 0.0343510 seconds
155.793: [GC155.793: [ParNew: 16142K->1604K(16640K), 0.0008540 secs] 50558K->36560K(55552K), 0.0008880 secs] [Times: user=0.01 sys=0.00, real=0.00 secs] 
155.794: Total time for which application threads were stopped: 0.0010050 seconds, Stopping threads took: 0.0000570 seconds
155.830: Application time: 0.0362610 seconds
155.830: [GC155.830: [ParNew: 16016K->1034K(16640K), 0.0005440 secs] 50972K->36047K(55552K), 0.0005750 secs] [Times: user=0.00 sys=0.00, real=0.00 secs] 
155.831: Total time for which application threads were stopped: 0.0007410 seconds, Stopping threads took: 0.0001090 seconds
155.865: Application time: 0.0347580 seconds
155.866: [GC155.866: [ParNew: 15444K->1548K(16640K), 0.0006930 secs] 50457K->36561K(55552K), 0.0007270 secs] [Times: user=0.01 sys=0.00, real=0.00 secs] 
155.866: Total time for which application threads were stopped: 0.0008490 seconds, Stopping threads took: 0.0000650 seconds
155.900: Application time: 0.0340440 seconds
155.900: [GC155.900: [ParNew: 16038K->1580K(16640K), 0.0006310 secs] 51051K->36593K(55552K), 0.0006630 secs] [Times: user=0.00 sys=0.00, real=0.01 secs] 
155.901: Total time for which application threads were stopped: 0.0007870 seconds, Stopping threads took: 0.0000650 seconds
155.935: Application time: 0.0335320 seconds
155.935: [GC155.935: [ParNew: 16066K->1576K(16640K), 0.0008820 secs] 51079K->37130K(55552K), 0.0009150 secs] [Times: user=0.01 sys=0.00, real=0.00 secs] 
155.936: Total time for which application threads were stopped: 0.0010410 seconds, Stopping threads took: 0.0000650 seconds
155.971: Application time: 0.0349280 seconds
155.971: [GC155.971: [ParNew: 15986K->1548K(16640K), 0.0009510 secs] 51540K->37642K(55552K), 0.0009870 secs] [Times: user=0.01 sys=0.00, real=0.00 secs] 
155.972: Total time for which application threads were stopped: 0.0011080 seconds, Stopping threads took: 0.0000580 seconds
155.972: Application time: 0.0000560 seconds
155.972: [GC [1 CMS-initial-mark: 36094K(38912K)] 38154K(55552K), 0.0001040 secs] [Times: user=0.00 sys=0.00, real=0.00 secs] 
155.972: Total time for which application threads were stopped: 0.0002890 seconds, Stopping threads took: 0.0001670 seconds
155.972: [CMS-concurrent-mark-start]
155.978: [CMS-concurrent-mark: 0.006/0.006 secs] [Times: user=0.03 sys=0.00, real=0.00 secs] 
155.978: [CMS-concurrent-preclean-start]
155.978: [CMS-concurrent-preclean: 0.000/0.000 secs] [Times: user=0.00 sys=0.00, real=0.00 secs] 
155.978: Application time: 0.0058490 seconds
155.978: [GC[YG occupancy: 3108 K (16640 K)]155.978: [Rescan (parallel) , 0.0001230 secs]155.978: [weak refs processing, 0.0000060 secs]155.978: [scrub string table, 0.0000960 secs] [1 CMS-remark: 36094K(38912K)] 39203K(55552K), 0.0002510 secs] [Times: user=0.00 sys=0.00, real=0.00 secs] 
155.978: Total time for which application threads were stopped: 0.0003470 seconds, Stopping threads took: 0.0000720 seconds
155.978: [CMS-concurrent-sweep-start]
155.979: [CMS-concurrent-sweep: 0.001/0.001 secs] [Times: user=0.00 sys=0.00, real=0.00 secs] 
155.979: [CMS-concurrent-reset-start]
155.979: [CMS-concurrent-reset: 0.000/0.000 secs] [Times: user=0.00 sys=0.00, real=0.00 secs] 
156.008: Application time: 0.0295960 seconds
156.008: [GC156.008: [ParNew: 16038K->1576K(16640K), 0.0008720 secs] 22094K->8144K(55552K), 0.0009040 secs] [Times: user=0.00 sys=0.00, real=0.01 secs] 
156.009: Total time for which application threads were stopped: 0.0010260 seconds, Stopping threads took: 0.0000620 seconds
156.046: Application time: 0.0367220 seconds
156.046: [GC156.046: [ParNew: 15988K->1544K(16640K), 0.0007480 secs] 22556K->8140K(55552K), 0.0007790 secs] [Times: user=0.01 sys=0.00, real=0.00 secs] 
156.046: Total time for which application threads were stopped: 0.0008950 seconds, Stopping threads took: 0.0000650 seconds
156.079: Application time: 0.0320530 seconds
156.079: [GC156.079: [ParNew: 15950K->1546K(16640K), 0.0010470 secs] 22546K->9167K(55552K), 0.0010830 secs] [Times: user=0.01 sys=0.00, real=0.00 secs] 
156.080: Total time for which application threads were stopped: 0.0012230 seconds, Stopping threads took: 0.0000770 seconds
156.116: Application time: 0.0364040 seconds
156.116: [GC156.116: [ParNew: 15960K->1548K(16640K), 0.0007380 secs] 23581K->9169K(55552K), 0.0007730 secs] [Times: user=0.00 sys=0.00, real=0.00 secs] 
156.117: Total time for which application threads were stopped: 0.0008980 seconds, Stopping threads took: 0.0000560 seconds
156.151: Application time: 0.0342870 seconds
156.151: [GC156.151: [ParNew: 15958K->1544K(16640K), 0.0006390 secs] 23579K->9164K(55552K), 0.0006720 secs] [Times: user=0.00 sys=0.00, real=0.00 secs] 
156.152: Total time for which application threads were stopped: 0.0007900 seconds, Stopping threads took: 0.0000620 seconds
156.186: Application time: 0.0337450 seconds
156.186: [GC156.186: [ParNew: 15950K->1550K(16640K), 0.0009780 secs] 23570K->10195K(55552K), 0.0010140 secs] [Times: user=0.01 sys=0.00, real=0.00 secs] 
156.187: Total time for which application threads were stopped: 0.0012620 seconds, Stopping threads took: 0.0001840 seconds
156.224: Application time: 0.0368180 seconds
156.224: [GC156.224: [ParNew: 15966K->1034K(16640K), 0.0005940 secs] 24611K->9679K(55552K), 0.0006280 secs] [Times: user=0.01 sys=0.00, real=0.00 secs] 
156.225: Total time for which application threads were stopped: 0.0008510 seconds, Stopping threads took: 0.0001660 seconds
156.257: Application time: 0.0317800 seconds
156.257: [GC156.257: [ParNew: 15437K->1550K(16640K), 0.0010560 secs] 24082K->11219K(55552K), 0.0010890 secs] [Times: user=0.01 sys=0.00, real=0.00 secs] 
156.258: Total time for which application threads were stopped: 0.0012350 seconds, Stopping threads took: 0.0000820 seconds
156.295: Application time: 0.0370820 seconds
156.295: [GC156.295: [ParNew: 15966K->1036K(16640K), 0.0005440 secs] 25635K->10705K(55552K), 0.0005770 secs] [Times: user=0.00 sys=0.00, real=0.00 secs] 
156.296: Total time for which application threads were stopped: 0.0007010 seconds, Stopping threads took: 0.0000600 seconds
156.329: Application time: 0.0334650 seconds
156.329: [GC156.329: [ParNew: 15442K->1544K(16640K), 0.0007980 secs] 25110K->11725K(55552K), 0.0008330 secs] [Times: user=0.00 sys=0.00, real=0.00 secs] 
156.330: Total time for which application threads were stopped: 0.0009610 seconds, Stopping threads took: 0.0000650 seconds
156.366: Application time: 0.0359100 seconds
156.366: [GC156.366: [ParNew: 16118K->1090K(16640K), 0.0005950 secs] 26299K->11271K(55552K), 0.0006240 secs] [Times: user=0.00 sys=0.00, real=0.00 secs] 
156.367: Total time for which application threads were stopped: 0.0007410 seconds, Stopping threads took: 0.0000650 seconds
156.401: Application time: 0.0342420 seconds
156.401: [GC156.401: [ParNew: 15574K->1578K(16640K), 0.0008780 secs] 25755K->12328K(55552K), 0.0009110 secs] [Times: user=0.00 sys=0.00, real=0.00 secs] 
156.402: Total time for which application threads were stopped: 0.0010350 seconds, Stopping threads took: 0.0000670 seconds
156.437: Application time: 0.0344950 seconds
156.437: [GC156.437: [ParNew: 16070K->1576K(16640K), 0.0007280 secs] 26820K->12354K(55552K), 0.0007610 secs] [Times: user=0.01 sys=0.00, real=0.00 secs] 
156.437: Total time for which application threads were stopped: 0.0008860 seconds, Stopping threads took: 0.0000660 seconds
156.472: Application time: 0.0342110 seconds
156.472: [GC156.472: [ParNew: 16062K->1576K(16640K), 0.0008340 secs] 26840K->12895K(55552K), 0.0008690 secs] [Times: user=0.01 sys=0.00, real=0.00 secs] 
156.473: Total time for which application threads were stopped: 0.0009940 seconds, Stopping threads took: 0.0000640 seconds
156.510: Application time: 0.0372850 seconds
156.510: [GC156.510: [ParNew: 15988K->1546K(16640K), 0.0007200 secs] 27307K->12893K(55552K), 0.0007520 secs] [Times: user=0.01 sys=0.00, real=0.00 secs] 
156.511: Total time for which application threads were stopped: 0.0008800 seconds, Stopping threads took: 0.0000670 seconds
156.543: Application time: 0.0324630 seconds
156.543: [GC156.543: [ParNew: 15950K->1548K(16640K), 0.0012050 secs] 27297K->14431K(55552K), 0.0012430 secs] [Times: user=0.01 sys=0.00, real=0.00 secs] 
156.545: Total time for which application threads were stopped: 0.0013810 seconds, Stopping threads took: 0.0000720 seconds
156.580: Application time: 0.0358780 seconds
156.581: [GC156.581: [ParNew: 16123K->1608K(16640K), 0.0008280 secs] 29006K->15003K(55552K), 0.0008600 secs] [Times: user=0.01 sys=0.00, real=0.00 secs] 
156.581: Total time for which application threads were stopped: 0.0009860 seconds, Stopping threads took: 0.0000630 seconds
156.617: Application time: 0.0356700 seconds
156.617: [GC156.617: [ParNew: 16022K->1030K(16640K), 0.0005920 secs] 29418K->14482K(55552K), 0.0006210 secs] [Times: user=0.01 sys=0.00, real=0.00 secs] 
156.618: Total time for which application threads were stopped: 0.0007660 seconds, Stopping threads took: 0.0000800 seconds
156.651: Application time: 0.0331580 seconds
156.651: [GC156.651: [ParNew: 15512K->1580K(16640K), 0.0009980 secs] 28964K->16056K(55552K), 0.0010330 secs] [Times: user=0.01 sys=0.00, real=0.00 secs] 
156.652: Total time for which application threads were stopped: 0.0011520 seconds, Stopping threads took: 0.0000570 seconds
156.688: Application time: 0.0361900 seconds
156.689: [GC156.689: [ParNew: 15996K->1034K(16640K), 0.0005500 secs] 30473K->15539K(55552K), 0.0005800 secs] [Times: user=0.01 sys=0.00, real=0.00 secs] 
156.689: Total time for which application threads were stopped: 0.0007020 seconds, Stopping threads took: 0.0000610 seconds
156.724: Application time: 0.0350380 seconds
156.724: [GC156.724: [ParNew: 15442K->1544K(16640K), 0.0006650 secs] 29947K->16049K(55552K), 0.0006980 secs] [Times: user=0.00 sys=0.00, real=0.00 secs] 
156.725: Total time for which application threads were stopped: 0.0008270 seconds, Stopping threads took: 0.0000720 seconds
156.758: Application time: 0.0334690 seconds
156.759: [GC156.759: [ParNew: 15952K->1548K(16640K), 0.0008970 secs] 30457K->16565K(55552K), 0.0009390 secs] [Times: user=0.00 sys=0.00, real=0.00 secs] 
156.760: Total time for which application threads were stopped: 0.0011080 seconds, Stopping threads took: 0.0001100 seconds
156.796: Application time: 0.0360900 seconds
156.796: [GC156.796: [ParNew: 15962K->1034K(16640K), 0.0005690 secs] 30979K->16051K(55552K), 0.0005980 secs] [Times: user=0.01 sys=0.00, real=0.00 secs] 
156.796: Total time for which application threads were stopped: 0.0007080 seconds, Stopping threads took: 0.0000570 seconds
156.830: Application time: 0.0331250 seconds
156.830: [GC156.830: [ParNew: 15437K->1548K(16640K), 0.0010420 secs] 30455K->17589K(55552K), 0.0010760 secs] [Times: user=0.01 sys=0.00, real=0.00 secs] 
156.831: Total time for which application threads were stopped: 0.0012090 seconds, Stopping threads took: 0.0000720 seconds
156.868: Application time: 0.0370630 seconds
156.868: [GC156.868: [ParNew: 15964K->1036K(16640K), 0.0005340 secs] 32005K->17077K(55552K), 0.0005620 secs] [Times: user=0.01 sys=0.00, real=0.00 secs] 
156.868: Total time for which application threads were stopped: 0.0006840 seconds, Stopping threads took: 0.0000680 seconds
156.901: Application time: 0.0327560 seconds
156.901: [GC156.901: [ParNew: 15439K->1552K(16640K), 0.0009870 secs] 31481K->18617K(55552K), 0.0010220 secs] [Times: user=0.00 sys=0.00, real=0.00 secs] 
156.902: Total time for which application threads were stopped: 0.0011510 seconds, Stopping threads took: 0.0000670 seconds
156.940: Application time: 0.0373440 seconds
156.940: [GC156.940: [ParNew: 15966K->1546K(16640K), 0.0006260 secs] 33031K->18611K(55552K), 0.0006560 secs] [Times: user=0.01 sys=0.00, real=0.00 secs] 
156.941: Total time for which application threads were stopped: 0.0007950 seconds, Stopping threads took: 0.0000820 seconds
156.976: Application time: 0.0351680 seconds
156.976: [GC156.976: [ParNew: 15956K->1546K(16640K), 0.0006930 secs] 33021K->18611K(55552K), 0.0007330 secs] [Times: user=0.00 sys=0.00, real=0.00 secs] 
156.977: Total time for which application threads were stopped: 0.0008680 seconds, Stopping threads took: 0.0000770 seconds
157.012: Application time: 0.0353810 seconds
157.012: [GC157.012: [ParNew: 16034K->1576K(16640K), 0.0006830 secs] 33099K->18641K(55552K), 0.0007170 secs] [Times: user=0.01 sys=0.00, real=0.00 secs] 
157.013: Total time for which application threads were stopped: 0.0008340 seconds, Stopping threads took: 0.0000600 seconds
157.047: Application time: 0.0339320 seconds
157.047: [GC157.047: [ParNew: 16062K->1580K(16640K), 0.0008130 secs] 33127K->19186K(55552K), 0.0008490 secs] [Times: user=0.01 sys=0.00, real=0.00 secs] 
157.048: Total time for which application threads were stopped: 0.0009650 seconds, Stopping threads took: 0.0000610 seconds
157.083: Application time: 0.0356670 seconds
157.083: [GC157.083: [ParNew: 16154K->582K(16640K), 0.0003810 secs] 33760K->18216K(55552K), 0.0004100 secs] [Times: user=0.00 sys=0.00, real=0.00 secs] 
157.084: Total time for which application threads were stopped: 0.0005310 seconds, Stopping threads took: 0.0000660 seconds
157.117: Application time: 0.0326560 seconds
157.117: [GC157.117: [ParNew: 15062K->1636K(16640K), 0.0009980 secs] 32696K->20294K(55552K), 0.0010320 secs] [Times: user=0.01 sys=0.00, real=0.00 secs] 
157.118: Total time for which application threads were stopped: 0.0011820 seconds, Stopping threads took: 0.0000900 seconds
157.155: Application time: 0.0376990 seconds
157.156: [GC157.156: [ParNew: 16054K->522K(16640K), 0.0003920 secs] 34713K->19266K(55552K), 0.0004210 secs] [Times: user=0.00 sys=0.00, real=0.00 secs] 
157.156: Total time for which application threads were stopped: 0.0005370 seconds, Stopping threads took: 0.0000520 seconds
157.187: Application time: 0.0307020 seconds
157.187: [GC157.187: [ParNew: 15002K->1574K(16640K), 0.0010000 secs] 33746K->21342K(55552K), 0.0010360 secs] [Times: user=0.01 sys=0.00, real=0.00 secs] 
157.188: Total time for which application threads were stopped: 0.0011650 seconds, Stopping threads took: 0.0000660 seconds
157.226: Application time: 0.0383790 seconds
157.226: [GC157.226: [ParNew: 16070K->1066K(16640K), 0.0005590 secs] 35838K->20862K(55552K), 0.0005980 secs] [Times: user=0.01 sys=0.00, real=0.00 secs] 
157.227: Total time for which application threads were stopped: 0.0007180 seconds, Stopping threads took: 0.0000660 seconds
157.259: Application time: 0.0317220 seconds
157.259: [GC157.259: [ParNew: 15470K->1548K(16640K), 0.0010670 secs] 35266K->22397K(55552K), 0.0011030 secs] [Times: user=0.01 sys=0.00, real=0.00 secs] 
157.260: Total time for which application threads were stopped: 0.0012330 seconds, Stopping threads took: 0.0000660 seconds
157.297: Application time: 0.0372190 seconds
157.297: [GC157.297: [ParNew: 15964K->1036K(16640K), 0.0005350 secs] 36813K->21885K(55552K), 0.0005640 secs] [Times: user=0.01 sys=0.00, real=0.00 secs] 
157.298: Total time for which application threads were stopped: 0.0006700 seconds, Stopping threads took: 0.0000590 seconds
157.331: Application time: 0.0335820 seconds
157.331: [GC157.332: [ParNew: 15520K->1578K(16640K), 0.0008840 secs] 36369K->22939K(55552K), 0.0009160 secs] [Times: user=0.01 sys=0.00, real=0.00 secs] 
157.332: Total time for which application threads were stopped: 0.0010440 seconds, Stopping threads took: 0.0000690 seconds
157.367: Application time: 0.0344190 seconds
157.367: [GC157.367: [ParNew: 15986K->1550K(16640K), 0.0010160 secs] 37347K->23963K(55552K), 0.0010510 secs] [Times: user=0.01 sys=0.00, real=0.00 secs] 
157.368: Total time for which application threads were stopped: 0.0011830 seconds, Stopping threads took: 0.0000700 seconds
157.406: Application time: 0.0375620 seconds
157.406: [GC157.406: [ParNew: 15968K->524K(16640K), 0.0003570 secs] 38382K->22937K(55552K), 0.0003850 secs] [Times: user=0.00 sys=0.00, real=0.00 secs] 
157.406: Total time for which application threads were stopped: 0.0005010 seconds, Stopping threads took: 0.0000670 seconds
157.439: Application time: 0.0326680 seconds
157.439: [GC157.439: [ParNew: 14927K->1546K(16640K), 0.0008490 secs] 37341K->24471K(55552K), 0.0008830 secs] [Times: user=0.00 sys=0.00, real=0.00 secs] 
157.440: Total time for which application threads were stopped: 0.0010280 seconds, Stopping threads took: 0.0000860 seconds
157.476: Application time: 0.0361500 seconds
157.476: [GC157.476: [ParNew: 15960K->1034K(16640K), 0.0005510 secs] 38885K->23959K(55552K), 0.0005830 secs] [Times: user=0.01 sys=0.00, real=0.00 secs] 
157.477: Total time for which application threads were stopped: 0.0007030 seconds, Stopping threads took: 0.0000650 seconds
157.512: Application time: 0.0351720 seconds
157.512: [GC157.512: [ParNew: 15444K->1034K(16640K), 0.0005030 secs] 38369K->23959K(55552K), 0.0005340 secs] [Times: user=0.00 sys=0.00, real=0.00 secs] 
157.512: Total time for which application threads were stopped: 0.0006540 seconds, Stopping threads took: 0.0000620 seconds
157.546: Application time: 0.0333820 seconds
157.546: [GC157.546: [ParNew: 15440K->1548K(16640K), 0.0007900 secs] 38365K->24985K(55552K), 0.0008250 secs] [Times: user=0.00 sys=0.00, real=0.00 secs] 
157.547: Total time for which application threads were stopped: 0.0009560 seconds, Stopping threads took: 0.0000710 seconds
157.584: Application time: 0.0368230 seconds
157.584: [GC157.584: [ParNew: 15962K->1032K(16640K), 0.0005510 secs] 39399K->24469K(55552K), 0.0005800 secs] [Times: user=0.00 sys=0.00, real=0.00 secs] 
157.584: Total time for which application threads were stopped: 0.0007280 seconds, Stopping threads took: 0.0000950 seconds
157.617: Application time: 0.0331090 seconds
157.618: [GC157.618: [ParNew: 15436K->1548K(16640K), 0.0010250 secs] 38873K->26009K(55552K), 0.0010620 secs] [Times: user=0.00 sys=0.00, real=0.00 secs] 
157.619: Total time for which application threads were stopped: 0.0011860 seconds, Stopping threads took: 0.0000620 seconds
157.655: Application time: 0.0360610 seconds
157.655: [GC157.655: [ParNew: 15964K->1032K(16640K), 0.0005310 secs] 40426K->25493K(55552K), 0.0005630 secs] [Times: user=0.00 sys=0.00, real=0.00 secs] 
157.655: Total time for which application threads were stopped: 0.0006870 seconds, Stopping threads took: 0.0000690 seconds
157.689: Application time: 0.0334230 seconds
157.689: [GC157.689: [ParNew: 15514K->1576K(16640K), 0.0009860 secs] 39975K->27061K(55552K), 0.0010300 secs] [Times: user=0.01 sys=0.00, real=0.00 secs] 
157.690: Total time for which application threads were stopped: 0.0011600 seconds, Stopping threads took: 0.0000570 seconds
157.727: Application time: 0.0368870 seconds
157.727: [GC157.727: [ParNew: 16229K->1124K(16640K), 0.0005510 secs] 41715K->26638K(55552K), 0.0005800 secs] [Times: user=0.01 sys=0.00, real=0.00 secs] 
157.728: Total time for which application threads were stopped: 0.0007050 seconds, Stopping threads took: 0.0000690 seconds
157.760: Application time: 0.0325640 seconds
157.760: [GC157.760: [ParNew: 15528K->1546K(16640K), 0.0011150 secs] 41042K->28169K(55552K), 0.0011530 secs] [Times: user=0.00 sys=0.00, real=0.01 secs] 
157.761: Total time for which application threads were stopped: 0.0012790 seconds, Stopping threads took: 0.0000640 seconds
157.799: Application time: 0.0373650 seconds
157.799: [GC157.799: [ParNew: 16040K->1068K(16640K), 0.0005330 secs] 42664K->27691K(55552K), 0.0005640 secs] [Times: user=0.01 sys=0.00, real=0.00 secs] 
157.800: Total time for which application threads were stopped: 0.0006920 seconds, Stopping threads took: 0.0000760 seconds
157.831: Application time: 0.0318650 seconds
157.832: [GC157.832: [ParNew: 15550K->1576K(16640K), 0.0010930 secs] 42174K->29252K(55552K), 0.0011280 secs] [Times: user=0.00 sys=0.01, real=0.00 secs] 
157.833: Total time for which application threads were stopped: 0.0012750 seconds, Stopping threads took: 0.0000870 seconds
157.872: Application time: 0.0391410 seconds
157.872: [GC157.872: [ParNew: 16072K->1066K(16640K), 0.0005440 secs] 43749K->28771K(55552K), 0.0005730 secs] [Times: user=0.00 sys=0.00, real=0.00 secs] 
157.873: Total time for which application threads were stopped: 0.0007050 seconds, Stopping threads took: 0.0000780 seconds
157.907: Application time: 0.0342570 seconds
157.907: [GC157.907: [ParNew: 15474K->1544K(16640K), 0.0006440 secs] 43178K->29277K(55552K), 0.0006760 secs] [Times: user=0.01 sys=0.00, real=0.00 secs] 
157.908: Total time for which application threads were stopped: 0.0007920 seconds, Stopping threads took: 0.0000600 seconds
157.942: Application time: 0.0341140 seconds
157.942: [GC157.942: [ParNew: 15952K->1548K(16640K), 0.0007900 secs] 43685K->29793K(55552K), 0.0008220 secs] [Times: user=0.01 sys=0.00, real=0.00 secs] 
157.943: Total time for which application threads were stopped: 0.0009600 seconds, Stopping threads took: 0.0000770 seconds
157.978: Application time: 0.0353100 seconds
157.978: [GC157.978: [ParNew: 16042K->1064K(16640K), 0.0005430 secs] 44287K->29309K(55552K), 0.0005730 secs] [Times: user=0.00 sys=0.00, real=0.00 secs] 
157.979: Total time for which application threads were stopped: 0.0006940 seconds, Stopping threads took: 0.0000660 seconds
158.013: Application time: 0.0339060 seconds
158.013: [GC158.013: [ParNew: 15470K->1546K(16640K), 0.0008200 secs] 43715K->30332K(55552K), 0.0008540 secs] [Times: user=0.01 sys=0.00, real=0.00 secs] 
158.014: Total time for which application threads were stopped: 0.0009820 seconds, Stopping threads took: 0.0000660 seconds
158.049: Application time: 0.0357470 seconds
158.049: [GC158.049: [ParNew: 15958K->1546K(16640K), 0.0006220 secs] 44744K->30332K(55552K), 0.0006540 secs] [Times: user=0.01 sys=0.00, real=0.00 secs] 
158.050: Total time for which application threads were stopped: 0.0007660 seconds, Stopping threads took: 0.0000590 seconds
158.085: Application time: 0.0347390 seconds
158.085: [GC158.085: [ParNew: 15952K->1546K(16640K), 0.0010080 secs] 44737K->31356K(55552K), 0.0010450 secs] [Times: user=0.01 sys=0.00, real=0.00 secs] 
158.086: Total time for which application threads were stopped: 0.0011890 seconds, Stopping threads took: 0.0000810 seconds
158.122: Application time: 0.0358860 seconds
158.122: [GC158.122: [ParNew: 15962K->1032K(16640K), 0.0005070 secs] 45772K->30842K(55552K), 0.0005470 secs] [Times: user=0.00 sys=0.00, real=0.00 secs] 
158.123: Total time for which application threads were stopped: 0.0006830 seconds, Stopping threads took: 0.0000790 seconds
158.155: Application time: 0.0326620 seconds
158.155: [GC158.155: [ParNew: 15435K->1546K(16640K), 0.0011260 secs] 45245K->32380K(55552K), 0.0011630 secs] [Times: user=0.01 sys=0.00, real=0.00 secs] 
158.157: Total time for which application threads were stopped: 0.0012960 seconds, Stopping threads took: 0.0000700 seconds
158.194: Application time: 0.0375190 seconds
158.194: [GC158.194: [ParNew: 15960K->1544K(16640K), 0.0007180 secs] 46794K->32378K(55552K), 0.0007490 secs] [Times: user=0.00 sys=0.00, real=0.00 secs] 
158.195: Total time for which application threads were stopped: 0.0008900 seconds, Stopping threads took: 0.0000780 seconds
158.228: Application time: 0.0334230 seconds
158.228: [GC158.228: [ParNew: 15952K->1546K(16640K), 0.0008290 secs] 46786K->32892K(55552K), 0.0008630 secs] [Times: user=0.00 sys=0.00, real=0.01 secs] 
158.229: Total time for which application threads were stopped: 0.0009910 seconds, Stopping threads took: 0.0000680 seconds
158.265: Application time: 0.0357930 seconds
158.265: [GC158.265: [ParNew: 15960K->1036K(16640K), 0.0004910 secs] 47306K->32382K(55552K), 0.0005210 secs] [Times: user=0.00 sys=0.00, real=0.00 secs] 
158.266: Total time for which application threads were stopped: 0.0006930 seconds, Stopping threads took: 0.0001170 seconds
158.301: Application time: 0.0349460 seconds
158.301: [GC158.301: [ParNew: 15444K->1546K(16640K), 0.0006670 secs] 46790K->32892K(55552K), 0.0006990 secs] [Times: user=0.01 sys=0.00, real=0.00 secs] 
158.302: Total time for which application threads were stopped: 0.0008180 seconds, Stopping threads took: 0.0000660 seconds
158.334: Application time: 0.0327980 seconds
158.335: [GC158.335: [ParNew: 16028K->1578K(16640K), 0.0012010 secs] 47374K->34460K(55552K), 0.0012410 secs] [Times: user=0.00 sys=0.00, real=0.00 secs] 
158.336: Total time for which application threads were stopped: 0.0013720 seconds, Stopping threads took: 0.0000650 seconds
158.373: Application time: 0.0367390 seconds
158.373: [GC158.373: [ParNew: 16076K->1064K(16640K), 0.0005550 secs] 48958K->33974K(55552K), 0.0005850 secs] [Times: user=0.01 sys=0.00, real=0.00 secs] 
158.373: Total time for which application threads were stopped: 0.0007030 seconds, Stopping threads took: 0.0000640 seconds
158.408: Application time: 0.0343230 seconds
158.408: [GC158.408: [ParNew: 15626K->1606K(16640K), 0.0009350 secs] 48536K->35057K(55552K), 0.0009710 secs] [Times: user=0.00 sys=0.00, real=0.01 secs] 
158.409: Total time for which application threads were stopped: 0.0010880 seconds, Stopping threads took: 0.0000570 seconds
158.445: Application time: 0.0359300 seconds
158.445: [GC158.445: [ParNew: 16100K->552K(16640K), 0.0003840 secs] 49551K->34060K(55552K), 0.0004130 secs] [Times: user=0.00 sys=0.00, real=0.00 secs] 
158.445: Total time for which application threads were stopped: 0.0005160 seconds, Stopping threads took: 0.0000500 seconds
158.479: Application time: 0.0339080 seconds
158.481: [GC158.481: [ParNew: 15036K->1608K(16640K), 0.0007910 secs] 48544K->35628K(55552K), 0.0008220 secs] [Times: user=0.01 sys=0.00, real=0.00 secs] 
158.481: Total time for which application threads were stopped: 0.0024740 seconds, Stopping threads took: 0.0015950 seconds
158.518: Application time: 0.0366690 seconds
158.518: [GC158.518: [ParNew: 16102K->550K(16640K), 0.0003990 secs] 50122K->34627K(55552K), 0.0004280 secs] [Times: user=0.00 sys=0.00, real=0.00 secs] 
158.519: Total time for which application threads were stopped: 0.0005390 seconds, Stopping threads took: 0.0000600 seconds
158.551: Application time: 0.0326320 seconds
158.551: [GC158.551: [ParNew: 14953K->1576K(16640K), 0.0008820 secs] 49031K->36165K(55552K), 0.0009160 secs] [Times: user=0.01 sys=0.00, real=0.00 secs] 
158.552: Total time for which application threads were stopped: 0.0010390 seconds, Stopping threads took: 0.0000670 seconds
158.589: Application time: 0.0369840 seconds
158.589: [GC158.589: [ParNew: 15988K->1546K(16640K), 0.0007390 secs] 50577K->36163K(55552K), 0.0007800 secs] [Times: user=0.01 sys=0.00, real=0.00 secs] 
158.590: Total time for which application threads were stopped: 0.0008940 seconds, Stopping threads took: 0.0000540 seconds
158.622: Application time: 0.0318960 seconds
158.622: [GC158.622: [ParNew: 16030K->1576K(16640K), 0.0010980 secs] 50647K->37217K(55552K), 0.0011330 secs] [Times: user=0.01 sys=0.00, real=0.00 secs] 
158.623: Total time for which application threads were stopped: 0.0012510 seconds, Stopping threads took: 0.0000580 seconds
158.660: Application time: 0.0367300 seconds
158.660: [GC158.660: [ParNew: 15990K->1544K(16640K), 0.0006610 secs] 51632K->37214K(55552K), 0.0006970 secs] [Times: user=0.01 sys=0.00, real=0.01 secs] 
158.661: Total time for which application threads were stopped: 0.0008280 seconds, Stopping threads took: 0.0000740 seconds
158.694: Application time: 0.0331800 seconds
158.694: [GC158.694: [ParNew: 15948K->1550K(16640K), 0.0012410 secs] 51618K->38756K(55552K), 0.0012770 secs] [Times: user=0.01 sys=0.00, real=0.00 secs] 
158.696: Total time for which application threads were stopped: 0.0014120 seconds, Stopping threads took: 0.0000710 seconds
158.696: Application time: 0.0000730 seconds
158.696: [GC [1 CMS-initial-mark: 37206K(38912K)] 39268K(55552K), 0.0000940 secs] [Times: user=0.00 sys=0.00, real=0.00 secs] 
158.696: Total time for which application threads were stopped: 0.0003330 seconds, Stopping threads took: 0.0002120 seconds
158.696: [CMS-concurrent-mark-start]
158.702: [CMS-concurrent-mark: 0.006/0.006 secs] [Times: user=0.04 sys=0.00, real=0.01 secs] 
158.702: [CMS-concurrent-preclean-start]
158.702: [CMS-concurrent-preclean: 0.000/0.000 secs] [Times: user=0.00 sys=0.00, real=0.00 secs] 
158.702: [CMS-concurrent-abortable-preclean-start]
158.702: [CMS-concurrent-abortable-preclean: 0.000/0.000 secs] [Times: user=0.00 sys=0.00, real=0.00 secs] 
158.702: Application time: 0.0060140 seconds
158.705: [GC[YG occupancy: 3624 K (16640 K)]158.705: [Rescan (parallel) , 0.0002350 secs]158.705: [weak refs processing, 0.0000060 secs]158.705: [scrub string table, 0.0000930 secs] [1 CMS-remark: 37206K(38912K)] 40831K(55552K), 0.0003580 secs] [Times: user=0.00 sys=0.00, real=0.00 secs] 
158.705: Total time for which application threads were stopped: 0.0030440 seconds, Stopping threads took: 0.0026610 seconds
158.705: [CMS-concurrent-sweep-start]
158.706: [CMS-concurrent-sweep: 0.001/0.001 secs] [Times: user=0.00 sys=0.00, real=0.00 secs] 
158.706: [CMS-concurrent-reset-start]
158.706: [CMS-concurrent-reset: 0.000/0.000 secs] [Times: user=0.00 sys=0.00, real=0.00 secs] 
158.737: Application time: 0.0315240 seconds
158.737: [GC158.737: [ParNew: 15966K->1546K(16640K), 0.0008020 secs] 23049K->8628K(55552K), 0.0008350 secs] [Times: user=0.00 sys=0.00, real=0.00 secs] 
158.737: Total time for which application threads were stopped: 0.0009500 seconds, Stopping threads took: 0.0000550 seconds
158.771: Application time: 0.0333830 seconds
158.771: [GC158.771: [ParNew: 15954K->1546K(16640K), 0.0008810 secs] 23036K->9140K(55552K), 0.0009140 secs] [Times: user=0.00 sys=0.00, real=0.00 secs] 
158.772: Total time for which application threads were stopped: 0.0010760 seconds, Stopping threads took: 0.0001010 seconds
158.807: Application time: 0.0354290 seconds
158.807: [GC158.808: [ParNew: 15956K->1548K(16640K), 0.0008140 secs] 23550K->9654K(55552K), 0.0008500 secs] [Times: user=0.01 sys=0.00, real=0.00 secs] 
158.808: Total time for which application threads were stopped: 0.0009780 seconds, Stopping threads took: 0.0000680 seconds
158.844: Application time: 0.0353410 seconds
158.844: [GC158.844: [ParNew: 15960K->1546K(16640K), 0.0006800 secs] 24066K->9652K(55552K), 0.0007120 secs] [Times: user=0.00 sys=0.00, real=0.00 secs] 
158.845: Total time for which application threads were stopped: 0.0008420 seconds, Stopping threads took: 0.0000660 seconds
158.879: Application time: 0.0339990 seconds
158.879: [GC158.879: [ParNew: 15956K->1548K(16640K), 0.0007520 secs] 24062K->9654K(55552K), 0.0007830 secs] [Times: user=0.01 sys=0.00, real=0.00 secs] 
158.880: Total time for which application threads were stopped: 0.0009590 seconds, Stopping threads took: 0.0001190 seconds
158.914: Application time: 0.0348160 seconds
158.915: [GC158.915: [ParNew: 15954K->1548K(16640K), 0.0010060 secs] 24060K->10678K(55552K), 0.0010440 secs] [Times: user=0.01 sys=0.00, real=0.00 secs] 
158.916: Total time for which application threads were stopped: 0.0012690 seconds, Stopping threads took: 0.0001600 seconds
158.952: Application time: 0.0363060 seconds
158.952: [GC158.952: [ParNew: 15964K->1032K(16640K), 0.0004890 secs] 25095K->10162K(55552K), 0.0005190 secs] [Times: user=0.00 sys=0.00, real=0.00 secs] 
158.953: Total time for which application threads were stopped: 0.0006400 seconds, Stopping threads took: 0.0000600 seconds
158.986: Application time: 0.0338550 seconds
158.987: [GC158.987: [ParNew: 15433K->1550K(16640K), 0.0011860 secs] 24564K->12216K(55552K), 0.0012210 secs] [Times: user=0.01 sys=0.00, real=0.00 secs] 
158.988: Total time for which application threads were stopped: 0.0013650 seconds, Stopping threads took: 0.0000780 seconds
159.024: Application time: 0.0359570 seconds
159.024: [GC159.024: [ParNew: 16129K->1096K(16640K), 0.0004930 secs] 26795K->11763K(55552K), 0.0005230 secs] [Times: user=0.00 sys=0.00, real=0.00 secs] 
159.024: Total time for which application threads were stopped: 0.0006510 seconds, Stopping threads took: 0.0000710 seconds
159.061: Application time: 0.0370260 seconds
159.062: [GC159.062: [ParNew: 15656K->1606K(16640K), 0.0010660 secs] 26323K->13354K(55552K), 0.0011010 secs] [Times: user=0.01 sys=0.00, real=0.00 secs] 
159.063: Total time for which application threads were stopped: 0.0012230 seconds, Stopping threads took: 0.0000580 seconds
159.101: Application time: 0.0384470 seconds
159.101: [GC159.101: [ParNew: 16100K->1578K(16640K), 0.0007710 secs] 27848K->13383K(55552K), 0.0008040 secs] [Times: user=0.00 sys=0.00, real=0.00 secs] 
159.102: Total time for which application threads were stopped: 0.0009380 seconds, Stopping threads took: 0.0000790 seconds
159.141: Application time: 0.0385520 seconds
159.141: [GC159.141: [ParNew: 16148K->1604K(16640K), 0.0007920 secs] 27953K->13437K(55552K), 0.0008280 secs] [Times: user=0.00 sys=0.00, real=0.00 secs] 
159.142: Total time for which application threads were stopped: 0.0009450 seconds, Stopping threads took: 0.0000560 seconds
159.178: Application time: 0.0362060 seconds
159.178: [GC159.178: [ParNew: 16010K->1548K(16640K), 0.0011380 secs] 27843K->14462K(55552K), 0.0011750 secs] [Times: user=0.01 sys=0.00, real=0.00 secs] 
159.179: Total time for which application threads were stopped: 0.0013030 seconds, Stopping threads took: 0.0000620 seconds
159.218: Application time: 0.0392700 seconds
159.218: [GC159.218: [ParNew: 15964K->1034K(16640K), 0.0004870 secs] 28878K->13948K(55552K), 0.0005150 secs] [Times: user=0.00 sys=0.00, real=0.00 secs] 
159.219: Total time for which application threads were stopped: 0.0006720 seconds, Stopping threads took: 0.0000910 seconds
159.255: Application time: 0.0355510 seconds
159.255: [GC159.255: [ParNew: 15440K->1546K(16640K), 0.0008240 secs] 28354K->14972K(55552K), 0.0008600 secs] [Times: user=0.01 sys=0.00, real=0.00 secs] 
159.256: Total time for which application threads were stopped: 0.0010080 seconds, Stopping threads took: 0.0000870 seconds
159.294: Application time: 0.0381450 seconds
159.294: [GC159.294: [ParNew: 16038K->1062K(16640K), 0.0004650 secs] 29464K->14488K(55552K), 0.0004940 secs] [Times: user=0.01 sys=0.00, real=0.00 secs] 
159.294: Total time for which application threads were stopped: 0.0006040 seconds, Stopping threads took: 0.0000540 seconds
159.332: Application time: 0.0372950 seconds
159.332: [GC159.332: [ParNew: 15470K->1548K(16640K), 0.0006580 secs] 28896K->15003K(55552K), 0.0006910 secs] [Times: user=0.01 sys=0.00, real=0.00 secs] 
159.332: Total time for which application threads were stopped: 0.0008130 seconds, Stopping threads took: 0.0000620 seconds
159.370: Application time: 0.0376450 seconds
159.370: [GC159.370: [ParNew: 15954K->1548K(16640K), 0.0008280 secs] 29409K->15515K(55552K), 0.0008690 secs] [Times: user=0.01 sys=0.00, real=0.00 secs] 
159.371: Total time for which application threads were stopped: 0.0010650 seconds, Stopping threads took: 0.0001370 seconds
159.409: Application time: 0.0383600 seconds
159.410: [GC159.410: [ParNew: 15964K->1034K(16640K), 0.0004630 secs] 29931K->15001K(55552K), 0.0004940 secs] [Times: user=0.01 sys=0.00, real=0.00 secs] 
159.410: Total time for which application threads were stopped: 0.0006130 seconds, Stopping threads took: 0.0000650 seconds
159.450: Application time: 0.0394470 seconds
159.450: [GC159.450: [ParNew: 15446K->522K(16640K), 0.0003570 secs] 29413K->14489K(55552K), 0.0003850 secs] [Times: user=0.00 sys=0.00, real=0.00 secs] 
159.450: Total time for which application threads were stopped: 0.0005080 seconds, Stopping threads took: 0.0000700 seconds
159.485: Application time: 0.0349600 seconds
159.485: [GC159.485: [ParNew: 14923K->1546K(16640K), 0.0009190 secs] 28890K->16537K(55552K), 0.0009560 secs] [Times: user=0.00 sys=0.00, real=0.00 secs] 
159.486: Total time for which application threads were stopped: 0.0010780 seconds, Stopping threads took: 0.0000590 seconds
159.527: Application time: 0.0412180 seconds
159.527: [GC159.527: [ParNew: 15964K->522K(16640K), 0.0003630 secs] 30955K->15513K(55552K), 0.0003940 secs] [Times: user=0.01 sys=0.00, real=0.00 secs] 
159.528: Total time for which application threads were stopped: 0.0005150 seconds, Stopping threads took: 0.0000670 seconds
159.562: Application time: 0.0343840 seconds
159.562: [GC159.562: [ParNew: 14923K->1548K(16640K), 0.0010050 secs] 29914K->17563K(55552K), 0.0010400 secs] [Times: user=0.01 sys=0.00, real=0.00 secs] 
159.563: Total time for which application threads were stopped: 0.0011750 seconds, Stopping threads took: 0.0000700 seconds
159.603: Application time: 0.0393910 seconds
159.603: [GC159.603: [ParNew: 15962K->1546K(16640K), 0.0006910 secs] 31977K->17561K(55552K), 0.0007240 secs] [Times: user=0.01 sys=0.00, real=0.00 secs] 
159.604: Total time for which application threads were stopped: 0.0008680 seconds, Stopping threads took: 0.0000910 seconds
159.641: Application time: 0.0369480 seconds
159.641: [GC159.641: [ParNew: 15954K->1548K(16640K), 0.0008970 secs] 31969K->18075K(55552K), 0.0009320 secs] [Times: user=0.01 sys=0.00, real=0.00 secs] 
159.642: Total time for which application threads were stopped: 0.0010760 seconds, Stopping threads took: 0.0000840 seconds
159.680: Application time: 0.0381400 seconds
159.680: [GC159.680: [ParNew: 16040K->1578K(16640K), 0.0006350 secs] 32567K->18105K(55552K), 0.0006690 secs] [Times: user=0.01 sys=0.00, real=0.01 secs] 
159.681: Total time for which application threads were stopped: 0.0008020 seconds, Stopping threads took: 0.0000750 seconds
159.718: Application time: 0.0373740 seconds
159.718: [GC159.718: [ParNew: 16064K->1576K(16640K), 0.0008470 secs] 32591K->18643K(55552K), 0.0008810 secs] [Times: user=0.01 sys=0.00, real=0.00 secs] 
159.719: Total time for which application threads were stopped: 0.0010240 seconds, Stopping threads took: 0.0000830 seconds
159.757: Application time: 0.0381370 seconds
159.757: [GC159.757: [ParNew: 15988K->1548K(16640K), 0.0006890 secs] 33055K->18644K(55552K), 0.0007220 secs] [Times: user=0.01 sys=0.00, real=0.00 secs] 
159.758: Total time for which application threads were stopped: 0.0008470 seconds, Stopping threads took: 0.0000550 seconds
159.794: Application time: 0.0356510 seconds
159.794: [GC159.794: [ParNew: 16112K->1608K(16640K), 0.0009760 secs] 33208K->19728K(55552K), 0.0010100 secs] [Times: user=0.01 sys=0.00, real=0.00 secs] 
159.795: Total time for which application threads were stopped: 0.0011340 seconds, Stopping threads took: 0.0000590 seconds
159.836: Application time: 0.0412280 seconds
159.836: [GC159.836: [ParNew: 16183K->1090K(16640K), 0.0005550 secs] 34303K->19267K(55552K), 0.0005870 secs] [Times: user=0.00 sys=0.00, real=0.00 secs] 
159.837: Total time for which application threads were stopped: 0.0007300 seconds, Stopping threads took: 0.0000760 seconds
159.871: Application time: 0.0346360 seconds
159.872: [GC159.872: [ParNew: 15572K->1576K(16640K), 0.0011510 secs] 33749K->20834K(55552K), 0.0011960 secs] [Times: user=0.01 sys=0.00, real=0.00 secs] 
159.873: Total time for which application threads were stopped: 0.0014750 seconds, Stopping threads took: 0.0001980 seconds
159.913: Application time: 0.0404010 seconds
159.913: [GC159.913: [ParNew: 15992K->1030K(16640K), 0.0006180 secs] 35250K->20316K(55552K), 0.0006490 secs] [Times: user=0.00 sys=0.00, real=0.00 secs] 
159.914: Total time for which application threads were stopped: 0.0007980 seconds, Stopping threads took: 0.0000910 seconds
159.950: Application time: 0.0355900 seconds
159.950: [GC159.950: [ParNew: 15433K->1546K(16640K), 0.0010910 secs] 34720K->21856K(55552K), 0.0011280 secs] [Times: user=0.01 sys=0.00, real=0.00 secs] 
159.951: Total time for which application threads were stopped: 0.0012520 seconds, Stopping threads took: 0.0000590 seconds
159.991: Application time: 0.0399630 seconds
159.991: [GC159.991: [ParNew: 16038K->1576K(16640K), 0.0006920 secs] 36349K->21886K(55552K), 0.0007220 secs] [Times: user=0.00 sys=0.00, real=0.00 secs] 
159.992: Total time for which application threads were stopped: 0.0008390 seconds, Stopping threads took: 0.0000620 seconds
160.029: Application time: 0.0376240 seconds
160.029: [GC160.029: [ParNew: 15986K->1548K(16640K), 0.0007060 secs] 36297K->21887K(55552K), 0.0007390 secs] [Times: user=0.01 sys=0.00, real=0.00 secs] 
160.030: Total time for which application threads were stopped: 0.0008650 seconds, Stopping threads took: 0.0000650 seconds
160.067: Application time: 0.0363230 seconds
160.067: [GC160.067: [ParNew: 15954K->1548K(16640K), 0.0009790 secs] 36293K->22911K(55552K), 0.0010180 secs] [Times: user=0.00 sys=0.00, real=0.00 secs] 
160.068: Total time for which application threads were stopped: 0.0011450 seconds, Stopping threads took: 0.0000620 seconds
160.107: Application time: 0.0389100 seconds
160.107: [GC160.107: [ParNew: 15962K->1546K(16640K), 0.0006140 secs] 37325K->22909K(55552K), 0.0006450 secs] [Times: user=0.00 sys=0.00, real=0.00 secs] 
160.107: Total time for which application threads were stopped: 0.0007960 seconds, Stopping threads took: 0.0000940 seconds
160.143: Application time: 0.0352590 seconds
160.143: [GC160.143: [ParNew: 15950K->1548K(16640K), 0.0012340 secs] 37313K->24447K(55552K), 0.0012720 secs] [Times: user=0.01 sys=0.00, real=0.00 secs] 
160.144: Total time for which application threads were stopped: 0.0014030 seconds, Stopping threads took: 0.0000640 seconds
160.182: Application time: 0.0383970 seconds
160.183: [GC160.183: [ParNew: 15964K->1546K(16640K), 0.0006310 secs] 38863K->24445K(55552K), 0.0006630 secs] [Times: user=0.00 sys=0.00, real=0.00 secs] 
160.183: Total time for which application threads were stopped: 0.0007860 seconds, Stopping threads took: 0.0000640 seconds
160.221: Application time: 0.0380400 seconds
160.221: [GC160.221: [ParNew: 15954K->1546K(16640K), 0.0009110 secs] 38853K->24957K(55552K), 0.0009440 secs] [Times: user=0.00 sys=0.00, real=0.00 secs] 
160.222: Total time for which application threads were stopped: 0.0010740 seconds, Stopping threads took: 0.0000690 seconds
160.260: Application time: 0.0377210 seconds
160.260: [GC160.260: [ParNew: 15954K->1550K(16640K), 0.0010280 secs] 39365K->25985K(55552K), 0.0010650 secs] [Times: user=0.01 sys=0.00, real=0.01 secs] 
160.261: Total time for which application threads were stopped: 0.0012210 seconds, Stopping threads took: 0.0000830 seconds
160.300: Application time: 0.0383580 seconds
160.300: [GC160.300: [ParNew: 15962K->1546K(16640K), 0.0008780 secs] 40397K->26493K(55552K), 0.0009140 secs] [Times: user=0.01 sys=0.00, real=0.01 secs] 
160.301: Total time for which application threads were stopped: 0.0010620 seconds, Stopping threads took: 0.0000870 seconds
160.340: Application time: 0.0390060 seconds
160.340: [GC160.340: [ParNew: 15960K->522K(16640K), 0.0004240 secs] 40907K->25469K(55552K), 0.0004630 secs] [Times: user=0.01 sys=0.00, real=0.00 secs] 
160.340: Total time for which application threads were stopped: 0.0007400 seconds, Stopping threads took: 0.0002210 seconds
160.376: Application time: 0.0357460 seconds
160.376: [GC160.376: [ParNew: 15006K->1578K(16640K), 0.0008820 secs] 39953K->27037K(55552K), 0.0009180 secs] [Times: user=0.01 sys=0.00, real=0.00 secs] 
160.377: Total time for which application threads were stopped: 0.0010430 seconds, Stopping threads took: 0.0000630 seconds
160.414: Application time: 0.0371680 seconds
160.415: [GC160.415: [ParNew: 15986K->1548K(16640K), 0.0010040 secs] 41445K->28060K(55552K), 0.0010390 secs] [Times: user=0.00 sys=0.00, real=0.00 secs] 
160.416: Total time for which application threads were stopped: 0.0012030 seconds, Stopping threads took: 0.0000990 seconds
160.453: Application time: 0.0376130 seconds
160.453: [GC160.453: [ParNew: 16040K->1576K(16640K), 0.0006330 secs] 42552K->28088K(55552K), 0.0006660 secs] [Times: user=0.01 sys=0.00, real=0.00 secs] 
160.454: Total time for which application threads were stopped: 0.0007850 seconds, Stopping threads took: 0.0000600 seconds
160.493: Application time: 0.0389580 seconds
160.493: [GC160.493: [ParNew: 16062K->1576K(16640K), 0.0008830 secs] 42574K->28628K(55552K), 0.0009190 secs] [Times: user=0.00 sys=0.00, real=0.00 secs] 
160.494: Total time for which application threads were stopped: 0.0010350 seconds, Stopping threads took: 0.0000540 seconds
160.533: Application time: 0.0391130 seconds
160.533: [GC160.533: [ParNew: 16225K->1636K(16640K), 0.0006920 secs] 43277K->28717K(55552K), 0.0007250 secs] [Times: user=0.00 sys=0.00, real=0.00 secs] 
160.534: Total time for which application threads were stopped: 0.0008580 seconds, Stopping threads took: 0.0000730 seconds
160.571: Application time: 0.0374070 seconds
160.572: [GC160.572: [ParNew: 16124K->1576K(16640K), 0.0007030 secs] 43205K->28742K(55552K), 0.0007370 secs] [Times: user=0.01 sys=0.00, real=0.00 secs] 
160.572: Total time for which application threads were stopped: 0.0008600 seconds, Stopping threads took: 0.0000630 seconds
160.610: Application time: 0.0378170 seconds
160.610: [GC160.610: [ParNew: 15986K->1546K(16640K), 0.0006750 secs] 43152K->28741K(55552K), 0.0007110 secs] [Times: user=0.00 sys=0.00, real=0.00 secs] 
160.611: Total time for which application threads were stopped: 0.0008520 seconds, Stopping threads took: 0.0000830 seconds
160.646: Application time: 0.0352390 seconds
160.646: [GC160.646: [ParNew: 15954K->1546K(16640K), 0.0009080 secs] 43149K->29253K(55552K), 0.0009420 secs] [Times: user=0.00 sys=0.00, real=0.00 secs] 
160.647: Total time for which application threads were stopped: 0.0010930 seconds, Stopping threads took: 0.0000880 seconds
160.689: Application time: 0.0416680 seconds
160.689: [GC160.689: [ParNew: 16038K->1066K(16640K), 0.0005010 secs] 43745K->28773K(55552K), 0.0005320 secs] [Times: user=0.00 sys=0.00, real=0.00 secs] 
160.690: Total time for which application threads were stopped: 0.0006470 seconds, Stopping threads took: 0.0000590 seconds
160.725: Application time: 0.0355100 seconds
160.725: [GC160.725: [ParNew: 15472K->1548K(16640K), 0.0009000 secs] 43179K->29795K(55552K), 0.0009390 secs] [Times: user=0.00 sys=0.00, real=0.00 secs] 
160.726: Total time for which application threads were stopped: 0.0010590 seconds, Stopping threads took: 0.0000560 seconds
160.764: Application time: 0.0381750 seconds
160.764: [GC160.764: [ParNew: 15958K->1546K(16640K), 0.0009330 secs] 44205K->30305K(55552K), 0.0009700 secs] [Times: user=0.00 sys=0.00, real=0.00 secs] 
160.765: Total time for which application threads were stopped: 0.0010980 seconds, Stopping threads took: 0.0000580 seconds
160.805: Application time: 0.0391350 seconds
160.805: [GC160.805: [ParNew: 15960K->1030K(16640K), 0.0004560 secs] 44719K->29789K(55552K), 0.0004870 secs] [Times: user=0.01 sys=0.00, real=0.00 secs] 
160.805: Total time for which application threads were stopped: 0.0005920 seconds, Stopping threads took: 0.0000520 seconds
160.841: Application time: 0.0361760 seconds
160.841: [GC160.842: [ParNew: 15435K->1546K(16640K), 0.0008000 secs] 44195K->30817K(55552K), 0.0008440 secs] [Times: user=0.00 sys=0.00, real=0.00 secs] 
160.842: Total time for which application threads were stopped: 0.0009810 seconds, Stopping threads took: 0.0000760 seconds
160.882: Application time: 0.0397030 seconds
160.882: [GC160.882: [ParNew: 15960K->1034K(16640K), 0.0005410 secs] 45231K->30305K(55552K), 0.0005710 secs] [Times: user=0.00 sys=0.00, real=0.00 secs] 
160.883: Total time for which application threads were stopped: 0.0007270 seconds, Stopping threads took: 0.0000970 seconds
160.919: Application time: 0.0358630 seconds
160.919: [GC160.919: [ParNew: 15440K->1548K(16640K), 0.0008720 secs] 44711K->31331K(55552K), 0.0009070 secs] [Times: user=0.00 sys=0.00, real=0.00 secs] 
160.920: Total time for which application threads were stopped: 0.0010590 seconds, Stopping threads took: 0.0000850 seconds
160.957: Application time: 0.0368910 seconds
160.957: [GC160.957: [ParNew: 15956K->1546K(16640K), 0.0009740 secs] 45739K->32353K(55552K), 0.0010130 secs] [Times: user=0.01 sys=0.00, real=0.00 secs] 
160.958: Total time for which application threads were stopped: 0.0011330 seconds, Stopping threads took: 0.0000580 seconds
160.999: Application time: 0.0412170 seconds
160.999: [GC160.999: [ParNew: 15960K->1544K(16640K), 0.0007540 secs] 46768K->32351K(55552K), 0.0007870 secs] [Times: user=0.00 sys=0.00, real=0.00 secs] 
161.000: Total time for which application threads were stopped: 0.0009230 seconds, Stopping threads took: 0.0000750 seconds
161.035: Application time: 0.0352770 seconds
161.035: [GC161.035: [ParNew: 15950K->1546K(16640K), 0.0010190 secs] 46757K->33377K(55552K), 0.0010560 secs] [Times: user=0.00 sys=0.00, real=0.00 secs] 
161.036: Total time for which application threads were stopped: 0.0011880 seconds, Stopping threads took: 0.0000670 seconds
161.075: Application time: 0.0386190 seconds
161.075: [GC161.075: [ParNew: 15958K->1548K(16640K), 0.0009250 secs] 47790K->33891K(55552K), 0.0009610 secs] [Times: user=0.01 sys=0.00, real=0.00 secs] 
161.076: Total time for which application threads were stopped: 0.0011210 seconds, Stopping threads took: 0.0000970 seconds
161.115: Application time: 0.0386220 seconds
161.115: [GC161.115: [ParNew: 16040K->1062K(16640K), 0.0004810 secs] 48384K->33405K(55552K), 0.0005140 secs] [Times: user=0.00 sys=0.00, real=0.00 secs] 
161.115: Total time for which application threads were stopped: 0.0006420 seconds, Stopping threads took: 0.0000710 seconds
161.152: Application time: 0.0365240 seconds
161.152: [GC161.152: [ParNew: 15546K->1580K(16640K), 0.0008320 secs] 47890K->34464K(55552K), 0.0008680 secs] [Times: user=0.01 sys=0.00, real=0.00 secs] 
161.153: Total time for which application threads were stopped: 0.0010030 seconds, Stopping threads took: 0.0000730 seconds
161.193: Application time: 0.0399810 seconds
161.193: [GC161.193: [ParNew: 15996K->522K(16640K), 0.0003970 secs] 48880K->33434K(55552K), 0.0004270 secs] [Times: user=0.00 sys=0.00, real=0.00 secs] 
161.194: Total time for which application threads were stopped: 0.0006360 seconds, Stopping threads took: 0.0001580 seconds
161.229: Application time: 0.0354470 seconds
161.229: [GC161.229: [ParNew: 15160K->1636K(16640K), 0.0008210 secs] 48073K->35061K(55552K), 0.0008570 secs] [Times: user=0.01 sys=0.00, real=0.00 secs] 
161.230: Total time for which application threads were stopped: 0.0009830 seconds, Stopping threads took: 0.0000640 seconds
161.268: Application time: 0.0376640 seconds
161.268: [GC161.268: [ParNew: 16200K->1606K(16640K), 0.0010790 secs] 49625K->36140K(55552K), 0.0011200 secs] [Times: user=0.01 sys=0.00, real=0.01 secs] 
161.269: Total time for which application threads were stopped: 0.0012800 seconds, Stopping threads took: 0.0000850 seconds
161.308: Application time: 0.0394380 seconds
161.308: [GC161.308: [ParNew: 16020K->1546K(16640K), 0.0006700 secs] 50554K->36137K(55552K), 0.0007030 secs] [Times: user=0.00 sys=0.00, real=0.01 secs] 
161.309: Total time for which application threads were stopped: 0.0008330 seconds, Stopping threads took: 0.0000600 seconds
161.345: Application time: 0.0358270 seconds
161.345: [GC161.345: [ParNew: 15952K->1550K(16640K), 0.0010010 secs] 50543K->37165K(55552K), 0.0010390 secs] [Times: user=0.01 sys=0.00, real=0.00 secs] 
161.346: Total time for which application threads were stopped: 0.0011730 seconds, Stopping threads took: 0.0000690 seconds
161.386: Application time: 0.0396160 seconds
161.386: [GC161.386: [ParNew: 16046K->1064K(16640K), 0.0005260 secs] 51662K->36679K(55552K), 0.0005580 secs] [Times: user=0.00 sys=0.00, real=0.00 secs] 
161.386: Total time for which application threads were stopped: 0.0006980 seconds, Stopping threads took: 0.0000830 seconds
161.423: Application time: 0.0367270 seconds
161.423: [GC161.423: [ParNew: 15468K->1548K(16640K), 0.0010030 secs] 51083K->38216K(55552K), 0.0010390 secs] [Times: user=0.01 sys=0.00, real=0.00 secs] 
161.424: Total time for which application threads were stopped: 0.0011720 seconds, Stopping threads took: 0.0000680 seconds
161.424: Application time: 0.0000500 seconds
161.425: [GC [1 CMS-initial-mark: 36668K(38912K)] 38728K(55552K), 0.0001050 secs] [Times: user=0.00 sys=0.00, real=0.00 secs] 
161.425: Total time for which application threads were stopped: 0.0003330 seconds, Stopping threads took: 0.0002080 seconds
161.425: [CMS-concurrent-mark-start]
161.428: [CMS-concurrent-mark: 0.003/0.003 secs] [Times: user=0.00 sys=0.00, real=0.00 secs] 
161.428: [CMS-concurrent-preclean-start]
161.428: [CMS-concurrent-preclean: 0.000/0.000 secs] [Times: user=0.00 sys=0.00, real=0.00 secs] 
161.428: Application time: 0.0036910 seconds
161.429: [GC[YG occupancy: 2590 K (16640 K)]161.429: [Rescan (parallel) , 0.0001290 secs]161.429: [weak refs processing, 0.0000080 secs]161.429: [scrub string table, 0.0001000 secs] [1 CMS-remark: 36668K(38912K)] 39258K(55552K), 0.0002620 secs] [Times: user=0.00 sys=0.00, real=0.00 secs] 
161.429: Total time for which application threads were stopped: 0.0003710 seconds, Stopping threads took: 0.0000860 seconds
161.429: [CMS-concurrent-sweep-start]
161.430: [CMS-concurrent-sweep: 0.001/0.001 secs] [Times: user=0.00 sys=0.00, real=0.00 secs] 
161.430: [CMS-concurrent-reset-start]
161.430: [CMS-concurrent-reset: 0.000/0.000 secs] [Times: user=0.00 sys=0.00, real=0.00 secs] 
161.464: Application time: 0.0350680 seconds
161.464: [GC161.464: [ParNew: 15958K->1546K(16640K), 0.0010540 secs] 22531K->9143K(55552K), 0.0010900 secs] [Times: user=0.00 sys=0.00, real=0.00 secs] 
161.465: Total time for which application threads were stopped: 0.0012400 seconds, Stopping threads took: 0.0000870 seconds
161.504: Application time: 0.0392420 seconds
161.505: [GC161.505: [ParNew: 15956K->1546K(16640K), 0.0009230 secs] 23553K->10167K(55552K), 0.0009600 secs] [Times: user=0.01 sys=0.01, real=0.00 secs] 
161.506: Total time for which application threads were stopped: 0.0011150 seconds, Stopping threads took: 0.0000950 seconds
161.546: Application time: 0.0400770 seconds
161.546: [GC161.546: [ParNew: 15964K->522K(16640K), 0.0003240 secs] 24585K->9143K(55552K), 0.0003540 secs] [Times: user=0.00 sys=0.00, real=0.00 secs] 
161.546: Total time for which application threads were stopped: 0.0004780 seconds, Stopping threads took: 0.0000720 seconds
161.582: Application time: 0.0354710 seconds
161.582: [GC161.582: [ParNew: 14925K->1550K(16640K), 0.0008220 secs] 23546K->10683K(55552K), 0.0008560 secs] [Times: user=0.01 sys=0.00, real=0.00 secs] 
161.583: Total time for which application threads were stopped: 0.0010160 seconds, Stopping threads took: 0.0000970 seconds
161.622: Application time: 0.0394620 seconds
161.622: [GC161.622: [ParNew: 15966K->522K(16640K), 0.0003560 secs] 25099K->9655K(55552K), 0.0003860 secs] [Times: user=0.00 sys=0.00, real=0.00 secs] 
161.623: Total time for which application threads were stopped: 0.0005290 seconds, Stopping threads took: 0.0000890 seconds
161.659: Application time: 0.0360380 seconds
161.659: [GC161.659: [ParNew: 14925K->1546K(16640K), 0.0008240 secs] 24058K->11191K(55552K), 0.0008690 secs] [Times: user=0.01 sys=0.00, real=0.00 secs] 
161.660: Total time for which application threads were stopped: 0.0009890 seconds, Stopping threads took: 0.0000590 seconds
161.700: Application time: 0.0401430 seconds
161.700: [GC161.700: [ParNew: 15964K->8K(16640K), 0.0003130 secs] 25609K->9653K(55552K), 0.0003420 secs] [Times: user=0.00 sys=0.00, real=0.00 secs] 
161.700: Total time for which application threads were stopped: 0.0004730 seconds, Stopping threads took: 0.0000780 seconds
161.735: Application time: 0.0350310 seconds
161.735: [GC161.735: [ParNew: 14409K->1548K(16640K), 0.0008070 secs] 24054K->11705K(55552K), 0.0008420 secs] [Times: user=0.00 sys=0.00, real=0.00 secs] 
161.736: Total time for which application threads were stopped: 0.0009580 seconds, Stopping threads took: 0.0000550 seconds
161.776: Application time: 0.0397970 seconds
161.776: [GC161.776: [ParNew: 15964K->520K(16640K), 0.0004280 secs] 26121K->10677K(55552K), 0.0004560 secs] [Times: user=0.00 sys=0.00, real=0.00 secs] 
161.777: Total time for which application threads were stopped: 0.0005760 seconds, Stopping threads took: 0.0000610 seconds
161.812: Application time: 0.0350830 seconds
161.812: [GC161.812: [ParNew: 15002K->1578K(16640K), 0.0009220 secs] 25159K->12247K(55552K), 0.0009560 secs] [Times: user=0.01 sys=0.00, real=0.00 secs] 
161.813: Total time for which application threads were stopped: 0.0011120 seconds, Stopping threads took: 0.0000950 seconds
161.853: Application time: 0.0401370 seconds
161.853: [GC161.853: [ParNew: 16072K->1066K(16640K), 0.0005100 secs] 26741K->11763K(55552K), 0.0005430 secs] [Times: user=0.01 sys=0.00, real=0.00 secs] 
161.854: Total time for which application threads were stopped: 0.0007280 seconds, Stopping threads took: 0.0001270 seconds
161.892: Application time: 0.0383420 seconds
161.893: [GC161.893: [ParNew: 15480K->8K(16640K), 0.0003260 secs] 26177K->10734K(55552K), 0.0003540 secs] [Times: user=0.01 sys=0.00, real=0.00 secs] 
161.893: Total time for which application threads were stopped: 0.0009480 seconds, Stopping threads took: 0.0005430 seconds
161.929: Application time: 0.0364680 seconds
161.930: [GC161.930: [ParNew: 14488K->1578K(16640K), 0.0008110 secs] 25214K->12816K(55552K), 0.0008490 secs] [Times: user=0.00 sys=0.00, real=0.00 secs] 
161.930: Total time for which application threads were stopped: 0.0009830 seconds, Stopping threads took: 0.0000700 seconds
161.970: Application time: 0.0400760 seconds
161.971: [GC161.971: [ParNew: 16315K->126K(16640K), 0.0003060 secs] 27553K->11392K(55552K), 0.0003340 secs] [Times: user=0.01 sys=0.00, real=0.00 secs] 
161.971: Total time for which application threads were stopped: 0.0004430 seconds, Stopping threads took: 0.0000580 seconds
162.007: Application time: 0.0356260 seconds
162.007: [GC162.007: [ParNew: 14528K->1660K(16640K), 0.0009480 secs] 25794K->13438K(55552K), 0.0009840 secs] [Times: user=0.01 sys=0.00, real=0.00 secs] 
162.008: Total time for which application threads were stopped: 0.0011010 seconds, Stopping threads took: 0.0000590 seconds
162.045: Application time: 0.0375550 seconds
162.045: [GC162.045: [ParNew: 16066K->1550K(16640K), 0.0012290 secs] 27844K->14978K(55552K), 0.0012720 secs] [Times: user=0.01 sys=0.00, real=0.00 secs] 
162.047: Total time for which application threads were stopped: 0.0014360 seconds, Stopping threads took: 0.0000960 seconds
162.086: Application time: 0.0397990 seconds
162.087: [GC162.087: [ParNew: 16044K->1576K(16640K), 0.0006700 secs] 29473K->15004K(55552K), 0.0007010 secs] [Times: user=0.01 sys=0.00, real=0.00 secs] 
162.087: Total time for which application threads were stopped: 0.0008190 seconds, Stopping threads took: 0.0000590 seconds
162.127: Application time: 0.0394050 seconds
162.127: [GC162.127: [ParNew: 15990K->520K(16640K), 0.0004160 secs] 29419K->13977K(55552K), 0.0004480 secs] [Times: user=0.01 sys=0.00, real=0.00 secs] 
162.127: Total time for which application threads were stopped: 0.0005660 seconds, Stopping threads took: 0.0000620 seconds
162.163: Application time: 0.0362430 seconds
162.164: [GC162.164: [ParNew: 14925K->1544K(16640K), 0.0006270 secs] 28383K->15001K(55552K), 0.0006680 secs] [Times: user=0.00 sys=0.00, real=0.00 secs] 
162.164: Total time for which application threads were stopped: 0.0007980 seconds, Stopping threads took: 0.0000710 seconds
162.202: Application time: 0.0378430 seconds
162.202: [GC162.202: [ParNew: 15954K->1034K(16640K), 0.0005960 secs] 29411K->14491K(55552K), 0.0006280 secs] [Times: user=0.00 sys=0.00, real=0.00 secs] 
162.203: Total time for which application threads were stopped: 0.0007850 seconds, Stopping threads took: 0.0000990 seconds
162.240: Application time: 0.0371740 seconds
162.240: [GC162.240: [ParNew: 15442K->1548K(16640K), 0.0008770 secs] 28899K->15517K(55552K), 0.0009140 secs] [Times: user=0.00 sys=0.00, real=0.01 secs] 
162.241: Total time for which application threads were stopped: 0.0010360 seconds, Stopping threads took: 0.0000580 seconds
162.280: Application time: 0.0385380 seconds
162.280: [GC162.280: [ParNew: 15958K->1546K(16640K), 0.0008600 secs] 29927K->16027K(55552K), 0.0008950 secs] [Times: user=0.01 sys=0.00, real=0.01 secs] 
162.281: Total time for which application threads were stopped: 0.0010420 seconds, Stopping threads took: 0.0000770 seconds
162.319: Application time: 0.0380160 seconds
162.319: [GC162.319: [ParNew: 15958K->1546K(16640K), 0.0006230 secs] 30439K->16027K(55552K), 0.0006550 secs] [Times: user=0.00 sys=0.00, real=0.00 secs] 
162.320: Total time for which application threads were stopped: 0.0007820 seconds, Stopping threads took: 0.0000680 seconds
162.356: Application time: 0.0361000 seconds
162.356: [GC162.356: [ParNew: 15952K->1546K(16640K), 0.0009920 secs] 30433K->17051K(55552K), 0.0010300 secs] [Times: user=0.01 sys=0.00, real=0.00 secs] 
162.357: Total time for which application threads were stopped: 0.0011470 seconds, Stopping threads took: 0.0000590 seconds
162.395: Application time: 0.0384700 seconds
162.395: [GC162.395: [ParNew: 15962K->1034K(16640K), 0.0005140 secs] 31467K->16539K(55552K), 0.0005460 secs] [Times: user=0.01 sys=0.00, real=0.00 secs] 
162.396: Total time for which application threads were stopped: 0.0007790 seconds, Stopping threads took: 0.0001770 seconds
162.434: Application time: 0.0379790 seconds
162.434: [GC162.434: [ParNew: 15444K->1034K(16640K), 0.0004990 secs] 30949K->16539K(55552K), 0.0005290 secs] [Times: user=0.00 sys=0.00, real=0.00 secs] 
162.435: Total time for which application threads were stopped: 0.0007270 seconds, Stopping threads took: 0.0001410 seconds
162.470: Application time: 0.0350910 seconds
162.470: [GC162.470: [ParNew: 15437K->1548K(16640K), 0.0010300 secs] 30943K->18077K(55552K), 0.0010660 secs] [Times: user=0.01 sys=0.00, real=0.00 secs] 
162.471: Total time for which application threads were stopped: 0.0012070 seconds, Stopping threads took: 0.0000760 seconds
162.514: Application time: 0.0425120 seconds
162.514: [GC162.514: [ParNew: 16046K->552K(16640K), 0.0004730 secs] 32576K->17081K(55552K), 0.0005040 secs] [Times: user=0.01 sys=0.00, real=0.00 secs] 
162.514: Total time for which application threads were stopped: 0.0006230 seconds, Stopping threads took: 0.0000630 seconds
162.551: Application time: 0.0368430 seconds
162.551: [GC162.551: [ParNew: 14958K->1576K(16640K), 0.0006860 secs] 31487K->18105K(55552K), 0.0007190 secs] [Times: user=0.01 sys=0.00, real=0.00 secs] 
162.552: Total time for which application threads were stopped: 0.0008590 seconds, Stopping threads took: 0.0000820 seconds
162.588: Application time: 0.0360370 seconds
162.588: [GC162.588: [ParNew: 16062K->1578K(16640K), 0.0010500 secs] 32591K->19160K(55552K), 0.0010860 secs] [Times: user=0.01 sys=0.00, real=0.01 secs] 
162.589: Total time for which application threads were stopped: 0.0012220 seconds, Stopping threads took: 0.0000710 seconds
162.628: Application time: 0.0388410 seconds
162.628: [GC162.628: [ParNew: 16072K->1574K(16640K), 0.0007650 secs] 33654K->19184K(55552K), 0.0007980 secs] [Times: user=0.01 sys=0.00, real=0.01 secs] 
162.629: Total time for which application threads were stopped: 0.0009170 seconds, Stopping threads took: 0.0000590 seconds
162.665: Application time: 0.0362550 seconds
162.665: [GC162.665: [ParNew: 16216K->1634K(16640K), 0.0010430 secs] 33827K->20297K(55552K), 0.0010910 secs] [Times: user=0.01 sys=0.00, real=0.00 secs] 
162.666: Total time for which application threads were stopped: 0.0012130 seconds, Stopping threads took: 0.0000550 seconds
162.706: Application time: 0.0397630 seconds
162.706: [GC162.706: [ParNew: 16128K->1576K(16640K), 0.0006970 secs] 34791K->20324K(55552K), 0.0007310 secs] [Times: user=0.01 sys=0.00, real=0.00 secs] 
162.707: Total time for which application threads were stopped: 0.0008420 seconds, Stopping threads took: 0.0000580 seconds
162.742: Application time: 0.0350030 seconds
162.742: [GC162.742: [ParNew: 15980K->1550K(16640K), 0.0012060 secs] 34728K->21863K(55552K), 0.0012450 secs] [Times: user=0.01 sys=0.00, real=0.00 secs] 
162.743: Total time for which application threads were stopped: 0.0014020 seconds, Stopping threads took: 0.0000900 seconds
162.784: Application time: 0.0405380 seconds
162.784: [GC162.784: [ParNew: 16046K->1580K(16640K), 0.0006570 secs] 36359K->21893K(55552K), 0.0006910 secs] [Times: user=0.00 sys=0.00, real=0.00 secs] 
162.785: Total time for which application threads were stopped: 0.0008230 seconds, Stopping threads took: 0.0000650 seconds
162.820: Application time: 0.0349250 seconds
162.820: [GC162.820: [ParNew: 15984K->1548K(16640K), 0.0012080 secs] 36297K->23425K(55552K), 0.0012480 secs] [Times: user=0.01 sys=0.00, real=0.01 secs] 
162.821: Total time for which application threads were stopped: 0.0013830 seconds, Stopping threads took: 0.0000680 seconds
162.861: Application time: 0.0395670 seconds
162.861: [GC162.861: [ParNew: 15964K->1546K(16640K), 0.0007060 secs] 37842K->23423K(55552K), 0.0007360 secs] [Times: user=0.00 sys=0.00, real=0.00 secs] 
162.861: Total time for which application threads were stopped: 0.0008450 seconds, Stopping threads took: 0.0000550 seconds
162.897: Application time: 0.0353500 seconds
162.897: [GC162.897: [ParNew: 15950K->1548K(16640K), 0.0012250 secs] 37827K->24961K(55552K), 0.0012610 secs] [Times: user=0.01 sys=0.00, real=0.00 secs] 
162.898: Total time for which application threads were stopped: 0.0014010 seconds, Stopping threads took: 0.0000730 seconds
162.939: Application time: 0.0406980 seconds
162.939: [GC162.939: [ParNew: 15964K->1546K(16640K), 0.0006790 secs] 39378K->24959K(55552K), 0.0007120 secs] [Times: user=0.00 sys=0.00, real=0.00 secs] 
162.940: Total time for which application threads were stopped: 0.0008320 seconds, Stopping threads took: 0.0000610 seconds
162.975: Application time: 0.0350700 seconds
162.975: [GC162.975: [ParNew: 15952K->1550K(16640K), 0.0009740 secs] 39365K->25987K(55552K), 0.0010090 secs] [Times: user=0.01 sys=0.00, real=0.00 secs] 
162.976: Total time for which application threads were stopped: 0.0011340 seconds, Stopping threads took: 0.0000620 seconds
163.017: Application time: 0.0412130 seconds
163.017: [GC163.017: [ParNew: 15966K->1032K(16640K), 0.0005190 secs] 40404K->25469K(55552K), 0.0005480 secs] [Times: user=0.00 sys=0.00, real=0.00 secs] 
163.018: Total time for which application threads were stopped: 0.0007420 seconds, Stopping threads took: 0.0001420 seconds
163.052: Application time: 0.0340210 seconds
163.052: [GC163.052: [ParNew: 15435K->1546K(16640K), 0.0010310 secs] 39873K->27007K(55552K), 0.0010680 secs] [Times: user=0.01 sys=0.00, real=0.00 secs] 
163.053: Total time for which application threads were stopped: 0.0011990 seconds, Stopping threads took: 0.0000670 seconds
163.090: Application time: 0.0365360 seconds
163.090: [GC163.090: [ParNew: 15964K->522K(16640K), 0.0003460 secs] 41426K->25983K(55552K), 0.0003760 secs] [Times: user=0.00 sys=0.00, real=0.00 secs] 
163.090: Total time for which application threads were stopped: 0.0004860 seconds, Stopping threads took: 0.0000580 seconds
163.122: Application time: 0.0319900 seconds
163.122: [GC163.122: [ParNew: 14923K->1548K(16640K), 0.0010450 secs] 40385K->28033K(55552K), 0.0010810 secs] [Times: user=0.01 sys=0.00, real=0.00 secs] 
163.123: Total time for which application threads were stopped: 0.0012200 seconds, Stopping threads took: 0.0000660 seconds
163.160: Application time: 0.0366350 seconds
163.160: [GC163.160: [ParNew: 15964K->1034K(16640K), 0.0005090 secs] 42450K->27519K(55552K), 0.0005390 secs] [Times: user=0.00 sys=0.00, real=0.01 secs] 
163.161: Total time for which application threads were stopped: 0.0006450 seconds, Stopping threads took: 0.0000540 seconds
163.194: Application time: 0.0334180 seconds
163.194: [GC163.194: [ParNew: 15516K->1578K(16640K), 0.0010680 secs] 42001K->29087K(55552K), 0.0011020 secs] [Times: user=0.01 sys=0.00, real=0.00 secs] 
163.195: Total time for which application threads were stopped: 0.0012470 seconds, Stopping threads took: 0.0000840 seconds
163.230: Application time: 0.0346860 seconds
163.231: [GC163.231: [ParNew: 15990K->1546K(16640K), 0.0009650 secs] 43500K->29596K(55552K), 0.0009970 secs] [Times: user=0.01 sys=0.00, real=0.00 secs] 
163.232: Total time for which application threads were stopped: 0.0015000 seconds, Stopping threads took: 0.0004420 seconds
163.266: Application time: 0.0343430 seconds
163.266: [GC163.266: [ParNew: 16034K->1578K(16640K), 0.0008030 secs] 44084K->30140K(55552K), 0.0008360 secs] [Times: user=0.01 sys=0.00, real=0.00 secs] 
163.267: Total time for which application threads were stopped: 0.0009590 seconds, Stopping threads took: 0.0000630 seconds
163.301: Application time: 0.0346590 seconds
163.302: [GC163.302: [ParNew: 16066K->1578K(16640K), 0.0008150 secs] 44628K->30681K(55552K), 0.0008490 secs] [Times: user=0.00 sys=0.00, real=0.00 secs] 
163.302: Total time for which application threads were stopped: 0.0009770 seconds, Stopping threads took: 0.0000590 seconds
163.338: Application time: 0.0353520 seconds
163.338: [GC163.338: [ParNew: 16068K->1578K(16640K), 0.0007770 secs] 45171K->30709K(55552K), 0.0008090 secs] [Times: user=0.01 sys=0.00, real=0.00 secs] 
163.339: Total time for which application threads were stopped: 0.0009300 seconds, Stopping threads took: 0.0000630 seconds
163.374: Application time: 0.0353650 seconds
163.374: [GC163.374: [ParNew: 16220K->1636K(16640K), 0.0008640 secs] 45352K->31308K(55552K), 0.0008970 secs] [Times: user=0.01 sys=0.00, real=0.00 secs] 
163.375: Total time for which application threads were stopped: 0.0010150 seconds, Stopping threads took: 0.0000580 seconds
163.410: Application time: 0.0352070 seconds
163.411: [GC163.411: [ParNew: 16048K->1546K(16640K), 0.0006800 secs] 45720K->31303K(55552K), 0.0007110 secs] [Times: user=0.00 sys=0.00, real=0.00 secs] 
163.411: Total time for which application threads were stopped: 0.0009410 seconds, Stopping threads took: 0.0001730 seconds
163.446: Application time: 0.0347300 seconds
163.446: [GC163.446: [ParNew: 16034K->1580K(16640K), 0.0006350 secs] 45791K->31337K(55552K), 0.0006670 secs] [Times: user=0.00 sys=0.00, real=0.00 secs] 
163.447: Total time for which application threads were stopped: 0.0007940 seconds, Stopping threads took: 0.0000670 seconds
163.481: Application time: 0.0337250 seconds
163.481: [GC163.481: [ParNew: 15986K->1546K(16640K), 0.0021890 secs] 45743K->32356K(55552K), 0.0022240 secs] [Times: user=0.02 sys=0.00, real=0.00 secs] 
163.483: Total time for which application threads were stopped: 0.0023490 seconds, Stopping threads took: 0.0000640 seconds
163.520: Application time: 0.0366360 seconds
163.520: [GC163.520: [ParNew: 15962K->1036K(16640K), 0.0004880 secs] 46772K->31846K(55552K), 0.0005170 secs] [Times: user=0.00 sys=0.00, real=0.00 secs] 
163.520: Total time for which application threads were stopped: 0.0006450 seconds, Stopping threads took: 0.0000730 seconds
163.553: Application time: 0.0330060 seconds
163.553: [GC163.553: [ParNew: 15442K->1544K(16640K), 0.0008830 secs] 46252K->32866K(55552K), 0.0009170 secs] [Times: user=0.00 sys=0.00, real=0.00 secs] 
163.554: Total time for which application threads were stopped: 0.0010650 seconds, Stopping threads took: 0.0000880 seconds
163.590: Application time: 0.0361700 seconds
163.591: [GC163.591: [ParNew: 15960K->1034K(16640K), 0.0005450 secs] 47282K->32356K(55552K), 0.0005840 secs] [Times: user=0.00 sys=0.00, real=0.00 secs] 
163.591: Total time for which application threads were stopped: 0.0006930 seconds, Stopping threads took: 0.0000560 seconds
163.626: Application time: 0.0352920 seconds
163.627: [GC163.627: [ParNew: 15442K->1548K(16640K), 0.0007110 secs] 46764K->32870K(55552K), 0.0007410 secs] [Times: user=0.01 sys=0.00, real=0.00 secs] 
163.627: Total time for which application threads were stopped: 0.0008630 seconds, Stopping threads took: 0.0000660 seconds
163.662: Application time: 0.0348170 seconds
163.662: [GC163.662: [ParNew: 15956K->1546K(16640K), 0.0007290 secs] 47278K->32868K(55552K), 0.0007610 secs] [Times: user=0.01 sys=0.00, real=0.00 secs] 
163.663: Total time for which application threads were stopped: 0.0009180 seconds, Stopping threads took: 0.0001010 seconds
163.699: Application time: 0.0361340 seconds
163.699: [GC163.699: [ParNew: 15962K->522K(16640K), 0.0004240 secs] 47284K->31844K(55552K), 0.0004520 secs] [Times: user=0.00 sys=0.00, real=0.00 secs] 
163.700: Total time for which application threads were stopped: 0.0005820 seconds, Stopping threads took: 0.0000790 seconds
163.732: Application time: 0.0318820 seconds
163.732: [GC163.732: [ParNew: 14923K->1548K(16640K), 0.0023100 secs] 46245K->33894K(55552K), 0.0023470 secs] [Times: user=0.01 sys=0.00, real=0.00 secs] 
163.734: Total time for which application threads were stopped: 0.0024920 seconds, Stopping threads took: 0.0000810 seconds
163.772: Application time: 0.0382010 seconds
163.772: [GC163.772: [ParNew: 15966K->522K(16640K), 0.0004110 secs] 48312K->32868K(55552K), 0.0004410 secs] [Times: user=0.01 sys=0.00, real=0.00 secs] 
163.773: Total time for which application threads were stopped: 0.0005520 seconds, Stopping threads took: 0.0000590 seconds
163.806: Application time: 0.0328180 seconds
163.806: [GC163.806: [ParNew: 14925K->1546K(16640K), 0.0008960 secs] 47271K->34404K(55552K), 0.0009290 secs] [Times: user=0.01 sys=0.00, real=0.00 secs] 
163.807: Total time for which application threads were stopped: 0.0010630 seconds, Stopping threads took: 0.0000630 seconds
163.843: Application time: 0.0357770 seconds
163.843: [GC163.843: [ParNew: 16038K->1578K(16640K), 0.0006350 secs] 48896K->34436K(55552K), 0.0006690 secs] [Times: user=0.00 sys=0.00, real=0.00 secs] 
163.843: Total time for which application threads were stopped: 0.0008290 seconds, Stopping threads took: 0.0001030 seconds
163.878: Application time: 0.0344210 seconds
163.878: [GC163.878: [ParNew: 15988K->1544K(16640K), 0.0006690 secs] 48846K->34430K(55552K), 0.0007030 secs] [Times: user=0.00 sys=0.00, real=0.00 secs] 
163.879: Total time for which application threads were stopped: 0.0008400 seconds, Stopping threads took: 0.0000810 seconds
163.913: Application time: 0.0344810 seconds
163.913: [GC163.913: [ParNew: 15956K->1032K(16640K), 0.0005680 secs] 48842K->33918K(55552K), 0.0005980 secs] [Times: user=0.00 sys=0.00, real=0.00 secs] 
163.914: Total time for which application threads were stopped: 0.0008290 seconds, Stopping threads took: 0.0001770 seconds
163.949: Application time: 0.0347990 seconds
163.949: [GC163.949: [ParNew: 15594K->1606K(16640K), 0.0009130 secs] 48481K->35004K(55552K), 0.0009470 secs] [Times: user=0.01 sys=0.00, real=0.00 secs] 
163.950: Total time for which application threads were stopped: 0.0010990 seconds, Stopping threads took: 0.0000920 seconds
163.985: Application time: 0.0354150 seconds
163.986: [GC163.986: [ParNew: 16096K->1574K(16640K), 0.0008260 secs] 49495K->35029K(55552K), 0.0008570 secs] [Times: user=0.01 sys=0.00, real=0.00 secs] 
163.987: Total time for which application threads were stopped: 0.0020650 seconds, Stopping threads took: 0.0011480 seconds
164.022: Application time: 0.0348770 seconds
164.022: [GC164.022: [ParNew: 16064K->1064K(16640K), 0.0006040 secs] 49520K->34548K(55552K), 0.0006370 secs] [Times: user=0.00 sys=0.00, real=0.00 secs] 
164.023: Total time for which application threads were stopped: 0.0007750 seconds, Stopping threads took: 0.0000820 seconds
164.057: Application time: 0.0340530 seconds
164.057: [GC164.057: [ParNew: 15626K->1608K(16640K), 0.0011100 secs] 49110K->36144K(55552K), 0.0011520 secs] [Times: user=0.01 sys=0.00, real=0.00 secs] 
164.058: Total time for which application threads were stopped: 0.0012920 seconds, Stopping threads took: 0.0000770 seconds
164.094: Application time: 0.0361420 seconds
164.095: [GC164.095: [ParNew: 16100K->1576K(16640K), 0.0007390 secs] 50637K->36169K(55552K), 0.0007730 secs] [Times: user=0.00 sys=0.00, real=0.00 secs] 
164.095: Total time for which application threads were stopped: 0.0009280 seconds, Stopping threads took: 0.0000940 seconds
164.133: Application time: 0.0371840 seconds
164.133: [GC164.133: [ParNew: 15992K->520K(16640K), 0.0003620 secs] 50586K->35142K(55552K), 0.0003930 secs] [Times: user=0.00 sys=0.00, real=0.00 secs] 
164.133: Total time for which application threads were stopped: 0.0005030 seconds, Stopping threads took: 0.0000560 seconds
164.166: Application time: 0.0325710 seconds
164.166: [GC164.166: [ParNew: 14923K->1544K(16640K), 0.0008420 secs] 49546K->36678K(55552K), 0.0008760 secs] [Times: user=0.01 sys=0.00, real=0.00 secs] 
164.167: Total time for which application threads were stopped: 0.0010010 seconds, Stopping threads took: 0.0000650 seconds
164.203: Application time: 0.0365010 seconds
164.203: [GC164.203: [ParNew: 15960K->522K(16640K), 0.0003840 secs] 51094K->35656K(55552K), 0.0004130 secs] [Times: user=0.00 sys=0.00, real=0.00 secs] 
164.204: Total time for which application threads were stopped: 0.0006260 seconds, Stopping threads took: 0.0001610 seconds
164.236: Application time: 0.0325750 seconds
164.236: [GC164.236: [ParNew: 14925K->1546K(16640K), 0.0021690 secs] 50060K->37192K(55552K), 0.0022040 secs] [Times: user=0.01 sys=0.00, real=0.00 secs] 
164.239: Total time for which application threads were stopped: 0.0023310 seconds, Stopping threads took: 0.0000650 seconds
164.275: Application time: 0.0361880 seconds
164.275: [GC164.275: [ParNew: 15958K->1546K(16640K), 0.0006740 secs] 51604K->37192K(55552K), 0.0007090 secs] [Times: user=0.00 sys=0.00, real=0.00 secs] 
164.276: Total time for which application threads were stopped: 0.0008700 seconds, Stopping threads took: 0.0001030 seconds
164.312: Application time: 0.0360270 seconds
164.312: [GC164.312: [ParNew: 15958K->1032K(16640K), 0.0005080 secs] 51604K->36678K(55552K), 0.0005400 secs] [Times: user=0.00 sys=0.00, real=0.00 secs] 
164.312: Total time for which application threads were stopped: 0.0006830 seconds, Stopping threads took: 0.0000860 seconds
164.346: Application time: 0.0336280 seconds
164.346: [GC164.346: [ParNew: 15438K->1546K(16640K), 0.0008280 secs] 51084K->37704K(55552K), 0.0008600 secs] [Times: user=0.01 sys=0.00, real=0.00 secs] 
164.347: Total time for which application threads were stopped: 0.0010760 seconds, Stopping threads took: 0.0001560 seconds
164.347: Application time: 0.0000920 seconds
164.347: [GC [1 CMS-initial-mark: 36158K(38912K)] 38216K(55552K), 0.0000920 secs] [Times: user=0.00 sys=0.00, real=0.00 secs] 
164.347: Total time for which application threads were stopped: 0.0001700 seconds, Stopping threads took: 0.0000610 seconds
164.347: [CMS-concurrent-mark-start]
164.354: [CMS-concurrent-mark: 0.007/0.007 secs] [Times: user=0.04 sys=0.00, real=0.01 secs] 
164.354: [CMS-concurrent-preclean-start]
164.354: [CMS-concurrent-preclean: 0.000/0.000 secs] [Times: user=0.00 sys=0.00, real=0.00 secs] 
164.354: [CMS-concurrent-abortable-preclean-start]
164.383: Application time: 0.0351890 seconds
164.383: [GC164.383: [ParNew: 15954K->1548K(16640K), 0.0010400 secs] 52112K->38730K(55552K), 0.0010740 secs] [Times: user=0.01 sys=0.00, real=0.00 secs] 
164.384: Total time for which application threads were stopped: 0.0012240 seconds, Stopping threads took: 0.0000870 seconds
164.419: Application time: 0.0352550 seconds
164.419: [GC164.419: [ParNew: 15960K->1546K(16640K), 0.0008740 secs] 53142K->39240K(55552K), 0.0009070 secs] [Times: user=0.00 sys=0.00, real=0.00 secs] 
164.420: Total time for which application threads were stopped: 0.0010480 seconds, Stopping threads took: 0.0000740 seconds
164.457: Application time: 0.0364670 seconds
164.457: [GC164.457: [ParNew: 15958K->1546K(16640K), 0.0007010 secs] 53652K->39240K(55552K), 0.0007320 secs] [Times: user=0.00 sys=0.00, real=0.00 secs] 
164.458: Total time for which application threads were stopped: 0.0008680 seconds, Stopping threads took: 0.0000780 seconds
164.491: Application time: 0.0337880 seconds
164.491: [GC164.491: [ParNew: 16032K->1580K(16640K), 0.0007940 secs] 53726K->39786K(55552K), 0.0008250 secs] [Times: user=0.00 sys=0.00, real=0.00 secs] 
164.492: Total time for which application threads were stopped: 0.0009540 seconds, Stopping threads took: 0.0000700 seconds
164.492: [CMS-concurrent-abortable-preclean: 0.000/0.138 secs] [Times: user=1.08 sys=0.00, real=0.14 secs] 
164.493: Application time: 0.0003190 seconds
164.493: [GC[YG occupancy: 2092 K (16640 K)]164.493: [Rescan (parallel) , 0.0001360 secs]164.493: [weak refs processing, 0.0000050 secs]164.493: [scrub string table, 0.0000790 secs] [1 CMS-remark: 38206K(38912K)] 40298K(55552K), 0.0002430 secs] [Times: user=0.00 sys=0.00, real=0.00 secs] 
164.493: Total time for which application threads were stopped: 0.0004560 seconds, Stopping threads took: 0.0001930 seconds
164.493: [CMS-concurrent-sweep-start]
164.494: [CMS-concurrent-sweep: 0.001/0.001 secs] [Times: user=0.00 sys=0.00, real=0.00 secs] 
164.494: [CMS-concurrent-reset-start]
164.494: [CMS-concurrent-reset: 0.000/0.000 secs] [Times: user=0.00 sys=0.00, real=0.00 secs] 
164.529: Application time: 0.0360960 seconds
164.529: [GC164.529: [ParNew: 15988K->1548K(16640K), 0.0009370 secs] 24099K->10711K(55552K), 0.0009700 secs] [Times: user=0.01 sys=0.00, real=0.00 secs] 
164.530: Total time for which application threads were stopped: 0.0010820 seconds, Stopping threads took: 0.0000520 seconds
164.567: Application time: 0.0364730 seconds
164.567: [GC164.567: [ParNew: 15964K->522K(16640K), 0.0003520 secs] 25128K->9685K(55552K), 0.0003820 secs] [Times: user=0.00 sys=0.00, real=0.00 secs] 
164.567: Total time for which application threads were stopped: 0.0005500 seconds, Stopping threads took: 0.0001150 seconds
164.601: Application time: 0.0332710 seconds
164.601: [GC164.601: [ParNew: 14925K->1548K(16640K), 0.0010550 secs] 24089K->11735K(55552K), 0.0010900 secs] [Times: user=0.01 sys=0.00, real=0.00 secs] 
164.602: Total time for which application threads were stopped: 0.0012500 seconds, Stopping threads took: 0.0000970 seconds
164.637: Application time: 0.0348980 seconds
164.637: [GC164.637: [ParNew: 16199K->1636K(16640K), 0.0008250 secs] 26387K->12336K(55552K), 0.0008600 secs] [Times: user=0.00 sys=0.00, real=0.00 secs] 
164.638: Total time for which application threads were stopped: 0.0009780 seconds, Stopping threads took: 0.0000560 seconds
164.673: Application time: 0.0351070 seconds
164.673: [GC164.673: [ParNew: 16046K->1546K(16640K), 0.0008430 secs] 26746K->12843K(55552K), 0.0008770 secs] [Times: user=0.00 sys=0.00, real=0.00 secs] 
164.674: Total time for which application threads were stopped: 0.0009980 seconds, Stopping threads took: 0.0000620 seconds
164.709: Application time: 0.0351350 seconds
164.709: [GC164.709: [ParNew: 16195K->1634K(16640K), 0.0007170 secs] 27492K->12931K(55552K), 0.0007510 secs] [Times: user=0.01 sys=0.00, real=0.00 secs] 
164.710: Total time for which application threads were stopped: 0.0008560 seconds, Stopping threads took: 0.0000520 seconds
164.745: Application time: 0.0348520 seconds
164.745: [GC164.745: [ParNew: 16120K->1578K(16640K), 0.0008970 secs] 27417K->13473K(55552K), 0.0009290 secs] [Times: user=0.01 sys=0.00, real=0.00 secs] 
164.746: Total time for which application threads were stopped: 0.0010420 seconds, Stopping threads took: 0.0000530 seconds
164.782: Application time: 0.0365410 seconds
164.782: [GC164.782: [ParNew: 15992K->1034K(16640K), 0.0005190 secs] 27887K->12957K(55552K), 0.0005480 secs] [Times: user=0.00 sys=0.00, real=0.00 secs] 
164.783: Total time for which application threads were stopped: 0.0006810 seconds, Stopping threads took: 0.0000780 seconds
164.816: Application time: 0.0333020 seconds
164.816: [GC164.816: [ParNew: 15437K->1548K(16640K), 0.0009810 secs] 27361K->14495K(55552K), 0.0010270 secs] [Times: user=0.01 sys=0.00, real=0.00 secs] 
164.817: Total time for which application threads were stopped: 0.0011600 seconds, Stopping threads took: 0.0000620 seconds
164.853: Application time: 0.0354130 seconds
164.853: [GC164.853: [ParNew: 15964K->1036K(16640K), 0.0004970 secs] 28911K->13983K(55552K), 0.0005300 secs] [Times: user=0.00 sys=0.00, real=0.00 secs] 
164.853: Total time for which application threads were stopped: 0.0006590 seconds, Stopping threads took: 0.0000720 seconds
164.886: Application time: 0.0326990 seconds
164.886: [GC164.886: [ParNew: 15437K->1548K(16640K), 0.0012120 secs] 28385K->16031K(55552K), 0.0012490 secs] [Times: user=0.01 sys=0.00, real=0.00 secs] 
164.888: Total time for which application threads were stopped: 0.0013940 seconds, Stopping threads took: 0.0000800 seconds
164.926: Application time: 0.0386750 seconds
164.926: [GC164.926: [ParNew: 15966K->1034K(16640K), 0.0005110 secs] 30449K->15517K(55552K), 0.0005420 secs] [Times: user=0.00 sys=0.00, real=0.00 secs] 
164.927: Total time for which application threads were stopped: 0.0006780 seconds, Stopping threads took: 0.0000810 seconds
164.960: Application time: 0.0334970 seconds
164.960: [GC164.960: [ParNew: 15440K->1548K(16640K), 0.0008510 secs] 29923K->16543K(55552K), 0.0008840 secs] [Times: user=0.00 sys=0.00, real=0.01 secs] 
164.961: Total time for which application threads were stopped: 0.0009980 seconds, Stopping threads took: 0.0000620 seconds
164.996: Application time: 0.0341890 seconds
164.996: [GC164.996: [ParNew: 15956K->1548K(16640K), 0.0009630 secs] 30951K->17567K(55552K), 0.0009970 secs] [Times: user=0.01 sys=0.00, real=0.00 secs] 
164.997: Total time for which application threads were stopped: 0.0011400 seconds, Stopping threads took: 0.0000820 seconds
165.032: Application time: 0.0348660 seconds
165.032: [GC165.032: [ParNew: 15960K->1546K(16640K), 0.0008020 secs] 31979K->18077K(55552K), 0.0008450 secs] [Times: user=0.00 sys=0.00, real=0.00 secs] 
165.033: Total time for which application threads were stopped: 0.0009970 seconds, Stopping threads took: 0.0000900 seconds
165.067: Application time: 0.0342520 seconds
165.067: [GC165.067: [ParNew: 15954K->1550K(16640K), 0.0010570 secs] 32485K->19105K(55552K), 0.0010910 secs] [Times: user=0.00 sys=0.00, real=0.00 secs] 
165.068: Total time for which application threads were stopped: 0.0012190 seconds, Stopping threads took: 0.0000670 seconds
165.104: Application time: 0.0364000 seconds
165.105: [GC165.105: [ParNew: 15966K->1032K(16640K), 0.0005580 secs] 33522K->18587K(55552K), 0.0005880 secs] [Times: user=0.01 sys=0.00, real=0.00 secs] 
165.105: Total time for which application threads were stopped: 0.0007070 seconds, Stopping threads took: 0.0000600 seconds
165.139: Application time: 0.0334590 seconds
165.139: [GC165.139: [ParNew: 15514K->1578K(16640K), 0.0009800 secs] 33069K->20157K(55552K), 0.0010160 secs] [Times: user=0.01 sys=0.00, real=0.00 secs] 
165.140: Total time for which application threads were stopped: 0.0011530 seconds, Stopping threads took: 0.0000740 seconds
165.177: Application time: 0.0367950 seconds
165.177: [GC165.177: [ParNew: 15994K->1032K(16640K), 0.0005490 secs] 34574K->19640K(55552K), 0.0005800 secs] [Times: user=0.00 sys=0.00, real=0.00 secs] 
165.177: Total time for which application threads were stopped: 0.0006870 seconds, Stopping threads took: 0.0000520 seconds
165.212: Application time: 0.0343620 seconds
165.212: [GC165.212: [ParNew: 15438K->1546K(16640K), 0.0009040 secs] 34046K->20666K(55552K), 0.0009390 secs] [Times: user=0.01 sys=0.00, real=0.00 secs] 
165.213: Total time for which application threads were stopped: 0.0010580 seconds, Stopping threads took: 0.0000610 seconds
165.249: Application time: 0.0358760 seconds
165.249: [GC165.249: [ParNew: 16036K->1578K(16640K), 0.0006930 secs] 35156K->20698K(55552K), 0.0007300 secs] [Times: user=0.00 sys=0.00, real=0.00 secs] 
165.249: Total time for which application threads were stopped: 0.0009160 seconds, Stopping threads took: 0.0001320 seconds
165.284: Application time: 0.0349120 seconds
165.284: [GC165.285: [ParNew: 16068K->1578K(16640K), 0.0008770 secs] 35188K->21238K(55552K), 0.0009140 secs] [Times: user=0.01 sys=0.00, real=0.00 secs] 
165.285: Total time for which application threads were stopped: 0.0010440 seconds, Stopping threads took: 0.0000660 seconds
165.321: Application time: 0.0360240 seconds
165.322: [GC165.322: [ParNew: 16070K->1574K(16640K), 0.0006930 secs] 35731K->21263K(55552K), 0.0007250 secs] [Times: user=0.00 sys=0.00, real=0.00 secs] 
165.322: Total time for which application threads were stopped: 0.0008760 seconds, Stopping threads took: 0.0000830 seconds
165.357: Application time: 0.0343300 seconds
165.357: [GC165.357: [ParNew: 16060K->1576K(16640K), 0.0008710 secs] 35749K->21805K(55552K), 0.0009040 secs] [Times: user=0.00 sys=0.00, real=0.00 secs] 
165.358: Total time for which application threads were stopped: 0.0010390 seconds, Stopping threads took: 0.0000750 seconds
165.393: Application time: 0.0357720 seconds
165.394: [GC165.394: [ParNew: 16229K->1120K(16640K), 0.0005950 secs] 36458K->21378K(55552K), 0.0006290 secs] [Times: user=0.00 sys=0.00, real=0.00 secs] 
165.394: Total time for which application threads were stopped: 0.0007460 seconds, Stopping threads took: 0.0000620 seconds
165.427: Application time: 0.0329910 seconds
165.427: [GC165.427: [ParNew: 15526K->1548K(16640K), 0.0009080 secs] 35784K->22403K(55552K), 0.0009420 secs] [Times: user=0.01 sys=0.00, real=0.00 secs] 
165.428: Total time for which application threads were stopped: 0.0010620 seconds, Stopping threads took: 0.0000600 seconds
165.464: Application time: 0.0354260 seconds
165.464: [GC165.464: [ParNew: 15958K->1546K(16640K), 0.0006500 secs] 36814K->22401K(55552K), 0.0006820 secs] [Times: user=0.01 sys=0.00, real=0.00 secs] 
165.465: Total time for which application threads were stopped: 0.0008380 seconds, Stopping threads took: 0.0000910 seconds
165.501: Application time: 0.0362470 seconds
165.501: [GC165.501: [ParNew: 15958K->1546K(16640K), 0.0007060 secs] 36814K->22401K(55552K), 0.0007370 secs] [Times: user=0.00 sys=0.00, real=0.00 secs] 
165.502: Total time for which application threads were stopped: 0.0008570 seconds, Stopping threads took: 0.0000630 seconds
165.534: Application time: 0.0326010 seconds
165.534: [GC165.534: [ParNew: 15950K->1550K(16640K), 0.0012070 secs] 36805K->23942K(55552K), 0.0012430 secs] [Times: user=0.01 sys=0.00, real=0.00 secs] 
165.536: Total time for which application threads were stopped: 0.0013790 seconds, Stopping threads took: 0.0000740 seconds
165.573: Application time: 0.0371160 seconds
165.573: [GC165.573: [ParNew: 15966K->1546K(16640K), 0.0006570 secs] 38358K->23937K(55552K), 0.0006880 secs] [Times: user=0.00 sys=0.00, real=0.00 secs] 
165.574: Total time for which application threads were stopped: 0.0008030 seconds, Stopping threads took: 0.0000600 seconds
165.607: Application time: 0.0337090 seconds
165.607: [GC165.607: [ParNew: 15952K->1548K(16640K), 0.0010270 secs] 38343K->24964K(55552K), 0.0010630 secs] [Times: user=0.01 sys=0.00, real=0.00 secs] 
165.608: Total time for which application threads were stopped: 0.0012120 seconds, Stopping threads took: 0.0000860 seconds
165.645: Application time: 0.0363070 seconds
165.645: [GC165.645: [ParNew: 15962K->1544K(16640K), 0.0007670 secs] 39378K->24960K(55552K), 0.0007990 secs] [Times: user=0.01 sys=0.00, real=0.00 secs] 
165.646: Total time for which application threads were stopped: 0.0009540 seconds, Stopping threads took: 0.0000960 seconds
165.680: Application time: 0.0339120 seconds
165.680: [GC165.680: [ParNew: 15950K->1552K(16640K), 0.0010580 secs] 39365K->25992K(55552K), 0.0010920 secs] [Times: user=0.00 sys=0.00, real=0.01 secs] 
165.681: Total time for which application threads were stopped: 0.0012280 seconds, Stopping threads took: 0.0000730 seconds
165.717: Application time: 0.0357850 seconds
165.717: [GC165.717: [ParNew: 15964K->1544K(16640K), 0.0008610 secs] 40404K->26496K(55552K), 0.0008980 secs] [Times: user=0.01 sys=0.00, real=0.00 secs] 
165.718: Total time for which application threads were stopped: 0.0010400 seconds, Stopping threads took: 0.0000850 seconds
165.754: Application time: 0.0359560 seconds
165.754: [GC165.754: [ParNew: 15958K->1548K(16640K), 0.0007410 secs] 40910K->26500K(55552K), 0.0024970 secs] [Times: user=0.01 sys=0.00, real=0.00 secs] 
165.756: Total time for which application threads were stopped: 0.0026400 seconds, Stopping threads took: 0.0000880 seconds
165.790: Application time: 0.0339110 seconds
165.790: [GC165.790: [ParNew: 16032K->1576K(16640K), 0.0008560 secs] 40984K->27040K(55552K), 0.0008890 secs] [Times: user=0.00 sys=0.00, real=0.00 secs] 
165.791: Total time for which application threads were stopped: 0.0010710 seconds, Stopping threads took: 0.0001200 seconds
165.828: Application time: 0.0368980 seconds
165.828: [GC165.828: [ParNew: 15994K->520K(16640K), 0.0003720 secs] 41458K->26012K(55552K), 0.0004010 secs] [Times: user=0.00 sys=0.00, real=0.01 secs] 
165.829: Total time for which application threads were stopped: 0.0005280 seconds, Stopping threads took: 0.0000670 seconds
165.861: Application time: 0.0319070 seconds
165.861: [GC165.861: [ParNew: 14921K->1548K(16640K), 0.0010460 secs] 40414K->28064K(55552K), 0.0010820 secs] [Times: user=0.00 sys=0.00, real=0.00 secs] 
165.862: Total time for which application threads were stopped: 0.0012260 seconds, Stopping threads took: 0.0000800 seconds
165.900: Application time: 0.0380160 seconds
165.900: [GC165.900: [ParNew: 16044K->552K(16640K), 0.0003400 secs] 42561K->27068K(55552K), 0.0003670 secs] [Times: user=0.01 sys=0.00, real=0.00 secs] 
165.900: Total time for which application threads were stopped: 0.0004820 seconds, Stopping threads took: 0.0000640 seconds
165.935: Application time: 0.0342640 seconds
165.935: [GC165.935: [ParNew: 15036K->1608K(16640K), 0.0007550 secs] 41552K->28124K(55552K), 0.0007870 secs] [Times: user=0.00 sys=0.00, real=0.00 secs] 
165.936: Total time for which application threads were stopped: 0.0009250 seconds, Stopping threads took: 0.0000790 seconds
165.970: Application time: 0.0346910 seconds
165.970: [GC165.970: [ParNew: 16092K->1578K(16640K), 0.0012350 secs] 42608K->29687K(55552K), 0.0012730 secs] [Times: user=0.00 sys=0.00, real=0.00 secs] 
165.972: Total time for which application threads were stopped: 0.0014160 seconds, Stopping threads took: 0.0000790 seconds
166.008: Application time: 0.0366780 seconds
166.008: [GC166.008: [ParNew: 16076K->1064K(16640K), 0.0005270 secs] 44186K->29202K(55552K), 0.0005540 secs] [Times: user=0.00 sys=0.00, real=0.01 secs] 
166.009: Total time for which application threads were stopped: 0.0006770 seconds, Stopping threads took: 0.0000710 seconds
166.045: Application time: 0.0356670 seconds
166.045: [GC166.045: [ParNew: 15472K->1036K(16640K), 0.0005660 secs] 43610K->29202K(55552K), 0.0005940 secs] [Times: user=0.00 sys=0.00, real=0.00 secs] 
166.045: Total time for which application threads were stopped: 0.0007470 seconds, Stopping threads took: 0.0000980 seconds
166.080: Application time: 0.0348990 seconds
166.080: [GC166.080: [ParNew: 15680K->1634K(16640K), 0.0009510 secs] 43847K->30312K(55552K), 0.0009860 secs] [Times: user=0.01 sys=0.00, real=0.01 secs] 
166.081: Total time for which application threads were stopped: 0.0011140 seconds, Stopping threads took: 0.0000680 seconds
166.116: Application time: 0.0345460 seconds
166.116: [GC166.116: [ParNew: 16046K->1548K(16640K), 0.0007010 secs] 44725K->30312K(55552K), 0.0007330 secs] [Times: user=0.01 sys=0.00, real=0.00 secs] 
166.117: Total time for which application threads were stopped: 0.0009170 seconds, Stopping threads took: 0.0001280 seconds
166.152: Application time: 0.0346990 seconds
166.152: [GC166.152: [ParNew: 15956K->1548K(16640K), 0.0008650 secs] 44720K->30824K(55552K), 0.0008990 secs] [Times: user=0.00 sys=0.00, real=0.00 secs] 
166.153: Total time for which application threads were stopped: 0.0010510 seconds, Stopping threads took: 0.0000940 seconds
166.187: Application time: 0.0344600 seconds
166.187: [GC166.187: [ParNew: 15962K->1036K(16640K), 0.0005030 secs] 45238K->30312K(55552K), 0.0005400 secs] [Times: user=0.00 sys=0.00, real=0.00 secs] 
166.188: Total time for which application threads were stopped: 0.0006730 seconds, Stopping threads took: 0.0000780 seconds
166.222: Application time: 0.0343970 seconds
166.222: [GC166.222: [ParNew: 15442K->1546K(16640K), 0.0008340 secs] 44718K->31334K(55552K), 0.0008660 secs] [Times: user=0.01 sys=0.00, real=0.00 secs] 
166.223: Total time for which application threads were stopped: 0.0009900 seconds, Stopping threads took: 0.0000630 seconds
166.258: Application time: 0.0348950 seconds
166.258: [GC166.258: [ParNew: 15958K->1034K(16640K), 0.0004850 secs] 45746K->30822K(55552K), 0.0005130 secs] [Times: user=0.01 sys=0.00, real=0.00 secs] 
166.259: Total time for which application threads were stopped: 0.0006980 seconds, Stopping threads took: 0.0001370 seconds
166.292: Application time: 0.0334510 seconds
166.292: [GC166.292: [ParNew: 15440K->1546K(16640K), 0.0010300 secs] 45228K->32358K(55552K), 0.0010650 secs] [Times: user=0.01 sys=0.00, real=0.00 secs] 
166.293: Total time for which application threads were stopped: 0.0011980 seconds, Stopping threads took: 0.0000710 seconds
166.329: Application time: 0.0356670 seconds
166.329: [GC166.329: [ParNew: 15960K->1546K(16640K), 0.0007230 secs] 46772K->32358K(55552K), 0.0007550 secs] [Times: user=0.01 sys=0.00, real=0.00 secs] 
166.330: Total time for which application threads were stopped: 0.0008770 seconds, Stopping threads took: 0.0000580 seconds
166.365: Application time: 0.0346580 seconds
166.365: [GC166.365: [ParNew: 15954K->1548K(16640K), 0.0008720 secs] 46766K->32872K(55552K), 0.0009070 secs] [Times: user=0.01 sys=0.00, real=0.00 secs] 
166.366: Total time for which application threads were stopped: 0.0010380 seconds, Stopping threads took: 0.0000760 seconds
166.401: Application time: 0.0351790 seconds
166.401: [GC166.401: [ParNew: 15962K->1032K(16640K), 0.0005630 secs] 47286K->32356K(55552K), 0.0005930 secs] [Times: user=0.00 sys=0.00, real=0.00 secs] 
166.402: Total time for which application threads were stopped: 0.0008050 seconds, Stopping threads took: 0.0001590 seconds
166.434: Application time: 0.0325530 seconds
166.434: [GC166.434: [ParNew: 15512K->1578K(16640K), 0.0012150 secs] 46836K->34438K(55552K), 0.0012510 secs] [Times: user=0.01 sys=0.00, real=0.00 secs] 
166.436: Total time for which application threads were stopped: 0.0013800 seconds, Stopping threads took: 0.0000650 seconds
166.472: Application time: 0.0366240 seconds
166.472: [GC166.472: [ParNew: 15994K->1546K(16640K), 0.0007390 secs] 48854K->34434K(55552K), 0.0007710 secs] [Times: user=0.01 sys=0.00, real=0.00 secs] 
166.473: Total time for which application threads were stopped: 0.0008890 seconds, Stopping threads took: 0.0000610 seconds
166.507: Application time: 0.0343180 seconds
166.508: [GC166.508: [ParNew: 15952K->1550K(16640K), 0.0009780 secs] 48840K->35463K(55552K), 0.0010120 secs] [Times: user=0.00 sys=0.00, real=0.01 secs] 
166.509: Total time for which application threads were stopped: 0.0011470 seconds, Stopping threads took: 0.0000740 seconds
166.544: Application time: 0.0358500 seconds
166.545: [GC166.545: [ParNew: 15964K->1546K(16640K), 0.0007130 secs] 49877K->35458K(55552K), 0.0007440 secs] [Times: user=0.01 sys=0.00, real=0.00 secs] 
166.545: Total time for which application threads were stopped: 0.0008780 seconds, Stopping threads took: 0.0000770 seconds
166.581: Application time: 0.0353480 seconds
166.581: [GC166.581: [ParNew: 16116K->1602K(16640K), 0.0007450 secs] 50029K->35515K(55552K), 0.0007790 secs] [Times: user=0.00 sys=0.00, real=0.00 secs] 
166.582: Total time for which application threads were stopped: 0.0008990 seconds, Stopping threads took: 0.0000620 seconds
166.615: Application time: 0.0331950 seconds
166.615: [GC166.615: [ParNew: 16008K->1546K(16640K), 0.0011060 secs] 49921K->36540K(55552K), 0.0011410 secs] [Times: user=0.01 sys=0.00, real=0.00 secs] 
166.616: Total time for which application threads were stopped: 0.0012660 seconds, Stopping threads took: 0.0000570 seconds
166.616: Application time: 0.0000400 seconds
166.616: [GC [1 CMS-initial-mark: 34993K(38912K)] 37052K(55552K), 0.0000980 secs] [Times: user=0.00 sys=0.00, real=0.00 secs] 
166.616: Total time for which application threads were stopped: 0.0002800 seconds, Stopping threads took: 0.0001640 seconds
166.616: [CMS-concurrent-mark-start]
166.620: [CMS-concurrent-mark: 0.004/0.004 secs] [Times: user=0.00 sys=0.00, real=0.00 secs] 
166.620: [CMS-concurrent-preclean-start]
166.620: [CMS-concurrent-preclean: 0.000/0.000 secs] [Times: user=0.00 sys=0.00, real=0.00 secs] 
166.620: Application time: 0.0037760 seconds
166.623: [GC[YG occupancy: 2662 K (16640 K)]166.623: [Rescan (parallel) , 0.0001150 secs]166.623: [weak refs processing, 0.0000070 secs]166.623: [scrub string table, 0.0001000 secs] [1 CMS-remark: 34993K(38912K)] 37656K(55552K), 0.0002480 secs] [Times: user=0.00 sys=0.00, real=0.00 secs] 
166.624: Total time for which application threads were stopped: 0.0033840 seconds, Stopping threads took: 0.0031120 seconds
166.624: [CMS-concurrent-sweep-start]
166.624: [CMS-concurrent-sweep: 0.001/0.001 secs] [Times: user=0.00 sys=0.00, real=0.00 secs] 
166.624: [CMS-concurrent-reset-start]
166.624: [CMS-concurrent-reset: 0.000/0.000 secs] [Times: user=0.00 sys=0.00, real=0.00 secs] 
166.658: Application time: 0.0343650 seconds
166.658: [GC166.658: [ParNew: 16038K->1576K(16640K), 0.0007100 secs] 22615K->8153K(55552K), 0.0007420 secs] [Times: user=0.00 sys=0.00, real=0.00 secs] 
166.659: Total time for which application threads were stopped: 0.0009230 seconds, Stopping threads took: 0.0001220 seconds
166.693: Application time: 0.0344130 seconds
166.693: [GC166.693: [ParNew: 16144K->1608K(16640K), 0.0006580 secs] 22721K->8213K(55552K), 0.0006900 secs] [Times: user=0.00 sys=0.00, real=0.00 secs] 
166.694: Total time for which application threads were stopped: 0.0008050 seconds, Stopping threads took: 0.0000600 seconds
166.728: Application time: 0.0343820 seconds
166.729: [GC166.729: [ParNew: 16172K->1604K(16640K), 0.0008490 secs] 22778K->8778K(55552K), 0.0008850 secs] [Times: user=0.00 sys=0.00, real=0.00 secs] 
166.729: Total time for which application threads were stopped: 0.0010080 seconds, Stopping threads took: 0.0000560 seconds
166.767: Application time: 0.0372770 seconds
166.767: [GC166.767: [ParNew: 16018K->1036K(16640K), 0.0005730 secs] 23193K->8267K(55552K), 0.0006020 secs] [Times: user=0.00 sys=0.00, real=0.00 secs] 
166.767: Total time for which application threads were stopped: 0.0007040 seconds, Stopping threads took: 0.0000520 seconds
166.800: Application time: 0.0325810 seconds
166.800: [GC166.800: [ParNew: 15442K->1548K(16640K), 0.0008110 secs] 22673K->9291K(55552K), 0.0008440 secs] [Times: user=0.01 sys=0.00, real=0.01 secs] 
166.801: Total time for which application threads were stopped: 0.0009800 seconds, Stopping threads took: 0.0000750 seconds
166.837: Application time: 0.0361810 seconds
166.841: [GC166.841: [ParNew: 15964K->524K(16640K), 0.0003580 secs] 23708K->8267K(55552K), 0.0003910 secs] [Times: user=0.00 sys=0.00, real=0.00 secs] 
166.841: Total time for which application threads were stopped: 0.0038460 seconds, Stopping threads took: 0.0033930 seconds
166.874: Application time: 0.0332840 seconds
166.874: [GC166.874: [ParNew: 14930K->1546K(16640K), 0.0008160 secs] 22673K->9801K(55552K), 0.0008500 secs] [Times: user=0.01 sys=0.00, real=0.00 secs] 
166.875: Total time for which application threads were stopped: 0.0009920 seconds, Stopping threads took: 0.0000810 seconds
166.911: Application time: 0.0361530 seconds
166.912: [GC166.912: [ParNew: 15960K->1034K(16640K), 0.0004820 secs] 24215K->9289K(55552K), 0.0005130 secs] [Times: user=0.00 sys=0.00, real=0.00 secs] 
166.912: Total time for which application threads were stopped: 0.0007040 seconds, Stopping threads took: 0.0001370 seconds
166.946: Application time: 0.0336060 seconds
166.946: [GC166.946: [ParNew: 15440K->1548K(16640K), 0.0008030 secs] 23695K->10315K(55552K), 0.0008460 secs] [Times: user=0.01 sys=0.00, real=0.00 secs] 
166.947: Total time for which application threads were stopped: 0.0009930 seconds, Stopping threads took: 0.0000870 seconds
166.982: Application time: 0.0347390 seconds
166.982: [GC166.982: [ParNew: 15956K->1546K(16640K), 0.0010610 secs] 24723K->11337K(55552K), 0.0010960 secs] [Times: user=0.01 sys=0.00, real=0.00 secs] 
166.983: Total time for which application threads were stopped: 0.0012200 seconds, Stopping threads took: 0.0000590 seconds
167.020: Application time: 0.0369540 seconds
167.020: [GC167.020: [ParNew: 15960K->1546K(16640K), 0.0006960 secs] 25752K->11337K(55552K), 0.0007250 secs] [Times: user=0.00 sys=0.00, real=0.00 secs] 
167.021: Total time for which application threads were stopped: 0.0008300 seconds, Stopping threads took: 0.0000520 seconds
167.058: Application time: 0.0369930 seconds
167.058: [GC167.058: [ParNew: 15958K->1034K(16640K), 0.0005680 secs] 25749K->10825K(55552K), 0.0006000 secs] [Times: user=0.00 sys=0.00, real=0.00 secs] 
167.058: Total time for which application threads were stopped: 0.0007360 seconds, Stopping threads took: 0.0000790 seconds
167.096: Application time: 0.0372960 seconds
167.096: [GC167.096: [ParNew: 15520K->1574K(16640K), 0.0006360 secs] 25312K->11365K(55552K), 0.0006680 secs] [Times: user=0.00 sys=0.00, real=0.00 secs] 
167.096: Total time for which application threads were stopped: 0.0007950 seconds, Stopping threads took: 0.0000680 seconds
167.132: Application time: 0.0361440 seconds
167.133: [GC167.133: [ParNew: 15982K->1548K(16640K), 0.0008280 secs] 25773K->11880K(55552K), 0.0008650 secs] [Times: user=0.01 sys=0.00, real=0.00 secs] 
167.134: Total time for which application threads were stopped: 0.0010160 seconds, Stopping threads took: 0.0000910 seconds
167.171: Application time: 0.0378740 seconds
167.172: [GC167.172: [ParNew: 15960K->1546K(16640K), 0.0007080 secs] 26292K->11878K(55552K), 0.0007390 secs] [Times: user=0.01 sys=0.00, real=0.00 secs] 
167.172: Total time for which application threads were stopped: 0.0008840 seconds, Stopping threads took: 0.0000860 seconds
167.211: Application time: 0.0386140 seconds
167.211: [GC167.211: [ParNew: 15956K->1548K(16640K), 0.0007510 secs] 26288K->11880K(55552K), 0.0007830 secs] [Times: user=0.00 sys=0.00, real=0.00 secs] 
167.212: Total time for which application threads were stopped: 0.0010080 seconds, Stopping threads took: 0.0001640 seconds
167.251: Application time: 0.0391920 seconds
167.251: [GC167.251: [ParNew: 16118K->1606K(16640K), 0.0007050 secs] 26451K->11938K(55552K), 0.0007380 secs] [Times: user=0.00 sys=0.00, real=0.00 secs] 
167.252: Total time for which application threads were stopped: 0.0008810 seconds, Stopping threads took: 0.0000830 seconds
167.287: Application time: 0.0355150 seconds
167.288: [GC167.288: [ParNew: 16012K->1546K(16640K), 0.0010420 secs] 26344K->12959K(55552K), 0.0010790 secs] [Times: user=0.00 sys=0.01, real=0.01 secs] 
167.289: Total time for which application threads were stopped: 0.0012300 seconds, Stopping threads took: 0.0000860 seconds
167.328: Application time: 0.0390260 seconds
167.328: [GC167.328: [ParNew: 16036K->1578K(16640K), 0.0008120 secs] 27449K->13503K(55552K), 0.0008460 secs] [Times: user=0.00 sys=0.01, real=0.01 secs] 
167.329: Total time for which application threads were stopped: 0.0009630 seconds, Stopping threads took: 0.0000570 seconds
167.367: Application time: 0.0379230 seconds
167.367: [GC167.367: [ParNew: 16150K->1608K(16640K), 0.0006970 secs] 28076K->13562K(55552K), 0.0007310 secs] [Times: user=0.01 sys=0.00, real=0.00 secs] 
167.367: Total time for which application threads were stopped: 0.0008560 seconds, Stopping threads took: 0.0000610 seconds
167.404: Application time: 0.0362870 seconds
167.404: [GC167.404: [ParNew: 16094K->1576K(16640K), 0.0008700 secs] 28048K->14099K(55552K), 0.0009050 secs] [Times: user=0.00 sys=0.00, real=0.00 secs] 
167.405: Total time for which application threads were stopped: 0.0010320 seconds, Stopping threads took: 0.0000650 seconds
167.446: Application time: 0.0416750 seconds
167.447: [GC167.447: [ParNew: 16068K->1064K(16640K), 0.0005260 secs] 28591K->13615K(55552K), 0.0005680 secs] [Times: user=0.01 sys=0.00, real=0.00 secs] 
167.447: Total time for which application threads were stopped: 0.0007040 seconds, Stopping threads took: 0.0000780 seconds
167.483: Application time: 0.0354390 seconds
167.483: [GC167.483: [ParNew: 15468K->1548K(16640K), 0.0009250 secs] 28019K->15152K(55552K), 0.0009610 secs] [Times: user=0.00 sys=0.00, real=0.00 secs] 
167.484: Total time for which application threads were stopped: 0.0010890 seconds, Stopping threads took: 0.0000640 seconds
167.524: Application time: 0.0398560 seconds
167.524: [GC167.524: [ParNew: 15962K->1548K(16640K), 0.0007610 secs] 29566K->15152K(55552K), 0.0007930 secs] [Times: user=0.01 sys=0.00, real=0.00 secs] 
167.525: Total time for which application threads were stopped: 0.0009300 seconds, Stopping threads took: 0.0000800 seconds
167.562: Application time: 0.0375270 seconds
167.562: [GC167.562: [ParNew: 15954K->1548K(16640K), 0.0008230 secs] 29558K->15664K(55552K), 0.0008560 secs] [Times: user=0.00 sys=0.00, real=0.00 secs] 
167.563: Total time for which application threads were stopped: 0.0010750 seconds, Stopping threads took: 0.0001550 seconds
167.603: Application time: 0.0396090 seconds
167.603: [GC167.603: [ParNew: 15964K->1034K(16640K), 0.0004510 secs] 30080K->15150K(55552K), 0.0004800 secs] [Times: user=0.00 sys=0.00, real=0.00 secs] 
167.603: Total time for which application threads were stopped: 0.0006000 seconds, Stopping threads took: 0.0000660 seconds
167.639: Application time: 0.0357410 seconds
167.639: [GC167.639: [ParNew: 15440K->1546K(16640K), 0.0008620 secs] 29555K->16174K(55552K), 0.0008980 secs] [Times: user=0.00 sys=0.00, real=0.00 secs] 
167.640: Total time for which application threads were stopped: 0.0010280 seconds, Stopping threads took: 0.0000650 seconds
167.678: Application time: 0.0381300 seconds
167.679: [GC167.679: [ParNew: 15958K->1548K(16640K), 0.0007730 secs] 30586K->16176K(55552K), 0.0008040 secs] [Times: user=0.00 sys=0.00, real=0.00 secs] 
167.680: Total time for which application threads were stopped: 0.0014330 seconds, Stopping threads took: 0.0005680 seconds
167.718: Application time: 0.0383780 seconds
167.718: [GC167.718: [ParNew: 15958K->1546K(16640K), 0.0006710 secs] 30586K->16174K(55552K), 0.0007030 secs] [Times: user=0.00 sys=0.00, real=0.00 secs] 
167.719: Total time for which application threads were stopped: 0.0008180 seconds, Stopping threads took: 0.0000590 seconds
167.754: Application time: 0.0356050 seconds
167.755: [GC167.755: [ParNew: 15952K->1548K(16640K), 0.0010220 secs] 30580K->17200K(55552K), 0.0010580 secs] [Times: user=0.01 sys=0.00, real=0.00 secs] 
167.756: Total time for which application threads were stopped: 0.0011870 seconds, Stopping threads took: 0.0000630 seconds
167.796: Application time: 0.0399860 seconds
167.796: [GC167.796: [ParNew: 16042K->1066K(16640K), 0.0004800 secs] 31694K->16718K(55552K), 0.0005110 secs] [Times: user=0.00 sys=0.00, real=0.00 secs] 
167.796: Total time for which application threads were stopped: 0.0006320 seconds, Stopping threads took: 0.0000640 seconds
167.831: Application time: 0.0350970 seconds
167.832: [GC167.832: [ParNew: 15470K->1548K(16640K), 0.0011870 secs] 31122K->18252K(55552K), 0.0012230 secs] [Times: user=0.01 sys=0.00, real=0.00 secs] 
167.833: Total time for which application threads were stopped: 0.0013620 seconds, Stopping threads took: 0.0000750 seconds
167.874: Application time: 0.0410740 seconds
167.874: [GC167.874: [ParNew: 15962K->1548K(16640K), 0.0006550 secs] 32666K->18252K(55552K), 0.0006860 secs] [Times: user=0.00 sys=0.00, real=0.00 secs] 
167.875: Total time for which application threads were stopped: 0.0008200 seconds, Stopping threads took: 0.0000670 seconds
167.910: Application time: 0.0357600 seconds
167.911: [GC167.911: [ParNew: 16006K->1598K(16640K), 0.0008710 secs] 32710K->18814K(55552K), 0.0009030 secs] [Times: user=0.01 sys=0.00, real=0.00 secs] 
167.911: Total time for which application threads were stopped: 0.0010400 seconds, Stopping threads took: 0.0000680 seconds
167.949: Application time: 0.0379600 seconds
167.950: [GC167.950: [ParNew: 16118K->1606K(16640K), 0.0008330 secs] 33335K->19334K(55552K), 0.0008690 secs] [Times: user=0.00 sys=0.00, real=0.00 secs] 
167.950: Total time for which application threads were stopped: 0.0010130 seconds, Stopping threads took: 0.0000810 seconds
167.990: Application time: 0.0390880 seconds
167.990: [GC167.990: [ParNew: 16020K->1036K(16640K), 0.0005200 secs] 33749K->18821K(55552K), 0.0005520 secs] [Times: user=0.00 sys=0.00, real=0.00 secs] 
167.990: Total time for which application threads were stopped: 0.0006720 seconds, Stopping threads took: 0.0000640 seconds
168.030: Application time: 0.0398820 seconds
168.030: [GC168.030: [ParNew: 15446K->1034K(16640K), 0.0005650 secs] 33231K->18819K(55552K), 0.0005960 secs] [Times: user=0.01 sys=0.00, real=0.00 secs] 
168.031: Total time for which application threads were stopped: 0.0007140 seconds, Stopping threads took: 0.0000610 seconds
168.065: Application time: 0.0337970 seconds
168.065: [GC168.065: [ParNew: 15592K->1604K(16640K), 0.0010940 secs] 33378K->20413K(55552K), 0.0011290 secs] [Times: user=0.01 sys=0.00, real=0.00 secs] 
168.066: Total time for which application threads were stopped: 0.0012870 seconds, Stopping threads took: 0.0001000 seconds
168.108: Application time: 0.0416440 seconds
168.108: [GC168.108: [ParNew: 16102K->1062K(16640K), 0.0005300 secs] 34912K->19928K(55552K), 0.0005600 secs] [Times: user=0.00 sys=0.00, real=0.00 secs] 
168.108: Total time for which application threads were stopped: 0.0006810 seconds, Stopping threads took: 0.0000620 seconds
168.144: Application time: 0.0357470 seconds
168.144: [GC168.144: [ParNew: 15544K->1578K(16640K), 0.0010380 secs] 34410K->21497K(55552K), 0.0010750 secs] [Times: user=0.00 sys=0.00, real=0.00 secs] 
168.145: Total time for which application threads were stopped: 0.0012060 seconds, Stopping threads took: 0.0000660 seconds
168.183: Application time: 0.0382810 seconds
168.184: [GC168.184: [ParNew: 16074K->1064K(16640K), 0.0005590 secs] 35994K->21011K(55552K), 0.0005910 secs] [Times: user=0.00 sys=0.00, real=0.00 secs] 
168.184: Total time for which application threads were stopped: 0.0007000 seconds, Stopping threads took: 0.0000530 seconds
168.222: Application time: 0.0379050 seconds
168.222: [GC168.222: [ParNew: 15472K->1546K(16640K), 0.0006430 secs] 35419K->21522K(55552K), 0.0006770 secs] [Times: user=0.01 sys=0.00, real=0.00 secs] 
168.223: Total time for which application threads were stopped: 0.0008030 seconds, Stopping threads took: 0.0000670 seconds
168.258: Application time: 0.0351420 seconds
168.258: [GC168.258: [ParNew: 15952K->1550K(16640K), 0.0009920 secs] 35928K->22550K(55552K), 0.0010280 secs] [Times: user=0.01 sys=0.00, real=0.00 secs] 
168.259: Total time for which application threads were stopped: 0.0011650 seconds, Stopping threads took: 0.0000710 seconds
168.301: Application time: 0.0413820 seconds
168.301: [GC168.301: [ParNew: 15966K->522K(16640K), 0.0003590 secs] 36966K->21522K(55552K), 0.0003880 secs] [Times: user=0.01 sys=0.00, real=0.00 secs] 
168.301: Total time for which application threads were stopped: 0.0005520 seconds, Stopping threads took: 0.0001080 seconds
168.336: Application time: 0.0349870 seconds
168.336: [GC168.336: [ParNew: 14925K->1548K(16640K), 0.0010320 secs] 35926K->23572K(55552K), 0.0010700 secs] [Times: user=0.00 sys=0.00, real=0.00 secs] 
168.337: Total time for which application threads were stopped: 0.0012010 seconds, Stopping threads took: 0.0000680 seconds
168.376: Application time: 0.0389110 seconds
168.376: [GC168.376: [ParNew: 15964K->1034K(16640K), 0.0004740 secs] 37988K->23058K(55552K), 0.0005070 secs] [Times: user=0.01 sys=0.00, real=0.00 secs] 
168.377: Total time for which application threads were stopped: 0.0006500 seconds, Stopping threads took: 0.0000780 seconds
168.413: Application time: 0.0361800 seconds
168.413: [GC168.413: [ParNew: 15438K->1546K(16640K), 0.0010440 secs] 37462K->24594K(55552K), 0.0010850 secs] [Times: user=0.01 sys=0.00, real=0.00 secs] 
168.414: Total time for which application threads were stopped: 0.0012140 seconds, Stopping threads took: 0.0000650 seconds
168.454: Application time: 0.0397800 seconds
168.454: [GC168.454: [ParNew: 15964K->518K(16640K), 0.0003820 secs] 39012K->23566K(55552K), 0.0004150 secs] [Times: user=0.00 sys=0.00, real=0.00 secs] 
168.455: Total time for which application threads were stopped: 0.0005570 seconds, Stopping threads took: 0.0000870 seconds
168.492: Application time: 0.0369880 seconds
168.492: [GC168.492: [ParNew: 15000K->1576K(16640K), 0.0008370 secs] 38048K->25136K(55552K), 0.0008700 secs] [Times: user=0.00 sys=0.00, real=0.00 secs] 
168.493: Total time for which application threads were stopped: 0.0009940 seconds, Stopping threads took: 0.0000630 seconds
168.531: Application time: 0.0383070 seconds
168.531: [GC168.531: [ParNew: 15986K->1550K(16640K), 0.0008770 secs] 39546K->25651K(55552K), 0.0009110 secs] [Times: user=0.00 sys=0.00, real=0.00 secs] 
168.532: Total time for which application threads were stopped: 0.0010330 seconds, Stopping threads took: 0.0000610 seconds
168.571: Application time: 0.0388620 seconds
168.571: [GC168.571: [ParNew: 15964K->1032K(16640K), 0.0005270 secs] 40065K->25133K(55552K), 0.0005600 secs] [Times: user=0.01 sys=0.00, real=0.00 secs] 
168.572: Total time for which application threads were stopped: 0.0006880 seconds, Stopping threads took: 0.0000700 seconds
168.608: Application time: 0.0363180 seconds
168.608: [GC168.608: [ParNew: 15433K->1552K(16640K), 0.0011720 secs] 39534K->27189K(55552K), 0.0012130 secs] [Times: user=0.01 sys=0.00, real=0.01 secs] 
168.609: Total time for which application threads were stopped: 0.0013400 seconds, Stopping threads took: 0.0000590 seconds
168.648: Application time: 0.0387780 seconds
168.648: [GC168.648: [ParNew: 16130K->1092K(16640K), 0.0006190 secs] 41767K->26729K(55552K), 0.0006530 secs] [Times: user=0.01 sys=0.00, real=0.01 secs] 
168.649: Total time for which application threads were stopped: 0.0007960 seconds, Stopping threads took: 0.0000850 seconds
168.685: Application time: 0.0359900 seconds
168.685: [GC168.685: [ParNew: 15494K->1550K(16640K), 0.0012220 secs] 41131K->28780K(55552K), 0.0012580 secs] [Times: user=0.01 sys=0.00, real=0.00 secs] 
168.686: Total time for which application threads were stopped: 0.0013830 seconds, Stopping threads took: 0.0000590 seconds
168.726: Application time: 0.0402110 seconds
168.726: [GC168.726: [ParNew: 15968K->1036K(16640K), 0.0006030 secs] 43198K->28266K(55552K), 0.0006360 secs] [Times: user=0.00 sys=0.00, real=0.00 secs] 
168.727: Total time for which application threads were stopped: 0.0007460 seconds, Stopping threads took: 0.0000510 seconds
168.764: Application time: 0.0370850 seconds
168.764: [GC168.764: [ParNew: 15596K->1608K(16640K), 0.0010150 secs] 42826K->29862K(55552K), 0.0010500 secs] [Times: user=0.00 sys=0.00, real=0.00 secs] 
168.765: Total time for which application threads were stopped: 0.0011760 seconds, Stopping threads took: 0.0000640 seconds
168.803: Application time: 0.0371990 seconds
168.805: [GC168.805: [ParNew: 16098K->1578K(16640K), 0.0009460 secs] 44352K->30401K(55552K), 0.0009800 secs] [Times: user=0.01 sys=0.00, real=0.00 secs] 
168.806: Total time for which application threads were stopped: 0.0031030 seconds, Stopping threads took: 0.0020610 seconds
168.846: Application time: 0.0400340 seconds
168.846: [GC168.846: [ParNew: 15992K->1544K(16640K), 0.0007570 secs] 44815K->30395K(55552K), 0.0007880 secs] [Times: user=0.00 sys=0.00, real=0.00 secs] 
168.847: Total time for which application threads were stopped: 0.0011080 seconds, Stopping threads took: 0.0002580 seconds
168.883: Application time: 0.0357390 seconds
168.883: [GC168.883: [ParNew: 16030K->1576K(16640K), 0.0008140 secs] 44881K->30939K(55552K), 0.0008480 secs] [Times: user=0.01 sys=0.00, real=0.00 secs] 
168.884: Total time for which application threads were stopped: 0.0010430 seconds, Stopping threads took: 0.0001270 seconds
168.922: Application time: 0.0387980 seconds
168.922: [GC168.923: [ParNew: 16070K->1064K(16640K), 0.0005460 secs] 45434K->30456K(55552K), 0.0005860 secs] [Times: user=0.00 sys=0.00, real=0.00 secs] 
168.923: Total time for which application threads were stopped: 0.0006980 seconds, Stopping threads took: 0.0000550 seconds
168.960: Application time: 0.0365900 seconds
168.960: [GC168.960: [ParNew: 15472K->1548K(16640K), 0.0006640 secs] 44864K->30968K(55552K), 0.0006990 secs] [Times: user=0.01 sys=0.00, real=0.01 secs] 
168.961: Total time for which application threads were stopped: 0.0009140 seconds, Stopping threads took: 0.0001530 seconds
168.998: Application time: 0.0377800 seconds
168.998: [GC168.998: [ParNew: 15956K->1548K(16640K), 0.0008420 secs] 45376K->31480K(55552K), 0.0008770 secs] [Times: user=0.01 sys=0.00, real=0.00 secs] 
168.999: Total time for which application threads were stopped: 0.0010080 seconds, Stopping threads took: 0.0000690 seconds
169.038: Application time: 0.0389790 seconds
169.039: [GC169.039: [ParNew: 15960K->1546K(16640K), 0.0006680 secs] 45892K->31478K(55552K), 0.0007040 secs] [Times: user=0.01 sys=0.00, real=0.00 secs] 
169.039: Total time for which application threads were stopped: 0.0008720 seconds, Stopping threads took: 0.0001050 seconds
169.077: Application time: 0.0377930 seconds
169.077: [GC169.077: [ParNew: 15952K->1548K(16640K), 0.0010360 secs] 45884K->32504K(55552K), 0.0010750 secs] [Times: user=0.00 sys=0.00, real=0.00 secs] 
169.078: Total time for which application threads were stopped: 0.0012140 seconds, Stopping threads took: 0.0000740 seconds
169.117: Application time: 0.0386360 seconds
169.117: [GC169.117: [ParNew: 15960K->1548K(16640K), 0.0009280 secs] 46917K->33016K(55552K), 0.0009620 secs] [Times: user=0.00 sys=0.00, real=0.00 secs] 
169.118: Total time for which application threads were stopped: 0.0010840 seconds, Stopping threads took: 0.0000650 seconds
169.156: Application time: 0.0383220 seconds
169.156: [GC169.156: [ParNew: 15960K->1546K(16640K), 0.0007030 secs] 47428K->33014K(55552K), 0.0007390 secs] [Times: user=0.01 sys=0.00, real=0.00 secs] 
169.157: Total time for which application threads were stopped: 0.0008600 seconds, Stopping threads took: 0.0000590 seconds
169.195: Application time: 0.0377700 seconds
169.195: [GC169.195: [ParNew: 16032K->1580K(16640K), 0.0009840 secs] 47501K->34072K(55552K), 0.0010200 secs] [Times: user=0.00 sys=0.00, real=0.00 secs] 
169.196: Total time for which application threads were stopped: 0.0011970 seconds, Stopping threads took: 0.0001140 seconds
169.235: Application time: 0.0389800 seconds
169.235: [GC169.235: [ParNew: 15994K->1548K(16640K), 0.0007340 secs] 48487K->34069K(55552K), 0.0007680 secs] [Times: user=0.00 sys=0.00, real=0.00 secs] 
169.236: Total time for which application threads were stopped: 0.0009140 seconds, Stopping threads took: 0.0000860 seconds
169.274: Application time: 0.0376780 seconds
169.274: [GC169.274: [ParNew: 15956K->1546K(16640K), 0.0008690 secs] 48477K->34579K(55552K), 0.0009020 secs] [Times: user=0.01 sys=0.00, real=0.00 secs] 
169.275: Total time for which application threads were stopped: 0.0010540 seconds, Stopping threads took: 0.0000910 seconds
169.314: Application time: 0.0393880 seconds
169.314: [GC169.314: [ParNew: 15960K->1034K(16640K), 0.0005940 secs] 48993K->34067K(55552K), 0.0006240 secs] [Times: user=0.01 sys=0.00, real=0.00 secs] 
169.315: Total time for which application threads were stopped: 0.0007690 seconds, Stopping threads took: 0.0000900 seconds
169.351: Application time: 0.0362930 seconds
169.351: [GC169.351: [ParNew: 15598K->1606K(16640K), 0.0008930 secs] 48631K->35151K(55552K), 0.0009300 secs] [Times: user=0.01 sys=0.00, real=0.00 secs] 
169.352: Total time for which application threads were stopped: 0.0010890 seconds, Stopping threads took: 0.0000970 seconds
169.390: Application time: 0.0377440 seconds
169.390: [GC169.390: [ParNew: 16018K->1548K(16640K), 0.0007870 secs] 49563K->35150K(55552K), 0.0008200 secs] [Times: user=0.01 sys=0.00, real=0.00 secs] 
169.391: Total time for which application threads were stopped: 0.0009660 seconds, Stopping threads took: 0.0000690 seconds
169.430: Application time: 0.0388230 seconds
169.430: [GC169.430: [ParNew: 15958K->1546K(16640K), 0.0006400 secs] 49560K->35148K(55552K), 0.0006710 secs] [Times: user=0.00 sys=0.00, real=0.00 secs] 
169.431: Total time for which application threads were stopped: 0.0008310 seconds, Stopping threads took: 0.0001010 seconds
169.468: Application time: 0.0377470 seconds
169.469: [GC169.469: [ParNew: 16112K->1604K(16640K), 0.0007480 secs] 49715K->35206K(55552K), 0.0007840 secs] [Times: user=0.01 sys=0.00, real=0.01 secs] 
169.469: Total time for which application threads were stopped: 0.0008970 seconds, Stopping threads took: 0.0000580 seconds
169.506: Application time: 0.0371780 seconds
169.507: [GC169.507: [ParNew: 16012K->1548K(16640K), 0.0008880 secs] 49614K->35719K(55552K), 0.0009220 secs] [Times: user=0.01 sys=0.00, real=0.00 secs] 
169.508: Total time for which application threads were stopped: 0.0010470 seconds, Stopping threads took: 0.0000600 seconds
169.547: Application time: 0.0390670 seconds
169.547: [GC169.547: [ParNew: 16040K->1576K(16640K), 0.0006410 secs] 50211K->35747K(55552K), 0.0006760 secs] [Times: user=0.00 sys=0.00, real=0.00 secs] 
169.547: Total time for which application threads were stopped: 0.0007910 seconds, Stopping threads took: 0.0000560 seconds
169.585: Application time: 0.0376250 seconds
169.585: [GC169.585: [ParNew: 16062K->1578K(16640K), 0.0008830 secs] 50233K->36290K(55552K), 0.0009170 secs] [Times: user=0.00 sys=0.00, real=0.00 secs] 
169.586: Total time for which application threads were stopped: 0.0010370 seconds, Stopping threads took: 0.0000560 seconds
169.625: Application time: 0.0393310 seconds
169.626: [GC169.626: [ParNew: 16076K->42K(16640K), 0.0003690 secs] 50788K->34782K(55552K), 0.0004000 secs] [Times: user=0.01 sys=0.00, real=0.00 secs] 
169.626: Total time for which application threads were stopped: 0.0006460 seconds, Stopping threads took: 0.0001930 seconds
169.662: Application time: 0.0355470 seconds
169.662: [GC169.662: [ParNew: 14443K->1576K(16640K), 0.0009200 secs] 49184K->36828K(55552K), 0.0009550 secs] [Times: user=0.01 sys=0.00, real=0.00 secs] 
169.663: Total time for which application threads were stopped: 0.0010780 seconds, Stopping threads took: 0.0000600 seconds
169.704: Application time: 0.0417550 seconds
169.709: [GC169.709: [ParNew: 15994K->8K(16640K), 0.0002920 secs] 51246K->35289K(55552K), 0.0003240 secs] [Times: user=0.01 sys=0.00, real=0.00 secs] 
169.709: Total time for which application threads were stopped: 0.0045240 seconds, Stopping threads took: 0.0041460 seconds
169.742: Application time: 0.0331910 seconds
169.742: [GC169.742: [ParNew: 14409K->1548K(16640K), 0.0009280 secs] 49690K->37341K(55552K), 0.0009630 secs] [Times: user=0.01 sys=0.00, real=0.00 secs] 
169.743: Total time for which application threads were stopped: 0.0011070 seconds, Stopping threads took: 0.0000810 seconds
169.784: Application time: 0.0405700 seconds
169.784: [GC169.784: [ParNew: 15962K->1034K(16640K), 0.0004700 secs] 51755K->36827K(55552K), 0.0005020 secs] [Times: user=0.00 sys=0.00, real=0.00 secs] 
169.784: Total time for which application threads were stopped: 0.0006300 seconds, Stopping threads took: 0.0000690 seconds
169.821: Application time: 0.0365330 seconds
169.821: [GC169.821: [ParNew: 15442K->1546K(16640K), 0.0006560 secs] 51235K->37339K(55552K), 0.0006910 secs] [Times: user=0.00 sys=0.00, real=0.00 secs] 
169.822: Total time for which application threads were stopped: 0.0008720 seconds, Stopping threads took: 0.0001260 seconds
169.859: Application time: 0.0372700 seconds
169.859: [GC169.859: [ParNew: 15952K->1550K(16640K), 0.0010440 secs] 51745K->38367K(55552K), 0.0010780 secs] [Times: user=0.00 sys=0.00, real=0.00 secs] 
169.860: Total time for which application threads were stopped: 0.0012220 seconds, Stopping threads took: 0.0000810 seconds
169.860: Application time: 0.0000940 seconds
169.861: [GC [1 CMS-initial-mark: 36817K(38912K)] 38879K(55552K), 0.0001060 secs] [Times: user=0.00 sys=0.00, real=0.00 secs] 
169.861: Total time for which application threads were stopped: 0.0003690 seconds, Stopping threads took: 0.0002350 seconds
169.861: [CMS-concurrent-mark-start]
169.865: [CMS-concurrent-mark: 0.004/0.004 secs] [Times: user=0.01 sys=0.02, real=0.00 secs] 
169.865: [CMS-concurrent-preclean-start]
169.865: [CMS-concurrent-preclean: 0.000/0.000 secs] [Times: user=0.00 sys=0.00, real=0.00 secs] 
169.865: Application time: 0.0039780 seconds
169.865: [GC[YG occupancy: 3102 K (16640 K)]169.865: [Rescan (parallel) , 0.0001720 secs]169.865: [weak refs processing, 0.0000060 secs]169.865: [scrub string table, 0.0001000 secs] [1 CMS-remark: 36817K(38912K)] 39919K(55552K), 0.0003060 secs] [Times: user=0.00 sys=0.00, real=0.00 secs] 
169.865: Total time for which application threads were stopped: 0.0003970 seconds, Stopping threads took: 0.0000670 seconds
169.865: [CMS-concurrent-sweep-start]
169.866: [CMS-concurrent-sweep: 0.000/0.000 secs] [Times: user=0.00 sys=0.00, real=0.00 secs] 
169.866: [CMS-concurrent-reset-start]
169.866: [CMS-concurrent-reset: 0.000/0.000 secs] [Times: user=0.00 sys=0.00, real=0.00 secs] 
169.900: Application time: 0.0350430 seconds
169.900: [GC169.900: [ParNew: 15962K->1544K(16640K), 0.0008210 secs] 22541K->8635K(55552K), 0.0008560 secs] [Times: user=0.00 sys=0.01, real=0.01 secs] 
169.901: Total time for which application threads were stopped: 0.0009920 seconds, Stopping threads took: 0.0000600 seconds
169.942: Application time: 0.0403670 seconds
169.942: [GC169.942: [ParNew: 16038K->1064K(16640K), 0.0006380 secs] 23130K->8155K(55552K), 0.0006680 secs] [Times: user=0.00 sys=0.00, real=0.00 secs] 
169.942: Total time for which application threads were stopped: 0.0007950 seconds, Stopping threads took: 0.0000710 seconds
169.978: Application time: 0.0354510 seconds
169.978: [GC169.978: [ParNew: 15468K->1548K(16640K), 0.0010910 secs] 22559K->9692K(55552K), 0.0011290 secs] [Times: user=0.01 sys=0.00, real=0.00 secs] 
169.979: Total time for which application threads were stopped: 0.0012580 seconds, Stopping threads took: 0.0000660 seconds
170.017: Application time: 0.0379870 seconds
170.017: [GC170.017: [ParNew: 15956K->1548K(16640K), 0.0011080 secs] 24100K->10716K(55552K), 0.0011420 secs] [Times: user=0.01 sys=0.00, real=0.00 secs] 
170.018: Total time for which application threads were stopped: 0.0013590 seconds, Stopping threads took: 0.0001600 seconds
170.058: Application time: 0.0397700 seconds
170.058: [GC170.058: [ParNew: 16120K->1604K(16640K), 0.0008850 secs] 25289K->11284K(55552K), 0.0009180 secs] [Times: user=0.01 sys=0.00, real=0.00 secs] 
170.059: Total time for which application threads were stopped: 0.0010470 seconds, Stopping threads took: 0.0000660 seconds
170.098: Application time: 0.0382230 seconds
170.098: [GC170.098: [ParNew: 16014K->1034K(16640K), 0.0005830 secs] 25694K->10771K(55552K), 0.0006160 secs] [Times: user=0.00 sys=0.00, real=0.00 secs] 
170.098: Total time for which application threads were stopped: 0.0008320 seconds, Stopping threads took: 0.0001580 seconds
170.136: Application time: 0.0374420 seconds
170.136: [GC170.136: [ParNew: 15446K->1546K(16640K), 0.0006920 secs] 25183K->11283K(55552K), 0.0007240 secs] [Times: user=0.01 sys=0.00, real=0.00 secs] 
170.137: Total time for which application threads were stopped: 0.0008690 seconds, Stopping threads took: 0.0000850 seconds
170.175: Application time: 0.0381380 seconds
170.175: [GC170.175: [ParNew: 16032K->1576K(16640K), 0.0008060 secs] 25769K->11825K(55552K), 0.0008420 secs] [Times: user=0.01 sys=0.00, real=0.00 secs] 
170.176: Total time for which application threads were stopped: 0.0009650 seconds, Stopping threads took: 0.0000620 seconds
170.215: Application time: 0.0388990 seconds
170.215: [GC170.215: [ParNew: 16070K->1064K(16640K), 0.0005580 secs] 26319K->11341K(55552K), 0.0005900 secs] [Times: user=0.00 sys=0.00, real=0.00 secs] 
170.215: Total time for which application threads were stopped: 0.0007160 seconds, Stopping threads took: 0.0000690 seconds
170.252: Application time: 0.0367110 seconds
170.252: [GC170.252: [ParNew: 15548K->1578K(16640K), 0.0008480 secs] 25826K->12396K(55552K), 0.0008930 secs] [Times: user=0.01 sys=0.00, real=0.00 secs] 
170.253: Total time for which application threads were stopped: 0.0010180 seconds, Stopping threads took: 0.0000640 seconds
170.289: Application time: 0.0363560 seconds
170.290: [GC170.290: [ParNew: 16066K->1578K(16640K), 0.0010180 secs] 26884K->13449K(55552K), 0.0010570 secs] [Times: user=0.00 sys=0.00, real=0.00 secs] 
170.291: Total time for which application threads were stopped: 0.0012180 seconds, Stopping threads took: 0.0000950 seconds
170.330: Application time: 0.0394240 seconds
170.330: [GC170.330: [ParNew: 16076K->550K(16640K), 0.0004440 secs] 27947K->12449K(55552K), 0.0004750 secs] [Times: user=0.00 sys=0.00, real=0.00 secs] 
170.331: Total time for which application threads were stopped: 0.0005910 seconds, Stopping threads took: 0.0000590 seconds
170.368: Application time: 0.0369280 seconds
170.368: [GC170.368: [ParNew: 14953K->1576K(16640K), 0.0008660 secs] 26853K->13987K(55552K), 0.0009020 secs] [Times: user=0.01 sys=0.00, real=0.01 secs] 
170.369: Total time for which application threads were stopped: 0.0010300 seconds, Stopping threads took: 0.0000670 seconds
170.407: Application time: 0.0379760 seconds
170.407: [GC170.407: [ParNew: 15990K->1032K(16640K), 0.0005290 secs] 28401K->13472K(55552K), 0.0005620 secs] [Times: user=0.01 sys=0.00, real=0.00 secs] 
170.407: Total time for which application threads were stopped: 0.0007130 seconds, Stopping threads took: 0.0000820 seconds
170.445: Application time: 0.0378110 seconds
170.445: [GC170.445: [ParNew: 15440K->1546K(16640K), 0.0006310 secs] 27879K->13986K(55552K), 0.0006650 secs] [Times: user=0.00 sys=0.00, real=0.00 secs] 
170.446: Total time for which application threads were stopped: 0.0008160 seconds, Stopping threads took: 0.0000910 seconds
170.486: Application time: 0.0400590 seconds
170.486: [GC170.486: [ParNew: 15956K->1546K(16640K), 0.0005810 secs] 28396K->13986K(55552K), 0.0006140 secs] [Times: user=0.00 sys=0.00, real=0.00 secs] 
170.487: Total time for which application threads were stopped: 0.0007520 seconds, Stopping threads took: 0.0000820 seconds
170.524: Application time: 0.0374380 seconds
170.524: [GC170.524: [ParNew: 15954K->1548K(16640K), 0.0007830 secs] 28394K->14500K(55552K), 0.0008180 secs] [Times: user=0.00 sys=0.00, real=0.00 secs] 
170.525: Total time for which application threads were stopped: 0.0009470 seconds, Stopping threads took: 0.0000690 seconds
170.566: Application time: 0.0406960 seconds
170.569: [GC170.569: [ParNew: 15962K->1546K(16640K), 0.0008260 secs] 28914K->14498K(55552K), 0.0008560 secs] [Times: user=0.01 sys=0.00, real=0.00 secs] 
170.570: Total time for which application threads were stopped: 0.0036180 seconds, Stopping threads took: 0.0027100 seconds
170.606: Application time: 0.0363430 seconds
170.606: [GC170.606: [ParNew: 15952K->1546K(16640K), 0.0011070 secs] 28904K->15522K(55552K), 0.0011430 secs] [Times: user=0.01 sys=0.00, real=0.00 secs] 
170.607: Total time for which application threads were stopped: 0.0012800 seconds, Stopping threads took: 0.0000740 seconds
170.648: Application time: 0.0404610 seconds
170.648: [GC170.648: [ParNew: 16040K->1578K(16640K), 0.0006920 secs] 30016K->15554K(55552K), 0.0007250 secs] [Times: user=0.01 sys=0.00, real=0.00 secs] 
170.649: Total time for which application threads were stopped: 0.0008790 seconds, Stopping threads took: 0.0000930 seconds
170.685: Application time: 0.0360290 seconds
170.685: [GC170.685: [ParNew: 15982K->1546K(16640K), 0.0012120 secs] 29958K->16574K(55552K), 0.0012510 secs] [Times: user=0.01 sys=0.00, real=0.00 secs] 
170.686: Total time for which application threads were stopped: 0.0013880 seconds, Stopping threads took: 0.0000690 seconds
170.727: Application time: 0.0408490 seconds
170.727: [GC170.727: [ParNew: 15964K->1034K(16640K), 0.0005230 secs] 30992K->16062K(55552K), 0.0005550 secs] [Times: user=0.00 sys=0.00, real=0.00 secs] 
170.727: Total time for which application threads were stopped: 0.0006820 seconds, Stopping threads took: 0.0000620 seconds
170.763: Application time: 0.0353530 seconds
170.763: [GC170.763: [ParNew: 15596K->1604K(16640K), 0.0011210 secs] 30625K->17656K(55552K), 0.0011630 secs] [Times: user=0.00 sys=0.00, real=0.00 secs] 
170.764: Total time for which application threads were stopped: 0.0013040 seconds, Stopping threads took: 0.0000760 seconds
170.802: Application time: 0.0379650 seconds
170.802: [GC170.802: [ParNew: 16018K->1544K(16640K), 0.0006910 secs] 32071K->17653K(55552K), 0.0007270 secs] [Times: user=0.01 sys=0.00, real=0.00 secs] 
170.803: Total time for which application threads were stopped: 0.0008670 seconds, Stopping threads took: 0.0000780 seconds
170.841: Application time: 0.0377760 seconds
170.841: [GC170.841: [ParNew: 15956K->1034K(16640K), 0.0005690 secs] 32065K->17143K(55552K), 0.0005990 secs] [Times: user=0.00 sys=0.00, real=0.00 secs] 
170.841: Total time for which application threads were stopped: 0.0007260 seconds, Stopping threads took: 0.0000710 seconds
170.878: Application time: 0.0364160 seconds
170.878: [GC170.878: [ParNew: 15437K->1546K(16640K), 0.0010470 secs] 31547K->18679K(55552K), 0.0010860 secs] [Times: user=0.01 sys=0.00, real=0.00 secs] 
170.879: Total time for which application threads were stopped: 0.0012140 seconds, Stopping threads took: 0.0000620 seconds
170.920: Application time: 0.0409290 seconds
170.920: [GC170.920: [ParNew: 16122K->1094K(16640K), 0.0005470 secs] 33256K->18227K(55552K), 0.0005790 secs] [Times: user=0.00 sys=0.00, real=0.01 secs] 
170.921: Total time for which application threads were stopped: 0.0007020 seconds, Stopping threads took: 0.0000610 seconds
170.955: Application time: 0.0342160 seconds
170.955: [GC170.955: [ParNew: 15496K->1550K(16640K), 0.0011970 secs] 32629K->20276K(55552K), 0.0012360 secs] [Times: user=0.00 sys=0.00, real=0.00 secs] 
170.956: Total time for which application threads were stopped: 0.0013690 seconds, Stopping threads took: 0.0000680 seconds
170.996: Application time: 0.0397770 seconds
170.996: [GC170.996: [ParNew: 16046K->1578K(16640K), 0.0006950 secs] 34773K->20304K(55552K), 0.0007300 secs] [Times: user=0.00 sys=0.00, real=0.00 secs] 
170.997: Total time for which application threads were stopped: 0.0008630 seconds, Stopping threads took: 0.0000710 seconds
171.035: Application time: 0.0384780 seconds
171.036: [GC171.036: [ParNew: 16068K->1578K(16640K), 0.0006700 secs] 34795K->20333K(55552K), 0.0007010 secs] [Times: user=0.01 sys=0.00, real=0.00 secs] 
171.036: Total time for which application threads were stopped: 0.0008250 seconds, Stopping threads took: 0.0000660 seconds
171.071: Application time: 0.0343170 seconds
171.071: [GC171.071: [ParNew: 16064K->1578K(16640K), 0.0008660 secs] 34819K->20873K(55552K), 0.0009010 secs] [Times: user=0.01 sys=0.00, real=0.00 secs] 
171.072: Total time for which application threads were stopped: 0.0010150 seconds, Stopping threads took: 0.0000560 seconds
171.107: Application time: 0.0356260 seconds
171.107: [GC171.107: [ParNew: 15990K->1544K(16640K), 0.0008000 secs] 35286K->20868K(55552K), 0.0008350 secs] [Times: user=0.00 sys=0.00, real=0.00 secs] 
171.108: Total time for which application threads were stopped: 0.0009610 seconds, Stopping threads took: 0.0000650 seconds
171.144: Application time: 0.0357010 seconds
171.144: [GC171.144: [ParNew: 15954K->1548K(16640K), 0.0006530 secs] 35278K->20872K(55552K), 0.0006840 secs] [Times: user=0.00 sys=0.00, real=0.00 secs] 
171.145: Total time for which application threads were stopped: 0.0008230 seconds, Stopping threads took: 0.0000820 seconds
171.179: Application time: 0.0342310 seconds
171.179: [GC171.179: [ParNew: 15958K->1546K(16640K), 0.0006730 secs] 35282K->20870K(55552K), 0.0007050 secs] [Times: user=0.00 sys=0.00, real=0.00 secs] 
171.180: Total time for which application threads were stopped: 0.0008290 seconds, Stopping threads took: 0.0000670 seconds
171.215: Application time: 0.0351850 seconds
171.215: [GC171.215: [ParNew: 15956K->1546K(16640K), 0.0006310 secs] 35280K->20870K(55552K), 0.0006740 secs] [Times: user=0.01 sys=0.00, real=0.00 secs] 
171.216: Total time for which application threads were stopped: 0.0007950 seconds, Stopping threads took: 0.0000630 seconds
171.250: Application time: 0.0343110 seconds
171.250: [GC171.250: [ParNew: 15958K->1034K(16640K), 0.0005540 secs] 35282K->20358K(55552K), 0.0005840 secs] [Times: user=0.00 sys=0.00, real=0.00 secs] 
171.251: Total time for which application threads were stopped: 0.0007320 seconds, Stopping threads took: 0.0000930 seconds
171.284: Application time: 0.0336710 seconds
171.285: [GC171.285: [ParNew: 15514K->1578K(16640K), 0.0011720 secs] 34838K->22438K(55552K), 0.0012090 secs] [Times: user=0.01 sys=0.00, real=0.00 secs] 
171.286: Total time for which application threads were stopped: 0.0013390 seconds, Stopping threads took: 0.0000650 seconds
171.323: Application time: 0.0369420 seconds
171.323: [GC171.323: [ParNew: 15996K->1034K(16640K), 0.0004920 secs] 36856K->21922K(55552K), 0.0005220 secs] [Times: user=0.01 sys=0.00, real=0.00 secs] 
171.323: Total time for which application threads were stopped: 0.0006360 seconds, Stopping threads took: 0.0000590 seconds
171.358: Application time: 0.0345410 seconds
171.358: [GC171.358: [ParNew: 15442K->1546K(16640K), 0.0006640 secs] 36330K->22434K(55552K), 0.0006960 secs] [Times: user=0.01 sys=0.00, real=0.00 secs] 
171.359: Total time for which application threads were stopped: 0.0008990 seconds, Stopping threads took: 0.0001430 seconds
171.394: Application time: 0.0348990 seconds
171.397: [GC171.397: [ParNew: 15956K->1546K(16640K), 0.0009400 secs] 36845K->22434K(55552K), 0.0010030 secs] [Times: user=0.01 sys=0.00, real=0.00 secs] 
171.398: Total time for which application threads were stopped: 0.0039460 seconds, Stopping threads took: 0.0028650 seconds
171.438: Application time: 0.0398710 seconds
171.438: [GC171.438: [ParNew: 16110K->1604K(16640K), 0.0011150 secs] 36999K->23517K(55552K), 0.0011480 secs] [Times: user=0.01 sys=0.00, real=0.00 secs] 
171.439: Total time for which application threads were stopped: 0.0012760 seconds, Stopping threads took: 0.0000620 seconds
171.474: Application time: 0.0348710 seconds
171.474: [GC171.474: [ParNew: 16020K->1034K(16640K), 0.0005290 secs] 37933K->23004K(55552K), 0.0005610 secs] [Times: user=0.00 sys=0.00, real=0.00 secs] 
171.474: Total time for which application threads were stopped: 0.0007550 seconds, Stopping threads took: 0.0001410 seconds
171.509: Application time: 0.0349550 seconds
171.510: [GC171.510: [ParNew: 15442K->1546K(16640K), 0.0006340 secs] 37411K->23516K(55552K), 0.0006670 secs] [Times: user=0.00 sys=0.00, real=0.00 secs] 
171.510: Total time for which application threads were stopped: 0.0007970 seconds, Stopping threads took: 0.0000710 seconds
171.547: Application time: 0.0369650 seconds
171.547: [GC171.547: [ParNew: 16038K->552K(16640K), 0.0003440 secs] 38008K->22522K(55552K), 0.0003730 secs] [Times: user=0.00 sys=0.00, real=0.00 secs] 
171.548: Total time for which application threads were stopped: 0.0004900 seconds, Stopping threads took: 0.0000670 seconds
171.579: Application time: 0.0317960 seconds
171.580: [GC171.580: [ParNew: 14955K->1576K(16640K), 0.0008300 secs] 36925K->24058K(55552K), 0.0008660 secs] [Times: user=0.01 sys=0.00, real=0.00 secs] 
171.580: Total time for which application threads were stopped: 0.0009920 seconds, Stopping threads took: 0.0000640 seconds
171.618: Application time: 0.0370370 seconds
171.618: [GC171.618: [ParNew: 16068K->1580K(16640K), 0.0006920 secs] 38550K->24090K(55552K), 0.0007230 secs] [Times: user=0.01 sys=0.00, real=0.00 secs] 
171.618: Total time for which application threads were stopped: 0.0008550 seconds, Stopping threads took: 0.0000710 seconds
171.652: Application time: 0.0333150 seconds
171.652: [GC171.652: [ParNew: 15988K->1548K(16640K), 0.0008180 secs] 38498K->24599K(55552K), 0.0008520 secs] [Times: user=0.00 sys=0.00, real=0.00 secs] 
171.653: Total time for which application threads were stopped: 0.0009810 seconds, Stopping threads took: 0.0000690 seconds
171.689: Application time: 0.0364970 seconds
171.689: [GC171.689: [ParNew: 16090K->602K(16640K), 0.0004810 secs] 39141K->23653K(55552K), 0.0005190 secs] [Times: user=0.00 sys=0.00, real=0.00 secs] 
171.690: Total time for which application threads were stopped: 0.0006870 seconds, Stopping threads took: 0.0001150 seconds
171.725: Application time: 0.0354390 seconds
171.725: [GC171.725: [ParNew: 15042K->1096K(16640K), 0.0004840 secs] 38093K->24147K(55552K), 0.0005150 secs] [Times: user=0.00 sys=0.00, real=0.00 secs] 
171.726: Total time for which application threads were stopped: 0.0006390 seconds, Stopping threads took: 0.0000700 seconds
171.760: Application time: 0.0337120 seconds
171.760: [GC171.760: [ParNew: 15580K->1576K(16640K), 0.0008250 secs] 38631K->25196K(55552K), 0.0008580 secs] [Times: user=0.01 sys=0.00, real=0.01 secs] 
171.761: Total time for which application threads were stopped: 0.0009800 seconds, Stopping threads took: 0.0000630 seconds
171.797: Application time: 0.0364350 seconds
171.797: [GC171.797: [ParNew: 15992K->522K(16640K), 0.0005090 secs] 39612K->24170K(55552K), 0.0005350 secs] [Times: user=0.00 sys=0.00, real=0.00 secs] 
171.798: Total time for which application threads were stopped: 0.0007350 seconds, Stopping threads took: 0.0001490 seconds
171.831: Application time: 0.0335060 seconds
171.831: [GC171.831: [ParNew: 14925K->1546K(16640K), 0.0008310 secs] 38574K->25706K(55552K), 0.0008630 secs] [Times: user=0.00 sys=0.00, real=0.00 secs] 
171.832: Total time for which application threads were stopped: 0.0009910 seconds, Stopping threads took: 0.0000680 seconds
171.868: Application time: 0.0357540 seconds
171.868: [GC171.868: [ParNew: 15960K->1034K(16640K), 0.0004740 secs] 40120K->25194K(55552K), 0.0005040 secs] [Times: user=0.00 sys=0.00, real=0.01 secs] 
171.869: Total time for which application threads were stopped: 0.0006570 seconds, Stopping threads took: 0.0001010 seconds
171.902: Application time: 0.0335090 seconds
171.902: [GC171.902: [ParNew: 15440K->1546K(16640K), 0.0008050 secs] 39600K->26218K(55552K), 0.0008450 secs] [Times: user=0.01 sys=0.00, real=0.00 secs] 
171.903: Total time for which application threads were stopped: 0.0009700 seconds, Stopping threads took: 0.0000620 seconds
171.940: Application time: 0.0366700 seconds
171.940: [GC171.940: [ParNew: 16038K->1064K(16640K), 0.0005180 secs] 40711K->25736K(55552K), 0.0005490 secs] [Times: user=0.00 sys=0.00, real=0.01 secs] 
171.941: Total time for which application threads were stopped: 0.0007070 seconds, Stopping threads took: 0.0000950 seconds
171.974: Application time: 0.0333630 seconds
171.974: [GC171.974: [ParNew: 15472K->1546K(16640K), 0.0008750 secs] 40144K->26759K(55552K), 0.0009090 secs] [Times: user=0.01 sys=0.00, real=0.00 secs] 
171.975: Total time for which application threads were stopped: 0.0010260 seconds, Stopping threads took: 0.0000600 seconds
172.010: Application time: 0.0351990 seconds
172.010: [GC172.010: [ParNew: 15960K->1034K(16640K), 0.0005240 secs] 41173K->26247K(55552K), 0.0005550 secs] [Times: user=0.00 sys=0.00, real=0.00 secs] 
172.011: Total time for which application threads were stopped: 0.0007910 seconds, Stopping threads took: 0.0001820 seconds
172.045: Application time: 0.0345210 seconds
172.046: [GC172.046: [ParNew: 15437K->1548K(16640K), 0.0010460 secs] 40651K->27785K(55552K), 0.0010790 secs] [Times: user=0.01 sys=0.00, real=0.00 secs] 
172.047: Total time for which application threads were stopped: 0.0012060 seconds, Stopping threads took: 0.0000670 seconds
172.083: Application time: 0.0366960 seconds
172.083: [GC172.084: [ParNew: 16042K->1576K(16640K), 0.0006870 secs] 42279K->27813K(55552K), 0.0007160 secs] [Times: user=0.01 sys=0.00, real=0.00 secs] 
172.084: Total time for which application threads were stopped: 0.0008240 seconds, Stopping threads took: 0.0000530 seconds
172.117: Application time: 0.0325630 seconds
172.117: [GC172.117: [ParNew: 16064K->1578K(16640K), 0.0009040 secs] 42301K->28355K(55552K), 0.0009340 secs] [Times: user=0.00 sys=0.00, real=0.00 secs] 
172.118: Total time for which application threads were stopped: 0.0011690 seconds, Stopping threads took: 0.0001750 seconds
172.155: Application time: 0.0366420 seconds
172.155: [GC172.155: [ParNew: 15990K->1544K(16640K), 0.0007520 secs] 42767K->28350K(55552K), 0.0007900 secs] [Times: user=0.00 sys=0.00, real=0.00 secs] 
172.156: Total time for which application threads were stopped: 0.0010780 seconds, Stopping threads took: 0.0002300 seconds
172.190: Application time: 0.0339320 seconds
172.190: [GC172.190: [ParNew: 16030K->1578K(16640K), 0.0008250 secs] 42836K->28896K(55552K), 0.0008580 secs] [Times: user=0.00 sys=0.00, real=0.00 secs] 
172.191: Total time for which application threads were stopped: 0.0009830 seconds, Stopping threads took: 0.0000630 seconds
172.225: Application time: 0.0343570 seconds
172.225: [GC172.225: [ParNew: 15988K->1548K(16640K), 0.0008260 secs] 43306K->29406K(55552K), 0.0008590 secs] [Times: user=0.00 sys=0.00, real=0.00 secs] 
172.226: Total time for which application threads were stopped: 0.0010030 seconds, Stopping threads took: 0.0000870 seconds
172.263: Application time: 0.0366490 seconds
172.263: [GC172.263: [ParNew: 15962K->1034K(16640K), 0.0005120 secs] 43821K->28892K(55552K), 0.0005430 secs] [Times: user=0.00 sys=0.00, real=0.00 secs] 
172.263: Total time for which application threads were stopped: 0.0007530 seconds, Stopping threads took: 0.0001540 seconds
172.297: Application time: 0.0334240 seconds
172.297: [GC172.297: [ParNew: 15520K->1578K(16640K), 0.0008240 secs] 43379K->29948K(55552K), 0.0008600 secs] [Times: user=0.00 sys=0.00, real=0.00 secs] 
172.298: Total time for which application threads were stopped: 0.0009860 seconds, Stopping threads took: 0.0000640 seconds
172.332: Application time: 0.0345920 seconds
172.332: [GC172.333: [ParNew: 15988K->1548K(16640K), 0.0008480 secs] 44359K->30459K(55552K), 0.0008830 secs] [Times: user=0.00 sys=0.00, real=0.00 secs] 
172.333: Total time for which application threads were stopped: 0.0010110 seconds, Stopping threads took: 0.0000690 seconds
172.369: Application time: 0.0353100 seconds
172.369: [GC172.369: [ParNew: 16116K->1606K(16640K), 0.0006410 secs] 45027K->30517K(55552K), 0.0006720 secs] [Times: user=0.00 sys=0.00, real=0.00 secs] 
172.370: Total time for which application threads were stopped: 0.0008030 seconds, Stopping threads took: 0.0000760 seconds
172.404: Application time: 0.0343630 seconds
172.404: [GC172.404: [ParNew: 16016K->1546K(16640K), 0.0007120 secs] 44927K->30514K(55552K), 0.0007440 secs] [Times: user=0.00 sys=0.00, real=0.00 secs] 
172.405: Total time for which application threads were stopped: 0.0008680 seconds, Stopping threads took: 0.0000660 seconds
172.441: Application time: 0.0357810 seconds
172.441: [GC172.441: [ParNew: 16038K->1062K(16640K), 0.0005790 secs] 45006K->30030K(55552K), 0.0006100 secs] [Times: user=0.00 sys=0.00, real=0.00 secs] 
172.441: Total time for which application threads were stopped: 0.0008650 seconds, Stopping threads took: 0.0001930 seconds
172.476: Application time: 0.0341540 seconds
172.476: [GC172.476: [ParNew: 15468K->1548K(16640K), 0.0009390 secs] 44436K->31056K(55552K), 0.0009830 secs] [Times: user=0.01 sys=0.00, real=0.00 secs] 
172.477: Total time for which application threads were stopped: 0.0011110 seconds, Stopping threads took: 0.0000630 seconds
172.511: Application time: 0.0345650 seconds
172.511: [GC172.511: [ParNew: 15958K->1548K(16640K), 0.0008720 secs] 45467K->31568K(55552K), 0.0009040 secs] [Times: user=0.01 sys=0.00, real=0.00 secs] 
172.512: Total time for which application threads were stopped: 0.0010320 seconds, Stopping threads took: 0.0000680 seconds
172.548: Application time: 0.0361140 seconds
172.548: [GC172.548: [ParNew: 16044K->554K(16640K), 0.0004410 secs] 46065K->30575K(55552K), 0.0004700 secs] [Times: user=0.01 sys=0.00, real=0.01 secs] 
172.549: Total time for which application threads were stopped: 0.0005830 seconds, Stopping threads took: 0.0000600 seconds
172.583: Application time: 0.0341640 seconds
172.583: [GC172.583: [ParNew: 14957K->1576K(16640K), 0.0008670 secs] 44978K->32109K(55552K), 0.0009100 secs] [Times: user=0.00 sys=0.00, real=0.00 secs] 
172.584: Total time for which application threads were stopped: 0.0010450 seconds, Stopping threads took: 0.0000730 seconds
172.620: Application time: 0.0356730 seconds
172.620: [GC172.620: [ParNew: 15990K->1034K(16640K), 0.0005420 secs] 46523K->31595K(55552K), 0.0005690 secs] [Times: user=0.00 sys=0.00, real=0.01 secs] 
172.621: Total time for which application threads were stopped: 0.0007170 seconds, Stopping threads took: 0.0000960 seconds
172.654: Application time: 0.0336770 seconds
172.654: [GC172.654: [ParNew: 15440K->1546K(16640K), 0.0007940 secs] 46001K->32619K(55552K), 0.0008270 secs] [Times: user=0.00 sys=0.00, real=0.00 secs] 
172.655: Total time for which application threads were stopped: 0.0009600 seconds, Stopping threads took: 0.0000710 seconds
172.693: Application time: 0.0375560 seconds
172.693: [GC172.693: [ParNew: 15962K->520K(16640K), 0.0003960 secs] 47035K->31593K(55552K), 0.0004240 secs] [Times: user=0.01 sys=0.00, real=0.00 secs] 
172.693: Total time for which application threads were stopped: 0.0005260 seconds, Stopping threads took: 0.0000520 seconds
172.728: Application time: 0.0344270 seconds
172.728: [GC172.728: [ParNew: 15004K->1578K(16640K), 0.0007190 secs] 46077K->32651K(55552K), 0.0007510 secs] [Times: user=0.01 sys=0.00, real=0.01 secs] 
172.729: Total time for which application threads were stopped: 0.0008750 seconds, Stopping threads took: 0.0000670 seconds
172.762: Application time: 0.0331960 seconds
172.762: [GC172.762: [ParNew: 16066K->1576K(16640K), 0.0008230 secs] 47139K->33190K(55552K), 0.0008550 secs] [Times: user=0.01 sys=0.00, real=0.00 secs] 
172.763: Total time for which application threads were stopped: 0.0009810 seconds, Stopping threads took: 0.0000680 seconds
172.800: Application time: 0.0369400 seconds
172.800: [GC172.800: [ParNew: 15988K->1548K(16640K), 0.0007470 secs] 47602K->33190K(55552K), 0.0007820 secs] [Times: user=0.00 sys=0.00, real=0.01 secs] 
172.801: Total time for which application threads were stopped: 0.0009060 seconds, Stopping threads took: 0.0000670 seconds
172.835: Application time: 0.0339400 seconds
172.835: [GC172.835: [ParNew: 16036K->1578K(16640K), 0.0008960 secs] 47679K->33732K(55552K), 0.0009300 secs] [Times: user=0.00 sys=0.00, real=0.00 secs] 
172.836: Total time for which application threads were stopped: 0.0010520 seconds, Stopping threads took: 0.0000640 seconds
172.871: Application time: 0.0354400 seconds
172.871: [GC172.871: [ParNew: 15992K->1036K(16640K), 0.0004950 secs] 48146K->33219K(55552K), 0.0005230 secs] [Times: user=0.01 sys=0.00, real=0.00 secs] 
172.872: Total time for which application threads were stopped: 0.0006480 seconds, Stopping threads took: 0.0000710 seconds
172.905: Application time: 0.0337400 seconds
172.906: [GC172.906: [ParNew: 15439K->1548K(16640K), 0.0009980 secs] 47622K->34755K(55552K), 0.0010350 secs] [Times: user=0.01 sys=0.00, real=0.00 secs] 
172.907: Total time for which application threads were stopped: 0.0011690 seconds, Stopping threads took: 0.0000730 seconds
172.944: Application time: 0.0374620 seconds
172.944: [GC172.944: [ParNew: 16044K->1066K(16640K), 0.0005020 secs] 49251K->34273K(55552K), 0.0005330 secs] [Times: user=0.01 sys=0.00, real=0.00 secs] 
172.945: Total time for which application threads were stopped: 0.0006530 seconds, Stopping threads took: 0.0000580 seconds
172.978: Application time: 0.0334090 seconds
172.978: [GC172.978: [ParNew: 15474K->1548K(16640K), 0.0007450 secs] 48681K->34783K(55552K), 0.0007740 secs] [Times: user=0.00 sys=0.00, real=0.00 secs] 
172.979: Total time for which application threads were stopped: 0.0008950 seconds, Stopping threads took: 0.0000660 seconds
173.013: Application time: 0.0340470 seconds
173.013: [GC173.013: [ParNew: 16114K->1604K(16640K), 0.0009070 secs] 49350K->35351K(55552K), 0.0009400 secs] [Times: user=0.00 sys=0.00, real=0.00 secs] 
173.014: Total time for which application threads were stopped: 0.0010580 seconds, Stopping threads took: 0.0000570 seconds
173.050: Application time: 0.0362760 seconds
173.051: [GC173.051: [ParNew: 16016K->1548K(16640K), 0.0006660 secs] 49763K->35352K(55552K), 0.0007050 secs] [Times: user=0.01 sys=0.00, real=0.00 secs] 
173.051: Total time for which application threads were stopped: 0.0008280 seconds, Stopping threads took: 0.0000670 seconds
173.085: Application time: 0.0335860 seconds
173.085: [GC173.085: [ParNew: 15954K->1548K(16640K), 0.0010730 secs] 49758K->36376K(55552K), 0.0011100 secs] [Times: user=0.00 sys=0.00, real=0.00 secs] 
173.086: Total time for which application threads were stopped: 0.0012360 seconds, Stopping threads took: 0.0000630 seconds
173.122: Application time: 0.0357730 seconds
173.122: [GC173.122: [ParNew: 16040K->1578K(16640K), 0.0008250 secs] 50869K->36918K(55552K), 0.0008570 secs] [Times: user=0.01 sys=0.00, real=0.00 secs] 
173.123: Total time for which application threads were stopped: 0.0010020 seconds, Stopping threads took: 0.0000830 seconds
173.158: Application time: 0.0346660 seconds
173.158: [GC173.158: [ParNew: 15988K->1550K(16640K), 0.0008210 secs] 51328K->37431K(55552K), 0.0008540 secs] [Times: user=0.00 sys=0.00, real=0.00 secs] 
173.159: Total time for which application threads were stopped: 0.0009900 seconds, Stopping threads took: 0.0000750 seconds
173.161: Application time: 0.0020410 seconds
173.161: [GC [1 CMS-initial-mark: 35881K(38912K)] 37959K(55552K), 0.0001170 secs] [Times: user=0.00 sys=0.00, real=0.00 secs] 
173.161: Total time for which application threads were stopped: 0.0002880 seconds, Stopping threads took: 0.0001500 seconds
173.161: [CMS-concurrent-mark-start]
173.164: [CMS-concurrent-mark: 0.003/0.003 secs] [Times: user=0.01 sys=0.00, real=0.00 secs] 
173.164: [CMS-concurrent-preclean-start]
173.164: [CMS-concurrent-preclean: 0.000/0.000 secs] [Times: user=0.00 sys=0.00, real=0.00 secs] 
173.164: [CMS-concurrent-abortable-preclean-start]
173.195: Application time: 0.0344930 seconds
173.196: [GC173.196: [ParNew: 15958K->1546K(16640K), 0.0008710 secs] 51839K->37939K(55552K), 0.0009050 secs] [Times: user=0.01 sys=0.00, real=0.00 secs] 
173.196: Total time for which application threads were stopped: 0.0010970 seconds, Stopping threads took: 0.0001310 seconds
173.232: Application time: 0.0357880 seconds
173.232: [GC173.232: [ParNew: 16042K->1064K(16640K), 0.0005010 secs] 52435K->37457K(55552K), 0.0005310 secs] [Times: user=0.00 sys=0.00, real=0.00 secs] 
173.233: Total time for which application threads were stopped: 0.0006570 seconds, Stopping threads took: 0.0000680 seconds
173.266: Application time: 0.0331180 seconds
173.266: [GC173.266: [ParNew: 15466K->1546K(16640K), 0.0010240 secs] 51859K->38991K(55552K), 0.0010570 secs] [Times: user=0.01 sys=0.00, real=0.00 secs] 
173.267: Total time for which application threads were stopped: 0.0012410 seconds, Stopping threads took: 0.0001230 seconds
173.302: Application time: 0.0346250 seconds
173.302: [GC173.302: [ParNew: 15958K->1548K(16640K), 0.0009930 secs] 53404K->40017K(55552K), 0.0010290 secs] [Times: user=0.01 sys=0.00, real=0.00 secs] 
173.303: Total time for which application threads were stopped: 0.0011580 seconds, Stopping threads took: 0.0000670 seconds
173.303: [CMS-concurrent-abortable-preclean: 0.001/0.139 secs] [Times: user=1.10 sys=0.00, real=0.14 secs] 
173.303: Application time: 0.0000960 seconds
173.305: [GC[YG occupancy: 2060 K (16640 K)]173.305: [Rescan (parallel) , 0.0002710 secs]173.305: [weak refs processing, 0.0000060 secs]173.305: [scrub string table, 0.0000760 secs] [1 CMS-remark: 38469K(38912K)] 40529K(55552K), 0.0003750 secs] [Times: user=0.00 sys=0.00, real=0.00 secs] 
173.305: Total time for which application threads were stopped: 0.0018650 seconds, Stopping threads took: 0.0014610 seconds
173.305: [CMS-concurrent-sweep-start]
173.306: [CMS-concurrent-sweep: 0.001/0.001 secs] [Times: user=0.00 sys=0.00, real=0.00 secs] 
173.306: [CMS-concurrent-reset-start]
173.306: [CMS-concurrent-reset: 0.000/0.000 secs] [Times: user=0.00 sys=0.00, real=0.00 secs] 
173.343: Application time: 0.0375890 seconds
173.343: [GC173.343: [ParNew: 15962K->1546K(16640K), 0.0006450 secs] 24109K->9693K(55552K), 0.0006760 secs] [Times: user=0.01 sys=0.00, real=0.00 secs] 
173.344: Total time for which application threads were stopped: 0.0009510 seconds, Stopping threads took: 0.0002180 seconds
173.378: Application time: 0.0348640 seconds
173.379: [GC173.379: [ParNew: 16032K->1576K(16640K), 0.0008680 secs] 24179K->10235K(55552K), 0.0009000 secs] [Times: user=0.00 sys=0.00, real=0.00 secs] 
173.379: Total time for which application threads were stopped: 0.0010140 seconds, Stopping threads took: 0.0000570 seconds
173.415: Application time: 0.0353290 seconds
173.415: [GC173.415: [ParNew: 16068K->1576K(16640K), 0.0007690 secs] 24727K->10263K(55552K), 0.0008010 secs] [Times: user=0.01 sys=0.00, real=0.00 secs] 
173.416: Total time for which application threads were stopped: 0.0009380 seconds, Stopping threads took: 0.0000790 seconds
173.449: Application time: 0.0336120 seconds
173.449: [GC173.449: [ParNew: 15984K->1550K(16640K), 0.0008610 secs] 24671K->10778K(55552K), 0.0008970 secs] [Times: user=0.00 sys=0.00, real=0.00 secs] 
173.450: Total time for which application threads were stopped: 0.0010260 seconds, Stopping threads took: 0.0000580 seconds
173.487: Application time: 0.0362900 seconds
173.489: [GC173.489: [ParNew: 16040K->1578K(16640K), 0.0006540 secs] 25268K->10806K(55552K), 0.0006860 secs] [Times: user=0.00 sys=0.00, real=0.00 secs] 
173.489: Total time for which application threads were stopped: 0.0028390 seconds, Stopping threads took: 0.0020730 seconds
173.525: Application time: 0.0351000 seconds
173.525: [GC173.525: [ParNew: 15990K->1546K(16640K), 0.0007490 secs] 25218K->10802K(55552K), 0.0007820 secs] [Times: user=0.01 sys=0.00, real=0.00 secs] 
173.526: Total time for which application threads were stopped: 0.0009320 seconds, Stopping threads took: 0.0000960 seconds
173.559: Application time: 0.0335580 seconds
173.559: [GC173.559: [ParNew: 15954K->1546K(16640K), 0.0008620 secs] 25210K->11314K(55552K), 0.0008980 secs] [Times: user=0.00 sys=0.00, real=0.00 secs] 
173.560: Total time for which application threads were stopped: 0.0010180 seconds, Stopping threads took: 0.0000590 seconds
173.598: Application time: 0.0376960 seconds
173.598: [GC173.598: [ParNew: 15958K->1544K(16640K), 0.0006640 secs] 25726K->11312K(55552K), 0.0006960 secs] [Times: user=0.01 sys=0.00, real=0.00 secs] 
173.599: Total time for which application threads were stopped: 0.0008090 seconds, Stopping threads took: 0.0000590 seconds
173.633: Application time: 0.0343110 seconds
173.633: [GC173.633: [ParNew: 16030K->1578K(16640K), 0.0008260 secs] 25798K->11858K(55552K), 0.0008600 secs] [Times: user=0.01 sys=0.00, real=0.00 secs] 
173.634: Total time for which application threads were stopped: 0.0009750 seconds, Stopping threads took: 0.0000560 seconds
173.668: Application time: 0.0341650 seconds
173.668: [GC173.668: [ParNew: 15988K->1548K(16640K), 0.0008190 secs] 26268K->12369K(55552K), 0.0008550 secs] [Times: user=0.00 sys=0.00, real=0.01 secs] 
173.669: Total time for which application threads were stopped: 0.0010020 seconds, Stopping threads took: 0.0000860 seconds
173.704: Application time: 0.0354180 seconds
173.705: [GC173.705: [ParNew: 16118K->1606K(16640K), 0.0007420 secs] 26940K->12427K(55552K), 0.0007750 secs] [Times: user=0.00 sys=0.00, real=0.00 secs] 
173.705: Total time for which application threads were stopped: 0.0009430 seconds, Stopping threads took: 0.0001080 seconds
173.741: Application time: 0.0358410 seconds
173.741: [GC173.741: [ParNew: 16016K->1546K(16640K), 0.0006830 secs] 26837K->12424K(55552K), 0.0007160 secs] [Times: user=0.00 sys=0.00, real=0.00 secs] 
173.742: Total time for which application threads were stopped: 0.0008340 seconds, Stopping threads took: 0.0000570 seconds
173.776: Application time: 0.0337660 seconds
173.776: [GC173.776: [ParNew: 15954K->1546K(16640K), 0.0008190 secs] 26832K->12936K(55552K), 0.0008540 secs] [Times: user=0.01 sys=0.00, real=0.00 secs] 
173.777: Total time for which application threads were stopped: 0.0009710 seconds, Stopping threads took: 0.0000620 seconds
173.814: Application time: 0.0372830 seconds
173.814: [GC173.814: [ParNew: 16042K->554K(16640K), 0.0003520 secs] 27432K->11944K(55552K), 0.0003900 secs] [Times: user=0.01 sys=0.00, real=0.00 secs] 
173.815: Total time for which application threads were stopped: 0.0005190 seconds, Stopping threads took: 0.0000770 seconds
173.846: Application time: 0.0313400 seconds
173.846: [GC173.846: [ParNew: 14955K->1580K(16640K), 0.0011080 secs] 26346K->13994K(55552K), 0.0011440 secs] [Times: user=0.00 sys=0.00, real=0.00 secs] 
173.847: Total time for which application threads were stopped: 0.0012770 seconds, Stopping threads took: 0.0000690 seconds
173.885: Application time: 0.0375400 seconds
173.885: [GC173.885: [ParNew: 16078K->554K(16640K), 0.0003340 secs] 28493K->12996K(55552K), 0.0003630 secs] [Times: user=0.01 sys=0.00, real=0.00 secs] 
173.885: Total time for which application threads were stopped: 0.0004770 seconds, Stopping threads took: 0.0000610 seconds
173.917: Application time: 0.0316020 seconds
173.917: [GC173.917: [ParNew: 14955K->1578K(16640K), 0.0010270 secs] 27398K->15044K(55552K), 0.0010610 secs] [Times: user=0.00 sys=0.00, real=0.00 secs] 
173.918: Total time for which application threads were stopped: 0.0011930 seconds, Stopping threads took: 0.0000700 seconds
173.954: Application time: 0.0363220 seconds
173.955: [GC173.955: [ParNew: 15992K->1544K(16640K), 0.0007220 secs] 29459K->15039K(55552K), 0.0007540 secs] [Times: user=0.01 sys=0.00, real=0.00 secs] 
173.955: Total time for which application threads were stopped: 0.0008790 seconds, Stopping threads took: 0.0000590 seconds
173.990: Application time: 0.0347630 seconds
173.990: [GC173.990: [ParNew: 15952K->1548K(16640K), 0.0008350 secs] 29447K->15555K(55552K), 0.0008690 secs] [Times: user=0.01 sys=0.00, real=0.00 secs] 
173.991: Total time for which application threads were stopped: 0.0009890 seconds, Stopping threads took: 0.0000600 seconds
174.026: Application time: 0.0344650 seconds
174.026: [GC174.026: [ParNew: 16116K->1606K(16640K), 0.0008830 secs] 30124K->16125K(55552K), 0.0009190 secs] [Times: user=0.01 sys=0.00, real=0.00 secs] 
174.027: Total time for which application threads were stopped: 0.0010640 seconds, Stopping threads took: 0.0000870 seconds
174.063: Application time: 0.0363880 seconds
174.063: [GC174.063: [ParNew: 16022K->522K(16640K), 0.0003680 secs] 30541K->15098K(55552K), 0.0003980 secs] [Times: user=0.00 sys=0.00, real=0.00 secs] 
174.063: Total time for which application threads were stopped: 0.0005030 seconds, Stopping threads took: 0.0000530 seconds
174.096: Application time: 0.0327450 seconds
174.096: [GC174.096: [ParNew: 14925K->1548K(16640K), 0.0008040 secs] 29502K->16636K(55552K), 0.0008400 secs] [Times: user=0.01 sys=0.00, real=0.00 secs] 
174.097: Total time for which application threads were stopped: 0.0009680 seconds, Stopping threads took: 0.0000660 seconds
174.134: Application time: 0.0364840 seconds
174.134: [GC174.134: [ParNew: 16040K->552K(16640K), 0.0003470 secs] 31129K->15640K(55552K), 0.0003730 secs] [Times: user=0.00 sys=0.00, real=0.00 secs] 
174.134: Total time for which application threads were stopped: 0.0005190 seconds, Stopping threads took: 0.0000980 seconds
174.169: Application time: 0.0349510 seconds
174.169: [GC174.169: [ParNew: 14964K->550K(16640K), 0.0004230 secs] 30052K->15638K(55552K), 0.0004500 secs] [Times: user=0.00 sys=0.00, real=0.00 secs] 
174.170: Total time for which application threads were stopped: 0.0006260 seconds, Stopping threads took: 0.0001220 seconds
174.203: Application time: 0.0336560 seconds
174.204: [GC174.204: [ParNew: 14953K->1576K(16640K), 0.0008810 secs] 30042K->17176K(55552K), 0.0009140 secs] [Times: user=0.01 sys=0.00, real=0.00 secs] 
174.204: Total time for which application threads were stopped: 0.0010380 seconds, Stopping threads took: 0.0000640 seconds
174.241: Application time: 0.0364500 seconds
174.241: [GC174.241: [ParNew: 15990K->1546K(16640K), 0.0007040 secs] 31590K->17175K(55552K), 0.0007370 secs] [Times: user=0.00 sys=0.00, real=0.00 secs] 
174.242: Total time for which application threads were stopped: 0.0008620 seconds, Stopping threads took: 0.0000550 seconds
174.277: Application time: 0.0349060 seconds
174.277: [GC174.277: [ParNew: 15958K->1032K(16640K), 0.0004840 secs] 31587K->16661K(55552K), 0.0005190 secs] [Times: user=0.00 sys=0.00, real=0.00 secs] 
174.277: Total time for which application threads were stopped: 0.0007570 seconds, Stopping threads took: 0.0001840 seconds
174.312: Application time: 0.0345920 seconds
174.312: [GC174.312: [ParNew: 15516K->1576K(16640K), 0.0008450 secs] 31145K->17717K(55552K), 0.0008820 secs] [Times: user=0.01 sys=0.00, real=0.00 secs] 
174.313: Total time for which application threads were stopped: 0.0010070 seconds, Stopping threads took: 0.0000650 seconds
174.349: Application time: 0.0356600 seconds
174.349: [GC174.349: [ParNew: 16070K->1068K(16640K), 0.0005190 secs] 32211K->17237K(55552K), 0.0005500 secs] [Times: user=0.00 sys=0.00, real=0.00 secs] 
174.349: Total time for which application threads were stopped: 0.0006720 seconds, Stopping threads took: 0.0000680 seconds
174.384: Application time: 0.0345150 seconds
174.384: [GC174.384: [ParNew: 15556K->1580K(16640K), 0.0007540 secs] 31725K->17778K(55552K), 0.0007900 secs] [Times: user=0.01 sys=0.00, real=0.00 secs] 
174.385: Total time for which application threads were stopped: 0.0009140 seconds, Stopping threads took: 0.0000670 seconds
174.419: Application time: 0.0340800 seconds
174.419: [GC174.419: [ParNew: 15988K->1548K(16640K), 0.0009150 secs] 32186K->18286K(55552K), 0.0009530 secs] [Times: user=0.00 sys=0.00, real=0.00 secs] 
174.420: Total time for which application threads were stopped: 0.0010770 seconds, Stopping threads took: 0.0000630 seconds
174.455: Application time: 0.0354440 seconds
174.456: [GC174.456: [ParNew: 16040K->1066K(16640K), 0.0004990 secs] 32778K->17804K(55552K), 0.0005310 secs] [Times: user=0.00 sys=0.00, real=0.00 secs] 
174.456: Total time for which application threads were stopped: 0.0006640 seconds, Stopping threads took: 0.0000670 seconds
174.490: Application time: 0.0336200 seconds
174.490: [GC174.490: [ParNew: 15550K->1578K(16640K), 0.0008430 secs] 32288K->18857K(55552K), 0.0008760 secs] [Times: user=0.00 sys=0.00, real=0.00 secs] 
174.491: Total time for which application threads were stopped: 0.0009980 seconds, Stopping threads took: 0.0000620 seconds
174.528: Application time: 0.0372710 seconds
174.528: [GC174.528: [ParNew: 15992K->1036K(16640K), 0.0005280 secs] 33271K->18343K(55552K), 0.0005590 secs] [Times: user=0.00 sys=0.00, real=0.01 secs] 
174.529: Total time for which application threads were stopped: 0.0006730 seconds, Stopping threads took: 0.0000590 seconds
174.560: Application time: 0.0313150 seconds
174.560: [GC174.560: [ParNew: 15437K->1552K(16640K), 0.0011910 secs] 32745K->20395K(55552K), 0.0012290 secs] [Times: user=0.01 sys=0.00, real=0.01 secs] 
174.561: Total time for which application threads were stopped: 0.0013640 seconds, Stopping threads took: 0.0000710 seconds
174.599: Application time: 0.0376050 seconds
174.599: [GC174.599: [ParNew: 15968K->1546K(16640K), 0.0007450 secs] 34812K->20389K(55552K), 0.0007770 secs] [Times: user=0.00 sys=0.00, real=0.00 secs] 
174.600: Total time for which application threads were stopped: 0.0008940 seconds, Stopping threads took: 0.0000600 seconds
174.636: Application time: 0.0363870 seconds
174.636: [GC174.636: [ParNew: 15958K->1032K(16640K), 0.0005190 secs] 34801K->19875K(55552K), 0.0005480 secs] [Times: user=0.01 sys=0.00, real=0.00 secs] 
174.637: Total time for which application threads were stopped: 0.0006600 seconds, Stopping threads took: 0.0000600 seconds
174.672: Application time: 0.0353620 seconds
174.672: [GC174.672: [ParNew: 15600K->1094K(16640K), 0.0005530 secs] 34444K->19937K(55552K), 0.0005850 secs] [Times: user=0.00 sys=0.00, real=0.00 secs] 
174.673: Total time for which application threads were stopped: 0.0007080 seconds, Stopping threads took: 0.0000670 seconds
174.708: Application time: 0.0350310 seconds
174.708: [GC174.708: [ParNew: 15500K->1548K(16640K), 0.0008760 secs] 34343K->20960K(55552K), 0.0009210 secs] [Times: user=0.00 sys=0.00, real=0.01 secs] 
174.709: Total time for which application threads were stopped: 0.0010460 seconds, Stopping threads took: 0.0000620 seconds
174.744: Application time: 0.0350570 seconds
174.744: [GC174.744: [ParNew: 15960K->1546K(16640K), 0.0006390 secs] 35372K->20958K(55552K), 0.0006710 secs] [Times: user=0.01 sys=0.00, real=0.00 secs] 
174.745: Total time for which application threads were stopped: 0.0009090 seconds, Stopping threads took: 0.0001810 seconds
174.780: Application time: 0.0348060 seconds
174.781: [GC174.781: [ParNew: 15956K->1544K(16640K), 0.0006560 secs] 35368K->20956K(55552K), 0.0006890 secs] [Times: user=0.01 sys=0.00, real=0.00 secs] 
174.781: Total time for which application threads were stopped: 0.0015080 seconds, Stopping threads took: 0.0007640 seconds
174.816: Application time: 0.0347830 seconds
174.816: [GC174.816: [ParNew: 16032K->1580K(16640K), 0.0007210 secs] 35445K->20992K(55552K), 0.0007560 secs] [Times: user=0.00 sys=0.00, real=0.00 secs] 
174.817: Total time for which application threads were stopped: 0.0009130 seconds, Stopping threads took: 0.0000960 seconds
174.851: Application time: 0.0338850 seconds
174.851: [GC174.851: [ParNew: 15986K->1548K(16640K), 0.0010040 secs] 35398K->22013K(55552K), 0.0010390 secs] [Times: user=0.00 sys=0.00, real=0.00 secs] 
174.852: Total time for which application threads were stopped: 0.0011850 seconds, Stopping threads took: 0.0000830 seconds
174.889: Application time: 0.0372370 seconds
174.889: [GC174.889: [ParNew: 15964K->1032K(16640K), 0.0005390 secs] 36429K->21497K(55552K), 0.0005670 secs] [Times: user=0.00 sys=0.00, real=0.00 secs] 
174.890: Total time for which application threads were stopped: 0.0006720 seconds, Stopping threads took: 0.0000530 seconds
174.923: Application time: 0.0326270 seconds
174.923: [GC174.923: [ParNew: 15435K->1548K(16640K), 0.0009780 secs] 35901K->23037K(55552K), 0.0010130 secs] [Times: user=0.01 sys=0.00, real=0.00 secs] 
174.924: Total time for which application threads were stopped: 0.0011510 seconds, Stopping threads took: 0.0000770 seconds
174.959: Application time: 0.0353730 seconds
174.959: [GC174.959: [ParNew: 16042K->1066K(16640K), 0.0004610 secs] 37531K->22555K(55552K), 0.0004900 secs] [Times: user=0.01 sys=0.00, real=0.00 secs] 
174.960: Total time for which application threads were stopped: 0.0006130 seconds, Stopping threads took: 0.0000580 seconds
174.994: Application time: 0.0340700 seconds
174.994: [GC174.994: [ParNew: 15472K->1546K(16640K), 0.0008480 secs] 36961K->23575K(55552K), 0.0008810 secs] [Times: user=0.00 sys=0.00, real=0.00 secs] 
174.995: Total time for which application threads were stopped: 0.0011230 seconds, Stopping threads took: 0.0001810 seconds
175.030: Application time: 0.0353120 seconds
175.030: [GC175.030: [ParNew: 16114K->1606K(16640K), 0.0006450 secs] 38144K->23635K(55552K), 0.0006740 secs] [Times: user=0.00 sys=0.00, real=0.00 secs] 
175.031: Total time for which application threads were stopped: 0.0008220 seconds, Stopping threads took: 0.0000940 seconds
175.066: Application time: 0.0344620 seconds
175.066: [GC175.066: [ParNew: 16014K->1548K(16640K), 0.0010070 secs] 38044K->24658K(55552K), 0.0010420 secs] [Times: user=0.01 sys=0.00, real=0.00 secs] 
175.067: Total time for which application threads were stopped: 0.0011750 seconds, Stopping threads took: 0.0000710 seconds
175.103: Application time: 0.0359690 seconds
175.103: [GC175.103: [ParNew: 15960K->1548K(16640K), 0.0008370 secs] 39071K->25170K(55552K), 0.0008730 secs] [Times: user=0.01 sys=0.00, real=0.00 secs] 
175.104: Total time for which application threads were stopped: 0.0010350 seconds, Stopping threads took: 0.0000940 seconds
175.141: Application time: 0.0371060 seconds
175.141: [GC175.141: [ParNew: 16121K->1090K(16640K), 0.0006730 secs] 39743K->24713K(55552K), 0.0007010 secs] [Times: user=0.00 sys=0.00, real=0.00 secs] 
175.142: Total time for which application threads were stopped: 0.0008100 seconds, Stopping threads took: 0.0000560 seconds
175.175: Application time: 0.0328630 seconds
175.175: [GC175.175: [ParNew: 15496K->1548K(16640K), 0.0009840 secs] 39118K->25740K(55552K), 0.0010270 secs] [Times: user=0.00 sys=0.00, real=0.00 secs] 
175.176: Total time for which application threads were stopped: 0.0011490 seconds, Stopping threads took: 0.0000610 seconds
175.210: Application time: 0.0342810 seconds
175.210: [GC175.210: [ParNew: 15958K->1546K(16640K), 0.0008430 secs] 40150K->26250K(55552K), 0.0008740 secs] [Times: user=0.00 sys=0.00, real=0.00 secs] 
175.211: Total time for which application threads were stopped: 0.0010400 seconds, Stopping threads took: 0.0001070 seconds
175.247: Application time: 0.0359040 seconds
175.247: [GC175.247: [ParNew: 15958K->1544K(16640K), 0.0006630 secs] 40662K->26247K(55552K), 0.0006950 secs] [Times: user=0.00 sys=0.00, real=0.00 secs] 
175.248: Total time for which application threads were stopped: 0.0008170 seconds, Stopping threads took: 0.0000640 seconds
175.282: Application time: 0.0338930 seconds
175.282: [GC175.282: [ParNew: 15952K->1546K(16640K), 0.0008860 secs] 40655K->26762K(55552K), 0.0009190 secs] [Times: user=0.01 sys=0.00, real=0.00 secs] 
175.283: Total time for which application threads were stopped: 0.0010420 seconds, Stopping threads took: 0.0000630 seconds
175.319: Application time: 0.0367450 seconds
175.321: [GC175.321: [ParNew: 16116K->1094K(16640K), 0.0005490 secs] 41332K->26310K(55552K), 0.0005780 secs] [Times: user=0.00 sys=0.00, real=0.00 secs] 
175.321: Total time for which application threads were stopped: 0.0017770 seconds, Stopping threads took: 0.0011430 seconds
175.356: Application time: 0.0343840 seconds
175.356: [GC175.356: [ParNew: 15504K->1548K(16640K), 0.0006900 secs] 40720K->26821K(55552K), 0.0007230 secs] [Times: user=0.00 sys=0.00, real=0.00 secs] 
175.356: Total time for which application threads were stopped: 0.0008490 seconds, Stopping threads took: 0.0000690 seconds
175.390: Application time: 0.0332590 seconds
175.390: [GC175.390: [ParNew: 15954K->1548K(16640K), 0.0010080 secs] 41227K->27845K(55552K), 0.0010440 secs] [Times: user=0.01 sys=0.00, real=0.00 secs] 
175.391: Total time for which application threads were stopped: 0.0011720 seconds, Stopping threads took: 0.0000650 seconds
175.426: Application time: 0.0352270 seconds
175.426: [GC175.426: [ParNew: 15962K->1546K(16640K), 0.0006410 secs] 42259K->27843K(55552K), 0.0006710 secs] [Times: user=0.00 sys=0.00, real=0.00 secs] 
175.427: Total time for which application threads were stopped: 0.0007800 seconds, Stopping threads took: 0.0000570 seconds
175.462: Application time: 0.0347790 seconds
175.462: [GC175.462: [ParNew: 16034K->1576K(16640K), 0.0006630 secs] 42331K->27873K(55552K), 0.0006950 secs] [Times: user=0.01 sys=0.00, real=0.00 secs] 
175.463: Total time for which application threads were stopped: 0.0008900 seconds, Stopping threads took: 0.0001270 seconds
175.496: Application time: 0.0334950 seconds
175.496: [GC175.496: [ParNew: 15982K->1548K(16640K), 0.0010070 secs] 42279K->28897K(55552K), 0.0010450 secs] [Times: user=0.01 sys=0.00, real=0.00 secs] 
175.497: Total time for which application threads were stopped: 0.0011770 seconds, Stopping threads took: 0.0000700 seconds
175.534: Application time: 0.0371280 seconds
175.534: [GC175.535: [ParNew: 15962K->1546K(16640K), 0.0006250 secs] 43311K->28895K(55552K), 0.0006570 secs] [Times: user=0.01 sys=0.00, real=0.00 secs] 
175.535: Total time for which application threads were stopped: 0.0007770 seconds, Stopping threads took: 0.0000630 seconds
175.571: Application time: 0.0356670 seconds
175.571: [GC175.571: [ParNew: 15960K->522K(16640K), 0.0004130 secs] 43309K->27871K(55552K), 0.0004410 secs] [Times: user=0.00 sys=0.00, real=0.00 secs] 
175.571: Total time for which application threads were stopped: 0.0006450 seconds, Stopping threads took: 0.0001520 seconds
175.605: Application time: 0.0336850 seconds
175.605: [GC175.605: [ParNew: 14925K->1546K(16640K), 0.0008220 secs] 42275K->29407K(55552K), 0.0008580 secs] [Times: user=0.01 sys=0.00, real=0.00 secs] 
175.606: Total time for which application threads were stopped: 0.0010100 seconds, Stopping threads took: 0.0000820 seconds
175.643: Application time: 0.0371780 seconds
175.643: [GC175.643: [ParNew: 16036K->1578K(16640K), 0.0006980 secs] 43898K->29439K(55552K), 0.0007300 secs] [Times: user=0.00 sys=0.00, real=0.00 secs] 
175.644: Total time for which application threads were stopped: 0.0008660 seconds, Stopping threads took: 0.0000790 seconds
175.677: Application time: 0.0324680 seconds
175.677: [GC175.677: [ParNew: 16062K->1576K(16640K), 0.0010220 secs] 43923K->30490K(55552K), 0.0010590 secs] [Times: user=0.01 sys=0.00, real=0.00 secs] 
175.678: Total time for which application threads were stopped: 0.0012060 seconds, Stopping threads took: 0.0000870 seconds
175.713: Application time: 0.0353600 seconds
175.713: [GC175.713: [ParNew: 16070K->1578K(16640K), 0.0007250 secs] 44984K->30520K(55552K), 0.0007580 secs] [Times: user=0.01 sys=0.00, real=0.00 secs] 
175.714: Total time for which application threads were stopped: 0.0008840 seconds, Stopping threads took: 0.0000660 seconds
175.748: Application time: 0.0339990 seconds
175.748: [GC175.748: [ParNew: 15982K->1548K(16640K), 0.0011990 secs] 44924K->32055K(55552K), 0.0012350 secs] [Times: user=0.01 sys=0.00, real=0.01 secs] 
175.750: Total time for which application threads were stopped: 0.0013630 seconds, Stopping threads took: 0.0000630 seconds
175.786: Application time: 0.0368520 seconds
175.786: [GC175.786: [ParNew: 16122K->1606K(16640K), 0.0006560 secs] 46630K->32113K(55552K), 0.0006870 secs] [Times: user=0.01 sys=0.00, real=0.00 secs] 
175.787: Total time for which application threads were stopped: 0.0008110 seconds, Stopping threads took: 0.0000670 seconds
175.821: Application time: 0.0333590 seconds
175.821: [GC175.821: [ParNew: 16010K->1550K(16640K), 0.0012080 secs] 46517K->33650K(55552K), 0.0012450 secs] [Times: user=0.01 sys=0.00, real=0.00 secs] 
175.822: Total time for which application threads were stopped: 0.0013990 seconds, Stopping threads took: 0.0000900 seconds
175.859: Application time: 0.0369260 seconds
175.859: [GC175.859: [ParNew: 15964K->1544K(16640K), 0.0007990 secs] 48064K->34156K(55552K), 0.0008320 secs] [Times: user=0.00 sys=0.00, real=0.00 secs] 
175.860: Total time for which application threads were stopped: 0.0009630 seconds, Stopping threads took: 0.0000710 seconds
175.895: Application time: 0.0349210 seconds
175.895: [GC175.895: [ParNew: 15952K->1548K(16640K), 0.0009780 secs] 48564K->35184K(55552K), 0.0010130 secs] [Times: user=0.01 sys=0.00, real=0.00 secs] 
175.896: Total time for which application threads were stopped: 0.0011850 seconds, Stopping threads took: 0.0001090 seconds
175.932: Application time: 0.0357380 seconds
175.932: [GC175.932: [ParNew: 15964K->1036K(16640K), 0.0005300 secs] 49600K->34672K(55552K), 0.0005610 secs] [Times: user=0.01 sys=0.00, real=0.00 secs] 
175.932: Total time for which application threads were stopped: 0.0006730 seconds, Stopping threads took: 0.0000600 seconds
175.966: Application time: 0.0332310 seconds
175.966: [GC175.966: [ParNew: 15596K->1608K(16640K), 0.0010130 secs] 49232K->36268K(55552K), 0.0010510 secs] [Times: user=0.01 sys=0.00, real=0.00 secs] 
175.967: Total time for which application threads were stopped: 0.0011870 seconds, Stopping threads took: 0.0000670 seconds
175.967: Application time: 0.0000650 seconds
175.967: [GC [1 CMS-initial-mark: 34660K(38912K)] 36780K(55552K), 0.0000990 secs] [Times: user=0.00 sys=0.00, real=0.00 secs] 
175.967: Total time for which application threads were stopped: 0.0003340 seconds, Stopping threads took: 0.0002160 seconds
175.967: [CMS-concurrent-mark-start]
175.971: [CMS-concurrent-mark: 0.004/0.004 secs] [Times: user=0.02 sys=0.00, real=0.01 secs] 
175.971: [CMS-concurrent-preclean-start]
175.971: [CMS-concurrent-preclean: 0.000/0.000 secs] [Times: user=0.00 sys=0.00, real=0.00 secs] 
175.971: Application time: 0.0037320 seconds
175.971: [GC[YG occupancy: 3168 K (16640 K)]175.971: [Rescan (parallel) , 0.0001300 secs]175.971: [weak refs processing, 0.0000070 secs]175.971: [scrub string table, 0.0000940 secs] [1 CMS-remark: 34660K(38912K)] 37829K(55552K), 0.0002630 secs] [Times: user=0.00 sys=0.00, real=0.00 secs] 
175.971: Total time for which application threads were stopped: 0.0003930 seconds, Stopping threads took: 0.0001060 seconds
175.971: [CMS-concurrent-sweep-start]
175.972: [CMS-concurrent-sweep: 0.001/0.001 secs] [Times: user=0.00 sys=0.00, real=0.00 secs] 
175.972: [CMS-concurrent-reset-start]
175.972: [CMS-concurrent-reset: 0.000/0.000 secs] [Times: user=0.00 sys=0.00, real=0.00 secs] 
176.003: Application time: 0.0319610 seconds
176.003: [GC176.003: [ParNew: 16020K->1548K(16640K), 0.0009320 secs] 22548K->8645K(55552K), 0.0009660 secs] [Times: user=0.00 sys=0.00, real=0.00 secs] 
176.004: Total time for which application threads were stopped: 0.0011120 seconds, Stopping threads took: 0.0000850 seconds
176.041: Application time: 0.0363210 seconds
176.041: [GC176.041: [ParNew: 15960K->1032K(16640K), 0.0005200 secs] 23057K->8129K(55552K), 0.0005510 secs] [Times: user=0.01 sys=0.00, real=0.00 secs] 
176.041: Total time for which application threads were stopped: 0.0007350 seconds, Stopping threads took: 0.0001300 seconds
176.074: Application time: 0.0326610 seconds
176.074: [GC176.074: [ParNew: 15440K->1546K(16640K), 0.0008310 secs] 22537K->9155K(55552K), 0.0008630 secs] [Times: user=0.01 sys=0.00, real=0.00 secs] 
176.075: Total time for which application threads were stopped: 0.0010160 seconds, Stopping threads took: 0.0000920 seconds
176.113: Application time: 0.0377740 seconds
176.113: [GC176.113: [ParNew: 16042K->552K(16640K), 0.0003580 secs] 23651K->8161K(55552K), 0.0003870 secs] [Times: user=0.01 sys=0.00, real=0.00 secs] 
176.113: Total time for which application threads were stopped: 0.0005060 seconds, Stopping threads took: 0.0000660 seconds
176.145: Application time: 0.0320730 seconds
176.146: [GC176.146: [ParNew: 14956K->1576K(16640K), 0.0008730 secs] 22564K->9697K(55552K), 0.0009060 secs] [Times: user=0.01 sys=0.00, real=0.00 secs] 
176.147: Total time for which application threads were stopped: 0.0010390 seconds, Stopping threads took: 0.0000720 seconds
176.183: Application time: 0.0360700 seconds
176.183: [GC176.183: [ParNew: 15990K->1036K(16640K), 0.0005880 secs] 24111K->9185K(55552K), 0.0006190 secs] [Times: user=0.00 sys=0.00, real=0.00 secs] 
176.183: Total time for which application threads were stopped: 0.0007280 seconds, Stopping threads took: 0.0000540 seconds
176.216: Application time: 0.0330800 seconds
176.217: [GC176.217: [ParNew: 15442K->1544K(16640K), 0.0008830 secs] 23591K->10205K(55552K), 0.0009170 secs] [Times: user=0.01 sys=0.00, real=0.00 secs] 
176.217: Total time for which application threads were stopped: 0.0010680 seconds, Stopping threads took: 0.0000840 seconds
176.253: Application time: 0.0359650 seconds
176.254: [GC176.254: [ParNew: 15956K->1548K(16640K), 0.0006800 secs] 24617K->10209K(55552K), 0.0007120 secs] [Times: user=0.00 sys=0.00, real=0.00 secs] 
176.254: Total time for which application threads were stopped: 0.0008500 seconds, Stopping threads took: 0.0000810 seconds
176.288: Application time: 0.0337160 seconds
176.288: [GC176.288: [ParNew: 15954K->1546K(16640K), 0.0010040 secs] 24615K->11231K(55552K), 0.0010400 secs] [Times: user=0.01 sys=0.00, real=0.01 secs] 
176.289: Total time for which application threads were stopped: 0.0011620 seconds, Stopping threads took: 0.0000580 seconds
176.324: Application time: 0.0352730 seconds
176.325: [GC176.325: [ParNew: 16074K->1610K(16640K), 0.0006890 secs] 25760K->11295K(55552K), 0.0007220 secs] [Times: user=0.00 sys=0.00, real=0.00 secs] 
176.325: Total time for which application threads were stopped: 0.0008700 seconds, Stopping threads took: 0.0000920 seconds
176.360: Application time: 0.0348210 seconds
176.360: [GC176.360: [ParNew: 16066K->1578K(16640K), 0.0006970 secs] 25751K->11292K(55552K), 0.0007300 secs] [Times: user=0.01 sys=0.00, real=0.01 secs] 
176.361: Total time for which application threads were stopped: 0.0008680 seconds, Stopping threads took: 0.0000800 seconds
176.395: Application time: 0.0343710 seconds
176.396: [GC176.396: [ParNew: 16066K->1574K(16640K), 0.0022050 secs] 25780K->11828K(55552K), 0.0022490 secs] [Times: user=0.02 sys=0.00, real=0.00 secs] 
176.398: Total time for which application threads were stopped: 0.0024560 seconds, Stopping threads took: 0.0001450 seconds
176.433: Application time: 0.0350660 seconds
176.433: [GC176.433: [ParNew: 16064K->1578K(16640K), 0.0006700 secs] 26319K->11861K(55552K), 0.0007010 secs] [Times: user=0.00 sys=0.00, real=0.00 secs] 
176.434: Total time for which application threads were stopped: 0.0008110 seconds, Stopping threads took: 0.0000540 seconds
176.468: Application time: 0.0343640 seconds
176.468: [GC176.468: [ParNew: 16064K->1578K(16640K), 0.0008710 secs] 26347K->12401K(55552K), 0.0009070 secs] [Times: user=0.00 sys=0.00, real=0.01 secs] 
176.469: Total time for which application threads were stopped: 0.0010420 seconds, Stopping threads took: 0.0000600 seconds
176.505: Application time: 0.0355460 seconds
176.505: [GC176.505: [ParNew: 15990K->1546K(16640K), 0.0007490 secs] 26813K->12398K(55552K), 0.0007790 secs] [Times: user=0.01 sys=0.00, real=0.00 secs] 
176.506: Total time for which application threads were stopped: 0.0008980 seconds, Stopping threads took: 0.0000620 seconds
176.540: Application time: 0.0347230 seconds
176.540: [GC176.541: [ParNew: 15956K->1036K(16640K), 0.0005840 secs] 26808K->11888K(55552K), 0.0006130 secs] [Times: user=0.00 sys=0.00, real=0.01 secs] 
176.541: Total time for which application threads were stopped: 0.0008150 seconds, Stopping threads took: 0.0001470 seconds
176.576: Application time: 0.0348480 seconds
176.576: [GC176.576: [ParNew: 15444K->1546K(16640K), 0.0008300 secs] 26296K->12910K(55552K), 0.0008650 secs] [Times: user=0.00 sys=0.00, real=0.00 secs] 
176.577: Total time for which application threads were stopped: 0.0009950 seconds, Stopping threads took: 0.0000700 seconds
176.613: Application time: 0.0355330 seconds
176.615: [GC176.615: [ParNew: 16118K->1608K(16640K), 0.0006960 secs] 27483K->12972K(55552K), 0.0007240 secs] [Times: user=0.00 sys=0.00, real=0.00 secs] 
176.616: Total time for which application threads were stopped: 0.0035700 seconds, Stopping threads took: 0.0027850 seconds
176.651: Application time: 0.0351280 seconds
176.651: [GC176.651: [ParNew: 16016K->1546K(16640K), 0.0008520 secs] 27380K->13479K(55552K), 0.0008870 secs] [Times: user=0.01 sys=0.00, real=0.00 secs] 
176.652: Total time for which application threads were stopped: 0.0010290 seconds, Stopping threads took: 0.0000820 seconds
176.688: Application time: 0.0362010 seconds
176.689: [GC176.689: [ParNew: 15958K->1546K(16640K), 0.0006830 secs] 27891K->13479K(55552K), 0.0007160 secs] [Times: user=0.01 sys=0.00, real=0.00 secs] 
176.689: Total time for which application threads were stopped: 0.0008460 seconds, Stopping threads took: 0.0000670 seconds
176.721: Application time: 0.0318750 seconds
176.721: [GC176.721: [ParNew: 15950K->1548K(16640K), 0.0012020 secs] 27883K->15017K(55552K), 0.0012390 secs] [Times: user=0.01 sys=0.00, real=0.00 secs] 
176.723: Total time for which application threads were stopped: 0.0014410 seconds, Stopping threads took: 0.0001390 seconds
176.759: Application time: 0.0368000 seconds
176.760: [GC176.760: [ParNew: 16042K->1580K(16640K), 0.0006480 secs] 29512K->15049K(55552K), 0.0006800 secs] [Times: user=0.01 sys=0.00, real=0.00 secs] 
176.760: Total time for which application threads were stopped: 0.0008340 seconds, Stopping threads took: 0.0000960 seconds
176.792: Application time: 0.0320630 seconds
176.792: [GC176.792: [ParNew: 15982K->1552K(16640K), 0.0014730 secs] 29451K->17098K(55552K), 0.0015130 secs] [Times: user=0.00 sys=0.00, real=0.00 secs] 
176.794: Total time for which application threads were stopped: 0.0016600 seconds, Stopping threads took: 0.0000810 seconds
176.832: Application time: 0.0378940 seconds
176.832: [GC176.832: [ParNew: 15970K->1544K(16640K), 0.0006720 secs] 31516K->17089K(55552K), 0.0007040 secs] [Times: user=0.01 sys=0.00, real=0.00 secs] 
176.833: Total time for which application threads were stopped: 0.0008140 seconds, Stopping threads took: 0.0000560 seconds
176.866: Application time: 0.0335860 seconds
176.866: [GC176.866: [ParNew: 15950K->1548K(16640K), 0.0009920 secs] 31495K->18118K(55552K), 0.0010340 secs] [Times: user=0.01 sys=0.00, real=0.00 secs] 
176.867: Total time for which application threads were stopped: 0.0011680 seconds, Stopping threads took: 0.0000720 seconds
176.903: Application time: 0.0357580 seconds
176.903: [GC176.903: [ParNew: 15962K->1544K(16640K), 0.0007420 secs] 32532K->18113K(55552K), 0.0007730 secs] [Times: user=0.00 sys=0.00, real=0.00 secs] 
176.904: Total time for which application threads were stopped: 0.0009150 seconds, Stopping threads took: 0.0000850 seconds
176.939: Application time: 0.0348950 seconds
176.939: [GC176.939: [ParNew: 15954K->1548K(16640K), 0.0007270 secs] 32524K->18118K(55552K), 0.0007580 secs] [Times: user=0.00 sys=0.00, real=0.00 secs] 
176.940: Total time for which application threads were stopped: 0.0008910 seconds, Stopping threads took: 0.0000750 seconds
176.974: Application time: 0.0345220 seconds
176.975: [GC176.975: [ParNew: 15958K->1544K(16640K), 0.0006580 secs] 32528K->18113K(55552K), 0.0006890 secs] [Times: user=0.01 sys=0.00, real=0.00 secs] 
176.975: Total time for which application threads were stopped: 0.0008130 seconds, Stopping threads took: 0.0000580 seconds
177.010: Application time: 0.0344800 seconds
177.010: [GC177.010: [ParNew: 16110K->1606K(16640K), 0.0008250 secs] 32680K->18688K(55552K), 0.0008570 secs] [Times: user=0.01 sys=0.00, real=0.00 secs] 
177.011: Total time for which application threads were stopped: 0.0009850 seconds, Stopping threads took: 0.0000680 seconds
177.046: Application time: 0.0351010 seconds
177.046: [GC177.046: [ParNew: 16096K->1576K(16640K), 0.0007410 secs] 33178K->18715K(55552K), 0.0007720 secs] [Times: user=0.00 sys=0.00, real=0.00 secs] 
177.047: Total time for which application threads were stopped: 0.0008900 seconds, Stopping threads took: 0.0000610 seconds
177.080: Application time: 0.0335240 seconds
177.080: [GC177.080: [ParNew: 16062K->1578K(16640K), 0.0008230 secs] 33201K->19257K(55552K), 0.0008570 secs] [Times: user=0.01 sys=0.00, real=0.01 secs] 
177.081: Total time for which application threads were stopped: 0.0009900 seconds, Stopping threads took: 0.0000760 seconds
177.118: Application time: 0.0366760 seconds
177.118: [GC177.118: [ParNew: 16070K->1060K(16640K), 0.0005970 secs] 33750K->18768K(55552K), 0.0006260 secs] [Times: user=0.00 sys=0.00, real=0.00 secs] 
177.119: Total time for which application threads were stopped: 0.0007520 seconds, Stopping threads took: 0.0000710 seconds
177.151: Application time: 0.0323830 seconds
177.151: [GC177.151: [ParNew: 15464K->1548K(16640K), 0.0010760 secs] 33171K->20308K(55552K), 0.0011110 secs] [Times: user=0.01 sys=0.00, real=0.00 secs] 
177.152: Total time for which application threads were stopped: 0.0012510 seconds, Stopping threads took: 0.0000760 seconds
177.189: Application time: 0.0364680 seconds
177.189: [GC177.189: [ParNew: 15964K->1546K(16640K), 0.0007350 secs] 34724K->20306K(55552K), 0.0007680 secs] [Times: user=0.00 sys=0.00, real=0.00 secs] 
177.190: Total time for which application threads were stopped: 0.0008950 seconds, Stopping threads took: 0.0000680 seconds
177.223: Application time: 0.0335670 seconds
177.223: [GC177.223: [ParNew: 15952K->1550K(16640K), 0.0009720 secs] 34712K->21334K(55552K), 0.0010070 secs] [Times: user=0.01 sys=0.00, real=0.00 secs] 
177.224: Total time for which application threads were stopped: 0.0011360 seconds, Stopping threads took: 0.0000670 seconds
177.260: Application time: 0.0360150 seconds
177.261: [GC177.261: [ParNew: 16122K->1606K(16640K), 0.0006590 secs] 35907K->21390K(55552K), 0.0006890 secs] [Times: user=0.01 sys=0.00, real=0.01 secs] 
177.261: Total time for which application threads were stopped: 0.0008360 seconds, Stopping threads took: 0.0000890 seconds
177.296: Application time: 0.0347940 seconds
177.296: [GC177.296: [ParNew: 16014K->1548K(16640K), 0.0008650 secs] 35798K->21901K(55552K), 0.0009000 secs] [Times: user=0.01 sys=0.00, real=0.00 secs] 
177.297: Total time for which application threads were stopped: 0.0010430 seconds, Stopping threads took: 0.0000740 seconds
177.333: Application time: 0.0362120 seconds
177.333: [GC177.333: [ParNew: 15964K->522K(16640K), 0.0003450 secs] 36317K->20875K(55552K), 0.0003750 secs] [Times: user=0.00 sys=0.00, real=0.00 secs] 
177.334: Total time for which application threads were stopped: 0.0004820 seconds, Stopping threads took: 0.0000540 seconds
177.366: Application time: 0.0324570 seconds
177.366: [GC177.366: [ParNew: 14923K->1548K(16640K), 0.0010700 secs] 35277K->22925K(55552K), 0.0011030 secs] [Times: user=0.01 sys=0.00, real=0.00 secs] 
177.367: Total time for which application threads were stopped: 0.0012340 seconds, Stopping threads took: 0.0000680 seconds
177.405: Application time: 0.0377200 seconds
177.405: [GC177.405: [ParNew: 16046K->552K(16640K), 0.0003730 secs] 37424K->21929K(55552K), 0.0004020 secs] [Times: user=0.00 sys=0.00, real=0.00 secs] 
177.406: Total time for which application threads were stopped: 0.0005120 seconds, Stopping threads took: 0.0000590 seconds
177.437: Application time: 0.0312470 seconds
177.437: [GC177.437: [ParNew: 14953K->1578K(16640K), 0.0009920 secs] 36331K->23979K(55552K), 0.0010290 secs] [Times: user=0.01 sys=0.00, real=0.00 secs] 
177.438: Total time for which application threads were stopped: 0.0011660 seconds, Stopping threads took: 0.0000730 seconds
177.475: Application time: 0.0373710 seconds
177.476: [GC177.476: [ParNew: 15996K->522K(16640K), 0.0003750 secs] 38398K->22952K(55552K), 0.0004040 secs] [Times: user=0.00 sys=0.00, real=0.00 secs] 
177.476: Total time for which application threads were stopped: 0.0005250 seconds, Stopping threads took: 0.0000600 seconds
177.509: Application time: 0.0333620 seconds
177.509: [GC177.509: [ParNew: 14923K->1546K(16640K), 0.0009910 secs] 37354K->25000K(55552K), 0.0010280 secs] [Times: user=0.01 sys=0.00, real=0.00 secs] 
177.511: Total time for which application threads were stopped: 0.0011610 seconds, Stopping threads took: 0.0000700 seconds
177.546: Application time: 0.0356480 seconds
177.546: [GC177.546: [ParNew: 15962K->1034K(16640K), 0.0005710 secs] 39416K->24488K(55552K), 0.0006010 secs] [Times: user=0.00 sys=0.00, real=0.00 secs] 
177.547: Total time for which application threads were stopped: 0.0007170 seconds, Stopping threads took: 0.0000600 seconds
177.581: Application time: 0.0344860 seconds
177.582: [GC177.582: [ParNew: 15444K->1032K(16640K), 0.0005390 secs] 38898K->24486K(55552K), 0.0005700 secs] [Times: user=0.00 sys=0.00, real=0.00 secs] 
177.582: Total time for which application threads were stopped: 0.0008300 seconds, Stopping threads took: 0.0002080 seconds
177.616: Application time: 0.0333830 seconds
177.616: [GC177.616: [ParNew: 15438K->1546K(16640K), 0.0008060 secs] 38892K->25512K(55552K), 0.0008420 secs] [Times: user=0.00 sys=0.00, real=0.00 secs] 
177.617: Total time for which application threads were stopped: 0.0009890 seconds, Stopping threads took: 0.0000840 seconds
177.653: Application time: 0.0364360 seconds
177.653: [GC177.653: [ParNew: 16116K->1094K(16640K), 0.0004710 secs] 40083K->25060K(55552K), 0.0005020 secs] [Times: user=0.00 sys=0.00, real=0.00 secs] 
177.654: Total time for which application threads were stopped: 0.0006190 seconds, Stopping threads took: 0.0000630 seconds
177.687: Application time: 0.0337520 seconds
177.688: [GC177.688: [ParNew: 15498K->1546K(16640K), 0.0010120 secs] 39464K->26593K(55552K), 0.0010490 secs] [Times: user=0.00 sys=0.00, real=0.01 secs] 
177.689: Total time for which application threads were stopped: 0.0011820 seconds, Stopping threads took: 0.0000720 seconds
177.725: Application time: 0.0360400 seconds
177.725: [GC177.725: [ParNew: 16121K->1092K(16640K), 0.0004990 secs] 41168K->26139K(55552K), 0.0005310 secs] [Times: user=0.00 sys=0.00, real=0.00 secs] 
177.725: Total time for which application threads were stopped: 0.0006600 seconds, Stopping threads took: 0.0000730 seconds
177.759: Application time: 0.0340310 seconds
177.759: [GC177.759: [ParNew: 15578K->1578K(16640K), 0.0010700 secs] 40625K->27706K(55552K), 0.0011170 secs] [Times: user=0.01 sys=0.00, real=0.01 secs] 
177.761: Total time for which application threads were stopped: 0.0012630 seconds, Stopping threads took: 0.0000830 seconds
177.796: Application time: 0.0355020 seconds
177.796: [GC177.796: [ParNew: 15990K->1548K(16640K), 0.0009200 secs] 42118K->28217K(55552K), 0.0009520 secs] [Times: user=0.00 sys=0.00, real=0.00 secs] 
177.797: Total time for which application threads were stopped: 0.0010790 seconds, Stopping threads took: 0.0000700 seconds
177.834: Application time: 0.0365600 seconds
177.834: [GC177.834: [ParNew: 15964K->520K(16640K), 0.0004100 secs] 42633K->27188K(55552K), 0.0004360 secs] [Times: user=0.00 sys=0.00, real=0.00 secs] 
177.834: Total time for which application threads were stopped: 0.0005340 seconds, Stopping threads took: 0.0000530 seconds
177.867: Application time: 0.0332310 seconds
177.868: [GC177.868: [ParNew: 14925K->1548K(16640K), 0.0007550 secs] 41594K->28217K(55552K), 0.0007840 secs] [Times: user=0.00 sys=0.00, real=0.00 secs] 
177.868: Total time for which application threads were stopped: 0.0009090 seconds, Stopping threads took: 0.0000720 seconds
177.902: Application time: 0.0340570 seconds
177.903: [GC177.903: [ParNew: 16112K->1606K(16640K), 0.0008400 secs] 42781K->28787K(55552K), 0.0008720 secs] [Times: user=0.01 sys=0.00, real=0.00 secs] 
177.903: Total time for which application threads were stopped: 0.0010000 seconds, Stopping threads took: 0.0000670 seconds
177.939: Application time: 0.0350340 seconds
177.939: [GC177.939: [ParNew: 16018K->1546K(16640K), 0.0007150 secs] 43199K->28784K(55552K), 0.0007490 secs] [Times: user=0.00 sys=0.00, real=0.00 secs] 
177.939: Total time for which application threads were stopped: 0.0008890 seconds, Stopping threads took: 0.0000820 seconds
177.978: Application time: 0.0381250 seconds
177.978: [GC177.978: [ParNew: 15960K->522K(16640K), 0.0003670 secs] 43198K->27760K(55552K), 0.0003970 secs] [Times: user=0.01 sys=0.00, real=0.00 secs] 
177.978: Total time for which application threads were stopped: 0.0005150 seconds, Stopping threads took: 0.0000580 seconds
178.011: Application time: 0.0331400 seconds
178.011: [GC178.011: [ParNew: 14923K->1548K(16640K), 0.0010660 secs] 42161K->29810K(55552K), 0.0011000 secs] [Times: user=0.01 sys=0.00, real=0.00 secs] 
178.012: Total time for which application threads were stopped: 0.0012330 seconds, Stopping threads took: 0.0000730 seconds
178.048: Application time: 0.0359690 seconds
178.048: [GC178.049: [ParNew: 15966K->520K(16640K), 0.0003520 secs] 44228K->28782K(55552K), 0.0003820 secs] [Times: user=0.00 sys=0.00, real=0.01 secs] 
178.049: Total time for which application threads were stopped: 0.0004920 seconds, Stopping threads took: 0.0000570 seconds
178.082: Application time: 0.0329040 seconds
178.082: [GC178.082: [ParNew: 15000K->1578K(16640K), 0.0010690 secs] 43261K->30864K(55552K), 0.0011040 secs] [Times: user=0.01 sys=0.00, real=0.00 secs] 
178.083: Total time for which application threads were stopped: 0.0012250 seconds, Stopping threads took: 0.0000670 seconds
178.120: Application time: 0.0365230 seconds
178.121: [GC178.121: [ParNew: 15992K->1548K(16640K), 0.0007430 secs] 45278K->30862K(55552K), 0.0007720 secs] [Times: user=0.00 sys=0.00, real=0.00 secs] 
178.121: Total time for which application threads were stopped: 0.0018770 seconds, Stopping threads took: 0.0010480 seconds
178.157: Application time: 0.0352600 seconds
178.157: [GC178.157: [ParNew: 15958K->1544K(16640K), 0.0006910 secs] 45272K->30858K(55552K), 0.0007250 secs] [Times: user=0.00 sys=0.00, real=0.00 secs] 
178.158: Total time for which application threads were stopped: 0.0008400 seconds, Stopping threads took: 0.0000570 seconds
178.191: Application time: 0.0332000 seconds
178.191: [GC178.191: [ParNew: 15950K->1550K(16640K), 0.0010150 secs] 45264K->31888K(55552K), 0.0010490 secs] [Times: user=0.01 sys=0.00, real=0.00 secs] 
178.192: Total time for which application threads were stopped: 0.0011770 seconds, Stopping threads took: 0.0000670 seconds
178.228: Application time: 0.0365140 seconds
178.229: [GC178.229: [ParNew: 15966K->1034K(16640K), 0.0004690 secs] 46304K->31372K(55552K), 0.0005080 secs] [Times: user=0.00 sys=0.00, real=0.00 secs] 
178.229: Total time for which application threads were stopped: 0.0006750 seconds, Stopping threads took: 0.0001110 seconds
178.263: Application time: 0.0340480 seconds
178.263: [GC178.263: [ParNew: 15437K->1550K(16640K), 0.0008770 secs] 45776K->32400K(55552K), 0.0009110 secs] [Times: user=0.01 sys=0.00, real=0.00 secs] 
178.264: Total time for which application threads were stopped: 0.0010670 seconds, Stopping threads took: 0.0000940 seconds
178.299: Application time: 0.0349720 seconds
178.299: [GC178.299: [ParNew: 16044K->1578K(16640K), 0.0006310 secs] 46895K->32428K(55552K), 0.0006630 secs] [Times: user=0.00 sys=0.00, real=0.00 secs] 
178.300: Total time for which application threads were stopped: 0.0007790 seconds, Stopping threads took: 0.0000580 seconds
178.334: Application time: 0.0338540 seconds
178.334: [GC178.334: [ParNew: 16064K->1578K(16640K), 0.0009720 secs] 46914K->32969K(55552K), 0.0010050 secs] [Times: user=0.01 sys=0.00, real=0.00 secs] 
178.335: Total time for which application threads were stopped: 0.0011340 seconds, Stopping threads took: 0.0000720 seconds
178.371: Application time: 0.0361510 seconds
178.371: [GC178.371: [ParNew: 16146K->1606K(16640K), 0.0007110 secs] 47538K->33025K(55552K), 0.0007430 secs] [Times: user=0.01 sys=0.00, real=0.00 secs] 
178.372: Total time for which application threads were stopped: 0.0008630 seconds, Stopping threads took: 0.0000630 seconds
178.405: Application time: 0.0327200 seconds
178.405: [GC178.405: [ParNew: 16010K->1548K(16640K), 0.0012170 secs] 47429K->34560K(55552K), 0.0012570 secs] [Times: user=0.00 sys=0.00, real=0.00 secs] 
178.406: Total time for which application threads were stopped: 0.0014170 seconds, Stopping threads took: 0.0000950 seconds
178.443: Application time: 0.0367830 seconds
178.443: [GC178.443: [ParNew: 16042K->1576K(16640K), 0.0006860 secs] 49055K->34588K(55552K), 0.0007180 secs] [Times: user=0.00 sys=0.00, real=0.00 secs] 
178.444: Total time for which application threads were stopped: 0.0008330 seconds, Stopping threads took: 0.0000570 seconds
178.479: Application time: 0.0348020 seconds
178.479: [GC178.479: [ParNew: 15984K->1546K(16640K), 0.0010120 secs] 48996K->35099K(55552K), 0.0010480 secs] [Times: user=0.00 sys=0.00, real=0.00 secs] 
178.480: Total time for which application threads were stopped: 0.0012210 seconds, Stopping threads took: 0.0000950 seconds
178.514: Application time: 0.0339320 seconds
178.514: [GC178.514: [ParNew: 15956K->1548K(16640K), 0.0008270 secs] 49509K->35613K(55552K), 0.0008610 secs] [Times: user=0.00 sys=0.00, real=0.00 secs] 
178.515: Total time for which application threads were stopped: 0.0009780 seconds, Stopping threads took: 0.0000560 seconds
178.549: Application time: 0.0347030 seconds
178.549: [GC178.550: [ParNew: 16120K->1606K(16640K), 0.0007230 secs] 50185K->35671K(55552K), 0.0007560 secs] [Times: user=0.00 sys=0.00, real=0.00 secs] 
178.550: Total time for which application threads were stopped: 0.0008840 seconds, Stopping threads took: 0.0000690 seconds
178.583: Application time: 0.0324560 seconds
178.583: [GC178.583: [ParNew: 16008K->1550K(16640K), 0.0014220 secs] 50073K->37720K(55552K), 0.0014590 secs] [Times: user=0.01 sys=0.00, real=0.00 secs] 
178.584: Total time for which application threads were stopped: 0.0015950 seconds, Stopping threads took: 0.0000760 seconds
178.584: Application time: 0.0000860 seconds
178.585: [GC [1 CMS-initial-mark: 36170K(38912K)] 38232K(55552K), 0.0000990 secs] [Times: user=0.00 sys=0.00, real=0.00 secs] 
178.585: Total time for which application threads were stopped: 0.0003430 seconds, Stopping threads took: 0.0002260 seconds
178.585: [CMS-concurrent-mark-start]
178.587: [CMS-concurrent-mark: 0.002/0.002 secs] [Times: user=0.00 sys=0.00, real=0.00 secs] 
178.587: [CMS-concurrent-preclean-start]
178.587: [CMS-concurrent-preclean: 0.000/0.000 secs] [Times: user=0.00 sys=0.00, real=0.00 secs] 
178.587: Application time: 0.0026060 seconds
178.587: [GC[YG occupancy: 2066 K (16640 K)]178.587: [Rescan (parallel) , 0.0001470 secs]178.588: [weak refs processing, 0.0000060 secs]178.588: [scrub string table, 0.0000880 secs] [1 CMS-remark: 36170K(38912K)] 38236K(55552K), 0.0002660 secs] [Times: user=0.00 sys=0.00, real=0.00 secs] 
178.588: Total time for which application threads were stopped: 0.0003510 seconds, Stopping threads took: 0.0000650 seconds
178.588: [CMS-concurrent-sweep-start]
178.588: [CMS-concurrent-sweep: 0.001/0.001 secs] [Times: user=0.01 sys=0.00, real=0.00 secs] 
178.588: [CMS-concurrent-reset-start]
178.588: [CMS-concurrent-reset: 0.000/0.000 secs] [Times: user=0.00 sys=0.00, real=0.00 secs] 
178.623: Application time: 0.0356750 seconds
178.623: [GC178.624: [ParNew: 15966K->1544K(16640K), 0.0009050 secs] 23577K->9667K(55552K), 0.0009360 secs] [Times: user=0.00 sys=0.00, real=0.00 secs] 
178.624: Total time for which application threads were stopped: 0.0010580 seconds, Stopping threads took: 0.0000610 seconds
178.661: Application time: 0.0365540 seconds
178.661: [GC178.661: [ParNew: 15958K->1034K(16640K), 0.0004750 secs] 24081K->9157K(55552K), 0.0005070 secs] [Times: user=0.00 sys=0.00, real=0.00 secs] 
178.662: Total time for which application threads were stopped: 0.0006240 seconds, Stopping threads took: 0.0000610 seconds
178.694: Application time: 0.0327890 seconds
178.695: [GC178.695: [ParNew: 15438K->1552K(16640K), 0.0010060 secs] 23561K->10699K(55552K), 0.0010420 secs] [Times: user=0.01 sys=0.00, real=0.00 secs] 
178.696: Total time for which application threads were stopped: 0.0011680 seconds, Stopping threads took: 0.0000650 seconds
178.732: Application time: 0.0367430 seconds
178.732: [GC178.732: [ParNew: 16050K->554K(16640K), 0.0004190 secs] 25198K->9701K(55552K), 0.0004480 secs] [Times: user=0.01 sys=0.00, real=0.00 secs] 
178.733: Total time for which application threads were stopped: 0.0005470 seconds, Stopping threads took: 0.0000520 seconds
178.765: Application time: 0.0316990 seconds
178.765: [GC178.765: [ParNew: 14955K->1580K(16640K), 0.0009820 secs] 24103K->11751K(55552K), 0.0010220 secs] [Times: user=0.01 sys=0.00, real=0.00 secs] 
178.766: Total time for which application threads were stopped: 0.0011520 seconds, Stopping threads took: 0.0000670 seconds
178.803: Application time: 0.0373290 seconds
178.803: [GC178.803: [ParNew: 15996K->1034K(16640K), 0.0004940 secs] 26167K->11233K(55552K), 0.0005240 secs] [Times: user=0.00 sys=0.00, real=0.00 secs] 
178.804: Total time for which application threads were stopped: 0.0006590 seconds, Stopping threads took: 0.0000790 seconds
178.837: Application time: 0.0327940 seconds
178.837: [GC178.837: [ParNew: 15440K->1548K(16640K), 0.0009120 secs] 25639K->12259K(55552K), 0.0009490 secs] [Times: user=0.01 sys=0.00, real=0.00 secs] 
178.838: Total time for which application threads were stopped: 0.0010750 seconds, Stopping threads took: 0.0000670 seconds
178.874: Application time: 0.0359910 seconds
178.874: [GC178.874: [ParNew: 15962K->1032K(16640K), 0.0004930 secs] 26674K->11743K(55552K), 0.0005220 secs] [Times: user=0.00 sys=0.00, real=0.00 secs] 
178.874: Total time for which application threads were stopped: 0.0006730 seconds, Stopping threads took: 0.0000970 seconds
178.908: Application time: 0.0341140 seconds
178.908: [GC178.909: [ParNew: 15438K->1546K(16640K), 0.0008420 secs] 26149K->12769K(55552K), 0.0008780 secs] [Times: user=0.01 sys=0.00, real=0.01 secs] 
178.909: Total time for which application threads were stopped: 0.0010080 seconds, Stopping threads took: 0.0000660 seconds
178.944: Application time: 0.0347110 seconds
178.944: [GC178.944: [ParNew: 15956K->1548K(16640K), 0.0008290 secs] 27180K->13283K(55552K), 0.0008630 secs] [Times: user=0.00 sys=0.00, real=0.00 secs] 
178.945: Total time for which application threads were stopped: 0.0009940 seconds, Stopping threads took: 0.0000720 seconds
178.980: Application time: 0.0351700 seconds
178.980: [GC178.980: [ParNew: 16116K->1608K(16640K), 0.0008640 secs] 27852K->13856K(55552K), 0.0009080 secs] [Times: user=0.01 sys=0.00, real=0.01 secs] 
178.981: Total time for which application threads were stopped: 0.0010440 seconds, Stopping threads took: 0.0000650 seconds
179.018: Application time: 0.0365170 seconds
179.021: [GC179.021: [ParNew: 16106K->44K(16640K), 0.0003610 secs] 28354K->12349K(55552K), 0.0003920 secs] [Times: user=0.00 sys=0.00, real=0.00 secs] 
179.021: Total time for which application threads were stopped: 0.0031930 seconds, Stopping threads took: 0.0027490 seconds
179.055: Application time: 0.0336080 seconds
179.055: [GC179.055: [ParNew: 14526K->1606K(16640K), 0.0009420 secs] 26831K->14423K(55552K), 0.0009780 secs] [Times: user=0.01 sys=0.00, real=0.00 secs] 
179.056: Total time for which application threads were stopped: 0.0011020 seconds, Stopping threads took: 0.0000620 seconds
179.095: Application time: 0.0395520 seconds
179.095: [GC179.095: [ParNew: 16018K->1546K(16640K), 0.0007220 secs] 28835K->14420K(55552K), 0.0007570 secs] [Times: user=0.01 sys=0.00, real=0.00 secs] 
179.096: Total time for which application threads were stopped: 0.0008910 seconds, Stopping threads took: 0.0000720 seconds
179.133: Application time: 0.0367950 seconds
179.133: [GC179.133: [ParNew: 16034K->1572K(16640K), 0.0006500 secs] 28908K->14446K(55552K), 0.0006850 secs] [Times: user=0.01 sys=0.00, real=0.00 secs] 
179.134: Total time for which application threads were stopped: 0.0008010 seconds, Stopping threads took: 0.0000620 seconds
179.169: Application time: 0.0356530 seconds
179.170: [GC179.170: [ParNew: 15978K->1548K(16640K), 0.0010130 secs] 28852K->15474K(55552K), 0.0010480 secs] [Times: user=0.01 sys=0.00, real=0.00 secs] 
179.171: Total time for which application threads were stopped: 0.0012150 seconds, Stopping threads took: 0.0001040 seconds
179.212: Application time: 0.0416120 seconds
179.212: [GC179.212: [ParNew: 16042K->1066K(16640K), 0.0006200 secs] 29969K->14992K(55552K), 0.0006500 secs] [Times: user=0.00 sys=0.00, real=0.00 secs] 
179.213: Total time for which application threads were stopped: 0.0007640 seconds, Stopping threads took: 0.0000600 seconds
179.248: Application time: 0.0352990 seconds
179.248: [GC179.248: [ParNew: 15548K->1576K(16640K), 0.0011240 secs] 29474K->16555K(55552K), 0.0011610 secs] [Times: user=0.00 sys=0.01, real=0.01 secs] 
179.250: Total time for which application threads were stopped: 0.0013010 seconds, Stopping threads took: 0.0000740 seconds
179.288: Application time: 0.0386080 seconds
179.288: [GC179.288: [ParNew: 15988K->1548K(16640K), 0.0009040 secs] 30967K->17067K(55552K), 0.0009410 secs] [Times: user=0.00 sys=0.00, real=0.01 secs] 
179.289: Total time for which application threads were stopped: 0.0010640 seconds, Stopping threads took: 0.0000620 seconds
179.328: Application time: 0.0384750 seconds
179.328: [GC179.328: [ParNew: 15962K->1032K(16640K), 0.0004990 secs] 31481K->16551K(55552K), 0.0005310 secs] [Times: user=0.00 sys=0.00, real=0.00 secs] 
179.328: Total time for which application threads were stopped: 0.0006550 seconds, Stopping threads took: 0.0000670 seconds
179.364: Application time: 0.0356880 seconds
179.364: [GC179.364: [ParNew: 15516K->1580K(16640K), 0.0008080 secs] 31035K->17611K(55552K), 0.0008440 secs] [Times: user=0.00 sys=0.00, real=0.00 secs] 
179.365: Total time for which application threads were stopped: 0.0009780 seconds, Stopping threads took: 0.0000740 seconds
179.405: Application time: 0.0394910 seconds
179.405: [GC179.405: [ParNew: 15994K->1032K(16640K), 0.0005070 secs] 32025K->17092K(55552K), 0.0005390 secs] [Times: user=0.00 sys=0.00, real=0.00 secs] 
179.405: Total time for which application threads were stopped: 0.0006890 seconds, Stopping threads took: 0.0000940 seconds
179.442: Application time: 0.0365450 seconds
179.442: [GC179.442: [ParNew: 15438K->1544K(16640K), 0.0007900 secs] 31498K->18116K(55552K), 0.0008240 secs] [Times: user=0.01 sys=0.00, real=0.00 secs] 
179.443: Total time for which application threads were stopped: 0.0009580 seconds, Stopping threads took: 0.0000730 seconds
179.483: Application time: 0.0399740 seconds
179.483: [GC179.483: [ParNew: 15958K->1032K(16640K), 0.0004410 secs] 32530K->17604K(55552K), 0.0004780 secs] [Times: user=0.00 sys=0.00, real=0.00 secs] 
179.483: Total time for which application threads were stopped: 0.0006000 seconds, Stopping threads took: 0.0000640 seconds
179.520: Application time: 0.0369230 seconds
179.520: [GC179.520: [ParNew: 15435K->1550K(16640K), 0.0008120 secs] 32008K->18634K(55552K), 0.0008480 secs] [Times: user=0.00 sys=0.01, real=0.01 secs] 
179.521: Total time for which application threads were stopped: 0.0010000 seconds, Stopping threads took: 0.0000900 seconds
179.559: Application time: 0.0374120 seconds
179.559: [GC179.559: [ParNew: 15960K->1548K(16640K), 0.0010780 secs] 33044K->19656K(55552K), 0.0011140 secs] [Times: user=0.01 sys=0.00, real=0.00 secs] 
179.560: Total time for which application threads were stopped: 0.0012500 seconds, Stopping threads took: 0.0000720 seconds
179.599: Application time: 0.0385590 seconds
179.599: [GC179.599: [ParNew: 15962K->1548K(16640K), 0.0006670 secs] 34070K->19656K(55552K), 0.0006980 secs] [Times: user=0.01 sys=0.00, real=0.00 secs] 
179.599: Total time for which application threads were stopped: 0.0008220 seconds, Stopping threads took: 0.0000660 seconds
179.634: Application time: 0.0348020 seconds
179.637: [GC179.637: [ParNew: 15952K->1548K(16640K), 0.0013330 secs] 34060K->21192K(55552K), 0.0013750 secs] [Times: user=0.01 sys=0.00, real=0.00 secs] 
179.638: Total time for which application threads were stopped: 0.0039080 seconds, Stopping threads took: 0.0024690 seconds
179.678: Application time: 0.0395900 seconds
179.678: [GC179.678: [ParNew: 16038K->1580K(16640K), 0.0012490 secs] 35682K->22248K(55552K), 0.0012820 secs] [Times: user=0.01 sys=0.00, real=0.00 secs] 
179.679: Total time for which application threads were stopped: 0.0015070 seconds, Stopping threads took: 0.0001400 seconds
179.717: Application time: 0.0381460 seconds
179.717: [GC179.717: [ParNew: 16152K->1608K(16640K), 0.0008000 secs] 36821K->22305K(55552K), 0.0008360 secs] [Times: user=0.01 sys=0.00, real=0.00 secs] 
179.718: Total time for which application threads were stopped: 0.0009750 seconds, Stopping threads took: 0.0000800 seconds
179.756: Application time: 0.0379430 seconds
179.756: [GC179.756: [ParNew: 16098K->1578K(16640K), 0.0006930 secs] 36795K->22331K(55552K), 0.0007260 secs] [Times: user=0.00 sys=0.00, real=0.00 secs] 
179.757: Total time for which application threads were stopped: 0.0008610 seconds, Stopping threads took: 0.0000760 seconds
179.793: Application time: 0.0363220 seconds
179.794: [GC179.794: [ParNew: 15984K->1550K(16640K), 0.0010080 secs] 36737K->23356K(55552K), 0.0010430 secs] [Times: user=0.01 sys=0.00, real=0.00 secs] 
179.795: Total time for which application threads were stopped: 0.0012390 seconds, Stopping threads took: 0.0001300 seconds
179.834: Application time: 0.0395030 seconds
179.834: [GC179.834: [ParNew: 15964K->1036K(16640K), 0.0005460 secs] 37770K->22842K(55552K), 0.0005770 secs] [Times: user=0.00 sys=0.00, real=0.00 secs] 
179.835: Total time for which application threads were stopped: 0.0007230 seconds, Stopping threads took: 0.0000920 seconds
179.872: Application time: 0.0366190 seconds
179.872: [GC179.872: [ParNew: 15520K->1578K(16640K), 0.0009260 secs] 37326K->23896K(55552K), 0.0009600 secs] [Times: user=0.01 sys=0.00, real=0.00 secs] 
179.873: Total time for which application threads were stopped: 0.0011400 seconds, Stopping threads took: 0.0001180 seconds
179.911: Application time: 0.0388250 seconds
179.912: [GC179.912: [ParNew: 16154K->1094K(16640K), 0.0005010 secs] 38473K->23441K(55552K), 0.0005330 secs] [Times: user=0.00 sys=0.00, real=0.00 secs] 
179.912: Total time for which application threads were stopped: 0.0006590 seconds, Stopping threads took: 0.0000680 seconds
179.949: Application time: 0.0365980 seconds
179.949: [GC179.949: [ParNew: 15500K->1546K(16640K), 0.0008400 secs] 37847K->24462K(55552K), 0.0008750 secs] [Times: user=0.01 sys=0.00, real=0.00 secs] 
179.950: Total time for which application threads were stopped: 0.0010060 seconds, Stopping threads took: 0.0000620 seconds
179.987: Application time: 0.0376100 seconds
179.987: [GC179.988: [ParNew: 15956K->1546K(16640K), 0.0008870 secs] 38872K->24974K(55552K), 0.0009230 secs] [Times: user=0.01 sys=0.00, real=0.00 secs] 
179.988: Total time for which application threads were stopped: 0.0010560 seconds, Stopping threads took: 0.0000660 seconds
180.027: Application time: 0.0386430 seconds
180.027: [GC180.027: [ParNew: 15960K->1034K(16640K), 0.0016100 secs] 39388K->24462K(55552K), 0.0016430 secs] [Times: user=0.01 sys=0.00, real=0.01 secs] 
180.029: Total time for which application threads were stopped: 0.0017690 seconds, Stopping threads took: 0.0000670 seconds
180.066: Application time: 0.0368510 seconds
180.066: [GC180.066: [ParNew: 15520K->1578K(16640K), 0.0006490 secs] 38948K->25006K(55552K), 0.0006810 secs] [Times: user=0.01 sys=0.00, real=0.00 secs] 
180.067: Total time for which application threads were stopped: 0.0008570 seconds, Stopping threads took: 0.0001160 seconds
180.105: Application time: 0.0381640 seconds
180.105: [GC180.105: [ParNew: 15988K->1546K(16640K), 0.0006590 secs] 39416K->25002K(55552K), 0.0006960 secs] [Times: user=0.01 sys=0.00, real=0.00 secs] 
180.106: Total time for which application threads were stopped: 0.0008180 seconds, Stopping threads took: 0.0000610 seconds
180.141: Application time: 0.0356650 seconds
180.141: [GC180.141: [ParNew: 15952K->1548K(16640K), 0.0010780 secs] 39408K->26028K(55552K), 0.0011140 secs] [Times: user=0.01 sys=0.00, real=0.00 secs] 
180.142: Total time for which application threads were stopped: 0.0012410 seconds, Stopping threads took: 0.0000650 seconds
180.182: Application time: 0.0397910 seconds
180.182: [GC180.182: [ParNew: 15960K->1546K(16640K), 0.0006790 secs] 40440K->26026K(55552K), 0.0007110 secs] [Times: user=0.00 sys=0.00, real=0.00 secs] 
180.183: Total time for which application threads were stopped: 0.0009040 seconds, Stopping threads took: 0.0001370 seconds
180.222: Application time: 0.0383780 seconds
180.222: [GC180.222: [ParNew: 15956K->1546K(16640K), 0.0008330 secs] 40436K->26538K(55552K), 0.0008680 secs] [Times: user=0.00 sys=0.00, real=0.00 secs] 
180.223: Total time for which application threads were stopped: 0.0010150 seconds, Stopping threads took: 0.0000830 seconds
180.261: Application time: 0.0383090 seconds
180.261: [GC180.261: [ParNew: 15958K->1544K(16640K), 0.0006370 secs] 40950K->26536K(55552K), 0.0006690 secs] [Times: user=0.00 sys=0.00, real=0.00 secs] 
180.262: Total time for which application threads were stopped: 0.0007960 seconds, Stopping threads took: 0.0000690 seconds
180.298: Application time: 0.0366720 seconds
180.298: [GC180.298: [ParNew: 15952K->1546K(16640K), 0.0008790 secs] 40944K->27050K(55552K), 0.0009140 secs] [Times: user=0.00 sys=0.00, real=0.00 secs] 
180.299: Total time for which application threads were stopped: 0.0010380 seconds, Stopping threads took: 0.0000610 seconds
180.336: Application time: 0.0368720 seconds
180.336: [GC180.336: [ParNew: 15956K->1546K(16640K), 0.0008870 secs] 41460K->27562K(55552K), 0.0009240 secs] [Times: user=0.00 sys=0.00, real=0.00 secs] 
180.337: Total time for which application threads were stopped: 0.0010440 seconds, Stopping threads took: 0.0000600 seconds
180.376: Application time: 0.0389780 seconds
180.376: [GC180.376: [ParNew: 15958K->1548K(16640K), 0.0007030 secs] 41974K->27564K(55552K), 0.0007360 secs] [Times: user=0.01 sys=0.00, real=0.00 secs] 
180.377: Total time for which application threads were stopped: 0.0008530 seconds, Stopping threads took: 0.0000580 seconds
180.413: Application time: 0.0360970 seconds
180.413: [GC180.413: [ParNew: 16114K->1606K(16640K), 0.0008740 secs] 42131K->28134K(55552K), 0.0009100 secs] [Times: user=0.00 sys=0.00, real=0.00 secs] 
180.414: Total time for which application threads were stopped: 0.0010420 seconds, Stopping threads took: 0.0000700 seconds
180.453: Application time: 0.0387520 seconds
180.453: [GC180.453: [ParNew: 16094K->1576K(16640K), 0.0007250 secs] 42623K->28161K(55552K), 0.0007680 secs] [Times: user=0.00 sys=0.00, real=0.00 secs] 
180.454: Total time for which application threads were stopped: 0.0009060 seconds, Stopping threads took: 0.0000770 seconds
180.493: Application time: 0.0391590 seconds
180.493: [GC180.493: [ParNew: 16066K->1578K(16640K), 0.0007270 secs] 42652K->28192K(55552K), 0.0007580 secs] [Times: user=0.00 sys=0.00, real=0.00 secs] 
180.494: Total time for which application threads were stopped: 0.0008810 seconds, Stopping threads took: 0.0000580 seconds
180.530: Application time: 0.0358220 seconds
180.530: [GC180.530: [ParNew: 15986K->1548K(16640K), 0.0008520 secs] 42600K->28702K(55552K), 0.0008880 secs] [Times: user=0.00 sys=0.00, real=0.00 secs] 
180.531: Total time for which application threads were stopped: 0.0010840 seconds, Stopping threads took: 0.0001320 seconds
180.569: Application time: 0.0379220 seconds
180.569: [GC180.569: [ParNew: 16120K->1608K(16640K), 0.0006690 secs] 43275K->28762K(55552K), 0.0007030 secs] [Times: user=0.00 sys=0.00, real=0.00 secs] 
180.570: Total time for which application threads were stopped: 0.0008160 seconds, Stopping threads took: 0.0000540 seconds
180.607: Application time: 0.0373230 seconds
180.607: [GC180.607: [ParNew: 16010K->1550K(16640K), 0.0014880 secs] 43164K->30809K(55552K), 0.0015290 secs] [Times: user=0.01 sys=0.00, real=0.01 secs] 
180.609: Total time for which application threads were stopped: 0.0016630 seconds, Stopping threads took: 0.0000690 seconds
180.648: Application time: 0.0392520 seconds
180.648: [GC180.648: [ParNew: 16048K->1576K(16640K), 0.0006610 secs] 45308K->30835K(55552K), 0.0006940 secs] [Times: user=0.01 sys=0.00, real=0.01 secs] 
180.649: Total time for which application threads were stopped: 0.0008130 seconds, Stopping threads took: 0.0000590 seconds
180.687: Application time: 0.0387920 seconds
180.688: [GC180.688: [ParNew: 15988K->1034K(16640K), 0.0006100 secs] 45247K->30322K(55552K), 0.0006400 secs] [Times: user=0.00 sys=0.00, real=0.00 secs] 
180.688: Total time for which application threads were stopped: 0.0007440 seconds, Stopping threads took: 0.0000540 seconds
180.724: Application time: 0.0359750 seconds
180.724: [GC180.724: [ParNew: 15440K->1546K(16640K), 0.0008160 secs] 44728K->31346K(55552K), 0.0008520 secs] [Times: user=0.01 sys=0.00, real=0.00 secs] 
180.725: Total time for which application threads were stopped: 0.0009770 seconds, Stopping threads took: 0.0000630 seconds
180.764: Application time: 0.0385330 seconds
180.764: [GC180.764: [ParNew: 16038K->1064K(16640K), 0.0004760 secs] 45838K->30864K(55552K), 0.0005070 secs] [Times: user=0.00 sys=0.00, real=0.00 secs] 
180.764: Total time for which application threads were stopped: 0.0006830 seconds, Stopping threads took: 0.0001200 seconds
180.802: Application time: 0.0378520 seconds
180.802: [GC180.802: [ParNew: 15474K->1546K(16640K), 0.0022430 secs] 45274K->31374K(55552K), 0.0022850 secs] [Times: user=0.00 sys=0.00, real=0.00 secs] 
180.805: Total time for which application threads were stopped: 0.0024100 seconds, Stopping threads took: 0.0000640 seconds
180.843: Application time: 0.0387100 seconds
180.843: [GC180.843: [ParNew: 15958K->1034K(16640K), 0.0004900 secs] 45786K->30862K(55552K), 0.0005210 secs] [Times: user=0.00 sys=0.00, real=0.00 secs] 
180.844: Total time for which application threads were stopped: 0.0006390 seconds, Stopping threads took: 0.0000620 seconds
180.878: Application time: 0.0343950 seconds
180.879: [GC180.879: [ParNew: 15440K->1544K(16640K), 0.0008220 secs] 45268K->31884K(55552K), 0.0008560 secs] [Times: user=0.00 sys=0.00, real=0.00 secs] 
180.879: Total time for which application threads were stopped: 0.0010050 seconds, Stopping threads took: 0.0000880 seconds
180.921: Application time: 0.0415390 seconds
180.921: [GC180.921: [ParNew: 15960K->520K(16640K), 0.0005140 secs] 46301K->30860K(55552K), 0.0005420 secs] [Times: user=0.01 sys=0.00, real=0.00 secs] 
180.922: Total time for which application threads were stopped: 0.0006770 seconds, Stopping threads took: 0.0000830 seconds
180.956: Application time: 0.0339450 seconds
180.956: [GC180.956: [ParNew: 14925K->1544K(16640K), 0.0008950 secs] 45266K->32396K(55552K), 0.0009410 secs] [Times: user=0.00 sys=0.01, real=0.00 secs] 
180.957: Total time for which application threads were stopped: 0.0010980 seconds, Stopping threads took: 0.0000940 seconds
180.996: Application time: 0.0397320 seconds
180.997: [GC180.997: [ParNew: 15960K->520K(16640K), 0.0003900 secs] 46813K->31372K(55552K), 0.0004180 secs] [Times: user=0.00 sys=0.00, real=0.00 secs] 
180.997: Total time for which application threads were stopped: 0.0006390 seconds, Stopping threads took: 0.0001590 seconds
181.032: Application time: 0.0352380 seconds
181.032: [GC181.032: [ParNew: 14923K->1546K(16640K), 0.0008890 secs] 45776K->32910K(55552K), 0.0009240 secs] [Times: user=0.01 sys=0.00, real=0.00 secs] 
181.033: Total time for which application threads were stopped: 0.0010630 seconds, Stopping threads took: 0.0000760 seconds
181.072: Application time: 0.0386740 seconds
181.072: [GC181.072: [ParNew: 15958K->1544K(16640K), 0.0006770 secs] 47323K->32908K(55552K), 0.0007100 secs] [Times: user=0.00 sys=0.00, real=0.00 secs] 
181.073: Total time for which application threads were stopped: 0.0008350 seconds, Stopping threads took: 0.0000660 seconds
181.110: Application time: 0.0373620 seconds
181.110: [GC181.110: [ParNew: 16030K->1576K(16640K), 0.0008270 secs] 47395K->33453K(55552K), 0.0008610 secs] [Times: user=0.00 sys=0.00, real=0.00 secs] 
181.111: Total time for which application threads were stopped: 0.0009820 seconds, Stopping threads took: 0.0000590 seconds
181.150: Application time: 0.0387000 seconds
181.150: [GC181.150: [ParNew: 16142K->1606K(16640K), 0.0011220 secs] 48019K->34535K(55552K), 0.0011600 secs] [Times: user=0.01 sys=0.00, real=0.00 secs] 
181.152: Total time for which application threads were stopped: 0.0016050 seconds, Stopping threads took: 0.0003880 seconds
181.191: Application time: 0.0397500 seconds
181.191: [GC181.191: [ParNew: 16104K->552K(16640K), 0.0004060 secs] 49034K->33538K(55552K), 0.0004370 secs] [Times: user=0.00 sys=0.00, real=0.00 secs] 
181.192: Total time for which application threads were stopped: 0.0005670 seconds, Stopping threads took: 0.0000770 seconds
181.227: Application time: 0.0350470 seconds
181.227: [GC181.227: [ParNew: 14955K->1576K(16640K), 0.0008170 secs] 47942K->35074K(55552K), 0.0008520 secs] [Times: user=0.01 sys=0.00, real=0.00 secs] 
181.228: Total time for which application threads were stopped: 0.0009800 seconds, Stopping threads took: 0.0000620 seconds
181.268: Application time: 0.0404420 seconds
181.268: [GC181.268: [ParNew: 16072K->552K(16640K), 0.0004210 secs] 49570K->34079K(55552K), 0.0004520 secs] [Times: user=0.00 sys=0.00, real=0.01 secs] 
181.269: Total time for which application threads were stopped: 0.0005740 seconds, Stopping threads took: 0.0000680 seconds
181.303: Application time: 0.0343580 seconds
181.303: [GC181.303: [ParNew: 15114K->1634K(16640K), 0.0008630 secs] 48641K->35673K(55552K), 0.0008980 secs] [Times: user=0.00 sys=0.00, real=0.00 secs] 
181.304: Total time for which application threads were stopped: 0.0010290 seconds, Stopping threads took: 0.0000680 seconds
181.345: Application time: 0.0408560 seconds
181.345: [GC181.345: [ParNew: 16050K->522K(16640K), 0.0004210 secs] 50089K->34646K(55552K), 0.0004520 secs] [Times: user=0.00 sys=0.00, real=0.00 secs] 
181.346: Total time for which application threads were stopped: 0.0005670 seconds, Stopping threads took: 0.0000610 seconds
181.380: Application time: 0.0346190 seconds
181.380: [GC181.380: [ParNew: 14925K->1546K(16640K), 0.0008460 secs] 49050K->36182K(55552K), 0.0008820 secs] [Times: user=0.00 sys=0.00, real=0.01 secs] 
181.381: Total time for which application threads were stopped: 0.0010150 seconds, Stopping threads took: 0.0000690 seconds
181.420: Application time: 0.0382230 seconds
181.420: [GC181.420: [ParNew: 15958K->1546K(16640K), 0.0006840 secs] 50594K->36182K(55552K), 0.0007170 secs] [Times: user=0.00 sys=0.00, real=0.00 secs] 
181.420: Total time for which application threads were stopped: 0.0008480 seconds, Stopping threads took: 0.0000630 seconds
181.458: Application time: 0.0380570 seconds
181.459: [GC181.459: [ParNew: 16034K->1578K(16640K), 0.0006500 secs] 50670K->36214K(55552K), 0.0006850 secs] [Times: user=0.00 sys=0.00, real=0.00 secs] 
181.459: Total time for which application threads were stopped: 0.0008210 seconds, Stopping threads took: 0.0000750 seconds
181.496: Application time: 0.0364620 seconds
181.496: [GC181.496: [ParNew: 15986K->1548K(16640K), 0.0008470 secs] 50622K->36725K(55552K), 0.0008830 secs] [Times: user=0.01 sys=0.00, real=0.00 secs] 
181.497: Total time for which application threads were stopped: 0.0010170 seconds, Stopping threads took: 0.0000700 seconds
181.538: Application time: 0.0416600 seconds
181.539: [GC181.539: [ParNew: 15966K->10K(16640K), 0.0002820 secs] 51143K->35187K(55552K), 0.0003100 secs] [Times: user=0.00 sys=0.00, real=0.00 secs] 
181.539: Total time for which application threads were stopped: 0.0004150 seconds, Stopping threads took: 0.0000500 seconds
181.573: Application time: 0.0342360 seconds
181.573: [GC181.573: [ParNew: 14411K->1548K(16640K), 0.0008470 secs] 49588K->37237K(55552K), 0.0008840 secs] [Times: user=0.00 sys=0.00, real=0.00 secs] 
181.574: Total time for which application threads were stopped: 0.0010080 seconds, Stopping threads took: 0.0000590 seconds
181.614: Application time: 0.0397020 seconds
181.614: [GC181.614: [ParNew: 15966K->6K(16640K), 0.0003080 secs] 51655K->35695K(55552K), 0.0003370 secs] [Times: user=0.00 sys=0.00, real=0.00 secs] 
181.614: Total time for which application threads were stopped: 0.0005290 seconds, Stopping threads took: 0.0001390 seconds
181.650: Application time: 0.0356890 seconds
181.650: [GC181.650: [ParNew: 14407K->1546K(16640K), 0.0008540 secs] 50096K->37747K(55552K), 0.0008870 secs] [Times: user=0.00 sys=0.00, real=0.00 secs] 
181.651: Total time for which application threads were stopped: 0.0010110 seconds, Stopping threads took: 0.0000620 seconds
181.651: Application time: 0.0000460 seconds
181.651: [GC [1 CMS-initial-mark: 36201K(38912K)] 38259K(55552K), 0.0000980 secs] [Times: user=0.01 sys=0.00, real=0.00 secs] 
181.651: Total time for which application threads were stopped: 0.0002490 seconds, Stopping threads took: 0.0001310 seconds
181.651: [CMS-concurrent-mark-start]
181.658: [CMS-concurrent-mark: 0.006/0.006 secs] [Times: user=0.04 sys=0.00, real=0.00 secs] 
181.658: [CMS-concurrent-preclean-start]
181.658: [CMS-concurrent-preclean: 0.000/0.000 secs] [Times: user=0.00 sys=0.00, real=0.00 secs] 
181.658: [CMS-concurrent-abortable-preclean-start]
181.690: Application time: 0.0389530 seconds
181.690: [GC181.690: [ParNew: 15956K->1548K(16640K), 0.0007940 secs] 52157K->38261K(55552K), 0.0008280 secs] [Times: user=0.01 sys=0.00, real=0.00 secs] 
181.691: Total time for which application threads were stopped: 0.0009710 seconds, Stopping threads took: 0.0000830 seconds
181.730: Application time: 0.0390920 seconds
181.730: [GC181.730: [ParNew: 15962K->1034K(16640K), 0.0004680 secs] 52675K->37747K(55552K), 0.0005000 secs] [Times: user=0.00 sys=0.00, real=0.00 secs] 
181.731: Total time for which application threads were stopped: 0.0006140 seconds, Stopping threads took: 0.0000580 seconds
181.768: Application time: 0.0373670 seconds
181.768: [GC181.768: [ParNew: 15442K->1548K(16640K), 0.0006620 secs] 52155K->38261K(55552K), 0.0006950 secs] [Times: user=0.00 sys=0.00, real=0.01 secs] 
181.769: Total time for which application threads were stopped: 0.0008130 seconds, Stopping threads took: 0.0000570 seconds
181.808: Application time: 0.0384540 seconds
181.808: [GC181.808: [ParNew: 16036K->1576K(16640K), 0.0006330 secs] 52749K->38289K(55552K), 0.0006670 secs] [Times: user=0.00 sys=0.00, real=0.00 secs] 
181.808: Total time for which application threads were stopped: 0.0007940 seconds, Stopping threads took: 0.0000690 seconds
181.846: Application time: 0.0375200 seconds
181.846: [GC181.846: [ParNew: 16062K->1576K(16640K), 0.0009720 secs] 52775K->38829K(55552K), 0.0010170 secs] [Times: user=0.01 sys=0.00, real=0.00 secs] 
181.847: Total time for which application threads were stopped: 0.0011640 seconds, Stopping threads took: 0.0000840 seconds
181.885: Application time: 0.0374700 seconds
181.885: [GC181.885: [ParNew: 16066K->1580K(16640K), 0.0006970 secs] 53320K->38862K(55552K), 0.0007320 secs] [Times: user=0.01 sys=0.00, real=0.00 secs] 
181.885: Total time for which application threads were stopped: 0.0008670 seconds, Stopping threads took: 0.0000750 seconds
181.923: Application time: 0.0379290 seconds
181.924: [GC181.924: [ParNew: 16070K->1062K(16640K), 0.0006390 secs] 53352K->38372K(55552K), 0.0006700 secs] [Times: user=0.00 sys=0.00, real=0.00 secs] 
181.924: Total time for which application threads were stopped: 0.0008210 seconds, Stopping threads took: 0.0000930 seconds
181.961: Application time: 0.0372150 seconds
181.962: [GC181.962: [ParNew: 15468K->1548K(16640K), 0.0008380 secs] 52778K->39399K(55552K), 0.0008740 secs] [Times: user=0.01 sys=0.00, real=0.00 secs] 
181.962: Total time for which application threads were stopped: 0.0010020 seconds, Stopping threads took: 0.0000650 seconds
182.002: Application time: 0.0396140 seconds
182.002: [GC182.002: [ParNew: 16124K->582K(16640K), 0.0004420 secs] 53976K->38433K(55552K), 0.0004710 secs] [Times: user=0.01 sys=0.00, real=0.00 secs] 
182.003: Total time for which application threads were stopped: 0.0005840 seconds, Stopping threads took: 0.0000600 seconds
182.039: Application time: 0.0365100 seconds
182.039: [GC182.039: [ParNew: 15064K->1636K(16640K), 0.0006880 secs] 52915K->39487K(55552K), 0.0007180 secs] [Times: user=0.00 sys=0.00, real=0.00 secs] 
182.040: Total time for which application threads were stopped: 0.0008460 seconds, Stopping threads took: 0.0000750 seconds
182.077: Application time: 0.0373950 seconds
182.077: [GC182.078: [ParNew: 16048K->1548K(16640K), 0.0007490 secs] 53899K->39484K(55552K), 0.0007810 secs] [Times: user=0.01 sys=0.00, real=0.00 secs] 
182.078: Total time for which application threads were stopped: 0.0009120 seconds, Stopping threads took: 0.0000620 seconds
182.116: Application time: 0.0373800 seconds
182.116: [GC182.116: [ParNew: 15956K->1544K(16640K), 0.0008670 secs] 53892K->39992K(55552K), 0.0009030 secs] [Times: user=0.01 sys=0.00, real=0.00 secs] 
182.117: Total time for which application threads were stopped: 0.0010500 seconds, Stopping threads took: 0.0000860 seconds
182.117: [CMS-concurrent-abortable-preclean: 0.002/0.459 secs] [Times: user=3.60 sys=0.00, real=0.46 secs] 
182.117: Application time: 0.0000850 seconds
182.121: [GC[YG occupancy: 2056 K (16640 K)]182.121: [Rescan (parallel) , 0.0001680 secs]182.121: [weak refs processing, 0.0000060 secs]182.121: [scrub string table, 0.0000830 secs] [1 CMS-remark: 38448K(38912K)] 40504K(55552K), 0.0002810 secs] [Times: user=0.01 sys=0.00, real=0.00 secs] 
182.121: Total time for which application threads were stopped: 0.0042010 seconds, Stopping threads took: 0.0038770 seconds
182.121: [CMS-concurrent-sweep-start]
182.122: [CMS-concurrent-sweep: 0.001/0.001 secs] [Times: user=0.00 sys=0.00, real=0.00 secs] 
182.122: [CMS-concurrent-reset-start]
182.122: [CMS-concurrent-reset: 0.000/0.000 secs] [Times: user=0.00 sys=0.00, real=0.00 secs] 
182.160: Application time: 0.0388100 seconds
182.160: [GC182.160: [ParNew: 16038K->1064K(16640K), 0.0005190 secs] 24363K->9389K(55552K), 0.0005540 secs] [Times: user=0.00 sys=0.00, real=0.00 secs] 
182.161: Total time for which application threads were stopped: 0.0006800 seconds, Stopping threads took: 0.0000670 seconds
182.196: Application time: 0.0358280 seconds
182.196: [GC182.196: [ParNew: 15468K->1548K(16640K), 0.0010600 secs] 23793K->10925K(55552K), 0.0010970 secs] [Times: user=0.01 sys=0.00, real=0.00 secs] 
182.198: Total time for which application threads were stopped: 0.0012540 seconds, Stopping threads took: 0.0000920 seconds
182.237: Application time: 0.0390270 seconds
182.237: [GC182.237: [ParNew: 15964K->1032K(16640K), 0.0005070 secs] 25342K->10409K(55552K), 0.0005400 secs] [Times: user=0.00 sys=0.00, real=0.00 secs] 
182.237: Total time for which application threads were stopped: 0.0006820 seconds, Stopping threads took: 0.0000800 seconds
182.274: Application time: 0.0368600 seconds
182.274: [GC182.274: [ParNew: 15438K->1546K(16640K), 0.0008580 secs] 24815K->11435K(55552K), 0.0008890 secs] [Times: user=0.00 sys=0.00, real=0.00 secs] 
182.275: Total time for which application threads were stopped: 0.0010310 seconds, Stopping threads took: 0.0000800 seconds
182.314: Application time: 0.0384820 seconds
182.314: [GC182.314: [ParNew: 15960K->1034K(16640K), 0.0005960 secs] 25850K->10923K(55552K), 0.0006270 secs] [Times: user=0.01 sys=0.00, real=0.00 secs] 
182.315: Total time for which application threads were stopped: 0.0008640 seconds, Stopping threads took: 0.0001800 seconds
182.352: Application time: 0.0376460 seconds
182.352: [GC182.352: [ParNew: 15442K->1544K(16640K), 0.0007320 secs] 25331K->11433K(55552K), 0.0007650 secs] [Times: user=0.00 sys=0.00, real=0.00 secs] 
182.353: Total time for which application threads were stopped: 0.0009010 seconds, Stopping threads took: 0.0000800 seconds
182.390: Application time: 0.0364050 seconds
182.390: [GC182.390: [ParNew: 15952K->1546K(16640K), 0.0008690 secs] 25841K->11947K(55552K), 0.0009060 secs] [Times: user=0.00 sys=0.00, real=0.00 secs] 
182.391: Total time for which application threads were stopped: 0.0010220 seconds, Stopping threads took: 0.0000580 seconds
182.428: Application time: 0.0371580 seconds
182.428: [GC182.428: [ParNew: 15956K->1546K(16640K), 0.0008780 secs] 26357K->12459K(55552K), 0.0009120 secs] [Times: user=0.01 sys=0.00, real=0.01 secs] 
182.429: Total time for which application threads were stopped: 0.0010330 seconds, Stopping threads took: 0.0000610 seconds
182.468: Application time: 0.0393220 seconds
182.468: [GC182.468: [ParNew: 15960K->1032K(16640K), 0.0005280 secs] 26874K->11945K(55552K), 0.0005590 secs] [Times: user=0.00 sys=0.00, real=0.01 secs] 
182.469: Total time for which application threads were stopped: 0.0006980 seconds, Stopping threads took: 0.0000830 seconds
182.507: Application time: 0.0381420 seconds
182.507: [GC182.507: [ParNew: 15518K->1578K(16640K), 0.0006370 secs] 26431K->12491K(55552K), 0.0006730 secs] [Times: user=0.01 sys=0.00, real=0.00 secs] 
182.508: Total time for which application threads were stopped: 0.0008030 seconds, Stopping threads took: 0.0000670 seconds
182.544: Application time: 0.0365080 seconds
182.544: [GC182.544: [ParNew: 15984K->1550K(16640K), 0.0009130 secs] 26897K->13004K(55552K), 0.0009490 secs] [Times: user=0.01 sys=0.00, real=0.00 secs] 
182.545: Total time for which application threads were stopped: 0.0011070 seconds, Stopping threads took: 0.0000990 seconds
182.584: Application time: 0.0384940 seconds
182.584: [GC182.584: [ParNew: 16123K->1608K(16640K), 0.0006750 secs] 27577K->13062K(55552K), 0.0007090 secs] [Times: user=0.01 sys=0.00, real=0.00 secs] 
182.585: Total time for which application threads were stopped: 0.0008420 seconds, Stopping threads took: 0.0000660 seconds
182.623: Application time: 0.0379850 seconds
182.623: [GC182.623: [ParNew: 16018K->1550K(16640K), 0.0007520 secs] 27472K->13061K(55552K), 0.0007850 secs] [Times: user=0.00 sys=0.00, real=0.00 secs] 
182.624: Total time for which application threads were stopped: 0.0009370 seconds, Stopping threads took: 0.0000920 seconds
182.662: Application time: 0.0382770 seconds
182.662: [GC182.662: [ParNew: 16038K->1576K(16640K), 0.0007860 secs] 27549K->13087K(55552K), 0.0008250 secs] [Times: user=0.00 sys=0.00, real=0.00 secs] 
182.663: Total time for which application threads were stopped: 0.0013280 seconds, Stopping threads took: 0.0004440 seconds
182.701: Application time: 0.0382620 seconds
182.702: [GC182.702: [ParNew: 16144K->1604K(16640K), 0.0009040 secs] 27656K->13656K(55552K), 0.0009390 secs] [Times: user=0.01 sys=0.00, real=0.00 secs] 
182.703: Total time for which application threads were stopped: 0.0010540 seconds, Stopping threads took: 0.0000540 seconds
182.740: Application time: 0.0374520 seconds
182.740: [GC182.740: [ParNew: 16092K->1578K(16640K), 0.0008550 secs] 28144K->14199K(55552K), 0.0009000 secs] [Times: user=0.00 sys=0.00, real=0.01 secs] 
182.741: Total time for which application threads were stopped: 0.0010160 seconds, Stopping threads took: 0.0000570 seconds
182.779: Application time: 0.0376080 seconds
182.779: [GC182.779: [ParNew: 15986K->1548K(16640K), 0.0008700 secs] 28607K->14709K(55552K), 0.0009040 secs] [Times: user=0.00 sys=0.00, real=0.00 secs] 
182.780: Total time for which application threads were stopped: 0.0011110 seconds, Stopping threads took: 0.0001420 seconds
182.818: Application time: 0.0385210 seconds
182.818: [GC182.818: [ParNew: 15964K->1034K(16640K), 0.0005100 secs] 29125K->14195K(55552K), 0.0005390 secs] [Times: user=0.01 sys=0.00, real=0.00 secs] 
182.819: Total time for which application threads were stopped: 0.0006680 seconds, Stopping threads took: 0.0000740 seconds
182.855: Application time: 0.0360340 seconds
182.855: [GC182.855: [ParNew: 15518K->1580K(16640K), 0.0010850 secs] 28679K->15765K(55552K), 0.0011210 secs] [Times: user=0.01 sys=0.00, real=0.00 secs] 
182.856: Total time for which application threads were stopped: 0.0012690 seconds, Stopping threads took: 0.0000840 seconds
182.896: Application time: 0.0395910 seconds
182.896: [GC182.896: [ParNew: 15996K->1034K(16640K), 0.0004940 secs] 30181K->15248K(55552K), 0.0005240 secs] [Times: user=0.00 sys=0.00, real=0.00 secs] 
182.896: Total time for which application threads were stopped: 0.0006360 seconds, Stopping threads took: 0.0000570 seconds
182.931: Application time: 0.0348830 seconds
182.931: [GC182.931: [ParNew: 15437K->1548K(16640K), 0.0010180 secs] 29651K->16786K(55552K), 0.0010540 secs] [Times: user=0.01 sys=0.00, real=0.00 secs] 
182.933: Total time for which application threads were stopped: 0.0011870 seconds, Stopping threads took: 0.0000670 seconds
182.973: Application time: 0.0404690 seconds
182.973: [GC182.973: [ParNew: 15964K->1032K(16640K), 0.0005520 secs] 31202K->16270K(55552K), 0.0005830 secs] [Times: user=0.00 sys=0.00, real=0.00 secs] 
182.974: Total time for which application threads were stopped: 0.0008560 seconds, Stopping threads took: 0.0002180 seconds
183.011: Application time: 0.0368600 seconds
183.011: [GC183.011: [ParNew: 15435K->1548K(16640K), 0.0010320 secs] 30673K->17810K(55552K), 0.0010700 secs] [Times: user=0.00 sys=0.00, real=0.00 secs] 
183.012: Total time for which application threads were stopped: 0.0012010 seconds, Stopping threads took: 0.0000660 seconds
183.050: Application time: 0.0385680 seconds
183.051: [GC183.051: [ParNew: 15966K->520K(16640K), 0.0003490 secs] 32228K->16782K(55552K), 0.0003780 secs] [Times: user=0.00 sys=0.00, real=0.00 secs] 
183.051: Total time for which application threads were stopped: 0.0004820 seconds, Stopping threads took: 0.0000520 seconds
183.083: Application time: 0.0320940 seconds
183.083: [GC183.083: [ParNew: 14923K->1548K(16640K), 0.0008940 secs] 31185K->18322K(55552K), 0.0009270 secs] [Times: user=0.01 sys=0.00, real=0.00 secs] 
183.084: Total time for which application threads were stopped: 0.0010790 seconds, Stopping threads took: 0.0000910 seconds
183.122: Application time: 0.0377690 seconds
183.122: [GC183.122: [ParNew: 15964K->520K(16640K), 0.0004730 secs] 32738K->17294K(55552K), 0.0005030 secs] [Times: user=0.00 sys=0.00, real=0.00 secs] 
183.123: Total time for which application threads were stopped: 0.0006370 seconds, Stopping threads took: 0.0000740 seconds
183.154: Application time: 0.0319440 seconds
183.155: [GC183.155: [ParNew: 14923K->1546K(16640K), 0.0008350 secs] 31697K->18832K(55552K), 0.0008680 secs] [Times: user=0.00 sys=0.00, real=0.00 secs] 
183.155: Total time for which application threads were stopped: 0.0009900 seconds, Stopping threads took: 0.0000620 seconds
183.190: Application time: 0.0347780 seconds
183.190: [GC183.190: [ParNew: 16034K->1574K(16640K), 0.0009310 secs] 33320K->19372K(55552K), 0.0009640 secs] [Times: user=0.01 sys=0.00, real=0.00 secs] 
183.191: Total time for which application threads were stopped: 0.0010790 seconds, Stopping threads took: 0.0000600 seconds
183.227: Application time: 0.0360650 seconds
183.228: [GC183.228: [ParNew: 15986K->1546K(16640K), 0.0006670 secs] 33784K->19372K(55552K), 0.0007070 secs] [Times: user=0.00 sys=0.00, real=0.00 secs] 
183.228: Total time for which application threads were stopped: 0.0008450 seconds, Stopping threads took: 0.0000780 seconds
183.262: Application time: 0.0334860 seconds
183.262: [GC183.262: [ParNew: 16032K->1578K(16640K), 0.0007960 secs] 33858K->19916K(55552K), 0.0008320 secs] [Times: user=0.00 sys=0.00, real=0.00 secs] 
183.263: Total time for which application threads were stopped: 0.0009860 seconds, Stopping threads took: 0.0000920 seconds
183.297: Application time: 0.0342870 seconds
183.297: [GC183.297: [ParNew: 16070K->1576K(16640K), 0.0007450 secs] 34409K->19943K(55552K), 0.0007780 secs] [Times: user=0.00 sys=0.00, real=0.00 secs] 
183.298: Total time for which application threads were stopped: 0.0009310 seconds, Stopping threads took: 0.0000950 seconds
183.333: Application time: 0.0353450 seconds
183.333: [GC183.333: [ParNew: 16062K->1578K(16640K), 0.0008400 secs] 34429K->20485K(55552K), 0.0008750 secs] [Times: user=0.00 sys=0.00, real=0.00 secs] 
183.334: Total time for which application threads were stopped: 0.0009950 seconds, Stopping threads took: 0.0000600 seconds
183.370: Application time: 0.0361250 seconds
183.371: [GC183.371: [ParNew: 16074K->552K(16640K), 0.0004410 secs] 34982K->19488K(55552K), 0.0004690 secs] [Times: user=0.00 sys=0.00, real=0.00 secs] 
183.371: Total time for which application threads were stopped: 0.0005840 seconds, Stopping threads took: 0.0000610 seconds
183.404: Application time: 0.0328840 seconds
183.404: [GC183.404: [ParNew: 15034K->1604K(16640K), 0.0009170 secs] 33970K->21052K(55552K), 0.0009490 secs] [Times: user=0.00 sys=0.00, real=0.00 secs] 
183.405: Total time for which application threads were stopped: 0.0010730 seconds, Stopping threads took: 0.0000640 seconds
183.441: Application time: 0.0359990 seconds
183.441: [GC183.441: [ParNew: 16094K->1576K(16640K), 0.0007380 secs] 35542K->21081K(55552K), 0.0007710 secs] [Times: user=0.01 sys=0.00, real=0.00 secs] 
183.442: Total time for which application threads were stopped: 0.0009180 seconds, Stopping threads took: 0.0000920 seconds
183.476: Application time: 0.0343390 seconds
183.476: [GC183.476: [ParNew: 15986K->1548K(16640K), 0.0008090 secs] 35491K->21081K(55552K), 0.0008450 secs] [Times: user=0.01 sys=0.00, real=0.00 secs] 
183.477: Total time for which application threads were stopped: 0.0009690 seconds, Stopping threads took: 0.0000610 seconds
183.512: Application time: 0.0352090 seconds
183.513: [GC183.513: [ParNew: 16034K->1576K(16640K), 0.0008650 secs] 35568K->21621K(55552K), 0.0008990 secs] [Times: user=0.00 sys=0.01, real=0.00 secs] 
183.513: Total time for which application threads were stopped: 0.0010210 seconds, Stopping threads took: 0.0000600 seconds
183.549: Application time: 0.0354670 seconds
183.549: [GC183.549: [ParNew: 15990K->1032K(16640K), 0.0006440 secs] 36036K->21106K(55552K), 0.0006740 secs] [Times: user=0.00 sys=0.00, real=0.00 secs] 
183.550: Total time for which application threads were stopped: 0.0007800 seconds, Stopping threads took: 0.0000540 seconds
183.584: Application time: 0.0344460 seconds
183.584: [GC183.584: [ParNew: 15438K->1546K(16640K), 0.0008520 secs] 35512K->22132K(55552K), 0.0008860 secs] [Times: user=0.00 sys=0.00, real=0.00 secs] 
183.585: Total time for which application threads were stopped: 0.0010250 seconds, Stopping threads took: 0.0000790 seconds
183.621: Application time: 0.0355500 seconds
183.621: [GC183.621: [ParNew: 15960K->1034K(16640K), 0.0004700 secs] 36546K->21620K(55552K), 0.0005000 secs] [Times: user=0.00 sys=0.00, real=0.00 secs] 
183.621: Total time for which application threads were stopped: 0.0006350 seconds, Stopping threads took: 0.0000790 seconds
183.655: Application time: 0.0334060 seconds
183.655: [GC183.655: [ParNew: 15440K->1546K(16640K), 0.0008660 secs] 36026K->22644K(55552K), 0.0008980 secs] [Times: user=0.00 sys=0.00, real=0.00 secs] 
183.656: Total time for which application threads were stopped: 0.0010450 seconds, Stopping threads took: 0.0000660 seconds
183.690: Application time: 0.0345140 seconds
183.690: [GC183.690: [ParNew: 15958K->1544K(16640K), 0.0007120 secs] 37056K->22642K(55552K), 0.0007450 secs] [Times: user=0.00 sys=0.00, real=0.00 secs] 
183.691: Total time for which application threads were stopped: 0.0008630 seconds, Stopping threads took: 0.0000660 seconds
183.725: Application time: 0.0342060 seconds
183.725: [GC183.726: [ParNew: 15954K->1544K(16640K), 0.0006630 secs] 37052K->22642K(55552K), 0.0006960 secs] [Times: user=0.00 sys=0.00, real=0.00 secs] 
183.726: Total time for which application threads were stopped: 0.0008110 seconds, Stopping threads took: 0.0000590 seconds
183.760: Application time: 0.0337430 seconds
183.760: [GC183.760: [ParNew: 15954K->1546K(16640K), 0.0006720 secs] 37052K->22644K(55552K), 0.0007060 secs] [Times: user=0.01 sys=0.00, real=0.01 secs] 
183.761: Total time for which application threads were stopped: 0.0008940 seconds, Stopping threads took: 0.0001300 seconds
183.797: Application time: 0.0363590 seconds
183.797: [GC183.797: [ParNew: 15954K->1546K(16640K), 0.0008640 secs] 37052K->23156K(55552K), 0.0008980 secs] [Times: user=0.01 sys=0.00, real=0.00 secs] 
183.798: Total time for which application threads were stopped: 0.0010200 seconds, Stopping threads took: 0.0000620 seconds
183.833: Application time: 0.0351260 seconds
183.833: [GC183.833: [ParNew: 16040K->550K(16640K), 0.0003750 secs] 37651K->22160K(55552K), 0.0004050 secs] [Times: user=0.00 sys=0.00, real=0.00 secs] 
183.834: Total time for which application threads were stopped: 0.0005200 seconds, Stopping threads took: 0.0000620 seconds
183.868: Application time: 0.0336520 seconds
183.868: [GC183.868: [ParNew: 14951K->1580K(16640K), 0.0009970 secs] 36562K->24214K(55552K), 0.0010350 secs] [Times: user=0.01 sys=0.00, real=0.01 secs] 
183.869: Total time for which application threads were stopped: 0.0011690 seconds, Stopping threads took: 0.0000710 seconds
183.906: Application time: 0.0370860 seconds
183.906: [GC183.906: [ParNew: 16078K->550K(16640K), 0.0003620 secs] 38713K->23212K(55552K), 0.0003900 secs] [Times: user=0.00 sys=0.00, real=0.00 secs] 
183.906: Total time for which application threads were stopped: 0.0005000 seconds, Stopping threads took: 0.0000590 seconds
183.938: Application time: 0.0320610 seconds
183.938: [GC183.938: [ParNew: 14953K->1578K(16640K), 0.0008070 secs] 37616K->24753K(55552K), 0.0008410 secs] [Times: user=0.00 sys=0.00, real=0.00 secs] 
183.939: Total time for which application threads were stopped: 0.0009780 seconds, Stopping threads took: 0.0000740 seconds
183.977: Application time: 0.0375640 seconds
183.977: [GC183.977: [ParNew: 16072K->1064K(16640K), 0.0005830 secs] 39247K->24267K(55552K), 0.0006140 secs] [Times: user=0.01 sys=0.00, real=0.00 secs] 
183.978: Total time for which application threads were stopped: 0.0007310 seconds, Stopping threads took: 0.0000620 seconds
184.009: Application time: 0.0318350 seconds
184.010: [GC184.010: [ParNew: 15628K->1608K(16640K), 0.0008380 secs] 38832K->25352K(55552K), 0.0008730 secs] [Times: user=0.01 sys=0.00, real=0.00 secs] 
184.010: Total time for which application threads were stopped: 0.0010040 seconds, Stopping threads took: 0.0000700 seconds
184.046: Application time: 0.0354120 seconds
184.046: [GC184.046: [ParNew: 16098K->1578K(16640K), 0.0008660 secs] 39842K->25891K(55552K), 0.0008980 secs] [Times: user=0.01 sys=0.00, real=0.00 secs] 
184.047: Total time for which application threads were stopped: 0.0010250 seconds, Stopping threads took: 0.0000670 seconds
184.082: Application time: 0.0353370 seconds
184.082: [GC184.082: [ParNew: 16070K->1064K(16640K), 0.0005280 secs] 40383K->25405K(55552K), 0.0005580 secs] [Times: user=0.01 sys=0.00, real=0.00 secs] 
184.083: Total time for which application threads were stopped: 0.0006920 seconds, Stopping threads took: 0.0000780 seconds
184.117: Application time: 0.0338190 seconds
184.117: [GC184.117: [ParNew: 15468K->1548K(16640K), 0.0008700 secs] 39809K->26430K(55552K), 0.0009020 secs] [Times: user=0.01 sys=0.00, real=0.00 secs] 
184.118: Total time for which application threads were stopped: 0.0010500 seconds, Stopping threads took: 0.0000870 seconds
184.154: Application time: 0.0364230 seconds
184.154: [GC184.154: [ParNew: 16044K->1064K(16640K), 0.0005910 secs] 40926K->25946K(55552K), 0.0006230 secs] [Times: user=0.01 sys=0.00, real=0.00 secs] 
184.155: Total time for which application threads were stopped: 0.0007400 seconds, Stopping threads took: 0.0000610 seconds
184.190: Application time: 0.0345810 seconds
184.190: [GC184.190: [ParNew: 15470K->1546K(16640K), 0.0008100 secs] 40352K->26968K(55552K), 0.0008430 secs] [Times: user=0.01 sys=0.00, real=0.00 secs] 
184.191: Total time for which application threads were stopped: 0.0010140 seconds, Stopping threads took: 0.0001080 seconds
184.225: Application time: 0.0346450 seconds
184.225: [GC184.225: [ParNew: 15956K->1548K(16640K), 0.0008040 secs] 41378K->27482K(55552K), 0.0008390 secs] [Times: user=0.01 sys=0.00, real=0.00 secs] 
184.226: Total time for which application threads were stopped: 0.0009650 seconds, Stopping threads took: 0.0000660 seconds
184.262: Application time: 0.0356030 seconds
184.262: [GC184.262: [ParNew: 15962K->1034K(16640K), 0.0005220 secs] 41896K->26968K(55552K), 0.0005540 secs] [Times: user=0.01 sys=0.00, real=0.00 secs] 
184.262: Total time for which application threads were stopped: 0.0006660 seconds, Stopping threads took: 0.0000590 seconds
184.297: Application time: 0.0347550 seconds
184.297: [GC184.297: [ParNew: 15440K->1548K(16640K), 0.0007910 secs] 41374K->27994K(55552K), 0.0008240 secs] [Times: user=0.01 sys=0.00, real=0.00 secs] 
184.298: Total time for which application threads were stopped: 0.0009510 seconds, Stopping threads took: 0.0000670 seconds
184.333: Application time: 0.0348150 seconds
184.333: [GC184.333: [ParNew: 15958K->1548K(16640K), 0.0008030 secs] 42404K->28506K(55552K), 0.0008380 secs] [Times: user=0.01 sys=0.00, real=0.00 secs] 
184.334: Total time for which application threads were stopped: 0.0009640 seconds, Stopping threads took: 0.0000660 seconds
184.371: Application time: 0.0366150 seconds
184.371: [GC184.371: [ParNew: 15960K->1546K(16640K), 0.0007290 secs] 42918K->28504K(55552K), 0.0007580 secs] [Times: user=0.00 sys=0.00, real=0.00 secs] 
184.371: Total time for which application threads were stopped: 0.0008710 seconds, Stopping threads took: 0.0000560 seconds
184.405: Application time: 0.0339980 seconds
184.406: [GC184.406: [ParNew: 15954K->1548K(16640K), 0.0009020 secs] 42912K->29018K(55552K), 0.0009350 secs] [Times: user=0.00 sys=0.00, real=0.00 secs] 
184.407: Total time for which application threads were stopped: 0.0010780 seconds, Stopping threads took: 0.0000820 seconds
184.442: Application time: 0.0357800 seconds
184.442: [GC184.442: [ParNew: 15960K->1544K(16640K), 0.0007300 secs] 43430K->29014K(55552K), 0.0007610 secs] [Times: user=0.01 sys=0.00, real=0.00 secs] 
184.443: Total time for which application threads were stopped: 0.0008890 seconds, Stopping threads took: 0.0000770 seconds
184.478: Application time: 0.0348950 seconds
184.479: [GC184.479: [ParNew: 16036K->554K(16640K), 0.0004060 secs] 43507K->28024K(55552K), 0.0004470 secs] [Times: user=0.00 sys=0.00, real=0.00 secs] 
184.479: Total time for which application threads were stopped: 0.0010830 seconds, Stopping threads took: 0.0005690 seconds
184.512: Application time: 0.0330290 seconds
184.512: [GC184.512: [ParNew: 14957K->1576K(16640K), 0.0008200 secs] 42428K->29558K(55552K), 0.0008550 secs] [Times: user=0.01 sys=0.00, real=0.00 secs] 
184.513: Total time for which application threads were stopped: 0.0009810 seconds, Stopping threads took: 0.0000630 seconds
184.550: Application time: 0.0371520 seconds
184.551: [GC184.551: [ParNew: 15990K->1548K(16640K), 0.0006670 secs] 43973K->29559K(55552K), 0.0007000 secs] [Times: user=0.01 sys=0.00, real=0.00 secs] 
184.551: Total time for which application threads were stopped: 0.0009000 seconds, Stopping threads took: 0.0001400 seconds
184.586: Application time: 0.0352520 seconds
184.587: [GC184.587: [ParNew: 16036K->1578K(16640K), 0.0007590 secs] 44047K->29589K(55552K), 0.0007990 secs] [Times: user=0.01 sys=0.00, real=0.00 secs] 
184.587: Total time for which application threads were stopped: 0.0009370 seconds, Stopping threads took: 0.0000790 seconds
184.622: Application time: 0.0349220 seconds
184.622: [GC184.622: [ParNew: 16066K->1578K(16640K), 0.0007020 secs] 44077K->29617K(55552K), 0.0007360 secs] [Times: user=0.01 sys=0.00, real=0.00 secs] 
184.623: Total time for which application threads were stopped: 0.0008780 seconds, Stopping threads took: 0.0000820 seconds
184.658: Application time: 0.0350130 seconds
184.658: [GC184.658: [ParNew: 16064K->1580K(16640K), 0.0008530 secs] 44104K->30160K(55552K), 0.0008900 secs] [Times: user=0.00 sys=0.00, real=0.00 secs] 
184.659: Total time for which application threads were stopped: 0.0010140 seconds, Stopping threads took: 0.0000630 seconds
184.696: Application time: 0.0367850 seconds
184.696: [GC184.696: [ParNew: 16154K->1096K(16640K), 0.0005590 secs] 44735K->29704K(55552K), 0.0005890 secs] [Times: user=0.00 sys=0.00, real=0.00 secs] 
184.697: Total time for which application threads were stopped: 0.0007290 seconds, Stopping threads took: 0.0000790 seconds
184.730: Application time: 0.0333620 seconds
184.730: [GC184.730: [ParNew: 15580K->1578K(16640K), 0.0009200 secs] 44189K->30755K(55552K), 0.0009550 secs] [Times: user=0.00 sys=0.00, real=0.00 secs] 
184.731: Total time for which application threads were stopped: 0.0010760 seconds, Stopping threads took: 0.0000610 seconds
184.768: Application time: 0.0369100 seconds
184.768: [GC184.768: [ParNew: 15994K->522K(16640K), 0.0003870 secs] 45172K->29728K(55552K), 0.0004180 secs] [Times: user=0.00 sys=0.00, real=0.01 secs] 
184.769: Total time for which application threads were stopped: 0.0005370 seconds, Stopping threads took: 0.0000670 seconds
184.802: Application time: 0.0332390 seconds
184.802: [GC184.802: [ParNew: 14925K->1544K(16640K), 0.0009250 secs] 44132K->31262K(55552K), 0.0009570 secs] [Times: user=0.00 sys=0.00, real=0.00 secs] 
184.803: Total time for which application threads were stopped: 0.0010770 seconds, Stopping threads took: 0.0000630 seconds
184.837: Application time: 0.0342440 seconds
184.837: [GC184.837: [ParNew: 16032K->1576K(16640K), 0.0008720 secs] 45750K->31806K(55552K), 0.0009060 secs] [Times: user=0.00 sys=0.00, real=0.00 secs] 
184.838: Total time for which application threads were stopped: 0.0010440 seconds, Stopping threads took: 0.0000770 seconds
184.874: Application time: 0.0359310 seconds
184.874: [GC184.874: [ParNew: 15988K->1548K(16640K), 0.0006970 secs] 46218K->31806K(55552K), 0.0007280 secs] [Times: user=0.01 sys=0.00, real=0.00 secs] 
184.875: Total time for which application threads were stopped: 0.0008650 seconds, Stopping threads took: 0.0000790 seconds
184.909: Application time: 0.0340790 seconds
184.909: [GC184.909: [ParNew: 15958K->1546K(16640K), 0.0006310 secs] 46216K->31804K(55552K), 0.0006630 secs] [Times: user=0.00 sys=0.00, real=0.00 secs] 
184.910: Total time for which application threads were stopped: 0.0007800 seconds, Stopping threads took: 0.0000600 seconds
184.945: Application time: 0.0352230 seconds
184.945: [GC184.945: [ParNew: 15956K->1546K(16640K), 0.0006290 secs] 46214K->31804K(55552K), 0.0006610 secs] [Times: user=0.00 sys=0.00, real=0.00 secs] 
184.946: Total time for which application threads were stopped: 0.0007830 seconds, Stopping threads took: 0.0000660 seconds
184.980: Application time: 0.0336100 seconds
184.980: [GC184.980: [ParNew: 15952K->1548K(16640K), 0.0010750 secs] 46210K->32830K(55552K), 0.0011110 secs] [Times: user=0.01 sys=0.00, real=0.01 secs] 
184.981: Total time for which application threads were stopped: 0.0012460 seconds, Stopping threads took: 0.0000710 seconds
185.017: Application time: 0.0363430 seconds
185.017: [GC185.017: [ParNew: 15960K->1546K(16640K), 0.0008330 secs] 47243K->33340K(55552K), 0.0008650 secs] [Times: user=0.01 sys=0.00, real=0.00 secs] 
185.018: Total time for which application threads were stopped: 0.0009910 seconds, Stopping threads took: 0.0000600 seconds
185.053: Application time: 0.0352260 seconds
185.053: [GC185.054: [ParNew: 15958K->1546K(16640K), 0.0006700 secs] 47753K->33340K(55552K), 0.0007000 secs] [Times: user=0.01 sys=0.00, real=0.00 secs] 
185.054: Total time for which application threads were stopped: 0.0008340 seconds, Stopping threads took: 0.0000770 seconds
185.090: Application time: 0.0356920 seconds
185.090: [GC185.090: [ParNew: 15960K->522K(16640K), 0.0003450 secs] 47755K->32316K(55552K), 0.0003730 secs] [Times: user=0.00 sys=0.00, real=0.00 secs] 
185.090: Total time for which application threads were stopped: 0.0005130 seconds, Stopping threads took: 0.0000880 seconds
185.124: Application time: 0.0333690 seconds
185.124: [GC185.124: [ParNew: 15004K->1578K(16640K), 0.0007960 secs] 46799K->33885K(55552K), 0.0008300 secs] [Times: user=0.01 sys=0.00, real=0.00 secs] 
185.125: Total time for which application threads were stopped: 0.0009610 seconds, Stopping threads took: 0.0000720 seconds
185.160: Application time: 0.0349000 seconds
185.160: [GC185.160: [ParNew: 15992K->1034K(16640K), 0.0004890 secs] 48299K->33369K(55552K), 0.0005190 secs] [Times: user=0.00 sys=0.00, real=0.00 secs] 
185.160: Total time for which application threads were stopped: 0.0006570 seconds, Stopping threads took: 0.0000840 seconds
185.194: Application time: 0.0340210 seconds
185.194: [GC185.194: [ParNew: 15440K->1546K(16640K), 0.0009110 secs] 47775K->34393K(55552K), 0.0009370 secs] [Times: user=0.01 sys=0.00, real=0.00 secs] 
185.195: Total time for which application threads were stopped: 0.0010690 seconds, Stopping threads took: 0.0000780 seconds
185.231: Application time: 0.0350920 seconds
185.231: [GC185.231: [ParNew: 16038K->1062K(16640K), 0.0005800 secs] 48886K->33909K(55552K), 0.0006080 secs] [Times: user=0.00 sys=0.00, real=0.00 secs] 
185.231: Total time for which application threads were stopped: 0.0007370 seconds, Stopping threads took: 0.0000690 seconds
185.265: Application time: 0.0332670 seconds
185.265: [GC185.265: [ParNew: 15466K->1548K(16640K), 0.0010440 secs] 48313K->35448K(55552K), 0.0010800 secs] [Times: user=0.01 sys=0.00, real=0.00 secs] 
185.266: Total time for which application threads were stopped: 0.0012240 seconds, Stopping threads took: 0.0000800 seconds
185.266: Application time: 0.0000810 seconds
185.266: [GC [1 CMS-initial-mark: 33899K(38912K)] 35960K(55552K), 0.0001020 secs] [Times: user=0.00 sys=0.00, real=0.00 secs] 
185.266: Total time for which application threads were stopped: 0.0003220 seconds, Stopping threads took: 0.0002000 seconds
185.266: [CMS-concurrent-mark-start]
185.270: [CMS-concurrent-mark: 0.003/0.003 secs] [Times: user=0.02 sys=0.00, real=0.01 secs] 
185.270: [CMS-concurrent-preclean-start]
185.270: [CMS-concurrent-preclean: 0.000/0.000 secs] [Times: user=0.00 sys=0.00, real=0.00 secs] 
185.270: Application time: 0.0036410 seconds
185.270: [GC[YG occupancy: 3100 K (16640 K)]185.270: [Rescan (parallel) , 0.0001830 secs]185.270: [weak refs processing, 0.0000060 secs]185.270: [scrub string table, 0.0000950 secs] [1 CMS-remark: 33899K(38912K)] 37000K(55552K), 0.0003110 secs] [Times: user=0.00 sys=0.00, real=0.00 secs] 
185.270: Total time for which application threads were stopped: 0.0004400 seconds, Stopping threads took: 0.0001050 seconds
185.270: [CMS-concurrent-sweep-start]
185.271: [CMS-concurrent-sweep: 0.001/0.001 secs] [Times: user=0.00 sys=0.00, real=0.00 secs] 
185.271: [CMS-concurrent-reset-start]
185.271: [CMS-concurrent-reset: 0.000/0.000 secs] [Times: user=0.00 sys=0.00, real=0.00 secs] 
185.305: Application time: 0.0346040 seconds
185.305: [GC185.305: [ParNew: 16205K->1122K(16640K), 0.0005670 secs] 22764K->7681K(55552K), 0.0005970 secs] [Times: user=0.00 sys=0.00, real=0.00 secs] 
185.306: Total time for which application threads were stopped: 0.0008280 seconds, Stopping threads took: 0.0001750 seconds
185.338: Application time: 0.0326150 seconds
185.338: [GC185.338: [ParNew: 15604K->1578K(16640K), 0.0010600 secs] 22164K->9247K(55552K), 0.0011050 secs] [Times: user=0.01 sys=0.00, real=0.00 secs] 
185.340: Total time for which application threads were stopped: 0.0012400 seconds, Stopping threads took: 0.0000720 seconds
185.377: Application time: 0.0371490 seconds
185.377: [GC185.377: [ParNew: 16066K->1580K(16640K), 0.0010470 secs] 23735K->10302K(55552K), 0.0010830 secs] [Times: user=0.01 sys=0.00, real=0.00 secs] 
185.378: Total time for which application threads were stopped: 0.0012310 seconds, Stopping threads took: 0.0000860 seconds
185.415: Application time: 0.0369640 seconds
185.415: [GC185.415: [ParNew: 15998K->520K(16640K), 0.0003850 secs] 24720K->9270K(55552K), 0.0004160 secs] [Times: user=0.01 sys=0.00, real=0.00 secs] 
185.415: Total time for which application threads were stopped: 0.0005230 seconds, Stopping threads took: 0.0000530 seconds
185.447: Application time: 0.0316740 seconds
185.447: [GC185.447: [ParNew: 14921K->1552K(16640K), 0.0010360 secs] 23672K->11326K(55552K), 0.0010740 secs] [Times: user=0.01 sys=0.00, real=0.00 secs] 
185.448: Total time for which application threads were stopped: 0.0012030 seconds, Stopping threads took: 0.0000680 seconds
185.485: Application time: 0.0371640 seconds
185.486: [GC185.486: [ParNew: 16044K->1574K(16640K), 0.0005820 secs] 25819K->11348K(55552K), 0.0006110 secs] [Times: user=0.01 sys=0.00, real=0.00 secs] 
185.486: Total time for which application threads were stopped: 0.0007230 seconds, Stopping threads took: 0.0000580 seconds
185.520: Application time: 0.0339180 seconds
185.520: [GC185.520: [ParNew: 15982K->1548K(16640K), 0.0008610 secs] 25756K->11863K(55552K), 0.0008970 secs] [Times: user=0.00 sys=0.00, real=0.01 secs] 
185.521: Total time for which application threads were stopped: 0.0010340 seconds, Stopping threads took: 0.0000750 seconds
185.557: Application time: 0.0360690 seconds
185.557: [GC185.557: [ParNew: 15962K->1034K(16640K), 0.0005500 secs] 26277K->11348K(55552K), 0.0005820 secs] [Times: user=0.01 sys=0.00, real=0.00 secs] 
185.558: Total time for which application threads were stopped: 0.0006930 seconds, Stopping threads took: 0.0000560 seconds
185.590: Application time: 0.0319310 seconds
185.590: [GC185.590: [ParNew: 15437K->1550K(16640K), 0.0010690 secs] 25752K->12889K(55552K), 0.0011060 secs] [Times: user=0.01 sys=0.00, real=0.00 secs] 
185.591: Total time for which application threads were stopped: 0.0012560 seconds, Stopping threads took: 0.0000860 seconds
185.629: Application time: 0.0381750 seconds
185.629: [GC185.629: [ParNew: 15968K->522K(16640K), 0.0004110 secs] 27307K->11860K(55552K), 0.0004420 secs] [Times: user=0.01 sys=0.00, real=0.00 secs] 
185.630: Total time for which application threads were stopped: 0.0005520 seconds, Stopping threads took: 0.0000590 seconds
185.661: Application time: 0.0310720 seconds
185.661: [GC185.661: [ParNew: 14923K->1548K(16640K), 0.0010130 secs] 26262K->13911K(55552K), 0.0010480 secs] [Times: user=0.00 sys=0.00, real=0.00 secs] 
185.662: Total time for which application threads were stopped: 0.0011860 seconds, Stopping threads took: 0.0000750 seconds
185.701: Application time: 0.0392850 seconds
185.701: [GC185.701: [ParNew: 15962K->1546K(16640K), 0.0006900 secs] 28325K->13909K(55552K), 0.0007210 secs] [Times: user=0.00 sys=0.00, real=0.00 secs] 
185.702: Total time for which application threads were stopped: 0.0008580 seconds, Stopping threads took: 0.0000790 seconds
185.735: Application time: 0.0330530 seconds
185.735: [GC185.735: [ParNew: 15954K->1546K(16640K), 0.0008400 secs] 28317K->14421K(55552K), 0.0008770 secs] [Times: user=0.01 sys=0.00, real=0.00 secs] 
185.736: Total time for which application threads were stopped: 0.0010110 seconds, Stopping threads took: 0.0000600 seconds
185.771: Application time: 0.0342380 seconds
185.771: [GC185.771: [ParNew: 15956K->1546K(16640K), 0.0008280 secs] 28831K->14933K(55552K), 0.0008620 secs] [Times: user=0.01 sys=0.00, real=0.00 secs] 
185.772: Total time for which application threads were stopped: 0.0010090 seconds, Stopping threads took: 0.0000880 seconds
185.807: Application time: 0.0352820 seconds
185.807: [GC185.807: [ParNew: 16034K->1576K(16640K), 0.0024460 secs] 29421K->15475K(55552K), 0.0024930 secs] [Times: user=0.01 sys=0.00, real=0.01 secs] 
185.809: Total time for which application threads were stopped: 0.0026440 seconds, Stopping threads took: 0.0000890 seconds
185.844: Application time: 0.0349360 seconds
185.844: [GC185.845: [ParNew: 15988K->1546K(16640K), 0.0007480 secs] 29887K->15473K(55552K), 0.0007820 secs] [Times: user=0.00 sys=0.00, real=0.00 secs] 
185.845: Total time for which application threads were stopped: 0.0008950 seconds, Stopping threads took: 0.0000580 seconds
185.880: Application time: 0.0346860 seconds
185.880: [GC185.880: [ParNew: 15956K->1548K(16640K), 0.0006560 secs] 29883K->15475K(55552K), 0.0006890 secs] [Times: user=0.00 sys=0.00, real=0.01 secs] 
185.881: Total time for which application threads were stopped: 0.0009070 seconds, Stopping threads took: 0.0001590 seconds
185.917: Application time: 0.0356580 seconds
185.917: [GC185.917: [ParNew: 16038K->1576K(16640K), 0.0006670 secs] 29965K->15503K(55552K), 0.0007010 secs] [Times: user=0.00 sys=0.00, real=0.00 secs] 
185.917: Total time for which application threads were stopped: 0.0008800 seconds, Stopping threads took: 0.0001000 seconds
185.951: Application time: 0.0339690 seconds
185.952: [GC185.952: [ParNew: 16216K->1632K(16640K), 0.0010910 secs] 30144K->16612K(55552K), 0.0011280 secs] [Times: user=0.01 sys=0.00, real=0.00 secs] 
185.953: Total time for which application threads were stopped: 0.0012520 seconds, Stopping threads took: 0.0000620 seconds
185.988: Application time: 0.0355100 seconds
185.988: [GC185.988: [ParNew: 16048K->1036K(16640K), 0.0005780 secs] 31028K->16101K(55552K), 0.0006090 secs] [Times: user=0.00 sys=0.00, real=0.01 secs] 
185.989: Total time for which application threads were stopped: 0.0007240 seconds, Stopping threads took: 0.0000580 seconds
186.022: Application time: 0.0334400 seconds
186.022: [GC186.022: [ParNew: 15520K->1578K(16640K), 0.0008750 secs] 30585K->17155K(55552K), 0.0009090 secs] [Times: user=0.01 sys=0.00, real=0.00 secs] 
186.023: Total time for which application threads were stopped: 0.0010350 seconds, Stopping threads took: 0.0000650 seconds
186.058: Application time: 0.0346170 seconds
186.058: [GC186.058: [ParNew: 16066K->1576K(16640K), 0.0008210 secs] 31644K->17694K(55552K), 0.0008540 secs] [Times: user=0.01 sys=0.00, real=0.00 secs] 
186.059: Total time for which application threads were stopped: 0.0010720 seconds, Stopping threads took: 0.0001550 seconds
186.095: Application time: 0.0356250 seconds
186.095: [GC186.095: [ParNew: 15988K->1548K(16640K), 0.0006520 secs] 32106K->17694K(55552K), 0.0006820 secs] [Times: user=0.00 sys=0.00, real=0.00 secs] 
186.095: Total time for which application threads were stopped: 0.0008020 seconds, Stopping threads took: 0.0000690 seconds
186.129: Application time: 0.0337490 seconds
186.129: [GC186.129: [ParNew: 16032K->1578K(16640K), 0.0009780 secs] 32179K->18748K(55552K), 0.0010120 secs] [Times: user=0.01 sys=0.00, real=0.00 secs] 
186.130: Total time for which application threads were stopped: 0.0011420 seconds, Stopping threads took: 0.0000690 seconds
186.167: Application time: 0.0369220 seconds
186.167: [GC186.167: [ParNew: 15992K->1546K(16640K), 0.0006610 secs] 33163K->18745K(55552K), 0.0006900 secs] [Times: user=0.01 sys=0.00, real=0.00 secs] 
186.168: Total time for which application threads were stopped: 0.0008200 seconds, Stopping threads took: 0.0000740 seconds
186.201: Application time: 0.0330220 seconds
186.201: [GC186.201: [ParNew: 15952K->1548K(16640K), 0.0010490 secs] 33151K->19771K(55552K), 0.0010860 secs] [Times: user=0.01 sys=0.00, real=0.00 secs] 
186.202: Total time for which application threads were stopped: 0.0012240 seconds, Stopping threads took: 0.0000740 seconds
186.239: Application time: 0.0367330 seconds
186.239: [GC186.239: [ParNew: 15964K->1036K(16640K), 0.0004590 secs] 34187K->19259K(55552K), 0.0004900 secs] [Times: user=0.00 sys=0.00, real=0.00 secs] 
186.240: Total time for which application threads were stopped: 0.0006210 seconds, Stopping threads took: 0.0000650 seconds
186.272: Application time: 0.0327280 seconds
186.273: [GC186.273: [ParNew: 15439K->1548K(16640K), 0.0010220 secs] 33663K->20795K(55552K), 0.0010640 secs] [Times: user=0.01 sys=0.00, real=0.00 secs] 
186.274: Total time for which application threads were stopped: 0.0011970 seconds, Stopping threads took: 0.0000690 seconds
186.310: Application time: 0.0361900 seconds
186.310: [GC186.310: [ParNew: 15962K->1546K(16640K), 0.0006580 secs] 35209K->20793K(55552K), 0.0006890 secs] [Times: user=0.00 sys=0.00, real=0.00 secs] 
186.311: Total time for which application threads were stopped: 0.0008100 seconds, Stopping threads took: 0.0000650 seconds
186.346: Application time: 0.0348640 seconds
186.346: [GC186.346: [ParNew: 15956K->1546K(16640K), 0.0006620 secs] 35203K->20793K(55552K), 0.0006980 secs] [Times: user=0.00 sys=0.00, real=0.00 secs] 
186.346: Total time for which application threads were stopped: 0.0008180 seconds, Stopping threads took: 0.0000680 seconds
186.380: Application time: 0.0335750 seconds
186.380: [GC186.380: [ParNew: 15952K->1548K(16640K), 0.0008470 secs] 35199K->21307K(55552K), 0.0008820 secs] [Times: user=0.01 sys=0.00, real=0.01 secs] 
186.381: Total time for which application threads were stopped: 0.0010960 seconds, Stopping threads took: 0.0001520 seconds
186.416: Application time: 0.0354470 seconds
186.417: [GC186.417: [ParNew: 15962K->1546K(16640K), 0.0006270 secs] 35721K->21305K(55552K), 0.0006590 secs] [Times: user=0.01 sys=0.00, real=0.00 secs] 
186.417: Total time for which application threads were stopped: 0.0007930 seconds, Stopping threads took: 0.0000760 seconds
186.452: Application time: 0.0350170 seconds
186.452: [GC186.452: [ParNew: 16034K->1576K(16640K), 0.0008430 secs] 35793K->21847K(55552K), 0.0008760 secs] [Times: user=0.01 sys=0.00, real=0.00 secs] 
186.453: Total time for which application threads were stopped: 0.0010660 seconds, Stopping threads took: 0.0001280 seconds
186.489: Application time: 0.0354900 seconds
186.489: [GC186.489: [ParNew: 15986K->1546K(16640K), 0.0008690 secs] 36257K->22357K(55552K), 0.0009030 secs] [Times: user=0.01 sys=0.00, real=0.00 secs] 
186.490: Total time for which application threads were stopped: 0.0010180 seconds, Stopping threads took: 0.0000540 seconds
186.525: Application time: 0.0352020 seconds
186.525: [GC186.525: [ParNew: 15958K->1546K(16640K), 0.0006680 secs] 36770K->22357K(55552K), 0.0007020 secs] [Times: user=0.00 sys=0.00, real=0.00 secs] 
186.526: Total time for which application threads were stopped: 0.0008300 seconds, Stopping threads took: 0.0000710 seconds
186.560: Application time: 0.0336140 seconds
186.560: [GC186.560: [ParNew: 16032K->1574K(16640K), 0.0008970 secs] 36844K->22898K(55552K), 0.0009300 secs] [Times: user=0.00 sys=0.00, real=0.01 secs] 
186.561: Total time for which application threads were stopped: 0.0010830 seconds, Stopping threads took: 0.0000940 seconds
186.597: Application time: 0.0359000 seconds
186.597: [GC186.597: [ParNew: 16148K->1608K(16640K), 0.0007050 secs] 37472K->22960K(55552K), 0.0007390 secs] [Times: user=0.00 sys=0.00, real=0.00 secs] 
186.597: Total time for which application threads were stopped: 0.0008540 seconds, Stopping threads took: 0.0000600 seconds
186.633: Application time: 0.0356350 seconds
186.633: [GC186.633: [ParNew: 16096K->1580K(16640K), 0.0006560 secs] 37448K->22989K(55552K), 0.0006890 secs] [Times: user=0.00 sys=0.00, real=0.00 secs] 
186.634: Total time for which application threads were stopped: 0.0008350 seconds, Stopping threads took: 0.0000870 seconds
186.668: Application time: 0.0338470 seconds
186.668: [GC186.668: [ParNew: 15986K->1548K(16640K), 0.0008810 secs] 37395K->23498K(55552K), 0.0009150 secs] [Times: user=0.00 sys=0.00, real=0.01 secs] 
186.669: Total time for which application threads were stopped: 0.0010730 seconds, Stopping threads took: 0.0001000 seconds
186.705: Application time: 0.0360820 seconds
186.705: [GC186.705: [ParNew: 16042K->1576K(16640K), 0.0006440 secs] 37992K->23526K(55552K), 0.0006870 secs] [Times: user=0.00 sys=0.00, real=0.00 secs] 
186.706: Total time for which application threads were stopped: 0.0008140 seconds, Stopping threads took: 0.0000690 seconds
186.738: Application time: 0.0322560 seconds
186.738: [GC186.738: [ParNew: 16064K->1580K(16640K), 0.0008110 secs] 38014K->24070K(55552K), 0.0008460 secs] [Times: user=0.01 sys=0.00, real=0.00 secs] 
186.739: Total time for which application threads were stopped: 0.0009780 seconds, Stopping threads took: 0.0000710 seconds
186.775: Application time: 0.0359480 seconds
186.775: [GC186.775: [ParNew: 15992K->1544K(16640K), 0.0007010 secs] 38482K->24063K(55552K), 0.0007320 secs] [Times: user=0.00 sys=0.00, real=0.00 secs] 
186.776: Total time for which application threads were stopped: 0.0008680 seconds, Stopping threads took: 0.0000720 seconds
186.810: Application time: 0.0347320 seconds
186.811: [GC186.811: [ParNew: 16036K->1066K(16640K), 0.0004710 secs] 38555K->23585K(55552K), 0.0005030 secs] [Times: user=0.00 sys=0.00, real=0.00 secs] 
186.811: Total time for which application threads were stopped: 0.0006140 seconds, Stopping threads took: 0.0000550 seconds
186.846: Application time: 0.0346050 seconds
186.846: [GC186.846: [ParNew: 15470K->1548K(16640K), 0.0010630 secs] 37989K->25119K(55552K), 0.0010990 secs] [Times: user=0.01 sys=0.00, real=0.00 secs] 
186.847: Total time for which application threads were stopped: 0.0012150 seconds, Stopping threads took: 0.0000610 seconds
186.883: Application time: 0.0365800 seconds
186.884: [GC186.884: [ParNew: 15964K->1034K(16640K), 0.0005010 secs] 39535K->24605K(55552K), 0.0005300 secs] [Times: user=0.01 sys=0.00, real=0.00 secs] 
186.884: Total time for which application threads were stopped: 0.0006570 seconds, Stopping threads took: 0.0000710 seconds
186.918: Application time: 0.0338430 seconds
186.918: [GC186.918: [ParNew: 15442K->1546K(16640K), 0.0006640 secs] 39013K->25117K(55552K), 0.0006950 secs] [Times: user=0.00 sys=0.00, real=0.00 secs] 
186.919: Total time for which application threads were stopped: 0.0008140 seconds, Stopping threads took: 0.0000630 seconds
186.955: Application time: 0.0362420 seconds
186.955: [GC186.955: [ParNew: 15956K->1546K(16640K), 0.0007290 secs] 39527K->25117K(55552K), 0.0007590 secs] [Times: user=0.00 sys=0.00, real=0.00 secs] 
186.956: Total time for which application threads were stopped: 0.0008800 seconds, Stopping threads took: 0.0000650 seconds
186.989: Application time: 0.0329450 seconds
186.989: [GC186.989: [ParNew: 15950K->1550K(16640K), 0.0011800 secs] 39521K->26657K(55552K), 0.0012160 secs] [Times: user=0.01 sys=0.00, real=0.00 secs] 
186.990: Total time for which application threads were stopped: 0.0013380 seconds, Stopping threads took: 0.0000580 seconds
187.027: Application time: 0.0365220 seconds
187.027: [GC187.027: [ParNew: 15964K->1546K(16640K), 0.0008300 secs] 41071K->27165K(55552K), 0.0008620 secs] [Times: user=0.01 sys=0.00, real=0.00 secs] 
187.028: Total time for which application threads were stopped: 0.0009960 seconds, Stopping threads took: 0.0000730 seconds
187.064: Application time: 0.0360770 seconds
187.064: [GC187.064: [ParNew: 16038K->1580K(16640K), 0.0006290 secs] 41657K->27199K(55552K), 0.0006630 secs] [Times: user=0.00 sys=0.01, real=0.00 secs] 
187.065: Total time for which application threads were stopped: 0.0007830 seconds, Stopping threads took: 0.0000620 seconds
187.102: Application time: 0.0372210 seconds
187.102: [GC187.102: [ParNew: 15990K->1548K(16640K), 0.0007180 secs] 41609K->27196K(55552K), 0.0007510 secs] [Times: user=0.01 sys=0.00, real=0.00 secs] 
187.103: Total time for which application threads were stopped: 0.0008830 seconds, Stopping threads took: 0.0000730 seconds
187.140: Application time: 0.0371940 seconds
187.140: [GC187.140: [ParNew: 15956K->1546K(16640K), 0.0008360 secs] 41604K->27706K(55552K), 0.0008700 secs] [Times: user=0.01 sys=0.00, real=0.01 secs] 
187.141: Total time for which application threads were stopped: 0.0010030 seconds, Stopping threads took: 0.0000720 seconds
187.181: Application time: 0.0404990 seconds
187.182: [GC187.182: [ParNew: 15958K->1548K(16640K), 0.0006650 secs] 42118K->27708K(55552K), 0.0007050 secs] [Times: user=0.00 sys=0.00, real=0.00 secs] 
187.182: Total time for which application threads were stopped: 0.0008360 seconds, Stopping threads took: 0.0000740 seconds
187.221: Application time: 0.0386100 seconds
187.221: [GC187.221: [ParNew: 15960K->1032K(16640K), 0.0005680 secs] 42120K->27192K(55552K), 0.0005980 secs] [Times: user=0.00 sys=0.00, real=0.00 secs] 
187.222: Total time for which application threads were stopped: 0.0007180 seconds, Stopping threads took: 0.0000650 seconds
187.258: Application time: 0.0360690 seconds
187.258: [GC187.258: [ParNew: 15672K->1634K(16640K), 0.0008710 secs] 41832K->28306K(55552K), 0.0009080 secs] [Times: user=0.00 sys=0.00, real=0.00 secs] 
187.259: Total time for which application threads were stopped: 0.0010340 seconds, Stopping threads took: 0.0000630 seconds
187.298: Application time: 0.0390110 seconds
187.298: [GC187.298: [ParNew: 16048K->1040K(16640K), 0.0005580 secs] 42720K->27797K(55552K), 0.0005900 secs] [Times: user=0.00 sys=0.00, real=0.00 secs] 
187.299: Total time for which application threads were stopped: 0.0008420 seconds, Stopping threads took: 0.0001900 seconds
187.333: Application time: 0.0348220 seconds
187.333: [GC187.334: [ParNew: 15522K->1578K(16640K), 0.0010290 secs] 42279K->29359K(55552K), 0.0010660 secs] [Times: user=0.00 sys=0.00, real=0.00 secs] 
187.335: Total time for which application threads were stopped: 0.0012150 seconds, Stopping threads took: 0.0000840 seconds
187.375: Application time: 0.0404830 seconds
187.375: [GC187.375: [ParNew: 16070K->1574K(16640K), 0.0007000 secs] 43852K->29384K(55552K), 0.0007320 secs] [Times: user=0.00 sys=0.00, real=0.00 secs] 
187.376: Total time for which application threads were stopped: 0.0008540 seconds, Stopping threads took: 0.0000620 seconds
187.413: Application time: 0.0371770 seconds
187.413: [GC187.413: [ParNew: 16058K->1578K(16640K), 0.0009420 secs] 43868K->29928K(55552K), 0.0009750 secs] [Times: user=0.00 sys=0.00, real=0.00 secs] 
187.414: Total time for which application threads were stopped: 0.0011950 seconds, Stopping threads took: 0.0001570 seconds
187.452: Application time: 0.0374590 seconds
187.452: [GC187.452: [ParNew: 16070K->1580K(16640K), 0.0008440 secs] 44421K->30471K(55552K), 0.0008780 secs] [Times: user=0.01 sys=0.00, real=0.00 secs] 
187.453: Total time for which application threads were stopped: 0.0010120 seconds, Stopping threads took: 0.0000720 seconds
187.491: Application time: 0.0380150 seconds
187.491: [GC187.491: [ParNew: 15992K->1550K(16640K), 0.0006570 secs] 44883K->30469K(55552K), 0.0006900 secs] [Times: user=0.01 sys=0.00, real=0.00 secs] 
187.492: Total time for which application threads were stopped: 0.0008130 seconds, Stopping threads took: 0.0000640 seconds
187.528: Application time: 0.0367260 seconds
187.528: [GC187.528: [ParNew: 15958K->1544K(16640K), 0.0008460 secs] 44877K->30975K(55552K), 0.0008810 secs] [Times: user=0.00 sys=0.00, real=0.01 secs] 
187.529: Total time for which application threads were stopped: 0.0010290 seconds, Stopping threads took: 0.0000880 seconds
187.566: Application time: 0.0367460 seconds
187.566: [GC187.566: [ParNew: 15952K->1548K(16640K), 0.0009910 secs] 45383K->32003K(55552K), 0.0010280 secs] [Times: user=0.00 sys=0.00, real=0.00 secs] 
187.567: Total time for which application threads were stopped: 0.0011580 seconds, Stopping threads took: 0.0000640 seconds
187.606: Application time: 0.0387400 seconds
187.606: [GC187.606: [ParNew: 15962K->1546K(16640K), 0.0006650 secs] 46418K->32001K(55552K), 0.0006980 secs] [Times: user=0.01 sys=0.00, real=0.00 secs] 
187.607: Total time for which application threads were stopped: 0.0008820 seconds, Stopping threads took: 0.0001230 seconds
187.644: Application time: 0.0375300 seconds
187.645: [GC187.645: [ParNew: 15954K->1550K(16640K), 0.0008090 secs] 46409K->32518K(55552K), 0.0008400 secs] [Times: user=0.00 sys=0.00, real=0.00 secs] 
187.646: Total time for which application threads were stopped: 0.0010850 seconds, Stopping threads took: 0.0001860 seconds
187.684: Application time: 0.0380880 seconds
187.684: [GC187.684: [ParNew: 15962K->1546K(16640K), 0.0006340 secs] 46930K->32513K(55552K), 0.0006730 secs] [Times: user=0.00 sys=0.00, real=0.00 secs] 
187.684: Total time for which application threads were stopped: 0.0008210 seconds, Stopping threads took: 0.0000900 seconds
187.721: Application time: 0.0363880 seconds
187.721: [GC187.721: [ParNew: 15954K->1546K(16640K), 0.0007930 secs] 46921K->33025K(55552K), 0.0008290 secs] [Times: user=0.01 sys=0.00, real=0.00 secs] 
187.722: Total time for which application threads were stopped: 0.0009450 seconds, Stopping threads took: 0.0000560 seconds
187.761: Application time: 0.0389530 seconds
187.761: [GC187.761: [ParNew: 16036K->1572K(16640K), 0.0006850 secs] 47516K->33052K(55552K), 0.0007190 secs] [Times: user=0.00 sys=0.00, real=0.00 secs] 
187.762: Total time for which application threads were stopped: 0.0008400 seconds, Stopping threads took: 0.0000620 seconds
187.796: Application time: 0.0347340 seconds
187.796: [GC187.796: [ParNew: 15974K->1550K(16640K), 0.0014850 secs] 47453K->35106K(55552K), 0.0015260 secs] [Times: user=0.01 sys=0.01, real=0.00 secs] 
187.798: Total time for which application threads were stopped: 0.0016550 seconds, Stopping threads took: 0.0000680 seconds
187.798: Application time: 0.0000750 seconds
187.798: [GC [1 CMS-initial-mark: 33556K(38912K)] 35618K(55552K), 0.0001000 secs] [Times: user=0.00 sys=0.00, real=0.00 secs] 
187.798: Total time for which application threads were stopped: 0.0003370 seconds, Stopping threads took: 0.0002170 seconds
187.798: [CMS-concurrent-mark-start]
187.802: [CMS-concurrent-mark: 0.004/0.004 secs] [Times: user=0.01 sys=0.00, real=0.01 secs] 
187.802: [CMS-concurrent-preclean-start]
187.802: [CMS-concurrent-preclean: 0.000/0.000 secs] [Times: user=0.00 sys=0.00, real=0.00 secs] 
187.802: Application time: 0.0037540 seconds
187.802: [GC[YG occupancy: 2074 K (16640 K)]187.802: [Rescan (parallel) , 0.0001580 secs]187.802: [weak refs processing, 0.0000070 secs]187.802: [scrub string table, 0.0000990 secs] [1 CMS-remark: 33556K(38912K)] 35630K(55552K), 0.0002910 secs] [Times: user=0.01 sys=0.00, real=0.00 secs] 
187.802: Total time for which application threads were stopped: 0.0003740 seconds, Stopping threads took: 0.0000520 seconds
187.803: [CMS-concurrent-sweep-start]
187.803: [CMS-concurrent-sweep: 0.001/0.001 secs] [Times: user=0.00 sys=0.00, real=0.00 secs] 
187.803: [CMS-concurrent-reset-start]
187.803: [CMS-concurrent-reset: 0.000/0.000 secs] [Times: user=0.00 sys=0.00, real=0.00 secs] 
187.840: Application time: 0.0375520 seconds
187.840: [GC187.840: [ParNew: 15966K->1544K(16640K), 0.0007190 secs] 23552K->9129K(55552K), 0.0007500 secs] [Times: user=0.00 sys=0.00, real=0.01 secs] 
187.841: Total time for which application threads were stopped: 0.0009090 seconds, Stopping threads took: 0.0001010 seconds
187.880: Application time: 0.0386070 seconds
187.880: [GC187.880: [ParNew: 15956K->1548K(16640K), 0.0008010 secs] 23542K->9646K(55552K), 0.0008370 secs] [Times: user=0.01 sys=0.00, real=0.00 secs] 
187.881: Total time for which application threads were stopped: 0.0009850 seconds, Stopping threads took: 0.0000740 seconds
187.921: Application time: 0.0404700 seconds
187.921: [GC187.921: [ParNew: 16046K->552K(16640K), 0.0003600 secs] 24144K->8650K(55552K), 0.0003930 secs] [Times: user=0.00 sys=0.00, real=0.00 secs] 
187.922: Total time for which application threads were stopped: 0.0005240 seconds, Stopping threads took: 0.0000760 seconds
187.957: Application time: 0.0351530 seconds
187.957: [GC187.957: [ParNew: 15034K->1608K(16640K), 0.0008420 secs] 23132K->10218K(55552K), 0.0008770 secs] [Times: user=0.01 sys=0.00, real=0.00 secs] 
187.958: Total time for which application threads were stopped: 0.0009970 seconds, Stopping threads took: 0.0000580 seconds
187.999: Application time: 0.0408560 seconds
187.999: [GC187.999: [ParNew: 16104K->556K(16640K), 0.0004570 secs] 24714K->9223K(55552K), 0.0004880 secs] [Times: user=0.01 sys=0.00, real=0.00 secs] 
187.999: Total time for which application threads were stopped: 0.0006060 seconds, Stopping threads took: 0.0000590 seconds
188.034: Application time: 0.0346830 seconds
188.034: [GC188.034: [ParNew: 15038K->1604K(16640K), 0.0009240 secs] 23705K->10783K(55552K), 0.0009580 secs] [Times: user=0.01 sys=0.00, real=0.00 secs] 
188.035: Total time for which application threads were stopped: 0.0010960 seconds, Stopping threads took: 0.0000750 seconds
188.074: Application time: 0.0387990 seconds
188.074: [GC188.074: [ParNew: 16014K->1548K(16640K), 0.0008510 secs] 25193K->11296K(55552K), 0.0008860 secs] [Times: user=0.00 sys=0.00, real=0.00 secs] 
188.075: Total time for which application threads were stopped: 0.0010120 seconds, Stopping threads took: 0.0000640 seconds
188.113: Application time: 0.0384020 seconds
188.113: [GC188.113: [ParNew: 16042K->550K(16640K), 0.0004710 secs] 25790K->10298K(55552K), 0.0005000 secs] [Times: user=0.00 sys=0.00, real=0.00 secs] 
188.114: Total time for which application threads were stopped: 0.0006290 seconds, Stopping threads took: 0.0000770 seconds
188.149: Application time: 0.0353680 seconds
188.149: [GC188.149: [ParNew: 15032K->1606K(16640K), 0.0008650 secs] 24780K->11866K(55552K), 0.0008980 secs] [Times: user=0.00 sys=0.00, real=0.00 secs] 
188.150: Total time for which application threads were stopped: 0.0010210 seconds, Stopping threads took: 0.0000640 seconds
188.191: Application time: 0.0403850 seconds
188.191: [GC188.191: [ParNew: 16102K->552K(16640K), 0.0004790 secs] 26362K->10869K(55552K), 0.0005110 secs] [Times: user=0.00 sys=0.00, real=0.00 secs] 
188.191: Total time for which application threads were stopped: 0.0006500 seconds, Stopping threads took: 0.0000840 seconds
188.226: Application time: 0.0347110 seconds
188.226: [GC188.226: [ParNew: 14955K->1578K(16640K), 0.0008640 secs] 25273K->12407K(55552K), 0.0008980 secs] [Times: user=0.00 sys=0.00, real=0.00 secs] 
188.227: Total time for which application threads were stopped: 0.0010450 seconds, Stopping threads took: 0.0000850 seconds
188.268: Application time: 0.0408560 seconds
188.268: [GC188.268: [ParNew: 15992K->1036K(16640K), 0.0005260 secs] 26821K->11893K(55552K), 0.0005590 secs] [Times: user=0.00 sys=0.00, real=0.00 secs] 
188.269: Total time for which application threads were stopped: 0.0006900 seconds, Stopping threads took: 0.0000630 seconds
188.304: Application time: 0.0359570 seconds
188.305: [GC188.305: [ParNew: 15442K->1544K(16640K), 0.0007880 secs] 26299K->12913K(55552K), 0.0008230 secs] [Times: user=0.00 sys=0.00, real=0.00 secs] 
188.306: Total time for which application threads were stopped: 0.0010040 seconds, Stopping threads took: 0.0001090 seconds
188.344: Application time: 0.0383850 seconds
188.344: [GC188.344: [ParNew: 15954K->1548K(16640K), 0.0008080 secs] 27323K->13429K(55552K), 0.0008490 secs] [Times: user=0.01 sys=0.00, real=0.00 secs] 
188.345: Total time for which application threads were stopped: 0.0009690 seconds, Stopping threads took: 0.0000560 seconds
188.383: Application time: 0.0377000 seconds
188.383: [GC188.383: [ParNew: 15960K->1546K(16640K), 0.0007860 secs] 27841K->13427K(55552K), 0.0008180 secs] [Times: user=0.00 sys=0.00, real=0.00 secs] 
188.384: Total time for which application threads were stopped: 0.0009530 seconds, Stopping threads took: 0.0000750 seconds
188.419: Application time: 0.0358850 seconds
188.420: [GC188.420: [ParNew: 15952K->1550K(16640K), 0.0010670 secs] 27833K->14455K(55552K), 0.0011030 secs] [Times: user=0.01 sys=0.00, real=0.01 secs] 
188.421: Total time for which application threads were stopped: 0.0013610 seconds, Stopping threads took: 0.0001930 seconds
188.462: Application time: 0.0407850 seconds
188.462: [GC188.462: [ParNew: 16046K->1574K(16640K), 0.0006530 secs] 28952K->14479K(55552K), 0.0006870 secs] [Times: user=0.00 sys=0.00, real=0.00 secs] 
188.462: Total time for which application threads were stopped: 0.0008030 seconds, Stopping threads took: 0.0000550 seconds
188.498: Application time: 0.0359420 seconds
188.498: [GC188.498: [ParNew: 15978K->1548K(16640K), 0.0013300 secs] 28883K->16018K(55552K), 0.0013780 secs] [Times: user=0.01 sys=0.00, real=0.00 secs] 
188.500: Total time for which application threads were stopped: 0.0015230 seconds, Stopping threads took: 0.0000850 seconds
188.540: Application time: 0.0401020 seconds
188.540: [GC188.540: [ParNew: 15966K->1032K(16640K), 0.0005260 secs] 30436K->15502K(55552K), 0.0005590 secs] [Times: user=0.00 sys=0.00, real=0.01 secs] 
188.541: Total time for which application threads were stopped: 0.0006720 seconds, Stopping threads took: 0.0000560 seconds
188.577: Application time: 0.0363360 seconds
188.577: [GC188.577: [ParNew: 15433K->1548K(16640K), 0.0012690 secs] 29904K->17554K(55552K), 0.0013070 secs] [Times: user=0.00 sys=0.00, real=0.00 secs] 
188.578: Total time for which application threads were stopped: 0.0014700 seconds, Stopping threads took: 0.0000980 seconds
188.617: Application time: 0.0385600 seconds
188.617: [GC188.617: [ParNew: 15964K->1544K(16640K), 0.0007630 secs] 31970K->17550K(55552K), 0.0008000 secs] [Times: user=0.01 sys=0.00, real=0.00 secs] 
188.618: Total time for which application threads were stopped: 0.0009480 seconds, Stopping threads took: 0.0000870 seconds
188.655: Application time: 0.0374350 seconds
188.656: [GC188.656: [ParNew: 16110K->1606K(16640K), 0.0007530 secs] 32116K->17612K(55552K), 0.0007840 secs] [Times: user=0.00 sys=0.00, real=0.00 secs] 
188.656: Total time for which application threads were stopped: 0.0009740 seconds, Stopping threads took: 0.0001290 seconds
188.694: Application time: 0.0379900 seconds
188.695: [GC188.695: [ParNew: 16098K->1578K(16640K), 0.0006950 secs] 32104K->17641K(55552K), 0.0007280 secs] [Times: user=0.00 sys=0.00, real=0.00 secs] 
188.695: Total time for which application threads were stopped: 0.0009630 seconds, Stopping threads took: 0.0001770 seconds
188.735: Application time: 0.0397930 seconds
188.735: [GC188.735: [ParNew: 16064K->1576K(16640K), 0.0008060 secs] 32127K->18179K(55552K), 0.0008410 secs] [Times: user=0.01 sys=0.00, real=0.00 secs] 
188.736: Total time for which application threads were stopped: 0.0009670 seconds, Stopping threads took: 0.0000640 seconds
188.776: Application time: 0.0394970 seconds
188.776: [GC188.776: [ParNew: 15988K->1036K(16640K), 0.0005090 secs] 32592K->17668K(55552K), 0.0005410 secs] [Times: user=0.01 sys=0.00, real=0.00 secs] 
188.776: Total time for which application threads were stopped: 0.0007220 seconds, Stopping threads took: 0.0001240 seconds
188.813: Application time: 0.0367260 seconds
188.813: [GC188.813: [ParNew: 15442K->1548K(16640K), 0.0008000 secs] 32074K->18692K(55552K), 0.0008330 secs] [Times: user=0.01 sys=0.00, real=0.00 secs] 
188.814: Total time for which application threads were stopped: 0.0010210 seconds, Stopping threads took: 0.0001170 seconds
188.854: Application time: 0.0402320 seconds
188.854: [GC188.854: [ParNew: 16121K->1094K(16640K), 0.0006030 secs] 33265K->18238K(55552K), 0.0006350 secs] [Times: user=0.01 sys=0.00, real=0.00 secs] 
188.855: Total time for which application threads were stopped: 0.0007530 seconds, Stopping threads took: 0.0000630 seconds
188.889: Application time: 0.0338100 seconds
188.889: [GC188.889: [ParNew: 15576K->1576K(16640K), 0.0011290 secs] 32720K->19801K(55552K), 0.0011650 secs] [Times: user=0.01 sys=0.00, real=0.00 secs] 
188.890: Total time for which application threads were stopped: 0.0012920 seconds, Stopping threads took: 0.0000640 seconds
188.931: Application time: 0.0404500 seconds
188.931: [GC188.931: [ParNew: 15990K->1546K(16640K), 0.0007120 secs] 34215K->19800K(55552K), 0.0007450 secs] [Times: user=0.01 sys=0.00, real=0.00 secs] 
188.931: Total time for which application threads were stopped: 0.0008770 seconds, Stopping threads took: 0.0000730 seconds
188.966: Application time: 0.0342440 seconds
188.966: [GC188.966: [ParNew: 15950K->1552K(16640K), 0.0014150 secs] 34203K->21342K(55552K), 0.0014550 secs] [Times: user=0.01 sys=0.00, real=0.00 secs] 
188.967: Total time for which application threads were stopped: 0.0016160 seconds, Stopping threads took: 0.0000940 seconds
189.008: Application time: 0.0410120 seconds
189.008: [GC189.008: [ParNew: 15968K->1546K(16640K), 0.0007510 secs] 35758K->21336K(55552K), 0.0007930 secs] [Times: user=0.01 sys=0.00, real=0.01 secs] 
189.009: Total time for which application threads were stopped: 0.0009090 seconds, Stopping threads took: 0.0000550 seconds
189.045: Application time: 0.0353610 seconds
189.045: [GC189.045: [ParNew: 15952K->1550K(16640K), 0.0010450 secs] 35742K->22364K(55552K), 0.0010800 secs] [Times: user=0.01 sys=0.00, real=0.00 secs] 
189.046: Total time for which application threads were stopped: 0.0012170 seconds, Stopping threads took: 0.0000730 seconds
189.086: Application time: 0.0404930 seconds
189.086: [GC189.086: [ParNew: 15968K->522K(16640K), 0.0003740 secs] 36782K->21336K(55552K), 0.0004050 secs] [Times: user=0.00 sys=0.00, real=0.00 secs] 
189.087: Total time for which application threads were stopped: 0.0005190 seconds, Stopping threads took: 0.0000600 seconds
189.123: Application time: 0.0356790 seconds
189.123: [GC189.123: [ParNew: 14925K->1546K(16640K), 0.0008730 secs] 35739K->22872K(55552K), 0.0009080 secs] [Times: user=0.00 sys=0.00, real=0.00 secs] 
189.124: Total time for which application threads were stopped: 0.0010290 seconds, Stopping threads took: 0.0000610 seconds
189.163: Application time: 0.0395780 seconds
189.163: [GC189.163: [ParNew: 16044K->44K(16640K), 0.0003440 secs] 37370K->21370K(55552K), 0.0003740 secs] [Times: user=0.00 sys=0.00, real=0.00 secs] 
189.164: Total time for which application threads were stopped: 0.0006170 seconds, Stopping threads took: 0.0001910 seconds
189.198: Application time: 0.0344960 seconds
189.198: [GC189.198: [ParNew: 14445K->1576K(16640K), 0.0008870 secs] 35771K->23414K(55552K), 0.0009200 secs] [Times: user=0.00 sys=0.00, real=0.00 secs] 
189.199: Total time for which application threads were stopped: 0.0010330 seconds, Stopping threads took: 0.0000550 seconds
189.241: Application time: 0.0413220 seconds
189.241: [GC189.241: [ParNew: 15992K->520K(16640K), 0.0004520 secs] 37830K->22386K(55552K), 0.0004840 secs] [Times: user=0.01 sys=0.00, real=0.00 secs] 
189.241: Total time for which application threads were stopped: 0.0006010 seconds, Stopping threads took: 0.0000620 seconds
189.275: Application time: 0.0341490 seconds
189.275: [GC189.276: [ParNew: 14923K->1546K(16640K), 0.0008160 secs] 36790K->23924K(55552K), 0.0008500 secs] [Times: user=0.01 sys=0.00, real=0.00 secs] 
189.276: Total time for which application threads were stopped: 0.0010020 seconds, Stopping threads took: 0.0000900 seconds
189.314: Application time: 0.0378930 seconds
189.314: [GC189.314: [ParNew: 15958K->1544K(16640K), 0.0006750 secs] 38336K->23922K(55552K), 0.0007100 secs] [Times: user=0.01 sys=0.00, real=0.00 secs] 
189.315: Total time for which application threads were stopped: 0.0008460 seconds, Stopping threads took: 0.0000700 seconds
189.355: Application time: 0.0400870 seconds
189.355: [GC189.355: [ParNew: 16114K->1096K(16640K), 0.0005630 secs] 38493K->23474K(55552K), 0.0005950 secs] [Times: user=0.00 sys=0.00, real=0.00 secs] 
189.356: Total time for which application threads were stopped: 0.0007060 seconds, Stopping threads took: 0.0000540 seconds
189.391: Application time: 0.0347480 seconds
189.391: [GC189.391: [ParNew: 15500K->1546K(16640K), 0.0010480 secs] 37878K->25005K(55552K), 0.0010850 secs] [Times: user=0.01 sys=0.00, real=0.00 secs] 
189.392: Total time for which application threads were stopped: 0.0012460 seconds, Stopping threads took: 0.0000950 seconds
189.431: Application time: 0.0389310 seconds
189.431: [GC189.431: [ParNew: 16038K->1576K(16640K), 0.0006730 secs] 39498K->25035K(55552K), 0.0007080 secs] [Times: user=0.00 sys=0.00, real=0.00 secs] 
189.432: Total time for which application threads were stopped: 0.0008250 seconds, Stopping threads took: 0.0000580 seconds
189.468: Application time: 0.0363870 seconds
189.468: [GC189.468: [ParNew: 16062K->1580K(16640K), 0.0008940 secs] 39522K->25580K(55552K), 0.0009290 secs] [Times: user=0.01 sys=0.00, real=0.01 secs] 
189.469: Total time for which application threads were stopped: 0.0010620 seconds, Stopping threads took: 0.0000620 seconds
189.509: Application time: 0.0397770 seconds
189.509: [GC189.509: [ParNew: 15994K->1034K(16640K), 0.0005640 secs] 39994K->25062K(55552K), 0.0005980 secs] [Times: user=0.01 sys=0.00, real=0.00 secs] 
189.510: Total time for which application threads were stopped: 0.0007360 seconds, Stopping threads took: 0.0000790 seconds
189.546: Application time: 0.0359090 seconds
189.546: [GC189.546: [ParNew: 15514K->1574K(16640K), 0.0013580 secs] 39542K->27138K(55552K), 0.0013970 secs] [Times: user=0.00 sys=0.00, real=0.00 secs] 
189.547: Total time for which application threads were stopped: 0.0015350 seconds, Stopping threads took: 0.0000710 seconds
189.588: Application time: 0.0406700 seconds
189.588: [GC189.588: [ParNew: 16151K->1092K(16640K), 0.0005780 secs] 41715K->26685K(55552K), 0.0006110 secs] [Times: user=0.00 sys=0.00, real=0.00 secs] 
189.588: Total time for which application threads were stopped: 0.0007270 seconds, Stopping threads took: 0.0000570 seconds
189.625: Application time: 0.0363010 seconds
189.625: [GC189.625: [ParNew: 15496K->1550K(16640K), 0.0011100 secs] 41089K->28224K(55552K), 0.0011460 secs] [Times: user=0.01 sys=0.00, real=0.00 secs] 
189.626: Total time for which application threads were stopped: 0.0012940 seconds, Stopping threads took: 0.0000840 seconds
189.664: Application time: 0.0374370 seconds
189.664: [GC189.664: [ParNew: 15962K->1544K(16640K), 0.0008010 secs] 42636K->28730K(55552K), 0.0008360 secs] [Times: user=0.00 sys=0.00, real=0.00 secs] 
189.664: Total time for which application threads were stopped: 0.0009690 seconds, Stopping threads took: 0.0000700 seconds
189.705: Application time: 0.0401460 seconds
189.705: [GC189.705: [ParNew: 15958K->1544K(16640K), 0.0006490 secs] 43144K->28730K(55552K), 0.0006840 secs] [Times: user=0.00 sys=0.00, real=0.00 secs] 
189.705: Total time for which application threads were stopped: 0.0008070 seconds, Stopping threads took: 0.0000640 seconds
189.745: Application time: 0.0390700 seconds
189.745: [GC189.745: [ParNew: 15960K->8K(16640K), 0.0004070 secs] 43146K->27194K(55552K), 0.0004390 secs] [Times: user=0.00 sys=0.00, real=0.00 secs] 
189.745: Total time for which application threads were stopped: 0.0005470 seconds, Stopping threads took: 0.0000550 seconds
189.779: Application time: 0.0343330 seconds
189.780: [GC189.780: [ParNew: 14409K->1548K(16640K), 0.0008330 secs] 41596K->29246K(55552K), 0.0008670 secs] [Times: user=0.00 sys=0.00, real=0.00 secs] 
189.780: Total time for which application threads were stopped: 0.0009940 seconds, Stopping threads took: 0.0000650 seconds
189.820: Application time: 0.0392600 seconds
189.820: [GC189.820: [ParNew: 15962K->1032K(16640K), 0.0005920 secs] 43660K->28730K(55552K), 0.0006250 secs] [Times: user=0.00 sys=0.00, real=0.00 secs] 
189.820: Total time for which application threads were stopped: 0.0007620 seconds, Stopping threads took: 0.0000700 seconds
189.856: Application time: 0.0357060 seconds
189.856: [GC189.856: [ParNew: 15514K->1578K(16640K), 0.0009970 secs] 43212K->30300K(55552K), 0.0010330 secs] [Times: user=0.01 sys=0.00, real=0.00 secs] 
189.857: Total time for which application threads were stopped: 0.0011710 seconds, Stopping threads took: 0.0000760 seconds
189.897: Application time: 0.0392090 seconds
189.897: [GC189.897: [ParNew: 15992K->1548K(16640K), 0.0007620 secs] 44714K->30299K(55552K), 0.0007970 secs] [Times: user=0.00 sys=0.00, real=0.00 secs] 
189.897: Total time for which application threads were stopped: 0.0009220 seconds, Stopping threads took: 0.0000670 seconds
189.935: Application time: 0.0373680 seconds
189.935: [GC189.935: [ParNew: 15956K->1546K(16640K), 0.0008570 secs] 44707K->30809K(55552K), 0.0008910 secs] [Times: user=0.01 sys=0.00, real=0.00 secs] 
189.936: Total time for which application threads were stopped: 0.0010280 seconds, Stopping threads took: 0.0000750 seconds
189.973: Application time: 0.0369090 seconds
189.973: [GC189.973: [ParNew: 15958K->1548K(16640K), 0.0006480 secs] 45221K->30811K(55552K), 0.0006870 secs] [Times: user=0.01 sys=0.00, real=0.00 secs] 
189.974: Total time for which application threads were stopped: 0.0009450 seconds, Stopping threads took: 0.0001980 seconds
190.012: Application time: 0.0380370 seconds
190.012: [GC190.012: [ParNew: 15958K->1544K(16640K), 0.0007140 secs] 45221K->30806K(55552K), 0.0007500 secs] [Times: user=0.01 sys=0.00, real=0.00 secs] 
190.013: Total time for which application threads were stopped: 0.0008960 seconds, Stopping threads took: 0.0000830 seconds
190.051: Application time: 0.0379780 seconds
190.051: [GC190.051: [ParNew: 16110K->1606K(16640K), 0.0006610 secs] 45373K->30869K(55552K), 0.0006960 secs] [Times: user=0.01 sys=0.00, real=0.00 secs] 
190.051: Total time for which application threads were stopped: 0.0008270 seconds, Stopping threads took: 0.0000730 seconds
190.088: Application time: 0.0367880 seconds
190.088: [GC190.088: [ParNew: 16016K->1548K(16640K), 0.0009010 secs] 45279K->31380K(55552K), 0.0009370 secs] [Times: user=0.00 sys=0.00, real=0.01 secs] 
190.089: Total time for which application threads were stopped: 0.0010930 seconds, Stopping threads took: 0.0000920 seconds
190.129: Application time: 0.0392750 seconds
190.129: [GC190.129: [ParNew: 15962K->1034K(16640K), 0.0005260 secs] 45794K->30866K(55552K), 0.0005560 secs] [Times: user=0.00 sys=0.00, real=0.00 secs] 
190.129: Total time for which application threads were stopped: 0.0007450 seconds, Stopping threads took: 0.0001320 seconds
190.166: Application time: 0.0366390 seconds
190.166: [GC190.166: [ParNew: 15518K->1578K(16640K), 0.0008140 secs] 45350K->31922K(55552K), 0.0008490 secs] [Times: user=0.01 sys=0.00, real=0.00 secs] 
190.167: Total time for which application threads were stopped: 0.0009830 seconds, Stopping threads took: 0.0000710 seconds
190.206: Application time: 0.0390080 seconds
190.206: [GC190.206: [ParNew: 16070K->1066K(16640K), 0.0005380 secs] 46414K->31438K(55552K), 0.0005680 secs] [Times: user=0.01 sys=0.00, real=0.00 secs] 
190.207: Total time for which application threads were stopped: 0.0007490 seconds, Stopping threads took: 0.0001240 seconds
190.244: Application time: 0.0371130 seconds
190.244: [GC190.244: [ParNew: 15554K->1576K(16640K), 0.0007480 secs] 45926K->31977K(55552K), 0.0007840 secs] [Times: user=0.01 sys=0.00, real=0.00 secs] 
190.245: Total time for which application threads were stopped: 0.0010040 seconds, Stopping threads took: 0.0001580 seconds
190.283: Application time: 0.0378970 seconds
190.283: [GC190.283: [ParNew: 16066K->1578K(16640K), 0.0007510 secs] 46467K->32007K(55552K), 0.0007850 secs] [Times: user=0.01 sys=0.00, real=0.00 secs] 
190.284: Total time for which application threads were stopped: 0.0009890 seconds, Stopping threads took: 0.0001410 seconds
190.322: Application time: 0.0383040 seconds
190.322: [GC190.322: [ParNew: 16064K->1580K(16640K), 0.0006990 secs] 46493K->32038K(55552K), 0.0007320 secs] [Times: user=0.01 sys=0.00, real=0.00 secs] 
190.323: Total time for which application threads were stopped: 0.0008620 seconds, Stopping threads took: 0.0000610 seconds
190.360: Application time: 0.0367210 seconds
190.360: [GC190.360: [ParNew: 15990K->1550K(16640K), 0.0008720 secs] 46448K->32548K(55552K), 0.0009060 secs] [Times: user=0.01 sys=0.00, real=0.01 secs] 
190.361: Total time for which application threads were stopped: 0.0010320 seconds, Stopping threads took: 0.0000650 seconds
190.400: Application time: 0.0388420 seconds
190.400: [GC190.400: [ParNew: 15962K->1032K(16640K), 0.0005210 secs] 46960K->32030K(55552K), 0.0005540 secs] [Times: user=0.00 sys=0.00, real=0.00 secs] 
190.400: Total time for which application threads were stopped: 0.0007020 seconds, Stopping threads took: 0.0000980 seconds
190.435: Application time: 0.0347380 seconds
190.435: [GC190.435: [ParNew: 15438K->1550K(16640K), 0.0010060 secs] 46436K->33572K(55552K), 0.0010440 secs] [Times: user=0.00 sys=0.00, real=0.00 secs] 
190.436: Total time for which application threads were stopped: 0.0011680 seconds, Stopping threads took: 0.0000600 seconds
190.476: Application time: 0.0394510 seconds
190.476: [GC190.476: [ParNew: 15966K->1034K(16640K), 0.0005090 secs] 47988K->33056K(55552K), 0.0005500 secs] [Times: user=0.00 sys=0.00, real=0.00 secs] 
190.476: Total time for which application threads were stopped: 0.0006660 seconds, Stopping threads took: 0.0000590 seconds
190.514: Application time: 0.0373530 seconds
190.514: [GC190.514: [ParNew: 15442K->1548K(16640K), 0.0007050 secs] 47464K->33570K(55552K), 0.0007390 secs] [Times: user=0.00 sys=0.00, real=0.00 secs] 
190.514: Total time for which application threads were stopped: 0.0008620 seconds, Stopping threads took: 0.0000630 seconds
190.551: Application time: 0.0361730 seconds
190.551: [GC190.551: [ParNew: 16034K->1578K(16640K), 0.0010680 secs] 48057K->34624K(55552K), 0.0011030 secs] [Times: user=0.01 sys=0.00, real=0.00 secs] 
190.552: Total time for which application threads were stopped: 0.0012230 seconds, Stopping threads took: 0.0000600 seconds
190.591: Application time: 0.0395060 seconds
190.591: [GC190.592: [ParNew: 15992K->1546K(16640K), 0.0007160 secs] 49039K->34621K(55552K), 0.0007490 secs] [Times: user=0.01 sys=0.00, real=0.00 secs] 
190.592: Total time for which application threads were stopped: 0.0008780 seconds, Stopping threads took: 0.0000690 seconds
190.627: Application time: 0.0352000 seconds
190.628: [GC190.628: [ParNew: 15950K->1552K(16640K), 0.0011770 secs] 49025K->36163K(55552K), 0.0012160 secs] [Times: user=0.01 sys=0.00, real=0.01 secs] 
190.629: Total time for which application threads were stopped: 0.0013540 seconds, Stopping threads took: 0.0000740 seconds
190.629: Application time: 0.0000630 seconds
190.629: [GC [1 CMS-initial-mark: 34611K(38912K)] 36675K(55552K), 0.0000960 secs] [Times: user=0.00 sys=0.00, real=0.00 secs] 
190.629: Total time for which application threads were stopped: 0.0003170 seconds, Stopping threads took: 0.0002010 seconds
190.629: [CMS-concurrent-mark-start]
190.635: [CMS-concurrent-mark: 0.006/0.006 secs] [Times: user=0.03 sys=0.00, real=0.00 secs] 
190.635: [CMS-concurrent-preclean-start]
190.635: [CMS-concurrent-preclean: 0.000/0.000 secs] [Times: user=0.00 sys=0.00, real=0.00 secs] 
190.635: Application time: 0.0062310 seconds
190.637: [GC[YG occupancy: 3114 K (16640 K)]190.637: [Rescan (parallel) , 0.0002230 secs]190.637: [weak refs processing, 0.0000090 secs]190.637: [scrub string table, 0.0000990 secs] [1 CMS-remark: 34611K(38912K)] 37726K(55552K), 0.0003610 secs] [Times: user=0.00 sys=0.00, real=0.00 secs] 
190.637: Total time for which application threads were stopped: 0.0015650 seconds, Stopping threads took: 0.0011790 seconds
190.637: [CMS-concurrent-sweep-start]
190.638: [CMS-concurrent-sweep: 0.001/0.001 secs] [Times: user=0.00 sys=0.00, real=0.00 secs] 
190.638: [CMS-concurrent-reset-start]
190.638: [CMS-concurrent-reset: 0.000/0.000 secs] [Times: user=0.00 sys=0.00, real=0.00 secs] 
190.670: Application time: 0.0329850 seconds
190.670: [GC190.670: [ParNew: 15966K->1548K(16640K), 0.0009110 secs] 23042K->9136K(55552K), 0.0009470 secs] [Times: user=0.01 sys=0.00, real=0.00 secs] 
190.671: Total time for which application threads were stopped: 0.0013950 seconds, Stopping threads took: 0.0003760 seconds
190.709: Application time: 0.0378830 seconds
190.710: [GC190.710: [ParNew: 16040K->1576K(16640K), 0.0006710 secs] 23628K->9164K(55552K), 0.0007050 secs] [Times: user=0.00 sys=0.00, real=0.00 secs] 
190.710: Total time for which application threads were stopped: 0.0010510 seconds, Stopping threads took: 0.0002880 seconds
190.748: Application time: 0.0376180 seconds
190.748: [GC190.748: [ParNew: 16060K->1580K(16640K), 0.0010810 secs] 23648K->10220K(55552K), 0.0011220 secs] [Times: user=0.01 sys=0.00, real=0.01 secs] 
190.749: Total time for which application threads were stopped: 0.0012600 seconds, Stopping threads took: 0.0000730 seconds
190.787: Application time: 0.0376720 seconds
190.787: [GC190.787: [ParNew: 15994K->1546K(16640K), 0.0007380 secs] 24635K->10215K(55552K), 0.0007720 secs] [Times: user=0.01 sys=0.00, real=0.00 secs] 
190.788: Total time for which application threads were stopped: 0.0009100 seconds, Stopping threads took: 0.0000690 seconds
190.826: Application time: 0.0382000 seconds
190.826: [GC190.826: [ParNew: 15956K->1546K(16640K), 0.0006840 secs] 24625K->10215K(55552K), 0.0007210 secs] [Times: user=0.00 sys=0.00, real=0.00 secs] 
190.827: Total time for which application threads were stopped: 0.0008590 seconds, Stopping threads took: 0.0000690 seconds
190.863: Application time: 0.0366070 seconds
190.864: [GC190.864: [ParNew: 16032K->1576K(16640K), 0.0008170 secs] 24701K->10757K(55552K), 0.0008550 secs] [Times: user=0.01 sys=0.00, real=0.00 secs] 
190.865: Total time for which application threads were stopped: 0.0011260 seconds, Stopping threads took: 0.0002080 seconds
190.904: Application time: 0.0394350 seconds
190.904: [GC190.904: [ParNew: 15990K->1034K(16640K), 0.0005350 secs] 25171K->10243K(55552K), 0.0005660 secs] [Times: user=0.00 sys=0.00, real=0.00 secs] 
190.905: Total time for which application threads were stopped: 0.0007060 seconds, Stopping threads took: 0.0000860 seconds
190.941: Application time: 0.0359300 seconds
190.941: [GC190.941: [ParNew: 15594K->1608K(16640K), 0.0009940 secs] 24804K->11842K(55552K), 0.0010310 secs] [Times: user=0.01 sys=0.00, real=0.00 secs] 
190.942: Total time for which application threads were stopped: 0.0011890 seconds, Stopping threads took: 0.0000940 seconds
190.980: Application time: 0.0384780 seconds
190.980: [GC190.980: [ParNew: 16102K->1574K(16640K), 0.0007840 secs] 26336K->11864K(55552K), 0.0008170 secs] [Times: user=0.00 sys=0.00, real=0.01 secs] 
190.981: Total time for which application threads were stopped: 0.0009490 seconds, Stopping threads took: 0.0000720 seconds
191.019: Application time: 0.0378030 seconds
191.019: [GC191.019: [ParNew: 15984K->1548K(16640K), 0.0006970 secs] 26274K->11867K(55552K), 0.0007310 secs] [Times: user=0.00 sys=0.00, real=0.00 secs] 
191.020: Total time for which application threads were stopped: 0.0008460 seconds, Stopping threads took: 0.0000540 seconds
191.057: Application time: 0.0373920 seconds
191.057: [GC191.057: [ParNew: 16034K->1576K(16640K), 0.0006580 secs] 26353K->11895K(55552K), 0.0006910 secs] [Times: user=0.01 sys=0.00, real=0.00 secs] 
191.058: Total time for which application threads were stopped: 0.0008570 seconds, Stopping threads took: 0.0001090 seconds
191.094: Application time: 0.0355490 seconds
191.094: [GC191.094: [ParNew: 15988K->1546K(16640K), 0.0006680 secs] 26307K->11893K(55552K), 0.0007010 secs] [Times: user=0.01 sys=0.00, real=0.00 secs] 
191.095: Total time for which application threads were stopped: 0.0008330 seconds, Stopping threads took: 0.0000740 seconds
191.129: Application time: 0.0341090 seconds
191.129: [GC191.129: [ParNew: 15956K->1544K(16640K), 0.0007180 secs] 26303K->11891K(55552K), 0.0007510 secs] [Times: user=0.01 sys=0.00, real=0.00 secs] 
191.130: Total time for which application threads were stopped: 0.0008930 seconds, Stopping threads took: 0.0000820 seconds
191.166: Application time: 0.0368240 seconds
191.166: [GC191.167: [ParNew: 15958K->520K(16640K), 0.0003740 secs] 26306K->10867K(55552K), 0.0004030 secs] [Times: user=0.01 sys=0.00, real=0.00 secs] 
191.167: Total time for which application threads were stopped: 0.0005170 seconds, Stopping threads took: 0.0000610 seconds
191.198: Application time: 0.0313530 seconds
191.198: [GC191.198: [ParNew: 15002K->1578K(16640K), 0.0008000 secs] 25350K->12438K(55552K), 0.0008330 secs] [Times: user=0.00 sys=0.00, real=0.00 secs] 
191.199: Total time for which application threads were stopped: 0.0010130 seconds, Stopping threads took: 0.0001170 seconds
191.236: Application time: 0.0362410 seconds
191.236: [GC191.236: [ParNew: 15992K->1032K(16640K), 0.0005540 secs] 26852K->11920K(55552K), 0.0005850 secs] [Times: user=0.01 sys=0.00, real=0.00 secs] 
191.236: Total time for which application threads were stopped: 0.0007000 seconds, Stopping threads took: 0.0000590 seconds
191.271: Application time: 0.0343020 seconds
191.271: [GC191.271: [ParNew: 15440K->1546K(16640K), 0.0006950 secs] 26328K->12434K(55552K), 0.0007350 secs] [Times: user=0.01 sys=0.00, real=0.00 secs] 
191.271: Total time for which application threads were stopped: 0.0008640 seconds, Stopping threads took: 0.0000710 seconds
191.304: Application time: 0.0329750 seconds
191.304: [GC191.304: [ParNew: 15950K->1550K(16640K), 0.0012790 secs] 26838K->13974K(55552K), 0.0013170 secs] [Times: user=0.01 sys=0.00, real=0.00 secs] 
191.306: Total time for which application threads were stopped: 0.0014380 seconds, Stopping threads took: 0.0000600 seconds
191.344: Application time: 0.0384390 seconds
191.344: [GC191.344: [ParNew: 15968K->1032K(16640K), 0.0005520 secs] 28392K->13456K(55552K), 0.0005830 secs] [Times: user=0.00 sys=0.00, real=0.00 secs] 
191.345: Total time for which application threads were stopped: 0.0007130 seconds, Stopping threads took: 0.0000650 seconds
191.377: Application time: 0.0319540 seconds
191.377: [GC191.377: [ParNew: 15512K->1578K(16640K), 0.0012550 secs] 27936K->15538K(55552K), 0.0012910 secs] [Times: user=0.01 sys=0.00, real=0.00 secs] 
191.378: Total time for which application threads were stopped: 0.0014390 seconds, Stopping threads took: 0.0000830 seconds
191.415: Application time: 0.0368510 seconds
191.415: [GC191.415: [ParNew: 16076K->1068K(16640K), 0.0005180 secs] 30037K->15057K(55552K), 0.0005480 secs] [Times: user=0.00 sys=0.00, real=0.00 secs] 
191.416: Total time for which application threads were stopped: 0.0006690 seconds, Stopping threads took: 0.0000640 seconds
191.450: Application time: 0.0340730 seconds
191.450: [GC191.450: [ParNew: 15472K->1548K(16640K), 0.0009940 secs] 29461K->16589K(55552K), 0.0010280 secs] [Times: user=0.01 sys=0.00, real=0.00 secs] 
191.451: Total time for which application threads were stopped: 0.0011510 seconds, Stopping threads took: 0.0000630 seconds
191.487: Application time: 0.0356330 seconds
191.487: [GC191.487: [ParNew: 15958K->1550K(16640K), 0.0009560 secs] 30999K->17615K(55552K), 0.0009910 secs] [Times: user=0.01 sys=0.00, real=0.00 secs] 
191.488: Total time for which application threads were stopped: 0.0011040 seconds, Stopping threads took: 0.0000520 seconds
191.524: Application time: 0.0365920 seconds
191.525: [GC191.525: [ParNew: 15964K->1546K(16640K), 0.0006280 secs] 32029K->17611K(55552K), 0.0006600 secs] [Times: user=0.01 sys=0.00, real=0.00 secs] 
191.525: Total time for which application threads were stopped: 0.0008030 seconds, Stopping threads took: 0.0000840 seconds
191.560: Application time: 0.0343080 seconds
191.560: [GC191.560: [ParNew: 16034K->1576K(16640K), 0.0007300 secs] 32099K->17641K(55552K), 0.0007630 secs] [Times: user=0.00 sys=0.00, real=0.00 secs] 
191.560: Total time for which application threads were stopped: 0.0008810 seconds, Stopping threads took: 0.0000610 seconds
191.595: Application time: 0.0340990 seconds
191.595: [GC191.595: [ParNew: 16062K->1574K(16640K), 0.0008390 secs] 32128K->18180K(55552K), 0.0008740 secs] [Times: user=0.00 sys=0.00, real=0.00 secs] 
191.596: Total time for which application threads were stopped: 0.0010090 seconds, Stopping threads took: 0.0000750 seconds
191.632: Application time: 0.0364670 seconds
191.632: [GC191.632: [ParNew: 16068K->1064K(16640K), 0.0005540 secs] 32674K->17698K(55552K), 0.0005860 secs] [Times: user=0.01 sys=0.00, real=0.00 secs] 
191.633: Total time for which application threads were stopped: 0.0007020 seconds, Stopping threads took: 0.0000610 seconds
191.666: Application time: 0.0331820 seconds
191.666: [GC191.666: [ParNew: 15546K->1578K(16640K), 0.0010100 secs] 32180K->19265K(55552K), 0.0010470 secs] [Times: user=0.01 sys=0.00, real=0.00 secs] 
191.667: Total time for which application threads were stopped: 0.0011670 seconds, Stopping threads took: 0.0000570 seconds
191.703: Application time: 0.0362480 seconds
191.704: [GC191.704: [ParNew: 16072K->1064K(16640K), 0.0005190 secs] 33759K->18779K(55552K), 0.0005480 secs] [Times: user=0.00 sys=0.00, real=0.00 secs] 
191.704: Total time for which application threads were stopped: 0.0007420 seconds, Stopping threads took: 0.0001450 seconds
191.738: Application time: 0.0344170 seconds
191.739: [GC191.739: [ParNew: 15472K->1548K(16640K), 0.0006690 secs] 33187K->19292K(55552K), 0.0007080 secs] [Times: user=0.00 sys=0.00, real=0.00 secs] 
191.739: Total time for which application threads were stopped: 0.0009130 seconds, Stopping threads took: 0.0001500 seconds
191.773: Application time: 0.0338740 seconds
191.773: [GC191.773: [ParNew: 15954K->1546K(16640K), 0.0009960 secs] 33698K->20314K(55552K), 0.0010320 secs] [Times: user=0.01 sys=0.00, real=0.00 secs] 
191.774: Total time for which application threads were stopped: 0.0011830 seconds, Stopping threads took: 0.0000880 seconds
191.811: Application time: 0.0363650 seconds
191.811: [GC191.811: [ParNew: 15962K->1030K(16640K), 0.0004700 secs] 34730K->19798K(55552K), 0.0005000 secs] [Times: user=0.00 sys=0.00, real=0.00 secs] 
191.811: Total time for which application threads were stopped: 0.0006150 seconds, Stopping threads took: 0.0000580 seconds
191.844: Application time: 0.0325630 seconds
191.844: [GC191.844: [ParNew: 15510K->1580K(16640K), 0.0011630 secs] 34278K->21884K(55552K), 0.0012040 secs] [Times: user=0.01 sys=0.00, real=0.00 secs] 
191.845: Total time for which application threads were stopped: 0.0013380 seconds, Stopping threads took: 0.0000690 seconds
191.885: Application time: 0.0394450 seconds
191.885: [GC191.885: [ParNew: 15998K->1034K(16640K), 0.0005430 secs] 36302K->21366K(55552K), 0.0005750 secs] [Times: user=0.01 sys=0.00, real=0.00 secs] 
191.886: Total time for which application threads were stopped: 0.0007030 seconds, Stopping threads took: 0.0000620 seconds
191.917: Application time: 0.0316220 seconds
191.917: [GC191.917: [ParNew: 15435K->1548K(16640K), 0.0012140 secs] 35768K->23416K(55552K), 0.0012550 secs] [Times: user=0.01 sys=0.00, real=0.00 secs] 
191.919: Total time for which application threads were stopped: 0.0014190 seconds, Stopping threads took: 0.0001000 seconds
191.956: Application time: 0.0376290 seconds
191.956: [GC191.956: [ParNew: 15966K->1030K(16640K), 0.0005250 secs] 37835K->22898K(55552K), 0.0005550 secs] [Times: user=0.00 sys=0.00, real=0.00 secs] 
191.957: Total time for which application threads were stopped: 0.0006870 seconds, Stopping threads took: 0.0000780 seconds
191.989: Application time: 0.0324790 seconds
191.989: [GC191.989: [ParNew: 15433K->1546K(16640K), 0.0010400 secs] 37302K->24438K(55552K), 0.0010770 secs] [Times: user=0.01 sys=0.00, real=0.00 secs] 
191.991: Total time for which application threads were stopped: 0.0012110 seconds, Stopping threads took: 0.0000720 seconds
192.027: Application time: 0.0363800 seconds
192.027: [GC192.027: [ParNew: 16040K->1068K(16640K), 0.0005080 secs] 38933K->23961K(55552K), 0.0005390 secs] [Times: user=0.00 sys=0.00, real=0.00 secs] 
192.028: Total time for which application threads were stopped: 0.0006570 seconds, Stopping threads took: 0.0000640 seconds
192.061: Application time: 0.0338780 seconds
192.062: [GC192.062: [ParNew: 15552K->1578K(16640K), 0.0009020 secs] 38445K->25011K(55552K), 0.0009370 secs] [Times: user=0.00 sys=0.00, real=0.00 secs] 
192.063: Total time for which application threads were stopped: 0.0010970 seconds, Stopping threads took: 0.0000980 seconds
192.098: Application time: 0.0357730 seconds
192.099: [GC192.099: [ParNew: 15990K->1546K(16640K), 0.0006540 secs] 39423K->25007K(55552K), 0.0006850 secs] [Times: user=0.00 sys=0.00, real=0.00 secs] 
192.099: Total time for which application threads were stopped: 0.0009040 seconds, Stopping threads took: 0.0001630 seconds
192.133: Application time: 0.0338840 seconds
192.133: [GC192.133: [ParNew: 15952K->1548K(16640K), 0.0009720 secs] 39413K->26034K(55552K), 0.0010080 secs] [Times: user=0.00 sys=0.00, real=0.00 secs] 
192.134: Total time for which application threads were stopped: 0.0011350 seconds, Stopping threads took: 0.0000640 seconds
192.170: Application time: 0.0360000 seconds
192.170: [GC192.170: [ParNew: 15962K->1036K(16640K), 0.0005610 secs] 40448K->25522K(55552K), 0.0005920 secs] [Times: user=0.00 sys=0.00, real=0.00 secs] 
192.171: Total time for which application threads were stopped: 0.0007390 seconds, Stopping threads took: 0.0000840 seconds
192.203: Application time: 0.0321770 seconds
192.203: [GC192.203: [ParNew: 15518K->1578K(16640K), 0.0012300 secs] 40004K->27600K(55552K), 0.0012660 secs] [Times: user=0.01 sys=0.00, real=0.00 secs] 
192.205: Total time for which application threads were stopped: 0.0013800 seconds, Stopping threads took: 0.0000580 seconds
192.242: Application time: 0.0371400 seconds
192.242: [GC192.242: [ParNew: 15992K->1550K(16640K), 0.0008240 secs] 42014K->28112K(55552K), 0.0008560 secs] [Times: user=0.01 sys=0.00, real=0.00 secs] 
192.243: Total time for which application threads were stopped: 0.0009890 seconds, Stopping threads took: 0.0000710 seconds
192.277: Application time: 0.0343930 seconds
192.277: [GC192.277: [ParNew: 16120K->1606K(16640K), 0.0008840 secs] 42683K->28680K(55552K), 0.0009190 secs] [Times: user=0.00 sys=0.00, real=0.00 secs] 
192.278: Total time for which application threads were stopped: 0.0010590 seconds, Stopping threads took: 0.0000790 seconds
192.313: Application time: 0.0349050 seconds
192.313: [GC192.313: [ParNew: 16018K->1548K(16640K), 0.0007150 secs] 43092K->28679K(55552K), 0.0007470 secs] [Times: user=0.00 sys=0.00, real=0.00 secs] 
192.314: Total time for which application threads were stopped: 0.0008640 seconds, Stopping threads took: 0.0000580 seconds
192.350: Application time: 0.0357190 seconds
192.350: [GC192.350: [ParNew: 16036K->1576K(16640K), 0.0007730 secs] 43167K->28707K(55552K), 0.0008060 secs] [Times: user=0.01 sys=0.00, real=0.00 secs] 
192.351: Total time for which application threads were stopped: 0.0009330 seconds, Stopping threads took: 0.0000680 seconds
192.385: Application time: 0.0343170 seconds
192.385: [GC192.385: [ParNew: 16064K->1576K(16640K), 0.0007360 secs] 43195K->28736K(55552K), 0.0007690 secs] [Times: user=0.01 sys=0.00, real=0.00 secs] 
192.386: Total time for which application threads were stopped: 0.0009010 seconds, Stopping threads took: 0.0000750 seconds
192.420: Application time: 0.0337980 seconds
192.420: [GC192.420: [ParNew: 15986K->1546K(16640K), 0.0008380 secs] 43146K->29246K(55552K), 0.0008740 secs] [Times: user=0.00 sys=0.00, real=0.01 secs] 
192.421: Total time for which application threads were stopped: 0.0010100 seconds, Stopping threads took: 0.0000670 seconds
192.458: Application time: 0.0373300 seconds
192.458: [GC192.458: [ParNew: 15962K->522K(16640K), 0.0003630 secs] 43662K->28222K(55552K), 0.0003920 secs] [Times: user=0.01 sys=0.00, real=0.00 secs] 
192.459: Total time for which application threads were stopped: 0.0005850 seconds, Stopping threads took: 0.0001440 seconds
192.491: Application time: 0.0325190 seconds
192.491: [GC192.491: [ParNew: 15002K->1578K(16640K), 0.0009700 secs] 42702K->30302K(55552K), 0.0010060 secs] [Times: user=0.01 sys=0.00, real=0.00 secs] 
192.492: Total time for which application threads were stopped: 0.0011450 seconds, Stopping threads took: 0.0000760 seconds
192.529: Application time: 0.0364390 seconds
192.529: [GC192.529: [ParNew: 15990K->1548K(16640K), 0.0010590 secs] 44714K->31325K(55552K), 0.0010950 secs] [Times: user=0.01 sys=0.00, real=0.00 secs] 
192.530: Total time for which application threads were stopped: 0.0012330 seconds, Stopping threads took: 0.0000760 seconds
192.565: Application time: 0.0355010 seconds
192.566: [GC192.566: [ParNew: 15960K->1548K(16640K), 0.0009040 secs] 45737K->31837K(55552K), 0.0009370 secs] [Times: user=0.01 sys=0.00, real=0.00 secs] 
192.566: Total time for which application threads were stopped: 0.0010630 seconds, Stopping threads took: 0.0000650 seconds
192.602: Application time: 0.0354890 seconds
192.602: [GC192.602: [ParNew: 15964K->522K(16640K), 0.0004040 secs] 46253K->30811K(55552K), 0.0004340 secs] [Times: user=0.00 sys=0.00, real=0.00 secs] 
192.603: Total time for which application threads were stopped: 0.0006500 seconds, Stopping threads took: 0.0001630 seconds
192.636: Application time: 0.0335530 seconds
192.636: [GC192.636: [ParNew: 14927K->1548K(16640K), 0.0006740 secs] 45217K->31837K(55552K), 0.0007080 secs] [Times: user=0.01 sys=0.00, real=0.00 secs] 
192.637: Total time for which application threads were stopped: 0.0009460 seconds, Stopping threads took: 0.0001780 seconds
192.672: Application time: 0.0346910 seconds
192.672: [GC192.672: [ParNew: 16034K->1580K(16640K), 0.0008130 secs] 46323K->32381K(55552K), 0.0008490 secs] [Times: user=0.01 sys=0.00, real=0.00 secs] 
192.673: Total time for which application threads were stopped: 0.0009760 seconds, Stopping threads took: 0.0000690 seconds
192.708: Application time: 0.0349210 seconds
192.708: [GC192.708: [ParNew: 16070K->1580K(16640K), 0.0006750 secs] 46871K->32409K(55552K), 0.0007070 secs] [Times: user=0.00 sys=0.00, real=0.00 secs] 
192.709: Total time for which application threads were stopped: 0.0008450 seconds, Stopping threads took: 0.0000730 seconds
192.742: Application time: 0.0338930 seconds
192.743: [GC192.743: [ParNew: 15988K->1548K(16640K), 0.0008260 secs] 46817K->32918K(55552K), 0.0008580 secs] [Times: user=0.00 sys=0.00, real=0.00 secs] 
192.743: Total time for which application threads were stopped: 0.0009760 seconds, Stopping threads took: 0.0000580 seconds
192.779: Application time: 0.0356500 seconds
192.779: [GC192.779: [ParNew: 15960K->1548K(16640K), 0.0006200 secs] 47330K->32918K(55552K), 0.0006500 secs] [Times: user=0.00 sys=0.00, real=0.00 secs] 
192.780: Total time for which application threads were stopped: 0.0008220 seconds, Stopping threads took: 0.0001160 seconds
192.814: Application time: 0.0343420 seconds
192.814: [GC192.814: [ParNew: 15956K->1546K(16640K), 0.0007990 secs] 47326K->33428K(55552K), 0.0008340 secs] [Times: user=0.01 sys=0.00, real=0.00 secs] 
192.815: Total time for which application threads were stopped: 0.0009590 seconds, Stopping threads took: 0.0000590 seconds
192.852: Application time: 0.0368470 seconds
192.852: [GC192.852: [ParNew: 15964K->10K(16640K), 0.0003120 secs] 47846K->31892K(55552K), 0.0003400 secs] [Times: user=0.00 sys=0.00, real=0.00 secs] 
192.853: Total time for which application threads were stopped: 0.0004690 seconds, Stopping threads took: 0.0000800 seconds
192.886: Application time: 0.0332970 seconds
192.886: [GC192.886: [ParNew: 14487K->1576K(16640K), 0.0010960 secs] 46370K->34482K(55552K), 0.0011300 secs] [Times: user=0.01 sys=0.00, real=0.00 secs] 
192.887: Total time for which application threads were stopped: 0.0012800 seconds, Stopping threads took: 0.0000890 seconds
192.923: Application time: 0.0357590 seconds
192.923: [GC192.923: [ParNew: 16070K->1578K(16640K), 0.0007160 secs] 48976K->34512K(55552K), 0.0007480 secs] [Times: user=0.00 sys=0.00, real=0.00 secs] 
192.924: Total time for which application threads were stopped: 0.0008750 seconds, Stopping threads took: 0.0000610 seconds
192.957: Application time: 0.0336990 seconds
192.958: [GC192.958: [ParNew: 16066K->1580K(16640K), 0.0008270 secs] 49001K->35055K(55552K), 0.0008630 secs] [Times: user=0.01 sys=0.00, real=0.00 secs] 
192.958: Total time for which application threads were stopped: 0.0009800 seconds, Stopping threads took: 0.0000590 seconds
192.996: Application time: 0.0373020 seconds
192.996: [GC192.996: [ParNew: 16074K->554K(16640K), 0.0004600 secs] 49550K->34058K(55552K), 0.0004860 secs] [Times: user=0.00 sys=0.00, real=0.00 secs] 
192.996: Total time for which application threads were stopped: 0.0005970 seconds, Stopping threads took: 0.0000600 seconds
193.030: Application time: 0.0332560 seconds
193.030: [GC193.030: [ParNew: 15036K->1606K(16640K), 0.0009050 secs] 48540K->35622K(55552K), 0.0009400 secs] [Times: user=0.01 sys=0.00, real=0.00 secs] 
193.031: Total time for which application threads were stopped: 0.0010880 seconds, Stopping threads took: 0.0000870 seconds
193.065: Application time: 0.0344700 seconds
193.065: [GC193.065: [ParNew: 16016K->1548K(16640K), 0.0008560 secs] 50032K->36133K(55552K), 0.0008900 secs] [Times: user=0.00 sys=0.00, real=0.00 secs] 
193.066: Total time for which application threads were stopped: 0.0010100 seconds, Stopping threads took: 0.0000600 seconds
193.101: Application time: 0.0350280 seconds
193.101: [GC193.101: [ParNew: 15960K->1546K(16640K), 0.0006840 secs] 50545K->36131K(55552K), 0.0007250 secs] [Times: user=0.01 sys=0.00, real=0.00 secs] 
193.102: Total time for which application threads were stopped: 0.0008470 seconds, Stopping threads took: 0.0000650 seconds
193.136: Application time: 0.0335200 seconds
193.136: [GC193.136: [ParNew: 16032K->1578K(16640K), 0.0008890 secs] 50617K->36675K(55552K), 0.0009230 secs] [Times: user=0.00 sys=0.00, real=0.00 secs] 
193.137: Total time for which application threads were stopped: 0.0010570 seconds, Stopping threads took: 0.0000730 seconds
193.173: Application time: 0.0363990 seconds
193.173: [GC193.173: [ParNew: 15992K->1032K(16640K), 0.0005740 secs] 51089K->36157K(55552K), 0.0006060 secs] [Times: user=0.00 sys=0.00, real=0.00 secs] 
193.174: Total time for which application threads were stopped: 0.0007120 seconds, Stopping threads took: 0.0000520 seconds
193.208: Application time: 0.0343530 seconds
193.208: [GC193.208: [ParNew: 15438K->1548K(16640K), 0.0009700 secs] 50563K->37185K(55552K), 0.0010070 secs] [Times: user=0.01 sys=0.00, real=0.01 secs] 
193.209: Total time for which application threads were stopped: 0.0011530 seconds, Stopping threads took: 0.0000880 seconds
193.245: Application time: 0.0354910 seconds
193.245: [GC193.245: [ParNew: 15956K->1546K(16640K), 0.0010100 secs] 51593K->38207K(55552K), 0.0010420 secs] [Times: user=0.01 sys=0.00, real=0.00 secs] 
193.246: Total time for which application threads were stopped: 0.0017170 seconds, Stopping threads took: 0.0006140 seconds
193.247: Application time: 0.0000880 seconds
193.247: [GC [1 CMS-initial-mark: 36661K(38912K)] 38719K(55552K), 0.0000930 secs] [Times: user=0.00 sys=0.00, real=0.00 secs] 
193.247: Total time for which application threads were stopped: 0.0002980 seconds, Stopping threads took: 0.0001870 seconds
193.247: [CMS-concurrent-mark-start]
193.249: [CMS-concurrent-mark: 0.002/0.002 secs] [Times: user=0.01 sys=0.00, real=0.01 secs] 
193.249: [CMS-concurrent-preclean-start]
193.249: [CMS-concurrent-preclean: 0.000/0.000 secs] [Times: user=0.00 sys=0.00, real=0.00 secs] 
193.249: Application time: 0.0022920 seconds
193.249: [GC[YG occupancy: 2058 K (16640 K)]193.249: [Rescan (parallel) , 0.0001000 secs]193.249: [weak refs processing, 0.0000060 secs]193.249: [scrub string table, 0.0000920 secs] [1 CMS-remark: 36661K(38912K)] 38719K(55552K), 0.0002240 secs] [Times: user=0.00 sys=0.00, real=0.00 secs] 
193.249: Total time for which application threads were stopped: 0.0003090 seconds, Stopping threads took: 0.0000630 seconds
193.249: [CMS-concurrent-sweep-start]
193.250: [CMS-concurrent-sweep: 0.001/0.001 secs] [Times: user=0.00 sys=0.00, real=0.00 secs] 
193.250: [CMS-concurrent-reset-start]
193.250: [CMS-concurrent-reset: 0.000/0.000 secs] [Times: user=0.00 sys=0.00, real=0.00 secs] 
193.285: Application time: 0.0359250 seconds
193.285: [GC193.285: [ParNew: 15962K->1036K(16640K), 0.0004630 secs] 22528K->7602K(55552K), 0.0004930 secs] [Times: user=0.00 sys=0.00, real=0.00 secs] 
193.286: Total time for which application threads were stopped: 0.0006060 seconds, Stopping threads took: 0.0000580 seconds
193.317: Application time: 0.0315100 seconds
193.318: [GC193.318: [ParNew: 15516K->1576K(16640K), 0.0011800 secs] 22082K->9678K(55552K), 0.0012180 secs] [Times: user=0.01 sys=0.00, real=0.00 secs] 
193.319: Total time for which application threads were stopped: 0.0013930 seconds, Stopping threads took: 0.0001100 seconds
193.357: Application time: 0.0380720 seconds
193.357: [GC193.357: [ParNew: 16074K->1064K(16640K), 0.0005670 secs] 24177K->9195K(55552K), 0.0005970 secs] [Times: user=0.00 sys=0.00, real=0.00 secs] 
193.358: Total time for which application threads were stopped: 0.0007020 seconds, Stopping threads took: 0.0000540 seconds
193.389: Application time: 0.0315250 seconds
193.389: [GC193.389: [ParNew: 15466K->1548K(16640K), 0.0011950 secs] 23596K->11243K(55552K), 0.0012320 secs] [Times: user=0.01 sys=0.00, real=0.00 secs] 
193.391: Total time for which application threads were stopped: 0.0013860 seconds, Stopping threads took: 0.0000820 seconds
193.428: Application time: 0.0371150 seconds
193.428: [GC193.428: [ParNew: 15964K->1546K(16640K), 0.0006260 secs] 25659K->11241K(55552K), 0.0006570 secs] [Times: user=0.01 sys=0.00, real=0.00 secs] 
193.428: Total time for which application threads were stopped: 0.0007840 seconds, Stopping threads took: 0.0000590 seconds
193.463: Application time: 0.0340850 seconds
193.463: [GC193.463: [ParNew: 15952K->1548K(16640K), 0.0010740 secs] 25647K->12267K(55552K), 0.0011090 secs] [Times: user=0.00 sys=0.00, real=0.00 secs] 
193.464: Total time for which application threads were stopped: 0.0012380 seconds, Stopping threads took: 0.0000670 seconds
193.500: Application time: 0.0362660 seconds
193.500: [GC193.500: [ParNew: 15962K->1546K(16640K), 0.0006700 secs] 26681K->12265K(55552K), 0.0007030 secs] [Times: user=0.01 sys=0.00, real=0.01 secs] 
193.501: Total time for which application threads were stopped: 0.0008410 seconds, Stopping threads took: 0.0000800 seconds
193.536: Application time: 0.0346190 seconds
193.536: [GC193.536: [ParNew: 16034K->1576K(16640K), 0.0006660 secs] 26753K->12295K(55552K), 0.0006980 secs] [Times: user=0.01 sys=0.00, real=0.00 secs] 
193.536: Total time for which application threads were stopped: 0.0008290 seconds, Stopping threads took: 0.0000720 seconds
193.572: Application time: 0.0352530 seconds
193.572: [GC193.572: [ParNew: 16066K->1064K(16640K), 0.0005100 secs] 26785K->11812K(55552K), 0.0005410 secs] [Times: user=0.00 sys=0.00, real=0.00 secs] 
193.572: Total time for which application threads were stopped: 0.0007300 seconds, Stopping threads took: 0.0001330 seconds
193.607: Application time: 0.0350180 seconds
193.607: [GC193.607: [ParNew: 15548K->1576K(16640K), 0.0009130 secs] 26296K->12864K(55552K), 0.0009430 secs] [Times: user=0.01 sys=0.00, real=0.00 secs] 
193.608: Total time for which application threads were stopped: 0.0010690 seconds, Stopping threads took: 0.0000710 seconds
193.645: Application time: 0.0361340 seconds
193.645: [GC193.645: [ParNew: 15988K->1548K(16640K), 0.0006630 secs] 27276K->12865K(55552K), 0.0006960 secs] [Times: user=0.00 sys=0.00, real=0.00 secs] 
193.645: Total time for which application threads were stopped: 0.0008320 seconds, Stopping threads took: 0.0000780 seconds
193.680: Application time: 0.0345950 seconds
193.680: [GC193.680: [ParNew: 16036K->1576K(16640K), 0.0006750 secs] 27353K->12893K(55552K), 0.0007090 secs] [Times: user=0.00 sys=0.00, real=0.01 secs] 
193.681: Total time for which application threads were stopped: 0.0008390 seconds, Stopping threads took: 0.0000720 seconds
193.716: Application time: 0.0351470 seconds
193.716: [GC193.716: [ParNew: 16064K->1578K(16640K), 0.0008400 secs] 27381K->13435K(55552K), 0.0008760 secs] [Times: user=0.01 sys=0.00, real=0.00 secs] 
193.717: Total time for which application threads were stopped: 0.0010320 seconds, Stopping threads took: 0.0000950 seconds
193.751: Application time: 0.0335540 seconds
193.751: [GC193.751: [ParNew: 15986K->1548K(16640K), 0.0009980 secs] 27843K->14458K(55552K), 0.0010330 secs] [Times: user=0.01 sys=0.00, real=0.00 secs] 
193.752: Total time for which application threads were stopped: 0.0011670 seconds, Stopping threads took: 0.0000720 seconds
193.788: Application time: 0.0360660 seconds
193.788: [GC193.788: [ParNew: 16042K->1066K(16640K), 0.0004740 secs] 28952K->13976K(55552K), 0.0005050 secs] [Times: user=0.00 sys=0.00, real=0.00 secs] 
193.788: Total time for which application threads were stopped: 0.0006410 seconds, Stopping threads took: 0.0000800 seconds
193.821: Application time: 0.0323420 seconds
193.821: [GC193.821: [ParNew: 15470K->1548K(16640K), 0.0010570 secs] 28380K->15510K(55552K), 0.0010910 secs] [Times: user=0.01 sys=0.00, real=0.00 secs] 
193.822: Total time for which application threads were stopped: 0.0012240 seconds, Stopping threads took: 0.0000710 seconds
193.859: Application time: 0.0367450 seconds
193.859: [GC193.859: [ParNew: 15962K->1546K(16640K), 0.0006300 secs] 29925K->15508K(55552K), 0.0006680 secs] [Times: user=0.01 sys=0.00, real=0.00 secs] 
193.860: Total time for which application threads were stopped: 0.0008020 seconds, Stopping threads took: 0.0000820 seconds
193.893: Application time: 0.0331240 seconds
193.893: [GC193.893: [ParNew: 15952K->1552K(16640K), 0.0007910 secs] 29914K->16026K(55552K), 0.0008240 secs] [Times: user=0.01 sys=0.00, real=0.00 secs] 
193.894: Total time for which application threads were stopped: 0.0009920 seconds, Stopping threads took: 0.0001070 seconds
193.929: Application time: 0.0353580 seconds
193.929: [GC193.929: [ParNew: 15962K->1548K(16640K), 0.0008750 secs] 30436K->16534K(55552K), 0.0009050 secs] [Times: user=0.01 sys=0.00, real=0.00 secs] 
193.930: Total time for which application threads were stopped: 0.0010730 seconds, Stopping threads took: 0.0001010 seconds
193.965: Application time: 0.0353690 seconds
193.966: [GC193.966: [ParNew: 16036K->1578K(16640K), 0.0008550 secs] 31023K->17076K(55552K), 0.0008880 secs] [Times: user=0.01 sys=0.00, real=0.00 secs] 
193.967: Total time for which application threads were stopped: 0.0010830 seconds, Stopping threads took: 0.0001350 seconds
194.002: Application time: 0.0355000 seconds
194.002: [GC194.002: [ParNew: 16074K->1066K(16640K), 0.0005390 secs] 31573K->16593K(55552K), 0.0005710 secs] [Times: user=0.01 sys=0.00, real=0.00 secs] 
194.003: Total time for which application threads were stopped: 0.0006990 seconds, Stopping threads took: 0.0000710 seconds
194.037: Application time: 0.0341490 seconds
194.037: [GC194.037: [ParNew: 15474K->1546K(16640K), 0.0007380 secs] 31001K->17101K(55552K), 0.0007700 secs] [Times: user=0.00 sys=0.00, real=0.00 secs] 
194.038: Total time for which application threads were stopped: 0.0008870 seconds, Stopping threads took: 0.0000610 seconds
194.072: Application time: 0.0338200 seconds
194.072: [GC194.072: [ParNew: 15948K->1552K(16640K), 0.0012300 secs] 31503K->18643K(55552K), 0.0012690 secs] [Times: user=0.01 sys=0.00, real=0.00 secs] 
194.073: Total time for which application threads were stopped: 0.0013970 seconds, Stopping threads took: 0.0000630 seconds
194.110: Application time: 0.0366200 seconds
194.110: [GC194.110: [ParNew: 15970K->1546K(16640K), 0.0007120 secs] 33062K->18637K(55552K), 0.0007450 secs] [Times: user=0.00 sys=0.00, real=0.00 secs] 
194.111: Total time for which application threads were stopped: 0.0008660 seconds, Stopping threads took: 0.0000650 seconds
194.145: Application time: 0.0346440 seconds
194.145: [GC194.145: [ParNew: 15954K->1546K(16640K), 0.0008490 secs] 33045K->19149K(55552K), 0.0008820 secs] [Times: user=0.00 sys=0.00, real=0.00 secs] 
194.146: Total time for which application threads were stopped: 0.0011090 seconds, Stopping threads took: 0.0001670 seconds
194.182: Application time: 0.0359360 seconds
194.182: [GC194.182: [ParNew: 15958K->1550K(16640K), 0.0006510 secs] 33562K->19153K(55552K), 0.0006820 secs] [Times: user=0.01 sys=0.00, real=0.00 secs] 
194.183: Total time for which application threads were stopped: 0.0008070 seconds, Stopping threads took: 0.0000660 seconds
194.217: Application time: 0.0336060 seconds
194.217: [GC194.217: [ParNew: 16114K->1608K(16640K), 0.0010060 secs] 33718K->20236K(55552K), 0.0010420 secs] [Times: user=0.01 sys=0.00, real=0.00 secs] 
194.218: Total time for which application threads were stopped: 0.0011660 seconds, Stopping threads took: 0.0000610 seconds
194.254: Application time: 0.0359930 seconds
194.254: [GC194.254: [ParNew: 16024K->1034K(16640K), 0.0005790 secs] 34652K->19718K(55552K), 0.0006100 secs] [Times: user=0.00 sys=0.00, real=0.00 secs] 
194.255: Total time for which application threads were stopped: 0.0008350 seconds, Stopping threads took: 0.0001690 seconds
194.287: Application time: 0.0325960 seconds
194.287: [GC194.287: [ParNew: 15518K->1578K(16640K), 0.0008830 secs] 34203K->20775K(55552K), 0.0009170 secs] [Times: user=0.01 sys=0.00, real=0.00 secs] 
194.288: Total time for which application threads were stopped: 0.0010550 seconds, Stopping threads took: 0.0000780 seconds
194.326: Application time: 0.0377660 seconds
194.326: [GC194.326: [ParNew: 16072K->1062K(16640K), 0.0005160 secs] 35269K->20287K(55552K), 0.0005530 secs] [Times: user=0.00 sys=0.00, real=0.00 secs] 
194.327: Total time for which application threads were stopped: 0.0006710 seconds, Stopping threads took: 0.0000630 seconds
194.360: Application time: 0.0332850 seconds
194.360: [GC194.360: [ParNew: 15546K->1578K(16640K), 0.0008270 secs] 34771K->21344K(55552K), 0.0008610 secs] [Times: user=0.00 sys=0.00, real=0.01 secs] 
194.361: Total time for which application threads were stopped: 0.0009720 seconds, Stopping threads took: 0.0000570 seconds
194.396: Application time: 0.0345680 seconds
194.396: [GC194.396: [ParNew: 15988K->1548K(16640K), 0.0008420 secs] 35754K->21854K(55552K), 0.0008770 secs] [Times: user=0.01 sys=0.00, real=0.00 secs] 
194.397: Total time for which application threads were stopped: 0.0010100 seconds, Stopping threads took: 0.0000720 seconds
194.431: Application time: 0.0346760 seconds
194.431: [GC194.431: [ParNew: 16040K->1576K(16640K), 0.0006380 secs] 36347K->21882K(55552K), 0.0006690 secs] [Times: user=0.00 sys=0.00, real=0.00 secs] 
194.432: Total time for which application threads were stopped: 0.0008010 seconds, Stopping threads took: 0.0000640 seconds
194.466: Application time: 0.0341690 seconds
194.466: [GC194.466: [ParNew: 15984K->1546K(16640K), 0.0008930 secs] 36290K->22393K(55552K), 0.0009270 secs] [Times: user=0.01 sys=0.00, real=0.00 secs] 
194.467: Total time for which application threads were stopped: 0.0010440 seconds, Stopping threads took: 0.0000570 seconds
194.505: Application time: 0.0375290 seconds
194.505: [GC194.505: [ParNew: 15960K->1036K(16640K), 0.0005620 secs] 36807K->21883K(55552K), 0.0005910 secs] [Times: user=0.00 sys=0.00, real=0.00 secs] 
194.506: Total time for which application threads were stopped: 0.0007050 seconds, Stopping threads took: 0.0000590 seconds
194.539: Application time: 0.0336590 seconds
194.539: [GC194.539: [ParNew: 15442K->1546K(16640K), 0.0008580 secs] 36289K->22905K(55552K), 0.0008900 secs] [Times: user=0.01 sys=0.00, real=0.00 secs] 
194.540: Total time for which application threads were stopped: 0.0010180 seconds, Stopping threads took: 0.0000670 seconds
194.575: Application time: 0.0349940 seconds
194.575: [GC194.575: [ParNew: 15958K->1546K(16640K), 0.0006250 secs] 37317K->22905K(55552K), 0.0006570 secs] [Times: user=0.01 sys=0.00, real=0.00 secs] 
194.576: Total time for which application threads were stopped: 0.0007730 seconds, Stopping threads took: 0.0000600 seconds
194.609: Application time: 0.0334970 seconds
194.610: [GC194.610: [ParNew: 16030K->1578K(16640K), 0.0009770 secs] 37389K->23961K(55552K), 0.0010130 secs] [Times: user=0.00 sys=0.00, real=0.00 secs] 
194.611: Total time for which application threads were stopped: 0.0011440 seconds, Stopping threads took: 0.0000740 seconds
194.646: Application time: 0.0350740 seconds
194.646: [GC194.646: [ParNew: 16070K->1576K(16640K), 0.0008470 secs] 38453K->24499K(55552K), 0.0008810 secs] [Times: user=0.01 sys=0.00, real=0.00 secs] 
194.647: Total time for which application threads were stopped: 0.0010110 seconds, Stopping threads took: 0.0000690 seconds
194.684: Application time: 0.0370490 seconds
194.684: [GC194.684: [ParNew: 15988K->1550K(16640K), 0.0006790 secs] 38911K->24502K(55552K), 0.0007100 secs] [Times: user=0.00 sys=0.00, real=0.00 secs] 
194.685: Total time for which application threads were stopped: 0.0008360 seconds, Stopping threads took: 0.0000690 seconds
194.717: Application time: 0.0319370 seconds
194.717: [GC194.717: [ParNew: 15956K->1548K(16640K), 0.0009900 secs] 38908K->25524K(55552K), 0.0010260 secs] [Times: user=0.01 sys=0.00, real=0.00 secs] 
194.718: Total time for which application threads were stopped: 0.0011500 seconds, Stopping threads took: 0.0000640 seconds
194.756: Application time: 0.0383920 seconds
194.757: [GC194.757: [ParNew: 15962K->1546K(16640K), 0.0007250 secs] 39938K->25522K(55552K), 0.0007600 secs] [Times: user=0.01 sys=0.00, real=0.00 secs] 
194.757: Total time for which application threads were stopped: 0.0013040 seconds, Stopping threads took: 0.0004960 seconds
194.792: Application time: 0.0350250 seconds
194.793: [GC194.793: [ParNew: 15956K->1544K(16640K), 0.0006960 secs] 39932K->25520K(55552K), 0.0007410 secs] [Times: user=0.00 sys=0.00, real=0.00 secs] 
194.793: Total time for which application threads were stopped: 0.0008540 seconds, Stopping threads took: 0.0000580 seconds
194.828: Application time: 0.0342800 seconds
194.828: [GC194.828: [ParNew: 15954K->1546K(16640K), 0.0006810 secs] 39930K->25522K(55552K), 0.0007130 secs] [Times: user=0.00 sys=0.00, real=0.00 secs] 
194.828: Total time for which application threads were stopped: 0.0009050 seconds, Stopping threads took: 0.0001350 seconds
194.863: Application time: 0.0347410 seconds
194.863: [GC194.863: [ParNew: 16032K->1580K(16640K), 0.0008290 secs] 40008K->26068K(55552K), 0.0008630 secs] [Times: user=0.01 sys=0.00, real=0.00 secs] 
194.864: Total time for which application threads were stopped: 0.0009890 seconds, Stopping threads took: 0.0000650 seconds
194.899: Application time: 0.0343890 seconds
194.899: [GC194.899: [ParNew: 16068K->1580K(16640K), 0.0010550 secs] 40556K->27120K(55552K), 0.0010910 secs] [Times: user=0.01 sys=0.00, real=0.00 secs] 
194.900: Total time for which application threads were stopped: 0.0012280 seconds, Stopping threads took: 0.0000720 seconds
194.935: Application time: 0.0356000 seconds
194.936: [GC194.936: [ParNew: 15994K->1546K(16640K), 0.0006420 secs] 41535K->27115K(55552K), 0.0006750 secs] [Times: user=0.01 sys=0.00, real=0.00 secs] 
194.936: Total time for which application threads were stopped: 0.0008270 seconds, Stopping threads took: 0.0000860 seconds
194.969: Application time: 0.0332310 seconds
194.970: [GC194.970: [ParNew: 16030K->1578K(16640K), 0.0009910 secs] 41599K->28171K(55552K), 0.0010260 secs] [Times: user=0.01 sys=0.00, real=0.00 secs] 
194.971: Total time for which application threads were stopped: 0.0011630 seconds, Stopping threads took: 0.0000730 seconds
195.007: Application time: 0.0361420 seconds
195.007: [GC195.007: [ParNew: 16070K->1580K(16640K), 0.0006630 secs] 42664K->28201K(55552K), 0.0006960 secs] [Times: user=0.00 sys=0.00, real=0.00 secs] 
195.008: Total time for which application threads were stopped: 0.0008050 seconds, Stopping threads took: 0.0000580 seconds
195.042: Application time: 0.0341520 seconds
195.042: [GC195.042: [ParNew: 16068K->1578K(16640K), 0.0007280 secs] 42690K->28228K(55552K), 0.0007610 secs] [Times: user=0.00 sys=0.00, real=0.00 secs] 
195.043: Total time for which application threads were stopped: 0.0008890 seconds, Stopping threads took: 0.0000700 seconds
195.075: Application time: 0.0327030 seconds
195.075: [GC195.075: [ParNew: 16060K->1580K(16640K), 0.0012220 secs] 42710K->29795K(55552K), 0.0012630 secs] [Times: user=0.01 sys=0.00, real=0.00 secs] 
195.077: Total time for which application threads were stopped: 0.0013890 seconds, Stopping threads took: 0.0000600 seconds
195.115: Application time: 0.0382040 seconds
195.115: [GC195.115: [ParNew: 15996K->1546K(16640K), 0.0006970 secs] 44211K->29789K(55552K), 0.0007290 secs] [Times: user=0.00 sys=0.00, real=0.00 secs] 
195.116: Total time for which application threads were stopped: 0.0008650 seconds, Stopping threads took: 0.0000800 seconds
195.148: Application time: 0.0317330 seconds
195.148: [GC195.148: [ParNew: 15948K->1550K(16640K), 0.0012280 secs] 44191K->31329K(55552K), 0.0012660 secs] [Times: user=0.01 sys=0.00, real=0.01 secs] 
195.149: Total time for which application threads were stopped: 0.0014480 seconds, Stopping threads took: 0.0001180 seconds
195.186: Application time: 0.0373560 seconds
195.186: [GC195.186: [ParNew: 15968K->1542K(16640K), 0.0006710 secs] 45747K->31321K(55552K), 0.0007020 secs] [Times: user=0.01 sys=0.00, real=0.00 secs] 
195.187: Total time for which application threads were stopped: 0.0008390 seconds, Stopping threads took: 0.0000790 seconds
195.220: Application time: 0.0332280 seconds
195.221: [GC195.221: [ParNew: 15946K->1552K(16640K), 0.0011560 secs] 45725K->32867K(55552K), 0.0012010 secs] [Times: user=0.01 sys=0.00, real=0.00 secs] 
195.222: Total time for which application threads were stopped: 0.0013540 seconds, Stopping threads took: 0.0000860 seconds
195.257: Application time: 0.0352950 seconds
195.257: [GC195.257: [ParNew: 16044K->1580K(16640K), 0.0009820 secs] 47360K->33919K(55552K), 0.0010170 secs] [Times: user=0.01 sys=0.00, real=0.00 secs] 
195.258: Total time for which application threads were stopped: 0.0012140 seconds, Stopping threads took: 0.0001330 seconds
195.295: Application time: 0.0369300 seconds
195.295: [GC195.295: [ParNew: 16074K->1578K(16640K), 0.0007230 secs] 48414K->33946K(55552K), 0.0007560 secs] [Times: user=0.00 sys=0.00, real=0.00 secs] 
195.296: Total time for which application threads were stopped: 0.0008830 seconds, Stopping threads took: 0.0000710 seconds
195.327: Application time: 0.0313140 seconds
195.328: [GC195.328: [ParNew: 15980K->1552K(16640K), 0.0013770 secs] 48348K->35996K(55552K), 0.0014160 secs] [Times: user=0.01 sys=0.00, real=0.01 secs] 
195.329: Total time for which application threads were stopped: 0.0015660 seconds, Stopping threads took: 0.0000860 seconds
195.329: Application time: 0.0000600 seconds
195.329: [GC [1 CMS-initial-mark: 34444K(38912K)] 36508K(55552K), 0.0000920 secs] [Times: user=0.00 sys=0.00, real=0.00 secs] 
195.329: Total time for which application threads were stopped: 0.0003130 seconds, Stopping threads took: 0.0002040 seconds
195.329: [CMS-concurrent-mark-start]
195.335: [CMS-concurrent-mark: 0.006/0.006 secs] [Times: user=0.03 sys=0.00, real=0.00 secs] 
195.335: [CMS-concurrent-preclean-start]
195.335: [CMS-concurrent-preclean: 0.000/0.000 secs] [Times: user=0.00 sys=0.00, real=0.00 secs] 
195.335: Application time: 0.0057860 seconds
195.337: [GC[YG occupancy: 2088 K (16640 K)]195.337: [Rescan (parallel) , 0.0001120 secs]195.337: [weak refs processing, 0.0000060 secs]195.337: [scrub string table, 0.0000930 secs] [1 CMS-remark: 34444K(38912K)] 36533K(55552K), 0.0002340 secs] [Times: user=0.00 sys=0.00, real=0.00 secs] 
195.337: Total time for which application threads were stopped: 0.0017100 seconds, Stopping threads took: 0.0014540 seconds
195.337: [CMS-concurrent-sweep-start]
195.338: [CMS-concurrent-sweep: 0.001/0.001 secs] [Times: user=0.01 sys=0.00, real=0.00 secs] 
195.338: [CMS-concurrent-reset-start]
195.338: [CMS-concurrent-reset: 0.000/0.000 secs] [Times: user=0.00 sys=0.00, real=0.00 secs] 
195.369: Application time: 0.0323740 seconds
195.369: [GC195.369: [ParNew: 15966K->1546K(16640K), 0.0010400 secs] 23558K->10162K(55552K), 0.0010760 secs] [Times: user=0.00 sys=0.00, real=0.00 secs] 
195.370: Total time for which application threads were stopped: 0.0012270 seconds, Stopping threads took: 0.0000870 seconds
195.407: Application time: 0.0369710 seconds
195.408: [GC195.408: [ParNew: 15964K->518K(16640K), 0.0003430 secs] 24580K->9134K(55552K), 0.0003720 secs] [Times: user=0.00 sys=0.00, real=0.00 secs] 
195.408: Total time for which application threads were stopped: 0.0005030 seconds, Stopping threads took: 0.0000830 seconds
195.440: Application time: 0.0322540 seconds
195.440: [GC195.440: [ParNew: 14919K->1548K(16640K), 0.0009920 secs] 23536K->11188K(55552K), 0.0010280 secs] [Times: user=0.01 sys=0.00, real=0.01 secs] 
195.441: Total time for which application threads were stopped: 0.0011720 seconds, Stopping threads took: 0.0000730 seconds
195.479: Application time: 0.0373460 seconds
195.479: [GC195.479: [ParNew: 15964K->1034K(16640K), 0.0006450 secs] 25604K->10674K(55552K), 0.0006790 secs] [Times: user=0.01 sys=0.00, real=0.00 secs] 
195.480: Total time for which application threads were stopped: 0.0008650 seconds, Stopping threads took: 0.0001280 seconds
195.513: Application time: 0.0334580 seconds
195.513: [GC195.513: [ParNew: 15518K->1578K(16640K), 0.0008780 secs] 25158K->11730K(55552K), 0.0009120 secs] [Times: user=0.00 sys=0.00, real=0.00 secs] 
195.514: Total time for which application threads were stopped: 0.0010380 seconds, Stopping threads took: 0.0000670 seconds
195.548: Application time: 0.0341560 seconds
195.548: [GC195.548: [ParNew: 16068K->1576K(16640K), 0.0009070 secs] 26220K->12268K(55552K), 0.0009520 secs] [Times: user=0.00 sys=0.00, real=0.01 secs] 
195.549: Total time for which application threads were stopped: 0.0010880 seconds, Stopping threads took: 0.0000740 seconds
195.585: Application time: 0.0355390 seconds
195.585: [GC195.585: [ParNew: 15990K->1034K(16640K), 0.0006010 secs] 26683K->11755K(55552K), 0.0006320 secs] [Times: user=0.00 sys=0.00, real=0.00 secs] 
195.586: Total time for which application threads were stopped: 0.0007420 seconds, Stopping threads took: 0.0000540 seconds
195.619: Application time: 0.0336870 seconds
195.619: [GC195.619: [ParNew: 15516K->1576K(16640K), 0.0010320 secs] 26237K->13321K(55552K), 0.0010660 secs] [Times: user=0.00 sys=0.00, real=0.00 secs] 
195.621: Total time for which application threads were stopped: 0.0011980 seconds, Stopping threads took: 0.0000690 seconds
195.656: Application time: 0.0358900 seconds
195.656: [GC195.657: [ParNew: 15992K->1032K(16640K), 0.0005310 secs] 27737K->12805K(55552K), 0.0005630 secs] [Times: user=0.00 sys=0.00, real=0.00 secs] 
195.657: Total time for which application threads were stopped: 0.0006750 seconds, Stopping threads took: 0.0000560 seconds
195.690: Application time: 0.0334290 seconds
195.691: [GC195.691: [ParNew: 15516K->1580K(16640K), 0.0010150 secs] 27290K->14378K(55552K), 0.0010490 secs] [Times: user=0.01 sys=0.00, real=0.00 secs] 
195.692: Total time for which application threads were stopped: 0.0011900 seconds, Stopping threads took: 0.0000760 seconds
195.726: Application time: 0.0346360 seconds
195.726: [GC195.726: [ParNew: 16152K->1608K(16640K), 0.0008840 secs] 28950K->14946K(55552K), 0.0009180 secs] [Times: user=0.01 sys=0.00, real=0.00 secs] 
195.727: Total time for which application threads were stopped: 0.0010360 seconds, Stopping threads took: 0.0000570 seconds
195.762: Application time: 0.0348910 seconds
195.762: [GC195.762: [ParNew: 16020K->1548K(16640K), 0.0007740 secs] 29358K->14943K(55552K), 0.0008050 secs] [Times: user=0.00 sys=0.00, real=0.00 secs] 
195.763: Total time for which application threads were stopped: 0.0009300 seconds, Stopping threads took: 0.0000670 seconds
195.798: Application time: 0.0344900 seconds
195.798: [GC195.798: [ParNew: 15956K->1546K(16640K), 0.0007890 secs] 29351K->15453K(55552K), 0.0008230 secs] [Times: user=0.00 sys=0.00, real=0.00 secs] 
195.799: Total time for which application threads were stopped: 0.0009770 seconds, Stopping threads took: 0.0000950 seconds
195.834: Application time: 0.0356650 seconds
195.834: [GC195.834: [ParNew: 15958K->1036K(16640K), 0.0020130 secs] 29865K->14943K(55552K), 0.0020490 secs] [Times: user=0.00 sys=0.00, real=0.00 secs] 
195.837: Total time for which application threads were stopped: 0.0022170 seconds, Stopping threads took: 0.0001060 seconds
195.871: Application time: 0.0348530 seconds
195.872: [GC195.872: [ParNew: 15444K->1544K(16640K), 0.0008080 secs] 29351K->15963K(55552K), 0.0008400 secs] [Times: user=0.00 sys=0.00, real=0.00 secs] 
195.872: Total time for which application threads were stopped: 0.0009700 seconds, Stopping threads took: 0.0000700 seconds
195.908: Application time: 0.0359750 seconds
195.909: [GC195.909: [ParNew: 16034K->1580K(16640K), 0.0006380 secs] 30454K->15999K(55552K), 0.0006730 secs] [Times: user=0.00 sys=0.00, real=0.01 secs] 
195.909: Total time for which application threads were stopped: 0.0008560 seconds, Stopping threads took: 0.0001330 seconds
195.945: Application time: 0.0359030 seconds
195.945: [GC195.945: [ParNew: 16074K->554K(16640K), 0.0003790 secs] 30494K->15002K(55552K), 0.0004090 secs] [Times: user=0.00 sys=0.00, real=0.00 secs] 
195.946: Total time for which application threads were stopped: 0.0005340 seconds, Stopping threads took: 0.0000620 seconds
195.981: Application time: 0.0349110 seconds
195.981: [GC195.981: [ParNew: 14957K->1580K(16640K), 0.0008300 secs] 29406K->16540K(55552K), 0.0008640 secs] [Times: user=0.00 sys=0.00, real=0.00 secs] 
195.982: Total time for which application threads were stopped: 0.0009890 seconds, Stopping threads took: 0.0000640 seconds
196.017: Application time: 0.0358370 seconds
196.017: [GC196.018: [ParNew: 15994K->1034K(16640K), 0.0004900 secs] 30954K->16022K(55552K), 0.0005270 secs] [Times: user=0.00 sys=0.00, real=0.00 secs] 
196.018: Total time for which application threads were stopped: 0.0006360 seconds, Stopping threads took: 0.0000560 seconds
196.051: Application time: 0.0330550 seconds
196.051: [GC196.051: [ParNew: 15440K->1550K(16640K), 0.0008340 secs] 30428K->17050K(55552K), 0.0008670 secs] [Times: user=0.01 sys=0.00, real=0.00 secs] 
196.052: Total time for which application threads were stopped: 0.0009920 seconds, Stopping threads took: 0.0000650 seconds
196.088: Application time: 0.0355300 seconds
196.088: [GC196.088: [ParNew: 15962K->1544K(16640K), 0.0006750 secs] 31462K->17044K(55552K), 0.0007080 secs] [Times: user=0.00 sys=0.00, real=0.00 secs] 
196.088: Total time for which application threads were stopped: 0.0008540 seconds, Stopping threads took: 0.0000880 seconds
196.122: Application time: 0.0339670 seconds
196.123: [GC196.123: [ParNew: 15952K->1548K(16640K), 0.0008300 secs] 31452K->17560K(55552K), 0.0008630 secs] [Times: user=0.00 sys=0.00, real=0.00 secs] 
196.123: Total time for which application threads were stopped: 0.0009990 seconds, Stopping threads took: 0.0000770 seconds
196.160: Application time: 0.0360800 seconds
196.160: [GC196.160: [ParNew: 16038K->1574K(16640K), 0.0006850 secs] 32051K->17586K(55552K), 0.0007180 secs] [Times: user=0.01 sys=0.00, real=0.00 secs] 
196.160: Total time for which application threads were stopped: 0.0009520 seconds, Stopping threads took: 0.0001820 seconds
196.195: Application time: 0.0342110 seconds
196.195: [GC196.195: [ParNew: 16062K->1578K(16640K), 0.0008390 secs] 32074K->18131K(55552K), 0.0008740 secs] [Times: user=0.01 sys=0.00, real=0.00 secs] 
196.196: Total time for which application threads were stopped: 0.0010040 seconds, Stopping threads took: 0.0000690 seconds
196.231: Application time: 0.0354900 seconds
196.231: [GC196.231: [ParNew: 15990K->1034K(16640K), 0.0005320 secs] 32543K->17615K(55552K), 0.0005620 secs] [Times: user=0.00 sys=0.00, real=0.00 secs] 
196.232: Total time for which application threads were stopped: 0.0007480 seconds, Stopping threads took: 0.0001300 seconds
196.266: Application time: 0.0344240 seconds
196.268: [GC196.268: [ParNew: 15442K->1548K(16640K), 0.0008460 secs] 32023K->18641K(55552K), 0.0008790 secs] [Times: user=0.01 sys=0.00, real=0.00 secs] 
196.268: Total time for which application threads were stopped: 0.0021220 seconds, Stopping threads took: 0.0011890 seconds
196.303: Application time: 0.0348060 seconds
196.303: [GC196.304: [ParNew: 16038K->1578K(16640K), 0.0008380 secs] 33132K->19183K(55552K), 0.0008730 secs] [Times: user=0.00 sys=0.00, real=0.00 secs] 
196.304: Total time for which application threads were stopped: 0.0011000 seconds, Stopping threads took: 0.0001670 seconds
196.340: Application time: 0.0354830 seconds
196.340: [GC196.340: [ParNew: 16068K->1576K(16640K), 0.0006960 secs] 33674K->19210K(55552K), 0.0007290 secs] [Times: user=0.00 sys=0.00, real=0.01 secs] 
196.341: Total time for which application threads were stopped: 0.0008500 seconds, Stopping threads took: 0.0000630 seconds
196.374: Application time: 0.0334010 seconds
196.374: [GC196.374: [ParNew: 16138K->1606K(16640K), 0.0010290 secs] 33772K->20292K(55552K), 0.0010650 secs] [Times: user=0.01 sys=0.00, real=0.00 secs] 
196.375: Total time for which application threads were stopped: 0.0012250 seconds, Stopping threads took: 0.0000970 seconds
196.411: Application time: 0.0359570 seconds
196.411: [GC196.411: [ParNew: 16020K->1546K(16640K), 0.0006780 secs] 34707K->20289K(55552K), 0.0007080 secs] [Times: user=0.01 sys=0.00, real=0.00 secs] 
196.412: Total time for which application threads were stopped: 0.0008300 seconds, Stopping threads took: 0.0000670 seconds
196.447: Application time: 0.0344220 seconds
196.447: [GC196.447: [ParNew: 15950K->1552K(16640K), 0.0012060 secs] 34693K->21831K(55552K), 0.0012450 secs] [Times: user=0.01 sys=0.00, real=0.00 secs] 
196.448: Total time for which application threads were stopped: 0.0014090 seconds, Stopping threads took: 0.0000800 seconds
196.484: Application time: 0.0355760 seconds
196.484: [GC196.484: [ParNew: 15968K->1546K(16640K), 0.0005950 secs] 36248K->21825K(55552K), 0.0006260 secs] [Times: user=0.00 sys=0.00, real=0.00 secs] 
196.484: Total time for which application threads were stopped: 0.0007420 seconds, Stopping threads took: 0.0000600 seconds
196.519: Application time: 0.0345480 seconds
196.519: [GC196.519: [ParNew: 15954K->1548K(16640K), 0.0006310 secs] 36233K->21827K(55552K), 0.0006640 secs] [Times: user=0.00 sys=0.00, real=0.00 secs] 
196.520: Total time for which application threads were stopped: 0.0008380 seconds, Stopping threads took: 0.0001150 seconds
196.554: Application time: 0.0340210 seconds
196.554: [GC196.554: [ParNew: 16036K->1576K(16640K), 0.0008460 secs] 36316K->22367K(55552K), 0.0008820 secs] [Times: user=0.01 sys=0.00, real=0.00 secs] 
196.555: Total time for which application threads were stopped: 0.0010100 seconds, Stopping threads took: 0.0000680 seconds
196.590: Application time: 0.0356400 seconds
196.590: [GC196.590: [ParNew: 16068K->1580K(16640K), 0.0007170 secs] 36860K->22400K(55552K), 0.0007520 secs] [Times: user=0.01 sys=0.00, real=0.00 secs] 
196.591: Total time for which application threads were stopped: 0.0008770 seconds, Stopping threads took: 0.0000650 seconds
196.627: Application time: 0.0353400 seconds
196.627: [GC196.627: [ParNew: 15992K->1034K(16640K), 0.0004940 secs] 36812K->21882K(55552K), 0.0005250 secs] [Times: user=0.00 sys=0.00, real=0.00 secs] 
196.627: Total time for which application threads were stopped: 0.0006720 seconds, Stopping threads took: 0.0000890 seconds
196.661: Application time: 0.0333930 seconds
196.661: [GC196.661: [ParNew: 15440K->1548K(16640K), 0.0007980 secs] 36288K->22908K(55552K), 0.0008320 secs] [Times: user=0.00 sys=0.00, real=0.00 secs] 
196.662: Total time for which application threads were stopped: 0.0009470 seconds, Stopping threads took: 0.0000600 seconds
196.699: Application time: 0.0371850 seconds
196.699: [GC196.699: [ParNew: 15964K->522K(16640K), 0.0004160 secs] 37325K->21882K(55552K), 0.0004450 secs] [Times: user=0.00 sys=0.00, real=0.00 secs] 
196.699: Total time for which application threads were stopped: 0.0005600 seconds, Stopping threads took: 0.0000640 seconds
196.731: Application time: 0.0317350 seconds
196.731: [GC196.731: [ParNew: 14925K->1546K(16640K), 0.0008730 secs] 36286K->23418K(55552K), 0.0009080 secs] [Times: user=0.00 sys=0.00, real=0.00 secs] 
196.732: Total time for which application threads were stopped: 0.0010340 seconds, Stopping threads took: 0.0000650 seconds
196.769: Application time: 0.0368900 seconds
196.769: [GC196.769: [ParNew: 15960K->1034K(16640K), 0.0005190 secs] 37833K->22906K(55552K), 0.0005510 secs] [Times: user=0.00 sys=0.00, real=0.00 secs] 
196.770: Total time for which application threads were stopped: 0.0007390 seconds, Stopping threads took: 0.0001330 seconds
196.802: Application time: 0.0325560 seconds
196.802: [GC196.802: [ParNew: 15516K->1578K(16640K), 0.0010380 secs] 37389K->24475K(55552K), 0.0010740 secs] [Times: user=0.01 sys=0.00, real=0.00 secs] 
196.804: Total time for which application threads were stopped: 0.0012240 seconds, Stopping threads took: 0.0000870 seconds
196.839: Application time: 0.0356960 seconds
196.839: [GC196.839: [ParNew: 15992K->1550K(16640K), 0.0007550 secs] 38889K->24475K(55552K), 0.0007840 secs] [Times: user=0.00 sys=0.00, real=0.00 secs] 
196.840: Total time for which application threads were stopped: 0.0009030 seconds, Stopping threads took: 0.0000600 seconds
196.874: Application time: 0.0342750 seconds
196.875: [GC196.875: [ParNew: 16036K->1576K(16640K), 0.0008860 secs] 38961K->25013K(55552K), 0.0009200 secs] [Times: user=0.01 sys=0.00, real=0.00 secs] 
196.875: Total time for which application threads were stopped: 0.0010520 seconds, Stopping threads took: 0.0000720 seconds
196.910: Application time: 0.0343640 seconds
196.910: [GC196.910: [ParNew: 15986K->1548K(16640K), 0.0008560 secs] 39423K->25526K(55552K), 0.0009020 secs] [Times: user=0.00 sys=0.00, real=0.00 secs] 
196.911: Total time for which application threads were stopped: 0.0010240 seconds, Stopping threads took: 0.0000690 seconds
196.947: Application time: 0.0361910 seconds
196.947: [GC196.947: [ParNew: 16042K->1064K(16640K), 0.0005960 secs] 40020K->25042K(55552K), 0.0006250 secs] [Times: user=0.00 sys=0.00, real=0.00 secs] 
196.948: Total time for which application threads were stopped: 0.0007310 seconds, Stopping threads took: 0.0000540 seconds
196.980: Application time: 0.0326570 seconds
196.981: [GC196.981: [ParNew: 15470K->1546K(16640K), 0.0008930 secs] 39448K->26064K(55552K), 0.0009290 secs] [Times: user=0.00 sys=0.00, real=0.00 secs] 
196.982: Total time for which application threads were stopped: 0.0010620 seconds, Stopping threads took: 0.0000620 seconds
197.018: Application time: 0.0365960 seconds
197.018: [GC197.018: [ParNew: 16118K->1094K(16640K), 0.0005290 secs] 40637K->25612K(55552K), 0.0005600 secs] [Times: user=0.01 sys=0.00, real=0.00 secs] 
197.019: Total time for which application threads were stopped: 0.0006910 seconds, Stopping threads took: 0.0000780 seconds
197.052: Application time: 0.0336040 seconds
197.053: [GC197.053: [ParNew: 15578K->1576K(16640K), 0.0008770 secs] 40096K->26663K(55552K), 0.0009100 secs] [Times: user=0.01 sys=0.01, real=0.00 secs] 
197.054: Total time for which application threads were stopped: 0.0011280 seconds, Stopping threads took: 0.0001570 seconds
197.089: Application time: 0.0354600 seconds
197.089: [GC197.089: [ParNew: 15986K->1550K(16640K), 0.0010870 secs] 41073K->27690K(55552K), 0.0011230 secs] [Times: user=0.01 sys=0.00, real=0.00 secs] 
197.090: Total time for which application threads were stopped: 0.0012480 seconds, Stopping threads took: 0.0000640 seconds
197.126: Application time: 0.0358160 seconds
197.126: [GC197.126: [ParNew: 15962K->1546K(16640K), 0.0008840 secs] 42102K->28198K(55552K), 0.0009180 secs] [Times: user=0.01 sys=0.00, real=0.00 secs] 
197.127: Total time for which application threads were stopped: 0.0010480 seconds, Stopping threads took: 0.0000680 seconds
197.163: Application time: 0.0356920 seconds
197.163: [GC197.163: [ParNew: 15960K->1032K(16640K), 0.0004930 secs] 42612K->27684K(55552K), 0.0005250 secs] [Times: user=0.00 sys=0.00, real=0.00 secs] 
197.163: Total time for which application threads were stopped: 0.0006290 seconds, Stopping threads took: 0.0000520 seconds
197.198: Application time: 0.0344070 seconds
197.198: [GC197.198: [ParNew: 15598K->1608K(16640K), 0.0006750 secs] 42250K->28260K(55552K), 0.0007060 secs] [Times: user=0.01 sys=0.00, real=0.00 secs] 
197.199: Total time for which application threads were stopped: 0.0009030 seconds, Stopping threads took: 0.0001390 seconds
197.234: Application time: 0.0352020 seconds
197.234: [GC197.234: [ParNew: 16018K->1546K(16640K), 0.0007280 secs] 42670K->28255K(55552K), 0.0007580 secs] [Times: user=0.01 sys=0.00, real=0.00 secs] 
197.235: Total time for which application threads were stopped: 0.0009550 seconds, Stopping threads took: 0.0001390 seconds
197.270: Application time: 0.0351580 seconds
197.270: [GC197.270: [ParNew: 15958K->1036K(16640K), 0.0005980 secs] 42667K->27745K(55552K), 0.0006300 secs] [Times: user=0.00 sys=0.00, real=0.00 secs] 
197.271: Total time for which application threads were stopped: 0.0007610 seconds, Stopping threads took: 0.0000750 seconds
197.304: Application time: 0.0331820 seconds
197.304: [GC197.304: [ParNew: 15442K->1546K(16640K), 0.0008270 secs] 42151K->28767K(55552K), 0.0008610 secs] [Times: user=0.00 sys=0.00, real=0.00 secs] 
197.305: Total time for which application threads were stopped: 0.0009950 seconds, Stopping threads took: 0.0000720 seconds
197.342: Application time: 0.0365240 seconds
197.342: [GC197.342: [ParNew: 15960K->1036K(16640K), 0.0005000 secs] 43181K->28257K(55552K), 0.0005310 secs] [Times: user=0.00 sys=0.00, real=0.00 secs] 
197.342: Total time for which application threads were stopped: 0.0007250 seconds, Stopping threads took: 0.0001400 seconds
197.375: Application time: 0.0324100 seconds
197.375: [GC197.375: [ParNew: 15439K->1548K(16640K), 0.0010600 secs] 42661K->29793K(55552K), 0.0011050 secs] [Times: user=0.01 sys=0.00, real=0.00 secs] 
197.376: Total time for which application threads were stopped: 0.0012510 seconds, Stopping threads took: 0.0000820 seconds
197.412: Application time: 0.0356180 seconds
197.412: [GC197.412: [ParNew: 15962K->1548K(16640K), 0.0006790 secs] 44207K->29793K(55552K), 0.0007100 secs] [Times: user=0.00 sys=0.00, real=0.00 secs] 
197.412: Total time for which application threads were stopped: 0.0008250 seconds, Stopping threads took: 0.0000630 seconds
197.445: Application time: 0.0323880 seconds
197.445: [GC197.445: [ParNew: 16030K->1580K(16640K), 0.0011720 secs] 44275K->31361K(55552K), 0.0012120 secs] [Times: user=0.00 sys=0.00, real=0.00 secs] 
197.446: Total time for which application threads were stopped: 0.0013570 seconds, Stopping threads took: 0.0000800 seconds
197.483: Application time: 0.0365830 seconds
197.483: [GC197.483: [ParNew: 15994K->1546K(16640K), 0.0007680 secs] 45775K->31867K(55552K), 0.0008000 secs] [Times: user=0.01 sys=0.00, real=0.00 secs] 
197.484: Total time for which application threads were stopped: 0.0009200 seconds, Stopping threads took: 0.0000540 seconds
197.520: Application time: 0.0359620 seconds
197.520: [GC197.520: [ParNew: 15960K->1038K(16640K), 0.0005190 secs] 46282K->31359K(55552K), 0.0005480 secs] [Times: user=0.00 sys=0.00, real=0.00 secs] 
197.520: Total time for which application threads were stopped: 0.0007180 seconds, Stopping threads took: 0.0001150 seconds
197.553: Application time: 0.0325570 seconds
197.553: [GC197.553: [ParNew: 15520K->1578K(16640K), 0.0010480 secs] 45841K->32923K(55552K), 0.0010840 secs] [Times: user=0.01 sys=0.00, real=0.00 secs] 
197.554: Total time for which application threads were stopped: 0.0012260 seconds, Stopping threads took: 0.0000790 seconds
197.591: Application time: 0.0367570 seconds
197.591: [GC197.591: [ParNew: 15994K->1036K(16640K), 0.0005890 secs] 47340K->32410K(55552K), 0.0006210 secs] [Times: user=0.00 sys=0.00, real=0.00 secs] 
197.592: Total time for which application threads were stopped: 0.0007630 seconds, Stopping threads took: 0.0000840 seconds
197.626: Application time: 0.0339850 seconds
197.626: [GC197.626: [ParNew: 15522K->1574K(16640K), 0.0006870 secs] 46896K->32948K(55552K), 0.0007190 secs] [Times: user=0.01 sys=0.00, real=0.00 secs] 
197.626: Total time for which application threads were stopped: 0.0008440 seconds, Stopping threads took: 0.0000680 seconds
197.661: Application time: 0.0346110 seconds
197.661: [GC197.661: [ParNew: 16142K->1092K(16640K), 0.0006170 secs] 47516K->32495K(55552K), 0.0006460 secs] [Times: user=0.01 sys=0.00, real=0.00 secs] 
197.662: Total time for which application threads were stopped: 0.0008280 seconds, Stopping threads took: 0.0001310 seconds
197.697: Application time: 0.0347930 seconds
197.697: [GC197.697: [ParNew: 15498K->1546K(16640K), 0.0008960 secs] 46900K->33517K(55552K), 0.0009310 secs] [Times: user=0.01 sys=0.00, real=0.00 secs] 
197.698: Total time for which application threads were stopped: 0.0010520 seconds, Stopping threads took: 0.0000600 seconds
197.733: Application time: 0.0354140 seconds
197.733: [GC197.733: [ParNew: 16040K->1060K(16640K), 0.0005960 secs] 48012K->33032K(55552K), 0.0006260 secs] [Times: user=0.01 sys=0.00, real=0.00 secs] 
197.734: Total time for which application threads were stopped: 0.0007580 seconds, Stopping threads took: 0.0000770 seconds
197.768: Application time: 0.0338180 seconds
197.768: [GC197.768: [ParNew: 15464K->1548K(16640K), 0.0096850 secs] 47435K->34572K(55552K), 0.0097240 secs] [Times: user=0.06 sys=0.00, real=0.01 secs] 
197.778: Total time for which application threads were stopped: 0.0098710 seconds, Stopping threads took: 0.0000850 seconds
197.814: Application time: 0.0365300 seconds
197.814: [GC197.814: [ParNew: 15964K->1032K(16640K), 0.0005000 secs] 48988K->34056K(55552K), 0.0005310 secs] [Times: user=0.00 sys=0.00, real=0.00 secs] 
197.815: Total time for which application threads were stopped: 0.0006670 seconds, Stopping threads took: 0.0000760 seconds
197.849: Application time: 0.0338720 seconds
197.849: [GC197.849: [ParNew: 15514K->1576K(16640K), 0.0010410 secs] 48538K->35624K(55552K), 0.0010770 secs] [Times: user=0.01 sys=0.00, real=0.00 secs] 
197.850: Total time for which application threads were stopped: 0.0012090 seconds, Stopping threads took: 0.0000680 seconds
197.886: Application time: 0.0356930 seconds
197.886: [GC197.886: [ParNew: 16070K->1576K(16640K), 0.0007270 secs] 50119K->35653K(55552K), 0.0007570 secs] [Times: user=0.01 sys=0.00, real=0.00 secs] 
197.886: Total time for which application threads were stopped: 0.0008780 seconds, Stopping threads took: 0.0000630 seconds
197.921: Application time: 0.0344370 seconds
197.921: [GC197.921: [ParNew: 15984K->1546K(16640K), 0.0008550 secs] 50061K->36163K(55552K), 0.0008890 secs] [Times: user=0.00 sys=0.00, real=0.00 secs] 
197.922: Total time for which application threads were stopped: 0.0010190 seconds, Stopping threads took: 0.0000720 seconds
197.957: Application time: 0.0348840 seconds
197.957: [GC197.957: [ParNew: 15958K->1546K(16640K), 0.0007060 secs] 50575K->36163K(55552K), 0.0007350 secs] [Times: user=0.00 sys=0.00, real=0.00 secs] 
197.958: Total time for which application threads were stopped: 0.0008560 seconds, Stopping threads took: 0.0000670 seconds
197.992: Application time: 0.0343640 seconds
197.992: [GC197.992: [ParNew: 15954K->1546K(16640K), 0.0009170 secs] 50571K->36675K(55552K), 0.0009500 secs] [Times: user=0.00 sys=0.00, real=0.00 secs] 
197.993: Total time for which application threads were stopped: 0.0011410 seconds, Stopping threads took: 0.0001230 seconds
198.028: Application time: 0.0351200 seconds
198.028: [GC198.028: [ParNew: 15954K->1548K(16640K), 0.0008150 secs] 51083K->37189K(55552K), 0.0008490 secs] [Times: user=0.01 sys=0.00, real=0.01 secs] 
198.029: Total time for which application threads were stopped: 0.0010390 seconds, Stopping threads took: 0.0001280 seconds
198.065: Application time: 0.0361090 seconds
198.066: [GC198.066: [ParNew: 15960K->1548K(16640K), 0.0010810 secs] 51601K->38213K(55552K), 0.0011200 secs] [Times: user=0.01 sys=0.00, real=0.00 secs] 
198.067: Total time for which application threads were stopped: 0.0012370 seconds, Stopping threads took: 0.0000550 seconds
198.067: Application time: 0.0000280 seconds
198.067: [GC [1 CMS-initial-mark: 36665K(38912K)] 38725K(55552K), 0.0000990 secs] [Times: user=0.00 sys=0.00, real=0.00 secs] 
198.067: Total time for which application threads were stopped: 0.0002790 seconds, Stopping threads took: 0.0001620 seconds
198.067: [CMS-concurrent-mark-start]
198.071: [CMS-concurrent-mark: 0.004/0.004 secs] [Times: user=0.02 sys=0.00, real=0.01 secs] 
198.071: [CMS-concurrent-preclean-start]
198.071: [CMS-concurrent-preclean: 0.000/0.000 secs] [Times: user=0.00 sys=0.00, real=0.00 secs] 
198.071: Application time: 0.0037180 seconds
198.071: [GC[YG occupancy: 3098 K (16640 K)]198.071: [Rescan (parallel) , 0.0001100 secs]198.071: [weak refs processing, 0.0000070 secs]198.071: [scrub string table, 0.0000940 secs] [1 CMS-remark: 36665K(38912K)] 39764K(55552K), 0.0002380 secs] [Times: user=0.00 sys=0.00, real=0.00 secs] 
198.071: Total time for which application threads were stopped: 0.0003820 seconds, Stopping threads took: 0.0001190 seconds
198.071: [CMS-concurrent-sweep-start]
198.072: [CMS-concurrent-sweep: 0.001/0.001 secs] [Times: user=0.00 sys=0.00, real=0.00 secs] 
198.072: [CMS-concurrent-reset-start]
198.072: [CMS-concurrent-reset: 0.000/0.000 secs] [Times: user=0.00 sys=0.00, real=0.00 secs] 
198.103: Application time: 0.0318750 seconds
198.103: [GC198.103: [ParNew: 16036K->1580K(16640K), 0.0009870 secs] 22606K->9174K(55552K), 0.0010200 secs] [Times: user=0.01 sys=0.00, real=0.00 secs] 
198.104: Total time for which application threads were stopped: 0.0011490 seconds, Stopping threads took: 0.0000660 seconds
198.139: Application time: 0.0352720 seconds
198.140: [GC198.140: [ParNew: 15994K->1546K(16640K), 0.0006940 secs] 23588K->9169K(55552K), 0.0007340 secs] [Times: user=0.01 sys=0.00, real=0.00 secs] 
198.140: Total time for which application threads were stopped: 0.0008590 seconds, Stopping threads took: 0.0000660 seconds
198.176: Application time: 0.0355610 seconds
198.176: [GC198.176: [ParNew: 15956K->522K(16640K), 0.0003690 secs] 23579K->8145K(55552K), 0.0003990 secs] [Times: user=0.01 sys=0.00, real=0.00 secs] 
198.176: Total time for which application threads were stopped: 0.0005680 seconds, Stopping threads took: 0.0001160 seconds
198.211: Application time: 0.0343220 seconds
198.211: [GC198.211: [ParNew: 15008K->1574K(16640K), 0.0007860 secs] 22631K->9709K(55552K), 0.0008190 secs] [Times: user=0.01 sys=0.00, real=0.00 secs] 
198.212: Total time for which application threads were stopped: 0.0009390 seconds, Stopping threads took: 0.0000600 seconds
198.248: Application time: 0.0362670 seconds
198.248: [GC198.248: [ParNew: 15990K->524K(16640K), 0.0003830 secs] 24125K->8687K(55552K), 0.0004140 secs] [Times: user=0.00 sys=0.00, real=0.01 secs] 
198.249: Total time for which application threads were stopped: 0.0006350 seconds, Stopping threads took: 0.0001690 seconds
198.282: Application time: 0.0335620 seconds
198.282: [GC198.282: [ParNew: 14927K->1548K(16640K), 0.0009100 secs] 23091K->10223K(55552K), 0.0009620 secs] [Times: user=0.00 sys=0.00, real=0.00 secs] 
198.283: Total time for which application threads were stopped: 0.0011100 seconds, Stopping threads took: 0.0000860 seconds
198.319: Application time: 0.0356880 seconds
198.319: [GC198.319: [ParNew: 16199K->1120K(16640K), 0.0006130 secs] 24874K->9795K(55552K), 0.0006470 secs] [Times: user=0.00 sys=0.00, real=0.00 secs] 
198.320: Total time for which application threads were stopped: 0.0007600 seconds, Stopping threads took: 0.0000560 seconds
198.354: Application time: 0.0343060 seconds
198.354: [GC198.354: [ParNew: 15528K->1548K(16640K), 0.0006870 secs] 24203K->10309K(55552K), 0.0007190 secs] [Times: user=0.00 sys=0.00, real=0.00 secs] 
198.355: Total time for which application threads were stopped: 0.0008630 seconds, Stopping threads took: 0.0000860 seconds
198.390: Application time: 0.0348930 seconds
198.390: [GC198.390: [ParNew: 16036K->1576K(16640K), 0.0008070 secs] 24797K->10849K(55552K), 0.0008400 secs] [Times: user=0.01 sys=0.00, real=0.00 secs] 
198.391: Total time for which application threads were stopped: 0.0010260 seconds, Stopping threads took: 0.0001250 seconds
198.426: Application time: 0.0351290 seconds
198.426: [GC198.426: [ParNew: 15986K->1546K(16640K), 0.0009120 secs] 25259K->11359K(55552K), 0.0009450 secs] [Times: user=0.01 sys=0.00, real=0.00 secs] 
198.427: Total time for which application threads were stopped: 0.0010700 seconds, Stopping threads took: 0.0000650 seconds
198.462: Application time: 0.0349920 seconds
198.462: [GC198.462: [ParNew: 15958K->1548K(16640K), 0.0006330 secs] 25771K->11361K(55552K), 0.0006650 secs] [Times: user=0.00 sys=0.00, real=0.00 secs] 
198.463: Total time for which application threads were stopped: 0.0007800 seconds, Stopping threads took: 0.0000640 seconds
198.498: Application time: 0.0352500 seconds
198.498: [GC198.498: [ParNew: 16038K->1064K(16640K), 0.0005010 secs] 25852K->10877K(55552K), 0.0005290 secs] [Times: user=0.00 sys=0.00, real=0.00 secs] 
198.499: Total time for which application threads were stopped: 0.0006510 seconds, Stopping threads took: 0.0000620 seconds
198.532: Application time: 0.0337870 seconds
198.533: [GC198.533: [ParNew: 15548K->1580K(16640K), 0.0008350 secs] 25361K->11934K(55552K), 0.0008680 secs] [Times: user=0.01 sys=0.00, real=0.00 secs] 
198.533: Total time for which application threads were stopped: 0.0010000 seconds, Stopping threads took: 0.0000660 seconds
198.570: Application time: 0.0362110 seconds
198.570: [GC198.570: [ParNew: 15994K->1034K(16640K), 0.0004830 secs] 26348K->11416K(55552K), 0.0005140 secs] [Times: user=0.00 sys=0.00, real=0.00 secs] 
198.570: Total time for which application threads were stopped: 0.0006290 seconds, Stopping threads took: 0.0000610 seconds
198.605: Application time: 0.0345270 seconds
198.605: [GC198.605: [ParNew: 15444K->1036K(16640K), 0.0004990 secs] 25826K->11418K(55552K), 0.0005380 secs] [Times: user=0.00 sys=0.00, real=0.00 secs] 
198.606: Total time for which application threads were stopped: 0.0007020 seconds, Stopping threads took: 0.0001090 seconds
198.640: Application time: 0.0340860 seconds
198.640: [GC198.640: [ParNew: 15439K->1548K(16640K), 0.0010800 secs] 25822K->12954K(55552K), 0.0011160 secs] [Times: user=0.01 sys=0.00, real=0.01 secs] 
198.641: Total time for which application threads were stopped: 0.0012410 seconds, Stopping threads took: 0.0000640 seconds
198.678: Application time: 0.0374970 seconds
198.678: [GC198.678: [ParNew: 15966K->522K(16640K), 0.0003950 secs] 27373K->11928K(55552K), 0.0004260 secs] [Times: user=0.00 sys=0.00, real=0.00 secs] 
198.679: Total time for which application threads were stopped: 0.0005330 seconds, Stopping threads took: 0.0000550 seconds
198.712: Application time: 0.0326700 seconds
198.712: [GC198.712: [ParNew: 14923K->1548K(16640K), 0.0010090 secs] 26330K->13978K(55552K), 0.0010460 secs] [Times: user=0.01 sys=0.00, real=0.00 secs] 
198.713: Total time for which application threads were stopped: 0.0011790 seconds, Stopping threads took: 0.0000710 seconds
198.749: Application time: 0.0361640 seconds
198.749: [GC198.749: [ParNew: 16046K->552K(16640K), 0.0004110 secs] 28477K->12982K(55552K), 0.0004410 secs] [Times: user=0.00 sys=0.00, real=0.00 secs] 
198.749: Total time for which application threads were stopped: 0.0005470 seconds, Stopping threads took: 0.0000520 seconds
198.784: Application time: 0.0345470 seconds
198.784: [GC198.784: [ParNew: 14958K->1578K(16640K), 0.0006730 secs] 27388K->14008K(55552K), 0.0007040 secs] [Times: user=0.00 sys=0.00, real=0.00 secs] 
198.785: Total time for which application threads were stopped: 0.0008460 seconds, Stopping threads took: 0.0000860 seconds
198.817: Application time: 0.0325440 seconds
198.818: [GC198.818: [ParNew: 15982K->1550K(16640K), 0.0011700 secs] 28412K->15545K(55552K), 0.0012060 secs] [Times: user=0.01 sys=0.00, real=0.00 secs] 
198.819: Total time for which application threads were stopped: 0.0013520 seconds, Stopping threads took: 0.0000820 seconds
198.856: Application time: 0.0371760 seconds
198.856: [GC198.856: [ParNew: 15968K->1034K(16640K), 0.0005680 secs] 29963K->15029K(55552K), 0.0005990 secs] [Times: user=0.00 sys=0.00, real=0.00 secs] 
198.857: Total time for which application threads were stopped: 0.0007100 seconds, Stopping threads took: 0.0000560 seconds
198.888: Application time: 0.0317980 seconds
198.889: [GC198.889: [ParNew: 15514K->1580K(16640K), 0.0012210 secs] 29509K->17111K(55552K), 0.0012570 secs] [Times: user=0.01 sys=0.00, real=0.00 secs] 
198.890: Total time for which application threads were stopped: 0.0014100 seconds, Stopping threads took: 0.0000880 seconds
198.928: Application time: 0.0380840 seconds
198.928: [GC198.928: [ParNew: 15998K->1034K(16640K), 0.0005310 secs] 31529K->16593K(55552K), 0.0005630 secs] [Times: user=0.00 sys=0.01, real=0.01 secs] 
198.929: Total time for which application threads were stopped: 0.0006730 seconds, Stopping threads took: 0.0000540 seconds
198.961: Application time: 0.0324270 seconds
198.961: [GC198.961: [ParNew: 15592K->1608K(16640K), 0.0011770 secs] 31152K->18704K(55552K), 0.0012140 secs] [Times: user=0.01 sys=0.00, real=0.00 secs] 
198.962: Total time for which application threads were stopped: 0.0013560 seconds, Stopping threads took: 0.0000770 seconds
199.000: Application time: 0.0371050 seconds
199.000: [GC199.000: [ParNew: 16104K->1066K(16640K), 0.0004970 secs] 33200K->18219K(55552K), 0.0005270 secs] [Times: user=0.00 sys=0.00, real=0.00 secs] 
199.000: Total time for which application threads were stopped: 0.0006570 seconds, Stopping threads took: 0.0000680 seconds
199.033: Application time: 0.0327890 seconds
199.033: [GC199.033: [ParNew: 15472K->1548K(16640K), 0.0008920 secs] 32625K->19241K(55552K), 0.0009250 secs] [Times: user=0.00 sys=0.00, real=0.00 secs] 
199.034: Total time for which application threads were stopped: 0.0011330 seconds, Stopping threads took: 0.0001390 seconds
199.073: Application time: 0.0384590 seconds
199.073: [GC199.073: [ParNew: 16042K->1066K(16640K), 0.0005270 secs] 33735K->18759K(55552K), 0.0005580 secs] [Times: user=0.00 sys=0.00, real=0.00 secs] 
199.073: Total time for which application threads were stopped: 0.0006760 seconds, Stopping threads took: 0.0000620 seconds
199.108: Application time: 0.0348040 seconds
199.108: [GC199.108: [ParNew: 15470K->1548K(16640K), 0.0010180 secs] 33163K->20294K(55552K), 0.0010570 secs] [Times: user=0.01 sys=0.00, real=0.01 secs] 
199.109: Total time for which application threads were stopped: 0.0012050 seconds, Stopping threads took: 0.0000810 seconds
199.149: Application time: 0.0394400 seconds
199.149: [GC199.149: [ParNew: 16044K->1066K(16640K), 0.0005730 secs] 34790K->19812K(55552K), 0.0006030 secs] [Times: user=0.00 sys=0.00, real=0.00 secs] 
199.149: Total time for which application threads were stopped: 0.0007170 seconds, Stopping threads took: 0.0000570 seconds
199.186: Application time: 0.0362390 seconds
199.186: [GC199.186: [ParNew: 15548K->1576K(16640K), 0.0009370 secs] 34294K->20862K(55552K), 0.0009700 secs] [Times: user=0.01 sys=0.00, real=0.00 secs] 
199.187: Total time for which application threads were stopped: 0.0011100 seconds, Stopping threads took: 0.0000790 seconds
199.224: Application time: 0.0368950 seconds
199.224: [GC199.224: [ParNew: 15984K->1548K(16640K), 0.0012330 secs] 35270K->22399K(55552K), 0.0012710 secs] [Times: user=0.01 sys=0.00, real=0.00 secs] 
199.225: Total time for which application threads were stopped: 0.0014110 seconds, Stopping threads took: 0.0000750 seconds
199.264: Application time: 0.0390750 seconds
199.264: [GC199.264: [ParNew: 15964K->1546K(16640K), 0.0006390 secs] 36815K->22397K(55552K), 0.0006730 secs] [Times: user=0.00 sys=0.00, real=0.00 secs] 
199.265: Total time for which application threads were stopped: 0.0007980 seconds, Stopping threads took: 0.0000710 seconds
199.305: Application time: 0.0401420 seconds
199.305: [GC199.305: [ParNew: 15958K->1032K(16640K), 0.0005300 secs] 36809K->21883K(55552K), 0.0005610 secs] [Times: user=0.00 sys=0.00, real=0.00 secs] 
199.306: Total time for which application threads were stopped: 0.0006800 seconds, Stopping threads took: 0.0000650 seconds
199.342: Application time: 0.0359450 seconds
199.342: [GC199.342: [ParNew: 15438K->1546K(16640K), 0.0007960 secs] 36289K->22909K(55552K), 0.0008310 secs] [Times: user=0.00 sys=0.00, real=0.00 secs] 
199.343: Total time for which application threads were stopped: 0.0009920 seconds, Stopping threads took: 0.0000980 seconds
199.381: Application time: 0.0386420 seconds
199.382: [GC199.382: [ParNew: 15962K->520K(16640K), 0.0003540 secs] 37325K->21883K(55552K), 0.0003830 secs] [Times: user=0.01 sys=0.00, real=0.00 secs] 
199.382: Total time for which application threads were stopped: 0.0006120 seconds, Stopping threads took: 0.0001750 seconds
199.418: Application time: 0.0358790 seconds
199.418: [GC199.418: [ParNew: 15002K->1580K(16640K), 0.0008040 secs] 36365K->23455K(55552K), 0.0008390 secs] [Times: user=0.01 sys=0.00, real=0.00 secs] 
199.419: Total time for which application threads were stopped: 0.0009910 seconds, Stopping threads took: 0.0000910 seconds
199.459: Application time: 0.0398760 seconds
199.459: [GC199.459: [ParNew: 15994K->1032K(16640K), 0.0005780 secs] 37869K->22935K(55552K), 0.0006090 secs] [Times: user=0.01 sys=0.00, real=0.00 secs] 
199.459: Total time for which application threads were stopped: 0.0007210 seconds, Stopping threads took: 0.0000560 seconds
199.496: Application time: 0.0363230 seconds
199.496: [GC199.496: [ParNew: 15438K->1548K(16640K), 0.0008250 secs] 37341K->23963K(55552K), 0.0008600 secs] [Times: user=0.00 sys=0.00, real=0.00 secs] 
199.497: Total time for which application threads were stopped: 0.0009960 seconds, Stopping threads took: 0.0000740 seconds
199.535: Application time: 0.0380210 seconds
199.535: [GC199.535: [ParNew: 15960K->1548K(16640K), 0.0007160 secs] 38375K->23963K(55552K), 0.0007480 secs] [Times: user=0.00 sys=0.00, real=0.00 secs] 
199.536: Total time for which application threads were stopped: 0.0008870 seconds, Stopping threads took: 0.0000720 seconds
199.576: Application time: 0.0405180 seconds
199.576: [GC199.576: [ParNew: 16040K->1576K(16640K), 0.0007360 secs] 38456K->23991K(55552K), 0.0007670 secs] [Times: user=0.00 sys=0.00, real=0.00 secs] 
199.577: Total time for which application threads were stopped: 0.0008840 seconds, Stopping threads took: 0.0000600 seconds
199.615: Application time: 0.0375900 seconds
199.615: [GC199.615: [ParNew: 15988K->1034K(16640K), 0.0005130 secs] 38403K->23478K(55552K), 0.0005450 secs] [Times: user=0.01 sys=0.00, real=0.00 secs] 
199.615: Total time for which application threads were stopped: 0.0007080 seconds, Stopping threads took: 0.0001130 seconds
199.653: Application time: 0.0371580 seconds
199.653: [GC199.653: [ParNew: 15518K->1580K(16640K), 0.0010340 secs] 37962K->25048K(55552K), 0.0010700 secs] [Times: user=0.01 sys=0.00, real=0.00 secs] 
199.654: Total time for which application threads were stopped: 0.0012080 seconds, Stopping threads took: 0.0000760 seconds
199.694: Application time: 0.0398590 seconds
199.694: [GC199.694: [ParNew: 16156K->580K(16640K), 0.0004850 secs] 39625K->24076K(55552K), 0.0005140 secs] [Times: user=0.00 sys=0.00, real=0.00 secs] 
199.694: Total time for which application threads were stopped: 0.0006770 seconds, Stopping threads took: 0.0001100 seconds
199.728: Application time: 0.0337380 seconds
199.728: [GC199.728: [ParNew: 14984K->1606K(16640K), 0.0010510 secs] 38480K->26126K(55552K), 0.0010900 secs] [Times: user=0.01 sys=0.00, real=0.01 secs] 
199.729: Total time for which application threads were stopped: 0.0012170 seconds, Stopping threads took: 0.0000620 seconds
199.770: Application time: 0.0403450 seconds
199.770: [GC199.770: [ParNew: 16102K->1068K(16640K), 0.0005650 secs] 40623K->25645K(55552K), 0.0005970 secs] [Times: user=0.01 sys=0.00, real=0.00 secs] 
199.770: Total time for which application threads were stopped: 0.0007040 seconds, Stopping threads took: 0.0000510 seconds
199.807: Application time: 0.0362280 seconds
199.807: [GC199.807: [ParNew: 15474K->1548K(16640K), 0.0008100 secs] 40051K->26666K(55552K), 0.0008470 secs] [Times: user=0.01 sys=0.00, real=0.00 secs] 
199.808: Total time for which application threads were stopped: 0.0009770 seconds, Stopping threads took: 0.0000670 seconds
199.845: Application time: 0.0375890 seconds
199.845: [GC199.845: [ParNew: 16036K->1578K(16640K), 0.0008600 secs] 41154K->27208K(55552K), 0.0008940 secs] [Times: user=0.00 sys=0.00, real=0.00 secs] 
199.846: Total time for which application threads were stopped: 0.0010240 seconds, Stopping threads took: 0.0000680 seconds
199.884: Application time: 0.0380290 seconds
199.884: [GC199.884: [ParNew: 16066K->1578K(16640K), 0.0008740 secs] 41696K->27749K(55552K), 0.0009090 secs] [Times: user=0.00 sys=0.00, real=0.00 secs] 
199.885: Total time for which application threads were stopped: 0.0010290 seconds, Stopping threads took: 0.0000580 seconds
199.923: Application time: 0.0373760 seconds
199.923: [GC199.923: [ParNew: 15990K->1544K(16640K), 0.0006660 secs] 42161K->27743K(55552K), 0.0006990 secs] [Times: user=0.01 sys=0.00, real=0.00 secs] 
199.923: Total time for which application threads were stopped: 0.0008180 seconds, Stopping threads took: 0.0000590 seconds
199.960: Application time: 0.0362380 seconds
199.960: [GC199.960: [ParNew: 15954K->1548K(16640K), 0.0006570 secs] 42153K->27747K(55552K), 0.0006880 secs] [Times: user=0.00 sys=0.00, real=0.00 secs] 
199.960: Total time for which application threads were stopped: 0.0008320 seconds, Stopping threads took: 0.0000850 seconds
199.998: Application time: 0.0371950 seconds
199.998: [GC199.998: [ParNew: 15954K->1546K(16640K), 0.0008520 secs] 42153K->28257K(55552K), 0.0008860 secs] [Times: user=0.00 sys=0.00, real=0.00 secs] 
199.999: Total time for which application threads were stopped: 0.0010540 seconds, Stopping threads took: 0.0001050 seconds
200.037: Application time: 0.0382040 seconds
200.037: [GC200.037: [ParNew: 15958K->1548K(16640K), 0.0006780 secs] 42669K->28259K(55552K), 0.0007190 secs] [Times: user=0.01 sys=0.00, real=0.00 secs] 
200.038: Total time for which application threads were stopped: 0.0008910 seconds, Stopping threads took: 0.0001020 seconds
200.075: Application time: 0.0374800 seconds
200.075: [GC200.075: [ParNew: 15958K->1546K(16640K), 0.0008690 secs] 42669K->28769K(55552K), 0.0009030 secs] [Times: user=0.00 sys=0.00, real=0.00 secs] 
200.076: Total time for which application threads were stopped: 0.0010270 seconds, Stopping threads took: 0.0000640 seconds
200.114: Application time: 0.0379580 seconds
200.114: [GC200.114: [ParNew: 16038K->1580K(16640K), 0.0006520 secs] 43261K->28803K(55552K), 0.0006880 secs] [Times: user=0.00 sys=0.00, real=0.00 secs] 
200.115: Total time for which application threads were stopped: 0.0008120 seconds, Stopping threads took: 0.0000650 seconds
200.154: Application time: 0.0384000 seconds
200.154: [GC200.154: [ParNew: 15990K->1550K(16640K), 0.0007380 secs] 43213K->28802K(55552K), 0.0007700 secs] [Times: user=0.00 sys=0.00, real=0.00 secs] 
200.154: Total time for which application threads were stopped: 0.0008880 seconds, Stopping threads took: 0.0000600 seconds
200.190: Application time: 0.0353890 seconds
200.190: [GC200.190: [ParNew: 15958K->1544K(16640K), 0.0008950 secs] 43210K->29308K(55552K), 0.0009280 secs] [Times: user=0.00 sys=0.00, real=0.00 secs] 
200.191: Total time for which application threads were stopped: 0.0010760 seconds, Stopping threads took: 0.0000880 seconds
200.230: Application time: 0.0386870 seconds
200.230: [GC200.230: [ParNew: 15956K->1548K(16640K), 0.0006750 secs] 43720K->29312K(55552K), 0.0007080 secs] [Times: user=0.01 sys=0.00, real=0.00 secs] 
200.230: Total time for which application threads were stopped: 0.0008360 seconds, Stopping threads took: 0.0000670 seconds
200.267: Application time: 0.0363190 seconds
200.267: [GC200.267: [ParNew: 15956K->1550K(16640K), 0.0009410 secs] 43720K->29826K(55552K), 0.0009750 secs] [Times: user=0.01 sys=0.00, real=0.00 secs] 
200.268: Total time for which application threads were stopped: 0.0011720 seconds, Stopping threads took: 0.0001410 seconds
200.306: Application time: 0.0382470 seconds
200.306: [GC200.306: [ParNew: 16042K->1576K(16640K), 0.0006470 secs] 44318K->29852K(55552K), 0.0006820 secs] [Times: user=0.00 sys=0.00, real=0.00 secs] 
200.307: Total time for which application threads were stopped: 0.0008390 seconds, Stopping threads took: 0.0000970 seconds
200.344: Application time: 0.0371790 seconds
200.344: [GC200.344: [ParNew: 16064K->1576K(16640K), 0.0008930 secs] 44340K->30392K(55552K), 0.0009280 secs] [Times: user=0.00 sys=0.00, real=0.00 secs] 
200.345: Total time for which application threads were stopped: 0.0010520 seconds, Stopping threads took: 0.0000630 seconds
200.384: Application time: 0.0386930 seconds
200.384: [GC200.384: [ParNew: 16072K->554K(16640K), 0.0004040 secs] 44889K->29399K(55552K), 0.0004350 secs] [Times: user=0.01 sys=0.00, real=0.00 secs] 
200.385: Total time for which application threads were stopped: 0.0007250 seconds, Stopping threads took: 0.0002360 seconds
200.421: Application time: 0.0365380 seconds
200.421: [GC200.421: [ParNew: 15036K->1606K(16640K), 0.0008170 secs] 43881K->30963K(55552K), 0.0008510 secs] [Times: user=0.00 sys=0.00, real=0.00 secs] 
200.422: Total time for which application threads were stopped: 0.0009800 seconds, Stopping threads took: 0.0000670 seconds
200.463: Application time: 0.0412290 seconds
200.463: [GC200.464: [ParNew: 16024K->10K(16640K), 0.0003140 secs] 45381K->29424K(55552K), 0.0003430 secs] [Times: user=0.00 sys=0.00, real=0.00 secs] 
200.464: Total time for which application threads were stopped: 0.0004580 seconds, Stopping threads took: 0.0000640 seconds
200.499: Application time: 0.0354350 seconds
200.499: [GC200.499: [ParNew: 14490K->1578K(16640K), 0.0008030 secs] 43904K->31504K(55552K), 0.0008380 secs] [Times: user=0.01 sys=0.00, real=0.00 secs] 
200.500: Total time for which application threads were stopped: 0.0009940 seconds, Stopping threads took: 0.0000860 seconds
200.539: Application time: 0.0385630 seconds
200.539: [GC200.539: [ParNew: 16070K->1578K(16640K), 0.0007610 secs] 45996K->31532K(55552K), 0.0007930 secs] [Times: user=0.01 sys=0.00, real=0.00 secs] 
200.540: Total time for which application threads were stopped: 0.0009180 seconds, Stopping threads took: 0.0000560 seconds
200.577: Application time: 0.0367970 seconds
200.577: [GC200.577: [ParNew: 16066K->1578K(16640K), 0.0007690 secs] 46021K->31561K(55552K), 0.0008030 secs] [Times: user=0.00 sys=0.00, real=0.00 secs] 
200.577: Total time for which application threads were stopped: 0.0009280 seconds, Stopping threads took: 0.0000650 seconds
200.616: Application time: 0.0382960 seconds
200.616: [GC200.616: [ParNew: 15988K->1544K(16640K), 0.0007590 secs] 45971K->31555K(55552K), 0.0007950 secs] [Times: user=0.00 sys=0.00, real=0.00 secs] 
200.617: Total time for which application threads were stopped: 0.0009250 seconds, Stopping threads took: 0.0000760 seconds
200.655: Application time: 0.0379860 seconds
200.655: [GC200.655: [ParNew: 15954K->1548K(16640K), 0.0006670 secs] 45965K->31559K(55552K), 0.0007010 secs] [Times: user=0.00 sys=0.00, real=0.00 secs] 
200.656: Total time for which application threads were stopped: 0.0008440 seconds, Stopping threads took: 0.0000820 seconds
200.692: Application time: 0.0359710 seconds
200.692: [GC200.692: [ParNew: 15956K->1544K(16640K), 0.0008900 secs] 45967K->32067K(55552K), 0.0009250 secs] [Times: user=0.00 sys=0.00, real=0.00 secs] 
200.693: Total time for which application threads were stopped: 0.0010580 seconds, Stopping threads took: 0.0000720 seconds
200.731: Application time: 0.0388020 seconds
200.731: [GC200.731: [ParNew: 15960K->522K(16640K), 0.0003530 secs] 46483K->31045K(55552K), 0.0003840 secs] [Times: user=0.01 sys=0.00, real=0.00 secs] 
200.732: Total time for which application threads were stopped: 0.0004970 seconds, Stopping threads took: 0.0000590 seconds
200.767: Application time: 0.0354080 seconds
200.767: [GC200.767: [ParNew: 14923K->1546K(16640K), 0.0009830 secs] 45447K->33093K(55552K), 0.0010210 secs] [Times: user=0.01 sys=0.00, real=0.00 secs] 
200.768: Total time for which application threads were stopped: 0.0011510 seconds, Stopping threads took: 0.0000710 seconds
200.809: Application time: 0.0408010 seconds
200.809: [GC200.809: [ParNew: 16042K->1066K(16640K), 0.0004300 secs] 47590K->32613K(55552K), 0.0004610 secs] [Times: user=0.01 sys=0.00, real=0.00 secs] 
200.810: Total time for which application threads were stopped: 0.0005740 seconds, Stopping threads took: 0.0000590 seconds
200.844: Application time: 0.0346030 seconds
200.845: [GC200.845: [ParNew: 15468K->1550K(16640K), 0.0012570 secs] 47015K->34662K(55552K), 0.0013000 secs] [Times: user=0.01 sys=0.00, real=0.00 secs] 
200.846: Total time for which application threads were stopped: 0.0014370 seconds, Stopping threads took: 0.0000670 seconds
200.887: Application time: 0.0406510 seconds
200.887: [GC200.887: [ParNew: 15968K->1034K(16640K), 0.0005410 secs] 49080K->34146K(55552K), 0.0005720 secs] [Times: user=0.00 sys=0.00, real=0.00 secs] 
200.887: Total time for which application threads were stopped: 0.0006850 seconds, Stopping threads took: 0.0000540 seconds
200.922: Application time: 0.0352220 seconds
200.923: [GC200.923: [ParNew: 15437K->1548K(16640K), 0.0008410 secs] 48550K->35172K(55552K), 0.0008740 secs] [Times: user=0.01 sys=0.00, real=0.00 secs] 
200.923: Total time for which application threads were stopped: 0.0010590 seconds, Stopping threads took: 0.0001230 seconds
200.961: Application time: 0.0376640 seconds
200.961: [GC200.961: [ParNew: 15962K->1548K(16640K), 0.0006340 secs] 49586K->35172K(55552K), 0.0006680 secs] [Times: user=0.00 sys=0.00, real=0.00 secs] 
200.962: Total time for which application threads were stopped: 0.0008220 seconds, Stopping threads took: 0.0000930 seconds
201.000: Application time: 0.0380020 seconds
201.000: [GC201.000: [ParNew: 15960K->1036K(16640K), 0.0006070 secs] 49584K->34660K(55552K), 0.0006480 secs] [Times: user=0.00 sys=0.00, real=0.01 secs] 
201.001: Total time for which application threads were stopped: 0.0007990 seconds, Stopping threads took: 0.0000940 seconds
201.037: Application time: 0.0366560 seconds
201.038: [GC201.038: [ParNew: 15596K->1604K(16640K), 0.0010570 secs] 49220K->36252K(55552K), 0.0010940 secs] [Times: user=0.01 sys=0.00, real=0.00 secs] 
201.039: Total time for which application threads were stopped: 0.0012250 seconds, Stopping threads took: 0.0000670 seconds
201.079: Application time: 0.0408290 seconds
201.080: [GC201.080: [ParNew: 16020K->1032K(16640K), 0.0005520 secs] 50668K->35737K(55552K), 0.0005820 secs] [Times: user=0.00 sys=0.00, real=0.00 secs] 
201.080: Total time for which application threads were stopped: 0.0007130 seconds, Stopping threads took: 0.0000670 seconds
201.114: Application time: 0.0338980 seconds
201.114: [GC201.114: [ParNew: 15518K->1576K(16640K), 0.0008260 secs] 50223K->36793K(55552K), 0.0008610 secs] [Times: user=0.01 sys=0.00, real=0.00 secs] 
201.115: Total time for which application threads were stopped: 0.0009920 seconds, Stopping threads took: 0.0000660 seconds
201.154: Application time: 0.0386580 seconds
201.154: [GC201.154: [ParNew: 16070K->1064K(16640K), 0.0005790 secs] 51287K->36309K(55552K), 0.0006090 secs] [Times: user=0.00 sys=0.00, real=0.00 secs] 
201.155: Total time for which application threads were stopped: 0.0007470 seconds, Stopping threads took: 0.0000820 seconds
201.191: Application time: 0.0367220 seconds
201.191: [GC201.191: [ParNew: 15472K->1544K(16640K), 0.0006560 secs] 50717K->36818K(55552K), 0.0006870 secs] [Times: user=0.01 sys=0.00, real=0.00 secs] 
201.192: Total time for which application threads were stopped: 0.0009250 seconds, Stopping threads took: 0.0001780 seconds
201.231: Application time: 0.0385400 seconds
201.231: [GC201.231: [ParNew: 16112K->1606K(16640K), 0.0009630 secs] 51387K->37392K(55552K), 0.0009970 secs] [Times: user=0.00 sys=0.00, real=0.00 secs] 
201.232: Total time for which application threads were stopped: 0.0011200 seconds, Stopping threads took: 0.0000610 seconds
201.270: Application time: 0.0382450 seconds
201.270: [GC201.270: [ParNew: 16098K->1062K(16640K), 0.0005850 secs] 51885K->36905K(55552K), 0.0006170 secs] [Times: user=0.00 sys=0.00, real=0.00 secs] 
201.271: Total time for which application threads were stopped: 0.0007390 seconds, Stopping threads took: 0.0000690 seconds
201.271: Application time: 0.0000470 seconds
201.271: [GC [1 CMS-initial-mark: 35843K(38912K)] 37417K(55552K), 0.0000960 secs] [Times: user=0.00 sys=0.00, real=0.00 secs] 
201.271: Total time for which application threads were stopped: 0.0002560 seconds, Stopping threads took: 0.0001420 seconds
201.271: [CMS-concurrent-mark-start]
201.277: [CMS-concurrent-mark: 0.006/0.006 secs] [Times: user=0.05 sys=0.00, real=0.00 secs] 
201.277: [CMS-concurrent-preclean-start]
201.277: [CMS-concurrent-preclean: 0.000/0.000 secs] [Times: user=0.00 sys=0.00, real=0.00 secs] 
201.277: [CMS-concurrent-abortable-preclean-start]
201.306: Application time: 0.0352410 seconds
201.306: [GC201.306: [ParNew: 15468K->1548K(16640K), 0.0008960 secs] 51311K->37932K(55552K), 0.0009300 secs] [Times: user=0.01 sys=0.00, real=0.00 secs] 
201.307: Total time for which application threads were stopped: 0.0010580 seconds, Stopping threads took: 0.0000660 seconds
201.346: Application time: 0.0384910 seconds
201.346: [GC201.346: [ParNew: 15960K->1548K(16640K), 0.0006810 secs] 52344K->37932K(55552K), 0.0007160 secs] [Times: user=0.00 sys=0.00, real=0.00 secs] 
201.347: Total time for which application threads were stopped: 0.0008350 seconds, Stopping threads took: 0.0000590 seconds
201.384: Application time: 0.0376900 seconds
201.385: [GC201.385: [ParNew: 15956K->1548K(16640K), 0.0006680 secs] 52340K->37932K(55552K), 0.0007010 secs] [Times: user=0.00 sys=0.00, real=0.00 secs] 
201.385: Total time for which application threads were stopped: 0.0008760 seconds, Stopping threads took: 0.0001160 seconds
201.422: Application time: 0.0371230 seconds
201.423: [GC201.423: [ParNew: 15958K->1548K(16640K), 0.0008010 secs] 52342K->38444K(55552K), 0.0008420 secs] [Times: user=0.01 sys=0.00, real=0.00 secs] 
201.423: Total time for which application threads were stopped: 0.0009720 seconds, Stopping threads took: 0.0000670 seconds
201.460: Application time: 0.0369040 seconds
201.460: [GC201.460: [ParNew: 15956K->1548K(16640K), 0.0009930 secs] 52852K->39468K(55552K), 0.0010320 secs] [Times: user=0.00 sys=0.00, real=0.01 secs] 
201.462: Total time for which application threads were stopped: 0.0012000 seconds, Stopping threads took: 0.0001020 seconds
201.462: [CMS-concurrent-abortable-preclean: 0.001/0.184 secs] [Times: user=1.45 sys=0.00, real=0.19 secs] 
201.462: Application time: 0.0001090 seconds
201.462: [GC[YG occupancy: 2060 K (16640 K)]201.462: [Rescan (parallel) , 0.0001310 secs]201.462: [weak refs processing, 0.0000060 secs]201.462: [scrub string table, 0.0000860 secs] [1 CMS-remark: 37919K(38912K)] 39980K(55552K), 0.0002430 secs] [Times: user=0.01 sys=0.00, real=0.00 secs] 
201.462: Total time for which application threads were stopped: 0.0004370 seconds, Stopping threads took: 0.0001750 seconds
201.462: [CMS-concurrent-sweep-start]
201.463: [CMS-concurrent-sweep: 0.000/0.000 secs] [Times: user=0.00 sys=0.00, real=0.00 secs] 
201.463: [CMS-concurrent-reset-start]
201.463: [CMS-concurrent-reset: 0.000/0.000 secs] [Times: user=0.00 sys=0.00, real=0.00 secs] 
201.501: Application time: 0.0392800 seconds
201.501: [GC201.501: [ParNew: 16042K->1578K(16640K), 0.0006620 secs] 23639K->9175K(55552K), 0.0006960 secs] [Times: user=0.00 sys=0.00, real=0.00 secs] 
201.502: Total time for which application threads were stopped: 0.0008220 seconds, Stopping threads took: 0.0000650 seconds
201.537: Application time: 0.0349940 seconds
201.537: [GC201.537: [ParNew: 15984K->1548K(16640K), 0.0010670 secs] 23581K->10198K(55552K), 0.0011020 secs] [Times: user=0.01 sys=0.00, real=0.00 secs] 
201.538: Total time for which application threads were stopped: 0.0012300 seconds, Stopping threads took: 0.0000620 seconds
201.580: Application time: 0.0412440 seconds
201.580: [GC201.580: [ParNew: 15966K->518K(16640K), 0.0003650 secs] 24616K->9167K(55552K), 0.0003950 secs] [Times: user=0.00 sys=0.00, real=0.00 secs] 
201.580: Total time for which application threads were stopped: 0.0006930 seconds, Stopping threads took: 0.0002450 seconds
201.615: Application time: 0.0347160 seconds
201.615: [GC201.615: [ParNew: 14919K->1546K(16640K), 0.0010670 secs] 23569K->11220K(55552K), 0.0011020 secs] [Times: user=0.01 sys=0.00, real=0.00 secs] 
201.616: Total time for which application threads were stopped: 0.0012380 seconds, Stopping threads took: 0.0000600 seconds
201.658: Application time: 0.0418710 seconds
201.658: [GC201.658: [ParNew: 15964K->522K(16640K), 0.0004440 secs] 25638K->10196K(55552K), 0.0004730 secs] [Times: user=0.00 sys=0.00, real=0.00 secs] 
201.659: Total time for which application threads were stopped: 0.0005820 seconds, Stopping threads took: 0.0000560 seconds
201.693: Application time: 0.0340790 seconds
201.693: [GC201.693: [ParNew: 14925K->1546K(16640K), 0.0007940 secs] 24599K->11732K(55552K), 0.0008290 secs] [Times: user=0.00 sys=0.00, real=0.00 secs] 
201.694: Total time for which application threads were stopped: 0.0009640 seconds, Stopping threads took: 0.0000710 seconds
201.736: Application time: 0.0417100 seconds
201.736: [GC201.736: [ParNew: 16121K->70K(16640K), 0.0002710 secs] 26307K->10256K(55552K), 0.0003010 secs] [Times: user=0.00 sys=0.00, real=0.00 secs] 
201.736: Total time for which application threads were stopped: 0.0004140 seconds, Stopping threads took: 0.0000600 seconds
201.770: Application time: 0.0341320 seconds
201.770: [GC201.770: [ParNew: 14471K->1606K(16640K), 0.0008970 secs] 24657K->12304K(55552K), 0.0009340 secs] [Times: user=0.00 sys=0.00, real=0.00 secs] 
201.771: Total time for which application threads were stopped: 0.0010670 seconds, Stopping threads took: 0.0000730 seconds
201.811: Application time: 0.0400460 seconds
201.811: [GC201.811: [ParNew: 16100K->554K(16640K), 0.0004790 secs] 26798K->11309K(55552K), 0.0005160 secs] [Times: user=0.01 sys=0.00, real=0.00 secs] 
201.812: Total time for which application threads were stopped: 0.0006280 seconds, Stopping threads took: 0.0000570 seconds
201.850: Application time: 0.0377620 seconds
201.850: [GC201.850: [ParNew: 14960K->1576K(16640K), 0.0006400 secs] 25715K->12331K(55552K), 0.0006740 secs] [Times: user=0.00 sys=0.00, real=0.00 secs] 
201.850: Total time for which application threads were stopped: 0.0008380 seconds, Stopping threads took: 0.0001040 seconds
201.886: Application time: 0.0357540 seconds
201.886: [GC201.886: [ParNew: 16062K->1576K(16640K), 0.0008530 secs] 26817K->12871K(55552K), 0.0008850 secs] [Times: user=0.01 sys=0.00, real=0.00 secs] 
201.887: Total time for which application threads were stopped: 0.0010050 seconds, Stopping threads took: 0.0000580 seconds
201.929: Application time: 0.0417480 seconds
201.929: [GC201.929: [ParNew: 16153K->72K(16640K), 0.0003170 secs] 27448K->11396K(55552K), 0.0003460 secs] [Times: user=0.00 sys=0.00, real=0.00 secs] 
201.929: Total time for which application threads were stopped: 0.0004560 seconds, Stopping threads took: 0.0000570 seconds
201.963: Application time: 0.0333900 seconds
201.963: [GC201.963: [ParNew: 14552K->1636K(16640K), 0.0008460 secs] 25876K->13472K(55552K), 0.0008820 secs] [Times: user=0.01 sys=0.00, real=0.00 secs] 
201.964: Total time for which application threads were stopped: 0.0010080 seconds, Stopping threads took: 0.0000620 seconds
202.004: Application time: 0.0398260 seconds
202.004: [GC202.004: [ParNew: 16048K->1034K(16640K), 0.0006170 secs] 27884K->12955K(55552K), 0.0006490 secs] [Times: user=0.01 sys=0.00, real=0.00 secs] 
202.004: Total time for which application threads were stopped: 0.0008550 seconds, Stopping threads took: 0.0001490 seconds
202.041: Application time: 0.0363810 seconds
202.041: [GC202.041: [ParNew: 15444K->1548K(16640K), 0.0007290 secs] 27365K->13469K(55552K), 0.0007630 secs] [Times: user=0.00 sys=0.00, real=0.00 secs] 
202.042: Total time for which application threads were stopped: 0.0009870 seconds, Stopping threads took: 0.0001640 seconds
202.079: Application time: 0.0368160 seconds
202.079: [GC202.079: [ParNew: 15954K->1546K(16640K), 0.0010620 secs] 27875K->14491K(55552K), 0.0010990 secs] [Times: user=0.01 sys=0.00, real=0.00 secs] 
202.080: Total time for which application threads were stopped: 0.0013330 seconds, Stopping threads took: 0.0001710 seconds
202.120: Application time: 0.0401260 seconds
202.120: [GC202.120: [ParNew: 15960K->1546K(16640K), 0.0006880 secs] 28905K->14491K(55552K), 0.0007200 secs] [Times: user=0.00 sys=0.00, real=0.01 secs] 
202.121: Total time for which application threads were stopped: 0.0008650 seconds, Stopping threads took: 0.0000870 seconds
202.156: Application time: 0.0348370 seconds
202.156: [GC202.156: [ParNew: 15950K->1548K(16640K), 0.0012030 secs] 28895K->16029K(55552K), 0.0012430 secs] [Times: user=0.01 sys=0.00, real=0.00 secs] 
202.157: Total time for which application threads were stopped: 0.0013880 seconds, Stopping threads took: 0.0000780 seconds
202.199: Application time: 0.0415540 seconds
202.199: [GC202.199: [ParNew: 16046K->1068K(16640K), 0.0005330 secs] 30528K->15549K(55552K), 0.0005650 secs] [Times: user=0.01 sys=0.00, real=0.00 secs] 
202.200: Total time for which application threads were stopped: 0.0007300 seconds, Stopping threads took: 0.0001070 seconds
202.235: Application time: 0.0355610 seconds
202.235: [GC202.235: [ParNew: 15474K->1550K(16640K), 0.0008140 secs] 29955K->16572K(55552K), 0.0008500 secs] [Times: user=0.01 sys=0.00, real=0.00 secs] 
202.236: Total time for which application threads were stopped: 0.0010770 seconds, Stopping threads took: 0.0001630 seconds
202.275: Application time: 0.0388600 seconds
202.275: [GC202.275: [ParNew: 15964K->1032K(16640K), 0.0005390 secs] 30986K->16054K(55552K), 0.0005700 secs] [Times: user=0.00 sys=0.00, real=0.00 secs] 
202.276: Total time for which application threads were stopped: 0.0006860 seconds, Stopping threads took: 0.0000610 seconds
202.314: Application time: 0.0381190 seconds
202.314: [GC202.314: [ParNew: 15437K->1548K(16640K), 0.0008630 secs] 30460K->17082K(55552K), 0.0009080 secs] [Times: user=0.00 sys=0.00, real=0.00 secs] 
202.315: Total time for which application threads were stopped: 0.0011400 seconds, Stopping threads took: 0.0001730 seconds
202.352: Application time: 0.0374100 seconds
202.352: [GC202.353: [ParNew: 15958K->1548K(16640K), 0.0008770 secs] 31492K->17594K(55552K), 0.0009120 secs] [Times: user=0.00 sys=0.01, real=0.00 secs] 
202.353: Total time for which application threads were stopped: 0.0010490 seconds, Stopping threads took: 0.0000760 seconds
202.392: Application time: 0.0389800 seconds
202.393: [GC202.393: [ParNew: 15962K->1030K(16640K), 0.0005490 secs] 32008K->17076K(55552K), 0.0005840 secs] [Times: user=0.00 sys=0.00, real=0.00 secs] 
202.393: Total time for which application threads were stopped: 0.0007360 seconds, Stopping threads took: 0.0000900 seconds
202.430: Application time: 0.0367190 seconds
202.430: [GC202.430: [ParNew: 15518K->1576K(16640K), 0.0006680 secs] 31564K->17622K(55552K), 0.0007000 secs] [Times: user=0.01 sys=0.00, real=0.00 secs] 
202.431: Total time for which application threads were stopped: 0.0008190 seconds, Stopping threads took: 0.0000620 seconds
202.468: Application time: 0.0376510 seconds
202.468: [GC202.468: [ParNew: 16062K->1576K(16640K), 0.0009350 secs] 32108K->18162K(55552K), 0.0009730 secs] [Times: user=0.01 sys=0.00, real=0.01 secs] 
202.469: Total time for which application threads were stopped: 0.0011080 seconds, Stopping threads took: 0.0000710 seconds
202.508: Application time: 0.0387810 seconds
202.508: [GC202.508: [ParNew: 15990K->1034K(16640K), 0.0005860 secs] 32577K->17649K(55552K), 0.0006190 secs] [Times: user=0.01 sys=0.00, real=0.01 secs] 
202.509: Total time for which application threads were stopped: 0.0007370 seconds, Stopping threads took: 0.0000580 seconds
202.546: Application time: 0.0367090 seconds
202.546: [GC202.546: [ParNew: 15514K->1578K(16640K), 0.0009990 secs] 32129K->19217K(55552K), 0.0010330 secs] [Times: user=0.00 sys=0.00, real=0.00 secs] 
202.547: Total time for which application threads were stopped: 0.0012020 seconds, Stopping threads took: 0.0001050 seconds
202.586: Application time: 0.0394310 seconds
202.586: [GC202.586: [ParNew: 16072K->1578K(16640K), 0.0007420 secs] 33712K->19246K(55552K), 0.0007760 secs] [Times: user=0.01 sys=0.00, real=0.00 secs] 
202.587: Total time for which application threads were stopped: 0.0009150 seconds, Stopping threads took: 0.0000780 seconds
202.622: Application time: 0.0351360 seconds
202.622: [GC202.623: [ParNew: 16060K->1578K(16640K), 0.0012890 secs] 33728K->20810K(55552K), 0.0013250 secs] [Times: user=0.00 sys=0.00, real=0.00 secs] 
202.624: Total time for which application threads were stopped: 0.0014580 seconds, Stopping threads took: 0.0000640 seconds
202.665: Application time: 0.0412870 seconds
202.665: [GC202.665: [ParNew: 16155K->1092K(16640K), 0.0005180 secs] 35387K->20353K(55552K), 0.0005500 secs] [Times: user=0.00 sys=0.00, real=0.00 secs] 
202.666: Total time for which application threads were stopped: 0.0006640 seconds, Stopping threads took: 0.0000560 seconds
202.702: Application time: 0.0365470 seconds
202.705: [GC202.705: [ParNew: 15498K->1550K(16640K), 0.0007000 secs] 34759K->20868K(55552K), 0.0007350 secs] [Times: user=0.00 sys=0.00, real=0.00 secs] 
202.705: Total time for which application threads were stopped: 0.0030690 seconds, Stopping threads took: 0.0022730 seconds
202.742: Application time: 0.0367660 seconds
202.742: [GC202.742: [ParNew: 15958K->1550K(16640K), 0.0009630 secs] 35276K->21892K(55552K), 0.0010020 secs] [Times: user=0.00 sys=0.00, real=0.00 secs] 
202.743: Total time for which application threads were stopped: 0.0011370 seconds, Stopping threads took: 0.0000690 seconds
202.782: Application time: 0.0390480 seconds
202.782: [GC202.782: [ParNew: 15964K->1544K(16640K), 0.0006970 secs] 36306K->21886K(55552K), 0.0007280 secs] [Times: user=0.00 sys=0.00, real=0.00 secs] 
202.783: Total time for which application threads were stopped: 0.0008650 seconds, Stopping threads took: 0.0000700 seconds
202.820: Application time: 0.0370820 seconds
202.820: [GC202.820: [ParNew: 15954K->1546K(16640K), 0.0006340 secs] 36296K->21888K(55552K), 0.0006680 secs] [Times: user=0.00 sys=0.00, real=0.01 secs] 
202.821: Total time for which application threads were stopped: 0.0007800 seconds, Stopping threads took: 0.0000570 seconds
202.858: Application time: 0.0368940 seconds
202.858: [GC202.858: [ParNew: 15954K->1546K(16640K), 0.0007950 secs] 36296K->22400K(55552K), 0.0008260 secs] [Times: user=0.00 sys=0.00, real=0.00 secs] 
202.859: Total time for which application threads were stopped: 0.0009620 seconds, Stopping threads took: 0.0000730 seconds
202.899: Application time: 0.0396930 seconds
202.899: [GC202.899: [ParNew: 16038K->1062K(16640K), 0.0004780 secs] 36892K->21916K(55552K), 0.0005090 secs] [Times: user=0.00 sys=0.00, real=0.00 secs] 
202.899: Total time for which application threads were stopped: 0.0006300 seconds, Stopping threads took: 0.0000650 seconds
202.935: Application time: 0.0355110 seconds
202.935: [GC202.935: [ParNew: 15468K->1546K(16640K), 0.0008160 secs] 36322K->22940K(55552K), 0.0008520 secs] [Times: user=0.00 sys=0.00, real=0.00 secs] 
202.936: Total time for which application threads were stopped: 0.0009900 seconds, Stopping threads took: 0.0000740 seconds
202.975: Application time: 0.0393980 seconds
202.975: [GC202.975: [ParNew: 15958K->1546K(16640K), 0.0006540 secs] 37352K->22940K(55552K), 0.0006840 secs] [Times: user=0.00 sys=0.00, real=0.00 secs] 
202.976: Total time for which application threads were stopped: 0.0008000 seconds, Stopping threads took: 0.0000600 seconds
203.013: Application time: 0.0368150 seconds
203.013: [GC203.013: [ParNew: 15956K->1546K(16640K), 0.0006740 secs] 37350K->22940K(55552K), 0.0007080 secs] [Times: user=0.00 sys=0.00, real=0.00 secs] 
203.014: Total time for which application threads were stopped: 0.0008750 seconds, Stopping threads took: 0.0001070 seconds
203.050: Application time: 0.0366990 seconds
203.051: [GC203.051: [ParNew: 15954K->1548K(16640K), 0.0008070 secs] 37348K->23454K(55552K), 0.0008410 secs] [Times: user=0.00 sys=0.00, real=0.00 secs] 
203.051: Total time for which application threads were stopped: 0.0010140 seconds, Stopping threads took: 0.0001100 seconds
203.091: Application time: 0.0392280 seconds
203.091: [GC203.091: [ParNew: 15964K->524K(16640K), 0.0004220 secs] 37870K->22430K(55552K), 0.0004510 secs] [Times: user=0.00 sys=0.00, real=0.00 secs] 
203.091: Total time for which application threads were stopped: 0.0005660 seconds, Stopping threads took: 0.0000630 seconds
203.122: Application time: 0.0311950 seconds
203.123: [GC203.123: [ParNew: 15006K->1580K(16640K), 0.0007830 secs] 36912K->23998K(55552K), 0.0008150 secs] [Times: user=0.01 sys=0.00, real=0.00 secs] 
203.123: Total time for which application threads were stopped: 0.0010330 seconds, Stopping threads took: 0.0001520 seconds
203.160: Application time: 0.0367910 seconds
203.160: [GC203.160: [ParNew: 16072K->1064K(16640K), 0.0005100 secs] 38491K->23511K(55552K), 0.0005410 secs] [Times: user=0.00 sys=0.00, real=0.01 secs] 
203.161: Total time for which application threads were stopped: 0.0006620 seconds, Stopping threads took: 0.0000660 seconds
203.195: Application time: 0.0337040 seconds
203.195: [GC203.195: [ParNew: 15470K->1546K(16640K), 0.0009030 secs] 37917K->24533K(55552K), 0.0009390 secs] [Times: user=0.01 sys=0.00, real=0.00 secs] 
203.196: Total time for which application threads were stopped: 0.0010730 seconds, Stopping threads took: 0.0000720 seconds
203.230: Application time: 0.0346000 seconds
203.230: [GC203.230: [ParNew: 16032K->1578K(16640K), 0.0010470 secs] 39020K->25589K(55552K), 0.0010810 secs] [Times: user=0.00 sys=0.00, real=0.00 secs] 
203.231: Total time for which application threads were stopped: 0.0012070 seconds, Stopping threads took: 0.0000660 seconds
203.267: Application time: 0.0358140 seconds
203.267: [GC203.267: [ParNew: 16074K->1062K(16640K), 0.0005490 secs] 40086K->25102K(55552K), 0.0005790 secs] [Times: user=0.00 sys=0.00, real=0.00 secs] 
203.268: Total time for which application threads were stopped: 0.0006900 seconds, Stopping threads took: 0.0000550 seconds
203.301: Application time: 0.0329920 seconds
203.301: [GC203.301: [ParNew: 15544K->1578K(16640K), 0.0010450 secs] 39584K->26670K(55552K), 0.0010810 secs] [Times: user=0.00 sys=0.00, real=0.00 secs] 
203.302: Total time for which application threads were stopped: 0.0012000 seconds, Stopping threads took: 0.0000590 seconds
203.339: Application time: 0.0371560 seconds
203.339: [GC203.340: [ParNew: 16070K->1066K(16640K), 0.0005760 secs] 41163K->26187K(55552K), 0.0006060 secs] [Times: user=0.01 sys=0.00, real=0.00 secs] 
203.340: Total time for which application threads were stopped: 0.0007840 seconds, Stopping threads took: 0.0001240 seconds
203.373: Application time: 0.0324600 seconds
203.373: [GC203.373: [ParNew: 15548K->1578K(16640K), 0.0011760 secs] 40669K->28263K(55552K), 0.0012130 secs] [Times: user=0.00 sys=0.00, real=0.00 secs] 
203.374: Total time for which application threads were stopped: 0.0013340 seconds, Stopping threads took: 0.0000630 seconds
203.411: Application time: 0.0368050 seconds
203.411: [GC203.411: [ParNew: 15994K->1546K(16640K), 0.0007100 secs] 42680K->28260K(55552K), 0.0007400 secs] [Times: user=0.00 sys=0.00, real=0.00 secs] 
203.412: Total time for which application threads were stopped: 0.0008600 seconds, Stopping threads took: 0.0000620 seconds
203.445: Application time: 0.0331630 seconds
203.445: [GC203.445: [ParNew: 15948K->1550K(16640K), 0.0013790 secs] 42662K->30312K(55552K), 0.0014180 secs] [Times: user=0.01 sys=0.00, real=0.00 secs] 
203.446: Total time for which application threads were stopped: 0.0015540 seconds, Stopping threads took: 0.0000710 seconds
203.484: Application time: 0.0378330 seconds
203.484: [GC203.484: [ParNew: 15968K->1548K(16640K), 0.0005750 secs] 44730K->30310K(55552K), 0.0006060 secs] [Times: user=0.00 sys=0.00, real=0.00 secs] 
203.485: Total time for which application threads were stopped: 0.0007140 seconds, Stopping threads took: 0.0000530 seconds
203.518: Application time: 0.0333400 seconds
203.518: [GC203.518: [ParNew: 15956K->1548K(16640K), 0.0008050 secs] 44718K->30822K(55552K), 0.0008380 secs] [Times: user=0.00 sys=0.00, real=0.00 secs] 
203.519: Total time for which application threads were stopped: 0.0010150 seconds, Stopping threads took: 0.0001170 seconds
203.555: Application time: 0.0354190 seconds
203.555: [GC203.555: [ParNew: 16038K->1580K(16640K), 0.0007840 secs] 45312K->31366K(55552K), 0.0008190 secs] [Times: user=0.00 sys=0.00, real=0.00 secs] 
203.556: Total time for which application threads were stopped: 0.0009510 seconds, Stopping threads took: 0.0000710 seconds
203.591: Application time: 0.0351750 seconds
203.591: [GC203.591: [ParNew: 15990K->1548K(16640K), 0.0008230 secs] 45776K->31875K(55552K), 0.0008580 secs] [Times: user=0.00 sys=0.00, real=0.00 secs] 
203.592: Total time for which application threads were stopped: 0.0009760 seconds, Stopping threads took: 0.0000580 seconds
203.627: Application time: 0.0353130 seconds
203.627: [GC203.627: [ParNew: 15962K->1036K(16640K), 0.0004900 secs] 46289K->31363K(55552K), 0.0005200 secs] [Times: user=0.01 sys=0.00, real=0.00 secs] 
203.628: Total time for which application threads were stopped: 0.0006370 seconds, Stopping threads took: 0.0000570 seconds
203.661: Application time: 0.0330510 seconds
203.661: [GC203.661: [ParNew: 15442K->1548K(16640K), 0.0008320 secs] 45768K->32387K(55552K), 0.0008640 secs] [Times: user=0.01 sys=0.00, real=0.00 secs] 
203.662: Total time for which application threads were stopped: 0.0010020 seconds, Stopping threads took: 0.0000780 seconds
203.699: Application time: 0.0369100 seconds
203.699: [GC203.699: [ParNew: 15964K->524K(16640K), 0.0003350 secs] 46803K->31363K(55552K), 0.0003630 secs] [Times: user=0.00 sys=0.00, real=0.00 secs] 
203.699: Total time for which application threads were stopped: 0.0005210 seconds, Stopping threads took: 0.0001080 seconds
203.732: Application time: 0.0324750 seconds
203.732: [GC203.732: [ParNew: 14927K->1546K(16640K), 0.0008350 secs] 45766K->32897K(55552K), 0.0008810 secs] [Times: user=0.01 sys=0.00, real=0.00 secs] 
203.733: Total time for which application threads were stopped: 0.0010110 seconds, Stopping threads took: 0.0000680 seconds
203.769: Application time: 0.0367930 seconds
203.770: [GC203.770: [ParNew: 16036K->1580K(16640K), 0.0006320 secs] 47387K->32931K(55552K), 0.0006640 secs] [Times: user=0.00 sys=0.00, real=0.00 secs] 
203.770: Total time for which application threads were stopped: 0.0008620 seconds, Stopping threads took: 0.0001390 seconds
203.806: Application time: 0.0353090 seconds
203.806: [GC203.806: [ParNew: 15990K->1548K(16640K), 0.0006950 secs] 47341K->32927K(55552K), 0.0007290 secs] [Times: user=0.00 sys=0.00, real=0.00 secs] 
203.807: Total time for which application threads were stopped: 0.0008600 seconds, Stopping threads took: 0.0000730 seconds
203.841: Application time: 0.0341070 seconds
203.841: [GC203.841: [ParNew: 16032K->1576K(16640K), 0.0009770 secs] 47411K->33979K(55552K), 0.0010120 secs] [Times: user=0.01 sys=0.00, real=0.00 secs] 
203.842: Total time for which application threads were stopped: 0.0011550 seconds, Stopping threads took: 0.0000830 seconds
203.878: Application time: 0.0361750 seconds
203.878: [GC203.878: [ParNew: 15990K->1548K(16640K), 0.0007250 secs] 48393K->33980K(55552K), 0.0007570 secs] [Times: user=0.00 sys=0.00, real=0.00 secs] 
203.879: Total time for which application threads were stopped: 0.0008780 seconds, Stopping threads took: 0.0000650 seconds
203.915: Application time: 0.0360470 seconds
203.915: [GC203.915: [ParNew: 16120K->582K(16640K), 0.0003980 secs] 48552K->33014K(55552K), 0.0004280 secs] [Times: user=0.00 sys=0.00, real=0.00 secs] 
203.915: Total time for which application threads were stopped: 0.0005680 seconds, Stopping threads took: 0.0000850 seconds
203.949: Application time: 0.0332450 seconds
203.949: [GC203.949: [ParNew: 15062K->1636K(16640K), 0.0010540 secs] 47494K->35092K(55552K), 0.0010890 secs] [Times: user=0.01 sys=0.00, real=0.00 secs] 
203.950: Total time for which application threads were stopped: 0.0012260 seconds, Stopping threads took: 0.0000740 seconds
203.987: Application time: 0.0366980 seconds
203.987: [GC203.987: [ParNew: 16132K->1066K(16640K), 0.0005720 secs] 49588K->34607K(55552K), 0.0006030 secs] [Times: user=0.01 sys=0.00, real=0.00 secs] 
203.987: Total time for which application threads were stopped: 0.0007250 seconds, Stopping threads took: 0.0000660 seconds
204.019: Application time: 0.0318090 seconds
204.019: [GC204.019: [ParNew: 15546K->1578K(16640K), 0.0012130 secs] 49087K->36684K(55552K), 0.0012500 secs] [Times: user=0.01 sys=0.00, real=0.00 secs] 
204.021: Total time for which application threads were stopped: 0.0013970 seconds, Stopping threads took: 0.0000740 seconds
204.021: Application time: 0.0000450 seconds
204.021: [GC [1 CMS-initial-mark: 35106K(38912K)] 37196K(55552K), 0.0000950 secs] [Times: user=0.00 sys=0.00, real=0.00 secs] 
204.021: Total time for which application threads were stopped: 0.0003060 seconds, Stopping threads took: 0.0001920 seconds
204.021: [CMS-concurrent-mark-start]
204.027: [CMS-concurrent-mark: 0.006/0.006 secs] [Times: user=0.03 sys=0.00, real=0.00 secs] 
204.027: [CMS-concurrent-preclean-start]
204.027: [CMS-concurrent-preclean: 0.000/0.000 secs] [Times: user=0.00 sys=0.00, real=0.00 secs] 
204.027: Application time: 0.0059200 seconds
204.029: [GC[YG occupancy: 3142 K (16640 K)]204.029: [Rescan (parallel) , 0.0001170 secs]204.029: [weak refs processing, 0.0000060 secs]204.029: [scrub string table, 0.0000930 secs] [1 CMS-remark: 35106K(38912K)] 38249K(55552K), 0.0002440 secs] [Times: user=0.00 sys=0.00, real=0.00 secs] 
204.029: Total time for which application threads were stopped: 0.0020230 seconds, Stopping threads took: 0.0017550 seconds
204.029: [CMS-concurrent-sweep-start]
204.030: [CMS-concurrent-sweep: 0.001/0.001 secs] [Times: user=0.00 sys=0.00, real=0.00 secs] 
204.030: [CMS-concurrent-reset-start]
204.030: [CMS-concurrent-reset: 0.000/0.000 secs] [Times: user=0.00 sys=0.00, real=0.00 secs] 
204.061: Application time: 0.0319450 seconds
204.061: [GC204.061: [ParNew: 15992K->1546K(16640K), 0.0008840 secs] 23051K->9145K(55552K), 0.0009160 secs] [Times: user=0.00 sys=0.00, real=0.00 secs] 
204.062: Total time for which application threads were stopped: 0.0010410 seconds, Stopping threads took: 0.0000630 seconds
204.098: Application time: 0.0364340 seconds
204.098: [GC204.098: [ParNew: 15962K->518K(16640K), 0.0004040 secs] 23561K->8117K(55552K), 0.0004320 secs] [Times: user=0.01 sys=0.00, real=0.00 secs] 
204.099: Total time for which application threads were stopped: 0.0005420 seconds, Stopping threads took: 0.0000590 seconds
204.132: Application time: 0.0331990 seconds
204.132: [GC204.132: [ParNew: 14921K->1544K(16640K), 0.0008990 secs] 22521K->9655K(55552K), 0.0009360 secs] [Times: user=0.01 sys=0.00, real=0.00 secs] 
204.133: Total time for which application threads were stopped: 0.0010690 seconds, Stopping threads took: 0.0000600 seconds
204.168: Application time: 0.0345600 seconds
204.168: [GC204.168: [ParNew: 15954K->1548K(16640K), 0.0008280 secs] 24065K->10171K(55552K), 0.0008620 secs] [Times: user=0.01 sys=0.00, real=0.01 secs] 
204.169: Total time for which application threads were stopped: 0.0009920 seconds, Stopping threads took: 0.0000690 seconds
204.205: Application time: 0.0367800 seconds
204.206: [GC204.206: [ParNew: 16042K->552K(16640K), 0.0003840 secs] 24666K->9175K(55552K), 0.0004130 secs] [Times: user=0.01 sys=0.00, real=0.00 secs] 
204.206: Total time for which application threads were stopped: 0.0005170 seconds, Stopping threads took: 0.0000510 seconds
204.238: Application time: 0.0320390 seconds
204.238: [GC204.238: [ParNew: 14953K->1578K(16640K), 0.0010090 secs] 23577K->11225K(55552K), 0.0010440 secs] [Times: user=0.01 sys=0.00, real=0.00 secs] 
204.239: Total time for which application threads were stopped: 0.0011690 seconds, Stopping threads took: 0.0000640 seconds
204.277: Application time: 0.0383020 seconds
204.278: [GC204.278: [ParNew: 15994K->1032K(16640K), 0.0006130 secs] 25642K->10708K(55552K), 0.0006450 secs] [Times: user=0.00 sys=0.00, real=0.00 secs] 
204.278: Total time for which application threads were stopped: 0.0007590 seconds, Stopping threads took: 0.0000610 seconds
204.311: Application time: 0.0324880 seconds
204.311: [GC204.311: [ParNew: 15435K->1546K(16640K), 0.0010510 secs] 25112K->12246K(55552K), 0.0010850 secs] [Times: user=0.01 sys=0.00, real=0.00 secs] 
204.312: Total time for which application threads were stopped: 0.0012120 seconds, Stopping threads took: 0.0000660 seconds
204.348: Application time: 0.0358330 seconds
204.348: [GC204.348: [ParNew: 15960K->1546K(16640K), 0.0006580 secs] 26660K->12246K(55552K), 0.0006910 secs] [Times: user=0.00 sys=0.00, real=0.01 secs] 
204.349: Total time for which application threads were stopped: 0.0008720 seconds, Stopping threads took: 0.0001230 seconds
204.384: Application time: 0.0350630 seconds
204.384: [GC204.384: [ParNew: 15956K->1544K(16640K), 0.0007070 secs] 26656K->12244K(55552K), 0.0007380 secs] [Times: user=0.01 sys=0.00, real=0.00 secs] 
204.385: Total time for which application threads were stopped: 0.0009540 seconds, Stopping threads took: 0.0001570 seconds
204.420: Application time: 0.0353760 seconds
204.425: [GC204.425: [ParNew: 16034K->1062K(16640K), 0.0005060 secs] 26734K->11762K(55552K), 0.0005380 secs] [Times: user=0.01 sys=0.00, real=0.00 secs] 
204.425: Total time for which application threads were stopped: 0.0052100 seconds, Stopping threads took: 0.0046000 seconds
204.460: Application time: 0.0350500 seconds
204.460: [GC204.460: [ParNew: 15472K->1544K(16640K), 0.0007280 secs] 26172K->12272K(55552K), 0.0007600 secs] [Times: user=0.00 sys=0.00, real=0.01 secs] 
204.461: Total time for which application threads were stopped: 0.0008790 seconds, Stopping threads took: 0.0000600 seconds
204.496: Application time: 0.0343310 seconds
204.496: [GC204.496: [ParNew: 15950K->1550K(16640K), 0.0010560 secs] 26678K->13302K(55552K), 0.0011030 secs] [Times: user=0.01 sys=0.00, real=0.00 secs] 
204.497: Total time for which application threads were stopped: 0.0012260 seconds, Stopping threads took: 0.0000600 seconds
204.533: Application time: 0.0361170 seconds
204.533: [GC204.533: [ParNew: 16042K->1574K(16640K), 0.0008070 secs] 27795K->13326K(55552K), 0.0008400 secs] [Times: user=0.00 sys=0.00, real=0.00 secs] 
204.534: Total time for which application threads were stopped: 0.0009570 seconds, Stopping threads took: 0.0000600 seconds
204.567: Application time: 0.0333100 seconds
204.567: [GC204.567: [ParNew: 16136K->1608K(16640K), 0.0010440 secs] 27889K->14413K(55552K), 0.0010820 secs] [Times: user=0.01 sys=0.00, real=0.00 secs] 
204.568: Total time for which application threads were stopped: 0.0012060 seconds, Stopping threads took: 0.0000590 seconds
204.606: Application time: 0.0373980 seconds
204.606: [GC204.606: [ParNew: 16022K->1546K(16640K), 0.0006770 secs] 28827K->14408K(55552K), 0.0007110 secs] [Times: user=0.01 sys=0.00, real=0.00 secs] 
204.607: Total time for which application threads were stopped: 0.0008360 seconds, Stopping threads took: 0.0000680 seconds
204.639: Application time: 0.0324490 seconds
204.639: [GC204.639: [ParNew: 16030K->1580K(16640K), 0.0009730 secs] 28892K->15466K(55552K), 0.0010110 secs] [Times: user=0.01 sys=0.00, real=0.00 secs] 
204.640: Total time for which application threads were stopped: 0.0011440 seconds, Stopping threads took: 0.0000600 seconds
204.677: Application time: 0.0372860 seconds
204.678: [GC204.678: [ParNew: 16076K->1066K(16640K), 0.0005460 secs] 29963K->14980K(55552K), 0.0005770 secs] [Times: user=0.00 sys=0.00, real=0.00 secs] 
204.678: Total time for which application threads were stopped: 0.0006830 seconds, Stopping threads took: 0.0000520 seconds
204.711: Application time: 0.0323630 seconds
204.711: [GC204.711: [ParNew: 15546K->1580K(16640K), 0.0011910 secs] 29460K->17059K(55552K), 0.0012280 secs] [Times: user=0.01 sys=0.00, real=0.00 secs] 
204.712: Total time for which application threads were stopped: 0.0013570 seconds, Stopping threads took: 0.0000660 seconds
204.749: Application time: 0.0374040 seconds
204.749: [GC204.749: [ParNew: 15998K->1036K(16640K), 0.0004860 secs] 31477K->16543K(55552K), 0.0005170 secs] [Times: user=0.00 sys=0.00, real=0.00 secs] 
204.750: Total time for which application threads were stopped: 0.0006480 seconds, Stopping threads took: 0.0000750 seconds
204.785: Application time: 0.0354850 seconds
204.786: [GC204.786: [ParNew: 15446K->1032K(16640K), 0.0005100 secs] 30953K->16539K(55552K), 0.0005400 secs] [Times: user=0.00 sys=0.00, real=0.00 secs] 
204.786: Total time for which application threads were stopped: 0.0006580 seconds, Stopping threads took: 0.0000640 seconds
204.819: Application time: 0.0333310 seconds
204.820: [GC204.820: [ParNew: 15438K->1548K(16640K), 0.0008320 secs] 30945K->17568K(55552K), 0.0008730 secs] [Times: user=0.00 sys=0.00, real=0.00 secs] 
204.820: Total time for which application threads were stopped: 0.0009950 seconds, Stopping threads took: 0.0000610 seconds
204.856: Application time: 0.0356180 seconds
204.856: [GC204.856: [ParNew: 15962K->1034K(16640K), 0.0005030 secs] 31982K->17053K(55552K), 0.0005340 secs] [Times: user=0.00 sys=0.00, real=0.00 secs] 
204.857: Total time for which application threads were stopped: 0.0006720 seconds, Stopping threads took: 0.0000820 seconds
204.891: Application time: 0.0347860 seconds
204.892: [GC204.892: [ParNew: 15522K->1578K(16640K), 0.0007000 secs] 31542K->17598K(55552K), 0.0007310 secs] [Times: user=0.00 sys=0.00, real=0.00 secs] 
204.892: Total time for which application threads were stopped: 0.0008500 seconds, Stopping threads took: 0.0000640 seconds
204.925: Application time: 0.0327610 seconds
204.925: [GC204.925: [ParNew: 15984K->1548K(16640K), 0.0010770 secs] 32004K->18620K(55552K), 0.0011120 secs] [Times: user=0.01 sys=0.00, real=0.00 secs] 
204.926: Total time for which application threads were stopped: 0.0012760 seconds, Stopping threads took: 0.0001040 seconds
204.964: Application time: 0.0374200 seconds
204.964: [GC204.964: [ParNew: 15964K->1034K(16640K), 0.0005380 secs] 33036K->18106K(55552K), 0.0005770 secs] [Times: user=0.00 sys=0.00, real=0.00 secs] 
204.964: Total time for which application threads were stopped: 0.0007040 seconds, Stopping threads took: 0.0000700 seconds
204.997: Application time: 0.0321280 seconds
204.997: [GC204.997: [ParNew: 15435K->1548K(16640K), 0.0012380 secs] 32508K->20156K(55552K), 0.0012730 secs] [Times: user=0.01 sys=0.00, real=0.00 secs] 
204.998: Total time for which application threads were stopped: 0.0014310 seconds, Stopping threads took: 0.0000960 seconds
205.036: Application time: 0.0378440 seconds
205.036: [GC205.036: [ParNew: 15966K->1034K(16640K), 0.0005260 secs] 34574K->19642K(55552K), 0.0005550 secs] [Times: user=0.00 sys=0.00, real=0.00 secs] 
205.037: Total time for which application threads were stopped: 0.0006770 seconds, Stopping threads took: 0.0000690 seconds
205.068: Application time: 0.0313480 seconds
205.068: [GC205.068: [ParNew: 15514K->1576K(16640K), 0.0011960 secs] 34122K->21720K(55552K), 0.0012350 secs] [Times: user=0.01 sys=0.00, real=0.01 secs] 
205.069: Total time for which application threads were stopped: 0.0013660 seconds, Stopping threads took: 0.0000670 seconds
205.106: Application time: 0.0367260 seconds
205.106: [GC205.106: [ParNew: 15992K->1548K(16640K), 0.0007200 secs] 36137K->21721K(55552K), 0.0007530 secs] [Times: user=0.01 sys=0.00, real=0.00 secs] 
205.107: Total time for which application threads were stopped: 0.0008920 seconds, Stopping threads took: 0.0000810 seconds
205.140: Application time: 0.0330870 seconds
205.140: [GC205.140: [ParNew: 15952K->1548K(16640K), 0.0012080 secs] 36125K->23257K(55552K), 0.0012440 secs] [Times: user=0.00 sys=0.00, real=0.01 secs] 
205.141: Total time for which application threads were stopped: 0.0013900 seconds, Stopping threads took: 0.0000750 seconds
205.179: Application time: 0.0371950 seconds
205.179: [GC205.179: [ParNew: 16044K->1576K(16640K), 0.0006780 secs] 37753K->23285K(55552K), 0.0007100 secs] [Times: user=0.01 sys=0.00, real=0.00 secs] 
205.179: Total time for which application threads were stopped: 0.0008350 seconds, Stopping threads took: 0.0000700 seconds
205.213: Application time: 0.0334400 seconds
205.213: [GC205.213: [ParNew: 15980K->1550K(16640K), 0.0012560 secs] 37689K->24823K(55552K), 0.0012940 secs] [Times: user=0.01 sys=0.00, real=0.00 secs] 
205.214: Total time for which application threads were stopped: 0.0014280 seconds, Stopping threads took: 0.0000710 seconds
205.251: Application time: 0.0363410 seconds
205.251: [GC205.251: [ParNew: 16127K->1606K(16640K), 0.0007370 secs] 39400K->24879K(55552K), 0.0007720 secs] [Times: user=0.01 sys=0.00, real=0.00 secs] 
205.252: Total time for which application threads were stopped: 0.0008930 seconds, Stopping threads took: 0.0000610 seconds
205.286: Application time: 0.0346270 seconds
205.286: [GC205.286: [ParNew: 16092K->1578K(16640K), 0.0009350 secs] 39366K->25420K(55552K), 0.0009710 secs] [Times: user=0.01 sys=0.00, real=0.00 secs] 
205.287: Total time for which application threads were stopped: 0.0011230 seconds, Stopping threads took: 0.0000920 seconds
205.322: Application time: 0.0344180 seconds
205.322: [GC205.322: [ParNew: 16064K->1580K(16640K), 0.0010210 secs] 39907K->26475K(55552K), 0.0010570 secs] [Times: user=0.00 sys=0.00, real=0.00 secs] 
205.323: Total time for which application threads were stopped: 0.0011860 seconds, Stopping threads took: 0.0000680 seconds
205.359: Application time: 0.0358160 seconds
205.359: [GC205.359: [ParNew: 16070K->1578K(16640K), 0.0010440 secs] 40965K->27525K(55552K), 0.0010790 secs] [Times: user=0.00 sys=0.00, real=0.00 secs] 
205.360: Total time for which application threads were stopped: 0.0012180 seconds, Stopping threads took: 0.0000740 seconds
205.398: Application time: 0.0381340 seconds
205.398: [GC205.398: [ParNew: 15996K->522K(16640K), 0.0003720 secs] 41944K->26498K(55552K), 0.0004030 secs] [Times: user=0.00 sys=0.00, real=0.00 secs] 
205.399: Total time for which application threads were stopped: 0.0005300 seconds, Stopping threads took: 0.0000730 seconds
205.431: Application time: 0.0326140 seconds
205.431: [GC205.431: [ParNew: 14925K->1546K(16640K), 0.0007900 secs] 40902K->28034K(55552K), 0.0008370 secs] [Times: user=0.01 sys=0.00, real=0.00 secs] 
205.432: Total time for which application threads were stopped: 0.0009560 seconds, Stopping threads took: 0.0000570 seconds
205.468: Application time: 0.0358540 seconds
205.468: [GC205.468: [ParNew: 15960K->1034K(16640K), 0.0006150 secs] 42448K->27522K(55552K), 0.0006450 secs] [Times: user=0.00 sys=0.00, real=0.01 secs] 
205.469: Total time for which application threads were stopped: 0.0007620 seconds, Stopping threads took: 0.0000640 seconds
205.503: Application time: 0.0337330 seconds
205.503: [GC205.503: [ParNew: 15442K->1548K(16640K), 0.0006560 secs] 41930K->28036K(55552K), 0.0006900 secs] [Times: user=0.01 sys=0.00, real=0.00 secs] 
205.503: Total time for which application threads were stopped: 0.0008040 seconds, Stopping threads took: 0.0000570 seconds
205.536: Application time: 0.0331140 seconds
205.537: [GC205.537: [ParNew: 16034K->1576K(16640K), 0.0008390 secs] 42522K->28576K(55552K), 0.0008730 secs] [Times: user=0.01 sys=0.00, real=0.00 secs] 
205.538: Total time for which application threads were stopped: 0.0010540 seconds, Stopping threads took: 0.0001200 seconds
205.574: Application time: 0.0368860 seconds
205.574: [GC205.575: [ParNew: 15990K->1034K(16640K), 0.0006120 secs] 42990K->28062K(55552K), 0.0006460 secs] [Times: user=0.01 sys=0.00, real=0.00 secs] 
205.575: Total time for which application threads were stopped: 0.0007570 seconds, Stopping threads took: 0.0000600 seconds
205.607: Application time: 0.0323180 seconds
205.608: [GC205.608: [ParNew: 15440K->1548K(16640K), 0.0007830 secs] 42468K->29089K(55552K), 0.0008190 secs] [Times: user=0.01 sys=0.00, real=0.00 secs] 
205.608: Total time for which application threads were stopped: 0.0009590 seconds, Stopping threads took: 0.0000790 seconds
205.644: Application time: 0.0359910 seconds
205.645: [GC205.645: [ParNew: 15962K->1546K(16640K), 0.0006730 secs] 43503K->29086K(55552K), 0.0007050 secs] [Times: user=0.00 sys=0.00, real=0.00 secs] 
205.645: Total time for which application threads were stopped: 0.0008700 seconds, Stopping threads took: 0.0000920 seconds
205.680: Application time: 0.0348510 seconds
205.680: [GC205.680: [ParNew: 15954K->1548K(16640K), 0.0008920 secs] 43494K->29601K(55552K), 0.0009240 secs] [Times: user=0.01 sys=0.00, real=0.01 secs] 
205.681: Total time for which application threads were stopped: 0.0011240 seconds, Stopping threads took: 0.0001400 seconds
205.716: Application time: 0.0351380 seconds
205.717: [GC205.717: [ParNew: 16036K->1578K(16640K), 0.0010040 secs] 44089K->30655K(55552K), 0.0010430 secs] [Times: user=0.00 sys=0.00, real=0.00 secs] 
205.718: Total time for which application threads were stopped: 0.0011930 seconds, Stopping threads took: 0.0000820 seconds
205.754: Application time: 0.0360770 seconds
205.754: [GC205.754: [ParNew: 15992K->1548K(16640K), 0.0007140 secs] 45069K->30653K(55552K), 0.0007470 secs] [Times: user=0.01 sys=0.00, real=0.00 secs] 
205.755: Total time for which application threads were stopped: 0.0008700 seconds, Stopping threads took: 0.0000670 seconds
205.787: Application time: 0.0322180 seconds
205.787: [GC205.787: [ParNew: 15954K->1546K(16640K), 0.0008160 secs] 45059K->31163K(55552K), 0.0008500 secs] [Times: user=0.00 sys=0.00, real=0.00 secs] 
205.788: Total time for which application threads were stopped: 0.0010560 seconds, Stopping threads took: 0.0001440 seconds
205.825: Application time: 0.0372890 seconds
205.825: [GC205.825: [ParNew: 15964K->520K(16640K), 0.0004180 secs] 45581K->30137K(55552K), 0.0004480 secs] [Times: user=0.00 sys=0.00, real=0.00 secs] 
205.826: Total time for which application threads were stopped: 0.0006790 seconds, Stopping threads took: 0.0001860 seconds
205.859: Application time: 0.0331260 seconds
205.859: [GC205.859: [ParNew: 15080K->1604K(16640K), 0.0009120 secs] 44697K->31733K(55552K), 0.0016380 secs] [Times: user=0.00 sys=0.00, real=0.01 secs] 
205.861: Total time for which application threads were stopped: 0.0017670 seconds, Stopping threads took: 0.0000650 seconds
205.894: Application time: 0.0334710 seconds
205.894: [GC205.894: [ParNew: 16012K->1548K(16640K), 0.0011280 secs] 46141K->32758K(55552K), 0.0011650 secs] [Times: user=0.01 sys=0.00, real=0.00 secs] 
205.895: Total time for which application threads were stopped: 0.0012930 seconds, Stopping threads took: 0.0000660 seconds
205.932: Application time: 0.0364500 seconds
205.932: [GC205.932: [ParNew: 16124K->1092K(16640K), 0.0005180 secs] 47335K->32302K(55552K), 0.0005460 secs] [Times: user=0.00 sys=0.00, real=0.00 secs] 
205.933: Total time for which application threads were stopped: 0.0006770 seconds, Stopping threads took: 0.0000770 seconds
205.965: Application time: 0.0327850 seconds
205.966: [GC205.966: [ParNew: 15572K->1580K(16640K), 0.0012400 secs] 46782K->34383K(55552K), 0.0012790 secs] [Times: user=0.01 sys=0.00, real=0.00 secs] 
205.967: Total time for which application threads were stopped: 0.0014160 seconds, Stopping threads took: 0.0000710 seconds
206.004: Application time: 0.0368650 seconds
206.004: [GC206.004: [ParNew: 15998K->1034K(16640K), 0.0005590 secs] 48802K->33866K(55552K), 0.0005900 secs] [Times: user=0.00 sys=0.00, real=0.00 secs] 
206.004: Total time for which application threads were stopped: 0.0007000 seconds, Stopping threads took: 0.0000530 seconds
206.037: Application time: 0.0329190 seconds
206.037: [GC206.037: [ParNew: 15516K->1576K(16640K), 0.0010610 secs] 48348K->35432K(55552K), 0.0010950 secs] [Times: user=0.00 sys=0.00, real=0.00 secs] 
206.039: Total time for which application threads were stopped: 0.0012420 seconds, Stopping threads took: 0.0000860 seconds
206.074: Application time: 0.0357630 seconds
206.074: [GC206.074: [ParNew: 15992K->1034K(16640K), 0.0004930 secs] 49848K->34918K(55552K), 0.0005250 secs] [Times: user=0.00 sys=0.00, real=0.00 secs] 
206.075: Total time for which application threads were stopped: 0.0006370 seconds, Stopping threads took: 0.0000620 seconds
206.109: Application time: 0.0342290 seconds
206.109: [GC206.109: [ParNew: 15442K->1548K(16640K), 0.0006980 secs] 49326K->35432K(55552K), 0.0007290 secs] [Times: user=0.01 sys=0.00, real=0.00 secs] 
206.110: Total time for which application threads were stopped: 0.0008670 seconds, Stopping threads took: 0.0000800 seconds
206.145: Application time: 0.0353870 seconds
206.146: [GC206.146: [ParNew: 15958K->1546K(16640K), 0.0006390 secs] 49842K->35430K(55552K), 0.0006700 secs] [Times: user=0.00 sys=0.00, real=0.00 secs] 
206.146: Total time for which application threads were stopped: 0.0007890 seconds, Stopping threads took: 0.0000630 seconds
206.181: Application time: 0.0344220 seconds
206.181: [GC206.181: [ParNew: 16034K->1576K(16640K), 0.0006930 secs] 49919K->35460K(55552K), 0.0007260 secs] [Times: user=0.00 sys=0.00, real=0.00 secs] 
206.182: Total time for which application threads were stopped: 0.0009150 seconds, Stopping threads took: 0.0001210 seconds
206.216: Application time: 0.0339720 seconds
206.216: [GC206.216: [ParNew: 15982K->1548K(16640K), 0.0010380 secs] 49866K->36485K(55552K), 0.0010760 secs] [Times: user=0.01 sys=0.00, real=0.00 secs] 
206.217: Total time for which application threads were stopped: 0.0012120 seconds, Stopping threads took: 0.0000730 seconds
206.252: Application time: 0.0353630 seconds
206.252: [GC206.252: [ParNew: 15962K->1544K(16640K), 0.0006750 secs] 50899K->36481K(55552K), 0.0007060 secs] [Times: user=0.00 sys=0.00, real=0.00 secs] 
206.253: Total time for which application threads were stopped: 0.0008200 seconds, Stopping threads took: 0.0000570 seconds
206.287: Application time: 0.0343440 seconds
206.287: [GC206.287: [ParNew: 15948K->1548K(16640K), 0.0010220 secs] 50885K->37509K(55552K), 0.0010550 secs] [Times: user=0.01 sys=0.00, real=0.00 secs] 
206.289: Total time for which application threads were stopped: 0.0012610 seconds, Stopping threads took: 0.0001340 seconds
206.289: Application time: 0.0000990 seconds
206.293: [GC [1 CMS-initial-mark: 35961K(38912K)] 38025K(55552K), 0.0001110 secs] [Times: user=0.00 sys=0.00, real=0.00 secs] 
206.293: Total time for which application threads were stopped: 0.0040620 seconds, Stopping threads took: 0.0039330 seconds
206.293: [CMS-concurrent-mark-start]
206.296: [CMS-concurrent-mark: 0.003/0.003 secs] [Times: user=0.01 sys=0.00, real=0.00 secs] 
206.296: [CMS-concurrent-preclean-start]
206.296: [CMS-concurrent-preclean: 0.000/0.000 secs] [Times: user=0.00 sys=0.00, real=0.00 secs] 
206.296: Application time: 0.0036570 seconds
206.300: [GC[YG occupancy: 2592 K (16640 K)]206.300: [Rescan (parallel) , 0.0001720 secs]206.300: [weak refs processing, 0.0000060 secs]206.300: [scrub string table, 0.0000980 secs] [1 CMS-remark: 35961K(38912K)] 38553K(55552K), 0.0003000 secs] [Times: user=0.00 sys=0.00, real=0.01 secs] 
206.301: Total time for which application threads were stopped: 0.0042240 seconds, Stopping threads took: 0.0039030 seconds
206.301: [CMS-concurrent-sweep-start]
206.301: [CMS-concurrent-sweep: 0.001/0.001 secs] [Times: user=0.00 sys=0.00, real=0.00 secs] 
206.301: [CMS-concurrent-reset-start]
206.301: [CMS-concurrent-reset: 0.000/0.000 secs] [Times: user=0.00 sys=0.00, real=0.00 secs] 
206.333: Application time: 0.0322720 seconds
206.333: [GC206.333: [ParNew: 15964K->1542K(16640K), 0.0007250 secs] 22541K->8119K(55552K), 0.0007590 secs] [Times: user=0.00 sys=0.00, real=0.00 secs] 
206.334: Total time for which application threads were stopped: 0.0008990 seconds, Stopping threads took: 0.0000810 seconds
206.372: Application time: 0.0378840 seconds
206.372: [GC206.372: [ParNew: 16036K->552K(16640K), 0.0004150 secs] 22613K->7129K(55552K), 0.0004480 secs] [Times: user=0.00 sys=0.00, real=0.00 secs] 
206.372: Total time for which application threads were stopped: 0.0005690 seconds, Stopping threads took: 0.0000670 seconds
206.404: Application time: 0.0312820 seconds
206.404: [GC206.404: [ParNew: 14954K->1576K(16640K), 0.0010080 secs] 21531K->9177K(55552K), 0.0010440 secs] [Times: user=0.00 sys=0.00, real=0.00 secs] 
206.405: Total time for which application threads were stopped: 0.0011790 seconds, Stopping threads took: 0.0000750 seconds
206.442: Application time: 0.0374340 seconds
206.442: [GC206.442: [ParNew: 15994K->520K(16640K), 0.0004390 secs] 23595K->8149K(55552K), 0.0004710 secs] [Times: user=0.00 sys=0.00, real=0.00 secs] 
206.443: Total time for which application threads were stopped: 0.0005790 seconds, Stopping threads took: 0.0000540 seconds
206.475: Application time: 0.0327810 seconds
206.476: [GC206.476: [ParNew: 14923K->1544K(16640K), 0.0008780 secs] 22553K->9685K(55552K), 0.0009210 secs] [Times: user=0.01 sys=0.00, real=0.00 secs] 
206.477: Total time for which application threads were stopped: 0.0011600 seconds, Stopping threads took: 0.0001750 seconds
206.512: Application time: 0.0353810 seconds
206.512: [GC206.512: [ParNew: 16034K->1580K(16640K), 0.0006830 secs] 24176K->9722K(55552K), 0.0007160 secs] [Times: user=0.00 sys=0.00, real=0.00 secs] 
206.513: Total time for which application threads were stopped: 0.0008380 seconds, Stopping threads took: 0.0000620 seconds
206.548: Application time: 0.0347470 seconds
206.548: [GC206.548: [ParNew: 16070K->1576K(16640K), 0.0006810 secs] 24212K->9746K(55552K), 0.0007150 secs] [Times: user=0.01 sys=0.00, real=0.00 secs] 
206.548: Total time for which application threads were stopped: 0.0008710 seconds, Stopping threads took: 0.0000960 seconds
206.582: Application time: 0.0337900 seconds
206.582: [GC206.582: [ParNew: 16062K->1580K(16640K), 0.0009040 secs] 24232K->10291K(55552K), 0.0009380 secs] [Times: user=0.00 sys=0.00, real=0.00 secs] 
206.583: Total time for which application threads were stopped: 0.0010750 seconds, Stopping threads took: 0.0000780 seconds
206.620: Application time: 0.0368360 seconds
206.620: [GC206.620: [ParNew: 16159K->72K(16640K), 0.0003120 secs] 24869K->8811K(55552K), 0.0003420 secs] [Times: user=0.00 sys=0.00, real=0.01 secs] 
206.621: Total time for which application threads were stopped: 0.0004460 seconds, Stopping threads took: 0.0000540 seconds
206.653: Application time: 0.0326490 seconds
206.653: [GC206.653: [ParNew: 14473K->1606K(16640K), 0.0008960 secs] 23213K->10857K(55552K), 0.0009400 secs] [Times: user=0.01 sys=0.00, real=0.00 secs] 
206.654: Total time for which application threads were stopped: 0.0010780 seconds, Stopping threads took: 0.0000740 seconds
206.689: Application time: 0.0347210 seconds
206.689: [GC206.689: [ParNew: 16096K->1576K(16640K), 0.0006980 secs] 25348K->10884K(55552K), 0.0007320 secs] [Times: user=0.01 sys=0.00, real=0.00 secs] 
206.690: Total time for which application threads were stopped: 0.0008790 seconds, Stopping threads took: 0.0000810 seconds
206.724: Application time: 0.0340370 seconds
206.724: [GC206.724: [ParNew: 15982K->1548K(16640K), 0.0010130 secs] 25290K->11909K(55552K), 0.0010480 secs] [Times: user=0.01 sys=0.00, real=0.00 secs] 
206.725: Total time for which application threads were stopped: 0.0013150 seconds, Stopping threads took: 0.0002010 seconds
206.761: Application time: 0.0361430 seconds
206.762: [GC206.762: [ParNew: 15962K->1546K(16640K), 0.0006860 secs] 26323K->11907K(55552K), 0.0007190 secs] [Times: user=0.01 sys=0.00, real=0.00 secs] 
206.762: Total time for which application threads were stopped: 0.0008780 seconds, Stopping threads took: 0.0001000 seconds
206.798: Application time: 0.0353430 seconds
206.798: [GC206.798: [ParNew: 15954K->1548K(16640K), 0.0008520 secs] 26315K->12421K(55552K), 0.0008850 secs] [Times: user=0.00 sys=0.00, real=0.00 secs] 
206.799: Total time for which application threads were stopped: 0.0010100 seconds, Stopping threads took: 0.0000640 seconds
206.833: Application time: 0.0346680 seconds
206.833: [GC206.834: [ParNew: 16038K->1576K(16640K), 0.0007010 secs] 26911K->12449K(55552K), 0.0007330 secs] [Times: user=0.01 sys=0.00, real=0.00 secs] 
206.834: Total time for which application threads were stopped: 0.0008540 seconds, Stopping threads took: 0.0000640 seconds
206.870: Application time: 0.0357130 seconds
206.870: [GC206.870: [ParNew: 15986K->1548K(16640K), 0.0007060 secs] 26859K->12449K(55552K), 0.0007360 secs] [Times: user=0.01 sys=0.00, real=0.00 secs] 
206.871: Total time for which application threads were stopped: 0.0008650 seconds, Stopping threads took: 0.0000730 seconds
206.904: Application time: 0.0334630 seconds
206.905: [GC206.905: [ParNew: 15958K->1542K(16640K), 0.0006660 secs] 26859K->12443K(55552K), 0.0006990 secs] [Times: user=0.01 sys=0.00, real=0.00 secs] 
206.905: Total time for which application threads were stopped: 0.0009300 seconds, Stopping threads took: 0.0001720 seconds
206.938: Application time: 0.0331070 seconds
206.938: [GC206.938: [ParNew: 15946K->1548K(16640K), 0.0013080 secs] 26847K->13985K(55552K), 0.0013450 secs] [Times: user=0.01 sys=0.00, real=0.00 secs] 
206.940: Total time for which application threads were stopped: 0.0014720 seconds, Stopping threads took: 0.0000620 seconds
206.977: Application time: 0.0369790 seconds
206.977: [GC206.977: [ParNew: 16044K->1578K(16640K), 0.0006770 secs] 28482K->14015K(55552K), 0.0007090 secs] [Times: user=0.00 sys=0.00, real=0.00 secs] 
206.978: Total time for which application threads were stopped: 0.0008200 seconds, Stopping threads took: 0.0000590 seconds
207.011: Application time: 0.0337990 seconds
207.012: [GC207.012: [ParNew: 15982K->1550K(16640K), 0.0010140 secs] 28419K->15040K(55552K), 0.0010520 secs] [Times: user=0.01 sys=0.00, real=0.00 secs] 
207.013: Total time for which application threads were stopped: 0.0012110 seconds, Stopping threads took: 0.0000970 seconds
207.049: Application time: 0.0365760 seconds
207.049: [GC207.049: [ParNew: 15966K->1546K(16640K), 0.0006440 secs] 29456K->15036K(55552K), 0.0006750 secs] [Times: user=0.00 sys=0.00, real=0.00 secs] 
207.050: Total time for which application threads were stopped: 0.0007990 seconds, Stopping threads took: 0.0000670 seconds
207.085: Application time: 0.0350280 seconds
207.085: [GC207.085: [ParNew: 15956K->1546K(16640K), 0.0006520 secs] 29446K->15036K(55552K), 0.0006830 secs] [Times: user=0.01 sys=0.00, real=0.00 secs] 
207.086: Total time for which application threads were stopped: 0.0008230 seconds, Stopping threads took: 0.0000710 seconds
207.120: Application time: 0.0340020 seconds
207.120: [GC207.120: [ParNew: 15956K->1546K(16640K), 0.0006980 secs] 29446K->15036K(55552K), 0.0007310 secs] [Times: user=0.01 sys=0.00, real=0.01 secs] 
207.121: Total time for which application threads were stopped: 0.0008690 seconds, Stopping threads took: 0.0000800 seconds
207.155: Application time: 0.0339530 seconds
207.155: [GC207.155: [ParNew: 16030K->1576K(16640K), 0.0009930 secs] 29520K->16090K(55552K), 0.0010280 secs] [Times: user=0.00 sys=0.00, real=0.00 secs] 
207.156: Total time for which application threads were stopped: 0.0011640 seconds, Stopping threads took: 0.0000750 seconds
207.192: Application time: 0.0363500 seconds
207.192: [GC207.192: [ParNew: 16070K->1576K(16640K), 0.0007230 secs] 30584K->16118K(55552K), 0.0007560 secs] [Times: user=0.00 sys=0.00, real=0.00 secs] 
207.193: Total time for which application threads were stopped: 0.0008740 seconds, Stopping threads took: 0.0000520 seconds
207.228: Application time: 0.0345220 seconds
207.228: [GC207.228: [ParNew: 15984K->1546K(16640K), 0.0009120 secs] 30526K->16629K(55552K), 0.0009470 secs] [Times: user=0.00 sys=0.00, real=0.01 secs] 
207.229: Total time for which application threads were stopped: 0.0010660 seconds, Stopping threads took: 0.0000630 seconds
207.264: Application time: 0.0356120 seconds
207.264: [GC207.264: [ParNew: 16192K->1636K(16640K), 0.0007140 secs] 31276K->16719K(55552K), 0.0007450 secs] [Times: user=0.00 sys=0.00, real=0.00 secs] 
207.265: Total time for which application threads were stopped: 0.0009340 seconds, Stopping threads took: 0.0001310 seconds
207.300: Application time: 0.0349630 seconds
207.300: [GC207.300: [ParNew: 16048K->1546K(16640K), 0.0007730 secs] 31131K->16714K(55552K), 0.0008050 secs] [Times: user=0.01 sys=0.00, real=0.01 secs] 
207.301: Total time for which application threads were stopped: 0.0009210 seconds, Stopping threads took: 0.0000580 seconds
207.335: Application time: 0.0337750 seconds
207.335: [GC207.335: [ParNew: 15956K->1550K(16640K), 0.0006780 secs] 31124K->16718K(55552K), 0.0007100 secs] [Times: user=0.00 sys=0.00, real=0.00 secs] 
207.336: Total time for which application threads were stopped: 0.0008310 seconds, Stopping threads took: 0.0000630 seconds
207.371: Application time: 0.0352950 seconds
207.371: [GC207.371: [ParNew: 16038K->1580K(16640K), 0.0006610 secs] 31207K->16748K(55552K), 0.0006940 secs] [Times: user=0.01 sys=0.00, real=0.00 secs] 
207.372: Total time for which application threads were stopped: 0.0008140 seconds, Stopping threads took: 0.0000630 seconds
207.404: Application time: 0.0322920 seconds
207.404: [GC207.404: [ParNew: 15986K->1548K(16640K), 0.0009980 secs] 31154K->17769K(55552K), 0.0010340 secs] [Times: user=0.00 sys=0.00, real=0.00 secs] 
207.405: Total time for which application threads were stopped: 0.0011780 seconds, Stopping threads took: 0.0000810 seconds
207.442: Application time: 0.0367850 seconds
207.442: [GC207.442: [ParNew: 15962K->1544K(16640K), 0.0006740 secs] 32183K->17765K(55552K), 0.0007060 secs] [Times: user=0.00 sys=0.00, real=0.00 secs] 
207.443: Total time for which application threads were stopped: 0.0008570 seconds, Stopping threads took: 0.0000920 seconds
207.476: Application time: 0.0329650 seconds
207.476: [GC207.476: [ParNew: 16030K->1578K(16640K), 0.0029150 secs] 32251K->18311K(55552K), 0.0029550 secs] [Times: user=0.02 sys=0.00, real=0.00 secs] 
207.479: Total time for which application threads were stopped: 0.0030820 seconds, Stopping threads took: 0.0000620 seconds
207.515: Application time: 0.0357450 seconds
207.515: [GC207.515: [ParNew: 15990K->1548K(16640K), 0.0006780 secs] 32723K->18309K(55552K), 0.0007090 secs] [Times: user=0.01 sys=0.00, real=0.00 secs] 
207.516: Total time for which application threads were stopped: 0.0008310 seconds, Stopping threads took: 0.0000630 seconds
207.550: Application time: 0.0344740 seconds
207.550: [GC207.550: [ParNew: 15958K->1546K(16640K), 0.0006820 secs] 32719K->18307K(55552K), 0.0007230 secs] [Times: user=0.01 sys=0.00, real=0.00 secs] 
207.551: Total time for which application threads were stopped: 0.0008590 seconds, Stopping threads took: 0.0000780 seconds
207.584: Application time: 0.0335260 seconds
207.585: [GC207.585: [ParNew: 15950K->1550K(16640K), 0.0011940 secs] 32711K->19847K(55552K), 0.0012300 secs] [Times: user=0.01 sys=0.00, real=0.00 secs] 
207.586: Total time for which application threads were stopped: 0.0013700 seconds, Stopping threads took: 0.0000720 seconds
207.624: Application time: 0.0379920 seconds
207.624: [GC207.624: [ParNew: 16048K->1064K(16640K), 0.0004840 secs] 34346K->19362K(55552K), 0.0005140 secs] [Times: user=0.00 sys=0.00, real=0.00 secs] 
207.624: Total time for which application threads were stopped: 0.0006330 seconds, Stopping threads took: 0.0000650 seconds
207.656: Application time: 0.0319350 seconds
207.656: [GC207.657: [ParNew: 15468K->1552K(16640K), 0.0010270 secs] 33765K->20902K(55552K), 0.0010660 secs] [Times: user=0.00 sys=0.01, real=0.00 secs] 
207.658: Total time for which application threads were stopped: 0.0012060 seconds, Stopping threads took: 0.0000770 seconds
207.695: Application time: 0.0377750 seconds
207.696: [GC207.696: [ParNew: 15968K->522K(16640K), 0.0003840 secs] 35318K->19872K(55552K), 0.0004130 secs] [Times: user=0.00 sys=0.00, real=0.00 secs] 
207.696: Total time for which application threads were stopped: 0.0005900 seconds, Stopping threads took: 0.0001150 seconds
207.729: Application time: 0.0330010 seconds
207.729: [GC207.729: [ParNew: 14925K->1548K(16640K), 0.0011220 secs] 34276K->21922K(55552K), 0.0011570 secs] [Times: user=0.01 sys=0.00, real=0.00 secs] 
207.730: Total time for which application threads were stopped: 0.0012790 seconds, Stopping threads took: 0.0000600 seconds
207.767: Application time: 0.0369370 seconds
207.767: [GC207.767: [ParNew: 15966K->522K(16640K), 0.0004280 secs] 36340K->20896K(55552K), 0.0004580 secs] [Times: user=0.00 sys=0.00, real=0.00 secs] 
207.768: Total time for which application threads were stopped: 0.0005730 seconds, Stopping threads took: 0.0000640 seconds
207.801: Application time: 0.0330530 seconds
207.801: [GC207.801: [ParNew: 15004K->1576K(16640K), 0.0008930 secs] 35378K->22462K(55552K), 0.0009270 secs] [Times: user=0.01 sys=0.00, real=0.00 secs] 
207.802: Total time for which application threads were stopped: 0.0010720 seconds, Stopping threads took: 0.0000840 seconds
207.837: Application time: 0.0352920 seconds
207.837: [GC207.837: [ParNew: 15988K->1546K(16640K), 0.0006630 secs] 36874K->22461K(55552K), 0.0006960 secs] [Times: user=0.00 sys=0.00, real=0.00 secs] 
207.838: Total time for which application threads were stopped: 0.0008100 seconds, Stopping threads took: 0.0000560 seconds
207.873: Application time: 0.0350600 seconds
207.873: [GC207.873: [ParNew: 16034K->1576K(16640K), 0.0006370 secs] 36949K->22491K(55552K), 0.0006700 secs] [Times: user=0.00 sys=0.00, real=0.00 secs] 
207.874: Total time for which application threads were stopped: 0.0008080 seconds, Stopping threads took: 0.0000800 seconds
207.908: Application time: 0.0340400 seconds
207.908: [GC207.908: [ParNew: 16060K->1580K(16640K), 0.0010220 secs] 36975K->23547K(55552K), 0.0010580 secs] [Times: user=0.01 sys=0.00, real=0.01 secs] 
207.909: Total time for which application threads were stopped: 0.0011850 seconds, Stopping threads took: 0.0000650 seconds
207.945: Application time: 0.0354900 seconds
207.945: [GC207.945: [ParNew: 16154K->1094K(16640K), 0.0006150 secs] 38122K->23090K(55552K), 0.0006460 secs] [Times: user=0.01 sys=0.00, real=0.00 secs] 
207.945: Total time for which application threads were stopped: 0.0007840 seconds, Stopping threads took: 0.0000830 seconds
207.980: Application time: 0.0344220 seconds
207.980: [GC207.980: [ParNew: 15498K->1548K(16640K), 0.0010980 secs] 37494K->24625K(55552K), 0.0011330 secs] [Times: user=0.01 sys=0.00, real=0.01 secs] 
207.981: Total time for which application threads were stopped: 0.0012600 seconds, Stopping threads took: 0.0000720 seconds
208.018: Application time: 0.0373470 seconds
208.018: [GC208.019: [ParNew: 15964K->1034K(16640K), 0.0005810 secs] 39041K->24111K(55552K), 0.0006190 secs] [Times: user=0.00 sys=0.00, real=0.00 secs] 
208.019: Total time for which application threads were stopped: 0.0007290 seconds, Stopping threads took: 0.0000550 seconds
208.052: Application time: 0.0325750 seconds
208.052: [GC208.052: [ParNew: 15516K->1576K(16640K), 0.0010230 secs] 38593K->25677K(55552K), 0.0010590 secs] [Times: user=0.01 sys=0.00, real=0.00 secs] 
208.053: Total time for which application threads were stopped: 0.0011820 seconds, Stopping threads took: 0.0000610 seconds
208.088: Application time: 0.0354350 seconds
208.088: [GC208.088: [ParNew: 15990K->1546K(16640K), 0.0006990 secs] 40091K->25675K(55552K), 0.0007320 secs] [Times: user=0.01 sys=0.00, real=0.01 secs] 
208.089: Total time for which application threads were stopped: 0.0008580 seconds, Stopping threads took: 0.0000690 seconds
208.125: Application time: 0.0354840 seconds
208.125: [GC208.125: [ParNew: 16036K->1062K(16640K), 0.0006110 secs] 40166K->25191K(55552K), 0.0006430 secs] [Times: user=0.01 sys=0.00, real=0.00 secs] 
208.125: Total time for which application threads were stopped: 0.0007540 seconds, Stopping threads took: 0.0000550 seconds
208.158: Application time: 0.0327500 seconds
208.158: [GC208.158: [ParNew: 15466K->1550K(16640K), 0.0010750 secs] 39595K->26732K(55552K), 0.0011120 secs] [Times: user=0.01 sys=0.00, real=0.00 secs] 
208.159: Total time for which application threads were stopped: 0.0012370 seconds, Stopping threads took: 0.0000610 seconds
208.196: Application time: 0.0368300 seconds
208.196: [GC208.196: [ParNew: 15966K->1032K(16640K), 0.0006750 secs] 41148K->26214K(55552K), 0.0007080 secs] [Times: user=0.00 sys=0.00, real=0.00 secs] 
208.197: Total time for which application threads were stopped: 0.0009320 seconds, Stopping threads took: 0.0001550 seconds
208.230: Application time: 0.0327380 seconds
208.230: [GC208.230: [ParNew: 15435K->1550K(16640K), 0.0009680 secs] 40618K->27756K(55552K), 0.0010040 secs] [Times: user=0.00 sys=0.00, real=0.00 secs] 
208.231: Total time for which application threads were stopped: 0.0011680 seconds, Stopping threads took: 0.0001070 seconds
208.267: Application time: 0.0361970 seconds
208.267: [GC208.267: [ParNew: 16044K->1578K(16640K), 0.0006570 secs] 42250K->27784K(55552K), 0.0006890 secs] [Times: user=0.01 sys=0.00, real=0.00 secs] 
208.268: Total time for which application threads were stopped: 0.0008460 seconds, Stopping threads took: 0.0000980 seconds
208.304: Application time: 0.0359370 seconds
208.304: [GC208.304: [ParNew: 15992K->520K(16640K), 0.0004050 secs] 42198K->26754K(55552K), 0.0004370 secs] [Times: user=0.00 sys=0.00, real=0.00 secs] 
208.305: Total time for which application threads were stopped: 0.0005470 seconds, Stopping threads took: 0.0000570 seconds
208.339: Application time: 0.0344880 seconds
208.339: [GC208.339: [ParNew: 14925K->1544K(16640K), 0.0007180 secs] 41160K->27778K(55552K), 0.0007520 secs] [Times: user=0.01 sys=0.00, real=0.00 secs] 
208.340: Total time for which application threads were stopped: 0.0008820 seconds, Stopping threads took: 0.0000700 seconds
208.374: Application time: 0.0340350 seconds
208.374: [GC208.374: [ParNew: 15952K->1546K(16640K), 0.0009210 secs] 42186K->28292K(55552K), 0.0009570 secs] [Times: user=0.00 sys=0.00, real=0.00 secs] 
208.375: Total time for which application threads were stopped: 0.0010870 seconds, Stopping threads took: 0.0000690 seconds
208.411: Application time: 0.0360590 seconds
208.411: [GC208.411: [ParNew: 15958K->1548K(16640K), 0.0006300 secs] 42704K->28294K(55552K), 0.0006670 secs] [Times: user=0.00 sys=0.00, real=0.00 secs] 
208.412: Total time for which application threads were stopped: 0.0008140 seconds, Stopping threads took: 0.0000870 seconds
208.445: Application time: 0.0331670 seconds
208.445: [GC208.445: [ParNew: 16032K->1576K(16640K), 0.0009780 secs] 42779K->29346K(55552K), 0.0010150 secs] [Times: user=0.01 sys=0.00, real=0.00 secs] 
208.446: Total time for which application threads were stopped: 0.0011410 seconds, Stopping threads took: 0.0000550 seconds
208.483: Application time: 0.0366100 seconds
208.483: [GC208.483: [ParNew: 15988K->1548K(16640K), 0.0008470 secs] 43759K->29859K(55552K), 0.0008790 secs] [Times: user=0.00 sys=0.00, real=0.00 secs] 
208.484: Total time for which application threads were stopped: 0.0009850 seconds, Stopping threads took: 0.0000530 seconds
208.519: Application time: 0.0349910 seconds
208.519: [GC208.519: [ParNew: 16038K->1572K(16640K), 0.0007640 secs] 44349K->29883K(55552K), 0.0007950 secs] [Times: user=0.01 sys=0.00, real=0.00 secs] 
208.520: Total time for which application threads were stopped: 0.0009170 seconds, Stopping threads took: 0.0000670 seconds
208.554: Application time: 0.0338830 seconds
208.554: [GC208.554: [ParNew: 16058K->1580K(16640K), 0.0008420 secs] 44369K->30432K(55552K), 0.0008790 secs] [Times: user=0.01 sys=0.00, real=0.00 secs] 
208.555: Total time for which application threads were stopped: 0.0010010 seconds, Stopping threads took: 0.0000590 seconds
208.589: Application time: 0.0344640 seconds
208.589: [GC208.589: [ParNew: 16070K->1062K(16640K), 0.0005240 secs] 44922K->29942K(55552K), 0.0005540 secs] [Times: user=0.01 sys=0.00, real=0.00 secs] 
208.590: Total time for which application threads were stopped: 0.0006680 seconds, Stopping threads took: 0.0000600 seconds
208.625: Application time: 0.0348380 seconds
208.625: [GC208.625: [ParNew: 15548K->1576K(16640K), 0.0008490 secs] 44428K->30997K(55552K), 0.0008840 secs] [Times: user=0.01 sys=0.00, real=0.00 secs] 
208.626: Total time for which application threads were stopped: 0.0010090 seconds, Stopping threads took: 0.0000650 seconds
208.662: Application time: 0.0359640 seconds
208.662: [GC208.662: [ParNew: 15986K->1546K(16640K), 0.0007170 secs] 45407K->30995K(55552K), 0.0007480 secs] [Times: user=0.01 sys=0.00, real=0.00 secs] 
208.663: Total time for which application threads were stopped: 0.0009240 seconds, Stopping threads took: 0.0001190 seconds
208.698: Application time: 0.0357530 seconds
208.698: [GC208.699: [ParNew: 16040K->1062K(16640K), 0.0005810 secs] 45489K->30511K(55552K), 0.0006120 secs] [Times: user=0.01 sys=0.00, real=0.00 secs] 
208.699: Total time for which application threads were stopped: 0.0008010 seconds, Stopping threads took: 0.0001260 seconds
208.733: Application time: 0.0337820 seconds
208.733: [GC208.733: [ParNew: 15468K->1548K(16640K), 0.0008890 secs] 44917K->31538K(55552K), 0.0009200 secs] [Times: user=0.00 sys=0.00, real=0.00 secs] 
208.734: Total time for which application threads were stopped: 0.0010340 seconds, Stopping threads took: 0.0000620 seconds
208.770: Application time: 0.0357630 seconds
208.770: [GC208.770: [ParNew: 16038K->1578K(16640K), 0.0007070 secs] 46028K->31568K(55552K), 0.0007420 secs] [Times: user=0.00 sys=0.00, real=0.00 secs] 
208.771: Total time for which application threads were stopped: 0.0008840 seconds, Stopping threads took: 0.0000830 seconds
208.803: Application time: 0.0322740 seconds
208.803: [GC208.803: [ParNew: 15982K->1548K(16640K), 0.0012100 secs] 45972K->33102K(55552K), 0.0012440 secs] [Times: user=0.01 sys=0.00, real=0.00 secs] 
208.804: Total time for which application threads were stopped: 0.0013980 seconds, Stopping threads took: 0.0000890 seconds
208.841: Application time: 0.0370550 seconds
208.841: [GC208.841: [ParNew: 15964K->1546K(16640K), 0.0007970 secs] 47518K->33100K(55552K), 0.0008290 secs] [Times: user=0.00 sys=0.00, real=0.00 secs] 
208.842: Total time for which application threads were stopped: 0.0009720 seconds, Stopping threads took: 0.0000870 seconds
208.876: Application time: 0.0335450 seconds
208.876: [GC208.876: [ParNew: 16030K->1578K(16640K), 0.0010020 secs] 47584K->34156K(55552K), 0.0010380 secs] [Times: user=0.01 sys=0.00, real=0.00 secs] 
208.877: Total time for which application threads were stopped: 0.0011850 seconds, Stopping threads took: 0.0000850 seconds
208.912: Application time: 0.0350010 seconds
208.912: [GC208.912: [ParNew: 15990K->1548K(16640K), 0.0007600 secs] 48568K->34155K(55552K), 0.0008030 secs] [Times: user=0.00 sys=0.00, real=0.00 secs] 
208.913: Total time for which application threads were stopped: 0.0009900 seconds, Stopping threads took: 0.0001300 seconds
208.947: Application time: 0.0344030 seconds
208.948: [GC208.948: [ParNew: 15960K->1546K(16640K), 0.0007060 secs] 48567K->34153K(55552K), 0.0007370 secs] [Times: user=0.00 sys=0.00, real=0.00 secs] 
208.948: Total time for which application threads were stopped: 0.0008980 seconds, Stopping threads took: 0.0001020 seconds
208.982: Application time: 0.0340920 seconds
208.983: [GC208.983: [ParNew: 15954K->1548K(16640K), 0.0008450 secs] 48561K->34667K(55552K), 0.0008790 secs] [Times: user=0.01 sys=0.00, real=0.00 secs] 
208.983: Total time for which application threads were stopped: 0.0009980 seconds, Stopping threads took: 0.0000620 seconds
209.019: Application time: 0.0353000 seconds
209.019: [GC209.019: [ParNew: 15960K->1546K(16640K), 0.0007340 secs] 49079K->34665K(55552K), 0.0007680 secs] [Times: user=0.00 sys=0.00, real=0.00 secs] 
209.020: Total time for which application threads were stopped: 0.0009390 seconds, Stopping threads took: 0.0001120 seconds
209.053: Application time: 0.0336380 seconds
209.053: [GC209.053: [ParNew: 15950K->1550K(16640K), 0.0012420 secs] 49069K->36205K(55552K), 0.0012790 secs] [Times: user=0.01 sys=0.00, real=0.00 secs] 
209.055: Total time for which application threads were stopped: 0.0014370 seconds, Stopping threads took: 0.0000930 seconds
209.092: Application time: 0.0368190 seconds
209.092: [GC209.092: [ParNew: 15966K->1546K(16640K), 0.0006730 secs] 50621K->36201K(55552K), 0.0007070 secs] [Times: user=0.01 sys=0.00, real=0.00 secs] 
209.092: Total time for which application threads were stopped: 0.0008490 seconds, Stopping threads took: 0.0000830 seconds
209.126: Application time: 0.0335700 seconds
209.126: [GC209.126: [ParNew: 16032K->1578K(16640K), 0.0008030 secs] 50687K->36745K(55552K), 0.0008370 secs] [Times: user=0.01 sys=0.00, real=0.00 secs] 
209.127: Total time for which application threads were stopped: 0.0009860 seconds, Stopping threads took: 0.0000870 seconds
209.162: Application time: 0.0352520 seconds
209.162: [GC209.162: [ParNew: 15990K->1548K(16640K), 0.0007050 secs] 51157K->36743K(55552K), 0.0007390 secs] [Times: user=0.01 sys=0.00, real=0.00 secs] 
209.163: Total time for which application threads were stopped: 0.0008770 seconds, Stopping threads took: 0.0000770 seconds
209.198: Application time: 0.0344650 seconds
209.198: [GC209.198: [ParNew: 16116K->1094K(16640K), 0.0005570 secs] 51312K->36289K(55552K), 0.0005900 secs] [Times: user=0.01 sys=0.00, real=0.00 secs] 
209.198: Total time for which application threads were stopped: 0.0008340 seconds, Stopping threads took: 0.0001870 seconds
209.234: Application time: 0.0350890 seconds
209.234: [GC209.234: [ParNew: 15502K->1546K(16640K), 0.0006670 secs] 50697K->36798K(55552K), 0.0006980 secs] [Times: user=0.00 sys=0.00, real=0.00 secs] 
209.234: Total time for which application threads were stopped: 0.0008240 seconds, Stopping threads took: 0.0000580 seconds
209.269: Application time: 0.0344320 seconds
209.269: [GC209.269: [ParNew: 16112K->1604K(16640K), 0.0006930 secs] 51365K->36856K(55552K), 0.0007250 secs] [Times: user=0.00 sys=0.00, real=0.00 secs] 
209.270: Total time for which application threads were stopped: 0.0008480 seconds, Stopping threads took: 0.0000670 seconds
209.304: Application time: 0.0347430 seconds
209.304: [GC209.304: [ParNew: 16014K->1548K(16640K), 0.0007440 secs] 51266K->36857K(55552K), 0.0007750 secs] [Times: user=0.00 sys=0.00, real=0.00 secs] 
209.305: Total time for which application threads were stopped: 0.0009050 seconds, Stopping threads took: 0.0000710 seconds
209.340: Application time: 0.0343290 seconds
209.340: [GC209.340: [ParNew: 15956K->1544K(16640K), 0.0009080 secs] 51265K->37365K(55552K), 0.0009450 secs] [Times: user=0.00 sys=0.00, real=0.01 secs] 
209.341: Total time for which application threads were stopped: 0.0010710 seconds, Stopping threads took: 0.0000640 seconds
209.341: Application time: 0.0000470 seconds
209.341: [GC [1 CMS-initial-mark: 35821K(38912K)] 37877K(55552K), 0.0001040 secs] [Times: user=0.00 sys=0.00, real=0.00 secs] 
209.341: Total time for which application threads were stopped: 0.0002700 seconds, Stopping threads took: 0.0001470 seconds
209.341: [CMS-concurrent-mark-start]
209.344: [CMS-concurrent-mark: 0.003/0.003 secs] [Times: user=0.01 sys=0.00, real=0.00 secs] 
209.344: [CMS-concurrent-preclean-start]
209.345: [CMS-concurrent-preclean: 0.000/0.000 secs] [Times: user=0.02 sys=0.00, real=0.00 secs] 
209.345: Application time: 0.0036330 seconds
209.349: [GC[YG occupancy: 2586 K (16640 K)]209.349: [Rescan (parallel) , 0.0002190 secs]209.349: [weak refs processing, 0.0000060 secs]209.349: [scrub string table, 0.0000930 secs] [1 CMS-remark: 35821K(38912K)] 38408K(55552K), 0.0003450 secs] [Times: user=0.00 sys=0.00, real=0.00 secs] 
209.349: Total time for which application threads were stopped: 0.0043570 seconds, Stopping threads took: 0.0039880 seconds
209.349: [CMS-concurrent-sweep-start]
209.350: [CMS-concurrent-sweep: 0.001/0.001 secs] [Times: user=0.01 sys=0.00, real=0.00 secs] 
209.350: [CMS-concurrent-reset-start]
209.350: [CMS-concurrent-reset: 0.000/0.000 secs] [Times: user=0.00 sys=0.00, real=0.00 secs] 
209.381: Application time: 0.0318570 seconds
209.381: [GC209.381: [ParNew: 16032K->1580K(16640K), 0.0008230 secs] 22100K->8160K(55552K), 0.0008590 secs] [Times: user=0.00 sys=0.00, real=0.00 secs] 
209.382: Total time for which application threads were stopped: 0.0010120 seconds, Stopping threads took: 0.0000910 seconds
209.416: Application time: 0.0341260 seconds
209.416: [GC209.416: [ParNew: 16066K->1580K(16640K), 0.0010440 secs] 22646K->9212K(55552K), 0.0010810 secs] [Times: user=0.01 sys=0.00, real=0.00 secs] 
209.417: Total time for which application threads were stopped: 0.0012140 seconds, Stopping threads took: 0.0000690 seconds
209.452: Application time: 0.0348760 seconds
209.452: [GC209.452: [ParNew: 15994K->1548K(16640K), 0.0007370 secs] 23626K->9209K(55552K), 0.0007700 secs] [Times: user=0.00 sys=0.00, real=0.00 secs] 
209.453: Total time for which application threads were stopped: 0.0008900 seconds, Stopping threads took: 0.0000630 seconds
209.489: Application time: 0.0358130 seconds
209.489: [GC209.489: [ParNew: 15958K->1548K(16640K), 0.0006460 secs] 23619K->9209K(55552K), 0.0006770 secs] [Times: user=0.00 sys=0.00, real=0.00 secs] 
209.490: Total time for which application threads were stopped: 0.0007960 seconds, Stopping threads took: 0.0000640 seconds
209.524: Application time: 0.0340650 seconds
209.524: [GC209.524: [ParNew: 16034K->1578K(16640K), 0.0008240 secs] 23695K->9751K(55552K), 0.0008620 secs] [Times: user=0.00 sys=0.00, real=0.00 secs] 
209.525: Total time for which application threads were stopped: 0.0010120 seconds, Stopping threads took: 0.0000880 seconds
209.560: Application time: 0.0354180 seconds
209.560: [GC209.560: [ParNew: 15992K->1034K(16640K), 0.0005040 secs] 24165K->9235K(55552K), 0.0005360 secs] [Times: user=0.00 sys=0.00, real=0.01 secs] 
209.561: Total time for which application threads were stopped: 0.0007410 seconds, Stopping threads took: 0.0001490 seconds
209.595: Application time: 0.0346170 seconds
209.596: [GC209.596: [ParNew: 15442K->1544K(16640K), 0.0006880 secs] 23643K->9745K(55552K), 0.0007210 secs] [Times: user=0.00 sys=0.00, real=0.00 secs] 
209.596: Total time for which application threads were stopped: 0.0009480 seconds, Stopping threads took: 0.0001690 seconds
209.631: Application time: 0.0344330 seconds
209.631: [GC209.631: [ParNew: 15952K->1544K(16640K), 0.0008650 secs] 24153K->10257K(55552K), 0.0008980 secs] [Times: user=0.00 sys=0.00, real=0.00 secs] 
209.632: Total time for which application threads were stopped: 0.0010170 seconds, Stopping threads took: 0.0000570 seconds
209.668: Application time: 0.0360860 seconds
209.668: [GC209.668: [ParNew: 15958K->1032K(16640K), 0.0004780 secs] 24671K->9745K(55552K), 0.0005080 secs] [Times: user=0.00 sys=0.00, real=0.01 secs] 
209.669: Total time for which application threads were stopped: 0.0006600 seconds, Stopping threads took: 0.0000910 seconds
209.700: Application time: 0.0318100 seconds
209.701: [GC209.701: [ParNew: 15435K->1546K(16640K), 0.0010750 secs] 24149K->11283K(55552K), 0.0011110 secs] [Times: user=0.00 sys=0.01, real=0.00 secs] 
209.702: Total time for which application threads were stopped: 0.0012710 seconds, Stopping threads took: 0.0000890 seconds
209.740: Application time: 0.0380120 seconds
209.740: [GC209.740: [ParNew: 16040K->1580K(16640K), 0.0007190 secs] 25778K->11317K(55552K), 0.0007510 secs] [Times: user=0.00 sys=0.00, real=0.01 secs] 
209.741: Total time for which application threads were stopped: 0.0008910 seconds, Stopping threads took: 0.0000720 seconds
209.775: Application time: 0.0348830 seconds
209.776: [GC209.776: [ParNew: 15992K->1032K(16640K), 0.0005010 secs] 25729K->10798K(55552K), 0.0005300 secs] [Times: user=0.00 sys=0.00, real=0.00 secs] 
209.776: Total time for which application threads were stopped: 0.0006840 seconds, Stopping threads took: 0.0000970 seconds
209.810: Application time: 0.0340250 seconds
209.810: [GC209.810: [ParNew: 15438K->1548K(16640K), 0.0006260 secs] 25204K->11314K(55552K), 0.0006580 secs] [Times: user=0.00 sys=0.00, real=0.00 secs] 
209.811: Total time for which application threads were stopped: 0.0007920 seconds, Stopping threads took: 0.0000780 seconds
209.845: Application time: 0.0342980 seconds
209.845: [GC209.845: [ParNew: 16116K->1606K(16640K), 0.0008070 secs] 25882K->11884K(55552K), 0.0008400 secs] [Times: user=0.01 sys=0.00, real=0.00 secs] 
209.846: Total time for which application threads were stopped: 0.0009630 seconds, Stopping threads took: 0.0000600 seconds
209.883: Application time: 0.0362790 seconds
209.883: [GC209.883: [ParNew: 16014K->1548K(16640K), 0.0010390 secs] 26292K->12907K(55552K), 0.0010730 secs] [Times: user=0.01 sys=0.00, real=0.00 secs] 
209.884: Total time for which application threads were stopped: 0.0011950 seconds, Stopping threads took: 0.0000660 seconds
209.921: Application time: 0.0377460 seconds
209.922: [GC209.922: [ParNew: 16044K->1064K(16640K), 0.0005450 secs] 27403K->12423K(55552K), 0.0005730 secs] [Times: user=0.00 sys=0.00, real=0.00 secs] 
209.922: Total time for which application threads were stopped: 0.0006950 seconds, Stopping threads took: 0.0000690 seconds
209.956: Application time: 0.0339700 seconds
209.957: [GC209.957: [ParNew: 15546K->1578K(16640K), 0.0010420 secs] 26905K->13989K(55552K), 0.0010740 secs] [Times: user=0.01 sys=0.00, real=0.00 secs] 
209.958: Total time for which application threads were stopped: 0.0015870 seconds, Stopping threads took: 0.0004520 seconds
209.995: Application time: 0.0370650 seconds
209.995: [GC209.995: [ParNew: 15992K->1544K(16640K), 0.0006530 secs] 28404K->13984K(55552K), 0.0006850 secs] [Times: user=0.00 sys=0.00, real=0.00 secs] 
209.996: Total time for which application threads were stopped: 0.0008110 seconds, Stopping threads took: 0.0000680 seconds
210.029: Application time: 0.0331550 seconds
210.029: [GC210.029: [ParNew: 15950K->1546K(16640K), 0.0010490 secs] 28390K->15010K(55552K), 0.0010850 secs] [Times: user=0.00 sys=0.00, real=0.00 secs] 
210.030: Total time for which application threads were stopped: 0.0012170 seconds, Stopping threads took: 0.0000680 seconds
210.067: Application time: 0.0370040 seconds
210.067: [GC210.067: [ParNew: 16120K->1092K(16640K), 0.0004850 secs] 29584K->14556K(55552K), 0.0005170 secs] [Times: user=0.00 sys=0.00, real=0.00 secs] 
210.068: Total time for which application threads were stopped: 0.0006660 seconds, Stopping threads took: 0.0000920 seconds
210.099: Application time: 0.0316110 seconds
210.099: [GC210.099: [ParNew: 15496K->1548K(16640K), 0.0010350 secs] 28960K->16093K(55552K), 0.0010710 secs] [Times: user=0.01 sys=0.00, real=0.00 secs] 
210.100: Total time for which application threads were stopped: 0.0011930 seconds, Stopping threads took: 0.0000600 seconds
210.138: Application time: 0.0374090 seconds
210.138: [GC210.138: [ParNew: 15964K->1032K(16640K), 0.0005430 secs] 30509K->15577K(55552K), 0.0005730 secs] [Times: user=0.00 sys=0.00, real=0.00 secs] 
210.139: Total time for which application threads were stopped: 0.0006880 seconds, Stopping threads took: 0.0000610 seconds
210.172: Application time: 0.0331030 seconds
210.172: [GC210.172: [ParNew: 15516K->1576K(16640K), 0.0010810 secs] 30061K->17145K(55552K), 0.0011180 secs] [Times: user=0.00 sys=0.00, real=0.00 secs] 
210.173: Total time for which application threads were stopped: 0.0012350 seconds, Stopping threads took: 0.0000590 seconds
210.208: Application time: 0.0351580 seconds
210.208: [GC210.208: [ParNew: 15988K->1544K(16640K), 0.0008160 secs] 31557K->17141K(55552K), 0.0008480 secs] [Times: user=0.00 sys=0.00, real=0.01 secs] 
210.209: Total time for which application threads were stopped: 0.0009770 seconds, Stopping threads took: 0.0000700 seconds
210.244: Application time: 0.0348640 seconds
210.244: [GC210.244: [ParNew: 15956K->1544K(16640K), 0.0006410 secs] 31554K->17141K(55552K), 0.0006720 secs] [Times: user=0.00 sys=0.00, real=0.00 secs] 
210.245: Total time for which application threads were stopped: 0.0009270 seconds, Stopping threads took: 0.0001910 seconds
210.278: Application time: 0.0333390 seconds
210.278: [GC210.278: [ParNew: 15952K->1548K(16640K), 0.0008060 secs] 31549K->17658K(55552K), 0.0008370 secs] [Times: user=0.00 sys=0.00, real=0.00 secs] 
210.279: Total time for which application threads were stopped: 0.0010600 seconds, Stopping threads took: 0.0001630 seconds
210.317: Application time: 0.0373210 seconds
210.317: [GC210.317: [ParNew: 15962K->1034K(16640K), 0.0004760 secs] 32072K->17143K(55552K), 0.0005070 secs] [Times: user=0.01 sys=0.00, real=0.00 secs] 
210.317: Total time for which application threads were stopped: 0.0006290 seconds, Stopping threads took: 0.0000680 seconds
210.350: Application time: 0.0323820 seconds
210.350: [GC210.350: [ParNew: 15437K->1550K(16640K), 0.0010010 secs] 31547K->18684K(55552K), 0.0010370 secs] [Times: user=0.00 sys=0.00, real=0.00 secs] 
210.351: Total time for which application threads were stopped: 0.0011740 seconds, Stopping threads took: 0.0000740 seconds
210.388: Application time: 0.0373360 seconds
210.388: [GC210.388: [ParNew: 16046K->552K(16640K), 0.0004030 secs] 33180K->17686K(55552K), 0.0004330 secs] [Times: user=0.00 sys=0.00, real=0.01 secs] 
210.389: Total time for which application threads were stopped: 0.0005510 seconds, Stopping threads took: 0.0000670 seconds
210.420: Application time: 0.0317510 seconds
210.420: [GC210.421: [ParNew: 14955K->1578K(16640K), 0.0009010 secs] 32089K->19224K(55552K), 0.0009350 secs] [Times: user=0.00 sys=0.00, real=0.01 secs] 
210.421: Total time for which application threads were stopped: 0.0010590 seconds, Stopping threads took: 0.0000620 seconds
210.458: Application time: 0.0363680 seconds
210.458: [GC210.458: [ParNew: 15990K->1552K(16640K), 0.0007320 secs] 33636K->19226K(55552K), 0.0007640 secs] [Times: user=0.00 sys=0.00, real=0.00 secs] 
210.459: Total time for which application threads were stopped: 0.0008860 seconds, Stopping threads took: 0.0000630 seconds
210.494: Application time: 0.0348210 seconds
210.494: [GC210.494: [ParNew: 16040K->1576K(16640K), 0.0007410 secs] 33714K->19250K(55552K), 0.0007750 secs] [Times: user=0.00 sys=0.00, real=0.00 secs] 
210.494: Total time for which application threads were stopped: 0.0008910 seconds, Stopping threads took: 0.0000570 seconds
210.527: Application time: 0.0325720 seconds
210.527: [GC210.527: [ParNew: 16060K->1576K(16640K), 0.0011090 secs] 33734K->20303K(55552K), 0.0011470 secs] [Times: user=0.01 sys=0.00, real=0.00 secs] 
210.528: Total time for which application threads were stopped: 0.0012810 seconds, Stopping threads took: 0.0000690 seconds
210.565: Application time: 0.0368160 seconds
210.565: [GC210.565: [ParNew: 15990K->1034K(16640K), 0.0006390 secs] 34717K->19789K(55552K), 0.0006710 secs] [Times: user=0.01 sys=0.00, real=0.00 secs] 
210.566: Total time for which application threads were stopped: 0.0008200 seconds, Stopping threads took: 0.0000930 seconds
210.599: Application time: 0.0335020 seconds
210.600: [GC210.600: [ParNew: 15522K->1574K(16640K), 0.0008970 secs] 34277K->20841K(55552K), 0.0009390 secs] [Times: user=0.01 sys=0.00, real=0.00 secs] 
210.600: Total time for which application threads were stopped: 0.0010680 seconds, Stopping threads took: 0.0000680 seconds
210.636: Application time: 0.0354540 seconds
210.636: [GC210.636: [ParNew: 16066K->1578K(16640K), 0.0007230 secs] 35334K->20874K(55552K), 0.0007580 secs] [Times: user=0.00 sys=0.00, real=0.00 secs] 
210.637: Total time for which application threads were stopped: 0.0008810 seconds, Stopping threads took: 0.0000690 seconds
210.670: Application time: 0.0336460 seconds
210.671: [GC210.671: [ParNew: 15986K->1544K(16640K), 0.0008280 secs] 35282K->21380K(55552K), 0.0008600 secs] [Times: user=0.01 sys=0.00, real=0.00 secs] 
210.671: Total time for which application threads were stopped: 0.0009880 seconds, Stopping threads took: 0.0000670 seconds
210.707: Application time: 0.0357210 seconds
210.707: [GC210.707: [ParNew: 16120K->582K(16640K), 0.0004590 secs] 35957K->20418K(55552K), 0.0004890 secs] [Times: user=0.00 sys=0.00, real=0.00 secs] 
210.708: Total time for which application threads were stopped: 0.0006010 seconds, Stopping threads took: 0.0000580 seconds
210.740: Application time: 0.0321670 seconds
210.740: [GC210.740: [ParNew: 14986K->1608K(16640K), 0.0008820 secs] 34822K->21956K(55552K), 0.0009190 secs] [Times: user=0.01 sys=0.00, real=0.01 secs] 
210.741: Total time for which application threads were stopped: 0.0010640 seconds, Stopping threads took: 0.0000850 seconds
210.778: Application time: 0.0369170 seconds
210.778: [GC210.778: [ParNew: 16102K->1068K(16640K), 0.0005240 secs] 36451K->21473K(55552K), 0.0005550 secs] [Times: user=0.01 sys=0.00, real=0.00 secs] 
210.779: Total time for which application threads were stopped: 0.0006720 seconds, Stopping threads took: 0.0000520 seconds
210.813: Application time: 0.0342130 seconds
210.813: [GC210.813: [ParNew: 15474K->1546K(16640K), 0.0008860 secs] 35879K->22492K(55552K), 0.0009210 secs] [Times: user=0.01 sys=0.00, real=0.00 secs] 
210.814: Total time for which application threads were stopped: 0.0010480 seconds, Stopping threads took: 0.0000660 seconds
210.851: Application time: 0.0366590 seconds
210.851: [GC210.851: [ParNew: 15960K->1034K(16640K), 0.0005130 secs] 36906K->21980K(55552K), 0.0005450 secs] [Times: user=0.01 sys=0.00, real=0.00 secs] 
210.851: Total time for which application threads were stopped: 0.0006640 seconds, Stopping threads took: 0.0000630 seconds
210.886: Application time: 0.0343730 seconds
210.886: [GC210.886: [ParNew: 15442K->1548K(16640K), 0.0021570 secs] 36388K->22494K(55552K), 0.0021920 secs] [Times: user=0.01 sys=0.00, real=0.00 secs] 
210.888: Total time for which application threads were stopped: 0.0023170 seconds, Stopping threads took: 0.0000680 seconds
210.921: Application time: 0.0332830 seconds
210.921: [GC210.921: [ParNew: 15954K->1550K(16640K), 0.0010010 secs] 36900K->23520K(55552K), 0.0010350 secs] [Times: user=0.01 sys=0.00, real=0.00 secs] 
210.922: Total time for which application threads were stopped: 0.0012680 seconds, Stopping threads took: 0.0001710 seconds
210.960: Application time: 0.0372990 seconds
210.960: [GC210.960: [ParNew: 15964K->1548K(16640K), 0.0006580 secs] 37934K->23518K(55552K), 0.0006910 secs] [Times: user=0.00 sys=0.00, real=0.01 secs] 
210.961: Total time for which application threads were stopped: 0.0008380 seconds, Stopping threads took: 0.0000880 seconds
210.991: Application time: 0.0307870 seconds
210.991: [GC210.992: [ParNew: 15950K->1550K(16640K), 0.0013630 secs] 37920K->25568K(55552K), 0.0014030 secs] [Times: user=0.01 sys=0.00, real=0.00 secs] 
210.993: Total time for which application threads were stopped: 0.0015480 seconds, Stopping threads took: 0.0000790 seconds
211.031: Application time: 0.0385460 seconds
211.032: [GC211.032: [ParNew: 16048K->1578K(16640K), 0.0006400 secs] 40067K->25596K(55552K), 0.0006710 secs] [Times: user=0.00 sys=0.00, real=0.00 secs] 
211.032: Total time for which application threads were stopped: 0.0007960 seconds, Stopping threads took: 0.0000610 seconds
211.065: Application time: 0.0330230 seconds
211.065: [GC211.065: [ParNew: 15986K->1548K(16640K), 0.0009390 secs] 40004K->26106K(55552K), 0.0009730 secs] [Times: user=0.00 sys=0.00, real=0.00 secs] 
211.066: Total time for which application threads were stopped: 0.0010880 seconds, Stopping threads took: 0.0000550 seconds
211.101: Application time: 0.0349840 seconds
211.101: [GC211.101: [ParNew: 15958K->1546K(16640K), 0.0008540 secs] 40516K->26616K(55552K), 0.0008880 secs] [Times: user=0.01 sys=0.00, real=0.00 secs] 
211.102: Total time for which application threads were stopped: 0.0010130 seconds, Stopping threads took: 0.0000660 seconds
211.139: Application time: 0.0363980 seconds
211.139: [GC211.139: [ParNew: 16036K->1576K(16640K), 0.0006250 secs] 41107K->26646K(55552K), 0.0006550 secs] [Times: user=0.00 sys=0.00, real=0.00 secs] 
211.140: Total time for which application threads were stopped: 0.0007720 seconds, Stopping threads took: 0.0000620 seconds
211.173: Application time: 0.0338190 seconds
211.173: [GC211.174: [ParNew: 15984K->1548K(16640K), 0.0008820 secs] 41054K->27159K(55552K), 0.0009180 secs] [Times: user=0.01 sys=0.00, real=0.00 secs] 
211.174: Total time for which application threads were stopped: 0.0010470 seconds, Stopping threads took: 0.0000680 seconds
211.210: Application time: 0.0352030 seconds
211.210: [GC211.210: [ParNew: 16036K->1576K(16640K), 0.0009240 secs] 41647K->27699K(55552K), 0.0009580 secs] [Times: user=0.00 sys=0.00, real=0.00 secs] 
211.211: Total time for which application threads were stopped: 0.0011050 seconds, Stopping threads took: 0.0000860 seconds
211.246: Application time: 0.0349930 seconds
211.246: [GC211.246: [ParNew: 15988K->1546K(16640K), 0.0007570 secs] 42111K->27697K(55552K), 0.0007870 secs] [Times: user=0.01 sys=0.00, real=0.00 secs] 
211.247: Total time for which application threads were stopped: 0.0009590 seconds, Stopping threads took: 0.0001160 seconds
211.281: Application time: 0.0339260 seconds
211.281: [GC211.281: [ParNew: 16114K->1606K(16640K), 0.0008580 secs] 42266K->28270K(55552K), 0.0008930 secs] [Times: user=0.01 sys=0.00, real=0.00 secs] 
211.282: Total time for which application threads were stopped: 0.0010350 seconds, Stopping threads took: 0.0000730 seconds
211.318: Application time: 0.0362220 seconds
211.318: [GC211.318: [ParNew: 16018K->1546K(16640K), 0.0007290 secs] 42682K->28267K(55552K), 0.0007620 secs] [Times: user=0.01 sys=0.00, real=0.00 secs] 
211.319: Total time for which application threads were stopped: 0.0009000 seconds, Stopping threads took: 0.0000800 seconds
211.353: Application time: 0.0340200 seconds
211.353: [GC211.353: [ParNew: 15952K->1548K(16640K), 0.0009820 secs] 42672K->29293K(55552K), 0.0010190 secs] [Times: user=0.00 sys=0.00, real=0.00 secs] 
211.354: Total time for which application threads were stopped: 0.0011490 seconds, Stopping threads took: 0.0000700 seconds
211.389: Application time: 0.0351230 seconds
211.389: [GC211.389: [ParNew: 16118K->1608K(16640K), 0.0007770 secs] 43863K->29865K(55552K), 0.0008080 secs] [Times: user=0.01 sys=0.00, real=0.00 secs] 
211.390: Total time for which application threads were stopped: 0.0009230 seconds, Stopping threads took: 0.0000590 seconds
211.429: Application time: 0.0385860 seconds
211.429: [GC211.429: [ParNew: 16104K->40K(16640K), 0.0002890 secs] 44361K->28354K(55552K), 0.0003190 secs] [Times: user=0.00 sys=0.00, real=0.00 secs] 
211.429: Total time for which application threads were stopped: 0.0004230 seconds, Stopping threads took: 0.0000530 seconds
211.461: Application time: 0.0316440 seconds
211.461: [GC211.461: [ParNew: 14441K->1576K(16640K), 0.0008150 secs] 42755K->30402K(55552K), 0.0008510 secs] [Times: user=0.00 sys=0.00, real=0.00 secs] 
211.462: Total time for which application threads were stopped: 0.0010070 seconds, Stopping threads took: 0.0000940 seconds
211.500: Application time: 0.0379570 seconds
211.500: [GC211.500: [ParNew: 15990K->1036K(16640K), 0.0005180 secs] 44816K->29890K(55552K), 0.0005580 secs] [Times: user=0.00 sys=0.00, real=0.00 secs] 
211.500: Total time for which application threads were stopped: 0.0006780 seconds, Stopping threads took: 0.0000640 seconds
211.533: Application time: 0.0330540 seconds
211.533: [GC211.533: [ParNew: 15442K->1546K(16640K), 0.0008270 secs] 44296K->30912K(55552K), 0.0008610 secs] [Times: user=0.01 sys=0.00, real=0.00 secs] 
211.534: Total time for which application threads were stopped: 0.0009800 seconds, Stopping threads took: 0.0000590 seconds
211.570: Application time: 0.0352440 seconds
211.570: [GC211.570: [ParNew: 15958K->1546K(16640K), 0.0006800 secs] 45324K->30912K(55552K), 0.0007090 secs] [Times: user=0.01 sys=0.00, real=0.00 secs] 
211.570: Total time for which application threads were stopped: 0.0008320 seconds, Stopping threads took: 0.0000690 seconds
211.604: Application time: 0.0339370 seconds
211.604: [GC211.604: [ParNew: 15956K->1546K(16640K), 0.0006620 secs] 45322K->30912K(55552K), 0.0006940 secs] [Times: user=0.00 sys=0.00, real=0.00 secs] 
211.605: Total time for which application threads were stopped: 0.0008110 seconds, Stopping threads took: 0.0000590 seconds
211.640: Application time: 0.0351840 seconds
211.641: [GC211.641: [ParNew: 15956K->1548K(16640K), 0.0006510 secs] 45322K->30914K(55552K), 0.0006880 secs] [Times: user=0.00 sys=0.01, real=0.01 secs] 
211.641: Total time for which application threads were stopped: 0.0008630 seconds, Stopping threads took: 0.0001180 seconds
211.676: Application time: 0.0349600 seconds
211.676: [GC211.676: [ParNew: 16036K->1576K(16640K), 0.0006440 secs] 45403K->30942K(55552K), 0.0006760 secs] [Times: user=0.01 sys=0.00, real=0.00 secs] 
211.677: Total time for which application threads were stopped: 0.0008070 seconds, Stopping threads took: 0.0000720 seconds
211.710: Application time: 0.0333190 seconds
211.710: [GC211.710: [ParNew: 15980K->1550K(16640K), 0.0012170 secs] 45346K->32481K(55552K), 0.0012530 secs] [Times: user=0.01 sys=0.00, real=0.00 secs] 
211.712: Total time for which application threads were stopped: 0.0013840 seconds, Stopping threads took: 0.0000660 seconds
211.749: Application time: 0.0369570 seconds
211.749: [GC211.749: [ParNew: 15968K->1034K(16640K), 0.0004660 secs] 46899K->31965K(55552K), 0.0004960 secs] [Times: user=0.00 sys=0.00, real=0.00 secs] 
211.749: Total time for which application threads were stopped: 0.0006650 seconds, Stopping threads took: 0.0001150 seconds
211.782: Application time: 0.0323530 seconds
211.782: [GC211.782: [ParNew: 15514K->1578K(16640K), 0.0010750 secs] 46445K->33533K(55552K), 0.0011110 secs] [Times: user=0.01 sys=0.00, real=0.00 secs] 
211.783: Total time for which application threads were stopped: 0.0012830 seconds, Stopping threads took: 0.0001000 seconds
211.820: Application time: 0.0372230 seconds
211.820: [GC211.820: [ParNew: 15994K->1544K(16640K), 0.0006650 secs] 47949K->33527K(55552K), 0.0006980 secs] [Times: user=0.01 sys=0.00, real=0.01 secs] 
211.821: Total time for which application threads were stopped: 0.0008400 seconds, Stopping threads took: 0.0000830 seconds
211.855: Application time: 0.0336900 seconds
211.855: [GC211.855: [ParNew: 16032K->1576K(16640K), 0.0007800 secs] 48015K->33559K(55552K), 0.0008110 secs] [Times: user=0.01 sys=0.00, real=0.00 secs] 
211.856: Total time for which application threads were stopped: 0.0009390 seconds, Stopping threads took: 0.0000700 seconds
211.889: Application time: 0.0338070 seconds
211.890: [GC211.890: [ParNew: 15980K->1550K(16640K), 0.0012420 secs] 47963K->35098K(55552K), 0.0012800 secs] [Times: user=0.01 sys=0.00, real=0.00 secs] 
211.891: Total time for which application threads were stopped: 0.0014030 seconds, Stopping threads took: 0.0000630 seconds
211.928: Application time: 0.0373950 seconds
211.928: [GC211.928: [ParNew: 16046K->1064K(16640K), 0.0005050 secs] 49595K->34612K(55552K), 0.0005330 secs] [Times: user=0.00 sys=0.00, real=0.01 secs] 
211.929: Total time for which application threads were stopped: 0.0006500 seconds, Stopping threads took: 0.0000630 seconds
211.960: Application time: 0.0312300 seconds
211.960: [GC211.960: [ParNew: 15544K->1578K(16640K), 0.0012420 secs] 49092K->36690K(55552K), 0.0012910 secs] [Times: user=0.01 sys=0.00, real=0.01 secs] 
211.962: Total time for which application threads were stopped: 0.0014300 seconds, Stopping threads took: 0.0000740 seconds
211.962: Application time: 0.0000650 seconds
211.962: [GC [1 CMS-initial-mark: 35112K(38912K)] 37202K(55552K), 0.0000980 secs] [Times: user=0.00 sys=0.00, real=0.00 secs] 
211.962: Total time for which application threads were stopped: 0.0003130 seconds, Stopping threads took: 0.0001960 seconds
211.962: [CMS-concurrent-mark-start]
211.968: [CMS-concurrent-mark: 0.006/0.006 secs] [Times: user=0.02 sys=0.00, real=0.00 secs] 
211.968: [CMS-concurrent-preclean-start]
211.968: [CMS-concurrent-preclean: 0.000/0.000 secs] [Times: user=0.00 sys=0.00, real=0.00 secs] 
211.968: Application time: 0.0059710 seconds
211.969: [GC[YG occupancy: 2628 K (16640 K)]211.969: [Rescan (parallel) , 0.0001100 secs]211.969: [weak refs processing, 0.0000080 secs]211.969: [scrub string table, 0.0000940 secs] [1 CMS-remark: 35112K(38912K)] 37741K(55552K), 0.0002380 secs] [Times: user=0.00 sys=0.00, real=0.00 secs] 
211.969: Total time for which application threads were stopped: 0.0009060 seconds, Stopping threads took: 0.0006460 seconds
211.969: [CMS-concurrent-sweep-start]
211.969: [CMS-concurrent-sweep: 0.000/0.000 secs] [Times: user=0.00 sys=0.00, real=0.00 secs] 
211.969: [CMS-concurrent-reset-start]
211.969: [CMS-concurrent-reset: 0.000/0.000 secs] [Times: user=0.00 sys=0.00, real=0.00 secs] 
212.002: Application time: 0.0333020 seconds
212.002: [GC212.002: [ParNew: 15994K->1546K(16640K), 0.0006440 secs] 23060K->8640K(55552K), 0.0006750 secs] [Times: user=0.00 sys=0.00, real=0.00 secs] 
212.003: Total time for which application threads were stopped: 0.0008120 seconds, Stopping threads took: 0.0000800 seconds
212.037: Application time: 0.0336750 seconds
212.037: [GC212.037: [ParNew: 16030K->1580K(16640K), 0.0012360 secs] 23124K->10210K(55552K), 0.0012750 secs] [Times: user=0.01 sys=0.00, real=0.00 secs] 
212.038: Total time for which application threads were stopped: 0.0013950 seconds, Stopping threads took: 0.0000580 seconds
212.075: Application time: 0.0367790 seconds
212.075: [GC212.075: [ParNew: 16153K->1602K(16640K), 0.0007710 secs] 24783K->10260K(55552K), 0.0008000 secs] [Times: user=0.00 sys=0.00, real=0.00 secs] 
212.076: Total time for which application threads were stopped: 0.0009160 seconds, Stopping threads took: 0.0000610 seconds
212.109: Application time: 0.0331960 seconds
212.109: [GC212.109: [ParNew: 16008K->1548K(16640K), 0.0010160 secs] 24666K->11287K(55552K), 0.0010500 secs] [Times: user=0.00 sys=0.00, real=0.00 secs] 
212.110: Total time for which application threads were stopped: 0.0011740 seconds, Stopping threads took: 0.0000640 seconds
212.147: Application time: 0.0370710 seconds
212.147: [GC212.147: [ParNew: 15964K->1034K(16640K), 0.0005260 secs] 25704K->10773K(55552K), 0.0005560 secs] [Times: user=0.01 sys=0.00, real=0.00 secs] 
212.148: Total time for which application threads were stopped: 0.0006910 seconds, Stopping threads took: 0.0000800 seconds
212.180: Application time: 0.0326000 seconds
212.181: [GC212.181: [ParNew: 15437K->1546K(16640K), 0.0010570 secs] 25177K->12309K(55552K), 0.0010930 secs] [Times: user=0.00 sys=0.00, real=0.00 secs] 
212.182: Total time for which application threads were stopped: 0.0012260 seconds, Stopping threads took: 0.0000710 seconds
212.220: Application time: 0.0378540 seconds
212.220: [GC212.220: [ParNew: 15962K->1032K(16640K), 0.0005350 secs] 26726K->11795K(55552K), 0.0005650 secs] [Times: user=0.00 sys=0.00, real=0.00 secs] 
212.220: Total time for which application threads were stopped: 0.0006860 seconds, Stopping threads took: 0.0000660 seconds
212.253: Application time: 0.0330270 seconds
212.253: [GC212.253: [ParNew: 15438K->1548K(16640K), 0.0008560 secs] 26201K->12823K(55552K), 0.0008880 secs] [Times: user=0.01 sys=0.00, real=0.00 secs] 
212.254: Total time for which application threads were stopped: 0.0010150 seconds, Stopping threads took: 0.0000680 seconds
212.290: Application time: 0.0353750 seconds
212.290: [GC212.290: [ParNew: 15960K->1546K(16640K), 0.0006410 secs] 27236K->12821K(55552K), 0.0006820 secs] [Times: user=0.01 sys=0.00, real=0.00 secs] 
212.290: Total time for which application threads were stopped: 0.0008010 seconds, Stopping threads took: 0.0000570 seconds
212.326: Application time: 0.0357180 seconds
212.326: [GC212.326: [ParNew: 16038K->1062K(16640K), 0.0005210 secs] 27314K->12338K(55552K), 0.0005530 secs] [Times: user=0.01 sys=0.00, real=0.00 secs] 
212.327: Total time for which application threads were stopped: 0.0006950 seconds, Stopping threads took: 0.0000860 seconds
212.359: Application time: 0.0321710 seconds
212.359: [GC212.359: [ParNew: 15464K->1548K(16640K), 0.0012310 secs] 26739K->14388K(55552K), 0.0012690 secs] [Times: user=0.01 sys=0.00, real=0.00 secs] 
212.360: Total time for which application threads were stopped: 0.0014230 seconds, Stopping threads took: 0.0000890 seconds
212.399: Application time: 0.0387260 seconds
212.399: [GC212.399: [ParNew: 15966K->1032K(16640K), 0.0004850 secs] 28806K->13872K(55552K), 0.0005130 secs] [Times: user=0.00 sys=0.00, real=0.00 secs] 
212.400: Total time for which application threads were stopped: 0.0006370 seconds, Stopping threads took: 0.0000700 seconds
212.431: Application time: 0.0313810 seconds
212.431: [GC212.431: [ParNew: 15512K->1578K(16640K), 0.0012640 secs] 28352K->15954K(55552K), 0.0013030 secs] [Times: user=0.01 sys=0.00, real=0.00 secs] 
212.433: Total time for which application threads were stopped: 0.0014440 seconds, Stopping threads took: 0.0000750 seconds
212.471: Application time: 0.0385130 seconds
212.471: [GC212.471: [ParNew: 15996K->1030K(16640K), 0.0006350 secs] 30372K->15435K(55552K), 0.0006640 secs] [Times: user=0.01 sys=0.00, real=0.00 secs] 
212.472: Total time for which application threads were stopped: 0.0007900 seconds, Stopping threads took: 0.0000690 seconds
212.504: Application time: 0.0319930 seconds
212.504: [GC212.504: [ParNew: 15433K->1546K(16640K), 0.0010970 secs] 29838K->16975K(55552K), 0.0011350 secs] [Times: user=0.01 sys=0.00, real=0.00 secs] 
212.505: Total time for which application threads were stopped: 0.0012600 seconds, Stopping threads took: 0.0000610 seconds
212.544: Application time: 0.0384170 seconds
212.544: [GC212.544: [ParNew: 16044K->554K(16640K), 0.0003330 secs] 31473K->15983K(55552K), 0.0003620 secs] [Times: user=0.00 sys=0.00, real=0.00 secs] 
212.544: Total time for which application threads were stopped: 0.0004760 seconds, Stopping threads took: 0.0000660 seconds
212.577: Application time: 0.0324580 seconds
212.577: [GC212.577: [ParNew: 14956K->1578K(16640K), 0.0009820 secs] 30385K->18031K(55552K), 0.0010170 secs] [Times: user=0.01 sys=0.00, real=0.00 secs] 
212.578: Total time for which application threads were stopped: 0.0011510 seconds, Stopping threads took: 0.0000710 seconds
212.614: Application time: 0.0359670 seconds
212.614: [GC212.614: [ParNew: 16155K->1094K(16640K), 0.0005890 secs] 32608K->17575K(55552K), 0.0006210 secs] [Times: user=0.00 sys=0.00, real=0.00 secs] 
212.615: Total time for which application threads were stopped: 0.0008220 seconds, Stopping threads took: 0.0001470 seconds
212.649: Application time: 0.0343480 seconds
212.649: [GC212.649: [ParNew: 15502K->1548K(16640K), 0.0007070 secs] 31983K->18086K(55552K), 0.0007390 secs] [Times: user=0.00 sys=0.00, real=0.00 secs] 
212.650: Total time for which application threads were stopped: 0.0008710 seconds, Stopping threads took: 0.0000740 seconds
212.684: Application time: 0.0340090 seconds
212.684: [GC212.684: [ParNew: 16030K->1578K(16640K), 0.0011540 secs] 32568K->19652K(55552K), 0.0011920 secs] [Times: user=0.00 sys=0.00, real=0.00 secs] 
212.685: Total time for which application threads were stopped: 0.0013310 seconds, Stopping threads took: 0.0000740 seconds
212.722: Application time: 0.0366130 seconds
212.722: [GC212.722: [ParNew: 16074K->1576K(16640K), 0.0006730 secs] 34149K->19679K(55552K), 0.0007130 secs] [Times: user=0.00 sys=0.00, real=0.00 secs] 
212.723: Total time for which application threads were stopped: 0.0008470 seconds, Stopping threads took: 0.0000790 seconds
212.755: Application time: 0.0323710 seconds
212.755: [GC212.755: [ParNew: 16060K->1578K(16640K), 0.0010560 secs] 34163K->20733K(55552K), 0.0010920 secs] [Times: user=0.01 sys=0.00, real=0.00 secs] 
212.756: Total time for which application threads were stopped: 0.0012290 seconds, Stopping threads took: 0.0000740 seconds
212.793: Application time: 0.0370810 seconds
212.793: [GC212.793: [ParNew: 15992K->1544K(16640K), 0.0006740 secs] 35148K->20728K(55552K), 0.0007070 secs] [Times: user=0.00 sys=0.00, real=0.00 secs] 
212.794: Total time for which application threads were stopped: 0.0008280 seconds, Stopping threads took: 0.0000580 seconds
212.827: Application time: 0.0331520 seconds
212.827: [GC212.827: [ParNew: 15952K->1546K(16640K), 0.0008890 secs] 35136K->21242K(55552K), 0.0009240 secs] [Times: user=0.00 sys=0.00, real=0.00 secs] 
212.828: Total time for which application threads were stopped: 0.0010460 seconds, Stopping threads took: 0.0000600 seconds
212.863: Application time: 0.0352060 seconds
212.864: [GC212.864: [ParNew: 15958K->1546K(16640K), 0.0007170 secs] 35654K->21242K(55552K), 0.0007500 secs] [Times: user=0.01 sys=0.00, real=0.00 secs] 
212.864: Total time for which application threads were stopped: 0.0008930 seconds, Stopping threads took: 0.0000850 seconds
212.900: Application time: 0.0354410 seconds
212.900: [GC212.900: [ParNew: 15954K->1548K(16640K), 0.0007900 secs] 35650K->21756K(55552K), 0.0008230 secs] [Times: user=0.01 sys=0.00, real=0.01 secs] 
212.901: Total time for which application threads were stopped: 0.0009470 seconds, Stopping threads took: 0.0000650 seconds
212.939: Application time: 0.0378020 seconds
212.939: [GC212.939: [ParNew: 15966K->8K(16640K), 0.0002390 secs] 36174K->20216K(55552K), 0.0002670 secs] [Times: user=0.00 sys=0.00, real=0.00 secs] 
212.939: Total time for which application threads were stopped: 0.0003690 seconds, Stopping threads took: 0.0000550 seconds
212.971: Application time: 0.0319810 seconds
212.973: [GC212.973: [ParNew: 14488K->1576K(16640K), 0.0009400 secs] 34696K->22296K(55552K), 0.0009720 secs] [Times: user=0.01 sys=0.00, real=0.00 secs] 
212.974: Total time for which application threads were stopped: 0.0026670 seconds, Stopping threads took: 0.0016320 seconds
213.011: Application time: 0.0375190 seconds
213.011: [GC213.011: [ParNew: 15992K->522K(16640K), 0.0003830 secs] 36712K->21270K(55552K), 0.0004130 secs] [Times: user=0.01 sys=0.00, real=0.00 secs] 
213.012: Total time for which application threads were stopped: 0.0005170 seconds, Stopping threads took: 0.0000500 seconds
213.044: Application time: 0.0323990 seconds
213.044: [GC213.044: [ParNew: 14923K->1546K(16640K), 0.0010490 secs] 35672K->23318K(55552K), 0.0010860 secs] [Times: user=0.00 sys=0.00, real=0.00 secs] 
213.045: Total time for which application threads were stopped: 0.0012090 seconds, Stopping threads took: 0.0000630 seconds
213.082: Application time: 0.0371740 seconds
213.083: [GC213.083: [ParNew: 16044K->554K(16640K), 0.0004000 secs] 37817K->22326K(55552K), 0.0004300 secs] [Times: user=0.00 sys=0.00, real=0.00 secs] 
213.083: Total time for which application threads were stopped: 0.0005600 seconds, Stopping threads took: 0.0000770 seconds
213.115: Application time: 0.0324950 seconds
213.116: [GC213.116: [ParNew: 14957K->1580K(16640K), 0.0008280 secs] 36730K->23865K(55552K), 0.0008620 secs] [Times: user=0.01 sys=0.00, real=0.00 secs] 
213.116: Total time for which application threads were stopped: 0.0009960 seconds, Stopping threads took: 0.0000730 seconds
213.152: Application time: 0.0354480 seconds
213.152: [GC213.152: [ParNew: 15992K->1548K(16640K), 0.0007400 secs] 38277K->23861K(55552K), 0.0007720 secs] [Times: user=0.00 sys=0.00, real=0.00 secs] 
213.153: Total time for which application threads were stopped: 0.0008940 seconds, Stopping threads took: 0.0000650 seconds
213.189: Application time: 0.0365850 seconds
213.190: [GC213.190: [ParNew: 16034K->1578K(16640K), 0.0008020 secs] 38347K->24403K(55552K), 0.0008430 secs] [Times: user=0.01 sys=0.00, real=0.00 secs] 
213.190: Total time for which application threads were stopped: 0.0009700 seconds, Stopping threads took: 0.0000740 seconds
213.226: Application time: 0.0357390 seconds
213.226: [GC213.226: [ParNew: 15994K->520K(16640K), 0.0004660 secs] 38819K->23373K(55552K), 0.0004930 secs] [Times: user=0.01 sys=0.00, real=0.00 secs] 
213.227: Total time for which application threads were stopped: 0.0005940 seconds, Stopping threads took: 0.0000500 seconds
213.261: Application time: 0.0339880 seconds
213.261: [GC213.261: [ParNew: 15002K->1576K(16640K), 0.0008000 secs] 37855K->24942K(55552K), 0.0008350 secs] [Times: user=0.00 sys=0.00, real=0.00 secs] 
213.262: Total time for which application threads were stopped: 0.0009690 seconds, Stopping threads took: 0.0000720 seconds
213.298: Application time: 0.0364010 seconds
213.298: [GC213.298: [ParNew: 16072K->40K(16640K), 0.0002940 secs] 39438K->23434K(55552K), 0.0003230 secs] [Times: user=0.01 sys=0.00, real=0.00 secs] 
213.299: Total time for which application threads were stopped: 0.0005160 seconds, Stopping threads took: 0.0001350 seconds
213.330: Application time: 0.0315430 seconds
213.330: [GC213.330: [ParNew: 14520K->1608K(16640K), 0.0008660 secs] 37914K->25514K(55552K), 0.0009010 secs] [Times: user=0.00 sys=0.00, real=0.00 secs] 
213.331: Total time for which application threads were stopped: 0.0010360 seconds, Stopping threads took: 0.0000730 seconds
213.368: Application time: 0.0372180 seconds
213.369: [GC213.369: [ParNew: 16100K->1578K(16640K), 0.0006990 secs] 40006K->25541K(55552K), 0.0007330 secs] [Times: user=0.01 sys=0.00, real=0.01 secs] 
213.369: Total time for which application threads were stopped: 0.0008510 seconds, Stopping threads took: 0.0000580 seconds
213.405: Application time: 0.0353240 seconds
213.405: [GC213.405: [ParNew: 16068K->1062K(16640K), 0.0005170 secs] 40032K->25054K(55552K), 0.0005470 secs] [Times: user=0.00 sys=0.00, real=0.00 secs] 
213.405: Total time for which application threads were stopped: 0.0006630 seconds, Stopping threads took: 0.0000610 seconds
213.437: Application time: 0.0318830 seconds
213.437: [GC213.437: [ParNew: 15466K->1550K(16640K), 0.0010390 secs] 39457K->26594K(55552K), 0.0010730 secs] [Times: user=0.01 sys=0.00, real=0.00 secs] 
213.438: Total time for which application threads were stopped: 0.0012040 seconds, Stopping threads took: 0.0000660 seconds
213.475: Application time: 0.0368270 seconds
213.475: [GC213.475: [ParNew: 15968K->522K(16640K), 0.0003260 secs] 41012K->25566K(55552K), 0.0003570 secs] [Times: user=0.00 sys=0.00, real=0.00 secs] 
213.476: Total time for which application threads were stopped: 0.0004730 seconds, Stopping threads took: 0.0000640 seconds
213.509: Application time: 0.0335120 seconds
213.509: [GC213.509: [ParNew: 14923K->1548K(16640K), 0.0009920 secs] 39968K->27616K(55552K), 0.0010270 secs] [Times: user=0.00 sys=0.00, real=0.00 secs] 
213.510: Total time for which application threads were stopped: 0.0011640 seconds, Stopping threads took: 0.0000750 seconds
213.548: Application time: 0.0380180 seconds
213.548: [GC213.548: [ParNew: 15966K->522K(16640K), 0.0003310 secs] 42035K->26590K(55552K), 0.0003600 secs] [Times: user=0.00 sys=0.00, real=0.01 secs] 
213.549: Total time for which application threads were stopped: 0.0004750 seconds, Stopping threads took: 0.0000640 seconds
213.582: Application time: 0.0330480 seconds
213.582: [GC213.582: [ParNew: 14925K->1546K(16640K), 0.0008020 secs] 40994K->28126K(55552K), 0.0008340 secs] [Times: user=0.00 sys=0.00, real=0.00 secs] 
213.583: Total time for which application threads were stopped: 0.0009610 seconds, Stopping threads took: 0.0000670 seconds
213.620: Application time: 0.0367410 seconds
213.620: [GC213.620: [ParNew: 16040K->550K(16640K), 0.0004220 secs] 42621K->27130K(55552K), 0.0004510 secs] [Times: user=0.00 sys=0.00, real=0.00 secs] 
213.620: Total time for which application threads were stopped: 0.0005570 seconds, Stopping threads took: 0.0000540 seconds
213.653: Application time: 0.0326150 seconds
213.653: [GC213.653: [ParNew: 14953K->1574K(16640K), 0.0009060 secs] 41534K->28666K(55552K), 0.0009480 secs] [Times: user=0.01 sys=0.00, real=0.00 secs] 
213.654: Total time for which application threads were stopped: 0.0010790 seconds, Stopping threads took: 0.0000700 seconds
213.689: Application time: 0.0354950 seconds
213.689: [GC213.690: [ParNew: 15986K->1034K(16640K), 0.0005970 secs] 43078K->28155K(55552K), 0.0006270 secs] [Times: user=0.01 sys=0.00, real=0.00 secs] 
213.690: Total time for which application threads were stopped: 0.0008110 seconds, Stopping threads took: 0.0001350 seconds
213.724: Application time: 0.0343620 seconds
213.725: [GC213.725: [ParNew: 15524K->1578K(16640K), 0.0006700 secs] 42645K->28699K(55552K), 0.0007040 secs] [Times: user=0.01 sys=0.00, real=0.00 secs] 
213.725: Total time for which application threads were stopped: 0.0009360 seconds, Stopping threads took: 0.0001750 seconds
213.760: Application time: 0.0346110 seconds
213.760: [GC213.760: [ParNew: 15986K->1546K(16640K), 0.0008590 secs] 43107K->29207K(55552K), 0.0008930 secs] [Times: user=0.01 sys=0.00, real=0.01 secs] 
213.761: Total time for which application threads were stopped: 0.0010140 seconds, Stopping threads took: 0.0000620 seconds
213.796: Application time: 0.0353450 seconds
213.797: [GC213.797: [ParNew: 15958K->1548K(16640K), 0.0006740 secs] 43619K->29209K(55552K), 0.0007060 secs] [Times: user=0.00 sys=0.00, real=0.00 secs] 
213.797: Total time for which application threads were stopped: 0.0008600 seconds, Stopping threads took: 0.0000930 seconds
213.831: Application time: 0.0339040 seconds
213.831: [GC213.831: [ParNew: 15954K->1546K(16640K), 0.0009990 secs] 43615K->30231K(55552K), 0.0010360 secs] [Times: user=0.01 sys=0.00, real=0.00 secs] 
213.832: Total time for which application threads were stopped: 0.0011730 seconds, Stopping threads took: 0.0000660 seconds
213.868: Application time: 0.0358210 seconds
213.868: [GC213.868: [ParNew: 16040K->1576K(16640K), 0.0006940 secs] 44726K->30261K(55552K), 0.0007320 secs] [Times: user=0.00 sys=0.00, real=0.01 secs] 
213.869: Total time for which application threads were stopped: 0.0008960 seconds, Stopping threads took: 0.0001050 seconds
213.902: Application time: 0.0329130 seconds
213.902: [GC213.902: [ParNew: 16062K->1580K(16640K), 0.0009960 secs] 44747K->31318K(55552K), 0.0010300 secs] [Times: user=0.00 sys=0.00, real=0.00 secs] 
213.903: Total time for which application threads were stopped: 0.0011780 seconds, Stopping threads took: 0.0000860 seconds
213.938: Application time: 0.0351480 seconds
213.938: [GC213.938: [ParNew: 15990K->1546K(16640K), 0.0009980 secs] 45728K->32336K(55552K), 0.0010350 secs] [Times: user=0.01 sys=0.00, real=0.00 secs] 
213.939: Total time for which application threads were stopped: 0.0011670 seconds, Stopping threads took: 0.0000710 seconds
213.975: Application time: 0.0356510 seconds
213.975: [GC213.975: [ParNew: 16120K->1094K(16640K), 0.0004920 secs] 46911K->31884K(55552K), 0.0005220 secs] [Times: user=0.00 sys=0.00, real=0.00 secs] 
213.976: Total time for which application threads were stopped: 0.0007330 seconds, Stopping threads took: 0.0001550 seconds
214.010: Application time: 0.0343360 seconds
214.010: [GC214.010: [ParNew: 15578K->1578K(16640K), 0.0009200 secs] 46369K->32937K(55552K), 0.0009540 secs] [Times: user=0.00 sys=0.00, real=0.00 secs] 
214.011: Total time for which application threads were stopped: 0.0010760 seconds, Stopping threads took: 0.0000620 seconds
214.046: Application time: 0.0346940 seconds
214.046: [GC214.046: [ParNew: 15988K->1548K(16640K), 0.0010620 secs] 47348K->33960K(55552K), 0.0010960 secs] [Times: user=0.01 sys=0.00, real=0.00 secs] 
214.047: Total time for which application threads were stopped: 0.0012200 seconds, Stopping threads took: 0.0000630 seconds
214.085: Application time: 0.0379950 seconds
214.085: [GC214.085: [ParNew: 16044K->556K(16640K), 0.0003490 secs] 48457K->32968K(55552K), 0.0003790 secs] [Times: user=0.00 sys=0.00, real=0.00 secs] 
214.086: Total time for which application threads were stopped: 0.0005020 seconds, Stopping threads took: 0.0000600 seconds
214.118: Application time: 0.0325300 seconds
214.118: [GC214.118: [ParNew: 14957K->1576K(16640K), 0.0010720 secs] 47370K->35012K(55552K), 0.0011080 secs] [Times: user=0.01 sys=0.00, real=0.00 secs] 
214.119: Total time for which application threads were stopped: 0.0012430 seconds, Stopping threads took: 0.0000700 seconds
214.156: Application time: 0.0368800 seconds
214.156: [GC214.156: [ParNew: 15992K->1034K(16640K), 0.0005620 secs] 49428K->34498K(55552K), 0.0005930 secs] [Times: user=0.00 sys=0.00, real=0.00 secs] 
214.157: Total time for which application threads were stopped: 0.0007080 seconds, Stopping threads took: 0.0000620 seconds
214.191: Application time: 0.0338050 seconds
214.191: [GC214.191: [ParNew: 15437K->1546K(16640K), 0.0010750 secs] 48902K->36035K(55552K), 0.0011070 secs] [Times: user=0.01 sys=0.00, real=0.00 secs] 
214.192: Total time for which application threads were stopped: 0.0012310 seconds, Stopping threads took: 0.0000670 seconds
214.227: Application time: 0.0351200 seconds
214.229: [GC214.229: [ParNew: 15958K->1548K(16640K), 0.0008180 secs] 50447K->36549K(55552K), 0.0008520 secs] [Times: user=0.01 sys=0.00, real=0.00 secs] 
214.229: Total time for which application threads were stopped: 0.0022530 seconds, Stopping threads took: 0.0013420 seconds
214.265: Application time: 0.0358470 seconds
214.265: [GC214.265: [ParNew: 16042K->1576K(16640K), 0.0006640 secs] 51043K->36577K(55552K), 0.0006950 secs] [Times: user=0.01 sys=0.00, real=0.00 secs] 
214.266: Total time for which application threads were stopped: 0.0008300 seconds, Stopping threads took: 0.0000780 seconds
214.300: Application time: 0.0339040 seconds
214.300: [GC214.300: [ParNew: 15984K->1548K(16640K), 0.0008410 secs] 50985K->37089K(55552K), 0.0008750 secs] [Times: user=0.00 sys=0.00, real=0.01 secs] 
214.301: Total time for which application threads were stopped: 0.0010090 seconds, Stopping threads took: 0.0000730 seconds
214.336: Application time: 0.0353910 seconds
214.337: [GC214.337: [ParNew: 15960K->1546K(16640K), 0.0006330 secs] 51501K->37087K(55552K), 0.0006630 secs] [Times: user=0.00 sys=0.00, real=0.00 secs] 
214.337: Total time for which application threads were stopped: 0.0008110 seconds, Stopping threads took: 0.0000830 seconds
214.372: Application time: 0.0347250 seconds
214.372: [GC214.372: [ParNew: 16034K->1576K(16640K), 0.0008140 secs] 51575K->37629K(55552K), 0.0008480 secs] [Times: user=0.00 sys=0.00, real=0.00 secs] 
214.373: Total time for which application threads were stopped: 0.0009780 seconds, Stopping threads took: 0.0000710 seconds
214.373: Application time: 0.0000870 seconds
214.373: [GC [1 CMS-initial-mark: 36053K(38912K)] 38141K(55552K), 0.0000940 secs] [Times: user=0.00 sys=0.00, real=0.00 secs] 
214.373: Total time for which application threads were stopped: 0.0003030 seconds, Stopping threads took: 0.0001920 seconds
214.373: [CMS-concurrent-mark-start]
214.379: [CMS-concurrent-mark: 0.006/0.006 secs] [Times: user=0.03 sys=0.00, real=0.00 secs] 
214.379: [CMS-concurrent-preclean-start]
214.379: [CMS-concurrent-preclean: 0.000/0.000 secs] [Times: user=0.00 sys=0.00, real=0.00 secs] 
214.379: [CMS-concurrent-abortable-preclean-start]
214.410: Application time: 0.0370550 seconds
214.413: [GC214.413: [ParNew: 15988K->1546K(16640K), 0.0006790 secs] 52041K->37628K(55552K), 0.0007080 secs] [Times: user=0.00 sys=0.01, real=0.00 secs] 
214.413: Total time for which application threads were stopped: 0.0028960 seconds, Stopping threads took: 0.0021310 seconds
214.447: Application time: 0.0339830 seconds
214.447: [GC214.447: [ParNew: 15954K->1550K(16640K), 0.0009850 secs] 52036K->38656K(55552K), 0.0010220 secs] [Times: user=0.01 sys=0.00, real=0.00 secs] 
214.448: Total time for which application threads were stopped: 0.0011630 seconds, Stopping threads took: 0.0000790 seconds
214.486: Application time: 0.0372180 seconds
214.486: [GC214.486: [ParNew: 15966K->1034K(16640K), 0.0004420 secs] 53072K->38140K(55552K), 0.0004800 secs] [Times: user=0.00 sys=0.00, real=0.00 secs] 
214.486: Total time for which application threads were stopped: 0.0005980 seconds, Stopping threads took: 0.0000660 seconds
214.521: Application time: 0.0342920 seconds
214.521: [GC214.521: [ParNew: 15520K->1576K(16640K), 0.0006320 secs] 52626K->38682K(55552K), 0.0006650 secs] [Times: user=0.00 sys=0.00, real=0.00 secs] 
214.521: Total time for which application threads were stopped: 0.0007880 seconds, Stopping threads took: 0.0000640 seconds
214.556: Application time: 0.0346610 seconds
214.556: [GC214.556: [ParNew: 15984K->1546K(16640K), 0.0008240 secs] 53090K->39192K(55552K), 0.0008590 secs] [Times: user=0.00 sys=0.00, real=0.00 secs] 
214.557: Total time for which application threads were stopped: 0.0009860 seconds, Stopping threads took: 0.0000660 seconds
214.594: Application time: 0.0373830 seconds
214.595: [GC214.595: [ParNew: 16036K->1578K(16640K), 0.0006870 secs] 53682K->39224K(55552K), 0.0007190 secs] [Times: user=0.00 sys=0.00, real=0.00 secs] 
214.595: Total time for which application threads were stopped: 0.0008860 seconds, Stopping threads took: 0.0001120 seconds
214.628: Application time: 0.0330840 seconds
214.629: [GC214.629: [ParNew (promotion failed): 16142K->16172K(16640K), 0.0009080 secs]214.629: [CMS214.630: [CMS-concurrent-abortable-preclean: 0.001/0.250 secs] [Times: user=1.92 sys=0.01, real=0.26 secs] 
 (concurrent mode failure): 38187K->8104K(38912K), 0.0067220 secs] 53789K->8104K(55552K), [CMS Perm : 5181K->5181K(21248K)], 0.0076950 secs] [Times: user=0.01 sys=0.00, real=0.01 secs] 
214.636: Total time for which application threads were stopped: 0.0078440 seconds, Stopping threads took: 0.0000780 seconds
214.674: Application time: 0.0380590 seconds
214.674: [GC214.674: [ParNew: 14496K->1068K(16640K), 0.0005250 secs] 22600K->9172K(55552K), 0.0005550 secs] [Times: user=0.01 sys=0.00, real=0.00 secs] 
214.675: Total time for which application threads were stopped: 0.0006750 seconds, Stopping threads took: 0.0000660 seconds
214.709: Application time: 0.0336770 seconds
214.709: [GC214.709: [ParNew: 15474K->1548K(16640K), 0.0008680 secs] 23578K->10203K(55552K), 0.0009020 secs] [Times: user=0.01 sys=0.00, real=0.00 secs] 
214.710: Total time for which application threads were stopped: 0.0010710 seconds, Stopping threads took: 0.0001090 seconds
214.745: Application time: 0.0349420 seconds
214.745: [GC214.745: [ParNew: 15960K->1548K(16640K), 0.0006630 secs] 24615K->10203K(55552K), 0.0006920 secs] [Times: user=0.00 sys=0.00, real=0.00 secs] 
214.745: Total time for which application threads were stopped: 0.0007980 seconds, Stopping threads took: 0.0000520 seconds
214.778: Application time: 0.0322900 seconds
214.778: [GC214.778: [ParNew: 16032K->1578K(16640K), 0.0009940 secs] 24687K->11257K(55552K), 0.0010330 secs] [Times: user=0.01 sys=0.00, real=0.00 secs] 
214.779: Total time for which application threads were stopped: 0.0011840 seconds, Stopping threads took: 0.0000860 seconds
214.816: Application time: 0.0374810 seconds
214.817: [GC214.817: [ParNew: 15992K->1548K(16640K), 0.0007370 secs] 25671K->11259K(55552K), 0.0007690 secs] [Times: user=0.01 sys=0.00, real=0.00 secs] 
214.817: Total time for which application threads were stopped: 0.0009010 seconds, Stopping threads took: 0.0000660 seconds
214.850: Application time: 0.0323550 seconds
214.850: [GC214.850: [ParNew: 15954K->1548K(16640K), 0.0010120 secs] 25665K->12283K(55552K), 0.0010480 secs] [Times: user=0.01 sys=0.00, real=0.00 secs] 
214.851: Total time for which application threads were stopped: 0.0011790 seconds, Stopping threads took: 0.0000590 seconds
214.887: Application time: 0.0358530 seconds
214.887: [GC214.887: [ParNew: 15960K->1548K(16640K), 0.0009230 secs] 26696K->12795K(55552K), 0.0009540 secs] [Times: user=0.00 sys=0.00, real=0.00 secs] 
214.888: Total time for which application threads were stopped: 0.0010860 seconds, Stopping threads took: 0.0000730 seconds
214.924: Application time: 0.0358640 seconds
214.924: [GC214.924: [ParNew: 16040K->1578K(16640K), 0.0006450 secs] 27288K->12825K(55552K), 0.0006850 secs] [Times: user=0.01 sys=0.00, real=0.00 secs] 
214.925: Total time for which application threads were stopped: 0.0008090 seconds, Stopping threads took: 0.0000650 seconds
214.959: Application time: 0.0347180 seconds
214.959: [GC214.959: [ParNew: 15986K->1546K(16640K), 0.0008360 secs] 27233K->13336K(55552K), 0.0008700 secs] [Times: user=0.00 sys=0.00, real=0.00 secs] 
214.960: Total time for which application threads were stopped: 0.0010020 seconds, Stopping threads took: 0.0000720 seconds
214.996: Application time: 0.0355350 seconds
214.996: [GC214.996: [ParNew: 15960K->1034K(16640K), 0.0004840 secs] 27750K->12824K(55552K), 0.0005130 secs] [Times: user=0.01 sys=0.00, real=0.00 secs] 
214.996: Total time for which application threads were stopped: 0.0007360 seconds, Stopping threads took: 0.0001690 seconds
215.030: Application time: 0.0333870 seconds
215.030: [GC215.030: [ParNew: 15518K->1578K(16640K), 0.0008650 secs] 27308K->13880K(55552K), 0.0009010 secs] [Times: user=0.01 sys=0.00, real=0.00 secs] 
215.031: Total time for which application threads were stopped: 0.0010430 seconds, Stopping threads took: 0.0000810 seconds
215.067: Application time: 0.0359610 seconds
215.067: [GC215.067: [ParNew: 15992K->1032K(16640K), 0.0005110 secs] 28294K->13362K(55552K), 0.0005410 secs] [Times: user=0.00 sys=0.00, real=0.00 secs] 
215.068: Total time for which application threads were stopped: 0.0006630 seconds, Stopping threads took: 0.0000660 seconds
215.100: Application time: 0.0328250 seconds
215.100: [GC215.101: [ParNew: 15435K->1548K(16640K), 0.0011120 secs] 27766K->14903K(55552K), 0.0011470 secs] [Times: user=0.01 sys=0.00, real=0.01 secs] 
215.102: Total time for which application threads were stopped: 0.0012790 seconds, Stopping threads took: 0.0000670 seconds
215.139: Application time: 0.0375310 seconds
215.139: [GC215.139: [ParNew: 15964K->1034K(16640K), 0.0005060 secs] 29319K->14389K(55552K), 0.0005360 secs] [Times: user=0.00 sys=0.00, real=0.00 secs] 
215.140: Total time for which application threads were stopped: 0.0006690 seconds, Stopping threads took: 0.0000790 seconds
215.173: Application time: 0.0329470 seconds
215.173: [GC215.173: [ParNew: 15440K->1546K(16640K), 0.0008750 secs] 28794K->15413K(55552K), 0.0009090 secs] [Times: user=0.01 sys=0.00, real=0.00 secs] 
215.174: Total time for which application threads were stopped: 0.0010330 seconds, Stopping threads took: 0.0000630 seconds
215.209: Application time: 0.0348480 seconds
215.209: [GC215.209: [ParNew: 16040K->1066K(16640K), 0.0004760 secs] 29907K->14933K(55552K), 0.0005040 secs] [Times: user=0.00 sys=0.00, real=0.00 secs] 
215.209: Total time for which application threads were stopped: 0.0006190 seconds, Stopping threads took: 0.0000620 seconds
215.245: Application time: 0.0357210 seconds
215.245: [GC215.245: [ParNew: 15552K->1576K(16640K), 0.0008060 secs] 29419K->15471K(55552K), 0.0008360 secs] [Times: user=0.01 sys=0.00, real=0.00 secs] 
215.246: Total time for which application threads were stopped: 0.0012550 seconds, Stopping threads took: 0.0003620 seconds
215.279: Application time: 0.0329320 seconds
215.279: [GC215.279: [ParNew: 16058K->1578K(16640K), 0.0012760 secs] 29953K->17038K(55552K), 0.0013140 secs] [Times: user=0.01 sys=0.00, real=0.01 secs] 
215.281: Total time for which application threads were stopped: 0.0014410 seconds, Stopping threads took: 0.0000640 seconds
215.317: Application time: 0.0360110 seconds
215.317: [GC215.317: [ParNew: 16074K->1578K(16640K), 0.0006840 secs] 31534K->17066K(55552K), 0.0007170 secs] [Times: user=0.00 sys=0.00, real=0.00 secs] 
215.318: Total time for which application threads were stopped: 0.0008540 seconds, Stopping threads took: 0.0000780 seconds
215.351: Application time: 0.0336630 seconds
215.351: [GC215.351: [ParNew: 16062K->1580K(16640K), 0.0012670 secs] 31551K->18633K(55552K), 0.0013030 secs] [Times: user=0.01 sys=0.00, real=0.00 secs] 
215.353: Total time for which application threads were stopped: 0.0014470 seconds, Stopping threads took: 0.0000730 seconds
215.388: Application time: 0.0356020 seconds
215.388: [GC215.388: [ParNew: 15996K->1544K(16640K), 0.0006770 secs] 33049K->18625K(55552K), 0.0007180 secs] [Times: user=0.01 sys=0.01, real=0.01 secs] 
215.389: Total time for which application threads were stopped: 0.0008490 seconds, Stopping threads took: 0.0000750 seconds
215.424: Application time: 0.0344850 seconds
215.424: [GC215.424: [ParNew: 16030K->1580K(16640K), 0.0007960 secs] 33112K->19173K(55552K), 0.0008300 secs] [Times: user=0.01 sys=0.00, real=0.00 secs] 
215.425: Total time for which application threads were stopped: 0.0010190 seconds, Stopping threads took: 0.0001290 seconds
215.459: Application time: 0.0346460 seconds
215.459: [GC215.459: [ParNew: 15990K->1546K(16640K), 0.0008090 secs] 33583K->19680K(55552K), 0.0008430 secs] [Times: user=0.01 sys=0.00, real=0.00 secs] 
215.460: Total time for which application threads were stopped: 0.0009720 seconds, Stopping threads took: 0.0000700 seconds
215.496: Application time: 0.0358730 seconds
215.496: [GC215.496: [ParNew: 15956K->1546K(16640K), 0.0008670 secs] 34090K->20192K(55552K), 0.0009010 secs] [Times: user=0.01 sys=0.00, real=0.00 secs] 
215.497: Total time for which application threads were stopped: 0.0010370 seconds, Stopping threads took: 0.0000770 seconds
215.532: Application time: 0.0346960 seconds
215.532: [GC215.532: [ParNew: 15956K->1546K(16640K), 0.0008760 secs] 34602K->20704K(55552K), 0.0009090 secs] [Times: user=0.00 sys=0.00, real=0.00 secs] 
215.533: Total time for which application threads were stopped: 0.0011170 seconds, Stopping threads took: 0.0001480 seconds
215.570: Application time: 0.0368010 seconds
215.570: [GC215.570: [ParNew: 16036K->1576K(16640K), 0.0007260 secs] 35194K->20734K(55552K), 0.0007570 secs] [Times: user=0.00 sys=0.00, real=0.00 secs] 
215.571: Total time for which application threads were stopped: 0.0008680 seconds, Stopping threads took: 0.0000540 seconds
215.604: Application time: 0.0329450 seconds
215.604: [GC215.604: [ParNew: 15982K->1548K(16640K), 0.0010750 secs] 35140K->21758K(55552K), 0.0011130 secs] [Times: user=0.00 sys=0.00, real=0.00 secs] 
215.605: Total time for which application threads were stopped: 0.0012490 seconds, Stopping threads took: 0.0000700 seconds
215.640: Application time: 0.0356540 seconds
215.641: [GC215.641: [ParNew: 15962K->1546K(16640K), 0.0007290 secs] 36173K->21756K(55552K), 0.0007610 secs] [Times: user=0.00 sys=0.00, real=0.00 secs] 
215.641: Total time for which application threads were stopped: 0.0008860 seconds, Stopping threads took: 0.0000680 seconds
215.675: Application time: 0.0333880 seconds
215.675: [GC215.675: [ParNew: 16032K->1576K(16640K), 0.0008740 secs] 36243K->22298K(55552K), 0.0009040 secs] [Times: user=0.00 sys=0.00, real=0.00 secs] 
215.676: Total time for which application threads were stopped: 0.0010260 seconds, Stopping threads took: 0.0000640 seconds
215.712: Application time: 0.0359880 seconds
215.712: [GC215.712: [ParNew: 15988K->1542K(16640K), 0.0007200 secs] 36711K->22293K(55552K), 0.0007540 secs] [Times: user=0.01 sys=0.00, real=0.00 secs] 
215.713: Total time for which application threads were stopped: 0.0008760 seconds, Stopping threads took: 0.0000630 seconds
215.746: Application time: 0.0331240 seconds
215.746: [GC215.746: [ParNew: 15948K->1548K(16640K), 0.0010250 secs] 36699K->23323K(55552K), 0.0010590 secs] [Times: user=0.01 sys=0.00, real=0.00 secs] 
215.747: Total time for which application threads were stopped: 0.0012140 seconds, Stopping threads took: 0.0000970 seconds
215.783: Application time: 0.0361840 seconds
215.783: [GC215.783: [ParNew: 15960K->1546K(16640K), 0.0008220 secs] 37735K->23833K(55552K), 0.0008570 secs] [Times: user=0.00 sys=0.00, real=0.00 secs] 
215.784: Total time for which application threads were stopped: 0.0009850 seconds, Stopping threads took: 0.0000690 seconds
215.820: Application time: 0.0357090 seconds
215.820: [GC215.820: [ParNew: 15962K->522K(16640K), 0.0003720 secs] 38249K->22809K(55552K), 0.0004000 secs] [Times: user=0.00 sys=0.00, real=0.00 secs] 
215.820: Total time for which application threads were stopped: 0.0005180 seconds, Stopping threads took: 0.0000590 seconds
215.853: Application time: 0.0321460 seconds
215.853: [GC215.853: [ParNew: 15004K->1576K(16640K), 0.0008100 secs] 37291K->24375K(55552K), 0.0008450 secs] [Times: user=0.00 sys=0.00, real=0.00 secs] 
215.854: Total time for which application threads were stopped: 0.0010440 seconds, Stopping threads took: 0.0001300 seconds
215.890: Application time: 0.0367690 seconds
215.891: [GC215.891: [ParNew: 15990K->1034K(16640K), 0.0005440 secs] 38789K->23861K(55552K), 0.0005720 secs] [Times: user=0.00 sys=0.00, real=0.00 secs] 
215.891: Total time for which application threads were stopped: 0.0007250 seconds, Stopping threads took: 0.0000960 seconds
215.924: Application time: 0.0331170 seconds
215.924: [GC215.924: [ParNew: 15594K->1608K(16640K), 0.0010060 secs] 38422K->25460K(55552K), 0.0010410 secs] [Times: user=0.00 sys=0.00, real=0.00 secs] 
215.925: Total time for which application threads were stopped: 0.0011710 seconds, Stopping threads took: 0.0000680 seconds
215.962: Application time: 0.0364860 seconds
215.962: [GC215.962: [ParNew: 16020K->1548K(16640K), 0.0008610 secs] 39872K->25969K(55552K), 0.0008970 secs] [Times: user=0.01 sys=0.00, real=0.00 secs] 
215.963: Total time for which application threads were stopped: 0.0010220 seconds, Stopping threads took: 0.0000650 seconds
215.999: Application time: 0.0358540 seconds
215.999: [GC215.999: [ParNew: 16122K->1094K(16640K), 0.0005950 secs] 40543K->25515K(55552K), 0.0006250 secs] [Times: user=0.01 sys=0.00, real=0.00 secs] 
216.000: Total time for which application threads were stopped: 0.0007360 seconds, Stopping threads took: 0.0000560 seconds
216.033: Application time: 0.0332220 seconds
216.033: [GC216.033: [ParNew: 15496K->1548K(16640K), 0.0012400 secs] 39916K->27562K(55552K), 0.0012750 secs] [Times: user=0.01 sys=0.00, real=0.00 secs] 
216.034: Total time for which application threads were stopped: 0.0014270 seconds, Stopping threads took: 0.0000890 seconds
216.071: Application time: 0.0372430 seconds
216.071: [GC216.072: [ParNew: 15964K->1546K(16640K), 0.0006480 secs] 41978K->27560K(55552K), 0.0006800 secs] [Times: user=0.01 sys=0.00, real=0.00 secs] 
216.072: Total time for which application threads were stopped: 0.0008000 seconds, Stopping threads took: 0.0000630 seconds
216.106: Application time: 0.0336650 seconds
216.106: [GC216.106: [ParNew: 16030K->1578K(16640K), 0.0010850 secs] 42044K->28616K(55552K), 0.0011220 secs] [Times: user=0.01 sys=0.00, real=0.00 secs] 
216.107: Total time for which application threads were stopped: 0.0012560 seconds, Stopping threads took: 0.0000700 seconds
216.143: Application time: 0.0362350 seconds
216.143: [GC216.144: [ParNew: 15996K->520K(16640K), 0.0005110 secs] 43034K->27586K(55552K), 0.0005380 secs] [Times: user=0.00 sys=0.00, real=0.00 secs] 
216.144: Total time for which application threads were stopped: 0.0006920 seconds, Stopping threads took: 0.0001060 seconds
216.178: Application time: 0.0335440 seconds
216.178: [GC216.178: [ParNew: 14923K->1546K(16640K), 0.0008860 secs] 41990K->29124K(55552K), 0.0009160 secs] [Times: user=0.00 sys=0.00, real=0.00 secs] 
216.179: Total time for which application threads were stopped: 0.0010400 seconds, Stopping threads took: 0.0000650 seconds
216.214: Application time: 0.0350340 seconds
216.214: [GC216.214: [ParNew: 16038K->1064K(16640K), 0.0005500 secs] 43617K->28642K(55552K), 0.0005800 secs] [Times: user=0.01 sys=0.00, real=0.00 secs] 
216.214: Total time for which application threads were stopped: 0.0006870 seconds, Stopping threads took: 0.0000530 seconds
216.248: Application time: 0.0332720 seconds
216.248: [GC216.248: [ParNew: 15470K->1546K(16640K), 0.0008660 secs] 43048K->29665K(55552K), 0.0008980 secs] [Times: user=0.01 sys=0.00, real=0.01 secs] 
216.249: Total time for which application threads were stopped: 0.0011250 seconds, Stopping threads took: 0.0001710 seconds
216.283: Application time: 0.0347080 seconds
216.284: [GC216.284: [ParNew: 15958K->1546K(16640K), 0.0006530 secs] 44077K->29665K(55552K), 0.0006920 secs] [Times: user=0.01 sys=0.00, real=0.00 secs] 
216.284: Total time for which application threads were stopped: 0.0009020 seconds, Stopping threads took: 0.0001530 seconds
216.319: Application time: 0.0350310 seconds
216.320: [GC216.320: [ParNew: 16032K->1578K(16640K), 0.0009850 secs] 44151K->30721K(55552K), 0.0010310 secs] [Times: user=0.00 sys=0.00, real=0.01 secs] 
216.321: Total time for which application threads were stopped: 0.0011520 seconds, Stopping threads took: 0.0000580 seconds
216.357: Application time: 0.0362380 seconds
216.357: [GC216.357: [ParNew: 15992K->1546K(16640K), 0.0007190 secs] 45135K->30717K(55552K), 0.0007510 secs] [Times: user=0.01 sys=0.00, real=0.00 secs] 
216.358: Total time for which application threads were stopped: 0.0008830 seconds, Stopping threads took: 0.0000670 seconds
216.393: Application time: 0.0354340 seconds
216.393: [GC216.393: [ParNew: 15960K->522K(16640K), 0.0003630 secs] 45131K->29693K(55552K), 0.0003910 secs] [Times: user=0.01 sys=0.00, real=0.00 secs] 
216.394: Total time for which application threads were stopped: 0.0004870 seconds, Stopping threads took: 0.0000520 seconds
216.427: Application time: 0.0331600 seconds
216.427: [GC216.427: [ParNew: 14923K->1546K(16640K), 0.0009660 secs] 44095K->31741K(55552K), 0.0010000 secs] [Times: user=0.01 sys=0.00, real=0.00 secs] 
216.428: Total time for which application threads were stopped: 0.0011240 seconds, Stopping threads took: 0.0000600 seconds
216.464: Application time: 0.0361630 seconds
216.464: [GC216.464: [ParNew: 15960K->1550K(16640K), 0.0006660 secs] 46156K->31745K(55552K), 0.0007000 secs] [Times: user=0.00 sys=0.00, real=0.00 secs] 
216.465: Total time for which application threads were stopped: 0.0008410 seconds, Stopping threads took: 0.0000830 seconds
216.500: Application time: 0.0348300 seconds
216.500: [GC216.500: [ParNew: 16042K->1064K(16640K), 0.0004830 secs] 46238K->31259K(55552K), 0.0005130 secs] [Times: user=0.01 sys=0.00, real=0.00 secs] 
216.500: Total time for which application threads were stopped: 0.0006390 seconds, Stopping threads took: 0.0000700 seconds
216.534: Application time: 0.0340750 seconds
216.535: [GC216.535: [ParNew: 15470K->1550K(16640K), 0.0008180 secs] 45665K->32286K(55552K), 0.0008530 secs] [Times: user=0.01 sys=0.00, real=0.00 secs] 
216.535: Total time for which application threads were stopped: 0.0009780 seconds, Stopping threads took: 0.0000640 seconds
216.572: Application time: 0.0360970 seconds
216.572: [GC216.572: [ParNew: 16126K->582K(16640K), 0.0004250 secs] 46863K->31318K(55552K), 0.0004530 secs] [Times: user=0.00 sys=0.00, real=0.00 secs] 
216.572: Total time for which application threads were stopped: 0.0005580 seconds, Stopping threads took: 0.0000540 seconds
216.605: Application time: 0.0333970 seconds
216.606: [GC216.606: [ParNew: 14986K->1608K(16640K), 0.0008290 secs] 45722K->32856K(55552K), 0.0008640 secs] [Times: user=0.00 sys=0.00, real=0.00 secs] 
216.606: Total time for which application threads were stopped: 0.0009920 seconds, Stopping threads took: 0.0000670 seconds
216.643: Application time: 0.0366200 seconds
216.643: [GC216.643: [ParNew: 16185K->70K(16640K), 0.0003380 secs] 47433K->31375K(55552K), 0.0003680 secs] [Times: user=0.01 sys=0.00, real=0.00 secs] 
216.644: Total time for which application threads were stopped: 0.0004790 seconds, Stopping threads took: 0.0000600 seconds
216.677: Application time: 0.0335970 seconds
216.677: [GC216.677: [ParNew: 14471K->1604K(16640K), 0.0008870 secs] 45777K->33421K(55552K), 0.0009200 secs] [Times: user=0.01 sys=0.00, real=0.00 secs] 
216.678: Total time for which application threads were stopped: 0.0010340 seconds, Stopping threads took: 0.0000560 seconds
216.715: Application time: 0.0363600 seconds
216.715: [GC216.715: [ParNew: 16022K->10K(16640K), 0.0002810 secs] 47839K->31884K(55552K), 0.0003090 secs] [Times: user=0.00 sys=0.00, real=0.00 secs] 
216.715: Total time for which application threads were stopped: 0.0004250 seconds, Stopping threads took: 0.0000680 seconds
216.748: Application time: 0.0333710 seconds
216.748: [GC216.749: [ParNew: 14490K->1576K(16640K), 0.0008010 secs] 46364K->33962K(55552K), 0.0008430 secs] [Times: user=0.00 sys=0.01, real=0.01 secs] 
216.749: Total time for which application threads were stopped: 0.0009580 seconds, Stopping threads took: 0.0000580 seconds
216.783: Application time: 0.0340770 seconds
216.784: [GC216.784: [ParNew: 15988K->1546K(16640K), 0.0006430 secs] 48374K->33960K(55552K), 0.0006750 secs] [Times: user=0.01 sys=0.00, real=0.00 secs] 
216.784: Total time for which application threads were stopped: 0.0008280 seconds, Stopping threads took: 0.0000960 seconds
216.819: Application time: 0.0345750 seconds
216.819: [GC216.819: [ParNew: 15956K->1544K(16640K), 0.0006280 secs] 48370K->33958K(55552K), 0.0006610 secs] [Times: user=0.01 sys=0.00, real=0.00 secs] 
216.820: Total time for which application threads were stopped: 0.0007830 seconds, Stopping threads took: 0.0000660 seconds
216.854: Application time: 0.0340370 seconds
216.854: [GC216.854: [ParNew: 16030K->1580K(16640K), 0.0008060 secs] 48445K->34507K(55552K), 0.0008370 secs] [Times: user=0.01 sys=0.00, real=0.00 secs] 
216.855: Total time for which application threads were stopped: 0.0009640 seconds, Stopping threads took: 0.0000670 seconds
216.890: Application time: 0.0354400 seconds
216.890: [GC216.890: [ParNew: 15990K->1546K(16640K), 0.0008960 secs] 48917K->35013K(55552K), 0.0009280 secs] [Times: user=0.01 sys=0.00, real=0.00 secs] 
216.891: Total time for which application threads were stopped: 0.0010660 seconds, Stopping threads took: 0.0000680 seconds
216.926: Application time: 0.0347570 seconds
216.926: [GC216.926: [ParNew: 15956K->1548K(16640K), 0.0006760 secs] 49423K->35015K(55552K), 0.0007070 secs] [Times: user=0.01 sys=0.00, real=0.00 secs] 
216.927: Total time for which application threads were stopped: 0.0008760 seconds, Stopping threads took: 0.0001140 seconds
216.961: Application time: 0.0344970 seconds
216.961: [GC216.961: [ParNew: 16038K->1578K(16640K), 0.0008520 secs] 49505K->35557K(55552K), 0.0008850 secs] [Times: user=0.01 sys=0.00, real=0.00 secs] 
216.962: Total time for which application threads were stopped: 0.0010140 seconds, Stopping threads took: 0.0000690 seconds
216.997: Application time: 0.0346310 seconds
216.997: [GC216.997: [ParNew: 15992K->1034K(16640K), 0.0005210 secs] 49971K->35042K(55552K), 0.0005510 secs] [Times: user=0.00 sys=0.00, real=0.00 secs] 
216.998: Total time for which application threads were stopped: 0.0006660 seconds, Stopping threads took: 0.0000630 seconds
217.031: Application time: 0.0329920 seconds
217.031: [GC217.031: [ParNew: 15435K->1550K(16640K), 0.0011810 secs] 49443K->37094K(55552K), 0.0012180 secs] [Times: user=0.01 sys=0.00, real=0.00 secs] 
217.032: Total time for which application threads were stopped: 0.0013470 seconds, Stopping threads took: 0.0000650 seconds
217.032: Application time: 0.0000450 seconds
217.032: [GC [1 CMS-initial-mark: 35543K(38912K)] 37606K(55552K), 0.0000960 secs] [Times: user=0.00 sys=0.00, real=0.00 secs] 
217.032: Total time for which application threads were stopped: 0.0003010 seconds, Stopping threads took: 0.0001860 seconds
217.032: [CMS-concurrent-mark-start]
217.038: [CMS-concurrent-mark: 0.006/0.006 secs] [Times: user=0.03 sys=0.00, real=0.00 secs] 
217.038: [CMS-concurrent-preclean-start]
217.038: [CMS-concurrent-preclean: 0.000/0.000 secs] [Times: user=0.00 sys=0.00, real=0.00 secs] 
217.038: Application time: 0.0058560 seconds
217.041: [GC[YG occupancy: 3108 K (16640 K)]217.041: [Rescan (parallel) , 0.0001220 secs]217.041: [weak refs processing, 0.0000070 secs]217.041: [scrub string table, 0.0000940 secs] [1 CMS-remark: 35543K(38912K)] 38652K(55552K), 0.0002490 secs] [Times: user=0.00 sys=0.00, real=0.00 secs] 
217.041: Total time for which application threads were stopped: 0.0027520 seconds, Stopping threads took: 0.0024800 seconds
217.041: [CMS-concurrent-sweep-start]
217.042: [CMS-concurrent-sweep: 0.001/0.001 secs] [Times: user=0.00 sys=0.00, real=0.00 secs] 
217.042: [CMS-concurrent-reset-start]
217.042: [CMS-concurrent-reset: 0.000/0.000 secs] [Times: user=0.00 sys=0.00, real=0.00 secs] 
217.072: Application time: 0.0307500 seconds
217.072: [GC217.072: [ParNew: 15962K->1548K(16640K), 0.0010910 secs] 23060K->9670K(55552K), 0.0011290 secs] [Times: user=0.01 sys=0.00, real=0.00 secs] 
217.073: Total time for which application threads were stopped: 0.0012900 seconds, Stopping threads took: 0.0000990 seconds
217.110: Application time: 0.0366320 seconds
217.110: [GC217.110: [ParNew: 15964K->1032K(16640K), 0.0005140 secs] 24086K->9154K(55552K), 0.0005430 secs] [Times: user=0.01 sys=0.00, real=0.00 secs] 
217.110: Total time for which application threads were stopped: 0.0006970 seconds, Stopping threads took: 0.0000980 seconds
217.145: Application time: 0.0344150 seconds
217.145: [GC217.145: [ParNew: 15442K->1036K(16640K), 0.0005180 secs] 23564K->9158K(55552K), 0.0005470 secs] [Times: user=0.00 sys=0.00, real=0.00 secs] 
217.145: Total time for which application threads were stopped: 0.0006500 seconds, Stopping threads took: 0.0000560 seconds
217.178: Application time: 0.0331500 seconds
217.179: [GC217.179: [ParNew: 15598K->1608K(16640K), 0.0007650 secs] 23721K->10242K(55552K), 0.0007990 secs] [Times: user=0.00 sys=0.00, real=0.00 secs] 
217.179: Total time for which application threads were stopped: 0.0009210 seconds, Stopping threads took: 0.0000620 seconds
217.215: Application time: 0.0354090 seconds
217.215: [GC217.215: [ParNew: 16020K->1550K(16640K), 0.0006820 secs] 24654K->10241K(55552K), 0.0007150 secs] [Times: user=0.00 sys=0.00, real=0.00 secs] 
217.216: Total time for which application threads were stopped: 0.0008380 seconds, Stopping threads took: 0.0000650 seconds
217.249: Application time: 0.0332840 seconds
217.249: [GC217.249: [ParNew: 16038K->1580K(16640K), 0.0007930 secs] 24729K->10783K(55552K), 0.0008280 secs] [Times: user=0.00 sys=0.00, real=0.00 secs] 
217.250: Total time for which application threads were stopped: 0.0009440 seconds, Stopping threads took: 0.0000580 seconds
217.284: Application time: 0.0341910 seconds
217.284: [GC217.284: [ParNew: 16068K->1578K(16640K), 0.0008390 secs] 25272K->11322K(55552K), 0.0008750 secs] [Times: user=0.01 sys=0.00, real=0.00 secs] 
217.285: Total time for which application threads were stopped: 0.0010070 seconds, Stopping threads took: 0.0000720 seconds
217.324: Application time: 0.0389590 seconds
217.324: [GC217.324: [ParNew: 16074K->552K(16640K), 0.0004180 secs] 25818K->10324K(55552K), 0.0004480 secs] [Times: user=0.00 sys=0.00, real=0.00 secs] 
217.325: Total time for which application threads were stopped: 0.0006990 seconds, Stopping threads took: 0.0001990 seconds
217.356: Application time: 0.0313890 seconds
217.356: [GC217.356: [ParNew: 14953K->1576K(16640K), 0.0009950 secs] 24726K->12372K(55552K), 0.0010320 secs] [Times: user=0.01 sys=0.00, real=0.00 secs] 
217.357: Total time for which application threads were stopped: 0.0011590 seconds, Stopping threads took: 0.0000650 seconds
217.394: Application time: 0.0366820 seconds
217.394: [GC217.394: [ParNew: 15990K->1548K(16640K), 0.0006540 secs] 26787K->12373K(55552K), 0.0006890 secs] [Times: user=0.01 sys=0.00, real=0.00 secs] 
217.395: Total time for which application threads were stopped: 0.0008390 seconds, Stopping threads took: 0.0000850 seconds
217.429: Application time: 0.0345810 seconds
217.430: [GC217.430: [ParNew: 16034K->1578K(16640K), 0.0007480 secs] 26859K->12915K(55552K), 0.0007800 secs] [Times: user=0.01 sys=0.00, real=0.00 secs] 
217.430: Total time for which application threads were stopped: 0.0009050 seconds, Stopping threads took: 0.0000670 seconds
217.465: Application time: 0.0349360 seconds
217.465: [GC217.465: [ParNew: 15990K->1548K(16640K), 0.0006740 secs] 27327K->12913K(55552K), 0.0007080 secs] [Times: user=0.00 sys=0.00, real=0.00 secs] 
217.466: Total time for which application threads were stopped: 0.0008260 seconds, Stopping threads took: 0.0000600 seconds
217.501: Application time: 0.0345480 seconds
217.501: [GC217.501: [ParNew: 16030K->1576K(16640K), 0.0011060 secs] 27395K->13965K(55552K), 0.0011500 secs] [Times: user=0.01 sys=0.00, real=0.00 secs] 
217.502: Total time for which application threads were stopped: 0.0013040 seconds, Stopping threads took: 0.0000920 seconds
217.539: Application time: 0.0366380 seconds
217.539: [GC217.539: [ParNew: 15990K->1548K(16640K), 0.0008480 secs] 28380K->14478K(55552K), 0.0008800 secs] [Times: user=0.01 sys=0.00, real=0.00 secs] 
217.540: Total time for which application threads were stopped: 0.0010010 seconds, Stopping threads took: 0.0000600 seconds
217.576: Application time: 0.0367750 seconds
217.576: [GC217.576: [ParNew: 15960K->1546K(16640K), 0.0007040 secs] 28890K->14476K(55552K), 0.0007370 secs] [Times: user=0.00 sys=0.00, real=0.00 secs] 
217.577: Total time for which application threads were stopped: 0.0008530 seconds, Stopping threads took: 0.0000580 seconds
217.612: Application time: 0.0347690 seconds
217.612: [GC217.612: [ParNew: 16036K->1062K(16640K), 0.0005420 secs] 28966K->13992K(55552K), 0.0005730 secs] [Times: user=0.01 sys=0.00, real=0.00 secs] 
217.613: Total time for which application threads were stopped: 0.0007120 seconds, Stopping threads took: 0.0000840 seconds
217.646: Application time: 0.0336080 seconds
217.646: [GC217.646: [ParNew: 15468K->1548K(16640K), 0.0008140 secs] 28398K->15018K(55552K), 0.0008480 secs] [Times: user=0.00 sys=0.00, real=0.00 secs] 
217.647: Total time for which application threads were stopped: 0.0009690 seconds, Stopping threads took: 0.0000650 seconds
217.685: Application time: 0.0375610 seconds
217.685: [GC217.685: [ParNew: 15964K->522K(16640K), 0.0003500 secs] 29435K->13992K(55552K), 0.0003780 secs] [Times: user=0.00 sys=0.00, real=0.00 secs] 
217.685: Total time for which application threads were stopped: 0.0004850 seconds, Stopping threads took: 0.0000560 seconds
217.718: Application time: 0.0326010 seconds
217.718: [GC217.718: [ParNew: 14925K->1548K(16640K), 0.0007880 secs] 28396K->15530K(55552K), 0.0008240 secs] [Times: user=0.01 sys=0.00, real=0.00 secs] 
217.719: Total time for which application threads were stopped: 0.0009500 seconds, Stopping threads took: 0.0000640 seconds
217.753: Application time: 0.0343220 seconds
217.753: [GC217.753: [ParNew: 15954K->1548K(16640K), 0.0010040 secs] 29936K->16554K(55552K), 0.0010390 secs] [Times: user=0.00 sys=0.00, real=0.00 secs] 
217.754: Total time for which application threads were stopped: 0.0012520 seconds, Stopping threads took: 0.0001530 seconds
217.790: Application time: 0.0359170 seconds
217.790: [GC217.790: [ParNew: 15966K->1034K(16640K), 0.0005190 secs] 30973K->16040K(55552K), 0.0005510 secs] [Times: user=0.00 sys=0.00, real=0.00 secs] 
217.791: Total time for which application threads were stopped: 0.0006780 seconds, Stopping threads took: 0.0000700 seconds
217.824: Application time: 0.0331570 seconds
217.824: [GC217.824: [ParNew: 15516K->1578K(16640K), 0.0010520 secs] 30523K->17609K(55552K), 0.0010890 secs] [Times: user=0.00 sys=0.00, real=0.00 secs] 
217.825: Total time for which application threads were stopped: 0.0012130 seconds, Stopping threads took: 0.0000620 seconds
217.863: Application time: 0.0371500 seconds
217.863: [GC217.863: [ParNew: 16076K->552K(16640K), 0.0004520 secs] 32107K->16611K(55552K), 0.0004810 secs] [Times: user=0.00 sys=0.00, real=0.00 secs] 
217.863: Total time for which application threads were stopped: 0.0007330 seconds, Stopping threads took: 0.0002000 seconds
217.897: Application time: 0.0333870 seconds
217.897: [GC217.897: [ParNew: 15034K->1604K(16640K), 0.0008720 secs] 31093K->18175K(55552K), 0.0009050 secs] [Times: user=0.00 sys=0.00, real=0.00 secs] 
217.898: Total time for which application threads were stopped: 0.0010220 seconds, Stopping threads took: 0.0000540 seconds
217.933: Application time: 0.0348860 seconds
217.933: [GC217.933: [ParNew: 16096K->1574K(16640K), 0.0006680 secs] 32667K->18202K(55552K), 0.0006990 secs] [Times: user=0.01 sys=0.00, real=0.00 secs] 
217.933: Total time for which application threads were stopped: 0.0008200 seconds, Stopping threads took: 0.0000660 seconds
217.967: Application time: 0.0331470 seconds
217.967: [GC217.967: [ParNew: 15982K->1548K(16640K), 0.0008300 secs] 32610K->18717K(55552K), 0.0008730 secs] [Times: user=0.01 sys=0.00, real=0.00 secs] 
217.968: Total time for which application threads were stopped: 0.0010040 seconds, Stopping threads took: 0.0000700 seconds
218.002: Application time: 0.0346440 seconds
218.002: [GC218.002: [ParNew: 16038K->1578K(16640K), 0.0008730 secs] 33207K->19259K(55552K), 0.0009070 secs] [Times: user=0.01 sys=0.00, real=0.00 secs] 
218.003: Total time for which application threads were stopped: 0.0010380 seconds, Stopping threads took: 0.0000690 seconds
218.038: Application time: 0.0349800 seconds
218.038: [GC218.038: [ParNew: 15988K->1544K(16640K), 0.0008320 secs] 33669K->19765K(55552K), 0.0008650 secs] [Times: user=0.01 sys=0.00, real=0.00 secs] 
218.039: Total time for which application threads were stopped: 0.0010150 seconds, Stopping threads took: 0.0000920 seconds
218.075: Application time: 0.0355810 seconds
218.075: [GC218.075: [ParNew: 16036K->1578K(16640K), 0.0006830 secs] 34257K->19799K(55552K), 0.0007160 secs] [Times: user=0.00 sys=0.00, real=0.00 secs] 
218.076: Total time for which application threads were stopped: 0.0008370 seconds, Stopping threads took: 0.0000620 seconds
218.111: Application time: 0.0356680 seconds
218.111: [GC218.111: [ParNew: 15988K->1546K(16640K), 0.0007340 secs] 34209K->19796K(55552K), 0.0007690 secs] [Times: user=0.00 sys=0.00, real=0.00 secs] 
218.112: Total time for which application threads were stopped: 0.0009080 seconds, Stopping threads took: 0.0000790 seconds
218.146: Application time: 0.0332680 seconds
218.146: [GC218.146: [ParNew: 16032K->1576K(16640K), 0.0010300 secs] 34282K->20850K(55552K), 0.0010670 secs] [Times: user=0.01 sys=0.00, real=0.00 secs] 
218.147: Total time for which application threads were stopped: 0.0012230 seconds, Stopping threads took: 0.0000850 seconds
218.183: Application time: 0.0358590 seconds
218.183: [GC218.183: [ParNew: 15990K->1548K(16640K), 0.0006470 secs] 35264K->20850K(55552K), 0.0006770 secs] [Times: user=0.01 sys=0.00, real=0.00 secs] 
218.183: Total time for which application threads were stopped: 0.0008150 seconds, Stopping threads took: 0.0000830 seconds
218.217: Application time: 0.0338180 seconds
218.217: [GC218.217: [ParNew: 15954K->1546K(16640K), 0.0010640 secs] 35256K->21872K(55552K), 0.0011020 secs] [Times: user=0.01 sys=0.00, real=0.00 secs] 
218.218: Total time for which application threads were stopped: 0.0012270 seconds, Stopping threads took: 0.0000600 seconds
218.254: Application time: 0.0359060 seconds
218.254: [GC218.255: [ParNew: 16040K->1578K(16640K), 0.0006570 secs] 36367K->21904K(55552K), 0.0006860 secs] [Times: user=0.01 sys=0.00, real=0.00 secs] 
218.255: Total time for which application threads were stopped: 0.0008110 seconds, Stopping threads took: 0.0000710 seconds
218.289: Application time: 0.0333890 seconds
218.289: [GC218.289: [ParNew: 15986K->1546K(16640K), 0.0008720 secs] 36312K->22413K(55552K), 0.0009060 secs] [Times: user=0.00 sys=0.00, real=0.00 secs] 
218.290: Total time for which application threads were stopped: 0.0010510 seconds, Stopping threads took: 0.0000860 seconds
218.326: Application time: 0.0364750 seconds
218.326: [GC218.326: [ParNew: 15958K->1546K(16640K), 0.0006650 secs] 36825K->22413K(55552K), 0.0006990 secs] [Times: user=0.00 sys=0.00, real=0.00 secs] 
218.327: Total time for which application threads were stopped: 0.0008190 seconds, Stopping threads took: 0.0000630 seconds
218.361: Application time: 0.0343870 seconds
218.361: [GC218.361: [ParNew: 15954K->1546K(16640K), 0.0008550 secs] 36821K->22925K(55552K), 0.0008910 secs] [Times: user=0.00 sys=0.00, real=0.00 secs] 
218.362: Total time for which application threads were stopped: 0.0010080 seconds, Stopping threads took: 0.0000560 seconds
218.397: Application time: 0.0348750 seconds
218.397: [GC218.397: [ParNew: 15958K->1544K(16640K), 0.0007780 secs] 37337K->22923K(55552K), 0.0008090 secs] [Times: user=0.01 sys=0.00, real=0.00 secs] 
218.398: Total time for which application threads were stopped: 0.0010090 seconds, Stopping threads took: 0.0001390 seconds
218.433: Application time: 0.0342750 seconds
218.433: [GC218.433: [ParNew: 15952K->1548K(16640K), 0.0008680 secs] 37331K->23439K(55552K), 0.0009010 secs] [Times: user=0.00 sys=0.00, real=0.00 secs] 
218.434: Total time for which application threads were stopped: 0.0010610 seconds, Stopping threads took: 0.0000880 seconds
218.469: Application time: 0.0355290 seconds
218.469: [GC218.469: [ParNew: 16042K->1064K(16640K), 0.0004880 secs] 37933K->22955K(55552K), 0.0005180 secs] [Times: user=0.00 sys=0.00, real=0.00 secs] 
218.470: Total time for which application threads were stopped: 0.0006390 seconds, Stopping threads took: 0.0000650 seconds
218.504: Application time: 0.0347360 seconds
218.505: [GC218.505: [ParNew: 15546K->1576K(16640K), 0.0008810 secs] 37437K->24007K(55552K), 0.0009160 secs] [Times: user=0.01 sys=0.00, real=0.00 secs] 
218.506: Total time for which application threads were stopped: 0.0010960 seconds, Stopping threads took: 0.0001220 seconds
218.541: Application time: 0.0355850 seconds
218.541: [GC218.541: [ParNew: 15990K->1034K(16640K), 0.0004940 secs] 38422K->23494K(55552K), 0.0005240 secs] [Times: user=0.01 sys=0.00, real=0.00 secs] 
218.542: Total time for which application threads were stopped: 0.0006600 seconds, Stopping threads took: 0.0000810 seconds
218.576: Application time: 0.0340060 seconds
218.576: [GC218.576: [ParNew: 15598K->1608K(16640K), 0.0008190 secs] 38058K->24580K(55552K), 0.0008540 secs] [Times: user=0.00 sys=0.00, real=0.00 secs] 
218.577: Total time for which application threads were stopped: 0.0009840 seconds, Stopping threads took: 0.0000670 seconds
218.613: Application time: 0.0357540 seconds
218.617: [GC218.617: [ParNew: 16022K->1034K(16640K), 0.0006070 secs] 38994K->24063K(55552K), 0.0006390 secs] [Times: user=0.01 sys=0.00, real=0.00 secs] 
218.617: Total time for which application threads were stopped: 0.0047560 seconds, Stopping threads took: 0.0040410 seconds
218.650: Application time: 0.0330130 seconds
218.650: [GC218.650: [ParNew: 15520K->1578K(16640K), 0.0008080 secs] 38549K->25119K(55552K), 0.0008440 secs] [Times: user=0.01 sys=0.00, real=0.00 secs] 
218.651: Total time for which application threads were stopped: 0.0009660 seconds, Stopping threads took: 0.0000660 seconds
218.686: Application time: 0.0351040 seconds
218.687: [GC218.687: [ParNew: 15990K->1546K(16640K), 0.0006550 secs] 39531K->25115K(55552K), 0.0006850 secs] [Times: user=0.00 sys=0.00, real=0.00 secs] 
218.687: Total time for which application threads were stopped: 0.0008660 seconds, Stopping threads took: 0.0001280 seconds
218.722: Application time: 0.0345690 seconds
218.722: [GC218.722: [ParNew: 15954K->1544K(16640K), 0.0008760 secs] 39523K->25625K(55552K), 0.0009120 secs] [Times: user=0.00 sys=0.00, real=0.00 secs] 
218.723: Total time for which application threads were stopped: 0.0010440 seconds, Stopping threads took: 0.0000700 seconds
218.758: Application time: 0.0347790 seconds
218.758: [GC218.758: [ParNew: 16032K->1578K(16640K), 0.0010310 secs] 40114K->26172K(55552K), 0.0010640 secs] [Times: user=0.01 sys=0.00, real=0.00 secs] 
218.759: Total time for which application threads were stopped: 0.0014170 seconds, Stopping threads took: 0.0002700 seconds
218.795: Application time: 0.0354260 seconds
218.795: [GC218.795: [ParNew: 16070K->1574K(16640K), 0.0006730 secs] 40664K->26196K(55552K), 0.0007080 secs] [Times: user=0.00 sys=0.00, real=0.00 secs] 
218.795: Total time for which application threads were stopped: 0.0008480 seconds, Stopping threads took: 0.0000820 seconds
218.829: Application time: 0.0335560 seconds
218.829: [GC218.829: [ParNew: 15980K->1552K(16640K), 0.0010480 secs] 40602K->27227K(55552K), 0.0010820 secs] [Times: user=0.01 sys=0.00, real=0.00 secs] 
218.830: Total time for which application threads were stopped: 0.0012950 seconds, Stopping threads took: 0.0001490 seconds
218.867: Application time: 0.0370120 seconds
218.867: [GC218.867: [ParNew: 15970K->520K(16640K), 0.0003980 secs] 41645K->26194K(55552K), 0.0004360 secs] [Times: user=0.00 sys=0.00, real=0.00 secs] 
218.868: Total time for which application threads were stopped: 0.0005850 seconds, Stopping threads took: 0.0000970 seconds
218.900: Application time: 0.0317850 seconds
218.900: [GC218.900: [ParNew: 15000K->1580K(16640K), 0.0010590 secs] 40675K->28279K(55552K), 0.0010980 secs] [Times: user=0.01 sys=0.00, real=0.01 secs] 
218.901: Total time for which application threads were stopped: 0.0012390 seconds, Stopping threads took: 0.0000840 seconds
218.938: Application time: 0.0374260 seconds
218.938: [GC218.938: [ParNew: 15996K->1032K(16640K), 0.0005170 secs] 42695K->27759K(55552K), 0.0005450 secs] [Times: user=0.00 sys=0.00, real=0.00 secs] 
218.939: Total time for which application threads were stopped: 0.0006610 seconds, Stopping threads took: 0.0000540 seconds
218.972: Application time: 0.0327440 seconds
218.972: [GC218.972: [ParNew: 15438K->1548K(16640K), 0.0008270 secs] 42165K->28787K(55552K), 0.0008610 secs] [Times: user=0.00 sys=0.00, real=0.00 secs] 
218.973: Total time for which application threads were stopped: 0.0009830 seconds, Stopping threads took: 0.0000620 seconds
219.008: Application time: 0.0357710 seconds
219.009: [GC219.009: [ParNew: 15962K->1032K(16640K), 0.0004950 secs] 43201K->28271K(55552K), 0.0005260 secs] [Times: user=0.01 sys=0.00, real=0.00 secs] 
219.009: Total time for which application threads were stopped: 0.0006470 seconds, Stopping threads took: 0.0000600 seconds
219.043: Application time: 0.0341450 seconds
219.043: [GC219.043: [ParNew: 15438K->1548K(16640K), 0.0006580 secs] 42677K->28787K(55552K), 0.0006900 secs] [Times: user=0.01 sys=0.00, real=0.00 secs] 
219.044: Total time for which application threads were stopped: 0.0009190 seconds, Stopping threads took: 0.0001710 seconds
219.079: Application time: 0.0343920 seconds
219.079: [GC219.079: [ParNew: 15956K->1550K(16640K), 0.0010510 secs] 43195K->29813K(55552K), 0.0010870 secs] [Times: user=0.01 sys=0.00, real=0.00 secs] 
219.080: Total time for which application threads were stopped: 0.0012140 seconds, Stopping threads took: 0.0000640 seconds
219.119: Application time: 0.0392700 seconds
219.119: [GC219.119: [ParNew: 16046K->1066K(16640K), 0.0005950 secs] 44310K->29329K(55552K), 0.0006260 secs] [Times: user=0.00 sys=0.00, real=0.00 secs] 
219.120: Total time for which application threads were stopped: 0.0007410 seconds, Stopping threads took: 0.0000580 seconds
219.154: Application time: 0.0345090 seconds
219.154: [GC219.154: [ParNew: 15470K->1546K(16640K), 0.0011150 secs] 43733K->30862K(55552K), 0.0011490 secs] [Times: user=0.00 sys=0.00, real=0.00 secs] 
219.156: Total time for which application threads were stopped: 0.0012830 seconds, Stopping threads took: 0.0000720 seconds
219.196: Application time: 0.0401040 seconds
219.196: [GC219.196: [ParNew: 16042K->1062K(16640K), 0.0005310 secs] 45358K->30378K(55552K), 0.0005640 secs] [Times: user=0.01 sys=0.00, real=0.00 secs] 
219.196: Total time for which application threads were stopped: 0.0007000 seconds, Stopping threads took: 0.0000780 seconds
219.233: Application time: 0.0362460 seconds
219.233: [GC219.233: [ParNew: 15546K->1578K(16640K), 0.0008280 secs] 44862K->31434K(55552K), 0.0008630 secs] [Times: user=0.00 sys=0.00, real=0.00 secs] 
219.234: Total time for which application threads were stopped: 0.0009820 seconds, Stopping threads took: 0.0000560 seconds
219.272: Application time: 0.0382420 seconds
219.272: [GC219.272: [ParNew: 16072K->1066K(16640K), 0.0005200 secs] 45929K->30951K(55552K), 0.0005500 secs] [Times: user=0.00 sys=0.00, real=0.00 secs] 
219.273: Total time for which application threads were stopped: 0.0007770 seconds, Stopping threads took: 0.0001710 seconds
219.310: Application time: 0.0372670 seconds
219.310: [GC219.310: [ParNew: 15472K->1546K(16640K), 0.0007070 secs] 45357K->31459K(55552K), 0.0007420 secs] [Times: user=0.01 sys=0.00, real=0.00 secs] 
219.311: Total time for which application threads were stopped: 0.0008720 seconds, Stopping threads took: 0.0000700 seconds
219.347: Application time: 0.0366520 seconds
219.348: [GC219.348: [ParNew: 16034K->1576K(16640K), 0.0008230 secs] 45947K->32001K(55552K), 0.0008670 secs] [Times: user=0.01 sys=0.00, real=0.00 secs] 
219.348: Total time for which application threads were stopped: 0.0009930 seconds, Stopping threads took: 0.0000610 seconds
219.387: Application time: 0.0381700 seconds
219.387: [GC219.387: [ParNew: 15988K->1548K(16640K), 0.0006490 secs] 46413K->32002K(55552K), 0.0006820 secs] [Times: user=0.00 sys=0.00, real=0.00 secs] 
219.387: Total time for which application threads were stopped: 0.0008060 seconds, Stopping threads took: 0.0000650 seconds
219.423: Application time: 0.0356570 seconds
219.423: [GC219.423: [ParNew: 16036K->1578K(16640K), 0.0008080 secs] 46490K->32544K(55552K), 0.0008430 secs] [Times: user=0.00 sys=0.00, real=0.00 secs] 
219.424: Total time for which application threads were stopped: 0.0009670 seconds, Stopping threads took: 0.0000650 seconds
219.463: Application time: 0.0392480 seconds
219.465: [GC219.465: [ParNew: 16068K->1574K(16640K), 0.0008120 secs] 47034K->32568K(55552K), 0.0008430 secs] [Times: user=0.00 sys=0.00, real=0.00 secs] 
219.466: Total time for which application threads were stopped: 0.0022200 seconds, Stopping threads took: 0.0013060 seconds
219.504: Application time: 0.0380180 seconds
219.504: [GC219.504: [ParNew: 15984K->1546K(16640K), 0.0007320 secs] 46978K->32569K(55552K), 0.0007660 secs] [Times: user=0.00 sys=0.00, real=0.00 secs] 
219.504: Total time for which application threads were stopped: 0.0008840 seconds, Stopping threads took: 0.0000620 seconds
219.540: Application time: 0.0358360 seconds
219.540: [GC219.540: [ParNew: 15952K->1548K(16640K), 0.0009860 secs] 46975K->33595K(55552K), 0.0010270 secs] [Times: user=0.00 sys=0.00, real=0.01 secs] 
219.541: Total time for which application threads were stopped: 0.0011820 seconds, Stopping threads took: 0.0000890 seconds
219.581: Application time: 0.0396000 seconds
219.581: [GC219.581: [ParNew: 16040K->1578K(16640K), 0.0008640 secs] 48087K->34137K(55552K), 0.0008970 secs] [Times: user=0.00 sys=0.00, real=0.00 secs] 
219.582: Total time for which application threads were stopped: 0.0010140 seconds, Stopping threads took: 0.0000580 seconds
219.619: Application time: 0.0369650 seconds
219.619: [GC219.619: [ParNew: 15990K->1548K(16640K), 0.0006460 secs] 48549K->34135K(55552K), 0.0006770 secs] [Times: user=0.00 sys=0.00, real=0.00 secs] 
219.620: Total time for which application threads were stopped: 0.0008010 seconds, Stopping threads took: 0.0000660 seconds
219.657: Application time: 0.0370210 seconds
219.657: [GC219.657: [ParNew: 15956K->1546K(16640K), 0.0007930 secs] 48543K->34645K(55552K), 0.0008260 secs] [Times: user=0.00 sys=0.00, real=0.00 secs] 
219.658: Total time for which application threads were stopped: 0.0009550 seconds, Stopping threads took: 0.0000690 seconds
219.696: Application time: 0.0386550 seconds
219.697: [GC219.697: [ParNew: 15960K->1034K(16640K), 0.0005130 secs] 49060K->34133K(55552K), 0.0005450 secs] [Times: user=0.00 sys=0.00, real=0.00 secs] 
219.697: Total time for which application threads were stopped: 0.0006810 seconds, Stopping threads took: 0.0000780 seconds
219.733: Application time: 0.0359790 seconds
219.733: [GC219.733: [ParNew: 15437K->1550K(16640K), 0.0009800 secs] 48537K->35673K(55552K), 0.0010140 secs] [Times: user=0.01 sys=0.00, real=0.00 secs] 
219.734: Total time for which application threads were stopped: 0.0011470 seconds, Stopping threads took: 0.0000700 seconds
219.773: Application time: 0.0388840 seconds
219.773: [GC219.773: [ParNew: 15966K->1034K(16640K), 0.0005670 secs] 50090K->35157K(55552K), 0.0005980 secs] [Times: user=0.00 sys=0.00, real=0.00 secs] 
219.774: Total time for which application threads were stopped: 0.0007250 seconds, Stopping threads took: 0.0000690 seconds
219.809: Application time: 0.0350360 seconds
219.809: [GC219.809: [ParNew: 15435K->1548K(16640K), 0.0012030 secs] 49559K->37207K(55552K), 0.0012400 secs] [Times: user=0.01 sys=0.00, real=0.00 secs] 
219.810: Total time for which application threads were stopped: 0.0013680 seconds, Stopping threads took: 0.0000640 seconds
219.810: Application time: 0.0000610 seconds
219.811: [GC [1 CMS-initial-mark: 35659K(38912K)] 37719K(55552K), 0.0001090 secs] [Times: user=0.00 sys=0.00, real=0.00 secs] 
219.811: Total time for which application threads were stopped: 0.0003640 seconds, Stopping threads took: 0.0002340 seconds
219.811: [CMS-concurrent-mark-start]
219.814: [CMS-concurrent-mark: 0.004/0.004 secs] [Times: user=0.02 sys=0.00, real=0.00 secs] 
219.814: [CMS-concurrent-preclean-start]
219.815: [CMS-concurrent-preclean: 0.000/0.000 secs] [Times: user=0.00 sys=0.00, real=0.00 secs] 
219.815: Application time: 0.0038190 seconds
219.817: [GC[YG occupancy: 2582 K (16640 K)]219.817: [Rescan (parallel) , 0.0003640 secs]219.817: [weak refs processing, 0.0000060 secs]219.817: [scrub string table, 0.0000990 secs] [1 CMS-remark: 35659K(38912K)] 38242K(55552K), 0.0004970 secs] [Times: user=0.00 sys=0.00, real=0.00 secs] 
219.817: Total time for which application threads were stopped: 0.0026590 seconds, Stopping threads took: 0.0021150 seconds
219.817: [CMS-concurrent-sweep-start]
219.818: [CMS-concurrent-sweep: 0.001/0.001 secs] [Times: user=0.00 sys=0.00, real=0.00 secs] 
219.818: [CMS-concurrent-reset-start]
219.818: [CMS-concurrent-reset: 0.000/0.000 secs] [Times: user=0.00 sys=0.00, real=0.00 secs] 
219.855: Application time: 0.0373740 seconds
219.855: [GC219.855: [ParNew: 16044K->1578K(16640K), 0.0006320 secs] 23145K->8678K(55552K), 0.0006650 secs] [Times: user=0.01 sys=0.00, real=0.00 secs] 
219.855: Total time for which application threads were stopped: 0.0008460 seconds, Stopping threads took: 0.0001210 seconds
219.893: Application time: 0.0373640 seconds
219.893: [GC219.893: [ParNew: 16068K->1068K(16640K), 0.0005140 secs] 23169K->8197K(55552K), 0.0005500 secs] [Times: user=0.01 sys=0.00, real=0.00 secs] 
219.893: Total time for which application threads were stopped: 0.0006700 seconds, Stopping threads took: 0.0000620 seconds
219.930: Application time: 0.0367850 seconds
219.930: [GC219.930: [ParNew: 15550K->1578K(16640K), 0.0010200 secs] 22679K->9759K(55552K), 0.0010530 secs] [Times: user=0.01 sys=0.00, real=0.00 secs] 
219.931: Total time for which application threads were stopped: 0.0011800 seconds, Stopping threads took: 0.0000660 seconds
219.970: Application time: 0.0381810 seconds
219.970: [GC219.970: [ParNew: 16074K->1068K(16640K), 0.0004680 secs] 24256K->9278K(55552K), 0.0005000 secs] [Times: user=0.01 sys=0.00, real=0.00 secs] 
219.970: Total time for which application threads were stopped: 0.0006160 seconds, Stopping threads took: 0.0000530 seconds
220.007: Application time: 0.0370890 seconds
220.007: [GC220.007: [ParNew: 15470K->1548K(16640K), 0.0011990 secs] 23680K->11322K(55552K), 0.0012410 secs] [Times: user=0.01 sys=0.00, real=0.01 secs] 
220.009: Total time for which application threads were stopped: 0.0013650 seconds, Stopping threads took: 0.0000580 seconds
220.047: Application time: 0.0382810 seconds
220.047: [GC220.047: [ParNew: 16042K->1578K(16640K), 0.0006250 secs] 25817K->11353K(55552K), 0.0006560 secs] [Times: user=0.00 sys=0.00, real=0.00 secs] 
220.048: Total time for which application threads were stopped: 0.0007770 seconds, Stopping threads took: 0.0000630 seconds
220.084: Application time: 0.0366900 seconds
220.085: [GC220.085: [ParNew: 15984K->1550K(16640K), 0.0010270 secs] 25759K->12377K(55552K), 0.0010650 secs] [Times: user=0.01 sys=0.00, real=0.00 secs] 
220.086: Total time for which application threads were stopped: 0.0012100 seconds, Stopping threads took: 0.0000740 seconds
220.125: Application time: 0.0390090 seconds
220.125: [GC220.125: [ParNew: 15964K->1546K(16640K), 0.0007220 secs] 26791K->12373K(55552K), 0.0007550 secs] [Times: user=0.01 sys=0.00, real=0.00 secs] 
220.126: Total time for which application threads were stopped: 0.0009010 seconds, Stopping threads took: 0.0000860 seconds
220.162: Application time: 0.0359540 seconds
220.162: [GC220.162: [ParNew: 16108K->1604K(16640K), 0.0010800 secs] 26935K->13455K(55552K), 0.0011240 secs] [Times: user=0.01 sys=0.00, real=0.00 secs] 
220.163: Total time for which application threads were stopped: 0.0012790 seconds, Stopping threads took: 0.0000910 seconds
220.201: Application time: 0.0381100 seconds
220.201: [GC220.201: [ParNew: 16018K->1548K(16640K), 0.0007680 secs] 27869K->13456K(55552K), 0.0008000 secs] [Times: user=0.00 sys=0.00, real=0.00 secs] 
220.202: Total time for which application threads were stopped: 0.0009150 seconds, Stopping threads took: 0.0000610 seconds
220.239: Application time: 0.0374700 seconds
220.239: [GC220.239: [ParNew: 15958K->1546K(16640K), 0.0007580 secs] 27866K->13454K(55552K), 0.0007870 secs] [Times: user=0.01 sys=0.00, real=0.00 secs] 
220.240: Total time for which application threads were stopped: 0.0009030 seconds, Stopping threads took: 0.0000570 seconds
220.278: Application time: 0.0376040 seconds
220.278: [GC220.278: [ParNew: 16034K->1576K(16640K), 0.0007420 secs] 27942K->13484K(55552K), 0.0007730 secs] [Times: user=0.00 sys=0.00, real=0.00 secs] 
220.279: Total time for which application threads were stopped: 0.0009700 seconds, Stopping threads took: 0.0001380 seconds
220.317: Application time: 0.0386650 seconds
220.318: [GC220.318: [ParNew: 15988K->1548K(16640K), 0.0007330 secs] 27896K->13485K(55552K), 0.0007660 secs] [Times: user=0.00 sys=0.00, real=0.00 secs] 
220.318: Total time for which application threads were stopped: 0.0008890 seconds, Stopping threads took: 0.0000650 seconds
220.355: Application time: 0.0365490 seconds
220.355: [GC220.355: [ParNew: 15956K->1548K(16640K), 0.0008240 secs] 27893K->13997K(55552K), 0.0008610 secs] [Times: user=0.00 sys=0.00, real=0.00 secs] 
220.356: Total time for which application threads were stopped: 0.0009800 seconds, Stopping threads took: 0.0000590 seconds
220.392: Application time: 0.0364110 seconds
220.392: [GC220.392: [ParNew: 15958K->1546K(16640K), 0.0007870 secs] 28407K->14507K(55552K), 0.0008200 secs] [Times: user=0.00 sys=0.01, real=0.00 secs] 
220.393: Total time for which application threads were stopped: 0.0009660 seconds, Stopping threads took: 0.0000860 seconds
220.433: Application time: 0.0400120 seconds
220.433: [GC220.433: [ParNew: 15960K->1032K(16640K), 0.0005680 secs] 28921K->13993K(55552K), 0.0005990 secs] [Times: user=0.00 sys=0.00, real=0.00 secs] 
220.434: Total time for which application threads were stopped: 0.0007130 seconds, Stopping threads took: 0.0000590 seconds
220.471: Application time: 0.0369680 seconds
220.471: [GC220.471: [ParNew: 15435K->1550K(16640K), 0.0010510 secs] 28396K->15535K(55552K), 0.0010870 secs] [Times: user=0.00 sys=0.00, real=0.00 secs] 
220.472: Total time for which application threads were stopped: 0.0012260 seconds, Stopping threads took: 0.0000660 seconds
220.512: Application time: 0.0396690 seconds
220.512: [GC220.512: [ParNew: 16044K->1578K(16640K), 0.0007290 secs] 30029K->15563K(55552K), 0.0007630 secs] [Times: user=0.00 sys=0.00, real=0.00 secs] 
220.513: Total time for which application threads were stopped: 0.0008850 seconds, Stopping threads took: 0.0000630 seconds
220.547: Application time: 0.0343180 seconds
220.547: [GC220.547: [ParNew: 15982K->1550K(16640K), 0.0011850 secs] 29967K->17099K(55552K), 0.0012250 secs] [Times: user=0.00 sys=0.00, real=0.00 secs] 
220.548: Total time for which application threads were stopped: 0.0013600 seconds, Stopping threads took: 0.0000680 seconds
220.590: Application time: 0.0412040 seconds
220.590: [GC220.590: [ParNew: 15966K->1548K(16640K), 0.0008650 secs] 31516K->17609K(55552K), 0.0009030 secs] [Times: user=0.01 sys=0.00, real=0.00 secs] 
220.591: Total time for which application threads were stopped: 0.0010570 seconds, Stopping threads took: 0.0000900 seconds
220.630: Application time: 0.0390110 seconds
220.630: [GC220.630: [ParNew: 16120K->1094K(16640K), 0.0005920 secs] 32182K->17155K(55552K), 0.0006230 secs] [Times: user=0.01 sys=0.00, real=0.00 secs] 
220.630: Total time for which application threads were stopped: 0.0007570 seconds, Stopping threads took: 0.0000780 seconds
220.667: Application time: 0.0366670 seconds
220.667: [GC220.667: [ParNew: 15500K->1548K(16640K), 0.0008990 secs] 31561K->18178K(55552K), 0.0009410 secs] [Times: user=0.01 sys=0.00, real=0.00 secs] 
220.668: Total time for which application threads were stopped: 0.0010750 seconds, Stopping threads took: 0.0000710 seconds
220.708: Application time: 0.0398610 seconds
220.708: [GC220.708: [ParNew: 16042K->554K(16640K), 0.0003490 secs] 32673K->17184K(55552K), 0.0003810 secs] [Times: user=0.00 sys=0.00, real=0.01 secs] 
220.709: Total time for which application threads were stopped: 0.0004910 seconds, Stopping threads took: 0.0000560 seconds
220.742: Application time: 0.0334330 seconds
220.742: [GC220.742: [ParNew: 14955K->1578K(16640K), 0.0010120 secs] 31586K->19232K(55552K), 0.0010470 secs] [Times: user=0.00 sys=0.00, real=0.00 secs] 
220.743: Total time for which application threads were stopped: 0.0011860 seconds, Stopping threads took: 0.0000750 seconds
220.784: Application time: 0.0411150 seconds
220.784: [GC220.784: [ParNew: 16072K->1066K(16640K), 0.0005300 secs] 33727K->18749K(55552K), 0.0005620 secs] [Times: user=0.00 sys=0.00, real=0.00 secs] 
220.785: Total time for which application threads were stopped: 0.0006790 seconds, Stopping threads took: 0.0000600 seconds
220.818: Application time: 0.0329300 seconds
220.818: [GC220.818: [ParNew: 15468K->1552K(16640K), 0.0012950 secs] 33151K->20799K(55552K), 0.0013340 secs] [Times: user=0.01 sys=0.00, real=0.00 secs] 
220.819: Total time for which application threads were stopped: 0.0014700 seconds, Stopping threads took: 0.0000710 seconds
220.860: Application time: 0.0405480 seconds
220.860: [GC220.860: [ParNew: 16127K->1608K(16640K), 0.0007040 secs] 35374K->20856K(55552K), 0.0007360 secs] [Times: user=0.00 sys=0.00, real=0.01 secs] 
220.861: Total time for which application threads were stopped: 0.0008550 seconds, Stopping threads took: 0.0000610 seconds
220.897: Application time: 0.0362630 seconds
220.897: [GC220.897: [ParNew: 16012K->1550K(16640K), 0.0013280 secs] 35259K->22391K(55552K), 0.0013670 secs] [Times: user=0.01 sys=0.00, real=0.00 secs] 
220.899: Total time for which application threads were stopped: 0.0015050 seconds, Stopping threads took: 0.0000740 seconds
220.939: Application time: 0.0400050 seconds
220.939: [GC220.939: [ParNew: 15968K->1034K(16640K), 0.0004960 secs] 36809K->21874K(55552K), 0.0005280 secs] [Times: user=0.00 sys=0.00, real=0.00 secs] 
220.939: Total time for which application threads were stopped: 0.0006410 seconds, Stopping threads took: 0.0000560 seconds
220.974: Application time: 0.0349400 seconds
220.974: [GC220.974: [ParNew: 15435K->1548K(16640K), 0.0011790 secs] 36276K->23925K(55552K), 0.0012170 secs] [Times: user=0.01 sys=0.00, real=0.00 secs] 
220.976: Total time for which application threads were stopped: 0.0013760 seconds, Stopping threads took: 0.0000840 seconds
221.014: Application time: 0.0389240 seconds
221.015: [GC221.015: [ParNew: 16044K->1576K(16640K), 0.0007250 secs] 38421K->23953K(55552K), 0.0007580 secs] [Times: user=0.01 sys=0.00, real=0.00 secs] 
221.015: Total time for which application threads were stopped: 0.0008810 seconds, Stopping threads took: 0.0000620 seconds
221.054: Application time: 0.0389670 seconds
221.054: [GC221.054: [ParNew: 15986K->1546K(16640K), 0.0006440 secs] 38363K->23951K(55552K), 0.0006770 secs] [Times: user=0.00 sys=0.00, real=0.00 secs] 
221.055: Total time for which application threads were stopped: 0.0008090 seconds, Stopping threads took: 0.0000770 seconds
221.092: Application time: 0.0368420 seconds
221.092: [GC221.092: [ParNew: 15952K->1546K(16640K), 0.0009420 secs] 38357K->24975K(55552K), 0.0009790 secs] [Times: user=0.00 sys=0.00, real=0.00 secs] 
221.093: Total time for which application threads were stopped: 0.0010970 seconds, Stopping threads took: 0.0000570 seconds
221.132: Application time: 0.0386210 seconds
221.132: [GC221.132: [ParNew: 15960K->1546K(16640K), 0.0007850 secs] 39389K->24975K(55552K), 0.0008190 secs] [Times: user=0.01 sys=0.00, real=0.00 secs] 
221.133: Total time for which application threads were stopped: 0.0009470 seconds, Stopping threads took: 0.0000690 seconds
221.171: Application time: 0.0383180 seconds
221.171: [GC221.171: [ParNew: 15956K->1546K(16640K), 0.0007020 secs] 39385K->24975K(55552K), 0.0007420 secs] [Times: user=0.00 sys=0.00, real=0.00 secs] 
221.172: Total time for which application threads were stopped: 0.0008840 seconds, Stopping threads took: 0.0000820 seconds
221.208: Application time: 0.0361940 seconds
221.208: [GC221.208: [ParNew: 16030K->1576K(16640K), 0.0009680 secs] 39459K->26029K(55552K), 0.0010060 secs] [Times: user=0.01 sys=0.00, real=0.01 secs] 
221.209: Total time for which application threads were stopped: 0.0011280 seconds, Stopping threads took: 0.0000610 seconds
221.250: Application time: 0.0407700 seconds
221.250: [GC221.250: [ParNew: 15992K->522K(16640K), 0.0004180 secs] 40445K->25004K(55552K), 0.0004490 secs] [Times: user=0.00 sys=0.00, real=0.00 secs] 
221.251: Total time for which application threads were stopped: 0.0006510 seconds, Stopping threads took: 0.0001450 seconds
221.287: Application time: 0.0359460 seconds
221.287: [GC221.287: [ParNew: 14928K->1552K(16640K), 0.0008280 secs] 39410K->26546K(55552K), 0.0008620 secs] [Times: user=0.01 sys=0.00, real=0.00 secs] 
221.288: Total time for which application threads were stopped: 0.0010020 seconds, Stopping threads took: 0.0000770 seconds
221.325: Application time: 0.0375650 seconds
221.325: [GC221.325: [ParNew: 16118K->1608K(16640K), 0.0008410 secs] 41112K->27114K(55552K), 0.0008760 secs] [Times: user=0.00 sys=0.00, real=0.00 secs] 
221.326: Total time for which application threads were stopped: 0.0010720 seconds, Stopping threads took: 0.0001350 seconds
221.363: Application time: 0.0372320 seconds
221.364: [GC221.364: [ParNew: 16022K->1034K(16640K), 0.0005320 secs] 41528K->26597K(55552K), 0.0005630 secs] [Times: user=0.00 sys=0.00, real=0.00 secs] 
221.364: Total time for which application threads were stopped: 0.0007060 seconds, Stopping threads took: 0.0000850 seconds
221.401: Application time: 0.0371500 seconds
221.401: [GC221.401: [ParNew: 15435K->1548K(16640K), 0.0009770 secs] 40998K->28135K(55552K), 0.0010120 secs] [Times: user=0.01 sys=0.00, real=0.00 secs] 
221.402: Total time for which application threads were stopped: 0.0012090 seconds, Stopping threads took: 0.0001380 seconds
221.441: Application time: 0.0387620 seconds
221.441: [GC221.441: [ParNew: 16046K->1066K(16640K), 0.0004780 secs] 42633K->27653K(55552K), 0.0005100 secs] [Times: user=0.00 sys=0.00, real=0.00 secs] 
221.442: Total time for which application threads were stopped: 0.0006270 seconds, Stopping threads took: 0.0000590 seconds
221.478: Application time: 0.0359500 seconds
221.479: [GC221.479: [ParNew: 15468K->1550K(16640K), 0.0012950 secs] 42055K->29701K(55552K), 0.0013440 secs] [Times: user=0.01 sys=0.00, real=0.00 secs] 
221.480: Total time for which application threads were stopped: 0.0021770 seconds, Stopping threads took: 0.0007370 seconds
221.520: Application time: 0.0403620 seconds
221.521: [GC221.521: [ParNew: 16046K->1576K(16640K), 0.0006630 secs] 44198K->29727K(55552K), 0.0006980 secs] [Times: user=0.01 sys=0.00, real=0.01 secs] 
221.521: Total time for which application threads were stopped: 0.0008420 seconds, Stopping threads took: 0.0000850 seconds
221.557: Application time: 0.0362400 seconds
221.558: [GC221.558: [ParNew: 16058K->1576K(16640K), 0.0012800 secs] 44209K->31292K(55552K), 0.0013200 secs] [Times: user=0.01 sys=0.00, real=0.00 secs] 
221.559: Total time for which application threads were stopped: 0.0014480 seconds, Stopping threads took: 0.0000610 seconds
221.598: Application time: 0.0394610 seconds
221.598: [GC221.599: [ParNew: 16070K->1578K(16640K), 0.0007170 secs] 45787K->31322K(55552K), 0.0007490 secs] [Times: user=0.01 sys=0.00, real=0.00 secs] 
221.599: Total time for which application threads were stopped: 0.0008750 seconds, Stopping threads took: 0.0000670 seconds
221.636: Application time: 0.0366310 seconds
221.636: [GC221.636: [ParNew: 15984K->1546K(16640K), 0.0010090 secs] 45728K->32343K(55552K), 0.0010450 secs] [Times: user=0.01 sys=0.00, real=0.00 secs] 
221.637: Total time for which application threads were stopped: 0.0011860 seconds, Stopping threads took: 0.0000660 seconds
221.677: Application time: 0.0395170 seconds
221.677: [GC221.677: [ParNew: 15960K->1546K(16640K), 0.0006750 secs] 46757K->32343K(55552K), 0.0007100 secs] [Times: user=0.00 sys=0.00, real=0.00 secs] 
221.677: Total time for which application threads were stopped: 0.0008450 seconds, Stopping threads took: 0.0000730 seconds
221.715: Application time: 0.0371840 seconds
221.715: [GC221.715: [ParNew: 16032K->1576K(16640K), 0.0009960 secs] 46829K->32885K(55552K), 0.0010340 secs] [Times: user=0.01 sys=0.00, real=0.00 secs] 
221.716: Total time for which application threads were stopped: 0.0011680 seconds, Stopping threads took: 0.0000680 seconds
221.755: Application time: 0.0397020 seconds
221.756: [GC221.756: [ParNew: 15990K->1030K(16640K), 0.0006190 secs] 47299K->32367K(55552K), 0.0006510 secs] [Times: user=0.01 sys=0.00, real=0.00 secs] 
221.756: Total time for which application threads were stopped: 0.0008050 seconds, Stopping threads took: 0.0001010 seconds
221.791: Application time: 0.0351780 seconds
221.792: [GC221.792: [ParNew: 15435K->1546K(16640K), 0.0008430 secs] 46773K->33395K(55552K), 0.0008790 secs] [Times: user=0.00 sys=0.00, real=0.00 secs] 
221.792: Total time for which application threads were stopped: 0.0010060 seconds, Stopping threads took: 0.0000640 seconds
221.833: Application time: 0.0405060 seconds
221.833: [GC221.833: [ParNew: 15962K->524K(16640K), 0.0003930 secs] 47812K->32373K(55552K), 0.0004240 secs] [Times: user=0.01 sys=0.00, real=0.00 secs] 
221.834: Total time for which application threads were stopped: 0.0005790 seconds, Stopping threads took: 0.0000990 seconds
221.867: Application time: 0.0337270 seconds
221.867: [GC221.867: [ParNew: 14927K->1548K(16640K), 0.0007940 secs] 46777K->33909K(55552K), 0.0008280 secs] [Times: user=0.00 sys=0.00, real=0.00 secs] 
221.868: Total time for which application threads were stopped: 0.0009510 seconds, Stopping threads took: 0.0000600 seconds
221.908: Application time: 0.0401270 seconds
221.908: [GC221.908: [ParNew: 16038K->1578K(16640K), 0.0006720 secs] 48400K->33940K(55552K), 0.0007040 secs] [Times: user=0.01 sys=0.00, real=0.01 secs] 
221.909: Total time for which application threads were stopped: 0.0008180 seconds, Stopping threads took: 0.0000550 seconds
221.947: Application time: 0.0380000 seconds
221.947: [GC221.947: [ParNew: 15988K->1548K(16640K), 0.0007520 secs] 48350K->33938K(55552K), 0.0007860 secs] [Times: user=0.00 sys=0.00, real=0.00 secs] 
221.948: Total time for which application threads were stopped: 0.0009050 seconds, Stopping threads took: 0.0000570 seconds
221.986: Application time: 0.0375940 seconds
221.986: [GC221.986: [ParNew: 15958K->1546K(16640K), 0.0006500 secs] 48348K->33936K(55552K), 0.0006850 secs] [Times: user=0.01 sys=0.00, real=0.00 secs] 
221.987: Total time for which application threads were stopped: 0.0008220 seconds, Stopping threads took: 0.0000680 seconds
222.024: Application time: 0.0369840 seconds
222.024: [GC222.024: [ParNew: 16034K->1576K(16640K), 0.0009440 secs] 48424K->34478K(55552K), 0.0009800 secs] [Times: user=0.00 sys=0.00, real=0.00 secs] 
222.025: Total time for which application threads were stopped: 0.0011310 seconds, Stopping threads took: 0.0000890 seconds
222.064: Application time: 0.0397070 seconds
222.064: [GC222.064: [ParNew: 16068K->1062K(16640K), 0.0006850 secs] 48970K->33993K(55552K), 0.0007160 secs] [Times: user=0.01 sys=0.00, real=0.00 secs] 
222.065: Total time for which application threads were stopped: 0.0008290 seconds, Stopping threads took: 0.0000550 seconds
222.100: Application time: 0.0344740 seconds
222.100: [GC222.100: [ParNew: 15463K->1548K(16640K), 0.0012200 secs] 48394K->36043K(55552K), 0.0012610 secs] [Times: user=0.01 sys=0.00, real=0.01 secs] 
222.101: Total time for which application threads were stopped: 0.0014100 seconds, Stopping threads took: 0.0000820 seconds
222.141: Application time: 0.0397580 seconds
222.141: [GC222.141: [ParNew: 16046K->1064K(16640K), 0.0004700 secs] 50542K->35559K(55552K), 0.0005080 secs] [Times: user=0.00 sys=0.00, real=0.00 secs] 
222.141: Total time for which application threads were stopped: 0.0006390 seconds, Stopping threads took: 0.0000770 seconds
222.176: Application time: 0.0344330 seconds
222.176: [GC222.176: [ParNew: 15466K->1550K(16640K), 0.0011820 secs] 49961K->37610K(55552K), 0.0012220 secs] [Times: user=0.01 sys=0.00, real=0.00 secs] 
222.177: Total time for which application threads were stopped: 0.0013740 seconds, Stopping threads took: 0.0000870 seconds
222.177: Application time: 0.0000770 seconds
222.178: [GC [1 CMS-initial-mark: 36060K(38912K)] 38122K(55552K), 0.0001050 secs] [Times: user=0.00 sys=0.00, real=0.00 secs] 
222.178: Total time for which application threads were stopped: 0.0003360 seconds, Stopping threads took: 0.0002130 seconds
222.178: [CMS-concurrent-mark-start]
222.184: [CMS-concurrent-mark: 0.006/0.006 secs] [Times: user=0.03 sys=0.00, real=0.01 secs] 
222.184: [CMS-concurrent-preclean-start]
222.184: [CMS-concurrent-preclean: 0.000/0.000 secs] [Times: user=0.00 sys=0.00, real=0.00 secs] 
222.184: Application time: 0.0063850 seconds
222.189: [GC[YG occupancy: 3112 K (16640 K)]222.189: [Rescan (parallel) , 0.0001760 secs]222.189: [weak refs processing, 0.0000070 secs]222.189: [scrub string table, 0.0001050 secs] [1 CMS-remark: 36060K(38912K)] 39172K(55552K), 0.0003140 secs] [Times: user=0.00 sys=0.00, real=0.00 secs] 
222.189: Total time for which application threads were stopped: 0.0049350 seconds, Stopping threads took: 0.0045870 seconds
222.189: [CMS-concurrent-sweep-start]
222.190: [CMS-concurrent-sweep: 0.001/0.001 secs] [Times: user=0.00 sys=0.00, real=0.00 secs] 
222.190: [CMS-concurrent-reset-start]
222.190: [CMS-concurrent-reset: 0.000/0.000 secs] [Times: user=0.00 sys=0.00, real=0.00 secs] 
222.223: Application time: 0.0340640 seconds
222.223: [GC222.223: [ParNew: 16040K->1578K(16640K), 0.0010300 secs] 23143K->9704K(55552K), 0.0010700 secs] [Times: user=0.01 sys=0.00, real=0.00 secs] 
222.224: Total time for which application threads were stopped: 0.0012060 seconds, Stopping threads took: 0.0000690 seconds
222.265: Application time: 0.0406940 seconds
222.265: [GC222.265: [ParNew: 16076K->548K(16640K), 0.0004660 secs] 24203K->8703K(55552K), 0.0004960 secs] [Times: user=0.00 sys=0.00, real=0.00 secs] 
222.266: Total time for which application threads were stopped: 0.0006070 seconds, Stopping threads took: 0.0000550 seconds
222.300: Application time: 0.0348400 seconds
222.301: [GC222.301: [ParNew: 14951K->1576K(16640K), 0.0008010 secs] 23107K->10243K(55552K), 0.0008330 secs] [Times: user=0.01 sys=0.00, real=0.00 secs] 
222.301: Total time for which application threads were stopped: 0.0009780 seconds, Stopping threads took: 0.0000860 seconds
222.341: Application time: 0.0392730 seconds
222.341: [GC222.341: [ParNew: 16066K->1580K(16640K), 0.0008830 secs] 24733K->10787K(55552K), 0.0009220 secs] [Times: user=0.00 sys=0.00, real=0.00 secs] 
222.342: Total time for which application threads were stopped: 0.0011340 seconds, Stopping threads took: 0.0001480 seconds
222.380: Application time: 0.0386400 seconds
222.381: [GC222.381: [ParNew: 16046K->572K(16640K), 0.0004000 secs] 25254K->9808K(55552K), 0.0004310 secs] [Times: user=0.00 sys=0.00, real=0.00 secs] 
222.381: Total time for which application threads were stopped: 0.0005460 seconds, Stopping threads took: 0.0000600 seconds
222.418: Application time: 0.0367050 seconds
222.418: [GC222.418: [ParNew: 15006K->1576K(16640K), 0.0007300 secs] 24242K->10812K(55552K), 0.0007640 secs] [Times: user=0.00 sys=0.00, real=0.00 secs] 
222.419: Total time for which application threads were stopped: 0.0008820 seconds, Stopping threads took: 0.0000570 seconds
222.454: Application time: 0.0355460 seconds
222.454: [GC222.454: [ParNew: 15982K->1548K(16640K), 0.0010960 secs] 25218K->11836K(55552K), 0.0011370 secs] [Times: user=0.01 sys=0.00, real=0.00 secs] 
222.455: Total time for which application threads were stopped: 0.0012720 seconds, Stopping threads took: 0.0000770 seconds
222.495: Application time: 0.0400020 seconds
222.496: [GC222.496: [ParNew: 15964K->1036K(16640K), 0.0005470 secs] 26253K->11324K(55552K), 0.0005880 secs] [Times: user=0.00 sys=0.00, real=0.00 secs] 
222.496: Total time for which application threads were stopped: 0.0007230 seconds, Stopping threads took: 0.0000690 seconds
222.531: Application time: 0.0345050 seconds
222.531: [GC222.531: [ParNew: 15438K->1548K(16640K), 0.0012210 secs] 25726K->13373K(55552K), 0.0012610 secs] [Times: user=0.01 sys=0.00, real=0.00 secs] 
222.532: Total time for which application threads were stopped: 0.0014030 seconds, Stopping threads took: 0.0000750 seconds
222.573: Application time: 0.0407600 seconds
222.573: [GC222.573: [ParNew: 15966K->1034K(16640K), 0.0004970 secs] 27791K->12858K(55552K), 0.0005280 secs] [Times: user=0.01 sys=0.00, real=0.00 secs] 
222.573: Total time for which application threads were stopped: 0.0006410 seconds, Stopping threads took: 0.0000560 seconds
222.610: Application time: 0.0362850 seconds
222.610: [GC222.610: [ParNew: 15518K->1578K(16640K), 0.0008040 secs] 27343K->13915K(55552K), 0.0008380 secs] [Times: user=0.01 sys=0.00, real=0.00 secs] 
222.611: Total time for which application threads were stopped: 0.0009690 seconds, Stopping threads took: 0.0000690 seconds
222.651: Application time: 0.0403060 seconds
222.651: [GC222.651: [ParNew: 15992K->1036K(16640K), 0.0005360 secs] 28329K->13401K(55552K), 0.0005690 secs] [Times: user=0.01 sys=0.00, real=0.00 secs] 
222.652: Total time for which application threads were stopped: 0.0007030 seconds, Stopping threads took: 0.0000750 seconds
222.688: Application time: 0.0363820 seconds
222.688: [GC222.688: [ParNew: 15442K->1546K(16640K), 0.0008620 secs] 27807K->14423K(55552K), 0.0009000 secs] [Times: user=0.00 sys=0.00, real=0.01 secs] 
222.689: Total time for which application threads were stopped: 0.0010300 seconds, Stopping threads took: 0.0000670 seconds
222.727: Application time: 0.0379430 seconds
222.727: [GC222.727: [ParNew: 16040K->550K(16640K), 0.0003940 secs] 28918K->13427K(55552K), 0.0004260 secs] [Times: user=0.00 sys=0.00, real=0.00 secs] 
222.728: Total time for which application threads were stopped: 0.0006680 seconds, Stopping threads took: 0.0001880 seconds
222.765: Application time: 0.0369580 seconds
222.765: [GC222.765: [ParNew: 15036K->1606K(16640K), 0.0007590 secs] 27913K->14483K(55552K), 0.0007910 secs] [Times: user=0.00 sys=0.00, real=0.00 secs] 
222.766: Total time for which application threads were stopped: 0.0009300 seconds, Stopping threads took: 0.0000820 seconds
222.802: Application time: 0.0367000 seconds
222.802: [GC222.802: [ParNew: 16014K->1548K(16640K), 0.0009000 secs] 28891K->14994K(55552K), 0.0009360 secs] [Times: user=0.01 sys=0.00, real=0.00 secs] 
222.803: Total time for which application threads were stopped: 0.0010620 seconds, Stopping threads took: 0.0000600 seconds
222.841: Application time: 0.0379080 seconds
222.841: [GC222.841: [ParNew: 15958K->1548K(16640K), 0.0008090 secs] 29404K->15506K(55552K), 0.0008440 secs] [Times: user=0.01 sys=0.00, real=0.00 secs] 
222.842: Total time for which application threads were stopped: 0.0009900 seconds, Stopping threads took: 0.0000850 seconds
222.882: Application time: 0.0393290 seconds
222.882: [GC222.882: [ParNew: 16038K->1576K(16640K), 0.0007210 secs] 29996K->15534K(55552K), 0.0007540 secs] [Times: user=0.01 sys=0.00, real=0.00 secs] 
222.883: Total time for which application threads were stopped: 0.0009730 seconds, Stopping threads took: 0.0001600 seconds
222.921: Application time: 0.0384720 seconds
222.921: [GC222.921: [ParNew: 15984K->1032K(16640K), 0.0005650 secs] 29942K->15019K(55552K), 0.0005980 secs] [Times: user=0.00 sys=0.00, real=0.00 secs] 
222.922: Total time for which application threads were stopped: 0.0008590 seconds, Stopping threads took: 0.0002050 seconds
222.959: Application time: 0.0372560 seconds
222.959: [GC222.959: [ParNew: 15598K->1608K(16640K), 0.0008210 secs] 29585K->16107K(55552K), 0.0008570 secs] [Times: user=0.01 sys=0.00, real=0.00 secs] 
222.960: Total time for which application threads were stopped: 0.0010140 seconds, Stopping threads took: 0.0000860 seconds
222.999: Application time: 0.0392300 seconds
223.000: [GC223.000: [ParNew: 16022K->1032K(16640K), 0.0006150 secs] 30521K->15588K(55552K), 0.0006460 secs] [Times: user=0.00 sys=0.00, real=0.00 secs] 
223.000: Total time for which application threads were stopped: 0.0007930 seconds, Stopping threads took: 0.0000830 seconds
223.036: Application time: 0.0357660 seconds
223.036: [GC223.036: [ParNew: 15516K->1578K(16640K), 0.0008280 secs] 30072K->16646K(55552K), 0.0008620 secs] [Times: user=0.00 sys=0.00, real=0.00 secs] 
223.037: Total time for which application threads were stopped: 0.0009920 seconds, Stopping threads took: 0.0000690 seconds
223.074: Application time: 0.0372010 seconds
223.074: [GC223.074: [ParNew: 15986K->1550K(16640K), 0.0009970 secs] 31054K->17670K(55552K), 0.0010360 secs] [Times: user=0.01 sys=0.00, real=0.00 secs] 
223.075: Total time for which application threads were stopped: 0.0011730 seconds, Stopping threads took: 0.0000730 seconds
223.111: Application time: 0.0357860 seconds
223.111: [GC223.111: [ParNew: 16044K->1576K(16640K), 0.0006730 secs] 32165K->17696K(55552K), 0.0007050 secs] [Times: user=0.00 sys=0.00, real=0.00 secs] 
223.112: Total time for which application threads were stopped: 0.0008400 seconds, Stopping threads took: 0.0000770 seconds
223.146: Application time: 0.0341140 seconds
223.146: [GC223.146: [ParNew: 15982K->1548K(16640K), 0.0010130 secs] 32102K->18721K(55552K), 0.0010500 secs] [Times: user=0.01 sys=0.00, real=0.00 secs] 
223.147: Total time for which application threads were stopped: 0.0011680 seconds, Stopping threads took: 0.0000570 seconds
223.183: Application time: 0.0360960 seconds
223.184: [GC223.184: [ParNew: 15962K->1546K(16640K), 0.0006970 secs] 33135K->18719K(55552K), 0.0007280 secs] [Times: user=0.00 sys=0.00, real=0.00 secs] 
223.184: Total time for which application threads were stopped: 0.0008540 seconds, Stopping threads took: 0.0000680 seconds
223.217: Application time: 0.0323200 seconds
223.217: [GC223.217: [ParNew: 15952K->1548K(16640K), 0.0009910 secs] 33125K->19745K(55552K), 0.0010240 secs] [Times: user=0.01 sys=0.00, real=0.00 secs] 
223.218: Total time for which application threads were stopped: 0.0011460 seconds, Stopping threads took: 0.0000600 seconds
223.256: Application time: 0.0382470 seconds
223.256: [GC223.256: [ParNew: 15962K->1546K(16640K), 0.0009150 secs] 34159K->19743K(55552K), 0.0009480 secs] [Times: user=0.00 sys=0.00, real=0.00 secs] 
223.257: Total time for which application threads were stopped: 0.0010690 seconds, Stopping threads took: 0.0000680 seconds
223.291: Application time: 0.0334750 seconds
223.291: [GC223.291: [ParNew: 16030K->1578K(16640K), 0.0010350 secs] 34227K->20799K(55552K), 0.0010710 secs] [Times: user=0.01 sys=0.00, real=0.00 secs] 
223.292: Total time for which application threads were stopped: 0.0012020 seconds, Stopping threads took: 0.0000670 seconds
223.327: Application time: 0.0353700 seconds
223.327: [GC223.327: [ParNew: 15992K->1544K(16640K), 0.0008290 secs] 35213K->20793K(55552K), 0.0008600 secs] [Times: user=0.00 sys=0.00, real=0.00 secs] 
223.328: Total time for which application threads were stopped: 0.0009730 seconds, Stopping threads took: 0.0000550 seconds
223.362: Application time: 0.0337200 seconds
223.362: [GC223.362: [ParNew: 15952K->1546K(16640K), 0.0008820 secs] 35201K->21307K(55552K), 0.0009120 secs] [Times: user=0.01 sys=0.00, real=0.00 secs] 
223.363: Total time for which application threads were stopped: 0.0010260 seconds, Stopping threads took: 0.0000570 seconds
223.399: Application time: 0.0360960 seconds
223.399: [GC223.399: [ParNew: 16038K->1062K(16640K), 0.0005690 secs] 35800K->20823K(55552K), 0.0005990 secs] [Times: user=0.00 sys=0.00, real=0.00 secs] 
223.400: Total time for which application threads were stopped: 0.0007220 seconds, Stopping threads took: 0.0000690 seconds
223.433: Application time: 0.0329420 seconds
223.433: [GC223.433: [ParNew: 15468K->1548K(16640K), 0.0009570 secs] 35229K->21850K(55552K), 0.0010000 secs] [Times: user=0.01 sys=0.00, real=0.00 secs] 
223.434: Total time for which application threads were stopped: 0.0011540 seconds, Stopping threads took: 0.0000940 seconds
223.471: Application time: 0.0371590 seconds
223.473: [GC223.473: [ParNew: 16042K->1064K(16640K), 0.0006320 secs] 36344K->21366K(55552K), 0.0006600 secs] [Times: user=0.00 sys=0.00, real=0.00 secs] 
223.473: Total time for which application threads were stopped: 0.0023810 seconds, Stopping threads took: 0.0016670 seconds
223.506: Application time: 0.0328740 seconds
223.506: [GC223.506: [ParNew: 15466K->1548K(16640K), 0.0011720 secs] 35768K->23414K(55552K), 0.0012070 secs] [Times: user=0.01 sys=0.00, real=0.00 secs] 
223.508: Total time for which application threads were stopped: 0.0013490 seconds, Stopping threads took: 0.0000750 seconds
223.546: Application time: 0.0380950 seconds
223.546: [GC223.546: [ParNew: 16046K->1064K(16640K), 0.0005440 secs] 37913K->22931K(55552K), 0.0005770 secs] [Times: user=0.01 sys=0.00, real=0.00 secs] 
223.546: Total time for which application threads were stopped: 0.0006920 seconds, Stopping threads took: 0.0000590 seconds
223.578: Application time: 0.0316630 seconds
223.578: [GC223.578: [ParNew: 15468K->1548K(16640K), 0.0010510 secs] 37334K->24467K(55552K), 0.0010870 secs] [Times: user=0.01 sys=0.00, real=0.00 secs] 
223.579: Total time for which application threads were stopped: 0.0012130 seconds, Stopping threads took: 0.0000650 seconds
223.616: Application time: 0.0370250 seconds
223.616: [GC223.616: [ParNew: 16123K->1090K(16640K), 0.0005580 secs] 39042K->24009K(55552K), 0.0005890 secs] [Times: user=0.00 sys=0.00, real=0.00 secs] 
223.617: Total time for which application threads were stopped: 0.0007190 seconds, Stopping threads took: 0.0000760 seconds
223.651: Application time: 0.0340240 seconds
223.651: [GC223.651: [ParNew: 15494K->1548K(16640K), 0.0010490 secs] 38413K->25548K(55552K), 0.0010860 secs] [Times: user=0.01 sys=0.00, real=0.00 secs] 
223.652: Total time for which application threads were stopped: 0.0012220 seconds, Stopping threads took: 0.0000720 seconds
223.687: Application time: 0.0350580 seconds
223.687: [GC223.687: [ParNew: 15958K->1548K(16640K), 0.0010070 secs] 39958K->26572K(55552K), 0.0010420 secs] [Times: user=0.00 sys=0.00, real=0.00 secs] 
223.688: Total time for which application threads were stopped: 0.0011870 seconds, Stopping threads took: 0.0000840 seconds
223.725: Application time: 0.0370240 seconds
223.726: [GC223.726: [ParNew: 16044K->1062K(16640K), 0.0004780 secs] 41069K->26086K(55552K), 0.0005090 secs] [Times: user=0.00 sys=0.00, real=0.00 secs] 
223.726: Total time for which application threads were stopped: 0.0007570 seconds, Stopping threads took: 0.0001930 seconds
223.760: Application time: 0.0333250 seconds
223.760: [GC223.760: [ParNew: 15546K->1576K(16640K), 0.0009020 secs] 40570K->27141K(55552K), 0.0009360 secs] [Times: user=0.00 sys=0.00, real=0.01 secs] 
223.761: Total time for which application threads were stopped: 0.0010530 seconds, Stopping threads took: 0.0000560 seconds
223.797: Application time: 0.0363950 seconds
223.797: [GC223.797: [ParNew: 15988K->1546K(16640K), 0.0006570 secs] 41553K->27139K(55552K), 0.0006900 secs] [Times: user=0.01 sys=0.00, real=0.00 secs] 
223.798: Total time for which application threads were stopped: 0.0008290 seconds, Stopping threads took: 0.0000800 seconds
223.833: Application time: 0.0350640 seconds
223.833: [GC223.833: [ParNew: 15954K->1548K(16640K), 0.0008700 secs] 41547K->27653K(55552K), 0.0009020 secs] [Times: user=0.01 sys=0.00, real=0.00 secs] 
223.834: Total time for which application threads were stopped: 0.0010260 seconds, Stopping threads took: 0.0000640 seconds
223.869: Application time: 0.0354350 seconds
223.869: [GC223.870: [ParNew: 15958K->1548K(16640K), 0.0006360 secs] 42063K->27653K(55552K), 0.0006670 secs] [Times: user=0.00 sys=0.00, real=0.00 secs] 
223.870: Total time for which application threads were stopped: 0.0008060 seconds, Stopping threads took: 0.0000830 seconds
223.904: Application time: 0.0339850 seconds
223.904: [GC223.904: [ParNew: 15958K->1548K(16640K), 0.0009010 secs] 42063K->28165K(55552K), 0.0009440 secs] [Times: user=0.00 sys=0.00, real=0.00 secs] 
223.905: Total time for which application threads were stopped: 0.0010620 seconds, Stopping threads took: 0.0000570 seconds
223.941: Application time: 0.0358020 seconds
223.941: [GC223.941: [ParNew: 16038K->1576K(16640K), 0.0011290 secs] 42656K->28193K(55552K), 0.0011620 secs] [Times: user=0.01 sys=0.00, real=0.00 secs] 
223.942: Total time for which application threads were stopped: 0.0012910 seconds, Stopping threads took: 0.0000700 seconds
223.975: Application time: 0.0329240 seconds
223.975: [GC223.975: [ParNew: 15982K->1548K(16640K), 0.0009900 secs] 42599K->29218K(55552K), 0.0010270 secs] [Times: user=0.00 sys=0.00, real=0.00 secs] 
223.976: Total time for which application threads were stopped: 0.0011520 seconds, Stopping threads took: 0.0000630 seconds
224.014: Application time: 0.0371760 seconds
224.014: [GC224.014: [ParNew: 15964K->1030K(16640K), 0.0006040 secs] 43634K->28700K(55552K), 0.0006350 secs] [Times: user=0.01 sys=0.00, real=0.00 secs] 
224.014: Total time for which application threads were stopped: 0.0007500 seconds, Stopping threads took: 0.0000520 seconds
224.049: Application time: 0.0343600 seconds
224.049: [GC224.049: [ParNew: 15433K->1548K(16640K), 0.0010750 secs] 43104K->30242K(55552K), 0.0011090 secs] [Times: user=0.01 sys=0.00, real=0.00 secs] 
224.050: Total time for which application threads were stopped: 0.0012520 seconds, Stopping threads took: 0.0000800 seconds
224.085: Application time: 0.0347660 seconds
224.085: [GC224.085: [ParNew: 16042K->1576K(16640K), 0.0007380 secs] 44736K->30270K(55552K), 0.0007700 secs] [Times: user=0.00 sys=0.00, real=0.00 secs] 
224.086: Total time for which application threads were stopped: 0.0008820 seconds, Stopping threads took: 0.0000550 seconds
224.119: Application time: 0.0332040 seconds
224.119: [GC224.119: [ParNew: 15982K->1548K(16640K), 0.0010960 secs] 44676K->31294K(55552K), 0.0011360 secs] [Times: user=0.00 sys=0.00, real=0.00 secs] 
224.120: Total time for which application threads were stopped: 0.0013090 seconds, Stopping threads took: 0.0001080 seconds
224.156: Application time: 0.0359860 seconds
224.161: [GC224.161: [ParNew: 16042K->1578K(16640K), 0.0008350 secs] 45789K->31324K(55552K), 0.0008680 secs] [Times: user=0.00 sys=0.00, real=0.00 secs] 
224.162: Total time for which application threads were stopped: 0.0054110 seconds, Stopping threads took: 0.0044910 seconds
224.195: Application time: 0.0338230 seconds
224.196: [GC224.196: [ParNew: 15986K->1546K(16640K), 0.0008910 secs] 45732K->31833K(55552K), 0.0009330 secs] [Times: user=0.01 sys=0.00, real=0.00 secs] 
224.197: Total time for which application threads were stopped: 0.0012150 seconds, Stopping threads took: 0.0002190 seconds
224.231: Application time: 0.0346810 seconds
224.231: [GC224.231: [ParNew: 16034K->1578K(16640K), 0.0008780 secs] 46321K->32377K(55552K), 0.0009100 secs] [Times: user=0.00 sys=0.00, real=0.00 secs] 
224.232: Total time for which application threads were stopped: 0.0010570 seconds, Stopping threads took: 0.0000880 seconds
224.269: Application time: 0.0369120 seconds
224.269: [GC224.269: [ParNew: 16070K->1576K(16640K), 0.0007410 secs] 46869K->32403K(55552K), 0.0007740 secs] [Times: user=0.00 sys=0.00, real=0.00 secs] 
224.270: Total time for which application threads were stopped: 0.0009020 seconds, Stopping threads took: 0.0000700 seconds
224.304: Application time: 0.0336580 seconds
224.304: [GC224.304: [ParNew: 16062K->1578K(16640K), 0.0008680 secs] 46890K->32946K(55552K), 0.0009010 secs] [Times: user=0.01 sys=0.00, real=0.00 secs] 
224.305: Total time for which application threads were stopped: 0.0010370 seconds, Stopping threads took: 0.0000760 seconds
224.340: Application time: 0.0348640 seconds
224.340: [GC224.340: [ParNew: 15988K->1546K(16640K), 0.0008300 secs] 47356K->33454K(55552K), 0.0008660 secs] [Times: user=0.01 sys=0.00, real=0.01 secs] 
224.341: Total time for which application threads were stopped: 0.0009910 seconds, Stopping threads took: 0.0000560 seconds
224.375: Application time: 0.0341910 seconds
224.375: [GC224.375: [ParNew: 15960K->1032K(16640K), 0.0004740 secs] 47869K->32940K(55552K), 0.0005050 secs] [Times: user=0.00 sys=0.00, real=0.00 secs] 
224.376: Total time for which application threads were stopped: 0.0006390 seconds, Stopping threads took: 0.0000810 seconds
224.410: Application time: 0.0346600 seconds
224.410: [GC224.410: [ParNew: 15596K->1606K(16640K), 0.0007190 secs] 47505K->33515K(55552K), 0.0007520 secs] [Times: user=0.01 sys=0.00, real=0.00 secs] 
224.411: Total time for which application threads were stopped: 0.0009360 seconds, Stopping threads took: 0.0001260 seconds
224.447: Application time: 0.0358660 seconds
224.447: [GC224.447: [ParNew: 16020K->1036K(16640K), 0.0006200 secs] 47929K->33001K(55552K), 0.0006530 secs] [Times: user=0.00 sys=0.00, real=0.00 secs] 
224.448: Total time for which application threads were stopped: 0.0007670 seconds, Stopping threads took: 0.0000580 seconds
224.481: Application time: 0.0329080 seconds
224.481: [GC224.481: [ParNew: 15437K->1550K(16640K), 0.0011610 secs] 47403K->35052K(55552K), 0.0012000 secs] [Times: user=0.00 sys=0.00, real=0.00 secs] 
224.482: Total time for which application threads were stopped: 0.0013320 seconds, Stopping threads took: 0.0000670 seconds
224.520: Application time: 0.0376120 seconds
224.520: [GC224.520: [ParNew: 15966K->1548K(16640K), 0.0006650 secs] 49468K->35050K(55552K), 0.0006970 secs] [Times: user=0.01 sys=0.00, real=0.00 secs] 
224.520: Total time for which application threads were stopped: 0.0008280 seconds, Stopping threads took: 0.0000630 seconds
224.553: Application time: 0.0324160 seconds
224.553: [GC224.553: [ParNew: 15952K->1550K(16640K), 0.0012350 secs] 49454K->36588K(55552K), 0.0012720 secs] [Times: user=0.00 sys=0.00, real=0.00 secs] 
224.554: Total time for which application threads were stopped: 0.0014060 seconds, Stopping threads took: 0.0000700 seconds
224.591: Application time: 0.0368680 seconds
224.591: [GC224.591: [ParNew: 16042K->1574K(16640K), 0.0008110 secs] 51080K->37124K(55552K), 0.0008440 secs] [Times: user=0.01 sys=0.00, real=0.00 secs] 
224.592: Total time for which application threads were stopped: 0.0009800 seconds, Stopping threads took: 0.0000750 seconds
224.627: Application time: 0.0352150 seconds
224.627: [GC224.628: [ParNew: 15988K->1034K(16640K), 0.0005460 secs] 51538K->36612K(55552K), 0.0005750 secs] [Times: user=0.00 sys=0.00, real=0.00 secs] 
224.628: Total time for which application threads were stopped: 0.0007670 seconds, Stopping threads took: 0.0001370 seconds
224.663: Application time: 0.0345930 seconds
224.663: [GC224.663: [ParNew: 15442K->1550K(16640K), 0.0006320 secs] 51020K->37128K(55552K), 0.0006650 secs] [Times: user=0.00 sys=0.00, real=0.00 secs] 
224.664: Total time for which application threads were stopped: 0.0008890 seconds, Stopping threads took: 0.0001670 seconds
224.697: Application time: 0.0337750 seconds
224.697: [GC224.697: [ParNew: 16036K->1578K(16640K), 0.0008430 secs] 51614K->37668K(55552K), 0.0008760 secs] [Times: user=0.01 sys=0.00, real=0.00 secs] 
224.698: Total time for which application threads were stopped: 0.0010180 seconds, Stopping threads took: 0.0000810 seconds
224.698: Application time: 0.0000600 seconds
224.699: [GC [1 CMS-initial-mark: 36090K(38912K)] 38180K(55552K), 0.0000980 secs] [Times: user=0.00 sys=0.00, real=0.00 secs] 
224.699: Total time for which application threads were stopped: 0.0003260 seconds, Stopping threads took: 0.0002090 seconds
224.699: [CMS-concurrent-mark-start]
224.701: [CMS-concurrent-mark: 0.002/0.002 secs] [Times: user=0.01 sys=0.00, real=0.01 secs] 
224.701: [CMS-concurrent-preclean-start]
224.701: [CMS-concurrent-preclean: 0.000/0.000 secs] [Times: user=0.00 sys=0.00, real=0.00 secs] 
224.701: Application time: 0.0022770 seconds
224.701: [GC[YG occupancy: 2094 K (16640 K)]224.701: [Rescan (parallel) , 0.0001580 secs]224.701: [weak refs processing, 0.0000140 secs]224.701: [scrub string table, 0.0000930 secs] [1 CMS-remark: 36090K(38912K)] 38184K(55552K), 0.0002870 secs] [Times: user=0.00 sys=0.00, real=0.00 secs] 
224.701: Total time for which application threads were stopped: 0.0003570 seconds, Stopping threads took: 0.0000480 seconds
224.701: [CMS-concurrent-sweep-start]
224.702: [CMS-concurrent-sweep: 0.001/0.001 secs] [Times: user=0.00 sys=0.00, real=0.00 secs] 
224.702: [CMS-concurrent-reset-start]
224.702: [CMS-concurrent-reset: 0.000/0.000 secs] [Times: user=0.00 sys=0.00, real=0.00 secs] 
224.736: Application time: 0.0349010 seconds
224.736: [GC224.736: [ParNew: 15990K->1546K(16640K), 0.0007350 secs] 22042K->7626K(55552K), 0.0007680 secs] [Times: user=0.01 sys=0.00, real=0.00 secs] 
224.737: Total time for which application threads were stopped: 0.0009090 seconds, Stopping threads took: 0.0000820 seconds
224.771: Application time: 0.0339740 seconds
224.771: [GC224.771: [ParNew: 15954K->1544K(16640K), 0.0007890 secs] 22034K->8136K(55552K), 0.0008240 secs] [Times: user=0.01 sys=0.00, real=0.00 secs] 
224.772: Total time for which application threads were stopped: 0.0009460 seconds, Stopping threads took: 0.0000590 seconds
224.808: Application time: 0.0362490 seconds
224.808: [GC224.809: [ParNew: 16032K->1576K(16640K), 0.0010380 secs] 22625K->8680K(55552K), 0.0010740 secs] [Times: user=0.00 sys=0.00, real=0.01 secs] 
224.810: Total time for which application threads were stopped: 0.0011910 seconds, Stopping threads took: 0.0000620 seconds
224.845: Application time: 0.0349510 seconds
224.845: [GC224.845: [ParNew: 15988K->1546K(16640K), 0.0007550 secs] 23093K->8679K(55552K), 0.0007860 secs] [Times: user=0.01 sys=0.00, real=0.00 secs] 
224.845: Total time for which application threads were stopped: 0.0009000 seconds, Stopping threads took: 0.0000560 seconds
224.880: Application time: 0.0343150 seconds
224.880: [GC224.880: [ParNew: 16036K->1576K(16640K), 0.0007350 secs] 23169K->8709K(55552K), 0.0007670 secs] [Times: user=0.01 sys=0.00, real=0.01 secs] 
224.881: Total time for which application threads were stopped: 0.0009990 seconds, Stopping threads took: 0.0001750 seconds
224.916: Application time: 0.0351400 seconds
224.916: [GC224.916: [ParNew: 16068K->552K(16640K), 0.0003980 secs] 23201K->7713K(55552K), 0.0004280 secs] [Times: user=0.01 sys=0.00, real=0.00 secs] 
224.916: Total time for which application threads were stopped: 0.0005400 seconds, Stopping threads took: 0.0000600 seconds
224.949: Application time: 0.0329130 seconds
224.949: [GC224.949: [ParNew: 14953K->1578K(16640K), 0.0010940 secs] 22115K->9764K(55552K), 0.0011300 secs] [Times: user=0.01 sys=0.00, real=0.00 secs] 
224.951: Total time for which application threads were stopped: 0.0012570 seconds, Stopping threads took: 0.0000610 seconds
224.988: Application time: 0.0378620 seconds
224.989: [GC224.989: [ParNew: 16074K->1064K(16640K), 0.0005090 secs] 24260K->9278K(55552K), 0.0005380 secs] [Times: user=0.00 sys=0.00, real=0.00 secs] 
224.989: Total time for which application threads were stopped: 0.0006560 seconds, Stopping threads took: 0.0000670 seconds
225.020: Application time: 0.0306700 seconds
225.020: [GC225.020: [ParNew: 15466K->1548K(16640K), 0.0012170 secs] 23680K->11327K(55552K), 0.0012550 secs] [Times: user=0.00 sys=0.00, real=0.01 secs] 
225.021: Total time for which application threads were stopped: 0.0014190 seconds, Stopping threads took: 0.0000990 seconds
225.060: Application time: 0.0390510 seconds
225.060: [GC225.060: [ParNew: 16125K->1096K(16640K), 0.0005100 secs] 25904K->10875K(55552K), 0.0005400 secs] [Times: user=0.00 sys=0.00, real=0.01 secs] 
225.061: Total time for which application threads were stopped: 0.0006570 seconds, Stopping threads took: 0.0000560 seconds
225.094: Application time: 0.0327850 seconds
225.094: [GC225.094: [ParNew: 15500K->1548K(16640K), 0.0010120 secs] 25279K->12408K(55552K), 0.0010490 secs] [Times: user=0.00 sys=0.00, real=0.00 secs] 
225.095: Total time for which application threads were stopped: 0.0012020 seconds, Stopping threads took: 0.0000890 seconds
225.132: Application time: 0.0374080 seconds
225.132: [GC225.132: [ParNew: 15962K->1546K(16640K), 0.0007450 secs] 26822K->12406K(55552K), 0.0007860 secs] [Times: user=0.00 sys=0.01, real=0.00 secs] 
225.133: Total time for which application threads were stopped: 0.0009150 seconds, Stopping threads took: 0.0000700 seconds
225.164: Application time: 0.0311090 seconds
225.164: [GC225.165: [ParNew: 15950K->1548K(16640K), 0.0012610 secs] 26810K->13944K(55552K), 0.0012980 secs] [Times: user=0.00 sys=0.00, real=0.00 secs] 
225.166: Total time for which application threads were stopped: 0.0014400 seconds, Stopping threads took: 0.0000780 seconds
225.203: Application time: 0.0375440 seconds
225.203: [GC225.203: [ParNew: 15964K->1546K(16640K), 0.0007010 secs] 28360K->13942K(55552K), 0.0007330 secs] [Times: user=0.00 sys=0.00, real=0.00 secs] 
225.204: Total time for which application threads were stopped: 0.0008430 seconds, Stopping threads took: 0.0000520 seconds
225.237: Application time: 0.0328270 seconds
225.237: [GC225.237: [ParNew: 16030K->1578K(16640K), 0.0011240 secs] 28426K->14998K(55552K), 0.0011620 secs] [Times: user=0.01 sys=0.00, real=0.00 secs] 
225.238: Total time for which application threads were stopped: 0.0013210 seconds, Stopping threads took: 0.0000940 seconds
225.274: Application time: 0.0357680 seconds
225.274: [GC225.274: [ParNew: 15992K->1546K(16640K), 0.0006800 secs] 29412K->14994K(55552K), 0.0007150 secs] [Times: user=0.01 sys=0.00, real=0.00 secs] 
225.275: Total time for which application threads were stopped: 0.0008790 seconds, Stopping threads took: 0.0001040 seconds
225.310: Application time: 0.0345250 seconds
225.310: [GC225.310: [ParNew: 15956K->1548K(16640K), 0.0006510 secs] 29404K->14996K(55552K), 0.0006850 secs] [Times: user=0.01 sys=0.00, real=0.00 secs] 
225.310: Total time for which application threads were stopped: 0.0007930 seconds, Stopping threads took: 0.0000570 seconds
225.345: Application time: 0.0343260 seconds
225.345: [GC225.345: [ParNew: 16034K->1578K(16640K), 0.0008380 secs] 29483K->15538K(55552K), 0.0008710 secs] [Times: user=0.01 sys=0.00, real=0.00 secs] 
225.346: Total time for which application threads were stopped: 0.0009860 seconds, Stopping threads took: 0.0000580 seconds
225.381: Application time: 0.0356770 seconds
225.381: [GC225.381: [ParNew: 15990K->1548K(16640K), 0.0006700 secs] 29950K->15537K(55552K), 0.0007040 secs] [Times: user=0.01 sys=0.00, real=0.00 secs] 
225.382: Total time for which application threads were stopped: 0.0008150 seconds, Stopping threads took: 0.0000540 seconds
225.415: Application time: 0.0331460 seconds
225.415: [GC225.415: [ParNew: 15954K->1548K(16640K), 0.0009680 secs] 29943K->16561K(55552K), 0.0010050 secs] [Times: user=0.01 sys=0.00, real=0.00 secs] 
225.416: Total time for which application threads were stopped: 0.0011290 seconds, Stopping threads took: 0.0000610 seconds
225.453: Application time: 0.0370070 seconds
225.454: [GC225.454: [ParNew: 16042K->1576K(16640K), 0.0007270 secs] 31055K->16589K(55552K), 0.0007620 secs] [Times: user=0.00 sys=0.00, real=0.00 secs] 
225.454: Total time for which application threads were stopped: 0.0008830 seconds, Stopping threads took: 0.0000630 seconds
225.488: Application time: 0.0335460 seconds
225.488: [GC225.488: [ParNew: 15984K->1550K(16640K), 0.0008190 secs] 30997K->17103K(55552K), 0.0008520 secs] [Times: user=0.00 sys=0.00, real=0.01 secs] 
225.489: Total time for which application threads were stopped: 0.0009740 seconds, Stopping threads took: 0.0000630 seconds
225.525: Application time: 0.0361580 seconds
225.525: [GC225.525: [ParNew: 15960K->1546K(16640K), 0.0009080 secs] 31513K->17611K(55552K), 0.0009440 secs] [Times: user=0.01 sys=0.00, real=0.00 secs] 
225.526: Total time for which application threads were stopped: 0.0011380 seconds, Stopping threads took: 0.0001320 seconds
225.561: Application time: 0.0346190 seconds
225.561: [GC225.561: [ParNew: 16114K->1604K(16640K), 0.0006760 secs] 32180K->17669K(55552K), 0.0007100 secs] [Times: user=0.00 sys=0.00, real=0.00 secs] 
225.562: Total time for which application threads were stopped: 0.0008360 seconds, Stopping threads took: 0.0000550 seconds
225.595: Application time: 0.0336110 seconds
225.595: [GC225.595: [ParNew: 16008K->1548K(16640K), 0.0012180 secs] 32073K->19206K(55552K), 0.0012570 secs] [Times: user=0.01 sys=0.00, real=0.00 secs] 
225.597: Total time for which application threads were stopped: 0.0014010 seconds, Stopping threads took: 0.0000790 seconds
225.633: Application time: 0.0364010 seconds
225.633: [GC225.633: [ParNew: 16040K->1576K(16640K), 0.0006840 secs] 33699K->19234K(55552K), 0.0007170 secs] [Times: user=0.00 sys=0.00, real=0.00 secs] 
225.634: Total time for which application threads were stopped: 0.0008630 seconds, Stopping threads took: 0.0000870 seconds
225.670: Application time: 0.0362230 seconds
225.670: [GC225.670: [ParNew: 15992K->518K(16640K), 0.0003520 secs] 33651K->18205K(55552K), 0.0003800 secs] [Times: user=0.01 sys=0.00, real=0.00 secs] 
225.671: Total time for which application threads were stopped: 0.0005250 seconds, Stopping threads took: 0.0000930 seconds
225.704: Application time: 0.0338450 seconds
225.705: [GC225.705: [ParNew: 14998K->1578K(16640K), 0.0009900 secs] 32685K->20289K(55552K), 0.0010260 secs] [Times: user=0.01 sys=0.00, real=0.00 secs] 
225.706: Total time for which application threads were stopped: 0.0011580 seconds, Stopping threads took: 0.0000610 seconds
225.742: Application time: 0.0363880 seconds
225.742: [GC225.742: [ParNew: 16072K->1578K(16640K), 0.0007100 secs] 34784K->20318K(55552K), 0.0007450 secs] [Times: user=0.01 sys=0.00, real=0.00 secs] 
225.743: Total time for which application threads were stopped: 0.0008640 seconds, Stopping threads took: 0.0000590 seconds
225.777: Application time: 0.0343480 seconds
225.777: [GC225.777: [ParNew: 15990K->1030K(16640K), 0.0005220 secs] 34730K->19798K(55552K), 0.0005530 secs] [Times: user=0.01 sys=0.00, real=0.00 secs] 
225.778: Total time for which application threads were stopped: 0.0007350 seconds, Stopping threads took: 0.0001280 seconds
225.811: Application time: 0.0329060 seconds
225.811: [GC225.811: [ParNew: 15435K->1552K(16640K), 0.0007980 secs] 34204K->20832K(55552K), 0.0008310 secs] [Times: user=0.01 sys=0.00, real=0.00 secs] 
225.812: Total time for which application threads were stopped: 0.0009540 seconds, Stopping threads took: 0.0000670 seconds
225.848: Application time: 0.0359150 seconds
225.848: [GC225.848: [ParNew: 15964K->1546K(16640K), 0.0006990 secs] 35244K->20826K(55552K), 0.0007310 secs] [Times: user=0.00 sys=0.01, real=0.01 secs] 
225.849: Total time for which application threads were stopped: 0.0008580 seconds, Stopping threads took: 0.0000700 seconds
225.883: Application time: 0.0347810 seconds
225.883: [GC225.884: [ParNew: 16034K->1576K(16640K), 0.0006350 secs] 35314K->20856K(55552K), 0.0006660 secs] [Times: user=0.01 sys=0.00, real=0.00 secs] 
225.884: Total time for which application threads were stopped: 0.0007850 seconds, Stopping threads took: 0.0000620 seconds
225.918: Application time: 0.0335330 seconds
225.918: [GC225.918: [ParNew: 15984K->1548K(16640K), 0.0023120 secs] 35264K->21369K(55552K), 0.0023500 secs] [Times: user=0.01 sys=0.00, real=0.00 secs] 
225.920: Total time for which application threads were stopped: 0.0024860 seconds, Stopping threads took: 0.0000750 seconds
225.957: Application time: 0.0367440 seconds
225.957: [GC225.957: [ParNew: 15964K->520K(16640K), 0.0004080 secs] 35785K->20340K(55552K), 0.0004360 secs] [Times: user=0.00 sys=0.00, real=0.00 secs] 
225.958: Total time for which application threads were stopped: 0.0006570 seconds, Stopping threads took: 0.0001710 seconds
225.989: Application time: 0.0318960 seconds
225.990: [GC225.990: [ParNew: 15002K->1576K(16640K), 0.0008810 secs] 34823K->21909K(55552K), 0.0009160 secs] [Times: user=0.01 sys=0.00, real=0.00 secs] 
225.991: Total time for which application threads were stopped: 0.0010380 seconds, Stopping threads took: 0.0000570 seconds
226.026: Application time: 0.0357980 seconds
226.026: [GC226.026: [ParNew: 15988K->1546K(16640K), 0.0006880 secs] 36321K->21907K(55552K), 0.0007310 secs] [Times: user=0.00 sys=0.00, real=0.00 secs] 
226.027: Total time for which application threads were stopped: 0.0008460 seconds, Stopping threads took: 0.0000550 seconds
226.060: Application time: 0.0330770 seconds
226.060: [GC226.060: [ParNew: 15950K->1552K(16640K), 0.0011820 secs] 36311K->23449K(55552K), 0.0012200 secs] [Times: user=0.01 sys=0.00, real=0.01 secs] 
226.062: Total time for which application threads were stopped: 0.0013580 seconds, Stopping threads took: 0.0000790 seconds
226.098: Application time: 0.0363630 seconds
226.098: [GC226.098: [ParNew: 15968K->1546K(16640K), 0.0007320 secs] 37865K->23443K(55552K), 0.0007650 secs] [Times: user=0.01 sys=0.00, real=0.00 secs] 
226.099: Total time for which application threads were stopped: 0.0008890 seconds, Stopping threads took: 0.0000530 seconds
226.133: Application time: 0.0337730 seconds
226.133: [GC226.133: [ParNew: 16030K->1578K(16640K), 0.0010740 secs] 37927K->24499K(55552K), 0.0011060 secs] [Times: user=0.00 sys=0.00, real=0.00 secs] 
226.134: Total time for which application threads were stopped: 0.0012220 seconds, Stopping threads took: 0.0000560 seconds
226.169: Application time: 0.0354710 seconds
226.169: [GC226.169: [ParNew: 15990K->1546K(16640K), 0.0009000 secs] 38911K->25008K(55552K), 0.0009340 secs] [Times: user=0.00 sys=0.00, real=0.00 secs] 
226.170: Total time for which application threads were stopped: 0.0010620 seconds, Stopping threads took: 0.0000680 seconds
226.206: Application time: 0.0351990 seconds
226.206: [GC226.206: [ParNew: 16034K->1578K(16640K), 0.0008650 secs] 39496K->25552K(55552K), 0.0009000 secs] [Times: user=0.00 sys=0.00, real=0.00 secs] 
226.207: Total time for which application threads were stopped: 0.0010760 seconds, Stopping threads took: 0.0001150 seconds
226.242: Application time: 0.0351740 seconds
226.242: [GC226.242: [ParNew: 16070K->1578K(16640K), 0.0007410 secs] 40044K->25580K(55552K), 0.0007740 secs] [Times: user=0.01 sys=0.00, real=0.00 secs] 
226.243: Total time for which application threads were stopped: 0.0008930 seconds, Stopping threads took: 0.0000590 seconds
226.277: Application time: 0.0339370 seconds
226.277: [GC226.277: [ParNew: 15984K->1550K(16640K), 0.0010090 secs] 39986K->26605K(55552K), 0.0010450 secs] [Times: user=0.01 sys=0.00, real=0.00 secs] 
226.278: Total time for which application threads were stopped: 0.0012000 seconds, Stopping threads took: 0.0000920 seconds
226.315: Application time: 0.0374600 seconds
226.315: [GC226.315: [ParNew: 16126K->1094K(16640K), 0.0005230 secs] 41182K->26149K(55552K), 0.0005520 secs] [Times: user=0.00 sys=0.00, real=0.00 secs] 
226.316: Total time for which application threads were stopped: 0.0006640 seconds, Stopping threads took: 0.0000600 seconds
226.350: Application time: 0.0337980 seconds
226.350: [GC226.350: [ParNew: 15502K->1546K(16640K), 0.0006800 secs] 40557K->26658K(55552K), 0.0007150 secs] [Times: user=0.00 sys=0.00, real=0.00 secs] 
226.351: Total time for which application threads were stopped: 0.0008460 seconds, Stopping threads took: 0.0000730 seconds
226.386: Application time: 0.0358000 seconds
226.387: [GC226.387: [ParNew: 16034K->1578K(16640K), 0.0007220 secs] 41146K->26690K(55552K), 0.0007530 secs] [Times: user=0.01 sys=0.00, real=0.00 secs] 
226.387: Total time for which application threads were stopped: 0.0008970 seconds, Stopping threads took: 0.0000860 seconds
226.421: Application time: 0.0338740 seconds
226.421: [GC226.421: [ParNew: 15988K->1546K(16640K), 0.0007060 secs] 41100K->26686K(55552K), 0.0007390 secs] [Times: user=0.00 sys=0.00, real=0.00 secs] 
226.422: Total time for which application threads were stopped: 0.0008700 seconds, Stopping threads took: 0.0000730 seconds
226.456: Application time: 0.0339460 seconds
226.456: [GC226.456: [ParNew: 15950K->1550K(16640K), 0.0012280 secs] 41090K->28226K(55552K), 0.0012670 secs] [Times: user=0.00 sys=0.00, real=0.00 secs] 
226.457: Total time for which application threads were stopped: 0.0013980 seconds, Stopping threads took: 0.0000650 seconds
226.495: Application time: 0.0372810 seconds
226.496: [GC226.496: [ParNew: 15966K->1548K(16640K), 0.0006670 secs] 42643K->28224K(55552K), 0.0007030 secs] [Times: user=0.01 sys=0.00, real=0.00 secs] 
226.496: Total time for which application threads were stopped: 0.0016690 seconds, Stopping threads took: 0.0009060 seconds
226.531: Application time: 0.0341130 seconds
226.531: [GC226.531: [ParNew: 16030K->1576K(16640K), 0.0010870 secs] 42707K->29276K(55552K), 0.0011220 secs] [Times: user=0.01 sys=0.00, real=0.00 secs] 
226.532: Total time for which application threads were stopped: 0.0013450 seconds, Stopping threads took: 0.0001600 seconds
226.568: Application time: 0.0357060 seconds
226.568: [GC226.568: [ParNew: 15992K->1548K(16640K), 0.0006560 secs] 43693K->29277K(55552K), 0.0006860 secs] [Times: user=0.01 sys=0.00, real=0.00 secs] 
226.568: Total time for which application threads were stopped: 0.0007980 seconds, Stopping threads took: 0.0000550 seconds
226.602: Application time: 0.0336820 seconds
226.602: [GC226.602: [ParNew: 15954K->1546K(16640K), 0.0010500 secs] 43683K->30299K(55552K), 0.0010870 secs] [Times: user=0.01 sys=0.00, real=0.00 secs] 
226.603: Total time for which application threads were stopped: 0.0012220 seconds, Stopping threads took: 0.0000630 seconds
226.642: Application time: 0.0383670 seconds
226.642: [GC226.642: [ParNew: 16042K->1068K(16640K), 0.0005060 secs] 44795K->29821K(55552K), 0.0005380 secs] [Times: user=0.01 sys=0.00, real=0.00 secs] 
226.642: Total time for which application threads were stopped: 0.0006490 seconds, Stopping threads took: 0.0000550 seconds
226.676: Application time: 0.0332690 seconds
226.676: [GC226.676: [ParNew: 15472K->1548K(16640K), 0.0010430 secs] 44225K->31353K(55552K), 0.0010800 secs] [Times: user=0.01 sys=0.00, real=0.00 secs] 
226.677: Total time for which application threads were stopped: 0.0012090 seconds, Stopping threads took: 0.0000680 seconds
226.712: Application time: 0.0354820 seconds
226.712: [GC226.712: [ParNew: 15962K->1544K(16640K), 0.0006250 secs] 45768K->31349K(55552K), 0.0006570 secs] [Times: user=0.00 sys=0.00, real=0.00 secs] 
226.713: Total time for which application threads were stopped: 0.0007730 seconds, Stopping threads took: 0.0000620 seconds
226.747: Application time: 0.0342870 seconds
226.747: [GC226.748: [ParNew: 15950K->1546K(16640K), 0.0009780 secs] 45755K->32375K(55552K), 0.0010130 secs] [Times: user=0.01 sys=0.00, real=0.00 secs] 
226.749: Total time for which application threads were stopped: 0.0011700 seconds, Stopping threads took: 0.0000940 seconds
226.785: Application time: 0.0361210 seconds
226.785: [GC226.785: [ParNew: 15958K->1544K(16640K), 0.0009280 secs] 46788K->32885K(55552K), 0.0009620 secs] [Times: user=0.01 sys=0.00, real=0.00 secs] 
226.786: Total time for which application threads were stopped: 0.0010890 seconds, Stopping threads took: 0.0000650 seconds
226.823: Application time: 0.0369520 seconds
226.823: [GC226.823: [ParNew: 15958K->1034K(16640K), 0.0005080 secs] 47300K->32375K(55552K), 0.0005400 secs] [Times: user=0.00 sys=0.00, real=0.00 secs] 
226.823: Total time for which application threads were stopped: 0.0006770 seconds, Stopping threads took: 0.0000820 seconds
226.856: Application time: 0.0322100 seconds
226.856: [GC226.856: [ParNew: 15596K->1606K(16640K), 0.0010470 secs] 46938K->33972K(55552K), 0.0010830 secs] [Times: user=0.01 sys=0.00, real=0.00 secs] 
226.857: Total time for which application threads were stopped: 0.0012330 seconds, Stopping threads took: 0.0000870 seconds
226.893: Application time: 0.0356930 seconds
226.893: [GC226.893: [ParNew: 16096K->1576K(16640K), 0.0009420 secs] 48462K->34511K(55552K), 0.0009780 secs] [Times: user=0.01 sys=0.00, real=0.00 secs] 
226.894: Total time for which application threads were stopped: 0.0011050 seconds, Stopping threads took: 0.0000660 seconds
226.929: Application time: 0.0358430 seconds
226.930: [GC226.930: [ParNew: 15992K->518K(16640K), 0.0004240 secs] 48927K->33481K(55552K), 0.0004530 secs] [Times: user=0.01 sys=0.00, real=0.00 secs] 
226.930: Total time for which application threads were stopped: 0.0005840 seconds, Stopping threads took: 0.0000780 seconds
226.963: Application time: 0.0325870 seconds
226.963: [GC226.963: [ParNew: 15000K->1576K(16640K), 0.0007890 secs] 47963K->35051K(55552K), 0.0008300 secs] [Times: user=0.00 sys=0.00, real=0.00 secs] 
226.964: Total time for which application threads were stopped: 0.0010610 seconds, Stopping threads took: 0.0001720 seconds
227.001: Application time: 0.0368400 seconds
227.001: [GC227.001: [ParNew: 16072K->550K(16640K), 0.0004260 secs] 49548K->34054K(55552K), 0.0004540 secs] [Times: user=0.00 sys=0.00, real=0.00 secs] 
227.001: Total time for which application threads were stopped: 0.0005710 seconds, Stopping threads took: 0.0000640 seconds
227.034: Application time: 0.0332130 seconds
227.034: [GC227.034: [ParNew: 14951K->1578K(16640K), 0.0009940 secs] 48455K->36106K(55552K), 0.0010320 secs] [Times: user=0.01 sys=0.00, real=0.00 secs] 
227.035: Total time for which application threads were stopped: 0.0011590 seconds, Stopping threads took: 0.0000640 seconds
227.072: Application time: 0.0369080 seconds
227.072: [GC227.073: [ParNew: 16076K->552K(16640K), 0.0003980 secs] 50604K->35108K(55552K), 0.0004270 secs] [Times: user=0.00 sys=0.00, real=0.00 secs] 
227.073: Total time for which application threads were stopped: 0.0005290 seconds, Stopping threads took: 0.0000520 seconds
227.107: Application time: 0.0344190 seconds
227.107: [GC227.108: [ParNew: 14953K->1580K(16640K), 0.0008190 secs] 49510K->36648K(55552K), 0.0008520 secs] [Times: user=0.00 sys=0.00, real=0.00 secs] 
227.108: Total time for which application threads were stopped: 0.0010080 seconds, Stopping threads took: 0.0000850 seconds
227.147: Application time: 0.0385500 seconds
227.147: [GC227.147: [ParNew: 15994K->1548K(16640K), 0.0007080 secs] 51062K->36645K(55552K), 0.0007410 secs] [Times: user=0.01 sys=0.00, real=0.00 secs] 
227.148: Total time for which application threads were stopped: 0.0008600 seconds, Stopping threads took: 0.0000590 seconds
227.185: Application time: 0.0374880 seconds
227.185: [GC227.185: [ParNew: 16036K->1578K(16640K), 0.0007080 secs] 51133K->36675K(55552K), 0.0007420 secs] [Times: user=0.00 sys=0.00, real=0.00 secs] 
227.186: Total time for which application threads were stopped: 0.0008650 seconds, Stopping threads took: 0.0000650 seconds
227.223: Application time: 0.0371410 seconds
227.223: [GC227.223: [ParNew: 15988K->1546K(16640K), 0.0007030 secs] 51085K->36671K(55552K), 0.0007400 secs] [Times: user=0.00 sys=0.00, real=0.00 secs] 
227.224: Total time for which application threads were stopped: 0.0008780 seconds, Stopping threads took: 0.0000760 seconds
227.262: Application time: 0.0375440 seconds
227.262: [GC227.262: [ParNew: 15956K->1546K(16640K), 0.0007030 secs] 51081K->36671K(55552K), 0.0007360 secs] [Times: user=0.01 sys=0.00, real=0.00 secs] 
227.263: Total time for which application threads were stopped: 0.0008510 seconds, Stopping threads took: 0.0000620 seconds
227.300: Application time: 0.0379410 seconds
227.301: [GC227.301: [ParNew: 16032K->1580K(16640K), 0.0009970 secs] 51158K->37729K(55552K), 0.0010330 secs] [Times: user=0.00 sys=0.00, real=0.00 secs] 
227.302: Total time for which application threads were stopped: 0.0011910 seconds, Stopping threads took: 0.0000940 seconds
227.302: Application time: 0.0001280 seconds
227.305: [GC [1 CMS-initial-mark: 36149K(38912K)] 38243K(55552K), 0.0001040 secs] [Times: user=0.00 sys=0.00, real=0.00 secs] 
227.305: Total time for which application threads were stopped: 0.0029070 seconds, Stopping threads took: 0.0027830 seconds
227.305: [CMS-concurrent-mark-start]
227.308: [CMS-concurrent-mark: 0.004/0.004 secs] [Times: user=0.01 sys=0.00, real=0.00 secs] 
227.308: [CMS-concurrent-preclean-start]
227.309: [CMS-concurrent-preclean: 0.000/0.000 secs] [Times: user=0.00 sys=0.00, real=0.00 secs] 
227.309: Application time: 0.0038280 seconds
227.309: [GC[YG occupancy: 2620 K (16640 K)]227.309: [Rescan (parallel) , 0.0001850 secs]227.309: [weak refs processing, 0.0000070 secs]227.309: [scrub string table, 0.0001050 secs] [1 CMS-remark: 36149K(38912K)] 38770K(55552K), 0.0003240 secs] [Times: user=0.01 sys=0.00, real=0.00 secs] 
227.309: Total time for which application threads were stopped: 0.0004010 seconds, Stopping threads took: 0.0000530 seconds
227.309: [CMS-concurrent-sweep-start]
227.310: [CMS-concurrent-sweep: 0.001/0.001 secs] [Times: user=0.00 sys=0.00, real=0.00 secs] 
227.310: [CMS-concurrent-reset-start]
227.310: [CMS-concurrent-reset: 0.000/0.000 secs] [Times: user=0.00 sys=0.00, real=0.00 secs] 
227.346: Application time: 0.0367330 seconds
227.346: [GC227.346: [ParNew: 15996K->1034K(16640K), 0.0005500 secs] 22563K->7629K(55552K), 0.0005810 secs] [Times: user=0.00 sys=0.00, real=0.00 secs] 
227.346: Total time for which application threads were stopped: 0.0007390 seconds, Stopping threads took: 0.0001010 seconds
227.382: Application time: 0.0352990 seconds
227.382: [GC227.382: [ParNew: 15435K->1548K(16640K), 0.0012400 secs] 22030K->9679K(55552K), 0.0012790 secs] [Times: user=0.01 sys=0.00, real=0.00 secs] 
227.383: Total time for which application threads were stopped: 0.0014080 seconds, Stopping threads took: 0.0000610 seconds
227.421: Application time: 0.0380380 seconds
227.421: [GC227.421: [ParNew: 15964K->1544K(16640K), 0.0006760 secs] 24095K->9675K(55552K), 0.0007080 secs] [Times: user=0.01 sys=0.00, real=0.00 secs] 
227.422: Total time for which application threads were stopped: 0.0008310 seconds, Stopping threads took: 0.0000640 seconds
227.460: Application time: 0.0375060 seconds
227.461: [GC227.461: [ParNew: 15952K->1548K(16640K), 0.0006520 secs] 24083K->9679K(55552K), 0.0006860 secs] [Times: user=0.00 sys=0.00, real=0.00 secs] 
227.461: Total time for which application threads were stopped: 0.0017980 seconds, Stopping threads took: 0.0010590 seconds
227.500: Application time: 0.0388950 seconds
227.500: [GC227.500: [ParNew: 16038K->1578K(16640K), 0.0007000 secs] 24169K->9709K(55552K), 0.0007340 secs] [Times: user=0.00 sys=0.00, real=0.01 secs] 
227.501: Total time for which application threads were stopped: 0.0008610 seconds, Stopping threads took: 0.0000680 seconds
227.538: Application time: 0.0368680 seconds
227.538: [GC227.538: [ParNew: 16068K->1064K(16640K), 0.0005110 secs] 24199K->9223K(55552K), 0.0005390 secs] [Times: user=0.00 sys=0.00, real=0.00 secs] 
227.539: Total time for which application threads were stopped: 0.0007550 seconds, Stopping threads took: 0.0001630 seconds
227.575: Application time: 0.0366240 seconds
227.575: [GC227.575: [ParNew: 15548K->1574K(16640K), 0.0008800 secs] 23707K->10274K(55552K), 0.0009170 secs] [Times: user=0.00 sys=0.00, real=0.00 secs] 
227.576: Total time for which application threads were stopped: 0.0010440 seconds, Stopping threads took: 0.0000640 seconds
227.615: Application time: 0.0389160 seconds
227.615: [GC227.615: [ParNew: 15986K->1548K(16640K), 0.0007070 secs] 24686K->10276K(55552K), 0.0007420 secs] [Times: user=0.01 sys=0.00, real=0.00 secs] 
227.616: Total time for which application threads were stopped: 0.0008710 seconds, Stopping threads took: 0.0000640 seconds
227.656: Application time: 0.0400870 seconds
227.656: [GC227.656: [ParNew: 15958K->1546K(16640K), 0.0008070 secs] 24686K->10274K(55552K), 0.0008470 secs] [Times: user=0.01 sys=0.00, real=0.00 secs] 
227.657: Total time for which application threads were stopped: 0.0009840 seconds, Stopping threads took: 0.0000670 seconds
227.700: Application time: 0.0427130 seconds
227.700: [GC227.700: [ParNew: 16114K->1092K(16640K), 0.0006300 secs] 24843K->9820K(55552K), 0.0006620 secs] [Times: user=0.00 sys=0.00, real=0.01 secs] 
227.701: Total time for which application threads were stopped: 0.0008200 seconds, Stopping threads took: 0.0001010 seconds
227.739: Application time: 0.0380740 seconds
227.741: [GC227.741: [ParNew: 15498K->1548K(16640K), 0.0011870 secs] 24226K->11357K(55552K), 0.0012320 secs] [Times: user=0.01 sys=0.00, real=0.00 secs] 
227.742: Total time for which application threads were stopped: 0.0030500 seconds, Stopping threads took: 0.0017390 seconds
227.784: Application time: 0.0424200 seconds
227.785: [GC227.785: [ParNew: 15960K->1548K(16640K), 0.0010360 secs] 25770K->12381K(55552K), 0.0010760 secs] [Times: user=0.00 sys=0.00, real=0.00 secs] 
227.786: Total time for which application threads were stopped: 0.0014760 seconds, Stopping threads took: 0.0003360 seconds
227.826: Application time: 0.0404810 seconds
227.826: [GC227.826: [ParNew: 16044K->1062K(16640K), 0.0004870 secs] 26878K->11895K(55552K), 0.0005200 secs] [Times: user=0.00 sys=0.00, real=0.00 secs] 
227.827: Total time for which application threads were stopped: 0.0006530 seconds, Stopping threads took: 0.0000750 seconds
227.863: Application time: 0.0356210 seconds
227.863: [GC227.863: [ParNew: 15466K->1548K(16640K), 0.0009210 secs] 26299K->12922K(55552K), 0.0009560 secs] [Times: user=0.00 sys=0.00, real=0.00 secs] 
227.864: Total time for which application threads were stopped: 0.0011130 seconds, Stopping threads took: 0.0001000 seconds
227.903: Application time: 0.0388640 seconds
227.903: [GC227.903: [ParNew: 16042K->1068K(16640K), 0.0004760 secs] 27416K->12442K(55552K), 0.0005090 secs] [Times: user=0.01 sys=0.00, real=0.00 secs] 
227.903: Total time for which application threads were stopped: 0.0007080 seconds, Stopping threads took: 0.0001430 seconds
227.941: Application time: 0.0373320 seconds
227.941: [GC227.941: [ParNew: 15474K->1548K(16640K), 0.0008450 secs] 26848K->13462K(55552K), 0.0008810 secs] [Times: user=0.01 sys=0.00, real=0.00 secs] 
227.942: Total time for which application threads were stopped: 0.0010010 seconds, Stopping threads took: 0.0000570 seconds
227.978: Application time: 0.0367700 seconds
227.978: [GC227.979: [ParNew: 15956K->1548K(16640K), 0.0009760 secs] 27870K->14486K(55552K), 0.0010130 secs] [Times: user=0.01 sys=0.00, real=0.00 secs] 
227.980: Total time for which application threads were stopped: 0.0011660 seconds, Stopping threads took: 0.0000890 seconds
228.019: Application time: 0.0398670 seconds
228.019: [GC228.020: [ParNew: 16040K->1576K(16640K), 0.0008010 secs] 28979K->15027K(55552K), 0.0008360 secs] [Times: user=0.00 sys=0.00, real=0.00 secs] 
228.020: Total time for which application threads were stopped: 0.0009560 seconds, Stopping threads took: 0.0000580 seconds
228.058: Application time: 0.0377170 seconds
228.058: [GC228.058: [ParNew: 15988K->1546K(16640K), 0.0006620 secs] 29439K->15025K(55552K), 0.0006960 secs] [Times: user=0.01 sys=0.00, real=0.00 secs] 
228.059: Total time for which application threads were stopped: 0.0008190 seconds, Stopping threads took: 0.0000620 seconds
228.097: Application time: 0.0379570 seconds
228.097: [GC228.097: [ParNew: 15956K->1546K(16640K), 0.0006610 secs] 29435K->15025K(55552K), 0.0006970 secs] [Times: user=0.00 sys=0.00, real=0.00 secs] 
228.098: Total time for which application threads were stopped: 0.0008370 seconds, Stopping threads took: 0.0000790 seconds
228.138: Application time: 0.0399610 seconds
228.138: [GC228.138: [ParNew: 15958K->1034K(16640K), 0.0004900 secs] 29437K->14513K(55552K), 0.0005220 secs] [Times: user=0.01 sys=0.00, real=0.00 secs] 
228.138: Total time for which application threads were stopped: 0.0006600 seconds, Stopping threads took: 0.0000780 seconds
228.175: Application time: 0.0368920 seconds
228.175: [GC228.175: [ParNew: 15442K->1546K(16640K), 0.0006310 secs] 28921K->15025K(55552K), 0.0006650 secs] [Times: user=0.00 sys=0.00, real=0.00 secs] 
228.176: Total time for which application threads were stopped: 0.0008070 seconds, Stopping threads took: 0.0000790 seconds
228.213: Application time: 0.0367420 seconds
228.213: [GC228.213: [ParNew: 16036K->1578K(16640K), 0.0006600 secs] 29515K->15057K(55552K), 0.0006940 secs] [Times: user=0.00 sys=0.00, real=0.00 secs] 
228.214: Total time for which application threads were stopped: 0.0008190 seconds, Stopping threads took: 0.0000700 seconds
228.250: Application time: 0.0360760 seconds
228.250: [GC228.250: [ParNew: 16062K->1576K(16640K), 0.0010250 secs] 29541K->16108K(55552K), 0.0010620 secs] [Times: user=0.01 sys=0.00, real=0.00 secs] 
228.251: Total time for which application threads were stopped: 0.0011870 seconds, Stopping threads took: 0.0000600 seconds
228.290: Application time: 0.0395000 seconds
228.290: [GC228.290: [ParNew: 15988K->1546K(16640K), 0.0008460 secs] 30520K->16618K(55552K), 0.0008900 secs] [Times: user=0.01 sys=0.00, real=0.00 secs] 
228.291: Total time for which application threads were stopped: 0.0010190 seconds, Stopping threads took: 0.0000690 seconds
228.330: Application time: 0.0391220 seconds
228.331: [GC228.331: [ParNew: 16042K->550K(16640K), 0.0003950 secs] 31115K->15622K(55552K), 0.0004250 secs] [Times: user=0.00 sys=0.00, real=0.00 secs] 
228.331: Total time for which application threads were stopped: 0.0005480 seconds, Stopping threads took: 0.0000680 seconds
228.368: Application time: 0.0368140 seconds
228.368: [GC228.368: [ParNew: 14953K->1576K(16640K), 0.0008790 secs] 30026K->17160K(55552K), 0.0009130 secs] [Times: user=0.00 sys=0.00, real=0.01 secs] 
228.369: Total time for which application threads were stopped: 0.0010340 seconds, Stopping threads took: 0.0000590 seconds
228.407: Application time: 0.0377780 seconds
228.407: [GC228.407: [ParNew: 16064K->1578K(16640K), 0.0008280 secs] 31649K->17703K(55552K), 0.0008640 secs] [Times: user=0.01 sys=0.00, real=0.00 secs] 
228.408: Total time for which application threads were stopped: 0.0010010 seconds, Stopping threads took: 0.0000740 seconds
228.447: Application time: 0.0397020 seconds
228.448: [GC228.448: [ParNew: 16070K->552K(16640K), 0.0003800 secs] 32195K->16705K(55552K), 0.0004100 secs] [Times: user=0.00 sys=0.00, real=0.00 secs] 
228.448: Total time for which application threads were stopped: 0.0005410 seconds, Stopping threads took: 0.0000760 seconds
228.483: Application time: 0.0349720 seconds
228.483: [GC228.483: [ParNew: 14956K->1576K(16640K), 0.0009520 secs] 31109K->18753K(55552K), 0.0009890 secs] [Times: user=0.00 sys=0.00, real=0.00 secs] 
228.484: Total time for which application threads were stopped: 0.0011150 seconds, Stopping threads took: 0.0000630 seconds
228.524: Application time: 0.0403810 seconds
228.525: [GC228.525: [ParNew: 15994K->524K(16640K), 0.0004400 secs] 33172K->17730K(55552K), 0.0004700 secs] [Times: user=0.00 sys=0.00, real=0.00 secs] 
228.525: Total time for which application threads were stopped: 0.0005860 seconds, Stopping threads took: 0.0000630 seconds
228.560: Application time: 0.0349090 seconds
228.560: [GC228.560: [ParNew: 15004K->1578K(16640K), 0.0010870 secs] 32210K->19808K(55552K), 0.0011240 secs] [Times: user=0.00 sys=0.00, real=0.01 secs] 
228.561: Total time for which application threads were stopped: 0.0012570 seconds, Stopping threads took: 0.0000690 seconds
228.601: Application time: 0.0401730 seconds
228.601: [GC228.601: [ParNew: 16076K->552K(16640K), 0.0004740 secs] 34306K->18810K(55552K), 0.0005060 secs] [Times: user=0.01 sys=0.00, real=0.00 secs] 
228.602: Total time for which application threads were stopped: 0.0006160 seconds, Stopping threads took: 0.0000530 seconds
228.638: Application time: 0.0357430 seconds
228.638: [GC228.638: [ParNew: 14955K->1578K(16640K), 0.0009030 secs] 33214K->20348K(55552K), 0.0009390 secs] [Times: user=0.01 sys=0.00, real=0.00 secs] 
228.639: Total time for which application threads were stopped: 0.0010750 seconds, Stopping threads took: 0.0000720 seconds
228.677: Application time: 0.0379460 seconds
228.677: [GC228.677: [ParNew: 15992K->1032K(16640K), 0.0005280 secs] 34762K->19831K(55552K), 0.0005610 secs] [Times: user=0.01 sys=0.00, real=0.00 secs] 
228.677: Total time for which application threads were stopped: 0.0007360 seconds, Stopping threads took: 0.0001090 seconds
228.714: Application time: 0.0368330 seconds
228.714: [GC228.714: [ParNew: 15514K->1578K(16640K), 0.0009820 secs] 34313K->21401K(55552K), 0.0010170 secs] [Times: user=0.01 sys=0.00, real=0.00 secs] 
228.715: Total time for which application threads were stopped: 0.0011320 seconds, Stopping threads took: 0.0000580 seconds
228.753: Application time: 0.0376340 seconds
228.753: [GC228.753: [ParNew: 15990K->1546K(16640K), 0.0008770 secs] 35813K->21909K(55552K), 0.0009100 secs] [Times: user=0.01 sys=0.00, real=0.00 secs] 
228.754: Total time for which application threads were stopped: 0.0011100 seconds, Stopping threads took: 0.0001300 seconds
228.792: Application time: 0.0383080 seconds
228.793: [GC228.793: [ParNew: 15962K->522K(16640K), 0.0003680 secs] 36326K->20885K(55552K), 0.0003980 secs] [Times: user=0.00 sys=0.00, real=0.00 secs] 
228.793: Total time for which application threads were stopped: 0.0005960 seconds, Stopping threads took: 0.0001440 seconds
228.830: Application time: 0.0367390 seconds
228.830: [GC228.830: [ParNew: 14925K->1544K(16640K), 0.0008560 secs] 35289K->22419K(55552K), 0.0008930 secs] [Times: user=0.01 sys=0.00, real=0.00 secs] 
228.831: Total time for which application threads were stopped: 0.0010190 seconds, Stopping threads took: 0.0000650 seconds
228.868: Application time: 0.0370690 seconds
228.868: [GC228.868: [ParNew: 15954K->1550K(16640K), 0.0008450 secs] 36829K->22937K(55552K), 0.0008780 secs] [Times: user=0.01 sys=0.00, real=0.01 secs] 
228.869: Total time for which application threads were stopped: 0.0010020 seconds, Stopping threads took: 0.0000620 seconds
228.908: Application time: 0.0392490 seconds
228.908: [GC228.908: [ParNew: 16044K->1064K(16640K), 0.0005470 secs] 37432K->22451K(55552K), 0.0005790 secs] [Times: user=0.01 sys=0.00, real=0.01 secs] 
228.909: Total time for which application threads were stopped: 0.0007030 seconds, Stopping threads took: 0.0000650 seconds
228.945: Application time: 0.0362800 seconds
228.945: [GC228.945: [ParNew: 15468K->1550K(16640K), 0.0010460 secs] 36855K->23990K(55552K), 0.0010800 secs] [Times: user=0.01 sys=0.00, real=0.00 secs] 
228.946: Total time for which application threads were stopped: 0.0012080 seconds, Stopping threads took: 0.0000620 seconds
228.986: Application time: 0.0393960 seconds
228.986: [GC228.986: [ParNew: 16042K->1578K(16640K), 0.0006320 secs] 38482K->24018K(55552K), 0.0006640 secs] [Times: user=0.01 sys=0.00, real=0.00 secs] 
228.987: Total time for which application threads were stopped: 0.0008130 seconds, Stopping threads took: 0.0000930 seconds
229.022: Application time: 0.0356860 seconds
229.022: [GC229.022: [ParNew: 16064K->1576K(16640K), 0.0008340 secs] 38504K->24556K(55552K), 0.0008660 secs] [Times: user=0.01 sys=0.00, real=0.00 secs] 
229.023: Total time for which application threads were stopped: 0.0010120 seconds, Stopping threads took: 0.0000850 seconds
229.061: Application time: 0.0377650 seconds
229.061: [GC229.061: [ParNew: 15988K->1546K(16640K), 0.0006860 secs] 38969K->24555K(55552K), 0.0007180 secs] [Times: user=0.01 sys=0.00, real=0.00 secs] 
229.062: Total time for which application threads were stopped: 0.0009000 seconds, Stopping threads took: 0.0001210 seconds
229.100: Application time: 0.0384970 seconds
229.101: [GC229.101: [ParNew: 16034K->1578K(16640K), 0.0006320 secs] 39043K->24587K(55552K), 0.0006660 secs] [Times: user=0.01 sys=0.00, real=0.00 secs] 
229.101: Total time for which application threads were stopped: 0.0008030 seconds, Stopping threads took: 0.0000730 seconds
229.139: Application time: 0.0374040 seconds
229.139: [GC229.139: [ParNew: 15986K->1548K(16640K), 0.0009300 secs] 38995K->25097K(55552K), 0.0009650 secs] [Times: user=0.00 sys=0.00, real=0.00 secs] 
229.140: Total time for which application threads were stopped: 0.0011010 seconds, Stopping threads took: 0.0000720 seconds
229.177: Application time: 0.0374330 seconds
229.177: [GC229.177: [ParNew: 16036K->1576K(16640K), 0.0009470 secs] 39586K->25638K(55552K), 0.0009840 secs] [Times: user=0.00 sys=0.00, real=0.00 secs] 
229.178: Total time for which application threads were stopped: 0.0011090 seconds, Stopping threads took: 0.0000610 seconds
229.216: Application time: 0.0380340 seconds
229.216: [GC229.216: [ParNew: 15988K->1546K(16640K), 0.0006670 secs] 40050K->25636K(55552K), 0.0007020 secs] [Times: user=0.00 sys=0.00, real=0.00 secs] 
229.217: Total time for which application threads were stopped: 0.0008570 seconds, Stopping threads took: 0.0000870 seconds
229.255: Application time: 0.0373970 seconds
229.255: [GC229.255: [ParNew: 15956K->1546K(16640K), 0.0006510 secs] 40046K->25636K(55552K), 0.0006920 secs] [Times: user=0.00 sys=0.00, real=0.00 secs] 
229.255: Total time for which application threads were stopped: 0.0008210 seconds, Stopping threads took: 0.0000690 seconds
229.292: Application time: 0.0368870 seconds
229.292: [GC229.292: [ParNew: 16114K->1604K(16640K), 0.0007100 secs] 40204K->25694K(55552K), 0.0007450 secs] [Times: user=0.00 sys=0.00, real=0.00 secs] 
229.293: Total time for which application threads were stopped: 0.0008700 seconds, Stopping threads took: 0.0000640 seconds
229.331: Application time: 0.0374170 seconds
229.331: [GC229.331: [ParNew: 16012K->1548K(16640K), 0.0007710 secs] 40102K->25695K(55552K), 0.0008020 secs] [Times: user=0.00 sys=0.00, real=0.00 secs] 
229.332: Total time for which application threads were stopped: 0.0010090 seconds, Stopping threads took: 0.0001470 seconds
229.370: Application time: 0.0384850 seconds
229.370: [GC229.370: [ParNew: 15960K->1034K(16640K), 0.0005680 secs] 40107K->25181K(55552K), 0.0006020 secs] [Times: user=0.01 sys=0.00, real=0.00 secs] 
