Java HotSpot(TM) 64-Bit Server VM (24.80-b11) for linux-amd64 JRE (1.7.0_80-b15), built on Apr 10 2015 19:53:14 by "java_re" with gcc 4.3.0 20080428 (Red Hat 4.3.0-8)
Memory: 4k page, physical 8000092k(5549496k free), swap 8218620k(8218620k free)
CommandLine flags: -XX:InitialHeapSize=568173568 -XX:MaxHeapSize=568173568 -XX:+PrintGC -XX:+PrintGCApplicationConcurrentTime -XX:+PrintGCApplicationStoppedTime -XX:+PrintGCDetails -XX:+PrintGCTimeStamps -XX:-UseAdaptiveSizePolicy -XX:+UseCMSInitiatingOccupancyOnly -XX:+UseCompressedOops -XX:+UseParallelGC 
1.010: Application time: 0.9847080 seconds
1.010: Total time for which application threads were stopped: 0.0000460 seconds, Stopping threads took: 0.0000110 seconds
4.030: Application time: 3.0196530 seconds
4.030: Total time for which application threads were stopped: 0.0000650 seconds, Stopping threads took: 0.0000100 seconds
14.742: Application time: 10.7117290 seconds
14.742: Total time for which application threads were stopped: 0.0000220 seconds, Stopping threads took: 0.0000070 seconds
14.742: Application time: 0.0000170 seconds
14.742: Total time for which application threads were stopped: 0.0000070 seconds, Stopping threads took: 0.0000030 seconds
14.743: Application time: 0.0013820 seconds
14.743: Total time for which application threads were stopped: 0.0000110 seconds, Stopping threads took: 0.0000040 seconds
14.762: Application time: 0.0184840 seconds
14.762: Total time for which application threads were stopped: 0.0000370 seconds, Stopping threads took: 0.0000090 seconds
14.776: Application time: 0.0140550 seconds
14.776: [GC [PSYoungGen: 16890K->3376K(162304K)] 16890K->3384K(532480K), 0.0022110 secs] [Times: user=0.01 sys=0.00, real=0.00 secs] 
14.778: [Full GC [PSYoungGen: 3376K->0K(162304K)] [ParOldGen: 8K->3145K(370176K)] 3384K->3145K(532480K) [PSPermGen: 5076K->5074K(21504K)], 0.0111650 secs] [Times: user=0.05 sys=0.00, real=0.01 secs] 
14.789: Total time for which application threads were stopped: 0.0134940 seconds, Stopping threads took: 0.0000050 seconds
14.789: Application time: 0.0000500 seconds
14.789: [GC [PSYoungGen: 0K->0K(162304K)] 3145K->3145K(532480K), 0.0003410 secs] [Times: user=0.00 sys=0.00, real=0.00 secs] 
14.790: [Full GC [PSYoungGen: 0K->0K(162304K)] [ParOldGen: 3145K->3145K(370176K)] 3145K->3145K(532480K) [PSPermGen: 5074K->5074K(21504K)], 0.0042130 secs] [Times: user=0.01 sys=0.00, real=0.01 secs] 
14.794: Total time for which application threads were stopped: 0.0046520 seconds, Stopping threads took: 0.0000070 seconds
14.794: Application time: 0.0000710 seconds
14.794: Total time for which application threads were stopped: 0.0000230 seconds, Stopping threads took: 0.0000140 seconds
14.794: Application time: 0.0000440 seconds
14.794: Total time for which application threads were stopped: 0.0000190 seconds, Stopping threads took: 0.0000150 seconds
14.794: Application time: 0.0000150 seconds
14.794: Total time for which application threads were stopped: 0.0000170 seconds, Stopping threads took: 0.0000130 seconds
14.794: Application time: 0.0000120 seconds
14.794: Total time for which application threads were stopped: 0.0000160 seconds, Stopping threads took: 0.0000120 seconds
14.794: Application time: 0.0000110 seconds
14.794: Total time for which application threads were stopped: 0.0000180 seconds, Stopping threads took: 0.0000150 seconds
14.794: Application time: 0.0000110 seconds
14.794: Total time for which application threads were stopped: 0.0000120 seconds, Stopping threads took: 0.0000090 seconds
14.794: Application time: 0.0000720 seconds
14.794: Total time for which application threads were stopped: 0.0000180 seconds, Stopping threads took: 0.0000140 seconds
14.794: Application time: 0.0000160 seconds
14.794: Total time for which application threads were stopped: 0.0000170 seconds, Stopping threads took: 0.0000130 seconds
14.794: Application time: 0.0001270 seconds
14.794: Total time for which application threads were stopped: 0.0000160 seconds, Stopping threads took: 0.0000120 seconds
14.794: Application time: 0.0000160 seconds
14.794: Total time for which application threads were stopped: 0.0000120 seconds, Stopping threads took: 0.0000080 seconds
14.794: Application time: 0.0000150 seconds
14.794: Total time for which application threads were stopped: 0.0000130 seconds, Stopping threads took: 0.0000090 seconds
14.794: Application time: 0.0000150 seconds
14.794: Total time for which application threads were stopped: 0.0000130 seconds, Stopping threads took: 0.0000100 seconds
14.794: Application time: 0.0000150 seconds
14.794: Total time for which application threads were stopped: 0.0000130 seconds, Stopping threads took: 0.0000100 seconds
14.795: Application time: 0.0000140 seconds
14.795: Total time for which application threads were stopped: 0.0000130 seconds, Stopping threads took: 0.0000100 seconds
14.795: Application time: 0.0000140 seconds
14.795: Total time for which application threads were stopped: 0.0000120 seconds, Stopping threads took: 0.0000090 seconds
14.795: Application time: 0.0000140 seconds
14.795: Total time for which application threads were stopped: 0.0000130 seconds, Stopping threads took: 0.0000090 seconds
14.795: Application time: 0.0000140 seconds
14.795: Total time for which application threads were stopped: 0.0000130 seconds, Stopping threads took: 0.0000100 seconds
14.795: Application time: 0.0000140 seconds
14.795: Total time for which application threads were stopped: 0.0000130 seconds, Stopping threads took: 0.0000090 seconds
14.795: Application time: 0.0000650 seconds
14.795: Total time for which application threads were stopped: 0.0000150 seconds, Stopping threads took: 0.0000120 seconds
14.795: Application time: 0.0000170 seconds
14.795: Total time for which application threads were stopped: 0.0000200 seconds, Stopping threads took: 0.0000100 seconds
14.795: Application time: 0.0003840 seconds
14.795: Total time for which application threads were stopped: 0.0000140 seconds, Stopping threads took: 0.0000060 seconds
15.114: Application time: 0.3192030 seconds
15.114: Total time for which application threads were stopped: 0.0000800 seconds, Stopping threads took: 0.0000210 seconds
15.138: Application time: 0.0233620 seconds
15.138: Total time for which application threads were stopped: 0.0000400 seconds, Stopping threads took: 0.0000190 seconds
15.162: Application time: 0.0244920 seconds
15.162: Total time for which application threads were stopped: 0.0000350 seconds, Stopping threads took: 0.0000180 seconds
15.195: Application time: 0.0326040 seconds
15.195: Total time for which application threads were stopped: 0.0000460 seconds, Stopping threads took: 0.0000110 seconds
15.195: Application time: 0.0000360 seconds
15.195: Total time for which application threads were stopped: 0.0000260 seconds, Stopping threads took: 0.0000070 seconds
15.208: Application time: 0.0129240 seconds
15.208: Total time for which application threads were stopped: 0.0000490 seconds, Stopping threads took: 0.0000300 seconds
15.210: Application time: 0.0022490 seconds
15.210: Total time for which application threads were stopped: 0.0000340 seconds, Stopping threads took: 0.0000180 seconds
15.211: Application time: 0.0009600 seconds
15.211: Total time for which application threads were stopped: 0.0000370 seconds, Stopping threads took: 0.0000080 seconds
15.269: Application time: 0.0575600 seconds
15.269: Total time for which application threads were stopped: 0.0000630 seconds, Stopping threads took: 0.0000110 seconds
15.269: Application time: 0.0000260 seconds
15.269: Total time for which application threads were stopped: 0.0000320 seconds, Stopping threads took: 0.0000060 seconds
15.280: Application time: 0.0107850 seconds
15.280: Total time for which application threads were stopped: 0.0000390 seconds, Stopping threads took: 0.0000180 seconds
15.301: Application time: 0.0207280 seconds
15.301: Total time for which application threads were stopped: 0.0000370 seconds, Stopping threads took: 0.0000170 seconds
15.302: Application time: 0.0009480 seconds
15.302: Total time for which application threads were stopped: 0.0000360 seconds, Stopping threads took: 0.0000180 seconds
15.414: Application time: 0.1126680 seconds
15.414: Total time for which application threads were stopped: 0.0000560 seconds, Stopping threads took: 0.0000130 seconds
15.417: Application time: 0.0029930 seconds
15.417: Total time for which application threads were stopped: 0.0000280 seconds, Stopping threads took: 0.0000090 seconds
15.426: Application time: 0.0081290 seconds
15.426: Total time for which application threads were stopped: 0.0000360 seconds, Stopping threads took: 0.0000090 seconds
15.435: Application time: 0.0099280 seconds
15.436: Total time for which application threads were stopped: 0.0000430 seconds, Stopping threads took: 0.0000190 seconds
15.771: Application time: 0.3359400 seconds
15.772: Total time for which application threads were stopped: 0.0000610 seconds, Stopping threads took: 0.0000100 seconds
15.950: Application time: 0.1782710 seconds
15.950: Total time for which application threads were stopped: 0.0000950 seconds, Stopping threads took: 0.0000180 seconds
15.950: Application time: 0.0000800 seconds
15.950: Total time for which application threads were stopped: 0.0000300 seconds, Stopping threads took: 0.0000180 seconds
15.950: Application time: 0.0000680 seconds
15.950: Total time for which application threads were stopped: 0.0000300 seconds, Stopping threads took: 0.0000180 seconds
15.951: Application time: 0.0009860 seconds
15.951: Total time for which application threads were stopped: 0.0000300 seconds, Stopping threads took: 0.0000180 seconds
15.951: Application time: 0.0000770 seconds
15.951: Total time for which application threads were stopped: 0.0000300 seconds, Stopping threads took: 0.0000180 seconds
15.951: Application time: 0.0000720 seconds
15.951: Total time for which application threads were stopped: 0.0000170 seconds, Stopping threads took: 0.0000050 seconds
15.951: Application time: 0.0000090 seconds
15.951: Total time for which application threads were stopped: 0.0000120 seconds, Stopping threads took: 0.0000020 seconds
15.951: Application time: 0.0000560 seconds
15.951: Total time for which application threads were stopped: 0.0000160 seconds, Stopping threads took: 0.0000040 seconds
15.952: Application time: 0.0000150 seconds
15.952: Total time for which application threads were stopped: 0.0000120 seconds, Stopping threads took: 0.0000020 seconds
15.952: Application time: 0.0000580 seconds
15.952: Total time for which application threads were stopped: 0.0000120 seconds, Stopping threads took: 0.0000020 seconds
15.952: Application time: 0.0000110 seconds
15.952: Total time for which application threads were stopped: 0.0000120 seconds, Stopping threads took: 0.0000020 seconds
15.952: Application time: 0.0000460 seconds
15.952: Total time for which application threads were stopped: 0.0000120 seconds, Stopping threads took: 0.0000030 seconds
15.952: Application time: 0.0000420 seconds
15.952: Total time for which application threads were stopped: 0.0000120 seconds, Stopping threads took: 0.0000030 seconds
15.952: Application time: 0.0000680 seconds
15.952: Total time for which application threads were stopped: 0.0000120 seconds, Stopping threads took: 0.0000030 seconds
15.952: Application time: 0.0000520 seconds
15.952: Total time for which application threads were stopped: 0.0000110 seconds, Stopping threads took: 0.0000020 seconds
15.952: Application time: 0.0001000 seconds
15.952: Total time for which application threads were stopped: 0.0000120 seconds, Stopping threads took: 0.0000030 seconds
15.952: Application time: 0.0000590 seconds
15.952: Total time for which application threads were stopped: 0.0000110 seconds, Stopping threads took: 0.0000020 seconds
15.953: Application time: 0.0004530 seconds
15.953: Total time for which application threads were stopped: 0.0000120 seconds, Stopping threads took: 0.0000030 seconds
15.953: Application time: 0.0000510 seconds
15.953: Total time for which application threads were stopped: 0.0000120 seconds, Stopping threads took: 0.0000030 seconds
15.953: Application time: 0.0001860 seconds
15.953: Total time for which application threads were stopped: 0.0000120 seconds, Stopping threads took: 0.0000030 seconds
15.953: Application time: 0.0000200 seconds
15.953: Total time for which application threads were stopped: 0.0000110 seconds, Stopping threads took: 0.0000020 seconds
15.953: Application time: 0.0000140 seconds
15.953: Total time for which application threads were stopped: 0.0000130 seconds, Stopping threads took: 0.0000030 seconds
15.953: Application time: 0.0000320 seconds
15.953: Total time for which application threads were stopped: 0.0000160 seconds, Stopping threads took: 0.0000040 seconds
15.954: Application time: 0.0011010 seconds
15.954: Total time for which application threads were stopped: 0.0000170 seconds, Stopping threads took: 0.0000050 seconds
15.954: Application time: 0.0000690 seconds
15.954: Total time for which application threads were stopped: 0.0000160 seconds, Stopping threads took: 0.0000040 seconds
15.954: Application time: 0.0000890 seconds
15.954: Total time for which application threads were stopped: 0.0000170 seconds, Stopping threads took: 0.0000040 seconds
15.954: Application time: 0.0000490 seconds
15.954: Total time for which application threads were stopped: 0.0000130 seconds, Stopping threads took: 0.0000030 seconds
15.954: Application time: 0.0001390 seconds
15.954: Total time for which application threads were stopped: 0.0000110 seconds, Stopping threads took: 0.0000020 seconds
15.955: Application time: 0.0003480 seconds
15.955: Total time for which application threads were stopped: 0.0000130 seconds, Stopping threads took: 0.0000020 seconds
15.956: Application time: 0.0008000 seconds
15.956: Total time for which application threads were stopped: 0.0000190 seconds, Stopping threads took: 0.0000040 seconds
15.956: Application time: 0.0000930 seconds
15.956: Total time for which application threads were stopped: 0.0000170 seconds, Stopping threads took: 0.0000040 seconds
15.956: Application time: 0.0002250 seconds
15.956: Total time for which application threads were stopped: 0.0000170 seconds, Stopping threads took: 0.0000040 seconds
15.956: Application time: 0.0000370 seconds
15.956: Total time for which application threads were stopped: 0.0000170 seconds, Stopping threads took: 0.0000040 seconds
15.956: Application time: 0.0000650 seconds
15.956: Total time for which application threads were stopped: 0.0000160 seconds, Stopping threads took: 0.0000040 seconds
15.956: Application time: 0.0000950 seconds
15.956: Total time for which application threads were stopped: 0.0000170 seconds, Stopping threads took: 0.0000040 seconds
15.956: Application time: 0.0000350 seconds
15.956: Total time for which application threads were stopped: 0.0000130 seconds, Stopping threads took: 0.0000030 seconds
15.961: Application time: 0.0046730 seconds
15.961: Total time for which application threads were stopped: 0.0000390 seconds, Stopping threads took: 0.0000100 seconds
15.961: Application time: 0.0000660 seconds
15.961: Total time for which application threads were stopped: 0.0000240 seconds, Stopping threads took: 0.0000060 seconds
15.961: Application time: 0.0000220 seconds
15.961: Total time for which application threads were stopped: 0.0000210 seconds, Stopping threads took: 0.0000060 seconds
15.961: Application time: 0.0000230 seconds
15.961: Total time for which application threads were stopped: 0.0000200 seconds, Stopping threads took: 0.0000060 seconds
15.961: Application time: 0.0000240 seconds
15.961: Total time for which application threads were stopped: 0.0000210 seconds, Stopping threads took: 0.0000060 seconds
15.961: Application time: 0.0000730 seconds
15.961: Total time for which application threads were stopped: 0.0000200 seconds, Stopping threads took: 0.0000060 seconds
15.961: Application time: 0.0000200 seconds
15.961: Total time for which application threads were stopped: 0.0000200 seconds, Stopping threads took: 0.0000060 seconds
15.961: Application time: 0.0000290 seconds
15.961: Total time for which application threads were stopped: 0.0000200 seconds, Stopping threads took: 0.0000060 seconds
15.962: Application time: 0.0001190 seconds
15.962: Total time for which application threads were stopped: 0.0000240 seconds, Stopping threads took: 0.0000060 seconds
15.962: Application time: 0.0000240 seconds
15.962: Total time for which application threads were stopped: 0.0000210 seconds, Stopping threads took: 0.0000060 seconds
15.962: Application time: 0.0000550 seconds
15.962: Total time for which application threads were stopped: 0.0000210 seconds, Stopping threads took: 0.0000060 seconds
15.962: Application time: 0.0000200 seconds
15.962: Total time for which application threads were stopped: 0.0000200 seconds, Stopping threads took: 0.0000060 seconds
15.962: Application time: 0.0006470 seconds
15.962: Total time for which application threads were stopped: 0.0000230 seconds, Stopping threads took: 0.0000070 seconds
15.962: Application time: 0.0000140 seconds
15.962: Total time for which application threads were stopped: 0.0000210 seconds, Stopping threads took: 0.0000060 seconds
15.962: Application time: 0.0000170 seconds
15.962: Total time for which application threads were stopped: 0.0000220 seconds, Stopping threads took: 0.0000060 seconds
15.983: Application time: 0.0205500 seconds
15.983: Total time for which application threads were stopped: 0.0000350 seconds, Stopping threads took: 0.0000100 seconds
15.997: Application time: 0.0137870 seconds
15.997: Total time for which application threads were stopped: 0.0000340 seconds, Stopping threads took: 0.0000050 seconds
16.142: Application time: 0.1446970 seconds
16.142: Total time for which application threads were stopped: 0.0000960 seconds, Stopping threads took: 0.0000140 seconds
16.214: Application time: 0.0723300 seconds
16.214: Total time for which application threads were stopped: 0.0000790 seconds, Stopping threads took: 0.0000100 seconds
16.226: Application time: 0.0114380 seconds
16.226: Total time for which application threads were stopped: 0.0000610 seconds, Stopping threads took: 0.0000140 seconds
16.527: Application time: 0.3013430 seconds
16.527: [GC [PSYoungGen: 139264K->21818K(162304K)] 142409K->24971K(532480K), 0.0108700 secs] [Times: user=0.07 sys=0.01, real=0.01 secs] 
16.538: Total time for which application threads were stopped: 0.0111500 seconds, Stopping threads took: 0.0000100 seconds
16.538: Application time: 0.0001250 seconds
16.538: Total time for which application threads were stopped: 0.0001830 seconds, Stopping threads took: 0.0000980 seconds
16.538: Application time: 0.0000670 seconds
16.539: Total time for which application threads were stopped: 0.0000870 seconds, Stopping threads took: 0.0000680 seconds
16.539: Application time: 0.0000210 seconds
16.539: Total time for which application threads were stopped: 0.0000350 seconds, Stopping threads took: 0.0000190 seconds
16.539: Application time: 0.0000130 seconds
16.539: Total time for which application threads were stopped: 0.0000230 seconds, Stopping threads took: 0.0000090 seconds
16.539: Application time: 0.0000270 seconds
16.539: Total time for which application threads were stopped: 0.0000300 seconds, Stopping threads took: 0.0000160 seconds
16.539: Application time: 0.0000100 seconds
16.539: Total time for which application threads were stopped: 0.0000220 seconds, Stopping threads took: 0.0000080 seconds
16.539: Application time: 0.0000260 seconds
16.539: Total time for which application threads were stopped: 0.0000280 seconds, Stopping threads took: 0.0000140 seconds
16.539: Application time: 0.0000100 seconds
16.539: Total time for which application threads were stopped: 0.0000250 seconds, Stopping threads took: 0.0000110 seconds
16.539: Application time: 0.0000100 seconds
16.539: Total time for which application threads were stopped: 0.0000260 seconds, Stopping threads took: 0.0000120 seconds
16.539: Application time: 0.0000100 seconds
16.539: Total time for which application threads were stopped: 0.0000250 seconds, Stopping threads took: 0.0000110 seconds
16.539: Application time: 0.0000100 seconds
16.539: Total time for which application threads were stopped: 0.0000230 seconds, Stopping threads took: 0.0000090 seconds
16.539: Application time: 0.0000110 seconds
16.539: Total time for which application threads were stopped: 0.0000340 seconds, Stopping threads took: 0.0000200 seconds
16.539: Application time: 0.0000110 seconds
16.539: Total time for which application threads were stopped: 0.0000270 seconds, Stopping threads took: 0.0000120 seconds
16.539: Application time: 0.0000110 seconds
16.539: Total time for which application threads were stopped: 0.0000290 seconds, Stopping threads took: 0.0000150 seconds
16.539: Application time: 0.0000110 seconds
16.539: Total time for which application threads were stopped: 0.0000260 seconds, Stopping threads took: 0.0000120 seconds
16.539: Application time: 0.0000100 seconds
16.539: Total time for which application threads were stopped: 0.0000260 seconds, Stopping threads took: 0.0000120 seconds
16.539: Application time: 0.0000100 seconds
16.539: Total time for which application threads were stopped: 0.0000230 seconds, Stopping threads took: 0.0000090 seconds
16.539: Application time: 0.0000110 seconds
16.539: Total time for which application threads were stopped: 0.0000240 seconds, Stopping threads took: 0.0000100 seconds
16.539: Application time: 0.0000100 seconds
16.539: Total time for which application threads were stopped: 0.0000250 seconds, Stopping threads took: 0.0000110 seconds
16.539: Application time: 0.0000110 seconds
16.539: Total time for which application threads were stopped: 0.0000440 seconds, Stopping threads took: 0.0000090 seconds
16.539: Application time: 0.0000790 seconds
16.539: Total time for which application threads were stopped: 0.0000300 seconds, Stopping threads took: 0.0000120 seconds
16.541: Application time: 0.0012000 seconds
16.541: Total time for which application threads were stopped: 0.0000300 seconds, Stopping threads took: 0.0000130 seconds
16.651: Application time: 0.1104190 seconds
16.651: Total time for which application threads were stopped: 0.0001700 seconds, Stopping threads took: 0.0000210 seconds
16.892: Application time: 0.2402730 seconds
16.892: Total time for which application threads were stopped: 0.0002630 seconds, Stopping threads took: 0.0000160 seconds
17.109: Application time: 0.2169750 seconds
17.109: Total time for which application threads were stopped: 0.0003750 seconds, Stopping threads took: 0.0000100 seconds
17.322: Application time: 0.2130550 seconds
17.322: [GC [PSYoungGen: 161082K->23025K(162304K)] 164235K->29683K(532480K), 0.0095300 secs] [Times: user=0.05 sys=0.03, real=0.01 secs] 
17.332: Total time for which application threads were stopped: 0.0098600 seconds, Stopping threads took: 0.0000100 seconds
17.479: Application time: 0.1465450 seconds
17.479: Total time for which application threads were stopped: 0.0002480 seconds, Stopping threads took: 0.0000120 seconds
17.479: Application time: 0.0001450 seconds
17.479: Total time for which application threads were stopped: 0.0000430 seconds, Stopping threads took: 0.0000130 seconds
17.479: Application time: 0.0000720 seconds
17.479: Total time for which application threads were stopped: 0.0000360 seconds, Stopping threads took: 0.0000060 seconds
17.479: Application time: 0.0000740 seconds
17.479: Total time for which application threads were stopped: 0.0000360 seconds, Stopping threads took: 0.0000060 seconds
17.479: Application time: 0.0000730 seconds
17.479: Total time for which application threads were stopped: 0.0001150 seconds, Stopping threads took: 0.0000830 seconds
17.480: Application time: 0.0000760 seconds
17.480: Total time for which application threads were stopped: 0.0000360 seconds, Stopping threads took: 0.0000060 seconds
17.480: Application time: 0.0003060 seconds
17.480: Total time for which application threads were stopped: 0.0000430 seconds, Stopping threads took: 0.0000040 seconds
17.505: Application time: 0.0253610 seconds
17.505: Total time for which application threads were stopped: 0.0001560 seconds, Stopping threads took: 0.0000130 seconds
17.506: Application time: 0.0001110 seconds
17.506: Total time for which application threads were stopped: 0.0000570 seconds, Stopping threads took: 0.0000220 seconds
17.506: Application time: 0.0001050 seconds
17.506: Total time for which application threads were stopped: 0.0000370 seconds, Stopping threads took: 0.0000070 seconds
17.506: Application time: 0.0002300 seconds
17.506: Total time for which application threads were stopped: 0.0000900 seconds, Stopping threads took: 0.0000580 seconds
17.506: Application time: 0.0001940 seconds
17.506: Total time for which application threads were stopped: 0.0000350 seconds, Stopping threads took: 0.0000050 seconds
17.506: Application time: 0.0001200 seconds
17.506: Total time for which application threads were stopped: 0.0000400 seconds, Stopping threads took: 0.0000100 seconds
17.507: Application time: 0.0000780 seconds
17.507: Total time for which application threads were stopped: 0.0000350 seconds, Stopping threads took: 0.0000050 seconds
17.507: Application time: 0.0000840 seconds
17.507: Total time for which application threads were stopped: 0.0000320 seconds, Stopping threads took: 0.0000050 seconds
17.510: Application time: 0.0034420 seconds
17.510: Total time for which application threads were stopped: 0.0000450 seconds, Stopping threads took: 0.0000150 seconds
17.510: Application time: 0.0001220 seconds
17.510: Total time for which application threads were stopped: 0.0000350 seconds, Stopping threads took: 0.0000060 seconds
17.510: Application time: 0.0001190 seconds
17.511: Total time for which application threads were stopped: 0.0000360 seconds, Stopping threads took: 0.0000060 seconds
17.511: Application time: 0.0000370 seconds
17.511: Total time for which application threads were stopped: 0.0000340 seconds, Stopping threads took: 0.0000070 seconds
17.511: Application time: 0.0001650 seconds
17.511: Total time for which application threads were stopped: 0.0000340 seconds, Stopping threads took: 0.0000070 seconds
17.511: Application time: 0.0000340 seconds
17.511: Total time for which application threads were stopped: 0.0000340 seconds, Stopping threads took: 0.0000070 seconds
17.511: Application time: 0.0000330 seconds
17.511: Total time for which application threads were stopped: 0.0000450 seconds, Stopping threads took: 0.0000160 seconds
17.511: Application time: 0.0000330 seconds
17.511: Total time for which application threads were stopped: 0.0000360 seconds, Stopping threads took: 0.0000090 seconds
17.511: Application time: 0.0000320 seconds
17.511: Total time for which application threads were stopped: 0.0000320 seconds, Stopping threads took: 0.0000050 seconds
17.511: Application time: 0.0000330 seconds
17.511: Total time for which application threads were stopped: 0.0000320 seconds, Stopping threads took: 0.0000050 seconds
17.511: Application time: 0.0000350 seconds
17.511: Total time for which application threads were stopped: 0.0000290 seconds, Stopping threads took: 0.0000030 seconds
17.511: Application time: 0.0000470 seconds
17.511: Total time for which application threads were stopped: 0.0000290 seconds, Stopping threads took: 0.0000030 seconds
17.511: Application time: 0.0000460 seconds
17.511: Total time for which application threads were stopped: 0.0000290 seconds, Stopping threads took: 0.0000020 seconds
17.511: Application time: 0.0000320 seconds
17.511: Total time for which application threads were stopped: 0.0000290 seconds, Stopping threads took: 0.0000030 seconds
17.511: Application time: 0.0000320 seconds
17.512: Total time for which application threads were stopped: 0.0000500 seconds, Stopping threads took: 0.0000030 seconds
17.512: Application time: 0.0000700 seconds
17.512: Total time for which application threads were stopped: 0.0000300 seconds, Stopping threads took: 0.0000030 seconds
17.512: Application time: 0.0000540 seconds
17.512: Total time for which application threads were stopped: 0.0000290 seconds, Stopping threads took: 0.0000030 seconds
17.515: Application time: 0.0030840 seconds
17.515: Total time for which application threads were stopped: 0.0000290 seconds, Stopping threads took: 0.0000030 seconds
17.520: Application time: 0.0054660 seconds
17.520: Total time for which application threads were stopped: 0.0000380 seconds, Stopping threads took: 0.0000100 seconds
17.528: Application time: 0.0072770 seconds
17.528: Total time for which application threads were stopped: 0.0000370 seconds, Stopping threads took: 0.0000080 seconds
17.543: Application time: 0.0154610 seconds
17.543: Total time for which application threads were stopped: 0.0000780 seconds, Stopping threads took: 0.0000330 seconds
17.544: Application time: 0.0010210 seconds
17.544: Total time for which application threads were stopped: 0.0000440 seconds, Stopping threads took: 0.0000130 seconds
17.546: Application time: 0.0018680 seconds
17.546: Total time for which application threads were stopped: 0.0000450 seconds, Stopping threads took: 0.0000130 seconds
17.552: Application time: 0.0056660 seconds
17.552: Total time for which application threads were stopped: 0.0000380 seconds, Stopping threads took: 0.0000080 seconds
17.553: Application time: 0.0007200 seconds
17.553: Total time for which application threads were stopped: 0.0000360 seconds, Stopping threads took: 0.0000060 seconds
17.553: Application time: 0.0007970 seconds
17.553: Total time for which application threads were stopped: 0.0000360 seconds, Stopping threads took: 0.0000060 seconds
17.554: Application time: 0.0007320 seconds
17.554: Total time for which application threads were stopped: 0.0000500 seconds, Stopping threads took: 0.0000180 seconds
17.563: Application time: 0.0088560 seconds
17.563: Total time for which application threads were stopped: 0.0000360 seconds, Stopping threads took: 0.0000060 seconds
17.564: Application time: 0.0008010 seconds
17.564: Total time for which application threads were stopped: 0.0000370 seconds, Stopping threads took: 0.0000060 seconds
17.565: Application time: 0.0007430 seconds
17.565: Total time for which application threads were stopped: 0.0000370 seconds, Stopping threads took: 0.0000070 seconds
17.574: Application time: 0.0095600 seconds
17.574: Total time for which application threads were stopped: 0.0000420 seconds, Stopping threads took: 0.0000110 seconds
17.575: Application time: 0.0007690 seconds
17.575: Total time for which application threads were stopped: 0.0000440 seconds, Stopping threads took: 0.0000140 seconds
17.576: Application time: 0.0007910 seconds
17.576: Total time for which application threads were stopped: 0.0000430 seconds, Stopping threads took: 0.0000120 seconds
17.577: Application time: 0.0007160 seconds
17.577: Total time for which application threads were stopped: 0.0000850 seconds, Stopping threads took: 0.0000150 seconds
18.033: Application time: 0.4561960 seconds
18.034: [GC [PSYoungGen: 162289K->23010K(162304K)] 168947K->38524K(532480K), 0.0124300 secs] [Times: user=0.09 sys=0.00, real=0.01 secs] 
18.046: Total time for which application threads were stopped: 0.0130960 seconds, Stopping threads took: 0.0000100 seconds
18.130: Application time: 0.0839140 seconds
18.130: Total time for which application threads were stopped: 0.0003460 seconds, Stopping threads took: 0.0000090 seconds
18.130: Application time: 0.0000790 seconds
18.131: Total time for which application threads were stopped: 0.0000710 seconds, Stopping threads took: 0.0000180 seconds
18.462: Application time: 0.3314880 seconds
18.463: Total time for which application threads were stopped: 0.0005670 seconds, Stopping threads took: 0.0000120 seconds
18.564: Application time: 0.1012430 seconds
18.564: Total time for which application threads were stopped: 0.0003560 seconds, Stopping threads took: 0.0000130 seconds
18.704: Application time: 0.1395210 seconds
18.704: [GC [PSYoungGen: 162274K->23027K(162304K)] 177788K->48240K(532480K), 0.0132720 secs] [Times: user=0.10 sys=0.00, real=0.02 secs] 
18.717: Total time for which application threads were stopped: 0.0137290 seconds, Stopping threads took: 0.0000100 seconds
18.718: Application time: 0.0001100 seconds
18.718: Total time for which application threads were stopped: 0.0003560 seconds, Stopping threads took: 0.0000110 seconds
19.345: Application time: 0.6267580 seconds
19.346: [GC [PSYoungGen: 162291K->23011K(162304K)] 187504K->57542K(532480K), 0.0135920 secs] [Times: user=0.10 sys=0.00, real=0.01 secs] 
19.359: Total time for which application threads were stopped: 0.0145020 seconds, Stopping threads took: 0.0000100 seconds
19.485: Application time: 0.1259300 seconds
19.486: Total time for which application threads were stopped: 0.0004790 seconds, Stopping threads took: 0.0000120 seconds
20.007: Application time: 0.5210610 seconds
20.007: [GC [PSYoungGen: 162275K->23011K(162304K)] 196806K->67366K(532480K), 0.0131510 secs] [Times: user=0.10 sys=0.01, real=0.01 secs] 
20.021: Total time for which application threads were stopped: 0.0140250 seconds, Stopping threads took: 0.0000090 seconds
20.021: Application time: 0.0000860 seconds
20.021: Total time for which application threads were stopped: 0.0004370 seconds, Stopping threads took: 0.0000110 seconds
20.410: Application time: 0.3888890 seconds
20.411: Total time for which application threads were stopped: 0.0007010 seconds, Stopping threads took: 0.0000130 seconds
20.601: Application time: 0.1906120 seconds
20.602: Total time for which application threads were stopped: 0.0005430 seconds, Stopping threads took: 0.0000130 seconds
20.672: Application time: 0.0703150 seconds
20.673: [GC [PSYoungGen: 162275K->23019K(162304K)] 206630K->76789K(532480K), 0.0133380 secs] [Times: user=0.10 sys=0.00, real=0.01 secs] 
20.686: Total time for which application threads were stopped: 0.0138410 seconds, Stopping threads took: 0.0000120 seconds
21.300: Application time: 0.6143600 seconds
21.301: [GC [PSYoungGen: 162283K->23019K(162304K)] 216053K->86845K(532480K), 0.0134110 secs] [Times: user=0.10 sys=0.01, real=0.02 secs] 
21.315: Total time for which application threads were stopped: 0.0144480 seconds, Stopping threads took: 0.0000110 seconds
21.315: Application time: 0.0000750 seconds
21.316: Total time for which application threads were stopped: 0.0005190 seconds, Stopping threads took: 0.0000180 seconds
21.343: Application time: 0.0271120 seconds
21.343: Total time for which application threads were stopped: 0.0003300 seconds, Stopping threads took: 0.0000100 seconds
22.002: Application time: 0.6592140 seconds
22.003: [GC [PSYoungGen: 162283K->23036K(162304K)] 226109K->95197K(532480K), 0.0130080 secs] [Times: user=0.09 sys=0.01, real=0.02 secs] 
22.016: Total time for which application threads were stopped: 0.0138950 seconds, Stopping threads took: 0.0000130 seconds
22.452: Application time: 0.4361110 seconds
22.453: Total time for which application threads were stopped: 0.0008340 seconds, Stopping threads took: 0.0000130 seconds
22.664: Application time: 0.2111470 seconds
22.665: [GC [PSYoungGen: 162300K->23014K(162304K)] 234461K->104848K(532480K), 0.0138620 secs] [Times: user=0.11 sys=0.00, real=0.01 secs] 
22.679: Total time for which application threads were stopped: 0.0145950 seconds, Stopping threads took: 0.0000120 seconds
23.312: Application time: 0.6336780 seconds
23.314: [GC [PSYoungGen: 162278K->23014K(162304K)] 244112K->115281K(532480K), 0.0145460 secs] [Times: user=0.11 sys=0.01, real=0.01 secs] 
23.328: Total time for which application threads were stopped: 0.0157510 seconds, Stopping threads took: 0.0000100 seconds
23.364: Application time: 0.0362030 seconds
23.365: Total time for which application threads were stopped: 0.0005880 seconds, Stopping threads took: 0.0000120 seconds
23.978: Application time: 0.6126920 seconds
23.979: [GC [PSYoungGen: 162278K->23030K(162304K)] 254545K->125550K(532480K), 0.0138990 secs] [Times: user=0.10 sys=0.01, real=0.02 secs] 
23.993: Total time for which application threads were stopped: 0.0149700 seconds, Stopping threads took: 0.0000120 seconds
24.335: Application time: 0.3420650 seconds
24.335: Total time for which application threads were stopped: 0.0007370 seconds, Stopping threads took: 0.0000120 seconds
24.335: Application time: 0.0000180 seconds
24.336: Total time for which application threads were stopped: 0.0002350 seconds, Stopping threads took: 0.0000050 seconds
24.336: Application time: 0.0000880 seconds
24.336: Total time for which application threads were stopped: 0.0001510 seconds, Stopping threads took: 0.0000050 seconds
24.336: Application time: 0.0000320 seconds
24.336: Total time for which application threads were stopped: 0.0001300 seconds, Stopping threads took: 0.0000040 seconds
24.336: Application time: 0.0000420 seconds
24.336: Total time for which application threads were stopped: 0.0001220 seconds, Stopping threads took: 0.0000040 seconds
24.336: Application time: 0.0000150 seconds
24.336: Total time for which application threads were stopped: 0.0001240 seconds, Stopping threads took: 0.0000030 seconds
24.413: Application time: 0.0766160 seconds
24.414: Total time for which application threads were stopped: 0.0005370 seconds, Stopping threads took: 0.0000130 seconds
24.419: Application time: 0.0055450 seconds
24.419: Total time for which application threads were stopped: 0.0002320 seconds, Stopping threads took: 0.0000070 seconds
24.419: Application time: 0.0000580 seconds
24.420: Total time for which application threads were stopped: 0.0001660 seconds, Stopping threads took: 0.0000160 seconds
24.420: Application time: 0.0001020 seconds
24.420: Total time for which application threads were stopped: 0.0001450 seconds, Stopping threads took: 0.0000150 seconds
24.420: Application time: 0.0000380 seconds
24.420: Total time for which application threads were stopped: 0.0002090 seconds, Stopping threads took: 0.0000810 seconds
24.656: Application time: 0.2360740 seconds
24.657: [GC [PSYoungGen: 162294K->23014K(162304K)] 264814K->134531K(532480K), 0.0134770 secs] [Times: user=0.10 sys=0.01, real=0.01 secs] 
24.670: Total time for which application threads were stopped: 0.0142410 seconds, Stopping threads took: 0.0000120 seconds
25.305: Application time: 0.6349780 seconds
25.306: [GC [PSYoungGen: 162278K->23030K(162304K)] 273795K->144491K(532480K), 0.0137040 secs] [Times: user=0.10 sys=0.01, real=0.01 secs] 
25.320: Total time for which application threads were stopped: 0.0148010 seconds, Stopping threads took: 0.0000240 seconds
25.403: Application time: 0.0831310 seconds
25.404: Total time for which application threads were stopped: 0.0005620 seconds, Stopping threads took: 0.0000130 seconds
25.960: Application time: 0.5557010 seconds
25.961: [GC [PSYoungGen: 162294K->23014K(162304K)] 283755K->154197K(532480K), 0.0140380 secs] [Times: user=0.11 sys=0.01, real=0.02 secs] 
25.975: Total time for which application threads were stopped: 0.0150720 seconds, Stopping threads took: 0.0000470 seconds
26.361: Application time: 0.3868220 seconds
26.362: Total time for which application threads were stopped: 0.0008530 seconds, Stopping threads took: 0.0000120 seconds
26.645: Application time: 0.2828030 seconds
26.646: [GC [PSYoungGen: 162278K->23031K(162304K)] 293461K->164918K(532480K), 0.0145010 secs] [Times: user=0.10 sys=0.01, real=0.01 secs] 
26.660: Total time for which application threads were stopped: 0.0152500 seconds, Stopping threads took: 0.0000120 seconds
27.275: Application time: 0.6143360 seconds
27.276: [GC [PSYoungGen: 162295K->23030K(162304K)] 304182K->175756K(532480K), 0.0133750 secs] [Times: user=0.11 sys=0.00, real=0.01 secs] 
27.289: Total time for which application threads were stopped: 0.0143800 seconds, Stopping threads took: 0.0000130 seconds
27.373: Application time: 0.0843950 seconds
27.374: Total time for which application threads were stopped: 0.0005420 seconds, Stopping threads took: 0.0000120 seconds
27.954: Application time: 0.5795930 seconds
27.955: [GC [PSYoungGen: 162294K->23030K(162304K)] 315020K->187182K(532480K), 0.0133160 secs] [Times: user=0.10 sys=0.00, real=0.01 secs] 
27.968: Total time for which application threads were stopped: 0.0143760 seconds, Stopping threads took: 0.0000120 seconds
28.328: Application time: 0.3599950 seconds
28.329: Total time for which application threads were stopped: 0.0006520 seconds, Stopping threads took: 0.0000100 seconds
28.668: Application time: 0.3391730 seconds
28.668: [GC [PSYoungGen: 162294K->23029K(162304K)] 326446K->198092K(532480K), 0.0130080 secs] [Times: user=0.10 sys=0.00, real=0.01 secs] 
28.682: Total time for which application threads were stopped: 0.0137030 seconds, Stopping threads took: 0.0000120 seconds
29.325: Application time: 0.6436420 seconds
29.326: [GC [PSYoungGen: 162293K->23013K(162304K)] 337356K->209708K(532480K), 0.0135470 secs] [Times: user=0.10 sys=0.01, real=0.01 secs] 
29.340: Total time for which application threads were stopped: 0.0145480 seconds, Stopping threads took: 0.0000110 seconds
29.340: Application time: 0.0001210 seconds
29.340: Total time for which application threads were stopped: 0.0005310 seconds, Stopping threads took: 0.0000090 seconds
29.345: Application time: 0.0046670 seconds
29.345: Total time for which application threads were stopped: 0.0003670 seconds, Stopping threads took: 0.0000200 seconds
30.001: Application time: 0.6555210 seconds
30.002: [GC [PSYoungGen: 162277K->23014K(162304K)] 348972K->219941K(532480K), 0.0132060 secs] [Times: user=0.09 sys=0.01, real=0.02 secs] 
30.015: Total time for which application threads were stopped: 0.0141770 seconds, Stopping threads took: 0.0000130 seconds
30.447: Application time: 0.4322200 seconds
30.448: Total time for which application threads were stopped: 0.0008720 seconds, Stopping threads took: 0.0000120 seconds
30.698: Application time: 0.2501870 seconds
30.699: [GC [PSYoungGen: 162278K->23030K(162304K)] 359205K->232260K(532480K), 0.0139010 secs] [Times: user=0.10 sys=0.00, real=0.02 secs] 
30.713: Total time for which application threads were stopped: 0.0146860 seconds, Stopping threads took: 0.0000120 seconds
31.326: Application time: 0.6124630 seconds
31.327: [GC [PSYoungGen: 162294K->23030K(162304K)] 371524K->243022K(532480K), 0.0141740 secs] [Times: user=0.11 sys=0.00, real=0.01 secs] 
31.341: Total time for which application threads were stopped: 0.0153560 seconds, Stopping threads took: 0.0000130 seconds
31.351: Application time: 0.0100090 seconds
31.351: Total time for which application threads were stopped: 0.0005080 seconds, Stopping threads took: 0.0000200 seconds
32.041: Application time: 0.6900340 seconds
32.042: [GC [PSYoungGen: 162294K->23021K(162304K)] 382286K->252810K(532480K), 0.0131790 secs] [Times: user=0.10 sys=0.00, real=0.02 secs] 
32.056: Total time for which application threads were stopped: 0.0142330 seconds, Stopping threads took: 0.0000120 seconds
32.324: Application time: 0.2687750 seconds
32.325: Total time for which application threads were stopped: 0.0007560 seconds, Stopping threads took: 0.0000230 seconds
32.326: Application time: 0.0007110 seconds
32.326: Total time for which application threads were stopped: 0.0002040 seconds, Stopping threads took: 0.0000180 seconds
32.327: Application time: 0.0012980 seconds
32.328: Total time for which application threads were stopped: 0.0002010 seconds, Stopping threads took: 0.0000180 seconds
32.329: Application time: 0.0015870 seconds
32.329: Total time for which application threads were stopped: 0.0001230 seconds, Stopping threads took: 0.0000170 seconds
32.335: Application time: 0.0055570 seconds
32.335: Total time for which application threads were stopped: 0.0002620 seconds, Stopping threads took: 0.0000130 seconds
32.360: Application time: 0.0247530 seconds
32.360: Total time for which application threads were stopped: 0.0004570 seconds, Stopping threads took: 0.0000120 seconds
32.374: Application time: 0.0139230 seconds
32.375: Total time for which application threads were stopped: 0.0001860 seconds, Stopping threads took: 0.0000070 seconds
32.394: Application time: 0.0196530 seconds
32.394: Total time for which application threads were stopped: 0.0001470 seconds, Stopping threads took: 0.0000060 seconds
32.398: Application time: 0.0032690 seconds
32.398: Total time for which application threads were stopped: 0.0001420 seconds, Stopping threads took: 0.0000050 seconds
32.958: Application time: 0.5599250 seconds
32.958: Total time for which application threads were stopped: 0.0004400 seconds, Stopping threads took: 0.0000200 seconds
33.440: Application time: 0.4819070 seconds
33.440: Total time for which application threads were stopped: 0.0003520 seconds, Stopping threads took: 0.0000100 seconds
33.449: Application time: 0.0087310 seconds
33.449: Total time for which application threads were stopped: 0.0002250 seconds, Stopping threads took: 0.0000050 seconds
33.454: Application time: 0.0046470 seconds
33.454: Total time for which application threads were stopped: 0.0002820 seconds, Stopping threads took: 0.0000630 seconds
33.455: Application time: 0.0003920 seconds
33.455: Total time for which application threads were stopped: 0.0001290 seconds, Stopping threads took: 0.0000050 seconds
33.455: Application time: 0.0000130 seconds
33.455: Total time for which application threads were stopped: 0.0000810 seconds, Stopping threads took: 0.0000030 seconds
33.455: Application time: 0.0000490 seconds
33.455: Total time for which application threads were stopped: 0.0000940 seconds, Stopping threads took: 0.0000190 seconds
33.455: Application time: 0.0002840 seconds
33.455: Total time for which application threads were stopped: 0.0000890 seconds, Stopping threads took: 0.0000060 seconds
33.455: Application time: 0.0000360 seconds
33.456: Total time for which application threads were stopped: 0.0000850 seconds, Stopping threads took: 0.0000100 seconds
33.456: Application time: 0.0000090 seconds
33.456: Total time for which application threads were stopped: 0.0000760 seconds, Stopping threads took: 0.0000030 seconds
33.456: Application time: 0.0000180 seconds
33.456: Total time for which application threads were stopped: 0.0000820 seconds, Stopping threads took: 0.0000090 seconds
33.456: Application time: 0.0001490 seconds
33.456: Total time for which application threads were stopped: 0.0000910 seconds, Stopping threads took: 0.0000170 seconds
33.456: Application time: 0.0002820 seconds
33.456: Total time for which application threads were stopped: 0.0001480 seconds, Stopping threads took: 0.0000610 seconds
33.456: Application time: 0.0000760 seconds
33.457: Total time for which application threads were stopped: 0.0002450 seconds, Stopping threads took: 0.0000490 seconds
33.457: Application time: 0.0000320 seconds
33.457: Total time for which application threads were stopped: 0.0001290 seconds, Stopping threads took: 0.0000510 seconds
33.457: Application time: 0.0000310 seconds
33.457: Total time for which application threads were stopped: 0.0001210 seconds, Stopping threads took: 0.0000350 seconds
33.457: Application time: 0.0001810 seconds
33.457: Total time for which application threads were stopped: 0.0001040 seconds, Stopping threads took: 0.0000230 seconds
33.457: Application time: 0.0000620 seconds
33.458: Total time for which application threads were stopped: 0.0001160 seconds, Stopping threads took: 0.0000330 seconds
33.458: Application time: 0.0000570 seconds
33.458: Total time for which application threads were stopped: 0.0001010 seconds, Stopping threads took: 0.0000200 seconds
33.458: Application time: 0.0000140 seconds
33.458: Total time for which application threads were stopped: 0.0000970 seconds, Stopping threads took: 0.0000180 seconds
33.461: Application time: 0.0033480 seconds
33.461: Total time for which application threads were stopped: 0.0001370 seconds, Stopping threads took: 0.0000060 seconds
33.461: Application time: 0.0000510 seconds
33.461: Total time for which application threads were stopped: 0.0001070 seconds, Stopping threads took: 0.0000060 seconds
33.464: Application time: 0.0023730 seconds
33.464: Total time for which application threads were stopped: 0.0001460 seconds, Stopping threads took: 0.0000140 seconds
33.465: Application time: 0.0006350 seconds
33.465: Total time for which application threads were stopped: 0.0001260 seconds, Stopping threads took: 0.0000110 seconds
33.465: Application time: 0.0003440 seconds
33.465: Total time for which application threads were stopped: 0.0001250 seconds, Stopping threads took: 0.0000160 seconds
33.466: Application time: 0.0003040 seconds
33.466: Total time for which application threads were stopped: 0.0001210 seconds, Stopping threads took: 0.0000160 seconds
33.466: Application time: 0.0004510 seconds
33.466: Total time for which application threads were stopped: 0.0001140 seconds, Stopping threads took: 0.0000130 seconds
33.467: Application time: 0.0003670 seconds
33.467: Total time for which application threads were stopped: 0.0001160 seconds, Stopping threads took: 0.0000210 seconds
33.468: Application time: 0.0014510 seconds
33.468: Total time for which application threads were stopped: 0.0001310 seconds, Stopping threads took: 0.0000160 seconds
33.469: Application time: 0.0004700 seconds
33.469: Total time for which application threads were stopped: 0.0001250 seconds, Stopping threads took: 0.0000110 seconds
33.470: Application time: 0.0006460 seconds
33.470: Total time for which application threads were stopped: 0.0001240 seconds, Stopping threads took: 0.0000050 seconds
33.471: Application time: 0.0013180 seconds
33.471: Total time for which application threads were stopped: 0.0001320 seconds, Stopping threads took: 0.0000250 seconds
33.471: Application time: 0.0000320 seconds
33.471: Total time for which application threads were stopped: 0.0001040 seconds, Stopping threads took: 0.0000050 seconds
33.471: Application time: 0.0000840 seconds
33.471: Total time for which application threads were stopped: 0.0001160 seconds, Stopping threads took: 0.0000130 seconds
33.472: Application time: 0.0005020 seconds
33.472: Total time for which application threads were stopped: 0.0001130 seconds, Stopping threads took: 0.0000130 seconds
33.472: Application time: 0.0002880 seconds
33.472: Total time for which application threads were stopped: 0.0001190 seconds, Stopping threads took: 0.0000200 seconds
33.473: Application time: 0.0004740 seconds
33.473: Total time for which application threads were stopped: 0.0001140 seconds, Stopping threads took: 0.0000180 seconds
33.474: Application time: 0.0007310 seconds
33.474: Total time for which application threads were stopped: 0.0001500 seconds, Stopping threads took: 0.0000360 seconds
33.475: Application time: 0.0014680 seconds
33.476: Total time for which application threads were stopped: 0.0001210 seconds, Stopping threads took: 0.0000140 seconds
33.477: Application time: 0.0014340 seconds
33.477: Total time for which application threads were stopped: 0.0001290 seconds, Stopping threads took: 0.0000100 seconds
33.477: Application time: 0.0002010 seconds
33.478: Total time for which application threads were stopped: 0.0002430 seconds, Stopping threads took: 0.0000080 seconds
33.478: Application time: 0.0006100 seconds
33.478: Total time for which application threads were stopped: 0.0002070 seconds, Stopping threads took: 0.0000610 seconds
33.479: Application time: 0.0002730 seconds
33.479: Total time for which application threads were stopped: 0.0001170 seconds, Stopping threads took: 0.0000080 seconds
33.479: Application time: 0.0002300 seconds
33.479: Total time for which application threads were stopped: 0.0001150 seconds, Stopping threads took: 0.0000080 seconds
33.479: Application time: 0.0000650 seconds
33.479: Total time for which application threads were stopped: 0.0001250 seconds, Stopping threads took: 0.0000220 seconds
33.479: Application time: 0.0000220 seconds
33.479: Total time for which application threads were stopped: 0.0001010 seconds, Stopping threads took: 0.0000080 seconds
33.479: Application time: 0.0000420 seconds
33.480: Total time for which application threads were stopped: 0.0001030 seconds, Stopping threads took: 0.0000060 seconds
33.480: Application time: 0.0000980 seconds
33.480: Total time for which application threads were stopped: 0.0001080 seconds, Stopping threads took: 0.0000090 seconds
33.480: Application time: 0.0000500 seconds
33.480: Total time for which application threads were stopped: 0.0001140 seconds, Stopping threads took: 0.0000200 seconds
33.480: Application time: 0.0001110 seconds
33.480: Total time for which application threads were stopped: 0.0001090 seconds, Stopping threads took: 0.0000140 seconds
33.480: Application time: 0.0002410 seconds
33.481: Total time for which application threads were stopped: 0.0001100 seconds, Stopping threads took: 0.0000190 seconds
33.481: Application time: 0.0000870 seconds
33.481: Total time for which application threads were stopped: 0.0001100 seconds, Stopping threads took: 0.0000160 seconds
33.481: Application time: 0.0000840 seconds
33.481: Total time for which application threads were stopped: 0.0001100 seconds, Stopping threads took: 0.0000180 seconds
33.481: Application time: 0.0000520 seconds
33.481: Total time for which application threads were stopped: 0.0001100 seconds, Stopping threads took: 0.0000170 seconds
33.481: Application time: 0.0001760 seconds
33.481: Total time for which application threads were stopped: 0.0001110 seconds, Stopping threads took: 0.0000200 seconds
33.481: Application time: 0.0000700 seconds
33.482: Total time for which application threads were stopped: 0.0001220 seconds, Stopping threads took: 0.0000330 seconds
33.482: Application time: 0.0000120 seconds
33.482: Total time for which application threads were stopped: 0.0000900 seconds, Stopping threads took: 0.0000040 seconds
33.482: Application time: 0.0000160 seconds
33.482: Total time for which application threads were stopped: 0.0001000 seconds, Stopping threads took: 0.0000140 seconds
33.482: Application time: 0.0004870 seconds
33.482: Total time for which application threads were stopped: 0.0000920 seconds, Stopping threads took: 0.0000040 seconds
33.482: Application time: 0.0000370 seconds
33.482: Total time for which application threads were stopped: 0.0000980 seconds, Stopping threads took: 0.0000140 seconds
33.485: Application time: 0.0029170 seconds
33.486: Total time for which application threads were stopped: 0.0002340 seconds, Stopping threads took: 0.0000570 seconds
33.486: Application time: 0.0004790 seconds
33.486: Total time for which application threads were stopped: 0.0001870 seconds, Stopping threads took: 0.0000280 seconds
33.487: Application time: 0.0006620 seconds
33.487: Total time for which application threads were stopped: 0.0002750 seconds, Stopping threads took: 0.0000650 seconds
33.488: Application time: 0.0009760 seconds
33.488: Total time for which application threads were stopped: 0.0001890 seconds, Stopping threads took: 0.0000100 seconds
33.491: Application time: 0.0022280 seconds
33.491: Total time for which application threads were stopped: 0.0002050 seconds, Stopping threads took: 0.0000310 seconds
33.491: Application time: 0.0000310 seconds
33.491: Total time for which application threads were stopped: 0.0002020 seconds, Stopping threads took: 0.0000460 seconds
33.492: Application time: 0.0011740 seconds
33.492: Total time for which application threads were stopped: 0.0001880 seconds, Stopping threads took: 0.0000270 seconds
33.493: Application time: 0.0007560 seconds
33.493: Total time for which application threads were stopped: 0.0001630 seconds, Stopping threads took: 0.0000260 seconds
33.493: Application time: 0.0000310 seconds
33.494: Total time for which application threads were stopped: 0.0001340 seconds, Stopping threads took: 0.0000160 seconds
33.497: Application time: 0.0038430 seconds
33.498: Total time for which application threads were stopped: 0.0002490 seconds, Stopping threads took: 0.0001150 seconds
33.498: Application time: 0.0000390 seconds
33.498: Total time for which application threads were stopped: 0.0002550 seconds, Stopping threads took: 0.0000720 seconds
33.498: Application time: 0.0000690 seconds
33.498: Total time for which application threads were stopped: 0.0001910 seconds, Stopping threads took: 0.0000990 seconds
33.501: Application time: 0.0028920 seconds
33.501: Total time for which application threads were stopped: 0.0001880 seconds, Stopping threads took: 0.0000180 seconds
33.502: Application time: 0.0004200 seconds
33.502: Total time for which application threads were stopped: 0.0001770 seconds, Stopping threads took: 0.0000530 seconds
33.502: Application time: 0.0000600 seconds
33.502: Total time for which application threads were stopped: 0.0001790 seconds, Stopping threads took: 0.0000820 seconds
33.505: Application time: 0.0023560 seconds
33.505: Total time for which application threads were stopped: 0.0002480 seconds, Stopping threads took: 0.0001280 seconds
33.505: Application time: 0.0000790 seconds
33.505: Total time for which application threads were stopped: 0.0001420 seconds, Stopping threads took: 0.0000380 seconds
33.505: Application time: 0.0003260 seconds
33.506: Total time for which application threads were stopped: 0.0002160 seconds, Stopping threads took: 0.0000850 seconds
33.506: Application time: 0.0001930 seconds
33.506: Total time for which application threads were stopped: 0.0001620 seconds, Stopping threads took: 0.0000760 seconds
33.506: Application time: 0.0001280 seconds
33.506: Total time for which application threads were stopped: 0.0001410 seconds, Stopping threads took: 0.0000550 seconds
33.533: Application time: 0.0269880 seconds
33.534: Total time for which application threads were stopped: 0.0005430 seconds, Stopping threads took: 0.0000570 seconds
33.572: Application time: 0.0387590 seconds
33.573: Total time for which application threads were stopped: 0.0005310 seconds, Stopping threads took: 0.0000400 seconds
33.577: Application time: 0.0037940 seconds
33.577: Total time for which application threads were stopped: 0.0005760 seconds, Stopping threads took: 0.0001380 seconds
33.577: Application time: 0.0001140 seconds
33.578: Total time for which application threads were stopped: 0.0002200 seconds, Stopping threads took: 0.0000540 seconds
33.580: Application time: 0.0019110 seconds
33.580: Total time for which application threads were stopped: 0.0002760 seconds, Stopping threads took: 0.0000320 seconds
33.580: Application time: 0.0002280 seconds
33.580: Total time for which application threads were stopped: 0.0002080 seconds, Stopping threads took: 0.0000410 seconds
33.602: Application time: 0.0216670 seconds
33.603: Total time for which application threads were stopped: 0.0005340 seconds, Stopping threads took: 0.0000710 seconds
33.604: Application time: 0.0009960 seconds
33.604: Total time for which application threads were stopped: 0.0002980 seconds, Stopping threads took: 0.0000490 seconds
33.604: Application time: 0.0003040 seconds
33.604: Total time for which application threads were stopped: 0.0002720 seconds, Stopping threads took: 0.0000350 seconds
33.605: Application time: 0.0007390 seconds
33.605: Total time for which application threads were stopped: 0.0002540 seconds, Stopping threads took: 0.0000260 seconds
33.607: Application time: 0.0014790 seconds
33.607: Total time for which application threads were stopped: 0.0003500 seconds, Stopping threads took: 0.0000750 seconds
33.688: Application time: 0.0803580 seconds
33.688: [GC [PSYoungGen: 162285K->23023K(162304K)] 392074K->274636K(532480K), 0.0185940 secs] [Times: user=0.13 sys=0.01, real=0.02 secs] 
33.707: Total time for which application threads were stopped: 0.0193540 seconds, Stopping threads took: 0.0000980 seconds
34.052: Application time: 0.3455100 seconds
34.053: [GC [PSYoungGen: 162287K->23039K(162304K)] 413900K->280826K(532480K), 0.0116870 secs] [Times: user=0.09 sys=0.00, real=0.01 secs] 
34.065: Total time for which application threads were stopped: 0.0124990 seconds, Stopping threads took: 0.0001230 seconds
34.168: Application time: 0.1032070 seconds
34.169: [GC [PSYoungGen: 162303K->23039K(162304K)] 420090K->286942K(532480K), 0.0113060 secs] [Times: user=0.08 sys=0.01, real=0.01 secs] 
34.180: Total time for which application threads were stopped: 0.0120750 seconds, Stopping threads took: 0.0000890 seconds
34.208: Application time: 0.0281820 seconds
34.209: Total time for which application threads were stopped: 0.0006160 seconds, Stopping threads took: 0.0000730 seconds
34.212: Application time: 0.0033380 seconds
34.213: Total time for which application threads were stopped: 0.0005100 seconds, Stopping threads took: 0.0000600 seconds
34.224: Application time: 0.0106720 seconds
34.224: Total time for which application threads were stopped: 0.0006560 seconds, Stopping threads took: 0.0000900 seconds
34.248: Application time: 0.0238040 seconds
34.249: Total time for which application threads were stopped: 0.0006710 seconds, Stopping threads took: 0.0001100 seconds
34.253: Application time: 0.0045650 seconds
34.254: Total time for which application threads were stopped: 0.0006360 seconds, Stopping threads took: 0.0000620 seconds
34.267: Application time: 0.0135540 seconds
34.268: Total time for which application threads were stopped: 0.0005940 seconds, Stopping threads took: 0.0000790 seconds
34.273: Application time: 0.0046350 seconds
34.273: [GC [PSYoungGen: 162303K->23023K(162304K)] 426206K->292603K(532480K), 0.0112130 secs] [Times: user=0.08 sys=0.02, real=0.01 secs] 
34.285: Total time for which application threads were stopped: 0.0119520 seconds, Stopping threads took: 0.0001110 seconds
34.378: Application time: 0.0935900 seconds
34.379: Total time for which application threads were stopped: 0.0006190 seconds, Stopping threads took: 0.0000540 seconds
34.379: Application time: 0.0000450 seconds
34.379: [GC [PSYoungGen: 162287K->23039K(162304K)] 431867K->299201K(532480K), 0.0108860 secs] [Times: user=0.08 sys=0.00, real=0.01 secs] 
34.390: Total time for which application threads were stopped: 0.0111280 seconds, Stopping threads took: 0.0000380 seconds
34.426: Application time: 0.0356460 seconds
34.426: [GC [PSYoungGen: 162303K->23022K(162304K)] 438467K->305246K(532480K), 0.0112650 secs] [Times: user=0.08 sys=0.00, real=0.01 secs] 
34.438: Total time for which application threads were stopped: 0.0119290 seconds, Stopping threads took: 0.0000460 seconds
34.473: Application time: 0.0355570 seconds
34.474: [GC [PSYoungGen: 162286K->23022K(162304K)] 444510K->312219K(532480K), 0.0112980 secs] [Times: user=0.08 sys=0.01, real=0.01 secs] 
34.485: Total time for which application threads were stopped: 0.0119670 seconds, Stopping threads took: 0.0000560 seconds
34.520: Application time: 0.0350610 seconds
34.521: [GC [PSYoungGen: 162286K->23023K(162304K)] 451483K->318720K(532480K), 0.0115220 secs] [Times: user=0.08 sys=0.00, real=0.02 secs] 
34.532: Total time for which application threads were stopped: 0.0122170 seconds, Stopping threads took: 0.0000440 seconds
34.568: Application time: 0.0358320 seconds
34.569: [GC [PSYoungGen: 162287K->23039K(162304K)] 457984K->325166K(532480K), 0.0114060 secs] [Times: user=0.08 sys=0.01, real=0.01 secs] 
34.580: Total time for which application threads were stopped: 0.0121100 seconds, Stopping threads took: 0.0000690 seconds
34.615: Application time: 0.0348600 seconds
34.616: [GC [PSYoungGen: 162303K->23039K(162304K)] 464430K->331625K(532480K), 0.0111890 secs] [Times: user=0.08 sys=0.00, real=0.01 secs] 
34.627: Total time for which application threads were stopped: 0.0118200 seconds, Stopping threads took: 0.0000500 seconds
34.662: Application time: 0.0350050 seconds
34.663: [GC [PSYoungGen: 162303K->23031K(162304K)] 470889K->337743K(532480K), 0.0110600 secs] [Times: user=0.08 sys=0.00, real=0.02 secs] 
34.674: Total time for which application threads were stopped: 0.0117240 seconds, Stopping threads took: 0.0000480 seconds
34.715: Application time: 0.0415520 seconds
34.717: [GC [PSYoungGen: 162295K->23015K(162304K)] 477007K->344227K(532480K), 0.0111990 secs] [Times: user=0.08 sys=0.00, real=0.01 secs] 
34.728: Total time for which application threads were stopped: 0.0127790 seconds, Stopping threads took: 0.0010080 seconds
34.771: Application time: 0.0431600 seconds
34.772: [GC [PSYoungGen: 162279K->23038K(162304K)] 483491K->351405K(532480K), 0.0179970 secs] [Times: user=0.14 sys=0.01, real=0.02 secs] 
34.790: Total time for which application threads were stopped: 0.0188310 seconds, Stopping threads took: 0.0000580 seconds
34.828: Application time: 0.0376060 seconds
34.828: Total time for which application threads were stopped: 0.0006130 seconds, Stopping threads took: 0.0000620 seconds
34.828: Application time: 0.0000360 seconds
34.829: [GC [PSYoungGen: 162302K->23031K(162304K)] 490669K->357881K(532480K), 0.0115330 secs] [Times: user=0.09 sys=0.01, real=0.01 secs] 
34.840: Total time for which application threads were stopped: 0.0117490 seconds, Stopping threads took: 0.0000200 seconds
34.875: Application time: 0.0353130 seconds
34.876: [GC [PSYoungGen: 162295K->23015K(162304K)] 497148K->364453K(532480K), 0.0114670 secs] [Times: user=0.09 sys=0.00, real=0.01 secs] 
34.888: Total time for which application threads were stopped: 0.0120670 seconds, Stopping threads took: 0.0000500 seconds
34.922: Application time: 0.0342110 seconds
34.922: [GC [PSYoungGen: 162279K->23015K(162304K)] 503717K->372522K(532480K), 0.0121010 secs] [Times: user=0.09 sys=0.00, real=0.02 secs] 
34.935: Total time for which application threads were stopped: 0.0127230 seconds, Stopping threads took: 0.0000610 seconds
34.973: Application time: 0.0386800 seconds
34.975: [GC [PSYoungGen: 162279K->23015K(162304K)] 511786K->381733K(532480K), 0.0119680 secs] [Times: user=0.08 sys=0.01, real=0.01 secs] 
34.987: [Full GC [PSYoungGen: 23015K->0K(162304K)] [ParOldGen: 358718K->336582K(370176K)] 381733K->336582K(532480K) [PSPermGen: 13546K->13531K(24576K)], 0.1916560 secs] [Times: user=1.34 sys=0.03, real=0.19 secs] 
35.178: Total time for which application threads were stopped: 0.2052870 seconds, Stopping threads took: 0.0009890 seconds
35.181: Application time: 0.0021990 seconds
35.181: Total time for which application threads were stopped: 0.0006270 seconds, Stopping threads took: 0.0000850 seconds
35.213: Application time: 0.0321640 seconds
35.214: Total time for which application threads were stopped: 0.0005730 seconds, Stopping threads took: 0.0000630 seconds
35.214: Application time: 0.0000530 seconds
35.214: [GC [PSYoungGen: 139264K->6530K(162304K)] 475851K->343118K(532480K), 0.0035330 secs] [Times: user=0.03 sys=0.00, real=0.00 secs] 
35.218: Total time for which application threads were stopped: 0.0038880 seconds, Stopping threads took: 0.0000590 seconds
35.252: Application time: 0.0345000 seconds
35.255: [GC [PSYoungGen: 145794K->14020K(162304K)] 482384K->350610K(532480K), 0.0059480 secs] [Times: user=0.05 sys=0.00, real=0.00 secs] 
35.261: Total time for which application threads were stopped: 0.0086870 seconds, Stopping threads took: 0.0021890 seconds
35.298: Application time: 0.0370420 seconds
35.299: [GC [PSYoungGen: 153284K->20615K(162304K)] 489874K->357205K(532480K), 0.0078310 secs] [Times: user=0.06 sys=0.00, real=0.01 secs] 
35.307: Total time for which application threads were stopped: 0.0085300 seconds, Stopping threads took: 0.0001170 seconds
35.341: Application time: 0.0345830 seconds
35.342: [GC [PSYoungGen: 159879K->23016K(162304K)] 496469K->365700K(532480K), 0.0102350 secs] [Times: user=0.07 sys=0.01, real=0.01 secs] 
35.352: Total time for which application threads were stopped: 0.0108570 seconds, Stopping threads took: 0.0000550 seconds
35.387: Application time: 0.0344710 seconds
35.387: Total time for which application threads were stopped: 0.0005210 seconds, Stopping threads took: 0.0000350 seconds
35.387: Application time: 0.0000180 seconds
35.387: [GC [PSYoungGen: 162280K->23015K(162304K)] 504964K->373712K(532480K), 0.0108820 secs] [Times: user=0.08 sys=0.00, real=0.01 secs] 
35.398: Total time for which application threads were stopped: 0.0111740 seconds, Stopping threads took: 0.0000170 seconds
35.434: Application time: 0.0352680 seconds
35.434: [GC [PSYoungGen: 162279K->23015K(162304K)] 512978K->380185K(532480K), 0.0108620 secs] [Times: user=0.09 sys=0.00, real=0.01 secs] 
35.445: [Full GC [PSYoungGen: 23015K->2175K(162304K)] [ParOldGen: 357170K->370080K(370176K)] 380185K->372255K(532480K) [PSPermGen: 13542K->13542K(24576K)], 0.2234050 secs] [Times: user=1.67 sys=0.01, real=0.22 secs] 
35.669: Total time for which application threads were stopped: 0.2349570 seconds, Stopping threads took: 0.0000570 seconds
35.698: Application time: 0.0297670 seconds
35.699: Total time for which application threads were stopped: 0.0008630 seconds, Stopping threads took: 0.0001190 seconds
35.708: Application time: 0.0084260 seconds
35.708: [Full GC [PSYoungGen: 141439K->7505K(162304K)] [ParOldGen: 370080K->370170K(370176K)] 511519K->377675K(532480K) [PSPermGen: 13553K->13553K(24064K)], 0.2192890 secs] [Times: user=1.63 sys=0.02, real=0.22 secs] 
35.928: Total time for which application threads were stopped: 0.2200530 seconds, Stopping threads took: 0.0000800 seconds
35.943: Application time: 0.0157550 seconds
35.944: Total time for which application threads were stopped: 0.0007090 seconds, Stopping threads took: 0.0000810 seconds
35.961: Application time: 0.0172480 seconds
35.962: [Full GC [PSYoungGen: 139264K->12678K(162304K)] [ParOldGen: 370170K->370130K(370176K)] 509434K->382809K(532480K) [PSPermGen: 13560K->13560K(23040K)], 0.2065180 secs] [Times: user=1.52 sys=0.01, real=0.21 secs] 
36.169: Total time for which application threads were stopped: 0.2071760 seconds, Stopping threads took: 0.0000520 seconds
36.202: Application time: 0.0331090 seconds
36.202: Total time for which application threads were stopped: 0.0006720 seconds, Stopping threads took: 0.0000720 seconds
36.203: Application time: 0.0001020 seconds
36.203: Total time for which application threads were stopped: 0.0002090 seconds, Stopping threads took: 0.0000570 seconds
36.203: Application time: 0.0000330 seconds
36.203: [Full GC [PSYoungGen: 139264K->18748K(162304K)] [ParOldGen: 370130K->370099K(370176K)] 509394K->388847K(532480K) [PSPermGen: 13562K->13562K(22528K)], 0.2051350 secs] [Times: user=1.51 sys=0.00, real=0.21 secs] 
36.408: Total time for which application threads were stopped: 0.2053500 seconds, Stopping threads took: 0.0000370 seconds
36.410: Application time: 0.0016940 seconds
36.410: Total time for which application threads were stopped: 0.0006420 seconds, Stopping threads took: 0.0001140 seconds
36.438: Application time: 0.0275210 seconds
36.439: [Full GC [PSYoungGen: 139264K->23895K(162304K)] [ParOldGen: 370101K->370070K(370176K)] 509365K->393966K(532480K) [PSPermGen: 13562K->13562K(21504K)], 0.2069770 secs] [Times: user=1.54 sys=0.00, real=0.21 secs] 
36.646: Total time for which application threads were stopped: 0.2076430 seconds, Stopping threads took: 0.0000490 seconds
36.673: Application time: 0.0276420 seconds
36.674: [Full GC [PSYoungGen: 139264K->26425K(162304K)] [ParOldGen: 370070K->370035K(370176K)] 509334K->396461K(532480K) [PSPermGen: 13562K->13562K(21504K)], 0.2040240 secs] [Times: user=1.52 sys=0.01, real=0.20 secs] 
36.878: Total time for which application threads were stopped: 0.2046900 seconds, Stopping threads took: 0.0000450 seconds
36.907: Application time: 0.0286050 seconds
36.907: [Full GC [PSYoungGen: 139264K->28411K(162304K)] [ParOldGen: 370035K->370020K(370176K)] 509299K->398431K(532480K) [PSPermGen: 13562K->13562K(21504K)], 0.1944600 secs] [Times: user=1.44 sys=0.00, real=0.19 secs] 
37.102: Total time for which application threads were stopped: 0.1951490 seconds, Stopping threads took: 0.0000440 seconds
37.111: Application time: 0.0096290 seconds
37.112: Total time for which application threads were stopped: 0.0005790 seconds, Stopping threads took: 0.0000600 seconds
37.156: Application time: 0.0444540 seconds
37.157: [Full GC [PSYoungGen: 139264K->30243K(162304K)] [ParOldGen: 370020K->369732K(370176K)] 509284K->399975K(532480K) [PSPermGen: 13566K->13566K(21504K)], 0.2560300 secs] [Times: user=1.92 sys=0.00, real=0.26 secs] 
37.413: Total time for which application threads were stopped: 0.2567040 seconds, Stopping threads took: 0.0000660 seconds
37.444: Application time: 0.0312510 seconds
37.445: [Full GC [PSYoungGen: 139264K->31621K(162304K)] [ParOldGen: 369732K->370148K(370176K)] 508996K->401769K(532480K) [PSPermGen: 13567K->13567K(21504K)], 0.2770260 secs] [Times: user=2.09 sys=0.00, real=0.27 secs] 
37.722: Total time for which application threads were stopped: 0.2777340 seconds, Stopping threads took: 0.0000610 seconds
37.723: Application time: 0.0009170 seconds
37.724: Total time for which application threads were stopped: 0.0006110 seconds, Stopping threads took: 0.0000920 seconds
37.764: Application time: 0.0404110 seconds
37.765: [Full GC [PSYoungGen: 139264K->31854K(162304K)] [ParOldGen: 370148K->369783K(370176K)] 509412K->401637K(532480K) [PSPermGen: 13569K->13569K(21504K)], 0.1732140 secs] [Times: user=1.28 sys=0.01, real=0.17 secs] 
37.938: Total time for which application threads were stopped: 0.1739300 seconds, Stopping threads took: 0.0000630 seconds
37.943: Application time: 0.0047690 seconds
37.944: Total time for which application threads were stopped: 0.0008270 seconds, Stopping threads took: 0.0001470 seconds
37.944: Application time: 0.0000440 seconds
37.944: Total time for which application threads were stopped: 0.0004050 seconds, Stopping threads took: 0.0000630 seconds
37.944: Application time: 0.0000450 seconds
37.944: Total time for which application threads were stopped: 0.0002720 seconds, Stopping threads took: 0.0000480 seconds
37.944: Application time: 0.0000280 seconds
37.945: Total time for which application threads were stopped: 0.0002650 seconds, Stopping threads took: 0.0000480 seconds
37.968: Application time: 0.0238140 seconds
37.969: [Full GC [PSYoungGen: 139264K->31866K(162304K)] [ParOldGen: 369783K->369725K(370176K)] 509047K->401592K(532480K) [PSPermGen: 13569K->13569K(21504K)], 0.1444690 secs] [Times: user=1.05 sys=0.01, real=0.15 secs] 
38.114: Total time for which application threads were stopped: 0.1451210 seconds, Stopping threads took: 0.0000810 seconds
38.141: Application time: 0.0272240 seconds
38.141: [Full GC [PSYoungGen: 139264K->31884K(162304K)] [ParOldGen: 369725K->369722K(370176K)] 508989K->401607K(532480K) [PSPermGen: 13569K->13569K(21504K)], 0.1082210 secs] [Times: user=0.79 sys=0.00, real=0.11 secs] 
38.250: Total time for which application threads were stopped: 0.1088550 seconds, Stopping threads took: 0.0000630 seconds
38.275: Application time: 0.0257620 seconds
38.276: [Full GC [PSYoungGen: 139264K->31899K(162304K)] [ParOldGen: 369722K->369720K(370176K)] 508986K->401619K(532480K) [PSPermGen: 13569K->13569K(21504K)], 0.1072830 secs] [Times: user=0.78 sys=0.00, real=0.10 secs] 
38.383: Total time for which application threads were stopped: 0.1079590 seconds, Stopping threads took: 0.0000470 seconds
38.409: Application time: 0.0260130 seconds
38.410: [Full GC [PSYoungGen: 139264K->31913K(162304K)] [ParOldGen: 369720K->369717K(370176K)] 508984K->401631K(532480K) [PSPermGen: 13569K->13569K(21504K)], 0.1075430 secs] [Times: user=0.79 sys=0.00, real=0.11 secs] 
38.518: Total time for which application threads were stopped: 0.1082560 seconds, Stopping threads took: 0.0000530 seconds
38.545: Application time: 0.0274760 seconds
38.546: [Full GC [PSYoungGen: 139264K->31934K(162304K)] [ParOldGen: 369717K->369715K(370176K)] 508981K->401649K(532480K) [PSPermGen: 13569K->13569K(21504K)], 0.1051600 secs] [Times: user=0.76 sys=0.00, real=0.10 secs] 
38.651: Total time for which application threads were stopped: 0.1058630 seconds, Stopping threads took: 0.0000610 seconds
38.677: Application time: 0.0261970 seconds
38.678: [Full GC [PSYoungGen: 139264K->31955K(162304K)] [ParOldGen: 369715K->369712K(370176K)] 508979K->401668K(532480K) [PSPermGen: 13569K->13569K(21504K)], 0.1052640 secs] [Times: user=0.76 sys=0.01, real=0.10 secs] 
38.783: Total time for which application threads were stopped: 0.1059270 seconds, Stopping threads took: 0.0000600 seconds
38.809: Application time: 0.0254760 seconds
38.809: [Full GC [PSYoungGen: 139264K->31975K(162304K)] [ParOldGen: 369712K->369710K(370176K)] 508976K->401685K(532480K) [PSPermGen: 13569K->13569K(21504K)], 0.1027940 secs] [Times: user=0.75 sys=0.00, real=0.10 secs] 
38.912: Total time for which application threads were stopped: 0.1034590 seconds, Stopping threads took: 0.0000440 seconds
38.938: Application time: 0.0261890 seconds
38.939: [Full GC [PSYoungGen: 139264K->31992K(162304K)] [ParOldGen: 369710K->369707K(370176K)] 508974K->401700K(532480K) [PSPermGen: 13569K->13569K(21504K)], 0.1035840 secs] [Times: user=0.75 sys=0.00, real=0.10 secs] 
39.043: Total time for which application threads were stopped: 0.1042710 seconds, Stopping threads took: 0.0000620 seconds
39.070: Application time: 0.0276230 seconds
39.071: [Full GC [PSYoungGen: 139264K->32011K(162304K)] [ParOldGen: 369707K->369705K(370176K)] 508971K->401716K(532480K) [PSPermGen: 13569K->13569K(21504K)], 0.1013600 secs] [Times: user=0.73 sys=0.00, real=0.10 secs] 
39.172: Total time for which application threads were stopped: 0.1020830 seconds, Stopping threads took: 0.0000690 seconds
39.198: Application time: 0.0257440 seconds
39.199: [Full GC [PSYoungGen: 139264K->32027K(162304K)] [ParOldGen: 369705K->369702K(370176K)] 508969K->401729K(532480K) [PSPermGen: 13569K->13569K(21504K)], 0.1009150 secs] [Times: user=0.73 sys=0.00, real=0.10 secs] 
39.300: Total time for which application threads were stopped: 0.1015990 seconds, Stopping threads took: 0.0000500 seconds
39.325: Application time: 0.0253480 seconds
39.326: [Full GC [PSYoungGen: 139264K->32045K(162304K)] [ParOldGen: 369702K->369699K(370176K)] 508966K->401745K(532480K) [PSPermGen: 13569K->13569K(21504K)], 0.1002620 secs] [Times: user=0.73 sys=0.00, real=0.10 secs] 
39.426: Total time for which application threads were stopped: 0.1009300 seconds, Stopping threads took: 0.0000440 seconds
39.452: Application time: 0.0257560 seconds
39.452: [Full GC [PSYoungGen: 139264K->32058K(162304K)] [ParOldGen: 369699K->369697K(370176K)] 508963K->401755K(532480K) [PSPermGen: 13569K->13569K(21504K)], 0.0849870 secs] [Times: user=0.60 sys=0.01, real=0.09 secs] 
39.537: Total time for which application threads were stopped: 0.0856170 seconds, Stopping threads took: 0.0000660 seconds
39.563: Application time: 0.0257470 seconds
39.564: [Full GC [PSYoungGen: 139264K->32080K(162304K)] [ParOldGen: 369697K->369694K(370176K)] 508961K->401775K(532480K) [PSPermGen: 13569K->13569K(21504K)], 0.0841470 secs] [Times: user=0.60 sys=0.00, real=0.09 secs] 
39.648: Total time for which application threads were stopped: 0.0848390 seconds, Stopping threads took: 0.0000510 seconds
39.674: Application time: 0.0257270 seconds
39.674: [Full GC [PSYoungGen: 139264K->32099K(162304K)] [ParOldGen: 369694K->369692K(370176K)] 508958K->401791K(532480K) [PSPermGen: 13569K->13569K(21504K)], 0.0844490 secs] [Times: user=0.60 sys=0.00, real=0.08 secs] 
39.759: Total time for which application threads were stopped: 0.0851890 seconds, Stopping threads took: 0.0000410 seconds
39.789: Application time: 0.0299390 seconds
39.789: [Full GC [PSYoungGen: 139264K->32112K(162304K)] [ParOldGen: 369692K->369689K(370176K)] 508956K->401801K(532480K) [PSPermGen: 13569K->13569K(21504K)], 0.0840280 secs] [Times: user=0.60 sys=0.00, real=0.09 secs] 
39.873: Total time for which application threads were stopped: 0.0847140 seconds, Stopping threads took: 0.0000880 seconds
39.903: Application time: 0.0292390 seconds
39.903: [Full GC [PSYoungGen: 139264K->32133K(162304K)] [ParOldGen: 369689K->369687K(370176K)] 508953K->401821K(532480K) [PSPermGen: 13569K->13569K(21504K)], 0.0867990 secs] [Times: user=0.63 sys=0.01, real=0.09 secs] 
39.990: Total time for which application threads were stopped: 0.0875650 seconds, Stopping threads took: 0.0000780 seconds
40.017: Application time: 0.0271380 seconds
40.018: [Full GC [PSYoungGen: 139264K->32149K(162304K)] [ParOldGen: 369687K->369684K(370176K)] 508951K->401833K(532480K) [PSPermGen: 13570K->13570K(21504K)], 0.0843420 secs] [Times: user=0.61 sys=0.00, real=0.08 secs] 
40.102: Total time for which application threads were stopped: 0.0850120 seconds, Stopping threads took: 0.0000970 seconds
40.128: Application time: 0.0254450 seconds
40.129: [Full GC [PSYoungGen: 139264K->32170K(162304K)] [ParOldGen: 369684K->369682K(370176K)] 508948K->401852K(532480K) [PSPermGen: 13570K->13570K(21504K)], 0.0840860 secs] [Times: user=0.61 sys=0.00, real=0.09 secs] 
40.213: Total time for which application threads were stopped: 0.0847860 seconds, Stopping threads took: 0.0000840 seconds
40.239: Application time: 0.0261130 seconds
40.239: [Full GC [PSYoungGen: 139264K->32186K(162304K)] [ParOldGen: 369682K->369679K(370176K)] 508946K->401866K(532480K) [PSPermGen: 13570K->13570K(21504K)], 0.0865310 secs] [Times: user=0.62 sys=0.00, real=0.09 secs] 
40.326: Total time for which application threads were stopped: 0.0872770 seconds, Stopping threads took: 0.0000730 seconds
40.351: Application time: 0.0250610 seconds
40.352: [Full GC [PSYoungGen: 139264K->32207K(162304K)] [ParOldGen: 369679K->369676K(370176K)] 508943K->401884K(532480K) [PSPermGen: 13570K->13570K(21504K)], 0.0847360 secs] [Times: user=0.61 sys=0.00, real=0.09 secs] 
40.437: Total time for which application threads were stopped: 0.0854430 seconds, Stopping threads took: 0.0000680 seconds
40.462: Application time: 0.0251250 seconds
40.462: [Full GC [PSYoungGen: 139264K->32223K(162304K)] [ParOldGen: 369676K->369674K(370176K)] 508940K->401897K(532480K) [PSPermGen: 13570K->13570K(21504K)], 0.0844670 secs] [Times: user=0.60 sys=0.00, real=0.09 secs] 
40.547: Total time for which application threads were stopped: 0.0851660 seconds, Stopping threads took: 0.0000570 seconds
40.572: Application time: 0.0255770 seconds
40.573: [Full GC [PSYoungGen: 139264K->32241K(162304K)] [ParOldGen: 369674K->369671K(370176K)] 508938K->401913K(532480K) [PSPermGen: 13570K->13570K(21504K)], 0.0755820 secs] [Times: user=0.54 sys=0.01, real=0.07 secs] 
40.649: Total time for which application threads were stopped: 0.0762890 seconds, Stopping threads took: 0.0000560 seconds
40.677: Application time: 0.0279840 seconds
40.677: [Full GC [PSYoungGen: 139264K->32258K(162304K)] [ParOldGen: 369671K->369669K(370176K)] 508935K->401927K(532480K) [PSPermGen: 13570K->13570K(21504K)], 0.0766590 secs] [Times: user=0.54 sys=0.00, real=0.08 secs] 
40.754: Total time for which application threads were stopped: 0.0773600 seconds, Stopping threads took: 0.0000740 seconds
40.786: Application time: 0.0314380 seconds
40.786: [Full GC [PSYoungGen: 139264K->32274K(162304K)] [ParOldGen: 369669K->369666K(370176K)] 508933K->401940K(532480K) [PSPermGen: 13582K->13582K(21504K)], 0.0762820 secs] [Times: user=0.54 sys=0.00, real=0.07 secs] 
40.863: Total time for which application threads were stopped: 0.0770410 seconds, Stopping threads took: 0.0000680 seconds
40.894: Application time: 0.0313070 seconds
40.895: [Full GC [PSYoungGen: 139264K->32292K(162304K)] [ParOldGen: 369666K->369664K(370176K)] 508930K->401956K(532480K) [PSPermGen: 13582K->13582K(21504K)], 0.0780000 secs] [Times: user=0.56 sys=0.00, real=0.08 secs] 
40.973: Total time for which application threads were stopped: 0.0787270 seconds, Stopping threads took: 0.0000490 seconds
41.003: Application time: 0.0299900 seconds
41.003: [Full GC [PSYoungGen: 139264K->31798K(162304K)] [ParOldGen: 369664K->370173K(370176K)] 508928K->401972K(532480K) [PSPermGen: 13583K->13583K(21504K)], 0.0889980 secs] [Times: user=0.65 sys=0.00, real=0.10 secs] 
41.092: Total time for which application threads were stopped: 0.0897930 seconds, Stopping threads took: 0.0000690 seconds
41.124: Application time: 0.0319930 seconds
41.125: [Full GC [PSYoungGen: 139264K->31814K(162304K)] [ParOldGen: 370173K->370171K(370176K)] 509437K->401986K(532480K) [PSPermGen: 13583K->13583K(21504K)], 0.0918500 secs] [Times: user=0.66 sys=0.00, real=0.09 secs] 
41.217: Total time for which application threads were stopped: 0.0926010 seconds, Stopping threads took: 0.0000720 seconds
41.243: Application time: 0.0257410 seconds
41.243: [Full GC [PSYoungGen: 139264K->31830K(162304K)] [ParOldGen: 370171K->370171K(370176K)] 509435K->402001K(532480K) [PSPermGen: 13583K->13583K(21504K)], 0.0945030 secs] [Times: user=0.68 sys=0.00, real=0.10 secs] 
41.338: Total time for which application threads were stopped: 0.0952220 seconds, Stopping threads took: 0.0000860 seconds
41.364: Application time: 0.0258850 seconds
41.365: [Full GC [PSYoungGen: 139264K->31839K(162304K)] [ParOldGen: 370171K->370170K(370176K)] 509435K->402010K(532480K) [PSPermGen: 13583K->13583K(21504K)], 0.0967880 secs] [Times: user=0.70 sys=0.00, real=0.09 secs] 
41.461: Total time for which application threads were stopped: 0.0974960 seconds, Stopping threads took: 0.0000760 seconds
41.487: Application time: 0.0258030 seconds
41.488: [Full GC [PSYoungGen: 139264K->31864K(162304K)] [ParOldGen: 370170K->370170K(370176K)] 509434K->402035K(532480K) [PSPermGen: 13583K->13583K(21504K)], 0.0978250 secs] [Times: user=0.71 sys=0.00, real=0.10 secs] 
41.586: Total time for which application threads were stopped: 0.0985400 seconds, Stopping threads took: 0.0000890 seconds
41.611: Application time: 0.0252690 seconds
41.612: [Full GC [PSYoungGen: 139264K->31885K(162304K)] [ParOldGen: 370170K->370170K(370176K)] 509434K->402056K(532480K) [PSPermGen: 13583K->13583K(21504K)], 0.0855830 secs] [Times: user=0.62 sys=0.00, real=0.09 secs] 
41.697: Total time for which application threads were stopped: 0.0862210 seconds, Stopping threads took: 0.0000730 seconds
41.723: Application time: 0.0254480 seconds
41.723: [Full GC [PSYoungGen: 139264K->31898K(162304K)] [ParOldGen: 370170K->370170K(370176K)] 509434K->402069K(532480K) [PSPermGen: 13583K->13583K(21504K)], 0.0821470 secs] [Times: user=0.59 sys=0.00, real=0.09 secs] 
41.806: Total time for which application threads were stopped: 0.0828600 seconds, Stopping threads took: 0.0000670 seconds
41.831: Application time: 0.0253900 seconds
41.832: [Full GC [PSYoungGen: 139264K->31914K(162304K)] [ParOldGen: 370170K->370170K(370176K)] 509434K->402085K(532480K) [PSPermGen: 13583K->13583K(21504K)], 0.0805220 secs] [Times: user=0.57 sys=0.00, real=0.08 secs] 
41.912: Total time for which application threads were stopped: 0.0811930 seconds, Stopping threads took: 0.0000550 seconds
41.938: Application time: 0.0257100 seconds
41.938: [Full GC [PSYoungGen: 139264K->31928K(162304K)] [ParOldGen: 370170K->370170K(370176K)] 509434K->402099K(532480K) [PSPermGen: 13583K->13583K(21504K)], 0.0789720 secs] [Times: user=0.56 sys=0.00, real=0.08 secs] 
42.017: Total time for which application threads were stopped: 0.0796290 seconds, Stopping threads took: 0.0000640 seconds
42.046: Application time: 0.0285520 seconds
42.047: [Full GC [PSYoungGen: 139264K->31767K(162304K)] [ParOldGen: 370170K->370170K(370176K)] 509434K->401938K(532480K) [PSPermGen: 13583K->13583K(21504K)], 0.0741670 secs] [Times: user=0.53 sys=0.00, real=0.07 secs] 
42.121: Total time for which application threads were stopped: 0.0752080 seconds, Stopping threads took: 0.0004030 seconds
42.121: Application time: 0.0002510 seconds
42.122: Total time for which application threads were stopped: 0.0006710 seconds, Stopping threads took: 0.0000940 seconds
42.132: Application time: 0.0099750 seconds
42.133: Total time for which application threads were stopped: 0.0006220 seconds, Stopping threads took: 0.0001080 seconds
42.133: Application time: 0.0000570 seconds
42.133: Total time for which application threads were stopped: 0.0003110 seconds, Stopping threads took: 0.0000840 seconds
42.146: Application time: 0.0126120 seconds
42.146: Total time for which application threads were stopped: 0.0006650 seconds, Stopping threads took: 0.0001360 seconds
42.153: Application time: 0.0068200 seconds
42.154: [Full GC [PSYoungGen: 139264K->31441K(162304K)] [ParOldGen: 370170K->370170K(370176K)] 509434K->401612K(532480K) [PSPermGen: 13583K->13583K(21504K)], 0.0746130 secs] [Times: user=0.52 sys=0.00, real=0.07 secs] 
42.229: Total time for which application threads were stopped: 0.0753350 seconds, Stopping threads took: 0.0001020 seconds
42.229: Application time: 0.0003530 seconds
42.230: Total time for which application threads were stopped: 0.0007520 seconds, Stopping threads took: 0.0000570 seconds
42.230: Application time: 0.0000270 seconds
42.230: Total time for which application threads were stopped: 0.0001870 seconds, Stopping threads took: 0.0000410 seconds
42.230: Application time: 0.0000220 seconds
42.230: Total time for which application threads were stopped: 0.0001690 seconds, Stopping threads took: 0.0000480 seconds
42.230: Application time: 0.0000310 seconds
42.230: Total time for which application threads were stopped: 0.0001310 seconds, Stopping threads took: 0.0000290 seconds
42.230: Application time: 0.0000260 seconds
42.230: Total time for which application threads were stopped: 0.0001190 seconds, Stopping threads took: 0.0000230 seconds
42.256: Application time: 0.0251990 seconds
42.256: [Full GC [PSYoungGen: 139264K->31411K(162304K)] [ParOldGen: 370170K->370170K(370176K)] 509434K->401582K(532480K) [PSPermGen: 13584K->13584K(21504K)], 0.0736980 secs] [Times: user=0.52 sys=0.00, real=0.07 secs] 
42.330: Total time for which application threads were stopped: 0.0744040 seconds, Stopping threads took: 0.0000680 seconds
42.355: Application time: 0.0254230 seconds
42.356: [Full GC [PSYoungGen: 139264K->31426K(162304K)] [ParOldGen: 370170K->370170K(370176K)] 509434K->401597K(532480K) [PSPermGen: 13584K->13584K(21504K)], 0.0737910 secs] [Times: user=0.52 sys=0.00, real=0.07 secs] 
42.430: Total time for which application threads were stopped: 0.0744620 seconds, Stopping threads took: 0.0000580 seconds
42.455: Application time: 0.0249760 seconds
42.456: [Full GC [PSYoungGen: 139264K->31442K(162304K)] [ParOldGen: 370170K->370170K(370176K)] 509434K->401612K(532480K) [PSPermGen: 13587K->13587K(21504K)], 0.0740980 secs] [Times: user=0.51 sys=0.00, real=0.07 secs] 
42.530: Total time for which application threads were stopped: 0.0747740 seconds, Stopping threads took: 0.0000620 seconds
42.555: Application time: 0.0255740 seconds
42.556: [Full GC [PSYoungGen: 139264K->31458K(162304K)] [ParOldGen: 370170K->370170K(370176K)] 509434K->401629K(532480K) [PSPermGen: 13587K->13587K(21504K)], 0.0730930 secs] [Times: user=0.51 sys=0.00, real=0.07 secs] 
42.629: Total time for which application threads were stopped: 0.0737830 seconds, Stopping threads took: 0.0000440 seconds
42.655: Application time: 0.0255010 seconds
42.655: [Full GC [PSYoungGen: 139264K->31474K(162304K)] [ParOldGen: 370170K->370170K(370176K)] 509434K->401645K(532480K) [PSPermGen: 13587K->13587K(21504K)], 0.0722170 secs] [Times: user=0.51 sys=0.00, real=0.07 secs] 
42.727: Total time for which application threads were stopped: 0.0729390 seconds, Stopping threads took: 0.0000930 seconds
42.753: Application time: 0.0256330 seconds
42.754: [Full GC [PSYoungGen: 139264K->31489K(162304K)] [ParOldGen: 370170K->370170K(370176K)] 509434K->401660K(532480K) [PSPermGen: 13587K->13587K(21504K)], 0.0735250 secs] [Times: user=0.52 sys=0.00, real=0.07 secs] 
42.827: Total time for which application threads were stopped: 0.0742330 seconds, Stopping threads took: 0.0000890 seconds
42.855: Application time: 0.0276760 seconds
42.856: [Full GC [PSYoungGen: 139264K->31503K(162304K)] [ParOldGen: 370170K->370170K(370176K)] 509434K->401674K(532480K) [PSPermGen: 13587K->13587K(21504K)], 0.0739930 secs] [Times: user=0.52 sys=0.00, real=0.07 secs] 
42.930: Total time for which application threads were stopped: 0.0746910 seconds, Stopping threads took: 0.0001340 seconds
42.957: Application time: 0.0268620 seconds
42.957: [Full GC [PSYoungGen: 139264K->31520K(162304K)] [ParOldGen: 370170K->370170K(370176K)] 509434K->401691K(532480K) [PSPermGen: 13587K->13587K(21504K)], 0.0734640 secs] [Times: user=0.52 sys=0.01, real=0.07 secs] 
43.031: Total time for which application threads were stopped: 0.0741870 seconds, Stopping threads took: 0.0000730 seconds
43.031: Application time: 0.0000870 seconds
43.032: Total time for which application threads were stopped: 0.0006510 seconds, Stopping threads took: 0.0000750 seconds
43.057: Application time: 0.0252840 seconds
43.057: [Full GC [PSYoungGen: 139264K->31531K(162304K)] [ParOldGen: 370170K->370170K(370176K)] 509434K->401702K(532480K) [PSPermGen: 13587K->13587K(21504K)], 0.0731160 secs] [Times: user=0.52 sys=0.00, real=0.07 secs] 
43.131: Total time for which application threads were stopped: 0.0738030 seconds, Stopping threads took: 0.0000650 seconds
43.157: Application time: 0.0263980 seconds
43.158: [Full GC [PSYoungGen: 139264K->31547K(162304K)] [ParOldGen: 370170K->370170K(370176K)] 509434K->401718K(532480K) [PSPermGen: 13587K->13587K(21504K)], 0.0735060 secs] [Times: user=0.51 sys=0.00, real=0.07 secs] 
43.231: Total time for which application threads were stopped: 0.0742000 seconds, Stopping threads took: 0.0000840 seconds
43.260: Application time: 0.0283120 seconds
43.260: [Full GC [PSYoungGen: 139264K->31564K(162304K)] [ParOldGen: 370170K->370170K(370176K)] 509434K->401735K(532480K) [PSPermGen: 13587K->13587K(21504K)], 0.0735520 secs] [Times: user=0.52 sys=0.00, real=0.08 secs] 
43.334: Total time for which application threads were stopped: 0.0743170 seconds, Stopping threads took: 0.0000800 seconds
43.359: Application time: 0.0256400 seconds
43.360: [Full GC [PSYoungGen: 139264K->31580K(162304K)] [ParOldGen: 370170K->370170K(370176K)] 509434K->401750K(532480K) [PSPermGen: 13587K->13587K(21504K)], 0.0734340 secs] [Times: user=0.51 sys=0.00, real=0.08 secs] 
43.434: Total time for which application threads were stopped: 0.0741210 seconds, Stopping threads took: 0.0000590 seconds
43.459: Application time: 0.0254840 seconds
43.460: [Full GC [PSYoungGen: 139264K->31595K(162304K)] [ParOldGen: 370170K->370170K(370176K)] 509434K->401766K(532480K) [PSPermGen: 13587K->13587K(21504K)], 0.0737330 secs] [Times: user=0.52 sys=0.00, real=0.08 secs] 
43.534: Total time for which application threads were stopped: 0.0744510 seconds, Stopping threads took: 0.0000500 seconds
43.559: Application time: 0.0251700 seconds
43.559: [Full GC [PSYoungGen: 139264K->31609K(162304K)] [ParOldGen: 370170K->370170K(370176K)] 509434K->401780K(532480K) [PSPermGen: 13587K->13587K(21504K)], 0.0729560 secs] [Times: user=0.50 sys=0.01, real=0.08 secs] 
43.632: Total time for which application threads were stopped: 0.0736550 seconds, Stopping threads took: 0.0000480 seconds
43.658: Application time: 0.0251470 seconds
43.658: [Full GC [PSYoungGen: 139264K->31624K(162304K)] [ParOldGen: 370170K->370170K(370176K)] 509434K->401795K(532480K) [PSPermGen: 13587K->13587K(21504K)], 0.0736900 secs] [Times: user=0.52 sys=0.00, real=0.07 secs] 
43.732: Total time for which application threads were stopped: 0.0743080 seconds, Stopping threads took: 0.0000570 seconds
43.757: Application time: 0.0249000 seconds
43.757: [Full GC [PSYoungGen: 139264K->31639K(162304K)] [ParOldGen: 370170K->370170K(370176K)] 509434K->401810K(532480K) [PSPermGen: 13591K->13591K(21504K)], 0.0734290 secs] [Times: user=0.52 sys=0.00, real=0.07 secs] 
43.831: Total time for which application threads were stopped: 0.0741350 seconds, Stopping threads took: 0.0000650 seconds
43.856: Application time: 0.0253320 seconds
43.857: [Full GC [PSYoungGen: 139264K->31655K(162304K)] [ParOldGen: 370170K->370170K(370176K)] 509434K->401826K(532480K) [PSPermGen: 13591K->13591K(21504K)], 0.0735200 secs] [Times: user=0.52 sys=0.00, real=0.07 secs] 
43.930: Total time for which application threads were stopped: 0.0742440 seconds, Stopping threads took: 0.0000750 seconds
43.957: Application time: 0.0269050 seconds
43.958: [Full GC [PSYoungGen: 139264K->31670K(162304K)] [ParOldGen: 370170K->370170K(370176K)] 509434K->401841K(532480K) [PSPermGen: 13591K->13591K(21504K)], 0.0740600 secs] [Times: user=0.52 sys=0.00, real=0.07 secs] 
44.032: Total time for which application threads were stopped: 0.0748410 seconds, Stopping threads took: 0.0001440 seconds
44.059: Application time: 0.0271860 seconds
44.060: [Full GC [PSYoungGen: 139264K->31690K(162304K)] [ParOldGen: 370170K->370170K(370176K)] 509434K->401861K(532480K) [PSPermGen: 13591K->13591K(21504K)], 0.0731460 secs] [Times: user=0.51 sys=0.00, real=0.08 secs] 
44.133: Total time for which application threads were stopped: 0.0738780 seconds, Stopping threads took: 0.0000740 seconds
44.158: Application time: 0.0251410 seconds
44.159: [Full GC [PSYoungGen: 139264K->31704K(162304K)] [ParOldGen: 370170K->370170K(370176K)] 509434K->401875K(532480K) [PSPermGen: 13591K->13591K(21504K)], 0.0738940 secs] [Times: user=0.51 sys=0.01, real=0.08 secs] 
44.233: Total time for which application threads were stopped: 0.0745690 seconds, Stopping threads took: 0.0000580 seconds
44.259: Application time: 0.0262050 seconds
44.260: [Full GC [PSYoungGen: 139264K->31719K(162304K)] [ParOldGen: 370170K->370170K(370176K)] 509434K->401890K(532480K) [PSPermGen: 13591K->13591K(21504K)], 0.0745360 secs] [Times: user=0.53 sys=0.00, real=0.08 secs] 
44.334: Total time for which application threads were stopped: 0.0751620 seconds, Stopping threads took: 0.0000560 seconds
44.360: Application time: 0.0251710 seconds
44.360: [Full GC [PSYoungGen: 139264K->31734K(162304K)] [ParOldGen: 370170K->370170K(370176K)] 509434K->401905K(532480K) [PSPermGen: 13591K->13591K(21504K)], 0.0735400 secs] [Times: user=0.52 sys=0.00, real=0.08 secs] 
44.434: Total time for which application threads were stopped: 0.0742170 seconds, Stopping threads took: 0.0000480 seconds
44.459: Application time: 0.0257300 seconds
44.460: [Full GC [PSYoungGen: 139264K->31749K(162304K)] [ParOldGen: 370170K->370170K(370176K)] 509434K->401919K(532480K) [PSPermGen: 13591K->13591K(21504K)], 0.0730020 secs] [Times: user=0.52 sys=0.00, real=0.08 secs] 
44.533: Total time for which application threads were stopped: 0.0736870 seconds, Stopping threads took: 0.0000580 seconds
44.559: Application time: 0.0256290 seconds
44.559: [Full GC [PSYoungGen: 139264K->31765K(162304K)] [ParOldGen: 370170K->370170K(370176K)] 509434K->401936K(532480K) [PSPermGen: 13591K->13591K(21504K)], 0.0735680 secs] [Times: user=0.51 sys=0.01, real=0.08 secs] 
44.633: Total time for which application threads were stopped: 0.0742440 seconds, Stopping threads took: 0.0000510 seconds
44.659: Application time: 0.0259770 seconds
44.660: [Full GC [PSYoungGen: 139264K->31778K(162304K)] [ParOldGen: 370170K->370170K(370176K)] 509434K->401949K(532480K) [PSPermGen: 13591K->13591K(21504K)], 0.0734980 secs] [Times: user=0.52 sys=0.00, real=0.08 secs] 
44.733: Total time for which application threads were stopped: 0.0741900 seconds, Stopping threads took: 0.0000560 seconds
44.759: Application time: 0.0259340 seconds
44.760: [Full GC [PSYoungGen: 139264K->31794K(162304K)] [ParOldGen: 370170K->370170K(370176K)] 509434K->401964K(532480K) [PSPermGen: 13591K->13591K(21504K)], 0.0738470 secs] [Times: user=0.52 sys=0.00, real=0.08 secs] 
44.834: Total time for which application threads were stopped: 0.0745230 seconds, Stopping threads took: 0.0000510 seconds
44.859: Application time: 0.0251850 seconds
44.860: [Full GC [PSYoungGen: 139264K->31810K(162304K)] [ParOldGen: 370170K->370170K(370176K)] 509434K->401981K(532480K) [PSPermGen: 13591K->13591K(21504K)], 0.0734870 secs] [Times: user=0.52 sys=0.00, real=0.08 secs] 
44.933: Total time for which application threads were stopped: 0.0741650 seconds, Stopping threads took: 0.0000490 seconds
44.959: Application time: 0.0263670 seconds
44.960: [Full GC [PSYoungGen: 139264K->31824K(162304K)] [ParOldGen: 370170K->370170K(370176K)] 509434K->401995K(532480K) [PSPermGen: 13591K->13591K(21504K)], 0.0737560 secs] [Times: user=0.52 sys=0.00, real=0.08 secs] 
45.034: Total time for which application threads were stopped: 0.0743830 seconds, Stopping threads took: 0.0000710 seconds
45.059: Application time: 0.0254780 seconds
45.060: [Full GC [PSYoungGen: 139264K->31841K(162304K)] [ParOldGen: 370170K->370170K(370176K)] 509434K->402012K(532480K) [PSPermGen: 13591K->13591K(21504K)], 0.0732660 secs] [Times: user=0.52 sys=0.00, real=0.08 secs] 
45.133: Total time for which application threads were stopped: 0.0739630 seconds, Stopping threads took: 0.0000780 seconds
45.159: Application time: 0.0254970 seconds
45.159: [Full GC [PSYoungGen: 139264K->31855K(162304K)] [ParOldGen: 370170K->370170K(370176K)] 509434K->402025K(532480K) [PSPermGen: 13591K->13591K(21504K)], 0.0733570 secs] [Times: user=0.52 sys=0.00, real=0.08 secs] 
45.233: Total time for which application threads were stopped: 0.0740390 seconds, Stopping threads took: 0.0000380 seconds
45.258: Application time: 0.0251560 seconds
45.259: [Full GC [PSYoungGen: 139264K->31874K(162304K)] [ParOldGen: 370170K->370170K(370176K)] 509434K->402044K(532480K) [PSPermGen: 13591K->13591K(21504K)], 0.0734280 secs] [Times: user=0.52 sys=0.00, real=0.07 secs] 
45.332: Total time for which application threads were stopped: 0.0741290 seconds, Stopping threads took: 0.0000510 seconds
45.357: Application time: 0.0252770 seconds
45.358: [Full GC [PSYoungGen: 139264K->31890K(162304K)] [ParOldGen: 370170K->370170K(370176K)] 509434K->402061K(532480K) [PSPermGen: 13591K->13591K(21504K)], 0.0727220 secs] [Times: user=0.51 sys=0.00, real=0.07 secs] 
45.431: Total time for which application threads were stopped: 0.0734110 seconds, Stopping threads took: 0.0000470 seconds
45.456: Application time: 0.0251050 seconds
45.457: [Full GC [PSYoungGen: 139264K->31906K(162304K)] [ParOldGen: 370170K->370170K(370176K)] 509434K->402076K(532480K) [PSPermGen: 13591K->13591K(21504K)], 0.0754220 secs] [Times: user=0.52 sys=0.01, real=0.07 secs] 
45.532: Total time for which application threads were stopped: 0.0761180 seconds, Stopping threads took: 0.0000510 seconds
45.558: Application time: 0.0261870 seconds
45.559: [Full GC [PSYoungGen: 139264K->31866K(162304K)] [ParOldGen: 370170K->370170K(370176K)] 509434K->402037K(532480K) [PSPermGen: 13592K->13592K(21504K)], 0.0741470 secs] [Times: user=0.51 sys=0.00, real=0.08 secs] 
45.633: Total time for which application threads were stopped: 0.0748390 seconds, Stopping threads took: 0.0000810 seconds
45.634: Application time: 0.0008670 seconds
45.635: Total time for which application threads were stopped: 0.0007490 seconds, Stopping threads took: 0.0000540 seconds
45.658: Application time: 0.0233760 seconds
45.659: Total time for which application threads were stopped: 0.0006150 seconds, Stopping threads took: 0.0000740 seconds
45.661: Application time: 0.0021930 seconds
45.662: [Full GC [PSYoungGen: 139264K->31749K(162304K)] [ParOldGen: 370170K->370170K(370176K)] 509434K->401920K(532480K) [PSPermGen: 13592K->13592K(21504K)], 0.0734590 secs] [Times: user=0.51 sys=0.00, real=0.08 secs] 
45.735: Total time for which application threads were stopped: 0.0741850 seconds, Stopping threads took: 0.0001130 seconds
45.739: Application time: 0.0039460 seconds
45.740: Total time for which application threads were stopped: 0.0006590 seconds, Stopping threads took: 0.0001000 seconds
45.740: Application time: 0.0000270 seconds
45.740: Total time for which application threads were stopped: 0.0002290 seconds, Stopping threads took: 0.0000660 seconds
45.765: Application time: 0.0247630 seconds
45.765: [Full GC [PSYoungGen: 139264K->31634K(162304K)] [ParOldGen: 370170K->370170K(370176K)] 509434K->401805K(532480K) [PSPermGen: 13601K->13601K(21504K)], 0.0896250 secs] [Times: user=0.64 sys=0.00, real=0.09 secs] 
45.855: Total time for which application threads were stopped: 0.0903290 seconds, Stopping threads took: 0.0000480 seconds
45.856: Application time: 0.0007560 seconds
45.856: Total time for which application threads were stopped: 0.0006330 seconds, Stopping threads took: 0.0000640 seconds
45.856: Application time: 0.0000240 seconds
45.857: Total time for which application threads were stopped: 0.0001260 seconds, Stopping threads took: 0.0000180 seconds
45.881: Application time: 0.0246940 seconds
45.882: [Full GC [PSYoungGen: 139264K->31617K(162304K)] [ParOldGen: 370170K->370170K(370176K)] 509434K->401787K(532480K) [PSPermGen: 13601K->13601K(21504K)], 0.0737530 secs] [Times: user=0.52 sys=0.00, real=0.08 secs] 
45.956: Total time for which application threads were stopped: 0.0744480 seconds, Stopping threads took: 0.0000630 seconds
45.982: Application time: 0.0258050 seconds
45.982: [Full GC [PSYoungGen: 139264K->31522K(162304K)] [ParOldGen: 370170K->370170K(370176K)] 509434K->401693K(532480K) [PSPermGen: 13601K->13601K(21504K)], 0.0733530 secs] [Times: user=0.52 sys=0.00, real=0.08 secs] 
46.056: Total time for which application threads were stopped: 0.0740490 seconds, Stopping threads took: 0.0000600 seconds
46.061: Application time: 0.0055580 seconds
46.062: Total time for which application threads were stopped: 0.0005760 seconds, Stopping threads took: 0.0000900 seconds
46.062: Application time: 0.0000370 seconds
46.062: Total time for which application threads were stopped: 0.0002850 seconds, Stopping threads took: 0.0000470 seconds
46.083: Application time: 0.0209640 seconds
46.084: [Full GC [PSYoungGen: 139264K->31455K(162304K)] [ParOldGen: 370170K->370170K(370176K)] 509434K->401626K(532480K) [PSPermGen: 13610K->13610K(21504K)], 0.0898760 secs] [Times: user=0.64 sys=0.00, real=0.10 secs] 
46.174: Total time for which application threads were stopped: 0.0905700 seconds, Stopping threads took: 0.0000600 seconds
46.174: Application time: 0.0002220 seconds
46.174: Total time for which application threads were stopped: 0.0006160 seconds, Stopping threads took: 0.0000920 seconds
46.200: Application time: 0.0253650 seconds
46.200: [Full GC [PSYoungGen: 139264K->31456K(162304K)] [ParOldGen: 370170K->370170K(370176K)] 509434K->401627K(532480K) [PSPermGen: 13610K->13610K(21504K)], 0.0741380 secs] [Times: user=0.52 sys=0.00, real=0.08 secs] 
46.275: Total time for which application threads were stopped: 0.0748730 seconds, Stopping threads took: 0.0000990 seconds
46.300: Application time: 0.0254220 seconds
46.301: [Full GC [PSYoungGen: 139264K->31471K(162304K)] [ParOldGen: 370170K->370170K(370176K)] 509434K->401642K(532480K) [PSPermGen: 13610K->13610K(21504K)], 0.0740470 secs] [Times: user=0.52 sys=0.00, real=0.08 secs] 
46.375: Total time for which application threads were stopped: 0.0747570 seconds, Stopping threads took: 0.0000560 seconds
46.400: Application time: 0.0252580 seconds
46.401: [Full GC [PSYoungGen: 139264K->31487K(162304K)] [ParOldGen: 370170K->370170K(370176K)] 509434K->401658K(532480K) [PSPermGen: 13610K->13610K(21504K)], 0.0734070 secs] [Times: user=0.51 sys=0.01, real=0.08 secs] 
46.474: Total time for which application threads were stopped: 0.0740900 seconds, Stopping threads took: 0.0000540 seconds
46.499: Application time: 0.0252160 seconds
46.500: [Full GC [PSYoungGen: 139264K->31501K(162304K)] [ParOldGen: 370170K->370170K(370176K)] 509434K->401672K(532480K) [PSPermGen: 13610K->13610K(21504K)], 0.0752430 secs] [Times: user=0.52 sys=0.00, real=0.08 secs] 
46.575: Total time for which application threads were stopped: 0.0759190 seconds, Stopping threads took: 0.0000460 seconds
46.601: Application time: 0.0252860 seconds
46.601: [Full GC [PSYoungGen: 139264K->31518K(162304K)] [ParOldGen: 370170K->370170K(370176K)] 509434K->401689K(532480K) [PSPermGen: 13610K->13610K(21504K)], 0.0732110 secs] [Times: user=0.52 sys=0.00, real=0.08 secs] 
46.675: Total time for which application threads were stopped: 0.0738760 seconds, Stopping threads took: 0.0000520 seconds
46.700: Application time: 0.0253690 seconds
46.701: [Full GC [PSYoungGen: 139264K->31534K(162304K)] [ParOldGen: 370170K->370170K(370176K)] 509434K->401705K(532480K) [PSPermGen: 13610K->13610K(21504K)], 0.0730620 secs] [Times: user=0.51 sys=0.00, real=0.08 secs] 
46.774: Total time for which application threads were stopped: 0.0737620 seconds, Stopping threads took: 0.0000610 seconds
46.799: Application time: 0.0250320 seconds
46.799: [Full GC [PSYoungGen: 139264K->31544K(162304K)] [ParOldGen: 370170K->370170K(370176K)] 509434K->401715K(532480K) [PSPermGen: 13611K->13611K(21504K)], 0.0735610 secs] [Times: user=0.52 sys=0.00, real=0.08 secs] 
46.873: Total time for which application threads were stopped: 0.0742270 seconds, Stopping threads took: 0.0000380 seconds
46.898: Application time: 0.0249250 seconds
46.898: [Full GC [PSYoungGen: 139264K->31564K(162304K)] [ParOldGen: 370170K->370170K(370176K)] 509434K->401734K(532480K) [PSPermGen: 13613K->13613K(21504K)], 0.0739880 secs] [Times: user=0.52 sys=0.00, real=0.08 secs] 
46.973: Total time for which application threads were stopped: 0.0746880 seconds, Stopping threads took: 0.0000600 seconds
46.998: Application time: 0.0258410 seconds
46.999: [Full GC [PSYoungGen: 139264K->31579K(162304K)] [ParOldGen: 370170K->370170K(370176K)] 509434K->401749K(532480K) [PSPermGen: 13613K->13613K(21504K)], 0.0767450 secs] [Times: user=0.53 sys=0.00, real=0.08 secs] 
47.076: Total time for which application threads were stopped: 0.0773840 seconds, Stopping threads took: 0.0000840 seconds
47.101: Application time: 0.0251880 seconds
47.102: [Full GC [PSYoungGen: 139264K->31594K(162304K)] [ParOldGen: 370170K->370170K(370176K)] 509434K->401764K(532480K) [PSPermGen: 13617K->13617K(21504K)], 0.0729880 secs] [Times: user=0.51 sys=0.00, real=0.08 secs] 
47.175: Total time for which application threads were stopped: 0.0736930 seconds, Stopping threads took: 0.0000510 seconds
47.200: Application time: 0.0253110 seconds
47.201: [Full GC [PSYoungGen: 139264K->31610K(162304K)] [ParOldGen: 370170K->370170K(370176K)] 509434K->401780K(532480K) [PSPermGen: 13618K->13618K(21504K)], 0.0729020 secs] [Times: user=0.51 sys=0.00, real=0.08 secs] 
47.274: Total time for which application threads were stopped: 0.0735930 seconds, Stopping threads took: 0.0000590 seconds
47.299: Application time: 0.0255860 seconds
47.300: [Full GC [PSYoungGen: 139264K->31624K(162304K)] [ParOldGen: 370170K->370170K(370176K)] 509434K->401795K(532480K) [PSPermGen: 13618K->13618K(21504K)], 0.0733290 secs] [Times: user=0.52 sys=0.00, real=0.08 secs] 
47.373: Total time for which application threads were stopped: 0.0739900 seconds, Stopping threads took: 0.0000410 seconds
47.398: Application time: 0.0252040 seconds
47.399: [Full GC [PSYoungGen: 139264K->31640K(162304K)] [ParOldGen: 370170K->370170K(370176K)] 509434K->401810K(532480K) [PSPermGen: 13618K->13618K(21504K)], 0.0738930 secs] [Times: user=0.51 sys=0.01, real=0.08 secs] 
47.473: Total time for which application threads were stopped: 0.0745590 seconds, Stopping threads took: 0.0000540 seconds
47.498: Application time: 0.0252140 seconds
47.499: [Full GC [PSYoungGen: 139264K->31656K(162304K)] [ParOldGen: 370170K->370170K(370176K)] 509434K->401827K(532480K) [PSPermGen: 13618K->13618K(21504K)], 0.0750160 secs] [Times: user=0.51 sys=0.01, real=0.08 secs] 
47.574: Total time for which application threads were stopped: 0.0757160 seconds, Stopping threads took: 0.0000400 seconds
47.599: Application time: 0.0247820 seconds
47.599: [Full GC [PSYoungGen: 139264K->31671K(162304K)] [ParOldGen: 370170K->370170K(370176K)] 509434K->401841K(532480K) [PSPermGen: 13618K->13618K(21504K)], 0.0740180 secs] [Times: user=0.52 sys=0.00, real=0.08 secs] 
47.673: Total time for which application threads were stopped: 0.0747230 seconds, Stopping threads took: 0.0000570 seconds
47.698: Application time: 0.0247820 seconds
47.699: [Full GC [PSYoungGen: 139264K->31687K(162304K)] [ParOldGen: 370170K->370170K(370176K)] 509434K->401858K(532480K) [PSPermGen: 13618K->13618K(21504K)], 0.0742030 secs] [Times: user=0.52 sys=0.00, real=0.08 secs] 
47.773: Total time for which application threads were stopped: 0.0748140 seconds, Stopping threads took: 0.0000510 seconds
47.798: Application time: 0.0246800 seconds
47.798: [Full GC [PSYoungGen: 139264K->31701K(162304K)] [ParOldGen: 370170K->370170K(370176K)] 509434K->401872K(532480K) [PSPermGen: 13618K->13618K(21504K)], 0.0744360 secs] [Times: user=0.52 sys=0.01, real=0.08 secs] 
47.873: Total time for which application threads were stopped: 0.0750660 seconds, Stopping threads took: 0.0000580 seconds
47.898: Application time: 0.0248440 seconds
47.898: [Full GC [PSYoungGen: 139264K->31718K(162304K)] [ParOldGen: 370170K->370170K(370176K)] 509434K->401888K(532480K) [PSPermGen: 13618K->13618K(21504K)], 0.0740680 secs] [Times: user=0.52 sys=0.00, real=0.07 secs] 
47.972: Total time for which application threads were stopped: 0.0747510 seconds, Stopping threads took: 0.0000410 seconds
47.997: Application time: 0.0248820 seconds
47.998: [Full GC [PSYoungGen: 139264K->31733K(162304K)] [ParOldGen: 370170K->370170K(370176K)] 509434K->401903K(532480K) [PSPermGen: 13618K->13618K(21504K)], 0.0735730 secs] [Times: user=0.51 sys=0.00, real=0.07 secs] 
48.071: Total time for which application threads were stopped: 0.0742000 seconds, Stopping threads took: 0.0000550 seconds
48.096: Application time: 0.0250980 seconds
48.097: [Full GC [PSYoungGen: 139264K->31743K(162304K)] [ParOldGen: 370170K->370170K(370176K)] 509434K->401914K(532480K) [PSPermGen: 13618K->13618K(21504K)], 0.0732030 secs] [Times: user=0.52 sys=0.00, real=0.07 secs] 
48.170: Total time for which application threads were stopped: 0.0739160 seconds, Stopping threads took: 0.0000630 seconds
48.195: Application time: 0.0250020 seconds
48.196: [Full GC [PSYoungGen: 139264K->31762K(162304K)] [ParOldGen: 370170K->370170K(370176K)] 509434K->401933K(532480K) [PSPermGen: 13618K->13618K(21504K)], 0.0735680 secs] [Times: user=0.52 sys=0.00, real=0.07 secs] 
48.270: Total time for which application threads were stopped: 0.0742900 seconds, Stopping threads took: 0.0000740 seconds
48.294: Application time: 0.0246370 seconds
48.295: [Full GC [PSYoungGen: 139264K->31776K(162304K)] [ParOldGen: 370170K->370170K(370176K)] 509434K->401947K(532480K) [PSPermGen: 13618K->13618K(21504K)], 0.0744350 secs] [Times: user=0.51 sys=0.00, real=0.07 secs] 
48.369: Total time for which application threads were stopped: 0.0751310 seconds, Stopping threads took: 0.0000620 seconds
48.394: Application time: 0.0248680 seconds
48.395: [Full GC [PSYoungGen: 139264K->31793K(162304K)] [ParOldGen: 370170K->370170K(370176K)] 509434K->401964K(532480K) [PSPermGen: 13618K->13618K(21504K)], 0.0731470 secs] [Times: user=0.52 sys=0.00, real=0.07 secs] 
48.468: Total time for which application threads were stopped: 0.0738390 seconds, Stopping threads took: 0.0000580 seconds
48.493: Application time: 0.0252230 seconds
48.494: [Full GC [PSYoungGen: 139264K->31807K(162304K)] [ParOldGen: 370170K->370170K(370176K)] 509434K->401978K(532480K) [PSPermGen: 13618K->13618K(21504K)], 0.0734970 secs] [Times: user=0.52 sys=0.00, real=0.07 secs] 
48.569: Total time for which application threads were stopped: 0.0757350 seconds, Stopping threads took: 0.0000510 seconds
48.594: Application time: 0.0250040 seconds
48.595: [Full GC [PSYoungGen: 139264K->31824K(162304K)] [ParOldGen: 370170K->370170K(370176K)] 509434K->401994K(532480K) [PSPermGen: 13618K->13618K(21504K)], 0.0739260 secs] [Times: user=0.51 sys=0.00, real=0.07 secs] 
48.669: Total time for which application threads were stopped: 0.0745900 seconds, Stopping threads took: 0.0000410 seconds
48.694: Application time: 0.0251220 seconds
48.695: [Full GC [PSYoungGen: 139264K->31838K(162304K)] [ParOldGen: 370170K->370170K(370176K)] 509434K->402009K(532480K) [PSPermGen: 13618K->13618K(21504K)], 0.0733860 secs] [Times: user=0.52 sys=0.00, real=0.07 secs] 
48.768: Total time for which application threads were stopped: 0.0741030 seconds, Stopping threads took: 0.0000530 seconds
48.793: Application time: 0.0248500 seconds
48.793: [Full GC [PSYoungGen: 139264K->31856K(162304K)] [ParOldGen: 370170K->370170K(370176K)] 509434K->402027K(532480K) [PSPermGen: 13618K->13618K(21504K)], 0.0733580 secs] [Times: user=0.52 sys=0.00, real=0.07 secs] 
48.867: Total time for which application threads were stopped: 0.0740030 seconds, Stopping threads took: 0.0000510 seconds
48.892: Application time: 0.0251340 seconds
48.893: [Full GC [PSYoungGen: 139264K->31871K(162304K)] [ParOldGen: 370170K->370170K(370176K)] 509434K->402041K(532480K) [PSPermGen: 13618K->13618K(21504K)], 0.0744510 secs] [Times: user=0.52 sys=0.00, real=0.07 secs] 
48.967: Total time for which application threads were stopped: 0.0751470 seconds, Stopping threads took: 0.0000560 seconds
48.992: Application time: 0.0250550 seconds
48.993: [Full GC [PSYoungGen: 139264K->31887K(162304K)] [ParOldGen: 370170K->370170K(370176K)] 509434K->402058K(532480K) [PSPermGen: 13618K->13618K(21504K)], 0.0728690 secs] [Times: user=0.51 sys=0.00, real=0.07 secs] 
49.066: Total time for which application threads were stopped: 0.0735530 seconds, Stopping threads took: 0.0000490 seconds
49.091: Application time: 0.0250550 seconds
49.091: [Full GC [PSYoungGen: 139264K->31903K(162304K)] [ParOldGen: 370170K->370170K(370176K)] 509434K->402073K(532480K) [PSPermGen: 13618K->13618K(21504K)], 0.0741430 secs] [Times: user=0.52 sys=0.00, real=0.08 secs] 
49.166: Total time for which application threads were stopped: 0.0748290 seconds, Stopping threads took: 0.0000620 seconds
49.192: Application time: 0.0263880 seconds
49.193: [Full GC [PSYoungGen: 139264K->31792K(162304K)] [ParOldGen: 370170K->370170K(370176K)] 509434K->401962K(532480K) [PSPermGen: 13618K->13618K(21504K)], 0.0734830 secs] [Times: user=0.52 sys=0.00, real=0.07 secs] 
49.266: Total time for which application threads were stopped: 0.0741560 seconds, Stopping threads took: 0.0000590 seconds
49.269: Application time: 0.0029840 seconds
49.270: Total time for which application threads were stopped: 0.0006310 seconds, Stopping threads took: 0.0000580 seconds
49.270: Application time: 0.0000410 seconds
49.270: Total time for which application threads were stopped: 0.0002020 seconds, Stopping threads took: 0.0000600 seconds
49.292: Application time: 0.0224170 seconds
49.293: [Full GC [PSYoungGen: 139264K->31675K(162304K)] [ParOldGen: 370170K->370170K(370176K)] 509434K->401845K(532480K) [PSPermGen: 13618K->13618K(21504K)], 0.0743810 secs] [Times: user=0.52 sys=0.01, real=0.07 secs] 
49.368: Total time for which application threads were stopped: 0.0750630 seconds, Stopping threads took: 0.0000480 seconds
49.368: Application time: 0.0001230 seconds
49.368: Total time for which application threads were stopped: 0.0007080 seconds, Stopping threads took: 0.0000790 seconds
49.368: Application time: 0.0000180 seconds
49.369: Total time for which application threads were stopped: 0.0001010 seconds, Stopping threads took: 0.0000060 seconds
49.393: Application time: 0.0246100 seconds
49.394: [Full GC [PSYoungGen: 139264K->31669K(162304K)] [ParOldGen: 370170K->370170K(370176K)] 509434K->401840K(532480K) [PSPermGen: 13618K->13618K(21504K)], 0.0727990 secs] [Times: user=0.51 sys=0.00, real=0.07 secs] 
49.467: Total time for which application threads were stopped: 0.0734970 seconds, Stopping threads took: 0.0000670 seconds
49.492: Application time: 0.0250930 seconds
49.492: [Full GC [PSYoungGen: 139264K->31683K(162304K)] [ParOldGen: 370170K->370170K(370176K)] 509434K->401854K(532480K) [PSPermGen: 13618K->13618K(21504K)], 0.0737280 secs] [Times: user=0.52 sys=0.00, real=0.07 secs] 
49.566: Total time for which application threads were stopped: 0.0744300 seconds, Stopping threads took: 0.0000590 seconds
49.592: Application time: 0.0258190 seconds
49.593: [Full GC [PSYoungGen: 139264K->31638K(162304K)] [ParOldGen: 370170K->370170K(370176K)] 509434K->401808K(532480K) [PSPermGen: 13618K->13618K(21504K)], 0.0729570 secs] [Times: user=0.51 sys=0.00, real=0.07 secs] 
49.666: Total time for which application threads were stopped: 0.0736390 seconds, Stopping threads took: 0.0000560 seconds
49.666: Application time: 0.0003160 seconds
49.667: Total time for which application threads were stopped: 0.0006590 seconds, Stopping threads took: 0.0000860 seconds
49.691: Application time: 0.0247000 seconds
49.692: [Full GC [PSYoungGen: 139264K->31528K(162304K)] [ParOldGen: 370170K->370170K(370176K)] 509434K->401698K(532480K) [PSPermGen: 13618K->13618K(21504K)], 0.0733010 secs] [Times: user=0.52 sys=0.00, real=0.08 secs] 
49.765: Total time for which application threads were stopped: 0.0739750 seconds, Stopping threads took: 0.0000560 seconds
49.766: Application time: 0.0002810 seconds
49.766: Total time for which application threads were stopped: 0.0005840 seconds, Stopping threads took: 0.0000630 seconds
49.766: Application time: 0.0000240 seconds
49.766: Total time for which application threads were stopped: 0.0002510 seconds, Stopping threads took: 0.0000330 seconds
49.791: Application time: 0.0244680 seconds
49.792: [Full GC [PSYoungGen: 139264K->31464K(162304K)] [ParOldGen: 370170K->370170K(370176K)] 509434K->401634K(532480K) [PSPermGen: 13618K->13618K(21504K)], 0.0735930 secs] [Times: user=0.52 sys=0.00, real=0.08 secs] 
49.865: Total time for which application threads were stopped: 0.0743130 seconds, Stopping threads took: 0.0000560 seconds
49.865: Application time: 0.0001970 seconds
49.866: Total time for which application threads were stopped: 0.0005620 seconds, Stopping threads took: 0.0000720 seconds
49.891: Application time: 0.0247590 seconds
49.891: [Full GC [PSYoungGen: 139264K->31463K(162304K)] [ParOldGen: 370170K->370170K(370176K)] 509434K->401634K(532480K) [PSPermGen: 13618K->13618K(21504K)], 0.0745190 secs] [Times: user=0.53 sys=0.00, real=0.08 secs] 
49.966: Total time for which application threads were stopped: 0.0751670 seconds, Stopping threads took: 0.0000640 seconds
49.991: Application time: 0.0247130 seconds
49.991: [Full GC [PSYoungGen: 139264K->31481K(162304K)] [ParOldGen: 370170K->370170K(370176K)] 509434K->401652K(532480K) [PSPermGen: 13619K->13619K(21504K)], 0.0730160 secs] [Times: user=0.52 sys=0.00, real=0.07 secs] 
50.064: Total time for which application threads were stopped: 0.0736860 seconds, Stopping threads took: 0.0000500 seconds
50.089: Application time: 0.0251100 seconds
50.090: [Full GC [PSYoungGen: 139264K->31492K(162304K)] [ParOldGen: 370170K->370170K(370176K)] 509434K->401663K(532480K) [PSPermGen: 13621K->13621K(21504K)], 0.0733900 secs] [Times: user=0.52 sys=0.00, real=0.07 secs] 
50.164: Total time for which application threads were stopped: 0.0740820 seconds, Stopping threads took: 0.0000530 seconds
50.188: Application time: 0.0249060 seconds
50.189: [Full GC [PSYoungGen: 139264K->31511K(162304K)] [ParOldGen: 370170K->370170K(370176K)] 509434K->401682K(532480K) [PSPermGen: 13621K->13621K(21504K)], 0.0729170 secs] [Times: user=0.51 sys=0.00, real=0.07 secs] 
50.262: Total time for which application threads were stopped: 0.0735830 seconds, Stopping threads took: 0.0000430 seconds
50.287: Application time: 0.0250510 seconds
50.288: [Full GC [PSYoungGen: 139264K->31525K(162304K)] [ParOldGen: 370170K->370170K(370176K)] 509434K->401696K(532480K) [PSPermGen: 13621K->13621K(21504K)], 0.0729480 secs] [Times: user=0.52 sys=0.00, real=0.07 secs] 
50.361: Total time for which application threads were stopped: 0.0736360 seconds, Stopping threads took: 0.0000490 seconds
50.386: Application time: 0.0250800 seconds
50.386: [Full GC [PSYoungGen: 139264K->31540K(162304K)] [ParOldGen: 370170K->370170K(370176K)] 509434K->401710K(532480K) [PSPermGen: 13621K->13621K(21504K)], 0.0732730 secs] [Times: user=0.52 sys=0.00, real=0.07 secs] 
50.460: Total time for which application threads were stopped: 0.0739960 seconds, Stopping threads took: 0.0000610 seconds
50.485: Application time: 0.0252270 seconds
50.486: [Full GC [PSYoungGen: 139264K->31555K(162304K)] [ParOldGen: 370170K->370170K(370176K)] 509434K->401726K(532480K) [PSPermGen: 13621K->13621K(21504K)], 0.0739230 secs] [Times: user=0.52 sys=0.00, real=0.07 secs] 
50.560: Total time for which application threads were stopped: 0.0745770 seconds, Stopping threads took: 0.0000430 seconds
50.585: Application time: 0.0251890 seconds
50.585: [Full GC [PSYoungGen: 139264K->31568K(162304K)] [ParOldGen: 370170K->370170K(370176K)] 509434K->401739K(532480K) [PSPermGen: 13621K->13621K(21504K)], 0.0739080 secs] [Times: user=0.52 sys=0.00, real=0.07 secs] 
50.659: Total time for which application threads were stopped: 0.0745760 seconds, Stopping threads took: 0.0000450 seconds
50.685: Application time: 0.0257260 seconds
50.686: [Full GC [PSYoungGen: 139264K->31587K(162304K)] [ParOldGen: 370170K->370170K(370176K)] 509434K->401758K(532480K) [PSPermGen: 13621K->13621K(21504K)], 0.0741610 secs] [Times: user=0.52 sys=0.00, real=0.07 secs] 
50.760: Total time for which application threads were stopped: 0.0747910 seconds, Stopping threads took: 0.0000640 seconds
50.785: Application time: 0.0248900 seconds
50.785: [Full GC [PSYoungGen: 139264K->31596K(162304K)] [ParOldGen: 370170K->370170K(370176K)] 509434K->401767K(532480K) [PSPermGen: 13621K->13621K(21504K)], 0.0737830 secs] [Times: user=0.52 sys=0.00, real=0.07 secs] 
50.859: Total time for which application threads were stopped: 0.0744500 seconds, Stopping threads took: 0.0000520 seconds
50.884: Application time: 0.0250440 seconds
50.885: [Full GC [PSYoungGen: 139264K->31613K(162304K)] [ParOldGen: 370170K->370170K(370176K)] 509434K->401783K(532480K) [PSPermGen: 13621K->13621K(21504K)], 0.0742750 secs] [Times: user=0.51 sys=0.00, real=0.07 secs] 
50.959: Total time for which application threads were stopped: 0.0749570 seconds, Stopping threads took: 0.0000450 seconds
50.984: Application time: 0.0248840 seconds
50.985: [Full GC [PSYoungGen: 139264K->31632K(162304K)] [ParOldGen: 370170K->370170K(370176K)] 509434K->401803K(532480K) [PSPermGen: 13621K->13621K(21504K)], 0.0735330 secs] [Times: user=0.52 sys=0.00, real=0.07 secs] 
51.058: Total time for which application threads were stopped: 0.0742570 seconds, Stopping threads took: 0.0000480 seconds
51.083: Application time: 0.0249860 seconds
51.084: [Full GC [PSYoungGen: 139264K->31647K(162304K)] [ParOldGen: 370170K->370170K(370176K)] 509434K->401817K(532480K) [PSPermGen: 13621K->13621K(21504K)], 0.0745920 secs] [Times: user=0.53 sys=0.00, real=0.08 secs] 
51.159: Total time for which application threads were stopped: 0.0752670 seconds, Stopping threads took: 0.0000460 seconds
51.184: Application time: 0.0249040 seconds
51.184: [Full GC [PSYoungGen: 139264K->31660K(162304K)] [ParOldGen: 370170K->370170K(370176K)] 509434K->401831K(532480K) [PSPermGen: 13621K->13621K(21504K)], 0.0732900 secs] [Times: user=0.51 sys=0.00, real=0.08 secs] 
51.258: Total time for which application threads were stopped: 0.0739900 seconds, Stopping threads took: 0.0000590 seconds
51.282: Application time: 0.0245710 seconds
51.283: [Full GC [PSYoungGen: 139264K->31676K(162304K)] [ParOldGen: 370170K->370170K(370176K)] 509434K->401847K(532480K) [PSPermGen: 13621K->13621K(21504K)], 0.0742010 secs] [Times: user=0.52 sys=0.00, real=0.08 secs] 
51.357: Total time for which application threads were stopped: 0.0748130 seconds, Stopping threads took: 0.0000450 seconds
51.382: Application time: 0.0246740 seconds
51.382: [Full GC [PSYoungGen: 139264K->31693K(162304K)] [ParOldGen: 370170K->370170K(370176K)] 509434K->401864K(532480K) [PSPermGen: 13621K->13621K(21504K)], 0.0732790 secs] [Times: user=0.52 sys=0.00, real=0.08 secs] 
51.456: Total time for which application threads were stopped: 0.0739790 seconds, Stopping threads took: 0.0000560 seconds
51.480: Application time: 0.0246670 seconds
51.481: [Full GC [PSYoungGen: 139264K->31708K(162304K)] [ParOldGen: 370170K->370170K(370176K)] 509434K->401878K(532480K) [PSPermGen: 13621K->13621K(21504K)], 0.0737210 secs] [Times: user=0.52 sys=0.01, real=0.08 secs] 
51.555: Total time for which application threads were stopped: 0.0743970 seconds, Stopping threads took: 0.0000360 seconds
51.579: Application time: 0.0246310 seconds
51.580: [Full GC [PSYoungGen: 139264K->31726K(162304K)] [ParOldGen: 370170K->370170K(370176K)] 509434K->401897K(532480K) [PSPermGen: 13621K->13621K(21504K)], 0.0742810 secs] [Times: user=0.53 sys=0.00, real=0.08 secs] 
51.654: Total time for which application threads were stopped: 0.0749410 seconds, Stopping threads took: 0.0000380 seconds
51.679: Application time: 0.0243640 seconds
51.679: [Full GC [PSYoungGen: 139264K->31739K(162304K)] [ParOldGen: 370170K->370170K(370176K)] 509434K->401910K(532480K) [PSPermGen: 13621K->13621K(21504K)], 0.0732910 secs] [Times: user=0.52 sys=0.00, real=0.08 secs] 
51.753: Total time for which application threads were stopped: 0.0739710 seconds, Stopping threads took: 0.0000430 seconds
51.777: Application time: 0.0245350 seconds
51.778: [Full GC [PSYoungGen: 139264K->31753K(162304K)] [ParOldGen: 370170K->370170K(370176K)] 509434K->401924K(532480K) [PSPermGen: 13621K->13621K(21504K)], 0.0733590 secs] [Times: user=0.52 sys=0.00, real=0.07 secs] 
51.851: Total time for which application threads were stopped: 0.0740470 seconds, Stopping threads took: 0.0000390 seconds
51.876: Application time: 0.0244230 seconds
51.876: [Full GC [PSYoungGen: 139264K->31770K(162304K)] [ParOldGen: 370170K->370170K(370176K)] 509434K->401941K(532480K) [PSPermGen: 13621K->13621K(21504K)], 0.0741740 secs] [Times: user=0.52 sys=0.00, real=0.07 secs] 
51.950: Total time for which application threads were stopped: 0.0748700 seconds, Stopping threads took: 0.0000470 seconds
51.975: Application time: 0.0244720 seconds
51.975: [Full GC [PSYoungGen: 139264K->31784K(162304K)] [ParOldGen: 370170K->370170K(370176K)] 509434K->401955K(532480K) [PSPermGen: 13621K->13621K(21504K)], 0.0735710 secs] [Times: user=0.53 sys=0.00, real=0.07 secs] 
52.049: Total time for which application threads were stopped: 0.0741820 seconds, Stopping threads took: 0.0000410 seconds
52.074: Application time: 0.0244360 seconds
52.074: [Full GC [PSYoungGen: 139264K->31800K(162304K)] [ParOldGen: 370170K->370170K(370176K)] 509434K->401970K(532480K) [PSPermGen: 13621K->13621K(21504K)], 0.0739790 secs] [Times: user=0.53 sys=0.00, real=0.07 secs] 
52.148: Total time for which application threads were stopped: 0.0746680 seconds, Stopping threads took: 0.0000450 seconds
52.173: Application time: 0.0244930 seconds
52.173: [Full GC [PSYoungGen: 139264K->31815K(162304K)] [ParOldGen: 370170K->370170K(370176K)] 509434K->401986K(532480K) [PSPermGen: 13621K->13621K(21504K)], 0.0742200 secs] [Times: user=0.52 sys=0.00, real=0.07 secs] 
52.248: Total time for which application threads were stopped: 0.0748940 seconds, Stopping threads took: 0.0000310 seconds
52.272: Application time: 0.0245150 seconds
52.273: [Full GC [PSYoungGen: 139264K->31835K(162304K)] [ParOldGen: 370170K->370170K(370176K)] 509434K->402005K(532480K) [PSPermGen: 13621K->13621K(21504K)], 0.0737910 secs] [Times: user=0.52 sys=0.00, real=0.07 secs] 
52.347: Total time for which application threads were stopped: 0.0744880 seconds, Stopping threads took: 0.0000460 seconds
52.371: Application time: 0.0244440 seconds
52.372: [Full GC [PSYoungGen: 139264K->31848K(162304K)] [ParOldGen: 370170K->370170K(370176K)] 509434K->402018K(532480K) [PSPermGen: 13621K->13621K(21504K)], 0.0738740 secs] [Times: user=0.52 sys=0.00, real=0.08 secs] 
52.446: Total time for which application threads were stopped: 0.0745560 seconds, Stopping threads took: 0.0000460 seconds
52.470: Application time: 0.0247600 seconds
52.471: [Full GC [PSYoungGen: 139264K->31864K(162304K)] [ParOldGen: 370170K->370170K(370176K)] 509434K->402034K(532480K) [PSPermGen: 13621K->13621K(21504K)], 0.0735740 secs] [Times: user=0.52 sys=0.00, real=0.08 secs] 
52.545: Total time for which application threads were stopped: 0.0742550 seconds, Stopping threads took: 0.0000500 seconds
52.569: Application time: 0.0247880 seconds
52.570: [Full GC [PSYoungGen: 139264K->31879K(162304K)] [ParOldGen: 370170K->370170K(370176K)] 509434K->402050K(532480K) [PSPermGen: 13621K->13621K(21504K)], 0.0736760 secs] [Times: user=0.52 sys=0.00, real=0.07 secs] 
52.644: Total time for which application threads were stopped: 0.0743410 seconds, Stopping threads took: 0.0000410 seconds
52.669: Application time: 0.0247740 seconds
52.669: [Full GC [PSYoungGen: 139264K->31894K(162304K)] [ParOldGen: 370170K->370170K(370176K)] 509434K->402065K(532480K) [PSPermGen: 13621K->13621K(21504K)], 0.0739400 secs] [Times: user=0.50 sys=0.00, real=0.07 secs] 
52.743: Total time for which application threads were stopped: 0.0746130 seconds, Stopping threads took: 0.0000490 seconds
52.769: Application time: 0.0263060 seconds
52.770: [Full GC [PSYoungGen: 139264K->31675K(162304K)] [ParOldGen: 370170K->370170K(370176K)] 509434K->401845K(532480K) [PSPermGen: 13621K->13621K(21504K)], 0.0737140 secs] [Times: user=0.52 sys=0.00, real=0.07 secs] 
52.844: Total time for which application threads were stopped: 0.0743960 seconds, Stopping threads took: 0.0000620 seconds
52.845: Application time: 0.0007790 seconds
52.845: Total time for which application threads were stopped: 0.0006160 seconds, Stopping threads took: 0.0000510 seconds
52.845: Application time: 0.0000150 seconds
52.845: Total time for which application threads were stopped: 0.0001440 seconds, Stopping threads took: 0.0000360 seconds
52.845: Application time: 0.0000170 seconds
52.846: Total time for which application threads were stopped: 0.0001060 seconds, Stopping threads took: 0.0000250 seconds
52.846: Application time: 0.0000320 seconds
52.846: Total time for which application threads were stopped: 0.0001190 seconds, Stopping threads took: 0.0000380 seconds
52.870: Application time: 0.0239140 seconds
52.870: [Full GC [PSYoungGen: 139264K->31644K(162304K)] [ParOldGen: 370170K->370170K(370176K)] 509434K->401814K(532480K) [PSPermGen: 13621K->13621K(21504K)], 0.0737190 secs] [Times: user=0.51 sys=0.00, real=0.07 secs] 
52.944: Total time for which application threads were stopped: 0.0743850 seconds, Stopping threads took: 0.0000500 seconds
52.969: Application time: 0.0248420 seconds
52.969: [Full GC [PSYoungGen: 139264K->31660K(162304K)] [ParOldGen: 370170K->370170K(370176K)] 509434K->401831K(532480K) [PSPermGen: 13621K->13621K(21504K)], 0.0884150 secs] [Times: user=0.60 sys=0.00, real=0.09 secs] 
53.058: Total time for which application threads were stopped: 0.0890650 seconds, Stopping threads took: 0.0000460 seconds
53.083: Application time: 0.0250760 seconds
53.084: [Full GC [PSYoungGen: 139264K->31675K(162304K)] [ParOldGen: 370170K->370170K(370176K)] 509434K->401845K(532480K) [PSPermGen: 13621K->13621K(21504K)], 0.0736440 secs] [Times: user=0.52 sys=0.00, real=0.08 secs] 
53.157: Total time for which application threads were stopped: 0.0743390 seconds, Stopping threads took: 0.0000550 seconds
53.182: Application time: 0.0247770 seconds
53.183: [Full GC [PSYoungGen: 139264K->31692K(162304K)] [ParOldGen: 370170K->370170K(370176K)] 509434K->401863K(532480K) [PSPermGen: 13621K->13621K(21504K)], 0.0739270 secs] [Times: user=0.52 sys=0.00, real=0.08 secs] 
53.257: Total time for which application threads were stopped: 0.0745530 seconds, Stopping threads took: 0.0000500 seconds
53.285: Application time: 0.0287440 seconds
53.286: [Full GC [PSYoungGen: 139264K->31707K(162304K)] [ParOldGen: 370170K->370170K(370176K)] 509434K->401877K(532480K) [PSPermGen: 13621K->13621K(21504K)], 0.0742630 secs] [Times: user=0.52 sys=0.00, real=0.07 secs] 
53.360: Total time for which application threads were stopped: 0.0750050 seconds, Stopping threads took: 0.0000490 seconds
53.387: Application time: 0.0262690 seconds
53.387: [Full GC [PSYoungGen: 139264K->31557K(162304K)] [ParOldGen: 370170K->370170K(370176K)] 509434K->401728K(532480K) [PSPermGen: 13621K->13621K(21504K)], 0.0738810 secs] [Times: user=0.52 sys=0.00, real=0.07 secs] 
53.461: Total time for which application threads were stopped: 0.0746070 seconds, Stopping threads took: 0.0000900 seconds
53.461: Application time: 0.0001340 seconds
53.462: Total time for which application threads were stopped: 0.0007420 seconds, Stopping threads took: 0.0000940 seconds
53.486: Application time: 0.0242680 seconds
53.487: [Full GC [PSYoungGen: 139264K->31527K(162304K)] [ParOldGen: 370170K->370170K(370176K)] 509434K->401698K(532480K) [PSPermGen: 13621K->13621K(21504K)], 0.0742020 secs] [Times: user=0.52 sys=0.00, real=0.07 secs] 
53.561: Total time for which application threads were stopped: 0.0748710 seconds, Stopping threads took: 0.0000390 seconds
53.586: Application time: 0.0246460 seconds
53.587: [Full GC [PSYoungGen: 139264K->31535K(162304K)] [ParOldGen: 370170K->370170K(370176K)] 509434K->401706K(532480K) [PSPermGen: 13621K->13621K(21504K)], 0.0736690 secs] [Times: user=0.51 sys=0.00, real=0.07 secs] 
53.660: Total time for which application threads were stopped: 0.0743350 seconds, Stopping threads took: 0.0000490 seconds
53.686: Application time: 0.0253090 seconds
53.686: [Full GC [PSYoungGen: 139264K->31557K(162304K)] [ParOldGen: 370170K->370170K(370176K)] 509434K->401728K(532480K) [PSPermGen: 13621K->13621K(21504K)], 0.0731300 secs] [Times: user=0.51 sys=0.01, real=0.07 secs] 
53.759: Total time for which application threads were stopped: 0.0738090 seconds, Stopping threads took: 0.0000520 seconds
53.785: Application time: 0.0251770 seconds
53.786: [Full GC [PSYoungGen: 139264K->31568K(162304K)] [ParOldGen: 370170K->370170K(370176K)] 509434K->401738K(532480K) [PSPermGen: 13621K->13621K(21504K)], 0.0873330 secs] [Times: user=0.59 sys=0.00, real=0.09 secs] 
53.873: Total time for which application threads were stopped: 0.0885990 seconds, Stopping threads took: 0.0006750 seconds
53.900: Application time: 0.0267340 seconds
53.901: [Full GC [PSYoungGen: 139264K->31518K(162304K)] [ParOldGen: 370170K->370170K(370176K)] 509434K->401689K(532480K) [PSPermGen: 13621K->13621K(21504K)], 0.0750020 secs] [Times: user=0.51 sys=0.00, real=0.08 secs] 
53.976: Total time for which application threads were stopped: 0.0758800 seconds, Stopping threads took: 0.0000770 seconds
54.001: Application time: 0.0248390 seconds
54.001: [Full GC [PSYoungGen: 139264K->31531K(162304K)] [ParOldGen: 370170K->370170K(370176K)] 509434K->401701K(532480K) [PSPermGen: 13621K->13621K(21504K)], 0.0735940 secs] [Times: user=0.51 sys=0.00, real=0.08 secs] 
54.075: Total time for which application threads were stopped: 0.0742660 seconds, Stopping threads took: 0.0000460 seconds
54.100: Application time: 0.0248200 seconds
54.100: [Full GC [PSYoungGen: 139264K->31546K(162304K)] [ParOldGen: 370170K->370170K(370176K)] 509434K->401717K(532480K) [PSPermGen: 13621K->13621K(21504K)], 0.0737020 secs] [Times: user=0.52 sys=0.00, real=0.08 secs] 
54.174: Total time for which application threads were stopped: 0.0744230 seconds, Stopping threads took: 0.0000580 seconds
54.199: Application time: 0.0245300 seconds
54.199: [Full GC [PSYoungGen: 139264K->31563K(162304K)] [ParOldGen: 370170K->370170K(370176K)] 509434K->401734K(532480K) [PSPermGen: 13622K->13622K(21504K)], 0.0740710 secs] [Times: user=0.52 sys=0.00, real=0.08 secs] 
54.273: Total time for which application threads were stopped: 0.0746840 seconds, Stopping threads took: 0.0000560 seconds
54.298: Application time: 0.0246370 seconds
54.299: [Full GC [PSYoungGen: 139264K->31577K(162304K)] [ParOldGen: 370170K->370170K(370176K)] 509434K->401748K(532480K) [PSPermGen: 13622K->13622K(21504K)], 0.0746380 secs] [Times: user=0.52 sys=0.00, real=0.08 secs] 
54.373: Total time for which application threads were stopped: 0.0752480 seconds, Stopping threads took: 0.0000460 seconds
54.398: Application time: 0.0246710 seconds
54.399: [Full GC [PSYoungGen: 139264K->31592K(162304K)] [ParOldGen: 370170K->370170K(370176K)] 509434K->401763K(532480K) [PSPermGen: 13622K->13622K(21504K)], 0.0737770 secs] [Times: user=0.52 sys=0.00, real=0.08 secs] 
54.472: Total time for which application threads were stopped: 0.0744000 seconds, Stopping threads took: 0.0000490 seconds
54.497: Application time: 0.0248030 seconds
54.498: [Full GC [PSYoungGen: 139264K->31605K(162304K)] [ParOldGen: 370170K->370170K(370176K)] 509434K->401775K(532480K) [PSPermGen: 13622K->13622K(21504K)], 0.0742000 secs] [Times: user=0.52 sys=0.00, real=0.07 secs] 
54.572: Total time for which application threads were stopped: 0.0748850 seconds, Stopping threads took: 0.0000510 seconds
54.597: Application time: 0.0251680 seconds
54.598: [Full GC [PSYoungGen: 139264K->31622K(162304K)] [ParOldGen: 370170K->370170K(370176K)] 509434K->401793K(532480K) [PSPermGen: 13622K->13622K(21504K)], 0.0743340 secs] [Times: user=0.52 sys=0.00, real=0.07 secs] 
54.672: Total time for which application threads were stopped: 0.0750140 seconds, Stopping threads took: 0.0000550 seconds
54.697: Application time: 0.0250370 seconds
54.698: [Full GC [PSYoungGen: 139264K->31641K(162304K)] [ParOldGen: 370170K->370170K(370176K)] 509434K->401811K(532480K) [PSPermGen: 13622K->13622K(21504K)], 0.0737100 secs] [Times: user=0.52 sys=0.00, real=0.07 secs] 
54.772: Total time for which application threads were stopped: 0.0744060 seconds, Stopping threads took: 0.0000560 seconds
54.798: Application time: 0.0265980 seconds
54.799: [Full GC [PSYoungGen: 139264K->31651K(162304K)] [ParOldGen: 370170K->370170K(370176K)] 509434K->401821K(532480K) [PSPermGen: 13622K->13622K(21504K)], 0.0733510 secs] [Times: user=0.52 sys=0.00, real=0.08 secs] 
54.872: Total time for which application threads were stopped: 0.0740730 seconds, Stopping threads took: 0.0000820 seconds
54.899: Application time: 0.0261420 seconds
54.899: [Full GC [PSYoungGen: 139264K->31671K(162304K)] [ParOldGen: 370170K->370170K(370176K)] 509434K->401842K(532480K) [PSPermGen: 13622K->13622K(21504K)], 0.0738590 secs] [Times: user=0.52 sys=0.00, real=0.08 secs] 
54.973: Total time for which application threads were stopped: 0.0745660 seconds, Stopping threads took: 0.0000820 seconds
54.998: Application time: 0.0245220 seconds
54.998: [Full GC [PSYoungGen: 139264K->31681K(162304K)] [ParOldGen: 370170K->370170K(370176K)] 509434K->401852K(532480K) [PSPermGen: 13622K->13622K(21504K)], 0.0742520 secs] [Times: user=0.52 sys=0.00, real=0.08 secs] 
55.073: Total time for which application threads were stopped: 0.0748780 seconds, Stopping threads took: 0.0000510 seconds
55.097: Application time: 0.0248100 seconds
55.098: [Full GC [PSYoungGen: 139263K->31699K(162304K)] [ParOldGen: 370170K->370170K(370176K)] 509434K->401869K(532480K) [PSPermGen: 13622K->13622K(21504K)], 0.0743110 secs] [Times: user=0.52 sys=0.00, real=0.08 secs] 
55.172: Total time for which application threads were stopped: 0.0750000 seconds, Stopping threads took: 0.0000440 seconds
55.197: Application time: 0.0247120 seconds
55.198: [Full GC [PSYoungGen: 139264K->31714K(162304K)] [ParOldGen: 370170K->370170K(370176K)] 509434K->401885K(532480K) [PSPermGen: 13622K->13622K(21504K)], 0.0734830 secs] [Times: user=0.52 sys=0.00, real=0.07 secs] 
55.271: Total time for which application threads were stopped: 0.0741790 seconds, Stopping threads took: 0.0000460 seconds
55.296: Application time: 0.0245270 seconds
55.296: [Full GC [PSYoungGen: 139264K->31726K(162304K)] [ParOldGen: 370170K->370170K(370176K)] 509434K->401897K(532480K) [PSPermGen: 13622K->13622K(21504K)], 0.0752580 secs] [Times: user=0.52 sys=0.01, real=0.07 secs] 
55.372: Total time for which application threads were stopped: 0.0758810 seconds, Stopping threads took: 0.0000560 seconds
55.396: Application time: 0.0245100 seconds
55.397: [Full GC [PSYoungGen: 139264K->31745K(162304K)] [ParOldGen: 370170K->370170K(370176K)] 509434K->401916K(532480K) [PSPermGen: 13622K->13622K(21504K)], 0.0738590 secs] [Times: user=0.52 sys=0.00, real=0.07 secs] 
55.471: Total time for which application threads were stopped: 0.0745700 seconds, Stopping threads took: 0.0000620 seconds
55.495: Application time: 0.0245340 seconds
55.496: [Full GC [PSYoungGen: 139264K->31761K(162304K)] [ParOldGen: 370170K->370170K(370176K)] 509434K->401931K(532480K) [PSPermGen: 13622K->13622K(21504K)], 0.0743620 secs] [Times: user=0.52 sys=0.00, real=0.07 secs] 
55.570: Total time for which application threads were stopped: 0.0749700 seconds, Stopping threads took: 0.0000480 seconds
55.595: Application time: 0.0248440 seconds
55.596: [Full GC [PSYoungGen: 139264K->31773K(162304K)] [ParOldGen: 370170K->370170K(370176K)] 509434K->401943K(532480K) [PSPermGen: 13622K->13622K(21504K)], 0.0734810 secs] [Times: user=0.52 sys=0.00, real=0.07 secs] 
55.669: Total time for which application threads were stopped: 0.0741280 seconds, Stopping threads took: 0.0000420 seconds
55.694: Application time: 0.0246030 seconds
55.695: [Full GC [PSYoungGen: 139264K->31792K(162304K)] [ParOldGen: 370170K->370170K(370176K)] 509434K->401963K(532480K) [PSPermGen: 13622K->13622K(21504K)], 0.0732780 secs] [Times: user=0.52 sys=0.00, real=0.07 secs] 
55.768: Total time for which application threads were stopped: 0.0740050 seconds, Stopping threads took: 0.0000520 seconds
55.793: Application time: 0.0246640 seconds
55.793: [Full GC [PSYoungGen: 139264K->31812K(162304K)] [ParOldGen: 370170K->370170K(370176K)] 509434K->401982K(532480K) [PSPermGen: 13622K->13622K(21504K)], 0.0746450 secs] [Times: user=0.53 sys=0.00, real=0.07 secs] 
55.868: Total time for which application threads were stopped: 0.0753140 seconds, Stopping threads took: 0.0000450 seconds
55.893: Application time: 0.0249210 seconds
55.893: [Full GC [PSYoungGen: 139264K->31825K(162304K)] [ParOldGen: 370170K->370170K(370176K)] 509434K->401995K(532480K) [PSPermGen: 13622K->13622K(21504K)], 0.0744000 secs] [Times: user=0.52 sys=0.00, real=0.07 secs] 
55.968: Total time for which application threads were stopped: 0.0750480 seconds, Stopping threads took: 0.0000420 seconds
55.993: Application time: 0.0249830 seconds
55.993: [Full GC [PSYoungGen: 139264K->31840K(162304K)] [ParOldGen: 370170K->370170K(370176K)] 509434K->402011K(532480K) [PSPermGen: 13622K->13622K(21504K)], 0.0747050 secs] [Times: user=0.52 sys=0.00, real=0.07 secs] 
56.068: Total time for which application threads were stopped: 0.0753170 seconds, Stopping threads took: 0.0000530 seconds
56.093: Application time: 0.0247800 seconds
56.094: [Full GC [PSYoungGen: 139264K->31855K(162304K)] [ParOldGen: 370170K->370170K(370176K)] 509434K->402025K(532480K) [PSPermGen: 13622K->13622K(21504K)], 0.0749840 secs] [Times: user=0.52 sys=0.00, real=0.07 secs] 
56.169: Total time for which application threads were stopped: 0.0756680 seconds, Stopping threads took: 0.0000520 seconds
56.194: Application time: 0.0256180 seconds
56.195: [Full GC [PSYoungGen: 139264K->31869K(162304K)] [ParOldGen: 370170K->370170K(370176K)] 509434K->402040K(532480K) [PSPermGen: 13622K->13622K(21504K)], 0.0745250 secs] [Times: user=0.52 sys=0.00, real=0.07 secs] 
56.269: Total time for which application threads were stopped: 0.0751570 seconds, Stopping threads took: 0.0000680 seconds
56.297: Application time: 0.0275700 seconds
56.298: [Full GC [PSYoungGen: 139264K->31721K(162304K)] [ParOldGen: 370170K->370170K(370176K)] 509434K->401892K(532480K) [PSPermGen: 13623K->13623K(21504K)], 0.0733520 secs] [Times: user=0.51 sys=0.00, real=0.07 secs] 
56.371: Total time for which application threads were stopped: 0.0740720 seconds, Stopping threads took: 0.0000500 seconds
56.396: Application time: 0.0254790 seconds
56.397: [Full GC [PSYoungGen: 139264K->31636K(162304K)] [ParOldGen: 370170K->370170K(370176K)] 509434K->401806K(532480K) [PSPermGen: 13623K->13623K(21504K)], 0.0730330 secs] [Times: user=0.52 sys=0.00, real=0.07 secs] 
56.470: Total time for which application threads were stopped: 0.0737040 seconds, Stopping threads took: 0.0000390 seconds
56.495: Application time: 0.0249860 seconds
56.496: [Full GC [PSYoungGen: 139264K->31635K(162304K)] [ParOldGen: 370170K->370170K(370176K)] 509434K->401806K(532480K) [PSPermGen: 13623K->13623K(21504K)], 0.0739870 secs] [Times: user=0.52 sys=0.00, real=0.07 secs] 
56.570: Total time for which application threads were stopped: 0.0746650 seconds, Stopping threads took: 0.0000610 seconds
56.595: Application time: 0.0253300 seconds
56.596: [Full GC [PSYoungGen: 139264K->31653K(162304K)] [ParOldGen: 370170K->370170K(370176K)] 509434K->401824K(532480K) [PSPermGen: 13623K->13623K(21504K)], 0.0731090 secs] [Times: user=0.52 sys=0.00, real=0.07 secs] 
56.669: Total time for which application threads were stopped: 0.0738120 seconds, Stopping threads took: 0.0000490 seconds
56.694: Application time: 0.0249730 seconds
56.695: [Full GC [PSYoungGen: 139264K->31667K(162304K)] [ParOldGen: 370170K->370170K(370176K)] 509434K->401838K(532480K) [PSPermGen: 13623K->13623K(21504K)], 0.0740790 secs] [Times: user=0.52 sys=0.00, real=0.07 secs] 
56.769: Total time for which application threads were stopped: 0.0747520 seconds, Stopping threads took: 0.0000470 seconds
56.794: Application time: 0.0249780 seconds
56.794: [Full GC [PSYoungGen: 139264K->31684K(162304K)] [ParOldGen: 370170K->370170K(370176K)] 509434K->401854K(532480K) [PSPermGen: 13623K->13623K(21504K)], 0.0739550 secs] [Times: user=0.52 sys=0.00, real=0.07 secs] 
56.868: Total time for which application threads were stopped: 0.0746450 seconds, Stopping threads took: 0.0000470 seconds
56.893: Application time: 0.0250670 seconds
56.894: [Full GC [PSYoungGen: 139264K->31698K(162304K)] [ParOldGen: 370170K->370170K(370176K)] 509434K->401869K(532480K) [PSPermGen: 13623K->13623K(21504K)], 0.0744780 secs] [Times: user=0.52 sys=0.00, real=0.07 secs] 
56.969: Total time for which application threads were stopped: 0.0751770 seconds, Stopping threads took: 0.0000430 seconds
56.994: Application time: 0.0251440 seconds
56.994: [Full GC [PSYoungGen: 139264K->31715K(162304K)] [ParOldGen: 370170K->370170K(370176K)] 509434K->401886K(532480K) [PSPermGen: 13623K->13623K(21504K)], 0.0748250 secs] [Times: user=0.52 sys=0.00, real=0.07 secs] 
57.069: Total time for which application threads were stopped: 0.0755030 seconds, Stopping threads took: 0.0000560 seconds
57.095: Application time: 0.0257260 seconds
57.096: [Full GC [PSYoungGen: 139264K->31616K(162304K)] [ParOldGen: 370170K->370170K(370176K)] 509434K->401787K(532480K) [PSPermGen: 13623K->13623K(21504K)], 0.0738780 secs] [Times: user=0.53 sys=0.00, real=0.07 secs] 
57.170: Total time for which application threads were stopped: 0.0745740 seconds, Stopping threads took: 0.0000550 seconds
57.195: Application time: 0.0253570 seconds
57.196: [Full GC [PSYoungGen: 139264K->31548K(162304K)] [ParOldGen: 370170K->370170K(370176K)] 509434K->401719K(532480K) [PSPermGen: 13623K->13623K(21504K)], 0.0740140 secs] [Times: user=0.52 sys=0.00, real=0.07 secs] 
57.270: Total time for which application threads were stopped: 0.0746950 seconds, Stopping threads took: 0.0000390 seconds
57.294: Application time: 0.0248180 seconds
57.295: [Full GC [PSYoungGen: 139264K->31547K(162304K)] [ParOldGen: 370170K->370170K(370176K)] 509434K->401718K(532480K) [PSPermGen: 13623K->13623K(21504K)], 0.0739250 secs] [Times: user=0.52 sys=0.00, real=0.07 secs] 
57.369: Total time for which application threads were stopped: 0.0745990 seconds, Stopping threads took: 0.0000430 seconds
57.394: Application time: 0.0251360 seconds
57.395: [Full GC [PSYoungGen: 139264K->31562K(162304K)] [ParOldGen: 370170K->370170K(370176K)] 509434K->401733K(532480K) [PSPermGen: 13623K->13623K(21504K)], 0.0733260 secs] [Times: user=0.52 sys=0.00, real=0.07 secs] 
57.468: Total time for which application threads were stopped: 0.0740460 seconds, Stopping threads took: 0.0000540 seconds
57.493: Application time: 0.0248390 seconds
57.494: [Full GC [PSYoungGen: 139264K->31579K(162304K)] [ParOldGen: 370170K->370170K(370176K)] 509434K->401750K(532480K) [PSPermGen: 13623K->13623K(21504K)], 0.0737470 secs] [Times: user=0.52 sys=0.01, real=0.07 secs] 
57.568: Total time for which application threads were stopped: 0.0744370 seconds, Stopping threads took: 0.0000460 seconds
57.592: Application time: 0.0248680 seconds
57.593: [Full GC [PSYoungGen: 139264K->31594K(162304K)] [ParOldGen: 370170K->370170K(370176K)] 509434K->401765K(532480K) [PSPermGen: 13623K->13623K(21504K)], 0.0732250 secs] [Times: user=0.52 sys=0.00, real=0.07 secs] 
57.666: Total time for which application threads were stopped: 0.0739150 seconds, Stopping threads took: 0.0000420 seconds
57.691: Application time: 0.0250630 seconds
57.692: [Full GC [PSYoungGen: 139264K->31610K(162304K)] [ParOldGen: 370170K->370170K(370176K)] 509434K->401781K(532480K) [PSPermGen: 13623K->13623K(21504K)], 0.0738710 secs] [Times: user=0.52 sys=0.00, real=0.08 secs] 
57.766: Total time for which application threads were stopped: 0.0745720 seconds, Stopping threads took: 0.0000510 seconds
57.791: Application time: 0.0248480 seconds
57.791: [Full GC [PSYoungGen: 139264K->31625K(162304K)] [ParOldGen: 370170K->370170K(370176K)] 509434K->401796K(532480K) [PSPermGen: 13623K->13623K(21504K)], 0.0735700 secs] [Times: user=0.52 sys=0.00, real=0.08 secs] 
57.865: Total time for which application threads were stopped: 0.0742700 seconds, Stopping threads took: 0.0000560 seconds
57.890: Application time: 0.0248110 seconds
57.891: [Full GC [PSYoungGen: 139264K->31641K(162304K)] [ParOldGen: 370170K->370170K(370176K)] 509434K->401811K(532480K) [PSPermGen: 13623K->13623K(21504K)], 0.0752600 secs] [Times: user=0.52 sys=0.00, real=0.08 secs] 
57.966: Total time for which application threads were stopped: 0.0759520 seconds, Stopping threads took: 0.0000830 seconds
57.991: Application time: 0.0249470 seconds
57.991: [Full GC [PSYoungGen: 139264K->31657K(162304K)] [ParOldGen: 370170K->370170K(370176K)] 509434K->401828K(532480K) [PSPermGen: 13623K->13623K(21504K)], 0.0743590 secs] [Times: user=0.52 sys=0.00, real=0.08 secs] 
58.066: Total time for which application threads were stopped: 0.0750570 seconds, Stopping threads took: 0.0000560 seconds
58.091: Application time: 0.0251840 seconds
58.092: [Full GC [PSYoungGen: 139264K->31617K(162304K)] [ParOldGen: 370170K->370170K(370176K)] 509434K->401787K(532480K) [PSPermGen: 13623K->13623K(21504K)], 0.0739420 secs] [Times: user=0.52 sys=0.00, real=0.08 secs] 
58.166: Total time for which application threads were stopped: 0.0746420 seconds, Stopping threads took: 0.0000570 seconds
58.192: Application time: 0.0262350 seconds
58.193: [Full GC [PSYoungGen: 139264K->31615K(162304K)] [ParOldGen: 370170K->370170K(370176K)] 509434K->401786K(532480K) [PSPermGen: 13623K->13623K(21504K)], 0.0732370 secs] [Times: user=0.52 sys=0.00, real=0.07 secs] 
58.266: Total time for which application threads were stopped: 0.0739280 seconds, Stopping threads took: 0.0000530 seconds
58.292: Application time: 0.0258770 seconds
58.292: [Full GC [PSYoungGen: 139264K->31629K(162304K)] [ParOldGen: 370170K->370170K(370176K)] 509434K->401799K(532480K) [PSPermGen: 13623K->13623K(21504K)], 0.0738620 secs] [Times: user=0.52 sys=0.00, real=0.07 secs] 
58.366: Total time for which application threads were stopped: 0.0745390 seconds, Stopping threads took: 0.0000570 seconds
58.393: Application time: 0.0262320 seconds
58.393: [Full GC [PSYoungGen: 139264K->31648K(162304K)] [ParOldGen: 370170K->370170K(370176K)] 509434K->401818K(532480K) [PSPermGen: 13623K->13623K(21504K)], 0.0741610 secs] [Times: user=0.52 sys=0.00, real=0.07 secs] 
58.467: Total time for which application threads were stopped: 0.0748310 seconds, Stopping threads took: 0.0000530 seconds
58.493: Application time: 0.0251830 seconds
58.493: [Full GC [PSYoungGen: 139264K->31662K(162304K)] [ParOldGen: 370170K->370170K(370176K)] 509434K->401832K(532480K) [PSPermGen: 13623K->13623K(21504K)], 0.0730900 secs] [Times: user=0.52 sys=0.00, real=0.07 secs] 
58.566: Total time for which application threads were stopped: 0.0738100 seconds, Stopping threads took: 0.0000630 seconds
58.591: Application time: 0.0251450 seconds
58.592: [Full GC [PSYoungGen: 139264K->31676K(162304K)] [ParOldGen: 370170K->370170K(370176K)] 509434K->401847K(532480K) [PSPermGen: 13623K->13623K(21504K)], 0.0735490 secs] [Times: user=0.52 sys=0.00, real=0.08 secs] 
58.666: Total time for which application threads were stopped: 0.0742900 seconds, Stopping threads took: 0.0000620 seconds
58.691: Application time: 0.0251700 seconds
58.692: [Full GC [PSYoungGen: 139264K->31692K(162304K)] [ParOldGen: 370170K->370170K(370176K)] 509434K->401862K(532480K) [PSPermGen: 13623K->13623K(21504K)], 0.0740380 secs] [Times: user=0.52 sys=0.00, real=0.08 secs] 
58.766: Total time for which application threads were stopped: 0.0747120 seconds, Stopping threads took: 0.0000520 seconds
58.791: Application time: 0.0249180 seconds
58.791: [Full GC [PSYoungGen: 139264K->31706K(162304K)] [ParOldGen: 370170K->370170K(370176K)] 509434K->401876K(532480K) [PSPermGen: 13623K->13623K(21504K)], 0.0739300 secs] [Times: user=0.53 sys=0.00, real=0.08 secs] 
58.865: Total time for which application threads were stopped: 0.0745620 seconds, Stopping threads took: 0.0000510 seconds
58.890: Application time: 0.0246990 seconds
58.891: [Full GC [PSYoungGen: 139264K->31722K(162304K)] [ParOldGen: 370170K->370170K(370176K)] 509434K->401893K(532480K) [PSPermGen: 13623K->13623K(21504K)], 0.0746490 secs] [Times: user=0.52 sys=0.00, real=0.08 secs] 
58.965: Total time for which application threads were stopped: 0.0753370 seconds, Stopping threads took: 0.0000500 seconds
58.990: Application time: 0.0248590 seconds
58.991: [Full GC [PSYoungGen: 139264K->31738K(162304K)] [ParOldGen: 370170K->370170K(370176K)] 509434K->401908K(532480K) [PSPermGen: 13623K->13623K(21504K)], 0.0738580 secs] [Times: user=0.52 sys=0.00, real=0.08 secs] 
59.065: Total time for which application threads were stopped: 0.0744600 seconds, Stopping threads took: 0.0000420 seconds
59.089: Application time: 0.0247040 seconds
59.090: [Full GC [PSYoungGen: 139264K->31753K(162304K)] [ParOldGen: 370170K->370170K(370176K)] 509434K->401924K(532480K) [PSPermGen: 13623K->13623K(21504K)], 0.0736100 secs] [Times: user=0.52 sys=0.01, real=0.07 secs] 
59.164: Total time for which application threads were stopped: 0.0743690 seconds, Stopping threads took: 0.0000720 seconds
59.189: Application time: 0.0251950 seconds
59.189: [Full GC [PSYoungGen: 139264K->31767K(162304K)] [ParOldGen: 370170K->370170K(370176K)] 509434K->401938K(532480K) [PSPermGen: 13623K->13623K(21504K)], 0.0742170 secs] [Times: user=0.52 sys=0.00, real=0.07 secs] 
59.264: Total time for which application threads were stopped: 0.0748370 seconds, Stopping threads took: 0.0000460 seconds
59.289: Application time: 0.0248850 seconds
59.289: [Full GC [PSYoungGen: 139264K->31786K(162304K)] [ParOldGen: 370170K->370170K(370176K)] 509434K->401957K(532480K) [PSPermGen: 13623K->13623K(21504K)], 0.0737090 secs] [Times: user=0.52 sys=0.00, real=0.07 secs] 
59.363: Total time for which application threads were stopped: 0.0744010 seconds, Stopping threads took: 0.0000390 seconds
59.388: Application time: 0.0249200 seconds
59.388: [Full GC [PSYoungGen: 139264K->31802K(162304K)] [ParOldGen: 370170K->370170K(370176K)] 509434K->401973K(532480K) [PSPermGen: 13623K->13623K(21504K)], 0.0736690 secs] [Times: user=0.52 sys=0.00, real=0.07 secs] 
59.462: Total time for which application threads were stopped: 0.0743220 seconds, Stopping threads took: 0.0000520 seconds
59.487: Application time: 0.0249560 seconds
59.488: [Full GC [PSYoungGen: 139264K->31816K(162304K)] [ParOldGen: 370170K->370170K(370176K)] 509434K->401986K(532480K) [PSPermGen: 13623K->13623K(21504K)], 0.0738020 secs] [Times: user=0.52 sys=0.00, real=0.07 secs] 
59.562: Total time for which application threads were stopped: 0.0744960 seconds, Stopping threads took: 0.0000620 seconds
59.587: Application time: 0.0252840 seconds
59.588: [Full GC [PSYoungGen: 139264K->31833K(162304K)] [ParOldGen: 370170K->370170K(370176K)] 509434K->402004K(532480K) [PSPermGen: 13623K->13623K(21504K)], 0.0740240 secs] [Times: user=0.52 sys=0.00, real=0.07 secs] 
59.662: Total time for which application threads were stopped: 0.0746860 seconds, Stopping threads took: 0.0000400 seconds
59.687: Application time: 0.0253310 seconds
59.688: [Full GC [PSYoungGen: 139264K->31847K(162304K)] [ParOldGen: 370170K->370170K(370176K)] 509434K->402018K(532480K) [PSPermGen: 13623K->13623K(21504K)], 0.0738740 secs] [Times: user=0.51 sys=0.00, real=0.07 secs] 
59.762: Total time for which application threads were stopped: 0.0745320 seconds, Stopping threads took: 0.0000500 seconds
59.790: Application time: 0.0286810 seconds
59.791: [Full GC [PSYoungGen: 139264K->31697K(162304K)] [ParOldGen: 370170K->370170K(370176K)] 509434K->401868K(532480K) [PSPermGen: 13623K->13623K(21504K)], 0.0732650 secs] [Times: user=0.51 sys=0.00, real=0.07 secs] 
59.864: Total time for which application threads were stopped: 0.0740130 seconds, Stopping threads took: 0.0000770 seconds
59.890: Application time: 0.0255070 seconds
59.890: [Full GC [PSYoungGen: 139264K->31666K(162304K)] [ParOldGen: 370170K->370170K(370176K)] 509434K->401837K(532480K) [PSPermGen: 13623K->13623K(21504K)], 0.0741390 secs] [Times: user=0.51 sys=0.00, real=0.08 secs] 
59.964: Total time for which application threads were stopped: 0.0747540 seconds, Stopping threads took: 0.0000420 seconds
59.990: Application time: 0.0252710 seconds
59.990: [Full GC [PSYoungGen: 139264K->31682K(162304K)] [ParOldGen: 370170K->370170K(370176K)] 509434K->401853K(532480K) [PSPermGen: 13623K->13623K(21504K)], 0.0747630 secs] [Times: user=0.52 sys=0.00, real=0.08 secs] 
60.065: Total time for which application threads were stopped: 0.0754030 seconds, Stopping threads took: 0.0000850 seconds
60.091: Application time: 0.0256820 seconds
60.091: [Full GC [PSYoungGen: 139264K->31642K(162304K)] [ParOldGen: 370170K->370170K(370176K)] 509434K->401813K(532480K) [PSPermGen: 13623K->13623K(21504K)], 0.0742040 secs] [Times: user=0.52 sys=0.00, real=0.08 secs] 
60.166: Total time for which application threads were stopped: 0.0748420 seconds, Stopping threads took: 0.0000530 seconds
60.191: Application time: 0.0256820 seconds
60.192: [Full GC [PSYoungGen: 139264K->31643K(162304K)] [ParOldGen: 370170K->370170K(370176K)] 509434K->401814K(532480K) [PSPermGen: 13623K->13623K(21504K)], 0.0738990 secs] [Times: user=0.52 sys=0.00, real=0.08 secs] 
60.266: Total time for which application threads were stopped: 0.0746040 seconds, Stopping threads took: 0.0000550 seconds
60.292: Application time: 0.0255670 seconds
60.292: [Full GC [PSYoungGen: 139264K->31657K(162304K)] [ParOldGen: 370170K->370170K(370176K)] 509434K->401827K(532480K) [PSPermGen: 13623K->13623K(21504K)], 0.0735770 secs] [Times: user=0.53 sys=0.00, real=0.08 secs] 
60.366: Total time for which application threads were stopped: 0.0742450 seconds, Stopping threads took: 0.0000370 seconds
60.391: Application time: 0.0250540 seconds
60.391: [Full GC [PSYoungGen: 139264K->31676K(162304K)] [ParOldGen: 370170K->370170K(370176K)] 509434K->401847K(532480K) [PSPermGen: 13623K->13623K(21504K)], 0.0738090 secs] [Times: user=0.53 sys=0.00, real=0.08 secs] 
60.465: Total time for which application threads were stopped: 0.0745060 seconds, Stopping threads took: 0.0000610 seconds
60.491: Application time: 0.0252050 seconds
60.491: [Full GC [PSYoungGen: 139264K->31690K(162304K)] [ParOldGen: 370170K->370170K(370176K)] 509434K->401861K(532480K) [PSPermGen: 13623K->13623K(21504K)], 0.0742960 secs] [Times: user=0.52 sys=0.00, real=0.08 secs] 
60.566: Total time for which application threads were stopped: 0.0749860 seconds, Stopping threads took: 0.0000660 seconds
60.591: Application time: 0.0254960 seconds
60.592: [Full GC [PSYoungGen: 139264K->31706K(162304K)] [ParOldGen: 370170K->370170K(370176K)] 509434K->401877K(532480K) [PSPermGen: 13623K->13623K(21504K)], 0.0738360 secs] [Times: user=0.52 sys=0.00, real=0.08 secs] 
60.666: Total time for which application threads were stopped: 0.0745350 seconds, Stopping threads took: 0.0000580 seconds
60.691: Application time: 0.0254140 seconds
60.692: [Full GC [PSYoungGen: 139264K->31717K(162304K)] [ParOldGen: 370170K->370170K(370176K)] 509434K->401888K(532480K) [PSPermGen: 13623K->13623K(21504K)], 0.0736710 secs] [Times: user=0.52 sys=0.00, real=0.08 secs] 
60.765: Total time for which application threads were stopped: 0.0743540 seconds, Stopping threads took: 0.0000530 seconds
60.791: Application time: 0.0258950 seconds
60.792: [Full GC [PSYoungGen: 139264K->31626K(162304K)] [ParOldGen: 370170K->370170K(370176K)] 509434K->401796K(532480K) [PSPermGen: 13623K->13623K(21504K)], 0.0735060 secs] [Times: user=0.52 sys=0.00, real=0.08 secs] 
60.865: Total time for which application threads were stopped: 0.0742240 seconds, Stopping threads took: 0.0000650 seconds
60.891: Application time: 0.0252880 seconds
60.891: [Full GC [PSYoungGen: 139264K->31553K(162304K)] [ParOldGen: 370170K->370170K(370176K)] 509434K->401724K(532480K) [PSPermGen: 13623K->13623K(21504K)], 0.0735890 secs] [Times: user=0.52 sys=0.00, real=0.08 secs] 
60.965: Total time for which application threads were stopped: 0.0742730 seconds, Stopping threads took: 0.0000570 seconds
60.990: Application time: 0.0249460 seconds
60.991: [Full GC [PSYoungGen: 139264K->31552K(162304K)] [ParOldGen: 370170K->370170K(370176K)] 509434K->401722K(532480K) [PSPermGen: 13623K->13623K(21504K)], 0.0740420 secs] [Times: user=0.52 sys=0.01, real=0.08 secs] 
61.065: Total time for which application threads were stopped: 0.0746480 seconds, Stopping threads took: 0.0000500 seconds
61.090: Application time: 0.0250720 seconds
61.090: [Full GC [PSYoungGen: 139264K->31570K(162304K)] [ParOldGen: 370170K->370170K(370176K)] 509434K->401741K(532480K) [PSPermGen: 13623K->13623K(21504K)], 0.0739740 secs] [Times: user=0.52 sys=0.00, real=0.07 secs] 
61.164: Total time for which application threads were stopped: 0.0745940 seconds, Stopping threads took: 0.0000550 seconds
61.189: Application time: 0.0250490 seconds
61.190: [Full GC [PSYoungGen: 139264K->31587K(162304K)] [ParOldGen: 370170K->370170K(370176K)] 509434K->401758K(532480K) [PSPermGen: 13623K->13623K(21504K)], 0.0739650 secs] [Times: user=0.51 sys=0.01, real=0.07 secs] 
61.264: Total time for which application threads were stopped: 0.0746770 seconds, Stopping threads took: 0.0000660 seconds
61.289: Application time: 0.0250390 seconds
61.290: [Full GC [PSYoungGen: 139264K->31599K(162304K)] [ParOldGen: 370170K->370170K(370176K)] 509434K->401769K(532480K) [PSPermGen: 13623K->13623K(21504K)], 0.0741660 secs] [Times: user=0.52 sys=0.00, real=0.07 secs] 
61.364: Total time for which application threads were stopped: 0.0748500 seconds, Stopping threads took: 0.0000660 seconds
61.389: Application time: 0.0254100 seconds
61.390: [Full GC [PSYoungGen: 139264K->31617K(162304K)] [ParOldGen: 370170K->370170K(370176K)] 509434K->401788K(532480K) [PSPermGen: 13623K->13623K(21504K)], 0.0731810 secs] [Times: user=0.51 sys=0.01, real=0.07 secs] 
61.463: Total time for which application threads were stopped: 0.0738980 seconds, Stopping threads took: 0.0000460 seconds
61.488: Application time: 0.0250100 seconds
61.489: [Full GC [PSYoungGen: 139264K->31633K(162304K)] [ParOldGen: 370170K->370170K(370176K)] 509434K->401803K(532480K) [PSPermGen: 13623K->13623K(21504K)], 0.0755030 secs] [Times: user=0.52 sys=0.00, real=0.08 secs] 
61.564: Total time for which application threads were stopped: 0.0761950 seconds, Stopping threads took: 0.0000680 seconds
61.590: Application time: 0.0252390 seconds
61.590: [Full GC [PSYoungGen: 139264K->31647K(162304K)] [ParOldGen: 370170K->370170K(370176K)] 509434K->401817K(532480K) [PSPermGen: 13623K->13623K(21504K)], 0.0757690 secs] [Times: user=0.54 sys=0.00, real=0.08 secs] 
61.666: Total time for which application threads were stopped: 0.0764720 seconds, Stopping threads took: 0.0000630 seconds
61.691: Application time: 0.0251920 seconds
61.692: [Full GC [PSYoungGen: 139264K->31662K(162304K)] [ParOldGen: 370170K->370170K(370176K)] 509434K->401833K(532480K) [PSPermGen: 13623K->13623K(21504K)], 0.0742070 secs] [Times: user=0.51 sys=0.00, real=0.08 secs] 
61.766: Total time for which application threads were stopped: 0.0748770 seconds, Stopping threads took: 0.0000520 seconds
61.792: Application time: 0.0254130 seconds
61.792: [Full GC [PSYoungGen: 139264K->31677K(162304K)] [ParOldGen: 370170K->370170K(370176K)] 509434K->401848K(532480K) [PSPermGen: 13623K->13623K(21504K)], 0.0741490 secs] [Times: user=0.51 sys=0.01, real=0.07 secs] 
61.867: Total time for which application threads were stopped: 0.0748710 seconds, Stopping threads took: 0.0000730 seconds
61.892: Application time: 0.0257350 seconds
61.893: [Full GC [PSYoungGen: 139264K->31638K(162304K)] [ParOldGen: 370170K->370170K(370176K)] 509434K->401809K(532480K) [PSPermGen: 13623K->13623K(21504K)], 0.0739440 secs] [Times: user=0.51 sys=0.01, real=0.07 secs] 
61.967: Total time for which application threads were stopped: 0.0746990 seconds, Stopping threads took: 0.0000750 seconds
61.992: Application time: 0.0251750 seconds
61.993: [Full GC [PSYoungGen: 139264K->31638K(162304K)] [ParOldGen: 370170K->370170K(370176K)] 509434K->401809K(532480K) [PSPermGen: 13623K->13623K(21504K)], 0.0736170 secs] [Times: user=0.52 sys=0.00, real=0.07 secs] 
62.066: Total time for which application threads were stopped: 0.0743020 seconds, Stopping threads took: 0.0000480 seconds
62.091: Application time: 0.0249290 seconds
62.092: [Full GC [PSYoungGen: 139264K->31654K(162304K)] [ParOldGen: 370170K->370170K(370176K)] 509434K->401824K(532480K) [PSPermGen: 13623K->13623K(21504K)], 0.0736580 secs] [Times: user=0.51 sys=0.00, real=0.08 secs] 
62.166: Total time for which application threads were stopped: 0.0742850 seconds, Stopping threads took: 0.0000650 seconds
62.191: Application time: 0.0248870 seconds
62.191: [Full GC [PSYoungGen: 139264K->31666K(162304K)] [ParOldGen: 370170K->370170K(370176K)] 509434K->401837K(532480K) [PSPermGen: 13623K->13623K(21504K)], 0.0733320 secs] [Times: user=0.52 sys=0.00, real=0.08 secs] 
62.265: Total time for which application threads were stopped: 0.0740220 seconds, Stopping threads took: 0.0000500 seconds
62.289: Application time: 0.0248710 seconds
62.290: [Full GC [PSYoungGen: 139264K->31684K(162304K)] [ParOldGen: 370170K->370170K(370176K)] 509434K->401854K(532480K) [PSPermGen: 13623K->13623K(21504K)], 0.0740170 secs] [Times: user=0.52 sys=0.00, real=0.07 secs] 
62.364: Total time for which application threads were stopped: 0.0747060 seconds, Stopping threads took: 0.0000520 seconds
62.389: Application time: 0.0249810 seconds
62.390: [Full GC [PSYoungGen: 139264K->31700K(162304K)] [ParOldGen: 370170K->370170K(370176K)] 509434K->401870K(532480K) [PSPermGen: 13623K->13623K(21504K)], 0.0740890 secs] [Times: user=0.52 sys=0.00, real=0.07 secs] 
62.464: Total time for which application threads were stopped: 0.0747410 seconds, Stopping threads took: 0.0000420 seconds
62.489: Application time: 0.0251050 seconds
62.490: [Full GC [PSYoungGen: 139264K->31714K(162304K)] [ParOldGen: 370170K->370170K(370176K)] 509434K->401885K(532480K) [PSPermGen: 13623K->13623K(21504K)], 0.0746030 secs] [Times: user=0.52 sys=0.00, real=0.07 secs] 
62.564: Total time for which application threads were stopped: 0.0752500 seconds, Stopping threads took: 0.0000560 seconds
62.589: Application time: 0.0250920 seconds
62.590: [Full GC [PSYoungGen: 139264K->31729K(162304K)] [ParOldGen: 370170K->370170K(370176K)] 509434K->401900K(532480K) [PSPermGen: 13623K->13623K(21504K)], 0.0737690 secs] [Times: user=0.52 sys=0.00, real=0.07 secs] 
62.664: Total time for which application threads were stopped: 0.0744830 seconds, Stopping threads took: 0.0000680 seconds
62.689: Application time: 0.0251750 seconds
62.690: [Full GC [PSYoungGen: 139264K->31748K(162304K)] [ParOldGen: 370170K->370170K(370176K)] 509434K->401919K(532480K) [PSPermGen: 13623K->13623K(21504K)], 0.0753170 secs] [Times: user=0.52 sys=0.00, real=0.08 secs] 
62.765: Total time for which application threads were stopped: 0.0759970 seconds, Stopping threads took: 0.0000510 seconds
62.790: Application time: 0.0252140 seconds
62.791: [Full GC [PSYoungGen: 139264K->31763K(162304K)] [ParOldGen: 370170K->370170K(370176K)] 509434K->401934K(532480K) [PSPermGen: 13623K->13623K(21504K)], 0.0747840 secs] [Times: user=0.52 sys=0.00, real=0.08 secs] 
62.866: Total time for which application threads were stopped: 0.0754120 seconds, Stopping threads took: 0.0000590 seconds
62.891: Application time: 0.0250480 seconds
62.891: [Full GC [PSYoungGen: 139264K->31779K(162304K)] [ParOldGen: 370170K->370170K(370176K)] 509434K->401950K(532480K) [PSPermGen: 13623K->13623K(21504K)], 0.0736830 secs] [Times: user=0.51 sys=0.00, real=0.08 secs] 
62.965: Total time for which application threads were stopped: 0.0743860 seconds, Stopping threads took: 0.0000580 seconds
62.990: Application time: 0.0251130 seconds
62.991: [Full GC [PSYoungGen: 139264K->31793K(162304K)] [ParOldGen: 370170K->370170K(370176K)] 509434K->401964K(532480K) [PSPermGen: 13623K->13623K(21504K)], 0.0733000 secs] [Times: user=0.51 sys=0.01, real=0.07 secs] 
63.064: Total time for which application threads were stopped: 0.0740080 seconds, Stopping threads took: 0.0000470 seconds
63.089: Application time: 0.0252080 seconds
63.090: [Full GC [PSYoungGen: 139264K->31807K(162304K)] [ParOldGen: 370170K->370170K(370176K)] 509434K->401978K(532480K) [PSPermGen: 13623K->13623K(21504K)], 0.0745080 secs] [Times: user=0.52 sys=0.00, real=0.08 secs] 
63.165: Total time for which application threads were stopped: 0.0751910 seconds, Stopping threads took: 0.0000560 seconds
63.190: Application time: 0.0258460 seconds
63.191: [Full GC [PSYoungGen: 139264K->31697K(162304K)] [ParOldGen: 370170K->370170K(370176K)] 509434K->401868K(532480K) [PSPermGen: 13623K->13623K(21504K)], 0.0743840 secs] [Times: user=0.52 sys=0.01, real=0.08 secs] 
63.266: Total time for which application threads were stopped: 0.0750030 seconds, Stopping threads took: 0.0000780 seconds
63.291: Application time: 0.0253970 seconds
63.292: [Full GC [PSYoungGen: 139264K->31645K(162304K)] [ParOldGen: 370170K->370170K(370176K)] 509434K->401815K(532480K) [PSPermGen: 13623K->13623K(21504K)], 0.0733570 secs] [Times: user=0.52 sys=0.00, real=0.08 secs] 
63.365: Total time for which application threads were stopped: 0.0740500 seconds, Stopping threads took: 0.0000620 seconds
63.390: Application time: 0.0252220 seconds
63.391: [Full GC [PSYoungGen: 139264K->31642K(162304K)] [ParOldGen: 370170K->370170K(370176K)] 509434K->401813K(532480K) [PSPermGen: 13623K->13623K(21504K)], 0.0733250 secs] [Times: user=0.52 sys=0.00, real=0.07 secs] 
63.464: Total time for which application threads were stopped: 0.0740490 seconds, Stopping threads took: 0.0000810 seconds
63.489: Application time: 0.0249810 seconds
63.490: [Full GC [PSYoungGen: 139264K->31659K(162304K)] [ParOldGen: 370170K->370170K(370176K)] 509434K->401830K(532480K) [PSPermGen: 13623K->13623K(21504K)], 0.0737320 secs] [Times: user=0.52 sys=0.00, real=0.07 secs] 
63.564: Total time for which application threads were stopped: 0.0744320 seconds, Stopping threads took: 0.0000590 seconds
63.589: Application time: 0.0249260 seconds
63.589: [Full GC [PSYoungGen: 139264K->31669K(162304K)] [ParOldGen: 370170K->370170K(370176K)] 509434K->401840K(532480K) [PSPermGen: 13623K->13623K(21504K)], 0.0736210 secs] [Times: user=0.52 sys=0.01, real=0.07 secs] 
63.663: Total time for which application threads were stopped: 0.0743190 seconds, Stopping threads took: 0.0000480 seconds
63.688: Application time: 0.0249370 seconds
63.688: [Full GC [PSYoungGen: 139264K->31686K(162304K)] [ParOldGen: 370170K->370170K(370176K)] 509434K->401857K(532480K) [PSPermGen: 13623K->13623K(21504K)], 0.0744490 secs] [Times: user=0.51 sys=0.00, real=0.07 secs] 
63.763: Total time for which application threads were stopped: 0.0750810 seconds, Stopping threads took: 0.0000520 seconds
63.788: Application time: 0.0250380 seconds
63.789: [Full GC [PSYoungGen: 139264K->31705K(162304K)] [ParOldGen: 370170K->370170K(370176K)] 509434K->401876K(532480K) [PSPermGen: 13623K->13623K(21504K)], 0.0738640 secs] [Times: user=0.53 sys=0.00, real=0.07 secs] 
63.863: Total time for which application threads were stopped: 0.0745650 seconds, Stopping threads took: 0.0000630 seconds
63.888: Application time: 0.0254390 seconds
63.889: [Full GC [PSYoungGen: 139264K->31666K(162304K)] [ParOldGen: 370170K->370170K(370176K)] 509434K->401836K(532480K) [PSPermGen: 13623K->13623K(21504K)], 0.1238250 secs] [Times: user=0.89 sys=0.01, real=0.13 secs] 
64.013: Total time for which application threads were stopped: 0.1245120 seconds, Stopping threads took: 0.0000530 seconds
64.038: Application time: 0.0252740 seconds
64.038: [Full GC [PSYoungGen: 139264K->31665K(162304K)] [ParOldGen: 370170K->370170K(370176K)] 509434K->401835K(532480K) [PSPermGen: 13623K->13623K(21504K)], 0.0733920 secs] [Times: user=0.52 sys=0.00, real=0.07 secs] 
64.112: Total time for which application threads were stopped: 0.0740650 seconds, Stopping threads took: 0.0000530 seconds
64.137: Application time: 0.0254480 seconds
64.138: [Full GC [PSYoungGen: 139264K->31683K(162304K)] [ParOldGen: 370170K->370170K(370176K)] 509434K->401853K(532480K) [PSPermGen: 13623K->13623K(21504K)], 0.0738390 secs] [Times: user=0.52 sys=0.00, real=0.07 secs] 
64.212: Total time for which application threads were stopped: 0.0745540 seconds, Stopping threads took: 0.0000550 seconds
64.237: Application time: 0.0252050 seconds
64.238: [Full GC [PSYoungGen: 139264K->31697K(162304K)] [ParOldGen: 370170K->370170K(370176K)] 509434K->401867K(532480K) [PSPermGen: 13623K->13623K(21504K)], 0.0735690 secs] [Times: user=0.52 sys=0.00, real=0.07 secs] 
64.311: Total time for which application threads were stopped: 0.0742820 seconds, Stopping threads took: 0.0000680 seconds
64.336: Application time: 0.0251370 seconds
64.337: [Full GC [PSYoungGen: 139264K->31713K(162304K)] [ParOldGen: 370170K->370170K(370176K)] 509434K->401883K(532480K) [PSPermGen: 13623K->13623K(21504K)], 0.0735040 secs] [Times: user=0.51 sys=0.00, real=0.07 secs] 
64.411: Total time for which application threads were stopped: 0.0741890 seconds, Stopping threads took: 0.0000490 seconds
64.436: Application time: 0.0253380 seconds
64.437: [Full GC [PSYoungGen: 139264K->31728K(162304K)] [ParOldGen: 370170K->370170K(370176K)] 509434K->401898K(532480K) [PSPermGen: 13623K->13623K(21504K)], 0.0739180 secs] [Times: user=0.51 sys=0.02, real=0.07 secs] 
64.511: Total time for which application threads were stopped: 0.0746020 seconds, Stopping threads took: 0.0000450 seconds
64.537: Application time: 0.0265450 seconds
64.538: [Full GC [PSYoungGen: 139264K->31596K(162304K)] [ParOldGen: 370170K->370170K(370176K)] 509434K->401767K(532480K) [PSPermGen: 13623K->13623K(21504K)], 0.0732490 secs] [Times: user=0.52 sys=0.00, real=0.07 secs] 
64.611: Total time for which application threads were stopped: 0.0739830 seconds, Stopping threads took: 0.0000910 seconds
64.637: Application time: 0.0256790 seconds
64.637: [Full GC [PSYoungGen: 139264K->31621K(162304K)] [ParOldGen: 370170K->370169K(370176K)] 509434K->401791K(532480K) [PSPermGen: 13623K->13623K(21504K)], 0.1216570 secs] [Times: user=0.88 sys=0.01, real=0.12 secs] 
64.759: Total time for which application threads were stopped: 0.1223070 seconds, Stopping threads took: 0.0000550 seconds
64.785: Application time: 0.0256160 seconds
64.785: [Full GC [PSYoungGen: 139264K->31580K(162304K)] [ParOldGen: 370169K->370169K(370176K)] 509433K->401749K(532480K) [PSPermGen: 13623K->13623K(21504K)], 0.0737600 secs] [Times: user=0.52 sys=0.00, real=0.07 secs] 
64.859: Total time for which application threads were stopped: 0.0744250 seconds, Stopping threads took: 0.0000630 seconds
64.885: Application time: 0.0254400 seconds
64.885: [Full GC [PSYoungGen: 139264K->31578K(162304K)] [ParOldGen: 370169K->370169K(370176K)] 509433K->401747K(532480K) [PSPermGen: 13623K->13623K(21504K)], 0.0743370 secs] [Times: user=0.51 sys=0.01, real=0.07 secs] 
64.960: Total time for which application threads were stopped: 0.0749580 seconds, Stopping threads took: 0.0000580 seconds
64.985: Application time: 0.0253960 seconds
64.986: [Full GC [PSYoungGen: 139264K->31594K(162304K)] [ParOldGen: 370169K->370169K(370176K)] 509433K->401764K(532480K) [PSPermGen: 13623K->13623K(21504K)], 0.0737930 secs] [Times: user=0.51 sys=0.00, real=0.07 secs] 
65.059: Total time for which application threads were stopped: 0.0744270 seconds, Stopping threads took: 0.0000530 seconds
65.085: Application time: 0.0253520 seconds
65.085: [Full GC [PSYoungGen: 139264K->31609K(162304K)] [ParOldGen: 370169K->370169K(370176K)] 509433K->401779K(532480K) [PSPermGen: 13623K->13623K(21504K)], 0.0733250 secs] [Times: user=0.52 sys=0.01, real=0.07 secs] 
65.159: Total time for which application threads were stopped: 0.0740190 seconds, Stopping threads took: 0.0000570 seconds
65.184: Application time: 0.0250400 seconds
65.184: [Full GC [PSYoungGen: 139264K->31625K(162304K)] [ParOldGen: 370169K->370169K(370176K)] 509433K->401795K(532480K) [PSPermGen: 13623K->13623K(21504K)], 0.0732400 secs] [Times: user=0.52 sys=0.00, real=0.07 secs] 
65.258: Total time for which application threads were stopped: 0.0739350 seconds, Stopping threads took: 0.0000570 seconds
65.283: Application time: 0.0251610 seconds
65.284: [Full GC [PSYoungGen: 139264K->31640K(162304K)] [ParOldGen: 370169K->370169K(370176K)] 509433K->401810K(532480K) [PSPermGen: 13623K->13623K(21504K)], 0.0739300 secs] [Times: user=0.51 sys=0.00, real=0.08 secs] 
65.358: Total time for which application threads were stopped: 0.0746130 seconds, Stopping threads took: 0.0000640 seconds
65.383: Application time: 0.0255310 seconds
65.384: [Full GC [PSYoungGen: 139264K->31657K(162304K)] [ParOldGen: 370169K->370169K(370176K)] 509433K->401827K(532480K) [PSPermGen: 13623K->13623K(21504K)], 0.0736750 secs] [Times: user=0.52 sys=0.00, real=0.08 secs] 
65.458: Total time for which application threads were stopped: 0.0743960 seconds, Stopping threads took: 0.0000580 seconds
65.483: Application time: 0.0252790 seconds
65.483: [Full GC [PSYoungGen: 139264K->31672K(162304K)] [ParOldGen: 370169K->370169K(370176K)] 509433K->401842K(532480K) [PSPermGen: 13623K->13623K(21504K)], 0.0743900 secs] [Times: user=0.53 sys=0.00, real=0.08 secs] 
65.558: Total time for which application threads were stopped: 0.0750590 seconds, Stopping threads took: 0.0000460 seconds
65.583: Application time: 0.0250730 seconds
65.584: [Full GC [PSYoungGen: 139264K->31686K(162304K)] [ParOldGen: 370169K->370169K(370176K)] 509433K->401855K(532480K) [PSPermGen: 13623K->13623K(21504K)], 0.0734140 secs] [Times: user=0.52 sys=0.00, real=0.08 secs] 
65.657: Total time for which application threads were stopped: 0.0741020 seconds, Stopping threads took: 0.0000520 seconds
65.682: Application time: 0.0250000 seconds
65.683: [Full GC [PSYoungGen: 139264K->31701K(162304K)] [ParOldGen: 370169K->370169K(370176K)] 509433K->401871K(532480K) [PSPermGen: 13623K->13623K(21504K)], 0.0745210 secs] [Times: user=0.52 sys=0.00, real=0.08 secs] 
65.757: Total time for which application threads were stopped: 0.0751490 seconds, Stopping threads took: 0.0000590 seconds
65.782: Application time: 0.0252340 seconds
65.783: [Full GC [PSYoungGen: 139264K->31663K(162304K)] [ParOldGen: 370169K->370169K(370176K)] 509433K->401833K(532480K) [PSPermGen: 13623K->13623K(21504K)], 0.0736650 secs] [Times: user=0.52 sys=0.00, real=0.08 secs] 
65.857: Total time for which application threads were stopped: 0.0743470 seconds, Stopping threads took: 0.0000510 seconds
65.882: Application time: 0.0248720 seconds
65.882: [Full GC [PSYoungGen: 139264K->31661K(162304K)] [ParOldGen: 370169K->370169K(370176K)] 509433K->401830K(532480K) [PSPermGen: 13623K->13623K(21504K)], 0.0742990 secs] [Times: user=0.52 sys=0.00, real=0.08 secs] 
65.957: Total time for which application threads were stopped: 0.0749720 seconds, Stopping threads took: 0.0000520 seconds
65.982: Application time: 0.0249290 seconds
65.982: [Full GC [PSYoungGen: 139264K->31676K(162304K)] [ParOldGen: 370169K->370169K(370176K)] 509433K->401846K(532480K) [PSPermGen: 13623K->13623K(21504K)], 0.0738090 secs] [Times: user=0.52 sys=0.00, real=0.08 secs] 
66.056: Total time for which application threads were stopped: 0.0745170 seconds, Stopping threads took: 0.0000690 seconds
66.081: Application time: 0.0249270 seconds
66.082: [Full GC [PSYoungGen: 139264K->31691K(162304K)] [ParOldGen: 370169K->370169K(370176K)] 509433K->401861K(532480K) [PSPermGen: 13623K->13623K(21504K)], 0.0745270 secs] [Times: user=0.52 sys=0.00, real=0.08 secs] 
66.156: Total time for which application threads were stopped: 0.0751540 seconds, Stopping threads took: 0.0000640 seconds
66.181: Application time: 0.0249770 seconds
66.182: [Full GC [PSYoungGen: 139264K->31704K(162304K)] [ParOldGen: 370169K->370169K(370176K)] 509433K->401874K(532480K) [PSPermGen: 13623K->13623K(21504K)], 0.0747130 secs] [Times: user=0.52 sys=0.00, real=0.08 secs] 
66.256: Total time for which application threads were stopped: 0.0753370 seconds, Stopping threads took: 0.0000680 seconds
66.281: Application time: 0.0249720 seconds
66.282: [Full GC [PSYoungGen: 139264K->31724K(162304K)] [ParOldGen: 370169K->370169K(370176K)] 509433K->401894K(532480K) [PSPermGen: 13623K->13623K(21504K)], 0.0739780 secs] [Times: user=0.52 sys=0.00, real=0.08 secs] 
66.356: Total time for which application threads were stopped: 0.0746640 seconds, Stopping threads took: 0.0000490 seconds
66.381: Application time: 0.0252300 seconds
66.382: [Full GC [PSYoungGen: 139264K->31741K(162304K)] [ParOldGen: 370169K->370169K(370176K)] 509433K->401911K(532480K) [PSPermGen: 13623K->13623K(21504K)], 0.0738770 secs] [Times: user=0.52 sys=0.00, real=0.08 secs] 
66.456: Total time for which application threads were stopped: 0.0745740 seconds, Stopping threads took: 0.0000540 seconds
66.481: Application time: 0.0251460 seconds
66.482: [Full GC [PSYoungGen: 139264K->31756K(162304K)] [ParOldGen: 370169K->370169K(370176K)] 509433K->401925K(532480K) [PSPermGen: 13623K->13623K(21504K)], 0.0763270 secs] [Times: user=0.53 sys=0.00, real=0.08 secs] 
66.558: Total time for which application threads were stopped: 0.0769420 seconds, Stopping threads took: 0.0000500 seconds
66.583: Application time: 0.0252630 seconds
66.584: [Full GC [PSYoungGen: 139264K->31769K(162304K)] [ParOldGen: 370169K->370169K(370176K)] 509433K->401939K(532480K) [PSPermGen: 13623K->13623K(21504K)], 0.0736850 secs] [Times: user=0.52 sys=0.00, real=0.08 secs] 
66.658: Total time for which application threads were stopped: 0.0743920 seconds, Stopping threads took: 0.0000430 seconds
66.682: Application time: 0.0246360 seconds
66.683: [Full GC [PSYoungGen: 139264K->31785K(162304K)] [ParOldGen: 370169K->370169K(370176K)] 509433K->401955K(532480K) [PSPermGen: 13623K->13623K(21504K)], 0.0741490 secs] [Times: user=0.52 sys=0.00, real=0.08 secs] 
66.757: Total time for which application threads were stopped: 0.0747740 seconds, Stopping threads took: 0.0000570 seconds
66.782: Application time: 0.0248150 seconds
66.783: [Full GC [PSYoungGen: 139264K->31801K(162304K)] [ParOldGen: 370169K->370169K(370176K)] 509433K->401971K(532480K) [PSPermGen: 13623K->13623K(21504K)], 0.0738700 secs] [Times: user=0.52 sys=0.01, real=0.08 secs] 
66.856: Total time for which application threads were stopped: 0.0745640 seconds, Stopping threads took: 0.0000520 seconds
66.884: Application time: 0.0276110 seconds
66.885: [Full GC [PSYoungGen: 139264K->31762K(162304K)] [ParOldGen: 370169K->370169K(370176K)] 509433K->401932K(532480K) [PSPermGen: 13623K->13623K(21504K)], 0.0745730 secs] [Times: user=0.51 sys=0.00, real=0.07 secs] 
66.959: Total time for which application threads were stopped: 0.0752690 seconds, Stopping threads took: 0.0000520 seconds
66.985: Application time: 0.0255820 seconds
66.986: [Full GC [PSYoungGen: 139264K->31653K(162304K)] [ParOldGen: 370169K->370169K(370176K)] 509433K->401822K(532480K) [PSPermGen: 13623K->13623K(21504K)], 0.0739380 secs] [Times: user=0.51 sys=0.01, real=0.07 secs] 
67.060: Total time for which application threads were stopped: 0.0746250 seconds, Stopping threads took: 0.0000460 seconds
67.085: Application time: 0.0252160 seconds
67.085: [Full GC [PSYoungGen: 139264K->31635K(162304K)] [ParOldGen: 370169K->370169K(370176K)] 509433K->401805K(532480K) [PSPermGen: 13623K->13623K(21504K)], 0.0744200 secs] [Times: user=0.52 sys=0.00, real=0.07 secs] 
67.160: Total time for which application threads were stopped: 0.0751040 seconds, Stopping threads took: 0.0000510 seconds
67.185: Application time: 0.0249270 seconds
67.185: [Full GC [PSYoungGen: 139264K->31650K(162304K)] [ParOldGen: 370169K->370169K(370176K)] 509433K->401820K(532480K) [PSPermGen: 13623K->13623K(21504K)], 0.0748870 secs] [Times: user=0.51 sys=0.00, real=0.07 secs] 
67.260: Total time for which application threads were stopped: 0.0755100 seconds, Stopping threads took: 0.0000520 seconds
67.285: Application time: 0.0250260 seconds
67.286: [Full GC [PSYoungGen: 139264K->31667K(162304K)] [ParOldGen: 370169K->370169K(370176K)] 509433K->401837K(532480K) [PSPermGen: 13623K->13623K(21504K)], 0.0767940 secs] [Times: user=0.54 sys=0.01, real=0.07 secs] 
67.363: Total time for which application threads were stopped: 0.0774160 seconds, Stopping threads took: 0.0000440 seconds
67.388: Application time: 0.0250650 seconds
67.389: [Full GC [PSYoungGen: 139264K->31681K(162304K)] [ParOldGen: 370169K->370169K(370176K)] 509433K->401850K(532480K) [PSPermGen: 13623K->13623K(21504K)], 0.0733900 secs] [Times: user=0.51 sys=0.00, real=0.07 secs] 
67.462: Total time for which application threads were stopped: 0.0740930 seconds, Stopping threads took: 0.0000500 seconds
67.487: Application time: 0.0251190 seconds
67.488: [Full GC [PSYoungGen: 139264K->31696K(162304K)] [ParOldGen: 370169K->370169K(370176K)] 509433K->401866K(532480K) [PSPermGen: 13623K->13623K(21504K)], 0.0739390 secs] [Times: user=0.52 sys=0.00, real=0.07 secs] 
67.562: Total time for which application threads were stopped: 0.0745520 seconds, Stopping threads took: 0.0000530 seconds
67.587: Application time: 0.0256500 seconds
67.588: [Full GC [PSYoungGen: 139264K->31660K(162304K)] [ParOldGen: 370169K->370169K(370176K)] 509433K->401829K(532480K) [PSPermGen: 13625K->13625K(21504K)], 0.0736930 secs] [Times: user=0.51 sys=0.00, real=0.07 secs] 
67.662: Total time for which application threads were stopped: 0.0743820 seconds, Stopping threads took: 0.0000480 seconds
67.687: Application time: 0.0254160 seconds
67.688: [Full GC [PSYoungGen: 139264K->31658K(162304K)] [ParOldGen: 370169K->370169K(370176K)] 509433K->401828K(532480K) [PSPermGen: 13625K->13625K(21504K)], 0.0734670 secs] [Times: user=0.52 sys=0.00, real=0.07 secs] 
67.761: Total time for which application threads were stopped: 0.0741410 seconds, Stopping threads took: 0.0000610 seconds
67.786: Application time: 0.0251000 seconds
67.787: [Full GC [PSYoungGen: 139264K->31673K(162304K)] [ParOldGen: 370169K->370169K(370176K)] 509433K->401843K(532480K) [PSPermGen: 13625K->13625K(21504K)], 0.0731980 secs] [Times: user=0.52 sys=0.00, real=0.07 secs] 
67.860: Total time for which application threads were stopped: 0.0738870 seconds, Stopping threads took: 0.0000610 seconds
67.885: Application time: 0.0252380 seconds
67.886: [Full GC [PSYoungGen: 139264K->31691K(162304K)] [ParOldGen: 370169K->370169K(370176K)] 509433K->401861K(532480K) [PSPermGen: 13625K->13625K(21504K)], 0.0744270 secs] [Times: user=0.52 sys=0.00, real=0.07 secs] 
67.961: Total time for which application threads were stopped: 0.0751130 seconds, Stopping threads took: 0.0000420 seconds
67.986: Application time: 0.0251180 seconds
67.986: [Full GC [PSYoungGen: 139264K->31707K(162304K)] [ParOldGen: 370169K->370169K(370176K)] 509433K->401876K(532480K) [PSPermGen: 13625K->13625K(21504K)], 0.0743000 secs] [Times: user=0.52 sys=0.00, real=0.07 secs] 
68.061: Total time for which application threads were stopped: 0.0749880 seconds, Stopping threads took: 0.0000580 seconds
68.086: Application time: 0.0250740 seconds
68.086: [Full GC [PSYoungGen: 139264K->31721K(162304K)] [ParOldGen: 370169K->370169K(370176K)] 509433K->401891K(532480K) [PSPermGen: 13625K->13625K(21504K)], 0.0739660 secs] [Times: user=0.52 sys=0.00, real=0.07 secs] 
68.160: Total time for which application threads were stopped: 0.0746280 seconds, Stopping threads took: 0.0000320 seconds
68.186: Application time: 0.0256060 seconds
68.187: [Full GC [PSYoungGen: 139264K->31737K(162304K)] [ParOldGen: 370169K->370169K(370176K)] 509433K->401907K(532480K) [PSPermGen: 13625K->13625K(21504K)], 0.0744700 secs] [Times: user=0.51 sys=0.01, real=0.07 secs] 
68.261: Total time for which application threads were stopped: 0.0751440 seconds, Stopping threads took: 0.0000570 seconds
68.288: Application time: 0.0269650 seconds
68.289: [Full GC [PSYoungGen: 139264K->31805K(162304K)] [ParOldGen: 370169K->370169K(370176K)] 509433K->401974K(532480K) [PSPermGen: 13625K->13625K(21504K)], 0.1247070 secs] [Times: user=0.90 sys=0.00, real=0.13 secs] 
68.413: Total time for which application threads were stopped: 0.1253460 seconds, Stopping threads took: 0.0000400 seconds
68.439: Application time: 0.0255740 seconds
68.440: [Full GC [PSYoungGen: 139264K->31726K(162304K)] [ParOldGen: 370169K->370072K(370176K)] 509433K->401799K(532480K) [PSPermGen: 13625K->13625K(21504K)], 0.1263350 secs] [Times: user=0.93 sys=0.00, real=0.13 secs] 
68.566: Total time for which application threads were stopped: 0.1269620 seconds, Stopping threads took: 0.0000580 seconds
68.592: Application time: 0.0261090 seconds
68.593: [Full GC [PSYoungGen: 139264K->31683K(162304K)] [ParOldGen: 370072K->370072K(370176K)] 509336K->401755K(532480K) [PSPermGen: 13625K->13625K(21504K)], 0.0743540 secs] [Times: user=0.52 sys=0.00, real=0.07 secs] 
68.667: Total time for which application threads were stopped: 0.0750290 seconds, Stopping threads took: 0.0000470 seconds
68.692: Application time: 0.0253170 seconds
68.693: [Full GC [PSYoungGen: 139264K->31684K(162304K)] [ParOldGen: 370072K->370072K(370176K)] 509336K->401757K(532480K) [PSPermGen: 13625K->13625K(21504K)], 0.0740780 secs] [Times: user=0.52 sys=0.00, real=0.07 secs] 
68.767: Total time for which application threads were stopped: 0.0747390 seconds, Stopping threads took: 0.0000610 seconds
68.792: Application time: 0.0249880 seconds
68.793: [Full GC [PSYoungGen: 139264K->31698K(162304K)] [ParOldGen: 370072K->370072K(370176K)] 509336K->401770K(532480K) [PSPermGen: 13625K->13625K(21504K)], 0.0747840 secs] [Times: user=0.53 sys=0.01, real=0.07 secs] 
68.868: Total time for which application threads were stopped: 0.0754550 seconds, Stopping threads took: 0.0000610 seconds
68.893: Application time: 0.0249350 seconds
68.893: [Full GC [PSYoungGen: 139264K->31711K(162304K)] [ParOldGen: 370072K->370072K(370176K)] 509336K->401784K(532480K) [PSPermGen: 13625K->13625K(21504K)], 0.0747760 secs] [Times: user=0.51 sys=0.00, real=0.07 secs] 
68.968: Total time for which application threads were stopped: 0.0754620 seconds, Stopping threads took: 0.0000450 seconds
68.993: Application time: 0.0248280 seconds
68.994: [Full GC [PSYoungGen: 139264K->31730K(162304K)] [ParOldGen: 370072K->370072K(370176K)] 509336K->401803K(532480K) [PSPermGen: 13625K->13625K(21504K)], 0.0736280 secs] [Times: user=0.51 sys=0.00, real=0.07 secs] 
69.067: Total time for which application threads were stopped: 0.0743210 seconds, Stopping threads took: 0.0000540 seconds
69.092: Application time: 0.0252040 seconds
69.093: [Full GC [PSYoungGen: 139264K->31743K(162304K)] [ParOldGen: 370072K->370072K(370176K)] 509336K->401816K(532480K) [PSPermGen: 13625K->13625K(21504K)], 0.0732080 secs] [Times: user=0.51 sys=0.00, real=0.07 secs] 
69.166: Total time for which application threads were stopped: 0.0738170 seconds, Stopping threads took: 0.0000440 seconds
69.193: Application time: 0.0265730 seconds
69.193: [Full GC [PSYoungGen: 139264K->31759K(162304K)] [ParOldGen: 370072K->370072K(370176K)] 509336K->401832K(532480K) [PSPermGen: 13625K->13625K(21504K)], 0.0738390 secs] [Times: user=0.52 sys=0.00, real=0.07 secs] 
69.267: Total time for which application threads were stopped: 0.0744840 seconds, Stopping threads took: 0.0000590 seconds
69.292: Application time: 0.0250650 seconds
69.293: [Full GC [PSYoungGen: 139264K->31775K(162304K)] [ParOldGen: 370072K->370072K(370176K)] 509336K->401848K(532480K) [PSPermGen: 13625K->13625K(21504K)], 0.0744550 secs] [Times: user=0.52 sys=0.00, real=0.07 secs] 
69.367: Total time for which application threads were stopped: 0.0750650 seconds, Stopping threads took: 0.0000540 seconds
69.393: Application time: 0.0253830 seconds
69.393: [Full GC [PSYoungGen: 139264K->31790K(162304K)] [ParOldGen: 370072K->370072K(370176K)] 509336K->401863K(532480K) [PSPermGen: 13625K->13625K(21504K)], 0.0742500 secs] [Times: user=0.53 sys=0.00, real=0.07 secs] 
69.468: Total time for which application threads were stopped: 0.0749520 seconds, Stopping threads took: 0.0000710 seconds
69.493: Application time: 0.0253110 seconds
69.494: [Full GC [PSYoungGen: 139264K->31806K(162304K)] [ParOldGen: 370072K->370072K(370176K)] 509336K->401879K(532480K) [PSPermGen: 13625K->13625K(21504K)], 0.0740110 secs] [Times: user=0.52 sys=0.00, real=0.07 secs] 
69.568: Total time for which application threads were stopped: 0.0746190 seconds, Stopping threads took: 0.0000460 seconds
69.593: Application time: 0.0253460 seconds
69.594: [Full GC [PSYoungGen: 139264K->31821K(162304K)] [ParOldGen: 370072K->370072K(370176K)] 509336K->401894K(532480K) [PSPermGen: 13625K->13625K(21504K)], 0.0744530 secs] [Times: user=0.52 sys=0.00, real=0.07 secs] 
69.668: Total time for which application threads were stopped: 0.0750770 seconds, Stopping threads took: 0.0000670 seconds
69.673: Application time: 0.0048700 seconds
69.674: Total time for which application threads were stopped: 0.0005530 seconds, Stopping threads took: 0.0000590 seconds
69.694: Application time: 0.0207350 seconds
69.695: [Full GC [PSYoungGen: 139264K->31781K(162304K)] [ParOldGen: 370072K->370072K(370176K)] 509336K->401854K(532480K) [PSPermGen: 13625K->13625K(21504K)], 0.0738820 secs] [Times: user=0.52 sys=0.00, real=0.07 secs] 
69.769: Total time for which application threads were stopped: 0.0746090 seconds, Stopping threads took: 0.0000650 seconds
69.794: Application time: 0.0254090 seconds
69.795: [Full GC [PSYoungGen: 139264K->31781K(162304K)] [ParOldGen: 370072K->370072K(370176K)] 509336K->401854K(532480K) [PSPermGen: 13625K->13625K(21504K)], 0.0739310 secs] [Times: user=0.53 sys=0.00, real=0.07 secs] 
69.869: Total time for which application threads were stopped: 0.0746100 seconds, Stopping threads took: 0.0000510 seconds
69.894: Application time: 0.0250910 seconds
69.895: [Full GC [PSYoungGen: 139264K->31797K(162304K)] [ParOldGen: 370072K->370072K(370176K)] 509336K->401869K(532480K) [PSPermGen: 13625K->13625K(21504K)], 0.0738300 secs] [Times: user=0.51 sys=0.00, real=0.07 secs] 
69.969: Total time for which application threads were stopped: 0.0745370 seconds, Stopping threads took: 0.0000670 seconds
69.994: Application time: 0.0250840 seconds
69.994: [Full GC [PSYoungGen: 139264K->31814K(162304K)] [ParOldGen: 370072K->370072K(370176K)] 509336K->401887K(532480K) [PSPermGen: 13625K->13625K(21504K)], 0.0737860 secs] [Times: user=0.52 sys=0.00, real=0.07 secs] 
70.068: Total time for which application threads were stopped: 0.0744730 seconds, Stopping threads took: 0.0000630 seconds
70.094: Application time: 0.0254250 seconds
70.094: [Full GC [PSYoungGen: 139264K->31828K(162304K)] [ParOldGen: 370072K->370072K(370176K)] 509336K->401901K(532480K) [PSPermGen: 13625K->13625K(21504K)], 0.0733780 secs] [Times: user=0.52 sys=0.00, real=0.07 secs] 
70.168: Total time for which application threads were stopped: 0.0740700 seconds, Stopping threads took: 0.0000500 seconds
70.193: Application time: 0.0254120 seconds
70.194: [Full GC [PSYoungGen: 139264K->31843K(162304K)] [ParOldGen: 370072K->370072K(370176K)] 509336K->401915K(532480K) [PSPermGen: 13625K->13625K(21504K)], 0.0738150 secs] [Times: user=0.51 sys=0.01, real=0.07 secs] 
70.268: Total time for which application threads were stopped: 0.0745040 seconds, Stopping threads took: 0.0000550 seconds
70.293: Application time: 0.0251280 seconds
70.293: [Full GC [PSYoungGen: 139264K->31857K(162304K)] [ParOldGen: 370072K->370072K(370176K)] 509336K->401929K(532480K) [PSPermGen: 13625K->13625K(21504K)], 0.0739260 secs] [Times: user=0.52 sys=0.01, real=0.07 secs] 
70.367: Total time for which application threads were stopped: 0.0746470 seconds, Stopping threads took: 0.0000510 seconds
70.393: Application time: 0.0253210 seconds
70.393: [Full GC [PSYoungGen: 139264K->31874K(162304K)] [ParOldGen: 370072K->370072K(370176K)] 509336K->401946K(532480K) [PSPermGen: 13625K->13625K(21504K)], 0.0734550 secs] [Times: user=0.52 sys=0.01, real=0.07 secs] 
70.467: Total time for which application threads were stopped: 0.0741530 seconds, Stopping threads took: 0.0000550 seconds
70.494: Application time: 0.0273970 seconds
70.495: [Full GC [PSYoungGen: 139264K->31767K(162304K)] [ParOldGen: 370072K->370072K(370176K)] 509336K->401839K(532480K) [PSPermGen: 13625K->13625K(21504K)], 0.0739080 secs] [Times: user=0.52 sys=0.00, real=0.07 secs] 
70.569: Total time for which application threads were stopped: 0.0746040 seconds, Stopping threads took: 0.0000720 seconds
70.594: Application time: 0.0255020 seconds
70.595: [Full GC [PSYoungGen: 139264K->31702K(162304K)] [ParOldGen: 370072K->370072K(370176K)] 509336K->401775K(532480K) [PSPermGen: 13625K->13625K(21504K)], 0.0739830 secs] [Times: user=0.52 sys=0.00, real=0.07 secs] 
70.669: Total time for which application threads were stopped: 0.0746180 seconds, Stopping threads took: 0.0000730 seconds
70.694: Application time: 0.0253920 seconds
70.695: [Full GC [PSYoungGen: 139264K->31711K(162304K)] [ParOldGen: 370072K->370072K(370176K)] 509336K->401784K(532480K) [PSPermGen: 13625K->13625K(21504K)], 0.0738120 secs] [Times: user=0.52 sys=0.00, real=0.07 secs] 
70.769: Total time for which application threads were stopped: 0.0744680 seconds, Stopping threads took: 0.0000790 seconds
70.794: Application time: 0.0252610 seconds
70.795: [Full GC [PSYoungGen: 139264K->31722K(162304K)] [ParOldGen: 370072K->370072K(370176K)] 509336K->401795K(532480K) [PSPermGen: 13625K->13625K(21504K)], 0.0736800 secs] [Times: user=0.52 sys=0.00, real=0.07 secs] 
70.869: Total time for which application threads were stopped: 0.0744030 seconds, Stopping threads took: 0.0000870 seconds
70.894: Application time: 0.0256100 seconds
70.895: [Full GC [PSYoungGen: 139264K->31739K(162304K)] [ParOldGen: 370072K->370072K(370176K)] 509336K->401811K(532480K) [PSPermGen: 13625K->13625K(21504K)], 0.0739810 secs] [Times: user=0.52 sys=0.00, real=0.07 secs] 
70.969: Total time for which application threads were stopped: 0.0746920 seconds, Stopping threads took: 0.0000740 seconds
70.994: Application time: 0.0253160 seconds
70.995: [Full GC [PSYoungGen: 139264K->31756K(162304K)] [ParOldGen: 370072K->370072K(370176K)] 509336K->401828K(532480K) [PSPermGen: 13625K->13625K(21504K)], 0.0737620 secs] [Times: user=0.52 sys=0.00, real=0.07 secs] 
71.069: Total time for which application threads were stopped: 0.0744510 seconds, Stopping threads took: 0.0000510 seconds
71.094: Application time: 0.0251360 seconds
71.094: [Full GC [PSYoungGen: 139264K->31770K(162304K)] [ParOldGen: 370072K->370072K(370176K)] 509336K->401842K(532480K) [PSPermGen: 13625K->13625K(21504K)], 0.0743500 secs] [Times: user=0.51 sys=0.00, real=0.07 secs] 
71.169: Total time for which application threads were stopped: 0.0750440 seconds, Stopping threads took: 0.0000590 seconds
71.194: Application time: 0.0252590 seconds
71.195: [Full GC [PSYoungGen: 139264K->31786K(162304K)] [ParOldGen: 370072K->370072K(370176K)] 509336K->401859K(532480K) [PSPermGen: 13625K->13625K(21504K)], 0.0735870 secs] [Times: user=0.52 sys=0.01, real=0.07 secs] 
71.268: Total time for which application threads were stopped: 0.0743040 seconds, Stopping threads took: 0.0000610 seconds
71.294: Application time: 0.0257470 seconds
71.295: [Full GC [PSYoungGen: 139264K->31747K(162304K)] [ParOldGen: 370072K->370072K(370176K)] 509336K->401820K(532480K) [PSPermGen: 13625K->13625K(21504K)], 0.0743890 secs] [Times: user=0.51 sys=0.01, real=0.07 secs] 
71.369: Total time for which application threads were stopped: 0.0749900 seconds, Stopping threads took: 0.0000410 seconds
71.395: Application time: 0.0256570 seconds
71.395: [Full GC [PSYoungGen: 139264K->31747K(162304K)] [ParOldGen: 370072K->370072K(370176K)] 509336K->401819K(532480K) [PSPermGen: 13625K->13625K(21504K)], 0.0742720 secs] [Times: user=0.52 sys=0.00, real=0.07 secs] 
71.470: Total time for which application threads were stopped: 0.0749110 seconds, Stopping threads took: 0.0000510 seconds
71.495: Application time: 0.0252990 seconds
71.496: [Full GC [PSYoungGen: 139264K->31762K(162304K)] [ParOldGen: 370072K->370072K(370176K)] 509336K->401834K(532480K) [PSPermGen: 13625K->13625K(21504K)], 0.0732420 secs] [Times: user=0.52 sys=0.00, real=0.07 secs] 
71.569: Total time for which application threads were stopped: 0.0739300 seconds, Stopping threads took: 0.0000530 seconds
71.594: Application time: 0.0253000 seconds
71.595: [Full GC [PSYoungGen: 139264K->31776K(162304K)] [ParOldGen: 370072K->370072K(370176K)] 509336K->401849K(532480K) [PSPermGen: 13625K->13625K(21504K)], 0.0740680 secs] [Times: user=0.52 sys=0.00, real=0.07 secs] 
71.669: Total time for which application threads were stopped: 0.0747230 seconds, Stopping threads took: 0.0000770 seconds
71.694: Application time: 0.0254680 seconds
71.695: [Full GC [PSYoungGen: 139264K->31794K(162304K)] [ParOldGen: 370072K->370072K(370176K)] 509336K->401866K(532480K) [PSPermGen: 13625K->13625K(21504K)], 0.0734140 secs] [Times: user=0.51 sys=0.00, real=0.07 secs] 
71.769: Total time for which application threads were stopped: 0.0741110 seconds, Stopping threads took: 0.0000560 seconds
71.794: Application time: 0.0257130 seconds
71.795: [Full GC [PSYoungGen: 139264K->31804K(162304K)] [ParOldGen: 370072K->370072K(370176K)] 509336K->401877K(532480K) [PSPermGen: 13625K->13625K(21504K)], 0.0744550 secs] [Times: user=0.53 sys=0.00, real=0.07 secs] 
71.869: Total time for which application threads were stopped: 0.0750760 seconds, Stopping threads took: 0.0000530 seconds
71.895: Application time: 0.0254810 seconds
71.895: [Full GC [PSYoungGen: 139264K->31824K(162304K)] [ParOldGen: 370072K->370072K(370176K)] 509336K->401897K(532480K) [PSPermGen: 13625K->13625K(21504K)], 0.0737110 secs] [Times: user=0.51 sys=0.00, real=0.07 secs] 
71.969: Total time for which application threads were stopped: 0.0743890 seconds, Stopping threads took: 0.0000450 seconds
71.995: Application time: 0.0253620 seconds
71.995: [Full GC [PSYoungGen: 139264K->31839K(162304K)] [ParOldGen: 370072K->370072K(370176K)] 509336K->401912K(532480K) [PSPermGen: 13625K->13625K(21504K)], 0.0732060 secs] [Times: user=0.51 sys=0.00, real=0.07 secs] 
72.068: Total time for which application threads were stopped: 0.0739050 seconds, Stopping threads took: 0.0000620 seconds
72.094: Application time: 0.0254220 seconds
72.095: [Full GC [PSYoungGen: 139264K->31854K(162304K)] [ParOldGen: 370072K->370072K(370176K)] 509336K->401927K(532480K) [PSPermGen: 13625K->13625K(21504K)], 0.0727120 secs] [Times: user=0.51 sys=0.00, real=0.07 secs] 
72.167: Total time for which application threads were stopped: 0.0734010 seconds, Stopping threads took: 0.0000730 seconds
72.193: Application time: 0.0257090 seconds
72.194: [Full GC [PSYoungGen: 139264K->31740K(162304K)] [ParOldGen: 370072K->370072K(370176K)] 509336K->401812K(532480K) [PSPermGen: 13625K->13625K(21504K)], 0.0735760 secs] [Times: user=0.52 sys=0.00, real=0.07 secs] 
72.267: Total time for which application threads were stopped: 0.0743090 seconds, Stopping threads took: 0.0001160 seconds
72.293: Application time: 0.0254530 seconds
72.293: [Full GC [PSYoungGen: 139264K->31745K(162304K)] [ParOldGen: 370072K->370072K(370176K)] 509336K->401818K(532480K) [PSPermGen: 13625K->13625K(21504K)], 0.0766190 secs] [Times: user=0.54 sys=0.00, real=0.07 secs] 
72.370: Total time for which application threads were stopped: 0.0772570 seconds, Stopping threads took: 0.0000680 seconds
72.396: Application time: 0.0255520 seconds
72.396: [Full GC [PSYoungGen: 139264K->31705K(162304K)] [ParOldGen: 370072K->370072K(370176K)] 509336K->401777K(532480K) [PSPermGen: 13625K->13625K(21504K)], 0.0738070 secs] [Times: user=0.52 sys=0.00, real=0.07 secs] 
72.470: Total time for which application threads were stopped: 0.0744250 seconds, Stopping threads took: 0.0000540 seconds
72.495: Application time: 0.0254350 seconds
72.496: [Full GC [PSYoungGen: 139264K->31702K(162304K)] [ParOldGen: 370072K->370072K(370176K)] 509336K->401775K(532480K) [PSPermGen: 13625K->13625K(21504K)], 0.0733900 secs] [Times: user=0.52 sys=0.00, real=0.07 secs] 
72.570: Total time for which application threads were stopped: 0.0741130 seconds, Stopping threads took: 0.0000700 seconds
72.595: Application time: 0.0253420 seconds
72.596: [Full GC [PSYoungGen: 139264K->31720K(162304K)] [ParOldGen: 370072K->370072K(370176K)] 509336K->401793K(532480K) [PSPermGen: 13625K->13625K(21504K)], 0.0743850 secs] [Times: user=0.52 sys=0.00, real=0.07 secs] 
72.670: Total time for which application threads were stopped: 0.0750120 seconds, Stopping threads took: 0.0000620 seconds
72.695: Application time: 0.0254120 seconds
72.696: [Full GC [PSYoungGen: 139264K->31735K(162304K)] [ParOldGen: 370072K->370072K(370176K)] 509336K->401807K(532480K) [PSPermGen: 13625K->13625K(21504K)], 0.0742810 secs] [Times: user=0.53 sys=0.00, real=0.07 secs] 
72.770: Total time for which application threads were stopped: 0.0749480 seconds, Stopping threads took: 0.0000530 seconds
72.795: Application time: 0.0251450 seconds
72.796: [Full GC [PSYoungGen: 139264K->31750K(162304K)] [ParOldGen: 370072K->370072K(370176K)] 509336K->401822K(532480K) [PSPermGen: 13625K->13625K(21504K)], 0.0741240 secs] [Times: user=0.51 sys=0.00, real=0.07 secs] 
72.870: Total time for which application threads were stopped: 0.0748160 seconds, Stopping threads took: 0.0000580 seconds
72.896: Application time: 0.0252300 seconds
72.896: [Full GC [PSYoungGen: 139264K->31766K(162304K)] [ParOldGen: 370072K->370072K(370176K)] 509336K->401839K(532480K) [PSPermGen: 13625K->13625K(21504K)], 0.0739090 secs] [Times: user=0.52 sys=0.00, real=0.07 secs] 
72.970: Total time for which application threads were stopped: 0.0746080 seconds, Stopping threads took: 0.0000570 seconds
72.996: Application time: 0.0255140 seconds
72.996: [Full GC [PSYoungGen: 139264K->31781K(162304K)] [ParOldGen: 370072K->370072K(370176K)] 509336K->401853K(532480K) [PSPermGen: 13625K->13625K(21504K)], 0.0739050 secs] [Times: user=0.52 sys=0.00, real=0.07 secs] 
73.070: Total time for which application threads were stopped: 0.0745240 seconds, Stopping threads took: 0.0000500 seconds
73.096: Application time: 0.0253940 seconds
73.096: [Full GC [PSYoungGen: 139264K->31799K(162304K)] [ParOldGen: 370072K->370072K(370176K)] 509336K->401871K(532480K) [PSPermGen: 13625K->13625K(21504K)], 0.0739850 secs] [Times: user=0.53 sys=0.00, real=0.07 secs] 
73.170: Total time for which application threads were stopped: 0.0746830 seconds, Stopping threads took: 0.0000620 seconds
73.196: Application time: 0.0257180 seconds
73.197: [Full GC [PSYoungGen: 139264K->31813K(162304K)] [ParOldGen: 370072K->370072K(370176K)] 509336K->401885K(532480K) [PSPermGen: 13625K->13625K(21504K)], 0.0741570 secs] [Times: user=0.52 sys=0.00, real=0.07 secs] 
73.271: Total time for which application threads were stopped: 0.0748540 seconds, Stopping threads took: 0.0000600 seconds
73.296: Application time: 0.0255310 seconds
73.297: [Full GC [PSYoungGen: 139264K->31828K(162304K)] [ParOldGen: 370072K->370072K(370176K)] 509336K->401900K(532480K) [PSPermGen: 13625K->13625K(21504K)], 0.0738210 secs] [Times: user=0.52 sys=0.00, real=0.07 secs] 
73.371: Total time for which application threads were stopped: 0.0745450 seconds, Stopping threads took: 0.0000800 seconds
73.396: Application time: 0.0254570 seconds
73.397: [Full GC [PSYoungGen: 139264K->31842K(162304K)] [ParOldGen: 370072K->370072K(370176K)] 509336K->401915K(532480K) [PSPermGen: 13625K->13625K(21504K)], 0.0742450 secs] [Times: user=0.52 sys=0.00, real=0.07 secs] 
73.472: Total time for which application threads were stopped: 0.0751140 seconds, Stopping threads took: 0.0000680 seconds
73.497: Application time: 0.0257630 seconds
73.498: [Full GC [PSYoungGen: 139264K->31805K(162304K)] [ParOldGen: 370072K->370072K(370176K)] 509336K->401877K(532480K) [PSPermGen: 13625K->13625K(21504K)], 0.0740520 secs] [Times: user=0.51 sys=0.00, real=0.07 secs] 
73.572: Total time for which application threads were stopped: 0.0748050 seconds, Stopping threads took: 0.0000950 seconds
73.597: Application time: 0.0253330 seconds
73.598: [Full GC [PSYoungGen: 139264K->31804K(162304K)] [ParOldGen: 370072K->370072K(370176K)] 509336K->401877K(532480K) [PSPermGen: 13625K->13625K(21504K)], 0.0736510 secs] [Times: user=0.52 sys=0.00, real=0.07 secs] 
73.672: Total time for which application threads were stopped: 0.0743820 seconds, Stopping threads took: 0.0000600 seconds
73.697: Application time: 0.0255810 seconds
73.698: [Full GC [PSYoungGen: 139264K->31821K(162304K)] [ParOldGen: 370072K->370072K(370176K)] 509336K->401894K(532480K) [PSPermGen: 13625K->13625K(21504K)], 0.0728730 secs] [Times: user=0.52 sys=0.00, real=0.07 secs] 
73.771: Total time for which application threads were stopped: 0.0735690 seconds, Stopping threads took: 0.0000600 seconds
73.797: Application time: 0.0255880 seconds
73.797: [Full GC [PSYoungGen: 139264K->31832K(162304K)] [ParOldGen: 370072K->370072K(370176K)] 509336K->401905K(532480K) [PSPermGen: 13625K->13625K(21504K)], 0.0740750 secs] [Times: user=0.52 sys=0.01, real=0.07 secs] 
73.871: Total time for which application threads were stopped: 0.0747550 seconds, Stopping threads took: 0.0000710 seconds
73.897: Application time: 0.0257100 seconds
73.898: [Full GC [PSYoungGen: 139264K->31851K(162304K)] [ParOldGen: 370072K->370072K(370176K)] 509336K->401924K(532480K) [PSPermGen: 13625K->13625K(21504K)], 0.0747380 secs] [Times: user=0.51 sys=0.01, real=0.08 secs] 
73.972: Total time for which application threads were stopped: 0.0753660 seconds, Stopping threads took: 0.0000610 seconds
73.999: Application time: 0.0270770 seconds
74.000: [Full GC [PSYoungGen: 139264K->31798K(162304K)] [ParOldGen: 370072K->370072K(370176K)] 509336K->401871K(532480K) [PSPermGen: 13625K->13625K(21504K)], 0.0739400 secs] [Times: user=0.52 sys=0.00, real=0.08 secs] 
74.074: Total time for which application threads were stopped: 0.0746270 seconds, Stopping threads took: 0.0000700 seconds
74.100: Application time: 0.0258190 seconds
74.101: [Full GC [PSYoungGen: 139264K->31755K(162304K)] [ParOldGen: 370072K->370072K(370176K)] 509336K->401827K(532480K) [PSPermGen: 13625K->13625K(21504K)], 0.0740950 secs] [Times: user=0.52 sys=0.00, real=0.08 secs] 
74.175: Total time for which application threads were stopped: 0.0747790 seconds, Stopping threads took: 0.0000650 seconds
74.201: Application time: 0.0264870 seconds
74.202: [Full GC [PSYoungGen: 139264K->31693K(162304K)] [ParOldGen: 370072K->370072K(370176K)] 509336K->401766K(532480K) [PSPermGen: 13625K->13625K(21504K)], 0.0737440 secs] [Times: user=0.52 sys=0.01, real=0.08 secs] 
74.276: Total time for which application threads were stopped: 0.0743870 seconds, Stopping threads took: 0.0000590 seconds
74.301: Application time: 0.0254410 seconds
74.302: [Full GC [PSYoungGen: 139264K->31701K(162304K)] [ParOldGen: 370072K->370072K(370176K)] 509336K->401774K(532480K) [PSPermGen: 13625K->13625K(21504K)], 0.0734270 secs] [Times: user=0.52 sys=0.00, real=0.08 secs] 
74.375: Total time for which application threads were stopped: 0.0741510 seconds, Stopping threads took: 0.0000690 seconds
74.401: Application time: 0.0253850 seconds
74.401: [Full GC [PSYoungGen: 139264K->31717K(162304K)] [ParOldGen: 370072K->370072K(370176K)] 509336K->401789K(532480K) [PSPermGen: 13625K->13625K(21504K)], 0.0735080 secs] [Times: user=0.52 sys=0.00, real=0.08 secs] 
74.475: Total time for which application threads were stopped: 0.0741840 seconds, Stopping threads took: 0.0000350 seconds
74.500: Application time: 0.0252220 seconds
74.501: [Full GC [PSYoungGen: 139264K->31732K(162304K)] [ParOldGen: 370072K->370072K(370176K)] 509336K->401804K(532480K) [PSPermGen: 13625K->13625K(21504K)], 0.0739030 secs] [Times: user=0.51 sys=0.00, real=0.08 secs] 
74.575: Total time for which application threads were stopped: 0.0745480 seconds, Stopping threads took: 0.0000490 seconds
74.600: Application time: 0.0254150 seconds
74.601: [Full GC [PSYoungGen: 139264K->31745K(162304K)] [ParOldGen: 370072K->370072K(370176K)] 509336K->401817K(532480K) [PSPermGen: 13625K->13625K(21504K)], 0.0735670 secs] [Times: user=0.52 sys=0.00, real=0.08 secs] 
74.674: Total time for which application threads were stopped: 0.0742820 seconds, Stopping threads took: 0.0000640 seconds
74.700: Application time: 0.0254790 seconds
74.700: [Full GC [PSYoungGen: 139264K->31761K(162304K)] [ParOldGen: 370072K->370072K(370176K)] 509336K->401833K(532480K) [PSPermGen: 13625K->13625K(21504K)], 0.0738680 secs] [Times: user=0.52 sys=0.00, real=0.08 secs] 
74.774: Total time for which application threads were stopped: 0.0745490 seconds, Stopping threads took: 0.0000730 seconds
74.800: Application time: 0.0252990 seconds
74.800: [Full GC [PSYoungGen: 139264K->31779K(162304K)] [ParOldGen: 370072K->370072K(370176K)] 509336K->401852K(532480K) [PSPermGen: 13625K->13625K(21504K)], 0.0734960 secs] [Times: user=0.52 sys=0.00, real=0.08 secs] 
74.874: Total time for which application threads were stopped: 0.0741430 seconds, Stopping threads took: 0.0000600 seconds
74.901: Application time: 0.0269250 seconds
74.901: [Full GC [PSYoungGen: 139264K->31848K(162304K)] [ParOldGen: 370072K->370072K(370176K)] 509336K->401920K(532480K) [PSPermGen: 13625K->13625K(21504K)], 0.1209520 secs] [Times: user=0.87 sys=0.01, real=0.12 secs] 
75.022: Total time for which application threads were stopped: 0.1216530 seconds, Stopping threads took: 0.0000500 seconds
75.048: Application time: 0.0254380 seconds
75.048: [Full GC [PSYoungGen: 139264K->31836K(162304K)] [ParOldGen: 370072K->369975K(370176K)] 509336K->401812K(532480K) [PSPermGen: 13625K->13625K(21504K)], 0.0908360 secs] [Times: user=0.65 sys=0.00, real=0.09 secs] 
75.139: Total time for which application threads were stopped: 0.0915670 seconds, Stopping threads took: 0.0000800 seconds
75.165: Application time: 0.0252110 seconds
75.165: [Full GC [PSYoungGen: 139264K->31850K(162304K)] [ParOldGen: 369975K->369975K(370176K)] 509239K->401826K(532480K) [PSPermGen: 13625K->13625K(21504K)], 0.0756070 secs] [Times: user=0.53 sys=0.00, real=0.07 secs] 
75.241: Total time for which application threads were stopped: 0.0762670 seconds, Stopping threads took: 0.0000540 seconds
75.266: Application time: 0.0256450 seconds
75.267: [Full GC [PSYoungGen: 139264K->31867K(162304K)] [ParOldGen: 369975K->369975K(370176K)] 509239K->401842K(532480K) [PSPermGen: 13625K->13625K(21504K)], 0.0734460 secs] [Times: user=0.52 sys=0.00, real=0.07 secs] 
75.341: Total time for which application threads were stopped: 0.0741360 seconds, Stopping threads took: 0.0000470 seconds
75.366: Application time: 0.0254580 seconds
75.367: [Full GC [PSYoungGen: 139264K->31882K(162304K)] [ParOldGen: 369975K->369975K(370176K)] 509239K->401857K(532480K) [PSPermGen: 13625K->13625K(21504K)], 0.0732130 secs] [Times: user=0.51 sys=0.00, real=0.07 secs] 
75.440: Total time for which application threads were stopped: 0.0739260 seconds, Stopping threads took: 0.0000830 seconds
75.466: Application time: 0.0257890 seconds
75.466: [Full GC [PSYoungGen: 139264K->31896K(162304K)] [ParOldGen: 369975K->369975K(370176K)] 509239K->401871K(532480K) [PSPermGen: 13625K->13625K(21504K)], 0.0738730 secs] [Times: user=0.52 sys=0.00, real=0.07 secs] 
75.540: Total time for which application threads were stopped: 0.0745200 seconds, Stopping threads took: 0.0000890 seconds
75.566: Application time: 0.0257040 seconds
75.567: [Full GC [PSYoungGen: 139264K->31913K(162304K)] [ParOldGen: 369975K->369975K(370176K)] 509239K->401888K(532480K) [PSPermGen: 13625K->13625K(21504K)], 0.0729910 secs] [Times: user=0.52 sys=0.00, real=0.07 secs] 
75.640: Total time for which application threads were stopped: 0.0736960 seconds, Stopping threads took: 0.0000740 seconds
75.665: Application time: 0.0255940 seconds
75.666: [Full GC [PSYoungGen: 139264K->31927K(162304K)] [ParOldGen: 369975K->369975K(370176K)] 509239K->401903K(532480K) [PSPermGen: 13625K->13625K(21504K)], 0.0737650 secs] [Times: user=0.51 sys=0.00, real=0.07 secs] 
75.740: Total time for which application threads were stopped: 0.0744400 seconds, Stopping threads took: 0.0000520 seconds
75.765: Application time: 0.0254020 seconds
75.766: [Full GC [PSYoungGen: 139264K->31943K(162304K)] [ParOldGen: 369975K->369975K(370176K)] 509239K->401919K(532480K) [PSPermGen: 13625K->13625K(21504K)], 0.0729130 secs] [Times: user=0.51 sys=0.00, real=0.07 secs] 
75.839: Total time for which application threads were stopped: 0.0736150 seconds, Stopping threads took: 0.0000770 seconds
75.864: Application time: 0.0254360 seconds
75.865: [Full GC [PSYoungGen: 139264K->31957K(162304K)] [ParOldGen: 369975K->369975K(370176K)] 509239K->401933K(532480K) [PSPermGen: 13625K->13625K(21504K)], 0.0732100 secs] [Times: user=0.51 sys=0.01, real=0.07 secs] 
75.938: Total time for which application threads were stopped: 0.0739220 seconds, Stopping threads took: 0.0000510 seconds
75.965: Application time: 0.0267700 seconds
75.966: [Full GC [PSYoungGen: 139264K->31967K(162304K)] [ParOldGen: 369975K->369975K(370176K)] 509239K->401943K(532480K) [PSPermGen: 13625K->13625K(21504K)], 0.0734020 secs] [Times: user=0.52 sys=0.00, real=0.07 secs] 
76.039: Total time for which application threads were stopped: 0.0740890 seconds, Stopping threads took: 0.0000560 seconds
76.065: Application time: 0.0256450 seconds
76.065: [Full GC [PSYoungGen: 139264K->31853K(162304K)] [ParOldGen: 369975K->369975K(370176K)] 509239K->401828K(532480K) [PSPermGen: 13625K->13625K(21504K)], 0.0738370 secs] [Times: user=0.51 sys=0.00, real=0.07 secs] 
76.139: Total time for which application threads were stopped: 0.0745320 seconds, Stopping threads took: 0.0000570 seconds
76.165: Application time: 0.0257730 seconds
76.166: [Full GC [PSYoungGen: 139264K->31862K(162304K)] [ParOldGen: 369975K->369975K(370176K)] 509239K->401838K(532480K) [PSPermGen: 13625K->13625K(21504K)], 0.0737380 secs] [Times: user=0.51 sys=0.00, real=0.07 secs] 
76.239: Total time for which application threads were stopped: 0.0743590 seconds, Stopping threads took: 0.0000590 seconds
76.265: Application time: 0.0258650 seconds
76.266: [Full GC [PSYoungGen: 139264K->31824K(162304K)] [ParOldGen: 369975K->369975K(370176K)] 509239K->401800K(532480K) [PSPermGen: 13625K->13625K(21504K)], 0.0738180 secs] [Times: user=0.52 sys=0.00, real=0.07 secs] 
76.340: Total time for which application threads were stopped: 0.0745030 seconds, Stopping threads took: 0.0000610 seconds
76.365: Application time: 0.0255210 seconds
76.366: [Full GC [PSYoungGen: 139264K->31822K(162304K)] [ParOldGen: 369975K->369975K(370176K)] 509239K->401797K(532480K) [PSPermGen: 13625K->13625K(21504K)], 0.0734980 secs] [Times: user=0.51 sys=0.00, real=0.07 secs] 
76.439: Total time for which application threads were stopped: 0.0742710 seconds, Stopping threads took: 0.0000960 seconds
76.465: Application time: 0.0254010 seconds
76.465: [Full GC [PSYoungGen: 139264K->31838K(162304K)] [ParOldGen: 369975K->369975K(370176K)] 509239K->401813K(532480K) [PSPermGen: 13625K->13625K(21504K)], 0.0733820 secs] [Times: user=0.51 sys=0.00, real=0.07 secs] 
76.539: Total time for which application threads were stopped: 0.0740600 seconds, Stopping threads took: 0.0000520 seconds
76.564: Application time: 0.0253070 seconds
76.565: [Full GC [PSYoungGen: 139264K->31850K(162304K)] [ParOldGen: 369975K->369975K(370176K)] 509239K->401825K(532480K) [PSPermGen: 13625K->13625K(21504K)], 0.0731590 secs] [Times: user=0.52 sys=0.00, real=0.07 secs] 
76.638: Total time for which application threads were stopped: 0.0738690 seconds, Stopping threads took: 0.0000690 seconds
76.664: Application time: 0.0254380 seconds
76.664: [Full GC [PSYoungGen: 139264K->31870K(162304K)] [ParOldGen: 369975K->369975K(370176K)] 509239K->401845K(532480K) [PSPermGen: 13625K->13625K(21504K)], 0.0753380 secs] [Times: user=0.53 sys=0.01, real=0.08 secs] 
76.740: Total time for which application threads were stopped: 0.0760360 seconds, Stopping threads took: 0.0000570 seconds
76.765: Application time: 0.0253070 seconds
76.765: [Full GC [PSYoungGen: 139264K->31886K(162304K)] [ParOldGen: 369975K->369975K(370176K)] 509239K->401861K(532480K) [PSPermGen: 13625K->13625K(21504K)], 0.0736370 secs] [Times: user=0.52 sys=0.00, real=0.07 secs] 
76.839: Total time for which application threads were stopped: 0.0742690 seconds, Stopping threads took: 0.0000690 seconds
76.865: Application time: 0.0254040 seconds
76.865: [Full GC [PSYoungGen: 139264K->31899K(162304K)] [ParOldGen: 369975K->369975K(370176K)] 509239K->401874K(532480K) [PSPermGen: 13625K->13625K(21504K)], 0.0745060 secs] [Times: user=0.52 sys=0.00, real=0.07 secs] 
76.940: Total time for which application threads were stopped: 0.0752010 seconds, Stopping threads took: 0.0000480 seconds
76.966: Application time: 0.0265290 seconds
76.967: [Full GC [PSYoungGen: 139264K->31915K(162304K)] [ParOldGen: 369975K->369975K(370176K)] 509239K->401890K(532480K) [PSPermGen: 13625K->13625K(21504K)], 0.0739690 secs] [Times: user=0.52 sys=0.00, real=0.07 secs] 
77.041: Total time for which application threads were stopped: 0.0746150 seconds, Stopping threads took: 0.0000710 seconds
77.067: Application time: 0.0256460 seconds
77.067: [Full GC [PSYoungGen: 139264K->31932K(162304K)] [ParOldGen: 369975K->369975K(370176K)] 509239K->401908K(532480K) [PSPermGen: 13625K->13625K(21504K)], 0.0739470 secs] [Times: user=0.52 sys=0.00, real=0.07 secs] 
77.141: Total time for which application threads were stopped: 0.0745770 seconds, Stopping threads took: 0.0000620 seconds
77.167: Application time: 0.0257660 seconds
77.168: [Full GC [PSYoungGen: 139264K->31889K(162304K)] [ParOldGen: 369975K->369975K(370176K)] 509239K->401865K(532480K) [PSPermGen: 13625K->13625K(21504K)], 0.0737590 secs] [Times: user=0.52 sys=0.00, real=0.07 secs] 
77.241: Total time for which application threads were stopped: 0.0744020 seconds, Stopping threads took: 0.0000800 seconds
77.267: Application time: 0.0254830 seconds
77.267: [Full GC [PSYoungGen: 139264K->31892K(162304K)] [ParOldGen: 369975K->369975K(370176K)] 509239K->401868K(532480K) [PSPermGen: 13625K->13625K(21504K)], 0.0738850 secs] [Times: user=0.52 sys=0.00, real=0.07 secs] 
77.341: Total time for which application threads were stopped: 0.0745780 seconds, Stopping threads took: 0.0000610 seconds
77.367: Application time: 0.0256720 seconds
77.368: [Full GC [PSYoungGen: 139264K->31908K(162304K)] [ParOldGen: 369975K->369975K(370176K)] 509239K->401883K(532480K) [PSPermGen: 13625K->13625K(21504K)], 0.0735060 secs] [Times: user=0.52 sys=0.00, real=0.07 secs] 
77.441: Total time for which application threads were stopped: 0.0741710 seconds, Stopping threads took: 0.0000570 seconds
77.467: Application time: 0.0255250 seconds
77.467: [Full GC [PSYoungGen: 139264K->31924K(162304K)] [ParOldGen: 369975K->369975K(370176K)] 509239K->401899K(532480K) [PSPermGen: 13625K->13625K(21504K)], 0.0739920 secs] [Times: user=0.52 sys=0.00, real=0.07 secs] 
77.542: Total time for which application threads were stopped: 0.0746990 seconds, Stopping threads took: 0.0000650 seconds
77.567: Application time: 0.0257310 seconds
77.568: [Full GC [PSYoungGen: 139264K->31935K(162304K)] [ParOldGen: 369975K->369975K(370176K)] 509239K->401911K(532480K) [PSPermGen: 13625K->13625K(21504K)], 0.0730110 secs] [Times: user=0.52 sys=0.00, real=0.07 secs] 
77.641: Total time for which application threads were stopped: 0.0737100 seconds, Stopping threads took: 0.0000520 seconds
77.667: Application time: 0.0258320 seconds
77.667: [Full GC [PSYoungGen: 139264K->31898K(162304K)] [ParOldGen: 369975K->369975K(370176K)] 509239K->401874K(532480K) [PSPermGen: 13625K->13625K(21504K)], 0.0738070 secs] [Times: user=0.51 sys=0.01, real=0.07 secs] 
77.741: Total time for which application threads were stopped: 0.0744710 seconds, Stopping threads took: 0.0000730 seconds
77.752: Application time: 0.0111210 seconds
77.753: Total time for which application threads were stopped: 0.0006100 seconds, Stopping threads took: 0.0000610 seconds
77.768: Application time: 0.0147910 seconds
77.768: [Full GC [PSYoungGen: 139264K->31844K(162304K)] [ParOldGen: 369975K->369975K(370176K)] 509239K->401819K(532480K) [PSPermGen: 13625K->13625K(21504K)], 0.0731270 secs] [Times: user=0.52 sys=0.00, real=0.07 secs] 
77.842: Total time for which application threads were stopped: 0.0738390 seconds, Stopping threads took: 0.0000660 seconds
77.867: Application time: 0.0258230 seconds
77.868: [Full GC [PSYoungGen: 139264K->31789K(162304K)] [ParOldGen: 369975K->369975K(370176K)] 509239K->401764K(532480K) [PSPermGen: 13625K->13625K(21504K)], 0.0741580 secs] [Times: user=0.52 sys=0.00, real=0.07 secs] 
77.942: Total time for which application threads were stopped: 0.0748800 seconds, Stopping threads took: 0.0000910 seconds
77.968: Application time: 0.0257810 seconds
77.969: [Full GC [PSYoungGen: 139264K->31791K(162304K)] [ParOldGen: 369975K->369975K(370176K)] 509239K->401766K(532480K) [PSPermGen: 13625K->13625K(21504K)], 0.0735890 secs] [Times: user=0.52 sys=0.00, real=0.07 secs] 
78.042: Total time for which application threads were stopped: 0.0742980 seconds, Stopping threads took: 0.0000290 seconds
78.068: Application time: 0.0251420 seconds
78.068: [Full GC [PSYoungGen: 139264K->31804K(162304K)] [ParOldGen: 369975K->369975K(370176K)] 509239K->401779K(532480K) [PSPermGen: 13625K->13625K(21504K)], 0.0732910 secs] [Times: user=0.52 sys=0.00, real=0.07 secs] 
78.142: Total time for which application threads were stopped: 0.0739870 seconds, Stopping threads took: 0.0000640 seconds
78.168: Application time: 0.0261240 seconds
78.168: [Full GC [PSYoungGen: 139264K->31820K(162304K)] [ParOldGen: 369975K->369975K(370176K)] 509239K->401796K(532480K) [PSPermGen: 13625K->13625K(21504K)], 0.0734690 secs] [Times: user=0.51 sys=0.00, real=0.07 secs] 
78.242: Total time for which application threads were stopped: 0.0741700 seconds, Stopping threads took: 0.0000810 seconds
78.267: Application time: 0.0253590 seconds
78.268: [Full GC [PSYoungGen: 139264K->31836K(162304K)] [ParOldGen: 369975K->369975K(370176K)] 509239K->401811K(532480K) [PSPermGen: 13625K->13625K(21504K)], 0.0737240 secs] [Times: user=0.52 sys=0.00, real=0.07 secs] 
78.342: Total time for which application threads were stopped: 0.0744100 seconds, Stopping threads took: 0.0000520 seconds
78.367: Application time: 0.0255740 seconds
78.368: [Full GC [PSYoungGen: 139264K->31851K(162304K)] [ParOldGen: 369975K->369975K(370176K)] 509239K->401827K(532480K) [PSPermGen: 13625K->13625K(21504K)], 0.0733370 secs] [Times: user=0.52 sys=0.00, real=0.07 secs] 
78.441: Total time for which application threads were stopped: 0.0740310 seconds, Stopping threads took: 0.0000670 seconds
78.467: Application time: 0.0256170 seconds
78.467: [Full GC [PSYoungGen: 139264K->31865K(162304K)] [ParOldGen: 369975K->369975K(370176K)] 509239K->401840K(532480K) [PSPermGen: 13625K->13625K(21504K)], 0.0737780 secs] [Times: user=0.52 sys=0.00, real=0.07 secs] 
78.541: Total time for which application threads were stopped: 0.0744600 seconds, Stopping threads took: 0.0000550 seconds
78.567: Application time: 0.0254580 seconds
78.567: [Full GC [PSYoungGen: 139264K->31882K(162304K)] [ParOldGen: 369975K->369975K(370176K)] 509239K->401857K(532480K) [PSPermGen: 13625K->13625K(21504K)], 0.0738480 secs] [Times: user=0.52 sys=0.00, real=0.07 secs] 
78.641: Total time for which application threads were stopped: 0.0745100 seconds, Stopping threads took: 0.0000720 seconds
78.668: Application time: 0.0268680 seconds
78.669: [Full GC [PSYoungGen: 139264K->31840K(162304K)] [ParOldGen: 369975K->369975K(370176K)] 509239K->401815K(532480K) [PSPermGen: 13625K->13625K(21504K)], 0.0734630 secs] [Times: user=0.52 sys=0.01, real=0.07 secs] 
78.742: Total time for which application threads were stopped: 0.0740990 seconds, Stopping threads took: 0.0000720 seconds
78.768: Application time: 0.0254420 seconds
78.768: [Full GC [PSYoungGen: 139264K->31840K(162304K)] [ParOldGen: 369975K->369975K(370176K)] 509239K->401816K(532480K) [PSPermGen: 13625K->13625K(21504K)], 0.0731870 secs] [Times: user=0.52 sys=0.00, real=0.07 secs] 
78.842: Total time for which application threads were stopped: 0.0739120 seconds, Stopping threads took: 0.0000860 seconds
78.867: Application time: 0.0254740 seconds
78.868: [Full GC [PSYoungGen: 139264K->31857K(162304K)] [ParOldGen: 369975K->369975K(370176K)] 509239K->401833K(532480K) [PSPermGen: 13625K->13625K(21504K)], 0.0746320 secs] [Times: user=0.53 sys=0.00, real=0.07 secs] 
78.942: Total time for which application threads were stopped: 0.0752850 seconds, Stopping threads took: 0.0000640 seconds
78.968: Application time: 0.0259570 seconds
78.969: [Full GC [PSYoungGen: 139264K->31869K(162304K)] [ParOldGen: 369975K->369975K(370176K)] 509239K->401844K(532480K) [PSPermGen: 13625K->13625K(21504K)], 0.0733690 secs] [Times: user=0.52 sys=0.00, real=0.07 secs] 
79.042: Total time for which application threads were stopped: 0.0740700 seconds, Stopping threads took: 0.0000540 seconds
79.068: Application time: 0.0254860 seconds
79.069: [Full GC [PSYoungGen: 139264K->31886K(162304K)] [ParOldGen: 369975K->369975K(370176K)] 509239K->401862K(532480K) [PSPermGen: 13625K->13625K(21504K)], 0.0742200 secs] [Times: user=0.52 sys=0.00, real=0.07 secs] 
79.143: Total time for which application threads were stopped: 0.0749640 seconds, Stopping threads took: 0.0000760 seconds
79.168: Application time: 0.0253570 seconds
79.169: [Full GC [PSYoungGen: 139264K->31902K(162304K)] [ParOldGen: 369975K->369975K(370176K)] 509239K->401878K(532480K) [PSPermGen: 13625K->13625K(21504K)], 0.0739110 secs] [Times: user=0.52 sys=0.01, real=0.07 secs] 
79.243: Total time for which application threads were stopped: 0.0745430 seconds, Stopping threads took: 0.0000760 seconds
79.268: Application time: 0.0253870 seconds
79.269: [Full GC [PSYoungGen: 139264K->31917K(162304K)] [ParOldGen: 369975K->369975K(370176K)] 509239K->401892K(532480K) [PSPermGen: 13625K->13625K(21504K)], 0.0735200 secs] [Times: user=0.51 sys=0.00, real=0.07 secs] 
79.342: Total time for which application threads were stopped: 0.0741340 seconds, Stopping threads took: 0.0000470 seconds
79.369: Application time: 0.0268540 seconds
79.370: [Full GC [PSYoungGen: 139264K->31935K(162304K)] [ParOldGen: 369975K->369975K(370176K)] 509239K->401910K(532480K) [PSPermGen: 13625K->13625K(21504K)], 0.0732710 secs] [Times: user=0.52 sys=0.00, real=0.07 secs] 
79.443: Total time for which application threads were stopped: 0.0739680 seconds, Stopping threads took: 0.0000610 seconds
79.469: Application time: 0.0254570 seconds
79.469: [Full GC [PSYoungGen: 139264K->31951K(162304K)] [ParOldGen: 369975K->369975K(370176K)] 509239K->401926K(532480K) [PSPermGen: 13625K->13625K(21504K)], 0.0731530 secs] [Times: user=0.52 sys=0.00, real=0.07 secs] 
79.542: Total time for which application threads were stopped: 0.0738400 seconds, Stopping threads took: 0.0000480 seconds
79.569: Application time: 0.0263600 seconds
79.569: [Full GC [PSYoungGen: 139264K->31958K(162304K)] [ParOldGen: 369975K->369975K(370176K)] 509239K->401934K(532480K) [PSPermGen: 13625K->13625K(21504K)], 0.0737200 secs] [Times: user=0.52 sys=0.00, real=0.07 secs] 
79.643: Total time for which application threads were stopped: 0.0744360 seconds, Stopping threads took: 0.0000820 seconds
79.670: Application time: 0.0262620 seconds
79.670: [Full GC [PSYoungGen: 139264K->31974K(162304K)] [ParOldGen: 369975K->369975K(370176K)] 509239K->401950K(532480K) [PSPermGen: 13625K->13625K(21504K)], 0.0744850 secs] [Times: user=0.52 sys=0.00, real=0.08 secs] 
79.745: Total time for which application threads were stopped: 0.0751190 seconds, Stopping threads took: 0.0000670 seconds
79.771: Application time: 0.0265980 seconds
79.772: [Full GC [PSYoungGen: 139264K->31871K(162304K)] [ParOldGen: 369975K->369975K(370176K)] 509239K->401847K(532480K) [PSPermGen: 13625K->13625K(21504K)], 0.0732150 secs] [Times: user=0.52 sys=0.00, real=0.08 secs] 
79.845: Total time for which application threads were stopped: 0.0739490 seconds, Stopping threads took: 0.0000630 seconds
79.871: Application time: 0.0258440 seconds
79.872: [Full GC [PSYoungGen: 139264K->31870K(162304K)] [ParOldGen: 369975K->369975K(370176K)] 509239K->401845K(532480K) [PSPermGen: 13625K->13625K(21504K)], 0.0744170 secs] [Times: user=0.52 sys=0.00, real=0.08 secs] 
79.946: Total time for which application threads were stopped: 0.0750420 seconds, Stopping threads took: 0.0000720 seconds
79.972: Application time: 0.0260360 seconds
79.973: [Full GC [PSYoungGen: 139264K->31885K(162304K)] [ParOldGen: 369975K->369975K(370176K)] 509239K->401861K(532480K) [PSPermGen: 13625K->13625K(21504K)], 0.0730710 secs] [Times: user=0.52 sys=0.00, real=0.07 secs] 
80.046: Total time for which application threads were stopped: 0.0739420 seconds, Stopping threads took: 0.0000960 seconds
80.072: Application time: 0.0263130 seconds
80.073: [Full GC [PSYoungGen: 139264K->31844K(162304K)] [ParOldGen: 369975K->369975K(370176K)] 509239K->401819K(532480K) [PSPermGen: 13625K->13625K(21504K)], 0.0726080 secs] [Times: user=0.51 sys=0.00, real=0.07 secs] 
80.146: Total time for which application threads were stopped: 0.0733300 seconds, Stopping threads took: 0.0000770 seconds
80.172: Application time: 0.0258310 seconds
80.172: [Full GC [PSYoungGen: 139264K->31844K(162304K)] [ParOldGen: 369975K->369975K(370176K)] 509239K->401820K(532480K) [PSPermGen: 13625K->13625K(21504K)], 0.0736040 secs] [Times: user=0.53 sys=0.00, real=0.08 secs] 
80.246: Total time for which application threads were stopped: 0.0743050 seconds, Stopping threads took: 0.0000750 seconds
80.271: Application time: 0.0254470 seconds
80.272: [Full GC [PSYoungGen: 139264K->31859K(162304K)] [ParOldGen: 369975K->369975K(370176K)] 509239K->401835K(532480K) [PSPermGen: 13625K->13625K(21504K)], 0.0737630 secs] [Times: user=0.53 sys=0.00, real=0.08 secs] 
80.346: Total time for which application threads were stopped: 0.0744310 seconds, Stopping threads took: 0.0000950 seconds
80.371: Application time: 0.0253380 seconds
80.372: [Full GC [PSYoungGen: 139264K->31875K(162304K)] [ParOldGen: 369975K->369975K(370176K)] 509239K->401851K(532480K) [PSPermGen: 13625K->13625K(21504K)], 0.0739080 secs] [Times: user=0.52 sys=0.00, real=0.08 secs] 
80.446: Total time for which application threads were stopped: 0.0745330 seconds, Stopping threads took: 0.0000660 seconds
80.471: Application time: 0.0252420 seconds
80.471: [Full GC [PSYoungGen: 139264K->31889K(162304K)] [ParOldGen: 369975K->369975K(370176K)] 509239K->401864K(532480K) [PSPermGen: 13625K->13625K(21504K)], 0.0736760 secs] [Times: user=0.51 sys=0.01, real=0.08 secs] 
80.545: Total time for which application threads were stopped: 0.0743550 seconds, Stopping threads took: 0.0000700 seconds
80.571: Application time: 0.0253740 seconds
80.571: [Full GC [PSYoungGen: 139264K->31908K(162304K)] [ParOldGen: 369975K->369975K(370176K)] 509239K->401883K(532480K) [PSPermGen: 13625K->13625K(21504K)], 0.0737080 secs] [Times: user=0.52 sys=0.00, real=0.08 secs] 
80.645: Total time for which application threads were stopped: 0.0743240 seconds, Stopping threads took: 0.0000650 seconds
80.670: Application time: 0.0253350 seconds
80.671: [Full GC [PSYoungGen: 139264K->31923K(162304K)] [ParOldGen: 369975K->369975K(370176K)] 509239K->401898K(532480K) [PSPermGen: 13625K->13625K(21504K)], 0.0728670 secs] [Times: user=0.51 sys=0.00, real=0.07 secs] 
80.744: Total time for which application threads were stopped: 0.0735780 seconds, Stopping threads took: 0.0000560 seconds
80.769: Application time: 0.0252290 seconds
80.770: [Full GC [PSYoungGen: 139264K->31938K(162304K)] [ParOldGen: 369975K->369975K(370176K)] 509239K->401914K(532480K) [PSPermGen: 13625K->13625K(21504K)], 0.0731740 secs] [Times: user=0.52 sys=0.00, real=0.07 secs] 
80.843: Total time for which application threads were stopped: 0.0738660 seconds, Stopping threads took: 0.0000570 seconds
80.868: Application time: 0.0249060 seconds
80.868: [Full GC [PSYoungGen: 139264K->31954K(162304K)] [ParOldGen: 369975K->369975K(370176K)] 509239K->401930K(532480K) [PSPermGen: 13625K->13625K(21504K)], 0.0747570 secs] [Times: user=0.52 sys=0.01, real=0.07 secs] 
80.943: Total time for which application threads were stopped: 0.0754370 seconds, Stopping threads took: 0.0000560 seconds
80.969: Application time: 0.0253100 seconds
80.969: [Full GC [PSYoungGen: 139264K->31914K(162304K)] [ParOldGen: 369975K->369975K(370176K)] 509239K->401889K(532480K) [PSPermGen: 13625K->13625K(21504K)], 0.0748830 secs] [Times: user=0.53 sys=0.00, real=0.07 secs] 
81.044: Total time for which application threads were stopped: 0.0754910 seconds, Stopping threads took: 0.0000480 seconds
81.070: Application time: 0.0255420 seconds
81.070: [Full GC [PSYoungGen: 139264K->31913K(162304K)] [ParOldGen: 369975K->369975K(370176K)] 509239K->401888K(532480K) [PSPermGen: 13625K->13625K(21504K)], 0.0737030 secs] [Times: user=0.52 sys=0.00, real=0.07 secs] 
81.144: Total time for which application threads were stopped: 0.0743780 seconds, Stopping threads took: 0.0000600 seconds
81.169: Application time: 0.0251870 seconds
81.170: [Full GC [PSYoungGen: 139264K->31929K(162304K)] [ParOldGen: 369975K->369975K(370176K)] 509239K->401905K(532480K) [PSPermGen: 13625K->13625K(21504K)], 0.0736410 secs] [Times: user=0.52 sys=0.00, real=0.07 secs] 
81.244: Total time for which application threads were stopped: 0.0743230 seconds, Stopping threads took: 0.0000680 seconds
81.269: Application time: 0.0259030 seconds
81.270: [Full GC [PSYoungGen: 139264K->31888K(162304K)] [ParOldGen: 369975K->369975K(370176K)] 509239K->401863K(532480K) [PSPermGen: 13625K->13625K(21504K)], 0.0735160 secs] [Times: user=0.51 sys=0.01, real=0.07 secs] 
81.344: Total time for which application threads were stopped: 0.0742740 seconds, Stopping threads took: 0.0000890 seconds
81.369: Application time: 0.0257150 seconds
81.370: [Full GC [PSYoungGen: 139264K->31779K(162304K)] [ParOldGen: 369975K->369975K(370176K)] 509239K->401755K(532480K) [PSPermGen: 13625K->13625K(21504K)], 0.0736740 secs] [Times: user=0.52 sys=0.00, real=0.07 secs] 
81.444: Total time for which application threads were stopped: 0.0743170 seconds, Stopping threads took: 0.0000790 seconds
81.469: Application time: 0.0253830 seconds
81.470: [Full GC [PSYoungGen: 139264K->31762K(162304K)] [ParOldGen: 369975K->369975K(370176K)] 509239K->401737K(532480K) [PSPermGen: 13625K->13625K(21504K)], 0.0744460 secs] [Times: user=0.51 sys=0.01, real=0.07 secs] 
81.544: Total time for which application threads were stopped: 0.0751300 seconds, Stopping threads took: 0.0000580 seconds
81.570: Application time: 0.0255140 seconds
81.570: [Full GC [PSYoungGen: 139264K->31778K(162304K)] [ParOldGen: 369975K->369975K(370176K)] 509239K->401754K(532480K) [PSPermGen: 13625K->13625K(21504K)], 0.0734970 secs] [Times: user=0.52 sys=0.00, real=0.07 secs] 
81.644: Total time for which application threads were stopped: 0.0742040 seconds, Stopping threads took: 0.0000620 seconds
81.669: Application time: 0.0252370 seconds
81.670: [Full GC [PSYoungGen: 139264K->31795K(162304K)] [ParOldGen: 369975K->369975K(370176K)] 509239K->401770K(532480K) [PSPermGen: 13625K->13625K(21504K)], 0.0727520 secs] [Times: user=0.52 sys=0.00, real=0.07 secs] 
81.743: Total time for which application threads were stopped: 0.0734560 seconds, Stopping threads took: 0.0000660 seconds
81.768: Application time: 0.0250230 seconds
81.768: [Full GC [PSYoungGen: 139264K->31810K(162304K)] [ParOldGen: 369975K->369975K(370176K)] 509239K->401785K(532480K) [PSPermGen: 13625K->13625K(21504K)], 0.0735740 secs] [Times: user=0.52 sys=0.00, real=0.07 secs] 
81.842: Total time for which application threads were stopped: 0.0743140 seconds, Stopping threads took: 0.0000690 seconds
81.867: Application time: 0.0251360 seconds
81.868: [Full GC [PSYoungGen: 139264K->31825K(162304K)] [ParOldGen: 369975K->369975K(370176K)] 509239K->401800K(532480K) [PSPermGen: 13625K->13625K(21504K)], 0.0732580 secs] [Times: user=0.51 sys=0.00, real=0.07 secs] 
81.941: Total time for which application threads were stopped: 0.0739920 seconds, Stopping threads took: 0.0000650 seconds
81.967: Application time: 0.0256880 seconds
81.967: [Full GC [PSYoungGen: 139264K->31840K(162304K)] [ParOldGen: 369975K->369975K(370176K)] 509239K->401816K(532480K) [PSPermGen: 13625K->13625K(21504K)], 0.0732960 secs] [Times: user=0.51 sys=0.01, real=0.07 secs] 
82.041: Total time for which application threads were stopped: 0.0739390 seconds, Stopping threads took: 0.0000670 seconds
82.066: Application time: 0.0255690 seconds
82.067: [Full GC [PSYoungGen: 139264K->31854K(162304K)] [ParOldGen: 369975K->369975K(370176K)] 509239K->401830K(532480K) [PSPermGen: 13625K->13625K(21504K)], 0.0730720 secs] [Times: user=0.52 sys=0.00, real=0.07 secs] 
82.140: Total time for which application threads were stopped: 0.0737690 seconds, Stopping threads took: 0.0000580 seconds
82.166: Application time: 0.0255570 seconds
82.166: [Full GC [PSYoungGen: 139264K->31816K(162304K)] [ParOldGen: 369975K->369975K(370176K)] 509239K->401792K(532480K) [PSPermGen: 13625K->13625K(21504K)], 0.0734010 secs] [Times: user=0.51 sys=0.00, real=0.07 secs] 
82.240: Total time for which application threads were stopped: 0.0740930 seconds, Stopping threads took: 0.0000840 seconds
82.265: Application time: 0.0255320 seconds
82.266: [Full GC [PSYoungGen: 139264K->31816K(162304K)] [ParOldGen: 369975K->369975K(370176K)] 509239K->401791K(532480K) [PSPermGen: 13625K->13625K(21504K)], 0.0732710 secs] [Times: user=0.52 sys=0.00, real=0.07 secs] 
82.339: Total time for which application threads were stopped: 0.0739390 seconds, Stopping threads took: 0.0000540 seconds
82.365: Application time: 0.0254110 seconds
82.365: [Full GC [PSYoungGen: 139264K->31832K(162304K)] [ParOldGen: 369975K->369975K(370176K)] 509239K->401807K(532480K) [PSPermGen: 13625K->13625K(21504K)], 0.0734990 secs] [Times: user=0.52 sys=0.00, real=0.07 secs] 
82.439: Total time for which application threads were stopped: 0.0741620 seconds, Stopping threads took: 0.0000790 seconds
82.464: Application time: 0.0253970 seconds
82.465: [Full GC [PSYoungGen: 139264K->31847K(162304K)] [ParOldGen: 369975K->369975K(370176K)] 509239K->401822K(532480K) [PSPermGen: 13625K->13625K(21504K)], 0.0729500 secs] [Times: user=0.51 sys=0.00, real=0.07 secs] 
82.538: Total time for which application threads were stopped: 0.0736900 seconds, Stopping threads took: 0.0000860 seconds
82.563: Application time: 0.0254330 seconds
82.564: [Full GC [PSYoungGen: 139264K->31862K(162304K)] [ParOldGen: 369975K->369975K(370176K)] 509239K->401837K(532480K) [PSPermGen: 13625K->13625K(21504K)], 0.0729710 secs] [Times: user=0.51 sys=0.00, real=0.08 secs] 
82.637: Total time for which application threads were stopped: 0.0736740 seconds, Stopping threads took: 0.0000700 seconds
82.663: Application time: 0.0255320 seconds
82.663: [Full GC [PSYoungGen: 139264K->31879K(162304K)] [ParOldGen: 369975K->369975K(370176K)] 509239K->401855K(532480K) [PSPermGen: 13625K->13625K(21504K)], 0.0733340 secs] [Times: user=0.52 sys=0.00, real=0.08 secs] 
82.737: Total time for which application threads were stopped: 0.0740330 seconds, Stopping threads took: 0.0000900 seconds
82.763: Application time: 0.0258980 seconds
82.763: [Full GC [PSYoungGen: 139264K->31893K(162304K)] [ParOldGen: 369975K->369975K(370176K)] 509239K->401869K(532480K) [PSPermGen: 13625K->13625K(21504K)], 0.0751550 secs] [Times: user=0.51 sys=0.00, real=0.08 secs] 
82.838: Total time for which application threads were stopped: 0.0758110 seconds, Stopping threads took: 0.0000480 seconds
82.864: Application time: 0.0259010 seconds
82.865: [Full GC [PSYoungGen: 139264K->31908K(162304K)] [ParOldGen: 369975K->369975K(370176K)] 509239K->401884K(532480K) [PSPermGen: 13625K->13625K(21504K)], 0.0739710 secs] [Times: user=0.52 sys=0.00, real=0.07 secs] 
82.939: Total time for which application threads were stopped: 0.0746650 seconds, Stopping threads took: 0.0000570 seconds
82.965: Application time: 0.0262570 seconds
82.966: [Full GC [PSYoungGen: 139264K->31923K(162304K)] [ParOldGen: 369975K->369975K(370176K)] 509239K->401899K(532480K) [PSPermGen: 13625K->13625K(21504K)], 0.0723110 secs] [Times: user=0.51 sys=0.00, real=0.07 secs] 
83.038: Total time for which application threads were stopped: 0.0730540 seconds, Stopping threads took: 0.0000910 seconds
83.064: Application time: 0.0258080 seconds
83.065: [Full GC [PSYoungGen: 139264K->31942K(162304K)] [ParOldGen: 369975K->369975K(370176K)] 509239K->401917K(532480K) [PSPermGen: 13625K->13625K(21504K)], 0.0733010 secs] [Times: user=0.52 sys=0.00, real=0.07 secs] 
83.138: Total time for which application threads were stopped: 0.0740100 seconds, Stopping threads took: 0.0000570 seconds
83.164: Application time: 0.0254230 seconds
83.164: [Full GC [PSYoungGen: 139264K->31955K(162304K)] [ParOldGen: 369975K->369975K(370176K)] 509239K->401930K(532480K) [PSPermGen: 13625K->13625K(21504K)], 0.0736520 secs] [Times: user=0.52 sys=0.00, real=0.08 secs] 
83.238: Total time for which application threads were stopped: 0.0743620 seconds, Stopping threads took: 0.0000960 seconds
83.263: Application time: 0.0253470 seconds
83.264: [Full GC [PSYoungGen: 139264K->31970K(162304K)] [ParOldGen: 369975K->369975K(370176K)] 509239K->401946K(532480K) [PSPermGen: 13625K->13625K(21504K)], 0.0736380 secs] [Times: user=0.51 sys=0.00, real=0.08 secs] 
83.338: Total time for which application threads were stopped: 0.0743210 seconds, Stopping threads took: 0.0000590 seconds
83.363: Application time: 0.0258280 seconds
83.364: [Full GC [PSYoungGen: 139264K->31983K(162304K)] [ParOldGen: 369975K->369975K(370176K)] 509239K->401959K(532480K) [PSPermGen: 13625K->13625K(21504K)], 0.0734050 secs] [Times: user=0.52 sys=0.00, real=0.08 secs] 
83.437: Total time for which application threads were stopped: 0.0740890 seconds, Stopping threads took: 0.0000610 seconds
83.463: Application time: 0.0259860 seconds
83.464: [Full GC [PSYoungGen: 139264K->31933K(162304K)] [ParOldGen: 369975K->369975K(370176K)] 509239K->401909K(532480K) [PSPermGen: 13625K->13625K(21504K)], 0.0736930 secs] [Times: user=0.52 sys=0.00, real=0.08 secs] 
83.538: Total time for which application threads were stopped: 0.0744190 seconds, Stopping threads took: 0.0000890 seconds
83.564: Application time: 0.0256390 seconds
83.564: [Full GC [PSYoungGen: 139264K->31926K(162304K)] [ParOldGen: 369975K->369975K(370176K)] 509239K->401901K(532480K) [PSPermGen: 13625K->13625K(21504K)], 0.0739840 secs] [Times: user=0.51 sys=0.00, real=0.08 secs] 
83.638: Total time for which application threads were stopped: 0.0746400 seconds, Stopping threads took: 0.0000750 seconds
83.664: Application time: 0.0257350 seconds
83.665: [Full GC [PSYoungGen: 139264K->31894K(162304K)] [ParOldGen: 369975K->369975K(370176K)] 509239K->401869K(532480K) [PSPermGen: 13625K->13625K(21504K)], 0.0730410 secs] [Times: user=0.52 sys=0.00, real=0.07 secs] 
83.738: Total time for which application threads were stopped: 0.0737350 seconds, Stopping threads took: 0.0000570 seconds
83.763: Application time: 0.0257100 seconds
83.764: [Full GC [PSYoungGen: 139264K->31904K(162304K)] [ParOldGen: 369975K->369975K(370176K)] 509239K->401879K(532480K) [PSPermGen: 13625K->13625K(21504K)], 0.0742650 secs] [Times: user=0.52 sys=0.00, real=0.08 secs] 
83.838: Total time for which application threads were stopped: 0.0749910 seconds, Stopping threads took: 0.0000930 seconds
83.864: Application time: 0.0254700 seconds
83.864: [Full GC [PSYoungGen: 139264K->31920K(162304K)] [ParOldGen: 369975K->369975K(370176K)] 509239K->401896K(532480K) [PSPermGen: 13625K->13625K(21504K)], 0.0732000 secs] [Times: user=0.52 sys=0.00, real=0.07 secs] 
83.938: Total time for which application threads were stopped: 0.0739130 seconds, Stopping threads took: 0.0000470 seconds
83.964: Application time: 0.0266190 seconds
83.965: [Full GC [PSYoungGen: 139264K->31935K(162304K)] [ParOldGen: 369975K->369975K(370176K)] 509239K->401911K(532480K) [PSPermGen: 13625K->13625K(21504K)], 0.0734770 secs] [Times: user=0.52 sys=0.00, real=0.07 secs] 
84.039: Total time for which application threads were stopped: 0.0741810 seconds, Stopping threads took: 0.0000680 seconds
84.064: Application time: 0.0258370 seconds
84.065: [Full GC [PSYoungGen: 139264K->31896K(162304K)] [ParOldGen: 369975K->369975K(370176K)] 509239K->401872K(532480K) [PSPermGen: 13625K->13625K(21504K)], 0.0744130 secs] [Times: user=0.52 sys=0.00, real=0.07 secs] 
84.139: Total time for which application threads were stopped: 0.0750480 seconds, Stopping threads took: 0.0000520 seconds
84.165: Application time: 0.0254880 seconds
84.166: [Full GC [PSYoungGen: 139264K->31897K(162304K)] [ParOldGen: 369975K->369975K(370176K)] 509239K->401873K(532480K) [PSPermGen: 13625K->13625K(21504K)], 0.0727970 secs] [Times: user=0.51 sys=0.00, real=0.07 secs] 
84.238: Total time for which application threads were stopped: 0.0735070 seconds, Stopping threads took: 0.0000690 seconds
84.264: Application time: 0.0253710 seconds
84.264: [Full GC [PSYoungGen: 139264K->31914K(162304K)] [ParOldGen: 369975K->369975K(370176K)] 509239K->401889K(532480K) [PSPermGen: 13625K->13625K(21504K)], 0.0735160 secs] [Times: user=0.52 sys=0.00, real=0.07 secs] 
84.338: Total time for which application threads were stopped: 0.0742270 seconds, Stopping threads took: 0.0000640 seconds
84.364: Application time: 0.0256070 seconds
84.364: [Full GC [PSYoungGen: 139264K->31930K(162304K)] [ParOldGen: 369975K->369975K(370176K)] 509239K->401906K(532480K) [PSPermGen: 13625K->13625K(21504K)], 0.0739080 secs] [Times: user=0.52 sys=0.00, real=0.08 secs] 
84.438: Total time for which application threads were stopped: 0.0745180 seconds, Stopping threads took: 0.0000510 seconds
84.464: Application time: 0.0255910 seconds
84.464: [Full GC [PSYoungGen: 139264K->31945K(162304K)] [ParOldGen: 369975K->369975K(370176K)] 509239K->401920K(532480K) [PSPermGen: 13625K->13625K(21504K)], 0.0736980 secs] [Times: user=0.51 sys=0.00, real=0.07 secs] 
84.538: Total time for which application threads were stopped: 0.0744160 seconds, Stopping threads took: 0.0000650 seconds
84.564: Application time: 0.0257330 seconds
84.565: [Full GC [PSYoungGen: 139264K->31959K(162304K)] [ParOldGen: 369975K->369975K(370176K)] 509239K->401935K(532480K) [PSPermGen: 13625K->13625K(21504K)], 0.0734650 secs] [Times: user=0.52 sys=0.00, real=0.07 secs] 
84.638: Total time for which application threads were stopped: 0.0741600 seconds, Stopping threads took: 0.0000560 seconds
84.664: Application time: 0.0259080 seconds
84.665: [Full GC [PSYoungGen: 139264K->31968K(162304K)] [ParOldGen: 369975K->369975K(370176K)] 509239K->401943K(532480K) [PSPermGen: 13625K->13625K(21504K)], 0.0733310 secs] [Times: user=0.52 sys=0.00, real=0.07 secs] 
84.738: Total time for which application threads were stopped: 0.0740130 seconds, Stopping threads took: 0.0000600 seconds
84.765: Application time: 0.0270040 seconds
84.766: [Full GC [PSYoungGen: 139264K->31747K(162304K)] [ParOldGen: 369975K->369975K(370176K)] 509239K->401722K(532480K) [PSPermGen: 13625K->13625K(21504K)], 0.0744620 secs] [Times: user=0.53 sys=0.00, real=0.07 secs] 
84.840: Total time for which application threads were stopped: 0.0750700 seconds, Stopping threads took: 0.0000580 seconds
84.866: Application time: 0.0258140 seconds
84.867: [Full GC [PSYoungGen: 139264K->31722K(162304K)] [ParOldGen: 369975K->369975K(370176K)] 509239K->401698K(532480K) [PSPermGen: 13625K->13625K(21504K)], 0.0731140 secs] [Times: user=0.52 sys=0.00, real=0.07 secs] 
84.940: Total time for which application threads were stopped: 0.0737900 seconds, Stopping threads took: 0.0000440 seconds
84.966: Application time: 0.0267450 seconds
84.967: [Full GC [PSYoungGen: 139264K->31740K(162304K)] [ParOldGen: 369975K->369975K(370176K)] 509239K->401715K(532480K) [PSPermGen: 13625K->13625K(21504K)], 0.0738030 secs] [Times: user=0.52 sys=0.00, real=0.07 secs] 
85.041: Total time for which application threads were stopped: 0.0745080 seconds, Stopping threads took: 0.0000700 seconds
85.067: Application time: 0.0257870 seconds
85.067: [Full GC [PSYoungGen: 139264K->31756K(162304K)] [ParOldGen: 369975K->369975K(370176K)] 509239K->401731K(532480K) [PSPermGen: 13625K->13625K(21504K)], 0.0734590 secs] [Times: user=0.52 sys=0.00, real=0.07 secs] 
85.141: Total time for which application threads were stopped: 0.0741450 seconds, Stopping threads took: 0.0000470 seconds
85.167: Application time: 0.0257130 seconds
85.167: [Full GC [PSYoungGen: 139264K->31770K(162304K)] [ParOldGen: 369975K->369975K(370176K)] 509239K->401745K(532480K) [PSPermGen: 13625K->13625K(21504K)], 0.0739460 secs] [Times: user=0.53 sys=0.00, real=0.07 secs] 
85.241: Total time for which application threads were stopped: 0.0746690 seconds, Stopping threads took: 0.0000640 seconds
85.267: Application time: 0.0256000 seconds
85.268: [Full GC [PSYoungGen: 139264K->31783K(162304K)] [ParOldGen: 369975K->369975K(370176K)] 509239K->401758K(532480K) [PSPermGen: 13625K->13625K(21504K)], 0.0732620 secs] [Times: user=0.51 sys=0.00, real=0.07 secs] 
85.341: Total time for which application threads were stopped: 0.0739620 seconds, Stopping threads took: 0.0000670 seconds
85.367: Application time: 0.0257320 seconds
85.367: [Full GC [PSYoungGen: 139264K->31801K(162304K)] [ParOldGen: 369975K->369975K(370176K)] 509239K->401776K(532480K) [PSPermGen: 13625K->13625K(21504K)], 0.0730520 secs] [Times: user=0.52 sys=0.00, real=0.07 secs] 
85.440: Total time for which application threads were stopped: 0.0737700 seconds, Stopping threads took: 0.0000630 seconds
85.466: Application time: 0.0255440 seconds
85.467: [Full GC [PSYoungGen: 139264K->31816K(162304K)] [ParOldGen: 369975K->369975K(370176K)] 509239K->401792K(532480K) [PSPermGen: 13625K->13625K(21504K)], 0.0728710 secs] [Times: user=0.52 sys=0.00, real=0.07 secs] 
85.540: Total time for which application threads were stopped: 0.0735800 seconds, Stopping threads took: 0.0000690 seconds
85.565: Application time: 0.0254340 seconds
85.566: [Full GC [PSYoungGen: 139264K->31833K(162304K)] [ParOldGen: 369975K->369975K(370176K)] 509239K->401808K(532480K) [PSPermGen: 13625K->13625K(21504K)], 0.0736720 secs] [Times: user=0.52 sys=0.00, real=0.07 secs] 
85.639: Total time for which application threads were stopped: 0.0743450 seconds, Stopping threads took: 0.0000600 seconds
85.665: Application time: 0.0256860 seconds
85.666: [Full GC [PSYoungGen: 139264K->31848K(162304K)] [ParOldGen: 369975K->369975K(370176K)] 509239K->401823K(532480K) [PSPermGen: 13625K->13625K(21504K)], 0.0737610 secs] [Times: user=0.51 sys=0.00, real=0.07 secs] 
85.739: Total time for which application threads were stopped: 0.0743930 seconds, Stopping threads took: 0.0000410 seconds
85.765: Application time: 0.0257280 seconds
85.766: [Full GC [PSYoungGen: 139264K->31808K(162304K)] [ParOldGen: 369975K->369975K(370176K)] 509239K->401783K(532480K) [PSPermGen: 13625K->13625K(21504K)], 0.0729550 secs] [Times: user=0.52 sys=0.01, real=0.07 secs] 
85.839: Total time for which application threads were stopped: 0.0736720 seconds, Stopping threads took: 0.0000580 seconds
85.864: Application time: 0.0256220 seconds
85.865: [Full GC [PSYoungGen: 139264K->31805K(162304K)] [ParOldGen: 369975K->369975K(370176K)] 509239K->401781K(532480K) [PSPermGen: 13625K->13625K(21504K)], 0.0731910 secs] [Times: user=0.52 sys=0.00, real=0.07 secs] 
85.938: Total time for which application threads were stopped: 0.0739070 seconds, Stopping threads took: 0.0000810 seconds
85.965: Application time: 0.0265910 seconds
85.966: [Full GC [PSYoungGen: 139264K->31821K(162304K)] [ParOldGen: 369975K->369975K(370176K)] 509239K->401797K(532480K) [PSPermGen: 13625K->13625K(21504K)], 0.0733990 secs] [Times: user=0.52 sys=0.00, real=0.07 secs] 
86.039: Total time for which application threads were stopped: 0.0740980 seconds, Stopping threads took: 0.0000590 seconds
86.064: Application time: 0.0253830 seconds
86.065: [Full GC [PSYoungGen: 139264K->31836K(162304K)] [ParOldGen: 369975K->369975K(370176K)] 509239K->401811K(532480K) [PSPermGen: 13625K->13625K(21504K)], 0.0732620 secs] [Times: user=0.52 sys=0.00, real=0.07 secs] 
86.138: Total time for which application threads were stopped: 0.0739760 seconds, Stopping threads took: 0.0000930 seconds
86.164: Application time: 0.0254320 seconds
86.164: [Full GC [PSYoungGen: 139264K->31852K(162304K)] [ParOldGen: 369975K->369975K(370176K)] 509239K->401828K(532480K) [PSPermGen: 13625K->13625K(21504K)], 0.0733070 secs] [Times: user=0.52 sys=0.00, real=0.07 secs] 
86.238: Total time for which application threads were stopped: 0.0740070 seconds, Stopping threads took: 0.0000520 seconds
86.263: Application time: 0.0256350 seconds
86.264: [Full GC [PSYoungGen: 139264K->31869K(162304K)] [ParOldGen: 369975K->369975K(370176K)] 509239K->401844K(532480K) [PSPermGen: 13625K->13625K(21504K)], 0.0739160 secs] [Times: user=0.52 sys=0.00, real=0.08 secs] 
86.338: Total time for which application threads were stopped: 0.0745910 seconds, Stopping threads took: 0.0000610 seconds
86.364: Application time: 0.0256860 seconds
86.364: [Full GC [PSYoungGen: 139264K->31884K(162304K)] [ParOldGen: 369975K->369975K(370176K)] 509239K->401859K(532480K) [PSPermGen: 13625K->13625K(21504K)], 0.0734810 secs] [Times: user=0.51 sys=0.00, real=0.07 secs] 
86.438: Total time for which application threads were stopped: 0.0741280 seconds, Stopping threads took: 0.0000520 seconds
86.464: Application time: 0.0260910 seconds
86.465: [Full GC [PSYoungGen: 139264K->31899K(162304K)] [ParOldGen: 369975K->369975K(370176K)] 509239K->401875K(532480K) [PSPermGen: 13625K->13625K(21504K)], 0.0728690 secs] [Times: user=0.52 sys=0.00, real=0.07 secs] 
86.537: Total time for which application threads were stopped: 0.0735070 seconds, Stopping threads took: 0.0000140 seconds
86.563: Application time: 0.0256000 seconds
86.564: [Full GC [PSYoungGen: 139264K->31915K(162304K)] [ParOldGen: 369975K->369975K(370176K)] 509239K->401891K(532480K) [PSPermGen: 13625K->13625K(21504K)], 0.0739460 secs] [Times: user=0.52 sys=0.01, real=0.08 secs] 
86.638: Total time for which application threads were stopped: 0.0745760 seconds, Stopping threads took: 0.0000680 seconds
86.663: Application time: 0.0256180 seconds
86.664: [Full GC [PSYoungGen: 139264K->31931K(162304K)] [ParOldGen: 369975K->369975K(370176K)] 509239K->401907K(532480K) [PSPermGen: 13625K->13625K(21504K)], 0.0732150 secs] [Times: user=0.51 sys=0.00, real=0.08 secs] 
86.737: Total time for which application threads were stopped: 0.0739120 seconds, Stopping threads took: 0.0000690 seconds
86.763: Application time: 0.0255370 seconds
86.763: [Full GC [PSYoungGen: 139264K->31946K(162304K)] [ParOldGen: 369975K->369975K(370176K)] 509239K->401921K(532480K) [PSPermGen: 13625K->13625K(21504K)], 0.0736250 secs] [Times: user=0.51 sys=0.00, real=0.08 secs] 
86.837: Total time for which application threads were stopped: 0.0742660 seconds, Stopping threads took: 0.0000720 seconds
86.863: Application time: 0.0257640 seconds
86.863: [Full GC [PSYoungGen: 139264K->31961K(162304K)] [ParOldGen: 369975K->369975K(370176K)] 509239K->401937K(532480K) [PSPermGen: 13625K->13625K(21504K)], 0.0731750 secs] [Times: user=0.51 sys=0.01, real=0.08 secs] 
86.937: Total time for which application threads were stopped: 0.0738750 seconds, Stopping threads took: 0.0000650 seconds
86.963: Application time: 0.0262080 seconds
86.963: [Full GC [PSYoungGen: 139264K->31973K(162304K)] [ParOldGen: 369975K->369975K(370176K)] 509239K->401949K(532480K) [PSPermGen: 13625K->13625K(21504K)], 0.0738260 secs] [Times: user=0.51 sys=0.00, real=0.08 secs] 
87.037: Total time for which application threads were stopped: 0.0745090 seconds, Stopping threads took: 0.0000480 seconds
87.063: Application time: 0.0255890 seconds
87.064: [Full GC [PSYoungGen: 139264K->31991K(162304K)] [ParOldGen: 369975K->369975K(370176K)] 509239K->401967K(532480K) [PSPermGen: 13625K->13625K(21504K)], 0.0729930 secs] [Times: user=0.52 sys=0.00, real=0.08 secs] 
87.137: Total time for which application threads were stopped: 0.0737000 seconds, Stopping threads took: 0.0000590 seconds
87.162: Application time: 0.0253800 seconds
87.163: [Full GC [PSYoungGen: 139264K->32007K(162304K)] [ParOldGen: 369975K->369975K(370176K)] 509239K->401982K(532480K) [PSPermGen: 13625K->13625K(21504K)], 0.0732870 secs] [Times: user=0.51 sys=0.00, real=0.08 secs] 
87.236: Total time for which application threads were stopped: 0.0739880 seconds, Stopping threads took: 0.0000700 seconds
87.262: Application time: 0.0256530 seconds
87.262: [Full GC [PSYoungGen: 139264K->31951K(162304K)] [ParOldGen: 369975K->369975K(370176K)] 509239K->401927K(532480K) [PSPermGen: 13625K->13625K(21504K)], 0.0738430 secs] [Times: user=0.52 sys=0.00, real=0.08 secs] 
87.336: Total time for which application threads were stopped: 0.0745300 seconds, Stopping threads took: 0.0000670 seconds
87.362: Application time: 0.0255640 seconds
87.362: [Full GC [PSYoungGen: 139264K->31967K(162304K)] [ParOldGen: 369975K->369975K(370176K)] 509239K->401942K(532480K) [PSPermGen: 13625K->13625K(21504K)], 0.0734060 secs] [Times: user=0.52 sys=0.01, real=0.08 secs] 
87.436: Total time for which application threads were stopped: 0.0741110 seconds, Stopping threads took: 0.0001370 seconds
87.461: Application time: 0.0252430 seconds
87.462: [Full GC [PSYoungGen: 139264K->31982K(162304K)] [ParOldGen: 369975K->369975K(370176K)] 509239K->401957K(532480K) [PSPermGen: 13625K->13625K(21504K)], 0.0738160 secs] [Times: user=0.52 sys=0.00, real=0.08 secs] 
87.536: Total time for which application threads were stopped: 0.0745470 seconds, Stopping threads took: 0.0001160 seconds
87.561: Application time: 0.0253030 seconds
87.562: [Full GC [PSYoungGen: 139264K->31994K(162304K)] [ParOldGen: 369975K->369975K(370176K)] 509239K->401970K(532480K) [PSPermGen: 13625K->13625K(21504K)], 0.0737250 secs] [Times: user=0.52 sys=0.00, real=0.08 secs] 
87.635: Total time for which application threads were stopped: 0.0744520 seconds, Stopping threads took: 0.0000750 seconds
87.661: Application time: 0.0255190 seconds
87.662: [Full GC [PSYoungGen: 139264K->31959K(162304K)] [ParOldGen: 369975K->369975K(370176K)] 509239K->401934K(532480K) [PSPermGen: 13625K->13625K(21504K)], 0.0736920 secs] [Times: user=0.52 sys=0.00, real=0.08 secs] 
87.735: Total time for which application threads were stopped: 0.0743250 seconds, Stopping threads took: 0.0000510 seconds
87.761: Application time: 0.0257490 seconds
87.762: [Full GC [PSYoungGen: 139264K->31903K(162304K)] [ParOldGen: 369975K->369975K(370176K)] 509239K->401879K(532480K) [PSPermGen: 13625K->13625K(21504K)], 0.0739030 secs] [Times: user=0.50 sys=0.01, real=0.08 secs] 
87.836: Total time for which application threads were stopped: 0.0745570 seconds, Stopping threads took: 0.0000500 seconds
87.861: Application time: 0.0255880 seconds
87.862: [Full GC [PSYoungGen: 139264K->31905K(162304K)] [ParOldGen: 369975K->369975K(370176K)] 509239K->401881K(532480K) [PSPermGen: 13625K->13625K(21504K)], 0.0737120 secs] [Times: user=0.51 sys=0.01, real=0.08 secs] 
87.936: Total time for which application threads were stopped: 0.0743890 seconds, Stopping threads took: 0.0000530 seconds
87.962: Application time: 0.0262520 seconds
87.962: [Full GC [PSYoungGen: 139264K->31920K(162304K)] [ParOldGen: 369975K->369975K(370176K)] 509239K->401896K(532480K) [PSPermGen: 13625K->13625K(21504K)], 0.0733090 secs] [Times: user=0.51 sys=0.00, real=0.08 secs] 
88.036: Total time for which application threads were stopped: 0.0739880 seconds, Stopping threads took: 0.0000640 seconds
88.062: Application time: 0.0256640 seconds
88.062: [Full GC [PSYoungGen: 139264K->31934K(162304K)] [ParOldGen: 369975K->369975K(370176K)] 509239K->401910K(532480K) [PSPermGen: 13625K->13625K(21504K)], 0.0731730 secs] [Times: user=0.52 sys=0.00, real=0.08 secs] 
88.135: Total time for which application threads were stopped: 0.0738270 seconds, Stopping threads took: 0.0000680 seconds
88.161: Application time: 0.0256980 seconds
88.162: [Full GC [PSYoungGen: 139264K->31950K(162304K)] [ParOldGen: 369975K->369975K(370176K)] 509239K->401926K(532480K) [PSPermGen: 13625K->13625K(21504K)], 0.0728290 secs] [Times: user=0.51 sys=0.00, real=0.08 secs] 
88.235: Total time for which application threads were stopped: 0.0735570 seconds, Stopping threads took: 0.0000690 seconds
88.262: Application time: 0.0272470 seconds
88.263: [Full GC [PSYoungGen: 139264K->31801K(162304K)] [ParOldGen: 369975K->369975K(370176K)] 509239K->401776K(532480K) [PSPermGen: 13625K->13625K(21504K)], 0.0737360 secs] [Times: user=0.52 sys=0.01, real=0.08 secs] 
88.336: Total time for which application threads were stopped: 0.0744550 seconds, Stopping threads took: 0.0000760 seconds
88.362: Application time: 0.0259320 seconds
88.363: [Full GC [PSYoungGen: 139264K->31716K(162304K)] [ParOldGen: 369975K->369975K(370176K)] 509239K->401691K(532480K) [PSPermGen: 13625K->13625K(21504K)], 0.0729100 secs] [Times: user=0.51 sys=0.00, real=0.08 secs] 
88.436: Total time for which application threads were stopped: 0.0735840 seconds, Stopping threads took: 0.0000360 seconds
88.462: Application time: 0.0257050 seconds
88.462: [Full GC [PSYoungGen: 139264K->31715K(162304K)] [ParOldGen: 369975K->369975K(370176K)] 509239K->401690K(532480K) [PSPermGen: 13625K->13625K(21504K)], 0.0732650 secs] [Times: user=0.52 sys=0.00, real=0.08 secs] 
88.536: Total time for which application threads were stopped: 0.0739700 seconds, Stopping threads took: 0.0000660 seconds
88.561: Application time: 0.0253940 seconds
88.561: [Full GC [PSYoungGen: 139264K->31730K(162304K)] [ParOldGen: 369975K->369975K(370176K)] 509239K->401706K(532480K) [PSPermGen: 13625K->13625K(21504K)], 0.0736610 secs] [Times: user=0.52 sys=0.00, real=0.08 secs] 
88.635: Total time for which application threads were stopped: 0.0742690 seconds, Stopping threads took: 0.0000470 seconds
88.661: Application time: 0.0253620 seconds
88.661: [Full GC [PSYoungGen: 139264K->31745K(162304K)] [ParOldGen: 369975K->369975K(370176K)] 509239K->401720K(532480K) [PSPermGen: 13625K->13625K(21504K)], 0.0730380 secs] [Times: user=0.51 sys=0.01, real=0.08 secs] 
88.734: Total time for which application threads were stopped: 0.0737280 seconds, Stopping threads took: 0.0000490 seconds
88.760: Application time: 0.0259520 seconds
88.761: [Full GC [PSYoungGen: 139264K->31762K(162304K)] [ParOldGen: 369975K->369975K(370176K)] 509239K->401737K(532480K) [PSPermGen: 13625K->13625K(21504K)], 0.0733400 secs] [Times: user=0.51 sys=0.00, real=0.08 secs] 
88.834: Total time for which application threads were stopped: 0.0740070 seconds, Stopping threads took: 0.0000830 seconds
88.860: Application time: 0.0252500 seconds
88.860: [Full GC [PSYoungGen: 139264K->31776K(162304K)] [ParOldGen: 369975K->369975K(370176K)] 509239K->401751K(532480K) [PSPermGen: 13625K->13625K(21504K)], 0.0731940 secs] [Times: user=0.52 sys=0.00, real=0.08 secs] 
88.933: Total time for which application threads were stopped: 0.0738850 seconds, Stopping threads took: 0.0000580 seconds
88.959: Application time: 0.0260960 seconds
88.960: [Full GC [PSYoungGen: 139264K->31790K(162304K)] [ParOldGen: 369975K->369975K(370176K)] 509239K->401766K(532480K) [PSPermGen: 13625K->13625K(21504K)], 0.0732090 secs] [Times: user=0.52 sys=0.00, real=0.08 secs] 
89.033: Total time for which application threads were stopped: 0.0738860 seconds, Stopping threads took: 0.0000570 seconds
89.059: Application time: 0.0258170 seconds
89.060: [Full GC [PSYoungGen: 139264K->31806K(162304K)] [ParOldGen: 369975K->369975K(370176K)] 509239K->401782K(532480K) [PSPermGen: 13625K->13625K(21504K)], 0.0742530 secs] [Times: user=0.52 sys=0.01, real=0.08 secs] 
89.134: Total time for which application threads were stopped: 0.0748780 seconds, Stopping threads took: 0.0000720 seconds
89.159: Application time: 0.0253310 seconds
89.160: [Full GC [PSYoungGen: 139264K->31823K(162304K)] [ParOldGen: 369975K->369975K(370176K)] 509239K->401798K(532480K) [PSPermGen: 13625K->13625K(21504K)], 0.0735500 secs] [Times: user=0.51 sys=0.00, real=0.08 secs] 
89.234: Total time for which application threads were stopped: 0.0741910 seconds, Stopping threads took: 0.0000780 seconds
89.259: Application time: 0.0253340 seconds
89.260: [Full GC [PSYoungGen: 139264K->31836K(162304K)] [ParOldGen: 369975K->369975K(370176K)] 509239K->401812K(532480K) [PSPermGen: 13625K->13625K(21504K)], 0.0735150 secs] [Times: user=0.51 sys=0.01, real=0.08 secs] 
89.333: Total time for which application threads were stopped: 0.0741890 seconds, Stopping threads took: 0.0000700 seconds
89.358: Application time: 0.0249050 seconds
89.359: [Full GC [PSYoungGen: 139264K->31853K(162304K)] [ParOldGen: 369975K->369975K(370176K)] 509239K->401829K(532480K) [PSPermGen: 13625K->13625K(21504K)], 0.0732180 secs] [Times: user=0.52 sys=0.00, real=0.07 secs] 
89.432: Total time for which application threads were stopped: 0.0739000 seconds, Stopping threads took: 0.0000980 seconds
89.458: Application time: 0.0255860 seconds
89.458: [Full GC [PSYoungGen: 139264K->31812K(162304K)] [ParOldGen: 369975K->369975K(370176K)] 509239K->401788K(532480K) [PSPermGen: 13625K->13625K(21504K)], 0.0743040 secs] [Times: user=0.52 sys=0.00, real=0.08 secs] 
89.533: Total time for which application threads were stopped: 0.0749380 seconds, Stopping threads took: 0.0000770 seconds
89.558: Application time: 0.0253340 seconds
89.558: [Full GC [PSYoungGen: 139264K->31812K(162304K)] [ParOldGen: 369975K->369975K(370176K)] 509239K->401788K(532480K) [PSPermGen: 13625K->13625K(21504K)], 0.0737440 secs] [Times: user=0.52 sys=0.00, real=0.07 secs] 
89.632: Total time for which application threads were stopped: 0.0744040 seconds, Stopping threads took: 0.0001020 seconds
89.657: Application time: 0.0251990 seconds
89.658: [Full GC [PSYoungGen: 139264K->31828K(162304K)] [ParOldGen: 369975K->369975K(370176K)] 509239K->401803K(532480K) [PSPermGen: 13625K->13625K(21504K)], 0.0739930 secs] [Times: user=0.52 sys=0.00, real=0.07 secs] 
89.732: Total time for which application threads were stopped: 0.0746400 seconds, Stopping threads took: 0.0000830 seconds
89.757: Application time: 0.0252250 seconds
89.758: [Full GC [PSYoungGen: 139264K->31840K(162304K)] [ParOldGen: 369975K->369975K(370176K)] 509239K->401816K(532480K) [PSPermGen: 13625K->13625K(21504K)], 0.0740900 secs] [Times: user=0.53 sys=0.00, real=0.07 secs] 
89.832: Total time for which application threads were stopped: 0.0747730 seconds, Stopping threads took: 0.0000630 seconds
89.857: Application time: 0.0251980 seconds
89.858: [Full GC [PSYoungGen: 139264K->31859K(162304K)] [ParOldGen: 369975K->369975K(370176K)] 509239K->401834K(532480K) [PSPermGen: 13625K->13625K(21504K)], 0.0738980 secs] [Times: user=0.52 sys=0.00, real=0.07 secs] 
89.932: Total time for which application threads were stopped: 0.0745280 seconds, Stopping threads took: 0.0000720 seconds
89.958: Application time: 0.0260080 seconds
89.958: [Full GC [PSYoungGen: 139264K->31874K(162304K)] [ParOldGen: 369975K->369975K(370176K)] 509239K->401849K(532480K) [PSPermGen: 13625K->13625K(21504K)], 0.0734130 secs] [Times: user=0.51 sys=0.00, real=0.07 secs] 
90.032: Total time for which application threads were stopped: 0.0741290 seconds, Stopping threads took: 0.0000610 seconds
90.057: Application time: 0.0251430 seconds
90.058: [Full GC [PSYoungGen: 139264K->31890K(162304K)] [ParOldGen: 369975K->369975K(370176K)] 509239K->401866K(532480K) [PSPermGen: 13625K->13625K(21504K)], 0.0733920 secs] [Times: user=0.52 sys=0.00, real=0.07 secs] 
90.131: Total time for which application threads were stopped: 0.0740920 seconds, Stopping threads took: 0.0000570 seconds
90.157: Application time: 0.0253890 seconds
90.157: [Full GC [PSYoungGen: 139264K->31904K(162304K)] [ParOldGen: 369975K->369975K(370176K)] 509239K->401879K(532480K) [PSPermGen: 13625K->13625K(21504K)], 0.0727990 secs] [Times: user=0.51 sys=0.00, real=0.07 secs] 
90.230: Total time for which application threads were stopped: 0.0735080 seconds, Stopping threads took: 0.0000670 seconds
90.255: Application time: 0.0252160 seconds
90.256: [Full GC [PSYoungGen: 139264K->31919K(162304K)] [ParOldGen: 369975K->369975K(370176K)] 509239K->401895K(532480K) [PSPermGen: 13625K->13625K(21504K)], 0.0731080 secs] [Times: user=0.51 sys=0.00, real=0.07 secs] 
90.329: Total time for which application threads were stopped: 0.0738290 seconds, Stopping threads took: 0.0000740 seconds
90.355: Application time: 0.0255110 seconds
90.355: [Full GC [PSYoungGen: 139264K->31936K(162304K)] [ParOldGen: 369975K->369975K(370176K)] 509239K->401911K(532480K) [PSPermGen: 13625K->13625K(21504K)], 0.0737650 secs] [Times: user=0.51 sys=0.00, real=0.07 secs] 
90.429: Total time for which application threads were stopped: 0.0744300 seconds, Stopping threads took: 0.0000610 seconds
90.454: Application time: 0.0253370 seconds
90.455: [Full GC [PSYoungGen: 139264K->31951K(162304K)] [ParOldGen: 369975K->369975K(370176K)] 509239K->401926K(532480K) [PSPermGen: 13625K->13625K(21504K)], 0.0726580 secs] [Times: user=0.51 sys=0.00, real=0.07 secs] 
90.528: Total time for which application threads were stopped: 0.0733480 seconds, Stopping threads took: 0.0000620 seconds
90.553: Application time: 0.0252340 seconds
90.554: [Full GC [PSYoungGen: 139264K->31967K(162304K)] [ParOldGen: 369975K->369975K(370176K)] 509239K->401942K(532480K) [PSPermGen: 13625K->13625K(21504K)], 0.0735450 secs] [Times: user=0.52 sys=0.00, real=0.07 secs] 
90.627: Total time for which application threads were stopped: 0.0742750 seconds, Stopping threads took: 0.0000670 seconds
90.653: Application time: 0.0251920 seconds
90.653: [Full GC [PSYoungGen: 139264K->31980K(162304K)] [ParOldGen: 369975K->369975K(370176K)] 509239K->401956K(532480K) [PSPermGen: 13625K->13625K(21504K)], 0.0735360 secs] [Times: user=0.52 sys=0.00, real=0.07 secs] 
90.727: Total time for which application threads were stopped: 0.0742200 seconds, Stopping threads took: 0.0000520 seconds
90.752: Application time: 0.0250980 seconds
90.752: [Full GC [PSYoungGen: 139264K->31997K(162304K)] [ParOldGen: 369975K->369975K(370176K)] 509239K->401972K(532480K) [PSPermGen: 13625K->13625K(21504K)], 0.0736350 secs] [Times: user=0.52 sys=0.00, real=0.07 secs] 
90.826: Total time for which application threads were stopped: 0.0743210 seconds, Stopping threads took: 0.0000450 seconds
90.851: Application time: 0.0250840 seconds
90.852: [Full GC [PSYoungGen: 139264K->32013K(162304K)] [ParOldGen: 369975K->369975K(370176K)] 509239K->401989K(532480K) [PSPermGen: 13625K->13625K(21504K)], 0.0738060 secs] [Times: user=0.51 sys=0.00, real=0.08 secs] 
90.926: Total time for which application threads were stopped: 0.0744710 seconds, Stopping threads took: 0.0000520 seconds
90.952: Application time: 0.0258350 seconds
90.952: [Full GC [PSYoungGen: 139264K->32022K(162304K)] [ParOldGen: 369975K->369975K(370176K)] 509239K->401998K(532480K) [PSPermGen: 13625K->13625K(21504K)], 0.0739480 secs] [Times: user=0.51 sys=0.00, real=0.08 secs] 
91.026: Total time for which application threads were stopped: 0.0745720 seconds, Stopping threads took: 0.0000650 seconds
91.051: Application time: 0.0253120 seconds
91.052: [Full GC [PSYoungGen: 139264K->32042K(162304K)] [ParOldGen: 369975K->369975K(370176K)] 509239K->402018K(532480K) [PSPermGen: 13625K->13625K(21504K)], 0.0735550 secs] [Times: user=0.52 sys=0.00, real=0.08 secs] 
91.126: Total time for which application threads were stopped: 0.0741740 seconds, Stopping threads took: 0.0000580 seconds
91.152: Application time: 0.0259560 seconds
91.152: [Full GC [PSYoungGen: 139264K->32003K(162304K)] [ParOldGen: 369975K->369975K(370176K)] 509239K->401978K(532480K) [PSPermGen: 13625K->13625K(21504K)], 0.0741400 secs] [Times: user=0.52 sys=0.00, real=0.08 secs] 
91.226: Total time for which application threads were stopped: 0.0748450 seconds, Stopping threads took: 0.0000660 seconds
91.252: Application time: 0.0251840 seconds
91.252: [Full GC [PSYoungGen: 139264K->32000K(162304K)] [ParOldGen: 369975K->369975K(370176K)] 509239K->401976K(532480K) [PSPermGen: 13625K->13625K(21504K)], 0.0733010 secs] [Times: user=0.51 sys=0.01, real=0.08 secs] 
91.326: Total time for which application threads were stopped: 0.0739890 seconds, Stopping threads took: 0.0000500 seconds
91.351: Application time: 0.0258260 seconds
91.352: [Full GC [PSYoungGen: 139264K->31901K(162304K)] [ParOldGen: 369975K->369975K(370176K)] 509239K->401876K(532480K) [PSPermGen: 13625K->13625K(21504K)], 0.0730740 secs] [Times: user=0.51 sys=0.00, real=0.08 secs] 
91.425: Total time for which application threads were stopped: 0.0737200 seconds, Stopping threads took: 0.0000470 seconds
91.450: Application time: 0.0251020 seconds
91.451: [Full GC [PSYoungGen: 139264K->31895K(162304K)] [ParOldGen: 369975K->369975K(370176K)] 509239K->401870K(532480K) [PSPermGen: 13625K->13625K(21504K)], 0.0740540 secs] [Times: user=0.52 sys=0.00, real=0.08 secs] 
91.525: Total time for which application threads were stopped: 0.0747240 seconds, Stopping threads took: 0.0000590 seconds
91.550: Application time: 0.0252430 seconds
91.551: [Full GC [PSYoungGen: 139264K->31912K(162304K)] [ParOldGen: 369975K->369975K(370176K)] 509239K->401888K(532480K) [PSPermGen: 13625K->13625K(21504K)], 0.0733190 secs] [Times: user=0.52 sys=0.00, real=0.07 secs] 
91.624: Total time for which application threads were stopped: 0.0739840 seconds, Stopping threads took: 0.0000460 seconds
91.649: Application time: 0.0251620 seconds
91.650: [Full GC [PSYoungGen: 139264K->31926K(162304K)] [ParOldGen: 369975K->369975K(370176K)] 509239K->401902K(532480K) [PSPermGen: 13625K->13625K(21504K)], 0.0732280 secs] [Times: user=0.52 sys=0.00, real=0.07 secs] 
91.723: Total time for which application threads were stopped: 0.0739250 seconds, Stopping threads took: 0.0000690 seconds
91.749: Application time: 0.0256480 seconds
91.750: [Full GC [PSYoungGen: 139264K->31881K(162304K)] [ParOldGen: 369975K->369975K(370176K)] 509239K->401856K(532480K) [PSPermGen: 13625K->13625K(21504K)], 0.0733930 secs] [Times: user=0.52 sys=0.00, real=0.07 secs] 
91.823: Total time for which application threads were stopped: 0.0741390 seconds, Stopping threads took: 0.0001010 seconds
91.849: Application time: 0.0263530 seconds
91.850: [Full GC [PSYoungGen: 139264K->31777K(162304K)] [ParOldGen: 369975K->369975K(370176K)] 509239K->401752K(532480K) [PSPermGen: 13625K->13625K(21504K)], 0.0736570 secs] [Times: user=0.52 sys=0.00, real=0.07 secs] 
91.924: Total time for which application threads were stopped: 0.0743490 seconds, Stopping threads took: 0.0000710 seconds
91.950: Application time: 0.0263440 seconds
91.951: [Full GC [PSYoungGen: 139264K->31759K(162304K)] [ParOldGen: 369975K->369975K(370176K)] 509239K->401735K(532480K) [PSPermGen: 13625K->13625K(21504K)], 0.0732260 secs] [Times: user=0.51 sys=0.00, real=0.07 secs] 
92.024: Total time for which application threads were stopped: 0.0739090 seconds, Stopping threads took: 0.0000450 seconds
92.050: Application time: 0.0254960 seconds
92.050: [Full GC [PSYoungGen: 139264K->31776K(162304K)] [ParOldGen: 369975K->369975K(370176K)] 509239K->401752K(532480K) [PSPermGen: 13625K->13625K(21504K)], 0.0742770 secs] [Times: user=0.52 sys=0.01, real=0.08 secs] 
92.125: Total time for which application threads were stopped: 0.0749160 seconds, Stopping threads took: 0.0000780 seconds
92.150: Application time: 0.0258110 seconds
92.151: [Full GC [PSYoungGen: 139264K->31736K(162304K)] [ParOldGen: 369975K->369975K(370176K)] 509239K->401712K(532480K) [PSPermGen: 13625K->13625K(21504K)], 0.0742570 secs] [Times: user=0.52 sys=0.00, real=0.08 secs] 
92.225: Total time for which application threads were stopped: 0.0749580 seconds, Stopping threads took: 0.0000700 seconds
92.251: Application time: 0.0255690 seconds
92.251: [Full GC [PSYoungGen: 139264K->31736K(162304K)] [ParOldGen: 369975K->369975K(370176K)] 509239K->401711K(532480K) [PSPermGen: 13625K->13625K(21504K)], 0.0730510 secs] [Times: user=0.52 sys=0.00, real=0.08 secs] 
92.325: Total time for which application threads were stopped: 0.0737550 seconds, Stopping threads took: 0.0000580 seconds
92.350: Application time: 0.0251970 seconds
92.350: [Full GC [PSYoungGen: 139264K->31751K(162304K)] [ParOldGen: 369975K->369975K(370176K)] 509239K->401727K(532480K) [PSPermGen: 13625K->13625K(21504K)], 0.0734400 secs] [Times: user=0.52 sys=0.00, real=0.07 secs] 
92.424: Total time for which application threads were stopped: 0.0741420 seconds, Stopping threads took: 0.0000510 seconds
92.449: Application time: 0.0249790 seconds
92.450: [Full GC [PSYoungGen: 139264K->31767K(162304K)] [ParOldGen: 369975K->369975K(370176K)] 509239K->401742K(532480K) [PSPermGen: 13625K->13625K(21504K)], 0.0732580 secs] [Times: user=0.51 sys=0.00, real=0.07 secs] 
92.523: Total time for which application threads were stopped: 0.0739410 seconds, Stopping threads took: 0.0000540 seconds
92.548: Application time: 0.0251560 seconds
92.549: [Full GC [PSYoungGen: 139264K->31784K(162304K)] [ParOldGen: 369975K->369975K(370176K)] 509239K->401759K(532480K) [PSPermGen: 13625K->13625K(21504K)], 0.0737080 secs] [Times: user=0.53 sys=0.01, real=0.07 secs] 
92.622: Total time for which application threads were stopped: 0.0744140 seconds, Stopping threads took: 0.0000630 seconds
92.648: Application time: 0.0252230 seconds
92.648: [Full GC [PSYoungGen: 139264K->31799K(162304K)] [ParOldGen: 369975K->369975K(370176K)] 509239K->401774K(532480K) [PSPermGen: 13625K->13625K(21504K)], 0.0734420 secs] [Times: user=0.51 sys=0.00, real=0.07 secs] 
92.722: Total time for which application threads were stopped: 0.0741140 seconds, Stopping threads took: 0.0000490 seconds
92.747: Application time: 0.0253230 seconds
92.748: [Full GC [PSYoungGen: 139264K->31812K(162304K)] [ParOldGen: 369975K->369975K(370176K)] 509239K->401787K(532480K) [PSPermGen: 13625K->13625K(21504K)], 0.0733790 secs] [Times: user=0.52 sys=0.00, real=0.07 secs] 
92.821: Total time for which application threads were stopped: 0.0739940 seconds, Stopping threads took: 0.0000560 seconds
92.846: Application time: 0.0252040 seconds
92.847: [Full GC [PSYoungGen: 139264K->31829K(162304K)] [ParOldGen: 369975K->369975K(370176K)] 509239K->401804K(532480K) [PSPermGen: 13625K->13625K(21504K)], 0.0733010 secs] [Times: user=0.51 sys=0.01, real=0.07 secs] 
92.920: Total time for which application threads were stopped: 0.0740510 seconds, Stopping threads took: 0.0000600 seconds
92.946: Application time: 0.0260800 seconds
92.947: [Full GC [PSYoungGen: 139264K->31842K(162304K)] [ParOldGen: 369975K->369975K(370176K)] 509239K->401818K(532480K) [PSPermGen: 13625K->13625K(21504K)], 0.0727160 secs] [Times: user=0.51 sys=0.01, real=0.07 secs] 
93.020: Total time for which application threads were stopped: 0.0733600 seconds, Stopping threads took: 0.0000410 seconds
93.045: Application time: 0.0250970 seconds
93.046: [Full GC [PSYoungGen: 139264K->31859K(162304K)] [ParOldGen: 369975K->369975K(370176K)] 509239K->401835K(532480K) [PSPermGen: 13625K->13625K(21504K)], 0.0732490 secs] [Times: user=0.52 sys=0.00, real=0.07 secs] 
93.119: Total time for which application threads were stopped: 0.0739550 seconds, Stopping threads took: 0.0000630 seconds
93.144: Application time: 0.0254150 seconds
93.145: [Full GC [PSYoungGen: 139264K->31818K(162304K)] [ParOldGen: 369975K->369975K(370176K)] 509239K->401793K(532480K) [PSPermGen: 13625K->13625K(21504K)], 0.0736550 secs] [Times: user=0.52 sys=0.00, real=0.07 secs] 
93.219: Total time for which application threads were stopped: 0.0743490 seconds, Stopping threads took: 0.0000660 seconds
93.244: Application time: 0.0250050 seconds
93.244: [Full GC [PSYoungGen: 139264K->31822K(162304K)] [ParOldGen: 369975K->369975K(370176K)] 509239K->401798K(532480K) [PSPermGen: 13625K->13625K(21504K)], 0.0732840 secs] [Times: user=0.51 sys=0.00, real=0.08 secs] 
93.318: Total time for which application threads were stopped: 0.0739640 seconds, Stopping threads took: 0.0000530 seconds
93.343: Application time: 0.0249450 seconds
93.343: [Full GC [PSYoungGen: 139264K->31836K(162304K)] [ParOldGen: 369975K->369975K(370176K)] 509239K->401812K(532480K) [PSPermGen: 13625K->13625K(21504K)], 0.0740500 secs] [Times: user=0.52 sys=0.00, real=0.08 secs] 
93.417: Total time for which application threads were stopped: 0.0747250 seconds, Stopping threads took: 0.0000540 seconds
93.442: Application time: 0.0248910 seconds
93.443: [Full GC [PSYoungGen: 139264K->31851K(162304K)] [ParOldGen: 369975K->369975K(370176K)] 509239K->401826K(532480K) [PSPermGen: 13625K->13625K(21504K)], 0.0731700 secs] [Times: user=0.52 sys=0.00, real=0.08 secs] 
93.516: Total time for which application threads were stopped: 0.0738950 seconds, Stopping threads took: 0.0000610 seconds
93.541: Application time: 0.0251740 seconds
93.542: [Full GC [PSYoungGen: 139264K->31865K(162304K)] [ParOldGen: 369975K->369975K(370176K)] 509239K->401841K(532480K) [PSPermGen: 13625K->13625K(21504K)], 0.0740560 secs] [Times: user=0.52 sys=0.00, real=0.08 secs] 
93.616: Total time for which application threads were stopped: 0.0747170 seconds, Stopping threads took: 0.0000490 seconds
93.641: Application time: 0.0251230 seconds
93.642: [Full GC [PSYoungGen: 139264K->31881K(162304K)] [ParOldGen: 369975K->369975K(370176K)] 509239K->401857K(532480K) [PSPermGen: 13625K->13625K(21504K)], 0.0748420 secs] [Times: user=0.53 sys=0.01, real=0.08 secs] 
93.717: Total time for which application threads were stopped: 0.0754650 seconds, Stopping threads took: 0.0000540 seconds
93.742: Application time: 0.0252340 seconds
93.742: [Full GC [PSYoungGen: 139264K->31897K(162304K)] [ParOldGen: 369975K->369975K(370176K)] 509239K->401872K(532480K) [PSPermGen: 13625K->13625K(21504K)], 0.0741490 secs] [Times: user=0.53 sys=0.00, real=0.08 secs] 
93.817: Total time for which application threads were stopped: 0.0748210 seconds, Stopping threads took: 0.0000540 seconds
93.842: Application time: 0.0249600 seconds
93.842: [Full GC [PSYoungGen: 139264K->31911K(162304K)] [ParOldGen: 369975K->369975K(370176K)] 509239K->401887K(532480K) [PSPermGen: 13625K->13625K(21504K)], 0.0739840 secs] [Times: user=0.52 sys=0.00, real=0.08 secs] 
93.916: Total time for which application threads were stopped: 0.0746100 seconds, Stopping threads took: 0.0000500 seconds
93.941: Application time: 0.0251630 seconds
93.943: [Full GC [PSYoungGen: 139264K->31927K(162304K)] [ParOldGen: 369975K->369975K(370176K)] 509239K->401902K(532480K) [PSPermGen: 13625K->13625K(21504K)], 0.0740750 secs] [Times: user=0.50 sys=0.00, real=0.08 secs] 
94.017: Total time for which application threads were stopped: 0.0757270 seconds, Stopping threads took: 0.0010220 seconds
94.042: Application time: 0.0250690 seconds
94.043: [Full GC [PSYoungGen: 139264K->31943K(162304K)] [ParOldGen: 369975K->369975K(370176K)] 509239K->401919K(532480K) [PSPermGen: 13625K->13625K(21504K)], 0.0737180 secs] [Times: user=0.52 sys=0.00, real=0.08 secs] 
94.117: Total time for which application threads were stopped: 0.0744360 seconds, Stopping threads took: 0.0000630 seconds
94.142: Application time: 0.0251880 seconds
94.142: [Full GC [PSYoungGen: 139264K->31955K(162304K)] [ParOldGen: 369975K->369975K(370176K)] 509239K->401931K(532480K) [PSPermGen: 13625K->13625K(21504K)], 0.0737240 secs] [Times: user=0.51 sys=0.00, real=0.08 secs] 
94.216: Total time for which application threads were stopped: 0.0744160 seconds, Stopping threads took: 0.0000560 seconds
94.241: Application time: 0.0250130 seconds
94.242: [Full GC [PSYoungGen: 139264K->31972K(162304K)] [ParOldGen: 369975K->369975K(370176K)] 509239K->401947K(532480K) [PSPermGen: 13625K->13625K(21504K)], 0.0737580 secs] [Times: user=0.53 sys=0.00, real=0.08 secs] 
94.316: Total time for which application threads were stopped: 0.0744480 seconds, Stopping threads took: 0.0000590 seconds
94.341: Application time: 0.0251230 seconds
94.341: [Full GC [PSYoungGen: 139264K->31985K(162304K)] [ParOldGen: 369975K->369975K(370176K)] 509239K->401960K(532480K) [PSPermGen: 13625K->13625K(21504K)], 0.0736690 secs] [Times: user=0.51 sys=0.00, real=0.08 secs] 
94.415: Total time for which application threads were stopped: 0.0743710 seconds, Stopping threads took: 0.0000630 seconds
94.440: Application time: 0.0250530 seconds
94.441: [Full GC [PSYoungGen: 139264K->32005K(162304K)] [ParOldGen: 369975K->369975K(370176K)] 509239K->401981K(532480K) [PSPermGen: 13625K->13625K(21504K)], 0.0732650 secs] [Times: user=0.52 sys=0.00, real=0.08 secs] 
94.514: Total time for which application threads were stopped: 0.0740140 seconds, Stopping threads took: 0.0001020 seconds
94.539: Application time: 0.0247990 seconds
94.540: [Full GC [PSYoungGen: 139264K->32020K(162304K)] [ParOldGen: 369975K->369975K(370176K)] 509239K->401996K(532480K) [PSPermGen: 13625K->13625K(21504K)], 0.0733440 secs] [Times: user=0.52 sys=0.00, real=0.08 secs] 
94.613: Total time for which application threads were stopped: 0.0740550 seconds, Stopping threads took: 0.0000600 seconds
94.638: Application time: 0.0246110 seconds
94.638: [Full GC [PSYoungGen: 139264K->32034K(162304K)] [ParOldGen: 369975K->369975K(370176K)] 509239K->402009K(532480K) [PSPermGen: 13625K->13625K(21504K)], 0.0734190 secs] [Times: user=0.51 sys=0.00, real=0.07 secs] 
94.712: Total time for which application threads were stopped: 0.0741430 seconds, Stopping threads took: 0.0000560 seconds
94.737: Application time: 0.0248850 seconds
94.737: [Full GC [PSYoungGen: 139264K->32050K(162304K)] [ParOldGen: 369975K->369975K(370176K)] 509239K->402025K(532480K) [PSPermGen: 13625K->13625K(21504K)], 0.0734860 secs] [Times: user=0.52 sys=0.00, real=0.07 secs] 
94.811: Total time for which application threads were stopped: 0.0741880 seconds, Stopping threads took: 0.0000690 seconds
94.836: Application time: 0.0253410 seconds
94.837: [Full GC [PSYoungGen: 139264K->32062K(162304K)] [ParOldGen: 369975K->369975K(370176K)] 509239K->402038K(532480K) [PSPermGen: 13625K->13625K(21504K)], 0.0730620 secs] [Times: user=0.52 sys=0.01, real=0.07 secs] 
94.910: Total time for which application threads were stopped: 0.0737280 seconds, Stopping threads took: 0.0000450 seconds
94.935: Application time: 0.0253010 seconds
94.936: [Full GC [PSYoungGen: 139264K->32012K(162304K)] [ParOldGen: 369975K->369975K(370176K)] 509239K->401987K(532480K) [PSPermGen: 13625K->13625K(21504K)], 0.0751930 secs] [Times: user=0.52 sys=0.00, real=0.07 secs] 
95.011: Total time for which application threads were stopped: 0.0758340 seconds, Stopping threads took: 0.0000820 seconds
95.037: Application time: 0.0255900 seconds
95.037: [Full GC [PSYoungGen: 139264K->31918K(162304K)] [ParOldGen: 369975K->369975K(370176K)] 509239K->401893K(532480K) [PSPermGen: 13625K->13625K(21504K)], 0.0729500 secs] [Times: user=0.51 sys=0.00, real=0.07 secs] 
95.110: Total time for which application threads were stopped: 0.0736320 seconds, Stopping threads took: 0.0000450 seconds
95.136: Application time: 0.0251000 seconds
95.136: [Full GC [PSYoungGen: 139264K->31903K(162304K)] [ParOldGen: 369975K->369975K(370176K)] 509239K->401878K(532480K) [PSPermGen: 13625K->13625K(21504K)], 0.0732770 secs] [Times: user=0.51 sys=0.00, real=0.07 secs] 
95.209: Total time for which application threads were stopped: 0.0738830 seconds, Stopping threads took: 0.0000460 seconds
95.235: Application time: 0.0252320 seconds
95.235: [Full GC [PSYoungGen: 139264K->31915K(162304K)] [ParOldGen: 369975K->369975K(370176K)] 509239K->401891K(532480K) [PSPermGen: 13625K->13625K(21504K)], 0.0738770 secs] [Times: user=0.52 sys=0.00, real=0.07 secs] 
95.309: Total time for which application threads were stopped: 0.0745820 seconds, Stopping threads took: 0.0000550 seconds
95.335: Application time: 0.0259970 seconds
95.336: [Full GC [PSYoungGen: 139264K->31820K(162304K)] [ParOldGen: 369975K->369975K(370176K)] 509239K->401795K(532480K) [PSPermGen: 13625K->13625K(21504K)], 0.0734510 secs] [Times: user=0.51 sys=0.00, real=0.07 secs] 
95.409: Total time for which application threads were stopped: 0.0741090 seconds, Stopping threads took: 0.0000490 seconds
95.435: Application time: 0.0255400 seconds
95.435: [Full GC [PSYoungGen: 139264K->31751K(162304K)] [ParOldGen: 369975K->369975K(370176K)] 509239K->401727K(532480K) [PSPermGen: 13625K->13625K(21504K)], 0.0735440 secs] [Times: user=0.52 sys=0.00, real=0.07 secs] 
95.509: Total time for which application threads were stopped: 0.0741500 seconds, Stopping threads took: 0.0000440 seconds
95.534: Application time: 0.0252490 seconds
95.535: [Full GC [PSYoungGen: 139264K->31751K(162304K)] [ParOldGen: 369975K->369975K(370176K)] 509239K->401727K(532480K) [PSPermGen: 13625K->13625K(21504K)], 0.0728420 secs] [Times: user=0.52 sys=0.00, real=0.07 secs] 
95.608: Total time for which application threads were stopped: 0.0735210 seconds, Stopping threads took: 0.0000550 seconds
95.633: Application time: 0.0254950 seconds
95.634: [Full GC [PSYoungGen: 139264K->31768K(162304K)] [ParOldGen: 369975K->369975K(370176K)] 509239K->401744K(532480K) [PSPermGen: 13625K->13625K(21504K)], 0.0726440 secs] [Times: user=0.51 sys=0.00, real=0.07 secs] 
95.707: Total time for which application threads were stopped: 0.0733310 seconds, Stopping threads took: 0.0000580 seconds
95.732: Application time: 0.0254390 seconds
95.733: [Full GC [PSYoungGen: 139264K->31783K(162304K)] [ParOldGen: 369975K->369975K(370176K)] 509239K->401759K(532480K) [PSPermGen: 13625K->13625K(21504K)], 0.0733120 secs] [Times: user=0.51 sys=0.01, real=0.07 secs] 
95.806: Total time for which application threads were stopped: 0.0740230 seconds, Stopping threads took: 0.0000680 seconds
95.832: Application time: 0.0256020 seconds
95.832: [Full GC [PSYoungGen: 139264K->31797K(162304K)] [ParOldGen: 369975K->369975K(370176K)] 509239K->401773K(532480K) [PSPermGen: 13625K->13625K(21504K)], 0.0728840 secs] [Times: user=0.50 sys=0.01, real=0.07 secs] 
95.905: Total time for which application threads were stopped: 0.0736160 seconds, Stopping threads took: 0.0000730 seconds
95.931: Application time: 0.0259210 seconds
95.932: [Full GC [PSYoungGen: 139264K->31749K(162304K)] [ParOldGen: 369975K->369975K(370176K)] 509239K->401725K(532480K) [PSPermGen: 13625K->13625K(21504K)], 0.0728890 secs] [Times: user=0.51 sys=0.00, real=0.08 secs] 
96.005: Total time for which application threads were stopped: 0.0735790 seconds, Stopping threads took: 0.0000660 seconds
96.030: Application time: 0.0255980 seconds
96.031: [Full GC [PSYoungGen: 139264K->31758K(162304K)] [ParOldGen: 369975K->369975K(370176K)] 509239K->401734K(532480K) [PSPermGen: 13625K->13625K(21504K)], 0.0737200 secs] [Times: user=0.52 sys=0.00, real=0.08 secs] 
96.105: Total time for which application threads were stopped: 0.0744080 seconds, Stopping threads took: 0.0000560 seconds
96.130: Application time: 0.0254290 seconds
96.131: [Full GC [PSYoungGen: 139264K->31775K(162304K)] [ParOldGen: 369975K->369975K(370176K)] 509239K->401750K(532480K) [PSPermGen: 13625K->13625K(21504K)], 0.0740280 secs] [Times: user=0.51 sys=0.00, real=0.08 secs] 
96.205: Total time for which application threads were stopped: 0.0746510 seconds, Stopping threads took: 0.0000620 seconds
96.230: Application time: 0.0253440 seconds
96.231: [Full GC [PSYoungGen: 139264K->31787K(162304K)] [ParOldGen: 369975K->369975K(370176K)] 509239K->401763K(532480K) [PSPermGen: 13625K->13625K(21504K)], 0.0735960 secs] [Times: user=0.53 sys=0.00, real=0.08 secs] 
96.305: Total time for which application threads were stopped: 0.0742820 seconds, Stopping threads took: 0.0000590 seconds
96.330: Application time: 0.0255570 seconds
96.331: [Full GC [PSYoungGen: 139264K->31802K(162304K)] [ParOldGen: 369975K->369975K(370176K)] 509239K->401777K(532480K) [PSPermGen: 13625K->13625K(21504K)], 0.0733850 secs] [Times: user=0.52 sys=0.00, real=0.07 secs] 
96.404: Total time for which application threads were stopped: 0.0740830 seconds, Stopping threads took: 0.0000800 seconds
96.430: Application time: 0.0253850 seconds
96.430: [Full GC [PSYoungGen: 139264K->31817K(162304K)] [ParOldGen: 369975K->369975K(370176K)] 509239K->401792K(532480K) [PSPermGen: 13625K->13625K(21504K)], 0.0740690 secs] [Times: user=0.52 sys=0.00, real=0.08 secs] 
96.504: Total time for which application threads were stopped: 0.0747870 seconds, Stopping threads took: 0.0000850 seconds
96.530: Application time: 0.0253300 seconds
96.530: [Full GC [PSYoungGen: 139264K->31835K(162304K)] [ParOldGen: 369975K->369975K(370176K)] 509239K->401810K(532480K) [PSPermGen: 13625K->13625K(21504K)], 0.0763330 secs] [Times: user=0.53 sys=0.00, real=0.08 secs] 
96.607: Total time for which application threads were stopped: 0.0770230 seconds, Stopping threads took: 0.0000630 seconds
96.632: Application time: 0.0251900 seconds
96.633: [Full GC [PSYoungGen: 139264K->31849K(162304K)] [ParOldGen: 369975K->369975K(370176K)] 509239K->401824K(532480K) [PSPermGen: 13625K->13625K(21504K)], 0.0729160 secs] [Times: user=0.51 sys=0.00, real=0.07 secs] 
96.706: Total time for which application threads were stopped: 0.0736320 seconds, Stopping threads took: 0.0000690 seconds
96.731: Application time: 0.0252520 seconds
96.731: [Full GC [PSYoungGen: 139264K->31865K(162304K)] [ParOldGen: 369975K->369975K(370176K)] 509239K->401841K(532480K) [PSPermGen: 13625K->13625K(21504K)], 0.0738700 secs] [Times: user=0.51 sys=0.01, real=0.08 secs] 
96.805: Total time for which application threads were stopped: 0.0745050 seconds, Stopping threads took: 0.0000510 seconds
96.831: Application time: 0.0254470 seconds
96.831: [Full GC [PSYoungGen: 139264K->31821K(162304K)] [ParOldGen: 369975K->369975K(370176K)] 509239K->401797K(532480K) [PSPermGen: 13625K->13625K(21504K)], 0.0735480 secs] [Times: user=0.51 sys=0.01, real=0.08 secs] 
96.905: Total time for which application threads were stopped: 0.0742500 seconds, Stopping threads took: 0.0000660 seconds
96.930: Application time: 0.0250210 seconds
96.931: [Full GC [PSYoungGen: 139264K->31828K(162304K)] [ParOldGen: 369975K->369975K(370176K)] 509239K->401803K(532480K) [PSPermGen: 13625K->13625K(21504K)], 0.0739480 secs] [Times: user=0.51 sys=0.01, real=0.08 secs] 
97.005: Total time for which application threads were stopped: 0.0746950 seconds, Stopping threads took: 0.0000790 seconds
97.029: Application time: 0.0246310 seconds
97.030: [Full GC [PSYoungGen: 139264K->31841K(162304K)] [ParOldGen: 369975K->369975K(370176K)] 509239K->401816K(532480K) [PSPermGen: 13625K->13625K(21504K)], 0.0735640 secs] [Times: user=0.51 sys=0.00, real=0.07 secs] 
97.104: Total time for which application threads were stopped: 0.0742310 seconds, Stopping threads took: 0.0000610 seconds
97.129: Application time: 0.0248860 seconds
97.129: [Full GC [PSYoungGen: 139264K->31860K(162304K)] [ParOldGen: 369975K->369975K(370176K)] 509239K->401835K(532480K) [PSPermGen: 13625K->13625K(21504K)], 0.0737250 secs] [Times: user=0.52 sys=0.00, real=0.07 secs] 
97.203: Total time for which application threads were stopped: 0.0744250 seconds, Stopping threads took: 0.0000890 seconds
97.228: Application time: 0.0249060 seconds
97.229: [Full GC [PSYoungGen: 139264K->31872K(162304K)] [ParOldGen: 369975K->369975K(370176K)] 509239K->401847K(532480K) [PSPermGen: 13625K->13625K(21504K)], 0.0737020 secs] [Times: user=0.52 sys=0.00, real=0.07 secs] 
97.302: Total time for which application threads were stopped: 0.0744120 seconds, Stopping threads took: 0.0000670 seconds
97.327: Application time: 0.0247790 seconds
97.328: [Full GC [PSYoungGen: 139264K->31887K(162304K)] [ParOldGen: 369975K->369975K(370176K)] 509239K->401862K(532480K) [PSPermGen: 13625K->13625K(21504K)], 0.0733420 secs] [Times: user=0.48 sys=0.03, real=0.07 secs] 
97.401: Total time for which application threads were stopped: 0.0740390 seconds, Stopping threads took: 0.0000700 seconds
97.426: Application time: 0.0249720 seconds
97.427: [Full GC [PSYoungGen: 139264K->31903K(162304K)] [ParOldGen: 369975K->369975K(370176K)] 509239K->401879K(532480K) [PSPermGen: 13625K->13625K(21504K)], 0.0739180 secs] [Times: user=0.52 sys=0.00, real=0.07 secs] 
97.501: Total time for which application threads were stopped: 0.0745580 seconds, Stopping threads took: 0.0000700 seconds
97.526: Application time: 0.0250190 seconds
97.526: [Full GC [PSYoungGen: 139264K->31919K(162304K)] [ParOldGen: 369975K->369975K(370176K)] 509239K->401894K(532480K) [PSPermGen: 13625K->13625K(21504K)], 0.0736860 secs] [Times: user=0.52 sys=0.00, real=0.07 secs] 
97.600: Total time for which application threads were stopped: 0.0744080 seconds, Stopping threads took: 0.0000780 seconds
97.625: Application time: 0.0251870 seconds
97.626: [Full GC [PSYoungGen: 139264K->31932K(162304K)] [ParOldGen: 369975K->369975K(370176K)] 509239K->401908K(532480K) [PSPermGen: 13625K->13625K(21504K)], 0.0728010 secs] [Times: user=0.51 sys=0.00, real=0.07 secs] 
97.699: Total time for which application threads were stopped: 0.0735050 seconds, Stopping threads took: 0.0000520 seconds
97.726: Application time: 0.0269070 seconds
97.726: [Full GC [PSYoungGen: 139264K->31948K(162304K)] [ParOldGen: 369975K->369975K(370176K)] 509239K->401923K(532480K) [PSPermGen: 13625K->13625K(21504K)], 0.0744550 secs] [Times: user=0.52 sys=0.01, real=0.07 secs] 
97.801: Total time for which application threads were stopped: 0.0751470 seconds, Stopping threads took: 0.0000600 seconds
97.826: Application time: 0.0251050 seconds
97.827: [Full GC [PSYoungGen: 139264K->31962K(162304K)] [ParOldGen: 369975K->369975K(370176K)] 509239K->401937K(532480K) [PSPermGen: 13625K->13625K(21504K)], 0.0744160 secs] [Times: user=0.51 sys=0.00, real=0.07 secs] 
97.901: Total time for which application threads were stopped: 0.0750640 seconds, Stopping threads took: 0.0000570 seconds
97.926: Application time: 0.0251240 seconds
97.927: [Full GC [PSYoungGen: 139264K->31972K(162304K)] [ParOldGen: 369975K->369975K(370176K)] 509239K->401948K(532480K) [PSPermGen: 13625K->13625K(21504K)], 0.0741320 secs] [Times: user=0.52 sys=0.01, real=0.07 secs] 
98.001: Total time for which application threads were stopped: 0.0748210 seconds, Stopping threads took: 0.0000470 seconds
98.026: Application time: 0.0252840 seconds
98.027: [Full GC [PSYoungGen: 139264K->31994K(162304K)] [ParOldGen: 369975K->369975K(370176K)] 509239K->401970K(532480K) [PSPermGen: 13625K->13625K(21504K)], 0.0742790 secs] [Times: user=0.52 sys=0.00, real=0.07 secs] 
98.101: Total time for which application threads were stopped: 0.0748860 seconds, Stopping threads took: 0.0000440 seconds
98.126: Application time: 0.0249820 seconds
98.127: [Full GC [PSYoungGen: 139264K->32009K(162304K)] [ParOldGen: 369975K->369975K(370176K)] 509239K->401984K(532480K) [PSPermGen: 13625K->13625K(21504K)], 0.0737610 secs] [Times: user=0.53 sys=0.00, real=0.07 secs] 
98.201: Total time for which application threads were stopped: 0.0745150 seconds, Stopping threads took: 0.0001040 seconds
98.226: Application time: 0.0250290 seconds
98.226: [Full GC [PSYoungGen: 139264K->32026K(162304K)] [ParOldGen: 369975K->369975K(370176K)] 509239K->402001K(532480K) [PSPermGen: 13625K->13625K(21504K)], 0.0737460 secs] [Times: user=0.51 sys=0.00, real=0.07 secs] 
98.300: Total time for which application threads were stopped: 0.0744330 seconds, Stopping threads took: 0.0000690 seconds
98.326: Application time: 0.0253980 seconds
98.326: [Full GC [PSYoungGen: 139264K->32043K(162304K)] [ParOldGen: 369975K->369975K(370176K)] 509239K->402018K(532480K) [PSPermGen: 13625K->13625K(21504K)], 0.0728930 secs] [Times: user=0.51 sys=0.01, real=0.07 secs] 
98.399: Total time for which application threads were stopped: 0.0735910 seconds, Stopping threads took: 0.0000590 seconds
98.424: Application time: 0.0250640 seconds
98.425: [Full GC [PSYoungGen: 139264K->32057K(162304K)] [ParOldGen: 369975K->369975K(370176K)] 509239K->402032K(532480K) [PSPermGen: 13625K->13625K(21504K)], 0.0739100 secs] [Times: user=0.52 sys=0.00, real=0.07 secs] 
98.499: Total time for which application threads were stopped: 0.0746150 seconds, Stopping threads took: 0.0000680 seconds
98.524: Application time: 0.0252170 seconds
98.525: [Full GC [PSYoungGen: 139264K->32074K(162304K)] [ParOldGen: 369975K->369975K(370176K)] 509239K->402049K(532480K) [PSPermGen: 13625K->13625K(21504K)], 0.0732880 secs] [Times: user=0.51 sys=0.00, real=0.07 secs] 
98.598: Total time for which application threads were stopped: 0.0739060 seconds, Stopping threads took: 0.0000530 seconds
98.623: Application time: 0.0249050 seconds
98.623: [Full GC [PSYoungGen: 139264K->32090K(162304K)] [ParOldGen: 369975K->369975K(370176K)] 509239K->402066K(532480K) [PSPermGen: 13625K->13625K(21504K)], 0.0734610 secs] [Times: user=0.52 sys=0.00, real=0.08 secs] 
98.697: Total time for which application threads were stopped: 0.0741600 seconds, Stopping threads took: 0.0000610 seconds
98.722: Application time: 0.0254620 seconds
98.723: [Full GC [PSYoungGen: 139264K->32036K(162304K)] [ParOldGen: 369975K->369975K(370176K)] 509239K->402012K(532480K) [PSPermGen: 13625K->13625K(21504K)], 0.0737780 secs] [Times: user=0.51 sys=0.00, real=0.08 secs] 
98.797: Total time for which application threads were stopped: 0.0744510 seconds, Stopping threads took: 0.0000440 seconds
98.823: Application time: 0.0264750 seconds
98.824: [Full GC [PSYoungGen: 139264K->31801K(162304K)] [ParOldGen: 369975K->369975K(370176K)] 509239K->401777K(532480K) [PSPermGen: 13625K->13625K(21504K)], 0.0735130 secs] [Times: user=0.52 sys=0.00, real=0.08 secs] 
98.898: Total time for which application threads were stopped: 0.0741630 seconds, Stopping threads took: 0.0000950 seconds
98.923: Application time: 0.0249780 seconds
98.923: [Full GC [PSYoungGen: 139264K->31782K(162304K)] [ParOldGen: 369975K->369975K(370176K)] 509239K->401758K(532480K) [PSPermGen: 13625K->13625K(21504K)], 0.0748640 secs] [Times: user=0.52 sys=0.01, real=0.08 secs] 
98.998: Total time for which application threads were stopped: 0.0754920 seconds, Stopping threads took: 0.0000720 seconds
99.023: Application time: 0.0253710 seconds
99.024: [Full GC [PSYoungGen: 139264K->31743K(162304K)] [ParOldGen: 369975K->369975K(370176K)] 509239K->401719K(532480K) [PSPermGen: 13625K->13625K(21504K)], 0.0732940 secs] [Times: user=0.50 sys=0.00, real=0.08 secs] 
99.097: Total time for which application threads were stopped: 0.0739620 seconds, Stopping threads took: 0.0000630 seconds
99.122: Application time: 0.0249830 seconds
99.123: [Full GC [PSYoungGen: 139264K->31740K(162304K)] [ParOldGen: 369975K->369975K(370176K)] 509239K->401715K(532480K) [PSPermGen: 13625K->13625K(21504K)], 0.0744480 secs] [Times: user=0.52 sys=0.00, real=0.08 secs] 
99.197: Total time for which application threads were stopped: 0.0750670 seconds, Stopping threads took: 0.0000580 seconds
99.222: Application time: 0.0249440 seconds
99.223: [Full GC [PSYoungGen: 139264K->31758K(162304K)] [ParOldGen: 369975K->369975K(370176K)] 509239K->401734K(532480K) [PSPermGen: 13625K->13625K(21504K)], 0.0724920 secs] [Times: user=0.51 sys=0.00, real=0.08 secs] 
99.296: Total time for which application threads were stopped: 0.0732000 seconds, Stopping threads took: 0.0000690 seconds
99.320: Application time: 0.0247780 seconds
99.321: [Full GC [PSYoungGen: 139264K->31771K(162304K)] [ParOldGen: 369975K->369975K(370176K)] 509239K->401747K(532480K) [PSPermGen: 13625K->13625K(21504K)], 0.0754810 secs] [Times: user=0.52 sys=0.00, real=0.08 secs] 
99.397: Total time for which application threads were stopped: 0.0762050 seconds, Stopping threads took: 0.0000600 seconds
99.421: Application time: 0.0248780 seconds
99.422: [Full GC [PSYoungGen: 139264K->31787K(162304K)] [ParOldGen: 369975K->369975K(370176K)] 509239K->401763K(532480K) [PSPermGen: 13625K->13625K(21504K)], 0.0730940 secs] [Times: user=0.51 sys=0.01, real=0.08 secs] 
99.495: Total time for which application threads were stopped: 0.0738100 seconds, Stopping threads took: 0.0000910 seconds
99.521: Application time: 0.0252250 seconds
99.521: [Full GC [PSYoungGen: 139264K->31803K(162304K)] [ParOldGen: 369975K->369975K(370176K)] 509239K->401779K(532480K) [PSPermGen: 13625K->13625K(21504K)], 0.0731520 secs] [Times: user=0.52 sys=0.00, real=0.08 secs] 
99.594: Total time for which application threads were stopped: 0.0738540 seconds, Stopping threads took: 0.0000610 seconds
99.620: Application time: 0.0252840 seconds
99.620: [Full GC [PSYoungGen: 139264K->31820K(162304K)] [ParOldGen: 369975K->369975K(370176K)] 509239K->401795K(532480K) [PSPermGen: 13625K->13625K(21504K)], 0.0728100 secs] [Times: user=0.51 sys=0.00, real=0.08 secs] 
99.693: Total time for which application threads were stopped: 0.0734930 seconds, Stopping threads took: 0.0000480 seconds
99.718: Application time: 0.0252150 seconds
99.719: [Full GC [PSYoungGen: 139264K->31735K(162304K)] [ParOldGen: 369975K->369975K(370176K)] 509239K->401710K(532480K) [PSPermGen: 13625K->13625K(21504K)], 0.0743680 secs] [Times: user=0.52 sys=0.00, real=0.08 secs] 
99.793: Total time for which application threads were stopped: 0.0750310 seconds, Stopping threads took: 0.0000560 seconds
99.819: Application time: 0.0253930 seconds
99.819: [Full GC [PSYoungGen: 139264K->31779K(162304K)] [ParOldGen: 369975K->369975K(370176K)] 509239K->401755K(532480K) [PSPermGen: 13625K->13625K(21504K)], 0.0732940 secs] [Times: user=0.52 sys=0.00, real=0.08 secs] 
99.893: Total time for which application threads were stopped: 0.0739830 seconds, Stopping threads took: 0.0000510 seconds
99.918: Application time: 0.0251000 seconds
99.918: [Full GC [PSYoungGen: 139264K->31797K(162304K)] [ParOldGen: 369975K->369975K(370176K)] 509239K->401772K(532480K) [PSPermGen: 13625K->13625K(21504K)], 0.0749550 secs] [Times: user=0.52 sys=0.00, real=0.08 secs] 
99.993: Total time for which application threads were stopped: 0.0755810 seconds, Stopping threads took: 0.0000500 seconds
100.019: Application time: 0.0251660 seconds
100.019: [Full GC [PSYoungGen: 139264K->31810K(162304K)] [ParOldGen: 369975K->369975K(370176K)] 509239K->401785K(532480K) [PSPermGen: 13625K->13625K(21504K)], 0.0735580 secs] [Times: user=0.51 sys=0.00, real=0.08 secs] 
100.093: Total time for which application threads were stopped: 0.0741790 seconds, Stopping threads took: 0.0000520 seconds
100.118: Application time: 0.0249770 seconds
100.118: [Full GC [PSYoungGen: 139264K->31825K(162304K)] [ParOldGen: 369975K->369975K(370176K)] 509239K->401801K(532480K) [PSPermGen: 13625K->13625K(21504K)], 0.0737370 secs] [Times: user=0.52 sys=0.00, real=0.07 secs] 
100.192: Total time for which application threads were stopped: 0.0744360 seconds, Stopping threads took: 0.0000500 seconds
100.217: Application time: 0.0250060 seconds
100.218: [Full GC [PSYoungGen: 139264K->31839K(162304K)] [ParOldGen: 369975K->369975K(370176K)] 509239K->401815K(532480K) [PSPermGen: 13625K->13625K(21504K)], 0.0742730 secs] [Times: user=0.52 sys=0.00, real=0.07 secs] 
100.292: Total time for which application threads were stopped: 0.0748890 seconds, Stopping threads took: 0.0000460 seconds
100.317: Application time: 0.0251930 seconds
100.318: [Full GC [PSYoungGen: 139264K->31792K(162304K)] [ParOldGen: 369975K->369975K(370176K)] 509239K->401768K(532480K) [PSPermGen: 13625K->13625K(21504K)], 0.0735980 secs] [Times: user=0.51 sys=0.01, real=0.07 secs] 
100.392: Total time for which application threads were stopped: 0.0742940 seconds, Stopping threads took: 0.0000470 seconds
100.417: Application time: 0.0248790 seconds
100.417: [Full GC [PSYoungGen: 139264K->31801K(162304K)] [ParOldGen: 369975K->369975K(370176K)] 509239K->401776K(532480K) [PSPermGen: 13625K->13625K(21504K)], 0.0738130 secs] [Times: user=0.51 sys=0.01, real=0.07 secs] 
100.491: Total time for which application threads were stopped: 0.0744380 seconds, Stopping threads took: 0.0000630 seconds
100.516: Application time: 0.0250810 seconds
100.517: [Full GC [PSYoungGen: 139264K->31816K(162304K)] [ParOldGen: 369975K->369975K(370176K)] 509239K->401792K(532480K) [PSPermGen: 13625K->13625K(21504K)], 0.0731660 secs] [Times: user=0.52 sys=0.00, real=0.07 secs] 
100.590: Total time for which application threads were stopped: 0.0738900 seconds, Stopping threads took: 0.0000510 seconds
100.615: Application time: 0.0247130 seconds
100.615: [Full GC [PSYoungGen: 139264K->31834K(162304K)] [ParOldGen: 369975K->369975K(370176K)] 509239K->401809K(532480K) [PSPermGen: 13625K->13625K(21504K)], 0.0740340 secs] [Times: user=0.53 sys=0.00, real=0.07 secs] 
100.689: Total time for which application threads were stopped: 0.0746400 seconds, Stopping threads took: 0.0000510 seconds
100.714: Application time: 0.0249610 seconds
100.715: [Full GC [PSYoungGen: 139264K->31847K(162304K)] [ParOldGen: 369975K->369975K(370176K)] 509239K->401823K(532480K) [PSPermGen: 13625K->13625K(21504K)], 0.0733910 secs] [Times: user=0.51 sys=0.00, real=0.07 secs] 
100.788: Total time for which application threads were stopped: 0.0741010 seconds, Stopping threads took: 0.0000560 seconds
100.813: Application time: 0.0248020 seconds
100.814: [Full GC [PSYoungGen: 139264K->31864K(162304K)] [ParOldGen: 369975K->369975K(370176K)] 509239K->401840K(532480K) [PSPermGen: 13625K->13625K(21504K)], 0.0730450 secs] [Times: user=0.51 sys=0.00, real=0.07 secs] 
100.887: Total time for which application threads were stopped: 0.0737600 seconds, Stopping threads took: 0.0000600 seconds
100.912: Application time: 0.0249560 seconds
100.913: [Full GC [PSYoungGen: 139264K->31878K(162304K)] [ParOldGen: 369975K->369975K(370176K)] 509239K->401854K(532480K) [PSPermGen: 13625K->13625K(21504K)], 0.0740860 secs] [Times: user=0.52 sys=0.00, real=0.07 secs] 
100.987: Total time for which application threads were stopped: 0.0747960 seconds, Stopping threads took: 0.0000680 seconds
101.012: Application time: 0.0250790 seconds
101.012: [Full GC [PSYoungGen: 139264K->31894K(162304K)] [ParOldGen: 369975K->369975K(370176K)] 509239K->401870K(532480K) [PSPermGen: 13625K->13625K(21504K)], 0.0734840 secs] [Times: user=0.52 sys=0.00, real=0.07 secs] 
101.086: Total time for which application threads were stopped: 0.0741800 seconds, Stopping threads took: 0.0000550 seconds
101.111: Application time: 0.0249130 seconds
101.112: [Full GC [PSYoungGen: 139264K->31908K(162304K)] [ParOldGen: 369975K->369975K(370176K)] 509239K->401883K(532480K) [PSPermGen: 13625K->13625K(21504K)], 0.0739340 secs] [Times: user=0.52 sys=0.00, real=0.08 secs] 
101.186: Total time for which application threads were stopped: 0.0746510 seconds, Stopping threads took: 0.0000710 seconds
101.210: Application time: 0.0249500 seconds
101.211: [Full GC [PSYoungGen: 139264K->31922K(162304K)] [ParOldGen: 369975K->369975K(370176K)] 509239K->401898K(532480K) [PSPermGen: 13625K->13625K(21504K)], 0.0734970 secs] [Times: user=0.52 sys=0.00, real=0.08 secs] 
101.285: Total time for which application threads were stopped: 0.0741680 seconds, Stopping threads took: 0.0000400 seconds
101.310: Application time: 0.0249130 seconds
101.310: [Full GC [PSYoungGen: 139264K->31939K(162304K)] [ParOldGen: 369975K->369975K(370176K)] 509239K->401914K(532480K) [PSPermGen: 13625K->13625K(21504K)], 0.0739050 secs] [Times: user=0.52 sys=0.00, real=0.07 secs] 
101.384: Total time for which application threads were stopped: 0.0745200 seconds, Stopping threads took: 0.0000530 seconds
101.409: Application time: 0.0248500 seconds
101.410: [Full GC [PSYoungGen: 139264K->31952K(162304K)] [ParOldGen: 369975K->369975K(370176K)] 509239K->401928K(532480K) [PSPermGen: 13625K->13625K(21504K)], 0.0740760 secs] [Times: user=0.52 sys=0.00, real=0.07 secs] 
101.484: Total time for which application threads were stopped: 0.0746920 seconds, Stopping threads took: 0.0000510 seconds
101.509: Application time: 0.0249260 seconds
101.509: [Full GC [PSYoungGen: 139264K->31969K(162304K)] [ParOldGen: 369975K->369975K(370176K)] 509239K->401944K(532480K) [PSPermGen: 13625K->13625K(21504K)], 0.0734910 secs] [Times: user=0.52 sys=0.01, real=0.07 secs] 
101.583: Total time for which application threads were stopped: 0.0741790 seconds, Stopping threads took: 0.0000460 seconds
101.607: Application time: 0.0246690 seconds
101.608: [Full GC [PSYoungGen: 139264K->31983K(162304K)] [ParOldGen: 369975K->369975K(370176K)] 509239K->401959K(532480K) [PSPermGen: 13625K->13625K(21504K)], 0.0732970 secs] [Times: user=0.51 sys=0.00, real=0.07 secs] 
101.681: Total time for which application threads were stopped: 0.0740000 seconds, Stopping threads took: 0.0000600 seconds
101.707: Application time: 0.0252290 seconds
101.707: [Full GC [PSYoungGen: 139264K->31998K(162304K)] [ParOldGen: 369975K->369975K(370176K)] 509239K->401974K(532480K) [PSPermGen: 13625K->13625K(21504K)], 0.0738310 secs] [Times: user=0.51 sys=0.00, real=0.07 secs] 
101.781: Total time for which application threads were stopped: 0.0744630 seconds, Stopping threads took: 0.0000490 seconds
101.806: Application time: 0.0252730 seconds
101.807: [Full GC [PSYoungGen: 139264K->32017K(162304K)] [ParOldGen: 369975K->369975K(370176K)] 509239K->401992K(532480K) [PSPermGen: 13625K->13625K(21504K)], 0.0736600 secs] [Times: user=0.52 sys=0.00, real=0.07 secs] 
101.881: Total time for which application threads were stopped: 0.0743590 seconds, Stopping threads took: 0.0000630 seconds
101.906: Application time: 0.0250830 seconds
101.906: [Full GC [PSYoungGen: 139264K->32033K(162304K)] [ParOldGen: 369975K->369975K(370176K)] 509239K->402008K(532480K) [PSPermGen: 13625K->13625K(21504K)], 0.0748350 secs] [Times: user=0.52 sys=0.00, real=0.07 secs] 
101.981: Total time for which application threads were stopped: 0.0754560 seconds, Stopping threads took: 0.0000470 seconds
102.006: Application time: 0.0249870 seconds
102.007: [Full GC [PSYoungGen: 139264K->32048K(162304K)] [ParOldGen: 369975K->369975K(370176K)] 509239K->402023K(532480K) [PSPermGen: 13625K->13625K(21504K)], 0.0752170 secs] [Times: user=0.50 sys=0.00, real=0.07 secs] 
102.082: Total time for which application threads were stopped: 0.0758840 seconds, Stopping threads took: 0.0000540 seconds
102.107: Application time: 0.0248290 seconds
102.108: [Full GC [PSYoungGen: 139264K->32063K(162304K)] [ParOldGen: 369975K->369975K(370176K)] 509239K->402038K(532480K) [PSPermGen: 13625K->13625K(21504K)], 0.0735840 secs] [Times: user=0.51 sys=0.00, real=0.07 secs] 
102.181: Total time for which application threads were stopped: 0.0742740 seconds, Stopping threads took: 0.0000510 seconds
102.206: Application time: 0.0249350 seconds
102.207: [Full GC [PSYoungGen: 139264K->32080K(162304K)] [ParOldGen: 369975K->369975K(370176K)] 509239K->402056K(532480K) [PSPermGen: 13625K->13625K(21504K)], 0.0736410 secs] [Times: user=0.52 sys=0.00, real=0.07 secs] 
102.281: Total time for which application threads were stopped: 0.0743440 seconds, Stopping threads took: 0.0000670 seconds
102.306: Application time: 0.0255050 seconds
102.307: [Full GC [PSYoungGen: 139264K->32091K(162304K)] [ParOldGen: 369975K->369975K(370176K)] 509239K->402066K(532480K) [PSPermGen: 13625K->13625K(21504K)], 0.0729410 secs] [Times: user=0.51 sys=0.00, real=0.07 secs] 
102.380: Total time for which application threads were stopped: 0.0736210 seconds, Stopping threads took: 0.0000390 seconds
102.406: Application time: 0.0260300 seconds
102.406: [Full GC [PSYoungGen: 139264K->31989K(162304K)] [ParOldGen: 369975K->369975K(370176K)] 509239K->401965K(532480K) [PSPermGen: 13625K->13625K(21504K)], 0.0729980 secs] [Times: user=0.52 sys=0.00, real=0.07 secs] 
102.479: Total time for which application threads were stopped: 0.0736620 seconds, Stopping threads took: 0.0000370 seconds
102.505: Application time: 0.0258380 seconds
102.506: [Full GC [PSYoungGen: 139264K->31793K(162304K)] [ParOldGen: 369975K->369975K(370176K)] 509239K->401768K(532480K) [PSPermGen: 13625K->13625K(21504K)], 0.0739450 secs] [Times: user=0.52 sys=0.00, real=0.07 secs] 
102.580: Total time for which application threads were stopped: 0.0745680 seconds, Stopping threads took: 0.0000460 seconds
102.605: Application time: 0.0248890 seconds
102.605: [Full GC [PSYoungGen: 139264K->31784K(162304K)] [ParOldGen: 369975K->369975K(370176K)] 509239K->401760K(532480K) [PSPermGen: 13625K->13625K(21504K)], 0.0739140 secs] [Times: user=0.52 sys=0.00, real=0.07 secs] 
102.679: Total time for which application threads were stopped: 0.0745340 seconds, Stopping threads took: 0.0000530 seconds
102.705: Application time: 0.0254380 seconds
102.705: [Full GC [PSYoungGen: 139264K->31747K(162304K)] [ParOldGen: 369975K->369975K(370176K)] 509239K->401723K(532480K) [PSPermGen: 13626K->13626K(21504K)], 0.0735610 secs] [Times: user=0.50 sys=0.00, real=0.07 secs] 
102.779: Total time for which application threads were stopped: 0.0742180 seconds, Stopping threads took: 0.0000580 seconds
102.804: Application time: 0.0248610 seconds
102.804: [Full GC [PSYoungGen: 139264K->31748K(162304K)] [ParOldGen: 369975K->369975K(370176K)] 509239K->401723K(532480K) [PSPermGen: 13626K->13626K(21504K)], 0.0733880 secs] [Times: user=0.52 sys=0.00, real=0.07 secs] 
102.878: Total time for which application threads were stopped: 0.0740100 seconds, Stopping threads took: 0.0000530 seconds
102.903: Application time: 0.0250300 seconds
102.903: [Full GC [PSYoungGen: 139264K->31764K(162304K)] [ParOldGen: 369975K->369975K(370176K)] 509239K->401739K(532480K) [PSPermGen: 13626K->13626K(21504K)], 0.0728780 secs] [Times: user=0.52 sys=0.00, real=0.08 secs] 
102.976: Total time for which application threads were stopped: 0.0736150 seconds, Stopping threads took: 0.0000670 seconds
103.002: Application time: 0.0251090 seconds
103.002: [Full GC [PSYoungGen: 139264K->31780K(162304K)] [ParOldGen: 369975K->369975K(370176K)] 509239K->401755K(532480K) [PSPermGen: 13626K->13626K(21504K)], 0.0732430 secs] [Times: user=0.51 sys=0.00, real=0.08 secs] 
103.075: Total time for which application threads were stopped: 0.0738900 seconds, Stopping threads took: 0.0000520 seconds
103.100: Application time: 0.0249250 seconds
103.101: [Full GC [PSYoungGen: 139264K->31796K(162304K)] [ParOldGen: 369975K->369975K(370176K)] 509239K->401771K(532480K) [PSPermGen: 13626K->13626K(21504K)], 0.0731760 secs] [Times: user=0.51 sys=0.00, real=0.08 secs] 
103.174: Total time for which application threads were stopped: 0.0738670 seconds, Stopping threads took: 0.0000650 seconds
103.199: Application time: 0.0250950 seconds
103.200: [Full GC [PSYoungGen: 139264K->31810K(162304K)] [ParOldGen: 369975K->369975K(370176K)] 509239K->401785K(532480K) [PSPermGen: 13626K->13626K(21504K)], 0.0726880 secs] [Times: user=0.51 sys=0.00, real=0.08 secs] 
103.273: Total time for which application threads were stopped: 0.0733640 seconds, Stopping threads took: 0.0000560 seconds
103.298: Application time: 0.0250020 seconds
103.298: [Full GC [PSYoungGen: 139264K->31826K(162304K)] [ParOldGen: 369975K->369975K(370176K)] 509239K->401802K(532480K) [PSPermGen: 13626K->13626K(21504K)], 0.0731490 secs] [Times: user=0.51 sys=0.00, real=0.07 secs] 
103.372: Total time for which application threads were stopped: 0.0738460 seconds, Stopping threads took: 0.0000550 seconds
103.397: Application time: 0.0250110 seconds
103.397: [Full GC [PSYoungGen: 139264K->31837K(162304K)] [ParOldGen: 369975K->369975K(370176K)] 509239K->401813K(532480K) [PSPermGen: 13626K->13626K(21504K)], 0.0736060 secs] [Times: user=0.52 sys=0.00, real=0.07 secs] 
103.471: Total time for which application threads were stopped: 0.0742740 seconds, Stopping threads took: 0.0000440 seconds
103.496: Application time: 0.0253270 seconds
103.497: [Full GC [PSYoungGen: 139264K->31801K(162304K)] [ParOldGen: 369975K->369975K(370176K)] 509239K->401777K(532480K) [PSPermGen: 13626K->13626K(21504K)], 0.0736490 secs] [Times: user=0.51 sys=0.00, real=0.07 secs] 
103.571: Total time for which application threads were stopped: 0.0743620 seconds, Stopping threads took: 0.0000540 seconds
103.595: Application time: 0.0249260 seconds
103.596: [Full GC [PSYoungGen: 139264K->31801K(162304K)] [ParOldGen: 369975K->369975K(370176K)] 509239K->401776K(532480K) [PSPermGen: 13626K->13626K(21504K)], 0.0736670 secs] [Times: user=0.51 sys=0.00, real=0.07 secs] 
103.670: Total time for which application threads were stopped: 0.0743010 seconds, Stopping threads took: 0.0000600 seconds
103.695: Application time: 0.0248900 seconds
103.695: [Full GC [PSYoungGen: 139264K->31817K(162304K)] [ParOldGen: 369975K->369975K(370176K)] 509239K->401792K(532480K) [PSPermGen: 13626K->13626K(21504K)], 0.0737450 secs] [Times: user=0.51 sys=0.01, real=0.07 secs] 
103.769: Total time for which application threads were stopped: 0.0743560 seconds, Stopping threads took: 0.0000490 seconds
103.794: Application time: 0.0247910 seconds
103.794: [Full GC [PSYoungGen: 139264K->31834K(162304K)] [ParOldGen: 369975K->369975K(370176K)] 509239K->401809K(532480K) [PSPermGen: 13626K->13626K(21504K)], 0.0736360 secs] [Times: user=0.52 sys=0.00, real=0.07 secs] 
103.868: Total time for which application threads were stopped: 0.0742530 seconds, Stopping threads took: 0.0000560 seconds
103.893: Application time: 0.0248620 seconds
103.894: [Full GC [PSYoungGen: 139264K->31846K(162304K)] [ParOldGen: 369975K->369975K(370176K)] 509239K->401822K(532480K) [PSPermGen: 13626K->13626K(21504K)], 0.0746540 secs] [Times: user=0.52 sys=0.00, real=0.07 secs] 
103.968: Total time for which application threads were stopped: 0.0752570 seconds, Stopping threads took: 0.0000440 seconds
103.994: Application time: 0.0254470 seconds
103.994: [Full GC [PSYoungGen: 139264K->31806K(162304K)] [ParOldGen: 369975K->369975K(370176K)] 509239K->401781K(532480K) [PSPermGen: 13626K->13626K(21504K)], 0.0741590 secs] [Times: user=0.52 sys=0.00, real=0.07 secs] 
104.068: Total time for which application threads were stopped: 0.0747850 seconds, Stopping threads took: 0.0000500 seconds
104.093: Application time: 0.0250240 seconds
104.094: [Full GC [PSYoungGen: 139264K->31807K(162304K)] [ParOldGen: 369975K->369975K(370176K)] 509239K->401782K(532480K) [PSPermGen: 13626K->13626K(21504K)], 0.0736940 secs] [Times: user=0.52 sys=0.01, real=0.07 secs] 
104.168: Total time for which application threads were stopped: 0.0743950 seconds, Stopping threads took: 0.0000460 seconds
104.193: Application time: 0.0248650 seconds
104.193: [Full GC [PSYoungGen: 139264K->31818K(162304K)] [ParOldGen: 369975K->369975K(370176K)] 509239K->401794K(532480K) [PSPermGen: 13626K->13626K(21504K)], 0.0732150 secs] [Times: user=0.51 sys=0.00, real=0.07 secs] 
104.267: Total time for which application threads were stopped: 0.0739080 seconds, Stopping threads took: 0.0000600 seconds
104.292: Application time: 0.0251110 seconds
104.292: [Full GC [PSYoungGen: 139264K->31837K(162304K)] [ParOldGen: 369975K->369975K(370176K)] 509239K->401813K(532480K) [PSPermGen: 13626K->13626K(21504K)], 0.0733040 secs] [Times: user=0.52 sys=0.00, real=0.07 secs] 
104.366: Total time for which application threads were stopped: 0.0740010 seconds, Stopping threads took: 0.0000540 seconds
104.391: Application time: 0.0251640 seconds
104.392: [Full GC [PSYoungGen: 139264K->31856K(162304K)] [ParOldGen: 369975K->369975K(370176K)] 509239K->401832K(532480K) [PSPermGen: 13626K->13626K(21504K)], 0.0731850 secs] [Times: user=0.52 sys=0.00, real=0.08 secs] 
104.465: Total time for which application threads were stopped: 0.0738960 seconds, Stopping threads took: 0.0000790 seconds
104.490: Application time: 0.0251030 seconds
104.491: [Full GC [PSYoungGen: 139264K->31869K(162304K)] [ParOldGen: 369975K->369975K(370176K)] 509239K->401845K(532480K) [PSPermGen: 13626K->13626K(21504K)], 0.0737510 secs] [Times: user=0.52 sys=0.00, real=0.07 secs] 
104.564: Total time for which application threads were stopped: 0.0744160 seconds, Stopping threads took: 0.0000830 seconds
104.589: Application time: 0.0251230 seconds
104.590: [Full GC [PSYoungGen: 139264K->31885K(162304K)] [ParOldGen: 369975K->369975K(370176K)] 509239K->401860K(532480K) [PSPermGen: 13626K->13626K(21504K)], 0.0739980 secs] [Times: user=0.52 sys=0.00, real=0.07 secs] 
104.664: Total time for which application threads were stopped: 0.0746360 seconds, Stopping threads took: 0.0000750 seconds
104.689: Application time: 0.0250340 seconds
104.690: [Full GC [PSYoungGen: 139264K->31898K(162304K)] [ParOldGen: 369975K->369975K(370176K)] 509239K->401873K(532480K) [PSPermGen: 13626K->13626K(21504K)], 0.0736420 secs] [Times: user=0.52 sys=0.01, real=0.07 secs] 
104.763: Total time for which application threads were stopped: 0.0743280 seconds, Stopping threads took: 0.0000450 seconds
104.788: Application time: 0.0247950 seconds
104.789: [Full GC [PSYoungGen: 139264K->31915K(162304K)] [ParOldGen: 369975K->369975K(370176K)] 509239K->401890K(532480K) [PSPermGen: 13626K->13626K(21504K)], 0.0727740 secs] [Times: user=0.51 sys=0.00, real=0.07 secs] 
104.862: Total time for which application threads were stopped: 0.0734610 seconds, Stopping threads took: 0.0000580 seconds
104.886: Application time: 0.0246000 seconds
104.887: [Full GC [PSYoungGen: 139264K->31929K(162304K)] [ParOldGen: 369975K->369975K(370176K)] 509239K->401905K(532480K) [PSPermGen: 13626K->13626K(21504K)], 0.0743970 secs] [Times: user=0.50 sys=0.00, real=0.07 secs] 
104.961: Total time for which application threads were stopped: 0.0750710 seconds, Stopping threads took: 0.0000580 seconds
104.986: Application time: 0.0248460 seconds
104.987: [Full GC [PSYoungGen: 139264K->31945K(162304K)] [ParOldGen: 369975K->369975K(370176K)] 509239K->401921K(532480K) [PSPermGen: 13626K->13626K(21504K)], 0.0740740 secs] [Times: user=0.52 sys=0.01, real=0.07 secs] 
105.061: Total time for which application threads were stopped: 0.0746830 seconds, Stopping threads took: 0.0000390 seconds
105.086: Application time: 0.0252680 seconds
105.087: [Full GC [PSYoungGen: 139264K->31958K(162304K)] [ParOldGen: 369975K->369975K(370176K)] 509239K->401934K(532480K) [PSPermGen: 13626K->13626K(21504K)], 0.0741490 secs] [Times: user=0.52 sys=0.00, real=0.07 secs] 
105.161: Total time for which application threads were stopped: 0.0747580 seconds, Stopping threads took: 0.0000490 seconds
105.186: Application time: 0.0253490 seconds
105.187: [Full GC [PSYoungGen: 139264K->31975K(162304K)] [ParOldGen: 369975K->369975K(370176K)] 509239K->401950K(532480K) [PSPermGen: 13626K->13626K(21504K)], 0.0732720 secs] [Times: user=0.52 sys=0.00, real=0.07 secs] 
105.260: Total time for which application threads were stopped: 0.0739800 seconds, Stopping threads took: 0.0000510 seconds
105.285: Application time: 0.0251440 seconds
105.286: [Full GC [PSYoungGen: 139264K->31989K(162304K)] [ParOldGen: 369975K->369975K(370176K)] 509239K->401965K(532480K) [PSPermGen: 13626K->13626K(21504K)], 0.0751890 secs] [Times: user=0.54 sys=0.00, real=0.07 secs] 
105.361: Total time for which application threads were stopped: 0.0758950 seconds, Stopping threads took: 0.0000580 seconds
105.386: Application time: 0.0250540 seconds
105.387: [Full GC [PSYoungGen: 139264K->32005K(162304K)] [ParOldGen: 369975K->369975K(370176K)] 509239K->401980K(532480K) [PSPermGen: 13626K->13626K(21504K)], 0.0735730 secs] [Times: user=0.51 sys=0.00, real=0.07 secs] 
105.461: Total time for which application threads were stopped: 0.0742760 seconds, Stopping threads took: 0.0000650 seconds
105.486: Application time: 0.0251000 seconds
105.486: [Full GC [PSYoungGen: 139264K->32023K(162304K)] [ParOldGen: 369975K->369975K(370176K)] 509239K->401999K(532480K) [PSPermGen: 13626K->13626K(21504K)], 0.0733390 secs] [Times: user=0.52 sys=0.00, real=0.07 secs] 
105.560: Total time for which application threads were stopped: 0.0740310 seconds, Stopping threads took: 0.0000510 seconds
105.585: Application time: 0.0252070 seconds
105.586: [Full GC [PSYoungGen: 139264K->32039K(162304K)] [ParOldGen: 369975K->369975K(370176K)] 509239K->402014K(532480K) [PSPermGen: 13626K->13626K(21504K)], 0.0750050 secs] [Times: user=0.51 sys=0.00, real=0.07 secs] 
105.661: Total time for which application threads were stopped: 0.0756120 seconds, Stopping threads took: 0.0000450 seconds
105.686: Application time: 0.0250640 seconds
105.686: [Full GC [PSYoungGen: 139264K->32054K(162304K)] [ParOldGen: 369975K->369975K(370176K)] 509239K->402029K(532480K) [PSPermGen: 13626K->13626K(21504K)], 0.0739190 secs] [Times: user=0.52 sys=0.00, real=0.07 secs] 
105.760: Total time for which application threads were stopped: 0.0745440 seconds, Stopping threads took: 0.0000620 seconds
105.785: Application time: 0.0249480 seconds
105.786: [Full GC [PSYoungGen: 139264K->32072K(162304K)] [ParOldGen: 369975K->369975K(370176K)] 509239K->402047K(532480K) [PSPermGen: 13626K->13626K(21504K)], 0.0737150 secs] [Times: user=0.52 sys=0.00, real=0.07 secs] 
105.860: Total time for which application threads were stopped: 0.0743250 seconds, Stopping threads took: 0.0000470 seconds
105.885: Application time: 0.0255750 seconds
105.886: [Full GC [PSYoungGen: 139264K->31975K(162304K)] [ParOldGen: 369975K->369975K(370176K)] 509239K->401951K(532480K) [PSPermGen: 13626K->13626K(21504K)], 0.0747460 secs] [Times: user=0.51 sys=0.01, real=0.07 secs] 
105.961: Total time for which application threads were stopped: 0.0754290 seconds, Stopping threads took: 0.0000520 seconds
105.986: Application time: 0.0250880 seconds
105.986: [Full GC [PSYoungGen: 139264K->31960K(162304K)] [ParOldGen: 369975K->369975K(370176K)] 509239K->401935K(532480K) [PSPermGen: 13626K->13626K(21504K)], 0.0743900 secs] [Times: user=0.53 sys=0.00, real=0.07 secs] 
106.061: Total time for which application threads were stopped: 0.0750110 seconds, Stopping threads took: 0.0000540 seconds
106.086: Application time: 0.0250830 seconds
106.086: [Full GC [PSYoungGen: 139264K->31973K(162304K)] [ParOldGen: 369975K->369975K(370176K)] 509239K->401949K(532480K) [PSPermGen: 13626K->13626K(21504K)], 0.0731920 secs] [Times: user=0.52 sys=0.00, real=0.07 secs] 
106.160: Total time for which application threads were stopped: 0.0738800 seconds, Stopping threads took: 0.0000550 seconds
106.186: Application time: 0.0259710 seconds
106.186: [Full GC [PSYoungGen: 139264K->31824K(162304K)] [ParOldGen: 369975K->369975K(370176K)] 509239K->401800K(532480K) [PSPermGen: 13627K->13627K(21504K)], 0.0734610 secs] [Times: user=0.52 sys=0.00, real=0.07 secs] 
106.260: Total time for which application threads were stopped: 0.0741470 seconds, Stopping threads took: 0.0000480 seconds
106.285: Application time: 0.0252820 seconds
106.286: [Full GC [PSYoungGen: 139264K->31738K(162304K)] [ParOldGen: 369975K->369975K(370176K)] 509239K->401714K(532480K) [PSPermGen: 13627K->13627K(21504K)], 0.0740220 secs] [Times: user=0.52 sys=0.00, real=0.07 secs] 
106.360: Total time for which application threads were stopped: 0.0746930 seconds, Stopping threads took: 0.0000470 seconds
106.385: Application time: 0.0251760 seconds
106.386: [Full GC [PSYoungGen: 139264K->31739K(162304K)] [ParOldGen: 369975K->369975K(370176K)] 509239K->401715K(532480K) [PSPermGen: 13627K->13627K(21504K)], 0.0727230 secs] [Times: user=0.52 sys=0.00, real=0.07 secs] 
106.458: Total time for which application threads were stopped: 0.0734050 seconds, Stopping threads took: 0.0000500 seconds
106.483: Application time: 0.0251500 seconds
106.484: [Full GC [PSYoungGen: 139264K->31754K(162304K)] [ParOldGen: 369975K->369975K(370176K)] 509239K->401730K(532480K) [PSPermGen: 13627K->13627K(21504K)], 0.0732550 secs] [Times: user=0.51 sys=0.00, real=0.08 secs] 
106.557: Total time for which application threads were stopped: 0.0739960 seconds, Stopping threads took: 0.0000750 seconds
106.583: Application time: 0.0252270 seconds
106.583: [Full GC [PSYoungGen: 139264K->31771K(162304K)] [ParOldGen: 369975K->369975K(370176K)] 509239K->401746K(532480K) [PSPermGen: 13627K->13627K(21504K)], 0.0738040 secs] [Times: user=0.52 sys=0.01, real=0.08 secs] 
106.657: Total time for which application threads were stopped: 0.0744300 seconds, Stopping threads took: 0.0000430 seconds
106.682: Application time: 0.0253030 seconds
106.683: [Full GC [PSYoungGen: 139264K->31787K(162304K)] [ParOldGen: 369975K->369975K(370176K)] 509239K->401762K(532480K) [PSPermGen: 13627K->13627K(21504K)], 0.0747240 secs] [Times: user=0.52 sys=0.00, real=0.08 secs] 
106.758: Total time for which application threads were stopped: 0.0754110 seconds, Stopping threads took: 0.0000610 seconds
106.783: Application time: 0.0253370 seconds
106.784: [Full GC [PSYoungGen: 139264K->31800K(162304K)] [ParOldGen: 369975K->369975K(370176K)] 509239K->401776K(532480K) [PSPermGen: 13627K->13627K(21504K)], 0.0731430 secs] [Times: user=0.52 sys=0.00, real=0.08 secs] 
106.857: Total time for which application threads were stopped: 0.0738390 seconds, Stopping threads took: 0.0000580 seconds
106.882: Application time: 0.0250650 seconds
106.883: [Full GC [PSYoungGen: 139264K->31819K(162304K)] [ParOldGen: 369975K->369975K(370176K)] 509239K->401795K(532480K) [PSPermGen: 13627K->13627K(21504K)], 0.0744770 secs] [Times: user=0.51 sys=0.00, real=0.08 secs] 
106.957: Total time for which application threads were stopped: 0.0751050 seconds, Stopping threads took: 0.0000660 seconds
106.982: Application time: 0.0251670 seconds
106.983: [Full GC [PSYoungGen: 139264K->31831K(162304K)] [ParOldGen: 369975K->369975K(370176K)] 509239K->401807K(532480K) [PSPermGen: 13627K->13627K(21504K)], 0.0741730 secs] [Times: user=0.52 sys=0.00, real=0.08 secs] 
107.057: Total time for which application threads were stopped: 0.0748100 seconds, Stopping threads took: 0.0000790 seconds
107.082: Application time: 0.0251390 seconds
107.083: [Full GC [PSYoungGen: 139264K->31848K(162304K)] [ParOldGen: 369975K->369975K(370176K)] 509239K->401824K(532480K) [PSPermGen: 13627K->13627K(21504K)], 0.0733500 secs] [Times: user=0.51 sys=0.00, real=0.08 secs] 
107.156: Total time for which application threads were stopped: 0.0740840 seconds, Stopping threads took: 0.0000890 seconds
107.182: Application time: 0.0255650 seconds
107.183: [Full GC [PSYoungGen: 139264K->31862K(162304K)] [ParOldGen: 369975K->369975K(370176K)] 509239K->401838K(532480K) [PSPermGen: 13627K->13627K(21504K)], 0.0728090 secs] [Times: user=0.51 sys=0.00, real=0.08 secs] 
107.256: Total time for which application threads were stopped: 0.0735170 seconds, Stopping threads took: 0.0000760 seconds
107.281: Application time: 0.0256160 seconds
107.282: [Full GC [PSYoungGen: 139264K->31822K(162304K)] [ParOldGen: 369975K->369975K(370176K)] 509239K->401797K(532480K) [PSPermGen: 13627K->13627K(21504K)], 0.0731080 secs] [Times: user=0.52 sys=0.00, real=0.08 secs] 
107.355: Total time for which application threads were stopped: 0.0737550 seconds, Stopping threads took: 0.0000460 seconds
107.380: Application time: 0.0252540 seconds
107.381: [Full GC [PSYoungGen: 139264K->31823K(162304K)] [ParOldGen: 369975K->369975K(370176K)] 509239K->401799K(532480K) [PSPermGen: 13627K->13627K(21504K)], 0.0734510 secs] [Times: user=0.52 sys=0.00, real=0.08 secs] 
107.454: Total time for which application threads were stopped: 0.0741340 seconds, Stopping threads took: 0.0000410 seconds
107.480: Application time: 0.0253240 seconds
107.480: [Full GC [PSYoungGen: 139264K->31783K(162304K)] [ParOldGen: 369975K->369975K(370176K)] 509239K->401758K(532480K) [PSPermGen: 13627K->13627K(21504K)], 0.0741610 secs] [Times: user=0.52 sys=0.00, real=0.08 secs] 
107.554: Total time for which application threads were stopped: 0.0748160 seconds, Stopping threads took: 0.0000690 seconds
107.579: Application time: 0.0249290 seconds
107.581: [Full GC [PSYoungGen: 139264K->31781K(162304K)] [ParOldGen: 369975K->369975K(370176K)] 509239K->401757K(532480K) [PSPermGen: 13627K->13627K(21504K)], 0.0740630 secs] [Times: user=0.52 sys=0.00, real=0.08 secs] 
107.655: Total time for which application threads were stopped: 0.0756350 seconds, Stopping threads took: 0.0010100 seconds
107.680: Application time: 0.0250190 seconds
107.681: [Full GC [PSYoungGen: 139264K->31798K(162304K)] [ParOldGen: 369975K->369975K(370176K)] 509239K->401773K(532480K) [PSPermGen: 13627K->13627K(21504K)], 0.0742550 secs] [Times: user=0.53 sys=0.00, real=0.08 secs] 
107.755: Total time for which application threads were stopped: 0.0749260 seconds, Stopping threads took: 0.0000800 seconds
107.780: Application time: 0.0248870 seconds
107.781: [Full GC [PSYoungGen: 139264K->31813K(162304K)] [ParOldGen: 369975K->369975K(370176K)] 509239K->401788K(532480K) [PSPermGen: 13627K->13627K(21504K)], 0.0738400 secs] [Times: user=0.52 sys=0.00, real=0.08 secs] 
107.854: Total time for which application threads were stopped: 0.0745500 seconds, Stopping threads took: 0.0000700 seconds
107.880: Application time: 0.0254200 seconds
107.880: [Full GC [PSYoungGen: 139264K->31828K(162304K)] [ParOldGen: 369975K->369975K(370176K)] 509239K->401804K(532480K) [PSPermGen: 13627K->13627K(21504K)], 0.0741690 secs] [Times: user=0.51 sys=0.00, real=0.08 secs] 
107.955: Total time for which application threads were stopped: 0.0748350 seconds, Stopping threads took: 0.0000710 seconds
107.980: Application time: 0.0251890 seconds
107.981: [Full GC [PSYoungGen: 139264K->31841K(162304K)] [ParOldGen: 369975K->369975K(370176K)] 509239K->401817K(532480K) [PSPermGen: 13627K->13627K(21504K)], 0.0739420 secs] [Times: user=0.52 sys=0.00, real=0.08 secs] 
108.055: Total time for which application threads were stopped: 0.0746600 seconds, Stopping threads took: 0.0000670 seconds
108.080: Application time: 0.0251090 seconds
108.080: [Full GC [PSYoungGen: 139264K->31861K(162304K)] [ParOldGen: 369975K->369975K(370176K)] 509239K->401836K(532480K) [PSPermGen: 13627K->13627K(21504K)], 0.0732590 secs] [Times: user=0.51 sys=0.00, real=0.08 secs] 
108.154: Total time for which application threads were stopped: 0.0739490 seconds, Stopping threads took: 0.0000590 seconds
108.179: Application time: 0.0250320 seconds
108.179: [Full GC [PSYoungGen: 139264K->31876K(162304K)] [ParOldGen: 369975K->369975K(370176K)] 509239K->401852K(532480K) [PSPermGen: 13627K->13627K(21504K)], 0.0731690 secs] [Times: user=0.51 sys=0.00, real=0.08 secs] 
108.252: Total time for which application threads were stopped: 0.0738550 seconds, Stopping threads took: 0.0000540 seconds
108.278: Application time: 0.0250700 seconds
108.278: [Full GC [PSYoungGen: 139264K->31891K(162304K)] [ParOldGen: 369975K->369975K(370176K)] 509239K->401866K(532480K) [PSPermGen: 13627K->13627K(21504K)], 0.0733390 secs] [Times: user=0.52 sys=0.00, real=0.07 secs] 
108.352: Total time for which application threads were stopped: 0.0740630 seconds, Stopping threads took: 0.0000580 seconds
108.376: Application time: 0.0247880 seconds
108.377: [Full GC [PSYoungGen: 139264K->31904K(162304K)] [ParOldGen: 369975K->369975K(370176K)] 509239K->401879K(532480K) [PSPermGen: 13627K->13627K(21504K)], 0.0731120 secs] [Times: user=0.52 sys=0.01, real=0.07 secs] 
108.450: Total time for which application threads were stopped: 0.0738100 seconds, Stopping threads took: 0.0000580 seconds
108.475: Application time: 0.0251350 seconds
108.476: [Full GC [PSYoungGen: 139264K->31921K(162304K)] [ParOldGen: 369975K->369975K(370176K)] 509239K->401896K(532480K) [PSPermGen: 13627K->13627K(21504K)], 0.0738090 secs] [Times: user=0.52 sys=0.00, real=0.07 secs] 
108.550: Total time for which application threads were stopped: 0.0744980 seconds, Stopping threads took: 0.0000530 seconds
108.575: Application time: 0.0250680 seconds
108.576: [Full GC [PSYoungGen: 139264K->31934K(162304K)] [ParOldGen: 369975K->369975K(370176K)] 509239K->401909K(532480K) [PSPermGen: 13627K->13627K(21504K)], 0.0736890 secs] [Times: user=0.52 sys=0.00, real=0.07 secs] 
108.649: Total time for which application threads were stopped: 0.0743180 seconds, Stopping threads took: 0.0000540 seconds
108.674: Application time: 0.0249610 seconds
108.675: [Full GC [PSYoungGen: 139264K->31949K(162304K)] [ParOldGen: 369975K->369975K(370176K)] 509239K->401924K(532480K) [PSPermGen: 13627K->13627K(21504K)], 0.0735880 secs] [Times: user=0.51 sys=0.00, real=0.07 secs] 
108.748: Total time for which application threads were stopped: 0.0742280 seconds, Stopping threads took: 0.0000540 seconds
108.773: Application time: 0.0249340 seconds
108.774: [Full GC [PSYoungGen: 139264K->31967K(162304K)] [ParOldGen: 369975K->369975K(370176K)] 509239K->401943K(532480K) [PSPermGen: 13627K->13627K(21504K)], 0.0730710 secs] [Times: user=0.51 sys=0.00, real=0.07 secs] 
108.847: Total time for which application threads were stopped: 0.0737620 seconds, Stopping threads took: 0.0000650 seconds
108.872: Application time: 0.0249050 seconds
108.873: [Full GC [PSYoungGen: 139264K->31980K(162304K)] [ParOldGen: 369975K->369975K(370176K)] 509239K->401956K(532480K) [PSPermGen: 13627K->13627K(21504K)], 0.0748080 secs] [Times: user=0.52 sys=0.01, real=0.07 secs] 
108.948: Total time for which application threads were stopped: 0.0754730 seconds, Stopping threads took: 0.0000530 seconds
108.973: Application time: 0.0253970 seconds
108.974: [Full GC [PSYoungGen: 139264K->31998K(162304K)] [ParOldGen: 369975K->369975K(370176K)] 509239K->401973K(532480K) [PSPermGen: 13627K->13627K(21504K)], 0.0739160 secs] [Times: user=0.52 sys=0.00, real=0.07 secs] 
109.047: Total time for which application threads were stopped: 0.0745300 seconds, Stopping threads took: 0.0000460 seconds
109.072: Application time: 0.0248940 seconds
109.073: [Full GC [PSYoungGen: 139264K->32013K(162304K)] [ParOldGen: 369975K->369975K(370176K)] 509239K->401989K(532480K) [PSPermGen: 13627K->13627K(21504K)], 0.0730870 secs] [Times: user=0.51 sys=0.00, real=0.07 secs] 
109.146: Total time for which application threads were stopped: 0.0737700 seconds, Stopping threads took: 0.0000400 seconds
109.171: Application time: 0.0249430 seconds
109.172: [Full GC [PSYoungGen: 139264K->32027K(162304K)] [ParOldGen: 369975K->369975K(370176K)] 509239K->402003K(532480K) [PSPermGen: 13627K->13627K(21504K)], 0.0736800 secs] [Times: user=0.52 sys=0.00, real=0.08 secs] 
109.246: Total time for which application threads were stopped: 0.0744130 seconds, Stopping threads took: 0.0000730 seconds
109.271: Application time: 0.0250100 seconds
109.271: [Full GC [PSYoungGen: 139264K->32045K(162304K)] [ParOldGen: 369975K->369975K(370176K)] 509239K->402021K(532480K) [PSPermGen: 13627K->13627K(21504K)], 0.0735460 secs] [Times: user=0.51 sys=0.00, real=0.08 secs] 
109.345: Total time for which application threads were stopped: 0.0741890 seconds, Stopping threads took: 0.0000510 seconds
109.370: Application time: 0.0251290 seconds
109.370: [Full GC [PSYoungGen: 139264K->32063K(162304K)] [ParOldGen: 369975K->369975K(370176K)] 509239K->402039K(532480K) [PSPermGen: 13627K->13627K(21504K)], 0.0731790 secs] [Times: user=0.51 sys=0.01, real=0.07 secs] 
109.444: Total time for which application threads were stopped: 0.0738750 seconds, Stopping threads took: 0.0000540 seconds
109.469: Application time: 0.0255320 seconds
109.470: [Full GC [PSYoungGen: 139264K->31967K(162304K)] [ParOldGen: 369975K->369975K(370176K)] 509239K->401943K(532480K) [PSPermGen: 13627K->13627K(21504K)], 0.0735550 secs] [Times: user=0.52 sys=0.00, real=0.07 secs] 
109.543: Total time for which application threads were stopped: 0.0741950 seconds, Stopping threads took: 0.0000590 seconds
109.568: Application time: 0.0248960 seconds
109.569: [Full GC [PSYoungGen: 139264K->31951K(162304K)] [ParOldGen: 369975K->369975K(370176K)] 509239K->401926K(532480K) [PSPermGen: 13627K->13627K(21504K)], 0.0738880 secs] [Times: user=0.52 sys=0.00, real=0.07 secs] 
109.643: Total time for which application threads were stopped: 0.0745840 seconds, Stopping threads took: 0.0000550 seconds
109.668: Application time: 0.0248890 seconds
109.668: [Full GC [PSYoungGen: 139264K->31963K(162304K)] [ParOldGen: 369975K->369975K(370176K)] 509239K->401939K(532480K) [PSPermGen: 13627K->13627K(21504K)], 0.0733690 secs] [Times: user=0.52 sys=0.00, real=0.07 secs] 
109.742: Total time for which application threads were stopped: 0.0740640 seconds, Stopping threads took: 0.0000550 seconds
109.767: Application time: 0.0250450 seconds
109.768: [Full GC [PSYoungGen: 139264K->31981K(162304K)] [ParOldGen: 369975K->369975K(370176K)] 509239K->401956K(532480K) [PSPermGen: 13627K->13627K(21504K)], 0.0739090 secs] [Times: user=0.52 sys=0.00, real=0.07 secs] 
109.841: Total time for which application threads were stopped: 0.0745160 seconds, Stopping threads took: 0.0000510 seconds
109.869: Application time: 0.0273040 seconds
109.870: [Full GC [PSYoungGen: 139264K->31750K(162304K)] [ParOldGen: 369975K->369975K(370176K)] 509239K->401726K(532480K) [PSPermGen: 13627K->13627K(21504K)], 0.0737260 secs] [Times: user=0.51 sys=0.00, real=0.07 secs] 
109.943: Total time for which application threads were stopped: 0.0745850 seconds, Stopping threads took: 0.0002650 seconds
109.968: Application time: 0.0251010 seconds
109.969: [Full GC [PSYoungGen: 139264K->31729K(162304K)] [ParOldGen: 369975K->369975K(370176K)] 509239K->401704K(532480K) [PSPermGen: 13627K->13627K(21504K)], 0.0736540 secs] [Times: user=0.52 sys=0.00, real=0.07 secs] 
110.043: Total time for which application threads were stopped: 0.0743380 seconds, Stopping threads took: 0.0000450 seconds
110.068: Application time: 0.0252540 seconds
110.069: [Full GC [PSYoungGen: 139264K->31740K(162304K)] [ParOldGen: 369975K->369975K(370176K)] 509239K->401716K(532480K) [PSPermGen: 13627K->13627K(21504K)], 0.0742570 secs] [Times: user=0.53 sys=0.00, real=0.07 secs] 
110.143: Total time for which application threads were stopped: 0.0749500 seconds, Stopping threads took: 0.0000700 seconds
110.168: Application time: 0.0249800 seconds
110.169: [Full GC [PSYoungGen: 139264K->31759K(162304K)] [ParOldGen: 369975K->369975K(370176K)] 509239K->401735K(532480K) [PSPermGen: 13627K->13627K(21504K)], 0.0745440 secs] [Times: user=0.52 sys=0.00, real=0.07 secs] 
110.243: Total time for which application threads were stopped: 0.0752460 seconds, Stopping threads took: 0.0000540 seconds
110.268: Application time: 0.0248820 seconds
110.269: [Full GC [PSYoungGen: 139264K->31775K(162304K)] [ParOldGen: 369975K->369975K(370176K)] 509239K->401750K(532480K) [PSPermGen: 13627K->13627K(21504K)], 0.0735000 secs] [Times: user=0.52 sys=0.00, real=0.07 secs] 
110.342: Total time for which application threads were stopped: 0.0742100 seconds, Stopping threads took: 0.0000570 seconds
110.367: Application time: 0.0248940 seconds
110.368: [Full GC [PSYoungGen: 139264K->31791K(162304K)] [ParOldGen: 369975K->369975K(370176K)] 509239K->401767K(532480K) [PSPermGen: 13627K->13627K(21504K)], 0.0738020 secs] [Times: user=0.52 sys=0.00, real=0.07 secs] 
110.442: Total time for which application threads were stopped: 0.0745100 seconds, Stopping threads took: 0.0000600 seconds
110.467: Application time: 0.0251880 seconds
110.468: [Full GC [PSYoungGen: 139264K->31808K(162304K)] [ParOldGen: 369975K->369975K(370176K)] 509239K->401783K(532480K) [PSPermGen: 13627K->13627K(21504K)], 0.0738890 secs] [Times: user=0.52 sys=0.00, real=0.07 secs] 
110.542: Total time for which application threads were stopped: 0.0745830 seconds, Stopping threads took: 0.0000570 seconds
110.567: Application time: 0.0251890 seconds
110.567: [Full GC [PSYoungGen: 139264K->31822K(162304K)] [ParOldGen: 369975K->369975K(370176K)] 509239K->401797K(532480K) [PSPermGen: 13627K->13627K(21504K)], 0.0742750 secs] [Times: user=0.52 sys=0.00, real=0.07 secs] 
110.642: Total time for which application threads were stopped: 0.0748870 seconds, Stopping threads took: 0.0000490 seconds
110.667: Application time: 0.0250940 seconds
110.667: [Full GC [PSYoungGen: 139264K->31840K(162304K)] [ParOldGen: 369975K->369975K(370176K)] 509239K->401815K(532480K) [PSPermGen: 13627K->13627K(21504K)], 0.0741220 secs] [Times: user=0.53 sys=0.00, real=0.07 secs] 
110.741: Total time for which application threads were stopped: 0.0747410 seconds, Stopping threads took: 0.0000580 seconds
110.767: Application time: 0.0252790 seconds
110.767: [Full GC [PSYoungGen: 139264K->31854K(162304K)] [ParOldGen: 369975K->369975K(370176K)] 509239K->401829K(532480K) [PSPermGen: 13627K->13627K(21504K)], 0.0736470 secs] [Times: user=0.51 sys=0.01, real=0.07 secs] 
110.841: Total time for which application threads were stopped: 0.0743440 seconds, Stopping threads took: 0.0000700 seconds
110.866: Application time: 0.0250340 seconds
110.867: [Full GC [PSYoungGen: 139264K->31868K(162304K)] [ParOldGen: 369975K->369975K(370176K)] 509239K->401843K(532480K) [PSPermGen: 13627K->13627K(21504K)], 0.0737260 secs] [Times: user=0.51 sys=0.00, real=0.07 secs] 
110.941: Total time for which application threads were stopped: 0.0743890 seconds, Stopping threads took: 0.0000500 seconds
110.967: Application time: 0.0261050 seconds
110.967: [Full GC [PSYoungGen: 139264K->31884K(162304K)] [ParOldGen: 369975K->369975K(370176K)] 509239K->401859K(532480K) [PSPermGen: 13627K->13627K(21504K)], 0.0744590 secs] [Times: user=0.52 sys=0.00, real=0.07 secs] 
111.042: Total time for which application threads were stopped: 0.0751360 seconds, Stopping threads took: 0.0000470 seconds
111.054: Application time: 0.0121240 seconds
111.055: Total time for which application threads were stopped: 0.0006100 seconds, Stopping threads took: 0.0000550 seconds
111.068: Application time: 0.0133170 seconds
111.068: [Full GC [PSYoungGen: 139264K->31842K(162304K)] [ParOldGen: 369975K->369975K(370176K)] 509239K->401818K(532480K) [PSPermGen: 13627K->13627K(21504K)], 0.0732670 secs] [Times: user=0.51 sys=0.00, real=0.07 secs] 
111.142: Total time for which application threads were stopped: 0.0739190 seconds, Stopping threads took: 0.0000580 seconds
111.167: Application time: 0.0255350 seconds
111.168: [Full GC [PSYoungGen: 139264K->31789K(162304K)] [ParOldGen: 369975K->369975K(370176K)] 509239K->401764K(532480K) [PSPermGen: 13627K->13627K(21504K)], 0.0747040 secs] [Times: user=0.51 sys=0.00, real=0.07 secs] 
111.243: Total time for which application threads were stopped: 0.0753650 seconds, Stopping threads took: 0.0000690 seconds
111.268: Application time: 0.0251470 seconds
111.268: [Full GC [PSYoungGen: 139264K->31788K(162304K)] [ParOldGen: 369975K->369975K(370176K)] 509239K->401763K(532480K) [PSPermGen: 13627K->13627K(21504K)], 0.0729650 secs] [Times: user=0.51 sys=0.00, real=0.07 secs] 
111.341: Total time for which application threads were stopped: 0.0736250 seconds, Stopping threads took: 0.0000740 seconds
111.367: Application time: 0.0254010 seconds
111.367: [Full GC [PSYoungGen: 139264K->31803K(162304K)] [ParOldGen: 369975K->369975K(370176K)] 509239K->401778K(532480K) [PSPermGen: 13627K->13627K(21504K)], 0.0739150 secs] [Times: user=0.52 sys=0.01, real=0.07 secs] 
111.441: Total time for which application threads were stopped: 0.0745280 seconds, Stopping threads took: 0.0000520 seconds
111.466: Application time: 0.0249490 seconds
111.467: [Full GC [PSYoungGen: 139264K->31818K(162304K)] [ParOldGen: 369975K->369975K(370176K)] 509239K->401794K(532480K) [PSPermGen: 13627K->13627K(21504K)], 0.0743960 secs] [Times: user=0.52 sys=0.00, real=0.07 secs] 
111.541: Total time for which application threads were stopped: 0.0750720 seconds, Stopping threads took: 0.0000490 seconds
111.566: Application time: 0.0250080 seconds
111.567: [Full GC [PSYoungGen: 139264K->31834K(162304K)] [ParOldGen: 369975K->369975K(370176K)] 509239K->401810K(532480K) [PSPermGen: 13627K->13627K(21504K)], 0.0735640 secs] [Times: user=0.52 sys=0.00, real=0.07 secs] 
111.641: Total time for which application threads were stopped: 0.0742550 seconds, Stopping threads took: 0.0000550 seconds
111.666: Application time: 0.0252690 seconds
111.667: [Full GC [PSYoungGen: 139264K->31847K(162304K)] [ParOldGen: 369975K->369975K(370176K)] 509239K->401822K(532480K) [PSPermGen: 13627K->13627K(21504K)], 0.0739330 secs] [Times: user=0.51 sys=0.00, real=0.07 secs] 
111.740: Total time for which application threads were stopped: 0.0745540 seconds, Stopping threads took: 0.0000610 seconds
111.766: Application time: 0.0253160 seconds
111.766: [Full GC [PSYoungGen: 139264K->31867K(162304K)] [ParOldGen: 369975K->369975K(370176K)] 509239K->401842K(532480K) [PSPermGen: 13627K->13627K(21504K)], 0.0733800 secs] [Times: user=0.51 sys=0.01, real=0.07 secs] 
111.840: Total time for which application threads were stopped: 0.0740650 seconds, Stopping threads took: 0.0000570 seconds
111.865: Application time: 0.0249110 seconds
111.865: [Full GC [PSYoungGen: 139264K->31880K(162304K)] [ParOldGen: 369975K->369975K(370176K)] 509239K->401855K(532480K) [PSPermGen: 13627K->13627K(21504K)], 0.0739260 secs] [Times: user=0.52 sys=0.00, real=0.07 secs] 
111.939: Total time for which application threads were stopped: 0.0746290 seconds, Stopping threads took: 0.0000570 seconds
111.966: Application time: 0.0261040 seconds
111.966: [Full GC [PSYoungGen: 139264K->31896K(162304K)] [ParOldGen: 369975K->369975K(370176K)] 509239K->401871K(532480K) [PSPermGen: 13627K->13627K(21504K)], 0.0730140 secs] [Times: user=0.51 sys=0.01, real=0.07 secs] 
112.039: Total time for which application threads were stopped: 0.0736970 seconds, Stopping threads took: 0.0000460 seconds
112.064: Application time: 0.0249260 seconds
112.065: [Full GC [PSYoungGen: 139264K->31911K(162304K)] [ParOldGen: 369975K->369975K(370176K)] 509239K->401887K(532480K) [PSPermGen: 13627K->13627K(21504K)], 0.0735460 secs] [Times: user=0.50 sys=0.01, real=0.07 secs] 
112.138: Total time for which application threads were stopped: 0.0742150 seconds, Stopping threads took: 0.0000530 seconds
112.163: Application time: 0.0249000 seconds
112.164: [Full GC [PSYoungGen: 139264K->31926K(162304K)] [ParOldGen: 369975K->369975K(370176K)] 509239K->401901K(532480K) [PSPermGen: 13627K->13627K(21504K)], 0.0735970 secs] [Times: user=0.52 sys=0.00, real=0.08 secs] 
112.238: Total time for which application threads were stopped: 0.0742360 seconds, Stopping threads took: 0.0000780 seconds
112.262: Application time: 0.0249540 seconds
112.263: [Full GC [PSYoungGen: 139264K->31941K(162304K)] [ParOldGen: 369975K->369975K(370176K)] 509239K->401916K(532480K) [PSPermGen: 13627K->13627K(21504K)], 0.0734790 secs] [Times: user=0.52 sys=0.00, real=0.08 secs] 
112.337: Total time for which application threads were stopped: 0.0741060 seconds, Stopping threads took: 0.0000550 seconds
112.362: Application time: 0.0249360 seconds
112.362: [Full GC [PSYoungGen: 139264K->31957K(162304K)] [ParOldGen: 369975K->369975K(370176K)] 509239K->401933K(532480K) [PSPermGen: 13627K->13627K(21504K)], 0.0740740 secs] [Times: user=0.52 sys=0.00, real=0.08 secs] 
112.436: Total time for which application threads were stopped: 0.0748280 seconds, Stopping threads took: 0.0000760 seconds
112.462: Application time: 0.0252650 seconds
112.462: [Full GC [PSYoungGen: 139264K->31972K(162304K)] [ParOldGen: 369975K->369975K(370176K)] 509239K->401947K(532480K) [PSPermGen: 13627K->13627K(21504K)], 0.0737580 secs] [Times: user=0.52 sys=0.01, real=0.08 secs] 
112.536: Total time for which application threads were stopped: 0.0744630 seconds, Stopping threads took: 0.0000630 seconds
112.561: Application time: 0.0253590 seconds
112.562: [Full GC [PSYoungGen: 139264K->31988K(162304K)] [ParOldGen: 369975K->369975K(370176K)] 509239K->401963K(532480K) [PSPermGen: 13627K->13627K(21504K)], 0.0729030 secs] [Times: user=0.52 sys=0.00, real=0.08 secs] 
112.635: Total time for which application threads were stopped: 0.0736090 seconds, Stopping threads took: 0.0000650 seconds
112.660: Application time: 0.0250840 seconds
112.661: [Full GC [PSYoungGen: 139264K->32004K(162304K)] [ParOldGen: 369975K->369975K(370176K)] 509239K->401979K(532480K) [PSPermGen: 13627K->13627K(21504K)], 0.0738520 secs] [Times: user=0.52 sys=0.00, real=0.08 secs] 
112.735: Total time for which application threads were stopped: 0.0744860 seconds, Stopping threads took: 0.0000590 seconds
112.760: Application time: 0.0252400 seconds
112.761: [Full GC [PSYoungGen: 139264K->32017K(162304K)] [ParOldGen: 369975K->369975K(370176K)] 509239K->401992K(532480K) [PSPermGen: 13627K->13627K(21504K)], 0.0734840 secs] [Times: user=0.52 sys=0.00, real=0.08 secs] 
112.834: Total time for which application threads were stopped: 0.0741890 seconds, Stopping threads took: 0.0000740 seconds
112.859: Application time: 0.0254020 seconds
112.860: [Full GC [PSYoungGen: 139264K->32033K(162304K)] [ParOldGen: 369975K->369975K(370176K)] 509239K->402009K(532480K) [PSPermGen: 13627K->13627K(21504K)], 0.0733070 secs] [Times: user=0.51 sys=0.00, real=0.08 secs] 
112.933: Total time for which application threads were stopped: 0.0740060 seconds, Stopping threads took: 0.0000660 seconds
112.960: Application time: 0.0268140 seconds
112.961: [Full GC [PSYoungGen: 139264K->31942K(162304K)] [ParOldGen: 369975K->369975K(370176K)] 509239K->401917K(532480K) [PSPermGen: 13627K->13627K(21504K)], 0.0726620 secs] [Times: user=0.51 sys=0.00, real=0.08 secs] 
113.034: Total time for which application threads were stopped: 0.0733840 seconds, Stopping threads took: 0.0000750 seconds
113.059: Application time: 0.0253390 seconds
113.060: [Full GC [PSYoungGen: 139264K->31925K(162304K)] [ParOldGen: 369975K->369975K(370176K)] 509239K->401901K(532480K) [PSPermGen: 13627K->13627K(21504K)], 0.0737460 secs] [Times: user=0.52 sys=0.00, real=0.08 secs] 
113.133: Total time for which application threads were stopped: 0.0743510 seconds, Stopping threads took: 0.0000500 seconds
113.158: Application time: 0.0250020 seconds
113.159: [Full GC [PSYoungGen: 139264K->31940K(162304K)] [ParOldGen: 369975K->369975K(370176K)] 509239K->401915K(532480K) [PSPermGen: 13627K->13627K(21504K)], 0.0743440 secs] [Times: user=0.52 sys=0.00, real=0.08 secs] 
113.233: Total time for which application threads were stopped: 0.0749430 seconds, Stopping threads took: 0.0000420 seconds
113.258: Application time: 0.0251650 seconds
113.259: [Full GC [PSYoungGen: 139264K->31957K(162304K)] [ParOldGen: 369975K->369975K(370176K)] 509239K->401932K(532480K) [PSPermGen: 13627K->13627K(21504K)], 0.0731320 secs] [Times: user=0.51 sys=0.00, real=0.07 secs] 
113.332: Total time for which application threads were stopped: 0.0738120 seconds, Stopping threads took: 0.0000280 seconds
113.357: Application time: 0.0251680 seconds
113.358: [Full GC [PSYoungGen: 139264K->31972K(162304K)] [ParOldGen: 369975K->369975K(370176K)] 509239K->401947K(532480K) [PSPermGen: 13627K->13627K(21504K)], 0.0731860 secs] [Times: user=0.51 sys=0.00, real=0.07 secs] 
113.431: Total time for which application threads were stopped: 0.0738930 seconds, Stopping threads took: 0.0000560 seconds
113.457: Application time: 0.0253480 seconds
113.457: [Full GC [PSYoungGen: 139264K->31933K(162304K)] [ParOldGen: 369975K->369975K(370176K)] 509239K->401908K(532480K) [PSPermGen: 13627K->13627K(21504K)], 0.0733980 secs] [Times: user=0.52 sys=0.00, real=0.07 secs] 
113.531: Total time for which application threads were stopped: 0.0741130 seconds, Stopping threads took: 0.0000730 seconds
113.557: Application time: 0.0265440 seconds
113.558: [Full GC [PSYoungGen: 139264K->31768K(162304K)] [ParOldGen: 369975K->369975K(370176K)] 509239K->401744K(532480K) [PSPermGen: 13627K->13627K(21504K)], 0.0735710 secs] [Times: user=0.52 sys=0.00, real=0.07 secs] 
113.632: Total time for which application threads were stopped: 0.0742900 seconds, Stopping threads took: 0.0000780 seconds
113.657: Application time: 0.0252860 seconds
113.658: [Full GC [PSYoungGen: 139264K->31737K(162304K)] [ParOldGen: 369975K->369975K(370176K)] 509239K->401712K(532480K) [PSPermGen: 13627K->13627K(21504K)], 0.0737440 secs] [Times: user=0.52 sys=0.00, real=0.07 secs] 
113.731: Total time for which application threads were stopped: 0.0744110 seconds, Stopping threads took: 0.0000490 seconds
113.757: Application time: 0.0251420 seconds
113.757: [Full GC [PSYoungGen: 139264K->31751K(162304K)] [ParOldGen: 369975K->369975K(370176K)] 509239K->401727K(532480K) [PSPermGen: 13627K->13627K(21504K)], 0.0740550 secs] [Times: user=0.51 sys=0.00, real=0.07 secs] 
113.831: Total time for which application threads were stopped: 0.0747580 seconds, Stopping threads took: 0.0000570 seconds
113.856: Application time: 0.0248280 seconds
113.857: [Full GC [PSYoungGen: 139264K->31765K(162304K)] [ParOldGen: 369975K->369975K(370176K)] 509239K->401741K(532480K) [PSPermGen: 13627K->13627K(21504K)], 0.0739570 secs] [Times: user=0.52 sys=0.00, real=0.07 secs] 
113.931: Total time for which application threads were stopped: 0.0745900 seconds, Stopping threads took: 0.0000600 seconds
113.956: Application time: 0.0257050 seconds
113.957: [Full GC [PSYoungGen: 139264K->31783K(162304K)] [ParOldGen: 369975K->369975K(370176K)] 509239K->401758K(532480K) [PSPermGen: 13627K->13627K(21504K)], 0.0737090 secs] [Times: user=0.51 sys=0.01, real=0.07 secs] 
114.031: Total time for which application threads were stopped: 0.0743980 seconds, Stopping threads took: 0.0000460 seconds
114.056: Application time: 0.0248890 seconds
114.056: [Full GC [PSYoungGen: 139264K->31795K(162304K)] [ParOldGen: 369975K->369975K(370176K)] 509239K->401771K(532480K) [PSPermGen: 13627K->13627K(21504K)], 0.0741470 secs] [Times: user=0.51 sys=0.01, real=0.07 secs] 
114.131: Total time for which application threads were stopped: 0.0748200 seconds, Stopping threads took: 0.0000550 seconds
114.156: Application time: 0.0249520 seconds
114.156: [Full GC [PSYoungGen: 139264K->31812K(162304K)] [ParOldGen: 369975K->369975K(370176K)] 509239K->401787K(532480K) [PSPermGen: 13627K->13627K(21504K)], 0.0748100 secs] [Times: user=0.52 sys=0.00, real=0.07 secs] 
114.231: Total time for which application threads were stopped: 0.0754580 seconds, Stopping threads took: 0.0000470 seconds
114.256: Application time: 0.0252730 seconds
114.257: [Full GC [PSYoungGen: 139264K->31827K(162304K)] [ParOldGen: 369975K->369975K(370176K)] 509239K->401803K(532480K) [PSPermGen: 13627K->13627K(21504K)], 0.0735060 secs] [Times: user=0.52 sys=0.01, real=0.07 secs] 
114.330: Total time for which application threads were stopped: 0.0742020 seconds, Stopping threads took: 0.0000460 seconds
114.356: Application time: 0.0251390 seconds
114.356: [Full GC [PSYoungGen: 139264K->31842K(162304K)] [ParOldGen: 369975K->369975K(370176K)] 509239K->401818K(532480K) [PSPermGen: 13627K->13627K(21504K)], 0.0736810 secs] [Times: user=0.52 sys=0.00, real=0.07 secs] 
114.430: Total time for which application threads were stopped: 0.0743950 seconds, Stopping threads took: 0.0000520 seconds
114.455: Application time: 0.0252070 seconds
114.456: [Full GC [PSYoungGen: 139264K->31853K(162304K)] [ParOldGen: 369975K->369975K(370176K)] 509239K->401829K(532480K) [PSPermGen: 13627K->13627K(21504K)], 0.0738020 secs] [Times: user=0.52 sys=0.00, real=0.07 secs] 
114.530: Total time for which application threads were stopped: 0.0744660 seconds, Stopping threads took: 0.0000500 seconds
114.555: Application time: 0.0252370 seconds
114.556: [Full GC [PSYoungGen: 139264K->31875K(162304K)] [ParOldGen: 369975K->369975K(370176K)] 509239K->401851K(532480K) [PSPermGen: 13627K->13627K(21504K)], 0.0731870 secs] [Times: user=0.51 sys=0.01, real=0.07 secs] 
114.629: Total time for which application threads were stopped: 0.0738950 seconds, Stopping threads took: 0.0000610 seconds
114.654: Application time: 0.0251920 seconds
114.655: [Full GC [PSYoungGen: 139264K->31890K(162304K)] [ParOldGen: 369975K->369975K(370176K)] 509239K->401866K(532480K) [PSPermGen: 13627K->13627K(21504K)], 0.0731260 secs] [Times: user=0.51 sys=0.00, real=0.07 secs] 
114.728: Total time for which application threads were stopped: 0.0738690 seconds, Stopping threads took: 0.0000910 seconds
114.753: Application time: 0.0250620 seconds
114.754: [Full GC [PSYoungGen: 139264K->31906K(162304K)] [ParOldGen: 369975K->369975K(370176K)] 509239K->401881K(532480K) [PSPermGen: 13627K->13627K(21504K)], 0.0730900 secs] [Times: user=0.52 sys=0.00, real=0.07 secs] 
114.827: Total time for which application threads were stopped: 0.0738350 seconds, Stopping threads took: 0.0000820 seconds
114.852: Application time: 0.0252940 seconds
114.853: [Full GC [PSYoungGen: 139264K->31866K(162304K)] [ParOldGen: 369975K->369975K(370176K)] 509239K->401841K(532480K) [PSPermGen: 13627K->13627K(21504K)], 0.0732580 secs] [Times: user=0.52 sys=0.00, real=0.07 secs] 
114.928: Total time for which application threads were stopped: 0.0754310 seconds, Stopping threads took: 0.0000480 seconds
114.956: Application time: 0.0281100 seconds
114.956: [Full GC [PSYoungGen: 139264K->31798K(162304K)] [ParOldGen: 369975K->369975K(370176K)] 509239K->401773K(532480K) [PSPermGen: 13628K->13628K(21504K)], 0.0734600 secs] [Times: user=0.51 sys=0.01, real=0.07 secs] 
115.030: Total time for which application threads were stopped: 0.0741580 seconds, Stopping threads took: 0.0000670 seconds
115.055: Application time: 0.0249690 seconds
115.055: [Full GC [PSYoungGen: 139264K->31811K(162304K)] [ParOldGen: 369975K->369975K(370176K)] 509239K->401786K(532480K) [PSPermGen: 13628K->13628K(21504K)], 0.0746360 secs] [Times: user=0.52 sys=0.00, real=0.07 secs] 
115.130: Total time for which application threads were stopped: 0.0752740 seconds, Stopping threads took: 0.0000720 seconds
115.155: Application time: 0.0249140 seconds
115.156: [Full GC [PSYoungGen: 139264K->31825K(162304K)] [ParOldGen: 369975K->369975K(370176K)] 509239K->401800K(532480K) [PSPermGen: 13628K->13628K(21504K)], 0.0733200 secs] [Times: user=0.51 sys=0.00, real=0.07 secs] 
115.229: Total time for which application threads were stopped: 0.0740250 seconds, Stopping threads took: 0.0000770 seconds
115.254: Application time: 0.0250700 seconds
115.255: [Full GC [PSYoungGen: 139264K->31840K(162304K)] [ParOldGen: 369975K->369975K(370176K)] 509239K->401815K(532480K) [PSPermGen: 13628K->13628K(21504K)], 0.0740840 secs] [Times: user=0.52 sys=0.00, real=0.07 secs] 
115.329: Total time for which application threads were stopped: 0.0747740 seconds, Stopping threads took: 0.0000510 seconds
115.354: Application time: 0.0251160 seconds
115.355: [Full GC [PSYoungGen: 139264K->31856K(162304K)] [ParOldGen: 369975K->369975K(370176K)] 509239K->401832K(532480K) [PSPermGen: 13628K->13628K(21504K)], 0.0738610 secs] [Times: user=0.51 sys=0.00, real=0.07 secs] 
115.428: Total time for which application threads were stopped: 0.0744910 seconds, Stopping threads took: 0.0000710 seconds
115.453: Application time: 0.0249770 seconds
115.454: [Full GC [PSYoungGen: 139264K->31872K(162304K)] [ParOldGen: 369975K->369975K(370176K)] 509239K->401848K(532480K) [PSPermGen: 13628K->13628K(21504K)], 0.0732030 secs] [Times: user=0.52 sys=0.01, real=0.07 secs] 
115.527: Total time for which application threads were stopped: 0.0739040 seconds, Stopping threads took: 0.0000580 seconds
115.552: Application time: 0.0246140 seconds
115.553: [Full GC [PSYoungGen: 139264K->31881K(162304K)] [ParOldGen: 369975K->369975K(370176K)] 509239K->401856K(532480K) [PSPermGen: 13628K->13628K(21504K)], 0.0747270 secs] [Times: user=0.53 sys=0.00, real=0.07 secs] 
115.627: Total time for which application threads were stopped: 0.0753660 seconds, Stopping threads took: 0.0000640 seconds
115.653: Application time: 0.0252680 seconds
115.653: [Full GC [PSYoungGen: 139264K->31902K(162304K)] [ParOldGen: 369975K->369975K(370176K)] 509239K->401877K(532480K) [PSPermGen: 13628K->13628K(21504K)], 0.0735390 secs] [Times: user=0.51 sys=0.00, real=0.07 secs] 
115.727: Total time for which application threads were stopped: 0.0742200 seconds, Stopping threads took: 0.0000450 seconds
115.752: Application time: 0.0248960 seconds
115.752: [Full GC [PSYoungGen: 139264K->31915K(162304K)] [ParOldGen: 369975K->369975K(370176K)] 509239K->401891K(532480K) [PSPermGen: 13628K->13628K(21504K)], 0.0735030 secs] [Times: user=0.52 sys=0.01, real=0.07 secs] 
115.826: Total time for which application threads were stopped: 0.0742010 seconds, Stopping threads took: 0.0000650 seconds
115.851: Application time: 0.0250520 seconds
115.852: [Full GC [PSYoungGen: 139264K->31933K(162304K)] [ParOldGen: 369975K->369975K(370176K)] 509239K->401908K(532480K) [PSPermGen: 13628K->13628K(21504K)], 0.0737610 secs] [Times: user=0.50 sys=0.02, real=0.08 secs] 
115.925: Total time for which application threads were stopped: 0.0744690 seconds, Stopping threads took: 0.0000570 seconds
115.951: Application time: 0.0256410 seconds
115.952: [Full GC [PSYoungGen: 139264K->31948K(162304K)] [ParOldGen: 369975K->369975K(370176K)] 509239K->401923K(532480K) [PSPermGen: 13628K->13628K(21504K)], 0.0745640 secs] [Times: user=0.50 sys=0.00, real=0.08 secs] 
116.026: Total time for which application threads were stopped: 0.0752700 seconds, Stopping threads took: 0.0000580 seconds
116.051: Application time: 0.0250910 seconds
116.052: [Full GC [PSYoungGen: 139264K->31965K(162304K)] [ParOldGen: 369975K->369975K(370176K)] 509239K->401940K(532480K) [PSPermGen: 13628K->13628K(21504K)], 0.0750990 secs] [Times: user=0.52 sys=0.00, real=0.08 secs] 
116.127: Total time for which application threads were stopped: 0.0757490 seconds, Stopping threads took: 0.0000620 seconds
116.152: Application time: 0.0252300 seconds
116.153: [Full GC [PSYoungGen: 139264K->31980K(162304K)] [ParOldGen: 369975K->369975K(370176K)] 509239K->401955K(532480K) [PSPermGen: 13628K->13628K(21504K)], 0.0737340 secs] [Times: user=0.52 sys=0.00, real=0.07 secs] 
116.227: Total time for which application threads were stopped: 0.0744320 seconds, Stopping threads took: 0.0000590 seconds
116.252: Application time: 0.0252730 seconds
116.253: [Full GC [PSYoungGen: 139264K->31994K(162304K)] [ParOldGen: 369975K->369975K(370176K)] 509239K->401969K(532480K) [PSPermGen: 13628K->13628K(21504K)], 0.0744420 secs] [Times: user=0.52 sys=0.00, real=0.07 secs] 
116.327: Total time for which application threads were stopped: 0.0750770 seconds, Stopping threads took: 0.0000620 seconds
116.352: Application time: 0.0251500 seconds
116.353: [Full GC [PSYoungGen: 139264K->32009K(162304K)] [ParOldGen: 369975K->369975K(370176K)] 509239K->401984K(532480K) [PSPermGen: 13628K->13628K(21504K)], 0.0740830 secs] [Times: user=0.52 sys=0.01, real=0.07 secs] 
116.427: Total time for which application threads were stopped: 0.0748070 seconds, Stopping threads took: 0.0000690 seconds
116.452: Application time: 0.0252550 seconds
116.453: [Full GC [PSYoungGen: 139264K->32017K(162304K)] [ParOldGen: 369975K->369975K(370176K)] 509239K->401993K(532480K) [PSPermGen: 13628K->13628K(21504K)], 0.0737960 secs] [Times: user=0.52 sys=0.00, real=0.07 secs] 
116.527: Total time for which application threads were stopped: 0.0745040 seconds, Stopping threads took: 0.0000460 seconds
116.530: Application time: 0.0032940 seconds
116.531: Total time for which application threads were stopped: 0.0006020 seconds, Stopping threads took: 0.0000570 seconds
116.553: Application time: 0.0223990 seconds
116.554: [Full GC [PSYoungGen: 139264K->31918K(162304K)] [ParOldGen: 369975K->369975K(370176K)] 509239K->401894K(532480K) [PSPermGen: 13628K->13628K(21504K)], 0.0738980 secs] [Times: user=0.52 sys=0.00, real=0.07 secs] 
116.628: Total time for which application threads were stopped: 0.0745160 seconds, Stopping threads took: 0.0000590 seconds
116.653: Application time: 0.0252110 seconds
116.654: [Full GC [PSYoungGen: 139264K->31917K(162304K)] [ParOldGen: 369975K->369975K(370176K)] 509239K->401893K(532480K) [PSPermGen: 13628K->13628K(21504K)], 0.0734430 secs] [Times: user=0.51 sys=0.01, real=0.07 secs] 
116.727: Total time for which application threads were stopped: 0.0741320 seconds, Stopping threads took: 0.0000500 seconds
116.752: Application time: 0.0251300 seconds
116.753: [Full GC [PSYoungGen: 139264K->31930K(162304K)] [ParOldGen: 369975K->369975K(370176K)] 509239K->401906K(532480K) [PSPermGen: 13628K->13628K(21504K)], 0.0735660 secs] [Times: user=0.52 sys=0.00, real=0.07 secs] 
116.827: Total time for which application threads were stopped: 0.0742730 seconds, Stopping threads took: 0.0000640 seconds
116.852: Application time: 0.0252260 seconds
116.853: [Full GC [PSYoungGen: 139264K->31947K(162304K)] [ParOldGen: 369975K->369975K(370176K)] 509239K->401923K(532480K) [PSPermGen: 13628K->13628K(21504K)], 0.0793370 secs] [Times: user=0.52 sys=0.01, real=0.08 secs] 
116.933: Total time for which application threads were stopped: 0.0809180 seconds, Stopping threads took: 0.0007650 seconds
116.959: Application time: 0.0266850 seconds
116.960: [Full GC [PSYoungGen: 139264K->31900K(162304K)] [ParOldGen: 369975K->369975K(370176K)] 509239K->401875K(532480K) [PSPermGen: 13628K->13628K(21504K)], 0.0739640 secs] [Times: user=0.52 sys=0.00, real=0.08 secs] 
117.034: Total time for which application threads were stopped: 0.0745880 seconds, Stopping threads took: 0.0000520 seconds
117.060: Application time: 0.0256230 seconds
117.060: [Full GC [PSYoungGen: 139264K->31907K(162304K)] [ParOldGen: 369975K->369975K(370176K)] 509239K->401882K(532480K) [PSPermGen: 13628K->13628K(21504K)], 0.0733750 secs] [Times: user=0.52 sys=0.00, real=0.08 secs] 
117.134: Total time for which application threads were stopped: 0.0740550 seconds, Stopping threads took: 0.0000580 seconds
117.159: Application time: 0.0249670 seconds
117.159: [Full GC [PSYoungGen: 139264K->31918K(162304K)] [ParOldGen: 369975K->369975K(370176K)] 509239K->401893K(532480K) [PSPermGen: 13628K->13628K(21504K)], 0.0737360 secs] [Times: user=0.52 sys=0.00, real=0.08 secs] 
117.233: Total time for which application threads were stopped: 0.0744240 seconds, Stopping threads took: 0.0000500 seconds
117.259: Application time: 0.0257560 seconds
117.259: [Full GC [PSYoungGen: 139264K->31773K(162304K)] [ParOldGen: 369975K->369975K(370176K)] 509239K->401749K(532480K) [PSPermGen: 13628K->13628K(21504K)], 0.0734180 secs] [Times: user=0.51 sys=0.00, real=0.08 secs] 
117.333: Total time for which application threads were stopped: 0.0741180 seconds, Stopping threads took: 0.0000610 seconds
117.358: Application time: 0.0251480 seconds
117.359: [Full GC [PSYoungGen: 139264K->31741K(162304K)] [ParOldGen: 369975K->369975K(370176K)] 509239K->401717K(532480K) [PSPermGen: 13628K->13628K(21504K)], 0.0745390 secs] [Times: user=0.53 sys=0.00, real=0.08 secs] 
117.433: Total time for which application threads were stopped: 0.0751620 seconds, Stopping threads took: 0.0000610 seconds
117.459: Application time: 0.0253420 seconds
117.459: [Full GC [PSYoungGen: 139264K->31756K(162304K)] [ParOldGen: 369975K->369975K(370176K)] 509239K->401732K(532480K) [PSPermGen: 13628K->13628K(21504K)], 0.0730070 secs] [Times: user=0.52 sys=0.00, real=0.07 secs] 
117.532: Total time for which application threads were stopped: 0.0737190 seconds, Stopping threads took: 0.0000720 seconds
117.558: Application time: 0.0252210 seconds
117.558: [Full GC [PSYoungGen: 139264K->31771K(162304K)] [ParOldGen: 369975K->369975K(370176K)] 509239K->401746K(532480K) [PSPermGen: 13628K->13628K(21504K)], 0.0734210 secs] [Times: user=0.52 sys=0.00, real=0.07 secs] 
117.632: Total time for which application threads were stopped: 0.0741240 seconds, Stopping threads took: 0.0000580 seconds
117.657: Application time: 0.0258370 seconds
117.658: [Full GC [PSYoungGen: 139264K->31786K(162304K)] [ParOldGen: 369975K->369975K(370176K)] 509239K->401762K(532480K) [PSPermGen: 13628K->13628K(21504K)], 0.0735410 secs] [Times: user=0.52 sys=0.00, real=0.07 secs] 
117.732: Total time for which application threads were stopped: 0.0742280 seconds, Stopping threads took: 0.0000440 seconds
117.757: Application time: 0.0257160 seconds
117.758: [Full GC [PSYoungGen: 139264K->31803K(162304K)] [ParOldGen: 369975K->369975K(370176K)] 509239K->401778K(532480K) [PSPermGen: 13628K->13628K(21504K)], 0.0731270 secs] [Times: user=0.51 sys=0.01, real=0.07 secs] 
117.831: Total time for which application threads were stopped: 0.0738220 seconds, Stopping threads took: 0.0000570 seconds
117.857: Application time: 0.0252830 seconds
117.857: [Full GC [PSYoungGen: 139264K->31818K(162304K)] [ParOldGen: 369975K->369975K(370176K)] 509239K->401793K(532480K) [PSPermGen: 13628K->13628K(21504K)], 0.0735820 secs] [Times: user=0.52 sys=0.00, real=0.07 secs] 
117.931: Total time for which application threads were stopped: 0.0742890 seconds, Stopping threads took: 0.0000670 seconds
117.957: Application time: 0.0262330 seconds
117.958: [Full GC [PSYoungGen: 139264K->31833K(162304K)] [ParOldGen: 369975K->369975K(370176K)] 509239K->401808K(532480K) [PSPermGen: 13628K->13628K(21504K)], 0.0737620 secs] [Times: user=0.51 sys=0.00, real=0.07 secs] 
118.031: Total time for which application threads were stopped: 0.0743960 seconds, Stopping threads took: 0.0000760 seconds
118.057: Application time: 0.0252370 seconds
118.057: [Full GC [PSYoungGen: 139264K->31848K(162304K)] [ParOldGen: 369975K->369975K(370176K)] 509239K->401823K(532480K) [PSPermGen: 13628K->13628K(21504K)], 0.0740070 secs] [Times: user=0.52 sys=0.00, real=0.07 secs] 
118.131: Total time for which application threads were stopped: 0.0746470 seconds, Stopping threads took: 0.0000840 seconds
118.156: Application time: 0.0250830 seconds
118.157: [Full GC [PSYoungGen: 139264K->31865K(162304K)] [ParOldGen: 369975K->369975K(370176K)] 509239K->401840K(532480K) [PSPermGen: 13628K->13628K(21504K)], 0.0737080 secs] [Times: user=0.52 sys=0.00, real=0.07 secs] 
118.231: Total time for which application threads were stopped: 0.0744130 seconds, Stopping threads took: 0.0000460 seconds
118.256: Application time: 0.0253940 seconds
118.257: [Full GC [PSYoungGen: 139264K->31881K(162304K)] [ParOldGen: 369975K->369975K(370176K)] 509239K->401856K(532480K) [PSPermGen: 13628K->13628K(21504K)], 0.0737610 secs] [Times: user=0.52 sys=0.01, real=0.07 secs] 
118.331: Total time for which application threads were stopped: 0.0744600 seconds, Stopping threads took: 0.0000750 seconds
118.356: Application time: 0.0252820 seconds
118.357: [Full GC [PSYoungGen: 139264K->31895K(162304K)] [ParOldGen: 369975K->369975K(370176K)] 509239K->401870K(532480K) [PSPermGen: 13628K->13628K(21504K)], 0.0737740 secs] [Times: user=0.52 sys=0.00, real=0.07 secs] 
118.430: Total time for which application threads were stopped: 0.0744690 seconds, Stopping threads took: 0.0000640 seconds
118.455: Application time: 0.0249430 seconds
118.456: [Full GC [PSYoungGen: 139264K->31911K(162304K)] [ParOldGen: 369975K->369975K(370176K)] 509239K->401887K(532480K) [PSPermGen: 13628K->13628K(21504K)], 0.0735190 secs] [Times: user=0.52 sys=0.00, real=0.07 secs] 
118.530: Total time for which application threads were stopped: 0.0741950 seconds, Stopping threads took: 0.0000590 seconds
118.555: Application time: 0.0252310 seconds
118.556: [Full GC [PSYoungGen: 139264K->31927K(162304K)] [ParOldGen: 369975K->369975K(370176K)] 509239K->401903K(532480K) [PSPermGen: 13628K->13628K(21504K)], 0.0742190 secs] [Times: user=0.52 sys=0.00, real=0.07 secs] 
118.630: Total time for which application threads were stopped: 0.0749600 seconds, Stopping threads took: 0.0000770 seconds
118.655: Application time: 0.0253990 seconds
118.656: [Full GC [PSYoungGen: 139264K->31880K(162304K)] [ParOldGen: 369975K->369975K(370176K)] 509239K->401855K(532480K) [PSPermGen: 13628K->13628K(21504K)], 0.0751650 secs] [Times: user=0.54 sys=0.00, real=0.07 secs] 
118.731: Total time for which application threads were stopped: 0.0758860 seconds, Stopping threads took: 0.0000790 seconds
118.756: Application time: 0.0252850 seconds
118.757: [Full GC [PSYoungGen: 139264K->31810K(162304K)] [ParOldGen: 369975K->369975K(370176K)] 509239K->401786K(532480K) [PSPermGen: 13628K->13628K(21504K)], 0.0746730 secs] [Times: user=0.52 sys=0.00, real=0.07 secs] 
118.832: Total time for which application threads were stopped: 0.0753450 seconds, Stopping threads took: 0.0000840 seconds
118.857: Application time: 0.0252240 seconds
118.858: [Full GC [PSYoungGen: 139264K->31832K(162304K)] [ParOldGen: 369975K->369975K(370176K)] 509239K->401807K(532480K) [PSPermGen: 13628K->13628K(21504K)], 0.0739150 secs] [Times: user=0.51 sys=0.00, real=0.07 secs] 
118.932: Total time for which application threads were stopped: 0.0746550 seconds, Stopping threads took: 0.0000880 seconds
118.958: Application time: 0.0262920 seconds
118.959: [Full GC [PSYoungGen: 139264K->31846K(162304K)] [ParOldGen: 369975K->369975K(370176K)] 509239K->401821K(532480K) [PSPermGen: 13628K->13628K(21504K)], 0.0727960 secs] [Times: user=0.52 sys=0.00, real=0.07 secs] 
119.031: Total time for which application threads were stopped: 0.0735060 seconds, Stopping threads took: 0.0000670 seconds
119.057: Application time: 0.0250960 seconds
119.057: [Full GC [PSYoungGen: 139264K->31862K(162304K)] [ParOldGen: 369975K->369975K(370176K)] 509239K->401837K(532480K) [PSPermGen: 13628K->13628K(21504K)], 0.0737310 secs] [Times: user=0.52 sys=0.01, real=0.07 secs] 
119.131: Total time for which application threads were stopped: 0.0743850 seconds, Stopping threads took: 0.0000740 seconds
119.156: Application time: 0.0248680 seconds
119.156: [Full GC [PSYoungGen: 139264K->31874K(162304K)] [ParOldGen: 369975K->369975K(370176K)] 509239K->401850K(532480K) [PSPermGen: 13628K->13628K(21504K)], 0.0735480 secs] [Times: user=0.51 sys=0.00, real=0.07 secs] 
119.230: Total time for which application threads were stopped: 0.0742710 seconds, Stopping threads took: 0.0000650 seconds
119.255: Application time: 0.0246680 seconds
119.255: [Full GC [PSYoungGen: 139264K->31893K(162304K)] [ParOldGen: 369975K->369975K(370176K)] 509239K->401868K(532480K) [PSPermGen: 13628K->13628K(21504K)], 0.0741750 secs] [Times: user=0.52 sys=0.00, real=0.07 secs] 
119.330: Total time for which application threads were stopped: 0.0747980 seconds, Stopping threads took: 0.0000620 seconds
119.354: Application time: 0.0249360 seconds
119.355: [Full GC [PSYoungGen: 139264K->31908K(162304K)] [ParOldGen: 369975K->369975K(370176K)] 509239K->401883K(532480K) [PSPermGen: 13628K->13628K(21504K)], 0.0735270 secs] [Times: user=0.52 sys=0.00, real=0.07 secs] 
119.429: Total time for which application threads were stopped: 0.0742880 seconds, Stopping threads took: 0.0001190 seconds
119.454: Application time: 0.0250750 seconds
119.455: [Full GC [PSYoungGen: 139264K->31920K(162304K)] [ParOldGen: 369975K->369975K(370176K)] 509239K->401895K(532480K) [PSPermGen: 13628K->13628K(21504K)], 0.0728050 secs] [Times: user=0.52 sys=0.00, real=0.07 secs] 
119.527: Total time for which application threads were stopped: 0.0735350 seconds, Stopping threads took: 0.0000970 seconds
119.552: Application time: 0.0250220 seconds
119.553: [Full GC [PSYoungGen: 139264K->31940K(162304K)] [ParOldGen: 369975K->369975K(370176K)] 509239K->401915K(532480K) [PSPermGen: 13628K->13628K(21504K)], 0.0738230 secs] [Times: user=0.52 sys=0.00, real=0.07 secs] 
119.627: Total time for which application threads were stopped: 0.0745310 seconds, Stopping threads took: 0.0000870 seconds
119.652: Application time: 0.0251620 seconds
119.653: [Full GC [PSYoungGen: 139264K->31953K(162304K)] [ParOldGen: 369975K->369975K(370176K)] 509239K->401928K(532480K) [PSPermGen: 13628K->13628K(21504K)], 0.0735620 secs] [Times: user=0.52 sys=0.00, real=0.07 secs] 
119.726: Total time for which application threads were stopped: 0.0742750 seconds, Stopping threads took: 0.0000680 seconds
119.752: Application time: 0.0252460 seconds
119.752: [Full GC [PSYoungGen: 139264K->31970K(162304K)] [ParOldGen: 369975K->369975K(370176K)] 509239K->401945K(532480K) [PSPermGen: 13628K->13628K(21504K)], 0.0735040 secs] [Times: user=0.51 sys=0.01, real=0.08 secs] 
119.826: Total time for which application threads were stopped: 0.0742110 seconds, Stopping threads took: 0.0000760 seconds
119.851: Application time: 0.0252930 seconds
119.852: [Full GC [PSYoungGen: 139264K->31983K(162304K)] [ParOldGen: 369975K->369975K(370176K)] 509239K->401959K(532480K) [PSPermGen: 13628K->13628K(21504K)], 0.0734310 secs] [Times: user=0.52 sys=0.00, real=0.08 secs] 
119.925: Total time for which application threads were stopped: 0.0740770 seconds, Stopping threads took: 0.0000720 seconds
119.952: Application time: 0.0268780 seconds
119.953: [Full GC [PSYoungGen: 139264K->31999K(162304K)] [ParOldGen: 369975K->369975K(370176K)] 509239K->401974K(532480K) [PSPermGen: 13628K->13628K(21504K)], 0.0736610 secs] [Times: user=0.52 sys=0.00, real=0.07 secs] 
120.027: Total time for which application threads were stopped: 0.0744080 seconds, Stopping threads took: 0.0000680 seconds
120.053: Application time: 0.0260400 seconds
120.053: [Full GC [PSYoungGen: 139264K->31905K(162304K)] [ParOldGen: 369975K->369975K(370176K)] 509239K->401881K(532480K) [PSPermGen: 13628K->13628K(21504K)], 0.0741130 secs] [Times: user=0.51 sys=0.00, real=0.07 secs] 
120.127: Total time for which application threads were stopped: 0.0747600 seconds, Stopping threads took: 0.0000850 seconds
120.153: Application time: 0.0252490 seconds
120.153: [Full GC [PSYoungGen: 139264K->31890K(162304K)] [ParOldGen: 369975K->369975K(370176K)] 509239K->401865K(532480K) [PSPermGen: 13628K->13628K(21504K)], 0.0736630 secs] [Times: user=0.52 sys=0.01, real=0.07 secs] 
120.227: Total time for which application threads were stopped: 0.0743060 seconds, Stopping threads took: 0.0000510 seconds
120.252: Application time: 0.0254890 seconds
120.253: [Full GC [PSYoungGen: 139264K->31904K(162304K)] [ParOldGen: 369975K->369975K(370176K)] 509239K->401879K(532480K) [PSPermGen: 13628K->13628K(21504K)], 0.0737920 secs] [Times: user=0.51 sys=0.00, real=0.07 secs] 
120.327: Total time for which application threads were stopped: 0.0744090 seconds, Stopping threads took: 0.0000480 seconds
120.352: Application time: 0.0256640 seconds
120.353: [Full GC [PSYoungGen: 139264K->31923K(162304K)] [ParOldGen: 369975K->369975K(370176K)] 509239K->401899K(532480K) [PSPermGen: 13628K->13628K(21504K)], 0.0738220 secs] [Times: user=0.52 sys=0.00, real=0.07 secs] 
120.427: Total time for which application threads were stopped: 0.0744990 seconds, Stopping threads took: 0.0000580 seconds
120.452: Application time: 0.0254080 seconds
120.453: [Full GC [PSYoungGen: 139264K->31939K(162304K)] [ParOldGen: 369975K->369975K(370176K)] 509239K->401915K(532480K) [PSPermGen: 13628K->13628K(21504K)], 0.0735330 secs] [Times: user=0.52 sys=0.00, real=0.07 secs] 
120.527: Total time for which application threads were stopped: 0.0742130 seconds, Stopping threads took: 0.0000510 seconds
120.552: Application time: 0.0250010 seconds
120.552: [Full GC [PSYoungGen: 139264K->31954K(162304K)] [ParOldGen: 369975K->369975K(370176K)] 509239K->401929K(532480K) [PSPermGen: 13628K->13628K(21504K)], 0.0743150 secs] [Times: user=0.52 sys=0.00, real=0.08 secs] 
120.627: Total time for which application threads were stopped: 0.0749530 seconds, Stopping threads took: 0.0000550 seconds
120.652: Application time: 0.0254820 seconds
120.653: [Full GC [PSYoungGen: 139264K->31912K(162304K)] [ParOldGen: 369975K->369975K(370176K)] 509239K->401887K(532480K) [PSPermGen: 13628K->13628K(21504K)], 0.0737020 secs] [Times: user=0.52 sys=0.00, real=0.07 secs] 
120.726: Total time for which application threads were stopped: 0.0743750 seconds, Stopping threads took: 0.0000480 seconds
120.752: Application time: 0.0250970 seconds
120.752: [Full GC [PSYoungGen: 139264K->31915K(162304K)] [ParOldGen: 369975K->369975K(370176K)] 509239K->401890K(532480K) [PSPermGen: 13628K->13628K(21504K)], 0.0740130 secs] [Times: user=0.52 sys=0.00, real=0.08 secs] 
120.826: Total time for which application threads were stopped: 0.0746940 seconds, Stopping threads took: 0.0000620 seconds
120.851: Application time: 0.0252400 seconds
120.852: [Full GC [PSYoungGen: 139264K->31926K(162304K)] [ParOldGen: 369975K->369975K(370176K)] 509239K->401901K(532480K) [PSPermGen: 13628K->13628K(21504K)], 0.0737000 secs] [Times: user=0.52 sys=0.00, real=0.08 secs] 
120.926: Total time for which application threads were stopped: 0.0743250 seconds, Stopping threads took: 0.0000560 seconds
120.953: Application time: 0.0274150 seconds
120.954: [Full GC [PSYoungGen: 139264K->31780K(162304K)] [ParOldGen: 369975K->369975K(370176K)] 509239K->401756K(532480K) [PSPermGen: 13628K->13628K(21504K)], 0.0733590 secs] [Times: user=0.52 sys=0.00, real=0.07 secs] 
121.027: Total time for which application threads were stopped: 0.0740400 seconds, Stopping threads took: 0.0000570 seconds
121.052: Application time: 0.0250330 seconds
121.053: [Full GC [PSYoungGen: 139264K->31745K(162304K)] [ParOldGen: 369975K->369975K(370176K)] 509239K->401720K(532480K) [PSPermGen: 13628K->13628K(21504K)], 0.0734440 secs] [Times: user=0.52 sys=0.00, real=0.07 secs] 
121.126: Total time for which application threads were stopped: 0.0741900 seconds, Stopping threads took: 0.0000670 seconds
121.152: Application time: 0.0251200 seconds
121.152: [Full GC [PSYoungGen: 139264K->31764K(162304K)] [ParOldGen: 369975K->369975K(370176K)] 509239K->401739K(532480K) [PSPermGen: 13628K->13628K(21504K)], 0.0765600 secs] [Times: user=0.53 sys=0.00, real=0.08 secs] 
121.229: Total time for which application threads were stopped: 0.0772420 seconds, Stopping threads took: 0.0000480 seconds
121.254: Application time: 0.0251760 seconds
121.255: [Full GC [PSYoungGen: 139264K->31778K(162304K)] [ParOldGen: 369975K->369975K(370176K)] 509239K->401754K(532480K) [PSPermGen: 13628K->13628K(21504K)], 0.0740850 secs] [Times: user=0.52 sys=0.00, real=0.07 secs] 
121.329: Total time for which application threads were stopped: 0.0747510 seconds, Stopping threads took: 0.0000380 seconds
121.354: Application time: 0.0250200 seconds
121.354: [Full GC [PSYoungGen: 139264K->31794K(162304K)] [ParOldGen: 369975K->369975K(370176K)] 509239K->401769K(532480K) [PSPermGen: 13628K->13628K(21504K)], 0.0734830 secs] [Times: user=0.51 sys=0.00, real=0.07 secs] 
121.428: Total time for which application threads were stopped: 0.0741870 seconds, Stopping threads took: 0.0000590 seconds
121.453: Application time: 0.0250000 seconds
121.454: [Full GC [PSYoungGen: 139264K->31809K(162304K)] [ParOldGen: 369975K->369975K(370176K)] 509239K->401784K(532480K) [PSPermGen: 13628K->13628K(21504K)], 0.0745460 secs] [Times: user=0.53 sys=0.00, real=0.07 secs] 
121.528: Total time for which application threads were stopped: 0.0752120 seconds, Stopping threads took: 0.0000450 seconds
121.553: Application time: 0.0249950 seconds
121.554: [Full GC [PSYoungGen: 139264K->31825K(162304K)] [ParOldGen: 369975K->369975K(370176K)] 509239K->401800K(532480K) [PSPermGen: 13628K->13628K(21504K)], 0.0726680 secs] [Times: user=0.51 sys=0.00, real=0.07 secs] 
121.627: Total time for which application threads were stopped: 0.0733740 seconds, Stopping threads took: 0.0000510 seconds
121.652: Application time: 0.0251590 seconds
121.652: [Full GC [PSYoungGen: 139264K->31839K(162304K)] [ParOldGen: 369975K->369975K(370176K)] 509239K->401814K(532480K) [PSPermGen: 13628K->13628K(21504K)], 0.0738670 secs] [Times: user=0.51 sys=0.01, real=0.08 secs] 
121.726: Total time for which application threads were stopped: 0.0744910 seconds, Stopping threads took: 0.0000520 seconds
121.752: Application time: 0.0253080 seconds
121.752: [Full GC [PSYoungGen: 139264K->31856K(162304K)] [ParOldGen: 369975K->369975K(370176K)] 509239K->401831K(532480K) [PSPermGen: 13628K->13628K(21504K)], 0.0740070 secs] [Times: user=0.52 sys=0.00, real=0.08 secs] 
121.826: Total time for which application threads were stopped: 0.0746250 seconds, Stopping threads took: 0.0000560 seconds
121.851: Application time: 0.0252810 seconds
121.852: [Full GC [PSYoungGen: 139264K->31871K(162304K)] [ParOldGen: 369975K->369975K(370176K)] 509239K->401847K(532480K) [PSPermGen: 13628K->13628K(21504K)], 0.0734930 secs] [Times: user=0.51 sys=0.00, real=0.08 secs] 
121.927: Total time for which application threads were stopped: 0.0757570 seconds, Stopping threads took: 0.0000530 seconds
121.953: Application time: 0.0261100 seconds
121.954: [Full GC [PSYoungGen: 139264K->31885K(162304K)] [ParOldGen: 369975K->369975K(370176K)] 509239K->401861K(532480K) [PSPermGen: 13628K->13628K(21504K)], 0.0738190 secs] [Times: user=0.51 sys=0.00, real=0.07 secs] 
122.028: Total time for which application threads were stopped: 0.0745000 seconds, Stopping threads took: 0.0000620 seconds
122.053: Application time: 0.0254450 seconds
122.054: [Full GC [PSYoungGen: 139264K->31902K(162304K)] [ParOldGen: 369975K->369975K(370176K)] 509239K->401877K(532480K) [PSPermGen: 13628K->13628K(21504K)], 0.0733660 secs] [Times: user=0.51 sys=0.00, real=0.07 secs] 
122.127: Total time for which application threads were stopped: 0.0740720 seconds, Stopping threads took: 0.0000760 seconds
122.153: Application time: 0.0252500 seconds
122.153: [Full GC [PSYoungGen: 139264K->31916K(162304K)] [ParOldGen: 369975K->369975K(370176K)] 509239K->401892K(532480K) [PSPermGen: 13628K->13628K(21504K)], 0.0738730 secs] [Times: user=0.51 sys=0.00, real=0.07 secs] 
122.227: Total time for which application threads were stopped: 0.0745780 seconds, Stopping threads took: 0.0000690 seconds
122.253: Application time: 0.0256960 seconds
122.254: [Full GC [PSYoungGen: 139264K->31871K(162304K)] [ParOldGen: 369975K->369975K(370176K)] 509239K->401847K(532480K) [PSPermGen: 13628K->13628K(21504K)], 0.0734130 secs] [Times: user=0.51 sys=0.00, real=0.07 secs] 
122.327: Total time for which application threads were stopped: 0.0741090 seconds, Stopping threads took: 0.0000720 seconds
122.352: Application time: 0.0253890 seconds
122.353: [Full GC [PSYoungGen: 139264K->31879K(162304K)] [ParOldGen: 369975K->369975K(370176K)] 509239K->401855K(532480K) [PSPermGen: 13628K->13628K(21504K)], 0.0737410 secs] [Times: user=0.52 sys=0.00, real=0.07 secs] 
122.427: Total time for which application threads were stopped: 0.0744430 seconds, Stopping threads took: 0.0000540 seconds
122.452: Application time: 0.0253480 seconds
122.453: [Full GC [PSYoungGen: 139264K->31889K(162304K)] [ParOldGen: 369975K->369975K(370176K)] 509239K->401865K(532480K) [PSPermGen: 13628K->13628K(21504K)], 0.0730950 secs] [Times: user=0.51 sys=0.01, real=0.07 secs] 
122.526: Total time for which application threads were stopped: 0.0737300 seconds, Stopping threads took: 0.0000510 seconds
122.551: Application time: 0.0252030 seconds
122.552: [Full GC [PSYoungGen: 139264K->31907K(162304K)] [ParOldGen: 369975K->369975K(370176K)] 509239K->401883K(532480K) [PSPermGen: 13628K->13628K(21504K)], 0.0735430 secs] [Times: user=0.52 sys=0.00, real=0.08 secs] 
122.625: Total time for which application threads were stopped: 0.0741690 seconds, Stopping threads took: 0.0000560 seconds
122.651: Application time: 0.0254070 seconds
122.651: [Full GC [PSYoungGen: 139264K->31921K(162304K)] [ParOldGen: 369975K->369975K(370176K)] 509239K->401897K(532480K) [PSPermGen: 13628K->13628K(21504K)], 0.0732410 secs] [Times: user=0.50 sys=0.01, real=0.08 secs] 
122.725: Total time for which application threads were stopped: 0.0739390 seconds, Stopping threads took: 0.0000560 seconds
122.750: Application time: 0.0251040 seconds
122.750: [Full GC [PSYoungGen: 139264K->31880K(162304K)] [ParOldGen: 369975K->369975K(370176K)] 509239K->401855K(532480K) [PSPermGen: 13628K->13628K(21504K)], 0.0742510 secs] [Times: user=0.52 sys=0.01, real=0.08 secs] 
122.825: Total time for which application threads were stopped: 0.0749070 seconds, Stopping threads took: 0.0000660 seconds
122.850: Application time: 0.0251950 seconds
122.851: [Full GC [PSYoungGen: 139264K->31884K(162304K)] [ParOldGen: 369975K->369975K(370176K)] 509239K->401859K(532480K) [PSPermGen: 13628K->13628K(21504K)], 0.0738690 secs] [Times: user=0.52 sys=0.00, real=0.08 secs] 
122.924: Total time for which application threads were stopped: 0.0745770 seconds, Stopping threads took: 0.0000570 seconds
122.950: Application time: 0.0259150 seconds
122.951: [Full GC [PSYoungGen: 139264K->31899K(162304K)] [ParOldGen: 369975K->369975K(370176K)] 509239K->401875K(532480K) [PSPermGen: 13628K->13628K(21504K)], 0.0737590 secs] [Times: user=0.52 sys=0.00, real=0.08 secs] 
123.025: Total time for which application threads were stopped: 0.0744420 seconds, Stopping threads took: 0.0000740 seconds
123.050: Application time: 0.0251730 seconds
123.051: [Full GC [PSYoungGen: 139264K->31915K(162304K)] [ParOldGen: 369975K->369975K(370176K)] 509239K->401891K(532480K) [PSPermGen: 13628K->13628K(21504K)], 0.0736910 secs] [Times: user=0.52 sys=0.00, real=0.08 secs] 
123.124: Total time for which application threads were stopped: 0.0744300 seconds, Stopping threads took: 0.0000960 seconds
123.150: Application time: 0.0252920 seconds
123.150: [Full GC [PSYoungGen: 139264K->31931K(162304K)] [ParOldGen: 369975K->369975K(370176K)] 509239K->401906K(532480K) [PSPermGen: 13628K->13628K(21504K)], 0.0734160 secs] [Times: user=0.51 sys=0.00, real=0.07 secs] 
123.224: Total time for which application threads were stopped: 0.0741020 seconds, Stopping threads took: 0.0000380 seconds
123.249: Application time: 0.0247630 seconds
123.253: [Full GC [PSYoungGen: 139264K->31944K(162304K)] [ParOldGen: 369975K->369975K(370176K)] 509239K->401919K(532480K) [PSPermGen: 13628K->13628K(21504K)], 0.0739300 secs] [Times: user=0.53 sys=0.00, real=0.07 secs] 
123.327: Total time for which application threads were stopped: 0.0783090 seconds, Stopping threads took: 0.0037920 seconds
123.352: Application time: 0.0250990 seconds
123.353: [Full GC [PSYoungGen: 139264K->31956K(162304K)] [ParOldGen: 369975K->369975K(370176K)] 509239K->401932K(532480K) [PSPermGen: 13628K->13628K(21504K)], 0.0746270 secs] [Times: user=0.50 sys=0.01, real=0.07 secs] 
123.427: Total time for which application threads were stopped: 0.0752800 seconds, Stopping threads took: 0.0000530 seconds
123.453: Application time: 0.0252160 seconds
123.453: [Full GC [PSYoungGen: 139264K->31975K(162304K)] [ParOldGen: 369975K->369975K(370176K)] 509239K->401950K(532480K) [PSPermGen: 13628K->13628K(21504K)], 0.0736230 secs] [Times: user=0.51 sys=0.01, real=0.07 secs] 
123.527: Total time for which application threads were stopped: 0.0742360 seconds, Stopping threads took: 0.0000460 seconds
123.552: Application time: 0.0256460 seconds
123.553: [Full GC [PSYoungGen: 139264K->31937K(162304K)] [ParOldGen: 369975K->369975K(370176K)] 509239K->401912K(532480K) [PSPermGen: 13628K->13628K(21504K)], 0.0745940 secs] [Times: user=0.52 sys=0.00, real=0.07 secs] 
123.628: Total time for which application threads were stopped: 0.0752120 seconds, Stopping threads took: 0.0000570 seconds
123.653: Application time: 0.0256970 seconds
123.654: [Full GC [PSYoungGen: 139264K->31880K(162304K)] [ParOldGen: 369975K->369975K(370176K)] 509239K->401856K(532480K) [PSPermGen: 13628K->13628K(21504K)], 0.0740700 secs] [Times: user=0.51 sys=0.01, real=0.07 secs] 
123.728: Total time for which application threads were stopped: 0.0747390 seconds, Stopping threads took: 0.0000720 seconds
123.753: Application time: 0.0252690 seconds
123.754: [Full GC [PSYoungGen: 139264K->31881K(162304K)] [ParOldGen: 369975K->369975K(370176K)] 509239K->401857K(532480K) [PSPermGen: 13628K->13628K(21504K)], 0.0737620 secs] [Times: user=0.52 sys=0.00, real=0.07 secs] 
123.828: Total time for which application threads were stopped: 0.0744200 seconds, Stopping threads took: 0.0000660 seconds
123.853: Application time: 0.0252750 seconds
123.854: [Full GC [PSYoungGen: 139264K->31895K(162304K)] [ParOldGen: 369975K->369975K(370176K)] 509239K->401871K(532480K) [PSPermGen: 13628K->13628K(21504K)], 0.0748010 secs] [Times: user=0.51 sys=0.00, real=0.07 secs] 
123.929: Total time for which application threads were stopped: 0.0754750 seconds, Stopping threads took: 0.0000550 seconds
123.955: Application time: 0.0263700 seconds
123.956: [Full GC [PSYoungGen: 139264K->31912K(162304K)] [ParOldGen: 369975K->369975K(370176K)] 509239K->401887K(532480K) [PSPermGen: 13628K->13628K(21504K)], 0.0737600 secs] [Times: user=0.52 sys=0.00, real=0.07 secs] 
124.029: Total time for which application threads were stopped: 0.0744540 seconds, Stopping threads took: 0.0000810 seconds
124.055: Application time: 0.0254620 seconds
124.055: [Full GC [PSYoungGen: 139264K->31929K(162304K)] [ParOldGen: 369975K->369975K(370176K)] 509239K->401905K(532480K) [PSPermGen: 13628K->13628K(21504K)], 0.0733670 secs] [Times: user=0.52 sys=0.00, real=0.07 secs] 
124.129: Total time for which application threads were stopped: 0.0740710 seconds, Stopping threads took: 0.0000760 seconds
124.154: Application time: 0.0256150 seconds
124.155: [Full GC [PSYoungGen: 139264K->31943K(162304K)] [ParOldGen: 369975K->369975K(370176K)] 509239K->401918K(532480K) [PSPermGen: 13628K->13628K(21504K)], 0.0736710 secs] [Times: user=0.52 sys=0.00, real=0.07 secs] 
124.229: Total time for which application threads were stopped: 0.0743560 seconds, Stopping threads took: 0.0000480 seconds
124.254: Application time: 0.0255790 seconds
124.255: [Full GC [PSYoungGen: 139264K->31960K(162304K)] [ParOldGen: 369975K->369975K(370176K)] 509239K->401936K(532480K) [PSPermGen: 13628K->13628K(21504K)], 0.0730700 secs] [Times: user=0.52 sys=0.00, real=0.07 secs] 
124.328: Total time for which application threads were stopped: 0.0737840 seconds, Stopping threads took: 0.0000490 seconds
124.354: Application time: 0.0259080 seconds
124.355: [Full GC [PSYoungGen: 139264K->31920K(162304K)] [ParOldGen: 369975K->369975K(370176K)] 509239K->401896K(532480K) [PSPermGen: 13628K->13628K(21504K)], 0.0739460 secs] [Times: user=0.52 sys=0.00, real=0.07 secs] 
124.429: Total time for which application threads were stopped: 0.0745720 seconds, Stopping threads took: 0.0000650 seconds
124.454: Application time: 0.0252820 seconds
124.455: [Full GC [PSYoungGen: 139264K->31918K(162304K)] [ParOldGen: 369975K->369975K(370176K)] 509239K->401894K(532480K) [PSPermGen: 13628K->13628K(21504K)], 0.0737460 secs] [Times: user=0.51 sys=0.01, real=0.07 secs] 
124.528: Total time for which application threads were stopped: 0.0743970 seconds, Stopping threads took: 0.0000700 seconds
124.554: Application time: 0.0258550 seconds
124.555: [Full GC [PSYoungGen: 139264K->31809K(162304K)] [ParOldGen: 369975K->369975K(370176K)] 509239K->401784K(532480K) [PSPermGen: 13628K->13628K(21504K)], 0.0731460 secs] [Times: user=0.51 sys=0.00, real=0.07 secs] 
124.628: Total time for which application threads were stopped: 0.0738360 seconds, Stopping threads took: 0.0000560 seconds
124.654: Application time: 0.0255550 seconds
124.654: [Full GC [PSYoungGen: 139264K->31754K(162304K)] [ParOldGen: 369975K->369975K(370176K)] 509239K->401730K(532480K) [PSPermGen: 13628K->13628K(21504K)], 0.0741230 secs] [Times: user=0.52 sys=0.01, real=0.07 secs] 
124.728: Total time for which application threads were stopped: 0.0747950 seconds, Stopping threads took: 0.0001110 seconds
124.754: Application time: 0.0254550 seconds
124.755: [Full GC [PSYoungGen: 139264K->31754K(162304K)] [ParOldGen: 369975K->369975K(370176K)] 509239K->401730K(532480K) [PSPermGen: 13628K->13628K(21504K)], 0.0734420 secs] [Times: user=0.51 sys=0.00, real=0.07 secs] 
124.828: Total time for which application threads were stopped: 0.0741000 seconds, Stopping threads took: 0.0000880 seconds
124.853: Application time: 0.0252940 seconds
124.854: [Full GC [PSYoungGen: 139264K->31770K(162304K)] [ParOldGen: 369975K->369975K(370176K)] 509239K->401745K(532480K) [PSPermGen: 13628K->13628K(21504K)], 0.0733800 secs] [Times: user=0.51 sys=0.00, real=0.07 secs] 
124.927: Total time for which application threads were stopped: 0.0740500 seconds, Stopping threads took: 0.0000700 seconds
124.954: Application time: 0.0265300 seconds
124.954: [Full GC [PSYoungGen: 139264K->31783K(162304K)] [ParOldGen: 369975K->369975K(370176K)] 509239K->401759K(532480K) [PSPermGen: 13628K->13628K(21504K)], 0.0738040 secs] [Times: user=0.52 sys=0.00, real=0.07 secs] 
125.028: Total time for which application threads were stopped: 0.0744590 seconds, Stopping threads took: 0.0000630 seconds
125.054: Application time: 0.0252650 seconds
125.054: [Full GC [PSYoungGen: 139264K->31799K(162304K)] [ParOldGen: 369975K->369975K(370176K)] 509239K->401774K(532480K) [PSPermGen: 13628K->13628K(21504K)], 0.0730300 secs] [Times: user=0.52 sys=0.00, real=0.07 secs] 
125.127: Total time for which application threads were stopped: 0.0737500 seconds, Stopping threads took: 0.0000580 seconds
125.153: Application time: 0.0252620 seconds
125.153: [Full GC [PSYoungGen: 139264K->31813K(162304K)] [ParOldGen: 369975K->369975K(370176K)] 509239K->401789K(532480K) [PSPermGen: 13628K->13628K(21504K)], 0.0729530 secs] [Times: user=0.51 sys=0.00, real=0.07 secs] 
125.226: Total time for which application threads were stopped: 0.0736530 seconds, Stopping threads took: 0.0000570 seconds
125.252: Application time: 0.0252560 seconds
125.252: [Full GC [PSYoungGen: 139264K->31831K(162304K)] [ParOldGen: 369975K->369975K(370176K)] 509239K->401807K(532480K) [PSPermGen: 13628K->13628K(21504K)], 0.0738270 secs] [Times: user=0.52 sys=0.00, real=0.08 secs] 
125.326: Total time for which application threads were stopped: 0.0744540 seconds, Stopping threads took: 0.0000590 seconds
125.351: Application time: 0.0253160 seconds
125.352: [Full GC [PSYoungGen: 139264K->31846K(162304K)] [ParOldGen: 369975K->369975K(370176K)] 509239K->401822K(532480K) [PSPermGen: 13628K->13628K(21504K)], 0.0735400 secs] [Times: user=0.52 sys=0.00, real=0.08 secs] 
125.426: Total time for which application threads were stopped: 0.0742240 seconds, Stopping threads took: 0.0000590 seconds
125.451: Application time: 0.0252320 seconds
125.451: [Full GC [PSYoungGen: 139264K->31862K(162304K)] [ParOldGen: 369975K->369975K(370176K)] 509239K->401837K(532480K) [PSPermGen: 13628K->13628K(21504K)], 0.0733660 secs] [Times: user=0.52 sys=0.00, real=0.08 secs] 
125.525: Total time for which application threads were stopped: 0.0740900 seconds, Stopping threads took: 0.0000630 seconds
125.550: Application time: 0.0255170 seconds
125.551: [Full GC [PSYoungGen: 139264K->31879K(162304K)] [ParOldGen: 369975K->369975K(370176K)] 509239K->401855K(532480K) [PSPermGen: 13628K->13628K(21504K)], 0.0737860 secs] [Times: user=0.52 sys=0.00, real=0.08 secs] 
125.625: Total time for which application threads were stopped: 0.0744680 seconds, Stopping threads took: 0.0000650 seconds
125.650: Application time: 0.0253270 seconds
125.651: [Full GC [PSYoungGen: 139264K->31890K(162304K)] [ParOldGen: 369975K->369975K(370176K)] 509239K->401865K(532480K) [PSPermGen: 13628K->13628K(21504K)], 0.0728660 secs] [Times: user=0.52 sys=0.00, real=0.07 secs] 
125.724: Total time for which application threads were stopped: 0.0735780 seconds, Stopping threads took: 0.0000690 seconds
125.749: Application time: 0.0252860 seconds
125.750: [Full GC [PSYoungGen: 139264K->31908K(162304K)] [ParOldGen: 369975K->369975K(370176K)] 509239K->401883K(532480K) [PSPermGen: 13628K->13628K(21504K)], 0.0729420 secs] [Times: user=0.52 sys=0.00, real=0.07 secs] 
125.823: Total time for which application threads were stopped: 0.0736430 seconds, Stopping threads took: 0.0000720 seconds
125.848: Application time: 0.0253960 seconds
125.849: [Full GC [PSYoungGen: 139264K->31920K(162304K)] [ParOldGen: 369975K->369975K(370176K)] 509239K->401895K(532480K) [PSPermGen: 13628K->13628K(21504K)], 0.0733010 secs] [Times: user=0.52 sys=0.00, real=0.07 secs] 
125.922: Total time for which application threads were stopped: 0.0740390 seconds, Stopping threads took: 0.0000950 seconds
125.949: Application time: 0.0265310 seconds
125.949: [Full GC [PSYoungGen: 139264K->31870K(162304K)] [ParOldGen: 369975K->369975K(370176K)] 509239K->401846K(532480K) [PSPermGen: 13628K->13628K(21504K)], 0.0732810 secs] [Times: user=0.52 sys=0.00, real=0.07 secs] 
126.023: Total time for which application threads were stopped: 0.0739550 seconds, Stopping threads took: 0.0000560 seconds
126.048: Application time: 0.0254320 seconds
126.049: [Full GC [PSYoungGen: 139264K->31884K(162304K)] [ParOldGen: 369975K->369975K(370176K)] 509239K->401859K(532480K) [PSPermGen: 13628K->13628K(21504K)], 0.0731710 secs] [Times: user=0.52 sys=0.00, real=0.07 secs] 
126.122: Total time for which application threads were stopped: 0.0738990 seconds, Stopping threads took: 0.0000670 seconds
126.147: Application time: 0.0252360 seconds
126.148: [Full GC [PSYoungGen: 139264K->31898K(162304K)] [ParOldGen: 369975K->369975K(370176K)] 509239K->401873K(532480K) [PSPermGen: 13628K->13628K(21504K)], 0.0736530 secs] [Times: user=0.52 sys=0.00, real=0.07 secs] 
126.222: Total time for which application threads were stopped: 0.0743060 seconds, Stopping threads took: 0.0000870 seconds
126.247: Application time: 0.0252560 seconds
126.247: [Full GC [PSYoungGen: 139264K->31912K(162304K)] [ParOldGen: 369975K->369975K(370176K)] 509239K->401888K(532480K) [PSPermGen: 13628K->13628K(21504K)], 0.0741600 secs] [Times: user=0.52 sys=0.00, real=0.07 secs] 
126.322: Total time for which application threads were stopped: 0.0748260 seconds, Stopping threads took: 0.0000990 seconds
126.347: Application time: 0.0253120 seconds
126.348: [Full GC [PSYoungGen: 139264K->31927K(162304K)] [ParOldGen: 369975K->369975K(370176K)] 509239K->401903K(532480K) [PSPermGen: 13628K->13628K(21504K)], 0.0731280 secs] [Times: user=0.51 sys=0.00, real=0.07 secs] 
126.421: Total time for which application threads were stopped: 0.0738500 seconds, Stopping threads took: 0.0000830 seconds
126.446: Application time: 0.0252820 seconds
126.447: [Full GC [PSYoungGen: 139264K->31941K(162304K)] [ParOldGen: 369975K->369975K(370176K)] 509239K->401916K(532480K) [PSPermGen: 13628K->13628K(21504K)], 0.0738930 secs] [Times: user=0.52 sys=0.00, real=0.07 secs] 
126.521: Total time for which application threads were stopped: 0.0746020 seconds, Stopping threads took: 0.0000760 seconds
126.546: Application time: 0.0256080 seconds
126.547: [Full GC [PSYoungGen: 139264K->31906K(162304K)] [ParOldGen: 369975K->369975K(370176K)] 509239K->401881K(532480K) [PSPermGen: 13628K->13628K(21504K)], 0.0736070 secs] [Times: user=0.52 sys=0.00, real=0.07 secs] 
126.621: Total time for which application threads were stopped: 0.0743150 seconds, Stopping threads took: 0.0000700 seconds
126.646: Application time: 0.0252870 seconds
126.647: [Full GC [PSYoungGen: 139264K->31907K(162304K)] [ParOldGen: 369975K->369975K(370176K)] 509239K->401882K(532480K) [PSPermGen: 13628K->13628K(21504K)], 0.0741110 secs] [Times: user=0.52 sys=0.00, real=0.07 secs] 
126.721: Total time for which application threads were stopped: 0.0748010 seconds, Stopping threads took: 0.0000560 seconds
126.746: Application time: 0.0254140 seconds
126.747: [Full GC [PSYoungGen: 139264K->31920K(162304K)] [ParOldGen: 369975K->369975K(370176K)] 509239K->401896K(532480K) [PSPermGen: 13628K->13628K(21504K)], 0.0743580 secs] [Times: user=0.52 sys=0.01, real=0.07 secs] 
126.821: Total time for which application threads were stopped: 0.0750390 seconds, Stopping threads took: 0.0000540 seconds
126.847: Application time: 0.0254530 seconds
126.847: [Full GC [PSYoungGen: 139264K->31936K(162304K)] [ParOldGen: 369975K->369975K(370176K)] 509239K->401911K(532480K) [PSPermGen: 13628K->13628K(21504K)], 0.0738490 secs] [Times: user=0.52 sys=0.00, real=0.07 secs] 
126.921: Total time for which application threads were stopped: 0.0745270 seconds, Stopping threads took: 0.0001140 seconds
126.947: Application time: 0.0263490 seconds
126.948: [Full GC [PSYoungGen: 139264K->31951K(162304K)] [ParOldGen: 369975K->369975K(370176K)] 509239K->401926K(532480K) [PSPermGen: 13628K->13628K(21504K)], 0.0736140 secs] [Times: user=0.52 sys=0.00, real=0.07 secs] 
127.022: Total time for which application threads were stopped: 0.0743040 seconds, Stopping threads took: 0.0000720 seconds
127.048: Application time: 0.0259480 seconds
127.048: [Full GC [PSYoungGen: 139264K->31912K(162304K)] [ParOldGen: 369975K->369975K(370176K)] 509239K->401888K(532480K) [PSPermGen: 13628K->13628K(21504K)], 0.0732020 secs] [Times: user=0.51 sys=0.00, real=0.07 secs] 
127.122: Total time for which application threads were stopped: 0.0739460 seconds, Stopping threads took: 0.0001070 seconds
127.148: Application time: 0.0260540 seconds
127.148: [Full GC [PSYoungGen: 139264K->31855K(162304K)] [ParOldGen: 369975K->369975K(370176K)] 509239K->401830K(532480K) [PSPermGen: 13628K->13628K(21504K)], 0.0733930 secs] [Times: user=0.52 sys=0.00, real=0.07 secs] 
127.222: Total time for which application threads were stopped: 0.0741240 seconds, Stopping threads took: 0.0000740 seconds
127.247: Application time: 0.0255980 seconds
127.248: [Full GC [PSYoungGen: 139264K->31855K(162304K)] [ParOldGen: 369975K->369975K(370176K)] 509239K->401830K(532480K) [PSPermGen: 13628K->13628K(21504K)], 0.0735970 secs] [Times: user=0.52 sys=0.00, real=0.07 secs] 
127.322: Total time for which application threads were stopped: 0.0742410 seconds, Stopping threads took: 0.0000740 seconds
127.348: Application time: 0.0258030 seconds
127.348: [Full GC [PSYoungGen: 139264K->31872K(162304K)] [ParOldGen: 369975K->369975K(370176K)] 509239K->401847K(532480K) [PSPermGen: 13628K->13628K(21504K)], 0.0752570 secs] [Times: user=0.53 sys=0.00, real=0.07 secs] 
127.424: Total time for which application threads were stopped: 0.0759460 seconds, Stopping threads took: 0.0000570 seconds
127.449: Application time: 0.0257320 seconds
127.450: [Full GC [PSYoungGen: 139264K->31886K(162304K)] [ParOldGen: 369975K->369975K(370176K)] 509239K->401861K(532480K) [PSPermGen: 13628K->13628K(21504K)], 0.0731340 secs] [Times: user=0.51 sys=0.00, real=0.07 secs] 
127.523: Total time for which application threads were stopped: 0.0737570 seconds, Stopping threads took: 0.0000570 seconds
127.549: Application time: 0.0255230 seconds
127.549: [Full GC [PSYoungGen: 139264K->31901K(162304K)] [ParOldGen: 369975K->369975K(370176K)] 509239K->401876K(532480K) [PSPermGen: 13628K->13628K(21504K)], 0.0726360 secs] [Times: user=0.51 sys=0.00, real=0.07 secs] 
127.622: Total time for which application threads were stopped: 0.0733140 seconds, Stopping threads took: 0.0000580 seconds
127.648: Application time: 0.0256790 seconds
127.648: [Full GC [PSYoungGen: 139264K->31919K(162304K)] [ParOldGen: 369975K->369975K(370176K)] 509239K->401894K(532480K) [PSPermGen: 13628K->13628K(21504K)], 0.0733390 secs] [Times: user=0.51 sys=0.00, real=0.07 secs] 
127.722: Total time for which application threads were stopped: 0.0740600 seconds, Stopping threads took: 0.0000880 seconds
127.747: Application time: 0.0254520 seconds
127.748: [Full GC [PSYoungGen: 139264K->31934K(162304K)] [ParOldGen: 369975K->369975K(370176K)] 509239K->401910K(532480K) [PSPermGen: 13628K->13628K(21504K)], 0.0729080 secs] [Times: user=0.51 sys=0.00, real=0.07 secs] 
127.821: Total time for which application threads were stopped: 0.0736310 seconds, Stopping threads took: 0.0000630 seconds
127.846: Application time: 0.0258020 seconds
127.847: [Full GC [PSYoungGen: 139264K->31885K(162304K)] [ParOldGen: 369975K->369975K(370176K)] 509239K->401861K(532480K) [PSPermGen: 13628K->13628K(21504K)], 0.0732010 secs] [Times: user=0.51 sys=0.00, real=0.07 secs] 
127.920: Total time for which application threads were stopped: 0.0739050 seconds, Stopping threads took: 0.0000710 seconds
127.947: Application time: 0.0263400 seconds
127.947: [Full GC [PSYoungGen: 139264K->31895K(162304K)] [ParOldGen: 369975K->369975K(370176K)] 509239K->401871K(532480K) [PSPermGen: 13628K->13628K(21504K)], 0.0730390 secs] [Times: user=0.52 sys=0.00, real=0.07 secs] 
128.020: Total time for which application threads were stopped: 0.0737170 seconds, Stopping threads took: 0.0000690 seconds
128.046: Application time: 0.0255030 seconds
128.047: [Full GC [PSYoungGen: 139264K->31911K(162304K)] [ParOldGen: 369975K->369975K(370176K)] 509239K->401886K(532480K) [PSPermGen: 13628K->13628K(21504K)], 0.0742770 secs] [Times: user=0.52 sys=0.00, real=0.07 secs] 
128.121: Total time for which application threads were stopped: 0.0749850 seconds, Stopping threads took: 0.0000700 seconds
128.147: Application time: 0.0256030 seconds
128.147: [Full GC [PSYoungGen: 139264K->31927K(162304K)] [ParOldGen: 369975K->369975K(370176K)] 509239K->401902K(532480K) [PSPermGen: 13628K->13628K(21504K)], 0.0730330 secs] [Times: user=0.52 sys=0.00, real=0.07 secs] 
128.220: Total time for which application threads were stopped: 0.0737000 seconds, Stopping threads took: 0.0000530 seconds
128.246: Application time: 0.0260830 seconds
128.247: [Full GC [PSYoungGen: 139264K->31935K(162304K)] [ParOldGen: 369975K->369975K(370176K)] 509239K->401910K(532480K) [PSPermGen: 13628K->13628K(21504K)], 0.0737540 secs] [Times: user=0.51 sys=0.00, real=0.07 secs] 
128.321: Total time for which application threads were stopped: 0.0744390 seconds, Stopping threads took: 0.0000650 seconds
128.347: Application time: 0.0259120 seconds
128.347: [Full GC [PSYoungGen: 139264K->31818K(162304K)] [ParOldGen: 369975K->369975K(370176K)] 509239K->401793K(532480K) [PSPermGen: 13628K->13628K(21504K)], 0.0742260 secs] [Times: user=0.52 sys=0.01, real=0.07 secs] 
128.422: Total time for which application threads were stopped: 0.0749250 seconds, Stopping threads took: 0.0001170 seconds
128.447: Application time: 0.0258180 seconds
128.448: [Full GC [PSYoungGen: 139264K->31774K(162304K)] [ParOldGen: 369975K->369975K(370176K)] 509239K->401749K(532480K) [PSPermGen: 13628K->13628K(21504K)], 0.0734890 secs] [Times: user=0.52 sys=0.00, real=0.07 secs] 
128.522: Total time for which application threads were stopped: 0.0742440 seconds, Stopping threads took: 0.0001120 seconds
128.547: Application time: 0.0253470 seconds
128.548: [Full GC [PSYoungGen: 139264K->31774K(162304K)] [ParOldGen: 369975K->369975K(370176K)] 509239K->401750K(532480K) [PSPermGen: 13628K->13628K(21504K)], 0.0744730 secs] [Times: user=0.52 sys=0.00, real=0.07 secs] 
128.622: Total time for which application threads were stopped: 0.0751260 seconds, Stopping threads took: 0.0000950 seconds
128.648: Application time: 0.0257750 seconds
128.649: [Full GC [PSYoungGen: 139264K->31790K(162304K)] [ParOldGen: 369975K->369975K(370176K)] 509239K->401766K(532480K) [PSPermGen: 13628K->13628K(21504K)], 0.0738920 secs] [Times: user=0.52 sys=0.00, real=0.07 secs] 
128.723: Total time for which application threads were stopped: 0.0745720 seconds, Stopping threads took: 0.0000990 seconds
128.748: Application time: 0.0256300 seconds
128.749: [Full GC [PSYoungGen: 139264K->31805K(162304K)] [ParOldGen: 369975K->369975K(370176K)] 509239K->401780K(532480K) [PSPermGen: 13628K->13628K(21504K)], 0.0737790 secs] [Times: user=0.53 sys=0.00, real=0.07 secs] 
128.823: Total time for which application threads were stopped: 0.0745010 seconds, Stopping threads took: 0.0000820 seconds
128.848: Application time: 0.0254380 seconds
128.849: [Full GC [PSYoungGen: 139264K->31821K(162304K)] [ParOldGen: 369975K->369975K(370176K)] 509239K->401796K(532480K) [PSPermGen: 13628K->13628K(21504K)], 0.0740990 secs] [Times: user=0.52 sys=0.00, real=0.07 secs] 
128.923: Total time for which application threads were stopped: 0.0747460 seconds, Stopping threads took: 0.0000510 seconds
128.949: Application time: 0.0264530 seconds
128.950: [Full GC [PSYoungGen: 139264K->31839K(162304K)] [ParOldGen: 369975K->369975K(370176K)] 509239K->401814K(532480K) [PSPermGen: 13628K->13628K(21504K)], 0.0734900 secs] [Times: user=0.52 sys=0.00, real=0.07 secs] 
129.023: Total time for which application threads were stopped: 0.0741790 seconds, Stopping threads took: 0.0000660 seconds
129.049: Application time: 0.0255030 seconds
129.050: [Full GC [PSYoungGen: 139264K->31852K(162304K)] [ParOldGen: 369975K->369975K(370176K)] 509239K->401828K(532480K) [PSPermGen: 13628K->13628K(21504K)], 0.0734230 secs] [Times: user=0.51 sys=0.00, real=0.07 secs] 
129.123: Total time for which application threads were stopped: 0.0741170 seconds, Stopping threads took: 0.0000680 seconds
129.149: Application time: 0.0256010 seconds
129.149: [Full GC [PSYoungGen: 139264K->31868K(162304K)] [ParOldGen: 369975K->369975K(370176K)] 509239K->401843K(532480K) [PSPermGen: 13628K->13628K(21504K)], 0.0730240 secs] [Times: user=0.51 sys=0.00, real=0.07 secs] 
129.222: Total time for which application threads were stopped: 0.0737290 seconds, Stopping threads took: 0.0000720 seconds
129.248: Application time: 0.0253770 seconds
129.248: [Full GC [PSYoungGen: 139264K->31881K(162304K)] [ParOldGen: 369975K->369975K(370176K)] 509239K->401857K(532480K) [PSPermGen: 13628K->13628K(21504K)], 0.0727010 secs] [Times: user=0.52 sys=0.00, real=0.07 secs] 
129.321: Total time for which application threads were stopped: 0.0734180 seconds, Stopping threads took: 0.0000820 seconds
129.347: Application time: 0.0253890 seconds
129.347: [Full GC [PSYoungGen: 139264K->31899K(162304K)] [ParOldGen: 369975K->369975K(370176K)] 509239K->401874K(532480K) [PSPermGen: 13628K->13628K(21504K)], 0.0743860 secs] [Times: user=0.52 sys=0.00, real=0.07 secs] 
129.422: Total time for which application threads were stopped: 0.0750200 seconds, Stopping threads took: 0.0000760 seconds
129.447: Application time: 0.0255090 seconds
129.448: [Full GC [PSYoungGen: 139264K->31911K(162304K)] [ParOldGen: 369975K->369975K(370176K)] 509239K->401886K(532480K) [PSPermGen: 13628K->13628K(21504K)], 0.0738270 secs] [Times: user=0.51 sys=0.01, real=0.07 secs] 
129.522: Total time for which application threads were stopped: 0.0745520 seconds, Stopping threads took: 0.0000660 seconds
129.547: Application time: 0.0257330 seconds
129.548: [Full GC [PSYoungGen: 139264K->31876K(162304K)] [ParOldGen: 369975K->369975K(370176K)] 509239K->401851K(532480K) [PSPermGen: 13628K->13628K(21504K)], 0.0735470 secs] [Times: user=0.52 sys=0.00, real=0.07 secs] 
129.622: Total time for which application threads were stopped: 0.0742390 seconds, Stopping threads took: 0.0000720 seconds
129.647: Application time: 0.0253380 seconds
129.648: [Full GC [PSYoungGen: 139264K->31874K(162304K)] [ParOldGen: 369975K->369975K(370176K)] 509239K->401849K(532480K) [PSPermGen: 13628K->13628K(21504K)], 0.0735420 secs] [Times: user=0.52 sys=0.00, real=0.07 secs] 
129.721: Total time for which application threads were stopped: 0.0742770 seconds, Stopping threads took: 0.0001080 seconds
129.747: Application time: 0.0256150 seconds
129.748: [Full GC [PSYoungGen: 139264K->31890K(162304K)] [ParOldGen: 369975K->369975K(370176K)] 509239K->401865K(532480K) [PSPermGen: 13628K->13628K(21504K)], 0.0734020 secs] [Times: user=0.51 sys=0.00, real=0.07 secs] 
129.821: Total time for which application threads were stopped: 0.0741170 seconds, Stopping threads took: 0.0000940 seconds
129.847: Application time: 0.0254810 seconds
129.847: [Full GC [PSYoungGen: 139264K->31902K(162304K)] [ParOldGen: 369975K->369975K(370176K)] 509239K->401878K(532480K) [PSPermGen: 13628K->13628K(21504K)], 0.0742640 secs] [Times: user=0.52 sys=0.00, real=0.07 secs] 
129.921: Total time for which application threads were stopped: 0.0748830 seconds, Stopping threads took: 0.0000660 seconds
129.948: Application time: 0.0263550 seconds
129.948: [Full GC [PSYoungGen: 139264K->31918K(162304K)] [ParOldGen: 369975K->369975K(370176K)] 509239K->401893K(532480K) [PSPermGen: 13628K->13628K(21504K)], 0.0735360 secs] [Times: user=0.52 sys=0.00, real=0.07 secs] 
130.022: Total time for which application threads were stopped: 0.0742490 seconds, Stopping threads took: 0.0000520 seconds
130.047: Application time: 0.0253990 seconds
130.048: [Full GC [PSYoungGen: 139264K->31933K(162304K)] [ParOldGen: 369975K->369975K(370176K)] 509239K->401908K(532480K) [PSPermGen: 13628K->13628K(21504K)], 0.0740180 secs] [Times: user=0.52 sys=0.00, real=0.07 secs] 
130.122: Total time for which application threads were stopped: 0.0746670 seconds, Stopping threads took: 0.0000650 seconds
130.148: Application time: 0.0254100 seconds
130.148: [Full GC [PSYoungGen: 139264K->31947K(162304K)] [ParOldGen: 369975K->369975K(370176K)] 509239K->401922K(532480K) [PSPermGen: 13628K->13628K(21504K)], 0.0740570 secs] [Times: user=0.52 sys=0.00, real=0.07 secs] 
130.222: Total time for which application threads were stopped: 0.0747670 seconds, Stopping threads took: 0.0000590 seconds
130.248: Application time: 0.0254440 seconds
130.248: [Full GC [PSYoungGen: 139264K->31912K(162304K)] [ParOldGen: 369975K->369975K(370176K)] 509239K->401887K(532480K) [PSPermGen: 13628K->13628K(21504K)], 0.0734470 secs] [Times: user=0.52 sys=0.00, real=0.07 secs] 
130.322: Total time for which application threads were stopped: 0.0741510 seconds, Stopping threads took: 0.0000590 seconds
130.347: Application time: 0.0253540 seconds
130.348: [Full GC [PSYoungGen: 139264K->31909K(162304K)] [ParOldGen: 369975K->369975K(370176K)] 509239K->401885K(532480K) [PSPermGen: 13628K->13628K(21504K)], 0.0738290 secs] [Times: user=0.52 sys=0.00, real=0.07 secs] 
130.422: Total time for which application threads were stopped: 0.0744470 seconds, Stopping threads took: 0.0000620 seconds
130.447: Application time: 0.0253560 seconds
130.448: [Full GC [PSYoungGen: 139264K->31927K(162304K)] [ParOldGen: 369975K->369975K(370176K)] 509239K->401902K(532480K) [PSPermGen: 13628K->13628K(21504K)], 0.0732040 secs] [Times: user=0.52 sys=0.00, real=0.07 secs] 
130.521: Total time for which application threads were stopped: 0.0738600 seconds, Stopping threads took: 0.0000650 seconds
130.546: Application time: 0.0252440 seconds
130.547: [Full GC [PSYoungGen: 139264K->31942K(162304K)] [ParOldGen: 369975K->369975K(370176K)] 509239K->401917K(532480K) [PSPermGen: 13628K->13628K(21504K)], 0.0731020 secs] [Times: user=0.51 sys=0.00, real=0.07 secs] 
130.620: Total time for which application threads were stopped: 0.0738400 seconds, Stopping threads took: 0.0000740 seconds
130.646: Application time: 0.0258410 seconds
130.646: [Full GC [PSYoungGen: 139264K->31894K(162304K)] [ParOldGen: 369975K->369975K(370176K)] 509239K->401870K(532480K) [PSPermGen: 13628K->13628K(21504K)], 0.0734810 secs] [Times: user=0.52 sys=0.00, real=0.07 secs] 
130.720: Total time for which application threads were stopped: 0.0741770 seconds, Stopping threads took: 0.0000700 seconds
130.746: Application time: 0.0259890 seconds
130.747: [Full GC [PSYoungGen: 139264K->31847K(162304K)] [ParOldGen: 369975K->369975K(370176K)] 509239K->401822K(532480K) [PSPermGen: 13628K->13628K(21504K)], 0.0735960 secs] [Times: user=0.52 sys=0.00, real=0.07 secs] 
130.820: Total time for which application threads were stopped: 0.0742320 seconds, Stopping threads took: 0.0000600 seconds
130.846: Application time: 0.0253210 seconds
130.846: [Full GC [PSYoungGen: 139264K->31847K(162304K)] [ParOldGen: 369975K->369975K(370176K)] 509239K->401822K(532480K) [PSPermGen: 13628K->13628K(21504K)], 0.0739150 secs] [Times: user=0.52 sys=0.00, real=0.07 secs] 
130.920: Total time for which application threads were stopped: 0.0746180 seconds, Stopping threads took: 0.0000670 seconds
130.946: Application time: 0.0262900 seconds
130.947: [Full GC [PSYoungGen: 139264K->31859K(162304K)] [ParOldGen: 369975K->369975K(370176K)] 509239K->401835K(532480K) [PSPermGen: 13628K->13628K(21504K)], 0.0738230 secs] [Times: user=0.51 sys=0.00, real=0.07 secs] 
131.021: Total time for which application threads were stopped: 0.0744680 seconds, Stopping threads took: 0.0000600 seconds
131.047: Application time: 0.0256730 seconds
131.047: [Full GC [PSYoungGen: 139264K->31878K(162304K)] [ParOldGen: 369975K->369975K(370176K)] 509239K->401853K(532480K) [PSPermGen: 13628K->13628K(21504K)], 0.0729510 secs] [Times: user=0.51 sys=0.00, real=0.07 secs] 
131.120: Total time for which application threads were stopped: 0.0736350 seconds, Stopping threads took: 0.0000640 seconds
131.146: Application time: 0.0253900 seconds
131.146: [Full GC [PSYoungGen: 139264K->31893K(162304K)] [ParOldGen: 369975K->369975K(370176K)] 509239K->401869K(532480K) [PSPermGen: 13628K->13628K(21504K)], 0.0736420 secs] [Times: user=0.52 sys=0.00, real=0.07 secs] 
131.220: Total time for which application threads were stopped: 0.0743310 seconds, Stopping threads took: 0.0000520 seconds
131.246: Application time: 0.0257220 seconds
131.246: [Full GC [PSYoungGen: 139264K->31909K(162304K)] [ParOldGen: 369975K->369975K(370176K)] 509239K->401884K(532480K) [PSPermGen: 13628K->13628K(21504K)], 0.0733110 secs] [Times: user=0.51 sys=0.00, real=0.07 secs] 
131.320: Total time for which application threads were stopped: 0.0739790 seconds, Stopping threads took: 0.0000490 seconds
131.345: Application time: 0.0256540 seconds
131.346: [Full GC [PSYoungGen: 139264K->31923K(162304K)] [ParOldGen: 369975K->369975K(370176K)] 509239K->401898K(532480K) [PSPermGen: 13628K->13628K(21504K)], 0.0733920 secs] [Times: user=0.52 sys=0.00, real=0.07 secs] 
131.419: Total time for which application threads were stopped: 0.0740910 seconds, Stopping threads took: 0.0000600 seconds
131.445: Application time: 0.0258960 seconds
131.446: [Full GC [PSYoungGen: 139264K->31939K(162304K)] [ParOldGen: 369975K->369975K(370176K)] 509239K->401915K(532480K) [PSPermGen: 13628K->13628K(21504K)], 0.0728250 secs] [Times: user=0.51 sys=0.00, real=0.07 secs] 
131.519: Total time for which application threads were stopped: 0.0735040 seconds, Stopping threads took: 0.0000680 seconds
131.545: Application time: 0.0262320 seconds
131.546: [Full GC [PSYoungGen: 139264K->31881K(162304K)] [ParOldGen: 369975K->369975K(370176K)] 509239K->401856K(532480K) [PSPermGen: 13628K->13628K(21504K)], 0.0734660 secs] [Times: user=0.52 sys=0.00, real=0.07 secs] 
131.619: Total time for which application threads were stopped: 0.0741530 seconds, Stopping threads took: 0.0000760 seconds
131.645: Application time: 0.0259190 seconds
131.646: [Full GC [PSYoungGen: 139264K->31902K(162304K)] [ParOldGen: 369975K->369975K(370176K)] 509239K->401877K(532480K) [PSPermGen: 13628K->13628K(21504K)], 0.0736220 secs] [Times: user=0.52 sys=0.00, real=0.07 secs] 
131.720: Total time for which application threads were stopped: 0.0743340 seconds, Stopping threads took: 0.0000690 seconds
131.745: Application time: 0.0255700 seconds
131.746: [Full GC [PSYoungGen: 139264K->31915K(162304K)] [ParOldGen: 369975K->369975K(370176K)] 509239K->401891K(532480K) [PSPermGen: 13628K->13628K(21504K)], 0.0734860 secs] [Times: user=0.52 sys=0.00, real=0.07 secs] 
131.819: Total time for which application threads were stopped: 0.0741560 seconds, Stopping threads took: 0.0000580 seconds
131.845: Application time: 0.0256690 seconds
131.846: [Full GC [PSYoungGen: 139264K->31932K(162304K)] [ParOldGen: 369975K->369975K(370176K)] 509239K->401907K(532480K) [PSPermGen: 13628K->13628K(21504K)], 0.0737750 secs] [Times: user=0.52 sys=0.00, real=0.07 secs] 
131.919: Total time for which application threads were stopped: 0.0744130 seconds, Stopping threads took: 0.0000750 seconds
131.946: Application time: 0.0271350 seconds
131.947: [Full GC [PSYoungGen: 139264K->31836K(162304K)] [ParOldGen: 369975K->369975K(370176K)] 509239K->401812K(532480K) [PSPermGen: 13628K->13628K(21504K)], 0.0733370 secs] [Times: user=0.52 sys=0.00, real=0.07 secs] 
132.021: Total time for which application threads were stopped: 0.0740450 seconds, Stopping threads took: 0.0000710 seconds
132.046: Application time: 0.0256200 seconds
132.047: [Full GC [PSYoungGen: 139264K->31821K(162304K)] [ParOldGen: 369975K->369975K(370176K)] 509239K->401797K(532480K) [PSPermGen: 13628K->13628K(21504K)], 0.0733080 secs] [Times: user=0.51 sys=0.00, real=0.07 secs] 
132.120: Total time for which application threads were stopped: 0.0740100 seconds, Stopping threads took: 0.0000520 seconds
132.146: Application time: 0.0256830 seconds
132.147: [Full GC [PSYoungGen: 139264K->31837K(162304K)] [ParOldGen: 369975K->369975K(370176K)] 509239K->401812K(532480K) [PSPermGen: 13628K->13628K(21504K)], 0.0731810 secs] [Times: user=0.52 sys=0.00, real=0.07 secs] 
132.220: Total time for which application threads were stopped: 0.0738870 seconds, Stopping threads took: 0.0000740 seconds
132.246: Application time: 0.0259170 seconds
132.246: [Full GC [PSYoungGen: 139264K->31796K(162304K)] [ParOldGen: 369975K->369975K(370176K)] 509239K->401771K(532480K) [PSPermGen: 13628K->13628K(21504K)], 0.0740100 secs] [Times: user=0.52 sys=0.01, real=0.07 secs] 
132.320: Total time for which application threads were stopped: 0.0747290 seconds, Stopping threads took: 0.0000610 seconds
132.346: Application time: 0.0254890 seconds
132.346: [Full GC [PSYoungGen: 139264K->31794K(162304K)] [ParOldGen: 369975K->369975K(370176K)] 509239K->401769K(532480K) [PSPermGen: 13628K->13628K(21504K)], 0.0733200 secs] [Times: user=0.52 sys=0.00, real=0.07 secs] 
132.420: Total time for which application threads were stopped: 0.0739680 seconds, Stopping threads took: 0.0000690 seconds
132.445: Application time: 0.0254960 seconds
132.446: [Full GC [PSYoungGen: 139264K->31813K(162304K)] [ParOldGen: 369975K->369975K(370176K)] 509239K->401788K(532480K) [PSPermGen: 13628K->13628K(21504K)], 0.0732290 secs] [Times: user=0.52 sys=0.00, real=0.07 secs] 
132.519: Total time for which application threads were stopped: 0.0739390 seconds, Stopping threads took: 0.0000680 seconds
132.545: Application time: 0.0253940 seconds
132.545: [Full GC [PSYoungGen: 139264K->31828K(162304K)] [ParOldGen: 369975K->369975K(370176K)] 509239K->401803K(532480K) [PSPermGen: 13628K->13628K(21504K)], 0.0733870 secs] [Times: user=0.51 sys=0.01, real=0.07 secs] 
132.619: Total time for which application threads were stopped: 0.0741040 seconds, Stopping threads took: 0.0000860 seconds
132.644: Application time: 0.0253510 seconds
132.645: [Full GC [PSYoungGen: 139264K->31840K(162304K)] [ParOldGen: 369975K->369975K(370176K)] 509239K->401816K(532480K) [PSPermGen: 13628K->13628K(21504K)], 0.0736560 secs] [Times: user=0.52 sys=0.00, real=0.07 secs] 
132.719: Total time for which application threads were stopped: 0.0743800 seconds, Stopping threads took: 0.0000990 seconds
132.744: Application time: 0.0255170 seconds
132.745: [Full GC [PSYoungGen: 139264K->31858K(162304K)] [ParOldGen: 369975K->369975K(370176K)] 509239K->401833K(532480K) [PSPermGen: 13628K->13628K(21504K)], 0.0734420 secs] [Times: user=0.52 sys=0.00, real=0.07 secs] 
132.818: Total time for which application threads were stopped: 0.0741570 seconds, Stopping threads took: 0.0000710 seconds
132.844: Application time: 0.0253090 seconds
132.844: [Full GC [PSYoungGen: 139264K->31873K(162304K)] [ParOldGen: 369975K->369975K(370176K)] 509239K->401848K(532480K) [PSPermGen: 13628K->13628K(21504K)], 0.0729230 secs] [Times: user=0.51 sys=0.00, real=0.08 secs] 
132.917: Total time for which application threads were stopped: 0.0736100 seconds, Stopping threads took: 0.0000670 seconds
132.943: Application time: 0.0259580 seconds
132.944: [Full GC [PSYoungGen: 139264K->31888K(162304K)] [ParOldGen: 369975K->369975K(370176K)] 509239K->401863K(532480K) [PSPermGen: 13628K->13628K(21504K)], 0.0724560 secs] [Times: user=0.50 sys=0.00, real=0.08 secs] 
133.016: Total time for which application threads were stopped: 0.0732670 seconds, Stopping threads took: 0.0000660 seconds
133.042: Application time: 0.0256850 seconds
133.043: [Full GC [PSYoungGen: 139264K->31905K(162304K)] [ParOldGen: 369975K->369975K(370176K)] 509239K->401880K(532480K) [PSPermGen: 13628K->13628K(21504K)], 0.0737650 secs] [Times: user=0.52 sys=0.00, real=0.08 secs] 
133.117: Total time for which application threads were stopped: 0.0744400 seconds, Stopping threads took: 0.0000490 seconds
133.142: Application time: 0.0256270 seconds
133.143: [Full GC [PSYoungGen: 139264K->31914K(162304K)] [ParOldGen: 369975K->369975K(370176K)] 509239K->401889K(532480K) [PSPermGen: 13628K->13628K(21504K)], 0.0734700 secs] [Times: user=0.51 sys=0.00, real=0.08 secs] 
133.216: Total time for which application threads were stopped: 0.0741450 seconds, Stopping threads took: 0.0000570 seconds
133.242: Application time: 0.0257470 seconds
133.243: [Full GC [PSYoungGen: 139264K->31866K(162304K)] [ParOldGen: 369975K->369975K(370176K)] 509239K->401841K(532480K) [PSPermGen: 13628K->13628K(21504K)], 0.0731650 secs] [Times: user=0.50 sys=0.00, real=0.08 secs] 
133.316: Total time for which application threads were stopped: 0.0738840 seconds, Stopping threads took: 0.0000880 seconds
133.342: Application time: 0.0255870 seconds
133.342: [Full GC [PSYoungGen: 139264K->31880K(162304K)] [ParOldGen: 369975K->369975K(370176K)] 509239K->401855K(532480K) [PSPermGen: 13628K->13628K(21504K)], 0.0743340 secs] [Times: user=0.51 sys=0.00, real=0.08 secs] 
133.416: Total time for which application threads were stopped: 0.0749630 seconds, Stopping threads took: 0.0000550 seconds
133.442: Application time: 0.0254050 seconds
133.443: [Full GC [PSYoungGen: 139264K->31894K(162304K)] [ParOldGen: 369975K->369975K(370176K)] 509239K->401869K(532480K) [PSPermGen: 13628K->13628K(21504K)], 0.0733580 secs] [Times: user=0.51 sys=0.00, real=0.08 secs] 
133.516: Total time for which application threads were stopped: 0.0740440 seconds, Stopping threads took: 0.0000770 seconds
133.542: Application time: 0.0257560 seconds
133.542: [Full GC [PSYoungGen: 139264K->31908K(162304K)] [ParOldGen: 369975K->369975K(370176K)] 509239K->401884K(532480K) [PSPermGen: 13628K->13628K(21504K)], 0.0738040 secs] [Times: user=0.51 sys=0.00, real=0.08 secs] 
133.616: Total time for which application threads were stopped: 0.0744710 seconds, Stopping threads took: 0.0000840 seconds
133.642: Application time: 0.0258630 seconds
133.643: [Full GC [PSYoungGen: 139264K->31925K(162304K)] [ParOldGen: 369975K->369975K(370176K)] 509239K->401900K(532480K) [PSPermGen: 13628K->13628K(21504K)], 0.0730760 secs] [Times: user=0.51 sys=0.00, real=0.08 secs] 
133.716: Total time for which application threads were stopped: 0.0737890 seconds, Stopping threads took: 0.0000770 seconds
133.741: Application time: 0.0255050 seconds
133.742: [Full GC [PSYoungGen: 139264K->31941K(162304K)] [ParOldGen: 369975K->369975K(370176K)] 509239K->401917K(532480K) [PSPermGen: 13628K->13628K(21504K)], 0.0733010 secs] [Times: user=0.52 sys=0.00, real=0.08 secs] 
133.815: Total time for which application threads were stopped: 0.0740000 seconds, Stopping threads took: 0.0000620 seconds
133.841: Application time: 0.0253650 seconds
133.841: [Full GC [PSYoungGen: 139264K->31954K(162304K)] [ParOldGen: 369975K->369975K(370176K)] 509239K->401930K(532480K) [PSPermGen: 13628K->13628K(21504K)], 0.0742910 secs] [Times: user=0.52 sys=0.00, real=0.08 secs] 
133.916: Total time for which application threads were stopped: 0.0749240 seconds, Stopping threads took: 0.0000620 seconds
133.942: Application time: 0.0259390 seconds
133.942: [Full GC [PSYoungGen: 139264K->31903K(162304K)] [ParOldGen: 369975K->369975K(370176K)] 509239K->401879K(532480K) [PSPermGen: 13628K->13628K(21504K)], 0.0750340 secs] [Times: user=0.53 sys=0.00, real=0.08 secs] 
134.017: Total time for which application threads were stopped: 0.0757860 seconds, Stopping threads took: 0.0000620 seconds
134.043: Application time: 0.0256040 seconds
134.044: [Full GC [PSYoungGen: 139264K->31917K(162304K)] [ParOldGen: 369975K->369975K(370176K)] 509239K->401892K(532480K) [PSPermGen: 13628K->13628K(21504K)], 0.0734600 secs] [Times: user=0.51 sys=0.00, real=0.08 secs] 
134.117: Total time for which application threads were stopped: 0.0741660 seconds, Stopping threads took: 0.0000700 seconds
134.143: Application time: 0.0254110 seconds
134.143: [Full GC [PSYoungGen: 139264K->31933K(162304K)] [ParOldGen: 369975K->369975K(370176K)] 509239K->401909K(532480K) [PSPermGen: 13628K->13628K(21504K)], 0.0738820 secs] [Times: user=0.51 sys=0.01, real=0.08 secs] 
134.217: Total time for which application threads were stopped: 0.0745820 seconds, Stopping threads took: 0.0000730 seconds
134.243: Application time: 0.0259970 seconds
134.244: [Full GC [PSYoungGen: 139264K->31948K(162304K)] [ParOldGen: 369975K->369975K(370176K)] 509239K->401923K(532480K) [PSPermGen: 13628K->13628K(21504K)], 0.0729090 secs] [Times: user=0.51 sys=0.00, real=0.08 secs] 
134.317: Total time for which application threads were stopped: 0.0735990 seconds, Stopping threads took: 0.0000630 seconds
134.343: Application time: 0.0260150 seconds
134.343: [Full GC [PSYoungGen: 139264K->31853K(162304K)] [ParOldGen: 369975K->369975K(370176K)] 509239K->401829K(532480K) [PSPermGen: 13628K->13628K(21504K)], 0.0745450 secs] [Times: user=0.52 sys=0.00, real=0.08 secs] 
134.418: Total time for which application threads were stopped: 0.0751810 seconds, Stopping threads took: 0.0000690 seconds
134.443: Application time: 0.0255310 seconds
134.444: [Full GC [PSYoungGen: 139264K->31838K(162304K)] [ParOldGen: 369975K->369975K(370176K)] 509239K->401813K(532480K) [PSPermGen: 13628K->13628K(21504K)], 0.0731650 secs] [Times: user=0.52 sys=0.00, real=0.08 secs] 
134.517: Total time for which application threads were stopped: 0.0738150 seconds, Stopping threads took: 0.0000470 seconds
134.543: Application time: 0.0253760 seconds
134.543: [Full GC [PSYoungGen: 139264K->31852K(162304K)] [ParOldGen: 369975K->369975K(370176K)] 509239K->401827K(532480K) [PSPermGen: 13628K->13628K(21504K)], 0.0740990 secs] [Times: user=0.52 sys=0.00, real=0.08 secs] 
134.617: Total time for which application threads were stopped: 0.0747370 seconds, Stopping threads took: 0.0000770 seconds
134.643: Application time: 0.0254470 seconds
134.644: [Full GC [PSYoungGen: 139264K->31867K(162304K)] [ParOldGen: 369975K->369975K(370176K)] 509239K->401843K(532480K) [PSPermGen: 13628K->13628K(21504K)], 0.0731390 secs] [Times: user=0.52 sys=0.00, real=0.08 secs] 
134.717: Total time for which application threads were stopped: 0.0738580 seconds, Stopping threads took: 0.0000630 seconds
134.742: Application time: 0.0256960 seconds
134.743: [Full GC [PSYoungGen: 139264K->31883K(162304K)] [ParOldGen: 369975K->369975K(370176K)] 509239K->401858K(532480K) [PSPermGen: 13628K->13628K(21504K)], 0.0730520 secs] [Times: user=0.51 sys=0.00, real=0.08 secs] 
134.816: Total time for which application threads were stopped: 0.0737460 seconds, Stopping threads took: 0.0000560 seconds
134.842: Application time: 0.0259730 seconds
134.843: [Full GC [PSYoungGen: 139264K->31900K(162304K)] [ParOldGen: 369975K->369975K(370176K)] 509239K->401875K(532480K) [PSPermGen: 13628K->13628K(21504K)], 0.0733730 secs] [Times: user=0.51 sys=0.01, real=0.08 secs] 
134.916: Total time for which application threads were stopped: 0.0740720 seconds, Stopping threads took: 0.0000780 seconds
134.942: Application time: 0.0262440 seconds
134.943: [Full GC [PSYoungGen: 139264K->31914K(162304K)] [ParOldGen: 369975K->369975K(370176K)] 509239K->401890K(532480K) [PSPermGen: 13628K->13628K(21504K)], 0.0751610 secs] [Times: user=0.52 sys=0.00, real=0.08 secs] 
135.018: Total time for which application threads were stopped: 0.0758760 seconds, Stopping threads took: 0.0000820 seconds
135.044: Application time: 0.0257840 seconds
135.045: [Full GC [PSYoungGen: 139264K->31931K(162304K)] [ParOldGen: 369975K->369975K(370176K)] 509239K->401906K(532480K) [PSPermGen: 13628K->13628K(21504K)], 0.0749480 secs] [Times: user=0.52 sys=0.00, real=0.07 secs] 
135.120: Total time for which application threads were stopped: 0.0756390 seconds, Stopping threads took: 0.0000490 seconds
135.145: Application time: 0.0255690 seconds
135.146: [Full GC [PSYoungGen: 139264K->31948K(162304K)] [ParOldGen: 369975K->369975K(370176K)] 509239K->401923K(532480K) [PSPermGen: 13628K->13628K(21504K)], 0.0735690 secs] [Times: user=0.51 sys=0.01, real=0.07 secs] 
135.220: Total time for which application threads were stopped: 0.0742670 seconds, Stopping threads took: 0.0000550 seconds
135.245: Application time: 0.0255440 seconds
135.246: [Full GC [PSYoungGen: 139264K->31963K(162304K)] [ParOldGen: 369975K->369975K(370176K)] 509239K->401938K(532480K) [PSPermGen: 13628K->13628K(21504K)], 0.0742760 secs] [Times: user=0.51 sys=0.01, real=0.07 secs] 
135.320: Total time for which application threads were stopped: 0.0748900 seconds, Stopping threads took: 0.0000530 seconds
135.346: Application time: 0.0257470 seconds
135.346: [Full GC [PSYoungGen: 139264K->31978K(162304K)] [ParOldGen: 369975K->369975K(370176K)] 509239K->401953K(532480K) [PSPermGen: 13628K->13628K(21504K)], 0.0740550 secs] [Times: user=0.52 sys=0.00, real=0.07 secs] 
135.420: Total time for which application threads were stopped: 0.0746830 seconds, Stopping threads took: 0.0000700 seconds
135.447: Application time: 0.0261270 seconds
135.447: [Full GC [PSYoungGen: 139264K->31937K(162304K)] [ParOldGen: 369975K->369975K(370176K)] 509239K->401912K(532480K) [PSPermGen: 13628K->13628K(21504K)], 0.0731140 secs] [Times: user=0.51 sys=0.01, real=0.07 secs] 
135.520: Total time for which application threads were stopped: 0.0737960 seconds, Stopping threads took: 0.0000440 seconds
135.546: Application time: 0.0258460 seconds
135.547: [Full GC [PSYoungGen: 139264K->31820K(162304K)] [ParOldGen: 369975K->369975K(370176K)] 509239K->401795K(532480K) [PSPermGen: 13628K->13628K(21504K)], 0.0732540 secs] [Times: user=0.51 sys=0.00, real=0.07 secs] 
135.620: Total time for which application threads were stopped: 0.0739350 seconds, Stopping threads took: 0.0000570 seconds
135.646: Application time: 0.0255950 seconds
135.646: [Full GC [PSYoungGen: 139264K->31813K(162304K)] [ParOldGen: 369975K->369975K(370176K)] 509239K->401788K(532480K) [PSPermGen: 13628K->13628K(21504K)], 0.0733910 secs] [Times: user=0.52 sys=0.00, real=0.07 secs] 
135.720: Total time for which application threads were stopped: 0.0741310 seconds, Stopping threads took: 0.0000800 seconds
135.746: Application time: 0.0255960 seconds
135.746: [Full GC [PSYoungGen: 139264K->31824K(162304K)] [ParOldGen: 369975K->369975K(370176K)] 509239K->401800K(532480K) [PSPermGen: 13628K->13628K(21504K)], 0.0728970 secs] [Times: user=0.52 sys=0.00, real=0.07 secs] 
135.819: Total time for which application threads were stopped: 0.0736150 seconds, Stopping threads took: 0.0000810 seconds
135.845: Application time: 0.0254690 seconds
135.845: [Full GC [PSYoungGen: 139264K->31841K(162304K)] [ParOldGen: 369975K->369975K(370176K)] 509239K->401817K(532480K) [PSPermGen: 13628K->13628K(21504K)], 0.0738220 secs] [Times: user=0.52 sys=0.00, real=0.07 secs] 
135.919: Total time for which application threads were stopped: 0.0745280 seconds, Stopping threads took: 0.0000610 seconds
135.946: Application time: 0.0264030 seconds
135.946: [Full GC [PSYoungGen: 139264K->31797K(162304K)] [ParOldGen: 369975K->369975K(370176K)] 509239K->401773K(532480K) [PSPermGen: 13628K->13628K(21504K)], 0.0732590 secs] [Times: user=0.51 sys=0.02, real=0.07 secs] 
136.020: Total time for which application threads were stopped: 0.0739460 seconds, Stopping threads took: 0.0000700 seconds
136.045: Application time: 0.0252890 seconds
136.045: [Full GC [PSYoungGen: 139264K->31802K(162304K)] [ParOldGen: 369975K->369975K(370176K)] 509239K->401777K(532480K) [PSPermGen: 13628K->13628K(21504K)], 0.0737150 secs] [Times: user=0.52 sys=0.00, real=0.07 secs] 
136.119: Total time for which application threads were stopped: 0.0743970 seconds, Stopping threads took: 0.0000600 seconds
136.145: Application time: 0.0253230 seconds
136.145: [Full GC [PSYoungGen: 139264K->31815K(162304K)] [ParOldGen: 369975K->369975K(370176K)] 509239K->401790K(532480K) [PSPermGen: 13628K->13628K(21504K)], 0.0738920 secs] [Times: user=0.52 sys=0.00, real=0.07 secs] 
136.219: Total time for which application threads were stopped: 0.0745570 seconds, Stopping threads took: 0.0000710 seconds
136.244: Application time: 0.0253950 seconds
136.245: [Full GC [PSYoungGen: 139264K->31834K(162304K)] [ParOldGen: 369975K->369975K(370176K)] 509239K->401810K(532480K) [PSPermGen: 13628K->13628K(21504K)], 0.0733890 secs] [Times: user=0.51 sys=0.01, real=0.07 secs] 
136.319: Total time for which application threads were stopped: 0.0740690 seconds, Stopping threads took: 0.0000880 seconds
136.344: Application time: 0.0256980 seconds
136.345: [Full GC [PSYoungGen: 139264K->31849K(162304K)] [ParOldGen: 369975K->369975K(370176K)] 509239K->401825K(532480K) [PSPermGen: 13628K->13628K(21504K)], 0.0734000 secs] [Times: user=0.51 sys=0.00, real=0.07 secs] 
136.418: Total time for which application threads were stopped: 0.0740490 seconds, Stopping threads took: 0.0000720 seconds
136.444: Application time: 0.0257000 seconds
136.445: [Full GC [PSYoungGen: 139264K->31864K(162304K)] [ParOldGen: 369975K->369975K(370176K)] 509239K->401839K(532480K) [PSPermGen: 13628K->13628K(21504K)], 0.0733860 secs] [Times: user=0.51 sys=0.00, real=0.07 secs] 
136.518: Total time for which application threads were stopped: 0.0740860 seconds, Stopping threads took: 0.0000520 seconds
136.544: Application time: 0.0257220 seconds
136.544: [Full GC [PSYoungGen: 139264K->31880K(162304K)] [ParOldGen: 369975K->369975K(370176K)] 509239K->401855K(532480K) [PSPermGen: 13628K->13628K(21504K)], 0.0731020 secs] [Times: user=0.52 sys=0.00, real=0.07 secs] 
136.618: Total time for which application threads were stopped: 0.0737890 seconds, Stopping threads took: 0.0000440 seconds
136.643: Application time: 0.0255710 seconds
136.644: [Full GC [PSYoungGen: 139264K->31894K(162304K)] [ParOldGen: 369975K->369975K(370176K)] 509239K->401870K(532480K) [PSPermGen: 13628K->13628K(21504K)], 0.0739210 secs] [Times: user=0.52 sys=0.00, real=0.08 secs] 
136.718: Total time for which application threads were stopped: 0.0746310 seconds, Stopping threads took: 0.0000660 seconds
136.744: Application time: 0.0257780 seconds
136.744: [Full GC [PSYoungGen: 139264K->31909K(162304K)] [ParOldGen: 369975K->369975K(370176K)] 509239K->401884K(532480K) [PSPermGen: 13628K->13628K(21504K)], 0.0738120 secs] [Times: user=0.52 sys=0.00, real=0.08 secs] 
136.818: Total time for which application threads were stopped: 0.0744790 seconds, Stopping threads took: 0.0000480 seconds
136.844: Application time: 0.0256380 seconds
136.844: [Full GC [PSYoungGen: 139264K->31924K(162304K)] [ParOldGen: 369975K->369975K(370176K)] 509239K->401900K(532480K) [PSPermGen: 13628K->13628K(21504K)], 0.0731080 secs] [Times: user=0.51 sys=0.00, real=0.07 secs] 
136.918: Total time for which application threads were stopped: 0.0738350 seconds, Stopping threads took: 0.0000630 seconds
136.944: Application time: 0.0264780 seconds
136.945: [Full GC [PSYoungGen: 139264K->31886K(162304K)] [ParOldGen: 369975K->369975K(370176K)] 509239K->401861K(532480K) [PSPermGen: 13628K->13628K(21504K)], 0.0738940 secs] [Times: user=0.52 sys=0.01, real=0.07 secs] 
137.019: Total time for which application threads were stopped: 0.0746960 seconds, Stopping threads took: 0.0001120 seconds
137.044: Application time: 0.0254770 seconds
137.045: [Full GC [PSYoungGen: 139264K->31884K(162304K)] [ParOldGen: 369975K->369975K(370176K)] 509239K->401860K(532480K) [PSPermGen: 13628K->13628K(21504K)], 0.0738560 secs] [Times: user=0.52 sys=0.00, real=0.07 secs] 
137.119: Total time for which application threads were stopped: 0.0744890 seconds, Stopping threads took: 0.0000640 seconds
137.144: Application time: 0.0255110 seconds
137.145: [Full GC [PSYoungGen: 139264K->31899K(162304K)] [ParOldGen: 369975K->369975K(370176K)] 509239K->401875K(532480K) [PSPermGen: 13628K->13628K(21504K)], 0.0729620 secs] [Times: user=0.52 sys=0.00, real=0.07 secs] 
137.218: Total time for which application threads were stopped: 0.0736770 seconds, Stopping threads took: 0.0000780 seconds
137.243: Application time: 0.0253000 seconds
137.244: [Full GC [PSYoungGen: 139264K->31916K(162304K)] [ParOldGen: 369975K->369975K(370176K)] 509239K->401892K(532480K) [PSPermGen: 13628K->13628K(21504K)], 0.0734650 secs] [Times: user=0.52 sys=0.00, real=0.08 secs] 
137.317: Total time for which application threads were stopped: 0.0741090 seconds, Stopping threads took: 0.0000710 seconds
137.343: Application time: 0.0255280 seconds
137.343: [Full GC [PSYoungGen: 139264K->31932K(162304K)] [ParOldGen: 369975K->369975K(370176K)] 509239K->401908K(532480K) [PSPermGen: 13628K->13628K(21504K)], 0.0735700 secs] [Times: user=0.52 sys=0.01, real=0.08 secs] 
137.417: Total time for which application threads were stopped: 0.0742690 seconds, Stopping threads took: 0.0000640 seconds
137.443: Application time: 0.0256990 seconds
137.444: [Full GC [PSYoungGen: 139264K->31893K(162304K)] [ParOldGen: 369975K->369975K(370176K)] 509239K->401869K(532480K) [PSPermGen: 13628K->13628K(21504K)], 0.0731120 secs] [Times: user=0.52 sys=0.00, real=0.08 secs] 
137.517: Total time for which application threads were stopped: 0.0738630 seconds, Stopping threads took: 0.0000900 seconds
137.542: Application time: 0.0254910 seconds
137.543: [Full GC [PSYoungGen: 139264K->31893K(162304K)] [ParOldGen: 369975K->369975K(370176K)] 509239K->401869K(532480K) [PSPermGen: 13628K->13628K(21504K)], 0.0742300 secs] [Times: user=0.52 sys=0.00, real=0.08 secs] 
137.617: Total time for which application threads were stopped: 0.0748720 seconds, Stopping threads took: 0.0000770 seconds
137.642: Application time: 0.0253730 seconds
137.643: [Full GC [PSYoungGen: 139264K->31908K(162304K)] [ParOldGen: 369975K->369975K(370176K)] 509239K->401883K(532480K) [PSPermGen: 13628K->13628K(21504K)], 0.0724650 secs] [Times: user=0.51 sys=0.00, real=0.08 secs] 
137.716: Total time for which application threads were stopped: 0.0731870 seconds, Stopping threads took: 0.0000920 seconds
137.741: Application time: 0.0253480 seconds
137.742: [Full GC [PSYoungGen: 139264K->31923K(162304K)] [ParOldGen: 369975K->369975K(370176K)] 509239K->401899K(532480K) [PSPermGen: 13628K->13628K(21504K)], 0.0740750 secs] [Times: user=0.52 sys=0.00, real=0.08 secs] 
137.816: Total time for which application threads were stopped: 0.0747490 seconds, Stopping threads took: 0.0000890 seconds
137.841: Application time: 0.0254900 seconds
137.842: [Full GC [PSYoungGen: 139264K->31938K(162304K)] [ParOldGen: 369975K->369975K(370176K)] 509239K->401914K(532480K) [PSPermGen: 13628K->13628K(21504K)], 0.0734370 secs] [Times: user=0.52 sys=0.00, real=0.08 secs] 
137.915: Total time for which application threads were stopped: 0.0740960 seconds, Stopping threads took: 0.0000860 seconds
137.941: Application time: 0.0260220 seconds
137.942: [Full GC [PSYoungGen: 139264K->31900K(162304K)] [ParOldGen: 369975K->369975K(370176K)] 509239K->401876K(532480K) [PSPermGen: 13628K->13628K(21504K)], 0.0744670 secs] [Times: user=0.51 sys=0.01, real=0.08 secs] 
138.017: Total time for which application threads were stopped: 0.0753030 seconds, Stopping threads took: 0.0000680 seconds
138.043: Application time: 0.0259280 seconds
138.043: [Full GC [PSYoungGen: 139264K->31844K(162304K)] [ParOldGen: 369975K->369975K(370176K)] 509239K->401819K(532480K) [PSPermGen: 13628K->13628K(21504K)], 0.0744930 secs] [Times: user=0.53 sys=0.01, real=0.08 secs] 
138.118: Total time for which application threads were stopped: 0.0752380 seconds, Stopping threads took: 0.0000890 seconds
138.144: Application time: 0.0258210 seconds
138.144: [Full GC [PSYoungGen: 139264K->31845K(162304K)] [ParOldGen: 369975K->369975K(370176K)] 509239K->401821K(532480K) [PSPermGen: 13628K->13628K(21504K)], 0.0730130 secs] [Times: user=0.52 sys=0.00, real=0.07 secs] 
138.217: Total time for which application threads were stopped: 0.0737610 seconds, Stopping threads took: 0.0001120 seconds
138.243: Application time: 0.0256030 seconds
138.244: [Full GC [PSYoungGen: 139264K->31858K(162304K)] [ParOldGen: 369975K->369975K(370176K)] 509239K->401833K(532480K) [PSPermGen: 13628K->13628K(21504K)], 0.0734300 secs] [Times: user=0.52 sys=0.00, real=0.08 secs] 
138.317: Total time for which application threads were stopped: 0.0741180 seconds, Stopping threads took: 0.0000520 seconds
138.343: Application time: 0.0256900 seconds
138.343: [Full GC [PSYoungGen: 139264K->31872K(162304K)] [ParOldGen: 369975K->369975K(370176K)] 509239K->401848K(532480K) [PSPermGen: 13628K->13628K(21504K)], 0.0733810 secs] [Times: user=0.51 sys=0.01, real=0.08 secs] 
138.417: Total time for which application threads were stopped: 0.0740890 seconds, Stopping threads took: 0.0000730 seconds
138.443: Application time: 0.0258020 seconds
138.443: [Full GC [PSYoungGen: 139264K->31890K(162304K)] [ParOldGen: 369975K->369975K(370176K)] 509239K->401866K(532480K) [PSPermGen: 13628K->13628K(21504K)], 0.0733400 secs] [Times: user=0.51 sys=0.00, real=0.08 secs] 
138.517: Total time for which application threads were stopped: 0.0740400 seconds, Stopping threads took: 0.0000680 seconds
138.542: Application time: 0.0256610 seconds
138.543: [Full GC [PSYoungGen: 139264K->31906K(162304K)] [ParOldGen: 369975K->369975K(370176K)] 509239K->401881K(532480K) [PSPermGen: 13628K->13628K(21504K)], 0.0739780 secs] [Times: user=0.51 sys=0.00, real=0.08 secs] 
138.617: Total time for which application threads were stopped: 0.0746520 seconds, Stopping threads took: 0.0000730 seconds
138.643: Application time: 0.0256420 seconds
138.643: [Full GC [PSYoungGen: 139264K->31921K(162304K)] [ParOldGen: 369975K->369975K(370176K)] 509239K->401897K(532480K) [PSPermGen: 13628K->13628K(21504K)], 0.0734420 secs] [Times: user=0.51 sys=0.00, real=0.08 secs] 
138.717: Total time for which application threads were stopped: 0.0741660 seconds, Stopping threads took: 0.0000630 seconds
138.742: Application time: 0.0255520 seconds
138.743: [Full GC [PSYoungGen: 139264K->31937K(162304K)] [ParOldGen: 369975K->369975K(370176K)] 509239K->401912K(532480K) [PSPermGen: 13628K->13628K(21504K)], 0.0737940 secs] [Times: user=0.52 sys=0.00, real=0.08 secs] 
138.817: Total time for which application threads were stopped: 0.0744910 seconds, Stopping threads took: 0.0000640 seconds
138.843: Application time: 0.0257870 seconds
138.843: [Full GC [PSYoungGen: 139264K->31951K(162304K)] [ParOldGen: 369975K->369975K(370176K)] 509239K->401927K(532480K) [PSPermGen: 13628K->13628K(21504K)], 0.0736520 secs] [Times: user=0.52 sys=0.00, real=0.08 secs] 
138.917: Total time for which application threads were stopped: 0.0743390 seconds, Stopping threads took: 0.0000510 seconds
138.943: Application time: 0.0262570 seconds
138.945: [Full GC [PSYoungGen: 139264K->31966K(162304K)] [ParOldGen: 369975K->369975K(370176K)] 509239K->401941K(532480K) [PSPermGen: 13628K->13628K(21504K)], 0.0735680 secs] [Times: user=0.51 sys=0.01, real=0.07 secs] 
139.018: Total time for which application threads were stopped: 0.0749150 seconds, Stopping threads took: 0.0006630 seconds
139.044: Application time: 0.0258040 seconds
139.045: [Full GC [PSYoungGen: 139264K->31920K(162304K)] [ParOldGen: 369975K->369975K(370176K)] 509239K->401896K(532480K) [PSPermGen: 13628K->13628K(21504K)], 0.0737160 secs] [Times: user=0.52 sys=0.00, real=0.07 secs] 
139.119: Total time for which application threads were stopped: 0.0744550 seconds, Stopping threads took: 0.0001020 seconds
139.145: Application time: 0.0262300 seconds
139.145: [Full GC [PSYoungGen: 139264K->31811K(162304K)] [ParOldGen: 369975K->369975K(370176K)] 509239K->401786K(532480K) [PSPermGen: 13628K->13628K(21504K)], 0.0732930 secs] [Times: user=0.51 sys=0.00, real=0.07 secs] 
139.219: Total time for which application threads were stopped: 0.0740250 seconds, Stopping threads took: 0.0000850 seconds
139.245: Application time: 0.0260160 seconds
139.245: [Full GC [PSYoungGen: 139264K->31802K(162304K)] [ParOldGen: 369975K->369975K(370176K)] 509239K->401778K(532480K) [PSPermGen: 13628K->13628K(21504K)], 0.0735620 secs] [Times: user=0.52 sys=0.00, real=0.07 secs] 
139.319: Total time for which application threads were stopped: 0.0742570 seconds, Stopping threads took: 0.0000810 seconds
139.345: Application time: 0.0259510 seconds
139.346: [Full GC [PSYoungGen: 139264K->31818K(162304K)] [ParOldGen: 369975K->369975K(370176K)] 509239K->401793K(532480K) [PSPermGen: 13628K->13628K(21504K)], 0.0741570 secs] [Times: user=0.52 sys=0.00, real=0.07 secs] 
139.420: Total time for which application threads were stopped: 0.0749100 seconds, Stopping threads took: 0.0001930 seconds
139.446: Application time: 0.0257180 seconds
139.446: [Full GC [PSYoungGen: 139264K->31831K(162304K)] [ParOldGen: 369975K->369975K(370176K)] 509239K->401806K(532480K) [PSPermGen: 13628K->13628K(21504K)], 0.0735670 secs] [Times: user=0.52 sys=0.00, real=0.07 secs] 
139.520: Total time for which application threads were stopped: 0.0743030 seconds, Stopping threads took: 0.0001040 seconds
139.546: Application time: 0.0255850 seconds
139.546: [Full GC [PSYoungGen: 139264K->31848K(162304K)] [ParOldGen: 369975K->369975K(370176K)] 509239K->401824K(532480K) [PSPermGen: 13628K->13628K(21504K)], 0.0730190 secs] [Times: user=0.51 sys=0.01, real=0.07 secs] 
139.619: Total time for which application threads were stopped: 0.0737270 seconds, Stopping threads took: 0.0000850 seconds
139.645: Application time: 0.0259090 seconds
139.646: [Full GC [PSYoungGen: 139264K->31861K(162304K)] [ParOldGen: 369975K->369975K(370176K)] 509239K->401837K(532480K) [PSPermGen: 13628K->13628K(21504K)], 0.0737170 secs] [Times: user=0.51 sys=0.00, real=0.07 secs] 
139.720: Total time for which application threads were stopped: 0.0744240 seconds, Stopping threads took: 0.0000860 seconds
139.746: Application time: 0.0260860 seconds
139.746: [Full GC [PSYoungGen: 139264K->31804K(162304K)] [ParOldGen: 369975K->369975K(370176K)] 509239K->401780K(532480K) [PSPermGen: 13628K->13628K(21504K)], 0.0735860 secs] [Times: user=0.52 sys=0.00, real=0.07 secs] 
139.820: Total time for which application threads were stopped: 0.0743100 seconds, Stopping threads took: 0.0000810 seconds
139.846: Application time: 0.0257610 seconds
139.846: [Full GC [PSYoungGen: 139264K->31823K(162304K)] [ParOldGen: 369975K->369975K(370176K)] 509239K->401799K(532480K) [PSPermGen: 13628K->13628K(21504K)], 0.0734060 secs] [Times: user=0.52 sys=0.00, real=0.07 secs] 
139.920: Total time for which application threads were stopped: 0.0741340 seconds, Stopping threads took: 0.0000890 seconds
139.947: Application time: 0.0266760 seconds
139.947: [Full GC [PSYoungGen: 139264K->31837K(162304K)] [ParOldGen: 369975K->369975K(370176K)] 509239K->401812K(532480K) [PSPermGen: 13628K->13628K(21504K)], 0.0733500 secs] [Times: user=0.52 sys=0.00, real=0.07 secs] 
140.021: Total time for which application threads were stopped: 0.0740640 seconds, Stopping threads took: 0.0001080 seconds
140.046: Application time: 0.0257900 seconds
140.047: [Full GC [PSYoungGen: 139264K->31857K(162304K)] [ParOldGen: 369975K->369975K(370176K)] 509239K->401832K(532480K) [PSPermGen: 13628K->13628K(21504K)], 0.0734700 secs] [Times: user=0.52 sys=0.00, real=0.07 secs] 
140.121: Total time for which application threads were stopped: 0.0741550 seconds, Stopping threads took: 0.0000530 seconds
140.146: Application time: 0.0257620 seconds
140.147: [Full GC [PSYoungGen: 139264K->31870K(162304K)] [ParOldGen: 369975K->369975K(370176K)] 509239K->401845K(532480K) [PSPermGen: 13628K->13628K(21504K)], 0.0741640 secs] [Times: user=0.52 sys=0.00, real=0.07 secs] 
140.221: Total time for which application threads were stopped: 0.0748140 seconds, Stopping threads took: 0.0000530 seconds
140.247: Application time: 0.0256930 seconds
140.248: [Full GC [PSYoungGen: 139264K->31884K(162304K)] [ParOldGen: 369975K->369975K(370176K)] 509239K->401859K(532480K) [PSPermGen: 13628K->13628K(21504K)], 0.0732030 secs] [Times: user=0.52 sys=0.00, real=0.07 secs] 
140.321: Total time for which application threads were stopped: 0.0739320 seconds, Stopping threads took: 0.0000730 seconds
140.346: Application time: 0.0255930 seconds
140.347: [Full GC [PSYoungGen: 139264K->31901K(162304K)] [ParOldGen: 369975K->369975K(370176K)] 509239K->401876K(532480K) [PSPermGen: 13628K->13628K(21504K)], 0.0751520 secs] [Times: user=0.53 sys=0.01, real=0.07 secs] 
140.422: Total time for which application threads were stopped: 0.0758260 seconds, Stopping threads took: 0.0000550 seconds
140.448: Application time: 0.0259080 seconds
140.449: [Full GC [PSYoungGen: 139264K->31914K(162304K)] [ParOldGen: 369975K->369975K(370176K)] 509239K->401889K(532480K) [PSPermGen: 13628K->13628K(21504K)], 0.0731070 secs] [Times: user=0.52 sys=0.00, real=0.07 secs] 
140.522: Total time for which application threads were stopped: 0.0737980 seconds, Stopping threads took: 0.0000570 seconds
140.548: Application time: 0.0256560 seconds
140.548: [Full GC [PSYoungGen: 139264K->31927K(162304K)] [ParOldGen: 369975K->369975K(370176K)] 509239K->401902K(532480K) [PSPermGen: 13628K->13628K(21504K)], 0.0731730 secs] [Times: user=0.51 sys=0.01, real=0.07 secs] 
140.622: Total time for which application threads were stopped: 0.0738660 seconds, Stopping threads took: 0.0000620 seconds
140.647: Application time: 0.0258260 seconds
140.648: [Full GC [PSYoungGen: 139264K->31883K(162304K)] [ParOldGen: 369975K->369975K(370176K)] 509239K->401859K(532480K) [PSPermGen: 13628K->13628K(21504K)], 0.0737220 secs] [Times: user=0.52 sys=0.00, real=0.07 secs] 
140.722: Total time for which application threads were stopped: 0.0743540 seconds, Stopping threads took: 0.0000610 seconds
140.748: Application time: 0.0258220 seconds
140.748: [Full GC [PSYoungGen: 139264K->31891K(162304K)] [ParOldGen: 369975K->369975K(370176K)] 509239K->401867K(532480K) [PSPermGen: 13628K->13628K(21504K)], 0.0734120 secs] [Times: user=0.52 sys=0.00, real=0.07 secs] 
140.822: Total time for which application threads were stopped: 0.0741190 seconds, Stopping threads took: 0.0000690 seconds
140.847: Application time: 0.0256350 seconds
140.848: [Full GC [PSYoungGen: 139264K->31907K(162304K)] [ParOldGen: 369975K->369975K(370176K)] 509239K->401883K(532480K) [PSPermGen: 13628K->13628K(21504K)], 0.0740010 secs] [Times: user=0.53 sys=0.00, real=0.07 secs] 
140.922: Total time for which application threads were stopped: 0.0746660 seconds, Stopping threads took: 0.0000880 seconds
140.949: Application time: 0.0267330 seconds
140.949: [Full GC [PSYoungGen: 139264K->31924K(162304K)] [ParOldGen: 369975K->369975K(370176K)] 509239K->401899K(532480K) [PSPermGen: 13628K->13628K(21504K)], 0.0742060 secs] [Times: user=0.51 sys=0.00, real=0.07 secs] 
141.024: Total time for which application threads were stopped: 0.0748400 seconds, Stopping threads took: 0.0000790 seconds
141.049: Application time: 0.0259080 seconds
141.050: [Full GC [PSYoungGen: 139264K->31939K(162304K)] [ParOldGen: 369975K->369975K(370176K)] 509239K->401915K(532480K) [PSPermGen: 13628K->13628K(21504K)], 0.0732020 secs] [Times: user=0.51 sys=0.00, real=0.07 secs] 
141.123: Total time for which application threads were stopped: 0.0739650 seconds, Stopping threads took: 0.0001410 seconds
141.149: Application time: 0.0259730 seconds
141.150: [Full GC [PSYoungGen: 139264K->31954K(162304K)] [ParOldGen: 369975K->369975K(370176K)] 509239K->401929K(532480K) [PSPermGen: 13628K->13628K(21504K)], 0.0728770 secs] [Times: user=0.52 sys=0.00, real=0.07 secs] 
141.223: Total time for which application threads were stopped: 0.0735830 seconds, Stopping threads took: 0.0000650 seconds
141.249: Application time: 0.0258910 seconds
141.250: [Full GC [PSYoungGen: 139264K->31968K(162304K)] [ParOldGen: 369975K->369975K(370176K)] 509239K->401944K(532480K) [PSPermGen: 13628K->13628K(21504K)], 0.0727780 secs] [Times: user=0.51 sys=0.00, real=0.07 secs] 
141.322: Total time for which application threads were stopped: 0.0735300 seconds, Stopping threads took: 0.0001270 seconds
141.348: Application time: 0.0258900 seconds
141.349: [Full GC [PSYoungGen: 139264K->31978K(162304K)] [ParOldGen: 369975K->369975K(370176K)] 509239K->401953K(532480K) [PSPermGen: 13628K->13628K(21504K)], 0.0733730 secs] [Times: user=0.51 sys=0.00, real=0.07 secs] 
141.422: Total time for which application threads were stopped: 0.0741190 seconds, Stopping threads took: 0.0000840 seconds
141.449: Application time: 0.0264640 seconds
141.449: [Full GC [PSYoungGen: 139264K->31803K(162304K)] [ParOldGen: 369975K->369975K(370176K)] 509239K->401778K(532480K) [PSPermGen: 13628K->13628K(21504K)], 0.0737930 secs] [Times: user=0.52 sys=0.00, real=0.07 secs] 
141.523: Total time for which application threads were stopped: 0.0744340 seconds, Stopping threads took: 0.0000580 seconds
141.549: Application time: 0.0261280 seconds
141.550: [Full GC [PSYoungGen: 139264K->31802K(162304K)] [ParOldGen: 369975K->369975K(370176K)] 509239K->401778K(532480K) [PSPermGen: 13628K->13628K(21504K)], 0.0732020 secs] [Times: user=0.51 sys=0.00, real=0.07 secs] 
141.623: Total time for which application threads were stopped: 0.0738990 seconds, Stopping threads took: 0.0000560 seconds
141.649: Application time: 0.0256910 seconds
141.650: [Full GC [PSYoungGen: 139264K->31818K(162304K)] [ParOldGen: 369975K->369975K(370176K)] 509239K->401794K(532480K) [PSPermGen: 13628K->13628K(21504K)], 0.0740420 secs] [Times: user=0.52 sys=0.00, real=0.07 secs] 
141.724: Total time for which application threads were stopped: 0.0747100 seconds, Stopping threads took: 0.0001090 seconds
141.750: Application time: 0.0259320 seconds
141.750: [Full GC [PSYoungGen: 139264K->31834K(162304K)] [ParOldGen: 369975K->369975K(370176K)] 509239K->401810K(532480K) [PSPermGen: 13628K->13628K(21504K)], 0.0729870 secs] [Times: user=0.51 sys=0.00, real=0.07 secs] 
141.823: Total time for which application threads were stopped: 0.0737280 seconds, Stopping threads took: 0.0000990 seconds
141.849: Application time: 0.0258700 seconds
141.850: [Full GC [PSYoungGen: 139264K->31849K(162304K)] [ParOldGen: 369975K->369975K(370176K)] 509239K->401825K(532480K) [PSPermGen: 13628K->13628K(21504K)], 0.0734640 secs] [Times: user=0.51 sys=0.01, real=0.07 secs] 
141.924: Total time for which application threads were stopped: 0.0742130 seconds, Stopping threads took: 0.0001130 seconds
141.950: Application time: 0.0269570 seconds
141.951: [Full GC [PSYoungGen: 139264K->31862K(162304K)] [ParOldGen: 369975K->369975K(370176K)] 509239K->401838K(532480K) [PSPermGen: 13628K->13628K(21504K)], 0.0728390 secs] [Times: user=0.52 sys=0.00, real=0.07 secs] 
142.024: Total time for which application threads were stopped: 0.0735670 seconds, Stopping threads took: 0.0000980 seconds
142.050: Application time: 0.0256730 seconds
142.050: [Full GC [PSYoungGen: 139264K->31881K(162304K)] [ParOldGen: 369975K->369975K(370176K)] 509239K->401856K(532480K) [PSPermGen: 13628K->13628K(21504K)], 0.0734680 secs] [Times: user=0.52 sys=0.00, real=0.07 secs] 
142.124: Total time for which application threads were stopped: 0.0741710 seconds, Stopping threads took: 0.0000640 seconds
142.149: Application time: 0.0254940 seconds
142.150: [Full GC [PSYoungGen: 139264K->31897K(162304K)] [ParOldGen: 369975K->369975K(370176K)] 509239K->401872K(532480K) [PSPermGen: 13628K->13628K(21504K)], 0.0734420 secs] [Times: user=0.51 sys=0.01, real=0.07 secs] 
142.223: Total time for which application threads were stopped: 0.0740730 seconds, Stopping threads took: 0.0000720 seconds
142.249: Application time: 0.0255910 seconds
142.250: [Full GC [PSYoungGen: 139264K->31911K(162304K)] [ParOldGen: 369975K->369975K(370176K)] 509239K->401887K(532480K) [PSPermGen: 13628K->13628K(21504K)], 0.0742480 secs] [Times: user=0.51 sys=0.00, real=0.07 secs] 
142.324: Total time for which application threads were stopped: 0.0749220 seconds, Stopping threads took: 0.0000510 seconds
142.350: Application time: 0.0255730 seconds
142.350: [Full GC [PSYoungGen: 139264K->31926K(162304K)] [ParOldGen: 369975K->369975K(370176K)] 509239K->401902K(532480K) [PSPermGen: 13628K->13628K(21504K)], 0.0736560 secs] [Times: user=0.52 sys=0.00, real=0.07 secs] 
142.424: Total time for which application threads were stopped: 0.0743320 seconds, Stopping threads took: 0.0000500 seconds
142.449: Application time: 0.0255400 seconds
142.450: [Full GC [PSYoungGen: 139264K->31943K(162304K)] [ParOldGen: 369975K->369975K(370176K)] 509239K->401918K(532480K) [PSPermGen: 13628K->13628K(21504K)], 0.0733500 secs] [Times: user=0.52 sys=0.00, real=0.07 secs] 
142.523: Total time for which application threads were stopped: 0.0740040 seconds, Stopping threads took: 0.0000530 seconds
142.549: Application time: 0.0253960 seconds
142.549: [Full GC [PSYoungGen: 139264K->31957K(162304K)] [ParOldGen: 369975K->369975K(370176K)] 509239K->401933K(532480K) [PSPermGen: 13628K->13628K(21504K)], 0.0747220 secs] [Times: user=0.51 sys=0.00, real=0.07 secs] 
142.624: Total time for which application threads were stopped: 0.0753300 seconds, Stopping threads took: 0.0000580 seconds
142.650: Application time: 0.0256770 seconds
142.650: [Full GC [PSYoungGen: 139264K->31969K(162304K)] [ParOldGen: 369975K->369975K(370176K)] 509239K->401945K(532480K) [PSPermGen: 13628K->13628K(21504K)], 0.0758490 secs] [Times: user=0.53 sys=0.01, real=0.08 secs] 
142.726: Total time for which application threads were stopped: 0.0765030 seconds, Stopping threads took: 0.0001060 seconds
142.753: Application time: 0.0263440 seconds
142.753: [Full GC [PSYoungGen: 139264K->31878K(162304K)] [ParOldGen: 369975K->369975K(370176K)] 509239K->401854K(532480K) [PSPermGen: 13628K->13628K(21504K)], 0.0737990 secs] [Times: user=0.52 sys=0.00, real=0.07 secs] 
142.827: Total time for which application threads were stopped: 0.0744850 seconds, Stopping threads took: 0.0001150 seconds
142.853: Application time: 0.0258440 seconds
142.854: [Full GC [PSYoungGen: 139264K->31862K(162304K)] [ParOldGen: 369975K->369975K(370176K)] 509239K->401837K(532480K) [PSPermGen: 13628K->13628K(21504K)], 0.0732160 secs] [Times: user=0.52 sys=0.00, real=0.07 secs] 
142.927: Total time for which application threads were stopped: 0.0739020 seconds, Stopping threads took: 0.0000490 seconds
142.954: Application time: 0.0270450 seconds
142.955: [Full GC [PSYoungGen: 139264K->31821K(162304K)] [ParOldGen: 369975K->369975K(370176K)] 509239K->401796K(532480K) [PSPermGen: 13628K->13628K(21504K)], 0.0746470 secs] [Times: user=0.51 sys=0.00, real=0.07 secs] 
143.029: Total time for which application threads were stopped: 0.0753050 seconds, Stopping threads took: 0.0000760 seconds
143.055: Application time: 0.0257430 seconds
143.056: [Full GC [PSYoungGen: 139264K->31825K(162304K)] [ParOldGen: 369975K->369975K(370176K)] 509239K->401801K(532480K) [PSPermGen: 13628K->13628K(21504K)], 0.0734960 secs] [Times: user=0.52 sys=0.00, real=0.07 secs] 
143.129: Total time for which application threads were stopped: 0.0742320 seconds, Stopping threads took: 0.0000940 seconds
143.155: Application time: 0.0259600 seconds
143.156: [Full GC [PSYoungGen: 139264K->31841K(162304K)] [ParOldGen: 369975K->369975K(370176K)] 509239K->401816K(532480K) [PSPermGen: 13628K->13628K(21504K)], 0.0732290 secs] [Times: user=0.52 sys=0.00, real=0.07 secs] 
143.229: Total time for which application threads were stopped: 0.0741440 seconds, Stopping threads took: 0.0002710 seconds
143.255: Application time: 0.0259100 seconds
143.256: [Full GC [PSYoungGen: 139264K->31854K(162304K)] [ParOldGen: 369975K->369975K(370176K)] 509239K->401829K(532480K) [PSPermGen: 13628K->13628K(21504K)], 0.0738370 secs] [Times: user=0.52 sys=0.00, real=0.07 secs] 
143.330: Total time for which application threads were stopped: 0.0744640 seconds, Stopping threads took: 0.0000700 seconds
143.355: Application time: 0.0256380 seconds
143.356: [Full GC [PSYoungGen: 139264K->31867K(162304K)] [ParOldGen: 369975K->369975K(370176K)] 509239K->401842K(532480K) [PSPermGen: 13628K->13628K(21504K)], 0.0737810 secs] [Times: user=0.52 sys=0.00, real=0.07 secs] 
143.430: Total time for which application threads were stopped: 0.0744360 seconds, Stopping threads took: 0.0000620 seconds
143.456: Application time: 0.0259040 seconds
143.456: [Full GC [PSYoungGen: 139264K->31885K(162304K)] [ParOldGen: 369975K->369975K(370176K)] 509239K->401861K(532480K) [PSPermGen: 13628K->13628K(21504K)], 0.0738910 secs] [Times: user=0.52 sys=0.00, real=0.07 secs] 
143.530: Total time for which application threads were stopped: 0.0745330 seconds, Stopping threads took: 0.0000520 seconds
143.556: Application time: 0.0257090 seconds
143.557: [Full GC [PSYoungGen: 139264K->31899K(162304K)] [ParOldGen: 369975K->369975K(370176K)] 509239K->401875K(532480K) [PSPermGen: 13628K->13628K(21504K)], 0.0739140 secs] [Times: user=0.53 sys=0.00, real=0.07 secs] 
143.631: Total time for which application threads were stopped: 0.0746090 seconds, Stopping threads took: 0.0000530 seconds
143.657: Application time: 0.0260080 seconds
143.657: [Full GC [PSYoungGen: 139264K->31858K(162304K)] [ParOldGen: 369975K->369975K(370176K)] 509239K->401833K(532480K) [PSPermGen: 13628K->13628K(21504K)], 0.0737600 secs] [Times: user=0.52 sys=0.00, real=0.07 secs] 
143.731: Total time for which application threads were stopped: 0.0744590 seconds, Stopping threads took: 0.0000710 seconds
143.757: Application time: 0.0256270 seconds
143.757: [Full GC [PSYoungGen: 139264K->31861K(162304K)] [ParOldGen: 369975K->369975K(370176K)] 509239K->401836K(532480K) [PSPermGen: 13628K->13628K(21504K)], 0.0735050 secs] [Times: user=0.52 sys=0.01, real=0.07 secs] 
143.831: Total time for which application threads were stopped: 0.0742500 seconds, Stopping threads took: 0.0001030 seconds
143.857: Application time: 0.0258710 seconds
143.857: [Full GC [PSYoungGen: 139264K->31877K(162304K)] [ParOldGen: 369975K->369975K(370176K)] 509239K->401852K(532480K) [PSPermGen: 13628K->13628K(21504K)], 0.0736420 secs] [Times: user=0.52 sys=0.00, real=0.07 secs] 
143.931: Total time for which application threads were stopped: 0.0743280 seconds, Stopping threads took: 0.0001040 seconds
143.958: Application time: 0.0269690 seconds
143.959: [Full GC [PSYoungGen: 139264K->31892K(162304K)] [ParOldGen: 369975K->369975K(370176K)] 509239K->401868K(532480K) [PSPermGen: 13628K->13628K(21504K)], 0.0733000 secs] [Times: user=0.52 sys=0.00, real=0.07 secs] 
144.032: Total time for which application threads were stopped: 0.0739990 seconds, Stopping threads took: 0.0000890 seconds
144.058: Application time: 0.0262030 seconds
144.059: [Full GC [PSYoungGen: 139264K->31907K(162304K)] [ParOldGen: 369975K->369975K(370176K)] 509239K->401883K(532480K) [PSPermGen: 13628K->13628K(21504K)], 0.0733340 secs] [Times: user=0.51 sys=0.00, real=0.08 secs] 
144.132: Total time for which application threads were stopped: 0.0740560 seconds, Stopping threads took: 0.0000890 seconds
144.158: Application time: 0.0260450 seconds
144.159: [Full GC [PSYoungGen: 139264K->31921K(162304K)] [ParOldGen: 369975K->369975K(370176K)] 509239K->401896K(532480K) [PSPermGen: 13628K->13628K(21504K)], 0.0742630 secs] [Times: user=0.51 sys=0.01, real=0.08 secs] 
144.233: Total time for which application threads were stopped: 0.0749090 seconds, Stopping threads took: 0.0000890 seconds
144.260: Application time: 0.0261480 seconds
144.260: [Full GC [PSYoungGen: 139264K->31882K(162304K)] [ParOldGen: 369975K->369975K(370176K)] 509239K->401858K(532480K) [PSPermGen: 13628K->13628K(21504K)], 0.0739450 secs] [Times: user=0.51 sys=0.00, real=0.08 secs] 
144.334: Total time for which application threads were stopped: 0.0745620 seconds, Stopping threads took: 0.0000610 seconds
144.360: Application time: 0.0260110 seconds
144.361: [Full GC [PSYoungGen: 139264K->31881K(162304K)] [ParOldGen: 369975K->369975K(370176K)] 509239K->401857K(532480K) [PSPermGen: 13628K->13628K(21504K)], 0.0731210 secs] [Times: user=0.51 sys=0.01, real=0.08 secs] 
144.434: Total time for which application threads were stopped: 0.0738570 seconds, Stopping threads took: 0.0000920 seconds
144.460: Application time: 0.0255680 seconds
144.460: [Full GC [PSYoungGen: 139264K->31899K(162304K)] [ParOldGen: 369975K->369975K(370176K)] 509239K->401874K(532480K) [PSPermGen: 13628K->13628K(21504K)], 0.0746780 secs] [Times: user=0.52 sys=0.00, real=0.08 secs] 
144.535: Total time for which application threads were stopped: 0.0753200 seconds, Stopping threads took: 0.0000590 seconds
144.561: Application time: 0.0257870 seconds
144.561: [Full GC [PSYoungGen: 139264K->31914K(162304K)] [ParOldGen: 369975K->369975K(370176K)] 509239K->401889K(532480K) [PSPermGen: 13628K->13628K(21504K)], 0.0734350 secs] [Times: user=0.51 sys=0.00, real=0.08 secs] 
144.635: Total time for which application threads were stopped: 0.0741480 seconds, Stopping threads took: 0.0001090 seconds
144.660: Application time: 0.0255040 seconds
144.661: [Full GC [PSYoungGen: 139264K->31930K(162304K)] [ParOldGen: 369975K->369975K(370176K)] 509239K->401906K(532480K) [PSPermGen: 13628K->13628K(21504K)], 0.0738430 secs] [Times: user=0.52 sys=0.01, real=0.08 secs] 
144.735: Total time for which application threads were stopped: 0.0745900 seconds, Stopping threads took: 0.0001270 seconds
144.760: Application time: 0.0255930 seconds
144.761: [Full GC [PSYoungGen: 139264K->31945K(162304K)] [ParOldGen: 369975K->369975K(370176K)] 509239K->401920K(532480K) [PSPermGen: 13628K->13628K(21504K)], 0.0728060 secs] [Times: user=0.51 sys=0.00, real=0.08 secs] 
144.834: Total time for which application threads were stopped: 0.0735090 seconds, Stopping threads took: 0.0000640 seconds
144.859: Application time: 0.0253400 seconds
144.860: [Full GC [PSYoungGen: 139264K->31959K(162304K)] [ParOldGen: 369975K->369975K(370176K)] 509239K->401935K(532480K) [PSPermGen: 13628K->13628K(21504K)], 0.0732100 secs] [Times: user=0.51 sys=0.00, real=0.08 secs] 
144.933: Total time for which application threads were stopped: 0.0739370 seconds, Stopping threads took: 0.0000870 seconds
144.961: Application time: 0.0273480 seconds
144.961: [Full GC [PSYoungGen: 139264K->31866K(162304K)] [ParOldGen: 369975K->369975K(370176K)] 509239K->401841K(532480K) [PSPermGen: 13628K->13628K(21504K)], 0.0732450 secs] [Times: user=0.51 sys=0.00, real=0.08 secs] 
145.035: Total time for which application threads were stopped: 0.0739510 seconds, Stopping threads took: 0.0000570 seconds
145.060: Application time: 0.0254770 seconds
145.061: [Full GC [PSYoungGen: 139264K->31849K(162304K)] [ParOldGen: 369975K->369975K(370176K)] 509239K->401825K(532480K) [PSPermGen: 13628K->13628K(21504K)], 0.0727240 secs] [Times: user=0.51 sys=0.00, real=0.08 secs] 
145.133: Total time for which application threads were stopped: 0.0734120 seconds, Stopping threads took: 0.0000540 seconds
145.159: Application time: 0.0254160 seconds
145.159: [Full GC [PSYoungGen: 139264K->31865K(162304K)] [ParOldGen: 369975K->369975K(370176K)] 509239K->401840K(532480K) [PSPermGen: 13628K->13628K(21504K)], 0.0746220 secs] [Times: user=0.53 sys=0.00, real=0.08 secs] 
145.234: Total time for which application threads were stopped: 0.0752410 seconds, Stopping threads took: 0.0000580 seconds
145.260: Application time: 0.0260040 seconds
145.261: [Full GC [PSYoungGen: 139264K->31880K(162304K)] [ParOldGen: 369975K->369975K(370176K)] 509239K->401856K(532480K) [PSPermGen: 13628K->13628K(21504K)], 0.0747360 secs] [Times: user=0.53 sys=0.00, real=0.08 secs] 
145.336: Total time for which application threads were stopped: 0.0754340 seconds, Stopping threads took: 0.0000430 seconds
145.361: Application time: 0.0258240 seconds
145.362: [Full GC [PSYoungGen: 139264K->31896K(162304K)] [ParOldGen: 369975K->369975K(370176K)] 509239K->401871K(532480K) [PSPermGen: 13628K->13628K(21504K)], 0.0739760 secs] [Times: user=0.52 sys=0.00, real=0.08 secs] 
145.436: Total time for which application threads were stopped: 0.0745860 seconds, Stopping threads took: 0.0000510 seconds
145.462: Application time: 0.0260210 seconds
145.463: [Full GC [PSYoungGen: 139264K->31854K(162304K)] [ParOldGen: 369975K->369975K(370176K)] 509239K->401830K(532480K) [PSPermGen: 13628K->13628K(21504K)], 0.0735570 secs] [Times: user=0.52 sys=0.00, real=0.08 secs] 
145.536: Total time for which application threads were stopped: 0.0742400 seconds, Stopping threads took: 0.0000560 seconds
145.562: Application time: 0.0257910 seconds
145.563: [Full GC [PSYoungGen: 139264K->31854K(162304K)] [ParOldGen: 369975K->369975K(370176K)] 509239K->401829K(532480K) [PSPermGen: 13628K->13628K(21504K)], 0.0745410 secs] [Times: user=0.53 sys=0.00, real=0.08 secs] 
145.637: Total time for which application threads were stopped: 0.0751780 seconds, Stopping threads took: 0.0000790 seconds
145.663: Application time: 0.0257090 seconds
145.664: [Full GC [PSYoungGen: 139264K->31868K(162304K)] [ParOldGen: 369975K->369975K(370176K)] 509239K->401843K(532480K) [PSPermGen: 13628K->13628K(21504K)], 0.0733950 secs] [Times: user=0.52 sys=0.00, real=0.08 secs] 
145.737: Total time for which application threads were stopped: 0.0740040 seconds, Stopping threads took: 0.0000540 seconds
145.763: Application time: 0.0256960 seconds
145.763: [Full GC [PSYoungGen: 139264K->31887K(162304K)] [ParOldGen: 369975K->369975K(370176K)] 509239K->401862K(532480K) [PSPermGen: 13628K->13628K(21504K)], 0.0731680 secs] [Times: user=0.51 sys=0.01, real=0.08 secs] 
145.837: Total time for which application threads were stopped: 0.0738780 seconds, Stopping threads took: 0.0000750 seconds
145.862: Application time: 0.0259420 seconds
145.863: [Full GC [PSYoungGen: 139264K->31903K(162304K)] [ParOldGen: 369975K->369975K(370176K)] 509239K->401878K(532480K) [PSPermGen: 13628K->13628K(21504K)], 0.0737290 secs] [Times: user=0.52 sys=0.00, real=0.08 secs] 
145.937: Total time for which application threads were stopped: 0.0743840 seconds, Stopping threads took: 0.0000470 seconds
145.964: Application time: 0.0270530 seconds
145.965: [Full GC [PSYoungGen: 139264K->31920K(162304K)] [ParOldGen: 369975K->369975K(370176K)] 509239K->401896K(532480K) [PSPermGen: 13628K->13628K(21504K)], 0.0738550 secs] [Times: user=0.52 sys=0.00, real=0.07 secs] 
146.039: Total time for which application threads were stopped: 0.0745760 seconds, Stopping threads took: 0.0000730 seconds
146.064: Application time: 0.0258550 seconds
146.065: [Full GC [PSYoungGen: 139264K->31932K(162304K)] [ParOldGen: 369975K->369975K(370176K)] 509239K->401907K(532480K) [PSPermGen: 13628K->13628K(21504K)], 0.0738020 secs] [Times: user=0.52 sys=0.00, real=0.07 secs] 
146.139: Total time for which application threads were stopped: 0.0744920 seconds, Stopping threads took: 0.0000720 seconds
146.165: Application time: 0.0261220 seconds
146.166: [Full GC [PSYoungGen: 139264K->31947K(162304K)] [ParOldGen: 369975K->369975K(370176K)] 509239K->401923K(532480K) [PSPermGen: 13628K->13628K(21504K)], 0.0736900 secs] [Times: user=0.51 sys=0.01, real=0.07 secs] 
146.239: Total time for which application threads were stopped: 0.0743020 seconds, Stopping threads took: 0.0000560 seconds
146.265: Application time: 0.0258000 seconds
146.266: [Full GC [PSYoungGen: 139264K->31964K(162304K)] [ParOldGen: 369975K->369975K(370176K)] 509239K->401940K(532480K) [PSPermGen: 13628K->13628K(21504K)], 0.0731880 secs] [Times: user=0.51 sys=0.00, real=0.07 secs] 
146.339: Total time for which application threads were stopped: 0.0738560 seconds, Stopping threads took: 0.0000550 seconds
146.365: Application time: 0.0262840 seconds
146.366: [Full GC [PSYoungGen: 139264K->31926K(162304K)] [ParOldGen: 369975K->369975K(370176K)] 509239K->401901K(532480K) [PSPermGen: 13628K->13628K(21504K)], 0.0737650 secs] [Times: user=0.52 sys=0.00, real=0.07 secs] 
146.440: Total time for which application threads were stopped: 0.0745310 seconds, Stopping threads took: 0.0001220 seconds
146.466: Application time: 0.0261930 seconds
146.467: [Full GC [PSYoungGen: 139264K->31863K(162304K)] [ParOldGen: 369975K->369975K(370176K)] 509239K->401839K(532480K) [PSPermGen: 13628K->13628K(21504K)], 0.0735110 secs] [Times: user=0.52 sys=0.00, real=0.07 secs] 
146.540: Total time for which application threads were stopped: 0.0742530 seconds, Stopping threads took: 0.0000810 seconds
146.566: Application time: 0.0262050 seconds
146.567: [Full GC [PSYoungGen: 139264K->31814K(162304K)] [ParOldGen: 369975K->369975K(370176K)] 509239K->401789K(532480K) [PSPermGen: 13628K->13628K(21504K)], 0.0734680 secs] [Times: user=0.52 sys=0.00, real=0.07 secs] 
146.641: Total time for which application threads were stopped: 0.0741620 seconds, Stopping threads took: 0.0000710 seconds
146.667: Application time: 0.0259430 seconds
146.667: [Full GC [PSYoungGen: 139264K->31815K(162304K)] [ParOldGen: 369975K->369975K(370176K)] 509239K->401790K(532480K) [PSPermGen: 13628K->13628K(21504K)], 0.0728350 secs] [Times: user=0.51 sys=0.00, real=0.07 secs] 
146.740: Total time for which application threads were stopped: 0.0735380 seconds, Stopping threads took: 0.0000860 seconds
146.766: Application time: 0.0257130 seconds
146.766: [Full GC [PSYoungGen: 139264K->31828K(162304K)] [ParOldGen: 369975K->369975K(370176K)] 509239K->401803K(532480K) [PSPermGen: 13628K->13628K(21504K)], 0.0730730 secs] [Times: user=0.51 sys=0.00, real=0.07 secs] 
146.840: Total time for which application threads were stopped: 0.0737860 seconds, Stopping threads took: 0.0000800 seconds
146.865: Application time: 0.0258500 seconds
146.866: [Full GC [PSYoungGen: 139264K->31845K(162304K)] [ParOldGen: 369975K->369975K(370176K)] 509239K->401821K(532480K) [PSPermGen: 13628K->13628K(21504K)], 0.0740840 secs] [Times: user=0.52 sys=0.01, real=0.07 secs] 
146.940: Total time for which application threads were stopped: 0.0747150 seconds, Stopping threads took: 0.0000710 seconds
146.967: Application time: 0.0266020 seconds
146.967: [Full GC [PSYoungGen: 139264K->31861K(162304K)] [ParOldGen: 369975K->369975K(370176K)] 509239K->401836K(532480K) [PSPermGen: 13628K->13628K(21504K)], 0.0737260 secs] [Times: user=0.52 sys=0.00, real=0.07 secs] 
147.041: Total time for which application threads were stopped: 0.0744360 seconds, Stopping threads took: 0.0000610 seconds
147.067: Application time: 0.0259660 seconds
147.068: [Full GC [PSYoungGen: 139264K->31875K(162304K)] [ParOldGen: 369975K->369975K(370176K)] 509239K->401850K(532480K) [PSPermGen: 13628K->13628K(21504K)], 0.0728920 secs] [Times: user=0.52 sys=0.00, real=0.07 secs] 
147.141: Total time for which application threads were stopped: 0.0736130 seconds, Stopping threads took: 0.0001020 seconds
147.167: Application time: 0.0259570 seconds
147.167: [Full GC [PSYoungGen: 139264K->31891K(162304K)] [ParOldGen: 369975K->369975K(370176K)] 509239K->401866K(532480K) [PSPermGen: 13628K->13628K(21504K)], 0.0727230 secs] [Times: user=0.51 sys=0.00, real=0.07 secs] 
147.240: Total time for which application threads were stopped: 0.0734590 seconds, Stopping threads took: 0.0001000 seconds
147.266: Application time: 0.0258700 seconds
147.267: [Full GC [PSYoungGen: 139264K->31907K(162304K)] [ParOldGen: 369975K->369975K(370176K)] 509239K->401882K(532480K) [PSPermGen: 13628K->13628K(21504K)], 0.0730550 secs] [Times: user=0.51 sys=0.00, real=0.07 secs] 
147.340: Total time for which application threads were stopped: 0.0737740 seconds, Stopping threads took: 0.0000910 seconds
147.366: Application time: 0.0259730 seconds
147.367: [Full GC [PSYoungGen: 139264K->31922K(162304K)] [ParOldGen: 369975K->369975K(370176K)] 509239K->401898K(532480K) [PSPermGen: 13628K->13628K(21504K)], 0.0734590 secs] [Times: user=0.52 sys=0.00, real=0.07 secs] 
147.440: Total time for which application threads were stopped: 0.0741540 seconds, Stopping threads took: 0.0000760 seconds
147.466: Application time: 0.0263210 seconds
147.467: [Full GC [PSYoungGen: 139264K->31882K(162304K)] [ParOldGen: 369975K->369975K(370176K)] 509239K->401858K(532480K) [PSPermGen: 13628K->13628K(21504K)], 0.0732140 secs] [Times: user=0.51 sys=0.00, real=0.07 secs] 
147.540: Total time for which application threads were stopped: 0.0739440 seconds, Stopping threads took: 0.0001060 seconds
147.566: Application time: 0.0259040 seconds
147.567: [Full GC [PSYoungGen: 139264K->31880K(162304K)] [ParOldGen: 369975K->369975K(370176K)] 509239K->401856K(532480K) [PSPermGen: 13628K->13628K(21504K)], 0.0733420 secs] [Times: user=0.51 sys=0.00, real=0.07 secs] 
147.640: Total time for which application threads were stopped: 0.0740830 seconds, Stopping threads took: 0.0000770 seconds
147.666: Application time: 0.0261010 seconds
147.667: [Full GC [PSYoungGen: 139264K->31898K(162304K)] [ParOldGen: 369975K->369975K(370176K)] 509239K->401874K(532480K) [PSPermGen: 13628K->13628K(21504K)], 0.0735910 secs] [Times: user=0.52 sys=0.00, real=0.07 secs] 
147.741: Total time for which application threads were stopped: 0.0743130 seconds, Stopping threads took: 0.0000950 seconds
147.767: Application time: 0.0259550 seconds
147.767: [Full GC [PSYoungGen: 139264K->31913K(162304K)] [ParOldGen: 369975K->369975K(370176K)] 509239K->401888K(532480K) [PSPermGen: 13628K->13628K(21504K)], 0.0732510 secs] [Times: user=0.52 sys=0.00, real=0.07 secs] 
147.841: Total time for which application threads were stopped: 0.0739230 seconds, Stopping threads took: 0.0000420 seconds
147.866: Application time: 0.0255430 seconds
147.867: [Full GC [PSYoungGen: 139264K->31925K(162304K)] [ParOldGen: 369975K->369975K(370176K)] 509239K->401900K(532480K) [PSPermGen: 13628K->13628K(21504K)], 0.0739920 secs] [Times: user=0.52 sys=0.00, real=0.07 secs] 
147.941: Total time for which application threads were stopped: 0.0746820 seconds, Stopping threads took: 0.0000670 seconds
147.968: Application time: 0.0269960 seconds
147.968: [Full GC [PSYoungGen: 139264K->31881K(162304K)] [ParOldGen: 369975K->369975K(370176K)] 509239K->401857K(532480K) [PSPermGen: 13628K->13628K(21504K)], 0.0737300 secs] [Times: user=0.52 sys=0.00, real=0.07 secs] 
148.042: Total time for which application threads were stopped: 0.0744460 seconds, Stopping threads took: 0.0000800 seconds
148.068: Application time: 0.0260870 seconds
148.069: [Full GC [PSYoungGen: 139264K->31887K(162304K)] [ParOldGen: 369975K->369975K(370176K)] 509239K->401863K(532480K) [PSPermGen: 13628K->13628K(21504K)], 0.0738020 secs] [Times: user=0.52 sys=0.00, real=0.07 secs] 
148.143: Total time for which application threads were stopped: 0.0745560 seconds, Stopping threads took: 0.0000800 seconds
148.169: Application time: 0.0259370 seconds
148.169: [Full GC [PSYoungGen: 139264K->31904K(162304K)] [ParOldGen: 369975K->369975K(370176K)] 509239K->401879K(532480K) [PSPermGen: 13628K->13628K(21504K)], 0.0732560 secs] [Times: user=0.52 sys=0.00, real=0.07 secs] 
148.243: Total time for which application threads were stopped: 0.0739460 seconds, Stopping threads took: 0.0000540 seconds
148.269: Application time: 0.0259390 seconds
148.269: [Full GC [PSYoungGen: 139264K->31920K(162304K)] [ParOldGen: 369975K->369975K(370176K)] 509239K->401895K(532480K) [PSPermGen: 13628K->13628K(21504K)], 0.0740430 secs] [Times: user=0.51 sys=0.00, real=0.07 secs] 
148.343: Total time for which application threads were stopped: 0.0747030 seconds, Stopping threads took: 0.0000490 seconds
148.370: Application time: 0.0260950 seconds
148.370: [Full GC [PSYoungGen: 139264K->31934K(162304K)] [ParOldGen: 369975K->369975K(370176K)] 509239K->401910K(532480K) [PSPermGen: 13628K->13628K(21504K)], 0.0741180 secs] [Times: user=0.52 sys=0.00, real=0.07 secs] 
148.444: Total time for which application threads were stopped: 0.0747510 seconds, Stopping threads took: 0.0000740 seconds
148.471: Application time: 0.0267570 seconds
148.472: [Full GC [PSYoungGen: 139264K->31839K(162304K)] [ParOldGen: 369975K->369975K(370176K)] 509239K->401815K(532480K) [PSPermGen: 13628K->13628K(21504K)], 0.0767710 secs] [Times: user=0.55 sys=0.00, real=0.08 secs] 
148.549: Total time for which application threads were stopped: 0.0774330 seconds, Stopping threads took: 0.0000550 seconds
148.574: Application time: 0.0258170 seconds
148.575: [Full GC [PSYoungGen: 139264K->31825K(162304K)] [ParOldGen: 369975K->369975K(370176K)] 509239K->401801K(532480K) [PSPermGen: 13628K->13628K(21504K)], 0.0731760 secs] [Times: user=0.52 sys=0.00, real=0.07 secs] 
148.648: Total time for which application threads were stopped: 0.0738870 seconds, Stopping threads took: 0.0000540 seconds
148.674: Application time: 0.0257340 seconds
148.675: [Full GC [PSYoungGen: 139264K->31841K(162304K)] [ParOldGen: 369975K->369975K(370176K)] 509239K->401816K(532480K) [PSPermGen: 13628K->13628K(21504K)], 0.0732370 secs] [Times: user=0.52 sys=0.00, real=0.07 secs] 
148.748: Total time for which application threads were stopped: 0.0739220 seconds, Stopping threads took: 0.0000570 seconds
148.773: Application time: 0.0255840 seconds
148.774: [Full GC [PSYoungGen: 139264K->31855K(162304K)] [ParOldGen: 369975K->369975K(370176K)] 509239K->401831K(532480K) [PSPermGen: 13628K->13628K(21504K)], 0.0732120 secs] [Times: user=0.51 sys=0.01, real=0.07 secs] 
148.847: Total time for which application threads were stopped: 0.0738730 seconds, Stopping threads took: 0.0001010 seconds
148.873: Application time: 0.0258230 seconds
148.874: [Full GC [PSYoungGen: 139264K->31871K(162304K)] [ParOldGen: 369975K->369975K(370176K)] 509239K->401847K(532480K) [PSPermGen: 13628K->13628K(21504K)], 0.0758050 secs] [Times: user=0.53 sys=0.00, real=0.07 secs] 
148.950: Total time for which application threads were stopped: 0.0764390 seconds, Stopping threads took: 0.0000460 seconds
148.975: Application time: 0.0258330 seconds
148.976: [Full GC [PSYoungGen: 139264K->31886K(162304K)] [ParOldGen: 369975K->369975K(370176K)] 509239K->401862K(532480K) [PSPermGen: 13628K->13628K(21504K)], 0.0728710 secs] [Times: user=0.51 sys=0.00, real=0.07 secs] 
149.049: Total time for which application threads were stopped: 0.0735560 seconds, Stopping threads took: 0.0000540 seconds
149.075: Application time: 0.0257990 seconds
149.075: [Full GC [PSYoungGen: 139264K->31385K(162304K)] [ParOldGen: 369975K->370081K(370176K)] 509239K->401466K(532480K) [PSPermGen: 13628K->13628K(21504K)], 0.2444540 secs] [Times: user=1.81 sys=0.01, real=0.24 secs] 
149.320: Total time for which application threads were stopped: 0.2451050 seconds, Stopping threads took: 0.0000590 seconds
149.346: Application time: 0.0262870 seconds
149.347: [Full GC [PSYoungGen: 139264K->31336K(162304K)] [ParOldGen: 370081K->370081K(370176K)] 509345K->401417K(532480K) [PSPermGen: 13628K->13628K(21504K)], 0.0735890 secs] [Times: user=0.51 sys=0.01, real=0.07 secs] 
149.421: Total time for which application threads were stopped: 0.0744000 seconds, Stopping threads took: 0.0002240 seconds
149.447: Application time: 0.0259880 seconds
149.447: [Full GC [PSYoungGen: 139264K->31345K(162304K)] [ParOldGen: 370081K->370081K(370176K)] 509345K->401427K(532480K) [PSPermGen: 13628K->13628K(21504K)], 0.0731970 secs] [Times: user=0.52 sys=0.00, real=0.07 secs] 
149.520: Total time for which application threads were stopped: 0.0738850 seconds, Stopping threads took: 0.0000700 seconds
149.547: Application time: 0.0269980 seconds
149.548: [Full GC [PSYoungGen: 139264K->31361K(162304K)] [ParOldGen: 370081K->370081K(370176K)] 509345K->401443K(532480K) [PSPermGen: 13628K->13628K(21504K)], 0.0734660 secs] [Times: user=0.52 sys=0.00, real=0.07 secs] 
149.622: Total time for which application threads were stopped: 0.0740990 seconds, Stopping threads took: 0.0000560 seconds
149.648: Application time: 0.0260860 seconds
149.648: [Full GC [PSYoungGen: 139264K->31376K(162304K)] [ParOldGen: 370081K->370081K(370176K)] 509345K->401458K(532480K) [PSPermGen: 13628K->13628K(21504K)], 0.0733470 secs] [Times: user=0.51 sys=0.00, real=0.07 secs] 
149.722: Total time for which application threads were stopped: 0.0739930 seconds, Stopping threads took: 0.0000700 seconds
149.748: Application time: 0.0263210 seconds
149.749: [Full GC [PSYoungGen: 139264K->31392K(162304K)] [ParOldGen: 370081K->370081K(370176K)] 509345K->401473K(532480K) [PSPermGen: 13628K->13628K(21504K)], 0.0730050 secs] [Times: user=0.52 sys=0.00, real=0.07 secs] 
149.822: Total time for which application threads were stopped: 0.0736930 seconds, Stopping threads took: 0.0000700 seconds
149.848: Application time: 0.0262130 seconds
149.849: [Full GC [PSYoungGen: 139264K->31407K(162304K)] [ParOldGen: 370081K->370081K(370176K)] 509345K->401488K(532480K) [PSPermGen: 13628K->13628K(21504K)], 0.0734590 secs] [Times: user=0.52 sys=0.00, real=0.07 secs] 
149.922: Total time for which application threads were stopped: 0.0741930 seconds, Stopping threads took: 0.0001040 seconds
149.949: Application time: 0.0271440 seconds
149.950: [Full GC [PSYoungGen: 139264K->31424K(162304K)] [ParOldGen: 370081K->370081K(370176K)] 509345K->401506K(532480K) [PSPermGen: 13628K->13628K(21504K)], 0.0730620 secs] [Times: user=0.52 sys=0.00, real=0.07 secs] 
150.023: Total time for which application threads were stopped: 0.0738030 seconds, Stopping threads took: 0.0001280 seconds
150.050: Application time: 0.0266350 seconds
150.050: [Full GC [PSYoungGen: 139264K->31385K(162304K)] [ParOldGen: 370081K->370081K(370176K)] 509345K->401467K(532480K) [PSPermGen: 13628K->13628K(21504K)], 0.0735450 secs] [Times: user=0.51 sys=0.00, real=0.07 secs] 
150.124: Total time for which application threads were stopped: 0.0742090 seconds, Stopping threads took: 0.0000740 seconds
150.150: Application time: 0.0263060 seconds
150.151: [Full GC [PSYoungGen: 139264K->31384K(162304K)] [ParOldGen: 370081K->370081K(370176K)] 509345K->401466K(532480K) [PSPermGen: 13628K->13628K(21504K)], 0.0730980 secs] [Times: user=0.51 sys=0.01, real=0.07 secs] 
150.224: Total time for which application threads were stopped: 0.0737870 seconds, Stopping threads took: 0.0000610 seconds
150.251: Application time: 0.0268770 seconds
150.252: [Full GC [PSYoungGen: 139264K->31399K(162304K)] [ParOldGen: 370081K->370081K(370176K)] 509345K->401481K(532480K) [PSPermGen: 13628K->13628K(21504K)], 0.0726330 secs] [Times: user=0.52 sys=0.00, real=0.07 secs] 
150.324: Total time for which application threads were stopped: 0.0733390 seconds, Stopping threads took: 0.0000990 seconds
150.351: Application time: 0.0267480 seconds
150.352: [Full GC [PSYoungGen: 139264K->31416K(162304K)] [ParOldGen: 370081K->370081K(370176K)] 509345K->401497K(532480K) [PSPermGen: 13628K->13628K(21504K)], 0.0735850 secs] [Times: user=0.51 sys=0.01, real=0.08 secs] 
150.425: Total time for which application threads were stopped: 0.0743110 seconds, Stopping threads took: 0.0000810 seconds
150.452: Application time: 0.0267970 seconds
150.453: [Full GC [PSYoungGen: 139264K->31375K(162304K)] [ParOldGen: 370081K->370081K(370176K)] 509345K->401456K(532480K) [PSPermGen: 13628K->13628K(21504K)], 0.0735470 secs] [Times: user=0.51 sys=0.00, real=0.07 secs] 
150.526: Total time for which application threads were stopped: 0.0741940 seconds, Stopping threads took: 0.0000700 seconds
150.553: Application time: 0.0265990 seconds
150.553: [Full GC [PSYoungGen: 139264K->31373K(162304K)] [ParOldGen: 370081K->370081K(370176K)] 509345K->401455K(532480K) [PSPermGen: 13628K->13628K(21504K)], 0.0729970 secs] [Times: user=0.51 sys=0.00, real=0.07 secs] 
150.627: Total time for which application threads were stopped: 0.0736510 seconds, Stopping threads took: 0.0000460 seconds
150.656: Application time: 0.0296390 seconds
150.657: [Full GC [PSYoungGen: 139264K->31336K(162304K)] [ParOldGen: 370081K->370081K(370176K)] 509345K->401418K(532480K) [PSPermGen: 13628K->13628K(21504K)], 0.0731400 secs] [Times: user=0.52 sys=0.01, real=0.07 secs] 
150.730: Total time for which application threads were stopped: 0.0738370 seconds, Stopping threads took: 0.0000420 seconds
150.756: Application time: 0.0263170 seconds
150.757: [Full GC [PSYoungGen: 139264K->31337K(162304K)] [ParOldGen: 370081K->370081K(370176K)] 509345K->401419K(532480K) [PSPermGen: 13628K->13628K(21504K)], 0.0732380 secs] [Times: user=0.52 sys=0.00, real=0.07 secs] 
150.830: Total time for which application threads were stopped: 0.0738710 seconds, Stopping threads took: 0.0000750 seconds
150.856: Application time: 0.0259740 seconds
150.857: [Full GC [PSYoungGen: 139264K->31351K(162304K)] [ParOldGen: 370081K->370081K(370176K)] 509345K->401433K(532480K) [PSPermGen: 13628K->13628K(21504K)], 0.0732170 secs] [Times: user=0.51 sys=0.00, real=0.07 secs] 
150.930: Total time for which application threads were stopped: 0.0739220 seconds, Stopping threads took: 0.0000760 seconds
150.957: Application time: 0.0271430 seconds
150.958: [Full GC [PSYoungGen: 139264K->31367K(162304K)] [ParOldGen: 370081K->370081K(370176K)] 509345K->401449K(532480K) [PSPermGen: 13628K->13628K(21504K)], 0.0727270 secs] [Times: user=0.52 sys=0.00, real=0.07 secs] 
151.031: Total time for which application threads were stopped: 0.0734170 seconds, Stopping threads took: 0.0000520 seconds
151.057: Application time: 0.0258500 seconds
151.057: [Full GC [PSYoungGen: 139264K->31384K(162304K)] [ParOldGen: 370081K->370081K(370176K)] 509345K->401465K(532480K) [PSPermGen: 13628K->13628K(21504K)], 0.0725110 secs] [Times: user=0.51 sys=0.00, real=0.07 secs] 
151.130: Total time for which application threads were stopped: 0.0732140 seconds, Stopping threads took: 0.0000920 seconds
151.156: Application time: 0.0263160 seconds
151.157: [Full GC [PSYoungGen: 139264K->31400K(162304K)] [ParOldGen: 370081K->370081K(370176K)] 509345K->401481K(532480K) [PSPermGen: 13628K->13628K(21504K)], 0.0724930 secs] [Times: user=0.51 sys=0.00, real=0.07 secs] 
151.229: Total time for which application threads were stopped: 0.0732110 seconds, Stopping threads took: 0.0000880 seconds
151.255: Application time: 0.0257610 seconds
151.256: [Full GC [PSYoungGen: 139264K->31415K(162304K)] [ParOldGen: 370081K->370081K(370176K)] 509345K->401496K(532480K) [PSPermGen: 13628K->13628K(21504K)], 0.0726750 secs] [Times: user=0.51 sys=0.01, real=0.07 secs] 
151.328: Total time for which application threads were stopped: 0.0733270 seconds, Stopping threads took: 0.0000620 seconds
151.355: Application time: 0.0263190 seconds
151.355: [Full GC [PSYoungGen: 139264K->31373K(162304K)] [ParOldGen: 370081K->370081K(370176K)] 509345K->401455K(532480K) [PSPermGen: 13628K->13628K(21504K)], 0.0731590 secs] [Times: user=0.51 sys=0.00, real=0.07 secs] 
151.429: Total time for which application threads were stopped: 0.0738900 seconds, Stopping threads took: 0.0001060 seconds
151.454: Application time: 0.0258980 seconds
151.455: [Full GC [PSYoungGen: 139264K->31375K(162304K)] [ParOldGen: 370081K->370081K(370176K)] 509345K->401456K(532480K) [PSPermGen: 13628K->13628K(21504K)], 0.0727690 secs] [Times: user=0.51 sys=0.00, real=0.07 secs] 
151.528: Total time for which application threads were stopped: 0.0734700 seconds, Stopping threads took: 0.0000640 seconds
151.554: Application time: 0.0258910 seconds
151.554: [Full GC [PSYoungGen: 139264K->31390K(162304K)] [ParOldGen: 370081K->370081K(370176K)] 509345K->401472K(532480K) [PSPermGen: 13628K->13628K(21504K)], 0.0726510 secs] [Times: user=0.51 sys=0.00, real=0.07 secs] 
151.627: Total time for which application threads were stopped: 0.0733530 seconds, Stopping threads took: 0.0000610 seconds
151.653: Application time: 0.0258080 seconds
151.654: [Full GC [PSYoungGen: 139264K->31407K(162304K)] [ParOldGen: 370081K->370081K(370176K)] 509345K->401488K(532480K) [PSPermGen: 13628K->13628K(21504K)], 0.0735130 secs] [Times: user=0.52 sys=0.00, real=0.07 secs] 
151.727: Total time for which application threads were stopped: 0.0741660 seconds, Stopping threads took: 0.0000900 seconds
151.753: Application time: 0.0261460 seconds
151.754: [Full GC [PSYoungGen: 139264K->31419K(162304K)] [ParOldGen: 370081K->370081K(370176K)] 509345K->401501K(532480K) [PSPermGen: 13628K->13628K(21504K)], 0.0730300 secs] [Times: user=0.51 sys=0.00, real=0.07 secs] 
151.827: Total time for which application threads were stopped: 0.0737160 seconds, Stopping threads took: 0.0000820 seconds
151.853: Application time: 0.0263620 seconds
151.854: [Full GC [PSYoungGen: 139264K->31365K(162304K)] [ParOldGen: 370081K->370081K(370176K)] 509345K->401446K(532480K) [PSPermGen: 13628K->13628K(21504K)], 0.0736910 secs] [Times: user=0.52 sys=0.00, real=0.07 secs] 
151.928: Total time for which application threads were stopped: 0.0743360 seconds, Stopping threads took: 0.0000680 seconds
151.955: Application time: 0.0269460 seconds
151.955: [Full GC [PSYoungGen: 139264K->31380K(162304K)] [ParOldGen: 370081K->370081K(370176K)] 509345K->401462K(532480K) [PSPermGen: 13628K->13628K(21504K)], 0.0722710 secs] [Times: user=0.51 sys=0.00, real=0.07 secs] 
152.028: Total time for which application threads were stopped: 0.0729610 seconds, Stopping threads took: 0.0000790 seconds
152.054: Application time: 0.0263780 seconds
152.055: [Full GC [PSYoungGen: 139264K->31394K(162304K)] [ParOldGen: 370081K->370081K(370176K)] 509345K->401475K(532480K) [PSPermGen: 13628K->13628K(21504K)], 0.0729900 secs] [Times: user=0.52 sys=0.01, real=0.07 secs] 
152.128: Total time for which application threads were stopped: 0.0736620 seconds, Stopping threads took: 0.0001060 seconds
152.154: Application time: 0.0262390 seconds
152.155: [Full GC [PSYoungGen: 139264K->31355K(162304K)] [ParOldGen: 370081K->370081K(370176K)] 509345K->401437K(532480K) [PSPermGen: 13628K->13628K(21504K)], 0.0738480 secs] [Times: user=0.52 sys=0.00, real=0.07 secs] 
152.228: Total time for which application threads were stopped: 0.0744820 seconds, Stopping threads took: 0.0000780 seconds
152.255: Application time: 0.0266190 seconds
152.256: [Full GC [PSYoungGen: 139264K->31301K(162304K)] [ParOldGen: 370081K->370081K(370176K)] 509345K->401383K(532480K) [PSPermGen: 13628K->13628K(21504K)], 0.0722490 secs] [Times: user=0.50 sys=0.01, real=0.07 secs] 
152.328: Total time for which application threads were stopped: 0.0729110 seconds, Stopping threads took: 0.0000430 seconds
152.354: Application time: 0.0260750 seconds
152.355: [Full GC [PSYoungGen: 139264K->31301K(162304K)] [ParOldGen: 370081K->370081K(370176K)] 509345K->401382K(532480K) [PSPermGen: 13628K->13628K(21504K)], 0.0724130 secs] [Times: user=0.51 sys=0.00, real=0.07 secs] 
152.427: Total time for which application threads were stopped: 0.0731220 seconds, Stopping threads took: 0.0000630 seconds
152.453: Application time: 0.0262790 seconds
152.454: [Full GC [PSYoungGen: 139264K->31317K(162304K)] [ParOldGen: 370081K->370081K(370176K)] 509345K->401398K(532480K) [PSPermGen: 13628K->13628K(21504K)], 0.0731510 secs] [Times: user=0.51 sys=0.00, real=0.07 secs] 
152.527: Total time for which application threads were stopped: 0.0738010 seconds, Stopping threads took: 0.0000690 seconds
152.553: Application time: 0.0257310 seconds
152.554: [Full GC [PSYoungGen: 139264K->31332K(162304K)] [ParOldGen: 370081K->370081K(370176K)] 509345K->401413K(532480K) [PSPermGen: 13628K->13628K(21504K)], 0.0725280 secs] [Times: user=0.51 sys=0.01, real=0.07 secs] 
152.626: Total time for which application threads were stopped: 0.0732390 seconds, Stopping threads took: 0.0000750 seconds
152.652: Application time: 0.0256170 seconds
152.653: [Full GC [PSYoungGen: 139264K->31349K(162304K)] [ParOldGen: 370081K->370081K(370176K)] 509345K->401431K(532480K) [PSPermGen: 13628K->13628K(21504K)], 0.0726050 secs] [Times: user=0.51 sys=0.00, real=0.07 secs] 
152.725: Total time for which application threads were stopped: 0.0733190 seconds, Stopping threads took: 0.0000770 seconds
152.751: Application time: 0.0258340 seconds
152.752: [Full GC [PSYoungGen: 139264K->31364K(162304K)] [ParOldGen: 370081K->370081K(370176K)] 509345K->401445K(532480K) [PSPermGen: 13628K->13628K(21504K)], 0.0735600 secs] [Times: user=0.51 sys=0.00, real=0.08 secs] 
152.825: Total time for which application threads were stopped: 0.0741670 seconds, Stopping threads took: 0.0000520 seconds
152.851: Application time: 0.0259780 seconds
152.852: [Full GC [PSYoungGen: 139264K->31381K(162304K)] [ParOldGen: 370081K->370081K(370176K)] 509345K->401462K(532480K) [PSPermGen: 13628K->13628K(21504K)], 0.0732430 secs] [Times: user=0.51 sys=0.00, real=0.08 secs] 
152.925: Total time for which application threads were stopped: 0.0739060 seconds, Stopping threads took: 0.0000600 seconds
152.952: Application time: 0.0264880 seconds
152.952: [Full GC [PSYoungGen: 139264K->31396K(162304K)] [ParOldGen: 370081K->370081K(370176K)] 509345K->401477K(532480K) [PSPermGen: 13628K->13628K(21504K)], 0.0735020 secs] [Times: user=0.51 sys=0.01, real=0.08 secs] 
153.026: Total time for which application threads were stopped: 0.0742190 seconds, Stopping threads took: 0.0000760 seconds
153.035: Application time: 0.0088450 seconds
153.035: Total time for which application threads were stopped: 0.0006270 seconds, Stopping threads took: 0.0000680 seconds
153.052: Application time: 0.0169880 seconds
153.053: [Full GC [PSYoungGen: 139264K->31355K(162304K)] [ParOldGen: 370081K->370081K(370176K)] 509345K->401436K(532480K) [PSPermGen: 13628K->13628K(21504K)], 0.0720400 secs] [Times: user=0.51 sys=0.00, real=0.07 secs] 
153.125: Total time for which application threads were stopped: 0.0727500 seconds, Stopping threads took: 0.0000960 seconds
153.151: Application time: 0.0257950 seconds
153.151: [Full GC [PSYoungGen: 139264K->31356K(162304K)] [ParOldGen: 370081K->370081K(370176K)] 509345K->401438K(532480K) [PSPermGen: 13628K->13628K(21504K)], 0.0736850 secs] [Times: user=0.52 sys=0.00, real=0.08 secs] 
153.225: Total time for which application threads were stopped: 0.0743280 seconds, Stopping threads took: 0.0000660 seconds
153.251: Application time: 0.0260400 seconds
153.252: [Full GC [PSYoungGen: 139264K->31367K(162304K)] [ParOldGen: 370081K->370081K(370176K)] 509345K->401448K(532480K) [PSPermGen: 13628K->13628K(21504K)], 0.0741510 secs] [Times: user=0.50 sys=0.00, real=0.08 secs] 
153.326: Total time for which application threads were stopped: 0.0748620 seconds, Stopping threads took: 0.0000760 seconds
153.352: Application time: 0.0256780 seconds
153.352: [Full GC [PSYoungGen: 139264K->31385K(162304K)] [ParOldGen: 370081K->370081K(370176K)] 509345K->401466K(532480K) [PSPermGen: 13628K->13628K(21504K)], 0.0730310 secs] [Times: user=0.51 sys=0.00, real=0.07 secs] 
153.425: Total time for which application threads were stopped: 0.0737250 seconds, Stopping threads took: 0.0000540 seconds
153.451: Application time: 0.0259650 seconds
153.452: [Full GC [PSYoungGen: 139264K->31401K(162304K)] [ParOldGen: 370081K->370081K(370176K)] 509345K->401482K(532480K) [PSPermGen: 13628K->13628K(21504K)], 0.0734750 secs] [Times: user=0.52 sys=0.00, real=0.08 secs] 
153.526: Total time for which application threads were stopped: 0.0741220 seconds, Stopping threads took: 0.0000790 seconds
153.552: Application time: 0.0265500 seconds
153.553: [Full GC [PSYoungGen: 139264K->31363K(162304K)] [ParOldGen: 370081K->370081K(370176K)] 509345K->401445K(532480K) [PSPermGen: 13628K->13628K(21504K)], 0.0742000 secs] [Times: user=0.52 sys=0.01, real=0.07 secs] 
153.627: Total time for which application threads were stopped: 0.0749050 seconds, Stopping threads took: 0.0000600 seconds
153.653: Application time: 0.0263560 seconds
153.654: [Full GC [PSYoungGen: 139264K->31364K(162304K)] [ParOldGen: 370081K->370081K(370176K)] 509345K->401445K(532480K) [PSPermGen: 13628K->13628K(21504K)], 0.0734900 secs] [Times: user=0.51 sys=0.00, real=0.07 secs] 
153.728: Total time for which application threads were stopped: 0.0741880 seconds, Stopping threads took: 0.0000840 seconds
153.754: Application time: 0.0260400 seconds
153.754: [Full GC [PSYoungGen: 139264K->31380K(162304K)] [ParOldGen: 370081K->370081K(370176K)] 509345K->401461K(532480K) [PSPermGen: 13628K->13628K(21504K)], 0.0728350 secs] [Times: user=0.51 sys=0.00, real=0.07 secs] 
153.827: Total time for which application threads were stopped: 0.0735370 seconds, Stopping threads took: 0.0000730 seconds
153.853: Application time: 0.0260560 seconds
153.854: [Full GC [PSYoungGen: 139264K->31391K(162304K)] [ParOldGen: 370081K->370081K(370176K)] 509345K->401473K(532480K) [PSPermGen: 13628K->13628K(21504K)], 0.0730970 secs] [Times: user=0.51 sys=0.00, real=0.07 secs] 
153.927: Total time for which application threads were stopped: 0.0737800 seconds, Stopping threads took: 0.0000680 seconds
153.954: Application time: 0.0269440 seconds
153.955: [Full GC [PSYoungGen: 139264K->31409K(162304K)] [ParOldGen: 370081K->370081K(370176K)] 509345K->401490K(532480K) [PSPermGen: 13628K->13628K(21504K)], 0.0729670 secs] [Times: user=0.51 sys=0.01, real=0.07 secs] 
154.028: Total time for which application threads were stopped: 0.0737030 seconds, Stopping threads took: 0.0001100 seconds
154.054: Application time: 0.0267920 seconds
154.055: [Full GC [PSYoungGen: 139264K->31426K(162304K)] [ParOldGen: 370081K->370081K(370176K)] 509345K->401507K(532480K) [PSPermGen: 13628K->13628K(21504K)], 0.0739440 secs] [Times: user=0.53 sys=0.00, real=0.07 secs] 
154.129: Total time for which application threads were stopped: 0.0746350 seconds, Stopping threads took: 0.0000900 seconds
154.155: Application time: 0.0263140 seconds
154.156: [Full GC [PSYoungGen: 139264K->31438K(162304K)] [ParOldGen: 370081K->370081K(370176K)] 509345K->401520K(532480K) [PSPermGen: 13628K->13628K(21504K)], 0.0733930 secs] [Times: user=0.51 sys=0.00, real=0.07 secs] 
154.229: Total time for which application threads were stopped: 0.0740760 seconds, Stopping threads took: 0.0000620 seconds
154.256: Application time: 0.0265820 seconds
154.257: [Full GC [PSYoungGen: 139264K->31344K(162304K)] [ParOldGen: 370081K->370081K(370176K)] 509345K->401425K(532480K) [PSPermGen: 13628K->13628K(21504K)], 0.0734300 secs] [Times: user=0.51 sys=0.01, real=0.07 secs] 
154.330: Total time for which application threads were stopped: 0.0740570 seconds, Stopping threads took: 0.0000520 seconds
154.356: Application time: 0.0262290 seconds
154.357: [Full GC [PSYoungGen: 139264K->31329K(162304K)] [ParOldGen: 370081K->370081K(370176K)] 509345K->401410K(532480K) [PSPermGen: 13628K->13628K(21504K)], 0.0730720 secs] [Times: user=0.51 sys=0.00, real=0.07 secs] 
154.430: Total time for which application threads were stopped: 0.0737600 seconds, Stopping threads took: 0.0000570 seconds
154.456: Application time: 0.0259240 seconds
154.457: [Full GC [PSYoungGen: 139264K->31344K(162304K)] [ParOldGen: 370081K->370081K(370176K)] 509345K->401425K(532480K) [PSPermGen: 13628K->13628K(21504K)], 0.0733770 secs] [Times: user=0.52 sys=0.00, real=0.07 secs] 
154.530: Total time for which application threads were stopped: 0.0740690 seconds, Stopping threads took: 0.0000600 seconds
154.556: Application time: 0.0257860 seconds
154.557: [Full GC [PSYoungGen: 139264K->31359K(162304K)] [ParOldGen: 370081K->370081K(370176K)] 509345K->401440K(532480K) [PSPermGen: 13628K->13628K(21504K)], 0.0731720 secs] [Times: user=0.51 sys=0.01, real=0.07 secs] 
154.630: Total time for which application threads were stopped: 0.0738360 seconds, Stopping threads took: 0.0000900 seconds
154.656: Application time: 0.0259200 seconds
154.656: [Full GC [PSYoungGen: 139264K->31377K(162304K)] [ParOldGen: 370081K->370081K(370176K)] 509345K->401458K(532480K) [PSPermGen: 13628K->13628K(21504K)], 0.0732730 secs] [Times: user=0.51 sys=0.00, real=0.07 secs] 
154.730: Total time for which application threads were stopped: 0.0739500 seconds, Stopping threads took: 0.0000600 seconds
154.756: Application time: 0.0261500 seconds
154.756: [Full GC [PSYoungGen: 139264K->31393K(162304K)] [ParOldGen: 370081K->370081K(370176K)] 509345K->401474K(532480K) [PSPermGen: 13628K->13628K(21504K)], 0.0726320 secs] [Times: user=0.51 sys=0.00, real=0.07 secs] 
154.829: Total time for which application threads were stopped: 0.0733450 seconds, Stopping threads took: 0.0000630 seconds
154.855: Application time: 0.0257420 seconds
154.856: [Full GC [PSYoungGen: 139264K->31408K(162304K)] [ParOldGen: 370081K->370081K(370176K)] 509345K->401489K(532480K) [PSPermGen: 13628K->13628K(21504K)], 0.0736760 secs] [Times: user=0.52 sys=0.00, real=0.07 secs] 
154.929: Total time for which application threads were stopped: 0.0743660 seconds, Stopping threads took: 0.0000600 seconds
154.956: Application time: 0.0267350 seconds
154.957: [Full GC [PSYoungGen: 139264K->31422K(162304K)] [ParOldGen: 370081K->370081K(370176K)] 509345K->401504K(532480K) [PSPermGen: 13628K->13628K(21504K)], 0.0726070 secs] [Times: user=0.51 sys=0.00, real=0.07 secs] 
155.029: Total time for which application threads were stopped: 0.0733090 seconds, Stopping threads took: 0.0000620 seconds
155.055: Application time: 0.0255850 seconds
155.056: [Full GC [PSYoungGen: 139264K->31441K(162304K)] [ParOldGen: 370081K->370081K(370176K)] 509345K->401522K(532480K) [PSPermGen: 13628K->13628K(21504K)], 0.0728340 secs] [Times: user=0.51 sys=0.00, real=0.07 secs] 
155.128: Total time for which application threads were stopped: 0.0735360 seconds, Stopping threads took: 0.0000690 seconds
155.154: Application time: 0.0256670 seconds
155.155: [Full GC [PSYoungGen: 139264K->31456K(162304K)] [ParOldGen: 370081K->370081K(370176K)] 509345K->401537K(532480K) [PSPermGen: 13628K->13628K(21504K)], 0.0736630 secs] [Times: user=0.52 sys=0.00, real=0.07 secs] 
155.228: Total time for which application threads were stopped: 0.0743650 seconds, Stopping threads took: 0.0000520 seconds
155.254: Application time: 0.0256830 seconds
155.255: [Full GC [PSYoungGen: 139264K->31416K(162304K)] [ParOldGen: 370081K->370081K(370176K)] 509345K->401497K(532480K) [PSPermGen: 13628K->13628K(21504K)], 0.0741530 secs] [Times: user=0.52 sys=0.00, real=0.07 secs] 
155.329: Total time for which application threads were stopped: 0.0747780 seconds, Stopping threads took: 0.0000540 seconds
155.355: Application time: 0.0256040 seconds
155.355: [Full GC [PSYoungGen: 139264K->31415K(162304K)] [ParOldGen: 370081K->370081K(370176K)] 509345K->401497K(532480K) [PSPermGen: 13628K->13628K(21504K)], 0.0728500 secs] [Times: user=0.51 sys=0.00, real=0.07 secs] 
155.428: Total time for which application threads were stopped: 0.0735360 seconds, Stopping threads took: 0.0000520 seconds
155.456: Application time: 0.0283010 seconds
155.457: [Full GC [PSYoungGen: 139264K->31375K(162304K)] [ParOldGen: 370081K->370081K(370176K)] 509345K->401456K(532480K) [PSPermGen: 13628K->13628K(21504K)], 0.0733520 secs] [Times: user=0.52 sys=0.00, real=0.07 secs] 
155.530: Total time for which application threads were stopped: 0.0740400 seconds, Stopping threads took: 0.0000910 seconds
155.557: Application time: 0.0262450 seconds
155.557: [Full GC [PSYoungGen: 139264K->31375K(162304K)] [ParOldGen: 370081K->370081K(370176K)] 509345K->401456K(532480K) [PSPermGen: 13628K->13628K(21504K)], 0.0737420 secs] [Times: user=0.52 sys=0.00, real=0.07 secs] 
155.631: Total time for which application threads were stopped: 0.0744950 seconds, Stopping threads took: 0.0001010 seconds
155.657: Application time: 0.0260110 seconds
155.658: [Full GC [PSYoungGen: 139264K->31335K(162304K)] [ParOldGen: 370081K->370081K(370176K)] 509345K->401416K(532480K) [PSPermGen: 13628K->13628K(21504K)], 0.0730510 secs] [Times: user=0.51 sys=0.01, real=0.07 secs] 
155.731: Total time for which application threads were stopped: 0.0737570 seconds, Stopping threads took: 0.0000660 seconds
155.735: Application time: 0.0043160 seconds
155.736: Total time for which application threads were stopped: 0.0005730 seconds, Stopping threads took: 0.0000750 seconds
155.757: Application time: 0.0214170 seconds
155.758: [Full GC [PSYoungGen: 139264K->31279K(162304K)] [ParOldGen: 370081K->370081K(370176K)] 509345K->401360K(532480K) [PSPermGen: 13628K->13628K(21504K)], 0.0745230 secs] [Times: user=0.50 sys=0.00, real=0.08 secs] 
155.832: Total time for which application threads were stopped: 0.0751570 seconds, Stopping threads took: 0.0000720 seconds
155.858: Application time: 0.0256290 seconds
155.859: [Full GC [PSYoungGen: 139264K->31279K(162304K)] [ParOldGen: 370081K->370081K(370176K)] 509345K->401361K(532480K) [PSPermGen: 13628K->13628K(21504K)], 0.0733840 secs] [Times: user=0.52 sys=0.00, real=0.07 secs] 
155.932: Total time for which application threads were stopped: 0.0740730 seconds, Stopping threads took: 0.0000630 seconds
155.959: Application time: 0.0266090 seconds
155.959: [Full GC [PSYoungGen: 139264K->31294K(162304K)] [ParOldGen: 370081K->370081K(370176K)] 509345K->401375K(532480K) [PSPermGen: 13628K->13628K(21504K)], 0.0731230 secs] [Times: user=0.51 sys=0.00, real=0.08 secs] 
156.033: Total time for which application threads were stopped: 0.0738350 seconds, Stopping threads took: 0.0000780 seconds
156.058: Application time: 0.0255220 seconds
156.059: [Full GC [PSYoungGen: 139264K->31312K(162304K)] [ParOldGen: 370081K->370081K(370176K)] 509345K->401393K(532480K) [PSPermGen: 13628K->13628K(21504K)], 0.0733720 secs] [Times: user=0.51 sys=0.00, real=0.07 secs] 
156.132: Total time for which application threads were stopped: 0.0740160 seconds, Stopping threads took: 0.0000860 seconds
156.158: Application time: 0.0256420 seconds
156.158: [Full GC [PSYoungGen: 139264K->31326K(162304K)] [ParOldGen: 370081K->370081K(370176K)] 509345K->401407K(532480K) [PSPermGen: 13628K->13628K(21504K)], 0.0732200 secs] [Times: user=0.51 sys=0.00, real=0.07 secs] 
156.232: Total time for which application threads were stopped: 0.0739710 seconds, Stopping threads took: 0.0000940 seconds
156.257: Application time: 0.0255880 seconds
156.258: [Full GC [PSYoungGen: 139264K->31344K(162304K)] [ParOldGen: 370081K->370081K(370176K)] 509345K->401425K(532480K) [PSPermGen: 13628K->13628K(21504K)], 0.0731870 secs] [Times: user=0.52 sys=0.00, real=0.07 secs] 
156.331: Total time for which application threads were stopped: 0.0738360 seconds, Stopping threads took: 0.0000540 seconds
156.357: Application time: 0.0257040 seconds
156.358: [Full GC [PSYoungGen: 139264K->31358K(162304K)] [ParOldGen: 370081K->370081K(370176K)] 509345K->401439K(532480K) [PSPermGen: 13628K->13628K(21504K)], 0.0728040 secs] [Times: user=0.52 sys=0.00, real=0.07 secs] 
156.430: Total time for which application threads were stopped: 0.0735090 seconds, Stopping threads took: 0.0000630 seconds
156.456: Application time: 0.0256970 seconds
156.457: [Full GC [PSYoungGen: 139264K->31372K(162304K)] [ParOldGen: 370081K->370081K(370176K)] 509345K->401454K(532480K) [PSPermGen: 13628K->13628K(21504K)], 0.0732360 secs] [Times: user=0.52 sys=0.00, real=0.07 secs] 
156.530: Total time for which application threads were stopped: 0.0738900 seconds, Stopping threads took: 0.0000790 seconds
156.556: Application time: 0.0257760 seconds
156.556: [Full GC [PSYoungGen: 139264K->31283K(162304K)] [ParOldGen: 370081K->370081K(370176K)] 509345K->401364K(532480K) [PSPermGen: 13628K->13628K(21504K)], 0.0897540 secs] [Times: user=0.65 sys=0.00, real=0.09 secs] 
156.646: Total time for which application threads were stopped: 0.0905030 seconds, Stopping threads took: 0.0001180 seconds
156.672: Application time: 0.0259470 seconds
156.673: [Full GC [PSYoungGen: 139264K->31283K(162304K)] [ParOldGen: 370081K->370081K(370176K)] 509345K->401365K(532480K) [PSPermGen: 13628K->13628K(21504K)], 0.0738320 secs] [Times: user=0.52 sys=0.00, real=0.07 secs] 
156.747: Total time for which application threads were stopped: 0.0744780 seconds, Stopping threads took: 0.0000660 seconds
156.772: Application time: 0.0257810 seconds
156.773: [Full GC [PSYoungGen: 139264K->31300K(162304K)] [ParOldGen: 370081K->370081K(370176K)] 509345K->401381K(532480K) [PSPermGen: 13628K->13628K(21504K)], 0.0727160 secs] [Times: user=0.51 sys=0.00, real=0.07 secs] 
156.846: Total time for which application threads were stopped: 0.0733710 seconds, Stopping threads took: 0.0000800 seconds
156.871: Application time: 0.0254970 seconds
156.872: [Full GC [PSYoungGen: 139264K->31314K(162304K)] [ParOldGen: 370081K->370081K(370176K)] 509345K->401396K(532480K) [PSPermGen: 13628K->13628K(21504K)], 0.0739490 secs] [Times: user=0.51 sys=0.00, real=0.08 secs] 
156.946: Total time for which application threads were stopped: 0.0745790 seconds, Stopping threads took: 0.0000650 seconds
156.971: Application time: 0.0255570 seconds
156.972: [Full GC [PSYoungGen: 139264K->31329K(162304K)] [ParOldGen: 370081K->370081K(370176K)] 509345K->401410K(532480K) [PSPermGen: 13628K->13628K(21504K)], 0.0729990 secs] [Times: user=0.52 sys=0.00, real=0.08 secs] 
157.045: Total time for which application threads were stopped: 0.0737010 seconds, Stopping threads took: 0.0000560 seconds
157.071: Application time: 0.0258140 seconds
157.072: [Full GC [PSYoungGen: 139264K->31345K(162304K)] [ParOldGen: 370081K->370081K(370176K)] 509345K->401426K(532480K) [PSPermGen: 13628K->13628K(21504K)], 0.0732410 secs] [Times: user=0.51 sys=0.00, real=0.08 secs] 
157.145: Total time for which application threads were stopped: 0.0739320 seconds, Stopping threads took: 0.0000480 seconds
157.167: Application time: 0.0221600 seconds
157.168: Total time for which application threads were stopped: 0.0006040 seconds, Stopping threads took: 0.0000570 seconds
157.171: Application time: 0.0035290 seconds
157.172: [Full GC [PSYoungGen: 139264K->31255K(162304K)] [ParOldGen: 370081K->370080K(370176K)] 509345K->401335K(532480K) [PSPermGen: 13628K->13628K(21504K)], 0.0903240 secs] [Times: user=0.64 sys=0.01, real=0.09 secs] 
157.262: Total time for which application threads were stopped: 0.0910120 seconds, Stopping threads took: 0.0000660 seconds
157.288: Application time: 0.0260140 seconds
157.289: [Full GC [PSYoungGen: 139264K->31255K(162304K)] [ParOldGen: 370080K->370080K(370176K)] 509344K->401335K(532480K) [PSPermGen: 13628K->13628K(21504K)], 0.0901140 secs] [Times: user=0.65 sys=0.00, real=0.09 secs] 
157.379: Total time for which application threads were stopped: 0.0908240 seconds, Stopping threads took: 0.0000510 seconds
157.405: Application time: 0.0258600 seconds
157.406: [Full GC [PSYoungGen: 139264K->31269K(162304K)] [ParOldGen: 370080K->370080K(370176K)] 509344K->401350K(532480K) [PSPermGen: 13628K->13628K(21504K)], 0.0734030 secs] [Times: user=0.51 sys=0.00, real=0.07 secs] 
157.479: Total time for which application threads were stopped: 0.0741060 seconds, Stopping threads took: 0.0000620 seconds
157.505: Application time: 0.0260820 seconds
157.506: [Full GC [PSYoungGen: 139264K->31287K(162304K)] [ParOldGen: 370080K->370080K(370176K)] 509344K->401368K(532480K) [PSPermGen: 13628K->13628K(21504K)], 0.0725710 secs] [Times: user=0.51 sys=0.01, real=0.07 secs] 
157.578: Total time for which application threads were stopped: 0.0732670 seconds, Stopping threads took: 0.0000620 seconds
157.605: Application time: 0.0261310 seconds
157.605: [Full GC [PSYoungGen: 139264K->31302K(162304K)] [ParOldGen: 370080K->370080K(370176K)] 509344K->401383K(532480K) [PSPermGen: 13628K->13628K(21504K)], 0.0735110 secs] [Times: user=0.51 sys=0.00, real=0.07 secs] 
157.679: Total time for which application threads were stopped: 0.0742420 seconds, Stopping threads took: 0.0000750 seconds
157.705: Application time: 0.0263230 seconds
157.706: [Full GC [PSYoungGen: 139264K->31315K(162304K)] [ParOldGen: 370080K->370080K(370176K)] 509344K->401396K(532480K) [PSPermGen: 13628K->13628K(21504K)], 0.0729660 secs] [Times: user=0.51 sys=0.00, real=0.07 secs] 
157.779: Total time for which application threads were stopped: 0.0736710 seconds, Stopping threads took: 0.0000620 seconds
157.806: Application time: 0.0275790 seconds
157.807: [Full GC [PSYoungGen: 139264K->31227K(162304K)] [ParOldGen: 370080K->370079K(370176K)] 509344K->401307K(532480K) [PSPermGen: 13628K->13628K(21504K)], 0.1226980 secs] [Times: user=0.89 sys=0.00, real=0.12 secs] 
157.930: Total time for which application threads were stopped: 0.1234100 seconds, Stopping threads took: 0.0000650 seconds
157.958: Application time: 0.0282260 seconds
157.959: [Full GC [PSYoungGen: 139264K->31123K(162304K)] [ParOldGen: 370079K->370079K(370176K)] 509343K->401203K(532480K) [PSPermGen: 13628K->13628K(21504K)], 0.1217940 secs] [Times: user=0.89 sys=0.00, real=0.12 secs] 
158.081: Total time for which application threads were stopped: 0.1224830 seconds, Stopping threads took: 0.0000410 seconds
158.108: Application time: 0.0277420 seconds
158.109: [Full GC [PSYoungGen: 139264K->31123K(162304K)] [ParOldGen: 370079K->370079K(370176K)] 509343K->401203K(532480K) [PSPermGen: 13628K->13628K(21504K)], 0.0725410 secs] [Times: user=0.51 sys=0.00, real=0.07 secs] 
158.182: Total time for which application threads were stopped: 0.0732300 seconds, Stopping threads took: 0.0000430 seconds
158.209: Application time: 0.0274020 seconds
158.210: [Full GC [PSYoungGen: 139264K->31139K(162304K)] [ParOldGen: 370079K->370079K(370176K)] 509343K->401219K(532480K) [PSPermGen: 13628K->13628K(21504K)], 0.0723750 secs] [Times: user=0.50 sys=0.01, real=0.07 secs] 
158.282: Total time for which application threads were stopped: 0.0730550 seconds, Stopping threads took: 0.0000420 seconds
158.312: Application time: 0.0299800 seconds
158.313: [Full GC [PSYoungGen: 139264K->31050K(162304K)] [ParOldGen: 370079K->370079K(370176K)] 509343K->401129K(532480K) [PSPermGen: 13628K->13628K(21504K)], 0.1227980 secs] [Times: user=0.89 sys=0.00, real=0.12 secs] 
158.435: Total time for which application threads were stopped: 0.1235250 seconds, Stopping threads took: 0.0000440 seconds
158.447: Application time: 0.0119130 seconds
158.448: Total time for which application threads were stopped: 0.0005870 seconds, Stopping threads took: 0.0000550 seconds
158.489: Application time: 0.0409430 seconds
158.489: Total time for which application threads were stopped: 0.0005290 seconds, Stopping threads took: 0.0000200 seconds
158.490: Application time: 0.0002700 seconds
158.490: [Full GC [PSYoungGen: 139264K->30889K(162304K)] [ParOldGen: 370079K->370075K(370176K)] 509343K->400965K(532480K) [PSPermGen: 13642K->13642K(21504K)], 0.1297680 secs] [Times: user=0.94 sys=0.00, real=0.13 secs] 
158.620: Total time for which application threads were stopped: 0.1300570 seconds, Stopping threads took: 0.0000280 seconds
158.644: Application time: 0.0243260 seconds
158.645: [Full GC [PSYoungGen: 139264K->31104K(162304K)] [ParOldGen: 370075K->370075K(370176K)] 509339K->401179K(532480K) [PSPermGen: 13642K->13642K(21504K)], 0.0901730 secs] [Times: user=0.64 sys=0.00, real=0.09 secs] 
158.735: Total time for which application threads were stopped: 0.0907970 seconds, Stopping threads took: 0.0000470 seconds
158.759: Application time: 0.0242910 seconds
158.760: [Full GC [PSYoungGen: 139264K->31124K(162304K)] [ParOldGen: 370075K->370075K(370176K)] 509339K->401200K(532480K) [PSPermGen: 13642K->13642K(21504K)], 0.0729610 secs] [Times: user=0.51 sys=0.00, real=0.08 secs] 
158.833: Total time for which application threads were stopped: 0.0736430 seconds, Stopping threads took: 0.0000410 seconds
158.857: Application time: 0.0237040 seconds
158.857: [Full GC [PSYoungGen: 139264K->31138K(162304K)] [ParOldGen: 370075K->370075K(370176K)] 509339K->401214K(532480K) [PSPermGen: 13642K->13642K(21504K)], 0.0731200 secs] [Times: user=0.51 sys=0.01, real=0.07 secs] 
158.930: Total time for which application threads were stopped: 0.0738360 seconds, Stopping threads took: 0.0000380 seconds
158.955: Application time: 0.0249200 seconds
158.956: [Full GC [PSYoungGen: 139264K->31154K(162304K)] [ParOldGen: 370075K->370075K(370176K)] 509339K->401229K(532480K) [PSPermGen: 13642K->13642K(21504K)], 0.0731870 secs] [Times: user=0.51 sys=0.00, real=0.07 secs] 
159.029: Total time for which application threads were stopped: 0.0738710 seconds, Stopping threads took: 0.0000380 seconds
159.053: Application time: 0.0242610 seconds
159.054: [Full GC [PSYoungGen: 139264K->31169K(162304K)] [ParOldGen: 370075K->370075K(370176K)] 509339K->401245K(532480K) [PSPermGen: 13642K->13642K(21504K)], 0.0740530 secs] [Times: user=0.51 sys=0.00, real=0.07 secs] 
159.128: Total time for which application threads were stopped: 0.0746610 seconds, Stopping threads took: 0.0000400 seconds
159.152: Application time: 0.0241760 seconds
159.153: [Full GC [PSYoungGen: 139264K->31179K(162304K)] [ParOldGen: 370075K->370075K(370176K)] 509339K->401255K(532480K) [PSPermGen: 13642K->13642K(21504K)], 0.0735850 secs] [Times: user=0.52 sys=0.00, real=0.07 secs] 
159.227: Total time for which application threads were stopped: 0.0742800 seconds, Stopping threads took: 0.0000440 seconds
159.252: Application time: 0.0253210 seconds
159.252: [Full GC [PSYoungGen: 139264K->31202K(162304K)] [ParOldGen: 370075K->370075K(370176K)] 509339K->401277K(532480K) [PSPermGen: 13642K->13642K(21504K)], 0.0736170 secs] [Times: user=0.51 sys=0.01, real=0.07 secs] 
159.326: Total time for which application threads were stopped: 0.0742660 seconds, Stopping threads took: 0.0000510 seconds
159.351: Application time: 0.0246080 seconds
159.351: [Full GC [PSYoungGen: 139264K->31218K(162304K)] [ParOldGen: 370075K->370075K(370176K)] 509339K->401293K(532480K) [PSPermGen: 13642K->13642K(21504K)], 0.0722640 secs] [Times: user=0.51 sys=0.00, real=0.07 secs] 
159.424: Total time for which application threads were stopped: 0.0729480 seconds, Stopping threads took: 0.0000380 seconds
159.448: Application time: 0.0242610 seconds
159.449: [Full GC [PSYoungGen: 139264K->31233K(162304K)] [ParOldGen: 370075K->370075K(370176K)] 509339K->401309K(532480K) [PSPermGen: 13642K->13642K(21504K)], 0.0739730 secs] [Times: user=0.51 sys=0.00, real=0.07 secs] 
159.523: Total time for which application threads were stopped: 0.0746360 seconds, Stopping threads took: 0.0000410 seconds
159.547: Application time: 0.0242390 seconds
159.547: [Full GC [PSYoungGen: 139264K->31250K(162304K)] [ParOldGen: 370075K->370075K(370176K)] 509339K->401325K(532480K) [PSPermGen: 13642K->13642K(21504K)], 0.0736990 secs] [Times: user=0.52 sys=0.00, real=0.07 secs] 
159.621: Total time for which application threads were stopped: 0.0743190 seconds, Stopping threads took: 0.0000380 seconds
159.645: Application time: 0.0241940 seconds
159.646: [Full GC [PSYoungGen: 139264K->31261K(162304K)] [ParOldGen: 370075K->370075K(370176K)] 509339K->401336K(532480K) [PSPermGen: 13642K->13642K(21504K)], 0.0733130 secs] [Times: user=0.52 sys=0.00, real=0.07 secs] 
159.719: Total time for which application threads were stopped: 0.0739890 seconds, Stopping threads took: 0.0000410 seconds
159.744: Application time: 0.0242750 seconds
159.744: [Full GC [PSYoungGen: 139264K->31278K(162304K)] [ParOldGen: 370075K->370075K(370176K)] 509339K->401354K(532480K) [PSPermGen: 13642K->13642K(21504K)], 0.0731240 secs] [Times: user=0.51 sys=0.00, real=0.08 secs] 
159.817: Total time for which application threads were stopped: 0.0738000 seconds, Stopping threads took: 0.0000360 seconds
159.842: Application time: 0.0243300 seconds
159.842: [Full GC [PSYoungGen: 139264K->31293K(162304K)] [ParOldGen: 370075K->370075K(370176K)] 509339K->401368K(532480K) [PSPermGen: 13642K->13642K(21504K)], 0.0727080 secs] [Times: user=0.50 sys=0.00, real=0.08 secs] 
159.915: Total time for which application threads were stopped: 0.0734010 seconds, Stopping threads took: 0.0000410 seconds
159.940: Application time: 0.0247230 seconds
159.940: [Full GC [PSYoungGen: 139264K->31309K(162304K)] [ParOldGen: 370075K->370075K(370176K)] 509339K->401384K(532480K) [PSPermGen: 13642K->13642K(21504K)], 0.0746100 secs] [Times: user=0.52 sys=0.00, real=0.08 secs] 
160.015: Total time for which application threads were stopped: 0.0752440 seconds, Stopping threads took: 0.0000530 seconds
160.039: Application time: 0.0239970 seconds
160.040: [Full GC [PSYoungGen: 139264K->31323K(162304K)] [ParOldGen: 370075K->370075K(370176K)] 509339K->401399K(532480K) [PSPermGen: 13642K->13642K(21504K)], 0.0725800 secs] [Times: user=0.52 sys=0.00, real=0.08 secs] 
160.112: Total time for which application threads were stopped: 0.0733010 seconds, Stopping threads took: 0.0000490 seconds
160.137: Application time: 0.0241920 seconds
160.141: [Full GC [PSYoungGen: 139264K->31339K(162304K)] [ParOldGen: 370075K->370075K(370176K)] 509339K->401414K(532480K) [PSPermGen: 13642K->13642K(21504K)], 0.0735660 secs] [Times: user=0.52 sys=0.00, real=0.08 secs] 
160.215: Total time for which application threads were stopped: 0.0778310 seconds, Stopping threads took: 0.0036970 seconds
160.239: Application time: 0.0243710 seconds
160.239: [Full GC [PSYoungGen: 139264K->31354K(162304K)] [ParOldGen: 370075K->370075K(370176K)] 509339K->401430K(532480K) [PSPermGen: 13642K->13642K(21504K)], 0.0732980 secs] [Times: user=0.52 sys=0.00, real=0.08 secs] 
160.313: Total time for which application threads were stopped: 0.0739750 seconds, Stopping threads took: 0.0000350 seconds
160.337: Application time: 0.0243210 seconds
160.338: [Full GC [PSYoungGen: 139264K->31368K(162304K)] [ParOldGen: 370075K->370075K(370176K)] 509339K->401444K(532480K) [PSPermGen: 13642K->13642K(21504K)], 0.0725310 secs] [Times: user=0.51 sys=0.00, real=0.07 secs] 
160.410: Total time for which application threads were stopped: 0.0732130 seconds, Stopping threads took: 0.0000360 seconds
160.435: Application time: 0.0242400 seconds
160.435: [Full GC [PSYoungGen: 139264K->31387K(162304K)] [ParOldGen: 370075K->370075K(370176K)] 509339K->401462K(532480K) [PSPermGen: 13642K->13642K(21504K)], 0.0741950 secs] [Times: user=0.52 sys=0.00, real=0.07 secs] 
160.511: Total time for which application threads were stopped: 0.0763710 seconds, Stopping threads took: 0.0000650 seconds
160.536: Application time: 0.0245570 seconds
160.536: [Full GC [PSYoungGen: 139264K->31402K(162304K)] [ParOldGen: 370075K->370075K(370176K)] 509339K->401478K(532480K) [PSPermGen: 13642K->13642K(21504K)], 0.0736370 secs] [Times: user=0.52 sys=0.00, real=0.07 secs] 
160.610: Total time for which application threads were stopped: 0.0743100 seconds, Stopping threads took: 0.0000370 seconds
160.635: Application time: 0.0248820 seconds
160.635: [Full GC [PSYoungGen: 139264K->31416K(162304K)] [ParOldGen: 370075K->370075K(370176K)] 509339K->401491K(532480K) [PSPermGen: 13642K->13642K(21504K)], 0.0733390 secs] [Times: user=0.50 sys=0.01, real=0.07 secs] 
160.709: Total time for which application threads were stopped: 0.0740770 seconds, Stopping threads took: 0.0000510 seconds
160.734: Application time: 0.0248130 seconds
160.734: [Full GC [PSYoungGen: 139264K->31430K(162304K)] [ParOldGen: 370075K->370075K(370176K)] 509339K->401506K(532480K) [PSPermGen: 13642K->13642K(21504K)], 0.0736770 secs] [Times: user=0.51 sys=0.00, real=0.07 secs] 
160.808: Total time for which application threads were stopped: 0.0742900 seconds, Stopping threads took: 0.0000420 seconds
160.832: Application time: 0.0243860 seconds
160.833: [Full GC [PSYoungGen: 139264K->31447K(162304K)] [ParOldGen: 370075K->370075K(370176K)] 509339K->401522K(532480K) [PSPermGen: 13642K->13642K(21504K)], 0.0740050 secs] [Times: user=0.52 sys=0.00, real=0.07 secs] 
160.907: Total time for which application threads were stopped: 0.0746900 seconds, Stopping threads took: 0.0000460 seconds
160.932: Application time: 0.0247580 seconds
160.932: [Full GC [PSYoungGen: 139264K->31462K(162304K)] [ParOldGen: 370075K->370075K(370176K)] 509339K->401538K(532480K) [PSPermGen: 13642K->13642K(21504K)], 0.0749990 secs] [Times: user=0.52 sys=0.01, real=0.07 secs] 
161.008: Total time for which application threads were stopped: 0.0757450 seconds, Stopping threads took: 0.0000530 seconds
161.032: Application time: 0.0242120 seconds
161.033: [Full GC [PSYoungGen: 139264K->31478K(162304K)] [ParOldGen: 370075K->370075K(370176K)] 509339K->401554K(532480K) [PSPermGen: 13642K->13642K(21504K)], 0.0747360 secs] [Times: user=0.52 sys=0.00, real=0.07 secs] 
161.108: Total time for which application threads were stopped: 0.0759130 seconds, Stopping threads took: 0.0006080 seconds
161.132: Application time: 0.0242600 seconds
161.137: [Full GC [PSYoungGen: 139264K->31493K(162304K)] [ParOldGen: 370075K->370075K(370176K)] 509339K->401568K(532480K) [PSPermGen: 13642K->13642K(21504K)], 0.0742480 secs] [Times: user=0.52 sys=0.00, real=0.07 secs] 
161.211: Total time for which application threads were stopped: 0.0793250 seconds, Stopping threads took: 0.0044610 seconds
161.235: Application time: 0.0240020 seconds
161.237: [Full GC [PSYoungGen: 139264K->31508K(162304K)] [ParOldGen: 370075K->370075K(370176K)] 509339K->401583K(532480K) [PSPermGen: 13642K->13642K(21504K)], 0.0740680 secs] [Times: user=0.52 sys=0.00, real=0.07 secs] 
161.311: Total time for which application threads were stopped: 0.0758000 seconds, Stopping threads took: 0.0011030 seconds
161.335: Application time: 0.0242750 seconds
161.337: [Full GC [PSYoungGen: 139264K->31523K(162304K)] [ParOldGen: 370075K->370075K(370176K)] 509339K->401598K(532480K) [PSPermGen: 13642K->13642K(21504K)], 0.0727480 secs] [Times: user=0.52 sys=0.00, real=0.07 secs] 
161.410: Total time for which application threads were stopped: 0.0743410 seconds, Stopping threads took: 0.0010230 seconds
161.434: Application time: 0.0244110 seconds
161.437: [Full GC [PSYoungGen: 139264K->31538K(162304K)] [ParOldGen: 370075K->370075K(370176K)] 509339K->401613K(532480K) [PSPermGen: 13642K->13642K(21504K)], 0.0726530 secs] [Times: user=0.51 sys=0.00, real=0.07 secs] 
161.510: Total time for which application threads were stopped: 0.0754770 seconds, Stopping threads took: 0.0022620 seconds
161.534: Application time: 0.0242980 seconds
161.534: [Full GC [PSYoungGen: 139264K->31554K(162304K)] [ParOldGen: 370075K->370075K(370176K)] 509339K->401629K(532480K) [PSPermGen: 13642K->13642K(21504K)], 0.0737840 secs] [Times: user=0.52 sys=0.00, real=0.07 secs] 
161.608: Total time for which application threads were stopped: 0.0743980 seconds, Stopping threads took: 0.0000400 seconds
161.632: Application time: 0.0241420 seconds
161.633: [Full GC [PSYoungGen: 139264K->31574K(162304K)] [ParOldGen: 370075K->370075K(370176K)] 509339K->401650K(532480K) [PSPermGen: 13642K->13642K(21504K)], 0.0734450 secs] [Times: user=0.51 sys=0.00, real=0.07 secs] 
161.707: Total time for which application threads were stopped: 0.0741380 seconds, Stopping threads took: 0.0000420 seconds
161.731: Application time: 0.0239980 seconds
161.731: [Full GC [PSYoungGen: 139264K->31590K(162304K)] [ParOldGen: 370075K->370075K(370176K)] 509339K->401665K(532480K) [PSPermGen: 13642K->13642K(21504K)], 0.0735760 secs] [Times: user=0.51 sys=0.00, real=0.08 secs] 
161.805: Total time for which application threads were stopped: 0.0742890 seconds, Stopping threads took: 0.0000450 seconds
161.829: Application time: 0.0242830 seconds
161.833: [Full GC [PSYoungGen: 139264K->31607K(162304K)] [ParOldGen: 370075K->370075K(370176K)] 509339K->401682K(532480K) [PSPermGen: 13642K->13642K(21504K)], 0.0734350 secs] [Times: user=0.52 sys=0.00, real=0.07 secs] 
161.906: Total time for which application threads were stopped: 0.0772800 seconds, Stopping threads took: 0.0032140 seconds
161.931: Application time: 0.0243340 seconds
161.931: [Full GC [PSYoungGen: 139264K->31620K(162304K)] [ParOldGen: 370075K->370075K(370176K)] 509339K->401696K(532480K) [PSPermGen: 13642K->13642K(21504K)], 0.0741700 secs] [Times: user=0.51 sys=0.00, real=0.08 secs] 
162.006: Total time for which application threads were stopped: 0.0748470 seconds, Stopping threads took: 0.0000420 seconds
162.030: Application time: 0.0241970 seconds
162.030: [Full GC [PSYoungGen: 139264K->31634K(162304K)] [ParOldGen: 370075K->370075K(370176K)] 509339K->401710K(532480K) [PSPermGen: 13642K->13642K(21504K)], 0.0732110 secs] [Times: user=0.52 sys=0.01, real=0.07 secs] 
162.104: Total time for which application threads were stopped: 0.0739100 seconds, Stopping threads took: 0.0000500 seconds
162.130: Application time: 0.0257920 seconds
162.133: [Full GC [PSYoungGen: 139264K->31432K(162304K)] [ParOldGen: 370075K->370075K(370176K)] 509339K->401507K(532480K) [PSPermGen: 13642K->13642K(21504K)], 0.0727210 secs] [Times: user=0.51 sys=0.00, real=0.07 secs] 
162.206: Total time for which application threads were stopped: 0.0762230 seconds, Stopping threads took: 0.0028710 seconds
162.230: Application time: 0.0244100 seconds
162.231: [Full GC [PSYoungGen: 139264K->31385K(162304K)] [ParOldGen: 370075K->370075K(370176K)] 509339K->401460K(532480K) [PSPermGen: 13642K->13642K(21504K)], 0.0745980 secs] [Times: user=0.52 sys=0.00, real=0.08 secs] 
162.305: Total time for which application threads were stopped: 0.0752100 seconds, Stopping threads took: 0.0000420 seconds
162.331: Application time: 0.0257150 seconds
162.332: [Full GC [PSYoungGen: 139264K->31182K(162304K)] [ParOldGen: 370075K->370075K(370176K)] 509339K->401257K(532480K) [PSPermGen: 13642K->13642K(21504K)], 0.0734110 secs] [Times: user=0.51 sys=0.00, real=0.08 secs] 
162.405: Total time for which application threads were stopped: 0.0741090 seconds, Stopping threads took: 0.0000460 seconds
162.429: Application time: 0.0237420 seconds
162.433: [Full GC [PSYoungGen: 139264K->31133K(162304K)] [ParOldGen: 370075K->370075K(370176K)] 509339K->401208K(532480K) [PSPermGen: 13642K->13642K(21504K)], 0.0728890 secs] [Times: user=0.51 sys=0.00, real=0.07 secs] 
162.506: Total time for which application threads were stopped: 0.0769250 seconds, Stopping threads took: 0.0034170 seconds
162.530: Application time: 0.0243180 seconds
162.531: [Full GC [PSYoungGen: 139264K->31152K(162304K)] [ParOldGen: 370075K->370075K(370176K)] 509339K->401228K(532480K) [PSPermGen: 13642K->13642K(21504K)], 0.0730260 secs] [Times: user=0.51 sys=0.00, real=0.07 secs] 
162.604: Total time for which application threads were stopped: 0.0736500 seconds, Stopping threads took: 0.0000370 seconds
162.628: Application time: 0.0242230 seconds
162.629: [Full GC [PSYoungGen: 139264K->31165K(162304K)] [ParOldGen: 370075K->370075K(370176K)] 509339K->401241K(532480K) [PSPermGen: 13642K->13642K(21504K)], 0.0722990 secs] [Times: user=0.51 sys=0.00, real=0.07 secs] 
162.701: Total time for which application threads were stopped: 0.0729740 seconds, Stopping threads took: 0.0000360 seconds
162.725: Application time: 0.0241250 seconds
162.726: [Full GC [PSYoungGen: 139264K->31182K(162304K)] [ParOldGen: 370075K->370075K(370176K)] 509339K->401257K(532480K) [PSPermGen: 13642K->13642K(21504K)], 0.0729400 secs] [Times: user=0.52 sys=0.00, real=0.07 secs] 
162.799: Total time for which application threads were stopped: 0.0735550 seconds, Stopping threads took: 0.0000380 seconds
162.823: Application time: 0.0243500 seconds
162.824: [Full GC [PSYoungGen: 139264K->31197K(162304K)] [ParOldGen: 370075K->370075K(370176K)] 509339K->401272K(532480K) [PSPermGen: 13642K->13642K(21504K)], 0.0733160 secs] [Times: user=0.52 sys=0.00, real=0.08 secs] 
162.897: Total time for which application threads were stopped: 0.0739970 seconds, Stopping threads took: 0.0000350 seconds
162.922: Application time: 0.0244690 seconds
162.922: [Full GC [PSYoungGen: 139264K->31213K(162304K)] [ParOldGen: 370075K->370075K(370176K)] 509339K->401289K(532480K) [PSPermGen: 13642K->13642K(21504K)], 0.0737420 secs] [Times: user=0.52 sys=0.00, real=0.08 secs] 
162.996: Total time for which application threads were stopped: 0.0744700 seconds, Stopping threads took: 0.0000450 seconds
163.021: Application time: 0.0244800 seconds
163.021: [Full GC [PSYoungGen: 139264K->31228K(162304K)] [ParOldGen: 370075K->370075K(370176K)] 509339K->401303K(532480K) [PSPermGen: 13642K->13642K(21504K)], 0.0727680 secs] [Times: user=0.50 sys=0.00, real=0.08 secs] 
163.094: Total time for which application threads were stopped: 0.0734690 seconds, Stopping threads took: 0.0000500 seconds
163.119: Application time: 0.0247030 seconds
163.119: [Full GC [PSYoungGen: 139264K->31244K(162304K)] [ParOldGen: 370075K->370075K(370176K)] 509339K->401320K(532480K) [PSPermGen: 13642K->13642K(21504K)], 0.0733080 secs] [Times: user=0.52 sys=0.00, real=0.08 secs] 
163.193: Total time for which application threads were stopped: 0.0739200 seconds, Stopping threads took: 0.0000410 seconds
163.217: Application time: 0.0247070 seconds
163.221: [Full GC [PSYoungGen: 139264K->31259K(162304K)] [ParOldGen: 370075K->370075K(370176K)] 509339K->401334K(532480K) [PSPermGen: 13642K->13642K(21504K)], 0.0730930 secs] [Times: user=0.52 sys=0.00, real=0.08 secs] 
163.294: Total time for which application threads were stopped: 0.0767870 seconds, Stopping threads took: 0.0030390 seconds
163.318: Application time: 0.0242160 seconds
163.319: [Full GC [PSYoungGen: 139264K->31275K(162304K)] [ParOldGen: 370075K->370075K(370176K)] 509339K->401350K(532480K) [PSPermGen: 13642K->13642K(21504K)], 0.0728690 secs] [Times: user=0.52 sys=0.00, real=0.07 secs] 
163.392: Total time for which application threads were stopped: 0.0735670 seconds, Stopping threads took: 0.0000450 seconds
163.416: Application time: 0.0241420 seconds
163.417: [Full GC [PSYoungGen: 139264K->31288K(162304K)] [ParOldGen: 370075K->370075K(370176K)] 509339K->401364K(532480K) [PSPermGen: 13642K->13642K(21504K)], 0.0731950 secs] [Times: user=0.52 sys=0.00, real=0.07 secs] 
163.490: Total time for which application threads were stopped: 0.0739290 seconds, Stopping threads took: 0.0000690 seconds
163.514: Application time: 0.0241110 seconds
163.515: [Full GC [PSYoungGen: 139264K->31302K(162304K)] [ParOldGen: 370075K->370075K(370176K)] 509339K->401378K(532480K) [PSPermGen: 13642K->13642K(21504K)], 0.0730050 secs] [Times: user=0.51 sys=0.00, real=0.07 secs] 
163.588: Total time for which application threads were stopped: 0.0737410 seconds, Stopping threads took: 0.0000560 seconds
163.612: Application time: 0.0242110 seconds
163.613: [Full GC [PSYoungGen: 139264K->31319K(162304K)] [ParOldGen: 370075K->370075K(370176K)] 509339K->401395K(532480K) [PSPermGen: 13642K->13642K(21504K)], 0.0737070 secs] [Times: user=0.51 sys=0.01, real=0.07 secs] 
163.686: Total time for which application threads were stopped: 0.0743050 seconds, Stopping threads took: 0.0000390 seconds
163.710: Application time: 0.0239580 seconds
163.711: [Full GC [PSYoungGen: 139264K->31333K(162304K)] [ParOldGen: 370075K->370075K(370176K)] 509339K->401408K(532480K) [PSPermGen: 13642K->13642K(21504K)], 0.0732060 secs] [Times: user=0.52 sys=0.00, real=0.07 secs] 
163.784: Total time for which application threads were stopped: 0.0738250 seconds, Stopping threads took: 0.0000520 seconds
163.808: Application time: 0.0238450 seconds
163.809: [Full GC [PSYoungGen: 139264K->31353K(162304K)] [ParOldGen: 370075K->370075K(370176K)] 509339K->401429K(532480K) [PSPermGen: 13642K->13642K(21504K)], 0.0729060 secs] [Times: user=0.51 sys=0.00, real=0.07 secs] 
163.882: Total time for which application threads were stopped: 0.0736220 seconds, Stopping threads took: 0.0000500 seconds
163.906: Application time: 0.0239300 seconds
163.906: [Full GC [PSYoungGen: 139264K->31368K(162304K)] [ParOldGen: 370075K->369965K(370176K)] 509339K->401334K(532480K) [PSPermGen: 13642K->13642K(21504K)], 0.2353070 secs] [Times: user=1.73 sys=0.00, real=0.23 secs] 
164.142: Total time for which application threads were stopped: 0.2360050 seconds, Stopping threads took: 0.0000460 seconds
164.165: Application time: 0.0238010 seconds
164.166: [Full GC [PSYoungGen: 139264K->31383K(162304K)] [ParOldGen: 369965K->369965K(370176K)] 509229K->401348K(532480K) [PSPermGen: 13642K->13642K(21504K)], 0.0732430 secs] [Times: user=0.52 sys=0.00, real=0.07 secs] 
164.239: Total time for which application threads were stopped: 0.0738690 seconds, Stopping threads took: 0.0000380 seconds
164.264: Application time: 0.0244130 seconds
164.265: [Full GC [PSYoungGen: 139264K->31396K(162304K)] [ParOldGen: 369965K->369965K(370176K)] 509229K->401362K(532480K) [PSPermGen: 13642K->13642K(21504K)], 0.0728870 secs] [Times: user=0.51 sys=0.00, real=0.07 secs] 
164.338: Total time for which application threads were stopped: 0.0742550 seconds, Stopping threads took: 0.0007230 seconds
164.362: Application time: 0.0244630 seconds
164.363: [Full GC [PSYoungGen: 139264K->31410K(162304K)] [ParOldGen: 369965K->369965K(370176K)] 509229K->401376K(532480K) [PSPermGen: 13642K->13642K(21504K)], 0.0737970 secs] [Times: user=0.52 sys=0.00, real=0.08 secs] 
164.437: Total time for which application threads were stopped: 0.0744250 seconds, Stopping threads took: 0.0000490 seconds
164.461: Application time: 0.0244810 seconds
164.462: [Full GC [PSYoungGen: 139264K->31430K(162304K)] [ParOldGen: 369965K->369965K(370176K)] 509229K->401396K(532480K) [PSPermGen: 13642K->13642K(21504K)], 0.0735860 secs] [Times: user=0.52 sys=0.00, real=0.08 secs] 
164.536: Total time for which application threads were stopped: 0.0742800 seconds, Stopping threads took: 0.0000450 seconds
164.560: Application time: 0.0249300 seconds
164.561: [Full GC [PSYoungGen: 139264K->31443K(162304K)] [ParOldGen: 369965K->369965K(370176K)] 509229K->401409K(532480K) [PSPermGen: 13642K->13642K(21504K)], 0.0744860 secs] [Times: user=0.52 sys=0.00, real=0.08 secs] 
164.636: Total time for which application threads were stopped: 0.0751010 seconds, Stopping threads took: 0.0000380 seconds
164.660: Application time: 0.0244450 seconds
164.661: [Full GC [PSYoungGen: 139264K->31455K(162304K)] [ParOldGen: 369965K->369965K(370176K)] 509229K->401421K(532480K) [PSPermGen: 13642K->13642K(21504K)], 0.0736100 secs] [Times: user=0.52 sys=0.00, real=0.08 secs] 
164.734: Total time for which application threads were stopped: 0.0742270 seconds, Stopping threads took: 0.0000360 seconds
164.759: Application time: 0.0243350 seconds
164.759: [Full GC [PSYoungGen: 139264K->31473K(162304K)] [ParOldGen: 369965K->369965K(370176K)] 509229K->401439K(532480K) [PSPermGen: 13642K->13642K(21504K)], 0.0747500 secs] [Times: user=0.51 sys=0.01, real=0.08 secs] 
164.834: Total time for which application threads were stopped: 0.0753970 seconds, Stopping threads took: 0.0000420 seconds
164.858: Application time: 0.0243730 seconds
164.861: [Full GC [PSYoungGen: 139264K->31490K(162304K)] [ParOldGen: 369965K->369965K(370176K)] 509229K->401456K(532480K) [PSPermGen: 13642K->13642K(21504K)], 0.0736490 secs] [Times: user=0.51 sys=0.00, real=0.08 secs] 
164.935: Total time for which application threads were stopped: 0.0761990 seconds, Stopping threads took: 0.0019770 seconds
164.960: Application time: 0.0254590 seconds
164.965: [Full GC [PSYoungGen: 139264K->31505K(162304K)] [ParOldGen: 369965K->369965K(370176K)] 509229K->401471K(532480K) [PSPermGen: 13642K->13642K(21504K)], 0.0734800 secs] [Times: user=0.51 sys=0.00, real=0.07 secs] 
165.038: Total time for which application threads were stopped: 0.0784150 seconds, Stopping threads took: 0.0043100 seconds
165.063: Application time: 0.0246820 seconds
165.065: [Full GC [PSYoungGen: 139264K->31516K(162304K)] [ParOldGen: 369965K->369965K(370176K)] 509229K->401482K(532480K) [PSPermGen: 13642K->13642K(21504K)], 0.0739880 secs] [Times: user=0.52 sys=0.00, real=0.07 secs] 
165.139: Total time for which application threads were stopped: 0.0757670 seconds, Stopping threads took: 0.0012140 seconds
165.164: Application time: 0.0249580 seconds
165.164: [Full GC [PSYoungGen: 139264K->31536K(162304K)] [ParOldGen: 369965K->369965K(370176K)] 509229K->401502K(532480K) [PSPermGen: 13642K->13642K(21504K)], 0.0743420 secs] [Times: user=0.52 sys=0.00, real=0.07 secs] 
165.239: Total time for which application threads were stopped: 0.0749930 seconds, Stopping threads took: 0.0000450 seconds
165.264: Application time: 0.0249630 seconds
165.264: [Full GC [PSYoungGen: 139264K->31552K(162304K)] [ParOldGen: 369965K->369965K(370176K)] 509229K->401518K(532480K) [PSPermGen: 13642K->13642K(21504K)], 0.0753070 secs] [Times: user=0.53 sys=0.00, real=0.07 secs] 
165.340: Total time for which application threads were stopped: 0.0759780 seconds, Stopping threads took: 0.0000550 seconds
165.365: Application time: 0.0250130 seconds
165.369: [Full GC [PSYoungGen: 139264K->31568K(162304K)] [ParOldGen: 369965K->369965K(370176K)] 509229K->401533K(532480K) [PSPermGen: 13642K->13642K(21504K)], 0.0738140 secs] [Times: user=0.51 sys=0.00, real=0.07 secs] 
165.443: Total time for which application threads were stopped: 0.0779360 seconds, Stopping threads took: 0.0035420 seconds
165.467: Application time: 0.0247070 seconds
165.469: [Full GC [PSYoungGen: 139264K->31584K(162304K)] [ParOldGen: 369965K->369965K(370176K)] 509229K->401549K(532480K) [PSPermGen: 13642K->13642K(21504K)], 0.0743110 secs] [Times: user=0.52 sys=0.00, real=0.07 secs] 
165.543: Total time for which application threads were stopped: 0.0757820 seconds, Stopping threads took: 0.0008800 seconds
165.568: Application time: 0.0244440 seconds
165.568: [Full GC [PSYoungGen: 139264K->31600K(162304K)] [ParOldGen: 369965K->369965K(370176K)] 509229K->401566K(532480K) [PSPermGen: 13642K->13642K(21504K)], 0.0731760 secs] [Times: user=0.52 sys=0.00, real=0.07 secs] 
165.642: Total time for which application threads were stopped: 0.0738590 seconds, Stopping threads took: 0.0000440 seconds
165.666: Application time: 0.0248580 seconds
165.667: [Full GC [PSYoungGen: 139264K->31615K(162304K)] [ParOldGen: 369965K->369965K(370176K)] 509229K->401581K(532480K) [PSPermGen: 13642K->13642K(21504K)], 0.0738020 secs] [Times: user=0.52 sys=0.00, real=0.07 secs] 
165.741: Total time for which application threads were stopped: 0.0744770 seconds, Stopping threads took: 0.0000470 seconds
165.766: Application time: 0.0255110 seconds
165.767: [Full GC [PSYoungGen: 139264K->31522K(162304K)] [ParOldGen: 369965K->369965K(370176K)] 509229K->401488K(532480K) [PSPermGen: 13642K->13642K(21504K)], 0.0726280 secs] [Times: user=0.52 sys=0.00, real=0.07 secs] 
165.840: Total time for which application threads were stopped: 0.0733280 seconds, Stopping threads took: 0.0000550 seconds
165.865: Application time: 0.0251080 seconds
165.869: [Full GC [PSYoungGen: 139264K->31451K(162304K)] [ParOldGen: 369965K->369965K(370176K)] 509229K->401417K(532480K) [PSPermGen: 13642K->13642K(21504K)], 0.0745540 secs] [Times: user=0.52 sys=0.00, real=0.07 secs] 
165.944: Total time for which application threads were stopped: 0.0786620 seconds, Stopping threads took: 0.0034840 seconds
165.969: Application time: 0.0252640 seconds
165.973: [Full GC [PSYoungGen: 139264K->31397K(162304K)] [ParOldGen: 369965K->369965K(370176K)] 509229K->401362K(532480K) [PSPermGen: 13642K->13642K(21504K)], 0.0728710 secs] [Times: user=0.51 sys=0.00, real=0.07 secs] 
166.046: Total time for which application threads were stopped: 0.0770380 seconds, Stopping threads took: 0.0035380 seconds
166.071: Application time: 0.0248070 seconds
166.073: [Full GC [PSYoungGen: 139264K->31394K(162304K)] [ParOldGen: 369965K->369965K(370176K)] 509229K->401360K(532480K) [PSPermGen: 13642K->13642K(21504K)], 0.0740000 secs] [Times: user=0.52 sys=0.00, real=0.07 secs] 
166.147: Total time for which application threads were stopped: 0.0762600 seconds, Stopping threads took: 0.0016940 seconds
166.173: Application time: 0.0256750 seconds
166.177: [Full GC [PSYoungGen: 139264K->31192K(162304K)] [ParOldGen: 369965K->369965K(370176K)] 509229K->401158K(532480K) [PSPermGen: 13642K->13642K(21504K)], 0.0729770 secs] [Times: user=0.51 sys=0.00, real=0.07 secs] 
166.250: Total time for which application threads were stopped: 0.0773560 seconds, Stopping threads took: 0.0037600 seconds
166.275: Application time: 0.0246580 seconds
166.275: [Full GC [PSYoungGen: 139264K->31144K(162304K)] [ParOldGen: 369965K->369965K(370176K)] 509229K->401109K(532480K) [PSPermGen: 13642K->13642K(21504K)], 0.0730410 secs] [Times: user=0.50 sys=0.00, real=0.07 secs] 
166.348: Total time for which application threads were stopped: 0.0737510 seconds, Stopping threads took: 0.0000440 seconds
166.373: Application time: 0.0241580 seconds
166.373: [Full GC [PSYoungGen: 139264K->31158K(162304K)] [ParOldGen: 369965K->369965K(370176K)] 509229K->401124K(532480K) [PSPermGen: 13642K->13642K(21504K)], 0.0733300 secs] [Times: user=0.52 sys=0.00, real=0.07 secs] 
166.447: Total time for which application threads were stopped: 0.0740290 seconds, Stopping threads took: 0.0000620 seconds
166.471: Application time: 0.0247390 seconds
166.472: [Full GC [PSYoungGen: 139264K->31171K(162304K)] [ParOldGen: 369965K->369965K(370176K)] 509229K->401137K(532480K) [PSPermGen: 13642K->13642K(21504K)], 0.0736590 secs] [Times: user=0.51 sys=0.01, real=0.08 secs] 
166.546: Total time for which application threads were stopped: 0.0743730 seconds, Stopping threads took: 0.0000560 seconds
166.570: Application time: 0.0247690 seconds
166.573: [Full GC [PSYoungGen: 139264K->31192K(162304K)] [ParOldGen: 369965K->369965K(370176K)] 509229K->401158K(532480K) [PSPermGen: 13642K->13642K(21504K)], 0.0728570 secs] [Times: user=0.50 sys=0.00, real=0.07 secs] 
166.646: Total time for which application threads were stopped: 0.0753940 seconds, Stopping threads took: 0.0019170 seconds
166.671: Application time: 0.0247400 seconds
166.671: [Full GC [PSYoungGen: 139264K->31207K(162304K)] [ParOldGen: 369965K->369965K(370176K)] 509229K->401173K(532480K) [PSPermGen: 13642K->13642K(21504K)], 0.0729890 secs] [Times: user=0.51 sys=0.00, real=0.07 secs] 
166.744: Total time for which application threads were stopped: 0.0736400 seconds, Stopping threads took: 0.0000840 seconds
166.769: Application time: 0.0246770 seconds
166.769: [Full GC [PSYoungGen: 139264K->31221K(162304K)] [ParOldGen: 369965K->369965K(370176K)] 509229K->401187K(532480K) [PSPermGen: 13642K->13642K(21504K)], 0.0728960 secs] [Times: user=0.51 sys=0.00, real=0.07 secs] 
166.842: Total time for which application threads were stopped: 0.0735210 seconds, Stopping threads took: 0.0000540 seconds
166.867: Application time: 0.0247060 seconds
166.868: [Full GC [PSYoungGen: 139264K->31234K(162304K)] [ParOldGen: 369965K->369965K(370176K)] 509229K->401200K(532480K) [PSPermGen: 13642K->13642K(21504K)], 0.0736490 secs] [Times: user=0.52 sys=0.00, real=0.07 secs] 
166.941: Total time for which application threads were stopped: 0.0742860 seconds, Stopping threads took: 0.0000390 seconds
166.967: Application time: 0.0251500 seconds
166.969: [Full GC [PSYoungGen: 139264K->31254K(162304K)] [ParOldGen: 369965K->369965K(370176K)] 509229K->401219K(532480K) [PSPermGen: 13642K->13642K(21504K)], 0.0721250 secs] [Times: user=0.51 sys=0.00, real=0.07 secs] 
167.041: Total time for which application threads were stopped: 0.0744570 seconds, Stopping threads took: 0.0017700 seconds
167.066: Application time: 0.0247310 seconds
167.066: [Full GC [PSYoungGen: 139264K->31269K(162304K)] [ParOldGen: 369965K->369965K(370176K)] 509229K->401235K(532480K) [PSPermGen: 13642K->13642K(21504K)], 0.0725680 secs] [Times: user=0.51 sys=0.00, real=0.07 secs] 
167.139: Total time for which application threads were stopped: 0.0732570 seconds, Stopping threads took: 0.0000480 seconds
167.164: Application time: 0.0248920 seconds
167.165: [Full GC [PSYoungGen: 139264K->31284K(162304K)] [ParOldGen: 369965K->369965K(370176K)] 509229K->401250K(532480K) [PSPermGen: 13642K->13642K(21504K)], 0.0729040 secs] [Times: user=0.50 sys=0.01, real=0.07 secs] 
167.237: Total time for which application threads were stopped: 0.0735370 seconds, Stopping threads took: 0.0000540 seconds
167.263: Application time: 0.0252380 seconds
167.265: [Full GC [PSYoungGen: 139264K->31300K(162304K)] [ParOldGen: 369965K->369965K(370176K)] 509229K->401265K(532480K) [PSPermGen: 13642K->13642K(21504K)], 0.0732470 secs] [Times: user=0.51 sys=0.01, real=0.07 secs] 
167.338: Total time for which application threads were stopped: 0.0754970 seconds, Stopping threads took: 0.0016450 seconds
167.363: Application time: 0.0248980 seconds
167.364: [Full GC [PSYoungGen: 139264K->31313K(162304K)] [ParOldGen: 369965K->369965K(370176K)] 509229K->401279K(532480K) [PSPermGen: 13642K->13642K(21504K)], 0.0729960 secs] [Times: user=0.51 sys=0.00, real=0.08 secs] 
167.437: Total time for which application threads were stopped: 0.0737090 seconds, Stopping threads took: 0.0000730 seconds
167.462: Application time: 0.0249930 seconds
167.465: [Full GC [PSYoungGen: 139264K->31328K(162304K)] [ParOldGen: 369965K->369965K(370176K)] 509229K->401294K(532480K) [PSPermGen: 13642K->13642K(21504K)], 0.0733890 secs] [Times: user=0.52 sys=0.00, real=0.07 secs] 
167.538: Total time for which application threads were stopped: 0.0765940 seconds, Stopping threads took: 0.0025390 seconds
167.564: Application time: 0.0251880 seconds
167.564: [Full GC [PSYoungGen: 139264K->31345K(162304K)] [ParOldGen: 369965K->369965K(370176K)] 509229K->401311K(532480K) [PSPermGen: 13642K->13642K(21504K)], 0.0738310 secs] [Times: user=0.52 sys=0.00, real=0.08 secs] 
167.638: Total time for which application threads were stopped: 0.0744750 seconds, Stopping threads took: 0.0000690 seconds
167.663: Application time: 0.0252950 seconds
167.664: [Full GC [PSYoungGen: 139264K->31360K(162304K)] [ParOldGen: 369965K->369965K(370176K)] 509229K->401326K(532480K) [PSPermGen: 13642K->13642K(21504K)], 0.0736480 secs] [Times: user=0.52 sys=0.00, real=0.08 secs] 
167.738: Total time for which application threads were stopped: 0.0742800 seconds, Stopping threads took: 0.0000500 seconds
167.763: Application time: 0.0251140 seconds
167.763: [Full GC [PSYoungGen: 139264K->31376K(162304K)] [ParOldGen: 369965K->369965K(370176K)] 509229K->401342K(532480K) [PSPermGen: 13642K->13642K(21504K)], 0.0742740 secs] [Times: user=0.52 sys=0.00, real=0.08 secs] 
167.838: Total time for which application threads were stopped: 0.0749150 seconds, Stopping threads took: 0.0000570 seconds
167.863: Application time: 0.0250300 seconds
167.863: [Full GC [PSYoungGen: 139264K->31388K(162304K)] [ParOldGen: 369965K->369965K(370176K)] 509229K->401353K(532480K) [PSPermGen: 13642K->13642K(21504K)], 0.0739400 secs] [Times: user=0.51 sys=0.00, real=0.08 secs] 
167.937: Total time for which application threads were stopped: 0.0745640 seconds, Stopping threads took: 0.0000350 seconds
167.963: Application time: 0.0259690 seconds
167.964: [Full GC [PSYoungGen: 139264K->31407K(162304K)] [ParOldGen: 369965K->369965K(370176K)] 509229K->401373K(532480K) [PSPermGen: 13642K->13642K(21504K)], 0.0738000 secs] [Times: user=0.52 sys=0.00, real=0.08 secs] 
168.038: Total time for which application threads were stopped: 0.0744800 seconds, Stopping threads took: 0.0000590 seconds
168.063: Application time: 0.0253340 seconds
168.065: [Full GC [PSYoungGen: 139264K->31422K(162304K)] [ParOldGen: 369965K->369965K(370176K)] 509229K->401388K(532480K) [PSPermGen: 13642K->13642K(21504K)], 0.0739160 secs] [Times: user=0.52 sys=0.00, real=0.07 secs] 
168.139: Total time for which application threads were stopped: 0.0757810 seconds, Stopping threads took: 0.0012740 seconds
168.164: Application time: 0.0253760 seconds
168.165: [Full GC [PSYoungGen: 139264K->31437K(162304K)] [ParOldGen: 369965K->369965K(370176K)] 509229K->401403K(532480K) [PSPermGen: 13642K->13642K(21504K)], 0.0736160 secs] [Times: user=0.52 sys=0.00, real=0.07 secs] 
168.239: Total time for which application threads were stopped: 0.0743260 seconds, Stopping threads took: 0.0000630 seconds
168.264: Application time: 0.0253610 seconds
168.265: [Full GC [PSYoungGen: 139264K->31452K(162304K)] [ParOldGen: 369965K->369965K(370176K)] 509229K->401418K(532480K) [PSPermGen: 13642K->13642K(21504K)], 0.0732930 secs] [Times: user=0.52 sys=0.00, real=0.07 secs] 
168.338: Total time for which application threads were stopped: 0.0739310 seconds, Stopping threads took: 0.0000510 seconds
168.363: Application time: 0.0250300 seconds
168.365: [Full GC [PSYoungGen: 139264K->31467K(162304K)] [ParOldGen: 369965K->369965K(370176K)] 509229K->401433K(532480K) [PSPermGen: 13642K->13642K(21504K)], 0.0744170 secs] [Times: user=0.52 sys=0.00, real=0.07 secs] 
168.439: Total time for which application threads were stopped: 0.0764610 seconds, Stopping threads took: 0.0014570 seconds
168.464: Application time: 0.0245960 seconds
168.465: [Full GC [PSYoungGen: 139264K->31480K(162304K)] [ParOldGen: 369965K->369965K(370176K)] 509229K->401446K(532480K) [PSPermGen: 13642K->13642K(21504K)], 0.0734680 secs] [Times: user=0.51 sys=0.00, real=0.07 secs] 
168.538: Total time for which application threads were stopped: 0.0740830 seconds, Stopping threads took: 0.0000370 seconds
168.563: Application time: 0.0249940 seconds
168.564: [Full GC [PSYoungGen: 139264K->31499K(162304K)] [ParOldGen: 369965K->369965K(370176K)] 509229K->401465K(532480K) [PSPermGen: 13642K->13642K(21504K)], 0.0730250 secs] [Times: user=0.51 sys=0.00, real=0.08 secs] 
168.637: Total time for which application threads were stopped: 0.0737190 seconds, Stopping threads took: 0.0000560 seconds
168.662: Application time: 0.0248830 seconds
168.662: [Full GC [PSYoungGen: 139264K->31513K(162304K)] [ParOldGen: 369965K->369965K(370176K)] 509229K->401479K(532480K) [PSPermGen: 13642K->13642K(21504K)], 0.0735450 secs] [Times: user=0.51 sys=0.00, real=0.08 secs] 
168.736: Total time for which application threads were stopped: 0.0741840 seconds, Stopping threads took: 0.0000460 seconds
168.761: Application time: 0.0250020 seconds
168.762: [Full GC [PSYoungGen: 139264K->31531K(162304K)] [ParOldGen: 369965K->369965K(370176K)] 509229K->401497K(532480K) [PSPermGen: 13642K->13642K(21504K)], 0.0739420 secs] [Times: user=0.51 sys=0.00, real=0.08 secs] 
168.836: Total time for which application threads were stopped: 0.0746270 seconds, Stopping threads took: 0.0000480 seconds
168.861: Application time: 0.0251070 seconds
168.861: [Full GC [PSYoungGen: 139264K->31544K(162304K)] [ParOldGen: 369965K->369965K(370176K)] 509229K->401510K(532480K) [PSPermGen: 13642K->13642K(21504K)], 0.0735720 secs] [Times: user=0.50 sys=0.00, real=0.08 secs] 
168.935: Total time for which application threads were stopped: 0.0741890 seconds, Stopping threads took: 0.0000510 seconds
168.960: Application time: 0.0256660 seconds
168.961: [Full GC [PSYoungGen: 139264K->31560K(162304K)] [ParOldGen: 369965K->369965K(370176K)] 509229K->401526K(532480K) [PSPermGen: 13642K->13642K(21504K)], 0.0729970 secs] [Times: user=0.51 sys=0.00, real=0.08 secs] 
169.034: Total time for which application threads were stopped: 0.0736070 seconds, Stopping threads took: 0.0000490 seconds
169.059: Application time: 0.0251390 seconds
169.060: [Full GC [PSYoungGen: 139264K->31576K(162304K)] [ParOldGen: 369965K->369965K(370176K)] 509229K->401542K(532480K) [PSPermGen: 13642K->13642K(21504K)], 0.0739280 secs] [Times: user=0.53 sys=0.00, real=0.08 secs] 
169.134: Total time for which application threads were stopped: 0.0746180 seconds, Stopping threads took: 0.0000570 seconds
169.159: Application time: 0.0252370 seconds
169.160: [Full GC [PSYoungGen: 139264K->31592K(162304K)] [ParOldGen: 369965K->369965K(370176K)] 509229K->401558K(532480K) [PSPermGen: 13642K->13642K(21504K)], 0.0737120 secs] [Times: user=0.50 sys=0.01, real=0.08 secs] 
169.233: Total time for which application threads were stopped: 0.0743220 seconds, Stopping threads took: 0.0000460 seconds
169.259: Application time: 0.0260160 seconds
169.260: [Full GC [PSYoungGen: 139264K->31496K(162304K)] [ParOldGen: 369965K->369965K(370176K)] 509229K->401462K(532480K) [PSPermGen: 13642K->13642K(21504K)], 0.0735210 secs] [Times: user=0.51 sys=0.00, real=0.08 secs] 
169.334: Total time for which application threads were stopped: 0.0742300 seconds, Stopping threads took: 0.0000600 seconds
169.359: Application time: 0.0253580 seconds
169.361: [Full GC [PSYoungGen: 139264K->31484K(162304K)] [ParOldGen: 369965K->369965K(370176K)] 509229K->401450K(532480K) [PSPermGen: 13642K->13642K(21504K)], 0.0733210 secs] [Times: user=0.52 sys=0.00, real=0.08 secs] 
169.434: Total time for which application threads were stopped: 0.0752850 seconds, Stopping threads took: 0.0013410 seconds
169.459: Application time: 0.0249140 seconds
169.460: [Full GC [PSYoungGen: 139264K->31501K(162304K)] [ParOldGen: 369965K->369965K(370176K)] 509229K->401467K(532480K) [PSPermGen: 13642K->13642K(21504K)], 0.0732500 secs] [Times: user=0.52 sys=0.00, real=0.08 secs] 
169.533: Total time for which application threads were stopped: 0.0739590 seconds, Stopping threads took: 0.0000650 seconds
169.559: Application time: 0.0257100 seconds
169.560: [Full GC [PSYoungGen: 139264K->31460K(162304K)] [ParOldGen: 369965K->369965K(370176K)] 509229K->401426K(532480K) [PSPermGen: 13642K->13642K(21504K)], 0.0733240 secs] [Times: user=0.52 sys=0.00, real=0.08 secs] 
169.633: Total time for which application threads were stopped: 0.0740170 seconds, Stopping threads took: 0.0000640 seconds
169.658: Application time: 0.0253190 seconds
169.659: [Full GC [PSYoungGen: 139264K->31404K(162304K)] [ParOldGen: 369965K->369965K(370176K)] 509229K->401370K(532480K) [PSPermGen: 13642K->13642K(21504K)], 0.0726040 secs] [Times: user=0.51 sys=0.01, real=0.07 secs] 
169.732: Total time for which application threads were stopped: 0.0732820 seconds, Stopping threads took: 0.0000460 seconds
169.757: Application time: 0.0256740 seconds
169.758: [Full GC [PSYoungGen: 139264K->31403K(162304K)] [ParOldGen: 369965K->369965K(370176K)] 509229K->401369K(532480K) [PSPermGen: 13642K->13642K(21504K)], 0.0747190 secs] [Times: user=0.53 sys=0.00, real=0.08 secs] 
169.833: Total time for which application threads were stopped: 0.0754170 seconds, Stopping threads took: 0.0000470 seconds
169.859: Application time: 0.0266150 seconds
169.860: [Full GC [PSYoungGen: 139264K->31201K(162304K)] [ParOldGen: 369965K->369965K(370176K)] 509229K->401167K(532480K) [PSPermGen: 13642K->13642K(21504K)], 0.0730740 secs] [Times: user=0.50 sys=0.00, real=0.08 secs] 
169.933: Total time for which application threads were stopped: 0.0737830 seconds, Stopping threads took: 0.0000510 seconds
169.959: Application time: 0.0261230 seconds
169.961: [Full GC [PSYoungGen: 139264K->31152K(162304K)] [ParOldGen: 369965K->369965K(370176K)] 509229K->401118K(532480K) [PSPermGen: 13642K->13642K(21504K)], 0.0727620 secs] [Times: user=0.52 sys=0.00, real=0.08 secs] 
170.034: Total time for which application threads were stopped: 0.0746150 seconds, Stopping threads took: 0.0012200 seconds
170.059: Application time: 0.0248290 seconds
170.061: [Full GC [PSYoungGen: 139264K->31170K(162304K)] [ParOldGen: 369965K->369965K(370176K)] 509229K->401136K(532480K) [PSPermGen: 13642K->13642K(21504K)], 0.0724190 secs] [Times: user=0.51 sys=0.00, real=0.08 secs] 
170.133: Total time for which application threads were stopped: 0.0748130 seconds, Stopping threads took: 0.0017610 seconds
170.159: Application time: 0.0253050 seconds
170.159: [Full GC [PSYoungGen: 139264K->31182K(162304K)] [ParOldGen: 369965K->369965K(370176K)] 509229K->401148K(532480K) [PSPermGen: 13642K->13642K(21504K)], 0.0729880 secs] [Times: user=0.51 sys=0.00, real=0.08 secs] 
170.232: Total time for which application threads were stopped: 0.0736770 seconds, Stopping threads took: 0.0000520 seconds
170.258: Application time: 0.0255990 seconds
170.259: [Full GC [PSYoungGen: 139264K->31200K(162304K)] [ParOldGen: 369965K->369965K(370176K)] 509229K->401166K(532480K) [PSPermGen: 13642K->13642K(21504K)], 0.0734190 secs] [Times: user=0.52 sys=0.00, real=0.07 secs] 
170.332: Total time for which application threads were stopped: 0.0740780 seconds, Stopping threads took: 0.0000570 seconds
170.358: Application time: 0.0254650 seconds
170.358: [Full GC [PSYoungGen: 139264K->31215K(162304K)] [ParOldGen: 369965K->369965K(370176K)] 509229K->401181K(532480K) [PSPermGen: 13642K->13642K(21504K)], 0.0731410 secs] [Times: user=0.50 sys=0.00, real=0.07 secs] 
170.431: Total time for which application threads were stopped: 0.0738400 seconds, Stopping threads took: 0.0000650 seconds
170.457: Application time: 0.0255740 seconds
170.458: [Full GC [PSYoungGen: 139264K->31231K(162304K)] [ParOldGen: 369965K->369965K(370176K)] 509229K->401197K(532480K) [PSPermGen: 13642K->13642K(21504K)], 0.0734840 secs] [Times: user=0.51 sys=0.01, real=0.07 secs] 
170.531: Total time for which application threads were stopped: 0.0741530 seconds, Stopping threads took: 0.0000880 seconds
170.557: Application time: 0.0253970 seconds
170.557: [Full GC [PSYoungGen: 139264K->31244K(162304K)] [ParOldGen: 369965K->369965K(370176K)] 509229K->401210K(532480K) [PSPermGen: 13642K->13642K(21504K)], 0.0729920 secs] [Times: user=0.51 sys=0.00, real=0.07 secs] 
170.630: Total time for which application threads were stopped: 0.0736160 seconds, Stopping threads took: 0.0000570 seconds
170.656: Application time: 0.0255250 seconds
170.656: [Full GC [PSYoungGen: 139264K->31262K(162304K)] [ParOldGen: 369965K->369965K(370176K)] 509229K->401228K(532480K) [PSPermGen: 13642K->13642K(21504K)], 0.0739360 secs] [Times: user=0.52 sys=0.00, real=0.07 secs] 
170.730: Total time for which application threads were stopped: 0.0745610 seconds, Stopping threads took: 0.0000510 seconds
170.755: Application time: 0.0252470 seconds
170.756: [Full GC [PSYoungGen: 139264K->31274K(162304K)] [ParOldGen: 369965K->369965K(370176K)] 509229K->401240K(532480K) [PSPermGen: 13642K->13642K(21504K)], 0.0750340 secs] [Times: user=0.53 sys=0.01, real=0.07 secs] 
170.831: Total time for which application threads were stopped: 0.0756640 seconds, Stopping threads took: 0.0000650 seconds
170.856: Application time: 0.0252260 seconds
170.857: [Full GC [PSYoungGen: 139264K->31291K(162304K)] [ParOldGen: 369965K->369965K(370176K)] 509229K->401257K(532480K) [PSPermGen: 13642K->13642K(21504K)], 0.0736270 secs] [Times: user=0.51 sys=0.00, real=0.07 secs] 
170.931: Total time for which application threads were stopped: 0.0743210 seconds, Stopping threads took: 0.0000650 seconds
170.957: Application time: 0.0261090 seconds
170.957: [Full GC [PSYoungGen: 139264K->31306K(162304K)] [ParOldGen: 369965K->369965K(370176K)] 509229K->401272K(532480K) [PSPermGen: 13642K->13642K(21504K)], 0.0726280 secs] [Times: user=0.51 sys=0.00, real=0.07 secs] 
171.030: Total time for which application threads were stopped: 0.0733120 seconds, Stopping threads took: 0.0000490 seconds
171.055: Application time: 0.0253650 seconds
171.056: [Full GC [PSYoungGen: 139264K->31324K(162304K)] [ParOldGen: 369965K->369965K(370176K)] 509229K->401290K(532480K) [PSPermGen: 13642K->13642K(21504K)], 0.0733300 secs] [Times: user=0.51 sys=0.00, real=0.07 secs] 
171.129: Total time for which application threads were stopped: 0.0739700 seconds, Stopping threads took: 0.0000590 seconds
171.155: Application time: 0.0255790 seconds
171.156: [Full GC [PSYoungGen: 139264K->31339K(162304K)] [ParOldGen: 369965K->369965K(370176K)] 509229K->401304K(532480K) [PSPermGen: 13642K->13642K(21504K)], 0.0739750 secs] [Times: user=0.52 sys=0.00, real=0.07 secs] 
171.230: Total time for which application threads were stopped: 0.0746710 seconds, Stopping threads took: 0.0000590 seconds
171.255: Application time: 0.0256060 seconds
171.256: [Full GC [PSYoungGen: 139264K->31353K(162304K)] [ParOldGen: 369965K->369965K(370176K)] 509229K->401319K(532480K) [PSPermGen: 13642K->13642K(21504K)], 0.0733540 secs] [Times: user=0.51 sys=0.00, real=0.07 secs] 
171.329: Total time for which application threads were stopped: 0.0740430 seconds, Stopping threads took: 0.0000550 seconds
171.355: Application time: 0.0258930 seconds
171.356: [Full GC [PSYoungGen: 139264K->31371K(162304K)] [ParOldGen: 369965K->369965K(370176K)] 509229K->401336K(532480K) [PSPermGen: 13642K->13642K(21504K)], 0.0737910 secs] [Times: user=0.51 sys=0.01, real=0.07 secs] 
171.430: Total time for which application threads were stopped: 0.0744390 seconds, Stopping threads took: 0.0000690 seconds
171.455: Application time: 0.0256640 seconds
171.456: [Full GC [PSYoungGen: 139264K->31385K(162304K)] [ParOldGen: 369965K->369965K(370176K)] 509229K->401351K(532480K) [PSPermGen: 13642K->13642K(21504K)], 0.0744500 secs] [Times: user=0.52 sys=0.00, real=0.07 secs] 
171.531: Total time for which application threads were stopped: 0.0751010 seconds, Stopping threads took: 0.0000690 seconds
171.556: Application time: 0.0255940 seconds
171.557: [Full GC [PSYoungGen: 139264K->31399K(162304K)] [ParOldGen: 369965K->369965K(370176K)] 509229K->401365K(532480K) [PSPermGen: 13642K->13642K(21504K)], 0.0739550 secs] [Times: user=0.52 sys=0.00, real=0.07 secs] 
171.631: Total time for which application threads were stopped: 0.0746270 seconds, Stopping threads took: 0.0000590 seconds
171.656: Application time: 0.0254320 seconds
171.657: [Full GC [PSYoungGen: 139264K->31414K(162304K)] [ParOldGen: 369965K->369965K(370176K)] 509229K->401380K(532480K) [PSPermGen: 13642K->13642K(21504K)], 0.0740870 secs] [Times: user=0.52 sys=0.00, real=0.07 secs] 
171.731: Total time for which application threads were stopped: 0.0746970 seconds, Stopping threads took: 0.0000610 seconds
171.756: Application time: 0.0252680 seconds
171.757: [Full GC [PSYoungGen: 139264K->31432K(162304K)] [ParOldGen: 369965K->369965K(370176K)] 509229K->401398K(532480K) [PSPermGen: 13642K->13642K(21504K)], 0.0740050 secs] [Times: user=0.52 sys=0.00, real=0.07 secs] 
171.831: Total time for which application threads were stopped: 0.0746390 seconds, Stopping threads took: 0.0000490 seconds
171.857: Application time: 0.0257660 seconds
171.857: [Full GC [PSYoungGen: 139264K->31447K(162304K)] [ParOldGen: 369965K->369965K(370176K)] 509229K->401413K(532480K) [PSPermGen: 13642K->13642K(21504K)], 0.0744530 secs] [Times: user=0.51 sys=0.01, real=0.07 secs] 
171.932: Total time for which application threads were stopped: 0.0750990 seconds, Stopping threads took: 0.0000650 seconds
171.958: Application time: 0.0264940 seconds
171.959: [Full GC [PSYoungGen: 139264K->31462K(162304K)] [ParOldGen: 369965K->369965K(370176K)] 509229K->401428K(532480K) [PSPermGen: 13642K->13642K(21504K)], 0.0736130 secs] [Times: user=0.52 sys=0.00, real=0.08 secs] 
172.032: Total time for which application threads were stopped: 0.0742770 seconds, Stopping threads took: 0.0000400 seconds
172.058: Application time: 0.0251550 seconds
172.058: [Full GC [PSYoungGen: 139264K->31477K(162304K)] [ParOldGen: 369965K->369965K(370176K)] 509229K->401443K(532480K) [PSPermGen: 13642K->13642K(21504K)], 0.0735500 secs] [Times: user=0.52 sys=0.00, real=0.07 secs] 
172.132: Total time for which application threads were stopped: 0.0742750 seconds, Stopping threads took: 0.0000820 seconds
172.157: Application time: 0.0252660 seconds
172.158: [Full GC [PSYoungGen: 139264K->31493K(162304K)] [ParOldGen: 369965K->369965K(370176K)] 509229K->401458K(532480K) [PSPermGen: 13642K->13642K(21504K)], 0.0731740 secs] [Times: user=0.52 sys=0.00, real=0.07 secs] 
172.231: Total time for which application threads were stopped: 0.0738720 seconds, Stopping threads took: 0.0000600 seconds
172.256: Application time: 0.0249700 seconds
172.257: [Full GC [PSYoungGen: 139264K->31508K(162304K)] [ParOldGen: 369965K->369965K(370176K)] 509229K->401474K(532480K) [PSPermGen: 13642K->13642K(21504K)], 0.0731460 secs] [Times: user=0.51 sys=0.00, real=0.07 secs] 
172.330: Total time for which application threads were stopped: 0.0738130 seconds, Stopping threads took: 0.0000690 seconds
172.356: Application time: 0.0258760 seconds
172.356: [Full GC [PSYoungGen: 139264K->31524K(162304K)] [ParOldGen: 369965K->369965K(370176K)] 509229K->401489K(532480K) [PSPermGen: 13642K->13642K(21504K)], 0.0743260 secs] [Times: user=0.50 sys=0.00, real=0.07 secs] 
172.431: Total time for which application threads were stopped: 0.0749410 seconds, Stopping threads took: 0.0000490 seconds
172.456: Application time: 0.0257230 seconds
172.457: [Full GC [PSYoungGen: 139264K->31536K(162304K)] [ParOldGen: 369965K->369965K(370176K)] 509229K->401502K(532480K) [PSPermGen: 13642K->13642K(21504K)], 0.0731510 secs] [Times: user=0.51 sys=0.00, real=0.07 secs] 
172.530: Total time for which application threads were stopped: 0.0737740 seconds, Stopping threads took: 0.0000580 seconds
172.556: Application time: 0.0256270 seconds
172.556: [Full GC [PSYoungGen: 139264K->31553K(162304K)] [ParOldGen: 369965K->369965K(370176K)] 509229K->401519K(532480K) [PSPermGen: 13642K->13642K(21504K)], 0.0739270 secs] [Times: user=0.51 sys=0.01, real=0.07 secs] 
172.630: Total time for which application threads were stopped: 0.0745480 seconds, Stopping threads took: 0.0000570 seconds
172.656: Application time: 0.0257420 seconds
172.657: [Full GC [PSYoungGen: 139264K->31567K(162304K)] [ParOldGen: 369965K->369965K(370176K)] 509229K->401533K(532480K) [PSPermGen: 13642K->13642K(21504K)], 0.0740220 secs] [Times: user=0.51 sys=0.00, real=0.07 secs] 
172.731: Total time for which application threads were stopped: 0.0746630 seconds, Stopping threads took: 0.0000440 seconds
172.757: Application time: 0.0266450 seconds
172.758: [Full GC [PSYoungGen: 139264K->31475K(162304K)] [ParOldGen: 369965K->369965K(370176K)] 509229K->401441K(532480K) [PSPermGen: 13642K->13642K(21504K)], 0.0736950 secs] [Times: user=0.52 sys=0.00, real=0.07 secs] 
172.832: Total time for which application threads were stopped: 0.0743380 seconds, Stopping threads took: 0.0000750 seconds
172.857: Application time: 0.0257690 seconds
172.858: [Full GC [PSYoungGen: 139264K->31460K(162304K)] [ParOldGen: 369965K->369965K(370176K)] 509229K->401426K(532480K) [PSPermGen: 13642K->13642K(21504K)], 0.0729920 secs] [Times: user=0.52 sys=0.00, real=0.07 secs] 
172.931: Total time for which application threads were stopped: 0.0736750 seconds, Stopping threads took: 0.0000610 seconds
172.958: Application time: 0.0272530 seconds
172.959: [Full GC [PSYoungGen: 139264K->31476K(162304K)] [ParOldGen: 369965K->369965K(370176K)] 509229K->401442K(532480K) [PSPermGen: 13642K->13642K(21504K)], 0.0730830 secs] [Times: user=0.51 sys=0.00, real=0.07 secs] 
173.032: Total time for which application threads were stopped: 0.0737600 seconds, Stopping threads took: 0.0000590 seconds
173.058: Application time: 0.0257090 seconds
173.059: [Full GC [PSYoungGen: 139264K->31494K(162304K)] [ParOldGen: 369965K->369965K(370176K)] 509229K->401460K(532480K) [PSPermGen: 13642K->13642K(21504K)], 0.0759910 secs] [Times: user=0.53 sys=0.00, real=0.08 secs] 
173.135: Total time for which application threads were stopped: 0.0766790 seconds, Stopping threads took: 0.0000740 seconds
173.161: Application time: 0.0266040 seconds
173.162: [Full GC [PSYoungGen: 139264K->31506K(162304K)] [ParOldGen: 369965K->369965K(370176K)] 509229K->401471K(532480K) [PSPermGen: 13642K->13642K(21504K)], 0.0739190 secs] [Times: user=0.51 sys=0.01, real=0.08 secs] 
173.236: Total time for which application threads were stopped: 0.0745540 seconds, Stopping threads took: 0.0000640 seconds
173.262: Application time: 0.0261130 seconds
173.262: [Full GC [PSYoungGen: 139264K->31455K(162304K)] [ParOldGen: 369965K->369965K(370176K)] 509229K->401420K(532480K) [PSPermGen: 13642K->13642K(21504K)], 0.0730930 secs] [Times: user=0.51 sys=0.00, real=0.08 secs] 
173.336: Total time for which application threads were stopped: 0.0737780 seconds, Stopping threads took: 0.0000670 seconds
173.362: Application time: 0.0263960 seconds
173.363: [Full GC [PSYoungGen: 139264K->31407K(162304K)] [ParOldGen: 369965K->369965K(370176K)] 509229K->401373K(532480K) [PSPermGen: 13642K->13642K(21504K)], 0.0738630 secs] [Times: user=0.52 sys=0.00, real=0.08 secs] 
173.437: Total time for which application threads were stopped: 0.0745390 seconds, Stopping threads took: 0.0000610 seconds
173.463: Application time: 0.0265030 seconds
173.464: [Full GC [PSYoungGen: 139264K->31250K(162304K)] [ParOldGen: 369965K->369965K(370176K)] 509229K->401216K(532480K) [PSPermGen: 13642K->13642K(21504K)], 0.0730340 secs] [Times: user=0.52 sys=0.00, real=0.08 secs] 
173.537: Total time for which application threads were stopped: 0.0737270 seconds, Stopping threads took: 0.0000860 seconds
173.563: Application time: 0.0264040 seconds
173.564: [Full GC [PSYoungGen: 139264K->31284K(162304K)] [ParOldGen: 369965K->369965K(370176K)] 509229K->401250K(532480K) [PSPermGen: 13642K->13642K(21504K)], 0.0723530 secs] [Times: user=0.50 sys=0.01, real=0.08 secs] 
173.636: Total time for which application threads were stopped: 0.0730430 seconds, Stopping threads took: 0.0000640 seconds
173.662: Application time: 0.0258990 seconds
173.663: [Full GC [PSYoungGen: 139264K->31233K(162304K)] [ParOldGen: 369965K->369965K(370176K)] 509229K->401199K(532480K) [PSPermGen: 13642K->13642K(21504K)], 0.0728470 secs] [Times: user=0.51 sys=0.00, real=0.08 secs] 
173.736: Total time for which application threads were stopped: 0.0735440 seconds, Stopping threads took: 0.0000600 seconds
173.762: Application time: 0.0262140 seconds
173.763: [Full GC [PSYoungGen: 139264K->31193K(162304K)] [ParOldGen: 369965K->369965K(370176K)] 509229K->401159K(532480K) [PSPermGen: 13642K->13642K(21504K)], 0.0722730 secs] [Times: user=0.51 sys=0.00, real=0.08 secs] 
173.835: Total time for which application threads were stopped: 0.0729580 seconds, Stopping threads took: 0.0000640 seconds
173.861: Application time: 0.0261930 seconds
173.862: [Full GC [PSYoungGen: 139264K->31195K(162304K)] [ParOldGen: 369965K->369965K(370176K)] 509229K->401161K(532480K) [PSPermGen: 13642K->13642K(21504K)], 0.0744140 secs] [Times: user=0.52 sys=0.00, real=0.08 secs] 
173.936: Total time for which application threads were stopped: 0.0750360 seconds, Stopping threads took: 0.0000620 seconds
173.963: Application time: 0.0268570 seconds
173.964: [Full GC [PSYoungGen: 139264K->31209K(162304K)] [ParOldGen: 369965K->369965K(370176K)] 509229K->401174K(532480K) [PSPermGen: 13642K->13642K(21504K)], 0.0724310 secs] [Times: user=0.52 sys=0.00, real=0.08 secs] 
174.036: Total time for which application threads were stopped: 0.0731300 seconds, Stopping threads took: 0.0000730 seconds
174.062: Application time: 0.0260120 seconds
174.063: [Full GC [PSYoungGen: 139264K->31224K(162304K)] [ParOldGen: 369965K->369965K(370176K)] 509229K->401189K(532480K) [PSPermGen: 13642K->13642K(21504K)], 0.0732380 secs] [Times: user=0.51 sys=0.00, real=0.08 secs] 
174.136: Total time for which application threads were stopped: 0.0739610 seconds, Stopping threads took: 0.0000730 seconds
174.162: Application time: 0.0257620 seconds
174.163: [Full GC [PSYoungGen: 139264K->31239K(162304K)] [ParOldGen: 369965K->369965K(370176K)] 509229K->401205K(532480K) [PSPermGen: 13642K->13642K(21504K)], 0.0732280 secs] [Times: user=0.51 sys=0.01, real=0.08 secs] 
174.236: Total time for which application threads were stopped: 0.0739330 seconds, Stopping threads took: 0.0000750 seconds
174.262: Application time: 0.0261400 seconds
174.263: [Full GC [PSYoungGen: 139264K->31255K(162304K)] [ParOldGen: 369965K->369965K(370176K)] 509229K->401221K(532480K) [PSPermGen: 13642K->13642K(21504K)], 0.0727300 secs] [Times: user=0.51 sys=0.00, real=0.08 secs] 
174.335: Total time for which application threads were stopped: 0.0734840 seconds, Stopping threads took: 0.0001030 seconds
174.361: Application time: 0.0257660 seconds
174.362: [Full GC [PSYoungGen: 139264K->31270K(162304K)] [ParOldGen: 369965K->369965K(370176K)] 509229K->401236K(532480K) [PSPermGen: 13642K->13642K(21504K)], 0.0732110 secs] [Times: user=0.51 sys=0.00, real=0.08 secs] 
174.435: Total time for which application threads were stopped: 0.0738660 seconds, Stopping threads took: 0.0000570 seconds
174.461: Application time: 0.0260240 seconds
174.462: [Full GC [PSYoungGen: 139264K->31285K(162304K)] [ParOldGen: 369965K->369965K(370176K)] 509229K->401251K(532480K) [PSPermGen: 13642K->13642K(21504K)], 0.0731330 secs] [Times: user=0.51 sys=0.00, real=0.08 secs] 
174.535: Total time for which application threads were stopped: 0.0737570 seconds, Stopping threads took: 0.0000640 seconds
174.560: Application time: 0.0255160 seconds
174.561: [Full GC [PSYoungGen: 139264K->31302K(162304K)] [ParOldGen: 369965K->369965K(370176K)] 509229K->401267K(532480K) [PSPermGen: 13642K->13642K(21504K)], 0.0732160 secs] [Times: user=0.50 sys=0.01, real=0.08 secs] 
174.634: Total time for which application threads were stopped: 0.0738630 seconds, Stopping threads took: 0.0000630 seconds
174.660: Application time: 0.0253920 seconds
174.660: [Full GC [PSYoungGen: 139264K->31313K(162304K)] [ParOldGen: 369965K->369965K(370176K)] 509229K->401278K(532480K) [PSPermGen: 13642K->13642K(21504K)], 0.0733790 secs] [Times: user=0.51 sys=0.00, real=0.08 secs] 
174.734: Total time for which application threads were stopped: 0.0739950 seconds, Stopping threads took: 0.0000570 seconds
174.760: Application time: 0.0262290 seconds
174.760: [Full GC [PSYoungGen: 139264K->31330K(162304K)] [ParOldGen: 369965K->369965K(370176K)] 509229K->401296K(532480K) [PSPermGen: 13642K->13642K(21504K)], 0.0733060 secs] [Times: user=0.52 sys=0.00, real=0.08 secs] 
174.834: Total time for which application threads were stopped: 0.0739580 seconds, Stopping threads took: 0.0000680 seconds
174.860: Application time: 0.0261070 seconds
174.861: [Full GC [PSYoungGen: 139264K->31346K(162304K)] [ParOldGen: 369965K->369965K(370176K)] 509229K->401312K(532480K) [PSPermGen: 13642K->13642K(21504K)], 0.0746850 secs] [Times: user=0.53 sys=0.00, real=0.08 secs] 
174.935: Total time for which application threads were stopped: 0.0753440 seconds, Stopping threads took: 0.0000730 seconds
174.962: Application time: 0.0271800 seconds
174.963: [Full GC [PSYoungGen: 139264K->31364K(162304K)] [ParOldGen: 369965K->369965K(370176K)] 509229K->401329K(532480K) [PSPermGen: 13642K->13642K(21504K)], 0.0737860 secs] [Times: user=0.52 sys=0.00, real=0.08 secs] 
175.037: Total time for which application threads were stopped: 0.0744000 seconds, Stopping threads took: 0.0000510 seconds
175.063: Application time: 0.0264030 seconds
175.064: [Full GC [PSYoungGen: 139264K->31376K(162304K)] [ParOldGen: 369965K->369965K(370176K)] 509229K->401342K(532480K) [PSPermGen: 13642K->13642K(21504K)], 0.0740430 secs] [Times: user=0.52 sys=0.01, real=0.08 secs] 
175.138: Total time for which application threads were stopped: 0.0746910 seconds, Stopping threads took: 0.0000760 seconds
175.164: Application time: 0.0259490 seconds
175.164: [Full GC [PSYoungGen: 139264K->31392K(162304K)] [ParOldGen: 369965K->369965K(370176K)] 509229K->401358K(532480K) [PSPermGen: 13642K->13642K(21504K)], 0.0740600 secs] [Times: user=0.51 sys=0.00, real=0.07 secs] 
175.239: Total time for which application threads were stopped: 0.0746940 seconds, Stopping threads took: 0.0000470 seconds
175.265: Application time: 0.0259070 seconds
175.265: [Full GC [PSYoungGen: 139264K->31408K(162304K)] [ParOldGen: 369965K->369965K(370176K)] 509229K->401373K(532480K) [PSPermGen: 13642K->13642K(21504K)], 0.0741530 secs] [Times: user=0.52 sys=0.00, real=0.07 secs] 
175.339: Total time for which application threads were stopped: 0.0748320 seconds, Stopping threads took: 0.0000510 seconds
175.365: Application time: 0.0259820 seconds
175.366: [Full GC [PSYoungGen: 139264K->31425K(162304K)] [ParOldGen: 369965K->369965K(370176K)] 509229K->401391K(532480K) [PSPermGen: 13642K->13642K(21504K)], 0.0742810 secs] [Times: user=0.53 sys=0.00, real=0.07 secs] 
175.440: Total time for which application threads were stopped: 0.0749250 seconds, Stopping threads took: 0.0000490 seconds
175.466: Application time: 0.0261500 seconds
175.467: [Full GC [PSYoungGen: 139264K->31439K(162304K)] [ParOldGen: 369965K->369965K(370176K)] 509229K->401405K(532480K) [PSPermGen: 13642K->13642K(21504K)], 0.0743970 secs] [Times: user=0.52 sys=0.01, real=0.07 secs] 
175.542: Total time for which application threads were stopped: 0.0750790 seconds, Stopping threads took: 0.0001040 seconds
175.568: Application time: 0.0263390 seconds
175.568: [Full GC [PSYoungGen: 139264K->31454K(162304K)] [ParOldGen: 369965K->369965K(370176K)] 509229K->401420K(532480K) [PSPermGen: 13642K->13642K(21504K)], 0.0758310 secs] [Times: user=0.53 sys=0.01, real=0.08 secs] 
175.644: Total time for which application threads were stopped: 0.0765220 seconds, Stopping threads took: 0.0000970 seconds
175.670: Application time: 0.0258830 seconds
175.671: [Full GC [PSYoungGen: 139264K->31471K(162304K)] [ParOldGen: 369965K->369965K(370176K)] 509229K->401437K(532480K) [PSPermGen: 13642K->13642K(21504K)], 0.0746390 secs] [Times: user=0.52 sys=0.00, real=0.08 secs] 
175.746: Total time for which application threads were stopped: 0.0752800 seconds, Stopping threads took: 0.0000690 seconds
175.771: Application time: 0.0258870 seconds
175.772: [Full GC [PSYoungGen: 139264K->31487K(162304K)] [ParOldGen: 369965K->369965K(370176K)] 509229K->401453K(532480K) [PSPermGen: 13642K->13642K(21504K)], 0.0735030 secs] [Times: user=0.52 sys=0.00, real=0.08 secs] 
175.846: Total time for which application threads were stopped: 0.0741610 seconds, Stopping threads took: 0.0000860 seconds
175.872: Application time: 0.0259790 seconds
175.872: [Full GC [PSYoungGen: 139264K->31501K(162304K)] [ParOldGen: 369965K->369965K(370176K)] 509229K->401467K(532480K) [PSPermGen: 13642K->13642K(21504K)], 0.0739930 secs] [Times: user=0.51 sys=0.01, real=0.08 secs] 
175.946: Total time for which application threads were stopped: 0.0747040 seconds, Stopping threads took: 0.0000670 seconds
175.972: Application time: 0.0254780 seconds
175.972: [Full GC [PSYoungGen: 139264K->31516K(162304K)] [ParOldGen: 369965K->369965K(370176K)] 509229K->401482K(532480K) [PSPermGen: 13642K->13642K(21504K)], 0.0729450 secs] [Times: user=0.51 sys=0.00, real=0.07 secs] 
176.045: Total time for which application threads were stopped: 0.0736490 seconds, Stopping threads took: 0.0000750 seconds
176.071: Application time: 0.0260790 seconds
176.072: [Full GC [PSYoungGen: 139264K->31533K(162304K)] [ParOldGen: 369965K->369965K(370176K)] 509229K->401498K(532480K) [PSPermGen: 13642K->13642K(21504K)], 0.0736440 secs] [Times: user=0.52 sys=0.00, real=0.08 secs] 
176.146: Total time for which application threads were stopped: 0.0742710 seconds, Stopping threads took: 0.0000480 seconds
176.172: Application time: 0.0257710 seconds
176.172: [Full GC [PSYoungGen: 139264K->31548K(162304K)] [ParOldGen: 369965K->369965K(370176K)] 509229K->401514K(532480K) [PSPermGen: 13642K->13642K(21504K)], 0.0735040 secs] [Times: user=0.52 sys=0.00, real=0.08 secs] 
176.246: Total time for which application threads were stopped: 0.0741940 seconds, Stopping threads took: 0.0000610 seconds
176.273: Application time: 0.0269650 seconds
176.273: [Full GC [PSYoungGen: 139264K->31453K(162304K)] [ParOldGen: 369965K->369965K(370176K)] 509229K->401418K(532480K) [PSPermGen: 13643K->13643K(21504K)], 0.0754230 secs] [Times: user=0.51 sys=0.00, real=0.07 secs] 
176.349: Total time for which application threads were stopped: 0.0760460 seconds, Stopping threads took: 0.0000800 seconds
176.375: Application time: 0.0258960 seconds
176.375: [Full GC [PSYoungGen: 139264K->31437K(162304K)] [ParOldGen: 369965K->369965K(370176K)] 509229K->401403K(532480K) [PSPermGen: 13643K->13643K(21504K)], 0.0726810 secs] [Times: user=0.51 sys=0.00, real=0.07 secs] 
176.448: Total time for which application threads were stopped: 0.0733890 seconds, Stopping threads took: 0.0000630 seconds
176.475: Application time: 0.0265190 seconds
176.475: [Full GC [PSYoungGen: 139264K->31454K(162304K)] [ParOldGen: 369965K->369965K(370176K)] 509229K->401420K(532480K) [PSPermGen: 13643K->13643K(21504K)], 0.0743880 secs] [Times: user=0.53 sys=0.00, real=0.07 secs] 
176.550: Total time for which application threads were stopped: 0.0751000 seconds, Stopping threads took: 0.0000730 seconds
176.576: Application time: 0.0262000 seconds
176.577: [Full GC [PSYoungGen: 139264K->31470K(162304K)] [ParOldGen: 369965K->369965K(370176K)] 509229K->401435K(532480K) [PSPermGen: 13643K->13643K(21504K)], 0.0733330 secs] [Times: user=0.52 sys=0.00, real=0.07 secs] 
176.650: Total time for which application threads were stopped: 0.0740250 seconds, Stopping threads took: 0.0000590 seconds
176.676: Application time: 0.0261300 seconds
176.677: [Full GC [PSYoungGen: 139264K->31484K(162304K)] [ParOldGen: 369965K->369965K(370176K)] 509229K->401450K(532480K) [PSPermGen: 13643K->13643K(21504K)], 0.0738600 secs] [Times: user=0.51 sys=0.01, real=0.07 secs] 
176.751: Total time for which application threads were stopped: 0.0745340 seconds, Stopping threads took: 0.0000490 seconds
176.777: Application time: 0.0261710 seconds
176.777: [Full GC [PSYoungGen: 139264K->31496K(162304K)] [ParOldGen: 369965K->369965K(370176K)] 509229K->401462K(532480K) [PSPermGen: 13643K->13643K(21504K)], 0.0747700 secs] [Times: user=0.53 sys=0.00, real=0.07 secs] 
176.852: Total time for which application threads were stopped: 0.0754970 seconds, Stopping threads took: 0.0001120 seconds
176.879: Application time: 0.0266800 seconds
176.880: [Full GC [PSYoungGen: 139264K->31463K(162304K)] [ParOldGen: 369965K->369965K(370176K)] 509229K->401429K(532480K) [PSPermGen: 13643K->13643K(21504K)], 0.0742980 secs] [Times: user=0.51 sys=0.01, real=0.08 secs] 
176.954: Total time for which application threads were stopped: 0.0749470 seconds, Stopping threads took: 0.0000590 seconds
176.980: Application time: 0.0265330 seconds
176.981: [Full GC [PSYoungGen: 139264K->31407K(162304K)] [ParOldGen: 369965K->369965K(370176K)] 509229K->401372K(532480K) [PSPermGen: 13643K->13643K(21504K)], 0.0730130 secs] [Times: user=0.51 sys=0.00, real=0.08 secs] 
177.054: Total time for which application threads were stopped: 0.0737310 seconds, Stopping threads took: 0.0001110 seconds
177.080: Application time: 0.0262360 seconds
177.081: [Full GC [PSYoungGen: 139264K->31407K(162304K)] [ParOldGen: 369965K->369965K(370176K)] 509229K->401373K(532480K) [PSPermGen: 13643K->13643K(21504K)], 0.0729360 secs] [Times: user=0.51 sys=0.00, real=0.08 secs] 
177.154: Total time for which application threads were stopped: 0.0735590 seconds, Stopping threads took: 0.0000540 seconds
177.182: Application time: 0.0276050 seconds
177.182: [Full GC [PSYoungGen: 139264K->31311K(162304K)] [ParOldGen: 369965K->369965K(370176K)] 509229K->401277K(532480K) [PSPermGen: 13643K->13643K(21504K)], 0.0739020 secs] [Times: user=0.52 sys=0.00, real=0.08 secs] 
177.256: Total time for which application threads were stopped: 0.0745920 seconds, Stopping threads took: 0.0000800 seconds
177.282: Application time: 0.0259730 seconds
177.283: [Full GC [PSYoungGen: 139264K->31297K(162304K)] [ParOldGen: 369965K->369965K(370176K)] 509229K->401262K(532480K) [PSPermGen: 13643K->13643K(21504K)], 0.0726870 secs] [Times: user=0.51 sys=0.00, real=0.08 secs] 
177.356: Total time for which application threads were stopped: 0.0733650 seconds, Stopping threads took: 0.0000640 seconds
177.381: Application time: 0.0258980 seconds
177.382: [Full GC [PSYoungGen: 139264K->31310K(162304K)] [ParOldGen: 369965K->369965K(370176K)] 509229K->401276K(532480K) [PSPermGen: 13643K->13643K(21504K)], 0.0723340 secs] [Times: user=0.51 sys=0.00, real=0.08 secs] 
177.454: Total time for which application threads were stopped: 0.0730290 seconds, Stopping threads took: 0.0000520 seconds
177.481: Application time: 0.0265890 seconds
177.482: [Full GC [PSYoungGen: 139264K->31263K(162304K)] [ParOldGen: 369965K->369965K(370176K)] 509229K->401229K(532480K) [PSPermGen: 13643K->13643K(21504K)], 0.0725570 secs] [Times: user=0.50 sys=0.00, real=0.08 secs] 
177.554: Total time for which application threads were stopped: 0.0732850 seconds, Stopping threads took: 0.0000630 seconds
177.581: Application time: 0.0263880 seconds
177.581: [Full GC [PSYoungGen: 139264K->31208K(162304K)] [ParOldGen: 369965K->369965K(370176K)] 509229K->401174K(532480K) [PSPermGen: 13643K->13643K(21504K)], 0.0747760 secs] [Times: user=0.51 sys=0.00, real=0.08 secs] 
177.656: Total time for which application threads were stopped: 0.0753830 seconds, Stopping threads took: 0.0000550 seconds
177.682: Application time: 0.0257940 seconds
177.683: [Full GC [PSYoungGen: 139264K->31217K(162304K)] [ParOldGen: 369965K->369965K(370176K)] 509229K->401183K(532480K) [PSPermGen: 13643K->13643K(21504K)], 0.0732040 secs] [Times: user=0.52 sys=0.00, real=0.08 secs] 
177.756: Total time for which application threads were stopped: 0.0738820 seconds, Stopping threads took: 0.0000580 seconds
177.782: Application time: 0.0262770 seconds
177.783: [Full GC [PSYoungGen: 139264K->31231K(162304K)] [ParOldGen: 369965K->369965K(370176K)] 509229K->401197K(532480K) [PSPermGen: 13643K->13643K(21504K)], 0.0735250 secs] [Times: user=0.51 sys=0.00, real=0.08 secs] 
177.856: Total time for which application threads were stopped: 0.0741380 seconds, Stopping threads took: 0.0000480 seconds
177.882: Application time: 0.0263000 seconds
177.883: [Full GC [PSYoungGen: 139264K->31248K(162304K)] [ParOldGen: 369965K->369965K(370176K)] 509229K->401214K(532480K) [PSPermGen: 13643K->13643K(21504K)], 0.0739650 secs] [Times: user=0.52 sys=0.00, real=0.08 secs] 
177.957: Total time for which application threads were stopped: 0.0746210 seconds, Stopping threads took: 0.0000690 seconds
177.984: Application time: 0.0264120 seconds
177.984: [Full GC [PSYoungGen: 139264K->31263K(162304K)] [ParOldGen: 369965K->369965K(370176K)] 509229K->401229K(532480K) [PSPermGen: 13643K->13643K(21504K)], 0.0735930 secs] [Times: user=0.52 sys=0.00, real=0.08 secs] 
178.058: Total time for which application threads were stopped: 0.0742940 seconds, Stopping threads took: 0.0000770 seconds
178.084: Application time: 0.0258900 seconds
178.084: [Full GC [PSYoungGen: 139264K->31279K(162304K)] [ParOldGen: 369965K->369965K(370176K)] 509229K->401245K(532480K) [PSPermGen: 13643K->13643K(21504K)], 0.0748190 secs] [Times: user=0.52 sys=0.00, real=0.07 secs] 
178.159: Total time for which application threads were stopped: 0.0755170 seconds, Stopping threads took: 0.0000820 seconds
178.186: Application time: 0.0270640 seconds
178.187: [Full GC [PSYoungGen: 139264K->31293K(162304K)] [ParOldGen: 369965K->369965K(370176K)] 509229K->401259K(532480K) [PSPermGen: 13643K->13643K(21504K)], 0.0737850 secs] [Times: user=0.52 sys=0.00, real=0.07 secs] 
178.261: Total time for which application threads were stopped: 0.0744150 seconds, Stopping threads took: 0.0000700 seconds
178.287: Application time: 0.0261740 seconds
178.287: [Full GC [PSYoungGen: 139264K->31309K(162304K)] [ParOldGen: 369965K->369965K(370176K)] 509229K->401274K(532480K) [PSPermGen: 13643K->13643K(21504K)], 0.0744590 secs] [Times: user=0.52 sys=0.00, real=0.07 secs] 
178.362: Total time for which application threads were stopped: 0.0750930 seconds, Stopping threads took: 0.0000730 seconds
178.389: Application time: 0.0265470 seconds
178.389: [Full GC [PSYoungGen: 139264K->31326K(162304K)] [ParOldGen: 369965K->369965K(370176K)] 509229K->401292K(532480K) [PSPermGen: 13643K->13643K(21504K)], 0.0736060 secs] [Times: user=0.52 sys=0.00, real=0.07 secs] 
178.463: Total time for which application threads were stopped: 0.0742680 seconds, Stopping threads took: 0.0000880 seconds
178.489: Application time: 0.0261860 seconds
178.490: [Full GC [PSYoungGen: 139264K->31341K(162304K)] [ParOldGen: 369965K->369965K(370176K)] 509229K->401307K(532480K) [PSPermGen: 13643K->13643K(21504K)], 0.0727300 secs] [Times: user=0.51 sys=0.00, real=0.07 secs] 
178.562: Total time for which application threads were stopped: 0.0734070 seconds, Stopping threads took: 0.0000630 seconds
178.589: Application time: 0.0263770 seconds
178.589: [Full GC [PSYoungGen: 139264K->31353K(162304K)] [ParOldGen: 369965K->369965K(370176K)] 509229K->401319K(532480K) [PSPermGen: 13643K->13643K(21504K)], 0.0732780 secs] [Times: user=0.51 sys=0.00, real=0.07 secs] 
178.663: Total time for which application threads were stopped: 0.0739390 seconds, Stopping threads took: 0.0000900 seconds
178.689: Application time: 0.0260300 seconds
178.689: [Full GC [PSYoungGen: 139264K->31371K(162304K)] [ParOldGen: 369965K->369965K(370176K)] 509229K->401337K(532480K) [PSPermGen: 13643K->13643K(21504K)], 0.0729620 secs] [Times: user=0.51 sys=0.00, real=0.07 secs] 
178.762: Total time for which application threads were stopped: 0.0735850 seconds, Stopping threads took: 0.0000650 seconds
178.788: Application time: 0.0260400 seconds
178.789: [Full GC [PSYoungGen: 139264K->31387K(162304K)] [ParOldGen: 369965K->369965K(370176K)] 509229K->401353K(532480K) [PSPermGen: 13643K->13643K(21504K)], 0.0731670 secs] [Times: user=0.52 sys=0.00, real=0.07 secs] 
178.862: Total time for which application threads were stopped: 0.0738790 seconds, Stopping threads took: 0.0000940 seconds
178.889: Application time: 0.0262680 seconds
178.889: [Full GC [PSYoungGen: 139264K->31401K(162304K)] [ParOldGen: 369965K->369965K(370176K)] 509229K->401367K(532480K) [PSPermGen: 13643K->13643K(21504K)], 0.0732590 secs] [Times: user=0.50 sys=0.00, real=0.07 secs] 
178.963: Total time for which application threads were stopped: 0.0739800 seconds, Stopping threads took: 0.0001050 seconds
178.989: Application time: 0.0261040 seconds
178.989: [Full GC [PSYoungGen: 139264K->31416K(162304K)] [ParOldGen: 369965K->369965K(370176K)] 509229K->401382K(532480K) [PSPermGen: 13643K->13643K(21504K)], 0.0795220 secs] [Times: user=0.54 sys=0.00, real=0.08 secs] 
179.069: Total time for which application threads were stopped: 0.0802630 seconds, Stopping threads took: 0.0000830 seconds
179.095: Application time: 0.0265880 seconds
179.096: [Full GC [PSYoungGen: 139264K->31435K(162304K)] [ParOldGen: 369965K->369965K(370176K)] 509229K->401401K(532480K) [PSPermGen: 13643K->13643K(21504K)], 0.0739700 secs] [Times: user=0.52 sys=0.00, real=0.07 secs] 
179.170: Total time for which application threads were stopped: 0.0746430 seconds, Stopping threads took: 0.0000920 seconds
179.196: Application time: 0.0260040 seconds
179.197: [Full GC [PSYoungGen: 139264K->31451K(162304K)] [ParOldGen: 369965K->369965K(370176K)] 509229K->401417K(532480K) [PSPermGen: 13643K->13643K(21504K)], 0.0739490 secs] [Times: user=0.51 sys=0.00, real=0.07 secs] 
179.271: Total time for which application threads were stopped: 0.0745890 seconds, Stopping threads took: 0.0000720 seconds
179.297: Application time: 0.0259030 seconds
179.297: [Full GC [PSYoungGen: 139264K->31463K(162304K)] [ParOldGen: 369965K->369965K(370176K)] 509229K->401429K(532480K) [PSPermGen: 13643K->13643K(21504K)], 0.0731790 secs] [Times: user=0.52 sys=0.00, real=0.07 secs] 
179.370: Total time for which application threads were stopped: 0.0738080 seconds, Stopping threads took: 0.0000620 seconds
179.396: Application time: 0.0255550 seconds
179.397: [Full GC [PSYoungGen: 139264K->31480K(162304K)] [ParOldGen: 369965K->369965K(370176K)] 509229K->401446K(532480K) [PSPermGen: 13643K->13643K(21504K)], 0.0734330 secs] [Times: user=0.51 sys=0.00, real=0.07 secs] 
179.470: Total time for which application threads were stopped: 0.0740740 seconds, Stopping threads took: 0.0000550 seconds
179.496: Application time: 0.0257450 seconds
179.497: [Full GC [PSYoungGen: 139264K->31495K(162304K)] [ParOldGen: 369965K->369965K(370176K)] 509229K->401461K(532480K) [PSPermGen: 13643K->13643K(21504K)], 0.0731880 secs] [Times: user=0.52 sys=0.00, real=0.07 secs] 
179.570: Total time for which application threads were stopped: 0.0739230 seconds, Stopping threads took: 0.0000860 seconds
179.596: Application time: 0.0258300 seconds
179.596: [Full GC [PSYoungGen: 139264K->31511K(162304K)] [ParOldGen: 369965K->369965K(370176K)] 509229K->401476K(532480K) [PSPermGen: 13643K->13643K(21504K)], 0.0741800 secs] [Times: user=0.52 sys=0.00, real=0.07 secs] 
179.670: Total time for which application threads were stopped: 0.0748060 seconds, Stopping threads took: 0.0000640 seconds
179.697: Application time: 0.0261620 seconds
179.697: [Full GC [PSYoungGen: 139264K->31525K(162304K)] [ParOldGen: 369965K->369965K(370176K)] 509229K->401491K(532480K) [PSPermGen: 13643K->13643K(21504K)], 0.0761320 secs] [Times: user=0.53 sys=0.00, real=0.08 secs] 
179.773: Total time for which application threads were stopped: 0.0767610 seconds, Stopping threads took: 0.0000660 seconds
179.801: Application time: 0.0274520 seconds
179.801: [Full GC [PSYoungGen: 139264K->31431K(162304K)] [ParOldGen: 369965K->369965K(370176K)] 509229K->401397K(532480K) [PSPermGen: 13643K->13643K(21504K)], 0.0926940 secs] [Times: user=0.63 sys=0.01, real=0.10 secs] 
179.894: Total time for which application threads were stopped: 0.0933800 seconds, Stopping threads took: 0.0000600 seconds
179.922: Application time: 0.0277470 seconds
179.923: [Full GC [PSYoungGen: 139264K->31415K(162304K)] [ParOldGen: 369965K->369965K(370176K)] 509229K->401381K(532480K) [PSPermGen: 13643K->13643K(21504K)], 0.0729520 secs] [Times: user=0.51 sys=0.00, real=0.08 secs] 
179.996: Total time for which application threads were stopped: 0.0736380 seconds, Stopping threads took: 0.0000730 seconds
180.021: Application time: 0.0255630 seconds
180.022: [Full GC [PSYoungGen: 139264K->31433K(162304K)] [ParOldGen: 369965K->369965K(370176K)] 509229K->401399K(532480K) [PSPermGen: 13643K->13643K(21504K)], 0.0728840 secs] [Times: user=0.51 sys=0.00, real=0.08 secs] 
180.095: Total time for which application threads were stopped: 0.0736020 seconds, Stopping threads took: 0.0000700 seconds
180.121: Application time: 0.0263430 seconds
180.122: [Full GC [PSYoungGen: 139264K->31448K(162304K)] [ParOldGen: 369965K->369965K(370176K)] 509229K->401414K(532480K) [PSPermGen: 13643K->13643K(21504K)], 0.0738200 secs] [Times: user=0.52 sys=0.00, real=0.08 secs] 
180.196: Total time for which application threads were stopped: 0.0744420 seconds, Stopping threads took: 0.0000630 seconds
180.222: Application time: 0.0262650 seconds
180.222: [Full GC [PSYoungGen: 139264K->31461K(162304K)] [ParOldGen: 369965K->369965K(370176K)] 509229K->401427K(532480K) [PSPermGen: 13643K->13643K(21504K)], 0.0740470 secs] [Times: user=0.52 sys=0.00, real=0.08 secs] 
180.296: Total time for which application threads were stopped: 0.0746510 seconds, Stopping threads took: 0.0000460 seconds
180.323: Application time: 0.0267090 seconds
180.324: [Full GC [PSYoungGen: 139264K->31479K(162304K)] [ParOldGen: 369965K->369965K(370176K)] 509229K->401445K(532480K) [PSPermGen: 13643K->13643K(21504K)], 0.0744390 secs] [Times: user=0.53 sys=0.00, real=0.08 secs] 
180.398: Total time for which application threads were stopped: 0.0750780 seconds, Stopping threads took: 0.0000780 seconds
180.424: Application time: 0.0261040 seconds
180.425: [Full GC [PSYoungGen: 139264K->31495K(162304K)] [ParOldGen: 369965K->369965K(370176K)] 509229K->401461K(532480K) [PSPermGen: 13643K->13643K(21504K)], 0.1497610 secs] [Times: user=1.09 sys=0.01, real=0.15 secs] 
180.575: Total time for which application threads were stopped: 0.1504670 seconds, Stopping threads took: 0.0001120 seconds
180.601: Application time: 0.0257180 seconds
180.601: [Full GC [PSYoungGen: 139264K->31397K(162304K)] [ParOldGen: 369965K->369965K(370176K)] 509229K->401362K(532480K) [PSPermGen: 13643K->13643K(21504K)], 0.0722610 secs] [Times: user=0.50 sys=0.00, real=0.08 secs] 
180.674: Total time for which application threads were stopped: 0.0729850 seconds, Stopping threads took: 0.0000620 seconds
180.699: Application time: 0.0258970 seconds
180.700: [Full GC [PSYoungGen: 139264K->31382K(162304K)] [ParOldGen: 369965K->369965K(370176K)] 509229K->401348K(532480K) [PSPermGen: 13643K->13643K(21504K)], 0.0740590 secs] [Times: user=0.52 sys=0.00, real=0.08 secs] 
180.774: Total time for which application threads were stopped: 0.0746840 seconds, Stopping threads took: 0.0000740 seconds
180.801: Application time: 0.0266530 seconds
180.801: [Full GC [PSYoungGen: 139264K->31397K(162304K)] [ParOldGen: 369965K->369965K(370176K)] 509229K->401363K(532480K) [PSPermGen: 13643K->13643K(21504K)], 0.0735120 secs] [Times: user=0.52 sys=0.00, real=0.08 secs] 
180.875: Total time for which application threads were stopped: 0.0742160 seconds, Stopping threads took: 0.0000920 seconds
180.902: Application time: 0.0270090 seconds
180.903: [Full GC [PSYoungGen: 139264K->31288K(162304K)] [ParOldGen: 369965K->369965K(370176K)] 509229K->401253K(532480K) [PSPermGen: 13643K->13643K(21504K)], 0.0735650 secs] [Times: user=0.52 sys=0.00, real=0.08 secs] 
180.976: Total time for which application threads were stopped: 0.0742630 seconds, Stopping threads took: 0.0001040 seconds
181.002: Application time: 0.0260650 seconds
181.003: [Full GC [PSYoungGen: 139264K->31291K(162304K)] [ParOldGen: 369965K->369965K(370176K)] 509229K->401256K(532480K) [PSPermGen: 13643K->13643K(21504K)], 0.0728720 secs] [Times: user=0.51 sys=0.00, real=0.08 secs] 
181.076: Total time for which application threads were stopped: 0.0735770 seconds, Stopping threads took: 0.0000860 seconds
181.102: Application time: 0.0257500 seconds
181.102: [Full GC [PSYoungGen: 139264K->31305K(162304K)] [ParOldGen: 369965K->369965K(370176K)] 509229K->401270K(532480K) [PSPermGen: 13643K->13643K(21504K)], 0.0739150 secs] [Times: user=0.51 sys=0.01, real=0.08 secs] 
181.176: Total time for which application threads were stopped: 0.0745960 seconds, Stopping threads took: 0.0000910 seconds
181.202: Application time: 0.0259270 seconds
181.203: [Full GC [PSYoungGen: 139264K->31318K(162304K)] [ParOldGen: 369965K->369965K(370176K)] 509229K->401284K(532480K) [PSPermGen: 13643K->13643K(21504K)], 0.0735660 secs] [Times: user=0.52 sys=0.00, real=0.08 secs] 
181.276: Total time for which application threads were stopped: 0.0742750 seconds, Stopping threads took: 0.0000730 seconds
181.303: Application time: 0.0262010 seconds
181.303: [Full GC [PSYoungGen: 139264K->31336K(162304K)] [ParOldGen: 369965K->369965K(370176K)] 509229K->401301K(532480K) [PSPermGen: 13643K->13643K(21504K)], 0.0734390 secs] [Times: user=0.51 sys=0.00, real=0.08 secs] 
181.377: Total time for which application threads were stopped: 0.0740780 seconds, Stopping threads took: 0.0000690 seconds
181.403: Application time: 0.0264430 seconds
181.404: [Full GC [PSYoungGen: 139264K->31287K(162304K)] [ParOldGen: 369965K->369965K(370176K)] 509229K->401253K(532480K) [PSPermGen: 13643K->13643K(21504K)], 0.0756070 secs] [Times: user=0.53 sys=0.01, real=0.08 secs] 
181.480: Total time for which application threads were stopped: 0.0763400 seconds, Stopping threads took: 0.0001180 seconds
181.507: Application time: 0.0270310 seconds
181.507: [Full GC [PSYoungGen: 139264K->31234K(162304K)] [ParOldGen: 369965K->369965K(370176K)] 509229K->401200K(532480K) [PSPermGen: 13643K->13643K(21504K)], 0.0733730 secs] [Times: user=0.51 sys=0.00, real=0.07 secs] 
181.581: Total time for which application threads were stopped: 0.0740620 seconds, Stopping threads took: 0.0001210 seconds
181.607: Application time: 0.0263820 seconds
181.608: [Full GC [PSYoungGen: 139264K->31240K(162304K)] [ParOldGen: 369965K->369965K(370176K)] 509229K->401206K(532480K) [PSPermGen: 13643K->13643K(21504K)], 0.0739140 secs] [Times: user=0.52 sys=0.00, real=0.07 secs] 
181.682: Total time for which application threads were stopped: 0.0745760 seconds, Stopping threads took: 0.0000720 seconds
181.708: Application time: 0.0258850 seconds
181.708: [Full GC [PSYoungGen: 139264K->31254K(162304K)] [ParOldGen: 369965K->369965K(370176K)] 509229K->401220K(532480K) [PSPermGen: 13643K->13643K(21504K)], 0.0724170 secs] [Times: user=0.51 sys=0.00, real=0.07 secs] 
181.781: Total time for which application threads were stopped: 0.0730950 seconds, Stopping threads took: 0.0000600 seconds
181.806: Application time: 0.0255220 seconds
181.807: [Full GC [PSYoungGen: 139264K->31272K(162304K)] [ParOldGen: 369965K->369965K(370176K)] 509229K->401238K(532480K) [PSPermGen: 13643K->13643K(21504K)], 0.0729380 secs] [Times: user=0.51 sys=0.00, real=0.07 secs] 
181.880: Total time for which application threads were stopped: 0.0735620 seconds, Stopping threads took: 0.0000520 seconds
181.906: Application time: 0.0259070 seconds
181.906: [Full GC [PSYoungGen: 139264K->31288K(162304K)] [ParOldGen: 369965K->369965K(370176K)] 509229K->401254K(532480K) [PSPermGen: 13643K->13643K(21504K)], 0.0737630 secs] [Times: user=0.51 sys=0.00, real=0.07 secs] 
181.980: Total time for which application threads were stopped: 0.0744390 seconds, Stopping threads took: 0.0000510 seconds
182.006: Application time: 0.0258570 seconds
182.006: [Full GC [PSYoungGen: 139264K->31304K(162304K)] [ParOldGen: 369965K->369965K(370176K)] 509229K->401270K(532480K) [PSPermGen: 13643K->13643K(21504K)], 0.0729820 secs] [Times: user=0.50 sys=0.01, real=0.07 secs] 
182.080: Total time for which application threads were stopped: 0.0735910 seconds, Stopping threads took: 0.0000490 seconds
182.105: Application time: 0.0257450 seconds
182.106: [Full GC [PSYoungGen: 139264K->31319K(162304K)] [ParOldGen: 369965K->369965K(370176K)] 509229K->401284K(532480K) [PSPermGen: 13643K->13643K(21504K)], 0.0730050 secs] [Times: user=0.51 sys=0.00, real=0.07 secs] 
182.179: Total time for which application threads were stopped: 0.0736040 seconds, Stopping threads took: 0.0000350 seconds
182.205: Application time: 0.0261430 seconds
182.206: [Full GC [PSYoungGen: 139264K->30822K(162304K)] [ParOldGen: 369965K->369828K(370176K)] 509229K->400650K(532480K) [PSPermGen: 13643K->13640K(21504K)], 0.2505000 secs] [Times: user=1.89 sys=0.00, real=0.25 secs] 
182.456: Total time for which application threads were stopped: 0.2511800 seconds, Stopping threads took: 0.0000750 seconds
182.461: Application time: 0.0044740 seconds
182.461: Total time for which application threads were stopped: 0.0005600 seconds, Stopping threads took: 0.0000800 seconds
182.481: Application time: 0.0202090 seconds
182.482: [Full GC [PSYoungGen: 139264K->30836K(162304K)] [ParOldGen: 369828K->369822K(370176K)] 509092K->400658K(532480K) [PSPermGen: 13640K->13640K(21504K)], 0.1239930 secs] [Times: user=0.90 sys=0.00, real=0.13 secs] 
182.606: Total time for which application threads were stopped: 0.1247000 seconds, Stopping threads took: 0.0000770 seconds
182.631: Application time: 0.0246400 seconds
182.631: [Full GC [PSYoungGen: 139264K->30853K(162304K)] [ParOldGen: 369822K->369822K(370176K)] 509086K->400675K(532480K) [PSPermGen: 13640K->13640K(21504K)], 0.0718820 secs] [Times: user=0.50 sys=0.00, real=0.07 secs] 
182.703: Total time for which application threads were stopped: 0.0725100 seconds, Stopping threads took: 0.0000560 seconds
182.728: Application time: 0.0248550 seconds
182.729: [Full GC [PSYoungGen: 139264K->30867K(162304K)] [ParOldGen: 369822K->369822K(370176K)] 509086K->400690K(532480K) [PSPermGen: 13640K->13640K(21504K)], 0.0717660 secs] [Times: user=0.49 sys=0.01, real=0.07 secs] 
182.801: Total time for which application threads were stopped: 0.0725010 seconds, Stopping threads took: 0.0000630 seconds
182.825: Application time: 0.0248230 seconds
182.826: [Full GC [PSYoungGen: 139264K->30882K(162304K)] [ParOldGen: 369822K->369822K(370176K)] 509086K->400705K(532480K) [PSPermGen: 13640K->13640K(21504K)], 0.0728190 secs] [Times: user=0.51 sys=0.00, real=0.07 secs] 
182.899: Total time for which application threads were stopped: 0.0734250 seconds, Stopping threads took: 0.0000450 seconds
182.924: Application time: 0.0250230 seconds
182.925: [Full GC [PSYoungGen: 139264K->30899K(162304K)] [ParOldGen: 369822K->369822K(370176K)] 509086K->400721K(532480K) [PSPermGen: 13640K->13640K(21504K)], 0.0723390 secs] [Times: user=0.50 sys=0.00, real=0.07 secs] 
182.997: Total time for which application threads were stopped: 0.0730160 seconds, Stopping threads took: 0.0000340 seconds
183.022: Application time: 0.0249810 seconds
183.022: [Full GC [PSYoungGen: 139264K->30915K(162304K)] [ParOldGen: 369822K->369822K(370176K)] 509086K->400737K(532480K) [PSPermGen: 13640K->13640K(21504K)], 0.0721100 secs] [Times: user=0.51 sys=0.00, real=0.08 secs] 
183.095: Total time for which application threads were stopped: 0.0727300 seconds, Stopping threads took: 0.0000430 seconds
183.120: Application time: 0.0248400 seconds
183.120: [Full GC [PSYoungGen: 139264K->30931K(162304K)] [ParOldGen: 369822K->369822K(370176K)] 509086K->400753K(532480K) [PSPermGen: 13640K->13640K(21504K)], 0.0718090 secs] [Times: user=0.51 sys=0.00, real=0.07 secs] 
183.192: Total time for which application threads were stopped: 0.0725360 seconds, Stopping threads took: 0.0000800 seconds
183.217: Application time: 0.0248160 seconds
183.218: [Full GC [PSYoungGen: 139264K->30947K(162304K)] [ParOldGen: 369822K->369822K(370176K)] 509086K->400770K(532480K) [PSPermGen: 13640K->13640K(21504K)], 0.0715080 secs] [Times: user=0.50 sys=0.00, real=0.07 secs] 
183.289: Total time for which application threads were stopped: 0.0722130 seconds, Stopping threads took: 0.0000590 seconds
183.314: Application time: 0.0250490 seconds
183.315: [Full GC [PSYoungGen: 139264K->30963K(162304K)] [ParOldGen: 369822K->369822K(370176K)] 509086K->400785K(532480K) [PSPermGen: 13640K->13640K(21504K)], 0.0741120 secs] [Times: user=0.53 sys=0.00, real=0.07 secs] 
183.389: Total time for which application threads were stopped: 0.0748300 seconds, Stopping threads took: 0.0000570 seconds
183.414: Application time: 0.0250720 seconds
183.415: [Full GC [PSYoungGen: 139264K->30976K(162304K)] [ParOldGen: 369822K->369822K(370176K)] 509086K->400799K(532480K) [PSPermGen: 13640K->13640K(21504K)], 0.0714710 secs] [Times: user=0.50 sys=0.00, real=0.07 secs] 
183.486: Total time for which application threads were stopped: 0.0721720 seconds, Stopping threads took: 0.0000660 seconds
183.512: Application time: 0.0252900 seconds
183.512: [Full GC [PSYoungGen: 139264K->30992K(162304K)] [ParOldGen: 369822K->369822K(370176K)] 509086K->400815K(532480K) [PSPermGen: 13640K->13640K(21504K)], 0.0716780 secs] [Times: user=0.50 sys=0.00, real=0.07 secs] 
183.584: Total time for which application threads were stopped: 0.0723410 seconds, Stopping threads took: 0.0000440 seconds
183.609: Application time: 0.0252580 seconds
183.610: [Full GC [PSYoungGen: 139264K->31008K(162304K)] [ParOldGen: 369822K->369822K(370176K)] 509086K->400831K(532480K) [PSPermGen: 13640K->13640K(21504K)], 0.0722380 secs] [Times: user=0.50 sys=0.00, real=0.07 secs] 
183.682: Total time for which application threads were stopped: 0.0729400 seconds, Stopping threads took: 0.0000700 seconds
183.709: Application time: 0.0271030 seconds
183.710: [Full GC [PSYoungGen: 139264K->30914K(162304K)] [ParOldGen: 369822K->369822K(370176K)] 509086K->400737K(532480K) [PSPermGen: 13640K->13640K(21504K)], 0.0729390 secs] [Times: user=0.51 sys=0.00, real=0.07 secs] 
183.783: Total time for which application threads were stopped: 0.0736560 seconds, Stopping threads took: 0.0000790 seconds
183.808: Application time: 0.0251970 seconds
183.809: [Full GC [PSYoungGen: 139264K->30897K(162304K)] [ParOldGen: 369822K->369818K(370176K)] 509086K->400715K(532480K) [PSPermGen: 13640K->13640K(21504K)], 0.1164920 secs] [Times: user=0.85 sys=0.01, real=0.12 secs] 
183.925: Total time for which application threads were stopped: 0.1172050 seconds, Stopping threads took: 0.0000690 seconds
183.952: Application time: 0.0262830 seconds
183.952: [Full GC [PSYoungGen: 139264K->30914K(162304K)] [ParOldGen: 369818K->369818K(370176K)] 509082K->400733K(532480K) [PSPermGen: 13640K->13640K(21504K)], 0.0718260 secs] [Times: user=0.51 sys=0.00, real=0.07 secs] 
184.024: Total time for which application threads were stopped: 0.0725800 seconds, Stopping threads took: 0.0000910 seconds
184.050: Application time: 0.0257830 seconds
184.051: [Full GC [PSYoungGen: 139264K->30927K(162304K)] [ParOldGen: 369818K->369818K(370176K)] 509082K->400746K(532480K) [PSPermGen: 13640K->13640K(21504K)], 0.0718350 secs] [Times: user=0.51 sys=0.00, real=0.07 secs] 
184.122: Total time for which application threads were stopped: 0.0725320 seconds, Stopping threads took: 0.0000600 seconds
184.148: Application time: 0.0257970 seconds
184.149: [Full GC [PSYoungGen: 139264K->30945K(162304K)] [ParOldGen: 369818K->369818K(370176K)] 509082K->400764K(532480K) [PSPermGen: 13640K->13640K(21504K)], 0.0718070 secs] [Times: user=0.51 sys=0.00, real=0.07 secs] 
184.221: Total time for which application threads were stopped: 0.0724950 seconds, Stopping threads took: 0.0000540 seconds
184.246: Application time: 0.0256290 seconds
184.247: [Full GC [PSYoungGen: 139264K->30961K(162304K)] [ParOldGen: 369818K->369818K(370176K)] 509082K->400779K(532480K) [PSPermGen: 13640K->13640K(21504K)], 0.0717830 secs] [Times: user=0.51 sys=0.01, real=0.07 secs] 
184.319: Total time for which application threads were stopped: 0.0724890 seconds, Stopping threads took: 0.0000770 seconds
184.344: Application time: 0.0253510 seconds
184.345: [Full GC [PSYoungGen: 139264K->30977K(162304K)] [ParOldGen: 369818K->369818K(370176K)] 509082K->400796K(532480K) [PSPermGen: 13640K->13640K(21504K)], 0.0720150 secs] [Times: user=0.51 sys=0.00, real=0.07 secs] 
184.417: Total time for which application threads were stopped: 0.0727020 seconds, Stopping threads took: 0.0000630 seconds
184.443: Application time: 0.0260990 seconds
184.444: [Full GC [PSYoungGen: 139264K->30881K(162304K)] [ParOldGen: 369818K->369818K(370176K)] 509082K->400700K(532480K) [PSPermGen: 13640K->13640K(21504K)], 0.0722510 secs] [Times: user=0.51 sys=0.00, real=0.08 secs] 
184.516: Total time for which application threads were stopped: 0.0728700 seconds, Stopping threads took: 0.0000500 seconds
184.541: Application time: 0.0254570 seconds
184.542: [Full GC [PSYoungGen: 139264K->30868K(162304K)] [ParOldGen: 369818K->369818K(370176K)] 509082K->400686K(532480K) [PSPermGen: 13640K->13640K(21504K)], 0.0729780 secs] [Times: user=0.50 sys=0.00, real=0.08 secs] 
184.615: Total time for which application threads were stopped: 0.0736300 seconds, Stopping threads took: 0.0000570 seconds
184.640: Application time: 0.0254570 seconds
184.641: [Full GC [PSYoungGen: 139264K->30883K(162304K)] [ParOldGen: 369818K->369818K(370176K)] 509082K->400701K(532480K) [PSPermGen: 13640K->13640K(21504K)], 0.0721150 secs] [Times: user=0.51 sys=0.01, real=0.08 secs] 
184.713: Total time for which application threads were stopped: 0.0727920 seconds, Stopping threads took: 0.0000530 seconds
184.739: Application time: 0.0254920 seconds
184.739: [Full GC [PSYoungGen: 139264K->30899K(162304K)] [ParOldGen: 369818K->369818K(370176K)] 509082K->400717K(532480K) [PSPermGen: 13640K->13640K(21504K)], 0.0722790 secs] [Times: user=0.51 sys=0.00, real=0.07 secs] 
184.812: Total time for which application threads were stopped: 0.0729000 seconds, Stopping threads took: 0.0000530 seconds
184.837: Application time: 0.0258640 seconds
184.838: [Full GC [PSYoungGen: 139264K->30859K(162304K)] [ParOldGen: 369818K->369818K(370176K)] 509082K->400678K(532480K) [PSPermGen: 13640K->13640K(21504K)], 0.0719000 secs] [Times: user=0.51 sys=0.00, real=0.07 secs] 
184.910: Total time for which application threads were stopped: 0.0725320 seconds, Stopping threads took: 0.0000590 seconds
184.935: Application time: 0.0254670 seconds
184.936: [Full GC [PSYoungGen: 139264K->30805K(162304K)] [ParOldGen: 369818K->369818K(370176K)] 509082K->400623K(532480K) [PSPermGen: 13640K->13640K(21504K)], 0.0719840 secs] [Times: user=0.50 sys=0.00, real=0.07 secs] 
185.008: Total time for which application threads were stopped: 0.0726650 seconds, Stopping threads took: 0.0000500 seconds
185.033: Application time: 0.0251720 seconds
185.034: [Full GC [PSYoungGen: 139264K->30805K(162304K)] [ParOldGen: 369818K->369818K(370176K)] 509082K->400624K(532480K) [PSPermGen: 13640K->13640K(21504K)], 0.0717570 secs] [Times: user=0.50 sys=0.00, real=0.07 secs] 
185.106: Total time for which application threads were stopped: 0.0724480 seconds, Stopping threads took: 0.0000600 seconds
185.131: Application time: 0.0250630 seconds
185.131: [Full GC [PSYoungGen: 139264K->30819K(162304K)] [ParOldGen: 369818K->369818K(370176K)] 509082K->400638K(532480K) [PSPermGen: 13640K->13640K(21504K)], 0.0718090 secs] [Times: user=0.50 sys=0.00, real=0.07 secs] 
185.203: Total time for which application threads were stopped: 0.0725190 seconds, Stopping threads took: 0.0000500 seconds
185.228: Application time: 0.0251170 seconds
185.229: [Full GC [PSYoungGen: 139264K->30832K(162304K)] [ParOldGen: 369818K->369818K(370176K)] 509082K->400650K(532480K) [PSPermGen: 13640K->13640K(21504K)], 0.0719040 secs] [Times: user=0.51 sys=0.00, real=0.07 secs] 
185.301: Total time for which application threads were stopped: 0.0725890 seconds, Stopping threads took: 0.0000590 seconds
185.327: Application time: 0.0254710 seconds
185.327: [Full GC [PSYoungGen: 139264K->30785K(162304K)] [ParOldGen: 369818K->369818K(370176K)] 509082K->400604K(532480K) [PSPermGen: 13640K->13640K(21504K)], 0.0718620 secs] [Times: user=0.51 sys=0.00, real=0.07 secs] 
185.399: Total time for which application threads were stopped: 0.0725880 seconds, Stopping threads took: 0.0000760 seconds
185.425: Application time: 0.0254280 seconds
185.425: [Full GC [PSYoungGen: 139264K->30727K(162304K)] [ParOldGen: 369818K->369818K(370176K)] 509082K->400545K(532480K) [PSPermGen: 13641K->13641K(21504K)], 0.0715700 secs] [Times: user=0.50 sys=0.00, real=0.07 secs] 
185.497: Total time for which application threads were stopped: 0.0722450 seconds, Stopping threads took: 0.0000580 seconds
185.522: Application time: 0.0251370 seconds
185.523: [Full GC [PSYoungGen: 139264K->30740K(162304K)] [ParOldGen: 369818K->369818K(370176K)] 509082K->400558K(532480K) [PSPermGen: 13641K->13641K(21504K)], 0.0715240 secs] [Times: user=0.49 sys=0.01, real=0.08 secs] 
185.594: Total time for which application threads were stopped: 0.0722210 seconds, Stopping threads took: 0.0000600 seconds
185.619: Application time: 0.0249230 seconds
185.620: [Full GC [PSYoungGen: 139264K->30757K(162304K)] [ParOldGen: 369818K->369818K(370176K)] 509082K->400575K(532480K) [PSPermGen: 13641K->13641K(21504K)], 0.0720570 secs] [Times: user=0.51 sys=0.00, real=0.07 secs] 
185.692: Total time for which application threads were stopped: 0.0729110 seconds, Stopping threads took: 0.0000620 seconds
185.717: Application time: 0.0250960 seconds
185.718: [Full GC [PSYoungGen: 139264K->30772K(162304K)] [ParOldGen: 369818K->369818K(370176K)] 509082K->400590K(532480K) [PSPermGen: 13641K->13641K(21504K)], 0.0715080 secs] [Times: user=0.50 sys=0.00, real=0.07 secs] 
185.789: Total time for which application threads were stopped: 0.0721930 seconds, Stopping threads took: 0.0000800 seconds
185.815: Application time: 0.0254180 seconds
185.815: [Full GC [PSYoungGen: 139264K->30788K(162304K)] [ParOldGen: 369818K->369818K(370176K)] 509082K->400607K(532480K) [PSPermGen: 13641K->13641K(21504K)], 0.0718930 secs] [Times: user=0.51 sys=0.00, real=0.07 secs] 
185.887: Total time for which application threads were stopped: 0.0725920 seconds, Stopping threads took: 0.0000600 seconds
185.913: Application time: 0.0251870 seconds
185.913: [Full GC [PSYoungGen: 139264K->30802K(162304K)] [ParOldGen: 369818K->369818K(370176K)] 509082K->400620K(532480K) [PSPermGen: 13641K->13641K(21504K)], 0.0721940 secs] [Times: user=0.51 sys=0.00, real=0.07 secs] 
185.985: Total time for which application threads were stopped: 0.0728460 seconds, Stopping threads took: 0.0000810 seconds
186.010: Application time: 0.0251060 seconds
186.011: [Full GC [PSYoungGen: 139264K->30818K(162304K)] [ParOldGen: 369818K->369818K(370176K)] 509082K->400637K(532480K) [PSPermGen: 13641K->13641K(21504K)], 0.0716620 secs] [Times: user=0.51 sys=0.00, real=0.07 secs] 
186.083: Total time for which application threads were stopped: 0.0723620 seconds, Stopping threads took: 0.0000560 seconds
186.108: Application time: 0.0252650 seconds
186.109: [Full GC [PSYoungGen: 139264K->30833K(162304K)] [ParOldGen: 369818K->369818K(370176K)] 509082K->400651K(532480K) [PSPermGen: 13641K->13641K(21504K)], 0.0716460 secs] [Times: user=0.50 sys=0.00, real=0.07 secs] 
186.180: Total time for which application threads were stopped: 0.0722870 seconds, Stopping threads took: 0.0000590 seconds
186.206: Application time: 0.0252080 seconds
186.206: [Full GC [PSYoungGen: 139264K->30848K(162304K)] [ParOldGen: 369818K->369818K(370176K)] 509082K->400666K(532480K) [PSPermGen: 13641K->13641K(21504K)], 0.0720030 secs] [Times: user=0.51 sys=0.00, real=0.07 secs] 
186.278: Total time for which application threads were stopped: 0.0726420 seconds, Stopping threads took: 0.0000600 seconds
186.303: Application time: 0.0251640 seconds
186.304: [Full GC [PSYoungGen: 139264K->30858K(162304K)] [ParOldGen: 369818K->369818K(370176K)] 509082K->400677K(532480K) [PSPermGen: 13641K->13641K(21504K)], 0.0719880 secs] [Times: user=0.50 sys=0.00, real=0.08 secs] 
186.376: Total time for which application threads were stopped: 0.0727240 seconds, Stopping threads took: 0.0000610 seconds
186.401: Application time: 0.0249420 seconds
186.402: [Full GC [PSYoungGen: 139264K->30878K(162304K)] [ParOldGen: 369818K->369818K(370176K)] 509082K->400697K(532480K) [PSPermGen: 13641K->13641K(21504K)], 0.0727670 secs] [Times: user=0.50 sys=0.00, real=0.08 secs] 
186.475: Total time for which application threads were stopped: 0.0734700 seconds, Stopping threads took: 0.0000590 seconds
186.499: Application time: 0.0248790 seconds
186.500: [Full GC [PSYoungGen: 139264K->30896K(162304K)] [ParOldGen: 369818K->369818K(370176K)] 509082K->400715K(532480K) [PSPermGen: 13641K->13641K(21504K)], 0.0716780 secs] [Times: user=0.50 sys=0.00, real=0.07 secs] 
186.572: Total time for which application threads were stopped: 0.0723860 seconds, Stopping threads took: 0.0000550 seconds
186.597: Application time: 0.0250930 seconds
186.598: [Full GC [PSYoungGen: 139264K->30910K(162304K)] [ParOldGen: 369818K->369818K(370176K)] 509082K->400728K(532480K) [PSPermGen: 13641K->13641K(21504K)], 0.0725100 secs] [Times: user=0.50 sys=0.00, real=0.07 secs] 
186.670: Total time for which application threads were stopped: 0.0732370 seconds, Stopping threads took: 0.0000690 seconds
186.695: Application time: 0.0249270 seconds
186.696: [Full GC [PSYoungGen: 139264K->30926K(162304K)] [ParOldGen: 369818K->369818K(370176K)] 509082K->400744K(532480K) [PSPermGen: 13641K->13641K(21504K)], 0.0738750 secs] [Times: user=0.52 sys=0.00, real=0.07 secs] 
186.770: Total time for which application threads were stopped: 0.0745850 seconds, Stopping threads took: 0.0000640 seconds
186.795: Application time: 0.0249280 seconds
186.795: [Full GC [PSYoungGen: 139264K->30944K(162304K)] [ParOldGen: 369818K->369818K(370176K)] 509082K->400762K(532480K) [PSPermGen: 13641K->13641K(21504K)], 0.0717010 secs] [Times: user=0.51 sys=0.00, real=0.07 secs] 
186.867: Total time for which application threads were stopped: 0.0723830 seconds, Stopping threads took: 0.0000370 seconds
186.892: Application time: 0.0245400 seconds
186.892: [Full GC [PSYoungGen: 139264K->30958K(162304K)] [ParOldGen: 369818K->369818K(370176K)] 509082K->400776K(532480K) [PSPermGen: 13641K->13641K(21504K)], 0.0725680 secs] [Times: user=0.51 sys=0.00, real=0.08 secs] 
186.965: Total time for which application threads were stopped: 0.0732170 seconds, Stopping threads took: 0.0000560 seconds
186.989: Application time: 0.0246960 seconds
186.990: [Full GC [PSYoungGen: 139264K->30973K(162304K)] [ParOldGen: 369818K->369818K(370176K)] 509082K->400791K(532480K) [PSPermGen: 13641K->13641K(21504K)], 0.0723750 secs] [Times: user=0.51 sys=0.00, real=0.07 secs] 
187.063: Total time for which application threads were stopped: 0.0730110 seconds, Stopping threads took: 0.0000580 seconds
187.087: Application time: 0.0246520 seconds
187.088: [Full GC [PSYoungGen: 139264K->30987K(162304K)] [ParOldGen: 369818K->369818K(370176K)] 509082K->400806K(532480K) [PSPermGen: 13641K->13641K(21504K)], 0.0717450 secs] [Times: user=0.50 sys=0.00, real=0.07 secs] 
187.160: Total time for which application threads were stopped: 0.0724080 seconds, Stopping threads took: 0.0000530 seconds
187.186: Application time: 0.0260860 seconds
187.186: [Full GC [PSYoungGen: 139264K->30894K(162304K)] [ParOldGen: 369818K->369818K(370176K)] 509082K->400712K(532480K) [PSPermGen: 13641K->13641K(21504K)], 0.0727840 secs] [Times: user=0.50 sys=0.00, real=0.07 secs] 
187.259: Total time for which application threads were stopped: 0.0734400 seconds, Stopping threads took: 0.0000790 seconds
187.284: Application time: 0.0252300 seconds
187.285: [Full GC [PSYoungGen: 139264K->30877K(162304K)] [ParOldGen: 369818K->369818K(370176K)] 509082K->400696K(532480K) [PSPermGen: 13641K->13641K(21504K)], 0.0720430 secs] [Times: user=0.50 sys=0.00, real=0.07 secs] 
187.357: Total time for which application threads were stopped: 0.0727410 seconds, Stopping threads took: 0.0000590 seconds
187.382: Application time: 0.0249210 seconds
187.383: [Full GC [PSYoungGen: 139264K->30895K(162304K)] [ParOldGen: 369818K->369818K(370176K)] 509082K->400713K(532480K) [PSPermGen: 13641K->13641K(21504K)], 0.0719850 secs] [Times: user=0.51 sys=0.00, real=0.08 secs] 
187.455: Total time for which application threads were stopped: 0.0726780 seconds, Stopping threads took: 0.0000670 seconds
187.480: Application time: 0.0248980 seconds
187.480: [Full GC [PSYoungGen: 139264K->30911K(162304K)] [ParOldGen: 369818K->369818K(370176K)] 509082K->400729K(532480K) [PSPermGen: 13641K->13641K(21504K)], 0.0719380 secs] [Times: user=0.50 sys=0.00, real=0.07 secs] 
187.552: Total time for which application threads were stopped: 0.0726470 seconds, Stopping threads took: 0.0000550 seconds
187.577: Application time: 0.0248930 seconds
187.578: [Full GC [PSYoungGen: 139264K->30925K(162304K)] [ParOldGen: 369818K->369818K(370176K)] 509082K->400743K(532480K) [PSPermGen: 13641K->13641K(21504K)], 0.0719770 secs] [Times: user=0.50 sys=0.01, real=0.07 secs] 
187.650: Total time for which application threads were stopped: 0.0726450 seconds, Stopping threads took: 0.0000630 seconds
187.675: Application time: 0.0248590 seconds
187.675: [Full GC [PSYoungGen: 139264K->30940K(162304K)] [ParOldGen: 369818K->369818K(370176K)] 509082K->400758K(532480K) [PSPermGen: 13641K->13641K(21504K)], 0.0721770 secs] [Times: user=0.51 sys=0.00, real=0.07 secs] 
187.748: Total time for which application threads were stopped: 0.0728840 seconds, Stopping threads took: 0.0000610 seconds
187.772: Application time: 0.0247670 seconds
187.773: [Full GC [PSYoungGen: 139264K->30957K(162304K)] [ParOldGen: 369818K->369818K(370176K)] 509082K->400775K(532480K) [PSPermGen: 13641K->13641K(21504K)], 0.0719530 secs] [Times: user=0.50 sys=0.00, real=0.07 secs] 
187.845: Total time for which application threads were stopped: 0.0726360 seconds, Stopping threads took: 0.0000610 seconds
187.870: Application time: 0.0248880 seconds
187.870: [Full GC [PSYoungGen: 139264K->30973K(162304K)] [ParOldGen: 369818K->369818K(370176K)] 509082K->400791K(532480K) [PSPermGen: 13641K->13641K(21504K)], 0.0730200 secs] [Times: user=0.50 sys=0.00, real=0.07 secs] 
187.943: Total time for which application threads were stopped: 0.0736340 seconds, Stopping threads took: 0.0000470 seconds
187.969: Application time: 0.0257710 seconds
187.970: [Full GC [PSYoungGen: 139264K->30876K(162304K)] [ParOldGen: 369818K->369818K(370176K)] 509082K->400695K(532480K) [PSPermGen: 13641K->13641K(21504K)], 0.0718530 secs] [Times: user=0.51 sys=0.00, real=0.07 secs] 
188.042: Total time for which application threads were stopped: 0.0725360 seconds, Stopping threads took: 0.0000560 seconds
188.067: Application time: 0.0250850 seconds
188.067: [Full GC [PSYoungGen: 139264K->30864K(162304K)] [ParOldGen: 369818K->369818K(370176K)] 509082K->400682K(532480K) [PSPermGen: 13641K->13641K(21504K)], 0.0718530 secs] [Times: user=0.50 sys=0.00, real=0.07 secs] 
188.139: Total time for which application threads were stopped: 0.0725380 seconds, Stopping threads took: 0.0000560 seconds
188.164: Application time: 0.0249450 seconds
188.165: [Full GC [PSYoungGen: 139264K->30879K(162304K)] [ParOldGen: 369818K->369818K(370176K)] 509082K->400697K(532480K) [PSPermGen: 13641K->13641K(21504K)], 0.0725710 secs] [Times: user=0.50 sys=0.00, real=0.07 secs] 
188.238: Total time for which application threads were stopped: 0.0732040 seconds, Stopping threads took: 0.0000610 seconds
188.262: Application time: 0.0248880 seconds
188.263: [Full GC [PSYoungGen: 139264K->30892K(162304K)] [ParOldGen: 369818K->369818K(370176K)] 509082K->400711K(532480K) [PSPermGen: 13641K->13641K(21504K)], 0.0715150 secs] [Times: user=0.51 sys=0.00, real=0.08 secs] 
188.335: Total time for which application threads were stopped: 0.0721500 seconds, Stopping threads took: 0.0000590 seconds
188.359: Application time: 0.0248640 seconds
188.360: [Full GC [PSYoungGen: 139264K->30907K(162304K)] [ParOldGen: 369818K->369818K(370176K)] 509082K->400725K(532480K) [PSPermGen: 13641K->13641K(21504K)], 0.0718140 secs] [Times: user=0.51 sys=0.00, real=0.07 secs] 
188.432: Total time for which application threads were stopped: 0.0724750 seconds, Stopping threads took: 0.0000530 seconds
188.457: Application time: 0.0249840 seconds
188.458: [Full GC [PSYoungGen: 139264K->30924K(162304K)] [ParOldGen: 369818K->369818K(370176K)] 509082K->400742K(532480K) [PSPermGen: 13641K->13641K(21504K)], 0.0732990 secs] [Times: user=0.50 sys=0.00, real=0.07 secs] 
188.531: Total time for which application threads were stopped: 0.0739900 seconds, Stopping threads took: 0.0000600 seconds
188.557: Application time: 0.0257820 seconds
188.557: [Full GC [PSYoungGen: 139264K->30880K(162304K)] [ParOldGen: 369818K->369818K(370176K)] 509082K->400698K(532480K) [PSPermGen: 13641K->13641K(21504K)], 0.0718610 secs] [Times: user=0.51 sys=0.00, real=0.07 secs] 
188.629: Total time for which application threads were stopped: 0.0725440 seconds, Stopping threads took: 0.0000530 seconds
188.655: Application time: 0.0253600 seconds
188.655: [Full GC [PSYoungGen: 139264K->30831K(162304K)] [ParOldGen: 369818K->369818K(370176K)] 509082K->400650K(532480K) [PSPermGen: 13641K->13641K(21504K)], 0.0714020 secs] [Times: user=0.50 sys=0.00, real=0.07 secs] 
188.727: Total time for which application threads were stopped: 0.0721190 seconds, Stopping threads took: 0.0000550 seconds
188.752: Application time: 0.0249950 seconds
188.752: [Full GC [PSYoungGen: 139264K->30827K(162304K)] [ParOldGen: 369818K->369818K(370176K)] 509082K->400645K(532480K) [PSPermGen: 13641K->13641K(21504K)], 0.0717050 secs] [Times: user=0.50 sys=0.01, real=0.07 secs] 
188.824: Total time for which application threads were stopped: 0.0723320 seconds, Stopping threads took: 0.0000580 seconds
188.849: Application time: 0.0248260 seconds
188.850: [Full GC [PSYoungGen: 139264K->30845K(162304K)] [ParOldGen: 369818K->369818K(370176K)] 509082K->400663K(532480K) [PSPermGen: 13641K->13641K(21504K)], 0.0717400 secs] [Times: user=0.50 sys=0.00, real=0.07 secs] 
188.921: Total time for which application threads were stopped: 0.0724260 seconds, Stopping threads took: 0.0000530 seconds
188.948: Application time: 0.0264960 seconds
188.948: [Full GC [PSYoungGen: 139264K->30744K(162304K)] [ParOldGen: 369818K->369818K(370176K)] 509082K->400562K(532480K) [PSPermGen: 13641K->13641K(21504K)], 0.0716900 secs] [Times: user=0.50 sys=0.00, real=0.07 secs] 
189.020: Total time for which application threads were stopped: 0.0723070 seconds, Stopping threads took: 0.0000440 seconds
189.045: Application time: 0.0250020 seconds
189.046: [Full GC [PSYoungGen: 139264K->30737K(162304K)] [ParOldGen: 369818K->369818K(370176K)] 509082K->400556K(532480K) [PSPermGen: 13641K->13641K(21504K)], 0.0714860 secs] [Times: user=0.50 sys=0.00, real=0.07 secs] 
189.117: Total time for which application threads were stopped: 0.0721470 seconds, Stopping threads took: 0.0000420 seconds
189.142: Application time: 0.0249950 seconds
189.143: [Full GC [PSYoungGen: 139264K->30752K(162304K)] [ParOldGen: 369818K->369818K(370176K)] 509082K->400570K(532480K) [PSPermGen: 13641K->13641K(21504K)], 0.0714520 secs] [Times: user=0.49 sys=0.00, real=0.08 secs] 
189.214: Total time for which application threads were stopped: 0.0721650 seconds, Stopping threads took: 0.0000790 seconds
189.239: Application time: 0.0249100 seconds
189.240: [Full GC [PSYoungGen: 139264K->30766K(162304K)] [ParOldGen: 369818K->369818K(370176K)] 509082K->400584K(532480K) [PSPermGen: 13641K->13641K(21504K)], 0.0716270 secs] [Times: user=0.50 sys=0.01, real=0.07 secs] 
189.312: Total time for which application threads were stopped: 0.0722940 seconds, Stopping threads took: 0.0000750 seconds
189.337: Application time: 0.0251730 seconds
189.337: [Full GC [PSYoungGen: 139264K->30779K(162304K)] [ParOldGen: 369818K->369818K(370176K)] 509082K->400597K(532480K) [PSPermGen: 13641K->13641K(21504K)], 0.0718750 secs] [Times: user=0.51 sys=0.00, real=0.07 secs] 
189.409: Total time for which application threads were stopped: 0.0725570 seconds, Stopping threads took: 0.0000520 seconds
189.435: Application time: 0.0255830 seconds
189.436: [Full GC [PSYoungGen: 139264K->30796K(162304K)] [ParOldGen: 369818K->369818K(370176K)] 509082K->400614K(532480K) [PSPermGen: 13641K->13641K(21504K)], 0.0716400 secs] [Times: user=0.50 sys=0.01, real=0.07 secs] 
189.507: Total time for which application threads were stopped: 0.0723830 seconds, Stopping threads took: 0.0001010 seconds
189.533: Application time: 0.0256240 seconds
189.534: [Full GC [PSYoungGen: 139264K->30813K(162304K)] [ParOldGen: 369818K->369818K(370176K)] 509082K->400631K(532480K) [PSPermGen: 13641K->13641K(21504K)], 0.0716060 secs] [Times: user=0.51 sys=0.00, real=0.07 secs] 
189.605: Total time for which application threads were stopped: 0.0722960 seconds, Stopping threads took: 0.0000870 seconds
189.631: Application time: 0.0254380 seconds
189.631: [Full GC [PSYoungGen: 139264K->30828K(162304K)] [ParOldGen: 369818K->369818K(370176K)] 509082K->400647K(532480K) [PSPermGen: 13641K->13641K(21504K)], 0.0720520 secs] [Times: user=0.51 sys=0.00, real=0.07 secs] 
189.704: Total time for which application threads were stopped: 0.0727580 seconds, Stopping threads took: 0.0000660 seconds
189.729: Application time: 0.0253760 seconds
189.730: [Full GC [PSYoungGen: 139264K->30845K(162304K)] [ParOldGen: 369818K->369818K(370176K)] 509082K->400664K(532480K) [PSPermGen: 13641K->13641K(21504K)], 0.0716140 secs] [Times: user=0.50 sys=0.00, real=0.07 secs] 
189.801: Total time for which application threads were stopped: 0.0723210 seconds, Stopping threads took: 0.0000640 seconds
189.827: Application time: 0.0253980 seconds
189.827: [Full GC [PSYoungGen: 139264K->30860K(162304K)] [ParOldGen: 369818K->369818K(370176K)] 509082K->400679K(532480K) [PSPermGen: 13641K->13641K(21504K)], 0.0726730 secs] [Times: user=0.52 sys=0.00, real=0.07 secs] 
189.900: Total time for which application threads were stopped: 0.0734170 seconds, Stopping threads took: 0.0000750 seconds
189.926: Application time: 0.0255780 seconds
189.926: [Full GC [PSYoungGen: 139264K->30875K(162304K)] [ParOldGen: 369818K->369818K(370176K)] 509082K->400693K(532480K) [PSPermGen: 13641K->13641K(21504K)], 0.0724940 secs] [Times: user=0.51 sys=0.00, real=0.07 secs] 
189.999: Total time for which application threads were stopped: 0.0731350 seconds, Stopping threads took: 0.0000660 seconds
190.024: Application time: 0.0255630 seconds
190.025: [Full GC [PSYoungGen: 139264K->30891K(162304K)] [ParOldGen: 369818K->369818K(370176K)] 509082K->400709K(532480K) [PSPermGen: 13641K->13641K(21504K)], 0.0716700 secs] [Times: user=0.50 sys=0.00, real=0.07 secs] 
190.097: Total time for which application threads were stopped: 0.0723550 seconds, Stopping threads took: 0.0000490 seconds
190.122: Application time: 0.0250540 seconds
190.122: [Full GC [PSYoungGen: 139264K->30907K(162304K)] [ParOldGen: 369818K->369818K(370176K)] 509082K->400725K(532480K) [PSPermGen: 13641K->13641K(21504K)], 0.0718970 secs] [Times: user=0.51 sys=0.00, real=0.08 secs] 
190.194: Total time for which application threads were stopped: 0.0725430 seconds, Stopping threads took: 0.0000700 seconds
190.220: Application time: 0.0253050 seconds
190.220: [Full GC [PSYoungGen: 139264K->30921K(162304K)] [ParOldGen: 369818K->369818K(370176K)] 509082K->400740K(532480K) [PSPermGen: 13641K->13641K(21504K)], 0.0721600 secs] [Times: user=0.51 sys=0.00, real=0.08 secs] 
190.292: Total time for which application threads were stopped: 0.0728740 seconds, Stopping threads took: 0.0000770 seconds
190.318: Application time: 0.0253270 seconds
190.318: [Full GC [PSYoungGen: 139264K->30937K(162304K)] [ParOldGen: 369818K->369818K(370176K)] 509082K->400756K(532480K) [PSPermGen: 13641K->13641K(21504K)], 0.0719160 secs] [Times: user=0.51 sys=0.00, real=0.07 secs] 
190.390: Total time for which application threads were stopped: 0.0725850 seconds, Stopping threads took: 0.0000430 seconds
190.415: Application time: 0.0249600 seconds
190.416: [Full GC [PSYoungGen: 139264K->30953K(162304K)] [ParOldGen: 369818K->369818K(370176K)] 509082K->400771K(532480K) [PSPermGen: 13641K->13641K(21504K)], 0.0720390 secs] [Times: user=0.50 sys=0.00, real=0.07 secs] 
190.488: Total time for which application threads were stopped: 0.0727680 seconds, Stopping threads took: 0.0000700 seconds
190.513: Application time: 0.0252050 seconds
190.514: [Full GC [PSYoungGen: 139264K->30965K(162304K)] [ParOldGen: 369818K->369818K(370176K)] 509082K->400783K(532480K) [PSPermGen: 13641K->13641K(21504K)], 0.0715490 secs] [Times: user=0.50 sys=0.01, real=0.07 secs] 
190.586: Total time for which application threads were stopped: 0.0722450 seconds, Stopping threads took: 0.0000730 seconds
190.611: Application time: 0.0256410 seconds
190.612: [Full GC [PSYoungGen: 139264K->30931K(162304K)] [ParOldGen: 369818K->369818K(370176K)] 509082K->400749K(532480K) [PSPermGen: 13641K->13641K(21504K)], 0.0722240 secs] [Times: user=0.50 sys=0.01, real=0.07 secs] 
190.684: Total time for which application threads were stopped: 0.0728940 seconds, Stopping threads took: 0.0000350 seconds
190.710: Application time: 0.0255910 seconds
190.710: [Full GC [PSYoungGen: 139264K->30874K(162304K)] [ParOldGen: 369818K->369818K(370176K)] 509082K->400693K(532480K) [PSPermGen: 13641K->13641K(21504K)], 0.0722200 secs] [Times: user=0.50 sys=0.00, real=0.07 secs] 
190.783: Total time for which application threads were stopped: 0.0729660 seconds, Stopping threads took: 0.0000980 seconds
190.808: Application time: 0.0252150 seconds
190.809: [Full GC [PSYoungGen: 139264K->30875K(162304K)] [ParOldGen: 369818K->369818K(370176K)] 509082K->400693K(532480K) [PSPermGen: 13641K->13641K(21504K)], 0.0719150 secs] [Times: user=0.49 sys=0.01, real=0.07 secs] 
190.881: Total time for which application threads were stopped: 0.0726240 seconds, Stopping threads took: 0.0000590 seconds
190.906: Application time: 0.0250960 seconds
190.906: [Full GC [PSYoungGen: 139264K->30891K(162304K)] [ParOldGen: 369818K->369818K(370176K)] 509082K->400710K(532480K) [PSPermGen: 13641K->13641K(21504K)], 0.0724170 secs] [Times: user=0.50 sys=0.00, real=0.07 secs] 
190.979: Total time for which application threads were stopped: 0.0731200 seconds, Stopping threads took: 0.0000690 seconds
191.004: Application time: 0.0250430 seconds
191.004: [Full GC [PSYoungGen: 139264K->30904K(162304K)] [ParOldGen: 369818K->369818K(370176K)] 509082K->400723K(532480K) [PSPermGen: 13641K->13641K(21504K)], 0.0720580 secs] [Times: user=0.51 sys=0.00, real=0.07 secs] 
191.077: Total time for which application threads were stopped: 0.0727760 seconds, Stopping threads took: 0.0000660 seconds
191.101: Application time: 0.0248390 seconds
191.102: [Full GC [PSYoungGen: 139264K->30923K(162304K)] [ParOldGen: 369818K->369818K(370176K)] 509082K->400741K(532480K) [PSPermGen: 13641K->13641K(21504K)], 0.0715550 secs] [Times: user=0.50 sys=0.01, real=0.08 secs] 
191.174: Total time for which application threads were stopped: 0.0722170 seconds, Stopping threads took: 0.0000460 seconds
191.199: Application time: 0.0250900 seconds
191.199: [Full GC [PSYoungGen: 139264K->30938K(162304K)] [ParOldGen: 369818K->369818K(370176K)] 509082K->400756K(532480K) [PSPermGen: 13641K->13641K(21504K)], 0.0720010 secs] [Times: user=0.51 sys=0.00, real=0.07 secs] 
191.271: Total time for which application threads were stopped: 0.0726280 seconds, Stopping threads took: 0.0000550 seconds
191.296: Application time: 0.0249800 seconds
191.297: [Full GC [PSYoungGen: 139264K->30951K(162304K)] [ParOldGen: 369818K->369818K(370176K)] 509082K->400769K(532480K) [PSPermGen: 13641K->13641K(21504K)], 0.0722630 secs] [Times: user=0.51 sys=0.00, real=0.07 secs] 
191.369: Total time for which application threads were stopped: 0.0729410 seconds, Stopping threads took: 0.0000500 seconds
191.395: Application time: 0.0261740 seconds
191.396: [Full GC [PSYoungGen: 139264K->30857K(162304K)] [ParOldGen: 369818K->369818K(370176K)] 509082K->400676K(532480K) [PSPermGen: 13641K->13641K(21504K)], 0.0717310 secs] [Times: user=0.50 sys=0.00, real=0.07 secs] 
191.468: Total time for which application threads were stopped: 0.0724490 seconds, Stopping threads took: 0.0000810 seconds
191.493: Application time: 0.0255050 seconds
191.494: [Full GC [PSYoungGen: 139264K->30842K(162304K)] [ParOldGen: 369818K->369818K(370176K)] 509082K->400660K(532480K) [PSPermGen: 13641K->13641K(21504K)], 0.0713690 secs] [Times: user=0.50 sys=0.00, real=0.07 secs] 
191.565: Total time for which application threads were stopped: 0.0720520 seconds, Stopping threads took: 0.0000600 seconds
191.591: Application time: 0.0256540 seconds
191.592: [Full GC [PSYoungGen: 139264K->30855K(162304K)] [ParOldGen: 369818K->369818K(370176K)] 509082K->400674K(532480K) [PSPermGen: 13641K->13641K(21504K)], 0.0716520 secs] [Times: user=0.50 sys=0.01, real=0.07 secs] 
191.664: Total time for which application threads were stopped: 0.0723720 seconds, Stopping threads took: 0.0000630 seconds
191.689: Application time: 0.0256360 seconds
191.690: [Full GC [PSYoungGen: 139264K->30875K(162304K)] [ParOldGen: 369818K->369818K(370176K)] 509082K->400693K(532480K) [PSPermGen: 13641K->13641K(21504K)], 0.0716290 secs] [Times: user=0.50 sys=0.00, real=0.07 secs] 
191.761: Total time for which application threads were stopped: 0.0723180 seconds, Stopping threads took: 0.0000730 seconds
191.787: Application time: 0.0253810 seconds
191.787: [Full GC [PSYoungGen: 139264K->30888K(162304K)] [ParOldGen: 369818K->369818K(370176K)] 509082K->400707K(532480K) [PSPermGen: 13641K->13641K(21504K)], 0.0717640 secs] [Times: user=0.50 sys=0.01, real=0.07 secs] 
191.859: Total time for which application threads were stopped: 0.0724580 seconds, Stopping threads took: 0.0000470 seconds
191.885: Application time: 0.0252400 seconds
191.885: [Full GC [PSYoungGen: 139264K->30906K(162304K)] [ParOldGen: 369818K->369818K(370176K)] 509082K->400724K(532480K) [PSPermGen: 13641K->13641K(21504K)], 0.0722260 secs] [Times: user=0.50 sys=0.00, real=0.07 secs] 
191.957: Total time for which application threads were stopped: 0.0729080 seconds, Stopping threads took: 0.0000650 seconds
191.983: Application time: 0.0251570 seconds
191.983: [Full GC [PSYoungGen: 139264K->30921K(162304K)] [ParOldGen: 369818K->369818K(370176K)] 509082K->400739K(532480K) [PSPermGen: 13641K->13641K(21504K)], 0.0732500 secs] [Times: user=0.51 sys=0.01, real=0.08 secs] 
192.057: Total time for which application threads were stopped: 0.0739560 seconds, Stopping threads took: 0.0000740 seconds
192.082: Application time: 0.0254440 seconds
192.083: [Full GC [PSYoungGen: 139264K->30938K(162304K)] [ParOldGen: 369818K->369818K(370176K)] 509082K->400757K(532480K) [PSPermGen: 13641K->13641K(21504K)], 0.0718690 secs] [Times: user=0.51 sys=0.00, real=0.08 secs] 
192.155: Total time for which application threads were stopped: 0.0725630 seconds, Stopping threads took: 0.0000650 seconds
192.181: Application time: 0.0260780 seconds
192.181: [Full GC [PSYoungGen: 139264K->31008K(162304K)] [ParOldGen: 369818K->369818K(370176K)] 509082K->400826K(532480K) [PSPermGen: 13641K->13641K(21504K)], 0.0716270 secs] [Times: user=0.50 sys=0.00, real=0.08 secs] 
192.253: Total time for which application threads were stopped: 0.0723540 seconds, Stopping threads took: 0.0000470 seconds
192.278: Application time: 0.0253700 seconds
192.279: [Full GC [PSYoungGen: 139264K->30900K(162304K)] [ParOldGen: 369818K->369818K(370176K)] 509082K->400718K(532480K) [PSPermGen: 13641K->13641K(21504K)], 0.0716650 secs] [Times: user=0.50 sys=0.00, real=0.07 secs] 
192.351: Total time for which application threads were stopped: 0.0723480 seconds, Stopping threads took: 0.0000770 seconds
192.376: Application time: 0.0256420 seconds
192.377: [Full GC [PSYoungGen: 139264K->30854K(162304K)] [ParOldGen: 369818K->369818K(370176K)] 509082K->400673K(532480K) [PSPermGen: 13641K->13641K(21504K)], 0.0722370 secs] [Times: user=0.51 sys=0.01, real=0.07 secs] 
192.449: Total time for which application threads were stopped: 0.0728690 seconds, Stopping threads took: 0.0000650 seconds
192.467: Application time: 0.0173360 seconds
192.467: Total time for which application threads were stopped: 0.0006210 seconds, Stopping threads took: 0.0000650 seconds
192.475: Application time: 0.0078430 seconds
192.476: [Full GC [PSYoungGen: 139264K->30802K(162304K)] [ParOldGen: 369818K->369818K(370176K)] 509082K->400620K(532480K) [PSPermGen: 13641K->13641K(21504K)], 0.0720540 secs] [Times: user=0.51 sys=0.00, real=0.07 secs] 
192.548: Total time for which application threads were stopped: 0.0727140 seconds, Stopping threads took: 0.0000490 seconds
192.573: Application time: 0.0251670 seconds
192.574: [Full GC [PSYoungGen: 139264K->30801K(162304K)] [ParOldGen: 369818K->369818K(370176K)] 509082K->400620K(532480K) [PSPermGen: 13641K->13641K(21504K)], 0.0717450 secs] [Times: user=0.51 sys=0.00, real=0.07 secs] 
192.645: Total time for which application threads were stopped: 0.0723580 seconds, Stopping threads took: 0.0000520 seconds
192.671: Application time: 0.0252000 seconds
192.671: [Full GC [PSYoungGen: 139264K->30818K(162304K)] [ParOldGen: 369818K->369818K(370176K)] 509082K->400636K(532480K) [PSPermGen: 13641K->13641K(21504K)], 0.0714150 secs] [Times: user=0.50 sys=0.00, real=0.07 secs] 
192.743: Total time for which application threads were stopped: 0.0721200 seconds, Stopping threads took: 0.0000640 seconds
192.768: Application time: 0.0253600 seconds
192.769: [Full GC [PSYoungGen: 139264K->30766K(162304K)] [ParOldGen: 369818K->369818K(370176K)] 509082K->400584K(532480K) [PSPermGen: 13641K->13641K(21504K)], 0.0719460 secs] [Times: user=0.51 sys=0.00, real=0.07 secs] 
192.841: Total time for which application threads were stopped: 0.0727160 seconds, Stopping threads took: 0.0000770 seconds
192.866: Application time: 0.0253730 seconds
192.867: [Full GC [PSYoungGen: 139264K->30779K(162304K)] [ParOldGen: 369818K->369818K(370176K)] 509082K->400597K(532480K) [PSPermGen: 13641K->13641K(21504K)], 0.0719210 secs] [Times: user=0.51 sys=0.00, real=0.07 secs] 
192.939: Total time for which application threads were stopped: 0.0725720 seconds, Stopping threads took: 0.0000850 seconds
192.965: Application time: 0.0263210 seconds
192.966: [Full GC [PSYoungGen: 139264K->30793K(162304K)] [ParOldGen: 369818K->369818K(370176K)] 509082K->400611K(532480K) [PSPermGen: 13641K->13641K(21504K)], 0.0715450 secs] [Times: user=0.51 sys=0.00, real=0.07 secs] 
193.037: Total time for which application threads were stopped: 0.0722640 seconds, Stopping threads took: 0.0000720 seconds
193.062: Application time: 0.0250470 seconds
193.063: [Full GC [PSYoungGen: 139264K->30809K(162304K)] [ParOldGen: 369818K->369818K(370176K)] 509082K->400628K(532480K) [PSPermGen: 13641K->13641K(21504K)], 0.0719300 secs] [Times: user=0.50 sys=0.00, real=0.08 secs] 
193.135: Total time for which application threads were stopped: 0.0726520 seconds, Stopping threads took: 0.0000870 seconds
193.160: Application time: 0.0254460 seconds
193.161: [Full GC [PSYoungGen: 139264K->30824K(162304K)] [ParOldGen: 369818K->369818K(370176K)] 509082K->400643K(532480K) [PSPermGen: 13641K->13641K(21504K)], 0.0713270 secs] [Times: user=0.51 sys=0.00, real=0.08 secs] 
193.232: Total time for which application threads were stopped: 0.0719950 seconds, Stopping threads took: 0.0000530 seconds
193.258: Application time: 0.0252290 seconds
193.258: [Full GC [PSYoungGen: 139264K->30841K(162304K)] [ParOldGen: 369818K->369818K(370176K)] 509082K->400660K(532480K) [PSPermGen: 13641K->13641K(21504K)], 0.0716030 secs] [Times: user=0.51 sys=0.00, real=0.07 secs] 
193.330: Total time for which application threads were stopped: 0.0723030 seconds, Stopping threads took: 0.0000570 seconds
193.355: Application time: 0.0250010 seconds
193.356: [Full GC [PSYoungGen: 139264K->30856K(162304K)] [ParOldGen: 369818K->369818K(370176K)] 509082K->400674K(532480K) [PSPermGen: 13641K->13641K(21504K)], 0.0720940 secs] [Times: user=0.50 sys=0.00, real=0.07 secs] 
193.428: Total time for which application threads were stopped: 0.0727460 seconds, Stopping threads took: 0.0000620 seconds
193.453: Application time: 0.0249640 seconds
193.453: [Full GC [PSYoungGen: 139264K->30868K(162304K)] [ParOldGen: 369818K->369818K(370176K)] 509082K->400687K(532480K) [PSPermGen: 13641K->13641K(21504K)], 0.0723890 secs] [Times: user=0.50 sys=0.00, real=0.07 secs] 
193.526: Total time for which application threads were stopped: 0.0730530 seconds, Stopping threads took: 0.0000890 seconds
193.551: Application time: 0.0253980 seconds
193.552: [Full GC [PSYoungGen: 139264K->30888K(162304K)] [ParOldGen: 369818K->369818K(370176K)] 509082K->400706K(532480K) [PSPermGen: 13641K->13641K(21504K)], 0.0747880 secs] [Times: user=0.52 sys=0.00, real=0.08 secs] 
193.627: Total time for which application threads were stopped: 0.0754520 seconds, Stopping threads took: 0.0000880 seconds
193.652: Application time: 0.0250460 seconds
193.652: [Full GC [PSYoungGen: 139264K->30904K(162304K)] [ParOldGen: 369818K->369818K(370176K)] 509082K->400723K(532480K) [PSPermGen: 13641K->13641K(21504K)], 0.0725760 secs] [Times: user=0.49 sys=0.01, real=0.08 secs] 
193.725: Total time for which application threads were stopped: 0.0732790 seconds, Stopping threads took: 0.0000630 seconds
193.750: Application time: 0.0255300 seconds
193.751: [Full GC [PSYoungGen: 139264K->30918K(162304K)] [ParOldGen: 369818K->369818K(370176K)] 509082K->400737K(532480K) [PSPermGen: 13641K->13641K(21504K)], 0.0719680 secs] [Times: user=0.51 sys=0.00, real=0.07 secs] 
193.823: Total time for which application threads were stopped: 0.0727220 seconds, Stopping threads took: 0.0001200 seconds
193.849: Application time: 0.0253410 seconds
193.849: [Full GC [PSYoungGen: 139264K->30934K(162304K)] [ParOldGen: 369818K->369818K(370176K)] 509082K->400752K(532480K) [PSPermGen: 13641K->13641K(21504K)], 0.0735430 secs] [Times: user=0.52 sys=0.00, real=0.07 secs] 
193.923: Total time for which application threads were stopped: 0.0741860 seconds, Stopping threads took: 0.0000680 seconds
193.949: Application time: 0.0259790 seconds
193.949: [Full GC [PSYoungGen: 139264K->30949K(162304K)] [ParOldGen: 369818K->369818K(370176K)] 509082K->400767K(532480K) [PSPermGen: 13641K->13641K(21504K)], 0.0722530 secs] [Times: user=0.51 sys=0.00, real=0.07 secs] 
194.022: Total time for which application threads were stopped: 0.0730130 seconds, Stopping threads took: 0.0000980 seconds
194.047: Application time: 0.0252440 seconds
194.048: [Full GC [PSYoungGen: 139264K->30963K(162304K)] [ParOldGen: 369818K->369818K(370176K)] 509082K->400781K(532480K) [PSPermGen: 13641K->13641K(21504K)], 0.0725010 secs] [Times: user=0.51 sys=0.00, real=0.07 secs] 
194.120: Total time for which application threads were stopped: 0.0732050 seconds, Stopping threads took: 0.0000580 seconds
194.146: Application time: 0.0253510 seconds
194.146: [Full GC [PSYoungGen: 139264K->30970K(162304K)] [ParOldGen: 369818K->369818K(370176K)] 509082K->400789K(532480K) [PSPermGen: 13641K->13641K(21504K)], 0.0718940 secs] [Times: user=0.50 sys=0.00, real=0.07 secs] 
194.218: Total time for which application threads were stopped: 0.0725650 seconds, Stopping threads took: 0.0000400 seconds
194.244: Application time: 0.0259600 seconds
194.245: [Full GC [PSYoungGen: 139264K->30872K(162304K)] [ParOldGen: 369818K->369818K(370176K)] 509082K->400690K(532480K) [PSPermGen: 13641K->13641K(21504K)], 0.0725040 secs] [Times: user=0.51 sys=0.00, real=0.07 secs] 
194.317: Total time for which application threads were stopped: 0.0732070 seconds, Stopping threads took: 0.0000650 seconds
194.342: Application time: 0.0250470 seconds
194.343: [Full GC [PSYoungGen: 139264K->30867K(162304K)] [ParOldGen: 369818K->369818K(370176K)] 509082K->400685K(532480K) [PSPermGen: 13641K->13641K(21504K)], 0.0720900 secs] [Times: user=0.50 sys=0.00, real=0.08 secs] 
194.415: Total time for which application threads were stopped: 0.0727850 seconds, Stopping threads took: 0.0000490 seconds
194.440: Application time: 0.0252590 seconds
194.441: [Full GC [PSYoungGen: 139264K->30886K(162304K)] [ParOldGen: 369818K->369818K(370176K)] 509082K->400704K(532480K) [PSPermGen: 13641K->13641K(21504K)], 0.0720100 secs] [Times: user=0.51 sys=0.00, real=0.08 secs] 
194.513: Total time for which application threads were stopped: 0.0727110 seconds, Stopping threads took: 0.0000820 seconds
194.539: Application time: 0.0255120 seconds
194.539: [Full GC [PSYoungGen: 139264K->30903K(162304K)] [ParOldGen: 369818K->369818K(370176K)] 509082K->400722K(532480K) [PSPermGen: 13641K->13641K(21504K)], 0.0721730 secs] [Times: user=0.51 sys=0.00, real=0.07 secs] 
194.612: Total time for which application threads were stopped: 0.0728850 seconds, Stopping threads took: 0.0000700 seconds
194.637: Application time: 0.0253430 seconds
194.637: [Full GC [PSYoungGen: 139264K->30916K(162304K)] [ParOldGen: 369818K->369818K(370176K)] 509082K->400735K(532480K) [PSPermGen: 13641K->13641K(21504K)], 0.0716760 secs] [Times: user=0.50 sys=0.00, real=0.07 secs] 
194.709: Total time for which application threads were stopped: 0.0723620 seconds, Stopping threads took: 0.0000730 seconds
194.735: Application time: 0.0258380 seconds
194.736: [Full GC [PSYoungGen: 139264K->30926K(162304K)] [ParOldGen: 369818K->369818K(370176K)] 509082K->400744K(532480K) [PSPermGen: 13641K->13641K(21504K)], 0.0717860 secs] [Times: user=0.50 sys=0.00, real=0.07 secs] 
194.807: Total time for which application threads were stopped: 0.0724400 seconds, Stopping threads took: 0.0000330 seconds
194.836: Application time: 0.0280790 seconds
194.836: [Full GC [PSYoungGen: 139264K->30824K(162304K)] [ParOldGen: 369818K->369818K(370176K)] 509082K->400642K(532480K) [PSPermGen: 13641K->13641K(21504K)], 0.0719090 secs] [Times: user=0.50 sys=0.00, real=0.07 secs] 
194.908: Total time for which application threads were stopped: 0.0726590 seconds, Stopping threads took: 0.0000930 seconds
194.933: Application time: 0.0251100 seconds
194.934: [Full GC [PSYoungGen: 139264K->30822K(162304K)] [ParOldGen: 369818K->369818K(370176K)] 509082K->400641K(532480K) [PSPermGen: 13641K->13641K(21504K)], 0.0725250 secs] [Times: user=0.51 sys=0.00, real=0.07 secs] 
195.007: Total time for which application threads were stopped: 0.0732230 seconds, Stopping threads took: 0.0000670 seconds
195.032: Application time: 0.0251490 seconds
195.032: [Full GC [PSYoungGen: 139264K->30839K(162304K)] [ParOldGen: 369818K->369818K(370176K)] 509082K->400657K(532480K) [PSPermGen: 13641K->13641K(21504K)], 0.0716230 secs] [Times: user=0.50 sys=0.01, real=0.06 secs] 
195.104: Total time for which application threads were stopped: 0.0723550 seconds, Stopping threads took: 0.0000880 seconds
195.129: Application time: 0.0252330 seconds
195.130: [Full GC [PSYoungGen: 139264K->30855K(162304K)] [ParOldGen: 369818K->369818K(370176K)] 509082K->400673K(532480K) [PSPermGen: 13641K->13641K(21504K)], 0.0723150 secs] [Times: user=0.50 sys=0.00, real=0.07 secs] 
195.202: Total time for which application threads were stopped: 0.0729610 seconds, Stopping threads took: 0.0000510 seconds
195.228: Application time: 0.0253290 seconds
195.228: [Full GC [PSYoungGen: 139264K->30869K(162304K)] [ParOldGen: 369818K->369818K(370176K)] 509082K->400687K(532480K) [PSPermGen: 13641K->13641K(21504K)], 0.0717330 secs] [Times: user=0.50 sys=0.01, real=0.07 secs] 
195.300: Total time for which application threads were stopped: 0.0724150 seconds, Stopping threads took: 0.0000640 seconds
195.325: Application time: 0.0252860 seconds
195.326: [Full GC [PSYoungGen: 139264K->30883K(162304K)] [ParOldGen: 369818K->369818K(370176K)] 509082K->400701K(532480K) [PSPermGen: 13641K->13641K(21504K)], 0.0716610 secs] [Times: user=0.50 sys=0.00, real=0.07 secs] 
195.398: Total time for which application threads were stopped: 0.0723540 seconds, Stopping threads took: 0.0000580 seconds
195.423: Application time: 0.0251610 seconds
195.423: [Full GC [PSYoungGen: 139264K->30901K(162304K)] [ParOldGen: 369818K->369818K(370176K)] 509082K->400720K(532480K) [PSPermGen: 13641K->13641K(21504K)], 0.0714730 secs] [Times: user=0.50 sys=0.00, real=0.08 secs] 
195.495: Total time for which application threads were stopped: 0.0721470 seconds, Stopping threads took: 0.0000460 seconds
195.520: Application time: 0.0249980 seconds
195.521: [Full GC [PSYoungGen: 139264K->30917K(162304K)] [ParOldGen: 369818K->369818K(370176K)] 509082K->400736K(532480K) [PSPermGen: 13641K->13641K(21504K)], 0.0718450 secs] [Times: user=0.51 sys=0.00, real=0.08 secs] 
195.592: Total time for which application threads were stopped: 0.0724830 seconds, Stopping threads took: 0.0000600 seconds
195.618: Application time: 0.0253850 seconds
195.618: [Full GC [PSYoungGen: 139264K->30933K(162304K)] [ParOldGen: 369818K->369818K(370176K)] 509082K->400752K(532480K) [PSPermGen: 13641K->13641K(21504K)], 0.0727230 secs] [Times: user=0.51 sys=0.00, real=0.07 secs] 
195.691: Total time for which application threads were stopped: 0.0734150 seconds, Stopping threads took: 0.0000560 seconds
195.716: Application time: 0.0252000 seconds
195.717: [Full GC [PSYoungGen: 139264K->30947K(162304K)] [ParOldGen: 369818K->369818K(370176K)] 509082K->400765K(532480K) [PSPermGen: 13641K->13641K(21504K)], 0.0717470 secs] [Times: user=0.51 sys=0.00, real=0.07 secs] 
195.789: Total time for which application threads were stopped: 0.0724490 seconds, Stopping threads took: 0.0000510 seconds
195.815: Application time: 0.0257530 seconds
195.815: [Full GC [PSYoungGen: 139264K->30908K(162304K)] [ParOldGen: 369818K->369818K(370176K)] 509082K->400726K(532480K) [PSPermGen: 13641K->13641K(21504K)], 0.0720600 secs] [Times: user=0.51 sys=0.00, real=0.07 secs] 
195.887: Total time for which application threads were stopped: 0.0727800 seconds, Stopping threads took: 0.0000700 seconds
195.912: Application time: 0.0249450 seconds
195.913: [Full GC [PSYoungGen: 139264K->30908K(162304K)] [ParOldGen: 369818K->369818K(370176K)] 509082K->400726K(532480K) [PSPermGen: 13641K->13641K(21504K)], 0.0725390 secs] [Times: user=0.50 sys=0.00, real=0.07 secs] 
195.986: Total time for which application threads were stopped: 0.0731750 seconds, Stopping threads took: 0.0000640 seconds
196.011: Application time: 0.0257710 seconds
196.012: [Full GC [PSYoungGen: 139264K->30814K(162304K)] [ParOldGen: 369818K->369818K(370176K)] 509082K->400633K(532480K) [PSPermGen: 13641K->13641K(21504K)], 0.0717170 secs] [Times: user=0.50 sys=0.00, real=0.07 secs] 
196.084: Total time for which application threads were stopped: 0.0724190 seconds, Stopping threads took: 0.0000570 seconds
196.109: Application time: 0.0250580 seconds
196.109: [Full GC [PSYoungGen: 139264K->30798K(162304K)] [ParOldGen: 369818K->369818K(370176K)] 509082K->400617K(532480K) [PSPermGen: 13641K->13641K(21504K)], 0.0717160 secs] [Times: user=0.50 sys=0.00, real=0.07 secs] 
196.181: Total time for which application threads were stopped: 0.0723890 seconds, Stopping threads took: 0.0000460 seconds
196.206: Application time: 0.0251180 seconds
196.207: [Full GC [PSYoungGen: 139264K->30814K(162304K)] [ParOldGen: 369818K->369818K(370176K)] 509082K->400633K(532480K) [PSPermGen: 13641K->13641K(21504K)], 0.0717050 secs] [Times: user=0.51 sys=0.00, real=0.07 secs] 
196.279: Total time for which application threads were stopped: 0.0723950 seconds, Stopping threads took: 0.0000510 seconds
196.304: Application time: 0.0250090 seconds
196.304: [Full GC [PSYoungGen: 139264K->30829K(162304K)] [ParOldGen: 369818K->369818K(370176K)] 509082K->400647K(532480K) [PSPermGen: 13641K->13641K(21504K)], 0.0719000 secs] [Times: user=0.50 sys=0.00, real=0.07 secs] 
196.376: Total time for which application threads were stopped: 0.0726340 seconds, Stopping threads took: 0.0000670 seconds
196.401: Application time: 0.0249980 seconds
196.402: [Full GC [PSYoungGen: 139264K->30845K(162304K)] [ParOldGen: 369818K->369818K(370176K)] 509082K->400664K(532480K) [PSPermGen: 13641K->13641K(21504K)], 0.0719670 secs] [Times: user=0.51 sys=0.00, real=0.08 secs] 
196.474: Total time for which application threads were stopped: 0.0725680 seconds, Stopping threads took: 0.0000440 seconds
196.499: Application time: 0.0250210 seconds
196.500: [Full GC [PSYoungGen: 139264K->30861K(162304K)] [ParOldGen: 369818K->369818K(370176K)] 509082K->400680K(532480K) [PSPermGen: 13641K->13641K(21504K)], 0.0723070 secs] [Times: user=0.51 sys=0.00, real=0.07 secs] 
196.572: Total time for which application threads were stopped: 0.0730100 seconds, Stopping threads took: 0.0000670 seconds
196.597: Application time: 0.0253090 seconds
196.598: [Full GC [PSYoungGen: 139264K->30819K(162304K)] [ParOldGen: 369818K->369818K(370176K)] 509082K->400638K(532480K) [PSPermGen: 13641K->13641K(21504K)], 0.0717770 secs] [Times: user=0.50 sys=0.00, real=0.07 secs] 
196.670: Total time for which application threads were stopped: 0.0724650 seconds, Stopping threads took: 0.0000580 seconds
196.694: Application time: 0.0246890 seconds
196.695: [Full GC [PSYoungGen: 139264K->30820K(162304K)] [ParOldGen: 369818K->369818K(370176K)] 509082K->400638K(532480K) [PSPermGen: 13641K->13641K(21504K)], 0.0717450 secs] [Times: user=0.50 sys=0.00, real=0.07 secs] 
196.767: Total time for which application threads were stopped: 0.0724210 seconds, Stopping threads took: 0.0000490 seconds
196.792: Application time: 0.0249430 seconds
196.792: [Full GC [PSYoungGen: 139264K->30835K(162304K)] [ParOldGen: 369818K->369818K(370176K)] 509082K->400654K(532480K) [PSPermGen: 13641K->13641K(21504K)], 0.0722550 secs] [Times: user=0.51 sys=0.00, real=0.07 secs] 
196.865: Total time for which application threads were stopped: 0.0728760 seconds, Stopping threads took: 0.0000570 seconds
196.890: Application time: 0.0250030 seconds
196.890: [Full GC [PSYoungGen: 139264K->30851K(162304K)] [ParOldGen: 369818K->369818K(370176K)] 509082K->400670K(532480K) [PSPermGen: 13641K->13641K(21504K)], 0.0734050 secs] [Times: user=0.51 sys=0.00, real=0.07 secs] 
196.964: Total time for which application threads were stopped: 0.0741370 seconds, Stopping threads took: 0.0000510 seconds
196.989: Application time: 0.0249250 seconds
196.989: [Full GC [PSYoungGen: 139264K->30866K(162304K)] [ParOldGen: 369818K->369818K(370176K)] 509082K->400684K(532480K) [PSPermGen: 13641K->13641K(21504K)], 0.0720790 secs] [Times: user=0.51 sys=0.00, real=0.07 secs] 
197.062: Total time for which application threads were stopped: 0.0726940 seconds, Stopping threads took: 0.0000410 seconds
197.086: Application time: 0.0247570 seconds
197.087: [Full GC [PSYoungGen: 139264K->30884K(162304K)] [ParOldGen: 369818K->369818K(370176K)] 509082K->400702K(532480K) [PSPermGen: 13641K->13641K(21504K)], 0.0724370 secs] [Times: user=0.51 sys=0.01, real=0.07 secs] 
197.159: Total time for which application threads were stopped: 0.0730640 seconds, Stopping threads took: 0.0000570 seconds
197.184: Application time: 0.0251180 seconds
197.185: [Full GC [PSYoungGen: 139264K->30898K(162304K)] [ParOldGen: 369818K->369818K(370176K)] 509082K->400716K(532480K) [PSPermGen: 13641K->13641K(21504K)], 0.0720800 secs] [Times: user=0.50 sys=0.00, real=0.07 secs] 
197.257: Total time for which application threads were stopped: 0.0727030 seconds, Stopping threads took: 0.0000600 seconds
197.282: Application time: 0.0251390 seconds
197.283: [Full GC [PSYoungGen: 139264K->30914K(162304K)] [ParOldGen: 369818K->369818K(370176K)] 509082K->400732K(532480K) [PSPermGen: 13641K->13641K(21504K)], 0.0718330 secs] [Times: user=0.51 sys=0.00, real=0.08 secs] 
197.355: Total time for which application threads were stopped: 0.0725420 seconds, Stopping threads took: 0.0000710 seconds
197.380: Application time: 0.0251200 seconds
197.381: [Full GC [PSYoungGen: 139264K->30928K(162304K)] [ParOldGen: 369818K->369818K(370176K)] 509082K->400746K(532480K) [PSPermGen: 13641K->13641K(21504K)], 0.0720860 secs] [Times: user=0.51 sys=0.00, real=0.08 secs] 
197.453: Total time for which application threads were stopped: 0.0727890 seconds, Stopping threads took: 0.0000540 seconds
197.478: Application time: 0.0249870 seconds
197.478: [Full GC [PSYoungGen: 139264K->30946K(162304K)] [ParOldGen: 369818K->369818K(370176K)] 509082K->400764K(532480K) [PSPermGen: 13641K->13641K(21504K)], 0.0718100 secs] [Times: user=0.50 sys=0.00, real=0.07 secs] 
197.550: Total time for which application threads were stopped: 0.0725350 seconds, Stopping threads took: 0.0000500 seconds
197.575: Application time: 0.0247580 seconds
197.576: [Full GC [PSYoungGen: 139264K->30959K(162304K)] [ParOldGen: 369818K->369818K(370176K)] 509082K->400778K(532480K) [PSPermGen: 13641K->13641K(21504K)], 0.0723540 secs] [Times: user=0.51 sys=0.00, real=0.07 secs] 
197.648: Total time for which application threads were stopped: 0.0729990 seconds, Stopping threads took: 0.0000660 seconds
197.669: Application time: 0.0208730 seconds
197.670: Total time for which application threads were stopped: 0.0005550 seconds, Stopping threads took: 0.0000570 seconds
197.674: Application time: 0.0049460 seconds
197.675: [Full GC [PSYoungGen: 139264K->30874K(162304K)] [ParOldGen: 369818K->369818K(370176K)] 509082K->400693K(532480K) [PSPermGen: 13641K->13641K(21504K)], 0.0720080 secs] [Times: user=0.51 sys=0.00, real=0.07 secs] 
197.747: Total time for which application threads were stopped: 0.0726420 seconds, Stopping threads took: 0.0000620 seconds
197.773: Application time: 0.0254640 seconds
197.773: [Full GC [PSYoungGen: 139264K->30852K(162304K)] [ParOldGen: 369818K->369818K(370176K)] 509082K->400671K(532480K) [PSPermGen: 13641K->13641K(21504K)], 0.0721090 secs] [Times: user=0.50 sys=0.01, real=0.07 secs] 
197.845: Total time for which application threads were stopped: 0.0728030 seconds, Stopping threads took: 0.0000720 seconds
197.870: Application time: 0.0249020 seconds
197.871: [Full GC [PSYoungGen: 139264K->30867K(162304K)] [ParOldGen: 369818K->369818K(370176K)] 509082K->400685K(532480K) [PSPermGen: 13641K->13641K(21504K)], 0.0728650 secs] [Times: user=0.51 sys=0.00, real=0.07 secs] 
197.944: Total time for which application threads were stopped: 0.0735470 seconds, Stopping threads took: 0.0000580 seconds
197.969: Application time: 0.0252720 seconds
197.970: [Full GC [PSYoungGen: 139264K->30883K(162304K)] [ParOldGen: 369818K->369818K(370176K)] 509082K->400701K(532480K) [PSPermGen: 13641K->13641K(21504K)], 0.0715520 secs] [Times: user=0.50 sys=0.00, real=0.07 secs] 
198.041: Total time for which application threads were stopped: 0.0722410 seconds, Stopping threads took: 0.0000470 seconds
198.066: Application time: 0.0249170 seconds
198.067: [Full GC [PSYoungGen: 139264K->30895K(162304K)] [ParOldGen: 369818K->369818K(370176K)] 509082K->400714K(532480K) [PSPermGen: 13641K->13641K(21504K)], 0.0718160 secs] [Times: user=0.51 sys=0.00, real=0.07 secs] 
198.139: Total time for which application threads were stopped: 0.0725340 seconds, Stopping threads took: 0.0000660 seconds
198.164: Application time: 0.0247710 seconds
198.164: [Full GC [PSYoungGen: 139264K->30915K(162304K)] [ParOldGen: 369818K->369818K(370176K)] 509082K->400733K(532480K) [PSPermGen: 13641K->13641K(21504K)], 0.0718480 secs] [Times: user=0.51 sys=0.00, real=0.08 secs] 
198.236: Total time for which application threads were stopped: 0.0725310 seconds, Stopping threads took: 0.0000550 seconds
198.262: Application time: 0.0257490 seconds
198.263: [Full GC [PSYoungGen: 139264K->30819K(162304K)] [ParOldGen: 369818K->369818K(370176K)] 509082K->400637K(532480K) [PSPermGen: 13645K->13645K(21504K)], 0.0720920 secs] [Times: user=0.51 sys=0.00, real=0.08 secs] 
198.335: Total time for which application threads were stopped: 0.0728080 seconds, Stopping threads took: 0.0000760 seconds
198.360: Application time: 0.0250770 seconds
198.360: [Full GC [PSYoungGen: 139264K->30803K(162304K)] [ParOldGen: 369818K->369818K(370176K)] 509082K->400621K(532480K) [PSPermGen: 13645K->13645K(21504K)], 0.0717580 secs] [Times: user=0.51 sys=0.01, real=0.07 secs] 
198.432: Total time for which application threads were stopped: 0.0724490 seconds, Stopping threads took: 0.0000510 seconds
198.457: Application time: 0.0252100 seconds
198.458: [Full GC [PSYoungGen: 139264K->30816K(162304K)] [ParOldGen: 369818K->369818K(370176K)] 509082K->400634K(532480K) [PSPermGen: 13645K->13645K(21504K)], 0.0719390 secs] [Times: user=0.51 sys=0.00, real=0.07 secs] 
198.530: Total time for which application threads were stopped: 0.0725550 seconds, Stopping threads took: 0.0000510 seconds
198.555: Application time: 0.0254900 seconds
198.556: [Full GC [PSYoungGen: 139264K->30834K(162304K)] [ParOldGen: 369818K->369818K(370176K)] 509082K->400652K(532480K) [PSPermGen: 13645K->13645K(21504K)], 0.0717340 secs] [Times: user=0.50 sys=0.00, real=0.07 secs] 
198.628: Total time for which application threads were stopped: 0.0724310 seconds, Stopping threads took: 0.0000610 seconds
198.653: Application time: 0.0254180 seconds
198.654: [Full GC [PSYoungGen: 139264K->30849K(162304K)] [ParOldGen: 369818K->369818K(370176K)] 509082K->400668K(532480K) [PSPermGen: 13645K->13645K(21504K)], 0.0715040 secs] [Times: user=0.50 sys=0.00, real=0.07 secs] 
198.726: Total time for which application threads were stopped: 0.0722120 seconds, Stopping threads took: 0.0000610 seconds
198.751: Application time: 0.0253720 seconds
198.752: [Full GC [PSYoungGen: 139264K->30865K(162304K)] [ParOldGen: 369818K->369818K(370176K)] 509082K->400684K(532480K) [PSPermGen: 13645K->13645K(21504K)], 0.0717660 secs] [Times: user=0.50 sys=0.00, real=0.07 secs] 
198.823: Total time for which application threads were stopped: 0.0724860 seconds, Stopping threads took: 0.0000800 seconds
198.849: Application time: 0.0253700 seconds
198.849: [Full GC [PSYoungGen: 139264K->30880K(162304K)] [ParOldGen: 369818K->369818K(370176K)] 509082K->400698K(532480K) [PSPermGen: 13645K->13645K(21504K)], 0.0722060 secs] [Times: user=0.51 sys=0.00, real=0.07 secs] 
198.922: Total time for which application threads were stopped: 0.0729390 seconds, Stopping threads took: 0.0001010 seconds
198.948: Application time: 0.0267370 seconds
198.949: [Full GC [PSYoungGen: 139264K->30895K(162304K)] [ParOldGen: 369818K->369818K(370176K)] 509082K->400714K(532480K) [PSPermGen: 13645K->13645K(21504K)], 0.0718190 secs] [Times: user=0.51 sys=0.00, real=0.07 secs] 
199.021: Total time for which application threads were stopped: 0.0724800 seconds, Stopping threads took: 0.0000580 seconds
199.046: Application time: 0.0254630 seconds
199.047: [Full GC [PSYoungGen: 139264K->30913K(162304K)] [ParOldGen: 369818K->369818K(370176K)] 509082K->400731K(532480K) [PSPermGen: 13645K->13645K(21504K)], 0.0729080 secs] [Times: user=0.51 sys=0.00, real=0.07 secs] 
199.120: Total time for which application threads were stopped: 0.0735400 seconds, Stopping threads took: 0.0000640 seconds
199.145: Application time: 0.0254770 seconds
199.146: [Full GC [PSYoungGen: 139264K->30929K(162304K)] [ParOldGen: 369818K->369818K(370176K)] 509082K->400748K(532480K) [PSPermGen: 13645K->13645K(21504K)], 0.0721520 secs] [Times: user=0.51 sys=0.00, real=0.07 secs] 
199.218: Total time for which application threads were stopped: 0.0727910 seconds, Stopping threads took: 0.0000680 seconds
199.244: Application time: 0.0253100 seconds
199.244: [Full GC [PSYoungGen: 139264K->30942K(162304K)] [ParOldGen: 369818K->369818K(370176K)] 509082K->400761K(532480K) [PSPermGen: 13645K->13645K(21504K)], 0.0713870 secs] [Times: user=0.50 sys=0.00, real=0.08 secs] 
199.316: Total time for which application threads were stopped: 0.0720330 seconds, Stopping threads took: 0.0000530 seconds
199.341: Application time: 0.0255520 seconds
199.342: [Full GC [PSYoungGen: 139264K->30959K(162304K)] [ParOldGen: 369818K->369818K(370176K)] 509082K->400777K(532480K) [PSPermGen: 13645K->13645K(21504K)], 0.0715390 secs] [Times: user=0.51 sys=0.00, real=0.08 secs] 
199.413: Total time for which application threads were stopped: 0.0722290 seconds, Stopping threads took: 0.0000590 seconds
199.439: Application time: 0.0260700 seconds
199.440: [Full GC [PSYoungGen: 139264K->30918K(162304K)] [ParOldGen: 369818K->369818K(370176K)] 509082K->400737K(532480K) [PSPermGen: 13645K->13645K(21504K)], 0.0717200 secs] [Times: user=0.51 sys=0.00, real=0.07 secs] 
199.512: Total time for which application threads were stopped: 0.0724230 seconds, Stopping threads took: 0.0000660 seconds
199.537: Application time: 0.0254490 seconds
199.538: [Full GC [PSYoungGen: 139264K->30916K(162304K)] [ParOldGen: 369818K->369818K(370176K)] 509082K->400735K(532480K) [PSPermGen: 13645K->13645K(21504K)], 0.0723540 secs] [Times: user=0.50 sys=0.00, real=0.07 secs] 
199.610: Total time for which application threads were stopped: 0.0730330 seconds, Stopping threads took: 0.0001150 seconds
199.636: Application time: 0.0256380 seconds
199.637: [Full GC [PSYoungGen: 139264K->30869K(162304K)] [ParOldGen: 369818K->369818K(370176K)] 509082K->400687K(532480K) [PSPermGen: 13645K->13645K(21504K)], 0.0718070 secs] [Times: user=0.50 sys=0.00, real=0.07 secs] 
199.709: Total time for which application threads were stopped: 0.0725270 seconds, Stopping threads took: 0.0000780 seconds
199.734: Application time: 0.0256660 seconds
199.735: [Full GC [PSYoungGen: 139264K->30812K(162304K)] [ParOldGen: 369818K->369818K(370176K)] 509082K->400630K(532480K) [PSPermGen: 13645K->13645K(21504K)], 0.0718140 secs] [Times: user=0.50 sys=0.00, real=0.07 secs] 
199.807: Total time for which application threads were stopped: 0.0725150 seconds, Stopping threads took: 0.0000750 seconds
199.832: Application time: 0.0254440 seconds
199.833: [Full GC [PSYoungGen: 139264K->30827K(162304K)] [ParOldGen: 369818K->369818K(370176K)] 509082K->400645K(532480K) [PSPermGen: 13645K->13645K(21504K)], 0.0718900 secs] [Times: user=0.50 sys=0.00, real=0.07 secs] 
199.905: Total time for which application threads were stopped: 0.0726090 seconds, Stopping threads took: 0.0000540 seconds
199.930: Application time: 0.0252220 seconds
199.931: [Full GC [PSYoungGen: 139264K->30840K(162304K)] [ParOldGen: 369818K->369818K(370176K)] 509082K->400659K(532480K) [PSPermGen: 13645K->13645K(21504K)], 0.0720460 secs] [Times: user=0.50 sys=0.00, real=0.07 secs] 
200.003: Total time for which application threads were stopped: 0.0727160 seconds, Stopping threads took: 0.0000900 seconds
200.028: Application time: 0.0251070 seconds
200.028: [Full GC [PSYoungGen: 139264K->30855K(162304K)] [ParOldGen: 369818K->369818K(370176K)] 509082K->400673K(532480K) [PSPermGen: 13645K->13645K(21504K)], 0.0720240 secs] [Times: user=0.51 sys=0.00, real=0.07 secs] 
200.101: Total time for which application threads were stopped: 0.0727550 seconds, Stopping threads took: 0.0000780 seconds
200.126: Application time: 0.0253510 seconds
200.127: [Full GC [PSYoungGen: 139264K->30871K(162304K)] [ParOldGen: 369818K->369818K(370176K)] 509082K->400689K(532480K) [PSPermGen: 13645K->13645K(21504K)], 0.0717590 secs] [Times: user=0.50 sys=0.01, real=0.07 secs] 
200.198: Total time for which application threads were stopped: 0.0724660 seconds, Stopping threads took: 0.0000680 seconds
200.224: Application time: 0.0253410 seconds
200.224: [Full GC [PSYoungGen: 139264K->30881K(162304K)] [ParOldGen: 369818K->369818K(370176K)] 509082K->400700K(532480K) [PSPermGen: 13645K->13645K(21504K)], 0.0718350 secs] [Times: user=0.50 sys=0.00, real=0.07 secs] 
200.296: Total time for which application threads were stopped: 0.0725540 seconds, Stopping threads took: 0.0000530 seconds
200.322: Application time: 0.0254040 seconds
200.322: [Full GC [PSYoungGen: 139264K->30833K(162304K)] [ParOldGen: 369818K->369818K(370176K)] 509082K->400652K(532480K) [PSPermGen: 13645K->13645K(21504K)], 0.0731730 secs] [Times: user=0.51 sys=0.01, real=0.08 secs] 
200.396: Total time for which application threads were stopped: 0.0738120 seconds, Stopping threads took: 0.0000610 seconds
200.421: Application time: 0.0251940 seconds
200.421: [Full GC [PSYoungGen: 139264K->30847K(162304K)] [ParOldGen: 369818K->369818K(370176K)] 509082K->400665K(532480K) [PSPermGen: 13645K->13645K(21504K)], 0.0718670 secs] [Times: user=0.50 sys=0.01, real=0.08 secs] 
200.493: Total time for which application threads were stopped: 0.0726000 seconds, Stopping threads took: 0.0000710 seconds
200.518: Application time: 0.0249380 seconds
200.519: [Full GC [PSYoungGen: 139264K->30864K(162304K)] [ParOldGen: 369818K->369818K(370176K)] 509082K->400682K(532480K) [PSPermGen: 13645K->13645K(21504K)], 0.0738600 secs] [Times: user=0.52 sys=0.00, real=0.08 secs] 
200.593: Total time for which application threads were stopped: 0.0744810 seconds, Stopping threads took: 0.0000510 seconds
200.618: Application time: 0.0251960 seconds
200.619: [Full GC [PSYoungGen: 139264K->30879K(162304K)] [ParOldGen: 369818K->369818K(370176K)] 509082K->400697K(532480K) [PSPermGen: 13645K->13645K(21504K)], 0.0716800 secs] [Times: user=0.50 sys=0.00, real=0.07 secs] 
200.690: Total time for which application threads were stopped: 0.0723200 seconds, Stopping threads took: 0.0000710 seconds
200.715: Application time: 0.0251420 seconds
200.716: [Full GC [PSYoungGen: 139264K->30892K(162304K)] [ParOldGen: 369818K->369818K(370176K)] 509082K->400711K(532480K) [PSPermGen: 13645K->13645K(21504K)], 0.0722150 secs] [Times: user=0.51 sys=0.00, real=0.07 secs] 
200.788: Total time for which application threads were stopped: 0.0729300 seconds, Stopping threads took: 0.0000690 seconds
200.814: Application time: 0.0258380 seconds
200.815: [Full GC [PSYoungGen: 139264K->30909K(162304K)] [ParOldGen: 369818K->369818K(370176K)] 509082K->400728K(532480K) [PSPermGen: 13645K->13645K(21504K)], 0.0722830 secs] [Times: user=0.51 sys=0.00, real=0.07 secs] 
200.887: Total time for which application threads were stopped: 0.0729680 seconds, Stopping threads took: 0.0000570 seconds
200.913: Application time: 0.0254100 seconds
200.913: [Full GC [PSYoungGen: 139264K->30925K(162304K)] [ParOldGen: 369818K->369818K(370176K)] 509082K->400744K(532480K) [PSPermGen: 13645K->13645K(21504K)], 0.0725620 secs] [Times: user=0.51 sys=0.00, real=0.07 secs] 
200.986: Total time for which application threads were stopped: 0.0732140 seconds, Stopping threads took: 0.0000810 seconds
201.011: Application time: 0.0254190 seconds
201.012: [Full GC [PSYoungGen: 139264K->30939K(162304K)] [ParOldGen: 369818K->369818K(370176K)] 509082K->400758K(532480K) [PSPermGen: 13645K->13645K(21504K)], 0.0716090 secs] [Times: user=0.50 sys=0.00, real=0.07 secs] 
201.084: Total time for which application threads were stopped: 0.0723340 seconds, Stopping threads took: 0.0000600 seconds
201.109: Application time: 0.0254380 seconds
201.110: [Full GC [PSYoungGen: 139264K->30951K(162304K)] [ParOldGen: 369818K->369818K(370176K)] 509082K->400770K(532480K) [PSPermGen: 13645K->13645K(21504K)], 0.0718730 secs] [Times: user=0.51 sys=0.00, real=0.07 secs] 
201.182: Total time for which application threads were stopped: 0.0725140 seconds, Stopping threads took: 0.0000590 seconds
201.208: Application time: 0.0261030 seconds
201.208: [Full GC [PSYoungGen: 139264K->30848K(162304K)] [ParOldGen: 369818K->369818K(370176K)] 509082K->400666K(532480K) [PSPermGen: 13645K->13645K(21504K)], 0.0721370 secs] [Times: user=0.50 sys=0.01, real=0.07 secs] 
201.280: Total time for which application threads were stopped: 0.0727760 seconds, Stopping threads took: 0.0000610 seconds
201.306: Application time: 0.0251790 seconds
201.306: [Full GC [PSYoungGen: 139264K->30846K(162304K)] [ParOldGen: 369818K->369818K(370176K)] 509082K->400664K(532480K) [PSPermGen: 13645K->13645K(21504K)], 0.0716170 secs] [Times: user=0.50 sys=0.00, real=0.07 secs] 
201.378: Total time for which application threads were stopped: 0.0722470 seconds, Stopping threads took: 0.0000610 seconds
201.403: Application time: 0.0249550 seconds
201.403: [Full GC [PSYoungGen: 139264K->30862K(162304K)] [ParOldGen: 369818K->369818K(370176K)] 509082K->400680K(532480K) [PSPermGen: 13645K->13645K(21504K)], 0.0714900 secs] [Times: user=0.50 sys=0.01, real=0.08 secs] 
201.475: Total time for which application threads were stopped: 0.0721740 seconds, Stopping threads took: 0.0000640 seconds
201.500: Application time: 0.0250730 seconds
201.501: [Full GC [PSYoungGen: 139264K->30877K(162304K)] [ParOldGen: 369818K->369818K(370176K)] 509082K->400696K(532480K) [PSPermGen: 13645K->13645K(21504K)], 0.0749690 secs] [Times: user=0.53 sys=0.00, real=0.08 secs] 
201.576: Total time for which application threads were stopped: 0.0756970 seconds, Stopping threads took: 0.0000790 seconds
201.601: Application time: 0.0253620 seconds
201.602: [Full GC [PSYoungGen: 139264K->30833K(162304K)] [ParOldGen: 369818K->369818K(370176K)] 509082K->400651K(532480K) [PSPermGen: 13645K->13645K(21504K)], 0.0717980 secs] [Times: user=0.51 sys=0.00, real=0.08 secs] 
201.674: Total time for which application threads were stopped: 0.0725020 seconds, Stopping threads took: 0.0000570 seconds
201.699: Application time: 0.0251700 seconds
201.699: [Full GC [PSYoungGen: 139264K->30838K(162304K)] [ParOldGen: 369818K->369818K(370176K)] 509082K->400656K(532480K) [PSPermGen: 13645K->13645K(21504K)], 0.0716190 secs] [Times: user=0.50 sys=0.00, real=0.07 secs] 
201.771: Total time for which application threads were stopped: 0.0722950 seconds, Stopping threads took: 0.0000420 seconds
201.796: Application time: 0.0253480 seconds
201.797: [Full GC [PSYoungGen: 139264K->30799K(162304K)] [ParOldGen: 369818K->369818K(370176K)] 509082K->400617K(532480K) [PSPermGen: 13645K->13645K(21504K)], 0.0716650 secs] [Times: user=0.50 sys=0.00, real=0.07 secs] 
201.869: Total time for which application threads were stopped: 0.0723390 seconds, Stopping threads took: 0.0000510 seconds
201.894: Application time: 0.0252050 seconds
201.895: [Full GC [PSYoungGen: 139264K->30799K(162304K)] [ParOldGen: 369818K->369818K(370176K)] 509082K->400617K(532480K) [PSPermGen: 13645K->13645K(21504K)], 0.0733080 secs] [Times: user=0.50 sys=0.00, real=0.07 secs] 
201.968: Total time for which application threads were stopped: 0.0740010 seconds, Stopping threads took: 0.0000520 seconds
201.993: Application time: 0.0254710 seconds
201.994: [Full GC [PSYoungGen: 139264K->30815K(162304K)] [ParOldGen: 369818K->369818K(370176K)] 509082K->400634K(532480K) [PSPermGen: 13645K->13645K(21504K)], 0.0717470 secs] [Times: user=0.50 sys=0.00, real=0.07 secs] 
202.066: Total time for which application threads were stopped: 0.0724140 seconds, Stopping threads took: 0.0000880 seconds
202.091: Application time: 0.0254460 seconds
202.092: [Full GC [PSYoungGen: 139264K->30828K(162304K)] [ParOldGen: 369818K->369818K(370176K)] 509082K->400646K(532480K) [PSPermGen: 13645K->13645K(21504K)], 0.0722760 secs] [Times: user=0.51 sys=0.00, real=0.07 secs] 
202.164: Total time for which application threads were stopped: 0.0729840 seconds, Stopping threads took: 0.0000900 seconds
202.190: Application time: 0.0254320 seconds
202.190: [Full GC [PSYoungGen: 139264K->30846K(162304K)] [ParOldGen: 369818K->369818K(370176K)] 509082K->400664K(532480K) [PSPermGen: 13645K->13645K(21504K)], 0.0718430 secs] [Times: user=0.51 sys=0.00, real=0.07 secs] 
202.262: Total time for which application threads were stopped: 0.0725010 seconds, Stopping threads took: 0.0000650 seconds
202.288: Application time: 0.0255070 seconds
202.288: [Full GC [PSYoungGen: 139264K->30860K(162304K)] [ParOldGen: 369818K->369818K(370176K)] 509082K->400678K(532480K) [PSPermGen: 13645K->13645K(21504K)], 0.0718260 secs] [Times: user=0.50 sys=0.01, real=0.07 secs] 
202.360: Total time for which application threads were stopped: 0.0725050 seconds, Stopping threads took: 0.0000610 seconds
202.386: Application time: 0.0254030 seconds
202.386: [Full GC [PSYoungGen: 139264K->30876K(162304K)] [ParOldGen: 369818K->369818K(370176K)] 509082K->400695K(532480K) [PSPermGen: 13645K->13645K(21504K)], 0.0716660 secs] [Times: user=0.50 sys=0.00, real=0.07 secs] 
202.458: Total time for which application threads were stopped: 0.0723670 seconds, Stopping threads took: 0.0000740 seconds
202.484: Application time: 0.0255830 seconds
202.484: [Full GC [PSYoungGen: 139264K->30891K(162304K)] [ParOldGen: 369818K->369818K(370176K)] 509082K->400710K(532480K) [PSPermGen: 13645K->13645K(21504K)], 0.0722630 secs] [Times: user=0.50 sys=0.00, real=0.08 secs] 
202.557: Total time for which application threads were stopped: 0.0729450 seconds, Stopping threads took: 0.0000580 seconds
202.582: Application time: 0.0256340 seconds
202.583: [Full GC [PSYoungGen: 139264K->30908K(162304K)] [ParOldGen: 369818K->369818K(370176K)] 509082K->400726K(532480K) [PSPermGen: 13645K->13645K(21504K)], 0.0716170 secs] [Times: user=0.50 sys=0.01, real=0.08 secs] 
202.655: Total time for which application threads were stopped: 0.0722990 seconds, Stopping threads took: 0.0001140 seconds
202.680: Application time: 0.0256900 seconds
202.681: [Full GC [PSYoungGen: 139264K->30921K(162304K)] [ParOldGen: 369818K->369818K(370176K)] 509082K->400739K(532480K) [PSPermGen: 13645K->13645K(21504K)], 0.0723440 secs] [Times: user=0.51 sys=0.00, real=0.08 secs] 
202.753: Total time for which application threads were stopped: 0.0729670 seconds, Stopping threads took: 0.0000540 seconds
202.779: Application time: 0.0256760 seconds
202.779: [Full GC [PSYoungGen: 139264K->30939K(162304K)] [ParOldGen: 369818K->369818K(370176K)] 509082K->400757K(532480K) [PSPermGen: 13645K->13645K(21504K)], 0.0727500 secs] [Times: user=0.51 sys=0.00, real=0.07 secs] 
202.852: Total time for which application threads were stopped: 0.0733920 seconds, Stopping threads took: 0.0000620 seconds
202.878: Application time: 0.0261120 seconds
202.879: [Full GC [PSYoungGen: 139264K->30954K(162304K)] [ParOldGen: 369818K->369818K(370176K)] 509082K->400773K(532480K) [PSPermGen: 13645K->13645K(21504K)], 0.0730800 secs] [Times: user=0.51 sys=0.00, real=0.07 secs] 
202.952: Total time for which application threads were stopped: 0.0737790 seconds, Stopping threads took: 0.0000680 seconds
202.978: Application time: 0.0257760 seconds
202.979: [Full GC [PSYoungGen: 139264K->30969K(162304K)] [ParOldGen: 369818K->369818K(370176K)] 509082K->400787K(532480K) [PSPermGen: 13645K->13645K(21504K)], 0.0719000 secs] [Times: user=0.50 sys=0.00, real=0.07 secs] 
203.051: Total time for which application threads were stopped: 0.0725840 seconds, Stopping threads took: 0.0000710 seconds
203.077: Application time: 0.0263790 seconds
203.078: [Full GC [PSYoungGen: 139264K->30923K(162304K)] [ParOldGen: 369818K->369818K(370176K)] 509082K->400741K(532480K) [PSPermGen: 13645K->13645K(21504K)], 0.0718480 secs] [Times: user=0.51 sys=0.00, real=0.07 secs] 
203.149: Total time for which application threads were stopped: 0.0725370 seconds, Stopping threads took: 0.0000660 seconds
203.175: Application time: 0.0257470 seconds
203.176: [Full GC [PSYoungGen: 139264K->30929K(162304K)] [ParOldGen: 369818K->369818K(370176K)] 509082K->400747K(532480K) [PSPermGen: 13645K->13645K(21504K)], 0.0719590 secs] [Times: user=0.50 sys=0.00, real=0.07 secs] 
203.248: Total time for which application threads were stopped: 0.0726250 seconds, Stopping threads took: 0.0000610 seconds
203.273: Application time: 0.0254650 seconds
203.274: [Full GC [PSYoungGen: 139264K->30947K(162304K)] [ParOldGen: 369818K->369818K(370176K)] 509082K->400765K(532480K) [PSPermGen: 13645K->13645K(21504K)], 0.0721550 secs] [Times: user=0.51 sys=0.00, real=0.07 secs] 
203.346: Total time for which application threads were stopped: 0.0728670 seconds, Stopping threads took: 0.0000850 seconds
203.373: Application time: 0.0263820 seconds
203.373: [Full GC [PSYoungGen: 139264K->30851K(162304K)] [ParOldGen: 369818K->369818K(370176K)] 509082K->400669K(532480K) [PSPermGen: 13645K->13645K(21504K)], 0.0719560 secs] [Times: user=0.51 sys=0.00, real=0.07 secs] 
203.445: Total time for which application threads were stopped: 0.0726720 seconds, Stopping threads took: 0.0000660 seconds
203.471: Application time: 0.0254090 seconds
203.471: [Full GC [PSYoungGen: 139264K->30835K(162304K)] [ParOldGen: 369818K->369818K(370176K)] 509082K->400653K(532480K) [PSPermGen: 13645K->13645K(21504K)], 0.0721750 secs] [Times: user=0.51 sys=0.00, real=0.07 secs] 
203.544: Total time for which application threads were stopped: 0.0728970 seconds, Stopping threads took: 0.0000800 seconds
203.569: Application time: 0.0253410 seconds
203.569: [Full GC [PSYoungGen: 139264K->30850K(162304K)] [ParOldGen: 369818K->369818K(370176K)] 509082K->400669K(532480K) [PSPermGen: 13645K->13645K(21504K)], 0.0718410 secs] [Times: user=0.51 sys=0.00, real=0.07 secs] 
203.641: Total time for which application threads were stopped: 0.0725190 seconds, Stopping threads took: 0.0000410 seconds
203.667: Application time: 0.0253940 seconds
203.667: [Full GC [PSYoungGen: 139264K->30868K(162304K)] [ParOldGen: 369818K->369818K(370176K)] 509082K->400686K(532480K) [PSPermGen: 13645K->13645K(21504K)], 0.0718370 secs] [Times: user=0.51 sys=0.00, real=0.07 secs] 
203.739: Total time for which application threads were stopped: 0.0725340 seconds, Stopping threads took: 0.0000650 seconds
203.765: Application time: 0.0252980 seconds
203.765: [Full GC [PSYoungGen: 139264K->30881K(162304K)] [ParOldGen: 369818K->369818K(370176K)] 509082K->400700K(532480K) [PSPermGen: 13645K->13645K(21504K)], 0.0722370 secs] [Times: user=0.51 sys=0.00, real=0.07 secs] 
203.838: Total time for which application threads were stopped: 0.0729720 seconds, Stopping threads took: 0.0001030 seconds
203.863: Application time: 0.0255610 seconds
203.864: [Full GC [PSYoungGen: 139264K->30837K(162304K)] [ParOldGen: 369818K->369818K(370176K)] 509082K->400655K(532480K) [PSPermGen: 13645K->13645K(21504K)], 0.0727310 secs] [Times: user=0.51 sys=0.00, real=0.08 secs] 
203.937: Total time for which application threads were stopped: 0.0733660 seconds, Stopping threads took: 0.0000770 seconds
203.963: Application time: 0.0266260 seconds
203.964: [Full GC [PSYoungGen: 139264K->30841K(162304K)] [ParOldGen: 369818K->369818K(370176K)] 509082K->400660K(532480K) [PSPermGen: 13645K->13645K(21504K)], 0.0721280 secs] [Times: user=0.51 sys=0.00, real=0.08 secs] 
204.036: Total time for which application threads were stopped: 0.0728200 seconds, Stopping threads took: 0.0001030 seconds
204.061: Application time: 0.0254360 seconds
204.062: [Full GC [PSYoungGen: 139264K->30859K(162304K)] [ParOldGen: 369818K->369818K(370176K)] 509082K->400678K(532480K) [PSPermGen: 13645K->13645K(21504K)], 0.0726240 secs] [Times: user=0.51 sys=0.00, real=0.08 secs] 
204.135: Total time for which application threads were stopped: 0.0733230 seconds, Stopping threads took: 0.0000650 seconds
204.160: Application time: 0.0254060 seconds
204.161: [Full GC [PSYoungGen: 139264K->30875K(162304K)] [ParOldGen: 369818K->369818K(370176K)] 509082K->400693K(532480K) [PSPermGen: 13645K->13645K(21504K)], 0.0721690 secs] [Times: user=0.50 sys=0.00, real=0.08 secs] 
204.233: Total time for which application threads were stopped: 0.0728180 seconds, Stopping threads took: 0.0000540 seconds
204.258: Application time: 0.0254730 seconds
204.259: [Full GC [PSYoungGen: 139264K->30889K(162304K)] [ParOldGen: 369818K->369818K(370176K)] 509082K->400708K(532480K) [PSPermGen: 13645K->13645K(21504K)], 0.0714950 secs] [Times: user=0.51 sys=0.00, real=0.07 secs] 
204.331: Total time for which application threads were stopped: 0.0721800 seconds, Stopping threads took: 0.0000520 seconds
204.356: Application time: 0.0254590 seconds
204.357: [Full GC [PSYoungGen: 139264K->30904K(162304K)] [ParOldGen: 369818K->369818K(370176K)] 509082K->400722K(532480K) [PSPermGen: 13645K->13645K(21504K)], 0.0733120 secs] [Times: user=0.51 sys=0.00, real=0.07 secs] 
204.430: Total time for which application threads were stopped: 0.0740110 seconds, Stopping threads took: 0.0000560 seconds
204.456: Application time: 0.0256740 seconds
204.456: [Full GC [PSYoungGen: 139264K->30921K(162304K)] [ParOldGen: 369818K->369818K(370176K)] 509082K->400739K(532480K) [PSPermGen: 13645K->13645K(21504K)], 0.0722480 secs] [Times: user=0.51 sys=0.00, real=0.07 secs] 
204.529: Total time for which application threads were stopped: 0.0728710 seconds, Stopping threads took: 0.0000470 seconds
204.555: Application time: 0.0265480 seconds
204.556: [Full GC [PSYoungGen: 139264K->30874K(162304K)] [ParOldGen: 369818K->369818K(370176K)] 509082K->400692K(532480K) [PSPermGen: 13645K->13645K(21504K)], 0.0721080 secs] [Times: user=0.50 sys=0.00, real=0.07 secs] 
204.628: Total time for which application threads were stopped: 0.0727990 seconds, Stopping threads took: 0.0000600 seconds
204.654: Application time: 0.0257940 seconds
204.654: [Full GC [PSYoungGen: 139264K->30827K(162304K)] [ParOldGen: 369818K->369818K(370176K)] 509082K->400645K(532480K) [PSPermGen: 13645K->13645K(21504K)], 0.0720800 secs] [Times: user=0.51 sys=0.00, real=0.07 secs] 
204.727: Total time for which application threads were stopped: 0.0727790 seconds, Stopping threads took: 0.0000620 seconds
204.752: Application time: 0.0255050 seconds
204.753: [Full GC [PSYoungGen: 139264K->30828K(162304K)] [ParOldGen: 369818K->369818K(370176K)] 509082K->400646K(532480K) [PSPermGen: 13645K->13645K(21504K)], 0.0719690 secs] [Times: user=0.50 sys=0.00, real=0.07 secs] 
204.825: Total time for which application threads were stopped: 0.0726330 seconds, Stopping threads took: 0.0000600 seconds
204.850: Application time: 0.0251860 seconds
204.851: [Full GC [PSYoungGen: 139264K->30843K(162304K)] [ParOldGen: 369818K->369818K(370176K)] 509082K->400661K(532480K) [PSPermGen: 13645K->13645K(21504K)], 0.0715990 secs] [Times: user=0.51 sys=0.00, real=0.07 secs] 
204.922: Total time for which application threads were stopped: 0.0723120 seconds, Stopping threads took: 0.0000450 seconds
204.948: Application time: 0.0262700 seconds
204.949: [Full GC [PSYoungGen: 139264K->30857K(162304K)] [ParOldGen: 369818K->369818K(370176K)] 509082K->400675K(532480K) [PSPermGen: 13645K->13645K(21504K)], 0.0720980 secs] [Times: user=0.51 sys=0.00, real=0.07 secs] 
205.021: Total time for which application threads were stopped: 0.0727790 seconds, Stopping threads took: 0.0000660 seconds
205.047: Application time: 0.0253190 seconds
205.047: [Full GC [PSYoungGen: 139264K->30870K(162304K)] [ParOldGen: 369818K->369818K(370176K)] 509082K->400689K(532480K) [PSPermGen: 13645K->13645K(21504K)], 0.0718320 secs] [Times: user=0.50 sys=0.00, real=0.07 secs] 
205.119: Total time for which application threads were stopped: 0.0725690 seconds, Stopping threads took: 0.0000900 seconds
205.145: Application time: 0.0253420 seconds
205.145: [Full GC [PSYoungGen: 139264K->30820K(162304K)] [ParOldGen: 369818K->369818K(370176K)] 509082K->400639K(532480K) [PSPermGen: 13645K->13645K(21504K)], 0.0713630 secs] [Times: user=0.50 sys=0.00, real=0.07 secs] 
205.217: Total time for which application threads were stopped: 0.0720650 seconds, Stopping threads took: 0.0000420 seconds
205.242: Application time: 0.0251390 seconds
205.242: [Full GC [PSYoungGen: 139264K->30835K(162304K)] [ParOldGen: 369818K->369818K(370176K)] 509082K->400654K(532480K) [PSPermGen: 13645K->13645K(21504K)], 0.0733090 secs] [Times: user=0.52 sys=0.00, real=0.08 secs] 
205.316: Total time for which application threads were stopped: 0.0739990 seconds, Stopping threads took: 0.0000570 seconds
205.341: Application time: 0.0252100 seconds
205.342: [Full GC [PSYoungGen: 139264K->30790K(162304K)] [ParOldGen: 369818K->369818K(370176K)] 509082K->400608K(532480K) [PSPermGen: 13645K->13645K(21504K)], 0.0722370 secs] [Times: user=0.50 sys=0.00, real=0.08 secs] 
205.414: Total time for which application threads were stopped: 0.0729170 seconds, Stopping threads took: 0.0000570 seconds
205.439: Application time: 0.0252230 seconds
205.440: [Full GC [PSYoungGen: 139264K->30795K(162304K)] [ParOldGen: 369818K->369818K(370176K)] 509082K->400613K(532480K) [PSPermGen: 13645K->13645K(21504K)], 0.0717460 secs] [Times: user=0.51 sys=0.00, real=0.07 secs] 
205.512: Total time for which application threads were stopped: 0.0724370 seconds, Stopping threads took: 0.0000490 seconds
205.537: Application time: 0.0253450 seconds
205.538: [Full GC [PSYoungGen: 139264K->30810K(162304K)] [ParOldGen: 369818K->369818K(370176K)] 509082K->400628K(532480K) [PSPermGen: 13645K->13645K(21504K)], 0.0715620 secs] [Times: user=0.51 sys=0.00, real=0.07 secs] 
205.609: Total time for which application threads were stopped: 0.0722530 seconds, Stopping threads took: 0.0000480 seconds
205.634: Application time: 0.0252740 seconds
205.635: [Full GC [PSYoungGen: 139264K->30826K(162304K)] [ParOldGen: 369818K->369818K(370176K)] 509082K->400645K(532480K) [PSPermGen: 13645K->13645K(21504K)], 0.0715980 secs] [Times: user=0.50 sys=0.00, real=0.07 secs] 
205.707: Total time for which application threads were stopped: 0.0722600 seconds, Stopping threads took: 0.0000550 seconds
205.732: Application time: 0.0252870 seconds
205.733: [Full GC [PSYoungGen: 139264K->30840K(162304K)] [ParOldGen: 369818K->369818K(370176K)] 509082K->400658K(532480K) [PSPermGen: 13645K->13645K(21504K)], 0.0714910 secs] [Times: user=0.50 sys=0.00, real=0.06 secs] 
205.804: Total time for which application threads were stopped: 0.0721910 seconds, Stopping threads took: 0.0000460 seconds
205.829: Application time: 0.0253410 seconds
205.830: [Full GC [PSYoungGen: 139264K->30858K(162304K)] [ParOldGen: 369818K->369818K(370176K)] 509082K->400676K(532480K) [PSPermGen: 13645K->13645K(21504K)], 0.0717570 secs] [Times: user=0.50 sys=0.00, real=0.07 secs] 
205.902: Total time for which application threads were stopped: 0.0724460 seconds, Stopping threads took: 0.0000640 seconds
205.928: Application time: 0.0256600 seconds
205.928: [Full GC [PSYoungGen: 139264K->30871K(162304K)] [ParOldGen: 369818K->369818K(370176K)] 509082K->400689K(532480K) [PSPermGen: 13645K->13645K(21504K)], 0.0723230 secs] [Times: user=0.50 sys=0.00, real=0.07 secs] 
206.001: Total time for which application threads were stopped: 0.0730180 seconds, Stopping threads took: 0.0000610 seconds
206.026: Application time: 0.0254190 seconds
206.027: [Full GC [PSYoungGen: 139264K->30884K(162304K)] [ParOldGen: 369818K->369818K(370176K)] 509082K->400703K(532480K) [PSPermGen: 13645K->13645K(21504K)], 0.0720460 secs] [Times: user=0.51 sys=0.00, real=0.07 secs] 
206.099: Total time for which application threads were stopped: 0.0727410 seconds, Stopping threads took: 0.0000530 seconds
206.124: Application time: 0.0254610 seconds
206.125: [Full GC [PSYoungGen: 139264K->30903K(162304K)] [ParOldGen: 369818K->369818K(370176K)] 509082K->400721K(532480K) [PSPermGen: 13645K->13645K(21504K)], 0.0717460 secs] [Times: user=0.51 sys=0.00, real=0.07 secs] 
206.197: Total time for which application threads were stopped: 0.0724510 seconds, Stopping threads took: 0.0000660 seconds
206.222: Application time: 0.0252480 seconds
206.223: [Full GC [PSYoungGen: 139264K->30918K(162304K)] [ParOldGen: 369818K->369818K(370176K)] 509082K->400736K(532480K) [PSPermGen: 13645K->13645K(21504K)], 0.0719520 secs] [Times: user=0.50 sys=0.00, real=0.08 secs] 
206.295: Total time for which application threads were stopped: 0.0726360 seconds, Stopping threads took: 0.0000590 seconds
206.320: Application time: 0.0253440 seconds
206.321: [Full GC [PSYoungGen: 139264K->30935K(162304K)] [ParOldGen: 369818K->369818K(370176K)] 509082K->400753K(532480K) [PSPermGen: 13645K->13645K(21504K)], 0.0720830 secs] [Times: user=0.50 sys=0.00, real=0.08 secs] 
206.393: Total time for which application threads were stopped: 0.0728120 seconds, Stopping threads took: 0.0000590 seconds
206.418: Application time: 0.0256210 seconds
206.419: [Full GC [PSYoungGen: 139264K->30951K(162304K)] [ParOldGen: 369818K->369818K(370176K)] 509082K->400770K(532480K) [PSPermGen: 13645K->13645K(21504K)], 0.0716620 secs] [Times: user=0.50 sys=0.00, real=0.07 secs] 
206.491: Total time for which application threads were stopped: 0.0723040 seconds, Stopping threads took: 0.0000690 seconds
206.516: Application time: 0.0253770 seconds
206.517: [Full GC [PSYoungGen: 139264K->30967K(162304K)] [ParOldGen: 369818K->369818K(370176K)] 509082K->400785K(532480K) [PSPermGen: 13645K->13645K(21504K)], 0.0719490 secs] [Times: user=0.51 sys=0.00, real=0.07 secs] 
206.589: Total time for which application threads were stopped: 0.0726350 seconds, Stopping threads took: 0.0000470 seconds
206.614: Application time: 0.0255600 seconds
206.615: [Full GC [PSYoungGen: 139264K->30982K(162304K)] [ParOldGen: 369818K->369818K(370176K)] 509082K->400801K(532480K) [PSPermGen: 13645K->13645K(21504K)], 0.0741590 secs] [Times: user=0.53 sys=0.00, real=0.07 secs] 
206.689: Total time for which application threads were stopped: 0.0748220 seconds, Stopping threads took: 0.0000540 seconds
206.715: Application time: 0.0256410 seconds
206.715: [Full GC [PSYoungGen: 139264K->30997K(162304K)] [ParOldGen: 369818K->369818K(370176K)] 509082K->400815K(532480K) [PSPermGen: 13645K->13645K(21504K)], 0.0714930 secs] [Times: user=0.51 sys=0.00, real=0.07 secs] 
206.787: Total time for which application threads were stopped: 0.0721970 seconds, Stopping threads took: 0.0000770 seconds
206.813: Application time: 0.0263230 seconds
206.814: [Full GC [PSYoungGen: 139264K->30893K(162304K)] [ParOldGen: 369818K->369818K(370176K)] 509082K->400711K(532480K) [PSPermGen: 13645K->13645K(21504K)], 0.0718510 secs] [Times: user=0.50 sys=0.00, real=0.07 secs] 
206.886: Total time for which application threads were stopped: 0.0724840 seconds, Stopping threads took: 0.0000650 seconds
206.911: Application time: 0.0254730 seconds
206.912: [Full GC [PSYoungGen: 139264K->30887K(162304K)] [ParOldGen: 369818K->369818K(370176K)] 509082K->400705K(532480K) [PSPermGen: 13645K->13645K(21504K)], 0.0718660 secs] [Times: user=0.50 sys=0.00, real=0.07 secs] 
206.984: Total time for which application threads were stopped: 0.0725790 seconds, Stopping threads took: 0.0000610 seconds
207.010: Application time: 0.0257110 seconds
207.013: [Full GC [PSYoungGen: 139264K->30844K(162304K)] [ParOldGen: 369818K->369818K(370176K)] 509082K->400662K(532480K) [PSPermGen: 13645K->13645K(21504K)], 0.0719800 secs] [Times: user=0.51 sys=0.00, real=0.07 secs] 
207.085: Total time for which application threads were stopped: 0.0754590 seconds, Stopping threads took: 0.0028430 seconds
207.110: Application time: 0.0252940 seconds
207.111: [Full GC [PSYoungGen: 139264K->30847K(162304K)] [ParOldGen: 369818K->369818K(370176K)] 509082K->400665K(532480K) [PSPermGen: 13645K->13645K(21504K)], 0.0716700 secs] [Times: user=0.50 sys=0.00, real=0.07 secs] 
207.183: Total time for which application threads were stopped: 0.0723120 seconds, Stopping threads took: 0.0000600 seconds
207.208: Application time: 0.0251560 seconds
207.208: [Full GC [PSYoungGen: 139264K->30863K(162304K)] [ParOldGen: 369818K->369818K(370176K)] 509082K->400681K(532480K) [PSPermGen: 13645K->13645K(21504K)], 0.0717990 secs] [Times: user=0.51 sys=0.00, real=0.07 secs] 
207.280: Total time for which application threads were stopped: 0.0725240 seconds, Stopping threads took: 0.0000660 seconds
207.305: Application time: 0.0251850 seconds
207.306: [Full GC [PSYoungGen: 139264K->30878K(162304K)] [ParOldGen: 369818K->369818K(370176K)] 509082K->400697K(532480K) [PSPermGen: 13645K->13645K(21504K)], 0.0719610 secs] [Times: user=0.50 sys=0.01, real=0.07 secs] 
207.378: Total time for which application threads were stopped: 0.0726560 seconds, Stopping threads took: 0.0000610 seconds
207.403: Application time: 0.0252630 seconds
207.404: [Full GC [PSYoungGen: 139264K->30895K(162304K)] [ParOldGen: 369818K->369818K(370176K)] 509082K->400714K(532480K) [PSPermGen: 13645K->13645K(21504K)], 0.0717600 secs] [Times: user=0.51 sys=0.00, real=0.08 secs] 
207.476: Total time for which application threads were stopped: 0.0724600 seconds, Stopping threads took: 0.0000490 seconds
207.501: Application time: 0.0253520 seconds
207.502: [Full GC [PSYoungGen: 139264K->30911K(162304K)] [ParOldGen: 369818K->369818K(370176K)] 509082K->400729K(532480K) [PSPermGen: 13645K->13645K(21504K)], 0.0721480 secs] [Times: user=0.51 sys=0.00, real=0.08 secs] 
207.574: Total time for which application threads were stopped: 0.0728540 seconds, Stopping threads took: 0.0000580 seconds
207.599: Application time: 0.0253170 seconds
207.600: [Full GC [PSYoungGen: 139264K->30927K(162304K)] [ParOldGen: 369818K->369818K(370176K)] 509082K->400745K(532480K) [PSPermGen: 13645K->13645K(21504K)], 0.0716970 secs] [Times: user=0.50 sys=0.00, real=0.07 secs] 
207.672: Total time for which application threads were stopped: 0.0724110 seconds, Stopping threads took: 0.0000770 seconds
207.697: Application time: 0.0255390 seconds
207.698: [Full GC [PSYoungGen: 139264K->30886K(162304K)] [ParOldGen: 369818K->369818K(370176K)] 509082K->400704K(532480K) [PSPermGen: 13645K->13645K(21504K)], 0.0717520 secs] [Times: user=0.49 sys=0.01, real=0.07 secs] 
207.770: Total time for which application threads were stopped: 0.0724490 seconds, Stopping threads took: 0.0000580 seconds
207.795: Application time: 0.0252620 seconds
207.796: [Full GC [PSYoungGen: 139264K->30885K(162304K)] [ParOldGen: 369818K->369818K(370176K)] 509082K->400703K(532480K) [PSPermGen: 13645K->13645K(21504K)], 0.0719760 secs] [Times: user=0.50 sys=0.01, real=0.07 secs] 
207.868: Total time for which application threads were stopped: 0.0726170 seconds, Stopping threads took: 0.0000630 seconds
207.893: Application time: 0.0253060 seconds
207.894: [Full GC [PSYoungGen: 139264K->30903K(162304K)] [ParOldGen: 369818K->369818K(370176K)] 509082K->400721K(532480K) [PSPermGen: 13645K->13645K(21504K)], 0.0721630 secs] [Times: user=0.50 sys=0.00, real=0.07 secs] 
207.966: Total time for which application threads were stopped: 0.0728280 seconds, Stopping threads took: 0.0000540 seconds
207.992: Application time: 0.0265430 seconds
207.993: [Full GC [PSYoungGen: 139264K->30807K(162304K)] [ParOldGen: 369818K->369818K(370176K)] 509082K->400626K(532480K) [PSPermGen: 13645K->13645K(21504K)], 0.0721830 secs] [Times: user=0.51 sys=0.00, real=0.07 secs] 
208.065: Total time for which application threads were stopped: 0.0728970 seconds, Stopping threads took: 0.0000750 seconds
208.091: Application time: 0.0254080 seconds
208.091: [Full GC [PSYoungGen: 139264K->30793K(162304K)] [ParOldGen: 369818K->369818K(370176K)] 509082K->400612K(532480K) [PSPermGen: 13645K->13645K(21504K)], 0.0719350 secs] [Times: user=0.51 sys=0.00, real=0.07 secs] 
208.163: Total time for which application threads were stopped: 0.0726610 seconds, Stopping threads took: 0.0001310 seconds
208.189: Application time: 0.0253590 seconds
208.189: [Full GC [PSYoungGen: 139264K->30806K(162304K)] [ParOldGen: 369818K->369818K(370176K)] 509082K->400624K(532480K) [PSPermGen: 13645K->13645K(21504K)], 0.0716180 secs] [Times: user=0.50 sys=0.00, real=0.07 secs] 
208.261: Total time for which application threads were stopped: 0.0722510 seconds, Stopping threads took: 0.0000600 seconds
208.286: Application time: 0.0252560 seconds
208.287: [Full GC [PSYoungGen: 139264K->30822K(162304K)] [ParOldGen: 369818K->369818K(370176K)] 509082K->400641K(532480K) [PSPermGen: 13645K->13645K(21504K)], 0.0718230 secs] [Times: user=0.51 sys=0.00, real=0.07 secs] 
208.359: Total time for which application threads were stopped: 0.0724620 seconds, Stopping threads took: 0.0000720 seconds
208.384: Application time: 0.0255120 seconds
208.385: [Full GC [PSYoungGen: 139264K->30836K(162304K)] [ParOldGen: 369818K->369818K(370176K)] 509082K->400654K(532480K) [PSPermGen: 13645K->13645K(21504K)], 0.0722760 secs] [Times: user=0.51 sys=0.00, real=0.07 secs] 
208.457: Total time for which application threads were stopped: 0.0730060 seconds, Stopping threads took: 0.0000680 seconds
208.483: Application time: 0.0253260 seconds
208.483: [Full GC [PSYoungGen: 139264K->30854K(162304K)] [ParOldGen: 369818K->369818K(370176K)] 509082K->400672K(532480K) [PSPermGen: 13645K->13645K(21504K)], 0.0716560 secs] [Times: user=0.50 sys=0.00, real=0.08 secs] 
208.555: Total time for which application threads were stopped: 0.0723680 seconds, Stopping threads took: 0.0000760 seconds
208.580: Application time: 0.0250610 seconds
208.581: [Full GC [PSYoungGen: 139264K->30870K(162304K)] [ParOldGen: 369818K->369818K(370176K)] 509082K->400688K(532480K) [PSPermGen: 13645K->13645K(21504K)], 0.0718540 secs] [Times: user=0.50 sys=0.00, real=0.08 secs] 
208.653: Total time for which application threads were stopped: 0.0725580 seconds, Stopping threads took: 0.0000610 seconds
208.678: Application time: 0.0252810 seconds
208.678: [Full GC [PSYoungGen: 139264K->30832K(162304K)] [ParOldGen: 369818K->369818K(370176K)] 509082K->400650K(532480K) [PSPermGen: 13645K->13645K(21504K)], 0.0716980 secs] [Times: user=0.49 sys=0.01, real=0.07 secs] 
208.750: Total time for which application threads were stopped: 0.0724310 seconds, Stopping threads took: 0.0000750 seconds
208.775: Application time: 0.0250840 seconds
208.776: [Full GC [PSYoungGen: 139264K->30830K(162304K)] [ParOldGen: 369818K->369818K(370176K)] 509082K->400649K(532480K) [PSPermGen: 13645K->13645K(21504K)], 0.0722020 secs] [Times: user=0.50 sys=0.00, real=0.07 secs] 
208.848: Total time for which application threads were stopped: 0.0728650 seconds, Stopping threads took: 0.0000880 seconds
208.874: Application time: 0.0254820 seconds
208.874: [Full GC [PSYoungGen: 139264K->30847K(162304K)] [ParOldGen: 369818K->369818K(370176K)] 509082K->400665K(532480K) [PSPermGen: 13645K->13645K(21504K)], 0.0721880 secs] [Times: user=0.51 sys=0.00, real=0.07 secs] 
208.947: Total time for which application threads were stopped: 0.0728860 seconds, Stopping threads took: 0.0000650 seconds
208.972: Application time: 0.0254220 seconds
208.973: [Full GC [PSYoungGen: 139264K->30806K(162304K)] [ParOldGen: 369818K->369818K(370176K)] 509082K->400625K(532480K) [PSPermGen: 13645K->13645K(21504K)], 0.0718430 secs] [Times: user=0.50 sys=0.00, real=0.07 secs] 
209.045: Total time for which application threads were stopped: 0.0725930 seconds, Stopping threads took: 0.0000970 seconds
209.070: Application time: 0.0252610 seconds
209.071: [Full GC [PSYoungGen: 139264K->30806K(162304K)] [ParOldGen: 369818K->369818K(370176K)] 509082K->400624K(532480K) [PSPermGen: 13645K->13645K(21504K)], 0.0713880 secs] [Times: user=0.50 sys=0.00, real=0.07 secs] 
209.142: Total time for which application threads were stopped: 0.0720890 seconds, Stopping threads took: 0.0000680 seconds
209.167: Application time: 0.0252250 seconds
209.168: [Full GC [PSYoungGen: 139264K->30820K(162304K)] [ParOldGen: 369818K->369818K(370176K)] 509082K->400639K(532480K) [PSPermGen: 13645K->13645K(21504K)], 0.0736880 secs] [Times: user=0.51 sys=0.00, real=0.07 secs] 
209.242: Total time for which application threads were stopped: 0.0743760 seconds, Stopping threads took: 0.0000610 seconds
209.267: Application time: 0.0251290 seconds
209.267: [Full GC [PSYoungGen: 139264K->30837K(162304K)] [ParOldGen: 369818K->369818K(370176K)] 509082K->400656K(532480K) [PSPermGen: 13645K->13645K(21504K)], 0.0719320 secs] [Times: user=0.51 sys=0.00, real=0.07 secs] 
209.339: Total time for which application threads were stopped: 0.0726650 seconds, Stopping threads took: 0.0000570 seconds
209.365: Application time: 0.0253180 seconds
209.365: [Full GC [PSYoungGen: 139264K->30853K(162304K)] [ParOldGen: 369818K->369818K(370176K)] 509082K->400671K(532480K) [PSPermGen: 13645K->13645K(21504K)], 0.0719970 secs] [Times: user=0.50 sys=0.00, real=0.07 secs] 
209.437: Total time for which application threads were stopped: 0.0726950 seconds, Stopping threads took: 0.0000740 seconds
209.463: Application time: 0.0253620 seconds
209.463: [Full GC [PSYoungGen: 139264K->30866K(162304K)] [ParOldGen: 369818K->369818K(370176K)] 509082K->400685K(532480K) [PSPermGen: 13645K->13645K(21504K)], 0.0717130 secs] [Times: user=0.50 sys=0.00, real=0.08 secs] 
209.535: Total time for which application threads were stopped: 0.0724000 seconds, Stopping threads took: 0.0000490 seconds
209.560: Application time: 0.0253480 seconds
209.561: [Full GC [PSYoungGen: 139264K->30883K(162304K)] [ParOldGen: 369818K->369818K(370176K)] 509082K->400701K(532480K) [PSPermGen: 13645K->13645K(21504K)], 0.0724430 secs] [Times: user=0.51 sys=0.00, real=0.08 secs] 
209.634: Total time for which application threads were stopped: 0.0731730 seconds, Stopping threads took: 0.0000930 seconds
209.659: Application time: 0.0254310 seconds
209.660: [Full GC [PSYoungGen: 139264K->30898K(162304K)] [ParOldGen: 369818K->369818K(370176K)] 509082K->400716K(532480K) [PSPermGen: 13645K->13645K(21504K)], 0.0722980 secs] [Times: user=0.51 sys=0.00, real=0.07 secs] 
209.732: Total time for which application threads were stopped: 0.0729510 seconds, Stopping threads took: 0.0000720 seconds
209.758: Application time: 0.0257330 seconds
209.758: [Full GC [PSYoungGen: 139264K->30917K(162304K)] [ParOldGen: 369818K->369818K(370176K)] 509082K->400736K(532480K) [PSPermGen: 13645K->13645K(21504K)], 0.0721380 secs] [Times: user=0.51 sys=0.00, real=0.07 secs] 
209.831: Total time for which application threads were stopped: 0.0727410 seconds, Stopping threads took: 0.0000430 seconds
209.856: Application time: 0.0254880 seconds
209.857: [Full GC [PSYoungGen: 139264K->30931K(162304K)] [ParOldGen: 369818K->369818K(370176K)] 509082K->400749K(532480K) [PSPermGen: 13645K->13645K(21504K)], 0.0719070 secs] [Times: user=0.50 sys=0.00, real=0.07 secs] 
209.929: Total time for which application threads were stopped: 0.0726470 seconds, Stopping threads took: 0.0000600 seconds
209.955: Application time: 0.0263440 seconds
209.956: [Full GC [PSYoungGen: 139264K->30945K(162304K)] [ParOldGen: 369818K->369818K(370176K)] 509082K->400764K(532480K) [PSPermGen: 13645K->13645K(21504K)], 0.0721620 secs] [Times: user=0.51 sys=0.00, real=0.07 secs] 
210.028: Total time for which application threads were stopped: 0.0728410 seconds, Stopping threads took: 0.0000510 seconds
210.053: Application time: 0.0251910 seconds
210.054: [Full GC [PSYoungGen: 139264K->30964K(162304K)] [ParOldGen: 369818K->369818K(370176K)] 509082K->400782K(532480K) [PSPermGen: 13645K->13645K(21504K)], 0.0717280 secs] [Times: user=0.50 sys=0.00, real=0.07 secs] 
210.126: Total time for which application threads were stopped: 0.0724160 seconds, Stopping threads took: 0.0000540 seconds
210.151: Application time: 0.0254420 seconds
210.152: [Full GC [PSYoungGen: 139264K->30978K(162304K)] [ParOldGen: 369818K->369818K(370176K)] 509082K->400796K(532480K) [PSPermGen: 13645K->13645K(21504K)], 0.0716570 secs] [Times: user=0.51 sys=0.00, real=0.07 secs] 
210.223: Total time for which application threads were stopped: 0.0723520 seconds, Stopping threads took: 0.0000500 seconds
210.249: Application time: 0.0252350 seconds
210.249: [Full GC [PSYoungGen: 139264K->30992K(162304K)] [ParOldGen: 369818K->369818K(370176K)] 509082K->400810K(532480K) [PSPermGen: 13645K->13645K(21504K)], 0.0721130 secs] [Times: user=0.51 sys=0.00, real=0.07 secs] 
210.321: Total time for which application threads were stopped: 0.0728050 seconds, Stopping threads took: 0.0000510 seconds
210.348: Application time: 0.0261560 seconds
210.348: [Full GC [PSYoungGen: 139264K->30998K(162304K)] [ParOldGen: 369818K->369818K(370176K)] 509082K->400816K(532480K) [PSPermGen: 13645K->13645K(21504K)], 0.0721550 secs] [Times: user=0.50 sys=0.01, real=0.07 secs] 
210.420: Total time for which application threads were stopped: 0.0728310 seconds, Stopping threads took: 0.0000390 seconds
210.447: Application time: 0.0266790 seconds
210.448: [Full GC [PSYoungGen: 139264K->30886K(162304K)] [ParOldGen: 369818K->369818K(370176K)] 509082K->400704K(532480K) [PSPermGen: 13645K->13645K(21504K)], 0.0721410 secs] [Times: user=0.50 sys=0.00, real=0.07 secs] 
210.520: Total time for which application threads were stopped: 0.0728560 seconds, Stopping threads took: 0.0000520 seconds
210.545: Application time: 0.0256270 seconds
210.546: [Full GC [PSYoungGen: 139264K->30898K(162304K)] [ParOldGen: 369818K->369818K(370176K)] 509082K->400716K(532480K) [PSPermGen: 13645K->13645K(21504K)], 0.0724530 secs] [Times: user=0.51 sys=0.01, real=0.07 secs] 
210.619: Total time for which application threads were stopped: 0.0731440 seconds, Stopping threads took: 0.0000570 seconds
210.644: Application time: 0.0257570 seconds
210.645: [Full GC [PSYoungGen: 139264K->30858K(162304K)] [ParOldGen: 369818K->369818K(370176K)] 509082K->400677K(532480K) [PSPermGen: 13645K->13645K(21504K)], 0.0736460 secs] [Times: user=0.49 sys=0.00, real=0.07 secs] 
210.719: Total time for which application threads were stopped: 0.0743540 seconds, Stopping threads took: 0.0000590 seconds
210.744: Application time: 0.0256840 seconds
210.745: [Full GC [PSYoungGen: 139264K->30858K(162304K)] [ParOldGen: 369818K->369818K(370176K)] 509082K->400677K(532480K) [PSPermGen: 13645K->13645K(21504K)], 0.0728370 secs] [Times: user=0.51 sys=0.00, real=0.07 secs] 
210.818: Total time for which application threads were stopped: 0.0735400 seconds, Stopping threads took: 0.0000540 seconds
210.843: Application time: 0.0253430 seconds
210.844: [Full GC [PSYoungGen: 139264K->30876K(162304K)] [ParOldGen: 369818K->369818K(370176K)] 509082K->400695K(532480K) [PSPermGen: 13645K->13645K(21504K)], 0.0716370 secs] [Times: user=0.50 sys=0.00, real=0.08 secs] 
210.916: Total time for which application threads were stopped: 0.0723130 seconds, Stopping threads took: 0.0000900 seconds
210.941: Application time: 0.0253630 seconds
210.942: [Full GC [PSYoungGen: 139264K->30892K(162304K)] [ParOldGen: 369818K->369818K(370176K)] 509082K->400710K(532480K) [PSPermGen: 13645K->13645K(21504K)], 0.0725230 secs] [Times: user=0.51 sys=0.00, real=0.08 secs] 
211.014: Total time for which application threads were stopped: 0.0734060 seconds, Stopping threads took: 0.0000680 seconds
211.040: Application time: 0.0251020 seconds
211.040: [Full GC [PSYoungGen: 139264K->30903K(162304K)] [ParOldGen: 369818K->369818K(370176K)] 509082K->400722K(532480K) [PSPermGen: 13645K->13645K(21504K)], 0.0724450 secs] [Times: user=0.51 sys=0.00, real=0.08 secs] 
211.113: Total time for which application threads were stopped: 0.0731570 seconds, Stopping threads took: 0.0000540 seconds
211.138: Application time: 0.0251820 seconds
211.139: [Full GC [PSYoungGen: 139264K->30920K(162304K)] [ParOldGen: 369818K->369818K(370176K)] 509082K->400739K(532480K) [PSPermGen: 13645K->13645K(21504K)], 0.0715370 secs] [Times: user=0.51 sys=0.00, real=0.07 secs] 
211.210: Total time for which application threads were stopped: 0.0722380 seconds, Stopping threads took: 0.0000510 seconds
211.236: Application time: 0.0254800 seconds
211.236: [Full GC [PSYoungGen: 139264K->30936K(162304K)] [ParOldGen: 369818K->369818K(370176K)] 509082K->400754K(532480K) [PSPermGen: 13645K->13645K(21504K)], 0.0717090 secs] [Times: user=0.50 sys=0.00, real=0.07 secs] 
211.308: Total time for which application threads were stopped: 0.0723960 seconds, Stopping threads took: 0.0000490 seconds
211.333: Application time: 0.0252930 seconds
211.334: [Full GC [PSYoungGen: 139264K->30953K(162304K)] [ParOldGen: 369818K->369818K(370176K)] 509082K->400771K(532480K) [PSPermGen: 13645K->13645K(21504K)], 0.0721420 secs] [Times: user=0.51 sys=0.00, real=0.07 secs] 
211.406: Total time for which application threads were stopped: 0.0727910 seconds, Stopping threads took: 0.0000610 seconds
211.433: Application time: 0.0267280 seconds
211.433: [Full GC [PSYoungGen: 139264K->30858K(162304K)] [ParOldGen: 369818K->369818K(370176K)] 509082K->400677K(532480K) [PSPermGen: 13645K->13645K(21504K)], 0.0722260 secs] [Times: user=0.51 sys=0.00, real=0.07 secs] 
211.506: Total time for which application threads were stopped: 0.0728660 seconds, Stopping threads took: 0.0000730 seconds
211.531: Application time: 0.0256950 seconds
211.532: [Full GC [PSYoungGen: 139264K->30789K(162304K)] [ParOldGen: 369818K->369818K(370176K)] 509082K->400607K(532480K) [PSPermGen: 13645K->13645K(21504K)], 0.0720840 secs] [Times: user=0.51 sys=0.00, real=0.07 secs] 
211.604: Total time for which application threads were stopped: 0.0728050 seconds, Stopping threads took: 0.0000750 seconds
211.630: Application time: 0.0255720 seconds
211.630: [Full GC [PSYoungGen: 139264K->30787K(162304K)] [ParOldGen: 369818K->369818K(370176K)] 509082K->400605K(532480K) [PSPermGen: 13645K->13645K(21504K)], 0.0721320 secs] [Times: user=0.50 sys=0.00, real=0.07 secs] 
211.703: Total time for which application threads were stopped: 0.0728420 seconds, Stopping threads took: 0.0000400 seconds
211.728: Application time: 0.0251880 seconds
211.728: [Full GC [PSYoungGen: 139264K->30801K(162304K)] [ParOldGen: 369818K->369818K(370176K)] 509082K->400619K(532480K) [PSPermGen: 13645K->13645K(21504K)], 0.0718270 secs] [Times: user=0.50 sys=0.00, real=0.07 secs] 
211.800: Total time for which application threads were stopped: 0.0725640 seconds, Stopping threads took: 0.0000730 seconds
211.826: Application time: 0.0252260 seconds
211.826: [Full GC [PSYoungGen: 139264K->30818K(162304K)] [ParOldGen: 369818K->369818K(370176K)] 509082K->400636K(532480K) [PSPermGen: 13645K->13645K(21504K)], 0.0716380 secs] [Times: user=0.51 sys=0.00, real=0.07 secs] 
211.898: Total time for which application threads were stopped: 0.0723420 seconds, Stopping threads took: 0.0000610 seconds
211.923: Application time: 0.0253280 seconds
211.924: [Full GC [PSYoungGen: 139264K->30833K(162304K)] [ParOldGen: 369818K->369818K(370176K)] 509082K->400652K(532480K) [PSPermGen: 13645K->13645K(21504K)], 0.0719350 secs] [Times: user=0.50 sys=0.00, real=0.08 secs] 
211.996: Total time for which application threads were stopped: 0.0726240 seconds, Stopping threads took: 0.0000540 seconds
212.021: Application time: 0.0255880 seconds
212.022: [Full GC [PSYoungGen: 139264K->30851K(162304K)] [ParOldGen: 369818K->369818K(370176K)] 509082K->400669K(532480K) [PSPermGen: 13645K->13645K(21504K)], 0.0716390 secs] [Times: user=0.51 sys=0.00, real=0.08 secs] 
212.094: Total time for which application threads were stopped: 0.0723330 seconds, Stopping threads took: 0.0000570 seconds
212.119: Application time: 0.0253440 seconds
212.120: [Full GC [PSYoungGen: 139264K->30793K(162304K)] [ParOldGen: 369818K->369818K(370176K)] 509082K->400611K(532480K) [PSPermGen: 13645K->13645K(21504K)], 0.0717690 secs] [Times: user=0.50 sys=0.00, real=0.07 secs] 
212.192: Total time for which application threads were stopped: 0.0724800 seconds, Stopping threads took: 0.0000810 seconds
212.217: Application time: 0.0254340 seconds
212.218: [Full GC [PSYoungGen: 139264K->30807K(162304K)] [ParOldGen: 369818K->369818K(370176K)] 509082K->400626K(532480K) [PSPermGen: 13645K->13645K(21504K)], 0.0719960 secs] [Times: user=0.51 sys=0.00, real=0.07 secs] 
212.290: Total time for which application threads were stopped: 0.0726480 seconds, Stopping threads took: 0.0000610 seconds
212.315: Application time: 0.0251910 seconds
212.316: [Full GC [PSYoungGen: 139264K->30824K(162304K)] [ParOldGen: 369818K->369818K(370176K)] 509082K->400642K(532480K) [PSPermGen: 13645K->13645K(21504K)], 0.0736380 secs] [Times: user=0.51 sys=0.00, real=0.07 secs] 
212.389: Total time for which application threads were stopped: 0.0743220 seconds, Stopping threads took: 0.0000470 seconds
212.415: Application time: 0.0252610 seconds
212.415: [Full GC [PSYoungGen: 139264K->30841K(162304K)] [ParOldGen: 369818K->369818K(370176K)] 509082K->400659K(532480K) [PSPermGen: 13645K->13645K(21504K)], 0.0716260 secs] [Times: user=0.51 sys=0.00, real=0.07 secs] 
212.487: Total time for which application threads were stopped: 0.0723150 seconds, Stopping threads took: 0.0000620 seconds
212.512: Application time: 0.0255400 seconds
212.513: [Full GC [PSYoungGen: 139264K->30786K(162304K)] [ParOldGen: 369818K->369818K(370176K)] 509082K->400605K(532480K) [PSPermGen: 13645K->13645K(21504K)], 0.0719660 secs] [Times: user=0.50 sys=0.00, real=0.07 secs] 
212.585: Total time for which application threads were stopped: 0.0725800 seconds, Stopping threads took: 0.0000600 seconds
212.611: Application time: 0.0256760 seconds
212.611: [Full GC [PSYoungGen: 139264K->30803K(162304K)] [ParOldGen: 369818K->369818K(370176K)] 509082K->400622K(532480K) [PSPermGen: 13645K->13645K(21504K)], 0.0715640 secs] [Times: user=0.51 sys=0.00, real=0.07 secs] 
212.683: Total time for which application threads were stopped: 0.0722620 seconds, Stopping threads took: 0.0000770 seconds
212.708: Application time: 0.0255080 seconds
212.709: [Full GC [PSYoungGen: 139264K->30816K(162304K)] [ParOldGen: 369818K->369818K(370176K)] 509082K->400635K(532480K) [PSPermGen: 13645K->13645K(21504K)], 0.0717900 secs] [Times: user=0.50 sys=0.00, real=0.07 secs] 
212.781: Total time for which application threads were stopped: 0.0724730 seconds, Stopping threads took: 0.0000540 seconds
212.807: Application time: 0.0257340 seconds
212.807: [Full GC [PSYoungGen: 139264K->30832K(162304K)] [ParOldGen: 369818K->369818K(370176K)] 509082K->400650K(532480K) [PSPermGen: 13645K->13645K(21504K)], 0.0719470 secs] [Times: user=0.50 sys=0.00, real=0.07 secs] 
212.879: Total time for which application threads were stopped: 0.0726980 seconds, Stopping threads took: 0.0000940 seconds
212.905: Application time: 0.0254520 seconds
212.905: [Full GC [PSYoungGen: 139264K->30848K(162304K)] [ParOldGen: 369818K->369818K(370176K)] 509082K->400666K(532480K) [PSPermGen: 13645K->13645K(21504K)], 0.0729560 secs] [Times: user=0.51 sys=0.00, real=0.07 secs] 
212.978: Total time for which application threads were stopped: 0.0736720 seconds, Stopping threads took: 0.0000840 seconds
213.004: Application time: 0.0254290 seconds
213.005: [Full GC [PSYoungGen: 139264K->30862K(162304K)] [ParOldGen: 369818K->369818K(370176K)] 509082K->400680K(532480K) [PSPermGen: 13645K->13645K(21504K)], 0.0714330 secs] [Times: user=0.50 sys=0.00, real=0.07 secs] 
213.076: Total time for which application threads were stopped: 0.0721320 seconds, Stopping threads took: 0.0000570 seconds
213.103: Application time: 0.0273930 seconds
213.104: [Full GC [PSYoungGen: 139264K->30874K(162304K)] [ParOldGen: 369818K->369818K(370176K)] 509082K->400693K(532480K) [PSPermGen: 13645K->13645K(21504K)], 0.0715720 secs] [Times: user=0.50 sys=0.00, real=0.08 secs] 
213.176: Total time for which application threads were stopped: 0.0722720 seconds, Stopping threads took: 0.0000670 seconds
213.201: Application time: 0.0257050 seconds
213.202: [Full GC [PSYoungGen: 139264K->30894K(162304K)] [ParOldGen: 369818K->369818K(370176K)] 509082K->400713K(532480K) [PSPermGen: 13645K->13645K(21504K)], 0.0717680 secs] [Times: user=0.50 sys=0.00, real=0.08 secs] 
213.274: Total time for which application threads were stopped: 0.0724710 seconds, Stopping threads took: 0.0000700 seconds
213.299: Application time: 0.0256000 seconds
213.300: [Full GC [PSYoungGen: 139264K->30912K(162304K)] [ParOldGen: 369818K->369818K(370176K)] 509082K->400731K(532480K) [PSPermGen: 13645K->13645K(21504K)], 0.0717190 secs] [Times: user=0.50 sys=0.00, real=0.07 secs] 
213.372: Total time for which application threads were stopped: 0.0724060 seconds, Stopping threads took: 0.0000470 seconds
213.397: Application time: 0.0256020 seconds
213.398: [Full GC [PSYoungGen: 139264K->30926K(162304K)] [ParOldGen: 369818K->369818K(370176K)] 509082K->400744K(532480K) [PSPermGen: 13645K->13645K(21504K)], 0.0725190 secs] [Times: user=0.51 sys=0.00, real=0.07 secs] 
213.471: Total time for which application threads were stopped: 0.0732660 seconds, Stopping threads took: 0.0000770 seconds
213.497: Application time: 0.0260260 seconds
213.497: [Full GC [PSYoungGen: 139264K->30943K(162304K)] [ParOldGen: 369818K->369818K(370176K)] 509082K->400761K(532480K) [PSPermGen: 13645K->13645K(21504K)], 0.0745770 secs] [Times: user=0.52 sys=0.00, real=0.07 secs] 
213.572: Total time for which application threads were stopped: 0.0752780 seconds, Stopping threads took: 0.0000580 seconds
213.598: Application time: 0.0259070 seconds
213.599: [Full GC [PSYoungGen: 139264K->30955K(162304K)] [ParOldGen: 369818K->369818K(370176K)] 509082K->400773K(532480K) [PSPermGen: 13645K->13645K(21504K)], 0.0713930 secs] [Times: user=0.50 sys=0.00, real=0.07 secs] 
213.670: Total time for which application threads were stopped: 0.0720600 seconds, Stopping threads took: 0.0000390 seconds
213.695: Application time: 0.0253820 seconds
213.696: [Full GC [PSYoungGen: 139264K->30975K(162304K)] [ParOldGen: 369818K->369818K(370176K)] 509082K->400793K(532480K) [PSPermGen: 13645K->13645K(21504K)], 0.0721290 secs] [Times: user=0.50 sys=0.00, real=0.07 secs] 
213.768: Total time for which application threads were stopped: 0.0727660 seconds, Stopping threads took: 0.0000690 seconds
213.794: Application time: 0.0255000 seconds
213.794: [Full GC [PSYoungGen: 139264K->30990K(162304K)] [ParOldGen: 369818K->369818K(370176K)] 509082K->400809K(532480K) [PSPermGen: 13645K->13645K(21504K)], 0.0722750 secs] [Times: user=0.51 sys=0.00, real=0.07 secs] 
213.867: Total time for which application threads were stopped: 0.0729700 seconds, Stopping threads took: 0.0000520 seconds
213.893: Application time: 0.0260010 seconds
213.893: [Full GC [PSYoungGen: 139264K->30932K(162304K)] [ParOldGen: 369818K->369818K(370176K)] 509082K->400750K(532480K) [PSPermGen: 13645K->13645K(21504K)], 0.0727610 secs] [Times: user=0.50 sys=0.00, real=0.07 secs] 
213.966: Total time for which application threads were stopped: 0.0734590 seconds, Stopping threads took: 0.0000610 seconds
213.992: Application time: 0.0258600 seconds
213.993: [Full GC [PSYoungGen: 139264K->30949K(162304K)] [ParOldGen: 369818K->369818K(370176K)] 509082K->400768K(532480K) [PSPermGen: 13645K->13645K(21504K)], 0.0719370 secs] [Times: user=0.50 sys=0.00, real=0.07 secs] 
214.065: Total time for which application threads were stopped: 0.0726440 seconds, Stopping threads took: 0.0000560 seconds
214.090: Application time: 0.0257350 seconds
214.091: [Full GC [PSYoungGen: 139264K->30896K(162304K)] [ParOldGen: 369818K->369818K(370176K)] 509082K->400714K(532480K) [PSPermGen: 13645K->13645K(21504K)], 0.0717510 secs] [Times: user=0.50 sys=0.00, real=0.07 secs] 
214.163: Total time for which application threads were stopped: 0.0724530 seconds, Stopping threads took: 0.0000810 seconds
214.189: Application time: 0.0260610 seconds
214.189: [Full GC [PSYoungGen: 139264K->30847K(162304K)] [ParOldGen: 369818K->369818K(370176K)] 509082K->400666K(532480K) [PSPermGen: 13645K->13645K(21504K)], 0.0720120 secs] [Times: user=0.50 sys=0.01, real=0.07 secs] 
214.262: Total time for which application threads were stopped: 0.0726550 seconds, Stopping threads took: 0.0000700 seconds
214.287: Application time: 0.0259290 seconds
214.288: [Full GC [PSYoungGen: 139264K->30853K(162304K)] [ParOldGen: 369818K->369818K(370176K)] 509082K->400672K(532480K) [PSPermGen: 13645K->13645K(21504K)], 0.0719730 secs] [Times: user=0.51 sys=0.00, real=0.07 secs] 
214.360: Total time for which application threads were stopped: 0.0726610 seconds, Stopping threads took: 0.0000680 seconds
214.386: Application time: 0.0255360 seconds
214.386: [Full GC [PSYoungGen: 139264K->30873K(162304K)] [ParOldGen: 369818K->369818K(370176K)] 509082K->400691K(532480K) [PSPermGen: 13645K->13645K(21504K)], 0.0723060 secs] [Times: user=0.51 sys=0.00, real=0.07 secs] 
214.459: Total time for which application threads were stopped: 0.0730020 seconds, Stopping threads took: 0.0001150 seconds
214.484: Application time: 0.0256920 seconds
214.485: [Full GC [PSYoungGen: 139264K->30888K(162304K)] [ParOldGen: 369818K->369818K(370176K)] 509082K->400706K(532480K) [PSPermGen: 13645K->13645K(21504K)], 0.0723010 secs] [Times: user=0.51 sys=0.00, real=0.07 secs] 
214.557: Total time for which application threads were stopped: 0.0730370 seconds, Stopping threads took: 0.0001040 seconds
214.584: Application time: 0.0260650 seconds
214.584: [Full GC [PSYoungGen: 139264K->30902K(162304K)] [ParOldGen: 369818K->369818K(370176K)] 509082K->400720K(532480K) [PSPermGen: 13645K->13645K(21504K)], 0.0715420 secs] [Times: user=0.49 sys=0.00, real=0.08 secs] 
214.656: Total time for which application threads were stopped: 0.0723220 seconds, Stopping threads took: 0.0001220 seconds
214.682: Application time: 0.0256680 seconds
214.682: [Full GC [PSYoungGen: 139264K->30915K(162304K)] [ParOldGen: 369818K->369818K(370176K)] 509082K->400734K(532480K) [PSPermGen: 13645K->13645K(21504K)], 0.0717610 secs] [Times: user=0.50 sys=0.00, real=0.08 secs] 
214.754: Total time for which application threads were stopped: 0.0724840 seconds, Stopping threads took: 0.0000840 seconds
214.780: Application time: 0.0256250 seconds
214.780: [Full GC [PSYoungGen: 139264K->30934K(162304K)] [ParOldGen: 369818K->369818K(370176K)] 509082K->400752K(532480K) [PSPermGen: 13645K->13645K(21504K)], 0.0720460 secs] [Times: user=0.50 sys=0.01, real=0.08 secs] 
214.852: Total time for which application threads were stopped: 0.0727860 seconds, Stopping threads took: 0.0001090 seconds
214.879: Application time: 0.0267930 seconds
214.880: [Full GC [PSYoungGen: 139264K->30891K(162304K)] [ParOldGen: 369818K->369818K(370176K)] 509082K->400709K(532480K) [PSPermGen: 13645K->13645K(21504K)], 0.0721760 secs] [Times: user=0.50 sys=0.00, real=0.07 secs] 
214.952: Total time for which application threads were stopped: 0.0730770 seconds, Stopping threads took: 0.0001070 seconds
214.978: Application time: 0.0258560 seconds
214.979: [Full GC [PSYoungGen: 139264K->30839K(162304K)] [ParOldGen: 369818K->369818K(370176K)] 509082K->400657K(532480K) [PSPermGen: 13645K->13645K(21504K)], 0.0719440 secs] [Times: user=0.51 sys=0.00, real=0.07 secs] 
215.051: Total time for which application threads were stopped: 0.0728500 seconds, Stopping threads took: 0.0002820 seconds
215.077: Application time: 0.0258460 seconds
215.078: [Full GC [PSYoungGen: 139264K->30838K(162304K)] [ParOldGen: 369818K->369818K(370176K)] 509082K->400657K(532480K) [PSPermGen: 13645K->13645K(21504K)], 0.0716820 secs] [Times: user=0.50 sys=0.00, real=0.07 secs] 
215.149: Total time for which application threads were stopped: 0.0724990 seconds, Stopping threads took: 0.0001850 seconds
215.175: Application time: 0.0258890 seconds
215.176: [Full GC [PSYoungGen: 139264K->30852K(162304K)] [ParOldGen: 369818K->369818K(370176K)] 509082K->400671K(532480K) [PSPermGen: 13645K->13645K(21504K)], 0.0723420 secs] [Times: user=0.50 sys=0.00, real=0.07 secs] 
215.248: Total time for which application threads were stopped: 0.0730960 seconds, Stopping threads took: 0.0000710 seconds
215.274: Application time: 0.0259020 seconds
215.275: [Full GC [PSYoungGen: 139264K->30801K(162304K)] [ParOldGen: 369818K->369818K(370176K)] 509082K->400619K(532480K) [PSPermGen: 13645K->13645K(21504K)], 0.0719360 secs] [Times: user=0.50 sys=0.00, real=0.07 secs] 
215.347: Total time for which application threads were stopped: 0.0725890 seconds, Stopping threads took: 0.0000850 seconds
215.372: Application time: 0.0253800 seconds
215.373: [Full GC [PSYoungGen: 139264K->30813K(162304K)] [ParOldGen: 369818K->369818K(370176K)] 509082K->400631K(532480K) [PSPermGen: 13645K->13645K(21504K)], 0.0717770 secs] [Times: user=0.50 sys=0.00, real=0.07 secs] 
215.445: Total time for which application threads were stopped: 0.0724920 seconds, Stopping threads took: 0.0000660 seconds
215.470: Application time: 0.0253610 seconds
215.471: [Full GC [PSYoungGen: 139264K->30826K(162304K)] [ParOldGen: 369818K->369818K(370176K)] 509082K->400645K(532480K) [PSPermGen: 13645K->13645K(21504K)], 0.0716800 secs] [Times: user=0.51 sys=0.00, real=0.07 secs] 
215.542: Total time for which application threads were stopped: 0.0723910 seconds, Stopping threads took: 0.0000610 seconds
215.568: Application time: 0.0255140 seconds
215.569: [Full GC [PSYoungGen: 139264K->30847K(162304K)] [ParOldGen: 369818K->369818K(370176K)] 509082K->400666K(532480K) [PSPermGen: 13645K->13645K(21504K)], 0.0721960 secs] [Times: user=0.50 sys=0.00, real=0.07 secs] 
215.641: Total time for which application threads were stopped: 0.0728950 seconds, Stopping threads took: 0.0000660 seconds
215.667: Application time: 0.0257140 seconds
215.667: [Full GC [PSYoungGen: 139264K->30858K(162304K)] [ParOldGen: 369818K->369818K(370176K)] 509082K->400677K(532480K) [PSPermGen: 13645K->13645K(21504K)], 0.0719020 secs] [Times: user=0.50 sys=0.00, real=0.07 secs] 
215.739: Total time for which application threads were stopped: 0.0726130 seconds, Stopping threads took: 0.0000600 seconds
215.765: Application time: 0.0256720 seconds
215.765: [Full GC [PSYoungGen: 139264K->30809K(162304K)] [ParOldGen: 369818K->369818K(370176K)] 509082K->400627K(532480K) [PSPermGen: 13645K->13645K(21504K)], 0.0724050 secs] [Times: user=0.51 sys=0.00, real=0.07 secs] 
215.838: Total time for which application threads were stopped: 0.0730540 seconds, Stopping threads took: 0.0000550 seconds
215.863: Application time: 0.0252690 seconds
215.864: [Full GC [PSYoungGen: 139264K->30823K(162304K)] [ParOldGen: 369818K->369818K(370176K)] 509082K->400641K(532480K) [PSPermGen: 13645K->13645K(21504K)], 0.0720450 secs] [Times: user=0.51 sys=0.00, real=0.08 secs] 
215.936: Total time for which application threads were stopped: 0.0727400 seconds, Stopping threads took: 0.0000560 seconds
215.962: Application time: 0.0258910 seconds
215.962: [Full GC [PSYoungGen: 139264K->30837K(162304K)] [ParOldGen: 369818K->369818K(370176K)] 509082K->400656K(532480K) [PSPermGen: 13645K->13645K(21504K)], 0.0717060 secs] [Times: user=0.50 sys=0.00, real=0.08 secs] 
216.034: Total time for which application threads were stopped: 0.0723860 seconds, Stopping threads took: 0.0000580 seconds
216.060: Application time: 0.0256980 seconds
216.061: [Full GC [PSYoungGen: 139264K->30798K(162304K)] [ParOldGen: 369818K->369818K(370176K)] 509082K->400617K(532480K) [PSPermGen: 13645K->13645K(21504K)], 0.0720080 secs] [Times: user=0.48 sys=0.03, real=0.08 secs] 
216.133: Total time for which application threads were stopped: 0.0726420 seconds, Stopping threads took: 0.0000470 seconds
216.158: Application time: 0.0251860 seconds
216.158: [Full GC [PSYoungGen: 139264K->30797K(162304K)] [ParOldGen: 369818K->369818K(370176K)] 509082K->400616K(532480K) [PSPermGen: 13645K->13645K(21504K)], 0.0719640 secs] [Times: user=0.50 sys=0.00, real=0.07 secs] 
216.230: Total time for which application threads were stopped: 0.0726230 seconds, Stopping threads took: 0.0000380 seconds
216.256: Application time: 0.0251450 seconds
216.256: [Full GC [PSYoungGen: 139264K->30815K(162304K)] [ParOldGen: 369818K->369818K(370176K)] 509082K->400633K(532480K) [PSPermGen: 13645K->13645K(21504K)], 0.0719780 secs] [Times: user=0.50 sys=0.00, real=0.07 secs] 
216.328: Total time for which application threads were stopped: 0.0726870 seconds, Stopping threads took: 0.0000600 seconds
216.354: Application time: 0.0256940 seconds
216.355: [Full GC [PSYoungGen: 139264K->30829K(162304K)] [ParOldGen: 369818K->369818K(370176K)] 509082K->400648K(532480K) [PSPermGen: 13645K->13645K(21504K)], 0.0735730 secs] [Times: user=0.52 sys=0.00, real=0.07 secs] 
216.428: Total time for which application threads were stopped: 0.0743040 seconds, Stopping threads took: 0.0000790 seconds
216.454: Application time: 0.0253870 seconds
216.454: [Full GC [PSYoungGen: 139264K->30844K(162304K)] [ParOldGen: 369818K->369818K(370176K)] 509082K->400663K(532480K) [PSPermGen: 13645K->13645K(21504K)], 0.0716820 secs] [Times: user=0.51 sys=0.00, real=0.07 secs] 
216.526: Total time for which application threads were stopped: 0.0724110 seconds, Stopping threads took: 0.0000810 seconds
216.552: Application time: 0.0256570 seconds
216.552: [Full GC [PSYoungGen: 139264K->30859K(162304K)] [ParOldGen: 369818K->369818K(370176K)] 509082K->400678K(532480K) [PSPermGen: 13645K->13645K(21504K)], 0.0714480 secs] [Times: user=0.50 sys=0.00, real=0.06 secs] 
216.624: Total time for which application threads were stopped: 0.0721600 seconds, Stopping threads took: 0.0000730 seconds
216.649: Application time: 0.0254420 seconds
216.650: [Full GC [PSYoungGen: 139264K->30876K(162304K)] [ParOldGen: 369818K->369818K(370176K)] 509082K->400694K(532480K) [PSPermGen: 13645K->13645K(21504K)], 0.0717500 secs] [Times: user=0.51 sys=0.00, real=0.07 secs] 
216.722: Total time for which application threads were stopped: 0.0724050 seconds, Stopping threads took: 0.0000780 seconds
216.747: Application time: 0.0252420 seconds
216.748: [Full GC [PSYoungGen: 139264K->30890K(162304K)] [ParOldGen: 369818K->369818K(370176K)] 509082K->400708K(532480K) [PSPermGen: 13645K->13645K(21504K)], 0.0719460 secs] [Times: user=0.51 sys=0.00, real=0.07 secs] 
216.820: Total time for which application threads were stopped: 0.0725750 seconds, Stopping threads took: 0.0000560 seconds
216.845: Application time: 0.0252760 seconds
216.845: [Full GC [PSYoungGen: 139264K->30904K(162304K)] [ParOldGen: 369818K->369818K(370176K)] 509082K->400723K(532480K) [PSPermGen: 13645K->13645K(21504K)], 0.0724440 secs] [Times: user=0.50 sys=0.00, real=0.07 secs] 
216.918: Total time for which application threads were stopped: 0.0731070 seconds, Stopping threads took: 0.0000980 seconds
216.944: Application time: 0.0260130 seconds
216.945: [Full GC [PSYoungGen: 139264K->30921K(162304K)] [ParOldGen: 369818K->369818K(370176K)] 509082K->400740K(532480K) [PSPermGen: 13645K->13645K(21504K)], 0.0717110 secs] [Times: user=0.50 sys=0.00, real=0.07 secs] 
217.017: Total time for which application threads were stopped: 0.0726430 seconds, Stopping threads took: 0.0002070 seconds
217.042: Application time: 0.0256270 seconds
217.043: [Full GC [PSYoungGen: 139264K->30938K(162304K)] [ParOldGen: 369818K->369818K(370176K)] 509082K->400756K(532480K) [PSPermGen: 13645K->13645K(21504K)], 0.0716230 secs] [Times: user=0.49 sys=0.01, real=0.08 secs] 
217.115: Total time for which application threads were stopped: 0.0722960 seconds, Stopping threads took: 0.0000420 seconds
217.140: Application time: 0.0255750 seconds
217.141: [Full GC [PSYoungGen: 139264K->30955K(162304K)] [ParOldGen: 369818K->369818K(370176K)] 509082K->400773K(532480K) [PSPermGen: 13645K->13645K(21504K)], 0.0714910 secs] [Times: user=0.50 sys=0.00, real=0.07 secs] 
217.212: Total time for which application threads were stopped: 0.0722190 seconds, Stopping threads took: 0.0000790 seconds
217.238: Application time: 0.0255940 seconds
217.239: [Full GC [PSYoungGen: 139264K->30968K(162304K)] [ParOldGen: 369818K->369818K(370176K)] 509082K->400786K(532480K) [PSPermGen: 13645K->13645K(21504K)], 0.0720520 secs] [Times: user=0.50 sys=0.00, real=0.07 secs] 
217.311: Total time for which application threads were stopped: 0.0727330 seconds, Stopping threads took: 0.0000630 seconds
217.336: Application time: 0.0251830 seconds
217.337: [Full GC [PSYoungGen: 139264K->30984K(162304K)] [ParOldGen: 369818K->369818K(370176K)] 509082K->400802K(532480K) [PSPermGen: 13645K->13645K(21504K)], 0.0719300 secs] [Times: user=0.51 sys=0.00, real=0.07 secs] 
217.409: Total time for which application threads were stopped: 0.0726470 seconds, Stopping threads took: 0.0000840 seconds
217.434: Application time: 0.0255280 seconds
217.435: [Full GC [PSYoungGen: 139264K->31001K(162304K)] [ParOldGen: 369818K->369818K(370176K)] 509082K->400820K(532480K) [PSPermGen: 13645K->13645K(21504K)], 0.0723840 secs] [Times: user=0.51 sys=0.00, real=0.07 secs] 
217.507: Total time for which application threads were stopped: 0.0730890 seconds, Stopping threads took: 0.0000650 seconds
217.533: Application time: 0.0254120 seconds
217.533: [Full GC [PSYoungGen: 139264K->31014K(162304K)] [ParOldGen: 369818K->369818K(370176K)] 509082K->400833K(532480K) [PSPermGen: 13645K->13645K(21504K)], 0.0725720 secs] [Times: user=0.50 sys=0.00, real=0.07 secs] 
217.606: Total time for which application threads were stopped: 0.0732510 seconds, Stopping threads took: 0.0000690 seconds
217.632: Application time: 0.0258710 seconds
217.632: [Full GC [PSYoungGen: 139264K->30922K(162304K)] [ParOldGen: 369818K->369818K(370176K)] 509082K->400741K(532480K) [PSPermGen: 13645K->13645K(21504K)], 0.0714900 secs] [Times: user=0.50 sys=0.00, real=0.07 secs] 
217.704: Total time for which application threads were stopped: 0.0721490 seconds, Stopping threads took: 0.0000320 seconds
217.729: Application time: 0.0254670 seconds
217.730: [Full GC [PSYoungGen: 139264K->30905K(162304K)] [ParOldGen: 369818K->369818K(370176K)] 509082K->400723K(532480K) [PSPermGen: 13645K->13645K(21504K)], 0.0718260 secs] [Times: user=0.51 sys=0.00, real=0.07 secs] 
217.802: Total time for which application threads were stopped: 0.0724510 seconds, Stopping threads took: 0.0000540 seconds
217.827: Application time: 0.0257300 seconds
217.828: [Full GC [PSYoungGen: 139264K->30922K(162304K)] [ParOldGen: 369818K->369818K(370176K)] 509082K->400740K(532480K) [PSPermGen: 13645K->13645K(21504K)], 0.0720980 secs] [Times: user=0.51 sys=0.00, real=0.07 secs] 
217.900: Total time for which application threads were stopped: 0.0727560 seconds, Stopping threads took: 0.0000840 seconds
217.926: Application time: 0.0259560 seconds
217.927: [Full GC [PSYoungGen: 139264K->30884K(162304K)] [ParOldGen: 369818K->369818K(370176K)] 509082K->400702K(532480K) [PSPermGen: 13645K->13645K(21504K)], 0.0723200 secs] [Times: user=0.51 sys=0.00, real=0.07 secs] 
217.999: Total time for which application threads were stopped: 0.0729320 seconds, Stopping threads took: 0.0000440 seconds
218.025: Application time: 0.0254380 seconds
218.025: [Full GC [PSYoungGen: 139264K->30882K(162304K)] [ParOldGen: 369818K->369818K(370176K)] 509082K->400700K(532480K) [PSPermGen: 13645K->13645K(21504K)], 0.0721890 secs] [Times: user=0.50 sys=0.00, real=0.07 secs] 
218.097: Total time for which application threads were stopped: 0.0728790 seconds, Stopping threads took: 0.0000650 seconds
218.123: Application time: 0.0255080 seconds
218.124: [Full GC [PSYoungGen: 139264K->30898K(162304K)] [ParOldGen: 369818K->369818K(370176K)] 509082K->400717K(532480K) [PSPermGen: 13645K->13645K(21504K)], 0.0717490 secs] [Times: user=0.50 sys=0.00, real=0.08 secs] 
218.195: Total time for which application threads were stopped: 0.0724580 seconds, Stopping threads took: 0.0000460 seconds
218.221: Application time: 0.0254660 seconds
218.221: [Full GC [PSYoungGen: 139264K->30912K(162304K)] [ParOldGen: 369818K->369818K(370176K)] 509082K->400730K(532480K) [PSPermGen: 13645K->13645K(21504K)], 0.0713980 secs] [Times: user=0.50 sys=0.00, real=0.08 secs] 
218.293: Total time for which application threads were stopped: 0.0720320 seconds, Stopping threads took: 0.0000680 seconds
218.318: Application time: 0.0254590 seconds
218.319: [Full GC [PSYoungGen: 139264K->30930K(162304K)] [ParOldGen: 369818K->369818K(370176K)] 509082K->400748K(532480K) [PSPermGen: 13645K->13645K(21504K)], 0.0717060 secs] [Times: user=0.51 sys=0.00, real=0.07 secs] 
218.391: Total time for which application threads were stopped: 0.0723190 seconds, Stopping threads took: 0.0000530 seconds
218.417: Application time: 0.0264610 seconds
218.418: [Full GC [PSYoungGen: 139264K->30832K(162304K)] [ParOldGen: 369818K->369818K(370176K)] 509082K->400651K(532480K) [PSPermGen: 13645K->13645K(21504K)], 0.0718510 secs] [Times: user=0.50 sys=0.01, real=0.07 secs] 
218.490: Total time for which application threads were stopped: 0.0724800 seconds, Stopping threads took: 0.0000620 seconds
218.515: Application time: 0.0255010 seconds
218.516: [Full GC [PSYoungGen: 139264K->30819K(162304K)] [ParOldGen: 369818K->369818K(370176K)] 509082K->400637K(532480K) [PSPermGen: 13645K->13645K(21504K)], 0.0718000 secs] [Times: user=0.51 sys=0.00, real=0.07 secs] 
218.588: Total time for which application threads were stopped: 0.0724250 seconds, Stopping threads took: 0.0000550 seconds
218.614: Application time: 0.0259420 seconds
218.614: [Full GC [PSYoungGen: 139264K->30835K(162304K)] [ParOldGen: 369818K->369818K(370176K)] 509082K->400653K(532480K) [PSPermGen: 13645K->13645K(21504K)], 0.0718110 secs] [Times: user=0.50 sys=0.01, real=0.07 secs] 
218.686: Total time for which application threads were stopped: 0.0724670 seconds, Stopping threads took: 0.0000240 seconds
218.712: Application time: 0.0255560 seconds
218.712: [Full GC [PSYoungGen: 139264K->30852K(162304K)] [ParOldGen: 369818K->369818K(370176K)] 509082K->400670K(532480K) [PSPermGen: 13645K->13645K(21504K)], 0.0720220 secs] [Times: user=0.51 sys=0.00, real=0.07 secs] 
218.784: Total time for which application threads were stopped: 0.0727290 seconds, Stopping threads took: 0.0000980 seconds
218.810: Application time: 0.0256720 seconds
218.811: [Full GC [PSYoungGen: 139264K->30862K(162304K)] [ParOldGen: 369818K->369818K(370176K)] 509082K->400680K(532480K) [PSPermGen: 13645K->13645K(21504K)], 0.0719690 secs] [Times: user=0.51 sys=0.00, real=0.07 secs] 
218.883: Total time for which application threads were stopped: 0.0726660 seconds, Stopping threads took: 0.0000650 seconds
218.909: Application time: 0.0258870 seconds
218.909: [Full GC [PSYoungGen: 139264K->30812K(162304K)] [ParOldGen: 369818K->369818K(370176K)] 509082K->400631K(532480K) [PSPermGen: 13645K->13645K(21504K)], 0.0720220 secs] [Times: user=0.50 sys=0.00, real=0.07 secs] 
218.981: Total time for which application threads were stopped: 0.0727310 seconds, Stopping threads took: 0.0000600 seconds
219.007: Application time: 0.0256560 seconds
219.008: [Full GC [PSYoungGen: 139264K->30827K(162304K)] [ParOldGen: 369818K->369818K(370176K)] 509082K->400645K(532480K) [PSPermGen: 13645K->13645K(21504K)], 0.0716560 secs] [Times: user=0.51 sys=0.00, real=0.07 secs] 
219.079: Total time for which application threads were stopped: 0.0723050 seconds, Stopping threads took: 0.0000640 seconds
219.105: Application time: 0.0255950 seconds
219.106: [Full GC [PSYoungGen: 139264K->30843K(162304K)] [ParOldGen: 369818K->369818K(370176K)] 509082K->400661K(532480K) [PSPermGen: 13645K->13645K(21504K)], 0.0719420 secs] [Times: user=0.50 sys=0.00, real=0.07 secs] 
219.178: Total time for which application threads were stopped: 0.0726740 seconds, Stopping threads took: 0.0000910 seconds
219.203: Application time: 0.0259340 seconds
219.204: [Full GC [PSYoungGen: 139264K->30804K(162304K)] [ParOldGen: 369818K->369818K(370176K)] 509082K->400623K(532480K) [PSPermGen: 13645K->13645K(21504K)], 0.0722180 secs] [Times: user=0.50 sys=0.01, real=0.08 secs] 
219.276: Total time for which application threads were stopped: 0.0729460 seconds, Stopping threads took: 0.0000650 seconds
219.302: Application time: 0.0253930 seconds
219.302: [Full GC [PSYoungGen: 139264K->30801K(162304K)] [ParOldGen: 369818K->369818K(370176K)] 509082K->400619K(532480K) [PSPermGen: 13645K->13645K(21504K)], 0.0715570 secs] [Times: user=0.50 sys=0.00, real=0.08 secs] 
219.374: Total time for which application threads were stopped: 0.0722690 seconds, Stopping threads took: 0.0000540 seconds
219.400: Application time: 0.0256380 seconds
219.400: [Full GC [PSYoungGen: 139264K->30818K(162304K)] [ParOldGen: 369818K->369818K(370176K)] 509082K->400636K(532480K) [PSPermGen: 13645K->13645K(21504K)], 0.0717560 secs] [Times: user=0.51 sys=0.00, real=0.07 secs] 
219.472: Total time for which application threads were stopped: 0.0724730 seconds, Stopping threads took: 0.0000740 seconds
219.498: Application time: 0.0256190 seconds
219.498: [Full GC [PSYoungGen: 139264K->30758K(162304K)] [ParOldGen: 369818K->369818K(370176K)] 509082K->400576K(532480K) [PSPermGen: 13645K->13645K(21504K)], 0.0717150 secs] [Times: user=0.50 sys=0.00, real=0.07 secs] 
219.570: Total time for which application threads were stopped: 0.0723610 seconds, Stopping threads took: 0.0000790 seconds
219.595: Application time: 0.0251680 seconds
219.596: [Full GC [PSYoungGen: 139264K->30778K(162304K)] [ParOldGen: 369818K->369818K(370176K)] 509082K->400597K(532480K) [PSPermGen: 13645K->13645K(21504K)], 0.0717300 secs] [Times: user=0.51 sys=0.00, real=0.07 secs] 
219.668: Total time for which application threads were stopped: 0.0723710 seconds, Stopping threads took: 0.0000720 seconds
219.693: Application time: 0.0253790 seconds
219.694: [Full GC [PSYoungGen: 139264K->30796K(162304K)] [ParOldGen: 369818K->369818K(370176K)] 509082K->400615K(532480K) [PSPermGen: 13645K->13645K(21504K)], 0.0724900 secs] [Times: user=0.50 sys=0.00, real=0.07 secs] 
219.766: Total time for which application threads were stopped: 0.0731740 seconds, Stopping threads took: 0.0000610 seconds
219.792: Application time: 0.0254960 seconds
219.792: [Full GC [PSYoungGen: 139264K->30810K(162304K)] [ParOldGen: 369818K->369818K(370176K)] 509082K->400629K(532480K) [PSPermGen: 13645K->13645K(21504K)], 0.0719970 secs] [Times: user=0.50 sys=0.00, real=0.07 secs] 
219.864: Total time for which application threads were stopped: 0.0727100 seconds, Stopping threads took: 0.0000630 seconds
219.890: Application time: 0.0255890 seconds
219.891: [Full GC [PSYoungGen: 139264K->30821K(162304K)] [ParOldGen: 369818K->369818K(370176K)] 509082K->400640K(532480K) [PSPermGen: 13645K->13645K(21504K)], 0.0720690 secs] [Times: user=0.50 sys=0.00, real=0.07 secs] 
219.964: Total time for which application threads were stopped: 0.0743280 seconds, Stopping threads took: 0.0000690 seconds
219.990: Application time: 0.0253490 seconds
219.990: [Full GC [PSYoungGen: 139264K->30840K(162304K)] [ParOldGen: 369818K->369818K(370176K)] 509082K->400658K(532480K) [PSPermGen: 13645K->13645K(21504K)], 0.0717430 secs] [Times: user=0.50 sys=0.01, real=0.07 secs] 
220.062: Total time for which application threads were stopped: 0.0724470 seconds, Stopping threads took: 0.0000690 seconds
220.088: Application time: 0.0260010 seconds
220.089: [Full GC [PSYoungGen: 139264K->30857K(162304K)] [ParOldGen: 369818K->369818K(370176K)] 509082K->400675K(532480K) [PSPermGen: 13645K->13645K(21504K)], 0.0719570 secs] [Times: user=0.51 sys=0.00, real=0.07 secs] 
220.161: Total time for which application threads were stopped: 0.0726620 seconds, Stopping threads took: 0.0000640 seconds
220.186: Application time: 0.0255100 seconds
220.187: [Full GC [PSYoungGen: 139264K->30873K(162304K)] [ParOldGen: 369818K->369818K(370176K)] 509082K->400691K(532480K) [PSPermGen: 13645K->13645K(21504K)], 0.0716650 secs] [Times: user=0.51 sys=0.00, real=0.07 secs] 
220.259: Total time for which application threads were stopped: 0.0723410 seconds, Stopping threads took: 0.0000600 seconds
220.284: Application time: 0.0257560 seconds
220.285: [Full GC [PSYoungGen: 139264K->30887K(162304K)] [ParOldGen: 369818K->369818K(370176K)] 509082K->400705K(532480K) [PSPermGen: 13645K->13645K(21504K)], 0.0720430 secs] [Times: user=0.51 sys=0.00, real=0.07 secs] 
220.357: Total time for which application threads were stopped: 0.0727770 seconds, Stopping threads took: 0.0000970 seconds
220.383: Application time: 0.0258610 seconds
220.384: [Full GC [PSYoungGen: 139264K->30902K(162304K)] [ParOldGen: 369818K->369818K(370176K)] 509082K->400720K(532480K) [PSPermGen: 13645K->13645K(21504K)], 0.0719850 secs] [Times: user=0.51 sys=0.00, real=0.08 secs] 
220.456: Total time for which application threads were stopped: 0.0726710 seconds, Stopping threads took: 0.0000600 seconds
220.481: Application time: 0.0254760 seconds
220.482: [Full GC [PSYoungGen: 139264K->30917K(162304K)] [ParOldGen: 369818K->369818K(370176K)] 509082K->400736K(532480K) [PSPermGen: 13645K->13645K(21504K)], 0.0717920 secs] [Times: user=0.50 sys=0.00, real=0.08 secs] 
220.554: Total time for which application threads were stopped: 0.0724950 seconds, Stopping threads took: 0.0000580 seconds
220.580: Application time: 0.0258600 seconds
220.580: [Full GC [PSYoungGen: 139264K->30932K(162304K)] [ParOldGen: 369818K->369818K(370176K)] 509082K->400750K(532480K) [PSPermGen: 13645K->13645K(21504K)], 0.0730660 secs] [Times: user=0.51 sys=0.01, real=0.08 secs] 
220.653: Total time for which application threads were stopped: 0.0737540 seconds, Stopping threads took: 0.0000580 seconds
220.679: Application time: 0.0255700 seconds
220.680: [Full GC [PSYoungGen: 139264K->30949K(162304K)] [ParOldGen: 369818K->369818K(370176K)] 509082K->400768K(532480K) [PSPermGen: 13645K->13645K(21504K)], 0.0723030 secs] [Times: user=0.51 sys=0.00, real=0.07 secs] 
220.752: Total time for which application threads were stopped: 0.0730230 seconds, Stopping threads took: 0.0000730 seconds
220.778: Application time: 0.0255920 seconds
220.778: [Full GC [PSYoungGen: 139264K->30966K(162304K)] [ParOldGen: 369818K->369818K(370176K)] 509082K->400784K(532480K) [PSPermGen: 13645K->13645K(21504K)], 0.0717760 secs] [Times: user=0.51 sys=0.00, real=0.07 secs] 
220.850: Total time for which application threads were stopped: 0.0724050 seconds, Stopping threads took: 0.0000630 seconds
220.876: Application time: 0.0255950 seconds
220.876: [Full GC [PSYoungGen: 139264K->30981K(162304K)] [ParOldGen: 369818K->369818K(370176K)] 509082K->400800K(532480K) [PSPermGen: 13645K->13645K(21504K)], 0.0726310 secs] [Times: user=0.50 sys=0.00, real=0.07 secs] 
220.949: Total time for which application threads were stopped: 0.0733380 seconds, Stopping threads took: 0.0000820 seconds
220.974: Application time: 0.0254700 seconds
220.975: [Full GC [PSYoungGen: 139264K->30994K(162304K)] [ParOldGen: 369818K->369818K(370176K)] 509082K->400812K(532480K) [PSPermGen: 13645K->13645K(21504K)], 0.0736050 secs] [Times: user=0.52 sys=0.00, real=0.07 secs] 
221.049: Total time for which application threads were stopped: 0.0742920 seconds, Stopping threads took: 0.0000710 seconds
221.074: Application time: 0.0254850 seconds
221.075: [Full GC [PSYoungGen: 139264K->31011K(162304K)] [ParOldGen: 369818K->369818K(370176K)] 509082K->400829K(532480K) [PSPermGen: 13645K->13645K(21504K)], 0.0721290 secs] [Times: user=0.51 sys=0.00, real=0.07 secs] 
221.147: Total time for which application threads were stopped: 0.0728850 seconds, Stopping threads took: 0.0001140 seconds
221.173: Application time: 0.0254420 seconds
221.173: [Full GC [PSYoungGen: 139264K->31026K(162304K)] [ParOldGen: 369818K->369818K(370176K)] 509082K->400844K(532480K) [PSPermGen: 13645K->13645K(21504K)], 0.0722120 secs] [Times: user=0.51 sys=0.00, real=0.07 secs] 
221.246: Total time for which application threads were stopped: 0.0729590 seconds, Stopping threads took: 0.0001070 seconds
221.271: Application time: 0.0257500 seconds
221.272: [Full GC [PSYoungGen: 139264K->31045K(162304K)] [ParOldGen: 369818K->369818K(370176K)] 509082K->400864K(532480K) [PSPermGen: 13645K->13645K(21504K)], 0.0721380 secs] [Times: user=0.51 sys=0.01, real=0.07 secs] 
221.344: Total time for which application threads were stopped: 0.0728560 seconds, Stopping threads took: 0.0001040 seconds
221.371: Application time: 0.0265480 seconds
221.371: [Full GC [PSYoungGen: 139264K->30949K(162304K)] [ParOldGen: 369818K->369818K(370176K)] 509082K->400768K(532480K) [PSPermGen: 13645K->13645K(21504K)], 0.0746280 secs] [Times: user=0.52 sys=0.00, real=0.08 secs] 
221.446: Total time for which application threads were stopped: 0.0752650 seconds, Stopping threads took: 0.0000650 seconds
221.472: Application time: 0.0257830 seconds
221.472: [Full GC [PSYoungGen: 139264K->30933K(162304K)] [ParOldGen: 369818K->369818K(370176K)] 509082K->400752K(532480K) [PSPermGen: 13645K->13645K(21504K)], 0.0721950 secs] [Times: user=0.51 sys=0.00, real=0.07 secs] 
221.545: Total time for which application threads were stopped: 0.0728860 seconds, Stopping threads took: 0.0000390 seconds
221.570: Application time: 0.0252990 seconds
221.571: [Full GC [PSYoungGen: 139264K->30950K(162304K)] [ParOldGen: 369818K->369818K(370176K)] 509082K->400769K(532480K) [PSPermGen: 13645K->13645K(21504K)], 0.0716320 secs] [Times: user=0.51 sys=0.00, real=0.07 secs] 
221.642: Total time for which application threads were stopped: 0.0723370 seconds, Stopping threads took: 0.0000710 seconds
221.668: Application time: 0.0253720 seconds
221.668: [Full GC [PSYoungGen: 139264K->30960K(162304K)] [ParOldGen: 369818K->369818K(370176K)] 509082K->400779K(532480K) [PSPermGen: 13645K->13645K(21504K)], 0.0719600 secs] [Times: user=0.50 sys=0.00, real=0.07 secs] 
221.740: Total time for which application threads were stopped: 0.0726560 seconds, Stopping threads took: 0.0000430 seconds
221.766: Application time: 0.0258850 seconds
221.767: [Full GC [PSYoungGen: 139264K->30856K(162304K)] [ParOldGen: 369818K->369818K(370176K)] 509082K->400675K(532480K) [PSPermGen: 13645K->13645K(21504K)], 0.0716290 secs] [Times: user=0.51 sys=0.00, real=0.07 secs] 
221.839: Total time for which application threads were stopped: 0.0723510 seconds, Stopping threads took: 0.0000790 seconds
221.864: Application time: 0.0255190 seconds
221.865: [Full GC [PSYoungGen: 139264K->30801K(162304K)] [ParOldGen: 369818K->369818K(370176K)] 509082K->400619K(532480K) [PSPermGen: 13645K->13645K(21504K)], 0.0722220 secs] [Times: user=0.51 sys=0.00, real=0.07 secs] 
221.937: Total time for which application threads were stopped: 0.0729000 seconds, Stopping threads took: 0.0000980 seconds
221.963: Application time: 0.0265090 seconds
221.964: [Full GC [PSYoungGen: 139264K->30798K(162304K)] [ParOldGen: 369818K->369818K(370176K)] 509082K->400617K(532480K) [PSPermGen: 13645K->13645K(21504K)], 0.0716960 secs] [Times: user=0.50 sys=0.00, real=0.08 secs] 
222.036: Total time for which application threads were stopped: 0.0723650 seconds, Stopping threads took: 0.0000820 seconds
222.061: Application time: 0.0254320 seconds
222.062: [Full GC [PSYoungGen: 139264K->30818K(162304K)] [ParOldGen: 369818K->369818K(370176K)] 509082K->400636K(532480K) [PSPermGen: 13645K->13645K(21504K)], 0.0720240 secs] [Times: user=0.50 sys=0.00, real=0.08 secs] 
222.134: Total time for which application threads were stopped: 0.0726500 seconds, Stopping threads took: 0.0000580 seconds
222.159: Application time: 0.0254570 seconds
222.160: [Full GC [PSYoungGen: 139264K->30828K(162304K)] [ParOldGen: 369818K->369818K(370176K)] 509082K->400647K(532480K) [PSPermGen: 13645K->13645K(21504K)], 0.0715790 secs] [Times: user=0.51 sys=0.00, real=0.07 secs] 
222.232: Total time for which application threads were stopped: 0.0722070 seconds, Stopping threads took: 0.0000560 seconds
222.257: Application time: 0.0254410 seconds
222.258: [Full GC [PSYoungGen: 139264K->30847K(162304K)] [ParOldGen: 369818K->369818K(370176K)] 509082K->400665K(532480K) [PSPermGen: 13645K->13645K(21504K)], 0.0716860 secs] [Times: user=0.50 sys=0.01, real=0.07 secs] 
222.329: Total time for which application threads were stopped: 0.0723800 seconds, Stopping threads took: 0.0000470 seconds
222.355: Application time: 0.0253900 seconds
222.355: [Full GC [PSYoungGen: 139264K->30862K(162304K)] [ParOldGen: 369818K->369818K(370176K)] 509082K->400681K(532480K) [PSPermGen: 13645K->13645K(21504K)], 0.0715390 secs] [Times: user=0.50 sys=0.00, real=0.07 secs] 
222.427: Total time for which application threads were stopped: 0.0721940 seconds, Stopping threads took: 0.0000780 seconds
222.453: Application time: 0.0256220 seconds
222.453: [Full GC [PSYoungGen: 139264K->30879K(162304K)] [ParOldGen: 369818K->369818K(370176K)] 509082K->400697K(532480K) [PSPermGen: 13645K->13645K(21504K)], 0.0719520 secs] [Times: user=0.50 sys=0.00, real=0.07 secs] 
222.525: Total time for which application threads were stopped: 0.0726150 seconds, Stopping threads took: 0.0000430 seconds
222.551: Application time: 0.0257480 seconds
222.552: [Full GC [PSYoungGen: 139264K->30838K(162304K)] [ParOldGen: 369818K->369818K(370176K)] 509082K->400657K(532480K) [PSPermGen: 13645K->13645K(21504K)], 0.0723560 secs] [Times: user=0.51 sys=0.00, real=0.07 secs] 
222.624: Total time for which application threads were stopped: 0.0730020 seconds, Stopping threads took: 0.0000740 seconds
222.650: Application time: 0.0259650 seconds
222.651: [Full GC [PSYoungGen: 139264K->30838K(162304K)] [ParOldGen: 369818K->369818K(370176K)] 509082K->400657K(532480K) [PSPermGen: 13645K->13645K(21504K)], 0.0715650 secs] [Times: user=0.50 sys=0.00, real=0.07 secs] 
222.722: Total time for which application threads were stopped: 0.0722850 seconds, Stopping threads took: 0.0000820 seconds
222.748: Application time: 0.0260380 seconds
222.749: [Full GC [PSYoungGen: 139264K->30799K(162304K)] [ParOldGen: 369818K->369818K(370176K)] 509082K->400618K(532480K) [PSPermGen: 13645K->13645K(21504K)], 0.0724940 secs] [Times: user=0.51 sys=0.00, real=0.07 secs] 
222.822: Total time for which application threads were stopped: 0.0732060 seconds, Stopping threads took: 0.0000690 seconds
222.847: Application time: 0.0255260 seconds
222.848: [Full GC [PSYoungGen: 139264K->30797K(162304K)] [ParOldGen: 369818K->369818K(370176K)] 509082K->400616K(532480K) [PSPermGen: 13645K->13645K(21504K)], 0.0715630 secs] [Times: user=0.50 sys=0.01, real=0.07 secs] 
222.920: Total time for which application threads were stopped: 0.0724800 seconds, Stopping threads took: 0.0002450 seconds
222.947: Application time: 0.0271670 seconds
222.947: [Full GC [PSYoungGen: 139264K->30758K(162304K)] [ParOldGen: 369818K->369818K(370176K)] 509082K->400577K(532480K) [PSPermGen: 13645K->13645K(21504K)], 0.0717830 secs] [Times: user=0.51 sys=0.00, real=0.07 secs] 
223.019: Total time for which application threads were stopped: 0.0724800 seconds, Stopping threads took: 0.0000830 seconds
223.045: Application time: 0.0256310 seconds
223.045: [Full GC [PSYoungGen: 139264K->30759K(162304K)] [ParOldGen: 369818K->369818K(370176K)] 509082K->400577K(532480K) [PSPermGen: 13645K->13645K(21504K)], 0.0713680 secs] [Times: user=0.50 sys=0.00, real=0.07 secs] 
223.117: Total time for which application threads were stopped: 0.0720170 seconds, Stopping threads took: 0.0000850 seconds
223.142: Application time: 0.0255440 seconds
223.143: [Full GC [PSYoungGen: 139264K->30773K(162304K)] [ParOldGen: 369818K->369818K(370176K)] 509082K->400592K(532480K) [PSPermGen: 13645K->13645K(21504K)], 0.0720610 secs] [Times: user=0.50 sys=0.00, real=0.08 secs] 
223.215: Total time for which application threads were stopped: 0.0727610 seconds, Stopping threads took: 0.0000810 seconds
223.240: Application time: 0.0252090 seconds
223.241: [Full GC [PSYoungGen: 139264K->30791K(162304K)] [ParOldGen: 369818K->369818K(370176K)] 509082K->400609K(532480K) [PSPermGen: 13645K->13645K(21504K)], 0.0718360 secs] [Times: user=0.50 sys=0.00, real=0.08 secs] 
223.313: Total time for which application threads were stopped: 0.0725310 seconds, Stopping threads took: 0.0000600 seconds
223.338: Application time: 0.0254400 seconds
223.339: [Full GC [PSYoungGen: 139264K->30806K(162304K)] [ParOldGen: 369818K->369818K(370176K)] 509082K->400624K(532480K) [PSPermGen: 13645K->13645K(21504K)], 0.0715030 secs] [Times: user=0.51 sys=0.00, real=0.07 secs] 
223.411: Total time for which application threads were stopped: 0.0722070 seconds, Stopping threads took: 0.0000790 seconds
223.436: Application time: 0.0251080 seconds
223.436: [Full GC [PSYoungGen: 139264K->30822K(162304K)] [ParOldGen: 369818K->369818K(370176K)] 509082K->400641K(532480K) [PSPermGen: 13645K->13645K(21504K)], 0.0718100 secs] [Times: user=0.50 sys=0.00, real=0.07 secs] 
223.508: Total time for which application threads were stopped: 0.0725140 seconds, Stopping threads took: 0.0000480 seconds
223.534: Application time: 0.0255310 seconds
223.534: [Full GC [PSYoungGen: 139264K->30835K(162304K)] [ParOldGen: 369818K->369818K(370176K)] 509082K->400653K(532480K) [PSPermGen: 13645K->13645K(21504K)], 0.0717040 secs] [Times: user=0.50 sys=0.00, real=0.07 secs] 
223.606: Total time for which application threads were stopped: 0.0723920 seconds, Stopping threads took: 0.0000490 seconds
223.632: Application time: 0.0254600 seconds
223.632: [Full GC [PSYoungGen: 139264K->30852K(162304K)] [ParOldGen: 369818K->369818K(370176K)] 509082K->400670K(532480K) [PSPermGen: 13645K->13645K(21504K)], 0.0719830 secs] [Times: user=0.50 sys=0.01, real=0.07 secs] 
223.704: Total time for which application threads were stopped: 0.0727210 seconds, Stopping threads took: 0.0000940 seconds
223.730: Application time: 0.0253740 seconds
223.731: [Full GC [PSYoungGen: 139264K->30869K(162304K)] [ParOldGen: 369818K->369818K(370176K)] 509082K->400687K(532480K) [PSPermGen: 13645K->13645K(21504K)], 0.0715650 secs] [Times: user=0.51 sys=0.00, real=0.07 secs] 
223.802: Total time for which application threads were stopped: 0.0725070 seconds, Stopping threads took: 0.0002430 seconds
223.828: Application time: 0.0255210 seconds
223.828: [Full GC [PSYoungGen: 139264K->30884K(162304K)] [ParOldGen: 369818K->369818K(370176K)] 509082K->400702K(532480K) [PSPermGen: 13645K->13645K(21504K)], 0.0718900 secs] [Times: user=0.51 sys=0.00, real=0.07 secs] 
223.900: Total time for which application threads were stopped: 0.0726010 seconds, Stopping threads took: 0.0000630 seconds
223.926: Application time: 0.0255270 seconds
223.926: [Full GC [PSYoungGen: 139264K->30898K(162304K)] [ParOldGen: 369818K->369818K(370176K)] 509082K->400716K(532480K) [PSPermGen: 13645K->13645K(21504K)], 0.0724890 secs] [Times: user=0.51 sys=0.00, real=0.07 secs] 
223.999: Total time for which application threads were stopped: 0.0731870 seconds, Stopping threads took: 0.0000640 seconds
224.024: Application time: 0.0253790 seconds
224.025: [Full GC [PSYoungGen: 139264K->30914K(162304K)] [ParOldGen: 369818K->369818K(370176K)] 509082K->400732K(532480K) [PSPermGen: 13645K->13645K(21504K)], 0.0720850 secs] [Times: user=0.50 sys=0.00, real=0.07 secs] 
224.097: Total time for which application threads were stopped: 0.0728380 seconds, Stopping threads took: 0.0001020 seconds
224.123: Application time: 0.0253930 seconds
224.123: [Full GC [PSYoungGen: 139264K->30928K(162304K)] [ParOldGen: 369818K->369818K(370176K)] 509082K->400747K(532480K) [PSPermGen: 13645K->13645K(21504K)], 0.0722420 secs] [Times: user=0.50 sys=0.00, real=0.08 secs] 
224.196: Total time for which application threads were stopped: 0.0730070 seconds, Stopping threads took: 0.0001190 seconds
224.221: Application time: 0.0251800 seconds
224.221: [Full GC [PSYoungGen: 139264K->30945K(162304K)] [ParOldGen: 369818K->369818K(370176K)] 509082K->400763K(532480K) [PSPermGen: 13645K->13645K(21504K)], 0.0724440 secs] [Times: user=0.51 sys=0.00, real=0.08 secs] 
224.294: Total time for which application threads were stopped: 0.0730910 seconds, Stopping threads took: 0.0000700 seconds
224.319: Application time: 0.0254410 seconds
224.320: [Full GC [PSYoungGen: 139264K->30959K(162304K)] [ParOldGen: 369818K->369818K(370176K)] 509082K->400778K(532480K) [PSPermGen: 13645K->13645K(21504K)], 0.0728590 secs] [Times: user=0.50 sys=0.00, real=0.08 secs] 
224.393: Total time for which application threads were stopped: 0.0735280 seconds, Stopping threads took: 0.0000570 seconds
224.418: Application time: 0.0253760 seconds
224.419: [Full GC [PSYoungGen: 139264K->30977K(162304K)] [ParOldGen: 369818K->369818K(370176K)] 509082K->400795K(532480K) [PSPermGen: 13645K->13645K(21504K)], 0.0719510 secs] [Times: user=0.51 sys=0.00, real=0.07 secs] 
224.491: Total time for which application threads were stopped: 0.0726800 seconds, Stopping threads took: 0.0000870 seconds
224.516: Application time: 0.0253500 seconds
224.517: [Full GC [PSYoungGen: 139264K->30991K(162304K)] [ParOldGen: 369818K->369818K(370176K)] 509082K->400810K(532480K) [PSPermGen: 13645K->13645K(21504K)], 0.0725200 secs] [Times: user=0.50 sys=0.00, real=0.07 secs] 
224.589: Total time for which application threads were stopped: 0.0731450 seconds, Stopping threads took: 0.0000590 seconds
224.615: Application time: 0.0255100 seconds
224.616: [Full GC [PSYoungGen: 139264K->31006K(162304K)] [ParOldGen: 369818K->369818K(370176K)] 509082K->400825K(532480K) [PSPermGen: 13645K->13645K(21504K)], 0.0717900 secs] [Times: user=0.51 sys=0.00, real=0.07 secs] 
224.687: Total time for which application threads were stopped: 0.0724540 seconds, Stopping threads took: 0.0000630 seconds
224.713: Application time: 0.0255620 seconds
224.714: [Full GC [PSYoungGen: 139264K->31025K(162304K)] [ParOldGen: 369818K->369818K(370176K)] 509082K->400843K(532480K) [PSPermGen: 13645K->13645K(21504K)], 0.0720200 secs] [Times: user=0.50 sys=0.00, real=0.07 secs] 
224.786: Total time for which application threads were stopped: 0.0727470 seconds, Stopping threads took: 0.0000880 seconds
224.811: Application time: 0.0253700 seconds
224.812: [Full GC [PSYoungGen: 139264K->31042K(162304K)] [ParOldGen: 369818K->369818K(370176K)] 509082K->400860K(532480K) [PSPermGen: 13645K->13645K(21504K)], 0.0719140 secs] [Times: user=0.50 sys=0.00, real=0.07 secs] 
224.884: Total time for which application threads were stopped: 0.0726220 seconds, Stopping threads took: 0.0000560 seconds
224.909: Application time: 0.0251340 seconds
224.910: [Full GC [PSYoungGen: 139264K->31056K(162304K)] [ParOldGen: 369818K->369818K(370176K)] 509082K->400874K(532480K) [PSPermGen: 13645K->13645K(21504K)], 0.0723470 secs] [Times: user=0.51 sys=0.00, real=0.07 secs] 
224.982: Total time for which application threads were stopped: 0.0730630 seconds, Stopping threads took: 0.0000560 seconds
225.008: Application time: 0.0262390 seconds
225.009: [Full GC [PSYoungGen: 139264K->30947K(162304K)] [ParOldGen: 369818K->369818K(370176K)] 509082K->400765K(532480K) [PSPermGen: 13645K->13645K(21504K)], 0.0722290 secs] [Times: user=0.50 sys=0.00, real=0.07 secs] 
225.081: Total time for which application threads were stopped: 0.0729190 seconds, Stopping threads took: 0.0000650 seconds
225.107: Application time: 0.0256000 seconds
225.107: [Full GC [PSYoungGen: 139264K->30942K(162304K)] [ParOldGen: 369818K->369818K(370176K)] 509082K->400761K(532480K) [PSPermGen: 13645K->13645K(21504K)], 0.0723680 secs] [Times: user=0.50 sys=0.01, real=0.07 secs] 
225.180: Total time for which application threads were stopped: 0.0730060 seconds, Stopping threads took: 0.0000680 seconds
225.206: Application time: 0.0258260 seconds
225.206: [Full GC [PSYoungGen: 139264K->30883K(162304K)] [ParOldGen: 369818K->369818K(370176K)] 509082K->400702K(532480K) [PSPermGen: 13645K->13645K(21504K)], 0.0718510 secs] [Times: user=0.50 sys=0.00, real=0.07 secs] 
225.278: Total time for which application threads were stopped: 0.0725530 seconds, Stopping threads took: 0.0000440 seconds
225.304: Application time: 0.0258190 seconds
225.305: [Full GC [PSYoungGen: 139264K->30780K(162304K)] [ParOldGen: 369818K->369818K(370176K)] 509082K->400599K(532480K) [PSPermGen: 13645K->13645K(21504K)], 0.0719860 secs] [Times: user=0.51 sys=0.00, real=0.07 secs] 
225.377: Total time for which application threads were stopped: 0.0726860 seconds, Stopping threads took: 0.0000670 seconds
225.402: Application time: 0.0251740 seconds
225.402: [Full GC [PSYoungGen: 139264K->30779K(162304K)] [ParOldGen: 369818K->369818K(370176K)] 509082K->400597K(532480K) [PSPermGen: 13645K->13645K(21504K)], 0.0726250 secs] [Times: user=0.50 sys=0.00, real=0.08 secs] 
225.475: Total time for which application threads were stopped: 0.0733380 seconds, Stopping threads took: 0.0000730 seconds
225.501: Application time: 0.0253840 seconds
225.501: [Full GC [PSYoungGen: 139264K->30795K(162304K)] [ParOldGen: 369818K->369818K(370176K)] 509082K->400613K(532480K) [PSPermGen: 13645K->13645K(21504K)], 0.0715940 secs] [Times: user=0.51 sys=0.00, real=0.08 secs] 
225.573: Total time for which application threads were stopped: 0.0722900 seconds, Stopping threads took: 0.0000610 seconds
225.598: Application time: 0.0254070 seconds
225.599: [Full GC [PSYoungGen: 139264K->30809K(162304K)] [ParOldGen: 369818K->369818K(370176K)] 509082K->400628K(532480K) [PSPermGen: 13645K->13645K(21504K)], 0.0720760 secs] [Times: user=0.51 sys=0.00, real=0.07 secs] 
225.671: Total time for which application threads were stopped: 0.0727370 seconds, Stopping threads took: 0.0000780 seconds
225.697: Application time: 0.0256120 seconds
225.697: [Full GC [PSYoungGen: 139264K->30828K(162304K)] [ParOldGen: 369818K->369818K(370176K)] 509082K->400646K(532480K) [PSPermGen: 13645K->13645K(21504K)], 0.0724320 secs] [Times: user=0.51 sys=0.00, real=0.07 secs] 
225.770: Total time for which application threads were stopped: 0.0730880 seconds, Stopping threads took: 0.0000770 seconds
225.795: Application time: 0.0254320 seconds
225.796: [Full GC [PSYoungGen: 139264K->30841K(162304K)] [ParOldGen: 369818K->369818K(370176K)] 509082K->400659K(532480K) [PSPermGen: 13645K->13645K(21504K)], 0.0722360 secs] [Times: user=0.51 sys=0.00, real=0.07 secs] 
225.868: Total time for which application threads were stopped: 0.0729870 seconds, Stopping threads took: 0.0000790 seconds
225.894: Application time: 0.0254590 seconds
225.894: [Full GC [PSYoungGen: 139264K->30857K(162304K)] [ParOldGen: 369818K->369818K(370176K)] 509082K->400676K(532480K) [PSPermGen: 13645K->13645K(21504K)], 0.0724880 secs] [Times: user=0.51 sys=0.00, real=0.07 secs] 
225.967: Total time for which application threads were stopped: 0.0731330 seconds, Stopping threads took: 0.0000670 seconds
225.992: Application time: 0.0254040 seconds
225.993: [Full GC [PSYoungGen: 139264K->30875K(162304K)] [ParOldGen: 369818K->369818K(370176K)] 509082K->400694K(532480K) [PSPermGen: 13645K->13645K(21504K)], 0.0720700 secs] [Times: user=0.51 sys=0.00, real=0.07 secs] 
226.065: Total time for which application threads were stopped: 0.0727780 seconds, Stopping threads took: 0.0000550 seconds
226.091: Application time: 0.0256880 seconds
226.091: [Full GC [PSYoungGen: 139264K->30889K(162304K)] [ParOldGen: 369818K->369818K(370176K)] 509082K->400708K(532480K) [PSPermGen: 13645K->13645K(21504K)], 0.0722720 secs] [Times: user=0.51 sys=0.00, real=0.07 secs] 
226.163: Total time for which application threads were stopped: 0.0729010 seconds, Stopping threads took: 0.0000640 seconds
226.190: Application time: 0.0261210 seconds
226.190: [Full GC [PSYoungGen: 139264K->30789K(162304K)] [ParOldGen: 369818K->369818K(370176K)] 509082K->400608K(532480K) [PSPermGen: 13645K->13645K(21504K)], 0.0718050 secs] [Times: user=0.51 sys=0.00, real=0.07 secs] 
226.262: Total time for which application threads were stopped: 0.0724320 seconds, Stopping threads took: 0.0000600 seconds
226.288: Application time: 0.0254600 seconds
226.288: [Full GC [PSYoungGen: 139264K->30776K(162304K)] [ParOldGen: 369818K->369818K(370176K)] 509082K->400594K(532480K) [PSPermGen: 13645K->13645K(21504K)], 0.0730010 secs] [Times: user=0.51 sys=0.00, real=0.07 secs] 
226.361: Total time for which application threads were stopped: 0.0736300 seconds, Stopping threads took: 0.0000620 seconds
226.387: Application time: 0.0255460 seconds
226.387: [Full GC [PSYoungGen: 139264K->30796K(162304K)] [ParOldGen: 369818K->369818K(370176K)] 509082K->400614K(532480K) [PSPermGen: 13645K->13645K(21504K)], 0.0715070 secs] [Times: user=0.50 sys=0.01, real=0.07 secs] 
226.459: Total time for which application threads were stopped: 0.0722200 seconds, Stopping threads took: 0.0000570 seconds
226.484: Application time: 0.0251380 seconds
226.485: [Full GC [PSYoungGen: 139264K->30809K(162304K)] [ParOldGen: 369818K->369818K(370176K)] 509082K->400628K(532480K) [PSPermGen: 13645K->13645K(21504K)], 0.0719910 secs] [Times: user=0.51 sys=0.00, real=0.07 secs] 
226.557: Total time for which application threads were stopped: 0.0726920 seconds, Stopping threads took: 0.0000580 seconds
226.582: Application time: 0.0253880 seconds
226.583: [Full GC [PSYoungGen: 139264K->30770K(162304K)] [ParOldGen: 369818K->369818K(370176K)] 509082K->400588K(532480K) [PSPermGen: 13645K->13645K(21504K)], 0.0716690 secs] [Times: user=0.51 sys=0.00, real=0.08 secs] 
226.655: Total time for which application threads were stopped: 0.0723710 seconds, Stopping threads took: 0.0000590 seconds
226.680: Application time: 0.0253930 seconds
226.681: [Full GC [PSYoungGen: 139264K->30767K(162304K)] [ParOldGen: 369818K->369818K(370176K)] 509082K->400586K(532480K) [PSPermGen: 13645K->13645K(21504K)], 0.0721530 secs] [Times: user=0.50 sys=0.00, real=0.08 secs] 
226.753: Total time for which application threads were stopped: 0.0728490 seconds, Stopping threads took: 0.0000580 seconds
226.778: Application time: 0.0253320 seconds
226.779: [Full GC [PSYoungGen: 139264K->30784K(162304K)] [ParOldGen: 369818K->369818K(370176K)] 509082K->400602K(532480K) [PSPermGen: 13645K->13645K(21504K)], 0.0728700 secs] [Times: user=0.49 sys=0.01, real=0.07 secs] 
226.852: Total time for which application threads were stopped: 0.0735700 seconds, Stopping threads took: 0.0000540 seconds
226.877: Application time: 0.0254670 seconds
226.878: [Full GC [PSYoungGen: 139264K->30802K(162304K)] [ParOldGen: 369818K->369818K(370176K)] 509082K->400620K(532480K) [PSPermGen: 13645K->13645K(21504K)], 0.0732800 secs] [Times: user=0.51 sys=0.00, real=0.07 secs] 
226.951: Total time for which application threads were stopped: 0.0739840 seconds, Stopping threads took: 0.0000500 seconds
226.976: Application time: 0.0251640 seconds
226.977: [Full GC [PSYoungGen: 139264K->30817K(162304K)] [ParOldGen: 369818K->369818K(370176K)] 509082K->400636K(532480K) [PSPermGen: 13645K->13645K(21504K)], 0.0726200 secs] [Times: user=0.52 sys=0.00, real=0.07 secs] 
227.050: Total time for which application threads were stopped: 0.0733550 seconds, Stopping threads took: 0.0000630 seconds
227.075: Application time: 0.0254990 seconds
227.076: [Full GC [PSYoungGen: 139264K->30833K(162304K)] [ParOldGen: 369818K->369818K(370176K)] 509082K->400651K(532480K) [PSPermGen: 13645K->13645K(21504K)], 0.0715830 secs] [Times: user=0.50 sys=0.00, real=0.07 secs] 
227.147: Total time for which application threads were stopped: 0.0722820 seconds, Stopping threads took: 0.0000580 seconds
227.173: Application time: 0.0254300 seconds
227.174: [Full GC [PSYoungGen: 139264K->30848K(162304K)] [ParOldGen: 369818K->369818K(370176K)] 509082K->400667K(532480K) [PSPermGen: 13645K->13645K(21504K)], 0.0729180 secs] [Times: user=0.51 sys=0.00, real=0.07 secs] 
227.247: Total time for which application threads were stopped: 0.0736170 seconds, Stopping threads took: 0.0000480 seconds
227.272: Application time: 0.0253510 seconds
227.272: [Full GC [PSYoungGen: 139264K->30864K(162304K)] [ParOldGen: 369818K->369818K(370176K)] 509082K->400682K(532480K) [PSPermGen: 13645K->13645K(21504K)], 0.0722800 secs] [Times: user=0.50 sys=0.00, real=0.07 secs] 
227.345: Total time for which application threads were stopped: 0.0729360 seconds, Stopping threads took: 0.0000570 seconds
227.370: Application time: 0.0255310 seconds
227.371: [Full GC [PSYoungGen: 139264K->30880K(162304K)] [ParOldGen: 369818K->369818K(370176K)] 509082K->400698K(532480K) [PSPermGen: 13645K->13645K(21504K)], 0.0714630 secs] [Times: user=0.50 sys=0.00, real=0.07 secs] 
227.442: Total time for which application threads were stopped: 0.0721570 seconds, Stopping threads took: 0.0000540 seconds
227.468: Application time: 0.0251930 seconds
227.468: [Full GC [PSYoungGen: 139264K->30894K(162304K)] [ParOldGen: 369818K->369818K(370176K)] 509082K->400712K(532480K) [PSPermGen: 13645K->13645K(21504K)], 0.0729190 secs] [Times: user=0.50 sys=0.01, real=0.07 secs] 
227.541: Total time for which application threads were stopped: 0.0736180 seconds, Stopping threads took: 0.0000600 seconds
227.567: Application time: 0.0254030 seconds
227.567: [Full GC [PSYoungGen: 139264K->30909K(162304K)] [ParOldGen: 369818K->369818K(370176K)] 509082K->400727K(532480K) [PSPermGen: 13645K->13645K(21504K)], 0.0721890 secs] [Times: user=0.51 sys=0.00, real=0.07 secs] 
227.640: Total time for which application threads were stopped: 0.0729030 seconds, Stopping threads took: 0.0000540 seconds
227.665: Application time: 0.0255430 seconds
227.666: [Full GC [PSYoungGen: 139264K->30926K(162304K)] [ParOldGen: 369818K->369818K(370176K)] 509082K->400744K(532480K) [PSPermGen: 13645K->13645K(21504K)], 0.0717870 secs] [Times: user=0.51 sys=0.00, real=0.07 secs] 
227.738: Total time for which application threads were stopped: 0.0724870 seconds, Stopping threads took: 0.0000610 seconds
227.763: Application time: 0.0255880 seconds
227.764: [Full GC [PSYoungGen: 139264K->30940K(162304K)] [ParOldGen: 369818K->369818K(370176K)] 509082K->400758K(532480K) [PSPermGen: 13645K->13645K(21504K)], 0.0720170 secs] [Times: user=0.50 sys=0.01, real=0.08 secs] 
227.836: Total time for which application threads were stopped: 0.0727030 seconds, Stopping threads took: 0.0000540 seconds
227.862: Application time: 0.0255750 seconds
227.862: [Full GC [PSYoungGen: 139264K->30956K(162304K)] [ParOldGen: 369818K->369818K(370176K)] 509082K->400775K(532480K) [PSPermGen: 13645K->13645K(21504K)], 0.0721500 secs] [Times: user=0.51 sys=0.00, real=0.08 secs] 
227.934: Total time for which application threads were stopped: 0.0728590 seconds, Stopping threads took: 0.0000700 seconds
227.961: Application time: 0.0265460 seconds
227.962: [Full GC [PSYoungGen: 139264K->30971K(162304K)] [ParOldGen: 369818K->369818K(370176K)] 509082K->400790K(532480K) [PSPermGen: 13645K->13645K(21504K)], 0.0722530 secs] [Times: user=0.50 sys=0.00, real=0.08 secs] 
228.034: Total time for which application threads were stopped: 0.0729280 seconds, Stopping threads took: 0.0000400 seconds
228.060: Application time: 0.0256940 seconds
228.060: [Full GC [PSYoungGen: 139264K->30987K(162304K)] [ParOldGen: 369818K->369818K(370176K)] 509082K->400805K(532480K) [PSPermGen: 13645K->13645K(21504K)], 0.0720630 secs] [Times: user=0.50 sys=0.00, real=0.07 secs] 
228.132: Total time for which application threads were stopped: 0.0727420 seconds, Stopping threads took: 0.0000460 seconds
228.158: Application time: 0.0254810 seconds
228.158: [Full GC [PSYoungGen: 139264K->31005K(162304K)] [ParOldGen: 369818K->369818K(370176K)] 509082K->400824K(532480K) [PSPermGen: 13645K->13645K(21504K)], 0.0727790 secs] [Times: user=0.51 sys=0.00, real=0.07 secs] 
228.231: Total time for which application threads were stopped: 0.0734510 seconds, Stopping threads took: 0.0000600 seconds
228.257: Application time: 0.0254910 seconds
228.257: [Full GC [PSYoungGen: 139264K->31020K(162304K)] [ParOldGen: 369818K->369818K(370176K)] 509082K->400838K(532480K) [PSPermGen: 13645K->13645K(21504K)], 0.0718810 secs] [Times: user=0.50 sys=0.00, real=0.07 secs] 
228.329: Total time for which application threads were stopped: 0.0725670 seconds, Stopping threads took: 0.0000500 seconds
228.355: Application time: 0.0256550 seconds
228.356: [Full GC [PSYoungGen: 139264K->31036K(162304K)] [ParOldGen: 369818K->369818K(370176K)] 509082K->400854K(532480K) [PSPermGen: 13645K->13645K(21504K)], 0.0719440 secs] [Times: user=0.51 sys=0.01, real=0.07 secs] 
228.428: Total time for which application threads were stopped: 0.0726600 seconds, Stopping threads took: 0.0000740 seconds
228.453: Application time: 0.0253770 seconds
228.454: [Full GC [PSYoungGen: 139264K->31046K(162304K)] [ParOldGen: 369818K->369818K(370176K)] 509082K->400865K(532480K) [PSPermGen: 13645K->13645K(21504K)], 0.0726840 secs] [Times: user=0.51 sys=0.00, real=0.07 secs] 
228.526: Total time for which application threads were stopped: 0.0733030 seconds, Stopping threads took: 0.0000400 seconds
228.552: Application time: 0.0258550 seconds
228.553: [Full GC [PSYoungGen: 139264K->31066K(162304K)] [ParOldGen: 369818K->369818K(370176K)] 509082K->400885K(532480K) [PSPermGen: 13645K->13645K(21504K)], 0.0721610 secs] [Times: user=0.51 sys=0.00, real=0.07 secs] 
228.625: Total time for which application threads were stopped: 0.0728920 seconds, Stopping threads took: 0.0000900 seconds
228.651: Application time: 0.0258890 seconds
228.652: [Full GC [PSYoungGen: 139264K->30969K(162304K)] [ParOldGen: 369818K->369818K(370176K)] 509082K->400787K(532480K) [PSPermGen: 13645K->13645K(21504K)], 0.0717640 secs] [Times: user=0.50 sys=0.00, real=0.07 secs] 
228.723: Total time for which application threads were stopped: 0.0724580 seconds, Stopping threads took: 0.0000790 seconds
228.749: Application time: 0.0260830 seconds
228.750: [Full GC [PSYoungGen: 139264K->30833K(162304K)] [ParOldGen: 369818K->369818K(370176K)] 509082K->400651K(532480K) [PSPermGen: 13645K->13645K(21504K)], 0.0719570 secs] [Times: user=0.50 sys=0.00, real=0.07 secs] 
228.822: Total time for which application threads were stopped: 0.0726750 seconds, Stopping threads took: 0.0000590 seconds
228.848: Application time: 0.0255150 seconds
228.848: [Full GC [PSYoungGen: 139264K->30830K(162304K)] [ParOldGen: 369818K->369818K(370176K)] 509082K->400648K(532480K) [PSPermGen: 13645K->13645K(21504K)], 0.0720350 secs] [Times: user=0.50 sys=0.00, real=0.07 secs] 
228.920: Total time for which application threads were stopped: 0.0727300 seconds, Stopping threads took: 0.0000520 seconds
228.947: Application time: 0.0267370 seconds
228.948: [Full GC [PSYoungGen: 139264K->30784K(162304K)] [ParOldGen: 369818K->369818K(370176K)] 509082K->400602K(532480K) [PSPermGen: 13645K->13645K(21504K)], 0.0715630 secs] [Times: user=0.51 sys=0.00, real=0.07 secs] 
229.019: Total time for which application threads were stopped: 0.0722550 seconds, Stopping threads took: 0.0000750 seconds
229.045: Application time: 0.0256230 seconds
229.046: [Full GC [PSYoungGen: 139264K->30791K(162304K)] [ParOldGen: 369818K->369818K(370176K)] 509082K->400609K(532480K) [PSPermGen: 13645K->13645K(21504K)], 0.0720880 secs] [Times: user=0.51 sys=0.00, real=0.07 secs] 
229.118: Total time for which application threads were stopped: 0.0727750 seconds, Stopping threads took: 0.0000510 seconds
229.143: Application time: 0.0255350 seconds
229.144: [Full GC [PSYoungGen: 139264K->30804K(162304K)] [ParOldGen: 369818K->369818K(370176K)] 509082K->400623K(532480K) [PSPermGen: 13645K->13645K(21504K)], 0.0719470 secs] [Times: user=0.50 sys=0.00, real=0.08 secs] 
229.216: Total time for which application threads were stopped: 0.0725750 seconds, Stopping threads took: 0.0000500 seconds
229.241: Application time: 0.0255280 seconds
229.242: [Full GC [PSYoungGen: 139264K->30822K(162304K)] [ParOldGen: 369818K->369818K(370176K)] 509082K->400640K(532480K) [PSPermGen: 13645K->13645K(21504K)], 0.0720780 secs] [Times: user=0.50 sys=0.00, real=0.08 secs] 
229.314: Total time for which application threads were stopped: 0.0727720 seconds, Stopping threads took: 0.0000570 seconds
229.340: Application time: 0.0255140 seconds
229.340: [Full GC [PSYoungGen: 139264K->30838K(162304K)] [ParOldGen: 369818K->369818K(370176K)] 509082K->400657K(532480K) [PSPermGen: 13645K->13645K(21504K)], 0.0720450 secs] [Times: user=0.51 sys=0.00, real=0.08 secs] 
229.412: Total time for which application threads were stopped: 0.0727060 seconds, Stopping threads took: 0.0000590 seconds
229.438: Application time: 0.0254570 seconds
229.439: [Full GC [PSYoungGen: 139264K->30854K(162304K)] [ParOldGen: 369818K->369818K(370176K)] 509082K->400673K(532480K) [PSPermGen: 13645K->13645K(21504K)], 0.0719990 secs] [Times: user=0.51 sys=0.00, real=0.07 secs] 
229.511: Total time for which application threads were stopped: 0.0726310 seconds, Stopping threads took: 0.0000690 seconds
229.536: Application time: 0.0255320 seconds
229.537: [Full GC [PSYoungGen: 139264K->30870K(162304K)] [ParOldGen: 369818K->369818K(370176K)] 509082K->400689K(532480K) [PSPermGen: 13645K->13645K(21504K)], 0.0720270 secs] [Times: user=0.50 sys=0.00, real=0.07 secs] 
229.609: Total time for which application threads were stopped: 0.0727280 seconds, Stopping threads took: 0.0000560 seconds
229.635: Application time: 0.0258120 seconds
229.635: [Full GC [PSYoungGen: 139264K->30885K(162304K)] [ParOldGen: 369818K->369818K(370176K)] 509082K->400704K(532480K) [PSPermGen: 13645K->13645K(21504K)], 0.0723340 secs] [Times: user=0.51 sys=0.00, real=0.07 secs] 
229.708: Total time for which application threads were stopped: 0.0729690 seconds, Stopping threads took: 0.0000590 seconds
229.734: Application time: 0.0261070 seconds
229.734: [Full GC [PSYoungGen: 139264K->30833K(162304K)] [ParOldGen: 369818K->369818K(370176K)] 509082K->400652K(532480K) [PSPermGen: 13645K->13645K(21504K)], 0.0721630 secs] [Times: user=0.51 sys=0.00, real=0.07 secs] 
229.807: Total time for which application threads were stopped: 0.0728670 seconds, Stopping threads took: 0.0000730 seconds
229.832: Application time: 0.0257640 seconds
229.833: [Full GC [PSYoungGen: 139264K->30845K(162304K)] [ParOldGen: 369818K->369818K(370176K)] 509082K->400663K(532480K) [PSPermGen: 13645K->13645K(21504K)], 0.0715470 secs] [Times: user=0.50 sys=0.00, real=0.07 secs] 
229.905: Total time for which application threads were stopped: 0.0722280 seconds, Stopping threads took: 0.0000730 seconds
229.930: Application time: 0.0255750 seconds
229.931: [Full GC [PSYoungGen: 139264K->30770K(162304K)] [ParOldGen: 369818K->369818K(370176K)] 509082K->400588K(532480K) [PSPermGen: 13645K->13645K(21504K)], 0.0726310 secs] [Times: user=0.51 sys=0.00, real=0.07 secs] 
230.005: Total time for which application threads were stopped: 0.0747980 seconds, Stopping threads took: 0.0000760 seconds
230.030: Application time: 0.0255020 seconds
230.031: [Full GC [PSYoungGen: 139264K->30804K(162304K)] [ParOldGen: 369818K->369818K(370176K)] 509082K->400622K(532480K) [PSPermGen: 13645K->13645K(21504K)], 0.0717110 secs] [Times: user=0.50 sys=0.00, real=0.07 secs] 
230.103: Total time for which application threads were stopped: 0.0724200 seconds, Stopping threads took: 0.0000650 seconds
230.128: Application time: 0.0255750 seconds
230.129: [Full GC [PSYoungGen: 139264K->30766K(162304K)] [ParOldGen: 369818K->369818K(370176K)] 509082K->400584K(532480K) [PSPermGen: 13645K->13645K(21504K)], 0.0718240 secs] [Times: user=0.50 sys=0.00, real=0.07 secs] 
230.201: Total time for which application threads were stopped: 0.0724940 seconds, Stopping threads took: 0.0000460 seconds
230.226: Application time: 0.0254360 seconds
230.227: [Full GC [PSYoungGen: 139264K->30765K(162304K)] [ParOldGen: 369818K->369818K(370176K)] 509082K->400583K(532480K) [PSPermGen: 13645K->13645K(21504K)], 0.0718690 secs] [Times: user=0.51 sys=0.00, real=0.07 secs] 
230.299: Total time for which application threads were stopped: 0.0725770 seconds, Stopping threads took: 0.0000710 seconds
230.325: Application time: 0.0256050 seconds
230.325: [Full GC [PSYoungGen: 139264K->30780K(162304K)] [ParOldGen: 369818K->369818K(370176K)] 509082K->400598K(532480K) [PSPermGen: 13645K->13645K(21504K)], 0.0713910 secs] [Times: user=0.50 sys=0.00, real=0.07 secs] 
230.397: Total time for which application threads were stopped: 0.0721210 seconds, Stopping threads took: 0.0000970 seconds
230.422: Application time: 0.0254230 seconds
230.423: [Full GC [PSYoungGen: 139264K->30798K(162304K)] [ParOldGen: 369818K->369818K(370176K)] 509082K->400616K(532480K) [PSPermGen: 13645K->13645K(21504K)], 0.0714620 secs] [Times: user=0.50 sys=0.00, real=0.08 secs] 
230.494: Total time for which application threads were stopped: 0.0721160 seconds, Stopping threads took: 0.0000810 seconds
230.520: Application time: 0.0252980 seconds
230.520: [Full GC [PSYoungGen: 139264K->30812K(162304K)] [ParOldGen: 369818K->369818K(370176K)] 509082K->400630K(532480K) [PSPermGen: 13645K->13645K(21504K)], 0.0725120 secs] [Times: user=0.50 sys=0.00, real=0.08 secs] 
230.593: Total time for which application threads were stopped: 0.0732500 seconds, Stopping threads took: 0.0000830 seconds
230.618: Application time: 0.0251210 seconds
230.619: [Full GC [PSYoungGen: 139264K->30828K(162304K)] [ParOldGen: 369818K->369818K(370176K)] 509082K->400646K(532480K) [PSPermGen: 13645K->13645K(21504K)], 0.0718030 secs] [Times: user=0.50 sys=0.00, real=0.07 secs] 
230.690: Total time for which application threads were stopped: 0.0724980 seconds, Stopping threads took: 0.0000510 seconds
230.716: Application time: 0.0252870 seconds
230.716: [Full GC [PSYoungGen: 139264K->30845K(162304K)] [ParOldGen: 369818K->369818K(370176K)] 509082K->400664K(532480K) [PSPermGen: 13645K->13645K(21504K)], 0.0717900 secs] [Times: user=0.50 sys=0.00, real=0.07 secs] 
230.788: Total time for which application threads were stopped: 0.0724870 seconds, Stopping threads took: 0.0000550 seconds
230.814: Application time: 0.0253090 seconds
230.814: [Full GC [PSYoungGen: 139264K->30858K(162304K)] [ParOldGen: 369818K->369818K(370176K)] 509082K->400676K(532480K) [PSPermGen: 13645K->13645K(21504K)], 0.0721360 secs] [Times: user=0.51 sys=0.00, real=0.07 secs] 
230.886: Total time for which application threads were stopped: 0.0728330 seconds, Stopping threads took: 0.0000530 seconds
230.912: Application time: 0.0254960 seconds
230.912: [Full GC [PSYoungGen: 139264K->30874K(162304K)] [ParOldGen: 369818K->369818K(370176K)] 509082K->400692K(532480K) [PSPermGen: 13645K->13645K(21504K)], 0.0723480 secs] [Times: user=0.50 sys=0.00, real=0.07 secs] 
230.985: Total time for which application threads were stopped: 0.0729710 seconds, Stopping threads took: 0.0000480 seconds
231.011: Application time: 0.0256700 seconds
231.011: [Full GC [PSYoungGen: 139264K->30889K(162304K)] [ParOldGen: 369818K->369818K(370176K)] 509082K->400707K(532480K) [PSPermGen: 13645K->13645K(21504K)], 0.0725540 secs] [Times: user=0.50 sys=0.00, real=0.07 secs] 
231.084: Total time for which application threads were stopped: 0.0732680 seconds, Stopping threads took: 0.0000560 seconds
231.109: Application time: 0.0255310 seconds
231.110: [Full GC [PSYoungGen: 139264K->30905K(162304K)] [ParOldGen: 369818K->369818K(370176K)] 509082K->400723K(532480K) [PSPermGen: 13645K->13645K(21504K)], 0.0720740 secs] [Times: user=0.51 sys=0.00, real=0.07 secs] 
231.182: Total time for which application threads were stopped: 0.0727740 seconds, Stopping threads took: 0.0000590 seconds
231.208: Application time: 0.0254040 seconds
231.208: [Full GC [PSYoungGen: 139264K->30921K(162304K)] [ParOldGen: 369818K->369818K(370176K)] 509082K->400739K(532480K) [PSPermGen: 13645K->13645K(21504K)], 0.0727040 secs] [Times: user=0.50 sys=0.00, real=0.07 secs] 
231.281: Total time for which application threads were stopped: 0.0733310 seconds, Stopping threads took: 0.0000540 seconds
231.306: Application time: 0.0254000 seconds
231.307: [Full GC [PSYoungGen: 139264K->30937K(162304K)] [ParOldGen: 369818K->369818K(370176K)] 509082K->400755K(532480K) [PSPermGen: 13645K->13645K(21504K)], 0.0722400 secs] [Times: user=0.51 sys=0.00, real=0.07 secs] 
231.379: Total time for which application threads were stopped: 0.0729500 seconds, Stopping threads took: 0.0000660 seconds
231.405: Application time: 0.0254790 seconds
231.405: [Full GC [PSYoungGen: 139264K->30950K(162304K)] [ParOldGen: 369818K->369818K(370176K)] 509082K->400768K(532480K) [PSPermGen: 13645K->13645K(21504K)], 0.0718880 secs] [Times: user=0.51 sys=0.00, real=0.07 secs] 
231.477: Total time for which application threads were stopped: 0.0725730 seconds, Stopping threads took: 0.0000470 seconds
231.503: Application time: 0.0254470 seconds
231.503: [Full GC [PSYoungGen: 139264K->30969K(162304K)] [ParOldGen: 369818K->369818K(370176K)] 509082K->400787K(532480K) [PSPermGen: 13645K->13645K(21504K)], 0.0719300 secs] [Times: user=0.51 sys=0.00, real=0.08 secs] 
231.575: Total time for which application threads were stopped: 0.0725630 seconds, Stopping threads took: 0.0000560 seconds
231.601: Application time: 0.0258320 seconds
231.602: [Full GC [PSYoungGen: 139264K->30985K(162304K)] [ParOldGen: 369818K->369818K(370176K)] 509082K->400804K(532480K) [PSPermGen: 13645K->13645K(21504K)], 0.0718600 secs] [Times: user=0.51 sys=0.00, real=0.08 secs] 
231.674: Total time for which application threads were stopped: 0.0725930 seconds, Stopping threads took: 0.0000960 seconds
231.699: Application time: 0.0257130 seconds
231.700: [Full GC [PSYoungGen: 139264K->31000K(162304K)] [ParOldGen: 369818K->369818K(370176K)] 509082K->400818K(532480K) [PSPermGen: 13645K->13645K(21504K)], 0.0722280 secs] [Times: user=0.51 sys=0.00, real=0.07 secs] 
231.772: Total time for which application threads were stopped: 0.0728970 seconds, Stopping threads took: 0.0000520 seconds
231.798: Application time: 0.0255130 seconds
231.798: [Full GC [PSYoungGen: 139264K->31016K(162304K)] [ParOldGen: 369818K->369818K(370176K)] 509082K->400835K(532480K) [PSPermGen: 13645K->13645K(21504K)], 0.0720320 secs] [Times: user=0.51 sys=0.00, real=0.07 secs] 
231.871: Total time for which application threads were stopped: 0.0726680 seconds, Stopping threads took: 0.0000620 seconds
231.896: Application time: 0.0254120 seconds
231.897: [Full GC [PSYoungGen: 139264K->31030K(162304K)] [ParOldGen: 369818K->369818K(370176K)] 509082K->400848K(532480K) [PSPermGen: 13645K->13645K(21504K)], 0.0725320 secs] [Times: user=0.50 sys=0.00, real=0.07 secs] 
231.969: Total time for which application threads were stopped: 0.0732520 seconds, Stopping threads took: 0.0000690 seconds
231.995: Application time: 0.0254060 seconds
231.995: [Full GC [PSYoungGen: 139264K->31045K(162304K)] [ParOldGen: 369818K->369818K(370176K)] 509082K->400863K(532480K) [PSPermGen: 13645K->13645K(21504K)], 0.0723600 secs] [Times: user=0.50 sys=0.00, real=0.07 secs] 
232.068: Total time for which application threads were stopped: 0.0730480 seconds, Stopping threads took: 0.0000600 seconds
232.093: Application time: 0.0254960 seconds
232.094: [Full GC [PSYoungGen: 139264K->31054K(162304K)] [ParOldGen: 369818K->369818K(370176K)] 509082K->400873K(532480K) [PSPermGen: 13645K->13645K(21504K)], 0.0717460 secs] [Times: user=0.51 sys=0.00, real=0.07 secs] 
232.166: Total time for which application threads were stopped: 0.0724220 seconds, Stopping threads took: 0.0000480 seconds
232.194: Application time: 0.0279460 seconds
232.194: [Full GC [PSYoungGen: 139264K->30830K(162304K)] [ParOldGen: 369818K->369818K(370176K)] 509082K->400648K(532480K) [PSPermGen: 13645K->13645K(21504K)], 0.0722580 secs] [Times: user=0.51 sys=0.00, real=0.07 secs] 
232.266: Total time for which application threads were stopped: 0.0729120 seconds, Stopping threads took: 0.0000810 seconds
232.292: Application time: 0.0259430 seconds
232.293: [Full GC [PSYoungGen: 139264K->30810K(162304K)] [ParOldGen: 369818K->369818K(370176K)] 509082K->400629K(532480K) [PSPermGen: 13645K->13645K(21504K)], 0.0714380 secs] [Times: user=0.50 sys=0.00, real=0.07 secs] 
232.365: Total time for which application threads were stopped: 0.0721710 seconds, Stopping threads took: 0.0000780 seconds
232.390: Application time: 0.0255830 seconds
232.391: [Full GC [PSYoungGen: 139264K->30828K(162304K)] [ParOldGen: 369818K->369818K(370176K)] 509082K->400646K(532480K) [PSPermGen: 13645K->13645K(21504K)], 0.0718810 secs] [Times: user=0.50 sys=0.00, real=0.07 secs] 
232.463: Total time for which application threads were stopped: 0.0725780 seconds, Stopping threads took: 0.0000680 seconds
232.488: Application time: 0.0255490 seconds
232.489: [Full GC [PSYoungGen: 139264K->30841K(162304K)] [ParOldGen: 369818K->369818K(370176K)] 509082K->400659K(532480K) [PSPermGen: 13645K->13645K(21504K)], 0.0714990 secs] [Times: user=0.51 sys=0.00, real=0.07 secs] 
232.560: Total time for which application threads were stopped: 0.0722090 seconds, Stopping threads took: 0.0000870 seconds
232.586: Application time: 0.0256880 seconds
232.587: [Full GC [PSYoungGen: 139264K->30857K(162304K)] [ParOldGen: 369818K->369818K(370176K)] 509082K->400675K(532480K) [PSPermGen: 13645K->13645K(21504K)], 0.0716520 secs] [Times: user=0.50 sys=0.00, real=0.07 secs] 
232.659: Total time for which application threads were stopped: 0.0723490 seconds, Stopping threads took: 0.0000850 seconds
232.674: Application time: 0.0150450 seconds
232.674: Total time for which application threads were stopped: 0.0005710 seconds, Stopping threads took: 0.0000790 seconds
232.685: Application time: 0.0111530 seconds
232.686: [Full GC [PSYoungGen: 139264K->30813K(162304K)] [ParOldGen: 369818K->369818K(370176K)] 509082K->400632K(532480K) [PSPermGen: 13645K->13645K(21504K)], 0.0717730 secs] [Times: user=0.50 sys=0.00, real=0.07 secs] 
232.758: Total time for which application threads were stopped: 0.0725120 seconds, Stopping threads took: 0.0001120 seconds
232.784: Application time: 0.0258930 seconds
232.784: [Full GC [PSYoungGen: 139264K->30817K(162304K)] [ParOldGen: 369818K->369818K(370176K)] 509082K->400636K(532480K) [PSPermGen: 13645K->13645K(21504K)], 0.0715790 secs] [Times: user=0.50 sys=0.00, real=0.08 secs] 
232.856: Total time for which application threads were stopped: 0.0722270 seconds, Stopping threads took: 0.0000730 seconds
232.882: Application time: 0.0256690 seconds
232.882: [Full GC [PSYoungGen: 139264K->30834K(162304K)] [ParOldGen: 369818K->369818K(370176K)] 509082K->400652K(532480K) [PSPermGen: 13645K->13645K(21504K)], 0.0730240 secs] [Times: user=0.50 sys=0.00, real=0.08 secs] 
232.955: Total time for which application threads were stopped: 0.0736820 seconds, Stopping threads took: 0.0000630 seconds
232.981: Application time: 0.0259500 seconds
232.982: [Full GC [PSYoungGen: 139264K->30850K(162304K)] [ParOldGen: 369818K->369818K(370176K)] 509082K->400668K(532480K) [PSPermGen: 13645K->13645K(21504K)], 0.0722560 secs] [Times: user=0.51 sys=0.00, real=0.08 secs] 
233.054: Total time for which application threads were stopped: 0.0729780 seconds, Stopping threads took: 0.0000840 seconds
233.080: Application time: 0.0257870 seconds
233.081: [Full GC [PSYoungGen: 139264K->30866K(162304K)] [ParOldGen: 369818K->369818K(370176K)] 509082K->400685K(532480K) [PSPermGen: 13645K->13645K(21504K)], 0.0717990 secs] [Times: user=0.51 sys=0.00, real=0.08 secs] 
233.152: Total time for which application threads were stopped: 0.0724480 seconds, Stopping threads took: 0.0000750 seconds
233.178: Application time: 0.0258760 seconds
233.179: [Full GC [PSYoungGen: 139264K->30881K(162304K)] [ParOldGen: 369818K->369818K(370176K)] 509082K->400700K(532480K) [PSPermGen: 13645K->13645K(21504K)], 0.0722510 secs] [Times: user=0.51 sys=0.00, real=0.07 secs] 
233.251: Total time for which application threads were stopped: 0.0729800 seconds, Stopping threads took: 0.0000900 seconds
233.280: Application time: 0.0282580 seconds
233.280: [Full GC [PSYoungGen: 139264K->30827K(162304K)] [ParOldGen: 369818K->369818K(370176K)] 509082K->400645K(532480K) [PSPermGen: 13645K->13645K(21504K)], 0.0722220 secs] [Times: user=0.50 sys=0.01, real=0.08 secs] 
233.353: Total time for which application threads were stopped: 0.0729110 seconds, Stopping threads took: 0.0000920 seconds
233.378: Application time: 0.0257070 seconds
233.379: [Full GC [PSYoungGen: 139264K->30841K(162304K)] [ParOldGen: 369818K->369818K(370176K)] 509082K->400660K(532480K) [PSPermGen: 13645K->13645K(21504K)], 0.0718670 secs] [Times: user=0.51 sys=0.00, real=0.07 secs] 
233.451: Total time for which application threads were stopped: 0.0725620 seconds, Stopping threads took: 0.0000730 seconds
233.477: Application time: 0.0258810 seconds
233.477: [Full GC [PSYoungGen: 139264K->30856K(162304K)] [ParOldGen: 369818K->369818K(370176K)] 509082K->400675K(532480K) [PSPermGen: 13645K->13645K(21504K)], 0.0724000 secs] [Times: user=0.51 sys=0.00, real=0.07 secs] 
233.550: Total time for which application threads were stopped: 0.0731250 seconds, Stopping threads took: 0.0000720 seconds
233.576: Application time: 0.0260750 seconds
233.576: [Full GC [PSYoungGen: 139264K->30813K(162304K)] [ParOldGen: 369818K->369818K(370176K)] 509082K->400631K(532480K) [PSPermGen: 13645K->13645K(21504K)], 0.0727860 secs] [Times: user=0.51 sys=0.00, real=0.07 secs] 
233.649: Total time for which application threads were stopped: 0.0734390 seconds, Stopping threads took: 0.0000840 seconds
233.675: Application time: 0.0261250 seconds
233.676: [Full GC [PSYoungGen: 139264K->30762K(162304K)] [ParOldGen: 369818K->369818K(370176K)] 509082K->400580K(532480K) [PSPermGen: 13645K->13645K(21504K)], 0.0717090 secs] [Times: user=0.50 sys=0.00, real=0.07 secs] 
233.748: Total time for which application threads were stopped: 0.0724400 seconds, Stopping threads took: 0.0000880 seconds
233.773: Application time: 0.0255410 seconds
233.774: [Full GC [PSYoungGen: 139264K->30761K(162304K)] [ParOldGen: 369818K->369818K(370176K)] 509082K->400580K(532480K) [PSPermGen: 13645K->13645K(21504K)], 0.0726490 secs] [Times: user=0.51 sys=0.00, real=0.07 secs] 
233.847: Total time for which application threads were stopped: 0.0732840 seconds, Stopping threads took: 0.0000600 seconds
233.872: Application time: 0.0255140 seconds
233.873: [Full GC [PSYoungGen: 139264K->30776K(162304K)] [ParOldGen: 369818K->369818K(370176K)] 509082K->400595K(532480K) [PSPermGen: 13645K->13645K(21504K)], 0.0745890 secs] [Times: user=0.52 sys=0.00, real=0.07 secs] 
233.948: Total time for which application threads were stopped: 0.0752960 seconds, Stopping threads took: 0.0000800 seconds
233.973: Application time: 0.0253150 seconds
233.974: [Full GC [PSYoungGen: 139264K->30793K(162304K)] [ParOldGen: 369818K->369818K(370176K)] 509082K->400611K(532480K) [PSPermGen: 13645K->13645K(21504K)], 0.0724530 secs] [Times: user=0.50 sys=0.00, real=0.07 secs] 
234.046: Total time for which application threads were stopped: 0.0731790 seconds, Stopping threads took: 0.0000740 seconds
234.072: Application time: 0.0255490 seconds
234.072: [Full GC [PSYoungGen: 139264K->30811K(162304K)] [ParOldGen: 369818K->369818K(370176K)] 509082K->400629K(532480K) [PSPermGen: 13645K->13645K(21504K)], 0.0719300 secs] [Times: user=0.49 sys=0.01, real=0.07 secs] 
234.144: Total time for which application threads were stopped: 0.0726600 seconds, Stopping threads took: 0.0000750 seconds
234.170: Application time: 0.0255050 seconds
234.170: [Full GC [PSYoungGen: 139264K->30824K(162304K)] [ParOldGen: 369818K->369818K(370176K)] 509082K->400643K(532480K) [PSPermGen: 13645K->13645K(21504K)], 0.0729820 secs] [Times: user=0.52 sys=0.00, real=0.07 secs] 
234.243: Total time for which application threads were stopped: 0.0736940 seconds, Stopping threads took: 0.0000740 seconds
234.269: Application time: 0.0257170 seconds
234.270: [Full GC [PSYoungGen: 139264K->30839K(162304K)] [ParOldGen: 369818K->369818K(370176K)] 509082K->400658K(532480K) [PSPermGen: 13645K->13645K(21504K)], 0.0714900 secs] [Times: user=0.51 sys=0.00, real=0.07 secs] 
234.341: Total time for which application threads were stopped: 0.0721580 seconds, Stopping threads took: 0.0000420 seconds
234.367: Application time: 0.0259170 seconds
234.368: [Full GC [PSYoungGen: 139264K->30854K(162304K)] [ParOldGen: 369818K->369818K(370176K)] 509082K->400673K(532480K) [PSPermGen: 13645K->13645K(21504K)], 0.0719290 secs] [Times: user=0.51 sys=0.00, real=0.07 secs] 
234.440: Total time for which application threads were stopped: 0.0726470 seconds, Stopping threads took: 0.0000740 seconds
234.466: Application time: 0.0257040 seconds
234.466: [Full GC [PSYoungGen: 139264K->30870K(162304K)] [ParOldGen: 369818K->369818K(370176K)] 509082K->400689K(532480K) [PSPermGen: 13645K->13645K(21504K)], 0.0721790 secs] [Times: user=0.51 sys=0.00, real=0.07 secs] 
234.538: Total time for which application threads were stopped: 0.0728000 seconds, Stopping threads took: 0.0000590 seconds
234.564: Application time: 0.0257600 seconds
234.565: [Full GC [PSYoungGen: 139264K->30887K(162304K)] [ParOldGen: 369818K->369818K(370176K)] 509082K->400706K(532480K) [PSPermGen: 13645K->13645K(21504K)], 0.0720560 secs] [Times: user=0.51 sys=0.00, real=0.07 secs] 
234.637: Total time for which application threads were stopped: 0.0727740 seconds, Stopping threads took: 0.0000730 seconds
234.663: Application time: 0.0256170 seconds
234.663: [Full GC [PSYoungGen: 139264K->30899K(162304K)] [ParOldGen: 369818K->369818K(370176K)] 509082K->400718K(532480K) [PSPermGen: 13645K->13645K(21504K)], 0.0718900 secs] [Times: user=0.51 sys=0.00, real=0.08 secs] 
234.735: Total time for which application threads were stopped: 0.0726210 seconds, Stopping threads took: 0.0000640 seconds
234.761: Application time: 0.0256340 seconds
234.761: [Full GC [PSYoungGen: 139264K->30915K(162304K)] [ParOldGen: 369818K->369818K(370176K)] 509082K->400734K(532480K) [PSPermGen: 13645K->13645K(21504K)], 0.0715470 secs] [Times: user=0.51 sys=0.00, real=0.08 secs] 
234.833: Total time for which application threads were stopped: 0.0722290 seconds, Stopping threads took: 0.0001100 seconds
234.859: Application time: 0.0257270 seconds
234.859: [Full GC [PSYoungGen: 139264K->30932K(162304K)] [ParOldGen: 369818K->369818K(370176K)] 509082K->400750K(532480K) [PSPermGen: 13645K->13645K(21504K)], 0.0718510 secs] [Times: user=0.51 sys=0.00, real=0.07 secs] 
234.931: Total time for which application threads were stopped: 0.0725360 seconds, Stopping threads took: 0.0000590 seconds
234.958: Application time: 0.0268730 seconds
234.959: [Full GC [PSYoungGen: 139264K->30949K(162304K)] [ParOldGen: 369818K->369818K(370176K)] 509082K->400767K(532480K) [PSPermGen: 13645K->13645K(21504K)], 0.0718560 secs] [Times: user=0.50 sys=0.00, real=0.07 secs] 
235.031: Total time for which application threads were stopped: 0.0725790 seconds, Stopping threads took: 0.0000910 seconds
235.056: Application time: 0.0256040 seconds
235.057: [Full GC [PSYoungGen: 139264K->30960K(162304K)] [ParOldGen: 369818K->369818K(370176K)] 509082K->400779K(532480K) [PSPermGen: 13645K->13645K(21504K)], 0.0717960 secs] [Times: user=0.50 sys=0.00, real=0.07 secs] 
235.129: Total time for which application threads were stopped: 0.0724480 seconds, Stopping threads took: 0.0000850 seconds
235.155: Application time: 0.0257980 seconds
235.155: [Full GC [PSYoungGen: 139264K->30979K(162304K)] [ParOldGen: 369818K->369818K(370176K)] 509082K->400797K(532480K) [PSPermGen: 13645K->13645K(21504K)], 0.0717600 secs] [Times: user=0.50 sys=0.00, real=0.07 secs] 
235.227: Total time for which application threads were stopped: 0.0724030 seconds, Stopping threads took: 0.0000570 seconds
235.254: Application time: 0.0271150 seconds
235.255: [Full GC [PSYoungGen: 139264K->30994K(162304K)] [ParOldGen: 369818K->369818K(370176K)] 509082K->400812K(532480K) [PSPermGen: 13645K->13645K(21504K)], 0.0717850 secs] [Times: user=0.50 sys=0.01, real=0.07 secs] 
235.327: Total time for which application threads were stopped: 0.0724910 seconds, Stopping threads took: 0.0000540 seconds
235.353: Application time: 0.0258510 seconds
235.353: [Full GC [PSYoungGen: 139264K->31011K(162304K)] [ParOldGen: 369818K->369818K(370176K)] 509082K->400829K(532480K) [PSPermGen: 13645K->13645K(21504K)], 0.0718380 secs] [Times: user=0.50 sys=0.00, real=0.07 secs] 
235.425: Total time for which application threads were stopped: 0.0725540 seconds, Stopping threads took: 0.0000920 seconds
235.451: Application time: 0.0260420 seconds
235.452: [Full GC [PSYoungGen: 139264K->31029K(162304K)] [ParOldGen: 369818K->369818K(370176K)] 509082K->400847K(532480K) [PSPermGen: 13645K->13645K(21504K)], 0.0717070 secs] [Times: user=0.51 sys=0.00, real=0.07 secs] 
235.524: Total time for which application threads were stopped: 0.0724290 seconds, Stopping threads took: 0.0000850 seconds
235.537: Application time: 0.0132810 seconds
235.537: Total time for which application threads were stopped: 0.0006220 seconds, Stopping threads took: 0.0000700 seconds
235.551: Application time: 0.0134480 seconds
235.552: [Full GC [PSYoungGen: 139264K->30916K(162304K)] [ParOldGen: 369818K->369818K(370176K)] 509082K->400735K(532480K) [PSPermGen: 13645K->13645K(21504K)], 0.0725180 secs] [Times: user=0.50 sys=0.00, real=0.07 secs] 
235.624: Total time for which application threads were stopped: 0.0732240 seconds, Stopping threads took: 0.0000910 seconds
235.650: Application time: 0.0258650 seconds
235.651: [Full GC [PSYoungGen: 139264K->30916K(162304K)] [ParOldGen: 369818K->369818K(370176K)] 509082K->400735K(532480K) [PSPermGen: 13645K->13645K(21504K)], 0.0722830 secs] [Times: user=0.51 sys=0.00, real=0.07 secs] 
235.723: Total time for which application threads were stopped: 0.0729700 seconds, Stopping threads took: 0.0000620 seconds
235.748: Application time: 0.0254410 seconds
235.749: [Full GC [PSYoungGen: 139264K->30931K(162304K)] [ParOldGen: 369818K->369818K(370176K)] 509082K->400749K(532480K) [PSPermGen: 13645K->13645K(21504K)], 0.0716150 secs] [Times: user=0.51 sys=0.00, real=0.07 secs] 
235.821: Total time for which application threads were stopped: 0.0723140 seconds, Stopping threads took: 0.0000700 seconds
235.846: Application time: 0.0256510 seconds
235.847: [Full GC [PSYoungGen: 139264K->30948K(162304K)] [ParOldGen: 369818K->369818K(370176K)] 509082K->400766K(532480K) [PSPermGen: 13645K->13645K(21504K)], 0.0719740 secs] [Times: user=0.51 sys=0.00, real=0.07 secs] 
235.919: Total time for which application threads were stopped: 0.0726430 seconds, Stopping threads took: 0.0000690 seconds
235.946: Application time: 0.0273870 seconds
235.947: [Full GC [PSYoungGen: 139264K->30845K(162304K)] [ParOldGen: 369818K->369818K(370176K)] 509082K->400663K(532480K) [PSPermGen: 13645K->13645K(21504K)], 0.0719740 secs] [Times: user=0.50 sys=0.01, real=0.07 secs] 
236.019: Total time for which application threads were stopped: 0.0726570 seconds, Stopping threads took: 0.0000730 seconds
236.045: Application time: 0.0255280 seconds
236.045: [Full GC [PSYoungGen: 139264K->30837K(162304K)] [ParOldGen: 369818K->369818K(370176K)] 509082K->400656K(532480K) [PSPermGen: 13645K->13645K(21504K)], 0.0716730 secs] [Times: user=0.50 sys=0.00, real=0.07 secs] 
236.117: Total time for which application threads were stopped: 0.0723630 seconds, Stopping threads took: 0.0000630 seconds
236.142: Application time: 0.0254230 seconds
236.143: [Full GC [PSYoungGen: 139264K->30852K(162304K)] [ParOldGen: 369818K->369818K(370176K)] 509082K->400670K(532480K) [PSPermGen: 13645K->13645K(21504K)], 0.0714370 secs] [Times: user=0.50 sys=0.00, real=0.08 secs] 
236.215: Total time for which application threads were stopped: 0.0721300 seconds, Stopping threads took: 0.0000540 seconds
236.240: Application time: 0.0258110 seconds
236.241: [Full GC [PSYoungGen: 139264K->30869K(162304K)] [ParOldGen: 369818K->369818K(370176K)] 509082K->400688K(532480K) [PSPermGen: 13645K->13645K(21504K)], 0.0719040 secs] [Times: user=0.50 sys=0.00, real=0.08 secs] 
236.313: Total time for which application threads were stopped: 0.0725690 seconds, Stopping threads took: 0.0000960 seconds
236.339: Application time: 0.0256040 seconds
236.339: [Full GC [PSYoungGen: 139264K->30882K(162304K)] [ParOldGen: 369818K->369818K(370176K)] 509082K->400700K(532480K) [PSPermGen: 13645K->13645K(21504K)], 0.0717300 secs] [Times: user=0.50 sys=0.00, real=0.07 secs] 
236.411: Total time for which application threads were stopped: 0.0724310 seconds, Stopping threads took: 0.0000760 seconds
236.437: Application time: 0.0263140 seconds
236.438: [Full GC [PSYoungGen: 139264K->30844K(162304K)] [ParOldGen: 369818K->369818K(370176K)] 509082K->400662K(532480K) [PSPermGen: 13645K->13645K(21504K)], 0.0719390 secs] [Times: user=0.51 sys=0.00, real=0.07 secs] 
236.510: Total time for which application threads were stopped: 0.0726480 seconds, Stopping threads took: 0.0000500 seconds
236.536: Application time: 0.0257780 seconds
236.536: [Full GC [PSYoungGen: 139264K->30844K(162304K)] [ParOldGen: 369818K->369818K(370176K)] 509082K->400662K(532480K) [PSPermGen: 13645K->13645K(21504K)], 0.0721640 secs] [Times: user=0.51 sys=0.01, real=0.07 secs] 
236.609: Total time for which application threads were stopped: 0.0728800 seconds, Stopping threads took: 0.0000730 seconds
236.635: Application time: 0.0258730 seconds
236.635: [Full GC [PSYoungGen: 139264K->30862K(162304K)] [ParOldGen: 369818K->369818K(370176K)] 509082K->400680K(532480K) [PSPermGen: 13645K->13645K(21504K)], 0.0718250 secs] [Times: user=0.51 sys=0.00, real=0.07 secs] 
236.707: Total time for which application threads were stopped: 0.0725060 seconds, Stopping threads took: 0.0000540 seconds
236.733: Application time: 0.0256940 seconds
236.733: [Full GC [PSYoungGen: 139264K->30877K(162304K)] [ParOldGen: 369818K->369818K(370176K)] 509082K->400696K(532480K) [PSPermGen: 13645K->13645K(21504K)], 0.0718470 secs] [Times: user=0.50 sys=0.00, real=0.07 secs] 
236.805: Total time for which application threads were stopped: 0.0725280 seconds, Stopping threads took: 0.0000550 seconds
236.831: Application time: 0.0255470 seconds
236.831: [Full GC [PSYoungGen: 139264K->30889K(162304K)] [ParOldGen: 369818K->369818K(370176K)] 509082K->400707K(532480K) [PSPermGen: 13645K->13645K(21504K)], 0.0718570 secs] [Times: user=0.51 sys=0.00, real=0.07 secs] 
236.903: Total time for which application threads were stopped: 0.0725720 seconds, Stopping threads took: 0.0000730 seconds
236.930: Application time: 0.0261390 seconds
236.930: [Full GC [PSYoungGen: 139264K->30853K(162304K)] [ParOldGen: 369818K->369818K(370176K)] 509082K->400672K(532480K) [PSPermGen: 13645K->13645K(21504K)], 0.0722520 secs] [Times: user=0.51 sys=0.00, real=0.07 secs] 
237.002: Total time for which application threads were stopped: 0.0729590 seconds, Stopping threads took: 0.0000740 seconds
237.028: Application time: 0.0256500 seconds
237.029: [Full GC [PSYoungGen: 139264K->30851K(162304K)] [ParOldGen: 369818K->369818K(370176K)] 509082K->400670K(532480K) [PSPermGen: 13645K->13645K(21504K)], 0.0719740 secs] [Times: user=0.50 sys=0.00, real=0.07 secs] 
237.101: Total time for which application threads were stopped: 0.0727340 seconds, Stopping threads took: 0.0000930 seconds
237.127: Application time: 0.0261700 seconds
237.128: [Full GC [PSYoungGen: 139263K->30758K(162304K)] [ParOldGen: 369818K->369818K(370176K)] 509082K->400576K(532480K) [PSPermGen: 13645K->13645K(21504K)], 0.0717360 secs] [Times: user=0.50 sys=0.00, real=0.07 secs] 
237.199: Total time for which application threads were stopped: 0.0724270 seconds, Stopping threads took: 0.0000630 seconds
237.225: Application time: 0.0257270 seconds
237.226: [Full GC [PSYoungGen: 139264K->30742K(162304K)] [ParOldGen: 369818K->369818K(370176K)] 509082K->400560K(532480K) [PSPermGen: 13645K->13645K(21504K)], 0.0714690 secs] [Times: user=0.50 sys=0.00, real=0.07 secs] 
237.297: Total time for which application threads were stopped: 0.0721890 seconds, Stopping threads took: 0.0000920 seconds
237.323: Application time: 0.0259700 seconds
237.324: [Full GC [PSYoungGen: 139264K->30758K(162304K)] [ParOldGen: 369818K->369818K(370176K)] 509082K->400576K(532480K) [PSPermGen: 13645K->13645K(21504K)], 0.0716740 secs] [Times: user=0.50 sys=0.00, real=0.08 secs] 
237.396: Total time for which application threads were stopped: 0.0723660 seconds, Stopping threads took: 0.0000690 seconds
237.421: Application time: 0.0255750 seconds
237.422: [Full GC [PSYoungGen: 139264K->30773K(162304K)] [ParOldGen: 369818K->369818K(370176K)] 509082K->400591K(532480K) [PSPermGen: 13645K->13645K(21504K)], 0.0722950 secs] [Times: user=0.51 sys=0.00, real=0.08 secs] 
237.494: Total time for which application threads were stopped: 0.0730020 seconds, Stopping threads took: 0.0000770 seconds
237.520: Application time: 0.0256500 seconds
237.521: [Full GC [PSYoungGen: 139264K->30789K(162304K)] [ParOldGen: 369818K->369818K(370176K)] 509082K->400607K(532480K) [PSPermGen: 13645K->13645K(21504K)], 0.0716690 secs] [Times: user=0.50 sys=0.01, real=0.07 secs] 
237.592: Total time for which application threads were stopped: 0.0723150 seconds, Stopping threads took: 0.0000690 seconds
237.618: Application time: 0.0257130 seconds
237.619: [Full GC [PSYoungGen: 139264K->30804K(162304K)] [ParOldGen: 369818K->369818K(370176K)] 509082K->400622K(532480K) [PSPermGen: 13645K->13645K(21504K)], 0.0714650 secs] [Times: user=0.51 sys=0.00, real=0.07 secs] 
237.690: Total time for which application threads were stopped: 0.0721860 seconds, Stopping threads took: 0.0000660 seconds
237.716: Application time: 0.0256970 seconds
237.716: [Full GC [PSYoungGen: 139264K->30819K(162304K)] [ParOldGen: 369818K->369818K(370176K)] 509082K->400637K(532480K) [PSPermGen: 13645K->13645K(21504K)], 0.0725030 secs] [Times: user=0.51 sys=0.00, real=0.07 secs] 
237.789: Total time for which application threads were stopped: 0.0731550 seconds, Stopping threads took: 0.0000750 seconds
237.815: Application time: 0.0255240 seconds
237.815: [Full GC [PSYoungGen: 139264K->30836K(162304K)] [ParOldGen: 369818K->369818K(370176K)] 509082K->400654K(532480K) [PSPermGen: 13645K->13645K(21504K)], 0.0720520 secs] [Times: user=0.51 sys=0.00, real=0.07 secs] 
237.887: Total time for which application threads were stopped: 0.0727300 seconds, Stopping threads took: 0.0000980 seconds
237.913: Application time: 0.0253900 seconds
237.913: [Full GC [PSYoungGen: 139264K->30851K(162304K)] [ParOldGen: 369818K->369818K(370176K)] 509082K->400670K(532480K) [PSPermGen: 13645K->13645K(21504K)], 0.0729850 secs] [Times: user=0.50 sys=0.01, real=0.07 secs] 
237.986: Total time for which application threads were stopped: 0.0736140 seconds, Stopping threads took: 0.0000760 seconds
238.012: Application time: 0.0255250 seconds
238.013: [Full GC [PSYoungGen: 139264K->30867K(162304K)] [ParOldGen: 369818K->369818K(370176K)] 509082K->400686K(532480K) [PSPermGen: 13645K->13645K(21504K)], 0.0716950 secs] [Times: user=0.50 sys=0.00, real=0.06 secs] 
238.084: Total time for which application threads were stopped: 0.0724300 seconds, Stopping threads took: 0.0000920 seconds
238.110: Application time: 0.0254060 seconds
238.110: [Full GC [PSYoungGen: 139264K->30882K(162304K)] [ParOldGen: 369818K->369818K(370176K)] 509082K->400700K(532480K) [PSPermGen: 13645K->13645K(21504K)], 0.0718920 secs] [Times: user=0.50 sys=0.00, real=0.07 secs] 
238.182: Total time for which application threads were stopped: 0.0725460 seconds, Stopping threads took: 0.0000830 seconds
238.208: Application time: 0.0253870 seconds
238.208: [Full GC [PSYoungGen: 139264K->30897K(162304K)] [ParOldGen: 369818K->369818K(370176K)] 509082K->400716K(532480K) [PSPermGen: 13645K->13645K(21504K)], 0.0723470 secs] [Times: user=0.50 sys=0.00, real=0.07 secs] 
238.281: Total time for which application threads were stopped: 0.0731740 seconds, Stopping threads took: 0.0001240 seconds
238.306: Application time: 0.0256390 seconds
238.307: [Full GC [PSYoungGen: 139264K->30911K(162304K)] [ParOldGen: 369818K->369818K(370176K)] 509082K->400730K(532480K) [PSPermGen: 13645K->13645K(21504K)], 0.0729690 secs] [Times: user=0.51 sys=0.00, real=0.07 secs] 
238.380: Total time for which application threads were stopped: 0.0736060 seconds, Stopping threads took: 0.0000570 seconds
238.406: Application time: 0.0256540 seconds
238.406: [Full GC [PSYoungGen: 139264K->30928K(162304K)] [ParOldGen: 369818K->369818K(370176K)] 509082K->400747K(532480K) [PSPermGen: 13645K->13645K(21504K)], 0.0726520 secs] [Times: user=0.52 sys=0.00, real=0.07 secs] 
238.479: Total time for which application threads were stopped: 0.0733560 seconds, Stopping threads took: 0.0000840 seconds
238.505: Application time: 0.0258780 seconds
238.506: [Full GC [PSYoungGen: 139264K->30945K(162304K)] [ParOldGen: 369818K->369818K(370176K)] 509082K->400763K(532480K) [PSPermGen: 13645K->13645K(21504K)], 0.0718170 secs] [Times: user=0.51 sys=0.00, real=0.07 secs] 
238.577: Total time for which application threads were stopped: 0.0724920 seconds, Stopping threads took: 0.0000370 seconds
238.603: Application time: 0.0256830 seconds
238.604: [Full GC [PSYoungGen: 139264K->30962K(162304K)] [ParOldGen: 369818K->369818K(370176K)] 509082K->400780K(532480K) [PSPermGen: 13645K->13645K(21504K)], 0.0716170 secs] [Times: user=0.50 sys=0.00, real=0.08 secs] 
238.675: Total time for which application threads were stopped: 0.0723090 seconds, Stopping threads took: 0.0000500 seconds
238.701: Application time: 0.0256620 seconds
238.702: [Full GC [PSYoungGen: 139264K->30971K(162304K)] [ParOldGen: 369818K->369818K(370176K)] 509082K->400789K(532480K) [PSPermGen: 13645K->13645K(21504K)], 0.0721720 secs] [Times: user=0.51 sys=0.00, real=0.08 secs] 
238.774: Total time for which application threads were stopped: 0.0728750 seconds, Stopping threads took: 0.0000720 seconds
238.800: Application time: 0.0257290 seconds
238.800: [Full GC [PSYoungGen: 139264K->30987K(162304K)] [ParOldGen: 369818K->369818K(370176K)] 509082K->400805K(532480K) [PSPermGen: 13645K->13645K(21504K)], 0.0719440 secs] [Times: user=0.50 sys=0.00, real=0.08 secs] 
238.872: Total time for which application threads were stopped: 0.0726760 seconds, Stopping threads took: 0.0000540 seconds
238.898: Application time: 0.0259620 seconds
238.899: [Full GC [PSYoungGen: 139264K->31007K(162304K)] [ParOldGen: 369818K->369818K(370176K)] 509082K->400825K(532480K) [PSPermGen: 13645K->13645K(21504K)], 0.0723310 secs] [Times: user=0.50 sys=0.00, real=0.07 secs] 
238.971: Total time for which application threads were stopped: 0.0730120 seconds, Stopping threads took: 0.0000540 seconds
238.997: Application time: 0.0260630 seconds
238.998: [Full GC [PSYoungGen: 139264K->30964K(162304K)] [ParOldGen: 369818K->369818K(370176K)] 509082K->400783K(532480K) [PSPermGen: 13645K->13645K(21504K)], 0.0719080 secs] [Times: user=0.50 sys=0.00, real=0.07 secs] 
239.070: Total time for which application threads were stopped: 0.0726090 seconds, Stopping threads took: 0.0000700 seconds
239.096: Application time: 0.0262950 seconds
239.097: [Full GC [PSYoungGen: 139264K->30913K(162304K)] [ParOldGen: 369818K->369818K(370176K)] 509082K->400731K(532480K) [PSPermGen: 13645K->13645K(21504K)], 0.0719850 secs] [Times: user=0.50 sys=0.00, real=0.07 secs] 
239.169: Total time for which application threads were stopped: 0.0726390 seconds, Stopping threads took: 0.0000810 seconds
239.195: Application time: 0.0258300 seconds
239.195: [Full GC [PSYoungGen: 139264K->30912K(162304K)] [ParOldGen: 369818K->369818K(370176K)] 509082K->400730K(532480K) [PSPermGen: 13645K->13645K(21504K)], 0.0715060 secs] [Times: user=0.50 sys=0.00, real=0.07 secs] 
239.267: Total time for which application threads were stopped: 0.0721820 seconds, Stopping threads took: 0.0000510 seconds
239.293: Application time: 0.0255330 seconds
239.293: [Full GC [PSYoungGen: 139264K->30926K(162304K)] [ParOldGen: 369818K->369818K(370176K)] 509082K->400744K(532480K) [PSPermGen: 13645K->13645K(21504K)], 0.0716040 secs] [Times: user=0.50 sys=0.00, real=0.07 secs] 
239.365: Total time for which application threads were stopped: 0.0722340 seconds, Stopping threads took: 0.0000610 seconds
239.390: Application time: 0.0254240 seconds
239.391: [Full GC [PSYoungGen: 139264K->30944K(162304K)] [ParOldGen: 369818K->369818K(370176K)] 509082K->400762K(532480K) [PSPermGen: 13645K->13645K(21504K)], 0.0717850 secs] [Times: user=0.51 sys=0.00, real=0.07 secs] 
239.463: Total time for which application threads were stopped: 0.0725060 seconds, Stopping threads took: 0.0000630 seconds
239.488: Application time: 0.0256420 seconds
239.489: [Full GC [PSYoungGen: 139264K->30958K(162304K)] [ParOldGen: 369818K->369818K(370176K)] 509082K->400776K(532480K) [PSPermGen: 13645K->13645K(21504K)], 0.0717030 secs] [Times: user=0.50 sys=0.00, real=0.07 secs] 
239.561: Total time for which application threads were stopped: 0.0723890 seconds, Stopping threads took: 0.0000580 seconds
239.587: Application time: 0.0262640 seconds
239.588: [Full GC [PSYoungGen: 139264K->30863K(162304K)] [ParOldGen: 369818K->369818K(370176K)] 509082K->400681K(532480K) [PSPermGen: 13645K->13645K(21504K)], 0.0722240 secs] [Times: user=0.51 sys=0.00, real=0.07 secs] 
239.660: Total time for which application threads were stopped: 0.0729560 seconds, Stopping threads took: 0.0001140 seconds
239.686: Application time: 0.0258310 seconds
239.686: [Full GC [PSYoungGen: 139264K->30848K(162304K)] [ParOldGen: 369818K->369818K(370176K)] 509082K->400666K(532480K) [PSPermGen: 13645K->13645K(21504K)], 0.0715290 secs] [Times: user=0.51 sys=0.00, real=0.07 secs] 
239.758: Total time for which application threads were stopped: 0.0721930 seconds, Stopping threads took: 0.0000580 seconds
239.784: Application time: 0.0258340 seconds
239.784: [Full GC [PSYoungGen: 139264K->30865K(162304K)] [ParOldGen: 369818K->369818K(370176K)] 509082K->400683K(532480K) [PSPermGen: 13645K->13645K(21504K)], 0.0720660 secs] [Times: user=0.51 sys=0.00, real=0.07 secs] 
239.857: Total time for which application threads were stopped: 0.0726940 seconds, Stopping threads took: 0.0000570 seconds
239.883: Application time: 0.0259550 seconds
239.883: [Full GC [PSYoungGen: 139264K->30882K(162304K)] [ParOldGen: 369818K->369818K(370176K)] 509082K->400700K(532480K) [PSPermGen: 13645K->13645K(21504K)], 0.0724320 secs] [Times: user=0.50 sys=0.00, real=0.08 secs] 
239.956: Total time for which application threads were stopped: 0.0731250 seconds, Stopping threads took: 0.0000520 seconds
239.981: Application time: 0.0256440 seconds
239.982: [Full GC [PSYoungGen: 139264K->30895K(162304K)] [ParOldGen: 369818K->369818K(370176K)] 509082K->400713K(532480K) [PSPermGen: 13645K->13645K(21504K)], 0.0723530 secs] [Times: user=0.51 sys=0.00, real=0.08 secs] 
240.054: Total time for which application threads were stopped: 0.0730600 seconds, Stopping threads took: 0.0000510 seconds
240.080: Application time: 0.0258350 seconds
240.081: [Full GC [PSYoungGen: 139264K->30912K(162304K)] [ParOldGen: 369818K->369818K(370176K)] 509082K->400731K(532480K) [PSPermGen: 13645K->13645K(21504K)], 0.0725760 secs] [Times: user=0.52 sys=0.00, real=0.08 secs] 
240.153: Total time for which application threads were stopped: 0.0732380 seconds, Stopping threads took: 0.0000840 seconds
240.180: Application time: 0.0261410 seconds
240.180: [Full GC [PSYoungGen: 139264K->30862K(162304K)] [ParOldGen: 369818K->369818K(370176K)] 509082K->400680K(532480K) [PSPermGen: 13645K->13645K(21504K)], 0.0726390 secs] [Times: user=0.50 sys=0.00, real=0.08 secs] 
240.253: Total time for which application threads were stopped: 0.0733370 seconds, Stopping threads took: 0.0000660 seconds
240.279: Application time: 0.0257890 seconds
240.279: [Full GC [PSYoungGen: 139264K->30872K(162304K)] [ParOldGen: 369818K->369818K(370176K)] 509082K->400690K(532480K) [PSPermGen: 13645K->13645K(21504K)], 0.0721420 secs] [Times: user=0.51 sys=0.00, real=0.07 secs] 
240.352: Total time for which application threads were stopped: 0.0728620 seconds, Stopping threads took: 0.0000850 seconds
240.377: Application time: 0.0258910 seconds
240.378: [Full GC [PSYoungGen: 139264K->30833K(162304K)] [ParOldGen: 369818K->369818K(370176K)] 509082K->400652K(532480K) [PSPermGen: 13645K->13645K(21504K)], 0.0718610 secs] [Times: user=0.50 sys=0.01, real=0.07 secs] 
240.450: Total time for which application threads were stopped: 0.0725520 seconds, Stopping threads took: 0.0000700 seconds
240.476: Application time: 0.0257140 seconds
240.476: [Full GC [PSYoungGen: 139264K->30831K(162304K)] [ParOldGen: 369818K->369818K(370176K)] 509082K->400650K(532480K) [PSPermGen: 13645K->13645K(21504K)], 0.0718580 secs] [Times: user=0.50 sys=0.00, real=0.07 secs] 
240.548: Total time for which application threads were stopped: 0.0725740 seconds, Stopping threads took: 0.0000650 seconds
240.574: Application time: 0.0256550 seconds
240.575: [Full GC [PSYoungGen: 139264K->30849K(162304K)] [ParOldGen: 369818K->369818K(370176K)] 509082K->400667K(532480K) [PSPermGen: 13645K->13645K(21504K)], 0.0718190 secs] [Times: user=0.51 sys=0.00, real=0.07 secs] 
240.647: Total time for which application threads were stopped: 0.0725240 seconds, Stopping threads took: 0.0000550 seconds
240.673: Application time: 0.0262500 seconds
240.673: [Full GC [PSYoungGen: 139264K->30808K(162304K)] [ParOldGen: 369818K->369818K(370176K)] 509082K->400627K(532480K) [PSPermGen: 13645K->13645K(21504K)], 0.0718230 secs] [Times: user=0.51 sys=0.00, real=0.07 secs] 
240.745: Total time for which application threads were stopped: 0.0725120 seconds, Stopping threads took: 0.0000720 seconds
240.771: Application time: 0.0260350 seconds
240.772: [Full GC [PSYoungGen: 139264K->30810K(162304K)] [ParOldGen: 369818K->369818K(370176K)] 509082K->400628K(532480K) [PSPermGen: 13645K->13645K(21504K)], 0.0718200 secs] [Times: user=0.50 sys=0.00, real=0.07 secs] 
240.844: Total time for which application threads were stopped: 0.0724370 seconds, Stopping threads took: 0.0000520 seconds
240.870: Application time: 0.0259670 seconds
240.870: [Full GC [PSYoungGen: 139264K->30753K(162304K)] [ParOldGen: 369818K->369818K(370176K)] 509082K->400571K(532480K) [PSPermGen: 13645K->13645K(21504K)], 0.0723410 secs] [Times: user=0.50 sys=0.01, real=0.07 secs] 
240.943: Total time for which application threads were stopped: 0.0730310 seconds, Stopping threads took: 0.0000700 seconds
240.969: Application time: 0.0261290 seconds
240.970: [Full GC [PSYoungGen: 139264K->30767K(162304K)] [ParOldGen: 369818K->369818K(370176K)] 509082K->400586K(532480K) [PSPermGen: 13645K->13645K(21504K)], 0.0716150 secs] [Times: user=0.51 sys=0.00, real=0.07 secs] 
241.041: Total time for which application threads were stopped: 0.0723210 seconds, Stopping threads took: 0.0000760 seconds
241.067: Application time: 0.0255930 seconds
241.067: [Full GC [PSYoungGen: 139264K->30783K(162304K)] [ParOldGen: 369818K->369818K(370176K)] 509082K->400602K(532480K) [PSPermGen: 13645K->13645K(21504K)], 0.0716770 secs] [Times: user=0.51 sys=0.00, real=0.07 secs] 
241.139: Total time for which application threads were stopped: 0.0723940 seconds, Stopping threads took: 0.0000840 seconds
241.165: Application time: 0.0255080 seconds
241.165: [Full GC [PSYoungGen: 139264K->30802K(162304K)] [ParOldGen: 369818K->369818K(370176K)] 509082K->400620K(532480K) [PSPermGen: 13645K->13645K(21504K)], 0.0717450 secs] [Times: user=0.50 sys=0.00, real=0.07 secs] 
241.237: Total time for which application threads were stopped: 0.0723830 seconds, Stopping threads took: 0.0000530 seconds
241.263: Application time: 0.0255210 seconds
241.263: [Full GC [PSYoungGen: 139264K->30815K(162304K)] [ParOldGen: 369818K->369818K(370176K)] 509082K->400634K(532480K) [PSPermGen: 13645K->13645K(21504K)], 0.0719510 secs] [Times: user=0.51 sys=0.00, real=0.08 secs] 
241.335: Total time for which application threads were stopped: 0.0726540 seconds, Stopping threads took: 0.0000640 seconds
241.361: Application time: 0.0255110 seconds
241.361: [Full GC [PSYoungGen: 139264K->30828K(162304K)] [ParOldGen: 369818K->369818K(370176K)] 509082K->400647K(532480K) [PSPermGen: 13645K->13645K(21504K)], 0.0723860 secs] [Times: user=0.50 sys=0.00, real=0.08 secs] 
241.434: Total time for which application threads were stopped: 0.0730330 seconds, Stopping threads took: 0.0000770 seconds
241.460: Application time: 0.0257060 seconds
241.460: [Full GC [PSYoungGen: 139264K->30846K(162304K)] [ParOldGen: 369818K->369818K(370176K)] 509082K->400664K(532480K) [PSPermGen: 13645K->13645K(21504K)], 0.0725210 secs] [Times: user=0.50 sys=0.01, real=0.08 secs] 
241.533: Total time for which application threads were stopped: 0.0731340 seconds, Stopping threads took: 0.0000470 seconds
241.558: Application time: 0.0255850 seconds
241.559: [Full GC [PSYoungGen: 139264K->30863K(162304K)] [ParOldGen: 369818K->369818K(370176K)] 509082K->400681K(532480K) [PSPermGen: 13645K->13645K(21504K)], 0.0717560 secs] [Times: user=0.50 sys=0.00, real=0.07 secs] 
241.631: Total time for which application threads were stopped: 0.0724760 seconds, Stopping threads took: 0.0000700 seconds
241.656: Application time: 0.0256780 seconds
241.657: [Full GC [PSYoungGen: 139264K->30875K(162304K)] [ParOldGen: 369818K->369818K(370176K)] 509082K->400693K(532480K) [PSPermGen: 13645K->13645K(21504K)], 0.0717640 secs] [Times: user=0.50 sys=0.00, real=0.07 secs] 
241.729: Total time for which application threads were stopped: 0.0724240 seconds, Stopping threads took: 0.0000590 seconds
241.754: Application time: 0.0256320 seconds
241.755: [Full GC [PSYoungGen: 139264K->30894K(162304K)] [ParOldGen: 369818K->369818K(370176K)] 509082K->400712K(532480K) [PSPermGen: 13645K->13645K(21504K)], 0.0720940 secs] [Times: user=0.50 sys=0.00, real=0.07 secs] 
241.827: Total time for which application threads were stopped: 0.0727810 seconds, Stopping threads took: 0.0000730 seconds
241.853: Application time: 0.0258530 seconds
241.854: [Full GC [PSYoungGen: 139264K->30908K(162304K)] [ParOldGen: 369818K->369818K(370176K)] 509082K->400727K(532480K) [PSPermGen: 13645K->13645K(21504K)], 0.0717830 secs] [Times: user=0.51 sys=0.00, real=0.07 secs] 
241.926: Total time for which application threads were stopped: 0.0725090 seconds, Stopping threads took: 0.0001060 seconds
241.952: Application time: 0.0264560 seconds
241.953: [Full GC [PSYoungGen: 139264K->30923K(162304K)] [ParOldGen: 369818K->369818K(370176K)] 509082K->400742K(532480K) [PSPermGen: 13645K->13645K(21504K)], 0.0743230 secs] [Times: user=0.51 sys=0.00, real=0.07 secs] 
242.027: Total time for which application threads were stopped: 0.0749650 seconds, Stopping threads took: 0.0000740 seconds
242.053: Application time: 0.0258460 seconds
242.054: [Full GC [PSYoungGen: 139264K->30940K(162304K)] [ParOldGen: 369818K->369818K(370176K)] 509082K->400759K(532480K) [PSPermGen: 13645K->13645K(21504K)], 0.0720360 secs] [Times: user=0.50 sys=0.00, real=0.07 secs] 
242.126: Total time for which application threads were stopped: 0.0727940 seconds, Stopping threads took: 0.0001180 seconds
242.151: Application time: 0.0257760 seconds
242.152: [Full GC [PSYoungGen: 139264K->30956K(162304K)] [ParOldGen: 369818K->369818K(370176K)] 509082K->400775K(532480K) [PSPermGen: 13645K->13645K(21504K)], 0.0718640 secs] [Times: user=0.50 sys=0.00, real=0.07 secs] 
242.224: Total time for which application threads were stopped: 0.0725090 seconds, Stopping threads took: 0.0000670 seconds
242.250: Application time: 0.0259540 seconds
242.251: [Full GC [PSYoungGen: 139264K->30970K(162304K)] [ParOldGen: 369818K->369818K(370176K)] 509082K->400789K(532480K) [PSPermGen: 13645K->13645K(21504K)], 0.0718170 secs] [Times: user=0.50 sys=0.00, real=0.07 secs] 
242.322: Total time for which application threads were stopped: 0.0725090 seconds, Stopping threads took: 0.0000600 seconds
242.348: Application time: 0.0257910 seconds
242.349: [Full GC [PSYoungGen: 139264K->30986K(162304K)] [ParOldGen: 369818K->369818K(370176K)] 509082K->400804K(532480K) [PSPermGen: 13645K->13645K(21504K)], 0.0715700 secs] [Times: user=0.50 sys=0.00, real=0.07 secs] 
242.421: Total time for which application threads were stopped: 0.0723010 seconds, Stopping threads took: 0.0000770 seconds
242.447: Application time: 0.0261090 seconds
242.447: [Full GC [PSYoungGen: 139264K->30946K(162304K)] [ParOldGen: 369818K->369818K(370176K)] 509082K->400764K(532480K) [PSPermGen: 13645K->13645K(21504K)], 0.0722090 secs] [Times: user=0.50 sys=0.00, real=0.07 secs] 
242.520: Total time for which application threads were stopped: 0.0728600 seconds, Stopping threads took: 0.0000750 seconds
242.546: Application time: 0.0262640 seconds
242.546: [Full GC [PSYoungGen: 139264K->30886K(162304K)] [ParOldGen: 369818K->369818K(370176K)] 509082K->400704K(532480K) [PSPermGen: 13645K->13645K(21504K)], 0.0719100 secs] [Times: user=0.51 sys=0.00, real=0.07 secs] 
242.618: Total time for which application threads were stopped: 0.0726250 seconds, Stopping threads took: 0.0000820 seconds
242.644: Application time: 0.0260330 seconds
242.645: [Full GC [PSYoungGen: 139264K->30892K(162304K)] [ParOldGen: 369818K->369818K(370176K)] 509082K->400710K(532480K) [PSPermGen: 13645K->13645K(21504K)], 0.0717780 secs] [Times: user=0.50 sys=0.00, real=0.07 secs] 
242.717: Total time for which application threads were stopped: 0.0724890 seconds, Stopping threads took: 0.0000780 seconds
242.743: Application time: 0.0257310 seconds
242.743: [Full GC [PSYoungGen: 139264K->30907K(162304K)] [ParOldGen: 369818K->369818K(370176K)] 509082K->400725K(532480K) [PSPermGen: 13645K->13645K(21504K)], 0.0716160 secs] [Times: user=0.50 sys=0.00, real=0.08 secs] 
242.815: Total time for which application threads were stopped: 0.0722420 seconds, Stopping threads took: 0.0000600 seconds
242.841: Application time: 0.0256460 seconds
242.841: [Full GC [PSYoungGen: 139264K->30924K(162304K)] [ParOldGen: 369818K->369818K(370176K)] 509082K->400742K(532480K) [PSPermGen: 13645K->13645K(21504K)], 0.0794780 secs] [Times: user=0.53 sys=0.00, real=0.08 secs] 
242.921: Total time for which application threads were stopped: 0.0801810 seconds, Stopping threads took: 0.0000800 seconds
242.947: Application time: 0.0265680 seconds
242.948: [Full GC [PSYoungGen: 139264K->30940K(162304K)] [ParOldGen: 369818K->369818K(370176K)] 509082K->400758K(532480K) [PSPermGen: 13645K->13645K(21504K)], 0.0720640 secs] [Times: user=0.51 sys=0.00, real=0.07 secs] 
243.020: Total time for which application threads were stopped: 0.0727880 seconds, Stopping threads took: 0.0000910 seconds
243.045: Application time: 0.0253510 seconds
243.046: [Full GC [PSYoungGen: 139264K->30953K(162304K)] [ParOldGen: 369818K->369818K(370176K)] 509082K->400772K(532480K) [PSPermGen: 13645K->13645K(21504K)], 0.0718090 secs] [Times: user=0.50 sys=0.00, real=0.07 secs] 
243.118: Total time for which application threads were stopped: 0.0725470 seconds, Stopping threads took: 0.0001180 seconds
243.144: Application time: 0.0255040 seconds
243.144: [Full GC [PSYoungGen: 139264K->30969K(162304K)] [ParOldGen: 369818K->369818K(370176K)] 509082K->400787K(532480K) [PSPermGen: 13645K->13645K(21504K)], 0.0720140 secs] [Times: user=0.51 sys=0.00, real=0.08 secs] 
243.216: Total time for which application threads were stopped: 0.0727330 seconds, Stopping threads took: 0.0001020 seconds
243.242: Application time: 0.0258230 seconds
243.243: [Full GC [PSYoungGen: 139264K->30924K(162304K)] [ParOldGen: 369818K->369818K(370176K)] 509082K->400742K(532480K) [PSPermGen: 13645K->13645K(21504K)], 0.0725310 secs] [Times: user=0.51 sys=0.00, real=0.08 secs] 
243.317: Total time for which application threads were stopped: 0.0747270 seconds, Stopping threads took: 0.0000570 seconds
243.343: Application time: 0.0262290 seconds
243.344: [Full GC [PSYoungGen: 139264K->30876K(162304K)] [ParOldGen: 369818K->369818K(370176K)] 509082K->400695K(532480K) [PSPermGen: 13645K->13645K(21504K)], 0.0719430 secs] [Times: user=0.50 sys=0.00, real=0.08 secs] 
243.416: Total time for which application threads were stopped: 0.0728430 seconds, Stopping threads took: 0.0002580 seconds
243.442: Application time: 0.0257970 seconds
243.442: [Full GC [PSYoungGen: 139264K->30873K(162304K)] [ParOldGen: 369818K->369818K(370176K)] 509082K->400692K(532480K) [PSPermGen: 13645K->13645K(21504K)], 0.0719780 secs] [Times: user=0.50 sys=0.00, real=0.08 secs] 
243.514: Total time for which application threads were stopped: 0.0727140 seconds, Stopping threads took: 0.0000920 seconds
243.540: Application time: 0.0258470 seconds
243.541: [Full GC [PSYoungGen: 139264K->30893K(162304K)] [ParOldGen: 369818K->369818K(370176K)] 509082K->400711K(532480K) [PSPermGen: 13645K->13645K(21504K)], 0.0727340 secs] [Times: user=0.51 sys=0.00, real=0.08 secs] 
243.614: Total time for which application threads were stopped: 0.0734890 seconds, Stopping threads took: 0.0001060 seconds
243.640: Application time: 0.0258360 seconds
243.640: [Full GC [PSYoungGen: 139264K->30908K(162304K)] [ParOldGen: 369818K->369818K(370176K)] 509082K->400726K(532480K) [PSPermGen: 13645K->13645K(21504K)], 0.0715720 secs] [Times: user=0.50 sys=0.00, real=0.07 secs] 
243.712: Total time for which application threads were stopped: 0.0722990 seconds, Stopping threads took: 0.0001110 seconds
243.738: Application time: 0.0261910 seconds
243.739: [Full GC [PSYoungGen: 139264K->30916K(162304K)] [ParOldGen: 369818K->369818K(370176K)] 509082K->400734K(532480K) [PSPermGen: 13645K->13645K(21504K)], 0.0718260 secs] [Times: user=0.51 sys=0.00, real=0.07 secs] 
243.811: Total time for which application threads were stopped: 0.0725310 seconds, Stopping threads took: 0.0000740 seconds
243.837: Application time: 0.0263400 seconds
243.838: [Full GC [PSYoungGen: 139264K->30869K(162304K)] [ParOldGen: 369818K->369818K(370176K)] 509082K->400687K(532480K) [PSPermGen: 13645K->13645K(21504K)], 0.0718270 secs] [Times: user=0.50 sys=0.00, real=0.07 secs] 
243.910: Total time for which application threads were stopped: 0.0725430 seconds, Stopping threads took: 0.0000860 seconds
243.936: Application time: 0.0262610 seconds
243.936: [Full GC [PSYoungGen: 139264K->30828K(162304K)] [ParOldGen: 369818K->369818K(370176K)] 509082K->400647K(532480K) [PSPermGen: 13645K->13645K(21504K)], 0.0725650 secs] [Times: user=0.51 sys=0.00, real=0.07 secs] 
244.009: Total time for which application threads were stopped: 0.0732650 seconds, Stopping threads took: 0.0000500 seconds
244.035: Application time: 0.0258890 seconds
244.036: [Full GC [PSYoungGen: 139264K->30828K(162304K)] [ParOldGen: 369818K->369818K(370176K)] 509082K->400647K(532480K) [PSPermGen: 13645K->13645K(21504K)], 0.0721270 secs] [Times: user=0.50 sys=0.00, real=0.07 secs] 
244.108: Total time for which application threads were stopped: 0.0727770 seconds, Stopping threads took: 0.0000830 seconds
244.134: Application time: 0.0264750 seconds
244.135: [Full GC [PSYoungGen: 139264K->30790K(162304K)] [ParOldGen: 369818K->369818K(370176K)] 509082K->400609K(532480K) [PSPermGen: 13645K->13645K(21504K)], 0.0719890 secs] [Times: user=0.51 sys=0.00, real=0.07 secs] 
244.207: Total time for which application threads were stopped: 0.0727060 seconds, Stopping threads took: 0.0000830 seconds
244.233: Application time: 0.0259280 seconds
244.234: [Full GC [PSYoungGen: 139264K->30789K(162304K)] [ParOldGen: 369818K->369818K(370176K)] 509082K->400607K(532480K) [PSPermGen: 13645K->13645K(21504K)], 0.0722750 secs] [Times: user=0.51 sys=0.00, real=0.07 secs] 
244.306: Total time for which application threads were stopped: 0.0730330 seconds, Stopping threads took: 0.0001230 seconds
244.332: Application time: 0.0259140 seconds
244.332: [Full GC [PSYoungGen: 139264K->30806K(162304K)] [ParOldGen: 369818K->369818K(370176K)] 509082K->400624K(532480K) [PSPermGen: 13645K->13645K(21504K)], 0.0714130 secs] [Times: user=0.50 sys=0.00, real=0.06 secs] 
244.404: Total time for which application threads were stopped: 0.0721480 seconds, Stopping threads took: 0.0000920 seconds
244.430: Application time: 0.0263010 seconds
244.431: [Full GC [PSYoungGen: 139264K->30820K(162304K)] [ParOldGen: 369818K->369818K(370176K)] 509082K->400638K(532480K) [PSPermGen: 13645K->13645K(21504K)], 0.0719780 secs] [Times: user=0.51 sys=0.00, real=0.07 secs] 
244.503: Total time for which application threads were stopped: 0.0726590 seconds, Stopping threads took: 0.0000470 seconds
244.529: Application time: 0.0258040 seconds
244.529: [Full GC [PSYoungGen: 139264K->30835K(162304K)] [ParOldGen: 369818K->369818K(370176K)] 509082K->400653K(532480K) [PSPermGen: 13645K->13645K(21504K)], 0.0721020 secs] [Times: user=0.51 sys=0.00, real=0.07 secs] 
244.602: Total time for which application threads were stopped: 0.0728110 seconds, Stopping threads took: 0.0000760 seconds
244.627: Application time: 0.0256880 seconds
244.628: [Full GC [PSYoungGen: 139264K->30852K(162304K)] [ParOldGen: 369818K->369818K(370176K)] 509082K->400670K(532480K) [PSPermGen: 13645K->13645K(21504K)], 0.0732650 secs] [Times: user=0.51 sys=0.00, real=0.07 secs] 
244.701: Total time for which application threads were stopped: 0.0739960 seconds, Stopping threads took: 0.0001160 seconds
244.727: Application time: 0.0257760 seconds
244.728: [Full GC [PSYoungGen: 139264K->30803K(162304K)] [ParOldGen: 369818K->369818K(370176K)] 509082K->400622K(532480K) [PSPermGen: 13645K->13645K(21504K)], 0.0718650 secs] [Times: user=0.50 sys=0.01, real=0.07 secs] 
244.800: Total time for which application threads were stopped: 0.0725990 seconds, Stopping threads took: 0.0000800 seconds
244.825: Application time: 0.0256500 seconds
244.826: [Full GC [PSYoungGen: 139264K->30810K(162304K)] [ParOldGen: 369818K->369818K(370176K)] 509082K->400629K(532480K) [PSPermGen: 13645K->13645K(21504K)], 0.0721600 secs] [Times: user=0.51 sys=0.00, real=0.07 secs] 
244.898: Total time for which application threads were stopped: 0.0728950 seconds, Stopping threads took: 0.0001050 seconds
244.924: Application time: 0.0258150 seconds
244.925: [Full GC [PSYoungGen: 139264K->30825K(162304K)] [ParOldGen: 369818K->369818K(370176K)] 509082K->400643K(532480K) [PSPermGen: 13645K->13645K(21504K)], 0.0726960 secs] [Times: user=0.51 sys=0.00, real=0.07 secs] 
244.997: Total time for which application threads were stopped: 0.0733820 seconds, Stopping threads took: 0.0000570 seconds
245.023: Application time: 0.0260200 seconds
245.024: [Full GC [PSYoungGen: 139264K->30841K(162304K)] [ParOldGen: 369818K->369818K(370176K)] 509082K->400659K(532480K) [PSPermGen: 13645K->13645K(21504K)], 0.0718830 secs] [Times: user=0.50 sys=0.00, real=0.08 secs] 
245.096: Total time for which application threads were stopped: 0.0728050 seconds, Stopping threads took: 0.0002810 seconds
245.122: Application time: 0.0257220 seconds
245.123: [Full GC [PSYoungGen: 139264K->30858K(162304K)] [ParOldGen: 369818K->369818K(370176K)] 509082K->400677K(532480K) [PSPermGen: 13645K->13645K(21504K)], 0.0725600 secs] [Times: user=0.52 sys=0.00, real=0.08 secs] 
245.195: Total time for which application threads were stopped: 0.0733080 seconds, Stopping threads took: 0.0001110 seconds
245.221: Application time: 0.0259240 seconds
245.222: [Full GC [PSYoungGen: 139264K->30873K(162304K)] [ParOldGen: 369818K->369818K(370176K)] 509082K->400692K(532480K) [PSPermGen: 13645K->13645K(21504K)], 0.0722860 secs] [Times: user=0.51 sys=0.00, real=0.08 secs] 
245.294: Total time for which application threads were stopped: 0.0729360 seconds, Stopping threads took: 0.0000730 seconds
245.320: Application time: 0.0258410 seconds
245.321: [Full GC [PSYoungGen: 139264K->30888K(162304K)] [ParOldGen: 369818K->369818K(370176K)] 509082K->400706K(532480K) [PSPermGen: 13645K->13645K(21504K)], 0.0718570 secs] [Times: user=0.50 sys=0.00, real=0.08 secs] 
245.393: Total time for which application threads were stopped: 0.0726120 seconds, Stopping threads took: 0.0000790 seconds
245.418: Application time: 0.0254080 seconds
245.419: [Full GC [PSYoungGen: 139264K->30905K(162304K)] [ParOldGen: 369818K->369818K(370176K)] 509082K->400724K(532480K) [PSPermGen: 13645K->13645K(21504K)], 0.0718760 secs] [Times: user=0.50 sys=0.00, real=0.07 secs] 
245.491: Total time for which application threads were stopped: 0.0725940 seconds, Stopping threads took: 0.0000770 seconds
245.516: Application time: 0.0254640 seconds
245.521: [Full GC [PSYoungGen: 139264K->30922K(162304K)] [ParOldGen: 369818K->369818K(370176K)] 509082K->400740K(532480K) [PSPermGen: 13645K->13645K(21504K)], 0.0720970 secs] [Times: user=0.51 sys=0.00, real=0.08 secs] 
245.593: Total time for which application threads were stopped: 0.0770020 seconds, Stopping threads took: 0.0043330 seconds
245.618: Application time: 0.0254140 seconds
245.619: [Full GC [PSYoungGen: 139264K->30935K(162304K)] [ParOldGen: 369818K->369818K(370176K)] 509082K->400753K(532480K) [PSPermGen: 13645K->13645K(21504K)], 0.0716700 secs] [Times: user=0.51 sys=0.00, real=0.07 secs] 
245.691: Total time for which application threads were stopped: 0.0723790 seconds, Stopping threads took: 0.0000810 seconds
245.716: Application time: 0.0255440 seconds
245.717: [Full GC [PSYoungGen: 139264K->30952K(162304K)] [ParOldGen: 369818K->369818K(370176K)] 509082K->400770K(532480K) [PSPermGen: 13645K->13645K(21504K)], 0.0719680 secs] [Times: user=0.51 sys=0.00, real=0.07 secs] 
245.789: Total time for which application threads were stopped: 0.0726790 seconds, Stopping threads took: 0.0000730 seconds
245.815: Application time: 0.0254360 seconds
245.815: [Full GC [PSYoungGen: 139264K->30965K(162304K)] [ParOldGen: 369818K->369818K(370176K)] 509082K->400784K(532480K) [PSPermGen: 13645K->13645K(21504K)], 0.0715710 secs] [Times: user=0.50 sys=0.00, real=0.07 secs] 
245.887: Total time for which application threads were stopped: 0.0722650 seconds, Stopping threads took: 0.0000600 seconds
245.913: Application time: 0.0259590 seconds
245.913: [Full GC [PSYoungGen: 139264K->30906K(162304K)] [ParOldGen: 369818K->369818K(370176K)] 509082K->400724K(532480K) [PSPermGen: 13645K->13645K(21504K)], 0.0733140 secs] [Times: user=0.51 sys=0.00, real=0.07 secs] 
245.987: Total time for which application threads were stopped: 0.0740590 seconds, Stopping threads took: 0.0001040 seconds
246.013: Application time: 0.0261260 seconds
246.014: [Full GC [PSYoungGen: 139264K->30871K(162304K)] [ParOldGen: 369818K->369818K(370176K)] 509082K->400689K(532480K) [PSPermGen: 13645K->13645K(21504K)], 0.0716250 secs] [Times: user=0.50 sys=0.00, real=0.07 secs] 
246.085: Total time for which application threads were stopped: 0.0723320 seconds, Stopping threads took: 0.0000800 seconds
246.111: Application time: 0.0255480 seconds
246.111: [Full GC [PSYoungGen: 139264K->30871K(162304K)] [ParOldGen: 369818K->369818K(370176K)] 509082K->400689K(532480K) [PSPermGen: 13645K->13645K(21504K)], 0.0721950 secs] [Times: user=0.50 sys=0.01, real=0.07 secs] 
246.184: Total time for which application threads were stopped: 0.0728380 seconds, Stopping threads took: 0.0000710 seconds
246.209: Application time: 0.0255380 seconds
246.210: [Full GC [PSYoungGen: 139264K->30887K(162304K)] [ParOldGen: 369818K->369818K(370176K)] 509082K->400705K(532480K) [PSPermGen: 13645K->13645K(21504K)], 0.0718100 secs] [Times: user=0.51 sys=0.00, real=0.07 secs] 
246.282: Total time for which application threads were stopped: 0.0725520 seconds, Stopping threads took: 0.0000640 seconds
246.308: Application time: 0.0257830 seconds
246.308: [Full GC [PSYoungGen: 139264K->30903K(162304K)] [ParOldGen: 369818K->369818K(370176K)] 509082K->400722K(532480K) [PSPermGen: 13645K->13645K(21504K)], 0.0718980 secs] [Times: user=0.51 sys=0.00, real=0.07 secs] 
246.380: Total time for which application threads were stopped: 0.0725750 seconds, Stopping threads took: 0.0000480 seconds
246.406: Application time: 0.0254820 seconds
246.406: [Full GC [PSYoungGen: 139264K->30919K(162304K)] [ParOldGen: 369818K->369818K(370176K)] 509082K->400737K(532480K) [PSPermGen: 13645K->13645K(21504K)], 0.0724690 secs] [Times: user=0.51 sys=0.00, real=0.07 secs] 
246.479: Total time for which application threads were stopped: 0.0731220 seconds, Stopping threads took: 0.0000650 seconds
246.504: Application time: 0.0254500 seconds
246.505: [Full GC [PSYoungGen: 139264K->30934K(162304K)] [ParOldGen: 369818K->369818K(370176K)] 509082K->400753K(532480K) [PSPermGen: 13645K->13645K(21504K)], 0.0723270 secs] [Times: user=0.51 sys=0.00, real=0.07 secs] 
246.577: Total time for which application threads were stopped: 0.0730950 seconds, Stopping threads took: 0.0000790 seconds
246.603: Application time: 0.0254330 seconds
246.603: [Full GC [PSYoungGen: 139264K->30949K(162304K)] [ParOldGen: 369818K->369818K(370176K)] 509082K->400768K(532480K) [PSPermGen: 13645K->13645K(21504K)], 0.0720650 secs] [Times: user=0.50 sys=0.00, real=0.08 secs] 
246.676: Total time for which application threads were stopped: 0.0727630 seconds, Stopping threads took: 0.0000620 seconds
246.701: Application time: 0.0258570 seconds
246.702: [Full GC [PSYoungGen: 139264K->30962K(162304K)] [ParOldGen: 369818K->369818K(370176K)] 509082K->400780K(532480K) [PSPermGen: 13645K->13645K(21504K)], 0.0725170 secs] [Times: user=0.50 sys=0.01, real=0.08 secs] 
246.775: Total time for which application threads were stopped: 0.0732180 seconds, Stopping threads took: 0.0000730 seconds
246.800: Application time: 0.0258680 seconds
246.801: [Full GC [PSYoungGen: 139264K->30981K(162304K)] [ParOldGen: 369818K->369818K(370176K)] 509082K->400799K(532480K) [PSPermGen: 13645K->13645K(21504K)], 0.0717370 secs] [Times: user=0.50 sys=0.00, real=0.08 secs] 
246.873: Total time for which application threads were stopped: 0.0724270 seconds, Stopping threads took: 0.0000620 seconds
246.899: Application time: 0.0256830 seconds
246.899: [Full GC [PSYoungGen: 139264K->30995K(162304K)] [ParOldGen: 369818K->369818K(370176K)] 509082K->400814K(532480K) [PSPermGen: 13645K->13645K(21504K)], 0.0728890 secs] [Times: user=0.50 sys=0.00, real=0.07 secs] 
246.972: Total time for which application threads were stopped: 0.0735700 seconds, Stopping threads took: 0.0000470 seconds
246.998: Application time: 0.0260650 seconds
246.999: [Full GC [PSYoungGen: 139264K->30900K(162304K)] [ParOldGen: 369818K->369818K(370176K)] 509082K->400718K(532480K) [PSPermGen: 13645K->13645K(21504K)], 0.0719640 secs] [Times: user=0.50 sys=0.00, real=0.07 secs] 
247.071: Total time for which application threads were stopped: 0.0726690 seconds, Stopping threads took: 0.0000600 seconds
247.096: Application time: 0.0254110 seconds
247.097: [Full GC [PSYoungGen: 139264K->30888K(162304K)] [ParOldGen: 369818K->369818K(370176K)] 509082K->400706K(532480K) [PSPermGen: 13645K->13645K(21504K)], 0.0720830 secs] [Times: user=0.51 sys=0.00, real=0.07 secs] 
247.169: Total time for which application threads were stopped: 0.0728150 seconds, Stopping threads took: 0.0000810 seconds
247.195: Application time: 0.0255710 seconds
247.195: [Full GC [PSYoungGen: 139264K->30903K(162304K)] [ParOldGen: 369818K->369818K(370176K)] 509082K->400722K(532480K) [PSPermGen: 13645K->13645K(21504K)], 0.0715510 secs] [Times: user=0.50 sys=0.00, real=0.07 secs] 
247.267: Total time for which application threads were stopped: 0.0722380 seconds, Stopping threads took: 0.0000640 seconds
247.293: Application time: 0.0258920 seconds
247.293: [Full GC [PSYoungGen: 139264K->30862K(162304K)] [ParOldGen: 369818K->369818K(370176K)] 509082K->400681K(532480K) [PSPermGen: 13645K->13645K(21504K)], 0.0719380 secs] [Times: user=0.50 sys=0.00, real=0.07 secs] 
247.365: Total time for which application threads were stopped: 0.0726320 seconds, Stopping threads took: 0.0000580 seconds
247.391: Application time: 0.0258320 seconds
247.392: [Full GC [PSYoungGen: 139264K->30864K(162304K)] [ParOldGen: 369818K->369818K(370176K)] 509082K->400683K(532480K) [PSPermGen: 13645K->13645K(21504K)], 0.0720000 secs] [Times: user=0.51 sys=0.00, real=0.07 secs] 
247.464: Total time for which application threads were stopped: 0.0727320 seconds, Stopping threads took: 0.0000930 seconds
247.490: Application time: 0.0258530 seconds
247.491: [Full GC [PSYoungGen: 139264K->30809K(162304K)] [ParOldGen: 369818K->369818K(370176K)] 509082K->400627K(532480K) [PSPermGen: 13645K->13645K(21504K)], 0.0719230 secs] [Times: user=0.50 sys=0.00, real=0.07 secs] 
247.563: Total time for which application threads were stopped: 0.0726190 seconds, Stopping threads took: 0.0000790 seconds
247.589: Application time: 0.0260070 seconds
247.589: [Full GC [PSYoungGen: 139264K->30768K(162304K)] [ParOldGen: 369818K->369818K(370176K)] 509082K->400587K(532480K) [PSPermGen: 13645K->13645K(21504K)], 0.0718310 secs] [Times: user=0.50 sys=0.00, real=0.07 secs] 
247.661: Total time for which application threads were stopped: 0.0725340 seconds, Stopping threads took: 0.0000780 seconds
247.687: Application time: 0.0257000 seconds
247.687: [Full GC [PSYoungGen: 139264K->30770K(162304K)] [ParOldGen: 369818K->369818K(370176K)] 509082K->400588K(532480K) [PSPermGen: 13645K->13645K(21504K)], 0.0717440 secs] [Times: user=0.50 sys=0.00, real=0.07 secs] 
247.759: Total time for which application threads were stopped: 0.0724230 seconds, Stopping threads took: 0.0000750 seconds
247.785: Application time: 0.0260350 seconds
247.786: [Full GC [PSYoungGen: 139264K->30782K(162304K)] [ParOldGen: 369818K->369818K(370176K)] 509082K->400600K(532480K) [PSPermGen: 13645K->13645K(21504K)], 0.0716600 secs] [Times: user=0.50 sys=0.00, real=0.07 secs] 
247.858: Total time for which application threads were stopped: 0.0723190 seconds, Stopping threads took: 0.0000470 seconds
247.883: Application time: 0.0258520 seconds
247.884: [Full GC [PSYoungGen: 139264K->30797K(162304K)] [ParOldGen: 369818K->369818K(370176K)] 509082K->400615K(532480K) [PSPermGen: 13645K->13645K(21504K)], 0.0719930 secs] [Times: user=0.50 sys=0.00, real=0.08 secs] 
247.956: Total time for which application threads were stopped: 0.0726890 seconds, Stopping threads took: 0.0000670 seconds
247.982: Application time: 0.0257350 seconds
247.982: [Full GC [PSYoungGen: 139264K->30816K(162304K)] [ParOldGen: 369818K->369818K(370176K)] 509082K->400634K(532480K) [PSPermGen: 13645K->13645K(21504K)], 0.0722280 secs] [Times: user=0.50 sys=0.00, real=0.08 secs] 
248.055: Total time for which application threads were stopped: 0.0729320 seconds, Stopping threads took: 0.0000770 seconds
248.080: Application time: 0.0256540 seconds
248.081: [Full GC [PSYoungGen: 139264K->30832K(162304K)] [ParOldGen: 369818K->369818K(370176K)] 509082K->400650K(532480K) [PSPermGen: 13645K->13645K(21504K)], 0.0718870 secs] [Times: user=0.50 sys=0.00, real=0.08 secs] 
248.153: Total time for which application threads were stopped: 0.0725870 seconds, Stopping threads took: 0.0000800 seconds
248.179: Application time: 0.0257960 seconds
248.179: [Full GC [PSYoungGen: 139264K->30846K(162304K)] [ParOldGen: 369818K->369818K(370176K)] 509082K->400664K(532480K) [PSPermGen: 13645K->13645K(21504K)], 0.0722930 secs] [Times: user=0.51 sys=0.00, real=0.07 secs] 
248.252: Total time for which application threads were stopped: 0.0729580 seconds, Stopping threads took: 0.0000960 seconds
248.278: Application time: 0.0258640 seconds
248.278: [Full GC [PSYoungGen: 139264K->30861K(162304K)] [ParOldGen: 369818K->369818K(370176K)] 509082K->400679K(532480K) [PSPermGen: 13645K->13645K(21504K)], 0.0718320 secs] [Times: user=0.50 sys=0.00, real=0.07 secs] 
248.350: Total time for which application threads were stopped: 0.0725160 seconds, Stopping threads took: 0.0000610 seconds
248.376: Application time: 0.0257200 seconds
248.377: [Full GC [PSYoungGen: 139264K->30875K(162304K)] [ParOldGen: 369818K->369818K(370176K)] 509082K->400694K(532480K) [PSPermGen: 13645K->13645K(21504K)], 0.0719130 secs] [Times: user=0.50 sys=0.00, real=0.07 secs] 
248.449: Total time for which application threads were stopped: 0.0726200 seconds, Stopping threads took: 0.0000750 seconds
248.474: Application time: 0.0257770 seconds
248.475: [Full GC [PSYoungGen: 139264K->30892K(162304K)] [ParOldGen: 369818K->369818K(370176K)] 509082K->400711K(532480K) [PSPermGen: 13645K->13645K(21504K)], 0.0715620 secs] [Times: user=0.50 sys=0.00, real=0.07 secs] 
248.547: Total time for which application threads were stopped: 0.0722610 seconds, Stopping threads took: 0.0000590 seconds
248.572: Application time: 0.0258010 seconds
248.573: [Full GC [PSYoungGen: 139264K->30852K(162304K)] [ParOldGen: 369818K->369818K(370176K)] 509082K->400670K(532480K) [PSPermGen: 13645K->13645K(21504K)], 0.0724160 secs] [Times: user=0.50 sys=0.00, real=0.07 secs] 
248.645: Total time for which application threads were stopped: 0.0731330 seconds, Stopping threads took: 0.0000620 seconds
248.671: Application time: 0.0257960 seconds
248.672: [Full GC [PSYoungGen: 139264K->30852K(162304K)] [ParOldGen: 369818K->369818K(370176K)] 509082K->400670K(532480K) [PSPermGen: 13645K->13645K(21504K)], 0.0719780 secs] [Times: user=0.50 sys=0.00, real=0.07 secs] 
248.744: Total time for which application threads were stopped: 0.0726430 seconds, Stopping threads took: 0.0000560 seconds
248.770: Application time: 0.0257090 seconds
248.770: [Full GC [PSYoungGen: 139264K->30869K(162304K)] [ParOldGen: 369818K->369818K(370176K)] 509082K->400688K(532480K) [PSPermGen: 13645K->13645K(21504K)], 0.0725140 secs] [Times: user=0.51 sys=0.00, real=0.07 secs] 
248.843: Total time for which application threads were stopped: 0.0731670 seconds, Stopping threads took: 0.0000560 seconds
248.869: Application time: 0.0258560 seconds
248.869: [Full GC [PSYoungGen: 139264K->30885K(162304K)] [ParOldGen: 369818K->369818K(370176K)] 509082K->400704K(532480K) [PSPermGen: 13645K->13645K(21504K)], 0.0726620 secs] [Times: user=0.51 sys=0.00, real=0.07 secs] 
248.942: Total time for which application threads were stopped: 0.0733380 seconds, Stopping threads took: 0.0000740 seconds
248.968: Application time: 0.0261520 seconds
248.969: [Full GC [PSYoungGen: 139264K->30900K(162304K)] [ParOldGen: 369818K->369818K(370176K)] 509082K->400718K(532480K) [PSPermGen: 13645K->13645K(21504K)], 0.0734410 secs] [Times: user=0.52 sys=0.00, real=0.07 secs] 
249.042: Total time for which application threads were stopped: 0.0741200 seconds, Stopping threads took: 0.0000870 seconds
249.068: Application time: 0.0255100 seconds
249.068: [Full GC [PSYoungGen: 139264K->30919K(162304K)] [ParOldGen: 369818K->369818K(370176K)] 509082K->400737K(532480K) [PSPermGen: 13645K->13645K(21504K)], 0.0716430 secs] [Times: user=0.50 sys=0.01, real=0.07 secs] 
249.140: Total time for which application threads were stopped: 0.0723050 seconds, Stopping threads took: 0.0000880 seconds
249.165: Application time: 0.0252820 seconds
249.166: [Full GC [PSYoungGen: 139264K->30932K(162304K)] [ParOldGen: 369818K->369818K(370176K)] 509082K->400750K(532480K) [PSPermGen: 13645K->13645K(21504K)], 0.0716790 secs] [Times: user=0.50 sys=0.00, real=0.07 secs] 
249.238: Total time for which application threads were stopped: 0.0723670 seconds, Stopping threads took: 0.0000500 seconds
249.263: Application time: 0.0254470 seconds
249.264: [Full GC [PSYoungGen: 139264K->30946K(162304K)] [ParOldGen: 369818K->369818K(370176K)] 509082K->400764K(532480K) [PSPermGen: 13645K->13645K(21504K)], 0.0725770 secs] [Times: user=0.51 sys=0.00, real=0.08 secs] 
249.336: Total time for which application threads were stopped: 0.0732020 seconds, Stopping threads took: 0.0000490 seconds
249.363: Application time: 0.0263070 seconds
249.363: [Full GC [PSYoungGen: 139264K->30846K(162304K)] [ParOldGen: 369818K->369818K(370176K)] 509082K->400664K(532480K) [PSPermGen: 13645K->13645K(21504K)], 0.0721340 secs] [Times: user=0.50 sys=0.00, real=0.08 secs] 
249.436: Total time for which application threads were stopped: 0.0728060 seconds, Stopping threads took: 0.0000400 seconds
249.461: Application time: 0.0256870 seconds
249.462: [Full GC [PSYoungGen: 139264K->30838K(162304K)] [ParOldGen: 369818K->369818K(370176K)] 509082K->400656K(532480K) [PSPermGen: 13645K->13645K(21504K)], 0.0717540 secs] [Times: user=0.50 sys=0.00, real=0.08 secs] 
249.534: Total time for which application threads were stopped: 0.0724600 seconds, Stopping threads took: 0.0000740 seconds
249.559: Application time: 0.0256140 seconds
249.560: [Full GC [PSYoungGen: 139264K->30852K(162304K)] [ParOldGen: 369818K->369818K(370176K)] 509082K->400670K(532480K) [PSPermGen: 13645K->13645K(21504K)], 0.0715440 secs] [Times: user=0.50 sys=0.00, real=0.07 secs] 
249.631: Total time for which application threads were stopped: 0.0721750 seconds, Stopping threads took: 0.0000590 seconds
249.657: Application time: 0.0254780 seconds
249.658: [Full GC [PSYoungGen: 139264K->30869K(162304K)] [ParOldGen: 369818K->369818K(370176K)] 509082K->400687K(532480K) [PSPermGen: 13645K->13645K(21504K)], 0.0717500 secs] [Times: user=0.51 sys=0.00, real=0.07 secs] 
249.729: Total time for which application threads were stopped: 0.0724640 seconds, Stopping threads took: 0.0000660 seconds
249.755: Application time: 0.0254400 seconds
249.756: [Full GC [PSYoungGen: 139264K->30884K(162304K)] [ParOldGen: 369818K->369818K(370176K)] 509082K->400702K(532480K) [PSPermGen: 13645K->13645K(21504K)], 0.0720650 secs] [Times: user=0.51 sys=0.00, real=0.07 secs] 
249.828: Total time for which application threads were stopped: 0.0727560 seconds, Stopping threads took: 0.0000640 seconds
249.853: Application time: 0.0257290 seconds
249.854: [Full GC [PSYoungGen: 139264K->30897K(162304K)] [ParOldGen: 369818K->369818K(370176K)] 509082K->400715K(532480K) [PSPermGen: 13645K->13645K(21504K)], 0.0719130 secs] [Times: user=0.51 sys=0.00, real=0.07 secs] 
249.926: Total time for which application threads were stopped: 0.0725560 seconds, Stopping threads took: 0.0000420 seconds
249.953: Application time: 0.0267310 seconds
249.953: [Full GC [PSYoungGen: 139264K->30913K(162304K)] [ParOldGen: 369818K->369818K(370176K)] 509082K->400732K(532480K) [PSPermGen: 13645K->13645K(21504K)], 0.0718380 secs] [Times: user=0.49 sys=0.01, real=0.07 secs] 
250.025: Total time for which application threads were stopped: 0.0724560 seconds, Stopping threads took: 0.0000480 seconds
250.051: Application time: 0.0255100 seconds
250.051: [Full GC [PSYoungGen: 139264K->30930K(162304K)] [ParOldGen: 369818K->369818K(370176K)] 509082K->400748K(532480K) [PSPermGen: 13645K->13645K(21504K)], 0.0720430 secs] [Times: user=0.50 sys=0.00, real=0.07 secs] 
250.123: Total time for which application threads were stopped: 0.0727540 seconds, Stopping threads took: 0.0000480 seconds
250.149: Application time: 0.0256570 seconds
250.150: [Full GC [PSYoungGen: 139264K->30948K(162304K)] [ParOldGen: 369818K->369818K(370176K)] 509082K->400767K(532480K) [PSPermGen: 13645K->13645K(21504K)], 0.0721020 secs] [Times: user=0.51 sys=0.00, real=0.07 secs] 
250.222: Total time for which application threads were stopped: 0.0728420 seconds, Stopping threads took: 0.0001070 seconds
250.247: Application time: 0.0256140 seconds
250.248: [Full GC [PSYoungGen: 139264K->30962K(162304K)] [ParOldGen: 369818K->369818K(370176K)] 509082K->400781K(532480K) [PSPermGen: 13645K->13645K(21504K)], 0.0722270 secs] [Times: user=0.51 sys=0.00, real=0.07 secs] 
250.320: Total time for which application threads were stopped: 0.0729160 seconds, Stopping threads took: 0.0000670 seconds
250.346: Application time: 0.0256960 seconds
250.347: [Full GC [PSYoungGen: 139264K->30978K(162304K)] [ParOldGen: 369818K->369818K(370176K)] 509082K->400797K(532480K) [PSPermGen: 13645K->13645K(21504K)], 0.0720590 secs] [Times: user=0.51 sys=0.00, real=0.07 secs] 
250.419: Total time for which application threads were stopped: 0.0727430 seconds, Stopping threads took: 0.0000500 seconds
250.444: Application time: 0.0255610 seconds
250.445: [Full GC [PSYoungGen: 139264K->30992K(162304K)] [ParOldGen: 369818K->369818K(370176K)] 509082K->400810K(532480K) [PSPermGen: 13645K->13645K(21504K)], 0.0719310 secs] [Times: user=0.51 sys=0.00, real=0.07 secs] 
250.517: Total time for which application threads were stopped: 0.0726260 seconds, Stopping threads took: 0.0000560 seconds
250.543: Application time: 0.0257010 seconds
250.543: [Full GC [PSYoungGen: 139264K->31009K(162304K)] [ParOldGen: 369818K->369818K(370176K)] 509082K->400827K(532480K) [PSPermGen: 13645K->13645K(21504K)], 0.0744790 secs] [Times: user=0.52 sys=0.00, real=0.08 secs] 
250.618: Total time for which application threads were stopped: 0.0751880 seconds, Stopping threads took: 0.0000860 seconds
250.644: Application time: 0.0259600 seconds
250.645: [Full GC [PSYoungGen: 139264K->30969K(162304K)] [ParOldGen: 369818K->369818K(370176K)] 509082K->400788K(532480K) [PSPermGen: 13645K->13645K(21504K)], 0.0725500 secs] [Times: user=0.51 sys=0.00, real=0.07 secs] 
250.717: Total time for which application threads were stopped: 0.0732880 seconds, Stopping threads took: 0.0000650 seconds
250.744: Application time: 0.0270670 seconds
250.745: [Full GC [PSYoungGen: 139264K->30860K(162304K)] [ParOldGen: 369818K->369818K(370176K)] 509082K->400678K(532480K) [PSPermGen: 13645K->13645K(21504K)], 0.0721630 secs] [Times: user=0.50 sys=0.00, real=0.07 secs] 
250.817: Total time for which application threads were stopped: 0.0728710 seconds, Stopping threads took: 0.0000870 seconds
250.843: Application time: 0.0256310 seconds
250.843: [Full GC [PSYoungGen: 139264K->30845K(162304K)] [ParOldGen: 369818K->369818K(370176K)] 509082K->400663K(532480K) [PSPermGen: 13645K->13645K(21504K)], 0.0716720 secs] [Times: user=0.50 sys=0.01, real=0.08 secs] 
250.915: Total time for which application threads were stopped: 0.0723050 seconds, Stopping threads took: 0.0000480 seconds
250.941: Application time: 0.0260870 seconds
250.942: [Full GC [PSYoungGen: 139264K->30797K(162304K)] [ParOldGen: 369818K->369818K(370176K)] 509082K->400616K(532480K) [PSPermGen: 13645K->13645K(21504K)], 0.0726560 secs] [Times: user=0.50 sys=0.00, real=0.08 secs] 
251.015: Total time for which application threads were stopped: 0.0734750 seconds, Stopping threads took: 0.0000520 seconds
251.040: Application time: 0.0257500 seconds
251.041: [Full GC [PSYoungGen: 139264K->30804K(162304K)] [ParOldGen: 369818K->369818K(370176K)] 509082K->400623K(532480K) [PSPermGen: 13645K->13645K(21504K)], 0.0719100 secs] [Times: user=0.51 sys=0.00, real=0.08 secs] 
251.113: Total time for which application threads were stopped: 0.0725910 seconds, Stopping threads took: 0.0000480 seconds
251.139: Application time: 0.0257020 seconds
251.139: [Full GC [PSYoungGen: 139264K->30821K(162304K)] [ParOldGen: 369818K->369818K(370176K)] 509082K->400639K(532480K) [PSPermGen: 13645K->13645K(21504K)], 0.0716410 secs] [Times: user=0.51 sys=0.00, real=0.07 secs] 
251.211: Total time for which application threads were stopped: 0.0723390 seconds, Stopping threads took: 0.0000590 seconds
251.236: Application time: 0.0254260 seconds
251.237: [Full GC [PSYoungGen: 139264K->30836K(162304K)] [ParOldGen: 369818K->369818K(370176K)] 509082K->400654K(532480K) [PSPermGen: 13645K->13645K(21504K)], 0.0713520 secs] [Times: user=0.50 sys=0.00, real=0.07 secs] 
251.309: Total time for which application threads were stopped: 0.0720800 seconds, Stopping threads took: 0.0000840 seconds
251.334: Application time: 0.0258100 seconds
251.335: [Full GC [PSYoungGen: 139264K->30847K(162304K)] [ParOldGen: 369818K->369818K(370176K)] 509082K->400666K(532480K) [PSPermGen: 13645K->13645K(21504K)], 0.0716960 secs] [Times: user=0.50 sys=0.00, real=0.07 secs] 
251.407: Total time for which application threads were stopped: 0.0723290 seconds, Stopping threads took: 0.0000570 seconds
251.433: Application time: 0.0258660 seconds
251.433: [Full GC [PSYoungGen: 139264K->30799K(162304K)] [ParOldGen: 369818K->369818K(370176K)] 509082K->400617K(532480K) [PSPermGen: 13645K->13645K(21504K)], 0.0721570 secs] [Times: user=0.51 sys=0.00, real=0.07 secs] 
251.505: Total time for which application threads were stopped: 0.0728760 seconds, Stopping threads took: 0.0000740 seconds
251.531: Application time: 0.0255470 seconds
251.532: [Full GC [PSYoungGen: 139264K->30811K(162304K)] [ParOldGen: 369818K->369818K(370176K)] 509082K->400630K(532480K) [PSPermGen: 13645K->13645K(21504K)], 0.0717960 secs] [Times: user=0.50 sys=0.00, real=0.07 secs] 
251.604: Total time for which application threads were stopped: 0.0724990 seconds, Stopping threads took: 0.0000670 seconds
251.629: Application time: 0.0254810 seconds
251.630: [Full GC [PSYoungGen: 139264K->30828K(162304K)] [ParOldGen: 369818K->369818K(370176K)] 509082K->400646K(532480K) [PSPermGen: 13645K->13645K(21504K)], 0.0714630 secs] [Times: user=0.50 sys=0.00, real=0.07 secs] 
251.701: Total time for which application threads were stopped: 0.0720970 seconds, Stopping threads took: 0.0000600 seconds
251.727: Application time: 0.0254280 seconds
251.727: [Full GC [PSYoungGen: 139264K->30842K(162304K)] [ParOldGen: 369818K->369818K(370176K)] 509082K->400660K(532480K) [PSPermGen: 13645K->13645K(21504K)], 0.0719750 secs] [Times: user=0.50 sys=0.00, real=0.07 secs] 
251.799: Total time for which application threads were stopped: 0.0726130 seconds, Stopping threads took: 0.0000720 seconds
251.825: Application time: 0.0256460 seconds
251.825: [Full GC [PSYoungGen: 139264K->30856K(162304K)] [ParOldGen: 369818K->369818K(370176K)] 509082K->400674K(532480K) [PSPermGen: 13645K->13645K(21504K)], 0.0720280 secs] [Times: user=0.51 sys=0.00, real=0.07 secs] 
251.898: Total time for which application threads were stopped: 0.0727210 seconds, Stopping threads took: 0.0001040 seconds
251.923: Application time: 0.0254910 seconds
251.924: [Full GC [PSYoungGen: 139264K->30870K(162304K)] [ParOldGen: 369818K->369818K(370176K)] 509082K->400689K(532480K) [PSPermGen: 13645K->13645K(21504K)], 0.0722030 secs] [Times: user=0.50 sys=0.00, real=0.08 secs] 
251.996: Total time for which application threads were stopped: 0.0729060 seconds, Stopping threads took: 0.0000630 seconds
252.022: Application time: 0.0256880 seconds
252.022: [Full GC [PSYoungGen: 139264K->30889K(162304K)] [ParOldGen: 369818K->369818K(370176K)] 509082K->400708K(532480K) [PSPermGen: 13645K->13645K(21504K)], 0.0716380 secs] [Times: user=0.50 sys=0.00, real=0.08 secs] 
252.094: Total time for which application threads were stopped: 0.0723380 seconds, Stopping threads took: 0.0000760 seconds
252.120: Application time: 0.0255820 seconds
252.120: [Full GC [PSYoungGen: 139264K->30905K(162304K)] [ParOldGen: 369818K->369818K(370176K)] 509082K->400723K(532480K) [PSPermGen: 13645K->13645K(21504K)], 0.0716560 secs] [Times: user=0.51 sys=0.00, real=0.07 secs] 
252.192: Total time for which application threads were stopped: 0.0722790 seconds, Stopping threads took: 0.0000510 seconds
252.217: Application time: 0.0255380 seconds
252.218: [Full GC [PSYoungGen: 139264K->30920K(162304K)] [ParOldGen: 369818K->369818K(370176K)] 509082K->400739K(532480K) [PSPermGen: 13645K->13645K(21504K)], 0.0715460 secs] [Times: user=0.51 sys=0.00, real=0.07 secs] 
252.290: Total time for which application threads were stopped: 0.0722230 seconds, Stopping threads took: 0.0000460 seconds
252.315: Application time: 0.0257900 seconds
252.316: [Full GC [PSYoungGen: 139264K->30936K(162304K)] [ParOldGen: 369818K->369818K(370176K)] 509082K->400755K(532480K) [PSPermGen: 13645K->13645K(21504K)], 0.0717240 secs] [Times: user=0.51 sys=0.00, real=0.07 secs] 
252.388: Total time for which application threads were stopped: 0.0724080 seconds, Stopping threads took: 0.0000500 seconds
252.413: Application time: 0.0256110 seconds
252.414: [Full GC [PSYoungGen: 139264K->30952K(162304K)] [ParOldGen: 369818K->369818K(370176K)] 509082K->400771K(532480K) [PSPermGen: 13645K->13645K(21504K)], 0.0724420 secs] [Times: user=0.51 sys=0.00, real=0.07 secs] 
252.487: Total time for which application threads were stopped: 0.0731690 seconds, Stopping threads took: 0.0000640 seconds
252.513: Application time: 0.0259570 seconds
252.513: [Full GC [PSYoungGen: 139264K->30913K(162304K)] [ParOldGen: 369818K->369818K(370176K)] 509082K->400731K(532480K) [PSPermGen: 13645K->13645K(21504K)], 0.0717780 secs] [Times: user=0.50 sys=0.00, real=0.07 secs] 
252.585: Total time for which application threads were stopped: 0.0724240 seconds, Stopping threads took: 0.0000470 seconds
252.610: Application time: 0.0253520 seconds
252.611: [Full GC [PSYoungGen: 139264K->30913K(162304K)] [ParOldGen: 369818K->369818K(370176K)] 509082K->400731K(532480K) [PSPermGen: 13645K->13645K(21504K)], 0.0715760 secs] [Times: user=0.51 sys=0.00, real=0.07 secs] 
252.683: Total time for which application threads were stopped: 0.0722520 seconds, Stopping threads took: 0.0000480 seconds
252.708: Application time: 0.0254600 seconds
252.709: [Full GC [PSYoungGen: 139264K->30928K(162304K)] [ParOldGen: 369818K->369818K(370176K)] 509082K->400747K(532480K) [PSPermGen: 13645K->13645K(21504K)], 0.0726050 secs] [Times: user=0.51 sys=0.00, real=0.07 secs] 
252.781: Total time for which application threads were stopped: 0.0733280 seconds, Stopping threads took: 0.0000760 seconds
252.808: Application time: 0.0264500 seconds
252.808: [Full GC [PSYoungGen: 139264K->30835K(162304K)] [ParOldGen: 369818K->369818K(370176K)] 509082K->400653K(532480K) [PSPermGen: 13645K->13645K(21504K)], 0.0719800 secs] [Times: user=0.51 sys=0.00, real=0.07 secs] 
252.881: Total time for which application threads were stopped: 0.0726900 seconds, Stopping threads took: 0.0000900 seconds
252.906: Application time: 0.0256590 seconds
252.907: [Full GC [PSYoungGen: 139264K->30818K(162304K)] [ParOldGen: 369818K->369818K(370176K)] 509082K->400637K(532480K) [PSPermGen: 13645K->13645K(21504K)], 0.0719950 secs] [Times: user=0.51 sys=0.00, real=0.07 secs] 
252.979: Total time for which application threads were stopped: 0.0726980 seconds, Stopping threads took: 0.0000660 seconds
253.004: Application time: 0.0253550 seconds
253.005: [Full GC [PSYoungGen: 139264K->30834K(162304K)] [ParOldGen: 369818K->369818K(370176K)] 509082K->400652K(532480K) [PSPermGen: 13645K->13645K(21504K)], 0.0716220 secs] [Times: user=0.51 sys=0.00, real=0.07 secs] 
253.077: Total time for which application threads were stopped: 0.0723900 seconds, Stopping threads took: 0.0000990 seconds
253.102: Application time: 0.0254790 seconds
253.103: [Full GC [PSYoungGen: 139264K->30850K(162304K)] [ParOldGen: 369818K->369818K(370176K)] 509082K->400668K(532480K) [PSPermGen: 13645K->13645K(21504K)], 0.0718640 secs] [Times: user=0.51 sys=0.01, real=0.08 secs] 
253.175: Total time for which application threads were stopped: 0.0726210 seconds, Stopping threads took: 0.0001230 seconds
253.200: Application time: 0.0256390 seconds
253.201: [Full GC [PSYoungGen: 139264K->30864K(162304K)] [ParOldGen: 369818K->369818K(370176K)] 509082K->400682K(532480K) [PSPermGen: 13645K->13645K(21504K)], 0.0716870 secs] [Times: user=0.50 sys=0.00, real=0.08 secs] 
253.273: Total time for which application threads were stopped: 0.0723740 seconds, Stopping threads took: 0.0000480 seconds
253.298: Application time: 0.0255540 seconds
253.299: [Full GC [PSYoungGen: 139264K->30878K(162304K)] [ParOldGen: 369818K->369818K(370176K)] 509082K->400696K(532480K) [PSPermGen: 13645K->13645K(21504K)], 0.0717650 secs] [Times: user=0.50 sys=0.00, real=0.07 secs] 
253.371: Total time for which application threads were stopped: 0.0724930 seconds, Stopping threads took: 0.0000630 seconds
253.396: Application time: 0.0255970 seconds
253.397: [Full GC [PSYoungGen: 139264K->30894K(162304K)] [ParOldGen: 369818K->369818K(370176K)] 509082K->400713K(532480K) [PSPermGen: 13645K->13645K(21504K)], 0.0719760 secs] [Times: user=0.50 sys=0.00, real=0.07 secs] 
253.469: Total time for which application threads were stopped: 0.0726860 seconds, Stopping threads took: 0.0000810 seconds
253.495: Application time: 0.0259400 seconds
253.496: [Full GC [PSYoungGen: 139264K->30911K(162304K)] [ParOldGen: 369818K->369818K(370176K)] 509082K->400729K(532480K) [PSPermGen: 13645K->13645K(21504K)], 0.0725660 secs] [Times: user=0.50 sys=0.01, real=0.07 secs] 
253.568: Total time for which application threads were stopped: 0.0731880 seconds, Stopping threads took: 0.0000440 seconds
253.594: Application time: 0.0255620 seconds
253.594: [Full GC [PSYoungGen: 139264K->30925K(162304K)] [ParOldGen: 369818K->369818K(370176K)] 509082K->400743K(532480K) [PSPermGen: 13645K->13645K(21504K)], 0.0718740 secs] [Times: user=0.51 sys=0.00, real=0.07 secs] 
253.666: Total time for which application threads were stopped: 0.0725910 seconds, Stopping threads took: 0.0000640 seconds
253.692: Application time: 0.0258110 seconds
253.693: [Full GC [PSYoungGen: 139264K->30943K(162304K)] [ParOldGen: 369818K->369818K(370176K)] 509082K->400762K(532480K) [PSPermGen: 13645K->13645K(21504K)], 0.0723830 secs] [Times: user=0.51 sys=0.00, real=0.07 secs] 
253.765: Total time for which application threads were stopped: 0.0730950 seconds, Stopping threads took: 0.0000610 seconds
253.791: Application time: 0.0258410 seconds
253.792: [Full GC [PSYoungGen: 139264K->30957K(162304K)] [ParOldGen: 369818K->369818K(370176K)] 509082K->400775K(532480K) [PSPermGen: 13645K->13645K(21504K)], 0.0717880 secs] [Times: user=0.50 sys=0.00, real=0.07 secs] 
253.864: Total time for which application threads were stopped: 0.0724930 seconds, Stopping threads took: 0.0000660 seconds
253.889: Application time: 0.0255840 seconds
253.890: [Full GC [PSYoungGen: 139264K->30973K(162304K)] [ParOldGen: 369818K->369818K(370176K)] 509082K->400792K(532480K) [PSPermGen: 13645K->13645K(21504K)], 0.0722370 secs] [Times: user=0.50 sys=0.00, real=0.07 secs] 
253.962: Total time for which application threads were stopped: 0.0729200 seconds, Stopping threads took: 0.0000600 seconds
253.988: Application time: 0.0261140 seconds
253.989: [Full GC [PSYoungGen: 139264K->30936K(162304K)] [ParOldGen: 369818K->369818K(370176K)] 509082K->400754K(532480K) [PSPermGen: 13645K->13645K(21504K)], 0.0722070 secs] [Times: user=0.51 sys=0.00, real=0.07 secs] 
254.061: Total time for which application threads were stopped: 0.0729040 seconds, Stopping threads took: 0.0000750 seconds
254.087: Application time: 0.0261070 seconds
254.088: [Full GC [PSYoungGen: 139264K->30935K(162304K)] [ParOldGen: 369818K->369818K(370176K)] 509082K->400754K(532480K) [PSPermGen: 13645K->13645K(21504K)], 0.0721830 secs] [Times: user=0.51 sys=0.00, real=0.07 secs] 
254.160: Total time for which application threads were stopped: 0.0728230 seconds, Stopping threads took: 0.0000690 seconds
254.186: Application time: 0.0258820 seconds
254.187: [Full GC [PSYoungGen: 139264K->30949K(162304K)] [ParOldGen: 369818K->369818K(370176K)] 509082K->400767K(532480K) [PSPermGen: 13645K->13645K(21504K)], 0.0713710 secs] [Times: user=0.51 sys=0.00, real=0.07 secs] 
254.258: Total time for which application threads were stopped: 0.0720700 seconds, Stopping threads took: 0.0000700 seconds
254.284: Application time: 0.0255810 seconds
254.284: [Full GC [PSYoungGen: 139264K->30966K(162304K)] [ParOldGen: 369818K->369818K(370176K)] 509082K->400784K(532480K) [PSPermGen: 13645K->13645K(21504K)], 0.0716800 secs] [Times: user=0.50 sys=0.01, real=0.08 secs] 
254.356: Total time for which application threads were stopped: 0.0723750 seconds, Stopping threads took: 0.0000740 seconds
254.382: Application time: 0.0261340 seconds
254.383: [Full GC [PSYoungGen: 139264K->30833K(162304K)] [ParOldGen: 369818K->369818K(370176K)] 509082K->400651K(532480K) [PSPermGen: 13646K->13646K(21504K)], 0.0717490 secs] [Times: user=0.50 sys=0.00, real=0.08 secs] 
254.455: Total time for which application threads were stopped: 0.0724560 seconds, Stopping threads took: 0.0000860 seconds
254.481: Application time: 0.0264810 seconds
254.482: [Full GC [PSYoungGen: 139264K->30799K(162304K)] [ParOldGen: 369818K->369818K(370176K)] 509082K->400617K(532480K) [PSPermGen: 13646K->13646K(21504K)], 0.0718090 secs] [Times: user=0.50 sys=0.00, real=0.08 secs] 
254.554: Total time for which application threads were stopped: 0.0724970 seconds, Stopping threads took: 0.0000560 seconds
254.580: Application time: 0.0260490 seconds
254.580: [Full GC [PSYoungGen: 139264K->30801K(162304K)] [ParOldGen: 369818K->369818K(370176K)] 509082K->400620K(532480K) [PSPermGen: 13646K->13646K(21504K)], 0.0711860 secs] [Times: user=0.50 sys=0.00, real=0.07 secs] 
254.652: Total time for which application threads were stopped: 0.0718440 seconds, Stopping threads took: 0.0000400 seconds
254.677: Application time: 0.0253980 seconds
254.678: [Full GC [PSYoungGen: 139264K->30816K(162304K)] [ParOldGen: 369818K->369818K(370176K)] 509082K->400634K(532480K) [PSPermGen: 13646K->13646K(21504K)], 0.0716210 secs] [Times: user=0.51 sys=0.00, real=0.07 secs] 
254.749: Total time for which application threads were stopped: 0.0723150 seconds, Stopping threads took: 0.0000630 seconds
254.775: Application time: 0.0256710 seconds
254.775: [Full GC [PSYoungGen: 139264K->30831K(162304K)] [ParOldGen: 369818K->369818K(370176K)] 509082K->400650K(532480K) [PSPermGen: 13646K->13646K(21504K)], 0.0717510 secs] [Times: user=0.50 sys=0.00, real=0.07 secs] 
254.847: Total time for which application threads were stopped: 0.0724190 seconds, Stopping threads took: 0.0000700 seconds
254.873: Application time: 0.0255430 seconds
254.873: [Full GC [PSYoungGen: 139264K->30847K(162304K)] [ParOldGen: 369818K->369818K(370176K)] 509082K->400665K(532480K) [PSPermGen: 13646K->13646K(21504K)], 0.0727810 secs] [Times: user=0.51 sys=0.00, real=0.07 secs] 
254.946: Total time for which application threads were stopped: 0.0734680 seconds, Stopping threads took: 0.0000550 seconds
254.972: Application time: 0.0255720 seconds
254.973: [Full GC [PSYoungGen: 139264K->30862K(162304K)] [ParOldGen: 369818K->369818K(370176K)] 509082K->400680K(532480K) [PSPermGen: 13646K->13646K(21504K)], 0.0722160 secs] [Times: user=0.51 sys=0.00, real=0.07 secs] 
255.045: Total time for which application threads were stopped: 0.0729150 seconds, Stopping threads took: 0.0000630 seconds
255.071: Application time: 0.0260470 seconds
255.071: [Full GC [PSYoungGen: 139264K->30822K(162304K)] [ParOldGen: 369818K->369818K(370176K)] 509082K->400641K(532480K) [PSPermGen: 13646K->13646K(21504K)], 0.0717500 secs] [Times: user=0.50 sys=0.00, real=0.07 secs] 
255.143: Total time for which application threads were stopped: 0.0723520 seconds, Stopping threads took: 0.0000600 seconds
255.169: Application time: 0.0256270 seconds
255.169: [Full GC [PSYoungGen: 139264K->30822K(162304K)] [ParOldGen: 369818K->369818K(370176K)] 509082K->400640K(532480K) [PSPermGen: 13646K->13646K(21504K)], 0.0716810 secs] [Times: user=0.51 sys=0.00, real=0.07 secs] 
255.241: Total time for which application threads were stopped: 0.0723670 seconds, Stopping threads took: 0.0000580 seconds
255.267: Application time: 0.0255230 seconds
255.267: [Full GC [PSYoungGen: 139264K->30838K(162304K)] [ParOldGen: 369818K->369818K(370176K)] 509082K->400656K(532480K) [PSPermGen: 13646K->13646K(21504K)], 0.0713280 secs] [Times: user=0.50 sys=0.00, real=0.07 secs] 
255.339: Total time for which application threads were stopped: 0.0720160 seconds, Stopping threads took: 0.0000500 seconds
255.364: Application time: 0.0256680 seconds
255.365: [Full GC [PSYoungGen: 139264K->30853K(162304K)] [ParOldGen: 369818K->369818K(370176K)] 509082K->400671K(532480K) [PSPermGen: 13646K->13646K(21504K)], 0.0721630 secs] [Times: user=0.51 sys=0.00, real=0.07 secs] 
255.437: Total time for which application threads were stopped: 0.0729430 seconds, Stopping threads took: 0.0001230 seconds
255.463: Application time: 0.0258070 seconds
255.464: [Full GC [PSYoungGen: 139264K->30868K(162304K)] [ParOldGen: 369818K->369818K(370176K)] 509082K->400687K(532480K) [PSPermGen: 13646K->13646K(21504K)], 0.0715030 secs] [Times: user=0.50 sys=0.00, real=0.08 secs] 
255.535: Total time for which application threads were stopped: 0.0721990 seconds, Stopping threads took: 0.0000600 seconds
255.561: Application time: 0.0255720 seconds
255.562: [Full GC [PSYoungGen: 139264K->30883K(162304K)] [ParOldGen: 369818K->369818K(370176K)] 509082K->400702K(532480K) [PSPermGen: 13646K->13646K(21504K)], 0.0715010 secs] [Times: user=0.51 sys=0.00, real=0.08 secs] 
255.633: Total time for which application threads were stopped: 0.0721670 seconds, Stopping threads took: 0.0000950 seconds
255.659: Application time: 0.0256800 seconds
255.659: [Full GC [PSYoungGen: 139264K->30901K(162304K)] [ParOldGen: 369818K->369818K(370176K)] 509082K->400720K(532480K) [PSPermGen: 13646K->13646K(21504K)], 0.0720000 secs] [Times: user=0.51 sys=0.00, real=0.07 secs] 
255.732: Total time for which application threads were stopped: 0.0727110 seconds, Stopping threads took: 0.0000710 seconds
255.757: Application time: 0.0257300 seconds
255.758: [Full GC [PSYoungGen: 139264K->30917K(162304K)] [ParOldGen: 369818K->369818K(370176K)] 509082K->400735K(532480K) [PSPermGen: 13646K->13646K(21504K)], 0.0729750 secs] [Times: user=0.51 sys=0.00, real=0.07 secs] 
255.831: Total time for which application threads were stopped: 0.0736030 seconds, Stopping threads took: 0.0000510 seconds
255.856: Application time: 0.0255770 seconds
255.857: [Full GC [PSYoungGen: 139264K->30930K(162304K)] [ParOldGen: 369818K->369818K(370176K)] 509082K->400748K(532480K) [PSPermGen: 13646K->13646K(21504K)], 0.0719960 secs] [Times: user=0.50 sys=0.00, real=0.07 secs] 
255.929: Total time for which application threads were stopped: 0.0726920 seconds, Stopping threads took: 0.0000400 seconds
255.955: Application time: 0.0263130 seconds
255.956: [Full GC [PSYoungGen: 139264K->30948K(162304K)] [ParOldGen: 369818K->369818K(370176K)] 509082K->400766K(532480K) [PSPermGen: 13646K->13646K(21504K)], 0.0727330 secs] [Times: user=0.51 sys=0.00, real=0.07 secs] 
256.029: Total time for which application threads were stopped: 0.0733970 seconds, Stopping threads took: 0.0000570 seconds
256.054: Application time: 0.0255500 seconds
256.055: [Full GC [PSYoungGen: 139264K->30962K(162304K)] [ParOldGen: 369818K->369818K(370176K)] 509082K->400781K(532480K) [PSPermGen: 13646K->13646K(21504K)], 0.0714260 secs] [Times: user=0.51 sys=0.00, real=0.07 secs] 
256.127: Total time for which application threads were stopped: 0.0721410 seconds, Stopping threads took: 0.0000930 seconds
256.152: Application time: 0.0256880 seconds
256.153: [Full GC [PSYoungGen: 139264K->30978K(162304K)] [ParOldGen: 369818K->369818K(370176K)] 509082K->400797K(532480K) [PSPermGen: 13646K->13646K(21504K)], 0.0721750 secs] [Times: user=0.50 sys=0.00, real=0.07 secs] 
256.225: Total time for which application threads were stopped: 0.0728920 seconds, Stopping threads took: 0.0000900 seconds
256.253: Application time: 0.0282080 seconds
256.254: [Full GC [PSYoungGen: 139264K->30831K(162304K)] [ParOldGen: 369818K->369818K(370176K)] 509082K->400649K(532480K) [PSPermGen: 13646K->13646K(21504K)], 0.0722180 secs] [Times: user=0.51 sys=0.00, real=0.07 secs] 
256.326: Total time for which application threads were stopped: 0.0729760 seconds, Stopping threads took: 0.0000750 seconds
256.352: Application time: 0.0256960 seconds
256.353: [Full GC [PSYoungGen: 139264K->30799K(162304K)] [ParOldGen: 369818K->369818K(370176K)] 509082K->400617K(532480K) [PSPermGen: 13646K->13646K(21504K)], 0.0714490 secs] [Times: user=0.50 sys=0.00, real=0.06 secs] 
256.424: Total time for which application threads were stopped: 0.0721570 seconds, Stopping threads took: 0.0000590 seconds
256.450: Application time: 0.0255740 seconds
256.450: [Full GC [PSYoungGen: 139264K->30814K(162304K)] [ParOldGen: 369818K->369818K(370176K)] 509082K->400632K(532480K) [PSPermGen: 13646K->13646K(21504K)], 0.0717980 secs] [Times: user=0.50 sys=0.00, real=0.07 secs] 
256.522: Total time for which application threads were stopped: 0.0725250 seconds, Stopping threads took: 0.0000910 seconds
256.548: Application time: 0.0252280 seconds
256.548: [Full GC [PSYoungGen: 139264K->30829K(162304K)] [ParOldGen: 369818K->369818K(370176K)] 509082K->400648K(532480K) [PSPermGen: 13646K->13646K(21504K)], 0.0718540 secs] [Times: user=0.51 sys=0.00, real=0.07 secs] 
256.620: Total time for which application threads were stopped: 0.0725560 seconds, Stopping threads took: 0.0000430 seconds
256.645: Application time: 0.0253970 seconds
256.646: [Full GC [PSYoungGen: 139264K->30844K(162304K)] [ParOldGen: 369818K->369818K(370176K)] 509082K->400663K(532480K) [PSPermGen: 13646K->13646K(21504K)], 0.0724610 secs] [Times: user=0.51 sys=0.00, real=0.07 secs] 
256.719: Total time for which application threads were stopped: 0.0730680 seconds, Stopping threads took: 0.0000480 seconds
256.744: Application time: 0.0254360 seconds
256.745: [Full GC [PSYoungGen: 139264K->30859K(162304K)] [ParOldGen: 369818K->369818K(370176K)] 509082K->400677K(532480K) [PSPermGen: 13646K->13646K(21504K)], 0.0718440 secs] [Times: user=0.51 sys=0.01, real=0.07 secs] 
256.816: Total time for which application threads were stopped: 0.0724760 seconds, Stopping threads took: 0.0000610 seconds
256.842: Application time: 0.0255520 seconds
256.843: [Full GC [PSYoungGen: 139264K->30875K(162304K)] [ParOldGen: 369818K->369818K(370176K)] 509082K->400693K(532480K) [PSPermGen: 13646K->13646K(21504K)], 0.0720930 secs] [Times: user=0.51 sys=0.00, real=0.08 secs] 
256.915: Total time for which application threads were stopped: 0.0727700 seconds, Stopping threads took: 0.0000400 seconds
256.940: Application time: 0.0253750 seconds
256.941: [Full GC [PSYoungGen: 139264K->30889K(162304K)] [ParOldGen: 369818K->369818K(370176K)] 509082K->400708K(532480K) [PSPermGen: 13646K->13646K(21504K)], 0.0728090 secs] [Times: user=0.51 sys=0.00, real=0.08 secs] 
257.014: Total time for which application threads were stopped: 0.0735070 seconds, Stopping threads took: 0.0000500 seconds
257.039: Application time: 0.0256040 seconds
257.040: [Full GC [PSYoungGen: 139264K->30908K(162304K)] [ParOldGen: 369818K->369818K(370176K)] 509082K->400726K(532480K) [PSPermGen: 13646K->13646K(21504K)], 0.0716270 secs] [Times: user=0.51 sys=0.00, real=0.07 secs] 
257.112: Total time for which application threads were stopped: 0.0722480 seconds, Stopping threads took: 0.0000440 seconds
257.137: Application time: 0.0257490 seconds
257.138: [Full GC [PSYoungGen: 139264K->30920K(162304K)] [ParOldGen: 369818K->369818K(370176K)] 509082K->400738K(532480K) [PSPermGen: 13646K->13646K(21504K)], 0.0719560 secs] [Times: user=0.51 sys=0.00, real=0.07 secs] 
257.210: Total time for which application threads were stopped: 0.0726690 seconds, Stopping threads took: 0.0000560 seconds
257.236: Application time: 0.0256710 seconds
257.236: [Full GC [PSYoungGen: 139264K->30937K(162304K)] [ParOldGen: 369818K->369818K(370176K)] 509082K->400755K(532480K) [PSPermGen: 13646K->13646K(21504K)], 0.0724810 secs] [Times: user=0.50 sys=0.00, real=0.07 secs] 
257.309: Total time for which application threads were stopped: 0.0731640 seconds, Stopping threads took: 0.0000420 seconds
257.334: Application time: 0.0253720 seconds
257.335: [Full GC [PSYoungGen: 139264K->30955K(162304K)] [ParOldGen: 369818K->369818K(370176K)] 509082K->400774K(532480K) [PSPermGen: 13646K->13646K(21504K)], 0.0719770 secs] [Times: user=0.51 sys=0.00, real=0.07 secs] 
257.407: Total time for which application threads were stopped: 0.0726710 seconds, Stopping threads took: 0.0000580 seconds
257.432: Application time: 0.0252550 seconds
257.433: [Full GC [PSYoungGen: 139264K->30968K(162304K)] [ParOldGen: 369818K->369818K(370176K)] 509082K->400786K(532480K) [PSPermGen: 13646K->13646K(21504K)], 0.0721170 secs] [Times: user=0.51 sys=0.00, real=0.07 secs] 
257.505: Total time for which application threads were stopped: 0.0727980 seconds, Stopping threads took: 0.0000440 seconds
257.530: Application time: 0.0253710 seconds
257.531: [Full GC [PSYoungGen: 139264K->30982K(162304K)] [ParOldGen: 369818K->369818K(370176K)] 509082K->400800K(532480K) [PSPermGen: 13646K->13646K(21504K)], 0.0730400 secs] [Times: user=0.52 sys=0.00, real=0.07 secs] 
257.604: Total time for which application threads were stopped: 0.0737440 seconds, Stopping threads took: 0.0000730 seconds
257.630: Application time: 0.0258250 seconds
257.630: [Full GC [PSYoungGen: 139264K->30931K(162304K)] [ParOldGen: 369818K->369818K(370176K)] 509082K->400749K(532480K) [PSPermGen: 13646K->13646K(21504K)], 0.0714780 secs] [Times: user=0.50 sys=0.00, real=0.07 secs] 
257.702: Total time for which application threads were stopped: 0.0721620 seconds, Stopping threads took: 0.0000430 seconds
257.727: Application time: 0.0253100 seconds
257.728: [Full GC [PSYoungGen: 139264K->30945K(162304K)] [ParOldGen: 369818K->369818K(370176K)] 509082K->400763K(532480K) [PSPermGen: 13646K->13646K(21504K)], 0.0718180 secs] [Times: user=0.51 sys=0.00, real=0.07 secs] 
257.800: Total time for which application threads were stopped: 0.0725160 seconds, Stopping threads took: 0.0000690 seconds
257.825: Application time: 0.0254280 seconds
257.826: [Full GC [PSYoungGen: 139264K->30960K(162304K)] [ParOldGen: 369818K->369818K(370176K)] 509082K->400779K(532480K) [PSPermGen: 13646K->13646K(21504K)], 0.0717050 secs] [Times: user=0.50 sys=0.00, real=0.07 secs] 
257.898: Total time for which application threads were stopped: 0.0723780 seconds, Stopping threads took: 0.0000540 seconds
257.924: Application time: 0.0265050 seconds
257.925: [Full GC [PSYoungGen: 139264K->30867K(162304K)] [ParOldGen: 369818K->369818K(370176K)] 509082K->400685K(532480K) [PSPermGen: 13646K->13646K(21504K)], 0.0736340 secs] [Times: user=0.52 sys=0.00, real=0.07 secs] 
257.999: Total time for which application threads were stopped: 0.0743460 seconds, Stopping threads took: 0.0000670 seconds
258.024: Application time: 0.0255590 seconds
258.025: [Full GC [PSYoungGen: 139264K->30852K(162304K)] [ParOldGen: 369818K->369818K(370176K)] 509082K->400671K(532480K) [PSPermGen: 13646K->13646K(21504K)], 0.0717230 secs] [Times: user=0.50 sys=0.00, real=0.07 secs] 
258.097: Total time for which application threads were stopped: 0.0724180 seconds, Stopping threads took: 0.0000630 seconds
258.122: Application time: 0.0259080 seconds
258.123: [Full GC [PSYoungGen: 139264K->30812K(162304K)] [ParOldGen: 369818K->369818K(370176K)] 509082K->400631K(532480K) [PSPermGen: 13646K->13646K(21504K)], 0.0719130 secs] [Times: user=0.51 sys=0.00, real=0.08 secs] 
258.195: Total time for which application threads were stopped: 0.0725980 seconds, Stopping threads took: 0.0000570 seconds
258.221: Application time: 0.0255800 seconds
258.221: [Full GC [PSYoungGen: 139264K->30812K(162304K)] [ParOldGen: 369818K->369818K(370176K)] 509082K->400630K(532480K) [PSPermGen: 13646K->13646K(21504K)], 0.0719860 secs] [Times: user=0.51 sys=0.00, real=0.08 secs] 
258.293: Total time for which application threads were stopped: 0.0726290 seconds, Stopping threads took: 0.0000750 seconds
258.319: Application time: 0.0255410 seconds
258.319: [Full GC [PSYoungGen: 139264K->30828K(162304K)] [ParOldGen: 369818K->369818K(370176K)] 509082K->400647K(532480K) [PSPermGen: 13646K->13646K(21504K)], 0.0714760 secs] [Times: user=0.50 sys=0.00, real=0.07 secs] 
258.393: Total time for which application threads were stopped: 0.0737820 seconds, Stopping threads took: 0.0000560 seconds
258.418: Application time: 0.0255480 seconds
258.419: [Full GC [PSYoungGen: 139264K->30844K(162304K)] [ParOldGen: 369818K->369818K(370176K)] 509082K->400662K(532480K) [PSPermGen: 13646K->13646K(21504K)], 0.0717290 secs] [Times: user=0.51 sys=0.00, real=0.07 secs] 
258.491: Total time for which application threads were stopped: 0.0724450 seconds, Stopping threads took: 0.0000870 seconds
258.516: Application time: 0.0255450 seconds
258.517: [Full GC [PSYoungGen: 139264K->30858K(162304K)] [ParOldGen: 369818K->369818K(370176K)] 509082K->400677K(532480K) [PSPermGen: 13646K->13646K(21504K)], 0.0715380 secs] [Times: user=0.51 sys=0.00, real=0.07 secs] 
258.588: Total time for which application threads were stopped: 0.0722180 seconds, Stopping threads took: 0.0000650 seconds
258.614: Application time: 0.0260820 seconds
258.615: [Full GC [PSYoungGen: 139264K->30818K(162304K)] [ParOldGen: 369818K->369818K(370176K)] 509082K->400636K(532480K) [PSPermGen: 13646K->13646K(21504K)], 0.0728140 secs] [Times: user=0.51 sys=0.00, real=0.07 secs] 
258.688: Total time for which application threads were stopped: 0.0734340 seconds, Stopping threads took: 0.0000630 seconds
258.714: Application time: 0.0258770 seconds
258.714: [Full GC [PSYoungGen: 139264K->30819K(162304K)] [ParOldGen: 369818K->369818K(370176K)] 509082K->400637K(532480K) [PSPermGen: 13646K->13646K(21504K)], 0.0717570 secs] [Times: user=0.50 sys=0.00, real=0.07 secs] 
258.786: Total time for which application threads were stopped: 0.0724390 seconds, Stopping threads took: 0.0000460 seconds
258.812: Application time: 0.0254020 seconds
258.812: [Full GC [PSYoungGen: 139264K->30834K(162304K)] [ParOldGen: 369818K->369818K(370176K)] 509082K->400652K(532480K) [PSPermGen: 13646K->13646K(21504K)], 0.0718980 secs] [Times: user=0.50 sys=0.00, real=0.07 secs] 
258.884: Total time for which application threads were stopped: 0.0725820 seconds, Stopping threads took: 0.0000480 seconds
258.910: Application time: 0.0255290 seconds
258.910: [Full GC [PSYoungGen: 139264K->30848K(162304K)] [ParOldGen: 369818K->369818K(370176K)] 509082K->400666K(532480K) [PSPermGen: 13646K->13646K(21504K)], 0.0725180 secs] [Times: user=0.51 sys=0.00, real=0.07 secs] 
258.983: Total time for which application threads were stopped: 0.0731640 seconds, Stopping threads took: 0.0000420 seconds
259.009: Application time: 0.0257290 seconds
259.009: [Full GC [PSYoungGen: 139264K->30865K(162304K)] [ParOldGen: 369818K->369818K(370176K)] 509082K->400683K(532480K) [PSPermGen: 13646K->13646K(21504K)], 0.0720470 secs] [Times: user=0.50 sys=0.00, real=0.07 secs] 
259.081: Total time for which application threads were stopped: 0.0727380 seconds, Stopping threads took: 0.0000530 seconds
259.107: Application time: 0.0259060 seconds
259.108: [Full GC [PSYoungGen: 139264K->30882K(162304K)] [ParOldGen: 369818K->369818K(370176K)] 509082K->400700K(532480K) [PSPermGen: 13646K->13646K(21504K)], 0.0719540 secs] [Times: user=0.51 sys=0.00, real=0.07 secs] 
259.180: Total time for which application threads were stopped: 0.0726310 seconds, Stopping threads took: 0.0000400 seconds
259.206: Application time: 0.0257620 seconds
259.206: [Full GC [PSYoungGen: 139264K->30897K(162304K)] [ParOldGen: 369818K->369818K(370176K)] 509082K->400716K(532480K) [PSPermGen: 13646K->13646K(21504K)], 0.0722770 secs] [Times: user=0.51 sys=0.00, real=0.07 secs] 
259.279: Total time for which application threads were stopped: 0.0729150 seconds, Stopping threads took: 0.0000580 seconds
259.304: Application time: 0.0256130 seconds
259.305: [Full GC [PSYoungGen: 139264K->30912K(162304K)] [ParOldGen: 369818K->369818K(370176K)] 509082K->400731K(532480K) [PSPermGen: 13646K->13646K(21504K)], 0.0732810 secs] [Times: user=0.51 sys=0.00, real=0.07 secs] 
259.378: Total time for which application threads were stopped: 0.0739740 seconds, Stopping threads took: 0.0000560 seconds
259.404: Application time: 0.0255250 seconds
259.404: [Full GC [PSYoungGen: 139264K->30928K(162304K)] [ParOldGen: 369818K->369818K(370176K)] 509082K->400746K(532480K) [PSPermGen: 13646K->13646K(21504K)], 0.0723410 secs] [Times: user=0.50 sys=0.01, real=0.07 secs] 
259.477: Total time for which application threads were stopped: 0.0730490 seconds, Stopping threads took: 0.0000660 seconds
259.502: Application time: 0.0254830 seconds
259.503: [Full GC [PSYoungGen: 139264K->30944K(162304K)] [ParOldGen: 369818K->369818K(370176K)] 509082K->400763K(532480K) [PSPermGen: 13646K->13646K(21504K)], 0.0714570 secs] [Times: user=0.50 sys=0.00, real=0.08 secs] 
259.574: Total time for which application threads were stopped: 0.0721710 seconds, Stopping threads took: 0.0000530 seconds
259.600: Application time: 0.0255880 seconds
259.601: [Full GC [PSYoungGen: 139264K->30959K(162304K)] [ParOldGen: 369818K->369818K(370176K)] 509082K->400778K(532480K) [PSPermGen: 13646K->13646K(21504K)], 0.0719870 secs] [Times: user=0.50 sys=0.00, real=0.08 secs] 
259.673: Total time for which application threads were stopped: 0.0726330 seconds, Stopping threads took: 0.0000640 seconds
259.699: Application time: 0.0263500 seconds
259.700: [Full GC [PSYoungGen: 139264K->30865K(162304K)] [ParOldGen: 369818K->369818K(370176K)] 509082K->400683K(532480K) [PSPermGen: 13646K->13646K(21504K)], 0.0720930 secs] [Times: user=0.51 sys=0.00, real=0.07 secs] 
259.772: Total time for which application threads were stopped: 0.0727830 seconds, Stopping threads took: 0.0000680 seconds
259.798: Application time: 0.0258750 seconds
259.798: [Full GC [PSYoungGen: 139264K->30849K(162304K)] [ParOldGen: 369818K->369818K(370176K)] 509082K->400668K(532480K) [PSPermGen: 13646K->13646K(21504K)], 0.0714770 secs] [Times: user=0.50 sys=0.00, real=0.07 secs] 
259.870: Total time for which application threads were stopped: 0.0721620 seconds, Stopping threads took: 0.0000480 seconds
259.895: Application time: 0.0255360 seconds
259.896: [Full GC [PSYoungGen: 139264K->30861K(162304K)] [ParOldGen: 369818K->369818K(370176K)] 509082K->400680K(532480K) [PSPermGen: 13646K->13646K(21504K)], 0.0730350 secs] [Times: user=0.51 sys=0.00, real=0.07 secs] 
259.969: Total time for which application threads were stopped: 0.0737550 seconds, Stopping threads took: 0.0000540 seconds
259.995: Application time: 0.0256820 seconds
259.995: [Full GC [PSYoungGen: 139264K->30812K(162304K)] [ParOldGen: 369818K->369818K(370176K)] 509082K->400630K(532480K) [PSPermGen: 13646K->13646K(21504K)], 0.0718560 secs] [Times: user=0.51 sys=0.00, real=0.07 secs] 
260.067: Total time for which application threads were stopped: 0.0725010 seconds, Stopping threads took: 0.0000700 seconds
260.093: Application time: 0.0255570 seconds
260.094: [Full GC [PSYoungGen: 139264K->30826K(162304K)] [ParOldGen: 369818K->369818K(370176K)] 509082K->400644K(532480K) [PSPermGen: 13646K->13646K(21504K)], 0.0717100 secs] [Times: user=0.51 sys=0.00, real=0.07 secs] 
260.165: Total time for which application threads were stopped: 0.0724220 seconds, Stopping threads took: 0.0000510 seconds
260.191: Application time: 0.0254980 seconds
260.191: [Full GC [PSYoungGen: 139264K->30840K(162304K)] [ParOldGen: 369818K->369818K(370176K)] 509082K->400659K(532480K) [PSPermGen: 13646K->13646K(21504K)], 0.0719050 secs] [Times: user=0.51 sys=0.00, real=0.07 secs] 
260.263: Total time for which application threads were stopped: 0.0725270 seconds, Stopping threads took: 0.0000490 seconds
260.289: Application time: 0.0254680 seconds
260.289: [Full GC [PSYoungGen: 139264K->30857K(162304K)] [ParOldGen: 369818K->369818K(370176K)] 509082K->400675K(532480K) [PSPermGen: 13646K->13646K(21504K)], 0.0717790 secs] [Times: user=0.51 sys=0.00, real=0.07 secs] 
260.361: Total time for which application threads were stopped: 0.0724170 seconds, Stopping threads took: 0.0000660 seconds
260.387: Application time: 0.0254380 seconds
260.387: [Full GC [PSYoungGen: 139264K->30872K(162304K)] [ParOldGen: 369818K->369818K(370176K)] 509082K->400690K(532480K) [PSPermGen: 13646K->13646K(21504K)], 0.0719160 secs] [Times: user=0.50 sys=0.01, real=0.07 secs] 
260.459: Total time for which application threads were stopped: 0.0725470 seconds, Stopping threads took: 0.0000540 seconds
260.485: Application time: 0.0254160 seconds
260.485: [Full GC [PSYoungGen: 139264K->30887K(162304K)] [ParOldGen: 369818K->369818K(370176K)] 509082K->400705K(532480K) [PSPermGen: 13646K->13646K(21504K)], 0.0718740 secs] [Times: user=0.51 sys=0.00, real=0.07 secs] 
260.557: Total time for which application threads were stopped: 0.0725680 seconds, Stopping threads took: 0.0000620 seconds
260.583: Application time: 0.0257140 seconds
260.584: [Full GC [PSYoungGen: 139264K->30902K(162304K)] [ParOldGen: 369818K->369818K(370176K)] 509082K->400721K(532480K) [PSPermGen: 13646K->13646K(21504K)], 0.0722920 secs] [Times: user=0.50 sys=0.00, real=0.08 secs] 
260.656: Total time for which application threads were stopped: 0.0729760 seconds, Stopping threads took: 0.0000660 seconds
260.681: Application time: 0.0255750 seconds
260.682: [Full GC [PSYoungGen: 139264K->30919K(162304K)] [ParOldGen: 369818K->369818K(370176K)] 509082K->400738K(532480K) [PSPermGen: 13646K->13646K(21504K)], 0.0715870 secs] [Times: user=0.50 sys=0.00, real=0.08 secs] 
260.754: Total time for which application threads were stopped: 0.0723010 seconds, Stopping threads took: 0.0000590 seconds
260.779: Application time: 0.0257100 seconds
260.780: [Full GC [PSYoungGen: 139264K->30932K(162304K)] [ParOldGen: 369818K->369818K(370176K)] 509082K->400750K(532480K) [PSPermGen: 13646K->13646K(21504K)], 0.0717380 secs] [Times: user=0.50 sys=0.00, real=0.07 secs] 
260.852: Total time for which application threads were stopped: 0.0723640 seconds, Stopping threads took: 0.0000490 seconds
260.878: Application time: 0.0256880 seconds
260.878: [Full GC [PSYoungGen: 139264K->30949K(162304K)] [ParOldGen: 369818K->369818K(370176K)] 509082K->400767K(532480K) [PSPermGen: 13646K->13646K(21504K)], 0.0724880 secs] [Times: user=0.50 sys=0.00, real=0.07 secs] 
260.951: Total time for which application threads were stopped: 0.0731740 seconds, Stopping threads took: 0.0000540 seconds
260.977: Application time: 0.0260030 seconds
260.977: [Full GC [PSYoungGen: 139264K->30961K(162304K)] [ParOldGen: 369818K->369818K(370176K)] 509082K->400780K(532480K) [PSPermGen: 13646K->13646K(21504K)], 0.0722240 secs] [Times: user=0.51 sys=0.00, real=0.07 secs] 
261.050: Total time for which application threads were stopped: 0.0728660 seconds, Stopping threads took: 0.0000700 seconds
261.075: Application time: 0.0256920 seconds
261.076: [Full GC [PSYoungGen: 139264K->30982K(162304K)] [ParOldGen: 369818K->369818K(370176K)] 509082K->400800K(532480K) [PSPermGen: 13646K->13646K(21504K)], 0.0722130 secs] [Times: user=0.51 sys=0.00, real=0.07 secs] 
261.148: Total time for which application threads were stopped: 0.0728590 seconds, Stopping threads took: 0.0000700 seconds
261.174: Application time: 0.0262180 seconds
261.175: [Full GC [PSYoungGen: 139264K->30941K(162304K)] [ParOldGen: 369818K->369818K(370176K)] 509082K->400759K(532480K) [PSPermGen: 13646K->13646K(21504K)], 0.0720300 secs] [Times: user=0.51 sys=0.00, real=0.07 secs] 
261.247: Total time for which application threads were stopped: 0.0727590 seconds, Stopping threads took: 0.0000910 seconds
261.273: Application time: 0.0257570 seconds
261.274: [Full GC [PSYoungGen: 139264K->30942K(162304K)] [ParOldGen: 369818K->369818K(370176K)] 509082K->400760K(532480K) [PSPermGen: 13646K->13646K(21504K)], 0.0719350 secs] [Times: user=0.51 sys=0.00, real=0.07 secs] 
261.346: Total time for which application threads were stopped: 0.0726760 seconds, Stopping threads took: 0.0000860 seconds
261.371: Application time: 0.0256380 seconds
261.372: [Full GC [PSYoungGen: 139264K->30951K(162304K)] [ParOldGen: 369818K->369818K(370176K)] 509082K->400770K(532480K) [PSPermGen: 13646K->13646K(21504K)], 0.0714310 secs] [Times: user=0.51 sys=0.00, real=0.07 secs] 
261.443: Total time for which application threads were stopped: 0.0721180 seconds, Stopping threads took: 0.0000420 seconds
261.469: Application time: 0.0258280 seconds
261.470: [Full GC [PSYoungGen: 139264K->30972K(162304K)] [ParOldGen: 369818K->369818K(370176K)] 509082K->400790K(532480K) [PSPermGen: 13646K->13646K(21504K)], 0.0718000 secs] [Times: user=0.50 sys=0.00, real=0.07 secs] 
261.542: Total time for which application threads were stopped: 0.0724890 seconds, Stopping threads took: 0.0000600 seconds
261.567: Application time: 0.0253890 seconds
261.568: [Full GC [PSYoungGen: 139264K->30988K(162304K)] [ParOldGen: 369818K->369818K(370176K)] 509082K->400806K(532480K) [PSPermGen: 13646K->13646K(21504K)], 0.0720880 secs] [Times: user=0.51 sys=0.00, real=0.07 secs] 
261.640: Total time for which application threads were stopped: 0.0727710 seconds, Stopping threads took: 0.0000580 seconds
261.666: Application time: 0.0264150 seconds
261.667: [Full GC [PSYoungGen: 139264K->30840K(162304K)] [ParOldGen: 369818K->369818K(370176K)] 509082K->400658K(532480K) [PSPermGen: 13646K->13646K(21504K)], 0.0740230 secs] [Times: user=0.53 sys=0.00, real=0.07 secs] 
261.741: Total time for which application threads were stopped: 0.0747010 seconds, Stopping threads took: 0.0000580 seconds
261.766: Application time: 0.0254220 seconds
261.767: [Full GC [PSYoungGen: 139264K->30809K(162304K)] [ParOldGen: 369818K->369818K(370176K)] 509082K->400627K(532480K) [PSPermGen: 13646K->13646K(21504K)], 0.0715240 secs] [Times: user=0.50 sys=0.00, real=0.07 secs] 
261.839: Total time for which application threads were stopped: 0.0722180 seconds, Stopping threads took: 0.0000580 seconds
261.864: Application time: 0.0257850 seconds
261.865: [Full GC [PSYoungGen: 139264K->30823K(162304K)] [ParOldGen: 369818K->369818K(370176K)] 509082K->400641K(532480K) [PSPermGen: 13646K->13646K(21504K)], 0.0714080 secs] [Times: user=0.50 sys=0.00, real=0.07 secs] 
261.936: Total time for which application threads were stopped: 0.0721070 seconds, Stopping threads took: 0.0000580 seconds
261.963: Application time: 0.0266180 seconds
261.964: [Full GC [PSYoungGen: 139264K->30840K(162304K)] [ParOldGen: 369818K->369818K(370176K)] 509082K->400658K(532480K) [PSPermGen: 13646K->13646K(21504K)], 0.0716400 secs] [Times: user=0.51 sys=0.00, real=0.08 secs] 
262.035: Total time for which application threads were stopped: 0.0723310 seconds, Stopping threads took: 0.0000650 seconds
262.061: Application time: 0.0260150 seconds
262.062: [Full GC [PSYoungGen: 139264K->30854K(162304K)] [ParOldGen: 369818K->369818K(370176K)] 509082K->400673K(532480K) [PSPermGen: 13646K->13646K(21504K)], 0.0723140 secs] [Times: user=0.51 sys=0.00, real=0.08 secs] 
262.134: Total time for which application threads were stopped: 0.0729660 seconds, Stopping threads took: 0.0000670 seconds
262.160: Application time: 0.0257270 seconds
262.161: [Full GC [PSYoungGen: 139264K->30869K(162304K)] [ParOldGen: 369818K->369818K(370176K)] 509082K->400688K(532480K) [PSPermGen: 13646K->13646K(21504K)], 0.0721550 secs] [Times: user=0.51 sys=0.00, real=0.08 secs] 
262.233: Total time for which application threads were stopped: 0.0727820 seconds, Stopping threads took: 0.0000590 seconds
262.259: Application time: 0.0261250 seconds
262.260: [Full GC [PSYoungGen: 139264K->30829K(162304K)] [ParOldGen: 369818K->369818K(370176K)] 509082K->400648K(532480K) [PSPermGen: 13646K->13646K(21504K)], 0.0722110 secs] [Times: user=0.50 sys=0.00, real=0.07 secs] 
262.332: Total time for which application threads were stopped: 0.0729030 seconds, Stopping threads took: 0.0000520 seconds
262.358: Application time: 0.0256300 seconds
262.358: [Full GC [PSYoungGen: 139264K->30830K(162304K)] [ParOldGen: 369818K->369818K(370176K)] 509082K->400649K(532480K) [PSPermGen: 13646K->13646K(21504K)], 0.0723670 secs] [Times: user=0.51 sys=0.00, real=0.07 secs] 
262.431: Total time for which application threads were stopped: 0.0730820 seconds, Stopping threads took: 0.0000750 seconds
262.456: Application time: 0.0254560 seconds
262.457: [Full GC [PSYoungGen: 139264K->30843K(162304K)] [ParOldGen: 369818K->369818K(370176K)] 509082K->400661K(532480K) [PSPermGen: 13646K->13646K(21504K)], 0.0719960 secs] [Times: user=0.51 sys=0.00, real=0.07 secs] 
262.529: Total time for which application threads were stopped: 0.0727540 seconds, Stopping threads took: 0.0000860 seconds
262.555: Application time: 0.0258250 seconds
262.555: [Full GC [PSYoungGen: 139264K->30862K(162304K)] [ParOldGen: 369818K->369818K(370176K)] 509082K->400681K(532480K) [PSPermGen: 13646K->13646K(21504K)], 0.0716390 secs] [Times: user=0.51 sys=0.00, real=0.07 secs] 
262.627: Total time for which application threads were stopped: 0.0723290 seconds, Stopping threads took: 0.0000780 seconds
262.653: Application time: 0.0257370 seconds
262.653: [Full GC [PSYoungGen: 139264K->30877K(162304K)] [ParOldGen: 369818K->369818K(370176K)] 509082K->400695K(532480K) [PSPermGen: 13646K->13646K(21504K)], 0.0719040 secs] [Times: user=0.51 sys=0.00, real=0.07 secs] 
262.725: Total time for which application threads were stopped: 0.0725660 seconds, Stopping threads took: 0.0000900 seconds
262.751: Application time: 0.0257620 seconds
262.752: [Full GC [PSYoungGen: 139264K->30894K(162304K)] [ParOldGen: 369818K->369818K(370176K)] 509082K->400712K(532480K) [PSPermGen: 13646K->13646K(21504K)], 0.0718010 secs] [Times: user=0.51 sys=0.00, real=0.07 secs] 
262.824: Total time for which application threads were stopped: 0.0725680 seconds, Stopping threads took: 0.0001360 seconds
262.850: Application time: 0.0260200 seconds
262.850: [Full GC [PSYoungGen: 139264K->30908K(162304K)] [ParOldGen: 369818K->369818K(370176K)] 509082K->400726K(532480K) [PSPermGen: 13646K->13646K(21504K)], 0.0718910 secs] [Times: user=0.50 sys=0.00, real=0.07 secs] 
262.922: Total time for which application threads were stopped: 0.0726080 seconds, Stopping threads took: 0.0000690 seconds
262.949: Application time: 0.0268900 seconds
262.950: [Full GC [PSYoungGen: 139264K->30922K(162304K)] [ParOldGen: 369818K->369818K(370176K)] 509082K->400741K(532480K) [PSPermGen: 13646K->13646K(21504K)], 0.0735650 secs] [Times: user=0.52 sys=0.00, real=0.07 secs] 
263.023: Total time for which application threads were stopped: 0.0742390 seconds, Stopping threads took: 0.0000550 seconds
263.049: Application time: 0.0259440 seconds
263.050: [Full GC [PSYoungGen: 139264K->30937K(162304K)] [ParOldGen: 369818K->369818K(370176K)] 509082K->400756K(532480K) [PSPermGen: 13646K->13646K(21504K)], 0.0714950 secs] [Times: user=0.50 sys=0.00, real=0.07 secs] 
263.122: Total time for which application threads were stopped: 0.0722470 seconds, Stopping threads took: 0.0000660 seconds
263.148: Application time: 0.0259260 seconds
263.148: [Full GC [PSYoungGen: 139264K->30886K(162304K)] [ParOldGen: 369818K->369818K(370176K)] 509082K->400705K(532480K) [PSPermGen: 13646K->13646K(21504K)], 0.0718420 secs] [Times: user=0.50 sys=0.00, real=0.07 secs] 
263.220: Total time for which application threads were stopped: 0.0724920 seconds, Stopping threads took: 0.0000770 seconds
263.246: Application time: 0.0258140 seconds
263.247: [Full GC [PSYoungGen: 139264K->30844K(162304K)] [ParOldGen: 369818K->369818K(370176K)] 509082K->400663K(532480K) [PSPermGen: 13646K->13646K(21504K)], 0.0720620 secs] [Times: user=0.50 sys=0.00, real=0.07 secs] 
263.319: Total time for which application threads were stopped: 0.0727090 seconds, Stopping threads took: 0.0000730 seconds
263.344: Application time: 0.0257070 seconds
263.345: [Full GC [PSYoungGen: 139264K->30844K(162304K)] [ParOldGen: 369818K->369818K(370176K)] 509082K->400663K(532480K) [PSPermGen: 13646K->13646K(21504K)], 0.0722420 secs] [Times: user=0.50 sys=0.00, real=0.07 secs] 
263.419: Total time for which application threads were stopped: 0.0744400 seconds, Stopping threads took: 0.0000850 seconds
263.444: Application time: 0.0256170 seconds
263.445: [Full GC [PSYoungGen: 139264K->30859K(162304K)] [ParOldGen: 369818K->369818K(370176K)] 509082K->400677K(532480K) [PSPermGen: 13646K->13646K(21504K)], 0.0725660 secs] [Times: user=0.51 sys=0.00, real=0.07 secs] 
263.518: Total time for which application threads were stopped: 0.0732780 seconds, Stopping threads took: 0.0000880 seconds
263.544: Application time: 0.0258990 seconds
263.544: [Full GC [PSYoungGen: 139264K->30877K(162304K)] [ParOldGen: 369818K->369818K(370176K)] 509082K->400695K(532480K) [PSPermGen: 13646K->13646K(21504K)], 0.0721800 secs] [Times: user=0.51 sys=0.00, real=0.08 secs] 
263.616: Total time for which application threads were stopped: 0.0728210 seconds, Stopping threads took: 0.0000720 seconds
263.642: Application time: 0.0258010 seconds
263.643: [Full GC [PSYoungGen: 139264K->30830K(162304K)] [ParOldGen: 369818K->369818K(370176K)] 509082K->400648K(532480K) [PSPermGen: 13646K->13646K(21504K)], 0.0715850 secs] [Times: user=0.50 sys=0.00, real=0.08 secs] 
263.715: Total time for which application threads were stopped: 0.0722990 seconds, Stopping threads took: 0.0000660 seconds
263.740: Application time: 0.0258670 seconds
263.741: [Full GC [PSYoungGen: 139264K->30835K(162304K)] [ParOldGen: 369818K->369818K(370176K)] 509082K->400654K(532480K) [PSPermGen: 13646K->13646K(21504K)], 0.0718990 secs] [Times: user=0.51 sys=0.00, real=0.08 secs] 
263.813: Total time for which application threads were stopped: 0.0725880 seconds, Stopping threads took: 0.0000700 seconds
263.838: Application time: 0.0252880 seconds
263.839: [Full GC [PSYoungGen: 139264K->30852K(162304K)] [ParOldGen: 369818K->369818K(370176K)] 509082K->400671K(532480K) [PSPermGen: 13646K->13646K(21504K)], 0.0721030 secs] [Times: user=0.51 sys=0.00, real=0.07 secs] 
263.911: Total time for which application threads were stopped: 0.0728110 seconds, Stopping threads took: 0.0000740 seconds
263.936: Application time: 0.0253060 seconds
263.937: [Full GC [PSYoungGen: 139264K->30868K(162304K)] [ParOldGen: 369818K->369818K(370176K)] 509082K->400686K(532480K) [PSPermGen: 13646K->13646K(21504K)], 0.0728740 secs] [Times: user=0.51 sys=0.00, real=0.07 secs] 
264.010: Total time for which application threads were stopped: 0.0735080 seconds, Stopping threads took: 0.0000600 seconds
264.035: Application time: 0.0255880 seconds
264.036: [Full GC [PSYoungGen: 139264K->30882K(162304K)] [ParOldGen: 369818K->369818K(370176K)] 509082K->400700K(532480K) [PSPermGen: 13646K->13646K(21504K)], 0.0715570 secs] [Times: user=0.50 sys=0.00, real=0.07 secs] 
264.108: Total time for which application threads were stopped: 0.0722600 seconds, Stopping threads took: 0.0000690 seconds
264.133: Application time: 0.0256240 seconds
264.134: [Full GC [PSYoungGen: 139264K->30898K(162304K)] [ParOldGen: 369818K->369818K(370176K)] 509082K->400716K(532480K) [PSPermGen: 13646K->13646K(21504K)], 0.0723120 secs] [Times: user=0.50 sys=0.01, real=0.07 secs] 
264.206: Total time for which application threads were stopped: 0.0730080 seconds, Stopping threads took: 0.0000480 seconds
264.232: Application time: 0.0255550 seconds
264.233: [Full GC [PSYoungGen: 139264K->30915K(162304K)] [ParOldGen: 369818K->369818K(370176K)] 509082K->400733K(532480K) [PSPermGen: 13646K->13646K(21504K)], 0.0718910 secs] [Times: user=0.50 sys=0.00, real=0.07 secs] 
264.305: Total time for which application threads were stopped: 0.0726130 seconds, Stopping threads took: 0.0000690 seconds
264.330: Application time: 0.0259000 seconds
264.331: [Full GC [PSYoungGen: 139264K->30930K(162304K)] [ParOldGen: 369818K->369818K(370176K)] 509082K->400748K(532480K) [PSPermGen: 13646K->13646K(21504K)], 0.0716010 secs] [Times: user=0.50 sys=0.00, real=0.07 secs] 
264.403: Total time for which application threads were stopped: 0.0723090 seconds, Stopping threads took: 0.0000810 seconds
264.428: Application time: 0.0255930 seconds
264.429: [Full GC [PSYoungGen: 139264K->30943K(162304K)] [ParOldGen: 369818K->369818K(370176K)] 509082K->400762K(532480K) [PSPermGen: 13646K->13646K(21504K)], 0.0718310 secs] [Times: user=0.51 sys=0.00, real=0.07 secs] 
264.501: Total time for which application threads were stopped: 0.0725340 seconds, Stopping threads took: 0.0000760 seconds
264.527: Application time: 0.0261340 seconds
264.528: [Full GC [PSYoungGen: 139264K->30896K(162304K)] [ParOldGen: 369818K->369818K(370176K)] 509082K->400714K(532480K) [PSPermGen: 13646K->13646K(21504K)], 0.0718220 secs] [Times: user=0.51 sys=0.00, real=0.07 secs] 
264.600: Total time for which application threads were stopped: 0.0724490 seconds, Stopping threads took: 0.0000630 seconds
264.625: Application time: 0.0258020 seconds
264.626: [Full GC [PSYoungGen: 139264K->30907K(162304K)] [ParOldGen: 369818K->369818K(370176K)] 509082K->400725K(532480K) [PSPermGen: 13646K->13646K(21504K)], 0.0722160 secs] [Times: user=0.51 sys=0.00, real=0.07 secs] 
264.698: Total time for which application threads were stopped: 0.0728650 seconds, Stopping threads took: 0.0000750 seconds
264.724: Application time: 0.0256950 seconds
264.724: [Full GC [PSYoungGen: 139264K->30922K(162304K)] [ParOldGen: 369818K->369818K(370176K)] 509082K->400741K(532480K) [PSPermGen: 13646K->13646K(21504K)], 0.0720300 secs] [Times: user=0.50 sys=0.00, real=0.07 secs] 
264.797: Total time for which application threads were stopped: 0.0726560 seconds, Stopping threads took: 0.0000470 seconds
264.822: Application time: 0.0256530 seconds
264.823: [Full GC [PSYoungGen: 139264K->30939K(162304K)] [ParOldGen: 369818K->369818K(370176K)] 509082K->400757K(532480K) [PSPermGen: 13646K->13646K(21504K)], 0.0722400 secs] [Times: user=0.51 sys=0.00, real=0.08 secs] 
264.895: Total time for which application threads were stopped: 0.0729880 seconds, Stopping threads took: 0.0000860 seconds
264.921: Application time: 0.0258270 seconds
264.922: [Full GC [PSYoungGen: 139264K->30953K(162304K)] [ParOldGen: 369818K->369818K(370176K)] 509082K->400772K(532480K) [PSPermGen: 13646K->13646K(21504K)], 0.0725410 secs] [Times: user=0.51 sys=0.00, real=0.08 secs] 
264.994: Total time for which application threads were stopped: 0.0732390 seconds, Stopping threads took: 0.0000640 seconds
265.020: Application time: 0.0254330 seconds
265.020: [Full GC [PSYoungGen: 139264K->30969K(162304K)] [ParOldGen: 369818K->369818K(370176K)] 509082K->400787K(532480K) [PSPermGen: 13646K->13646K(21504K)], 0.0720030 secs] [Times: user=0.51 sys=0.00, real=0.08 secs] 
265.092: Total time for which application threads were stopped: 0.0727200 seconds, Stopping threads took: 0.0000950 seconds
265.118: Application time: 0.0255000 seconds
265.119: [Full GC [PSYoungGen: 139264K->30985K(162304K)] [ParOldGen: 369818K->369818K(370176K)] 509082K->400804K(532480K) [PSPermGen: 13646K->13646K(21504K)], 0.0717690 secs] [Times: user=0.51 sys=0.00, real=0.07 secs] 
265.190: Total time for which application threads were stopped: 0.0724570 seconds, Stopping threads took: 0.0000680 seconds
265.217: Application time: 0.0261890 seconds
265.217: [Full GC [PSYoungGen: 139264K->30890K(162304K)] [ParOldGen: 369818K->369818K(370176K)] 509082K->400708K(532480K) [PSPermGen: 13646K->13646K(21504K)], 0.0720550 secs] [Times: user=0.51 sys=0.00, real=0.07 secs] 
265.289: Total time for which application threads were stopped: 0.0727530 seconds, Stopping threads took: 0.0000790 seconds
265.316: Application time: 0.0262050 seconds
265.316: [Full GC [PSYoungGen: 139264K->30820K(162304K)] [ParOldGen: 369818K->369818K(370176K)] 509082K->400638K(532480K) [PSPermGen: 13646K->13646K(21504K)], 0.0719370 secs] [Times: user=0.50 sys=0.00, real=0.07 secs] 
265.388: Total time for which application threads were stopped: 0.0726710 seconds, Stopping threads took: 0.0001110 seconds
265.414: Application time: 0.0258000 seconds
265.415: [Full GC [PSYoungGen: 139264K->30817K(162304K)] [ParOldGen: 369818K->369818K(370176K)] 509082K->400636K(532480K) [PSPermGen: 13646K->13646K(21504K)], 0.0717560 secs] [Times: user=0.51 sys=0.00, real=0.07 secs] 
265.486: Total time for which application threads were stopped: 0.0724690 seconds, Stopping threads took: 0.0000970 seconds
265.512: Application time: 0.0258830 seconds
265.513: [Full GC [PSYoungGen: 139264K->30836K(162304K)] [ParOldGen: 369818K->369818K(370176K)] 509082K->400654K(532480K) [PSPermGen: 13646K->13646K(21504K)], 0.0716800 secs] [Times: user=0.50 sys=0.00, real=0.07 secs] 
265.585: Total time for which application threads were stopped: 0.0723750 seconds, Stopping threads took: 0.0000600 seconds
265.610: Application time: 0.0254940 seconds
265.611: [Full GC [PSYoungGen: 139264K->30851K(162304K)] [ParOldGen: 369818K->369818K(370176K)] 509082K->400669K(532480K) [PSPermGen: 13646K->13646K(21504K)], 0.0719810 secs] [Times: user=0.50 sys=0.00, real=0.07 secs] 
265.683: Total time for which application threads were stopped: 0.0726930 seconds, Stopping threads took: 0.0000880 seconds
265.709: Application time: 0.0259600 seconds
265.710: [Full GC [PSYoungGen: 139264K->30865K(162304K)] [ParOldGen: 369818K->369818K(370176K)] 509082K->400683K(532480K) [PSPermGen: 13646K->13646K(21504K)], 0.0719100 secs] [Times: user=0.51 sys=0.00, real=0.07 secs] 
265.782: Total time for which application threads were stopped: 0.0726010 seconds, Stopping threads took: 0.0000460 seconds
265.807: Application time: 0.0257420 seconds
265.808: [Full GC [PSYoungGen: 139264K->30879K(162304K)] [ParOldGen: 369818K->369818K(370176K)] 509082K->400697K(532480K) [PSPermGen: 13646K->13646K(21504K)], 0.0715440 secs] [Times: user=0.51 sys=0.00, real=0.07 secs] 
265.879: Total time for which application threads were stopped: 0.0721840 seconds, Stopping threads took: 0.0000670 seconds
265.905: Application time: 0.0257510 seconds
265.906: [Full GC [PSYoungGen: 139264K->30842K(162304K)] [ParOldGen: 369818K->369818K(370176K)] 509082K->400660K(532480K) [PSPermGen: 13646K->13646K(21504K)], 0.0732580 secs] [Times: user=0.51 sys=0.00, real=0.07 secs] 
265.979: Total time for which application threads were stopped: 0.0739690 seconds, Stopping threads took: 0.0000700 seconds
266.005: Application time: 0.0255220 seconds
266.005: [Full GC [PSYoungGen: 139264K->30842K(162304K)] [ParOldGen: 369818K->369818K(370176K)] 509082K->400661K(532480K) [PSPermGen: 13646K->13646K(21504K)], 0.0720040 secs] [Times: user=0.50 sys=0.00, real=0.07 secs] 
266.077: Total time for which application threads were stopped: 0.0726770 seconds, Stopping threads took: 0.0000840 seconds
266.103: Application time: 0.0257620 seconds
266.104: [Full GC [PSYoungGen: 139264K->30858K(162304K)] [ParOldGen: 369818K->369818K(370176K)] 509082K->400676K(532480K) [PSPermGen: 13646K->13646K(21504K)], 0.0741130 secs] [Times: user=0.52 sys=0.00, real=0.08 secs] 
266.178: Total time for which application threads were stopped: 0.0748120 seconds, Stopping threads took: 0.0000680 seconds
266.204: Application time: 0.0256080 seconds
266.204: [Full GC [PSYoungGen: 139264K->30875K(162304K)] [ParOldGen: 369818K->369818K(370176K)] 509082K->400693K(532480K) [PSPermGen: 13646K->13646K(21504K)], 0.0714200 secs] [Times: user=0.49 sys=0.01, real=0.08 secs] 
266.276: Total time for which application threads were stopped: 0.0721310 seconds, Stopping threads took: 0.0000680 seconds
266.301: Application time: 0.0257600 seconds
266.302: [Full GC [PSYoungGen: 139264K->30890K(162304K)] [ParOldGen: 369818K->369818K(370176K)] 509082K->400708K(532480K) [PSPermGen: 13646K->13646K(21504K)], 0.0722510 secs] [Times: user=0.51 sys=0.00, real=0.08 secs] 
266.374: Total time for which application threads were stopped: 0.0729410 seconds, Stopping threads took: 0.0000570 seconds
266.400: Application time: 0.0258620 seconds
266.401: [Full GC [PSYoungGen: 139264K->30904K(162304K)] [ParOldGen: 369818K->369818K(370176K)] 509082K->400722K(532480K) [PSPermGen: 13646K->13646K(21504K)], 0.0726590 secs] [Times: user=0.51 sys=0.00, real=0.08 secs] 
266.474: Total time for which application threads were stopped: 0.0733620 seconds, Stopping threads took: 0.0000680 seconds
266.500: Application time: 0.0260190 seconds
266.500: [Full GC [PSYoungGen: 139264K->30920K(162304K)] [ParOldGen: 369818K->369818K(370176K)] 509082K->400738K(532480K) [PSPermGen: 13646K->13646K(21504K)], 0.0720260 secs] [Times: user=0.50 sys=0.01, real=0.08 secs] 
266.572: Total time for which application threads were stopped: 0.0727330 seconds, Stopping threads took: 0.0000610 seconds
266.598: Application time: 0.0260910 seconds
266.599: [Full GC [PSYoungGen: 139264K->30933K(162304K)] [ParOldGen: 369818K->369818K(370176K)] 509082K->400751K(532480K) [PSPermGen: 13646K->13646K(21504K)], 0.0714870 secs] [Times: user=0.50 sys=0.00, real=0.07 secs] 
266.671: Total time for which application threads were stopped: 0.0721840 seconds, Stopping threads took: 0.0000450 seconds
266.697: Application time: 0.0262720 seconds
266.698: [Full GC [PSYoungGen: 139264K->30826K(162304K)] [ParOldGen: 369818K->369818K(370176K)] 509082K->400645K(532480K) [PSPermGen: 13646K->13646K(21504K)], 0.0718270 secs] [Times: user=0.50 sys=0.01, real=0.07 secs] 
266.769: Total time for which application threads were stopped: 0.0725210 seconds, Stopping threads took: 0.0000720 seconds
266.795: Application time: 0.0257760 seconds
266.796: [Full GC [PSYoungGen: 139264K->30824K(162304K)] [ParOldGen: 369818K->369818K(370176K)] 509082K->400642K(532480K) [PSPermGen: 13646K->13646K(21504K)], 0.0718130 secs] [Times: user=0.51 sys=0.00, real=0.07 secs] 
266.868: Total time for which application threads were stopped: 0.0725150 seconds, Stopping threads took: 0.0000630 seconds
266.893: Application time: 0.0255970 seconds
266.894: [Full GC [PSYoungGen: 139264K->30841K(162304K)] [ParOldGen: 369818K->369818K(370176K)] 509082K->400659K(532480K) [PSPermGen: 13646K->13646K(21504K)], 0.0724360 secs] [Times: user=0.50 sys=0.00, real=0.07 secs] 
266.966: Total time for which application threads were stopped: 0.0730880 seconds, Stopping threads took: 0.0000700 seconds
266.992: Application time: 0.0256090 seconds
266.993: [Full GC [PSYoungGen: 139264K->30857K(162304K)] [ParOldGen: 369818K->369818K(370176K)] 509082K->400676K(532480K) [PSPermGen: 13646K->13646K(21504K)], 0.0717930 secs] [Times: user=0.50 sys=0.00, real=0.07 secs] 
267.065: Total time for which application threads were stopped: 0.0724300 seconds, Stopping threads took: 0.0000590 seconds
267.090: Application time: 0.0254720 seconds
267.091: [Full GC [PSYoungGen: 139264K->30869K(162304K)] [ParOldGen: 369818K->369818K(370176K)] 509082K->400687K(532480K) [PSPermGen: 13646K->13646K(21504K)], 0.0717490 secs] [Times: user=0.51 sys=0.00, real=0.07 secs] 
267.162: Total time for which application threads were stopped: 0.0724470 seconds, Stopping threads took: 0.0000620 seconds
267.188: Application time: 0.0256210 seconds
267.189: [Full GC [PSYoungGen: 139264K->30888K(162304K)] [ParOldGen: 369818K->369818K(370176K)] 509082K->400706K(532480K) [PSPermGen: 13646K->13646K(21504K)], 0.0726330 secs] [Times: user=0.51 sys=0.00, real=0.07 secs] 
267.261: Total time for which application threads were stopped: 0.0733530 seconds, Stopping threads took: 0.0000530 seconds
267.287: Application time: 0.0253890 seconds
267.287: [Full GC [PSYoungGen: 139264K->30902K(162304K)] [ParOldGen: 369818K->369818K(370176K)] 509082K->400721K(532480K) [PSPermGen: 13646K->13646K(21504K)], 0.0718780 secs] [Times: user=0.51 sys=0.00, real=0.07 secs] 
267.359: Total time for which application threads were stopped: 0.0725880 seconds, Stopping threads took: 0.0000750 seconds
267.385: Application time: 0.0256750 seconds
267.386: [Full GC [PSYoungGen: 139264K->30917K(162304K)] [ParOldGen: 369818K->369818K(370176K)] 509082K->400736K(532480K) [PSPermGen: 13646K->13646K(21504K)], 0.0713500 secs] [Times: user=0.51 sys=0.00, real=0.07 secs] 
267.457: Total time for which application threads were stopped: 0.0720760 seconds, Stopping threads took: 0.0000940 seconds
267.483: Application time: 0.0257480 seconds
267.484: [Full GC [PSYoungGen: 139264K->30879K(162304K)] [ParOldGen: 369818K->369818K(370176K)] 509082K->400698K(532480K) [PSPermGen: 13646K->13646K(21504K)], 0.0719490 secs] [Times: user=0.50 sys=0.00, real=0.08 secs] 
267.556: Total time for which application threads were stopped: 0.0726460 seconds, Stopping threads took: 0.0000600 seconds
267.581: Application time: 0.0255230 seconds
267.582: [Full GC [PSYoungGen: 139264K->30879K(162304K)] [ParOldGen: 369818K->369818K(370176K)] 509082K->400698K(532480K) [PSPermGen: 13646K->13646K(21504K)], 0.0723320 secs] [Times: user=0.51 sys=0.00, real=0.08 secs] 
267.654: Total time for which application threads were stopped: 0.0730440 seconds, Stopping threads took: 0.0000730 seconds
267.680: Application time: 0.0255400 seconds
267.680: [Full GC [PSYoungGen: 139264K->30893K(162304K)] [ParOldGen: 369818K->369818K(370176K)] 509082K->400711K(532480K) [PSPermGen: 13646K->13646K(21504K)], 0.0716610 secs] [Times: user=0.50 sys=0.01, real=0.07 secs] 
267.752: Total time for which application threads were stopped: 0.0723540 seconds, Stopping threads took: 0.0000620 seconds
267.778: Application time: 0.0256290 seconds
267.778: [Full GC [PSYoungGen: 139264K->30907K(162304K)] [ParOldGen: 369818K->369818K(370176K)] 509082K->400725K(532480K) [PSPermGen: 13646K->13646K(21504K)], 0.0719070 secs] [Times: user=0.50 sys=0.00, real=0.07 secs] 
267.850: Total time for which application threads were stopped: 0.0725830 seconds, Stopping threads took: 0.0000440 seconds
267.876: Application time: 0.0255260 seconds
267.876: [Full GC [PSYoungGen: 139264K->30924K(162304K)] [ParOldGen: 369818K->369818K(370176K)] 509082K->400742K(532480K) [PSPermGen: 13646K->13646K(21504K)], 0.0727400 secs] [Times: user=0.51 sys=0.00, real=0.07 secs] 
267.949: Total time for which application threads were stopped: 0.0734330 seconds, Stopping threads took: 0.0000530 seconds
267.975: Application time: 0.0255550 seconds
267.975: [Full GC [PSYoungGen: 139264K->30939K(162304K)] [ParOldGen: 369818K->369818K(370176K)] 509082K->400758K(532480K) [PSPermGen: 13646K->13646K(21504K)], 0.0717880 secs] [Times: user=0.51 sys=0.00, real=0.07 secs] 
268.047: Total time for which application threads were stopped: 0.0724910 seconds, Stopping threads took: 0.0000760 seconds
268.073: Application time: 0.0258120 seconds
268.074: [Full GC [PSYoungGen: 139264K->30957K(162304K)] [ParOldGen: 369818K->369818K(370176K)] 509082K->400775K(532480K) [PSPermGen: 13646K->13646K(21504K)], 0.0719280 secs] [Times: user=0.50 sys=0.00, real=0.07 secs] 
268.146: Total time for which application threads were stopped: 0.0725810 seconds, Stopping threads took: 0.0000730 seconds
268.172: Application time: 0.0259980 seconds
268.172: [Full GC [PSYoungGen: 139264K->30917K(162304K)] [ParOldGen: 369818K->369818K(370176K)] 509082K->400735K(532480K) [PSPermGen: 13646K->13646K(21504K)], 0.0724230 secs] [Times: user=0.51 sys=0.01, real=0.08 secs] 
268.245: Total time for which application threads were stopped: 0.0731270 seconds, Stopping threads took: 0.0000710 seconds
268.271: Application time: 0.0258470 seconds
268.271: [Full GC [PSYoungGen: 139264K->30918K(162304K)] [ParOldGen: 369818K->369818K(370176K)] 509082K->400736K(532480K) [PSPermGen: 13646K->13646K(21504K)], 0.0718480 secs] [Times: user=0.50 sys=0.00, real=0.07 secs] 
268.343: Total time for which application threads were stopped: 0.0724780 seconds, Stopping threads took: 0.0000560 seconds
268.369: Application time: 0.0257610 seconds
268.370: [Full GC [PSYoungGen: 139264K->30932K(162304K)] [ParOldGen: 369818K->369818K(370176K)] 509082K->400751K(532480K) [PSPermGen: 13646K->13646K(21504K)], 0.0717370 secs] [Times: user=0.51 sys=0.00, real=0.07 secs] 
268.443: Total time for which application threads were stopped: 0.0739950 seconds, Stopping threads took: 0.0000640 seconds
268.469: Application time: 0.0256940 seconds
268.469: [Full GC [PSYoungGen: 139264K->30950K(162304K)] [ParOldGen: 369818K->369818K(370176K)] 509082K->400768K(532480K) [PSPermGen: 13646K->13646K(21504K)], 0.0719170 secs] [Times: user=0.51 sys=0.00, real=0.07 secs] 
268.541: Total time for which application threads were stopped: 0.0725870 seconds, Stopping threads took: 0.0001050 seconds
268.567: Application time: 0.0255920 seconds
268.567: [Full GC [PSYoungGen: 139264K->30964K(162304K)] [ParOldGen: 369818K->369818K(370176K)] 509082K->400783K(532480K) [PSPermGen: 13646K->13646K(21504K)], 0.0719670 secs] [Times: user=0.50 sys=0.00, real=0.07 secs] 
268.639: Total time for which application threads were stopped: 0.0726150 seconds, Stopping threads took: 0.0000720 seconds
268.665: Application time: 0.0258240 seconds
268.666: [Full GC [PSYoungGen: 139264K->30974K(162304K)] [ParOldGen: 369818K->369818K(370176K)] 509082K->400792K(532480K) [PSPermGen: 13646K->13646K(21504K)], 0.0732330 secs] [Times: user=0.49 sys=0.00, real=0.07 secs] 
268.739: Total time for which application threads were stopped: 0.0739300 seconds, Stopping threads took: 0.0000620 seconds
268.765: Application time: 0.0262260 seconds
268.766: [Full GC [PSYoungGen: 139264K->30857K(162304K)] [ParOldGen: 369818K->369818K(370176K)] 509082K->400675K(532480K) [PSPermGen: 13646K->13646K(21504K)], 0.0723640 secs] [Times: user=0.51 sys=0.00, real=0.07 secs] 
268.839: Total time for which application threads were stopped: 0.0732870 seconds, Stopping threads took: 0.0002820 seconds
268.865: Application time: 0.0259130 seconds
268.865: [Full GC [PSYoungGen: 139264K->30869K(162304K)] [ParOldGen: 369818K->369818K(370176K)] 509082K->400687K(532480K) [PSPermGen: 13646K->13646K(21504K)], 0.0715760 secs] [Times: user=0.50 sys=0.00, real=0.07 secs] 
268.937: Total time for which application threads were stopped: 0.0722620 seconds, Stopping threads took: 0.0000610 seconds
268.964: Application time: 0.0267160 seconds
268.964: [Full GC [PSYoungGen: 139264K->30831K(162304K)] [ParOldGen: 369818K->369818K(370176K)] 509082K->400649K(532480K) [PSPermGen: 13646K->13646K(21504K)], 0.0717420 secs] [Times: user=0.50 sys=0.00, real=0.08 secs] 
269.036: Total time for which application threads were stopped: 0.0724160 seconds, Stopping threads took: 0.0000830 seconds
269.062: Application time: 0.0256910 seconds
269.062: [Full GC [PSYoungGen: 139264K->30827K(162304K)] [ParOldGen: 369818K->369818K(370176K)] 509082K->400645K(532480K) [PSPermGen: 13646K->13646K(21504K)], 0.0721210 secs] [Times: user=0.50 sys=0.00, real=0.08 secs] 
269.134: Total time for which application threads were stopped: 0.0728330 seconds, Stopping threads took: 0.0000720 seconds
269.160: Application time: 0.0255260 seconds
269.161: [Full GC [PSYoungGen: 139264K->30843K(162304K)] [ParOldGen: 369818K->369818K(370176K)] 509082K->400661K(532480K) [PSPermGen: 13646K->13646K(21504K)], 0.0720500 secs] [Times: user=0.50 sys=0.00, real=0.08 secs] 
269.233: Total time for which application threads were stopped: 0.0727100 seconds, Stopping threads took: 0.0000780 seconds
269.258: Application time: 0.0257430 seconds
269.259: [Full GC [PSYoungGen: 139264K->30861K(162304K)] [ParOldGen: 369818K->369818K(370176K)] 509082K->400680K(532480K) [PSPermGen: 13646K->13646K(21504K)], 0.0721220 secs] [Times: user=0.50 sys=0.00, real=0.07 secs] 
269.331: Total time for which application threads were stopped: 0.0727790 seconds, Stopping threads took: 0.0000850 seconds
269.357: Application time: 0.0257340 seconds
269.358: [Full GC [PSYoungGen: 139264K->30876K(162304K)] [ParOldGen: 369818K->369818K(370176K)] 509082K->400695K(532480K) [PSPermGen: 13646K->13646K(21504K)], 0.0720820 secs] [Times: user=0.51 sys=0.00, real=0.07 secs] 
269.430: Total time for which application threads were stopped: 0.0727830 seconds, Stopping threads took: 0.0000460 seconds
269.456: Application time: 0.0257960 seconds
269.456: [Full GC [PSYoungGen: 139264K->30892K(162304K)] [ParOldGen: 369818K->369818K(370176K)] 509082K->400711K(532480K) [PSPermGen: 13646K->13646K(21504K)], 0.0722460 secs] [Times: user=0.51 sys=0.00, real=0.07 secs] 
269.529: Total time for which application threads were stopped: 0.0729430 seconds, Stopping threads took: 0.0000640 seconds
269.555: Application time: 0.0261290 seconds
269.555: [Full GC [PSYoungGen: 139264K->30847K(162304K)] [ParOldGen: 369818K->369818K(370176K)] 509082K->400665K(532480K) [PSPermGen: 13646K->13646K(21504K)], 0.0726580 secs] [Times: user=0.51 sys=0.00, real=0.07 secs] 
269.628: Total time for which application threads were stopped: 0.0733400 seconds, Stopping threads took: 0.0000800 seconds
269.654: Application time: 0.0260670 seconds
269.655: [Full GC [PSYoungGen: 139264K->30854K(162304K)] [ParOldGen: 369818K->369818K(370176K)] 509082K->400672K(532480K) [PSPermGen: 13646K->13646K(21504K)], 0.0718520 secs] [Times: user=0.50 sys=0.00, real=0.07 secs] 
269.727: Total time for which application threads were stopped: 0.0725570 seconds, Stopping threads took: 0.0000680 seconds
269.752: Application time: 0.0256650 seconds
269.753: [Full GC [PSYoungGen: 139264K->30871K(162304K)] [ParOldGen: 369818K->369818K(370176K)] 509082K->400689K(532480K) [PSPermGen: 13646K->13646K(21504K)], 0.0717100 secs] [Times: user=0.51 sys=0.00, real=0.07 secs] 
269.825: Total time for which application threads were stopped: 0.0724320 seconds, Stopping threads took: 0.0000960 seconds
269.851: Application time: 0.0259040 seconds
269.851: [Full GC [PSYoungGen: 139264K->30885K(162304K)] [ParOldGen: 369818K->369818K(370176K)] 509082K->400703K(532480K) [PSPermGen: 13646K->13646K(21504K)], 0.0732340 secs] [Times: user=0.51 sys=0.00, real=0.08 secs] 
269.925: Total time for which application threads were stopped: 0.0739110 seconds, Stopping threads took: 0.0000420 seconds
269.951: Application time: 0.0267590 seconds
269.952: [Full GC [PSYoungGen: 139264K->30899K(162304K)] [ParOldGen: 369818K->369818K(370176K)] 509082K->400717K(532480K) [PSPermGen: 13646K->13646K(21504K)], 0.0717960 secs] [Times: user=0.50 sys=0.00, real=0.07 secs] 
270.024: Total time for which application threads were stopped: 0.0724750 seconds, Stopping threads took: 0.0000570 seconds
270.050: Application time: 0.0265140 seconds
270.051: [Full GC [PSYoungGen: 139264K->30824K(162304K)] [ParOldGen: 369818K->369818K(370176K)] 509082K->400642K(532480K) [PSPermGen: 13646K->13646K(21504K)], 0.0715390 secs] [Times: user=0.51 sys=0.00, real=0.07 secs] 
270.123: Total time for which application threads were stopped: 0.0722330 seconds, Stopping threads took: 0.0000740 seconds
270.149: Application time: 0.0265600 seconds
270.150: [Full GC [PSYoungGen: 139264K->30803K(162304K)] [ParOldGen: 369818K->369818K(370176K)] 509082K->400622K(532480K) [PSPermGen: 13646K->13646K(21504K)], 0.0721530 secs] [Times: user=0.50 sys=0.00, real=0.07 secs] 
270.222: Total time for which application threads were stopped: 0.0728650 seconds, Stopping threads took: 0.0000650 seconds
270.248: Application time: 0.0261300 seconds
270.249: [Full GC [PSYoungGen: 139264K->30802K(162304K)] [ParOldGen: 369818K->369818K(370176K)] 509082K->400620K(532480K) [PSPermGen: 13646K->13646K(21504K)], 0.0734050 secs] [Times: user=0.50 sys=0.00, real=0.07 secs] 
270.322: Total time for which application threads were stopped: 0.0740600 seconds, Stopping threads took: 0.0000690 seconds
270.348: Application time: 0.0259790 seconds
270.349: [Full GC [PSYoungGen: 139264K->30821K(162304K)] [ParOldGen: 369818K->369818K(370176K)] 509082K->400639K(532480K) [PSPermGen: 13646K->13646K(21504K)], 0.0720940 secs] [Times: user=0.51 sys=0.00, real=0.07 secs] 
270.421: Total time for which application threads were stopped: 0.0728400 seconds, Stopping threads took: 0.0000840 seconds
270.447: Application time: 0.0259350 seconds
270.448: [Full GC [PSYoungGen: 139264K->30834K(162304K)] [ParOldGen: 369818K->369818K(370176K)] 509082K->400653K(532480K) [PSPermGen: 13646K->13646K(21504K)], 0.0716290 secs] [Times: user=0.51 sys=0.00, real=0.07 secs] 
270.519: Total time for which application threads were stopped: 0.0723370 seconds, Stopping threads took: 0.0000720 seconds
270.545: Application time: 0.0257400 seconds
270.546: [Full GC [PSYoungGen: 139264K->30852K(162304K)] [ParOldGen: 369818K->369818K(370176K)] 509082K->400670K(532480K) [PSPermGen: 13646K->13646K(21504K)], 0.0718360 secs] [Times: user=0.51 sys=0.00, real=0.07 secs] 
270.618: Total time for which application threads were stopped: 0.0725580 seconds, Stopping threads took: 0.0000860 seconds
270.643: Application time: 0.0258160 seconds
270.644: [Full GC [PSYoungGen: 139264K->30869K(162304K)] [ParOldGen: 369818K->369818K(370176K)] 509082K->400687K(532480K) [PSPermGen: 13646K->13646K(21504K)], 0.0718480 secs] [Times: user=0.50 sys=0.00, real=0.08 secs] 
270.716: Total time for which application threads were stopped: 0.0725640 seconds, Stopping threads took: 0.0000730 seconds
270.742: Application time: 0.0257670 seconds
270.742: [Full GC [PSYoungGen: 139264K->30882K(162304K)] [ParOldGen: 369818K->369818K(370176K)] 509082K->400700K(532480K) [PSPermGen: 13646K->13646K(21504K)], 0.0719290 secs] [Times: user=0.50 sys=0.00, real=0.08 secs] 
270.814: Total time for which application threads were stopped: 0.0726750 seconds, Stopping threads took: 0.0001050 seconds
270.840: Application time: 0.0259360 seconds
270.841: [Full GC [PSYoungGen: 139264K->30899K(162304K)] [ParOldGen: 369818K->369818K(370176K)] 509082K->400718K(532480K) [PSPermGen: 13646K->13646K(21504K)], 0.0722750 secs] [Times: user=0.51 sys=0.00, real=0.08 secs] 
270.913: Total time for which application threads were stopped: 0.0729710 seconds, Stopping threads took: 0.0000680 seconds
270.939: Application time: 0.0257340 seconds
270.940: [Full GC [PSYoungGen: 139264K->30911K(162304K)] [ParOldGen: 369818K->369818K(370176K)] 509082K->400729K(532480K) [PSPermGen: 13646K->13646K(21504K)], 0.0728590 secs] [Times: user=0.50 sys=0.00, real=0.08 secs] 
271.013: Total time for which application threads were stopped: 0.0735610 seconds, Stopping threads took: 0.0000650 seconds
271.039: Application time: 0.0260170 seconds
271.039: [Full GC [PSYoungGen: 139264K->30929K(162304K)] [ParOldGen: 369818K->369818K(370176K)] 509082K->400747K(532480K) [PSPermGen: 13646K->13646K(21504K)], 0.0718340 secs] [Times: user=0.50 sys=0.00, real=0.07 secs] 
271.111: Total time for which application threads were stopped: 0.0725260 seconds, Stopping threads took: 0.0000550 seconds
271.137: Application time: 0.0259460 seconds
271.138: [Full GC [PSYoungGen: 139264K->30946K(162304K)] [ParOldGen: 369818K->369818K(370176K)] 509082K->400764K(532480K) [PSPermGen: 13646K->13646K(21504K)], 0.0718980 secs] [Times: user=0.50 sys=0.00, real=0.07 secs] 
271.210: Total time for which application threads were stopped: 0.0725620 seconds, Stopping threads took: 0.0000480 seconds
271.236: Application time: 0.0259120 seconds
271.236: [Full GC [PSYoungGen: 139264K->30959K(162304K)] [ParOldGen: 369818K->369818K(370176K)] 509082K->400778K(532480K) [PSPermGen: 13646K->13646K(21504K)], 0.0718870 secs] [Times: user=0.51 sys=0.00, real=0.07 secs] 
271.308: Total time for which application threads were stopped: 0.0725850 seconds, Stopping threads took: 0.0000560 seconds
271.334: Application time: 0.0262340 seconds
271.335: [Full GC [PSYoungGen: 139264K->30912K(162304K)] [ParOldGen: 369818K->369818K(370176K)] 509082K->400730K(532480K) [PSPermGen: 13646K->13646K(21504K)], 0.0720270 secs] [Times: user=0.51 sys=0.00, real=0.07 secs] 
271.407: Total time for which application threads were stopped: 0.0727460 seconds, Stopping threads took: 0.0000760 seconds
271.433: Application time: 0.0258880 seconds
271.434: [Full GC [PSYoungGen: 139264K->30920K(162304K)] [ParOldGen: 369818K->369818K(370176K)] 509082K->400738K(532480K) [PSPermGen: 13646K->13646K(21504K)], 0.0719180 secs] [Times: user=0.51 sys=0.00, real=0.07 secs] 
271.506: Total time for which application threads were stopped: 0.0726400 seconds, Stopping threads took: 0.0000840 seconds
271.531: Application time: 0.0255780 seconds
271.532: [Full GC [PSYoungGen: 139264K->30935K(162304K)] [ParOldGen: 369818K->369818K(370176K)] 509082K->400753K(532480K) [PSPermGen: 13646K->13646K(21504K)], 0.0722660 secs] [Times: user=0.51 sys=0.00, real=0.07 secs] 
271.604: Total time for which application threads were stopped: 0.0729430 seconds, Stopping threads took: 0.0001160 seconds
271.630: Application time: 0.0262320 seconds
271.631: [Full GC [PSYoungGen: 139264K->30943K(162304K)] [ParOldGen: 369818K->369818K(370176K)] 509082K->400761K(532480K) [PSPermGen: 13646K->13646K(21504K)], 0.0718860 secs] [Times: user=0.51 sys=0.00, real=0.07 secs] 
271.703: Total time for which application threads were stopped: 0.0725560 seconds, Stopping threads took: 0.0000380 seconds
271.731: Application time: 0.0274930 seconds
271.731: [Full GC [PSYoungGen: 139264K->30899K(162304K)] [ParOldGen: 369818K->369818K(370176K)] 509082K->400717K(532480K) [PSPermGen: 13646K->13646K(21504K)], 0.0718580 secs] [Times: user=0.50 sys=0.00, real=0.07 secs] 
271.803: Total time for which application threads were stopped: 0.0726600 seconds, Stopping threads took: 0.0002050 seconds
271.829: Application time: 0.0258570 seconds
271.830: [Full GC [PSYoungGen: 139264K->30913K(162304K)] [ParOldGen: 369818K->369818K(370176K)] 509082K->400731K(532480K) [PSPermGen: 13646K->13646K(21504K)], 0.0724740 secs] [Times: user=0.51 sys=0.00, real=0.07 secs] 
271.902: Total time for which application threads were stopped: 0.0731960 seconds, Stopping threads took: 0.0000860 seconds
271.928: Application time: 0.0261480 seconds
271.929: [Full GC [PSYoungGen: 139264K->30929K(162304K)] [ParOldGen: 369818K->369818K(370176K)] 509082K->400747K(532480K) [PSPermGen: 13646K->13646K(21504K)], 0.0724200 secs] [Times: user=0.51 sys=0.00, real=0.07 secs] 
272.002: Total time for which application threads were stopped: 0.0731260 seconds, Stopping threads took: 0.0000550 seconds
272.027: Application time: 0.0257970 seconds
272.028: [Full GC [PSYoungGen: 139264K->30945K(162304K)] [ParOldGen: 369818K->369818K(370176K)] 509082K->400763K(532480K) [PSPermGen: 13646K->13646K(21504K)], 0.0723420 secs] [Times: user=0.51 sys=0.00, real=0.07 secs] 
272.100: Total time for which application threads were stopped: 0.0730390 seconds, Stopping threads took: 0.0000520 seconds
272.126: Application time: 0.0261290 seconds
272.127: [Full GC [PSYoungGen: 139264K->30899K(162304K)] [ParOldGen: 369818K->369818K(370176K)] 509082K->400718K(532480K) [PSPermGen: 13646K->13646K(21504K)], 0.0718360 secs] [Times: user=0.51 sys=0.00, real=0.07 secs] 
272.199: Total time for which application threads were stopped: 0.0725360 seconds, Stopping threads took: 0.0000720 seconds
272.225: Application time: 0.0258340 seconds
272.225: [Full GC [PSYoungGen: 139264K->30903K(162304K)] [ParOldGen: 369818K->369818K(370176K)] 509082K->400722K(532480K) [PSPermGen: 13646K->13646K(21504K)], 0.0718340 secs] [Times: user=0.51 sys=0.00, real=0.07 secs] 
272.297: Total time for which application threads were stopped: 0.0725070 seconds, Stopping threads took: 0.0000450 seconds
272.323: Application time: 0.0257330 seconds
272.324: [Full GC [PSYoungGen: 139264K->30920K(162304K)] [ParOldGen: 369818K->369818K(370176K)] 509082K->400738K(532480K) [PSPermGen: 13646K->13646K(21504K)], 0.0718120 secs] [Times: user=0.50 sys=0.00, real=0.08 secs] 
272.396: Total time for which application threads were stopped: 0.0724840 seconds, Stopping threads took: 0.0000560 seconds
272.423: Application time: 0.0278190 seconds
272.424: [Full GC [PSYoungGen: 139264K->30878K(162304K)] [ParOldGen: 369818K->369818K(370176K)] 509082K->400697K(532480K) [PSPermGen: 13646K->13646K(21504K)], 0.0720520 secs] [Times: user=0.51 sys=0.00, real=0.08 secs] 
272.496: Total time for which application threads were stopped: 0.0727550 seconds, Stopping threads took: 0.0000620 seconds
272.522: Application time: 0.0260820 seconds
272.523: [Full GC [PSYoungGen: 139264K->30827K(162304K)] [ParOldGen: 369818K->369818K(370176K)] 509082K->400645K(532480K) [PSPermGen: 13646K->13646K(21504K)], 0.0721010 secs] [Times: user=0.50 sys=0.00, real=0.08 secs] 
272.595: Total time for which application threads were stopped: 0.0728080 seconds, Stopping threads took: 0.0000530 seconds
272.621: Application time: 0.0258820 seconds
272.622: [Full GC [PSYoungGen: 139264K->30824K(162304K)] [ParOldGen: 369818K->369818K(370176K)] 509082K->400642K(532480K) [PSPermGen: 13646K->13646K(21504K)], 0.0719630 secs] [Times: user=0.50 sys=0.00, real=0.08 secs] 
272.694: Total time for which application threads were stopped: 0.0726680 seconds, Stopping threads took: 0.0000720 seconds
272.720: Application time: 0.0259040 seconds
272.720: [Full GC [PSYoungGen: 139264K->30840K(162304K)] [ParOldGen: 369818K->369818K(370176K)] 509082K->400658K(532480K) [PSPermGen: 13646K->13646K(21504K)], 0.0722850 secs] [Times: user=0.51 sys=0.00, real=0.08 secs] 
272.793: Total time for which application threads were stopped: 0.0729750 seconds, Stopping threads took: 0.0000540 seconds
272.818: Application time: 0.0259090 seconds
272.819: [Full GC [PSYoungGen: 139264K->30857K(162304K)] [ParOldGen: 369818K->369818K(370176K)] 509082K->400675K(532480K) [PSPermGen: 13646K->13646K(21504K)], 0.0719510 secs] [Times: user=0.51 sys=0.00, real=0.07 secs] 
272.891: Total time for which application threads were stopped: 0.0725770 seconds, Stopping threads took: 0.0000550 seconds
272.917: Application time: 0.0258990 seconds
272.918: [Full GC [PSYoungGen: 139264K->30873K(162304K)] [ParOldGen: 369818K->369818K(370176K)] 509082K->400691K(532480K) [PSPermGen: 13646K->13646K(21504K)], 0.0721490 secs] [Times: user=0.51 sys=0.00, real=0.07 secs] 
272.990: Total time for which application threads were stopped: 0.0728510 seconds, Stopping threads took: 0.0000650 seconds
273.016: Application time: 0.0257800 seconds
273.016: [Full GC [PSYoungGen: 139264K->30890K(162304K)] [ParOldGen: 369818K->369818K(370176K)] 509082K->400708K(532480K) [PSPermGen: 13646K->13646K(21504K)], 0.0746460 secs] [Times: user=0.53 sys=0.00, real=0.07 secs] 
273.091: Total time for which application threads were stopped: 0.0753740 seconds, Stopping threads took: 0.0000760 seconds
273.117: Application time: 0.0259580 seconds
273.118: [Full GC [PSYoungGen: 139264K->30903K(162304K)] [ParOldGen: 369818K->369818K(370176K)] 509082K->400721K(532480K) [PSPermGen: 13646K->13646K(21504K)], 0.0726160 secs] [Times: user=0.51 sys=0.00, real=0.07 secs] 
273.190: Total time for which application threads were stopped: 0.0732890 seconds, Stopping threads took: 0.0000860 seconds
273.216: Application time: 0.0257910 seconds
273.217: [Full GC [PSYoungGen: 139264K->30921K(162304K)] [ParOldGen: 369818K->369818K(370176K)] 509082K->400739K(532480K) [PSPermGen: 13646K->13646K(21504K)], 0.0717220 secs] [Times: user=0.51 sys=0.00, real=0.07 secs] 
273.288: Total time for which application threads were stopped: 0.0724660 seconds, Stopping threads took: 0.0000930 seconds
273.305: Application time: 0.0165370 seconds
273.306: Total time for which application threads were stopped: 0.0005750 seconds, Stopping threads took: 0.0000760 seconds
273.315: Application time: 0.0094790 seconds
273.316: [Full GC [PSYoungGen: 139264K->30883K(162304K)] [ParOldGen: 369818K->369818K(370176K)] 509082K->400701K(532480K) [PSPermGen: 13646K->13646K(21504K)], 0.0724020 secs] [Times: user=0.50 sys=0.00, real=0.07 secs] 
273.388: Total time for which application threads were stopped: 0.0730500 seconds, Stopping threads took: 0.0000690 seconds
273.414: Application time: 0.0256570 seconds
273.414: [Full GC [PSYoungGen: 139264K->30881K(162304K)] [ParOldGen: 369818K->369818K(370176K)] 509082K->400699K(532480K) [PSPermGen: 13646K->13646K(21504K)], 0.0721770 secs] [Times: user=0.50 sys=0.00, real=0.07 secs] 
273.487: Total time for which application threads were stopped: 0.0728770 seconds, Stopping threads took: 0.0000800 seconds
273.491: Application time: 0.0041020 seconds
273.491: Total time for which application threads were stopped: 0.0006190 seconds, Stopping threads took: 0.0001240 seconds
273.514: Application time: 0.0228550 seconds
273.515: [Full GC [PSYoungGen: 139264K->30786K(162304K)] [ParOldGen: 369818K->369818K(370176K)] 509082K->400605K(532480K) [PSPermGen: 13646K->13646K(21504K)], 0.0716030 secs] [Times: user=0.50 sys=0.00, real=0.07 secs] 
273.587: Total time for which application threads were stopped: 0.0723240 seconds, Stopping threads took: 0.0001210 seconds
273.612: Application time: 0.0258350 seconds
273.613: [Full GC [PSYoungGen: 139264K->30771K(162304K)] [ParOldGen: 369818K->369818K(370176K)] 509082K->400589K(532480K) [PSPermGen: 13646K->13646K(21504K)], 0.0721790 secs] [Times: user=0.51 sys=0.00, real=0.07 secs] 
273.685: Total time for which application threads were stopped: 0.0728360 seconds, Stopping threads took: 0.0000930 seconds
273.711: Application time: 0.0260150 seconds
273.712: [Full GC [PSYoungGen: 139264K->30785K(162304K)] [ParOldGen: 369818K->369818K(370176K)] 509082K->400603K(532480K) [PSPermGen: 13646K->13646K(21504K)], 0.0715760 secs] [Times: user=0.50 sys=0.00, real=0.07 secs] 
273.784: Total time for which application threads were stopped: 0.0722560 seconds, Stopping threads took: 0.0000850 seconds
273.810: Application time: 0.0262720 seconds
273.810: [Full GC [PSYoungGen: 139264K->30802K(162304K)] [ParOldGen: 369818K->369818K(370176K)] 509082K->400621K(532480K) [PSPermGen: 13646K->13646K(21504K)], 0.0724930 secs] [Times: user=0.51 sys=0.00, real=0.07 secs] 
273.883: Total time for which application threads were stopped: 0.0731240 seconds, Stopping threads took: 0.0000610 seconds
273.909: Application time: 0.0263060 seconds
273.910: [Full GC [PSYoungGen: 139264K->30818K(162304K)] [ParOldGen: 369818K->369818K(370176K)] 509082K->400636K(532480K) [PSPermGen: 13646K->13646K(21504K)], 0.0723650 secs] [Times: user=0.51 sys=0.00, real=0.07 secs] 
273.982: Total time for which application threads were stopped: 0.0730420 seconds, Stopping threads took: 0.0000470 seconds
274.008: Application time: 0.0258330 seconds
274.009: [Full GC [PSYoungGen: 139264K->30833K(162304K)] [ParOldGen: 369818K->369818K(370176K)] 509082K->400651K(532480K) [PSPermGen: 13646K->13646K(21504K)], 0.0728840 secs] [Times: user=0.51 sys=0.00, real=0.07 secs] 
274.082: Total time for which application threads were stopped: 0.0735450 seconds, Stopping threads took: 0.0000920 seconds
274.108: Application time: 0.0260040 seconds
274.108: [Full GC [PSYoungGen: 139264K->30845K(162304K)] [ParOldGen: 369818K->369818K(370176K)] 509082K->400664K(532480K) [PSPermGen: 13646K->13646K(21504K)], 0.0722990 secs] [Times: user=0.51 sys=0.00, real=0.07 secs] 
274.181: Total time for which application threads were stopped: 0.0730230 seconds, Stopping threads took: 0.0000840 seconds
274.207: Application time: 0.0261490 seconds
274.208: [Full GC [PSYoungGen: 139264K->30863K(162304K)] [ParOldGen: 369818K->369818K(370176K)] 509082K->400682K(532480K) [PSPermGen: 13646K->13646K(21504K)], 0.0717730 secs] [Times: user=0.51 sys=0.00, real=0.07 secs] 
274.279: Total time for which application threads were stopped: 0.0725070 seconds, Stopping threads took: 0.0001100 seconds
274.305: Application time: 0.0256630 seconds
274.306: [Full GC [PSYoungGen: 139264K->30879K(162304K)] [ParOldGen: 369818K->369818K(370176K)] 509082K->400697K(532480K) [PSPermGen: 13646K->13646K(21504K)], 0.0742180 secs] [Times: user=0.53 sys=0.00, real=0.07 secs] 
274.380: Total time for which application threads were stopped: 0.0748880 seconds, Stopping threads took: 0.0000740 seconds
274.406: Application time: 0.0256440 seconds
274.406: [Full GC [PSYoungGen: 139264K->30893K(162304K)] [ParOldGen: 369818K->369818K(370176K)] 509082K->400712K(532480K) [PSPermGen: 13646K->13646K(21504K)], 0.0722600 secs] [Times: user=0.51 sys=0.00, real=0.07 secs] 
274.479: Total time for which application threads were stopped: 0.0729680 seconds, Stopping threads took: 0.0000770 seconds
274.504: Application time: 0.0256110 seconds
274.505: [Full GC [PSYoungGen: 139264K->30911K(162304K)] [ParOldGen: 369818K->369818K(370176K)] 509082K->400729K(532480K) [PSPermGen: 13646K->13646K(21504K)], 0.0722070 secs] [Times: user=0.50 sys=0.00, real=0.07 secs] 
274.577: Total time for which application threads were stopped: 0.0729730 seconds, Stopping threads took: 0.0001120 seconds
274.603: Application time: 0.0258470 seconds
274.604: [Full GC [PSYoungGen: 139264K->30925K(162304K)] [ParOldGen: 369818K->369818K(370176K)] 509082K->400744K(532480K) [PSPermGen: 13646K->13646K(21504K)], 0.0719210 secs] [Times: user=0.51 sys=0.00, real=0.08 secs] 
274.676: Total time for which application threads were stopped: 0.0726350 seconds, Stopping threads took: 0.0000750 seconds
274.701: Application time: 0.0258980 seconds
274.702: [Full GC [PSYoungGen: 139264K->30941K(162304K)] [ParOldGen: 369818K->369818K(370176K)] 509082K->400760K(532480K) [PSPermGen: 13646K->13646K(21504K)], 0.0725450 secs] [Times: user=0.51 sys=0.00, real=0.08 secs] 
274.775: Total time for which application threads were stopped: 0.0732490 seconds, Stopping threads took: 0.0000730 seconds
274.801: Application time: 0.0259830 seconds
274.801: [Full GC [PSYoungGen: 139264K->30956K(162304K)] [ParOldGen: 369818K->369818K(370176K)] 509082K->400774K(532480K) [PSPermGen: 13646K->13646K(21504K)], 0.0721300 secs] [Times: user=0.51 sys=0.00, real=0.08 secs] 
274.874: Total time for which application threads were stopped: 0.0727790 seconds, Stopping threads took: 0.0000780 seconds
274.899: Application time: 0.0257770 seconds
274.900: [Full GC [PSYoungGen: 139264K->30970K(162304K)] [ParOldGen: 369818K->369818K(370176K)] 509082K->400788K(532480K) [PSPermGen: 13646K->13646K(21504K)], 0.0727190 secs] [Times: user=0.51 sys=0.00, real=0.08 secs] 
274.973: Total time for which application threads were stopped: 0.0734710 seconds, Stopping threads took: 0.0001120 seconds
274.998: Application time: 0.0255020 seconds
274.999: [Full GC [PSYoungGen: 139264K->30987K(162304K)] [ParOldGen: 369818K->369818K(370176K)] 509082K->400805K(532480K) [PSPermGen: 13646K->13646K(21504K)], 0.0723750 secs] [Times: user=0.50 sys=0.00, real=0.07 secs] 
275.071: Total time for which application threads were stopped: 0.0730210 seconds, Stopping threads took: 0.0000740 seconds
275.097: Application time: 0.0260020 seconds
275.098: [Full GC [PSYoungGen: 139264K->30947K(162304K)] [ParOldGen: 369818K->369818K(370176K)] 509082K->400765K(532480K) [PSPermGen: 13646K->13646K(21504K)], 0.0733660 secs] [Times: user=0.52 sys=0.00, real=0.07 secs] 
275.171: Total time for which application threads were stopped: 0.0741000 seconds, Stopping threads took: 0.0001040 seconds
275.197: Application time: 0.0259470 seconds
275.198: [Full GC [PSYoungGen: 139264K->30886K(162304K)] [ParOldGen: 369818K->369818K(370176K)] 509082K->400704K(532480K) [PSPermGen: 13646K->13646K(21504K)], 0.0734760 secs] [Times: user=0.52 sys=0.00, real=0.07 secs] 
275.272: Total time for which application threads were stopped: 0.0741710 seconds, Stopping threads took: 0.0000910 seconds
275.297: Application time: 0.0256480 seconds
275.298: [Full GC [PSYoungGen: 139264K->30893K(162304K)] [ParOldGen: 369818K->369818K(370176K)] 509082K->400711K(532480K) [PSPermGen: 13646K->13646K(21504K)], 0.0720200 secs] [Times: user=0.50 sys=0.00, real=0.07 secs] 
275.370: Total time for which application threads were stopped: 0.0726740 seconds, Stopping threads took: 0.0000430 seconds
275.396: Application time: 0.0259670 seconds
275.396: [Full GC [PSYoungGen: 139264K->30907K(162304K)] [ParOldGen: 369818K->369818K(370176K)] 509082K->400726K(532480K) [PSPermGen: 13646K->13646K(21504K)], 0.0724060 secs] [Times: user=0.51 sys=0.00, real=0.07 secs] 
275.469: Total time for which application threads were stopped: 0.0730320 seconds, Stopping threads took: 0.0000550 seconds
275.495: Application time: 0.0256430 seconds
275.495: [Full GC [PSYoungGen: 139264K->30925K(162304K)] [ParOldGen: 369818K->369818K(370176K)] 509082K->400743K(532480K) [PSPermGen: 13646K->13646K(21504K)], 0.0719890 secs] [Times: user=0.51 sys=0.00, real=0.07 secs] 
275.567: Total time for which application threads were stopped: 0.0727850 seconds, Stopping threads took: 0.0001370 seconds
275.593: Application time: 0.0257540 seconds
275.594: [Full GC [PSYoungGen: 139264K->30937K(162304K)] [ParOldGen: 369818K->369818K(370176K)] 509082K->400755K(532480K) [PSPermGen: 13646K->13646K(21504K)], 0.0724300 secs] [Times: user=0.51 sys=0.00, real=0.07 secs] 
275.666: Total time for which application threads were stopped: 0.0731070 seconds, Stopping threads took: 0.0000550 seconds
275.692: Application time: 0.0262330 seconds
275.693: [Full GC [PSYoungGen: 139264K->30901K(162304K)] [ParOldGen: 369818K->369818K(370176K)] 509082K->400720K(532480K) [PSPermGen: 13646K->13646K(21504K)], 0.0716650 secs] [Times: user=0.51 sys=0.00, real=0.07 secs] 
275.765: Total time for which application threads were stopped: 0.0723580 seconds, Stopping threads took: 0.0000760 seconds
275.791: Application time: 0.0261090 seconds
275.792: [Full GC [PSYoungGen: 139264K->30900K(162304K)] [ParOldGen: 369818K->369818K(370176K)] 509082K->400718K(532480K) [PSPermGen: 13646K->13646K(21504K)], 0.0721220 secs] [Times: user=0.51 sys=0.00, real=0.07 secs] 
275.864: Total time for which application threads were stopped: 0.0728450 seconds, Stopping threads took: 0.0000840 seconds
275.890: Application time: 0.0259460 seconds
275.890: [Full GC [PSYoungGen: 139264K->30917K(162304K)] [ParOldGen: 369818K->369818K(370176K)] 509082K->400735K(532480K) [PSPermGen: 13646K->13646K(21504K)], 0.0723350 secs] [Times: user=0.51 sys=0.00, real=0.07 secs] 
275.963: Total time for which application threads were stopped: 0.0730310 seconds, Stopping threads took: 0.0000570 seconds
275.989: Application time: 0.0258410 seconds
275.989: [Full GC [PSYoungGen: 139264K->30932K(162304K)] [ParOldGen: 369818K->369818K(370176K)] 509082K->400751K(532480K) [PSPermGen: 13646K->13646K(21504K)], 0.0716850 secs] [Times: user=0.50 sys=0.00, real=0.07 secs] 
276.061: Total time for which application threads were stopped: 0.0723100 seconds, Stopping threads took: 0.0000610 seconds
276.087: Application time: 0.0257400 seconds
276.087: [Full GC [PSYoungGen: 139264K->30943K(162304K)] [ParOldGen: 369818K->369818K(370176K)] 509082K->400762K(532480K) [PSPermGen: 13646K->13646K(21504K)], 0.0716310 secs] [Times: user=0.50 sys=0.00, real=0.07 secs] 
276.159: Total time for which application threads were stopped: 0.0723310 seconds, Stopping threads took: 0.0000710 seconds
276.185: Application time: 0.0260960 seconds
276.186: [Full GC [PSYoungGen: 139264K->30838K(162304K)] [ParOldGen: 369818K->369818K(370176K)] 509082K->400656K(532480K) [PSPermGen: 13646K->13646K(21504K)], 0.0722330 secs] [Times: user=0.50 sys=0.00, real=0.07 secs] 
276.258: Total time for which application threads were stopped: 0.0729130 seconds, Stopping threads took: 0.0001160 seconds
276.284: Application time: 0.0260310 seconds
276.285: [Full GC [PSYoungGen: 139264K->30835K(162304K)] [ParOldGen: 369818K->369818K(370176K)] 509082K->400653K(532480K) [PSPermGen: 13646K->13646K(21504K)], 0.0741550 secs] [Times: user=0.53 sys=0.00, real=0.07 secs] 
276.359: Total time for which application threads were stopped: 0.0748320 seconds, Stopping threads took: 0.0000860 seconds
276.385: Application time: 0.0258200 seconds
276.385: [Full GC [PSYoungGen: 139264K->30854K(162304K)] [ParOldGen: 369818K->369818K(370176K)] 509082K->400672K(532480K) [PSPermGen: 13646K->13646K(21504K)], 0.0719510 secs] [Times: user=0.51 sys=0.00, real=0.07 secs] 
276.457: Total time for which application threads were stopped: 0.0726580 seconds, Stopping threads took: 0.0000760 seconds
276.483: Application time: 0.0258040 seconds
276.484: [Full GC [PSYoungGen: 139264K->30869K(162304K)] [ParOldGen: 369818K->369818K(370176K)] 509082K->400687K(532480K) [PSPermGen: 13646K->13646K(21504K)], 0.0715890 secs] [Times: user=0.50 sys=0.00, real=0.08 secs] 
276.555: Total time for which application threads were stopped: 0.0723060 seconds, Stopping threads took: 0.0000740 seconds
276.581: Application time: 0.0255480 seconds
276.582: [Full GC [PSYoungGen: 139264K->30886K(162304K)] [ParOldGen: 369818K->369818K(370176K)] 509082K->400704K(532480K) [PSPermGen: 13646K->13646K(21504K)], 0.0721970 secs] [Times: user=0.51 sys=0.00, real=0.08 secs] 
276.654: Total time for which application threads were stopped: 0.0728850 seconds, Stopping threads took: 0.0000620 seconds
276.679: Application time: 0.0255860 seconds
276.680: [Full GC [PSYoungGen: 139264K->30901K(162304K)] [ParOldGen: 369818K->369818K(370176K)] 509082K->400720K(532480K) [PSPermGen: 13646K->13646K(21504K)], 0.0717830 secs] [Times: user=0.50 sys=0.00, real=0.07 secs] 
276.752: Total time for which application threads were stopped: 0.0724930 seconds, Stopping threads took: 0.0000640 seconds
276.778: Application time: 0.0257280 seconds
276.778: [Full GC [PSYoungGen: 139264K->30916K(162304K)] [ParOldGen: 369818K->369818K(370176K)] 509082K->400735K(532480K) [PSPermGen: 13646K->13646K(21504K)], 0.0717490 secs] [Times: user=0.51 sys=0.00, real=0.07 secs] 
276.850: Total time for which application threads were stopped: 0.0724110 seconds, Stopping threads took: 0.0000900 seconds
276.876: Application time: 0.0259400 seconds
276.877: [Full GC [PSYoungGen: 139264K->30869K(162304K)] [ParOldGen: 369818K->369818K(370176K)] 509082K->400687K(532480K) [PSPermGen: 13646K->13646K(21504K)], 0.0737320 secs] [Times: user=0.52 sys=0.00, real=0.07 secs] 
276.950: Total time for which application threads were stopped: 0.0744040 seconds, Stopping threads took: 0.0000470 seconds
276.976: Application time: 0.0256790 seconds
276.977: [Full GC [PSYoungGen: 139264K->30876K(162304K)] [ParOldGen: 369818K->369818K(370176K)] 509082K->400695K(532480K) [PSPermGen: 13646K->13646K(21504K)], 0.0718060 secs] [Times: user=0.51 sys=0.00, real=0.07 secs] 
277.049: Total time for which application threads were stopped: 0.0725080 seconds, Stopping threads took: 0.0000700 seconds
277.075: Application time: 0.0263530 seconds
277.076: [Full GC [PSYoungGen: 139264K->30781K(162304K)] [ParOldGen: 369818K->369818K(370176K)] 509082K->400599K(532480K) [PSPermGen: 13646K->13646K(21504K)], 0.0716640 secs] [Times: user=0.50 sys=0.00, real=0.07 secs] 
277.147: Total time for which application threads were stopped: 0.0723610 seconds, Stopping threads took: 0.0000680 seconds
277.173: Application time: 0.0255550 seconds
277.174: [Full GC [PSYoungGen: 139264K->30762K(162304K)] [ParOldGen: 369818K->369818K(370176K)] 509082K->400580K(532480K) [PSPermGen: 13646K->13646K(21504K)], 0.0714700 secs] [Times: user=0.50 sys=0.00, real=0.07 secs] 
277.245: Total time for which application threads were stopped: 0.0721550 seconds, Stopping threads took: 0.0000680 seconds
277.271: Application time: 0.0255240 seconds
277.271: [Full GC [PSYoungGen: 139264K->30780K(162304K)] [ParOldGen: 369818K->369818K(370176K)] 509082K->400598K(532480K) [PSPermGen: 13646K->13646K(21504K)], 0.0715270 secs] [Times: user=0.50 sys=0.00, real=0.07 secs] 
277.343: Total time for which application threads were stopped: 0.0722240 seconds, Stopping threads took: 0.0000520 seconds
277.369: Application time: 0.0256970 seconds
277.369: [Full GC [PSYoungGen: 139264K->30796K(162304K)] [ParOldGen: 369818K->369818K(370176K)] 509082K->400614K(532480K) [PSPermGen: 13646K->13646K(21504K)], 0.0716730 secs] [Times: user=0.50 sys=0.00, real=0.07 secs] 
277.442: Total time for which application threads were stopped: 0.0738360 seconds, Stopping threads took: 0.0000530 seconds
277.468: Application time: 0.0258210 seconds
277.469: [Full GC [PSYoungGen: 139264K->30812K(162304K)] [ParOldGen: 369818K->369818K(370176K)] 509082K->400631K(532480K) [PSPermGen: 13646K->13646K(21504K)], 0.0717950 secs] [Times: user=0.50 sys=0.00, real=0.07 secs] 
277.541: Total time for which application threads were stopped: 0.0724760 seconds, Stopping threads took: 0.0000680 seconds
277.567: Application time: 0.0258360 seconds
277.567: [Full GC [PSYoungGen: 139264K->30829K(162304K)] [ParOldGen: 369818K->369818K(370176K)] 509082K->400647K(532480K) [PSPermGen: 13646K->13646K(21504K)], 0.0722870 secs] [Times: user=0.51 sys=0.00, real=0.07 secs] 
277.640: Total time for which application threads were stopped: 0.0729740 seconds, Stopping threads took: 0.0000450 seconds
277.665: Application time: 0.0257920 seconds
277.666: [Full GC [PSYoungGen: 139264K->30842K(162304K)] [ParOldGen: 369818K->369818K(370176K)] 509082K->400661K(532480K) [PSPermGen: 13646K->13646K(21504K)], 0.0719630 secs] [Times: user=0.50 sys=0.00, real=0.07 secs] 
277.738: Total time for which application threads were stopped: 0.0725830 seconds, Stopping threads took: 0.0000520 seconds
277.764: Application time: 0.0256260 seconds
277.764: [Full GC [PSYoungGen: 139264K->30858K(162304K)] [ParOldGen: 369818K->369818K(370176K)] 509082K->400676K(532480K) [PSPermGen: 13646K->13646K(21504K)], 0.0724430 secs] [Times: user=0.50 sys=0.00, real=0.08 secs] 
277.837: Total time for which application threads were stopped: 0.0731560 seconds, Stopping threads took: 0.0000860 seconds
277.863: Application time: 0.0260770 seconds
277.863: [Full GC [PSYoungGen: 139264K->30874K(162304K)] [ParOldGen: 369818K->369818K(370176K)] 509082K->400693K(532480K) [PSPermGen: 13646K->13646K(21504K)], 0.0724720 secs] [Times: user=0.51 sys=0.00, real=0.08 secs] 
277.936: Total time for which application threads were stopped: 0.0732170 seconds, Stopping threads took: 0.0000860 seconds
277.963: Application time: 0.0271710 seconds
277.964: [Full GC [PSYoungGen: 139264K->30890K(162304K)] [ParOldGen: 369818K->369818K(370176K)] 509082K->400709K(532480K) [PSPermGen: 13646K->13646K(21504K)], 0.0717140 secs] [Times: user=0.50 sys=0.00, real=0.08 secs] 
278.036: Total time for which application threads were stopped: 0.0724310 seconds, Stopping threads took: 0.0000770 seconds
278.061: Application time: 0.0258210 seconds
278.062: [Full GC [PSYoungGen: 139264K->30904K(162304K)] [ParOldGen: 369818K->369818K(370176K)] 509082K->400722K(532480K) [PSPermGen: 13646K->13646K(21504K)], 0.0717750 secs] [Times: user=0.50 sys=0.00, real=0.08 secs] 
278.134: Total time for which application threads were stopped: 0.0724850 seconds, Stopping threads took: 0.0000860 seconds
278.160: Application time: 0.0259100 seconds
278.160: [Full GC [PSYoungGen: 139264K->30921K(162304K)] [ParOldGen: 369818K->369818K(370176K)] 509082K->400739K(532480K) [PSPermGen: 13646K->13646K(21504K)], 0.0721730 secs] [Times: user=0.51 sys=0.00, real=0.08 secs] 
278.233: Total time for which application threads were stopped: 0.0728760 seconds, Stopping threads took: 0.0000650 seconds
278.259: Application time: 0.0261680 seconds
278.260: [Full GC [PSYoungGen: 139264K->30935K(162304K)] [ParOldGen: 369818K->369818K(370176K)] 509082K->400754K(532480K) [PSPermGen: 13646K->13646K(21504K)], 0.0719170 secs] [Times: user=0.50 sys=0.00, real=0.07 secs] 
278.332: Total time for which application threads were stopped: 0.0726410 seconds, Stopping threads took: 0.0000920 seconds
278.358: Application time: 0.0260340 seconds
278.358: [Full GC [PSYoungGen: 139264K->30952K(162304K)] [ParOldGen: 369818K->369818K(370176K)] 509082K->400770K(532480K) [PSPermGen: 13646K->13646K(21504K)], 0.0722000 secs] [Times: user=0.51 sys=0.00, real=0.07 secs] 
278.430: Total time for which application threads were stopped: 0.0728100 seconds, Stopping threads took: 0.0000530 seconds
278.456: Application time: 0.0261100 seconds
278.457: [Full GC [PSYoungGen: 139264K->30966K(162304K)] [ParOldGen: 369818K->369818K(370176K)] 509082K->400784K(532480K) [PSPermGen: 13646K->13646K(21504K)], 0.0714410 secs] [Times: user=0.50 sys=0.00, real=0.07 secs] 
278.529: Total time for which application threads were stopped: 0.0721330 seconds, Stopping threads took: 0.0000530 seconds
278.554: Application time: 0.0256580 seconds
278.555: [Full GC [PSYoungGen: 139264K->30982K(162304K)] [ParOldGen: 369818K->369818K(370176K)] 509082K->400801K(532480K) [PSPermGen: 13646K->13646K(21504K)], 0.0717050 secs] [Times: user=0.50 sys=0.00, real=0.07 secs] 
278.627: Total time for which application threads were stopped: 0.0723620 seconds, Stopping threads took: 0.0000580 seconds
278.653: Application time: 0.0260230 seconds
278.653: [Full GC [PSYoungGen: 139264K->30998K(162304K)] [ParOldGen: 369818K->369818K(370176K)] 509082K->400817K(532480K) [PSPermGen: 13646K->13646K(21504K)], 0.0724430 secs] [Times: user=0.51 sys=0.00, real=0.07 secs] 
278.726: Total time for which application threads were stopped: 0.0731480 seconds, Stopping threads took: 0.0000640 seconds
278.752: Application time: 0.0261240 seconds
278.753: [Full GC [PSYoungGen: 139264K->30957K(162304K)] [ParOldGen: 369818K->369818K(370176K)] 509082K->400775K(532480K) [PSPermGen: 13646K->13646K(21504K)], 0.0723320 secs] [Times: user=0.51 sys=0.00, real=0.07 secs] 
278.825: Total time for which application threads were stopped: 0.0730180 seconds, Stopping threads took: 0.0000420 seconds
278.851: Application time: 0.0258850 seconds
278.852: [Full GC [PSYoungGen: 139264K->30892K(162304K)] [ParOldGen: 369818K->369818K(370176K)] 509082K->400710K(532480K) [PSPermGen: 13648K->13648K(21504K)], 0.0720310 secs] [Times: user=0.51 sys=0.00, real=0.07 secs] 
278.924: Total time for which application threads were stopped: 0.0727870 seconds, Stopping threads took: 0.0001180 seconds
278.950: Application time: 0.0266650 seconds
278.951: [Full GC [PSYoungGen: 139264K->30904K(162304K)] [ParOldGen: 369818K->369818K(370176K)] 509082K->400722K(532480K) [PSPermGen: 13648K->13648K(21504K)], 0.0714690 secs] [Times: user=0.50 sys=0.00, real=0.07 secs] 
279.022: Total time for which application threads were stopped: 0.0721670 seconds, Stopping threads took: 0.0000790 seconds
279.048: Application time: 0.0259640 seconds
279.049: [Full GC [PSYoungGen: 139264K->30922K(162304K)] [ParOldGen: 369818K->369818K(370176K)] 509082K->400740K(532480K) [PSPermGen: 13648K->13648K(21504K)], 0.0720030 secs] [Times: user=0.51 sys=0.00, real=0.07 secs] 
279.121: Total time for which application threads were stopped: 0.0727290 seconds, Stopping threads took: 0.0000840 seconds
279.147: Application time: 0.0259750 seconds
279.148: [Full GC [PSYoungGen: 139264K->30875K(162304K)] [ParOldGen: 369818K->369818K(370176K)] 509082K->400694K(532480K) [PSPermGen: 13648K->13648K(21504K)], 0.0721080 secs] [Times: user=0.51 sys=0.00, real=0.07 secs] 
279.220: Total time for which application threads were stopped: 0.0728390 seconds, Stopping threads took: 0.0001050 seconds
279.246: Application time: 0.0259850 seconds
279.247: [Full GC [PSYoungGen: 139264K->30882K(162304K)] [ParOldGen: 369818K->369818K(370176K)] 509082K->400700K(532480K) [PSPermGen: 13648K->13648K(21504K)], 0.0718780 secs] [Times: user=0.51 sys=0.00, real=0.07 secs] 
279.319: Total time for which application threads were stopped: 0.0725890 seconds, Stopping threads took: 0.0000770 seconds
279.345: Application time: 0.0261130 seconds
279.345: [Full GC [PSYoungGen: 139264K->30896K(162304K)] [ParOldGen: 369818K->369818K(370176K)] 509082K->400715K(532480K) [PSPermGen: 13648K->13648K(21504K)], 0.0717810 secs] [Times: user=0.50 sys=0.00, real=0.07 secs] 
279.417: Total time for which application threads were stopped: 0.0724730 seconds, Stopping threads took: 0.0000590 seconds
279.443: Application time: 0.0258690 seconds
279.444: [Full GC [PSYoungGen: 139264K->30912K(162304K)] [ParOldGen: 369818K->369818K(370176K)] 509082K->400730K(532480K) [PSPermGen: 13648K->13648K(21504K)], 0.0718510 secs] [Times: user=0.50 sys=0.00, real=0.08 secs] 
279.516: Total time for which application threads were stopped: 0.0725440 seconds, Stopping threads took: 0.0001100 seconds
279.541: Application time: 0.0258190 seconds
279.542: [Full GC [PSYoungGen: 139264K->30927K(162304K)] [ParOldGen: 369818K->369818K(370176K)] 509082K->400745K(532480K) [PSPermGen: 13648K->13648K(21504K)], 0.0714970 secs] [Times: user=0.50 sys=0.00, real=0.08 secs] 
279.614: Total time for which application threads were stopped: 0.0722040 seconds, Stopping threads took: 0.0000920 seconds
279.639: Application time: 0.0257230 seconds
279.640: [Full GC [PSYoungGen: 139264K->30939K(162304K)] [ParOldGen: 369818K->369818K(370176K)] 509082K->400758K(532480K) [PSPermGen: 13648K->13648K(21504K)], 0.0716850 secs] [Times: user=0.50 sys=0.00, real=0.07 secs] 
279.712: Total time for which application threads were stopped: 0.0724050 seconds, Stopping threads took: 0.0000730 seconds
279.738: Application time: 0.0261920 seconds
279.739: [Full GC [PSYoungGen: 139264K->30884K(162304K)] [ParOldGen: 369818K->369818K(370176K)] 509082K->400702K(532480K) [PSPermGen: 13648K->13648K(21504K)], 0.0719120 secs] [Times: user=0.51 sys=0.00, real=0.07 secs] 
279.811: Total time for which application threads were stopped: 0.0725970 seconds, Stopping threads took: 0.0000670 seconds
279.837: Application time: 0.0262610 seconds
279.837: [Full GC [PSYoungGen: 139264K->30839K(162304K)] [ParOldGen: 369818K->369818K(370176K)] 509082K->400658K(532480K) [PSPermGen: 13648K->13648K(21504K)], 0.0716280 secs] [Times: user=0.51 sys=0.00, real=0.07 secs] 
279.909: Total time for which application threads were stopped: 0.0723540 seconds, Stopping threads took: 0.0001000 seconds
279.935: Application time: 0.0259450 seconds
279.936: [Full GC [PSYoungGen: 139264K->30849K(162304K)] [ParOldGen: 369818K->369818K(370176K)] 509082K->400667K(532480K) [PSPermGen: 13648K->13648K(21504K)], 0.0717740 secs] [Times: user=0.51 sys=0.00, real=0.07 secs] 
280.008: Total time for which application threads were stopped: 0.0724850 seconds, Stopping threads took: 0.0000800 seconds
280.034: Application time: 0.0260760 seconds
280.034: [Full GC [PSYoungGen: 139264K->30864K(162304K)] [ParOldGen: 369818K->369818K(370176K)] 509082K->400683K(532480K) [PSPermGen: 13648K->13648K(21504K)], 0.0725880 secs] [Times: user=0.51 sys=0.00, real=0.07 secs] 
280.107: Total time for which application threads were stopped: 0.0732360 seconds, Stopping threads took: 0.0000820 seconds
280.133: Application time: 0.0259600 seconds
280.134: [Full GC [PSYoungGen: 139264K->30880K(162304K)] [ParOldGen: 369818K->369818K(370176K)] 509082K->400699K(532480K) [PSPermGen: 13648K->13648K(21504K)], 0.0713690 secs] [Times: user=0.50 sys=0.00, real=0.07 secs] 
280.205: Total time for which application threads were stopped: 0.0720880 seconds, Stopping threads took: 0.0001040 seconds
280.231: Application time: 0.0257960 seconds
280.231: [Full GC [PSYoungGen: 139264K->30898K(162304K)] [ParOldGen: 369818K->369818K(370176K)] 509082K->400716K(532480K) [PSPermGen: 13648K->13648K(21504K)], 0.0715690 secs] [Times: user=0.50 sys=0.00, real=0.07 secs] 
280.303: Total time for which application threads were stopped: 0.0722940 seconds, Stopping threads took: 0.0000760 seconds
280.329: Application time: 0.0256920 seconds
280.329: [Full GC [PSYoungGen: 139264K->30913K(162304K)] [ParOldGen: 369818K->369818K(370176K)] 509082K->400731K(532480K) [PSPermGen: 13648K->13648K(21504K)], 0.0737590 secs] [Times: user=0.52 sys=0.00, real=0.07 secs] 
280.403: Total time for which application threads were stopped: 0.0744680 seconds, Stopping threads took: 0.0000750 seconds
280.430: Application time: 0.0264640 seconds
280.430: [Full GC [PSYoungGen: 139264K->30871K(162304K)] [ParOldGen: 369818K->369818K(370176K)] 509082K->400689K(532480K) [PSPermGen: 13648K->13648K(21504K)], 0.0721720 secs] [Times: user=0.51 sys=0.00, real=0.07 secs] 
280.503: Total time for which application threads were stopped: 0.0729110 seconds, Stopping threads took: 0.0001050 seconds
280.529: Application time: 0.0263230 seconds
280.530: [Full GC [PSYoungGen: 139264K->30818K(162304K)] [ParOldGen: 369818K->369818K(370176K)] 509082K->400636K(532480K) [PSPermGen: 13648K->13648K(21504K)], 0.0718170 secs] [Times: user=0.50 sys=0.00, real=0.07 secs] 
280.601: Total time for which application threads were stopped: 0.0725030 seconds, Stopping threads took: 0.0000600 seconds
280.628: Application time: 0.0261040 seconds
280.628: [Full GC [PSYoungGen: 139264K->30818K(162304K)] [ParOldGen: 369818K->369818K(370176K)] 509082K->400636K(532480K) [PSPermGen: 13648K->13648K(21504K)], 0.0721000 secs] [Times: user=0.51 sys=0.00, real=0.07 secs] 
280.700: Total time for which application threads were stopped: 0.0727860 seconds, Stopping threads took: 0.0000640 seconds
280.727: Application time: 0.0262700 seconds
280.727: [Full GC [PSYoungGen: 139264K->30768K(162304K)] [ParOldGen: 369818K->369818K(370176K)] 509082K->400586K(532480K) [PSPermGen: 13648K->13648K(21504K)], 0.0720520 secs] [Times: user=0.51 sys=0.00, real=0.07 secs] 
280.799: Total time for which application threads were stopped: 0.0728050 seconds, Stopping threads took: 0.0001220 seconds
280.826: Application time: 0.0264250 seconds
280.827: [Full GC [PSYoungGen: 139264K->30778K(162304K)] [ParOldGen: 369818K->369818K(370176K)] 509082K->400596K(532480K) [PSPermGen: 13648K->13648K(21504K)], 0.0718610 secs] [Times: user=0.50 sys=0.00, real=0.07 secs] 
280.898: Total time for which application threads were stopped: 0.0725950 seconds, Stopping threads took: 0.0000860 seconds
280.924: Application time: 0.0256990 seconds
280.925: [Full GC [PSYoungGen: 139264K->30792K(162304K)] [ParOldGen: 369818K->369818K(370176K)] 509082K->400611K(532480K) [PSPermGen: 13648K->13648K(21504K)], 0.0723040 secs] [Times: user=0.51 sys=0.00, real=0.07 secs] 
280.997: Total time for which application threads were stopped: 0.0730020 seconds, Stopping threads took: 0.0000700 seconds
281.023: Application time: 0.0257190 seconds
281.023: [Full GC [PSYoungGen: 139264K->30805K(162304K)] [ParOldGen: 369818K->369818K(370176K)] 509082K->400624K(532480K) [PSPermGen: 13648K->13648K(21504K)], 0.0715370 secs] [Times: user=0.51 sys=0.00, real=0.08 secs] 
281.095: Total time for which application threads were stopped: 0.0722390 seconds, Stopping threads took: 0.0000720 seconds
281.121: Application time: 0.0258330 seconds
281.122: [Full GC [PSYoungGen: 139264K->30823K(162304K)] [ParOldGen: 369818K->369818K(370176K)] 509082K->400641K(532480K) [PSPermGen: 13648K->13648K(21504K)], 0.0718380 secs] [Times: user=0.51 sys=0.00, real=0.08 secs] 
281.194: Total time for which application threads were stopped: 0.0725540 seconds, Stopping threads took: 0.0001070 seconds
281.219: Application time: 0.0258330 seconds
281.220: [Full GC [PSYoungGen: 139264K->30838K(162304K)] [ParOldGen: 369818K->369818K(370176K)] 509082K->400656K(532480K) [PSPermGen: 13648K->13648K(21504K)], 0.0715040 secs] [Times: user=0.50 sys=0.00, real=0.07 secs] 
281.292: Total time for which application threads were stopped: 0.0722150 seconds, Stopping threads took: 0.0000920 seconds
281.317: Application time: 0.0258330 seconds
281.318: [Full GC [PSYoungGen: 139264K->30854K(162304K)] [ParOldGen: 369818K->369818K(370176K)] 509082K->400672K(532480K) [PSPermGen: 13648K->13648K(21504K)], 0.0717030 secs] [Times: user=0.51 sys=0.00, real=0.07 secs] 
281.390: Total time for which application threads were stopped: 0.0724120 seconds, Stopping threads took: 0.0000860 seconds
281.415: Application time: 0.0256870 seconds
281.416: [Full GC [PSYoungGen: 139264K->30868K(162304K)] [ParOldGen: 369818K->369818K(370176K)] 509082K->400687K(532480K) [PSPermGen: 13648K->13648K(21504K)], 0.0725530 secs] [Times: user=0.51 sys=0.00, real=0.07 secs] 
281.489: Total time for which application threads were stopped: 0.0733240 seconds, Stopping threads took: 0.0001190 seconds
281.514: Application time: 0.0255630 seconds
281.515: [Full GC [PSYoungGen: 139264K->30886K(162304K)] [ParOldGen: 369818K->369818K(370176K)] 509082K->400704K(532480K) [PSPermGen: 13648K->13648K(21504K)], 0.0718150 secs] [Times: user=0.51 sys=0.00, real=0.07 secs] 
281.587: Total time for which application threads were stopped: 0.0724680 seconds, Stopping threads took: 0.0000750 seconds
281.613: Application time: 0.0256810 seconds
281.613: [Full GC [PSYoungGen: 139264K->30902K(162304K)] [ParOldGen: 369818K->369818K(370176K)] 509082K->400720K(532480K) [PSPermGen: 13648K->13648K(21504K)], 0.0719340 secs] [Times: user=0.51 sys=0.00, real=0.07 secs] 
281.685: Total time for which application threads were stopped: 0.0725730 seconds, Stopping threads took: 0.0000760 seconds
281.711: Application time: 0.0258780 seconds
281.712: [Full GC [PSYoungGen: 139264K->30917K(162304K)] [ParOldGen: 369818K->369818K(370176K)] 509082K->400735K(532480K) [PSPermGen: 13648K->13648K(21504K)], 0.0722510 secs] [Times: user=0.51 sys=0.00, real=0.07 secs] 
281.784: Total time for which application threads were stopped: 0.0729730 seconds, Stopping threads took: 0.0000860 seconds
281.810: Application time: 0.0257710 seconds
281.810: [Full GC [PSYoungGen: 139264K->30932K(162304K)] [ParOldGen: 369818K->369818K(370176K)] 509082K->400750K(532480K) [PSPermGen: 13648K->13648K(21504K)], 0.0722750 secs] [Times: user=0.50 sys=0.00, real=0.07 secs] 
281.883: Total time for which application threads were stopped: 0.0729620 seconds, Stopping threads took: 0.0000820 seconds
281.908: Application time: 0.0257410 seconds
281.909: [Full GC [PSYoungGen: 139264K->30945K(162304K)] [ParOldGen: 369818K->369818K(370176K)] 509082K->400763K(532480K) [PSPermGen: 13648K->13648K(21504K)], 0.0720510 secs] [Times: user=0.51 sys=0.00, real=0.07 secs] 
281.981: Total time for which application threads were stopped: 0.0727860 seconds, Stopping threads took: 0.0000890 seconds
282.007: Application time: 0.0258620 seconds
282.008: [Full GC [PSYoungGen: 139264K->30960K(162304K)] [ParOldGen: 369818K->369818K(370176K)] 509082K->400779K(532480K) [PSPermGen: 13648K->13648K(21504K)], 0.0733510 secs] [Times: user=0.52 sys=0.00, real=0.07 secs] 
282.081: Total time for which application threads were stopped: 0.0741040 seconds, Stopping threads took: 0.0000920 seconds
282.107: Application time: 0.0261430 seconds
282.108: [Full GC [PSYoungGen: 139264K->30923K(162304K)] [ParOldGen: 369818K->369818K(370176K)] 509082K->400742K(532480K) [PSPermGen: 13648K->13648K(21504K)], 0.0725540 secs] [Times: user=0.50 sys=0.00, real=0.07 secs] 
282.181: Total time for which application threads were stopped: 0.0731880 seconds, Stopping threads took: 0.0000800 seconds
282.207: Application time: 0.0260810 seconds
282.207: [Full GC [PSYoungGen: 139264K->30924K(162304K)] [ParOldGen: 369818K->369818K(370176K)] 509082K->400742K(532480K) [PSPermGen: 13648K->13648K(21504K)], 0.0715740 secs] [Times: user=0.51 sys=0.00, real=0.07 secs] 
282.279: Total time for which application threads were stopped: 0.0722720 seconds, Stopping threads took: 0.0000800 seconds
282.305: Application time: 0.0257470 seconds
282.305: [Full GC [PSYoungGen: 139264K->30939K(162304K)] [ParOldGen: 369818K->369818K(370176K)] 509082K->400758K(532480K) [PSPermGen: 13648K->13648K(21504K)], 0.0715340 secs] [Times: user=0.51 sys=0.00, real=0.07 secs] 
282.377: Total time for which application threads were stopped: 0.0722230 seconds, Stopping threads took: 0.0000600 seconds
282.403: Application time: 0.0257500 seconds
282.403: [Full GC [PSYoungGen: 139264K->30955K(162304K)] [ParOldGen: 369818K->369818K(370176K)] 509082K->400773K(532480K) [PSPermGen: 13648K->13648K(21504K)], 0.0719530 secs] [Times: user=0.51 sys=0.00, real=0.08 secs] 
282.477: Total time for which application threads were stopped: 0.0742810 seconds, Stopping threads took: 0.0000700 seconds
282.503: Application time: 0.0258120 seconds
282.504: [Full GC [PSYoungGen: 139264K->30970K(162304K)] [ParOldGen: 369818K->369818K(370176K)] 509082K->400788K(532480K) [PSPermGen: 13648K->13648K(21504K)], 0.0715690 secs] [Times: user=0.50 sys=0.00, real=0.08 secs] 
282.575: Total time for which application threads were stopped: 0.0724550 seconds, Stopping threads took: 0.0002550 seconds
282.601: Application time: 0.0259370 seconds
282.602: [Full GC [PSYoungGen: 139264K->30932K(162304K)] [ParOldGen: 369818K->369818K(370176K)] 509082K->400750K(532480K) [PSPermGen: 13648K->13648K(21504K)], 0.0717590 secs] [Times: user=0.50 sys=0.00, real=0.08 secs] 
282.674: Total time for which application threads were stopped: 0.0724680 seconds, Stopping threads took: 0.0000710 seconds
282.699: Application time: 0.0258740 seconds
282.700: [Full GC [PSYoungGen: 139264K->30873K(162304K)] [ParOldGen: 369818K->369818K(370176K)] 509082K->400691K(532480K) [PSPermGen: 13648K->13648K(21504K)], 0.0721650 secs] [Times: user=0.51 sys=0.00, real=0.07 secs] 
282.772: Total time for which application threads were stopped: 0.0728710 seconds, Stopping threads took: 0.0000810 seconds
282.798: Application time: 0.0258370 seconds
282.799: [Full GC [PSYoungGen: 139264K->30877K(162304K)] [ParOldGen: 369818K->369818K(370176K)] 509082K->400695K(532480K) [PSPermGen: 13648K->13648K(21504K)], 0.0718310 secs] [Times: user=0.50 sys=0.01, real=0.07 secs] 
282.871: Total time for which application threads were stopped: 0.0725660 seconds, Stopping threads took: 0.0000850 seconds
282.897: Application time: 0.0261020 seconds
282.897: [Full GC [PSYoungGen: 139264K->30892K(162304K)] [ParOldGen: 369818K->369818K(370176K)] 509082K->400710K(532480K) [PSPermGen: 13648K->13648K(21504K)], 0.0729680 secs] [Times: user=0.50 sys=0.00, real=0.07 secs] 
282.971: Total time for which application threads were stopped: 0.0736380 seconds, Stopping threads took: 0.0000430 seconds
282.996: Application time: 0.0259630 seconds
282.997: [Full GC [PSYoungGen: 139264K->30906K(162304K)] [ParOldGen: 369818K->369818K(370176K)] 509082K->400725K(532480K) [PSPermGen: 13648K->13648K(21504K)], 0.0723400 secs] [Times: user=0.51 sys=0.00, real=0.07 secs] 
283.070: Total time for which application threads were stopped: 0.0730250 seconds, Stopping threads took: 0.0001300 seconds
283.096: Application time: 0.0262360 seconds
283.096: [Full GC [PSYoungGen: 139264K->30923K(162304K)] [ParOldGen: 369818K->369818K(370176K)] 509082K->400742K(532480K) [PSPermGen: 13648K->13648K(21504K)], 0.0715970 secs] [Times: user=0.51 sys=0.00, real=0.07 secs] 
283.168: Total time for which application threads were stopped: 0.0723140 seconds, Stopping threads took: 0.0000750 seconds
283.194: Application time: 0.0261330 seconds
283.195: [Full GC [PSYoungGen: 139264K->30938K(162304K)] [ParOldGen: 369818K->369818K(370176K)] 509082K->400757K(532480K) [PSPermGen: 13648K->13648K(21504K)], 0.0718770 secs] [Times: user=0.50 sys=0.00, real=0.07 secs] 
283.267: Total time for which application threads were stopped: 0.0725500 seconds, Stopping threads took: 0.0000790 seconds
283.293: Application time: 0.0258170 seconds
283.293: [Full GC [PSYoungGen: 139264K->30953K(162304K)] [ParOldGen: 369818K->369818K(370176K)] 509082K->400771K(532480K) [PSPermGen: 13648K->13648K(21504K)], 0.0720110 secs] [Times: user=0.51 sys=0.00, real=0.07 secs] 
283.365: Total time for which application threads were stopped: 0.0727200 seconds, Stopping threads took: 0.0000840 seconds
283.391: Application time: 0.0260890 seconds
283.392: [Full GC [PSYoungGen: 139264K->30970K(162304K)] [ParOldGen: 369818K->369818K(370176K)] 509082K->400788K(532480K) [PSPermGen: 13648K->13648K(21504K)], 0.0718820 secs] [Times: user=0.51 sys=0.01, real=0.07 secs] 
283.464: Total time for which application threads were stopped: 0.0725780 seconds, Stopping threads took: 0.0000640 seconds
283.490: Application time: 0.0260920 seconds
283.491: [Full GC [PSYoungGen: 139264K->30915K(162304K)] [ParOldGen: 369818K->369818K(370176K)] 509082K->400734K(532480K) [PSPermGen: 13648K->13648K(21504K)], 0.0717680 secs] [Times: user=0.50 sys=0.00, real=0.07 secs] 
283.563: Total time for which application threads were stopped: 0.0724590 seconds, Stopping threads took: 0.0000620 seconds
283.589: Application time: 0.0262370 seconds
283.589: [Full GC [PSYoungGen: 139264K->30868K(162304K)] [ParOldGen: 369818K->369818K(370176K)] 509082K->400686K(532480K) [PSPermGen: 13648K->13648K(21504K)], 0.0721170 secs] [Times: user=0.51 sys=0.00, real=0.07 secs] 
283.662: Total time for which application threads were stopped: 0.0728340 seconds, Stopping threads took: 0.0000860 seconds
283.687: Application time: 0.0258000 seconds
283.688: [Full GC [PSYoungGen: 139264K->30877K(162304K)] [ParOldGen: 369818K->369818K(370176K)] 509082K->400695K(532480K) [PSPermGen: 13648K->13648K(21504K)], 0.0720070 secs] [Times: user=0.51 sys=0.00, real=0.07 secs] 
283.760: Total time for which application threads were stopped: 0.0727080 seconds, Stopping threads took: 0.0000670 seconds
283.786: Application time: 0.0256130 seconds
283.786: [Full GC [PSYoungGen: 139264K->30893K(162304K)] [ParOldGen: 369818K->369818K(370176K)] 509082K->400711K(532480K) [PSPermGen: 13648K->13648K(21504K)], 0.0725630 secs] [Times: user=0.51 sys=0.00, real=0.07 secs] 
283.859: Total time for which application threads were stopped: 0.0732970 seconds, Stopping threads took: 0.0000780 seconds
283.885: Application time: 0.0263340 seconds
283.886: [Full GC [PSYoungGen: 139264K->30846K(162304K)] [ParOldGen: 369818K->369818K(370176K)] 509082K->400665K(532480K) [PSPermGen: 13648K->13648K(21504K)], 0.0728080 secs] [Times: user=0.50 sys=0.00, real=0.07 secs] 
283.959: Total time for which application threads were stopped: 0.0734950 seconds, Stopping threads took: 0.0000560 seconds
283.985: Application time: 0.0262200 seconds
283.986: [Full GC [PSYoungGen: 139264K->30796K(162304K)] [ParOldGen: 369818K->369818K(370176K)] 509082K->400614K(532480K) [PSPermGen: 13648K->13648K(21504K)], 0.0715910 secs] [Times: user=0.50 sys=0.00, real=0.07 secs] 
284.057: Total time for which application threads were stopped: 0.0723140 seconds, Stopping threads took: 0.0001000 seconds
284.083: Application time: 0.0257870 seconds
284.084: [Full GC [PSYoungGen: 139264K->30795K(162304K)] [ParOldGen: 369818K->369818K(370176K)] 509082K->400613K(532480K) [PSPermGen: 13648K->13648K(21504K)], 0.0768540 secs] [Times: user=0.48 sys=0.00, real=0.08 secs] 
284.161: Total time for which application threads were stopped: 0.0775540 seconds, Stopping threads took: 0.0000790 seconds
284.188: Application time: 0.0271790 seconds
284.189: [Full GC [PSYoungGen: 139264K->30813K(162304K)] [ParOldGen: 369818K->369818K(370176K)] 509082K->400631K(532480K) [PSPermGen: 13648K->13648K(21504K)], 0.0741870 secs] [Times: user=0.50 sys=0.00, real=0.07 secs] 
284.263: Total time for which application threads were stopped: 0.0749500 seconds, Stopping threads took: 0.0001060 seconds
284.289: Application time: 0.0259510 seconds
284.290: [Full GC [PSYoungGen: 139264K->30767K(162304K)] [ParOldGen: 369818K->369818K(370176K)] 509082K->400585K(532480K) [PSPermGen: 13648K->13648K(21504K)], 0.0722490 secs] [Times: user=0.50 sys=0.01, real=0.07 secs] 
284.362: Total time for which application threads were stopped: 0.0729690 seconds, Stopping threads took: 0.0000770 seconds
284.388: Application time: 0.0258630 seconds
284.388: [Full GC [PSYoungGen: 139264K->30772K(162304K)] [ParOldGen: 369818K->369818K(370176K)] 509082K->400591K(532480K) [PSPermGen: 13648K->13648K(21504K)], 0.0711330 secs] [Times: user=0.50 sys=0.00, real=0.07 secs] 
284.459: Total time for which application threads were stopped: 0.0718000 seconds, Stopping threads took: 0.0000470 seconds
284.485: Application time: 0.0256940 seconds
284.486: [Full GC [PSYoungGen: 139264K->30790K(162304K)] [ParOldGen: 369818K->369818K(370176K)] 509082K->400608K(532480K) [PSPermGen: 13648K->13648K(21504K)], 0.0729320 secs] [Times: user=0.51 sys=0.00, real=0.07 secs] 
284.559: Total time for which application threads were stopped: 0.0736410 seconds, Stopping threads took: 0.0000830 seconds
284.584: Application time: 0.0255300 seconds
284.585: [Full GC [PSYoungGen: 139264K->30805K(162304K)] [ParOldGen: 369818K->369818K(370176K)] 509082K->400624K(532480K) [PSPermGen: 13648K->13648K(21504K)], 0.0720810 secs] [Times: user=0.51 sys=0.00, real=0.07 secs] 
284.657: Total time for which application threads were stopped: 0.0727880 seconds, Stopping threads took: 0.0000850 seconds
284.683: Application time: 0.0258310 seconds
284.684: [Full GC [PSYoungGen: 139264K->30821K(162304K)] [ParOldGen: 369818K->369818K(370176K)] 509082K->400639K(532480K) [PSPermGen: 13648K->13648K(21504K)], 0.0714010 secs] [Times: user=0.51 sys=0.00, real=0.08 secs] 
284.755: Total time for which application threads were stopped: 0.0721030 seconds, Stopping threads took: 0.0000940 seconds
284.781: Application time: 0.0256890 seconds
284.781: [Full GC [PSYoungGen: 139264K->30835K(162304K)] [ParOldGen: 369818K->369818K(370176K)] 509082K->400654K(532480K) [PSPermGen: 13648K->13648K(21504K)], 0.0723350 secs] [Times: user=0.51 sys=0.00, real=0.08 secs] 
284.854: Total time for which application threads were stopped: 0.0730460 seconds, Stopping threads took: 0.0000710 seconds
284.879: Application time: 0.0254500 seconds
284.880: [Full GC [PSYoungGen: 139264K->30851K(162304K)] [ParOldGen: 369818K->369818K(370176K)] 509082K->400669K(532480K) [PSPermGen: 13648K->13648K(21504K)], 0.0718580 secs] [Times: user=0.50 sys=0.00, real=0.07 secs] 
284.952: Total time for which application threads were stopped: 0.0726080 seconds, Stopping threads took: 0.0000710 seconds
284.978: Application time: 0.0257170 seconds
284.978: [Full GC [PSYoungGen: 139264K->30862K(162304K)] [ParOldGen: 369818K->369818K(370176K)] 509082K->400680K(532480K) [PSPermGen: 13648K->13648K(21504K)], 0.0716630 secs] [Times: user=0.50 sys=0.00, real=0.07 secs] 
285.050: Total time for which application threads were stopped: 0.0723570 seconds, Stopping threads took: 0.0000750 seconds
285.076: Application time: 0.0256980 seconds
285.076: [Full GC [PSYoungGen: 139264K->30882K(162304K)] [ParOldGen: 369818K->369818K(370176K)] 509082K->400700K(532480K) [PSPermGen: 13648K->13648K(21504K)], 0.0717690 secs] [Times: user=0.50 sys=0.00, real=0.07 secs] 
285.148: Total time for which application threads were stopped: 0.0724910 seconds, Stopping threads took: 0.0000740 seconds
285.174: Application time: 0.0256510 seconds
285.174: [Full GC [PSYoungGen: 139264K->30898K(162304K)] [ParOldGen: 369818K->369818K(370176K)] 509082K->400716K(532480K) [PSPermGen: 13648K->13648K(21504K)], 0.0726230 secs] [Times: user=0.51 sys=0.00, real=0.07 secs] 
285.247: Total time for which application threads were stopped: 0.0733050 seconds, Stopping threads took: 0.0000540 seconds
285.273: Application time: 0.0256530 seconds
285.273: [Full GC [PSYoungGen: 139264K->30910K(162304K)] [ParOldGen: 369818K->369818K(370176K)] 509082K->400728K(532480K) [PSPermGen: 13648K->13648K(21504K)], 0.0724620 secs] [Times: user=0.51 sys=0.00, real=0.07 secs] 
285.346: Total time for which application threads were stopped: 0.0731610 seconds, Stopping threads took: 0.0000680 seconds
285.372: Application time: 0.0257980 seconds
285.372: [Full GC [PSYoungGen: 139264K->30928K(162304K)] [ParOldGen: 369818K->369818K(370176K)] 509082K->400746K(532480K) [PSPermGen: 13648K->13648K(21504K)], 0.0719280 secs] [Times: user=0.51 sys=0.00, real=0.06 secs] 
285.444: Total time for which application threads were stopped: 0.0726040 seconds, Stopping threads took: 0.0000780 seconds
285.470: Application time: 0.0256010 seconds
285.471: [Full GC [PSYoungGen: 139264K->30943K(162304K)] [ParOldGen: 369818K->369818K(370176K)] 509082K->400762K(532480K) [PSPermGen: 13648K->13648K(21504K)], 0.0717420 secs] [Times: user=0.50 sys=0.01, real=0.07 secs] 
285.542: Total time for which application threads were stopped: 0.0724090 seconds, Stopping threads took: 0.0000660 seconds
285.568: Application time: 0.0255110 seconds
285.568: [Full GC [PSYoungGen: 139264K->30957K(162304K)] [ParOldGen: 369818K->369818K(370176K)] 509082K->400775K(532480K) [PSPermGen: 13648K->13648K(21504K)], 0.0719990 secs] [Times: user=0.51 sys=0.00, real=0.07 secs] 
285.641: Total time for which application threads were stopped: 0.0726510 seconds, Stopping threads took: 0.0000850 seconds
285.666: Application time: 0.0259360 seconds
285.667: [Full GC [PSYoungGen: 139264K->30921K(162304K)] [ParOldGen: 369818K->369818K(370176K)] 509082K->400739K(532480K) [PSPermGen: 13648K->13648K(21504K)], 0.0719520 secs] [Times: user=0.51 sys=0.00, real=0.07 secs] 
285.739: Total time for which application threads were stopped: 0.0726690 seconds, Stopping threads took: 0.0000690 seconds
285.765: Application time: 0.0257100 seconds
285.765: [Full GC [PSYoungGen: 139264K->30916K(162304K)] [ParOldGen: 369818K->369818K(370176K)] 509082K->400735K(532480K) [PSPermGen: 13648K->13648K(21504K)], 0.0716040 secs] [Times: user=0.51 sys=0.00, real=0.07 secs] 
285.837: Total time for which application threads were stopped: 0.0722920 seconds, Stopping threads took: 0.0000490 seconds
285.863: Application time: 0.0258160 seconds
285.864: [Full GC [PSYoungGen: 139264K->30937K(162304K)] [ParOldGen: 369818K->369818K(370176K)] 509082K->400755K(532480K) [PSPermGen: 13648K->13648K(21504K)], 0.0729070 secs] [Times: user=0.51 sys=0.00, real=0.08 secs] 
285.937: Total time for which application threads were stopped: 0.0735610 seconds, Stopping threads took: 0.0000550 seconds
285.963: Application time: 0.0259830 seconds
285.963: [Full GC [PSYoungGen: 139264K->30950K(162304K)] [ParOldGen: 369818K->369818K(370176K)] 509082K->400769K(532480K) [PSPermGen: 13648K->13648K(21504K)], 0.0720180 secs] [Times: user=0.50 sys=0.00, real=0.08 secs] 
286.035: Total time for which application threads were stopped: 0.0727100 seconds, Stopping threads took: 0.0000700 seconds
286.061: Application time: 0.0257160 seconds
286.062: [Full GC [PSYoungGen: 139264K->30966K(162304K)] [ParOldGen: 369818K->369818K(370176K)] 509082K->400784K(532480K) [PSPermGen: 13648K->13648K(21504K)], 0.0718530 secs] [Times: user=0.51 sys=0.00, real=0.08 secs] 
286.134: Total time for which application threads were stopped: 0.0725590 seconds, Stopping threads took: 0.0000590 seconds
286.159: Application time: 0.0259100 seconds
286.160: [Full GC [PSYoungGen: 139264K->30919K(162304K)] [ParOldGen: 369818K->369818K(370176K)] 509082K->400737K(532480K) [PSPermGen: 13648K->13648K(21504K)], 0.0716720 secs] [Times: user=0.51 sys=0.00, real=0.07 secs] 
286.232: Total time for which application threads were stopped: 0.0723600 seconds, Stopping threads took: 0.0000770 seconds
286.258: Application time: 0.0259770 seconds
286.258: [Full GC [PSYoungGen: 139264K->30867K(162304K)] [ParOldGen: 369818K->369818K(370176K)] 509082K->400685K(532480K) [PSPermGen: 13648K->13648K(21504K)], 0.0718910 secs] [Times: user=0.51 sys=0.00, real=0.07 secs] 
286.330: Total time for which application threads were stopped: 0.0725930 seconds, Stopping threads took: 0.0000760 seconds
286.356: Application time: 0.0261120 seconds
286.357: [Full GC [PSYoungGen: 139264K->30872K(162304K)] [ParOldGen: 369818K->369818K(370176K)] 509082K->400690K(532480K) [PSPermGen: 13648K->13648K(21504K)], 0.0717970 secs] [Times: user=0.51 sys=0.00, real=0.07 secs] 
286.429: Total time for which application threads were stopped: 0.0724760 seconds, Stopping threads took: 0.0000550 seconds
286.455: Application time: 0.0256860 seconds
286.455: [Full GC [PSYoungGen: 139264K->30888K(162304K)] [ParOldGen: 369818K->369818K(370176K)] 509082K->400706K(532480K) [PSPermGen: 13648K->13648K(21504K)], 0.0717350 secs] [Times: user=0.51 sys=0.00, real=0.07 secs] 
286.527: Total time for which application threads were stopped: 0.0724550 seconds, Stopping threads took: 0.0000920 seconds
286.553: Application time: 0.0258070 seconds
286.554: [Full GC [PSYoungGen: 139264K->30904K(162304K)] [ParOldGen: 369818K->369818K(370176K)] 509082K->400722K(532480K) [PSPermGen: 13648K->13648K(21504K)], 0.0716650 secs] [Times: user=0.51 sys=0.00, real=0.07 secs] 
286.625: Total time for which application threads were stopped: 0.0723510 seconds, Stopping threads took: 0.0000580 seconds
286.651: Application time: 0.0256580 seconds
286.652: [Full GC [PSYoungGen: 139264K->30920K(162304K)] [ParOldGen: 369818K->369818K(370176K)] 509082K->400739K(532480K) [PSPermGen: 13648K->13648K(21504K)], 0.0719200 secs] [Times: user=0.51 sys=0.00, real=0.07 secs] 
286.724: Total time for which application threads were stopped: 0.0725990 seconds, Stopping threads took: 0.0000860 seconds
286.750: Application time: 0.0261380 seconds
286.750: [Full GC [PSYoungGen: 139264K->30936K(162304K)] [ParOldGen: 369818K->369818K(370176K)] 509082K->400754K(532480K) [PSPermGen: 13648K->13648K(21504K)], 0.0721960 secs] [Times: user=0.51 sys=0.00, real=0.07 secs] 
286.823: Total time for which application threads were stopped: 0.0728950 seconds, Stopping threads took: 0.0000690 seconds
286.848: Application time: 0.0257990 seconds
286.849: [Full GC [PSYoungGen: 139264K->30950K(162304K)] [ParOldGen: 369818K->369818K(370176K)] 509082K->400769K(532480K) [PSPermGen: 13648K->13648K(21504K)], 0.0723380 secs] [Times: user=0.50 sys=0.00, real=0.07 secs] 
286.921: Total time for which application threads were stopped: 0.0730260 seconds, Stopping threads took: 0.0000630 seconds
286.948: Application time: 0.0264770 seconds
286.949: [Full GC [PSYoungGen: 139264K->30967K(162304K)] [ParOldGen: 369818K->369818K(370176K)] 509082K->400785K(532480K) [PSPermGen: 13648K->13648K(21504K)], 0.0717680 secs] [Times: user=0.49 sys=0.01, real=0.07 secs] 
287.020: Total time for which application threads were stopped: 0.0724860 seconds, Stopping threads took: 0.0000660 seconds
287.046: Application time: 0.0259410 seconds
287.047: [Full GC [PSYoungGen: 139264K->30984K(162304K)] [ParOldGen: 369818K->369818K(370176K)] 509082K->400803K(532480K) [PSPermGen: 13648K->13648K(21504K)], 0.0717740 secs] [Times: user=0.51 sys=0.00, real=0.07 secs] 
287.119: Total time for which application threads were stopped: 0.0724650 seconds, Stopping threads took: 0.0000580 seconds
287.145: Application time: 0.0260960 seconds
287.145: [Full GC [PSYoungGen: 139264K->30935K(162304K)] [ParOldGen: 369818K->369818K(370176K)] 509082K->400753K(532480K) [PSPermGen: 13648K->13648K(21504K)], 0.0717260 secs] [Times: user=0.51 sys=0.00, real=0.07 secs] 
287.217: Total time for which application threads were stopped: 0.0723830 seconds, Stopping threads took: 0.0000510 seconds
287.243: Application time: 0.0260940 seconds
287.244: [Full GC [PSYoungGen: 139264K->30887K(162304K)] [ParOldGen: 369818K->369818K(370176K)] 509082K->400705K(532480K) [PSPermGen: 13648K->13648K(21504K)], 0.0719990 secs] [Times: user=0.50 sys=0.00, real=0.08 secs] 
287.316: Total time for which application threads were stopped: 0.0727120 seconds, Stopping threads took: 0.0000660 seconds
287.342: Application time: 0.0262390 seconds
287.343: [Full GC [PSYoungGen: 139264K->30828K(162304K)] [ParOldGen: 369818K->369818K(370176K)] 509082K->400646K(532480K) [PSPermGen: 13648K->13648K(21504K)], 0.0718420 secs] [Times: user=0.50 sys=0.00, real=0.08 secs] 
287.415: Total time for which application threads were stopped: 0.0724900 seconds, Stopping threads took: 0.0000700 seconds
287.441: Application time: 0.0257940 seconds
287.441: [Full GC [PSYoungGen: 139264K->30829K(162304K)] [ParOldGen: 369818K->369818K(370176K)] 509082K->400648K(532480K) [PSPermGen: 13648K->13648K(21504K)], 0.0725610 secs] [Times: user=0.51 sys=0.01, real=0.08 secs] 
287.514: Total time for which application threads were stopped: 0.0733430 seconds, Stopping threads took: 0.0000550 seconds
287.540: Application time: 0.0257890 seconds
287.540: [Full GC [PSYoungGen: 139264K->30781K(162304K)] [ParOldGen: 369818K->369818K(370176K)] 509082K->400599K(532480K) [PSPermGen: 13648K->13648K(21504K)], 0.0718120 secs] [Times: user=0.51 sys=0.00, real=0.07 secs] 
287.612: Total time for which application threads were stopped: 0.0725250 seconds, Stopping threads took: 0.0000720 seconds
287.638: Application time: 0.0256070 seconds
287.639: [Full GC [PSYoungGen: 139264K->30794K(162304K)] [ParOldGen: 369818K->369818K(370176K)] 509082K->400612K(532480K) [PSPermGen: 13648K->13648K(21504K)], 0.0721190 secs] [Times: user=0.50 sys=0.00, real=0.07 secs] 
287.711: Total time for which application threads were stopped: 0.0728300 seconds, Stopping threads took: 0.0000770 seconds
287.736: Application time: 0.0255140 seconds
287.737: [Full GC [PSYoungGen: 139264K->30809K(162304K)] [ParOldGen: 369818K->369818K(370176K)] 509082K->400627K(532480K) [PSPermGen: 13648K->13648K(21504K)], 0.0714040 secs] [Times: user=0.50 sys=0.00, real=0.07 secs] 
287.808: Total time for which application threads were stopped: 0.0721290 seconds, Stopping threads took: 0.0000590 seconds
287.834: Application time: 0.0257120 seconds
287.835: [Full GC [PSYoungGen: 139264K->30823K(162304K)] [ParOldGen: 369818K->369818K(370176K)] 509082K->400641K(532480K) [PSPermGen: 13648K->13648K(21504K)], 0.0717640 secs] [Times: user=0.50 sys=0.00, real=0.07 secs] 
287.907: Total time for which application threads were stopped: 0.0724130 seconds, Stopping threads took: 0.0000550 seconds
287.932: Application time: 0.0256140 seconds
287.933: [Full GC [PSYoungGen: 139264K->30841K(162304K)] [ParOldGen: 369818K->369818K(370176K)] 509082K->400659K(532480K) [PSPermGen: 13648K->13648K(21504K)], 0.0721670 secs] [Times: user=0.50 sys=0.00, real=0.07 secs] 
288.005: Total time for which application threads were stopped: 0.0728660 seconds, Stopping threads took: 0.0000570 seconds
288.030: Application time: 0.0254970 seconds
288.031: [Full GC [PSYoungGen: 139264K->30856K(162304K)] [ParOldGen: 369818K->369818K(370176K)] 509082K->400675K(532480K) [PSPermGen: 13648K->13648K(21504K)], 0.0726150 secs] [Times: user=0.51 sys=0.00, real=0.07 secs] 
288.104: Total time for which application threads were stopped: 0.0732250 seconds, Stopping threads took: 0.0000580 seconds
288.130: Application time: 0.0260740 seconds
288.130: [Full GC [PSYoungGen: 139264K->30815K(162304K)] [ParOldGen: 369818K->369818K(370176K)] 509082K->400634K(532480K) [PSPermGen: 13648K->13648K(21504K)], 0.0718860 secs] [Times: user=0.50 sys=0.00, real=0.07 secs] 
288.202: Total time for which application threads were stopped: 0.0725930 seconds, Stopping threads took: 0.0000730 seconds
288.228: Application time: 0.0257660 seconds
288.229: [Full GC [PSYoungGen: 139264K->30816K(162304K)] [ParOldGen: 369818K->369818K(370176K)] 509082K->400635K(532480K) [PSPermGen: 13648K->13648K(21504K)], 0.0717060 secs] [Times: user=0.50 sys=0.00, real=0.07 secs] 
288.301: Total time for which application threads were stopped: 0.0723520 seconds, Stopping threads took: 0.0000670 seconds
288.326: Application time: 0.0256370 seconds
288.327: [Full GC [PSYoungGen: 139264K->30831K(162304K)] [ParOldGen: 369818K->369818K(370176K)] 509082K->400649K(532480K) [PSPermGen: 13648K->13648K(21504K)], 0.0715090 secs] [Times: user=0.50 sys=0.00, real=0.07 secs] 
288.398: Total time for which application threads were stopped: 0.0721530 seconds, Stopping threads took: 0.0000740 seconds
288.424: Application time: 0.0258450 seconds
288.425: [Full GC [PSYoungGen: 139264K->30846K(162304K)] [ParOldGen: 369818K->369818K(370176K)] 509082K->400664K(532480K) [PSPermGen: 13648K->13648K(21504K)], 0.0720880 secs] [Times: user=0.51 sys=0.00, real=0.07 secs] 
288.497: Total time for which application threads were stopped: 0.0727920 seconds, Stopping threads took: 0.0000530 seconds
288.523: Application time: 0.0256700 seconds
288.523: [Full GC [PSYoungGen: 139264K->30861K(162304K)] [ParOldGen: 369818K->369818K(370176K)] 509082K->400679K(532480K) [PSPermGen: 13648K->13648K(21504K)], 0.0716030 secs] [Times: user=0.50 sys=0.00, real=0.08 secs] 
288.595: Total time for which application threads were stopped: 0.0723050 seconds, Stopping threads took: 0.0000660 seconds
288.621: Application time: 0.0256470 seconds
288.621: [Full GC [PSYoungGen: 139264K->30876K(162304K)] [ParOldGen: 369818K->369818K(370176K)] 509082K->400694K(532480K) [PSPermGen: 13648K->13648K(21504K)], 0.0729610 secs] [Times: user=0.51 sys=0.00, real=0.08 secs] 
288.694: Total time for which application threads were stopped: 0.0737160 seconds, Stopping threads took: 0.0001310 seconds
288.720: Application time: 0.0259850 seconds
288.721: [Full GC [PSYoungGen: 139264K->30892K(162304K)] [ParOldGen: 369818K->369818K(370176K)] 509082K->400710K(532480K) [PSPermGen: 13648K->13648K(21504K)], 0.0716320 secs] [Times: user=0.51 sys=0.00, real=0.08 secs] 
288.793: Total time for which application threads were stopped: 0.0722800 seconds, Stopping threads took: 0.0000840 seconds
288.819: Application time: 0.0259820 seconds
288.819: [Full GC [PSYoungGen: 139264K->30908K(162304K)] [ParOldGen: 369818K->369818K(370176K)] 509082K->400726K(532480K) [PSPermGen: 13648K->13648K(21504K)], 0.0719890 secs] [Times: user=0.50 sys=0.00, real=0.07 secs] 
288.891: Total time for which application threads were stopped: 0.0727120 seconds, Stopping threads took: 0.0000820 seconds
288.917: Application time: 0.0259490 seconds
288.918: [Full GC [PSYoungGen: 139264K->30924K(162304K)] [ParOldGen: 369818K->369818K(370176K)] 509082K->400742K(532480K) [PSPermGen: 13648K->13648K(21504K)], 0.0724420 secs] [Times: user=0.51 sys=0.00, real=0.07 secs] 
288.990: Total time for which application threads were stopped: 0.0731450 seconds, Stopping threads took: 0.0000640 seconds
289.016: Application time: 0.0258890 seconds
289.017: [Full GC [PSYoungGen: 139264K->30938K(162304K)] [ParOldGen: 369818K->369818K(370176K)] 509082K->400756K(532480K) [PSPermGen: 13648K->13648K(21504K)], 0.0718280 secs] [Times: user=0.51 sys=0.00, real=0.07 secs] 
289.089: Total time for which application threads were stopped: 0.0725230 seconds, Stopping threads took: 0.0000970 seconds
289.114: Application time: 0.0254990 seconds
289.115: [Full GC [PSYoungGen: 139264K->30955K(162304K)] [ParOldGen: 369818K->369818K(370176K)] 509082K->400773K(532480K) [PSPermGen: 13648K->13648K(21504K)], 0.0722110 secs] [Times: user=0.51 sys=0.00, real=0.07 secs] 
289.187: Total time for which application threads were stopped: 0.0729380 seconds, Stopping threads took: 0.0000860 seconds
289.213: Application time: 0.0258650 seconds
289.214: [Full GC [PSYoungGen: 139264K->30918K(162304K)] [ParOldGen: 369818K->369818K(370176K)] 509082K->400736K(532480K) [PSPermGen: 13648K->13648K(21504K)], 0.0719030 secs] [Times: user=0.51 sys=0.00, real=0.07 secs] 
289.286: Total time for which application threads were stopped: 0.0726020 seconds, Stopping threads took: 0.0000650 seconds
289.312: Application time: 0.0258640 seconds
289.312: [Full GC [PSYoungGen: 139264K->30916K(162304K)] [ParOldGen: 369818K->369818K(370176K)] 509082K->400735K(532480K) [PSPermGen: 13648K->13648K(21504K)], 0.0721390 secs] [Times: user=0.50 sys=0.00, real=0.08 secs] 
289.384: Total time for which application threads were stopped: 0.0728220 seconds, Stopping threads took: 0.0000880 seconds
289.410: Application time: 0.0258200 seconds
289.411: [Full GC [PSYoungGen: 139264K->30931K(162304K)] [ParOldGen: 369818K->369818K(370176K)] 509082K->400750K(532480K) [PSPermGen: 13648K->13648K(21504K)], 0.0718810 secs] [Times: user=0.50 sys=0.00, real=0.07 secs] 
289.483: Total time for which application threads were stopped: 0.0725910 seconds, Stopping threads took: 0.0000700 seconds
289.508: Application time: 0.0255480 seconds
289.509: [Full GC [PSYoungGen: 139264K->30947K(162304K)] [ParOldGen: 369818K->369818K(370176K)] 509082K->400766K(532480K) [PSPermGen: 13648K->13648K(21504K)], 0.0715790 secs] [Times: user=0.50 sys=0.00, real=0.07 secs] 
289.581: Total time for which application threads were stopped: 0.0722840 seconds, Stopping threads took: 0.0000750 seconds
289.606: Application time: 0.0253720 seconds
289.607: [Full GC [PSYoungGen: 139264K->30962K(162304K)] [ParOldGen: 369818K->369818K(370176K)] 509082K->400781K(532480K) [PSPermGen: 13648K->13648K(21504K)], 0.0719280 secs] [Times: user=0.50 sys=0.00, real=0.07 secs] 
289.679: Total time for which application threads were stopped: 0.0726380 seconds, Stopping threads took: 0.0000580 seconds
289.705: Application time: 0.0260110 seconds
289.705: [Full GC [PSYoungGen: 139264K->30919K(162304K)] [ParOldGen: 369818K->369818K(370176K)] 509082K->400738K(532480K) [PSPermGen: 13648K->13648K(21504K)], 0.0737490 secs] [Times: user=0.52 sys=0.00, real=0.07 secs] 
289.779: Total time for which application threads were stopped: 0.0744530 seconds, Stopping threads took: 0.0000520 seconds
289.805: Application time: 0.0256920 seconds
289.805: [Full GC [PSYoungGen: 139264K->30922K(162304K)] [ParOldGen: 369818K->369818K(370176K)] 509082K->400741K(532480K) [PSPermGen: 13648K->13648K(21504K)], 0.0714770 secs] [Times: user=0.50 sys=0.00, real=0.07 secs] 
289.877: Total time for which application threads were stopped: 0.0721860 seconds, Stopping threads took: 0.0000750 seconds
289.903: Application time: 0.0256270 seconds
289.903: [Full GC [PSYoungGen: 139264K->30938K(162304K)] [ParOldGen: 369818K->369818K(370176K)] 509082K->400756K(532480K) [PSPermGen: 13648K->13648K(21504K)], 0.0725030 secs] [Times: user=0.51 sys=0.00, real=0.08 secs] 
289.976: Total time for which application threads were stopped: 0.0731210 seconds, Stopping threads took: 0.0000530 seconds
290.002: Application time: 0.0257620 seconds
290.002: [Full GC [PSYoungGen: 139264K->30954K(162304K)] [ParOldGen: 369818K->369818K(370176K)] 509082K->400772K(532480K) [PSPermGen: 13648K->13648K(21504K)], 0.0716490 secs] [Times: user=0.50 sys=0.00, real=0.08 secs] 
290.074: Total time for which application threads were stopped: 0.0723560 seconds, Stopping threads took: 0.0000730 seconds
290.100: Application time: 0.0259550 seconds
290.101: [Full GC [PSYoungGen: 139264K->30917K(162304K)] [ParOldGen: 369818K->369818K(370176K)] 509082K->400735K(532480K) [PSPermGen: 13648K->13648K(21504K)], 0.0720540 secs] [Times: user=0.50 sys=0.00, real=0.08 secs] 
290.173: Total time for which application threads were stopped: 0.0727860 seconds, Stopping threads took: 0.0000840 seconds
290.198: Application time: 0.0258080 seconds
290.199: [Full GC [PSYoungGen: 139264K->30915K(162304K)] [ParOldGen: 369818K->369818K(370176K)] 509082K->400734K(532480K) [PSPermGen: 13648K->13648K(21504K)], 0.0730540 secs] [Times: user=0.51 sys=0.00, real=0.07 secs] 
290.272: Total time for which application threads were stopped: 0.0737120 seconds, Stopping threads took: 0.0000640 seconds
290.298: Application time: 0.0257350 seconds
290.299: [Full GC [PSYoungGen: 139264K->30926K(162304K)] [ParOldGen: 369818K->369818K(370176K)] 509082K->400744K(532480K) [PSPermGen: 13648K->13648K(21504K)], 0.0725140 secs] [Times: user=0.50 sys=0.00, real=0.07 secs] 
290.371: Total time for which application threads were stopped: 0.0731750 seconds, Stopping threads took: 0.0000870 seconds
290.397: Application time: 0.0256420 seconds
290.397: [Full GC [PSYoungGen: 139264K->30946K(162304K)] [ParOldGen: 369818K->369818K(370176K)] 509082K->400765K(532480K) [PSPermGen: 13648K->13648K(21504K)], 0.0720510 secs] [Times: user=0.51 sys=0.00, real=0.07 secs] 
290.470: Total time for which application threads were stopped: 0.0727580 seconds, Stopping threads took: 0.0000750 seconds
290.495: Application time: 0.0258480 seconds
290.496: [Full GC [PSYoungGen: 139264K->30962K(162304K)] [ParOldGen: 369818K->369818K(370176K)] 509082K->400780K(532480K) [PSPermGen: 13648K->13648K(21504K)], 0.0732700 secs] [Times: user=0.52 sys=0.00, real=0.07 secs] 
290.569: Total time for which application threads were stopped: 0.0739490 seconds, Stopping threads took: 0.0000580 seconds
290.595: Application time: 0.0256870 seconds
290.596: [Full GC [PSYoungGen: 139264K->30976K(162304K)] [ParOldGen: 369818K->369818K(370176K)] 509082K->400795K(532480K) [PSPermGen: 13648K->13648K(21504K)], 0.0716100 secs] [Times: user=0.50 sys=0.00, real=0.07 secs] 
290.667: Total time for which application threads were stopped: 0.0722480 seconds, Stopping threads took: 0.0000580 seconds
290.693: Application time: 0.0259630 seconds
290.694: [Full GC [PSYoungGen: 139264K->30993K(162304K)] [ParOldGen: 369818K->369818K(370176K)] 509082K->400812K(532480K) [PSPermGen: 13648K->13648K(21504K)], 0.0718670 secs] [Times: user=0.51 sys=0.00, real=0.07 secs] 
290.766: Total time for which application threads were stopped: 0.0725750 seconds, Stopping threads took: 0.0000750 seconds
290.792: Application time: 0.0260710 seconds
290.792: [Full GC [PSYoungGen: 139264K->30950K(162304K)] [ParOldGen: 369818K->369818K(370176K)] 509082K->400768K(532480K) [PSPermGen: 13648K->13648K(21504K)], 0.0718380 secs] [Times: user=0.50 sys=0.01, real=0.07 secs] 
290.864: Total time for which application threads were stopped: 0.0725080 seconds, Stopping threads took: 0.0000640 seconds
290.891: Application time: 0.0262530 seconds
290.893: [Full GC [PSYoungGen: 139264K->30842K(162304K)] [ParOldGen: 369818K->369818K(370176K)] 509082K->400660K(532480K) [PSPermGen: 13648K->13648K(21504K)], 0.0731500 secs] [Times: user=0.51 sys=0.00, real=0.07 secs] 
290.966: Total time for which application threads were stopped: 0.0754920 seconds, Stopping threads took: 0.0017700 seconds
290.992: Application time: 0.0261700 seconds
290.993: [Full GC [PSYoungGen: 139264K->30773K(162304K)] [ParOldGen: 369818K->369818K(370176K)] 509082K->400591K(532480K) [PSPermGen: 13648K->13648K(21504K)], 0.0720800 secs] [Times: user=0.51 sys=0.00, real=0.07 secs] 
291.065: Total time for which application threads were stopped: 0.0727660 seconds, Stopping threads took: 0.0000650 seconds
291.091: Application time: 0.0258060 seconds
291.092: [Full GC [PSYoungGen: 139264K->30771K(162304K)] [ParOldGen: 369818K->369818K(370176K)] 509082K->400589K(532480K) [PSPermGen: 13648K->13648K(21504K)], 0.0714930 secs] [Times: user=0.51 sys=0.00, real=0.07 secs] 
291.163: Total time for which application threads were stopped: 0.0722120 seconds, Stopping threads took: 0.0000860 seconds
291.189: Application time: 0.0260310 seconds
291.190: [Full GC [PSYoungGen: 139264K->30789K(162304K)] [ParOldGen: 369818K->369818K(370176K)] 509082K->400607K(532480K) [PSPermGen: 13648K->13648K(21504K)], 0.0723080 secs] [Times: user=0.51 sys=0.00, real=0.07 secs] 
291.262: Total time for which application threads were stopped: 0.0730210 seconds, Stopping threads took: 0.0000760 seconds
291.288: Application time: 0.0257710 seconds
291.289: [Full GC [PSYoungGen: 139264K->30805K(162304K)] [ParOldGen: 369818K->369818K(370176K)] 509082K->400623K(532480K) [PSPermGen: 13648K->13648K(21504K)], 0.0719720 secs] [Times: user=0.50 sys=0.00, real=0.07 secs] 
291.361: Total time for which application threads were stopped: 0.0726860 seconds, Stopping threads took: 0.0000650 seconds
291.386: Application time: 0.0257910 seconds
291.387: [Full GC [PSYoungGen: 139264K->30819K(162304K)] [ParOldGen: 369818K->369818K(370176K)] 509082K->400638K(532480K) [PSPermGen: 13648K->13648K(21504K)], 0.0718300 secs] [Times: user=0.51 sys=0.00, real=0.07 secs] 
291.459: Total time for which application threads were stopped: 0.0724760 seconds, Stopping threads took: 0.0000600 seconds
291.485: Application time: 0.0259190 seconds
291.485: [Full GC [PSYoungGen: 139264K->30835K(162304K)] [ParOldGen: 369818K->369818K(370176K)] 509082K->400653K(532480K) [PSPermGen: 13648K->13648K(21504K)], 0.0720430 secs] [Times: user=0.51 sys=0.00, real=0.07 secs] 
291.558: Total time for which application threads were stopped: 0.0727350 seconds, Stopping threads took: 0.0000530 seconds
291.583: Application time: 0.0259230 seconds
291.584: [Full GC [PSYoungGen: 139264K->30791K(162304K)] [ParOldGen: 369818K->369818K(370176K)] 509082K->400609K(532480K) [PSPermGen: 13648K->13648K(21504K)], 0.0713880 secs] [Times: user=0.50 sys=0.00, real=0.08 secs] 
291.656: Total time for which application threads were stopped: 0.0720680 seconds, Stopping threads took: 0.0000580 seconds
291.681: Application time: 0.0259220 seconds
291.682: [Full GC [PSYoungGen: 139264K->30796K(162304K)] [ParOldGen: 369818K->369818K(370176K)] 509082K->400615K(532480K) [PSPermGen: 13648K->13648K(21504K)], 0.0718870 secs] [Times: user=0.51 sys=0.00, real=0.08 secs] 
291.754: Total time for which application threads were stopped: 0.0725770 seconds, Stopping threads took: 0.0000570 seconds
291.780: Application time: 0.0260030 seconds
291.781: [Full GC [PSYoungGen: 139264K->30811K(162304K)] [ParOldGen: 369818K->369818K(370176K)] 509082K->400629K(532480K) [PSPermGen: 13648K->13648K(21504K)], 0.0720120 secs] [Times: user=0.51 sys=0.00, real=0.08 secs] 
291.853: Total time for which application threads were stopped: 0.0726580 seconds, Stopping threads took: 0.0000640 seconds
291.879: Application time: 0.0260100 seconds
291.879: [Full GC [PSYoungGen: 139264K->30828K(162304K)] [ParOldGen: 369818K->369818K(370176K)] 509082K->400646K(532480K) [PSPermGen: 13648K->13648K(21504K)], 0.0720760 secs] [Times: user=0.50 sys=0.00, real=0.07 secs] 
291.951: Total time for which application threads were stopped: 0.0727270 seconds, Stopping threads took: 0.0000750 seconds
291.978: Application time: 0.0260860 seconds
291.978: [Full GC [PSYoungGen: 139264K->30843K(162304K)] [ParOldGen: 369818K->369818K(370176K)] 509082K->400662K(532480K) [PSPermGen: 13648K->13648K(21504K)], 0.0714700 secs] [Times: user=0.50 sys=0.00, real=0.07 secs] 
292.050: Total time for which application threads were stopped: 0.0722030 seconds, Stopping threads took: 0.0000850 seconds
292.076: Application time: 0.0260480 seconds
292.076: [Full GC [PSYoungGen: 139264K->30858K(162304K)] [ParOldGen: 369818K->369818K(370176K)] 509082K->400676K(532480K) [PSPermGen: 13648K->13648K(21504K)], 0.0718600 secs] [Times: user=0.51 sys=0.00, real=0.07 secs] 
292.148: Total time for which application threads were stopped: 0.0725130 seconds, Stopping threads took: 0.0000580 seconds
292.174: Application time: 0.0258100 seconds
292.175: [Full GC [PSYoungGen: 139264K->30873K(162304K)] [ParOldGen: 369818K->369818K(370176K)] 509082K->400691K(532480K) [PSPermGen: 13648K->13648K(21504K)], 0.0721270 secs] [Times: user=0.51 sys=0.00, real=0.07 secs] 
292.247: Total time for which application threads were stopped: 0.0728590 seconds, Stopping threads took: 0.0000730 seconds
292.273: Application time: 0.0257190 seconds
292.273: [Full GC [PSYoungGen: 139264K->30889K(162304K)] [ParOldGen: 369818K->369818K(370176K)] 509082K->400707K(532480K) [PSPermGen: 13648K->13648K(21504K)], 0.0715540 secs] [Times: user=0.50 sys=0.00, real=0.07 secs] 
292.345: Total time for which application threads were stopped: 0.0722620 seconds, Stopping threads took: 0.0000750 seconds
292.371: Application time: 0.0261040 seconds
292.372: [Full GC [PSYoungGen: 139264K->30903K(162304K)] [ParOldGen: 369818K->369818K(370176K)] 509082K->400722K(532480K) [PSPermGen: 13648K->13648K(21504K)], 0.0715340 secs] [Times: user=0.50 sys=0.00, real=0.07 secs] 
292.443: Total time for which application threads were stopped: 0.0722400 seconds, Stopping threads took: 0.0000720 seconds
292.469: Application time: 0.0255490 seconds
292.470: [Full GC [PSYoungGen: 139264K->30918K(162304K)] [ParOldGen: 369818K->369818K(370176K)] 509082K->400736K(532480K) [PSPermGen: 13648K->13648K(21504K)], 0.0721340 secs] [Times: user=0.50 sys=0.00, real=0.07 secs] 
292.543: Total time for which application threads were stopped: 0.0743670 seconds, Stopping threads took: 0.0000710 seconds
292.569: Application time: 0.0259580 seconds
292.570: [Full GC [PSYoungGen: 139264K->30878K(162304K)] [ParOldGen: 369818K->369818K(370176K)] 509082K->400696K(532480K) [PSPermGen: 13648K->13648K(21504K)], 0.0721240 secs] [Times: user=0.51 sys=0.00, real=0.07 secs] 
292.642: Total time for which application threads were stopped: 0.0729030 seconds, Stopping threads took: 0.0001100 seconds
292.668: Application time: 0.0258930 seconds
292.669: [Full GC [PSYoungGen: 139264K->30880K(162304K)] [ParOldGen: 369818K->369818K(370176K)] 509082K->400699K(532480K) [PSPermGen: 13648K->13648K(21504K)], 0.0717800 secs] [Times: user=0.51 sys=0.00, real=0.07 secs] 
292.741: Total time for which application threads were stopped: 0.0725070 seconds, Stopping threads took: 0.0000940 seconds
292.766: Application time: 0.0258070 seconds
292.767: [Full GC [PSYoungGen: 139264K->30895K(162304K)] [ParOldGen: 369818K->369818K(370176K)] 509082K->400714K(532480K) [PSPermGen: 13648K->13648K(21504K)], 0.0719140 secs] [Times: user=0.51 sys=0.00, real=0.07 secs] 
292.839: Total time for which application threads were stopped: 0.0725580 seconds, Stopping threads took: 0.0000680 seconds
292.865: Application time: 0.0256150 seconds
292.865: [Full GC [PSYoungGen: 139264K->30912K(162304K)] [ParOldGen: 369818K->369818K(370176K)] 509082K->400730K(532480K) [PSPermGen: 13648K->13648K(21504K)], 0.0722140 secs] [Times: user=0.51 sys=0.00, real=0.07 secs] 
292.937: Total time for which application threads were stopped: 0.0729360 seconds, Stopping threads took: 0.0000770 seconds
292.964: Application time: 0.0265020 seconds
292.965: [Full GC [PSYoungGen: 139264K->30927K(162304K)] [ParOldGen: 369818K->369818K(370176K)] 509082K->400746K(532480K) [PSPermGen: 13648K->13648K(21504K)], 0.0723400 secs] [Times: user=0.51 sys=0.00, real=0.07 secs] 
293.037: Total time for which application threads were stopped: 0.0730050 seconds, Stopping threads took: 0.0000410 seconds
293.063: Application time: 0.0256480 seconds
293.063: [Full GC [PSYoungGen: 139264K->30944K(162304K)] [ParOldGen: 369818K->369818K(370176K)] 509082K->400762K(532480K) [PSPermGen: 13648K->13648K(21504K)], 0.0721940 secs] [Times: user=0.50 sys=0.00, real=0.08 secs] 
293.136: Total time for which application threads were stopped: 0.0728940 seconds, Stopping threads took: 0.0000750 seconds
293.162: Application time: 0.0260080 seconds
293.162: [Full GC [PSYoungGen: 139264K->30901K(162304K)] [ParOldGen: 369818K->369818K(370176K)] 509082K->400719K(532480K) [PSPermGen: 13648K->13648K(21504K)], 0.0726130 secs] [Times: user=0.51 sys=0.00, real=0.08 secs] 
293.235: Total time for which application threads were stopped: 0.0733650 seconds, Stopping threads took: 0.0000870 seconds
293.261: Application time: 0.0258990 seconds
293.261: [Full GC [PSYoungGen: 139264K->30900K(162304K)] [ParOldGen: 369818K->369818K(370176K)] 509082K->400718K(532480K) [PSPermGen: 13648K->13648K(21504K)], 0.0719850 secs] [Times: user=0.50 sys=0.00, real=0.08 secs] 
293.334: Total time for which application threads were stopped: 0.0726930 seconds, Stopping threads took: 0.0000730 seconds
293.359: Application time: 0.0257160 seconds
293.360: [Full GC [PSYoungGen: 139264K->30920K(162304K)] [ParOldGen: 369818K->369818K(370176K)] 509082K->400738K(532480K) [PSPermGen: 13648K->13648K(21504K)], 0.0721970 secs] [Times: user=0.51 sys=0.00, real=0.07 secs] 
293.432: Total time for which application threads were stopped: 0.0728900 seconds, Stopping threads took: 0.0000670 seconds
293.458: Application time: 0.0255820 seconds
293.458: [Full GC [PSYoungGen: 139264K->30934K(162304K)] [ParOldGen: 369818K->369818K(370176K)] 509082K->400752K(532480K) [PSPermGen: 13648K->13648K(21504K)], 0.0717940 secs] [Times: user=0.50 sys=0.00, real=0.07 secs] 
293.530: Total time for which application threads were stopped: 0.0725030 seconds, Stopping threads took: 0.0000820 seconds
293.556: Application time: 0.0257950 seconds
293.557: [Full GC [PSYoungGen: 139264K->30950K(162304K)] [ParOldGen: 369818K->369818K(370176K)] 509082K->400768K(532480K) [PSPermGen: 13648K->13648K(21504K)], 0.0726320 secs] [Times: user=0.50 sys=0.00, real=0.07 secs] 
293.629: Total time for which application threads were stopped: 0.0732500 seconds, Stopping threads took: 0.0000560 seconds
293.656: Application time: 0.0262910 seconds
293.656: [Full GC [PSYoungGen: 139264K->30909K(162304K)] [ParOldGen: 369818K->369818K(370176K)] 509082K->400727K(532480K) [PSPermGen: 13648K->13648K(21504K)], 0.0720760 secs] [Times: user=0.51 sys=0.00, real=0.07 secs] 
293.728: Total time for which application threads were stopped: 0.0727170 seconds, Stopping threads took: 0.0000700 seconds
293.754: Application time: 0.0257040 seconds
293.755: [Full GC [PSYoungGen: 139264K->30907K(162304K)] [ParOldGen: 369818K->369818K(370176K)] 509082K->400725K(532480K) [PSPermGen: 13648K->13648K(21504K)], 0.0722030 secs] [Times: user=0.50 sys=0.01, real=0.07 secs] 
293.827: Total time for which application threads were stopped: 0.0729150 seconds, Stopping threads took: 0.0000940 seconds
293.853: Application time: 0.0259250 seconds
293.853: [Full GC [PSYoungGen: 139264K->30925K(162304K)] [ParOldGen: 369818K->369818K(370176K)] 509082K->400744K(532480K) [PSPermGen: 13648K->13648K(21504K)], 0.0722950 secs] [Times: user=0.50 sys=0.00, real=0.07 secs] 
293.926: Total time for which application threads were stopped: 0.0730120 seconds, Stopping threads took: 0.0000720 seconds
293.953: Application time: 0.0269230 seconds
293.953: [Full GC [PSYoungGen: 139264K->30938K(162304K)] [ParOldGen: 369818K->369818K(370176K)] 509082K->400756K(532480K) [PSPermGen: 13648K->13648K(21504K)], 0.0725920 secs] [Times: user=0.51 sys=0.00, real=0.07 secs] 
294.026: Total time for which application threads were stopped: 0.0732950 seconds, Stopping threads took: 0.0000700 seconds
294.052: Application time: 0.0259720 seconds
294.053: [Full GC [PSYoungGen: 139264K->30959K(162304K)] [ParOldGen: 369818K->369818K(370176K)] 509082K->400777K(532480K) [PSPermGen: 13648K->13648K(21504K)], 0.0720490 secs] [Times: user=0.50 sys=0.00, real=0.07 secs] 
294.125: Total time for which application threads were stopped: 0.0727070 seconds, Stopping threads took: 0.0000730 seconds
294.151: Application time: 0.0258960 seconds
294.151: [Full GC [PSYoungGen: 139264K->30975K(162304K)] [ParOldGen: 369818K->369818K(370176K)] 509082K->400793K(532480K) [PSPermGen: 13648K->13648K(21504K)], 0.0715260 secs] [Times: user=0.50 sys=0.00, real=0.07 secs] 
294.223: Total time for which application threads were stopped: 0.0722200 seconds, Stopping threads took: 0.0000650 seconds
294.249: Application time: 0.0256690 seconds
294.249: [Full GC [PSYoungGen: 139264K->30988K(162304K)] [ParOldGen: 369818K->369818K(370176K)] 509082K->400806K(532480K) [PSPermGen: 13648K->13648K(21504K)], 0.0713790 secs] [Times: user=0.50 sys=0.00, real=0.07 secs] 
294.321: Total time for which application threads were stopped: 0.0720680 seconds, Stopping threads took: 0.0000580 seconds
294.346: Application time: 0.0256570 seconds
294.347: [Full GC [PSYoungGen: 139264K->30929K(162304K)] [ParOldGen: 369818K->369818K(370176K)] 509082K->400747K(532480K) [PSPermGen: 13648K->13648K(21504K)], 0.0722260 secs] [Times: user=0.51 sys=0.00, real=0.07 secs] 
294.419: Total time for which application threads were stopped: 0.0729430 seconds, Stopping threads took: 0.0000600 seconds
294.445: Application time: 0.0258870 seconds
294.446: [Full GC [PSYoungGen: 139264K->30947K(162304K)] [ParOldGen: 369818K->369818K(370176K)] 509082K->400766K(532480K) [PSPermGen: 13648K->13648K(21504K)], 0.0718520 secs] [Times: user=0.50 sys=0.00, real=0.07 secs] 
294.518: Total time for which application threads were stopped: 0.0725500 seconds, Stopping threads took: 0.0000750 seconds
294.544: Application time: 0.0262960 seconds
294.545: [Full GC [PSYoungGen: 139264K->30783K(162304K)] [ParOldGen: 369818K->369818K(370176K)] 509082K->400601K(532480K) [PSPermGen: 13648K->13648K(21504K)], 0.0719540 secs] [Times: user=0.51 sys=0.00, real=0.07 secs] 
294.617: Total time for which application threads were stopped: 0.0726530 seconds, Stopping threads took: 0.0000740 seconds
294.642: Application time: 0.0256310 seconds
294.643: [Full GC [PSYoungGen: 139264K->30765K(162304K)] [ParOldGen: 369818K->369818K(370176K)] 509082K->400583K(532480K) [PSPermGen: 13648K->13648K(21504K)], 0.0718910 secs] [Times: user=0.51 sys=0.00, real=0.08 secs] 
294.715: Total time for which application threads were stopped: 0.0725390 seconds, Stopping threads took: 0.0000750 seconds
294.740: Application time: 0.0257110 seconds
294.741: [Full GC [PSYoungGen: 139264K->30786K(162304K)] [ParOldGen: 369818K->369818K(370176K)] 509082K->400604K(532480K) [PSPermGen: 13648K->13648K(21504K)], 0.0725000 secs] [Times: user=0.51 sys=0.00, real=0.08 secs] 
294.814: Total time for which application threads were stopped: 0.0731440 seconds, Stopping threads took: 0.0000800 seconds
294.839: Application time: 0.0257600 seconds
294.840: [Full GC [PSYoungGen: 139264K->30800K(162304K)] [ParOldGen: 369818K->369818K(370176K)] 509082K->400618K(532480K) [PSPermGen: 13648K->13648K(21504K)], 0.0720020 secs] [Times: user=0.51 sys=0.00, real=0.07 secs] 
294.912: Total time for which application threads were stopped: 0.0727000 seconds, Stopping threads took: 0.0000640 seconds
294.938: Application time: 0.0256460 seconds
294.938: [Full GC [PSYoungGen: 139264K->30814K(162304K)] [ParOldGen: 369818K->369818K(370176K)] 509082K->400633K(532480K) [PSPermGen: 13648K->13648K(21504K)], 0.0718320 secs] [Times: user=0.50 sys=0.00, real=0.07 secs] 
295.010: Total time for which application threads were stopped: 0.0725560 seconds, Stopping threads took: 0.0000730 seconds
295.036: Application time: 0.0255090 seconds
295.036: [Full GC [PSYoungGen: 139264K->30831K(162304K)] [ParOldGen: 369818K->369818K(370176K)] 509082K->400649K(532480K) [PSPermGen: 13648K->13648K(21504K)], 0.0713910 secs] [Times: user=0.51 sys=0.00, real=0.07 secs] 
295.108: Total time for which application threads were stopped: 0.0720940 seconds, Stopping threads took: 0.0000740 seconds
295.134: Application time: 0.0256380 seconds
295.134: [Full GC [PSYoungGen: 139264K->30787K(162304K)] [ParOldGen: 369818K->369818K(370176K)] 509082K->400605K(532480K) [PSPermGen: 13648K->13648K(21504K)], 0.0718240 secs] [Times: user=0.51 sys=0.00, real=0.07 secs] 
295.206: Total time for which application threads were stopped: 0.0724800 seconds, Stopping threads took: 0.0000480 seconds
295.232: Application time: 0.0258440 seconds
295.233: [Full GC [PSYoungGen: 139264K->30793K(162304K)] [ParOldGen: 369818K->369818K(370176K)] 509082K->400612K(532480K) [PSPermGen: 13648K->13648K(21504K)], 0.0719380 secs] [Times: user=0.50 sys=0.00, real=0.07 secs] 
295.305: Total time for which application threads were stopped: 0.0726780 seconds, Stopping threads took: 0.0000800 seconds
295.330: Application time: 0.0256460 seconds
295.331: [Full GC [PSYoungGen: 139264K->30805K(162304K)] [ParOldGen: 369818K->369818K(370176K)] 509082K->400624K(532480K) [PSPermGen: 13648K->13648K(21504K)], 0.0715590 secs] [Times: user=0.50 sys=0.00, real=0.07 secs] 
295.402: Total time for which application threads were stopped: 0.0722530 seconds, Stopping threads took: 0.0000490 seconds
295.428: Application time: 0.0255460 seconds
295.429: [Full GC [PSYoungGen: 139264K->30823K(162304K)] [ParOldGen: 369818K->369818K(370176K)] 509082K->400641K(532480K) [PSPermGen: 13648K->13648K(21504K)], 0.0723980 secs] [Times: user=0.52 sys=0.00, real=0.07 secs] 
295.501: Total time for which application threads were stopped: 0.0730300 seconds, Stopping threads took: 0.0000560 seconds
295.527: Application time: 0.0259240 seconds
295.528: [Full GC [PSYoungGen: 139264K->30839K(162304K)] [ParOldGen: 369818K->369818K(370176K)] 509082K->400657K(532480K) [PSPermGen: 13648K->13648K(21504K)], 0.0718430 secs] [Times: user=0.51 sys=0.00, real=0.07 secs] 
295.600: Total time for which application threads were stopped: 0.0725490 seconds, Stopping threads took: 0.0000460 seconds
295.625: Application time: 0.0259290 seconds
295.626: [Full GC [PSYoungGen: 139264K->30853K(162304K)] [ParOldGen: 369818K->369818K(370176K)] 509082K->400671K(532480K) [PSPermGen: 13648K->13648K(21504K)], 0.0722600 secs] [Times: user=0.51 sys=0.00, real=0.07 secs] 
295.698: Total time for which application threads were stopped: 0.0729680 seconds, Stopping threads took: 0.0000730 seconds
295.724: Application time: 0.0259830 seconds
295.725: [Full GC [PSYoungGen: 139264K->30870K(162304K)] [ParOldGen: 369818K->369818K(370176K)] 509082K->400688K(532480K) [PSPermGen: 13648K->13648K(21504K)], 0.0718950 secs] [Times: user=0.51 sys=0.00, real=0.07 secs] 
295.797: Total time for which application threads were stopped: 0.0725920 seconds, Stopping threads took: 0.0000550 seconds
295.823: Application time: 0.0258310 seconds
295.824: [Full GC [PSYoungGen: 139264K->30883K(162304K)] [ParOldGen: 369818K->369818K(370176K)] 509082K->400701K(532480K) [PSPermGen: 13648K->13648K(21504K)], 0.0724200 secs] [Times: user=0.51 sys=0.00, real=0.08 secs] 
295.896: Total time for which application threads were stopped: 0.0731430 seconds, Stopping threads took: 0.0000890 seconds
295.922: Application time: 0.0257470 seconds
295.922: [Full GC [PSYoungGen: 139264K->30895K(162304K)] [ParOldGen: 369818K->369818K(370176K)] 509082K->400713K(532480K) [PSPermGen: 13648K->13648K(21504K)], 0.0724170 secs] [Times: user=0.51 sys=0.00, real=0.08 secs] 
295.995: Total time for which application threads were stopped: 0.0730960 seconds, Stopping threads took: 0.0000470 seconds
296.021: Application time: 0.0259850 seconds
296.021: [Full GC [PSYoungGen: 139264K->30855K(162304K)] [ParOldGen: 369818K->369818K(370176K)] 509082K->400673K(532480K) [PSPermGen: 13648K->13648K(21504K)], 0.0718620 secs] [Times: user=0.51 sys=0.00, real=0.08 secs] 
296.093: Total time for which application threads were stopped: 0.0725340 seconds, Stopping threads took: 0.0000750 seconds
296.119: Application time: 0.0257110 seconds
296.120: [Full GC [PSYoungGen: 139264K->30858K(162304K)] [ParOldGen: 369818K->369818K(370176K)] 509082K->400677K(532480K) [PSPermGen: 13648K->13648K(21504K)], 0.0723680 secs] [Times: user=0.50 sys=0.00, real=0.07 secs] 
296.192: Total time for which application threads were stopped: 0.0730710 seconds, Stopping threads took: 0.0000450 seconds
296.218: Application time: 0.0255790 seconds
296.218: [Full GC [PSYoungGen: 139264K->30877K(162304K)] [ParOldGen: 369818K->369818K(370176K)] 509082K->400695K(532480K) [PSPermGen: 13648K->13648K(21504K)], 0.0716100 secs] [Times: user=0.50 sys=0.00, real=0.07 secs] 
296.290: Total time for which application threads were stopped: 0.0723200 seconds, Stopping threads took: 0.0000720 seconds
296.316: Application time: 0.0259020 seconds
296.317: [Full GC [PSYoungGen: 139264K->30890K(162304K)] [ParOldGen: 369818K->369818K(370176K)] 509082K->400708K(532480K) [PSPermGen: 13648K->13648K(21504K)], 0.0719110 secs] [Times: user=0.51 sys=0.00, real=0.07 secs] 
296.389: Total time for which application threads were stopped: 0.0726620 seconds, Stopping threads took: 0.0000900 seconds
296.414: Application time: 0.0257670 seconds
296.415: [Full GC [PSYoungGen: 139264K->30908K(162304K)] [ParOldGen: 369818K->369818K(370176K)] 509082K->400726K(532480K) [PSPermGen: 13648K->13648K(21504K)], 0.0717460 secs] [Times: user=0.51 sys=0.00, real=0.07 secs] 
296.487: Total time for which application threads were stopped: 0.0724170 seconds, Stopping threads took: 0.0000410 seconds
296.513: Application time: 0.0257280 seconds
296.513: [Full GC [PSYoungGen: 139264K->30921K(162304K)] [ParOldGen: 369818K->369818K(370176K)] 509082K->400739K(532480K) [PSPermGen: 13648K->13648K(21504K)], 0.0721630 secs] [Times: user=0.51 sys=0.00, real=0.07 secs] 
296.585: Total time for which application threads were stopped: 0.0728540 seconds, Stopping threads took: 0.0000550 seconds
296.611: Application time: 0.0255880 seconds
296.612: [Full GC [PSYoungGen: 139264K->30937K(162304K)] [ParOldGen: 369818K->369818K(370176K)] 509082K->400755K(532480K) [PSPermGen: 13648K->13648K(21504K)], 0.0717200 secs] [Times: user=0.51 sys=0.00, real=0.07 secs] 
296.683: Total time for which application threads were stopped: 0.0724290 seconds, Stopping threads took: 0.0000740 seconds
296.709: Application time: 0.0257390 seconds
296.710: [Full GC [PSYoungGen: 139264K->30887K(162304K)] [ParOldGen: 369818K->369818K(370176K)] 509082K->400705K(532480K) [PSPermGen: 13648K->13648K(21504K)], 0.0726020 secs] [Times: user=0.51 sys=0.00, real=0.07 secs] 
296.782: Total time for which application threads were stopped: 0.0732280 seconds, Stopping threads took: 0.0000590 seconds
296.808: Application time: 0.0258930 seconds
296.809: [Full GC [PSYoungGen: 139264K->30899K(162304K)] [ParOldGen: 369818K->369818K(370176K)] 509082K->400718K(532480K) [PSPermGen: 13648K->13648K(21504K)], 0.0720260 secs] [Times: user=0.51 sys=0.00, real=0.07 secs] 
296.881: Total time for which application threads were stopped: 0.0726650 seconds, Stopping threads took: 0.0000730 seconds
296.907: Application time: 0.0255570 seconds
296.907: [Full GC [PSYoungGen: 139264K->30915K(162304K)] [ParOldGen: 369818K->369818K(370176K)] 509082K->400733K(532480K) [PSPermGen: 13648K->13648K(21504K)], 0.0720010 secs] [Times: user=0.51 sys=0.00, real=0.07 secs] 
296.979: Total time for which application threads were stopped: 0.0726550 seconds, Stopping threads took: 0.0000630 seconds
297.005: Application time: 0.0256140 seconds
297.005: [Full GC [PSYoungGen: 139264K->30929K(162304K)] [ParOldGen: 369818K->369818K(370176K)] 509082K->400748K(532480K) [PSPermGen: 13648K->13648K(21504K)], 0.0716050 secs] [Times: user=0.51 sys=0.00, real=0.07 secs] 
297.077: Total time for which application threads were stopped: 0.0722840 seconds, Stopping threads took: 0.0000580 seconds
297.103: Application time: 0.0256070 seconds
297.103: [Full GC [PSYoungGen: 139264K->30944K(162304K)] [ParOldGen: 369818K->369818K(370176K)] 509082K->400763K(532480K) [PSPermGen: 13648K->13648K(21504K)], 0.0718680 secs] [Times: user=0.50 sys=0.00, real=0.08 secs] 
297.175: Total time for which application threads were stopped: 0.0725490 seconds, Stopping threads took: 0.0000550 seconds
297.201: Application time: 0.0256120 seconds
297.201: [Full GC [PSYoungGen: 139264K->30961K(162304K)] [ParOldGen: 369818K->369818K(370176K)] 509082K->400779K(532480K) [PSPermGen: 13648K->13648K(21504K)], 0.0717650 secs] [Times: user=0.51 sys=0.00, real=0.08 secs] 
297.273: Total time for which application threads were stopped: 0.0724340 seconds, Stopping threads took: 0.0000570 seconds
297.299: Application time: 0.0256370 seconds
297.300: [Full GC [PSYoungGen: 139264K->30978K(162304K)] [ParOldGen: 369818K->369818K(370176K)] 509082K->400796K(532480K) [PSPermGen: 13648K->13648K(21504K)], 0.0723110 secs] [Times: user=0.50 sys=0.00, real=0.07 secs] 
297.372: Total time for which application threads were stopped: 0.0730370 seconds, Stopping threads took: 0.0000520 seconds
297.398: Application time: 0.0257550 seconds
297.398: [Full GC [PSYoungGen: 139264K->30991K(162304K)] [ParOldGen: 369818K->369818K(370176K)] 509082K->400809K(532480K) [PSPermGen: 13648K->13648K(21504K)], 0.0719300 secs] [Times: user=0.51 sys=0.00, real=0.07 secs] 
297.470: Total time for which application threads were stopped: 0.0726340 seconds, Stopping threads took: 0.0000620 seconds
297.496: Application time: 0.0261170 seconds
297.497: [Full GC [PSYoungGen: 139264K->30956K(162304K)] [ParOldGen: 369818K->369818K(370176K)] 509082K->400774K(532480K) [PSPermGen: 13648K->13648K(21504K)], 0.0719040 secs] [Times: user=0.51 sys=0.00, real=0.07 secs] 
297.569: Total time for which application threads were stopped: 0.0727310 seconds, Stopping threads took: 0.0000730 seconds
297.595: Application time: 0.0256310 seconds
297.595: [Full GC [PSYoungGen: 139264K->30952K(162304K)] [ParOldGen: 369818K->369818K(370176K)] 509082K->400771K(532480K) [PSPermGen: 13648K->13648K(21504K)], 0.0720100 secs] [Times: user=0.50 sys=0.01, real=0.07 secs] 
297.668: Total time for which application threads were stopped: 0.0726840 seconds, Stopping threads took: 0.0001020 seconds
297.693: Application time: 0.0257390 seconds
297.694: [Full GC [PSYoungGen: 139264K->30971K(162304K)] [ParOldGen: 369818K->369818K(370176K)] 509082K->400790K(532480K) [PSPermGen: 13648K->13648K(21504K)], 0.0730150 secs] [Times: user=0.50 sys=0.00, real=0.07 secs] 
297.767: Total time for which application threads were stopped: 0.0736590 seconds, Stopping threads took: 0.0000730 seconds
297.793: Application time: 0.0256920 seconds
297.793: [Full GC [PSYoungGen: 139264K->30984K(162304K)] [ParOldGen: 369818K->369818K(370176K)] 509082K->400803K(532480K) [PSPermGen: 13648K->13648K(21504K)], 0.0715840 secs] [Times: user=0.50 sys=0.00, real=0.07 secs] 
297.865: Total time for which application threads were stopped: 0.0722970 seconds, Stopping threads took: 0.0000760 seconds
297.891: Application time: 0.0261000 seconds
297.892: [Full GC [PSYoungGen: 139264K->30946K(162304K)] [ParOldGen: 369818K->369818K(370176K)] 509082K->400764K(532480K) [PSPermGen: 13648K->13648K(21504K)], 0.0728610 secs] [Times: user=0.51 sys=0.00, real=0.08 secs] 
297.965: Total time for which application threads were stopped: 0.0735690 seconds, Stopping threads took: 0.0000540 seconds
297.990: Application time: 0.0256850 seconds
297.991: [Full GC [PSYoungGen: 139264K->30945K(162304K)] [ParOldGen: 369818K->369818K(370176K)] 509082K->400764K(532480K) [PSPermGen: 13648K->13648K(21504K)], 0.0718470 secs] [Times: user=0.51 sys=0.00, real=0.07 secs] 
298.063: Total time for which application threads were stopped: 0.0725380 seconds, Stopping threads took: 0.0000570 seconds
298.089: Application time: 0.0260600 seconds
298.090: [Full GC [PSYoungGen: 139264K->30906K(162304K)] [ParOldGen: 369818K->369818K(370176K)] 509082K->400724K(532480K) [PSPermGen: 13648K->13648K(21504K)], 0.0716550 secs] [Times: user=0.50 sys=0.00, real=0.07 secs] 
298.161: Total time for which application threads were stopped: 0.0723480 seconds, Stopping threads took: 0.0000530 seconds
298.189: Application time: 0.0273520 seconds
298.189: [Full GC [PSYoungGen: 139264K->30794K(162304K)] [ParOldGen: 369818K->369818K(370176K)] 509082K->400612K(532480K) [PSPermGen: 13648K->13648K(21504K)], 0.0715340 secs] [Times: user=0.51 sys=0.00, real=0.07 secs] 
298.261: Total time for which application threads were stopped: 0.0722500 seconds, Stopping threads took: 0.0000760 seconds
298.287: Application time: 0.0257080 seconds
298.287: [Full GC [PSYoungGen: 139264K->30781K(162304K)] [ParOldGen: 369818K->369818K(370176K)] 509082K->400599K(532480K) [PSPermGen: 13648K->13648K(21504K)], 0.0719890 secs] [Times: user=0.50 sys=0.00, real=0.07 secs] 
298.359: Total time for which application threads were stopped: 0.0727010 seconds, Stopping threads took: 0.0000800 seconds
298.385: Application time: 0.0254590 seconds
298.385: [Full GC [PSYoungGen: 139264K->30796K(162304K)] [ParOldGen: 369818K->369818K(370176K)] 509082K->400614K(532480K) [PSPermGen: 13648K->13648K(21504K)], 0.0718080 secs] [Times: user=0.50 sys=0.00, real=0.07 secs] 
298.457: Total time for which application threads were stopped: 0.0725100 seconds, Stopping threads took: 0.0000580 seconds
298.483: Application time: 0.0258390 seconds
298.484: [Full GC [PSYoungGen: 139264K->30813K(162304K)] [ParOldGen: 369818K->369818K(370176K)] 509082K->400631K(532480K) [PSPermGen: 13648K->13648K(21504K)], 0.0717720 secs] [Times: user=0.50 sys=0.00, real=0.08 secs] 
298.556: Total time for which application threads were stopped: 0.0724990 seconds, Stopping threads took: 0.0000690 seconds
298.581: Application time: 0.0258750 seconds
298.582: [Full GC [PSYoungGen: 139264K->30828K(162304K)] [ParOldGen: 369818K->369818K(370176K)] 509082K->400647K(532480K) [PSPermGen: 13648K->13648K(21504K)], 0.0718040 secs] [Times: user=0.51 sys=0.00, real=0.08 secs] 
298.654: Total time for which application threads were stopped: 0.0724830 seconds, Stopping threads took: 0.0000540 seconds
298.680: Application time: 0.0259840 seconds
298.681: [Full GC [PSYoungGen: 139264K->30843K(162304K)] [ParOldGen: 369818K->369818K(370176K)] 509082K->400662K(532480K) [PSPermGen: 13648K->13648K(21504K)], 0.0721620 secs] [Times: user=0.51 sys=0.00, real=0.08 secs] 
298.753: Total time for which application threads were stopped: 0.0727850 seconds, Stopping threads took: 0.0000570 seconds
298.779: Application time: 0.0259270 seconds
298.779: [Full GC [PSYoungGen: 139264K->30857K(162304K)] [ParOldGen: 369818K->369818K(370176K)] 509082K->400675K(532480K) [PSPermGen: 13648K->13648K(21504K)], 0.0719090 secs] [Times: user=0.50 sys=0.00, real=0.07 secs] 
298.851: Total time for which application threads were stopped: 0.0725970 seconds, Stopping threads took: 0.0000430 seconds
298.877: Application time: 0.0259400 seconds
298.878: [Full GC [PSYoungGen: 139264K->30818K(162304K)] [ParOldGen: 369818K->369818K(370176K)] 509082K->400636K(532480K) [PSPermGen: 13648K->13648K(21504K)], 0.0740190 secs] [Times: user=0.51 sys=0.00, real=0.07 secs] 
298.952: Total time for which application threads were stopped: 0.0747080 seconds, Stopping threads took: 0.0000490 seconds
298.978: Application time: 0.0257060 seconds
298.978: [Full GC [PSYoungGen: 139264K->30819K(162304K)] [ParOldGen: 369818K->369818K(370176K)] 509082K->400637K(532480K) [PSPermGen: 13648K->13648K(21504K)], 0.0719070 secs] [Times: user=0.51 sys=0.00, real=0.07 secs] 
299.050: Total time for which application threads were stopped: 0.0726220 seconds, Stopping threads took: 0.0000780 seconds
299.076: Application time: 0.0257320 seconds
299.077: [Full GC [PSYoungGen: 139264K->30834K(162304K)] [ParOldGen: 369818K->369818K(370176K)] 509082K->400652K(532480K) [PSPermGen: 13648K->13648K(21504K)], 0.0718330 secs] [Times: user=0.50 sys=0.00, real=0.07 secs] 
299.149: Total time for which application threads were stopped: 0.0725640 seconds, Stopping threads took: 0.0000800 seconds
299.174: Application time: 0.0258950 seconds
299.175: [Full GC [PSYoungGen: 139264K->30851K(162304K)] [ParOldGen: 369818K->369818K(370176K)] 509082K->400669K(532480K) [PSPermGen: 13648K->13648K(21504K)], 0.0730790 secs] [Times: user=0.51 sys=0.00, real=0.07 secs] 
299.248: Total time for which application threads were stopped: 0.0738320 seconds, Stopping threads took: 0.0001170 seconds
299.274: Application time: 0.0258690 seconds
299.275: [Full GC [PSYoungGen: 139264K->30862K(162304K)] [ParOldGen: 369818K->369818K(370176K)] 509082K->400680K(532480K) [PSPermGen: 13648K->13648K(21504K)], 0.0717760 secs] [Times: user=0.51 sys=0.00, real=0.07 secs] 
299.347: Total time for which application threads were stopped: 0.0724830 seconds, Stopping threads took: 0.0000840 seconds
299.373: Application time: 0.0260010 seconds
299.373: [Full GC [PSYoungGen: 139264K->30881K(162304K)] [ParOldGen: 369818K->369818K(370176K)] 509082K->400700K(532480K) [PSPermGen: 13648K->13648K(21504K)], 0.0721380 secs] [Times: user=0.50 sys=0.00, real=0.07 secs] 
299.446: Total time for which application threads were stopped: 0.0728380 seconds, Stopping threads took: 0.0000670 seconds
299.471: Application time: 0.0259370 seconds
299.472: [Full GC [PSYoungGen: 139264K->30897K(162304K)] [ParOldGen: 369818K->369818K(370176K)] 509082K->400715K(532480K) [PSPermGen: 13648K->13648K(21504K)], 0.0725520 secs] [Times: user=0.51 sys=0.00, real=0.08 secs] 
299.545: Total time for which application threads were stopped: 0.0732690 seconds, Stopping threads took: 0.0000900 seconds
299.571: Application time: 0.0264470 seconds
299.572: [Full GC [PSYoungGen: 139264K->30810K(162304K)] [ParOldGen: 369818K->369818K(370176K)] 509082K->400628K(532480K) [PSPermGen: 13648K->13648K(21504K)], 0.0718540 secs] [Times: user=0.50 sys=0.01, real=0.07 secs] 
299.644: Total time for which application threads were stopped: 0.0725700 seconds, Stopping threads took: 0.0000830 seconds
299.669: Application time: 0.0256220 seconds
299.670: [Full GC [PSYoungGen: 139264K->30854K(162304K)] [ParOldGen: 369818K->369818K(370176K)] 509082K->400673K(532480K) [PSPermGen: 13648K->13648K(21504K)], 0.0719290 secs] [Times: user=0.50 sys=0.00, real=0.07 secs] 
299.742: Total time for which application threads were stopped: 0.0726820 seconds, Stopping threads took: 0.0000980 seconds
299.767: Application time: 0.0253340 seconds
299.768: [Full GC [PSYoungGen: 139264K->30872K(162304K)] [ParOldGen: 369818K->369818K(370176K)] 509082K->400691K(532480K) [PSPermGen: 13648K->13648K(21504K)], 0.0718430 secs] [Times: user=0.50 sys=0.00, real=0.07 secs] 
299.840: Total time for which application threads were stopped: 0.0724770 seconds, Stopping threads took: 0.0000570 seconds
299.866: Application time: 0.0256670 seconds
299.866: [Full GC [PSYoungGen: 139264K->30889K(162304K)] [ParOldGen: 369818K->369818K(370176K)] 509082K->400707K(532480K) [PSPermGen: 13648K->13648K(21504K)], 0.0722340 secs] [Times: user=0.50 sys=0.00, real=0.07 secs] 
299.939: Total time for which application threads were stopped: 0.0729830 seconds, Stopping threads took: 0.0001040 seconds
299.965: Application time: 0.0263770 seconds
299.966: [Full GC [PSYoungGen: 139264K->30902K(162304K)] [ParOldGen: 369818K->369818K(370176K)] 509082K->400721K(532480K) [PSPermGen: 13648K->13648K(21504K)], 0.0718080 secs] [Times: user=0.51 sys=0.00, real=0.07 secs] 
300.037: Total time for which application threads were stopped: 0.0725130 seconds, Stopping threads took: 0.0000750 seconds
300.063: Application time: 0.0260610 seconds
300.064: [Full GC [PSYoungGen: 139264K->30919K(162304K)] [ParOldGen: 369818K->369818K(370176K)] 509082K->400737K(532480K) [PSPermGen: 13648K->13648K(21504K)], 0.0717310 secs] [Times: user=0.51 sys=0.00, real=0.08 secs] 
300.136: Total time for which application threads were stopped: 0.0724150 seconds, Stopping threads took: 0.0000460 seconds
300.162: Application time: 0.0257120 seconds
300.162: [Full GC [PSYoungGen: 139264K->30933K(162304K)] [ParOldGen: 369818K->369818K(370176K)] 509082K->400751K(532480K) [PSPermGen: 13648K->13648K(21504K)], 0.0720170 secs] [Times: user=0.51 sys=0.00, real=0.08 secs] 
300.234: Total time for which application threads were stopped: 0.0726870 seconds, Stopping threads took: 0.0000510 seconds
300.260: Application time: 0.0256280 seconds
300.261: [Full GC [PSYoungGen: 139264K->30948K(162304K)] [ParOldGen: 369818K->369818K(370176K)] 509082K->400767K(532480K) [PSPermGen: 13648K->13648K(21504K)], 0.0717740 secs] [Times: user=0.50 sys=0.00, real=0.08 secs] 
300.332: Total time for which application threads were stopped: 0.0725040 seconds, Stopping threads took: 0.0000640 seconds
300.359: Application time: 0.0261430 seconds
300.359: [Full GC [PSYoungGen: 139264K->30909K(162304K)] [ParOldGen: 369818K->369818K(370176K)] 509082K->400728K(532480K) [PSPermGen: 13648K->13648K(21504K)], 0.0719770 secs] [Times: user=0.51 sys=0.00, real=0.07 secs] 
300.431: Total time for which application threads were stopped: 0.0726150 seconds, Stopping threads took: 0.0000670 seconds
300.457: Application time: 0.0257710 seconds
300.458: [Full GC [PSYoungGen: 139264K->30910K(162304K)] [ParOldGen: 369818K->369818K(370176K)] 509082K->400728K(532480K) [PSPermGen: 13648K->13648K(21504K)], 0.0724460 secs] [Times: user=0.51 sys=0.00, real=0.07 secs] 
300.530: Total time for which application threads were stopped: 0.0731540 seconds, Stopping threads took: 0.0000610 seconds
300.556: Application time: 0.0258490 seconds
300.557: [Full GC [PSYoungGen: 139264K->30923K(162304K)] [ParOldGen: 369818K->369818K(370176K)] 509082K->400742K(532480K) [PSPermGen: 13648K->13648K(21504K)], 0.0719790 secs] [Times: user=0.50 sys=0.00, real=0.07 secs] 
300.629: Total time for which application threads were stopped: 0.0726380 seconds, Stopping threads took: 0.0000860 seconds
300.654: Application time: 0.0256360 seconds
300.655: [Full GC [PSYoungGen: 139264K->30942K(162304K)] [ParOldGen: 369818K->369818K(370176K)] 509082K->400760K(532480K) [PSPermGen: 13648K->13648K(21504K)], 0.0719980 secs] [Times: user=0.50 sys=0.00, real=0.07 secs] 
300.727: Total time for which application threads were stopped: 0.0726390 seconds, Stopping threads took: 0.0000730 seconds
300.753: Application time: 0.0259060 seconds
300.753: [Full GC [PSYoungGen: 139264K->30957K(162304K)] [ParOldGen: 369818K->369818K(370176K)] 509082K->400775K(532480K) [PSPermGen: 13648K->13648K(21504K)], 0.0716600 secs] [Times: user=0.50 sys=0.01, real=0.07 secs] 
300.825: Total time for which application threads were stopped: 0.0723560 seconds, Stopping threads took: 0.0000660 seconds
300.851: Application time: 0.0257240 seconds
300.852: [Full GC [PSYoungGen: 139264K->30972K(162304K)] [ParOldGen: 369818K->369818K(370176K)] 509082K->400790K(532480K) [PSPermGen: 13648K->13648K(21504K)], 0.0714950 secs] [Times: user=0.50 sys=0.00, real=0.07 secs] 
300.923: Total time for which application threads were stopped: 0.0721780 seconds, Stopping threads took: 0.0000980 seconds
300.950: Application time: 0.0267160 seconds
300.950: [Full GC [PSYoungGen: 139264K->30986K(162304K)] [ParOldGen: 369818K->369818K(370176K)] 509082K->400805K(532480K) [PSPermGen: 13648K->13648K(21504K)], 0.0718670 secs] [Times: user=0.50 sys=0.00, real=0.07 secs] 
301.022: Total time for which application threads were stopped: 0.0725540 seconds, Stopping threads took: 0.0000610 seconds
301.048: Application time: 0.0256850 seconds
301.049: [Full GC [PSYoungGen: 139264K->31003K(162304K)] [ParOldGen: 369818K->369818K(370176K)] 509082K->400822K(532480K) [PSPermGen: 13648K->13648K(21504K)], 0.0717940 secs] [Times: user=0.51 sys=0.00, real=0.07 secs] 
301.121: Total time for which application threads were stopped: 0.0724500 seconds, Stopping threads took: 0.0000660 seconds
301.147: Application time: 0.0260340 seconds
301.147: [Full GC [PSYoungGen: 139264K->31020K(162304K)] [ParOldGen: 369818K->369818K(370176K)] 509082K->400838K(532480K) [PSPermGen: 13648K->13648K(21504K)], 0.0724050 secs] [Times: user=0.50 sys=0.00, real=0.07 secs] 
301.220: Total time for which application threads were stopped: 0.0730910 seconds, Stopping threads took: 0.0000480 seconds
301.246: Application time: 0.0264310 seconds
301.247: [Full GC [PSYoungGen: 139264K->30982K(162304K)] [ParOldGen: 369818K->369818K(370176K)] 509082K->400800K(532480K) [PSPermGen: 13648K->13648K(21504K)], 0.0719670 secs] [Times: user=0.51 sys=0.00, real=0.07 secs] 
301.319: Total time for which application threads were stopped: 0.0726750 seconds, Stopping threads took: 0.0000710 seconds
301.345: Application time: 0.0261910 seconds
301.346: [Full GC [PSYoungGen: 139264K->30926K(162304K)] [ParOldGen: 369818K->369818K(370176K)] 509082K->400744K(532480K) [PSPermGen: 13648K->13648K(21504K)], 0.0724780 secs] [Times: user=0.51 sys=0.00, real=0.07 secs] 
301.418: Total time for which application threads were stopped: 0.0732400 seconds, Stopping threads took: 0.0001020 seconds
301.444: Application time: 0.0261420 seconds
301.445: [Full GC [PSYoungGen: 139264K->30870K(162304K)] [ParOldGen: 369818K->369818K(370176K)] 509082K->400689K(532480K) [PSPermGen: 13648K->13648K(21504K)], 0.0718840 secs] [Times: user=0.51 sys=0.00, real=0.07 secs] 
301.517: Total time for which application threads were stopped: 0.0726040 seconds, Stopping threads took: 0.0001340 seconds
301.543: Application time: 0.0258970 seconds
301.544: [Full GC [PSYoungGen: 139264K->30871K(162304K)] [ParOldGen: 369818K->369818K(370176K)] 509082K->400689K(532480K) [PSPermGen: 13648K->13648K(21504K)], 0.0716030 secs] [Times: user=0.50 sys=0.00, real=0.08 secs] 
301.615: Total time for which application threads were stopped: 0.0723280 seconds, Stopping threads took: 0.0000890 seconds
301.641: Application time: 0.0258130 seconds
301.642: [Full GC [PSYoungGen: 139264K->30886K(162304K)] [ParOldGen: 369818K->369818K(370176K)] 509082K->400704K(532480K) [PSPermGen: 13648K->13648K(21504K)], 0.0717140 secs] [Times: user=0.50 sys=0.00, real=0.08 secs] 
301.713: Total time for which application threads were stopped: 0.0724170 seconds, Stopping threads took: 0.0000820 seconds
301.739: Application time: 0.0257870 seconds
301.740: [Full GC [PSYoungGen: 139264K->30901K(162304K)] [ParOldGen: 369818K->369818K(370176K)] 509082K->400719K(532480K) [PSPermGen: 13648K->13648K(21504K)], 0.0722210 secs] [Times: user=0.51 sys=0.00, real=0.07 secs] 
301.812: Total time for which application threads were stopped: 0.0729300 seconds, Stopping threads took: 0.0000840 seconds
301.839: Application time: 0.0265020 seconds
301.839: [Full GC [PSYoungGen: 139264K->30862K(162304K)] [ParOldGen: 369818K->369818K(370176K)] 509082K->400680K(532480K) [PSPermGen: 13648K->13648K(21504K)], 0.0716980 secs] [Times: user=0.50 sys=0.00, real=0.07 secs] 
301.911: Total time for which application threads were stopped: 0.0724000 seconds, Stopping threads took: 0.0000630 seconds
301.937: Application time: 0.0260210 seconds
301.938: [Full GC [PSYoungGen: 139264K->30808K(162304K)] [ParOldGen: 369818K->369818K(370176K)] 509082K->400626K(532480K) [PSPermGen: 13648K->13648K(21504K)], 0.0721110 secs] [Times: user=0.50 sys=0.00, real=0.07 secs] 
302.010: Total time for which application threads were stopped: 0.0728230 seconds, Stopping threads took: 0.0000810 seconds
302.036: Application time: 0.0259820 seconds
302.037: [Full GC [PSYoungGen: 139264K->30808K(162304K)] [ParOldGen: 369818K->369818K(370176K)] 509082K->400626K(532480K) [PSPermGen: 13648K->13648K(21504K)], 0.0716650 secs] [Times: user=0.50 sys=0.01, real=0.07 secs] 
302.108: Total time for which application threads were stopped: 0.0724050 seconds, Stopping threads took: 0.0000790 seconds
302.134: Application time: 0.0257280 seconds
302.135: [Full GC [PSYoungGen: 139264K->30823K(162304K)] [ParOldGen: 369818K->369818K(370176K)] 509082K->400641K(532480K) [PSPermGen: 13648K->13648K(21504K)], 0.0718790 secs] [Times: user=0.51 sys=0.00, real=0.07 secs] 
302.207: Total time for which application threads were stopped: 0.0725310 seconds, Stopping threads took: 0.0000810 seconds
302.232: Application time: 0.0256560 seconds
302.233: [Full GC [PSYoungGen: 139264K->30839K(162304K)] [ParOldGen: 369818K->369818K(370176K)] 509082K->400657K(532480K) [PSPermGen: 13648K->13648K(21504K)], 0.0719180 secs] [Times: user=0.50 sys=0.00, real=0.07 secs] 
302.305: Total time for which application threads were stopped: 0.0726240 seconds, Stopping threads took: 0.0000590 seconds
302.331: Application time: 0.0259840 seconds
302.331: [Full GC [PSYoungGen: 139264K->30789K(162304K)] [ParOldGen: 369818K->369818K(370176K)] 509082K->400607K(532480K) [PSPermGen: 13648K->13648K(21504K)], 0.0719660 secs] [Times: user=0.51 sys=0.00, real=0.07 secs] 
302.404: Total time for which application threads were stopped: 0.0726710 seconds, Stopping threads took: 0.0000730 seconds
302.429: Application time: 0.0259150 seconds
302.430: [Full GC [PSYoungGen: 139264K->30798K(162304K)] [ParOldGen: 369818K->369818K(370176K)] 509082K->400616K(532480K) [PSPermGen: 13648K->13648K(21504K)], 0.0718340 secs] [Times: user=0.51 sys=0.00, real=0.07 secs] 
302.502: Total time for which application threads were stopped: 0.0725520 seconds, Stopping threads took: 0.0000910 seconds
302.528: Application time: 0.0258860 seconds
302.529: [Full GC [PSYoungGen: 139264K->30814K(162304K)] [ParOldGen: 369818K->369818K(370176K)] 509082K->400632K(532480K) [PSPermGen: 13648K->13648K(21504K)], 0.0716790 secs] [Times: user=0.51 sys=0.00, real=0.07 secs] 
302.600: Total time for which application threads were stopped: 0.0724350 seconds, Stopping threads took: 0.0000730 seconds
302.626: Application time: 0.0257780 seconds
302.627: [Full GC [PSYoungGen: 139264K->30830K(162304K)] [ParOldGen: 369818K->369818K(370176K)] 509082K->400648K(532480K) [PSPermGen: 13648K->13648K(21504K)], 0.0715030 secs] [Times: user=0.51 sys=0.00, real=0.07 secs] 
302.698: Total time for which application threads were stopped: 0.0722400 seconds, Stopping threads took: 0.0000780 seconds
302.724: Application time: 0.0255760 seconds
302.725: [Full GC [PSYoungGen: 139264K->30845K(162304K)] [ParOldGen: 369818K->369818K(370176K)] 509082K->400663K(532480K) [PSPermGen: 13648K->13648K(21504K)], 0.0717320 secs] [Times: user=0.50 sys=0.01, real=0.07 secs] 
302.796: Total time for which application threads were stopped: 0.0724600 seconds, Stopping threads took: 0.0000620 seconds
302.822: Application time: 0.0257080 seconds
302.823: [Full GC [PSYoungGen: 139264K->30861K(162304K)] [ParOldGen: 369818K->369818K(370176K)] 509082K->400679K(532480K) [PSPermGen: 13648K->13648K(21504K)], 0.0716430 secs] [Times: user=0.51 sys=0.00, real=0.08 secs] 
302.894: Total time for which application threads were stopped: 0.0723520 seconds, Stopping threads took: 0.0000600 seconds
302.920: Application time: 0.0255410 seconds
302.921: [Full GC [PSYoungGen: 139264K->30877K(162304K)] [ParOldGen: 369818K->369818K(370176K)] 509082K->400695K(532480K) [PSPermGen: 13648K->13648K(21504K)], 0.0724430 secs] [Times: user=0.51 sys=0.00, real=0.08 secs] 
302.993: Total time for which application threads were stopped: 0.0731510 seconds, Stopping threads took: 0.0000640 seconds
303.019: Application time: 0.0256580 seconds
303.019: [Full GC [PSYoungGen: 139264K->30892K(162304K)] [ParOldGen: 369818K->369818K(370176K)] 509082K->400710K(532480K) [PSPermGen: 13648K->13648K(21504K)], 0.0718380 secs] [Times: user=0.50 sys=0.00, real=0.07 secs] 
303.091: Total time for which application threads were stopped: 0.0725270 seconds, Stopping threads took: 0.0000520 seconds
303.117: Application time: 0.0259470 seconds
303.118: [Full GC [PSYoungGen: 139264K->30852K(162304K)] [ParOldGen: 369818K->369818K(370176K)] 509082K->400670K(532480K) [PSPermGen: 13648K->13648K(21504K)], 0.0720420 secs] [Times: user=0.50 sys=0.00, real=0.07 secs] 
303.190: Total time for which application threads were stopped: 0.0727730 seconds, Stopping threads took: 0.0001010 seconds
303.216: Application time: 0.0255400 seconds
303.216: [Full GC [PSYoungGen: 139264K->30851K(162304K)] [ParOldGen: 369818K->369818K(370176K)] 509082K->400670K(532480K) [PSPermGen: 13648K->13648K(21504K)], 0.0719450 secs] [Times: user=0.50 sys=0.00, real=0.07 secs] 
303.288: Total time for which application threads were stopped: 0.0726320 seconds, Stopping threads took: 0.0000450 seconds
303.314: Application time: 0.0254250 seconds
303.314: [Full GC [PSYoungGen: 139264K->30865K(162304K)] [ParOldGen: 369818K->369818K(370176K)] 509082K->400683K(532480K) [PSPermGen: 13648K->13648K(21504K)], 0.0721200 secs] [Times: user=0.51 sys=0.00, real=0.07 secs] 
303.386: Total time for which application threads were stopped: 0.0728210 seconds, Stopping threads took: 0.0000680 seconds
303.412: Application time: 0.0254480 seconds
303.413: [Full GC [PSYoungGen: 139264K->30884K(162304K)] [ParOldGen: 369818K->369818K(370176K)] 509082K->400703K(532480K) [PSPermGen: 13648K->13648K(21504K)], 0.0725000 secs] [Times: user=0.51 sys=0.00, real=0.07 secs] 
303.485: Total time for which application threads were stopped: 0.0731360 seconds, Stopping threads took: 0.0000620 seconds
303.511: Application time: 0.0255340 seconds
303.511: [Full GC [PSYoungGen: 139264K->30897K(162304K)] [ParOldGen: 369818K->369818K(370176K)] 509082K->400715K(532480K) [PSPermGen: 13648K->13648K(21504K)], 0.0715410 secs] [Times: user=0.50 sys=0.00, real=0.07 secs] 
303.583: Total time for which application threads were stopped: 0.0722440 seconds, Stopping threads took: 0.0000640 seconds
303.608: Application time: 0.0254750 seconds
303.609: [Full GC [PSYoungGen: 139264K->30914K(162304K)] [ParOldGen: 369818K->369818K(370176K)] 509082K->400732K(532480K) [PSPermGen: 13648K->13648K(21504K)], 0.0721130 secs] [Times: user=0.50 sys=0.00, real=0.07 secs] 
303.681: Total time for which application threads were stopped: 0.0727680 seconds, Stopping threads took: 0.0000880 seconds
303.707: Application time: 0.0255220 seconds
303.707: [Full GC [PSYoungGen: 139264K->30930K(162304K)] [ParOldGen: 369818K->369818K(370176K)] 509082K->400749K(532480K) [PSPermGen: 13648K->13648K(21504K)], 0.0717200 secs] [Times: user=0.50 sys=0.00, real=0.07 secs] 
303.779: Total time for which application threads were stopped: 0.0724210 seconds, Stopping threads took: 0.0000600 seconds
303.804: Application time: 0.0253670 seconds
303.805: [Full GC [PSYoungGen: 139264K->30945K(162304K)] [ParOldGen: 369818K->369818K(370176K)] 509082K->400763K(532480K) [PSPermGen: 13648K->13648K(21504K)], 0.0719420 secs] [Times: user=0.50 sys=0.00, real=0.07 secs] 
303.877: Total time for which application threads were stopped: 0.0726710 seconds, Stopping threads took: 0.0000750 seconds
303.903: Application time: 0.0258000 seconds
303.904: [Full GC [PSYoungGen: 139264K->30959K(162304K)] [ParOldGen: 369818K->369818K(370176K)] 509082K->400778K(532480K) [PSPermGen: 13648K->13648K(21504K)], 0.0720370 secs] [Times: user=0.51 sys=0.00, real=0.08 secs] 
303.976: Total time for which application threads were stopped: 0.0727240 seconds, Stopping threads took: 0.0000560 seconds
304.002: Application time: 0.0260030 seconds
304.002: [Full GC [PSYoungGen: 139264K->30922K(162304K)] [ParOldGen: 369818K->369818K(370176K)] 509082K->400741K(532480K) [PSPermGen: 13648K->13648K(21504K)], 0.0721060 secs] [Times: user=0.51 sys=0.00, real=0.08 secs] 
304.074: Total time for which application threads were stopped: 0.0728260 seconds, Stopping threads took: 0.0000840 seconds
304.100: Application time: 0.0256740 seconds
304.101: [Full GC [PSYoungGen: 139264K->30920K(162304K)] [ParOldGen: 369818K->369818K(370176K)] 509082K->400738K(532480K) [PSPermGen: 13648K->13648K(21504K)], 0.0728920 secs] [Times: user=0.52 sys=0.00, real=0.08 secs] 
304.174: Total time for which application threads were stopped: 0.0736120 seconds, Stopping threads took: 0.0000640 seconds
304.199: Application time: 0.0255790 seconds
304.200: [Full GC [PSYoungGen: 139264K->30937K(162304K)] [ParOldGen: 369818K->369818K(370176K)] 509082K->400755K(532480K) [PSPermGen: 13648K->13648K(21504K)], 0.0718180 secs] [Times: user=0.51 sys=0.00, real=0.07 secs] 
304.272: Total time for which application threads were stopped: 0.0725620 seconds, Stopping threads took: 0.0001080 seconds
304.298: Application time: 0.0257310 seconds
304.298: [Full GC [PSYoungGen: 139264K->30955K(162304K)] [ParOldGen: 369818K->369818K(370176K)] 509082K->400773K(532480K) [PSPermGen: 13648K->13648K(21504K)], 0.0717470 secs] [Times: user=0.51 sys=0.00, real=0.07 secs] 
304.370: Total time for which application threads were stopped: 0.0724610 seconds, Stopping threads took: 0.0000720 seconds
304.396: Application time: 0.0257320 seconds
304.396: [Full GC [PSYoungGen: 139264K->30969K(162304K)] [ParOldGen: 369818K->369818K(370176K)] 509082K->400787K(532480K) [PSPermGen: 13648K->13648K(21504K)], 0.0722370 secs] [Times: user=0.51 sys=0.00, real=0.07 secs] 
304.469: Total time for which application threads were stopped: 0.0729010 seconds, Stopping threads took: 0.0000670 seconds
304.495: Application time: 0.0258190 seconds
304.495: [Full GC [PSYoungGen: 139264K->30983K(162304K)] [ParOldGen: 369818K->369818K(370176K)] 509082K->400801K(532480K) [PSPermGen: 13648K->13648K(21504K)], 0.0716930 secs] [Times: user=0.50 sys=0.00, real=0.07 secs] 
304.567: Total time for which application threads were stopped: 0.0724570 seconds, Stopping threads took: 0.0001320 seconds
304.593: Application time: 0.0259660 seconds
304.594: [Full GC [PSYoungGen: 139264K->31000K(162304K)] [ParOldGen: 369818K->369818K(370176K)] 509082K->400818K(532480K) [PSPermGen: 13648K->13648K(21504K)], 0.0717390 secs] [Times: user=0.51 sys=0.00, real=0.07 secs] 
304.665: Total time for which application threads were stopped: 0.0724520 seconds, Stopping threads took: 0.0000720 seconds
304.691: Application time: 0.0260380 seconds
304.692: [Full GC [PSYoungGen: 139264K->31014K(162304K)] [ParOldGen: 369818K->369818K(370176K)] 509082K->400833K(532480K) [PSPermGen: 13648K->13648K(21504K)], 0.0719790 secs] [Times: user=0.51 sys=0.00, real=0.07 secs] 
304.764: Total time for which application threads were stopped: 0.0727060 seconds, Stopping threads took: 0.0000870 seconds
304.791: Application time: 0.0263170 seconds
304.791: [Full GC [PSYoungGen: 139264K->30977K(162304K)] [ParOldGen: 369818K->369818K(370176K)] 509082K->400795K(532480K) [PSPermGen: 13648K->13648K(21504K)], 0.0720320 secs] [Times: user=0.51 sys=0.00, real=0.07 secs] 
304.863: Total time for which application threads were stopped: 0.0727310 seconds, Stopping threads took: 0.0000640 seconds
304.890: Application time: 0.0271240 seconds
304.891: [Full GC [PSYoungGen: 139264K->30864K(162304K)] [ParOldGen: 369818K->369818K(370176K)] 509082K->400682K(532480K) [PSPermGen: 13648K->13648K(21504K)], 0.0725380 secs] [Times: user=0.50 sys=0.00, real=0.07 secs] 
304.964: Total time for which application threads were stopped: 0.0732670 seconds, Stopping threads took: 0.0000980 seconds
304.990: Application time: 0.0267490 seconds
304.991: [Full GC [PSYoungGen: 139264K->30850K(162304K)] [ParOldGen: 369818K->369818K(370176K)] 509082K->400668K(532480K) [PSPermGen: 13648K->13648K(21504K)], 0.0716770 secs] [Times: user=0.50 sys=0.00, real=0.07 secs] 
305.063: Total time for which application threads were stopped: 0.0724060 seconds, Stopping threads took: 0.0000800 seconds
305.089: Application time: 0.0262800 seconds
305.090: [Full GC [PSYoungGen: 139264K->30866K(162304K)] [ParOldGen: 369818K->369818K(370176K)] 509082K->400684K(532480K) [PSPermGen: 13648K->13648K(21504K)], 0.0717500 secs] [Times: user=0.51 sys=0.00, real=0.07 secs] 
305.161: Total time for which application threads were stopped: 0.0723790 seconds, Stopping threads took: 0.0000560 seconds
305.188: Application time: 0.0260540 seconds
305.188: [Full GC [PSYoungGen: 139264K->30880K(162304K)] [ParOldGen: 369818K->369818K(370176K)] 509082K->400698K(532480K) [PSPermGen: 13648K->13648K(21504K)], 0.0726810 secs] [Times: user=0.51 sys=0.00, real=0.07 secs] 
305.261: Total time for which application threads were stopped: 0.0733420 seconds, Stopping threads took: 0.0000950 seconds
305.287: Application time: 0.0261380 seconds
305.288: [Full GC [PSYoungGen: 139264K->30897K(162304K)] [ParOldGen: 369818K->369818K(370176K)] 509082K->400716K(532480K) [PSPermGen: 13648K->13648K(21504K)], 0.0720600 secs] [Times: user=0.51 sys=0.00, real=0.07 secs] 
305.360: Total time for which application threads were stopped: 0.0727450 seconds, Stopping threads took: 0.0000810 seconds
305.386: Application time: 0.0258950 seconds
305.386: [Full GC [PSYoungGen: 139264K->30912K(162304K)] [ParOldGen: 369818K->369818K(370176K)] 509082K->400731K(532480K) [PSPermGen: 13648K->13648K(21504K)], 0.0720860 secs] [Times: user=0.50 sys=0.00, real=0.07 secs] 
305.458: Total time for which application threads were stopped: 0.0727600 seconds, Stopping threads took: 0.0000560 seconds
305.485: Application time: 0.0262510 seconds
305.485: [Full GC [PSYoungGen: 139264K->30872K(162304K)] [ParOldGen: 369818K->369818K(370176K)] 509082K->400691K(532480K) [PSPermGen: 13648K->13648K(21504K)], 0.0731050 secs] [Times: user=0.52 sys=0.00, real=0.07 secs] 
305.558: Total time for which application threads were stopped: 0.0737770 seconds, Stopping threads took: 0.0001010 seconds
305.585: Application time: 0.0262490 seconds
305.585: [Full GC [PSYoungGen: 139264K->30818K(162304K)] [ParOldGen: 369818K->369818K(370176K)] 509082K->400637K(532480K) [PSPermGen: 13648K->13648K(21504K)], 0.0722170 secs] [Times: user=0.51 sys=0.00, real=0.07 secs] 
305.658: Total time for which application threads were stopped: 0.0729390 seconds, Stopping threads took: 0.0000750 seconds
305.684: Application time: 0.0259420 seconds
305.684: [Full GC [PSYoungGen: 139264K->30819K(162304K)] [ParOldGen: 369818K->369818K(370176K)] 509082K->400637K(532480K) [PSPermGen: 13648K->13648K(21504K)], 0.0720420 secs] [Times: user=0.50 sys=0.00, real=0.08 secs] 
305.756: Total time for which application threads were stopped: 0.0726930 seconds, Stopping threads took: 0.0000620 seconds
305.782: Application time: 0.0257250 seconds
305.783: [Full GC [PSYoungGen: 139264K->30834K(162304K)] [ParOldGen: 369818K->369818K(370176K)] 509082K->400652K(532480K) [PSPermGen: 13648K->13648K(21504K)], 0.0844400 secs] [Times: user=0.56 sys=0.00, real=0.09 secs] 
305.867: Total time for which application threads were stopped: 0.0851510 seconds, Stopping threads took: 0.0000750 seconds
305.893: Application time: 0.0260510 seconds
305.894: [Full GC [PSYoungGen: 139264K->30849K(162304K)] [ParOldGen: 369818K->369818K(370176K)] 509082K->400667K(532480K) [PSPermGen: 13648K->13648K(21504K)], 0.0723840 secs] [Times: user=0.51 sys=0.00, real=0.07 secs] 
305.966: Total time for which application threads were stopped: 0.0730960 seconds, Stopping threads took: 0.0000740 seconds
305.992: Application time: 0.0256050 seconds
305.993: [Full GC [PSYoungGen: 139264K->30863K(162304K)] [ParOldGen: 369818K->369818K(370176K)] 509082K->400681K(532480K) [PSPermGen: 13648K->13648K(21504K)], 0.0722740 secs] [Times: user=0.51 sys=0.00, real=0.07 secs] 
306.065: Total time for which application threads were stopped: 0.0729780 seconds, Stopping threads took: 0.0001320 seconds
306.091: Application time: 0.0258950 seconds
306.092: [Full GC [PSYoungGen: 139264K->30880K(162304K)] [ParOldGen: 369818K->369818K(370176K)] 509082K->400698K(532480K) [PSPermGen: 13648K->13648K(21504K)], 0.0719200 secs] [Times: user=0.50 sys=0.00, real=0.07 secs] 
306.164: Total time for which application threads were stopped: 0.0726970 seconds, Stopping threads took: 0.0001280 seconds
306.190: Application time: 0.0266670 seconds
306.191: [Full GC [PSYoungGen: 139264K->30841K(162304K)] [ParOldGen: 369818K->369818K(370176K)] 509082K->400659K(532480K) [PSPermGen: 13648K->13648K(21504K)], 0.0719480 secs] [Times: user=0.50 sys=0.00, real=0.07 secs] 
306.263: Total time for which application threads were stopped: 0.0726090 seconds, Stopping threads took: 0.0000830 seconds
306.289: Application time: 0.0261210 seconds
306.290: [Full GC [PSYoungGen: 139264K->30841K(162304K)] [ParOldGen: 369818K->369818K(370176K)] 509082K->400660K(532480K) [PSPermGen: 13648K->13648K(21504K)], 0.0717960 secs] [Times: user=0.51 sys=0.00, real=0.07 secs] 
306.361: Total time for which application threads were stopped: 0.0724850 seconds, Stopping threads took: 0.0000700 seconds
306.387: Application time: 0.0257860 seconds
306.388: [Full GC [PSYoungGen: 139264K->30857K(162304K)] [ParOldGen: 369818K->369818K(370176K)] 509082K->400675K(532480K) [PSPermGen: 13648K->13648K(21504K)], 0.0719430 secs] [Times: user=0.51 sys=0.00, real=0.07 secs] 
306.460: Total time for which application threads were stopped: 0.0725850 seconds, Stopping threads took: 0.0000700 seconds
306.485: Application time: 0.0256420 seconds
306.486: [Full GC [PSYoungGen: 139264K->30872K(162304K)] [ParOldGen: 369818K->369818K(370176K)] 509082K->400690K(532480K) [PSPermGen: 13648K->13648K(21504K)], 0.0719210 secs] [Times: user=0.50 sys=0.00, real=0.07 secs] 
306.558: Total time for which application threads were stopped: 0.0725420 seconds, Stopping threads took: 0.0000540 seconds
306.584: Application time: 0.0259310 seconds
306.585: [Full GC [PSYoungGen: 139264K->30832K(162304K)] [ParOldGen: 369818K->369818K(370176K)] 509082K->400651K(532480K) [PSPermGen: 13648K->13648K(21504K)], 0.0716300 secs] [Times: user=0.51 sys=0.00, real=0.07 secs] 
306.656: Total time for which application threads were stopped: 0.0723350 seconds, Stopping threads took: 0.0000610 seconds
306.682: Application time: 0.0257090 seconds
306.683: [Full GC [PSYoungGen: 139264K->30830K(162304K)] [ParOldGen: 369818K->369818K(370176K)] 509082K->400648K(532480K) [PSPermGen: 13648K->13648K(21504K)], 0.0720550 secs] [Times: user=0.51 sys=0.00, real=0.08 secs] 
306.755: Total time for which application threads were stopped: 0.0727680 seconds, Stopping threads took: 0.0000580 seconds
306.781: Application time: 0.0259040 seconds
306.781: [Full GC [PSYoungGen: 139264K->30847K(162304K)] [ParOldGen: 369818K->369818K(370176K)] 509082K->400665K(532480K) [PSPermGen: 13648K->13648K(21504K)], 0.0724030 secs] [Times: user=0.51 sys=0.00, real=0.08 secs] 
306.854: Total time for which application threads were stopped: 0.0730130 seconds, Stopping threads took: 0.0000510 seconds
306.880: Application time: 0.0258690 seconds
306.880: [Full GC [PSYoungGen: 139264K->30861K(162304K)] [ParOldGen: 369818K->369818K(370176K)] 509082K->400679K(532480K) [PSPermGen: 13648K->13648K(21504K)], 0.0727010 secs] [Times: user=0.51 sys=0.00, real=0.08 secs] 
306.953: Total time for which application threads were stopped: 0.0733360 seconds, Stopping threads took: 0.0000690 seconds
306.978: Application time: 0.0254670 seconds
306.979: [Full GC [PSYoungGen: 139264K->30881K(162304K)] [ParOldGen: 369818K->369818K(370176K)] 509082K->400699K(532480K) [PSPermGen: 13648K->13648K(21504K)], 0.0715720 secs] [Times: user=0.50 sys=0.00, real=0.07 secs] 
307.051: Total time for which application threads were stopped: 0.0722550 seconds, Stopping threads took: 0.0000480 seconds
307.076: Application time: 0.0255760 seconds
307.077: [Full GC [PSYoungGen: 139264K->30894K(162304K)] [ParOldGen: 369818K->369818K(370176K)] 509082K->400712K(532480K) [PSPermGen: 13648K->13648K(21504K)], 0.0722790 secs] [Times: user=0.50 sys=0.00, real=0.07 secs] 
307.149: Total time for which application threads were stopped: 0.0728990 seconds, Stopping threads took: 0.0000390 seconds
307.175: Application time: 0.0257310 seconds
307.175: [Full GC [PSYoungGen: 139264K->30909K(162304K)] [ParOldGen: 369818K->369818K(370176K)] 509082K->400727K(532480K) [PSPermGen: 13648K->13648K(21504K)], 0.0720410 secs] [Times: user=0.51 sys=0.00, real=0.07 secs] 
307.247: Total time for which application threads were stopped: 0.0726650 seconds, Stopping threads took: 0.0000510 seconds
307.273: Application time: 0.0254680 seconds
307.274: [Full GC [PSYoungGen: 139264K->30926K(162304K)] [ParOldGen: 369818K->369818K(370176K)] 509082K->400744K(532480K) [PSPermGen: 13648K->13648K(21504K)], 0.0717800 secs] [Times: user=0.51 sys=0.00, real=0.07 secs] 
307.345: Total time for which application threads were stopped: 0.0724950 seconds, Stopping threads took: 0.0000730 seconds
307.371: Application time: 0.0256640 seconds
307.372: [Full GC [PSYoungGen: 139264K->30941K(162304K)] [ParOldGen: 369818K->369818K(370176K)] 509082K->400759K(532480K) [PSPermGen: 13648K->13648K(21504K)], 0.0719980 secs] [Times: user=0.50 sys=0.00, real=0.07 secs] 
307.444: Total time for which application threads were stopped: 0.0726160 seconds, Stopping threads took: 0.0000570 seconds
307.470: Application time: 0.0258200 seconds
307.470: [Full GC [PSYoungGen: 139264K->30956K(162304K)] [ParOldGen: 369818K->369818K(370176K)] 509082K->400775K(532480K) [PSPermGen: 13648K->13648K(21504K)], 0.0720370 secs] [Times: user=0.50 sys=0.00, real=0.07 secs] 
307.542: Total time for which application threads were stopped: 0.0727310 seconds, Stopping threads took: 0.0000550 seconds
307.568: Application time: 0.0260330 seconds
307.569: [Full GC [PSYoungGen: 139264K->30917K(162304K)] [ParOldGen: 369818K->369818K(370176K)] 509082K->400735K(532480K) [PSPermGen: 13648K->13648K(21504K)], 0.0722580 secs] [Times: user=0.51 sys=0.00, real=0.07 secs] 
307.642: Total time for which application threads were stopped: 0.0731510 seconds, Stopping threads took: 0.0000970 seconds
307.667: Application time: 0.0258690 seconds
307.668: [Full GC [PSYoungGen: 139264K->30916K(162304K)] [ParOldGen: 369818K->369818K(370176K)] 509082K->400735K(532480K) [PSPermGen: 13648K->13648K(21504K)], 0.0718100 secs] [Times: user=0.51 sys=0.00, real=0.07 secs] 
307.740: Total time for which application threads were stopped: 0.0725360 seconds, Stopping threads took: 0.0001060 seconds
307.766: Application time: 0.0258000 seconds
307.766: [Full GC [PSYoungGen: 139264K->30931K(162304K)] [ParOldGen: 369818K->369818K(370176K)] 509082K->400749K(532480K) [PSPermGen: 13648K->13648K(21504K)], 0.0723910 secs] [Times: user=0.51 sys=0.00, real=0.07 secs] 
307.839: Total time for which application threads were stopped: 0.0730260 seconds, Stopping threads took: 0.0000560 seconds
307.864: Application time: 0.0255540 seconds
307.865: [Full GC [PSYoungGen: 139264K->30948K(162304K)] [ParOldGen: 369818K->369818K(370176K)] 509082K->400766K(532480K) [PSPermGen: 13648K->13648K(21504K)], 0.0729980 secs] [Times: user=0.51 sys=0.00, real=0.07 secs] 
307.938: Total time for which application threads were stopped: 0.0736770 seconds, Stopping threads took: 0.0000970 seconds
307.965: Application time: 0.0269840 seconds
307.966: [Full GC [PSYoungGen: 139264K->30966K(162304K)] [ParOldGen: 369818K->369818K(370176K)] 509082K->400784K(532480K) [PSPermGen: 13648K->13648K(21504K)], 0.0723630 secs] [Times: user=0.51 sys=0.00, real=0.07 secs] 
308.038: Total time for which application threads were stopped: 0.0730360 seconds, Stopping threads took: 0.0000710 seconds
308.064: Application time: 0.0257910 seconds
308.064: [Full GC [PSYoungGen: 139264K->30980K(162304K)] [ParOldGen: 369818K->369818K(370176K)] 509082K->400799K(532480K) [PSPermGen: 13648K->13648K(21504K)], 0.0723530 secs] [Times: user=0.51 sys=0.00, real=0.07 secs] 
308.137: Total time for which application threads were stopped: 0.0729770 seconds, Stopping threads took: 0.0000510 seconds
308.163: Application time: 0.0258510 seconds
308.163: [Full GC [PSYoungGen: 139264K->30993K(162304K)] [ParOldGen: 369818K->369818K(370176K)] 509082K->400812K(532480K) [PSPermGen: 13648K->13648K(21504K)], 0.0718890 secs] [Times: user=0.51 sys=0.00, real=0.08 secs] 
308.235: Total time for which application threads were stopped: 0.0725780 seconds, Stopping threads took: 0.0000750 seconds
308.261: Application time: 0.0257470 seconds
308.262: [Full GC [PSYoungGen: 139264K->31010K(162304K)] [ParOldGen: 369818K->369818K(370176K)] 509082K->400829K(532480K) [PSPermGen: 13648K->13648K(21504K)], 0.0720290 secs] [Times: user=0.51 sys=0.00, real=0.08 secs] 
308.334: Total time for which application threads were stopped: 0.0727000 seconds, Stopping threads took: 0.0000460 seconds
308.360: Application time: 0.0262130 seconds
308.361: [Full GC [PSYoungGen: 139264K->30918K(162304K)] [ParOldGen: 369818K->369818K(370176K)] 509082K->400736K(532480K) [PSPermGen: 13648K->13648K(21504K)], 0.0721020 secs] [Times: user=0.50 sys=0.00, real=0.08 secs] 
308.433: Total time for which application threads were stopped: 0.0728080 seconds, Stopping threads took: 0.0000610 seconds
308.459: Application time: 0.0259960 seconds
308.459: [Full GC [PSYoungGen: 139264K->30839K(162304K)] [ParOldGen: 369818K->369817K(370176K)] 509082K->400657K(532480K) [PSPermGen: 13648K->13648K(21504K)], 0.2071180 secs] [Times: user=1.52 sys=0.01, real=0.21 secs] 
308.666: Total time for which application threads were stopped: 0.2077730 seconds, Stopping threads took: 0.0000690 seconds
308.692: Application time: 0.0256160 seconds
308.693: [Full GC [PSYoungGen: 139264K->30848K(162304K)] [ParOldGen: 369817K->369817K(370176K)] 509081K->400666K(532480K) [PSPermGen: 13648K->13648K(21504K)], 0.0721960 secs] [Times: user=0.50 sys=0.00, real=0.07 secs] 
308.765: Total time for which application threads were stopped: 0.0729510 seconds, Stopping threads took: 0.0001230 seconds
308.791: Application time: 0.0256470 seconds
308.791: [Full GC [PSYoungGen: 139264K->30863K(162304K)] [ParOldGen: 369817K->369817K(370176K)] 509081K->400681K(532480K) [PSPermGen: 13648K->13648K(21504K)], 0.0725990 secs] [Times: user=0.51 sys=0.00, real=0.07 secs] 
308.864: Total time for which application threads were stopped: 0.0733120 seconds, Stopping threads took: 0.0000780 seconds
308.890: Application time: 0.0259180 seconds
308.891: [Full GC [PSYoungGen: 139264K->30876K(162304K)] [ParOldGen: 369817K->369817K(370176K)] 509081K->400694K(532480K) [PSPermGen: 13648K->13648K(21504K)], 0.0723730 secs] [Times: user=0.51 sys=0.00, real=0.07 secs] 
308.963: Total time for which application threads were stopped: 0.0731010 seconds, Stopping threads took: 0.0000970 seconds
308.989: Application time: 0.0256860 seconds
308.989: [Full GC [PSYoungGen: 139264K->30892K(162304K)] [ParOldGen: 369817K->369817K(370176K)] 509081K->400710K(532480K) [PSPermGen: 13648K->13648K(21504K)], 0.0722650 secs] [Times: user=0.51 sys=0.00, real=0.07 secs] 
309.062: Total time for which application threads were stopped: 0.0729290 seconds, Stopping threads took: 0.0000830 seconds
309.088: Application time: 0.0259760 seconds
309.088: [Full GC [PSYoungGen: 139264K->30909K(162304K)] [ParOldGen: 369817K->369817K(370176K)] 509081K->400727K(532480K) [PSPermGen: 13648K->13648K(21504K)], 0.0726510 secs] [Times: user=0.50 sys=0.00, real=0.07 secs] 
309.161: Total time for which application threads were stopped: 0.0733440 seconds, Stopping threads took: 0.0000700 seconds
309.187: Application time: 0.0259370 seconds
309.187: [Full GC [PSYoungGen: 139264K->30862K(162304K)] [ParOldGen: 369817K->369817K(370176K)] 509081K->400680K(532480K) [PSPermGen: 13648K->13648K(21504K)], 0.0721350 secs] [Times: user=0.50 sys=0.01, real=0.07 secs] 
309.260: Total time for which application threads were stopped: 0.0727490 seconds, Stopping threads took: 0.0000510 seconds
309.285: Application time: 0.0256500 seconds
309.286: [Full GC [PSYoungGen: 139264K->30867K(162304K)] [ParOldGen: 369817K->369817K(370176K)] 509081K->400685K(532480K) [PSPermGen: 13648K->13648K(21504K)], 0.0720420 secs] [Times: user=0.50 sys=0.00, real=0.07 secs] 
309.358: Total time for which application threads were stopped: 0.0727370 seconds, Stopping threads took: 0.0000670 seconds
309.384: Application time: 0.0262190 seconds
309.385: [Full GC [PSYoungGen: 139264K->30830K(162304K)] [ParOldGen: 369817K->369817K(370176K)] 509081K->400648K(532480K) [PSPermGen: 13648K->13648K(21504K)], 0.0715140 secs] [Times: user=0.50 sys=0.00, real=0.07 secs] 
309.457: Total time for which application threads were stopped: 0.0722220 seconds, Stopping threads took: 0.0000760 seconds
309.482: Application time: 0.0254290 seconds
309.483: [Full GC [PSYoungGen: 139264K->30831K(162304K)] [ParOldGen: 369817K->369817K(370176K)] 509081K->400649K(532480K) [PSPermGen: 13648K->13648K(21504K)], 0.0719920 secs] [Times: user=0.50 sys=0.00, real=0.08 secs] 
309.555: Total time for which application threads were stopped: 0.0726670 seconds, Stopping threads took: 0.0000610 seconds
309.580: Application time: 0.0258900 seconds
309.581: [Full GC [PSYoungGen: 139264K->30846K(162304K)] [ParOldGen: 369817K->369817K(370176K)] 509081K->400664K(532480K) [PSPermGen: 13648K->13648K(21504K)], 0.0718460 secs] [Times: user=0.51 sys=0.00, real=0.08 secs] 
309.653: Total time for which application threads were stopped: 0.0725360 seconds, Stopping threads took: 0.0000450 seconds
309.679: Application time: 0.0257100 seconds
309.679: [Full GC [PSYoungGen: 139264K->30862K(162304K)] [ParOldGen: 369817K->369817K(370176K)] 509081K->400680K(532480K) [PSPermGen: 13648K->13648K(21504K)], 0.0718000 secs] [Times: user=0.50 sys=0.00, real=0.07 secs] 
309.751: Total time for which application threads were stopped: 0.0725200 seconds, Stopping threads took: 0.0000710 seconds
309.777: Application time: 0.0257840 seconds
309.778: [Full GC [PSYoungGen: 139264K->30873K(162304K)] [ParOldGen: 369817K->369817K(370176K)] 509081K->400691K(532480K) [PSPermGen: 13648K->13648K(21504K)], 0.0726540 secs] [Times: user=0.51 sys=0.00, real=0.07 secs] 
309.850: Total time for which application threads were stopped: 0.0733140 seconds, Stopping threads took: 0.0000890 seconds
309.876: Application time: 0.0258300 seconds
309.877: [Full GC [PSYoungGen: 139264K->30891K(162304K)] [ParOldGen: 369817K->369817K(370176K)] 509081K->400709K(532480K) [PSPermGen: 13648K->13648K(21504K)], 0.0719380 secs] [Times: user=0.51 sys=0.00, real=0.07 secs] 
309.949: Total time for which application threads were stopped: 0.0725750 seconds, Stopping threads took: 0.0000570 seconds
309.974: Application time: 0.0256780 seconds
309.975: [Full GC [PSYoungGen: 139264K->30904K(162304K)] [ParOldGen: 369817K->369817K(370176K)] 509081K->400722K(532480K) [PSPermGen: 13648K->13648K(21504K)], 0.0719680 secs] [Times: user=0.51 sys=0.00, real=0.07 secs] 
310.047: Total time for which application threads were stopped: 0.0726380 seconds, Stopping threads took: 0.0000900 seconds
310.073: Application time: 0.0259540 seconds
310.074: [Full GC [PSYoungGen: 139264K->30867K(162304K)] [ParOldGen: 369817K->369817K(370176K)] 509081K->400685K(532480K) [PSPermGen: 13648K->13648K(21504K)], 0.0716240 secs] [Times: user=0.50 sys=0.00, real=0.07 secs] 
310.145: Total time for which application threads were stopped: 0.0722630 seconds, Stopping threads took: 0.0000720 seconds
310.171: Application time: 0.0257200 seconds
310.172: [Full GC [PSYoungGen: 139264K->30865K(162304K)] [ParOldGen: 369817K->369817K(370176K)] 509081K->400683K(532480K) [PSPermGen: 13648K->13648K(21504K)], 0.0716940 secs] [Times: user=0.50 sys=0.00, real=0.07 secs] 
310.243: Total time for which application threads were stopped: 0.0724130 seconds, Stopping threads took: 0.0000600 seconds
310.271: Application time: 0.0273590 seconds
310.271: [Full GC [PSYoungGen: 139264K->30820K(162304K)] [ParOldGen: 369817K->369817K(370176K)] 509081K->400638K(532480K) [PSPermGen: 13648K->13648K(21504K)], 0.0716470 secs] [Times: user=0.50 sys=0.00, real=0.07 secs] 
310.343: Total time for which application threads were stopped: 0.0722960 seconds, Stopping threads took: 0.0000330 seconds
310.369: Application time: 0.0257670 seconds
310.370: [Full GC [PSYoungGen: 139264K->30829K(162304K)] [ParOldGen: 369817K->369817K(370176K)] 509081K->400647K(532480K) [PSPermGen: 13648K->13648K(21504K)], 0.0721880 secs] [Times: user=0.51 sys=0.00, real=0.07 secs] 
310.442: Total time for which application threads were stopped: 0.0728770 seconds, Stopping threads took: 0.0000900 seconds
310.468: Application time: 0.0258950 seconds
310.468: [Full GC [PSYoungGen: 139264K->30844K(162304K)] [ParOldGen: 369817K->369817K(370176K)] 509081K->400662K(532480K) [PSPermGen: 13648K->13648K(21504K)], 0.0720430 secs] [Times: user=0.50 sys=0.00, real=0.07 secs] 
310.540: Total time for which application threads were stopped: 0.0727270 seconds, Stopping threads took: 0.0000530 seconds
310.566: Application time: 0.0258090 seconds
310.567: [Full GC [PSYoungGen: 139264K->30859K(162304K)] [ParOldGen: 369817K->369817K(370176K)] 509081K->400677K(532480K) [PSPermGen: 13648K->13648K(21504K)], 0.0725300 secs] [Times: user=0.52 sys=0.00, real=0.07 secs] 
310.639: Total time for which application threads were stopped: 0.0731530 seconds, Stopping threads took: 0.0000460 seconds
310.665: Application time: 0.0257290 seconds
310.666: [Full GC [PSYoungGen: 139264K->30876K(162304K)] [ParOldGen: 369817K->369817K(370176K)] 509081K->400694K(532480K) [PSPermGen: 13648K->13648K(21504K)], 0.0717260 secs] [Times: user=0.51 sys=0.00, real=0.07 secs] 
310.738: Total time for which application threads were stopped: 0.0724170 seconds, Stopping threads took: 0.0000690 seconds
310.763: Application time: 0.0257480 seconds
310.764: [Full GC [PSYoungGen: 139264K->30891K(162304K)] [ParOldGen: 369817K->369817K(370176K)] 509081K->400709K(532480K) [PSPermGen: 13648K->13648K(21504K)], 0.0718630 secs] [Times: user=0.51 sys=0.00, real=0.08 secs] 
310.836: Total time for which application threads were stopped: 0.0726020 seconds, Stopping threads took: 0.0000780 seconds
310.861: Application time: 0.0255550 seconds
310.862: [Full GC [PSYoungGen: 139264K->30906K(162304K)] [ParOldGen: 369817K->369817K(370176K)] 509081K->400724K(532480K) [PSPermGen: 13648K->13648K(21504K)], 0.0723480 secs] [Times: user=0.51 sys=0.00, real=0.08 secs] 
310.934: Total time for which application threads were stopped: 0.0729800 seconds, Stopping threads took: 0.0000630 seconds
310.961: Application time: 0.0261330 seconds
310.961: [Full GC [PSYoungGen: 139264K->30921K(162304K)] [ParOldGen: 369817K->369817K(370176K)] 509081K->400739K(532480K) [PSPermGen: 13648K->13648K(21504K)], 0.0720850 secs] [Times: user=0.50 sys=0.00, real=0.08 secs] 
311.033: Total time for which application threads were stopped: 0.0728280 seconds, Stopping threads took: 0.0001000 seconds
311.059: Application time: 0.0256620 seconds
311.060: [Full GC [PSYoungGen: 139264K->30937K(162304K)] [ParOldGen: 369817K->369817K(370176K)] 509081K->400755K(532480K) [PSPermGen: 13648K->13648K(21504K)], 0.0718880 secs] [Times: user=0.51 sys=0.00, real=0.07 secs] 
311.132: Total time for which application threads were stopped: 0.0725320 seconds, Stopping threads took: 0.0000660 seconds
311.158: Application time: 0.0259800 seconds
311.158: [Full GC [PSYoungGen: 139264K->30897K(162304K)] [ParOldGen: 369817K->369817K(370176K)] 509081K->400715K(532480K) [PSPermGen: 13648K->13648K(21504K)], 0.0716440 secs] [Times: user=0.50 sys=0.00, real=0.07 secs] 
311.230: Total time for which application threads were stopped: 0.0723250 seconds, Stopping threads took: 0.0000490 seconds
311.256: Application time: 0.0258860 seconds
311.256: [Full GC [PSYoungGen: 139264K->30898K(162304K)] [ParOldGen: 369817K->369817K(370176K)] 509081K->400715K(532480K) [PSPermGen: 13648K->13648K(21504K)], 0.0720290 secs] [Times: user=0.50 sys=0.01, real=0.07 secs] 
311.328: Total time for which application threads were stopped: 0.0726700 seconds, Stopping threads took: 0.0000620 seconds
311.354: Application time: 0.0256750 seconds
311.355: [Full GC [PSYoungGen: 139264K->30914K(162304K)] [ParOldGen: 369817K->369817K(370176K)] 509081K->400732K(532480K) [PSPermGen: 13648K->13648K(21504K)], 0.0719060 secs] [Times: user=0.51 sys=0.00, real=0.07 secs] 
311.427: Total time for which application threads were stopped: 0.0726510 seconds, Stopping threads took: 0.0001010 seconds
311.453: Application time: 0.0258340 seconds
311.453: [Full GC [PSYoungGen: 139264K->30930K(162304K)] [ParOldGen: 369817K->369817K(370176K)] 509081K->400747K(532480K) [PSPermGen: 13648K->13648K(21504K)], 0.0721630 secs] [Times: user=0.51 sys=0.00, real=0.07 secs] 
311.526: Total time for which application threads were stopped: 0.0728710 seconds, Stopping threads took: 0.0000800 seconds
311.552: Application time: 0.0260050 seconds
311.552: [Full GC [PSYoungGen: 139264K->30945K(162304K)] [ParOldGen: 369817K->369817K(370176K)] 509081K->400763K(532480K) [PSPermGen: 13648K->13648K(21504K)], 0.0716340 secs] [Times: user=0.51 sys=0.00, real=0.07 secs] 
311.624: Total time for which application threads were stopped: 0.0723070 seconds, Stopping threads took: 0.0000510 seconds
311.650: Application time: 0.0256840 seconds
311.650: [Full GC [PSYoungGen: 139264K->30959K(162304K)] [ParOldGen: 369817K->369817K(370176K)] 509081K->400777K(532480K) [PSPermGen: 13648K->13648K(21504K)], 0.0720310 secs] [Times: user=0.50 sys=0.00, real=0.07 secs] 
311.722: Total time for which application threads were stopped: 0.0727530 seconds, Stopping threads took: 0.0000850 seconds
311.748: Application time: 0.0255160 seconds
311.748: [Full GC [PSYoungGen: 139264K->30976K(162304K)] [ParOldGen: 369817K->369817K(370176K)] 509081K->400794K(532480K) [PSPermGen: 13648K->13648K(21504K)], 0.0715830 secs] [Times: user=0.50 sys=0.00, real=0.07 secs] 
311.820: Total time for which application threads were stopped: 0.0722880 seconds, Stopping threads took: 0.0000800 seconds
311.846: Application time: 0.0257300 seconds
311.846: [Full GC [PSYoungGen: 139264K->30991K(162304K)] [ParOldGen: 369817K->369817K(370176K)] 509081K->400809K(532480K) [PSPermGen: 13648K->13648K(21504K)], 0.0720970 secs] [Times: user=0.50 sys=0.00, real=0.07 secs] 
311.919: Total time for which application threads were stopped: 0.0727950 seconds, Stopping threads took: 0.0000640 seconds
311.931: Application time: 0.0126300 seconds
311.932: Total time for which application threads were stopped: 0.0006490 seconds, Stopping threads took: 0.0000770 seconds
311.946: Application time: 0.0143330 seconds
311.947: [Full GC [PSYoungGen: 139264K->30897K(162304K)] [ParOldGen: 369817K->369817K(370176K)] 509081K->400715K(532480K) [PSPermGen: 13648K->13648K(21504K)], 0.0718710 secs] [Times: user=0.51 sys=0.00, real=0.07 secs] 
312.019: Total time for which application threads were stopped: 0.0725660 seconds, Stopping threads took: 0.0000840 seconds
312.044: Application time: 0.0256510 seconds
312.045: [Full GC [PSYoungGen: 139264K->30882K(162304K)] [ParOldGen: 369817K->369817K(370176K)] 509081K->400700K(532480K) [PSPermGen: 13648K->13648K(21504K)], 0.0716680 secs] [Times: user=0.50 sys=0.00, real=0.07 secs] 
312.117: Total time for which application threads were stopped: 0.0723820 seconds, Stopping threads took: 0.0000900 seconds
312.143: Application time: 0.0256670 seconds
312.143: [Full GC [PSYoungGen: 139264K->30898K(162304K)] [ParOldGen: 369817K->369817K(370176K)] 509081K->400716K(532480K) [PSPermGen: 13648K->13648K(21504K)], 0.0719870 secs] [Times: user=0.50 sys=0.00, real=0.08 secs] 
312.215: Total time for which application threads were stopped: 0.0726830 seconds, Stopping threads took: 0.0000850 seconds
312.241: Application time: 0.0257140 seconds
312.242: [Full GC [PSYoungGen: 139264K->30911K(162304K)] [ParOldGen: 369817K->369817K(370176K)] 509081K->400729K(532480K) [PSPermGen: 13648K->13648K(21504K)], 0.0738580 secs] [Times: user=0.52 sys=0.00, real=0.08 secs] 
312.315: Total time for which application threads were stopped: 0.0745590 seconds, Stopping threads took: 0.0000690 seconds
312.342: Application time: 0.0263750 seconds
312.342: [Full GC [PSYoungGen: 139264K->30874K(162304K)] [ParOldGen: 369817K->369817K(370176K)] 509081K->400691K(532480K) [PSPermGen: 13648K->13648K(21504K)], 0.0721170 secs] [Times: user=0.51 sys=0.00, real=0.08 secs] 
312.415: Total time for which application threads were stopped: 0.0728130 seconds, Stopping threads took: 0.0000630 seconds
312.441: Application time: 0.0259070 seconds
312.441: [Full GC [PSYoungGen: 139264K->30873K(162304K)] [ParOldGen: 369817K->369817K(370176K)] 509081K->400691K(532480K) [PSPermGen: 13648K->13648K(21504K)], 0.0726630 secs] [Times: user=0.51 sys=0.00, real=0.08 secs] 
312.514: Total time for which application threads were stopped: 0.0733520 seconds, Stopping threads took: 0.0000940 seconds
312.540: Application time: 0.0259710 seconds
312.541: [Full GC [PSYoungGen: 139264K->30890K(162304K)] [ParOldGen: 369817K->369817K(370176K)] 509081K->400708K(532480K) [PSPermGen: 13648K->13648K(21504K)], 0.0722350 secs] [Times: user=0.50 sys=0.00, real=0.08 secs] 
312.613: Total time for which application threads were stopped: 0.0729290 seconds, Stopping threads took: 0.0000670 seconds
312.639: Application time: 0.0259970 seconds
312.639: [Full GC [PSYoungGen: 139264K->30904K(162304K)] [ParOldGen: 369817K->369817K(370176K)] 509081K->400722K(532480K) [PSPermGen: 13648K->13648K(21504K)], 0.0726690 secs] [Times: user=0.51 sys=0.00, real=0.07 secs] 
312.712: Total time for which application threads were stopped: 0.0733450 seconds, Stopping threads took: 0.0000590 seconds
312.738: Application time: 0.0260590 seconds
312.739: [Full GC [PSYoungGen: 139264K->30921K(162304K)] [ParOldGen: 369817K->369817K(370176K)] 509081K->400739K(532480K) [PSPermGen: 13648K->13648K(21504K)], 0.0718950 secs] [Times: user=0.51 sys=0.00, real=0.07 secs] 
312.811: Total time for which application threads were stopped: 0.0726490 seconds, Stopping threads took: 0.0001170 seconds
312.837: Application time: 0.0260680 seconds
312.838: [Full GC [PSYoungGen: 139264K->30930K(162304K)] [ParOldGen: 369817K->369817K(370176K)] 509081K->400748K(532480K) [PSPermGen: 13648K->13648K(21504K)], 0.0720640 secs] [Times: user=0.51 sys=0.00, real=0.07 secs] 
312.910: Total time for which application threads were stopped: 0.0727820 seconds, Stopping threads took: 0.0001180 seconds
312.937: Application time: 0.0272800 seconds
312.938: [Full GC [PSYoungGen: 139264K->30881K(162304K)] [ParOldGen: 369817K->369817K(370176K)] 509081K->400699K(532480K) [PSPermGen: 13648K->13648K(21504K)], 0.0719290 secs] [Times: user=0.50 sys=0.00, real=0.07 secs] 
313.010: Total time for which application threads were stopped: 0.0726920 seconds, Stopping threads took: 0.0001290 seconds
313.035: Application time: 0.0255430 seconds
313.036: [Full GC [PSYoungGen: 139264K->30893K(162304K)] [ParOldGen: 369817K->369817K(370176K)] 509081K->400711K(532480K) [PSPermGen: 13648K->13648K(21504K)], 0.0723260 secs] [Times: user=0.50 sys=0.00, real=0.07 secs] 
313.108: Total time for which application threads were stopped: 0.0730480 seconds, Stopping threads took: 0.0000510 seconds
313.135: Application time: 0.0261770 seconds
313.135: [Full GC [PSYoungGen: 139264K->30841K(162304K)] [ParOldGen: 369817K->369817K(370176K)] 509081K->400659K(532480K) [PSPermGen: 13648K->13648K(21504K)], 0.0718030 secs] [Times: user=0.50 sys=0.00, real=0.07 secs] 
313.207: Total time for which application threads were stopped: 0.0725050 seconds, Stopping threads took: 0.0000740 seconds
313.233: Application time: 0.0259130 seconds
313.234: [Full GC [PSYoungGen: 139264K->30858K(162304K)] [ParOldGen: 369817K->369817K(370176K)] 509081K->400676K(532480K) [PSPermGen: 13648K->13648K(21504K)], 0.0720690 secs] [Times: user=0.51 sys=0.00, real=0.07 secs] 
313.306: Total time for which application threads were stopped: 0.0727610 seconds, Stopping threads took: 0.0000590 seconds
313.332: Application time: 0.0258010 seconds
313.332: [Full GC [PSYoungGen: 139264K->30871K(162304K)] [ParOldGen: 369817K->369817K(370176K)] 509081K->400688K(532480K) [PSPermGen: 13648K->13648K(21504K)], 0.0725400 secs] [Times: user=0.51 sys=0.00, real=0.08 secs] 
313.405: Total time for which application threads were stopped: 0.0731510 seconds, Stopping threads took: 0.0000570 seconds
313.431: Application time: 0.0259680 seconds
313.431: [Full GC [PSYoungGen: 139264K->30888K(162304K)] [ParOldGen: 369817K->369817K(370176K)] 509081K->400706K(532480K) [PSPermGen: 13648K->13648K(21504K)], 0.0719210 secs] [Times: user=0.51 sys=0.00, real=0.07 secs] 
313.503: Total time for which application threads were stopped: 0.0726300 seconds, Stopping threads took: 0.0000710 seconds
313.529: Application time: 0.0257190 seconds
313.530: [Full GC [PSYoungGen: 139264K->30902K(162304K)] [ParOldGen: 369817K->369817K(370176K)] 509081K->400720K(532480K) [PSPermGen: 13648K->13648K(21504K)], 0.0718850 secs] [Times: user=0.51 sys=0.00, real=0.07 secs] 
313.602: Total time for which application threads were stopped: 0.0726050 seconds, Stopping threads took: 0.0000890 seconds
313.627: Application time: 0.0258620 seconds
313.628: [Full GC [PSYoungGen: 139264K->30915K(162304K)] [ParOldGen: 369817K->369817K(370176K)] 509081K->400733K(532480K) [PSPermGen: 13648K->13648K(21504K)], 0.0718000 secs] [Times: user=0.50 sys=0.00, real=0.07 secs] 
313.700: Total time for which application threads were stopped: 0.0724630 seconds, Stopping threads took: 0.0000810 seconds
313.726: Application time: 0.0261310 seconds
313.727: [Full GC [PSYoungGen: 139264K->30879K(162304K)] [ParOldGen: 369817K->369817K(370176K)] 509081K->400697K(532480K) [PSPermGen: 13648K->13648K(21504K)], 0.0719470 secs] [Times: user=0.51 sys=0.00, real=0.07 secs] 
313.799: Total time for which application threads were stopped: 0.0725860 seconds, Stopping threads took: 0.0000770 seconds
313.807: Application time: 0.0087590 seconds
313.808: Total time for which application threads were stopped: 0.0006760 seconds, Stopping threads took: 0.0001260 seconds
313.825: Application time: 0.0172120 seconds
313.826: [Full GC [PSYoungGen: 139264K->30825K(162304K)] [ParOldGen: 369817K->369817K(370176K)] 509081K->400643K(532480K) [PSPermGen: 13648K->13648K(21504K)], 0.0727940 secs] [Times: user=0.51 sys=0.00, real=0.07 secs] 
313.899: Total time for which application threads were stopped: 0.0734600 seconds, Stopping threads took: 0.0000910 seconds
313.925: Application time: 0.0258420 seconds
313.925: [Full GC [PSYoungGen: 139264K->30823K(162304K)] [ParOldGen: 369817K->369817K(370176K)] 509081K->400641K(532480K) [PSPermGen: 13648K->13648K(21504K)], 0.0721860 secs] [Times: user=0.51 sys=0.00, real=0.07 secs] 
313.997: Total time for which application threads were stopped: 0.0728720 seconds, Stopping threads took: 0.0000650 seconds
314.023: Application time: 0.0256840 seconds
314.024: [Full GC [PSYoungGen: 139264K->30840K(162304K)] [ParOldGen: 369817K->369817K(370176K)] 509081K->400658K(532480K) [PSPermGen: 13648K->13648K(21504K)], 0.0719710 secs] [Times: user=0.51 sys=0.00, real=0.08 secs] 
314.096: Total time for which application threads were stopped: 0.0726930 seconds, Stopping threads took: 0.0000870 seconds
314.122: Application time: 0.0258920 seconds
314.122: [Full GC [PSYoungGen: 139264K->30856K(162304K)] [ParOldGen: 369817K->369817K(370176K)] 509081K->400674K(532480K) [PSPermGen: 13648K->13648K(21504K)], 0.0720160 secs] [Times: user=0.50 sys=0.01, real=0.08 secs] 
314.194: Total time for which application threads were stopped: 0.0727090 seconds, Stopping threads took: 0.0001360 seconds
314.221: Application time: 0.0261270 seconds
314.221: [Full GC [PSYoungGen: 139264K->30870K(162304K)] [ParOldGen: 369817K->369817K(370176K)] 509081K->400688K(532480K) [PSPermGen: 13648K->13648K(21504K)], 0.0717930 secs] [Times: user=0.50 sys=0.00, real=0.08 secs] 
314.293: Total time for which application threads were stopped: 0.0724600 seconds, Stopping threads took: 0.0000780 seconds
314.319: Application time: 0.0259830 seconds
314.320: [Full GC [PSYoungGen: 139264K->30886K(162304K)] [ParOldGen: 369817K->369817K(370176K)] 509081K->400704K(532480K) [PSPermGen: 13648K->13648K(21504K)], 0.0719930 secs] [Times: user=0.51 sys=0.00, real=0.07 secs] 
314.392: Total time for which application threads were stopped: 0.0726960 seconds, Stopping threads took: 0.0000650 seconds
314.418: Application time: 0.0258760 seconds
314.418: [Full GC [PSYoungGen: 139264K->30901K(162304K)] [ParOldGen: 369817K->369817K(370176K)] 509081K->400719K(532480K) [PSPermGen: 13648K->13648K(21504K)], 0.0719990 secs] [Times: user=0.50 sys=0.00, real=0.07 secs] 
314.490: Total time for which application threads were stopped: 0.0726800 seconds, Stopping threads took: 0.0000550 seconds
314.516: Application time: 0.0259170 seconds
314.517: [Full GC [PSYoungGen: 139264K->30917K(162304K)] [ParOldGen: 369817K->369817K(370176K)] 509081K->400735K(532480K) [PSPermGen: 13648K->13648K(21504K)], 0.0721080 secs] [Times: user=0.51 sys=0.00, real=0.07 secs] 
314.589: Total time for which application threads were stopped: 0.0728200 seconds, Stopping threads took: 0.0000710 seconds
314.615: Application time: 0.0260400 seconds
314.616: [Full GC [PSYoungGen: 139264K->30933K(162304K)] [ParOldGen: 369817K->369817K(370176K)] 509081K->400751K(532480K) [PSPermGen: 13648K->13648K(21504K)], 0.0720560 secs] [Times: user=0.50 sys=0.00, real=0.07 secs] 
314.688: Total time for which application threads were stopped: 0.0726830 seconds, Stopping threads took: 0.0000530 seconds
314.714: Application time: 0.0262800 seconds
314.715: [Full GC [PSYoungGen: 139264K->30890K(162304K)] [ParOldGen: 369817K->369817K(370176K)] 509081K->400708K(532480K) [PSPermGen: 13648K->13648K(21504K)], 0.0722920 secs] [Times: user=0.51 sys=0.00, real=0.07 secs] 
314.787: Total time for which application threads were stopped: 0.0729780 seconds, Stopping threads took: 0.0000480 seconds
314.813: Application time: 0.0257070 seconds
314.813: [Full GC [PSYoungGen: 139264K->30895K(162304K)] [ParOldGen: 369817K->369817K(370176K)] 509081K->400713K(532480K) [PSPermGen: 13648K->13648K(21504K)], 0.0722930 secs] [Times: user=0.50 sys=0.00, real=0.07 secs] 
314.886: Total time for which application threads were stopped: 0.0729250 seconds, Stopping threads took: 0.0000550 seconds
314.911: Application time: 0.0256340 seconds
314.912: [Full GC [PSYoungGen: 139264K->30910K(162304K)] [ParOldGen: 369817K->369817K(370176K)] 509081K->400728K(532480K) [PSPermGen: 13648K->13648K(21504K)], 0.0722960 secs] [Times: user=0.51 sys=0.00, real=0.07 secs] 
314.984: Total time for which application threads were stopped: 0.0729080 seconds, Stopping threads took: 0.0000540 seconds
315.010: Application time: 0.0259690 seconds
315.011: [Full GC [PSYoungGen: 139264K->30925K(162304K)] [ParOldGen: 369817K->369817K(370176K)] 509081K->400743K(532480K) [PSPermGen: 13648K->13648K(21504K)], 0.0717760 secs] [Times: user=0.50 sys=0.00, real=0.07 secs] 
315.083: Total time for which application threads were stopped: 0.0724870 seconds, Stopping threads took: 0.0000810 seconds
315.109: Application time: 0.0258020 seconds
315.109: [Full GC [PSYoungGen: 139264K->30942K(162304K)] [ParOldGen: 369817K->369817K(370176K)] 509081K->400760K(532480K) [PSPermGen: 13648K->13648K(21504K)], 0.0715690 secs] [Times: user=0.50 sys=0.00, real=0.07 secs] 
315.181: Total time for which application threads were stopped: 0.0722710 seconds, Stopping threads took: 0.0000820 seconds
315.207: Application time: 0.0258540 seconds
315.207: [Full GC [PSYoungGen: 139264K->30957K(162304K)] [ParOldGen: 369817K->369817K(370176K)] 509081K->400774K(532480K) [PSPermGen: 13648K->13648K(21504K)], 0.0721260 secs] [Times: user=0.50 sys=0.00, real=0.07 secs] 
315.279: Total time for which application threads were stopped: 0.0727560 seconds, Stopping threads took: 0.0000570 seconds
315.305: Application time: 0.0260490 seconds
315.306: [Full GC [PSYoungGen: 139264K->30849K(162304K)] [ParOldGen: 369817K->369817K(370176K)] 509081K->400667K(532480K) [PSPermGen: 13648K->13648K(21504K)], 0.0720510 secs] [Times: user=0.51 sys=0.00, real=0.07 secs] 
315.378: Total time for which application threads were stopped: 0.0727480 seconds, Stopping threads took: 0.0000770 seconds
315.404: Application time: 0.0258140 seconds
315.405: [Full GC [PSYoungGen: 139264K->30846K(162304K)] [ParOldGen: 369817K->369817K(370176K)] 509081K->400664K(532480K) [PSPermGen: 13648K->13648K(21504K)], 0.0720480 secs] [Times: user=0.51 sys=0.00, real=0.07 secs] 
315.477: Total time for which application threads were stopped: 0.0727880 seconds, Stopping threads took: 0.0000750 seconds
315.503: Application time: 0.0257740 seconds
315.503: [Full GC [PSYoungGen: 139264K->30861K(162304K)] [ParOldGen: 369817K->369817K(370176K)] 509081K->400679K(532480K) [PSPermGen: 13648K->13648K(21504K)], 0.0719730 secs] [Times: user=0.50 sys=0.00, real=0.08 secs] 
315.575: Total time for which application threads were stopped: 0.0726670 seconds, Stopping threads took: 0.0000750 seconds
315.601: Application time: 0.0256220 seconds
315.602: [Full GC [PSYoungGen: 139264K->30878K(162304K)] [ParOldGen: 369817K->369817K(370176K)] 509081K->400696K(532480K) [PSPermGen: 13648K->13648K(21504K)], 0.0721310 secs] [Times: user=0.51 sys=0.00, real=0.08 secs] 
315.674: Total time for which application threads were stopped: 0.0728480 seconds, Stopping threads took: 0.0000830 seconds
315.700: Application time: 0.0258610 seconds
315.700: [Full GC [PSYoungGen: 139264K->30892K(162304K)] [ParOldGen: 369817K->369817K(370176K)] 509081K->400710K(532480K) [PSPermGen: 13648K->13648K(21504K)], 0.0729780 secs] [Times: user=0.52 sys=0.00, real=0.08 secs] 
315.773: Total time for which application threads were stopped: 0.0736720 seconds, Stopping threads took: 0.0000750 seconds
315.799: Application time: 0.0257900 seconds
315.800: [Full GC [PSYoungGen: 139264K->30910K(162304K)] [ParOldGen: 369817K->369817K(370176K)] 509081K->400727K(532480K) [PSPermGen: 13648K->13648K(21504K)], 0.0720680 secs] [Times: user=0.50 sys=0.00, real=0.07 secs] 
315.872: Total time for which application threads were stopped: 0.0727800 seconds, Stopping threads took: 0.0000790 seconds
315.898: Application time: 0.0259130 seconds
315.898: [Full GC [PSYoungGen: 139264K->30923K(162304K)] [ParOldGen: 369817K->369817K(370176K)] 509081K->400741K(532480K) [PSPermGen: 13648K->13648K(21504K)], 0.0726210 secs] [Times: user=0.51 sys=0.00, real=0.07 secs] 
315.971: Total time for which application threads were stopped: 0.0732920 seconds, Stopping threads took: 0.0000980 seconds
315.997: Application time: 0.0260010 seconds
315.998: [Full GC [PSYoungGen: 139264K->30885K(162304K)] [ParOldGen: 369817K->369817K(370176K)] 509081K->400703K(532480K) [PSPermGen: 13648K->13648K(21504K)], 0.0720200 secs] [Times: user=0.51 sys=0.00, real=0.07 secs] 
316.070: Total time for which application threads were stopped: 0.0727420 seconds, Stopping threads took: 0.0000890 seconds
316.096: Application time: 0.0258450 seconds
316.096: [Full GC [PSYoungGen: 139264K->30884K(162304K)] [ParOldGen: 369817K->369817K(370176K)] 509081K->400702K(532480K) [PSPermGen: 13648K->13648K(21504K)], 0.0724370 secs] [Times: user=0.51 sys=0.00, real=0.07 secs] 
316.169: Total time for which application threads were stopped: 0.0731380 seconds, Stopping threads took: 0.0000580 seconds
316.195: Application time: 0.0261140 seconds
316.196: [Full GC [PSYoungGen: 139264K->30899K(162304K)] [ParOldGen: 369817K->369817K(370176K)] 509081K->400717K(532480K) [PSPermGen: 13648K->13648K(21504K)], 0.0717050 secs] [Times: user=0.50 sys=0.00, real=0.07 secs] 
316.267: Total time for which application threads were stopped: 0.0724620 seconds, Stopping threads took: 0.0001210 seconds
316.293: Application time: 0.0259370 seconds
316.294: [Full GC [PSYoungGen: 139264K->30915K(162304K)] [ParOldGen: 369817K->369817K(370176K)] 509081K->400733K(532480K) [PSPermGen: 13648K->13648K(21504K)], 0.0721340 secs] [Times: user=0.51 sys=0.00, real=0.07 secs] 
316.366: Total time for which application threads were stopped: 0.0728350 seconds, Stopping threads took: 0.0000690 seconds
316.392: Application time: 0.0261270 seconds
316.393: [Full GC [PSYoungGen: 139264K->30930K(162304K)] [ParOldGen: 369817K->369817K(370176K)] 509081K->400748K(532480K) [PSPermGen: 13648K->13648K(21504K)], 0.0726650 secs] [Times: user=0.52 sys=0.00, real=0.07 secs] 
316.466: Total time for which application threads were stopped: 0.0733830 seconds, Stopping threads took: 0.0000920 seconds
316.492: Application time: 0.0261530 seconds
316.492: [Full GC [PSYoungGen: 139264K->30946K(162304K)] [ParOldGen: 369817K->369817K(370176K)] 509081K->400764K(532480K) [PSPermGen: 13648K->13648K(21504K)], 0.0717770 secs] [Times: user=0.50 sys=0.00, real=0.06 secs] 
316.564: Total time for which application threads were stopped: 0.0725120 seconds, Stopping threads took: 0.0000820 seconds
316.590: Application time: 0.0256380 seconds
316.591: [Full GC [PSYoungGen: 139264K->30956K(162304K)] [ParOldGen: 369817K->369817K(370176K)] 509081K->400774K(532480K) [PSPermGen: 13648K->13648K(21504K)], 0.0718060 secs] [Times: user=0.50 sys=0.00, real=0.07 secs] 
316.663: Total time for which application threads were stopped: 0.0725440 seconds, Stopping threads took: 0.0000660 seconds
316.689: Application time: 0.0260660 seconds
316.689: [Full GC [PSYoungGen: 139264K->30908K(162304K)] [ParOldGen: 369817K->369817K(370176K)] 509081K->400726K(532480K) [PSPermGen: 13648K->13648K(21504K)], 0.0723790 secs] [Times: user=0.51 sys=0.00, real=0.07 secs] 
316.762: Total time for which application threads were stopped: 0.0730150 seconds, Stopping threads took: 0.0000740 seconds
316.788: Application time: 0.0259920 seconds
316.788: [Full GC [PSYoungGen: 139264K->30847K(162304K)] [ParOldGen: 369817K->369817K(370176K)] 509081K->400665K(532480K) [PSPermGen: 13648K->13648K(21504K)], 0.0717920 secs] [Times: user=0.51 sys=0.00, real=0.07 secs] 
316.860: Total time for which application threads were stopped: 0.0724680 seconds, Stopping threads took: 0.0000650 seconds
316.886: Application time: 0.0262980 seconds
316.887: [Full GC [PSYoungGen: 139264K->30869K(162304K)] [ParOldGen: 369817K->369817K(370176K)] 509081K->400686K(532480K) [PSPermGen: 13648K->13648K(21504K)], 0.0724210 secs] [Times: user=0.50 sys=0.00, real=0.07 secs] 
316.959: Total time for which application threads were stopped: 0.0730510 seconds, Stopping threads took: 0.0000570 seconds
316.985: Application time: 0.0256760 seconds
316.986: [Full GC [PSYoungGen: 139264K->30883K(162304K)] [ParOldGen: 369817K->369817K(370176K)] 509081K->400700K(532480K) [PSPermGen: 13648K->13648K(21504K)], 0.0715870 secs] [Times: user=0.50 sys=0.00, real=0.07 secs] 
317.057: Total time for which application threads were stopped: 0.0723060 seconds, Stopping threads took: 0.0000950 seconds
317.083: Application time: 0.0257180 seconds
317.084: [Full GC [PSYoungGen: 139264K->30899K(162304K)] [ParOldGen: 369817K->369817K(370176K)] 509081K->400717K(532480K) [PSPermGen: 13648K->13648K(21504K)], 0.0723620 secs] [Times: user=0.51 sys=0.00, real=0.08 secs] 
317.156: Total time for which application threads were stopped: 0.0730070 seconds, Stopping threads took: 0.0000760 seconds
317.182: Application time: 0.0260770 seconds
317.183: [Full GC [PSYoungGen: 139264K->30860K(162304K)] [ParOldGen: 369817K->369817K(370176K)] 509081K->400678K(532480K) [PSPermGen: 13648K->13648K(21504K)], 0.0725610 secs] [Times: user=0.51 sys=0.00, real=0.08 secs] 
317.255: Total time for which application threads were stopped: 0.0732220 seconds, Stopping threads took: 0.0000610 seconds
317.281: Application time: 0.0258200 seconds
317.282: [Full GC [PSYoungGen: 139264K->30860K(162304K)] [ParOldGen: 369817K->369817K(370176K)] 509081K->400678K(532480K) [PSPermGen: 13648K->13648K(21504K)], 0.0719790 secs] [Times: user=0.50 sys=0.00, real=0.08 secs] 
317.354: Total time for which application threads were stopped: 0.0727110 seconds, Stopping threads took: 0.0001040 seconds
317.380: Application time: 0.0259240 seconds
317.381: [Full GC [PSYoungGen: 139264K->30868K(162304K)] [ParOldGen: 369817K->369817K(370176K)] 509081K->400686K(532480K) [PSPermGen: 13648K->13648K(21504K)], 0.0722780 secs] [Times: user=0.51 sys=0.00, real=0.08 secs] 
317.453: Total time for which application threads were stopped: 0.0729820 seconds, Stopping threads took: 0.0000520 seconds
317.479: Application time: 0.0256680 seconds
317.479: [Full GC [PSYoungGen: 139264K->30821K(162304K)] [ParOldGen: 369817K->369817K(370176K)] 509081K->400639K(532480K) [PSPermGen: 13648K->13648K(21504K)], 0.0718870 secs] [Times: user=0.51 sys=0.00, real=0.07 secs] 
317.551: Total time for which application threads were stopped: 0.0725790 seconds, Stopping threads took: 0.0000620 seconds
317.577: Application time: 0.0256700 seconds
317.577: [Full GC [PSYoungGen: 139264K->30834K(162304K)] [ParOldGen: 369817K->369817K(370176K)] 509081K->400652K(532480K) [PSPermGen: 13648K->13648K(21504K)], 0.0718740 secs] [Times: user=0.50 sys=0.00, real=0.07 secs] 
317.649: Total time for which application threads were stopped: 0.0725290 seconds, Stopping threads took: 0.0000520 seconds
317.675: Application time: 0.0254970 seconds
317.675: [Full GC [PSYoungGen: 139264K->30853K(162304K)] [ParOldGen: 369817K->369817K(370176K)] 509081K->400671K(532480K) [PSPermGen: 13648K->13648K(21504K)], 0.0726750 secs] [Times: user=0.51 sys=0.00, real=0.07 secs] 
317.748: Total time for which application threads were stopped: 0.0733520 seconds, Stopping threads took: 0.0000450 seconds
317.774: Application time: 0.0258860 seconds
317.775: [Full GC [PSYoungGen: 139264K->30869K(162304K)] [ParOldGen: 369817K->369817K(370176K)] 509081K->400687K(532480K) [PSPermGen: 13648K->13648K(21504K)], 0.0717180 secs] [Times: user=0.50 sys=0.00, real=0.07 secs] 
317.847: Total time for which application threads were stopped: 0.0724180 seconds, Stopping threads took: 0.0000550 seconds
317.872: Application time: 0.0258080 seconds
317.873: [Full GC [PSYoungGen: 139264K->30881K(162304K)] [ParOldGen: 369817K->369817K(370176K)] 509081K->400699K(532480K) [PSPermGen: 13648K->13648K(21504K)], 0.0727500 secs] [Times: user=0.51 sys=0.00, real=0.07 secs] 
317.946: Total time for which application threads were stopped: 0.0735030 seconds, Stopping threads took: 0.0001010 seconds
317.972: Application time: 0.0256850 seconds
317.972: [Full GC [PSYoungGen: 139264K->30897K(162304K)] [ParOldGen: 369817K->369817K(370176K)] 509081K->400715K(532480K) [PSPermGen: 13648K->13648K(21504K)], 0.0717250 secs] [Times: user=0.51 sys=0.00, real=0.07 secs] 
318.044: Total time for which application threads were stopped: 0.0724300 seconds, Stopping threads took: 0.0000690 seconds
318.070: Application time: 0.0259640 seconds
318.071: [Full GC [PSYoungGen: 139264K->30913K(162304K)] [ParOldGen: 369817K->369817K(370176K)] 509081K->400731K(532480K) [PSPermGen: 13648K->13648K(21504K)], 0.0715650 secs] [Times: user=0.51 sys=0.00, real=0.07 secs] 
318.142: Total time for which application threads were stopped: 0.0722690 seconds, Stopping threads took: 0.0000770 seconds
318.168: Application time: 0.0260400 seconds
318.169: [Full GC [PSYoungGen: 139264K->30865K(162304K)] [ParOldGen: 369817K->369817K(370176K)] 509081K->400683K(532480K) [PSPermGen: 13648K->13648K(21504K)], 0.0722690 secs] [Times: user=0.51 sys=0.00, real=0.07 secs] 
318.241: Total time for which application threads were stopped: 0.0729240 seconds, Stopping threads took: 0.0000850 seconds
318.267: Application time: 0.0259630 seconds
318.268: [Full GC [PSYoungGen: 139264K->30877K(162304K)] [ParOldGen: 369817K->369817K(370176K)] 509081K->400695K(532480K) [PSPermGen: 13648K->13648K(21504K)], 0.0716580 secs] [Times: user=0.50 sys=0.00, real=0.07 secs] 
318.340: Total time for which application threads were stopped: 0.0723800 seconds, Stopping threads took: 0.0000680 seconds
318.365: Application time: 0.0258830 seconds
318.366: [Full GC [PSYoungGen: 139264K->30889K(162304K)] [ParOldGen: 369817K->369817K(370176K)] 509081K->400707K(532480K) [PSPermGen: 13648K->13648K(21504K)], 0.0724600 secs] [Times: user=0.51 sys=0.01, real=0.07 secs] 
318.439: Total time for which application threads were stopped: 0.0731970 seconds, Stopping threads took: 0.0000780 seconds
318.464: Application time: 0.0257260 seconds
318.465: [Full GC [PSYoungGen: 139264K->30904K(162304K)] [ParOldGen: 369817K->369817K(370176K)] 509081K->400721K(532480K) [PSPermGen: 13648K->13648K(21504K)], 0.0715810 secs] [Times: user=0.50 sys=0.00, real=0.07 secs] 
318.537: Total time for which application threads were stopped: 0.0722870 seconds, Stopping threads took: 0.0000790 seconds
318.562: Application time: 0.0257650 seconds
318.563: [Full GC [PSYoungGen: 139264K->30922K(162304K)] [ParOldGen: 369817K->369817K(370176K)] 509081K->400740K(532480K) [PSPermGen: 13648K->13648K(21504K)], 0.0716840 secs] [Times: user=0.50 sys=0.00, real=0.08 secs] 
318.635: Total time for which application threads were stopped: 0.0723580 seconds, Stopping threads took: 0.0000470 seconds
318.660: Application time: 0.0256320 seconds
318.661: [Full GC [PSYoungGen: 139264K->30937K(162304K)] [ParOldGen: 369817K->369817K(370176K)] 509081K->400754K(532480K) [PSPermGen: 13648K->13648K(21504K)], 0.0720840 secs] [Times: user=0.51 sys=0.00, real=0.08 secs] 
318.733: Total time for which application threads were stopped: 0.0727130 seconds, Stopping threads took: 0.0000600 seconds
318.759: Application time: 0.0259230 seconds
318.760: [Full GC [PSYoungGen: 139264K->30843K(162304K)] [ParOldGen: 369817K->369817K(370176K)] 509081K->400661K(532480K) [PSPermGen: 13648K->13648K(21504K)], 0.0727510 secs] [Times: user=0.50 sys=0.01, real=0.08 secs] 
318.832: Total time for which application threads were stopped: 0.0733760 seconds, Stopping threads took: 0.0000580 seconds
318.858: Application time: 0.0254860 seconds
318.859: [Full GC [PSYoungGen: 139264K->30825K(162304K)] [ParOldGen: 369817K->369817K(370176K)] 509081K->400643K(532480K) [PSPermGen: 13648K->13648K(21504K)], 0.0714110 secs] [Times: user=0.50 sys=0.00, real=0.07 secs] 
318.930: Total time for which application threads were stopped: 0.0720810 seconds, Stopping threads took: 0.0000590 seconds
318.956: Application time: 0.0264480 seconds
318.957: [Full GC [PSYoungGen: 139264K->30841K(162304K)] [ParOldGen: 369817K->369817K(370176K)] 509081K->400659K(532480K) [PSPermGen: 13648K->13648K(21504K)], 0.0717890 secs] [Times: user=0.51 sys=0.00, real=0.07 secs] 
319.029: Total time for which application threads were stopped: 0.0724960 seconds, Stopping threads took: 0.0000540 seconds
319.055: Application time: 0.0257720 seconds
319.055: [Full GC [PSYoungGen: 139264K->30856K(162304K)] [ParOldGen: 369817K->369817K(370176K)] 509081K->400674K(532480K) [PSPermGen: 13648K->13648K(21504K)], 0.0716870 secs] [Times: user=0.50 sys=0.01, real=0.07 secs] 
319.127: Total time for which application threads were stopped: 0.0723790 seconds, Stopping threads took: 0.0000620 seconds
319.153: Application time: 0.0258960 seconds
319.154: [Full GC [PSYoungGen: 139264K->30871K(162304K)] [ParOldGen: 369817K->369817K(370176K)] 509081K->400689K(532480K) [PSPermGen: 13648K->13648K(21504K)], 0.0722090 secs] [Times: user=0.50 sys=0.00, real=0.07 secs] 
319.226: Total time for which application threads were stopped: 0.0728800 seconds, Stopping threads took: 0.0000470 seconds
319.252: Application time: 0.0258180 seconds
319.252: [Full GC [PSYoungGen: 139264K->30887K(162304K)] [ParOldGen: 369817K->369817K(370176K)] 509081K->400705K(532480K) [PSPermGen: 13648K->13648K(21504K)], 0.0717830 secs] [Times: user=0.50 sys=0.01, real=0.07 secs] 
319.324: Total time for which application threads were stopped: 0.0724750 seconds, Stopping threads took: 0.0000640 seconds
319.350: Application time: 0.0258280 seconds
319.351: [Full GC [PSYoungGen: 139264K->30904K(162304K)] [ParOldGen: 369817K->369817K(370176K)] 509081K->400722K(532480K) [PSPermGen: 13648K->13648K(21504K)], 0.0717080 secs] [Times: user=0.51 sys=0.00, real=0.07 secs] 
319.422: Total time for which application threads were stopped: 0.0723950 seconds, Stopping threads took: 0.0000620 seconds
319.448: Application time: 0.0257850 seconds
319.449: [Full GC [PSYoungGen: 139264K->30919K(162304K)] [ParOldGen: 369817K->369817K(370176K)] 509081K->400737K(532480K) [PSPermGen: 13648K->13648K(21504K)], 0.0717600 secs] [Times: user=0.49 sys=0.00, real=0.07 secs] 
319.521: Total time for which application threads were stopped: 0.0724170 seconds, Stopping threads took: 0.0000820 seconds
319.546: Application time: 0.0256040 seconds
319.547: [Full GC [PSYoungGen: 139264K->30933K(162304K)] [ParOldGen: 369817K->369817K(370176K)] 509081K->400751K(532480K) [PSPermGen: 13648K->13648K(21504K)], 0.0717910 secs] [Times: user=0.50 sys=0.00, real=0.07 secs] 
319.619: Total time for which application threads were stopped: 0.0725030 seconds, Stopping threads took: 0.0000630 seconds
319.645: Application time: 0.0259760 seconds
319.645: [Full GC [PSYoungGen: 139264K->30949K(162304K)] [ParOldGen: 369817K->369817K(370176K)] 509081K->400767K(532480K) [PSPermGen: 13648K->13648K(21504K)], 0.0717040 secs] [Times: user=0.51 sys=0.00, real=0.07 secs] 
319.717: Total time for which application threads were stopped: 0.0723770 seconds, Stopping threads took: 0.0000410 seconds
319.743: Application time: 0.0260590 seconds
319.744: [Full GC [PSYoungGen: 139264K->30966K(162304K)] [ParOldGen: 369817K->369817K(370176K)] 509081K->400784K(532480K) [PSPermGen: 13648K->13648K(21504K)], 0.0720190 secs] [Times: user=0.51 sys=0.00, real=0.08 secs] 
319.816: Total time for which application threads were stopped: 0.0727510 seconds, Stopping threads took: 0.0000960 seconds
319.842: Application time: 0.0263250 seconds
319.843: [Full GC [PSYoungGen: 139264K->30926K(162304K)] [ParOldGen: 369817K->369817K(370176K)] 509081K->400744K(532480K) [PSPermGen: 13648K->13648K(21504K)], 0.0719780 secs] [Times: user=0.50 sys=0.00, real=0.08 secs] 
319.915: Total time for which application threads were stopped: 0.0726770 seconds, Stopping threads took: 0.0000730 seconds
319.941: Application time: 0.0260260 seconds
319.942: [Full GC [PSYoungGen: 139264K->30926K(162304K)] [ParOldGen: 369817K->369817K(370176K)] 509081K->400744K(532480K) [PSPermGen: 13648K->13648K(21504K)], 0.0723160 secs] [Times: user=0.50 sys=0.00, real=0.08 secs] 
320.014: Total time for which application threads were stopped: 0.0731330 seconds, Stopping threads took: 0.0000740 seconds
320.040: Application time: 0.0259340 seconds
320.041: [Full GC [PSYoungGen: 139264K->30943K(162304K)] [ParOldGen: 369817K->369817K(370176K)] 509081K->400761K(532480K) [PSPermGen: 13648K->13648K(21504K)], 0.0718380 secs] [Times: user=0.51 sys=0.00, real=0.08 secs] 
320.113: Total time for which application threads were stopped: 0.0725110 seconds, Stopping threads took: 0.0000870 seconds
320.138: Application time: 0.0258350 seconds
320.139: [Full GC [PSYoungGen: 139264K->30958K(162304K)] [ParOldGen: 369817K->369817K(370176K)] 509081K->400776K(532480K) [PSPermGen: 13648K->13648K(21504K)], 0.0717000 secs] [Times: user=0.51 sys=0.00, real=0.07 secs] 
320.211: Total time for which application threads were stopped: 0.0724060 seconds, Stopping threads took: 0.0000650 seconds
320.236: Application time: 0.0255000 seconds
320.237: [Full GC [PSYoungGen: 139264K->30973K(162304K)] [ParOldGen: 369817K->369817K(370176K)] 509081K->400791K(532480K) [PSPermGen: 13648K->13648K(21504K)], 0.0721240 secs] [Times: user=0.51 sys=0.00, real=0.07 secs] 
320.309: Total time for which application threads were stopped: 0.0728260 seconds, Stopping threads took: 0.0000630 seconds
320.335: Application time: 0.0256340 seconds
320.335: [Full GC [PSYoungGen: 139264K->30989K(162304K)] [ParOldGen: 369817K->369817K(370176K)] 509081K->400807K(532480K) [PSPermGen: 13648K->13648K(21504K)], 0.0717860 secs] [Times: user=0.50 sys=0.01, real=0.07 secs] 
320.407: Total time for which application threads were stopped: 0.0724830 seconds, Stopping threads took: 0.0000730 seconds
320.433: Application time: 0.0260450 seconds
320.434: [Full GC [PSYoungGen: 139264K->30949K(162304K)] [ParOldGen: 369817K->369817K(370176K)] 509081K->400767K(532480K) [PSPermGen: 13648K->13648K(21504K)], 0.0718480 secs] [Times: user=0.51 sys=0.00, real=0.07 secs] 
320.506: Total time for which application threads were stopped: 0.0724930 seconds, Stopping threads took: 0.0000830 seconds
320.532: Application time: 0.0263930 seconds
320.533: [Full GC [PSYoungGen: 139264K->30840K(162304K)] [ParOldGen: 369817K->369817K(370176K)] 509081K->400658K(532480K) [PSPermGen: 13648K->13648K(21504K)], 0.0724360 secs] [Times: user=0.50 sys=0.00, real=0.07 secs] 
320.605: Total time for which application threads were stopped: 0.0730910 seconds, Stopping threads took: 0.0000490 seconds
320.631: Application time: 0.0255980 seconds
320.631: [Full GC [PSYoungGen: 139264K->30825K(162304K)] [ParOldGen: 369817K->369817K(370176K)] 509081K->400643K(532480K) [PSPermGen: 13648K->13648K(21504K)], 0.0717780 secs] [Times: user=0.51 sys=0.00, real=0.07 secs] 
320.703: Total time for which application threads were stopped: 0.0724780 seconds, Stopping threads took: 0.0000850 seconds
320.730: Application time: 0.0262230 seconds
320.730: [Full GC [PSYoungGen: 139264K->30841K(162304K)] [ParOldGen: 369817K->369817K(370176K)] 509081K->400659K(532480K) [PSPermGen: 13648K->13648K(21504K)], 0.0715330 secs] [Times: user=0.50 sys=0.00, real=0.07 secs] 
320.802: Total time for which application threads were stopped: 0.0722360 seconds, Stopping threads took: 0.0000640 seconds
320.828: Application time: 0.0257440 seconds
320.828: [Full GC [PSYoungGen: 139264K->30853K(162304K)] [ParOldGen: 369817K->369817K(370176K)] 509081K->400671K(532480K) [PSPermGen: 13648K->13648K(21504K)], 0.0718740 secs] [Times: user=0.51 sys=0.00, real=0.07 secs] 
320.900: Total time for which application threads were stopped: 0.0726050 seconds, Stopping threads took: 0.0000840 seconds
320.926: Application time: 0.0254690 seconds
320.926: [Full GC [PSYoungGen: 139264K->30871K(162304K)] [ParOldGen: 369817K->369817K(370176K)] 509081K->400689K(532480K) [PSPermGen: 13648K->13648K(21504K)], 0.0723630 secs] [Times: user=0.50 sys=0.00, real=0.07 secs] 
320.999: Total time for which application threads were stopped: 0.0730730 seconds, Stopping threads took: 0.0000760 seconds
321.024: Application time: 0.0256270 seconds
321.025: [Full GC [PSYoungGen: 139264K->30887K(162304K)] [ParOldGen: 369817K->369817K(370176K)] 509081K->400705K(532480K) [PSPermGen: 13648K->13648K(21504K)], 0.0720010 secs] [Times: user=0.51 sys=0.00, real=0.07 secs] 
321.097: Total time for which application threads were stopped: 0.0726890 seconds, Stopping threads took: 0.0000650 seconds
321.123: Application time: 0.0259020 seconds
321.124: [Full GC [PSYoungGen: 139264K->30904K(162304K)] [ParOldGen: 369817K->369817K(370176K)] 509081K->400722K(532480K) [PSPermGen: 13648K->13648K(21504K)], 0.0714150 secs] [Times: user=0.49 sys=0.01, real=0.08 secs] 
321.195: Total time for which application threads were stopped: 0.0721450 seconds, Stopping threads took: 0.0000910 seconds
321.221: Application time: 0.0258950 seconds
321.222: [Full GC [PSYoungGen: 139264K->30915K(162304K)] [ParOldGen: 369817K->369817K(370176K)] 509081K->400733K(532480K) [PSPermGen: 13648K->13648K(21504K)], 0.0722860 secs] [Times: user=0.51 sys=0.00, real=0.08 secs] 
321.294: Total time for which application threads were stopped: 0.0729950 seconds, Stopping threads took: 0.0000450 seconds
321.320: Application time: 0.0259390 seconds
321.321: [Full GC [PSYoungGen: 139264K->30859K(162304K)] [ParOldGen: 369817K->369817K(370176K)] 509081K->400677K(532480K) [PSPermGen: 13648K->13648K(21504K)], 0.0722310 secs] [Times: user=0.50 sys=0.00, real=0.08 secs] 
321.393: Total time for which application threads were stopped: 0.0729230 seconds, Stopping threads took: 0.0000910 seconds
321.418: Application time: 0.0255340 seconds
321.419: [Full GC [PSYoungGen: 139264K->30879K(162304K)] [ParOldGen: 369817K->369817K(370176K)] 509081K->400697K(532480K) [PSPermGen: 13648K->13648K(21504K)], 0.0712790 secs] [Times: user=0.51 sys=0.00, real=0.07 secs] 
321.490: Total time for which application threads were stopped: 0.0719660 seconds, Stopping threads took: 0.0000580 seconds
321.516: Application time: 0.0254940 seconds
321.517: [Full GC [PSYoungGen: 139264K->30895K(162304K)] [ParOldGen: 369817K->369817K(370176K)] 509081K->400713K(532480K) [PSPermGen: 13648K->13648K(21504K)], 0.0722470 secs] [Times: user=0.51 sys=0.00, real=0.07 secs] 
321.589: Total time for which application threads were stopped: 0.0729660 seconds, Stopping threads took: 0.0000720 seconds
321.615: Application time: 0.0257600 seconds
321.615: [Full GC [PSYoungGen: 139264K->30909K(162304K)] [ParOldGen: 369817K->369817K(370176K)] 509081K->400727K(532480K) [PSPermGen: 13648K->13648K(21504K)], 0.0721900 secs] [Times: user=0.51 sys=0.00, real=0.07 secs] 
321.687: Total time for which application threads were stopped: 0.0728680 seconds, Stopping threads took: 0.0000640 seconds
321.714: Application time: 0.0261560 seconds
321.714: [Full GC [PSYoungGen: 139264K->30869K(162304K)] [ParOldGen: 369817K->369817K(370176K)] 509081K->400687K(532480K) [PSPermGen: 13648K->13648K(21504K)], 0.0718010 secs] [Times: user=0.50 sys=0.00, real=0.07 secs] 
321.786: Total time for which application threads were stopped: 0.0725040 seconds, Stopping threads took: 0.0000740 seconds
321.812: Application time: 0.0258090 seconds
321.813: [Full GC [PSYoungGen: 139264K->30871K(162304K)] [ParOldGen: 369817K->369817K(370176K)] 509081K->400689K(532480K) [PSPermGen: 13648K->13648K(21504K)], 0.0720450 secs] [Times: user=0.50 sys=0.00, real=0.07 secs] 
321.885: Total time for which application threads were stopped: 0.0726940 seconds, Stopping threads took: 0.0000630 seconds
321.911: Application time: 0.0260380 seconds
321.911: [Full GC [PSYoungGen: 139264K->30886K(162304K)] [ParOldGen: 369817K->369817K(370176K)] 509081K->400704K(532480K) [PSPermGen: 13648K->13648K(21504K)], 0.0721140 secs] [Times: user=0.51 sys=0.00, real=0.07 secs] 
321.984: Total time for which application threads were stopped: 0.0728380 seconds, Stopping threads took: 0.0000610 seconds
322.009: Application time: 0.0257160 seconds
322.010: [Full GC [PSYoungGen: 139264K->30901K(162304K)] [ParOldGen: 369817K->369817K(370176K)] 509081K->400719K(532480K) [PSPermGen: 13648K->13648K(21504K)], 0.0717850 secs] [Times: user=0.51 sys=0.00, real=0.07 secs] 
322.082: Total time for which application threads were stopped: 0.0724770 seconds, Stopping threads took: 0.0000630 seconds
322.107: Application time: 0.0257510 seconds
322.108: [Full GC [PSYoungGen: 139264K->30793K(162304K)] [ParOldGen: 369817K->369817K(370176K)] 509081K->400611K(532480K) [PSPermGen: 13648K->13648K(21504K)], 0.0715860 secs] [Times: user=0.51 sys=0.00, real=0.07 secs] 
322.180: Total time for which application threads were stopped: 0.0722880 seconds, Stopping threads took: 0.0000780 seconds
322.205: Application time: 0.0255170 seconds
322.206: [Full GC [PSYoungGen: 139264K->30792K(162304K)] [ParOldGen: 369817K->369817K(370176K)] 509081K->400610K(532480K) [PSPermGen: 13648K->13648K(21504K)], 0.0722480 secs] [Times: user=0.51 sys=0.00, real=0.07 secs] 
322.278: Total time for which application threads were stopped: 0.0729460 seconds, Stopping threads took: 0.0000640 seconds
322.304: Application time: 0.0258230 seconds
322.305: [Full GC [PSYoungGen: 139264K->30807K(162304K)] [ParOldGen: 369817K->369817K(370176K)] 509081K->400625K(532480K) [PSPermGen: 13648K->13648K(21504K)], 0.0725200 secs] [Times: user=0.51 sys=0.00, real=0.07 secs] 
322.377: Total time for which application threads were stopped: 0.0731570 seconds, Stopping threads took: 0.0000450 seconds
322.403: Application time: 0.0257660 seconds
322.404: [Full GC [PSYoungGen: 139264K->30823K(162304K)] [ParOldGen: 369817K->369817K(370176K)] 509081K->400641K(532480K) [PSPermGen: 13648K->13648K(21504K)], 0.0734300 secs] [Times: user=0.51 sys=0.00, real=0.08 secs] 
322.477: Total time for which application threads were stopped: 0.0741010 seconds, Stopping threads took: 0.0000500 seconds
322.503: Application time: 0.0257020 seconds
322.503: [Full GC [PSYoungGen: 139264K->30838K(162304K)] [ParOldGen: 369817K->369817K(370176K)] 509081K->400656K(532480K) [PSPermGen: 13648K->13648K(21504K)], 0.0718760 secs] [Times: user=0.50 sys=0.00, real=0.08 secs] 
322.575: Total time for which application threads were stopped: 0.0725650 seconds, Stopping threads took: 0.0000870 seconds
322.601: Application time: 0.0257180 seconds
322.602: [Full GC [PSYoungGen: 139264K->30853K(162304K)] [ParOldGen: 369817K->369817K(370176K)] 509081K->400671K(532480K) [PSPermGen: 13648K->13648K(21504K)], 0.0717230 secs] [Times: user=0.50 sys=0.00, real=0.08 secs] 
322.674: Total time for which application threads were stopped: 0.0724290 seconds, Stopping threads took: 0.0000730 seconds
322.699: Application time: 0.0257400 seconds
322.700: [Full GC [PSYoungGen: 139264K->30868K(162304K)] [ParOldGen: 369817K->369817K(370176K)] 509081K->400686K(532480K) [PSPermGen: 13648K->13648K(21504K)], 0.0716800 secs] [Times: user=0.51 sys=0.00, real=0.07 secs] 
322.772: Total time for which application threads were stopped: 0.0723710 seconds, Stopping threads took: 0.0000650 seconds
322.797: Application time: 0.0258280 seconds
322.798: [Full GC [PSYoungGen: 139264K->30883K(162304K)] [ParOldGen: 369817K->369817K(370176K)] 509081K->400701K(532480K) [PSPermGen: 13648K->13648K(21504K)], 0.0716360 secs] [Times: user=0.51 sys=0.00, real=0.07 secs] 
322.870: Total time for which application threads were stopped: 0.0723150 seconds, Stopping threads took: 0.0000530 seconds
322.895: Application time: 0.0256110 seconds
322.896: [Full GC [PSYoungGen: 139264K->30896K(162304K)] [ParOldGen: 369817K->369817K(370176K)] 509081K->400714K(532480K) [PSPermGen: 13648K->13648K(21504K)], 0.0726150 secs] [Times: user=0.51 sys=0.00, real=0.07 secs] 
322.969: Total time for which application threads were stopped: 0.0732700 seconds, Stopping threads took: 0.0000610 seconds
322.994: Application time: 0.0256560 seconds
322.995: [Full GC [PSYoungGen: 139264K->30916K(162304K)] [ParOldGen: 369817K->369817K(370176K)] 509081K->400734K(532480K) [PSPermGen: 13648K->13648K(21504K)], 0.0721170 secs] [Times: user=0.51 sys=0.00, real=0.07 secs] 
323.067: Total time for which application threads were stopped: 0.0727480 seconds, Stopping threads took: 0.0000600 seconds
323.093: Application time: 0.0257940 seconds
323.094: [Full GC [PSYoungGen: 139264K->30926K(162304K)] [ParOldGen: 369817K->369817K(370176K)] 509081K->400744K(532480K) [PSPermGen: 13648K->13648K(21504K)], 0.0717330 secs] [Times: user=0.51 sys=0.00, real=0.07 secs] 
323.165: Total time for which application threads were stopped: 0.0724620 seconds, Stopping threads took: 0.0000800 seconds
323.191: Application time: 0.0253920 seconds
323.191: [Full GC [PSYoungGen: 139264K->30946K(162304K)] [ParOldGen: 369817K->369817K(370176K)] 509081K->400763K(532480K) [PSPermGen: 13648K->13648K(21504K)], 0.0714870 secs] [Times: user=0.50 sys=0.00, real=0.07 secs] 
323.263: Total time for which application threads were stopped: 0.0721750 seconds, Stopping threads took: 0.0000600 seconds
323.288: Application time: 0.0256010 seconds
323.289: [Full GC [PSYoungGen: 139264K->30962K(162304K)] [ParOldGen: 369817K->369817K(370176K)] 509081K->400780K(532480K) [PSPermGen: 13648K->13648K(21504K)], 0.0720920 secs] [Times: user=0.51 sys=0.00, real=0.07 secs] 
323.361: Total time for which application threads were stopped: 0.0727870 seconds, Stopping threads took: 0.0000720 seconds
323.387: Application time: 0.0257140 seconds
323.388: [Full GC [PSYoungGen: 139264K->30977K(162304K)] [ParOldGen: 369817K->369817K(370176K)] 509081K->400795K(532480K) [PSPermGen: 13648K->13648K(21504K)], 0.0721390 secs] [Times: user=0.51 sys=0.00, real=0.07 secs] 
323.460: Total time for which application threads were stopped: 0.0728730 seconds, Stopping threads took: 0.0000880 seconds
323.486: Application time: 0.0258340 seconds
323.486: [Full GC [PSYoungGen: 139264K->30993K(162304K)] [ParOldGen: 369817K->369817K(370176K)] 509081K->400811K(532480K) [PSPermGen: 13648K->13648K(21504K)], 0.0718460 secs] [Times: user=0.50 sys=0.00, real=0.07 secs] 
323.558: Total time for which application threads were stopped: 0.0724600 seconds, Stopping threads took: 0.0000390 seconds
323.584: Application time: 0.0260570 seconds
323.585: [Full GC [PSYoungGen: 139264K->30955K(162304K)] [ParOldGen: 369817K->369817K(370176K)] 509081K->400773K(532480K) [PSPermGen: 13648K->13648K(21504K)], 0.0720820 secs] [Times: user=0.51 sys=0.00, real=0.07 secs] 
323.657: Total time for which application threads were stopped: 0.0727890 seconds, Stopping threads took: 0.0000760 seconds
323.683: Application time: 0.0258110 seconds
323.684: [Full GC [PSYoungGen: 139264K->30954K(162304K)] [ParOldGen: 369817K->369817K(370176K)] 509081K->400772K(532480K) [PSPermGen: 13648K->13648K(21504K)], 0.0718600 secs] [Times: user=0.51 sys=0.00, real=0.08 secs] 
323.755: Total time for which application threads were stopped: 0.0725760 seconds, Stopping threads took: 0.0000690 seconds
323.781: Application time: 0.0257470 seconds
323.782: [Full GC [PSYoungGen: 139264K->30970K(162304K)] [ParOldGen: 369817K->369817K(370176K)] 509081K->400788K(532480K) [PSPermGen: 13648K->13648K(21504K)], 0.0719170 secs] [Times: user=0.51 sys=0.00, real=0.08 secs] 
323.854: Total time for which application threads were stopped: 0.0726200 seconds, Stopping threads took: 0.0000720 seconds
323.879: Application time: 0.0256680 seconds
323.880: [Full GC [PSYoungGen: 139264K->30986K(162304K)] [ParOldGen: 369817K->369817K(370176K)] 509081K->400804K(532480K) [PSPermGen: 13648K->13648K(21504K)], 0.0721540 secs] [Times: user=0.50 sys=0.00, real=0.08 secs] 
323.952: Total time for which application threads were stopped: 0.0728890 seconds, Stopping threads took: 0.0000840 seconds
323.978: Application time: 0.0259800 seconds
323.979: [Full GC [PSYoungGen: 139264K->30943K(162304K)] [ParOldGen: 369817K->369817K(370176K)] 509081K->400761K(532480K) [PSPermGen: 13648K->13648K(21504K)], 0.0720120 secs] [Times: user=0.50 sys=0.00, real=0.07 secs] 
324.051: Total time for which application threads were stopped: 0.0726880 seconds, Stopping threads took: 0.0000500 seconds
324.077: Application time: 0.0262120 seconds
324.078: [Full GC [PSYoungGen: 139264K->30877K(162304K)] [ParOldGen: 369817K->369817K(370176K)] 509081K->400695K(532480K) [PSPermGen: 13648K->13648K(21504K)], 0.0716880 secs] [Times: user=0.51 sys=0.00, real=0.07 secs] 
324.150: Total time for which application threads were stopped: 0.0723730 seconds, Stopping threads took: 0.0000560 seconds
324.175: Application time: 0.0255440 seconds
324.176: [Full GC [PSYoungGen: 139264K->30890K(162304K)] [ParOldGen: 369817K->369817K(370176K)] 509081K->400708K(532480K) [PSPermGen: 13648K->13648K(21504K)], 0.0717250 secs] [Times: user=0.51 sys=0.00, real=0.07 secs] 
324.248: Total time for which application threads were stopped: 0.0724440 seconds, Stopping threads took: 0.0000860 seconds
324.273: Application time: 0.0257480 seconds
324.274: [Full GC [PSYoungGen: 139264K->30852K(162304K)] [ParOldGen: 369817K->369817K(370176K)] 509081K->400670K(532480K) [PSPermGen: 13648K->13648K(21504K)], 0.0718740 secs] [Times: user=0.50 sys=0.00, real=0.07 secs] 
324.346: Total time for which application threads were stopped: 0.0726250 seconds, Stopping threads took: 0.0001010 seconds
324.372: Application time: 0.0255880 seconds
324.372: [Full GC [PSYoungGen: 139264K->30850K(162304K)] [ParOldGen: 369817K->369817K(370176K)] 509081K->400668K(532480K) [PSPermGen: 13648K->13648K(21504K)], 0.0723280 secs] [Times: user=0.50 sys=0.01, real=0.08 secs] 
324.445: Total time for which application threads were stopped: 0.0730540 seconds, Stopping threads took: 0.0000910 seconds
324.470: Application time: 0.0255160 seconds
324.471: [Full GC [PSYoungGen: 139264K->30867K(162304K)] [ParOldGen: 369817K->369817K(370176K)] 509081K->400685K(532480K) [PSPermGen: 13648K->13648K(21504K)], 0.0730660 secs] [Times: user=0.51 sys=0.00, real=0.07 secs] 
324.544: Total time for which application threads were stopped: 0.0737550 seconds, Stopping threads took: 0.0000710 seconds
324.570: Application time: 0.0258320 seconds
324.570: [Full GC [PSYoungGen: 139264K->30882K(162304K)] [ParOldGen: 369817K->369817K(370176K)] 509081K->400700K(532480K) [PSPermGen: 13648K->13648K(21504K)], 0.0717380 secs] [Times: user=0.50 sys=0.00, real=0.07 secs] 
324.642: Total time for which application threads were stopped: 0.0724110 seconds, Stopping threads took: 0.0000740 seconds
324.668: Application time: 0.0257610 seconds
324.669: [Full GC [PSYoungGen: 139264K->30895K(162304K)] [ParOldGen: 369817K->369817K(370176K)] 509081K->400713K(532480K) [PSPermGen: 13648K->13648K(21504K)], 0.0723650 secs] [Times: user=0.51 sys=0.00, real=0.07 secs] 
324.741: Total time for which application threads were stopped: 0.0730230 seconds, Stopping threads took: 0.0000810 seconds
324.767: Application time: 0.0259050 seconds
324.767: [Full GC [PSYoungGen: 139264K->30911K(162304K)] [ParOldGen: 369817K->369817K(370176K)] 509081K->400729K(532480K) [PSPermGen: 13648K->13648K(21504K)], 0.0715260 secs] [Times: user=0.50 sys=0.00, real=0.07 secs] 
324.839: Total time for which application threads were stopped: 0.0721590 seconds, Stopping threads took: 0.0000570 seconds
324.865: Application time: 0.0257590 seconds
324.865: [Full GC [PSYoungGen: 139264K->30874K(162304K)] [ParOldGen: 369817K->369817K(370176K)] 509081K->400691K(532480K) [PSPermGen: 13648K->13648K(21504K)], 0.0720420 secs] [Times: user=0.51 sys=0.00, real=0.07 secs] 
324.938: Total time for which application threads were stopped: 0.0727030 seconds, Stopping threads took: 0.0000740 seconds
324.964: Application time: 0.0266570 seconds
324.965: [Full GC [PSYoungGen: 139264K->30875K(162304K)] [ParOldGen: 369817K->369817K(370176K)] 509081K->400693K(532480K) [PSPermGen: 13648K->13648K(21504K)], 0.0722060 secs] [Times: user=0.50 sys=0.00, real=0.07 secs] 
325.037: Total time for which application threads were stopped: 0.0729370 seconds, Stopping threads took: 0.0000870 seconds
325.063: Application time: 0.0257190 seconds
325.063: [Full GC [PSYoungGen: 139264K->30892K(162304K)] [ParOldGen: 369817K->369817K(370176K)] 509081K->400710K(532480K) [PSPermGen: 13648K->13648K(21504K)], 0.0716990 secs] [Times: user=0.50 sys=0.00, real=0.08 secs] 
325.135: Total time for which application threads were stopped: 0.0724030 seconds, Stopping threads took: 0.0000680 seconds
325.161: Application time: 0.0257460 seconds
325.162: [Full GC [PSYoungGen: 139264K->30905K(162304K)] [ParOldGen: 369817K->369817K(370176K)] 509081K->400723K(532480K) [PSPermGen: 13648K->13648K(21504K)], 0.0717530 secs] [Times: user=0.50 sys=0.00, real=0.08 secs] 
325.233: Total time for which application threads were stopped: 0.0724320 seconds, Stopping threads took: 0.0000570 seconds
325.259: Application time: 0.0256630 seconds
325.260: [Full GC [PSYoungGen: 139264K->30923K(162304K)] [ParOldGen: 369817K->369817K(370176K)] 509081K->400741K(532480K) [PSPermGen: 13648K->13648K(21504K)], 0.0717000 secs] [Times: user=0.51 sys=0.00, real=0.07 secs] 
325.331: Total time for which application threads were stopped: 0.0723430 seconds, Stopping threads took: 0.0000680 seconds
325.357: Application time: 0.0259470 seconds
325.358: [Full GC [PSYoungGen: 139264K->30882K(162304K)] [ParOldGen: 369817K->369817K(370176K)] 509081K->400700K(532480K) [PSPermGen: 13648K->13648K(21504K)], 0.0719330 secs] [Times: user=0.51 sys=0.00, real=0.07 secs] 
325.430: Total time for which application threads were stopped: 0.0726200 seconds, Stopping threads took: 0.0000640 seconds
325.456: Application time: 0.0255780 seconds
325.456: [Full GC [PSYoungGen: 139264K->30882K(162304K)] [ParOldGen: 369817K->369817K(370176K)] 509081K->400700K(532480K) [PSPermGen: 13648K->13648K(21504K)], 0.0716790 secs] [Times: user=0.50 sys=0.00, real=0.07 secs] 
325.528: Total time for which application threads were stopped: 0.0724080 seconds, Stopping threads took: 0.0000810 seconds
325.554: Application time: 0.0262040 seconds
325.555: [Full GC [PSYoungGen: 139264K->30789K(162304K)] [ParOldGen: 369817K->369817K(370176K)] 509081K->400607K(532480K) [PSPermGen: 13648K->13648K(21504K)], 0.0719130 secs] [Times: user=0.51 sys=0.00, real=0.07 secs] 
325.627: Total time for which application threads were stopped: 0.0725870 seconds, Stopping threads took: 0.0000860 seconds
325.652: Application time: 0.0256040 seconds
325.653: [Full GC [PSYoungGen: 139264K->30773K(162304K)] [ParOldGen: 369817K->369817K(370176K)] 509081K->400591K(532480K) [PSPermGen: 13648K->13648K(21504K)], 0.0718240 secs] [Times: user=0.51 sys=0.00, real=0.07 secs] 
325.725: Total time for which application threads were stopped: 0.0724980 seconds, Stopping threads took: 0.0000830 seconds
325.750: Application time: 0.0255190 seconds
325.751: [Full GC [PSYoungGen: 139264K->30786K(162304K)] [ParOldGen: 369817K->369817K(370176K)] 509081K->400604K(532480K) [PSPermGen: 13648K->13648K(21504K)], 0.0717090 secs] [Times: user=0.50 sys=0.00, real=0.07 secs] 
325.823: Total time for which application threads were stopped: 0.0724400 seconds, Stopping threads took: 0.0000910 seconds
325.848: Application time: 0.0253100 seconds
325.849: [Full GC [PSYoungGen: 139264K->30801K(162304K)] [ParOldGen: 369817K->369817K(370176K)] 509081K->400619K(532480K) [PSPermGen: 13648K->13648K(21504K)], 0.0717450 secs] [Times: user=0.51 sys=0.00, real=0.07 secs] 
325.921: Total time for which application threads were stopped: 0.0724210 seconds, Stopping threads took: 0.0000990 seconds
325.947: Application time: 0.0260510 seconds
325.947: [Full GC [PSYoungGen: 139264K->30812K(162304K)] [ParOldGen: 369817K->369817K(370176K)] 509081K->400630K(532480K) [PSPermGen: 13648K->13648K(21504K)], 0.0717300 secs] [Times: user=0.51 sys=0.00, real=0.07 secs] 
326.019: Total time for which application threads were stopped: 0.0724380 seconds, Stopping threads took: 0.0000820 seconds
326.044: Application time: 0.0252220 seconds
326.045: [Full GC [PSYoungGen: 139264K->30834K(162304K)] [ParOldGen: 369817K->369817K(370176K)] 509081K->400652K(532480K) [PSPermGen: 13648K->13648K(21504K)], 0.0722240 secs] [Times: user=0.51 sys=0.00, real=0.07 secs] 
326.117: Total time for which application threads were stopped: 0.0729730 seconds, Stopping threads took: 0.0000850 seconds
326.143: Application time: 0.0254060 seconds
326.143: [Full GC [PSYoungGen: 139264K->30850K(162304K)] [ParOldGen: 369817K->369817K(370176K)] 509081K->400668K(532480K) [PSPermGen: 13648K->13648K(21504K)], 0.0714330 secs] [Times: user=0.50 sys=0.00, real=0.08 secs] 
326.215: Total time for which application threads were stopped: 0.0721280 seconds, Stopping threads took: 0.0000590 seconds
326.240: Application time: 0.0254470 seconds
326.241: [Full GC [PSYoungGen: 139264K->30865K(162304K)] [ParOldGen: 369817K->369817K(370176K)] 509081K->400683K(532480K) [PSPermGen: 13648K->13648K(21504K)], 0.0717030 secs] [Times: user=0.51 sys=0.00, real=0.08 secs] 
326.313: Total time for which application threads were stopped: 0.0724230 seconds, Stopping threads took: 0.0000910 seconds
326.338: Application time: 0.0255910 seconds
326.339: [Full GC [PSYoungGen: 139264K->30879K(162304K)] [ParOldGen: 369817K->369817K(370176K)] 509081K->400697K(532480K) [PSPermGen: 13648K->13648K(21504K)], 0.0716550 secs] [Times: user=0.50 sys=0.00, real=0.07 secs] 
326.411: Total time for which application threads were stopped: 0.0723730 seconds, Stopping threads took: 0.0000730 seconds
326.436: Application time: 0.0254010 seconds
326.437: [Full GC [PSYoungGen: 139264K->30895K(162304K)] [ParOldGen: 369817K->369817K(370176K)] 509081K->400713K(532480K) [PSPermGen: 13648K->13648K(21504K)], 0.0716840 secs] [Times: user=0.50 sys=0.00, real=0.07 secs] 
326.508: Total time for which application threads were stopped: 0.0723810 seconds, Stopping threads took: 0.0000570 seconds
326.534: Application time: 0.0255830 seconds
326.535: [Full GC [PSYoungGen: 139264K->30912K(162304K)] [ParOldGen: 369817K->369817K(370176K)] 509081K->400730K(532480K) [PSPermGen: 13648K->13648K(21504K)], 0.0722010 secs] [Times: user=0.51 sys=0.00, real=0.07 secs] 
326.607: Total time for which application threads were stopped: 0.0728150 seconds, Stopping threads took: 0.0000550 seconds
326.633: Application time: 0.0257820 seconds
326.633: [Full GC [PSYoungGen: 139264K->30924K(162304K)] [ParOldGen: 369817K->369817K(370176K)] 509081K->400742K(532480K) [PSPermGen: 13648K->13648K(21504K)], 0.0719320 secs] [Times: user=0.51 sys=0.00, real=0.07 secs] 
326.705: Total time for which application threads were stopped: 0.0726500 seconds, Stopping threads took: 0.0000570 seconds
326.731: Application time: 0.0253940 seconds
326.731: [Full GC [PSYoungGen: 139264K->30940K(162304K)] [ParOldGen: 369817K->369817K(370176K)] 509081K->400758K(532480K) [PSPermGen: 13648K->13648K(21504K)], 0.0722350 secs] [Times: user=0.50 sys=0.00, real=0.07 secs] 
326.804: Total time for which application threads were stopped: 0.0729180 seconds, Stopping threads took: 0.0000540 seconds
326.829: Application time: 0.0254220 seconds
326.830: [Full GC [PSYoungGen: 139264K->30958K(162304K)] [ParOldGen: 369817K->369817K(370176K)] 509081K->400775K(532480K) [PSPermGen: 13648K->13648K(21504K)], 0.0720270 secs] [Times: user=0.50 sys=0.00, real=0.07 secs] 
326.902: Total time for which application threads were stopped: 0.0727120 seconds, Stopping threads took: 0.0000500 seconds
326.927: Application time: 0.0255990 seconds
326.928: [Full GC [PSYoungGen: 139264K->30973K(162304K)] [ParOldGen: 369817K->369817K(370176K)] 509081K->400791K(532480K) [PSPermGen: 13648K->13648K(21504K)], 0.0722410 secs] [Times: user=0.51 sys=0.00, real=0.07 secs] 
327.000: Total time for which application threads were stopped: 0.0729470 seconds, Stopping threads took: 0.0000530 seconds
327.026: Application time: 0.0256630 seconds
327.027: [Full GC [PSYoungGen: 139264K->30990K(162304K)] [ParOldGen: 369817K->369817K(370176K)] 509081K->400808K(532480K) [PSPermGen: 13648K->13648K(21504K)], 0.0717020 secs] [Times: user=0.50 sys=0.00, real=0.07 secs] 
327.098: Total time for which application threads were stopped: 0.0724090 seconds, Stopping threads took: 0.0000770 seconds
327.124: Application time: 0.0256260 seconds
327.125: [Full GC [PSYoungGen: 139264K->31006K(162304K)] [ParOldGen: 369817K->369817K(370176K)] 509081K->400824K(532480K) [PSPermGen: 13648K->13648K(21504K)], 0.0719370 secs] [Times: user=0.50 sys=0.00, real=0.07 secs] 
327.197: Total time for which application threads were stopped: 0.0726410 seconds, Stopping threads took: 0.0000650 seconds
327.223: Application time: 0.0258850 seconds
327.223: [Full GC [PSYoungGen: 139264K->31021K(162304K)] [ParOldGen: 369817K->369817K(370176K)] 509081K->400838K(532480K) [PSPermGen: 13648K->13648K(21504K)], 0.0714130 secs] [Times: user=0.50 sys=0.00, real=0.08 secs] 
327.295: Total time for which application threads were stopped: 0.0721200 seconds, Stopping threads took: 0.0000560 seconds
327.321: Application time: 0.0260120 seconds
327.321: [Full GC [PSYoungGen: 139264K->31035K(162304K)] [ParOldGen: 369817K->369817K(370176K)] 509081K->400853K(532480K) [PSPermGen: 13648K->13648K(21504K)], 0.0723720 secs] [Times: user=0.50 sys=0.00, real=0.08 secs] 
327.394: Total time for which application threads were stopped: 0.0730760 seconds, Stopping threads took: 0.0000710 seconds
327.420: Application time: 0.0264600 seconds
327.421: [Full GC [PSYoungGen: 139264K->30997K(162304K)] [ParOldGen: 369817K->369817K(370176K)] 509081K->400815K(532480K) [PSPermGen: 13648K->13648K(21504K)], 0.0731380 secs] [Times: user=0.51 sys=0.00, real=0.08 secs] 
327.494: Total time for which application threads were stopped: 0.0738420 seconds, Stopping threads took: 0.0000710 seconds
327.520: Application time: 0.0258010 seconds
327.520: [Full GC [PSYoungGen: 139264K->30994K(162304K)] [ParOldGen: 369817K->369817K(370176K)] 509081K->400812K(532480K) [PSPermGen: 13648K->13648K(21504K)], 0.0722520 secs] [Times: user=0.51 sys=0.00, real=0.08 secs] 
327.593: Total time for which application threads were stopped: 0.0729130 seconds, Stopping threads took: 0.0000640 seconds
327.619: Application time: 0.0259190 seconds
327.619: [Full GC [PSYoungGen: 139264K->30943K(162304K)] [ParOldGen: 369817K->369817K(370176K)] 509081K->400761K(532480K) [PSPermGen: 13648K->13648K(21504K)], 0.0717230 secs] [Times: user=0.50 sys=0.00, real=0.07 secs] 
327.691: Total time for which application threads were stopped: 0.0724100 seconds, Stopping threads took: 0.0000630 seconds
327.717: Application time: 0.0259450 seconds
327.718: [Full GC [PSYoungGen: 139264K->30902K(162304K)] [ParOldGen: 369817K->369817K(370176K)] 509081K->400720K(532480K) [PSPermGen: 13648K->13648K(21504K)], 0.0724520 secs] [Times: user=0.51 sys=0.00, real=0.07 secs] 
327.790: Total time for which application threads were stopped: 0.0731340 seconds, Stopping threads took: 0.0000480 seconds
327.816: Application time: 0.0255730 seconds
327.816: [Full GC [PSYoungGen: 139264K->30899K(162304K)] [ParOldGen: 369817K->369817K(370176K)] 509081K->400717K(532480K) [PSPermGen: 13648K->13648K(21504K)], 0.0724640 secs] [Times: user=0.51 sys=0.00, real=0.07 secs] 
327.889: Total time for which application threads were stopped: 0.0731420 seconds, Stopping threads took: 0.0000660 seconds
327.915: Application time: 0.0257690 seconds
327.915: [Full GC [PSYoungGen: 139264K->30855K(162304K)] [ParOldGen: 369817K->369817K(370176K)] 509081K->400673K(532480K) [PSPermGen: 13648K->13648K(21504K)], 0.0724730 secs] [Times: user=0.51 sys=0.00, real=0.07 secs] 
327.988: Total time for which application threads were stopped: 0.0732010 seconds, Stopping threads took: 0.0000730 seconds
328.014: Application time: 0.0257360 seconds
328.014: [Full GC [PSYoungGen: 139264K->30860K(162304K)] [ParOldGen: 369817K->369817K(370176K)] 509081K->400678K(532480K) [PSPermGen: 13648K->13648K(21504K)], 0.0715660 secs] [Times: user=0.51 sys=0.00, real=0.07 secs] 
328.086: Total time for which application threads were stopped: 0.0722590 seconds, Stopping threads took: 0.0000670 seconds
328.112: Application time: 0.0255750 seconds
328.112: [Full GC [PSYoungGen: 139264K->30878K(162304K)] [ParOldGen: 369817K->369817K(370176K)] 509081K->400696K(532480K) [PSPermGen: 13648K->13648K(21504K)], 0.0720220 secs] [Times: user=0.51 sys=0.00, real=0.07 secs] 
328.184: Total time for which application threads were stopped: 0.0727130 seconds, Stopping threads took: 0.0000420 seconds
328.210: Application time: 0.0257200 seconds
328.211: [Full GC [PSYoungGen: 139264K->30892K(162304K)] [ParOldGen: 369817K->369817K(370176K)] 509081K->400710K(532480K) [PSPermGen: 13648K->13648K(21504K)], 0.0719500 secs] [Times: user=0.51 sys=0.00, real=0.07 secs] 
328.283: Total time for which application threads were stopped: 0.0726350 seconds, Stopping threads took: 0.0000570 seconds
328.308: Application time: 0.0256840 seconds
328.309: [Full GC [PSYoungGen: 139264K->30910K(162304K)] [ParOldGen: 369817K->369817K(370176K)] 509081K->400728K(532480K) [PSPermGen: 13648K->13648K(21504K)], 0.0719790 secs] [Times: user=0.51 sys=0.00, real=0.07 secs] 
328.381: Total time for which application threads were stopped: 0.0726050 seconds, Stopping threads took: 0.0000550 seconds
328.406: Application time: 0.0255960 seconds
328.407: [Full GC [PSYoungGen: 139264K->30928K(162304K)] [ParOldGen: 369817K->369817K(370176K)] 509081K->400746K(532480K) [PSPermGen: 13648K->13648K(21504K)], 0.0716740 secs] [Times: user=0.51 sys=0.00, real=0.07 secs] 
328.479: Total time for which application threads were stopped: 0.0723930 seconds, Stopping threads took: 0.0000630 seconds
328.505: Application time: 0.0257050 seconds
328.505: [Full GC [PSYoungGen: 139264K->30942K(162304K)] [ParOldGen: 369817K->369817K(370176K)] 509081K->400760K(532480K) [PSPermGen: 13648K->13648K(21504K)], 0.0725420 secs] [Times: user=0.50 sys=0.00, real=0.07 secs] 
328.578: Total time for which application threads were stopped: 0.0732380 seconds, Stopping threads took: 0.0000570 seconds
328.604: Application time: 0.0260030 seconds
328.604: [Full GC [PSYoungGen: 139264K->30896K(162304K)] [ParOldGen: 369817K->369817K(370176K)] 509081K->400714K(532480K) [PSPermGen: 13648K->13648K(21504K)], 0.0727430 secs] [Times: user=0.51 sys=0.00, real=0.07 secs] 
328.677: Total time for which application threads were stopped: 0.0734450 seconds, Stopping threads took: 0.0000700 seconds
328.703: Application time: 0.0255590 seconds
328.703: [Full GC [PSYoungGen: 139264K->30897K(162304K)] [ParOldGen: 369817K->369817K(370176K)] 509081K->400715K(532480K) [PSPermGen: 13648K->13648K(21504K)], 0.0723370 secs] [Times: user=0.51 sys=0.00, real=0.08 secs] 
328.776: Total time for which application threads were stopped: 0.0730510 seconds, Stopping threads took: 0.0000650 seconds
328.802: Application time: 0.0258980 seconds
328.802: [Full GC [PSYoungGen: 139264K->30849K(162304K)] [ParOldGen: 369817K->369817K(370176K)] 509081K->400667K(532480K) [PSPermGen: 13648K->13648K(21504K)], 0.0717900 secs] [Times: user=0.50 sys=0.00, real=0.08 secs] 
328.874: Total time for which application threads were stopped: 0.0724910 seconds, Stopping threads took: 0.0000760 seconds
328.901: Application time: 0.0263650 seconds
328.901: [Full GC [PSYoungGen: 139264K->30745K(162304K)] [ParOldGen: 369817K->369817K(370176K)] 509081K->400563K(532480K) [PSPermGen: 13648K->13648K(21504K)], 0.0719370 secs] [Times: user=0.50 sys=0.00, real=0.08 secs] 
328.973: Total time for which application threads were stopped: 0.0726320 seconds, Stopping threads took: 0.0000710 seconds
328.999: Application time: 0.0257440 seconds
329.000: [Full GC [PSYoungGen: 139264K->30738K(162304K)] [ParOldGen: 369817K->369817K(370176K)] 509081K->400556K(532480K) [PSPermGen: 13648K->13648K(21504K)], 0.0719350 secs] [Times: user=0.50 sys=0.00, real=0.07 secs] 
329.072: Total time for which application threads were stopped: 0.0725890 seconds, Stopping threads took: 0.0000550 seconds
329.098: Application time: 0.0260650 seconds
329.098: [Full GC [PSYoungGen: 139264K->30754K(162304K)] [ParOldGen: 369817K->369817K(370176K)] 509081K->400572K(532480K) [PSPermGen: 13648K->13648K(21504K)], 0.0715050 secs] [Times: user=0.50 sys=0.00, real=0.07 secs] 
329.170: Total time for which application threads were stopped: 0.0721760 seconds, Stopping threads took: 0.0000540 seconds
329.195: Application time: 0.0255740 seconds
329.196: [Full GC [PSYoungGen: 139264K->30769K(162304K)] [ParOldGen: 369817K->369817K(370176K)] 509081K->400587K(532480K) [PSPermGen: 13648K->13648K(21504K)], 0.0717750 secs] [Times: user=0.51 sys=0.00, real=0.07 secs] 
329.268: Total time for which application threads were stopped: 0.0724100 seconds, Stopping threads took: 0.0000610 seconds
329.294: Application time: 0.0258320 seconds
329.294: [Full GC [PSYoungGen: 139264K->30784K(162304K)] [ParOldGen: 369817K->369817K(370176K)] 509081K->400602K(532480K) [PSPermGen: 13648K->13648K(21504K)], 0.0717710 secs] [Times: user=0.50 sys=0.00, real=0.07 secs] 
329.366: Total time for which application threads were stopped: 0.0724540 seconds, Stopping threads took: 0.0000600 seconds
329.392: Application time: 0.0257870 seconds
329.393: [Full GC [PSYoungGen: 139264K->30799K(162304K)] [ParOldGen: 369817K->369817K(370176K)] 509081K->400617K(532480K) [PSPermGen: 13648K->13648K(21504K)], 0.0717630 secs] [Times: user=0.50 sys=0.01, real=0.07 secs] 
329.464: Total time for which application threads were stopped: 0.0724610 seconds, Stopping threads took: 0.0001120 seconds
329.490: Application time: 0.0254500 seconds
329.490: [Full GC [PSYoungGen: 139264K->30816K(162304K)] [ParOldGen: 369817K->369817K(370176K)] 509081K->400634K(532480K) [PSPermGen: 13648K->13648K(21504K)], 0.0715220 secs] [Times: user=0.51 sys=0.00, real=0.07 secs] 
329.562: Total time for which application threads were stopped: 0.0721810 seconds, Stopping threads took: 0.0000400 seconds
329.587: Application time: 0.0251440 seconds
329.588: [Full GC [PSYoungGen: 139264K->30831K(162304K)] [ParOldGen: 369817K->369817K(370176K)] 509081K->400649K(532480K) [PSPermGen: 13648K->13648K(21504K)], 0.0720730 secs] [Times: user=0.50 sys=0.00, real=0.07 secs] 
329.660: Total time for which application threads were stopped: 0.0728450 seconds, Stopping threads took: 0.0001080 seconds
329.685: Application time: 0.0254230 seconds
329.686: [Full GC [PSYoungGen: 139264K->30847K(162304K)] [ParOldGen: 369817K->369817K(370176K)] 509081K->400665K(532480K) [PSPermGen: 13648K->13648K(21504K)], 0.0717830 secs] [Times: user=0.50 sys=0.00, real=0.07 secs] 
329.758: Total time for which application threads were stopped: 0.0725000 seconds, Stopping threads took: 0.0000860 seconds
329.783: Application time: 0.0255270 seconds
329.784: [Full GC [PSYoungGen: 139264K->30859K(162304K)] [ParOldGen: 369817K->369817K(370176K)] 509081K->400677K(532480K) [PSPermGen: 13648K->13648K(21504K)], 0.0714260 secs] [Times: user=0.50 sys=0.01, real=0.08 secs] 
329.856: Total time for which application threads were stopped: 0.0721820 seconds, Stopping threads took: 0.0001220 seconds
329.881: Application time: 0.0255810 seconds
329.882: [Full GC [PSYoungGen: 139264K->30875K(162304K)] [ParOldGen: 369817K->369817K(370176K)] 509081K->400693K(532480K) [PSPermGen: 13648K->13648K(21504K)], 0.0724380 secs] [Times: user=0.51 sys=0.00, real=0.08 secs] 
329.954: Total time for which application threads were stopped: 0.0731370 seconds, Stopping threads took: 0.0000660 seconds
329.980: Application time: 0.0256820 seconds
329.981: [Full GC [PSYoungGen: 139264K->30892K(162304K)] [ParOldGen: 369817K->369817K(370176K)] 509081K->400710K(532480K) [PSPermGen: 13648K->13648K(21504K)], 0.0718550 secs] [Times: user=0.50 sys=0.00, real=0.08 secs] 
330.053: Total time for which application threads were stopped: 0.0725310 seconds, Stopping threads took: 0.0000440 seconds
330.078: Application time: 0.0255840 seconds
330.079: [Full GC [PSYoungGen: 139264K->30907K(162304K)] [ParOldGen: 369817K->369817K(370176K)] 509081K->400725K(532480K) [PSPermGen: 13648K->13648K(21504K)], 0.0716260 secs] [Times: user=0.50 sys=0.00, real=0.07 secs] 
330.151: Total time for which application threads were stopped: 0.0723520 seconds, Stopping threads took: 0.0000980 seconds
330.176: Application time: 0.0253510 seconds
330.177: [Full GC [PSYoungGen: 139264K->30920K(162304K)] [ParOldGen: 369817K->369817K(370176K)] 509081K->400738K(532480K) [PSPermGen: 13648K->13648K(21504K)], 0.0717370 secs] [Times: user=0.51 sys=0.00, real=0.07 secs] 
330.248: Total time for which application threads were stopped: 0.0724140 seconds, Stopping threads took: 0.0000690 seconds
330.274: Application time: 0.0253510 seconds
330.274: [Full GC [PSYoungGen: 139264K->30935K(162304K)] [ParOldGen: 369817K->369817K(370176K)] 509081K->400753K(532480K) [PSPermGen: 13648K->13648K(21504K)], 0.0721510 secs] [Times: user=0.51 sys=0.00, real=0.07 secs] 
330.347: Total time for which application threads were stopped: 0.0728740 seconds, Stopping threads took: 0.0000860 seconds
330.372: Application time: 0.0256580 seconds
330.373: [Full GC [PSYoungGen: 139264K->30951K(162304K)] [ParOldGen: 369817K->369817K(370176K)] 509081K->400769K(532480K) [PSPermGen: 13648K->13648K(21504K)], 0.0718710 secs] [Times: user=0.51 sys=0.00, real=0.07 secs] 
330.445: Total time for which application threads were stopped: 0.0725160 seconds, Stopping threads took: 0.0000730 seconds
330.470: Application time: 0.0255350 seconds
330.471: [Full GC [PSYoungGen: 139264K->30968K(162304K)] [ParOldGen: 369817K->369817K(370176K)] 509081K->400786K(532480K) [PSPermGen: 13648K->13648K(21504K)], 0.0722410 secs] [Times: user=0.51 sys=0.00, real=0.07 secs] 
330.543: Total time for which application threads were stopped: 0.0728810 seconds, Stopping threads took: 0.0000760 seconds
330.569: Application time: 0.0255240 seconds
330.569: [Full GC [PSYoungGen: 139264K->30983K(162304K)] [ParOldGen: 369817K->369817K(370176K)] 509081K->400801K(532480K) [PSPermGen: 13648K->13648K(21504K)], 0.0721350 secs] [Times: user=0.51 sys=0.00, real=0.07 secs] 
330.641: Total time for which application threads were stopped: 0.0727660 seconds, Stopping threads took: 0.0000630 seconds
330.667: Application time: 0.0255810 seconds
330.668: [Full GC [PSYoungGen: 139264K->31002K(162304K)] [ParOldGen: 369817K->369817K(370176K)] 509081K->400820K(532480K) [PSPermGen: 13648K->13648K(21504K)], 0.0719300 secs] [Times: user=0.50 sys=0.00, real=0.07 secs] 
330.740: Total time for which application threads were stopped: 0.0725900 seconds, Stopping threads took: 0.0001010 seconds
330.766: Application time: 0.0259330 seconds
330.766: [Full GC [PSYoungGen: 139264K->31017K(162304K)] [ParOldGen: 369817K->369817K(370176K)] 509081K->400835K(532480K) [PSPermGen: 13648K->13648K(21504K)], 0.0715270 secs] [Times: user=0.51 sys=0.00, real=0.07 secs] 
330.838: Total time for which application threads were stopped: 0.0722450 seconds, Stopping threads took: 0.0000570 seconds
330.864: Application time: 0.0256770 seconds
330.864: [Full GC [PSYoungGen: 139264K->31033K(162304K)] [ParOldGen: 369817K->369817K(370176K)] 509081K->400851K(532480K) [PSPermGen: 13648K->13648K(21504K)], 0.0716870 secs] [Times: user=0.51 sys=0.00, real=0.08 secs] 
330.936: Total time for which application threads were stopped: 0.0723650 seconds, Stopping threads took: 0.0000560 seconds
330.963: Application time: 0.0266680 seconds
330.963: [Full GC [PSYoungGen: 139264K->31048K(162304K)] [ParOldGen: 369817K->369817K(370176K)] 509081K->400866K(532480K) [PSPermGen: 13648K->13648K(21504K)], 0.0717500 secs] [Times: user=0.50 sys=0.00, real=0.08 secs] 
331.035: Total time for which application threads were stopped: 0.0724360 seconds, Stopping threads took: 0.0000570 seconds
331.061: Application time: 0.0262810 seconds
331.062: [Full GC [PSYoungGen: 139264K->30952K(162304K)] [ParOldGen: 369817K->369817K(370176K)] 509081K->400770K(532480K) [PSPermGen: 13648K->13648K(21504K)], 0.0720630 secs] [Times: user=0.50 sys=0.00, real=0.08 secs] 
331.134: Total time for which application threads were stopped: 0.0727180 seconds, Stopping threads took: 0.0001000 seconds
331.160: Application time: 0.0257130 seconds
331.160: [Full GC [PSYoungGen: 139264K->30938K(162304K)] [ParOldGen: 369817K->369817K(370176K)] 509081K->400756K(532480K) [PSPermGen: 13648K->13648K(21504K)], 0.0720500 secs] [Times: user=0.50 sys=0.00, real=0.08 secs] 
331.232: Total time for which application threads were stopped: 0.0727570 seconds, Stopping threads took: 0.0000690 seconds
331.258: Application time: 0.0255010 seconds
331.259: [Full GC [PSYoungGen: 139264K->30953K(162304K)] [ParOldGen: 369817K->369817K(370176K)] 509081K->400771K(532480K) [PSPermGen: 13648K->13648K(21504K)], 0.0716840 secs] [Times: user=0.50 sys=0.00, real=0.07 secs] 
331.330: Total time for which application threads were stopped: 0.0723870 seconds, Stopping threads took: 0.0000760 seconds
331.356: Application time: 0.0258870 seconds
331.357: [Full GC [PSYoungGen: 139264K->30911K(162304K)] [ParOldGen: 369817K->369817K(370176K)] 509081K->400729K(532480K) [PSPermGen: 13648K->13648K(21504K)], 0.0721110 secs] [Times: user=0.51 sys=0.00, real=0.07 secs] 
331.429: Total time for which application threads were stopped: 0.0728390 seconds, Stopping threads took: 0.0000760 seconds
331.455: Application time: 0.0256350 seconds
331.455: [Full GC [PSYoungGen: 139264K->30913K(162304K)] [ParOldGen: 369817K->369817K(370176K)] 509081K->400731K(532480K) [PSPermGen: 13648K->13648K(21504K)], 0.0720250 secs] [Times: user=0.50 sys=0.00, real=0.07 secs] 
331.527: Total time for which application threads were stopped: 0.0727280 seconds, Stopping threads took: 0.0000750 seconds
331.553: Application time: 0.0255960 seconds
331.554: [Full GC [PSYoungGen: 139264K->30927K(162304K)] [ParOldGen: 369817K->369817K(370176K)] 509081K->400745K(532480K) [PSPermGen: 13648K->13648K(21504K)], 0.0717250 secs] [Times: user=0.50 sys=0.00, real=0.07 secs] 
331.625: Total time for which application threads were stopped: 0.0724080 seconds, Stopping threads took: 0.0000520 seconds
331.651: Application time: 0.0254550 seconds
331.652: [Full GC [PSYoungGen: 139264K->30942K(162304K)] [ParOldGen: 369817K->369817K(370176K)] 509081K->400760K(532480K) [PSPermGen: 13648K->13648K(21504K)], 0.0723530 secs] [Times: user=0.51 sys=0.00, real=0.07 secs] 
331.724: Total time for which application threads were stopped: 0.0730180 seconds, Stopping threads took: 0.0000760 seconds
331.750: Application time: 0.0257980 seconds
331.750: [Full GC [PSYoungGen: 139264K->30906K(162304K)] [ParOldGen: 369817K->369817K(370176K)] 509081K->400724K(532480K) [PSPermGen: 13648K->13648K(21504K)], 0.0721140 secs] [Times: user=0.50 sys=0.00, real=0.07 secs] 
331.823: Total time for which application threads were stopped: 0.0728370 seconds, Stopping threads took: 0.0000800 seconds
331.848: Application time: 0.0256110 seconds
331.849: [Full GC [PSYoungGen: 139264K->30907K(162304K)] [ParOldGen: 369817K->369817K(370176K)] 509081K->400725K(532480K) [PSPermGen: 13648K->13648K(21504K)], 0.0718010 secs] [Times: user=0.50 sys=0.00, real=0.07 secs] 
331.921: Total time for which application threads were stopped: 0.0725030 seconds, Stopping threads took: 0.0000620 seconds
331.947: Application time: 0.0265140 seconds
331.948: [Full GC [PSYoungGen: 139264K->30923K(162304K)] [ParOldGen: 369817K->369817K(370176K)] 509081K->400741K(532480K) [PSPermGen: 13648K->13648K(21504K)], 0.0722400 secs] [Times: user=0.50 sys=0.00, real=0.07 secs] 
332.020: Total time for which application threads were stopped: 0.0729750 seconds, Stopping threads took: 0.0000640 seconds
332.046: Application time: 0.0257090 seconds
332.047: [Full GC [PSYoungGen: 139264K->30938K(162304K)] [ParOldGen: 369817K->369817K(370176K)] 509081K->400756K(532480K) [PSPermGen: 13648K->13648K(21504K)], 0.0720180 secs] [Times: user=0.51 sys=0.00, real=0.07 secs] 
332.119: Total time for which application threads were stopped: 0.0727330 seconds, Stopping threads took: 0.0000740 seconds
332.144: Application time: 0.0258320 seconds
332.145: [Full GC [PSYoungGen: 139264K->30880K(162304K)] [ParOldGen: 369817K->369817K(370176K)] 509081K->400698K(532480K) [PSPermGen: 13648K->13648K(21504K)], 0.0717300 secs] [Times: user=0.50 sys=0.00, real=0.07 secs] 
332.217: Total time for which application threads were stopped: 0.0724410 seconds, Stopping threads took: 0.0000880 seconds
332.242: Application time: 0.0254090 seconds
332.243: [Full GC [PSYoungGen: 139264K->30898K(162304K)] [ParOldGen: 369817K->369817K(370176K)] 509081K->400716K(532480K) [PSPermGen: 13648K->13648K(21504K)], 0.0747690 secs] [Times: user=0.53 sys=0.00, real=0.08 secs] 
332.318: Total time for which application threads were stopped: 0.0754590 seconds, Stopping threads took: 0.0000560 seconds
332.344: Application time: 0.0261010 seconds
332.345: [Full GC [PSYoungGen: 139264K->30748K(162304K)] [ParOldGen: 369817K->369817K(370176K)] 509081K->400566K(532480K) [PSPermGen: 13649K->13649K(21504K)], 0.0718290 secs] [Times: user=0.51 sys=0.00, real=0.07 secs] 
332.416: Total time for which application threads were stopped: 0.0725340 seconds, Stopping threads took: 0.0000690 seconds
332.442: Application time: 0.0255290 seconds
332.443: [Full GC [PSYoungGen: 139264K->30717K(162304K)] [ParOldGen: 369817K->369817K(370176K)] 509081K->400535K(532480K) [PSPermGen: 13649K->13649K(21504K)], 0.0716510 secs] [Times: user=0.51 sys=0.00, real=0.08 secs] 
332.514: Total time for which application threads were stopped: 0.0722730 seconds, Stopping threads took: 0.0000480 seconds
332.540: Application time: 0.0253720 seconds
332.540: [Full GC [PSYoungGen: 139264K->30733K(162304K)] [ParOldGen: 369817K->369817K(370176K)] 509081K->400551K(532480K) [PSPermGen: 13649K->13649K(21504K)], 0.0717970 secs] [Times: user=0.50 sys=0.01, real=0.07 secs] 
332.612: Total time for which application threads were stopped: 0.0725060 seconds, Stopping threads took: 0.0000570 seconds
332.638: Application time: 0.0256060 seconds
332.638: [Full GC [PSYoungGen: 139264K->30748K(162304K)] [ParOldGen: 369817K->369817K(370176K)] 509081K->400566K(532480K) [PSPermGen: 13649K->13649K(21504K)], 0.0719820 secs] [Times: user=0.50 sys=0.00, real=0.07 secs] 
332.710: Total time for which application threads were stopped: 0.0726890 seconds, Stopping threads took: 0.0000830 seconds
332.736: Application time: 0.0258400 seconds
332.737: [Full GC [PSYoungGen: 139264K->30763K(162304K)] [ParOldGen: 369817K->369817K(370176K)] 509081K->400581K(532480K) [PSPermGen: 13649K->13649K(21504K)], 0.0726990 secs] [Times: user=0.51 sys=0.00, real=0.07 secs] 
332.810: Total time for which application threads were stopped: 0.0733770 seconds, Stopping threads took: 0.0000600 seconds
332.836: Application time: 0.0258710 seconds
332.836: [Full GC [PSYoungGen: 139264K->30777K(162304K)] [ParOldGen: 369817K->369817K(370176K)] 509081K->400595K(532480K) [PSPermGen: 13649K->13649K(21504K)], 0.0746610 secs] [Times: user=0.53 sys=0.00, real=0.07 secs] 
332.911: Total time for which application threads were stopped: 0.0753950 seconds, Stopping threads took: 0.0001010 seconds
332.937: Application time: 0.0257960 seconds
332.937: [Full GC [PSYoungGen: 139264K->30793K(162304K)] [ParOldGen: 369817K->369817K(370176K)] 509081K->400611K(532480K) [PSPermGen: 13649K->13649K(21504K)], 0.0723140 secs] [Times: user=0.50 sys=0.00, real=0.07 secs] 
333.010: Total time for which application threads were stopped: 0.0729450 seconds, Stopping threads took: 0.0000490 seconds
333.035: Application time: 0.0254940 seconds
333.036: [Full GC [PSYoungGen: 139264K->30810K(162304K)] [ParOldGen: 369817K->369817K(370176K)] 509081K->400628K(532480K) [PSPermGen: 13649K->13649K(21504K)], 0.0717280 secs] [Times: user=0.50 sys=0.00, real=0.07 secs] 
333.108: Total time for which application threads were stopped: 0.0724260 seconds, Stopping threads took: 0.0000750 seconds
333.133: Application time: 0.0257730 seconds
333.134: [Full GC [PSYoungGen: 139264K->30826K(162304K)] [ParOldGen: 369817K->369817K(370176K)] 509081K->400644K(532480K) [PSPermGen: 13649K->13649K(21504K)], 0.0715630 secs] [Times: user=0.50 sys=0.00, real=0.07 secs] 
333.206: Total time for which application threads were stopped: 0.0722460 seconds, Stopping threads took: 0.0000430 seconds
333.231: Application time: 0.0252230 seconds
333.231: [Full GC [PSYoungGen: 139264K->30841K(162304K)] [ParOldGen: 369817K->369817K(370176K)] 509081K->400659K(532480K) [PSPermGen: 13649K->13649K(21504K)], 0.0714650 secs] [Times: user=0.51 sys=0.00, real=0.07 secs] 
333.303: Total time for which application threads were stopped: 0.0721590 seconds, Stopping threads took: 0.0000560 seconds
333.328: Application time: 0.0253620 seconds
333.329: [Full GC [PSYoungGen: 139264K->30857K(162304K)] [ParOldGen: 369817K->369817K(370176K)] 509081K->400675K(532480K) [PSPermGen: 13649K->13649K(21504K)], 0.0719580 secs] [Times: user=0.51 sys=0.00, real=0.07 secs] 
333.401: Total time for which application threads were stopped: 0.0725920 seconds, Stopping threads took: 0.0000630 seconds
333.427: Application time: 0.0258280 seconds
333.427: [Full GC [PSYoungGen: 139264K->30868K(162304K)] [ParOldGen: 369817K->369817K(370176K)] 509081K->400686K(532480K) [PSPermGen: 13649K->13649K(21504K)], 0.0720690 secs] [Times: user=0.50 sys=0.00, real=0.07 secs] 
333.500: Total time for which application threads were stopped: 0.0727760 seconds, Stopping threads took: 0.0000690 seconds
333.525: Application time: 0.0252220 seconds
333.525: [Full GC [PSYoungGen: 139264K->30887K(162304K)] [ParOldGen: 369817K->369817K(370176K)] 509081K->400705K(532480K) [PSPermGen: 13649K->13649K(21504K)], 0.0722480 secs] [Times: user=0.51 sys=0.00, real=0.07 secs] 
333.598: Total time for which application threads were stopped: 0.0729700 seconds, Stopping threads took: 0.0000910 seconds
333.624: Application time: 0.0257920 seconds
333.624: [Full GC [PSYoungGen: 139264K->30902K(162304K)] [ParOldGen: 369817K->369817K(370176K)] 509081K->400720K(532480K) [PSPermGen: 13649K->13649K(21504K)], 0.0717100 secs] [Times: user=0.50 sys=0.00, real=0.08 secs] 
333.696: Total time for which application threads were stopped: 0.0724230 seconds, Stopping threads took: 0.0000820 seconds
333.722: Application time: 0.0255640 seconds
333.722: [Full GC [PSYoungGen: 139264K->30917K(162304K)] [ParOldGen: 369817K->369817K(370176K)] 509081K->400735K(532480K) [PSPermGen: 13649K->13649K(21504K)], 0.0743450 secs] [Times: user=0.53 sys=0.00, real=0.08 secs] 
333.797: Total time for which application threads were stopped: 0.0750230 seconds, Stopping threads took: 0.0000810 seconds
333.822: Application time: 0.0254160 seconds
333.823: [Full GC [PSYoungGen: 139264K->30934K(162304K)] [ParOldGen: 369817K->369817K(370176K)] 509081K->400752K(532480K) [PSPermGen: 13649K->13649K(21504K)], 0.0718620 secs] [Times: user=0.51 sys=0.00, real=0.08 secs] 
333.895: Total time for which application threads were stopped: 0.0725650 seconds, Stopping threads took: 0.0000660 seconds
333.920: Application time: 0.0257610 seconds
333.921: [Full GC [PSYoungGen: 139264K->30949K(162304K)] [ParOldGen: 369817K->369817K(370176K)] 509081K->400767K(532480K) [PSPermGen: 13649K->13649K(21504K)], 0.0722660 secs] [Times: user=0.51 sys=0.00, real=0.08 secs] 
333.993: Total time for which application threads were stopped: 0.0729800 seconds, Stopping threads took: 0.0000820 seconds
334.019: Application time: 0.0254970 seconds
334.019: [Full GC [PSYoungGen: 139264K->30963K(162304K)] [ParOldGen: 369817K->369817K(370176K)] 509081K->400781K(532480K) [PSPermGen: 13649K->13649K(21504K)], 0.0723910 secs] [Times: user=0.51 sys=0.00, real=0.07 secs] 
334.092: Total time for which application threads were stopped: 0.0730940 seconds, Stopping threads took: 0.0000580 seconds
334.117: Application time: 0.0253540 seconds
334.118: [Full GC [PSYoungGen: 139264K->30983K(162304K)] [ParOldGen: 369817K->369817K(370176K)] 509081K->400801K(532480K) [PSPermGen: 13649K->13649K(21504K)], 0.0723570 secs] [Times: user=0.51 sys=0.00, real=0.07 secs] 
334.190: Total time for which application threads were stopped: 0.0730970 seconds, Stopping threads took: 0.0000990 seconds
334.216: Application time: 0.0255360 seconds
334.217: [Full GC [PSYoungGen: 139264K->30998K(162304K)] [ParOldGen: 369817K->369817K(370176K)] 509081K->400815K(532480K) [PSPermGen: 13649K->13649K(21504K)], 0.0720960 secs] [Times: user=0.50 sys=0.00, real=0.07 secs] 
334.289: Total time for which application threads were stopped: 0.0727380 seconds, Stopping threads took: 0.0000650 seconds
334.314: Application time: 0.0257370 seconds
334.315: [Full GC [PSYoungGen: 139264K->31012K(162304K)] [ParOldGen: 369817K->369817K(370176K)] 509081K->400830K(532480K) [PSPermGen: 13649K->13649K(21504K)], 0.0724900 secs] [Times: user=0.51 sys=0.00, real=0.07 secs] 
334.388: Total time for which application threads were stopped: 0.0732230 seconds, Stopping threads took: 0.0000690 seconds
334.413: Application time: 0.0256170 seconds
334.414: [Full GC [PSYoungGen: 139264K->31028K(162304K)] [ParOldGen: 369817K->369817K(370176K)] 509081K->400846K(532480K) [PSPermGen: 13649K->13649K(21504K)], 0.0717860 secs] [Times: user=0.51 sys=0.00, real=0.07 secs] 
334.486: Total time for which application threads were stopped: 0.0724710 seconds, Stopping threads took: 0.0000750 seconds
334.512: Application time: 0.0259160 seconds
334.512: [Full GC [PSYoungGen: 139264K->31044K(162304K)] [ParOldGen: 369817K->369817K(370176K)] 509081K->400862K(532480K) [PSPermGen: 13649K->13649K(21504K)], 0.0721520 secs] [Times: user=0.50 sys=0.00, real=0.08 secs] 
334.585: Total time for which application threads were stopped: 0.0728420 seconds, Stopping threads took: 0.0000610 seconds
334.611: Application time: 0.0263480 seconds
334.611: [Full GC [PSYoungGen: 139264K->30931K(162304K)] [ParOldGen: 369817K->369817K(370176K)] 509081K->400749K(532480K) [PSPermGen: 13649K->13649K(21504K)], 0.0719810 secs] [Times: user=0.50 sys=0.00, real=0.07 secs] 
334.684: Total time for which application threads were stopped: 0.0726590 seconds, Stopping threads took: 0.0000900 seconds
334.709: Application time: 0.0258540 seconds
334.710: [Full GC [PSYoungGen: 139264K->30931K(162304K)] [ParOldGen: 369817K->369817K(370176K)] 509081K->400749K(532480K) [PSPermGen: 13649K->13649K(21504K)], 0.0719500 secs] [Times: user=0.51 sys=0.00, real=0.07 secs] 
334.782: Total time for which application threads were stopped: 0.0726950 seconds, Stopping threads took: 0.0001100 seconds
334.808: Application time: 0.0255160 seconds
334.808: [Full GC [PSYoungGen: 139264K->30949K(162304K)] [ParOldGen: 369817K->369817K(370176K)] 509081K->400767K(532480K) [PSPermGen: 13649K->13649K(21504K)], 0.0715260 secs] [Times: user=0.51 sys=0.00, real=0.07 secs] 
334.880: Total time for which application threads were stopped: 0.0721920 seconds, Stopping threads took: 0.0000910 seconds
334.905: Application time: 0.0254650 seconds
334.906: [Full GC [PSYoungGen: 139264K->30962K(162304K)] [ParOldGen: 369817K->369817K(370176K)] 509081K->400780K(532480K) [PSPermGen: 13649K->13649K(21504K)], 0.0729110 secs] [Times: user=0.51 sys=0.00, real=0.07 secs] 
334.979: Total time for which application threads were stopped: 0.0736620 seconds, Stopping threads took: 0.0000950 seconds
335.005: Application time: 0.0260800 seconds
335.006: [Full GC [PSYoungGen: 139264K->30924K(162304K)] [ParOldGen: 369817K->369817K(370176K)] 509081K->400742K(532480K) [PSPermGen: 13649K->13649K(21504K)], 0.0725190 secs] [Times: user=0.51 sys=0.00, real=0.07 secs] 
335.078: Total time for which application threads were stopped: 0.0731790 seconds, Stopping threads took: 0.0000950 seconds
335.104: Application time: 0.0260220 seconds
335.105: [Full GC [PSYoungGen: 139264K->30923K(162304K)] [ParOldGen: 369817K->369817K(370176K)] 509081K->400741K(532480K) [PSPermGen: 13649K->13649K(21504K)], 0.0735850 secs] [Times: user=0.52 sys=0.00, real=0.07 secs] 
335.178: Total time for which application threads were stopped: 0.0742720 seconds, Stopping threads took: 0.0000480 seconds
335.204: Application time: 0.0259380 seconds
335.205: [Full GC [PSYoungGen: 139264K->30941K(162304K)] [ParOldGen: 369817K->369817K(370176K)] 509081K->400759K(532480K) [PSPermGen: 13649K->13649K(21504K)], 0.0719580 secs] [Times: user=0.50 sys=0.00, real=0.07 secs] 
335.277: Total time for which application threads were stopped: 0.0726560 seconds, Stopping threads took: 0.0000750 seconds
335.303: Application time: 0.0256030 seconds
335.303: [Full GC [PSYoungGen: 139264K->30958K(162304K)] [ParOldGen: 369817K->369817K(370176K)] 509081K->400776K(532480K) [PSPermGen: 13649K->13649K(21504K)], 0.0715810 secs] [Times: user=0.51 sys=0.00, real=0.08 secs] 
335.375: Total time for which application threads were stopped: 0.0722710 seconds, Stopping threads took: 0.0000570 seconds
335.401: Application time: 0.0258770 seconds
335.401: [Full GC [PSYoungGen: 139264K->30972K(162304K)] [ParOldGen: 369817K->369817K(370176K)] 509081K->400790K(532480K) [PSPermGen: 13649K->13649K(21504K)], 0.0723720 secs] [Times: user=0.51 sys=0.01, real=0.08 secs] 
335.474: Total time for which application threads were stopped: 0.0730620 seconds, Stopping threads took: 0.0000550 seconds
335.500: Application time: 0.0256620 seconds
335.500: [Full GC [PSYoungGen: 139264K->30987K(162304K)] [ParOldGen: 369817K->369817K(370176K)] 509081K->400805K(532480K) [PSPermGen: 13649K->13649K(21504K)], 0.0722540 secs] [Times: user=0.50 sys=0.00, real=0.08 secs] 
335.573: Total time for which application threads were stopped: 0.0729840 seconds, Stopping threads took: 0.0000840 seconds
335.599: Application time: 0.0260360 seconds
335.599: [Full GC [PSYoungGen: 139264K->30949K(162304K)] [ParOldGen: 369817K->369817K(370176K)] 509081K->400767K(532480K) [PSPermGen: 13649K->13649K(21504K)], 0.0717130 secs] [Times: user=0.50 sys=0.00, real=0.07 secs] 
335.671: Total time for which application threads were stopped: 0.0723900 seconds, Stopping threads took: 0.0000520 seconds
335.697: Application time: 0.0259780 seconds
335.698: [Full GC [PSYoungGen: 139264K->30893K(162304K)] [ParOldGen: 369817K->369817K(370176K)] 509081K->400711K(532480K) [PSPermGen: 13649K->13649K(21504K)], 0.0732060 secs] [Times: user=0.52 sys=0.00, real=0.07 secs] 
335.771: Total time for which application threads were stopped: 0.0739050 seconds, Stopping threads took: 0.0000750 seconds
335.797: Application time: 0.0261840 seconds
335.798: [Full GC [PSYoungGen: 139264K->30776K(162304K)] [ParOldGen: 369817K->369817K(370176K)] 509081K->400594K(532480K) [PSPermGen: 13649K->13649K(21504K)], 0.0719830 secs] [Times: user=0.51 sys=0.00, real=0.07 secs] 
335.870: Total time for which application threads were stopped: 0.0727360 seconds, Stopping threads took: 0.0001220 seconds
335.895: Application time: 0.0255080 seconds
335.896: [Full GC [PSYoungGen: 139264K->30765K(162304K)] [ParOldGen: 369817K->369817K(370176K)] 509081K->400583K(532480K) [PSPermGen: 13649K->13649K(21504K)], 0.0724770 secs] [Times: user=0.50 sys=0.00, real=0.07 secs] 
335.969: Total time for which application threads were stopped: 0.0732340 seconds, Stopping threads took: 0.0001260 seconds
335.994: Application time: 0.0257610 seconds
335.995: [Full GC [PSYoungGen: 139264K->30717K(162304K)] [ParOldGen: 369817K->369817K(370176K)] 509081K->400534K(532480K) [PSPermGen: 13649K->13649K(21504K)], 0.0714830 secs] [Times: user=0.50 sys=0.00, real=0.07 secs] 
336.067: Total time for which application threads were stopped: 0.0722190 seconds, Stopping threads took: 0.0000980 seconds
336.092: Application time: 0.0256730 seconds
336.093: [Full GC [PSYoungGen: 139264K->30730K(162304K)] [ParOldGen: 369817K->369817K(370176K)] 509081K->400548K(532480K) [PSPermGen: 13649K->13649K(21504K)], 0.0712610 secs] [Times: user=0.50 sys=0.00, real=0.06 secs] 
336.164: Total time for which application threads were stopped: 0.0719210 seconds, Stopping threads took: 0.0000770 seconds
336.189: Application time: 0.0252560 seconds
336.190: [Full GC [PSYoungGen: 139264K->30743K(162304K)] [ParOldGen: 369817K->369817K(370176K)] 509081K->400561K(532480K) [PSPermGen: 13649K->13649K(21504K)], 0.0720770 secs] [Times: user=0.51 sys=0.00, real=0.07 secs] 
336.262: Total time for which application threads were stopped: 0.0727910 seconds, Stopping threads took: 0.0001020 seconds
336.288: Application time: 0.0258110 seconds
336.289: [Full GC [PSYoungGen: 139264K->30763K(162304K)] [ParOldGen: 369817K->369817K(370176K)] 509081K->400581K(532480K) [PSPermGen: 13649K->13649K(21504K)], 0.0720090 secs] [Times: user=0.51 sys=0.00, real=0.07 secs] 
336.361: Total time for which application threads were stopped: 0.0726720 seconds, Stopping threads took: 0.0000870 seconds
336.386: Application time: 0.0255270 seconds
336.387: [Full GC [PSYoungGen: 139264K->30776K(162304K)] [ParOldGen: 369817K->369817K(370176K)] 509081K->400594K(532480K) [PSPermGen: 13649K->13649K(21504K)], 0.0718540 secs] [Times: user=0.51 sys=0.00, real=0.07 secs] 
336.459: Total time for which application threads were stopped: 0.0725630 seconds, Stopping threads took: 0.0000760 seconds
336.485: Application time: 0.0257260 seconds
336.485: [Full GC [PSYoungGen: 139264K->30786K(162304K)] [ParOldGen: 369817K->369817K(370176K)] 509081K->400604K(532480K) [PSPermGen: 13649K->13649K(21504K)], 0.0716080 secs] [Times: user=0.51 sys=0.00, real=0.07 secs] 
336.557: Total time for which application threads were stopped: 0.0723530 seconds, Stopping threads took: 0.0001140 seconds
336.582: Application time: 0.0255950 seconds
336.583: [Full GC [PSYoungGen: 139264K->30804K(162304K)] [ParOldGen: 369817K->369817K(370176K)] 509081K->400622K(532480K) [PSPermGen: 13649K->13649K(21504K)], 0.0724060 secs] [Times: user=0.51 sys=0.00, real=0.08 secs] 
336.656: Total time for which application threads were stopped: 0.0730610 seconds, Stopping threads took: 0.0000860 seconds
336.681: Application time: 0.0257740 seconds
336.682: [Full GC [PSYoungGen: 139264K->30821K(162304K)] [ParOldGen: 369817K->369817K(370176K)] 509081K->400639K(532480K) [PSPermGen: 13649K->13649K(21504K)], 0.0723320 secs] [Times: user=0.51 sys=0.00, real=0.08 secs] 
336.754: Total time for which application threads were stopped: 0.0730500 seconds, Stopping threads took: 0.0000760 seconds
336.780: Application time: 0.0255440 seconds
336.781: [Full GC [PSYoungGen: 139264K->30838K(162304K)] [ParOldGen: 369817K->369817K(370176K)] 509081K->400656K(532480K) [PSPermGen: 13649K->13649K(21504K)], 0.0714710 secs] [Times: user=0.50 sys=0.00, real=0.07 secs] 
336.852: Total time for which application threads were stopped: 0.0722120 seconds, Stopping threads took: 0.0000990 seconds
336.878: Application time: 0.0254910 seconds
336.878: [Full GC [PSYoungGen: 139264K->30853K(162304K)] [ParOldGen: 369817K->369817K(370176K)] 509081K->400671K(532480K) [PSPermGen: 13649K->13649K(21504K)], 0.0722450 secs] [Times: user=0.50 sys=0.00, real=0.07 secs] 
336.951: Total time for which application threads were stopped: 0.0729010 seconds, Stopping threads took: 0.0000710 seconds
336.976: Application time: 0.0252240 seconds
336.976: [Full GC [PSYoungGen: 139264K->30866K(162304K)] [ParOldGen: 369817K->369817K(370176K)] 509081K->400684K(532480K) [PSPermGen: 13649K->13649K(21504K)], 0.0715070 secs] [Times: user=0.50 sys=0.00, real=0.07 secs] 
337.048: Total time for which application threads were stopped: 0.0722170 seconds, Stopping threads took: 0.0000680 seconds
337.073: Application time: 0.0253300 seconds
337.074: [Full GC [PSYoungGen: 139264K->30883K(162304K)] [ParOldGen: 369817K->369817K(370176K)] 509081K->400701K(532480K) [PSPermGen: 13649K->13649K(21504K)], 0.0720390 secs] [Times: user=0.51 sys=0.00, real=0.07 secs] 
337.146: Total time for which application threads were stopped: 0.0726910 seconds, Stopping threads took: 0.0000540 seconds
337.171: Application time: 0.0251520 seconds
337.172: [Full GC [PSYoungGen: 139264K->30896K(162304K)] [ParOldGen: 369817K->369817K(370176K)] 509081K->400714K(532480K) [PSPermGen: 13649K->13649K(21504K)], 0.0718370 secs] [Times: user=0.50 sys=0.00, real=0.07 secs] 
337.244: Total time for which application threads were stopped: 0.0725400 seconds, Stopping threads took: 0.0000800 seconds
337.269: Application time: 0.0254670 seconds
337.270: [Full GC [PSYoungGen: 139264K->30913K(162304K)] [ParOldGen: 369817K->369817K(370176K)] 509081K->400731K(532480K) [PSPermGen: 13649K->13649K(21504K)], 0.0722770 secs] [Times: user=0.51 sys=0.00, real=0.07 secs] 
337.342: Total time for which application threads were stopped: 0.0729400 seconds, Stopping threads took: 0.0000630 seconds
337.368: Application time: 0.0255300 seconds
337.368: [Full GC [PSYoungGen: 139264K->30928K(162304K)] [ParOldGen: 369817K->369817K(370176K)] 509081K->400746K(532480K) [PSPermGen: 13649K->13649K(21504K)], 0.0719120 secs] [Times: user=0.50 sys=0.00, real=0.07 secs] 
337.440: Total time for which application threads were stopped: 0.0726080 seconds, Stopping threads took: 0.0001220 seconds
337.466: Application time: 0.0253820 seconds
337.466: [Full GC [PSYoungGen: 139264K->30942K(162304K)] [ParOldGen: 369817K->369817K(370176K)] 509081K->400760K(532480K) [PSPermGen: 13649K->13649K(21504K)], 0.0717300 secs] [Times: user=0.50 sys=0.00, real=0.07 secs] 
337.538: Total time for which application threads were stopped: 0.0724410 seconds, Stopping threads took: 0.0000760 seconds
337.563: Application time: 0.0251930 seconds
337.564: [Full GC [PSYoungGen: 139264K->30960K(162304K)] [ParOldGen: 369817K->369817K(370176K)] 509081K->400778K(532480K) [PSPermGen: 13649K->13649K(21504K)], 0.0720420 secs] [Times: user=0.51 sys=0.00, real=0.08 secs] 
337.636: Total time for which application threads were stopped: 0.0727550 seconds, Stopping threads took: 0.0000740 seconds
337.661: Application time: 0.0254180 seconds
337.662: [Full GC [PSYoungGen: 139264K->30977K(162304K)] [ParOldGen: 369817K->369817K(370176K)] 509081K->400795K(532480K) [PSPermGen: 13649K->13649K(21504K)], 0.0718380 secs] [Times: user=0.51 sys=0.00, real=0.08 secs] 
337.734: Total time for which application threads were stopped: 0.0725300 seconds, Stopping threads took: 0.0000550 seconds
337.760: Application time: 0.0256110 seconds
337.760: [Full GC [PSYoungGen: 139264K->30992K(162304K)] [ParOldGen: 369817K->369817K(370176K)] 509081K->400810K(532480K) [PSPermGen: 13649K->13649K(21504K)], 0.0719720 secs] [Times: user=0.50 sys=0.00, real=0.07 secs] 
337.832: Total time for which application threads were stopped: 0.0726540 seconds, Stopping threads took: 0.0000530 seconds
337.858: Application time: 0.0254050 seconds
337.858: [Full GC [PSYoungGen: 139264K->31007K(162304K)] [ParOldGen: 369817K->369817K(370176K)] 509081K->400825K(532480K) [PSPermGen: 13649K->13649K(21504K)], 0.0721410 secs] [Times: user=0.50 sys=0.00, real=0.07 secs] 
337.931: Total time for which application threads were stopped: 0.0728370 seconds, Stopping threads took: 0.0000850 seconds
337.957: Application time: 0.0261870 seconds
337.957: [Full GC [PSYoungGen: 139264K->31022K(162304K)] [ParOldGen: 369817K->369817K(370176K)] 509081K->400840K(532480K) [PSPermGen: 13649K->13649K(21504K)], 0.0719110 secs] [Times: user=0.50 sys=0.00, real=0.07 secs] 
338.029: Total time for which application threads were stopped: 0.0725300 seconds, Stopping threads took: 0.0000570 seconds
338.055: Application time: 0.0255700 seconds
338.055: [Full GC [PSYoungGen: 139264K->30963K(162304K)] [ParOldGen: 369817K->369817K(370176K)] 509081K->400781K(532480K) [PSPermGen: 13649K->13649K(21504K)], 0.0726040 secs] [Times: user=0.50 sys=0.00, real=0.07 secs] 
338.128: Total time for which application threads were stopped: 0.0732840 seconds, Stopping threads took: 0.0000650 seconds
338.154: Application time: 0.0255540 seconds
338.154: [Full GC [PSYoungGen: 139264K->30983K(162304K)] [ParOldGen: 369817K->369817K(370176K)] 509081K->400801K(532480K) [PSPermGen: 13649K->13649K(21504K)], 0.0719720 secs] [Times: user=0.50 sys=0.00, real=0.07 secs] 
338.226: Total time for which application threads were stopped: 0.0726190 seconds, Stopping threads took: 0.0000800 seconds
338.252: Application time: 0.0255340 seconds
338.253: [Full GC [PSYoungGen: 139264K->31000K(162304K)] [ParOldGen: 369817K->369817K(370176K)] 509081K->400818K(532480K) [PSPermGen: 13649K->13649K(21504K)], 0.0722110 secs] [Times: user=0.50 sys=0.00, real=0.07 secs] 
338.325: Total time for which application threads were stopped: 0.0730440 seconds, Stopping threads took: 0.0002050 seconds
338.351: Application time: 0.0256790 seconds
338.351: [Full GC [PSYoungGen: 139264K->31014K(162304K)] [ParOldGen: 369817K->369817K(370176K)] 509081K->400832K(532480K) [PSPermGen: 13649K->13649K(21504K)], 0.0718400 secs] [Times: user=0.50 sys=0.00, real=0.07 secs] 
338.423: Total time for which application threads were stopped: 0.0725370 seconds, Stopping threads took: 0.0000830 seconds
338.449: Application time: 0.0257240 seconds
338.449: [Full GC [PSYoungGen: 139264K->30976K(162304K)] [ParOldGen: 369817K->369817K(370176K)] 509081K->400794K(532480K) [PSPermGen: 13649K->13649K(21504K)], 0.0735500 secs] [Times: user=0.52 sys=0.00, real=0.07 secs] 
338.523: Total time for which application threads were stopped: 0.0743180 seconds, Stopping threads took: 0.0001080 seconds
338.549: Application time: 0.0256710 seconds
338.549: [Full GC [PSYoungGen: 139264K->30975K(162304K)] [ParOldGen: 369817K->369817K(370176K)] 509081K->400793K(532480K) [PSPermGen: 13649K->13649K(21504K)], 0.0717070 secs] [Times: user=0.50 sys=0.00, real=0.07 secs] 
338.621: Total time for which application threads were stopped: 0.0724160 seconds, Stopping threads took: 0.0000970 seconds
338.647: Application time: 0.0261370 seconds
338.648: [Full GC [PSYoungGen: 139264K->30969K(162304K)] [ParOldGen: 369817K->369817K(370176K)] 509081K->400787K(532480K) [PSPermGen: 13649K->13649K(21504K)], 0.0721220 secs] [Times: user=0.51 sys=0.00, real=0.07 secs] 
338.720: Total time for which application threads were stopped: 0.0728350 seconds, Stopping threads took: 0.0000850 seconds
338.746: Application time: 0.0260880 seconds
338.747: [Full GC [PSYoungGen: 139264K->30938K(162304K)] [ParOldGen: 369817K->369817K(370176K)] 509081K->400756K(532480K) [PSPermGen: 13649K->13649K(21504K)], 0.0718860 secs] [Times: user=0.51 sys=0.00, real=0.07 secs] 
338.819: Total time for which application threads were stopped: 0.0725780 seconds, Stopping threads took: 0.0000600 seconds
338.845: Application time: 0.0257150 seconds
338.845: [Full GC [PSYoungGen: 139264K->30953K(162304K)] [ParOldGen: 369817K->369817K(370176K)] 509081K->400771K(532480K) [PSPermGen: 13649K->13649K(21504K)], 0.0719540 secs] [Times: user=0.50 sys=0.00, real=0.07 secs] 
338.917: Total time for which application threads were stopped: 0.0725950 seconds, Stopping threads took: 0.0000840 seconds
338.943: Application time: 0.0263150 seconds
338.944: [Full GC [PSYoungGen: 139264K->30969K(162304K)] [ParOldGen: 369817K->369817K(370176K)] 509081K->400787K(532480K) [PSPermGen: 13649K->13649K(21504K)], 0.0728480 secs] [Times: user=0.51 sys=0.00, real=0.08 secs] 
339.017: Total time for which application threads were stopped: 0.0736260 seconds, Stopping threads took: 0.0000810 seconds
339.043: Application time: 0.0257110 seconds
339.043: [Full GC [PSYoungGen: 139264K->30985K(162304K)] [ParOldGen: 369817K->369817K(370176K)] 509081K->400802K(532480K) [PSPermGen: 13649K->13649K(21504K)], 0.0716570 secs] [Times: user=0.51 sys=0.00, real=0.08 secs] 
339.115: Total time for which application threads were stopped: 0.0723800 seconds, Stopping threads took: 0.0000810 seconds
339.141: Application time: 0.0262640 seconds
339.142: [Full GC [PSYoungGen: 139264K->30873K(162304K)] [ParOldGen: 369817K->369817K(370176K)] 509081K->400691K(532480K) [PSPermGen: 13649K->13649K(21504K)], 0.0722870 secs] [Times: user=0.51 sys=0.00, real=0.08 secs] 
339.214: Total time for which application threads were stopped: 0.0729850 seconds, Stopping threads took: 0.0000930 seconds
339.240: Application time: 0.0258620 seconds
339.241: [Full GC [PSYoungGen: 139264K->30874K(162304K)] [ParOldGen: 369817K->369817K(370176K)] 509081K->400692K(532480K) [PSPermGen: 13649K->13649K(21504K)], 0.0722270 secs] [Times: user=0.51 sys=0.00, real=0.08 secs] 
339.313: Total time for which application threads were stopped: 0.0729380 seconds, Stopping threads took: 0.0000840 seconds
339.339: Application time: 0.0261630 seconds
339.340: [Full GC [PSYoungGen: 139264K->30779K(162304K)] [ParOldGen: 369817K->369817K(370176K)] 509081K->400597K(532480K) [PSPermGen: 13649K->13649K(21504K)], 0.0714940 secs] [Times: user=0.50 sys=0.00, real=0.07 secs] 
339.412: Total time for which application threads were stopped: 0.0721980 seconds, Stopping threads took: 0.0000840 seconds
339.437: Application time: 0.0255070 seconds
339.438: [Full GC [PSYoungGen: 139264K->30765K(162304K)] [ParOldGen: 369817K->369817K(370176K)] 509081K->400583K(532480K) [PSPermGen: 13649K->13649K(21504K)], 0.0717370 secs] [Times: user=0.51 sys=0.00, real=0.07 secs] 
339.510: Total time for which application threads were stopped: 0.0724460 seconds, Stopping threads took: 0.0000810 seconds
339.536: Application time: 0.0259800 seconds
339.536: [Full GC [PSYoungGen: 139264K->30705K(162304K)] [ParOldGen: 369817K->369817K(370176K)] 509081K->400523K(532480K) [PSPermGen: 13649K->13649K(21504K)], 0.0714720 secs] [Times: user=0.50 sys=0.00, real=0.07 secs] 
339.608: Total time for which application threads were stopped: 0.0721950 seconds, Stopping threads took: 0.0000960 seconds
339.634: Application time: 0.0257790 seconds
339.634: [Full GC [PSYoungGen: 139264K->30725K(162304K)] [ParOldGen: 369817K->369817K(370176K)] 509081K->400543K(532480K) [PSPermGen: 13649K->13649K(21504K)], 0.0721180 secs] [Times: user=0.50 sys=0.00, real=0.07 secs] 
339.706: Total time for which application threads were stopped: 0.0728320 seconds, Stopping threads took: 0.0000670 seconds
339.732: Application time: 0.0255040 seconds
339.733: [Full GC [PSYoungGen: 139264K->30739K(162304K)] [ParOldGen: 369817K->369817K(370176K)] 509081K->400557K(532480K) [PSPermGen: 13649K->13649K(21504K)], 0.0723510 secs] [Times: user=0.51 sys=0.00, real=0.07 secs] 
339.805: Total time for which application threads were stopped: 0.0730500 seconds, Stopping threads took: 0.0000610 seconds
339.830: Application time: 0.0255280 seconds
339.831: [Full GC [PSYoungGen: 139264K->30754K(162304K)] [ParOldGen: 369817K->369817K(370176K)] 509081K->400572K(532480K) [PSPermGen: 13649K->13649K(21504K)], 0.0716200 secs] [Times: user=0.50 sys=0.00, real=0.07 secs] 
339.903: Total time for which application threads were stopped: 0.0722450 seconds, Stopping threads took: 0.0000530 seconds
339.928: Application time: 0.0253810 seconds
339.929: [Full GC [PSYoungGen: 139264K->30769K(162304K)] [ParOldGen: 369817K->369817K(370176K)] 509081K->400587K(532480K) [PSPermGen: 13649K->13649K(21504K)], 0.0723200 secs] [Times: user=0.51 sys=0.00, real=0.07 secs] 
340.001: Total time for which application threads were stopped: 0.0729620 seconds, Stopping threads took: 0.0000530 seconds
340.027: Application time: 0.0254650 seconds
340.027: [Full GC [PSYoungGen: 139264K->30787K(162304K)] [ParOldGen: 369817K->369817K(370176K)] 509081K->400605K(532480K) [PSPermGen: 13649K->13649K(21504K)], 0.0716670 secs] [Times: user=0.50 sys=0.00, real=0.07 secs] 
340.099: Total time for which application threads were stopped: 0.0723690 seconds, Stopping threads took: 0.0000760 seconds
340.124: Application time: 0.0254420 seconds
340.125: [Full GC [PSYoungGen: 139264K->30803K(162304K)] [ParOldGen: 369817K->369817K(370176K)] 509081K->400621K(532480K) [PSPermGen: 13649K->13649K(21504K)], 0.0714960 secs] [Times: user=0.50 sys=0.00, real=0.07 secs] 
340.197: Total time for which application threads were stopped: 0.0721870 seconds, Stopping threads took: 0.0000650 seconds
340.222: Application time: 0.0253790 seconds
340.223: [Full GC [PSYoungGen: 139264K->30819K(162304K)] [ParOldGen: 369817K->369817K(370176K)] 509081K->400637K(532480K) [PSPermGen: 13649K->13649K(21504K)], 0.0716120 secs] [Times: user=0.50 sys=0.00, real=0.08 secs] 
340.294: Total time for which application threads were stopped: 0.0723320 seconds, Stopping threads took: 0.0000620 seconds
340.320: Application time: 0.0255440 seconds
340.320: [Full GC [PSYoungGen: 139264K->30832K(162304K)] [ParOldGen: 369817K->369817K(370176K)] 509081K->400650K(532480K) [PSPermGen: 13649K->13649K(21504K)], 0.0717350 secs] [Times: user=0.51 sys=0.00, real=0.07 secs] 
340.392: Total time for which application threads were stopped: 0.0724250 seconds, Stopping threads took: 0.0000510 seconds
340.418: Application time: 0.0255830 seconds
340.418: [Full GC [PSYoungGen: 139264K->30848K(162304K)] [ParOldGen: 369817K->369817K(370176K)] 509081K->400666K(532480K) [PSPermGen: 13649K->13649K(21504K)], 0.0715240 secs] [Times: user=0.50 sys=0.00, real=0.07 secs] 
340.490: Total time for which application threads were stopped: 0.0722360 seconds, Stopping threads took: 0.0000760 seconds
340.515: Application time: 0.0253670 seconds
340.516: [Full GC [PSYoungGen: 139264K->30863K(162304K)] [ParOldGen: 369817K->369817K(370176K)] 509081K->400680K(532480K) [PSPermGen: 13649K->13649K(21504K)], 0.0716150 secs] [Times: user=0.51 sys=0.00, real=0.07 secs] 
340.588: Total time for which application threads were stopped: 0.0722700 seconds, Stopping threads took: 0.0000600 seconds
340.613: Application time: 0.0254930 seconds
340.614: [Full GC [PSYoungGen: 139264K->30877K(162304K)] [ParOldGen: 369817K->369817K(370176K)] 509081K->400695K(532480K) [PSPermGen: 13649K->13649K(21504K)], 0.0718220 secs] [Times: user=0.51 sys=0.00, real=0.07 secs] 
340.686: Total time for which application threads were stopped: 0.0724530 seconds, Stopping threads took: 0.0000660 seconds
340.711: Application time: 0.0253270 seconds
340.712: [Full GC [PSYoungGen: 139264K->30892K(162304K)] [ParOldGen: 369817K->369817K(370176K)] 509081K->400710K(532480K) [PSPermGen: 13649K->13649K(21504K)], 0.0717610 secs] [Times: user=0.51 sys=0.00, real=0.07 secs] 
340.783: Total time for which application threads were stopped: 0.0723930 seconds, Stopping threads took: 0.0000630 seconds
340.809: Application time: 0.0253250 seconds
340.809: [Full GC [PSYoungGen: 139264K->30910K(162304K)] [ParOldGen: 369817K->369817K(370176K)] 509081K->400728K(532480K) [PSPermGen: 13649K->13649K(21504K)], 0.0720170 secs] [Times: user=0.51 sys=0.00, real=0.07 secs] 
340.881: Total time for which application threads were stopped: 0.0727190 seconds, Stopping threads took: 0.0000510 seconds
340.907: Application time: 0.0252810 seconds
340.907: [Full GC [PSYoungGen: 139264K->30926K(162304K)] [ParOldGen: 369817K->369817K(370176K)] 509081K->400743K(532480K) [PSPermGen: 13649K->13649K(21504K)], 0.0723750 secs] [Times: user=0.50 sys=0.00, real=0.07 secs] 
340.980: Total time for which application threads were stopped: 0.0730900 seconds, Stopping threads took: 0.0000840 seconds
341.005: Application time: 0.0253840 seconds
341.006: [Full GC [PSYoungGen: 139264K->30938K(162304K)] [ParOldGen: 369817K->369817K(370176K)] 509081K->400756K(532480K) [PSPermGen: 13649K->13649K(21504K)], 0.0723940 secs] [Times: user=0.50 sys=0.00, real=0.07 secs] 
341.078: Total time for which application threads were stopped: 0.0731500 seconds, Stopping threads took: 0.0001140 seconds
341.104: Application time: 0.0254660 seconds
341.104: [Full GC [PSYoungGen: 139264K->30955K(162304K)] [ParOldGen: 369817K->369817K(370176K)] 509081K->400773K(532480K) [PSPermGen: 13649K->13649K(21504K)], 0.0722250 secs] [Times: user=0.51 sys=0.00, real=0.07 secs] 
341.177: Total time for which application threads were stopped: 0.0729470 seconds, Stopping threads took: 0.0000700 seconds
341.202: Application time: 0.0256300 seconds
341.203: [Full GC [PSYoungGen: 139264K->30972K(162304K)] [ParOldGen: 369817K->369817K(370176K)] 509081K->400790K(532480K) [PSPermGen: 13649K->13649K(21504K)], 0.0717490 secs] [Times: user=0.50 sys=0.00, real=0.08 secs] 
341.275: Total time for which application threads were stopped: 0.0723490 seconds, Stopping threads took: 0.0000290 seconds
341.300: Application time: 0.0254930 seconds
341.301: [Full GC [PSYoungGen: 139264K->30988K(162304K)] [ParOldGen: 369817K->369817K(370176K)] 509081K->400806K(532480K) [PSPermGen: 13649K->13649K(21504K)], 0.0719700 secs] [Times: user=0.51 sys=0.00, real=0.08 secs] 
341.373: Total time for which application threads were stopped: 0.0726610 seconds, Stopping threads took: 0.0000560 seconds
341.399: Application time: 0.0258640 seconds
341.399: [Full GC [PSYoungGen: 139264K->31003K(162304K)] [ParOldGen: 369817K->369817K(370176K)] 509081K->400821K(532480K) [PSPermGen: 13649K->13649K(21504K)], 0.0720990 secs] [Times: user=0.51 sys=0.01, real=0.07 secs] 
341.472: Total time for which application threads were stopped: 0.0728560 seconds, Stopping threads took: 0.0000990 seconds
341.498: Application time: 0.0258530 seconds
341.498: [Full GC [PSYoungGen: 139264K->30962K(162304K)] [ParOldGen: 369817K->369817K(370176K)] 509081K->400780K(532480K) [PSPermGen: 13649K->13649K(21504K)], 0.0721140 secs] [Times: user=0.51 sys=0.00, real=0.07 secs] 
341.570: Total time for which application threads were stopped: 0.0728170 seconds, Stopping threads took: 0.0000740 seconds
341.596: Application time: 0.0255320 seconds
341.597: [Full GC [PSYoungGen: 139264K->30963K(162304K)] [ParOldGen: 369817K->369817K(370176K)] 509081K->400781K(532480K) [PSPermGen: 13649K->13649K(21504K)], 0.0724000 secs] [Times: user=0.50 sys=0.00, real=0.07 secs] 
341.669: Total time for which application threads were stopped: 0.0731190 seconds, Stopping threads took: 0.0000890 seconds
341.695: Application time: 0.0257050 seconds
341.695: [Full GC [PSYoungGen: 139264K->30979K(162304K)] [ParOldGen: 369817K->369817K(370176K)] 509081K->400797K(532480K) [PSPermGen: 13649K->13649K(21504K)], 0.0727460 secs] [Times: user=0.51 sys=0.00, real=0.07 secs] 
341.768: Total time for which application threads were stopped: 0.0734500 seconds, Stopping threads took: 0.0000660 seconds
341.794: Application time: 0.0259320 seconds
341.795: [Full GC [PSYoungGen: 139264K->30993K(162304K)] [ParOldGen: 369817K->369817K(370176K)] 509081K->400811K(532480K) [PSPermGen: 13649K->13649K(21504K)], 0.0720990 secs] [Times: user=0.51 sys=0.00, real=0.07 secs] 
341.867: Total time for which application threads were stopped: 0.0727940 seconds, Stopping threads took: 0.0000670 seconds
341.893: Application time: 0.0260050 seconds
341.894: [Full GC [PSYoungGen: 139264K->31007K(162304K)] [ParOldGen: 369817K->369817K(370176K)] 509081K->400825K(532480K) [PSPermGen: 13649K->13649K(21504K)], 0.0727610 secs] [Times: user=0.51 sys=0.00, real=0.07 secs] 
341.966: Total time for which application threads were stopped: 0.0734550 seconds, Stopping threads took: 0.0000540 seconds
341.992: Application time: 0.0258870 seconds
341.993: [Full GC [PSYoungGen: 139264K->30956K(162304K)] [ParOldGen: 369817K->369817K(370176K)] 509081K->400774K(532480K) [PSPermGen: 13649K->13649K(21504K)], 0.0718330 secs] [Times: user=0.50 sys=0.00, real=0.07 secs] 
342.065: Total time for which application threads were stopped: 0.0725560 seconds, Stopping threads took: 0.0000580 seconds
342.090: Application time: 0.0255830 seconds
342.091: [Full GC [PSYoungGen: 139264K->30971K(162304K)] [ParOldGen: 369817K->369817K(370176K)] 509081K->400789K(532480K) [PSPermGen: 13649K->13649K(21504K)], 0.0722000 secs] [Times: user=0.51 sys=0.00, real=0.07 secs] 
342.163: Total time for which application threads were stopped: 0.0729160 seconds, Stopping threads took: 0.0000810 seconds
342.189: Application time: 0.0254400 seconds
342.189: [Full GC [PSYoungGen: 139264K->30986K(162304K)] [ParOldGen: 369817K->369817K(370176K)] 509081K->400804K(532480K) [PSPermGen: 13649K->13649K(21504K)], 0.0721140 secs] [Times: user=0.50 sys=0.00, real=0.07 secs] 
342.262: Total time for which application threads were stopped: 0.0728080 seconds, Stopping threads took: 0.0000700 seconds
342.287: Application time: 0.0257530 seconds
342.288: [Full GC [PSYoungGen: 139264K->31002K(162304K)] [ParOldGen: 369817K->369817K(370176K)] 509081K->400820K(532480K) [PSPermGen: 13649K->13649K(21504K)], 0.0724760 secs] [Times: user=0.51 sys=0.00, real=0.07 secs] 
342.360: Total time for which application threads were stopped: 0.0731470 seconds, Stopping threads took: 0.0000440 seconds
342.386: Application time: 0.0258900 seconds
342.387: [Full GC [PSYoungGen: 139264K->31018K(162304K)] [ParOldGen: 369817K->369817K(370176K)] 509081K->400836K(532480K) [PSPermGen: 13649K->13649K(21504K)], 0.0717030 secs] [Times: user=0.50 sys=0.00, real=0.07 secs] 
342.459: Total time for which application threads were stopped: 0.0724560 seconds, Stopping threads took: 0.0001090 seconds
342.485: Application time: 0.0264730 seconds
342.486: [Full GC [PSYoungGen: 139264K->30979K(162304K)] [ParOldGen: 369817K->369817K(370176K)] 509081K->400797K(532480K) [PSPermGen: 13649K->13649K(21504K)], 0.0722200 secs] [Times: user=0.51 sys=0.00, real=0.07 secs] 
342.558: Total time for which application threads were stopped: 0.0728910 seconds, Stopping threads took: 0.0000620 seconds
342.584: Application time: 0.0263040 seconds
342.585: [Full GC [PSYoungGen: 139264K->30907K(162304K)] [ParOldGen: 369817K->369817K(370176K)] 509081K->400725K(532480K) [PSPermGen: 13649K->13649K(21504K)], 0.0723780 secs] [Times: user=0.50 sys=0.00, real=0.07 secs] 
342.658: Total time for which application threads were stopped: 0.0730520 seconds, Stopping threads took: 0.0000980 seconds
342.684: Application time: 0.0264130 seconds
342.685: [Full GC [PSYoungGen: 139264K->30856K(162304K)] [ParOldGen: 369817K->369817K(370176K)] 509081K->400674K(532480K) [PSPermGen: 13649K->13649K(21504K)], 0.0718360 secs] [Times: user=0.50 sys=0.00, real=0.07 secs] 
342.757: Total time for which application threads were stopped: 0.0725340 seconds, Stopping threads took: 0.0000710 seconds
342.782: Application time: 0.0255990 seconds
342.783: [Full GC [PSYoungGen: 139264K->30867K(162304K)] [ParOldGen: 369817K->369817K(370176K)] 509081K->400685K(532480K) [PSPermGen: 13649K->13649K(21504K)], 0.0717240 secs] [Times: user=0.51 sys=0.00, real=0.08 secs] 
342.855: Total time for which application threads were stopped: 0.0724490 seconds, Stopping threads took: 0.0000920 seconds
342.880: Application time: 0.0259020 seconds
342.881: [Full GC [PSYoungGen: 139264K->30831K(162304K)] [ParOldGen: 369817K->369817K(370176K)] 509081K->400649K(532480K) [PSPermGen: 13649K->13649K(21504K)], 0.0722670 secs] [Times: user=0.50 sys=0.00, real=0.08 secs] 
342.953: Total time for which application threads were stopped: 0.0729780 seconds, Stopping threads took: 0.0000830 seconds
342.979: Application time: 0.0256200 seconds
342.980: [Full GC [PSYoungGen: 139264K->30755K(162304K)] [ParOldGen: 369817K->369817K(370176K)] 509081K->400573K(532480K) [PSPermGen: 13649K->13649K(21504K)], 0.0726190 secs] [Times: user=0.50 sys=0.00, real=0.08 secs] 
343.052: Total time for which application threads were stopped: 0.0733290 seconds, Stopping threads took: 0.0000500 seconds
343.078: Application time: 0.0257540 seconds
343.079: [Full GC [PSYoungGen: 139264K->30775K(162304K)] [ParOldGen: 369817K->369817K(370176K)] 509081K->400593K(532480K) [PSPermGen: 13649K->13649K(21504K)], 0.0716170 secs] [Times: user=0.50 sys=0.00, real=0.07 secs] 
343.150: Total time for which application threads were stopped: 0.0722860 seconds, Stopping threads took: 0.0000470 seconds
343.176: Application time: 0.0257240 seconds
343.177: [Full GC [PSYoungGen: 139264K->30788K(162304K)] [ParOldGen: 369817K->369817K(370176K)] 509081K->400606K(532480K) [PSPermGen: 13649K->13649K(21504K)], 0.0724020 secs] [Times: user=0.51 sys=0.00, real=0.07 secs] 
343.249: Total time for which application threads were stopped: 0.0731180 seconds, Stopping threads took: 0.0000550 seconds
343.275: Application time: 0.0259190 seconds
343.276: [Full GC [PSYoungGen: 139264K->30752K(162304K)] [ParOldGen: 369817K->369817K(370176K)] 509081K->400570K(532480K) [PSPermGen: 13649K->13649K(21504K)], 0.0716410 secs] [Times: user=0.51 sys=0.00, real=0.07 secs] 
343.348: Total time for which application threads were stopped: 0.0723300 seconds, Stopping threads took: 0.0000620 seconds
343.373: Application time: 0.0254110 seconds
343.374: [Full GC [PSYoungGen: 139264K->30754K(162304K)] [ParOldGen: 369817K->369817K(370176K)] 509081K->400572K(532480K) [PSPermGen: 13649K->13649K(21504K)], 0.0721100 secs] [Times: user=0.49 sys=0.00, real=0.07 secs] 
343.446: Total time for which application threads were stopped: 0.0727300 seconds, Stopping threads took: 0.0000580 seconds
343.472: Application time: 0.0258220 seconds
343.472: [Full GC [PSYoungGen: 139264K->30766K(162304K)] [ParOldGen: 369817K->369817K(370176K)] 509081K->400584K(532480K) [PSPermGen: 13649K->13649K(21504K)], 0.0715940 secs] [Times: user=0.50 sys=0.00, real=0.07 secs] 
343.544: Total time for which application threads were stopped: 0.0722920 seconds, Stopping threads took: 0.0000540 seconds
343.570: Application time: 0.0257820 seconds
343.570: [Full GC [PSYoungGen: 139264K->30784K(162304K)] [ParOldGen: 369817K->369817K(370176K)] 509081K->400602K(532480K) [PSPermGen: 13649K->13649K(21504K)], 0.0717840 secs] [Times: user=0.50 sys=0.00, real=0.07 secs] 
343.642: Total time for which application threads were stopped: 0.0724240 seconds, Stopping threads took: 0.0000760 seconds
343.668: Application time: 0.0258750 seconds
343.668: [Full GC [PSYoungGen: 139264K->30798K(162304K)] [ParOldGen: 369817K->369817K(370176K)] 509081K->400616K(532480K) [PSPermGen: 13649K->13649K(21504K)], 0.0728280 secs] [Times: user=0.51 sys=0.00, real=0.07 secs] 
343.741: Total time for which application threads were stopped: 0.0734490 seconds, Stopping threads took: 0.0000570 seconds
343.767: Application time: 0.0259020 seconds
343.768: [Full GC [PSYoungGen: 139264K->30813K(162304K)] [ParOldGen: 369817K->369817K(370176K)] 509081K->400631K(532480K) [PSPermGen: 13649K->13649K(21504K)], 0.0720930 secs] [Times: user=0.51 sys=0.00, real=0.07 secs] 
343.840: Total time for which application threads were stopped: 0.0727980 seconds, Stopping threads took: 0.0000720 seconds
343.866: Application time: 0.0257850 seconds
343.866: [Full GC [PSYoungGen: 139264K->30828K(162304K)] [ParOldGen: 369817K->369817K(370176K)] 509081K->400645K(532480K) [PSPermGen: 13649K->13649K(21504K)], 0.0715020 secs] [Times: user=0.50 sys=0.00, real=0.07 secs] 
343.938: Total time for which application threads were stopped: 0.0721560 seconds, Stopping threads took: 0.0000760 seconds
343.965: Application time: 0.0267590 seconds
343.965: [Full GC [PSYoungGen: 139264K->30844K(162304K)] [ParOldGen: 369817K->369817K(370176K)] 509081K->400662K(532480K) [PSPermGen: 13649K->13649K(21504K)], 0.0722500 secs] [Times: user=0.51 sys=0.00, real=0.07 secs] 
344.038: Total time for which application threads were stopped: 0.0729470 seconds, Stopping threads took: 0.0000630 seconds
344.063: Application time: 0.0257070 seconds
344.064: [Full GC [PSYoungGen: 139264K->30857K(162304K)] [ParOldGen: 369817K->369817K(370176K)] 509081K->400675K(532480K) [PSPermGen: 13649K->13649K(21504K)], 0.0716630 secs] [Times: user=0.50 sys=0.00, real=0.08 secs] 
344.136: Total time for which application threads were stopped: 0.0724040 seconds, Stopping threads took: 0.0000850 seconds
344.162: Application time: 0.0257340 seconds
344.162: [Full GC [PSYoungGen: 139264K->30874K(162304K)] [ParOldGen: 369817K->369817K(370176K)] 509081K->400692K(532480K) [PSPermGen: 13649K->13649K(21504K)], 0.0718550 secs] [Times: user=0.50 sys=0.00, real=0.08 secs] 
344.234: Total time for which application threads were stopped: 0.0724880 seconds, Stopping threads took: 0.0000710 seconds
344.260: Application time: 0.0257890 seconds
344.260: [Full GC [PSYoungGen: 139264K->30890K(162304K)] [ParOldGen: 369817K->369817K(370176K)] 509081K->400707K(532480K) [PSPermGen: 13649K->13649K(21504K)], 0.0723770 secs] [Times: user=0.51 sys=0.00, real=0.08 secs] 
344.333: Total time for which application threads were stopped: 0.0730230 seconds, Stopping threads took: 0.0000690 seconds
344.359: Application time: 0.0259150 seconds
344.359: [Full GC [PSYoungGen: 139264K->30906K(162304K)] [ParOldGen: 369817K->369817K(370176K)] 509081K->400724K(532480K) [PSPermGen: 13649K->13649K(21504K)], 0.0713510 secs] [Times: user=0.51 sys=0.00, real=0.07 secs] 
344.431: Total time for which application threads were stopped: 0.0720170 seconds, Stopping threads took: 0.0000700 seconds
344.456: Application time: 0.0255450 seconds
344.457: [Full GC [PSYoungGen: 139264K->30922K(162304K)] [ParOldGen: 369817K->369817K(370176K)] 509081K->400740K(532480K) [PSPermGen: 13649K->13649K(21504K)], 0.0716770 secs] [Times: user=0.50 sys=0.00, real=0.07 secs] 
344.529: Total time for which application threads were stopped: 0.0723860 seconds, Stopping threads took: 0.0000790 seconds
344.554: Application time: 0.0254600 seconds
344.555: [Full GC [PSYoungGen: 139264K->30932K(162304K)] [ParOldGen: 369817K->369817K(370176K)] 509081K->400750K(532480K) [PSPermGen: 13649K->13649K(21504K)], 0.0719550 secs] [Times: user=0.50 sys=0.00, real=0.07 secs] 
344.627: Total time for which application threads were stopped: 0.0726050 seconds, Stopping threads took: 0.0000740 seconds
344.652: Application time: 0.0255520 seconds
344.653: [Full GC [PSYoungGen: 139264K->30953K(162304K)] [ParOldGen: 369817K->369817K(370176K)] 509081K->400771K(532480K) [PSPermGen: 13649K->13649K(21504K)], 0.0716650 secs] [Times: user=0.50 sys=0.00, real=0.07 secs] 
344.725: Total time for which application threads were stopped: 0.0723340 seconds, Stopping threads took: 0.0000440 seconds
344.750: Application time: 0.0254080 seconds
344.751: [Full GC [PSYoungGen: 139264K->30968K(162304K)] [ParOldGen: 369817K->369817K(370176K)] 509081K->400786K(532480K) [PSPermGen: 13649K->13649K(21504K)], 0.0720200 secs] [Times: user=0.50 sys=0.00, real=0.07 secs] 
344.823: Total time for which application threads were stopped: 0.0726700 seconds, Stopping threads took: 0.0000810 seconds
344.849: Application time: 0.0257460 seconds
344.849: [Full GC [PSYoungGen: 139264K->30927K(162304K)] [ParOldGen: 369817K->369817K(370176K)] 509081K->400745K(532480K) [PSPermGen: 13649K->13649K(21504K)], 0.0723580 secs] [Times: user=0.50 sys=0.00, real=0.07 secs] 
344.922: Total time for which application threads were stopped: 0.0730420 seconds, Stopping threads took: 0.0000550 seconds
344.948: Application time: 0.0263040 seconds
344.949: [Full GC [PSYoungGen: 139264K->30928K(162304K)] [ParOldGen: 369817K->369817K(370176K)] 509081K->400746K(532480K) [PSPermGen: 13649K->13649K(21504K)], 0.0724150 secs] [Times: user=0.51 sys=0.00, real=0.07 secs] 
345.021: Total time for which application threads were stopped: 0.0731060 seconds, Stopping threads took: 0.0000510 seconds
345.046: Application time: 0.0253850 seconds
345.047: [Full GC [PSYoungGen: 139264K->30944K(162304K)] [ParOldGen: 369817K->369817K(370176K)] 509081K->400762K(532480K) [PSPermGen: 13649K->13649K(21504K)], 0.0715910 secs] [Times: user=0.50 sys=0.00, real=0.07 secs] 
345.119: Total time for which application threads were stopped: 0.0723110 seconds, Stopping threads took: 0.0000820 seconds
345.144: Application time: 0.0255480 seconds
345.145: [Full GC [PSYoungGen: 139264K->30961K(162304K)] [ParOldGen: 369817K->369817K(370176K)] 509081K->400779K(532480K) [PSPermGen: 13649K->13649K(21504K)], 0.0718470 secs] [Times: user=0.50 sys=0.00, real=0.07 secs] 
345.217: Total time for which application threads were stopped: 0.0725390 seconds, Stopping threads took: 0.0000550 seconds
345.242: Application time: 0.0256160 seconds
345.243: [Full GC [PSYoungGen: 139264K->30974K(162304K)] [ParOldGen: 369817K->369817K(370176K)] 509081K->400792K(532480K) [PSPermGen: 13649K->13649K(21504K)], 0.0717190 secs] [Times: user=0.50 sys=0.00, real=0.08 secs] 
345.315: Total time for which application threads were stopped: 0.0724370 seconds, Stopping threads took: 0.0000800 seconds
345.340: Application time: 0.0254620 seconds
345.341: [Full GC [PSYoungGen: 139264K->30987K(162304K)] [ParOldGen: 369817K->369817K(370176K)] 509081K->400805K(532480K) [PSPermGen: 13649K->13649K(21504K)], 0.0719250 secs] [Times: user=0.50 sys=0.00, real=0.08 secs] 
345.413: Total time for which application threads were stopped: 0.0725930 seconds, Stopping threads took: 0.0000420 seconds
345.438: Application time: 0.0255120 seconds
345.439: [Full GC [PSYoungGen: 139264K->31006K(162304K)] [ParOldGen: 369817K->369817K(370176K)] 509081K->400824K(532480K) [PSPermGen: 13649K->13649K(21504K)], 0.0717590 secs] [Times: user=0.51 sys=0.00, real=0.07 secs] 
345.511: Total time for which application threads were stopped: 0.0724600 seconds, Stopping threads took: 0.0000640 seconds
345.537: Application time: 0.0257190 seconds
345.537: [Full GC [PSYoungGen: 139264K->31022K(162304K)] [ParOldGen: 369817K->369817K(370176K)] 509081K->400840K(532480K) [PSPermGen: 13649K->13649K(21504K)], 0.0728080 secs] [Times: user=0.51 sys=0.00, real=0.07 secs] 
345.610: Total time for which application threads were stopped: 0.0734560 seconds, Stopping threads took: 0.0000780 seconds
345.636: Application time: 0.0261570 seconds
345.637: [Full GC [PSYoungGen: 139264K->30981K(162304K)] [ParOldGen: 369817K->369817K(370176K)] 509081K->400799K(532480K) [PSPermGen: 13649K->13649K(21504K)], 0.0719560 secs] [Times: user=0.51 sys=0.00, real=0.07 secs] 
345.709: Total time for which application threads were stopped: 0.0726400 seconds, Stopping threads took: 0.0000650 seconds
345.735: Application time: 0.0257660 seconds
345.735: [Full GC [PSYoungGen: 139264K->30981K(162304K)] [ParOldGen: 369817K->369817K(370176K)] 509081K->400798K(532480K) [PSPermGen: 13649K->13649K(21504K)], 0.0718950 secs] [Times: user=0.50 sys=0.00, real=0.07 secs] 
345.807: Total time for which application threads were stopped: 0.0726250 seconds, Stopping threads took: 0.0001020 seconds
345.833: Application time: 0.0256770 seconds
345.834: [Full GC [PSYoungGen: 139264K->31000K(162304K)] [ParOldGen: 369817K->369817K(370176K)] 509081K->400818K(532480K) [PSPermGen: 13649K->13649K(21504K)], 0.0722510 secs] [Times: user=0.50 sys=0.00, real=0.07 secs] 
345.906: Total time for which application threads were stopped: 0.0729600 seconds, Stopping threads took: 0.0000770 seconds
345.932: Application time: 0.0259050 seconds
345.932: [Full GC [PSYoungGen: 139264K->31013K(162304K)] [ParOldGen: 369817K->369817K(370176K)] 509081K->400831K(532480K) [PSPermGen: 13649K->13649K(21504K)], 0.0725100 secs] [Times: user=0.51 sys=0.00, real=0.07 secs] 
346.005: Total time for which application threads were stopped: 0.0732140 seconds, Stopping threads took: 0.0000670 seconds
346.031: Application time: 0.0259600 seconds
346.032: [Full GC [PSYoungGen: 139264K->31025K(162304K)] [ParOldGen: 369817K->369817K(370176K)] 509081K->400843K(532480K) [PSPermGen: 13649K->13649K(21504K)], 0.0722340 secs] [Times: user=0.51 sys=0.00, real=0.07 secs] 
346.104: Total time for which application threads were stopped: 0.0729210 seconds, Stopping threads took: 0.0000630 seconds
346.130: Application time: 0.0264520 seconds
346.131: [Full GC [PSYoungGen: 139264K->30908K(162304K)] [ParOldGen: 369817K->369817K(370176K)] 509081K->400726K(532480K) [PSPermGen: 13649K->13649K(21504K)], 0.0716760 secs] [Times: user=0.50 sys=0.00, real=0.07 secs] 
346.203: Total time for which application threads were stopped: 0.0723950 seconds, Stopping threads took: 0.0000830 seconds
346.229: Application time: 0.0259170 seconds
346.229: [Full GC [PSYoungGen: 139264K->30919K(162304K)] [ParOldGen: 369817K->369817K(370176K)] 509081K->400737K(532480K) [PSPermGen: 13649K->13649K(21504K)], 0.0721980 secs] [Times: user=0.51 sys=0.00, real=0.07 secs] 
346.302: Total time for which application threads were stopped: 0.0728510 seconds, Stopping threads took: 0.0000920 seconds
346.328: Application time: 0.0267260 seconds
346.329: [Full GC [PSYoungGen: 139264K->30813K(162304K)] [ParOldGen: 369817K->369817K(370176K)] 509081K->400631K(532480K) [PSPermGen: 13649K->13649K(21504K)], 0.0719730 secs] [Times: user=0.51 sys=0.00, real=0.07 secs] 
346.401: Total time for which application threads were stopped: 0.0727000 seconds, Stopping threads took: 0.0001050 seconds
346.427: Application time: 0.0257420 seconds
346.427: [Full GC [PSYoungGen: 139264K->30811K(162304K)] [ParOldGen: 369817K->369817K(370176K)] 509081K->400629K(532480K) [PSPermGen: 13649K->13649K(21504K)], 0.0721950 secs] [Times: user=0.51 sys=0.00, real=0.07 secs] 
346.500: Total time for which application threads were stopped: 0.0728630 seconds, Stopping threads took: 0.0000940 seconds
346.525: Application time: 0.0257130 seconds
346.526: [Full GC [PSYoungGen: 139264K->30827K(162304K)] [ParOldGen: 369817K->369817K(370176K)] 509081K->400645K(532480K) [PSPermGen: 13649K->13649K(21504K)], 0.0719540 secs] [Times: user=0.50 sys=0.00, real=0.07 secs] 
346.598: Total time for which application threads were stopped: 0.0725780 seconds, Stopping threads took: 0.0000590 seconds
346.624: Application time: 0.0256870 seconds
346.624: [Full GC [PSYoungGen: 139264K->30836K(162304K)] [ParOldGen: 369817K->369817K(370176K)] 509081K->400654K(532480K) [PSPermGen: 13649K->13649K(21504K)], 0.0719140 secs] [Times: user=0.50 sys=0.00, real=0.08 secs] 
346.696: Total time for which application threads were stopped: 0.0725360 seconds, Stopping threads took: 0.0000640 seconds
346.722: Application time: 0.0258320 seconds
346.723: [Full GC [PSYoungGen: 139264K->30856K(162304K)] [ParOldGen: 369817K->369817K(370176K)] 509081K->400674K(532480K) [PSPermGen: 13649K->13649K(21504K)], 0.0717850 secs] [Times: user=0.50 sys=0.00, real=0.08 secs] 
346.794: Total time for which application threads were stopped: 0.0724410 seconds, Stopping threads took: 0.0000640 seconds
346.820: Application time: 0.0256610 seconds
346.821: [Full GC [PSYoungGen: 139264K->30817K(162304K)] [ParOldGen: 369817K->369817K(370176K)] 509081K->400635K(532480K) [PSPermGen: 13649K->13649K(21504K)], 0.0716510 secs] [Times: user=0.51 sys=0.00, real=0.08 secs] 
346.893: Total time for which application threads were stopped: 0.0724000 seconds, Stopping threads took: 0.0001070 seconds
346.918: Application time: 0.0252770 seconds
346.918: [Full GC [PSYoungGen: 139264K->30819K(162304K)] [ParOldGen: 369817K->369817K(370176K)] 509081K->400637K(532480K) [PSPermGen: 13649K->13649K(21504K)], 0.0722320 secs] [Times: user=0.51 sys=0.00, real=0.07 secs] 
346.991: Total time for which application threads were stopped: 0.0729300 seconds, Stopping threads took: 0.0000610 seconds
347.017: Application time: 0.0258000 seconds
347.017: [Full GC [PSYoungGen: 139264K->30777K(162304K)] [ParOldGen: 369817K->369817K(370176K)] 509081K->400595K(532480K) [PSPermGen: 13649K->13649K(21504K)], 0.0720270 secs] [Times: user=0.50 sys=0.00, real=0.07 secs] 
347.089: Total time for which application threads were stopped: 0.0727200 seconds, Stopping threads took: 0.0000690 seconds
347.115: Application time: 0.0255830 seconds
347.115: [Full GC [PSYoungGen: 139264K->30779K(162304K)] [ParOldGen: 369817K->369817K(370176K)] 509081K->400597K(532480K) [PSPermGen: 13649K->13649K(21504K)], 0.0713360 secs] [Times: user=0.50 sys=0.00, real=0.07 secs] 
347.187: Total time for which application threads were stopped: 0.0720440 seconds, Stopping threads took: 0.0000640 seconds
347.212: Application time: 0.0253090 seconds
347.213: [Full GC [PSYoungGen: 139264K->30793K(162304K)] [ParOldGen: 369817K->369817K(370176K)] 509081K->400611K(532480K) [PSPermGen: 13649K->13649K(21504K)], 0.0722140 secs] [Times: user=0.51 sys=0.00, real=0.07 secs] 
347.285: Total time for which application threads were stopped: 0.0729260 seconds, Stopping threads took: 0.0000910 seconds
347.310: Application time: 0.0252750 seconds
347.311: [Full GC [PSYoungGen: 139264K->30808K(162304K)] [ParOldGen: 369817K->369817K(370176K)] 509081K->400626K(532480K) [PSPermGen: 13649K->13649K(21504K)], 0.0716980 secs] [Times: user=0.50 sys=0.00, real=0.07 secs] 
347.383: Total time for which application threads were stopped: 0.0724150 seconds, Stopping threads took: 0.0000610 seconds
347.408: Application time: 0.0255740 seconds
347.409: [Full GC [PSYoungGen: 139264K->30822K(162304K)] [ParOldGen: 369817K->369817K(370176K)] 509081K->400640K(532480K) [PSPermGen: 13649K->13649K(21504K)], 0.0719690 secs] [Times: user=0.51 sys=0.00, real=0.07 secs] 
347.481: Total time for which application threads were stopped: 0.0726630 seconds, Stopping threads took: 0.0000510 seconds
347.507: Application time: 0.0256390 seconds
347.507: [Full GC [PSYoungGen: 139264K->30839K(162304K)] [ParOldGen: 369817K->369817K(370176K)] 509081K->400657K(532480K) [PSPermGen: 13649K->13649K(21504K)], 0.0722930 secs] [Times: user=0.51 sys=0.01, real=0.07 secs] 
347.580: Total time for which application threads were stopped: 0.0729820 seconds, Stopping threads took: 0.0000520 seconds
347.605: Application time: 0.0253170 seconds
347.606: [Full GC [PSYoungGen: 139264K->30853K(162304K)] [ParOldGen: 369817K->369817K(370176K)] 509081K->400671K(532480K) [PSPermGen: 13649K->13649K(21504K)], 0.0720310 secs] [Times: user=0.51 sys=0.00, real=0.07 secs] 
347.678: Total time for which application threads were stopped: 0.0726630 seconds, Stopping threads took: 0.0000670 seconds
347.703: Application time: 0.0252720 seconds
347.704: [Full GC [PSYoungGen: 139264K->30868K(162304K)] [ParOldGen: 369817K->369817K(370176K)] 509081K->400686K(532480K) [PSPermGen: 13649K->13649K(21504K)], 0.0720320 secs] [Times: user=0.50 sys=0.00, real=0.08 secs] 
347.776: Total time for which application threads were stopped: 0.0726930 seconds, Stopping threads took: 0.0000760 seconds
347.801: Application time: 0.0252610 seconds
347.801: [Full GC [PSYoungGen: 139264K->30886K(162304K)] [ParOldGen: 369817K->369817K(370176K)] 509081K->400703K(532480K) [PSPermGen: 13649K->13649K(21504K)], 0.0718880 secs] [Times: user=0.50 sys=0.00, real=0.08 secs] 
347.873: Total time for which application threads were stopped: 0.0725170 seconds, Stopping threads took: 0.0000530 seconds
347.899: Application time: 0.0252340 seconds
347.899: [Full GC [PSYoungGen: 139264K->30903K(162304K)] [ParOldGen: 369817K->369817K(370176K)] 509081K->400721K(532480K) [PSPermGen: 13649K->13649K(21504K)], 0.0722070 secs] [Times: user=0.51 sys=0.00, real=0.07 secs] 
347.972: Total time for which application threads were stopped: 0.0728740 seconds, Stopping threads took: 0.0000760 seconds
347.997: Application time: 0.0255080 seconds
347.998: [Full GC [PSYoungGen: 139264K->30919K(162304K)] [ParOldGen: 369817K->369817K(370176K)] 509081K->400737K(532480K) [PSPermGen: 13649K->13649K(21504K)], 0.0719410 secs] [Times: user=0.51 sys=0.00, real=0.07 secs] 
348.070: Total time for which application threads were stopped: 0.0726940 seconds, Stopping threads took: 0.0000960 seconds
348.095: Application time: 0.0255420 seconds
348.096: [Full GC [PSYoungGen: 139264K->30932K(162304K)] [ParOldGen: 369817K->369817K(370176K)] 509081K->400750K(532480K) [PSPermGen: 13649K->13649K(21504K)], 0.0720530 secs] [Times: user=0.50 sys=0.00, real=0.07 secs] 
348.168: Total time for which application threads were stopped: 0.0727690 seconds, Stopping threads took: 0.0000810 seconds
348.194: Application time: 0.0254410 seconds
348.194: [Full GC [PSYoungGen: 139264K->30948K(162304K)] [ParOldGen: 369817K->369817K(370176K)] 509081K->400766K(532480K) [PSPermGen: 13649K->13649K(21504K)], 0.0715990 secs] [Times: user=0.51 sys=0.00, real=0.07 secs] 
348.266: Total time for which application threads were stopped: 0.0722970 seconds, Stopping threads took: 0.0000690 seconds
348.291: Application time: 0.0254380 seconds
348.292: [Full GC [PSYoungGen: 139264K->30964K(162304K)] [ParOldGen: 369817K->369817K(370176K)] 509081K->400782K(532480K) [PSPermGen: 13649K->13649K(21504K)], 0.0724770 secs] [Times: user=0.50 sys=0.01, real=0.08 secs] 
348.364: Total time for which application threads were stopped: 0.0731710 seconds, Stopping threads took: 0.0000590 seconds
348.390: Application time: 0.0259430 seconds
348.391: [Full GC [PSYoungGen: 139264K->30971K(162304K)] [ParOldGen: 369817K->369817K(370176K)] 509081K->400789K(532480K) [PSPermGen: 13649K->13649K(21504K)], 0.0717130 secs] [Times: user=0.50 sys=0.00, real=0.07 secs] 
348.463: Total time for which application threads were stopped: 0.0723570 seconds, Stopping threads took: 0.0000340 seconds
348.489: Application time: 0.0267350 seconds
348.490: [Full GC [PSYoungGen: 139264K->30925K(162304K)] [ParOldGen: 369817K->369817K(370176K)] 509081K->400743K(532480K) [PSPermGen: 13649K->13649K(21504K)], 0.0717740 secs] [Times: user=0.50 sys=0.00, real=0.07 secs] 
348.562: Total time for which application threads were stopped: 0.0725450 seconds, Stopping threads took: 0.0001080 seconds
348.587: Application time: 0.0253880 seconds
348.588: [Full GC [PSYoungGen: 139264K->30941K(162304K)] [ParOldGen: 369817K->369817K(370176K)] 509081K->400758K(532480K) [PSPermGen: 13649K->13649K(21504K)], 0.0721650 secs] [Times: user=0.51 sys=0.00, real=0.07 secs] 
348.660: Total time for which application threads were stopped: 0.0728090 seconds, Stopping threads took: 0.0000780 seconds
348.686: Application time: 0.0256390 seconds
348.686: [Full GC [PSYoungGen: 139264K->30955K(162304K)] [ParOldGen: 369817K->369817K(370176K)] 509081K->400772K(532480K) [PSPermGen: 13649K->13649K(21504K)], 0.0714080 secs] [Times: user=0.51 sys=0.00, real=0.07 secs] 
348.758: Total time for which application threads were stopped: 0.0720990 seconds, Stopping threads took: 0.0000610 seconds
348.784: Application time: 0.0255510 seconds
348.784: [Full GC [PSYoungGen: 139264K->30970K(162304K)] [ParOldGen: 369817K->369817K(370176K)] 509081K->400788K(532480K) [PSPermGen: 13649K->13649K(21504K)], 0.0718010 secs] [Times: user=0.51 sys=0.00, real=0.08 secs] 
348.856: Total time for which application threads were stopped: 0.0725070 seconds, Stopping threads took: 0.0000840 seconds
348.882: Application time: 0.0255470 seconds
348.882: [Full GC [PSYoungGen: 139264K->30987K(162304K)] [ParOldGen: 369817K->369817K(370176K)] 509081K->400805K(532480K) [PSPermGen: 13649K->13649K(21504K)], 0.0724450 secs] [Times: user=0.50 sys=0.00, real=0.08 secs] 
348.955: Total time for which application threads were stopped: 0.0731480 seconds, Stopping threads took: 0.0000730 seconds
348.980: Application time: 0.0254220 seconds
348.981: [Full GC [PSYoungGen: 139264K->30999K(162304K)] [ParOldGen: 369817K->369817K(370176K)] 509081K->400817K(532480K) [PSPermGen: 13649K->13649K(21504K)], 0.0723180 secs] [Times: user=0.51 sys=0.00, real=0.08 secs] 
349.053: Total time for which application threads were stopped: 0.0730290 seconds, Stopping threads took: 0.0000760 seconds
349.079: Application time: 0.0254710 seconds
349.079: [Full GC [PSYoungGen: 139264K->31019K(162304K)] [ParOldGen: 369817K->369817K(370176K)] 509081K->400837K(532480K) [PSPermGen: 13649K->13649K(21504K)], 0.0716060 secs] [Times: user=0.50 sys=0.00, real=0.07 secs] 
349.151: Total time for which application threads were stopped: 0.0723570 seconds, Stopping threads took: 0.0000980 seconds
349.177: Application time: 0.0256290 seconds
349.177: [Full GC [PSYoungGen: 139264K->31036K(162304K)] [ParOldGen: 369817K->369817K(370176K)] 509081K->400853K(532480K) [PSPermGen: 13649K->13649K(21504K)], 0.0731040 secs] [Times: user=0.52 sys=0.00, real=0.07 secs] 
349.250: Total time for which application threads were stopped: 0.0737500 seconds, Stopping threads took: 0.0000620 seconds
349.276: Application time: 0.0256530 seconds
349.277: [Full GC [PSYoungGen: 139264K->31046K(162304K)] [ParOldGen: 369817K->369817K(370176K)] 509081K->400864K(532480K) [PSPermGen: 13649K->13649K(21504K)], 0.0721760 secs] [Times: user=0.51 sys=0.00, real=0.07 secs] 
349.349: Total time for which application threads were stopped: 0.0728640 seconds, Stopping threads took: 0.0000500 seconds
349.375: Application time: 0.0257790 seconds
349.375: [Full GC [PSYoungGen: 139264K->30996K(162304K)] [ParOldGen: 369817K->369817K(370176K)] 509081K->400814K(532480K) [PSPermGen: 13649K->13649K(21504K)], 0.0718100 secs] [Times: user=0.50 sys=0.00, real=0.07 secs] 
349.447: Total time for which application threads were stopped: 0.0724230 seconds, Stopping threads took: 0.0000510 seconds
349.473: Application time: 0.0255490 seconds
349.473: [Full GC [PSYoungGen: 139264K->31011K(162304K)] [ParOldGen: 369817K->369817K(370176K)] 509081K->400829K(532480K) [PSPermGen: 13649K->13649K(21504K)], 0.0720180 secs] [Times: user=0.50 sys=0.00, real=0.07 secs] 
349.545: Total time for which application threads were stopped: 0.0726930 seconds, Stopping threads took: 0.0000550 seconds
349.555: Application time: 0.0092740 seconds
349.555: Total time for which application threads were stopped: 0.0006020 seconds, Stopping threads took: 0.0001170 seconds
349.572: Application time: 0.0168160 seconds
349.573: [Full GC [PSYoungGen: 139264K->30917K(162304K)] [ParOldGen: 369817K->369817K(370176K)] 509081K->400735K(532480K) [PSPermGen: 13649K->13649K(21504K)], 0.0720900 secs] [Times: user=0.50 sys=0.00, real=0.07 secs] 
349.645: Total time for which application threads were stopped: 0.0727750 seconds, Stopping threads took: 0.0000620 seconds
349.670: Application time: 0.0253020 seconds
349.671: [Full GC [PSYoungGen: 139264K->30899K(162304K)] [ParOldGen: 369817K->369817K(370176K)] 509081K->400717K(532480K) [PSPermGen: 13649K->13649K(21504K)], 0.0717520 secs] [Times: user=0.51 sys=0.00, real=0.07 secs] 
349.743: Total time for which application threads were stopped: 0.0724240 seconds, Stopping threads took: 0.0000870 seconds
349.768: Application time: 0.0258210 seconds
349.769: [Full GC [PSYoungGen: 139264K->30860K(162304K)] [ParOldGen: 369817K->369817K(370176K)] 509081K->400678K(532480K) [PSPermGen: 13649K->13649K(21504K)], 0.0715120 secs] [Times: user=0.51 sys=0.00, real=0.07 secs] 
349.841: Total time for which application threads were stopped: 0.0722750 seconds, Stopping threads took: 0.0001410 seconds
349.867: Application time: 0.0258490 seconds
349.867: [Full GC [PSYoungGen: 139264K->30806K(162304K)] [ParOldGen: 369817K->369817K(370176K)] 509081K->400624K(532480K) [PSPermGen: 13649K->13649K(21504K)], 0.0722620 secs] [Times: user=0.51 sys=0.00, real=0.07 secs] 
349.940: Total time for which application threads were stopped: 0.0730460 seconds, Stopping threads took: 0.0001710 seconds
349.966: Application time: 0.0266470 seconds
349.967: [Full GC [PSYoungGen: 139264K->30806K(162304K)] [ParOldGen: 369817K->369817K(370176K)] 509081K->400623K(532480K) [PSPermGen: 13649K->13649K(21504K)], 0.0720960 secs] [Times: user=0.51 sys=0.00, real=0.07 secs] 
350.039: Total time for which application threads were stopped: 0.0729380 seconds, Stopping threads took: 0.0002210 seconds
350.065: Application time: 0.0255640 seconds
350.065: [Full GC [PSYoungGen: 139264K->30822K(162304K)] [ParOldGen: 369817K->369817K(370176K)] 509081K->400640K(532480K) [PSPermGen: 13649K->13649K(21504K)], 0.0722850 secs] [Times: user=0.51 sys=0.00, real=0.07 secs] 
350.138: Total time for which application threads were stopped: 0.0730030 seconds, Stopping threads took: 0.0000890 seconds
350.163: Application time: 0.0254930 seconds
350.164: [Full GC [PSYoungGen: 139264K->30838K(162304K)] [ParOldGen: 369817K->369817K(370176K)] 509081K->400655K(532480K) [PSPermGen: 13649K->13649K(21504K)], 0.0718410 secs] [Times: user=0.51 sys=0.00, real=0.08 secs] 
350.236: Total time for which application threads were stopped: 0.0725770 seconds, Stopping threads took: 0.0000900 seconds
350.261: Application time: 0.0256090 seconds
350.262: [Full GC [PSYoungGen: 139264K->30854K(162304K)] [ParOldGen: 369817K->369817K(370176K)] 509081K->400672K(532480K) [PSPermGen: 13649K->13649K(21504K)], 0.0720400 secs] [Times: user=0.51 sys=0.00, real=0.08 secs] 
350.334: Total time for which application threads were stopped: 0.0727880 seconds, Stopping threads took: 0.0000880 seconds
350.360: Application time: 0.0255150 seconds
350.360: [Full GC [PSYoungGen: 139264K->30868K(162304K)] [ParOldGen: 369817K->369817K(370176K)] 509081K->400686K(532480K) [PSPermGen: 13649K->13649K(21504K)], 0.0722730 secs] [Times: user=0.51 sys=0.00, real=0.08 secs] 
350.433: Total time for which application threads were stopped: 0.0729980 seconds, Stopping threads took: 0.0000830 seconds
350.459: Application time: 0.0258560 seconds
350.459: [Full GC [PSYoungGen: 139264K->30829K(162304K)] [ParOldGen: 369817K->369817K(370176K)] 509081K->400647K(532480K) [PSPermGen: 13649K->13649K(21504K)], 0.0723610 secs] [Times: user=0.50 sys=0.01, real=0.07 secs] 
350.532: Total time for which application threads were stopped: 0.0730570 seconds, Stopping threads took: 0.0001260 seconds
350.558: Application time: 0.0260210 seconds
350.558: [Full GC [PSYoungGen: 139264K->30772K(162304K)] [ParOldGen: 369817K->369817K(370176K)] 509081K->400590K(532480K) [PSPermGen: 13649K->13649K(21504K)], 0.0723870 secs] [Times: user=0.51 sys=0.00, real=0.07 secs] 
350.631: Total time for which application threads were stopped: 0.0730980 seconds, Stopping threads took: 0.0000820 seconds
350.656: Application time: 0.0256490 seconds
350.657: [Full GC [PSYoungGen: 139264K->30773K(162304K)] [ParOldGen: 369817K->369817K(370176K)] 509081K->400591K(532480K) [PSPermGen: 13649K->13649K(21504K)], 0.0714830 secs] [Times: user=0.50 sys=0.00, real=0.07 secs] 
350.729: Total time for which application threads were stopped: 0.0721560 seconds, Stopping threads took: 0.0000510 seconds
350.754: Application time: 0.0258840 seconds
350.755: [Full GC [PSYoungGen: 139264K->30790K(162304K)] [ParOldGen: 369817K->369817K(370176K)] 509081K->400608K(532480K) [PSPermGen: 13649K->13649K(21504K)], 0.0721180 secs] [Times: user=0.50 sys=0.00, real=0.07 secs] 
350.827: Total time for which application threads were stopped: 0.0728340 seconds, Stopping threads took: 0.0000780 seconds
350.853: Application time: 0.0257060 seconds
350.854: [Full GC [PSYoungGen: 139264K->30804K(162304K)] [ParOldGen: 369817K->369817K(370176K)] 509081K->400622K(532480K) [PSPermGen: 13649K->13649K(21504K)], 0.0716780 secs] [Times: user=0.51 sys=0.00, real=0.07 secs] 
350.925: Total time for which application threads were stopped: 0.0723960 seconds, Stopping threads took: 0.0000560 seconds
350.952: Application time: 0.0267780 seconds
350.953: [Full GC [PSYoungGen: 139264K->30820K(162304K)] [ParOldGen: 369817K->369817K(370176K)] 509081K->400638K(532480K) [PSPermGen: 13649K->13649K(21504K)], 0.0716720 secs] [Times: user=0.51 sys=0.00, real=0.07 secs] 
351.025: Total time for which application threads were stopped: 0.0723860 seconds, Stopping threads took: 0.0000780 seconds
351.050: Application time: 0.0258110 seconds
351.051: [Full GC [PSYoungGen: 139264K->30834K(162304K)] [ParOldGen: 369817K->369817K(370176K)] 509081K->400652K(532480K) [PSPermGen: 13649K->13649K(21504K)], 0.0721070 secs] [Times: user=0.51 sys=0.00, real=0.07 secs] 
351.123: Total time for which application threads were stopped: 0.0728070 seconds, Stopping threads took: 0.0000620 seconds
351.149: Application time: 0.0259320 seconds
351.150: [Full GC [PSYoungGen: 139264K->30851K(162304K)] [ParOldGen: 369817K->369817K(370176K)] 509081K->400669K(532480K) [PSPermGen: 13649K->13649K(21504K)], 0.0720870 secs] [Times: user=0.50 sys=0.00, real=0.07 secs] 
351.222: Total time for which application threads were stopped: 0.0727750 seconds, Stopping threads took: 0.0000520 seconds
351.248: Application time: 0.0255890 seconds
351.248: [Full GC [PSYoungGen: 139264K->30865K(162304K)] [ParOldGen: 369817K->369817K(370176K)] 509081K->400683K(532480K) [PSPermGen: 13649K->13649K(21504K)], 0.0716950 secs] [Times: user=0.50 sys=0.00, real=0.07 secs] 
351.320: Total time for which application threads were stopped: 0.0723620 seconds, Stopping threads took: 0.0000970 seconds
351.346: Application time: 0.0257380 seconds
351.346: [Full GC [PSYoungGen: 139264K->30880K(162304K)] [ParOldGen: 369817K->369817K(370176K)] 509081K->400698K(532480K) [PSPermGen: 13649K->13649K(21504K)], 0.0718500 secs] [Times: user=0.50 sys=0.00, real=0.07 secs] 
351.418: Total time for which application threads were stopped: 0.0725570 seconds, Stopping threads took: 0.0000680 seconds
351.444: Application time: 0.0255960 seconds
351.444: [Full GC [PSYoungGen: 139264K->30897K(162304K)] [ParOldGen: 369817K->369817K(370176K)] 509081K->400715K(532480K) [PSPermGen: 13649K->13649K(21504K)], 0.0724670 secs] [Times: user=0.51 sys=0.00, real=0.07 secs] 
351.517: Total time for which application threads were stopped: 0.0731290 seconds, Stopping threads took: 0.0000640 seconds
351.543: Application time: 0.0257160 seconds
351.543: [Full GC [PSYoungGen: 139264K->30910K(162304K)] [ParOldGen: 369817K->369817K(370176K)] 509081K->400728K(532480K) [PSPermGen: 13649K->13649K(21504K)], 0.0720680 secs] [Times: user=0.51 sys=0.00, real=0.08 secs] 
351.615: Total time for which application threads were stopped: 0.0727870 seconds, Stopping threads took: 0.0000800 seconds
351.641: Application time: 0.0256960 seconds
351.642: [Full GC [PSYoungGen: 139264K->30928K(162304K)] [ParOldGen: 369817K->369817K(370176K)] 509081K->400746K(532480K) [PSPermGen: 13649K->13649K(21504K)], 0.0720320 secs] [Times: user=0.50 sys=0.00, real=0.08 secs] 
351.714: Total time for which application threads were stopped: 0.0726620 seconds, Stopping threads took: 0.0000670 seconds
351.740: Application time: 0.0257100 seconds
351.740: [Full GC [PSYoungGen: 139264K->30944K(162304K)] [ParOldGen: 369817K->369817K(370176K)] 509081K->400762K(532480K) [PSPermGen: 13649K->13649K(21504K)], 0.0715940 secs] [Times: user=0.50 sys=0.00, real=0.07 secs] 
351.812: Total time for which application threads were stopped: 0.0722990 seconds, Stopping threads took: 0.0000710 seconds
351.838: Application time: 0.0257600 seconds
351.838: [Full GC [PSYoungGen: 139264K->30958K(162304K)] [ParOldGen: 369817K->369817K(370176K)] 509081K->400776K(532480K) [PSPermGen: 13649K->13649K(21504K)], 0.0720500 secs] [Times: user=0.50 sys=0.00, real=0.07 secs] 
351.910: Total time for which application threads were stopped: 0.0727090 seconds, Stopping threads took: 0.0000920 seconds
351.936: Application time: 0.0254070 seconds
351.936: [Full GC [PSYoungGen: 139264K->30974K(162304K)] [ParOldGen: 369817K->369817K(370176K)] 509081K->400792K(532480K) [PSPermGen: 13649K->13649K(21504K)], 0.0723440 secs] [Times: user=0.51 sys=0.00, real=0.07 secs] 
352.009: Total time for which application threads were stopped: 0.0729720 seconds, Stopping threads took: 0.0000630 seconds
352.035: Application time: 0.0259520 seconds
352.035: [Full GC [PSYoungGen: 139264K->30934K(162304K)] [ParOldGen: 369817K->369817K(370176K)] 509081K->400752K(532480K) [PSPermGen: 13649K->13649K(21504K)], 0.0718810 secs] [Times: user=0.51 sys=0.00, real=0.07 secs] 
352.107: Total time for which application threads were stopped: 0.0726250 seconds, Stopping threads took: 0.0000840 seconds
352.133: Application time: 0.0253320 seconds
352.133: [Full GC [PSYoungGen: 139264K->30935K(162304K)] [ParOldGen: 369817K->369817K(370176K)] 509081K->400753K(532480K) [PSPermGen: 13649K->13649K(21504K)], 0.0720220 secs] [Times: user=0.51 sys=0.00, real=0.07 secs] 
352.205: Total time for which application threads were stopped: 0.0726720 seconds, Stopping threads took: 0.0000770 seconds
352.231: Application time: 0.0255910 seconds
352.231: [Full GC [PSYoungGen: 139264K->30947K(162304K)] [ParOldGen: 369817K->369817K(370176K)] 509081K->400765K(532480K) [PSPermGen: 13649K->13649K(21504K)], 0.0715020 secs] [Times: user=0.51 sys=0.00, real=0.07 secs] 
352.303: Total time for which application threads were stopped: 0.0721830 seconds, Stopping threads took: 0.0000490 seconds
352.328: Application time: 0.0254270 seconds
352.329: [Full GC [PSYoungGen: 139264K->30965K(162304K)] [ParOldGen: 369817K->369817K(370176K)] 509081K->400783K(532480K) [PSPermGen: 13649K->13649K(21504K)], 0.0719890 secs] [Times: user=0.50 sys=0.00, real=0.07 secs] 
352.401: Total time for which application threads were stopped: 0.0726510 seconds, Stopping threads took: 0.0000780 seconds
352.427: Application time: 0.0256390 seconds
352.427: [Full GC [PSYoungGen: 139264K->30980K(162304K)] [ParOldGen: 369817K->369817K(370176K)] 509081K->400798K(532480K) [PSPermGen: 13649K->13649K(21504K)], 0.0721990 secs] [Times: user=0.51 sys=0.01, real=0.07 secs] 
352.500: Total time for which application threads were stopped: 0.0728840 seconds, Stopping threads took: 0.0000540 seconds
352.525: Application time: 0.0254620 seconds
352.526: [Full GC [PSYoungGen: 139264K->30997K(162304K)] [ParOldGen: 369817K->369817K(370176K)] 509081K->400815K(532480K) [PSPermGen: 13649K->13649K(21504K)], 0.0716950 secs] [Times: user=0.51 sys=0.00, real=0.07 secs] 
352.598: Total time for which application threads were stopped: 0.0723770 seconds, Stopping threads took: 0.0000490 seconds
352.623: Application time: 0.0253810 seconds
352.624: [Full GC [PSYoungGen: 139264K->31014K(162304K)] [ParOldGen: 369817K->369817K(370176K)] 509081K->400832K(532480K) [PSPermGen: 13649K->13649K(21504K)], 0.0720390 secs] [Times: user=0.51 sys=0.00, real=0.08 secs] 
352.696: Total time for which application threads were stopped: 0.0727500 seconds, Stopping threads took: 0.0000540 seconds
352.721: Application time: 0.0255180 seconds
352.722: [Full GC [PSYoungGen: 139264K->31028K(162304K)] [ParOldGen: 369817K->369817K(370176K)] 509081K->400846K(532480K) [PSPermGen: 13649K->13649K(21504K)], 0.0715760 secs] [Times: user=0.51 sys=0.00, real=0.08 secs] 
352.793: Total time for which application threads were stopped: 0.0722620 seconds, Stopping threads took: 0.0000680 seconds
352.819: Application time: 0.0258010 seconds
352.820: [Full GC [PSYoungGen: 139264K->31047K(162304K)] [ParOldGen: 369817K->369817K(370176K)] 509081K->400865K(532480K) [PSPermGen: 13649K->13649K(21504K)], 0.0716520 secs] [Times: user=0.50 sys=0.00, real=0.07 secs] 
352.892: Total time for which application threads were stopped: 0.0723400 seconds, Stopping threads took: 0.0000530 seconds
352.917: Application time: 0.0255960 seconds
352.918: [Full GC [PSYoungGen: 139264K->31062K(162304K)] [ParOldGen: 369817K->369817K(370176K)] 509081K->400880K(532480K) [PSPermGen: 13649K->13649K(21504K)], 0.0722700 secs] [Times: user=0.50 sys=0.01, real=0.07 secs] 
352.990: Total time for which application threads were stopped: 0.0729570 seconds, Stopping threads took: 0.0000650 seconds
353.017: Application time: 0.0269110 seconds
353.018: [Full GC [PSYoungGen: 139264K->30921K(162304K)] [ParOldGen: 369817K->369817K(370176K)] 509081K->400739K(532480K) [PSPermGen: 13649K->13649K(21504K)], 0.0719650 secs] [Times: user=0.50 sys=0.00, real=0.07 secs] 
353.090: Total time for which application threads were stopped: 0.0725990 seconds, Stopping threads took: 0.0000530 seconds
353.117: Application time: 0.0274830 seconds
353.118: [Full GC [PSYoungGen: 139264K->30881K(162304K)] [ParOldGen: 369817K->369817K(370176K)] 509081K->400699K(532480K) [PSPermGen: 13649K->13649K(21504K)], 0.0718760 secs] [Times: user=0.51 sys=0.00, real=0.07 secs] 
353.190: Total time for which application threads were stopped: 0.0725960 seconds, Stopping threads took: 0.0000980 seconds
353.216: Application time: 0.0258640 seconds
353.216: [Full GC [PSYoungGen: 139264K->30896K(162304K)] [ParOldGen: 369817K->369817K(370176K)] 509081K->400714K(532480K) [PSPermGen: 13649K->13649K(21504K)], 0.0715130 secs] [Times: user=0.51 sys=0.00, real=0.07 secs] 
353.288: Total time for which application threads were stopped: 0.0722110 seconds, Stopping threads took: 0.0000550 seconds
353.314: Application time: 0.0260700 seconds
353.315: [Full GC [PSYoungGen: 139264K->30856K(162304K)] [ParOldGen: 369817K->369817K(370176K)] 509081K->400674K(532480K) [PSPermGen: 13649K->13649K(21504K)], 0.0715840 secs] [Times: user=0.51 sys=0.00, real=0.07 secs] 
353.386: Total time for which application threads were stopped: 0.0722800 seconds, Stopping threads took: 0.0000700 seconds
353.412: Application time: 0.0259830 seconds
353.413: [Full GC [PSYoungGen: 139264K->30856K(162304K)] [ParOldGen: 369817K->369817K(370176K)] 509081K->400674K(532480K) [PSPermGen: 13649K->13649K(21504K)], 0.0717520 secs] [Times: user=0.51 sys=0.00, real=0.07 secs] 
353.485: Total time for which application threads were stopped: 0.0723920 seconds, Stopping threads took: 0.0000620 seconds
353.510: Application time: 0.0257770 seconds
353.511: [Full GC [PSYoungGen: 139264K->30868K(162304K)] [ParOldGen: 369817K->369817K(370176K)] 509081K->400686K(532480K) [PSPermGen: 13649K->13649K(21504K)], 0.0720610 secs] [Times: user=0.50 sys=0.00, real=0.07 secs] 
353.583: Total time for which application threads were stopped: 0.0726950 seconds, Stopping threads took: 0.0000510 seconds
353.609: Application time: 0.0258490 seconds
353.610: [Full GC [PSYoungGen: 139264K->30819K(162304K)] [ParOldGen: 369817K->369817K(370176K)] 509081K->400637K(532480K) [PSPermGen: 13649K->13649K(21504K)], 0.0718760 secs] [Times: user=0.50 sys=0.00, real=0.07 secs] 
353.681: Total time for which application threads were stopped: 0.0725780 seconds, Stopping threads took: 0.0000740 seconds
353.708: Application time: 0.0260950 seconds
353.708: [Full GC [PSYoungGen: 139264K->30834K(162304K)] [ParOldGen: 369817K->369817K(370176K)] 509081K->400652K(532480K) [PSPermGen: 13649K->13649K(21504K)], 0.0719840 secs] [Times: user=0.51 sys=0.00, real=0.07 secs] 
353.780: Total time for which application threads were stopped: 0.0726360 seconds, Stopping threads took: 0.0000820 seconds
353.806: Application time: 0.0257460 seconds
353.807: [Full GC [PSYoungGen: 139264K->30848K(162304K)] [ParOldGen: 369817K->369817K(370176K)] 509081K->400666K(532480K) [PSPermGen: 13649K->13649K(21504K)], 0.0720720 secs] [Times: user=0.50 sys=0.00, real=0.07 secs] 
353.879: Total time for which application threads were stopped: 0.0727940 seconds, Stopping threads took: 0.0000720 seconds
353.905: Application time: 0.0261270 seconds
353.905: [Full GC [PSYoungGen: 139264K->30865K(162304K)] [ParOldGen: 369817K->369817K(370176K)] 509081K->400683K(532480K) [PSPermGen: 13649K->13649K(21504K)], 0.0730480 secs] [Times: user=0.51 sys=0.00, real=0.07 secs] 
353.979: Total time for which application threads were stopped: 0.0737250 seconds, Stopping threads took: 0.0000510 seconds
354.004: Application time: 0.0255130 seconds
354.005: [Full GC [PSYoungGen: 139264K->30881K(162304K)] [ParOldGen: 369817K->369817K(370176K)] 509081K->400699K(532480K) [PSPermGen: 13649K->13649K(21504K)], 0.0717070 secs] [Times: user=0.50 sys=0.00, real=0.07 secs] 
354.076: Total time for which application threads were stopped: 0.0723330 seconds, Stopping threads took: 0.0000510 seconds
354.095: Application time: 0.0181570 seconds
354.095: Total time for which application threads were stopped: 0.0005660 seconds, Stopping threads took: 0.0000720 seconds
354.103: Application time: 0.0078950 seconds
354.104: [Full GC [PSYoungGen: 139264K->30833K(162304K)] [ParOldGen: 369817K->369817K(370176K)] 509081K->400651K(532480K) [PSPermGen: 13649K->13649K(21504K)], 0.0715900 secs] [Times: user=0.50 sys=0.00, real=0.08 secs] 
354.175: Total time for which application threads were stopped: 0.0722560 seconds, Stopping threads took: 0.0000960 seconds
354.201: Application time: 0.0260140 seconds
354.202: [Full GC [PSYoungGen: 139264K->30783K(162304K)] [ParOldGen: 369817K->369817K(370176K)] 509081K->400601K(532480K) [PSPermGen: 13649K->13649K(21504K)], 0.0718350 secs] [Times: user=0.50 sys=0.01, real=0.08 secs] 
354.274: Total time for which application threads were stopped: 0.0727090 seconds, Stopping threads took: 0.0000650 seconds
354.300: Application time: 0.0256980 seconds
354.300: [Full GC [PSYoungGen: 139264K->30781K(162304K)] [ParOldGen: 369817K->369817K(370176K)] 509081K->400599K(532480K) [PSPermGen: 13649K->13649K(21504K)], 0.0724290 secs] [Times: user=0.51 sys=0.00, real=0.08 secs] 
354.373: Total time for which application threads were stopped: 0.0731120 seconds, Stopping threads took: 0.0000560 seconds
354.398: Application time: 0.0255190 seconds
354.399: [Full GC [PSYoungGen: 139264K->30801K(162304K)] [ParOldGen: 369817K->369817K(370176K)] 509081K->400618K(532480K) [PSPermGen: 13649K->13649K(21504K)], 0.0718900 secs] [Times: user=0.50 sys=0.00, real=0.07 secs] 
354.471: Total time for which application threads were stopped: 0.0726000 seconds, Stopping threads took: 0.0000590 seconds
354.497: Application time: 0.0257320 seconds
354.497: [Full GC [PSYoungGen: 139264K->30815K(162304K)] [ParOldGen: 369817K->369817K(370176K)] 509081K->400633K(532480K) [PSPermGen: 13649K->13649K(21504K)], 0.0719160 secs] [Times: user=0.51 sys=0.00, real=0.07 secs] 
354.569: Total time for which application threads were stopped: 0.0725810 seconds, Stopping threads took: 0.0001010 seconds
354.595: Application time: 0.0255550 seconds
354.595: [Full GC [PSYoungGen: 139264K->30831K(162304K)] [ParOldGen: 369817K->369817K(370176K)] 509081K->400648K(532480K) [PSPermGen: 13649K->13649K(21504K)], 0.0721860 secs] [Times: user=0.51 sys=0.00, real=0.07 secs] 
354.668: Total time for which application threads were stopped: 0.0728270 seconds, Stopping threads took: 0.0000690 seconds
354.693: Application time: 0.0256750 seconds
354.694: [Full GC [PSYoungGen: 139264K->30845K(162304K)] [ParOldGen: 369817K->369817K(370176K)] 509081K->400663K(532480K) [PSPermGen: 13649K->13649K(21504K)], 0.0725930 secs] [Times: user=0.50 sys=0.00, real=0.07 secs] 
354.767: Total time for which application threads were stopped: 0.0732960 seconds, Stopping threads took: 0.0000590 seconds
354.792: Application time: 0.0255480 seconds
354.793: [Full GC [PSYoungGen: 139264K->30860K(162304K)] [ParOldGen: 369817K->369817K(370176K)] 509081K->400678K(532480K) [PSPermGen: 13649K->13649K(21504K)], 0.0735280 secs] [Times: user=0.51 sys=0.01, real=0.07 secs] 
354.866: Total time for which application threads were stopped: 0.0741580 seconds, Stopping threads took: 0.0000700 seconds
354.892: Application time: 0.0257470 seconds
354.893: [Full GC [PSYoungGen: 139264K->30878K(162304K)] [ParOldGen: 369817K->369817K(370176K)] 509081K->400696K(532480K) [PSPermGen: 13649K->13649K(21504K)], 0.0725990 secs] [Times: user=0.51 sys=0.00, real=0.07 secs] 
354.965: Total time for which application threads were stopped: 0.0733130 seconds, Stopping threads took: 0.0000740 seconds
354.991: Application time: 0.0260030 seconds
354.992: [Full GC [PSYoungGen: 139264K->30894K(162304K)] [ParOldGen: 369817K->369817K(370176K)] 509081K->400712K(532480K) [PSPermGen: 13649K->13649K(21504K)], 0.0719280 secs] [Times: user=0.51 sys=0.00, real=0.07 secs] 
355.064: Total time for which application threads were stopped: 0.0727000 seconds, Stopping threads took: 0.0001080 seconds
355.090: Application time: 0.0258720 seconds
355.091: [Full GC [PSYoungGen: 139264K->30910K(162304K)] [ParOldGen: 369817K->369817K(370176K)] 509081K->400728K(532480K) [PSPermGen: 13649K->13649K(21504K)], 0.0734780 secs] [Times: user=0.51 sys=0.00, real=0.07 secs] 
355.164: Total time for which application threads were stopped: 0.0740950 seconds, Stopping threads took: 0.0000550 seconds
355.190: Application time: 0.0261420 seconds
355.191: [Full GC [PSYoungGen: 139264K->30925K(162304K)] [ParOldGen: 369817K->369817K(370176K)] 509081K->400743K(532480K) [PSPermGen: 13649K->13649K(21504K)], 0.0724010 secs] [Times: user=0.51 sys=0.00, real=0.07 secs] 
355.263: Total time for which application threads were stopped: 0.0730940 seconds, Stopping threads took: 0.0000600 seconds
355.289: Application time: 0.0258600 seconds
355.290: [Full GC [PSYoungGen: 139264K->30938K(162304K)] [ParOldGen: 369817K->369817K(370176K)] 509081K->400756K(532480K) [PSPermGen: 13649K->13649K(21504K)], 0.0717670 secs] [Times: user=0.50 sys=0.00, real=0.07 secs] 
355.362: Total time for which application threads were stopped: 0.0724550 seconds, Stopping threads took: 0.0000480 seconds
355.387: Application time: 0.0254280 seconds
355.388: [Full GC [PSYoungGen: 139264K->30900K(162304K)] [ParOldGen: 369817K->369817K(370176K)] 509081K->400718K(532480K) [PSPermGen: 13649K->13649K(21504K)], 0.0719310 secs] [Times: user=0.50 sys=0.00, real=0.07 secs] 
355.460: Total time for which application threads were stopped: 0.0726600 seconds, Stopping threads took: 0.0000830 seconds
355.485: Application time: 0.0252780 seconds
355.486: [Full GC [PSYoungGen: 139264K->30899K(162304K)] [ParOldGen: 369817K->369817K(370176K)] 509081K->400717K(532480K) [PSPermGen: 13649K->13649K(21504K)], 0.0725900 secs] [Times: user=0.51 sys=0.01, real=0.07 secs] 
355.558: Total time for which application threads were stopped: 0.0732880 seconds, Stopping threads took: 0.0000540 seconds
355.584: Application time: 0.0252550 seconds
355.584: [Full GC [PSYoungGen: 139264K->30915K(162304K)] [ParOldGen: 369817K->369817K(370176K)] 509081K->400733K(532480K) [PSPermGen: 13649K->13649K(21504K)], 0.0718140 secs] [Times: user=0.50 sys=0.00, real=0.07 secs] 
355.656: Total time for which application threads were stopped: 0.0725800 seconds, Stopping threads took: 0.0000860 seconds
355.681: Application time: 0.0252550 seconds
355.682: [Full GC [PSYoungGen: 139264K->30931K(162304K)] [ParOldGen: 369817K->369817K(370176K)] 509081K->400749K(532480K) [PSPermGen: 13649K->13649K(21504K)], 0.0717760 secs] [Times: user=0.50 sys=0.01, real=0.08 secs] 
355.754: Total time for which application threads were stopped: 0.0723970 seconds, Stopping threads took: 0.0000620 seconds
355.779: Application time: 0.0254640 seconds
355.780: [Full GC [PSYoungGen: 139264K->30946K(162304K)] [ParOldGen: 369817K->369817K(370176K)] 509081K->400764K(532480K) [PSPermGen: 13649K->13649K(21504K)], 0.0722450 secs] [Times: user=0.51 sys=0.00, real=0.07 secs] 
355.852: Total time for which application threads were stopped: 0.0729670 seconds, Stopping threads took: 0.0000710 seconds
355.878: Application time: 0.0251780 seconds
355.878: [Full GC [PSYoungGen: 139264K->30961K(162304K)] [ParOldGen: 369817K->369817K(370176K)] 509081K->400779K(532480K) [PSPermGen: 13649K->13649K(21504K)], 0.0738180 secs] [Times: user=0.51 sys=0.00, real=0.07 secs] 
355.952: Total time for which application threads were stopped: 0.0745050 seconds, Stopping threads took: 0.0000480 seconds
355.977: Application time: 0.0252930 seconds
355.978: [Full GC [PSYoungGen: 139264K->30977K(162304K)] [ParOldGen: 369817K->369817K(370176K)] 509081K->400795K(532480K) [PSPermGen: 13649K->13649K(21504K)], 0.0716580 secs] [Times: user=0.51 sys=0.00, real=0.07 secs] 
356.050: Total time for which application threads were stopped: 0.0723350 seconds, Stopping threads took: 0.0000420 seconds
356.075: Application time: 0.0254850 seconds
356.076: [Full GC [PSYoungGen: 139264K->30996K(162304K)] [ParOldGen: 369817K->369817K(370176K)] 509081K->400814K(532480K) [PSPermGen: 13649K->13649K(21504K)], 0.0743460 secs] [Times: user=0.52 sys=0.00, real=0.07 secs] 
356.150: Total time for which application threads were stopped: 0.0750470 seconds, Stopping threads took: 0.0000550 seconds
356.176: Application time: 0.0255300 seconds
356.176: [Full GC [PSYoungGen: 139264K->31009K(162304K)] [ParOldGen: 369817K->369817K(370176K)] 509081K->400827K(532480K) [PSPermGen: 13649K->13649K(21504K)], 0.0716960 secs] [Times: user=0.50 sys=0.00, real=0.07 secs] 
356.248: Total time for which application threads were stopped: 0.0724290 seconds, Stopping threads took: 0.0000620 seconds
356.274: Application time: 0.0256210 seconds
356.274: [Full GC [PSYoungGen: 139264K->31024K(162304K)] [ParOldGen: 369817K->369817K(370176K)] 509081K->400842K(532480K) [PSPermGen: 13649K->13649K(21504K)], 0.0721100 secs] [Times: user=0.51 sys=0.00, real=0.07 secs] 
356.347: Total time for which application threads were stopped: 0.0728010 seconds, Stopping threads took: 0.0000650 seconds
356.372: Application time: 0.0257710 seconds
356.373: [Full GC [PSYoungGen: 139264K->31036K(162304K)] [ParOldGen: 369817K->369817K(370176K)] 509081K->400854K(532480K) [PSPermGen: 13649K->13649K(21504K)], 0.0723500 secs] [Times: user=0.51 sys=0.00, real=0.07 secs] 
356.445: Total time for which application threads were stopped: 0.0730690 seconds, Stopping threads took: 0.0000750 seconds
356.471: Application time: 0.0260420 seconds
356.472: [Full GC [PSYoungGen: 139264K->30933K(162304K)] [ParOldGen: 369817K->369817K(370176K)] 509081K->400750K(532480K) [PSPermGen: 13649K->13649K(21504K)], 0.0717010 secs] [Times: user=0.51 sys=0.00, real=0.07 secs] 
356.544: Total time for which application threads were stopped: 0.0723910 seconds, Stopping threads took: 0.0000640 seconds
356.570: Application time: 0.0258180 seconds
356.570: [Full GC [PSYoungGen: 139264K->30932K(162304K)] [ParOldGen: 369817K->369817K(370176K)] 509081K->400750K(532480K) [PSPermGen: 13649K->13649K(21504K)], 0.0718640 secs] [Times: user=0.51 sys=0.00, real=0.07 secs] 
356.642: Total time for which application threads were stopped: 0.0725550 seconds, Stopping threads took: 0.0000600 seconds
356.668: Application time: 0.0254380 seconds
356.668: [Full GC [PSYoungGen: 139264K->30886K(162304K)] [ParOldGen: 369817K->369817K(370176K)] 509081K->400704K(532480K) [PSPermGen: 13649K->13649K(21504K)], 0.0715620 secs] [Times: user=0.50 sys=0.00, real=0.07 secs] 
356.740: Total time for which application threads were stopped: 0.0722410 seconds, Stopping threads took: 0.0000590 seconds
356.765: Application time: 0.0253640 seconds
356.766: [Full GC [PSYoungGen: 139264K->30890K(162304K)] [ParOldGen: 369817K->369817K(370176K)] 509081K->400708K(532480K) [PSPermGen: 13649K->13649K(21504K)], 0.0714230 secs] [Times: user=0.50 sys=0.00, real=0.07 secs] 
356.837: Total time for which application threads were stopped: 0.0721080 seconds, Stopping threads took: 0.0000460 seconds
356.863: Application time: 0.0252470 seconds
356.863: [Full GC [PSYoungGen: 139264K->30907K(162304K)] [ParOldGen: 369817K->369817K(370176K)] 509081K->400725K(532480K) [PSPermGen: 13649K->13649K(21504K)], 0.0723970 secs] [Times: user=0.51 sys=0.00, real=0.08 secs] 
356.936: Total time for which application threads were stopped: 0.0730810 seconds, Stopping threads took: 0.0000600 seconds
356.963: Application time: 0.0273070 seconds
356.964: [Full GC [PSYoungGen: 139264K->30868K(162304K)] [ParOldGen: 369817K->369817K(370176K)] 509081K->400685K(532480K) [PSPermGen: 13649K->13649K(21504K)], 0.0729370 secs] [Times: user=0.52 sys=0.00, real=0.08 secs] 
357.037: Total time for which application threads were stopped: 0.0736420 seconds, Stopping threads took: 0.0000810 seconds
357.062: Application time: 0.0255800 seconds
357.063: [Full GC [PSYoungGen: 139264K->30867K(162304K)] [ParOldGen: 369817K->369817K(370176K)] 509081K->400685K(532480K) [PSPermGen: 13649K->13649K(21504K)], 0.0720150 secs] [Times: user=0.50 sys=0.00, real=0.08 secs] 
357.135: Total time for which application threads were stopped: 0.0726770 seconds, Stopping threads took: 0.0000670 seconds
357.160: Application time: 0.0251170 seconds
357.161: [Full GC [PSYoungGen: 139264K->30883K(162304K)] [ParOldGen: 369817K->369817K(370176K)] 509081K->400701K(532480K) [PSPermGen: 13649K->13649K(21504K)], 0.0720350 secs] [Times: user=0.51 sys=0.00, real=0.08 secs] 
357.233: Total time for which application threads were stopped: 0.0727550 seconds, Stopping threads took: 0.0000820 seconds
357.258: Application time: 0.0252700 seconds
357.259: [Full GC [PSYoungGen: 139264K->30900K(162304K)] [ParOldGen: 369817K->369817K(370176K)] 509081K->400718K(532480K) [PSPermGen: 13649K->13649K(21504K)], 0.0716780 secs] [Times: user=0.50 sys=0.00, real=0.07 secs] 
357.330: Total time for which application threads were stopped: 0.0723650 seconds, Stopping threads took: 0.0000530 seconds
357.356: Application time: 0.0258310 seconds
357.357: [Full GC [PSYoungGen: 139264K->30861K(162304K)] [ParOldGen: 369817K->369817K(370176K)] 509081K->400679K(532480K) [PSPermGen: 13649K->13649K(21504K)], 0.0715690 secs] [Times: user=0.51 sys=0.00, real=0.07 secs] 
357.429: Total time for which application threads were stopped: 0.0722830 seconds, Stopping threads took: 0.0000520 seconds
357.454: Application time: 0.0255470 seconds
357.455: [Full GC [PSYoungGen: 139264K->30861K(162304K)] [ParOldGen: 369817K->369817K(370176K)] 509081K->400679K(532480K) [PSPermGen: 13649K->13649K(21504K)], 0.0719310 secs] [Times: user=0.50 sys=0.00, real=0.07 secs] 
357.527: Total time for which application threads were stopped: 0.0726570 seconds, Stopping threads took: 0.0000800 seconds
357.552: Application time: 0.0256150 seconds
357.553: [Full GC [PSYoungGen: 139264K->30874K(162304K)] [ParOldGen: 369817K->369817K(370176K)] 509081K->400692K(532480K) [PSPermGen: 13649K->13649K(21504K)], 0.0717860 secs] [Times: user=0.50 sys=0.00, real=0.07 secs] 
357.625: Total time for which application threads were stopped: 0.0724820 seconds, Stopping threads took: 0.0000670 seconds
357.650: Application time: 0.0253180 seconds
357.651: [Full GC [PSYoungGen: 139264K->30890K(162304K)] [ParOldGen: 369817K->369817K(370176K)] 509081K->400708K(532480K) [PSPermGen: 13649K->13649K(21504K)], 0.0716350 secs] [Times: user=0.51 sys=0.00, real=0.07 secs] 
357.723: Total time for which application threads were stopped: 0.0723290 seconds, Stopping threads took: 0.0000640 seconds
357.748: Application time: 0.0256230 seconds
357.749: [Full GC [PSYoungGen: 139264K->30907K(162304K)] [ParOldGen: 369817K->369817K(370176K)] 509081K->400725K(532480K) [PSPermGen: 13649K->13649K(21504K)], 0.0719040 secs] [Times: user=0.51 sys=0.00, real=0.07 secs] 
357.821: Total time for which application threads were stopped: 0.0725700 seconds, Stopping threads took: 0.0000350 seconds
357.847: Application time: 0.0260110 seconds
357.847: [Full GC [PSYoungGen: 139264K->30812K(162304K)] [ParOldGen: 369817K->369817K(370176K)] 509081K->400630K(532480K) [PSPermGen: 13649K->13649K(21504K)], 0.0718500 secs] [Times: user=0.50 sys=0.00, real=0.07 secs] 
357.919: Total time for which application threads were stopped: 0.0725760 seconds, Stopping threads took: 0.0000820 seconds
357.946: Application time: 0.0264320 seconds
357.947: [Full GC [PSYoungGen: 139264K->30794K(162304K)] [ParOldGen: 369817K->369817K(370176K)] 509081K->400612K(532480K) [PSPermGen: 13649K->13649K(21504K)], 0.0719950 secs] [Times: user=0.51 sys=0.00, real=0.07 secs] 
358.019: Total time for which application threads were stopped: 0.0728050 seconds, Stopping threads took: 0.0000610 seconds
358.044: Application time: 0.0252950 seconds
358.045: [Full GC [PSYoungGen: 139264K->30810K(162304K)] [ParOldGen: 369817K->369817K(370176K)] 509081K->400628K(532480K) [PSPermGen: 13649K->13649K(21504K)], 0.0721290 secs] [Times: user=0.50 sys=0.00, real=0.07 secs] 
358.117: Total time for which application threads were stopped: 0.0728840 seconds, Stopping threads took: 0.0000770 seconds
358.142: Application time: 0.0254070 seconds
358.143: [Full GC [PSYoungGen: 139264K->30827K(162304K)] [ParOldGen: 369817K->369817K(370176K)] 509081K->400645K(532480K) [PSPermGen: 13649K->13649K(21504K)], 0.0719230 secs] [Times: user=0.50 sys=0.00, real=0.08 secs] 
358.215: Total time for which application threads were stopped: 0.0725610 seconds, Stopping threads took: 0.0000660 seconds
358.240: Application time: 0.0251540 seconds
358.241: [Full GC [PSYoungGen: 139264K->30842K(162304K)] [ParOldGen: 369817K->369817K(370176K)] 509081K->400660K(532480K) [PSPermGen: 13649K->13649K(21504K)], 0.0720350 secs] [Times: user=0.51 sys=0.00, real=0.08 secs] 
358.313: Total time for which application threads were stopped: 0.0726760 seconds, Stopping threads took: 0.0000690 seconds
358.338: Application time: 0.0254150 seconds
358.339: [Full GC [PSYoungGen: 139264K->30859K(162304K)] [ParOldGen: 369817K->369817K(370176K)] 509081K->400677K(532480K) [PSPermGen: 13649K->13649K(21504K)], 0.0715510 secs] [Times: user=0.50 sys=0.00, real=0.07 secs] 
358.410: Total time for which application threads were stopped: 0.0722350 seconds, Stopping threads took: 0.0000550 seconds
358.436: Application time: 0.0255720 seconds
358.436: [Full GC [PSYoungGen: 139264K->30875K(162304K)] [ParOldGen: 369817K->369817K(370176K)] 509081K->400693K(532480K) [PSPermGen: 13649K->13649K(21504K)], 0.0715760 secs] [Times: user=0.50 sys=0.00, real=0.07 secs] 
358.508: Total time for which application threads were stopped: 0.0722770 seconds, Stopping threads took: 0.0000550 seconds
358.534: Application time: 0.0253890 seconds
358.534: [Full GC [PSYoungGen: 139264K->30889K(162304K)] [ParOldGen: 369817K->369817K(370176K)] 509081K->400707K(532480K) [PSPermGen: 13649K->13649K(21504K)], 0.0720860 secs] [Times: user=0.51 sys=0.00, real=0.07 secs] 
358.606: Total time for which application threads were stopped: 0.0727530 seconds, Stopping threads took: 0.0000740 seconds
358.632: Application time: 0.0257730 seconds
358.633: [Full GC [PSYoungGen: 139264K->30905K(162304K)] [ParOldGen: 369817K->369817K(370176K)] 509081K->400723K(532480K) [PSPermGen: 13649K->13649K(21504K)], 0.0722620 secs] [Times: user=0.51 sys=0.00, real=0.07 secs] 
358.705: Total time for which application threads were stopped: 0.0729790 seconds, Stopping threads took: 0.0000680 seconds
358.730: Application time: 0.0254090 seconds
358.731: [Full GC [PSYoungGen: 139264K->30920K(162304K)] [ParOldGen: 369817K->369817K(370176K)] 509081K->400738K(532480K) [PSPermGen: 13649K->13649K(21504K)], 0.0718530 secs] [Times: user=0.50 sys=0.00, real=0.07 secs] 
358.803: Total time for which application threads were stopped: 0.0725400 seconds, Stopping threads took: 0.0000590 seconds
358.829: Application time: 0.0255640 seconds
358.829: [Full GC [PSYoungGen: 139264K->30881K(162304K)] [ParOldGen: 369817K->369817K(370176K)] 509081K->400699K(532480K) [PSPermGen: 13649K->13649K(21504K)], 0.0723290 secs] [Times: user=0.51 sys=0.00, real=0.07 secs] 
358.902: Total time for which application threads were stopped: 0.0729490 seconds, Stopping threads took: 0.0000500 seconds
358.927: Application time: 0.0252470 seconds
358.927: [Full GC [PSYoungGen: 139264K->30881K(162304K)] [ParOldGen: 369817K->369817K(370176K)] 509081K->400699K(532480K) [PSPermGen: 13649K->13649K(21504K)], 0.0720120 secs] [Times: user=0.50 sys=0.00, real=0.07 secs] 
358.999: Total time for which application threads were stopped: 0.0727010 seconds, Stopping threads took: 0.0000520 seconds
359.025: Application time: 0.0254590 seconds
359.026: [Full GC [PSYoungGen: 139264K->30895K(162304K)] [ParOldGen: 369817K->369817K(370176K)] 509081K->400713K(532480K) [PSPermGen: 13649K->13649K(21504K)], 0.0716930 secs] [Times: user=0.50 sys=0.00, real=0.07 secs] 
359.097: Total time for which application threads were stopped: 0.0723980 seconds, Stopping threads took: 0.0000670 seconds
359.123: Application time: 0.0253500 seconds
359.123: [Full GC [PSYoungGen: 139264K->30911K(162304K)] [ParOldGen: 369817K->369817K(370176K)] 509081K->400728K(532480K) [PSPermGen: 13649K->13649K(21504K)], 0.0716360 secs] [Times: user=0.50 sys=0.01, real=0.08 secs] 
359.195: Total time for which application threads were stopped: 0.0723530 seconds, Stopping threads took: 0.0000590 seconds
359.220: Application time: 0.0254060 seconds
359.221: [Full GC [PSYoungGen: 139264K->30922K(162304K)] [ParOldGen: 369817K->369817K(370176K)] 509081K->400740K(532480K) [PSPermGen: 13649K->13649K(21504K)], 0.0721320 secs] [Times: user=0.51 sys=0.00, real=0.08 secs] 
359.293: Total time for which application threads were stopped: 0.0728340 seconds, Stopping threads took: 0.0000560 seconds
359.318: Application time: 0.0251700 seconds
359.319: [Full GC [PSYoungGen: 139264K->30945K(162304K)] [ParOldGen: 369817K->369817K(370176K)] 509081K->400763K(532480K) [PSPermGen: 13649K->13649K(21504K)], 0.0719870 secs] [Times: user=0.50 sys=0.00, real=0.07 secs] 
359.391: Total time for which application threads were stopped: 0.0726770 seconds, Stopping threads took: 0.0000560 seconds
359.416: Application time: 0.0250730 seconds
359.417: [Full GC [PSYoungGen: 139264K->30957K(162304K)] [ParOldGen: 369817K->369817K(370176K)] 509081K->400775K(532480K) [PSPermGen: 13649K->13649K(21504K)], 0.0721200 secs] [Times: user=0.51 sys=0.00, real=0.07 secs] 
359.489: Total time for which application threads were stopped: 0.0728280 seconds, Stopping threads took: 0.0000570 seconds
359.514: Application time: 0.0251430 seconds
359.515: [Full GC [PSYoungGen: 139264K->30973K(162304K)] [ParOldGen: 369817K->369817K(370176K)] 509081K->400791K(532480K) [PSPermGen: 13649K->13649K(21504K)], 0.0719980 secs] [Times: user=0.51 sys=0.00, real=0.07 secs] 
359.587: Total time for which application threads were stopped: 0.0726340 seconds, Stopping threads took: 0.0000590 seconds
359.612: Application time: 0.0250950 seconds
359.613: [Full GC [PSYoungGen: 139264K->30990K(162304K)] [ParOldGen: 369817K->369817K(370176K)] 509081K->400808K(532480K) [PSPermGen: 13649K->13649K(21504K)], 0.0722070 secs] [Times: user=0.50 sys=0.00, real=0.07 secs] 
359.685: Total time for which application threads were stopped: 0.0729200 seconds, Stopping threads took: 0.0000650 seconds
359.710: Application time: 0.0253860 seconds
359.711: [Full GC [PSYoungGen: 139264K->31003K(162304K)] [ParOldGen: 369817K->369817K(370176K)] 509081K->400821K(532480K) [PSPermGen: 13649K->13649K(21504K)], 0.0723070 secs] [Times: user=0.51 sys=0.00, real=0.07 secs] 
359.783: Total time for which application threads were stopped: 0.0730280 seconds, Stopping threads took: 0.0000620 seconds
359.809: Application time: 0.0258790 seconds
359.810: [Full GC [PSYoungGen: 139264K->30907K(162304K)] [ParOldGen: 369817K->369817K(370176K)] 509081K->400725K(532480K) [PSPermGen: 13649K->13649K(21504K)], 0.0721900 secs] [Times: user=0.51 sys=0.00, real=0.07 secs] 
359.882: Total time for which application threads were stopped: 0.0728700 seconds, Stopping threads took: 0.0000450 seconds
359.908: Application time: 0.0257360 seconds
359.908: [Full GC [PSYoungGen: 139264K->30895K(162304K)] [ParOldGen: 369817K->369817K(370176K)] 509081K->400713K(532480K) [PSPermGen: 13649K->13649K(21504K)], 0.0724940 secs] [Times: user=0.51 sys=0.00, real=0.07 secs] 
359.981: Total time for which application threads were stopped: 0.0731980 seconds, Stopping threads took: 0.0000740 seconds
360.007: Application time: 0.0256850 seconds
360.007: [Full GC [PSYoungGen: 139264K->30910K(162304K)] [ParOldGen: 369817K->369817K(370176K)] 509081K->400728K(532480K) [PSPermGen: 13649K->13649K(21504K)], 0.0716980 secs] [Times: user=0.50 sys=0.00, real=0.07 secs] 
360.079: Total time for which application threads were stopped: 0.0724560 seconds, Stopping threads took: 0.0001290 seconds
360.105: Application time: 0.0256200 seconds
360.105: [Full GC [PSYoungGen: 139264K->30927K(162304K)] [ParOldGen: 369817K->369817K(370176K)] 509081K->400745K(532480K) [PSPermGen: 13649K->13649K(21504K)], 0.0720620 secs] [Times: user=0.50 sys=0.00, real=0.07 secs] 
360.178: Total time for which application threads were stopped: 0.0727980 seconds, Stopping threads took: 0.0001020 seconds
360.203: Application time: 0.0258220 seconds
360.204: [Full GC [PSYoungGen: 139264K->30870K(162304K)] [ParOldGen: 369817K->369817K(370176K)] 509081K->400688K(532480K) [PSPermGen: 13649K->13649K(21504K)], 0.0717680 secs] [Times: user=0.50 sys=0.00, real=0.08 secs] 
360.276: Total time for which application threads were stopped: 0.0724570 seconds, Stopping threads took: 0.0000760 seconds
360.301: Application time: 0.0255530 seconds
360.302: [Full GC [PSYoungGen: 139264K->30885K(162304K)] [ParOldGen: 369817K->369817K(370176K)] 509081K->400703K(532480K) [PSPermGen: 13649K->13649K(21504K)], 0.0720780 secs] [Times: user=0.51 sys=0.00, real=0.08 secs] 
360.374: Total time for which application threads were stopped: 0.0728070 seconds, Stopping threads took: 0.0000850 seconds
360.400: Application time: 0.0258380 seconds
360.401: [Full GC [PSYoungGen: 139264K->30902K(162304K)] [ParOldGen: 369817K->369817K(370176K)] 509081K->400720K(532480K) [PSPermGen: 13649K->13649K(21504K)], 0.0722770 secs] [Times: user=0.51 sys=0.00, real=0.08 secs] 
360.473: Total time for which application threads were stopped: 0.0729550 seconds, Stopping threads took: 0.0000530 seconds
360.499: Application time: 0.0255670 seconds
360.499: [Full GC [PSYoungGen: 139264K->30920K(162304K)] [ParOldGen: 369817K->369817K(370176K)] 509081K->400738K(532480K) [PSPermGen: 13649K->13649K(21504K)], 0.0716730 secs] [Times: user=0.50 sys=0.00, real=0.07 secs] 
360.571: Total time for which application threads were stopped: 0.0723710 seconds, Stopping threads took: 0.0000770 seconds
360.597: Application time: 0.0262300 seconds
360.598: [Full GC [PSYoungGen: 139264K->30876K(162304K)] [ParOldGen: 369817K->369817K(370176K)] 509081K->400694K(532480K) [PSPermGen: 13649K->13649K(21504K)], 0.0722110 secs] [Times: user=0.50 sys=0.00, real=0.07 secs] 
360.670: Total time for which application threads were stopped: 0.0729140 seconds, Stopping threads took: 0.0000880 seconds
360.696: Application time: 0.0258660 seconds
360.697: [Full GC [PSYoungGen: 139264K->30877K(162304K)] [ParOldGen: 369817K->369817K(370176K)] 509081K->400695K(532480K) [PSPermGen: 13649K->13649K(21504K)], 0.0720220 secs] [Times: user=0.50 sys=0.00, real=0.07 secs] 
360.769: Total time for which application threads were stopped: 0.0726930 seconds, Stopping threads took: 0.0000470 seconds
360.795: Application time: 0.0260150 seconds
360.795: [Full GC [PSYoungGen: 139264K->30896K(162304K)] [ParOldGen: 369817K->369817K(370176K)] 509081K->400714K(532480K) [PSPermGen: 13649K->13649K(21504K)], 0.0724290 secs] [Times: user=0.50 sys=0.01, real=0.07 secs] 
360.868: Total time for which application threads were stopped: 0.0731370 seconds, Stopping threads took: 0.0000730 seconds
360.893: Application time: 0.0256170 seconds
360.894: [Full GC [PSYoungGen: 139264K->30910K(162304K)] [ParOldGen: 369817K->369817K(370176K)] 509081K->400728K(532480K) [PSPermGen: 13649K->13649K(21504K)], 0.0728120 secs] [Times: user=0.51 sys=0.00, real=0.07 secs] 
360.967: Total time for which application threads were stopped: 0.0735130 seconds, Stopping threads took: 0.0000580 seconds
360.993: Application time: 0.0255920 seconds
360.993: [Full GC [PSYoungGen: 139264K->30928K(162304K)] [ParOldGen: 369817K->369817K(370176K)] 509081K->400746K(532480K) [PSPermGen: 13649K->13649K(21504K)], 0.0718820 secs] [Times: user=0.51 sys=0.00, real=0.07 secs] 
361.065: Total time for which application threads were stopped: 0.0725560 seconds, Stopping threads took: 0.0000470 seconds
361.091: Application time: 0.0257420 seconds
361.091: [Full GC [PSYoungGen: 139264K->30943K(162304K)] [ParOldGen: 369817K->369817K(370176K)] 509081K->400761K(532480K) [PSPermGen: 13649K->13649K(21504K)], 0.0716320 secs] [Times: user=0.51 sys=0.00, real=0.07 secs] 
361.163: Total time for which application threads were stopped: 0.0722830 seconds, Stopping threads took: 0.0000830 seconds
361.189: Application time: 0.0258190 seconds
361.190: [Full GC [PSYoungGen: 139264K->30901K(162304K)] [ParOldGen: 369817K->369817K(370176K)] 509081K->400719K(532480K) [PSPermGen: 13649K->13649K(21504K)], 0.0718360 secs] [Times: user=0.51 sys=0.00, real=0.07 secs] 
361.261: Total time for which application threads were stopped: 0.0725060 seconds, Stopping threads took: 0.0000610 seconds
361.287: Application time: 0.0259330 seconds
361.288: [Full GC [PSYoungGen: 139264K->30902K(162304K)] [ParOldGen: 369817K->369817K(370176K)] 509081K->400720K(532480K) [PSPermGen: 13649K->13649K(21504K)], 0.0715950 secs] [Times: user=0.50 sys=0.00, real=0.07 secs] 
361.360: Total time for which application threads were stopped: 0.0723320 seconds, Stopping threads took: 0.0001030 seconds
361.385: Application time: 0.0256590 seconds
361.386: [Full GC [PSYoungGen: 139264K->30915K(162304K)] [ParOldGen: 369817K->369817K(370176K)] 509081K->400733K(532480K) [PSPermGen: 13649K->13649K(21504K)], 0.0716130 secs] [Times: user=0.50 sys=0.00, real=0.07 secs] 
361.458: Total time for which application threads were stopped: 0.0723260 seconds, Stopping threads took: 0.0001020 seconds
361.484: Application time: 0.0259160 seconds
361.484: [Full GC [PSYoungGen: 139264K->30817K(162304K)] [ParOldGen: 369817K->369817K(370176K)] 509081K->400635K(532480K) [PSPermGen: 13649K->13649K(21504K)], 0.0717630 secs] [Times: user=0.51 sys=0.00, real=0.08 secs] 
361.556: Total time for which application threads were stopped: 0.0724970 seconds, Stopping threads took: 0.0000790 seconds
361.582: Application time: 0.0255660 seconds
361.582: [Full GC [PSYoungGen: 139264K->30809K(162304K)] [ParOldGen: 369817K->369817K(370176K)] 509081K->400627K(532480K) [PSPermGen: 13649K->13649K(21504K)], 0.0718340 secs] [Times: user=0.51 sys=0.00, real=0.08 secs] 
361.654: Total time for which application threads were stopped: 0.0725340 seconds, Stopping threads took: 0.0000570 seconds
361.680: Application time: 0.0252950 seconds
361.680: [Full GC [PSYoungGen: 139264K->30823K(162304K)] [ParOldGen: 369817K->369817K(370176K)] 509081K->400641K(532480K) [PSPermGen: 13649K->13649K(21504K)], 0.0718240 secs] [Times: user=0.51 sys=0.00, real=0.07 secs] 
361.752: Total time for which application threads were stopped: 0.0725260 seconds, Stopping threads took: 0.0000650 seconds
361.778: Application time: 0.0255910 seconds
361.778: [Full GC [PSYoungGen: 139264K->30840K(162304K)] [ParOldGen: 369817K->369817K(370176K)] 509081K->400658K(532480K) [PSPermGen: 13649K->13649K(21504K)], 0.0718070 secs] [Times: user=0.51 sys=0.00, real=0.07 secs] 
361.850: Total time for which application threads were stopped: 0.0724950 seconds, Stopping threads took: 0.0000510 seconds
361.876: Application time: 0.0255410 seconds
361.876: [Full GC [PSYoungGen: 139264K->30855K(162304K)] [ParOldGen: 369817K->369817K(370176K)] 509081K->400673K(532480K) [PSPermGen: 13649K->13649K(21504K)], 0.0731020 secs] [Times: user=0.51 sys=0.00, real=0.07 secs] 
361.950: Total time for which application threads were stopped: 0.0738210 seconds, Stopping threads took: 0.0000780 seconds
361.975: Application time: 0.0256330 seconds
361.976: [Full GC [PSYoungGen: 139264K->30870K(162304K)] [ParOldGen: 369817K->369817K(370176K)] 509081K->400688K(532480K) [PSPermGen: 13649K->13649K(21504K)], 0.0717730 secs] [Times: user=0.50 sys=0.00, real=0.07 secs] 
362.048: Total time for which application threads were stopped: 0.0724390 seconds, Stopping threads took: 0.0001020 seconds
362.073: Application time: 0.0256770 seconds
362.074: [Full GC [PSYoungGen: 139264K->30885K(162304K)] [ParOldGen: 369817K->369817K(370176K)] 509081K->400703K(532480K) [PSPermGen: 13649K->13649K(21504K)], 0.0718420 secs] [Times: user=0.50 sys=0.00, real=0.07 secs] 
362.146: Total time for which application threads were stopped: 0.0725610 seconds, Stopping threads took: 0.0000740 seconds
362.172: Application time: 0.0257670 seconds
362.172: [Full GC [PSYoungGen: 139264K->30902K(162304K)] [ParOldGen: 369817K->369817K(370176K)] 509081K->400720K(532480K) [PSPermGen: 13649K->13649K(21504K)], 0.0730880 secs] [Times: user=0.51 sys=0.00, real=0.08 secs] 
362.245: Total time for which application threads were stopped: 0.0738160 seconds, Stopping threads took: 0.0000920 seconds
362.271: Application time: 0.0255810 seconds
362.272: [Full GC [PSYoungGen: 139264K->30917K(162304K)] [ParOldGen: 369817K->369817K(370176K)] 509081K->400735K(532480K) [PSPermGen: 13649K->13649K(21504K)], 0.0717080 secs] [Times: user=0.50 sys=0.00, real=0.07 secs] 
362.343: Total time for which application threads were stopped: 0.0724270 seconds, Stopping threads took: 0.0000870 seconds
362.369: Application time: 0.0259230 seconds
362.370: [Full GC [PSYoungGen: 139264K->30877K(162304K)] [ParOldGen: 369817K->369817K(370176K)] 509081K->400695K(532480K) [PSPermGen: 13649K->13649K(21504K)], 0.0719540 secs] [Times: user=0.50 sys=0.00, real=0.07 secs] 
362.442: Total time for which application threads were stopped: 0.0727130 seconds, Stopping threads took: 0.0001240 seconds
362.468: Application time: 0.0254560 seconds
362.468: [Full GC [PSYoungGen: 139264K->30876K(162304K)] [ParOldGen: 369817K->369817K(370176K)] 509081K->400694K(532480K) [PSPermGen: 13649K->13649K(21504K)], 0.0714610 secs] [Times: user=0.50 sys=0.00, real=0.07 secs] 
362.540: Total time for which application threads were stopped: 0.0721930 seconds, Stopping threads took: 0.0001030 seconds
362.565: Application time: 0.0253180 seconds
362.566: [Full GC [PSYoungGen: 139264K->30891K(162304K)] [ParOldGen: 369817K->369817K(370176K)] 509081K->400709K(532480K) [PSPermGen: 13649K->13649K(21504K)], 0.0718570 secs] [Times: user=0.51 sys=0.00, real=0.07 secs] 
362.638: Total time for which application threads were stopped: 0.0724870 seconds, Stopping threads took: 0.0000670 seconds
362.663: Application time: 0.0253610 seconds
362.664: [Full GC [PSYoungGen: 139264K->30907K(162304K)] [ParOldGen: 369817K->369817K(370176K)] 509081K->400725K(532480K) [PSPermGen: 13649K->13649K(21504K)], 0.0722890 secs] [Times: user=0.51 sys=0.01, real=0.08 secs] 
362.736: Total time for which application threads were stopped: 0.0730250 seconds, Stopping threads took: 0.0000640 seconds
362.762: Application time: 0.0258580 seconds
362.762: [Full GC [PSYoungGen: 139264K->30923K(162304K)] [ParOldGen: 369817K->369817K(370176K)] 509081K->400741K(532480K) [PSPermGen: 13649K->13649K(21504K)], 0.0719740 secs] [Times: user=0.50 sys=0.00, real=0.08 secs] 
362.834: Total time for which application threads were stopped: 0.0726960 seconds, Stopping threads took: 0.0000760 seconds
362.860: Application time: 0.0256390 seconds
362.861: [Full GC [PSYoungGen: 139264K->30939K(162304K)] [ParOldGen: 369817K->369817K(370176K)] 509081K->400757K(532480K) [PSPermGen: 13649K->13649K(21504K)], 0.0717900 secs] [Times: user=0.50 sys=0.00, real=0.08 secs] 
362.933: Total time for which application threads were stopped: 0.0724330 seconds, Stopping threads took: 0.0000590 seconds
362.959: Application time: 0.0262600 seconds
362.959: [Full GC [PSYoungGen: 139264K->30954K(162304K)] [ParOldGen: 369817K->369817K(370176K)] 509081K->400772K(532480K) [PSPermGen: 13649K->13649K(21504K)], 0.0719330 secs] [Times: user=0.51 sys=0.00, real=0.07 secs] 
363.031: Total time for which application threads were stopped: 0.0726340 seconds, Stopping threads took: 0.0000620 seconds
363.057: Application time: 0.0253120 seconds
363.057: [Full GC [PSYoungGen: 139264K->30969K(162304K)] [ParOldGen: 369817K->369817K(370176K)] 509081K->400787K(532480K) [PSPermGen: 13649K->13649K(21504K)], 0.0721330 secs] [Times: user=0.51 sys=0.00, real=0.07 secs] 
363.130: Total time for which application threads were stopped: 0.0728600 seconds, Stopping threads took: 0.0000660 seconds
363.155: Application time: 0.0253430 seconds
363.156: [Full GC [PSYoungGen: 139264K->30987K(162304K)] [ParOldGen: 369817K->369817K(370176K)] 509081K->400805K(532480K) [PSPermGen: 13649K->13649K(21504K)], 0.0720860 secs] [Times: user=0.50 sys=0.00, real=0.07 secs] 
363.228: Total time for which application threads were stopped: 0.0728050 seconds, Stopping threads took: 0.0000750 seconds
363.254: Application time: 0.0259200 seconds
363.254: [Full GC [PSYoungGen: 139264K->30890K(162304K)] [ParOldGen: 369817K->369817K(370176K)] 509081K->400708K(532480K) [PSPermGen: 13649K->13649K(21504K)], 0.0718180 secs] [Times: user=0.51 sys=0.00, real=0.07 secs] 
363.326: Total time for which application threads were stopped: 0.0725390 seconds, Stopping threads took: 0.0000590 seconds
363.352: Application time: 0.0254970 seconds
363.352: [Full GC [PSYoungGen: 139264K->30876K(162304K)] [ParOldGen: 369817K->369817K(370176K)] 509081K->400694K(532480K) [PSPermGen: 13649K->13649K(21504K)], 0.0717290 secs] [Times: user=0.51 sys=0.00, real=0.06 secs] 
363.424: Total time for which application threads were stopped: 0.0724330 seconds, Stopping threads took: 0.0000640 seconds
363.450: Application time: 0.0257880 seconds
363.451: [Full GC [PSYoungGen: 139264K->30891K(162304K)] [ParOldGen: 369817K->369817K(370176K)] 509081K->400709K(532480K) [PSPermGen: 13649K->13649K(21504K)], 0.0717010 secs] [Times: user=0.51 sys=0.00, real=0.07 secs] 
363.522: Total time for which application threads were stopped: 0.0723150 seconds, Stopping threads took: 0.0000460 seconds
363.548: Application time: 0.0256350 seconds
363.549: [Full GC [PSYoungGen: 139264K->30906K(162304K)] [ParOldGen: 369817K->369817K(370176K)] 509081K->400724K(532480K) [PSPermGen: 13649K->13649K(21504K)], 0.0716770 secs] [Times: user=0.50 sys=0.00, real=0.07 secs] 
363.620: Total time for which application threads were stopped: 0.0724120 seconds, Stopping threads took: 0.0000970 seconds
363.646: Application time: 0.0255570 seconds
363.647: [Full GC [PSYoungGen: 139264K->30921K(162304K)] [ParOldGen: 369817K->369817K(370176K)] 509081K->400739K(532480K) [PSPermGen: 13649K->13649K(21504K)], 0.0714980 secs] [Times: user=0.50 sys=0.00, real=0.07 secs] 
363.718: Total time for which application threads were stopped: 0.0721720 seconds, Stopping threads took: 0.0000510 seconds
363.744: Application time: 0.0261400 seconds
363.745: [Full GC [PSYoungGen: 139264K->30838K(162304K)] [ParOldGen: 369817K->369817K(370176K)] 509081K->400656K(532480K) [PSPermGen: 13649K->13649K(21504K)], 0.0720700 secs] [Times: user=0.51 sys=0.00, real=0.07 secs] 
363.817: Total time for which application threads were stopped: 0.0727470 seconds, Stopping threads took: 0.0000660 seconds
363.843: Application time: 0.0255710 seconds
363.843: [Full GC [PSYoungGen: 139264K->30883K(162304K)] [ParOldGen: 369817K->369817K(370176K)] 509081K->400701K(532480K) [PSPermGen: 13649K->13649K(21504K)], 0.0717680 secs] [Times: user=0.51 sys=0.00, real=0.08 secs] 
363.915: Total time for which application threads were stopped: 0.0724850 seconds, Stopping threads took: 0.0000740 seconds
363.941: Application time: 0.0256190 seconds
363.942: [Full GC [PSYoungGen: 139264K->30898K(162304K)] [ParOldGen: 369817K->369817K(370176K)] 509081K->400716K(532480K) [PSPermGen: 13649K->13649K(21504K)], 0.0726370 secs] [Times: user=0.50 sys=0.00, real=0.08 secs] 
364.014: Total time for which application threads were stopped: 0.0735790 seconds, Stopping threads took: 0.0001730 seconds
364.040: Application time: 0.0256040 seconds
364.041: [Full GC [PSYoungGen: 139264K->30909K(162304K)] [ParOldGen: 369817K->369817K(370176K)] 509081K->400727K(532480K) [PSPermGen: 13649K->13649K(21504K)], 0.0724410 secs] [Times: user=0.51 sys=0.00, real=0.08 secs] 
364.113: Total time for which application threads were stopped: 0.0731440 seconds, Stopping threads took: 0.0000740 seconds
364.139: Application time: 0.0255470 seconds
364.139: [Full GC [PSYoungGen: 139264K->30930K(162304K)] [ParOldGen: 369817K->369817K(370176K)] 509081K->400748K(532480K) [PSPermGen: 13649K->13649K(21504K)], 0.0720830 secs] [Times: user=0.50 sys=0.00, real=0.07 secs] 
364.211: Total time for which application threads were stopped: 0.0727670 seconds, Stopping threads took: 0.0000500 seconds
364.237: Application time: 0.0254740 seconds
364.237: [Full GC [PSYoungGen: 139264K->30945K(162304K)] [ParOldGen: 369817K->369817K(370176K)] 509081K->400763K(532480K) [PSPermGen: 13649K->13649K(21504K)], 0.0725090 secs] [Times: user=0.50 sys=0.00, real=0.07 secs] 
364.310: Total time for which application threads were stopped: 0.0731810 seconds, Stopping threads took: 0.0000430 seconds
364.336: Application time: 0.0261050 seconds
364.337: [Full GC [PSYoungGen: 139264K->30904K(162304K)] [ParOldGen: 369817K->369817K(370176K)] 509081K->400722K(532480K) [PSPermGen: 13649K->13649K(21504K)], 0.0744030 secs] [Times: user=0.53 sys=0.00, real=0.07 secs] 
364.411: Total time for which application threads were stopped: 0.0751340 seconds, Stopping threads took: 0.0000970 seconds
364.437: Application time: 0.0256880 seconds
364.438: [Full GC [PSYoungGen: 139264K->30905K(162304K)] [ParOldGen: 369817K->369817K(370176K)] 509081K->400723K(532480K) [PSPermGen: 13649K->13649K(21504K)], 0.0717910 secs] [Times: user=0.51 sys=0.00, real=0.07 secs] 
364.509: Total time for which application threads were stopped: 0.0724930 seconds, Stopping threads took: 0.0000610 seconds
364.535: Application time: 0.0253990 seconds
364.535: [Full GC [PSYoungGen: 139264K->30918K(162304K)] [ParOldGen: 369817K->369817K(370176K)] 509081K->400736K(532480K) [PSPermGen: 13649K->13649K(21504K)], 0.0718510 secs] [Times: user=0.50 sys=0.00, real=0.07 secs] 
364.607: Total time for which application threads were stopped: 0.0724830 seconds, Stopping threads took: 0.0000630 seconds
364.633: Application time: 0.0256810 seconds
364.637: [Full GC [PSYoungGen: 139264K->30939K(162304K)] [ParOldGen: 369817K->369817K(370176K)] 509081K->400756K(532480K) [PSPermGen: 13649K->13649K(21504K)], 0.0721480 secs] [Times: user=0.50 sys=0.00, real=0.07 secs] 
364.709: Total time for which application threads were stopped: 0.0761620 seconds, Stopping threads took: 0.0033810 seconds
364.735: Application time: 0.0254200 seconds
364.735: [Full GC [PSYoungGen: 139264K->30953K(162304K)] [ParOldGen: 369817K->369817K(370176K)] 509081K->400771K(532480K) [PSPermGen: 13649K->13649K(21504K)], 0.0718420 secs] [Times: user=0.50 sys=0.00, real=0.07 secs] 
364.807: Total time for which application threads were stopped: 0.0725560 seconds, Stopping threads took: 0.0000640 seconds
364.833: Application time: 0.0257320 seconds
364.834: [Full GC [PSYoungGen: 139264K->30913K(162304K)] [ParOldGen: 369817K->369817K(370176K)] 509081K->400731K(532480K) [PSPermGen: 13649K->13649K(21504K)], 0.0718030 secs] [Times: user=0.51 sys=0.00, real=0.07 secs] 
364.905: Total time for which application threads were stopped: 0.0725310 seconds, Stopping threads took: 0.0000980 seconds
364.931: Application time: 0.0256670 seconds
364.932: [Full GC [PSYoungGen: 139264K->30911K(162304K)] [ParOldGen: 369817K->369817K(370176K)] 509081K->400729K(532480K) [PSPermGen: 13649K->13649K(21504K)], 0.0734170 secs] [Times: user=0.51 sys=0.00, real=0.08 secs] 
365.005: Total time for which application threads were stopped: 0.0741040 seconds, Stopping threads took: 0.0000540 seconds
365.031: Application time: 0.0258340 seconds
365.032: [Full GC [PSYoungGen: 139264K->30928K(162304K)] [ParOldGen: 369817K->369817K(370176K)] 509081K->400746K(532480K) [PSPermGen: 13649K->13649K(21504K)], 0.0717170 secs] [Times: user=0.51 sys=0.00, real=0.07 secs] 
365.103: Total time for which application threads were stopped: 0.0724560 seconds, Stopping threads took: 0.0000740 seconds
365.130: Application time: 0.0261170 seconds
365.130: [Full GC [PSYoungGen: 139264K->30889K(162304K)] [ParOldGen: 369817K->369817K(370176K)] 509081K->400707K(532480K) [PSPermGen: 13649K->13649K(21504K)], 0.0719230 secs] [Times: user=0.50 sys=0.00, real=0.07 secs] 
365.202: Total time for which application threads were stopped: 0.0726130 seconds, Stopping threads took: 0.0000900 seconds
365.228: Application time: 0.0259130 seconds
365.229: [Full GC [PSYoungGen: 139264K->30834K(162304K)] [ParOldGen: 369817K->369817K(370176K)] 509081K->400652K(532480K) [PSPermGen: 13649K->13649K(21504K)], 0.0721830 secs] [Times: user=0.51 sys=0.00, real=0.07 secs] 
365.301: Total time for which application threads were stopped: 0.0728460 seconds, Stopping threads took: 0.0000790 seconds
365.327: Application time: 0.0257420 seconds
365.327: [Full GC [PSYoungGen: 139264K->30836K(162304K)] [ParOldGen: 369817K->369817K(370176K)] 509081K->400654K(532480K) [PSPermGen: 13649K->13649K(21504K)], 0.0718780 secs] [Times: user=0.51 sys=0.00, real=0.07 secs] 
365.399: Total time for which application threads were stopped: 0.0725690 seconds, Stopping threads took: 0.0000740 seconds
365.425: Application time: 0.0257860 seconds
365.426: [Full GC [PSYoungGen: 139264K->30850K(162304K)] [ParOldGen: 369817K->369817K(370176K)] 509081K->400668K(532480K) [PSPermGen: 13649K->13649K(21504K)], 0.0717730 secs] [Times: user=0.50 sys=0.00, real=0.07 secs] 
365.498: Total time for which application threads were stopped: 0.0724640 seconds, Stopping threads took: 0.0000640 seconds
365.523: Application time: 0.0255260 seconds
365.524: [Full GC [PSYoungGen: 139264K->30866K(162304K)] [ParOldGen: 369817K->369817K(370176K)] 509081K->400684K(532480K) [PSPermGen: 13649K->13649K(21504K)], 0.0718210 secs] [Times: user=0.50 sys=0.00, real=0.08 secs] 
365.596: Total time for which application threads were stopped: 0.0725350 seconds, Stopping threads took: 0.0000760 seconds
365.621: Application time: 0.0256860 seconds
365.622: [Full GC [PSYoungGen: 139264K->30881K(162304K)] [ParOldGen: 369817K->369817K(370176K)] 509081K->400699K(532480K) [PSPermGen: 13649K->13649K(21504K)], 0.0718490 secs] [Times: user=0.50 sys=0.00, real=0.08 secs] 
365.694: Total time for which application threads were stopped: 0.0725370 seconds, Stopping threads took: 0.0000540 seconds
365.720: Application time: 0.0260450 seconds
365.720: [Full GC [PSYoungGen: 139264K->30826K(162304K)] [ParOldGen: 369817K->369817K(370176K)] 509081K->400644K(532480K) [PSPermGen: 13649K->13649K(21504K)], 0.0718950 secs] [Times: user=0.51 sys=0.00, real=0.08 secs] 
365.792: Total time for which application threads were stopped: 0.0725180 seconds, Stopping threads took: 0.0000540 seconds
365.818: Application time: 0.0255040 seconds
365.819: [Full GC [PSYoungGen: 139264K->30841K(162304K)] [ParOldGen: 369817K->369817K(370176K)] 509081K->400659K(532480K) [PSPermGen: 13649K->13649K(21504K)], 0.0720480 secs] [Times: user=0.51 sys=0.00, real=0.07 secs] 
365.891: Total time for which application threads were stopped: 0.0727310 seconds, Stopping threads took: 0.0000580 seconds
365.917: Application time: 0.0258580 seconds
365.917: [Full GC [PSYoungGen: 139264K->30857K(162304K)] [ParOldGen: 369817K->369817K(370176K)] 509081K->400675K(532480K) [PSPermGen: 13649K->13649K(21504K)], 0.0718970 secs] [Times: user=0.50 sys=0.00, real=0.07 secs] 
365.989: Total time for which application threads were stopped: 0.0725800 seconds, Stopping threads took: 0.0000490 seconds
366.015: Application time: 0.0258650 seconds
366.016: [Full GC [PSYoungGen: 139264K->30871K(162304K)] [ParOldGen: 369817K->369817K(370176K)] 509081K->400689K(532480K) [PSPermGen: 13649K->13649K(21504K)], 0.0715220 secs] [Times: user=0.50 sys=0.01, real=0.07 secs] 
366.087: Total time for which application threads were stopped: 0.0722170 seconds, Stopping threads took: 0.0000670 seconds
366.113: Application time: 0.0257340 seconds
366.114: [Full GC [PSYoungGen: 139264K->30887K(162304K)] [ParOldGen: 369817K->369817K(370176K)] 509081K->400705K(532480K) [PSPermGen: 13649K->13649K(21504K)], 0.0724230 secs] [Times: user=0.51 sys=0.00, real=0.07 secs] 
366.186: Total time for which application threads were stopped: 0.0731150 seconds, Stopping threads took: 0.0000580 seconds
366.212: Application time: 0.0258670 seconds
366.213: [Full GC [PSYoungGen: 139264K->30903K(162304K)] [ParOldGen: 369817K->369817K(370176K)] 509081K->400721K(532480K) [PSPermGen: 13649K->13649K(21504K)], 0.0717630 secs] [Times: user=0.50 sys=0.00, real=0.07 secs] 
366.284: Total time for which application threads were stopped: 0.0725040 seconds, Stopping threads took: 0.0000600 seconds
366.310: Application time: 0.0258820 seconds
366.311: [Full GC [PSYoungGen: 139264K->30919K(162304K)] [ParOldGen: 369817K->369817K(370176K)] 509081K->400737K(532480K) [PSPermGen: 13649K->13649K(21504K)], 0.0752860 secs] [Times: user=0.53 sys=0.00, real=0.08 secs] 
366.386: Total time for which application threads were stopped: 0.0759160 seconds, Stopping threads took: 0.0000520 seconds
366.412: Application time: 0.0257560 seconds
366.413: [Full GC [PSYoungGen: 139264K->30935K(162304K)] [ParOldGen: 369817K->369817K(370176K)] 509081K->400753K(532480K) [PSPermGen: 13649K->13649K(21504K)], 0.0717260 secs] [Times: user=0.51 sys=0.00, real=0.07 secs] 
366.484: Total time for which application threads were stopped: 0.0724350 seconds, Stopping threads took: 0.0000700 seconds
366.510: Application time: 0.0255970 seconds
366.511: [Full GC [PSYoungGen: 139264K->30950K(162304K)] [ParOldGen: 369817K->369817K(370176K)] 509081K->400768K(532480K) [PSPermGen: 13649K->13649K(21504K)], 0.0717670 secs] [Times: user=0.51 sys=0.00, real=0.07 secs] 
366.582: Total time for which application threads were stopped: 0.0723870 seconds, Stopping threads took: 0.0000490 seconds
366.608: Application time: 0.0255850 seconds
366.609: [Full GC [PSYoungGen: 139264K->30964K(162304K)] [ParOldGen: 369817K->369817K(370176K)] 509081K->400782K(532480K) [PSPermGen: 13649K->13649K(21504K)], 0.0718390 secs] [Times: user=0.51 sys=0.00, real=0.07 secs] 
366.680: Total time for which application threads were stopped: 0.0724690 seconds, Stopping threads took: 0.0000570 seconds
366.707: Application time: 0.0261060 seconds
366.707: [Full GC [PSYoungGen: 139264K->30872K(162304K)] [ParOldGen: 369817K->369817K(370176K)] 509081K->400690K(532480K) [PSPermGen: 13649K->13649K(21504K)], 0.0731900 secs] [Times: user=0.51 sys=0.00, real=0.07 secs] 
366.780: Total time for which application threads were stopped: 0.0738230 seconds, Stopping threads took: 0.0000650 seconds
366.806: Application time: 0.0255900 seconds
366.807: [Full GC [PSYoungGen: 139264K->30856K(162304K)] [ParOldGen: 369817K->369817K(370176K)] 509081K->400674K(532480K) [PSPermGen: 13649K->13649K(21504K)], 0.0716620 secs] [Times: user=0.50 sys=0.00, real=0.07 secs] 
366.878: Total time for which application threads were stopped: 0.0724080 seconds, Stopping threads took: 0.0000770 seconds
366.904: Application time: 0.0255350 seconds
366.905: [Full GC [PSYoungGen: 139264K->30870K(162304K)] [ParOldGen: 369817K->369817K(370176K)] 509081K->400688K(532480K) [PSPermGen: 13649K->13649K(21504K)], 0.0721210 secs] [Times: user=0.50 sys=0.00, real=0.07 secs] 
366.977: Total time for which application threads were stopped: 0.0728260 seconds, Stopping threads took: 0.0000560 seconds
367.002: Application time: 0.0255970 seconds
367.003: [Full GC [PSYoungGen: 139264K->30886K(162304K)] [ParOldGen: 369817K->369817K(370176K)] 509081K->400704K(532480K) [PSPermGen: 13649K->13649K(21504K)], 0.0716760 secs] [Times: user=0.51 sys=0.00, real=0.08 secs] 
367.075: Total time for which application threads were stopped: 0.0723550 seconds, Stopping threads took: 0.0000550 seconds
367.100: Application time: 0.0256030 seconds
367.101: [Full GC [PSYoungGen: 139264K->30902K(162304K)] [ParOldGen: 369817K->369817K(370176K)] 509081K->400720K(532480K) [PSPermGen: 13649K->13649K(21504K)], 0.0719170 secs] [Times: user=0.51 sys=0.00, real=0.08 secs] 
367.173: Total time for which application threads were stopped: 0.0725030 seconds, Stopping threads took: 0.0000530 seconds
367.199: Application time: 0.0256690 seconds
367.199: [Full GC [PSYoungGen: 139264K->30916K(162304K)] [ParOldGen: 369817K->369817K(370176K)] 509081K->400734K(532480K) [PSPermGen: 13649K->13649K(21504K)], 0.0719540 secs] [Times: user=0.51 sys=0.00, real=0.07 secs] 
367.271: Total time for which application threads were stopped: 0.0726580 seconds, Stopping threads took: 0.0000790 seconds
367.297: Application time: 0.0260100 seconds
367.298: [Full GC [PSYoungGen: 139264K->30933K(162304K)] [ParOldGen: 369817K->369817K(370176K)] 509081K->400751K(532480K) [PSPermGen: 13649K->13649K(21504K)], 0.0717270 secs] [Times: user=0.50 sys=0.00, real=0.07 secs] 
367.370: Total time for which application threads were stopped: 0.0723800 seconds, Stopping threads took: 0.0000820 seconds
367.396: Application time: 0.0260680 seconds
367.396: [Full GC [PSYoungGen: 139264K->30894K(162304K)] [ParOldGen: 369817K->369817K(370176K)] 509081K->400712K(532480K) [PSPermGen: 13649K->13649K(21504K)], 0.0723010 secs] [Times: user=0.50 sys=0.00, real=0.07 secs] 
367.469: Total time for which application threads were stopped: 0.0730430 seconds, Stopping threads took: 0.0000890 seconds
367.494: Application time: 0.0257320 seconds
367.495: [Full GC [PSYoungGen: 139264K->30894K(162304K)] [ParOldGen: 369817K->369817K(370176K)] 509081K->400712K(532480K) [PSPermGen: 13649K->13649K(21504K)], 0.0717110 secs] [Times: user=0.51 sys=0.00, real=0.07 secs] 
367.567: Total time for which application threads were stopped: 0.0724220 seconds, Stopping threads took: 0.0000760 seconds
367.592: Application time: 0.0255670 seconds
367.593: [Full GC [PSYoungGen: 139264K->30910K(162304K)] [ParOldGen: 369817K->369817K(370176K)] 509081K->400728K(532480K) [PSPermGen: 13649K->13649K(21504K)], 0.0717440 secs] [Times: user=0.50 sys=0.00, real=0.07 secs] 
367.665: Total time for which application threads were stopped: 0.0724500 seconds, Stopping threads took: 0.0000900 seconds
367.690: Application time: 0.0255460 seconds
367.691: [Full GC [PSYoungGen: 139264K->30925K(162304K)] [ParOldGen: 369817K->369817K(370176K)] 509081K->400743K(532480K) [PSPermGen: 13649K->13649K(21504K)], 0.0716920 secs] [Times: user=0.51 sys=0.00, real=0.07 secs] 
367.763: Total time for which application threads were stopped: 0.0723710 seconds, Stopping threads took: 0.0000690 seconds
367.788: Application time: 0.0254810 seconds
367.789: [Full GC [PSYoungGen: 139264K->30941K(162304K)] [ParOldGen: 369817K->369817K(370176K)] 509081K->400759K(532480K) [PSPermGen: 13649K->13649K(21504K)], 0.0718800 secs] [Times: user=0.51 sys=0.00, real=0.07 secs] 
367.861: Total time for which application threads were stopped: 0.0725630 seconds, Stopping threads took: 0.0000660 seconds
367.887: Application time: 0.0259890 seconds
367.887: [Full GC [PSYoungGen: 139264K->30955K(162304K)] [ParOldGen: 369817K->369817K(370176K)] 509081K->400773K(532480K) [PSPermGen: 13649K->13649K(21504K)], 0.0722300 secs] [Times: user=0.50 sys=0.00, real=0.07 secs] 
367.960: Total time for which application threads were stopped: 0.0729280 seconds, Stopping threads took: 0.0000580 seconds
367.986: Application time: 0.0260750 seconds
367.987: [Full GC [PSYoungGen: 139264K->30917K(162304K)] [ParOldGen: 369817K->369817K(370176K)] 509081K->400735K(532480K) [PSPermGen: 13649K->13649K(21504K)], 0.0741700 secs] [Times: user=0.50 sys=0.00, real=0.07 secs] 
368.061: Total time for which application threads were stopped: 0.0748910 seconds, Stopping threads took: 0.0000680 seconds
368.087: Application time: 0.0261400 seconds
368.088: [Full GC [PSYoungGen: 139264K->30916K(162304K)] [ParOldGen: 369817K->369817K(370176K)] 509081K->400734K(532480K) [PSPermGen: 13649K->13649K(21504K)], 0.0720390 secs] [Times: user=0.50 sys=0.00, real=0.07 secs] 
368.160: Total time for which application threads were stopped: 0.0728820 seconds, Stopping threads took: 0.0000850 seconds
368.186: Application time: 0.0259840 seconds
368.186: [Full GC [PSYoungGen: 139264K->30931K(162304K)] [ParOldGen: 369817K->369817K(370176K)] 509081K->400749K(532480K) [PSPermGen: 13649K->13649K(21504K)], 0.0717370 secs] [Times: user=0.51 sys=0.00, real=0.07 secs] 
368.258: Total time for which application threads were stopped: 0.0724180 seconds, Stopping threads took: 0.0001240 seconds
368.284: Application time: 0.0262820 seconds
368.285: [Full GC [PSYoungGen: 139264K->30947K(162304K)] [ParOldGen: 369817K->369817K(370176K)] 509081K->400765K(532480K) [PSPermGen: 13649K->13649K(21504K)], 0.0722690 secs] [Times: user=0.50 sys=0.00, real=0.07 secs] 
368.357: Total time for which application threads were stopped: 0.0729040 seconds, Stopping threads took: 0.0000610 seconds
368.383: Application time: 0.0258920 seconds
368.384: [Full GC [PSYoungGen: 139264K->30961K(162304K)] [ParOldGen: 369817K->369817K(370176K)] 509081K->400779K(532480K) [PSPermGen: 13649K->13649K(21504K)], 0.0727660 secs] [Times: user=0.50 sys=0.00, real=0.08 secs] 
368.457: Total time for which application threads were stopped: 0.0734100 seconds, Stopping threads took: 0.0000710 seconds
368.482: Application time: 0.0257040 seconds
368.483: [Full GC [PSYoungGen: 139264K->30978K(162304K)] [ParOldGen: 369817K->369817K(370176K)] 509081K->400796K(532480K) [PSPermGen: 13649K->13649K(21504K)], 0.0721770 secs] [Times: user=0.50 sys=0.00, real=0.08 secs] 
368.555: Total time for which application threads were stopped: 0.0728250 seconds, Stopping threads took: 0.0000790 seconds
368.581: Application time: 0.0260580 seconds
368.582: [Full GC [PSYoungGen: 139264K->30940K(162304K)] [ParOldGen: 369817K->369817K(370176K)] 509081K->400758K(532480K) [PSPermGen: 13649K->13649K(21504K)], 0.0723090 secs] [Times: user=0.51 sys=0.00, real=0.08 secs] 
368.654: Total time for which application threads were stopped: 0.0730300 seconds, Stopping threads took: 0.0000610 seconds
368.680: Application time: 0.0260420 seconds
368.681: [Full GC [PSYoungGen: 139264K->30939K(162304K)] [ParOldGen: 369817K->369817K(370176K)] 509081K->400757K(532480K) [PSPermGen: 13649K->13649K(21504K)], 0.0743310 secs] [Times: user=0.53 sys=0.00, real=0.08 secs] 
368.755: Total time for which application threads were stopped: 0.0750310 seconds, Stopping threads took: 0.0000700 seconds
368.782: Application time: 0.0262510 seconds
368.782: [Full GC [PSYoungGen: 139264K->30885K(162304K)] [ParOldGen: 369817K->369817K(370176K)] 509081K->400703K(532480K) [PSPermGen: 13649K->13649K(21504K)], 0.0721880 secs] [Times: user=0.50 sys=0.00, real=0.08 secs] 
368.855: Total time for which application threads were stopped: 0.0728730 seconds, Stopping threads took: 0.0000780 seconds
368.882: Application time: 0.0279740 seconds
368.883: [Full GC [PSYoungGen: 139264K->30898K(162304K)] [ParOldGen: 369817K->369817K(370176K)] 509081K->400716K(532480K) [PSPermGen: 13649K->13649K(21504K)], 0.0741880 secs] [Times: user=0.50 sys=0.00, real=0.08 secs] 
368.957: Total time for which application threads were stopped: 0.0749450 seconds, Stopping threads took: 0.0001030 seconds
368.983: Application time: 0.0259100 seconds
368.984: [Full GC [PSYoungGen: 139264K->30841K(162304K)] [ParOldGen: 369817K->369817K(370176K)] 509081K->400659K(532480K) [PSPermGen: 13649K->13649K(21504K)], 0.0719350 secs] [Times: user=0.50 sys=0.00, real=0.08 secs] 
369.056: Total time for which application threads were stopped: 0.0726060 seconds, Stopping threads took: 0.0001010 seconds
369.082: Application time: 0.0260260 seconds
369.083: [Full GC [PSYoungGen: 139264K->30862K(162304K)] [ParOldGen: 369817K->369817K(370176K)] 509081K->400680K(532480K) [PSPermGen: 13649K->13649K(21504K)], 0.0717540 secs] [Times: user=0.50 sys=0.00, real=0.08 secs] 
369.154: Total time for which application threads were stopped: 0.0724930 seconds, Stopping threads took: 0.0001040 seconds
369.180: Application time: 0.0259380 seconds
369.181: [Full GC [PSYoungGen: 139264K->30813K(162304K)] [ParOldGen: 369817K->369817K(370176K)] 509081K->400631K(532480K) [PSPermGen: 13649K->13649K(21504K)], 0.0729980 secs] [Times: user=0.52 sys=0.00, real=0.08 secs] 
369.254: Total time for which application threads were stopped: 0.0736500 seconds, Stopping threads took: 0.0000880 seconds
369.280: Application time: 0.0258150 seconds
369.281: [Full GC [PSYoungGen: 139264K->30820K(162304K)] [ParOldGen: 369817K->369817K(370176K)] 509081K->400638K(532480K) [PSPermGen: 13649K->13649K(21504K)], 0.0723680 secs] [Times: user=0.51 sys=0.00, real=0.08 secs] 
369.353: Total time for which application threads were stopped: 0.0730760 seconds, Stopping threads took: 0.0000800 seconds
369.379: Application time: 0.0257680 seconds
369.379: [Full GC [PSYoungGen: 139264K->30836K(162304K)] [ParOldGen: 369817K->369817K(370176K)] 509081K->400654K(532480K) [PSPermGen: 13649K->13649K(21504K)], 0.0715620 secs] [Times: user=0.50 sys=0.00, real=0.07 secs] 
369.451: Total time for which application threads were stopped: 0.0722020 seconds, Stopping threads took: 0.0000710 seconds
369.477: Application time: 0.0257520 seconds
369.477: [Full GC [PSYoungGen: 139264K->30850K(162304K)] [ParOldGen: 369817K->369817K(370176K)] 509081K->400668K(532480K) [PSPermGen: 13649K->13649K(21504K)], 0.0721910 secs] [Times: user=0.50 sys=0.00, real=0.07 secs] 
369.550: Total time for which application threads were stopped: 0.0728690 seconds, Stopping threads took: 0.0000580 seconds
369.575: Application time: 0.0258820 seconds
369.576: [Full GC [PSYoungGen: 139264K->30869K(162304K)] [ParOldGen: 369817K->369817K(370176K)] 509081K->400687K(532480K) [PSPermGen: 13649K->13649K(21504K)], 0.0721360 secs] [Times: user=0.51 sys=0.00, real=0.07 secs] 
369.648: Total time for which application threads were stopped: 0.0728310 seconds, Stopping threads took: 0.0000690 seconds
369.674: Application time: 0.0258460 seconds
369.675: [Full GC [PSYoungGen: 139264K->30885K(162304K)] [ParOldGen: 369817K->369817K(370176K)] 509081K->400703K(532480K) [PSPermGen: 13649K->13649K(21504K)], 0.0713600 secs] [Times: user=0.51 sys=0.00, real=0.07 secs] 
369.746: Total time for which application threads were stopped: 0.0720660 seconds, Stopping threads took: 0.0000640 seconds
369.772: Application time: 0.0257600 seconds
369.773: [Full GC [PSYoungGen: 139264K->30897K(162304K)] [ParOldGen: 369817K->369817K(370176K)] 509081K->400714K(532480K) [PSPermGen: 13649K->13649K(21504K)], 0.0713240 secs] [Times: user=0.50 sys=0.00, real=0.06 secs] 
369.844: Total time for which application threads were stopped: 0.0720350 seconds, Stopping threads took: 0.0000650 seconds
369.870: Application time: 0.0259800 seconds
369.871: [Full GC [PSYoungGen: 139264K->30915K(162304K)] [ParOldGen: 369817K->369817K(370176K)] 509081K->400733K(532480K) [PSPermGen: 13649K->13649K(21504K)], 0.0718120 secs] [Times: user=0.51 sys=0.00, real=0.07 secs] 
369.943: Total time for which application threads were stopped: 0.0724970 seconds, Stopping threads took: 0.0000510 seconds
369.968: Application time: 0.0259410 seconds
369.969: [Full GC [PSYoungGen: 139264K->30930K(162304K)] [ParOldGen: 369817K->369817K(370176K)] 509081K->400748K(532480K) [PSPermGen: 13649K->13649K(21504K)], 0.0718390 secs] [Times: user=0.51 sys=0.00, real=0.07 secs] 
370.041: Total time for which application threads were stopped: 0.0725000 seconds, Stopping threads took: 0.0000560 seconds
370.067: Application time: 0.0258000 seconds
370.067: [Full GC [PSYoungGen: 139264K->30942K(162304K)] [ParOldGen: 369817K->369817K(370176K)] 509081K->400760K(532480K) [PSPermGen: 13649K->13649K(21504K)], 0.0721020 secs] [Times: user=0.51 sys=0.00, real=0.07 secs] 
370.140: Total time for which application threads were stopped: 0.0727890 seconds, Stopping threads took: 0.0000550 seconds
370.165: Application time: 0.0257320 seconds
370.166: [Full GC [PSYoungGen: 139264K->30839K(162304K)] [ParOldGen: 369817K->369817K(370176K)] 509081K->400657K(532480K) [PSPermGen: 13649K->13649K(21504K)], 0.0723170 secs] [Times: user=0.51 sys=0.00, real=0.07 secs] 
370.238: Total time for which application threads were stopped: 0.0730260 seconds, Stopping threads took: 0.0000610 seconds
370.264: Application time: 0.0253460 seconds
370.264: [Full GC [PSYoungGen: 139264K->30838K(162304K)] [ParOldGen: 369817K->369817K(370176K)] 509081K->400656K(532480K) [PSPermGen: 13649K->13649K(21504K)], 0.0730170 secs] [Times: user=0.51 sys=0.00, real=0.07 secs] 
370.337: Total time for which application threads were stopped: 0.0737530 seconds, Stopping threads took: 0.0000680 seconds
370.363: Application time: 0.0253840 seconds
370.363: [Full GC [PSYoungGen: 139264K->30851K(162304K)] [ParOldGen: 369817K->369817K(370176K)] 509081K->400669K(532480K) [PSPermGen: 13649K->13649K(21504K)], 0.0722330 secs] [Times: user=0.50 sys=0.01, real=0.08 secs] 
370.436: Total time for which application threads were stopped: 0.0728640 seconds, Stopping threads took: 0.0000580 seconds
370.461: Application time: 0.0255900 seconds
370.462: [Full GC [PSYoungGen: 139264K->30866K(162304K)] [ParOldGen: 369817K->369817K(370176K)] 509081K->400684K(532480K) [PSPermGen: 13649K->13649K(21504K)], 0.0717270 secs] [Times: user=0.50 sys=0.00, real=0.08 secs] 
370.534: Total time for which application threads were stopped: 0.0724080 seconds, Stopping threads took: 0.0000490 seconds
370.559: Application time: 0.0254920 seconds
370.560: [Full GC [PSYoungGen: 139264K->30882K(162304K)] [ParOldGen: 369817K->369817K(370176K)] 509081K->400700K(532480K) [PSPermGen: 13649K->13649K(21504K)], 0.0719530 secs] [Times: user=0.50 sys=0.00, real=0.07 secs] 
370.632: Total time for which application threads were stopped: 0.0726420 seconds, Stopping threads took: 0.0000590 seconds
370.657: Application time: 0.0251390 seconds
370.658: [Full GC [PSYoungGen: 139264K->30898K(162304K)] [ParOldGen: 369817K->369817K(370176K)] 509081K->400716K(532480K) [PSPermGen: 13649K->13649K(21504K)], 0.0717630 secs] [Times: user=0.50 sys=0.00, real=0.07 secs] 
370.729: Total time for which application threads were stopped: 0.0724430 seconds, Stopping threads took: 0.0000550 seconds
370.755: Application time: 0.0258310 seconds
370.756: [Full GC [PSYoungGen: 139264K->30913K(162304K)] [ParOldGen: 369817K->369817K(370176K)] 509081K->400731K(532480K) [PSPermGen: 13649K->13649K(21504K)], 0.0716420 secs] [Times: user=0.50 sys=0.00, real=0.07 secs] 
370.828: Total time for which application threads were stopped: 0.0723430 seconds, Stopping threads took: 0.0000730 seconds
370.853: Application time: 0.0255300 seconds
370.854: [Full GC [PSYoungGen: 139264K->30930K(162304K)] [ParOldGen: 369817K->369817K(370176K)] 509081K->400748K(532480K) [PSPermGen: 13649K->13649K(21504K)], 0.0716920 secs] [Times: user=0.50 sys=0.00, real=0.07 secs] 
370.926: Total time for which application threads were stopped: 0.0724180 seconds, Stopping threads took: 0.0000730 seconds
370.952: Application time: 0.0267530 seconds
370.953: [Full GC [PSYoungGen: 139264K->30889K(162304K)] [ParOldGen: 369817K->369817K(370176K)] 509081K->400707K(532480K) [PSPermGen: 13649K->13649K(21504K)], 0.0720020 secs] [Times: user=0.50 sys=0.00, real=0.07 secs] 
371.025: Total time for which application threads were stopped: 0.0726660 seconds, Stopping threads took: 0.0000840 seconds
371.050: Application time: 0.0254790 seconds
371.051: [Full GC [PSYoungGen: 139264K->30889K(162304K)] [ParOldGen: 369817K->369817K(370176K)] 509081K->400707K(532480K) [PSPermGen: 13649K->13649K(21504K)], 0.0718580 secs] [Times: user=0.50 sys=0.00, real=0.07 secs] 
371.123: Total time for which application threads were stopped: 0.0725580 seconds, Stopping threads took: 0.0000700 seconds
371.148: Application time: 0.0253710 seconds
371.149: [Full GC [PSYoungGen: 139264K->30905K(162304K)] [ParOldGen: 369817K->369817K(370176K)] 509081K->400722K(532480K) [PSPermGen: 13649K->13649K(21504K)], 0.0717470 secs] [Times: user=0.50 sys=0.00, real=0.07 secs] 
371.221: Total time for which application threads were stopped: 0.0724420 seconds, Stopping threads took: 0.0000680 seconds
371.246: Application time: 0.0254100 seconds
371.247: [Full GC [PSYoungGen: 139264K->30918K(162304K)] [ParOldGen: 369817K->369817K(370176K)] 509081K->400736K(532480K) [PSPermGen: 13649K->13649K(21504K)], 0.0717810 secs] [Times: user=0.51 sys=0.00, real=0.07 secs] 
371.319: Total time for which application threads were stopped: 0.0724040 seconds, Stopping threads took: 0.0000510 seconds
371.344: Application time: 0.0254130 seconds
371.345: [Full GC [PSYoungGen: 139264K->30935K(162304K)] [ParOldGen: 369817K->369817K(370176K)] 509081K->400753K(532480K) [PSPermGen: 13649K->13649K(21504K)], 0.0718590 secs] [Times: user=0.50 sys=0.00, real=0.07 secs] 
371.417: Total time for which application threads were stopped: 0.0725350 seconds, Stopping threads took: 0.0000490 seconds
371.442: Application time: 0.0253390 seconds
371.443: [Full GC [PSYoungGen: 139264K->30948K(162304K)] [ParOldGen: 369817K->369817K(370176K)] 509081K->400766K(532480K) [PSPermGen: 13649K->13649K(21504K)], 0.0718270 secs] [Times: user=0.51 sys=0.00, real=0.08 secs] 
371.514: Total time for which application threads were stopped: 0.0725440 seconds, Stopping threads took: 0.0000690 seconds
371.540: Application time: 0.0254490 seconds
371.541: [Full GC [PSYoungGen: 139264K->30967K(162304K)] [ParOldGen: 369817K->369817K(370176K)] 509081K->400785K(532480K) [PSPermGen: 13649K->13649K(21504K)], 0.0719340 secs] [Times: user=0.51 sys=0.00, real=0.08 secs] 
371.613: Total time for which application threads were stopped: 0.0726160 seconds, Stopping threads took: 0.0000650 seconds
371.639: Application time: 0.0260630 seconds
371.639: [Full GC [PSYoungGen: 139264K->30927K(162304K)] [ParOldGen: 369817K->369817K(370176K)] 509081K->400745K(532480K) [PSPermGen: 13649K->13649K(21504K)], 0.0716880 secs] [Times: user=0.51 sys=0.00, real=0.07 secs] 
371.711: Total time for which application threads were stopped: 0.0724200 seconds, Stopping threads took: 0.0000970 seconds
371.737: Application time: 0.0255690 seconds
371.737: [Full GC [PSYoungGen: 139264K->30927K(162304K)] [ParOldGen: 369817K->369817K(370176K)] 509081K->400745K(532480K) [PSPermGen: 13649K->13649K(21504K)], 0.0720180 secs] [Times: user=0.51 sys=0.01, real=0.07 secs] 
371.809: Total time for which application threads were stopped: 0.0727020 seconds, Stopping threads took: 0.0000630 seconds
371.835: Application time: 0.0256700 seconds
371.836: [Full GC [PSYoungGen: 139264K->30942K(162304K)] [ParOldGen: 369817K->369817K(370176K)] 509081K->400760K(532480K) [PSPermGen: 13649K->13649K(21504K)], 0.0721140 secs] [Times: user=0.51 sys=0.00, real=0.07 secs] 
371.908: Total time for which application threads were stopped: 0.0728180 seconds, Stopping threads took: 0.0000860 seconds
371.934: Application time: 0.0259770 seconds
371.934: [Full GC [PSYoungGen: 139264K->30958K(162304K)] [ParOldGen: 369817K->369817K(370176K)] 509081K->400775K(532480K) [PSPermGen: 13649K->13649K(21504K)], 0.0738660 secs] [Times: user=0.52 sys=0.00, real=0.07 secs] 
372.008: Total time for which application threads were stopped: 0.0745980 seconds, Stopping threads took: 0.0000860 seconds
372.034: Application time: 0.0258040 seconds
372.035: [Full GC [PSYoungGen: 139264K->30973K(162304K)] [ParOldGen: 369817K->369817K(370176K)] 509081K->400791K(532480K) [PSPermGen: 13649K->13649K(21504K)], 0.0721330 secs] [Times: user=0.50 sys=0.00, real=0.07 secs] 
372.107: Total time for which application threads were stopped: 0.0727940 seconds, Stopping threads took: 0.0000850 seconds
372.133: Application time: 0.0260900 seconds
372.134: [Full GC [PSYoungGen: 139264K->30991K(162304K)] [ParOldGen: 369817K->369817K(370176K)] 509081K->400809K(532480K) [PSPermGen: 13649K->13649K(21504K)], 0.0719650 secs] [Times: user=0.51 sys=0.00, real=0.07 secs] 
372.206: Total time for which application threads were stopped: 0.0726710 seconds, Stopping threads took: 0.0000780 seconds
372.232: Application time: 0.0258320 seconds
372.232: [Full GC [PSYoungGen: 139264K->31004K(162304K)] [ParOldGen: 369817K->369817K(370176K)] 509081K->400822K(532480K) [PSPermGen: 13649K->13649K(21504K)], 0.0721150 secs] [Times: user=0.50 sys=0.00, real=0.08 secs] 
372.304: Total time for which application threads were stopped: 0.0728040 seconds, Stopping threads took: 0.0000530 seconds
372.331: Application time: 0.0260980 seconds
372.331: [Full GC [PSYoungGen: 139264K->30966K(162304K)] [ParOldGen: 369817K->369817K(370176K)] 509081K->400784K(532480K) [PSPermGen: 13649K->13649K(21504K)], 0.0722030 secs] [Times: user=0.50 sys=0.00, real=0.07 secs] 
372.403: Total time for which application threads were stopped: 0.0728990 seconds, Stopping threads took: 0.0000690 seconds
372.430: Application time: 0.0263130 seconds
372.430: [Full GC [PSYoungGen: 139264K->30903K(162304K)] [ParOldGen: 369817K->369817K(370176K)] 509081K->400721K(532480K) [PSPermGen: 13649K->13649K(21504K)], 0.0721210 secs] [Times: user=0.51 sys=0.00, real=0.07 secs] 
372.503: Total time for which application threads were stopped: 0.0728140 seconds, Stopping threads took: 0.0000740 seconds
372.528: Application time: 0.0259000 seconds
372.529: [Full GC [PSYoungGen: 139264K->30911K(162304K)] [ParOldGen: 369817K->369817K(370176K)] 509081K->400729K(532480K) [PSPermGen: 13649K->13649K(21504K)], 0.0719770 secs] [Times: user=0.50 sys=0.00, real=0.07 secs] 
372.601: Total time for which application threads were stopped: 0.0726620 seconds, Stopping threads took: 0.0000730 seconds
372.627: Application time: 0.0259570 seconds
372.628: [Full GC [PSYoungGen: 139264K->30927K(162304K)] [ParOldGen: 369817K->369817K(370176K)] 509081K->400745K(532480K) [PSPermGen: 13649K->13649K(21504K)], 0.0718140 secs] [Times: user=0.50 sys=0.01, real=0.07 secs] 
372.700: Total time for which application threads were stopped: 0.0725710 seconds, Stopping threads took: 0.0001070 seconds
372.726: Application time: 0.0265320 seconds
372.727: [Full GC [PSYoungGen: 139264K->30833K(162304K)] [ParOldGen: 369817K->369817K(370176K)] 509081K->400651K(532480K) [PSPermGen: 13649K->13649K(21504K)], 0.0720770 secs] [Times: user=0.51 sys=0.00, real=0.07 secs] 
372.799: Total time for which application threads were stopped: 0.0727850 seconds, Stopping threads took: 0.0000700 seconds
372.825: Application time: 0.0257320 seconds
372.825: [Full GC [PSYoungGen: 139264K->30818K(162304K)] [ParOldGen: 369817K->369817K(370176K)] 509081K->400636K(532480K) [PSPermGen: 13649K->13649K(21504K)], 0.0726820 secs] [Times: user=0.51 sys=0.00, real=0.07 secs] 
372.898: Total time for which application threads were stopped: 0.0733650 seconds, Stopping threads took: 0.0001170 seconds
372.924: Application time: 0.0257320 seconds
372.924: [Full GC [PSYoungGen: 139264K->30832K(162304K)] [ParOldGen: 369817K->369817K(370176K)] 509081K->400650K(532480K) [PSPermGen: 13649K->13649K(21504K)], 0.0723600 secs] [Times: user=0.51 sys=0.00, real=0.07 secs] 
372.997: Total time for which application threads were stopped: 0.0730350 seconds, Stopping threads took: 0.0000820 seconds
373.022: Application time: 0.0255820 seconds
373.023: [Full GC [PSYoungGen: 139264K->30849K(162304K)] [ParOldGen: 369817K->369817K(370176K)] 509081K->400667K(532480K) [PSPermGen: 13649K->13649K(21504K)], 0.0717500 secs] [Times: user=0.50 sys=0.00, real=0.08 secs] 
373.095: Total time for which application threads were stopped: 0.0724540 seconds, Stopping threads took: 0.0000680 seconds
373.121: Application time: 0.0257070 seconds
373.121: [Full GC [PSYoungGen: 139264K->30865K(162304K)] [ParOldGen: 369817K->369817K(370176K)] 509081K->400683K(532480K) [PSPermGen: 13649K->13649K(21504K)], 0.0716430 secs] [Times: user=0.50 sys=0.00, real=0.08 secs] 
373.193: Total time for which application threads were stopped: 0.0723730 seconds, Stopping threads took: 0.0000700 seconds
373.219: Application time: 0.0258810 seconds
373.220: [Full GC [PSYoungGen: 139264K->30880K(162304K)] [ParOldGen: 369817K->369817K(370176K)] 509081K->400698K(532480K) [PSPermGen: 13649K->13649K(21504K)], 0.0722430 secs] [Times: user=0.51 sys=0.00, real=0.07 secs] 
373.292: Total time for which application threads were stopped: 0.0729940 seconds, Stopping threads took: 0.0001000 seconds
373.318: Application time: 0.0257810 seconds
373.318: [Full GC [PSYoungGen: 139264K->30896K(162304K)] [ParOldGen: 369817K->369817K(370176K)] 509081K->400714K(532480K) [PSPermGen: 13649K->13649K(21504K)], 0.0716920 secs] [Times: user=0.51 sys=0.00, real=0.07 secs] 
373.390: Total time for which application threads were stopped: 0.0724200 seconds, Stopping threads took: 0.0000950 seconds
373.416: Application time: 0.0256740 seconds
373.416: [Full GC [PSYoungGen: 139264K->30910K(162304K)] [ParOldGen: 369817K->369817K(370176K)] 509081K->400728K(532480K) [PSPermGen: 13649K->13649K(21504K)], 0.0720870 secs] [Times: user=0.50 sys=0.01, real=0.07 secs] 
373.488: Total time for which application threads were stopped: 0.0727120 seconds, Stopping threads took: 0.0000580 seconds
373.515: Application time: 0.0261150 seconds
373.515: [Full GC [PSYoungGen: 139264K->30814K(162304K)] [ParOldGen: 369817K->369817K(370176K)] 509081K->400632K(532480K) [PSPermGen: 13649K->13649K(21504K)], 0.0720980 secs] [Times: user=0.51 sys=0.00, real=0.07 secs] 
373.587: Total time for which application threads were stopped: 0.0727550 seconds, Stopping threads took: 0.0000770 seconds
373.613: Application time: 0.0257510 seconds
373.614: [Full GC [PSYoungGen: 139264K->30802K(162304K)] [ParOldGen: 369817K->369817K(370176K)] 509081K->400619K(532480K) [PSPermGen: 13649K->13649K(21504K)], 0.0720040 secs] [Times: user=0.50 sys=0.00, real=0.07 secs] 
373.686: Total time for which application threads were stopped: 0.0726880 seconds, Stopping threads took: 0.0000560 seconds
373.711: Application time: 0.0255650 seconds
373.712: [Full GC [PSYoungGen: 139264K->30816K(162304K)] [ParOldGen: 369817K->369817K(370176K)] 509081K->400634K(532480K) [PSPermGen: 13649K->13649K(21504K)], 0.0720990 secs] [Times: user=0.51 sys=0.00, real=0.07 secs] 
373.784: Total time for which application threads were stopped: 0.0727960 seconds, Stopping threads took: 0.0000690 seconds
373.810: Application time: 0.0259100 seconds
373.811: [Full GC [PSYoungGen: 139264K->30831K(162304K)] [ParOldGen: 369817K->369817K(370176K)] 509081K->400649K(532480K) [PSPermGen: 13649K->13649K(21504K)], 0.0719060 secs] [Times: user=0.51 sys=0.00, real=0.07 secs] 
373.883: Total time for which application threads were stopped: 0.0726400 seconds, Stopping threads took: 0.0000640 seconds
373.908: Application time: 0.0255130 seconds
373.909: [Full GC [PSYoungGen: 139264K->30848K(162304K)] [ParOldGen: 369817K->369817K(370176K)] 509081K->400666K(532480K) [PSPermGen: 13649K->13649K(21504K)], 0.0721840 secs] [Times: user=0.51 sys=0.00, real=0.07 secs] 
373.981: Total time for which application threads were stopped: 0.0729020 seconds, Stopping threads took: 0.0000750 seconds
374.006: Application time: 0.0253120 seconds
374.007: [Full GC [PSYoungGen: 139264K->30860K(162304K)] [ParOldGen: 369817K->369817K(370176K)] 509081K->400678K(532480K) [PSPermGen: 13649K->13649K(21504K)], 0.0720850 secs] [Times: user=0.51 sys=0.00, real=0.07 secs] 
374.079: Total time for which application threads were stopped: 0.0728120 seconds, Stopping threads took: 0.0000890 seconds
374.105: Application time: 0.0256260 seconds
374.106: [Full GC [PSYoungGen: 139264K->30879K(162304K)] [ParOldGen: 369817K->369817K(370176K)] 509081K->400696K(532480K) [PSPermGen: 13649K->13649K(21504K)], 0.0720750 secs] [Times: user=0.51 sys=0.00, real=0.07 secs] 
374.178: Total time for which application threads were stopped: 0.0727610 seconds, Stopping threads took: 0.0000570 seconds
374.203: Application time: 0.0254460 seconds
374.204: [Full GC [PSYoungGen: 139264K->30894K(162304K)] [ParOldGen: 369817K->369817K(370176K)] 509081K->400712K(532480K) [PSPermGen: 13649K->13649K(21504K)], 0.0719190 secs] [Times: user=0.50 sys=0.00, real=0.08 secs] 
374.276: Total time for which application threads were stopped: 0.0726190 seconds, Stopping threads took: 0.0000580 seconds
374.301: Application time: 0.0254670 seconds
374.302: [Full GC [PSYoungGen: 139264K->30849K(162304K)] [ParOldGen: 369817K->369817K(370176K)] 509081K->400667K(532480K) [PSPermGen: 13649K->13649K(21504K)], 0.0721400 secs] [Times: user=0.50 sys=0.00, real=0.08 secs] 
374.374: Total time for which application threads were stopped: 0.0728300 seconds, Stopping threads took: 0.0000560 seconds
374.399: Application time: 0.0252180 seconds
374.400: [Full GC [PSYoungGen: 139264K->30856K(162304K)] [ParOldGen: 369817K->369817K(370176K)] 509081K->400674K(532480K) [PSPermGen: 13649K->13649K(21504K)], 0.0721500 secs] [Times: user=0.50 sys=0.00, real=0.07 secs] 
374.472: Total time for which application threads were stopped: 0.0727860 seconds, Stopping threads took: 0.0000510 seconds
374.498: Application time: 0.0258440 seconds
374.498: [Full GC [PSYoungGen: 139264K->30870K(162304K)] [ParOldGen: 369817K->369817K(370176K)] 509081K->400688K(532480K) [PSPermGen: 13649K->13649K(21504K)], 0.0716230 secs] [Times: user=0.50 sys=0.00, real=0.07 secs] 
374.570: Total time for which application threads were stopped: 0.0723050 seconds, Stopping threads took: 0.0000540 seconds
374.596: Application time: 0.0253640 seconds
374.596: [Full GC [PSYoungGen: 139264K->30885K(162304K)] [ParOldGen: 369817K->369817K(370176K)] 509081K->400703K(532480K) [PSPermGen: 13649K->13649K(21504K)], 0.0717040 secs] [Times: user=0.51 sys=0.00, real=0.07 secs] 
374.668: Total time for which application threads were stopped: 0.0724340 seconds, Stopping threads took: 0.0000980 seconds
374.694: Application time: 0.0256830 seconds
374.694: [Full GC [PSYoungGen: 139264K->30901K(162304K)] [ParOldGen: 369817K->369817K(370176K)] 509081K->400719K(532480K) [PSPermGen: 13649K->13649K(21504K)], 0.0718750 secs] [Times: user=0.51 sys=0.00, real=0.07 secs] 
374.766: Total time for which application threads were stopped: 0.0725600 seconds, Stopping threads took: 0.0000710 seconds
374.792: Application time: 0.0262260 seconds
374.793: [Full GC [PSYoungGen: 139264K->30915K(162304K)] [ParOldGen: 369817K->369817K(370176K)] 509081K->400733K(532480K) [PSPermGen: 13649K->13649K(21504K)], 0.0715110 secs] [Times: user=0.50 sys=0.00, real=0.07 secs] 
374.865: Total time for which application threads were stopped: 0.0721940 seconds, Stopping threads took: 0.0000640 seconds
374.890: Application time: 0.0258210 seconds
374.891: [Full GC [PSYoungGen: 139264K->30932K(162304K)] [ParOldGen: 369817K->369817K(370176K)] 509081K->400750K(532480K) [PSPermGen: 13649K->13649K(21504K)], 0.0721350 secs] [Times: user=0.50 sys=0.00, real=0.07 secs] 
374.963: Total time for which application threads were stopped: 0.0728260 seconds, Stopping threads took: 0.0000530 seconds
374.989: Application time: 0.0257720 seconds
374.990: [Full GC [PSYoungGen: 139264K->30947K(162304K)] [ParOldGen: 369817K->369817K(370176K)] 509081K->400765K(532480K) [PSPermGen: 13649K->13649K(21504K)], 0.0719320 secs] [Times: user=0.51 sys=0.00, real=0.07 secs] 
375.062: Total time for which application threads were stopped: 0.0726410 seconds, Stopping threads took: 0.0000480 seconds
375.088: Application time: 0.0257940 seconds
375.088: [Full GC [PSYoungGen: 139264K->30962K(162304K)] [ParOldGen: 369817K->369817K(370176K)] 509081K->400780K(532480K) [PSPermGen: 13649K->13649K(21504K)], 0.0719240 secs] [Times: user=0.50 sys=0.00, real=0.07 secs] 
375.160: Total time for which application threads were stopped: 0.0726260 seconds, Stopping threads took: 0.0000580 seconds
375.186: Application time: 0.0258550 seconds
375.187: [Full GC [PSYoungGen: 139264K->30977K(162304K)] [ParOldGen: 369817K->369817K(370176K)] 509081K->400795K(532480K) [PSPermGen: 13649K->13649K(21504K)], 0.0724700 secs] [Times: user=0.51 sys=0.00, real=0.07 secs] 
375.259: Total time for which application threads were stopped: 0.0731540 seconds, Stopping threads took: 0.0000700 seconds
375.285: Application time: 0.0258820 seconds
375.286: [Full GC [PSYoungGen: 139264K->30992K(162304K)] [ParOldGen: 369817K->369817K(370176K)] 509081K->400809K(532480K) [PSPermGen: 13649K->13649K(21504K)], 0.0718580 secs] [Times: user=0.50 sys=0.00, real=0.07 secs] 
375.358: Total time for which application threads were stopped: 0.0725480 seconds, Stopping threads took: 0.0000690 seconds
375.383: Application time: 0.0257700 seconds
375.384: [Full GC [PSYoungGen: 139264K->31000K(162304K)] [ParOldGen: 369817K->369817K(370176K)] 509081K->400818K(532480K) [PSPermGen: 13649K->13649K(21504K)], 0.0718300 secs] [Times: user=0.50 sys=0.00, real=0.08 secs] 
375.456: Total time for which application threads were stopped: 0.0725120 seconds, Stopping threads took: 0.0000480 seconds
375.482: Application time: 0.0263500 seconds
375.483: [Full GC [PSYoungGen: 139264K->30957K(162304K)] [ParOldGen: 369817K->369817K(370176K)] 509081K->400775K(532480K) [PSPermGen: 13649K->13649K(21504K)], 0.0717770 secs] [Times: user=0.51 sys=0.00, real=0.08 secs] 
375.555: Total time for which application threads were stopped: 0.0724760 seconds, Stopping threads took: 0.0000810 seconds
375.580: Application time: 0.0256090 seconds
375.581: [Full GC [PSYoungGen: 139264K->30971K(162304K)] [ParOldGen: 369817K->369817K(370176K)] 509081K->400789K(532480K) [PSPermGen: 13649K->13649K(21504K)], 0.0723240 secs] [Times: user=0.51 sys=0.00, real=0.08 secs] 
375.653: Total time for which application threads were stopped: 0.0730470 seconds, Stopping threads took: 0.0000780 seconds
375.679: Application time: 0.0259440 seconds
375.680: [Full GC [PSYoungGen: 139264K->30987K(162304K)] [ParOldGen: 369817K->369817K(370176K)] 509081K->400805K(532480K) [PSPermGen: 13649K->13649K(21504K)], 0.0721420 secs] [Times: user=0.50 sys=0.00, real=0.07 secs] 
375.752: Total time for which application threads were stopped: 0.0728480 seconds, Stopping threads took: 0.0000820 seconds
375.778: Application time: 0.0256520 seconds
375.779: [Full GC [PSYoungGen: 139264K->31002K(162304K)] [ParOldGen: 369817K->369817K(370176K)] 509081K->400820K(532480K) [PSPermGen: 13649K->13649K(21504K)], 0.0716750 secs] [Times: user=0.50 sys=0.00, real=0.07 secs] 
375.850: Total time for which application threads were stopped: 0.0723970 seconds, Stopping threads took: 0.0000930 seconds
375.876: Application time: 0.0254420 seconds
375.876: [Full GC [PSYoungGen: 139264K->31017K(162304K)] [ParOldGen: 369817K->369817K(370176K)] 509081K->400835K(532480K) [PSPermGen: 13649K->13649K(21504K)], 0.0732530 secs] [Times: user=0.51 sys=0.01, real=0.07 secs] 
375.950: Total time for which application threads were stopped: 0.0738850 seconds, Stopping threads took: 0.0000680 seconds
375.975: Application time: 0.0255940 seconds
375.976: [Full GC [PSYoungGen: 139264K->31032K(162304K)] [ParOldGen: 369817K->369817K(370176K)] 509081K->400850K(532480K) [PSPermGen: 13649K->13649K(21504K)], 0.0718650 secs] [Times: user=0.51 sys=0.00, real=0.07 secs] 
376.048: Total time for which application threads were stopped: 0.0725390 seconds, Stopping threads took: 0.0001040 seconds
376.074: Application time: 0.0264130 seconds
376.075: [Full GC [PSYoungGen: 139264K->30920K(162304K)] [ParOldGen: 369817K->369817K(370176K)] 509081K->400738K(532480K) [PSPermGen: 13649K->13649K(21504K)], 0.0719920 secs] [Times: user=0.50 sys=0.00, real=0.07 secs] 
376.147: Total time for which application threads were stopped: 0.0727090 seconds, Stopping threads took: 0.0000790 seconds
376.172: Application time: 0.0255050 seconds
376.173: [Full GC [PSYoungGen: 139264K->30923K(162304K)] [ParOldGen: 369817K->369817K(370176K)] 509081K->400741K(532480K) [PSPermGen: 13649K->13649K(21504K)], 0.0715660 secs] [Times: user=0.51 sys=0.00, real=0.07 secs] 
376.245: Total time for which application threads were stopped: 0.0723060 seconds, Stopping threads took: 0.0000830 seconds
376.271: Application time: 0.0259310 seconds
376.271: [Full GC [PSYoungGen: 139264K->30883K(162304K)] [ParOldGen: 369817K->369817K(370176K)] 509081K->400700K(532480K) [PSPermGen: 13649K->13649K(21504K)], 0.0718830 secs] [Times: user=0.51 sys=0.00, real=0.07 secs] 
376.343: Total time for which application threads were stopped: 0.0725760 seconds, Stopping threads took: 0.0000630 seconds
376.369: Application time: 0.0260060 seconds
376.370: [Full GC [PSYoungGen: 139264K->30828K(162304K)] [ParOldGen: 369817K->369817K(370176K)] 509081K->400646K(532480K) [PSPermGen: 13649K->13649K(21504K)], 0.0718170 secs] [Times: user=0.51 sys=0.00, real=0.07 secs] 
376.442: Total time for which application threads were stopped: 0.0725070 seconds, Stopping threads took: 0.0000670 seconds
376.467: Application time: 0.0254500 seconds
376.468: [Full GC [PSYoungGen: 139264K->30827K(162304K)] [ParOldGen: 369817K->369817K(370176K)] 509081K->400645K(532480K) [PSPermGen: 13649K->13649K(21504K)], 0.0726470 secs] [Times: user=0.51 sys=0.00, real=0.07 secs] 
376.540: Total time for which application threads were stopped: 0.0732840 seconds, Stopping threads took: 0.0000640 seconds
376.566: Application time: 0.0254010 seconds
376.566: [Full GC [PSYoungGen: 139264K->30844K(162304K)] [ParOldGen: 369817K->369817K(370176K)] 509081K->400662K(532480K) [PSPermGen: 13649K->13649K(21504K)], 0.0717160 secs] [Times: user=0.50 sys=0.00, real=0.07 secs] 
376.638: Total time for which application threads were stopped: 0.0724250 seconds, Stopping threads took: 0.0000700 seconds
376.664: Application time: 0.0253230 seconds
376.664: [Full GC [PSYoungGen: 139264K->30858K(162304K)] [ParOldGen: 369817K->369817K(370176K)] 509081K->400676K(532480K) [PSPermGen: 13649K->13649K(21504K)], 0.0717910 secs] [Times: user=0.50 sys=0.00, real=0.08 secs] 
376.736: Total time for which application threads were stopped: 0.0724960 seconds, Stopping threads took: 0.0000620 seconds
376.762: Application time: 0.0256250 seconds
376.762: [Full GC [PSYoungGen: 139264K->30875K(162304K)] [ParOldGen: 369817K->369817K(370176K)] 509081K->400693K(532480K) [PSPermGen: 13649K->13649K(21504K)], 0.0727580 secs] [Times: user=0.51 sys=0.00, real=0.08 secs] 
376.835: Total time for which application threads were stopped: 0.0733840 seconds, Stopping threads took: 0.0000660 seconds
376.861: Application time: 0.0255310 seconds
376.861: [Full GC [PSYoungGen: 139264K->30888K(162304K)] [ParOldGen: 369817K->369817K(370176K)] 509081K->400706K(532480K) [PSPermGen: 13649K->13649K(21504K)], 0.0718660 secs] [Times: user=0.50 sys=0.00, real=0.08 secs] 
376.933: Total time for which application threads were stopped: 0.0725620 seconds, Stopping threads took: 0.0000670 seconds
376.960: Application time: 0.0271240 seconds
376.961: [Full GC [PSYoungGen: 139264K->30796K(162304K)] [ParOldGen: 369817K->369817K(370176K)] 509081K->400614K(532480K) [PSPermGen: 13649K->13649K(21504K)], 0.0719670 secs] [Times: user=0.51 sys=0.00, real=0.08 secs] 
377.033: Total time for which application threads were stopped: 0.0725930 seconds, Stopping threads took: 0.0000600 seconds
377.058: Application time: 0.0255700 seconds
377.059: [Full GC [PSYoungGen: 139264K->30780K(162304K)] [ParOldGen: 369817K->369817K(370176K)] 509081K->400598K(532480K) [PSPermGen: 13649K->13649K(21504K)], 0.0719840 secs] [Times: user=0.51 sys=0.00, real=0.07 secs] 
377.131: Total time for which application threads were stopped: 0.0727270 seconds, Stopping threads took: 0.0001050 seconds
377.157: Application time: 0.0258490 seconds
377.158: [Full GC [PSYoungGen: 139264K->30798K(162304K)] [ParOldGen: 369817K->369817K(370176K)] 509081K->400616K(532480K) [PSPermGen: 13649K->13649K(21504K)], 0.0715220 secs] [Times: user=0.50 sys=0.00, real=0.07 secs] 
377.229: Total time for which application threads were stopped: 0.0722240 seconds, Stopping threads took: 0.0000900 seconds
377.255: Application time: 0.0255420 seconds
377.256: [Full GC [PSYoungGen: 139264K->30814K(162304K)] [ParOldGen: 369817K->369817K(370176K)] 509081K->400632K(532480K) [PSPermGen: 13649K->13649K(21504K)], 0.0726060 secs] [Times: user=0.51 sys=0.00, real=0.07 secs] 
377.328: Total time for which application threads were stopped: 0.0733260 seconds, Stopping threads took: 0.0000880 seconds
377.354: Application time: 0.0259630 seconds
377.355: [Full GC [PSYoungGen: 139264K->30827K(162304K)] [ParOldGen: 369817K->369817K(370176K)] 509081K->400645K(532480K) [PSPermGen: 13649K->13649K(21504K)], 0.0717530 secs] [Times: user=0.50 sys=0.00, real=0.07 secs] 
377.427: Total time for which application threads were stopped: 0.0724920 seconds, Stopping threads took: 0.0000800 seconds
377.452: Application time: 0.0257340 seconds
377.453: [Full GC [PSYoungGen: 139264K->30844K(162304K)] [ParOldGen: 369817K->369817K(370176K)] 509081K->400662K(532480K) [PSPermGen: 13649K->13649K(21504K)], 0.0717670 secs] [Times: user=0.51 sys=0.00, real=0.07 secs] 
377.525: Total time for which application threads were stopped: 0.0724500 seconds, Stopping threads took: 0.0000500 seconds
377.551: Application time: 0.0257230 seconds
377.551: [Full GC [PSYoungGen: 139264K->30856K(162304K)] [ParOldGen: 369817K->369817K(370176K)] 509081K->400674K(532480K) [PSPermGen: 13649K->13649K(21504K)], 0.0719490 secs] [Times: user=0.51 sys=0.00, real=0.07 secs] 
377.623: Total time for which application threads were stopped: 0.0726540 seconds, Stopping threads took: 0.0000770 seconds
377.649: Application time: 0.0253960 seconds
377.649: [Full GC [PSYoungGen: 139264K->30874K(162304K)] [ParOldGen: 369817K->369817K(370176K)] 509081K->400692K(532480K) [PSPermGen: 13649K->13649K(21504K)], 0.0719630 secs] [Times: user=0.51 sys=0.00, real=0.07 secs] 
377.721: Total time for which application threads were stopped: 0.0726580 seconds, Stopping threads took: 0.0000720 seconds
377.747: Application time: 0.0254990 seconds
377.747: [Full GC [PSYoungGen: 139264K->30889K(162304K)] [ParOldGen: 369817K->369817K(370176K)] 509081K->400707K(532480K) [PSPermGen: 13649K->13649K(21504K)], 0.0723450 secs] [Times: user=0.51 sys=0.00, real=0.07 secs] 
377.820: Total time for which application threads were stopped: 0.0730660 seconds, Stopping threads took: 0.0000890 seconds
377.846: Application time: 0.0261190 seconds
377.847: [Full GC [PSYoungGen: 139264K->30849K(162304K)] [ParOldGen: 369817K->369817K(370176K)] 509081K->400667K(532480K) [PSPermGen: 13649K->13649K(21504K)], 0.0718600 secs] [Times: user=0.50 sys=0.00, real=0.07 secs] 
377.919: Total time for which application threads were stopped: 0.0725420 seconds, Stopping threads took: 0.0000570 seconds
377.944: Application time: 0.0258270 seconds
377.945: [Full GC [PSYoungGen: 139264K->30851K(162304K)] [ParOldGen: 369817K->369817K(370176K)] 509081K->400669K(532480K) [PSPermGen: 13649K->13649K(21504K)], 0.0727450 secs] [Times: user=0.50 sys=0.00, real=0.07 secs] 
378.018: Total time for which application threads were stopped: 0.0735070 seconds, Stopping threads took: 0.0000510 seconds
378.043: Application time: 0.0253680 seconds
378.044: [Full GC [PSYoungGen: 139264K->30866K(162304K)] [ParOldGen: 369817K->369817K(370176K)] 509081K->400684K(532480K) [PSPermGen: 13649K->13649K(21504K)], 0.0716820 secs] [Times: user=0.50 sys=0.00, real=0.08 secs] 
378.116: Total time for which application threads were stopped: 0.0723840 seconds, Stopping threads took: 0.0000640 seconds
378.141: Application time: 0.0253420 seconds
378.142: [Full GC [PSYoungGen: 139264K->30880K(162304K)] [ParOldGen: 369817K->369817K(370176K)] 509081K->400698K(532480K) [PSPermGen: 13649K->13649K(21504K)], 0.0722260 secs] [Times: user=0.51 sys=0.00, real=0.08 secs] 
378.214: Total time for which application threads were stopped: 0.0730510 seconds, Stopping threads took: 0.0000440 seconds
378.239: Application time: 0.0254370 seconds
378.240: [Full GC [PSYoungGen: 139264K->30896K(162304K)] [ParOldGen: 369817K->369817K(370176K)] 509081K->400714K(532480K) [PSPermGen: 13649K->13649K(21504K)], 0.0718660 secs] [Times: user=0.51 sys=0.00, real=0.07 secs] 
378.312: Total time for which application threads were stopped: 0.0725700 seconds, Stopping threads took: 0.0000540 seconds
378.338: Application time: 0.0255150 seconds
378.338: [Full GC [PSYoungGen: 139264K->30911K(162304K)] [ParOldGen: 369817K->369817K(370176K)] 509081K->400729K(532480K) [PSPermGen: 13649K->13649K(21504K)], 0.0724360 secs] [Times: user=0.50 sys=0.00, real=0.07 secs] 
378.411: Total time for which application threads were stopped: 0.0730740 seconds, Stopping threads took: 0.0000650 seconds
378.436: Application time: 0.0256290 seconds
378.437: [Full GC [PSYoungGen: 139264K->30926K(162304K)] [ParOldGen: 369817K->369817K(370176K)] 509081K->400743K(532480K) [PSPermGen: 13649K->13649K(21504K)], 0.0720800 secs] [Times: user=0.50 sys=0.00, real=0.07 secs] 
378.509: Total time for which application threads were stopped: 0.0727310 seconds, Stopping threads took: 0.0000850 seconds
378.535: Application time: 0.0255480 seconds
378.535: [Full GC [PSYoungGen: 139264K->30942K(162304K)] [ParOldGen: 369817K->369817K(370176K)] 509081K->400760K(532480K) [PSPermGen: 13649K->13649K(21504K)], 0.0724450 secs] [Times: user=0.51 sys=0.00, real=0.07 secs] 
378.608: Total time for which application threads were stopped: 0.0731420 seconds, Stopping threads took: 0.0000380 seconds
378.633: Application time: 0.0255760 seconds
378.634: [Full GC [PSYoungGen: 139264K->30959K(162304K)] [ParOldGen: 369817K->369817K(370176K)] 509081K->400777K(532480K) [PSPermGen: 13649K->13649K(21504K)], 0.0724840 secs] [Times: user=0.52 sys=0.00, real=0.07 secs] 
378.706: Total time for which application threads were stopped: 0.0731180 seconds, Stopping threads took: 0.0000690 seconds
378.732: Application time: 0.0257600 seconds
378.733: [Full GC [PSYoungGen: 139264K->30975K(162304K)] [ParOldGen: 369817K->369817K(370176K)] 509081K->400793K(532480K) [PSPermGen: 13649K->13649K(21504K)], 0.0717620 secs] [Times: user=0.50 sys=0.00, real=0.07 secs] 
378.805: Total time for which application threads were stopped: 0.0724800 seconds, Stopping threads took: 0.0000740 seconds
378.830: Application time: 0.0255030 seconds
378.831: [Full GC [PSYoungGen: 139264K->30990K(162304K)] [ParOldGen: 369817K->369817K(370176K)] 509081K->400808K(532480K) [PSPermGen: 13649K->13649K(21504K)], 0.0720760 secs] [Times: user=0.51 sys=0.00, real=0.07 secs] 
378.903: Total time for which application threads were stopped: 0.0727920 seconds, Stopping threads took: 0.0000740 seconds
378.929: Application time: 0.0257710 seconds
378.929: [Full GC [PSYoungGen: 139264K->31005K(162304K)] [ParOldGen: 369817K->369817K(370176K)] 509081K->400823K(532480K) [PSPermGen: 13649K->13649K(21504K)], 0.0718490 secs] [Times: user=0.51 sys=0.00, real=0.07 secs] 
379.001: Total time for which application threads were stopped: 0.0725270 seconds, Stopping threads took: 0.0000500 seconds
379.027: Application time: 0.0256620 seconds
379.028: [Full GC [PSYoungGen: 139264K->31021K(162304K)] [ParOldGen: 369817K->369817K(370176K)] 509081K->400839K(532480K) [PSPermGen: 13649K->13649K(21504K)], 0.0715800 secs] [Times: user=0.51 sys=0.00, real=0.07 secs] 
379.099: Total time for which application threads were stopped: 0.0722590 seconds, Stopping threads took: 0.0000590 seconds
379.125: Application time: 0.0255850 seconds
379.125: [Full GC [PSYoungGen: 139264K->31035K(162304K)] [ParOldGen: 369817K->369817K(370176K)] 509081K->400853K(532480K) [PSPermGen: 13649K->13649K(21504K)], 0.0718890 secs] [Times: user=0.51 sys=0.00, real=0.07 secs] 
379.197: Total time for which application threads were stopped: 0.0726020 seconds, Stopping threads took: 0.0000650 seconds
379.224: Application time: 0.0262390 seconds
379.224: [Full GC [PSYoungGen: 139264K->30997K(162304K)] [ParOldGen: 369817K->369817K(370176K)] 509081K->400814K(532480K) [PSPermGen: 13649K->13649K(21504K)], 0.0718310 secs] [Times: user=0.51 sys=0.00, real=0.08 secs] 
379.296: Total time for which application threads were stopped: 0.0725240 seconds, Stopping threads took: 0.0001180 seconds
379.322: Application time: 0.0257810 seconds
379.323: [Full GC [PSYoungGen: 139264K->30997K(162304K)] [ParOldGen: 369817K->369817K(370176K)] 509081K->400815K(532480K) [PSPermGen: 13649K->13649K(21504K)], 0.0719880 secs] [Times: user=0.51 sys=0.00, real=0.08 secs] 
379.395: Total time for which application threads were stopped: 0.0726450 seconds, Stopping threads took: 0.0000640 seconds
379.420: Application time: 0.0256820 seconds
379.421: [Full GC [PSYoungGen: 139264K->31011K(162304K)] [ParOldGen: 369817K->369817K(370176K)] 509081K->400829K(532480K) [PSPermGen: 13649K->13649K(21504K)], 0.0719650 secs] [Times: user=0.51 sys=0.00, real=0.08 secs] 
379.493: Total time for which application threads were stopped: 0.0726730 seconds, Stopping threads took: 0.0000660 seconds
379.518: Application time: 0.0254540 seconds
379.519: [Full GC [PSYoungGen: 139264K->31028K(162304K)] [ParOldGen: 369817K->369817K(370176K)] 509081K->400846K(532480K) [PSPermGen: 13649K->13649K(21504K)], 0.0724940 secs] [Times: user=0.51 sys=0.00, real=0.07 secs] 
379.592: Total time for which application threads were stopped: 0.0731490 seconds, Stopping threads took: 0.0000940 seconds
379.617: Application time: 0.0257410 seconds
379.618: [Full GC [PSYoungGen: 139264K->31044K(162304K)] [ParOldGen: 369817K->369817K(370176K)] 509081K->400862K(532480K) [PSPermGen: 13649K->13649K(21504K)], 0.0718380 secs] [Times: user=0.50 sys=0.00, real=0.07 secs] 
379.690: Total time for which application threads were stopped: 0.0725620 seconds, Stopping threads took: 0.0001000 seconds
379.716: Application time: 0.0263410 seconds
379.717: [Full GC [PSYoungGen: 139264K->30947K(162304K)] [ParOldGen: 369817K->369817K(370176K)] 509081K->400765K(532480K) [PSPermGen: 13649K->13649K(21504K)], 0.0720290 secs] [Times: user=0.51 sys=0.00, real=0.07 secs] 
379.789: Total time for which application threads were stopped: 0.0727220 seconds, Stopping threads took: 0.0000440 seconds
379.814: Application time: 0.0254410 seconds
379.815: [Full GC [PSYoungGen: 139264K->30934K(162304K)] [ParOldGen: 369817K->369817K(370176K)] 509081K->400752K(532480K) [PSPermGen: 13649K->13649K(21504K)], 0.0715000 secs] [Times: user=0.50 sys=0.00, real=0.07 secs] 
379.887: Total time for which application threads were stopped: 0.0721760 seconds, Stopping threads took: 0.0000530 seconds
379.912: Application time: 0.0259600 seconds
379.913: [Full GC [PSYoungGen: 139264K->30894K(162304K)] [ParOldGen: 369817K->369817K(370176K)] 509081K->400712K(532480K) [PSPermGen: 13649K->13649K(21504K)], 0.0719700 secs] [Times: user=0.51 sys=0.00, real=0.07 secs] 
379.985: Total time for which application threads were stopped: 0.0726540 seconds, Stopping threads took: 0.0000550 seconds
380.011: Application time: 0.0258550 seconds
380.012: [Full GC [PSYoungGen: 139264K->30841K(162304K)] [ParOldGen: 369817K->369817K(370176K)] 509081K->400659K(532480K) [PSPermGen: 13649K->13649K(21504K)], 0.0717780 secs] [Times: user=0.51 sys=0.00, real=0.07 secs] 
380.083: Total time for which application threads were stopped: 0.0724800 seconds, Stopping threads took: 0.0000710 seconds
380.109: Application time: 0.0256350 seconds
380.110: [Full GC [PSYoungGen: 139264K->30839K(162304K)] [ParOldGen: 369817K->369817K(370176K)] 509081K->400657K(532480K) [PSPermGen: 13649K->13649K(21504K)], 0.0715790 secs] [Times: user=0.51 sys=0.00, real=0.07 secs] 
380.181: Total time for which application threads were stopped: 0.0722690 seconds, Stopping threads took: 0.0000570 seconds
380.207: Application time: 0.0252510 seconds
380.207: [Full GC [PSYoungGen: 139264K->30856K(162304K)] [ParOldGen: 369817K->369817K(370176K)] 509081K->400674K(532480K) [PSPermGen: 13649K->13649K(21504K)], 0.0713710 secs] [Times: user=0.50 sys=0.00, real=0.07 secs] 
380.279: Total time for which application threads were stopped: 0.0720650 seconds, Stopping threads took: 0.0000630 seconds
380.304: Application time: 0.0257320 seconds
380.305: [Full GC [PSYoungGen: 139264K->30811K(162304K)] [ParOldGen: 369817K->369817K(370176K)] 509081K->400629K(532480K) [PSPermGen: 13649K->13649K(21504K)], 0.0720610 secs] [Times: user=0.51 sys=0.00, real=0.07 secs] 
380.377: Total time for which application threads were stopped: 0.0726990 seconds, Stopping threads took: 0.0000440 seconds
380.403: Application time: 0.0258240 seconds
380.404: [Full GC [PSYoungGen: 139264K->30759K(162304K)] [ParOldGen: 369817K->369817K(370176K)] 509081K->400577K(532480K) [PSPermGen: 13649K->13649K(21504K)], 0.0718860 secs] [Times: user=0.50 sys=0.00, real=0.08 secs] 
380.476: Total time for which application threads were stopped: 0.0725160 seconds, Stopping threads took: 0.0000580 seconds
380.501: Application time: 0.0252830 seconds
380.501: [Full GC [PSYoungGen: 139264K->30762K(162304K)] [ParOldGen: 369817K->369817K(370176K)] 509081K->400580K(532480K) [PSPermGen: 13649K->13649K(21504K)], 0.0714410 secs] [Times: user=0.50 sys=0.00, real=0.08 secs] 
380.573: Total time for which application threads were stopped: 0.0721140 seconds, Stopping threads took: 0.0000450 seconds
380.598: Application time: 0.0254110 seconds
380.599: [Full GC [PSYoungGen: 139264K->30773K(162304K)] [ParOldGen: 369817K->369817K(370176K)] 509081K->400591K(532480K) [PSPermGen: 13649K->13649K(21504K)], 0.0716240 secs] [Times: user=0.50 sys=0.00, real=0.07 secs] 
380.671: Total time for which application threads were stopped: 0.0723240 seconds, Stopping threads took: 0.0000620 seconds
380.696: Application time: 0.0257310 seconds
380.697: [Full GC [PSYoungGen: 139264K->30792K(162304K)] [ParOldGen: 369817K->369817K(370176K)] 509081K->400610K(532480K) [PSPermGen: 13649K->13649K(21504K)], 0.0722170 secs] [Times: user=0.50 sys=0.00, real=0.07 secs] 
380.769: Total time for which application threads were stopped: 0.0729060 seconds, Stopping threads took: 0.0000560 seconds
380.795: Application time: 0.0255220 seconds
380.795: [Full GC [PSYoungGen: 139264K->30810K(162304K)] [ParOldGen: 369817K->369817K(370176K)] 509081K->400628K(532480K) [PSPermGen: 13649K->13649K(21504K)], 0.0750390 secs] [Times: user=0.48 sys=0.00, real=0.07 secs] 
380.870: Total time for which application threads were stopped: 0.0756640 seconds, Stopping threads took: 0.0000710 seconds
380.896: Application time: 0.0258750 seconds
380.897: [Full GC [PSYoungGen: 139264K->30825K(162304K)] [ParOldGen: 369817K->369817K(370176K)] 509081K->400643K(532480K) [PSPermGen: 13649K->13649K(21504K)], 0.0720880 secs] [Times: user=0.50 sys=0.00, real=0.07 secs] 
380.969: Total time for which application threads were stopped: 0.0727940 seconds, Stopping threads took: 0.0000560 seconds
380.995: Application time: 0.0257300 seconds
380.996: [Full GC [PSYoungGen: 139264K->30840K(162304K)] [ParOldGen: 369817K->369817K(370176K)] 509081K->400658K(532480K) [PSPermGen: 13649K->13649K(21504K)], 0.0719210 secs] [Times: user=0.51 sys=0.00, real=0.07 secs] 
381.068: Total time for which application threads were stopped: 0.0726280 seconds, Stopping threads took: 0.0000660 seconds
381.093: Application time: 0.0257520 seconds
381.094: [Full GC [PSYoungGen: 139264K->30858K(162304K)] [ParOldGen: 369817K->369817K(370176K)] 509081K->400676K(532480K) [PSPermGen: 13649K->13649K(21504K)], 0.0725040 secs] [Times: user=0.51 sys=0.00, real=0.07 secs] 
381.166: Total time for which application threads were stopped: 0.0732050 seconds, Stopping threads took: 0.0000670 seconds
381.192: Application time: 0.0257140 seconds
381.193: [Full GC [PSYoungGen: 139264K->30867K(162304K)] [ParOldGen: 369817K->369817K(370176K)] 509081K->400685K(532480K) [PSPermGen: 13649K->13649K(21504K)], 0.0715300 secs] [Times: user=0.50 sys=0.00, real=0.07 secs] 
381.264: Total time for which application threads were stopped: 0.0722440 seconds, Stopping threads took: 0.0000590 seconds
381.290: Application time: 0.0256710 seconds
381.291: [Full GC [PSYoungGen: 139264K->30886K(162304K)] [ParOldGen: 369817K->369817K(370176K)] 509081K->400704K(532480K) [PSPermGen: 13649K->13649K(21504K)], 0.0721950 secs] [Times: user=0.50 sys=0.00, real=0.07 secs] 
381.363: Total time for which application threads were stopped: 0.0728790 seconds, Stopping threads took: 0.0000570 seconds
381.389: Application time: 0.0261530 seconds
381.390: [Full GC [PSYoungGen: 139264K->30847K(162304K)] [ParOldGen: 369817K->369817K(370176K)] 509081K->400665K(532480K) [PSPermGen: 13649K->13649K(21504K)], 0.0725270 secs] [Times: user=0.51 sys=0.00, real=0.07 secs] 
381.462: Total time for which application threads were stopped: 0.0732320 seconds, Stopping threads took: 0.0000660 seconds
381.488: Application time: 0.0258350 seconds
381.489: [Full GC [PSYoungGen: 139264K->30846K(162304K)] [ParOldGen: 369817K->369817K(370176K)] 509081K->400664K(532480K) [PSPermGen: 13649K->13649K(21504K)], 0.0717540 secs] [Times: user=0.51 sys=0.00, real=0.07 secs] 
381.561: Total time for which application threads were stopped: 0.0724820 seconds, Stopping threads took: 0.0000800 seconds
381.586: Application time: 0.0254960 seconds
381.587: [Full GC [PSYoungGen: 139264K->30861K(162304K)] [ParOldGen: 369817K->369817K(370176K)] 509081K->400679K(532480K) [PSPermGen: 13649K->13649K(21504K)], 0.0721200 secs] [Times: user=0.50 sys=0.00, real=0.07 secs] 
381.659: Total time for which application threads were stopped: 0.0728260 seconds, Stopping threads took: 0.0000630 seconds
381.684: Application time: 0.0252690 seconds
381.685: [Full GC [PSYoungGen: 139264K->30877K(162304K)] [ParOldGen: 369817K->369817K(370176K)] 509081K->400695K(532480K) [PSPermGen: 13649K->13649K(21504K)], 0.0717610 secs] [Times: user=0.51 sys=0.00, real=0.07 secs] 
381.757: Total time for which application threads were stopped: 0.0724870 seconds, Stopping threads took: 0.0000850 seconds
381.782: Application time: 0.0253350 seconds
381.783: [Full GC [PSYoungGen: 139264K->30886K(162304K)] [ParOldGen: 369817K->369817K(370176K)] 509081K->400704K(532480K) [PSPermGen: 13649K->13649K(21504K)], 0.0716550 secs] [Times: user=0.50 sys=0.00, real=0.08 secs] 
381.854: Total time for which application threads were stopped: 0.0723270 seconds, Stopping threads took: 0.0000940 seconds
381.880: Application time: 0.0253440 seconds
381.880: [Full GC [PSYoungGen: 139264K->30907K(162304K)] [ParOldGen: 369817K->369817K(370176K)] 509081K->400725K(532480K) [PSPermGen: 13649K->13649K(21504K)], 0.0724580 secs] [Times: user=0.50 sys=0.00, real=0.08 secs] 
381.953: Total time for which application threads were stopped: 0.0731710 seconds, Stopping threads took: 0.0000670 seconds
381.979: Application time: 0.0256550 seconds
381.979: [Full GC [PSYoungGen: 139264K->30922K(162304K)] [ParOldGen: 369817K->369817K(370176K)] 509081K->400740K(532480K) [PSPermGen: 13649K->13649K(21504K)], 0.0714260 secs] [Times: user=0.51 sys=0.00, real=0.07 secs] 
382.051: Total time for which application threads were stopped: 0.0721410 seconds, Stopping threads took: 0.0000740 seconds
382.076: Application time: 0.0256190 seconds
382.077: [Full GC [PSYoungGen: 139264K->30936K(162304K)] [ParOldGen: 369817K->369817K(370176K)] 509081K->400754K(532480K) [PSPermGen: 13649K->13649K(21504K)], 0.0727670 secs] [Times: user=0.51 sys=0.00, real=0.07 secs] 
382.150: Total time for which application threads were stopped: 0.0734820 seconds, Stopping threads took: 0.0000530 seconds
382.176: Application time: 0.0257170 seconds
382.176: [Full GC [PSYoungGen: 139264K->30956K(162304K)] [ParOldGen: 369817K->369817K(370176K)] 509081K->400774K(532480K) [PSPermGen: 13649K->13649K(21504K)], 0.0722160 secs] [Times: user=0.50 sys=0.00, real=0.07 secs] 
382.249: Total time for which application threads were stopped: 0.0729150 seconds, Stopping threads took: 0.0000580 seconds
382.274: Application time: 0.0258180 seconds
382.275: [Full GC [PSYoungGen: 139264K->30971K(162304K)] [ParOldGen: 369817K->369817K(370176K)] 509081K->400788K(532480K) [PSPermGen: 13649K->13649K(21504K)], 0.0717370 secs] [Times: user=0.50 sys=0.00, real=0.07 secs] 
382.347: Total time for which application threads were stopped: 0.0724310 seconds, Stopping threads took: 0.0000530 seconds
382.372: Application time: 0.0256890 seconds
382.373: [Full GC [PSYoungGen: 139264K->30985K(162304K)] [ParOldGen: 369817K->369817K(370176K)] 509081K->400803K(532480K) [PSPermGen: 13649K->13649K(21504K)], 0.0716950 secs] [Times: user=0.51 sys=0.00, real=0.07 secs] 
382.445: Total time for which application threads were stopped: 0.0724020 seconds, Stopping threads took: 0.0000600 seconds
382.470: Application time: 0.0255900 seconds
382.471: [Full GC [PSYoungGen: 139264K->31001K(162304K)] [ParOldGen: 369817K->369817K(370176K)] 509081K->400819K(532480K) [PSPermGen: 13649K->13649K(21504K)], 0.0716820 secs] [Times: user=0.50 sys=0.00, real=0.07 secs] 
382.543: Total time for which application threads were stopped: 0.0723830 seconds, Stopping threads took: 0.0000590 seconds
382.568: Application time: 0.0254490 seconds
382.569: [Full GC [PSYoungGen: 139264K->31015K(162304K)] [ParOldGen: 369817K->369817K(370176K)] 509081K->400833K(532480K) [PSPermGen: 13649K->13649K(21504K)], 0.0721990 secs] [Times: user=0.51 sys=0.00, real=0.07 secs] 
382.641: Total time for which application threads were stopped: 0.0728920 seconds, Stopping threads took: 0.0000620 seconds
382.667: Application time: 0.0254040 seconds
382.667: [Full GC [PSYoungGen: 139264K->31033K(162304K)] [ParOldGen: 369817K->369817K(370176K)] 509081K->400851K(532480K) [PSPermGen: 13649K->13649K(21504K)], 0.0717380 secs] [Times: user=0.50 sys=0.00, real=0.07 secs] 
382.739: Total time for which application threads were stopped: 0.0724400 seconds, Stopping threads took: 0.0000500 seconds
382.766: Application time: 0.0264390 seconds
382.766: [Full GC [PSYoungGen: 139264K->30992K(162304K)] [ParOldGen: 369817K->369817K(370176K)] 509081K->400810K(532480K) [PSPermGen: 13649K->13649K(21504K)], 0.0724060 secs] [Times: user=0.51 sys=0.00, real=0.07 secs] 
382.839: Total time for which application threads were stopped: 0.0730970 seconds, Stopping threads took: 0.0000710 seconds
382.864: Application time: 0.0255580 seconds
382.865: [Full GC [PSYoungGen: 139264K->30992K(162304K)] [ParOldGen: 369817K->369817K(370176K)] 509081K->400810K(532480K) [PSPermGen: 13649K->13649K(21504K)], 0.0719450 secs] [Times: user=0.51 sys=0.00, real=0.07 secs] 
382.937: Total time for which application threads were stopped: 0.0725760 seconds, Stopping threads took: 0.0000500 seconds
382.963: Application time: 0.0263940 seconds
382.964: [Full GC [PSYoungGen: 139264K->31008K(162304K)] [ParOldGen: 369817K->369817K(370176K)] 509081K->400826K(532480K) [PSPermGen: 13649K->13649K(21504K)], 0.0725660 secs] [Times: user=0.52 sys=0.00, real=0.08 secs] 
383.036: Total time for which application threads were stopped: 0.0732070 seconds, Stopping threads took: 0.0000550 seconds
383.062: Application time: 0.0256570 seconds
383.063: [Full GC [PSYoungGen: 139264K->31023K(162304K)] [ParOldGen: 369817K->369817K(370176K)] 509081K->400840K(532480K) [PSPermGen: 13649K->13649K(21504K)], 0.0721300 secs] [Times: user=0.51 sys=0.00, real=0.08 secs] 
383.135: Total time for which application threads were stopped: 0.0727810 seconds, Stopping threads took: 0.0000830 seconds
383.160: Application time: 0.0256130 seconds
383.161: [Full GC [PSYoungGen: 139264K->31038K(162304K)] [ParOldGen: 369817K->369817K(370176K)] 509081K->400856K(532480K) [PSPermGen: 13649K->13649K(21504K)], 0.0720640 secs] [Times: user=0.50 sys=0.00, real=0.08 secs] 
383.235: Total time for which application threads were stopped: 0.0742470 seconds, Stopping threads took: 0.0000660 seconds
383.260: Application time: 0.0255340 seconds
383.261: [Full GC [PSYoungGen: 139264K->31055K(162304K)] [ParOldGen: 369817K->369817K(370176K)] 509081K->400873K(532480K) [PSPermGen: 13649K->13649K(21504K)], 0.0719310 secs] [Times: user=0.51 sys=0.00, real=0.08 secs] 
383.333: Total time for which application threads were stopped: 0.0726630 seconds, Stopping threads took: 0.0000760 seconds
383.359: Application time: 0.0264530 seconds
383.360: [Full GC [PSYoungGen: 139264K->30963K(162304K)] [ParOldGen: 369817K->369817K(370176K)] 509081K->400781K(532480K) [PSPermGen: 13649K->13649K(21504K)], 0.0726250 secs] [Times: user=0.51 sys=0.00, real=0.08 secs] 
383.433: Total time for which application threads were stopped: 0.0732870 seconds, Stopping threads took: 0.0001020 seconds
383.459: Application time: 0.0262450 seconds
383.460: [Full GC [PSYoungGen: 139264K->30890K(162304K)] [ParOldGen: 369817K->369817K(370176K)] 509081K->400708K(532480K) [PSPermGen: 13649K->13649K(21504K)], 0.0715630 secs] [Times: user=0.50 sys=0.00, real=0.07 secs] 
383.531: Total time for which application threads were stopped: 0.0722650 seconds, Stopping threads took: 0.0000900 seconds
383.557: Application time: 0.0258940 seconds
383.558: [Full GC [PSYoungGen: 139264K->30890K(162304K)] [ParOldGen: 369817K->369817K(370176K)] 509081K->400708K(532480K) [PSPermGen: 13649K->13649K(21504K)], 0.0731200 secs] [Times: user=0.51 sys=0.00, real=0.07 secs] 
383.631: Total time for which application threads were stopped: 0.0737880 seconds, Stopping threads took: 0.0000510 seconds
383.657: Application time: 0.0260040 seconds
383.657: [Full GC [PSYoungGen: 139264K->30843K(162304K)] [ParOldGen: 369817K->369817K(370176K)] 509081K->400660K(532480K) [PSPermGen: 13649K->13649K(21504K)], 0.0717500 secs] [Times: user=0.50 sys=0.00, real=0.07 secs] 
383.729: Total time for which application threads were stopped: 0.0724500 seconds, Stopping threads took: 0.0000930 seconds
383.755: Application time: 0.0257270 seconds
383.756: [Full GC [PSYoungGen: 139264K->30852K(162304K)] [ParOldGen: 369817K->369817K(370176K)] 509081K->400670K(532480K) [PSPermGen: 13649K->13649K(21504K)], 0.0717030 secs] [Times: user=0.50 sys=0.00, real=0.07 secs] 
383.827: Total time for which application threads were stopped: 0.0723820 seconds, Stopping threads took: 0.0001010 seconds
383.854: Application time: 0.0262520 seconds
383.854: [Full GC [PSYoungGen: 139264K->30738K(162304K)] [ParOldGen: 369817K->369817K(370176K)] 509081K->400556K(532480K) [PSPermGen: 13649K->13649K(21504K)], 0.0718400 secs] [Times: user=0.51 sys=0.00, real=0.07 secs] 
383.926: Total time for which application threads were stopped: 0.0725680 seconds, Stopping threads took: 0.0000960 seconds
383.953: Application time: 0.0268510 seconds
383.954: [Full GC [PSYoungGen: 139264K->30742K(162304K)] [ParOldGen: 369817K->369817K(370176K)] 509081K->400560K(532480K) [PSPermGen: 13649K->13649K(21504K)], 0.0721120 secs] [Times: user=0.50 sys=0.00, real=0.07 secs] 
384.026: Total time for which application threads were stopped: 0.0727720 seconds, Stopping threads took: 0.0000970 seconds
384.052: Application time: 0.0257610 seconds
384.052: [Full GC [PSYoungGen: 139264K->30757K(162304K)] [ParOldGen: 369817K->369817K(370176K)] 509081K->400575K(532480K) [PSPermGen: 13649K->13649K(21504K)], 0.0718470 secs] [Times: user=0.51 sys=0.01, real=0.07 secs] 
384.124: Total time for which application threads were stopped: 0.0725440 seconds, Stopping threads took: 0.0000630 seconds
384.150: Application time: 0.0257080 seconds
384.150: [Full GC [PSYoungGen: 139264K->30773K(162304K)] [ParOldGen: 369817K->369817K(370176K)] 509081K->400591K(532480K) [PSPermGen: 13649K->13649K(21504K)], 0.0718310 secs] [Times: user=0.51 sys=0.00, real=0.07 secs] 
384.222: Total time for which application threads were stopped: 0.0725080 seconds, Stopping threads took: 0.0000590 seconds
384.248: Application time: 0.0257730 seconds
384.249: [Full GC [PSYoungGen: 139264K->30788K(162304K)] [ParOldGen: 369817K->369817K(370176K)] 509081K->400606K(532480K) [PSPermGen: 13649K->13649K(21504K)], 0.0719590 secs] [Times: user=0.50 sys=0.00, real=0.07 secs] 
384.321: Total time for which application threads were stopped: 0.0726550 seconds, Stopping threads took: 0.0000570 seconds
384.347: Application time: 0.0258430 seconds
384.347: [Full GC [PSYoungGen: 139264K->30805K(162304K)] [ParOldGen: 369817K->369817K(370176K)] 509081K->400623K(532480K) [PSPermGen: 13649K->13649K(21504K)], 0.0718050 secs] [Times: user=0.50 sys=0.00, real=0.07 secs] 
384.419: Total time for which application threads were stopped: 0.0724540 seconds, Stopping threads took: 0.0000670 seconds
384.445: Application time: 0.0257000 seconds
384.445: [Full GC [PSYoungGen: 139264K->30820K(162304K)] [ParOldGen: 369817K->369817K(370176K)] 509081K->400638K(532480K) [PSPermGen: 13649K->13649K(21504K)], 0.0722170 secs] [Times: user=0.50 sys=0.00, real=0.07 secs] 
384.518: Total time for which application threads were stopped: 0.0728910 seconds, Stopping threads took: 0.0000690 seconds
384.543: Application time: 0.0255950 seconds
384.544: [Full GC [PSYoungGen: 139264K->30832K(162304K)] [ParOldGen: 369817K->369817K(370176K)] 509081K->400650K(532480K) [PSPermGen: 13649K->13649K(21504K)], 0.0720070 secs] [Times: user=0.51 sys=0.00, real=0.08 secs] 
384.616: Total time for which application threads were stopped: 0.0726610 seconds, Stopping threads took: 0.0000820 seconds
384.642: Application time: 0.0257640 seconds
384.642: [Full GC [PSYoungGen: 139264K->30851K(162304K)] [ParOldGen: 369817K->369817K(370176K)] 509081K->400669K(532480K) [PSPermGen: 13649K->13649K(21504K)], 0.0717060 secs] [Times: user=0.51 sys=0.00, real=0.08 secs] 
384.714: Total time for which application threads were stopped: 0.0723680 seconds, Stopping threads took: 0.0000460 seconds
384.740: Application time: 0.0256760 seconds
384.740: [Full GC [PSYoungGen: 139264K->30864K(162304K)] [ParOldGen: 369817K->369817K(370176K)] 509081K->400682K(532480K) [PSPermGen: 13649K->13649K(21504K)], 0.0723650 secs] [Times: user=0.51 sys=0.00, real=0.08 secs] 
384.813: Total time for which application threads were stopped: 0.0730290 seconds, Stopping threads took: 0.0000890 seconds
384.838: Application time: 0.0254790 seconds
384.839: [Full GC [PSYoungGen: 139264K->30881K(162304K)] [ParOldGen: 369817K->369817K(370176K)] 509081K->400699K(532480K) [PSPermGen: 13649K->13649K(21504K)], 0.0718740 secs] [Times: user=0.51 sys=0.00, real=0.07 secs] 
384.911: Total time for which application threads were stopped: 0.0725050 seconds, Stopping threads took: 0.0000630 seconds
384.937: Application time: 0.0259750 seconds
384.937: [Full GC [PSYoungGen: 139264K->30841K(162304K)] [ParOldGen: 369817K->369817K(370176K)] 509081K->400659K(532480K) [PSPermGen: 13649K->13649K(21504K)], 0.0720980 secs] [Times: user=0.51 sys=0.00, real=0.07 secs] 
385.010: Total time for which application threads were stopped: 0.0727260 seconds, Stopping threads took: 0.0000550 seconds
385.035: Application time: 0.0253770 seconds
385.036: [Full GC [PSYoungGen: 139264K->30842K(162304K)] [ParOldGen: 369817K->369817K(370176K)] 509081K->400660K(532480K) [PSPermGen: 13649K->13649K(21504K)], 0.0716050 secs] [Times: user=0.51 sys=0.00, real=0.07 secs] 
385.107: Total time for which application threads were stopped: 0.0722900 seconds, Stopping threads took: 0.0000880 seconds
385.133: Application time: 0.0254300 seconds
385.133: [Full GC [PSYoungGen: 139264K->30857K(162304K)] [ParOldGen: 369817K->369817K(370176K)] 509081K->400675K(532480K) [PSPermGen: 13649K->13649K(21504K)], 0.0734270 secs] [Times: user=0.52 sys=0.00, real=0.07 secs] 
385.207: Total time for which application threads were stopped: 0.0741280 seconds, Stopping threads took: 0.0000620 seconds
385.232: Application time: 0.0256880 seconds
385.233: [Full GC [PSYoungGen: 139264K->30873K(162304K)] [ParOldGen: 369817K->369817K(370176K)] 509081K->400690K(532480K) [PSPermGen: 13649K->13649K(21504K)], 0.0721630 secs] [Times: user=0.51 sys=0.00, real=0.07 secs] 
385.305: Total time for which application threads were stopped: 0.0728760 seconds, Stopping threads took: 0.0000840 seconds
385.331: Application time: 0.0253430 seconds
385.331: [Full GC [PSYoungGen: 139264K->30888K(162304K)] [ParOldGen: 369817K->369817K(370176K)] 509081K->400706K(532480K) [PSPermGen: 13649K->13649K(21504K)], 0.0716550 secs] [Times: user=0.51 sys=0.00, real=0.07 secs] 
385.403: Total time for which application threads were stopped: 0.0723760 seconds, Stopping threads took: 0.0000860 seconds
385.429: Application time: 0.0254850 seconds
385.429: [Full GC [PSYoungGen: 139264K->30904K(162304K)] [ParOldGen: 369817K->369817K(370176K)] 509081K->400722K(532480K) [PSPermGen: 13649K->13649K(21504K)], 0.0726060 secs] [Times: user=0.50 sys=0.00, real=0.07 secs] 
385.502: Total time for which application threads were stopped: 0.0732420 seconds, Stopping threads took: 0.0000800 seconds
385.527: Application time: 0.0256660 seconds
385.528: [Full GC [PSYoungGen: 139264K->30918K(162304K)] [ParOldGen: 369817K->369817K(370176K)] 509081K->400736K(532480K) [PSPermGen: 13649K->13649K(21504K)], 0.0716050 secs] [Times: user=0.50 sys=0.00, real=0.07 secs] 
385.600: Total time for which application threads were stopped: 0.0723120 seconds, Stopping threads took: 0.0001200 seconds
385.625: Application time: 0.0256130 seconds
385.626: [Full GC [PSYoungGen: 139264K->30933K(162304K)] [ParOldGen: 369817K->369817K(370176K)] 509081K->400751K(532480K) [PSPermGen: 13649K->13649K(21504K)], 0.0718930 secs] [Times: user=0.50 sys=0.00, real=0.07 secs] 
385.698: Total time for which application threads were stopped: 0.0726190 seconds, Stopping threads took: 0.0000990 seconds
385.724: Application time: 0.0257710 seconds
385.724: [Full GC [PSYoungGen: 139264K->30951K(162304K)] [ParOldGen: 369817K->369817K(370176K)] 509081K->400769K(532480K) [PSPermGen: 13649K->13649K(21504K)], 0.0720760 secs] [Times: user=0.51 sys=0.00, real=0.07 secs] 
385.797: Total time for which application threads were stopped: 0.0727660 seconds, Stopping threads took: 0.0000690 seconds
385.822: Application time: 0.0255330 seconds
385.823: [Full GC [PSYoungGen: 139264K->30964K(162304K)] [ParOldGen: 369817K->369817K(370176K)] 509081K->400782K(532480K) [PSPermGen: 13649K->13649K(21504K)], 0.0719970 secs] [Times: user=0.51 sys=0.00, real=0.08 secs] 
385.895: Total time for which application threads were stopped: 0.0727140 seconds, Stopping threads took: 0.0000780 seconds
385.920: Application time: 0.0256980 seconds
385.921: [Full GC [PSYoungGen: 139264K->30980K(162304K)] [ParOldGen: 369817K->369817K(370176K)] 509081K->400798K(532480K) [PSPermGen: 13649K->13649K(21504K)], 0.0722720 secs] [Times: user=0.51 sys=0.00, real=0.08 secs] 
385.993: Total time for which application threads were stopped: 0.0729070 seconds, Stopping threads took: 0.0000640 seconds
386.019: Application time: 0.0257040 seconds
386.020: [Full GC [PSYoungGen: 139264K->30996K(162304K)] [ParOldGen: 369817K->369817K(370176K)] 509081K->400814K(532480K) [PSPermGen: 13649K->13649K(21504K)], 0.0715270 secs] [Times: user=0.51 sys=0.00, real=0.07 secs] 
386.091: Total time for which application threads were stopped: 0.0722360 seconds, Stopping threads took: 0.0000880 seconds
386.117: Application time: 0.0253330 seconds
386.117: [Full GC [PSYoungGen: 139264K->31011K(162304K)] [ParOldGen: 369817K->369817K(370176K)] 509081K->400829K(532480K) [PSPermGen: 13649K->13649K(21504K)], 0.0719970 secs] [Times: user=0.51 sys=0.00, real=0.07 secs] 
386.189: Total time for which application threads were stopped: 0.0727010 seconds, Stopping threads took: 0.0000800 seconds
386.215: Application time: 0.0255980 seconds
386.216: [Full GC [PSYoungGen: 139264K->31028K(162304K)] [ParOldGen: 369817K->369817K(370176K)] 509081K->400845K(532480K) [PSPermGen: 13649K->13649K(21504K)], 0.0714380 secs] [Times: user=0.51 sys=0.00, real=0.07 secs] 
386.287: Total time for which application threads were stopped: 0.0721060 seconds, Stopping threads took: 0.0000770 seconds
386.313: Application time: 0.0255480 seconds
386.313: [Full GC [PSYoungGen: 139264K->31042K(162304K)] [ParOldGen: 369817K->369817K(370176K)] 509081K->400860K(532480K) [PSPermGen: 13649K->13649K(21504K)], 0.0721460 secs] [Times: user=0.51 sys=0.00, real=0.07 secs] 
386.386: Total time for which application threads were stopped: 0.0728470 seconds, Stopping threads took: 0.0000720 seconds
386.411: Application time: 0.0255740 seconds
386.412: [Full GC [PSYoungGen: 139264K->31059K(162304K)] [ParOldGen: 369817K->369817K(370176K)] 509081K->400877K(532480K) [PSPermGen: 13649K->13649K(21504K)], 0.0721910 secs] [Times: user=0.51 sys=0.00, real=0.07 secs] 
386.484: Total time for which application threads were stopped: 0.0729030 seconds, Stopping threads took: 0.0000810 seconds
386.510: Application time: 0.0257620 seconds
386.510: [Full GC [PSYoungGen: 139264K->31074K(162304K)] [ParOldGen: 369817K->369817K(370176K)] 509081K->400892K(532480K) [PSPermGen: 13649K->13649K(21504K)], 0.0721260 secs] [Times: user=0.51 sys=0.00, real=0.07 secs] 
386.583: Total time for which application threads were stopped: 0.0728220 seconds, Stopping threads took: 0.0000510 seconds
386.609: Application time: 0.0268570 seconds
386.610: [Full GC [PSYoungGen: 139264K->31035K(162304K)] [ParOldGen: 369817K->369817K(370176K)] 509081K->400853K(532480K) [PSPermGen: 13649K->13649K(21504K)], 0.0722340 secs] [Times: user=0.51 sys=0.00, real=0.07 secs] 
386.682: Total time for which application threads were stopped: 0.0729130 seconds, Stopping threads took: 0.0000810 seconds
386.708: Application time: 0.0256970 seconds
386.709: [Full GC [PSYoungGen: 139264K->31037K(162304K)] [ParOldGen: 369817K->369817K(370176K)] 509081K->400855K(532480K) [PSPermGen: 13649K->13649K(21504K)], 0.0721160 secs] [Times: user=0.50 sys=0.00, real=0.07 secs] 
386.781: Total time for which application threads were stopped: 0.0728360 seconds, Stopping threads took: 0.0000920 seconds
386.807: Application time: 0.0259620 seconds
386.808: [Full GC [PSYoungGen: 139264K->30972K(162304K)] [ParOldGen: 369817K->369817K(370176K)] 509081K->400790K(532480K) [PSPermGen: 13649K->13649K(21504K)], 0.0719390 secs] [Times: user=0.51 sys=0.00, real=0.07 secs] 
386.880: Total time for which application threads were stopped: 0.0726830 seconds, Stopping threads took: 0.0000740 seconds
386.908: Application time: 0.0280910 seconds
386.908: [Full GC [PSYoungGen: 139264K->30929K(162304K)] [ParOldGen: 369817K->369817K(370176K)] 509081K->400747K(532480K) [PSPermGen: 13649K->13649K(21504K)], 0.0725360 secs] [Times: user=0.50 sys=0.00, real=0.07 secs] 
386.981: Total time for which application threads were stopped: 0.0732820 seconds, Stopping threads took: 0.0001190 seconds
387.007: Application time: 0.0261340 seconds
387.008: [Full GC [PSYoungGen: 139264K->30887K(162304K)] [ParOldGen: 369817K->369817K(370176K)] 509081K->400705K(532480K) [PSPermGen: 13649K->13649K(21504K)], 0.0716540 secs] [Times: user=0.51 sys=0.00, real=0.07 secs] 
387.079: Total time for which application threads were stopped: 0.0723480 seconds, Stopping threads took: 0.0000660 seconds
387.105: Application time: 0.0258600 seconds
387.106: [Full GC [PSYoungGen: 139264K->30888K(162304K)] [ParOldGen: 369817K->369817K(370176K)] 509081K->400706K(532480K) [PSPermGen: 13649K->13649K(21504K)], 0.0719940 secs] [Times: user=0.51 sys=0.00, real=0.07 secs] 
387.178: Total time for which application threads were stopped: 0.0727000 seconds, Stopping threads took: 0.0000860 seconds
387.204: Application time: 0.0262050 seconds
387.205: [Full GC [PSYoungGen: 139264K->30847K(162304K)] [ParOldGen: 369817K->369817K(370176K)] 509081K->400665K(532480K) [PSPermGen: 13649K->13649K(21504K)], 0.0724130 secs] [Times: user=0.51 sys=0.00, real=0.07 secs] 
387.277: Total time for which application threads were stopped: 0.0731350 seconds, Stopping threads took: 0.0000910 seconds
387.303: Application time: 0.0257960 seconds
387.304: [Full GC [PSYoungGen: 139264K->30849K(162304K)] [ParOldGen: 369817K->369817K(370176K)] 509081K->400667K(532480K) [PSPermGen: 13649K->13649K(21504K)], 0.0713690 secs] [Times: user=0.51 sys=0.00, real=0.08 secs] 
387.375: Total time for which application threads were stopped: 0.0720280 seconds, Stopping threads took: 0.0000800 seconds
387.400: Application time: 0.0248780 seconds
387.401: Total time for which application threads were stopped: 0.0006020 seconds, Stopping threads took: 0.0000750 seconds
387.402: Application time: 0.0008840 seconds
387.402: [Full GC [PSYoungGen: 139264K->30860K(162304K)] [ParOldGen: 369817K->369817K(370176K)] 509081K->400678K(532480K) [PSPermGen: 13649K->13649K(21504K)], 0.0720480 secs] [Times: user=0.50 sys=0.00, real=0.08 secs] 
387.474: Total time for which application threads were stopped: 0.0725490 seconds, Stopping threads took: 0.0000620 seconds
387.500: Application time: 0.0260460 seconds
387.501: [Full GC [PSYoungGen: 139264K->30746K(162304K)] [ParOldGen: 369817K->369817K(370176K)] 509081K->400564K(532480K) [PSPermGen: 13649K->13649K(21504K)], 0.0720290 secs] [Times: user=0.50 sys=0.00, real=0.08 secs] 
387.573: Total time for which application threads were stopped: 0.0726930 seconds, Stopping threads took: 0.0000810 seconds
387.599: Application time: 0.0258250 seconds
387.599: [Full GC [PSYoungGen: 139264K->30753K(162304K)] [ParOldGen: 369817K->369817K(370176K)] 509081K->400571K(532480K) [PSPermGen: 13649K->13649K(21504K)], 0.0719390 secs] [Times: user=0.50 sys=0.00, real=0.07 secs] 
387.671: Total time for which application threads were stopped: 0.0726640 seconds, Stopping threads took: 0.0001120 seconds
387.697: Application time: 0.0258590 seconds
387.698: [Full GC [PSYoungGen: 139264K->30769K(162304K)] [ParOldGen: 369817K->369817K(370176K)] 509081K->400587K(532480K) [PSPermGen: 13649K->13649K(21504K)], 0.0721750 secs] [Times: user=0.51 sys=0.00, real=0.07 secs] 
387.770: Total time for which application threads were stopped: 0.0729170 seconds, Stopping threads took: 0.0001230 seconds
387.796: Application time: 0.0257050 seconds
387.796: [Full GC [PSYoungGen: 139264K->30785K(162304K)] [ParOldGen: 369817K->369817K(370176K)] 509081K->400603K(532480K) [PSPermGen: 13649K->13649K(21504K)], 0.0722530 secs] [Times: user=0.51 sys=0.00, real=0.07 secs] 
387.869: Total time for which application threads were stopped: 0.0729580 seconds, Stopping threads took: 0.0000640 seconds
387.895: Application time: 0.0260080 seconds
387.895: [Full GC [PSYoungGen: 139264K->30801K(162304K)] [ParOldGen: 369817K->369817K(370176K)] 509081K->400619K(532480K) [PSPermGen: 13649K->13649K(21504K)], 0.0724780 secs] [Times: user=0.50 sys=0.00, real=0.07 secs] 
387.968: Total time for which application threads were stopped: 0.0731510 seconds, Stopping threads took: 0.0001020 seconds
387.994: Application time: 0.0259310 seconds
387.994: [Full GC [PSYoungGen: 139264K->30815K(162304K)] [ParOldGen: 369817K->369817K(370176K)] 509081K->400633K(532480K) [PSPermGen: 13649K->13649K(21504K)], 0.0718240 secs] [Times: user=0.51 sys=0.00, real=0.07 secs] 
388.066: Total time for which application threads were stopped: 0.0724620 seconds, Stopping threads took: 0.0000450 seconds
388.092: Application time: 0.0259120 seconds
388.093: [Full GC [PSYoungGen: 139264K->30829K(162304K)] [ParOldGen: 369817K->369817K(370176K)] 509081K->400647K(532480K) [PSPermGen: 13649K->13649K(21504K)], 0.0720450 secs] [Times: user=0.51 sys=0.00, real=0.07 secs] 
388.165: Total time for which application threads were stopped: 0.0727540 seconds, Stopping threads took: 0.0000750 seconds
388.191: Application time: 0.0259920 seconds
388.192: [Full GC [PSYoungGen: 139264K->30847K(162304K)] [ParOldGen: 369817K->369817K(370176K)] 509081K->400665K(532480K) [PSPermGen: 13649K->13649K(21504K)], 0.0722290 secs] [Times: user=0.51 sys=0.00, real=0.07 secs] 
388.264: Total time for which application threads were stopped: 0.0728870 seconds, Stopping threads took: 0.0000840 seconds
388.290: Application time: 0.0260960 seconds
388.291: [Full GC [PSYoungGen: 139264K->30862K(162304K)] [ParOldGen: 369817K->369817K(370176K)] 509081K->400680K(532480K) [PSPermGen: 13649K->13649K(21504K)], 0.0718630 secs] [Times: user=0.51 sys=0.00, real=0.07 secs] 
388.363: Total time for which application threads were stopped: 0.0725650 seconds, Stopping threads took: 0.0000850 seconds
388.388: Application time: 0.0258200 seconds
388.389: [Full GC [PSYoungGen: 139264K->30877K(162304K)] [ParOldGen: 369817K->369817K(370176K)] 509081K->400695K(532480K) [PSPermGen: 13649K->13649K(21504K)], 0.0720770 secs] [Times: user=0.51 sys=0.00, real=0.07 secs] 
388.461: Total time for which application threads were stopped: 0.0728140 seconds, Stopping threads took: 0.0001050 seconds
388.487: Application time: 0.0261210 seconds
388.488: [Full GC [PSYoungGen: 139264K->30839K(162304K)] [ParOldGen: 369817K->369817K(370176K)] 509081K->400657K(532480K) [PSPermGen: 13649K->13649K(21504K)], 0.0722240 secs] [Times: user=0.51 sys=0.00, real=0.07 secs] 
388.560: Total time for which application threads were stopped: 0.0729150 seconds, Stopping threads took: 0.0001310 seconds
388.586: Application time: 0.0260510 seconds
388.587: [Full GC [PSYoungGen: 139264K->30838K(162304K)] [ParOldGen: 369817K->369817K(370176K)] 509081K->400655K(532480K) [PSPermGen: 13649K->13649K(21504K)], 0.0714150 secs] [Times: user=0.50 sys=0.00, real=0.07 secs] 
388.658: Total time for which application threads were stopped: 0.0720850 seconds, Stopping threads took: 0.0000730 seconds
388.684: Application time: 0.0258630 seconds
388.685: [Full GC [PSYoungGen: 139264K->30853K(162304K)] [ParOldGen: 369817K->369817K(370176K)] 509081K->400671K(532480K) [PSPermGen: 13649K->13649K(21504K)], 0.0718590 secs] [Times: user=0.50 sys=0.00, real=0.07 secs] 
388.757: Total time for which application threads were stopped: 0.0725520 seconds, Stopping threads took: 0.0000490 seconds
388.783: Application time: 0.0257030 seconds
388.783: [Full GC [PSYoungGen: 139264K->30869K(162304K)] [ParOldGen: 369817K->369817K(370176K)] 509081K->400687K(532480K) [PSPermGen: 13649K->13649K(21504K)], 0.0727890 secs] [Times: user=0.52 sys=0.00, real=0.08 secs] 
388.856: Total time for which application threads were stopped: 0.0734220 seconds, Stopping threads took: 0.0000720 seconds
388.882: Application time: 0.0256260 seconds
388.882: [Full GC [PSYoungGen: 139264K->30885K(162304K)] [ParOldGen: 369817K->369817K(370176K)] 509081K->400703K(532480K) [PSPermGen: 13649K->13649K(21504K)], 0.0721620 secs] [Times: user=0.50 sys=0.00, real=0.08 secs] 
388.954: Total time for which application threads were stopped: 0.0728750 seconds, Stopping threads took: 0.0000720 seconds
388.980: Application time: 0.0252810 seconds
388.980: [Full GC [PSYoungGen: 139264K->30895K(162304K)] [ParOldGen: 369817K->369817K(370176K)] 509081K->400713K(532480K) [PSPermGen: 13649K->13649K(21504K)], 0.0717830 secs] [Times: user=0.50 sys=0.00, real=0.07 secs] 
389.052: Total time for which application threads were stopped: 0.0725210 seconds, Stopping threads took: 0.0000860 seconds
389.078: Application time: 0.0252880 seconds
389.078: [Full GC [PSYoungGen: 139264K->30915K(162304K)] [ParOldGen: 369817K->369817K(370176K)] 509081K->400733K(532480K) [PSPermGen: 13649K->13649K(21504K)], 0.0722220 secs] [Times: user=0.50 sys=0.00, real=0.07 secs] 
389.150: Total time for which application threads were stopped: 0.0729220 seconds, Stopping threads took: 0.0000660 seconds
389.176: Application time: 0.0255350 seconds
389.177: [Full GC [PSYoungGen: 139264K->30929K(162304K)] [ParOldGen: 369817K->369817K(370176K)] 509081K->400747K(532480K) [PSPermGen: 13649K->13649K(21504K)], 0.0719260 secs] [Times: user=0.50 sys=0.00, real=0.07 secs] 
389.249: Total time for which application threads were stopped: 0.0727040 seconds, Stopping threads took: 0.0001080 seconds
389.274: Application time: 0.0256610 seconds
389.275: [Full GC [PSYoungGen: 139264K->30945K(162304K)] [ParOldGen: 369817K->369817K(370176K)] 509081K->400763K(532480K) [PSPermGen: 13649K->13649K(21504K)], 0.0721570 secs] [Times: user=0.51 sys=0.00, real=0.07 secs] 
389.347: Total time for which application threads were stopped: 0.0728400 seconds, Stopping threads took: 0.0001160 seconds
389.373: Application time: 0.0258120 seconds
389.374: [Full GC [PSYoungGen: 139264K->30962K(162304K)] [ParOldGen: 369817K->369817K(370176K)] 509081K->400780K(532480K) [PSPermGen: 13649K->13649K(21504K)], 0.0724060 secs] [Times: user=0.50 sys=0.00, real=0.07 secs] 
389.446: Total time for which application threads were stopped: 0.0730430 seconds, Stopping threads took: 0.0000780 seconds
389.472: Application time: 0.0258460 seconds
389.473: [Full GC [PSYoungGen: 139264K->30977K(162304K)] [ParOldGen: 369817K->369817K(370176K)] 509081K->400795K(532480K) [PSPermGen: 13649K->13649K(21504K)], 0.0723820 secs] [Times: user=0.51 sys=0.00, real=0.07 secs] 
389.545: Total time for which application threads were stopped: 0.0730380 seconds, Stopping threads took: 0.0000930 seconds
389.571: Application time: 0.0260190 seconds
389.572: [Full GC [PSYoungGen: 139264K->30992K(162304K)] [ParOldGen: 369817K->369817K(370176K)] 509081K->400810K(532480K) [PSPermGen: 13649K->13649K(21504K)], 0.0719320 secs] [Times: user=0.50 sys=0.00, real=0.07 secs] 
389.644: Total time for which application threads were stopped: 0.0725990 seconds, Stopping threads took: 0.0000500 seconds
389.669: Application time: 0.0257310 seconds
389.670: [Full GC [PSYoungGen: 139264K->31007K(162304K)] [ParOldGen: 369817K->369817K(370176K)] 509081K->400825K(532480K) [PSPermGen: 13649K->13649K(21504K)], 0.0716590 secs] [Times: user=0.51 sys=0.00, real=0.07 secs] 
389.742: Total time for which application threads were stopped: 0.0723870 seconds, Stopping threads took: 0.0000990 seconds
389.768: Application time: 0.0258490 seconds
389.768: [Full GC [PSYoungGen: 139264K->31023K(162304K)] [ParOldGen: 369817K->369817K(370176K)] 509081K->400841K(532480K) [PSPermGen: 13649K->13649K(21504K)], 0.0719530 secs] [Times: user=0.51 sys=0.00, real=0.07 secs] 
389.840: Total time for which application threads were stopped: 0.0726930 seconds, Stopping threads took: 0.0000920 seconds
389.866: Application time: 0.0258100 seconds
389.867: [Full GC [PSYoungGen: 139264K->31039K(162304K)] [ParOldGen: 369817K->369817K(370176K)] 509081K->400857K(532480K) [PSPermGen: 13649K->13649K(21504K)], 0.0720220 secs] [Times: user=0.50 sys=0.00, real=0.07 secs] 
389.939: Total time for which application threads were stopped: 0.0727240 seconds, Stopping threads took: 0.0000700 seconds
389.965: Application time: 0.0266000 seconds
389.966: [Full GC [PSYoungGen: 139264K->31054K(162304K)] [ParOldGen: 369817K->369817K(370176K)] 509081K->400872K(532480K) [PSPermGen: 13649K->13649K(21504K)], 0.0723440 secs] [Times: user=0.51 sys=0.00, real=0.07 secs] 
390.038: Total time for which application threads were stopped: 0.0730770 seconds, Stopping threads took: 0.0001020 seconds
390.064: Application time: 0.0256720 seconds
390.065: [Full GC [PSYoungGen: 139264K->31070K(162304K)] [ParOldGen: 369817K->369817K(370176K)] 509081K->400888K(532480K) [PSPermGen: 13649K->13649K(21504K)], 0.0722520 secs] [Times: user=0.50 sys=0.00, real=0.07 secs] 
390.137: Total time for which application threads were stopped: 0.0729310 seconds, Stopping threads took: 0.0000600 seconds
390.163: Application time: 0.0256800 seconds
390.163: [Full GC [PSYoungGen: 139264K->31086K(162304K)] [ParOldGen: 369817K->369817K(370176K)] 509081K->400904K(532480K) [PSPermGen: 13649K->13649K(21504K)], 0.0721320 secs] [Times: user=0.51 sys=0.00, real=0.08 secs] 
390.236: Total time for which application threads were stopped: 0.0727860 seconds, Stopping threads took: 0.0000810 seconds
390.261: Application time: 0.0256670 seconds
390.262: [Full GC [PSYoungGen: 139264K->31102K(162304K)] [ParOldGen: 369817K->369817K(370176K)] 509081K->400920K(532480K) [PSPermGen: 13649K->13649K(21504K)], 0.0724730 secs] [Times: user=0.51 sys=0.00, real=0.08 secs] 
390.334: Total time for which application threads were stopped: 0.0731340 seconds, Stopping threads took: 0.0000930 seconds
390.362: Application time: 0.0273320 seconds
390.363: [Full GC [PSYoungGen: 139264K->30949K(162304K)] [ParOldGen: 369817K->369817K(370176K)] 509081K->400767K(532480K) [PSPermGen: 13649K->13649K(21504K)], 0.0726960 secs] [Times: user=0.51 sys=0.00, real=0.08 secs] 
390.435: Total time for which application threads were stopped: 0.0735660 seconds, Stopping threads took: 0.0001950 seconds
390.461: Application time: 0.0254540 seconds
390.461: [Full GC [PSYoungGen: 139264K->30923K(162304K)] [ParOldGen: 369817K->369817K(370176K)] 509081K->400741K(532480K) [PSPermGen: 13649K->13649K(21504K)], 0.0720070 secs] [Times: user=0.51 sys=0.00, real=0.08 secs] 
390.534: Total time for which application threads were stopped: 0.0727640 seconds, Stopping threads took: 0.0001380 seconds
390.559: Application time: 0.0254560 seconds
390.560: [Full GC [PSYoungGen: 139264K->30937K(162304K)] [ParOldGen: 369817K->369817K(370176K)] 509081K->400755K(532480K) [PSPermGen: 13649K->13649K(21504K)], 0.0716550 secs] [Times: user=0.50 sys=0.00, real=0.07 secs] 
390.631: Total time for which application threads were stopped: 0.0723050 seconds, Stopping threads took: 0.0000920 seconds
390.657: Application time: 0.0262250 seconds
390.658: [Full GC [PSYoungGen: 139264K->30845K(162304K)] [ParOldGen: 369817K->369817K(370176K)] 509081K->400663K(532480K) [PSPermGen: 13649K->13649K(21504K)], 0.0719090 secs] [Times: user=0.51 sys=0.00, real=0.07 secs] 
390.730: Total time for which application threads were stopped: 0.0726500 seconds, Stopping threads took: 0.0000920 seconds
390.756: Application time: 0.0255000 seconds
390.756: [Full GC [PSYoungGen: 139264K->30827K(162304K)] [ParOldGen: 369817K->369817K(370176K)] 509081K->400645K(532480K) [PSPermGen: 13649K->13649K(21504K)], 0.0722940 secs] [Times: user=0.51 sys=0.00, real=0.07 secs] 
390.829: Total time for which application threads were stopped: 0.0729950 seconds, Stopping threads took: 0.0000750 seconds
390.854: Application time: 0.0254860 seconds
390.855: [Full GC [PSYoungGen: 139264K->30843K(162304K)] [ParOldGen: 369817K->369817K(370176K)] 509081K->400661K(532480K) [PSPermGen: 13649K->13649K(21504K)], 0.0713500 secs] [Times: user=0.50 sys=0.00, real=0.07 secs] 
390.926: Total time for which application threads were stopped: 0.0720680 seconds, Stopping threads took: 0.0000970 seconds
390.953: Application time: 0.0263410 seconds
390.953: [Full GC [PSYoungGen: 139264K->30858K(162304K)] [ParOldGen: 369817K->369817K(370176K)] 509081K->400676K(532480K) [PSPermGen: 13649K->13649K(21504K)], 0.0715540 secs] [Times: user=0.51 sys=0.00, real=0.07 secs] 
391.025: Total time for which application threads were stopped: 0.0723490 seconds, Stopping threads took: 0.0001420 seconds
391.051: Application time: 0.0261150 seconds
391.052: [Full GC [PSYoungGen: 139264K->30764K(162304K)] [ParOldGen: 369817K->369817K(370176K)] 509081K->400582K(532480K) [PSPermGen: 13649K->13649K(21504K)], 0.0717270 secs] [Times: user=0.50 sys=0.00, real=0.07 secs] 
391.123: Total time for which application threads were stopped: 0.0724320 seconds, Stopping threads took: 0.0000750 seconds
391.149: Application time: 0.0255360 seconds
391.150: [Full GC [PSYoungGen: 139264K->30749K(162304K)] [ParOldGen: 369817K->369817K(370176K)] 509081K->400567K(532480K) [PSPermGen: 13649K->13649K(21504K)], 0.0721040 secs] [Times: user=0.51 sys=0.00, real=0.07 secs] 
391.222: Total time for which application threads were stopped: 0.0727570 seconds, Stopping threads took: 0.0000860 seconds
391.247: Application time: 0.0255730 seconds
391.248: [Full GC [PSYoungGen: 139264K->30764K(162304K)] [ParOldGen: 369817K->369817K(370176K)] 509081K->400582K(532480K) [PSPermGen: 13649K->13649K(21504K)], 0.0718880 secs] [Times: user=0.51 sys=0.00, real=0.07 secs] 
391.320: Total time for which application threads were stopped: 0.0725660 seconds, Stopping threads took: 0.0000830 seconds
391.345: Application time: 0.0254840 seconds
391.346: [Full GC [PSYoungGen: 139264K->30778K(162304K)] [ParOldGen: 369817K->369817K(370176K)] 509081K->400596K(532480K) [PSPermGen: 13649K->13649K(21504K)], 0.0717050 secs] [Times: user=0.51 sys=0.00, real=0.07 secs] 
391.418: Total time for which application threads were stopped: 0.0724050 seconds, Stopping threads took: 0.0000670 seconds
391.443: Application time: 0.0256420 seconds
391.444: [Full GC [PSYoungGen: 139264K->30795K(162304K)] [ParOldGen: 369817K->369817K(370176K)] 509081K->400613K(532480K) [PSPermGen: 13649K->13649K(21504K)], 0.0717970 secs] [Times: user=0.51 sys=0.00, real=0.08 secs] 
391.516: Total time for which application threads were stopped: 0.0724380 seconds, Stopping threads took: 0.0000790 seconds
391.542: Application time: 0.0256840 seconds
391.542: [Full GC [PSYoungGen: 139264K->30812K(162304K)] [ParOldGen: 369817K->369817K(370176K)] 509081K->400630K(532480K) [PSPermGen: 13649K->13649K(21504K)], 0.0716520 secs] [Times: user=0.51 sys=0.00, real=0.08 secs] 
391.614: Total time for which application threads were stopped: 0.0723530 seconds, Stopping threads took: 0.0000590 seconds
391.640: Application time: 0.0257150 seconds
391.640: [Full GC [PSYoungGen: 139264K->30823K(162304K)] [ParOldGen: 369817K->369817K(370176K)] 509081K->400641K(532480K) [PSPermGen: 13649K->13649K(21504K)], 0.0717050 secs] [Times: user=0.51 sys=0.00, real=0.07 secs] 
391.712: Total time for which application threads were stopped: 0.0723310 seconds, Stopping threads took: 0.0000540 seconds
391.738: Application time: 0.0259860 seconds
391.739: [Full GC [PSYoungGen: 139264K->30844K(162304K)] [ParOldGen: 369817K->369817K(370176K)] 509081K->400662K(532480K) [PSPermGen: 13649K->13649K(21504K)], 0.0720570 secs] [Times: user=0.51 sys=0.00, real=0.07 secs] 
391.811: Total time for which application threads were stopped: 0.0727700 seconds, Stopping threads took: 0.0000790 seconds
391.836: Application time: 0.0257330 seconds
391.837: [Full GC [PSYoungGen: 139264K->30859K(162304K)] [ParOldGen: 369817K->369817K(370176K)] 509081K->400677K(532480K) [PSPermGen: 13649K->13649K(21504K)], 0.0716390 secs] [Times: user=0.50 sys=0.00, real=0.07 secs] 
391.910: Total time for which application threads were stopped: 0.0737870 seconds, Stopping threads took: 0.0000900 seconds
391.936: Application time: 0.0258640 seconds
391.937: [Full GC [PSYoungGen: 139264K->30873K(162304K)] [ParOldGen: 369817K->369817K(370176K)] 509081K->400691K(532480K) [PSPermGen: 13649K->13649K(21504K)], 0.0719520 secs] [Times: user=0.50 sys=0.00, real=0.07 secs] 
392.009: Total time for which application threads were stopped: 0.0726660 seconds, Stopping threads took: 0.0000840 seconds
392.035: Application time: 0.0257720 seconds
392.035: [Full GC [PSYoungGen: 139264K->30889K(162304K)] [ParOldGen: 369817K->369817K(370176K)] 509081K->400707K(532480K) [PSPermGen: 13649K->13649K(21504K)], 0.0720370 secs] [Times: user=0.50 sys=0.00, real=0.07 secs] 
392.107: Total time for which application threads were stopped: 0.0727950 seconds, Stopping threads took: 0.0001240 seconds
392.134: Application time: 0.0261950 seconds
392.134: [Full GC [PSYoungGen: 139264K->30849K(162304K)] [ParOldGen: 369817K->369817K(370176K)] 509081K->400666K(532480K) [PSPermGen: 13649K->13649K(21504K)], 0.0718850 secs] [Times: user=0.51 sys=0.00, real=0.07 secs] 
392.206: Total time for which application threads were stopped: 0.0726560 seconds, Stopping threads took: 0.0001150 seconds
392.232: Application time: 0.0257850 seconds
392.233: [Full GC [PSYoungGen: 139264K->30848K(162304K)] [ParOldGen: 369817K->369817K(370176K)] 509081K->400666K(532480K) [PSPermGen: 13649K->13649K(21504K)], 0.0722690 secs] [Times: user=0.51 sys=0.00, real=0.07 secs] 
392.305: Total time for which application threads were stopped: 0.0729040 seconds, Stopping threads took: 0.0000670 seconds
392.331: Application time: 0.0256470 seconds
392.331: [Full GC [PSYoungGen: 139264K->30864K(162304K)] [ParOldGen: 369817K->369817K(370176K)] 509081K->400682K(532480K) [PSPermGen: 13649K->13649K(21504K)], 0.0721710 secs] [Times: user=0.51 sys=0.00, real=0.07 secs] 
392.404: Total time for which application threads were stopped: 0.0729250 seconds, Stopping threads took: 0.0001140 seconds
392.429: Application time: 0.0253690 seconds
392.429: [Full GC [PSYoungGen: 139264K->30878K(162304K)] [ParOldGen: 369817K->369817K(370176K)] 509081K->400696K(532480K) [PSPermGen: 13649K->13649K(21504K)], 0.0729270 secs] [Times: user=0.51 sys=0.00, real=0.07 secs] 
392.502: Total time for which application threads were stopped: 0.0735670 seconds, Stopping threads took: 0.0000690 seconds
392.528: Application time: 0.0252740 seconds
392.528: [Full GC [PSYoungGen: 139264K->30895K(162304K)] [ParOldGen: 369817K->369817K(370176K)] 509081K->400713K(532480K) [PSPermGen: 13649K->13649K(21504K)], 0.0722900 secs] [Times: user=0.51 sys=0.00, real=0.07 secs] 
392.601: Total time for which application threads were stopped: 0.0730170 seconds, Stopping threads took: 0.0000860 seconds
392.626: Application time: 0.0254170 seconds
392.627: [Full GC [PSYoungGen: 139264K->30913K(162304K)] [ParOldGen: 369817K->369817K(370176K)] 509081K->400731K(532480K) [PSPermGen: 13649K->13649K(21504K)], 0.0720380 secs] [Times: user=0.51 sys=0.00, real=0.07 secs] 
392.699: Total time for which application threads were stopped: 0.0727090 seconds, Stopping threads took: 0.0000970 seconds
392.724: Application time: 0.0254620 seconds
392.725: [Full GC [PSYoungGen: 139264K->30926K(162304K)] [ParOldGen: 369817K->369817K(370176K)] 509081K->400744K(532480K) [PSPermGen: 13649K->13649K(21504K)], 0.0723650 secs] [Times: user=0.51 sys=0.00, real=0.07 secs] 
392.797: Total time for which application threads were stopped: 0.0730470 seconds, Stopping threads took: 0.0000720 seconds
392.823: Application time: 0.0254660 seconds
392.824: [Full GC [PSYoungGen: 139264K->30940K(162304K)] [ParOldGen: 369817K->369817K(370176K)] 509081K->400758K(532480K) [PSPermGen: 13649K->13649K(21504K)], 0.0737430 secs] [Times: user=0.51 sys=0.00, real=0.08 secs] 
392.897: Total time for which application threads were stopped: 0.0744600 seconds, Stopping threads took: 0.0000790 seconds
392.923: Application time: 0.0254570 seconds
392.923: [Full GC [PSYoungGen: 139264K->30956K(162304K)] [ParOldGen: 369817K->369817K(370176K)] 509081K->400774K(532480K) [PSPermGen: 13649K->13649K(21504K)], 0.0720890 secs] [Times: user=0.51 sys=0.00, real=0.08 secs] 
392.996: Total time for which application threads were stopped: 0.0728250 seconds, Stopping threads took: 0.0000940 seconds
393.021: Application time: 0.0255600 seconds
393.022: [Full GC [PSYoungGen: 139264K->30972K(162304K)] [ParOldGen: 369817K->369817K(370176K)] 509081K->400790K(532480K) [PSPermGen: 13649K->13649K(21504K)], 0.0720640 secs] [Times: user=0.51 sys=0.00, real=0.08 secs] 
393.094: Total time for which application threads were stopped: 0.0727510 seconds, Stopping threads took: 0.0000630 seconds
393.119: Application time: 0.0254350 seconds
393.120: [Full GC [PSYoungGen: 139264K->30987K(162304K)] [ParOldGen: 369817K->369817K(370176K)] 509081K->400804K(532480K) [PSPermGen: 13649K->13649K(21504K)], 0.0722870 secs] [Times: user=0.50 sys=0.01, real=0.08 secs] 
393.192: Total time for which application threads were stopped: 0.0730150 seconds, Stopping threads took: 0.0000820 seconds
393.218: Application time: 0.0257370 seconds
393.219: [Full GC [PSYoungGen: 139264K->31002K(162304K)] [ParOldGen: 369817K->369817K(370176K)] 509081K->400820K(532480K) [PSPermGen: 13649K->13649K(21504K)], 0.0717760 secs] [Times: user=0.51 sys=0.00, real=0.07 secs] 
393.291: Total time for which application threads were stopped: 0.0725020 seconds, Stopping threads took: 0.0000980 seconds
393.316: Application time: 0.0256400 seconds
393.317: [Full GC [PSYoungGen: 139264K->31019K(162304K)] [ParOldGen: 369817K->369817K(370176K)] 509081K->400837K(532480K) [PSPermGen: 13649K->13649K(21504K)], 0.0723210 secs] [Times: user=0.51 sys=0.00, real=0.07 secs] 
393.389: Total time for which application threads were stopped: 0.0730710 seconds, Stopping threads took: 0.0001040 seconds
393.415: Application time: 0.0260520 seconds
393.416: [Full GC [PSYoungGen: 139264K->31034K(162304K)] [ParOldGen: 369817K->369817K(370176K)] 509081K->400852K(532480K) [PSPermGen: 13649K->13649K(21504K)], 0.0718530 secs] [Times: user=0.50 sys=0.00, real=0.07 secs] 
393.488: Total time for which application threads were stopped: 0.0725000 seconds, Stopping threads took: 0.0000810 seconds
393.514: Application time: 0.0256870 seconds
393.514: [Full GC [PSYoungGen: 139264K->31051K(162304K)] [ParOldGen: 369817K->369817K(370176K)] 509081K->400869K(532480K) [PSPermGen: 13649K->13649K(21504K)], 0.0720420 secs] [Times: user=0.51 sys=0.00, real=0.07 secs] 
393.586: Total time for which application threads were stopped: 0.0727460 seconds, Stopping threads took: 0.0000750 seconds
393.612: Application time: 0.0257530 seconds
393.613: [Full GC [PSYoungGen: 139264K->31066K(162304K)] [ParOldGen: 369817K->369817K(370176K)] 509081K->400884K(532480K) [PSPermGen: 13649K->13649K(21504K)], 0.0721670 secs] [Times: user=0.51 sys=0.00, real=0.07 secs] 
393.685: Total time for which application threads were stopped: 0.0728590 seconds, Stopping threads took: 0.0000590 seconds
393.711: Application time: 0.0256060 seconds
393.711: [Full GC [PSYoungGen: 139264K->31082K(162304K)] [ParOldGen: 369817K->369817K(370176K)] 509081K->400900K(532480K) [PSPermGen: 13649K->13649K(21504K)], 0.0721690 secs] [Times: user=0.50 sys=0.00, real=0.07 secs] 
393.783: Total time for which application threads were stopped: 0.0728860 seconds, Stopping threads took: 0.0000900 seconds
393.809: Application time: 0.0257470 seconds
393.810: [Full GC [PSYoungGen: 139264K->31098K(162304K)] [ParOldGen: 369817K->369817K(370176K)] 509081K->400916K(532480K) [PSPermGen: 13649K->13649K(21504K)], 0.0751730 secs] [Times: user=0.53 sys=0.00, real=0.08 secs] 
393.885: Total time for which application threads were stopped: 0.0758260 seconds, Stopping threads took: 0.0000870 seconds
393.914: Application time: 0.0293720 seconds
393.915: [Full GC [PSYoungGen: 139264K->31003K(162304K)] [ParOldGen: 369817K->369817K(370176K)] 509081K->400821K(532480K) [PSPermGen: 13649K->13649K(21504K)], 0.0731660 secs] [Times: user=0.51 sys=0.00, real=0.07 secs] 
393.988: Total time for which application threads were stopped: 0.0740470 seconds, Stopping threads took: 0.0002300 seconds
394.014: Application time: 0.0258820 seconds
394.015: [Full GC [PSYoungGen: 139264K->30987K(162304K)] [ParOldGen: 369817K->369817K(370176K)] 509081K->400805K(532480K) [PSPermGen: 13649K->13649K(21504K)], 0.0720780 secs] [Times: user=0.51 sys=0.00, real=0.07 secs] 
394.087: Total time for which application threads were stopped: 0.0728250 seconds, Stopping threads took: 0.0001200 seconds
394.113: Application time: 0.0261800 seconds
394.114: [Full GC [PSYoungGen: 139264K->30896K(162304K)] [ParOldGen: 369817K->369817K(370176K)] 509081K->400714K(532480K) [PSPermGen: 13649K->13649K(21504K)], 0.0720320 secs] [Times: user=0.50 sys=0.00, real=0.07 secs] 
394.186: Total time for which application threads were stopped: 0.0727530 seconds, Stopping threads took: 0.0000990 seconds
394.212: Application time: 0.0258110 seconds
394.213: [Full GC [PSYoungGen: 139264K->30879K(162304K)] [ParOldGen: 369817K->369817K(370176K)] 509081K->400697K(532480K) [PSPermGen: 13649K->13649K(21504K)], 0.0720820 secs] [Times: user=0.51 sys=0.00, real=0.07 secs] 
394.285: Total time for which application threads were stopped: 0.0727840 seconds, Stopping threads took: 0.0000660 seconds
394.305: Application time: 0.0197840 seconds
394.305: Total time for which application threads were stopped: 0.0006290 seconds, Stopping threads took: 0.0000790 seconds
394.311: Application time: 0.0058920 seconds
394.312: [Full GC [PSYoungGen: 139264K->30829K(162304K)] [ParOldGen: 369817K->369817K(370176K)] 509081K->400647K(532480K) [PSPermGen: 13649K->13649K(21504K)], 0.0718150 secs] [Times: user=0.51 sys=0.00, real=0.07 secs] 
394.384: Total time for which application threads were stopped: 0.0725020 seconds, Stopping threads took: 0.0000730 seconds
394.410: Application time: 0.0262690 seconds
394.410: [Full GC [PSYoungGen: 139264K->30839K(162304K)] [ParOldGen: 369817K->369817K(370176K)] 509081K->400657K(532480K) [PSPermGen: 13649K->13649K(21504K)], 0.0715030 secs] [Times: user=0.50 sys=0.00, real=0.07 secs] 
394.482: Total time for which application threads were stopped: 0.0722230 seconds, Stopping threads took: 0.0000940 seconds
394.508: Application time: 0.0259760 seconds
394.509: [Full GC [PSYoungGen: 139264K->30795K(162304K)] [ParOldGen: 369817K->369817K(370176K)] 509081K->400613K(532480K) [PSPermGen: 13649K->13649K(21504K)], 0.0719500 secs] [Times: user=0.51 sys=0.00, real=0.07 secs] 
394.581: Total time for which application threads were stopped: 0.0726530 seconds, Stopping threads took: 0.0001180 seconds
394.607: Application time: 0.0258710 seconds
394.607: [Full GC [PSYoungGen: 139264K->30800K(162304K)] [ParOldGen: 369817K->369817K(370176K)] 509081K->400618K(532480K) [PSPermGen: 13649K->13649K(21504K)], 0.0716590 secs] [Times: user=0.50 sys=0.00, real=0.07 secs] 
394.679: Total time for which application threads were stopped: 0.0724060 seconds, Stopping threads took: 0.0001150 seconds
394.705: Application time: 0.0261060 seconds
394.706: [Full GC [PSYoungGen: 139264K->30751K(162304K)] [ParOldGen: 369817K->369817K(370176K)] 509081K->400569K(532480K) [PSPermGen: 13649K->13649K(21504K)], 0.0722580 secs] [Times: user=0.50 sys=0.00, real=0.07 secs] 
394.778: Total time for which application threads were stopped: 0.0728820 seconds, Stopping threads took: 0.0000650 seconds
394.804: Application time: 0.0259010 seconds
394.805: [Full GC [PSYoungGen: 139264K->30760K(162304K)] [ParOldGen: 369817K->369817K(370176K)] 509081K->400578K(532480K) [PSPermGen: 13649K->13649K(21504K)], 0.0721260 secs] [Times: user=0.51 sys=0.00, real=0.07 secs] 
394.877: Total time for which application threads were stopped: 0.0728430 seconds, Stopping threads took: 0.0000820 seconds
394.902: Application time: 0.0256620 seconds
394.903: [Full GC [PSYoungGen: 139264K->30775K(162304K)] [ParOldGen: 369817K->369817K(370176K)] 509081K->400593K(532480K) [PSPermGen: 13649K->13649K(21504K)], 0.0724030 secs] [Times: user=0.51 sys=0.00, real=0.08 secs] 
394.976: Total time for which application threads were stopped: 0.0731290 seconds, Stopping threads took: 0.0000850 seconds
395.001: Application time: 0.0258000 seconds
395.002: [Full GC [PSYoungGen: 139264K->30792K(162304K)] [ParOldGen: 369817K->369817K(370176K)] 509081K->400610K(532480K) [PSPermGen: 13649K->13649K(21504K)], 0.0718310 secs] [Times: user=0.51 sys=0.00, real=0.08 secs] 
395.074: Total time for which application threads were stopped: 0.0725330 seconds, Stopping threads took: 0.0000670 seconds
395.100: Application time: 0.0257580 seconds
395.100: [Full GC [PSYoungGen: 139264K->30807K(162304K)] [ParOldGen: 369817K->369817K(370176K)] 509081K->400625K(532480K) [PSPermGen: 13649K->13649K(21504K)], 0.0726130 secs] [Times: user=0.50 sys=0.01, real=0.08 secs] 
395.173: Total time for which application threads were stopped: 0.0733280 seconds, Stopping threads took: 0.0000670 seconds
395.199: Application time: 0.0258210 seconds
395.199: [Full GC [PSYoungGen: 139264K->30821K(162304K)] [ParOldGen: 369817K->369817K(370176K)] 509081K->400639K(532480K) [PSPermGen: 13649K->13649K(21504K)], 0.0720990 secs] [Times: user=0.51 sys=0.00, real=0.07 secs] 
395.272: Total time for which application threads were stopped: 0.0727360 seconds, Stopping threads took: 0.0000680 seconds
395.297: Application time: 0.0258480 seconds
395.298: [Full GC [PSYoungGen: 139264K->30835K(162304K)] [ParOldGen: 369817K->369817K(370176K)] 509081K->400653K(532480K) [PSPermGen: 13649K->13649K(21504K)], 0.0720570 secs] [Times: user=0.51 sys=0.00, real=0.07 secs] 
395.370: Total time for which application threads were stopped: 0.0726850 seconds, Stopping threads took: 0.0000590 seconds
395.396: Application time: 0.0258300 seconds
395.397: [Full GC [PSYoungGen: 139264K->30852K(162304K)] [ParOldGen: 369817K->369817K(370176K)] 509081K->400670K(532480K) [PSPermGen: 13649K->13649K(21504K)], 0.0721030 secs] [Times: user=0.50 sys=0.00, real=0.07 secs] 
395.469: Total time for which application threads were stopped: 0.0728040 seconds, Stopping threads took: 0.0000650 seconds
395.495: Application time: 0.0259290 seconds
395.495: [Full GC [PSYoungGen: 139264K->30869K(162304K)] [ParOldGen: 369817K->369817K(370176K)] 509081K->400687K(532480K) [PSPermGen: 13649K->13649K(21504K)], 0.0717650 secs] [Times: user=0.50 sys=0.00, real=0.07 secs] 
395.567: Total time for which application threads were stopped: 0.0724340 seconds, Stopping threads took: 0.0000680 seconds
395.593: Application time: 0.0259020 seconds
395.594: [Full GC [PSYoungGen: 139264K->30884K(162304K)] [ParOldGen: 369817K->369817K(370176K)] 509081K->400702K(532480K) [PSPermGen: 13649K->13649K(21504K)], 0.0721660 secs] [Times: user=0.51 sys=0.00, real=0.07 secs] 
395.666: Total time for which application threads were stopped: 0.0728430 seconds, Stopping threads took: 0.0000550 seconds
395.692: Application time: 0.0258750 seconds
395.692: [Full GC [PSYoungGen: 139264K->30901K(162304K)] [ParOldGen: 369817K->369817K(370176K)] 509081K->400719K(532480K) [PSPermGen: 13649K->13649K(21504K)], 0.0716550 secs] [Times: user=0.50 sys=0.01, real=0.07 secs] 
395.764: Total time for which application threads were stopped: 0.0723160 seconds, Stopping threads took: 0.0000800 seconds
395.790: Application time: 0.0261730 seconds
395.791: [Full GC [PSYoungGen: 139264K->30861K(162304K)] [ParOldGen: 369817K->369817K(370176K)] 509081K->400679K(532480K) [PSPermGen: 13649K->13649K(21504K)], 0.0720480 secs] [Times: user=0.51 sys=0.00, real=0.07 secs] 
395.863: Total time for which application threads were stopped: 0.0727640 seconds, Stopping threads took: 0.0000750 seconds
395.889: Application time: 0.0257650 seconds
395.889: [Full GC [PSYoungGen: 139264K->30860K(162304K)] [ParOldGen: 369817K->369817K(370176K)] 509081K->400678K(532480K) [PSPermGen: 13649K->13649K(21504K)], 0.0724600 secs] [Times: user=0.51 sys=0.00, real=0.07 secs] 
395.962: Total time for which application threads were stopped: 0.0731430 seconds, Stopping threads took: 0.0000530 seconds
395.988: Application time: 0.0258160 seconds
395.988: [Full GC [PSYoungGen: 139264K->30876K(162304K)] [ParOldGen: 369817K->369817K(370176K)] 509081K->400694K(532480K) [PSPermGen: 13649K->13649K(21504K)], 0.0715510 secs] [Times: user=0.50 sys=0.00, real=0.07 secs] 
396.060: Total time for which application threads were stopped: 0.0721820 seconds, Stopping threads took: 0.0000600 seconds
396.086: Application time: 0.0258820 seconds
396.086: [Full GC [PSYoungGen: 139264K->30889K(162304K)] [ParOldGen: 369817K->369817K(370176K)] 509081K->400707K(532480K) [PSPermGen: 13649K->13649K(21504K)], 0.0719790 secs] [Times: user=0.51 sys=0.00, real=0.07 secs] 
396.158: Total time for which application threads were stopped: 0.0726710 seconds, Stopping threads took: 0.0000520 seconds
396.184: Application time: 0.0257770 seconds
396.185: [Full GC [PSYoungGen: 139264K->30907K(162304K)] [ParOldGen: 369817K->369817K(370176K)] 509081K->400725K(532480K) [PSPermGen: 13649K->13649K(21504K)], 0.0722910 secs] [Times: user=0.50 sys=0.00, real=0.07 secs] 
396.257: Total time for which application threads were stopped: 0.0729860 seconds, Stopping threads took: 0.0000510 seconds
396.283: Application time: 0.0257770 seconds
396.284: [Full GC [PSYoungGen: 139264K->30922K(162304K)] [ParOldGen: 369817K->369817K(370176K)] 509081K->400740K(532480K) [PSPermGen: 13649K->13649K(21504K)], 0.0718300 secs] [Times: user=0.50 sys=0.00, real=0.08 secs] 
396.356: Total time for which application threads were stopped: 0.0725700 seconds, Stopping threads took: 0.0000940 seconds
396.381: Application time: 0.0256220 seconds
396.382: [Full GC [PSYoungGen: 139264K->30938K(162304K)] [ParOldGen: 369817K->369817K(370176K)] 509081K->400756K(532480K) [PSPermGen: 13649K->13649K(21504K)], 0.0718910 secs] [Times: user=0.50 sys=0.00, real=0.08 secs] 
396.454: Total time for which application threads were stopped: 0.0725940 seconds, Stopping threads took: 0.0000730 seconds
396.479: Application time: 0.0257420 seconds
396.480: [Full GC [PSYoungGen: 139264K->30951K(162304K)] [ParOldGen: 369817K->369817K(370176K)] 509081K->400769K(532480K) [PSPermGen: 13649K->13649K(21504K)], 0.0721390 secs] [Times: user=0.51 sys=0.00, real=0.07 secs] 
396.552: Total time for which application threads were stopped: 0.0727630 seconds, Stopping threads took: 0.0000660 seconds
396.578: Application time: 0.0258440 seconds
396.579: [Full GC [PSYoungGen: 139264K->30966K(162304K)] [ParOldGen: 369817K->369817K(370176K)] 509081K->400784K(532480K) [PSPermGen: 13649K->13649K(21504K)], 0.0728770 secs] [Times: user=0.51 sys=0.00, real=0.07 secs] 
396.652: Total time for which application threads were stopped: 0.0735690 seconds, Stopping threads took: 0.0000630 seconds
396.678: Application time: 0.0258900 seconds
396.678: [Full GC [PSYoungGen: 139264K->30983K(162304K)] [ParOldGen: 369817K->369817K(370176K)] 509081K->400801K(532480K) [PSPermGen: 13649K->13649K(21504K)], 0.0749120 secs] [Times: user=0.53 sys=0.00, real=0.08 secs] 
396.753: Total time for which application threads were stopped: 0.0755630 seconds, Stopping threads took: 0.0000800 seconds
396.779: Application time: 0.0259930 seconds
396.780: [Full GC [PSYoungGen: 139264K->30999K(162304K)] [ParOldGen: 369817K->369817K(370176K)] 509081K->400817K(532480K) [PSPermGen: 13649K->13649K(21504K)], 0.0719380 secs] [Times: user=0.50 sys=0.01, real=0.07 secs] 
396.852: Total time for which application threads were stopped: 0.0725990 seconds, Stopping threads took: 0.0000850 seconds
396.877: Application time: 0.0257210 seconds
396.878: [Full GC [PSYoungGen: 139264K->31016K(162304K)] [ParOldGen: 369817K->369817K(370176K)] 509081K->400834K(532480K) [PSPermGen: 13649K->13649K(21504K)], 0.0731520 secs] [Times: user=0.51 sys=0.00, real=0.07 secs] 
396.951: Total time for which application threads were stopped: 0.0738290 seconds, Stopping threads took: 0.0000710 seconds
396.977: Application time: 0.0257420 seconds
396.978: [Full GC [PSYoungGen: 139264K->31031K(162304K)] [ParOldGen: 369817K->369817K(370176K)] 509081K->400849K(532480K) [PSPermGen: 13649K->13649K(21504K)], 0.0719800 secs] [Times: user=0.50 sys=0.00, real=0.07 secs] 
397.050: Total time for which application threads were stopped: 0.0726780 seconds, Stopping threads took: 0.0000630 seconds
397.076: Application time: 0.0259570 seconds
397.076: [Full GC [PSYoungGen: 139264K->31046K(162304K)] [ParOldGen: 369817K->369817K(370176K)] 509081K->400864K(532480K) [PSPermGen: 13649K->13649K(21504K)], 0.0723240 secs] [Times: user=0.50 sys=0.00, real=0.07 secs] 
397.149: Total time for which application threads were stopped: 0.0730310 seconds, Stopping threads took: 0.0000790 seconds
397.175: Application time: 0.0257920 seconds
397.175: [Full GC [PSYoungGen: 139264K->31060K(162304K)] [ParOldGen: 369817K->369817K(370176K)] 509081K->400878K(532480K) [PSPermGen: 13649K->13649K(21504K)], 0.0720680 secs] [Times: user=0.50 sys=0.00, real=0.07 secs] 
397.247: Total time for which application threads were stopped: 0.0727770 seconds, Stopping threads took: 0.0000830 seconds
397.273: Application time: 0.0259460 seconds
397.274: [Full GC [PSYoungGen: 139264K->31076K(162304K)] [ParOldGen: 369817K->369817K(370176K)] 509081K->400894K(532480K) [PSPermGen: 13649K->13649K(21504K)], 0.0734030 secs] [Times: user=0.51 sys=0.00, real=0.07 secs] 
397.347: Total time for which application threads were stopped: 0.0741430 seconds, Stopping threads took: 0.0001040 seconds
397.374: Application time: 0.0268840 seconds
397.375: [Full GC [PSYoungGen: 139264K->30949K(162304K)] [ParOldGen: 369817K->369817K(370176K)] 509081K->400767K(532480K) [PSPermGen: 13649K->13649K(21504K)], 0.0720240 secs] [Times: user=0.51 sys=0.00, real=0.07 secs] 
397.447: Total time for which application threads were stopped: 0.0727920 seconds, Stopping threads took: 0.0001420 seconds
397.473: Application time: 0.0261970 seconds
397.474: [Full GC [PSYoungGen: 139264K->30964K(162304K)] [ParOldGen: 369817K->369817K(370176K)] 509081K->400782K(532480K) [PSPermGen: 13649K->13649K(21504K)], 0.0721940 secs] [Times: user=0.50 sys=0.00, real=0.07 secs] 
397.546: Total time for which application threads were stopped: 0.0729000 seconds, Stopping threads took: 0.0000550 seconds
397.572: Application time: 0.0260160 seconds
397.573: [Full GC [PSYoungGen: 139264K->30929K(162304K)] [ParOldGen: 369817K->369817K(370176K)] 509081K->400747K(532480K) [PSPermGen: 13649K->13649K(21504K)], 0.0714540 secs] [Times: user=0.50 sys=0.00, real=0.06 secs] 
397.644: Total time for which application threads were stopped: 0.0721580 seconds, Stopping threads took: 0.0000660 seconds
397.670: Application time: 0.0259140 seconds
397.671: [Full GC [PSYoungGen: 139264K->30928K(162304K)] [ParOldGen: 369817K->369817K(370176K)] 509081K->400746K(532480K) [PSPermGen: 13649K->13649K(21504K)], 0.0721820 secs] [Times: user=0.51 sys=0.00, real=0.07 secs] 
397.743: Total time for which application threads were stopped: 0.0729050 seconds, Stopping threads took: 0.0000810 seconds
397.770: Application time: 0.0265600 seconds
397.770: [Full GC [PSYoungGen: 139264K->30834K(162304K)] [ParOldGen: 369817K->369817K(370176K)] 509081K->400652K(532480K) [PSPermGen: 13649K->13649K(21504K)], 0.0717020 secs] [Times: user=0.50 sys=0.00, real=0.07 secs] 
397.842: Total time for which application threads were stopped: 0.0723920 seconds, Stopping threads took: 0.0000650 seconds
397.868: Application time: 0.0258630 seconds
397.869: [Full GC [PSYoungGen: 139264K->30820K(162304K)] [ParOldGen: 369817K->369817K(370176K)] 509081K->400638K(532480K) [PSPermGen: 13649K->13649K(21504K)], 0.0717030 secs] [Times: user=0.51 sys=0.00, real=0.07 secs] 
397.940: Total time for which application threads were stopped: 0.0724290 seconds, Stopping threads took: 0.0000750 seconds
397.967: Application time: 0.0263780 seconds
397.967: [Full GC [PSYoungGen: 139264K->30836K(162304K)] [ParOldGen: 369817K->369817K(370176K)] 509081K->400653K(532480K) [PSPermGen: 13649K->13649K(21504K)], 0.0719440 secs] [Times: user=0.51 sys=0.00, real=0.07 secs] 
398.039: Total time for which application threads were stopped: 0.0726730 seconds, Stopping threads took: 0.0001050 seconds
398.066: Application time: 0.0262170 seconds
398.066: [Full GC [PSYoungGen: 139264K->30849K(162304K)] [ParOldGen: 369817K->369817K(370176K)] 509081K->400667K(532480K) [PSPermGen: 13649K->13649K(21504K)], 0.0719530 secs] [Times: user=0.51 sys=0.00, real=0.07 secs] 
398.138: Total time for which application threads were stopped: 0.0726680 seconds, Stopping threads took: 0.0000670 seconds
398.164: Application time: 0.0260590 seconds
398.165: [Full GC [PSYoungGen: 139264K->30862K(162304K)] [ParOldGen: 369817K->369817K(370176K)] 509081K->400680K(532480K) [PSPermGen: 13649K->13649K(21504K)], 0.0722070 secs] [Times: user=0.50 sys=0.00, real=0.07 secs] 
398.237: Total time for which application threads were stopped: 0.0728910 seconds, Stopping threads took: 0.0000590 seconds
398.264: Application time: 0.0264620 seconds
398.264: [Full GC [PSYoungGen: 139264K->30814K(162304K)] [ParOldGen: 369817K->369817K(370176K)] 509081K->400631K(532480K) [PSPermGen: 13649K->13649K(21504K)], 0.0719450 secs] [Times: user=0.51 sys=0.00, real=0.07 secs] 
398.336: Total time for which application threads were stopped: 0.0726160 seconds, Stopping threads took: 0.0000850 seconds
398.363: Application time: 0.0261980 seconds
398.363: [Full GC [PSYoungGen: 139264K->30826K(162304K)] [ParOldGen: 369817K->369817K(370176K)] 509081K->400644K(532480K) [PSPermGen: 13649K->13649K(21504K)], 0.0720450 secs] [Times: user=0.50 sys=0.00, real=0.08 secs] 
398.435: Total time for which application threads were stopped: 0.0727570 seconds, Stopping threads took: 0.0000850 seconds
398.462: Application time: 0.0263160 seconds
398.462: [Full GC [PSYoungGen: 139264K->30787K(162304K)] [ParOldGen: 369817K->369817K(370176K)] 509081K->400605K(532480K) [PSPermGen: 13649K->13649K(21504K)], 0.0721990 secs] [Times: user=0.51 sys=0.00, real=0.08 secs] 
398.535: Total time for which application threads were stopped: 0.0728930 seconds, Stopping threads took: 0.0000670 seconds
398.561: Application time: 0.0260790 seconds
398.561: [Full GC [PSYoungGen: 139264K->30788K(162304K)] [ParOldGen: 369817K->369817K(370176K)] 509081K->400606K(532480K) [PSPermGen: 13649K->13649K(21504K)], 0.0716630 secs] [Times: user=0.50 sys=0.00, real=0.08 secs] 
398.633: Total time for which application threads were stopped: 0.0723980 seconds, Stopping threads took: 0.0001100 seconds
398.659: Application time: 0.0260150 seconds
398.660: [Full GC [PSYoungGen: 139264K->30802K(162304K)] [ParOldGen: 369817K->369817K(370176K)] 509081K->400620K(532480K) [PSPermGen: 13649K->13649K(21504K)], 0.0718190 secs] [Times: user=0.51 sys=0.00, real=0.07 secs] 
398.732: Total time for which application threads were stopped: 0.0724670 seconds, Stopping threads took: 0.0000570 seconds
398.758: Application time: 0.0261400 seconds
398.758: [Full GC [PSYoungGen: 139264K->30819K(162304K)] [ParOldGen: 369817K->369817K(370176K)] 509081K->400637K(532480K) [PSPermGen: 13649K->13649K(21504K)], 0.0716970 secs] [Times: user=0.50 sys=0.00, real=0.07 secs] 
398.830: Total time for which application threads were stopped: 0.0723520 seconds, Stopping threads took: 0.0000780 seconds
398.856: Application time: 0.0261050 seconds
398.857: [Full GC [PSYoungGen: 139264K->30832K(162304K)] [ParOldGen: 369817K->369817K(370176K)] 509081K->400650K(532480K) [PSPermGen: 13649K->13649K(21504K)], 0.0717500 secs] [Times: user=0.50 sys=0.00, real=0.07 secs] 
398.930: Total time for which application threads were stopped: 0.0740080 seconds, Stopping threads took: 0.0000850 seconds
398.957: Application time: 0.0267110 seconds
398.957: [Full GC [PSYoungGen: 139264K->30850K(162304K)] [ParOldGen: 369817K->369817K(370176K)] 509081K->400668K(532480K) [PSPermGen: 13649K->13649K(21504K)], 0.0719770 secs] [Times: user=0.51 sys=0.00, real=0.07 secs] 
399.030: Total time for which application threads were stopped: 0.0726160 seconds, Stopping threads took: 0.0000800 seconds
399.056: Application time: 0.0260290 seconds
399.056: [Full GC [PSYoungGen: 139264K->30865K(162304K)] [ParOldGen: 369817K->369817K(370176K)] 509081K->400683K(532480K) [PSPermGen: 13649K->13649K(21504K)], 0.0717470 secs] [Times: user=0.51 sys=0.00, real=0.07 secs] 
399.128: Total time for which application threads were stopped: 0.0724650 seconds, Stopping threads took: 0.0000850 seconds
399.154: Application time: 0.0259700 seconds
399.155: [Full GC [PSYoungGen: 139264K->30882K(162304K)] [ParOldGen: 369817K->369817K(370176K)] 509081K->400700K(532480K) [PSPermGen: 13649K->13649K(21504K)], 0.0721570 secs] [Times: user=0.50 sys=0.00, real=0.07 secs] 
399.227: Total time for which application threads were stopped: 0.0728670 seconds, Stopping threads took: 0.0000710 seconds
399.253: Application time: 0.0259570 seconds
399.253: [Full GC [PSYoungGen: 139264K->30893K(162304K)] [ParOldGen: 369817K->369817K(370176K)] 509081K->400711K(532480K) [PSPermGen: 13649K->13649K(21504K)], 0.0717870 secs] [Times: user=0.51 sys=0.00, real=0.07 secs] 
399.325: Total time for which application threads were stopped: 0.0725250 seconds, Stopping threads took: 0.0000850 seconds
399.351: Application time: 0.0258050 seconds
399.352: [Full GC [PSYoungGen: 139264K->30911K(162304K)] [ParOldGen: 369817K->369817K(370176K)] 509081K->400729K(532480K) [PSPermGen: 13649K->13649K(21504K)], 0.0718630 secs] [Times: user=0.51 sys=0.00, real=0.07 secs] 
399.424: Total time for which application threads were stopped: 0.0725690 seconds, Stopping threads took: 0.0000740 seconds
399.450: Application time: 0.0259970 seconds
399.450: [Full GC [PSYoungGen: 139264K->30864K(162304K)] [ParOldGen: 369817K->369817K(370176K)] 509081K->400681K(532480K) [PSPermGen: 13649K->13649K(21504K)], 0.0717580 secs] [Times: user=0.51 sys=0.01, real=0.07 secs] 
399.522: Total time for which application threads were stopped: 0.0724380 seconds, Stopping threads took: 0.0000580 seconds
399.548: Application time: 0.0257310 seconds
399.549: [Full GC [PSYoungGen: 139264K->30874K(162304K)] [ParOldGen: 369817K->369817K(370176K)] 509081K->400692K(532480K) [PSPermGen: 13649K->13649K(21504K)], 0.0719900 secs] [Times: user=0.51 sys=0.00, real=0.07 secs] 
399.621: Total time for which application threads were stopped: 0.0727140 seconds, Stopping threads took: 0.0000770 seconds
399.646: Application time: 0.0256160 seconds
399.647: [Full GC [PSYoungGen: 139264K->30887K(162304K)] [ParOldGen: 369817K->369817K(370176K)] 509081K->400705K(532480K) [PSPermGen: 13649K->13649K(21504K)], 0.0717540 secs] [Times: user=0.50 sys=0.00, real=0.07 secs] 
399.719: Total time for which application threads were stopped: 0.0725280 seconds, Stopping threads took: 0.0001380 seconds
399.744: Application time: 0.0254190 seconds
399.745: [Full GC [PSYoungGen: 139264K->30902K(162304K)] [ParOldGen: 369817K->369817K(370176K)] 509081K->400720K(532480K) [PSPermGen: 13649K->13649K(21504K)], 0.0715030 secs] [Times: user=0.50 sys=0.00, real=0.07 secs] 
399.816: Total time for which application threads were stopped: 0.0722100 seconds, Stopping threads took: 0.0000650 seconds
399.842: Application time: 0.0256700 seconds
399.843: [Full GC [PSYoungGen: 139264K->30918K(162304K)] [ParOldGen: 369817K->369817K(370176K)] 509081K->400736K(532480K) [PSPermGen: 13649K->13649K(21504K)], 0.0717960 secs] [Times: user=0.50 sys=0.00, real=0.08 secs] 
399.915: Total time for which application threads were stopped: 0.0725480 seconds, Stopping threads took: 0.0000840 seconds
399.940: Application time: 0.0256330 seconds
399.941: [Full GC [PSYoungGen: 139264K->30932K(162304K)] [ParOldGen: 369817K->369817K(370176K)] 509081K->400750K(532480K) [PSPermGen: 13649K->13649K(21504K)], 0.0724940 secs] [Times: user=0.51 sys=0.00, real=0.08 secs] 
400.014: Total time for which application threads were stopped: 0.0732360 seconds, Stopping threads took: 0.0000910 seconds
400.039: Application time: 0.0255380 seconds
400.040: [Full GC [PSYoungGen: 139264K->30949K(162304K)] [ParOldGen: 369817K->369817K(370176K)] 509081K->400766K(532480K) [PSPermGen: 13649K->13649K(21504K)], 0.0715910 secs] [Times: user=0.51 sys=0.00, real=0.07 secs] 
400.111: Total time for which application threads were stopped: 0.0722710 seconds, Stopping threads took: 0.0000530 seconds
400.137: Application time: 0.0255930 seconds
400.138: [Full GC [PSYoungGen: 139264K->30963K(162304K)] [ParOldGen: 369817K->369817K(370176K)] 509081K->400781K(532480K) [PSPermGen: 13649K->13649K(21504K)], 0.0712710 secs] [Times: user=0.50 sys=0.00, real=0.07 secs] 
400.209: Total time for which application threads were stopped: 0.0719580 seconds, Stopping threads took: 0.0000580 seconds
400.234: Application time: 0.0254320 seconds
400.235: [Full GC [PSYoungGen: 139264K->30980K(162304K)] [ParOldGen: 369817K->369817K(370176K)] 509081K->400798K(532480K) [PSPermGen: 13649K->13649K(21504K)], 0.0716170 secs] [Times: user=0.51 sys=0.00, real=0.07 secs] 
400.307: Total time for which application threads were stopped: 0.0723010 seconds, Stopping threads took: 0.0000700 seconds
400.332: Application time: 0.0255050 seconds
400.333: [Full GC [PSYoungGen: 139264K->30994K(162304K)] [ParOldGen: 369817K->369817K(370176K)] 509081K->400812K(532480K) [PSPermGen: 13649K->13649K(21504K)], 0.0719200 secs] [Times: user=0.51 sys=0.00, real=0.07 secs] 
400.405: Total time for which application threads were stopped: 0.0726440 seconds, Stopping threads took: 0.0001060 seconds
400.430: Application time: 0.0256240 seconds
400.431: [Full GC [PSYoungGen: 139264K->31009K(162304K)] [ParOldGen: 369817K->369817K(370176K)] 509081K->400827K(532480K) [PSPermGen: 13649K->13649K(21504K)], 0.0718570 secs] [Times: user=0.51 sys=0.00, real=0.07 secs] 
400.503: Total time for which application threads were stopped: 0.0725700 seconds, Stopping threads took: 0.0000600 seconds
400.529: Application time: 0.0256310 seconds
400.529: [Full GC [PSYoungGen: 139264K->31028K(162304K)] [ParOldGen: 369817K->369817K(370176K)] 509081K->400846K(532480K) [PSPermGen: 13649K->13649K(21504K)], 0.0721580 secs] [Times: user=0.51 sys=0.00, real=0.07 secs] 
400.601: Total time for which application threads were stopped: 0.0728310 seconds, Stopping threads took: 0.0001120 seconds
400.627: Application time: 0.0257890 seconds
400.628: [Full GC [PSYoungGen: 139264K->31042K(162304K)] [ParOldGen: 369817K->369817K(370176K)] 509081K->400860K(532480K) [PSPermGen: 13649K->13649K(21504K)], 0.0737230 secs] [Times: user=0.52 sys=0.00, real=0.07 secs] 
400.702: Total time for which application threads were stopped: 0.0744250 seconds, Stopping threads took: 0.0000690 seconds
400.728: Application time: 0.0258600 seconds
400.728: [Full GC [PSYoungGen: 139264K->31060K(162304K)] [ParOldGen: 369817K->369817K(370176K)] 509081K->400878K(532480K) [PSPermGen: 13649K->13649K(21504K)], 0.0720110 secs] [Times: user=0.50 sys=0.00, real=0.07 secs] 
400.800: Total time for which application threads were stopped: 0.0726890 seconds, Stopping threads took: 0.0000460 seconds
400.826: Application time: 0.0261830 seconds
400.827: [Full GC [PSYoungGen: 139264K->31071K(162304K)] [ParOldGen: 369817K->369817K(370176K)] 509081K->400889K(532480K) [PSPermGen: 13649K->13649K(21504K)], 0.0721390 secs] [Times: user=0.51 sys=0.00, real=0.07 secs] 
400.899: Total time for which application threads were stopped: 0.0728350 seconds, Stopping threads took: 0.0001000 seconds
400.925: Application time: 0.0262210 seconds
400.926: [Full GC [PSYoungGen: 139264K->31021K(162304K)] [ParOldGen: 369817K->369817K(370176K)] 509081K->400839K(532480K) [PSPermGen: 13649K->13649K(21504K)], 0.0721020 secs] [Times: user=0.50 sys=0.00, real=0.07 secs] 
400.998: Total time for which application threads were stopped: 0.0727990 seconds, Stopping threads took: 0.0000770 seconds
401.024: Application time: 0.0262320 seconds
401.025: [Full GC [PSYoungGen: 139264K->31035K(162304K)] [ParOldGen: 369817K->369817K(370176K)] 509081K->400853K(532480K) [PSPermGen: 13649K->13649K(21504K)], 0.0722850 secs] [Times: user=0.51 sys=0.00, real=0.07 secs] 
401.098: Total time for which application threads were stopped: 0.0730060 seconds, Stopping threads took: 0.0000560 seconds
401.124: Application time: 0.0265670 seconds
401.125: [Full GC [PSYoungGen: 139264K->30994K(162304K)] [ParOldGen: 369817K->369817K(370176K)] 509081K->400812K(532480K) [PSPermGen: 13649K->13649K(21504K)], 0.0720250 secs] [Times: user=0.50 sys=0.00, real=0.07 secs] 
401.197: Total time for which application threads were stopped: 0.0727200 seconds, Stopping threads took: 0.0000640 seconds
401.223: Application time: 0.0266330 seconds
401.224: [Full GC [PSYoungGen: 139264K->30885K(162304K)] [ParOldGen: 369817K->369817K(370176K)] 509081K->400703K(532480K) [PSPermGen: 13649K->13649K(21504K)], 0.0717320 secs] [Times: user=0.50 sys=0.01, real=0.08 secs] 
401.296: Total time for which application threads were stopped: 0.0724090 seconds, Stopping threads took: 0.0000510 seconds
401.322: Application time: 0.0256790 seconds
401.322: [Full GC [PSYoungGen: 139264K->30869K(162304K)] [ParOldGen: 369817K->369817K(370176K)] 509081K->400687K(532480K) [PSPermGen: 13649K->13649K(21504K)], 0.0716680 secs] [Times: user=0.50 sys=0.00, real=0.08 secs] 
401.394: Total time for which application threads were stopped: 0.0723490 seconds, Stopping threads took: 0.0000520 seconds
401.420: Application time: 0.0258490 seconds
401.420: [Full GC [PSYoungGen: 139264K->30831K(162304K)] [ParOldGen: 369817K->369817K(370176K)] 509081K->400648K(532480K) [PSPermGen: 13649K->13649K(21504K)], 0.0717600 secs] [Times: user=0.50 sys=0.00, real=0.07 secs] 
401.492: Total time for which application threads were stopped: 0.0724290 seconds, Stopping threads took: 0.0000460 seconds
401.518: Application time: 0.0253720 seconds
401.518: [Full GC [PSYoungGen: 139264K->30829K(162304K)] [ParOldGen: 369817K->369817K(370176K)] 509081K->400647K(532480K) [PSPermGen: 13649K->13649K(21504K)], 0.0715290 secs] [Times: user=0.51 sys=0.00, real=0.07 secs] 
401.590: Total time for which application threads were stopped: 0.0721990 seconds, Stopping threads took: 0.0000540 seconds
401.615: Application time: 0.0255920 seconds
401.616: [Full GC [PSYoungGen: 139264K->30848K(162304K)] [ParOldGen: 369817K->369817K(370176K)] 509081K->400666K(532480K) [PSPermGen: 13649K->13649K(21504K)], 0.0721800 secs] [Times: user=0.51 sys=0.00, real=0.07 secs] 
401.688: Total time for which application threads were stopped: 0.0728350 seconds, Stopping threads took: 0.0000660 seconds
401.714: Application time: 0.0261050 seconds
401.715: [Full GC [PSYoungGen: 139264K->30807K(162304K)] [ParOldGen: 369817K->369817K(370176K)] 509081K->400625K(532480K) [PSPermGen: 13649K->13649K(21504K)], 0.0719970 secs] [Times: user=0.50 sys=0.00, real=0.07 secs] 
401.787: Total time for which application threads were stopped: 0.0726960 seconds, Stopping threads took: 0.0000640 seconds
401.813: Application time: 0.0258450 seconds
401.813: [Full GC [PSYoungGen: 139264K->30807K(162304K)] [ParOldGen: 369817K->369817K(370176K)] 509081K->400625K(532480K) [PSPermGen: 13649K->13649K(21504K)], 0.0712910 secs] [Times: user=0.50 sys=0.00, real=0.07 secs] 
401.885: Total time for which application threads were stopped: 0.0719730 seconds, Stopping threads took: 0.0000710 seconds
401.910: Application time: 0.0256940 seconds
401.911: [Full GC [PSYoungGen: 139264K->30822K(162304K)] [ParOldGen: 369817K->369817K(370176K)] 509081K->400640K(532480K) [PSPermGen: 13649K->13649K(21504K)], 0.0722890 secs] [Times: user=0.51 sys=0.00, real=0.07 secs] 
401.983: Total time for which application threads were stopped: 0.0729250 seconds, Stopping threads took: 0.0000660 seconds
402.009: Application time: 0.0255980 seconds
402.010: [Full GC [PSYoungGen: 139264K->30835K(162304K)] [ParOldGen: 369817K->369817K(370176K)] 509081K->400653K(532480K) [PSPermGen: 13649K->13649K(21504K)], 0.0719900 secs] [Times: user=0.51 sys=0.00, real=0.07 secs] 
402.082: Total time for which application threads were stopped: 0.0726920 seconds, Stopping threads took: 0.0000620 seconds
402.108: Application time: 0.0258820 seconds
402.108: [Full GC [PSYoungGen: 139264K->30855K(162304K)] [ParOldGen: 369817K->369817K(370176K)] 509081K->400673K(532480K) [PSPermGen: 13649K->13649K(21504K)], 0.0716280 secs] [Times: user=0.51 sys=0.00, real=0.07 secs] 
402.180: Total time for which application threads were stopped: 0.0722860 seconds, Stopping threads took: 0.0000670 seconds
402.191: Application time: 0.0106230 seconds
402.191: Total time for which application threads were stopped: 0.0005820 seconds, Stopping threads took: 0.0000840 seconds
402.207: Application time: 0.0154140 seconds
402.207: [Full GC [PSYoungGen: 139264K->30763K(162304K)] [ParOldGen: 369817K->369817K(370176K)] 509081K->400581K(532480K) [PSPermGen: 13649K->13649K(21504K)], 0.0725770 secs] [Times: user=0.51 sys=0.00, real=0.07 secs] 
402.280: Total time for which application threads were stopped: 0.0732940 seconds, Stopping threads took: 0.0000800 seconds
402.306: Application time: 0.0264060 seconds
402.307: [Full GC [PSYoungGen: 139264K->30762K(162304K)] [ParOldGen: 369817K->369817K(370176K)] 509081K->400580K(532480K) [PSPermGen: 13649K->13649K(21504K)], 0.0716880 secs] [Times: user=0.51 sys=0.00, real=0.07 secs] 
402.379: Total time for which application threads were stopped: 0.0724060 seconds, Stopping threads took: 0.0000870 seconds
402.404: Application time: 0.0257960 seconds
402.405: [Full GC [PSYoungGen: 139264K->30779K(162304K)] [ParOldGen: 369817K->369817K(370176K)] 509081K->400597K(532480K) [PSPermGen: 13649K->13649K(21504K)], 0.0720720 secs] [Times: user=0.51 sys=0.00, real=0.07 secs] 
402.477: Total time for which application threads were stopped: 0.0727610 seconds, Stopping threads took: 0.0000790 seconds
402.503: Application time: 0.0256120 seconds
402.503: [Full GC [PSYoungGen: 139264K->30792K(162304K)] [ParOldGen: 369817K->369817K(370176K)] 509081K->400610K(532480K) [PSPermGen: 13649K->13649K(21504K)], 0.0719590 secs] [Times: user=0.50 sys=0.00, real=0.08 secs] 
402.576: Total time for which application threads were stopped: 0.0726860 seconds, Stopping threads took: 0.0000960 seconds
402.601: Application time: 0.0257720 seconds
402.602: [Full GC [PSYoungGen: 139264K->30810K(162304K)] [ParOldGen: 369817K->369817K(370176K)] 509081K->400628K(532480K) [PSPermGen: 13649K->13649K(21504K)], 0.0720060 secs] [Times: user=0.50 sys=0.00, real=0.08 secs] 
402.674: Total time for which application threads were stopped: 0.0726970 seconds, Stopping threads took: 0.0000590 seconds
402.700: Application time: 0.0256970 seconds
402.700: [Full GC [PSYoungGen: 139264K->30826K(162304K)] [ParOldGen: 369817K->369817K(370176K)] 509081K->400644K(532480K) [PSPermGen: 13649K->13649K(21504K)], 0.0719030 secs] [Times: user=0.51 sys=0.00, real=0.07 secs] 
402.772: Total time for which application threads were stopped: 0.0726020 seconds, Stopping threads took: 0.0000430 seconds
402.798: Application time: 0.0258040 seconds
402.799: [Full GC [PSYoungGen: 139264K->30840K(162304K)] [ParOldGen: 369817K->369817K(370176K)] 509081K->400658K(532480K) [PSPermGen: 13649K->13649K(21504K)], 0.0719630 secs] [Times: user=0.50 sys=0.00, real=0.07 secs] 
402.871: Total time for which application threads were stopped: 0.0727000 seconds, Stopping threads took: 0.0000930 seconds
402.897: Application time: 0.0259850 seconds
402.897: [Full GC [PSYoungGen: 139264K->30857K(162304K)] [ParOldGen: 369817K->369817K(370176K)] 509081K->400675K(532480K) [PSPermGen: 13649K->13649K(21504K)], 0.0725180 secs] [Times: user=0.50 sys=0.00, real=0.07 secs] 
402.970: Total time for which application threads were stopped: 0.0732130 seconds, Stopping threads took: 0.0000590 seconds
402.988: Application time: 0.0180080 seconds
402.989: Total time for which application threads were stopped: 0.0006340 seconds, Stopping threads took: 0.0000740 seconds
402.997: Application time: 0.0084230 seconds
402.998: [Full GC [PSYoungGen: 139264K->30767K(162304K)] [ParOldGen: 369817K->369817K(370176K)] 509081K->400585K(532480K) [PSPermGen: 13649K->13649K(21504K)], 0.0717100 secs] [Times: user=0.51 sys=0.00, real=0.07 secs] 
403.070: Total time for which application threads were stopped: 0.0724340 seconds, Stopping threads took: 0.0000830 seconds
403.095: Application time: 0.0257490 seconds
403.096: [Full GC [PSYoungGen: 139264K->30766K(162304K)] [ParOldGen: 369817K->369817K(370176K)] 509081K->400584K(532480K) [PSPermGen: 13649K->13649K(21504K)], 0.0719870 secs] [Times: user=0.51 sys=0.00, real=0.07 secs] 
403.168: Total time for which application threads were stopped: 0.0726850 seconds, Stopping threads took: 0.0000630 seconds
403.194: Application time: 0.0262690 seconds
403.195: [Full GC [PSYoungGen: 139264K->30782K(162304K)] [ParOldGen: 369817K->369817K(370176K)] 509081K->400600K(532480K) [PSPermGen: 13649K->13649K(21504K)], 0.0716160 secs] [Times: user=0.51 sys=0.00, real=0.07 secs] 
403.267: Total time for which application threads were stopped: 0.0722930 seconds, Stopping threads took: 0.0000450 seconds
403.293: Application time: 0.0264630 seconds
403.294: [Full GC [PSYoungGen: 139264K->30796K(162304K)] [ParOldGen: 369817K->369817K(370176K)] 509081K->400614K(532480K) [PSPermGen: 13649K->13649K(21504K)], 0.0714670 secs] [Times: user=0.50 sys=0.00, real=0.07 secs] 
403.365: Total time for which application threads were stopped: 0.0721750 seconds, Stopping threads took: 0.0000430 seconds
403.392: Application time: 0.0264330 seconds
403.392: [Full GC [PSYoungGen: 139264K->30811K(162304K)] [ParOldGen: 369817K->369817K(370176K)] 509081K->400629K(532480K) [PSPermGen: 13649K->13649K(21504K)], 0.0718640 secs] [Times: user=0.51 sys=0.00, real=0.07 secs] 
403.464: Total time for which application threads were stopped: 0.0725580 seconds, Stopping threads took: 0.0000500 seconds
403.491: Application time: 0.0263860 seconds
403.491: [Full GC [PSYoungGen: 139264K->30827K(162304K)] [ParOldGen: 369817K->369817K(370176K)] 509081K->400645K(532480K) [PSPermGen: 13649K->13649K(21504K)], 0.0717660 secs] [Times: user=0.51 sys=0.00, real=0.07 secs] 
403.563: Total time for which application threads were stopped: 0.0724750 seconds, Stopping threads took: 0.0000730 seconds
403.590: Application time: 0.0266770 seconds
403.590: [Full GC [PSYoungGen: 139264K->30842K(162304K)] [ParOldGen: 369817K->369817K(370176K)] 509081K->400660K(532480K) [PSPermGen: 13649K->13649K(21504K)], 0.0718350 secs] [Times: user=0.50 sys=0.00, real=0.07 secs] 
403.662: Total time for which application threads were stopped: 0.0725800 seconds, Stopping threads took: 0.0000930 seconds
403.689: Application time: 0.0267210 seconds
403.690: [Full GC [PSYoungGen: 139264K->30861K(162304K)] [ParOldGen: 369817K->369817K(370176K)] 509081K->400679K(532480K) [PSPermGen: 13649K->13649K(21504K)], 0.0728090 secs] [Times: user=0.51 sys=0.00, real=0.07 secs] 
403.763: Total time for which application threads were stopped: 0.0735910 seconds, Stopping threads took: 0.0001520 seconds
403.790: Application time: 0.0274230 seconds
403.791: [Full GC [PSYoungGen: 139264K->30876K(162304K)] [ParOldGen: 369817K->369817K(370176K)] 509081K->400694K(532480K) [PSPermGen: 13649K->13649K(21504K)], 0.0717650 secs] [Times: user=0.51 sys=0.00, real=0.07 secs] 
403.862: Total time for which application threads were stopped: 0.0724670 seconds, Stopping threads took: 0.0000640 seconds
403.889: Application time: 0.0269770 seconds
403.890: [Full GC [PSYoungGen: 139264K->30887K(162304K)] [ParOldGen: 369817K->369817K(370176K)] 509081K->400705K(532480K) [PSPermGen: 13649K->13649K(21504K)], 0.0729240 secs] [Times: user=0.51 sys=0.00, real=0.07 secs] 
403.963: Total time for which application threads were stopped: 0.0736720 seconds, Stopping threads took: 0.0000760 seconds
403.964: Application time: 0.0006120 seconds
403.964: Total time for which application threads were stopped: 0.0006110 seconds, Stopping threads took: 0.0000620 seconds
403.993: Application time: 0.0288730 seconds
403.994: [Full GC [PSYoungGen: 139264K->30788K(162304K)] [ParOldGen: 369817K->369817K(370176K)] 509081K->400606K(532480K) [PSPermGen: 13649K->13649K(21504K)], 0.0721150 secs] [Times: user=0.51 sys=0.00, real=0.07 secs] 
404.066: Total time for which application threads were stopped: 0.0728170 seconds, Stopping threads took: 0.0000740 seconds
404.094: Application time: 0.0275980 seconds
404.094: [Full GC [PSYoungGen: 139264K->30588K(162304K)] [ParOldGen: 369817K->369817K(370176K)] 509081K->400406K(532480K) [PSPermGen: 13649K->13649K(21504K)], 0.0718780 secs] [Times: user=0.51 sys=0.00, real=0.07 secs] 
404.166: Total time for which application threads were stopped: 0.0725000 seconds, Stopping threads took: 0.0000990 seconds
404.184: Application time: 0.0177260 seconds
404.184: Total time for which application threads were stopped: 0.0005390 seconds, Stopping threads took: 0.0000470 seconds
404.217: Application time: 0.0326760 seconds
404.218: [Full GC [PSYoungGen: 139264K->30364K(162304K)] [ParOldGen: 369817K->369817K(370176K)] 509081K->400182K(532480K) [PSPermGen: 13649K->13649K(21504K)], 0.0724710 secs] [Times: user=0.51 sys=0.00, real=0.07 secs] 
404.290: Total time for which application threads were stopped: 0.0730540 seconds, Stopping threads took: 0.0000140 seconds
404.338: Application time: 0.0474930 seconds
404.338: Total time for which application threads were stopped: 0.0004320 seconds, Stopping threads took: 0.0000150 seconds
404.338: Application time: 0.0000430 seconds
404.338: Total time for which application threads were stopped: 0.0002060 seconds, Stopping threads took: 0.0000080 seconds
404.339: Application time: 0.0005570 seconds
404.339: Total time for which application threads were stopped: 0.0001590 seconds, Stopping threads took: 0.0000080 seconds
404.348: Application time: 0.0089450 seconds
404.348: Total time for which application threads were stopped: 0.0002290 seconds, Stopping threads took: 0.0000180 seconds
404.348: Application time: 0.0000660 seconds
404.348: Total time for which application threads were stopped: 0.0001510 seconds, Stopping threads took: 0.0000050 seconds
404.349: Application time: 0.0000500 seconds
404.349: Total time for which application threads were stopped: 0.0001300 seconds, Stopping threads took: 0.0000050 seconds
404.349: Application time: 0.0000770 seconds
404.349: Total time for which application threads were stopped: 0.0001350 seconds, Stopping threads took: 0.0000180 seconds
404.349: Application time: 0.0000710 seconds
404.349: Total time for which application threads were stopped: 0.0001290 seconds, Stopping threads took: 0.0000180 seconds
404.349: Application time: 0.0000360 seconds
404.349: Total time for which application threads were stopped: 0.0001090 seconds, Stopping threads took: 0.0000030 seconds
404.349: Application time: 0.0000350 seconds
404.349: Total time for which application threads were stopped: 0.0001060 seconds, Stopping threads took: 0.0000030 seconds
404.349: Application time: 0.0000390 seconds
404.350: Total time for which application threads were stopped: 0.0001030 seconds, Stopping threads took: 0.0000030 seconds
404.350: Application time: 0.0000440 seconds
404.350: Total time for which application threads were stopped: 0.0001010 seconds, Stopping threads took: 0.0000030 seconds
404.350: Application time: 0.0000180 seconds
404.350: Total time for which application threads were stopped: 0.0001000 seconds, Stopping threads took: 0.0000030 seconds
404.350: Application time: 0.0000130 seconds
404.350: Total time for which application threads were stopped: 0.0000970 seconds, Stopping threads took: 0.0000030 seconds
404.350: Application time: 0.0000130 seconds
404.350: Total time for which application threads were stopped: 0.0000930 seconds, Stopping threads took: 0.0000030 seconds
404.350: Application time: 0.0000120 seconds
404.350: Total time for which application threads were stopped: 0.0000740 seconds, Stopping threads took: 0.0000030 seconds
404.350: Application time: 0.0000120 seconds
404.350: Total time for which application threads were stopped: 0.0000730 seconds, Stopping threads took: 0.0000020 seconds
404.350: Application time: 0.0000120 seconds
404.350: Total time for which application threads were stopped: 0.0000730 seconds, Stopping threads took: 0.0000030 seconds
404.350: Application time: 0.0000120 seconds
404.350: Total time for which application threads were stopped: 0.0000730 seconds, Stopping threads took: 0.0000030 seconds
404.350: Application time: 0.0000120 seconds
404.350: Total time for which application threads were stopped: 0.0000730 seconds, Stopping threads took: 0.0000030 seconds
404.350: Application time: 0.0000160 seconds
404.351: Total time for which application threads were stopped: 0.0000730 seconds, Stopping threads took: 0.0000030 seconds
404.352: Application time: 0.0010880 seconds
404.352: Total time for which application threads were stopped: 0.0001530 seconds, Stopping threads took: 0.0000380 seconds
404.361: Application time: 0.0093770 seconds
404.362: Total time for which application threads were stopped: 0.0003760 seconds, Stopping threads took: 0.0000170 seconds
404.362: Application time: 0.0000820 seconds
404.362: Total time for which application threads were stopped: 0.0001490 seconds, Stopping threads took: 0.0000080 seconds
404.363: Application time: 0.0014180 seconds
404.363: Total time for which application threads were stopped: 0.0002120 seconds, Stopping threads took: 0.0000250 seconds
404.416: Application time: 0.0524620 seconds
404.416: Total time for which application threads were stopped: 0.0005220 seconds, Stopping threads took: 0.0000090 seconds
404.419: Application time: 0.0023150 seconds
404.419: Total time for which application threads were stopped: 0.0002660 seconds, Stopping threads took: 0.0000050 seconds
404.426: Application time: 0.0074800 seconds
404.427: Total time for which application threads were stopped: 0.0002800 seconds, Stopping threads took: 0.0000050 seconds
404.498: Application time: 0.0714400 seconds
404.499: Total time for which application threads were stopped: 0.0005350 seconds, Stopping threads took: 0.0000090 seconds
404.567: Application time: 0.0682320 seconds
404.567: Total time for which application threads were stopped: 0.0004880 seconds, Stopping threads took: 0.0000120 seconds
404.822: Application time: 0.2546140 seconds
404.822: Total time for which application threads were stopped: 0.0002510 seconds, Stopping threads took: 0.0000090 seconds
Heap
 PSYoungGen      total 162304K, used 115516K [0x00000000f4b00000, 0x0000000100000000, 0x0000000100000000)
  eden space 139264K, 82% used [0x00000000f4b00000,0x00000000fbbcf148,0x00000000fd300000)
  from space 23040K, 0% used [0x00000000fd300000,0x00000000fd300000,0x00000000fe980000)
  to   space 23040K, 0% used [0x00000000fe980000,0x00000000fe980000,0x0000000100000000)
 ParOldGen       total 370176K, used 369817K [0x00000000de180000, 0x00000000f4b00000, 0x00000000f4b00000)
  object space 370176K, 99% used [0x00000000de180000,0x00000000f4aa67d0,0x00000000f4b00000)
 PSPermGen       total 21504K, used 20976K [0x00000000d8f80000, 0x00000000da480000, 0x00000000de180000)
  object space 21504K, 97% used [0x00000000d8f80000,0x00000000da3fc358,0x00000000da480000)
404.822: Application time: 0.0001880 seconds
