Java HotSpot(TM) 64-Bit Server VM (24.80-b11) for linux-amd64 JRE (1.7.0_80-b15), built on Apr 10 2015 19:53:14 by "java_re" with gcc 4.3.0 20080428 (Red Hat 4.3.0-8)
Memory: 4k page, physical 8000092k(5273952k free), swap 8218620k(8218620k free)
CommandLine flags: -XX:InitialHeapSize=385659904 -XX:MaxHeapSize=385659904 -XX:MaxNewSize=127926272 -XX:MaxTenuringThreshold=6 -XX:NewSize=127926272 -XX:OldPLABSize=16 -XX:OldSize=255852544 -XX:+PrintGC -XX:+PrintGCApplicationConcurrentTime -XX:+PrintGCApplicationStoppedTime -XX:+PrintGCDetails -XX:+PrintGCTimeStamps -XX:-UseAdaptiveSizePolicy -XX:+UseCompressedOops -XX:+UseConcMarkSweepGC -XX:+UseParNewGC 
1.012: Application time: 0.9855260 seconds
1.012: Total time for which application threads were stopped: 0.0000490 seconds, Stopping threads took: 0.0000190 seconds
4.032: Application time: 3.0199310 seconds
4.032: Total time for which application threads were stopped: 0.0000660 seconds, Stopping threads took: 0.0000110 seconds
16.854: Application time: 12.8218690 seconds
16.854: Total time for which application threads were stopped: 0.0000330 seconds, Stopping threads took: 0.0000180 seconds
16.854: Application time: 0.0000770 seconds
16.854: Total time for which application threads were stopped: 0.0000230 seconds, Stopping threads took: 0.0000170 seconds
16.855: Application time: 0.0015040 seconds
16.855: Total time for which application threads were stopped: 0.0000110 seconds, Stopping threads took: 0.0000040 seconds
16.874: Application time: 0.0183340 seconds
16.874: Total time for which application threads were stopped: 0.0000430 seconds, Stopping threads took: 0.0000110 seconds
16.888: Application time: 0.0142100 seconds
16.888: [Full GC16.888: [CMS: 0K->3177K(251712K), 0.0110100 secs] 15995K->3177K(364160K), [CMS Perm : 5077K->5076K(21248K)], 0.0110710 secs] [Times: user=0.01 sys=0.00, real=0.00 secs] 
16.899: Total time for which application threads were stopped: 0.0111440 seconds, Stopping threads took: 0.0000170 seconds
16.899: Application time: 0.0000850 seconds
16.899: [Full GC16.899: [CMS: 3177K->3177K(251712K), 0.0065740 secs] 3177K->3177K(364160K), [CMS Perm : 5076K->5076K(21248K)], 0.0066130 secs] [Times: user=0.00 sys=0.00, real=0.01 secs] 
16.906: Total time for which application threads were stopped: 0.0066830 seconds, Stopping threads took: 0.0000200 seconds
16.906: Application time: 0.0001910 seconds
16.906: Total time for which application threads were stopped: 0.0001060 seconds, Stopping threads took: 0.0000720 seconds
16.906: Application time: 0.0000820 seconds
16.906: Total time for which application threads were stopped: 0.0000560 seconds, Stopping threads took: 0.0000350 seconds
16.906: Application time: 0.0000800 seconds
16.906: Total time for which application threads were stopped: 0.0000350 seconds, Stopping threads took: 0.0000270 seconds
16.906: Application time: 0.0000560 seconds
16.906: Total time for which application threads were stopped: 0.0000260 seconds, Stopping threads took: 0.0000200 seconds
16.906: Application time: 0.0000260 seconds
16.906: Total time for which application threads were stopped: 0.0000160 seconds, Stopping threads took: 0.0000120 seconds
16.906: Application time: 0.0000090 seconds
16.906: Total time for which application threads were stopped: 0.0000140 seconds, Stopping threads took: 0.0000100 seconds
16.906: Application time: 0.0000090 seconds
16.906: Total time for which application threads were stopped: 0.0000110 seconds, Stopping threads took: 0.0000080 seconds
16.906: Application time: 0.0000090 seconds
16.906: Total time for which application threads were stopped: 0.0000120 seconds, Stopping threads took: 0.0000080 seconds
16.906: Application time: 0.0000090 seconds
16.906: Total time for which application threads were stopped: 0.0000110 seconds, Stopping threads took: 0.0000080 seconds
16.906: Application time: 0.0000090 seconds
16.906: Total time for which application threads were stopped: 0.0000120 seconds, Stopping threads took: 0.0000090 seconds
16.906: Application time: 0.0000090 seconds
16.907: Total time for which application threads were stopped: 0.0000160 seconds, Stopping threads took: 0.0000130 seconds
16.907: Application time: 0.0000090 seconds
16.907: Total time for which application threads were stopped: 0.0000160 seconds, Stopping threads took: 0.0000120 seconds
16.907: Application time: 0.0000100 seconds
16.907: Total time for which application threads were stopped: 0.0000120 seconds, Stopping threads took: 0.0000090 seconds
16.907: Application time: 0.0000090 seconds
16.907: Total time for which application threads were stopped: 0.0000130 seconds, Stopping threads took: 0.0000100 seconds
16.907: Application time: 0.0000090 seconds
16.907: Total time for which application threads were stopped: 0.0000150 seconds, Stopping threads took: 0.0000120 seconds
16.907: Application time: 0.0000090 seconds
16.907: Total time for which application threads were stopped: 0.0000100 seconds, Stopping threads took: 0.0000070 seconds
16.907: Application time: 0.0000100 seconds
16.907: Total time for which application threads were stopped: 0.0000120 seconds, Stopping threads took: 0.0000080 seconds
16.907: Application time: 0.0000110 seconds
16.907: Total time for which application threads were stopped: 0.0000160 seconds, Stopping threads took: 0.0000130 seconds
16.907: Application time: 0.0000090 seconds
16.907: Total time for which application threads were stopped: 0.0000130 seconds, Stopping threads took: 0.0000090 seconds
16.907: Application time: 0.0000100 seconds
16.907: Total time for which application threads were stopped: 0.0000170 seconds, Stopping threads took: 0.0000090 seconds
16.909: Application time: 0.0025830 seconds
16.909: Total time for which application threads were stopped: 0.0000330 seconds, Stopping threads took: 0.0000250 seconds
16.910: Application time: 0.0002000 seconds
16.910: Total time for which application threads were stopped: 0.0000610 seconds, Stopping threads took: 0.0000460 seconds
16.910: Application time: 0.0005730 seconds
16.910: Total time for which application threads were stopped: 0.0000300 seconds, Stopping threads took: 0.0000150 seconds
16.918: Application time: 0.0079930 seconds
16.918: Total time for which application threads were stopped: 0.0001250 seconds, Stopping threads took: 0.0001080 seconds
17.059: Application time: 0.1402550 seconds
17.059: [GC17.059: [ParNew: 99968K->5977K(112448K), 0.0016480 secs] 103145K->9154K(364160K), 0.0016920 secs] [Times: user=0.01 sys=0.00, real=0.00 secs] 
17.061: Total time for which application threads were stopped: 0.0025210 seconds, Stopping threads took: 0.0007350 seconds
17.061: Application time: 0.0002800 seconds
17.062: Total time for which application threads were stopped: 0.0003430 seconds, Stopping threads took: 0.0003240 seconds
17.062: Application time: 0.0000230 seconds
17.063: Total time for which application threads were stopped: 0.0014400 seconds, Stopping threads took: 0.0014320 seconds
17.063: Application time: 0.0000190 seconds
17.065: Total time for which application threads were stopped: 0.0019760 seconds, Stopping threads took: 0.0019690 seconds
17.065: Application time: 0.0000150 seconds
17.065: Total time for which application threads were stopped: 0.0001250 seconds, Stopping threads took: 0.0001200 seconds
17.065: Application time: 0.0000100 seconds
17.065: Total time for which application threads were stopped: 0.0000070 seconds, Stopping threads took: 0.0000030 seconds
17.065: Application time: 0.0000330 seconds
17.066: Total time for which application threads were stopped: 0.0002610 seconds, Stopping threads took: 0.0002540 seconds
17.066: Application time: 0.0000410 seconds
17.069: Total time for which application threads were stopped: 0.0029280 seconds, Stopping threads took: 0.0029200 seconds
17.069: Application time: 0.0000320 seconds
17.069: Total time for which application threads were stopped: 0.0001130 seconds, Stopping threads took: 0.0001050 seconds
17.069: Application time: 0.0000160 seconds
17.070: Total time for which application threads were stopped: 0.0014020 seconds, Stopping threads took: 0.0013970 seconds
17.070: Application time: 0.0000220 seconds
17.070: Total time for which application threads were stopped: 0.0001720 seconds, Stopping threads took: 0.0001620 seconds
17.070: Application time: 0.0000460 seconds
17.072: Total time for which application threads were stopped: 0.0013770 seconds, Stopping threads took: 0.0013690 seconds
17.072: Application time: 0.0000230 seconds
17.072: Total time for which application threads were stopped: 0.0000260 seconds, Stopping threads took: 0.0000190 seconds
17.162: Application time: 0.0902420 seconds
17.164: [GC17.164: [ParNew: 105945K->6481K(112448K), 0.0015830 secs] 109122K->9658K(364160K), 0.0016340 secs] [Times: user=0.01 sys=0.00, real=0.00 secs] 
17.166: Total time for which application threads were stopped: 0.0035540 seconds, Stopping threads took: 0.0018480 seconds
17.255: Application time: 0.0891180 seconds
17.257: [GC17.257: [ParNew: 106449K->7384K(112448K), 0.0024070 secs] 109626K->10820K(364160K), 0.0024530 secs] [Times: user=0.01 sys=0.01, real=0.01 secs] 
17.259: Total time for which application threads were stopped: 0.0045630 seconds, Stopping threads took: 0.0020410 seconds
17.351: Application time: 0.0915060 seconds
17.352: [GC17.352: [ParNew: 107352K->6437K(112448K), 0.0021420 secs] 110788K->9873K(364160K), 0.0021870 secs] [Times: user=0.01 sys=0.01, real=0.00 secs] 
17.354: Total time for which application threads were stopped: 0.0033470 seconds, Stopping threads took: 0.0010920 seconds
17.447: Application time: 0.0932860 seconds
17.450: [GC17.450: [ParNew: 106405K->7587K(112448K), 0.0025820 secs] 109841K->11024K(364160K), 0.0026250 secs] [Times: user=0.02 sys=0.00, real=0.00 secs] 
17.453: Total time for which application threads were stopped: 0.0054130 seconds, Stopping threads took: 0.0027090 seconds
17.542: Application time: 0.0890860 seconds
17.544: [GC17.544: [ParNew: 107555K->7886K(112448K), 0.0024740 secs] 110992K->11323K(364160K), 0.0025140 secs] [Times: user=0.02 sys=0.00, real=0.00 secs] 
17.547: Total time for which application threads were stopped: 0.0047120 seconds, Stopping threads took: 0.0021330 seconds
17.643: Application time: 0.0958210 seconds
17.645: [GC17.645: [ParNew: 107854K->7719K(112448K), 0.0025440 secs] 111291K->11385K(364160K), 0.0025930 secs] [Times: user=0.01 sys=0.01, real=0.00 secs] 
17.647: Total time for which application threads were stopped: 0.0046470 seconds, Stopping threads took: 0.0019760 seconds
17.746: Application time: 0.0986070 seconds
17.748: [GC17.748: [ParNew: 107687K->7295K(112448K), 0.0024340 secs] 111353K->10962K(364160K), 0.0024750 secs] [Times: user=0.01 sys=0.01, real=0.00 secs] 
17.751: Total time for which application threads were stopped: 0.0046940 seconds, Stopping threads took: 0.0021530 seconds
17.842: Application time: 0.0912440 seconds
17.845: [GC17.845: [ParNew: 107263K->6455K(112448K), 0.0022620 secs] 110930K->10122K(364160K), 0.0023000 secs] [Times: user=0.01 sys=0.00, real=0.00 secs] 
17.847: Total time for which application threads were stopped: 0.0053420 seconds, Stopping threads took: 0.0029730 seconds
17.939: Application time: 0.0914830 seconds
17.941: [GC17.941: [ParNew: 106423K->7451K(112448K), 0.0024630 secs] 110090K->11118K(364160K), 0.0025080 secs] [Times: user=0.02 sys=0.00, real=0.00 secs] 
17.943: Total time for which application threads were stopped: 0.0045050 seconds, Stopping threads took: 0.0019150 seconds
18.033: Application time: 0.0894900 seconds
18.035: [GC18.035: [ParNew: 107419K->6958K(112448K), 0.0025470 secs] 111086K->10626K(364160K), 0.0025940 secs] [Times: user=0.02 sys=0.00, real=0.00 secs] 
18.037: Total time for which application threads were stopped: 0.0047040 seconds, Stopping threads took: 0.0020210 seconds
18.126: Application time: 0.0886520 seconds
18.129: [GC18.129: [ParNew: 106926K->5947K(112448K), 0.0020030 secs] 110594K->9814K(364160K), 0.0020470 secs] [Times: user=0.01 sys=0.01, real=0.00 secs] 
18.131: Total time for which application threads were stopped: 0.0047750 seconds, Stopping threads took: 0.0026390 seconds
18.223: Application time: 0.0921930 seconds
18.225: [GC18.225: [ParNew: 105915K->6251K(112448K), 0.0020530 secs] 109782K->10118K(364160K), 0.0021020 secs] [Times: user=0.01 sys=0.00, real=0.00 secs] 
18.227: Total time for which application threads were stopped: 0.0042360 seconds, Stopping threads took: 0.0020640 seconds
18.319: Application time: 0.0914690 seconds
18.320: [GC18.320: [ParNew: 106219K->7076K(112448K), 0.0022680 secs] 110086K->10971K(364160K), 0.0023150 secs] [Times: user=0.01 sys=0.00, real=0.00 secs] 
18.323: Total time for which application threads were stopped: 0.0040890 seconds, Stopping threads took: 0.0017030 seconds
18.411: Application time: 0.0883420 seconds
18.413: [GC18.413: [ParNew: 107044K->7405K(112448K), 0.0023430 secs] 110939K->11301K(364160K), 0.0023900 secs] [Times: user=0.02 sys=0.00, real=0.00 secs] 
18.416: Total time for which application threads were stopped: 0.0044760 seconds, Stopping threads took: 0.0020160 seconds
18.505: Application time: 0.0894090 seconds
18.507: [GC18.507: [ParNew: 107373K->6214K(112448K), 0.0019520 secs] 111269K->10110K(364160K), 0.0019960 secs] [Times: user=0.01 sys=0.00, real=0.01 secs] 
18.509: Total time for which application threads were stopped: 0.0040830 seconds, Stopping threads took: 0.0020130 seconds
18.603: Application time: 0.0939380 seconds
18.604: [GC18.604: [ParNew: 106182K->6165K(112448K), 0.0020850 secs] 110078K->10061K(364160K), 0.0021270 secs] [Times: user=0.02 sys=0.00, real=0.00 secs] 
18.607: Total time for which application threads were stopped: 0.0035510 seconds, Stopping threads took: 0.0013280 seconds
18.695: Application time: 0.0884180 seconds
18.697: [GC18.697: [ParNew: 106133K->7183K(112448K), 0.0026390 secs] 110029K->11079K(364160K), 0.0026830 secs] [Times: user=0.02 sys=0.00, real=0.01 secs] 
18.700: Total time for which application threads were stopped: 0.0048230 seconds, Stopping threads took: 0.0020490 seconds
18.794: Application time: 0.0946250 seconds
18.796: [GC18.796: [ParNew: 107151K->7078K(112448K), 0.0025420 secs] 111047K->11202K(364160K), 0.0025890 secs] [Times: user=0.02 sys=0.00, real=0.00 secs] 
18.799: Total time for which application threads were stopped: 0.0043210 seconds, Stopping threads took: 0.0016520 seconds
18.891: Application time: 0.0921560 seconds
18.894: [GC18.894: [ParNew: 107046K->6060K(112448K), 0.0020590 secs] 111170K->10184K(364160K), 0.0021040 secs] [Times: user=0.01 sys=0.00, real=0.00 secs] 
18.896: Total time for which application threads were stopped: 0.0050350 seconds, Stopping threads took: 0.0028630 seconds
18.988: Application time: 0.0925710 seconds
18.991: [GC18.991: [ParNew: 106028K->7017K(112448K), 0.0022870 secs] 110152K->11141K(364160K), 0.0023300 secs] [Times: user=0.01 sys=0.00, real=0.00 secs] 
18.993: Total time for which application threads were stopped: 0.0049870 seconds, Stopping threads took: 0.0025850 seconds
19.087: Application time: 0.0931240 seconds
19.088: [GC19.088: [ParNew: 106985K->5203K(112448K), 0.0018490 secs] 111109K->9498K(364160K), 0.0018880 secs] [Times: user=0.01 sys=0.00, real=0.00 secs] 
19.090: Total time for which application threads were stopped: 0.0035260 seconds, Stopping threads took: 0.0015690 seconds
19.179: Application time: 0.0889440 seconds
19.181: [GC19.181: [ParNew: 105171K->6976K(112448K), 0.0023850 secs] 109466K->11271K(364160K), 0.0024290 secs] [Times: user=0.01 sys=0.01, real=0.00 secs] 
19.183: Total time for which application threads were stopped: 0.0039800 seconds, Stopping threads took: 0.0014700 seconds
19.274: Application time: 0.0905430 seconds
19.276: [GC19.276: [ParNew: 106944K->7872K(112448K), 0.0025390 secs] 111239K->12225K(364160K), 0.0025840 secs] [Times: user=0.02 sys=0.00, real=0.00 secs] 
19.279: Total time for which application threads were stopped: 0.0054010 seconds, Stopping threads took: 0.0027440 seconds
19.369: Application time: 0.0903630 seconds
19.372: [GC19.372: [ParNew: 107840K->7824K(112448K), 0.0024850 secs] 112193K->12176K(364160K), 0.0025300 secs] [Times: user=0.02 sys=0.00, real=0.00 secs] 
19.375: Total time for which application threads were stopped: 0.0055350 seconds, Stopping threads took: 0.0029360 seconds
19.465: Application time: 0.0901440 seconds
19.468: [GC19.468: [ParNew: 107792K->6933K(112448K), 0.0022630 secs] 112144K->11285K(364160K), 0.0023180 secs] [Times: user=0.01 sys=0.00, real=0.00 secs] 
19.470: Total time for which application threads were stopped: 0.0052640 seconds, Stopping threads took: 0.0028760 seconds
19.561: Application time: 0.0908570 seconds
19.564: [GC19.564: [ParNew: 106901K->7402K(112448K), 0.0025170 secs] 111253K->11897K(364160K), 0.0025630 secs] [Times: user=0.02 sys=0.00, real=0.00 secs] 
19.566: Total time for which application threads were stopped: 0.0052730 seconds, Stopping threads took: 0.0026280 seconds
19.655: Application time: 0.0889020 seconds
19.657: [GC19.657: [ParNew: 107370K->7141K(112448K), 0.0023250 secs] 111865K->11721K(364160K), 0.0023730 secs] [Times: user=0.02 sys=0.00, real=0.01 secs] 
19.660: Total time for which application threads were stopped: 0.0042450 seconds, Stopping threads took: 0.0018030 seconds
19.749: Application time: 0.0890390 seconds
19.751: [GC19.751: [ParNew: 107109K->6213K(112448K), 0.0019910 secs] 111689K->10794K(364160K), 0.0020380 secs] [Times: user=0.01 sys=0.00, real=0.00 secs] 
19.753: Total time for which application threads were stopped: 0.0047190 seconds, Stopping threads took: 0.0025940 seconds
19.842: Application time: 0.0890860 seconds
19.845: [GC19.845: [ParNew: 106181K->7585K(112448K), 0.0024110 secs] 110762K->12165K(364160K), 0.0024550 secs] [Times: user=0.02 sys=0.00, real=0.00 secs] 
19.847: Total time for which application threads were stopped: 0.0046480 seconds, Stopping threads took: 0.0021220 seconds
19.938: Application time: 0.0911740 seconds
19.940: [GC19.940: [ParNew: 107553K->6690K(112448K), 0.0022700 secs] 112133K->11270K(364160K), 0.0023100 secs] [Times: user=0.01 sys=0.00, real=0.00 secs] 
19.943: Total time for which application threads were stopped: 0.0045190 seconds, Stopping threads took: 0.0021390 seconds
20.039: Application time: 0.0964400 seconds
20.040: [GC20.040: [ParNew: 106658K->3557K(112448K), 0.0011710 secs] 111238K->8166K(364160K), 0.0012080 secs] [Times: user=0.00 sys=0.00, real=0.00 secs] 
20.041: Total time for which application threads were stopped: 0.0016400 seconds, Stopping threads took: 0.0003640 seconds
20.140: Application time: 0.0987700 seconds
20.143: [GC20.143: [ParNew: 103525K->6483K(112448K), 0.0020590 secs] 108134K->11091K(364160K), 0.0021020 secs] [Times: user=0.02 sys=0.00, real=0.00 secs] 
20.145: Total time for which application threads were stopped: 0.0049790 seconds, Stopping threads took: 0.0028080 seconds
20.239: Application time: 0.0939450 seconds
20.240: [GC20.240: [ParNew: 106451K->5486K(112448K), 0.0018500 secs] 111059K->10294K(364160K), 0.0018920 secs] [Times: user=0.01 sys=0.00, real=0.00 secs] 
20.242: Total time for which application threads were stopped: 0.0036900 seconds, Stopping threads took: 0.0017290 seconds
20.336: Application time: 0.0938730 seconds
20.340: [GC20.340: [ParNew: 105454K->6554K(112448K), 0.0023480 secs] 110262K->11362K(364160K), 0.0023940 secs] [Times: user=0.01 sys=0.00, real=0.00 secs] 
20.342: Total time for which application threads were stopped: 0.0058460 seconds, Stopping threads took: 0.0033700 seconds
20.430: Application time: 0.0883990 seconds
20.433: [GC20.433: [ParNew: 106522K->7717K(112448K), 0.0025110 secs] 111330K->12526K(364160K), 0.0025560 secs] [Times: user=0.02 sys=0.00, real=0.00 secs] 
20.435: Total time for which application threads were stopped: 0.0048560 seconds, Stopping threads took: 0.0022190 seconds
20.524: Application time: 0.0888810 seconds
20.527: [GC20.527: [ParNew: 107685K->6718K(112448K), 0.0022230 secs] 112494K->11555K(364160K), 0.0022700 secs] [Times: user=0.02 sys=0.00, real=0.01 secs] 
20.530: Total time for which application threads were stopped: 0.0054170 seconds, Stopping threads took: 0.0030770 seconds
20.619: Application time: 0.0892360 seconds
20.621: [GC20.622: [ParNew: 106686K->6244K(112448K), 0.0021770 secs] 111523K->11253K(364160K), 0.0022250 secs] [Times: user=0.01 sys=0.00, real=0.00 secs] 
20.624: Total time for which application threads were stopped: 0.0049560 seconds, Stopping threads took: 0.0026360 seconds
20.714: Application time: 0.0906200 seconds
20.717: [GC20.717: [ParNew: 106212K->5715K(112448K), 0.0018240 secs] 111221K->10723K(364160K), 0.0018700 secs] [Times: user=0.01 sys=0.00, real=0.00 secs] 
20.719: Total time for which application threads were stopped: 0.0046060 seconds, Stopping threads took: 0.0026670 seconds
20.808: Application time: 0.0886070 seconds
20.809: [GC20.809: [ParNew: 105683K->6362K(112448K), 0.0021750 secs] 110691K->11371K(364160K), 0.0022220 secs] [Times: user=0.01 sys=0.00, real=0.00 secs] 
20.812: Total time for which application threads were stopped: 0.0040470 seconds, Stopping threads took: 0.0017550 seconds
20.903: Application time: 0.0912360 seconds
20.905: [GC20.906: [ParNew: 106330K->7305K(112448K), 0.0023640 secs] 111339K->12342K(364160K), 0.0024100 secs] [Times: user=0.01 sys=0.00, real=0.01 secs] 
20.908: Total time for which application threads were stopped: 0.0050470 seconds, Stopping threads took: 0.0025480 seconds
20.998: Application time: 0.0897870 seconds
21.000: [GC21.000: [ParNew: 107273K->7371K(112448K), 0.0023700 secs] 112310K->12407K(364160K), 0.0024120 secs] [Times: user=0.02 sys=0.00, real=0.00 secs] 
21.003: Total time for which application threads were stopped: 0.0049250 seconds, Stopping threads took: 0.0024460 seconds
21.095: Application time: 0.0927480 seconds
21.097: [GC21.097: [ParNew: 107339K->6461K(112448K), 0.0022200 secs] 112375K->11697K(364160K), 0.0022620 secs] [Times: user=0.02 sys=0.00, real=0.00 secs] 
21.099: Total time for which application threads were stopped: 0.0038080 seconds, Stopping threads took: 0.0014680 seconds
21.187: Application time: 0.0876520 seconds
21.190: [GC21.190: [ParNew: 106429K->7256K(112448K), 0.0023150 secs] 111665K->12521K(364160K), 0.0023610 secs] [Times: user=0.02 sys=0.00, real=0.00 secs] 
21.192: Total time for which application threads were stopped: 0.0050980 seconds, Stopping threads took: 0.0026680 seconds
21.283: Application time: 0.0910480 seconds
21.285: [GC21.285: [ParNew: 107224K->7121K(112448K), 0.0025120 secs] 112489K->12386K(364160K), 0.0025550 secs] [Times: user=0.02 sys=0.00, real=0.01 secs] 
21.288: Total time for which application threads were stopped: 0.0047450 seconds, Stopping threads took: 0.0021220 seconds
21.380: Application time: 0.0921940 seconds
21.381: [GC21.381: [ParNew: 107089K->6972K(112448K), 0.0024810 secs] 112354K->12237K(364160K), 0.0025270 secs] [Times: user=0.02 sys=0.00, real=0.00 secs] 
21.384: Total time for which application threads were stopped: 0.0036280 seconds, Stopping threads took: 0.0010070 seconds
21.477: Application time: 0.0933620 seconds
21.478: [GC21.479: [ParNew: 106940K->7637K(112448K), 0.0025110 secs] 112205K->12902K(364160K), 0.0025550 secs] [Times: user=0.01 sys=0.00, real=0.01 secs] 
21.481: Total time for which application threads were stopped: 0.0041360 seconds, Stopping threads took: 0.0014800 seconds
21.578: Application time: 0.0970770 seconds
21.581: [GC21.581: [ParNew: 107605K->5887K(112448K), 0.0020710 secs] 112870K->11351K(364160K), 0.0021190 secs] [Times: user=0.01 sys=0.00, real=0.00 secs] 
21.584: Total time for which application threads were stopped: 0.0054480 seconds, Stopping threads took: 0.0032590 seconds
21.679: Application time: 0.0952630 seconds
21.681: [GC21.681: [ParNew: 105855K->7305K(112448K), 0.0024130 secs] 111319K->12770K(364160K), 0.0024550 secs] [Times: user=0.01 sys=0.00, real=0.00 secs] 
21.683: Total time for which application threads were stopped: 0.0043740 seconds, Stopping threads took: 0.0018470 seconds
21.779: Application time: 0.0953120 seconds
21.782: [GC21.782: [ParNew: 107273K->7395K(112448K), 0.0024210 secs] 112738K->12888K(364160K), 0.0024740 secs] [Times: user=0.02 sys=0.00, real=0.00 secs] 
21.784: Total time for which application threads were stopped: 0.0054790 seconds, Stopping threads took: 0.0029320 seconds
21.881: Application time: 0.0970870 seconds
21.883: [GC21.883: [ParNew: 107363K->7072K(112448K), 0.0022670 secs] 112856K->12565K(364160K), 0.0023110 secs] [Times: user=0.02 sys=0.00, real=0.00 secs] 
21.885: Total time for which application threads were stopped: 0.0041620 seconds, Stopping threads took: 0.0017620 seconds
21.980: Application time: 0.0945430 seconds
21.981: [GC21.981: [ParNew: 107040K->6536K(112448K), 0.0023160 secs] 112533K->12029K(364160K), 0.0023620 secs] [Times: user=0.02 sys=0.00, real=0.00 secs] 
21.984: Total time for which application threads were stopped: 0.0039790 seconds, Stopping threads took: 0.0015380 seconds
22.077: Application time: 0.0934370 seconds
22.080: [GC22.080: [ParNew: 106504K->7395K(112448K), 0.0025940 secs] 111997K->13059K(364160K), 0.0026390 secs] [Times: user=0.01 sys=0.00, real=0.00 secs] 
22.083: Total time for which application threads were stopped: 0.0053360 seconds, Stopping threads took: 0.0026240 seconds
22.176: Application time: 0.0938820 seconds
22.179: [GC22.179: [ParNew: 107363K->7410K(112448K), 0.0025850 secs] 113027K->13103K(364160K), 0.0026310 secs] [Times: user=0.02 sys=0.00, real=0.00 secs] 
22.182: Total time for which application threads were stopped: 0.0056150 seconds, Stopping threads took: 0.0029110 seconds
22.275: Application time: 0.0932790 seconds
22.278: [GC22.278: [ParNew: 107378K->7122K(112448K), 0.0024500 secs] 113071K->12843K(364160K), 0.0024960 secs] [Times: user=0.02 sys=0.00, real=0.01 secs] 
22.280: Total time for which application threads were stopped: 0.0050080 seconds, Stopping threads took: 0.0024390 seconds
22.376: Application time: 0.0953420 seconds
22.379: [GC22.379: [ParNew: 107090K->6151K(112448K), 0.0021320 secs] 112811K->11872K(364160K), 0.0021820 secs] [Times: user=0.01 sys=0.00, real=0.01 secs] 
22.381: Total time for which application threads were stopped: 0.0050610 seconds, Stopping threads took: 0.0028020 seconds
22.475: Application time: 0.0942740 seconds
22.477: [GC22.477: [ParNew: 106119K->7216K(112448K), 0.0027520 secs] 111840K->12937K(364160K), 0.0027950 secs] [Times: user=0.02 sys=0.00, real=0.01 secs] 
22.480: Total time for which application threads were stopped: 0.0045750 seconds, Stopping threads took: 0.0017090 seconds
22.575: Application time: 0.0957720 seconds
22.578: [GC22.578: [ParNew: 107184K->6896K(112448K), 0.0024370 secs] 112905K->12759K(364160K), 0.0024830 secs] [Times: user=0.02 sys=0.00, real=0.01 secs] 
22.581: Total time for which application threads were stopped: 0.0053710 seconds, Stopping threads took: 0.0028070 seconds
22.674: Application time: 0.0935540 seconds
22.677: [GC22.677: [ParNew: 106864K->6645K(112448K), 0.0022700 secs] 112727K->12566K(364160K), 0.0023150 secs] [Times: user=0.02 sys=0.00, real=0.00 secs] 
22.679: Total time for which application threads were stopped: 0.0046520 seconds, Stopping threads took: 0.0022560 seconds
22.774: Application time: 0.0952990 seconds
22.777: [GC22.777: [ParNew: 106613K->7199K(112448K), 0.0024680 secs] 112534K->13148K(364160K), 0.0025140 secs] [Times: user=0.02 sys=0.01, real=0.00 secs] 
22.779: Total time for which application threads were stopped: 0.0049350 seconds, Stopping threads took: 0.0023260 seconds
22.873: Application time: 0.0936130 seconds
22.875: [GC22.875: [ParNew: 107167K->7387K(112448K), 0.0025440 secs] 113116K->13336K(364160K), 0.0025960 secs] [Times: user=0.02 sys=0.00, real=0.00 secs] 
22.878: Total time for which application threads were stopped: 0.0049860 seconds, Stopping threads took: 0.0023190 seconds
22.972: Application time: 0.0938280 seconds
22.974: [GC22.974: [ParNew: 107355K->7148K(112448K), 0.0026150 secs] 113304K->13097K(364160K), 0.0026600 secs] [Times: user=0.02 sys=0.00, real=0.00 secs] 
22.977: Total time for which application threads were stopped: 0.0049660 seconds, Stopping threads took: 0.0022110 seconds
23.070: Application time: 0.0932840 seconds
23.072: [GC23.072: [ParNew: 107116K->5808K(112448K), 0.0019780 secs] 113065K->11814K(364160K), 0.0020240 secs] [Times: user=0.02 sys=0.00, real=0.00 secs] 
23.074: Total time for which application threads were stopped: 0.0037910 seconds, Stopping threads took: 0.0016750 seconds
23.169: Application time: 0.0954260 seconds
23.171: [GC23.171: [ParNew: 105776K->6662K(112448K), 0.0023400 secs] 111782K->12669K(364160K), 0.0023960 secs] [Times: user=0.01 sys=0.00, real=0.00 secs] 
23.173: Total time for which application threads were stopped: 0.0041050 seconds, Stopping threads took: 0.0016280 seconds
23.270: Application time: 0.0969360 seconds
23.273: [GC23.273: [ParNew: 106630K->7309K(112448K), 0.0025330 secs] 112637K->13486K(364160K), 0.0025770 secs] [Times: user=0.02 sys=0.00, real=0.00 secs] 
23.275: Total time for which application threads were stopped: 0.0051210 seconds, Stopping threads took: 0.0024530 seconds
23.369: Application time: 0.0935670 seconds
23.372: [GC23.372: [ParNew: 107277K->7369K(112448K), 0.0024470 secs] 113454K->13546K(364160K), 0.0024930 secs] [Times: user=0.01 sys=0.00, real=0.00 secs] 
23.375: Total time for which application threads were stopped: 0.0057150 seconds, Stopping threads took: 0.0031500 seconds
23.468: Application time: 0.0933430 seconds
23.469: [GC23.470: [ParNew: 107337K->6470K(112448K), 0.0021890 secs] 113514K->12648K(364160K), 0.0022330 secs] [Times: user=0.02 sys=0.00, real=0.00 secs] 
23.472: Total time for which application threads were stopped: 0.0037760 seconds, Stopping threads took: 0.0014740 seconds
23.567: Application time: 0.0951790 seconds
23.568: [GC23.568: [ParNew: 106438K->7163K(112448K), 0.0024220 secs] 112616K->13397K(364160K), 0.0024730 secs] [Times: user=0.02 sys=0.00, real=0.00 secs] 
23.570: Total time for which application threads were stopped: 0.0030940 seconds, Stopping threads took: 0.0005470 seconds
23.667: Application time: 0.0969750 seconds
23.669: [GC23.669: [ParNew: 107131K->7083K(112448K), 0.0024080 secs] 113365K->13460K(364160K), 0.0024530 secs] [Times: user=0.02 sys=0.01, real=0.00 secs] 
23.671: Total time for which application threads were stopped: 0.0040720 seconds, Stopping threads took: 0.0015470 seconds
23.767: Application time: 0.0959520 seconds
23.769: [GC23.769: [ParNew: 107051K->6148K(112448K), 0.0020280 secs] 113428K->12554K(364160K), 0.0020720 secs] [Times: user=0.01 sys=0.00, real=0.00 secs] 
23.771: Total time for which application threads were stopped: 0.0038620 seconds, Stopping threads took: 0.0017120 seconds
23.868: Application time: 0.0969780 seconds
23.871: [GC23.871: [ParNew: 106116K->6542K(112448K), 0.0020640 secs] 112522K->12948K(364160K), 0.0021110 secs] [Times: user=0.02 sys=0.00, real=0.00 secs] 
23.873: Total time for which application threads were stopped: 0.0053650 seconds, Stopping threads took: 0.0031840 seconds
23.972: Application time: 0.0984930 seconds
23.974: [GC23.974: [ParNew: 106510K->6489K(112448K), 0.0021580 secs] 112916K->12894K(364160K), 0.0022020 secs] [Times: user=0.02 sys=0.00, real=0.00 secs] 
23.976: Total time for which application threads were stopped: 0.0041160 seconds, Stopping threads took: 0.0018480 seconds
24.071: Application time: 0.0950900 seconds
24.072: [GC24.072: [ParNew: 106457K->6655K(112448K), 0.0021850 secs] 112862K->13060K(364160K), 0.0022290 secs] [Times: user=0.02 sys=0.00, real=0.00 secs] 
24.074: Total time for which application threads were stopped: 0.0034440 seconds, Stopping threads took: 0.0011500 seconds
24.167: Application time: 0.0930460 seconds
24.170: [GC24.170: [ParNew: 106623K->7226K(112448K), 0.0024290 secs] 113028K->13831K(364160K), 0.0024760 secs] [Times: user=0.02 sys=0.00, real=0.00 secs] 
24.172: Total time for which application threads were stopped: 0.0049420 seconds, Stopping threads took: 0.0023720 seconds
24.269: Application time: 0.0970900 seconds
24.271: [GC24.271: [ParNew: 107194K->5859K(112448K), 0.0023010 secs] 113799K->12493K(364160K), 0.0023430 secs] [Times: user=0.02 sys=0.00, real=0.00 secs] 
24.274: Total time for which application threads were stopped: 0.0041850 seconds, Stopping threads took: 0.0017550 seconds
24.372: Application time: 0.0984480 seconds
24.374: [GC24.374: [ParNew: 105827K->6041K(112448K), 0.0020500 secs] 112461K->12675K(364160K), 0.0020960 secs] [Times: user=0.01 sys=0.00, real=0.00 secs] 
24.376: Total time for which application threads were stopped: 0.0037490 seconds, Stopping threads took: 0.0015720 seconds
24.477: Application time: 0.1011010 seconds
24.479: [GC24.479: [ParNew: 106009K->5855K(112448K), 0.0019110 secs] 112643K->12489K(364160K), 0.0019570 secs] [Times: user=0.02 sys=0.00, real=0.00 secs] 
24.481: Total time for which application threads were stopped: 0.0044280 seconds, Stopping threads took: 0.0023800 seconds
24.577: Application time: 0.0954570 seconds
24.579: [GC24.579: [ParNew: 105823K->7365K(112448K), 0.0024820 secs] 112457K->13999K(364160K), 0.0025280 secs] [Times: user=0.02 sys=0.00, real=0.01 secs] 
24.581: Total time for which application threads were stopped: 0.0043840 seconds, Stopping threads took: 0.0017650 seconds
24.675: Application time: 0.0940910 seconds
24.678: [GC24.678: [ParNew: 107333K->7131K(112448K), 0.0024900 secs] 113967K->13936K(364160K), 0.0025380 secs] [Times: user=0.02 sys=0.00, real=0.01 secs] 
24.681: Total time for which application threads were stopped: 0.0052870 seconds, Stopping threads took: 0.0026760 seconds
24.775: Application time: 0.0948660 seconds
24.778: [GC24.778: [ParNew: 107099K->6204K(112448K), 0.0020380 secs] 113904K->13038K(364160K), 0.0020840 secs] [Times: user=0.02 sys=0.00, real=0.01 secs] 
24.780: Total time for which application threads were stopped: 0.0048460 seconds, Stopping threads took: 0.0026790 seconds
24.876: Application time: 0.0952720 seconds
24.878: [GC24.878: [ParNew: 106172K->7100K(112448K), 0.0022870 secs] 113006K->13934K(364160K), 0.0023350 secs] [Times: user=0.02 sys=0.00, real=0.01 secs] 
24.881: Total time for which application threads were stopped: 0.0050290 seconds, Stopping threads took: 0.0026210 seconds
24.976: Application time: 0.0948920 seconds
24.978: [GC24.978: [ParNew: 107068K->7114K(112448K), 0.0023410 secs] 113902K->13976K(364160K), 0.0023870 secs] [Times: user=0.02 sys=0.00, real=0.01 secs] 
24.981: Total time for which application threads were stopped: 0.0053250 seconds, Stopping threads took: 0.0028690 seconds
25.073: Application time: 0.0918320 seconds
25.075: [GC25.075: [ParNew: 107082K->6895K(112448K), 0.0022540 secs] 113944K->13757K(364160K), 0.0023030 secs] [Times: user=0.02 sys=0.00, real=0.00 secs] 
25.077: Total time for which application threads were stopped: 0.0046450 seconds, Stopping threads took: 0.0022760 seconds
25.171: Application time: 0.0933690 seconds
25.172: [GC25.172: [ParNew: 106863K->6851K(112448K), 0.0023600 secs] 113725K->13856K(364160K), 0.0024070 secs] [Times: user=0.02 sys=0.00, real=0.00 secs] 
25.175: Total time for which application threads were stopped: 0.0038060 seconds, Stopping threads took: 0.0013230 seconds
25.269: Application time: 0.0945380 seconds
25.272: [GC25.272: [ParNew: 106819K->6718K(112448K), 0.0023390 secs] 113824K->13780K(364160K), 0.0023810 secs] [Times: user=0.02 sys=0.00, real=0.00 secs] 
25.274: Total time for which application threads were stopped: 0.0053330 seconds, Stopping threads took: 0.0028820 seconds
25.368: Application time: 0.0934890 seconds
25.371: [GC25.371: [ParNew: 106686K->7606K(112448K), 0.0025560 secs] 113748K->14697K(364160K), 0.0026020 secs] [Times: user=0.02 sys=0.00, real=0.00 secs] 
25.373: Total time for which application threads were stopped: 0.0053400 seconds, Stopping threads took: 0.0026380 seconds
25.463: Application time: 0.0893240 seconds
25.465: [GC25.465: [ParNew: 107574K->6743K(112448K), 0.0025000 secs] 114665K->13833K(364160K), 0.0025430 secs] [Times: user=0.01 sys=0.00, real=0.01 secs] 
25.468: Total time for which application threads were stopped: 0.0052320 seconds, Stopping threads took: 0.0026170 seconds
25.563: Application time: 0.0952390 seconds
25.565: [GC25.565: [ParNew: 106711K->6505K(112448K), 0.0021540 secs] 113801K->13596K(364160K), 0.0021990 secs] [Times: user=0.01 sys=0.00, real=0.00 secs] 
25.567: Total time for which application threads were stopped: 0.0037620 seconds, Stopping threads took: 0.0014910 seconds
25.657: Application time: 0.0898890 seconds
25.658: [GC25.658: [ParNew: 106473K->5380K(112448K), 0.0020530 secs] 113564K->12612K(364160K), 0.0021010 secs] [Times: user=0.01 sys=0.00, real=0.01 secs] 
25.660: Total time for which application threads were stopped: 0.0035270 seconds, Stopping threads took: 0.0013560 seconds
25.752: Application time: 0.0920240 seconds
25.755: [GC25.755: [ParNew: 105348K->7905K(112448K), 0.0025970 secs] 112580K->15138K(364160K), 0.0026410 secs] [Times: user=0.02 sys=0.00, real=0.00 secs] 
25.758: Total time for which application threads were stopped: 0.0053070 seconds, Stopping threads took: 0.0025760 seconds
25.847: Application time: 0.0892190 seconds
25.849: [GC25.849: [ParNew: 107873K->7129K(112448K), 0.0023440 secs] 115106K->14447K(364160K), 0.0023900 secs] [Times: user=0.02 sys=0.00, real=0.00 secs] 
25.851: Total time for which application threads were stopped: 0.0044480 seconds, Stopping threads took: 0.0019890 seconds
25.942: Application time: 0.0911010 seconds
25.944: [GC25.944: [ParNew: 107097K->6728K(112448K), 0.0022490 secs] 114415K->14047K(364160K), 0.0022960 secs] [Times: user=0.01 sys=0.00, real=0.00 secs] 
25.946: Total time for which application threads were stopped: 0.0041580 seconds, Stopping threads took: 0.0017650 seconds
26.039: Application time: 0.0923800 seconds
26.040: [GC26.040: [ParNew: 106696K->6780K(112448K), 0.0024490 secs] 114015K->14098K(364160K), 0.0024920 secs] [Times: user=0.02 sys=0.01, real=0.00 secs] 
26.043: Total time for which application threads were stopped: 0.0040420 seconds, Stopping threads took: 0.0014670 seconds
26.133: Application time: 0.0899430 seconds
26.136: [GC26.136: [ParNew: 106748K->7400K(112448K), 0.0027090 secs] 114066K->14804K(364160K), 0.0027530 secs] [Times: user=0.01 sys=0.00, real=0.00 secs] 
26.139: Total time for which application threads were stopped: 0.0058990 seconds, Stopping threads took: 0.0030570 seconds
26.228: Application time: 0.0890890 seconds
26.231: [GC26.231: [ParNew: 107368K->7602K(112448K), 0.0024390 secs] 114772K->15120K(364160K), 0.0024840 secs] [Times: user=0.02 sys=0.00, real=0.00 secs] 
26.233: Total time for which application threads were stopped: 0.0055730 seconds, Stopping threads took: 0.0030200 seconds
26.325: Application time: 0.0915310 seconds
26.327: [GC26.327: [ParNew: 107570K->7304K(112448K), 0.0024000 secs] 115088K->14851K(364160K), 0.0024420 secs] [Times: user=0.02 sys=0.00, real=0.01 secs] 
26.330: Total time for which application threads were stopped: 0.0046910 seconds, Stopping threads took: 0.0021860 seconds
26.419: Application time: 0.0897930 seconds
26.422: [GC26.422: [ParNew: 107272K->6263K(112448K), 0.0019700 secs] 114819K->13810K(364160K), 0.0020140 secs] [Times: user=0.01 sys=0.00, real=0.00 secs] 
26.424: Total time for which application threads were stopped: 0.0048490 seconds, Stopping threads took: 0.0027650 seconds
26.516: Application time: 0.0921600 seconds
26.519: [GC26.519: [ParNew: 106231K->7196K(112448K), 0.0023520 secs] 113778K->14743K(364160K), 0.0023950 secs] [Times: user=0.01 sys=0.02, real=0.01 secs] 
26.521: Total time for which application threads were stopped: 0.0050130 seconds, Stopping threads took: 0.0025360 seconds
26.611: Application time: 0.0899410 seconds
26.614: [GC26.614: [ParNew: 107164K->6677K(112448K), 0.0023170 secs] 114711K->14252K(364160K), 0.0023610 secs] [Times: user=0.02 sys=0.00, real=0.00 secs] 
26.616: Total time for which application threads were stopped: 0.0047570 seconds, Stopping threads took: 0.0023260 seconds
26.704: Application time: 0.0881170 seconds
26.707: [GC26.707: [ParNew: 106645K->7809K(112448K), 0.0025830 secs] 114220K->15555K(364160K), 0.0026290 secs] [Times: user=0.02 sys=0.00, real=0.01 secs] 
26.710: Total time for which application threads were stopped: 0.0052110 seconds, Stopping threads took: 0.0025110 seconds
26.798: Application time: 0.0885970 seconds
26.801: [GC26.801: [ParNew: 107777K->7148K(112448K), 0.0025720 secs] 115523K->14922K(364160K), 0.0026120 secs] [Times: user=0.02 sys=0.00, real=0.00 secs] 
26.804: Total time for which application threads were stopped: 0.0057800 seconds, Stopping threads took: 0.0030810 seconds
26.892: Application time: 0.0877720 seconds
26.894: [GC26.896: [ParNew: 107116K->7361K(112448K), 0.0025800 secs] 114890K->15136K(364160K), 0.0041180 secs] [Times: user=0.02 sys=0.00, real=0.00 secs] 
26.898: Total time for which application threads were stopped: 0.0065490 seconds, Stopping threads took: 0.0023620 seconds
26.988: Application time: 0.0901580 seconds
26.990: [GC26.990: [ParNew: 107329K->6285K(112448K), 0.0021190 secs] 115104K->14059K(364160K), 0.0021690 secs] [Times: user=0.01 sys=0.00, real=0.00 secs] 
26.993: Total time for which application threads were stopped: 0.0042260 seconds, Stopping threads took: 0.0019800 seconds
27.079: Application time: 0.0867350 seconds
27.082: [GC27.082: [ParNew: 106253K->8025K(112448K), 0.0026840 secs] 114027K->15828K(364160K), 0.0027300 secs] [Times: user=0.02 sys=0.00, real=0.00 secs] 
27.085: Total time for which application threads were stopped: 0.0054230 seconds, Stopping threads took: 0.0026140 seconds
27.173: Application time: 0.0881060 seconds
27.175: [GC27.175: [ParNew: 107993K->7317K(112448K), 0.0024730 secs] 115796K->15291K(364160K), 0.0025210 secs] [Times: user=0.01 sys=0.00, real=0.00 secs] 
27.177: Total time for which application threads were stopped: 0.0044210 seconds, Stopping threads took: 0.0018090 seconds
27.267: Application time: 0.0898880 seconds
27.269: [GC27.269: [ParNew: 107285K->6071K(112448K), 0.0020190 secs] 115259K->14045K(364160K), 0.0020630 secs] [Times: user=0.01 sys=0.00, real=0.00 secs] 
27.271: Total time for which application threads were stopped: 0.0036900 seconds, Stopping threads took: 0.0015550 seconds
27.362: Application time: 0.0912000 seconds
27.364: [GC27.364: [ParNew: 106039K->7276K(112448K), 0.0025070 secs] 114013K->15250K(364160K), 0.0025510 secs] [Times: user=0.02 sys=0.00, real=0.00 secs] 
27.367: Total time for which application threads were stopped: 0.0046020 seconds, Stopping threads took: 0.0019600 seconds
27.456: Application time: 0.0895430 seconds
27.458: [GC27.458: [ParNew: 107244K->6142K(112448K), 0.0021210 secs] 115218K->14145K(364160K), 0.0021650 secs] [Times: user=0.02 sys=0.00, real=0.01 secs] 
27.460: Total time for which application threads were stopped: 0.0036430 seconds, Stopping threads took: 0.0013860 seconds
27.549: Application time: 0.0890640 seconds
27.551: [GC27.551: [ParNew: 106110K->6972K(112448K), 0.0024600 secs] 114113K->14975K(364160K), 0.0025020 secs] [Times: user=0.02 sys=0.00, real=0.00 secs] 
27.553: Total time for which application threads were stopped: 0.0041550 seconds, Stopping threads took: 0.0015630 seconds
27.644: Application time: 0.0907990 seconds
27.646: [GC27.646: [ParNew: 106940K->6969K(112448K), 0.0024250 secs] 114943K->15172K(364160K), 0.0024700 secs] [Times: user=0.01 sys=0.00, real=0.01 secs] 
27.649: Total time for which application threads were stopped: 0.0049170 seconds, Stopping threads took: 0.0023680 seconds
27.736: Application time: 0.0876090 seconds
27.738: [GC27.738: [ParNew: 106937K->6634K(112448K), 0.0021860 secs] 115140K->14837K(364160K), 0.0022300 secs] [Times: user=0.01 sys=0.00, real=0.01 secs] 
27.741: Total time for which application threads were stopped: 0.0041220 seconds, Stopping threads took: 0.0018210 seconds
27.834: Application time: 0.0929740 seconds
27.836: [GC27.836: [ParNew: 106602K->6781K(112448K), 0.0023900 secs] 114805K->15012K(364160K), 0.0024340 secs] [Times: user=0.01 sys=0.00, real=0.00 secs] 
27.839: Total time for which application threads were stopped: 0.0053480 seconds, Stopping threads took: 0.0028230 seconds
27.930: Application time: 0.0908740 seconds
27.932: [GC27.932: [ParNew: 106749K->6808K(112448K), 0.0021540 secs] 114980K->15039K(364160K), 0.0021970 secs] [Times: user=0.02 sys=0.00, real=0.00 secs] 
27.935: Total time for which application threads were stopped: 0.0048050 seconds, Stopping threads took: 0.0025440 seconds
28.024: Application time: 0.0899170 seconds
28.026: [GC28.026: [ParNew: 106776K->6157K(112448K), 0.0020640 secs] 115007K->14388K(364160K), 0.0021040 secs] [Times: user=0.02 sys=0.00, real=0.01 secs] 
28.028: Total time for which application threads were stopped: 0.0039720 seconds, Stopping threads took: 0.0017910 seconds
28.116: Application time: 0.0876990 seconds
28.119: [GC28.119: [ParNew: 106125K->6598K(112448K), 0.0020850 secs] 114356K->14829K(364160K), 0.0021310 secs] [Times: user=0.02 sys=0.00, real=0.01 secs] 
28.121: Total time for which application threads were stopped: 0.0047050 seconds, Stopping threads took: 0.0025040 seconds
28.212: Application time: 0.0909630 seconds
28.213: [GC28.213: [ParNew: 106566K->7476K(112448K), 0.0026010 secs] 114797K->15906K(364160K), 0.0026480 secs] [Times: user=0.02 sys=0.00, real=0.00 secs] 
28.216: Total time for which application threads were stopped: 0.0043160 seconds, Stopping threads took: 0.0015780 seconds
28.305: Application time: 0.0885270 seconds
28.308: [GC28.308: [ParNew: 107444K->7344K(112448K), 0.0023850 secs] 115874K->15803K(364160K), 0.0024320 secs] [Times: user=0.02 sys=0.00, real=0.00 secs] 
28.310: Total time for which application threads were stopped: 0.0054430 seconds, Stopping threads took: 0.0029310 seconds
28.397: Application time: 0.0870710 seconds
28.400: [GC28.400: [ParNew: 107312K->7208K(112448K), 0.0022680 secs] 115771K->15668K(364160K), 0.0023120 secs] [Times: user=0.02 sys=0.00, real=0.00 secs] 
28.402: Total time for which application threads were stopped: 0.0052330 seconds, Stopping threads took: 0.0028480 seconds
28.495: Application time: 0.0926360 seconds
28.496: [GC28.496: [ParNew: 107176K->6347K(112448K), 0.0021510 secs] 115636K->14806K(364160K), 0.0021920 secs] [Times: user=0.01 sys=0.00, real=0.00 secs] 
28.498: Total time for which application threads were stopped: 0.0028000 seconds, Stopping threads took: 0.0005310 seconds
28.589: Application time: 0.0910210 seconds
28.591: [GC28.591: [ParNew: 106315K->7968K(112448K), 0.0025560 secs] 114774K->16541K(364160K), 0.0026000 secs] [Times: user=0.02 sys=0.00, real=0.00 secs] 
28.594: Total time for which application threads were stopped: 0.0049460 seconds, Stopping threads took: 0.0022750 seconds
28.685: Application time: 0.0916380 seconds
28.687: [GC28.687: [ParNew: 107936K->4716K(112448K), 0.0015810 secs] 116509K->13374K(364160K), 0.0016240 secs] [Times: user=0.01 sys=0.00, real=0.01 secs] 
28.689: Total time for which application threads were stopped: 0.0032480 seconds, Stopping threads took: 0.0015540 seconds
28.778: Application time: 0.0888820 seconds
28.779: [GC28.779: [ParNew: 104684K->6665K(112448K), 0.0021410 secs] 113342K->15323K(364160K), 0.0021850 secs] [Times: user=0.01 sys=0.00, real=0.00 secs] 
28.782: Total time for which application threads were stopped: 0.0039840 seconds, Stopping threads took: 0.0017210 seconds
28.869: Application time: 0.0869890 seconds
28.870: [GC28.870: [ParNew: 106633K->7661K(112448K), 0.0025050 secs] 115291K->16348K(364160K), 0.0025460 secs] [Times: user=0.02 sys=0.00, real=0.00 secs] 
28.873: Total time for which application threads were stopped: 0.0044390 seconds, Stopping threads took: 0.0018220 seconds
28.962: Application time: 0.0892320 seconds
28.965: [GC28.965: [ParNew: 107629K->7568K(112448K), 0.0025050 secs] 116316K->16255K(364160K), 0.0025500 secs] [Times: user=0.01 sys=0.00, real=0.01 secs] 
28.968: Total time for which application threads were stopped: 0.0055770 seconds, Stopping threads took: 0.0029570 seconds
29.057: Application time: 0.0894040 seconds
29.059: [GC29.059: [ParNew: 107536K->6416K(112448K), 0.0021770 secs] 116223K->15160K(364160K), 0.0022190 secs] [Times: user=0.02 sys=0.00, real=0.00 secs] 
29.062: Total time for which application threads were stopped: 0.0042710 seconds, Stopping threads took: 0.0019800 seconds
29.151: Application time: 0.0895160 seconds
29.153: [GC29.153: [ParNew: 106384K->5944K(112448K), 0.0020550 secs] 115128K->14831K(364160K), 0.0020980 secs] [Times: user=0.02 sys=0.00, real=0.00 secs] 
29.155: Total time for which application threads were stopped: 0.0038250 seconds, Stopping threads took: 0.0016460 seconds
29.247: Application time: 0.0922530 seconds
29.250: [GC29.250: [ParNew: 105912K->6054K(112448K), 0.0018890 secs] 114799K->14941K(364160K), 0.0019410 secs] [Times: user=0.01 sys=0.00, real=0.00 secs] 
29.252: Total time for which application threads were stopped: 0.0049040 seconds, Stopping threads took: 0.0028930 seconds
29.349: Application time: 0.0969040 seconds
29.352: [GC29.352: [ParNew: 106022K->5496K(112448K), 0.0018810 secs] 114909K->14383K(364160K), 0.0019200 secs] [Times: user=0.01 sys=0.00, real=0.00 secs] 
29.354: Total time for which application threads were stopped: 0.0051540 seconds, Stopping threads took: 0.0031530 seconds
29.455: Application time: 0.1005400 seconds
29.458: [GC29.458: [ParNew: 105464K->7662K(112448K), 0.0024540 secs] 114351K->16549K(364160K), 0.0025010 secs] [Times: user=0.02 sys=0.00, real=0.01 secs] 
29.461: Total time for which application threads were stopped: 0.0059120 seconds, Stopping threads took: 0.0033380 seconds
29.557: Application time: 0.0965640 seconds
29.559: [GC29.559: [ParNew: 107630K->7162K(112448K), 0.0023240 secs] 116517K->16106K(364160K), 0.0023680 secs] [Times: user=0.02 sys=0.00, real=0.01 secs] 
29.561: Total time for which application threads were stopped: 0.0042660 seconds, Stopping threads took: 0.0018270 seconds
29.656: Application time: 0.0950120 seconds
29.658: [GC29.658: [ParNew: 107130K->6085K(112448K), 0.0020130 secs] 116074K->15200K(364160K), 0.0020550 secs] [Times: user=0.02 sys=0.00, real=0.01 secs] 
29.660: Total time for which application threads were stopped: 0.0036800 seconds, Stopping threads took: 0.0015530 seconds
29.756: Application time: 0.0955250 seconds
29.759: [GC29.759: [ParNew: 106053K->6391K(112448K), 0.0020390 secs] 115168K->15506K(364160K), 0.0020830 secs] [Times: user=0.01 sys=0.00, real=0.01 secs] 
29.761: Total time for which application threads were stopped: 0.0053840 seconds, Stopping threads took: 0.0032310 seconds
29.855: Application time: 0.0943800 seconds
29.857: [GC29.857: [ParNew: 106359K->6498K(112448K), 0.0022540 secs] 115474K->15641K(364160K), 0.0022970 secs] [Times: user=0.01 sys=0.00, real=0.01 secs] 
29.860: Total time for which application threads were stopped: 0.0043860 seconds, Stopping threads took: 0.0020120 seconds
29.955: Application time: 0.0951620 seconds
29.957: [GC29.957: [ParNew: 106466K->7084K(112448K), 0.0023050 secs] 115609K->16228K(364160K), 0.0023480 secs] [Times: user=0.02 sys=0.00, real=0.01 secs] 
29.960: Total time for which application threads were stopped: 0.0046750 seconds, Stopping threads took: 0.0022350 seconds
30.055: Application time: 0.0951870 seconds
30.058: [GC30.058: [ParNew: 107052K->5730K(112448K), 0.0020690 secs] 116196K->14902K(364160K), 0.0021120 secs] [Times: user=0.01 sys=0.00, real=0.01 secs] 
30.060: Total time for which application threads were stopped: 0.0050100 seconds, Stopping threads took: 0.0028060 seconds
30.156: Application time: 0.0957800 seconds
30.158: [GC30.158: [ParNew: 105698K->7282K(112448K), 0.0023980 secs] 114870K->16454K(364160K), 0.0024460 secs] [Times: user=0.02 sys=0.00, real=0.01 secs] 
30.160: Total time for which application threads were stopped: 0.0044610 seconds, Stopping threads took: 0.0019410 seconds
30.252: Application time: 0.0922680 seconds
30.254: [GC30.254: [ParNew: 107250K->6221K(112448K), 0.0020850 secs] 116422K->15564K(364160K), 0.0021300 secs] [Times: user=0.02 sys=0.00, real=0.00 secs] 
30.256: Total time for which application threads were stopped: 0.0037410 seconds, Stopping threads took: 0.0015400 seconds
30.352: Application time: 0.0962480 seconds
30.354: [GC30.354: [ParNew: 106189K->7089K(112448K), 0.0024220 secs] 115532K->16432K(364160K), 0.0024680 secs] [Times: user=0.02 sys=0.00, real=0.00 secs] 
30.357: Total time for which application threads were stopped: 0.0046430 seconds, Stopping threads took: 0.0020810 seconds
30.452: Application time: 0.0948470 seconds
30.454: [GC30.454: [ParNew: 107057K->6671K(112448K), 0.0021340 secs] 116400K->16043K(364160K), 0.0021770 secs] [Times: user=0.01 sys=0.00, real=0.00 secs] 
30.456: Total time for which application threads were stopped: 0.0045850 seconds, Stopping threads took: 0.0023300 seconds
30.549: Application time: 0.0921760 seconds
30.552: [GC30.552: [ParNew: 106639K->6833K(112448K), 0.0024200 secs] 116011K->16205K(364160K), 0.0024710 secs] [Times: user=0.01 sys=0.00, real=0.00 secs] 
30.554: Total time for which application threads were stopped: 0.0055460 seconds, Stopping threads took: 0.0030010 seconds
30.648: Application time: 0.0939330 seconds
30.651: [GC30.651: [ParNew: 106801K->6399K(112448K), 0.0021670 secs] 116173K->15942K(364160K), 0.0022150 secs] [Times: user=0.01 sys=0.00, real=0.00 secs] 
30.653: Total time for which application threads were stopped: 0.0052180 seconds, Stopping threads took: 0.0029090 seconds
30.752: Application time: 0.0991840 seconds
30.755: [GC30.755: [ParNew: 106367K->6448K(112448K), 0.0021810 secs] 115910K->16019K(364160K), 0.0022250 secs] [Times: user=0.02 sys=0.00, real=0.00 secs] 
30.757: Total time for which application threads were stopped: 0.0045750 seconds, Stopping threads took: 0.0022700 seconds
30.850: Application time: 0.0933490 seconds
30.852: [GC30.852: [ParNew: 106416K->6987K(112448K), 0.0024460 secs] 115987K->16587K(364160K), 0.0024930 secs] [Times: user=0.02 sys=0.00, real=0.00 secs] 
30.855: Total time for which application threads were stopped: 0.0044890 seconds, Stopping threads took: 0.0019040 seconds
30.953: Application time: 0.0980180 seconds
30.956: [GC30.956: [ParNew: 106955K->7520K(112448K), 0.0023840 secs] 116555K->17119K(364160K), 0.0024310 secs] [Times: user=0.02 sys=0.00, real=0.00 secs] 
30.958: Total time for which application threads were stopped: 0.0052430 seconds, Stopping threads took: 0.0027340 seconds
31.052: Application time: 0.0943380 seconds
31.055: [GC31.055: [ParNew: 107488K->6323K(112448K), 0.0019930 secs] 117087K->15923K(364160K), 0.0020390 secs] [Times: user=0.01 sys=0.00, real=0.00 secs] 
31.057: Total time for which application threads were stopped: 0.0046820 seconds, Stopping threads took: 0.0025700 seconds
31.152: Application time: 0.0948600 seconds
31.155: [GC31.155: [ParNew: 106291K->6497K(112448K), 0.0023070 secs] 115891K->16239K(364160K), 0.0023520 secs] [Times: user=0.01 sys=0.00, real=0.00 secs] 
31.158: Total time for which application threads were stopped: 0.0057690 seconds, Stopping threads took: 0.0033440 seconds
31.254: Application time: 0.0963850 seconds
31.256: [GC31.256: [ParNew: 106465K->5272K(112448K), 0.0017250 secs] 116207K->15071K(364160K), 0.0017700 secs] [Times: user=0.01 sys=0.00, real=0.00 secs] 
31.258: Total time for which application threads were stopped: 0.0036260 seconds, Stopping threads took: 0.0017850 seconds
31.352: Application time: 0.0946850 seconds
31.356: [GC31.356: [ParNew: 105240K->6837K(112448K), 0.0020860 secs] 115039K->16636K(364160K), 0.0021330 secs] [Times: user=0.02 sys=0.00, real=0.00 secs] 
31.358: Total time for which application threads were stopped: 0.0054280 seconds, Stopping threads took: 0.0032220 seconds
31.451: Application time: 0.0934750 seconds
31.454: [GC31.454: [ParNew: 106805K->6895K(112448K), 0.0022580 secs] 116604K->16723K(364160K), 0.0023040 secs] [Times: user=0.01 sys=0.00, real=0.00 secs] 
31.457: Total time for which application threads were stopped: 0.0052550 seconds, Stopping threads took: 0.0028810 seconds
31.552: Application time: 0.0952510 seconds
31.554: [GC31.554: [ParNew: 106863K->7143K(112448K), 0.0025350 secs] 116691K->16971K(364160K), 0.0025790 secs] [Times: user=0.01 sys=0.00, real=0.00 secs] 
31.557: Total time for which application threads were stopped: 0.0049010 seconds, Stopping threads took: 0.0022470 seconds
31.651: Application time: 0.0944690 seconds
31.654: [GC31.654: [ParNew: 107111K->7396K(112448K), 0.0025860 secs] 116939K->17338K(364160K), 0.0026330 secs] [Times: user=0.02 sys=0.00, real=0.00 secs] 
31.657: Total time for which application threads were stopped: 0.0054540 seconds, Stopping threads took: 0.0027280 seconds
31.752: Application time: 0.0957180 seconds
31.755: [GC31.755: [ParNew: 107364K->6112K(112448K), 0.0022460 secs] 117306K->16140K(364160K), 0.0022920 secs] [Times: user=0.01 sys=0.00, real=0.00 secs] 
31.757: Total time for which application threads were stopped: 0.0047390 seconds, Stopping threads took: 0.0023750 seconds
31.856: Application time: 0.0983710 seconds
31.859: [GC31.859: [ParNew: 106080K->7303K(112448K), 0.0023680 secs] 116108K->17330K(364160K), 0.0024230 secs] [Times: user=0.01 sys=0.00, real=0.01 secs] 
31.861: Total time for which application threads were stopped: 0.0056110 seconds, Stopping threads took: 0.0031050 seconds
31.959: Application time: 0.0981190 seconds
31.961: [GC31.961: [ParNew: 107271K->6848K(112448K), 0.0024040 secs] 117298K->16904K(364160K), 0.0024540 secs] [Times: user=0.02 sys=0.00, real=0.00 secs] 
31.964: Total time for which application threads were stopped: 0.0042790 seconds, Stopping threads took: 0.0017550 seconds
32.056: Application time: 0.0922700 seconds
32.059: [GC32.059: [ParNew: 106816K->6577K(112448K), 0.0022420 secs] 116872K->16633K(364160K), 0.0022890 secs] [Times: user=0.02 sys=0.00, real=0.01 secs] 
32.061: Total time for which application threads were stopped: 0.0049620 seconds, Stopping threads took: 0.0025720 seconds
32.157: Application time: 0.0957130 seconds
32.160: [GC32.160: [ParNew: 106545K->7306K(112448K), 0.0025510 secs] 116601K->17419K(364160K), 0.0025980 secs] [Times: user=0.02 sys=0.00, real=0.00 secs] 
32.162: Total time for which application threads were stopped: 0.0056190 seconds, Stopping threads took: 0.0029460 seconds
32.254: Application time: 0.0915820 seconds
32.256: [GC32.256: [ParNew: 107274K->7812K(112448K), 0.0026150 secs] 117387K->18068K(364160K), 0.0026600 secs] [Times: user=0.02 sys=0.00, real=0.00 secs] 
32.259: Total time for which application threads were stopped: 0.0050560 seconds, Stopping threads took: 0.0023220 seconds
32.357: Application time: 0.0981220 seconds
32.360: [GC32.360: [ParNew: 107780K->7906K(112448K), 0.0026050 secs] 118036K->18191K(364160K), 0.0026510 secs] [Times: user=0.02 sys=0.00, real=0.00 secs] 
32.362: Total time for which application threads were stopped: 0.0054980 seconds, Stopping threads took: 0.0027750 seconds
32.458: Application time: 0.0951340 seconds
32.460: [GC32.460: [ParNew: 107874K->6026K(112448K), 0.0020700 secs] 118159K->16311K(364160K), 0.0021160 secs] [Times: user=0.02 sys=0.00, real=0.00 secs] 
32.462: Total time for which application threads were stopped: 0.0045070 seconds, Stopping threads took: 0.0022980 seconds
32.557: Application time: 0.0952490 seconds
32.560: [GC32.560: [ParNew: 105994K->7021K(112448K), 0.0023410 secs] 116279K->17306K(364160K), 0.0023810 secs] [Times: user=0.01 sys=0.00, real=0.00 secs] 
32.563: Total time for which application threads were stopped: 0.0055580 seconds, Stopping threads took: 0.0030980 seconds
32.655: Application time: 0.0918030 seconds
32.657: [GC32.657: [ParNew: 106989K->7502K(112448K), 0.0026550 secs] 117274K->17786K(364160K), 0.0027020 secs] [Times: user=0.02 sys=0.00, real=0.01 secs] 
32.660: Total time for which application threads were stopped: 0.0054040 seconds, Stopping threads took: 0.0026100 seconds
32.755: Application time: 0.0949770 seconds
32.758: [GC32.758: [ParNew: 107470K->7080K(112448K), 0.0023930 secs] 117754K->17564K(364160K), 0.0024390 secs] [Times: user=0.02 sys=0.00, real=0.01 secs] 
32.761: Total time for which application threads were stopped: 0.0058360 seconds, Stopping threads took: 0.0033040 seconds
32.854: Application time: 0.0931870 seconds
32.856: [GC32.856: [ParNew: 107048K->6308K(112448K), 0.0021750 secs] 117532K->16820K(364160K), 0.0022200 secs] [Times: user=0.01 sys=0.00, real=0.00 secs] 
32.858: Total time for which application threads were stopped: 0.0037640 seconds, Stopping threads took: 0.0014610 seconds
32.953: Application time: 0.0955720 seconds
32.956: [GC32.956: [ParNew: 106276K->5983K(112448K), 0.0018930 secs] 116788K->16495K(364160K), 0.0019370 secs] [Times: user=0.01 sys=0.00, real=0.00 secs] 
32.958: Total time for which application threads were stopped: 0.0044070 seconds, Stopping threads took: 0.0023760 seconds
33.054: Application time: 0.0962420 seconds
33.056: [GC33.056: [ParNew: 105951K->6804K(112448K), 0.0024300 secs] 116463K->17316K(364160K), 0.0024810 secs] [Times: user=0.02 sys=0.00, real=0.00 secs] 
33.058: Total time for which application threads were stopped: 0.0042020 seconds, Stopping threads took: 0.0016470 seconds
33.153: Application time: 0.0943610 seconds
33.154: [GC33.154: [ParNew: 106772K->5927K(112448K), 0.0020900 secs] 117284K->16439K(364160K), 0.0021360 secs] [Times: user=0.01 sys=0.00, real=0.00 secs] 
33.157: Total time for which application threads were stopped: 0.0038420 seconds, Stopping threads took: 0.0016120 seconds
33.251: Application time: 0.0943200 seconds
33.254: [GC33.254: [ParNew: 105895K->8107K(112448K), 0.0028920 secs] 116407K->18620K(364160K), 0.0029350 secs] [Times: user=0.02 sys=0.00, real=0.00 secs] 
33.257: Total time for which application threads were stopped: 0.0059660 seconds, Stopping threads took: 0.0029410 seconds
33.348: Application time: 0.0914840 seconds
33.351: [GC33.351: [ParNew: 108074K->6469K(112448K), 0.0024960 secs] 118586K->17210K(364160K), 0.0025410 secs] [Times: user=0.01 sys=0.00, real=0.00 secs] 
33.353: Total time for which application threads were stopped: 0.0051660 seconds, Stopping threads took: 0.0025550 seconds
33.441: Application time: 0.0880420 seconds
33.444: [GC33.444: [ParNew: 106437K->6755K(112448K), 0.0022260 secs] 117178K->17495K(364160K), 0.0022730 secs] [Times: user=0.01 sys=0.00, real=0.00 secs] 
33.446: Total time for which application threads were stopped: 0.0044480 seconds, Stopping threads took: 0.0020820 seconds
33.537: Application time: 0.0908250 seconds
33.539: [GC33.539: [ParNew: 106722K->7755K(112448K), 0.0025360 secs] 117463K->18495K(364160K), 0.0025800 secs] [Times: user=0.01 sys=0.00, real=0.00 secs] 
33.542: Total time for which application threads were stopped: 0.0051280 seconds, Stopping threads took: 0.0024610 seconds
33.635: Application time: 0.0935330 seconds
33.638: [GC33.638: [ParNew: 107723K->5399K(112448K), 0.0017940 secs] 118463K->16140K(364160K), 0.0018380 secs] [Times: user=0.01 sys=0.00, real=0.01 secs] 
33.640: Total time for which application threads were stopped: 0.0046990 seconds, Stopping threads took: 0.0027920 seconds
33.731: Application time: 0.0909670 seconds
33.735: [GC33.735: [ParNew: 105367K->5880K(112448K), 0.0018740 secs] 116108K->16621K(364160K), 0.0019170 secs] [Times: user=0.01 sys=0.00, real=0.00 secs] 
33.737: Total time for which application threads were stopped: 0.0062210 seconds, Stopping threads took: 0.0042220 seconds
33.825: Application time: 0.0874690 seconds
33.827: [GC33.827: [ParNew: 105848K->7201K(112448K), 0.0023710 secs] 116589K->17941K(364160K), 0.0024170 secs] [Times: user=0.02 sys=0.00, real=0.01 secs] 
33.829: Total time for which application threads were stopped: 0.0044780 seconds, Stopping threads took: 0.0019910 seconds
33.918: Application time: 0.0891470 seconds
33.921: [GC33.921: [ParNew: 107169K->7819K(112448K), 0.0028580 secs] 117909K->18787K(364160K), 0.0029020 secs] [Times: user=0.01 sys=0.01, real=0.00 secs] 
33.924: Total time for which application threads were stopped: 0.0055230 seconds, Stopping threads took: 0.0025430 seconds
34.013: Application time: 0.0891940 seconds
34.016: [GC34.016: [ParNew: 107787K->5868K(112448K), 0.0018990 secs] 118755K->16836K(364160K), 0.0019430 secs] [Times: user=0.02 sys=0.00, real=0.00 secs] 
34.018: Total time for which application threads were stopped: 0.0044700 seconds, Stopping threads took: 0.0024460 seconds
34.104: Application time: 0.0865800 seconds
34.107: [GC34.107: [ParNew: 105836K->7598K(112448K), 0.0024220 secs] 116804K->18567K(364160K), 0.0024670 secs] [Times: user=0.01 sys=0.00, real=0.01 secs] 
34.109: Total time for which application threads were stopped: 0.0050610 seconds, Stopping threads took: 0.0025230 seconds
34.198: Application time: 0.0889220 seconds
34.201: [GC34.201: [ParNew: 107566K->5990K(112448K), 0.0020270 secs] 118535K->17073K(364160K), 0.0020710 secs] [Times: user=0.02 sys=0.00, real=0.00 secs] 
34.203: Total time for which application threads were stopped: 0.0047390 seconds, Stopping threads took: 0.0025780 seconds
34.294: Application time: 0.0907750 seconds
34.296: [GC34.296: [ParNew: 105958K->6570K(112448K), 0.0020870 secs] 117041K->17652K(364160K), 0.0021410 secs] [Times: user=0.02 sys=0.00, real=0.00 secs] 
34.298: Total time for which application threads were stopped: 0.0039930 seconds, Stopping threads took: 0.0017690 seconds
34.386: Application time: 0.0887670 seconds
34.389: [GC34.389: [ParNew: 106538K->6133K(112448K), 0.0020900 secs] 117620K->17329K(364160K), 0.0021340 secs] [Times: user=0.02 sys=0.00, real=0.00 secs] 
34.391: Total time for which application threads were stopped: 0.0045520 seconds, Stopping threads took: 0.0023470 seconds
34.479: Application time: 0.0881840 seconds
34.481: [GC34.481: [ParNew: 106101K->6715K(112448K), 0.0023870 secs] 117297K->17912K(364160K), 0.0024310 secs] [Times: user=0.02 sys=0.00, real=0.00 secs] 
34.484: Total time for which application threads were stopped: 0.0043510 seconds, Stopping threads took: 0.0018490 seconds
34.575: Application time: 0.0916100 seconds
34.577: [GC34.577: [ParNew: 106683K->6759K(112448K), 0.0023210 secs] 117880K->17955K(364160K), 0.0023630 secs] [Times: user=0.02 sys=0.00, real=0.00 secs] 
34.579: Total time for which application threads were stopped: 0.0038880 seconds, Stopping threads took: 0.0014540 seconds
34.667: Application time: 0.0883050 seconds
34.669: [GC34.669: [ParNew: 106727K->7168K(112448K), 0.0023780 secs] 117923K->18422K(364160K), 0.0024250 secs] [Times: user=0.02 sys=0.00, real=0.00 secs] 
34.672: Total time for which application threads were stopped: 0.0041700 seconds, Stopping threads took: 0.0016530 seconds
34.759: Application time: 0.0874400 seconds
34.762: [GC34.762: [ParNew: 107136K->6091K(112448K), 0.0020230 secs] 118390K->17487K(364160K), 0.0020680 secs] [Times: user=0.01 sys=0.00, real=0.00 secs] 
34.764: Total time for which application threads were stopped: 0.0046360 seconds, Stopping threads took: 0.0024910 seconds
34.852: Application time: 0.0885270 seconds
34.855: [GC34.855: [ParNew: 106059K->6155K(112448K), 0.0021880 secs] 117455K->17551K(364160K), 0.0022320 secs] [Times: user=0.01 sys=0.00, real=0.00 secs] 
34.857: Total time for which application threads were stopped: 0.0046540 seconds, Stopping threads took: 0.0023210 seconds
34.946: Application time: 0.0894170 seconds
34.949: [GC34.949: [ParNew: 106123K->5830K(112448K), 0.0018790 secs] 117519K->17226K(364160K), 0.0019240 secs] [Times: user=0.02 sys=0.00, real=0.00 secs] 
34.951: Total time for which application threads were stopped: 0.0049000 seconds, Stopping threads took: 0.0029040 seconds
35.040: Application time: 0.0888290 seconds
35.042: [GC35.042: [ParNew: 105798K->7014K(112448K), 0.0023340 secs] 117194K->18411K(364160K), 0.0023770 secs] [Times: user=0.02 sys=0.00, real=0.00 secs] 
35.045: Total time for which application threads were stopped: 0.0048840 seconds, Stopping threads took: 0.0024160 seconds
35.131: Application time: 0.0865140 seconds
35.132: [GC35.132: [ParNew: 106982K->6682K(112448K), 0.0021970 secs] 118379K->18163K(364160K), 0.0022400 secs] [Times: user=0.02 sys=0.00, real=0.00 secs] 
35.135: Total time for which application threads were stopped: 0.0031670 seconds, Stopping threads took: 0.0008360 seconds
35.226: Application time: 0.0912770 seconds
35.229: [GC35.229: [ParNew: 106650K->7691K(112448K), 0.0024960 secs] 118131K->19316K(364160K), 0.0025370 secs] [Times: user=0.01 sys=0.00, real=0.00 secs] 
35.231: Total time for which application threads were stopped: 0.0052820 seconds, Stopping threads took: 0.0026570 seconds
35.320: Application time: 0.0888620 seconds
35.322: [GC35.322: [ParNew: 107659K->7486K(112448K), 0.0024950 secs] 119284K->19139K(364160K), 0.0025400 secs] [Times: user=0.01 sys=0.00, real=0.00 secs] 
35.325: Total time for which application threads were stopped: 0.0047110 seconds, Stopping threads took: 0.0020990 seconds
35.414: Application time: 0.0892710 seconds
35.416: [GC35.416: [ParNew: 107454K->6666K(112448K), 0.0021740 secs] 119107K->18319K(364160K), 0.0022200 secs] [Times: user=0.02 sys=0.00, real=0.00 secs] 
35.419: Total time for which application threads were stopped: 0.0046280 seconds, Stopping threads took: 0.0023250 seconds
35.508: Application time: 0.0894920 seconds
35.510: [GC35.510: [ParNew: 106634K->6780K(112448K), 0.0023320 secs] 118287K->18433K(364160K), 0.0023850 secs] [Times: user=0.02 sys=0.00, real=0.00 secs] 
35.513: Total time for which application threads were stopped: 0.0045960 seconds, Stopping threads took: 0.0021410 seconds
35.603: Application time: 0.0905250 seconds
35.605: [GC35.605: [ParNew: 106748K->5870K(112448K), 0.0019150 secs] 118401K->17551K(364160K), 0.0019600 secs] [Times: user=0.01 sys=0.00, real=0.00 secs] 
35.607: Total time for which application threads were stopped: 0.0040900 seconds, Stopping threads took: 0.0020520 seconds
35.695: Application time: 0.0872740 seconds
35.697: [GC35.697: [ParNew: 105837K->6156K(112448K), 0.0020700 secs] 117519K->17837K(364160K), 0.0021140 secs] [Times: user=0.02 sys=0.00, real=0.00 secs] 
35.699: Total time for which application threads were stopped: 0.0044860 seconds, Stopping threads took: 0.0022880 seconds
35.791: Application time: 0.0918070 seconds
35.793: [GC35.793: [ParNew: 106124K->7155K(112448K), 0.0023080 secs] 117805K->18836K(364160K), 0.0023560 secs] [Times: user=0.02 sys=0.00, real=0.00 secs] 
35.795: Total time for which application threads were stopped: 0.0044890 seconds, Stopping threads took: 0.0020610 seconds
35.883: Application time: 0.0873010 seconds
35.885: [GC35.885: [ParNew: 107123K->7140K(112448K), 0.0024680 secs] 118804K->19021K(364160K), 0.0025120 secs] [Times: user=0.01 sys=0.00, real=0.01 secs] 
35.887: Total time for which application threads were stopped: 0.0047330 seconds, Stopping threads took: 0.0021500 seconds
35.975: Application time: 0.0874750 seconds
35.978: [GC35.978: [ParNew: 107108K->7077K(112448K), 0.0023810 secs] 118989K->18958K(364160K), 0.0024250 secs] [Times: user=0.02 sys=0.00, real=0.01 secs] 
35.980: Total time for which application threads were stopped: 0.0053200 seconds, Stopping threads took: 0.0028060 seconds
36.069: Application time: 0.0884780 seconds
36.070: [GC36.070: [ParNew: 107045K->6666K(112448K), 0.0022700 secs] 118926K->18576K(364160K), 0.0023160 secs] [Times: user=0.02 sys=0.00, real=0.00 secs] 
36.072: Total time for which application threads were stopped: 0.0036580 seconds, Stopping threads took: 0.0012730 seconds
36.162: Application time: 0.0901660 seconds
36.165: [GC36.165: [ParNew: 106634K->7351K(112448K), 0.0025550 secs] 118544K->19432K(364160K), 0.0025990 secs] [Times: user=0.02 sys=0.00, real=0.00 secs] 
36.167: Total time for which application threads were stopped: 0.0047290 seconds, Stopping threads took: 0.0020610 seconds
36.254: Application time: 0.0869070 seconds
36.256: [GC36.256: [ParNew: 107319K->5119K(112448K), 0.0017460 secs] 119400K->17200K(364160K), 0.0017900 secs] [Times: user=0.01 sys=0.00, real=0.00 secs] 
36.258: Total time for which application threads were stopped: 0.0037810 seconds, Stopping threads took: 0.0019210 seconds
36.348: Application time: 0.0904540 seconds
36.350: [GC36.350: [ParNew: 105087K->6745K(112448K), 0.0022160 secs] 117168K->18826K(364160K), 0.0022580 secs] [Times: user=0.02 sys=0.00, real=0.00 secs] 
36.352: Total time for which application threads were stopped: 0.0037190 seconds, Stopping threads took: 0.0013940 seconds
36.440: Application time: 0.0877170 seconds
36.442: [GC36.442: [ParNew: 106713K->6853K(112448K), 0.0023240 secs] 118794K->18962K(364160K), 0.0023670 secs] [Times: user=0.02 sys=0.00, real=0.00 secs] 
36.445: Total time for which application threads were stopped: 0.0049020 seconds, Stopping threads took: 0.0024640 seconds
36.536: Application time: 0.0909240 seconds
36.537: [GC36.537: [ParNew: 106821K->6293K(112448K), 0.0021260 secs] 118930K->18402K(364160K), 0.0021700 secs] [Times: user=0.02 sys=0.00, real=0.01 secs] 
36.540: Total time for which application threads were stopped: 0.0040010 seconds, Stopping threads took: 0.0017500 seconds
36.630: Application time: 0.0907290 seconds
36.633: [GC36.633: [ParNew: 106261K->6714K(112448K), 0.0024450 secs] 118370K->18966K(364160K), 0.0024860 secs] [Times: user=0.01 sys=0.00, real=0.00 secs] 
36.636: Total time for which application threads were stopped: 0.0052450 seconds, Stopping threads took: 0.0026850 seconds
36.728: Application time: 0.0924210 seconds
36.729: [GC36.729: [ParNew: 106682K->4762K(112448K), 0.0016380 secs] 118934K->17071K(364160K), 0.0016780 secs] [Times: user=0.01 sys=0.00, real=0.00 secs] 
36.730: Total time for which application threads were stopped: 0.0022370 seconds, Stopping threads took: 0.0004690 seconds
36.827: Application time: 0.0969170 seconds
36.829: [GC36.829: [ParNew: 104730K->4951K(112448K), 0.0016410 secs] 117039K->17260K(364160K), 0.0016820 secs] [Times: user=0.01 sys=0.00, real=0.00 secs] 
36.830: Total time for which application threads were stopped: 0.0032070 seconds, Stopping threads took: 0.0014550 seconds
36.920: Application time: 0.0893630 seconds
36.921: [GC36.921: [ParNew: 104919K->6820K(112448K), 0.0023050 secs] 117228K->19129K(364160K), 0.0023510 secs] [Times: user=0.02 sys=0.00, real=0.00 secs] 
36.923: Total time for which application threads were stopped: 0.0036890 seconds, Stopping threads took: 0.0012660 seconds
37.015: Application time: 0.0915900 seconds
37.017: [GC37.017: [ParNew: 106788K->7027K(112448K), 0.0023590 secs] 119097K->19364K(364160K), 0.0024020 secs] [Times: user=0.01 sys=0.00, real=0.01 secs] 
37.020: Total time for which application threads were stopped: 0.0045050 seconds, Stopping threads took: 0.0020140 seconds
37.106: Application time: 0.0864740 seconds
37.109: [GC37.109: [ParNew: 106995K->7424K(112448K), 0.0024350 secs] 119332K->19847K(364160K), 0.0024780 secs] [Times: user=0.02 sys=0.00, real=0.00 secs] 
37.111: Total time for which application threads were stopped: 0.0051060 seconds, Stopping threads took: 0.0025460 seconds
37.200: Application time: 0.0884750 seconds
37.203: [GC37.203: [ParNew: 107392K->6456K(112448K), 0.0021120 secs] 119815K->18993K(364160K), 0.0021570 secs] [Times: user=0.01 sys=0.00, real=0.00 secs] 
37.205: Total time for which application threads were stopped: 0.0051850 seconds, Stopping threads took: 0.0029590 seconds
37.292: Application time: 0.0875200 seconds
37.295: [GC37.295: [ParNew: 106424K->7145K(112448K), 0.0023580 secs] 118961K->19711K(364160K), 0.0024070 secs] [Times: user=0.02 sys=0.00, real=0.00 secs] 
37.297: Total time for which application threads were stopped: 0.0047740 seconds, Stopping threads took: 0.0022740 seconds
37.389: Application time: 0.0918300 seconds
37.391: [GC37.391: [ParNew: 107113K->7158K(112448K), 0.0023150 secs] 119679K->19724K(364160K), 0.0023620 secs] [Times: user=0.02 sys=0.00, real=0.00 secs] 
37.394: Total time for which application threads were stopped: 0.0047030 seconds, Stopping threads took: 0.0022640 seconds
37.490: Application time: 0.0959070 seconds
37.492: [GC37.492: [ParNew: 107126K->6120K(112448K), 0.0021800 secs] 119692K->18685K(364160K), 0.0022260 secs] [Times: user=0.01 sys=0.00, real=0.00 secs] 
37.494: Total time for which application threads were stopped: 0.0044700 seconds, Stopping threads took: 0.0021620 seconds
37.590: Application time: 0.0959830 seconds
37.592: [GC37.592: [ParNew: 106088K->7424K(112448K), 0.0026360 secs] 118653K->19989K(364160K), 0.0026810 secs] [Times: user=0.02 sys=0.00, real=0.00 secs] 
37.595: Total time for which application threads were stopped: 0.0048730 seconds, Stopping threads took: 0.0021020 seconds
37.689: Application time: 0.0944020 seconds
37.692: [GC37.692: [ParNew: 107392K->6306K(112448K), 0.0024530 secs] 119957K->19071K(364160K), 0.0024980 secs] [Times: user=0.02 sys=0.00, real=0.00 secs] 
37.695: Total time for which application threads were stopped: 0.0055430 seconds, Stopping threads took: 0.0029660 seconds
37.790: Application time: 0.0954390 seconds
37.792: [GC37.792: [ParNew: 106274K->7099K(112448K), 0.0024020 secs] 119039K->19893K(364160K), 0.0024430 secs] [Times: user=0.02 sys=0.00, real=0.00 secs] 
37.794: Total time for which application threads were stopped: 0.0039860 seconds, Stopping threads took: 0.0014690 seconds
37.889: Application time: 0.0944930 seconds
37.890: [GC37.890: [ParNew: 107067K->6169K(112448K), 0.0020460 secs] 119861K->18963K(364160K), 0.0020990 secs] [Times: user=0.01 sys=0.00, real=0.00 secs] 
37.892: Total time for which application threads were stopped: 0.0034500 seconds, Stopping threads took: 0.0012780 seconds
37.986: Application time: 0.0934470 seconds
37.988: [GC37.988: [ParNew: 106137K->6925K(112448K), 0.0021980 secs] 118931K->19718K(364160K), 0.0022440 secs] [Times: user=0.01 sys=0.00, real=0.00 secs] 
37.990: Total time for which application threads were stopped: 0.0045440 seconds, Stopping threads took: 0.0022090 seconds
38.086: Application time: 0.0957360 seconds
38.089: [GC38.089: [ParNew: 106893K->7654K(112448K), 0.0026770 secs] 119686K->20476K(364160K), 0.0027200 secs] [Times: user=0.02 sys=0.00, real=0.00 secs] 
38.092: Total time for which application threads were stopped: 0.0058320 seconds, Stopping threads took: 0.0030430 seconds
38.185: Application time: 0.0935340 seconds
38.187: [GC38.187: [ParNew: 107622K->6704K(112448K), 0.0024840 secs] 120444K->19697K(364160K), 0.0025310 secs] [Times: user=0.02 sys=0.00, real=0.01 secs] 
38.190: Total time for which application threads were stopped: 0.0042390 seconds, Stopping threads took: 0.0016350 seconds
38.285: Application time: 0.0949510 seconds
38.288: [GC38.288: [ParNew: 106672K->6520K(112448K), 0.0023520 secs] 119665K->19542K(364160K), 0.0023960 secs] [Times: user=0.02 sys=0.00, real=0.00 secs] 
38.290: Total time for which application threads were stopped: 0.0056430 seconds, Stopping threads took: 0.0031470 seconds
38.383: Application time: 0.0927540 seconds
38.386: [GC38.386: [ParNew: 106488K->6735K(112448K), 0.0023470 secs] 119510K->19757K(364160K), 0.0023900 secs] [Times: user=0.01 sys=0.00, real=0.01 secs] 
38.388: Total time for which application threads were stopped: 0.0050050 seconds, Stopping threads took: 0.0025240 seconds
38.483: Application time: 0.0948860 seconds
38.485: [GC38.485: [ParNew: 106703K->6877K(112448K), 0.0023460 secs] 119725K->19899K(364160K), 0.0023920 secs] [Times: user=0.02 sys=0.00, real=0.01 secs] 
38.487: Total time for which application threads were stopped: 0.0046610 seconds, Stopping threads took: 0.0021810 seconds
38.582: Application time: 0.0941860 seconds
38.584: [GC38.584: [ParNew: 106845K->6542K(112448K), 0.0021800 secs] 119867K->19592K(364160K), 0.0022250 secs] [Times: user=0.02 sys=0.00, real=0.00 secs] 
38.586: Total time for which application threads were stopped: 0.0045200 seconds, Stopping threads took: 0.0022020 seconds
38.682: Application time: 0.0962610 seconds
38.685: [GC38.685: [ParNew: 106510K->7177K(112448K), 0.0027600 secs] 119560K->20369K(364160K), 0.0028020 secs] [Times: user=0.02 sys=0.00, real=0.01 secs] 
38.688: Total time for which application threads were stopped: 0.0054230 seconds, Stopping threads took: 0.0025490 seconds
38.780: Application time: 0.0922840 seconds
38.783: [GC38.783: [ParNew: 107145K->7283K(112448K), 0.0024480 secs] 120337K->20504K(364160K), 0.0024950 secs] [Times: user=0.01 sys=0.01, real=0.00 secs] 
38.785: Total time for which application threads were stopped: 0.0050980 seconds, Stopping threads took: 0.0025100 seconds
38.881: Application time: 0.0955560 seconds
38.883: [GC38.883: [ParNew: 107251K->6599K(112448K), 0.0021620 secs] 120472K->19849K(364160K), 0.0022070 secs] [Times: user=0.01 sys=0.00, real=0.00 secs] 
38.885: Total time for which application threads were stopped: 0.0043020 seconds, Stopping threads took: 0.0020030 seconds
38.981: Application time: 0.0960050 seconds
38.984: [GC38.984: [ParNew: 106567K->6863K(112448K), 0.0022780 secs] 119817K->20113K(364160K), 0.0023200 secs] [Times: user=0.02 sys=0.00, real=0.00 secs] 
38.987: Total time for which application threads were stopped: 0.0054530 seconds, Stopping threads took: 0.0030410 seconds
39.083: Application time: 0.0963940 seconds
39.086: [GC39.086: [ParNew: 106831K->7229K(112448K), 0.0025390 secs] 120081K->20479K(364160K), 0.0025830 secs] [Times: user=0.02 sys=0.00, real=0.01 secs] 
39.089: Total time for which application threads were stopped: 0.0057050 seconds, Stopping threads took: 0.0030460 seconds
39.185: Application time: 0.0959800 seconds
39.188: [GC39.188: [ParNew: 107197K->7789K(112448K), 0.0026290 secs] 120447K->21210K(364160K), 0.0026820 secs] [Times: user=0.01 sys=0.00, real=0.00 secs] 
39.191: Total time for which application threads were stopped: 0.0058830 seconds, Stopping threads took: 0.0031300 seconds
39.284: Application time: 0.0939090 seconds
39.287: [GC39.287: [ParNew: 107757K->7873K(112448K), 0.0026860 secs] 121178K->21323K(364160K), 0.0027310 secs] [Times: user=0.02 sys=0.00, real=0.01 secs] 
39.289: Total time for which application threads were stopped: 0.0048570 seconds, Stopping threads took: 0.0020540 seconds
39.385: Application time: 0.0955580 seconds
39.387: [GC39.387: [ParNew: 107841K->7099K(112448K), 0.0023930 secs] 121291K->20577K(364160K), 0.0024410 secs] [Times: user=0.02 sys=0.00, real=0.01 secs] 
39.389: Total time for which application threads were stopped: 0.0044830 seconds, Stopping threads took: 0.0019610 seconds
39.482: Application time: 0.0926520 seconds
39.484: [GC39.484: [ParNew: 107067K->7014K(112448K), 0.0024140 secs] 120545K->20492K(364160K), 0.0024590 secs] [Times: user=0.01 sys=0.00, real=0.00 secs] 
39.487: Total time for which application threads were stopped: 0.0047100 seconds, Stopping threads took: 0.0021580 seconds
39.589: Application time: 0.1019560 seconds
39.590: [GC39.590: [ParNew: 106982K->6248K(112448K), 0.0023080 secs] 120460K->19726K(364160K), 0.0023530 secs] [Times: user=0.02 sys=0.00, real=0.00 secs] 
39.592: Total time for which application threads were stopped: 0.0032160 seconds, Stopping threads took: 0.0007710 seconds
39.685: Application time: 0.0931840 seconds
39.687: [GC39.687: [ParNew: 106216K->6203K(112448K), 0.0023480 secs] 119694K->19681K(364160K), 0.0023900 secs] [Times: user=0.01 sys=0.00, real=0.01 secs] 
39.689: Total time for which application threads were stopped: 0.0041290 seconds, Stopping threads took: 0.0016490 seconds
39.786: Application time: 0.0966740 seconds
39.789: [GC39.789: [ParNew: 106171K->7427K(112448K), 0.0025870 secs] 119649K->20905K(364160K), 0.0026330 secs] [Times: user=0.02 sys=0.00, real=0.00 secs] 
39.791: Total time for which application threads were stopped: 0.0053190 seconds, Stopping threads took: 0.0026150 seconds
39.888: Application time: 0.0967500 seconds
39.892: [GC39.892: [ParNew: 107395K->6264K(112448K), 0.0023250 secs] 120873K->19971K(364160K), 0.0023710 secs] [Times: user=0.02 sys=0.00, real=0.00 secs] 
39.894: Total time for which application threads were stopped: 0.0059510 seconds, Stopping threads took: 0.0034810 seconds
39.987: Application time: 0.0925660 seconds
39.989: [GC39.989: [ParNew: 106232K->7583K(112448K), 0.0025950 secs] 119939K->21289K(364160K), 0.0026390 secs] [Times: user=0.02 sys=0.00, real=0.00 secs] 
39.992: Total time for which application threads were stopped: 0.0053240 seconds, Stopping threads took: 0.0026140 seconds
40.087: Application time: 0.0955940 seconds
40.089: [GC40.089: [ParNew: 107549K->5611K(112448K), 0.0018820 secs] 121255K->19317K(364160K), 0.0019290 secs] [Times: user=0.01 sys=0.00, real=0.00 secs] 
40.091: Total time for which application threads were stopped: 0.0034190 seconds, Stopping threads took: 0.0013970 seconds
40.186: Application time: 0.0953190 seconds
40.189: [GC40.189: [ParNew: 105579K->6754K(112448K), 0.0022760 secs] 119285K->20460K(364160K), 0.0023210 secs] [Times: user=0.01 sys=0.00, real=0.00 secs] 
40.192: Total time for which application threads were stopped: 0.0053860 seconds, Stopping threads took: 0.0029920 seconds
40.286: Application time: 0.0944410 seconds
40.288: [GC40.288: [ParNew: 106722K->6939K(112448K), 0.0026060 secs] 120428K->20845K(364160K), 0.0026510 secs] [Times: user=0.02 sys=0.00, real=0.00 secs] 
40.291: Total time for which application threads were stopped: 0.0046990 seconds, Stopping threads took: 0.0019530 seconds
40.385: Application time: 0.0942110 seconds
40.387: [GC40.387: [ParNew: 106907K->7263K(112448K), 0.0023540 secs] 120813K->21197K(364160K), 0.0024010 secs] [Times: user=0.02 sys=0.00, real=0.01 secs] 
40.390: Total time for which application threads were stopped: 0.0047540 seconds, Stopping threads took: 0.0022730 seconds
40.485: Application time: 0.0950360 seconds
40.486: [GC40.486: [ParNew: 107231K->6568K(112448K), 0.0021780 secs] 121165K->20502K(364160K), 0.0022200 secs] [Times: user=0.02 sys=0.00, real=0.01 secs] 
40.489: Total time for which application threads were stopped: 0.0038360 seconds, Stopping threads took: 0.0015360 seconds
40.584: Application time: 0.0952820 seconds
40.587: [GC40.587: [ParNew: 106536K->7342K(112448K), 0.0026170 secs] 120470K->21276K(364160K), 0.0026630 secs] [Times: user=0.02 sys=0.00, real=0.01 secs] 
40.589: Total time for which application threads were stopped: 0.0054110 seconds, Stopping threads took: 0.0026660 seconds
40.687: Application time: 0.0973710 seconds
40.688: [GC40.688: [ParNew: 107310K->6800K(112448K), 0.0024930 secs] 121244K->20763K(364160K), 0.0025360 secs] [Times: user=0.02 sys=0.01, real=0.00 secs] 
40.691: Total time for which application threads were stopped: 0.0039580 seconds, Stopping threads took: 0.0013310 seconds
40.786: Application time: 0.0954070 seconds
40.788: [GC40.788: [ParNew: 106768K->6625K(112448K), 0.0024440 secs] 120731K->20759K(364160K), 0.0024890 secs] [Times: user=0.02 sys=0.00, real=0.00 secs] 
40.791: Total time for which application threads were stopped: 0.0048230 seconds, Stopping threads took: 0.0022400 seconds
40.886: Application time: 0.0953100 seconds
40.888: [GC40.888: [ParNew: 106593K->6804K(112448K), 0.0022780 secs] 120727K->20966K(364160K), 0.0023230 secs] [Times: user=0.01 sys=0.00, real=0.00 secs] 
40.891: Total time for which application threads were stopped: 0.0046560 seconds, Stopping threads took: 0.0022630 seconds
40.988: Application time: 0.0970090 seconds
40.991: [GC40.991: [ParNew: 106772K->5571K(112448K), 0.0017450 secs] 120934K->19734K(364160K), 0.0017910 secs] [Times: user=0.01 sys=0.00, real=0.00 secs] 
40.992: Total time for which application threads were stopped: 0.0046200 seconds, Stopping threads took: 0.0027480 seconds
41.087: Application time: 0.0944350 seconds
41.088: [GC41.088: [ParNew: 105539K->6804K(112448K), 0.0022610 secs] 119702K->20967K(364160K), 0.0023060 secs] [Times: user=0.01 sys=0.00, real=0.00 secs] 
41.091: Total time for which application threads were stopped: 0.0037830 seconds, Stopping threads took: 0.0014020 seconds
41.186: Application time: 0.0956370 seconds
41.188: [GC41.188: [ParNew: 106772K->7617K(112448K), 0.0024920 secs] 120935K->21808K(364160K), 0.0025350 secs] [Times: user=0.02 sys=0.00, real=0.00 secs] 
41.190: Total time for which application threads were stopped: 0.0041600 seconds, Stopping threads took: 0.0015330 seconds
41.286: Application time: 0.0951920 seconds
41.288: [GC41.288: [ParNew: 107585K->6898K(112448K), 0.0024310 secs] 121776K->21260K(364160K), 0.0024730 secs] [Times: user=0.02 sys=0.00, real=0.00 secs] 
41.291: Total time for which application threads were stopped: 0.0052980 seconds, Stopping threads took: 0.0027530 seconds
41.384: Application time: 0.0931950 seconds
41.387: [GC41.387: [ParNew: 106866K->7639K(112448K), 0.0026270 secs] 121228K->22029K(364160K), 0.0026700 secs] [Times: user=0.02 sys=0.00, real=0.01 secs] 
41.390: Total time for which application threads were stopped: 0.0053740 seconds, Stopping threads took: 0.0026130 seconds
41.479: Application time: 0.0895300 seconds
41.482: [GC41.482: [ParNew: 107607K->7101K(112448K), 0.0023420 secs] 121997K->21492K(364160K), 0.0023870 secs] [Times: user=0.02 sys=0.00, real=0.00 secs] 
41.485: Total time for which application threads were stopped: 0.0054910 seconds, Stopping threads took: 0.0030130 seconds
41.573: Application time: 0.0887670 seconds
41.576: [GC41.576: [ParNew: 107069K->6578K(112448K), 0.0021000 secs] 121460K->20969K(364160K), 0.0021450 secs] [Times: user=0.02 sys=0.00, real=0.00 secs] 
41.578: Total time for which application threads were stopped: 0.0044180 seconds, Stopping threads took: 0.0021970 seconds
41.669: Application time: 0.0912870 seconds
41.672: [GC41.672: [ParNew: 106546K->5498K(112448K), 0.0017880 secs] 120937K->19889K(364160K), 0.0018360 secs] [Times: user=0.01 sys=0.00, real=0.00 secs] 
41.673: Total time for which application threads were stopped: 0.0044030 seconds, Stopping threads took: 0.0024760 seconds
41.759: Application time: 0.0855120 seconds
41.762: [GC41.762: [ParNew: 105466K->7590K(112448K), 0.0026090 secs] 119857K->21981K(364160K), 0.0026530 secs] [Times: user=0.02 sys=0.00, real=0.00 secs] 
41.764: Total time for which application threads were stopped: 0.0053980 seconds, Stopping threads took: 0.0026540 seconds
41.858: Application time: 0.0933450 seconds
41.858: [GC41.859: [ParNew: 107558K->7352K(112448K), 0.0024890 secs] 121949K->21971K(364160K), 0.0025330 secs] [Times: user=0.01 sys=0.00, real=0.01 secs] 
41.861: Total time for which application threads were stopped: 0.0033750 seconds, Stopping threads took: 0.0007780 seconds
41.948: Application time: 0.0866820 seconds
41.950: [GC41.950: [ParNew: 107320K->7165K(112448K), 0.0024640 secs] 121939K->21784K(364160K), 0.0025080 secs] [Times: user=0.02 sys=0.00, real=0.00 secs] 
41.953: Total time for which application threads were stopped: 0.0048590 seconds, Stopping threads took: 0.0022800 seconds
42.040: Application time: 0.0874820 seconds
42.043: [GC42.043: [ParNew: 107133K->6769K(112448K), 0.0037040 secs] 121752K->21388K(364160K), 0.0037520 secs] [Times: user=0.02 sys=0.00, real=0.00 secs] 
42.047: Total time for which application threads were stopped: 0.0066960 seconds, Stopping threads took: 0.0028740 seconds
42.138: Application time: 0.0913650 seconds
42.141: [GC42.141: [ParNew: 106737K->7971K(112448K), 0.0027630 secs] 121356K->22589K(364160K), 0.0028090 secs] [Times: user=0.02 sys=0.00, real=0.00 secs] 
42.144: Total time for which application threads were stopped: 0.0054460 seconds, Stopping threads took: 0.0025370 seconds
42.232: Application time: 0.0888470 seconds
42.235: [GC42.235: [ParNew: 107939K->6781K(112448K), 0.0022620 secs] 122557K->21571K(364160K), 0.0023080 secs] [Times: user=0.02 sys=0.00, real=0.00 secs] 
42.237: Total time for which application threads were stopped: 0.0043900 seconds, Stopping threads took: 0.0020120 seconds
42.327: Application time: 0.0902850 seconds
42.329: [GC42.329: [ParNew: 106749K->7608K(112448K), 0.0027200 secs] 121539K->22455K(364160K), 0.0027660 secs] [Times: user=0.02 sys=0.00, real=0.00 secs] 
42.332: Total time for which application threads were stopped: 0.0049270 seconds, Stopping threads took: 0.0020720 seconds
42.420: Application time: 0.0878920 seconds
42.422: [GC42.422: [ParNew: 107576K->6865K(112448K), 0.0022650 secs] 122423K->21712K(364160K), 0.0023100 secs] [Times: user=0.02 sys=0.00, real=0.00 secs] 
42.425: Total time for which application threads were stopped: 0.0047160 seconds, Stopping threads took: 0.0023350 seconds
42.513: Application time: 0.0887870 seconds
42.515: [GC42.515: [ParNew: 106833K->7744K(112448K), 0.0024960 secs] 121680K->22591K(364160K), 0.0025410 secs] [Times: user=0.02 sys=0.00, real=0.00 secs] 
42.518: Total time for which application threads were stopped: 0.0043890 seconds, Stopping threads took: 0.0017710 seconds
42.609: Application time: 0.0907300 seconds
42.611: [GC42.611: [ParNew: 107712K->7640K(112448K), 0.0024750 secs] 122559K->22487K(364160K), 0.0025230 secs] [Times: user=0.02 sys=0.00, real=0.00 secs] 
42.614: Total time for which application threads were stopped: 0.0050800 seconds, Stopping threads took: 0.0024920 seconds
42.703: Application time: 0.0893100 seconds
42.705: [GC42.705: [ParNew: 107608K->7321K(112448K), 0.0024440 secs] 122455K->22282K(364160K), 0.0024900 secs] [Times: user=0.02 sys=0.00, real=0.01 secs] 
42.708: Total time for which application threads were stopped: 0.0045960 seconds, Stopping threads took: 0.0020260 seconds
42.796: Application time: 0.0884710 seconds
42.798: [GC42.798: [ParNew: 107289K->5930K(112448K), 0.0019650 secs] 122250K->20977K(364160K), 0.0020090 secs] [Times: user=0.01 sys=0.00, real=0.01 secs] 
42.800: Total time for which application threads were stopped: 0.0037780 seconds, Stopping threads took: 0.0016980 seconds
42.889: Application time: 0.0891630 seconds
42.891: [GC42.891: [ParNew: 105898K->7488K(112448K), 0.0025910 secs] 120945K->22534K(364160K), 0.0026430 secs] [Times: user=0.02 sys=0.00, real=0.00 secs] 
42.894: Total time for which application threads were stopped: 0.0047760 seconds, Stopping threads took: 0.0020630 seconds
42.984: Application time: 0.0903840 seconds
42.987: [GC42.987: [ParNew: 107456K->7208K(112448K), 0.0024440 secs] 122502K->22283K(364160K), 0.0024850 secs] [Times: user=0.02 sys=0.00, real=0.01 secs] 
42.990: Total time for which application threads were stopped: 0.0053640 seconds, Stopping threads took: 0.0028080 seconds
43.077: Application time: 0.0873740 seconds
43.079: [GC43.079: [ParNew: 107176K->7393K(112448K), 0.0024460 secs] 122251K->22468K(364160K), 0.0024900 secs] [Times: user=0.01 sys=0.00, real=0.01 secs] 
43.081: Total time for which application threads were stopped: 0.0043340 seconds, Stopping threads took: 0.0017750 seconds
43.172: Application time: 0.0909420 seconds
43.174: [GC43.174: [ParNew: 107361K->6970K(112448K), 0.0021890 secs] 122436K->22102K(364160K), 0.0022340 secs] [Times: user=0.01 sys=0.00, real=0.00 secs] 
43.176: Total time for which application threads were stopped: 0.0038500 seconds, Stopping threads took: 0.0015460 seconds
43.265: Application time: 0.0889140 seconds
43.266: [GC43.266: [ParNew: 106938K->4727K(112448K), 0.0016510 secs] 122070K->20002K(364160K), 0.0016950 secs] [Times: user=0.01 sys=0.00, real=0.01 secs] 
43.268: Total time for which application threads were stopped: 0.0029040 seconds, Stopping threads took: 0.0011310 seconds
43.358: Application time: 0.0900950 seconds
43.361: [GC43.361: [ParNew: 104695K->6799K(112448K), 0.0021130 secs] 119970K->22073K(364160K), 0.0021520 secs] [Times: user=0.02 sys=0.00, real=0.00 secs] 
43.363: Total time for which application threads were stopped: 0.0052630 seconds, Stopping threads took: 0.0030470 seconds
43.452: Application time: 0.0889500 seconds
43.455: [GC43.455: [ParNew: 106767K->6670K(112448K), 0.0022130 secs] 122041K->21973K(364160K), 0.0022570 secs] [Times: user=0.02 sys=0.00, real=0.00 secs] 
43.457: Total time for which application threads were stopped: 0.0048030 seconds, Stopping threads took: 0.0024550 seconds
43.547: Application time: 0.0899710 seconds
43.549: [GC43.549: [ParNew: 106638K->7641K(112448K), 0.0023890 secs] 121941K->22944K(364160K), 0.0024360 secs] [Times: user=0.01 sys=0.00, real=0.00 secs] 
43.552: Total time for which application threads were stopped: 0.0045970 seconds, Stopping threads took: 0.0020900 seconds
43.642: Application time: 0.0900370 seconds
43.644: [GC43.644: [ParNew: 107609K->5796K(112448K), 0.0020680 secs] 122912K->21127K(364160K), 0.0021100 secs] [Times: user=0.01 sys=0.00, real=0.00 secs] 
43.646: Total time for which application threads were stopped: 0.0042080 seconds, Stopping threads took: 0.0020260 seconds
43.734: Application time: 0.0883990 seconds
43.736: [GC43.736: [ParNew: 105764K->6703K(112448K), 0.0021770 secs] 121095K->22035K(364160K), 0.0022210 secs] [Times: user=0.02 sys=0.00, real=0.00 secs] 
43.738: Total time for which application threads were stopped: 0.0041780 seconds, Stopping threads took: 0.0018670 seconds
43.829: Application time: 0.0903390 seconds
43.831: [GC43.831: [ParNew: 106671K->6107K(112448K), 0.0020900 secs] 122003K->21638K(364160K), 0.0021370 secs] [Times: user=0.01 sys=0.01, real=0.00 secs] 
43.833: Total time for which application threads were stopped: 0.0046560 seconds, Stopping threads took: 0.0024380 seconds
43.924: Application time: 0.0909500 seconds
43.926: [GC43.926: [ParNew: 106075K->6116K(112448K), 0.0020570 secs] 121606K->21647K(364160K), 0.0020980 secs] [Times: user=0.02 sys=0.00, real=0.01 secs] 
43.928: Total time for which application threads were stopped: 0.0037640 seconds, Stopping threads took: 0.0016000 seconds
44.024: Application time: 0.0964100 seconds
44.026: [GC44.026: [ParNew: 106084K->4272K(112448K), 0.0015060 secs] 121615K->19803K(364160K), 0.0015540 secs] [Times: user=0.01 sys=0.00, real=0.01 secs] 
44.027: Total time for which application threads were stopped: 0.0028070 seconds, Stopping threads took: 0.0011760 seconds
44.119: Application time: 0.0913170 seconds
44.121: [GC44.121: [ParNew: 104240K->5063K(112448K), 0.0016650 secs] 119771K->20594K(364160K), 0.0017090 secs] [Times: user=0.01 sys=0.00, real=0.00 secs] 
44.123: Total time for which application threads were stopped: 0.0038850 seconds, Stopping threads took: 0.0021060 seconds
44.211: Application time: 0.0885870 seconds
44.214: [GC44.214: [ParNew: 105031K->7011K(112448K), 0.0024000 secs] 120562K->22542K(364160K), 0.0024450 secs] [Times: user=0.02 sys=0.00, real=0.00 secs] 
44.216: Total time for which application threads were stopped: 0.0053400 seconds, Stopping threads took: 0.0028310 seconds
44.308: Application time: 0.0913180 seconds
44.310: [GC44.311: [ParNew: 106979K->6863K(112448K), 0.0023020 secs] 122510K->22622K(364160K), 0.0023500 secs] [Times: user=0.01 sys=0.01, real=0.00 secs] 
44.313: Total time for which application threads were stopped: 0.0051020 seconds, Stopping threads took: 0.0026810 seconds
44.402: Application time: 0.0888030 seconds
44.404: [GC44.404: [ParNew: 106831K->6648K(112448K), 0.0021630 secs] 122590K->22408K(364160K), 0.0022020 secs] [Times: user=0.02 sys=0.00, real=0.00 secs] 
44.407: Total time for which application threads were stopped: 0.0049000 seconds, Stopping threads took: 0.0026210 seconds
44.497: Application time: 0.0906370 seconds
44.499: [GC44.499: [ParNew: 106616K->6006K(112448K), 0.0020970 secs] 122376K->21765K(364160K), 0.0021420 secs] [Times: user=0.01 sys=0.00, real=0.01 secs] 
44.501: Total time for which application threads were stopped: 0.0041160 seconds, Stopping threads took: 0.0019020 seconds
44.590: Application time: 0.0890800 seconds
44.593: [GC44.593: [ParNew: 105974K->7484K(112448K), 0.0025220 secs] 121733K->23243K(364160K), 0.0025710 secs] [Times: user=0.02 sys=0.00, real=0.00 secs] 
44.595: Total time for which application threads were stopped: 0.0050770 seconds, Stopping threads took: 0.0024330 seconds
44.685: Application time: 0.0891770 seconds
44.687: [GC44.687: [ParNew: 107452K->7305K(112448K), 0.0024210 secs] 123211K->23207K(364160K), 0.0024680 secs] [Times: user=0.02 sys=0.00, real=0.01 secs] 
44.690: Total time for which application threads were stopped: 0.0049900 seconds, Stopping threads took: 0.0024520 seconds
44.777: Application time: 0.0870790 seconds
44.779: [GC44.779: [ParNew: 107273K->7826K(112448K), 0.0025310 secs] 123175K->23813K(364160K), 0.0025770 secs] [Times: user=0.02 sys=0.00, real=0.01 secs] 
44.781: Total time for which application threads were stopped: 0.0046990 seconds, Stopping threads took: 0.0020320 seconds
44.871: Application time: 0.0900230 seconds
44.874: [GC44.874: [ParNew: 107794K->6976K(112448K), 0.0023280 secs] 123781K->22964K(364160K), 0.0023750 secs] [Times: user=0.02 sys=0.00, real=0.00 secs] 
44.876: Total time for which application threads were stopped: 0.0048130 seconds, Stopping threads took: 0.0023680 seconds
44.967: Application time: 0.0902570 seconds
44.969: [GC44.969: [ParNew: 106944K->6977K(112448K), 0.0022500 secs] 122932K->22965K(364160K), 0.0022960 secs] [Times: user=0.01 sys=0.00, real=0.00 secs] 
44.972: Total time for which application threads were stopped: 0.0050440 seconds, Stopping threads took: 0.0026700 seconds
45.060: Application time: 0.0888310 seconds
45.063: [GC45.063: [ParNew: 106945K->6865K(112448K), 0.0023640 secs] 122933K->22853K(364160K), 0.0024090 secs] [Times: user=0.01 sys=0.00, real=0.00 secs] 
45.065: Total time for which application threads were stopped: 0.0045870 seconds, Stopping threads took: 0.0020890 seconds
45.157: Application time: 0.0915410 seconds
45.160: [GC45.160: [ParNew: 106833K->6462K(112448K), 0.0023060 secs] 122821K->22564K(364160K), 0.0023500 secs] [Times: user=0.02 sys=0.00, real=0.00 secs] 
45.162: Total time for which application threads were stopped: 0.0055560 seconds, Stopping threads took: 0.0031350 seconds
45.254: Application time: 0.0919040 seconds
45.256: [GC45.256: [ParNew: 106430K->6543K(112448K), 0.0023470 secs] 122532K->22758K(364160K), 0.0023980 secs] [Times: user=0.02 sys=0.00, real=0.00 secs] 
45.258: Total time for which application threads were stopped: 0.0041470 seconds, Stopping threads took: 0.0016750 seconds
45.350: Application time: 0.0922540 seconds
45.353: [GC45.353: [ParNew: 106511K->7135K(112448K), 0.0023820 secs] 122726K->23350K(364160K), 0.0024240 secs] [Times: user=0.02 sys=0.00, real=0.00 secs] 
45.355: Total time for which application threads were stopped: 0.0047190 seconds, Stopping threads took: 0.0022230 seconds
45.450: Application time: 0.0949930 seconds
45.454: [GC45.454: [ParNew: 107103K->6843K(112448K), 0.0023930 secs] 123318K->23059K(364160K), 0.0024410 secs] [Times: user=0.02 sys=0.00, real=0.00 secs] 
45.456: Total time for which application threads were stopped: 0.0059030 seconds, Stopping threads took: 0.0033800 seconds
45.557: Application time: 0.1009720 seconds
45.559: [GC45.559: [ParNew: 106811K->7987K(112448K), 0.0026430 secs] 123027K->24202K(364160K), 0.0026870 secs] [Times: user=0.02 sys=0.00, real=0.01 secs] 
45.562: Total time for which application threads were stopped: 0.0046580 seconds, Stopping threads took: 0.0018870 seconds
45.661: Application time: 0.0989000 seconds
45.661: [GC45.661: [ParNew: 107955K->5599K(112448K), 0.0020210 secs] 124170K->21900K(364160K), 0.0020620 secs] [Times: user=0.01 sys=0.00, real=0.00 secs] 
45.663: Total time for which application threads were stopped: 0.0026970 seconds, Stopping threads took: 0.0005520 seconds
45.758: Application time: 0.0944220 seconds
45.760: [GC45.760: [ParNew: 105567K->6893K(112448K), 0.0025290 secs] 121868K->23194K(364160K), 0.0025710 secs] [Times: user=0.02 sys=0.00, real=0.00 secs] 
45.762: Total time for which application threads were stopped: 0.0046980 seconds, Stopping threads took: 0.0020560 seconds
45.857: Application time: 0.0948440 seconds
45.859: [GC45.859: [ParNew: 106861K->6564K(112448K), 0.0023450 secs] 123162K->23007K(364160K), 0.0023950 secs] [Times: user=0.01 sys=0.00, real=0.01 secs] 
45.862: Total time for which application threads were stopped: 0.0044120 seconds, Stopping threads took: 0.0019450 seconds
45.956: Application time: 0.0942750 seconds
45.958: [GC45.958: [ParNew: 106532K->7451K(112448K), 0.0024830 secs] 122975K->23894K(364160K), 0.0025310 secs] [Times: user=0.02 sys=0.00, real=0.01 secs] 
45.961: Total time for which application threads were stopped: 0.0047570 seconds, Stopping threads took: 0.0021540 seconds
46.056: Application time: 0.0952150 seconds
46.059: [GC46.059: [ParNew: 107419K->6597K(112448K), 0.0022190 secs] 123862K->23040K(364160K), 0.0022650 secs] [Times: user=0.02 sys=0.00, real=0.01 secs] 
46.061: Total time for which application threads were stopped: 0.0048840 seconds, Stopping threads took: 0.0025430 seconds
46.156: Application time: 0.0947420 seconds
46.159: [GC46.159: [ParNew: 106565K->6538K(112448K), 0.0022290 secs] 123008K->23067K(364160K), 0.0022740 secs] [Times: user=0.02 sys=0.00, real=0.01 secs] 
46.161: Total time for which application threads were stopped: 0.0054840 seconds, Stopping threads took: 0.0031300 seconds
46.261: Application time: 0.0998890 seconds
46.264: [GC46.264: [ParNew: 106506K->6274K(112448K), 0.0021200 secs] 123035K->22917K(364160K), 0.0021630 secs] [Times: user=0.01 sys=0.00, real=0.00 secs] 
46.266: Total time for which application threads were stopped: 0.0053880 seconds, Stopping threads took: 0.0031530 seconds
46.363: Application time: 0.0966170 seconds
46.365: [GC46.365: [ParNew: 106242K->6035K(112448K), 0.0019100 secs] 122885K->22707K(364160K), 0.0019580 secs] [Times: user=0.01 sys=0.00, real=0.00 secs] 
46.367: Total time for which application threads were stopped: 0.0043160 seconds, Stopping threads took: 0.0022840 seconds
46.465: Application time: 0.0979020 seconds
46.467: [GC46.467: [ParNew: 106003K->7004K(112448K), 0.0023240 secs] 122675K->23676K(364160K), 0.0023660 secs] [Times: user=0.01 sys=0.00, real=0.01 secs] 
46.470: Total time for which application threads were stopped: 0.0044590 seconds, Stopping threads took: 0.0020240 seconds
46.563: Application time: 0.0938590 seconds
46.566: [GC46.566: [ParNew: 106972K->6826K(112448K), 0.0022130 secs] 123644K->23498K(364160K), 0.0022680 secs] [Times: user=0.02 sys=0.00, real=0.01 secs] 
46.568: Total time for which application threads were stopped: 0.0045970 seconds, Stopping threads took: 0.0022580 seconds
46.660: Application time: 0.0918350 seconds
46.662: [GC46.662: [ParNew: 106794K->6581K(112448K), 0.0023720 secs] 123466K->23281K(364160K), 0.0024190 secs] [Times: user=0.02 sys=0.00, real=0.00 secs] 
46.665: Total time for which application threads were stopped: 0.0049970 seconds, Stopping threads took: 0.0024930 seconds
46.760: Application time: 0.0951960 seconds
46.762: [GC46.762: [ParNew: 106549K->7472K(112448K), 0.0025960 secs] 123249K->24315K(364160K), 0.0026390 secs] [Times: user=0.02 sys=0.00, real=0.00 secs] 
46.764: Total time for which application threads were stopped: 0.0043820 seconds, Stopping threads took: 0.0016700 seconds
46.860: Application time: 0.0956760 seconds
46.862: [GC46.862: [ParNew: 107440K->6675K(112448K), 0.0022850 secs] 124283K->23575K(364160K), 0.0023360 secs] [Times: user=0.02 sys=0.00, real=0.00 secs] 
46.864: Total time for which application threads were stopped: 0.0039170 seconds, Stopping threads took: 0.0015080 seconds
46.961: Application time: 0.0964190 seconds
46.964: [GC46.964: [ParNew: 106643K->7062K(112448K), 0.0023470 secs] 123543K->23962K(364160K), 0.0023900 secs] [Times: user=0.02 sys=0.00, real=0.00 secs] 
46.966: Total time for which application threads were stopped: 0.0055780 seconds, Stopping threads took: 0.0030950 seconds
47.062: Application time: 0.0963140 seconds
47.065: [GC47.065: [ParNew: 107030K->7914K(112448K), 0.0026690 secs] 123930K->24814K(364160K), 0.0027160 secs] [Times: user=0.02 sys=0.00, real=0.01 secs] 
47.068: Total time for which application threads were stopped: 0.0057680 seconds, Stopping threads took: 0.0029600 seconds
47.167: Application time: 0.0984140 seconds
47.170: [GC47.170: [ParNew: 107882K->7933K(112448K), 0.0027130 secs] 124782K->24861K(364160K), 0.0027590 secs] [Times: user=0.02 sys=0.00, real=0.00 secs] 
47.172: Total time for which application threads were stopped: 0.0058390 seconds, Stopping threads took: 0.0029960 seconds
47.268: Application time: 0.0956480 seconds
47.270: [GC47.270: [ParNew: 107901K->6838K(112448K), 0.0024060 secs] 124829K->23909K(364160K), 0.0024520 secs] [Times: user=0.02 sys=0.00, real=0.00 secs] 
47.273: Total time for which application threads were stopped: 0.0044760 seconds, Stopping threads took: 0.0019400 seconds
47.370: Application time: 0.0979270 seconds
47.373: [GC47.373: [ParNew: 106806K->6842K(112448K), 0.0023690 secs] 123877K->23970K(364160K), 0.0024140 secs] [Times: user=0.02 sys=0.00, real=0.00 secs] 
47.376: Total time for which application threads were stopped: 0.0054280 seconds, Stopping threads took: 0.0029420 seconds
47.468: Application time: 0.0924840 seconds
47.471: [GC47.471: [ParNew: 106810K->5975K(112448K), 0.0021170 secs] 123938K->23103K(364160K), 0.0021610 secs] [Times: user=0.01 sys=0.00, real=0.00 secs] 
47.473: Total time for which application threads were stopped: 0.0045640 seconds, Stopping threads took: 0.0023370 seconds
47.567: Application time: 0.0938350 seconds
47.569: [GC47.569: [ParNew: 105943K->6926K(112448K), 0.0023990 secs] 123071K->24054K(364160K), 0.0024400 secs] [Times: user=0.02 sys=0.00, real=0.00 secs] 
47.571: Total time for which application threads were stopped: 0.0043620 seconds, Stopping threads took: 0.0018530 seconds
47.666: Application time: 0.0949580 seconds
47.669: [GC47.669: [ParNew: 106894K->7117K(112448K), 0.0024640 secs] 124022K->24273K(364160K), 0.0025070 secs] [Times: user=0.02 sys=0.00, real=0.00 secs] 
47.671: Total time for which application threads were stopped: 0.0049770 seconds, Stopping threads took: 0.0023780 seconds
47.766: Application time: 0.0951000 seconds
47.769: [GC47.770: [ParNew: 107085K->7042K(112448K), 0.0023080 secs] 124241K->24341K(364160K), 0.0023540 secs] [Times: user=0.02 sys=0.00, real=0.00 secs] 
47.772: Total time for which application threads were stopped: 0.0056650 seconds, Stopping threads took: 0.0032040 seconds
47.867: Application time: 0.0954700 seconds
47.870: [GC47.870: [ParNew: 107010K->6873K(112448K), 0.0022850 secs] 124309K->24229K(364160K), 0.0023240 secs] [Times: user=0.02 sys=0.00, real=0.00 secs] 
47.872: Total time for which application threads were stopped: 0.0049970 seconds, Stopping threads took: 0.0026010 seconds
47.967: Application time: 0.0944870 seconds
47.969: [GC47.969: [ParNew: 106841K->6590K(112448K), 0.0021430 secs] 124197K->23946K(364160K), 0.0021890 secs] [Times: user=0.02 sys=0.00, real=0.00 secs] 
47.971: Total time for which application threads were stopped: 0.0042750 seconds, Stopping threads took: 0.0020130 seconds
48.067: Application time: 0.0962490 seconds
48.070: [GC48.070: [ParNew: 106558K->7880K(112448K), 0.0026410 secs] 123914K->25236K(364160K), 0.0026860 secs] [Times: user=0.01 sys=0.00, real=0.00 secs] 
48.073: Total time for which application threads were stopped: 0.0056720 seconds, Stopping threads took: 0.0029150 seconds
48.169: Application time: 0.0964000 seconds
48.170: [GC48.170: [ParNew: 107848K->6730K(112448K), 0.0021770 secs] 125204K->24086K(364160K), 0.0022220 secs] [Times: user=0.01 sys=0.00, real=0.00 secs] 
48.172: Total time for which application threads were stopped: 0.0027590 seconds, Stopping threads took: 0.0004640 seconds
48.267: Application time: 0.0945360 seconds
48.269: [GC48.269: [ParNew: 106698K->7415K(112448K), 0.0029090 secs] 124054K->24886K(364160K), 0.0029550 secs] [Times: user=0.02 sys=0.00, real=0.00 secs] 
48.272: Total time for which application threads were stopped: 0.0050890 seconds, Stopping threads took: 0.0020530 seconds
48.367: Application time: 0.0953750 seconds
48.370: [GC48.370: [ParNew: 107383K->6308K(112448K), 0.0021380 secs] 124854K->23892K(364160K), 0.0021840 secs] [Times: user=0.01 sys=0.00, real=0.00 secs] 
48.372: Total time for which application threads were stopped: 0.0048890 seconds, Stopping threads took: 0.0026080 seconds
48.465: Application time: 0.0928680 seconds
48.467: [GC48.467: [ParNew: 106276K->6082K(112448K), 0.0022100 secs] 123860K->23667K(364160K), 0.0022570 secs] [Times: user=0.02 sys=0.00, real=0.01 secs] 
48.469: Total time for which application threads were stopped: 0.0043830 seconds, Stopping threads took: 0.0020530 seconds
48.570: Application time: 0.1002320 seconds
48.571: [GC48.571: [ParNew: 106050K->4587K(112448K), 0.0015800 secs] 123635K->22171K(364160K), 0.0016250 secs] [Times: user=0.01 sys=0.00, real=0.00 secs] 
48.573: Total time for which application threads were stopped: 0.0032520 seconds, Stopping threads took: 0.0015540 seconds
48.666: Application time: 0.0934290 seconds
48.668: [GC48.668: [ParNew: 104555K->7517K(112448K), 0.0025780 secs] 122139K->25101K(364160K), 0.0026190 secs] [Times: user=0.01 sys=0.00, real=0.00 secs] 
48.671: Total time for which application threads were stopped: 0.0045740 seconds, Stopping threads took: 0.0018840 seconds
48.765: Application time: 0.0942800 seconds
48.768: [GC48.768: [ParNew: 107485K->7202K(112448K), 0.0024750 secs] 125069K->24843K(364160K), 0.0025200 secs] [Times: user=0.01 sys=0.00, real=0.00 secs] 
48.770: Total time for which application threads were stopped: 0.0051230 seconds, Stopping threads took: 0.0025200 seconds
48.863: Application time: 0.0930290 seconds
48.865: [GC48.865: [ParNew: 107170K->7145K(112448K), 0.0025370 secs] 124811K->24957K(364160K), 0.0025840 secs] [Times: user=0.02 sys=0.00, real=0.01 secs] 
48.868: Total time for which application threads were stopped: 0.0046010 seconds, Stopping threads took: 0.0019250 seconds
48.963: Application time: 0.0952740 seconds
48.965: [GC48.965: [ParNew: 107113K->7061K(112448K), 0.0023870 secs] 124925K->24873K(364160K), 0.0024340 secs] [Times: user=0.02 sys=0.00, real=0.00 secs] 
48.967: Total time for which application threads were stopped: 0.0040550 seconds, Stopping threads took: 0.0015200 seconds
49.062: Application time: 0.0947500 seconds
49.064: [GC49.064: [ParNew: 107029K->7148K(112448K), 0.0024400 secs] 124841K->24961K(364160K), 0.0024920 secs] [Times: user=0.02 sys=0.00, real=0.00 secs] 
49.067: Total time for which application threads were stopped: 0.0046910 seconds, Stopping threads took: 0.0021280 seconds
49.161: Application time: 0.0944820 seconds
49.164: [GC49.164: [ParNew: 107116K->6309K(112448K), 0.0021080 secs] 124929K->24121K(364160K), 0.0021510 secs] [Times: user=0.02 sys=0.00, real=0.00 secs] 
49.166: Total time for which application threads were stopped: 0.0050290 seconds, Stopping threads took: 0.0027890 seconds
49.260: Application time: 0.0942360 seconds
49.264: [GC49.264: [ParNew: 106277K->7513K(112448K), 0.0027030 secs] 124089K->25383K(364160K), 0.0027470 secs] [Times: user=0.02 sys=0.00, real=0.00 secs] 
49.267: Total time for which application threads were stopped: 0.0061060 seconds, Stopping threads took: 0.0032850 seconds
49.359: Application time: 0.0920080 seconds
49.361: [GC49.361: [ParNew: 107481K->7339K(112448K), 0.0025900 secs] 125351K->25351K(364160K), 0.0026330 secs] [Times: user=0.02 sys=0.00, real=0.00 secs] 
49.364: Total time for which application threads were stopped: 0.0051030 seconds, Stopping threads took: 0.0023910 seconds
49.458: Application time: 0.0945710 seconds
49.460: [GC49.460: [ParNew: 107307K->7365K(112448K), 0.0025820 secs] 125319K->25406K(364160K), 0.0026260 secs] [Times: user=0.02 sys=0.00, real=0.00 secs] 
49.462: Total time for which application threads were stopped: 0.0039930 seconds, Stopping threads took: 0.0012740 seconds
49.555: Application time: 0.0925590 seconds
49.559: [GC49.559: [ParNew: 107333K->6379K(112448K), 0.0021140 secs] 125374K->24419K(364160K), 0.0021560 secs] [Times: user=0.02 sys=0.00, real=0.00 secs] 
49.562: Total time for which application threads were stopped: 0.0068460 seconds, Stopping threads took: 0.0045910 seconds
49.651: Application time: 0.0897300 seconds
49.653: [GC49.653: [ParNew: 106347K->6233K(112448K), 0.0021310 secs] 124387K->24274K(364160K), 0.0021770 secs] [Times: user=0.01 sys=0.00, real=0.00 secs] 
49.656: Total time for which application threads were stopped: 0.0043150 seconds, Stopping threads took: 0.0020690 seconds
49.746: Application time: 0.0901650 seconds
49.748: [GC49.748: [ParNew: 106201K->6877K(112448K), 0.0024480 secs] 124242K->24918K(364160K), 0.0024910 secs] [Times: user=0.02 sys=0.00, real=0.00 secs] 
49.751: Total time for which application threads were stopped: 0.0046910 seconds, Stopping threads took: 0.0021310 seconds
49.839: Application time: 0.0887990 seconds
49.841: [GC49.841: [ParNew: 106845K->6542K(112448K), 0.0026300 secs] 124886K->24782K(364160K), 0.0026750 secs] [Times: user=0.01 sys=0.00, real=0.00 secs] 
49.844: Total time for which application threads were stopped: 0.0047850 seconds, Stopping threads took: 0.0020400 seconds
49.933: Application time: 0.0889090 seconds
49.935: [GC49.935: [ParNew: 106510K->7166K(112448K), 0.0025480 secs] 124750K->25435K(364160K), 0.0025910 secs] [Times: user=0.02 sys=0.00, real=0.00 secs] 
49.938: Total time for which application threads were stopped: 0.0046750 seconds, Stopping threads took: 0.0020140 seconds
50.028: Application time: 0.0898280 seconds
50.029: [GC50.029: [ParNew: 107134K->6637K(112448K), 0.0022860 secs] 125403K->24905K(364160K), 0.0023310 secs] [Times: user=0.01 sys=0.00, real=0.00 secs] 
50.031: Total time for which application threads were stopped: 0.0039390 seconds, Stopping threads took: 0.0015390 seconds
50.124: Application time: 0.0921090 seconds
50.126: [GC50.126: [ParNew: 106605K->6843K(112448K), 0.0022070 secs] 124873K->25111K(364160K), 0.0022540 secs] [Times: user=0.02 sys=0.00, real=0.01 secs] 
50.128: Total time for which application threads were stopped: 0.0048840 seconds, Stopping threads took: 0.0025310 seconds
50.218: Application time: 0.0894980 seconds
50.221: [GC50.221: [ParNew: 106811K->6913K(112448K), 0.0022780 secs] 125079K->25210K(364160K), 0.0023250 secs] [Times: user=0.02 sys=0.00, real=0.00 secs] 
50.223: Total time for which application threads were stopped: 0.0051540 seconds, Stopping threads took: 0.0027390 seconds
50.315: Application time: 0.0917590 seconds
50.318: [GC50.318: [ParNew: 106881K->5622K(112448K), 0.0018920 secs] 125178K->24061K(364160K), 0.0019450 secs] [Times: user=0.01 sys=0.00, real=0.01 secs] 
50.320: Total time for which application threads were stopped: 0.0046380 seconds, Stopping threads took: 0.0026020 seconds
50.413: Application time: 0.0938530 seconds
50.414: [GC50.414: [ParNew: 105590K->4901K(112448K), 0.0019580 secs] 124029K->23341K(364160K), 0.0019960 secs] [Times: user=0.01 sys=0.00, real=0.00 secs] 
50.416: Total time for which application threads were stopped: 0.0026830 seconds, Stopping threads took: 0.0006190 seconds
50.505: Application time: 0.0893980 seconds
50.508: [GC50.508: [ParNew: 104869K->7138K(112448K), 0.0023290 secs] 123309K->25577K(364160K), 0.0023740 secs] [Times: user=0.02 sys=0.00, real=0.00 secs] 
50.510: Total time for which application threads were stopped: 0.0045230 seconds, Stopping threads took: 0.0020590 seconds
50.601: Application time: 0.0906840 seconds
50.603: [GC50.603: [ParNew: 107106K->7026K(112448K), 0.0024670 secs] 125545K->25523K(364160K), 0.0025120 secs] [Times: user=0.01 sys=0.00, real=0.00 secs] 
50.606: Total time for which application threads were stopped: 0.0050710 seconds, Stopping threads took: 0.0024870 seconds
50.695: Application time: 0.0895200 seconds
50.698: [GC50.698: [ParNew: 106994K->6782K(112448K), 0.0021870 secs] 125491K->25279K(364160K), 0.0022330 secs] [Times: user=0.02 sys=0.00, real=0.01 secs] 
50.700: Total time for which application threads were stopped: 0.0048570 seconds, Stopping threads took: 0.0025450 seconds
50.790: Application time: 0.0894820 seconds
50.792: [GC50.792: [ParNew: 106750K->7389K(112448K), 0.0025010 secs] 125247K->26000K(364160K), 0.0025450 secs] [Times: user=0.02 sys=0.01, real=0.00 secs] 
50.794: Total time for which application threads were stopped: 0.0047750 seconds, Stopping threads took: 0.0021390 seconds
50.883: Application time: 0.0890580 seconds
50.885: [GC50.885: [ParNew: 107357K->5776K(112448K), 0.0020380 secs] 125968K->24501K(364160K), 0.0020830 secs] [Times: user=0.01 sys=0.00, real=0.01 secs] 
50.888: Total time for which application threads were stopped: 0.0040610 seconds, Stopping threads took: 0.0019070 seconds
50.977: Application time: 0.0892100 seconds
50.978: [GC50.978: [ParNew: 105744K->6333K(112448K), 0.0021850 secs] 124469K->25058K(364160K), 0.0022290 secs] [Times: user=0.02 sys=0.00, real=0.01 secs] 
50.981: Total time for which application threads were stopped: 0.0038770 seconds, Stopping threads took: 0.0015820 seconds
51.069: Application time: 0.0880050 seconds
51.071: [GC51.071: [ParNew: 106301K->7204K(112448K), 0.0022690 secs] 125026K->25928K(364160K), 0.0023200 secs] [Times: user=0.02 sys=0.00, real=0.00 secs] 
51.074: Total time for which application threads were stopped: 0.0049710 seconds, Stopping threads took: 0.0025800 seconds
51.161: Application time: 0.0873890 seconds
51.163: [GC51.163: [ParNew: 107172K->6020K(112448K), 0.0019310 secs] 125896K->24745K(364160K), 0.0019770 secs] [Times: user=0.01 sys=0.00, real=0.00 secs] 
51.165: Total time for which application threads were stopped: 0.0040670 seconds, Stopping threads took: 0.0019970 seconds
51.261: Application time: 0.0955470 seconds
51.263: [GC51.263: [ParNew: 105988K->6946K(112448K), 0.0024810 secs] 124713K->25671K(364160K), 0.0025270 secs] [Times: user=0.01 sys=0.00, real=0.00 secs] 
51.265: Total time for which application threads were stopped: 0.0047420 seconds, Stopping threads took: 0.0021360 seconds
51.354: Application time: 0.0890670 seconds
51.356: [GC51.356: [ParNew: 106914K->4988K(112448K), 0.0018530 secs] 125639K->23941K(364160K), 0.0018970 secs] [Times: user=0.01 sys=0.00, real=0.00 secs] 
51.358: Total time for which application threads were stopped: 0.0036670 seconds, Stopping threads took: 0.0017010 seconds
51.447: Application time: 0.0885590 seconds
51.449: [GC51.449: [ParNew: 104956K->7267K(112448K), 0.0023970 secs] 123909K->26220K(364160K), 0.0024380 secs] [Times: user=0.02 sys=0.00, real=0.00 secs] 
51.451: Total time for which application threads were stopped: 0.0043800 seconds, Stopping threads took: 0.0018430 seconds
51.541: Application time: 0.0902130 seconds
51.543: [GC51.543: [ParNew: 107235K->6014K(112448K), 0.0021230 secs] 126188K->24967K(364160K), 0.0021670 secs] [Times: user=0.02 sys=0.00, real=0.00 secs] 
51.545: Total time for which application threads were stopped: 0.0034640 seconds, Stopping threads took: 0.0012270 seconds
51.634: Application time: 0.0888840 seconds
51.636: [GC51.636: [ParNew: 105982K->5826K(112448K), 0.0021390 secs] 124935K->24779K(364160K), 0.0021860 secs] [Times: user=0.02 sys=0.00, real=0.00 secs] 
51.638: Total time for which application threads were stopped: 0.0043550 seconds, Stopping threads took: 0.0020780 seconds
51.727: Application time: 0.0888590 seconds
51.729: [GC51.729: [ParNew: 105794K->6445K(112448K), 0.0020620 secs] 124747K->25398K(364160K), 0.0021100 secs] [Times: user=0.01 sys=0.00, real=0.00 secs] 
51.731: Total time for which application threads were stopped: 0.0046690 seconds, Stopping threads took: 0.0024760 seconds
51.820: Application time: 0.0886590 seconds
51.823: [GC51.823: [ParNew: 106413K->6543K(112448K), 0.0023030 secs] 125366K->25695K(364160K), 0.0023500 secs] [Times: user=0.01 sys=0.00, real=0.00 secs] 
51.825: Total time for which application threads were stopped: 0.0048720 seconds, Stopping threads took: 0.0024320 seconds
51.913: Application time: 0.0879180 seconds
51.915: [GC51.915: [ParNew: 106511K->4656K(112448K), 0.0017480 secs] 125663K->23837K(364160K), 0.0017900 secs] [Times: user=0.01 sys=0.00, real=0.00 secs] 
51.916: Total time for which application threads were stopped: 0.0034500 seconds, Stopping threads took: 0.0015810 seconds
52.005: Application time: 0.0890930 seconds
52.008: [GC52.008: [ParNew: 104624K->6604K(112448K), 0.0022200 secs] 123805K->25785K(364160K), 0.0022640 secs] [Times: user=0.02 sys=0.00, real=0.00 secs] 
52.010: Total time for which application threads were stopped: 0.0044100 seconds, Stopping threads took: 0.0020760 seconds
52.101: Application time: 0.0915330 seconds
52.103: [GC52.103: [ParNew: 106572K->6506K(112448K), 0.0021490 secs] 125753K->25687K(364160K), 0.0021940 secs] [Times: user=0.01 sys=0.00, real=0.00 secs] 
52.105: Total time for which application threads were stopped: 0.0038190 seconds, Stopping threads took: 0.0015560 seconds
52.199: Application time: 0.0942080 seconds
52.201: [GC52.201: [ParNew: 106474K->6240K(112448K), 0.0021650 secs] 125655K->25479K(364160K), 0.0022090 secs] [Times: user=0.02 sys=0.00, real=0.00 secs] 
52.204: Total time for which application threads were stopped: 0.0040600 seconds, Stopping threads took: 0.0017810 seconds
52.295: Application time: 0.0913730 seconds
52.297: [GC52.297: [ParNew: 106208K->6124K(112448K), 0.0020730 secs] 125447K->25362K(364160K), 0.0021170 secs] [Times: user=0.01 sys=0.00, real=0.00 secs] 
52.299: Total time for which application threads were stopped: 0.0042800 seconds, Stopping threads took: 0.0020700 seconds
52.388: Application time: 0.0886570 seconds
52.390: [GC52.390: [ParNew: 106092K->6849K(112448K), 0.0024160 secs] 125330K->26087K(364160K), 0.0024610 secs] [Times: user=0.02 sys=0.00, real=0.00 secs] 
52.393: Total time for which application threads were stopped: 0.0049110 seconds, Stopping threads took: 0.0023730 seconds
52.482: Application time: 0.0896020 seconds
52.485: [GC52.485: [ParNew: 106817K->7198K(112448K), 0.0024540 secs] 126055K->26607K(364160K), 0.0024960 secs] [Times: user=0.02 sys=0.00, real=0.00 secs] 
52.487: Total time for which application threads were stopped: 0.0048610 seconds, Stopping threads took: 0.0022870 seconds
52.577: Application time: 0.0899680 seconds
52.579: [GC52.579: [ParNew: 107166K->6949K(112448K), 0.0022580 secs] 126575K->26358K(364160K), 0.0023020 secs] [Times: user=0.01 sys=0.00, real=0.01 secs] 
52.582: Total time for which application threads were stopped: 0.0043080 seconds, Stopping threads took: 0.0019330 seconds
52.670: Application time: 0.0886440 seconds
52.673: [GC52.673: [ParNew: 106917K->6865K(112448K), 0.0024220 secs] 126326K->26303K(364160K), 0.0024680 secs] [Times: user=0.01 sys=0.00, real=0.00 secs] 
52.675: Total time for which application threads were stopped: 0.0050100 seconds, Stopping threads took: 0.0024720 seconds
52.764: Application time: 0.0888590 seconds
52.766: [GC52.766: [ParNew: 106833K->6881K(112448K), 0.0023310 secs] 126271K->26490K(364160K), 0.0023770 secs] [Times: user=0.02 sys=0.00, real=0.01 secs] 
52.769: Total time for which application threads were stopped: 0.0046810 seconds, Stopping threads took: 0.0022340 seconds
52.858: Application time: 0.0896830 seconds
52.861: [GC52.861: [ParNew: 106849K->6799K(112448K), 0.0022260 secs] 126458K->26436K(364160K), 0.0022720 secs] [Times: user=0.01 sys=0.00, real=0.00 secs] 
52.864: Total time for which application threads were stopped: 0.0051810 seconds, Stopping threads took: 0.0028390 seconds
52.960: Application time: 0.0967190 seconds
52.962: [GC52.962: [ParNew: 106767K->5634K(112448K), 0.0019140 secs] 126404K->25272K(364160K), 0.0019570 secs] [Times: user=0.02 sys=0.00, real=0.00 secs] 
52.964: Total time for which application threads were stopped: 0.0037630 seconds, Stopping threads took: 0.0017070 seconds
53.053: Application time: 0.0885700 seconds
53.055: [GC53.055: [ParNew: 105602K->7832K(112448K), 0.0026660 secs] 125240K->27470K(364160K), 0.0027110 secs] [Times: user=0.01 sys=0.00, real=0.00 secs] 
53.057: Total time for which application threads were stopped: 0.0046090 seconds, Stopping threads took: 0.0018290 seconds
53.148: Application time: 0.0904020 seconds
53.149: [GC53.149: [ParNew: 107800K->6751K(112448K), 0.0022570 secs] 127438K->26417K(364160K), 0.0023010 secs] [Times: user=0.02 sys=0.00, real=0.00 secs] 
53.151: Total time for which application threads were stopped: 0.0037070 seconds, Stopping threads took: 0.0013150 seconds
53.241: Application time: 0.0896280 seconds
53.242: [GC53.242: [ParNew: 106719K->7313K(112448K), 0.0024840 secs] 126385K->27121K(364160K), 0.0025270 secs] [Times: user=0.02 sys=0.00, real=0.00 secs] 
53.245: Total time for which application threads were stopped: 0.0039490 seconds, Stopping threads took: 0.0013520 seconds
53.332: Application time: 0.0869990 seconds
53.335: [GC53.335: [ParNew: 107281K->6527K(112448K), 0.0020840 secs] 127089K->26393K(364160K), 0.0021290 secs] [Times: user=0.01 sys=0.00, real=0.00 secs] 
53.337: Total time for which application threads were stopped: 0.0048130 seconds, Stopping threads took: 0.0026210 seconds
53.431: Application time: 0.0939570 seconds
53.434: [GC53.434: [ParNew: 106495K->7462K(112448K), 0.0025450 secs] 126361K->27327K(364160K), 0.0025880 secs] [Times: user=0.02 sys=0.00, real=0.00 secs] 
53.436: Total time for which application threads were stopped: 0.0054080 seconds, Stopping threads took: 0.0027580 seconds
53.529: Application time: 0.0923990 seconds
53.531: [GC53.531: [ParNew: 107430K->6948K(112448K), 0.0024550 secs] 127295K->26813K(364160K), 0.0024980 secs] [Times: user=0.00 sys=0.02, real=0.00 secs] 
53.534: Total time for which application threads were stopped: 0.0050370 seconds, Stopping threads took: 0.0024630 seconds
53.627: Application time: 0.0938350 seconds
53.630: [GC53.630: [ParNew: 106916K->7284K(112448K), 0.0025670 secs] 126781K->27149K(364160K), 0.0026150 secs] [Times: user=0.02 sys=0.00, real=0.00 secs] 
53.633: Total time for which application threads were stopped: 0.0056570 seconds, Stopping threads took: 0.0029500 seconds
53.726: Application time: 0.0933610 seconds
53.729: [GC53.729: [ParNew: 107252K->7155K(112448K), 0.0025530 secs] 127117K->27106K(364160K), 0.0026000 secs] [Times: user=0.01 sys=0.00, real=0.00 secs] 
53.732: Total time for which application threads were stopped: 0.0054640 seconds, Stopping threads took: 0.0027910 seconds
53.825: Application time: 0.0927270 seconds
53.828: [GC53.828: [ParNew: 107123K->7731K(112448K), 0.0025800 secs] 127074K->27796K(364160K), 0.0026270 secs] [Times: user=0.02 sys=0.00, real=0.00 secs] 
53.831: Total time for which application threads were stopped: 0.0059150 seconds, Stopping threads took: 0.0031960 seconds
53.924: Application time: 0.0939440 seconds
53.927: [GC53.927: [ParNew: 107699K->6338K(112448K), 0.0020390 secs] 127764K->26432K(364160K), 0.0020930 secs] [Times: user=0.02 sys=0.00, real=0.01 secs] 
53.929: Total time for which application threads were stopped: 0.0045310 seconds, Stopping threads took: 0.0023430 seconds
54.026: Application time: 0.0968510 seconds
54.029: [GC54.029: [ParNew: 106306K->6889K(112448K), 0.0023250 secs] 126400K->26982K(364160K), 0.0023720 secs] [Times: user=0.02 sys=0.00, real=0.00 secs] 
54.031: Total time for which application threads were stopped: 0.0053310 seconds, Stopping threads took: 0.0028730 seconds
54.127: Application time: 0.0960490 seconds
54.129: [GC54.130: [ParNew: 106857K->7829K(112448K), 0.0026670 secs] 126950K->27923K(364160K), 0.0027130 secs] [Times: user=0.02 sys=0.00, real=0.00 secs] 
54.132: Total time for which application threads were stopped: 0.0049860 seconds, Stopping threads took: 0.0021830 seconds
54.227: Application time: 0.0945410 seconds
54.229: [GC54.229: [ParNew: 107797K->6726K(112448K), 0.0024660 secs] 127891K->26905K(364160K), 0.0025120 secs] [Times: user=0.02 sys=0.00, real=0.00 secs] 
54.232: Total time for which application threads were stopped: 0.0048290 seconds, Stopping threads took: 0.0022440 seconds
54.327: Application time: 0.0949310 seconds
54.329: [GC54.329: [ParNew: 106694K->7807K(112448K), 0.0027160 secs] 126873K->28100K(364160K), 0.0027640 secs] [Times: user=0.02 sys=0.00, real=0.00 secs] 
54.332: Total time for which application threads were stopped: 0.0057210 seconds, Stopping threads took: 0.0028880 seconds
54.429: Application time: 0.0964250 seconds
54.430: [GC54.430: [ParNew: 107775K->5910K(112448K), 0.0019830 secs] 128068K->26232K(364160K), 0.0020250 secs] [Times: user=0.02 sys=0.00, real=0.00 secs] 
54.432: Total time for which application threads were stopped: 0.0031430 seconds, Stopping threads took: 0.0010440 seconds
54.527: Application time: 0.0951810 seconds
54.530: [GC54.530: [ParNew: 105878K->6863K(112448K), 0.0021950 secs] 126200K->27185K(364160K), 0.0022410 secs] [Times: user=0.02 sys=0.00, real=0.00 secs] 
54.532: Total time for which application threads were stopped: 0.0054100 seconds, Stopping threads took: 0.0030960 seconds
54.625: Application time: 0.0921540 seconds
54.627: [GC54.627: [ParNew: 106831K->7478K(112448K), 0.0026330 secs] 127153K->27800K(364160K), 0.0026810 secs] [Times: user=0.02 sys=0.00, real=0.01 secs] 
54.630: Total time for which application threads were stopped: 0.0050570 seconds, Stopping threads took: 0.0022840 seconds
54.725: Application time: 0.0958000 seconds
54.728: [GC54.728: [ParNew: 107446K->7377K(112448K), 0.0024700 secs] 127768K->27756K(364160K), 0.0025170 secs] [Times: user=0.02 sys=0.00, real=0.00 secs] 
54.730: Total time for which application threads were stopped: 0.0049140 seconds, Stopping threads took: 0.0023170 seconds
54.826: Application time: 0.0951430 seconds
54.828: [GC54.828: [ParNew: 107345K->6155K(112448K), 0.0020760 secs] 127724K->26676K(364160K), 0.0021210 secs] [Times: user=0.02 sys=0.00, real=0.00 secs] 
54.830: Total time for which application threads were stopped: 0.0046350 seconds, Stopping threads took: 0.0024210 seconds
54.923: Application time: 0.0931460 seconds
54.926: [GC54.926: [ParNew: 106123K->6039K(112448K), 0.0019760 secs] 126644K->26560K(364160K), 0.0020230 secs] [Times: user=0.02 sys=0.00, real=0.01 secs] 
54.928: Total time for which application threads were stopped: 0.0045410 seconds, Stopping threads took: 0.0024460 seconds
55.021: Application time: 0.0929250 seconds
55.022: [GC55.022: [ParNew: 106007K->6154K(112448K), 0.0022820 secs] 126528K->26675K(364160K), 0.0023290 secs] [Times: user=0.01 sys=0.00, real=0.00 secs] 
55.025: Total time for which application threads were stopped: 0.0039410 seconds, Stopping threads took: 0.0015390 seconds
55.119: Application time: 0.0939930 seconds
55.121: [GC55.121: [ParNew: 106122K->7099K(112448K), 0.0023750 secs] 126643K->27621K(364160K), 0.0024210 secs] [Times: user=0.01 sys=0.02, real=0.00 secs] 
55.123: Total time for which application threads were stopped: 0.0047860 seconds, Stopping threads took: 0.0022870 seconds
55.218: Application time: 0.0947560 seconds
55.221: [GC55.221: [ParNew: 107067K->6183K(112448K), 0.0022300 secs] 127589K->26761K(364160K), 0.0022780 secs] [Times: user=0.01 sys=0.00, real=0.00 secs] 
55.223: Total time for which application threads were stopped: 0.0049130 seconds, Stopping threads took: 0.0025440 seconds
55.318: Application time: 0.0951360 seconds
55.321: [GC55.321: [ParNew: 106151K->6664K(112448K), 0.0024400 secs] 126729K->27242K(364160K), 0.0024870 secs] [Times: user=0.02 sys=0.00, real=0.00 secs] 
55.324: Total time for which application threads were stopped: 0.0053410 seconds, Stopping threads took: 0.0027540 seconds
55.421: Application time: 0.0970090 seconds
55.424: [GC55.424: [ParNew: 106632K->6321K(112448K), 0.0021740 secs] 127210K->27099K(364160K), 0.0022190 secs] [Times: user=0.02 sys=0.00, real=0.00 secs] 
55.426: Total time for which application threads were stopped: 0.0051830 seconds, Stopping threads took: 0.0028700 seconds
55.520: Application time: 0.0940800 seconds
55.522: [GC55.522: [ParNew: 106289K->7594K(112448K), 0.0024670 secs] 127067K->28372K(364160K), 0.0025120 secs] [Times: user=0.01 sys=0.00, real=0.00 secs] 
55.525: Total time for which application threads were stopped: 0.0046340 seconds, Stopping threads took: 0.0020490 seconds
55.619: Application time: 0.0944850 seconds
55.622: [GC55.622: [ParNew: 107562K->7794K(112448K), 0.0025980 secs] 128340K->28572K(364160K), 0.0026440 secs] [Times: user=0.02 sys=0.00, real=0.00 secs] 
55.625: Total time for which application threads were stopped: 0.0058020 seconds, Stopping threads took: 0.0030840 seconds
55.718: Application time: 0.0933300 seconds
55.721: [GC55.721: [ParNew: 107762K->7526K(112448K), 0.0024690 secs] 128540K->28333K(364160K), 0.0025180 secs] [Times: user=0.02 sys=0.00, real=0.00 secs] 
55.723: Total time for which application threads were stopped: 0.0051830 seconds, Stopping threads took: 0.0025930 seconds
55.820: Application time: 0.0964860 seconds
55.825: [GC55.825: [ParNew: 107494K->7035K(112448K), 0.0023290 secs] 128301K->28012K(364160K), 0.0023720 secs] [Times: user=0.02 sys=0.00, real=0.00 secs] 
55.827: Total time for which application threads were stopped: 0.0070930 seconds, Stopping threads took: 0.0046210 seconds
55.921: Application time: 0.0940290 seconds
55.923: [GC55.923: [ParNew: 107003K->6094K(112448K), 0.0020160 secs] 127980K->27100K(364160K), 0.0020620 secs] [Times: user=0.01 sys=0.00, real=0.00 secs] 
55.925: Total time for which application threads were stopped: 0.0043050 seconds, Stopping threads took: 0.0021710 seconds
56.019: Application time: 0.0937020 seconds
56.021: [GC56.021: [ParNew: 106062K->6909K(112448K), 0.0023930 secs] 127068K->27915K(364160K), 0.0024390 secs] [Times: user=0.02 sys=0.00, real=0.00 secs] 
56.023: Total time for which application threads were stopped: 0.0040960 seconds, Stopping threads took: 0.0015830 seconds
56.119: Application time: 0.0958720 seconds
56.122: [GC56.122: [ParNew: 106877K->5355K(112448K), 0.0020040 secs] 127883K->26362K(364160K), 0.0020490 secs] [Times: user=0.01 sys=0.01, real=0.00 secs] 
56.124: Total time for which application threads were stopped: 0.0046690 seconds, Stopping threads took: 0.0025390 seconds
56.218: Application time: 0.0948090 seconds
56.222: [GC56.222: [ParNew: 105323K->7792K(112448K), 0.0027210 secs] 126330K->28799K(364160K), 0.0027690 secs] [Times: user=0.02 sys=0.00, real=0.00 secs] 
56.224: Total time for which application threads were stopped: 0.0059860 seconds, Stopping threads took: 0.0031260 seconds
56.317: Application time: 0.0929470 seconds
56.320: [GC56.320: [ParNew: 107760K->7236K(112448K), 0.0026160 secs] 128767K->28413K(364160K), 0.0026600 secs] [Times: user=0.02 sys=0.00, real=0.00 secs] 
56.323: Total time for which application threads were stopped: 0.0052840 seconds, Stopping threads took: 0.0025330 seconds
56.419: Application time: 0.0966880 seconds
56.424: [GC56.424: [ParNew: 107204K->5410K(112448K), 0.0018690 secs] 128381K->26644K(364160K), 0.0019200 secs] [Times: user=0.02 sys=0.00, real=0.00 secs] 
56.425: Total time for which application threads were stopped: 0.0061180 seconds, Stopping threads took: 0.0041000 seconds
56.532: Application time: 0.1064180 seconds
56.534: [GC56.534: [ParNew: 105378K->3832K(112448K), 0.0014120 secs] 126612K->25066K(364160K), 0.0014520 secs] [Times: user=0.01 sys=0.00, real=0.00 secs] 
56.535: Total time for which application threads were stopped: 0.0032590 seconds, Stopping threads took: 0.0017370 seconds
56.628: Application time: 0.0932410 seconds
56.631: [GC56.631: [ParNew: 103800K->7800K(112448K), 0.0025920 secs] 125034K->29034K(364160K), 0.0026390 secs] [Times: user=0.02 sys=0.00, real=0.00 secs] 
56.633: Total time for which application threads were stopped: 0.0049800 seconds, Stopping threads took: 0.0022480 seconds
56.733: Application time: 0.0994980 seconds
56.736: [GC56.736: [ParNew: 107768K->5819K(112448K), 0.0021180 secs] 129002K->27082K(364160K), 0.0021610 secs] [Times: user=0.02 sys=0.00, real=0.00 secs] 
56.738: Total time for which application threads were stopped: 0.0048050 seconds, Stopping threads took: 0.0025530 seconds
56.840: Application time: 0.1022920 seconds
56.842: [GC56.842: [ParNew: 105787K->5242K(112448K), 0.0019300 secs] 127050K->26505K(364160K), 0.0019730 secs] [Times: user=0.01 sys=0.00, real=0.00 secs] 
56.844: Total time for which application threads were stopped: 0.0037330 seconds, Stopping threads took: 0.0016810 seconds
56.938: Application time: 0.0946640 seconds
56.941: [GC56.941: [ParNew: 105210K->6570K(112448K), 0.0023410 secs] 126473K->27833K(364160K), 0.0023870 secs] [Times: user=0.01 sys=0.01, real=0.00 secs] 
56.944: Total time for which application threads were stopped: 0.0051660 seconds, Stopping threads took: 0.0026860 seconds
57.042: Application time: 0.0987910 seconds
57.045: [GC57.045: [ParNew: 106538K->5503K(112448K), 0.0019460 secs] 127801K->26966K(364160K), 0.0019870 secs] [Times: user=0.01 sys=0.00, real=0.00 secs] 
57.047: Total time for which application threads were stopped: 0.0045150 seconds, Stopping threads took: 0.0024570 seconds
57.145: Application time: 0.0985500 seconds
57.148: [GC57.148: [ParNew: 105471K->4871K(112448K), 0.0017460 secs] 126934K->26333K(364160K), 0.0017890 secs] [Times: user=0.01 sys=0.00, real=0.00 secs] 
57.149: Total time for which application threads were stopped: 0.0040180 seconds, Stopping threads took: 0.0021380 seconds
57.247: Application time: 0.0970510 seconds
57.249: [GC57.249: [ParNew: 104839K->7340K(112448K), 0.0024210 secs] 126301K->28803K(364160K), 0.0024720 secs] [Times: user=0.02 sys=0.00, real=0.00 secs] 
57.251: Total time for which application threads were stopped: 0.0046810 seconds, Stopping threads took: 0.0021320 seconds
57.348: Application time: 0.0972590 seconds
57.351: [GC57.351: [ParNew: 107308K->7869K(112448K), 0.0027280 secs] 128771K->29388K(364160K), 0.0027710 secs] [Times: user=0.02 sys=0.01, real=0.00 secs] 
57.354: Total time for which application threads were stopped: 0.0057480 seconds, Stopping threads took: 0.0028870 seconds
57.445: Application time: 0.0903080 seconds
57.447: [GC57.447: [ParNew: 107837K->6843K(112448K), 0.0022920 secs] 129356K->28505K(364160K), 0.0023450 secs] [Times: user=0.01 sys=0.00, real=0.01 secs] 
57.450: Total time for which application threads were stopped: 0.0050990 seconds, Stopping threads took: 0.0026770 seconds
57.539: Application time: 0.0889540 seconds
57.541: [GC57.541: [ParNew: 106811K->7659K(112448K), 0.0025070 secs] 128473K->29350K(364160K), 0.0025490 secs] [Times: user=0.02 sys=0.00, real=0.00 secs] 
57.543: Total time for which application threads were stopped: 0.0049170 seconds, Stopping threads took: 0.0023070 seconds
57.634: Application time: 0.0905470 seconds
57.636: [GC57.636: [ParNew: 107627K->5967K(112448K), 0.0019590 secs] 129318K->27658K(364160K), 0.0020050 secs] [Times: user=0.01 sys=0.00, real=0.00 secs] 
57.638: Total time for which application threads were stopped: 0.0035740 seconds, Stopping threads took: 0.0014940 seconds
57.737: Application time: 0.0997790 seconds
57.739: [GC57.739: [ParNew: 105935K->5562K(112448K), 0.0018550 secs] 127626K->27252K(364160K), 0.0019080 secs] [Times: user=0.02 sys=0.00, real=0.01 secs] 
57.741: Total time for which application threads were stopped: 0.0031720 seconds, Stopping threads took: 0.0011910 seconds
57.832: Application time: 0.0912790 seconds
57.834: [GC57.834: [ParNew: 105530K->7927K(112448K), 0.0026390 secs] 127220K->29617K(364160K), 0.0026830 secs] [Times: user=0.02 sys=0.00, real=0.00 secs] 
57.837: Total time for which application threads were stopped: 0.0050810 seconds, Stopping threads took: 0.0023270 seconds
57.927: Application time: 0.0895910 seconds
57.929: [GC57.929: [ParNew: 107895K->6899K(112448K), 0.0023660 secs] 129585K->28789K(364160K), 0.0024110 secs] [Times: user=0.02 sys=0.00, real=0.00 secs] 
57.931: Total time for which application threads were stopped: 0.0044980 seconds, Stopping threads took: 0.0020150 seconds
58.023: Application time: 0.0917690 seconds
58.026: [GC58.026: [ParNew: 106867K->6840K(112448K), 0.0022170 secs] 128757K->28759K(364160K), 0.0022620 secs] [Times: user=0.01 sys=0.00, real=0.01 secs] 
58.028: Total time for which application threads were stopped: 0.0052590 seconds, Stopping threads took: 0.0029220 seconds
58.117: Application time: 0.0888360 seconds
58.120: [GC58.120: [ParNew: 106808K->7416K(112448K), 0.0023680 secs] 128727K->29335K(364160K), 0.0024070 secs] [Times: user=0.02 sys=0.00, real=0.00 secs] 
58.122: Total time for which application threads were stopped: 0.0053640 seconds, Stopping threads took: 0.0028900 seconds
58.210: Application time: 0.0873530 seconds
58.212: [GC58.212: [ParNew: 107384K->6441K(112448K), 0.0020960 secs] 129303K->28359K(364160K), 0.0021380 secs] [Times: user=0.01 sys=0.00, real=0.00 secs] 
58.214: Total time for which application threads were stopped: 0.0044610 seconds, Stopping threads took: 0.0022530 seconds
58.302: Application time: 0.0876100 seconds
58.303: [GC58.303: [ParNew: 106409K->5250K(112448K), 0.0019210 secs] 128327K->27225K(364160K), 0.0019630 secs] [Times: user=0.02 sys=0.00, real=0.00 secs] 
58.305: Total time for which application threads were stopped: 0.0029090 seconds, Stopping threads took: 0.0008780 seconds
58.397: Application time: 0.0927440 seconds
58.399: [GC58.399: [ParNew: 105218K->4921K(112448K), 0.0016780 secs] 127193K->26897K(364160K), 0.0017190 secs] [Times: user=0.01 sys=0.00, real=0.01 secs] 
58.401: Total time for which application threads were stopped: 0.0031950 seconds, Stopping threads took: 0.0014060 seconds
58.493: Application time: 0.0927270 seconds
58.496: [GC58.496: [ParNew: 104889K->6388K(112448K), 0.0022630 secs] 126865K->28363K(364160K), 0.0023060 secs] [Times: user=0.01 sys=0.00, real=0.00 secs] 
58.498: Total time for which application threads were stopped: 0.0048980 seconds, Stopping threads took: 0.0025020 seconds
58.588: Application time: 0.0899630 seconds
58.591: [GC58.591: [ParNew: 106356K->7182K(112448K), 0.0024280 secs] 128331K->29329K(364160K), 0.0024690 secs] [Times: user=0.02 sys=0.00, real=0.00 secs] 
58.593: Total time for which application threads were stopped: 0.0050050 seconds, Stopping threads took: 0.0024540 seconds
58.685: Application time: 0.0918390 seconds
58.688: [GC58.688: [ParNew: 107150K->7325K(112448K), 0.0023430 secs] 129297K->29472K(364160K), 0.0023840 secs] [Times: user=0.02 sys=0.00, real=0.00 secs] 
58.690: Total time for which application threads were stopped: 0.0049340 seconds, Stopping threads took: 0.0024790 seconds
58.779: Application time: 0.0887970 seconds
58.780: [GC58.780: [ParNew: 107293K->6979K(112448K), 0.0024050 secs] 129440K->29154K(364160K), 0.0024510 secs] [Times: user=0.02 sys=0.00, real=0.00 secs] 
58.783: Total time for which application threads were stopped: 0.0039470 seconds, Stopping threads took: 0.0014240 seconds
58.873: Application time: 0.0908010 seconds
58.876: [GC58.876: [ParNew: 106947K->6497K(112448K), 0.0021610 secs] 129122K->28815K(364160K), 0.0022060 secs] [Times: user=0.02 sys=0.00, real=0.00 secs] 
58.878: Total time for which application threads were stopped: 0.0044980 seconds, Stopping threads took: 0.0022150 seconds
58.970: Application time: 0.0916430 seconds
58.972: [GC58.972: [ParNew: 106465K->7416K(112448K), 0.0025060 secs] 128783K->29791K(364160K), 0.0025490 secs] [Times: user=0.02 sys=0.00, real=0.00 secs] 
58.975: Total time for which application threads were stopped: 0.0052040 seconds, Stopping threads took: 0.0025860 seconds
59.064: Application time: 0.0895940 seconds
59.067: [GC59.068: [ParNew: 107384K->6849K(112448K), 0.0021410 secs] 129759K->29224K(364160K), 0.0021870 secs] [Times: user=0.01 sys=0.00, real=0.00 secs] 
59.070: Total time for which application threads were stopped: 0.0052890 seconds, Stopping threads took: 0.0030330 seconds
59.159: Application time: 0.0892930 seconds
59.162: [GC59.162: [ParNew: 106817K->7005K(112448K), 0.0023890 secs] 129192K->29380K(364160K), 0.0024350 secs] [Times: user=0.02 sys=0.00, real=0.00 secs] 
59.165: Total time for which application threads were stopped: 0.0056160 seconds, Stopping threads took: 0.0031060 seconds
59.251: Application time: 0.0867530 seconds
59.254: [GC59.254: [ParNew: 106973K->6729K(112448K), 0.0021650 secs] 129348K->29132K(364160K), 0.0022110 secs] [Times: user=0.02 sys=0.00, real=0.00 secs] 
59.256: Total time for which application threads were stopped: 0.0046710 seconds, Stopping threads took: 0.0023690 seconds
59.347: Application time: 0.0913170 seconds
59.350: [GC59.350: [ParNew: 106697K->6015K(112448K), 0.0021020 secs] 129100K->28561K(364160K), 0.0021450 secs] [Times: user=0.02 sys=0.00, real=0.00 secs] 
59.352: Total time for which application threads were stopped: 0.0050310 seconds, Stopping threads took: 0.0028070 seconds
59.440: Application time: 0.0873180 seconds
59.442: [GC59.442: [ParNew: 105983K->7466K(112448K), 0.0025030 secs] 128529K->30012K(364160K), 0.0025510 secs] [Times: user=0.02 sys=0.00, real=0.00 secs] 
59.444: Total time for which application threads were stopped: 0.0046510 seconds, Stopping threads took: 0.0020190 seconds
59.534: Application time: 0.0893320 seconds
59.536: [GC59.536: [ParNew: 107434K->5664K(112448K), 0.0022760 secs] 129980K->28267K(364160K), 0.0023280 secs] [Times: user=0.02 sys=0.01, real=0.00 secs] 
59.538: Total time for which application threads were stopped: 0.0043520 seconds, Stopping threads took: 0.0019400 seconds
59.627: Application time: 0.0885380 seconds
59.629: [GC59.629: [ParNew: 105632K->6963K(112448K), 0.0023220 secs] 128235K->29566K(364160K), 0.0023660 secs] [Times: user=0.01 sys=0.00, real=0.00 secs] 
59.632: Total time for which application threads were stopped: 0.0049990 seconds, Stopping threads took: 0.0025640 seconds
59.720: Application time: 0.0881590 seconds
59.722: [GC59.722: [ParNew: 106931K->6388K(112448K), 0.0023370 secs] 129534K->29019K(364160K), 0.0023820 secs] [Times: user=0.02 sys=0.00, real=0.00 secs] 
59.724: Total time for which application threads were stopped: 0.0043180 seconds, Stopping threads took: 0.0018570 seconds
59.816: Application time: 0.0924190 seconds
59.819: [GC59.819: [ParNew: 106356K->5445K(112448K), 0.0020390 secs] 128987K->28133K(364160K), 0.0020830 secs] [Times: user=0.02 sys=0.00, real=0.01 secs] 
59.821: Total time for which application threads were stopped: 0.0044860 seconds, Stopping threads took: 0.0023130 seconds
59.912: Application time: 0.0912560 seconds
59.914: [GC59.914: [ParNew: 105413K->5912K(112448K), 0.0020350 secs] 128101K->28600K(364160K), 0.0020800 secs] [Times: user=0.02 sys=0.00, real=0.00 secs] 
59.916: Total time for which application threads were stopped: 0.0037880 seconds, Stopping threads took: 0.0016370 seconds
60.005: Application time: 0.0892090 seconds
60.007: [GC60.007: [ParNew: 105880K->7710K(112448K), 0.0024920 secs] 128568K->30399K(364160K), 0.0025390 secs] [Times: user=0.02 sys=0.00, real=0.01 secs] 
60.010: Total time for which application threads were stopped: 0.0044230 seconds, Stopping threads took: 0.0018130 seconds
60.098: Application time: 0.0887970 seconds
60.101: [GC60.101: [ParNew: 107678K->7625K(112448K), 0.0026810 secs] 130367K->30456K(364160K), 0.0027300 secs] [Times: user=0.02 sys=0.00, real=0.00 secs] 
60.104: Total time for which application threads were stopped: 0.0056280 seconds, Stopping threads took: 0.0028300 seconds
60.194: Application time: 0.0900600 seconds
60.197: [GC60.197: [ParNew: 107593K->6234K(112448K), 0.0021410 secs] 130424K->29065K(364160K), 0.0021860 secs] [Times: user=0.02 sys=0.00, real=0.00 secs] 
60.199: Total time for which application threads were stopped: 0.0048510 seconds, Stopping threads took: 0.0026010 seconds
60.293: Application time: 0.0944630 seconds
60.296: [GC60.296: [ParNew: 106202K->5247K(112448K), 0.0017800 secs] 129033K->28078K(364160K), 0.0018240 secs] [Times: user=0.01 sys=0.00, real=0.00 secs] 
60.298: Total time for which application threads were stopped: 0.0042270 seconds, Stopping threads took: 0.0023220 seconds
60.388: Application time: 0.0900010 seconds
60.390: [GC60.390: [ParNew: 105215K->8027K(112448K), 0.0026220 secs] 128046K->30858K(364160K), 0.0026640 secs] [Times: user=0.02 sys=0.00, real=0.00 secs] 
60.392: Total time for which application threads were stopped: 0.0046300 seconds, Stopping threads took: 0.0018960 seconds
60.485: Application time: 0.0927530 seconds
60.487: [GC60.487: [ParNew: 107995K->6186K(112448K), 0.0021840 secs] 130826K->29245K(364160K), 0.0022250 secs] [Times: user=0.02 sys=0.00, real=0.00 secs] 
60.490: Total time for which application threads were stopped: 0.0044290 seconds, Stopping threads took: 0.0021290 seconds
60.581: Application time: 0.0912450 seconds
60.583: [GC60.583: [ParNew: 106154K->6174K(112448K), 0.0020790 secs] 129213K->29233K(364160K), 0.0021250 secs] [Times: user=0.02 sys=0.00, real=0.00 secs] 
60.585: Total time for which application threads were stopped: 0.0042850 seconds, Stopping threads took: 0.0020880 seconds
60.675: Application time: 0.0896710 seconds
60.677: [GC60.677: [ParNew: 106142K->5621K(112448K), 0.0018440 secs] 129201K->28680K(364160K), 0.0018910 secs] [Times: user=0.02 sys=0.00, real=0.00 secs] 
60.679: Total time for which application threads were stopped: 0.0043120 seconds, Stopping threads took: 0.0023500 seconds
60.769: Application time: 0.0900110 seconds
60.771: [GC60.771: [ParNew: 105589K->6720K(112448K), 0.0022440 secs] 128648K->29779K(364160K), 0.0022900 secs] [Times: user=0.02 sys=0.00, real=0.00 secs] 
60.773: Total time for which application threads were stopped: 0.0039150 seconds, Stopping threads took: 0.0015450 seconds
60.864: Application time: 0.0907570 seconds
60.866: [GC60.866: [ParNew: 106688K->5937K(112448K), 0.0020140 secs] 129747K->29196K(364160K), 0.0020590 secs] [Times: user=0.02 sys=0.00, real=0.01 secs] 
60.868: Total time for which application threads were stopped: 0.0042770 seconds, Stopping threads took: 0.0021430 seconds
60.957: Application time: 0.0886580 seconds
60.959: [GC60.959: [ParNew: 105905K->7446K(112448K), 0.0024080 secs] 129164K->30705K(364160K), 0.0024540 secs] [Times: user=0.02 sys=0.00, real=0.01 secs] 
60.961: Total time for which application threads were stopped: 0.0045820 seconds, Stopping threads took: 0.0020490 seconds
61.050: Application time: 0.0884240 seconds
61.053: [GC61.053: [ParNew: 107414K->7166K(112448K), 0.0023760 secs] 130673K->30454K(364160K), 0.0024210 secs] [Times: user=0.01 sys=0.00, real=0.00 secs] 
61.055: Total time for which application threads were stopped: 0.0053370 seconds, Stopping threads took: 0.0028450 seconds
61.146: Application time: 0.0914010 seconds
61.149: [GC61.149: [ParNew: 107134K->5832K(112448K), 0.0019560 secs] 130422K->29120K(364160K), 0.0020010 secs] [Times: user=0.02 sys=0.00, real=0.00 secs] 
61.151: Total time for which application threads were stopped: 0.0049290 seconds, Stopping threads took: 0.0028450 seconds
61.240: Application time: 0.0884060 seconds
61.241: [GC61.241: [ParNew: 105800K->7607K(112448K), 0.0026630 secs] 129088K->30894K(364160K), 0.0027060 secs] [Times: user=0.01 sys=0.00, real=0.00 secs] 
61.244: Total time for which application threads were stopped: 0.0038760 seconds, Stopping threads took: 0.0010790 seconds
61.331: Application time: 0.0877840 seconds
61.334: [GC61.334: [ParNew: 107575K->7413K(112448K), 0.0026480 secs] 130862K->30843K(364160K), 0.0027020 secs] [Times: user=0.02 sys=0.00, real=0.00 secs] 
61.337: Total time for which application threads were stopped: 0.0052890 seconds, Stopping threads took: 0.0024990 seconds
61.430: Application time: 0.0931260 seconds
61.433: [GC61.433: [ParNew: 107381K->6791K(112448K), 0.0022500 secs] 130811K->30278K(364160K), 0.0022970 secs] [Times: user=0.02 sys=0.00, real=0.00 secs] 
61.436: Total time for which application threads were stopped: 0.0057790 seconds, Stopping threads took: 0.0033840 seconds
61.531: Application time: 0.0949770 seconds
61.532: [GC61.532: [ParNew: 106759K->6263K(112448K), 0.0021320 secs] 130246K->29778K(364160K), 0.0021770 secs] [Times: user=0.01 sys=0.00, real=0.00 secs] 
61.535: Total time for which application threads were stopped: 0.0039550 seconds, Stopping threads took: 0.0016860 seconds
61.629: Application time: 0.0942900 seconds
61.631: [GC61.631: [ParNew: 106231K->7427K(112448K), 0.0024640 secs] 129746K->30942K(364160K), 0.0025110 secs] [Times: user=0.02 sys=0.00, real=0.00 secs] 
61.634: Total time for which application threads were stopped: 0.0047400 seconds, Stopping threads took: 0.0021550 seconds
61.730: Application time: 0.0961550 seconds
61.732: [GC61.732: [ParNew: 107395K->7559K(112448K), 0.0024200 secs] 130910K->31103K(364160K), 0.0024690 secs] [Times: user=0.01 sys=0.00, real=0.00 secs] 
61.735: Total time for which application threads were stopped: 0.0048350 seconds, Stopping threads took: 0.0022920 seconds
61.831: Application time: 0.0967600 seconds
61.833: [GC61.833: [ParNew: 107527K->4892K(112448K), 0.0016970 secs] 131071K->28550K(364160K), 0.0017370 secs] [Times: user=0.02 sys=0.00, real=0.00 secs] 
61.835: Total time for which application threads were stopped: 0.0034780 seconds, Stopping threads took: 0.0016710 seconds
61.929: Application time: 0.0943920 seconds
61.931: [GC61.931: [ParNew: 104860K->7290K(112448K), 0.0024070 secs] 128518K->30948K(364160K), 0.0024530 secs] [Times: user=0.01 sys=0.00, real=0.00 secs] 
61.934: Total time for which application threads were stopped: 0.0043730 seconds, Stopping threads took: 0.0018470 seconds
62.030: Application time: 0.0961870 seconds
62.033: [GC62.033: [ParNew: 107258K->6050K(112448K), 0.0021050 secs] 130916K->29794K(364160K), 0.0021520 secs] [Times: user=0.01 sys=0.00, real=0.00 secs] 
62.035: Total time for which application threads were stopped: 0.0053590 seconds, Stopping threads took: 0.0031030 seconds
62.130: Application time: 0.0947950 seconds
62.132: [GC62.133: [ParNew: 106018K->6792K(112448K), 0.0022370 secs] 129762K->30535K(364160K), 0.0022810 secs] [Times: user=0.01 sys=0.00, real=0.00 secs] 
62.135: Total time for which application threads were stopped: 0.0048400 seconds, Stopping threads took: 0.0024850 seconds
62.230: Application time: 0.0950810 seconds
62.233: [GC62.233: [ParNew: 106760K->6253K(112448K), 0.0021320 secs] 130503K->30025K(364160K), 0.0021770 secs] [Times: user=0.01 sys=0.00, real=0.00 secs] 
62.235: Total time for which application threads were stopped: 0.0048910 seconds, Stopping threads took: 0.0026420 seconds
62.332: Application time: 0.0970280 seconds
62.334: [GC62.334: [ParNew: 106221K->5017K(112448K), 0.0017420 secs] 129993K->28903K(364160K), 0.0017870 secs] [Times: user=0.01 sys=0.01, real=0.00 secs] 
62.336: Total time for which application threads were stopped: 0.0040850 seconds, Stopping threads took: 0.0022060 seconds
62.435: Application time: 0.0988950 seconds
62.438: [GC62.438: [ParNew: 104985K->6997K(112448K), 0.0022730 secs] 128871K->30883K(364160K), 0.0023200 secs] [Times: user=0.01 sys=0.00, real=0.01 secs] 
62.440: Total time for which application threads were stopped: 0.0053170 seconds, Stopping threads took: 0.0029040 seconds
62.535: Application time: 0.0953200 seconds
62.537: [GC62.537: [ParNew: 106965K->6230K(112448K), 0.0022140 secs] 130851K->30202K(364160K), 0.0022580 secs] [Times: user=0.02 sys=0.00, real=0.00 secs] 
62.539: Total time for which application threads were stopped: 0.0034550 seconds, Stopping threads took: 0.0011180 seconds
62.636: Application time: 0.0973270 seconds
62.638: [GC62.638: [ParNew: 106198K->6183K(112448K), 0.0019960 secs] 130170K->30155K(364160K), 0.0020520 secs] [Times: user=0.01 sys=0.00, real=0.01 secs] 
62.640: Total time for which application threads were stopped: 0.0041800 seconds, Stopping threads took: 0.0020540 seconds
62.738: Application time: 0.0980100 seconds
62.741: [GC62.741: [ParNew: 106151K->6198K(112448K), 0.0022650 secs] 130123K->30170K(364160K), 0.0023110 secs] [Times: user=0.01 sys=0.00, real=0.00 secs] 
62.744: Total time for which application threads were stopped: 0.0053790 seconds, Stopping threads took: 0.0029780 seconds
62.838: Application time: 0.0940760 seconds
62.841: [GC62.841: [ParNew: 106166K->6787K(112448K), 0.0021200 secs] 130138K->30759K(364160K), 0.0021650 secs] [Times: user=0.01 sys=0.00, real=0.00 secs] 
62.843: Total time for which application threads were stopped: 0.0051730 seconds, Stopping threads took: 0.0029340 seconds
62.939: Application time: 0.0959570 seconds
62.941: [GC62.941: [ParNew: 106755K->6602K(112448K), 0.0022070 secs] 130727K->30773K(364160K), 0.0022540 secs] [Times: user=0.02 sys=0.00, real=0.00 secs] 
62.944: Total time for which application threads were stopped: 0.0046670 seconds, Stopping threads took: 0.0023330 seconds
63.039: Application time: 0.0956180 seconds
63.042: [GC63.042: [ParNew: 106570K->6586K(112448K), 0.0022160 secs] 130741K->30786K(364160K), 0.0022620 secs] [Times: user=0.01 sys=0.00, real=0.00 secs] 
63.045: Total time for which application threads were stopped: 0.0054060 seconds, Stopping threads took: 0.0030630 seconds
63.138: Application time: 0.0936220 seconds
63.141: [GC63.141: [ParNew: 106554K->7380K(112448K), 0.0024260 secs] 130754K->31580K(364160K), 0.0024680 secs] [Times: user=0.02 sys=0.00, real=0.00 secs] 
63.143: Total time for which application threads were stopped: 0.0047390 seconds, Stopping threads took: 0.0021990 seconds
63.240: Application time: 0.0965110 seconds
63.242: [GC63.242: [ParNew: 107348K->7266K(112448K), 0.0025140 secs] 131548K->31466K(364160K), 0.0025560 secs] [Times: user=0.02 sys=0.00, real=0.00 secs] 
63.245: Total time for which application threads were stopped: 0.0049200 seconds, Stopping threads took: 0.0022880 seconds
63.338: Application time: 0.0939790 seconds
63.341: [GC63.341: [ParNew: 107234K->7504K(112448K), 0.0027560 secs] 131434K->31790K(364160K), 0.0027990 secs] [Times: user=0.02 sys=0.00, real=0.00 secs] 
63.344: Total time for which application threads were stopped: 0.0057150 seconds, Stopping threads took: 0.0028460 seconds
63.440: Application time: 0.0959130 seconds
63.443: [GC63.443: [ParNew: 107472K->6561K(112448K), 0.0023330 secs] 131758K->30932K(364160K), 0.0023790 secs] [Times: user=0.01 sys=0.01, real=0.00 secs] 
63.446: Total time for which application threads were stopped: 0.0054800 seconds, Stopping threads took: 0.0030290 seconds
63.541: Application time: 0.0952640 seconds
63.543: [GC63.543: [ParNew: 106529K->6888K(112448K), 0.0022690 secs] 130900K->31316K(364160K), 0.0023160 secs] [Times: user=0.02 sys=0.00, real=0.00 secs] 
63.545: Total time for which application threads were stopped: 0.0043320 seconds, Stopping threads took: 0.0019250 seconds
63.639: Application time: 0.0940800 seconds
63.642: [GC63.642: [ParNew: 106856K->6800K(112448K), 0.0022480 secs] 131284K->31228K(364160K), 0.0022920 secs] [Times: user=0.02 sys=0.00, real=0.00 secs] 
63.645: Total time for which application threads were stopped: 0.0053960 seconds, Stopping threads took: 0.0030230 seconds
63.742: Application time: 0.0977170 seconds
63.745: [GC63.745: [ParNew: 106768K->6897K(112448K), 0.0024590 secs] 131196K->31325K(364160K), 0.0025050 secs] [Times: user=0.02 sys=0.00, real=0.01 secs] 
63.748: Total time for which application threads were stopped: 0.0052780 seconds, Stopping threads took: 0.0026990 seconds
63.842: Application time: 0.0946900 seconds
63.846: [GC63.846: [ParNew: 106865K->6734K(112448K), 0.0022940 secs] 131293K->31247K(364160K), 0.0023490 secs] [Times: user=0.02 sys=0.00, real=0.01 secs] 
63.848: Total time for which application threads were stopped: 0.0055240 seconds, Stopping threads took: 0.0031050 seconds
63.947: Application time: 0.0994320 seconds
63.950: [GC63.950: [ParNew: 106702K->7076K(112448K), 0.0023810 secs] 131215K->31675K(364160K), 0.0024260 secs] [Times: user=0.01 sys=0.00, real=0.00 secs] 
63.952: Total time for which application threads were stopped: 0.0048990 seconds, Stopping threads took: 0.0024050 seconds
64.053: Application time: 0.1007540 seconds
64.055: [GC64.055: [ParNew: 107044K->5289K(112448K), 0.0017280 secs] 131643K->29945K(364160K), 0.0017710 secs] [Times: user=0.02 sys=0.00, real=0.00 secs] 
64.057: Total time for which application threads were stopped: 0.0038530 seconds, Stopping threads took: 0.0020130 seconds
64.151: Application time: 0.0939140 seconds
64.153: [GC64.153: [ParNew: 105257K->6506K(112448K), 0.0021080 secs] 129913K->31162K(364160K), 0.0021560 secs] [Times: user=0.01 sys=0.00, real=0.00 secs] 
64.156: Total time for which application threads were stopped: 0.0048050 seconds, Stopping threads took: 0.0025730 seconds
64.250: Application time: 0.0946480 seconds
64.252: [GC64.252: [ParNew: 106474K->6673K(112448K), 0.0023830 secs] 131130K->31330K(364160K), 0.0024300 secs] [Times: user=0.02 sys=0.00, real=0.00 secs] 
64.255: Total time for which application threads were stopped: 0.0042960 seconds, Stopping threads took: 0.0017940 seconds
64.351: Application time: 0.0962200 seconds
64.354: [GC64.354: [ParNew: 106641K->7292K(112448K), 0.0026120 secs] 131298K->31977K(364160K), 0.0026590 secs] [Times: user=0.02 sys=0.00, real=0.00 secs] 
64.356: Total time for which application threads were stopped: 0.0056740 seconds, Stopping threads took: 0.0029300 seconds
64.450: Application time: 0.0935940 seconds
64.453: [GC64.453: [ParNew: 107260K->6438K(112448K), 0.0024320 secs] 131945K->31237K(364160K), 0.0024770 secs] [Times: user=0.01 sys=0.00, real=0.00 secs] 
64.455: Total time for which application threads were stopped: 0.0052240 seconds, Stopping threads took: 0.0026540 seconds
64.550: Application time: 0.0946890 seconds
64.553: [GC64.553: [ParNew: 106406K->7660K(112448K), 0.0028120 secs] 131205K->32545K(364160K), 0.0028590 secs] [Times: user=0.02 sys=0.00, real=0.00 secs] 
64.556: Total time for which application threads were stopped: 0.0059620 seconds, Stopping threads took: 0.0030350 seconds
64.650: Application time: 0.0937650 seconds
64.652: [GC64.652: [ParNew: 107628K->6509K(112448K), 0.0022560 secs] 132513K->31393K(364160K), 0.0023020 secs] [Times: user=0.01 sys=0.01, real=0.00 secs] 
64.655: Total time for which application threads were stopped: 0.0049880 seconds, Stopping threads took: 0.0025910 seconds
64.751: Application time: 0.0959070 seconds
64.753: [GC64.753: [ParNew: 106477K->7093K(112448K), 0.0022890 secs] 131361K->31977K(364160K), 0.0023330 secs] [Times: user=0.02 sys=0.00, real=0.00 secs] 
64.755: Total time for which application threads were stopped: 0.0046740 seconds, Stopping threads took: 0.0022360 seconds
64.852: Application time: 0.0972330 seconds
64.856: [GC64.856: [ParNew: 107061K->7074K(112448K), 0.0025890 secs] 131945K->31986K(364160K), 0.0026340 secs] [Times: user=0.02 sys=0.00, real=0.00 secs] 
64.858: Total time for which application threads were stopped: 0.0057060 seconds, Stopping threads took: 0.0029790 seconds
64.952: Application time: 0.0935470 seconds
64.954: [GC64.954: [ParNew: 107042K->7893K(112448K), 0.0026100 secs] 131954K->32920K(364160K), 0.0026530 secs] [Times: user=0.02 sys=0.00, real=0.00 secs] 
64.957: Total time for which application threads were stopped: 0.0048740 seconds, Stopping threads took: 0.0021480 seconds
65.050: Application time: 0.0934610 seconds
65.052: [GC65.052: [ParNew: 107861K->6862K(112448K), 0.0025590 secs] 132888K->31945K(364160K), 0.0026050 secs] [Times: user=0.02 sys=0.00, real=0.00 secs] 
65.055: Total time for which application threads were stopped: 0.0050040 seconds, Stopping threads took: 0.0023250 seconds
65.149: Application time: 0.0935190 seconds
65.151: [GC65.151: [ParNew: 106830K->7104K(112448K), 0.0024490 secs] 131913K->32217K(364160K), 0.0025040 secs] [Times: user=0.01 sys=0.00, real=0.00 secs] 
65.153: Total time for which application threads were stopped: 0.0046930 seconds, Stopping threads took: 0.0021180 seconds
65.249: Application time: 0.0961920 seconds
65.252: [GC65.252: [ParNew: 107072K->6185K(112448K), 0.0019840 secs] 132185K->31298K(364160K), 0.0020290 secs] [Times: user=0.02 sys=0.00, real=0.00 secs] 
65.254: Total time for which application threads were stopped: 0.0041570 seconds, Stopping threads took: 0.0020560 seconds
65.347: Application time: 0.0931280 seconds
65.349: [GC65.350: [ParNew: 106153K->6449K(112448K), 0.0023370 secs] 131266K->31562K(364160K), 0.0023850 secs] [Times: user=0.01 sys=0.00, real=0.00 secs] 
65.352: Total time for which application threads were stopped: 0.0051340 seconds, Stopping threads took: 0.0026620 seconds
65.442: Application time: 0.0898240 seconds
65.444: [GC65.444: [ParNew: 106417K->6146K(112448K), 0.0021050 secs] 131530K->31401K(364160K), 0.0021500 secs] [Times: user=0.02 sys=0.00, real=0.00 secs] 
65.446: Total time for which application threads were stopped: 0.0046930 seconds, Stopping threads took: 0.0024730 seconds
65.535: Application time: 0.0881050 seconds
65.537: [GC65.537: [ParNew: 106114K->6065K(112448K), 0.0021800 secs] 131369K->31320K(364160K), 0.0022270 secs] [Times: user=0.02 sys=0.00, real=0.00 secs] 
65.539: Total time for which application threads were stopped: 0.0043490 seconds, Stopping threads took: 0.0020480 seconds
65.626: Application time: 0.0876050 seconds
65.629: [GC65.629: [ParNew: 106033K->7286K(112448K), 0.0025430 secs] 131288K->32541K(364160K), 0.0025880 secs] [Times: user=0.02 sys=0.00, real=0.00 secs] 
65.632: Total time for which application threads were stopped: 0.0052160 seconds, Stopping threads took: 0.0025590 seconds
65.720: Application time: 0.0881810 seconds
65.722: [GC65.722: [ParNew: 107254K->7165K(112448K), 0.0023780 secs] 132509K->32505K(364160K), 0.0024240 secs] [Times: user=0.01 sys=0.00, real=0.00 secs] 
65.725: Total time for which application threads were stopped: 0.0046460 seconds, Stopping threads took: 0.0021430 seconds
65.813: Application time: 0.0880450 seconds
65.814: [GC65.814: [ParNew: 107133K->6109K(112448K), 0.0020950 secs] 132473K->31479K(364160K), 0.0021390 secs] [Times: user=0.02 sys=0.00, real=0.00 secs] 
65.817: Total time for which application threads were stopped: 0.0039790 seconds, Stopping threads took: 0.0017690 seconds
65.909: Application time: 0.0920410 seconds
65.911: [GC65.911: [ParNew: 106077K->5666K(112448K), 0.0020720 secs] 131447K->31036K(364160K), 0.0021180 secs] [Times: user=0.01 sys=0.00, real=0.00 secs] 
65.913: Total time for which application threads were stopped: 0.0047450 seconds, Stopping threads took: 0.0025520 seconds
66.004: Application time: 0.0905260 seconds
66.006: [GC66.006: [ParNew: 105634K->6437K(112448K), 0.0023740 secs] 131004K->31806K(364160K), 0.0024180 secs] [Times: user=0.02 sys=0.00, real=0.01 secs] 
66.008: Total time for which application threads were stopped: 0.0041470 seconds, Stopping threads took: 0.0016370 seconds
66.095: Application time: 0.0870680 seconds
66.097: [GC66.097: [ParNew: 106404K->6075K(112448K), 0.0022170 secs] 131773K->31644K(364160K), 0.0022620 secs] [Times: user=0.02 sys=0.00, real=0.01 secs] 
66.100: Total time for which application threads were stopped: 0.0044410 seconds, Stopping threads took: 0.0020900 seconds
66.189: Application time: 0.0899260 seconds
66.192: [GC66.192: [ParNew: 106043K->6068K(112448K), 0.0019420 secs] 131612K->31636K(364160K), 0.0019860 secs] [Times: user=0.01 sys=0.00, real=0.00 secs] 
66.194: Total time for which application threads were stopped: 0.0049470 seconds, Stopping threads took: 0.0028910 seconds
66.286: Application time: 0.0913920 seconds
66.288: [GC66.288: [ParNew: 106036K->6477K(112448K), 0.0020400 secs] 131604K->32045K(364160K), 0.0020840 secs] [Times: user=0.02 sys=0.00, real=0.00 secs] 
66.290: Total time for which application threads were stopped: 0.0044370 seconds, Stopping threads took: 0.0022830 seconds
66.381: Application time: 0.0912170 seconds
66.383: [GC66.384: [ParNew: 106445K->5118K(112448K), 0.0019220 secs] 132013K->30772K(364160K), 0.0019730 secs] [Times: user=0.02 sys=0.00, real=0.00 secs] 
66.385: Total time for which application threads were stopped: 0.0040140 seconds, Stopping threads took: 0.0019630 seconds
66.476: Application time: 0.0903270 seconds
66.478: [GC66.478: [ParNew: 105086K->6610K(112448K), 0.0022930 secs] 130740K->32264K(364160K), 0.0023340 secs] [Times: user=0.02 sys=0.00, real=0.01 secs] 
66.480: Total time for which application threads were stopped: 0.0045510 seconds, Stopping threads took: 0.0021300 seconds
66.568: Application time: 0.0876890 seconds
66.570: [GC66.570: [ParNew: 106578K->7160K(112448K), 0.0023700 secs] 132232K->32957K(364160K), 0.0024150 secs] [Times: user=0.01 sys=0.00, real=0.00 secs] 
66.573: Total time for which application threads were stopped: 0.0045430 seconds, Stopping threads took: 0.0020560 seconds
66.661: Application time: 0.0881520 seconds
66.663: [GC66.663: [ParNew: 107128K->6187K(112448K), 0.0022610 secs] 132925K->31983K(364160K), 0.0023040 secs] [Times: user=0.01 sys=0.00, real=0.00 secs] 
66.665: Total time for which application threads were stopped: 0.0044180 seconds, Stopping threads took: 0.0020510 seconds
66.753: Application time: 0.0882600 seconds
66.756: [GC66.756: [ParNew: 106155K->7315K(112448K), 0.0023480 secs] 131951K->33112K(364160K), 0.0023920 secs] [Times: user=0.01 sys=0.00, real=0.00 secs] 
66.758: Total time for which application threads were stopped: 0.0047800 seconds, Stopping threads took: 0.0023170 seconds
66.852: Application time: 0.0935100 seconds
66.854: [GC66.854: [ParNew: 107283K->5798K(112448K), 0.0019090 secs] 133080K->31623K(364160K), 0.0019520 secs] [Times: user=0.02 sys=0.00, real=0.00 secs] 
66.856: Total time for which application threads were stopped: 0.0039420 seconds, Stopping threads took: 0.0019190 seconds
66.942: Application time: 0.0858980 seconds
66.944: [GC66.944: [ParNew: 105766K->7538K(112448K), 0.0024460 secs] 131591K->33363K(364160K), 0.0024920 secs] [Times: user=0.02 sys=0.00, real=0.00 secs] 
66.947: Total time for which application threads were stopped: 0.0052190 seconds, Stopping threads took: 0.0026560 seconds
67.036: Application time: 0.0890460 seconds
67.037: [GC67.037: [ParNew: 107506K->7266K(112448K), 0.0024630 secs] 133331K->33290K(364160K), 0.0025090 secs] [Times: user=0.02 sys=0.00, real=0.01 secs] 
67.040: Total time for which application threads were stopped: 0.0040270 seconds, Stopping threads took: 0.0014370 seconds
67.133: Application time: 0.0926190 seconds
67.135: [GC67.135: [ParNew: 107234K->6133K(112448K), 0.0019410 secs] 133258K->32158K(364160K), 0.0019840 secs] [Times: user=0.01 sys=0.00, real=0.00 secs] 
67.137: Total time for which application threads were stopped: 0.0045270 seconds, Stopping threads took: 0.0024720 seconds
67.224: Application time: 0.0869670 seconds
67.226: [GC67.226: [ParNew: 106101K->5651K(112448K), 0.0018490 secs] 132126K->31676K(364160K), 0.0018910 secs] [Times: user=0.01 sys=0.00, real=0.01 secs] 
67.227: Total time for which application threads were stopped: 0.0034450 seconds, Stopping threads took: 0.0014850 seconds
67.316: Application time: 0.0880460 seconds
67.317: [GC67.318: [ParNew: 105619K->6880K(112448K), 0.0037640 secs] 131644K->32905K(364160K), 0.0038160 secs] [Times: user=0.02 sys=0.00, real=0.01 secs] 
67.321: Total time for which application threads were stopped: 0.0058220 seconds, Stopping threads took: 0.0019340 seconds
67.411: Application time: 0.0895010 seconds
67.414: [GC67.414: [ParNew: 106848K->7405K(112448K), 0.0026670 secs] 132873K->33573K(364160K), 0.0027090 secs] [Times: user=0.02 sys=0.00, real=0.00 secs] 
67.416: Total time for which application threads were stopped: 0.0056400 seconds, Stopping threads took: 0.0028490 seconds
67.504: Application time: 0.0879720 seconds
67.506: [GC67.507: [ParNew: 107373K->6475K(112448K), 0.0023290 secs] 133541K->32699K(364160K), 0.0023730 secs] [Times: user=0.01 sys=0.00, real=0.01 secs] 
67.509: Total time for which application threads were stopped: 0.0044580 seconds, Stopping threads took: 0.0019860 seconds
67.597: Application time: 0.0882210 seconds
67.599: [GC67.599: [ParNew: 106443K->6309K(112448K), 0.0022040 secs] 132667K->32562K(364160K), 0.0022510 secs] [Times: user=0.01 sys=0.00, real=0.01 secs] 
67.601: Total time for which application threads were stopped: 0.0042870 seconds, Stopping threads took: 0.0019550 seconds
67.693: Application time: 0.0913560 seconds
67.694: [GC67.694: [ParNew: 106277K->6411K(112448K), 0.0023820 secs] 132530K->32664K(364160K), 0.0024280 secs] [Times: user=0.02 sys=0.00, real=0.00 secs] 
67.697: Total time for which application threads were stopped: 0.0037800 seconds, Stopping threads took: 0.0012600 seconds
67.783: Application time: 0.0867970 seconds
67.786: [GC67.786: [ParNew: 106379K->6460K(112448K), 0.0023370 secs] 132632K->32742K(364160K), 0.0023830 secs] [Times: user=0.01 sys=0.00, real=0.01 secs] 
67.788: Total time for which application threads were stopped: 0.0048890 seconds, Stopping threads took: 0.0024270 seconds
67.879: Application time: 0.0903380 seconds
67.881: [GC67.881: [ParNew: 106428K->7285K(112448K), 0.0024810 secs] 132710K->33681K(364160K), 0.0025240 secs] [Times: user=0.02 sys=0.00, real=0.00 secs] 
67.884: Total time for which application threads were stopped: 0.0052880 seconds, Stopping threads took: 0.0026750 seconds
67.976: Application time: 0.0918920 seconds
67.979: [GC67.979: [ParNew: 107253K->6952K(112448K), 0.0024400 secs] 133649K->33405K(364160K), 0.0024860 secs] [Times: user=0.02 sys=0.00, real=0.01 secs] 
67.981: Total time for which application threads were stopped: 0.0053050 seconds, Stopping threads took: 0.0027280 seconds
68.069: Application time: 0.0882470 seconds
68.071: [GC68.071: [ParNew: 106920K->5084K(112448K), 0.0017500 secs] 133373K->31565K(364160K), 0.0017950 secs] [Times: user=0.01 sys=0.00, real=0.00 secs] 
68.073: Total time for which application threads were stopped: 0.0039620 seconds, Stopping threads took: 0.0020980 seconds
68.160: Application time: 0.0862110 seconds
68.161: [GC68.161: [ParNew: 105052K->7184K(112448K), 0.0023660 secs] 131533K->33666K(364160K), 0.0024080 secs] [Times: user=0.02 sys=0.00, real=0.00 secs] 
68.164: Total time for which application threads were stopped: 0.0041790 seconds, Stopping threads took: 0.0016720 seconds
68.251: Application time: 0.0870740 seconds
68.252: [GC68.253: [ParNew: 107152K->6215K(112448K), 0.0022500 secs] 133634K->32725K(364160K), 0.0022950 secs] [Times: user=0.02 sys=0.00, real=0.00 secs] 
68.255: Total time for which application threads were stopped: 0.0040460 seconds, Stopping threads took: 0.0016810 seconds
68.342: Application time: 0.0874450 seconds
68.344: [GC68.344: [ParNew: 106183K->6455K(112448K), 0.0021310 secs] 132693K->32965K(364160K), 0.0021740 secs] [Times: user=0.02 sys=0.00, real=0.00 secs] 
68.346: Total time for which application threads were stopped: 0.0037870 seconds, Stopping threads took: 0.0015200 seconds
68.434: Application time: 0.0878650 seconds
68.435: [GC68.435: [ParNew: 106423K->7384K(112448K), 0.0026810 secs] 132933K->34065K(364160K), 0.0027260 secs] [Times: user=0.02 sys=0.00, real=0.00 secs] 
68.438: Total time for which application threads were stopped: 0.0038600 seconds, Stopping threads took: 0.0010630 seconds
68.529: Application time: 0.0915750 seconds
68.530: [GC68.530: [ParNew: 107352K->4614K(112448K), 0.0015480 secs] 134033K->31323K(364160K), 0.0015900 secs] [Times: user=0.01 sys=0.00, real=0.00 secs] 
68.532: Total time for which application threads were stopped: 0.0026340 seconds, Stopping threads took: 0.0009550 seconds
68.620: Application time: 0.0875450 seconds
68.622: [GC68.622: [ParNew: 104582K->6612K(112448K), 0.0023730 secs] 131291K->33322K(364160K), 0.0024170 secs] [Times: user=0.01 sys=0.00, real=0.00 secs] 
68.624: Total time for which application threads were stopped: 0.0046990 seconds, Stopping threads took: 0.0021900 seconds
68.715: Application time: 0.0907420 seconds
68.716: [GC68.716: [ParNew: 106580K->6617K(112448K), 0.0021610 secs] 133290K->33355K(364160K), 0.0022130 secs] [Times: user=0.02 sys=0.00, real=0.00 secs] 
68.718: Total time for which application threads were stopped: 0.0033940 seconds, Stopping threads took: 0.0011070 seconds
68.808: Application time: 0.0897450 seconds
68.811: [GC68.811: [ParNew: 106585K->7366K(112448K), 0.0024860 secs] 133323K->34190K(364160K), 0.0025300 secs] [Times: user=0.02 sys=0.00, real=0.00 secs] 
68.813: Total time for which application threads were stopped: 0.0050060 seconds, Stopping threads took: 0.0023850 seconds
68.901: Application time: 0.0882310 seconds
68.903: [GC68.903: [ParNew: 107334K->6382K(112448K), 0.0021160 secs] 134158K->33291K(364160K), 0.0021610 secs] [Times: user=0.02 sys=0.00, real=0.00 secs] 
68.905: Total time for which application threads were stopped: 0.0036970 seconds, Stopping threads took: 0.0014660 seconds
68.996: Application time: 0.0910570 seconds
68.998: [GC68.998: [ParNew: 106350K->6785K(112448K), 0.0024240 secs] 133259K->33723K(364160K), 0.0024680 secs] [Times: user=0.02 sys=0.00, real=0.01 secs] 
69.001: Total time for which application threads were stopped: 0.0044920 seconds, Stopping threads took: 0.0019550 seconds
69.089: Application time: 0.0880680 seconds
69.091: [GC69.091: [ParNew: 106753K->7158K(112448K), 0.0024320 secs] 133691K->34096K(364160K), 0.0024750 secs] [Times: user=0.02 sys=0.00, real=0.00 secs] 
69.094: Total time for which application threads were stopped: 0.0052790 seconds, Stopping threads took: 0.0027340 seconds
69.187: Application time: 0.0929170 seconds
69.189: [GC69.189: [ParNew: 107126K->5786K(112448K), 0.0019170 secs] 134064K->32723K(364160K), 0.0019580 secs] [Times: user=0.01 sys=0.00, real=0.00 secs] 
69.190: Total time for which application threads were stopped: 0.0035980 seconds, Stopping threads took: 0.0015710 seconds
69.277: Application time: 0.0865160 seconds
69.280: [GC69.280: [ParNew: 105754K->6554K(112448K), 0.0022660 secs] 132691K->33491K(364160K), 0.0023110 secs] [Times: user=0.02 sys=0.00, real=0.00 secs] 
69.282: Total time for which application threads were stopped: 0.0050380 seconds, Stopping threads took: 0.0026260 seconds
69.375: Application time: 0.0931410 seconds
69.378: [GC69.378: [ParNew: 106522K->6637K(112448K), 0.0022640 secs] 133459K->33746K(364160K), 0.0023090 secs] [Times: user=0.01 sys=0.00, real=0.01 secs] 
69.380: Total time for which application threads were stopped: 0.0052410 seconds, Stopping threads took: 0.0028580 seconds
69.480: Application time: 0.0997610 seconds
69.483: [GC69.483: [ParNew: 106605K->6761K(112448K), 0.0023590 secs] 133714K->33926K(364160K), 0.0024030 secs] [Times: user=0.01 sys=0.00, real=0.00 secs] 
69.485: Total time for which application threads were stopped: 0.0047380 seconds, Stopping threads took: 0.0022630 seconds
69.581: Application time: 0.0957940 seconds
69.582: [GC69.582: [ParNew: 106729K->6790K(112448K), 0.0021650 secs] 133894K->33956K(364160K), 0.0022130 secs] [Times: user=0.02 sys=0.00, real=0.00 secs] 
69.584: Total time for which application threads were stopped: 0.0036520 seconds, Stopping threads took: 0.0013670 seconds
69.677: Application time: 0.0928110 seconds
69.680: [GC69.680: [ParNew: 106758K->7406K(112448K), 0.0024060 secs] 133924K->34571K(364160K), 0.0024550 secs] [Times: user=0.02 sys=0.00, real=0.00 secs] 
69.682: Total time for which application threads were stopped: 0.0048100 seconds, Stopping threads took: 0.0022610 seconds
69.777: Application time: 0.0946480 seconds
69.779: [GC69.779: [ParNew: 107374K->7267K(112448K), 0.0025140 secs] 134539K->34461K(364160K), 0.0025590 secs] [Times: user=0.01 sys=0.01, real=0.01 secs] 
69.782: Total time for which application threads were stopped: 0.0051130 seconds, Stopping threads took: 0.0024820 seconds
69.877: Application time: 0.0954080 seconds
69.880: [GC69.880: [ParNew: 107235K->6150K(112448K), 0.0024120 secs] 134429K->33487K(364160K), 0.0024570 secs] [Times: user=0.02 sys=0.00, real=0.00 secs] 
69.882: Total time for which application threads were stopped: 0.0049210 seconds, Stopping threads took: 0.0023620 seconds
69.978: Application time: 0.0961160 seconds
69.981: [GC69.981: [ParNew: 106118K->7234K(112448K), 0.0024680 secs] 133455K->34571K(364160K), 0.0025220 secs] [Times: user=0.02 sys=0.00, real=0.00 secs] 
69.984: Total time for which application threads were stopped: 0.0054110 seconds, Stopping threads took: 0.0027980 seconds
70.080: Application time: 0.0960840 seconds
70.082: [GC70.082: [ParNew: 107202K->6828K(112448K), 0.0022150 secs] 134539K->34221K(364160K), 0.0022620 secs] [Times: user=0.02 sys=0.00, real=0.00 secs] 
70.085: Total time for which application threads were stopped: 0.0048740 seconds, Stopping threads took: 0.0025390 seconds
70.180: Application time: 0.0954610 seconds
70.182: [GC70.182: [ParNew: 106796K->7093K(112448K), 0.0023090 secs] 134189K->34487K(364160K), 0.0023590 secs] [Times: user=0.02 sys=0.00, real=0.00 secs] 
70.184: Total time for which application threads were stopped: 0.0043820 seconds, Stopping threads took: 0.0019390 seconds
70.283: Application time: 0.0983290 seconds
70.286: [GC70.286: [ParNew: 107061K->7208K(112448K), 0.0024200 secs] 134455K->34630K(364160K), 0.0024660 secs] [Times: user=0.01 sys=0.00, real=0.01 secs] 
70.288: Total time for which application threads were stopped: 0.0053760 seconds, Stopping threads took: 0.0028200 seconds
70.384: Application time: 0.0962030 seconds
70.387: [GC70.387: [ParNew: 107176K->5223K(112448K), 0.0018110 secs] 134598K->32759K(364160K), 0.0018580 secs] [Times: user=0.01 sys=0.00, real=0.01 secs] 
70.389: Total time for which application threads were stopped: 0.0047540 seconds, Stopping threads took: 0.0028040 seconds
70.486: Application time: 0.0973440 seconds
70.489: [GC70.489: [ParNew: 105191K->6460K(112448K), 0.0020520 secs] 132727K->33996K(364160K), 0.0020990 secs] [Times: user=0.01 sys=0.01, real=0.00 secs] 
70.491: Total time for which application threads were stopped: 0.0044210 seconds, Stopping threads took: 0.0022490 seconds
70.588: Application time: 0.0969300 seconds
70.590: [GC70.590: [ParNew: 106428K->5973K(112448K), 0.0020910 secs] 133964K->33595K(364160K), 0.0021350 secs] [Times: user=0.02 sys=0.00, real=0.00 secs] 
70.592: Total time for which application threads were stopped: 0.0041900 seconds, Stopping threads took: 0.0019810 seconds
70.686: Application time: 0.0943760 seconds
70.690: [GC70.690: [ParNew: 105941K->7186K(112448K), 0.0023540 secs] 133563K->34808K(364160K), 0.0023990 secs] [Times: user=0.02 sys=0.00, real=0.00 secs] 
70.692: Total time for which application threads were stopped: 0.0058070 seconds, Stopping threads took: 0.0033380 seconds
70.785: Application time: 0.0930170 seconds
70.786: [GC70.786: [ParNew: 107154K->7862K(112448K), 0.0026520 secs] 134776K->35513K(364160K), 0.0026990 secs] [Times: user=0.02 sys=0.00, real=0.01 secs] 
70.789: Total time for which application threads were stopped: 0.0037680 seconds, Stopping threads took: 0.0009970 seconds
70.888: Application time: 0.0987540 seconds
70.890: [GC70.890: [ParNew: 107830K->7708K(112448K), 0.0027960 secs] 135481K->35472K(364160K), 0.0028410 secs] [Times: user=0.02 sys=0.00, real=0.00 secs] 
70.893: Total time for which application threads were stopped: 0.0048350 seconds, Stopping threads took: 0.0018970 seconds
70.988: Application time: 0.0957100 seconds
70.993: [GC70.993: [ParNew: 107676K->6934K(112448K), 0.0023770 secs] 135440K->34756K(364160K), 0.0024280 secs] [Times: user=0.02 sys=0.00, real=0.00 secs] 
70.996: Total time for which application threads were stopped: 0.0073550 seconds, Stopping threads took: 0.0048440 seconds
71.088: Application time: 0.0925090 seconds
71.091: [GC71.091: [ParNew: 106902K->7213K(112448K), 0.0025120 secs] 134724K->35063K(364160K), 0.0025600 secs] [Times: user=0.01 sys=0.00, real=0.00 secs] 
71.093: Total time for which application threads were stopped: 0.0051020 seconds, Stopping threads took: 0.0024510 seconds
71.190: Application time: 0.0965380 seconds
71.192: [GC71.192: [ParNew: 107181K->5316K(112448K), 0.0017010 secs] 135031K->33166K(364160K), 0.0017480 secs] [Times: user=0.01 sys=0.00, real=0.00 secs] 
71.194: Total time for which application threads were stopped: 0.0039970 seconds, Stopping threads took: 0.0021490 seconds
71.289: Application time: 0.0955400 seconds
71.291: [GC71.291: [ParNew: 105284K->7764K(112448K), 0.0025940 secs] 133134K->35614K(364160K), 0.0026360 secs] [Times: user=0.02 sys=0.00, real=0.00 secs] 
71.294: Total time for which application threads were stopped: 0.0047370 seconds, Stopping threads took: 0.0020290 seconds
71.389: Application time: 0.0947370 seconds
71.392: [GC71.392: [ParNew: 107732K->6545K(112448K), 0.0022430 secs] 135582K->34538K(364160K), 0.0022870 secs] [Times: user=0.02 sys=0.01, real=0.00 secs] 
71.394: Total time for which application threads were stopped: 0.0050910 seconds, Stopping threads took: 0.0027250 seconds
71.486: Application time: 0.0925040 seconds
71.488: [GC71.488: [ParNew: 106513K->7409K(112448K), 0.0026350 secs] 134506K->35458K(364160K), 0.0026810 secs] [Times: user=0.02 sys=0.00, real=0.00 secs] 
71.491: Total time for which application threads were stopped: 0.0041400 seconds, Stopping threads took: 0.0013880 seconds
71.585: Application time: 0.0940430 seconds
71.588: [GC71.588: [ParNew: 107377K->7762K(112448K), 0.0025330 secs] 135426K->35840K(364160K), 0.0025800 secs] [Times: user=0.02 sys=0.00, real=0.00 secs] 
71.590: Total time for which application threads were stopped: 0.0057910 seconds, Stopping threads took: 0.0031410 seconds
71.683: Application time: 0.0921730 seconds
71.684: [GC71.684: [ParNew: 107730K->6713K(112448K), 0.0024150 secs] 135808K->34791K(364160K), 0.0024600 secs] [Times: user=0.01 sys=0.00, real=0.00 secs] 
71.687: Total time for which application threads were stopped: 0.0040470 seconds, Stopping threads took: 0.0014970 seconds
71.783: Application time: 0.0959450 seconds
71.784: [GC71.784: [ParNew: 106681K->6639K(112448K), 0.0021350 secs] 134759K->34717K(364160K), 0.0021830 secs] [Times: user=0.02 sys=0.00, real=0.00 secs] 
71.787: Total time for which application threads were stopped: 0.0040950 seconds, Stopping threads took: 0.0018400 seconds
71.880: Application time: 0.0937230 seconds
71.883: [GC71.883: [ParNew: 106607K->7129K(112448K), 0.0024210 secs] 134685K->35264K(364160K), 0.0024690 secs] [Times: user=0.02 sys=0.00, real=0.00 secs] 
71.886: Total time for which application threads were stopped: 0.0051050 seconds, Stopping threads took: 0.0025640 seconds
71.982: Application time: 0.0962570 seconds
71.985: [GC71.985: [ParNew: 107097K->6399K(112448K), 0.0022370 secs] 135232K->34677K(364160K), 0.0022810 secs] [Times: user=0.01 sys=0.00, real=0.00 secs] 
71.987: Total time for which application threads were stopped: 0.0054010 seconds, Stopping threads took: 0.0030300 seconds
72.083: Application time: 0.0954640 seconds
72.086: [GC72.086: [ParNew: 106367K->7150K(112448K), 0.0025300 secs] 134645K->35457K(364160K), 0.0025750 secs] [Times: user=0.02 sys=0.00, real=0.01 secs] 
72.088: Total time for which application threads were stopped: 0.0057110 seconds, Stopping threads took: 0.0030640 seconds
72.181: Application time: 0.0921800 seconds
72.182: [GC72.182: [ParNew: 107118K->7049K(112448K), 0.0024860 secs] 135425K->35355K(364160K), 0.0025300 secs] [Times: user=0.01 sys=0.00, real=0.00 secs] 
72.185: Total time for which application threads were stopped: 0.0043100 seconds, Stopping threads took: 0.0017050 seconds
72.280: Application time: 0.0949940 seconds
72.283: [GC72.283: [ParNew: 107017K->6455K(112448K), 0.0021260 secs] 135323K->34761K(364160K), 0.0021700 secs] [Times: user=0.02 sys=0.00, real=0.00 secs] 
72.285: Total time for which application threads were stopped: 0.0050200 seconds, Stopping threads took: 0.0027650 seconds
72.381: Application time: 0.0962070 seconds
72.383: [GC72.383: [ParNew: 106423K->4674K(112448K), 0.0030870 secs] 134729K->33009K(364160K), 0.0031360 secs] [Times: user=0.02 sys=0.00, real=0.00 secs] 
72.386: Total time for which application threads were stopped: 0.0052350 seconds, Stopping threads took: 0.0020260 seconds
72.485: Application time: 0.0983850 seconds
72.488: [GC72.488: [ParNew: 104642K->6476K(112448K), 0.0022560 secs] 132977K->34810K(364160K), 0.0023110 secs] [Times: user=0.01 sys=0.00, real=0.00 secs] 
72.490: Total time for which application threads were stopped: 0.0051620 seconds, Stopping threads took: 0.0027610 seconds
72.591: Application time: 0.1009280 seconds
72.593: [GC72.593: [ParNew: 106444K->5498K(112448K), 0.0019360 secs] 134778K->34032K(364160K), 0.0019810 secs] [Times: user=0.02 sys=0.00, real=0.00 secs] 
72.595: Total time for which application threads were stopped: 0.0037590 seconds, Stopping threads took: 0.0017070 seconds
72.691: Application time: 0.0963790 seconds
72.693: [GC72.693: [ParNew: 105466K->6554K(112448K), 0.0022690 secs] 134000K->35088K(364160K), 0.0023130 secs] [Times: user=0.02 sys=0.00, real=0.00 secs] 
72.695: Total time for which application threads were stopped: 0.0039950 seconds, Stopping threads took: 0.0016110 seconds
72.795: Application time: 0.1000310 seconds
72.797: [GC72.797: [ParNew: 106522K->5874K(112448K), 0.0020000 secs] 135056K->34408K(364160K), 0.0020460 secs] [Times: user=0.01 sys=0.00, real=0.00 secs] 
72.799: Total time for which application threads were stopped: 0.0041000 seconds, Stopping threads took: 0.0019820 seconds
72.890: Application time: 0.0906380 seconds
72.892: [GC72.892: [ParNew: 105842K->7541K(112448K), 0.0026990 secs] 134376K->36076K(364160K), 0.0027440 secs] [Times: user=0.02 sys=0.00, real=0.00 secs] 
72.895: Total time for which application threads were stopped: 0.0052240 seconds, Stopping threads took: 0.0023860 seconds
72.990: Application time: 0.0952300 seconds
72.993: [GC72.993: [ParNew: 107509K->7208K(112448K), 0.0024610 secs] 136044K->35913K(364160K), 0.0025100 secs] [Times: user=0.02 sys=0.00, real=0.00 secs] 
72.996: Total time for which application threads were stopped: 0.0057700 seconds, Stopping threads took: 0.0031580 seconds
73.089: Application time: 0.0926830 seconds
73.091: [GC73.091: [ParNew: 107176K->6249K(112448K), 0.0020460 secs] 135881K->34983K(364160K), 0.0020940 secs] [Times: user=0.01 sys=0.00, real=0.00 secs] 
73.093: Total time for which application threads were stopped: 0.0041420 seconds, Stopping threads took: 0.0019750 seconds
73.185: Application time: 0.0921410 seconds
73.187: [GC73.187: [ParNew: 106217K->7175K(112448K), 0.0023470 secs] 134951K->35937K(364160K), 0.0023910 secs] [Times: user=0.01 sys=0.00, real=0.01 secs] 
73.190: Total time for which application threads were stopped: 0.0046630 seconds, Stopping threads took: 0.0021990 seconds
73.284: Application time: 0.0945220 seconds
73.286: [GC73.286: [ParNew: 107143K->7388K(112448K), 0.0024420 secs] 135905K->36151K(364160K), 0.0024890 secs] [Times: user=0.02 sys=0.00, real=0.01 secs] 
73.289: Total time for which application threads were stopped: 0.0046250 seconds, Stopping threads took: 0.0020650 seconds
73.381: Application time: 0.0922960 seconds
73.384: [GC73.384: [ParNew: 107356K->7915K(112448K), 0.0027210 secs] 136119K->36706K(364160K), 0.0027640 secs] [Times: user=0.02 sys=0.00, real=0.00 secs] 
73.387: Total time for which application threads were stopped: 0.0056940 seconds, Stopping threads took: 0.0028400 seconds
73.477: Application time: 0.0898460 seconds
73.479: [GC73.479: [ParNew: 107883K->6673K(112448K), 0.0022070 secs] 136674K->35578K(364160K), 0.0022500 secs] [Times: user=0.02 sys=0.00, real=0.01 secs] 
73.481: Total time for which application threads were stopped: 0.0047110 seconds, Stopping threads took: 0.0023900 seconds
73.570: Application time: 0.0883120 seconds
73.572: [GC73.572: [ParNew: 106641K->7490K(112448K), 0.0024560 secs] 135546K->36452K(364160K), 0.0024990 secs] [Times: user=0.02 sys=0.00, real=0.00 secs] 
73.574: Total time for which application threads were stopped: 0.0048670 seconds, Stopping threads took: 0.0022890 seconds
73.662: Application time: 0.0878230 seconds
73.665: [GC73.665: [ParNew: 107458K->6444K(112448K), 0.0023440 secs] 136420K->35434K(364160K), 0.0023860 secs] [Times: user=0.02 sys=0.00, real=0.00 secs] 
73.667: Total time for which application threads were stopped: 0.0048890 seconds, Stopping threads took: 0.0024120 seconds
73.759: Application time: 0.0922700 seconds
73.762: [GC73.762: [ParNew: 106412K->6942K(112448K), 0.0023770 secs] 135402K->35933K(364160K), 0.0024320 secs] [Times: user=0.01 sys=0.00, real=0.00 secs] 
73.765: Total time for which application threads were stopped: 0.0053920 seconds, Stopping threads took: 0.0028900 seconds
73.854: Application time: 0.0890700 seconds
73.855: [GC73.855: [ParNew: 106910K->5913K(112448K), 0.0019160 secs] 135901K->34932K(364160K), 0.0019600 secs] [Times: user=0.01 sys=0.00, real=0.00 secs] 
73.857: Total time for which application threads were stopped: 0.0035530 seconds, Stopping threads took: 0.0015220 seconds
73.947: Application time: 0.0895730 seconds
73.949: [GC73.949: [ParNew: 105881K->5161K(112448K), 0.0018060 secs] 134900K->34180K(364160K), 0.0018430 secs] [Times: user=0.01 sys=0.00, real=0.00 secs] 
73.951: Total time for which application threads were stopped: 0.0038620 seconds, Stopping threads took: 0.0019300 seconds
74.043: Application time: 0.0923780 seconds
74.045: [GC74.045: [ParNew: 105129K->7017K(112448K), 0.0024630 secs] 134148K->36036K(364160K), 0.0025090 secs] [Times: user=0.01 sys=0.00, real=0.01 secs] 
74.048: Total time for which application threads were stopped: 0.0043520 seconds, Stopping threads took: 0.0017740 seconds
74.134: Application time: 0.0860270 seconds
74.136: [GC74.136: [ParNew: 106985K->6557K(112448K), 0.0022470 secs] 136004K->35775K(364160K), 0.0022920 secs] [Times: user=0.01 sys=0.00, real=0.00 secs] 
74.138: Total time for which application threads were stopped: 0.0042040 seconds, Stopping threads took: 0.0018120 seconds
74.229: Application time: 0.0908780 seconds
74.232: [GC74.232: [ParNew: 106525K->6787K(112448K), 0.0024470 secs] 135743K->36006K(364160K), 0.0024890 secs] [Times: user=0.02 sys=0.00, real=0.00 secs] 
74.234: Total time for which application threads were stopped: 0.0052880 seconds, Stopping threads took: 0.0027290 seconds
74.325: Application time: 0.0909910 seconds
74.327: [GC74.327: [ParNew: 106755K->6837K(112448K), 0.0022020 secs] 135974K->36056K(364160K), 0.0022490 secs] [Times: user=0.01 sys=0.00, real=0.01 secs] 
74.329: Total time for which application threads were stopped: 0.0043170 seconds, Stopping threads took: 0.0020040 seconds
74.417: Application time: 0.0875570 seconds
74.419: [GC74.419: [ParNew: 106805K->7385K(112448K), 0.0024600 secs] 136024K->36718K(364160K), 0.0025080 secs] [Times: user=0.02 sys=0.00, real=0.01 secs] 
74.421: Total time for which application threads were stopped: 0.0043390 seconds, Stopping threads took: 0.0017610 seconds
74.510: Application time: 0.0885170 seconds
74.512: [GC74.512: [ParNew: 107353K->7680K(112448K), 0.0024840 secs] 136686K->37098K(364160K), 0.0025270 secs] [Times: user=0.02 sys=0.00, real=0.00 secs] 
74.514: Total time for which application threads were stopped: 0.0043140 seconds, Stopping threads took: 0.0017160 seconds
74.605: Application time: 0.0912970 seconds
74.606: [GC74.606: [ParNew: 107648K->6497K(112448K), 0.0021790 secs] 137066K->35944K(364160K), 0.0022240 secs] [Times: user=0.02 sys=0.00, real=0.01 secs] 
74.609: Total time for which application threads were stopped: 0.0031150 seconds, Stopping threads took: 0.0008200 seconds
74.698: Application time: 0.0898670 seconds
74.701: [GC74.701: [ParNew: 106465K->6351K(112448K), 0.0020780 secs] 135912K->35798K(364160K), 0.0021230 secs] [Times: user=0.02 sys=0.00, real=0.00 secs] 
74.703: Total time for which application threads were stopped: 0.0047920 seconds, Stopping threads took: 0.0025810 seconds
74.792: Application time: 0.0892620 seconds
74.795: [GC74.796: [ParNew: 106319K->6396K(112448K), 0.0021020 secs] 135766K->35843K(364160K), 0.0021470 secs] [Times: user=0.01 sys=0.00, real=0.00 secs] 
74.798: Total time for which application threads were stopped: 0.0052260 seconds, Stopping threads took: 0.0029720 seconds
74.886: Application time: 0.0880360 seconds
74.888: [GC74.888: [ParNew: 106364K->7238K(112448K), 0.0026400 secs] 135811K->36741K(364160K), 0.0026810 secs] [Times: user=0.02 sys=0.00, real=0.00 secs] 
74.890: Total time for which application threads were stopped: 0.0045780 seconds, Stopping threads took: 0.0018010 seconds
74.985: Application time: 0.0949460 seconds
74.988: [GC74.988: [ParNew: 107206K->5907K(112448K), 0.0021850 secs] 136709K->35553K(364160K), 0.0022280 secs] [Times: user=0.01 sys=0.00, real=0.00 secs] 
74.991: Total time for which application threads were stopped: 0.0053710 seconds, Stopping threads took: 0.0030740 seconds
75.078: Application time: 0.0876190 seconds
75.081: [GC75.081: [ParNew: 105875K->5985K(112448K), 0.0019240 secs] 135521K->35632K(364160K), 0.0019730 secs] [Times: user=0.01 sys=0.00, real=0.00 secs] 
75.083: Total time for which application threads were stopped: 0.0043740 seconds, Stopping threads took: 0.0023090 seconds
75.172: Application time: 0.0890490 seconds
75.174: [GC75.174: [ParNew: 105953K->7415K(112448K), 0.0026610 secs] 135600K->37061K(364160K), 0.0027030 secs] [Times: user=0.02 sys=0.00, real=0.00 secs] 
75.177: Total time for which application threads were stopped: 0.0048970 seconds, Stopping threads took: 0.0021040 seconds
75.267: Application time: 0.0900740 seconds
75.269: [GC75.269: [ParNew: 107383K->6037K(112448K), 0.0021850 secs] 137029K->35711K(364160K), 0.0022250 secs] [Times: user=0.01 sys=0.00, real=0.00 secs] 
75.271: Total time for which application threads were stopped: 0.0042300 seconds, Stopping threads took: 0.0019040 seconds
75.361: Application time: 0.0904740 seconds
75.364: [GC75.364: [ParNew: 106005K->6170K(112448K), 0.0021240 secs] 135679K->35844K(364160K), 0.0021720 secs] [Times: user=0.02 sys=0.00, real=0.00 secs] 
75.366: Total time for which application threads were stopped: 0.0044540 seconds, Stopping threads took: 0.0022010 seconds
75.455: Application time: 0.0893290 seconds
75.457: [GC75.457: [ParNew: 106138K->6461K(112448K), 0.0021690 secs] 135812K->36136K(364160K), 0.0022130 secs] [Times: user=0.02 sys=0.00, real=0.00 secs] 
75.459: Total time for which application threads were stopped: 0.0041030 seconds, Stopping threads took: 0.0017970 seconds
75.553: Application time: 0.0937480 seconds
75.555: [GC75.555: [ParNew: 106429K->6504K(112448K), 0.0021530 secs] 136104K->36379K(364160K), 0.0021980 secs] [Times: user=0.01 sys=0.00, real=0.00 secs] 
75.557: Total time for which application threads were stopped: 0.0043830 seconds, Stopping threads took: 0.0021140 seconds
75.646: Application time: 0.0884440 seconds
75.648: [GC75.648: [ParNew: 106472K->6571K(112448K), 0.0021900 secs] 136347K->36474K(364160K), 0.0022350 secs] [Times: user=0.01 sys=0.00, real=0.00 secs] 
75.650: Total time for which application threads were stopped: 0.0045700 seconds, Stopping threads took: 0.0022650 seconds
75.739: Application time: 0.0890850 seconds
75.741: [GC75.741: [ParNew: 106539K->5841K(112448K), 0.0019010 secs] 136442K->35744K(364160K), 0.0019460 secs] [Times: user=0.01 sys=0.00, real=0.00 secs] 
75.743: Total time for which application threads were stopped: 0.0036380 seconds, Stopping threads took: 0.0016200 seconds
75.833: Application time: 0.0900170 seconds
75.836: [GC75.836: [ParNew: 105809K->6275K(112448K), 0.0021280 secs] 135712K->36178K(364160K), 0.0021760 secs] [Times: user=0.01 sys=0.00, real=0.00 secs] 
75.838: Total time for which application threads were stopped: 0.0045860 seconds, Stopping threads took: 0.0023300 seconds
75.930: Application time: 0.0922950 seconds
75.933: [GC75.933: [ParNew: 106243K->6538K(112448K), 0.0022170 secs] 136146K->36641K(364160K), 0.0022630 secs] [Times: user=0.02 sys=0.01, real=0.00 secs] 
75.935: Total time for which application threads were stopped: 0.0048910 seconds, Stopping threads took: 0.0025380 seconds
76.023: Application time: 0.0880520 seconds
76.025: [GC76.025: [ParNew: 106506K->6664K(112448K), 0.0023180 secs] 136609K->36766K(364160K), 0.0023660 secs] [Times: user=0.01 sys=0.00, real=0.01 secs] 
76.028: Total time for which application threads were stopped: 0.0046420 seconds, Stopping threads took: 0.0022030 seconds
76.119: Application time: 0.0914950 seconds
76.121: [GC76.121: [ParNew: 106632K->6424K(112448K), 0.0022010 secs] 136734K->36555K(364160K), 0.0022550 secs] [Times: user=0.02 sys=0.00, real=0.00 secs] 
76.123: Total time for which application threads were stopped: 0.0042470 seconds, Stopping threads took: 0.0019220 seconds
76.212: Application time: 0.0884780 seconds
76.213: [GC76.213: [ParNew: 106392K->6448K(112448K), 0.0021580 secs] 136523K->36579K(364160K), 0.0022010 secs] [Times: user=0.01 sys=0.00, real=0.00 secs] 
76.216: Total time for which application threads were stopped: 0.0037560 seconds, Stopping threads took: 0.0014860 seconds
76.304: Application time: 0.0888860 seconds
76.307: [GC76.307: [ParNew: 106416K->6627K(112448K), 0.0021330 secs] 136547K->36787K(364160K), 0.0021750 secs] [Times: user=0.02 sys=0.00, real=0.00 secs] 
76.310: Total time for which application threads were stopped: 0.0050860 seconds, Stopping threads took: 0.0028410 seconds
76.398: Application time: 0.0880440 seconds
76.400: [GC76.400: [ParNew: 106595K->7667K(112448K), 0.0025480 secs] 136755K->37941K(364160K), 0.0025920 secs] [Times: user=0.01 sys=0.00, real=0.00 secs] 
76.402: Total time for which application threads were stopped: 0.0048830 seconds, Stopping threads took: 0.0022100 seconds
76.496: Application time: 0.0930990 seconds
76.497: [GC76.497: [ParNew: 107635K->6634K(112448K), 0.0021980 secs] 137909K->36965K(364160K), 0.0022410 secs] [Times: user=0.02 sys=0.00, real=0.01 secs] 
76.499: Total time for which application threads were stopped: 0.0036940 seconds, Stopping threads took: 0.0013760 seconds
76.595: Application time: 0.0952150 seconds
76.597: [GC76.597: [ParNew: 106602K->4528K(112448K), 0.0015730 secs] 136933K->34887K(364160K), 0.0016110 secs] [Times: user=0.01 sys=0.00, real=0.00 secs] 
76.599: Total time for which application threads were stopped: 0.0041190 seconds, Stopping threads took: 0.0024370 seconds
76.687: Application time: 0.0882500 seconds
76.689: [GC76.689: [ParNew: 104496K->6623K(112448K), 0.0024620 secs] 134855K->36982K(364160K), 0.0025070 secs] [Times: user=0.02 sys=0.00, real=0.00 secs] 
76.692: Total time for which application threads were stopped: 0.0049870 seconds, Stopping threads took: 0.0023900 seconds
76.781: Application time: 0.0887560 seconds
76.783: [GC76.783: [ParNew: 106591K->7163K(112448K), 0.0023730 secs] 136950K->37522K(364160K), 0.0024150 secs] [Times: user=0.02 sys=0.00, real=0.00 secs] 
76.785: Total time for which application threads were stopped: 0.0046850 seconds, Stopping threads took: 0.0022070 seconds
76.875: Application time: 0.0897040 seconds
76.878: [GC76.878: [ParNew: 107131K->5710K(112448K), 0.0021420 secs] 137490K->36212K(364160K), 0.0021850 secs] [Times: user=0.01 sys=0.00, real=0.01 secs] 
76.880: Total time for which application threads were stopped: 0.0048160 seconds, Stopping threads took: 0.0025520 seconds
76.969: Application time: 0.0891230 seconds
76.971: [GC76.971: [ParNew: 105678K->7618K(112448K), 0.0026200 secs] 136180K->38119K(364160K), 0.0026640 secs] [Times: user=0.02 sys=0.00, real=0.00 secs] 
76.973: Total time for which application threads were stopped: 0.0044620 seconds, Stopping threads took: 0.0017100 seconds
77.066: Application time: 0.0921470 seconds
77.068: [GC77.068: [ParNew: 107586K->7515K(112448K), 0.0025990 secs] 138087K->38102K(364160K), 0.0026410 secs] [Times: user=0.02 sys=0.00, real=0.00 secs] 
77.070: Total time for which application threads were stopped: 0.0046150 seconds, Stopping threads took: 0.0019080 seconds
77.161: Application time: 0.0907400 seconds
77.163: [GC77.163: [ParNew: 107483K->4958K(112448K), 0.0015890 secs] 138070K->35545K(364160K), 0.0016340 secs] [Times: user=0.01 sys=0.00, real=0.00 secs] 
77.165: Total time for which application threads were stopped: 0.0036720 seconds, Stopping threads took: 0.0019590 seconds
77.254: Application time: 0.0894180 seconds
77.256: [GC77.256: [ParNew: 104926K->6144K(112448K), 0.0021120 secs] 135513K->36732K(364160K), 0.0021530 secs] [Times: user=0.01 sys=0.00, real=0.00 secs] 
77.258: Total time for which application threads were stopped: 0.0044730 seconds, Stopping threads took: 0.0022500 seconds
77.346: Application time: 0.0878900 seconds
77.349: [GC77.349: [ParNew: 106112K->7778K(112448K), 0.0026200 secs] 136700K->38365K(364160K), 0.0026750 secs] [Times: user=0.02 sys=0.00, real=0.00 secs] 
77.352: Total time for which application threads were stopped: 0.0056660 seconds, Stopping threads took: 0.0029210 seconds
77.443: Application time: 0.0907590 seconds
77.445: [GC77.445: [ParNew: 107746K->7455K(112448K), 0.0025970 secs] 138333K->38242K(364160K), 0.0026430 secs] [Times: user=0.02 sys=0.00, real=0.01 secs] 
77.448: Total time for which application threads were stopped: 0.0047780 seconds, Stopping threads took: 0.0020640 seconds
77.541: Application time: 0.0937390 seconds
77.544: [GC77.544: [ParNew: 107423K->7304K(112448K), 0.0025020 secs] 138210K->38120K(364160K), 0.0025470 secs] [Times: user=0.01 sys=0.00, real=0.00 secs] 
77.546: Total time for which application threads were stopped: 0.0049720 seconds, Stopping threads took: 0.0023350 seconds
77.641: Application time: 0.0947250 seconds
77.644: [GC77.644: [ParNew: 107272K->7232K(112448K), 0.0023260 secs] 138088K->38048K(364160K), 0.0023730 secs] [Times: user=0.02 sys=0.00, real=0.00 secs] 
77.647: Total time for which application threads were stopped: 0.0054650 seconds, Stopping threads took: 0.0030200 seconds
77.740: Application time: 0.0932330 seconds
77.743: [GC77.743: [ParNew: 107200K->7847K(112448K), 0.0028170 secs] 138016K->38663K(364160K), 0.0028610 secs] [Times: user=0.02 sys=0.00, real=0.00 secs] 
77.746: Total time for which application threads were stopped: 0.0059300 seconds, Stopping threads took: 0.0029970 seconds
77.840: Application time: 0.0940100 seconds
77.842: [GC77.842: [ParNew: 107815K->6415K(112448K), 0.0023630 secs] 138631K->37287K(364160K), 0.0024090 secs] [Times: user=0.01 sys=0.00, real=0.00 secs] 
77.844: Total time for which application threads were stopped: 0.0047040 seconds, Stopping threads took: 0.0022100 seconds
77.938: Application time: 0.0940550 seconds
77.941: [GC77.941: [ParNew: 106383K->6398K(112448K), 0.0022850 secs] 137255K->37413K(364160K), 0.0023310 secs] [Times: user=0.01 sys=0.00, real=0.00 secs] 
77.943: Total time for which application threads were stopped: 0.0047350 seconds, Stopping threads took: 0.0023330 seconds
78.039: Application time: 0.0957970 seconds
78.042: [GC78.042: [ParNew: 106366K->6802K(112448K), 0.0024630 secs] 137381K->37846K(364160K), 0.0025060 secs] [Times: user=0.01 sys=0.00, real=0.00 secs] 
78.044: Total time for which application threads were stopped: 0.0052130 seconds, Stopping threads took: 0.0026160 seconds
78.141: Application time: 0.0964230 seconds
78.144: [GC78.144: [ParNew: 106770K->6228K(112448K), 0.0021500 secs] 137814K->37272K(364160K), 0.0021950 secs] [Times: user=0.02 sys=0.00, real=0.00 secs] 
78.146: Total time for which application threads were stopped: 0.0051000 seconds, Stopping threads took: 0.0028140 seconds
78.242: Application time: 0.0961620 seconds
78.244: [GC78.244: [ParNew: 106196K->5510K(112448K), 0.0019260 secs] 137240K->36554K(364160K), 0.0019700 secs] [Times: user=0.02 sys=0.00, real=0.00 secs] 
78.246: Total time for which application threads were stopped: 0.0043050 seconds, Stopping threads took: 0.0022440 seconds
78.344: Application time: 0.0978490 seconds
78.347: [GC78.347: [ParNew: 105478K->6761K(112448K), 0.0023880 secs] 136522K->37804K(364160K), 0.0024340 secs] [Times: user=0.02 sys=0.00, real=0.01 secs] 
78.350: Total time for which application threads were stopped: 0.0055060 seconds, Stopping threads took: 0.0030000 seconds
78.444: Application time: 0.0941400 seconds
78.446: [GC78.446: [ParNew: 106729K->7379K(112448K), 0.0026300 secs] 137772K->38593K(364160K), 0.0026720 secs] [Times: user=0.02 sys=0.00, real=0.01 secs] 
78.449: Total time for which application threads were stopped: 0.0048290 seconds, Stopping threads took: 0.0020860 seconds
78.543: Application time: 0.0941350 seconds
78.545: [GC78.545: [ParNew: 107347K->6775K(112448K), 0.0025120 secs] 138561K->38047K(364160K), 0.0025550 secs] [Times: user=0.01 sys=0.00, real=0.01 secs] 
78.548: Total time for which application threads were stopped: 0.0052070 seconds, Stopping threads took: 0.0025520 seconds
78.645: Application time: 0.0975040 seconds
78.647: [GC78.647: [ParNew: 106743K->6447K(112448K), 0.0023090 secs] 138015K->37718K(364160K), 0.0023560 secs] [Times: user=0.01 sys=0.00, real=0.01 secs] 
78.649: Total time for which application threads were stopped: 0.0039750 seconds, Stopping threads took: 0.0015180 seconds
78.745: Application time: 0.0953140 seconds
78.746: [GC78.746: [ParNew: 106415K->5991K(112448K), 0.0021990 secs] 137686K->37263K(364160K), 0.0022430 secs] [Times: user=0.01 sys=0.00, real=0.01 secs] 
78.748: Total time for which application threads were stopped: 0.0036840 seconds, Stopping threads took: 0.0013560 seconds
78.844: Application time: 0.0953680 seconds
78.846: [GC78.846: [ParNew: 105959K->6432K(112448K), 0.0024220 secs] 137231K->37704K(364160K), 0.0024700 secs] [Times: user=0.01 sys=0.00, real=0.01 secs] 
78.849: Total time for which application threads were stopped: 0.0050690 seconds, Stopping threads took: 0.0025060 seconds
78.946: Application time: 0.0971050 seconds
78.949: [GC78.949: [ParNew: 106400K->6635K(112448K), 0.0024720 secs] 137672K->38049K(364160K), 0.0025170 secs] [Times: user=0.02 sys=0.00, real=0.00 secs] 
78.951: Total time for which application threads were stopped: 0.0052820 seconds, Stopping threads took: 0.0026730 seconds
79.046: Application time: 0.0947040 seconds
79.048: [GC79.048: [ParNew: 106603K->7484K(112448K), 0.0024940 secs] 138017K->38955K(364160K), 0.0025370 secs] [Times: user=0.02 sys=0.00, real=0.00 secs] 
79.051: Total time for which application threads were stopped: 0.0049330 seconds, Stopping threads took: 0.0023240 seconds
79.147: Application time: 0.0965360 seconds
79.149: [GC79.149: [ParNew: 107452K->6726K(112448K), 0.0023540 secs] 138923K->38226K(364160K), 0.0023990 secs] [Times: user=0.02 sys=0.00, real=0.00 secs] 
79.152: Total time for which application threads were stopped: 0.0043770 seconds, Stopping threads took: 0.0018770 seconds
79.249: Application time: 0.0968920 seconds
79.250: [GC79.250: [ParNew: 106694K->7726K(112448K), 0.0026850 secs] 138194K->39226K(364160K), 0.0027300 secs] [Times: user=0.02 sys=0.00, real=0.00 secs] 
79.253: Total time for which application threads were stopped: 0.0045690 seconds, Stopping threads took: 0.0017680 seconds
79.346: Application time: 0.0925160 seconds
79.348: [GC79.348: [ParNew: 107694K->7837K(112448K), 0.0026750 secs] 139194K->39365K(364160K), 0.0027230 secs] [Times: user=0.02 sys=0.00, real=0.00 secs] 
79.351: Total time for which application threads were stopped: 0.0054500 seconds, Stopping threads took: 0.0026550 seconds
79.447: Application time: 0.0953980 seconds
79.449: [GC79.449: [ParNew: 107805K->6462K(112448K), 0.0022370 secs] 139333K->38105K(364160K), 0.0022820 secs] [Times: user=0.02 sys=0.00, real=0.00 secs] 
79.451: Total time for which application threads were stopped: 0.0047430 seconds, Stopping threads took: 0.0023880 seconds
79.547: Application time: 0.0957550 seconds
79.550: [GC79.550: [ParNew: 106430K->7196K(112448K), 0.0023320 secs] 138073K->38896K(364160K), 0.0023820 secs] [Times: user=0.01 sys=0.00, real=0.00 secs] 
79.552: Total time for which application threads were stopped: 0.0050600 seconds, Stopping threads took: 0.0025840 seconds
79.646: Application time: 0.0941010 seconds
79.648: [GC79.648: [ParNew: 107164K->5967K(112448K), 0.0020900 secs] 138864K->37695K(364160K), 0.0021340 secs] [Times: user=0.02 sys=0.00, real=0.00 secs] 
79.650: Total time for which application threads were stopped: 0.0035120 seconds, Stopping threads took: 0.0013050 seconds
79.742: Application time: 0.0923190 seconds
79.745: [GC79.745: [ParNew: 105935K->6879K(112448K), 0.0023090 secs] 137663K->38607K(364160K), 0.0023540 secs] [Times: user=0.01 sys=0.00, real=0.00 secs] 
79.747: Total time for which application threads were stopped: 0.0048530 seconds, Stopping threads took: 0.0024000 seconds
79.840: Application time: 0.0935650 seconds
79.843: [GC79.843: [ParNew: 106847K->6726K(112448K), 0.0024680 secs] 138575K->38483K(364160K), 0.0025140 secs] [Times: user=0.01 sys=0.00, real=0.00 secs] 
79.845: Total time for which application threads were stopped: 0.0048150 seconds, Stopping threads took: 0.0022290 seconds
79.939: Application time: 0.0941270 seconds
79.942: [GC79.942: [ParNew: 106694K->7541K(112448K), 0.0027140 secs] 138451K->39355K(364160K), 0.0027560 secs] [Times: user=0.02 sys=0.00, real=0.00 secs] 
79.945: Total time for which application threads were stopped: 0.0054040 seconds, Stopping threads took: 0.0025680 seconds
80.039: Application time: 0.0942640 seconds
80.042: [GC80.042: [ParNew: 107509K->6702K(112448K), 0.0023170 secs] 139323K->38630K(364160K), 0.0023650 secs] [Times: user=0.01 sys=0.00, real=0.00 secs] 
80.044: Total time for which application threads were stopped: 0.0048000 seconds, Stopping threads took: 0.0023410 seconds
80.139: Application time: 0.0950300 seconds
80.141: [GC80.141: [ParNew: 106670K->7256K(112448K), 0.0027880 secs] 138598K->39212K(364160K), 0.0028330 secs] [Times: user=0.02 sys=0.00, real=0.00 secs] 
80.144: Total time for which application threads were stopped: 0.0052350 seconds, Stopping threads took: 0.0023110 seconds
80.240: Application time: 0.0955580 seconds
80.242: [GC80.242: [ParNew: 107224K->6745K(112448K), 0.0021560 secs] 139180K->38701K(364160K), 0.0022030 secs] [Times: user=0.01 sys=0.00, real=0.00 secs] 
80.244: Total time for which application threads were stopped: 0.0046730 seconds, Stopping threads took: 0.0023780 seconds
80.340: Application time: 0.0956460 seconds
80.342: [GC80.342: [ParNew: 106713K->5393K(112448K), 0.0017890 secs] 138669K->37378K(364160K), 0.0018340 secs] [Times: user=0.02 sys=0.00, real=0.00 secs] 
80.344: Total time for which application threads were stopped: 0.0039440 seconds, Stopping threads took: 0.0020280 seconds
80.441: Application time: 0.0973140 seconds
80.445: [GC80.445: [ParNew: 105361K->7269K(112448K), 0.0022920 secs] 137346K->39253K(364160K), 0.0023380 secs] [Times: user=0.02 sys=0.00, real=0.00 secs] 
80.447: Total time for which application threads were stopped: 0.0057890 seconds, Stopping threads took: 0.0033570 seconds
80.543: Application time: 0.0959020 seconds
80.546: [GC80.546: [ParNew: 107237K->6191K(112448K), 0.0021390 secs] 139221K->38347K(364160K), 0.0021830 secs] [Times: user=0.01 sys=0.00, real=0.01 secs] 
80.549: Total time for which application threads were stopped: 0.0054540 seconds, Stopping threads took: 0.0032010 seconds
80.642: Application time: 0.0933430 seconds
80.645: [GC80.645: [ParNew: 106159K->7920K(112448K), 0.0026500 secs] 138315K->40076K(364160K), 0.0026950 secs] [Times: user=0.02 sys=0.00, real=0.01 secs] 
80.647: Total time for which application threads were stopped: 0.0055170 seconds, Stopping threads took: 0.0027500 seconds
80.741: Application time: 0.0932800 seconds
80.743: [GC80.743: [ParNew: 107888K->7213K(112448K), 0.0023350 secs] 140044K->39398K(364160K), 0.0023830 secs] [Times: user=0.02 sys=0.00, real=0.00 secs] 
80.745: Total time for which application threads were stopped: 0.0046470 seconds, Stopping threads took: 0.0021910 seconds
80.839: Application time: 0.0937850 seconds
80.842: [GC80.842: [ParNew: 107181K->6193K(112448K), 0.0022770 secs] 139366K->38377K(364160K), 0.0023250 secs] [Times: user=0.02 sys=0.00, real=0.00 secs] 
80.844: Total time for which application threads were stopped: 0.0051780 seconds, Stopping threads took: 0.0027610 seconds
80.941: Application time: 0.0963460 seconds
80.944: [GC80.944: [ParNew: 106161K->6335K(112448K), 0.0020960 secs] 138345K->38520K(364160K), 0.0021400 secs] [Times: user=0.01 sys=0.00, real=0.00 secs] 
80.946: Total time for which application threads were stopped: 0.0053280 seconds, Stopping threads took: 0.0031100 seconds
81.040: Application time: 0.0939930 seconds
81.043: [GC81.043: [ParNew: 106303K->6873K(112448K), 0.0023560 secs] 138488K->39229K(364160K), 0.0024010 secs] [Times: user=0.02 sys=0.00, real=0.00 secs] 
81.045: Total time for which application threads were stopped: 0.0053870 seconds, Stopping threads took: 0.0029140 seconds
81.140: Application time: 0.0948730 seconds
81.143: [GC81.143: [ParNew: 106840K->6805K(112448K), 0.0022970 secs] 139195K->39189K(364160K), 0.0023500 secs] [Times: user=0.01 sys=0.00, real=0.00 secs] 
81.145: Total time for which application threads were stopped: 0.0052670 seconds, Stopping threads took: 0.0028430 seconds
81.240: Application time: 0.0948960 seconds
81.243: [GC81.243: [ParNew: 106773K->7675K(112448K), 0.0025180 secs] 139157K->40088K(364160K), 0.0025650 secs] [Times: user=0.02 sys=0.00, real=0.00 secs] 
81.245: Total time for which application threads were stopped: 0.0047690 seconds, Stopping threads took: 0.0021320 seconds
81.338: Application time: 0.0933060 seconds
81.341: [GC81.341: [ParNew: 107643K->7721K(112448K), 0.0026460 secs] 140056K->40133K(364160K), 0.0026930 secs] [Times: user=0.01 sys=0.00, real=0.00 secs] 
81.344: Total time for which application threads were stopped: 0.0052480 seconds, Stopping threads took: 0.0024820 seconds
81.431: Application time: 0.0877850 seconds
81.434: [GC81.434: [ParNew: 107689K->7312K(112448K), 0.0024200 secs] 140101K->39753K(364160K), 0.0024650 secs] [Times: user=0.02 sys=0.00, real=0.00 secs] 
81.436: Total time for which application threads were stopped: 0.0047530 seconds, Stopping threads took: 0.0022180 seconds
81.529: Application time: 0.0932140 seconds
81.532: [GC81.532: [ParNew: 107280K->7169K(112448K), 0.0024530 secs] 139721K->39724K(364160K), 0.0024940 secs] [Times: user=0.01 sys=0.00, real=0.00 secs] 
81.534: Total time for which application threads were stopped: 0.0045860 seconds, Stopping threads took: 0.0019970 seconds
81.624: Application time: 0.0901320 seconds
81.626: [GC81.626: [ParNew: 107137K->6998K(112448K), 0.0024500 secs] 139692K->39610K(364160K), 0.0024940 secs] [Times: user=0.02 sys=0.00, real=0.01 secs] 
81.628: Total time for which application threads were stopped: 0.0039200 seconds, Stopping threads took: 0.0013340 seconds
81.720: Application time: 0.0916310 seconds
81.722: [GC81.722: [ParNew: 106966K->6922K(112448K), 0.0022800 secs] 139578K->39563K(364160K), 0.0023250 secs] [Times: user=0.02 sys=0.00, real=0.00 secs] 
81.724: Total time for which application threads were stopped: 0.0044830 seconds, Stopping threads took: 0.0020790 seconds
81.811: Application time: 0.0870720 seconds
81.814: [GC81.814: [ParNew: 106890K->7721K(112448K), 0.0024730 secs] 139531K->40361K(364160K), 0.0025190 secs] [Times: user=0.02 sys=0.00, real=0.00 secs] 
81.816: Total time for which application threads were stopped: 0.0050400 seconds, Stopping threads took: 0.0024500 seconds
81.906: Application time: 0.0891970 seconds
81.906: [GC81.906: [ParNew: 107689K->6879K(112448K), 0.0023870 secs] 140329K->39548K(364160K), 0.0024320 secs] [Times: user=0.02 sys=0.00, real=0.01 secs] 
81.909: Total time for which application threads were stopped: 0.0033510 seconds, Stopping threads took: 0.0008490 seconds
81.997: Application time: 0.0879250 seconds
82.000: [GC82.000: [ParNew: 106847K->7385K(112448K), 0.0024750 secs] 139516K->40168K(364160K), 0.0025190 secs] [Times: user=0.02 sys=0.00, real=0.00 secs] 
82.002: Total time for which application threads were stopped: 0.0053440 seconds, Stopping threads took: 0.0027350 seconds
82.095: Application time: 0.0929790 seconds
82.098: [GC82.098: [ParNew: 107353K->7345K(112448K), 0.0023810 secs] 140136K->40185K(364160K), 0.0024260 secs] [Times: user=0.02 sys=0.00, real=0.01 secs] 
82.100: Total time for which application threads were stopped: 0.0050670 seconds, Stopping threads took: 0.0025610 seconds
82.197: Application time: 0.0964150 seconds
82.198: [GC82.198: [ParNew: 107313K->4834K(112448K), 0.0017450 secs] 140153K->37703K(364160K), 0.0017850 secs] [Times: user=0.01 sys=0.00, real=0.01 secs] 
82.200: Total time for which application threads were stopped: 0.0033910 seconds, Stopping threads took: 0.0015390 seconds
82.291: Application time: 0.0908960 seconds
82.294: [GC82.294: [ParNew: 104802K->7272K(112448K), 0.0023020 secs] 137671K->40141K(364160K), 0.0023480 secs] [Times: user=0.02 sys=0.00, real=0.00 secs] 
82.296: Total time for which application threads were stopped: 0.0052850 seconds, Stopping threads took: 0.0028580 seconds
82.388: Application time: 0.0921940 seconds
82.390: [GC82.390: [ParNew: 107240K->7524K(112448K), 0.0024820 secs] 140109K->40422K(364160K), 0.0025270 secs] [Times: user=0.02 sys=0.00, real=0.00 secs] 
82.393: Total time for which application threads were stopped: 0.0044520 seconds, Stopping threads took: 0.0018560 seconds
82.484: Application time: 0.0910230 seconds
82.486: [GC82.486: [ParNew: 107492K->6191K(112448K), 0.0022340 secs] 140390K->39202K(364160K), 0.0022800 secs] [Times: user=0.01 sys=0.00, real=0.01 secs] 
82.489: Total time for which application threads were stopped: 0.0047190 seconds, Stopping threads took: 0.0023680 seconds
82.576: Application time: 0.0873350 seconds
82.579: [GC82.579: [ParNew: 106157K->7226K(112448K), 0.0023860 secs] 139169K->40237K(364160K), 0.0024330 secs] [Times: user=0.02 sys=0.00, real=0.01 secs] 
82.581: Total time for which application threads were stopped: 0.0050500 seconds, Stopping threads took: 0.0025340 seconds
82.671: Application time: 0.0902370 seconds
82.674: [GC82.674: [ParNew: 107194K->6881K(112448K), 0.0021710 secs] 140205K->39977K(364160K), 0.0022170 secs] [Times: user=0.02 sys=0.00, real=0.00 secs] 
82.676: Total time for which application threads were stopped: 0.0045330 seconds, Stopping threads took: 0.0022390 seconds
82.769: Application time: 0.0927350 seconds
82.771: [GC82.771: [ParNew: 106849K->5207K(112448K), 0.0016740 secs] 139945K->38304K(364160K), 0.0017160 secs] [Times: user=0.01 sys=0.00, real=0.00 secs] 
82.773: Total time for which application threads were stopped: 0.0044180 seconds, Stopping threads took: 0.0026300 seconds
82.864: Application time: 0.0910130 seconds
82.866: [GC82.866: [ParNew: 105175K->7918K(112448K), 0.0027880 secs] 138272K->41015K(364160K), 0.0028340 secs] [Times: user=0.02 sys=0.00, real=0.01 secs] 
82.869: Total time for which application threads were stopped: 0.0049580 seconds, Stopping threads took: 0.0020520 seconds
82.959: Application time: 0.0898220 seconds
82.960: [GC82.960: [ParNew: 107886K->6733K(112448K), 0.0023160 secs] 140983K->39943K(364160K), 0.0023600 secs] [Times: user=0.01 sys=0.00, real=0.00 secs] 
82.963: Total time for which application threads were stopped: 0.0038740 seconds, Stopping threads took: 0.0014430 seconds
83.054: Application time: 0.0912560 seconds
83.056: [GC83.056: [ParNew: 106701K->7267K(112448K), 0.0024420 secs] 139911K->40564K(364160K), 0.0024840 secs] [Times: user=0.01 sys=0.00, real=0.00 secs] 
83.058: Total time for which application threads were stopped: 0.0044210 seconds, Stopping threads took: 0.0018740 seconds
83.151: Application time: 0.0927110 seconds
83.153: [GC83.153: [ParNew: 107235K->7076K(112448K), 0.0022910 secs] 140532K->40401K(364160K), 0.0023360 secs] [Times: user=0.02 sys=0.00, real=0.00 secs] 
83.155: Total time for which application threads were stopped: 0.0039220 seconds, Stopping threads took: 0.0015140 seconds
83.242: Application time: 0.0873790 seconds
83.245: [GC83.245: [ParNew: 107044K->6318K(112448K), 0.0021750 secs] 140369K->39643K(364160K), 0.0022190 secs] [Times: user=0.01 sys=0.00, real=0.01 secs] 
83.247: Total time for which application threads were stopped: 0.0051670 seconds, Stopping threads took: 0.0028680 seconds
83.335: Application time: 0.0879120 seconds
83.337: [GC83.337: [ParNew: 106286K->7319K(112448K), 0.0028060 secs] 139611K->40644K(364160K), 0.0028530 secs] [Times: user=0.02 sys=0.00, real=0.01 secs] 
83.340: Total time for which application threads were stopped: 0.0046590 seconds, Stopping threads took: 0.0017170 seconds
83.430: Application time: 0.0896070 seconds
83.432: [GC83.432: [ParNew: 107287K->6723K(112448K), 0.0022910 secs] 140612K->40162K(364160K), 0.0023360 secs] [Times: user=0.02 sys=0.00, real=0.00 secs] 
83.434: Total time for which application threads were stopped: 0.0043570 seconds, Stopping threads took: 0.0019480 seconds
83.523: Application time: 0.0893710 seconds
83.526: [GC83.526: [ParNew: 106691K->6849K(112448K), 0.0023060 secs] 140130K->40345K(364160K), 0.0023570 secs] [Times: user=0.02 sys=0.00, real=0.01 secs] 
83.528: Total time for which application threads were stopped: 0.0049120 seconds, Stopping threads took: 0.0024840 seconds
83.618: Application time: 0.0898800 seconds
83.621: [GC83.621: [ParNew: 106817K->6555K(112448K), 0.0021650 secs] 140313K->40080K(364160K), 0.0022130 secs] [Times: user=0.01 sys=0.00, real=0.00 secs] 
83.623: Total time for which application threads were stopped: 0.0051880 seconds, Stopping threads took: 0.0029050 seconds
83.715: Application time: 0.0919280 seconds
83.717: [GC83.717: [ParNew: 106523K->5695K(112448K), 0.0018260 secs] 140048K->39248K(364160K), 0.0018720 secs] [Times: user=0.02 sys=0.00, real=0.01 secs] 
83.719: Total time for which application threads were stopped: 0.0040380 seconds, Stopping threads took: 0.0020960 seconds
83.810: Application time: 0.0902930 seconds
83.812: [GC83.812: [ParNew: 105663K->6744K(112448K), 0.0021160 secs] 139216K->40297K(364160K), 0.0021600 secs] [Times: user=0.01 sys=0.00, real=0.00 secs] 
83.814: Total time for which application threads were stopped: 0.0045910 seconds, Stopping threads took: 0.0023510 seconds
83.901: Application time: 0.0871950 seconds
83.904: [GC83.904: [ParNew: 106712K->7614K(112448K), 0.0027210 secs] 140265K->41224K(364160K), 0.0027660 secs] [Times: user=0.02 sys=0.00, real=0.00 secs] 
83.907: Total time for which application threads were stopped: 0.0053630 seconds, Stopping threads took: 0.0025070 seconds
83.994: Application time: 0.0869130 seconds
83.996: [GC83.996: [ParNew: 107582K->7249K(112448K), 0.0025660 secs] 141192K->40944K(364160K), 0.0026100 secs] [Times: user=0.02 sys=0.00, real=0.00 secs] 
83.998: Total time for which application threads were stopped: 0.0047810 seconds, Stopping threads took: 0.0020770 seconds
84.090: Application time: 0.0913440 seconds
84.091: [GC84.091: [ParNew: 107217K->7129K(112448K), 0.0023380 secs] 140912K->40882K(364160K), 0.0023820 secs] [Times: user=0.02 sys=0.00, real=0.00 secs] 
84.094: Total time for which application threads were stopped: 0.0040250 seconds, Stopping threads took: 0.0015710 seconds
84.183: Application time: 0.0893030 seconds
84.186: [GC84.186: [ParNew: 107097K->7151K(112448K), 0.0024200 secs] 140850K->40932K(364160K), 0.0024630 secs] [Times: user=0.01 sys=0.00, real=0.01 secs] 
84.188: Total time for which application threads were stopped: 0.0048560 seconds, Stopping threads took: 0.0023240 seconds
84.278: Application time: 0.0900970 seconds
84.280: [GC84.280: [ParNew: 107119K->5347K(112448K), 0.0017830 secs] 140900K->39128K(364160K), 0.0018270 secs] [Times: user=0.01 sys=0.00, real=0.00 secs] 
84.282: Total time for which application threads were stopped: 0.0041990 seconds, Stopping threads took: 0.0023010 seconds
84.370: Application time: 0.0879200 seconds
84.372: [GC84.372: [ParNew: 105315K->7970K(112448K), 0.0025660 secs] 139096K->41751K(364160K), 0.0026130 secs] [Times: user=0.02 sys=0.00, real=0.00 secs] 
84.375: Total time for which application threads were stopped: 0.0043530 seconds, Stopping threads took: 0.0016590 seconds
84.463: Application time: 0.0881440 seconds
84.465: [GC84.465: [ParNew: 107938K->5636K(112448K), 0.0018230 secs] 141719K->39560K(364160K), 0.0018650 secs] [Times: user=0.01 sys=0.00, real=0.00 secs] 
84.467: Total time for which application threads were stopped: 0.0043240 seconds, Stopping threads took: 0.0023880 seconds
84.556: Application time: 0.0888690 seconds
84.558: [GC84.558: [ParNew: 105604K->7688K(112448K), 0.0025230 secs] 139528K->41612K(364160K), 0.0025670 secs] [Times: user=0.02 sys=0.00, real=0.01 secs] 
84.561: Total time for which application threads were stopped: 0.0047980 seconds, Stopping threads took: 0.0021670 seconds
84.651: Application time: 0.0903850 seconds
84.656: [GC84.656: [ParNew: 107656K->7387K(112448K), 0.0023700 secs] 141580K->41396K(364160K), 0.0024120 secs] [Times: user=0.02 sys=0.00, real=0.00 secs] 
84.658: Total time for which application threads were stopped: 0.0068280 seconds, Stopping threads took: 0.0043480 seconds
84.745: Application time: 0.0872420 seconds
84.747: [GC84.747: [ParNew: 107355K->6459K(112448K), 0.0021960 secs] 141364K->40468K(364160K), 0.0022480 secs] [Times: user=0.02 sys=0.00, real=0.01 secs] 
84.749: Total time for which application threads were stopped: 0.0042010 seconds, Stopping threads took: 0.0018830 seconds
84.839: Application time: 0.0893800 seconds
84.841: [GC84.841: [ParNew: 106427K->5312K(112448K), 0.0018470 secs] 140436K->39349K(364160K), 0.0018870 secs] [Times: user=0.01 sys=0.00, real=0.00 secs] 
84.843: Total time for which application threads were stopped: 0.0039970 seconds, Stopping threads took: 0.0020390 seconds
84.930: Application time: 0.0874230 seconds
84.932: [GC84.932: [ParNew: 105280K->6310K(112448K), 0.0020260 secs] 139317K->40348K(364160K), 0.0020680 secs] [Times: user=0.02 sys=0.00, real=0.00 secs] 
84.935: Total time for which application threads were stopped: 0.0043270 seconds, Stopping threads took: 0.0021600 seconds
85.027: Application time: 0.0920660 seconds
85.029: [GC85.029: [ParNew: 106278K->5958K(112448K), 0.0020510 secs] 140316K->40110K(364160K), 0.0020940 secs] [Times: user=0.02 sys=0.00, real=0.00 secs] 
85.031: Total time for which application threads were stopped: 0.0042260 seconds, Stopping threads took: 0.0020600 seconds
85.123: Application time: 0.0921040 seconds
85.125: [GC85.125: [ParNew: 105926K->6939K(112448K), 0.0022060 secs] 140078K->41091K(364160K), 0.0022520 secs] [Times: user=0.02 sys=0.00, real=0.01 secs] 
85.128: Total time for which application threads were stopped: 0.0046410 seconds, Stopping threads took: 0.0023170 seconds
85.216: Application time: 0.0889010 seconds
85.218: [GC85.218: [ParNew: 106907K->6000K(112448K), 0.0020240 secs] 141059K->40238K(364160K), 0.0020670 secs] [Times: user=0.02 sys=0.00, real=0.01 secs] 
85.220: Total time for which application threads were stopped: 0.0036560 seconds, Stopping threads took: 0.0015190 seconds
85.313: Application time: 0.0923940 seconds
85.316: [GC85.316: [ParNew: 105968K->7383K(112448K), 0.0024330 secs] 140206K->41621K(364160K), 0.0024770 secs] [Times: user=0.01 sys=0.00, real=0.00 secs] 
85.318: Total time for which application threads were stopped: 0.0055300 seconds, Stopping threads took: 0.0029860 seconds
85.408: Application time: 0.0896160 seconds
85.411: [GC85.411: [ParNew: 107351K->6184K(112448K), 0.0021210 secs] 141589K->40564K(364160K), 0.0021670 secs] [Times: user=0.02 sys=0.00, real=0.00 secs] 
85.413: Total time for which application threads were stopped: 0.0052740 seconds, Stopping threads took: 0.0030420 seconds
85.510: Application time: 0.0967920 seconds
85.512: [GC85.512: [ParNew: 106152K->6211K(112448K), 0.0020260 secs] 140532K->40591K(364160K), 0.0020700 secs] [Times: user=0.01 sys=0.00, real=0.00 secs] 
85.514: Total time for which application threads were stopped: 0.0045840 seconds, Stopping threads took: 0.0024420 seconds
85.610: Application time: 0.0957050 seconds
85.613: [GC85.613: [ParNew: 106179K->7308K(112448K), 0.0024390 secs] 140559K->41688K(364160K), 0.0024850 secs] [Times: user=0.02 sys=0.00, real=0.00 secs] 
85.616: Total time for which application threads were stopped: 0.0057330 seconds, Stopping threads took: 0.0031810 seconds
85.711: Application time: 0.0951560 seconds
85.713: [GC85.713: [ParNew: 107276K->6325K(112448K), 0.0022430 secs] 141656K->40791K(364160K), 0.0022900 secs] [Times: user=0.02 sys=0.00, real=0.00 secs] 
85.715: Total time for which application threads were stopped: 0.0040160 seconds, Stopping threads took: 0.0016520 seconds
85.812: Application time: 0.0970510 seconds
85.814: [GC85.814: [ParNew: 106293K->6337K(112448K), 0.0021280 secs] 140759K->40802K(364160K), 0.0021700 secs] [Times: user=0.02 sys=0.00, real=0.00 secs] 
85.816: Total time for which application threads were stopped: 0.0043600 seconds, Stopping threads took: 0.0021190 seconds
85.910: Application time: 0.0935300 seconds
85.913: [GC85.913: [ParNew: 106305K->7108K(112448K), 0.0025490 secs] 140770K->41659K(364160K), 0.0025930 secs] [Times: user=0.02 sys=0.00, real=0.00 secs] 
85.915: Total time for which application threads were stopped: 0.0052710 seconds, Stopping threads took: 0.0025970 seconds
86.011: Application time: 0.0960390 seconds
86.014: [GC86.014: [ParNew: 107076K->7024K(112448K), 0.0023820 secs] 141627K->41660K(364160K), 0.0024280 secs] [Times: user=0.02 sys=0.00, real=0.00 secs] 
86.017: Total time for which application threads were stopped: 0.0054610 seconds, Stopping threads took: 0.0029560 seconds
86.111: Application time: 0.0941540 seconds
86.113: [GC86.113: [ParNew: 106992K->6894K(112448K), 0.0022760 secs] 141628K->41588K(364160K), 0.0023220 secs] [Times: user=0.01 sys=0.00, real=0.00 secs] 
86.116: Total time for which application threads were stopped: 0.0049080 seconds, Stopping threads took: 0.0025180 seconds
86.214: Application time: 0.0979390 seconds
86.217: [GC86.217: [ParNew: 106862K->6889K(112448K), 0.0022760 secs] 141556K->41582K(364160K), 0.0023210 secs] [Times: user=0.02 sys=0.00, real=0.00 secs] 
86.219: Total time for which application threads were stopped: 0.0054990 seconds, Stopping threads took: 0.0031060 seconds
86.319: Application time: 0.0994710 seconds
86.321: [GC86.321: [ParNew: 106857K->6870K(112448K), 0.0023760 secs] 141550K->41564K(364160K), 0.0024240 secs] [Times: user=0.02 sys=0.00, real=0.00 secs] 
86.323: Total time for which application threads were stopped: 0.0043060 seconds, Stopping threads took: 0.0018090 seconds
86.419: Application time: 0.0957440 seconds
86.421: [GC86.421: [ParNew: 106838K->6635K(112448K), 0.0024700 secs] 141532K->41385K(364160K), 0.0025160 secs] [Times: user=0.01 sys=0.00, real=0.00 secs] 
86.424: Total time for which application threads were stopped: 0.0050390 seconds, Stopping threads took: 0.0024520 seconds
86.518: Application time: 0.0942840 seconds
86.520: [GC86.520: [ParNew: 106603K->7149K(112448K), 0.0023880 secs] 141353K->42013K(364160K), 0.0024320 secs] [Times: user=0.02 sys=0.00, real=0.00 secs] 
86.523: Total time for which application threads were stopped: 0.0047340 seconds, Stopping threads took: 0.0022030 seconds
86.617: Application time: 0.0940450 seconds
86.620: [GC86.620: [ParNew: 107117K->6872K(112448K), 0.0022770 secs] 141981K->41794K(364160K), 0.0023250 secs] [Times: user=0.02 sys=0.00, real=0.00 secs] 
86.622: Total time for which application threads were stopped: 0.0053490 seconds, Stopping threads took: 0.0029330 seconds
86.717: Application time: 0.0949110 seconds
86.719: [GC86.719: [ParNew: 106840K->5992K(112448K), 0.0021340 secs] 141762K->40914K(364160K), 0.0021790 secs] [Times: user=0.01 sys=0.00, real=0.01 secs] 
86.721: Total time for which application threads were stopped: 0.0038890 seconds, Stopping threads took: 0.0016390 seconds
86.815: Application time: 0.0940750 seconds
86.818: [GC86.818: [ParNew: 105960K->7932K(112448K), 0.0028260 secs] 140882K->42854K(364160K), 0.0028710 secs] [Times: user=0.02 sys=0.00, real=0.01 secs] 
86.821: Total time for which application threads were stopped: 0.0059910 seconds, Stopping threads took: 0.0030480 seconds
86.917: Application time: 0.0963960 seconds
86.919: [GC86.919: [ParNew: 107900K->7433K(112448K), 0.0026180 secs] 142822K->42411K(364160K), 0.0026640 secs] [Times: user=0.02 sys=0.00, real=0.00 secs] 
86.922: Total time for which application threads were stopped: 0.0045460 seconds, Stopping threads took: 0.0018030 seconds
87.016: Application time: 0.0944160 seconds
87.019: [GC87.019: [ParNew: 107401K->5454K(112448K), 0.0020770 secs] 142379K->40519K(364160K), 0.0021230 secs] [Times: user=0.01 sys=0.00, real=0.01 secs] 
87.021: Total time for which application threads were stopped: 0.0043990 seconds, Stopping threads took: 0.0021840 seconds
87.113: Application time: 0.0919680 seconds
87.115: [GC87.115: [ParNew: 105422K->6853K(112448K), 0.0022330 secs] 140487K->41917K(364160K), 0.0022790 secs] [Times: user=0.02 sys=0.00, real=0.00 secs] 
87.117: Total time for which application threads were stopped: 0.0041650 seconds, Stopping threads took: 0.0017890 seconds
87.213: Application time: 0.0963410 seconds
87.216: [GC87.216: [ParNew: 106821K->5286K(112448K), 0.0019850 secs] 141885K->40436K(364160K), 0.0020350 secs] [Times: user=0.01 sys=0.00, real=0.00 secs] 
87.218: Total time for which application threads were stopped: 0.0049790 seconds, Stopping threads took: 0.0028530 seconds
87.315: Application time: 0.0971150 seconds
87.318: [GC87.318: [ParNew: 105254K->6902K(112448K), 0.0023400 secs] 140404K->42052K(364160K), 0.0023860 secs] [Times: user=0.01 sys=0.00, real=0.01 secs] 
87.320: Total time for which application threads were stopped: 0.0045210 seconds, Stopping threads took: 0.0020690 seconds
87.418: Application time: 0.0976420 seconds
87.420: [GC87.420: [ParNew: 106870K->5016K(112448K), 0.0018410 secs] 142020K->40223K(364160K), 0.0018820 secs] [Times: user=0.01 sys=0.00, real=0.00 secs] 
87.422: Total time for which application threads were stopped: 0.0047220 seconds, Stopping threads took: 0.0027700 seconds
87.518: Application time: 0.0958770 seconds
87.520: [GC87.520: [ParNew: 104984K->5579K(112448K), 0.0020260 secs] 140191K->40786K(364160K), 0.0020670 secs] [Times: user=0.01 sys=0.00, real=0.00 secs] 
87.522: Total time for which application threads were stopped: 0.0042240 seconds, Stopping threads took: 0.0020780 seconds
87.616: Application time: 0.0939830 seconds
87.619: [GC87.619: [ParNew: 105547K->6802K(112448K), 0.0022270 secs] 140754K->42009K(364160K), 0.0022730 secs] [Times: user=0.02 sys=0.00, real=0.01 secs] 
87.621: Total time for which application threads were stopped: 0.0049080 seconds, Stopping threads took: 0.0025420 seconds
87.718: Application time: 0.0969890 seconds
87.720: [GC87.721: [ParNew: 106770K->5556K(112448K), 0.0019510 secs] 141977K->40934K(364160K), 0.0019950 secs] [Times: user=0.02 sys=0.00, real=0.00 secs] 
87.723: Total time for which application threads were stopped: 0.0042330 seconds, Stopping threads took: 0.0021450 seconds
87.818: Application time: 0.0957990 seconds
87.820: [GC87.820: [ParNew: 105524K->5681K(112448K), 0.0018140 secs] 140902K->41059K(364160K), 0.0018560 secs] [Times: user=0.01 sys=0.00, real=0.00 secs] 
87.822: Total time for which application threads were stopped: 0.0040400 seconds, Stopping threads took: 0.0021130 seconds
87.918: Application time: 0.0958600 seconds
87.920: [GC87.920: [ParNew: 105649K->6474K(112448K), 0.0021860 secs] 141027K->41852K(364160K), 0.0022280 secs] [Times: user=0.02 sys=0.00, real=0.00 secs] 
87.922: Total time for which application threads were stopped: 0.0039090 seconds, Stopping threads took: 0.0016070 seconds
88.018: Application time: 0.0955800 seconds
88.020: [GC88.020: [ParNew: 106442K->5584K(112448K), 0.0019270 secs] 141820K->41105K(364160K), 0.0019720 secs] [Times: user=0.01 sys=0.00, real=0.00 secs] 
88.022: Total time for which application threads were stopped: 0.0041820 seconds, Stopping threads took: 0.0021180 seconds
88.120: Application time: 0.0979140 seconds
88.122: [GC88.122: [ParNew: 105552K->6632K(112448K), 0.0021060 secs] 141073K->42153K(364160K), 0.0021530 secs] [Times: user=0.02 sys=0.00, real=0.00 secs] 
88.124: Total time for which application threads were stopped: 0.0038880 seconds, Stopping threads took: 0.0016550 seconds
88.217: Application time: 0.0937250 seconds
88.220: [GC88.220: [ParNew: 106600K->6568K(112448K), 0.0021450 secs] 142121K->42174K(364160K), 0.0021900 secs] [Times: user=0.02 sys=0.00, real=0.00 secs] 
88.222: Total time for which application threads were stopped: 0.0044600 seconds, Stopping threads took: 0.0022010 seconds
88.317: Application time: 0.0949700 seconds
88.319: [GC88.319: [ParNew: 106536K->5758K(112448K), 0.0019940 secs] 142142K->41364K(364160K), 0.0020380 secs] [Times: user=0.01 sys=0.00, real=0.00 secs] 
88.321: Total time for which application threads were stopped: 0.0045030 seconds, Stopping threads took: 0.0023930 seconds
88.419: Application time: 0.0977930 seconds
88.421: [GC88.421: [ParNew: 105726K->6634K(112448K), 0.0021790 secs] 141332K->42240K(364160K), 0.0022240 secs] [Times: user=0.02 sys=0.00, real=0.00 secs] 
88.423: Total time for which application threads were stopped: 0.0041750 seconds, Stopping threads took: 0.0018780 seconds
88.518: Application time: 0.0944180 seconds
88.520: [GC88.520: [ParNew: 106602K->5839K(112448K), 0.0022620 secs] 142208K->41588K(364160K), 0.0023110 secs] [Times: user=0.01 sys=0.00, real=0.00 secs] 
88.522: Total time for which application threads were stopped: 0.0044030 seconds, Stopping threads took: 0.0020200 seconds
88.620: Application time: 0.0973380 seconds
88.623: [GC88.623: [ParNew: 105807K->6369K(112448K), 0.0023050 secs] 141556K->42118K(364160K), 0.0023530 secs] [Times: user=0.01 sys=0.00, real=0.00 secs] 
88.625: Total time for which application threads were stopped: 0.0054800 seconds, Stopping threads took: 0.0030250 seconds
88.721: Application time: 0.0963220 seconds
88.722: [GC88.722: [ParNew: 106337K->5662K(112448K), 0.0018660 secs] 142086K->41496K(364160K), 0.0019120 secs] [Times: user=0.01 sys=0.00, real=0.00 secs] 
88.724: Total time for which application threads were stopped: 0.0027110 seconds, Stopping threads took: 0.0007250 seconds
88.821: Application time: 0.0967520 seconds
88.823: [GC88.823: [ParNew: 105630K->7531K(112448K), 0.0024260 secs] 141464K->43366K(364160K), 0.0024720 secs] [Times: user=0.01 sys=0.01, real=0.00 secs] 
88.826: Total time for which application threads were stopped: 0.0048630 seconds, Stopping threads took: 0.0023190 seconds
88.920: Application time: 0.0943530 seconds
88.923: [GC88.923: [ParNew: 107499K->6988K(112448K), 0.0024920 secs] 143334K->42822K(364160K), 0.0025390 secs] [Times: user=0.02 sys=0.00, real=0.00 secs] 
88.926: Total time for which application threads were stopped: 0.0056330 seconds, Stopping threads took: 0.0030120 seconds
89.023: Application time: 0.0978560 seconds
89.027: [GC89.027: [ParNew: 106956K->6262K(112448K), 0.0021960 secs] 142790K->42182K(364160K), 0.0022380 secs] [Times: user=0.02 sys=0.00, real=0.01 secs] 
89.029: Total time for which application threads were stopped: 0.0053320 seconds, Stopping threads took: 0.0030120 seconds
89.125: Application time: 0.0957670 seconds
89.127: [GC89.127: [ParNew: 106230K->6084K(112448K), 0.0019980 secs] 142150K->42090K(364160K), 0.0020460 secs] [Times: user=0.02 sys=0.00, real=0.01 secs] 
89.129: Total time for which application threads were stopped: 0.0043820 seconds, Stopping threads took: 0.0022530 seconds
89.227: Application time: 0.0982870 seconds
89.230: [GC89.230: [ParNew: 106052K->7147K(112448K), 0.0024920 secs] 142058K->43152K(364160K), 0.0025400 secs] [Times: user=0.01 sys=0.00, real=0.00 secs] 
89.233: Total time for which application threads were stopped: 0.0052260 seconds, Stopping threads took: 0.0026130 seconds
89.330: Application time: 0.0973570 seconds
89.332: [GC89.332: [ParNew: 107115K->6953K(112448K), 0.0024720 secs] 143120K->43015K(364160K), 0.0025120 secs] [Times: user=0.02 sys=0.00, real=0.00 secs] 
89.335: Total time for which application threads were stopped: 0.0050170 seconds, Stopping threads took: 0.0024340 seconds
89.427: Application time: 0.0924520 seconds
89.430: [GC89.430: [ParNew: 106921K->6939K(112448K), 0.0024000 secs] 142983K->43001K(364160K), 0.0024440 secs] [Times: user=0.01 sys=0.00, real=0.00 secs] 
89.432: Total time for which application threads were stopped: 0.0046630 seconds, Stopping threads took: 0.0021280 seconds
89.519: Application time: 0.0873720 seconds
89.522: [GC89.522: [ParNew: 106907K->6408K(112448K), 0.0021510 secs] 142969K->42528K(364160K), 0.0021970 secs] [Times: user=0.01 sys=0.00, real=0.00 secs] 
89.524: Total time for which application threads were stopped: 0.0050740 seconds, Stopping threads took: 0.0028070 seconds
89.613: Application time: 0.0889530 seconds
89.616: [GC89.616: [ParNew: 106376K->7395K(112448K), 0.0026950 secs] 142496K->43628K(364160K), 0.0027380 secs] [Times: user=0.02 sys=0.00, real=0.00 secs] 
89.619: Total time for which application threads were stopped: 0.0053100 seconds, Stopping threads took: 0.0025040 seconds
89.707: Application time: 0.0879120 seconds
89.710: [GC89.710: [ParNew: 107363K->7370K(112448K), 0.0024530 secs] 143596K->43661K(364160K), 0.0024950 secs] [Times: user=0.02 sys=0.00, real=0.00 secs] 
89.712: Total time for which application threads were stopped: 0.0054550 seconds, Stopping threads took: 0.0028740 seconds
89.800: Application time: 0.0877330 seconds
89.802: [GC89.802: [ParNew: 107338K->7678K(112448K), 0.0027130 secs] 143629K->43969K(364160K), 0.0027670 secs] [Times: user=0.01 sys=0.00, real=0.00 secs] 
89.804: Total time for which application threads were stopped: 0.0046670 seconds, Stopping threads took: 0.0018300 seconds
89.894: Application time: 0.0897630 seconds
89.896: [GC89.896: [ParNew: 107646K->6753K(112448K), 0.0022580 secs] 143937K->43043K(364160K), 0.0023030 secs] [Times: user=0.01 sys=0.01, real=0.00 secs] 
89.899: Total time for which application threads were stopped: 0.0045180 seconds, Stopping threads took: 0.0021430 seconds
89.989: Application time: 0.0903850 seconds
89.992: [GC89.992: [ParNew: 106721K->7699K(112448K), 0.0025050 secs] 143011K->44047K(364160K), 0.0025530 secs] [Times: user=0.02 sys=0.00, real=0.00 secs] 
89.995: Total time for which application threads were stopped: 0.0053850 seconds, Stopping threads took: 0.0027640 seconds
90.085: Application time: 0.0904640 seconds
90.087: [GC90.087: [ParNew: 107667K->6462K(112448K), 0.0022210 secs] 144015K->42896K(364160K), 0.0022650 secs] [Times: user=0.01 sys=0.01, real=0.01 secs] 
90.089: Total time for which application threads were stopped: 0.0039810 seconds, Stopping threads took: 0.0016420 seconds
90.177: Application time: 0.0884290 seconds
90.179: [GC90.179: [ParNew: 106430K->6410K(112448K), 0.0021350 secs] 142864K->42900K(364160K), 0.0021780 secs] [Times: user=0.02 sys=0.00, real=0.01 secs] 
90.181: Total time for which application threads were stopped: 0.0038160 seconds, Stopping threads took: 0.0015670 seconds
90.272: Application time: 0.0903170 seconds
90.274: [GC90.274: [ParNew: 106378K->7681K(112448K), 0.0025610 secs] 142868K->44200K(364160K), 0.0026070 secs] [Times: user=0.02 sys=0.00, real=0.00 secs] 
90.277: Total time for which application threads were stopped: 0.0054700 seconds, Stopping threads took: 0.0027840 seconds
90.367: Application time: 0.0898960 seconds
90.370: [GC90.370: [ParNew: 107649K->6754K(112448K), 0.0021650 secs] 144168K->43272K(364160K), 0.0022110 secs] [Times: user=0.01 sys=0.00, real=0.00 secs] 
90.372: Total time for which application threads were stopped: 0.0051720 seconds, Stopping threads took: 0.0028880 seconds
90.461: Application time: 0.0888070 seconds
90.464: [GC90.464: [ParNew: 106722K->6958K(112448K), 0.0023350 secs] 143240K->43534K(364160K), 0.0023820 secs] [Times: user=0.02 sys=0.00, real=0.00 secs] 
90.466: Total time for which application threads were stopped: 0.0051910 seconds, Stopping threads took: 0.0027170 seconds
90.557: Application time: 0.0904760 seconds
90.559: [GC90.559: [ParNew: 106926K->7221K(112448K), 0.0024680 secs] 143502K->43883K(364160K), 0.0025140 secs] [Times: user=0.02 sys=0.00, real=0.01 secs] 
90.561: Total time for which application threads were stopped: 0.0045330 seconds, Stopping threads took: 0.0019460 seconds
90.652: Application time: 0.0908150 seconds
90.653: [GC90.653: [ParNew: 107189K->7206K(112448K), 0.0024240 secs] 143851K->43924K(364160K), 0.0024690 secs] [Times: user=0.02 sys=0.00, real=0.00 secs] 
90.656: Total time for which application threads were stopped: 0.0038850 seconds, Stopping threads took: 0.0013450 seconds
90.748: Application time: 0.0921180 seconds
90.750: [GC90.750: [ParNew: 107174K->6155K(112448K), 0.0024120 secs] 143892K->42902K(364160K), 0.0024560 secs] [Times: user=0.02 sys=0.00, real=0.00 secs] 
90.753: Total time for which application threads were stopped: 0.0046240 seconds, Stopping threads took: 0.0020980 seconds
90.844: Application time: 0.0909420 seconds
90.846: [GC90.846: [ParNew: 106123K->6365K(112448K), 0.0021370 secs] 142870K->43112K(364160K), 0.0021810 secs] [Times: user=0.01 sys=0.00, real=0.01 secs] 
90.848: Total time for which application threads were stopped: 0.0044760 seconds, Stopping threads took: 0.0022170 seconds
90.941: Application time: 0.0926970 seconds
90.943: [GC90.943: [ParNew: 106332K->7252K(112448K), 0.0023180 secs] 143079K->43999K(364160K), 0.0023720 secs] [Times: user=0.02 sys=0.00, real=0.00 secs] 
90.945: Total time for which application threads were stopped: 0.0044900 seconds, Stopping threads took: 0.0020500 seconds
91.044: Application time: 0.0988710 seconds
91.046: [GC91.046: [ParNew: 107220K->3586K(112448K), 0.0014140 secs] 143967K->40447K(364160K), 0.0014520 secs] [Times: user=0.01 sys=0.00, real=0.00 secs] 
91.047: Total time for which application threads were stopped: 0.0030850 seconds, Stopping threads took: 0.0015660 seconds
91.137: Application time: 0.0893870 seconds
91.139: [GC91.139: [ParNew: 103554K->6496K(112448K), 0.0021930 secs] 140415K->43357K(364160K), 0.0022390 secs] [Times: user=0.02 sys=0.00, real=0.01 secs] 
91.141: Total time for which application threads were stopped: 0.0044430 seconds, Stopping threads took: 0.0021120 seconds
91.236: Application time: 0.0952190 seconds
91.238: [GC91.238: [ParNew: 106464K->5617K(112448K), 0.0018880 secs] 143325K->42592K(364160K), 0.0019320 secs] [Times: user=0.02 sys=0.00, real=0.01 secs] 
91.240: Total time for which application threads were stopped: 0.0035900 seconds, Stopping threads took: 0.0015890 seconds
91.331: Application time: 0.0913090 seconds
91.332: [GC91.332: [ParNew: 105585K->6184K(112448K), 0.0021120 secs] 142560K->43159K(364160K), 0.0021510 secs] [Times: user=0.01 sys=0.00, real=0.00 secs] 
91.334: Total time for which application threads were stopped: 0.0033540 seconds, Stopping threads took: 0.0011330 seconds
91.428: Application time: 0.0940110 seconds
91.431: [GC91.431: [ParNew: 106152K->5786K(112448K), 0.0018860 secs] 143127K->42761K(364160K), 0.0019280 secs] [Times: user=0.02 sys=0.00, real=0.00 secs] 
91.433: Total time for which application threads were stopped: 0.0041910 seconds, Stopping threads took: 0.0021860 seconds
91.525: Application time: 0.0920140 seconds
91.527: [GC91.528: [ParNew: 105754K->5058K(112448K), 0.0016190 secs] 142729K->42033K(364160K), 0.0016650 secs] [Times: user=0.01 sys=0.00, real=0.00 secs] 
91.529: Total time for which application threads were stopped: 0.0044930 seconds, Stopping threads took: 0.0027390 seconds
91.618: Application time: 0.0886280 seconds
91.620: [GC91.620: [ParNew: 105026K->8033K(112448K), 0.0025590 secs] 142001K->45008K(364160K), 0.0026020 secs] [Times: user=0.02 sys=0.00, real=0.00 secs] 
91.623: Total time for which application threads were stopped: 0.0047860 seconds, Stopping threads took: 0.0021150 seconds
91.712: Application time: 0.0890190 seconds
91.714: [GC91.714: [ParNew: 108001K->6824K(112448K), 0.0023040 secs] 144976K->44027K(364160K), 0.0023520 secs] [Times: user=0.01 sys=0.00, real=0.00 secs] 
91.717: Total time for which application threads were stopped: 0.0052220 seconds, Stopping threads took: 0.0028000 seconds
91.808: Application time: 0.0913070 seconds
91.810: [GC91.810: [ParNew: 106792K->6703K(112448K), 0.0022320 secs] 143995K->43906K(364160K), 0.0022800 secs] [Times: user=0.02 sys=0.00, real=0.00 secs] 
91.813: Total time for which application threads were stopped: 0.0044930 seconds, Stopping threads took: 0.0021420 seconds
91.903: Application time: 0.0900360 seconds
91.905: [GC91.905: [ParNew: 106671K->7594K(112448K), 0.0026230 secs] 143874K->44797K(364160K), 0.0026680 secs] [Times: user=0.02 sys=0.00, real=0.01 secs] 
91.908: Total time for which application threads were stopped: 0.0054220 seconds, Stopping threads took: 0.0026870 seconds
91.996: Application time: 0.0883660 seconds
91.998: [GC91.998: [ParNew: 107562K->6256K(112448K), 0.0023450 secs] 144765K->43545K(364160K), 0.0023910 secs] [Times: user=0.01 sys=0.00, real=0.01 secs] 
92.001: Total time for which application threads were stopped: 0.0041230 seconds, Stopping threads took: 0.0016440 seconds
92.088: Application time: 0.0872650 seconds
92.090: [GC92.090: [ParNew: 106224K->6701K(112448K), 0.0024220 secs] 143513K->44075K(364160K), 0.0024680 secs] [Times: user=0.02 sys=0.00, real=0.00 secs] 
92.093: Total time for which application threads were stopped: 0.0049630 seconds, Stopping threads took: 0.0024150 seconds
92.180: Application time: 0.0869850 seconds
92.182: [GC92.182: [ParNew: 106669K->7416K(112448K), 0.0025030 secs] 144043K->44847K(364160K), 0.0025560 secs] [Times: user=0.02 sys=0.00, real=0.00 secs] 
92.184: Total time for which application threads were stopped: 0.0046230 seconds, Stopping threads took: 0.0019770 seconds
92.274: Application time: 0.0898530 seconds
92.277: [GC92.277: [ParNew: 107384K->6864K(112448K), 0.0022880 secs] 144815K->44295K(364160K), 0.0023310 secs] [Times: user=0.02 sys=0.00, real=0.00 secs] 
92.279: Total time for which application threads were stopped: 0.0049210 seconds, Stopping threads took: 0.0025040 seconds
92.367: Application time: 0.0879290 seconds
92.369: [GC92.369: [ParNew: 106832K->6303K(112448K), 0.0022460 secs] 144263K->43735K(364160K), 0.0022900 secs] [Times: user=0.01 sys=0.00, real=0.00 secs] 
92.372: Total time for which application threads were stopped: 0.0046130 seconds, Stopping threads took: 0.0022540 seconds
92.459: Application time: 0.0869220 seconds
92.462: [GC92.462: [ParNew: 106271K->6981K(112448K), 0.0022970 secs] 143703K->44497K(364160K), 0.0023440 secs] [Times: user=0.01 sys=0.00, real=0.00 secs] 
92.464: Total time for which application threads were stopped: 0.0052800 seconds, Stopping threads took: 0.0028650 seconds
92.553: Application time: 0.0893480 seconds
92.556: [GC92.556: [ParNew: 106949K->4853K(112448K), 0.0048470 secs] 144465K->42455K(364160K), 0.0048870 secs] [Times: user=0.02 sys=0.00, real=0.01 secs] 
92.560: Total time for which application threads were stopped: 0.0071140 seconds, Stopping threads took: 0.0021310 seconds
92.650: Application time: 0.0898430 seconds
92.653: [GC92.653: [ParNew: 104821K->7873K(112448K), 0.0025050 secs] 142423K->45475K(364160K), 0.0025530 secs] [Times: user=0.02 sys=0.00, real=0.00 secs] 
92.656: Total time for which application threads were stopped: 0.0056690 seconds, Stopping threads took: 0.0030460 seconds
92.743: Application time: 0.0870640 seconds
92.746: [GC92.746: [ParNew: 107841K->6974K(112448K), 0.0023940 secs] 145443K->44634K(364160K), 0.0024390 secs] [Times: user=0.02 sys=0.00, real=0.01 secs] 
92.748: Total time for which application threads were stopped: 0.0050180 seconds, Stopping threads took: 0.0025090 seconds
92.839: Application time: 0.0912900 seconds
92.842: [GC92.842: [ParNew: 106942K->5464K(112448K), 0.0018990 secs] 144602K->43123K(364160K), 0.0019440 secs] [Times: user=0.02 sys=0.00, real=0.00 secs] 
92.844: Total time for which application threads were stopped: 0.0048190 seconds, Stopping threads took: 0.0028060 seconds
92.934: Application time: 0.0897790 seconds
92.937: [GC92.937: [ParNew: 105432K->6136K(112448K), 0.0018910 secs] 143091K->43795K(364160K), 0.0019340 secs] [Times: user=0.01 sys=0.00, real=0.00 secs] 
92.939: Total time for which application threads were stopped: 0.0050190 seconds, Stopping threads took: 0.0029960 seconds
93.030: Application time: 0.0909740 seconds
93.032: [GC93.032: [ParNew: 106104K->8005K(112448K), 0.0026030 secs] 143763K->45665K(364160K), 0.0026480 secs] [Times: user=0.02 sys=0.00, real=0.00 secs] 
93.034: Total time for which application threads were stopped: 0.0043270 seconds, Stopping threads took: 0.0016070 seconds
93.122: Application time: 0.0878700 seconds
93.124: [GC93.124: [ParNew: 107973K->6946K(112448K), 0.0023220 secs] 145633K->44805K(364160K), 0.0023670 secs] [Times: user=0.01 sys=0.00, real=0.00 secs] 
93.126: Total time for which application threads were stopped: 0.0040170 seconds, Stopping threads took: 0.0015660 seconds
93.213: Application time: 0.0868860 seconds
93.215: [GC93.215: [ParNew: 106914K->5852K(112448K), 0.0021260 secs] 144773K->43739K(364160K), 0.0021710 secs] [Times: user=0.01 sys=0.00, real=0.00 secs] 
93.217: Total time for which application threads were stopped: 0.0039540 seconds, Stopping threads took: 0.0017120 seconds
93.305: Application time: 0.0882210 seconds
93.307: [GC93.307: [ParNew: 105820K->7453K(112448K), 0.0024440 secs] 143707K->45341K(364160K), 0.0024930 secs] [Times: user=0.01 sys=0.00, real=0.01 secs] 
93.310: Total time for which application threads were stopped: 0.0045440 seconds, Stopping threads took: 0.0019800 seconds
93.401: Application time: 0.0916530 seconds
93.403: [GC93.403: [ParNew: 107421K->7044K(112448K), 0.0024200 secs] 145309K->44960K(364160K), 0.0024740 secs] [Times: user=0.02 sys=0.00, real=0.00 secs] 
93.406: Total time for which application threads were stopped: 0.0041920 seconds, Stopping threads took: 0.0016470 seconds
93.500: Application time: 0.0947300 seconds
93.502: [GC93.502: [ParNew: 107012K->6881K(112448K), 0.0029250 secs] 144928K->44883K(364160K), 0.0029690 secs] [Times: user=0.02 sys=0.00, real=0.00 secs] 
93.505: Total time for which application threads were stopped: 0.0049190 seconds, Stopping threads took: 0.0018590 seconds
93.599: Application time: 0.0937220 seconds
93.601: [GC93.601: [ParNew: 106849K->6937K(112448K), 0.0024400 secs] 144851K->45024K(364160K), 0.0024870 secs] [Times: user=0.02 sys=0.00, real=0.00 secs] 
93.604: Total time for which application threads were stopped: 0.0049140 seconds, Stopping threads took: 0.0023350 seconds
93.698: Application time: 0.0936430 seconds
93.700: [GC93.700: [ParNew: 106905K->6839K(112448K), 0.0024590 secs] 144992K->44955K(364160K), 0.0025020 secs] [Times: user=0.01 sys=0.00, real=0.00 secs] 
93.703: Total time for which application threads were stopped: 0.0051260 seconds, Stopping threads took: 0.0025220 seconds
93.799: Application time: 0.0963920 seconds
93.801: [GC93.801: [ParNew: 106807K->6739K(112448K), 0.0023850 secs] 144923K->44854K(364160K), 0.0024260 secs] [Times: user=0.01 sys=0.00, real=0.00 secs] 
93.804: Total time for which application threads were stopped: 0.0047370 seconds, Stopping threads took: 0.0022410 seconds
93.898: Application time: 0.0940880 seconds
93.900: [GC93.900: [ParNew: 106707K->7865K(112448K), 0.0026570 secs] 144822K->45981K(364160K), 0.0027020 secs] [Times: user=0.02 sys=0.00, real=0.00 secs] 
93.902: Total time for which application threads were stopped: 0.0044860 seconds, Stopping threads took: 0.0016890 seconds
94.001: Application time: 0.0990590 seconds
94.004: [GC94.004: [ParNew: 107833K->5708K(112448K), 0.0022260 secs] 145949K->43937K(364160K), 0.0022650 secs] [Times: user=0.01 sys=0.00, real=0.00 secs] 
94.006: Total time for which application threads were stopped: 0.0049400 seconds, Stopping threads took: 0.0025840 seconds
94.107: Application time: 0.1009310 seconds
94.109: [GC94.109: [ParNew: 105676K->4411K(112448K), 0.0016540 secs] 143905K->42640K(364160K), 0.0016950 secs] [Times: user=0.01 sys=0.00, real=0.00 secs] 
94.111: Total time for which application threads were stopped: 0.0033040 seconds, Stopping threads took: 0.0015400 seconds
94.210: Application time: 0.0997710 seconds
94.213: [GC94.213: [ParNew: 104379K->6920K(112448K), 0.0022550 secs] 142608K->45150K(364160K), 0.0023040 secs] [Times: user=0.01 sys=0.00, real=0.00 secs] 
94.216: Total time for which application threads were stopped: 0.0052790 seconds, Stopping threads took: 0.0028740 seconds
94.312: Application time: 0.0963840 seconds
94.314: [GC94.314: [ParNew: 106888K->7887K(112448K), 0.0028060 secs] 145118K->46230K(364160K), 0.0028530 secs] [Times: user=0.02 sys=0.00, real=0.00 secs] 
94.317: Total time for which application threads were stopped: 0.0046550 seconds, Stopping threads took: 0.0017100 seconds
94.412: Application time: 0.0954180 seconds
94.414: [GC94.414: [ParNew: 107855K->5617K(112448K), 0.0018210 secs] 146198K->43961K(364160K), 0.0018660 secs] [Times: user=0.01 sys=0.00, real=0.00 secs] 
94.416: Total time for which application threads were stopped: 0.0037520 seconds, Stopping threads took: 0.0018110 seconds
94.513: Application time: 0.0969660 seconds
94.516: [GC94.516: [ParNew: 105585K->6488K(112448K), 0.0021670 secs] 143929K->44832K(364160K), 0.0022120 secs] [Times: user=0.02 sys=0.00, real=0.00 secs] 
94.519: Total time for which application threads were stopped: 0.0056910 seconds, Stopping threads took: 0.0033860 seconds
94.614: Application time: 0.0956300 seconds
94.617: [GC94.617: [ParNew: 106456K->7083K(112448K), 0.0024800 secs] 144800K->45626K(364160K), 0.0025240 secs] [Times: user=0.02 sys=0.00, real=0.00 secs] 
94.619: Total time for which application threads were stopped: 0.0049910 seconds, Stopping threads took: 0.0023880 seconds
94.715: Application time: 0.0957640 seconds
94.718: [GC94.718: [ParNew: 107051K->6310K(112448K), 0.0021890 secs] 145594K->44882K(364160K), 0.0022370 secs] [Times: user=0.01 sys=0.00, real=0.01 secs] 
94.721: Total time for which application threads were stopped: 0.0056350 seconds, Stopping threads took: 0.0033200 seconds
94.812: Application time: 0.0912890 seconds
94.814: [GC94.814: [ParNew: 106278K->7354K(112448K), 0.0024310 secs] 144850K->45926K(364160K), 0.0024790 secs] [Times: user=0.02 sys=0.00, real=0.00 secs] 
94.816: Total time for which application threads were stopped: 0.0045580 seconds, Stopping threads took: 0.0020040 seconds
94.910: Application time: 0.0931230 seconds
94.913: [GC94.913: [ParNew: 107322K->7871K(112448K), 0.0026190 secs] 145894K->46442K(364160K), 0.0026650 secs] [Times: user=0.02 sys=0.00, real=0.00 secs] 
94.915: Total time for which application threads were stopped: 0.0056680 seconds, Stopping threads took: 0.0029320 seconds
95.009: Application time: 0.0940170 seconds
95.011: [GC95.011: [ParNew: 107839K->6810K(112448K), 0.0023290 secs] 146410K->45467K(364160K), 0.0023720 secs] [Times: user=0.02 sys=0.00, real=0.00 secs] 
95.014: Total time for which application threads were stopped: 0.0045720 seconds, Stopping threads took: 0.0021310 seconds
95.116: Application time: 0.1026230 seconds
95.118: [GC95.118: [ParNew: 106778K->4852K(112448K), 0.0016500 secs] 145435K->43624K(364160K), 0.0016920 secs] [Times: user=0.01 sys=0.00, real=0.01 secs] 
95.120: Total time for which application threads were stopped: 0.0037010 seconds, Stopping threads took: 0.0019350 seconds
95.220: Application time: 0.0999000 seconds
95.223: [GC95.223: [ParNew: 104820K->5715K(112448K), 0.0019030 secs] 143592K->44486K(364160K), 0.0019470 secs] [Times: user=0.01 sys=0.00, real=0.00 secs] 
95.225: Total time for which application threads were stopped: 0.0050230 seconds, Stopping threads took: 0.0029980 seconds
95.323: Application time: 0.0975510 seconds
95.325: [GC95.325: [ParNew: 105683K->7305K(112448K), 0.0025010 secs] 144454K->46077K(364160K), 0.0025480 secs] [Times: user=0.02 sys=0.00, real=0.00 secs] 
95.327: Total time for which application threads were stopped: 0.0046520 seconds, Stopping threads took: 0.0020220 seconds
95.420: Application time: 0.0925820 seconds
95.423: [GC95.423: [ParNew: 107273K->7389K(112448K), 0.0024020 secs] 146045K->46189K(364160K), 0.0024520 secs] [Times: user=0.02 sys=0.00, real=0.00 secs] 
95.425: Total time for which application threads were stopped: 0.0051810 seconds, Stopping threads took: 0.0026570 seconds
95.520: Application time: 0.0946670 seconds
95.522: [GC95.522: [ParNew: 107357K->5433K(112448K), 0.0018320 secs] 146157K->44318K(364160K), 0.0018750 secs] [Times: user=0.01 sys=0.00, real=0.00 secs] 
95.524: Total time for which application threads were stopped: 0.0046170 seconds, Stopping threads took: 0.0026710 seconds
95.621: Application time: 0.0962090 seconds
95.623: [GC95.623: [ParNew: 105401K->7248K(112448K), 0.0023690 secs] 144286K->46134K(364160K), 0.0024150 secs] [Times: user=0.02 sys=0.00, real=0.00 secs] 
95.626: Total time for which application threads were stopped: 0.0051900 seconds, Stopping threads took: 0.0026990 seconds
95.718: Application time: 0.0922140 seconds
95.720: [GC95.721: [ParNew: 107216K->7147K(112448K), 0.0024760 secs] 146102K->46175K(364160K), 0.0025220 secs] [Times: user=0.01 sys=0.00, real=0.00 secs] 
95.723: Total time for which application threads were stopped: 0.0050720 seconds, Stopping threads took: 0.0024580 seconds
95.820: Application time: 0.0970270 seconds
95.822: [GC95.822: [ParNew: 107115K->7113K(112448K), 0.0023670 secs] 146143K->46141K(364160K), 0.0024160 secs] [Times: user=0.02 sys=0.00, real=0.00 secs] 
95.824: Total time for which application threads were stopped: 0.0040730 seconds, Stopping threads took: 0.0015760 seconds
95.921: Application time: 0.0967900 seconds
95.924: [GC95.924: [ParNew: 107081K->6523K(112448K), 0.0021760 secs] 146109K->45551K(364160K), 0.0022310 secs] [Times: user=0.01 sys=0.00, real=0.00 secs] 
95.926: Total time for which application threads were stopped: 0.0054110 seconds, Stopping threads took: 0.0030850 seconds
96.024: Application time: 0.0979010 seconds
96.025: [GC96.025: [ParNew: 106491K->4413K(112448K), 0.0017730 secs] 145519K->43527K(364160K), 0.0018150 secs] [Times: user=0.01 sys=0.00, real=0.00 secs] 
96.027: Total time for which application threads were stopped: 0.0029570 seconds, Stopping threads took: 0.0010720 seconds
96.124: Application time: 0.0962930 seconds
96.126: [GC96.126: [ParNew: 104381K->7036K(112448K), 0.0025240 secs] 143495K->46150K(364160K), 0.0025720 secs] [Times: user=0.02 sys=0.00, real=0.01 secs] 
96.129: Total time for which application threads were stopped: 0.0050480 seconds, Stopping threads took: 0.0023930 seconds
96.222: Application time: 0.0930600 seconds
96.225: [GC96.225: [ParNew: 107004K->6910K(112448K), 0.0024280 secs] 146118K->46137K(364160K), 0.0024760 secs] [Times: user=0.01 sys=0.00, real=0.00 secs] 
96.227: Total time for which application threads were stopped: 0.0055170 seconds, Stopping threads took: 0.0029580 seconds
96.322: Application time: 0.0945020 seconds
96.324: [GC96.324: [ParNew: 106878K->5201K(112448K), 0.0017270 secs] 146105K->44457K(364160K), 0.0017720 secs] [Times: user=0.01 sys=0.00, real=0.00 secs] 
96.325: Total time for which application threads were stopped: 0.0038250 seconds, Stopping threads took: 0.0019720 seconds
96.419: Application time: 0.0930980 seconds
96.421: [GC96.421: [ParNew: 105169K->6967K(112448K), 0.0025100 secs] 144425K->46224K(364160K), 0.0025560 secs] [Times: user=0.02 sys=0.00, real=0.00 secs] 
96.424: Total time for which application threads were stopped: 0.0050880 seconds, Stopping threads took: 0.0024610 seconds
96.517: Application time: 0.0935930 seconds
96.519: [GC96.519: [ParNew: 106935K->7164K(112448K), 0.0024040 secs] 146192K->46477K(364160K), 0.0024510 secs] [Times: user=0.01 sys=0.00, real=0.01 secs] 
96.522: Total time for which application threads were stopped: 0.0044330 seconds, Stopping threads took: 0.0019080 seconds
96.617: Application time: 0.0951130 seconds
96.620: [GC96.620: [ParNew: 107132K->6441K(112448K), 0.0021870 secs] 146445K->45811K(364160K), 0.0022340 secs] [Times: user=0.02 sys=0.00, real=0.00 secs] 
96.622: Total time for which application threads were stopped: 0.0052430 seconds, Stopping threads took: 0.0029150 seconds
96.721: Application time: 0.0991290 seconds
96.724: [GC96.724: [ParNew: 106409K->6838K(112448K), 0.0023720 secs] 145779K->46294K(364160K), 0.0024170 secs] [Times: user=0.01 sys=0.00, real=0.00 secs] 
96.727: Total time for which application threads were stopped: 0.0054490 seconds, Stopping threads took: 0.0029380 seconds
96.823: Application time: 0.0963010 seconds
96.825: [GC96.825: [ParNew: 106806K->6712K(112448K), 0.0022040 secs] 146262K->46197K(364160K), 0.0022510 secs] [Times: user=0.02 sys=0.00, real=0.01 secs] 
96.827: Total time for which application threads were stopped: 0.0044290 seconds, Stopping threads took: 0.0020770 seconds
96.928: Application time: 0.1005770 seconds
96.931: [GC96.931: [ParNew: 106680K->7828K(112448K), 0.0026570 secs] 146165K->47313K(364160K), 0.0027010 secs] [Times: user=0.02 sys=0.00, real=0.00 secs] 
96.933: Total time for which application threads were stopped: 0.0055320 seconds, Stopping threads took: 0.0027590 seconds
97.031: Application time: 0.0980290 seconds
97.034: [GC97.034: [ParNew: 107796K->5829K(112448K), 0.0019760 secs] 147281K->45342K(364160K), 0.0020200 secs] [Times: user=0.02 sys=0.00, real=0.00 secs] 
97.036: Total time for which application threads were stopped: 0.0043840 seconds, Stopping threads took: 0.0022790 seconds
97.129: Application time: 0.0935580 seconds
97.131: [GC97.131: [ParNew: 105797K->6675K(112448K), 0.0021550 secs] 145310K->46188K(364160K), 0.0022030 secs] [Times: user=0.02 sys=0.00, real=0.00 secs] 
97.134: Total time for which application threads were stopped: 0.0042060 seconds, Stopping threads took: 0.0019090 seconds
97.227: Application time: 0.0935330 seconds
97.229: [GC97.229: [ParNew: 106643K->7653K(112448K), 0.0025470 secs] 146156K->47337K(364160K), 0.0026010 secs] [Times: user=0.02 sys=0.00, real=0.00 secs] 
97.232: Total time for which application threads were stopped: 0.0045790 seconds, Stopping threads took: 0.0019060 seconds
97.327: Application time: 0.0950010 seconds
97.329: [GC97.329: [ParNew: 107621K->7608K(112448K), 0.0025020 secs] 147305K->47321K(364160K), 0.0025460 secs] [Times: user=0.02 sys=0.00, real=0.00 secs] 
97.331: Total time for which application threads were stopped: 0.0046900 seconds, Stopping threads took: 0.0020610 seconds
97.424: Application time: 0.0928060 seconds
97.426: [GC97.426: [ParNew: 107576K->6276K(112448K), 0.0019600 secs] 147289K->45989K(364160K), 0.0020000 secs] [Times: user=0.02 sys=0.00, real=0.01 secs] 
97.428: Total time for which application threads were stopped: 0.0038820 seconds, Stopping threads took: 0.0018110 seconds
97.518: Application time: 0.0902290 seconds
97.521: [GC97.521: [ParNew: 106244K->6196K(112448K), 0.0020630 secs] 145957K->45908K(364160K), 0.0021080 secs] [Times: user=0.02 sys=0.00, real=0.00 secs] 
97.523: Total time for which application threads were stopped: 0.0047590 seconds, Stopping threads took: 0.0025810 seconds
97.615: Application time: 0.0913690 seconds
97.617: [GC97.617: [ParNew: 106164K->6963K(112448K), 0.0022770 secs] 145876K->46675K(364160K), 0.0023230 secs] [Times: user=0.02 sys=0.00, real=0.00 secs] 
97.619: Total time for which application threads were stopped: 0.0044370 seconds, Stopping threads took: 0.0020440 seconds
97.709: Application time: 0.0902660 seconds
97.712: [GC97.712: [ParNew: 106931K->6572K(112448K), 0.0022400 secs] 146643K->46484K(364160K), 0.0022850 secs] [Times: user=0.02 sys=0.00, real=0.00 secs] 
97.715: Total time for which application threads were stopped: 0.0054950 seconds, Stopping threads took: 0.0031210 seconds
97.803: Application time: 0.0887230 seconds
97.805: [GC97.805: [ParNew: 106540K->5505K(112448K), 0.0018970 secs] 146452K->45446K(364160K), 0.0019380 secs] [Times: user=0.01 sys=0.00, real=0.00 secs] 
97.807: Total time for which application threads were stopped: 0.0034380 seconds, Stopping threads took: 0.0014310 seconds
97.894: Application time: 0.0871140 seconds
97.896: [GC97.896: [ParNew: 105473K->7131K(112448K), 0.0023490 secs] 145414K->47071K(364160K), 0.0023930 secs] [Times: user=0.02 sys=0.00, real=0.00 secs] 
97.899: Total time for which application threads were stopped: 0.0045330 seconds, Stopping threads took: 0.0020600 seconds
97.989: Application time: 0.0904000 seconds
97.991: [GC97.991: [ParNew: 107099K->6398K(112448K), 0.0020290 secs] 147039K->46338K(364160K), 0.0020750 secs] [Times: user=0.01 sys=0.01, real=0.00 secs] 
97.993: Total time for which application threads were stopped: 0.0042140 seconds, Stopping threads took: 0.0020680 seconds
98.084: Application time: 0.0905410 seconds
98.085: [GC98.085: [ParNew: 106366K->7269K(112448K), 0.0024010 secs] 146306K->47295K(364160K), 0.0024470 secs] [Times: user=0.02 sys=0.00, real=0.01 secs] 
98.088: Total time for which application threads were stopped: 0.0041990 seconds, Stopping threads took: 0.0016910 seconds
98.182: Application time: 0.0938970 seconds
98.183: [GC98.183: [ParNew: 107237K->6304K(112448K), 0.0022150 secs] 147263K->46416K(364160K), 0.0022590 secs] [Times: user=0.02 sys=0.00, real=0.00 secs] 
98.185: Total time for which application threads were stopped: 0.0031380 seconds, Stopping threads took: 0.0007970 seconds
98.278: Application time: 0.0927220 seconds
98.280: [GC98.280: [ParNew: 106272K->7411K(112448K), 0.0024730 secs] 146384K->47551K(364160K), 0.0025190 secs] [Times: user=0.02 sys=0.00, real=0.00 secs] 
98.283: Total time for which application threads were stopped: 0.0052380 seconds, Stopping threads took: 0.0026480 seconds
98.374: Application time: 0.0907400 seconds
98.375: [GC98.375: [ParNew: 107379K->6776K(112448K), 0.0022670 secs] 147519K->46945K(364160K), 0.0023120 secs] [Times: user=0.01 sys=0.00, real=0.00 secs] 
98.378: Total time for which application threads were stopped: 0.0041160 seconds, Stopping threads took: 0.0017290 seconds
98.469: Application time: 0.0909130 seconds
98.471: [GC98.472: [ParNew: 106744K->6227K(112448K), 0.0019880 secs] 146913K->46395K(364160K), 0.0020350 secs] [Times: user=0.01 sys=0.00, real=0.00 secs] 
98.474: Total time for which application threads were stopped: 0.0048690 seconds, Stopping threads took: 0.0027310 seconds
98.563: Application time: 0.0897290 seconds
98.566: [GC98.566: [ParNew: 106195K->7108K(112448K), 0.0023340 secs] 146363K->47277K(364160K), 0.0023780 secs] [Times: user=0.01 sys=0.00, real=0.01 secs] 
98.568: Total time for which application threads were stopped: 0.0051560 seconds, Stopping threads took: 0.0027090 seconds
98.656: Application time: 0.0878050 seconds
98.657: [GC98.657: [ParNew: 107076K->6564K(112448K), 0.0022600 secs] 147245K->46904K(364160K), 0.0023030 secs] [Times: user=0.01 sys=0.00, real=0.01 secs] 
98.660: Total time for which application threads were stopped: 0.0035470 seconds, Stopping threads took: 0.0011650 seconds
98.749: Application time: 0.0891250 seconds
98.752: [GC98.752: [ParNew: 106532K->7262K(112448K), 0.0024870 secs] 146872K->47631K(364160K), 0.0025280 secs] [Times: user=0.02 sys=0.00, real=0.00 secs] 
98.754: Total time for which application threads were stopped: 0.0053210 seconds, Stopping threads took: 0.0027030 seconds
98.843: Application time: 0.0883360 seconds
98.844: [GC98.844: [ParNew: 107230K->6402K(112448K), 0.0020630 secs] 147599K->46799K(364160K), 0.0021110 secs] [Times: user=0.01 sys=0.01, real=0.00 secs] 
98.846: Total time for which application threads were stopped: 0.0038920 seconds, Stopping threads took: 0.0016980 seconds
98.937: Application time: 0.0903040 seconds
98.940: [GC98.940: [ParNew: 106370K->6284K(112448K), 0.0021840 secs] 146767K->46681K(364160K), 0.0022250 secs] [Times: user=0.02 sys=0.00, real=0.00 secs] 
98.942: Total time for which application threads were stopped: 0.0049940 seconds, Stopping threads took: 0.0027000 seconds
99.031: Application time: 0.0889650 seconds
99.033: [GC99.033: [ParNew: 106252K->6472K(112448K), 0.0021530 secs] 146649K->46926K(364160K), 0.0021980 secs] [Times: user=0.02 sys=0.00, real=0.00 secs] 
99.035: Total time for which application threads were stopped: 0.0043320 seconds, Stopping threads took: 0.0020560 seconds
99.125: Application time: 0.0900820 seconds
99.128: [GC99.128: [ParNew: 106440K->6580K(112448K), 0.0022620 secs] 146894K->47119K(364160K), 0.0023060 secs] [Times: user=0.02 sys=0.00, real=0.00 secs] 
99.130: Total time for which application threads were stopped: 0.0049640 seconds, Stopping threads took: 0.0025890 seconds
99.220: Application time: 0.0899090 seconds
99.222: [GC99.222: [ParNew: 106548K->6099K(112448K), 0.0021130 secs] 147087K->46695K(364160K), 0.0021570 secs] [Times: user=0.01 sys=0.00, real=0.00 secs] 
99.225: Total time for which application threads were stopped: 0.0046140 seconds, Stopping threads took: 0.0023860 seconds
99.317: Application time: 0.0926220 seconds
99.319: [GC99.319: [ParNew: 106067K->4691K(112448K), 0.0015180 secs] 146663K->45287K(364160K), 0.0015600 secs] [Times: user=0.01 sys=0.00, real=0.01 secs] 
99.320: Total time for which application threads were stopped: 0.0031010 seconds, Stopping threads took: 0.0014690 seconds
99.410: Application time: 0.0899260 seconds
99.412: [GC99.412: [ParNew: 104659K->6654K(112448K), 0.0021050 secs] 145255K->47251K(364160K), 0.0021480 secs] [Times: user=0.01 sys=0.00, real=0.00 secs] 
99.414: Total time for which application threads were stopped: 0.0036200 seconds, Stopping threads took: 0.0014060 seconds
99.502: Application time: 0.0883780 seconds
99.505: [GC99.505: [ParNew: 106622K->6817K(112448K), 0.0022820 secs] 147219K->47471K(364160K), 0.0023260 secs] [Times: user=0.01 sys=0.00, real=0.00 secs] 
99.507: Total time for which application threads were stopped: 0.0048510 seconds, Stopping threads took: 0.0024550 seconds
99.594: Application time: 0.0863360 seconds
99.596: [GC99.596: [ParNew: 106785K->6518K(112448K), 0.0022220 secs] 147439K->47257K(364160K), 0.0022750 secs] [Times: user=0.01 sys=0.00, real=0.00 secs] 
99.598: Total time for which application threads were stopped: 0.0049620 seconds, Stopping threads took: 0.0026060 seconds
99.691: Application time: 0.0929250 seconds
99.694: [GC99.694: [ParNew: 106486K->5475K(112448K), 0.0018280 secs] 147225K->46300K(364160K), 0.0018730 secs] [Times: user=0.02 sys=0.00, real=0.00 secs] 
99.696: Total time for which application threads were stopped: 0.0046770 seconds, Stopping threads took: 0.0027320 seconds
99.786: Application time: 0.0899010 seconds
99.788: [GC99.788: [ParNew: 105443K->7847K(112448K), 0.0025430 secs] 146268K->48671K(364160K), 0.0025890 secs] [Times: user=0.02 sys=0.00, real=0.00 secs] 
99.791: Total time for which application threads were stopped: 0.0049140 seconds, Stopping threads took: 0.0022540 seconds
99.881: Application time: 0.0905960 seconds
99.884: [GC99.884: [ParNew: 107815K->7848K(112448K), 0.0026470 secs] 148639K->48701K(364160K), 0.0026920 secs] [Times: user=0.02 sys=0.00, real=0.00 secs] 
99.887: Total time for which application threads were stopped: 0.0050280 seconds, Stopping threads took: 0.0022640 seconds
99.976: Application time: 0.0891210 seconds
99.978: [GC99.978: [ParNew: 107816K->7847K(112448K), 0.0025840 secs] 148669K->48729K(364160K), 0.0026270 secs] [Times: user=0.02 sys=0.00, real=0.01 secs] 
99.980: Total time for which application threads were stopped: 0.0047910 seconds, Stopping threads took: 0.0020940 seconds
100.071: Application time: 0.0904840 seconds
100.074: [GC100.074: [ParNew: 107815K->6576K(112448K), 0.0023690 secs] 148697K->47514K(364160K), 0.0024160 secs] [Times: user=0.02 sys=0.00, real=0.00 secs] 
100.076: Total time for which application threads were stopped: 0.0054500 seconds, Stopping threads took: 0.0029650 seconds
100.168: Application time: 0.0914720 seconds
100.171: [GC100.171: [ParNew: 106544K->7411K(112448K), 0.0025220 secs] 147482K->48463K(364160K), 0.0025710 secs] [Times: user=0.01 sys=0.00, real=0.00 secs] 
100.173: Total time for which application threads were stopped: 0.0055800 seconds, Stopping threads took: 0.0029260 seconds
100.264: Application time: 0.0908110 seconds
100.267: [GC100.267: [ParNew: 107379K->6506K(112448K), 0.0022000 secs] 148431K->47587K(364160K), 0.0022440 secs] [Times: user=0.01 sys=0.00, real=0.01 secs] 
100.269: Total time for which application threads were stopped: 0.0051870 seconds, Stopping threads took: 0.0028720 seconds
100.361: Application time: 0.0912440 seconds
100.362: [GC100.362: [ParNew: 106474K->7273K(112448K), 0.0024040 secs] 147555K->48354K(364160K), 0.0024490 secs] [Times: user=0.02 sys=0.00, real=0.00 secs] 
100.365: Total time for which application threads were stopped: 0.0042370 seconds, Stopping threads took: 0.0017160 seconds
100.453: Application time: 0.0882800 seconds
100.455: [GC100.455: [ParNew: 107241K->5790K(112448K), 0.0020520 secs] 148322K->46871K(364160K), 0.0020970 secs] [Times: user=0.02 sys=0.00, real=0.00 secs] 
100.457: Total time for which application threads were stopped: 0.0034730 seconds, Stopping threads took: 0.0013040 seconds
100.548: Application time: 0.0911310 seconds
100.550: [GC100.550: [ParNew: 105758K->6675K(112448K), 0.0022050 secs] 146839K->47756K(364160K), 0.0022490 secs] [Times: user=0.02 sys=0.00, real=0.00 secs] 
100.552: Total time for which application threads were stopped: 0.0045200 seconds, Stopping threads took: 0.0021990 seconds
100.643: Application time: 0.0910780 seconds
100.646: [GC100.646: [ParNew: 106643K->7385K(112448K), 0.0024670 secs] 147724K->48666K(364160K), 0.0025130 secs] [Times: user=0.02 sys=0.00, real=0.01 secs] 
100.649: Total time for which application threads were stopped: 0.0054730 seconds, Stopping threads took: 0.0028910 seconds
100.740: Application time: 0.0913190 seconds
100.742: [GC100.742: [ParNew: 107353K->6632K(112448K), 0.0021200 secs] 148634K->47913K(364160K), 0.0021690 secs] [Times: user=0.02 sys=0.00, real=0.00 secs] 
100.744: Total time for which application threads were stopped: 0.0036850 seconds, Stopping threads took: 0.0014360 seconds
100.832: Application time: 0.0876910 seconds
100.833: [GC100.833: [ParNew: 106600K->6634K(112448K), 0.0023430 secs] 147881K->47943K(364160K), 0.0023940 secs] [Times: user=0.02 sys=0.00, real=0.00 secs] 
100.836: Total time for which application threads were stopped: 0.0040540 seconds, Stopping threads took: 0.0015890 seconds
100.924: Application time: 0.0886230 seconds
100.926: [GC100.926: [ParNew: 106602K->6904K(112448K), 0.0022250 secs] 147911K->48213K(364160K), 0.0022740 secs] [Times: user=0.02 sys=0.00, real=0.01 secs] 
100.929: Total time for which application threads were stopped: 0.0044600 seconds, Stopping threads took: 0.0021160 seconds
101.018: Application time: 0.0892100 seconds
101.020: [GC101.020: [ParNew: 106872K->6551K(112448K), 0.0024580 secs] 148181K->47946K(364160K), 0.0025030 secs] [Times: user=0.02 sys=0.00, real=0.00 secs] 
101.023: Total time for which application threads were stopped: 0.0047350 seconds, Stopping threads took: 0.0021640 seconds
101.113: Application time: 0.0902110 seconds
101.116: [GC101.116: [ParNew: 106519K->5265K(112448K), 0.0018610 secs] 147914K->46717K(364160K), 0.0019040 secs] [Times: user=0.01 sys=0.00, real=0.00 secs] 
101.118: Total time for which application threads were stopped: 0.0046910 seconds, Stopping threads took: 0.0027170 seconds
101.205: Application time: 0.0872670 seconds
101.207: [GC101.207: [ParNew: 105233K->5542K(112448K), 0.0017780 secs] 146685K->46994K(364160K), 0.0018240 secs] [Times: user=0.01 sys=0.00, real=0.01 secs] 
101.209: Total time for which application threads were stopped: 0.0038790 seconds, Stopping threads took: 0.0019840 seconds
101.294: Application time: 0.0852080 seconds
101.296: [GC101.296: [ParNew: 105510K->7287K(112448K), 0.0024130 secs] 146962K->48739K(364160K), 0.0024600 secs] [Times: user=0.01 sys=0.00, real=0.00 secs] 
101.299: Total time for which application threads were stopped: 0.0047020 seconds, Stopping threads took: 0.0021620 seconds
101.389: Application time: 0.0903450 seconds
101.392: [GC101.392: [ParNew: 107255K->6814K(112448K), 0.0022950 secs] 148707K->48352K(364160K), 0.0023380 secs] [Times: user=0.02 sys=0.00, real=0.00 secs] 
101.394: Total time for which application threads were stopped: 0.0049650 seconds, Stopping threads took: 0.0025570 seconds
101.490: Application time: 0.0955990 seconds
101.492: [GC101.492: [ParNew: 106782K->7567K(112448K), 0.0025590 secs] 148320K->49190K(364160K), 0.0026030 secs] [Times: user=0.02 sys=0.00, real=0.00 secs] 
101.494: Total time for which application threads were stopped: 0.0049140 seconds, Stopping threads took: 0.0022410 seconds
101.592: Application time: 0.0978530 seconds
101.595: [GC101.595: [ParNew: 107535K->7083K(112448K), 0.0023290 secs] 149158K->48763K(364160K), 0.0023760 secs] [Times: user=0.02 sys=0.00, real=0.00 secs] 
101.597: Total time for which application threads were stopped: 0.0047890 seconds, Stopping threads took: 0.0023410 seconds
101.694: Application time: 0.0964180 seconds
101.696: [GC101.696: [ParNew: 107051K->7163K(112448K), 0.0024100 secs] 148731K->48900K(364160K), 0.0024570 secs] [Times: user=0.02 sys=0.00, real=0.00 secs] 
101.699: Total time for which application threads were stopped: 0.0052320 seconds, Stopping threads took: 0.0026930 seconds
101.794: Application time: 0.0956580 seconds
101.796: [GC101.796: [ParNew: 107131K->6470K(112448K), 0.0022300 secs] 148868K->48236K(364160K), 0.0022720 secs] [Times: user=0.02 sys=0.00, real=0.00 secs] 
101.798: Total time for which application threads were stopped: 0.0040400 seconds, Stopping threads took: 0.0016960 seconds
101.898: Application time: 0.0999520 seconds
101.900: [GC101.900: [ParNew: 106438K->6492K(112448K), 0.0022700 secs] 148204K->48258K(364160K), 0.0023120 secs] [Times: user=0.02 sys=0.00, real=0.00 secs] 
101.903: Total time for which application threads were stopped: 0.0042090 seconds, Stopping threads took: 0.0018170 seconds
101.997: Application time: 0.0942780 seconds
101.999: [GC101.999: [ParNew: 106460K->7536K(112448K), 0.0027310 secs] 148226K->49359K(364160K), 0.0027760 secs] [Times: user=0.02 sys=0.00, real=0.01 secs] 
102.001: Total time for which application threads were stopped: 0.0044380 seconds, Stopping threads took: 0.0015710 seconds
102.094: Application time: 0.0930550 seconds
102.097: [GC102.097: [ParNew: 107504K->7190K(112448K), 0.0026840 secs] 149327K->49070K(364160K), 0.0027310 secs] [Times: user=0.02 sys=0.00, real=0.01 secs] 
102.100: Total time for which application threads were stopped: 0.0054850 seconds, Stopping threads took: 0.0026600 seconds
102.195: Application time: 0.0949760 seconds
102.198: [GC102.198: [ParNew: 107158K->6384K(112448K), 0.0020840 secs] 149038K->48349K(364160K), 0.0021290 secs] [Times: user=0.02 sys=0.00, real=0.01 secs] 
102.200: Total time for which application threads were stopped: 0.0048860 seconds, Stopping threads took: 0.0026860 seconds
102.294: Application time: 0.0939420 seconds
102.295: [GC102.295: [ParNew: 106352K->6219K(112448K), 0.0020810 secs] 148317K->48213K(364160K), 0.0021270 secs] [Times: user=0.02 sys=0.00, real=0.00 secs] 
102.297: Total time for which application threads were stopped: 0.0036690 seconds, Stopping threads took: 0.0014690 seconds
102.396: Application time: 0.0986960 seconds
102.399: [GC102.399: [ParNew: 106187K->7427K(112448K), 0.0024410 secs] 148181K->49420K(364160K), 0.0024840 secs] [Times: user=0.02 sys=0.00, real=0.01 secs] 
102.401: Total time for which application threads were stopped: 0.0051400 seconds, Stopping threads took: 0.0025630 seconds
102.495: Application time: 0.0936320 seconds
102.497: [GC102.497: [ParNew: 107394K->6305K(112448K), 0.0021230 secs] 149387K->48327K(364160K), 0.0021660 secs] [Times: user=0.01 sys=0.00, real=0.00 secs] 
102.499: Total time for which application threads were stopped: 0.0042140 seconds, Stopping threads took: 0.0019430 seconds
102.594: Application time: 0.0947920 seconds
102.596: [GC102.596: [ParNew: 106273K->7196K(112448K), 0.0023990 secs] 148295K->49275K(364160K), 0.0024450 secs] [Times: user=0.01 sys=0.00, real=0.00 secs] 
102.599: Total time for which application threads were stopped: 0.0047510 seconds, Stopping threads took: 0.0022250 seconds
102.692: Application time: 0.0936410 seconds
102.694: [GC102.694: [ParNew: 107164K->7117K(112448K), 0.0026140 secs] 149243K->49310K(364160K), 0.0026660 secs] [Times: user=0.02 sys=0.00, real=0.00 secs] 
102.697: Total time for which application threads were stopped: 0.0048920 seconds, Stopping threads took: 0.0021540 seconds
102.790: Application time: 0.0931910 seconds
102.793: [GC102.793: [ParNew: 107085K->6433K(112448K), 0.0021050 secs] 149278K->48655K(364160K), 0.0021510 secs] [Times: user=0.02 sys=0.00, real=0.00 secs] 
102.795: Total time for which application threads were stopped: 0.0048700 seconds, Stopping threads took: 0.0026260 seconds
102.893: Application time: 0.0982360 seconds
102.896: [GC102.896: [ParNew: 106401K->7453K(112448K), 0.0025950 secs] 148623K->49675K(364160K), 0.0026390 secs] [Times: user=0.02 sys=0.00, real=0.00 secs] 
102.899: Total time for which application threads were stopped: 0.0053960 seconds, Stopping threads took: 0.0026810 seconds
102.996: Application time: 0.0973110 seconds
102.999: [GC102.999: [ParNew: 107420K->7964K(112448K), 0.0027780 secs] 149642K->50214K(364160K), 0.0028210 secs] [Times: user=0.02 sys=0.00, real=0.01 secs] 
103.002: Total time for which application threads were stopped: 0.0053530 seconds, Stopping threads took: 0.0024340 seconds
103.098: Application time: 0.0969720 seconds
103.101: [GC103.101: [ParNew: 107932K->6695K(112448K), 0.0024060 secs] 150182K->49002K(364160K), 0.0024490 secs] [Times: user=0.02 sys=0.00, real=0.00 secs] 
103.103: Total time for which application threads were stopped: 0.0046900 seconds, Stopping threads took: 0.0021490 seconds
103.202: Application time: 0.0984320 seconds
103.204: [GC103.204: [ParNew: 106663K->6627K(112448K), 0.0022300 secs] 148970K->49048K(364160K), 0.0022770 secs] [Times: user=0.01 sys=0.00, real=0.00 secs] 
103.206: Total time for which application threads were stopped: 0.0044350 seconds, Stopping threads took: 0.0020650 seconds
103.302: Application time: 0.0961410 seconds
103.305: [GC103.305: [ParNew: 106595K->6167K(112448K), 0.0020100 secs] 149016K->48588K(364160K), 0.0020660 secs] [Times: user=0.01 sys=0.00, real=0.00 secs] 
103.307: Total time for which application threads were stopped: 0.0047850 seconds, Stopping threads took: 0.0026460 seconds
103.401: Application time: 0.0936190 seconds
103.402: [GC103.402: [ParNew: 106134K->7196K(112448K), 0.0024900 secs] 148555K->49618K(364160K), 0.0025310 secs] [Times: user=0.02 sys=0.00, real=0.00 secs] 
103.405: Total time for which application threads were stopped: 0.0043480 seconds, Stopping threads took: 0.0017430 seconds
103.499: Application time: 0.0938510 seconds
103.501: [GC103.501: [ParNew: 107164K->7163K(112448K), 0.0025320 secs] 149586K->49613K(364160K), 0.0025780 secs] [Times: user=0.01 sys=0.00, real=0.00 secs] 
103.504: Total time for which application threads were stopped: 0.0049510 seconds, Stopping threads took: 0.0022910 seconds
103.602: Application time: 0.0978680 seconds
103.603: [GC103.603: [ParNew: 107131K->6212K(112448K), 0.0020860 secs] 149581K->48747K(364160K), 0.0021310 secs] [Times: user=0.01 sys=0.00, real=0.00 secs] 
103.606: Total time for which application threads were stopped: 0.0039480 seconds, Stopping threads took: 0.0017440 seconds
103.700: Application time: 0.0943710 seconds
103.701: [GC103.701: [ParNew: 106180K->6328K(112448K), 0.0022090 secs] 148715K->48864K(364160K), 0.0022560 secs] [Times: user=0.01 sys=0.00, real=0.00 secs] 
103.703: Total time for which application threads were stopped: 0.0032610 seconds, Stopping threads took: 0.0009320 seconds
103.796: Application time: 0.0925690 seconds
103.798: [GC103.798: [ParNew: 106296K->7701K(112448K), 0.0025940 secs] 148832K->50322K(364160K), 0.0026400 secs] [Times: user=0.02 sys=0.00, real=0.01 secs] 
103.801: Total time for which application threads were stopped: 0.0051630 seconds, Stopping threads took: 0.0024510 seconds
103.902: Application time: 0.1013360 seconds
103.906: [GC103.906: [ParNew: 107669K->6719K(112448K), 0.0023810 secs] 150290K->49397K(364160K), 0.0024260 secs] [Times: user=0.02 sys=0.00, real=0.01 secs] 
103.908: Total time for which application threads were stopped: 0.0056660 seconds, Stopping threads took: 0.0031680 seconds
104.005: Application time: 0.0966910 seconds
104.008: [GC104.008: [ParNew: 106687K->5687K(112448K), 0.0020360 secs] 149365K->48365K(364160K), 0.0020810 secs] [Times: user=0.02 sys=0.00, real=0.00 secs] 
104.010: Total time for which application threads were stopped: 0.0051390 seconds, Stopping threads took: 0.0029780 seconds
104.104: Application time: 0.0942430 seconds
104.106: [GC104.107: [ParNew: 105655K->6853K(112448K), 0.0022610 secs] 148333K->49531K(364160K), 0.0023090 secs] [Times: user=0.02 sys=0.00, real=0.01 secs] 
104.109: Total time for which application threads were stopped: 0.0047910 seconds, Stopping threads took: 0.0023870 seconds
104.208: Application time: 0.0993090 seconds
104.211: [GC104.211: [ParNew: 106821K->6897K(112448K), 0.0023510 secs] 149499K->49718K(364160K), 0.0023950 secs] [Times: user=0.02 sys=0.00, real=0.00 secs] 
104.214: Total time for which application threads were stopped: 0.0056160 seconds, Stopping threads took: 0.0031300 seconds
104.310: Application time: 0.0960920 seconds
104.313: [GC104.313: [ParNew: 106865K->7041K(112448K), 0.0023120 secs] 149686K->49918K(364160K), 0.0023580 secs] [Times: user=0.02 sys=0.00, real=0.00 secs] 
104.315: Total time for which application threads were stopped: 0.0055530 seconds, Stopping threads took: 0.0031220 seconds
104.416: Application time: 0.1002710 seconds
104.418: [GC104.418: [ParNew: 107009K->7545K(112448K), 0.0025330 secs] 149886K->50451K(364160K), 0.0025780 secs] [Times: user=0.02 sys=0.00, real=0.01 secs] 
104.421: Total time for which application threads were stopped: 0.0050690 seconds, Stopping threads took: 0.0024210 seconds
104.516: Application time: 0.0955300 seconds
104.518: [GC104.518: [ParNew: 107513K->6307K(112448K), 0.0022330 secs] 150419K->49214K(364160K), 0.0022870 secs] [Times: user=0.01 sys=0.00, real=0.01 secs] 
104.520: Total time for which application threads were stopped: 0.0037950 seconds, Stopping threads took: 0.0014270 seconds
104.613: Application time: 0.0926990 seconds
104.616: [GC104.616: [ParNew: 106275K->7283K(112448K), 0.0024960 secs] 149182K->50275K(364160K), 0.0025390 secs] [Times: user=0.01 sys=0.00, real=0.00 secs] 
104.618: Total time for which application threads were stopped: 0.0055350 seconds, Stopping threads took: 0.0029250 seconds
104.713: Application time: 0.0946040 seconds
104.715: [GC104.715: [ParNew: 107251K->6854K(112448K), 0.0022830 secs] 150243K->49903K(364160K), 0.0023310 secs] [Times: user=0.02 sys=0.00, real=0.00 secs] 
104.718: Total time for which application threads were stopped: 0.0048680 seconds, Stopping threads took: 0.0024620 seconds
104.815: Application time: 0.0976320 seconds
104.817: [GC104.817: [ParNew: 106822K->7642K(112448K), 0.0025400 secs] 149871K->50748K(364160K), 0.0025960 secs] [Times: user=0.02 sys=0.00, real=0.01 secs] 
104.819: Total time for which application threads were stopped: 0.0038880 seconds, Stopping threads took: 0.0012000 seconds
104.918: Application time: 0.0988090 seconds
104.919: [GC104.919: [ParNew: 107610K->5829K(112448K), 0.0019150 secs] 150716K->48964K(364160K), 0.0019580 secs] [Times: user=0.01 sys=0.00, real=0.01 secs] 
104.921: Total time for which application threads were stopped: 0.0024080 seconds, Stopping threads took: 0.0003800 seconds
105.016: Application time: 0.0954360 seconds
105.019: [GC105.019: [ParNew: 105797K->7657K(112448K), 0.0027170 secs] 148932K->50791K(364160K), 0.0027620 secs] [Times: user=0.02 sys=0.00, real=0.01 secs] 
105.022: Total time for which application threads were stopped: 0.0057630 seconds, Stopping threads took: 0.0029220 seconds
105.117: Application time: 0.0951480 seconds
105.120: [GC105.120: [ParNew: 107625K->7651K(112448K), 0.0027490 secs] 150759K->50871K(364160K), 0.0027950 secs] [Times: user=0.02 sys=0.00, real=0.00 secs] 
105.122: Total time for which application threads were stopped: 0.0054970 seconds, Stopping threads took: 0.0026110 seconds
105.221: Application time: 0.0981550 seconds
105.223: [GC105.223: [ParNew: 107619K->6736K(112448K), 0.0023240 secs] 150839K->49956K(364160K), 0.0023660 secs] [Times: user=0.02 sys=0.00, real=0.00 secs] 
105.225: Total time for which application threads were stopped: 0.0048670 seconds, Stopping threads took: 0.0024110 seconds
105.330: Application time: 0.1048860 seconds
105.331: [GC105.331: [ParNew: 106704K->3515K(112448K), 0.0012650 secs] 149924K->46848K(364160K), 0.0013060 secs] [Times: user=0.01 sys=0.00, real=0.00 secs] 
105.332: Total time for which application threads were stopped: 0.0018390 seconds, Stopping threads took: 0.0004520 seconds
105.431: Application time: 0.0986370 seconds
105.433: [GC105.433: [ParNew: 103483K->6759K(112448K), 0.0021910 secs] 146816K->50093K(364160K), 0.0022330 secs] [Times: user=0.01 sys=0.01, real=0.00 secs] 
105.435: Total time for which application threads were stopped: 0.0045860 seconds, Stopping threads took: 0.0022640 seconds
105.529: Application time: 0.0940960 seconds
105.531: [GC105.531: [ParNew: 106727K->6042K(112448K), 0.0019580 secs] 150061K->49404K(364160K), 0.0020000 secs] [Times: user=0.02 sys=0.00, real=0.00 secs] 
105.534: Total time for which application threads were stopped: 0.0040350 seconds, Stopping threads took: 0.0019350 seconds
105.621: Application time: 0.0871500 seconds
105.622: [GC105.622: [ParNew: 106010K->6998K(112448K), 0.0022750 secs] 149372K->50361K(364160K), 0.0023200 secs] [Times: user=0.01 sys=0.00, real=0.00 secs] 
105.625: Total time for which application threads were stopped: 0.0039170 seconds, Stopping threads took: 0.0015240 seconds
105.713: Application time: 0.0886580 seconds
105.716: [GC105.716: [ParNew: 106966K->7683K(112448K), 0.0026090 secs] 150329K->51131K(364160K), 0.0026530 secs] [Times: user=0.01 sys=0.00, real=0.00 secs] 
105.718: Total time for which application threads were stopped: 0.0052420 seconds, Stopping threads took: 0.0025180 seconds
105.811: Application time: 0.0929550 seconds
105.813: [GC105.813: [ParNew: 107651K->7612K(112448K), 0.0025320 secs] 151099K->51174K(364160K), 0.0025850 secs] [Times: user=0.02 sys=0.00, real=0.00 secs] 
105.816: Total time for which application threads were stopped: 0.0044060 seconds, Stopping threads took: 0.0017500 seconds
105.904: Application time: 0.0877780 seconds
105.905: [GC105.906: [ParNew: 107580K->7336K(112448K), 0.0025260 secs] 151142K->50927K(364160K), 0.0025710 secs] [Times: user=0.02 sys=0.00, real=0.01 secs] 
105.908: Total time for which application threads were stopped: 0.0044610 seconds, Stopping threads took: 0.0018190 seconds
105.998: Application time: 0.0900200 seconds
106.001: [GC106.001: [ParNew: 107304K->7547K(112448K), 0.0025090 secs] 150895K->51138K(364160K), 0.0025530 secs] [Times: user=0.02 sys=0.00, real=0.00 secs] 
106.004: Total time for which application threads were stopped: 0.0055850 seconds, Stopping threads took: 0.0029650 seconds
106.090: Application time: 0.0866250 seconds
106.093: [GC106.093: [ParNew: 107515K->7115K(112448K), 0.0025290 secs] 151106K->50705K(364160K), 0.0025740 secs] [Times: user=0.02 sys=0.00, real=0.00 secs] 
106.096: Total time for which application threads were stopped: 0.0055010 seconds, Stopping threads took: 0.0028400 seconds
106.186: Application time: 0.0905790 seconds
106.190: [GC106.190: [ParNew: 107083K->5993K(112448K), 0.0020160 secs] 150673K->49669K(364160K), 0.0020610 secs] [Times: user=0.01 sys=0.00, real=0.00 secs] 
106.192: Total time for which application threads were stopped: 0.0052310 seconds, Stopping threads took: 0.0031010 seconds
106.282: Application time: 0.0901390 seconds
106.283: [GC106.283: [ParNew: 105961K->6000K(112448K), 0.0019510 secs] 149637K->49676K(364160K), 0.0019990 secs] [Times: user=0.02 sys=0.00, real=0.00 secs] 
106.285: Total time for which application threads were stopped: 0.0030480 seconds, Stopping threads took: 0.0009550 seconds
106.375: Application time: 0.0896970 seconds
106.377: [GC106.378: [ParNew: 105968K->5901K(112448K), 0.0019400 secs] 149644K->49577K(364160K), 0.0019820 secs] [Times: user=0.01 sys=0.00, real=0.01 secs] 
106.380: Total time for which application threads were stopped: 0.0049750 seconds, Stopping threads took: 0.0029270 seconds
106.468: Application time: 0.0889050 seconds
106.470: [GC106.471: [ParNew: 105869K->6877K(112448K), 0.0022880 secs] 149545K->50553K(364160K), 0.0023340 secs] [Times: user=0.01 sys=0.00, real=0.00 secs] 
106.473: Total time for which application threads were stopped: 0.0044280 seconds, Stopping threads took: 0.0020230 seconds
106.563: Application time: 0.0898660 seconds
106.566: [GC106.566: [ParNew: 106845K->7780K(112448K), 0.0027240 secs] 150521K->51599K(364160K), 0.0027690 secs] [Times: user=0.02 sys=0.00, real=0.01 secs] 
106.568: Total time for which application threads were stopped: 0.0057110 seconds, Stopping threads took: 0.0028730 seconds
106.659: Application time: 0.0905970 seconds
106.662: [GC106.662: [ParNew: 107748K->7544K(112448K), 0.0025270 secs] 151567K->51448K(364160K), 0.0025710 secs] [Times: user=0.02 sys=0.00, real=0.00 secs] 
106.665: Total time for which application threads were stopped: 0.0057260 seconds, Stopping threads took: 0.0030760 seconds
106.755: Application time: 0.0906490 seconds
106.758: [GC106.758: [ParNew: 107512K->6177K(112448K), 0.0020660 secs] 151416K->50167K(364160K), 0.0021100 secs] [Times: user=0.01 sys=0.00, real=0.01 secs] 
106.760: Total time for which application threads were stopped: 0.0046110 seconds, Stopping threads took: 0.0024320 seconds
106.850: Application time: 0.0898420 seconds
106.853: [GC106.853: [ParNew: 106145K->6438K(112448K), 0.0020980 secs] 150135K->50427K(364160K), 0.0021390 secs] [Times: user=0.01 sys=0.00, real=0.00 secs] 
106.855: Total time for which application threads were stopped: 0.0048950 seconds, Stopping threads took: 0.0026870 seconds
106.945: Application time: 0.0903430 seconds
106.948: [GC106.948: [ParNew: 106406K->7516K(112448K), 0.0025000 secs] 150395K->51562K(364160K), 0.0025500 secs] [Times: user=0.01 sys=0.00, real=0.00 secs] 
106.950: Total time for which application threads were stopped: 0.0049820 seconds, Stopping threads took: 0.0023630 seconds
107.041: Application time: 0.0907830 seconds
107.042: [GC107.042: [ParNew: 107484K->7371K(112448K), 0.0024250 secs] 151530K->51417K(364160K), 0.0024690 secs] [Times: user=0.01 sys=0.00, real=0.00 secs] 
107.045: Total time for which application threads were stopped: 0.0039240 seconds, Stopping threads took: 0.0013870 seconds
107.133: Application time: 0.0879520 seconds
107.135: [GC107.135: [ParNew: 107339K->6681K(112448K), 0.0022740 secs] 151385K->50814K(364160K), 0.0023170 secs] [Times: user=0.01 sys=0.00, real=0.00 secs] 
107.137: Total time for which application threads were stopped: 0.0041580 seconds, Stopping threads took: 0.0017720 seconds
107.227: Application time: 0.0905910 seconds
107.231: [GC107.231: [ParNew: 106649K->6955K(112448K), 0.0023290 secs] 150782K->51173K(364160K), 0.0023770 secs] [Times: user=0.01 sys=0.00, real=0.00 secs] 
107.233: Total time for which application threads were stopped: 0.0054230 seconds, Stopping threads took: 0.0029720 seconds
107.321: Application time: 0.0882210 seconds
107.324: [GC107.324: [ParNew: 106923K->6459K(112448K), 0.0021840 secs] 151141K->50705K(364160K), 0.0022270 secs] [Times: user=0.01 sys=0.00, real=0.00 secs] 
107.326: Total time for which application threads were stopped: 0.0046960 seconds, Stopping threads took: 0.0023990 seconds
107.418: Application time: 0.0919240 seconds
107.420: [GC107.420: [ParNew: 106427K->6083K(112448K), 0.0021950 secs] 150673K->50358K(364160K), 0.0022390 secs] [Times: user=0.02 sys=0.00, real=0.00 secs] 
107.422: Total time for which application threads were stopped: 0.0045600 seconds, Stopping threads took: 0.0022490 seconds
107.511: Application time: 0.0890980 seconds
107.514: [GC107.514: [ParNew: 106051K->7353K(112448K), 0.0024990 secs] 150326K->51628K(364160K), 0.0025430 secs] [Times: user=0.02 sys=0.00, real=0.00 secs] 
107.516: Total time for which application threads were stopped: 0.0049430 seconds, Stopping threads took: 0.0023120 seconds
107.610: Application time: 0.0935600 seconds
107.616: [GC107.616: [ParNew: 107321K->5809K(112448K), 0.0022130 secs] 151596K->50170K(364160K), 0.0022560 secs] [Times: user=0.01 sys=0.00, real=0.00 secs] 
107.618: Total time for which application threads were stopped: 0.0079860 seconds, Stopping threads took: 0.0056530 seconds
107.709: Application time: 0.0915030 seconds
107.712: [GC107.712: [ParNew: 105777K->7174K(112448K), 0.0024210 secs] 150138K->51535K(364160K), 0.0024820 secs] [Times: user=0.02 sys=0.00, real=0.00 secs] 
107.715: Total time for which application threads were stopped: 0.0054850 seconds, Stopping threads took: 0.0029340 seconds
107.804: Application time: 0.0887560 seconds
107.806: [GC107.806: [ParNew: 107142K->6947K(112448K), 0.0026470 secs] 151503K->51422K(364160K), 0.0026940 secs] [Times: user=0.02 sys=0.00, real=0.01 secs] 
107.809: Total time for which application threads were stopped: 0.0048210 seconds, Stopping threads took: 0.0020470 seconds
107.897: Application time: 0.0883020 seconds
107.899: [GC107.899: [ParNew: 106915K->6876K(112448K), 0.0022330 secs] 151390K->51379K(364160K), 0.0022790 secs] [Times: user=0.01 sys=0.00, real=0.01 secs] 
107.901: Total time for which application threads were stopped: 0.0040940 seconds, Stopping threads took: 0.0017440 seconds
107.990: Application time: 0.0888750 seconds
107.991: [GC107.991: [ParNew: 106844K->7195K(112448K), 0.0023290 secs] 151347K->51698K(364160K), 0.0023740 secs] [Times: user=0.02 sys=0.00, real=0.00 secs] 
107.993: Total time for which application threads were stopped: 0.0035440 seconds, Stopping threads took: 0.0011000 seconds
108.085: Application time: 0.0920750 seconds
108.087: [GC108.087: [ParNew: 107163K->5133K(112448K), 0.0019980 secs] 151666K->49722K(364160K), 0.0020450 secs] [Times: user=0.01 sys=0.01, real=0.01 secs] 
108.089: Total time for which application threads were stopped: 0.0039220 seconds, Stopping threads took: 0.0018090 seconds
108.176: Application time: 0.0864610 seconds
108.178: [GC108.178: [ParNew: 105101K->6781K(112448K), 0.0021900 secs] 149690K->51370K(364160K), 0.0022440 secs] [Times: user=0.02 sys=0.00, real=0.01 secs] 
108.180: Total time for which application threads were stopped: 0.0040690 seconds, Stopping threads took: 0.0017560 seconds
108.268: Application time: 0.0876660 seconds
108.269: [GC108.269: [ParNew: 106749K->7485K(112448K), 0.0025360 secs] 151338K->52187K(364160K), 0.0025800 secs] [Times: user=0.02 sys=0.00, real=0.00 secs] 
108.272: Total time for which application threads were stopped: 0.0041860 seconds, Stopping threads took: 0.0015370 seconds
108.363: Application time: 0.0911270 seconds
108.365: [GC108.365: [ParNew: 107453K->7635K(112448K), 0.0024950 secs] 152155K->52366K(364160K), 0.0025390 secs] [Times: user=0.02 sys=0.00, real=0.01 secs] 
108.368: Total time for which application threads were stopped: 0.0048530 seconds, Stopping threads took: 0.0022370 seconds
108.458: Application time: 0.0903050 seconds
108.460: [GC108.460: [ParNew: 107603K->7045K(112448K), 0.0027810 secs] 152334K->51776K(364160K), 0.0028270 secs] [Times: user=0.01 sys=0.00, real=0.00 secs] 
108.463: Total time for which application threads were stopped: 0.0049730 seconds, Stopping threads took: 0.0020670 seconds
108.555: Application time: 0.0918940 seconds
108.557: [GC108.557: [ParNew: 107013K->6984K(112448K), 0.0022610 secs] 151744K->51744K(364160K), 0.0023050 secs] [Times: user=0.01 sys=0.00, real=0.00 secs] 
108.559: Total time for which application threads were stopped: 0.0040020 seconds, Stopping threads took: 0.0016260 seconds
108.646: Application time: 0.0875780 seconds
108.650: [GC108.650: [ParNew: 106952K->7000K(112448K), 0.0022820 secs] 151712K->51817K(364160K), 0.0023290 secs] [Times: user=0.01 sys=0.00, real=0.00 secs] 
108.652: Total time for which application threads were stopped: 0.0054670 seconds, Stopping threads took: 0.0030610 seconds
108.740: Application time: 0.0881650 seconds
108.742: [GC108.742: [ParNew: 106968K->7400K(112448K), 0.0025700 secs] 151785K->52302K(364160K), 0.0026160 secs] [Times: user=0.02 sys=0.00, real=0.00 secs] 
108.745: Total time for which application threads were stopped: 0.0046880 seconds, Stopping threads took: 0.0019800 seconds
108.835: Application time: 0.0903240 seconds
108.837: [GC108.837: [ParNew: 107368K->5333K(112448K), 0.0018200 secs] 152270K->50293K(364160K), 0.0018610 secs] [Times: user=0.01 sys=0.00, real=0.00 secs] 
108.839: Total time for which application threads were stopped: 0.0038350 seconds, Stopping threads took: 0.0018830 seconds
108.929: Application time: 0.0903370 seconds
108.931: [GC108.931: [ParNew: 105301K->6239K(112448K), 0.0021330 secs] 150261K->51198K(364160K), 0.0021780 secs] [Times: user=0.01 sys=0.00, real=0.00 secs] 
108.933: Total time for which application threads were stopped: 0.0034260 seconds, Stopping threads took: 0.0011480 seconds
109.026: Application time: 0.0933150 seconds
109.029: [GC109.029: [ParNew: 106207K->7448K(112448K), 0.0024500 secs] 151166K->52408K(364160K), 0.0024950 secs] [Times: user=0.02 sys=0.00, real=0.00 secs] 
109.031: Total time for which application threads were stopped: 0.0052350 seconds, Stopping threads took: 0.0026600 seconds
109.121: Application time: 0.0896810 seconds
109.122: [GC109.122: [ParNew: 107416K->5756K(112448K), 0.0020020 secs] 152376K->50801K(364160K), 0.0020450 secs] [Times: user=0.02 sys=0.00, real=0.00 secs] 
109.124: Total time for which application threads were stopped: 0.0032360 seconds, Stopping threads took: 0.0011210 seconds
109.212: Application time: 0.0882130 seconds
109.214: [GC109.214: [ParNew: 105724K->6547K(112448K), 0.0022790 secs] 150769K->51592K(364160K), 0.0023220 secs] [Times: user=0.02 sys=0.00, real=0.00 secs] 
109.217: Total time for which application threads were stopped: 0.0041450 seconds, Stopping threads took: 0.0017540 seconds
109.309: Application time: 0.0925870 seconds
109.312: [GC109.312: [ParNew: 106515K->5697K(112448K), 0.0019030 secs] 151560K->50856K(364160K), 0.0019440 secs] [Times: user=0.01 sys=0.00, real=0.00 secs] 
109.314: Total time for which application threads were stopped: 0.0047230 seconds, Stopping threads took: 0.0027010 seconds
109.406: Application time: 0.0926010 seconds
109.408: [GC109.408: [ParNew: 105665K->6075K(112448K), 0.0021430 secs] 150824K->51234K(364160K), 0.0021890 secs] [Times: user=0.02 sys=0.00, real=0.00 secs] 
109.411: Total time for which application threads were stopped: 0.0040940 seconds, Stopping threads took: 0.0018350 seconds
109.506: Application time: 0.0950030 seconds
109.508: [GC109.508: [ParNew: 106043K->7346K(112448K), 0.0024870 secs] 151202K->52505K(364160K), 0.0025350 secs] [Times: user=0.02 sys=0.00, real=0.00 secs] 
109.510: Total time for which application threads were stopped: 0.0047600 seconds, Stopping threads took: 0.0021220 seconds
109.607: Application time: 0.0969000 seconds
109.610: [GC109.610: [ParNew: 107314K->7994K(112448K), 0.0026540 secs] 152473K->53267K(364160K), 0.0027030 secs] [Times: user=0.02 sys=0.00, real=0.00 secs] 
109.613: Total time for which application threads were stopped: 0.0057530 seconds, Stopping threads took: 0.0029810 seconds
109.714: Application time: 0.1006890 seconds
109.716: [GC109.716: [ParNew: 107962K->5907K(112448K), 0.0020270 secs] 153235K->51265K(364160K), 0.0020690 secs] [Times: user=0.01 sys=0.00, real=0.00 secs] 
109.718: Total time for which application threads were stopped: 0.0042130 seconds, Stopping threads took: 0.0020520 seconds
109.812: Application time: 0.0945670 seconds
109.815: [GC109.815: [ParNew: 105875K->6068K(112448K), 0.0019730 secs] 151233K->51426K(364160K), 0.0020200 secs] [Times: user=0.02 sys=0.00, real=0.00 secs] 
109.817: Total time for which application threads were stopped: 0.0049830 seconds, Stopping threads took: 0.0028910 seconds
109.911: Application time: 0.0931010 seconds
109.913: [GC109.913: [ParNew: 106036K->7062K(112448K), 0.0022970 secs] 151394K->52420K(364160K), 0.0023410 secs] [Times: user=0.01 sys=0.00, real=0.00 secs] 
109.915: Total time for which application threads were stopped: 0.0047240 seconds, Stopping threads took: 0.0023010 seconds
110.010: Application time: 0.0945440 seconds
110.012: [GC110.012: [ParNew: 107030K->6364K(112448K), 0.0022530 secs] 152388K->51780K(364160K), 0.0022950 secs] [Times: user=0.02 sys=0.00, real=0.00 secs] 
110.014: Total time for which application threads were stopped: 0.0046340 seconds, Stopping threads took: 0.0022400 seconds
110.110: Application time: 0.0950840 seconds
110.112: [GC110.112: [ParNew: 106332K->5733K(112448K), 0.0018770 secs] 151748K->51234K(364160K), 0.0019200 secs] [Times: user=0.02 sys=0.00, real=0.00 secs] 
110.114: Total time for which application threads were stopped: 0.0043170 seconds, Stopping threads took: 0.0023230 seconds
110.208: Application time: 0.0937480 seconds
110.210: [GC110.210: [ParNew: 105701K->7501K(112448K), 0.0025770 secs] 151202K->53002K(364160K), 0.0026240 secs] [Times: user=0.02 sys=0.00, real=0.00 secs] 
110.212: Total time for which application threads were stopped: 0.0046000 seconds, Stopping threads took: 0.0019050 seconds
110.305: Application time: 0.0931580 seconds
110.307: [GC110.307: [ParNew: 107469K->7282K(112448K), 0.0025870 secs] 152970K->52897K(364160K), 0.0026320 secs] [Times: user=0.02 sys=0.00, real=0.00 secs] 
110.310: Total time for which application threads were stopped: 0.0045940 seconds, Stopping threads took: 0.0018890 seconds
110.405: Application time: 0.0954660 seconds
110.408: [GC110.408: [ParNew: 107248K->6989K(112448K), 0.0022750 secs] 152863K->52633K(364160K), 0.0023200 secs] [Times: user=0.02 sys=0.00, real=0.00 secs] 
110.410: Total time for which application threads were stopped: 0.0044940 seconds, Stopping threads took: 0.0021050 seconds
110.503: Application time: 0.0929880 seconds
110.505: [GC110.505: [ParNew: 106957K->6998K(112448K), 0.0024020 secs] 152601K->52642K(364160K), 0.0024500 secs] [Times: user=0.02 sys=0.00, real=0.01 secs] 
110.508: Total time for which application threads were stopped: 0.0049950 seconds, Stopping threads took: 0.0024630 seconds
110.603: Application time: 0.0950900 seconds
110.606: [GC110.606: [ParNew: 106966K->7926K(112448K), 0.0025820 secs] 152610K->53655K(364160K), 0.0026380 secs] [Times: user=0.02 sys=0.00, real=0.01 secs] 
110.609: Total time for which application threads were stopped: 0.0055930 seconds, Stopping threads took: 0.0028750 seconds
110.706: Application time: 0.0969670 seconds
110.708: [GC110.708: [ParNew: 107894K->6310K(112448K), 0.0020860 secs] 153623K->52068K(364160K), 0.0021340 secs] [Times: user=0.02 sys=0.00, real=0.00 secs] 
110.710: Total time for which application threads were stopped: 0.0047560 seconds, Stopping threads took: 0.0025490 seconds
110.805: Application time: 0.0947990 seconds
110.807: [GC110.807: [ParNew: 106278K->6260K(112448K), 0.0020640 secs] 152036K->52103K(364160K), 0.0021100 secs] [Times: user=0.02 sys=0.00, real=0.01 secs] 
110.809: Total time for which application threads were stopped: 0.0040960 seconds, Stopping threads took: 0.0019140 seconds
110.906: Application time: 0.0965850 seconds
110.908: [GC110.908: [ParNew: 106228K->4822K(112448K), 0.0016740 secs] 152071K->50694K(364160K), 0.0017140 secs] [Times: user=0.02 sys=0.00, real=0.00 secs] 
110.909: Total time for which application threads were stopped: 0.0034620 seconds, Stopping threads took: 0.0016760 seconds
111.004: Application time: 0.0948580 seconds
111.006: [GC111.006: [ParNew: 104790K->6082K(112448K), 0.0019330 secs] 150662K->51954K(364160K), 0.0019780 secs] [Times: user=0.01 sys=0.00, real=0.01 secs] 
111.008: Total time for which application threads were stopped: 0.0042710 seconds, Stopping threads took: 0.0022220 seconds
111.105: Application time: 0.0964820 seconds
111.108: [GC111.108: [ParNew: 106050K->6957K(112448K), 0.0023610 secs] 151922K->52829K(364160K), 0.0024070 secs] [Times: user=0.02 sys=0.00, real=0.00 secs] 
111.110: Total time for which application threads were stopped: 0.0053930 seconds, Stopping threads took: 0.0028860 seconds
111.203: Application time: 0.0929240 seconds
111.206: [GC111.206: [ParNew: 106925K->6977K(112448K), 0.0024070 secs] 152797K->52935K(364160K), 0.0024540 secs] [Times: user=0.02 sys=0.00, real=0.01 secs] 
111.208: Total time for which application threads were stopped: 0.0049950 seconds, Stopping threads took: 0.0024680 seconds
111.305: Application time: 0.0962860 seconds
111.307: [GC111.307: [ParNew: 106945K->6421K(112448K), 0.0021850 secs] 152903K->52492K(364160K), 0.0022310 secs] [Times: user=0.01 sys=0.01, real=0.01 secs] 
111.309: Total time for which application threads were stopped: 0.0047900 seconds, Stopping threads took: 0.0024850 seconds
111.406: Application time: 0.0964010 seconds
111.408: [GC111.408: [ParNew: 106389K->6265K(112448K), 0.0021720 secs] 152460K->52365K(364160K), 0.0022130 secs] [Times: user=0.02 sys=0.00, real=0.00 secs] 
111.410: Total time for which application threads were stopped: 0.0045880 seconds, Stopping threads took: 0.0023040 seconds
111.504: Application time: 0.0936850 seconds
111.506: [GC111.506: [ParNew: 106233K->7065K(112448K), 0.0023250 secs] 152333K->53165K(364160K), 0.0023700 secs] [Times: user=0.01 sys=0.00, real=0.01 secs] 
111.508: Total time for which application threads were stopped: 0.0043840 seconds, Stopping threads took: 0.0019410 seconds
111.605: Application time: 0.0965690 seconds
111.607: [GC111.607: [ParNew: 107033K->6983K(112448K), 0.0024220 secs] 153133K->53083K(364160K), 0.0024660 secs] [Times: user=0.02 sys=0.00, real=0.01 secs] 
111.610: Total time for which application threads were stopped: 0.0046050 seconds, Stopping threads took: 0.0020660 seconds
111.705: Application time: 0.0950600 seconds
111.707: [GC111.707: [ParNew: 106951K->7813K(112448K), 0.0026340 secs] 153051K->53999K(364160K), 0.0026770 secs] [Times: user=0.02 sys=0.01, real=0.01 secs] 
111.709: Total time for which application threads were stopped: 0.0047360 seconds, Stopping threads took: 0.0019530 seconds
111.804: Application time: 0.0950430 seconds
111.806: [GC111.806: [ParNew: 107781K->6447K(112448K), 0.0021470 secs] 153967K->52718K(364160K), 0.0021920 secs] [Times: user=0.02 sys=0.00, real=0.01 secs] 
111.809: Total time for which application threads were stopped: 0.0041470 seconds, Stopping threads took: 0.0018750 seconds
111.903: Application time: 0.0949580 seconds
111.905: [GC111.905: [ParNew: 106415K->6598K(112448K), 0.0024180 secs] 152686K->52926K(364160K), 0.0024630 secs] [Times: user=0.01 sys=0.00, real=0.01 secs] 
111.908: Total time for which application threads were stopped: 0.0042080 seconds, Stopping threads took: 0.0016730 seconds
112.006: Application time: 0.0983090 seconds
112.009: [GC112.009: [ParNew: 106566K->6465K(112448K), 0.0021250 secs] 152894K->52793K(364160K), 0.0021710 secs] [Times: user=0.02 sys=0.00, real=0.00 secs] 
112.011: Total time for which application threads were stopped: 0.0050270 seconds, Stopping threads took: 0.0027640 seconds
112.105: Application time: 0.0935850 seconds
112.107: [GC112.107: [ParNew: 106433K->6367K(112448K), 0.0023600 secs] 152761K->52695K(364160K), 0.0024050 secs] [Times: user=0.02 sys=0.00, real=0.01 secs] 
112.109: Total time for which application threads were stopped: 0.0047080 seconds, Stopping threads took: 0.0022300 seconds
112.207: Application time: 0.0978420 seconds
112.210: [GC112.210: [ParNew: 106335K->6239K(112448K), 0.0024340 secs] 152663K->52652K(364160K), 0.0024750 secs] [Times: user=0.02 sys=0.00, real=0.00 secs] 
112.213: Total time for which application threads were stopped: 0.0053550 seconds, Stopping threads took: 0.0027920 seconds
112.305: Application time: 0.0924880 seconds
112.308: [GC112.308: [ParNew: 106207K->7323K(112448K), 0.0024310 secs] 152620K->53736K(364160K), 0.0024790 secs] [Times: user=0.02 sys=0.00, real=0.00 secs] 
112.310: Total time for which application threads were stopped: 0.0050460 seconds, Stopping threads took: 0.0024950 seconds
112.403: Application time: 0.0926210 seconds
112.405: [GC112.405: [ParNew: 107291K->7009K(112448K), 0.0026360 secs] 153704K->53537K(364160K), 0.0026840 secs] [Times: user=0.02 sys=0.00, real=0.01 secs] 
112.408: Total time for which application threads were stopped: 0.0051610 seconds, Stopping threads took: 0.0023850 seconds
112.500: Application time: 0.0922020 seconds
112.502: [GC112.502: [ParNew: 106977K->7198K(112448K), 0.0023450 secs] 153505K->53754K(364160K), 0.0023900 secs] [Times: user=0.02 sys=0.00, real=0.00 secs] 
112.505: Total time for which application threads were stopped: 0.0045460 seconds, Stopping threads took: 0.0020830 seconds
112.599: Application time: 0.0947020 seconds
112.602: [GC112.602: [ParNew: 107166K->7196K(112448K), 0.0023240 secs] 153722K->53752K(364160K), 0.0023740 secs] [Times: user=0.02 sys=0.00, real=0.00 secs] 
112.604: Total time for which application threads were stopped: 0.0047190 seconds, Stopping threads took: 0.0022720 seconds
112.699: Application time: 0.0945360 seconds
112.702: [GC112.702: [ParNew: 107164K->7044K(112448K), 0.0022780 secs] 153720K->53685K(364160K), 0.0023280 secs] [Times: user=0.02 sys=0.00, real=0.00 secs] 
112.704: Total time for which application threads were stopped: 0.0055690 seconds, Stopping threads took: 0.0031700 seconds
112.798: Application time: 0.0933990 seconds
112.800: [GC112.800: [ParNew: 107012K->5707K(112448K), 0.0036190 secs] 153653K->52434K(364160K), 0.0036770 secs] [Times: user=0.01 sys=0.00, real=0.00 secs] 
112.803: Total time for which application threads were stopped: 0.0057490 seconds, Stopping threads took: 0.0019900 seconds
112.897: Application time: 0.0940630 seconds
112.899: [GC112.899: [ParNew: 105675K->6898K(112448K), 0.0023610 secs] 152402K->53626K(364160K), 0.0024070 secs] [Times: user=0.02 sys=0.00, real=0.01 secs] 
112.902: Total time for which application threads were stopped: 0.0041340 seconds, Stopping threads took: 0.0016550 seconds
112.997: Application time: 0.0957650 seconds
113.000: [GC113.000: [ParNew: 106866K->6969K(112448K), 0.0023920 secs] 153594K->53754K(364160K), 0.0024390 secs] [Times: user=0.02 sys=0.00, real=0.00 secs] 
113.003: Total time for which application threads were stopped: 0.0056330 seconds, Stopping threads took: 0.0031020 seconds
113.100: Application time: 0.0972620 seconds
113.102: [GC113.102: [ParNew: 106937K->7010K(112448K), 0.0023180 secs] 153722K->53795K(364160K), 0.0023730 secs] [Times: user=0.02 sys=0.00, real=0.00 secs] 
113.104: Total time for which application threads were stopped: 0.0043080 seconds, Stopping threads took: 0.0018650 seconds
113.199: Application time: 0.0944830 seconds
113.201: [GC113.201: [ParNew: 106978K->6211K(112448K), 0.0022650 secs] 153763K->53081K(364160K), 0.0023110 secs] [Times: user=0.02 sys=0.00, real=0.00 secs] 
113.204: Total time for which application threads were stopped: 0.0048380 seconds, Stopping threads took: 0.0024360 seconds
113.297: Application time: 0.0928860 seconds
113.298: [GC113.298: [ParNew: 106179K->7790K(112448K), 0.0025880 secs] 153049K->54660K(364160K), 0.0026330 secs] [Times: user=0.02 sys=0.00, real=0.01 secs] 
113.301: Total time for which application threads were stopped: 0.0043660 seconds, Stopping threads took: 0.0016610 seconds
113.397: Application time: 0.0957370 seconds
113.398: [GC113.399: [ParNew: 107758K->5444K(112448K), 0.0020990 secs] 154628K->52428K(364160K), 0.0021450 secs] [Times: user=0.01 sys=0.00, real=0.01 secs] 
113.401: Total time for which application threads were stopped: 0.0038580 seconds, Stopping threads took: 0.0016120 seconds
113.490: Application time: 0.0892400 seconds
113.493: [GC113.493: [ParNew: 105412K->7404K(112448K), 0.0024780 secs] 152396K->54388K(364160K), 0.0025230 secs] [Times: user=0.01 sys=0.00, real=0.00 secs] 
113.495: Total time for which application threads were stopped: 0.0053720 seconds, Stopping threads took: 0.0027550 seconds
113.584: Application time: 0.0888410 seconds
113.586: [GC113.586: [ParNew: 107372K->6038K(112448K), 0.0019260 secs] 154356K->53050K(364160K), 0.0019720 secs] [Times: user=0.01 sys=0.00, real=0.01 secs] 
113.588: Total time for which application threads were stopped: 0.0036790 seconds, Stopping threads took: 0.0016390 seconds
113.680: Application time: 0.0920340 seconds
113.681: [GC113.682: [ParNew: 106006K->6573K(112448K), 0.0021250 secs] 153018K->53585K(364160K), 0.0021700 secs] [Times: user=0.01 sys=0.00, real=0.00 secs] 
113.684: Total time for which application threads were stopped: 0.0038440 seconds, Stopping threads took: 0.0016050 seconds
113.773: Application time: 0.0894470 seconds
113.776: [GC113.776: [ParNew: 106541K->5847K(112448K), 0.0020290 secs] 153553K->53002K(364160K), 0.0020720 secs] [Times: user=0.01 sys=0.00, real=0.00 secs] 
113.778: Total time for which application threads were stopped: 0.0048910 seconds, Stopping threads took: 0.0027280 seconds
113.864: Application time: 0.0863260 seconds
113.866: [GC113.866: [ParNew: 105815K->6485K(112448K), 0.0023140 secs] 152970K->53640K(364160K), 0.0023580 secs] [Times: user=0.01 sys=0.00, real=0.01 secs] 
113.868: Total time for which application threads were stopped: 0.0040840 seconds, Stopping threads took: 0.0016550 seconds
113.958: Application time: 0.0893350 seconds
113.960: [GC113.960: [ParNew: 106453K->6757K(112448K), 0.0024160 secs] 153608K->53997K(364160K), 0.0024610 secs] [Times: user=0.02 sys=0.00, real=0.00 secs] 
113.962: Total time for which application threads were stopped: 0.0043690 seconds, Stopping threads took: 0.0018060 seconds
114.051: Application time: 0.0890520 seconds
114.054: [GC114.054: [ParNew: 106725K->7167K(112448K), 0.0025520 secs] 153965K->54408K(364160K), 0.0025980 secs] [Times: user=0.01 sys=0.00, real=0.00 secs] 
114.056: Total time for which application threads were stopped: 0.0050180 seconds, Stopping threads took: 0.0023420 seconds
114.146: Application time: 0.0893030 seconds
114.148: [GC114.148: [ParNew: 107135K->7585K(112448K), 0.0025090 secs] 154376K->54826K(364160K), 0.0025530 secs] [Times: user=0.02 sys=0.00, real=0.00 secs] 
114.151: Total time for which application threads were stopped: 0.0050540 seconds, Stopping threads took: 0.0024310 seconds
114.241: Application time: 0.0905350 seconds
114.243: [GC114.243: [ParNew: 107553K->7248K(112448K), 0.0024960 secs] 154794K->54575K(364160K), 0.0025410 secs] [Times: user=0.02 sys=0.00, real=0.00 secs] 
114.246: Total time for which application threads were stopped: 0.0047950 seconds, Stopping threads took: 0.0021820 seconds
114.333: Application time: 0.0872550 seconds
114.335: [GC114.335: [ParNew: 107216K->6830K(112448K), 0.0023260 secs] 154543K->54242K(364160K), 0.0023720 secs] [Times: user=0.02 sys=0.00, real=0.00 secs] 
114.338: Total time for which application threads were stopped: 0.0046790 seconds, Stopping threads took: 0.0022380 seconds
114.427: Application time: 0.0888850 seconds
114.429: [GC114.429: [ParNew: 106798K->6492K(112448K), 0.0021080 secs] 154210K->53933K(364160K), 0.0021530 secs] [Times: user=0.01 sys=0.00, real=0.00 secs] 
114.432: Total time for which application threads were stopped: 0.0047860 seconds, Stopping threads took: 0.0025640 seconds
114.521: Application time: 0.0892480 seconds
114.524: [GC114.524: [ParNew: 106460K->6784K(112448K), 0.0022130 secs] 153901K->54253K(364160K), 0.0022560 secs] [Times: user=0.02 sys=0.00, real=0.00 secs] 
114.526: Total time for which application threads were stopped: 0.0053390 seconds, Stopping threads took: 0.0030050 seconds
114.616: Application time: 0.0895090 seconds
114.618: [GC114.618: [ParNew: 106752K->6475K(112448K), 0.0022630 secs] 154221K->53943K(364160K), 0.0023080 secs] [Times: user=0.02 sys=0.00, real=0.01 secs] 
114.620: Total time for which application threads were stopped: 0.0048020 seconds, Stopping threads took: 0.0024240 seconds
114.710: Application time: 0.0897280 seconds
114.713: [GC114.713: [ParNew: 106443K->7218K(112448K), 0.0024270 secs] 153911K->54772K(364160K), 0.0024740 secs] [Times: user=0.02 sys=0.00, real=0.00 secs] 
114.715: Total time for which application threads were stopped: 0.0048440 seconds, Stopping threads took: 0.0022780 seconds
114.805: Application time: 0.0897940 seconds
114.806: [GC114.806: [ParNew: 107186K->6125K(112448K), 0.0021150 secs] 154740K->53765K(364160K), 0.0021600 secs] [Times: user=0.01 sys=0.00, real=0.01 secs] 
114.808: Total time for which application threads were stopped: 0.0036800 seconds, Stopping threads took: 0.0014470 seconds
114.900: Application time: 0.0917570 seconds
114.903: [GC114.903: [ParNew: 106093K->6134K(112448K), 0.0021460 secs] 153733K->53773K(364160K), 0.0021940 secs] [Times: user=0.02 sys=0.00, real=0.00 secs] 
114.906: Total time for which application threads were stopped: 0.0053540 seconds, Stopping threads took: 0.0030890 seconds
114.992: Application time: 0.0868040 seconds
114.994: [GC114.994: [ParNew: 106102K->6682K(112448K), 0.0024330 secs] 153741K->54322K(364160K), 0.0024770 secs] [Times: user=0.02 sys=0.00, real=0.00 secs] 
114.997: Total time for which application threads were stopped: 0.0041540 seconds, Stopping threads took: 0.0016120 seconds
115.087: Application time: 0.0907170 seconds
115.090: [GC115.090: [ParNew: 106650K->7811K(112448K), 0.0025260 secs] 154290K->55507K(364160K), 0.0025710 secs] [Times: user=0.02 sys=0.00, real=0.00 secs] 
115.093: Total time for which application threads were stopped: 0.0053110 seconds, Stopping threads took: 0.0026610 seconds
115.187: Application time: 0.0942740 seconds
115.188: [GC115.188: [ParNew: 107779K->5922K(112448K), 0.0019880 secs] 155475K->53705K(364160K), 0.0020320 secs] [Times: user=0.02 sys=0.00, real=0.00 secs] 
115.190: Total time for which application threads were stopped: 0.0034020 seconds, Stopping threads took: 0.0012990 seconds
115.281: Application time: 0.0904500 seconds
115.283: [GC115.283: [ParNew: 105890K->6484K(112448K), 0.0021210 secs] 153673K->54266K(364160K), 0.0021700 secs] [Times: user=0.01 sys=0.00, real=0.00 secs] 
115.285: Total time for which application threads were stopped: 0.0040720 seconds, Stopping threads took: 0.0018290 seconds
115.374: Application time: 0.0892860 seconds
115.377: [GC115.377: [ParNew: 106452K->6810K(112448K), 0.0022550 secs] 154234K->54707K(364160K), 0.0023010 secs] [Times: user=0.02 sys=0.00, real=0.00 secs] 
115.379: Total time for which application threads were stopped: 0.0050530 seconds, Stopping threads took: 0.0026630 seconds
115.468: Application time: 0.0890220 seconds
115.470: [GC115.470: [ParNew: 106778K->6907K(112448K), 0.0022550 secs] 154675K->54832K(364160K), 0.0023080 secs] [Times: user=0.01 sys=0.00, real=0.00 secs] 
115.472: Total time for which application threads were stopped: 0.0043190 seconds, Stopping threads took: 0.0019230 seconds
115.562: Application time: 0.0893490 seconds
115.564: [GC115.564: [ParNew: 106875K->6920K(112448K), 0.0022600 secs] 154800K->54845K(364160K), 0.0023070 secs] [Times: user=0.02 sys=0.00, real=0.00 secs] 
115.567: Total time for which application threads were stopped: 0.0049750 seconds, Stopping threads took: 0.0025970 seconds
115.655: Application time: 0.0878930 seconds
115.657: [GC115.657: [ParNew: 106888K->6836K(112448K), 0.0022940 secs] 154813K->54846K(364160K), 0.0023400 secs] [Times: user=0.02 sys=0.00, real=0.00 secs] 
115.659: Total time for which application threads were stopped: 0.0044550 seconds, Stopping threads took: 0.0020160 seconds
115.750: Application time: 0.0906620 seconds
115.753: [GC115.753: [ParNew: 106804K->6062K(112448K), 0.0021140 secs] 154814K->54158K(364160K), 0.0021590 secs] [Times: user=0.02 sys=0.00, real=0.00 secs] 
115.755: Total time for which application threads were stopped: 0.0049220 seconds, Stopping threads took: 0.0026740 seconds
115.844: Application time: 0.0890720 seconds
115.847: [GC115.847: [ParNew: 106030K->6848K(112448K), 0.0022170 secs] 154126K->54944K(364160K), 0.0022590 secs] [Times: user=0.02 sys=0.00, real=0.01 secs] 
115.849: Total time for which application threads were stopped: 0.0050760 seconds, Stopping threads took: 0.0027340 seconds
115.937: Application time: 0.0884360 seconds
115.940: [GC115.940: [ParNew: 106816K->5888K(112448K), 0.0020540 secs] 154912K->54041K(364160K), 0.0021000 secs] [Times: user=0.01 sys=0.00, real=0.00 secs] 
115.942: Total time for which application threads were stopped: 0.0049940 seconds, Stopping threads took: 0.0028240 seconds
116.033: Application time: 0.0902890 seconds
116.034: [GC116.034: [ParNew: 105856K->6451K(112448K), 0.0022020 secs] 154009K->54604K(364160K), 0.0022470 secs] [Times: user=0.02 sys=0.00, real=0.00 secs] 
116.037: Total time for which application threads were stopped: 0.0038860 seconds, Stopping threads took: 0.0015490 seconds
116.125: Application time: 0.0884780 seconds
116.128: [GC116.128: [ParNew: 106419K->7334K(112448K), 0.0024200 secs] 154572K->55544K(364160K), 0.0024640 secs] [Times: user=0.01 sys=0.00, real=0.00 secs] 
116.130: Total time for which application threads were stopped: 0.0050890 seconds, Stopping threads took: 0.0025540 seconds
116.220: Application time: 0.0899050 seconds
116.222: [GC116.222: [ParNew: 107302K->7396K(112448K), 0.0024840 secs] 155512K->55720K(364160K), 0.0025270 secs] [Times: user=0.02 sys=0.00, real=0.00 secs] 
116.225: Total time for which application threads were stopped: 0.0046190 seconds, Stopping threads took: 0.0020150 seconds
116.314: Application time: 0.0895350 seconds
116.316: [GC116.316: [ParNew: 107364K->6273K(112448K), 0.0021480 secs] 155688K->54625K(364160K), 0.0021920 secs] [Times: user=0.02 sys=0.00, real=0.00 secs] 
116.318: Total time for which application threads were stopped: 0.0042380 seconds, Stopping threads took: 0.0019550 seconds
116.408: Application time: 0.0892300 seconds
116.410: [GC116.410: [ParNew: 106241K->6269K(112448K), 0.0020540 secs] 154593K->54651K(364160K), 0.0021010 secs] [Times: user=0.01 sys=0.00, real=0.00 secs] 
116.412: Total time for which application threads were stopped: 0.0042180 seconds, Stopping threads took: 0.0020460 seconds
116.501: Application time: 0.0887310 seconds
116.503: [GC116.503: [ParNew: 106237K->7404K(112448K), 0.0024690 secs] 154619K->55785K(364160K), 0.0025220 secs] [Times: user=0.01 sys=0.00, real=0.00 secs] 
116.506: Total time for which application threads were stopped: 0.0052240 seconds, Stopping threads took: 0.0026320 seconds
116.599: Application time: 0.0929550 seconds
116.600: [GC116.600: [ParNew: 107372K->8017K(112448K), 0.0025520 secs] 155753K->56426K(364160K), 0.0025980 secs] [Times: user=0.02 sys=0.00, real=0.00 secs] 
116.603: Total time for which application threads were stopped: 0.0043090 seconds, Stopping threads took: 0.0016360 seconds
116.692: Application time: 0.0890360 seconds
116.695: [GC116.695: [ParNew: 107985K->6026K(112448K), 0.0019750 secs] 156394K->54550K(364160K), 0.0020210 secs] [Times: user=0.02 sys=0.00, real=0.00 secs] 
116.697: Total time for which application threads were stopped: 0.0045500 seconds, Stopping threads took: 0.0024590 seconds
116.788: Application time: 0.0915190 seconds
116.791: [GC116.791: [ParNew: 105994K->6313K(112448K), 0.0020380 secs] 154518K->54837K(364160K), 0.0020810 secs] [Times: user=0.02 sys=0.00, real=0.00 secs] 
116.793: Total time for which application threads were stopped: 0.0050150 seconds, Stopping threads took: 0.0028560 seconds
116.881: Application time: 0.0880450 seconds
116.883: [GC116.883: [ParNew: 106281K->7323K(112448K), 0.0025290 secs] 154805K->55932K(364160K), 0.0025710 secs] [Times: user=0.01 sys=0.00, real=0.00 secs] 
116.886: Total time for which application threads were stopped: 0.0046660 seconds, Stopping threads took: 0.0020230 seconds
116.975: Application time: 0.0891080 seconds
116.978: [GC116.978: [ParNew: 107291K->7318K(112448K), 0.0024190 secs] 155900K->55927K(364160K), 0.0024650 secs] [Times: user=0.02 sys=0.00, real=0.01 secs] 
116.980: Total time for which application threads were stopped: 0.0053790 seconds, Stopping threads took: 0.0028430 seconds
117.072: Application time: 0.0913300 seconds
117.074: [GC117.074: [ParNew: 107286K->5901K(112448K), 0.0018940 secs] 155895K->54511K(364160K), 0.0019360 secs] [Times: user=0.01 sys=0.00, real=0.00 secs] 
117.076: Total time for which application threads were stopped: 0.0040350 seconds, Stopping threads took: 0.0020280 seconds
117.165: Application time: 0.0888460 seconds
117.167: [GC117.167: [ParNew: 105869K->7134K(112448K), 0.0024260 secs] 154479K->55743K(364160K), 0.0024700 secs] [Times: user=0.02 sys=0.00, real=0.00 secs] 
117.170: Total time for which application threads were stopped: 0.0052780 seconds, Stopping threads took: 0.0027180 seconds
117.260: Application time: 0.0898300 seconds
117.262: [GC117.262: [ParNew: 107102K->6003K(112448K), 0.0021050 secs] 155711K->54783K(364160K), 0.0021480 secs] [Times: user=0.02 sys=0.00, real=0.00 secs] 
117.264: Total time for which application threads were stopped: 0.0039710 seconds, Stopping threads took: 0.0017520 seconds
117.356: Application time: 0.0919940 seconds
117.358: [GC117.358: [ParNew: 105971K->5991K(112448K), 0.0019750 secs] 154751K->54771K(364160K), 0.0020210 secs] [Times: user=0.02 sys=0.00, real=0.01 secs] 
117.360: Total time for which application threads were stopped: 0.0040870 seconds, Stopping threads took: 0.0019870 seconds
117.450: Application time: 0.0902210 seconds
117.452: [GC117.452: [ParNew: 105959K->6824K(112448K), 0.0023480 secs] 154739K->55604K(364160K), 0.0023920 secs] [Times: user=0.01 sys=0.00, real=0.00 secs] 
117.454: Total time for which application threads were stopped: 0.0044090 seconds, Stopping threads took: 0.0019470 seconds
117.550: Application time: 0.0954110 seconds
117.553: [GC117.553: [ParNew: 106792K->7652K(112448K), 0.0027010 secs] 155572K->56489K(364160K), 0.0027470 secs] [Times: user=0.02 sys=0.00, real=0.00 secs] 
117.556: Total time for which application threads were stopped: 0.0059590 seconds, Stopping threads took: 0.0031430 seconds
117.649: Application time: 0.0930920 seconds
117.651: [GC117.651: [ParNew: 107620K->7389K(112448K), 0.0025260 secs] 156457K->56312K(364160K), 0.0025720 secs] [Times: user=0.02 sys=0.00, real=0.00 secs] 
117.654: Total time for which application threads were stopped: 0.0046870 seconds, Stopping threads took: 0.0020250 seconds
117.746: Application time: 0.0928580 seconds
117.749: [GC117.749: [ParNew: 107357K->6348K(112448K), 0.0021480 secs] 156280K->55356K(364160K), 0.0021940 secs] [Times: user=0.01 sys=0.00, real=0.00 secs] 
117.751: Total time for which application threads were stopped: 0.0046540 seconds, Stopping threads took: 0.0023700 seconds
117.847: Application time: 0.0955000 seconds
117.850: [GC117.850: [ParNew: 106316K->6503K(112448K), 0.0039070 secs] 155324K->55540K(364160K), 0.0039630 secs] [Times: user=0.02 sys=0.00, real=0.00 secs] 
117.854: Total time for which application threads were stopped: 0.0073130 seconds, Stopping threads took: 0.0032650 seconds
117.949: Application time: 0.0949890 seconds
117.951: [GC117.951: [ParNew: 106471K->6031K(112448K), 0.0022080 secs] 155508K->55097K(364160K), 0.0022530 secs] [Times: user=0.02 sys=0.00, real=0.00 secs] 
117.953: Total time for which application threads were stopped: 0.0042890 seconds, Stopping threads took: 0.0019430 seconds
118.049: Application time: 0.0955480 seconds
118.052: [GC118.052: [ParNew: 105999K->6528K(112448K), 0.0024550 secs] 155065K->55593K(364160K), 0.0025020 secs] [Times: user=0.02 sys=0.00, real=0.00 secs] 
118.055: Total time for which application threads were stopped: 0.0058080 seconds, Stopping threads took: 0.0032290 seconds
118.151: Application time: 0.0967310 seconds
118.153: [GC118.153: [ParNew: 106496K->6361K(112448K), 0.0023270 secs] 155561K->55512K(364160K), 0.0023740 secs] [Times: user=0.01 sys=0.00, real=0.00 secs] 
118.156: Total time for which application threads were stopped: 0.0045260 seconds, Stopping threads took: 0.0020720 seconds
118.250: Application time: 0.0946540 seconds
118.253: [GC118.253: [ParNew: 106329K->7308K(112448K), 0.0024530 secs] 155480K->56545K(364160K), 0.0025010 secs] [Times: user=0.02 sys=0.00, real=0.00 secs] 
118.256: Total time for which application threads were stopped: 0.0053420 seconds, Stopping threads took: 0.0027600 seconds
118.353: Application time: 0.0968250 seconds
118.355: [GC118.355: [ParNew: 107276K->5758K(112448K), 0.0018900 secs] 156513K->55023K(364160K), 0.0019370 secs] [Times: user=0.01 sys=0.00, real=0.00 secs] 
118.357: Total time for which application threads were stopped: 0.0041750 seconds, Stopping threads took: 0.0021660 seconds
118.455: Application time: 0.0978440 seconds
118.455: [GC118.455: [ParNew: 105726K->5361K(112448K), 0.0020690 secs] 154991K->54626K(364160K), 0.0021070 secs] [Times: user=0.01 sys=0.00, real=0.00 secs] 
118.458: Total time for which application threads were stopped: 0.0029040 seconds, Stopping threads took: 0.0007210 seconds
118.554: Application time: 0.0968890 seconds
118.557: [GC118.557: [ParNew: 105329K->5869K(112448K), 0.0020370 secs] 154594K->55134K(364160K), 0.0020770 secs] [Times: user=0.02 sys=0.00, real=0.00 secs] 
118.559: Total time for which application threads were stopped: 0.0042130 seconds, Stopping threads took: 0.0020430 seconds
118.651: Application time: 0.0928190 seconds
118.654: [GC118.654: [ParNew: 105837K->7602K(112448K), 0.0028310 secs] 155102K->56867K(364160K), 0.0028750 secs] [Times: user=0.02 sys=0.00, real=0.00 secs] 
118.657: Total time for which application threads were stopped: 0.0055330 seconds, Stopping threads took: 0.0025860 seconds
118.752: Application time: 0.0954500 seconds
118.755: [GC118.755: [ParNew: 107570K->6487K(112448K), 0.0024980 secs] 156835K->55952K(364160K), 0.0025430 secs] [Times: user=0.01 sys=0.00, real=0.00 secs] 
118.757: Total time for which application threads were stopped: 0.0046580 seconds, Stopping threads took: 0.0020440 seconds
118.853: Application time: 0.0957750 seconds
118.856: [GC118.856: [ParNew: 106455K->6375K(112448K), 0.0022640 secs] 155920K->55869K(364160K), 0.0023110 secs] [Times: user=0.01 sys=0.00, real=0.00 secs] 
118.858: Total time for which application threads were stopped: 0.0053310 seconds, Stopping threads took: 0.0029450 seconds
118.953: Application time: 0.0949310 seconds
118.956: [GC118.956: [ParNew: 106343K->7422K(112448K), 0.0025810 secs] 155837K->56944K(364160K), 0.0026250 secs] [Times: user=0.02 sys=0.00, real=0.00 secs] 
118.959: Total time for which application threads were stopped: 0.0055760 seconds, Stopping threads took: 0.0028600 seconds
119.054: Application time: 0.0950110 seconds
119.056: [GC119.056: [ParNew: 107390K->7092K(112448K), 0.0025830 secs] 156912K->56614K(364160K), 0.0026270 secs] [Times: user=0.02 sys=0.00, real=0.00 secs] 
119.059: Total time for which application threads were stopped: 0.0049600 seconds, Stopping threads took: 0.0022460 seconds
119.153: Application time: 0.0943060 seconds
119.156: [GC119.156: [ParNew: 107060K->5852K(112448K), 0.0021000 secs] 156582K->55402K(364160K), 0.0021450 secs] [Times: user=0.02 sys=0.00, real=0.00 secs] 
119.158: Total time for which application threads were stopped: 0.0047450 seconds, Stopping threads took: 0.0025180 seconds
119.253: Application time: 0.0947200 seconds
119.255: [GC119.255: [ParNew: 105820K->6859K(112448K), 0.0023310 secs] 155370K->56409K(364160K), 0.0023830 secs] [Times: user=0.01 sys=0.01, real=0.00 secs] 
119.258: Total time for which application threads were stopped: 0.0051520 seconds, Stopping threads took: 0.0026770 seconds
119.356: Application time: 0.0979290 seconds
119.358: [GC119.358: [ParNew: 106827K->5838K(112448K), 0.0022910 secs] 156377K->55559K(364160K), 0.0023380 secs] [Times: user=0.01 sys=0.00, real=0.01 secs] 
119.360: Total time for which application threads were stopped: 0.0047390 seconds, Stopping threads took: 0.0023300 seconds
119.455: Application time: 0.0943920 seconds
119.458: [GC119.458: [ParNew: 105806K->6021K(112448K), 0.0021930 secs] 155527K->55742K(364160K), 0.0022400 secs] [Times: user=0.01 sys=0.00, real=0.01 secs] 
119.460: Total time for which application threads were stopped: 0.0052700 seconds, Stopping threads took: 0.0029360 seconds
119.553: Application time: 0.0925310 seconds
119.555: [GC119.555: [ParNew: 105989K->7217K(112448K), 0.0025540 secs] 155710K->56939K(364160K), 0.0026000 secs] [Times: user=0.01 sys=0.00, real=0.00 secs] 
119.558: Total time for which application threads were stopped: 0.0053580 seconds, Stopping threads took: 0.0026770 seconds
119.656: Application time: 0.0981130 seconds
119.658: [GC119.658: [ParNew: 107185K->6187K(112448K), 0.0020810 secs] 156907K->55966K(364160K), 0.0021270 secs] [Times: user=0.01 sys=0.00, real=0.01 secs] 
119.660: Total time for which application threads were stopped: 0.0044480 seconds, Stopping threads took: 0.0022230 seconds
119.754: Application time: 0.0940130 seconds
119.756: [GC119.756: [ParNew: 106155K->6945K(112448K), 0.0023340 secs] 155934K->56723K(364160K), 0.0023800 secs] [Times: user=0.01 sys=0.00, real=0.00 secs] 
119.759: Total time for which application threads were stopped: 0.0041080 seconds, Stopping threads took: 0.0016570 seconds
119.852: Application time: 0.0933310 seconds
119.855: [GC119.855: [ParNew: 106913K->7875K(112448K), 0.0026930 secs] 156691K->57825K(364160K), 0.0027410 secs] [Times: user=0.02 sys=0.00, real=0.00 secs] 
119.858: Total time for which application threads were stopped: 0.0058890 seconds, Stopping threads took: 0.0030790 seconds
119.953: Application time: 0.0950970 seconds
119.955: [GC119.955: [ParNew: 107843K->5531K(112448K), 0.0018760 secs] 157793K->55509K(364160K), 0.0019190 secs] [Times: user=0.02 sys=0.00, real=0.00 secs] 
119.957: Total time for which application threads were stopped: 0.0039700 seconds, Stopping threads took: 0.0019800 seconds
120.053: Application time: 0.0959800 seconds
120.055: [GC120.055: [ParNew: 105499K->6842K(112448K), 0.0022530 secs] 155477K->56820K(364160K), 0.0022960 secs] [Times: user=0.02 sys=0.00, real=0.00 secs] 
120.057: Total time for which application threads were stopped: 0.0040330 seconds, Stopping threads took: 0.0016680 seconds
120.153: Application time: 0.0957770 seconds
120.155: [GC120.155: [ParNew: 106810K->6734K(112448K), 0.0022750 secs] 156788K->56741K(364160K), 0.0023210 secs] [Times: user=0.01 sys=0.00, real=0.00 secs] 
120.157: Total time for which application threads were stopped: 0.0042850 seconds, Stopping threads took: 0.0019000 seconds
120.253: Application time: 0.0964870 seconds
120.256: [GC120.256: [ParNew: 106702K->5228K(112448K), 0.0019250 secs] 156709K->55292K(364160K), 0.0019710 secs] [Times: user=0.01 sys=0.00, real=0.00 secs] 
120.258: Total time for which application threads were stopped: 0.0049280 seconds, Stopping threads took: 0.0028770 seconds
120.354: Application time: 0.0955480 seconds
120.357: [GC120.357: [ParNew: 105196K->6707K(112448K), 0.0022900 secs] 155260K->56770K(364160K), 0.0023430 secs] [Times: user=0.02 sys=0.00, real=0.00 secs] 
120.359: Total time for which application threads were stopped: 0.0050340 seconds, Stopping threads took: 0.0025990 seconds
120.454: Application time: 0.0953950 seconds
120.456: [GC120.456: [ParNew: 106675K->6708K(112448K), 0.0023380 secs] 156738K->56886K(364160K), 0.0023870 secs] [Times: user=0.02 sys=0.00, real=0.00 secs] 
120.459: Total time for which application threads were stopped: 0.0043360 seconds, Stopping threads took: 0.0018790 seconds
120.554: Application time: 0.0949820 seconds
120.557: [GC120.557: [ParNew: 106676K->7211K(112448K), 0.0024040 secs] 156854K->57418K(364160K), 0.0024500 secs] [Times: user=0.02 sys=0.00, real=0.00 secs] 
120.559: Total time for which application threads were stopped: 0.0055160 seconds, Stopping threads took: 0.0029960 seconds
120.655: Application time: 0.0959210 seconds
120.657: [GC120.657: [ParNew: 107179K->7742K(112448K), 0.0027510 secs] 157386K->57948K(364160K), 0.0027960 secs] [Times: user=0.02 sys=0.00, real=0.01 secs] 
120.660: Total time for which application threads were stopped: 0.0051530 seconds, Stopping threads took: 0.0022860 seconds
120.754: Application time: 0.0936490 seconds
120.757: [GC120.757: [ParNew: 107710K->6390K(112448K), 0.0021330 secs] 157916K->56682K(364160K), 0.0021800 secs] [Times: user=0.02 sys=0.00, real=0.00 secs] 
120.759: Total time for which application threads were stopped: 0.0048570 seconds, Stopping threads took: 0.0026060 seconds
120.851: Application time: 0.0920070 seconds
120.853: [GC120.853: [ParNew: 106358K->6044K(112448K), 0.0020870 secs] 156650K->56422K(364160K), 0.0021350 secs] [Times: user=0.02 sys=0.00, real=0.00 secs] 
120.856: Total time for which application threads were stopped: 0.0047940 seconds, Stopping threads took: 0.0025740 seconds
120.951: Application time: 0.0954800 seconds
120.951: [GC120.951: [ParNew: 106012K->4821K(112448K), 0.0017350 secs] 156390K->55199K(364160K), 0.0017790 secs] [Times: user=0.01 sys=0.00, real=0.00 secs] 
120.953: Total time for which application threads were stopped: 0.0020450 seconds, Stopping threads took: 0.0001970 seconds
121.050: Application time: 0.0967720 seconds
121.053: [GC121.053: [ParNew: 104789K->7436K(112448K), 0.0024110 secs] 155167K->57813K(364160K), 0.0024550 secs] [Times: user=0.02 sys=0.00, real=0.00 secs] 
121.055: Total time for which application threads were stopped: 0.0053600 seconds, Stopping threads took: 0.0028220 seconds
121.154: Application time: 0.0988080 seconds
121.156: [GC121.156: [ParNew: 107404K->6335K(112448K), 0.0020960 secs] 157781K->56769K(364160K), 0.0021420 secs] [Times: user=0.02 sys=0.00, real=0.00 secs] 
121.159: Total time for which application threads were stopped: 0.0044480 seconds, Stopping threads took: 0.0022330 seconds
121.254: Application time: 0.0955300 seconds
121.256: [GC121.256: [ParNew: 106303K->7016K(112448K), 0.0024350 secs] 156737K->57536K(364160K), 0.0024810 secs] [Times: user=0.01 sys=0.00, real=0.00 secs] 
121.258: Total time for which application threads were stopped: 0.0044090 seconds, Stopping threads took: 0.0018570 seconds
121.355: Application time: 0.0967610 seconds
121.358: [GC121.358: [ParNew: 106984K->6039K(112448K), 0.0022670 secs] 157504K->56644K(364160K), 0.0023140 secs] [Times: user=0.02 sys=0.00, real=0.01 secs] 
121.360: Total time for which application threads were stopped: 0.0048100 seconds, Stopping threads took: 0.0024170 seconds
121.454: Application time: 0.0940320 seconds
121.457: [GC121.457: [ParNew: 106007K->6069K(112448K), 0.0021030 secs] 156612K->56674K(364160K), 0.0021470 secs] [Times: user=0.01 sys=0.00, real=0.00 secs] 
121.459: Total time for which application threads were stopped: 0.0047100 seconds, Stopping threads took: 0.0024840 seconds
121.551: Application time: 0.0921610 seconds
121.552: [GC121.552: [ParNew: 106037K->6713K(112448K), 0.0021860 secs] 156642K->57318K(364160K), 0.0022290 secs] [Times: user=0.02 sys=0.00, real=0.00 secs] 
121.554: Total time for which application threads were stopped: 0.0034510 seconds, Stopping threads took: 0.0011460 seconds
121.641: Application time: 0.0866360 seconds
121.643: [GC121.643: [ParNew: 106681K->6582K(112448K), 0.0024700 secs] 157286K->57245K(364160K), 0.0025160 secs] [Times: user=0.02 sys=0.00, real=0.00 secs] 
121.646: Total time for which application threads were stopped: 0.0047340 seconds, Stopping threads took: 0.0021460 seconds
121.734: Application time: 0.0887180 seconds
121.737: [GC121.737: [ParNew: 106550K->7436K(112448K), 0.0025320 secs] 157213K->58155K(364160K), 0.0025780 secs] [Times: user=0.01 sys=0.01, real=0.01 secs] 
121.739: Total time for which application threads were stopped: 0.0049690 seconds, Stopping threads took: 0.0023210 seconds
121.829: Application time: 0.0891490 seconds
121.831: [GC121.831: [ParNew: 107404K->6433K(112448K), 0.0022470 secs] 158123K->57267K(364160K), 0.0022910 secs] [Times: user=0.01 sys=0.00, real=0.00 secs] 
121.833: Total time for which application threads were stopped: 0.0044940 seconds, Stopping threads took: 0.0021330 seconds
121.926: Application time: 0.0926000 seconds
121.927: [GC121.927: [ParNew: 106401K->7623K(112448K), 0.0025760 secs] 157235K->58485K(364160K), 0.0026180 secs] [Times: user=0.01 sys=0.00, real=0.00 secs] 
121.930: Total time for which application threads were stopped: 0.0042620 seconds, Stopping threads took: 0.0015610 seconds
122.020: Application time: 0.0904280 seconds
122.023: [GC122.023: [ParNew: 107591K->7825K(112448K), 0.0025770 secs] 158453K->58715K(364160K), 0.0026160 secs] [Times: user=0.01 sys=0.00, real=0.00 secs] 
122.026: Total time for which application threads were stopped: 0.0054960 seconds, Stopping threads took: 0.0028090 seconds
122.116: Application time: 0.0902740 seconds
122.119: [GC122.119: [ParNew: 107793K->6617K(112448K), 0.0021160 secs] 158683K->57507K(364160K), 0.0021620 secs] [Times: user=0.01 sys=0.00, real=0.01 secs] 
122.121: Total time for which application threads were stopped: 0.0048650 seconds, Stopping threads took: 0.0026310 seconds
122.212: Application time: 0.0908650 seconds
122.214: [GC122.214: [ParNew: 106585K->5385K(112448K), 0.0019220 secs] 157475K->56333K(364160K), 0.0019650 secs] [Times: user=0.02 sys=0.00, real=0.00 secs] 
122.216: Total time for which application threads were stopped: 0.0038160 seconds, Stopping threads took: 0.0017610 seconds
122.308: Application time: 0.0923080 seconds
122.310: [GC122.310: [ParNew: 105353K->5906K(112448K), 0.0021980 secs] 156301K->56854K(364160K), 0.0022420 secs] [Times: user=0.02 sys=0.00, real=0.00 secs] 
122.312: Total time for which application threads were stopped: 0.0040240 seconds, Stopping threads took: 0.0017050 seconds
122.404: Application time: 0.0918590 seconds
122.406: [GC122.406: [ParNew: 105874K->7858K(112448K), 0.0026460 secs] 156822K->58806K(364160K), 0.0026920 secs] [Times: user=0.02 sys=0.00, real=0.01 secs] 
122.409: Total time for which application threads were stopped: 0.0051340 seconds, Stopping threads took: 0.0023620 seconds
122.499: Application time: 0.0902520 seconds
122.502: [GC122.502: [ParNew: 107826K->7737K(112448K), 0.0025080 secs] 158774K->58856K(364160K), 0.0025560 secs] [Times: user=0.02 sys=0.00, real=0.00 secs] 
122.505: Total time for which application threads were stopped: 0.0057230 seconds, Stopping threads took: 0.0030890 seconds
122.598: Application time: 0.0928120 seconds
122.600: [GC122.600: [ParNew: 107705K->5056K(112448K), 0.0017800 secs] 158824K->56175K(364160K), 0.0018190 secs] [Times: user=0.01 sys=0.00, real=0.00 secs] 
122.602: Total time for which application threads were stopped: 0.0037510 seconds, Stopping threads took: 0.0018640 seconds
122.692: Application time: 0.0900590 seconds
122.695: [GC122.695: [ParNew: 105024K->7185K(112448K), 0.0025630 secs] 156143K->58304K(364160K), 0.0026080 secs] [Times: user=0.02 sys=0.00, real=0.00 secs] 
122.697: Total time for which application threads were stopped: 0.0055450 seconds, Stopping threads took: 0.0028480 seconds
122.788: Application time: 0.0902890 seconds
122.789: [GC122.789: [ParNew: 107153K->6975K(112448K), 0.0024370 secs] 158272K->58208K(364160K), 0.0024900 secs] [Times: user=0.02 sys=0.00, real=0.00 secs] 
122.792: Total time for which application threads were stopped: 0.0042460 seconds, Stopping threads took: 0.0016640 seconds
122.883: Application time: 0.0907620 seconds
122.884: [GC122.884: [ParNew: 106943K->5837K(112448K), 0.0020430 secs] 158176K->57127K(364160K), 0.0020900 secs] [Times: user=0.02 sys=0.00, real=0.00 secs] 
122.886: Total time for which application threads were stopped: 0.0038210 seconds, Stopping threads took: 0.0016600 seconds
122.978: Application time: 0.0916610 seconds
122.980: [GC122.980: [ParNew: 105805K->6910K(112448K), 0.0022100 secs] 157095K->58200K(364160K), 0.0022510 secs] [Times: user=0.01 sys=0.00, real=0.00 secs] 
122.982: Total time for which application threads were stopped: 0.0044670 seconds, Stopping threads took: 0.0021260 seconds
123.072: Application time: 0.0891870 seconds
123.075: [GC123.075: [ParNew: 106878K->7617K(112448K), 0.0026320 secs] 158168K->58964K(364160K), 0.0026760 secs] [Times: user=0.01 sys=0.00, real=0.00 secs] 
123.077: Total time for which application threads were stopped: 0.0057550 seconds, Stopping threads took: 0.0030080 seconds
123.169: Application time: 0.0914950 seconds
123.172: [GC123.172: [ParNew: 107585K->7748K(112448K), 0.0025490 secs] 158932K->59095K(364160K), 0.0025930 secs] [Times: user=0.02 sys=0.00, real=0.00 secs] 
123.175: Total time for which application threads were stopped: 0.0056890 seconds, Stopping threads took: 0.0030280 seconds
123.262: Application time: 0.0875590 seconds
123.264: [GC123.264: [ParNew: 107716K->6457K(112448K), 0.0022280 secs] 159063K->57918K(364160K), 0.0022710 secs] [Times: user=0.02 sys=0.00, real=0.00 secs] 
123.266: Total time for which application threads were stopped: 0.0037840 seconds, Stopping threads took: 0.0014420 seconds
123.356: Application time: 0.0901050 seconds
123.359: [GC123.359: [ParNew: 106425K->6388K(112448K), 0.0021610 secs] 157886K->57906K(364160K), 0.0022070 secs] [Times: user=0.02 sys=0.00, real=0.01 secs] 
123.361: Total time for which application threads were stopped: 0.0050030 seconds, Stopping threads took: 0.0027250 seconds
123.446: Application time: 0.0849970 seconds
123.449: [GC123.449: [ParNew: 106356K->7283K(112448K), 0.0023860 secs] 157874K->58829K(364160K), 0.0024330 secs] [Times: user=0.01 sys=0.00, real=0.00 secs] 
123.451: Total time for which application threads were stopped: 0.0051440 seconds, Stopping threads took: 0.0026410 seconds
123.540: Application time: 0.0892680 seconds
123.543: [GC123.543: [ParNew: 107251K->6782K(112448K), 0.0021860 secs] 158797K->58357K(364160K), 0.0022300 secs] [Times: user=0.01 sys=0.00, real=0.00 secs] 
123.546: Total time for which application threads were stopped: 0.0052030 seconds, Stopping threads took: 0.0029040 seconds
123.633: Application time: 0.0872530 seconds
123.635: [GC123.635: [ParNew: 106750K->6739K(112448K), 0.0021520 secs] 158325K->58314K(364160K), 0.0021960 secs] [Times: user=0.02 sys=0.00, real=0.00 secs] 
123.637: Total time for which application threads were stopped: 0.0044100 seconds, Stopping threads took: 0.0021350 seconds
123.728: Application time: 0.0911180 seconds
123.731: [GC123.731: [ParNew: 106707K->7199K(112448K), 0.0022980 secs] 158282K->58860K(364160K), 0.0023400 secs] [Times: user=0.02 sys=0.00, real=0.00 secs] 
123.733: Total time for which application threads were stopped: 0.0048360 seconds, Stopping threads took: 0.0024270 seconds
123.823: Application time: 0.0896110 seconds
123.825: [GC123.825: [ParNew: 107167K->5163K(112448K), 0.0016800 secs] 158828K->56909K(364160K), 0.0017200 secs] [Times: user=0.02 sys=0.00, real=0.00 secs] 
123.827: Total time for which application threads were stopped: 0.0039310 seconds, Stopping threads took: 0.0021430 seconds
123.919: Application time: 0.0916770 seconds
123.920: [GC123.920: [ParNew: 105131K->6869K(112448K), 0.0023600 secs] 156877K->58615K(364160K), 0.0024040 secs] [Times: user=0.01 sys=0.00, real=0.00 secs] 
123.923: Total time for which application threads were stopped: 0.0041610 seconds, Stopping threads took: 0.0016850 seconds
124.011: Application time: 0.0880330 seconds
124.012: [GC124.012: [ParNew: 106837K->6026K(112448K), 0.0020140 secs] 158583K->57829K(364160K), 0.0020670 secs] [Times: user=0.02 sys=0.00, real=0.00 secs] 
124.014: Total time for which application threads were stopped: 0.0031310 seconds, Stopping threads took: 0.0009930 seconds
124.103: Application time: 0.0886910 seconds
124.104: [GC124.104: [ParNew: 105994K->7326K(112448K), 0.0024470 secs] 157797K->59129K(364160K), 0.0024920 secs] [Times: user=0.02 sys=0.00, real=0.00 secs] 
124.107: Total time for which application threads were stopped: 0.0044150 seconds, Stopping threads took: 0.0018500 seconds
124.196: Application time: 0.0890880 seconds
124.198: [GC124.198: [ParNew: 107294K->6226K(112448K), 0.0020920 secs] 159097K->58114K(364160K), 0.0021390 secs] [Times: user=0.02 sys=0.00, real=0.01 secs] 
124.200: Total time for which application threads were stopped: 0.0040680 seconds, Stopping threads took: 0.0018510 seconds
124.289: Application time: 0.0884760 seconds
124.291: [GC124.291: [ParNew: 106194K->7565K(112448K), 0.0027010 secs] 158082K->59453K(364160K), 0.0027510 secs] [Times: user=0.02 sys=0.00, real=0.00 secs] 
124.293: Total time for which application threads were stopped: 0.0047940 seconds, Stopping threads took: 0.0019530 seconds
124.381: Application time: 0.0879810 seconds
124.384: [GC124.384: [ParNew: 107533K->7349K(112448K), 0.0024450 secs] 159421K->59351K(364160K), 0.0024900 secs] [Times: user=0.01 sys=0.00, real=0.00 secs] 
124.386: Total time for which application threads were stopped: 0.0047130 seconds, Stopping threads took: 0.0021520 seconds
124.475: Application time: 0.0889060 seconds
124.478: [GC124.478: [ParNew: 107317K->7160K(112448K), 0.0023260 secs] 159319K->59191K(364160K), 0.0023700 secs] [Times: user=0.01 sys=0.00, real=0.01 secs] 
124.480: Total time for which application threads were stopped: 0.0050550 seconds, Stopping threads took: 0.0026160 seconds
124.568: Application time: 0.0880160 seconds
124.571: [GC124.571: [ParNew: 107128K->7196K(112448K), 0.0024650 secs] 159159K->59227K(364160K), 0.0025100 secs] [Times: user=0.02 sys=0.00, real=0.00 secs] 
124.574: Total time for which application threads were stopped: 0.0057160 seconds, Stopping threads took: 0.0031310 seconds
124.666: Application time: 0.0920060 seconds
124.668: [GC124.668: [ParNew: 107164K->7995K(112448K), 0.0025950 secs] 159195K->60083K(364160K), 0.0026380 secs] [Times: user=0.02 sys=0.00, real=0.00 secs] 
124.671: Total time for which application threads were stopped: 0.0048820 seconds, Stopping threads took: 0.0021650 seconds
124.758: Application time: 0.0876170 seconds
124.760: [GC124.760: [ParNew: 107963K->6221K(112448K), 0.0020220 secs] 160051K->58394K(364160K), 0.0020660 secs] [Times: user=0.01 sys=0.00, real=0.00 secs] 
124.763: Total time for which application threads were stopped: 0.0042500 seconds, Stopping threads took: 0.0021020 seconds
124.854: Application time: 0.0915710 seconds
124.856: [GC124.856: [ParNew: 106189K->5610K(112448K), 0.0019140 secs] 158362K->57784K(364160K), 0.0019580 secs] [Times: user=0.01 sys=0.00, real=0.00 secs] 
124.858: Total time for which application threads were stopped: 0.0036540 seconds, Stopping threads took: 0.0016250 seconds
124.946: Application time: 0.0886830 seconds
124.949: [GC124.949: [ParNew: 105578K->6674K(112448K), 0.0021810 secs] 157752K->58847K(364160K), 0.0022250 secs] [Times: user=0.02 sys=0.00, real=0.00 secs] 
124.951: Total time for which application threads were stopped: 0.0048790 seconds, Stopping threads took: 0.0025830 seconds
125.042: Application time: 0.0903820 seconds
125.044: [GC125.044: [ParNew: 106642K->7559K(112448K), 0.0024730 secs] 158815K->59818K(364160K), 0.0025160 secs] [Times: user=0.01 sys=0.00, real=0.00 secs] 
125.046: Total time for which application threads were stopped: 0.0043140 seconds, Stopping threads took: 0.0017260 seconds
125.138: Application time: 0.0916960 seconds
125.139: [GC125.139: [ParNew: 107527K->7211K(112448K), 0.0025250 secs] 159786K->59499K(364160K), 0.0025680 secs] [Times: user=0.02 sys=0.00, real=0.01 secs] 
125.142: Total time for which application threads were stopped: 0.0038000 seconds, Stopping threads took: 0.0011640 seconds
125.231: Application time: 0.0898390 seconds
125.234: [GC125.234: [ParNew: 107179K->7116K(112448K), 0.0024410 secs] 159467K->59517K(364160K), 0.0024860 secs] [Times: user=0.01 sys=0.00, real=0.00 secs] 
125.236: Total time for which application threads were stopped: 0.0048190 seconds, Stopping threads took: 0.0022680 seconds
125.325: Application time: 0.0883930 seconds
125.326: [GC125.326: [ParNew: 107084K->6447K(112448K), 0.0021830 secs] 159485K->58877K(364160K), 0.0022240 secs] [Times: user=0.01 sys=0.00, real=0.01 secs] 
125.328: Total time for which application threads were stopped: 0.0037240 seconds, Stopping threads took: 0.0014040 seconds
125.418: Application time: 0.0897060 seconds
125.421: [GC125.421: [ParNew: 106415K->5886K(112448K), 0.0021130 secs] 158845K->58374K(364160K), 0.0021550 secs] [Times: user=0.01 sys=0.00, real=0.00 secs] 
125.423: Total time for which application threads were stopped: 0.0049270 seconds, Stopping threads took: 0.0026990 seconds
125.518: Application time: 0.0953020 seconds
125.521: [GC125.521: [ParNew: 105854K->6926K(112448K), 0.0022550 secs] 158342K->59413K(364160K), 0.0023000 secs] [Times: user=0.02 sys=0.00, real=0.00 secs] 
125.523: Total time for which application threads were stopped: 0.0045360 seconds, Stopping threads took: 0.0021670 seconds
125.616: Application time: 0.0931090 seconds
125.619: [GC125.619: [ParNew: 106894K->7621K(112448K), 0.0025550 secs] 159381K->60108K(364160K), 0.0026000 secs] [Times: user=0.02 sys=0.00, real=0.01 secs] 
125.621: Total time for which application threads were stopped: 0.0053400 seconds, Stopping threads took: 0.0026480 seconds
125.719: Application time: 0.0979200 seconds
125.722: [GC125.722: [ParNew: 107589K->6924K(112448K), 0.0023680 secs] 160076K->59553K(364160K), 0.0024130 secs] [Times: user=0.02 sys=0.00, real=0.00 secs] 
125.724: Total time for which application threads were stopped: 0.0050410 seconds, Stopping threads took: 0.0025360 seconds
125.820: Application time: 0.0962210 seconds
125.823: [GC125.823: [ParNew: 106892K->6178K(112448K), 0.0023190 secs] 159521K->58837K(364160K), 0.0023640 secs] [Times: user=0.02 sys=0.00, real=0.00 secs] 
125.825: Total time for which application threads were stopped: 0.0045460 seconds, Stopping threads took: 0.0020890 seconds
125.921: Application time: 0.0955110 seconds
125.924: [GC125.924: [ParNew: 106146K->7339K(112448K), 0.0025670 secs] 158805K->59997K(364160K), 0.0026120 secs] [Times: user=0.02 sys=0.00, real=0.00 secs] 
125.927: Total time for which application threads were stopped: 0.0061160 seconds, Stopping threads took: 0.0034010 seconds
126.018: Application time: 0.0918270 seconds
126.021: [GC126.021: [ParNew: 107307K->7218K(112448K), 0.0025350 secs] 159965K->59934K(364160K), 0.0025810 secs] [Times: user=0.01 sys=0.00, real=0.00 secs] 
126.024: Total time for which application threads were stopped: 0.0053960 seconds, Stopping threads took: 0.0027230 seconds
126.118: Application time: 0.0944070 seconds
126.120: [GC126.120: [ParNew: 107186K->7781K(112448K), 0.0026290 secs] 159902K->60497K(364160K), 0.0026730 secs] [Times: user=0.02 sys=0.00, real=0.00 secs] 
126.123: Total time for which application threads were stopped: 0.0047570 seconds, Stopping threads took: 0.0019930 seconds
126.219: Application time: 0.0957260 seconds
126.221: [GC126.221: [ParNew: 107749K->6548K(112448K), 0.0023870 secs] 160465K->59349K(364160K), 0.0024310 secs] [Times: user=0.01 sys=0.00, real=0.00 secs] 
126.223: Total time for which application threads were stopped: 0.0042350 seconds, Stopping threads took: 0.0017320 seconds
126.317: Application time: 0.0943340 seconds
126.320: [GC126.320: [ParNew: 106516K->7237K(112448K), 0.0024640 secs] 159317K->60123K(364160K), 0.0025080 secs] [Times: user=0.01 sys=0.00, real=0.00 secs] 
126.322: Total time for which application threads were stopped: 0.0049990 seconds, Stopping threads took: 0.0024220 seconds
126.415: Application time: 0.0928740 seconds
126.418: [GC126.418: [ParNew: 107205K->7372K(112448K), 0.0026600 secs] 160091K->60288K(364160K), 0.0027160 secs] [Times: user=0.02 sys=0.00, real=0.01 secs] 
126.421: Total time for which application threads were stopped: 0.0054640 seconds, Stopping threads took: 0.0026760 seconds
126.514: Application time: 0.0930150 seconds
126.516: [GC126.516: [ParNew: 107340K->6445K(112448K), 0.0023100 secs] 160256K->59388K(364160K), 0.0023510 secs] [Times: user=0.01 sys=0.00, real=0.00 secs] 
126.518: Total time for which application threads were stopped: 0.0045910 seconds, Stopping threads took: 0.0021580 seconds
126.613: Application time: 0.0946210 seconds
126.615: [GC126.615: [ParNew: 106413K->6363K(112448K), 0.0022590 secs] 159356K->59307K(364160K), 0.0023000 secs] [Times: user=0.01 sys=0.00, real=0.00 secs] 
126.617: Total time for which application threads were stopped: 0.0045450 seconds, Stopping threads took: 0.0021750 seconds
126.711: Application time: 0.0933290 seconds
126.714: [GC126.714: [ParNew: 106331K->6341K(112448K), 0.0024150 secs] 159275K->59370K(364160K), 0.0024630 secs] [Times: user=0.01 sys=0.00, real=0.00 secs] 
126.716: Total time for which application threads were stopped: 0.0053200 seconds, Stopping threads took: 0.0027860 seconds
126.814: Application time: 0.0975580 seconds
126.816: [GC126.816: [ParNew: 106309K->4989K(112448K), 0.0018830 secs] 159338K->58104K(364160K), 0.0019250 secs] [Times: user=0.01 sys=0.00, real=0.00 secs] 
126.818: Total time for which application threads were stopped: 0.0040510 seconds, Stopping threads took: 0.0020530 seconds
126.913: Application time: 0.0955790 seconds
126.916: [GC126.916: [ParNew: 104956K->7417K(112448K), 0.0025050 secs] 158071K->60532K(364160K), 0.0025510 secs] [Times: user=0.01 sys=0.00, real=0.00 secs] 
126.919: Total time for which application threads were stopped: 0.0056820 seconds, Stopping threads took: 0.0030390 seconds
127.014: Application time: 0.0947430 seconds
127.016: [GC127.016: [ParNew: 107385K->6374K(112448K), 0.0023510 secs] 160500K->59545K(364160K), 0.0023970 secs] [Times: user=0.02 sys=0.00, real=0.00 secs] 
127.018: Total time for which application threads were stopped: 0.0046810 seconds, Stopping threads took: 0.0021920 seconds
127.112: Application time: 0.0933770 seconds
127.115: [GC127.115: [ParNew: 106342K->6514K(112448K), 0.0021120 secs] 159513K->59686K(364160K), 0.0021610 secs] [Times: user=0.01 sys=0.00, real=0.00 secs] 
127.117: Total time for which application threads were stopped: 0.0053980 seconds, Stopping threads took: 0.0031590 seconds
127.214: Application time: 0.0971750 seconds
127.216: [GC127.216: [ParNew: 106482K->6096K(112448K), 0.0022830 secs] 159654K->59353K(364160K), 0.0023280 secs] [Times: user=0.01 sys=0.00, real=0.00 secs] 
127.219: Total time for which application threads were stopped: 0.0044430 seconds, Stopping threads took: 0.0020440 seconds
127.313: Application time: 0.0936860 seconds
127.315: [GC127.315: [ParNew: 106064K->8022K(112448K), 0.0026070 secs] 159321K->61279K(364160K), 0.0026510 secs] [Times: user=0.01 sys=0.00, real=0.00 secs] 
127.318: Total time for which application threads were stopped: 0.0053890 seconds, Stopping threads took: 0.0026680 seconds
127.413: Application time: 0.0946190 seconds
127.415: [GC127.415: [ParNew: 107990K->7688K(112448K), 0.0029200 secs] 161247K->61060K(364160K), 0.0029650 secs] [Times: user=0.02 sys=0.00, real=0.00 secs] 
127.418: Total time for which application threads were stopped: 0.0050540 seconds, Stopping threads took: 0.0019980 seconds
127.513: Application time: 0.0951030 seconds
127.514: [GC127.514: [ParNew: 107656K->5787K(112448K), 0.0020420 secs] 161028K->59187K(364160K), 0.0020890 secs] [Times: user=0.01 sys=0.00, real=0.00 secs] 
127.517: Total time for which application threads were stopped: 0.0038360 seconds, Stopping threads took: 0.0016640 seconds
127.611: Application time: 0.0943480 seconds
127.613: [GC127.613: [ParNew: 105755K->6728K(112448K), 0.0024430 secs] 159155K->60128K(364160K), 0.0024950 secs] [Times: user=0.02 sys=0.00, real=0.00 secs] 
127.615: Total time for which application threads were stopped: 0.0043050 seconds, Stopping threads took: 0.0017360 seconds
127.710: Application time: 0.0950140 seconds
127.712: [GC127.712: [ParNew: 106696K->6637K(112448K), 0.0023030 secs] 160096K->60094K(364160K), 0.0023480 secs] [Times: user=0.02 sys=0.00, real=0.00 secs] 
127.715: Total time for which application threads were stopped: 0.0045300 seconds, Stopping threads took: 0.0020810 seconds
127.810: Application time: 0.0950930 seconds
127.813: [GC127.813: [ParNew: 106605K->6717K(112448K), 0.0022530 secs] 160062K->60288K(364160K), 0.0022990 secs] [Times: user=0.02 sys=0.00, real=0.00 secs] 
127.816: Total time for which application threads were stopped: 0.0057020 seconds, Stopping threads took: 0.0033320 seconds
127.913: Application time: 0.0971420 seconds
127.916: [GC127.916: [ParNew: 106685K->7767K(112448K), 0.0026010 secs] 160256K->61338K(364160K), 0.0026470 secs] [Times: user=0.02 sys=0.00, real=0.00 secs] 
127.918: Total time for which application threads were stopped: 0.0056910 seconds, Stopping threads took: 0.0029620 seconds
128.014: Application time: 0.0952670 seconds
128.015: [GC128.015: [ParNew: 107735K->5053K(112448K), 0.0016680 secs] 161306K->58681K(364160K), 0.0017140 secs] [Times: user=0.02 sys=0.00, real=0.00 secs] 
128.017: Total time for which application threads were stopped: 0.0031990 seconds, Stopping threads took: 0.0014120 seconds
128.113: Application time: 0.0957290 seconds
128.116: [GC128.116: [ParNew: 105021K->7248K(112448K), 0.0024000 secs] 158649K->60876K(364160K), 0.0024450 secs] [Times: user=0.02 sys=0.00, real=0.00 secs] 
128.118: Total time for which application threads were stopped: 0.0055430 seconds, Stopping threads took: 0.0030250 seconds
128.212: Application time: 0.0940510 seconds
128.215: [GC128.215: [ParNew: 107216K->7291K(112448K), 0.0026050 secs] 160844K->60919K(364160K), 0.0026510 secs] [Times: user=0.02 sys=0.00, real=0.00 secs] 
128.218: Total time for which application threads were stopped: 0.0055870 seconds, Stopping threads took: 0.0028560 seconds
128.312: Application time: 0.0942850 seconds
128.315: [GC128.315: [ParNew: 107259K->7087K(112448K), 0.0025150 secs] 160887K->60858K(364160K), 0.0025570 secs] [Times: user=0.02 sys=0.00, real=0.00 secs] 
128.317: Total time for which application threads were stopped: 0.0050500 seconds, Stopping threads took: 0.0024210 seconds
128.414: Application time: 0.0966450 seconds
128.415: [GC128.415: [ParNew: 107055K->5478K(112448K), 0.0018580 secs] 160826K->59277K(364160K), 0.0019010 secs] [Times: user=0.02 sys=0.00, real=0.00 secs] 
128.417: Total time for which application threads were stopped: 0.0034810 seconds, Stopping threads took: 0.0015000 seconds
128.511: Application time: 0.0938470 seconds
128.513: [GC128.513: [ParNew: 105446K->7243K(112448K), 0.0023910 secs] 159245K->61042K(364160K), 0.0024380 secs] [Times: user=0.02 sys=0.00, real=0.00 secs] 
128.516: Total time for which application threads were stopped: 0.0045900 seconds, Stopping threads took: 0.0020800 seconds
128.610: Application time: 0.0945690 seconds
128.613: [GC128.613: [ParNew: 107211K->6518K(112448K), 0.0022490 secs] 161010K->60375K(364160K), 0.0022930 secs] [Times: user=0.02 sys=0.00, real=0.00 secs] 
128.615: Total time for which application threads were stopped: 0.0046260 seconds, Stopping threads took: 0.0022620 seconds
128.710: Application time: 0.0948950 seconds
128.712: [GC128.712: [ParNew: 106486K->6255K(112448K), 0.0019530 secs] 160343K->60111K(364160K), 0.0019970 secs] [Times: user=0.01 sys=0.00, real=0.00 secs] 
128.714: Total time for which application threads were stopped: 0.0042520 seconds, Stopping threads took: 0.0021610 seconds
128.810: Application time: 0.0958730 seconds
128.812: [GC128.812: [ParNew: 106223K->6738K(112448K), 0.0023620 secs] 160079K->60679K(364160K), 0.0024060 secs] [Times: user=0.02 sys=0.00, real=0.00 secs] 
128.814: Total time for which application threads were stopped: 0.0044300 seconds, Stopping threads took: 0.0019240 seconds
128.905: Application time: 0.0911750 seconds
128.908: [GC128.908: [ParNew: 106706K->6490K(112448K), 0.0021580 secs] 160647K->60518K(364160K), 0.0022110 secs] [Times: user=0.01 sys=0.00, real=0.00 secs] 
128.910: Total time for which application threads were stopped: 0.0044800 seconds, Stopping threads took: 0.0021970 seconds
129.003: Application time: 0.0931270 seconds
129.005: [GC129.005: [ParNew: 106458K->7429K(112448K), 0.0026110 secs] 160486K->61485K(364160K), 0.0026550 secs] [Times: user=0.02 sys=0.00, real=0.01 secs] 
129.008: Total time for which application threads were stopped: 0.0046240 seconds, Stopping threads took: 0.0018980 seconds
129.105: Application time: 0.0977340 seconds
129.109: [GC129.109: [ParNew: 107397K->6290K(112448K), 0.0020730 secs] 161453K->60374K(364160K), 0.0021180 secs] [Times: user=0.02 sys=0.00, real=0.00 secs] 
129.111: Total time for which application threads were stopped: 0.0055410 seconds, Stopping threads took: 0.0033320 seconds
129.208: Application time: 0.0969840 seconds
129.210: [GC129.210: [ParNew: 106258K->5974K(112448K), 0.0019410 secs] 160342K->60058K(364160K), 0.0019880 secs] [Times: user=0.02 sys=0.00, real=0.00 secs] 
129.212: Total time for which application threads were stopped: 0.0042430 seconds, Stopping threads took: 0.0021820 seconds
129.309: Application time: 0.0970310 seconds
129.312: [GC129.312: [ParNew: 105942K->7656K(112448K), 0.0026340 secs] 160026K->61741K(364160K), 0.0026780 secs] [Times: user=0.02 sys=0.00, real=0.00 secs] 
129.315: Total time for which application threads were stopped: 0.0054900 seconds, Stopping threads took: 0.0027370 seconds
129.410: Application time: 0.0950830 seconds
129.413: [GC129.413: [ParNew: 107624K->7382K(112448K), 0.0026740 secs] 161709K->61638K(364160K), 0.0027200 secs] [Times: user=0.02 sys=0.00, real=0.00 secs] 
129.416: Total time for which application threads were stopped: 0.0057790 seconds, Stopping threads took: 0.0029780 seconds
129.505: Application time: 0.0897110 seconds
129.508: [GC129.508: [ParNew: 107350K->7570K(112448K), 0.0024740 secs] 161606K->61854K(364160K), 0.0025180 secs] [Times: user=0.02 sys=0.00, real=0.00 secs] 
129.510: Total time for which application threads were stopped: 0.0049000 seconds, Stopping threads took: 0.0022910 seconds
129.599: Application time: 0.0888480 seconds
129.601: [GC129.601: [ParNew: 107538K->6267K(112448K), 0.0020180 secs] 161822K->60580K(364160K), 0.0020590 secs] [Times: user=0.02 sys=0.00, real=0.00 secs] 
129.603: Total time for which application threads were stopped: 0.0037460 seconds, Stopping threads took: 0.0016170 seconds
129.692: Application time: 0.0887410 seconds
129.694: [GC129.694: [ParNew: 106235K->6140K(112448K), 0.0021220 secs] 160548K->60452K(364160K), 0.0021640 secs] [Times: user=0.02 sys=0.00, real=0.00 secs] 
129.696: Total time for which application threads were stopped: 0.0045580 seconds, Stopping threads took: 0.0023260 seconds
129.785: Application time: 0.0885080 seconds
129.787: [GC129.787: [ParNew: 106108K->7901K(112448K), 0.0027150 secs] 160420K->62213K(364160K), 0.0027580 secs] [Times: user=0.01 sys=0.00, real=0.01 secs] 
129.790: Total time for which application threads were stopped: 0.0051990 seconds, Stopping threads took: 0.0023700 seconds
129.880: Application time: 0.0898540 seconds
129.882: [GC129.882: [ParNew: 107869K->5724K(112448K), 0.0020330 secs] 162181K->60207K(364160K), 0.0020750 secs] [Times: user=0.02 sys=0.00, real=0.00 secs] 
129.884: Total time for which application threads were stopped: 0.0047300 seconds, Stopping threads took: 0.0025660 seconds
129.973: Application time: 0.0890420 seconds
129.975: [GC129.975: [ParNew: 105692K->6238K(112448K), 0.0020530 secs] 160175K->60721K(364160K), 0.0020970 secs] [Times: user=0.01 sys=0.00, real=0.00 secs] 
129.977: Total time for which application threads were stopped: 0.0037820 seconds, Stopping threads took: 0.0016050 seconds
130.067: Application time: 0.0899830 seconds
130.069: [GC130.069: [ParNew: 106206K->5934K(112448K), 0.0019190 secs] 160689K->60417K(364160K), 0.0019700 secs] [Times: user=0.02 sys=0.00, real=0.00 secs] 
130.071: Total time for which application threads were stopped: 0.0038340 seconds, Stopping threads took: 0.0017950 seconds
130.160: Application time: 0.0889820 seconds
130.162: [GC130.162: [ParNew: 105902K->6747K(112448K), 0.0024480 secs] 160385K->61231K(364160K), 0.0024930 secs] [Times: user=0.02 sys=0.00, real=0.00 secs] 
130.165: Total time for which application threads were stopped: 0.0045730 seconds, Stopping threads took: 0.0019890 seconds
130.256: Application time: 0.0911200 seconds
130.258: [GC130.258: [ParNew: 106715K->6536K(112448K), 0.0023690 secs] 161199K->61162K(364160K), 0.0024160 secs] [Times: user=0.01 sys=0.00, real=0.01 secs] 
130.261: Total time for which application threads were stopped: 0.0047580 seconds, Stopping threads took: 0.0022720 seconds
130.351: Application time: 0.0909240 seconds
130.354: [GC130.354: [ParNew: 106504K->5455K(112448K), 0.0019240 secs] 161130K->60167K(364160K), 0.0019690 secs] [Times: user=0.01 sys=0.00, real=0.00 secs] 
130.356: Total time for which application threads were stopped: 0.0041060 seconds, Stopping threads took: 0.0020470 seconds
130.444: Application time: 0.0883260 seconds
130.446: [GC130.446: [ParNew: 105423K->6186K(112448K), 0.0020880 secs] 160135K->60897K(364160K), 0.0021330 secs] [Times: user=0.02 sys=0.00, real=0.01 secs] 
130.448: Total time for which application threads were stopped: 0.0039750 seconds, Stopping threads took: 0.0017650 seconds
130.540: Application time: 0.0918570 seconds
130.542: [GC130.542: [ParNew: 106154K->6227K(112448K), 0.0021260 secs] 160865K->60939K(364160K), 0.0021700 secs] [Times: user=0.01 sys=0.00, real=0.00 secs] 
130.544: Total time for which application threads were stopped: 0.0043270 seconds, Stopping threads took: 0.0020860 seconds
130.634: Application time: 0.0901050 seconds
130.637: [GC130.637: [ParNew: 106195K->6449K(112448K), 0.0021560 secs] 160907K->61160K(364160K), 0.0022000 secs] [Times: user=0.01 sys=0.00, real=0.00 secs] 
130.639: Total time for which application threads were stopped: 0.0050340 seconds, Stopping threads took: 0.0027570 seconds
130.729: Application time: 0.0902500 seconds
130.732: [GC130.732: [ParNew: 106417K->6698K(112448K), 0.0024200 secs] 161128K->61524K(364160K), 0.0024660 secs] [Times: user=0.01 sys=0.00, real=0.00 secs] 
130.734: Total time for which application threads were stopped: 0.0046120 seconds, Stopping threads took: 0.0020570 seconds
130.825: Application time: 0.0904670 seconds
130.828: [GC130.828: [ParNew: 106666K->7170K(112448K), 0.0025620 secs] 161492K->62081K(364160K), 0.0026080 secs] [Times: user=0.01 sys=0.00, real=0.00 secs] 
130.830: Total time for which application threads were stopped: 0.0057730 seconds, Stopping threads took: 0.0030760 seconds
130.920: Application time: 0.0899310 seconds
130.923: [GC130.923: [ParNew: 107138K->7168K(112448K), 0.0023080 secs] 162049K->62108K(364160K), 0.0023520 secs] [Times: user=0.02 sys=0.00, real=0.00 secs] 
130.925: Total time for which application threads were stopped: 0.0049270 seconds, Stopping threads took: 0.0025060 seconds
131.013: Application time: 0.0875130 seconds
131.015: [GC131.015: [ParNew: 107136K->6919K(112448K), 0.0023470 secs] 162076K->61916K(364160K), 0.0023930 secs] [Times: user=0.02 sys=0.00, real=0.00 secs] 
131.018: Total time for which application threads were stopped: 0.0050370 seconds, Stopping threads took: 0.0025740 seconds
131.105: Application time: 0.0867990 seconds
131.106: [GC131.106: [ParNew: 106887K->7765K(112448K), 0.0025140 secs] 161884K->62762K(364160K), 0.0025580 secs] [Times: user=0.02 sys=0.00, real=0.01 secs] 
131.109: Total time for which application threads were stopped: 0.0042750 seconds, Stopping threads took: 0.0016350 seconds
131.196: Application time: 0.0875110 seconds
131.198: [GC131.198: [ParNew: 107733K->7695K(112448K), 0.0027980 secs] 162730K->62721K(364160K), 0.0028430 secs] [Times: user=0.02 sys=0.00, real=0.01 secs] 
131.201: Total time for which application threads were stopped: 0.0046800 seconds, Stopping threads took: 0.0017670 seconds
131.290: Application time: 0.0887840 seconds
131.292: [GC131.292: [ParNew: 107663K->6310K(112448K), 0.0021400 secs] 162689K->61421K(364160K), 0.0021900 secs] [Times: user=0.02 sys=0.00, real=0.00 secs] 
131.295: Total time for which application threads were stopped: 0.0048120 seconds, Stopping threads took: 0.0025590 seconds
131.384: Application time: 0.0893100 seconds
131.385: [GC131.385: [ParNew: 106278K->5776K(112448K), 0.0020280 secs] 161389K->60944K(364160K), 0.0020740 secs] [Times: user=0.01 sys=0.00, real=0.01 secs] 
131.387: Total time for which application threads were stopped: 0.0035720 seconds, Stopping threads took: 0.0014290 seconds
131.478: Application time: 0.0901950 seconds
131.480: [GC131.480: [ParNew: 105744K->6583K(112448K), 0.0021870 secs] 160912K->61751K(364160K), 0.0022300 secs] [Times: user=0.01 sys=0.00, real=0.00 secs] 
131.482: Total time for which application threads were stopped: 0.0043560 seconds, Stopping threads took: 0.0020550 seconds
131.571: Application time: 0.0891550 seconds
131.573: [GC131.573: [ParNew: 106551K->6738K(112448K), 0.0022270 secs] 161719K->61963K(364160K), 0.0022700 secs] [Times: user=0.01 sys=0.00, real=0.00 secs] 
131.575: Total time for which application threads were stopped: 0.0037670 seconds, Stopping threads took: 0.0014060 seconds
131.665: Application time: 0.0896000 seconds
131.666: [GC131.666: [ParNew: 106706K->7595K(112448K), 0.0024820 secs] 161931K->62849K(364160K), 0.0025270 secs] [Times: user=0.02 sys=0.00, real=0.01 secs] 
131.669: Total time for which application threads were stopped: 0.0043300 seconds, Stopping threads took: 0.0017280 seconds
131.762: Application time: 0.0931540 seconds
131.765: [GC131.765: [ParNew: 107563K->7479K(112448K), 0.0026980 secs] 162817K->62789K(364160K), 0.0027440 secs] [Times: user=0.02 sys=0.00, real=0.01 secs] 
131.768: Total time for which application threads were stopped: 0.0058740 seconds, Stopping threads took: 0.0030610 seconds
131.856: Application time: 0.0883720 seconds
131.858: [GC131.858: [ParNew: 107447K->6182K(112448K), 0.0022710 secs] 162757K->61578K(364160K), 0.0023130 secs] [Times: user=0.02 sys=0.00, real=0.01 secs] 
131.861: Total time for which application threads were stopped: 0.0042870 seconds, Stopping threads took: 0.0019030 seconds
131.952: Application time: 0.0918410 seconds
131.954: [GC131.954: [ParNew: 106150K->5888K(112448K), 0.0022260 secs] 161546K->61284K(364160K), 0.0022720 secs] [Times: user=0.02 sys=0.00, real=0.00 secs] 
131.957: Total time for which application threads were stopped: 0.0041310 seconds, Stopping threads took: 0.0017770 seconds
132.048: Application time: 0.0914370 seconds
132.051: [GC132.051: [ParNew: 105856K->5936K(112448K), 0.0021370 secs] 161252K->61332K(364160K), 0.0021830 secs] [Times: user=0.01 sys=0.00, real=0.00 secs] 
132.053: Total time for which application threads were stopped: 0.0051670 seconds, Stopping threads took: 0.0029120 seconds
132.144: Application time: 0.0905540 seconds
132.146: [GC132.146: [ParNew: 105904K->6499K(112448K), 0.0021310 secs] 161300K->61895K(364160K), 0.0021770 secs] [Times: user=0.01 sys=0.00, real=0.01 secs] 
132.148: Total time for which application threads were stopped: 0.0042160 seconds, Stopping threads took: 0.0019750 seconds
132.238: Application time: 0.0904100 seconds
132.241: [GC132.241: [ParNew: 106467K->7319K(112448K), 0.0025610 secs] 161863K->62858K(364160K), 0.0026070 secs] [Times: user=0.01 sys=0.00, real=0.00 secs] 
132.243: Total time for which application threads were stopped: 0.0049960 seconds, Stopping threads took: 0.0023090 seconds
132.331: Application time: 0.0873950 seconds
132.333: [GC132.333: [ParNew: 107287K->7120K(112448K), 0.0025410 secs] 162826K->62744K(364160K), 0.0025860 secs] [Times: user=0.02 sys=0.00, real=0.00 secs] 
132.336: Total time for which application threads were stopped: 0.0048030 seconds, Stopping threads took: 0.0021400 seconds
132.428: Application time: 0.0921030 seconds
132.430: [GC132.430: [ParNew: 107088K->5693K(112448K), 0.0020110 secs] 162712K->61318K(364160K), 0.0020620 secs] [Times: user=0.02 sys=0.00, real=0.00 secs] 
132.432: Total time for which application threads were stopped: 0.0045790 seconds, Stopping threads took: 0.0024480 seconds
132.519: Application time: 0.0871900 seconds
132.521: [GC132.521: [ParNew: 105661K->6605K(112448K), 0.0022670 secs] 161286K->62229K(364160K), 0.0023140 secs] [Times: user=0.01 sys=0.00, real=0.00 secs] 
132.524: Total time for which application threads were stopped: 0.0040640 seconds, Stopping threads took: 0.0016590 seconds
132.616: Application time: 0.0926750 seconds
132.619: [GC132.619: [ParNew: 106573K->6464K(112448K), 0.0022320 secs] 162197K->62145K(364160K), 0.0022780 secs] [Times: user=0.02 sys=0.00, real=0.01 secs] 
132.621: Total time for which application threads were stopped: 0.0050260 seconds, Stopping threads took: 0.0026780 seconds
132.718: Application time: 0.0970460 seconds
132.721: [GC132.721: [ParNew: 106432K->7249K(112448K), 0.0024760 secs] 162113K->63016K(364160K), 0.0025160 secs] [Times: user=0.02 sys=0.00, real=0.00 secs] 
132.723: Total time for which application threads were stopped: 0.0049790 seconds, Stopping threads took: 0.0023910 seconds
132.814: Application time: 0.0905850 seconds
132.817: [GC132.817: [ParNew: 107217K->6292K(112448K), 0.0020690 secs] 162984K->62144K(364160K), 0.0021140 secs] [Times: user=0.02 sys=0.00, real=0.00 secs] 
132.819: Total time for which application threads were stopped: 0.0049710 seconds, Stopping threads took: 0.0027740 seconds
132.908: Application time: 0.0892070 seconds
132.910: [GC132.910: [ParNew: 106260K->6455K(112448K), 0.0021540 secs] 162112K->62307K(364160K), 0.0021990 secs] [Times: user=0.02 sys=0.00, real=0.00 secs] 
132.912: Total time for which application threads were stopped: 0.0038910 seconds, Stopping threads took: 0.0016240 seconds
133.002: Application time: 0.0903140 seconds
133.005: [GC133.005: [ParNew: 106423K->6672K(112448K), 0.0023170 secs] 162275K->62581K(364160K), 0.0023650 secs] [Times: user=0.01 sys=0.00, real=0.00 secs] 
133.007: Total time for which application threads were stopped: 0.0048470 seconds, Stopping threads took: 0.0024130 seconds
133.099: Application time: 0.0920190 seconds
133.102: [GC133.102: [ParNew: 106640K->6170K(112448K), 0.0020510 secs] 162549K->62079K(364160K), 0.0020960 secs] [Times: user=0.01 sys=0.00, real=0.00 secs] 
133.104: Total time for which application threads were stopped: 0.0047530 seconds, Stopping threads took: 0.0025640 seconds
133.190: Application time: 0.0858460 seconds
133.192: [GC133.192: [ParNew: 106138K->7985K(112448K), 0.0026150 secs] 162047K->63894K(364160K), 0.0026570 secs] [Times: user=0.02 sys=0.00, real=0.00 secs] 
133.195: Total time for which application threads were stopped: 0.0054240 seconds, Stopping threads took: 0.0026970 seconds
133.287: Application time: 0.0919850 seconds
133.288: [GC133.289: [ParNew: 107953K->6198K(112448K), 0.0020410 secs] 163862K->62250K(364160K), 0.0020850 secs] [Times: user=0.02 sys=0.00, real=0.00 secs] 
133.291: Total time for which application threads were stopped: 0.0034970 seconds, Stopping threads took: 0.0013410 seconds
133.385: Application time: 0.0942790 seconds
133.388: [GC133.388: [ParNew: 106166K->6613K(112448K), 0.0021280 secs] 162218K->62665K(364160K), 0.0021730 secs] [Times: user=0.01 sys=0.00, real=0.00 secs] 
133.390: Total time for which application threads were stopped: 0.0048250 seconds, Stopping threads took: 0.0025640 seconds
133.484: Application time: 0.0939400 seconds
133.486: [GC133.486: [ParNew: 106581K->7203K(112448K), 0.0024500 secs] 162633K->63340K(364160K), 0.0024950 secs] [Times: user=0.02 sys=0.00, real=0.01 secs] 
133.489: Total time for which application threads were stopped: 0.0052570 seconds, Stopping threads took: 0.0026890 seconds
133.585: Application time: 0.0962610 seconds
133.587: [GC133.587: [ParNew: 107171K->6887K(112448K), 0.0023150 secs] 163308K->63025K(364160K), 0.0023570 secs] [Times: user=0.02 sys=0.00, real=0.00 secs] 
133.590: Total time for which application threads were stopped: 0.0045190 seconds, Stopping threads took: 0.0020920 seconds
133.688: Application time: 0.0980340 seconds
133.690: [GC133.690: [ParNew: 106855K->6893K(112448K), 0.0023600 secs] 162993K->63059K(364160K), 0.0024160 secs] [Times: user=0.01 sys=0.00, real=0.00 secs] 
133.692: Total time for which application threads were stopped: 0.0044730 seconds, Stopping threads took: 0.0019870 seconds
133.791: Application time: 0.0989910 seconds
133.794: [GC133.794: [ParNew: 106861K->6985K(112448K), 0.0024540 secs] 163027K->63264K(364160K), 0.0025000 secs] [Times: user=0.02 sys=0.00, real=0.00 secs] 
133.796: Total time for which application threads were stopped: 0.0048860 seconds, Stopping threads took: 0.0022900 seconds
133.891: Application time: 0.0948610 seconds
133.893: [GC133.893: [ParNew: 106953K->7027K(112448K), 0.0024100 secs] 163232K->63335K(364160K), 0.0024560 secs] [Times: user=0.02 sys=0.00, real=0.00 secs] 
133.896: Total time for which application threads were stopped: 0.0048020 seconds, Stopping threads took: 0.0022460 seconds
133.991: Application time: 0.0952750 seconds
133.994: [GC133.994: [ParNew: 106995K->7093K(112448K), 0.0025500 secs] 163303K->63459K(364160K), 0.0025930 secs] [Times: user=0.01 sys=0.00, real=0.00 secs] 
133.996: Total time for which application threads were stopped: 0.0051560 seconds, Stopping threads took: 0.0024720 seconds
134.092: Application time: 0.0956670 seconds
134.094: [GC134.094: [ParNew: 107061K->6717K(112448K), 0.0022690 secs] 163427K->63082K(364160K), 0.0023160 secs] [Times: user=0.02 sys=0.00, real=0.00 secs] 
134.097: Total time for which application threads were stopped: 0.0047780 seconds, Stopping threads took: 0.0023920 seconds
134.191: Application time: 0.0940590 seconds
134.193: [GC134.193: [ParNew: 106685K->7758K(112448K), 0.0026070 secs] 163050K->64152K(364160K), 0.0026530 secs] [Times: user=0.01 sys=0.01, real=0.00 secs] 
134.195: Total time for which application threads were stopped: 0.0047700 seconds, Stopping threads took: 0.0020430 seconds
134.290: Application time: 0.0942400 seconds
134.291: [GC134.291: [ParNew: 107726K->5652K(112448K), 0.0018720 secs] 164120K->62132K(364160K), 0.0019180 secs] [Times: user=0.01 sys=0.00, real=0.00 secs] 
134.293: Total time for which application threads were stopped: 0.0035290 seconds, Stopping threads took: 0.0015330 seconds
134.391: Application time: 0.0976690 seconds
134.393: [GC134.393: [ParNew: 105620K->7645K(112448K), 0.0025320 secs] 162100K->64124K(364160K), 0.0025770 secs] [Times: user=0.02 sys=0.00, real=0.00 secs] 
134.396: Total time for which application threads were stopped: 0.0049920 seconds, Stopping threads took: 0.0023310 seconds
134.490: Application time: 0.0937120 seconds
134.492: [GC134.492: [ParNew: 107613K->7174K(112448K), 0.0023390 secs] 164092K->63768K(364160K), 0.0023850 secs] [Times: user=0.02 sys=0.00, real=0.00 secs] 
134.494: Total time for which application threads were stopped: 0.0047860 seconds, Stopping threads took: 0.0023290 seconds
134.589: Application time: 0.0945060 seconds
134.592: [GC134.592: [ParNew: 107142K->7907K(112448K), 0.0026150 secs] 163736K->64501K(364160K), 0.0026610 secs] [Times: user=0.02 sys=0.00, real=0.00 secs] 
134.594: Total time for which application threads were stopped: 0.0054150 seconds, Stopping threads took: 0.0026830 seconds
134.689: Application time: 0.0942800 seconds
134.691: [GC134.691: [ParNew: 107875K->7040K(112448K), 0.0025490 secs] 164469K->63634K(364160K), 0.0025940 secs] [Times: user=0.02 sys=0.00, real=0.00 secs] 
134.693: Total time for which application threads were stopped: 0.0046380 seconds, Stopping threads took: 0.0019510 seconds
134.790: Application time: 0.0966090 seconds
134.792: [GC134.792: [ParNew: 107008K->6092K(112448K), 0.0020430 secs] 163602K->62800K(364160K), 0.0020880 secs] [Times: user=0.01 sys=0.00, real=0.00 secs] 
134.794: Total time for which application threads were stopped: 0.0039560 seconds, Stopping threads took: 0.0017760 seconds
134.889: Application time: 0.0946840 seconds
134.890: [GC134.890: [ParNew: 106060K->6136K(112448K), 0.0020880 secs] 162768K->62843K(364160K), 0.0021340 secs] [Times: user=0.01 sys=0.00, real=0.00 secs] 
134.892: Total time for which application threads were stopped: 0.0038170 seconds, Stopping threads took: 0.0015800 seconds
134.987: Application time: 0.0946930 seconds
134.990: [GC134.990: [ParNew: 106104K->6922K(112448K), 0.0024670 secs] 162811K->63630K(364160K), 0.0025130 secs] [Times: user=0.02 sys=0.00, real=0.00 secs] 
134.992: Total time for which application threads were stopped: 0.0054500 seconds, Stopping threads took: 0.0028540 seconds
135.087: Application time: 0.0942020 seconds
135.089: [GC135.089: [ParNew: 106890K->6795K(112448K), 0.0023200 secs] 163598K->63617K(364160K), 0.0023630 secs] [Times: user=0.02 sys=0.00, real=0.00 secs] 
135.091: Total time for which application threads were stopped: 0.0044430 seconds, Stopping threads took: 0.0019880 seconds
135.185: Application time: 0.0942540 seconds
135.188: [GC135.188: [ParNew: 106763K->6431K(112448K), 0.0020610 secs] 163585K->63253K(364160K), 0.0021070 secs] [Times: user=0.01 sys=0.00, real=0.00 secs] 
135.190: Total time for which application threads were stopped: 0.0044880 seconds, Stopping threads took: 0.0022880 seconds
135.286: Application time: 0.0958690 seconds
135.289: [GC135.289: [ParNew: 106399K->7933K(112448K), 0.0026800 secs] 163221K->64841K(364160K), 0.0027280 secs] [Times: user=0.02 sys=0.00, real=0.00 secs] 
135.292: Total time for which application threads were stopped: 0.0059250 seconds, Stopping threads took: 0.0031250 seconds
135.386: Application time: 0.0941180 seconds
135.389: [GC135.389: [ParNew: 107901K->7648K(112448K), 0.0025360 secs] 164809K->64640K(364160K), 0.0025850 secs] [Times: user=0.02 sys=0.00, real=0.00 secs] 
135.391: Total time for which application threads were stopped: 0.0056890 seconds, Stopping threads took: 0.0030130 seconds
135.485: Application time: 0.0932250 seconds
135.488: [GC135.488: [ParNew: 107616K->7294K(112448K), 0.0023590 secs] 164608K->64287K(364160K), 0.0024040 secs] [Times: user=0.01 sys=0.00, real=0.00 secs] 
135.490: Total time for which application threads were stopped: 0.0052670 seconds, Stopping threads took: 0.0027910 seconds
135.585: Application time: 0.0946230 seconds
135.586: [GC135.586: [ParNew: 107262K->7418K(112448K), 0.0025670 secs] 164255K->64468K(364160K), 0.0026120 secs] [Times: user=0.02 sys=0.00, real=0.01 secs] 
135.588: Total time for which application threads were stopped: 0.0038040 seconds, Stopping threads took: 0.0011140 seconds
135.683: Application time: 0.0943230 seconds
135.686: [GC135.686: [ParNew: 107386K->7874K(112448K), 0.0026660 secs] 164436K->64924K(364160K), 0.0027120 secs] [Times: user=0.02 sys=0.00, real=0.01 secs] 
135.688: Total time for which application threads were stopped: 0.0057170 seconds, Stopping threads took: 0.0029330 seconds
135.785: Application time: 0.0967870 seconds
135.786: [GC135.786: [ParNew: 107842K->7413K(112448K), 0.0025270 secs] 164892K->64548K(364160K), 0.0025730 secs] [Times: user=0.02 sys=0.00, real=0.01 secs] 
135.789: Total time for which application threads were stopped: 0.0034490 seconds, Stopping threads took: 0.0008050 seconds
135.883: Application time: 0.0940240 seconds
135.885: [GC135.885: [ParNew: 107381K->6605K(112448K), 0.0025060 secs] 164516K->63826K(364160K), 0.0025510 secs] [Times: user=0.01 sys=0.01, real=0.01 secs] 
135.888: Total time for which application threads were stopped: 0.0048320 seconds, Stopping threads took: 0.0021870 seconds
135.983: Application time: 0.0956520 seconds
135.986: [GC135.986: [ParNew: 106573K->6778K(112448K), 0.0022850 secs] 163794K->63999K(364160K), 0.0023290 secs] [Times: user=0.02 sys=0.00, real=0.01 secs] 
135.989: Total time for which application threads were stopped: 0.0053920 seconds, Stopping threads took: 0.0029720 seconds
136.083: Application time: 0.0946010 seconds
136.086: [GC136.086: [ParNew: 106746K->6741K(112448K), 0.0023550 secs] 163967K->64019K(364160K), 0.0023990 secs] [Times: user=0.02 sys=0.00, real=0.01 secs] 
136.088: Total time for which application threads were stopped: 0.0050350 seconds, Stopping threads took: 0.0025440 seconds
136.182: Application time: 0.0937710 seconds
136.184: [GC136.184: [ParNew: 106709K->7563K(112448K), 0.0026850 secs] 163987K->64841K(364160K), 0.0027450 secs] [Times: user=0.02 sys=0.00, real=0.00 secs] 
136.187: Total time for which application threads were stopped: 0.0047620 seconds, Stopping threads took: 0.0019130 seconds
136.281: Application time: 0.0945130 seconds
136.283: [GC136.283: [ParNew: 107531K->7330K(112448K), 0.0026680 secs] 164809K->64665K(364160K), 0.0027130 secs] [Times: user=0.02 sys=0.00, real=0.00 secs] 
136.286: Total time for which application threads were stopped: 0.0044710 seconds, Stopping threads took: 0.0016860 seconds
136.383: Application time: 0.0977330 seconds
136.386: [GC136.386: [ParNew: 107298K->7337K(112448K), 0.0024280 secs] 164633K->64786K(364160K), 0.0024740 secs] [Times: user=0.02 sys=0.00, real=0.01 secs] 
136.388: Total time for which application threads were stopped: 0.0048830 seconds, Stopping threads took: 0.0023390 seconds
136.482: Application time: 0.0932040 seconds
136.484: [GC136.484: [ParNew: 107305K->7455K(112448K), 0.0025060 secs] 164754K->64904K(364160K), 0.0025450 secs] [Times: user=0.01 sys=0.00, real=0.00 secs] 
136.487: Total time for which application threads were stopped: 0.0051170 seconds, Stopping threads took: 0.0024930 seconds
136.582: Application time: 0.0955410 seconds
136.585: [GC136.585: [ParNew: 107423K->5084K(112448K), 0.0017850 secs] 164872K->62590K(364160K), 0.0018260 secs] [Times: user=0.01 sys=0.00, real=0.00 secs] 
136.587: Total time for which application threads were stopped: 0.0046450 seconds, Stopping threads took: 0.0027280 seconds
136.683: Application time: 0.0966040 seconds
136.687: [GC136.687: [ParNew: 105052K->6989K(112448K), 0.0022070 secs] 162558K->64495K(364160K), 0.0022550 secs] [Times: user=0.02 sys=0.00, real=0.01 secs] 
136.689: Total time for which application threads were stopped: 0.0055880 seconds, Stopping threads took: 0.0032540 seconds
136.784: Application time: 0.0946850 seconds
136.785: [GC136.785: [ParNew: 106957K->5875K(112448K), 0.0020240 secs] 164463K->63438K(364160K), 0.0020670 secs] [Times: user=0.02 sys=0.00, real=0.01 secs] 
136.787: Total time for which application threads were stopped: 0.0035080 seconds, Stopping threads took: 0.0013610 seconds
136.882: Application time: 0.0944210 seconds
136.885: [GC136.885: [ParNew: 105843K->6932K(112448K), 0.0024590 secs] 163406K->64495K(364160K), 0.0025050 secs] [Times: user=0.01 sys=0.00, real=0.00 secs] 
136.887: Total time for which application threads were stopped: 0.0055550 seconds, Stopping threads took: 0.0029480 seconds
136.982: Application time: 0.0943590 seconds
136.984: [GC136.984: [ParNew: 106900K->7779K(112448K), 0.0027940 secs] 164463K->65456K(364160K), 0.0028360 secs] [Times: user=0.02 sys=0.00, real=0.00 secs] 
136.987: Total time for which application threads were stopped: 0.0052780 seconds, Stopping threads took: 0.0023500 seconds
137.083: Application time: 0.0964090 seconds
137.085: [GC137.085: [ParNew: 107747K->6648K(112448K), 0.0022830 secs] 165424K->64354K(364160K), 0.0023290 secs] [Times: user=0.02 sys=0.00, real=0.01 secs] 
137.087: Total time for which application threads were stopped: 0.0041020 seconds, Stopping threads took: 0.0017030 seconds
137.186: Application time: 0.0986830 seconds
137.189: [GC137.189: [ParNew: 106616K->5620K(112448K), 0.0019210 secs] 164322K->63355K(364160K), 0.0019660 secs] [Times: user=0.01 sys=0.00, real=0.00 secs] 
137.191: Total time for which application threads were stopped: 0.0044650 seconds, Stopping threads took: 0.0024000 seconds
137.283: Application time: 0.0928870 seconds
137.286: [GC137.286: [ParNew: 105588K->7270K(112448K), 0.0026460 secs] 163323K->65004K(364160K), 0.0026910 secs] [Times: user=0.02 sys=0.00, real=0.01 secs] 
137.288: Total time for which application threads were stopped: 0.0049820 seconds, Stopping threads took: 0.0021970 seconds
137.318: Application time: 0.0296020 seconds
137.321: Total time for which application threads were stopped: 0.0029210 seconds, Stopping threads took: 0.0028960 seconds
137.388: Application time: 0.0670230 seconds
137.391: [GC137.391: [ParNew: 107238K->6223K(112448K), 0.0023190 secs] 164972K->64071K(364160K), 0.0023720 secs] [Times: user=0.01 sys=0.00, real=0.00 secs] 
137.393: Total time for which application threads were stopped: 0.0050460 seconds, Stopping threads took: 0.0026040 seconds
137.472: Application time: 0.0791150 seconds
137.474: Total time for which application threads were stopped: 0.0021580 seconds, Stopping threads took: 0.0021110 seconds
137.488: Application time: 0.0134040 seconds
137.490: [GC137.490: [ParNew: 106191K->4563K(112448K), 0.0016920 secs] 164039K->62411K(364160K), 0.0017370 secs] [Times: user=0.02 sys=0.00, real=0.00 secs] 
137.491: Total time for which application threads were stopped: 0.0036460 seconds, Stopping threads took: 0.0018200 seconds
137.503: Application time: 0.0113340 seconds
137.505: Total time for which application threads were stopped: 0.0027540 seconds, Stopping threads took: 0.0027200 seconds
137.546: Application time: 0.0406020 seconds
137.547: Total time for which application threads were stopped: 0.0009470 seconds, Stopping threads took: 0.0009240 seconds
137.588: Application time: 0.0413840 seconds
137.589: [GC137.590: [ParNew: 104531K->2700K(112448K), 0.0012320 secs] 162379K->60549K(364160K), 0.0012690 secs] [Times: user=0.01 sys=0.00, real=0.00 secs] 
137.591: Total time for which application threads were stopped: 0.0023790 seconds, Stopping threads took: 0.0010410 seconds
137.599: Application time: 0.0080400 seconds
137.600: Total time for which application threads were stopped: 0.0015540 seconds, Stopping threads took: 0.0015240 seconds
137.639: Application time: 0.0385780 seconds
137.640: Total time for which application threads were stopped: 0.0010150 seconds, Stopping threads took: 0.0009910 seconds
137.703: Application time: 0.0630840 seconds
137.703: Total time for which application threads were stopped: 0.0000590 seconds, Stopping threads took: 0.0000190 seconds
137.750: Application time: 0.0473280 seconds
137.753: [GC137.753: [ParNew: 102668K->6180K(112448K), 0.0020950 secs] 160517K->64028K(364160K), 0.0021470 secs] [Times: user=0.01 sys=0.00, real=0.00 secs] 
137.755: Total time for which application threads were stopped: 0.0048410 seconds, Stopping threads took: 0.0026320 seconds
137.844: Application time: 0.0891220 seconds
137.847: [GC137.847: [ParNew: 106148K->7377K(112448K), 0.0024660 secs] 163996K->65225K(364160K), 0.0025140 secs] [Times: user=0.02 sys=0.00, real=0.01 secs] 
137.849: Total time for which application threads were stopped: 0.0048800 seconds, Stopping threads took: 0.0022980 seconds
137.939: Application time: 0.0899290 seconds
137.941: [GC137.941: [ParNew: 107345K->6575K(112448K), 0.0023610 secs] 165193K->64662K(364160K), 0.0024070 secs] [Times: user=0.02 sys=0.00, real=0.00 secs] 
137.944: Total time for which application threads were stopped: 0.0046420 seconds, Stopping threads took: 0.0021630 seconds
138.038: Application time: 0.0936980 seconds
138.040: [GC138.040: [ParNew: 106543K->6830K(112448K), 0.0025320 secs] 164630K->64917K(364160K), 0.0025860 secs] [Times: user=0.02 sys=0.00, real=0.00 secs] 
138.042: Total time for which application threads were stopped: 0.0045310 seconds, Stopping threads took: 0.0018670 seconds
138.138: Application time: 0.0957990 seconds
138.140: [GC138.140: [ParNew: 106798K->7577K(112448K), 0.0026940 secs] 164885K->65664K(364160K), 0.0027450 secs] [Times: user=0.02 sys=0.00, real=0.00 secs] 
138.143: Total time for which application threads were stopped: 0.0053020 seconds, Stopping threads took: 0.0024760 seconds
138.181: Application time: 0.0377910 seconds
138.183: Total time for which application threads were stopped: 0.0016420 seconds, Stopping threads took: 0.0016090 seconds
138.183: Application time: 0.0007640 seconds
138.186: Total time for which application threads were stopped: 0.0028800 seconds, Stopping threads took: 0.0028550 seconds
138.242: Application time: 0.0552790 seconds
138.245: [GC138.245: [ParNew: 107545K->6408K(112448K), 0.0021340 secs] 165632K->64496K(364160K), 0.0021870 secs] [Times: user=0.02 sys=0.00, real=0.00 secs] 
138.247: Total time for which application threads were stopped: 0.0051740 seconds, Stopping threads took: 0.0029050 seconds
138.336: Application time: 0.0887620 seconds
138.338: [GC138.338: [ParNew: 106376K->6645K(112448K), 0.0022120 secs] 164464K->64904K(364160K), 0.0022560 secs] [Times: user=0.01 sys=0.00, real=0.01 secs] 
138.340: Total time for which application threads were stopped: 0.0044630 seconds, Stopping threads took: 0.0021390 seconds
138.429: Application time: 0.0887880 seconds
138.431: [GC138.431: [ParNew: 106613K->7049K(112448K), 0.0023910 secs] 164872K->65366K(364160K), 0.0024330 secs] [Times: user=0.02 sys=0.00, real=0.00 secs] 
138.434: Total time for which application threads were stopped: 0.0048310 seconds, Stopping threads took: 0.0023280 seconds
138.521: Application time: 0.0876710 seconds
138.524: [GC138.524: [ParNew: 107017K->6837K(112448K), 0.0023840 secs] 165334K->65154K(364160K), 0.0024270 secs] [Times: user=0.02 sys=0.00, real=0.00 secs] 
138.526: Total time for which application threads were stopped: 0.0048520 seconds, Stopping threads took: 0.0023550 seconds
138.615: Application time: 0.0888140 seconds
138.617: [GC138.617: [ParNew: 106805K->6397K(112448K), 0.0020970 secs] 165122K->64714K(364160K), 0.0021490 secs] [Times: user=0.01 sys=0.00, real=0.01 secs] 
138.619: Total time for which application threads were stopped: 0.0043490 seconds, Stopping threads took: 0.0021290 seconds
138.709: Application time: 0.0893200 seconds
138.711: [GC138.711: [ParNew: 106365K->7268K(112448K), 0.0026540 secs] 164682K->65584K(364160K), 0.0026990 secs] [Times: user=0.01 sys=0.00, real=0.00 secs] 
138.714: Total time for which application threads were stopped: 0.0050600 seconds, Stopping threads took: 0.0022930 seconds
138.801: Application time: 0.0870150 seconds
138.803: [GC138.803: [ParNew: 107236K->7901K(112448K), 0.0028020 secs] 165552K->66388K(364160K), 0.0028470 secs] [Times: user=0.02 sys=0.00, real=0.00 secs] 
138.806: Total time for which application threads were stopped: 0.0051200 seconds, Stopping threads took: 0.0021750 seconds
138.896: Application time: 0.0904770 seconds
138.899: [GC138.899: [ParNew: 107869K->7860K(112448K), 0.0025620 secs] 166356K->66405K(364160K), 0.0026090 secs] [Times: user=0.02 sys=0.00, real=0.01 secs] 
138.902: Total time for which application threads were stopped: 0.0052540 seconds, Stopping threads took: 0.0025750 seconds
138.994: Application time: 0.0919810 seconds
138.996: [GC138.996: [ParNew: 107828K->6796K(112448K), 0.0022870 secs] 166373K->65341K(364160K), 0.0023330 secs] [Times: user=0.02 sys=0.00, real=0.00 secs] 
138.998: Total time for which application threads were stopped: 0.0047200 seconds, Stopping threads took: 0.0023160 seconds
139.087: Application time: 0.0883130 seconds
139.090: [GC139.090: [ParNew: 106764K->6767K(112448K), 0.0022280 secs] 165309K->65311K(364160K), 0.0022750 secs] [Times: user=0.02 sys=0.00, real=0.00 secs] 
139.092: Total time for which application threads were stopped: 0.0053310 seconds, Stopping threads took: 0.0029860 seconds
139.181: Application time: 0.0892280 seconds
139.184: [GC139.184: [ParNew: 106735K->7337K(112448K), 0.0024360 secs] 165279K->65881K(364160K), 0.0024780 secs] [Times: user=0.01 sys=0.00, real=0.00 secs] 
139.187: Total time for which application threads were stopped: 0.0054250 seconds, Stopping threads took: 0.0028780 seconds
139.281: Application time: 0.0940510 seconds
139.281: [GC139.281: [ParNew: 107305K->6523K(112448K), 0.0024160 secs] 165849K->65239K(364160K), 0.0024620 secs] [Times: user=0.01 sys=0.00, real=0.00 secs] 
139.284: Total time for which application threads were stopped: 0.0030520 seconds, Stopping threads took: 0.0005020 seconds
139.372: Application time: 0.0884170 seconds
139.374: [GC139.374: [ParNew: 106491K->7099K(112448K), 0.0025480 secs] 165207K->65872K(364160K), 0.0025960 secs] [Times: user=0.02 sys=0.00, real=0.00 secs] 
139.377: Total time for which application threads were stopped: 0.0048620 seconds, Stopping threads took: 0.0021660 seconds
139.468: Application time: 0.0912890 seconds
139.471: [GC139.471: [ParNew: 107067K->7747K(112448K), 0.0025700 secs] 165840K->66520K(364160K), 0.0026240 secs] [Times: user=0.02 sys=0.00, real=0.00 secs] 
139.474: Total time for which application threads were stopped: 0.0055100 seconds, Stopping threads took: 0.0028150 seconds
139.567: Application time: 0.0928060 seconds
139.568: [GC139.568: [ParNew: 107715K->6616K(112448K), 0.0021870 secs] 166488K->65389K(364160K), 0.0022350 secs] [Times: user=0.02 sys=0.00, real=0.00 secs] 
139.570: Total time for which application threads were stopped: 0.0037930 seconds, Stopping threads took: 0.0014670 seconds
139.657: Application time: 0.0867870 seconds
139.659: [GC139.659: [ParNew: 106584K->6554K(112448K), 0.0024280 secs] 165357K->65327K(364160K), 0.0024710 secs] [Times: user=0.01 sys=0.01, real=0.00 secs] 
139.662: Total time for which application threads were stopped: 0.0046280 seconds, Stopping threads took: 0.0020860 seconds
139.752: Application time: 0.0897440 seconds
139.755: [GC139.755: [ParNew: 106522K->6949K(112448K), 0.0023780 secs] 165295K->65779K(364160K), 0.0024250 secs] [Times: user=0.01 sys=0.00, real=0.00 secs] 
139.757: Total time for which application threads were stopped: 0.0055850 seconds, Stopping threads took: 0.0030700 seconds
139.848: Application time: 0.0907190 seconds
139.850: [GC139.850: [ParNew: 106917K->5800K(112448K), 0.0020490 secs] 165747K->64773K(364160K), 0.0020930 secs] [Times: user=0.01 sys=0.00, real=0.00 secs] 
139.852: Total time for which application threads were stopped: 0.0037930 seconds, Stopping threads took: 0.0016220 seconds
139.940: Application time: 0.0886550 seconds
139.943: [GC139.943: [ParNew: 105768K->7759K(112448K), 0.0025520 secs] 164741K->66732K(364160K), 0.0025970 secs] [Times: user=0.02 sys=0.00, real=0.00 secs] 
139.946: Total time for which application threads were stopped: 0.0054200 seconds, Stopping threads took: 0.0027460 seconds
140.036: Application time: 0.0907360 seconds
140.039: [GC140.039: [ParNew: 107727K->7639K(112448K), 0.0025790 secs] 166700K->66640K(364160K), 0.0026270 secs] [Times: user=0.02 sys=0.00, real=0.01 secs] 
140.042: Total time for which application threads were stopped: 0.0053360 seconds, Stopping threads took: 0.0026370 seconds
140.133: Application time: 0.0910690 seconds
140.136: [GC140.136: [ParNew: 107607K->6447K(112448K), 0.0021770 secs] 166608K->65448K(364160K), 0.0022210 secs] [Times: user=0.01 sys=0.00, real=0.00 secs] 
140.138: Total time for which application threads were stopped: 0.0052700 seconds, Stopping threads took: 0.0029800 seconds
140.229: Application time: 0.0906190 seconds
140.230: [GC140.230: [ParNew: 106415K->5391K(112448K), 0.0017960 secs] 165416K->64421K(364160K), 0.0018410 secs] [Times: user=0.01 sys=0.00, real=0.00 secs] 
140.232: Total time for which application threads were stopped: 0.0031700 seconds, Stopping threads took: 0.0012580 seconds
140.323: Application time: 0.0908960 seconds
140.325: [GC140.325: [ParNew: 105359K->6486K(112448K), 0.0022720 secs] 164389K->65515K(364160K), 0.0023180 secs] [Times: user=0.01 sys=0.00, real=0.00 secs] 
140.327: Total time for which application threads were stopped: 0.0041080 seconds, Stopping threads took: 0.0017190 seconds
140.417: Application time: 0.0898000 seconds
140.420: [GC140.420: [ParNew: 106454K->7146K(112448K), 0.0024410 secs] 165483K->66375K(364160K), 0.0024830 secs] [Times: user=0.01 sys=0.00, real=0.00 secs] 
140.422: Total time for which application threads were stopped: 0.0055630 seconds, Stopping threads took: 0.0030100 seconds
140.513: Application time: 0.0906480 seconds
140.514: [GC140.514: [ParNew: 107114K->7383K(112448K), 0.0026870 secs] 166343K->66612K(364160K), 0.0027330 secs] [Times: user=0.02 sys=0.00, real=0.00 secs] 
140.517: Total time for which application threads were stopped: 0.0039850 seconds, Stopping threads took: 0.0011510 seconds
140.608: Application time: 0.0912130 seconds
140.611: [GC140.611: [ParNew: 107351K->6611K(112448K), 0.0020880 secs] 166580K->65840K(364160K), 0.0021350 secs] [Times: user=0.02 sys=0.00, real=0.00 secs] 
140.613: Total time for which application threads were stopped: 0.0051050 seconds, Stopping threads took: 0.0028970 seconds
140.702: Application time: 0.0889950 seconds
140.704: [GC140.704: [ParNew: 106579K->7261K(112448K), 0.0023970 secs] 165808K->66490K(364160K), 0.0024420 secs] [Times: user=0.02 sys=0.00, real=0.00 secs] 
140.707: Total time for which application threads were stopped: 0.0046870 seconds, Stopping threads took: 0.0021550 seconds
140.795: Application time: 0.0879580 seconds
140.797: [GC140.797: [ParNew: 107229K->6993K(112448K), 0.0023400 secs] 166458K->66421K(364160K), 0.0023850 secs] [Times: user=0.02 sys=0.00, real=0.01 secs] 
140.800: Total time for which application threads were stopped: 0.0048190 seconds, Stopping threads took: 0.0023660 seconds
140.892: Application time: 0.0921950 seconds
140.894: [GC140.894: [ParNew: 106961K->5879K(112448K), 0.0019240 secs] 166389K->65336K(364160K), 0.0019710 secs] [Times: user=0.02 sys=0.00, real=0.00 secs] 
140.896: Total time for which application threads were stopped: 0.0045040 seconds, Stopping threads took: 0.0024630 seconds
140.986: Application time: 0.0899620 seconds
140.989: [GC140.989: [ParNew: 105847K->6596K(112448K), 0.0021840 secs] 165304K->66054K(364160K), 0.0022260 secs] [Times: user=0.02 sys=0.00, real=0.00 secs] 
140.991: Total time for which application threads were stopped: 0.0048060 seconds, Stopping threads took: 0.0025100 seconds
141.081: Application time: 0.0902390 seconds
141.084: [GC141.084: [ParNew: 106564K->5682K(112448K), 0.0018930 secs] 166022K->65139K(364160K), 0.0019360 secs] [Times: user=0.01 sys=0.00, real=0.00 secs] 
141.086: Total time for which application threads were stopped: 0.0043920 seconds, Stopping threads took: 0.0023800 seconds
141.175: Application time: 0.0895880 seconds
141.178: [GC141.178: [ParNew: 105650K->7373K(112448K), 0.0026570 secs] 165107K->66830K(364160K), 0.0027010 secs] [Times: user=0.02 sys=0.00, real=0.01 secs] 
141.181: Total time for which application threads were stopped: 0.0054540 seconds, Stopping threads took: 0.0026620 seconds
141.274: Application time: 0.0931640 seconds
141.276: [GC141.276: [ParNew: 107341K->6854K(112448K), 0.0024850 secs] 166798K->66482K(364160K), 0.0025260 secs] [Times: user=0.01 sys=0.00, real=0.00 secs] 
141.279: Total time for which application threads were stopped: 0.0048490 seconds, Stopping threads took: 0.0022340 seconds
141.368: Application time: 0.0890200 seconds
141.370: [GC141.370: [ParNew: 106822K->6626K(112448K), 0.0022470 secs] 166450K->66311K(364160K), 0.0022930 secs] [Times: user=0.01 sys=0.01, real=0.00 secs] 
141.373: Total time for which application threads were stopped: 0.0046640 seconds, Stopping threads took: 0.0023010 seconds
141.466: Application time: 0.0931240 seconds
141.467: [GC141.467: [ParNew: 106594K->7105K(112448K), 0.0023550 secs] 166279K->66791K(364160K), 0.0024010 secs] [Times: user=0.02 sys=0.00, real=0.01 secs] 
141.469: Total time for which application threads were stopped: 0.0037790 seconds, Stopping threads took: 0.0013060 seconds
141.566: Application time: 0.0962000 seconds
141.568: [GC141.568: [ParNew: 107073K->7149K(112448K), 0.0023050 secs] 166759K->66834K(364160K), 0.0023530 secs] [Times: user=0.02 sys=0.00, real=0.00 secs] 
141.570: Total time for which application threads were stopped: 0.0044150 seconds, Stopping threads took: 0.0019690 seconds
141.663: Application time: 0.0932270 seconds
141.667: [GC141.667: [ParNew: 107117K->7933K(112448K), 0.0025670 secs] 166802K->67619K(364160K), 0.0026140 secs] [Times: user=0.02 sys=0.00, real=0.01 secs] 
141.669: Total time for which application threads were stopped: 0.0059110 seconds, Stopping threads took: 0.0031930 seconds
141.766: Application time: 0.0966780 seconds
141.768: [GC141.768: [ParNew: 107901K->5545K(112448K), 0.0019450 secs] 167587K->65345K(364160K), 0.0019910 secs] [Times: user=0.01 sys=0.00, real=0.00 secs] 
141.770: Total time for which application threads were stopped: 0.0040650 seconds, Stopping threads took: 0.0020030 seconds
141.867: Application time: 0.0966840 seconds
141.868: [GC141.868: [ParNew: 105513K->5103K(112448K), 0.0018050 secs] 165313K->64902K(364160K), 0.0018550 secs] [Times: user=0.02 sys=0.00, real=0.00 secs] 
141.870: Total time for which application threads were stopped: 0.0034860 seconds, Stopping threads took: 0.0015600 seconds
141.967: Application time: 0.0971840 seconds
141.970: [GC141.971: [ParNew: 105071K->6836K(112448K), 0.0023880 secs] 164870K->66635K(364160K), 0.0024330 secs] [Times: user=0.01 sys=0.00, real=0.00 secs] 
141.973: Total time for which application threads were stopped: 0.0055840 seconds, Stopping threads took: 0.0030610 seconds
142.069: Application time: 0.0964350 seconds
142.072: [GC142.072: [ParNew: 106804K->6996K(112448K), 0.0023630 secs] 166603K->66909K(364160K), 0.0024090 secs] [Times: user=0.02 sys=0.00, real=0.00 secs] 
142.074: Total time for which application threads were stopped: 0.0048000 seconds, Stopping threads took: 0.0023180 seconds
142.174: Application time: 0.0996960 seconds
142.176: [GC142.176: [ParNew: 106964K->5813K(112448K), 0.0019680 secs] 166877K->65727K(364160K), 0.0020130 secs] [Times: user=0.02 sys=0.00, real=0.00 secs] 
142.178: Total time for which application threads were stopped: 0.0036790 seconds, Stopping threads took: 0.0015880 seconds
142.274: Application time: 0.0964690 seconds
142.277: [GC142.277: [ParNew: 105781K->6926K(112448K), 0.0023550 secs] 165695K->66839K(364160K), 0.0023980 secs] [Times: user=0.02 sys=0.00, real=0.00 secs] 
142.279: Total time for which application threads were stopped: 0.0051660 seconds, Stopping threads took: 0.0026760 seconds
142.374: Application time: 0.0951300 seconds
142.377: [GC142.377: [ParNew: 106894K->7718K(112448K), 0.0028870 secs] 166807K->67831K(364160K), 0.0029350 secs] [Times: user=0.02 sys=0.00, real=0.01 secs] 
142.380: Total time for which application threads were stopped: 0.0055790 seconds, Stopping threads took: 0.0025720 seconds
142.477: Application time: 0.0968540 seconds
142.479: [GC142.479: [ParNew: 107686K->7550K(112448K), 0.0024380 secs] 167799K->67692K(364160K), 0.0024840 secs] [Times: user=0.02 sys=0.00, real=0.01 secs] 
142.482: Total time for which application threads were stopped: 0.0049480 seconds, Stopping threads took: 0.0023900 seconds
142.577: Application time: 0.0948110 seconds
142.579: [GC142.579: [ParNew: 107518K->6732K(112448K), 0.0023690 secs] 167660K->66874K(364160K), 0.0024140 secs] [Times: user=0.02 sys=0.00, real=0.01 secs] 
142.581: Total time for which application threads were stopped: 0.0045120 seconds, Stopping threads took: 0.0020300 seconds
142.672: Application time: 0.0913920 seconds
142.675: [GC142.675: [ParNew: 106700K->7476K(112448K), 0.0024210 secs] 166842K->67617K(364160K), 0.0024670 secs] [Times: user=0.02 sys=0.00, real=0.00 secs] 
142.678: Total time for which application threads were stopped: 0.0052420 seconds, Stopping threads took: 0.0027050 seconds
142.772: Application time: 0.0944460 seconds
142.775: [GC142.775: [ParNew: 107444K->6639K(112448K), 0.0023540 secs] 167585K->66866K(364160K), 0.0024000 secs] [Times: user=0.02 sys=0.00, real=0.00 secs] 
142.777: Total time for which application threads were stopped: 0.0052320 seconds, Stopping threads took: 0.0027480 seconds
142.874: Application time: 0.0969230 seconds
142.878: [GC142.878: [ParNew: 106607K->6551K(112448K), 0.0021840 secs] 166834K->66892K(364160K), 0.0022300 secs] [Times: user=0.02 sys=0.00, real=0.01 secs] 
142.880: Total time for which application threads were stopped: 0.0055170 seconds, Stopping threads took: 0.0031940 seconds
142.972: Application time: 0.0925950 seconds
142.975: [GC142.975: [ParNew: 106519K->6975K(112448K), 0.0024990 secs] 166860K->67345K(364160K), 0.0025440 secs] [Times: user=0.01 sys=0.00, real=0.00 secs] 
142.978: Total time for which application threads were stopped: 0.0051190 seconds, Stopping threads took: 0.0025040 seconds
143.073: Application time: 0.0953310 seconds
143.075: [GC143.075: [ParNew: 106943K->7252K(112448K), 0.0024960 secs] 167313K->67622K(364160K), 0.0025410 secs] [Times: user=0.02 sys=0.00, real=0.00 secs] 
143.077: Total time for which application threads were stopped: 0.0045130 seconds, Stopping threads took: 0.0018710 seconds
143.174: Application time: 0.0964780 seconds
143.175: [GC143.175: [ParNew: 107220K->5597K(112448K), 0.0018580 secs] 167590K->65967K(364160K), 0.0019010 secs] [Times: user=0.01 sys=0.00, real=0.00 secs] 
143.177: Total time for which application threads were stopped: 0.0028570 seconds, Stopping threads took: 0.0008750 seconds
143.272: Application time: 0.0955170 seconds
143.274: [GC143.274: [ParNew: 105565K->6009K(112448K), 0.0021700 secs] 165935K->66379K(364160K), 0.0022180 secs] [Times: user=0.02 sys=0.00, real=0.00 secs] 
143.276: Total time for which application threads were stopped: 0.0038010 seconds, Stopping threads took: 0.0015090 seconds
143.373: Application time: 0.0969820 seconds
143.376: [GC143.376: [ParNew: 105977K->7201K(112448K), 0.0024240 secs] 166347K->67570K(364160K), 0.0024710 secs] [Times: user=0.01 sys=0.00, real=0.00 secs] 
143.379: Total time for which application threads were stopped: 0.0056240 seconds, Stopping threads took: 0.0030510 seconds
143.480: Application time: 0.1013820 seconds
143.482: [GC143.483: [ParNew: 107169K->6723K(112448K), 0.0023720 secs] 167538K->67321K(364160K), 0.0024170 secs] [Times: user=0.02 sys=0.00, real=0.00 secs] 
143.485: Total time for which application threads were stopped: 0.0048930 seconds, Stopping threads took: 0.0023840 seconds
143.580: Application time: 0.0946420 seconds
143.583: [GC143.583: [ParNew: 106691K->7174K(112448K), 0.0025580 secs] 167289K->67772K(364160K), 0.0026020 secs] [Times: user=0.01 sys=0.00, real=0.00 secs] 
143.585: Total time for which application threads were stopped: 0.0057760 seconds, Stopping threads took: 0.0031030 seconds
143.681: Application time: 0.0960910 seconds
143.684: [GC143.684: [ParNew: 107142K->7316K(112448K), 0.0023410 secs] 167740K->67914K(364160K), 0.0023870 secs] [Times: user=0.01 sys=0.00, real=0.00 secs] 
143.686: Total time for which application threads were stopped: 0.0049630 seconds, Stopping threads took: 0.0024820 seconds
143.787: Application time: 0.1002230 seconds
143.789: [GC143.789: [ParNew: 107284K->6563K(112448K), 0.0021440 secs] 167882K->67161K(364160K), 0.0021890 secs] [Times: user=0.01 sys=0.00, real=0.00 secs] 
143.791: Total time for which application threads were stopped: 0.0045100 seconds, Stopping threads took: 0.0022400 seconds
143.891: Application time: 0.1000550 seconds
143.894: [GC143.894: [ParNew: 106531K->6163K(112448K), 0.0021950 secs] 167129K->66960K(364160K), 0.0022390 secs] [Times: user=0.01 sys=0.00, real=0.00 secs] 
143.896: Total time for which application threads were stopped: 0.0048010 seconds, Stopping threads took: 0.0024810 seconds
143.989: Application time: 0.0933090 seconds
143.991: [GC143.991: [ParNew: 106131K->6040K(112448K), 0.0020520 secs] 166928K->66837K(364160K), 0.0020980 secs] [Times: user=0.01 sys=0.00, real=0.00 secs] 
143.993: Total time for which application threads were stopped: 0.0037980 seconds, Stopping threads took: 0.0016270 seconds
144.092: Application time: 0.0989540 seconds
144.095: [GC144.095: [ParNew: 106008K->6436K(112448K), 0.0022590 secs] 166805K->67234K(364160K), 0.0023050 secs] [Times: user=0.01 sys=0.00, real=0.00 secs] 
144.097: Total time for which application threads were stopped: 0.0049600 seconds, Stopping threads took: 0.0025810 seconds
144.192: Application time: 0.0945340 seconds
144.193: [GC144.193: [ParNew: 106404K->6729K(112448K), 0.0022270 secs] 167202K->67555K(364160K), 0.0022750 secs] [Times: user=0.02 sys=0.00, real=0.00 secs] 
144.196: Total time for which application threads were stopped: 0.0040700 seconds, Stopping threads took: 0.0017020 seconds
144.293: Application time: 0.0969400 seconds
144.296: [GC144.296: [ParNew: 106697K->7485K(112448K), 0.0025300 secs] 167523K->68311K(364160K), 0.0025760 secs] [Times: user=0.02 sys=0.00, real=0.00 secs] 
144.299: Total time for which application threads were stopped: 0.0059970 seconds, Stopping threads took: 0.0033290 seconds
144.393: Application time: 0.0947400 seconds
144.395: [GC144.395: [ParNew: 107453K->7278K(112448K), 0.0023990 secs] 168279K->68276K(364160K), 0.0024530 secs] [Times: user=0.02 sys=0.00, real=0.00 secs] 
144.398: Total time for which application threads were stopped: 0.0045040 seconds, Stopping threads took: 0.0019500 seconds
144.495: Application time: 0.0968410 seconds
144.497: [GC144.497: [ParNew: 107246K->7461K(112448K), 0.0024350 secs] 168244K->68515K(364160K), 0.0024840 secs] [Times: user=0.02 sys=0.00, real=0.00 secs] 
144.499: Total time for which application threads were stopped: 0.0044580 seconds, Stopping threads took: 0.0019030 seconds
144.593: Application time: 0.0936590 seconds
144.596: [GC144.596: [ParNew: 107429K->6548K(112448K), 0.0022390 secs] 168483K->67602K(364160K), 0.0022820 secs] [Times: user=0.01 sys=0.00, real=0.00 secs] 
144.598: Total time for which application threads were stopped: 0.0052430 seconds, Stopping threads took: 0.0028920 seconds
144.696: Application time: 0.0979500 seconds
144.699: [GC144.699: [ParNew: 106516K->5837K(112448K), 0.0022070 secs] 167570K->66891K(364160K), 0.0022520 secs] [Times: user=0.01 sys=0.00, real=0.01 secs] 
144.701: Total time for which application threads were stopped: 0.0052250 seconds, Stopping threads took: 0.0028790 seconds
144.802: Application time: 0.1008590 seconds
144.804: [GC144.804: [ParNew: 105805K->7313K(112448K), 0.0024330 secs] 166859K->68368K(364160K), 0.0024790 secs] [Times: user=0.02 sys=0.00, real=0.00 secs] 
144.806: Total time for which application threads were stopped: 0.0043660 seconds, Stopping threads took: 0.0018030 seconds
144.907: Application time: 0.1003480 seconds
144.910: [GC144.910: [ParNew: 107281K->6343K(112448K), 0.0021540 secs] 168336K->67540K(364160K), 0.0022020 secs] [Times: user=0.02 sys=0.00, real=0.00 secs] 
144.912: Total time for which application threads were stopped: 0.0050960 seconds, Stopping threads took: 0.0028130 seconds
145.005: Application time: 0.0933560 seconds
145.008: [GC145.008: [ParNew: 106311K->7460K(112448K), 0.0025190 secs] 167508K->68714K(364160K), 0.0025630 secs] [Times: user=0.02 sys=0.00, real=0.00 secs] 
145.011: Total time for which application threads were stopped: 0.0055330 seconds, Stopping threads took: 0.0028860 seconds
145.106: Application time: 0.0954860 seconds
145.109: [GC145.109: [ParNew: 107428K->6568K(112448K), 0.0021200 secs] 168682K->67850K(364160K), 0.0021660 secs] [Times: user=0.02 sys=0.00, real=0.00 secs] 
145.111: Total time for which application threads were stopped: 0.0050170 seconds, Stopping threads took: 0.0027710 seconds
145.208: Application time: 0.0969250 seconds
145.211: [GC145.211: [ParNew: 106536K->7704K(112448K), 0.0026380 secs] 167818K->68986K(364160K), 0.0026890 secs] [Times: user=0.02 sys=0.00, real=0.00 secs] 
145.214: Total time for which application threads were stopped: 0.0056180 seconds, Stopping threads took: 0.0028580 seconds
145.308: Application time: 0.0941660 seconds
145.309: [GC145.309: [ParNew: 107672K->5677K(112448K), 0.0019280 secs] 168954K->66960K(364160K), 0.0019740 secs] [Times: user=0.02 sys=0.00, real=0.00 secs] 
145.311: Total time for which application threads were stopped: 0.0030890 seconds, Stopping threads took: 0.0010230 seconds
145.408: Application time: 0.0967770 seconds
145.411: [GC145.411: [ParNew: 105645K->7239K(112448K), 0.0025070 secs] 166928K->68521K(364160K), 0.0025510 secs] [Times: user=0.02 sys=0.00, real=0.00 secs] 
145.413: Total time for which application threads were stopped: 0.0053100 seconds, Stopping threads took: 0.0026580 seconds
145.502: Application time: 0.0890130 seconds
145.505: [GC145.505: [ParNew: 107207K->7007K(112448K), 0.0023200 secs] 168489K->68489K(364160K), 0.0023650 secs] [Times: user=0.02 sys=0.00, real=0.01 secs] 
145.508: Total time for which application threads were stopped: 0.0054800 seconds, Stopping threads took: 0.0030470 seconds
145.596: Application time: 0.0882650 seconds
145.599: [GC145.599: [ParNew: 106975K->6758K(112448K), 0.0024750 secs] 168457K->68268K(364160K), 0.0025220 secs] [Times: user=0.01 sys=0.00, real=0.01 secs] 
145.601: Total time for which application threads were stopped: 0.0053470 seconds, Stopping threads took: 0.0027480 seconds
145.690: Application time: 0.0887700 seconds
145.693: [GC145.693: [ParNew: 106726K->7618K(112448K), 0.0026740 secs] 168236K->69128K(364160K), 0.0027200 secs] [Times: user=0.02 sys=0.00, real=0.00 secs] 
145.696: Total time for which application threads were stopped: 0.0057750 seconds, Stopping threads took: 0.0029870 seconds
145.785: Application time: 0.0893290 seconds
145.786: [GC145.786: [ParNew: 107586K->5702K(112448K), 0.0019670 secs] 169096K->67212K(364160K), 0.0020100 secs] [Times: user=0.01 sys=0.00, real=0.01 secs] 
145.788: Total time for which application threads were stopped: 0.0029890 seconds, Stopping threads took: 0.0009120 seconds
145.877: Application time: 0.0889040 seconds
145.879: [GC145.879: [ParNew: 105670K->5302K(112448K), 0.0017270 secs] 167180K->66813K(364160K), 0.0017760 secs] [Times: user=0.01 sys=0.00, real=0.01 secs] 
145.881: Total time for which application threads were stopped: 0.0034820 seconds, Stopping threads took: 0.0016250 seconds
145.967: Application time: 0.0867850 seconds
145.970: [GC145.970: [ParNew: 105270K->8085K(112448K), 0.0029630 secs] 166781K->69595K(364160K), 0.0030050 secs] [Times: user=0.02 sys=0.00, real=0.00 secs] 
145.973: Total time for which application threads were stopped: 0.0052210 seconds, Stopping threads took: 0.0021500 seconds
146.063: Application time: 0.0902830 seconds
146.064: [GC146.064: [ParNew: 108053K->5912K(112448K), 0.0021790 secs] 169563K->67651K(364160K), 0.0022240 secs] [Times: user=0.02 sys=0.00, real=0.00 secs] 
146.066: Total time for which application threads were stopped: 0.0034130 seconds, Stopping threads took: 0.0011180 seconds
146.154: Application time: 0.0878960 seconds
146.157: [GC146.157: [ParNew: 105880K->6844K(112448K), 0.0022030 secs] 167619K->68583K(364160K), 0.0022480 secs] [Times: user=0.02 sys=0.00, real=0.00 secs] 
146.159: Total time for which application threads were stopped: 0.0047060 seconds, Stopping threads took: 0.0023870 seconds
146.249: Application time: 0.0901630 seconds
146.251: [GC146.251: [ParNew: 106812K->6757K(112448K), 0.0022040 secs] 168551K->68495K(364160K), 0.0022470 secs] [Times: user=0.02 sys=0.00, real=0.00 secs] 
146.254: Total time for which application threads were stopped: 0.0044710 seconds, Stopping threads took: 0.0021540 seconds
146.341: Application time: 0.0876600 seconds
146.344: [GC146.344: [ParNew: 106725K->7990K(112448K), 0.0026610 secs] 168463K->69728K(364160K), 0.0027060 secs] [Times: user=0.01 sys=0.00, real=0.00 secs] 
146.347: Total time for which application threads were stopped: 0.0053470 seconds, Stopping threads took: 0.0025710 seconds
146.438: Application time: 0.0913350 seconds
146.441: [GC146.441: [ParNew: 107958K->5973K(112448K), 0.0020900 secs] 169696K->67911K(364160K), 0.0021340 secs] [Times: user=0.02 sys=0.00, real=0.00 secs] 
146.443: Total time for which application threads were stopped: 0.0049770 seconds, Stopping threads took: 0.0027540 seconds
146.536: Application time: 0.0935610 seconds
146.538: [GC146.538: [ParNew: 105941K->4347K(112448K), 0.0017020 secs] 167879K->66285K(364160K), 0.0017450 secs] [Times: user=0.01 sys=0.00, real=0.01 secs] 
146.540: Total time for which application threads were stopped: 0.0038300 seconds, Stopping threads took: 0.0019910 seconds
146.632: Application time: 0.0913510 seconds
146.633: [GC146.633: [ParNew: 104315K->6874K(112448K), 0.0022670 secs] 166253K->68812K(364160K), 0.0023140 secs] [Times: user=0.01 sys=0.00, real=0.00 secs] 
146.635: Total time for which application threads were stopped: 0.0033760 seconds, Stopping threads took: 0.0009700 seconds
146.725: Application time: 0.0898100 seconds
146.727: [GC146.727: [ParNew: 106842K->7668K(112448K), 0.0025380 secs] 168780K->69635K(364160K), 0.0025890 secs] [Times: user=0.02 sys=0.00, real=0.01 secs] 
146.730: Total time for which application threads were stopped: 0.0050940 seconds, Stopping threads took: 0.0024360 seconds
146.819: Application time: 0.0891040 seconds
146.821: [GC146.821: [ParNew: 107636K->7322K(112448K), 0.0024630 secs] 169603K->69289K(364160K), 0.0025140 secs] [Times: user=0.01 sys=0.00, real=0.00 secs] 
146.824: Total time for which application threads were stopped: 0.0047460 seconds, Stopping threads took: 0.0021680 seconds
146.914: Application time: 0.0902320 seconds
146.916: [GC146.916: [ParNew: 107290K->7155K(112448K), 0.0024470 secs] 169257K->69321K(364160K), 0.0024920 secs] [Times: user=0.02 sys=0.00, real=0.00 secs] 
146.919: Total time for which application threads were stopped: 0.0049480 seconds, Stopping threads took: 0.0023870 seconds
147.009: Application time: 0.0900420 seconds
147.011: [GC147.011: [ParNew: 107123K->5560K(112448K), 0.0017570 secs] 169289K->67754K(364160K), 0.0018010 secs] [Times: user=0.02 sys=0.00, real=0.00 secs] 
147.013: Total time for which application threads were stopped: 0.0042440 seconds, Stopping threads took: 0.0023730 seconds
147.099: Application time: 0.0859590 seconds
147.102: [GC147.102: [ParNew: 105528K->7454K(112448K), 0.0024680 secs] 167722K->69648K(364160K), 0.0025120 secs] [Times: user=0.02 sys=0.00, real=0.00 secs] 
147.104: Total time for which application threads were stopped: 0.0050280 seconds, Stopping threads took: 0.0024370 seconds
147.193: Application time: 0.0889440 seconds
147.196: [GC147.196: [ParNew: 107422K->7369K(112448K), 0.0024650 secs] 169616K->69564K(364160K), 0.0025120 secs] [Times: user=0.02 sys=0.00, real=0.00 secs] 
147.198: Total time for which application threads were stopped: 0.0053050 seconds, Stopping threads took: 0.0027130 seconds
147.286: Application time: 0.0880410 seconds
147.289: [GC147.289: [ParNew: 107337K->7300K(112448K), 0.0026510 secs] 169532K->69495K(364160K), 0.0026980 secs] [Times: user=0.02 sys=0.00, real=0.00 secs] 
147.292: Total time for which application threads were stopped: 0.0055530 seconds, Stopping threads took: 0.0027670 seconds
147.380: Application time: 0.0876930 seconds
147.382: [GC147.382: [ParNew: 107268K->6858K(112448K), 0.0026080 secs] 169463K->69224K(364160K), 0.0026560 secs] [Times: user=0.02 sys=0.00, real=0.00 secs] 
147.385: Total time for which application threads were stopped: 0.0051730 seconds, Stopping threads took: 0.0024490 seconds
147.475: Application time: 0.0905350 seconds
147.478: [GC147.478: [ParNew: 106826K->7723K(112448K), 0.0027880 secs] 169192K->70146K(364160K), 0.0028330 secs] [Times: user=0.02 sys=0.00, real=0.01 secs] 
147.480: Total time for which application threads were stopped: 0.0050160 seconds, Stopping threads took: 0.0020910 seconds
147.572: Application time: 0.0919180 seconds
147.574: [GC147.574: [ParNew: 107691K->4954K(112448K), 0.0017990 secs] 170114K->67377K(364160K), 0.0018430 secs] [Times: user=0.01 sys=0.00, real=0.00 secs] 
147.576: Total time for which application threads were stopped: 0.0035450 seconds, Stopping threads took: 0.0016140 seconds
147.665: Application time: 0.0894010 seconds
147.668: [GC147.668: [ParNew: 104922K->7662K(112448K), 0.0024760 secs] 167345K->70085K(364160K), 0.0025180 secs] [Times: user=0.01 sys=0.00, real=0.00 secs] 
147.670: Total time for which application threads were stopped: 0.0051430 seconds, Stopping threads took: 0.0025300 seconds
147.759: Application time: 0.0884500 seconds
147.761: [GC147.761: [ParNew: 107630K->6704K(112448K), 0.0021630 secs] 170053K->69126K(364160K), 0.0022090 secs] [Times: user=0.01 sys=0.00, real=0.00 secs] 
147.763: Total time for which application threads were stopped: 0.0042150 seconds, Stopping threads took: 0.0019150 seconds
147.853: Application time: 0.0896460 seconds
147.855: [GC147.855: [ParNew: 106672K->7237K(112448K), 0.0024560 secs] 169094K->69774K(364160K), 0.0025000 secs] [Times: user=0.02 sys=0.00, real=0.00 secs] 
147.857: Total time for which application threads were stopped: 0.0043560 seconds, Stopping threads took: 0.0017670 seconds
147.947: Application time: 0.0896450 seconds
147.949: [GC147.949: [ParNew: 107205K->7768K(112448K), 0.0025230 secs] 169742K->70391K(364160K), 0.0025670 secs] [Times: user=0.02 sys=0.00, real=0.00 secs] 
147.952: Total time for which application threads were stopped: 0.0051290 seconds, Stopping threads took: 0.0024620 seconds
148.043: Application time: 0.0913060 seconds
148.046: [GC148.046: [ParNew: 107736K->5812K(112448K), 0.0018540 secs] 170359K->68463K(364160K), 0.0018950 secs] [Times: user=0.01 sys=0.00, real=0.01 secs] 
148.048: Total time for which application threads were stopped: 0.0047570 seconds, Stopping threads took: 0.0027950 seconds
148.138: Application time: 0.0900850 seconds
148.141: [GC148.141: [ParNew: 105780K->5905K(112448K), 0.0020450 secs] 168431K->68556K(364160K), 0.0020900 secs] [Times: user=0.02 sys=0.00, real=0.00 secs] 
148.143: Total time for which application threads were stopped: 0.0049390 seconds, Stopping threads took: 0.0027760 seconds
148.237: Application time: 0.0939620 seconds
148.240: [GC148.240: [ParNew: 105873K->4877K(112448K), 0.0016380 secs] 168524K->67529K(364160K), 0.0016780 secs] [Times: user=0.01 sys=0.00, real=0.00 secs] 
148.241: Total time for which application threads were stopped: 0.0045090 seconds, Stopping threads took: 0.0027350 seconds
148.329: Application time: 0.0877440 seconds
148.331: [GC148.331: [ParNew: 104845K->7666K(112448K), 0.0025400 secs] 167497K->70317K(364160K), 0.0025840 secs] [Times: user=0.02 sys=0.00, real=0.00 secs] 
148.334: Total time for which application threads were stopped: 0.0047150 seconds, Stopping threads took: 0.0020600 seconds
148.427: Application time: 0.0932420 seconds
148.429: [GC148.429: [ParNew: 107634K->7634K(112448K), 0.0027350 secs] 170285K->70485K(364160K), 0.0027800 secs] [Times: user=0.02 sys=0.00, real=0.00 secs] 
148.432: Total time for which application threads were stopped: 0.0048770 seconds, Stopping threads took: 0.0020280 seconds
148.520: Application time: 0.0875830 seconds
148.522: [GC148.522: [ParNew: 107602K->6372K(112448K), 0.0021950 secs] 170453K->69251K(364160K), 0.0022410 secs] [Times: user=0.02 sys=0.00, real=0.00 secs] 
148.524: Total time for which application threads were stopped: 0.0044070 seconds, Stopping threads took: 0.0020900 seconds
148.612: Application time: 0.0876670 seconds
148.614: [GC148.614: [ParNew: 106340K->7438K(112448K), 0.0024570 secs] 169219K->70317K(364160K), 0.0025030 secs] [Times: user=0.02 sys=0.00, real=0.00 secs] 
148.616: Total time for which application threads were stopped: 0.0046790 seconds, Stopping threads took: 0.0021060 seconds
148.705: Application time: 0.0888460 seconds
148.708: [GC148.708: [ParNew: 107406K->7428K(112448K), 0.0025340 secs] 170285K->70307K(364160K), 0.0025770 secs] [Times: user=0.01 sys=0.00, real=0.00 secs] 
148.711: Total time for which application threads were stopped: 0.0053810 seconds, Stopping threads took: 0.0027240 seconds
148.799: Application time: 0.0882920 seconds
148.801: [GC148.801: [ParNew: 107396K->6300K(112448K), 0.0021310 secs] 170275K->69208K(364160K), 0.0021760 secs] [Times: user=0.01 sys=0.00, real=0.00 secs] 
148.803: Total time for which application threads were stopped: 0.0045050 seconds, Stopping threads took: 0.0022520 seconds
148.891: Application time: 0.0878920 seconds
148.894: [GC148.894: [ParNew: 106268K->7136K(112448K), 0.0023960 secs] 169176K->70215K(364160K), 0.0024450 secs] [Times: user=0.01 sys=0.00, real=0.00 secs] 
148.897: Total time for which application threads were stopped: 0.0053880 seconds, Stopping threads took: 0.0028540 seconds
148.985: Application time: 0.0884070 seconds
148.987: [GC148.987: [ParNew: 107104K->6864K(112448K), 0.0023850 secs] 170183K->69971K(364160K), 0.0024310 secs] [Times: user=0.01 sys=0.00, real=0.01 secs] 
148.989: Total time for which application threads were stopped: 0.0041540 seconds, Stopping threads took: 0.0016520 seconds
149.081: Application time: 0.0916530 seconds
149.083: [GC149.083: [ParNew: 106832K->7024K(112448K), 0.0023110 secs] 169939K->70132K(364160K), 0.0023570 secs] [Times: user=0.01 sys=0.00, real=0.00 secs] 
149.085: Total time for which application threads were stopped: 0.0041310 seconds, Stopping threads took: 0.0017010 seconds
149.174: Application time: 0.0887190 seconds
149.176: [GC149.176: [ParNew: 106992K->7347K(112448K), 0.0024190 secs] 170100K->70455K(364160K), 0.0024750 secs] [Times: user=0.01 sys=0.00, real=0.00 secs] 
149.178: Total time for which application threads were stopped: 0.0045920 seconds, Stopping threads took: 0.0020280 seconds
149.268: Application time: 0.0899270 seconds
149.271: [GC149.271: [ParNew: 107315K->6697K(112448K), 0.0023470 secs] 170423K->69804K(364160K), 0.0023910 secs] [Times: user=0.01 sys=0.00, real=0.00 secs] 
149.273: Total time for which application threads were stopped: 0.0050780 seconds, Stopping threads took: 0.0026160 seconds
149.362: Application time: 0.0889020 seconds
149.364: [GC149.364: [ParNew: 106665K->6388K(112448K), 0.0022970 secs] 169772K->69695K(364160K), 0.0023430 secs] [Times: user=0.01 sys=0.00, real=0.00 secs] 
149.367: Total time for which application threads were stopped: 0.0043940 seconds, Stopping threads took: 0.0019500 seconds
149.459: Application time: 0.0924460 seconds
149.462: [GC149.462: [ParNew: 106356K->6899K(112448K), 0.0025110 secs] 169663K->70235K(364160K), 0.0025580 secs] [Times: user=0.02 sys=0.00, real=0.00 secs] 
149.464: Total time for which application threads were stopped: 0.0051660 seconds, Stopping threads took: 0.0025150 seconds
149.560: Application time: 0.0960670 seconds
149.562: [GC149.562: [ParNew: 106867K->7582K(112448K), 0.0025430 secs] 170203K->70917K(364160K), 0.0025900 secs] [Times: user=0.02 sys=0.00, real=0.00 secs] 
149.565: Total time for which application threads were stopped: 0.0043620 seconds, Stopping threads took: 0.0017000 seconds
149.658: Application time: 0.0929280 seconds
149.659: [GC149.659: [ParNew: 107550K->7481K(112448K), 0.0025210 secs] 170885K->70817K(364160K), 0.0025670 secs] [Times: user=0.02 sys=0.00, real=0.00 secs] 
149.662: Total time for which application threads were stopped: 0.0043500 seconds, Stopping threads took: 0.0017110 seconds
149.755: Application time: 0.0930460 seconds
149.758: [GC149.758: [ParNew: 107449K->7293K(112448K), 0.0025420 secs] 170785K->70628K(364160K), 0.0025860 secs] [Times: user=0.01 sys=0.00, real=0.01 secs] 
149.761: Total time for which application threads were stopped: 0.0054920 seconds, Stopping threads took: 0.0028340 seconds
149.855: Application time: 0.0944260 seconds
149.858: [GC149.858: [ParNew: 107261K->6683K(112448K), 0.0024560 secs] 170596K->70161K(364160K), 0.0025010 secs] [Times: user=0.02 sys=0.00, real=0.01 secs] 
149.860: Total time for which application threads were stopped: 0.0051430 seconds, Stopping threads took: 0.0025490 seconds
149.956: Application time: 0.0955850 seconds
149.958: [GC149.958: [ParNew: 106651K->7889K(112448K), 0.0028640 secs] 170129K->71452K(364160K), 0.0029110 secs] [Times: user=0.02 sys=0.00, real=0.01 secs] 
149.961: Total time for which application threads were stopped: 0.0055210 seconds, Stopping threads took: 0.0025280 seconds
150.055: Application time: 0.0932590 seconds
150.057: [GC150.057: [ParNew: 107857K->6784K(112448K), 0.0022210 secs] 171420K->70348K(364160K), 0.0022670 secs] [Times: user=0.02 sys=0.00, real=0.00 secs] 
150.059: Total time for which application threads were stopped: 0.0047510 seconds, Stopping threads took: 0.0023990 seconds
150.155: Application time: 0.0961170 seconds
150.157: [GC150.157: [ParNew: 106752K->6134K(112448K), 0.0020910 secs] 170316K->69698K(364160K), 0.0021350 secs] [Times: user=0.02 sys=0.00, real=0.00 secs] 
150.159: Total time for which application threads were stopped: 0.0033320 seconds, Stopping threads took: 0.0011250 seconds
150.253: Application time: 0.0941430 seconds
150.255: [GC150.255: [ParNew: 106102K->7539K(112448K), 0.0024840 secs] 169666K->71102K(364160K), 0.0025320 secs] [Times: user=0.02 sys=0.00, real=0.00 secs] 
150.258: Total time for which application threads were stopped: 0.0046500 seconds, Stopping threads took: 0.0020460 seconds
150.355: Application time: 0.0972050 seconds
150.358: [GC150.358: [ParNew: 107507K->7150K(112448K), 0.0023940 secs] 171070K->70857K(364160K), 0.0024410 secs] [Times: user=0.02 sys=0.00, real=0.01 secs] 
150.360: Total time for which application threads were stopped: 0.0053460 seconds, Stopping threads took: 0.0028080 seconds
150.459: Application time: 0.0993760 seconds
150.462: [GC150.462: [ParNew: 107118K->5346K(112448K), 0.0018030 secs] 170825K->69109K(364160K), 0.0018470 secs] [Times: user=0.01 sys=0.00, real=0.00 secs] 
150.464: Total time for which application threads were stopped: 0.0040950 seconds, Stopping threads took: 0.0021660 seconds
150.558: Application time: 0.0944250 seconds
150.560: [GC150.560: [ParNew: 105312K->6057K(112448K), 0.0020540 secs] 169075K->69821K(364160K), 0.0021000 secs] [Times: user=0.02 sys=0.00, real=0.00 secs] 
150.562: Total time for which application threads were stopped: 0.0040160 seconds, Stopping threads took: 0.0018230 seconds
150.656: Application time: 0.0939450 seconds
150.659: [GC150.659: [ParNew: 106025K->7336K(112448K), 0.0023990 secs] 169789K->71099K(364160K), 0.0024450 secs] [Times: user=0.01 sys=0.00, real=0.01 secs] 
150.661: Total time for which application threads were stopped: 0.0053630 seconds, Stopping threads took: 0.0028340 seconds
150.762: Application time: 0.1009910 seconds
150.764: [GC150.764: [ParNew: 107304K->6477K(112448K), 0.0021810 secs] 171067K->70269K(364160K), 0.0022260 secs] [Times: user=0.01 sys=0.00, real=0.00 secs] 
150.766: Total time for which application threads were stopped: 0.0040790 seconds, Stopping threads took: 0.0017610 seconds
150.862: Application time: 0.0951730 seconds
150.864: [GC150.864: [ParNew: 106445K->5587K(112448K), 0.0018660 secs] 170237K->69493K(364160K), 0.0019100 secs] [Times: user=0.02 sys=0.00, real=0.00 secs] 
150.866: Total time for which application threads were stopped: 0.0046600 seconds, Stopping threads took: 0.0026570 seconds
150.961: Application time: 0.0947970 seconds
150.964: [GC150.964: [ParNew: 105555K->6533K(112448K), 0.0023830 secs] 169461K->70439K(364160K), 0.0024270 secs] [Times: user=0.02 sys=0.00, real=0.00 secs] 
150.966: Total time for which application threads were stopped: 0.0052930 seconds, Stopping threads took: 0.0027660 seconds
151.062: Application time: 0.0957960 seconds
151.065: [GC151.065: [ParNew: 106501K->6835K(112448K), 0.0024730 secs] 170407K->70855K(364160K), 0.0025180 secs] [Times: user=0.01 sys=0.00, real=0.00 secs] 
151.067: Total time for which application threads were stopped: 0.0049880 seconds, Stopping threads took: 0.0023880 seconds
151.160: Application time: 0.0933430 seconds
151.163: [GC151.163: [ParNew: 106803K->7095K(112448K), 0.0022970 secs] 170823K->71115K(364160K), 0.0023420 secs] [Times: user=0.02 sys=0.00, real=0.00 secs] 
151.165: Total time for which application threads were stopped: 0.0048610 seconds, Stopping threads took: 0.0024390 seconds
151.260: Application time: 0.0944720 seconds
151.263: [GC151.263: [ParNew: 107063K->7733K(112448K), 0.0025470 secs] 171083K->71753K(364160K), 0.0025930 secs] [Times: user=0.02 sys=0.00, real=0.00 secs] 
151.266: Total time for which application threads were stopped: 0.0060370 seconds, Stopping threads took: 0.0033730 seconds
151.360: Application time: 0.0945510 seconds
151.364: [GC151.364: [ParNew: 107701K->6510K(112448K), 0.0021830 secs] 171721K->70615K(364160K), 0.0022290 secs] [Times: user=0.02 sys=0.00, real=0.00 secs] 
151.366: Total time for which application threads were stopped: 0.0054310 seconds, Stopping threads took: 0.0031100 seconds
151.462: Application time: 0.0961070 seconds
151.464: [GC151.464: [ParNew: 106478K->6889K(112448K), 0.0023200 secs] 170583K->71109K(364160K), 0.0023640 secs] [Times: user=0.02 sys=0.00, real=0.00 secs] 
151.466: Total time for which application threads were stopped: 0.0041850 seconds, Stopping threads took: 0.0017470 seconds
151.561: Application time: 0.0948960 seconds
151.563: [GC151.563: [ParNew: 106857K->6880K(112448K), 0.0022850 secs] 171077K->71128K(364160K), 0.0023320 secs] [Times: user=0.01 sys=0.00, real=0.00 secs] 
151.565: Total time for which application threads were stopped: 0.0043910 seconds, Stopping threads took: 0.0019790 seconds
151.661: Application time: 0.0960220 seconds
151.664: [GC151.664: [ParNew: 106848K->7697K(112448K), 0.0027460 secs] 171096K->71945K(364160K), 0.0028020 secs] [Times: user=0.02 sys=0.00, real=0.00 secs] 
151.667: Total time for which application threads were stopped: 0.0051620 seconds, Stopping threads took: 0.0022650 seconds
151.761: Application time: 0.0941850 seconds
151.763: [GC151.763: [ParNew: 107665K->6421K(112448K), 0.0022170 secs] 171913K->70669K(364160K), 0.0022630 secs] [Times: user=0.01 sys=0.00, real=0.00 secs] 
151.765: Total time for which application threads were stopped: 0.0043930 seconds, Stopping threads took: 0.0020390 seconds
151.861: Application time: 0.0961790 seconds
151.863: [GC151.863: [ParNew: 106389K->7208K(112448K), 0.0024950 secs] 170637K->71513K(364160K), 0.0025410 secs] [Times: user=0.01 sys=0.00, real=0.00 secs] 
151.866: Total time for which application threads were stopped: 0.0043950 seconds, Stopping threads took: 0.0017830 seconds
151.961: Application time: 0.0948690 seconds
151.964: [GC151.964: [ParNew: 107176K->6035K(112448K), 0.0021730 secs] 171481K->70482K(364160K), 0.0022160 secs] [Times: user=0.01 sys=0.00, real=0.00 secs] 
151.966: Total time for which application threads were stopped: 0.0052280 seconds, Stopping threads took: 0.0029410 seconds
152.059: Application time: 0.0928160 seconds
152.061: [GC152.061: [ParNew: 106003K->5804K(112448K), 0.0019920 secs] 170450K->70252K(364160K), 0.0020370 secs] [Times: user=0.01 sys=0.00, real=0.00 secs] 
152.063: Total time for which application threads were stopped: 0.0044870 seconds, Stopping threads took: 0.0023680 seconds
152.157: Application time: 0.0936570 seconds
152.159: [GC152.159: [ParNew: 105772K->7065K(112448K), 0.0024150 secs] 170220K->71513K(364160K), 0.0024610 secs] [Times: user=0.02 sys=0.00, real=0.01 secs] 
152.162: Total time for which application threads were stopped: 0.0046890 seconds, Stopping threads took: 0.0021260 seconds
152.259: Application time: 0.0975080 seconds
152.261: [GC152.261: [ParNew: 107033K->6552K(112448K), 0.0022860 secs] 171481K->71028K(364160K), 0.0023320 secs] [Times: user=0.02 sys=0.00, real=0.00 secs] 
152.264: Total time for which application threads were stopped: 0.0045440 seconds, Stopping threads took: 0.0021400 seconds
152.361: Application time: 0.0972890 seconds
152.363: [GC152.363: [ParNew: 106520K->4168K(112448K), 0.0014880 secs] 170996K->68673K(364160K), 0.0015280 secs] [Times: user=0.01 sys=0.00, real=0.00 secs] 
152.364: Total time for which application threads were stopped: 0.0032150 seconds, Stopping threads took: 0.0015950 seconds
152.460: Application time: 0.0954620 seconds
152.462: [GC152.462: [ParNew: 104136K->5410K(112448K), 0.0018210 secs] 168641K->69914K(364160K), 0.0018670 secs] [Times: user=0.01 sys=0.00, real=0.00 secs] 
152.464: Total time for which application threads were stopped: 0.0048110 seconds, Stopping threads took: 0.0028730 seconds
152.561: Application time: 0.0966500 seconds
152.563: [GC152.563: [ParNew: 105378K->7871K(112448K), 0.0026370 secs] 169882K->72376K(364160K), 0.0026830 secs] [Times: user=0.02 sys=0.00, real=0.00 secs] 
152.566: Total time for which application threads were stopped: 0.0049890 seconds, Stopping threads took: 0.0022260 seconds
152.667: Application time: 0.1013900 seconds
152.669: [GC152.669: [ParNew: 107839K->5877K(112448K), 0.0020850 secs] 172344K->70581K(364160K), 0.0021330 secs] [Times: user=0.02 sys=0.00, real=0.00 secs] 
152.672: Total time for which application threads were stopped: 0.0042200 seconds, Stopping threads took: 0.0020050 seconds
152.768: Application time: 0.0966230 seconds
152.770: [GC152.770: [ParNew: 105845K->4689K(112448K), 0.0017770 secs] 170549K->69394K(364160K), 0.0018200 secs] [Times: user=0.02 sys=0.00, real=0.00 secs] 
152.772: Total time for which application threads were stopped: 0.0040010 seconds, Stopping threads took: 0.0021120 seconds
152.868: Application time: 0.0957590 seconds
152.870: [GC152.870: [ParNew: 104657K->6054K(112448K), 0.0021970 secs] 169362K->70758K(364160K), 0.0022420 secs] [Times: user=0.02 sys=0.00, real=0.00 secs] 
152.873: Total time for which application threads were stopped: 0.0046140 seconds, Stopping threads took: 0.0022790 seconds
152.969: Application time: 0.0964900 seconds
152.973: [GC152.973: [ParNew: 106022K->6992K(112448K), 0.0025510 secs] 170726K->71697K(364160K), 0.0026040 secs] [Times: user=0.01 sys=0.00, real=0.00 secs] 
152.976: Total time for which application threads were stopped: 0.0067110 seconds, Stopping threads took: 0.0040180 seconds
153.072: Application time: 0.0966360 seconds
153.075: [GC153.075: [ParNew: 106960K->6666K(112448K), 0.0023080 secs] 171665K->71569K(364160K), 0.0023550 secs] [Times: user=0.02 sys=0.00, real=0.00 secs] 
153.078: Total time for which application threads were stopped: 0.0051390 seconds, Stopping threads took: 0.0027130 seconds
153.172: Application time: 0.0946970 seconds
153.175: [GC153.175: [ParNew: 106634K->6497K(112448K), 0.0021500 secs] 171537K->71429K(364160K), 0.0021930 secs] [Times: user=0.02 sys=0.00, real=0.00 secs] 
153.178: Total time for which application threads were stopped: 0.0052430 seconds, Stopping threads took: 0.0029770 seconds
153.274: Application time: 0.0962560 seconds
153.277: [GC153.277: [ParNew: 106465K->6727K(112448K), 0.0022280 secs] 171397K->71659K(364160K), 0.0022750 secs] [Times: user=0.02 sys=0.00, real=0.00 secs] 
153.279: Total time for which application threads were stopped: 0.0050120 seconds, Stopping threads took: 0.0026630 seconds
153.372: Application time: 0.0934280 seconds
153.375: [GC153.375: [ParNew: 106695K->6684K(112448K), 0.0022750 secs] 171627K->71616K(364160K), 0.0023220 secs] [Times: user=0.01 sys=0.00, real=0.00 secs] 
153.377: Total time for which application threads were stopped: 0.0050090 seconds, Stopping threads took: 0.0026130 seconds
153.471: Application time: 0.0937980 seconds
153.473: [GC153.473: [ParNew: 106652K->6534K(112448K), 0.0022440 secs] 171584K->71580K(364160K), 0.0022860 secs] [Times: user=0.02 sys=0.00, real=0.00 secs] 
153.475: Total time for which application threads were stopped: 0.0040630 seconds, Stopping threads took: 0.0016970 seconds
153.565: Application time: 0.0897200 seconds
153.568: [GC153.568: [ParNew: 106502K->7221K(112448K), 0.0026050 secs] 171548K->72353K(364160K), 0.0026490 secs] [Times: user=0.01 sys=0.00, real=0.00 secs] 
153.570: Total time for which application threads were stopped: 0.0054340 seconds, Stopping threads took: 0.0027140 seconds
153.659: Application time: 0.0889100 seconds
153.661: [GC153.661: [ParNew: 107189K->6836K(112448K), 0.0025370 secs] 172321K->71997K(364160K), 0.0025820 secs] [Times: user=0.02 sys=0.00, real=0.00 secs] 
153.664: Total time for which application threads were stopped: 0.0048160 seconds, Stopping threads took: 0.0021470 seconds
153.754: Application time: 0.0897590 seconds
153.757: [GC153.757: [ParNew: 106804K->6262K(112448K), 0.0021470 secs] 171965K->71423K(364160K), 0.0021910 secs] [Times: user=0.01 sys=0.00, real=0.00 secs] 
153.759: Total time for which application threads were stopped: 0.0051780 seconds, Stopping threads took: 0.0029070 seconds
153.853: Application time: 0.0941630 seconds
153.855: [GC153.855: [ParNew: 106230K->5945K(112448K), 0.0021440 secs] 171391K->71105K(364160K), 0.0021890 secs] [Times: user=0.02 sys=0.00, real=0.00 secs] 
153.857: Total time for which application threads were stopped: 0.0040420 seconds, Stopping threads took: 0.0017820 seconds
153.947: Application time: 0.0902610 seconds
153.949: [GC153.949: [ParNew: 105913K->6991K(112448K), 0.0024480 secs] 171073K->72152K(364160K), 0.0024930 secs] [Times: user=0.01 sys=0.00, real=0.00 secs] 
153.952: Total time for which application threads were stopped: 0.0042590 seconds, Stopping threads took: 0.0016860 seconds
154.041: Application time: 0.0896580 seconds
154.043: [GC154.043: [ParNew: 106959K->5859K(112448K), 0.0020010 secs] 172120K->71219K(364160K), 0.0020500 secs] [Times: user=0.02 sys=0.00, real=0.00 secs] 
154.045: Total time for which application threads were stopped: 0.0038640 seconds, Stopping threads took: 0.0017490 seconds
154.136: Application time: 0.0907760 seconds
154.138: [GC154.138: [ParNew: 105827K->6935K(112448K), 0.0025990 secs] 171187K->72295K(364160K), 0.0026530 secs] [Times: user=0.02 sys=0.00, real=0.01 secs] 
154.141: Total time for which application threads were stopped: 0.0045390 seconds, Stopping threads took: 0.0017950 seconds
154.230: Application time: 0.0893020 seconds
154.233: [GC154.233: [ParNew: 106903K->7758K(112448K), 0.0024840 secs] 172263K->73146K(364160K), 0.0025310 secs] [Times: user=0.02 sys=0.00, real=0.00 secs] 
154.235: Total time for which application threads were stopped: 0.0053660 seconds, Stopping threads took: 0.0027660 seconds
154.327: Application time: 0.0914460 seconds
154.329: [GC154.329: [ParNew: 107726K->7761K(112448K), 0.0025740 secs] 173114K->73149K(364160K), 0.0026210 secs] [Times: user=0.02 sys=0.00, real=0.00 secs] 
154.332: Total time for which application threads were stopped: 0.0049470 seconds, Stopping threads took: 0.0022470 seconds
154.424: Application time: 0.0924560 seconds
154.426: [GC154.426: [ParNew: 107729K->5743K(112448K), 0.0020740 secs] 173117K->71189K(364160K), 0.0021170 secs] [Times: user=0.02 sys=0.00, real=0.01 secs] 
154.428: Total time for which application threads were stopped: 0.0042660 seconds, Stopping threads took: 0.0020790 seconds
154.519: Application time: 0.0902310 seconds
154.521: [GC154.521: [ParNew: 105711K->7890K(112448K), 0.0026250 secs] 171157K->73335K(364160K), 0.0026690 secs] [Times: user=0.02 sys=0.00, real=0.00 secs] 
154.524: Total time for which application threads were stopped: 0.0050330 seconds, Stopping threads took: 0.0022950 seconds
154.618: Application time: 0.0940810 seconds
154.619: [GC154.619: [ParNew: 107858K->6038K(112448K), 0.0020120 secs] 173303K->71655K(364160K), 0.0020560 secs] [Times: user=0.02 sys=0.00, real=0.00 secs] 
154.622: Total time for which application threads were stopped: 0.0038620 seconds, Stopping threads took: 0.0017170 seconds
154.714: Application time: 0.0924830 seconds
154.717: [GC154.717: [ParNew: 106006K->5217K(112448K), 0.0020170 secs] 171623K->70834K(364160K), 0.0020600 secs] [Times: user=0.02 sys=0.00, real=0.00 secs] 
154.719: Total time for which application threads were stopped: 0.0049160 seconds, Stopping threads took: 0.0027860 seconds
154.808: Application time: 0.0893040 seconds
154.810: [GC154.810: [ParNew: 105185K->7893K(112448K), 0.0027270 secs] 170802K->73509K(364160K), 0.0027720 secs] [Times: user=0.02 sys=0.00, real=0.00 secs] 
154.813: Total time for which application threads were stopped: 0.0045260 seconds, Stopping threads took: 0.0016720 seconds
154.903: Application time: 0.0905050 seconds
154.905: [GC154.905: [ParNew: 107861K->7260K(112448K), 0.0024660 secs] 173477K->72934K(364160K), 0.0025140 secs] [Times: user=0.02 sys=0.00, real=0.01 secs] 
154.908: Total time for which application threads were stopped: 0.0042490 seconds, Stopping threads took: 0.0016360 seconds
154.995: Application time: 0.0878240 seconds
154.997: [GC154.997: [ParNew: 107228K->5975K(112448K), 0.0021610 secs] 172902K->71763K(364160K), 0.0022050 secs] [Times: user=0.02 sys=0.00, real=0.00 secs] 
154.999: Total time for which application threads were stopped: 0.0038390 seconds, Stopping threads took: 0.0015650 seconds
155.092: Application time: 0.0927370 seconds
155.094: [GC155.094: [ParNew: 105943K->6552K(112448K), 0.0022290 secs] 171731K->72340K(364160K), 0.0022760 secs] [Times: user=0.01 sys=0.00, real=0.00 secs] 
155.096: Total time for which application threads were stopped: 0.0045310 seconds, Stopping threads took: 0.0021910 seconds
155.188: Application time: 0.0917890 seconds
155.190: [GC155.190: [ParNew: 106520K->6528K(112448K), 0.0022380 secs] 172308K->72373K(364160K), 0.0022830 secs] [Times: user=0.02 sys=0.00, real=0.00 secs] 
155.192: Total time for which application threads were stopped: 0.0039170 seconds, Stopping threads took: 0.0015410 seconds
155.282: Application time: 0.0900070 seconds
155.284: [GC155.284: [ParNew: 106496K->6476K(112448K), 0.0022780 secs] 172341K->72321K(364160K), 0.0023230 secs] [Times: user=0.02 sys=0.00, real=0.00 secs] 
155.286: Total time for which application threads were stopped: 0.0041760 seconds, Stopping threads took: 0.0017620 seconds
155.376: Application time: 0.0894540 seconds
155.379: [GC155.379: [ParNew: 106444K->7348K(112448K), 0.0025970 secs] 172289K->73250K(364160K), 0.0026510 secs] [Times: user=0.02 sys=0.00, real=0.01 secs] 
155.381: Total time for which application threads were stopped: 0.0055340 seconds, Stopping threads took: 0.0027920 seconds
155.469: Application time: 0.0875750 seconds
155.471: [GC155.471: [ParNew: 107316K->6387K(112448K), 0.0022400 secs] 173218K->72374K(364160K), 0.0022810 secs] [Times: user=0.02 sys=0.00, real=0.00 secs] 
155.473: Total time for which application threads were stopped: 0.0042050 seconds, Stopping threads took: 0.0018210 seconds
155.564: Application time: 0.0909500 seconds
155.567: [GC155.567: [ParNew: 106355K->6072K(112448K), 0.0019380 secs] 172342K->72116K(364160K), 0.0019850 secs] [Times: user=0.01 sys=0.00, real=0.01 secs] 
155.569: Total time for which application threads were stopped: 0.0044620 seconds, Stopping threads took: 0.0024070 seconds
155.657: Application time: 0.0886470 seconds
155.659: [GC155.659: [ParNew: 106040K->6850K(112448K), 0.0024450 secs] 172084K->72894K(364160K), 0.0024910 secs] [Times: user=0.02 sys=0.00, real=0.01 secs] 
155.661: Total time for which application threads were stopped: 0.0041260 seconds, Stopping threads took: 0.0015630 seconds
155.751: Application time: 0.0894740 seconds
155.754: [GC155.754: [ParNew: 106818K->7598K(112448K), 0.0026570 secs] 172862K->73671K(364160K), 0.0027000 secs] [Times: user=0.02 sys=0.00, real=0.00 secs] 
155.756: Total time for which application threads were stopped: 0.0055690 seconds, Stopping threads took: 0.0027910 seconds
155.847: Application time: 0.0911210 seconds
155.850: [GC155.850: [ParNew: 107566K->6630K(112448K), 0.0022140 secs] 173639K->72703K(364160K), 0.0022580 secs] [Times: user=0.02 sys=0.00, real=0.00 secs] 
155.852: Total time for which application threads were stopped: 0.0048440 seconds, Stopping threads took: 0.0025150 seconds
155.942: Application time: 0.0900680 seconds
155.945: [GC155.945: [ParNew: 106598K->6634K(112448K), 0.0021790 secs] 172671K->72849K(364160K), 0.0022210 secs] [Times: user=0.02 sys=0.00, real=0.00 secs] 
155.947: Total time for which application threads were stopped: 0.0044970 seconds, Stopping threads took: 0.0022070 seconds
156.039: Application time: 0.0923130 seconds
156.042: [GC156.042: [ParNew: 106600K->7687K(112448K), 0.0025030 secs] 172816K->73959K(364160K), 0.0025490 secs] [Times: user=0.02 sys=0.00, real=0.00 secs] 
156.045: Total time for which application threads were stopped: 0.0055170 seconds, Stopping threads took: 0.0028920 seconds
156.137: Application time: 0.0919370 seconds
156.140: [GC156.140: [ParNew: 107655K->7828K(112448K), 0.0025350 secs] 173927K->74129K(364160K), 0.0025780 secs] [Times: user=0.02 sys=0.00, real=0.00 secs] 
156.142: Total time for which application threads were stopped: 0.0054190 seconds, Stopping threads took: 0.0027690 seconds
156.231: Application time: 0.0893760 seconds
156.234: [GC156.234: [ParNew: 107796K->6651K(112448K), 0.0022210 secs] 174097K->72952K(364160K), 0.0022610 secs] [Times: user=0.01 sys=0.00, real=0.00 secs] 
156.236: Total time for which application threads were stopped: 0.0045820 seconds, Stopping threads took: 0.0022510 seconds
156.322: Application time: 0.0862000 seconds
156.324: [GC156.324: [ParNew: 106619K->7302K(112448K), 0.0024120 secs] 172920K->73603K(364160K), 0.0024550 secs] [Times: user=0.01 sys=0.00, real=0.00 secs] 
156.327: Total time for which application threads were stopped: 0.0046350 seconds, Stopping threads took: 0.0021090 seconds
156.415: Application time: 0.0880190 seconds
156.417: [GC156.417: [ParNew: 107270K->5310K(112448K), 0.0018370 secs] 173571K->71753K(364160K), 0.0018800 secs] [Times: user=0.01 sys=0.00, real=0.00 secs] 
156.419: Total time for which application threads were stopped: 0.0038670 seconds, Stopping threads took: 0.0019130 seconds
156.511: Application time: 0.0922430 seconds
156.514: [GC156.514: [ParNew: 105278K->7874K(112448K), 0.0026150 secs] 171721K->74317K(364160K), 0.0026580 secs] [Times: user=0.02 sys=0.00, real=0.00 secs] 
156.517: Total time for which application threads were stopped: 0.0056010 seconds, Stopping threads took: 0.0028750 seconds
156.609: Application time: 0.0924370 seconds
156.611: [GC156.611: [ParNew: 107842K->7086K(112448K), 0.0023220 secs] 174285K->73616K(364160K), 0.0023670 secs] [Times: user=0.01 sys=0.00, real=0.00 secs] 
156.613: Total time for which application threads were stopped: 0.0043370 seconds, Stopping threads took: 0.0018990 seconds
156.700: Application time: 0.0867670 seconds
156.703: [GC156.703: [ParNew: 107054K->5947K(112448K), 0.0022560 secs] 173584K->72477K(364160K), 0.0023000 secs] [Times: user=0.01 sys=0.00, real=0.00 secs] 
156.705: Total time for which application threads were stopped: 0.0049390 seconds, Stopping threads took: 0.0025690 seconds
156.793: Application time: 0.0873820 seconds
156.795: [GC156.795: [ParNew: 105915K->7504K(112448K), 0.0026150 secs] 172445K->74034K(364160K), 0.0026590 secs] [Times: user=0.02 sys=0.00, real=0.00 secs] 
156.798: Total time for which application threads were stopped: 0.0055980 seconds, Stopping threads took: 0.0028490 seconds
156.888: Application time: 0.0899430 seconds
156.890: [GC156.890: [ParNew: 107472K->5781K(112448K), 0.0020150 secs] 174002K->72396K(364160K), 0.0020610 secs] [Times: user=0.01 sys=0.00, real=0.00 secs] 
156.893: Total time for which application threads were stopped: 0.0044430 seconds, Stopping threads took: 0.0023020 seconds
156.986: Application time: 0.0931070 seconds
156.988: [GC156.988: [ParNew: 105749K->7323K(112448K), 0.0024160 secs] 172364K->73938K(364160K), 0.0024600 secs] [Times: user=0.02 sys=0.00, real=0.00 secs] 
156.991: Total time for which application threads were stopped: 0.0050770 seconds, Stopping threads took: 0.0025470 seconds
157.078: Application time: 0.0873840 seconds
157.080: [GC157.080: [ParNew: 107291K->6907K(112448K), 0.0023230 secs] 173906K->73665K(364160K), 0.0023680 secs] [Times: user=0.02 sys=0.00, real=0.00 secs] 
157.082: Total time for which application threads were stopped: 0.0042270 seconds, Stopping threads took: 0.0017670 seconds
157.173: Application time: 0.0910830 seconds
157.175: [GC157.175: [ParNew: 106875K->7905K(112448K), 0.0025800 secs] 173633K->74663K(364160K), 0.0026250 secs] [Times: user=0.02 sys=0.00, real=0.00 secs] 
157.178: Total time for which application threads were stopped: 0.0044560 seconds, Stopping threads took: 0.0017330 seconds
157.268: Application time: 0.0901080 seconds
157.269: [GC157.269: [ParNew: 107873K->5828K(112448K), 0.0020260 secs] 174631K->72585K(364160K), 0.0020700 secs] [Times: user=0.01 sys=0.00, real=0.00 secs] 
157.272: Total time for which application threads were stopped: 0.0035490 seconds, Stopping threads took: 0.0013870 seconds
157.361: Application time: 0.0895270 seconds
157.364: [GC157.364: [ParNew: 105796K->7824K(112448K), 0.0025330 secs] 172553K->74581K(364160K), 0.0025770 secs] [Times: user=0.02 sys=0.00, real=0.00 secs] 
157.366: Total time for which application threads were stopped: 0.0052710 seconds, Stopping threads took: 0.0026240 seconds
157.454: Application time: 0.0874090 seconds
157.456: [GC157.456: [ParNew: 107792K->6587K(112448K), 0.0022640 secs] 174549K->73516K(364160K), 0.0023070 secs] [Times: user=0.02 sys=0.00, real=0.00 secs] 
157.458: Total time for which application threads were stopped: 0.0044200 seconds, Stopping threads took: 0.0020430 seconds
157.556: Application time: 0.0978910 seconds
157.559: [GC157.559: [ParNew: 106555K->6851K(112448K), 0.0023320 secs] 173484K->73837K(364160K), 0.0023780 secs] [Times: user=0.01 sys=0.00, real=0.01 secs] 
157.561: Total time for which application threads were stopped: 0.0050740 seconds, Stopping threads took: 0.0026280 seconds
157.655: Application time: 0.0943730 seconds
157.658: [GC157.658: [ParNew: 106819K->6698K(112448K), 0.0023630 secs] 173805K->73683K(364160K), 0.0024100 secs] [Times: user=0.02 sys=0.00, real=0.01 secs] 
157.660: Total time for which application threads were stopped: 0.0046020 seconds, Stopping threads took: 0.0021210 seconds
157.757: Application time: 0.0970620 seconds
157.759: [GC157.759: [ParNew: 106666K->4743K(112448K), 0.0016370 secs] 173651K->71728K(364160K), 0.0016890 secs] [Times: user=0.01 sys=0.00, real=0.01 secs] 
157.761: Total time for which application threads were stopped: 0.0034380 seconds, Stopping threads took: 0.0016670 seconds
157.855: Application time: 0.0945360 seconds
157.858: [GC157.858: [ParNew: 104711K->6841K(112448K), 0.0022900 secs] 171696K->73826K(364160K), 0.0023370 secs] [Times: user=0.02 sys=0.00, real=0.01 secs] 
157.861: Total time for which application threads were stopped: 0.0056600 seconds, Stopping threads took: 0.0032500 seconds
157.954: Application time: 0.0931850 seconds
157.957: [GC157.957: [ParNew: 106809K->7812K(112448K), 0.0027040 secs] 173794K->74940K(364160K), 0.0027480 secs] [Times: user=0.02 sys=0.00, real=0.01 secs] 
157.960: Total time for which application threads were stopped: 0.0060340 seconds, Stopping threads took: 0.0032050 seconds
158.055: Application time: 0.0952640 seconds
158.057: [GC158.057: [ParNew: 107780K->7421K(112448K), 0.0024990 secs] 174908K->74606K(364160K), 0.0025460 secs] [Times: user=0.02 sys=0.00, real=0.01 secs] 
158.060: Total time for which application threads were stopped: 0.0047540 seconds, Stopping threads took: 0.0021370 seconds
158.155: Application time: 0.0952910 seconds
158.158: [GC158.158: [ParNew: 107389K->6319K(112448K), 0.0022160 secs] 174574K->73532K(364160K), 0.0022610 secs] [Times: user=0.02 sys=0.00, real=0.01 secs] 
158.160: Total time for which application threads were stopped: 0.0049920 seconds, Stopping threads took: 0.0026600 seconds
158.255: Application time: 0.0946060 seconds
158.257: [GC158.257: [ParNew: 106287K->7322K(112448K), 0.0024200 secs] 173500K->74535K(364160K), 0.0024680 secs] [Times: user=0.02 sys=0.00, real=0.01 secs] 
158.260: Total time for which application threads were stopped: 0.0046660 seconds, Stopping threads took: 0.0021270 seconds
158.357: Application time: 0.0972270 seconds
158.358: [GC158.358: [ParNew: 107290K->7970K(112448K), 0.0027970 secs] 174503K->75241K(364160K), 0.0028450 secs] [Times: user=0.02 sys=0.00, real=0.01 secs] 
158.361: Total time for which application threads were stopped: 0.0041080 seconds, Stopping threads took: 0.0011790 seconds
158.457: Application time: 0.0962740 seconds
158.459: [GC158.460: [ParNew: 107938K->6035K(112448K), 0.0021390 secs] 175209K->73391K(364160K), 0.0021850 secs] [Times: user=0.02 sys=0.00, real=0.00 secs] 
158.462: Total time for which application threads were stopped: 0.0044820 seconds, Stopping threads took: 0.0022240 seconds
158.560: Application time: 0.0978890 seconds
158.562: [GC158.562: [ParNew: 106003K->4943K(112448K), 0.0016590 secs] 173359K->72299K(364160K), 0.0017020 secs] [Times: user=0.02 sys=0.00, real=0.00 secs] 
158.564: Total time for which application threads were stopped: 0.0041730 seconds, Stopping threads took: 0.0023990 seconds
158.663: Application time: 0.0995880 seconds
158.666: [GC158.666: [ParNew: 104911K->5321K(112448K), 0.0017150 secs] 172267K->72677K(364160K), 0.0017590 secs] [Times: user=0.01 sys=0.00, real=0.01 secs] 
158.668: Total time for which application threads were stopped: 0.0041920 seconds, Stopping threads took: 0.0023610 seconds
158.761: Application time: 0.0937820 seconds
158.763: [GC158.763: [ParNew: 105289K->6436K(112448K), 0.0022110 secs] 172645K->73792K(364160K), 0.0022560 secs] [Times: user=0.01 sys=0.00, real=0.00 secs] 
158.766: Total time for which application threads were stopped: 0.0044140 seconds, Stopping threads took: 0.0020860 seconds
158.859: Application time: 0.0935720 seconds
158.863: [GC158.863: [ParNew: 106404K->7292K(112448K), 0.0024050 secs] 173760K->74762K(364160K), 0.0024520 secs] [Times: user=0.02 sys=0.00, real=0.00 secs] 
158.865: Total time for which application threads were stopped: 0.0056640 seconds, Stopping threads took: 0.0031310 seconds
158.959: Application time: 0.0938950 seconds
158.961: [GC158.961: [ParNew: 107260K->7096K(112448K), 0.0024180 secs] 174730K->74681K(364160K), 0.0024720 secs] [Times: user=0.02 sys=0.00, real=0.00 secs] 
158.964: Total time for which application threads were stopped: 0.0049890 seconds, Stopping threads took: 0.0024460 seconds
159.059: Application time: 0.0955280 seconds
159.063: [GC159.063: [ParNew: 107064K->7212K(112448K), 0.0025560 secs] 174649K->74853K(364160K), 0.0026070 secs] [Times: user=0.02 sys=0.00, real=0.00 secs] 
159.065: Total time for which application threads were stopped: 0.0058460 seconds, Stopping threads took: 0.0031650 seconds
159.160: Application time: 0.0943350 seconds
159.161: [GC159.161: [ParNew: 107180K->6989K(112448K), 0.0024460 secs] 174821K->74659K(364160K), 0.0024920 secs] [Times: user=0.02 sys=0.00, real=0.00 secs] 
159.164: Total time for which application threads were stopped: 0.0041920 seconds, Stopping threads took: 0.0016100 seconds
159.260: Application time: 0.0957560 seconds
159.262: [GC159.262: [ParNew: 106957K->6878K(112448K), 0.0023350 secs] 174627K->74548K(364160K), 0.0023830 secs] [Times: user=0.02 sys=0.00, real=0.00 secs] 
159.265: Total time for which application threads were stopped: 0.0051180 seconds, Stopping threads took: 0.0026630 seconds
159.358: Application time: 0.0930970 seconds
159.360: [GC159.360: [ParNew: 106846K->7048K(112448K), 0.0023440 secs] 174516K->74717K(364160K), 0.0023880 secs] [Times: user=0.02 sys=0.00, real=0.00 secs] 
159.362: Total time for which application threads were stopped: 0.0046360 seconds, Stopping threads took: 0.0021560 seconds
159.459: Application time: 0.0962720 seconds
159.460: [GC159.460: [ParNew: 107016K->5877K(112448K), 0.0020480 secs] 174685K->73689K(364160K), 0.0020930 secs] [Times: user=0.02 sys=0.00, real=0.00 secs] 
159.462: Total time for which application threads were stopped: 0.0031580 seconds, Stopping threads took: 0.0009810 seconds
159.558: Application time: 0.0960530 seconds
159.560: [GC159.560: [ParNew: 105845K->6834K(112448K), 0.0024480 secs] 173657K->74646K(364160K), 0.0024940 secs] [Times: user=0.02 sys=0.00, real=0.00 secs] 
159.563: Total time for which application threads were stopped: 0.0047870 seconds, Stopping threads took: 0.0022210 seconds
159.659: Application time: 0.0959310 seconds
159.661: [GC159.661: [ParNew: 106802K->6573K(112448K), 0.0024540 secs] 174614K->74471K(364160K), 0.0025010 secs] [Times: user=0.02 sys=0.00, real=0.00 secs] 
159.663: Total time for which application threads were stopped: 0.0044570 seconds, Stopping threads took: 0.0018620 seconds
159.759: Application time: 0.0955830 seconds
159.762: [GC159.762: [ParNew: 106541K->6373K(112448K), 0.0020820 secs] 174439K->74271K(364160K), 0.0021270 secs] [Times: user=0.01 sys=0.00, real=0.00 secs] 
159.764: Total time for which application threads were stopped: 0.0052720 seconds, Stopping threads took: 0.0030730 seconds
159.857: Application time: 0.0934570 seconds
159.860: [GC159.860: [ParNew: 106341K->7297K(112448K), 0.0024100 secs] 174239K->75195K(364160K), 0.0024580 secs] [Times: user=0.02 sys=0.00, real=0.00 secs] 
159.863: Total time for which application threads were stopped: 0.0054720 seconds, Stopping threads took: 0.0029410 seconds
159.958: Application time: 0.0949990 seconds
159.960: [GC159.960: [ParNew: 107265K->6793K(112448K), 0.0023820 secs] 175163K->74805K(364160K), 0.0024280 secs] [Times: user=0.02 sys=0.00, real=0.00 secs] 
159.962: Total time for which application threads were stopped: 0.0041510 seconds, Stopping threads took: 0.0016490 seconds
160.058: Application time: 0.0956800 seconds
160.061: [GC160.061: [ParNew: 106761K->5640K(112448K), 0.0018710 secs] 174773K->73709K(364160K), 0.0019170 secs] [Times: user=0.01 sys=0.00, real=0.00 secs] 
160.063: Total time for which application threads were stopped: 0.0050910 seconds, Stopping threads took: 0.0030750 seconds
160.158: Application time: 0.0951930 seconds
160.161: [GC160.161: [ParNew: 105608K->6576K(112448K), 0.0022970 secs] 173677K->74645K(364160K), 0.0023440 secs] [Times: user=0.01 sys=0.00, real=0.00 secs] 
160.163: Total time for which application threads were stopped: 0.0050350 seconds, Stopping threads took: 0.0025960 seconds
160.260: Application time: 0.0973110 seconds
160.262: [GC160.262: [ParNew: 106544K->6331K(112448K), 0.0022020 secs] 174613K->74457K(364160K), 0.0022550 secs] [Times: user=0.02 sys=0.00, real=0.00 secs] 
160.265: Total time for which application threads were stopped: 0.0043040 seconds, Stopping threads took: 0.0019770 seconds
160.359: Application time: 0.0945920 seconds
160.361: [GC160.361: [ParNew: 106134K->6885K(112448K), 0.0022620 secs] 174260K->75011K(364160K), 0.0023080 secs] [Times: user=0.02 sys=0.00, real=0.00 secs] 
160.364: Total time for which application threads were stopped: 0.0042870 seconds, Stopping threads took: 0.0018860 seconds
160.459: Application time: 0.0955240 seconds
160.462: [GC160.462: [ParNew: 106853K->7079K(112448K), 0.0023900 secs] 174979K->75319K(364160K), 0.0024360 secs] [Times: user=0.02 sys=0.00, real=0.00 secs] 
160.464: Total time for which application threads were stopped: 0.0053910 seconds, Stopping threads took: 0.0028820 seconds
160.560: Application time: 0.0955420 seconds
160.564: [GC160.564: [ParNew: 107047K->7696K(112448K), 0.0029050 secs] 175287K->75965K(364160K), 0.0029480 secs] [Times: user=0.02 sys=0.00, real=0.00 secs] 
160.567: Total time for which application threads were stopped: 0.0065450 seconds, Stopping threads took: 0.0035170 seconds
160.663: Application time: 0.0960830 seconds
160.665: [GC160.665: [ParNew: 107664K->6674K(112448K), 0.0021840 secs] 175933K->75028K(364160K), 0.0022290 secs] [Times: user=0.01 sys=0.00, real=0.00 secs] 
160.667: Total time for which application threads were stopped: 0.0044210 seconds, Stopping threads took: 0.0021200 seconds
160.766: Application time: 0.0985540 seconds
160.769: [GC160.769: [ParNew: 106642K->6607K(112448K), 0.0021310 secs] 174996K->74961K(364160K), 0.0021750 secs] [Times: user=0.02 sys=0.00, real=0.00 secs] 
160.771: Total time for which application threads were stopped: 0.0051150 seconds, Stopping threads took: 0.0028680 seconds
160.866: Application time: 0.0952170 seconds
160.868: [GC160.868: [ParNew: 106575K->6633K(112448K), 0.0022180 secs] 174929K->74987K(364160K), 0.0022630 secs] [Times: user=0.02 sys=0.00, real=0.00 secs] 
160.870: Total time for which application threads were stopped: 0.0039790 seconds, Stopping threads took: 0.0016440 seconds
160.963: Application time: 0.0932270 seconds
160.965: [GC160.965: [ParNew: 106601K->6608K(112448K), 0.0021880 secs] 174955K->75019K(364160K), 0.0022360 secs] [Times: user=0.02 sys=0.00, real=0.01 secs] 
160.968: Total time for which application threads were stopped: 0.0044310 seconds, Stopping threads took: 0.0021240 seconds
161.063: Application time: 0.0949260 seconds
161.065: [GC161.065: [ParNew: 106576K->6622K(112448K), 0.0022550 secs] 174987K->75119K(364160K), 0.0023030 secs] [Times: user=0.02 sys=0.00, real=0.00 secs] 
161.067: Total time for which application threads were stopped: 0.0045070 seconds, Stopping threads took: 0.0021030 seconds
161.161: Application time: 0.0935670 seconds
161.163: [GC161.163: [ParNew: 106590K->7031K(112448K), 0.0023920 secs] 175087K->75585K(364160K), 0.0024380 secs] [Times: user=0.02 sys=0.00, real=0.00 secs] 
161.166: Total time for which application threads were stopped: 0.0050530 seconds, Stopping threads took: 0.0025430 seconds
161.261: Application time: 0.0951700 seconds
161.264: [GC161.264: [ParNew: 106999K->6614K(112448K), 0.0023650 secs] 175553K->75196K(364160K), 0.0024100 secs] [Times: user=0.01 sys=0.00, real=0.00 secs] 
161.266: Total time for which application threads were stopped: 0.0052800 seconds, Stopping threads took: 0.0027970 seconds
161.361: Application time: 0.0944400 seconds
161.363: [GC161.363: [ParNew: 106582K->6675K(112448K), 0.0024210 secs] 175164K->75257K(364160K), 0.0024670 secs] [Times: user=0.01 sys=0.00, real=0.00 secs] 
161.365: Total time for which application threads were stopped: 0.0045710 seconds, Stopping threads took: 0.0020100 seconds
161.460: Application time: 0.0945720 seconds
161.461: [GC161.461: [ParNew: 106643K->6658K(112448K), 0.0022330 secs] 175225K->75240K(364160K), 0.0022860 secs] [Times: user=0.01 sys=0.00, real=0.00 secs] 
161.464: Total time for which application threads were stopped: 0.0041130 seconds, Stopping threads took: 0.0017560 seconds
161.554: Application time: 0.0897970 seconds
161.556: [GC161.556: [ParNew: 106626K->7495K(112448K), 0.0025260 secs] 175208K->76220K(364160K), 0.0025700 secs] [Times: user=0.02 sys=0.00, real=0.00 secs] 
161.558: Total time for which application threads were stopped: 0.0048450 seconds, Stopping threads took: 0.0022050 seconds
161.646: Application time: 0.0875250 seconds
161.647: [GC161.647: [ParNew: 107463K->7533K(112448K), 0.0025240 secs] 176188K->76315K(364160K), 0.0025710 secs] [Times: user=0.02 sys=0.00, real=0.01 secs] 
161.650: Total time for which application threads were stopped: 0.0037140 seconds, Stopping threads took: 0.0010610 seconds
161.742: Application time: 0.0922830 seconds
161.744: [GC161.744: [ParNew: 107501K->7342K(112448K), 0.0023370 secs] 176283K->76153K(364160K), 0.0023820 secs] [Times: user=0.02 sys=0.00, real=0.00 secs] 
161.747: Total time for which application threads were stopped: 0.0046550 seconds, Stopping threads took: 0.0022030 seconds
161.836: Application time: 0.0889420 seconds
161.837: [GC161.837: [ParNew: 107310K->5702K(112448K), 0.0020770 secs] 176121K->74513K(364160K), 0.0021200 secs] [Times: user=0.01 sys=0.00, real=0.00 secs] 
161.839: Total time for which application threads were stopped: 0.0031920 seconds, Stopping threads took: 0.0009800 seconds
161.929: Application time: 0.0906360 seconds
161.932: [GC161.932: [ParNew: 105670K->5665K(112448K), 0.0020560 secs] 174481K->74475K(364160K), 0.0020990 secs] [Times: user=0.01 sys=0.00, real=0.00 secs] 
161.934: Total time for which application threads were stopped: 0.0050310 seconds, Stopping threads took: 0.0028400 seconds
162.025: Application time: 0.0907250 seconds
162.027: [GC162.027: [ParNew: 105633K->7400K(112448K), 0.0024610 secs] 174443K->76210K(364160K), 0.0025060 secs] [Times: user=0.02 sys=0.00, real=0.01 secs] 
162.030: Total time for which application threads were stopped: 0.0045190 seconds, Stopping threads took: 0.0019420 seconds
162.118: Application time: 0.0887270 seconds
162.121: [GC162.121: [ParNew: 107368K->7468K(112448K), 0.0025560 secs] 176178K->76478K(364160K), 0.0026000 secs] [Times: user=0.02 sys=0.00, real=0.00 secs] 
162.123: Total time for which application threads were stopped: 0.0047820 seconds, Stopping threads took: 0.0021090 seconds
162.215: Application time: 0.0922800 seconds
162.217: [GC162.217: [ParNew: 107436K->6954K(112448K), 0.0025140 secs] 176446K->75992K(364160K), 0.0025570 secs] [Times: user=0.02 sys=0.00, real=0.01 secs] 
162.220: Total time for which application threads were stopped: 0.0044380 seconds, Stopping threads took: 0.0018080 seconds
162.316: Application time: 0.0956540 seconds
162.318: [GC162.318: [ParNew: 106922K->3932K(112448K), 0.0013280 secs] 175960K->72971K(364160K), 0.0013750 secs] [Times: user=0.01 sys=0.00, real=0.01 secs] 
162.319: Total time for which application threads were stopped: 0.0037340 seconds, Stopping threads took: 0.0022870 seconds
162.409: Application time: 0.0897580 seconds
162.410: [GC162.410: [ParNew: 103900K->5026K(112448K), 0.0017220 secs] 172939K->74065K(364160K), 0.0017630 secs] [Times: user=0.01 sys=0.00, real=0.00 secs] 
162.412: Total time for which application threads were stopped: 0.0030830 seconds, Stopping threads took: 0.0012580 seconds
162.504: Application time: 0.0920810 seconds
162.506: [GC162.506: [ParNew: 104994K->7290K(112448K), 0.0024370 secs] 174033K->76329K(364160K), 0.0024800 secs] [Times: user=0.02 sys=0.00, real=0.01 secs] 
162.509: Total time for which application threads were stopped: 0.0044590 seconds, Stopping threads took: 0.0019120 seconds
162.598: Application time: 0.0893180 seconds
162.601: [GC162.601: [ParNew: 107258K->6946K(112448K), 0.0023490 secs] 176297K->76155K(364160K), 0.0023930 secs] [Times: user=0.01 sys=0.00, real=0.00 secs] 
162.603: Total time for which application threads were stopped: 0.0049750 seconds, Stopping threads took: 0.0025120 seconds
162.691: Application time: 0.0883260 seconds
162.695: [GC162.695: [ParNew: 106914K->5738K(112448K), 0.0019620 secs] 176123K->75004K(364160K), 0.0020140 secs] [Times: user=0.01 sys=0.00, real=0.00 secs] 
162.697: Total time for which application threads were stopped: 0.0054290 seconds, Stopping threads took: 0.0033450 seconds
162.786: Application time: 0.0894380 seconds
162.789: [GC162.789: [ParNew: 105706K->7693K(112448K), 0.0028150 secs] 174972K->76959K(364160K), 0.0028590 secs] [Times: user=0.02 sys=0.00, real=0.00 secs] 
162.792: Total time for which application threads were stopped: 0.0056560 seconds, Stopping threads took: 0.0027010 seconds
162.880: Application time: 0.0886070 seconds
162.882: [GC162.882: [ParNew: 107661K->5831K(112448K), 0.0019130 secs] 176927K->75098K(364160K), 0.0019600 secs] [Times: user=0.02 sys=0.00, real=0.00 secs] 
162.884: Total time for which application threads were stopped: 0.0035610 seconds, Stopping threads took: 0.0015290 seconds
162.974: Application time: 0.0903860 seconds
162.977: [GC162.977: [ParNew: 105799K->6311K(112448K), 0.0020620 secs] 175066K->75577K(364160K), 0.0021070 secs] [Times: user=0.02 sys=0.00, real=0.00 secs] 
162.979: Total time for which application threads were stopped: 0.0044560 seconds, Stopping threads took: 0.0022780 seconds
163.069: Application time: 0.0897120 seconds
163.070: [GC163.071: [ParNew: 106279K->6633K(112448K), 0.0023200 secs] 175545K->76013K(364160K), 0.0023660 secs] [Times: user=0.02 sys=0.01, real=0.00 secs] 
163.073: Total time for which application threads were stopped: 0.0043060 seconds, Stopping threads took: 0.0018700 seconds
163.167: Application time: 0.0943190 seconds
163.168: [GC163.168: [ParNew: 106601K->3802K(112448K), 0.0013640 secs] 175981K->73296K(364160K), 0.0014060 secs] [Times: user=0.01 sys=0.00, real=0.00 secs] 
163.169: Total time for which application threads were stopped: 0.0018490 seconds, Stopping threads took: 0.0003760 seconds
163.264: Application time: 0.0949610 seconds
163.266: [GC163.266: [ParNew: 103770K->6023K(112448K), 0.0035390 secs] 173264K->75518K(364160K), 0.0035890 secs] [Times: user=0.01 sys=0.00, real=0.01 secs] 
163.270: Total time for which application threads were stopped: 0.0057570 seconds, Stopping threads took: 0.0020990 seconds
163.361: Application time: 0.0915510 seconds
163.362: [GC163.362: [ParNew: 105991K->7121K(112448K), 0.0025550 secs] 175486K->76616K(364160K), 0.0026010 secs] [Times: user=0.02 sys=0.00, real=0.00 secs] 
163.365: Total time for which application threads were stopped: 0.0036450 seconds, Stopping threads took: 0.0009520 seconds
163.452: Application time: 0.0874990 seconds
163.455: [GC163.455: [ParNew: 107089K->6810K(112448K), 0.0022650 secs] 176584K->76362K(364160K), 0.0023090 secs] [Times: user=0.01 sys=0.01, real=0.00 secs] 
163.457: Total time for which application threads were stopped: 0.0046570 seconds, Stopping threads took: 0.0022700 seconds
163.546: Application time: 0.0889960 seconds
163.549: [GC163.549: [ParNew: 106778K->7220K(112448K), 0.0025180 secs] 176330K->76886K(364160K), 0.0025620 secs] [Times: user=0.02 sys=0.00, real=0.00 secs] 
163.551: Total time for which application threads were stopped: 0.0049960 seconds, Stopping threads took: 0.0023650 seconds
163.641: Application time: 0.0900550 seconds
163.643: [GC163.643: [ParNew: 107188K->7587K(112448K), 0.0025520 secs] 176854K->77310K(364160K), 0.0025960 secs] [Times: user=0.02 sys=0.00, real=0.00 secs] 
163.646: Total time for which application threads were stopped: 0.0044760 seconds, Stopping threads took: 0.0018110 seconds
163.734: Application time: 0.0879450 seconds
163.736: [GC163.736: [ParNew: 107555K->6065K(112448K), 0.0021210 secs] 177278K->75788K(364160K), 0.0021620 secs] [Times: user=0.01 sys=0.00, real=0.00 secs] 
163.738: Total time for which application threads were stopped: 0.0044460 seconds, Stopping threads took: 0.0022170 seconds
163.825: Application time: 0.0872720 seconds
163.827: [GC163.827: [ParNew: 106033K->6599K(112448K), 0.0021720 secs] 175756K->76322K(364160K), 0.0022180 secs] [Times: user=0.02 sys=0.00, real=0.01 secs] 
163.829: Total time for which application threads were stopped: 0.0036640 seconds, Stopping threads took: 0.0013660 seconds
163.915: Application time: 0.0858800 seconds
163.917: [GC163.917: [ParNew: 106567K->7152K(112448K), 0.0024030 secs] 176290K->76904K(364160K), 0.0024490 secs] [Times: user=0.02 sys=0.00, real=0.01 secs] 
163.919: Total time for which application threads were stopped: 0.0044830 seconds, Stopping threads took: 0.0019600 seconds
164.008: Application time: 0.0883980 seconds
164.011: [GC164.011: [ParNew: 107120K->7774K(112448K), 0.0027060 secs] 176872K->77639K(364160K), 0.0027510 secs] [Times: user=0.02 sys=0.00, real=0.00 secs] 
164.013: Total time for which application threads were stopped: 0.0056660 seconds, Stopping threads took: 0.0028470 seconds
164.106: Application time: 0.0927360 seconds
164.107: [GC164.107: [ParNew: 107742K->7473K(112448K), 0.0026310 secs] 177607K->77395K(364160K), 0.0026740 secs] [Times: user=0.02 sys=0.00, real=0.00 secs] 
164.110: Total time for which application threads were stopped: 0.0039490 seconds, Stopping threads took: 0.0011860 seconds
164.203: Application time: 0.0930320 seconds
164.206: [GC164.206: [ParNew: 107441K->5711K(112448K), 0.0019870 secs] 177363K->75662K(364160K), 0.0020300 secs] [Times: user=0.02 sys=0.00, real=0.01 secs] 
164.208: Total time for which application threads were stopped: 0.0050060 seconds, Stopping threads took: 0.0029080 seconds
164.300: Application time: 0.0921020 seconds
164.303: [GC164.303: [ParNew: 105679K->6791K(112448K), 0.0021550 secs] 175630K->76742K(364160K), 0.0021970 secs] [Times: user=0.02 sys=0.00, real=0.00 secs] 
164.306: Total time for which application threads were stopped: 0.0052300 seconds, Stopping threads took: 0.0029390 seconds
164.394: Application time: 0.0883590 seconds
164.396: [GC164.396: [ParNew: 106759K->7411K(112448K), 0.0025780 secs] 176710K->77391K(364160K), 0.0026240 secs] [Times: user=0.02 sys=0.00, real=0.00 secs] 
164.399: Total time for which application threads were stopped: 0.0050830 seconds, Stopping threads took: 0.0023680 seconds
164.492: Application time: 0.0926960 seconds
164.492: [GC164.492: [ParNew: 107379K->7253K(112448K), 0.0024600 secs] 177359K->77347K(364160K), 0.0025030 secs] [Times: user=0.02 sys=0.00, real=0.00 secs] 
164.495: Total time for which application threads were stopped: 0.0032760 seconds, Stopping threads took: 0.0006950 seconds
164.584: Application time: 0.0890660 seconds
164.585: [GC164.585: [ParNew: 107221K->6136K(112448K), 0.0020190 secs] 177315K->76287K(364160K), 0.0020650 secs] [Times: user=0.01 sys=0.00, real=0.01 secs] 
164.588: Total time for which application threads were stopped: 0.0035780 seconds, Stopping threads took: 0.0014430 seconds
164.678: Application time: 0.0900170 seconds
164.679: [GC164.679: [ParNew: 106104K->7090K(112448K), 0.0022510 secs] 176255K->77241K(364160K), 0.0022960 secs] [Times: user=0.02 sys=0.00, real=0.01 secs] 
164.681: Total time for which application threads were stopped: 0.0037970 seconds, Stopping threads took: 0.0014300 seconds
164.773: Application time: 0.0917280 seconds
164.776: [GC164.776: [ParNew: 107058K->6819K(112448K), 0.0022510 secs] 177209K->76998K(364160K), 0.0022930 secs] [Times: user=0.01 sys=0.00, real=0.00 secs] 
164.778: Total time for which application threads were stopped: 0.0052050 seconds, Stopping threads took: 0.0028320 seconds
164.867: Application time: 0.0884820 seconds
164.869: [GC164.870: [ParNew: 106787K->7519K(112448K), 0.0024740 secs] 176966K->77698K(364160K), 0.0025190 secs] [Times: user=0.02 sys=0.00, real=0.00 secs] 
164.872: Total time for which application threads were stopped: 0.0052220 seconds, Stopping threads took: 0.0026130 seconds
164.962: Application time: 0.0896800 seconds
164.963: [GC164.963: [ParNew: 107485K->7307K(112448K), 0.0024690 secs] 177665K->77629K(364160K), 0.0025150 secs] [Times: user=0.01 sys=0.00, real=0.00 secs] 
164.966: Total time for which application threads were stopped: 0.0040790 seconds, Stopping threads took: 0.0014950 seconds
165.053: Application time: 0.0874110 seconds
165.056: [GC165.056: [ParNew: 107275K->7146K(112448K), 0.0024230 secs] 177597K->77525K(364160K), 0.0024750 secs] [Times: user=0.01 sys=0.00, real=0.00 secs] 
165.058: Total time for which application threads were stopped: 0.0048660 seconds, Stopping threads took: 0.0023110 seconds
165.150: Application time: 0.0915920 seconds
165.152: [GC165.152: [ParNew: 107114K->6050K(112448K), 0.0020240 secs] 177493K->76457K(364160K), 0.0020670 secs] [Times: user=0.02 sys=0.00, real=0.00 secs] 
165.154: Total time for which application threads were stopped: 0.0046030 seconds, Stopping threads took: 0.0024450 seconds
165.243: Application time: 0.0883470 seconds
165.245: [GC165.245: [ParNew: 106018K->7858K(112448K), 0.0026330 secs] 176425K->78265K(364160K), 0.0026780 secs] [Times: user=0.02 sys=0.00, real=0.01 secs] 
165.248: Total time for which application threads were stopped: 0.0051800 seconds, Stopping threads took: 0.0024330 seconds
165.338: Application time: 0.0906170 seconds
165.340: [GC165.340: [ParNew: 107826K->5763K(112448K), 0.0020410 secs] 178233K->76171K(364160K), 0.0020830 secs] [Times: user=0.01 sys=0.00, real=0.00 secs] 
165.342: Total time for which application threads were stopped: 0.0038160 seconds, Stopping threads took: 0.0016630 seconds
165.434: Application time: 0.0921210 seconds
165.436: [GC165.436: [ParNew: 105731K->3763K(112448K), 0.0012080 secs] 176139K->74170K(364160K), 0.0012460 secs] [Times: user=0.01 sys=0.00, real=0.00 secs] 
165.438: Total time for which application threads were stopped: 0.0031770 seconds, Stopping threads took: 0.0018570 seconds
165.535: Application time: 0.0975440 seconds
165.538: [GC165.538: [ParNew: 103731K->5742K(112448K), 0.0021410 secs] 174138K->76150K(364160K), 0.0021820 secs] [Times: user=0.02 sys=0.00, real=0.01 secs] 
165.540: Total time for which application threads were stopped: 0.0049810 seconds, Stopping threads took: 0.0027280 seconds
165.635: Application time: 0.0948960 seconds
165.637: [GC165.637: [ParNew: 105710K->6649K(112448K), 0.0022980 secs] 176118K->77057K(364160K), 0.0023430 secs] [Times: user=0.01 sys=0.00, real=0.00 secs] 
165.639: Total time for which application threads were stopped: 0.0041910 seconds, Stopping threads took: 0.0017650 seconds
165.734: Application time: 0.0944740 seconds
165.737: [GC165.737: [ParNew: 106617K->7670K(112448K), 0.0026820 secs] 177025K->78306K(364160K), 0.0027390 secs] [Times: user=0.02 sys=0.01, real=0.01 secs] 
165.739: Total time for which application threads were stopped: 0.0056800 seconds, Stopping threads took: 0.0028710 seconds
165.833: Application time: 0.0931840 seconds
165.835: [GC165.835: [ParNew: 107638K->7467K(112448K), 0.0025140 secs] 178274K->78102K(364160K), 0.0025590 secs] [Times: user=0.01 sys=0.00, real=0.00 secs] 
165.838: Total time for which application threads were stopped: 0.0053860 seconds, Stopping threads took: 0.0027460 seconds
165.936: Application time: 0.0986090 seconds
165.940: [GC165.940: [ParNew: 107435K->6394K(112448K), 0.0021450 secs] 178070K->77115K(364160K), 0.0021900 secs] [Times: user=0.02 sys=0.00, real=0.00 secs] 
165.942: Total time for which application threads were stopped: 0.0052220 seconds, Stopping threads took: 0.0029530 seconds
166.038: Application time: 0.0960230 seconds
166.040: [GC166.040: [ParNew: 106362K->5172K(112448K), 0.0019070 secs] 177083K->75979K(364160K), 0.0019530 secs] [Times: user=0.01 sys=0.00, real=0.00 secs] 
166.042: Total time for which application threads were stopped: 0.0040390 seconds, Stopping threads took: 0.0020150 seconds
166.137: Application time: 0.0954270 seconds
166.140: [GC166.140: [ParNew: 105140K->6517K(112448K), 0.0021390 secs] 175947K->77324K(364160K), 0.0021820 secs] [Times: user=0.01 sys=0.00, real=0.00 secs] 
166.142: Total time for which application threads were stopped: 0.0049240 seconds, Stopping threads took: 0.0026600 seconds
166.238: Application time: 0.0962750 seconds
166.240: [GC166.240: [ParNew: 106485K->5218K(112448K), 0.0020070 secs] 177292K->76082K(364160K), 0.0020500 secs] [Times: user=0.01 sys=0.00, real=0.00 secs] 
166.242: Total time for which application threads were stopped: 0.0032760 seconds, Stopping threads took: 0.0011260 seconds
166.337: Application time: 0.0953110 seconds
166.340: [GC166.340: [ParNew: 105186K->7208K(112448K), 0.0026080 secs] 176050K->78072K(364160K), 0.0026500 secs] [Times: user=0.02 sys=0.00, real=0.00 secs] 
166.343: Total time for which application threads were stopped: 0.0058840 seconds, Stopping threads took: 0.0031440 seconds
166.439: Application time: 0.0961880 seconds
166.442: [GC166.442: [ParNew: 107176K->5881K(112448K), 0.0020240 secs] 178040K->76830K(364160K), 0.0020710 secs] [Times: user=0.01 sys=0.00, real=0.00 secs] 
166.444: Total time for which application threads were stopped: 0.0050060 seconds, Stopping threads took: 0.0028460 seconds
166.542: Application time: 0.0975090 seconds
166.544: [GC166.544: [ParNew: 105849K->4872K(112448K), 0.0016760 secs] 176798K->75821K(364160K), 0.0017190 secs] [Times: user=0.01 sys=0.00, real=0.00 secs] 
166.546: Total time for which application threads were stopped: 0.0041370 seconds, Stopping threads took: 0.0023490 seconds
166.643: Application time: 0.0973630 seconds
166.646: [GC166.646: [ParNew: 104840K->6776K(112448K), 0.0024270 secs] 175789K->77725K(364160K), 0.0024740 secs] [Times: user=0.02 sys=0.00, real=0.01 secs] 
166.648: Total time for which application threads were stopped: 0.0049880 seconds, Stopping threads took: 0.0024340 seconds
166.745: Application time: 0.0966270 seconds
166.748: [GC166.748: [ParNew: 106744K->7785K(112448K), 0.0027920 secs] 177693K->78877K(364160K), 0.0028370 secs] [Times: user=0.02 sys=0.00, real=0.00 secs] 
166.751: Total time for which application threads were stopped: 0.0062960 seconds, Stopping threads took: 0.0033670 seconds
166.849: Application time: 0.0975210 seconds
166.851: [GC166.851: [ParNew: 107753K->7830K(112448K), 0.0025580 secs] 178845K->78922K(364160K), 0.0026040 secs] [Times: user=0.01 sys=0.00, real=0.00 secs] 
166.854: Total time for which application threads were stopped: 0.0054860 seconds, Stopping threads took: 0.0027880 seconds
166.947: Application time: 0.0932040 seconds
166.950: [GC166.950: [ParNew: 107798K->7028K(112448K), 0.0023460 secs] 178890K->78149K(364160K), 0.0023940 secs] [Times: user=0.01 sys=0.00, real=0.00 secs] 
166.952: Total time for which application threads were stopped: 0.0047940 seconds, Stopping threads took: 0.0023300 seconds
167.046: Application time: 0.0934960 seconds
167.049: [GC167.049: [ParNew: 106996K->7088K(112448K), 0.0025020 secs] 178117K->78322K(364160K), 0.0025460 secs] [Times: user=0.02 sys=0.00, real=0.00 secs] 
167.051: Total time for which application threads were stopped: 0.0056800 seconds, Stopping threads took: 0.0030400 seconds
167.153: Application time: 0.1013620 seconds
167.154: [GC167.154: [ParNew: 107056K->5471K(112448K), 0.0020140 secs] 178290K->76762K(364160K), 0.0020590 secs] [Times: user=0.02 sys=0.00, real=0.00 secs] 
167.156: Total time for which application threads were stopped: 0.0037980 seconds, Stopping threads took: 0.0016560 seconds
167.250: Application time: 0.0937240 seconds
167.252: [GC167.252: [ParNew: 105439K->7167K(112448K), 0.0025460 secs] 176730K->78458K(364160K), 0.0025920 secs] [Times: user=0.02 sys=0.00, real=0.00 secs] 
167.255: Total time for which application threads were stopped: 0.0048780 seconds, Stopping threads took: 0.0022140 seconds
167.350: Application time: 0.0953620 seconds
167.352: [GC167.352: [ParNew: 107135K->6522K(112448K), 0.0021140 secs] 178426K->77842K(364160K), 0.0021600 secs] [Times: user=0.02 sys=0.00, real=0.00 secs] 
167.355: Total time for which application threads were stopped: 0.0042440 seconds, Stopping threads took: 0.0020110 seconds
167.449: Application time: 0.0945460 seconds
167.452: [GC167.452: [ParNew: 106490K->6556K(112448K), 0.0021700 secs] 177810K->77904K(364160K), 0.0022200 secs] [Times: user=0.01 sys=0.00, real=0.00 secs] 
167.455: Total time for which application threads were stopped: 0.0054960 seconds, Stopping threads took: 0.0032020 seconds
167.550: Application time: 0.0955660 seconds
167.552: [GC167.552: [ParNew: 106524K->7513K(112448K), 0.0024950 secs] 177872K->78975K(364160K), 0.0025500 secs] [Times: user=0.02 sys=0.00, real=0.00 secs] 
167.555: Total time for which application threads were stopped: 0.0047360 seconds, Stopping threads took: 0.0021150 seconds
167.650: Application time: 0.0951900 seconds
167.651: [GC167.651: [ParNew: 107481K->7441K(112448K), 0.0025620 secs] 178943K->78961K(364160K), 0.0026080 secs] [Times: user=0.01 sys=0.01, real=0.00 secs] 
167.654: Total time for which application threads were stopped: 0.0036620 seconds, Stopping threads took: 0.0009800 seconds
167.749: Application time: 0.0955770 seconds
167.752: [GC167.752: [ParNew: 107409K->4747K(112448K), 0.0015250 secs] 178929K->76294K(364160K), 0.0015660 secs] [Times: user=0.01 sys=0.00, real=0.00 secs] 
167.754: Total time for which application threads were stopped: 0.0042370 seconds, Stopping threads took: 0.0025900 seconds
167.849: Application time: 0.0955750 seconds
167.852: [GC167.852: [ParNew: 104715K->7825K(112448K), 0.0026450 secs] 176262K->79373K(364160K), 0.0026920 secs] [Times: user=0.02 sys=0.00, real=0.00 secs] 
167.854: Total time for which application threads were stopped: 0.0051970 seconds, Stopping threads took: 0.0024130 seconds
167.949: Application time: 0.0944770 seconds
167.951: [GC167.951: [ParNew: 107793K->6707K(112448K), 0.0025440 secs] 179341K->78284K(364160K), 0.0025850 secs] [Times: user=0.02 sys=0.00, real=0.00 secs] 
167.953: Total time for which application threads were stopped: 0.0044760 seconds, Stopping threads took: 0.0018210 seconds
168.046: Application time: 0.0925620 seconds
168.047: [GC168.047: [ParNew: 106675K->6178K(112448K), 0.0022360 secs] 178252K->77852K(364160K), 0.0022810 secs] [Times: user=0.01 sys=0.00, real=0.00 secs] 
168.050: Total time for which application threads were stopped: 0.0037070 seconds, Stopping threads took: 0.0013530 seconds
168.145: Application time: 0.0958200 seconds
168.149: [GC168.149: [ParNew: 106146K->6505K(112448K), 0.0021790 secs] 177820K->78180K(364160K), 0.0022230 secs] [Times: user=0.02 sys=0.00, real=0.00 secs] 
168.151: Total time for which application threads were stopped: 0.0055660 seconds, Stopping threads took: 0.0032710 seconds
168.248: Application time: 0.0969740 seconds
168.251: [GC168.251: [ParNew: 106473K->6764K(112448K), 0.0023170 secs] 178148K->78512K(364160K), 0.0023640 secs] [Times: user=0.02 sys=0.01, real=0.00 secs] 
168.254: Total time for which application threads were stopped: 0.0055910 seconds, Stopping threads took: 0.0031560 seconds
168.347: Application time: 0.0932020 seconds
168.349: [GC168.349: [ParNew: 106732K->6707K(112448K), 0.0037090 secs] 178480K->78483K(364160K), 0.0037580 secs] [Times: user=0.02 sys=0.00, real=0.00 secs] 
168.353: Total time for which application threads were stopped: 0.0060330 seconds, Stopping threads took: 0.0021920 seconds
168.448: Application time: 0.0948660 seconds
168.450: [GC168.450: [ParNew: 106675K->7654K(112448K), 0.0025400 secs] 178451K->79459K(364160K), 0.0025890 secs] [Times: user=0.02 sys=0.00, real=0.00 secs] 
168.453: Total time for which application threads were stopped: 0.0051750 seconds, Stopping threads took: 0.0024950 seconds
168.549: Application time: 0.0961510 seconds
168.551: [GC168.551: [ParNew: 107622K->7158K(112448K), 0.0023860 secs] 179427K->79048K(364160K), 0.0024340 secs] [Times: user=0.02 sys=0.00, real=0.00 secs] 
168.554: Total time for which application threads were stopped: 0.0045490 seconds, Stopping threads took: 0.0020410 seconds
168.650: Application time: 0.0966710 seconds
168.653: [GC168.653: [ParNew: 107126K->7592K(112448K), 0.0026680 secs] 179016K->79510K(364160K), 0.0027150 secs] [Times: user=0.02 sys=0.00, real=0.00 secs] 
168.656: Total time for which application threads were stopped: 0.0058540 seconds, Stopping threads took: 0.0030670 seconds
168.752: Application time: 0.0959220 seconds
168.755: [GC168.755: [ParNew: 107560K->6490K(112448K), 0.0024280 secs] 179478K->78465K(364160K), 0.0024750 secs] [Times: user=0.01 sys=0.00, real=0.00 secs] 
168.757: Total time for which application threads were stopped: 0.0052720 seconds, Stopping threads took: 0.0026970 seconds
168.854: Application time: 0.0962630 seconds
168.856: [GC168.856: [ParNew: 106458K->6292K(112448K), 0.0023160 secs] 178433K->78296K(364160K), 0.0023620 secs] [Times: user=0.01 sys=0.00, real=0.00 secs] 
168.858: Total time for which application threads were stopped: 0.0045480 seconds, Stopping threads took: 0.0020850 seconds
168.955: Application time: 0.0963900 seconds
168.958: [GC168.958: [ParNew: 106260K->7149K(112448K), 0.0024600 secs] 178264K->79154K(364160K), 0.0025020 secs] [Times: user=0.02 sys=0.00, real=0.01 secs] 
168.960: Total time for which application threads were stopped: 0.0059500 seconds, Stopping threads took: 0.0033560 seconds
169.058: Application time: 0.0971880 seconds
169.061: [GC169.061: [ParNew: 107117K->6125K(112448K), 0.0023040 secs] 179122K->78243K(364160K), 0.0023500 secs] [Times: user=0.01 sys=0.00, real=0.00 secs] 
169.063: Total time for which application threads were stopped: 0.0053410 seconds, Stopping threads took: 0.0029100 seconds
169.157: Application time: 0.0939000 seconds
169.160: [GC169.160: [ParNew: 106093K->6705K(112448K), 0.0023360 secs] 178211K->78823K(364160K), 0.0023790 secs] [Times: user=0.02 sys=0.00, real=0.00 secs] 
169.162: Total time for which application threads were stopped: 0.0055460 seconds, Stopping threads took: 0.0030950 seconds
169.260: Application time: 0.0974490 seconds
169.263: [GC169.263: [ParNew: 106673K->6805K(112448K), 0.0022290 secs] 178791K->79009K(364160K), 0.0022750 secs] [Times: user=0.02 sys=0.00, real=0.00 secs] 
169.265: Total time for which application threads were stopped: 0.0053350 seconds, Stopping threads took: 0.0029890 seconds
169.359: Application time: 0.0942370 seconds
169.362: [GC169.362: [ParNew: 106773K->5790K(112448K), 0.0021190 secs] 178977K->78022K(364160K), 0.0021640 secs] [Times: user=0.02 sys=0.00, real=0.00 secs] 
169.365: Total time for which application threads were stopped: 0.0051560 seconds, Stopping threads took: 0.0029120 seconds
169.460: Application time: 0.0956380 seconds
169.463: [GC169.463: [ParNew: 105758K->6643K(112448K), 0.0021640 secs] 177990K->78875K(364160K), 0.0022090 secs] [Times: user=0.02 sys=0.00, real=0.00 secs] 
169.465: Total time for which application threads were stopped: 0.0047390 seconds, Stopping threads took: 0.0024590 seconds
169.554: Application time: 0.0889720 seconds
169.557: [GC169.557: [ParNew: 106611K->7558K(112448K), 0.0024950 secs] 178843K->79876K(364160K), 0.0025470 secs] [Times: user=0.02 sys=0.00, real=0.01 secs] 
169.559: Total time for which application threads were stopped: 0.0053350 seconds, Stopping threads took: 0.0027170 seconds
169.653: Application time: 0.0935760 seconds
169.658: [GC169.658: [ParNew: 107526K->6370K(112448K), 0.0023080 secs] 179844K->78745K(364160K), 0.0023550 secs] [Times: user=0.01 sys=0.00, real=0.01 secs] 
169.660: Total time for which application threads were stopped: 0.0070970 seconds, Stopping threads took: 0.0046690 seconds
169.750: Application time: 0.0899580 seconds
169.752: [GC169.752: [ParNew: 106338K->7205K(112448K), 0.0025330 secs] 178713K->79637K(364160K), 0.0025800 secs] [Times: user=0.02 sys=0.00, real=0.00 secs] 
169.754: Total time for which application threads were stopped: 0.0043730 seconds, Stopping threads took: 0.0017020 seconds
169.844: Application time: 0.0892020 seconds
169.846: [GC169.846: [ParNew: 107173K->6093K(112448K), 0.0021280 secs] 179605K->78554K(364160K), 0.0021740 secs] [Times: user=0.02 sys=0.00, real=0.01 secs] 
169.848: Total time for which application threads were stopped: 0.0043220 seconds, Stopping threads took: 0.0020680 seconds
169.938: Application time: 0.0896610 seconds
169.939: [GC169.939: [ParNew: 106061K->7025K(112448K), 0.0023670 secs] 178522K->79486K(364160K), 0.0024120 secs] [Times: user=0.01 sys=0.00, real=0.01 secs] 
169.942: Total time for which application threads were stopped: 0.0040750 seconds, Stopping threads took: 0.0015820 seconds
170.031: Application time: 0.0897370 seconds
170.033: [GC170.033: [ParNew: 106993K->7253K(112448K), 0.0024480 secs] 179454K->79771K(364160K), 0.0025020 secs] [Times: user=0.02 sys=0.00, real=0.00 secs] 
170.036: Total time for which application threads were stopped: 0.0041620 seconds, Stopping threads took: 0.0015880 seconds
170.123: Application time: 0.0872460 seconds
170.125: [GC170.125: [ParNew: 107221K->6486K(112448K), 0.0021380 secs] 179739K->79089K(364160K), 0.0021800 secs] [Times: user=0.01 sys=0.00, real=0.00 secs] 
170.127: Total time for which application threads were stopped: 0.0040650 seconds, Stopping threads took: 0.0018180 seconds
170.216: Application time: 0.0895130 seconds
170.219: [GC170.219: [ParNew: 106454K->6288K(112448K), 0.0020200 secs] 179057K->78948K(364160K), 0.0020650 secs] [Times: user=0.02 sys=0.00, real=0.01 secs] 
170.221: Total time for which application threads were stopped: 0.0044440 seconds, Stopping threads took: 0.0023100 seconds
170.310: Application time: 0.0897090 seconds
170.313: [GC170.314: [ParNew: 106256K->6676K(112448K), 0.0022220 secs] 178916K->79365K(364160K), 0.0022680 secs] [Times: user=0.02 sys=0.00, real=0.00 secs] 
170.316: Total time for which application threads were stopped: 0.0052910 seconds, Stopping threads took: 0.0029320 seconds
170.407: Application time: 0.0912000 seconds
170.409: [GC170.409: [ParNew: 106644K->7099K(112448K), 0.0025240 secs] 179333K->79787K(364160K), 0.0025690 secs] [Times: user=0.02 sys=0.00, real=0.00 secs] 
170.412: Total time for which application threads were stopped: 0.0046550 seconds, Stopping threads took: 0.0020170 seconds
170.502: Application time: 0.0902180 seconds
170.505: [GC170.505: [ParNew: 107067K->6705K(112448K), 0.0023440 secs] 179755K->79422K(364160K), 0.0023890 secs] [Times: user=0.02 sys=0.00, real=0.00 secs] 
170.507: Total time for which application threads were stopped: 0.0050920 seconds, Stopping threads took: 0.0026070 seconds
170.597: Application time: 0.0902050 seconds
170.600: [GC170.600: [ParNew: 106673K->7681K(112448K), 0.0025630 secs] 179390K->80512K(364160K), 0.0026100 secs] [Times: user=0.02 sys=0.00, real=0.00 secs] 
170.603: Total time for which application threads were stopped: 0.0054270 seconds, Stopping threads took: 0.0027490 seconds
170.696: Application time: 0.0930870 seconds
170.696: [GC170.696: [ParNew: 107649K->5680K(112448K), 0.0019470 secs] 180480K->78540K(364160K), 0.0019880 secs] [Times: user=0.01 sys=0.00, real=0.00 secs] 
170.698: Total time for which application threads were stopped: 0.0024790 seconds, Stopping threads took: 0.0004200 seconds
170.788: Application time: 0.0898370 seconds
170.790: [GC170.790: [ParNew: 105648K->6299K(112448K), 0.0021020 secs] 178508K->79159K(364160K), 0.0021490 secs] [Times: user=0.02 sys=0.00, real=0.00 secs] 
170.792: Total time for which application threads were stopped: 0.0040960 seconds, Stopping threads took: 0.0018750 seconds
170.885: Application time: 0.0930790 seconds
170.886: [GC170.886: [ParNew: 106267K->5653K(112448K), 0.0020580 secs] 179127K->78569K(364160K), 0.0021050 secs] [Times: user=0.02 sys=0.00, real=0.01 secs] 
170.889: Total time for which application threads were stopped: 0.0033880 seconds, Stopping threads took: 0.0011960 seconds
170.977: Application time: 0.0881210 seconds
170.979: [GC170.979: [ParNew: 105621K->7681K(112448K), 0.0026960 secs] 178537K->80598K(364160K), 0.0027450 secs] [Times: user=0.02 sys=0.00, real=0.01 secs] 
170.982: Total time for which application threads were stopped: 0.0050690 seconds, Stopping threads took: 0.0022490 seconds
171.069: Application time: 0.0873290 seconds
171.071: [GC171.071: [ParNew: 107649K->6404K(112448K), 0.0022090 secs] 180566K->79435K(364160K), 0.0022570 secs] [Times: user=0.02 sys=0.00, real=0.00 secs] 
171.073: Total time for which application threads were stopped: 0.0043870 seconds, Stopping threads took: 0.0020510 seconds
171.163: Application time: 0.0892970 seconds
171.164: [GC171.164: [ParNew: 106372K->6378K(112448K), 0.0023340 secs] 179403K->79466K(364160K), 0.0023840 secs] [Times: user=0.01 sys=0.00, real=0.00 secs] 
171.167: Total time for which application threads were stopped: 0.0037870 seconds, Stopping threads took: 0.0013110 seconds
171.256: Application time: 0.0890960 seconds
171.258: [GC171.258: [ParNew: 106345K->6381K(112448K), 0.0020900 secs] 179433K->79497K(364160K), 0.0021360 secs] [Times: user=0.02 sys=0.00, real=0.01 secs] 
171.260: Total time for which application threads were stopped: 0.0042040 seconds, Stopping threads took: 0.0019980 seconds
171.350: Application time: 0.0901720 seconds
171.353: [GC171.353: [ParNew: 106349K->5920K(112448K), 0.0018630 secs] 179465K->79065K(364160K), 0.0019070 secs] [Times: user=0.02 sys=0.00, real=0.00 secs] 
171.355: Total time for which application threads were stopped: 0.0046500 seconds, Stopping threads took: 0.0026730 seconds
171.448: Application time: 0.0933860 seconds
171.450: [GC171.450: [ParNew: 105888K->7150K(112448K), 0.0025470 secs] 179033K->80295K(364160K), 0.0025930 secs] [Times: user=0.02 sys=0.00, real=0.00 secs] 
171.453: Total time for which application threads were stopped: 0.0049310 seconds, Stopping threads took: 0.0022640 seconds
171.540: Application time: 0.0869340 seconds
171.542: [GC171.542: [ParNew: 107118K->7932K(112448K), 0.0026360 secs] 180263K->81191K(364160K), 0.0026800 secs] [Times: user=0.02 sys=0.00, real=0.00 secs] 
171.545: Total time for which application threads were stopped: 0.0049280 seconds, Stopping threads took: 0.0021580 seconds
171.634: Application time: 0.0887250 seconds
171.636: [GC171.636: [ParNew: 107900K->6658K(112448K), 0.0022410 secs] 181159K->79974K(364160K), 0.0022830 secs] [Times: user=0.01 sys=0.00, real=0.00 secs] 
171.639: Total time for which application threads were stopped: 0.0051290 seconds, Stopping threads took: 0.0027660 seconds
171.726: Application time: 0.0874220 seconds
171.729: [GC171.729: [ParNew: 106626K->7634K(112448K), 0.0025420 secs] 179942K->80979K(364160K), 0.0025860 secs] [Times: user=0.02 sys=0.00, real=0.00 secs] 
171.732: Total time for which application threads were stopped: 0.0053780 seconds, Stopping threads took: 0.0027250 seconds
171.819: Application time: 0.0876840 seconds
171.822: [GC171.822: [ParNew: 107602K->7759K(112448K), 0.0025500 secs] 180947K->81132K(364160K), 0.0025960 secs] [Times: user=0.02 sys=0.00, real=0.00 secs] 
171.825: Total time for which application threads were stopped: 0.0053570 seconds, Stopping threads took: 0.0026920 seconds
171.915: Application time: 0.0904700 seconds
171.918: [GC171.918: [ParNew: 107727K->6767K(112448K), 0.0022900 secs] 181100K->80168K(364160K), 0.0023350 secs] [Times: user=0.01 sys=0.00, real=0.01 secs] 
171.920: Total time for which application threads were stopped: 0.0051710 seconds, Stopping threads took: 0.0027670 seconds
172.006: Application time: 0.0860780 seconds
172.008: [GC172.008: [ParNew: 106735K->6973K(112448K), 0.0025900 secs] 180136K->80460K(364160K), 0.0026360 secs] [Times: user=0.02 sys=0.00, real=0.00 secs] 
172.011: Total time for which application threads were stopped: 0.0042820 seconds, Stopping threads took: 0.0015560 seconds
172.103: Application time: 0.0924940 seconds
172.106: [GC172.106: [ParNew: 106941K->6621K(112448K), 0.0022860 secs] 180428K->80136K(364160K), 0.0023330 secs] [Times: user=0.02 sys=0.00, real=0.01 secs] 
172.108: Total time for which application threads were stopped: 0.0051310 seconds, Stopping threads took: 0.0027280 seconds
172.201: Application time: 0.0927110 seconds
172.203: [GC172.203: [ParNew: 106589K->5742K(112448K), 0.0019530 secs] 180104K->79315K(364160K), 0.0019990 secs] [Times: user=0.01 sys=0.00, real=0.00 secs] 
172.205: Total time for which application threads were stopped: 0.0042660 seconds, Stopping threads took: 0.0021900 seconds
172.294: Application time: 0.0890880 seconds
172.297: [GC172.297: [ParNew: 105710K->7548K(112448K), 0.0025310 secs] 179283K->81120K(364160K), 0.0025770 secs] [Times: user=0.02 sys=0.00, real=0.01 secs] 
172.299: Total time for which application threads were stopped: 0.0051780 seconds, Stopping threads took: 0.0025310 seconds
172.388: Application time: 0.0886280 seconds
172.390: [GC172.390: [ParNew: 107516K->6674K(112448K), 0.0022400 secs] 181088K->80275K(364160K), 0.0022940 secs] [Times: user=0.02 sys=0.00, real=0.00 secs] 
172.392: Total time for which application threads were stopped: 0.0040790 seconds, Stopping threads took: 0.0017150 seconds
172.481: Application time: 0.0886160 seconds
172.483: [GC172.483: [ParNew: 106642K->6687K(112448K), 0.0021680 secs] 180243K->80316K(364160K), 0.0022130 secs] [Times: user=0.02 sys=0.00, real=0.00 secs] 
172.485: Total time for which application threads were stopped: 0.0040270 seconds, Stopping threads took: 0.0017340 seconds
172.574: Application time: 0.0893140 seconds
172.577: [GC172.577: [ParNew: 106655K->7447K(112448K), 0.0024550 secs] 180284K->81190K(364160K), 0.0025120 secs] [Times: user=0.02 sys=0.00, real=0.01 secs] 
172.579: Total time for which application threads were stopped: 0.0051400 seconds, Stopping threads took: 0.0025570 seconds
172.669: Application time: 0.0895170 seconds
172.671: [GC172.671: [ParNew: 107415K->6197K(112448K), 0.0037140 secs] 181158K->79998K(364160K), 0.0037590 secs] [Times: user=0.02 sys=0.00, real=0.00 secs] 
172.674: Total time for which application threads were stopped: 0.0054730 seconds, Stopping threads took: 0.0016400 seconds
172.765: Application time: 0.0910870 seconds
172.767: [GC172.767: [ParNew: 106165K->6381K(112448K), 0.0022060 secs] 179966K->80182K(364160K), 0.0022500 secs] [Times: user=0.01 sys=0.00, real=0.00 secs] 
172.770: Total time for which application threads were stopped: 0.0042670 seconds, Stopping threads took: 0.0019370 seconds
172.859: Application time: 0.0892120 seconds
172.860: [GC172.860: [ParNew: 106349K->7153K(112448K), 0.0023640 secs] 180150K->80982K(364160K), 0.0024130 secs] [Times: user=0.01 sys=0.00, real=0.00 secs] 
172.863: Total time for which application threads were stopped: 0.0038050 seconds, Stopping threads took: 0.0013010 seconds
172.953: Application time: 0.0903660 seconds
172.955: [GC172.955: [ParNew: 107121K->6009K(112448K), 0.0020860 secs] 180950K->79867K(364160K), 0.0021270 secs] [Times: user=0.01 sys=0.01, real=0.00 secs] 
172.957: Total time for which application threads were stopped: 0.0038260 seconds, Stopping threads took: 0.0016090 seconds
173.047: Application time: 0.0898910 seconds
173.049: [GC173.049: [ParNew: 105977K->6737K(112448K), 0.0021730 secs] 179835K->80595K(364160K), 0.0022170 secs] [Times: user=0.02 sys=0.00, real=0.00 secs] 
173.051: Total time for which application threads were stopped: 0.0042940 seconds, Stopping threads took: 0.0019850 seconds
173.141: Application time: 0.0898350 seconds
173.141: [GC173.141: [ParNew: 106705K->5263K(112448K), 0.0018630 secs] 180563K->79292K(364160K), 0.0019050 secs] [Times: user=0.01 sys=0.00, real=0.00 secs] 
173.143: Total time for which application threads were stopped: 0.0023010 seconds, Stopping threads took: 0.0003170 seconds
173.235: Application time: 0.0913990 seconds
173.237: [GC173.237: [ParNew: 105231K->6555K(112448K), 0.0023830 secs] 179260K->80584K(364160K), 0.0024280 secs] [Times: user=0.01 sys=0.00, real=0.00 secs] 
173.239: Total time for which application threads were stopped: 0.0044290 seconds, Stopping threads took: 0.0019110 seconds
173.330: Application time: 0.0907210 seconds
173.332: [GC173.332: [ParNew: 106523K->6488K(112448K), 0.0023050 secs] 180552K->80545K(364160K), 0.0023460 secs] [Times: user=0.01 sys=0.00, real=0.00 secs] 
173.334: Total time for which application threads were stopped: 0.0042510 seconds, Stopping threads took: 0.0018270 seconds
173.424: Application time: 0.0898940 seconds
173.426: [GC173.426: [ParNew: 106456K->5805K(112448K), 0.0036780 secs] 180513K->79891K(364160K), 0.0037260 secs] [Times: user=0.01 sys=0.00, real=0.01 secs] 
173.430: Total time for which application threads were stopped: 0.0059120 seconds, Stopping threads took: 0.0020960 seconds
173.524: Application time: 0.0942570 seconds
173.525: [GC173.525: [ParNew: 105773K->5962K(112448K), 0.0020550 secs] 179859K->80048K(364160K), 0.0021010 secs] [Times: user=0.02 sys=0.00, real=0.01 secs] 
173.527: Total time for which application threads were stopped: 0.0033940 seconds, Stopping threads took: 0.0012130 seconds
173.625: Application time: 0.0970410 seconds
173.626: [GC173.626: [ParNew: 105930K->5837K(112448K), 0.0021500 secs] 180016K->79923K(364160K), 0.0021960 secs] [Times: user=0.01 sys=0.00, real=0.01 secs] 
173.628: Total time for which application threads were stopped: 0.0039270 seconds, Stopping threads took: 0.0016380 seconds
173.726: Application time: 0.0976290 seconds
173.728: [GC173.728: [ParNew: 105805K->5264K(112448K), 0.0019610 secs] 179891K->79350K(364160K), 0.0020060 secs] [Times: user=0.01 sys=0.00, real=0.00 secs] 
173.730: Total time for which application threads were stopped: 0.0038580 seconds, Stopping threads took: 0.0017600 seconds
173.824: Application time: 0.0941830 seconds
173.827: [GC173.827: [ParNew: 105232K->7089K(112448K), 0.0023170 secs] 179318K->81175K(364160K), 0.0023620 secs] [Times: user=0.02 sys=0.00, real=0.00 secs] 
173.830: Total time for which application threads were stopped: 0.0055410 seconds, Stopping threads took: 0.0031010 seconds
173.924: Application time: 0.0941990 seconds
173.926: [GC173.926: [ParNew: 107057K->5948K(112448K), 0.0021110 secs] 181143K->80177K(364160K), 0.0021590 secs] [Times: user=0.01 sys=0.00, real=0.01 secs] 
173.928: Total time for which application threads were stopped: 0.0043230 seconds, Stopping threads took: 0.0020840 seconds
174.025: Application time: 0.0970280 seconds
174.028: [GC174.028: [ParNew: 105916K->6627K(112448K), 0.0022240 secs] 180145K->80856K(364160K), 0.0022640 secs] [Times: user=0.02 sys=0.00, real=0.00 secs] 
174.030: Total time for which application threads were stopped: 0.0048130 seconds, Stopping threads took: 0.0024780 seconds
174.126: Application time: 0.0959490 seconds
174.129: [GC174.129: [ParNew: 106595K->5558K(112448K), 0.0019920 secs] 180824K->79929K(364160K), 0.0020370 secs] [Times: user=0.01 sys=0.00, real=0.00 secs] 
174.131: Total time for which application threads were stopped: 0.0053990 seconds, Stopping threads took: 0.0032710 seconds
174.228: Application time: 0.0967180 seconds
174.231: [GC174.231: [ParNew: 105526K->7716K(112448K), 0.0025740 secs] 179897K->82087K(364160K), 0.0026190 secs] [Times: user=0.02 sys=0.00, real=0.00 secs] 
174.233: Total time for which application threads were stopped: 0.0050830 seconds, Stopping threads took: 0.0023910 seconds
174.329: Application time: 0.0958070 seconds
174.332: [GC174.332: [ParNew: 107684K->7852K(112448K), 0.0028840 secs] 182055K->82280K(364160K), 0.0029290 secs] [Times: user=0.02 sys=0.00, real=0.00 secs] 
174.335: Total time for which application threads were stopped: 0.0059400 seconds, Stopping threads took: 0.0029190 seconds
174.433: Application time: 0.0975770 seconds
174.435: [GC174.435: [ParNew: 107820K->5801K(112448K), 0.0020550 secs] 182248K->80258K(364160K), 0.0021010 secs] [Times: user=0.01 sys=0.00, real=0.00 secs] 
174.437: Total time for which application threads were stopped: 0.0044580 seconds, Stopping threads took: 0.0022570 seconds
174.532: Application time: 0.0946040 seconds
174.535: [GC174.535: [ParNew: 105769K->7727K(112448K), 0.0043280 secs] 180226K->82184K(364160K), 0.0043820 secs] [Times: user=0.03 sys=0.01, real=0.01 secs] 
174.539: Total time for which application threads were stopped: 0.0077260 seconds, Stopping threads took: 0.0032530 seconds
174.633: Application time: 0.0940380 seconds
174.636: [GC174.636: [ParNew: 107695K->7859K(112448K), 0.0026190 secs] 182152K->82487K(364160K), 0.0026650 secs] [Times: user=0.02 sys=0.00, real=0.00 secs] 
174.639: Total time for which application threads were stopped: 0.0058160 seconds, Stopping threads took: 0.0030800 seconds
174.737: Application time: 0.0973780 seconds
174.739: [GC174.739: [ParNew: 107827K->4999K(112448K), 0.0018380 secs] 182455K->79627K(364160K), 0.0018810 secs] [Times: user=0.02 sys=0.00, real=0.01 secs] 
174.741: Total time for which application threads were stopped: 0.0041880 seconds, Stopping threads took: 0.0022350 seconds
174.835: Application time: 0.0939960 seconds
174.837: [GC174.837: [ParNew: 104967K->6890K(112448K), 0.0022000 secs] 179595K->81518K(364160K), 0.0022510 secs] [Times: user=0.02 sys=0.00, real=0.00 secs] 
174.839: Total time for which application threads were stopped: 0.0044810 seconds, Stopping threads took: 0.0021580 seconds
174.936: Application time: 0.0968570 seconds
174.938: [GC174.938: [ParNew: 106858K->6648K(112448K), 0.0021910 secs] 181486K->81333K(364160K), 0.0022350 secs] [Times: user=0.02 sys=0.00, real=0.01 secs] 
174.940: Total time for which application threads were stopped: 0.0041770 seconds, Stopping threads took: 0.0018600 seconds
175.035: Application time: 0.0948590 seconds
175.038: [GC175.038: [ParNew: 106616K->6834K(112448K), 0.0023150 secs] 181301K->81548K(364160K), 0.0023650 secs] [Times: user=0.02 sys=0.00, real=0.01 secs] 
175.040: Total time for which application threads were stopped: 0.0050740 seconds, Stopping threads took: 0.0026340 seconds
175.133: Application time: 0.0927600 seconds
175.135: [GC175.135: [ParNew: 106802K->7466K(112448K), 0.0024200 secs] 181516K->82236K(364160K), 0.0024650 secs] [Times: user=0.01 sys=0.01, real=0.00 secs] 
175.138: Total time for which application threads were stopped: 0.0046920 seconds, Stopping threads took: 0.0021540 seconds
175.233: Application time: 0.0949160 seconds
175.235: [GC175.235: [ParNew: 107434K->7141K(112448K), 0.0023820 secs] 182204K->81997K(364160K), 0.0024240 secs] [Times: user=0.02 sys=0.00, real=0.00 secs] 
175.237: Total time for which application threads were stopped: 0.0044340 seconds, Stopping threads took: 0.0019380 seconds
175.331: Application time: 0.0943670 seconds
175.334: [GC175.334: [ParNew: 107109K->5773K(112448K), 0.0019040 secs] 181965K->80658K(364160K), 0.0019490 secs] [Times: user=0.02 sys=0.00, real=0.00 secs] 
175.336: Total time for which application threads were stopped: 0.0046200 seconds, Stopping threads took: 0.0025980 seconds
175.433: Application time: 0.0966560 seconds
175.435: [GC175.435: [ParNew: 105741K->5621K(112448K), 0.0018150 secs] 180626K->80506K(364160K), 0.0018580 secs] [Times: user=0.01 sys=0.00, real=0.00 secs] 
175.436: Total time for which application threads were stopped: 0.0037510 seconds, Stopping threads took: 0.0018210 seconds
175.533: Application time: 0.0970470 seconds
175.536: [GC175.537: [ParNew: 105589K->7265K(112448K), 0.0026290 secs] 180474K->82149K(364160K), 0.0026760 secs] [Times: user=0.01 sys=0.00, real=0.00 secs] 
175.539: Total time for which application threads were stopped: 0.0057260 seconds, Stopping threads took: 0.0029590 seconds
175.634: Application time: 0.0945520 seconds
175.637: [GC175.637: [ParNew: 107233K->6910K(112448K), 0.0022760 secs] 182117K->81908K(364160K), 0.0023240 secs] [Times: user=0.01 sys=0.00, real=0.01 secs] 
175.639: Total time for which application threads were stopped: 0.0055860 seconds, Stopping threads took: 0.0031910 seconds
175.734: Application time: 0.0945840 seconds
175.737: [GC175.737: [ParNew: 106878K->7404K(112448K), 0.0026020 secs] 181876K->82488K(364160K), 0.0026520 secs] [Times: user=0.02 sys=0.00, real=0.01 secs] 
175.740: Total time for which application threads were stopped: 0.0057760 seconds, Stopping threads took: 0.0030480 seconds
175.837: Application time: 0.0976300 seconds
175.839: [GC175.839: [ParNew: 107372K->5981K(112448K), 0.0020820 secs] 182456K->81094K(364160K), 0.0021280 secs] [Times: user=0.02 sys=0.00, real=0.01 secs] 
175.841: Total time for which application threads were stopped: 0.0038010 seconds, Stopping threads took: 0.0016030 seconds
175.936: Application time: 0.0950000 seconds
175.938: [GC175.938: [ParNew: 105949K->5791K(112448K), 0.0019690 secs] 181062K->80903K(364160K), 0.0020120 secs] [Times: user=0.02 sys=0.00, real=0.01 secs] 
175.940: Total time for which application threads were stopped: 0.0037460 seconds, Stopping threads took: 0.0016550 seconds
176.037: Application time: 0.0975340 seconds
176.040: [GC176.041: [ParNew: 105759K->7390K(112448K), 0.0023980 secs] 180871K->82502K(364160K), 0.0024440 secs] [Times: user=0.02 sys=0.00, real=0.00 secs] 
176.043: Total time for which application threads were stopped: 0.0055570 seconds, Stopping threads took: 0.0030300 seconds
176.142: Application time: 0.0992790 seconds
176.144: [GC176.144: [ParNew: 107358K->6712K(112448K), 0.0023620 secs] 182470K->81939K(364160K), 0.0024160 secs] [Times: user=0.01 sys=0.00, real=0.00 secs] 
176.146: Total time for which application threads were stopped: 0.0038230 seconds, Stopping threads took: 0.0013350 seconds
176.241: Application time: 0.0946320 seconds
176.242: [GC176.242: [ParNew: 106680K->5527K(112448K), 0.0019670 secs] 181907K->80839K(364160K), 0.0020140 secs] [Times: user=0.01 sys=0.00, real=0.00 secs] 
176.244: Total time for which application threads were stopped: 0.0035290 seconds, Stopping threads took: 0.0014430 seconds
176.338: Application time: 0.0938810 seconds
176.340: [GC176.340: [ParNew: 105495K->6199K(112448K), 0.0020440 secs] 180807K->81511K(364160K), 0.0020900 secs] [Times: user=0.01 sys=0.00, real=0.00 secs] 
176.342: Total time for which application threads were stopped: 0.0039240 seconds, Stopping threads took: 0.0017390 seconds
176.442: Application time: 0.0995800 seconds
176.445: [GC176.445: [ParNew: 106167K->7546K(112448K), 0.0025090 secs] 181479K->82858K(364160K), 0.0025550 secs] [Times: user=0.02 sys=0.00, real=0.00 secs] 
176.447: Total time for which application threads were stopped: 0.0054580 seconds, Stopping threads took: 0.0028290 seconds
176.543: Application time: 0.0961100 seconds
176.546: [GC176.546: [ParNew: 107514K->7402K(112448K), 0.0025290 secs] 182826K->82771K(364160K), 0.0025740 secs] [Times: user=0.02 sys=0.00, real=0.01 secs] 
176.548: Total time for which application threads were stopped: 0.0049200 seconds, Stopping threads took: 0.0022670 seconds
176.644: Application time: 0.0962760 seconds
176.647: [GC176.647: [ParNew: 107370K->6325K(112448K), 0.0023460 secs] 182739K->81780K(364160K), 0.0023940 secs] [Times: user=0.02 sys=0.00, real=0.01 secs] 
176.650: Total time for which application threads were stopped: 0.0051340 seconds, Stopping threads took: 0.0026680 seconds
176.743: Application time: 0.0929660 seconds
176.746: [GC176.746: [ParNew: 106293K->6850K(112448K), 0.0023160 secs] 181748K->82390K(364160K), 0.0023640 secs] [Times: user=0.01 sys=0.00, real=0.01 secs] 
176.748: Total time for which application threads were stopped: 0.0056120 seconds, Stopping threads took: 0.0031770 seconds
176.841: Application time: 0.0926230 seconds
176.843: [GC176.843: [ParNew: 106818K->6997K(112448K), 0.0024850 secs] 182358K->82566K(364160K), 0.0025310 secs] [Times: user=0.01 sys=0.00, real=0.00 secs] 
176.846: Total time for which application threads were stopped: 0.0049220 seconds, Stopping threads took: 0.0023170 seconds
176.938: Application time: 0.0919030 seconds
176.941: [GC176.941: [ParNew: 106965K->7390K(112448K), 0.0024940 secs] 182534K->82959K(364160K), 0.0025390 secs] [Times: user=0.02 sys=0.00, real=0.00 secs] 
176.943: Total time for which application threads were stopped: 0.0055670 seconds, Stopping threads took: 0.0029350 seconds
177.038: Application time: 0.0952660 seconds
177.041: [GC177.041: [ParNew: 107358K->7465K(112448K), 0.0025500 secs] 182927K->83063K(364160K), 0.0025970 secs] [Times: user=0.02 sys=0.00, real=0.00 secs] 
177.043: Total time for which application threads were stopped: 0.0047450 seconds, Stopping threads took: 0.0020770 seconds
177.141: Application time: 0.0974150 seconds
177.144: [GC177.144: [ParNew: 107433K->6016K(112448K), 0.0020980 secs] 183031K->81670K(364160K), 0.0021440 secs] [Times: user=0.01 sys=0.00, real=0.00 secs] 
177.146: Total time for which application threads were stopped: 0.0051900 seconds, Stopping threads took: 0.0029440 seconds
177.241: Application time: 0.0949840 seconds
177.244: [GC177.244: [ParNew: 105984K->7408K(112448K), 0.0024960 secs] 181638K->83063K(364160K), 0.0025450 secs] [Times: user=0.01 sys=0.00, real=0.00 secs] 
177.246: Total time for which application threads were stopped: 0.0057240 seconds, Stopping threads took: 0.0030950 seconds
177.346: Application time: 0.0994390 seconds
177.348: [GC177.348: [ParNew: 107376K->5389K(112448K), 0.0018450 secs] 183031K->81157K(364160K), 0.0018990 secs] [Times: user=0.01 sys=0.00, real=0.00 secs] 
177.350: Total time for which application threads were stopped: 0.0037860 seconds, Stopping threads took: 0.0017920 seconds
177.443: Application time: 0.0931970 seconds
177.445: [GC177.445: [ParNew: 105357K->6206K(112448K), 0.0020460 secs] 181125K->81974K(364160K), 0.0020940 secs] [Times: user=0.02 sys=0.00, real=0.00 secs] 
177.447: Total time for which application threads were stopped: 0.0038550 seconds, Stopping threads took: 0.0016670 seconds
177.536: Application time: 0.0889250 seconds
177.537: [GC177.537: [ParNew: 106174K->6391K(112448K), 0.0022290 secs] 181942K->82160K(364160K), 0.0022770 secs] [Times: user=0.02 sys=0.00, real=0.01 secs] 
177.540: Total time for which application threads were stopped: 0.0039990 seconds, Stopping threads took: 0.0016420 seconds
177.628: Application time: 0.0884790 seconds
177.631: [GC177.631: [ParNew: 106359K->7467K(112448K), 0.0025730 secs] 182128K->83350K(364160K), 0.0026200 secs] [Times: user=0.02 sys=0.00, real=0.00 secs] 
177.633: Total time for which application threads were stopped: 0.0051270 seconds, Stopping threads took: 0.0024360 seconds
177.723: Application time: 0.0900010 seconds
177.725: [GC177.725: [ParNew: 107435K->5265K(112448K), 0.0018710 secs] 183318K->81205K(364160K), 0.0019130 secs] [Times: user=0.01 sys=0.00, real=0.00 secs] 
177.727: Total time for which application threads were stopped: 0.0038290 seconds, Stopping threads took: 0.0018300 seconds
177.818: Application time: 0.0909320 seconds
177.821: [GC177.821: [ParNew: 105233K->7344K(112448K), 0.0023810 secs] 181173K->83283K(364160K), 0.0024270 secs] [Times: user=0.02 sys=0.00, real=0.00 secs] 
177.823: Total time for which application threads were stopped: 0.0050040 seconds, Stopping threads took: 0.0025060 seconds
177.912: Application time: 0.0894060 seconds
177.914: [GC177.914: [ParNew: 107312K->6107K(112448K), 0.0021550 secs] 183251K->82132K(364160K), 0.0022000 secs] [Times: user=0.02 sys=0.00, real=0.00 secs] 
177.917: Total time for which application threads were stopped: 0.0041110 seconds, Stopping threads took: 0.0018210 seconds
178.010: Application time: 0.0931940 seconds
178.013: [GC178.013: [ParNew: 106075K->6815K(112448K), 0.0022570 secs] 182100K->82840K(364160K), 0.0023010 secs] [Times: user=0.01 sys=0.00, real=0.00 secs] 
178.015: Total time for which application threads were stopped: 0.0054010 seconds, Stopping threads took: 0.0030300 seconds
178.107: Application time: 0.0920320 seconds
178.110: [GC178.110: [ParNew: 106783K->7769K(112448K), 0.0026930 secs] 182808K->83879K(364160K), 0.0027380 secs] [Times: user=0.02 sys=0.00, real=0.00 secs] 
178.113: Total time for which application threads were stopped: 0.0059590 seconds, Stopping threads took: 0.0031500 seconds
178.201: Application time: 0.0880740 seconds
178.204: [GC178.204: [ParNew: 107737K->6344K(112448K), 0.0020560 secs] 183847K->82512K(364160K), 0.0021060 secs] [Times: user=0.02 sys=0.00, real=0.00 secs] 
178.206: Total time for which application threads were stopped: 0.0046550 seconds, Stopping threads took: 0.0024780 seconds
178.293: Application time: 0.0873100 seconds
178.294: [GC178.294: [ParNew: 106312K->7095K(112448K), 0.0025110 secs] 182480K->83320K(364160K), 0.0025570 secs] [Times: user=0.01 sys=0.00, real=0.00 secs] 
178.297: Total time for which application threads were stopped: 0.0035550 seconds, Stopping threads took: 0.0009160 seconds
178.389: Application time: 0.0924780 seconds
178.392: [GC178.392: [ParNew: 107063K->7138K(112448K), 0.0025740 secs] 183288K->83391K(364160K), 0.0026190 secs] [Times: user=0.02 sys=0.00, real=0.00 secs] 
178.395: Total time for which application threads were stopped: 0.0053120 seconds, Stopping threads took: 0.0026240 seconds
178.486: Application time: 0.0911860 seconds
178.488: [GC178.488: [ParNew: 107106K->5489K(112448K), 0.0018170 secs] 183359K->81742K(364160K), 0.0018650 secs] [Times: user=0.02 sys=0.00, real=0.00 secs] 
178.489: Total time for which application threads were stopped: 0.0036160 seconds, Stopping threads took: 0.0016600 seconds
178.579: Application time: 0.0892240 seconds
178.580: [GC178.580: [ParNew: 105457K->5660K(112448K), 0.0019580 secs] 181710K->81913K(364160K), 0.0020110 secs] [Times: user=0.01 sys=0.00, real=0.00 secs] 
178.582: Total time for which application threads were stopped: 0.0033730 seconds, Stopping threads took: 0.0012920 seconds
178.674: Application time: 0.0915720 seconds
178.676: [GC178.676: [ParNew: 105628K->6930K(112448K), 0.0023590 secs] 181881K->83183K(364160K), 0.0024010 secs] [Times: user=0.02 sys=0.00, real=0.00 secs] 
178.678: Total time for which application threads were stopped: 0.0047530 seconds, Stopping threads took: 0.0022830 seconds
178.768: Application time: 0.0896850 seconds
178.773: [GC178.773: [ParNew: 106898K->7545K(112448K), 0.0027380 secs] 183151K->83997K(364160K), 0.0027880 secs] [Times: user=0.01 sys=0.00, real=0.00 secs] 
178.775: Total time for which application threads were stopped: 0.0074470 seconds, Stopping threads took: 0.0045880 seconds
178.869: Application time: 0.0937680 seconds
178.871: [GC178.871: [ParNew: 107513K->6071K(112448K), 0.0021090 secs] 183965K->82553K(364160K), 0.0021560 secs] [Times: user=0.02 sys=0.00, real=0.00 secs] 
178.873: Total time for which application threads were stopped: 0.0036150 seconds, Stopping threads took: 0.0013650 seconds
178.966: Application time: 0.0932720 seconds
178.968: [GC178.968: [ParNew: 106039K->6127K(112448K), 0.0021730 secs] 182521K->82609K(364160K), 0.0022150 secs] [Times: user=0.01 sys=0.00, real=0.00 secs] 
178.970: Total time for which application threads were stopped: 0.0042810 seconds, Stopping threads took: 0.0019920 seconds
179.062: Application time: 0.0915670 seconds
179.063: [GC179.063: [ParNew: 106095K->6437K(112448K), 0.0022890 secs] 182577K->82918K(364160K), 0.0023330 secs] [Times: user=0.01 sys=0.00, real=0.00 secs] 
179.066: Total time for which application threads were stopped: 0.0037760 seconds, Stopping threads took: 0.0013540 seconds
179.154: Application time: 0.0887430 seconds
179.157: [GC179.157: [ParNew: 106405K->6312K(112448K), 0.0020600 secs] 182886K->82908K(364160K), 0.0021060 secs] [Times: user=0.01 sys=0.00, real=0.00 secs] 
179.159: Total time for which application threads were stopped: 0.0047190 seconds, Stopping threads took: 0.0025440 seconds
179.251: Application time: 0.0916620 seconds
179.252: [GC179.252: [ParNew: 106280K->5291K(112448K), 0.0018030 secs] 182876K->81972K(364160K), 0.0018480 secs] [Times: user=0.01 sys=0.00, real=0.00 secs] 
179.254: Total time for which application threads were stopped: 0.0033740 seconds, Stopping threads took: 0.0014550 seconds
179.344: Application time: 0.0900730 seconds
179.346: [GC179.346: [ParNew: 105259K->5455K(112448K), 0.0019310 secs] 181940K->82136K(364160K), 0.0019730 secs] [Times: user=0.01 sys=0.00, real=0.01 secs] 
179.348: Total time for which application threads were stopped: 0.0034260 seconds, Stopping threads took: 0.0013810 seconds
179.435: Application time: 0.0877290 seconds
179.438: [GC179.438: [ParNew: 105423K->7807K(112448K), 0.0024880 secs] 182104K->84488K(364160K), 0.0025330 secs] [Times: user=0.02 sys=0.00, real=0.01 secs] 
179.440: Total time for which application threads were stopped: 0.0046020 seconds, Stopping threads took: 0.0019930 seconds
179.528: Application time: 0.0881840 seconds
179.530: [GC179.530: [ParNew: 107775K->7477K(112448K), 0.0028470 secs] 184456K->84215K(364160K), 0.0028910 secs] [Times: user=0.02 sys=0.00, real=0.00 secs] 
179.533: Total time for which application threads were stopped: 0.0050450 seconds, Stopping threads took: 0.0020750 seconds
179.621: Application time: 0.0880840 seconds
179.624: [GC179.624: [ParNew: 107445K->6400K(112448K), 0.0021280 secs] 184183K->83223K(364160K), 0.0021750 secs] [Times: user=0.01 sys=0.00, real=0.00 secs] 
179.626: Total time for which application threads were stopped: 0.0043110 seconds, Stopping threads took: 0.0020640 seconds
179.714: Application time: 0.0887320 seconds
179.717: [GC179.717: [ParNew: 106368K->6335K(112448K), 0.0021650 secs] 183191K->83187K(364160K), 0.0022130 secs] [Times: user=0.02 sys=0.00, real=0.00 secs] 
179.719: Total time for which application threads were stopped: 0.0046500 seconds, Stopping threads took: 0.0023450 seconds
179.808: Application time: 0.0892000 seconds
179.810: [GC179.810: [ParNew: 106303K->7301K(112448K), 0.0026160 secs] 183155K->84239K(364160K), 0.0026620 secs] [Times: user=0.02 sys=0.00, real=0.00 secs] 
179.813: Total time for which application threads were stopped: 0.0042880 seconds, Stopping threads took: 0.0015560 seconds
179.901: Application time: 0.0879600 seconds
179.902: [GC179.903: [ParNew: 107269K->7065K(112448K), 0.0022930 secs] 184207K->84003K(364160K), 0.0023400 secs] [Times: user=0.02 sys=0.00, real=0.00 secs] 
179.905: Total time for which application threads were stopped: 0.0042930 seconds, Stopping threads took: 0.0018730 seconds
179.996: Application time: 0.0916310 seconds
179.999: [GC179.999: [ParNew: 107033K->6934K(112448K), 0.0022160 secs] 183971K->83901K(364160K), 0.0022620 secs] [Times: user=0.02 sys=0.00, real=0.01 secs] 
180.001: Total time for which application threads were stopped: 0.0049400 seconds, Stopping threads took: 0.0026000 seconds
180.091: Application time: 0.0898940 seconds
180.093: [GC180.093: [ParNew: 106902K->6698K(112448K), 0.0024070 secs] 183869K->83750K(364160K), 0.0024530 secs] [Times: user=0.01 sys=0.00, real=0.00 secs] 
180.096: Total time for which application threads were stopped: 0.0043260 seconds, Stopping threads took: 0.0018040 seconds
180.184: Application time: 0.0879560 seconds
180.186: [GC180.186: [ParNew: 106666K->6979K(112448K), 0.0022490 secs] 183718K->84059K(364160K), 0.0022920 secs] [Times: user=0.02 sys=0.00, real=0.01 secs] 
180.189: Total time for which application threads were stopped: 0.0050340 seconds, Stopping threads took: 0.0026510 seconds
180.278: Application time: 0.0897100 seconds
180.280: [GC180.280: [ParNew: 106947K->5069K(112448K), 0.0019530 secs] 184027K->82235K(364160K), 0.0019940 secs] [Times: user=0.01 sys=0.00, real=0.00 secs] 
180.282: Total time for which application threads were stopped: 0.0040960 seconds, Stopping threads took: 0.0020410 seconds
180.370: Application time: 0.0870690 seconds
180.372: [GC180.372: [ParNew: 105037K->7848K(112448K), 0.0025330 secs] 182203K->85014K(364160K), 0.0025800 secs] [Times: user=0.02 sys=0.00, real=0.00 secs] 
180.374: Total time for which application threads were stopped: 0.0045940 seconds, Stopping threads took: 0.0019420 seconds
180.464: Application time: 0.0900270 seconds
180.466: [GC180.466: [ParNew: 107816K->6887K(112448K), 0.0026040 secs] 184982K->84081K(364160K), 0.0026500 secs] [Times: user=0.01 sys=0.00, real=0.01 secs] 
180.469: Total time for which application threads were stopped: 0.0046630 seconds, Stopping threads took: 0.0019240 seconds
180.556: Application time: 0.0876750 seconds
180.558: [GC180.558: [ParNew: 106855K->6672K(112448K), 0.0021740 secs] 184049K->83894K(364160K), 0.0022210 secs] [Times: user=0.02 sys=0.00, real=0.01 secs] 
180.561: Total time for which application threads were stopped: 0.0040670 seconds, Stopping threads took: 0.0017680 seconds
180.647: Application time: 0.0862730 seconds
180.649: [GC180.649: [ParNew: 106640K->6206K(112448K), 0.0020930 secs] 183862K->83515K(364160K), 0.0021370 secs] [Times: user=0.02 sys=0.00, real=0.00 secs] 
180.651: Total time for which application threads were stopped: 0.0038770 seconds, Stopping threads took: 0.0016690 seconds
180.737: Application time: 0.0864520 seconds
180.740: [GC180.740: [ParNew: 106174K->6959K(112448K), 0.0022150 secs] 183483K->84267K(364160K), 0.0022600 secs] [Times: user=0.01 sys=0.00, real=0.00 secs] 
180.742: Total time for which application threads were stopped: 0.0047900 seconds, Stopping threads took: 0.0024590 seconds
180.831: Application time: 0.0886210 seconds
180.833: [GC180.833: [ParNew: 106927K->6942K(112448K), 0.0024940 secs] 184235K->84336K(364160K), 0.0025330 secs] [Times: user=0.01 sys=0.00, real=0.00 secs] 
180.835: Total time for which application threads were stopped: 0.0045960 seconds, Stopping threads took: 0.0019730 seconds
180.925: Application time: 0.0894100 seconds
180.926: [GC180.926: [ParNew: 106910K->6864K(112448K), 0.0025610 secs] 184304K->84286K(364160K), 0.0026140 secs] [Times: user=0.02 sys=0.00, real=0.01 secs] 
180.929: Total time for which application threads were stopped: 0.0040110 seconds, Stopping threads took: 0.0013070 seconds
181.019: Application time: 0.0900480 seconds
181.020: [GC181.020: [ParNew: 106832K->5761K(112448K), 0.0020780 secs] 184254K->83212K(364160K), 0.0021190 secs] [Times: user=0.02 sys=0.00, real=0.00 secs] 
181.023: Total time for which application threads were stopped: 0.0038900 seconds, Stopping threads took: 0.0017020 seconds
181.116: Application time: 0.0933210 seconds
181.120: [GC181.120: [ParNew: 105729K->5833K(112448K), 0.0020760 secs] 183180K->83284K(364160K), 0.0021200 secs] [Times: user=0.02 sys=0.00, real=0.00 secs] 
181.122: Total time for which application threads were stopped: 0.0057810 seconds, Stopping threads took: 0.0035610 seconds
181.216: Application time: 0.0940640 seconds
181.219: [GC181.219: [ParNew: 105801K->8008K(112448K), 0.0025270 secs] 183252K->85459K(364160K), 0.0025760 secs] [Times: user=0.02 sys=0.00, real=0.01 secs] 
181.221: Total time for which application threads were stopped: 0.0056550 seconds, Stopping threads took: 0.0029990 seconds
181.316: Application time: 0.0947410 seconds
181.318: [GC181.318: [ParNew: 107976K->4761K(112448K), 0.0019710 secs] 185427K->82383K(364160K), 0.0020140 secs] [Times: user=0.01 sys=0.00, real=0.01 secs] 
181.320: Total time for which application threads were stopped: 0.0034060 seconds, Stopping threads took: 0.0013240 seconds
181.409: Application time: 0.0893230 seconds
181.412: [GC181.412: [ParNew: 104729K->6727K(112448K), 0.0022240 secs] 182351K->84349K(364160K), 0.0022660 secs] [Times: user=0.02 sys=0.00, real=0.00 secs] 
181.414: Total time for which application threads were stopped: 0.0050500 seconds, Stopping threads took: 0.0027120 seconds
181.504: Application time: 0.0897390 seconds
181.505: [GC181.505: [ParNew: 106695K->7555K(112448K), 0.0025640 secs] 184317K->85234K(364160K), 0.0026100 secs] [Times: user=0.02 sys=0.00, real=0.01 secs] 
181.508: Total time for which application threads were stopped: 0.0042010 seconds, Stopping threads took: 0.0015200 seconds
181.602: Application time: 0.0939560 seconds
181.605: [GC181.605: [ParNew: 107523K->7454K(112448K), 0.0025660 secs] 185202K->85190K(364160K), 0.0026120 secs] [Times: user=0.02 sys=0.00, real=0.01 secs] 
181.607: Total time for which application threads were stopped: 0.0055360 seconds, Stopping threads took: 0.0028520 seconds
181.702: Application time: 0.0948500 seconds
181.705: [GC181.705: [ParNew: 107422K->7538K(112448K), 0.0025170 secs] 185158K->85359K(364160K), 0.0025650 secs] [Times: user=0.02 sys=0.00, real=0.01 secs] 
181.708: Total time for which application threads were stopped: 0.0054960 seconds, Stopping threads took: 0.0028500 seconds
181.805: Application time: 0.0973830 seconds
181.807: [GC181.807: [ParNew: 107506K->6169K(112448K), 0.0020310 secs] 185327K->84019K(364160K), 0.0020740 secs] [Times: user=0.01 sys=0.00, real=0.01 secs] 
181.809: Total time for which application threads were stopped: 0.0035470 seconds, Stopping threads took: 0.0014030 seconds
181.902: Application time: 0.0931130 seconds
181.905: [GC181.905: [ParNew: 106137K->7688K(112448K), 0.0025510 secs] 183987K->85538K(364160K), 0.0025970 secs] [Times: user=0.01 sys=0.00, real=0.00 secs] 
181.907: Total time for which application threads were stopped: 0.0054900 seconds, Stopping threads took: 0.0028010 seconds
182.002: Application time: 0.0950660 seconds
182.003: [GC182.003: [ParNew: 107656K->5942K(112448K), 0.0019900 secs] 185506K->83821K(364160K), 0.0020440 secs] [Times: user=0.02 sys=0.01, real=0.00 secs] 
182.005: Total time for which application threads were stopped: 0.0030080 seconds, Stopping threads took: 0.0008920 seconds
182.102: Application time: 0.0968320 seconds
182.104: [GC182.104: [ParNew: 105910K->6752K(112448K), 0.0022660 secs] 183789K->84631K(364160K), 0.0023190 secs] [Times: user=0.01 sys=0.00, real=0.00 secs] 
182.106: Total time for which application threads were stopped: 0.0040990 seconds, Stopping threads took: 0.0017080 seconds
182.201: Application time: 0.0948840 seconds
182.204: [GC182.204: [ParNew: 106720K->6521K(112448K), 0.0021740 secs] 184599K->84543K(364160K), 0.0022220 secs] [Times: user=0.01 sys=0.00, real=0.00 secs] 
182.206: Total time for which application threads were stopped: 0.0046280 seconds, Stopping threads took: 0.0023330 seconds
182.300: Application time: 0.0945960 seconds
182.302: [GC182.302: [ParNew: 106489K->5853K(112448K), 0.0020300 secs] 184511K->83931K(364160K), 0.0020770 secs] [Times: user=0.02 sys=0.00, real=0.00 secs] 
182.304: Total time for which application threads were stopped: 0.0038250 seconds, Stopping threads took: 0.0016580 seconds
182.400: Application time: 0.0957070 seconds
182.403: [GC182.403: [ParNew: 105821K->7657K(112448K), 0.0026480 secs] 183899K->85735K(364160K), 0.0026930 secs] [Times: user=0.02 sys=0.00, real=0.00 secs] 
182.405: Total time for which application threads were stopped: 0.0053260 seconds, Stopping threads took: 0.0025430 seconds
182.501: Application time: 0.0960170 seconds
182.504: [GC182.504: [ParNew: 107625K->7533K(112448K), 0.0027390 secs] 185703K->85640K(364160K), 0.0027860 secs] [Times: user=0.02 sys=0.00, real=0.00 secs] 
182.507: Total time for which application threads were stopped: 0.0052620 seconds, Stopping threads took: 0.0024060 seconds
182.603: Application time: 0.0966100 seconds
182.606: [GC182.606: [ParNew: 107501K->6332K(112448K), 0.0021960 secs] 185608K->84524K(364160K), 0.0022430 secs] [Times: user=0.02 sys=0.00, real=0.01 secs] 
182.609: Total time for which application threads were stopped: 0.0055210 seconds, Stopping threads took: 0.0032060 seconds
182.702: Application time: 0.0932830 seconds
182.705: [GC182.705: [ParNew: 106300K->7179K(112448K), 0.0023140 secs] 184492K->85399K(364160K), 0.0023610 secs] [Times: user=0.01 sys=0.00, real=0.01 secs] 
182.707: Total time for which application threads were stopped: 0.0054400 seconds, Stopping threads took: 0.0030070 seconds
182.801: Application time: 0.0940410 seconds
182.804: [GC182.804: [ParNew: 107147K->7169K(112448K), 0.0023890 secs] 185367K->85475K(364160K), 0.0024360 secs] [Times: user=0.02 sys=0.00, real=0.00 secs] 
182.807: Total time for which application threads were stopped: 0.0051290 seconds, Stopping threads took: 0.0026070 seconds
182.900: Application time: 0.0936460 seconds
182.902: [GC182.902: [ParNew: 107137K->7049K(112448K), 0.0022800 secs] 185443K->85356K(364160K), 0.0023240 secs] [Times: user=0.02 sys=0.00, real=0.00 secs] 
182.904: Total time for which application threads were stopped: 0.0042190 seconds, Stopping threads took: 0.0018240 seconds
182.998: Application time: 0.0932710 seconds
183.000: [GC183.001: [ParNew: 107017K->6658K(112448K), 0.0023560 secs] 185324K->84993K(364160K), 0.0024010 secs] [Times: user=0.02 sys=0.00, real=0.00 secs] 
183.003: Total time for which application threads were stopped: 0.0052140 seconds, Stopping threads took: 0.0027210 seconds
183.097: Application time: 0.0940960 seconds
183.099: [GC183.099: [ParNew: 106626K->7090K(112448K), 0.0025830 secs] 184961K->85510K(364160K), 0.0026260 secs] [Times: user=0.02 sys=0.00, real=0.01 secs] 
183.101: Total time for which application threads were stopped: 0.0042990 seconds, Stopping threads took: 0.0016030 seconds
183.196: Application time: 0.0946530 seconds
183.199: [GC183.199: [ParNew: 107058K->7013K(112448K), 0.0025030 secs] 185478K->85462K(364160K), 0.0025500 secs] [Times: user=0.02 sys=0.00, real=0.01 secs] 
183.201: Total time for which application threads were stopped: 0.0050920 seconds, Stopping threads took: 0.0024610 seconds
183.295: Application time: 0.0942640 seconds
183.298: [GC183.298: [ParNew: 106981K->7091K(112448K), 0.0025240 secs] 185430K->85597K(364160K), 0.0025650 secs] [Times: user=0.02 sys=0.00, real=0.01 secs] 
183.300: Total time for which application threads were stopped: 0.0048370 seconds, Stopping threads took: 0.0022040 seconds
183.398: Application time: 0.0982610 seconds
183.400: [GC183.400: [ParNew: 107059K->5285K(112448K), 0.0017750 secs] 185565K->83819K(364160K), 0.0018270 secs] [Times: user=0.01 sys=0.00, real=0.00 secs] 
183.402: Total time for which application threads were stopped: 0.0036220 seconds, Stopping threads took: 0.0017140 seconds
183.500: Application time: 0.0975040 seconds
183.502: [GC183.502: [ParNew: 105253K->5823K(112448K), 0.0033010 secs] 183787K->84357K(364160K), 0.0033560 secs] [Times: user=0.02 sys=0.00, real=0.00 secs] 
183.506: Total time for which application threads were stopped: 0.0059300 seconds, Stopping threads took: 0.0025020 seconds
183.603: Application time: 0.0970890 seconds
183.605: [GC183.605: [ParNew: 105791K->6185K(112448K), 0.0020230 secs] 184325K->84719K(364160K), 0.0020680 secs] [Times: user=0.02 sys=0.00, real=0.00 secs] 
183.607: Total time for which application threads were stopped: 0.0043460 seconds, Stopping threads took: 0.0021860 seconds
183.699: Application time: 0.0920170 seconds
183.701: [GC183.701: [ParNew: 106153K->7805K(112448K), 0.0028920 secs] 184687K->86339K(364160K), 0.0029390 secs] [Times: user=0.02 sys=0.00, real=0.00 secs] 
183.704: Total time for which application threads were stopped: 0.0048660 seconds, Stopping threads took: 0.0018530 seconds
183.799: Application time: 0.0956410 seconds
183.802: [GC183.802: [ParNew: 107773K->7452K(112448K), 0.0027060 secs] 186307K->86186K(364160K), 0.0027510 secs] [Times: user=0.02 sys=0.00, real=0.00 secs] 
183.805: Total time for which application threads were stopped: 0.0051790 seconds, Stopping threads took: 0.0023400 seconds
183.899: Application time: 0.0938500 seconds
183.900: [GC183.900: [ParNew: 107420K->6593K(112448K), 0.0022160 secs] 186154K->85355K(364160K), 0.0022600 secs] [Times: user=0.02 sys=0.00, real=0.00 secs] 
183.902: Total time for which application threads were stopped: 0.0038620 seconds, Stopping threads took: 0.0015290 seconds
183.997: Application time: 0.0942090 seconds
183.999: [GC183.999: [ParNew: 106561K->6294K(112448K), 0.0023010 secs] 185323K->85086K(364160K), 0.0023420 secs] [Times: user=0.02 sys=0.00, real=0.00 secs] 
184.002: Total time for which application threads were stopped: 0.0050620 seconds, Stopping threads took: 0.0026110 seconds
184.096: Application time: 0.0941010 seconds
184.098: [GC184.098: [ParNew: 106262K->6875K(112448K), 0.0024090 secs] 185054K->85695K(364160K), 0.0024540 secs] [Times: user=0.02 sys=0.00, real=0.01 secs] 
184.101: Total time for which application threads were stopped: 0.0048540 seconds, Stopping threads took: 0.0023330 seconds
184.194: Application time: 0.0931850 seconds
184.196: [GC184.196: [ParNew: 106843K->7387K(112448K), 0.0024510 secs] 185663K->86264K(364160K), 0.0024980 secs] [Times: user=0.02 sys=0.00, real=0.00 secs] 
184.199: Total time for which application threads were stopped: 0.0047310 seconds, Stopping threads took: 0.0021550 seconds
184.293: Application time: 0.0944210 seconds
184.295: [GC184.295: [ParNew: 107355K->7262K(112448K), 0.0024390 secs] 186232K->86224K(364160K), 0.0024870 secs] [Times: user=0.02 sys=0.01, real=0.00 secs] 
184.297: Total time for which application threads were stopped: 0.0042740 seconds, Stopping threads took: 0.0017160 seconds
184.393: Application time: 0.0958870 seconds
184.396: [GC184.396: [ParNew: 107230K->7387K(112448K), 0.0025240 secs] 186192K->86378K(364160K), 0.0025690 secs] [Times: user=0.02 sys=0.00, real=0.00 secs] 
184.399: Total time for which application threads were stopped: 0.0055450 seconds, Stopping threads took: 0.0029040 seconds
184.494: Application time: 0.0951190 seconds
184.496: [GC184.496: [ParNew: 107355K->6956K(112448K), 0.0025160 secs] 186346K->85976K(364160K), 0.0025630 secs] [Times: user=0.02 sys=0.00, real=0.00 secs] 
184.498: Total time for which application threads were stopped: 0.0043780 seconds, Stopping threads took: 0.0017440 seconds
184.593: Application time: 0.0951380 seconds
184.597: [GC184.597: [ParNew: 106924K->6781K(112448K), 0.0021250 secs] 185944K->85800K(364160K), 0.0021830 secs] [Times: user=0.01 sys=0.00, real=0.00 secs] 
184.599: Total time for which application threads were stopped: 0.0054420 seconds, Stopping threads took: 0.0031580 seconds
184.696: Application time: 0.0969230 seconds
184.697: [GC184.697: [ParNew: 106749K->7708K(112448K), 0.0027750 secs] 185768K->86812K(364160K), 0.0028220 secs] [Times: user=0.02 sys=0.00, real=0.01 secs] 
184.700: Total time for which application threads were stopped: 0.0045720 seconds, Stopping threads took: 0.0016830 seconds
184.798: Application time: 0.0978230 seconds
184.800: [GC184.800: [ParNew: 107676K->4893K(112448K), 0.0016640 secs] 186780K->84055K(364160K), 0.0017100 secs] [Times: user=0.01 sys=0.00, real=0.00 secs] 
184.802: Total time for which application threads were stopped: 0.0035650 seconds, Stopping threads took: 0.0017850 seconds
184.896: Application time: 0.0946240 seconds
184.899: [GC184.899: [ParNew: 104861K->6711K(112448K), 0.0022410 secs] 184023K->85873K(364160K), 0.0022870 secs] [Times: user=0.02 sys=0.00, real=0.01 secs] 
184.901: Total time for which application threads were stopped: 0.0047660 seconds, Stopping threads took: 0.0024070 seconds
184.998: Application time: 0.0968790 seconds
185.001: [GC185.001: [ParNew: 106679K->7241K(112448K), 0.0024080 secs] 185841K->86460K(364160K), 0.0024600 secs] [Times: user=0.02 sys=0.00, real=0.00 secs] 
185.003: Total time for which application threads were stopped: 0.0053740 seconds, Stopping threads took: 0.0028440 seconds
185.097: Application time: 0.0937220 seconds
185.099: [GC185.099: [ParNew: 107209K->6815K(112448K), 0.0023110 secs] 186428K->86063K(364160K), 0.0023540 secs] [Times: user=0.02 sys=0.00, real=0.01 secs] 
185.101: Total time for which application threads were stopped: 0.0039860 seconds, Stopping threads took: 0.0015540 seconds
185.197: Application time: 0.0962430 seconds
185.200: [GC185.200: [ParNew: 106783K->7022K(112448K), 0.0024440 secs] 186031K->86355K(364160K), 0.0024900 secs] [Times: user=0.02 sys=0.00, real=0.00 secs] 
185.203: Total time for which application threads were stopped: 0.0055210 seconds, Stopping threads took: 0.0029570 seconds
185.297: Application time: 0.0938590 seconds
185.300: [GC185.300: [ParNew: 106990K->6679K(112448K), 0.0022030 secs] 186323K->86069K(364160K), 0.0022460 secs] [Times: user=0.02 sys=0.00, real=0.00 secs] 
185.302: Total time for which application threads were stopped: 0.0055000 seconds, Stopping threads took: 0.0031630 seconds
185.396: Application time: 0.0934350 seconds
185.399: [GC185.399: [ParNew: 106647K->6645K(112448K), 0.0022700 secs] 186037K->86092K(364160K), 0.0023160 secs] [Times: user=0.01 sys=0.00, real=0.01 secs] 
185.401: Total time for which application threads were stopped: 0.0053910 seconds, Stopping threads took: 0.0030010 seconds
185.496: Application time: 0.0945480 seconds
185.498: [GC185.498: [ParNew: 106613K->6550K(112448K), 0.0022600 secs] 186060K->85997K(364160K), 0.0023050 secs] [Times: user=0.02 sys=0.00, real=0.01 secs] 
185.500: Total time for which application threads were stopped: 0.0047870 seconds, Stopping threads took: 0.0024100 seconds
185.590: Application time: 0.0892730 seconds
185.591: [GC185.591: [ParNew: 106518K->7367K(112448K), 0.0024800 secs] 185965K->86842K(364160K), 0.0025250 secs] [Times: user=0.01 sys=0.00, real=0.00 secs] 
185.594: Total time for which application threads were stopped: 0.0042740 seconds, Stopping threads took: 0.0016630 seconds
185.682: Application time: 0.0878320 seconds
185.684: [GC185.684: [ParNew: 107335K->7171K(112448K), 0.0023650 secs] 186810K->86732K(364160K), 0.0024090 secs] [Times: user=0.02 sys=0.01, real=0.00 secs] 
185.687: Total time for which application threads were stopped: 0.0049010 seconds, Stopping threads took: 0.0024140 seconds
185.776: Application time: 0.0898840 seconds
185.778: [GC185.778: [ParNew: 107139K->5675K(112448K), 0.0019660 secs] 186700K->85293K(364160K), 0.0020110 secs] [Times: user=0.02 sys=0.00, real=0.01 secs] 
185.780: Total time for which application threads were stopped: 0.0039380 seconds, Stopping threads took: 0.0018560 seconds
185.872: Application time: 0.0915330 seconds
185.875: [GC185.875: [ParNew: 105643K->6283K(112448K), 0.0020230 secs] 185261K->85901K(364160K), 0.0020790 secs] [Times: user=0.01 sys=0.00, real=0.00 secs] 
185.877: Total time for which application threads were stopped: 0.0049370 seconds, Stopping threads took: 0.0027860 seconds
185.966: Application time: 0.0889130 seconds
185.968: [GC185.968: [ParNew: 106251K->7394K(112448K), 0.0023640 secs] 185869K->87069K(364160K), 0.0024110 secs] [Times: user=0.02 sys=0.00, real=0.00 secs] 
185.970: Total time for which application threads were stopped: 0.0041370 seconds, Stopping threads took: 0.0016560 seconds
186.060: Application time: 0.0898190 seconds
186.062: [GC186.062: [ParNew: 107362K->7122K(112448K), 0.0025120 secs] 187037K->86825K(364160K), 0.0025530 secs] [Times: user=0.01 sys=0.00, real=0.00 secs] 
186.065: Total time for which application threads were stopped: 0.0051370 seconds, Stopping threads took: 0.0025160 seconds
186.156: Application time: 0.0914690 seconds
186.158: [GC186.158: [ParNew: 107090K->7099K(112448K), 0.0023600 secs] 186793K->86859K(364160K), 0.0024040 secs] [Times: user=0.02 sys=0.00, real=0.01 secs] 
186.160: Total time for which application threads were stopped: 0.0040580 seconds, Stopping threads took: 0.0015860 seconds
186.255: Application time: 0.0946110 seconds
186.257: [GC186.257: [ParNew: 107067K->6505K(112448K), 0.0023990 secs] 186827K->86294K(364160K), 0.0024450 secs] [Times: user=0.02 sys=0.00, real=0.01 secs] 
186.260: Total time for which application threads were stopped: 0.0047010 seconds, Stopping threads took: 0.0021860 seconds
186.351: Application time: 0.0912490 seconds
186.353: [GC186.353: [ParNew: 106473K->7033K(112448K), 0.0023310 secs] 186262K->86908K(364160K), 0.0023760 secs] [Times: user=0.02 sys=0.00, real=0.00 secs] 
186.355: Total time for which application threads were stopped: 0.0044360 seconds, Stopping threads took: 0.0019830 seconds
186.444: Application time: 0.0882490 seconds
186.446: [GC186.446: [ParNew: 107001K->6858K(112448K), 0.0023600 secs] 186876K->86762K(364160K), 0.0024070 secs] [Times: user=0.02 sys=0.00, real=0.01 secs] 
186.449: Total time for which application threads were stopped: 0.0048770 seconds, Stopping threads took: 0.0024010 seconds
186.539: Application time: 0.0903480 seconds
186.541: [GC186.541: [ParNew: 106826K->5783K(112448K), 0.0019320 secs] 186730K->85714K(364160K), 0.0019750 secs] [Times: user=0.01 sys=0.00, real=0.00 secs] 
186.543: Total time for which application threads were stopped: 0.0043410 seconds, Stopping threads took: 0.0022880 seconds
186.632: Application time: 0.0889060 seconds
186.635: [GC186.635: [ParNew: 105751K->6757K(112448K), 0.0022390 secs] 185682K->86689K(364160K), 0.0022870 secs] [Times: user=0.01 sys=0.00, real=0.00 secs] 
186.637: Total time for which application threads were stopped: 0.0047770 seconds, Stopping threads took: 0.0024190 seconds
186.728: Application time: 0.0908150 seconds
186.730: [GC186.730: [ParNew: 106725K->7694K(112448K), 0.0025870 secs] 186657K->87712K(364160K), 0.0026330 secs] [Times: user=0.02 sys=0.00, real=0.00 secs] 
186.732: Total time for which application threads were stopped: 0.0044820 seconds, Stopping threads took: 0.0017790 seconds
186.831: Application time: 0.0983200 seconds
186.831: [GC186.831: [ParNew: 107662K->3848K(112448K), 0.0015170 secs] 187680K->83951K(364160K), 0.0015570 secs] [Times: user=0.01 sys=0.00, real=0.00 secs] 
186.833: Total time for which application threads were stopped: 0.0019550 seconds, Stopping threads took: 0.0003210 seconds
186.922: Application time: 0.0897990 seconds
186.924: [GC186.924: [ParNew: 103816K->6682K(112448K), 0.0021970 secs] 183918K->86785K(364160K), 0.0022400 secs] [Times: user=0.02 sys=0.00, real=0.00 secs] 
186.927: Total time for which application threads were stopped: 0.0042670 seconds, Stopping threads took: 0.0019360 seconds
187.019: Application time: 0.0926340 seconds
187.021: [GC187.021: [ParNew: 106650K->5455K(112448K), 0.0017870 secs] 186753K->85615K(364160K), 0.0018300 secs] [Times: user=0.02 sys=0.00, real=0.00 secs] 
187.023: Total time for which application threads were stopped: 0.0038780 seconds, Stopping threads took: 0.0019490 seconds
187.113: Application time: 0.0900290 seconds
187.116: [GC187.116: [ParNew: 105423K->6812K(112448K), 0.0023970 secs] 185583K->86972K(364160K), 0.0024380 secs] [Times: user=0.02 sys=0.00, real=0.00 secs] 
187.118: Total time for which application threads were stopped: 0.0051130 seconds, Stopping threads took: 0.0026040 seconds
187.206: Application time: 0.0877360 seconds
187.209: [GC187.209: [ParNew: 106780K->7594K(112448K), 0.0026170 secs] 186940K->87839K(364160K), 0.0026640 secs] [Times: user=0.02 sys=0.00, real=0.00 secs] 
187.211: Total time for which application threads were stopped: 0.0053440 seconds, Stopping threads took: 0.0026170 seconds
187.301: Application time: 0.0898510 seconds
187.304: [GC187.304: [ParNew: 107562K->6243K(112448K), 0.0021790 secs] 187807K->86574K(364160K), 0.0022250 secs] [Times: user=0.01 sys=0.00, real=0.00 secs] 
187.306: Total time for which application threads were stopped: 0.0047790 seconds, Stopping threads took: 0.0024830 seconds
187.397: Application time: 0.0913190 seconds
187.400: [GC187.400: [ParNew: 106211K->7227K(112448K), 0.0024410 secs] 186542K->87558K(364160K), 0.0024850 secs] [Times: user=0.02 sys=0.00, real=0.00 secs] 
187.403: Total time for which application threads were stopped: 0.0056750 seconds, Stopping threads took: 0.0030900 seconds
187.492: Application time: 0.0888130 seconds
187.494: [GC187.494: [ParNew: 107195K->7185K(112448K), 0.0023390 secs] 187526K->87573K(364160K), 0.0023900 secs] [Times: user=0.02 sys=0.00, real=0.00 secs] 
187.496: Total time for which application threads were stopped: 0.0045940 seconds, Stopping threads took: 0.0021320 seconds
187.585: Application time: 0.0886880 seconds
187.588: [GC187.588: [ParNew: 107153K->6865K(112448K), 0.0023050 secs] 187541K->87281K(364160K), 0.0023530 secs] [Times: user=0.02 sys=0.00, real=0.00 secs] 
187.590: Total time for which application threads were stopped: 0.0053340 seconds, Stopping threads took: 0.0029080 seconds
187.682: Application time: 0.0915280 seconds
187.685: [GC187.685: [ParNew: 106833K->7888K(112448K), 0.0028010 secs] 187249K->88361K(364160K), 0.0028450 secs] [Times: user=0.02 sys=0.00, real=0.01 secs] 
187.688: Total time for which application threads were stopped: 0.0057610 seconds, Stopping threads took: 0.0028470 seconds
187.779: Application time: 0.0916170 seconds
187.782: [GC187.782: [ParNew: 107856K->6743K(112448K), 0.0023390 secs] 188329K->87274K(364160K), 0.0023830 secs] [Times: user=0.01 sys=0.00, real=0.00 secs] 
187.784: Total time for which application threads were stopped: 0.0047810 seconds, Stopping threads took: 0.0023050 seconds
187.874: Application time: 0.0895500 seconds
187.876: [GC187.876: [ParNew: 106711K->6104K(112448K), 0.0020620 secs] 187242K->86663K(364160K), 0.0021050 secs] [Times: user=0.01 sys=0.00, real=0.00 secs] 
187.878: Total time for which application threads were stopped: 0.0042450 seconds, Stopping threads took: 0.0020700 seconds
187.967: Application time: 0.0891310 seconds
187.969: [GC187.969: [ParNew: 106072K->7368K(112448K), 0.0025670 secs] 186631K->87927K(364160K), 0.0026100 secs] [Times: user=0.02 sys=0.00, real=0.00 secs] 
187.972: Total time for which application threads were stopped: 0.0046870 seconds, Stopping threads took: 0.0019830 seconds
188.059: Application time: 0.0868930 seconds
188.061: [GC188.061: [ParNew: 107336K->7320K(112448K), 0.0025430 secs] 187895K->87936K(364160K), 0.0025880 secs] [Times: user=0.02 sys=0.00, real=0.00 secs] 
188.063: Total time for which application threads were stopped: 0.0048600 seconds, Stopping threads took: 0.0021930 seconds
188.152: Application time: 0.0886780 seconds
188.155: [GC188.155: [ParNew: 107288K->7813K(112448K), 0.0026070 secs] 187904K->88515K(364160K), 0.0026530 secs] [Times: user=0.02 sys=0.00, real=0.00 secs] 
188.158: Total time for which application threads were stopped: 0.0055480 seconds, Stopping threads took: 0.0028050 seconds
188.247: Application time: 0.0894810 seconds
188.250: [GC188.250: [ParNew: 107781K->5828K(112448K), 0.0019780 secs] 188483K->86587K(364160K), 0.0020310 secs] [Times: user=0.02 sys=0.00, real=0.00 secs] 
188.252: Total time for which application threads were stopped: 0.0045820 seconds, Stopping threads took: 0.0024810 seconds
188.339: Application time: 0.0873850 seconds
188.341: [GC188.341: [ParNew: 105796K->5934K(112448K), 0.0019460 secs] 186555K->86692K(364160K), 0.0019880 secs] [Times: user=0.02 sys=0.00, real=0.00 secs] 
188.343: Total time for which application threads were stopped: 0.0040940 seconds, Stopping threads took: 0.0020280 seconds
188.436: Application time: 0.0929030 seconds
188.439: [GC188.439: [ParNew: 105902K->6749K(112448K), 0.0022600 secs] 186660K->87508K(364160K), 0.0023050 secs] [Times: user=0.02 sys=0.00, real=0.01 secs] 
188.441: Total time for which application threads were stopped: 0.0051480 seconds, Stopping threads took: 0.0027730 seconds
188.535: Application time: 0.0933420 seconds
188.538: [GC188.538: [ParNew: 106717K->7124K(112448K), 0.0025440 secs] 187476K->87969K(364160K), 0.0025910 secs] [Times: user=0.02 sys=0.00, real=0.01 secs] 
188.540: Total time for which application threads were stopped: 0.0055420 seconds, Stopping threads took: 0.0028690 seconds
188.628: Application time: 0.0880190 seconds
188.630: [GC188.630: [ParNew: 107092K->7452K(112448K), 0.0025050 secs] 187937K->88382K(364160K), 0.0025460 secs] [Times: user=0.02 sys=0.00, real=0.00 secs] 
188.632: Total time for which application threads were stopped: 0.0042450 seconds, Stopping threads took: 0.0016080 seconds
188.721: Application time: 0.0882060 seconds
188.723: [GC188.723: [ParNew: 107420K->7306K(112448K), 0.0024110 secs] 188350K->88293K(364160K), 0.0024650 secs] [Times: user=0.01 sys=0.00, real=0.00 secs] 
188.726: Total time for which application threads were stopped: 0.0050540 seconds, Stopping threads took: 0.0025170 seconds
188.815: Application time: 0.0896980 seconds
188.817: [GC188.817: [ParNew: 107274K->4948K(112448K), 0.0017600 secs] 188261K->85963K(364160K), 0.0018020 secs] [Times: user=0.01 sys=0.00, real=0.00 secs] 
188.819: Total time for which application threads were stopped: 0.0035150 seconds, Stopping threads took: 0.0016490 seconds
188.911: Application time: 0.0918210 seconds
188.914: [GC188.914: [ParNew: 104916K->6418K(112448K), 0.0021860 secs] 185931K->87433K(364160K), 0.0022300 secs] [Times: user=0.02 sys=0.00, real=0.00 secs] 
188.916: Total time for which application threads were stopped: 0.0051740 seconds, Stopping threads took: 0.0028740 seconds
189.007: Application time: 0.0909910 seconds
189.010: [GC189.010: [ParNew: 106386K->6136K(112448K), 0.0019950 secs] 187401K->87208K(364160K), 0.0020410 secs] [Times: user=0.02 sys=0.00, real=0.00 secs] 
189.012: Total time for which application threads were stopped: 0.0046280 seconds, Stopping threads took: 0.0025170 seconds
189.102: Application time: 0.0902920 seconds
189.104: [GC189.104: [ParNew: 106104K->5508K(112448K), 0.0017640 secs] 187176K->86580K(364160K), 0.0018090 secs] [Times: user=0.02 sys=0.00, real=0.00 secs] 
189.106: Total time for which application threads were stopped: 0.0043170 seconds, Stopping threads took: 0.0024280 seconds
189.198: Application time: 0.0913470 seconds
189.198: [GC189.199: [ParNew: 105476K->6635K(112448K), 0.0022320 secs] 186548K->87707K(364160K), 0.0022750 secs] [Times: user=0.01 sys=0.00, real=0.01 secs] 
189.201: Total time for which application threads were stopped: 0.0032520 seconds, Stopping threads took: 0.0009040 seconds
189.290: Application time: 0.0891390 seconds
189.292: [GC189.292: [ParNew: 106603K->7338K(112448K), 0.0024890 secs] 187675K->88581K(364160K), 0.0025340 secs] [Times: user=0.02 sys=0.00, real=0.00 secs] 
189.295: Total time for which application threads were stopped: 0.0047450 seconds, Stopping threads took: 0.0021420 seconds
189.387: Application time: 0.0926470 seconds
189.389: [GC189.389: [ParNew: 107306K->5511K(112448K), 0.0019040 secs] 188549K->86783K(364160K), 0.0019470 secs] [Times: user=0.01 sys=0.00, real=0.00 secs] 
189.391: Total time for which application threads were stopped: 0.0035170 seconds, Stopping threads took: 0.0014700 seconds
189.483: Application time: 0.0921730 seconds
189.486: [GC189.486: [ParNew: 105479K->4417K(112448K), 0.0014270 secs] 186751K->85689K(364160K), 0.0014660 secs] [Times: user=0.01 sys=0.00, real=0.00 secs] 
189.487: Total time for which application threads were stopped: 0.0041330 seconds, Stopping threads took: 0.0025780 seconds
189.583: Application time: 0.0960690 seconds
189.586: [GC189.586: [ParNew: 104385K->6265K(112448K), 0.0022630 secs] 185657K->87537K(364160K), 0.0023110 secs] [Times: user=0.02 sys=0.00, real=0.01 secs] 
189.588: Total time for which application threads were stopped: 0.0051230 seconds, Stopping threads took: 0.0027180 seconds
189.682: Application time: 0.0940570 seconds
189.685: [GC189.685: [ParNew: 106233K->6344K(112448K), 0.0022210 secs] 187505K->87645K(364160K), 0.0022740 secs] [Times: user=0.01 sys=0.00, real=0.01 secs] 
189.687: Total time for which application threads were stopped: 0.0048820 seconds, Stopping threads took: 0.0025260 seconds
189.787: Application time: 0.0992110 seconds
189.788: [GC189.788: [ParNew: 106312K->5056K(112448K), 0.0018220 secs] 187613K->86528K(364160K), 0.0018650 secs] [Times: user=0.01 sys=0.00, real=0.00 secs] 
189.790: Total time for which application threads were stopped: 0.0033700 seconds, Stopping threads took: 0.0014150 seconds
189.887: Application time: 0.0975730 seconds
189.891: [GC189.891: [ParNew: 105024K->6626K(112448K), 0.0022590 secs] 186496K->88098K(364160K), 0.0023050 secs] [Times: user=0.02 sys=0.00, real=0.00 secs] 
189.893: Total time for which application threads were stopped: 0.0055060 seconds, Stopping threads took: 0.0031290 seconds
189.989: Application time: 0.0955440 seconds
189.991: [GC189.991: [ParNew: 106594K->7336K(112448K), 0.0025230 secs] 188066K->88864K(364160K), 0.0025720 secs] [Times: user=0.02 sys=0.00, real=0.00 secs] 
189.993: Total time for which application threads were stopped: 0.0049150 seconds, Stopping threads took: 0.0022590 seconds
190.088: Application time: 0.0943390 seconds
190.090: [GC190.090: [ParNew: 107304K->7663K(112448K), 0.0026630 secs] 188832K->89191K(364160K), 0.0027100 secs] [Times: user=0.02 sys=0.00, real=0.00 secs] 
190.093: Total time for which application threads were stopped: 0.0053210 seconds, Stopping threads took: 0.0025200 seconds
190.188: Application time: 0.0949830 seconds
190.190: [GC190.190: [ParNew: 107631K->6253K(112448K), 0.0021810 secs] 189159K->87867K(364160K), 0.0022260 secs] [Times: user=0.01 sys=0.00, real=0.00 secs] 
190.192: Total time for which application threads were stopped: 0.0043740 seconds, Stopping threads took: 0.0020700 seconds
190.286: Application time: 0.0934230 seconds
190.288: [GC190.288: [ParNew: 106221K->6251K(112448K), 0.0021790 secs] 187835K->87922K(364160K), 0.0022250 secs] [Times: user=0.02 sys=0.00, real=0.00 secs] 
190.290: Total time for which application threads were stopped: 0.0041780 seconds, Stopping threads took: 0.0018610 seconds
190.387: Application time: 0.0971700 seconds
190.389: [GC190.389: [ParNew: 106219K->5736K(112448K), 0.0021650 secs] 187890K->87464K(364160K), 0.0022060 secs] [Times: user=0.01 sys=0.00, real=0.00 secs] 
190.391: Total time for which application threads were stopped: 0.0041050 seconds, Stopping threads took: 0.0018260 seconds
190.487: Application time: 0.0952230 seconds
190.489: [GC190.489: [ParNew: 105704K->7204K(112448K), 0.0025400 secs] 187432K->88932K(364160K), 0.0025850 secs] [Times: user=0.01 sys=0.00, real=0.00 secs] 
190.492: Total time for which application threads were stopped: 0.0050040 seconds, Stopping threads took: 0.0023270 seconds
190.588: Application time: 0.0960050 seconds
190.591: [GC190.591: [ParNew: 107172K->7142K(112448K), 0.0025770 secs] 188900K->88899K(364160K), 0.0026240 secs] [Times: user=0.01 sys=0.00, real=0.00 secs] 
190.593: Total time for which application threads were stopped: 0.0057850 seconds, Stopping threads took: 0.0030670 seconds
190.689: Application time: 0.0960700 seconds
190.693: [GC190.693: [ParNew: 107110K->7220K(112448K), 0.0023550 secs] 188867K->89063K(364160K), 0.0024060 secs] [Times: user=0.02 sys=0.00, real=0.00 secs] 
190.695: Total time for which application threads were stopped: 0.0056360 seconds, Stopping threads took: 0.0031320 seconds
190.798: Application time: 0.1030360 seconds
190.801: [GC190.801: [ParNew: 107188K->4752K(112448K), 0.0016510 secs] 189031K->86651K(364160K), 0.0016910 secs] [Times: user=0.02 sys=0.00, real=0.00 secs] 
190.803: Total time for which application threads were stopped: 0.0048990 seconds, Stopping threads took: 0.0031370 seconds
190.900: Application time: 0.0974390 seconds
190.903: [GC190.903: [ParNew: 104720K->6983K(112448K), 0.0022540 secs] 186619K->88882K(364160K), 0.0022980 secs] [Times: user=0.02 sys=0.00, real=0.00 secs] 
190.905: Total time for which application threads were stopped: 0.0045340 seconds, Stopping threads took: 0.0021620 seconds
191.002: Application time: 0.0968910 seconds
191.004: [GC191.004: [ParNew: 106951K->6049K(112448K), 0.0020450 secs] 188850K->88034K(364160K), 0.0020870 secs] [Times: user=0.02 sys=0.00, real=0.00 secs] 
191.006: Total time for which application threads were stopped: 0.0043300 seconds, Stopping threads took: 0.0021680 seconds
191.100: Application time: 0.0934170 seconds
191.103: [GC191.103: [ParNew: 106017K->7435K(112448K), 0.0024920 secs] 188002K->89420K(364160K), 0.0025330 secs] [Times: user=0.02 sys=0.00, real=0.00 secs] 
191.105: Total time for which application threads were stopped: 0.0058010 seconds, Stopping threads took: 0.0031940 seconds
191.201: Application time: 0.0954700 seconds
191.204: [GC191.204: [ParNew: 107403K->7250K(112448K), 0.0024990 secs] 189388K->89321K(364160K), 0.0025450 secs] [Times: user=0.02 sys=0.00, real=0.00 secs] 
191.207: Total time for which application threads were stopped: 0.0057620 seconds, Stopping threads took: 0.0031300 seconds
191.302: Application time: 0.0955830 seconds
191.304: [GC191.304: [ParNew: 107218K->5539K(112448K), 0.0018510 secs] 189289K->87638K(364160K), 0.0018930 secs] [Times: user=0.01 sys=0.00, real=0.00 secs] 
191.306: Total time for which application threads were stopped: 0.0040150 seconds, Stopping threads took: 0.0020310 seconds
191.401: Application time: 0.0948250 seconds
191.403: [GC191.403: [ParNew: 105507K->6580K(112448K), 0.0022050 secs] 187606K->88678K(364160K), 0.0022520 secs] [Times: user=0.02 sys=0.00, real=0.00 secs] 
191.406: Total time for which application threads were stopped: 0.0044930 seconds, Stopping threads took: 0.0021690 seconds
191.501: Application time: 0.0958390 seconds
191.504: [GC191.504: [ParNew: 106548K->7063K(112448K), 0.0023360 secs] 188646K->89276K(364160K), 0.0023820 secs] [Times: user=0.02 sys=0.00, real=0.00 secs] 
191.506: Total time for which application threads were stopped: 0.0050540 seconds, Stopping threads took: 0.0025990 seconds
191.603: Application time: 0.0963610 seconds
191.605: [GC191.605: [ParNew: 107031K->7128K(112448K), 0.0024650 secs] 189244K->89341K(364160K), 0.0025110 secs] [Times: user=0.01 sys=0.00, real=0.01 secs] 
191.608: Total time for which application threads were stopped: 0.0050490 seconds, Stopping threads took: 0.0024670 seconds
191.705: Application time: 0.0975050 seconds
191.707: [GC191.707: [ParNew: 107096K->6041K(112448K), 0.0022460 secs] 189309K->88311K(364160K), 0.0022940 secs] [Times: user=0.01 sys=0.00, real=0.00 secs] 
191.710: Total time for which application threads were stopped: 0.0043030 seconds, Stopping threads took: 0.0019250 seconds
191.805: Application time: 0.0948290 seconds
191.808: [GC191.808: [ParNew: 106009K->7060K(112448K), 0.0024200 secs] 188279K->89330K(364160K), 0.0024680 secs] [Times: user=0.01 sys=0.00, real=0.00 secs] 
191.810: Total time for which application threads were stopped: 0.0057580 seconds, Stopping threads took: 0.0031980 seconds
191.906: Application time: 0.0960350 seconds
191.910: [GC191.910: [ParNew: 107028K->5809K(112448K), 0.0020420 secs] 189298K->88193K(364160K), 0.0020880 secs] [Times: user=0.01 sys=0.00, real=0.00 secs] 
191.912: Total time for which application threads were stopped: 0.0054960 seconds, Stopping threads took: 0.0033090 seconds
192.007: Application time: 0.0949120 seconds
192.009: [GC192.009: [ParNew: 105777K->5747K(112448K), 0.0018750 secs] 188161K->88131K(364160K), 0.0019210 secs] [Times: user=0.02 sys=0.00, real=0.00 secs] 
192.011: Total time for which application threads were stopped: 0.0044770 seconds, Stopping threads took: 0.0024820 seconds
192.105: Application time: 0.0936680 seconds
192.107: [GC192.107: [ParNew: 105715K->6718K(112448K), 0.0022520 secs] 188099K->89102K(364160K), 0.0022990 secs] [Times: user=0.02 sys=0.00, real=0.01 secs] 
192.109: Total time for which application threads were stopped: 0.0043290 seconds, Stopping threads took: 0.0019560 seconds
192.204: Application time: 0.0948440 seconds
192.206: [GC192.206: [ParNew: 106686K->7044K(112448K), 0.0024580 secs] 189070K->89514K(364160K), 0.0025000 secs] [Times: user=0.02 sys=0.00, real=0.01 secs] 
192.209: Total time for which application threads were stopped: 0.0044570 seconds, Stopping threads took: 0.0018660 seconds
192.303: Application time: 0.0940980 seconds
192.305: [GC192.305: [ParNew: 107012K->7010K(112448K), 0.0023750 secs] 189482K->89537K(364160K), 0.0024240 secs] [Times: user=0.01 sys=0.00, real=0.01 secs] 
192.308: Total time for which application threads were stopped: 0.0049740 seconds, Stopping threads took: 0.0024720 seconds
192.401: Application time: 0.0933120 seconds
192.403: [GC192.403: [ParNew: 106978K->7175K(112448K), 0.0105120 secs] 189505K->89787K(364160K), 0.0105530 secs] [Times: user=0.06 sys=0.00, real=0.01 secs] 
192.413: Total time for which application threads were stopped: 0.0125530 seconds, Stopping threads took: 0.0019320 seconds
192.508: Application time: 0.0944660 seconds
192.510: [GC192.510: [ParNew: 107143K->6669K(112448K), 0.0023000 secs] 189755K->89309K(364160K), 0.0023450 secs] [Times: user=0.02 sys=0.00, real=0.00 secs] 
192.512: Total time for which application threads were stopped: 0.0043170 seconds, Stopping threads took: 0.0019000 seconds
192.605: Application time: 0.0927980 seconds
192.608: [GC192.608: [ParNew: 106637K->6197K(112448K), 0.0020550 secs] 189277K->88866K(364160K), 0.0021020 secs] [Times: user=0.01 sys=0.00, real=0.00 secs] 
192.610: Total time for which application threads were stopped: 0.0050670 seconds, Stopping threads took: 0.0028730 seconds
192.705: Application time: 0.0943580 seconds
192.707: [GC192.707: [ParNew: 106165K->6934K(112448K), 0.0022790 secs] 188834K->89604K(364160K), 0.0023240 secs] [Times: user=0.02 sys=0.00, real=0.00 secs] 
192.710: Total time for which application threads were stopped: 0.0052970 seconds, Stopping threads took: 0.0028800 seconds
192.806: Application time: 0.0961140 seconds
192.808: [GC192.808: [ParNew: 106902K->5909K(112448K), 0.0019550 secs] 189572K->88663K(364160K), 0.0020010 secs] [Times: user=0.01 sys=0.00, real=0.00 secs] 
192.810: Total time for which application threads were stopped: 0.0043080 seconds, Stopping threads took: 0.0022020 seconds
192.909: Application time: 0.0990820 seconds
192.911: [GC192.911: [ParNew: 105877K->6089K(112448K), 0.0019610 secs] 188631K->88844K(364160K), 0.0020060 secs] [Times: user=0.02 sys=0.00, real=0.00 secs] 
192.913: Total time for which application threads were stopped: 0.0038800 seconds, Stopping threads took: 0.0018030 seconds
193.009: Application time: 0.0961750 seconds
193.012: [GC193.012: [ParNew: 106057K->5562K(112448K), 0.0018000 secs] 188812K->88317K(364160K), 0.0018440 secs] [Times: user=0.01 sys=0.00, real=0.00 secs] 
193.013: Total time for which application threads were stopped: 0.0041100 seconds, Stopping threads took: 0.0021930 seconds
193.107: Application time: 0.0936630 seconds
193.111: [GC193.111: [ParNew: 105530K->5999K(112448K), 0.0020340 secs] 188285K->88753K(364160K), 0.0020800 secs] [Times: user=0.01 sys=0.00, real=0.00 secs] 
193.114: Total time for which application threads were stopped: 0.0064320 seconds, Stopping threads took: 0.0042690 seconds
193.210: Application time: 0.0962150 seconds
193.213: [GC193.213: [ParNew: 105967K->7611K(112448K), 0.0026820 secs] 188721K->90366K(364160K), 0.0027360 secs] [Times: user=0.02 sys=0.00, real=0.00 secs] 
193.216: Total time for which application threads were stopped: 0.0063530 seconds, Stopping threads took: 0.0035240 seconds
193.313: Application time: 0.0972870 seconds
193.316: [GC193.316: [ParNew: 107579K->6312K(112448K), 0.0021440 secs] 190334K->89238K(364160K), 0.0021890 secs] [Times: user=0.01 sys=0.00, real=0.00 secs] 
193.318: Total time for which application threads were stopped: 0.0047880 seconds, Stopping threads took: 0.0024980 seconds
193.412: Application time: 0.0938340 seconds
193.414: [GC193.414: [ParNew: 106280K->6193K(112448K), 0.0021250 secs] 189206K->89176K(364160K), 0.0021720 secs] [Times: user=0.02 sys=0.00, real=0.00 secs] 
193.416: Total time for which application threads were stopped: 0.0037690 seconds, Stopping threads took: 0.0015240 seconds
193.510: Application time: 0.0943580 seconds
193.513: [GC193.513: [ParNew: 106161K->7323K(112448K), 0.0024390 secs] 189144K->90306K(364160K), 0.0024830 secs] [Times: user=0.01 sys=0.00, real=0.00 secs] 
193.515: Total time for which application threads were stopped: 0.0048980 seconds, Stopping threads took: 0.0023460 seconds
193.609: Application time: 0.0937340 seconds
193.611: [GC193.611: [ParNew: 107291K->6249K(112448K), 0.0021210 secs] 190274K->89318K(364160K), 0.0021680 secs] [Times: user=0.02 sys=0.00, real=0.00 secs] 
193.613: Total time for which application threads were stopped: 0.0042040 seconds, Stopping threads took: 0.0019440 seconds
193.705: Application time: 0.0915170 seconds
193.706: [GC193.706: [ParNew: 106217K->4771K(112448K), 0.0016690 secs] 189286K->87868K(364160K), 0.0017120 secs] [Times: user=0.01 sys=0.00, real=0.01 secs] 
193.708: Total time for which application threads were stopped: 0.0032040 seconds, Stopping threads took: 0.0014220 seconds
193.795: Application time: 0.0868290 seconds
193.797: [GC193.797: [ParNew: 104739K->6277K(112448K), 0.0020920 secs] 187836K->89374K(364160K), 0.0021370 secs] [Times: user=0.01 sys=0.00, real=0.00 secs] 
193.799: Total time for which application threads were stopped: 0.0044550 seconds, Stopping threads took: 0.0022250 seconds
193.890: Application time: 0.0909170 seconds
193.892: [GC193.892: [ParNew: 106245K->7115K(112448K), 0.0025470 secs] 189342K->90269K(364160K), 0.0025940 secs] [Times: user=0.02 sys=0.00, real=0.00 secs] 
193.895: Total time for which application threads were stopped: 0.0048380 seconds, Stopping threads took: 0.0021460 seconds
193.987: Application time: 0.0922780 seconds
193.989: [GC193.989: [ParNew: 107083K->6192K(112448K), 0.0022620 secs] 190237K->89431K(364160K), 0.0023030 secs] [Times: user=0.01 sys=0.00, real=0.00 secs] 
193.991: Total time for which application threads were stopped: 0.0040840 seconds, Stopping threads took: 0.0017100 seconds
194.082: Application time: 0.0907220 seconds
194.085: [GC194.085: [ParNew: 106160K->6049K(112448K), 0.0019970 secs] 189399K->89289K(364160K), 0.0020420 secs] [Times: user=0.01 sys=0.00, real=0.00 secs] 
194.087: Total time for which application threads were stopped: 0.0050620 seconds, Stopping threads took: 0.0029510 seconds
194.176: Application time: 0.0892690 seconds
194.179: [GC194.179: [ParNew: 106017K->5940K(112448K), 0.0019610 secs] 189257K->89179K(364160K), 0.0020070 secs] [Times: user=0.01 sys=0.00, real=0.00 secs] 
194.181: Total time for which application threads were stopped: 0.0051900 seconds, Stopping threads took: 0.0031130 seconds
194.271: Application time: 0.0900090 seconds
194.273: [GC194.273: [ParNew: 105908K->5602K(112448K), 0.0018720 secs] 189147K->88842K(364160K), 0.0019160 secs] [Times: user=0.01 sys=0.00, real=0.00 secs] 
194.275: Total time for which application threads were stopped: 0.0035780 seconds, Stopping threads took: 0.0015930 seconds
194.364: Application time: 0.0892050 seconds
194.366: [GC194.366: [ParNew: 105570K->6996K(112448K), 0.0023220 secs] 188810K->90236K(364160K), 0.0023680 secs] [Times: user=0.01 sys=0.00, real=0.01 secs] 
194.369: Total time for which application threads were stopped: 0.0045660 seconds, Stopping threads took: 0.0021150 seconds
194.460: Application time: 0.0908490 seconds
194.462: [GC194.462: [ParNew: 106964K->6593K(112448K), 0.0023180 secs] 190204K->90004K(364160K), 0.0023610 secs] [Times: user=0.02 sys=0.00, real=0.00 secs] 
194.464: Total time for which application threads were stopped: 0.0043190 seconds, Stopping threads took: 0.0018800 seconds
194.555: Application time: 0.0915300 seconds
194.557: [GC194.558: [ParNew: 106561K->6221K(112448K), 0.0021000 secs] 189972K->89689K(364160K), 0.0021420 secs] [Times: user=0.02 sys=0.00, real=0.01 secs] 
194.560: Total time for which application threads were stopped: 0.0041560 seconds, Stopping threads took: 0.0019450 seconds
194.649: Application time: 0.0889300 seconds
194.651: [GC194.651: [ParNew: 106189K->7706K(112448K), 0.0025190 secs] 189657K->91174K(364160K), 0.0025630 secs] [Times: user=0.02 sys=0.00, real=0.00 secs] 
194.654: Total time for which application threads were stopped: 0.0050530 seconds, Stopping threads took: 0.0024210 seconds
194.747: Application time: 0.0931250 seconds
194.749: [GC194.749: [ParNew: 107674K->6159K(112448K), 0.0022780 secs] 191142K->89684K(364160K), 0.0023230 secs] [Times: user=0.02 sys=0.00, real=0.00 secs] 
194.751: Total time for which application threads were stopped: 0.0041740 seconds, Stopping threads took: 0.0017820 seconds
194.847: Application time: 0.0962030 seconds
194.849: [GC194.849: [ParNew: 106127K->6271K(112448K), 0.0020590 secs] 189652K->89796K(364160K), 0.0021000 secs] [Times: user=0.02 sys=0.00, real=0.00 secs] 
194.851: Total time for which application threads were stopped: 0.0040190 seconds, Stopping threads took: 0.0018490 seconds
194.941: Application time: 0.0899530 seconds
194.943: [GC194.943: [ParNew: 106239K->5883K(112448K), 0.0019690 secs] 189764K->89436K(364160K), 0.0020120 secs] [Times: user=0.02 sys=0.00, real=0.00 secs] 
194.945: Total time for which application threads were stopped: 0.0038640 seconds, Stopping threads took: 0.0017820 seconds
195.034: Application time: 0.0893830 seconds
195.037: [GC195.037: [ParNew: 105851K->7358K(112448K), 0.0025890 secs] 189404K->90911K(364160K), 0.0026350 secs] [Times: user=0.02 sys=0.00, real=0.01 secs] 
195.040: Total time for which application threads were stopped: 0.0055450 seconds, Stopping threads took: 0.0028320 seconds
195.128: Application time: 0.0878560 seconds
195.130: [GC195.130: [ParNew: 107326K->7184K(112448K), 0.0023740 secs] 190879K->90880K(364160K), 0.0024200 secs] [Times: user=0.02 sys=0.00, real=0.00 secs] 
195.133: Total time for which application threads were stopped: 0.0050920 seconds, Stopping threads took: 0.0026020 seconds
195.224: Application time: 0.0913380 seconds
195.226: [GC195.226: [ParNew: 107152K->7203K(112448K), 0.0023630 secs] 190848K->90927K(364160K), 0.0024070 secs] [Times: user=0.02 sys=0.00, real=0.01 secs] 
195.229: Total time for which application threads were stopped: 0.0045540 seconds, Stopping threads took: 0.0020790 seconds
195.317: Application time: 0.0883310 seconds
195.319: [GC195.319: [ParNew: 107171K->6165K(112448K), 0.0021560 secs] 190895K->89946K(364160K), 0.0022020 secs] [Times: user=0.02 sys=0.00, real=0.01 secs] 
195.321: Total time for which application threads were stopped: 0.0036510 seconds, Stopping threads took: 0.0013570 seconds
195.412: Application time: 0.0914480 seconds
195.414: [GC195.414: [ParNew: 106133K->5401K(112448K), 0.0019050 secs] 189914K->89183K(364160K), 0.0019470 secs] [Times: user=0.02 sys=0.00, real=0.00 secs] 
195.416: Total time for which application threads were stopped: 0.0035330 seconds, Stopping threads took: 0.0014970 seconds
195.509: Application time: 0.0931430 seconds
195.511: [GC195.511: [ParNew: 105369K->7116K(112448K), 0.0023710 secs] 189151K->90897K(364160K), 0.0024170 secs] [Times: user=0.01 sys=0.00, real=0.00 secs] 
195.514: Total time for which application threads were stopped: 0.0050000 seconds, Stopping threads took: 0.0025010 seconds
195.603: Application time: 0.0891370 seconds
195.605: [GC195.605: [ParNew: 107084K->7256K(112448K), 0.0025000 secs] 190865K->91180K(364160K), 0.0025530 secs] [Times: user=0.01 sys=0.00, real=0.01 secs] 
195.608: Total time for which application threads were stopped: 0.0045710 seconds, Stopping threads took: 0.0019430 seconds
195.700: Application time: 0.0925220 seconds
195.702: [GC195.702: [ParNew: 107224K->5263K(112448K), 0.0017670 secs] 191148K->89216K(364160K), 0.0018080 secs] [Times: user=0.01 sys=0.00, real=0.00 secs] 
195.704: Total time for which application threads were stopped: 0.0036650 seconds, Stopping threads took: 0.0017870 seconds
195.796: Application time: 0.0919630 seconds
195.797: [GC195.797: [ParNew: 105231K->5530K(112448K), 0.0017620 secs] 189184K->89483K(364160K), 0.0018100 secs] [Times: user=0.02 sys=0.00, real=0.00 secs] 
195.799: Total time for which application threads were stopped: 0.0032540 seconds, Stopping threads took: 0.0013720 seconds
195.887: Application time: 0.0879690 seconds
195.889: [GC195.889: [ParNew: 105498K->7934K(112448K), 0.0025730 secs] 189451K->91887K(364160K), 0.0026170 secs] [Times: user=0.02 sys=0.00, real=0.00 secs] 
195.892: Total time for which application threads were stopped: 0.0050040 seconds, Stopping threads took: 0.0023160 seconds
195.982: Application time: 0.0896860 seconds
195.984: [GC195.984: [ParNew: 107902K->7277K(112448K), 0.0024910 secs] 191855K->91401K(364160K), 0.0025370 secs] [Times: user=0.02 sys=0.00, real=0.00 secs] 
195.986: Total time for which application threads were stopped: 0.0046400 seconds, Stopping threads took: 0.0020120 seconds
196.078: Application time: 0.0919730 seconds
196.081: [GC196.081: [ParNew: 107245K->6811K(112448K), 0.0022960 secs] 191369K->90964K(364160K), 0.0023390 secs] [Times: user=0.01 sys=0.00, real=0.00 secs] 
196.084: Total time for which application threads were stopped: 0.0052320 seconds, Stopping threads took: 0.0028240 seconds
196.171: Application time: 0.0878580 seconds
196.174: [GC196.174: [ParNew: 106779K->7374K(112448K), 0.0024570 secs] 190932K->91555K(364160K), 0.0025010 secs] [Times: user=0.02 sys=0.00, real=0.00 secs] 
196.177: Total time for which application threads were stopped: 0.0055920 seconds, Stopping threads took: 0.0030120 seconds
196.265: Application time: 0.0883150 seconds
196.267: [GC196.267: [ParNew: 107342K->5870K(112448K), 0.0019700 secs] 191523K->90108K(364160K), 0.0020130 secs] [Times: user=0.02 sys=0.00, real=0.01 secs] 
196.269: Total time for which application threads were stopped: 0.0034590 seconds, Stopping threads took: 0.0013750 seconds
196.359: Application time: 0.0906670 seconds
196.362: [GC196.362: [ParNew: 105838K->6489K(112448K), 0.0022020 secs] 190076K->90727K(364160K), 0.0022480 secs] [Times: user=0.01 sys=0.00, real=0.00 secs] 
196.364: Total time for which application threads were stopped: 0.0048380 seconds, Stopping threads took: 0.0025200 seconds
196.452: Application time: 0.0878250 seconds
196.455: [GC196.455: [ParNew: 106457K->7176K(112448K), 0.0024060 secs] 190695K->91527K(364160K), 0.0024520 secs] [Times: user=0.01 sys=0.00, real=0.00 secs] 
196.457: Total time for which application threads were stopped: 0.0051180 seconds, Stopping threads took: 0.0025960 seconds
196.545: Application time: 0.0877720 seconds
196.547: [GC196.547: [ParNew: 107144K->6832K(112448K), 0.0023230 secs] 191495K->91212K(364160K), 0.0023660 secs] [Times: user=0.01 sys=0.00, real=0.01 secs] 
196.549: Total time for which application threads were stopped: 0.0039580 seconds, Stopping threads took: 0.0015210 seconds
196.640: Application time: 0.0907380 seconds
196.642: [GC196.642: [ParNew: 106800K->7428K(112448K), 0.0024220 secs] 191180K->91837K(364160K), 0.0024730 secs] [Times: user=0.02 sys=0.00, real=0.00 secs] 
196.644: Total time for which application threads were stopped: 0.0047030 seconds, Stopping threads took: 0.0021600 seconds
196.732: Application time: 0.0876640 seconds
196.735: [GC196.735: [ParNew: 107396K->7829K(112448K), 0.0025360 secs] 191805K->92295K(364160K), 0.0025830 secs] [Times: user=0.02 sys=0.00, real=0.00 secs] 
196.737: Total time for which application threads were stopped: 0.0050520 seconds, Stopping threads took: 0.0023810 seconds
196.828: Application time: 0.0905610 seconds
196.830: [GC196.830: [ParNew: 107797K->7554K(112448K), 0.0024460 secs] 192263K->92048K(364160K), 0.0024890 secs] [Times: user=0.02 sys=0.00, real=0.00 secs] 
196.833: Total time for which application threads were stopped: 0.0051710 seconds, Stopping threads took: 0.0025920 seconds
196.920: Application time: 0.0871100 seconds
196.923: [GC196.923: [ParNew: 107522K->7309K(112448K), 0.0024620 secs] 192016K->91889K(364160K), 0.0025070 secs] [Times: user=0.02 sys=0.00, real=0.00 secs] 
196.925: Total time for which application threads were stopped: 0.0051100 seconds, Stopping threads took: 0.0025140 seconds
197.014: Application time: 0.0893640 seconds
197.017: [GC197.017: [ParNew: 107277K->7263K(112448K), 0.0024310 secs] 191857K->91871K(364160K), 0.0024710 secs] [Times: user=0.02 sys=0.00, real=0.00 secs] 
197.019: Total time for which application threads were stopped: 0.0046530 seconds, Stopping threads took: 0.0021120 seconds
197.109: Application time: 0.0903450 seconds
197.112: [GC197.112: [ParNew: 107231K->7212K(112448K), 0.0024900 secs] 191839K->91821K(364160K), 0.0025360 secs] [Times: user=0.02 sys=0.00, real=0.00 secs] 
197.115: Total time for which application threads were stopped: 0.0053860 seconds, Stopping threads took: 0.0027700 seconds
197.204: Application time: 0.0892780 seconds
197.206: [GC197.206: [ParNew: 107180K->6056K(112448K), 0.0021260 secs] 191789K->90721K(364160K), 0.0021710 secs] [Times: user=0.01 sys=0.00, real=0.01 secs] 
197.208: Total time for which application threads were stopped: 0.0041920 seconds, Stopping threads took: 0.0019480 seconds
197.300: Application time: 0.0913030 seconds
197.302: [GC197.302: [ParNew: 106024K->7709K(112448K), 0.0024520 secs] 190689K->92374K(364160K), 0.0024970 secs] [Times: user=0.02 sys=0.00, real=0.00 secs] 
197.305: Total time for which application threads were stopped: 0.0050510 seconds, Stopping threads took: 0.0024770 seconds
197.398: Application time: 0.0938170 seconds
197.402: [GC197.402: [ParNew: 107677K->6443K(112448K), 0.0022770 secs] 192342K->91223K(364160K), 0.0023210 secs] [Times: user=0.01 sys=0.00, real=0.00 secs] 
197.404: Total time for which application threads were stopped: 0.0054550 seconds, Stopping threads took: 0.0030430 seconds
197.494: Application time: 0.0903360 seconds
197.497: [GC197.497: [ParNew: 106411K->5733K(112448K), 0.0020570 secs] 191191K->90542K(364160K), 0.0021010 secs] [Times: user=0.02 sys=0.00, real=0.00 secs] 
197.499: Total time for which application threads were stopped: 0.0045160 seconds, Stopping threads took: 0.0023220 seconds
197.594: Application time: 0.0956400 seconds
197.597: [GC197.598: [ParNew: 105701K->7760K(112448K), 0.0025560 secs] 190510K->92569K(364160K), 0.0026030 secs] [Times: user=0.02 sys=0.00, real=0.01 secs] 
197.600: Total time for which application threads were stopped: 0.0056750 seconds, Stopping threads took: 0.0029790 seconds
197.694: Application time: 0.0939840 seconds
197.697: [GC197.697: [ParNew: 107728K->6634K(112448K), 0.0024030 secs] 192537K->91527K(364160K), 0.0024480 secs] [Times: user=0.02 sys=0.00, real=0.00 secs] 
197.699: Total time for which application threads were stopped: 0.0048750 seconds, Stopping threads took: 0.0023340 seconds
197.792: Application time: 0.0927200 seconds
197.795: [GC197.795: [ParNew: 106602K->6647K(112448K), 0.0023950 secs] 191495K->91598K(364160K), 0.0024410 secs] [Times: user=0.02 sys=0.00, real=0.00 secs] 
197.797: Total time for which application threads were stopped: 0.0054940 seconds, Stopping threads took: 0.0029820 seconds
197.892: Application time: 0.0945700 seconds
197.894: [GC197.894: [ParNew: 106615K->5736K(112448K), 0.0019030 secs] 191566K->90715K(364160K), 0.0019490 secs] [Times: user=0.01 sys=0.00, real=0.00 secs] 
197.896: Total time for which application threads were stopped: 0.0045950 seconds, Stopping threads took: 0.0025620 seconds
197.992: Application time: 0.0958760 seconds
197.994: [GC197.994: [ParNew: 105704K->6710K(112448K), 0.0022940 secs] 190683K->91689K(364160K), 0.0023480 secs] [Times: user=0.01 sys=0.00, real=0.00 secs] 
197.996: Total time for which application threads were stopped: 0.0041950 seconds, Stopping threads took: 0.0017750 seconds
198.091: Application time: 0.0946400 seconds
198.094: [GC198.094: [ParNew: 106678K->7312K(112448K), 0.0024650 secs] 191657K->92377K(364160K), 0.0025110 secs] [Times: user=0.01 sys=0.00, real=0.00 secs] 
198.096: Total time for which application threads were stopped: 0.0050720 seconds, Stopping threads took: 0.0024950 seconds
198.189: Application time: 0.0927570 seconds
198.191: [GC198.191: [ParNew: 107280K->7044K(112448K), 0.0023880 secs] 192345K->92166K(364160K), 0.0024360 secs] [Times: user=0.02 sys=0.00, real=0.00 secs] 
198.194: Total time for which application threads were stopped: 0.0048140 seconds, Stopping threads took: 0.0023080 seconds
198.287: Application time: 0.0936360 seconds
198.290: [GC198.290: [ParNew: 107012K->6504K(112448K), 0.0022810 secs] 192134K->91654K(364160K), 0.0023260 secs] [Times: user=0.02 sys=0.00, real=0.00 secs] 
198.292: Total time for which application threads were stopped: 0.0049560 seconds, Stopping threads took: 0.0025600 seconds
198.385: Application time: 0.0923310 seconds
198.387: [GC198.387: [ParNew: 106472K->7212K(112448K), 0.0023250 secs] 191622K->92420K(364160K), 0.0023710 secs] [Times: user=0.01 sys=0.00, real=0.01 secs] 
198.389: Total time for which application threads were stopped: 0.0047580 seconds, Stopping threads took: 0.0023160 seconds
198.485: Application time: 0.0956450 seconds
198.491: [GC198.491: [ParNew: 107180K->4602K(112448K), 0.0018210 secs] 192388K->89867K(364160K), 0.0018620 secs] [Times: user=0.01 sys=0.00, real=0.00 secs] 
198.493: Total time for which application threads were stopped: 0.0082820 seconds, Stopping threads took: 0.0063410 seconds
198.592: Application time: 0.0986160 seconds
198.594: [GC198.594: [ParNew: 104570K->7141K(112448K), 0.0024000 secs] 189835K->92405K(364160K), 0.0024480 secs] [Times: user=0.02 sys=0.00, real=0.00 secs] 
198.596: Total time for which application threads were stopped: 0.0042070 seconds, Stopping threads took: 0.0016950 seconds
198.690: Application time: 0.0935920 seconds
198.693: [GC198.693: [ParNew: 107109K->6659K(112448K), 0.0022170 secs] 192373K->91981K(364160K), 0.0022610 secs] [Times: user=0.02 sys=0.00, real=0.00 secs] 
198.695: Total time for which application threads were stopped: 0.0054480 seconds, Stopping threads took: 0.0031190 seconds
198.791: Application time: 0.0955590 seconds
198.792: [GC198.792: [ParNew: 106627K->7280K(112448K), 0.0025510 secs] 191949K->92659K(364160K), 0.0025960 secs] [Times: user=0.02 sys=0.00, real=0.00 secs] 
198.795: Total time for which application threads were stopped: 0.0037820 seconds, Stopping threads took: 0.0010920 seconds
198.888: Application time: 0.0937870 seconds
198.891: [GC198.891: [ParNew: 107248K->7224K(112448K), 0.0025170 secs] 192627K->92660K(364160K), 0.0025640 secs] [Times: user=0.02 sys=0.00, real=0.00 secs] 
198.893: Total time for which application threads were stopped: 0.0051050 seconds, Stopping threads took: 0.0024500 seconds
198.987: Application time: 0.0939200 seconds
198.989: [GC198.989: [ParNew: 107192K->7179K(112448K), 0.0024530 secs] 192628K->92671K(364160K), 0.0024970 secs] [Times: user=0.02 sys=0.00, real=0.00 secs] 
198.992: Total time for which application threads were stopped: 0.0046070 seconds, Stopping threads took: 0.0020300 seconds
199.090: Application time: 0.0975120 seconds
199.092: [GC199.092: [ParNew: 107147K->7303K(112448K), 0.0024100 secs] 192639K->92824K(364160K), 0.0024600 secs] [Times: user=0.02 sys=0.00, real=0.00 secs] 
199.094: Total time for which application threads were stopped: 0.0047240 seconds, Stopping threads took: 0.0021810 seconds
199.189: Application time: 0.0951780 seconds
199.191: [GC199.191: [ParNew: 107271K->6383K(112448K), 0.0023220 secs] 192792K->91932K(364160K), 0.0023660 secs] [Times: user=0.02 sys=0.00, real=0.00 secs] 
199.193: Total time for which application threads were stopped: 0.0037850 seconds, Stopping threads took: 0.0013360 seconds
199.291: Application time: 0.0980070 seconds
199.294: [GC199.294: [ParNew: 106351K->6059K(112448K), 0.0019910 secs] 191900K->91665K(364160K), 0.0020420 secs] [Times: user=0.01 sys=0.00, real=0.00 secs] 
199.296: Total time for which application threads were stopped: 0.0047290 seconds, Stopping threads took: 0.0026160 seconds
199.388: Application time: 0.0923000 seconds
199.390: [GC199.390: [ParNew: 106027K->7985K(112448K), 0.0026420 secs] 191633K->93592K(364160K), 0.0026920 secs] [Times: user=0.02 sys=0.00, real=0.00 secs] 
199.393: Total time for which application threads were stopped: 0.0044910 seconds, Stopping threads took: 0.0017060 seconds
199.493: Application time: 0.1003340 seconds
199.494: [GC199.494: [ParNew: 107953K->4075K(112448K), 0.0017290 secs] 193560K->89795K(364160K), 0.0017730 secs] [Times: user=0.01 sys=0.00, real=0.00 secs] 
199.496: Total time for which application threads were stopped: 0.0031050 seconds, Stopping threads took: 0.0012430 seconds
199.596: Application time: 0.1002360 seconds
199.598: [GC199.598: [ParNew: 104043K->4728K(112448K), 0.0019740 secs] 189763K->90449K(364160K), 0.0020200 secs] [Times: user=0.01 sys=0.00, real=0.01 secs] 
199.600: Total time for which application threads were stopped: 0.0036780 seconds, Stopping threads took: 0.0015820 seconds
199.695: Application time: 0.0953880 seconds
199.697: [GC199.698: [ParNew: 104696K->6709K(112448K), 0.0022510 secs] 190417K->92430K(364160K), 0.0022960 secs] [Times: user=0.02 sys=0.00, real=0.01 secs] 
199.700: Total time for which application threads were stopped: 0.0043180 seconds, Stopping threads took: 0.0019360 seconds
199.796: Application time: 0.0960850 seconds
199.798: [GC199.798: [ParNew: 106677K->7238K(112448K), 0.0025650 secs] 192398K->93044K(364160K), 0.0026100 secs] [Times: user=0.02 sys=0.00, real=0.01 secs] 
199.801: Total time for which application threads were stopped: 0.0049870 seconds, Stopping threads took: 0.0023120 seconds
199.893: Application time: 0.0926150 seconds
199.896: [GC199.896: [ParNew: 107206K->7176K(112448K), 0.0023370 secs] 193012K->93067K(364160K), 0.0023810 secs] [Times: user=0.02 sys=0.00, real=0.00 secs] 
199.898: Total time for which application threads were stopped: 0.0049280 seconds, Stopping threads took: 0.0024730 seconds
199.997: Application time: 0.0988910 seconds
200.000: [GC200.000: [ParNew: 107144K->7031K(112448K), 0.0024930 secs] 193035K->92952K(364160K), 0.0025380 secs] [Times: user=0.02 sys=0.00, real=0.00 secs] 
200.003: Total time for which application threads were stopped: 0.0055990 seconds, Stopping threads took: 0.0029920 seconds
200.097: Application time: 0.0936490 seconds
200.099: [GC200.099: [ParNew: 106999K->6873K(112448K), 0.0024010 secs] 192920K->92851K(364160K), 0.0024460 secs] [Times: user=0.02 sys=0.00, real=0.01 secs] 
200.102: Total time for which application threads were stopped: 0.0051650 seconds, Stopping threads took: 0.0026410 seconds
200.196: Application time: 0.0939340 seconds
200.199: [GC200.199: [ParNew: 106841K->7931K(112448K), 0.0027210 secs] 192819K->93936K(364160K), 0.0027670 secs] [Times: user=0.02 sys=0.00, real=0.01 secs] 
200.201: Total time for which application threads were stopped: 0.0056750 seconds, Stopping threads took: 0.0028360 seconds
200.294: Application time: 0.0923730 seconds
200.296: [GC200.296: [ParNew: 107899K->7863K(112448K), 0.0026800 secs] 193904K->93897K(364160K), 0.0027280 secs] [Times: user=0.02 sys=0.00, real=0.00 secs] 
200.299: Total time for which application threads were stopped: 0.0050750 seconds, Stopping threads took: 0.0022610 seconds
200.397: Application time: 0.0977540 seconds
200.400: [GC200.400: [ParNew: 107831K->7763K(112448K), 0.0028300 secs] 193865K->93826K(364160K), 0.0028760 secs] [Times: user=0.01 sys=0.00, real=0.00 secs] 
200.403: Total time for which application threads were stopped: 0.0060370 seconds, Stopping threads took: 0.0030870 seconds
200.497: Application time: 0.0943830 seconds
200.500: [GC200.500: [ParNew: 107731K->7426K(112448K), 0.0026150 secs] 193794K->93546K(364160K), 0.0026700 secs] [Times: user=0.02 sys=0.00, real=0.00 secs] 
200.503: Total time for which application threads were stopped: 0.0058210 seconds, Stopping threads took: 0.0030580 seconds
200.599: Application time: 0.0961430 seconds
200.601: [GC200.601: [ParNew: 107394K->7024K(112448K), 0.0023600 secs] 193514K->93201K(364160K), 0.0024060 secs] [Times: user=0.01 sys=0.00, real=0.00 secs] 
200.604: Total time for which application threads were stopped: 0.0048760 seconds, Stopping threads took: 0.0023790 seconds
200.696: Application time: 0.0922940 seconds
200.698: [GC200.698: [ParNew: 106992K->6836K(112448K), 0.0026900 secs] 193169K->93042K(364160K), 0.0027370 secs] [Times: user=0.02 sys=0.00, real=0.01 secs] 
200.701: Total time for which application threads were stopped: 0.0050710 seconds, Stopping threads took: 0.0022410 seconds
200.796: Application time: 0.0943150 seconds
200.798: [GC200.798: [ParNew: 106804K->6534K(112448K), 0.0022770 secs] 193010K->92796K(364160K), 0.0023250 secs] [Times: user=0.02 sys=0.00, real=0.01 secs] 
200.800: Total time for which application threads were stopped: 0.0043920 seconds, Stopping threads took: 0.0019840 seconds
200.897: Application time: 0.0968890 seconds
200.900: [GC200.900: [ParNew: 106502K->7040K(112448K), 0.0023290 secs] 192764K->93331K(364160K), 0.0023750 secs] [Times: user=0.02 sys=0.00, real=0.00 secs] 
200.902: Total time for which application threads were stopped: 0.0055590 seconds, Stopping threads took: 0.0030900 seconds
201.001: Application time: 0.0984030 seconds
201.004: [GC201.004: [ParNew: 107008K->5697K(112448K), 0.0019140 secs] 193299K->92045K(364160K), 0.0019600 secs] [Times: user=0.02 sys=0.00, real=0.00 secs] 
201.006: Total time for which application threads were stopped: 0.0052240 seconds, Stopping threads took: 0.0031980 seconds
201.101: Application time: 0.0950440 seconds
201.103: [GC201.103: [ParNew: 105665K->7362K(112448K), 0.0024370 secs] 192013K->93710K(364160K), 0.0024820 secs] [Times: user=0.02 sys=0.00, real=0.00 secs] 
201.105: Total time for which application threads were stopped: 0.0043220 seconds, Stopping threads took: 0.0017580 seconds
201.199: Application time: 0.0936390 seconds
201.202: [GC201.202: [ParNew: 107330K->7147K(112448K), 0.0024200 secs] 193678K->93580K(364160K), 0.0024670 secs] [Times: user=0.01 sys=0.00, real=0.00 secs] 
201.204: Total time for which application threads were stopped: 0.0052720 seconds, Stopping threads took: 0.0027200 seconds
201.299: Application time: 0.0946850 seconds
201.300: [GC201.300: [ParNew: 107115K->5631K(112448K), 0.0019130 secs] 193548K->92122K(364160K), 0.0019570 secs] [Times: user=0.01 sys=0.00, real=0.00 secs] 
201.302: Total time for which application threads were stopped: 0.0033150 seconds, Stopping threads took: 0.0012630 seconds
201.395: Application time: 0.0930780 seconds
201.398: [GC201.398: [ParNew: 105599K->6949K(112448K), 0.0023830 secs] 192090K->93440K(364160K), 0.0024300 secs] [Times: user=0.01 sys=0.00, real=0.01 secs] 
201.401: Total time for which application threads were stopped: 0.0055090 seconds, Stopping threads took: 0.0030070 seconds
201.495: Application time: 0.0942430 seconds
201.497: [GC201.497: [ParNew: 106917K->7432K(112448K), 0.0026870 secs] 193408K->94008K(364160K), 0.0027330 secs] [Times: user=0.02 sys=0.00, real=0.01 secs] 
201.500: Total time for which application threads were stopped: 0.0048960 seconds, Stopping threads took: 0.0020920 seconds
201.590: Application time: 0.0901570 seconds
201.593: [GC201.593: [ParNew: 107400K->7580K(112448K), 0.0025740 secs] 193976K->94213K(364160K), 0.0026190 secs] [Times: user=0.02 sys=0.00, real=0.00 secs] 
201.595: Total time for which application threads were stopped: 0.0050260 seconds, Stopping threads took: 0.0023370 seconds
201.683: Application time: 0.0877050 seconds
201.686: [GC201.686: [ParNew: 107548K->5910K(112448K), 0.0023920 secs] 194181K->92571K(364160K), 0.0024370 secs] [Times: user=0.01 sys=0.00, real=0.01 secs] 
201.688: Total time for which application threads were stopped: 0.0053430 seconds, Stopping threads took: 0.0028060 seconds
201.780: Application time: 0.0920480 seconds
201.782: [GC201.783: [ParNew: 105878K->6200K(112448K), 0.0021410 secs] 192539K->92862K(364160K), 0.0037340 secs] [Times: user=0.02 sys=0.00, real=0.00 secs] 
201.786: Total time for which application threads were stopped: 0.0053790 seconds, Stopping threads took: 0.0015740 seconds
201.881: Application time: 0.0955060 seconds
201.883: [GC201.883: [ParNew: 106168K->4338K(112448K), 0.0014740 secs] 192830K->90999K(364160K), 0.0015200 secs] [Times: user=0.01 sys=0.00, real=0.00 secs] 
201.885: Total time for which application threads were stopped: 0.0036120 seconds, Stopping threads took: 0.0020260 seconds
201.975: Application time: 0.0898850 seconds
201.977: [GC201.977: [ParNew: 104306K->6018K(112448K), 0.0020060 secs] 190967K->92680K(364160K), 0.0020500 secs] [Times: user=0.01 sys=0.00, real=0.00 secs] 
201.979: Total time for which application threads were stopped: 0.0044160 seconds, Stopping threads took: 0.0022950 seconds
202.067: Application time: 0.0878230 seconds
202.070: [GC202.070: [ParNew: 105986K->7357K(112448K), 0.0024950 secs] 192648K->94019K(364160K), 0.0025400 secs] [Times: user=0.02 sys=0.00, real=0.00 secs] 
202.072: Total time for which application threads were stopped: 0.0052060 seconds, Stopping threads took: 0.0025940 seconds
202.162: Application time: 0.0895890 seconds
202.165: [GC202.165: [ParNew: 107325K->7219K(112448K), 0.0024920 secs] 193987K->94080K(364160K), 0.0025390 secs] [Times: user=0.02 sys=0.00, real=0.01 secs] 
202.168: Total time for which application threads were stopped: 0.0058690 seconds, Stopping threads took: 0.0032610 seconds
202.256: Application time: 0.0880990 seconds
202.258: [GC202.258: [ParNew: 107187K->7024K(112448K), 0.0023520 secs] 194048K->93913K(364160K), 0.0023970 secs] [Times: user=0.02 sys=0.00, real=0.01 secs] 
202.261: Total time for which application threads were stopped: 0.0050370 seconds, Stopping threads took: 0.0025690 seconds
202.353: Application time: 0.0918270 seconds
202.354: [GC202.354: [ParNew: 106992K->6235K(112448K), 0.0022200 secs] 193881K->93182K(364160K), 0.0022650 secs] [Times: user=0.01 sys=0.00, real=0.00 secs] 
202.356: Total time for which application threads were stopped: 0.0037970 seconds, Stopping threads took: 0.0014410 seconds
202.446: Application time: 0.0901150 seconds
202.449: [GC202.450: [ParNew: 106203K->7748K(112448K), 0.0024790 secs] 193150K->94694K(364160K), 0.0025240 secs] [Times: user=0.02 sys=0.00, real=0.00 secs] 
202.452: Total time for which application threads were stopped: 0.0055510 seconds, Stopping threads took: 0.0029350 seconds
202.539: Application time: 0.0873470 seconds
202.542: [GC202.542: [ParNew: 107716K->7445K(112448K), 0.0025910 secs] 194662K->94477K(364160K), 0.0026330 secs] [Times: user=0.02 sys=0.00, real=0.00 secs] 
202.545: Total time for which application threads were stopped: 0.0052640 seconds, Stopping threads took: 0.0025420 seconds
202.637: Application time: 0.0919930 seconds
202.638: [GC202.638: [ParNew: 107413K->7228K(112448K), 0.0023570 secs] 194445K->94317K(364160K), 0.0024030 secs] [Times: user=0.02 sys=0.00, real=0.01 secs] 
202.641: Total time for which application threads were stopped: 0.0038600 seconds, Stopping threads took: 0.0013890 seconds
202.730: Application time: 0.0896310 seconds
202.731: [GC202.731: [ParNew: 107196K->7356K(112448K), 0.0026100 secs] 194285K->94474K(364160K), 0.0026540 secs] [Times: user=0.02 sys=0.00, real=0.00 secs] 
202.734: Total time for which application threads were stopped: 0.0038090 seconds, Stopping threads took: 0.0010790 seconds
202.826: Application time: 0.0920980 seconds
202.828: [GC202.829: [ParNew: 107323K->6523K(112448K), 0.0021810 secs] 194441K->93670K(364160K), 0.0022270 secs] [Times: user=0.02 sys=0.00, real=0.00 secs] 
202.831: Total time for which application threads were stopped: 0.0047000 seconds, Stopping threads took: 0.0023940 seconds
202.920: Application time: 0.0892050 seconds
202.923: [GC202.923: [ParNew: 106491K->6798K(112448K), 0.0023130 secs] 193638K->94001K(364160K), 0.0023570 secs] [Times: user=0.02 sys=0.00, real=0.00 secs] 
202.926: Total time for which application threads were stopped: 0.0057850 seconds, Stopping threads took: 0.0033560 seconds
203.012: Application time: 0.0865900 seconds
203.014: [GC203.014: [ParNew: 106766K->6239K(112448K), 0.0021490 secs] 193969K->93472K(364160K), 0.0021930 secs] [Times: user=0.01 sys=0.00, real=0.00 secs] 
203.016: Total time for which application threads were stopped: 0.0038700 seconds, Stopping threads took: 0.0015890 seconds
203.106: Application time: 0.0899300 seconds
203.108: [GC203.108: [ParNew: 106207K->7251K(112448K), 0.0023130 secs] 193440K->94483K(364160K), 0.0023600 secs] [Times: user=0.02 sys=0.00, real=0.00 secs] 
203.111: Total time for which application threads were stopped: 0.0044330 seconds, Stopping threads took: 0.0020000 seconds
203.202: Application time: 0.0915610 seconds
203.203: [GC203.203: [ParNew: 107219K->7326K(112448K), 0.0024210 secs] 194451K->94672K(364160K), 0.0024650 secs] [Times: user=0.01 sys=0.00, real=0.00 secs] 
203.206: Total time for which application threads were stopped: 0.0036990 seconds, Stopping threads took: 0.0011440 seconds
203.294: Application time: 0.0884330 seconds
203.297: [GC203.297: [ParNew: 107294K->7727K(112448K), 0.0026010 secs] 194640K->95102K(364160K), 0.0026510 secs] [Times: user=0.02 sys=0.00, real=0.01 secs] 
203.299: Total time for which application threads were stopped: 0.0051680 seconds, Stopping threads took: 0.0024450 seconds
203.394: Application time: 0.0943680 seconds
203.395: [GC203.395: [ParNew: 107695K->5124K(112448K), 0.0017020 secs] 195070K->92556K(364160K), 0.0017460 secs] [Times: user=0.01 sys=0.00, real=0.00 secs] 
203.397: Total time for which application threads were stopped: 0.0033430 seconds, Stopping threads took: 0.0015170 seconds
203.489: Application time: 0.0914210 seconds
203.491: [GC203.491: [ParNew: 105092K->6847K(112448K), 0.0023130 secs] 192524K->94279K(364160K), 0.0023550 secs] [Times: user=0.02 sys=0.00, real=0.00 secs] 
203.493: Total time for which application threads were stopped: 0.0049030 seconds, Stopping threads took: 0.0024780 seconds
203.586: Application time: 0.0923710 seconds
203.589: [GC203.589: [ParNew: 106815K->7073K(112448K), 0.0024460 secs] 194247K->94618K(364160K), 0.0024910 secs] [Times: user=0.02 sys=0.00, real=0.00 secs] 
203.591: Total time for which application threads were stopped: 0.0052290 seconds, Stopping threads took: 0.0026680 seconds
203.681: Application time: 0.0897070 seconds
203.683: [GC203.683: [ParNew: 107041K->7206K(112448K), 0.0025640 secs] 194586K->94751K(364160K), 0.0026070 secs] [Times: user=0.02 sys=0.00, real=0.00 secs] 
203.685: Total time for which application threads were stopped: 0.0045770 seconds, Stopping threads took: 0.0019000 seconds
203.776: Application time: 0.0901280 seconds
203.777: [GC203.777: [ParNew: 107174K->7042K(112448K), 0.0024630 secs] 194719K->94644K(364160K), 0.0025050 secs] [Times: user=0.02 sys=0.00, real=0.01 secs] 
203.780: Total time for which application threads were stopped: 0.0042280 seconds, Stopping threads took: 0.0016540 seconds
203.868: Application time: 0.0882240 seconds
203.869: [GC203.869: [ParNew: 107010K->6985K(112448K), 0.0022580 secs] 194612K->94616K(364160K), 0.0023040 secs] [Times: user=0.02 sys=0.00, real=0.00 secs] 
203.872: Total time for which application threads were stopped: 0.0038420 seconds, Stopping threads took: 0.0014480 seconds
203.959: Application time: 0.0871780 seconds
203.961: [GC203.961: [ParNew: 106953K->6885K(112448K), 0.0024370 secs] 194584K->94573K(364160K), 0.0024810 secs] [Times: user=0.01 sys=0.00, real=0.00 secs] 
203.963: Total time for which application threads were stopped: 0.0042390 seconds, Stopping threads took: 0.0016700 seconds
204.054: Application time: 0.0911870 seconds
204.056: [GC204.056: [ParNew: 106853K->6748K(112448K), 0.0024000 secs] 194541K->94494K(364160K), 0.0024440 secs] [Times: user=0.02 sys=0.00, real=0.00 secs] 
204.059: Total time for which application threads were stopped: 0.0045270 seconds, Stopping threads took: 0.0019910 seconds
204.148: Application time: 0.0895360 seconds
204.151: [GC204.151: [ParNew: 106716K->6880K(112448K), 0.0023020 secs] 194462K->94654K(364160K), 0.0023560 secs] [Times: user=0.02 sys=0.00, real=0.00 secs] 
204.154: Total time for which application threads were stopped: 0.0050300 seconds, Stopping threads took: 0.0026030 seconds
204.246: Application time: 0.0920880 seconds
204.249: [GC204.249: [ParNew: 106848K->6367K(112448K), 0.0022870 secs] 194622K->94169K(364160K), 0.0023310 secs] [Times: user=0.01 sys=0.00, real=0.00 secs] 
204.251: Total time for which application threads were stopped: 0.0055140 seconds, Stopping threads took: 0.0030930 seconds
204.340: Application time: 0.0890750 seconds
204.343: [GC204.343: [ParNew: 106335K->7269K(112448K), 0.0023840 secs] 194137K->95128K(364160K), 0.0024290 secs] [Times: user=0.02 sys=0.00, real=0.00 secs] 
204.345: Total time for which application threads were stopped: 0.0048220 seconds, Stopping threads took: 0.0023020 seconds
204.434: Application time: 0.0888660 seconds
204.437: [GC204.437: [ParNew: 107237K->7059K(112448K), 0.0023890 secs] 195096K->94975K(364160K), 0.0024330 secs] [Times: user=0.02 sys=0.00, real=0.00 secs] 
204.439: Total time for which application threads were stopped: 0.0052870 seconds, Stopping threads took: 0.0027620 seconds
204.526: Application time: 0.0872810 seconds
204.529: [GC204.529: [ParNew: 107027K->6407K(112448K), 0.0021400 secs] 194943K->94380K(364160K), 0.0021870 secs] [Times: user=0.02 sys=0.00, real=0.00 secs] 
204.531: Total time for which application threads were stopped: 0.0047100 seconds, Stopping threads took: 0.0024240 seconds
204.621: Application time: 0.0896050 seconds
204.623: [GC204.623: [ParNew: 106375K->7034K(112448K), 0.0024080 secs] 194348K->95036K(364160K), 0.0024520 secs] [Times: user=0.01 sys=0.00, real=0.00 secs] 
204.626: Total time for which application threads were stopped: 0.0047840 seconds, Stopping threads took: 0.0022610 seconds
204.717: Application time: 0.0912050 seconds
204.719: [GC204.719: [ParNew: 107002K->7645K(112448K), 0.0026250 secs] 195004K->95675K(364160K), 0.0026680 secs] [Times: user=0.02 sys=0.01, real=0.01 secs] 
204.721: Total time for which application threads were stopped: 0.0047180 seconds, Stopping threads took: 0.0019590 seconds
204.809: Application time: 0.0872420 seconds
204.811: [GC204.811: [ParNew: 107613K->7610K(112448K), 0.0026690 secs] 195643K->95698K(364160K), 0.0027130 secs] [Times: user=0.02 sys=0.00, real=0.00 secs] 
204.814: Total time for which application threads were stopped: 0.0051550 seconds, Stopping threads took: 0.0023700 seconds
204.903: Application time: 0.0893130 seconds
204.905: [GC204.905: [ParNew: 107578K->6639K(112448K), 0.0023240 secs] 195666K->94783K(364160K), 0.0023680 secs] [Times: user=0.02 sys=0.00, real=0.01 secs] 
204.908: Total time for which application threads were stopped: 0.0044480 seconds, Stopping threads took: 0.0020110 seconds
204.997: Application time: 0.0889620 seconds
205.000: [GC205.000: [ParNew: 106607K->6769K(112448K), 0.0022800 secs] 194751K->94971K(364160K), 0.0023240 secs] [Times: user=0.02 sys=0.00, real=0.00 secs] 
205.002: Total time for which application threads were stopped: 0.0054520 seconds, Stopping threads took: 0.0030600 seconds
205.091: Application time: 0.0888270 seconds
205.093: [GC205.093: [ParNew: 106737K->7727K(112448K), 0.0024670 secs] 194939K->95957K(364160K), 0.0025120 secs] [Times: user=0.01 sys=0.00, real=0.00 secs] 
205.095: Total time for which application threads were stopped: 0.0041810 seconds, Stopping threads took: 0.0015900 seconds
205.184: Application time: 0.0893580 seconds
205.187: [GC205.187: [ParNew: 107695K->7572K(112448K), 0.0025090 secs] 195925K->95830K(364160K), 0.0025510 secs] [Times: user=0.01 sys=0.00, real=0.00 secs] 
205.190: Total time for which application threads were stopped: 0.0054750 seconds, Stopping threads took: 0.0028550 seconds
205.278: Application time: 0.0876160 seconds
205.279: [GC205.279: [ParNew: 107540K->6041K(112448K), 0.0019890 secs] 195798K->94356K(364160K), 0.0020430 secs] [Times: user=0.01 sys=0.00, real=0.01 secs] 
205.281: Total time for which application threads were stopped: 0.0036350 seconds, Stopping threads took: 0.0015220 seconds
205.373: Application time: 0.0920850 seconds
205.376: [GC205.376: [ParNew: 106009K->5616K(112448K), 0.0019290 secs] 194324K->93931K(364160K), 0.0019720 secs] [Times: user=0.01 sys=0.00, real=0.00 secs] 
205.378: Total time for which application threads were stopped: 0.0047420 seconds, Stopping threads took: 0.0026780 seconds
205.465: Application time: 0.0867170 seconds
205.467: [GC205.467: [ParNew: 105584K->7484K(112448K), 0.0024230 secs] 193899K->95799K(364160K), 0.0024690 secs] [Times: user=0.02 sys=0.00, real=0.01 secs] 
205.469: Total time for which application threads were stopped: 0.0046520 seconds, Stopping threads took: 0.0021180 seconds
205.567: Application time: 0.0973760 seconds
205.570: [GC205.570: [ParNew: 107452K->5948K(112448K), 0.0019550 secs] 195767K->94406K(364160K), 0.0020010 secs] [Times: user=0.01 sys=0.00, real=0.00 secs] 
205.572: Total time for which application threads were stopped: 0.0050540 seconds, Stopping threads took: 0.0029820 seconds
205.666: Application time: 0.0944800 seconds
205.669: [GC205.669: [ParNew: 105916K->5743K(112448K), 0.0018920 secs] 194374K->94201K(364160K), 0.0019330 secs] [Times: user=0.01 sys=0.00, real=0.00 secs] 
205.671: Total time for which application threads were stopped: 0.0048000 seconds, Stopping threads took: 0.0027720 seconds
205.766: Application time: 0.0945580 seconds
205.769: [GC205.769: [ParNew: 105711K->7422K(112448K), 0.0024760 secs] 194169K->95880K(364160K), 0.0025230 secs] [Times: user=0.02 sys=0.00, real=0.00 secs] 
205.771: Total time for which application threads were stopped: 0.0057140 seconds, Stopping threads took: 0.0031260 seconds
205.866: Application time: 0.0948070 seconds
205.868: [GC205.868: [ParNew: 107390K->6227K(112448K), 0.0021080 secs] 195848K->94799K(364160K), 0.0021530 secs] [Times: user=0.02 sys=0.00, real=0.00 secs] 
205.871: Total time for which application threads were stopped: 0.0043570 seconds, Stopping threads took: 0.0021390 seconds
205.964: Application time: 0.0933010 seconds
205.966: [GC205.966: [ParNew: 106195K->8023K(112448K), 0.0026090 secs] 194767K->96595K(364160K), 0.0026540 secs] [Times: user=0.02 sys=0.00, real=0.01 secs] 
205.969: Total time for which application threads were stopped: 0.0048310 seconds, Stopping threads took: 0.0021100 seconds
206.064: Application time: 0.0950110 seconds
206.065: [GC206.065: [ParNew: 107991K->6033K(112448K), 0.0022400 secs] 196563K->94719K(364160K), 0.0022850 secs] [Times: user=0.02 sys=0.00, real=0.00 secs] 
206.067: Total time for which application threads were stopped: 0.0033020 seconds, Stopping threads took: 0.0009460 seconds
206.162: Application time: 0.0952900 seconds
206.164: [GC206.164: [ParNew: 106001K->6738K(112448K), 0.0021760 secs] 194687K->95424K(364160K), 0.0022210 secs] [Times: user=0.02 sys=0.00, real=0.00 secs] 
206.167: Total time for which application threads were stopped: 0.0042900 seconds, Stopping threads took: 0.0019940 seconds
206.260: Application time: 0.0935240 seconds
206.262: [GC206.262: [ParNew: 106706K->7225K(112448K), 0.0024020 secs] 195392K->95969K(364160K), 0.0024490 secs] [Times: user=0.02 sys=0.00, real=0.00 secs] 
206.265: Total time for which application threads were stopped: 0.0046480 seconds, Stopping threads took: 0.0021180 seconds
206.361: Application time: 0.0961280 seconds
206.363: [GC206.363: [ParNew: 107193K->7205K(112448K), 0.0023750 secs] 195937K->96006K(364160K), 0.0024240 secs] [Times: user=0.02 sys=0.00, real=0.00 secs] 
206.365: Total time for which application threads were stopped: 0.0045940 seconds, Stopping threads took: 0.0020760 seconds
206.458: Application time: 0.0928200 seconds
206.461: [GC206.461: [ParNew: 107173K->6724K(112448K), 0.0022070 secs] 195974K->95553K(364160K), 0.0022500 secs] [Times: user=0.01 sys=0.00, real=0.00 secs] 
206.463: Total time for which application threads were stopped: 0.0046940 seconds, Stopping threads took: 0.0023720 seconds
206.558: Application time: 0.0952810 seconds
206.560: [GC206.560: [ParNew: 106692K->6418K(112448K), 0.0022110 secs] 195521K->95304K(364160K), 0.0022650 secs] [Times: user=0.01 sys=0.00, real=0.00 secs] 
206.562: Total time for which application threads were stopped: 0.0040250 seconds, Stopping threads took: 0.0016800 seconds
206.660: Application time: 0.0977640 seconds
206.662: [GC206.662: [ParNew: 106386K->7090K(112448K), 0.0025000 secs] 195272K->96005K(364160K), 0.0025420 secs] [Times: user=0.02 sys=0.00, real=0.00 secs] 
206.664: Total time for which application threads were stopped: 0.0040570 seconds, Stopping threads took: 0.0014420 seconds
206.759: Application time: 0.0951570 seconds
206.762: [GC206.762: [ParNew: 107058K->6932K(112448K), 0.0025050 secs] 195973K->95904K(364160K), 0.0025490 secs] [Times: user=0.02 sys=0.00, real=0.00 secs] 
206.764: Total time for which application threads were stopped: 0.0051610 seconds, Stopping threads took: 0.0025200 seconds
206.858: Application time: 0.0932860 seconds
206.860: [GC206.860: [ParNew: 106900K->6850K(112448K), 0.0023140 secs] 195872K->95850K(364160K), 0.0023610 secs] [Times: user=0.01 sys=0.00, real=0.00 secs] 
206.863: Total time for which application threads were stopped: 0.0049540 seconds, Stopping threads took: 0.0025120 seconds
206.958: Application time: 0.0952890 seconds
206.961: [GC206.961: [ParNew: 106818K->6717K(112448K), 0.0022970 secs] 195818K->95774K(364160K), 0.0023390 secs] [Times: user=0.01 sys=0.00, real=0.00 secs] 
206.963: Total time for which application threads were stopped: 0.0050420 seconds, Stopping threads took: 0.0026300 seconds
207.058: Application time: 0.0947710 seconds
207.061: [GC207.061: [ParNew: 106685K->6339K(112448K), 0.0022040 secs] 195742K->95453K(364160K), 0.0022490 secs] [Times: user=0.01 sys=0.00, real=0.00 secs] 
207.063: Total time for which application threads were stopped: 0.0054670 seconds, Stopping threads took: 0.0031180 seconds
207.161: Application time: 0.0977630 seconds
207.164: [GC207.164: [ParNew: 106307K->7169K(112448K), 0.0024320 secs] 195421K->96312K(364160K), 0.0024780 secs] [Times: user=0.01 sys=0.00, real=0.00 secs] 
207.167: Total time for which application threads were stopped: 0.0054680 seconds, Stopping threads took: 0.0028980 seconds
207.261: Application time: 0.0941230 seconds
207.263: [GC207.263: [ParNew: 107137K->7230K(112448K), 0.0024450 secs] 196280K->96429K(364160K), 0.0024930 secs] [Times: user=0.01 sys=0.00, real=0.00 secs] 
207.265: Total time for which application threads were stopped: 0.0045570 seconds, Stopping threads took: 0.0019910 seconds
207.360: Application time: 0.0948220 seconds
207.362: [GC207.362: [ParNew: 107197K->6481K(112448K), 0.0022660 secs] 196397K->95709K(364160K), 0.0023130 secs] [Times: user=0.01 sys=0.00, real=0.00 secs] 
207.364: Total time for which application threads were stopped: 0.0040460 seconds, Stopping threads took: 0.0016520 seconds
207.458: Application time: 0.0937760 seconds
207.461: [GC207.461: [ParNew: 106449K->7818K(112448K), 0.0025430 secs] 195677K->97103K(364160K), 0.0025900 secs] [Times: user=0.02 sys=0.00, real=0.00 secs] 
207.463: Total time for which application threads were stopped: 0.0056220 seconds, Stopping threads took: 0.0029600 seconds
207.558: Application time: 0.0944270 seconds
207.561: [GC207.561: [ParNew: 107786K->6756K(112448K), 0.0022280 secs] 197071K->96069K(364160K), 0.0022740 secs] [Times: user=0.02 sys=0.00, real=0.00 secs] 
207.563: Total time for which application threads were stopped: 0.0052500 seconds, Stopping threads took: 0.0029020 seconds
207.662: Application time: 0.0986970 seconds
207.664: [GC207.664: [ParNew: 106724K->6890K(112448K), 0.0022810 secs] 196037K->96261K(364160K), 0.0023290 secs] [Times: user=0.02 sys=0.00, real=0.00 secs] 
207.666: Total time for which application threads were stopped: 0.0043470 seconds, Stopping threads took: 0.0019450 seconds
207.759: Application time: 0.0928840 seconds
207.762: [GC207.762: [ParNew: 106858K->7896K(112448K), 0.0028440 secs] 196229K->97295K(364160K), 0.0028990 secs] [Times: user=0.02 sys=0.00, real=0.00 secs] 
207.765: Total time for which application threads were stopped: 0.0060110 seconds, Stopping threads took: 0.0030390 seconds
207.856: Application time: 0.0909070 seconds
207.859: [GC207.859: [ParNew: 107864K->7864K(112448K), 0.0027900 secs] 197263K->97320K(364160K), 0.0028370 secs] [Times: user=0.01 sys=0.00, real=0.01 secs] 
207.862: Total time for which application threads were stopped: 0.0057140 seconds, Stopping threads took: 0.0027860 seconds
207.954: Application time: 0.0920240 seconds
207.957: [GC207.957: [ParNew: 107832K->6239K(112448K), 0.0022320 secs] 197288K->95753K(364160K), 0.0022820 secs] [Times: user=0.01 sys=0.00, real=0.00 secs] 
207.959: Total time for which application threads were stopped: 0.0051390 seconds, Stopping threads took: 0.0027790 seconds
208.054: Application time: 0.0952610 seconds
208.056: [GC208.056: [ParNew: 106207K->5917K(112448K), 0.0022200 secs] 195721K->95430K(364160K), 0.0022670 secs] [Times: user=0.02 sys=0.00, real=0.00 secs] 
208.058: Total time for which application threads were stopped: 0.0040640 seconds, Stopping threads took: 0.0017040 seconds
208.152: Application time: 0.0941120 seconds
208.154: [GC208.154: [ParNew: 105885K->6330K(112448K), 0.0021020 secs] 195398K->95844K(364160K), 0.0021500 secs] [Times: user=0.01 sys=0.00, real=0.00 secs] 
208.156: Total time for which application threads were stopped: 0.0038740 seconds, Stopping threads took: 0.0016420 seconds
208.251: Application time: 0.0945330 seconds
208.254: [GC208.254: [ParNew: 106298K->7090K(112448K), 0.0024930 secs] 195812K->96689K(364160K), 0.0025390 secs] [Times: user=0.02 sys=0.00, real=0.00 secs] 
208.256: Total time for which application threads were stopped: 0.0056020 seconds, Stopping threads took: 0.0029710 seconds
208.352: Application time: 0.0955670 seconds
208.355: [GC208.355: [ParNew: 107058K->7474K(112448K), 0.0026450 secs] 196657K->97159K(364160K), 0.0026920 secs] [Times: user=0.02 sys=0.00, real=0.00 secs] 
208.358: Total time for which application threads were stopped: 0.0056890 seconds, Stopping threads took: 0.0029120 seconds
208.452: Application time: 0.0947510 seconds
208.455: [GC208.455: [ParNew: 107442K->7083K(112448K), 0.0023030 secs] 197127K->96824K(364160K), 0.0023500 secs] [Times: user=0.02 sys=0.00, real=0.00 secs] 
208.457: Total time for which application threads were stopped: 0.0049710 seconds, Stopping threads took: 0.0025460 seconds
208.553: Application time: 0.0959090 seconds
208.555: [GC208.555: [ParNew: 107051K->6124K(112448K), 0.0019910 secs] 196792K->95866K(364160K), 0.0020390 secs] [Times: user=0.01 sys=0.00, real=0.00 secs] 
208.557: Total time for which application threads were stopped: 0.0038220 seconds, Stopping threads took: 0.0016990 seconds
208.652: Application time: 0.0950450 seconds
208.654: [GC208.654: [ParNew: 106092K->6625K(112448K), 0.0022570 secs] 195834K->96367K(364160K), 0.0023030 secs] [Times: user=0.02 sys=0.00, real=0.00 secs] 
208.656: Total time for which application threads were stopped: 0.0043090 seconds, Stopping threads took: 0.0019330 seconds
208.754: Application time: 0.0974970 seconds
208.756: [GC208.756: [ParNew: 106593K->6626K(112448K), 0.0022690 secs] 196335K->96453K(364160K), 0.0023160 secs] [Times: user=0.02 sys=0.00, real=0.00 secs] 
208.758: Total time for which application threads were stopped: 0.0041490 seconds, Stopping threads took: 0.0017610 seconds
208.852: Application time: 0.0942080 seconds
208.855: [GC208.855: [ParNew: 106594K->7201K(112448K), 0.0025920 secs] 196421K->97114K(364160K), 0.0026380 secs] [Times: user=0.02 sys=0.00, real=0.00 secs] 
208.857: Total time for which application threads were stopped: 0.0049510 seconds, Stopping threads took: 0.0022400 seconds
208.953: Application time: 0.0961770 seconds
208.955: [GC208.955: [ParNew: 107169K->7935K(112448K), 0.0026820 secs] 197082K->97877K(364160K), 0.0027260 secs] [Times: user=0.01 sys=0.00, real=0.00 secs] 
208.958: Total time for which application threads were stopped: 0.0045100 seconds, Stopping threads took: 0.0017130 seconds
209.050: Application time: 0.0916600 seconds
209.052: [GC209.052: [ParNew: 107903K->6948K(112448K), 0.0023070 secs] 197845K->96918K(364160K), 0.0023620 secs] [Times: user=0.02 sys=0.00, real=0.00 secs] 
209.054: Total time for which application threads were stopped: 0.0044360 seconds, Stopping threads took: 0.0019820 seconds
209.150: Application time: 0.0957740 seconds
209.152: [GC209.152: [ParNew: 106916K->6378K(112448K), 0.0021730 secs] 196886K->96433K(364160K), 0.0022180 secs] [Times: user=0.02 sys=0.00, real=0.00 secs] 
209.154: Total time for which application threads were stopped: 0.0041820 seconds, Stopping threads took: 0.0018840 seconds
209.249: Application time: 0.0946130 seconds
209.251: [GC209.251: [ParNew: 106346K->6963K(112448K), 0.0024170 secs] 196401K->97018K(364160K), 0.0024620 secs] [Times: user=0.02 sys=0.00, real=0.00 secs] 
209.253: Total time for which application threads were stopped: 0.0045260 seconds, Stopping threads took: 0.0019910 seconds
209.349: Application time: 0.0955860 seconds
209.351: [GC209.351: [ParNew: 106931K->6292K(112448K), 0.0021450 secs] 196986K->96404K(364160K), 0.0021910 secs] [Times: user=0.01 sys=0.00, real=0.00 secs] 
209.353: Total time for which application threads were stopped: 0.0044820 seconds, Stopping threads took: 0.0022190 seconds
209.448: Application time: 0.0945660 seconds
209.451: [GC209.451: [ParNew: 106260K->7025K(112448K), 0.0023620 secs] 196372K->97165K(364160K), 0.0024080 secs] [Times: user=0.02 sys=0.00, real=0.00 secs] 
209.453: Total time for which application threads were stopped: 0.0055410 seconds, Stopping threads took: 0.0030600 seconds
209.546: Application time: 0.0925360 seconds
209.549: [GC209.549: [ParNew: 106993K->6524K(112448K), 0.0021120 secs] 197133K->96722K(364160K), 0.0021570 secs] [Times: user=0.01 sys=0.00, real=0.00 secs] 
209.551: Total time for which application threads were stopped: 0.0049960 seconds, Stopping threads took: 0.0027500 seconds
209.640: Application time: 0.0887580 seconds
209.642: [GC209.642: [ParNew: 106492K->6357K(112448K), 0.0023820 secs] 196690K->96640K(364160K), 0.0024280 secs] [Times: user=0.01 sys=0.00, real=0.00 secs] 
209.644: Total time for which application threads were stopped: 0.0043660 seconds, Stopping threads took: 0.0018490 seconds
209.732: Application time: 0.0880730 seconds
209.734: [GC209.734: [ParNew: 106325K->6856K(112448K), 0.0022120 secs] 196608K->97139K(364160K), 0.0022590 secs] [Times: user=0.02 sys=0.00, real=0.00 secs] 
209.736: Total time for which application threads were stopped: 0.0041630 seconds, Stopping threads took: 0.0018220 seconds
209.826: Application time: 0.0900580 seconds
209.828: [GC209.829: [ParNew: 106824K->6686K(112448K), 0.0022470 secs] 197107K->97027K(364160K), 0.0022950 secs] [Times: user=0.02 sys=0.00, real=0.00 secs] 
209.831: Total time for which application threads were stopped: 0.0045290 seconds, Stopping threads took: 0.0021660 seconds
209.918: Application time: 0.0868300 seconds
209.920: [GC209.920: [ParNew: 106654K->6793K(112448K), 0.0022440 secs] 196995K->97162K(364160K), 0.0022910 secs] [Times: user=0.02 sys=0.00, real=0.00 secs] 
209.922: Total time for which application threads were stopped: 0.0047480 seconds, Stopping threads took: 0.0023660 seconds
210.011: Application time: 0.0884570 seconds
210.013: [GC210.013: [ParNew: 106761K->7593K(112448K), 0.0025190 secs] 197130K->98019K(364160K), 0.0025620 secs] [Times: user=0.02 sys=0.00, real=0.00 secs] 
210.016: Total time for which application threads were stopped: 0.0051480 seconds, Stopping threads took: 0.0025190 seconds
210.104: Application time: 0.0881020 seconds
210.106: [GC210.106: [ParNew: 107561K->7305K(112448K), 0.0026010 secs] 197987K->97787K(364160K), 0.0026460 secs] [Times: user=0.01 sys=0.00, real=0.01 secs] 
210.109: Total time for which application threads were stopped: 0.0044770 seconds, Stopping threads took: 0.0017390 seconds
210.197: Application time: 0.0887500 seconds
210.200: [GC210.200: [ParNew: 107273K->6988K(112448K), 0.0024530 secs] 197755K->97499K(364160K), 0.0025000 secs] [Times: user=0.02 sys=0.00, real=0.00 secs] 
210.202: Total time for which application threads were stopped: 0.0047630 seconds, Stopping threads took: 0.0021630 seconds
210.295: Application time: 0.0933620 seconds
210.297: [GC210.297: [ParNew: 106956K->5855K(112448K), 0.0020690 secs] 197467K->96395K(364160K), 0.0021090 secs] [Times: user=0.01 sys=0.00, real=0.00 secs] 
210.299: Total time for which application threads were stopped: 0.0034340 seconds, Stopping threads took: 0.0012460 seconds
210.387: Application time: 0.0877170 seconds
210.389: [GC210.389: [ParNew: 105823K->7818K(112448K), 0.0027220 secs] 196363K->98358K(364160K), 0.0027680 secs] [Times: user=0.02 sys=0.00, real=0.00 secs] 
210.392: Total time for which application threads were stopped: 0.0052060 seconds, Stopping threads took: 0.0023690 seconds
210.477: Application time: 0.0852760 seconds
210.480: [GC210.480: [ParNew: 107786K->7389K(112448K), 0.0025220 secs] 198326K->98043K(364160K), 0.0025640 secs] [Times: user=0.02 sys=0.00, real=0.00 secs] 
210.482: Total time for which application threads were stopped: 0.0051050 seconds, Stopping threads took: 0.0024670 seconds
210.572: Application time: 0.0897820 seconds
210.574: [GC210.574: [ParNew: 107357K->7135K(112448K), 0.0023670 secs] 198011K->97817K(364160K), 0.0024140 secs] [Times: user=0.02 sys=0.00, real=0.00 secs] 
210.577: Total time for which application threads were stopped: 0.0045290 seconds, Stopping threads took: 0.0020240 seconds
210.665: Application time: 0.0883510 seconds
210.667: [GC210.667: [ParNew: 107103K->7801K(112448K), 0.0028260 secs] 197785K->98540K(364160K), 0.0028740 secs] [Times: user=0.02 sys=0.00, real=0.01 secs] 
210.670: Total time for which application threads were stopped: 0.0049480 seconds, Stopping threads took: 0.0019840 seconds
210.758: Application time: 0.0886220 seconds
210.761: [GC210.761: [ParNew: 107769K->7845K(112448K), 0.0025500 secs] 198508K->98613K(364160K), 0.0025930 secs] [Times: user=0.02 sys=0.00, real=0.00 secs] 
210.764: Total time for which application threads were stopped: 0.0054520 seconds, Stopping threads took: 0.0027880 seconds
210.855: Application time: 0.0906910 seconds
210.857: [GC210.857: [ParNew: 107813K->6594K(112448K), 0.0022010 secs] 198581K->97419K(364160K), 0.0022440 secs] [Times: user=0.02 sys=0.00, real=0.01 secs] 
210.860: Total time for which application threads were stopped: 0.0049620 seconds, Stopping threads took: 0.0026380 seconds
210.948: Application time: 0.0887730 seconds
210.950: [GC210.950: [ParNew: 106562K->6292K(112448K), 0.0021000 secs] 197387K->97174K(364160K), 0.0021450 secs] [Times: user=0.02 sys=0.00, real=0.00 secs] 
210.953: Total time for which application threads were stopped: 0.0041850 seconds, Stopping threads took: 0.0019500 seconds
211.042: Application time: 0.0898640 seconds
211.044: [GC211.044: [ParNew: 106260K->6809K(112448K), 0.0022140 secs] 197142K->97691K(364160K), 0.0022600 secs] [Times: user=0.02 sys=0.00, real=0.00 secs] 
211.047: Total time for which application threads were stopped: 0.0043530 seconds, Stopping threads took: 0.0020200 seconds
211.136: Application time: 0.0896400 seconds
211.138: [GC211.138: [ParNew: 106777K->7011K(112448K), 0.0023620 secs] 197659K->97979K(364160K), 0.0024080 secs] [Times: user=0.02 sys=0.00, real=0.01 secs] 
211.141: Total time for which application threads were stopped: 0.0042930 seconds, Stopping threads took: 0.0018150 seconds
211.229: Application time: 0.0882610 seconds
211.230: [GC211.231: [ParNew: 106979K->6988K(112448K), 0.0023230 secs] 197947K->97984K(364160K), 0.0023700 secs] [Times: user=0.01 sys=0.00, real=0.00 secs] 
211.233: Total time for which application threads were stopped: 0.0039500 seconds, Stopping threads took: 0.0014940 seconds
211.320: Application time: 0.0874530 seconds
211.322: [GC211.322: [ParNew: 106956K->5971K(112448K), 0.0020520 secs] 197952K->96995K(364160K), 0.0020970 secs] [Times: user=0.02 sys=0.00, real=0.00 secs] 
211.324: Total time for which application threads were stopped: 0.0035710 seconds, Stopping threads took: 0.0014030 seconds
211.415: Application time: 0.0914530 seconds
211.417: [GC211.417: [ParNew: 105939K->5272K(112448K), 0.0017930 secs] 196963K->96296K(364160K), 0.0018410 secs] [Times: user=0.02 sys=0.00, real=0.00 secs] 
211.419: Total time for which application threads were stopped: 0.0035620 seconds, Stopping threads took: 0.0016440 seconds
211.509: Application time: 0.0896640 seconds
211.509: [GC211.509: [ParNew: 105240K->7398K(112448K), 0.0026320 secs] 196264K->98422K(364160K), 0.0026780 secs] [Times: user=0.02 sys=0.00, real=0.00 secs] 
211.512: Total time for which application threads were stopped: 0.0034940 seconds, Stopping threads took: 0.0007270 seconds
211.604: Application time: 0.0915140 seconds
211.606: [GC211.606: [ParNew: 107366K->7139K(112448K), 0.0026700 secs] 198390K->98335K(364160K), 0.0027150 secs] [Times: user=0.02 sys=0.00, real=0.01 secs] 
211.609: Total time for which application threads were stopped: 0.0055190 seconds, Stopping threads took: 0.0027150 seconds
211.699: Application time: 0.0897400 seconds
211.701: [GC211.701: [ParNew: 107107K->4809K(112448K), 0.0016780 secs] 198303K->96033K(364160K), 0.0017220 secs] [Times: user=0.02 sys=0.00, real=0.00 secs] 
211.702: Total time for which application threads were stopped: 0.0034770 seconds, Stopping threads took: 0.0016740 seconds
211.794: Application time: 0.0915220 seconds
211.796: [GC211.796: [ParNew: 104777K->6242K(112448K), 0.0020520 secs] 196001K->97466K(364160K), 0.0020930 secs] [Times: user=0.01 sys=0.00, real=0.00 secs] 
211.798: Total time for which application threads were stopped: 0.0045370 seconds, Stopping threads took: 0.0023740 seconds
211.890: Application time: 0.0911100 seconds
211.892: [GC211.892: [ParNew: 106210K->7234K(112448K), 0.0039720 secs] 197434K->98458K(364160K), 0.0040230 secs] [Times: user=0.02 sys=0.00, real=0.00 secs] 
211.896: Total time for which application threads were stopped: 0.0063230 seconds, Stopping threads took: 0.0022320 seconds
211.987: Application time: 0.0910940 seconds
211.989: [GC211.990: [ParNew: 107202K->6718K(112448K), 0.0023290 secs] 198426K->98057K(364160K), 0.0023750 secs] [Times: user=0.02 sys=0.00, real=0.00 secs] 
211.992: Total time for which application threads were stopped: 0.0049420 seconds, Stopping threads took: 0.0024640 seconds
212.085: Application time: 0.0936020 seconds
212.088: [GC212.088: [ParNew: 106686K->6385K(112448K), 0.0021100 secs] 198025K->97780K(364160K), 0.0021540 secs] [Times: user=0.02 sys=0.00, real=0.00 secs] 
212.090: Total time for which application threads were stopped: 0.0049670 seconds, Stopping threads took: 0.0027230 seconds
212.182: Application time: 0.0917290 seconds
212.184: [GC212.184: [ParNew: 106353K->7133K(112448K), 0.0023480 secs] 197748K->98586K(364160K), 0.0023920 secs] [Times: user=0.01 sys=0.00, real=0.00 secs] 
212.187: Total time for which application threads were stopped: 0.0044040 seconds, Stopping threads took: 0.0019410 seconds
212.274: Application time: 0.0875350 seconds
212.277: [GC212.277: [ParNew: 107101K->5995K(112448K), 0.0019250 secs] 198554K->97476K(364160K), 0.0019730 secs] [Times: user=0.01 sys=0.00, real=0.00 secs] 
212.279: Total time for which application threads were stopped: 0.0048370 seconds, Stopping threads took: 0.0027930 seconds
212.365: Application time: 0.0856310 seconds
212.367: [GC212.367: [ParNew: 105963K->7988K(112448K), 0.0027660 secs] 197444K->99469K(364160K), 0.0028140 secs] [Times: user=0.02 sys=0.00, real=0.00 secs] 
212.370: Total time for which application threads were stopped: 0.0056150 seconds, Stopping threads took: 0.0027310 seconds
212.459: Application time: 0.0892130 seconds
212.461: [GC212.461: [ParNew: 107956K->6740K(112448K), 0.0023490 secs] 199437K->98307K(364160K), 0.0024010 secs] [Times: user=0.01 sys=0.01, real=0.00 secs] 
212.463: Total time for which application threads were stopped: 0.0038690 seconds, Stopping threads took: 0.0013790 seconds
212.551: Application time: 0.0877290 seconds
212.553: [GC212.553: [ParNew: 106708K->6518K(112448K), 0.0022280 secs] 198275K->98142K(364160K), 0.0022740 secs] [Times: user=0.02 sys=0.00, real=0.00 secs] 
212.555: Total time for which application threads were stopped: 0.0043300 seconds, Stopping threads took: 0.0019480 seconds
212.647: Application time: 0.0917810 seconds
212.650: [GC212.650: [ParNew: 106486K->6408K(112448K), 0.0023300 secs] 198110K->98060K(364160K), 0.0023780 secs] [Times: user=0.01 sys=0.00, real=0.00 secs] 
212.653: Total time for which application threads were stopped: 0.0053990 seconds, Stopping threads took: 0.0029500 seconds
212.744: Application time: 0.0915360 seconds
212.747: [GC212.747: [ParNew: 106376K->7484K(112448K), 0.0024980 secs] 198028K->99165K(364160K), 0.0025430 secs] [Times: user=0.02 sys=0.00, real=0.01 secs] 
212.749: Total time for which application threads were stopped: 0.0053590 seconds, Stopping threads took: 0.0027270 seconds
212.837: Application time: 0.0873640 seconds
212.838: [GC212.838: [ParNew: 107452K->7260K(112448K), 0.0025330 secs] 199133K->98998K(364160K), 0.0025800 secs] [Times: user=0.02 sys=0.00, real=0.01 secs] 
212.841: Total time for which application threads were stopped: 0.0042280 seconds, Stopping threads took: 0.0015750 seconds
212.933: Application time: 0.0922590 seconds
212.936: [GC212.936: [ParNew: 107228K->7226K(112448K), 0.0025280 secs] 198966K->99021K(364160K), 0.0025730 secs] [Times: user=0.02 sys=0.00, real=0.00 secs] 
212.939: Total time for which application threads were stopped: 0.0054670 seconds, Stopping threads took: 0.0028230 seconds
213.026: Application time: 0.0867730 seconds
213.028: [GC213.028: [ParNew: 107194K->7143K(112448K), 0.0023790 secs] 198989K->98995K(364160K), 0.0024220 secs] [Times: user=0.01 sys=0.00, real=0.00 secs] 
213.030: Total time for which application threads were stopped: 0.0046160 seconds, Stopping threads took: 0.0021140 seconds
213.123: Application time: 0.0927400 seconds
213.125: [GC213.125: [ParNew: 107111K->5933K(112448K), 0.0019500 secs] 198963K->97814K(364160K), 0.0019980 secs] [Times: user=0.02 sys=0.00, real=0.00 secs] 
213.127: Total time for which application threads were stopped: 0.0037340 seconds, Stopping threads took: 0.0016390 seconds
213.217: Application time: 0.0898750 seconds
213.219: [GC213.219: [ParNew: 105901K->7015K(112448K), 0.0023590 secs] 197782K->98896K(364160K), 0.0024050 secs] [Times: user=0.02 sys=0.00, real=0.01 secs] 
213.221: Total time for which application threads were stopped: 0.0047990 seconds, Stopping threads took: 0.0023240 seconds
213.311: Application time: 0.0898780 seconds
213.314: [GC213.314: [ParNew: 106983K->6764K(112448K), 0.0022440 secs] 198864K->98730K(364160K), 0.0022900 secs] [Times: user=0.02 sys=0.00, real=0.00 secs] 
213.316: Total time for which application threads were stopped: 0.0051780 seconds, Stopping threads took: 0.0028180 seconds
213.404: Application time: 0.0878350 seconds
213.406: [GC213.406: [ParNew: 106732K->6215K(112448K), 0.0021340 secs] 198698K->98238K(364160K), 0.0021800 secs] [Times: user=0.01 sys=0.00, real=0.01 secs] 
213.408: Total time for which application threads were stopped: 0.0035850 seconds, Stopping threads took: 0.0013360 seconds
213.497: Application time: 0.0894890 seconds
213.500: [GC213.500: [ParNew: 106183K->6561K(112448K), 0.0022250 secs] 198206K->98584K(364160K), 0.0022720 secs] [Times: user=0.01 sys=0.00, real=0.00 secs] 
213.502: Total time for which application threads were stopped: 0.0048990 seconds, Stopping threads took: 0.0025450 seconds
213.597: Application time: 0.0949860 seconds
213.601: [GC213.601: [ParNew: 106529K->7216K(112448K), 0.0024150 secs] 198552K->99324K(364160K), 0.0024610 secs] [Times: user=0.01 sys=0.00, real=0.00 secs] 
213.603: Total time for which application threads were stopped: 0.0059350 seconds, Stopping threads took: 0.0033830 seconds
213.701: Application time: 0.0978010 seconds
213.703: [GC213.703: [ParNew: 107184K->7179K(112448K), 0.0022610 secs] 199292K->99316K(364160K), 0.0023110 secs] [Times: user=0.01 sys=0.00, real=0.00 secs] 
213.706: Total time for which application threads were stopped: 0.0046030 seconds, Stopping threads took: 0.0022100 seconds
213.800: Application time: 0.0943600 seconds
213.803: [GC213.803: [ParNew: 107147K->6063K(112448K), 0.0019860 secs] 199284K->98257K(364160K), 0.0020430 secs] [Times: user=0.01 sys=0.00, real=0.00 secs] 
213.805: Total time for which application threads were stopped: 0.0048000 seconds, Stopping threads took: 0.0026860 seconds
213.897: Application time: 0.0924620 seconds
213.899: [GC213.899: [ParNew: 106031K->6169K(112448K), 0.0019780 secs] 198225K->98363K(364160K), 0.0020250 secs] [Times: user=0.01 sys=0.01, real=0.01 secs] 
213.901: Total time for which application threads were stopped: 0.0040770 seconds, Stopping threads took: 0.0019760 seconds
213.997: Application time: 0.0960260 seconds
214.000: [GC214.000: [ParNew: 106137K->5886K(112448K), 0.0021120 secs] 198331K->98080K(364160K), 0.0021590 secs] [Times: user=0.01 sys=0.00, real=0.00 secs] 
214.002: Total time for which application threads were stopped: 0.0051900 seconds, Stopping threads took: 0.0029600 seconds
214.095: Application time: 0.0924580 seconds
214.097: [GC214.097: [ParNew: 105854K->6069K(112448K), 0.0020420 secs] 198048K->98263K(364160K), 0.0020900 secs] [Times: user=0.01 sys=0.00, real=0.00 secs] 
214.099: Total time for which application threads were stopped: 0.0042060 seconds, Stopping threads took: 0.0020230 seconds
214.195: Application time: 0.0954560 seconds
214.197: [GC214.197: [ParNew: 106037K->6075K(112448K), 0.0020370 secs] 198231K->98270K(364160K), 0.0020850 secs] [Times: user=0.02 sys=0.00, real=0.00 secs] 
214.199: Total time for which application threads were stopped: 0.0046370 seconds, Stopping threads took: 0.0024780 seconds
214.295: Application time: 0.0958600 seconds
214.298: [GC214.298: [ParNew: 106043K->7011K(112448K), 0.0023800 secs] 198238K->99205K(364160K), 0.0024260 secs] [Times: user=0.02 sys=0.00, real=0.01 secs] 
214.300: Total time for which application threads were stopped: 0.0053950 seconds, Stopping threads took: 0.0028860 seconds
214.398: Application time: 0.0975660 seconds
214.401: [GC214.401: [ParNew: 106979K->6886K(112448K), 0.0023520 secs] 199173K->99280K(364160K), 0.0023980 secs] [Times: user=0.01 sys=0.00, real=0.00 secs] 
214.403: Total time for which application threads were stopped: 0.0052310 seconds, Stopping threads took: 0.0027540 seconds
214.501: Application time: 0.0978300 seconds
214.504: [GC214.504: [ParNew: 106854K->6770K(112448K), 0.0022860 secs] 199248K->99192K(364160K), 0.0023310 secs] [Times: user=0.02 sys=0.00, real=0.00 secs] 
214.507: Total time for which application threads were stopped: 0.0055200 seconds, Stopping threads took: 0.0031180 seconds
214.601: Application time: 0.0942090 seconds
214.604: [GC214.604: [ParNew: 106738K->7358K(112448K), 0.0025410 secs] 199160K->99837K(364160K), 0.0025870 secs] [Times: user=0.01 sys=0.00, real=0.00 secs] 
214.606: Total time for which application threads were stopped: 0.0052820 seconds, Stopping threads took: 0.0026220 seconds
214.704: Application time: 0.0982220 seconds
214.708: [GC214.708: [ParNew: 107326K->7018K(112448K), 0.0024210 secs] 199805K->99526K(364160K), 0.0024670 secs] [Times: user=0.02 sys=0.00, real=0.00 secs] 
214.710: Total time for which application threads were stopped: 0.0056680 seconds, Stopping threads took: 0.0031110 seconds
214.805: Application time: 0.0947520 seconds
214.806: [GC214.806: [ParNew: 106986K->6031K(112448K), 0.0021170 secs] 199494K->98624K(364160K), 0.0021640 secs] [Times: user=0.02 sys=0.00, real=0.01 secs] 
214.809: Total time for which application threads were stopped: 0.0038800 seconds, Stopping threads took: 0.0016160 seconds
214.902: Application time: 0.0930780 seconds
214.904: [GC214.904: [ParNew: 105999K->7776K(112448K), 0.0024990 secs] 198592K->100369K(364160K), 0.0025450 secs] [Times: user=0.02 sys=0.00, real=0.00 secs] 
214.907: Total time for which application threads were stopped: 0.0049080 seconds, Stopping threads took: 0.0022910 seconds
215.000: Application time: 0.0935480 seconds
215.003: [GC215.003: [ParNew: 107744K->7175K(112448K), 0.0026000 secs] 200337K->99826K(364160K), 0.0026450 secs] [Times: user=0.02 sys=0.00, real=0.00 secs] 
215.005: Total time for which application threads were stopped: 0.0052560 seconds, Stopping threads took: 0.0025320 seconds
215.098: Application time: 0.0928210 seconds
215.100: [GC215.100: [ParNew: 107143K->6794K(112448K), 0.0022890 secs] 199794K->99501K(364160K), 0.0023390 secs] [Times: user=0.02 sys=0.00, real=0.00 secs] 
215.103: Total time for which application threads were stopped: 0.0042660 seconds, Stopping threads took: 0.0018340 seconds
215.201: Application time: 0.0986810 seconds
215.204: [GC215.204: [ParNew: 106762K->6698K(112448K), 0.0024570 secs] 199469K->99434K(364160K), 0.0025020 secs] [Times: user=0.02 sys=0.00, real=0.00 secs] 
215.207: Total time for which application threads were stopped: 0.0053110 seconds, Stopping threads took: 0.0027370 seconds
215.299: Application time: 0.0922800 seconds
215.300: [GC215.300: [ParNew: 106666K->6228K(112448K), 0.0021110 secs] 199402K->98993K(364160K), 0.0021570 secs] [Times: user=0.01 sys=0.00, real=0.00 secs] 
215.302: Total time for which application threads were stopped: 0.0036330 seconds, Stopping threads took: 0.0014010 seconds
215.400: Application time: 0.0973770 seconds
215.403: [GC215.403: [ParNew: 106196K->7956K(112448K), 0.0025660 secs] 198961K->100720K(364160K), 0.0026130 secs] [Times: user=0.02 sys=0.00, real=0.00 secs] 
215.406: Total time for which application threads were stopped: 0.0057100 seconds, Stopping threads took: 0.0030170 seconds
215.501: Application time: 0.0957580 seconds
215.505: [GC215.505: [ParNew: 107924K->5876K(112448K), 0.0022320 secs] 200688K->98754K(364160K), 0.0022750 secs] [Times: user=0.01 sys=0.00, real=0.00 secs] 
215.507: Total time for which application threads were stopped: 0.0056410 seconds, Stopping threads took: 0.0032940 seconds
215.601: Application time: 0.0936430 seconds
215.603: [GC215.603: [ParNew: 105844K->6935K(112448K), 0.0025010 secs] 198722K->99814K(364160K), 0.0025470 secs] [Times: user=0.02 sys=0.00, real=0.00 secs] 
215.606: Total time for which application threads were stopped: 0.0052700 seconds, Stopping threads took: 0.0026450 seconds
215.703: Application time: 0.0970540 seconds
215.705: [GC215.705: [ParNew: 106903K->7550K(112448K), 0.0026570 secs] 199782K->100514K(364160K), 0.0027030 secs] [Times: user=0.02 sys=0.00, real=0.01 secs] 
215.708: Total time for which application threads were stopped: 0.0051080 seconds, Stopping threads took: 0.0023160 seconds
215.802: Application time: 0.0941160 seconds
215.804: [GC215.804: [ParNew: 107518K->6769K(112448K), 0.0023970 secs] 200482K->99762K(364160K), 0.0024390 secs] [Times: user=0.02 sys=0.00, real=0.00 secs] 
215.807: Total time for which application threads were stopped: 0.0047410 seconds, Stopping threads took: 0.0022320 seconds
215.901: Application time: 0.0941610 seconds
215.903: [GC215.903: [ParNew: 106737K->7647K(112448K), 0.0026240 secs] 199730K->100696K(364160K), 0.0026690 secs] [Times: user=0.01 sys=0.00, real=0.00 secs] 
215.906: Total time for which application threads were stopped: 0.0050600 seconds, Stopping threads took: 0.0022910 seconds
216.002: Application time: 0.0961270 seconds
216.005: [GC216.005: [ParNew: 107615K->7473K(112448K), 0.0027560 secs] 200664K->100580K(364160K), 0.0028010 secs] [Times: user=0.02 sys=0.00, real=0.01 secs] 
216.008: Total time for which application threads were stopped: 0.0059490 seconds, Stopping threads took: 0.0030580 seconds
216.101: Application time: 0.0922960 seconds
216.103: [GC216.103: [ParNew: 107441K->6343K(112448K), 0.0023510 secs] 200548K->99507K(364160K), 0.0023940 secs] [Times: user=0.01 sys=0.01, real=0.00 secs] 
216.106: Total time for which application threads were stopped: 0.0051350 seconds, Stopping threads took: 0.0026690 seconds
216.201: Application time: 0.0953280 seconds
216.202: [GC216.202: [ParNew: 106311K->4692K(112448K), 0.0016090 secs] 199475K->97884K(364160K), 0.0016520 secs] [Times: user=0.01 sys=0.00, real=0.00 secs] 
216.204: Total time for which application threads were stopped: 0.0031710 seconds, Stopping threads took: 0.0014460 seconds
216.297: Application time: 0.0929770 seconds
216.300: [GC216.300: [ParNew: 104660K->7190K(112448K), 0.0024340 secs] 197852K->100383K(364160K), 0.0024880 secs] [Times: user=0.02 sys=0.00, real=0.00 secs] 
216.302: Total time for which application threads were stopped: 0.0052180 seconds, Stopping threads took: 0.0026380 seconds
216.396: Application time: 0.0934090 seconds
216.398: [GC216.398: [ParNew: 107158K->7128K(112448K), 0.0023710 secs] 200351K->100406K(364160K), 0.0024180 secs] [Times: user=0.02 sys=0.00, real=0.01 secs] 
216.401: Total time for which application threads were stopped: 0.0047560 seconds, Stopping threads took: 0.0022660 seconds
216.496: Application time: 0.0954990 seconds
216.499: [GC216.499: [ParNew: 107096K->6959K(112448K), 0.0023360 secs] 200374K->100294K(364160K), 0.0023810 secs] [Times: user=0.02 sys=0.00, real=0.01 secs] 
216.502: Total time for which application threads were stopped: 0.0054920 seconds, Stopping threads took: 0.0030320 seconds
216.598: Application time: 0.0960840 seconds
216.599: [GC216.599: [ParNew: 106927K->6350K(112448K), 0.0020970 secs] 200262K->99684K(364160K), 0.0021530 secs] [Times: user=0.01 sys=0.01, real=0.01 secs] 
216.601: Total time for which application threads were stopped: 0.0038350 seconds, Stopping threads took: 0.0016090 seconds
216.699: Application time: 0.0975560 seconds
216.701: [GC216.701: [ParNew: 106318K->6515K(112448K), 0.0023620 secs] 199652K->99935K(364160K), 0.0024120 secs] [Times: user=0.02 sys=0.00, real=0.00 secs] 
216.704: Total time for which application threads were stopped: 0.0048460 seconds, Stopping threads took: 0.0023540 seconds
216.797: Application time: 0.0932870 seconds
216.799: [GC216.799: [ParNew: 106483K->7899K(112448K), 0.0027210 secs] 199903K->101320K(364160K), 0.0027670 secs] [Times: user=0.02 sys=0.00, real=0.01 secs] 
216.802: Total time for which application threads were stopped: 0.0047680 seconds, Stopping threads took: 0.0019060 seconds
216.897: Application time: 0.0955500 seconds
216.900: [GC216.900: [ParNew: 107867K->7824K(112448K), 0.0027800 secs] 201288K->101330K(364160K), 0.0028200 secs] [Times: user=0.02 sys=0.00, real=0.00 secs] 
216.903: Total time for which application threads were stopped: 0.0053490 seconds, Stopping threads took: 0.0024590 seconds
217.004: Application time: 0.1007650 seconds
217.005: [GC217.005: [ParNew: 107792K->5983K(112448K), 0.0019830 secs] 201298K->99546K(364160K), 0.0020280 secs] [Times: user=0.01 sys=0.00, real=0.00 secs] 
217.007: Total time for which application threads were stopped: 0.0031780 seconds, Stopping threads took: 0.0010680 seconds
217.101: Application time: 0.0946910 seconds
217.103: [GC217.103: [ParNew: 105951K->7031K(112448K), 0.0022090 secs] 199514K->100594K(364160K), 0.0022560 secs] [Times: user=0.01 sys=0.00, real=0.00 secs] 
217.105: Total time for which application threads were stopped: 0.0040420 seconds, Stopping threads took: 0.0017110 seconds
217.201: Application time: 0.0951050 seconds
217.202: [GC217.202: [ParNew: 106999K->7061K(112448K), 0.0024790 secs] 200562K->100709K(364160K), 0.0025220 secs] [Times: user=0.02 sys=0.00, real=0.00 secs] 
217.205: Total time for which application threads were stopped: 0.0043340 seconds, Stopping threads took: 0.0017310 seconds
217.305: Application time: 0.1003460 seconds
217.307: [GC217.307: [ParNew: 107029K->4491K(112448K), 0.0016010 secs] 200677K->98140K(364160K), 0.0016450 secs] [Times: user=0.01 sys=0.00, real=0.01 secs] 
217.309: Total time for which application threads were stopped: 0.0035310 seconds, Stopping threads took: 0.0018120 seconds
217.405: Application time: 0.0966430 seconds
217.408: [GC217.408: [ParNew: 104459K->5852K(112448K), 0.0019270 secs] 198108K->99500K(364160K), 0.0019750 secs] [Times: user=0.02 sys=0.00, real=0.00 secs] 
217.410: Total time for which application threads were stopped: 0.0048170 seconds, Stopping threads took: 0.0027670 seconds
217.509: Application time: 0.0983850 seconds
217.510: [GC217.510: [ParNew: 105820K->6703K(112448K), 0.0024860 secs] 199468K->100352K(364160K), 0.0025290 secs] [Times: user=0.02 sys=0.00, real=0.00 secs] 
217.513: Total time for which application threads were stopped: 0.0042820 seconds, Stopping threads took: 0.0016450 seconds
217.601: Application time: 0.0885010 seconds
217.604: [GC217.604: [ParNew: 106671K->7054K(112448K), 0.0026260 secs] 200320K->100846K(364160K), 0.0026730 secs] [Times: user=0.02 sys=0.00, real=0.00 secs] 
217.607: Total time for which application threads were stopped: 0.0050630 seconds, Stopping threads took: 0.0022990 seconds
217.695: Application time: 0.0887160 seconds
217.697: [GC217.697: [ParNew: 107022K->6824K(112448K), 0.0022340 secs] 200814K->100700K(364160K), 0.0022810 secs] [Times: user=0.02 sys=0.00, real=0.01 secs] 
217.700: Total time for which application threads were stopped: 0.0043070 seconds, Stopping threads took: 0.0019550 seconds
217.788: Application time: 0.0880670 seconds
217.792: [GC217.792: [ParNew: 106792K->6584K(112448K), 0.0022750 secs] 200668K->100461K(364160K), 0.0023180 secs] [Times: user=0.01 sys=0.00, real=0.00 secs] 
217.794: Total time for which application threads were stopped: 0.0062630 seconds, Stopping threads took: 0.0038620 seconds
217.883: Application time: 0.0887050 seconds
217.885: [GC217.885: [ParNew: 106552K->6669K(112448K), 0.0021310 secs] 200429K->100603K(364160K), 0.0021750 secs] [Times: user=0.02 sys=0.00, real=0.00 secs] 
217.887: Total time for which application threads were stopped: 0.0045880 seconds, Stopping threads took: 0.0023220 seconds
217.976: Application time: 0.0889280 seconds
217.978: [GC217.978: [ParNew: 106637K->7396K(112448K), 0.0025600 secs] 200571K->101387K(364160K), 0.0026070 secs] [Times: user=0.02 sys=0.00, real=0.01 secs] 
217.981: Total time for which application threads were stopped: 0.0047720 seconds, Stopping threads took: 0.0020750 seconds
218.071: Application time: 0.0900530 seconds
218.073: [GC218.073: [ParNew: 107363K->7147K(112448K), 0.0024560 secs] 201353K->101166K(364160K), 0.0025100 secs] [Times: user=0.02 sys=0.00, real=0.00 secs] 
218.075: Total time for which application threads were stopped: 0.0043770 seconds, Stopping threads took: 0.0017870 seconds
218.164: Application time: 0.0886140 seconds
218.165: [GC218.165: [ParNew: 107115K->6310K(112448K), 0.0022780 secs] 201134K->100386K(364160K), 0.0023220 secs] [Times: user=0.02 sys=0.00, real=0.01 secs] 
218.168: Total time for which application threads were stopped: 0.0036840 seconds, Stopping threads took: 0.0012890 seconds
218.260: Application time: 0.0924900 seconds
218.263: [GC218.263: [ParNew: 106278K->7225K(112448K), 0.0023450 secs] 200354K->101329K(364160K), 0.0023890 secs] [Times: user=0.02 sys=0.00, real=0.00 secs] 
218.265: Total time for which application threads were stopped: 0.0048540 seconds, Stopping threads took: 0.0023960 seconds
218.352: Application time: 0.0873940 seconds
218.354: [GC218.354: [ParNew: 107193K->7214K(112448K), 0.0023810 secs] 201297K->101347K(364160K), 0.0024280 secs] [Times: user=0.02 sys=0.00, real=0.00 secs] 
218.357: Total time for which application threads were stopped: 0.0045210 seconds, Stopping threads took: 0.0020240 seconds
218.444: Application time: 0.0875840 seconds
218.446: [GC218.446: [ParNew: 107182K->7958K(112448K), 0.0028510 secs] 201315K->102148K(364160K), 0.0028970 secs] [Times: user=0.02 sys=0.00, real=0.01 secs] 
218.449: Total time for which application threads were stopped: 0.0048350 seconds, Stopping threads took: 0.0018470 seconds
218.541: Application time: 0.0916680 seconds
218.543: [GC218.543: [ParNew: 107926K->6807K(112448K), 0.0023650 secs] 202116K->101054K(364160K), 0.0024080 secs] [Times: user=0.02 sys=0.00, real=0.00 secs] 
218.545: Total time for which application threads were stopped: 0.0040530 seconds, Stopping threads took: 0.0015740 seconds
218.634: Application time: 0.0892240 seconds
218.637: [GC218.637: [ParNew: 106775K->7138K(112448K), 0.0024630 secs] 201022K->101443K(364160K), 0.0025050 secs] [Times: user=0.02 sys=0.00, real=0.00 secs] 
218.639: Total time for which application threads were stopped: 0.0049930 seconds, Stopping threads took: 0.0024040 seconds
218.727: Application time: 0.0878330 seconds
218.730: [GC218.730: [ParNew: 107106K->6687K(112448K), 0.0021940 secs] 201411K->101020K(364160K), 0.0022490 secs] [Times: user=0.02 sys=0.01, real=0.00 secs] 
218.732: Total time for which application threads were stopped: 0.0050670 seconds, Stopping threads took: 0.0027290 seconds
218.822: Application time: 0.0898230 seconds
218.825: [GC218.825: [ParNew: 106655K->6677K(112448K), 0.0021860 secs] 200988K->101009K(364160K), 0.0022320 secs] [Times: user=0.01 sys=0.00, real=0.00 secs] 
218.827: Total time for which application threads were stopped: 0.0048470 seconds, Stopping threads took: 0.0025340 seconds
218.915: Application time: 0.0881980 seconds
218.917: [GC218.917: [ParNew: 106645K->7067K(112448K), 0.0023880 secs] 200977K->101485K(364160K), 0.0024320 secs] [Times: user=0.02 sys=0.00, real=0.01 secs] 
218.920: Total time for which application threads were stopped: 0.0048320 seconds, Stopping threads took: 0.0023300 seconds
219.010: Application time: 0.0896540 seconds
219.011: [GC219.011: [ParNew: 107035K->6792K(112448K), 0.0022690 secs] 201453K->101267K(364160K), 0.0023140 secs] [Times: user=0.01 sys=0.00, real=0.00 secs] 
219.013: Total time for which application threads were stopped: 0.0039750 seconds, Stopping threads took: 0.0015900 seconds
219.104: Application time: 0.0908180 seconds
219.106: [GC219.106: [ParNew: 106760K->6894K(112448K), 0.0022770 secs] 201235K->101397K(364160K), 0.0023240 secs] [Times: user=0.02 sys=0.00, real=0.01 secs] 
219.109: Total time for which application threads were stopped: 0.0043430 seconds, Stopping threads took: 0.0019470 seconds
219.196: Application time: 0.0871000 seconds
219.197: [GC219.198: [ParNew: 106862K->6873K(112448K), 0.0022540 secs] 201365K->101434K(364160K), 0.0023000 secs] [Times: user=0.02 sys=0.00, real=0.01 secs] 
219.200: Total time for which application threads were stopped: 0.0040650 seconds, Stopping threads took: 0.0016860 seconds
219.289: Application time: 0.0893030 seconds
219.291: [GC219.291: [ParNew: 106841K->6551K(112448K), 0.0021780 secs] 201402K->101112K(364160K), 0.0022250 secs] [Times: user=0.02 sys=0.00, real=0.00 secs] 
219.293: Total time for which application threads were stopped: 0.0041990 seconds, Stopping threads took: 0.0018980 seconds
219.385: Application time: 0.0920410 seconds
219.388: [GC219.388: [ParNew: 106519K->7238K(112448K), 0.0023850 secs] 201080K->101885K(364160K), 0.0024320 secs] [Times: user=0.02 sys=0.00, real=0.00 secs] 
219.390: Total time for which application threads were stopped: 0.0047930 seconds, Stopping threads took: 0.0022880 seconds
219.482: Application time: 0.0914800 seconds
219.484: [GC219.484: [ParNew: 107206K->7046K(112448K), 0.0023200 secs] 201853K->101749K(364160K), 0.0023640 secs] [Times: user=0.02 sys=0.00, real=0.00 secs] 
219.487: Total time for which application threads were stopped: 0.0052210 seconds, Stopping threads took: 0.0027890 seconds
219.577: Application time: 0.0900810 seconds
219.580: [GC219.580: [ParNew: 107014K->7127K(112448K), 0.0022980 secs] 201717K->101859K(364160K), 0.0023400 secs] [Times: user=0.02 sys=0.00, real=0.00 secs] 
219.582: Total time for which application threads were stopped: 0.0049380 seconds, Stopping threads took: 0.0025270 seconds
219.675: Application time: 0.0929690 seconds
219.677: [GC219.677: [ParNew: 107095K->7410K(112448K), 0.0024730 secs] 201827K->102199K(364160K), 0.0025180 secs] [Times: user=0.02 sys=0.00, real=0.00 secs] 
219.679: Total time for which application threads were stopped: 0.0041990 seconds, Stopping threads took: 0.0015900 seconds
219.769: Application time: 0.0902510 seconds
219.772: [GC219.772: [ParNew: 107378K->7397K(112448K), 0.0024600 secs] 202167K->102186K(364160K), 0.0025040 secs] [Times: user=0.01 sys=0.00, real=0.00 secs] 
219.775: Total time for which application threads were stopped: 0.0053770 seconds, Stopping threads took: 0.0027950 seconds
219.864: Application time: 0.0895630 seconds
219.867: [GC219.867: [ParNew: 107365K->7067K(112448K), 0.0023990 secs] 202154K->101941K(364160K), 0.0024440 secs] [Times: user=0.01 sys=0.00, real=0.01 secs] 
219.869: Total time for which application threads were stopped: 0.0051080 seconds, Stopping threads took: 0.0025850 seconds
219.960: Application time: 0.0909250 seconds
219.963: [GC219.963: [ParNew: 107035K->5689K(112448K), 0.0019050 secs] 201909K->100620K(364160K), 0.0019470 secs] [Times: user=0.02 sys=0.00, real=0.00 secs] 
219.965: Total time for which application threads were stopped: 0.0048510 seconds, Stopping threads took: 0.0028350 seconds
220.053: Application time: 0.0875550 seconds
220.055: [GC220.055: [ParNew: 105657K->6481K(112448K), 0.0022270 secs] 200588K->101412K(364160K), 0.0022740 secs] [Times: user=0.02 sys=0.00, real=0.00 secs] 
220.057: Total time for which application threads were stopped: 0.0041030 seconds, Stopping threads took: 0.0017610 seconds
220.147: Application time: 0.0897710 seconds
220.149: [GC220.149: [ParNew: 106449K->7758K(112448K), 0.0027840 secs] 201380K->102775K(364160K), 0.0028270 secs] [Times: user=0.02 sys=0.00, real=0.00 secs] 
220.152: Total time for which application threads were stopped: 0.0052020 seconds, Stopping threads took: 0.0023060 seconds
220.239: Application time: 0.0872560 seconds
220.241: [GC220.241: [ParNew: 107726K->6387K(112448K), 0.0022450 secs] 202743K->101404K(364160K), 0.0022890 secs] [Times: user=0.01 sys=0.00, real=0.00 secs] 
220.243: Total time for which application threads were stopped: 0.0040830 seconds, Stopping threads took: 0.0017240 seconds
220.332: Application time: 0.0886930 seconds
220.334: [GC220.334: [ParNew: 106355K->7763K(112448K), 0.0025220 secs] 201372K->102865K(364160K), 0.0025690 secs] [Times: user=0.02 sys=0.00, real=0.00 secs] 
220.337: Total time for which application threads were stopped: 0.0050620 seconds, Stopping threads took: 0.0024170 seconds
220.431: Application time: 0.0942040 seconds
220.433: [GC220.433: [ParNew: 107731K->5836K(112448K), 0.0019870 secs] 202833K->100996K(364160K), 0.0020320 secs] [Times: user=0.02 sys=0.00, real=0.00 secs] 
220.435: Total time for which application threads were stopped: 0.0040480 seconds, Stopping threads took: 0.0019250 seconds
220.526: Application time: 0.0905970 seconds
220.528: [GC220.528: [ParNew: 105804K->7654K(112448K), 0.0026850 secs] 200964K->102814K(364160K), 0.0027260 secs] [Times: user=0.02 sys=0.00, real=0.00 secs] 
220.531: Total time for which application threads were stopped: 0.0052740 seconds, Stopping threads took: 0.0024810 seconds
220.625: Application time: 0.0943640 seconds
220.627: [GC220.627: [ParNew: 107622K->6031K(112448K), 0.0021650 secs] 202782K->101276K(364160K), 0.0022090 secs] [Times: user=0.01 sys=0.01, real=0.01 secs] 
220.629: Total time for which application threads were stopped: 0.0034730 seconds, Stopping threads took: 0.0011730 seconds
220.725: Application time: 0.0964560 seconds
220.728: [GC220.728: [ParNew: 105999K->4450K(112448K), 0.0014860 secs] 201244K->99696K(364160K), 0.0015270 secs] [Times: user=0.01 sys=0.00, real=0.00 secs] 
220.729: Total time for which application threads were stopped: 0.0039110 seconds, Stopping threads took: 0.0022930 seconds
220.827: Application time: 0.0976870 seconds
220.828: [GC220.829: [ParNew: 104418K->4580K(112448K), 0.0015270 secs] 199664K->99825K(364160K), 0.0015720 secs] [Times: user=0.01 sys=0.00, real=0.00 secs] 
220.830: Total time for which application threads were stopped: 0.0031720 seconds, Stopping threads took: 0.0015310 seconds
220.919: Application time: 0.0894040 seconds
220.922: [GC220.922: [ParNew: 104548K->6939K(112448K), 0.0024830 secs] 199793K->102185K(364160K), 0.0025310 secs] [Times: user=0.02 sys=0.00, real=0.00 secs] 
220.925: Total time for which application threads were stopped: 0.0054480 seconds, Stopping threads took: 0.0028340 seconds
221.015: Application time: 0.0903490 seconds
221.018: [GC221.018: [ParNew: 106907K->6844K(112448K), 0.0025330 secs] 202153K->102232K(364160K), 0.0025790 secs] [Times: user=0.01 sys=0.00, real=0.01 secs] 
221.020: Total time for which application threads were stopped: 0.0050720 seconds, Stopping threads took: 0.0024210 seconds
221.109: Application time: 0.0889250 seconds
221.111: [GC221.111: [ParNew: 106812K->6560K(112448K), 0.0021550 secs] 202200K->102033K(364160K), 0.0022090 secs] [Times: user=0.02 sys=0.00, real=0.00 secs] 
221.114: Total time for which application threads were stopped: 0.0042140 seconds, Stopping threads took: 0.0019330 seconds
221.205: Application time: 0.0917920 seconds
221.208: [GC221.208: [ParNew: 106528K->6784K(112448K), 0.0023720 secs] 202001K->102258K(364160K), 0.0024170 secs] [Times: user=0.01 sys=0.00, real=0.00 secs] 
221.211: Total time for which application threads were stopped: 0.0054170 seconds, Stopping threads took: 0.0029300 seconds
221.299: Application time: 0.0886710 seconds
221.302: [GC221.302: [ParNew: 106752K->7370K(112448K), 0.0024230 secs] 202226K->102843K(364160K), 0.0024690 secs] [Times: user=0.02 sys=0.00, real=0.00 secs] 
221.305: Total time for which application threads were stopped: 0.0054040 seconds, Stopping threads took: 0.0028650 seconds
221.397: Application time: 0.0918660 seconds
221.399: [GC221.399: [ParNew: 107338K->7245K(112448K), 0.0024710 secs] 202811K->102804K(364160K), 0.0025150 secs] [Times: user=0.02 sys=0.00, real=0.01 secs] 
221.402: Total time for which application threads were stopped: 0.0048830 seconds, Stopping threads took: 0.0022990 seconds
221.499: Application time: 0.0970920 seconds
221.499: [GC221.499: [ParNew: 107213K->3802K(112448K), 0.0015010 secs] 202772K->99418K(364160K), 0.0015420 secs] [Times: user=0.01 sys=0.00, real=0.01 secs] 
221.500: Total time for which application threads were stopped: 0.0017220 seconds, Stopping threads took: 0.0001050 seconds
221.599: Application time: 0.0988120 seconds
221.602: [GC221.602: [ParNew: 103770K->6368K(112448K), 0.0022900 secs] 199386K->101984K(364160K), 0.0023370 secs] [Times: user=0.01 sys=0.00, real=0.00 secs] 
221.605: Total time for which application threads were stopped: 0.0055540 seconds, Stopping threads took: 0.0031460 seconds
221.703: Application time: 0.0979100 seconds
221.705: [GC221.705: [ParNew: 106336K->7137K(112448K), 0.0025380 secs] 201952K->102838K(364160K), 0.0025900 secs] [Times: user=0.01 sys=0.00, real=0.01 secs] 
221.707: Total time for which application threads were stopped: 0.0048050 seconds, Stopping threads took: 0.0021220 seconds
221.802: Application time: 0.0944760 seconds
221.805: [GC221.805: [ParNew: 107105K->5156K(112448K), 0.0017940 secs] 202806K->100857K(364160K), 0.0018370 secs] [Times: user=0.01 sys=0.00, real=0.00 secs] 
221.807: Total time for which application threads were stopped: 0.0048340 seconds, Stopping threads took: 0.0029060 seconds
221.903: Application time: 0.0960540 seconds
221.905: [GC221.905: [ParNew: 105124K->6979K(112448K), 0.0024420 secs] 200825K->102680K(364160K), 0.0024860 secs] [Times: user=0.01 sys=0.01, real=0.01 secs] 
221.908: Total time for which application threads were stopped: 0.0046960 seconds, Stopping threads took: 0.0021380 seconds
222.002: Application time: 0.0949560 seconds
222.004: [GC222.004: [ParNew: 106947K->6384K(112448K), 0.0021320 secs] 202648K->102228K(364160K), 0.0021790 secs] [Times: user=0.02 sys=0.00, real=0.00 secs] 
222.006: Total time for which application threads were stopped: 0.0039790 seconds, Stopping threads took: 0.0017170 seconds
222.102: Application time: 0.0951830 seconds
222.104: [GC222.104: [ParNew: 106352K->6910K(112448K), 0.0023300 secs] 202196K->102754K(364160K), 0.0023760 secs] [Times: user=0.02 sys=0.00, real=0.00 secs] 
222.106: Total time for which application threads were stopped: 0.0046400 seconds, Stopping threads took: 0.0021790 seconds
222.200: Application time: 0.0940600 seconds
222.203: [GC222.203: [ParNew: 106878K->7608K(112448K), 0.0025110 secs] 202722K->103538K(364160K), 0.0025580 secs] [Times: user=0.02 sys=0.00, real=0.00 secs] 
222.206: Total time for which application threads were stopped: 0.0055280 seconds, Stopping threads took: 0.0028980 seconds
222.304: Application time: 0.0980050 seconds
222.307: [GC222.307: [ParNew: 107576K->7407K(112448K), 0.0024640 secs] 203506K->103337K(364160K), 0.0025090 secs] [Times: user=0.02 sys=0.00, real=0.01 secs] 
222.309: Total time for which application threads were stopped: 0.0053150 seconds, Stopping threads took: 0.0027250 seconds
222.408: Application time: 0.0985670 seconds
222.410: [GC222.410: [ParNew: 107375K->6336K(112448K), 0.0021650 secs] 203305K->102352K(364160K), 0.0022120 secs] [Times: user=0.02 sys=0.00, real=0.00 secs] 
222.412: Total time for which application threads were stopped: 0.0042750 seconds, Stopping threads took: 0.0019900 seconds
222.513: Application time: 0.1011710 seconds
222.515: [GC222.515: [ParNew: 106304K->6348K(112448K), 0.0021050 secs] 202320K->102420K(364160K), 0.0021510 secs] [Times: user=0.02 sys=0.00, real=0.00 secs] 
222.517: Total time for which application threads were stopped: 0.0039430 seconds, Stopping threads took: 0.0017140 seconds
222.609: Application time: 0.0919340 seconds
222.611: [GC222.611: [ParNew: 106316K->6752K(112448K), 0.0023050 secs] 202388K->102825K(364160K), 0.0023520 secs] [Times: user=0.01 sys=0.00, real=0.00 secs] 
222.613: Total time for which application threads were stopped: 0.0039090 seconds, Stopping threads took: 0.0014850 seconds
222.712: Application time: 0.0987030 seconds
222.714: [GC222.714: [ParNew: 106720K->5346K(112448K), 0.0018630 secs] 202793K->101504K(364160K), 0.0019040 secs] [Times: user=0.01 sys=0.00, real=0.00 secs] 
222.716: Total time for which application threads were stopped: 0.0042290 seconds, Stopping threads took: 0.0022590 seconds
222.811: Application time: 0.0951560 seconds
222.813: [GC222.813: [ParNew: 105314K->6701K(112448K), 0.0022050 secs] 201472K->102859K(364160K), 0.0022490 secs] [Times: user=0.02 sys=0.00, real=0.00 secs] 
222.815: Total time for which application threads were stopped: 0.0042120 seconds, Stopping threads took: 0.0018900 seconds
222.909: Application time: 0.0931930 seconds
222.911: [GC222.911: [ParNew: 106669K->6688K(112448K), 0.0022500 secs] 202827K->102932K(364160K), 0.0022930 secs] [Times: user=0.02 sys=0.00, real=0.00 secs] 
222.914: Total time for which application threads were stopped: 0.0051090 seconds, Stopping threads took: 0.0027420 seconds
223.008: Application time: 0.0943500 seconds
223.010: [GC223.010: [ParNew: 106656K->6285K(112448K), 0.0022090 secs] 202900K->102557K(364160K), 0.0022550 secs] [Times: user=0.01 sys=0.01, real=0.00 secs] 
223.012: Total time for which application threads were stopped: 0.0044950 seconds, Stopping threads took: 0.0021450 seconds
223.109: Application time: 0.0964350 seconds
223.112: [GC223.112: [ParNew: 106253K->7504K(112448K), 0.0025220 secs] 202525K->103805K(364160K), 0.0025660 secs] [Times: user=0.02 sys=0.00, real=0.00 secs] 
223.115: Total time for which application threads were stopped: 0.0057420 seconds, Stopping threads took: 0.0030750 seconds
223.210: Application time: 0.0956700 seconds
223.214: [GC223.214: [ParNew: 107472K->6519K(112448K), 0.0021600 secs] 203773K->102905K(364160K), 0.0022090 secs] [Times: user=0.02 sys=0.00, real=0.00 secs] 
223.216: Total time for which application threads were stopped: 0.0054780 seconds, Stopping threads took: 0.0031980 seconds
223.309: Application time: 0.0927690 seconds
223.311: [GC223.311: [ParNew: 106487K->7414K(112448K), 0.0025900 secs] 202873K->103800K(364160K), 0.0026350 secs] [Times: user=0.02 sys=0.00, real=0.00 secs] 
223.313: Total time for which application threads were stopped: 0.0048170 seconds, Stopping threads took: 0.0021110 seconds
223.407: Application time: 0.0939750 seconds
223.411: [GC223.411: [ParNew: 107382K->7169K(112448K), 0.0025280 secs] 203768K->103612K(364160K), 0.0025750 secs] [Times: user=0.01 sys=0.01, real=0.00 secs] 
223.413: Total time for which application threads were stopped: 0.0059810 seconds, Stopping threads took: 0.0033360 seconds
223.507: Application time: 0.0939990 seconds
223.511: [GC223.511: [ParNew: 107137K->7115K(112448K), 0.0023940 secs] 203580K->103615K(364160K), 0.0024410 secs] [Times: user=0.01 sys=0.00, real=0.00 secs] 
223.513: Total time for which application threads were stopped: 0.0057920 seconds, Stopping threads took: 0.0032790 seconds
223.609: Application time: 0.0954110 seconds
223.611: [GC223.611: [ParNew: 107083K->5432K(112448K), 0.0018430 secs] 203583K->101961K(364160K), 0.0018990 secs] [Times: user=0.02 sys=0.00, real=0.00 secs] 
223.613: Total time for which application threads were stopped: 0.0044670 seconds, Stopping threads took: 0.0024950 seconds
223.709: Application time: 0.0959080 seconds
223.711: [GC223.711: [ParNew: 105400K->7014K(112448K), 0.0022560 secs] 201929K->103543K(364160K), 0.0023030 secs] [Times: user=0.02 sys=0.00, real=0.00 secs] 
223.714: Total time for which application threads were stopped: 0.0045710 seconds, Stopping threads took: 0.0021880 seconds
223.808: Application time: 0.0949030 seconds
223.811: [GC223.811: [ParNew: 106982K->7841K(112448K), 0.0026610 secs] 203511K->104456K(364160K), 0.0027080 secs] [Times: user=0.02 sys=0.00, real=0.00 secs] 
223.814: Total time for which application threads were stopped: 0.0051080 seconds, Stopping threads took: 0.0023060 seconds
223.908: Application time: 0.0945800 seconds
223.910: [GC223.910: [ParNew: 107809K->7755K(112448K), 0.0028310 secs] 204424K->104369K(364160K), 0.0028770 secs] [Times: user=0.02 sys=0.00, real=0.00 secs] 
223.913: Total time for which application threads were stopped: 0.0051650 seconds, Stopping threads took: 0.0022160 seconds
224.011: Application time: 0.0978920 seconds
224.014: [GC224.014: [ParNew: 107723K->6265K(112448K), 0.0022500 secs] 204337K->102965K(364160K), 0.0022970 secs] [Times: user=0.02 sys=0.00, real=0.00 secs] 
224.016: Total time for which application threads were stopped: 0.0052910 seconds, Stopping threads took: 0.0029210 seconds
224.109: Application time: 0.0923180 seconds
224.111: [GC224.111: [ParNew: 106233K->7100K(112448K), 0.0024230 secs] 202933K->103856K(364160K), 0.0024700 secs] [Times: user=0.02 sys=0.00, real=0.00 secs] 
224.113: Total time for which application threads were stopped: 0.0045560 seconds, Stopping threads took: 0.0020120 seconds
224.209: Application time: 0.0956900 seconds
224.212: [GC224.212: [ParNew: 107068K->7154K(112448K), 0.0024430 secs] 203824K->103997K(364160K), 0.0024860 secs] [Times: user=0.02 sys=0.00, real=0.00 secs] 
224.214: Total time for which application threads were stopped: 0.0053030 seconds, Stopping threads took: 0.0027160 seconds
224.310: Application time: 0.0959300 seconds
224.313: [GC224.313: [ParNew: 107122K->7011K(112448K), 0.0024660 secs] 203965K->103853K(364160K), 0.0025100 secs] [Times: user=0.01 sys=0.00, real=0.00 secs] 
224.316: Total time for which application threads were stopped: 0.0057070 seconds, Stopping threads took: 0.0031280 seconds
224.411: Application time: 0.0951710 seconds
224.414: [GC224.414: [ParNew: 106979K->7674K(112448K), 0.0024910 secs] 203821K->104516K(364160K), 0.0025380 secs] [Times: user=0.02 sys=0.00, real=0.00 secs] 
224.416: Total time for which application threads were stopped: 0.0052100 seconds, Stopping threads took: 0.0025990 seconds
224.513: Application time: 0.0963620 seconds
224.516: [GC224.516: [ParNew: 107642K->6554K(112448K), 0.0023300 secs] 204484K->103482K(364160K), 0.0023740 secs] [Times: user=0.02 sys=0.00, real=0.00 secs] 
224.519: Total time for which application threads were stopped: 0.0058000 seconds, Stopping threads took: 0.0033550 seconds
224.612: Application time: 0.0939250 seconds
224.614: [GC224.614: [ParNew: 106522K->7274K(112448K), 0.0026280 secs] 203450K->104258K(364160K), 0.0026750 secs] [Times: user=0.02 sys=0.00, real=0.00 secs] 
224.617: Total time for which application threads were stopped: 0.0046200 seconds, Stopping threads took: 0.0018740 seconds
224.714: Application time: 0.0964520 seconds
224.716: [GC224.716: [ParNew: 107242K->7192K(112448K), 0.0023870 secs] 204226K->104234K(364160K), 0.0024340 secs] [Times: user=0.02 sys=0.00, real=0.00 secs] 
224.719: Total time for which application threads were stopped: 0.0050380 seconds, Stopping threads took: 0.0025260 seconds
224.812: Application time: 0.0938860 seconds
224.815: [GC224.815: [ParNew: 107160K->5863K(112448K), 0.0019320 secs] 204202K->102933K(364160K), 0.0019780 secs] [Times: user=0.01 sys=0.00, real=0.00 secs] 
224.817: Total time for which application threads were stopped: 0.0042400 seconds, Stopping threads took: 0.0021830 seconds
224.911: Application time: 0.0946640 seconds
224.913: [GC224.913: [ParNew: 105831K->6613K(112448K), 0.0022660 secs] 202901K->103683K(364160K), 0.0023120 secs] [Times: user=0.01 sys=0.01, real=0.00 secs] 
224.915: Total time for which application threads were stopped: 0.0040920 seconds, Stopping threads took: 0.0017070 seconds
225.010: Application time: 0.0945330 seconds
225.012: [GC225.012: [ParNew: 106581K->6834K(112448K), 0.0025590 secs] 203651K->103989K(364160K), 0.0026040 secs] [Times: user=0.02 sys=0.00, real=0.00 secs] 
225.015: Total time for which application threads were stopped: 0.0046010 seconds, Stopping threads took: 0.0019250 seconds
225.109: Application time: 0.0944810 seconds
225.112: [GC225.113: [ParNew: 106802K->6941K(112448K), 0.0023000 secs] 203957K->104154K(364160K), 0.0023480 secs] [Times: user=0.02 sys=0.00, real=0.00 secs] 
225.115: Total time for which application threads were stopped: 0.0057680 seconds, Stopping threads took: 0.0033270 seconds
225.211: Application time: 0.0957880 seconds
225.214: [GC225.214: [ParNew: 106909K->6910K(112448K), 0.0024440 secs] 204122K->104152K(364160K), 0.0024890 secs] [Times: user=0.01 sys=0.00, real=0.00 secs] 
225.216: Total time for which application threads were stopped: 0.0057650 seconds, Stopping threads took: 0.0031850 seconds
225.310: Application time: 0.0931780 seconds
225.311: [GC225.311: [ParNew: 106878K->7161K(112448K), 0.0024390 secs] 204120K->104460K(364160K), 0.0024870 secs] [Times: user=0.02 sys=0.00, real=0.00 secs] 
225.313: Total time for which application threads were stopped: 0.0038230 seconds, Stopping threads took: 0.0012520 seconds
225.408: Application time: 0.0944730 seconds
225.409: [GC225.409: [ParNew: 107129K->5757K(112448K), 0.0021080 secs] 204428K->103056K(364160K), 0.0021530 secs] [Times: user=0.01 sys=0.00, real=0.00 secs] 
225.412: Total time for which application threads were stopped: 0.0037400 seconds, Stopping threads took: 0.0015140 seconds
225.507: Application time: 0.0952420 seconds
225.510: [GC225.510: [ParNew: 105725K->7062K(112448K), 0.0026180 secs] 203024K->104361K(364160K), 0.0026670 secs] [Times: user=0.02 sys=0.00, real=0.00 secs] 
225.513: Total time for which application threads were stopped: 0.0057290 seconds, Stopping threads took: 0.0029710 seconds
225.602: Application time: 0.0890920 seconds
225.604: [GC225.604: [ParNew: 107030K->6109K(112448K), 0.0020740 secs] 204329K->103550K(364160K), 0.0021190 secs] [Times: user=0.01 sys=0.00, real=0.00 secs] 
225.606: Total time for which application threads were stopped: 0.0044610 seconds, Stopping threads took: 0.0022530 seconds
225.693: Application time: 0.0868710 seconds
225.696: [GC225.696: [ParNew: 106077K->7929K(112448K), 0.0026320 secs] 203518K->105370K(364160K), 0.0026760 secs] [Times: user=0.02 sys=0.00, real=0.00 secs] 
225.698: Total time for which application threads were stopped: 0.0053130 seconds, Stopping threads took: 0.0025670 seconds
225.787: Application time: 0.0887990 seconds
225.788: [GC225.788: [ParNew: 107897K->7053K(112448K), 0.0024820 secs] 205338K->104580K(364160K), 0.0025250 secs] [Times: user=0.01 sys=0.00, real=0.00 secs] 
225.791: Total time for which application threads were stopped: 0.0036960 seconds, Stopping threads took: 0.0011000 seconds
225.881: Application time: 0.0901010 seconds
225.884: [GC225.884: [ParNew: 107021K->5791K(112448K), 0.0019210 secs] 204548K->103317K(364160K), 0.0019640 secs] [Times: user=0.01 sys=0.00, real=0.00 secs] 
225.886: Total time for which application threads were stopped: 0.0049770 seconds, Stopping threads took: 0.0029370 seconds
225.977: Application time: 0.0912410 seconds
225.979: [GC225.979: [ParNew: 105759K->6824K(112448K), 0.0022290 secs] 203285K->104351K(364160K), 0.0022770 secs] [Times: user=0.02 sys=0.00, real=0.01 secs] 
225.981: Total time for which application threads were stopped: 0.0038820 seconds, Stopping threads took: 0.0015330 seconds
226.067: Application time: 0.0863290 seconds
226.070: [GC226.070: [ParNew: 106792K->7194K(112448K), 0.0025160 secs] 204319K->104863K(364160K), 0.0025690 secs] [Times: user=0.01 sys=0.00, real=0.00 secs] 
226.072: Total time for which application threads were stopped: 0.0049570 seconds, Stopping threads took: 0.0023180 seconds
226.160: Application time: 0.0875900 seconds
226.161: [GC226.161: [ParNew: 107162K->6169K(112448K), 0.0021030 secs] 204831K->103838K(364160K), 0.0021510 secs] [Times: user=0.01 sys=0.00, real=0.00 secs] 
226.164: Total time for which application threads were stopped: 0.0036050 seconds, Stopping threads took: 0.0013650 seconds
226.252: Application time: 0.0882580 seconds
226.254: [GC226.254: [ParNew: 106137K->7254K(112448K), 0.0025750 secs] 203806K->104924K(364160K), 0.0026200 secs] [Times: user=0.02 sys=0.00, real=0.00 secs] 
226.257: Total time for which application threads were stopped: 0.0049920 seconds, Stopping threads took: 0.0022820 seconds
226.345: Application time: 0.0879680 seconds
226.347: [GC226.347: [ParNew: 107222K->7071K(112448K), 0.0040670 secs] 204892K->104826K(364160K), 0.0041110 secs] [Times: user=0.03 sys=0.00, real=0.00 secs] 
226.351: Total time for which application threads were stopped: 0.0066590 seconds, Stopping threads took: 0.0024790 seconds
226.440: Application time: 0.0886510 seconds
226.443: [GC226.443: [ParNew: 107039K->7850K(112448K), 0.0025640 secs] 204794K->105633K(364160K), 0.0026080 secs] [Times: user=0.02 sys=0.00, real=0.00 secs] 
226.445: Total time for which application threads were stopped: 0.0053050 seconds, Stopping threads took: 0.0025950 seconds
226.537: Application time: 0.0915000 seconds
226.540: [GC226.540: [ParNew: 107818K->7654K(112448K), 0.0025610 secs] 205601K->105523K(364160K), 0.0026040 secs] [Times: user=0.02 sys=0.00, real=0.00 secs] 
226.543: Total time for which application threads were stopped: 0.0057240 seconds, Stopping threads took: 0.0030310 seconds
226.632: Application time: 0.0894440 seconds
226.634: [GC226.634: [ParNew: 107622K->6519K(112448K), 0.0021090 secs] 205491K->104416K(364160K), 0.0021570 secs] [Times: user=0.01 sys=0.00, real=0.00 secs] 
226.636: Total time for which application threads were stopped: 0.0043970 seconds, Stopping threads took: 0.0021700 seconds
226.731: Application time: 0.0949570 seconds
226.734: [GC226.734: [ParNew: 106487K->4695K(112448K), 0.0016570 secs] 204384K->102678K(364160K), 0.0017000 secs] [Times: user=0.01 sys=0.00, real=0.00 secs] 
226.735: Total time for which application threads were stopped: 0.0038310 seconds, Stopping threads took: 0.0020330 seconds
226.825: Application time: 0.0896420 seconds
226.827: [GC226.827: [ParNew: 104663K->6745K(112448K), 0.0022270 secs] 202646K->104728K(364160K), 0.0022720 secs] [Times: user=0.02 sys=0.00, real=0.01 secs] 
226.829: Total time for which application threads were stopped: 0.0043320 seconds, Stopping threads took: 0.0019880 seconds
226.917: Application time: 0.0873710 seconds
226.919: [GC226.919: [ParNew: 106713K->7706K(112448K), 0.0025560 secs] 204696K->105717K(364160K), 0.0026050 secs] [Times: user=0.01 sys=0.00, real=0.01 secs] 
226.921: Total time for which application threads were stopped: 0.0047700 seconds, Stopping threads took: 0.0020940 seconds
227.011: Application time: 0.0892660 seconds
227.013: [GC227.013: [ParNew: 107674K->7487K(112448K), 0.0026350 secs] 205685K->105556K(364160K), 0.0026800 secs] [Times: user=0.02 sys=0.00, real=0.00 secs] 
227.016: Total time for which application threads were stopped: 0.0053510 seconds, Stopping threads took: 0.0025740 seconds
227.104: Application time: 0.0881610 seconds
227.107: [GC227.107: [ParNew: 107455K->7665K(112448K), 0.0026000 secs] 205524K->105791K(364160K), 0.0026450 secs] [Times: user=0.02 sys=0.00, real=0.01 secs] 
227.109: Total time for which application threads were stopped: 0.0051180 seconds, Stopping threads took: 0.0023830 seconds
227.199: Application time: 0.0895700 seconds
227.202: [GC227.202: [ParNew: 107633K->7407K(112448K), 0.0024780 secs] 205759K->105589K(364160K), 0.0025220 secs] [Times: user=0.02 sys=0.00, real=0.00 secs] 
227.204: Total time for which application threads were stopped: 0.0056030 seconds, Stopping threads took: 0.0030050 seconds
227.295: Application time: 0.0901730 seconds
227.297: [GC227.297: [ParNew: 107375K->7362K(112448K), 0.0025690 secs] 205557K->105573K(364160K), 0.0026150 secs] [Times: user=0.02 sys=0.00, real=0.01 secs] 
227.300: Total time for which application threads were stopped: 0.0052990 seconds, Stopping threads took: 0.0026150 seconds
227.390: Application time: 0.0901930 seconds
227.392: [GC227.392: [ParNew: 107330K->7044K(112448K), 0.0023690 secs] 205541K->105255K(364160K), 0.0024120 secs] [Times: user=0.02 sys=0.00, real=0.00 secs] 
227.395: Total time for which application threads were stopped: 0.0045350 seconds, Stopping threads took: 0.0020330 seconds
227.487: Application time: 0.0926780 seconds
227.489: [GC227.489: [ParNew: 107012K->5117K(112448K), 0.0018280 secs] 205223K->103413K(364160K), 0.0018690 secs] [Times: user=0.02 sys=0.00, real=0.00 secs] 
227.491: Total time for which application threads were stopped: 0.0039280 seconds, Stopping threads took: 0.0019620 seconds
227.581: Application time: 0.0900960 seconds
227.583: [GC227.583: [ParNew: 105085K->7006K(112448K), 0.0023410 secs] 203381K->105302K(364160K), 0.0023870 secs] [Times: user=0.02 sys=0.00, real=0.00 secs] 
227.586: Total time for which application threads were stopped: 0.0044080 seconds, Stopping threads took: 0.0019440 seconds
227.675: Application time: 0.0895550 seconds
227.678: [GC227.678: [ParNew: 106974K->7027K(112448K), 0.0023750 secs] 205270K->105437K(364160K), 0.0024200 secs] [Times: user=0.02 sys=0.00, real=0.01 secs] 
227.681: Total time for which application threads were stopped: 0.0052290 seconds, Stopping threads took: 0.0027410 seconds
227.770: Application time: 0.0891290 seconds
227.772: [GC227.772: [ParNew: 106995K->6245K(112448K), 0.0021600 secs] 205405K->104684K(364160K), 0.0022050 secs] [Times: user=0.02 sys=0.00, real=0.00 secs] 
227.774: Total time for which application threads were stopped: 0.0047070 seconds, Stopping threads took: 0.0024310 seconds
227.864: Application time: 0.0897400 seconds
227.866: [GC227.866: [ParNew: 106213K->5874K(112448K), 0.0020500 secs] 204652K->104313K(364160K), 0.0020950 secs] [Times: user=0.02 sys=0.00, real=0.01 secs] 
227.868: Total time for which application threads were stopped: 0.0040520 seconds, Stopping threads took: 0.0018850 seconds
227.958: Application time: 0.0896090 seconds
227.960: [GC227.960: [ParNew: 105842K->7783K(112448K), 0.0026560 secs] 204281K->106222K(364160K), 0.0027010 secs] [Times: user=0.02 sys=0.00, real=0.00 secs] 
227.963: Total time for which application threads were stopped: 0.0052130 seconds, Stopping threads took: 0.0024200 seconds
228.057: Application time: 0.0936580 seconds
228.058: [GC228.058: [ParNew: 107751K->5715K(112448K), 0.0019530 secs] 206190K->104296K(364160K), 0.0019930 secs] [Times: user=0.02 sys=0.00, real=0.01 secs] 
228.060: Total time for which application threads were stopped: 0.0035930 seconds, Stopping threads took: 0.0015290 seconds
228.154: Application time: 0.0936320 seconds
228.157: [GC228.157: [ParNew: 105683K->5929K(112448K), 0.0019150 secs] 204264K->104511K(364160K), 0.0019600 secs] [Times: user=0.02 sys=0.00, real=0.00 secs] 
228.159: Total time for which application threads were stopped: 0.0048840 seconds, Stopping threads took: 0.0028460 seconds
228.248: Application time: 0.0888800 seconds
228.250: [GC228.250: [ParNew: 105897K->5750K(112448K), 0.0018940 secs] 204479K->104332K(364160K), 0.0019390 secs] [Times: user=0.01 sys=0.00, real=0.00 secs] 
228.251: Total time for which application threads were stopped: 0.0037980 seconds, Stopping threads took: 0.0017820 seconds
228.341: Application time: 0.0895860 seconds
228.343: [GC228.343: [ParNew: 105717K->5892K(112448K), 0.0019420 secs] 204298K->104474K(364160K), 0.0019880 secs] [Times: user=0.02 sys=0.00, real=0.00 secs] 
228.345: Total time for which application threads were stopped: 0.0042780 seconds, Stopping threads took: 0.0022170 seconds
228.434: Application time: 0.0882790 seconds
228.436: [GC228.436: [ParNew: 105860K->6915K(112448K), 0.0025080 secs] 204442K->105497K(364160K), 0.0025630 secs] [Times: user=0.02 sys=0.00, real=0.00 secs] 
228.438: Total time for which application threads were stopped: 0.0045440 seconds, Stopping threads took: 0.0019110 seconds
228.529: Application time: 0.0903710 seconds
228.531: [GC228.531: [ParNew: 106883K->6037K(112448K), 0.0020530 secs] 205465K->104847K(364160K), 0.0020970 secs] [Times: user=0.02 sys=0.00, real=0.00 secs] 
228.534: Total time for which application threads were stopped: 0.0050370 seconds, Stopping threads took: 0.0028700 seconds
228.623: Application time: 0.0897010 seconds
228.625: [GC228.625: [ParNew: 106005K->7401K(112448K), 0.0024780 secs] 204815K->106211K(364160K), 0.0025210 secs] [Times: user=0.02 sys=0.00, real=0.01 secs] 
228.628: Total time for which application threads were stopped: 0.0044630 seconds, Stopping threads took: 0.0018720 seconds
228.717: Application time: 0.0892120 seconds
228.720: [GC228.720: [ParNew: 107369K->6859K(112448K), 0.0023380 secs] 206179K->105754K(364160K), 0.0023830 secs] [Times: user=0.02 sys=0.00, real=0.00 secs] 
228.722: Total time for which application threads were stopped: 0.0052400 seconds, Stopping threads took: 0.0027780 seconds
228.813: Application time: 0.0905260 seconds
228.815: [GC228.815: [ParNew: 106827K->6516K(112448K), 0.0021370 secs] 205722K->105411K(364160K), 0.0021850 secs] [Times: user=0.01 sys=0.01, real=0.00 secs] 
228.817: Total time for which application threads were stopped: 0.0046500 seconds, Stopping threads took: 0.0023940 seconds
228.907: Application time: 0.0892580 seconds
228.909: [GC228.909: [ParNew: 106484K->7573K(112448K), 0.0024760 secs] 205379K->106526K(364160K), 0.0025220 secs] [Times: user=0.01 sys=0.00, real=0.00 secs] 
228.912: Total time for which application threads were stopped: 0.0048380 seconds, Stopping threads took: 0.0022450 seconds
228.999: Application time: 0.0872940 seconds
229.001: [GC229.001: [ParNew: 107541K->7457K(112448K), 0.0024960 secs] 206494K->106438K(364160K), 0.0025490 secs] [Times: user=0.01 sys=0.00, real=0.00 secs] 
229.003: Total time for which application threads were stopped: 0.0045010 seconds, Stopping threads took: 0.0018800 seconds
229.093: Application time: 0.0898850 seconds
229.095: [GC229.095: [ParNew: 107425K->7359K(112448K), 0.0024480 secs] 206406K->106397K(364160K), 0.0024980 secs] [Times: user=0.02 sys=0.00, real=0.00 secs] 
229.098: Total time for which application threads were stopped: 0.0045310 seconds, Stopping threads took: 0.0019580 seconds
229.185: Application time: 0.0868740 seconds
229.188: [GC229.188: [ParNew: 107327K->7336K(112448K), 0.0023940 secs] 206365K->106459K(364160K), 0.0024400 secs] [Times: user=0.02 sys=0.00, real=0.00 secs] 
229.190: Total time for which application threads were stopped: 0.0053880 seconds, Stopping threads took: 0.0028780 seconds
229.281: Application time: 0.0913900 seconds
229.284: [GC229.284: [ParNew: 107304K->7294K(112448K), 0.0023750 secs] 206427K->106417K(364160K), 0.0024190 secs] [Times: user=0.01 sys=0.00, real=0.00 secs] 
229.287: Total time for which application threads were stopped: 0.0054340 seconds, Stopping threads took: 0.0029380 seconds
229.375: Application time: 0.0886820 seconds
229.378: [GC229.378: [ParNew: 107262K->6280K(112448K), 0.0021360 secs] 206385K->105432K(364160K), 0.0021810 secs] [Times: user=0.02 sys=0.00, real=0.01 secs] 
229.380: Total time for which application threads were stopped: 0.0044370 seconds, Stopping threads took: 0.0021870 seconds
229.471: Application time: 0.0907050 seconds
229.473: [GC229.473: [ParNew: 106248K->6037K(112448K), 0.0020470 secs] 205400K->105246K(364160K), 0.0020900 secs] [Times: user=0.01 sys=0.00, real=0.00 secs] 
229.475: Total time for which application threads were stopped: 0.0045610 seconds, Stopping threads took: 0.0024000 seconds
229.568: Application time: 0.0931050 seconds
229.570: [GC229.570: [ParNew: 106005K->6741K(112448K), 0.0021650 secs] 205214K->105950K(364160K), 0.0022100 secs] [Times: user=0.01 sys=0.00, real=0.00 secs] 
229.573: Total time for which application threads were stopped: 0.0042770 seconds, Stopping threads took: 0.0019850 seconds
229.668: Application time: 0.0952400 seconds
229.670: [GC229.670: [ParNew: 106709K->6151K(112448K), 0.0023410 secs] 205918K->105503K(364160K), 0.0023860 secs] [Times: user=0.02 sys=0.00, real=0.00 secs] 
229.672: Total time for which application threads were stopped: 0.0044060 seconds, Stopping threads took: 0.0019300 seconds
229.772: Application time: 0.0993410 seconds
229.774: [GC229.774: [ParNew: 106119K->4815K(112448K), 0.0016040 secs] 205471K->104167K(364160K), 0.0016490 secs] [Times: user=0.01 sys=0.00, real=0.00 secs] 
229.776: Total time for which application threads were stopped: 0.0039370 seconds, Stopping threads took: 0.0022170 seconds
229.870: Application time: 0.0948390 seconds
229.873: [GC229.873: [ParNew: 104783K->5808K(112448K), 0.0021540 secs] 204135K->105160K(364160K), 0.0022020 secs] [Times: user=0.00 sys=0.02, real=0.00 secs] 
229.876: Total time for which application threads were stopped: 0.0052180 seconds, Stopping threads took: 0.0029360 seconds
229.974: Application time: 0.0979950 seconds
229.976: [GC229.976: [ParNew: 105776K->7847K(112448K), 0.0026960 secs] 205128K->107199K(364160K), 0.0027430 secs] [Times: user=0.02 sys=0.00, real=0.00 secs] 
229.979: Total time for which application threads were stopped: 0.0051680 seconds, Stopping threads took: 0.0023320 seconds
230.077: Application time: 0.0980760 seconds
230.080: [GC230.080: [ParNew: 107815K->7515K(112448K), 0.0026050 secs] 207167K->107009K(364160K), 0.0026520 secs] [Times: user=0.02 sys=0.00, real=0.00 secs] 
230.082: Total time for which application threads were stopped: 0.0056230 seconds, Stopping threads took: 0.0029000 seconds
230.178: Application time: 0.0958580 seconds
230.181: [GC230.181: [ParNew: 107483K->7222K(112448K), 0.0024110 secs] 206977K->106802K(364160K), 0.0024550 secs] [Times: user=0.02 sys=0.00, real=0.00 secs] 
230.183: Total time for which application threads were stopped: 0.0048850 seconds, Stopping threads took: 0.0023600 seconds
230.279: Application time: 0.0957710 seconds
230.281: [GC230.281: [ParNew: 107190K->6367K(112448K), 0.0020940 secs] 206770K->105947K(364160K), 0.0021400 secs] [Times: user=0.02 sys=0.00, real=0.00 secs] 
230.283: Total time for which application threads were stopped: 0.0040590 seconds, Stopping threads took: 0.0018260 seconds
230.382: Application time: 0.0986410 seconds
230.384: [GC230.384: [ParNew: 106335K->7200K(112448K), 0.0026870 secs] 205915K->106780K(364160K), 0.0027300 secs] [Times: user=0.01 sys=0.00, real=0.00 secs] 
230.386: Total time for which application threads were stopped: 0.0047870 seconds, Stopping threads took: 0.0019820 seconds
230.482: Application time: 0.0955430 seconds
230.485: [GC230.485: [ParNew: 107168K->6118K(112448K), 0.0021770 secs] 206748K->105783K(364160K), 0.0022230 secs] [Times: user=0.02 sys=0.00, real=0.00 secs] 
230.487: Total time for which application threads were stopped: 0.0050410 seconds, Stopping threads took: 0.0027530 seconds
230.581: Application time: 0.0941030 seconds
230.584: [GC230.584: [ParNew: 106086K->7034K(112448K), 0.0024180 secs] 205751K->106699K(364160K), 0.0024620 secs] [Times: user=0.02 sys=0.00, real=0.00 secs] 
230.587: Total time for which application threads were stopped: 0.0058030 seconds, Stopping threads took: 0.0032770 seconds
230.683: Application time: 0.0956540 seconds
230.686: [GC230.686: [ParNew: 107002K->6986K(112448K), 0.0025650 secs] 206667K->106737K(364160K), 0.0026120 secs] [Times: user=0.02 sys=0.00, real=0.01 secs] 
230.689: Total time for which application threads were stopped: 0.0059930 seconds, Stopping threads took: 0.0033170 seconds
230.782: Application time: 0.0934660 seconds
230.785: [GC230.785: [ParNew: 106954K->6366K(112448K), 0.0020720 secs] 206705K->106174K(364160K), 0.0021210 secs] [Times: user=0.01 sys=0.00, real=0.00 secs] 
230.787: Total time for which application threads were stopped: 0.0047110 seconds, Stopping threads took: 0.0025240 seconds
230.882: Application time: 0.0956440 seconds
230.885: [GC230.885: [ParNew: 106334K->6292K(112448K), 0.0021660 secs] 206142K->106100K(364160K), 0.0022210 secs] [Times: user=0.02 sys=0.00, real=0.00 secs] 
230.887: Total time for which application threads were stopped: 0.0045550 seconds, Stopping threads took: 0.0022590 seconds
230.982: Application time: 0.0948200 seconds
230.985: [GC230.985: [ParNew: 106260K->7237K(112448K), 0.0023830 secs] 206068K->107101K(364160K), 0.0024280 secs] [Times: user=0.02 sys=0.00, real=0.00 secs] 
230.987: Total time for which application threads were stopped: 0.0051970 seconds, Stopping threads took: 0.0026970 seconds
231.081: Application time: 0.0943180 seconds
231.083: [GC231.083: [ParNew: 107205K->5450K(112448K), 0.0019110 secs] 207069K->105400K(364160K), 0.0019550 secs] [Times: user=0.02 sys=0.00, real=0.00 secs] 
231.085: Total time for which application threads were stopped: 0.0035120 seconds, Stopping threads took: 0.0014640 seconds
231.178: Application time: 0.0926870 seconds
231.179: [GC231.179: [ParNew: 105416K->5946K(112448K), 0.0020850 secs] 205366K->105896K(364160K), 0.0021270 secs] [Times: user=0.02 sys=0.00, real=0.01 secs] 
231.181: Total time for which application threads were stopped: 0.0038360 seconds, Stopping threads took: 0.0016360 seconds
231.277: Application time: 0.0957280 seconds
231.280: [GC231.280: [ParNew: 105914K->7610K(112448K), 0.0025900 secs] 205864K->107560K(364160K), 0.0026330 secs] [Times: user=0.01 sys=0.00, real=0.00 secs] 
231.282: Total time for which application threads were stopped: 0.0051820 seconds, Stopping threads took: 0.0024780 seconds
231.377: Application time: 0.0945870 seconds
231.379: [GC231.379: [ParNew: 107578K->7658K(112448K), 0.0026410 secs] 207528K->107694K(364160K), 0.0026860 secs] [Times: user=0.02 sys=0.00, real=0.01 secs] 
231.382: Total time for which application threads were stopped: 0.0049470 seconds, Stopping threads took: 0.0021870 seconds
231.477: Application time: 0.0950610 seconds
231.479: [GC231.479: [ParNew: 107626K->5671K(112448K), 0.0018810 secs] 207662K->105736K(364160K), 0.0019370 secs] [Times: user=0.01 sys=0.00, real=0.01 secs] 
231.481: Total time for which application threads were stopped: 0.0043230 seconds, Stopping threads took: 0.0022990 seconds
231.574: Application time: 0.0927140 seconds
231.576: [GC231.576: [ParNew: 105639K->7696K(112448K), 0.0025200 secs] 205704K->107760K(364160K), 0.0025660 secs] [Times: user=0.01 sys=0.00, real=0.00 secs] 
231.579: Total time for which application threads were stopped: 0.0048450 seconds, Stopping threads took: 0.0021860 seconds
231.671: Application time: 0.0925420 seconds
231.673: [GC231.673: [ParNew: 107664K->7200K(112448K), 0.0026370 secs] 207728K->107379K(364160K), 0.0026840 secs] [Times: user=0.02 sys=0.00, real=0.00 secs] 
231.676: Total time for which application threads were stopped: 0.0043820 seconds, Stopping threads took: 0.0016240 seconds
231.771: Application time: 0.0953400 seconds
231.773: [GC231.773: [ParNew: 107168K->6789K(112448K), 0.0023580 secs] 207347K->107053K(364160K), 0.0024030 secs] [Times: user=0.01 sys=0.00, real=0.00 secs] 
231.775: Total time for which application threads were stopped: 0.0039850 seconds, Stopping threads took: 0.0014870 seconds
231.874: Application time: 0.0989070 seconds
231.875: [GC231.876: [ParNew: 106757K->7212K(112448K), 0.0024940 secs] 207021K->107476K(364160K), 0.0025490 secs] [Times: user=0.01 sys=0.00, real=0.00 secs] 
231.878: Total time for which application threads were stopped: 0.0041060 seconds, Stopping threads took: 0.0014800 seconds
231.974: Application time: 0.0959610 seconds
231.976: [GC231.976: [ParNew: 107180K->7235K(112448K), 0.0040280 secs] 207444K->107527K(364160K), 0.0040770 secs] [Times: user=0.02 sys=0.00, real=0.01 secs] 
231.980: Total time for which application threads were stopped: 0.0058450 seconds, Stopping threads took: 0.0016950 seconds
232.076: Application time: 0.0965500 seconds
232.077: [GC232.077: [ParNew: 107203K->6643K(112448K), 0.0023310 secs] 207495K->107021K(364160K), 0.0023850 secs] [Times: user=0.02 sys=0.00, real=0.01 secs] 
232.079: Total time for which application threads were stopped: 0.0029660 seconds, Stopping threads took: 0.0004790 seconds
232.174: Application time: 0.0947970 seconds
232.177: [GC232.177: [ParNew: 106611K->6589K(112448K), 0.0022470 secs] 206989K->106996K(364160K), 0.0022930 secs] [Times: user=0.02 sys=0.00, real=0.00 secs] 
232.179: Total time for which application threads were stopped: 0.0048170 seconds, Stopping threads took: 0.0024510 seconds
232.274: Application time: 0.0953850 seconds
232.277: [GC232.277: [ParNew: 106557K->6925K(112448K), 0.0023580 secs] 206964K->107417K(364160K), 0.0024080 secs] [Times: user=0.01 sys=0.00, real=0.01 secs] 
232.280: Total time for which application threads were stopped: 0.0052590 seconds, Stopping threads took: 0.0027810 seconds
232.375: Application time: 0.0955190 seconds
232.378: [GC232.378: [ParNew: 106893K->7190K(112448K), 0.0025600 secs] 207385K->107683K(364160K), 0.0026060 secs] [Times: user=0.02 sys=0.00, real=0.01 secs] 
232.381: Total time for which application threads were stopped: 0.0053270 seconds, Stopping threads took: 0.0026480 seconds
232.476: Application time: 0.0954570 seconds
232.478: [GC232.478: [ParNew: 107158K->6125K(112448K), 0.0021640 secs] 207651K->106646K(364160K), 0.0022070 secs] [Times: user=0.02 sys=0.00, real=0.01 secs] 
232.480: Total time for which application threads were stopped: 0.0041270 seconds, Stopping threads took: 0.0018460 seconds
232.578: Application time: 0.0974300 seconds
232.579: [GC232.579: [ParNew: 106093K->6923K(112448K), 0.0024810 secs] 206614K->107444K(364160K), 0.0025280 secs] [Times: user=0.02 sys=0.00, real=0.01 secs] 
232.582: Total time for which application threads were stopped: 0.0042200 seconds, Stopping threads took: 0.0016100 seconds
232.678: Application time: 0.0963350 seconds
232.681: [GC232.681: [ParNew: 106891K->7000K(112448K), 0.0023930 secs] 207412K->107635K(364160K), 0.0024390 secs] [Times: user=0.01 sys=0.00, real=0.00 secs] 
232.683: Total time for which application threads were stopped: 0.0053610 seconds, Stopping threads took: 0.0028300 seconds
232.776: Application time: 0.0929600 seconds
232.778: [GC232.778: [ParNew: 106968K->7395K(112448K), 0.0025880 secs] 207603K->108087K(364160K), 0.0026330 secs] [Times: user=0.02 sys=0.00, real=0.01 secs] 
232.781: Total time for which application threads were stopped: 0.0044820 seconds, Stopping threads took: 0.0017570 seconds
232.876: Application time: 0.0950760 seconds
232.878: [GC232.878: [ParNew: 107363K->7364K(112448K), 0.0024790 secs] 208055K->108084K(364160K), 0.0025260 secs] [Times: user=0.01 sys=0.00, real=0.01 secs] 
232.881: Total time for which application threads were stopped: 0.0050220 seconds, Stopping threads took: 0.0024230 seconds
232.975: Application time: 0.0940660 seconds
232.978: [GC232.978: [ParNew: 107332K->6970K(112448K), 0.0023180 secs] 208052K->107691K(364160K), 0.0023680 secs] [Times: user=0.02 sys=0.00, real=0.01 secs] 
232.980: Total time for which application threads were stopped: 0.0050560 seconds, Stopping threads took: 0.0025940 seconds
233.074: Application time: 0.0935440 seconds
233.076: [GC233.076: [ParNew: 106938K->7391K(112448K), 0.0025460 secs] 207659K->108226K(364160K), 0.0025940 secs] [Times: user=0.02 sys=0.00, real=0.00 secs] 
233.079: Total time for which application threads were stopped: 0.0049800 seconds, Stopping threads took: 0.0022900 seconds
233.172: Application time: 0.0934020 seconds
233.175: [GC233.175: [ParNew: 107359K->6230K(112448K), 0.0021050 secs] 208194K->107093K(364160K), 0.0021490 secs] [Times: user=0.02 sys=0.00, real=0.00 secs] 
233.177: Total time for which application threads were stopped: 0.0051660 seconds, Stopping threads took: 0.0029360 seconds
233.272: Application time: 0.0946800 seconds
233.274: [GC233.274: [ParNew: 106198K->6747K(112448K), 0.0022450 secs] 207061K->107610K(364160K), 0.0022910 secs] [Times: user=0.02 sys=0.00, real=0.00 secs] 
233.276: Total time for which application threads were stopped: 0.0043080 seconds, Stopping threads took: 0.0019410 seconds
233.371: Application time: 0.0952090 seconds
233.374: [GC233.374: [ParNew: 106715K->6126K(112448K), 0.0022380 secs] 207578K->107074K(364160K), 0.0022930 secs] [Times: user=0.01 sys=0.00, real=0.00 secs] 
233.376: Total time for which application threads were stopped: 0.0047600 seconds, Stopping threads took: 0.0023950 seconds
233.472: Application time: 0.0960560 seconds
233.474: [GC233.474: [ParNew: 106094K->6266K(112448K), 0.0020710 secs] 207042K->107214K(364160K), 0.0021160 secs] [Times: user=0.01 sys=0.00, real=0.00 secs] 
233.477: Total time for which application threads were stopped: 0.0043590 seconds, Stopping threads took: 0.0021710 seconds
233.570: Application time: 0.0935000 seconds
233.573: [GC233.573: [ParNew: 106234K->7595K(112448K), 0.0024760 secs] 207182K->108629K(364160K), 0.0025200 secs] [Times: user=0.02 sys=0.00, real=0.00 secs] 
233.576: Total time for which application threads were stopped: 0.0055710 seconds, Stopping threads took: 0.0029820 seconds
233.665: Application time: 0.0893350 seconds
233.667: [GC233.667: [ParNew: 107563K->7598K(112448K), 0.0026230 secs] 208597K->108689K(364160K), 0.0026700 secs] [Times: user=0.02 sys=0.00, real=0.01 secs] 
233.670: Total time for which application threads were stopped: 0.0046240 seconds, Stopping threads took: 0.0018830 seconds
233.758: Application time: 0.0879180 seconds
233.760: [GC233.760: [ParNew: 107566K->7097K(112448K), 0.0023060 secs] 208657K->108245K(364160K), 0.0023540 secs] [Times: user=0.01 sys=0.00, real=0.00 secs] 
233.762: Total time for which application threads were stopped: 0.0043860 seconds, Stopping threads took: 0.0019520 seconds
233.850: Application time: 0.0876820 seconds
233.852: [GC233.852: [ParNew: 107065K->7794K(112448K), 0.0026000 secs] 208213K->108942K(364160K), 0.0026440 secs] [Times: user=0.02 sys=0.00, real=0.00 secs] 
233.854: Total time for which application threads were stopped: 0.0045760 seconds, Stopping threads took: 0.0018610 seconds
233.943: Application time: 0.0888700 seconds
233.945: [GC233.945: [ParNew: 107762K->7206K(112448K), 0.0025070 secs] 208910K->108383K(364160K), 0.0025510 secs] [Times: user=0.02 sys=0.00, real=0.01 secs] 
233.948: Total time for which application threads were stopped: 0.0049250 seconds, Stopping threads took: 0.0023080 seconds
234.036: Application time: 0.0877450 seconds
234.039: [GC234.039: [ParNew: 107174K->6702K(112448K), 0.0022750 secs] 208351K->107964K(364160K), 0.0023210 secs] [Times: user=0.01 sys=0.00, real=0.01 secs] 
234.041: Total time for which application threads were stopped: 0.0053810 seconds, Stopping threads took: 0.0029890 seconds
234.131: Application time: 0.0899800 seconds
234.133: [GC234.133: [ParNew: 106670K->6049K(112448K), 0.0020130 secs] 207932K->107369K(364160K), 0.0020600 secs] [Times: user=0.01 sys=0.00, real=0.00 secs] 
234.135: Total time for which application threads were stopped: 0.0038390 seconds, Stopping threads took: 0.0017070 seconds
234.224: Application time: 0.0886930 seconds
234.227: [GC234.227: [ParNew: 106017K->7178K(112448K), 0.0024720 secs] 207337K->108497K(364160K), 0.0025180 secs] [Times: user=0.02 sys=0.00, real=0.01 secs] 
234.229: Total time for which application threads were stopped: 0.0054860 seconds, Stopping threads took: 0.0028790 seconds
234.317: Application time: 0.0878190 seconds
234.319: [GC234.319: [ParNew: 107146K->6293K(112448K), 0.0023810 secs] 208465K->107669K(364160K), 0.0024250 secs] [Times: user=0.01 sys=0.00, real=0.00 secs] 
234.322: Total time for which application threads were stopped: 0.0048530 seconds, Stopping threads took: 0.0023460 seconds
234.410: Application time: 0.0883810 seconds
234.413: [GC234.413: [ParNew: 106261K->6248K(112448K), 0.0020570 secs] 207637K->107653K(364160K), 0.0021010 secs] [Times: user=0.02 sys=0.00, real=0.00 secs] 
234.415: Total time for which application threads were stopped: 0.0047810 seconds, Stopping threads took: 0.0025890 seconds
234.509: Application time: 0.0943330 seconds
234.511: [GC234.511: [ParNew: 106216K->6271K(112448K), 0.0022110 secs] 207621K->107676K(364160K), 0.0022650 secs] [Times: user=0.02 sys=0.00, real=0.00 secs] 
234.513: Total time for which application threads were stopped: 0.0041500 seconds, Stopping threads took: 0.0018150 seconds
234.602: Application time: 0.0883980 seconds
234.605: [GC234.605: [ParNew: 106239K->7308K(112448K), 0.0024180 secs] 207644K->108799K(364160K), 0.0024630 secs] [Times: user=0.02 sys=0.00, real=0.00 secs] 
234.607: Total time for which application threads were stopped: 0.0053450 seconds, Stopping threads took: 0.0027980 seconds
234.696: Application time: 0.0883250 seconds
234.698: [GC234.698: [ParNew: 107276K->7257K(112448K), 0.0024700 secs] 208767K->108833K(364160K), 0.0025130 secs] [Times: user=0.02 sys=0.00, real=0.01 secs] 
234.700: Total time for which application threads were stopped: 0.0047480 seconds, Stopping threads took: 0.0021650 seconds
234.791: Application time: 0.0910460 seconds
234.793: [GC234.793: [ParNew: 107225K->6007K(112448K), 0.0020450 secs] 208801K->107611K(364160K), 0.0020870 secs] [Times: user=0.01 sys=0.00, real=0.00 secs] 
234.795: Total time for which application threads were stopped: 0.0033150 seconds, Stopping threads took: 0.0011580 seconds
234.881: Application time: 0.0859160 seconds
234.883: [GC234.883: [ParNew: 105975K->7946K(112448K), 0.0026400 secs] 207579K->109551K(364160K), 0.0026870 secs] [Times: user=0.02 sys=0.00, real=0.00 secs] 
234.886: Total time for which application threads were stopped: 0.0053720 seconds, Stopping threads took: 0.0026050 seconds
234.981: Application time: 0.0946870 seconds
234.982: [GC234.982: [ParNew: 107914K->6793K(112448K), 0.0023090 secs] 209519K->108482K(364160K), 0.0023550 secs] [Times: user=0.02 sys=0.00, real=0.00 secs] 
234.985: Total time for which application threads were stopped: 0.0041490 seconds, Stopping threads took: 0.0017260 seconds
235.076: Application time: 0.0913330 seconds
235.078: [GC235.078: [ParNew: 106761K->6912K(112448K), 0.0024560 secs] 208450K->108687K(364160K), 0.0025010 secs] [Times: user=0.02 sys=0.00, real=0.01 secs] 
235.080: Total time for which application threads were stopped: 0.0038970 seconds, Stopping threads took: 0.0013260 seconds
235.170: Application time: 0.0897360 seconds
235.172: [GC235.172: [ParNew: 106880K->5705K(112448K), 0.0019350 secs] 208655K->107509K(364160K), 0.0019790 secs] [Times: user=0.01 sys=0.00, real=0.00 secs] 
235.174: Total time for which application threads were stopped: 0.0040630 seconds, Stopping threads took: 0.0020120 seconds
235.265: Application time: 0.0911570 seconds
235.267: [GC235.267: [ParNew: 105673K->6725K(112448K), 0.0023670 secs] 207477K->108529K(364160K), 0.0024130 secs] [Times: user=0.01 sys=0.00, real=0.01 secs] 
235.270: Total time for which application threads were stopped: 0.0046280 seconds, Stopping threads took: 0.0021430 seconds
235.360: Application time: 0.0904360 seconds
235.363: [GC235.363: [ParNew: 106693K->6211K(112448K), 0.0020450 secs] 208497K->108072K(364160K), 0.0020920 secs] [Times: user=0.02 sys=0.00, real=0.00 secs] 
235.365: Total time for which application threads were stopped: 0.0049090 seconds, Stopping threads took: 0.0027470 seconds
235.456: Application time: 0.0911610 seconds
235.458: [GC235.458: [ParNew: 106179K->7660K(112448K), 0.0026920 secs] 208040K->109521K(364160K), 0.0027350 secs] [Times: user=0.02 sys=0.00, real=0.01 secs] 
235.461: Total time for which application threads were stopped: 0.0045640 seconds, Stopping threads took: 0.0017530 seconds
235.555: Application time: 0.0939920 seconds
235.556: [GC235.556: [ParNew: 107628K->6457K(112448K), 0.0021880 secs] 209489K->108403K(364160K), 0.0022340 secs] [Times: user=0.01 sys=0.00, real=0.00 secs] 
235.559: Total time for which application threads were stopped: 0.0039220 seconds, Stopping threads took: 0.0016230 seconds
235.648: Application time: 0.0895270 seconds
235.651: [GC235.651: [ParNew: 106425K->6773K(112448K), 0.0022670 secs] 208371K->108777K(364160K), 0.0023120 secs] [Times: user=0.02 sys=0.00, real=0.00 secs] 
235.653: Total time for which application threads were stopped: 0.0053290 seconds, Stopping threads took: 0.0029490 seconds
235.742: Application time: 0.0890010 seconds
235.745: [GC235.745: [ParNew: 106741K->5940K(112448K), 0.0019320 secs] 208745K->108001K(364160K), 0.0019890 secs] [Times: user=0.01 sys=0.00, real=0.00 secs] 
235.747: Total time for which application threads were stopped: 0.0044870 seconds, Stopping threads took: 0.0024040 seconds
235.836: Application time: 0.0894010 seconds
235.839: [GC235.839: [ParNew: 105908K->7933K(112448K), 0.0026550 secs] 207969K->109993K(364160K), 0.0027010 secs] [Times: user=0.01 sys=0.00, real=0.01 secs] 
235.842: Total time for which application threads were stopped: 0.0053230 seconds, Stopping threads took: 0.0025500 seconds
235.931: Application time: 0.0892060 seconds
235.933: [GC235.933: [ParNew: 107901K->6785K(112448K), 0.0022390 secs] 209961K->108874K(364160K), 0.0022840 secs] [Times: user=0.02 sys=0.00, real=0.00 secs] 
235.935: Total time for which application threads were stopped: 0.0045540 seconds, Stopping threads took: 0.0022010 seconds
236.027: Application time: 0.0911720 seconds
236.029: [GC236.029: [ParNew: 106753K->6680K(112448K), 0.0024630 secs] 208842K->108827K(364160K), 0.0025070 secs] [Times: user=0.01 sys=0.00, real=0.00 secs] 
236.032: Total time for which application threads were stopped: 0.0050980 seconds, Stopping threads took: 0.0024960 seconds
236.122: Application time: 0.0905310 seconds
236.124: [GC236.124: [ParNew: 106648K->6513K(112448K), 0.0023170 secs] 208795K->108744K(364160K), 0.0023630 secs] [Times: user=0.01 sys=0.00, real=0.00 secs] 
236.127: Total time for which application threads were stopped: 0.0045190 seconds, Stopping threads took: 0.0020650 seconds
236.215: Application time: 0.0883290 seconds
236.216: [GC236.216: [ParNew: 106481K->6698K(112448K), 0.0022830 secs] 208712K->108987K(364160K), 0.0023260 secs] [Times: user=0.02 sys=0.00, real=0.00 secs] 
236.219: Total time for which application threads were stopped: 0.0036810 seconds, Stopping threads took: 0.0012660 seconds
236.309: Application time: 0.0905070 seconds
236.311: [GC236.311: [ParNew: 106666K->7096K(112448K), 0.0024080 secs] 208955K->109413K(364160K), 0.0024510 secs] [Times: user=0.01 sys=0.00, real=0.00 secs] 
236.314: Total time for which application threads were stopped: 0.0043310 seconds, Stopping threads took: 0.0018070 seconds
236.403: Application time: 0.0894750 seconds
236.405: [GC236.406: [ParNew: 107064K->5771K(112448K), 0.0019410 secs] 209381K->108089K(364160K), 0.0019860 secs] [Times: user=0.02 sys=0.00, real=0.01 secs] 
236.407: Total time for which application threads were stopped: 0.0043650 seconds, Stopping threads took: 0.0023100 seconds
236.496: Application time: 0.0885640 seconds
236.498: [GC236.498: [ParNew: 105739K->7290K(112448K), 0.0025260 secs] 208057K->109607K(364160K), 0.0025680 secs] [Times: user=0.01 sys=0.00, real=0.01 secs] 
236.500: Total time for which application threads were stopped: 0.0042000 seconds, Stopping threads took: 0.0015610 seconds
236.595: Application time: 0.0946070 seconds
236.597: [GC236.597: [ParNew: 107258K->7696K(112448K), 0.0025540 secs] 209575K->110156K(364160K), 0.0025980 secs] [Times: user=0.02 sys=0.00, real=0.01 secs] 
236.600: Total time for which application threads were stopped: 0.0050970 seconds, Stopping threads took: 0.0024230 seconds
236.690: Application time: 0.0895340 seconds
236.691: [GC236.691: [ParNew: 107664K->7751K(112448K), 0.0026230 secs] 210124K->110268K(364160K), 0.0026680 secs] [Times: user=0.02 sys=0.00, real=0.00 secs] 
236.693: Total time for which application threads were stopped: 0.0039690 seconds, Stopping threads took: 0.0012310 seconds
236.782: Application time: 0.0883180 seconds
236.784: [GC236.784: [ParNew: 107719K->7757K(112448K), 0.0025690 secs] 210236K->110274K(364160K), 0.0026160 secs] [Times: user=0.01 sys=0.00, real=0.00 secs] 
236.787: Total time for which application threads were stopped: 0.0048590 seconds, Stopping threads took: 0.0021720 seconds
236.875: Application time: 0.0883680 seconds
236.877: [GC236.877: [ParNew: 107725K->5544K(112448K), 0.0019000 secs] 210242K->108089K(364160K), 0.0019500 secs] [Times: user=0.02 sys=0.00, real=0.00 secs] 
236.879: Total time for which application threads were stopped: 0.0041280 seconds, Stopping threads took: 0.0021110 seconds
236.970: Application time: 0.0912500 seconds
236.973: [GC236.973: [ParNew: 105512K->7289K(112448K), 0.0024010 secs] 208057K->109834K(364160K), 0.0024460 secs] [Times: user=0.02 sys=0.00, real=0.00 secs] 
236.975: Total time for which application threads were stopped: 0.0049370 seconds, Stopping threads took: 0.0023980 seconds
237.065: Application time: 0.0900290 seconds
237.067: [GC237.067: [ParNew: 107257K->6714K(112448K), 0.0023890 secs] 209802K->109402K(364160K), 0.0024340 secs] [Times: user=0.01 sys=0.00, real=0.01 secs] 
237.070: Total time for which application threads were stopped: 0.0043200 seconds, Stopping threads took: 0.0018170 seconds
237.165: Application time: 0.0955080 seconds
237.167: [GC237.167: [ParNew: 106682K->7225K(112448K), 0.0026110 secs] 209370K->109941K(364160K), 0.0026530 secs] [Times: user=0.02 sys=0.00, real=0.00 secs] 
237.170: Total time for which application threads were stopped: 0.0049100 seconds, Stopping threads took: 0.0021800 seconds
237.265: Application time: 0.0951160 seconds
237.267: [GC237.267: [ParNew: 107193K->7256K(112448K), 0.0024010 secs] 209909K->110001K(364160K), 0.0024450 secs] [Times: user=0.02 sys=0.00, real=0.01 secs] 
237.270: Total time for which application threads were stopped: 0.0043680 seconds, Stopping threads took: 0.0018520 seconds
237.360: Application time: 0.0907140 seconds
237.363: [GC237.363: [ParNew: 107224K->6943K(112448K), 0.0023720 secs] 209969K->109716K(364160K), 0.0024140 secs] [Times: user=0.02 sys=0.00, real=0.00 secs] 
237.365: Total time for which application threads were stopped: 0.0050440 seconds, Stopping threads took: 0.0025610 seconds
237.455: Application time: 0.0896490 seconds
237.457: [GC237.457: [ParNew: 106911K->4900K(112448K), 0.0017300 secs] 209684K->107730K(364160K), 0.0017730 secs] [Times: user=0.01 sys=0.00, real=0.00 secs] 
237.459: Total time for which application threads were stopped: 0.0034830 seconds, Stopping threads took: 0.0016190 seconds
237.553: Application time: 0.0939980 seconds
237.555: [GC237.555: [ParNew: 104868K->7896K(112448K), 0.0026680 secs] 207698K->110726K(364160K), 0.0027120 secs] [Times: user=0.02 sys=0.00, real=0.00 secs] 
237.558: Total time for which application threads were stopped: 0.0055970 seconds, Stopping threads took: 0.0028100 seconds
237.653: Application time: 0.0945140 seconds
237.655: [GC237.655: [ParNew: 107864K->5865K(112448K), 0.0019370 secs] 210694K->108810K(364160K), 0.0019860 secs] [Times: user=0.02 sys=0.00, real=0.00 secs] 
237.657: Total time for which application threads were stopped: 0.0043650 seconds, Stopping threads took: 0.0023060 seconds
237.753: Application time: 0.0958410 seconds
237.755: [GC237.755: [ParNew: 105833K->6816K(112448K), 0.0023200 secs] 208778K->109760K(364160K), 0.0023680 secs] [Times: user=0.02 sys=0.00, real=0.00 secs] 
237.757: Total time for which application threads were stopped: 0.0044070 seconds, Stopping threads took: 0.0019580 seconds
237.851: Application time: 0.0942600 seconds
237.854: [GC237.854: [ParNew: 106784K->6595K(112448K), 0.0023460 secs] 209728K->109597K(364160K), 0.0023910 secs] [Times: user=0.02 sys=0.00, real=0.00 secs] 
237.857: Total time for which application threads were stopped: 0.0050000 seconds, Stopping threads took: 0.0025380 seconds
237.952: Application time: 0.0950260 seconds
237.954: [GC237.954: [ParNew: 106563K->7104K(112448K), 0.0023190 secs] 209565K->110106K(364160K), 0.0023660 secs] [Times: user=0.02 sys=0.00, real=0.00 secs] 
237.956: Total time for which application threads were stopped: 0.0045310 seconds, Stopping threads took: 0.0020900 seconds
238.053: Application time: 0.0968400 seconds
238.056: [GC238.056: [ParNew: 107072K->6537K(112448K), 0.0022070 secs] 210074K->109653K(364160K), 0.0022520 secs] [Times: user=0.01 sys=0.00, real=0.00 secs] 
238.059: Total time for which application threads were stopped: 0.0056560 seconds, Stopping threads took: 0.0033110 seconds
238.155: Application time: 0.0959640 seconds
238.156: [GC238.156: [ParNew: 106505K->5501K(112448K), 0.0018200 secs] 209621K->108674K(364160K), 0.0018730 secs] [Times: user=0.01 sys=0.00, real=0.00 secs] 
238.158: Total time for which application threads were stopped: 0.0036030 seconds, Stopping threads took: 0.0016570 seconds
238.255: Application time: 0.0971920 seconds
238.257: [GC238.257: [ParNew: 105469K->5440K(112448K), 0.0017950 secs] 208642K->108612K(364160K), 0.0018390 secs] [Times: user=0.02 sys=0.00, real=0.00 secs] 
238.259: Total time for which application threads were stopped: 0.0035310 seconds, Stopping threads took: 0.0016110 seconds
238.355: Application time: 0.0959730 seconds
238.357: [GC238.357: [ParNew: 105408K->7479K(112448K), 0.0025980 secs] 208580K->110652K(364160K), 0.0026440 secs] [Times: user=0.02 sys=0.00, real=0.01 secs] 
238.360: Total time for which application threads were stopped: 0.0048670 seconds, Stopping threads took: 0.0021310 seconds
238.457: Application time: 0.0975450 seconds
238.461: [GC238.461: [ParNew: 107447K->7406K(112448K), 0.0023410 secs] 210620K->110636K(364160K), 0.0023860 secs] [Times: user=0.02 sys=0.00, real=0.00 secs] 
238.463: Total time for which application threads were stopped: 0.0057100 seconds, Stopping threads took: 0.0032520 seconds
238.559: Application time: 0.0961140 seconds
238.561: [GC238.561: [ParNew: 107374K->6543K(112448K), 0.0023620 secs] 210604K->109858K(364160K), 0.0024070 secs] [Times: user=0.02 sys=0.00, real=0.00 secs] 
238.563: Total time for which application threads were stopped: 0.0043530 seconds, Stopping threads took: 0.0018750 seconds
238.659: Application time: 0.0956370 seconds
238.662: [GC238.662: [ParNew: 106511K->7539K(112448K), 0.0027040 secs] 209826K->110940K(364160K), 0.0027510 secs] [Times: user=0.02 sys=0.00, real=0.00 secs] 
238.665: Total time for which application threads were stopped: 0.0055380 seconds, Stopping threads took: 0.0027150 seconds
238.759: Application time: 0.0941410 seconds
238.762: [GC238.762: [ParNew: 107507K->7681K(112448K), 0.0025380 secs] 210908K->111110K(364160K), 0.0025830 secs] [Times: user=0.02 sys=0.01, real=0.00 secs] 
238.764: Total time for which application threads were stopped: 0.0057070 seconds, Stopping threads took: 0.0030220 seconds
238.860: Application time: 0.0959400 seconds
238.863: [GC238.863: [ParNew: 107649K->6704K(112448K), 0.0021990 secs] 211078K->110161K(364160K), 0.0022440 secs] [Times: user=0.02 sys=0.00, real=0.00 secs] 
238.865: Total time for which application threads were stopped: 0.0048200 seconds, Stopping threads took: 0.0024830 seconds
238.962: Application time: 0.0967620 seconds
238.965: [GC238.965: [ParNew: 106672K->6312K(112448K), 0.0020620 secs] 210129K->109770K(364160K), 0.0021050 secs] [Times: user=0.02 sys=0.00, real=0.00 secs] 
238.967: Total time for which application threads were stopped: 0.0051770 seconds, Stopping threads took: 0.0030000 seconds
239.062: Application time: 0.0946560 seconds
239.064: [GC239.064: [ParNew: 106280K->6915K(112448K), 0.0024100 secs] 209738K->110459K(364160K), 0.0024540 secs] [Times: user=0.02 sys=0.00, real=0.00 secs] 
239.066: Total time for which application threads were stopped: 0.0045270 seconds, Stopping threads took: 0.0020010 seconds
239.159: Application time: 0.0925610 seconds
239.161: [GC239.161: [ParNew: 106883K->7698K(112448K), 0.0026630 secs] 210427K->111298K(364160K), 0.0027080 secs] [Times: user=0.02 sys=0.00, real=0.00 secs] 
239.163: Total time for which application threads were stopped: 0.0045730 seconds, Stopping threads took: 0.0017840 seconds
239.257: Application time: 0.0936990 seconds
239.260: [GC239.260: [ParNew: 107666K->7279K(112448K), 0.0025100 secs] 211266K->110936K(364160K), 0.0025560 secs] [Times: user=0.02 sys=0.00, real=0.00 secs] 
239.262: Total time for which application threads were stopped: 0.0052510 seconds, Stopping threads took: 0.0026220 seconds
239.358: Application time: 0.0959160 seconds
239.361: [GC239.361: [ParNew: 107247K->6370K(112448K), 0.0021320 secs] 210904K->110056K(364160K), 0.0021860 secs] [Times: user=0.00 sys=0.02, real=0.00 secs] 
239.363: Total time for which application threads were stopped: 0.0051030 seconds, Stopping threads took: 0.0028380 seconds
239.460: Application time: 0.0962000 seconds
239.464: [GC239.464: [ParNew: 106338K->7616K(112448K), 0.0027450 secs] 210024K->111302K(364160K), 0.0027900 secs] [Times: user=0.02 sys=0.00, real=0.00 secs] 
239.466: Total time for which application threads were stopped: 0.0067050 seconds, Stopping threads took: 0.0038380 seconds
239.563: Application time: 0.0962670 seconds
239.565: [GC239.565: [ParNew: 107584K->7241K(112448K), 0.0039750 secs] 211270K->110984K(364160K), 0.0040270 secs] [Times: user=0.02 sys=0.00, real=0.01 secs] 
239.569: Total time for which application threads were stopped: 0.0062480 seconds, Stopping threads took: 0.0021520 seconds
239.671: Application time: 0.1021490 seconds
239.671: [GC239.671: [ParNew: 107209K->4920K(112448K), 0.0017860 secs] 210952K->108748K(364160K), 0.0018300 secs] [Times: user=0.01 sys=0.00, real=0.00 secs] 
239.673: Total time for which application threads were stopped: 0.0021150 seconds, Stopping threads took: 0.0002110 seconds
239.777: Application time: 0.1040280 seconds
239.779: [GC239.779: [ParNew: 104888K->6148K(112448K), 0.0020520 secs] 208716K->109976K(364160K), 0.0020970 secs] [Times: user=0.01 sys=0.00, real=0.00 secs] 
239.781: Total time for which application threads were stopped: 0.0042510 seconds, Stopping threads took: 0.0020820 seconds
239.879: Application time: 0.0977750 seconds
239.882: [GC239.882: [ParNew: 106116K->6621K(112448K), 0.0024150 secs] 209944K->110450K(364160K), 0.0024620 secs] [Times: user=0.02 sys=0.00, real=0.00 secs] 
239.885: Total time for which application threads were stopped: 0.0055570 seconds, Stopping threads took: 0.0030140 seconds
239.978: Application time: 0.0933540 seconds
239.980: [GC239.980: [ParNew: 106589K->6968K(112448K), 0.0025910 secs] 210418K->110882K(364160K), 0.0026380 secs] [Times: user=0.02 sys=0.00, real=0.00 secs] 
239.983: Total time for which application threads were stopped: 0.0048860 seconds, Stopping threads took: 0.0021780 seconds
240.084: Application time: 0.1014570 seconds
240.086: [GC240.086: [ParNew: 106936K->4722K(112448K), 0.0016720 secs] 210850K->108694K(364160K), 0.0017140 secs] [Times: user=0.02 sys=0.00, real=0.01 secs] 
240.088: Total time for which application threads were stopped: 0.0035400 seconds, Stopping threads took: 0.0017570 seconds
240.184: Application time: 0.0963250 seconds
240.187: [GC240.187: [ParNew: 104690K->7730K(112448K), 0.0025930 secs] 208662K->111701K(364160K), 0.0026390 secs] [Times: user=0.02 sys=0.00, real=0.00 secs] 
240.190: Total time for which application threads were stopped: 0.0056510 seconds, Stopping threads took: 0.0029210 seconds
240.285: Application time: 0.0951210 seconds
240.288: [GC240.288: [ParNew: 107698K->7445K(112448K), 0.0024380 secs] 211669K->111531K(364160K), 0.0024880 secs] [Times: user=0.02 sys=0.00, real=0.00 secs] 
240.291: Total time for which application threads were stopped: 0.0058230 seconds, Stopping threads took: 0.0032620 seconds
240.385: Application time: 0.0938820 seconds
240.387: [GC240.387: [ParNew: 107413K->5963K(112448K), 0.0019810 secs] 211499K->110077K(364160K), 0.0020250 secs] [Times: user=0.01 sys=0.00, real=0.01 secs] 
240.389: Total time for which application threads were stopped: 0.0044340 seconds, Stopping threads took: 0.0023320 seconds
240.483: Application time: 0.0942040 seconds
240.487: [GC240.487: [ParNew: 105930K->7244K(112448K), 0.0023930 secs] 210044K->111358K(364160K), 0.0024380 secs] [Times: user=0.02 sys=0.00, real=0.01 secs] 
240.489: Total time for which application threads were stopped: 0.0056060 seconds, Stopping threads took: 0.0030970 seconds
240.585: Application time: 0.0958200 seconds
240.587: [GC240.587: [ParNew: 107212K->6193K(112448K), 0.0021270 secs] 211326K->110364K(364160K), 0.0021730 secs] [Times: user=0.01 sys=0.00, real=0.01 secs] 
240.589: Total time for which application threads were stopped: 0.0039060 seconds, Stopping threads took: 0.0016590 seconds
240.687: Application time: 0.0980090 seconds
240.690: [GC240.690: [ParNew: 106161K->7811K(112448K), 0.0025590 secs] 210332K->111982K(364160K), 0.0026150 secs] [Times: user=0.02 sys=0.00, real=0.00 secs] 
240.693: Total time for which application threads were stopped: 0.0058850 seconds, Stopping threads took: 0.0031990 seconds
240.788: Application time: 0.0953190 seconds
240.791: [GC240.791: [ParNew: 107779K->6829K(112448K), 0.0025510 secs] 211950K->111142K(364160K), 0.0025970 secs] [Times: user=0.01 sys=0.01, real=0.00 secs] 
240.793: Total time for which application threads were stopped: 0.0052150 seconds, Stopping threads took: 0.0025490 seconds
240.890: Application time: 0.0963110 seconds
240.892: [GC240.892: [ParNew: 106797K->7649K(112448K), 0.0025190 secs] 211110K->111991K(364160K), 0.0025680 secs] [Times: user=0.02 sys=0.00, real=0.00 secs] 
240.895: Total time for which application threads were stopped: 0.0053350 seconds, Stopping threads took: 0.0026800 seconds
240.990: Application time: 0.0950790 seconds
240.993: [GC240.993: [ParNew: 107617K->7244K(112448K), 0.0024430 secs] 211959K->111615K(364160K), 0.0024840 secs] [Times: user=0.02 sys=0.00, real=0.00 secs] 
240.995: Total time for which application threads were stopped: 0.0053030 seconds, Stopping threads took: 0.0027390 seconds
241.088: Application time: 0.0928040 seconds
241.090: [GC241.090: [ParNew: 107212K->7057K(112448K), 0.0024670 secs] 211583K->111456K(364160K), 0.0025100 secs] [Times: user=0.02 sys=0.00, real=0.00 secs] 
241.093: Total time for which application threads were stopped: 0.0044980 seconds, Stopping threads took: 0.0018950 seconds
241.193: Application time: 0.1001460 seconds
241.195: [GC241.195: [ParNew: 107025K->7888K(112448K), 0.0026300 secs] 211424K->112344K(364160K), 0.0026750 secs] [Times: user=0.02 sys=0.00, real=0.00 secs] 
241.198: Total time for which application threads were stopped: 0.0050130 seconds, Stopping threads took: 0.0022640 seconds
241.293: Application time: 0.0948830 seconds
241.296: [GC241.296: [ParNew: 107856K->7092K(112448K), 0.0023370 secs] 212312K->111633K(364160K), 0.0023790 secs] [Times: user=0.01 sys=0.00, real=0.00 secs] 
241.298: Total time for which application threads were stopped: 0.0054220 seconds, Stopping threads took: 0.0029530 seconds
241.394: Application time: 0.0958670 seconds
241.397: [GC241.397: [ParNew: 107060K->7177K(112448K), 0.0024170 secs] 211601K->111747K(364160K), 0.0024630 secs] [Times: user=0.02 sys=0.00, real=0.00 secs] 
241.399: Total time for which application threads were stopped: 0.0050980 seconds, Stopping threads took: 0.0025560 seconds
241.494: Application time: 0.0953800 seconds
241.496: [GC241.496: [ParNew: 107145K->5683K(112448K), 0.0019690 secs] 211715K->110281K(364160K), 0.0020150 secs] [Times: user=0.01 sys=0.00, real=0.00 secs] 
241.498: Total time for which application threads were stopped: 0.0039680 seconds, Stopping threads took: 0.0018610 seconds
241.590: Application time: 0.0913780 seconds
241.592: [GC241.592: [ParNew: 105651K->5274K(112448K), 0.0017320 secs] 210249K->109872K(364160K), 0.0017780 secs] [Times: user=0.02 sys=0.00, real=0.00 secs] 
241.593: Total time for which application threads were stopped: 0.0035780 seconds, Stopping threads took: 0.0017280 seconds
241.685: Application time: 0.0915650 seconds
241.688: [GC241.688: [ParNew: 105242K->7413K(112448K), 0.0026840 secs] 209840K->112011K(364160K), 0.0027300 secs] [Times: user=0.01 sys=0.00, real=0.00 secs] 
241.690: Total time for which application threads were stopped: 0.0054160 seconds, Stopping threads took: 0.0026130 seconds
241.780: Application time: 0.0900940 seconds
241.784: [GC241.784: [ParNew: 107381K->6316K(112448K), 0.0021070 secs] 211979K->111057K(364160K), 0.0021530 secs] [Times: user=0.02 sys=0.00, real=0.00 secs] 
241.786: Total time for which application threads were stopped: 0.0052730 seconds, Stopping threads took: 0.0030290 seconds
241.874: Application time: 0.0885990 seconds
241.876: [GC241.877: [ParNew: 106284K->7153K(112448K), 0.0024100 secs] 211025K->111951K(364160K), 0.0024640 secs] [Times: user=0.01 sys=0.00, real=0.00 secs] 
241.879: Total time for which application threads were stopped: 0.0046750 seconds, Stopping threads took: 0.0021240 seconds
241.968: Application time: 0.0889770 seconds
241.970: [GC241.970: [ParNew: 107121K->6861K(112448K), 0.0022580 secs] 211919K->111688K(364160K), 0.0023030 secs] [Times: user=0.02 sys=0.00, real=0.00 secs] 
241.972: Total time for which application threads were stopped: 0.0045360 seconds, Stopping threads took: 0.0021350 seconds
242.062: Application time: 0.0892040 seconds
242.063: [GC242.063: [ParNew: 106829K->6171K(112448K), 0.0020960 secs] 211656K->110998K(364160K), 0.0021420 secs] [Times: user=0.01 sys=0.00, real=0.00 secs] 
242.065: Total time for which application threads were stopped: 0.0031000 seconds, Stopping threads took: 0.0008870 seconds
242.159: Application time: 0.0937640 seconds
242.161: [GC242.161: [ParNew: 106139K->6871K(112448K), 0.0023340 secs] 210966K->111698K(364160K), 0.0023750 secs] [Times: user=0.02 sys=0.00, real=0.00 secs] 
242.163: Total time for which application threads were stopped: 0.0045230 seconds, Stopping threads took: 0.0020770 seconds
242.251: Application time: 0.0883850 seconds
242.253: [GC242.253: [ParNew: 106839K->6949K(112448K), 0.0023190 secs] 211666K->111918K(364160K), 0.0023610 secs] [Times: user=0.02 sys=0.00, real=0.00 secs] 
242.255: Total time for which application threads were stopped: 0.0037360 seconds, Stopping threads took: 0.0013020 seconds
242.346: Application time: 0.0909370 seconds
242.349: [GC242.349: [ParNew: 106917K->7095K(112448K), 0.0024070 secs] 211886K->112121K(364160K), 0.0024500 secs] [Times: user=0.02 sys=0.00, real=0.00 secs] 
242.351: Total time for which application threads were stopped: 0.0050850 seconds, Stopping threads took: 0.0025660 seconds
242.444: Application time: 0.0925880 seconds
242.446: [GC242.446: [ParNew: 107063K->6202K(112448K), 0.0022120 secs] 212089K->111257K(364160K), 0.0022570 secs] [Times: user=0.02 sys=0.00, real=0.01 secs] 
242.448: Total time for which application threads were stopped: 0.0040830 seconds, Stopping threads took: 0.0017550 seconds
242.541: Application time: 0.0932950 seconds
242.543: [GC242.543: [ParNew: 106170K->7845K(112448K), 0.0025630 secs] 211225K->112899K(364160K), 0.0026070 secs] [Times: user=0.02 sys=0.00, real=0.00 secs] 
242.546: Total time for which application threads were stopped: 0.0045540 seconds, Stopping threads took: 0.0018710 seconds
242.634: Application time: 0.0885270 seconds
242.636: [GC242.636: [ParNew: 107813K->6681K(112448K), 0.0022820 secs] 212867K->111792K(364160K), 0.0023260 secs] [Times: user=0.02 sys=0.00, real=0.00 secs] 
242.639: Total time for which application threads were stopped: 0.0044930 seconds, Stopping threads took: 0.0020960 seconds
242.728: Application time: 0.0894730 seconds
242.731: [GC242.731: [ParNew: 106649K->7933K(112448K), 0.0025580 secs] 211760K->113130K(364160K), 0.0026080 secs] [Times: user=0.02 sys=0.00, real=0.00 secs] 
242.733: Total time for which application threads were stopped: 0.0048950 seconds, Stopping threads took: 0.0022190 seconds
242.825: Application time: 0.0917500 seconds
242.827: [GC242.827: [ParNew: 107901K->5529K(112448K), 0.0019670 secs] 213098K->110783K(364160K), 0.0020090 secs] [Times: user=0.01 sys=0.00, real=0.01 secs] 
242.829: Total time for which application threads were stopped: 0.0036250 seconds, Stopping threads took: 0.0015530 seconds
242.916: Application time: 0.0873840 seconds
242.919: [GC242.919: [ParNew: 105497K->6259K(112448K), 0.0020910 secs] 210751K->111513K(364160K), 0.0021320 secs] [Times: user=0.02 sys=0.00, real=0.00 secs] 
242.922: Total time for which application threads were stopped: 0.0056180 seconds, Stopping threads took: 0.0034160 seconds
243.012: Application time: 0.0907480 seconds
243.014: [GC243.014: [ParNew: 106227K->5857K(112448K), 0.0019810 secs] 211481K->111140K(364160K), 0.0020250 secs] [Times: user=0.01 sys=0.00, real=0.00 secs] 
243.016: Total time for which application threads were stopped: 0.0038730 seconds, Stopping threads took: 0.0017800 seconds
243.107: Application time: 0.0907390 seconds
243.108: [GC243.108: [ParNew: 105825K->6433K(112448K), 0.0022210 secs] 211108K->111716K(364160K), 0.0022770 secs] [Times: user=0.01 sys=0.00, real=0.00 secs] 
243.111: Total time for which application threads were stopped: 0.0037180 seconds, Stopping threads took: 0.0013390 seconds
243.199: Application time: 0.0879440 seconds
243.201: [GC243.201: [ParNew: 106401K->7168K(112448K), 0.0024940 secs] 211684K->112565K(364160K), 0.0025400 secs] [Times: user=0.02 sys=0.00, real=0.00 secs] 
243.203: Total time for which application threads were stopped: 0.0047430 seconds, Stopping threads took: 0.0021110 seconds
243.292: Application time: 0.0889010 seconds
243.295: [GC243.295: [ParNew: 107136K->7688K(112448K), 0.0026380 secs] 212533K->113170K(364160K), 0.0026830 secs] [Times: user=0.02 sys=0.00, real=0.00 secs] 
243.298: Total time for which application threads were stopped: 0.0055570 seconds, Stopping threads took: 0.0028040 seconds
243.387: Application time: 0.0893580 seconds
243.389: [GC243.389: [ParNew: 107656K->6643K(112448K), 0.0021640 secs] 213138K->112125K(364160K), 0.0022050 secs] [Times: user=0.01 sys=0.00, real=0.00 secs] 
243.391: Total time for which application threads were stopped: 0.0039850 seconds, Stopping threads took: 0.0017120 seconds
243.481: Application time: 0.0898610 seconds
243.484: [GC243.484: [ParNew: 106611K->6541K(112448K), 0.0021350 secs] 212093K->112052K(364160K), 0.0021820 secs] [Times: user=0.02 sys=0.00, real=0.00 secs] 
243.486: Total time for which application threads were stopped: 0.0048170 seconds, Stopping threads took: 0.0025640 seconds
243.574: Application time: 0.0883580 seconds
243.577: [GC243.577: [ParNew: 106509K->7099K(112448K), 0.0026060 secs] 212020K->112638K(364160K), 0.0026530 secs] [Times: user=0.02 sys=0.00, real=0.01 secs] 
243.580: Total time for which application threads were stopped: 0.0056190 seconds, Stopping threads took: 0.0029030 seconds
243.672: Application time: 0.0918920 seconds
243.673: [GC243.673: [ParNew: 107067K->7028K(112448K), 0.0024380 secs] 212606K->112653K(364160K), 0.0024820 secs] [Times: user=0.02 sys=0.00, real=0.00 secs] 
243.676: Total time for which application threads were stopped: 0.0039680 seconds, Stopping threads took: 0.0014000 seconds
243.765: Application time: 0.0896330 seconds
243.766: [GC243.766: [ParNew: 106996K->5420K(112448K), 0.0019710 secs] 212621K->111102K(364160K), 0.0020140 secs] [Times: user=0.01 sys=0.00, real=0.01 secs] 
243.768: Total time for which application threads were stopped: 0.0028560 seconds, Stopping threads took: 0.0007700 seconds
243.857: Application time: 0.0890100 seconds
243.859: [GC243.859: [ParNew: 105388K->5148K(112448K), 0.0017470 secs] 211070K->110830K(364160K), 0.0017950 secs] [Times: user=0.02 sys=0.00, real=0.01 secs] 
243.861: Total time for which application threads were stopped: 0.0036580 seconds, Stopping threads took: 0.0017910 seconds
243.949: Application time: 0.0885800 seconds
243.951: [GC243.951: [ParNew: 105116K->7022K(112448K), 0.0023690 secs] 210798K->112704K(364160K), 0.0024190 secs] [Times: user=0.02 sys=0.00, real=0.00 secs] 
243.954: Total time for which application threads were stopped: 0.0042770 seconds, Stopping threads took: 0.0017860 seconds
244.045: Application time: 0.0917210 seconds
244.048: [GC244.048: [ParNew: 106990K->5996K(112448K), 0.0020830 secs] 212672K->111735K(364160K), 0.0021230 secs] [Times: user=0.02 sys=0.00, real=0.00 secs] 
244.050: Total time for which application threads were stopped: 0.0045070 seconds, Stopping threads took: 0.0023140 seconds
244.137: Application time: 0.0871410 seconds
244.139: [GC244.139: [ParNew: 105964K->6184K(112448K), 0.0020200 secs] 211703K->111923K(364160K), 0.0020670 secs] [Times: user=0.01 sys=0.00, real=0.01 secs] 
244.141: Total time for which application threads were stopped: 0.0042790 seconds, Stopping threads took: 0.0021440 seconds
244.231: Application time: 0.0899180 seconds
244.233: [GC244.233: [ParNew: 106152K->7914K(112448K), 0.0026170 secs] 211891K->113653K(364160K), 0.0026630 secs] [Times: user=0.02 sys=0.00, real=0.00 secs] 
244.236: Total time for which application threads were stopped: 0.0048290 seconds, Stopping threads took: 0.0020850 seconds
244.329: Application time: 0.0929790 seconds
244.331: [GC244.331: [ParNew: 107882K->4880K(112448K), 0.0019390 secs] 213621K->110819K(364160K), 0.0019810 secs] [Times: user=0.01 sys=0.00, real=0.00 secs] 
244.333: Total time for which application threads were stopped: 0.0036100 seconds, Stopping threads took: 0.0015510 seconds
244.431: Application time: 0.0984380 seconds
244.433: [GC244.433: [ParNew: 104848K->5811K(112448K), 0.0019030 secs] 210787K->111750K(364160K), 0.0019470 secs] [Times: user=0.01 sys=0.00, real=0.00 secs] 
244.435: Total time for which application threads were stopped: 0.0035970 seconds, Stopping threads took: 0.0015780 seconds
244.524: Application time: 0.0896980 seconds
244.527: [GC244.527: [ParNew: 105779K->7013K(112448K), 0.0024480 secs] 211718K->112951K(364160K), 0.0024900 secs] [Times: user=0.02 sys=0.00, real=0.01 secs] 
244.529: Total time for which application threads were stopped: 0.0047150 seconds, Stopping threads took: 0.0021570 seconds
244.619: Application time: 0.0902030 seconds
244.622: [GC244.622: [ParNew: 106981K->6191K(112448K), 0.0021190 secs] 212919K->112244K(364160K), 0.0021620 secs] [Times: user=0.01 sys=0.00, real=0.00 secs] 
244.624: Total time for which application threads were stopped: 0.0050860 seconds, Stopping threads took: 0.0028550 seconds
244.715: Application time: 0.0900870 seconds
244.716: [GC244.716: [ParNew: 106159K->7187K(112448K), 0.0024270 secs] 212212K->113240K(364160K), 0.0024740 secs] [Times: user=0.02 sys=0.00, real=0.00 secs] 
244.719: Total time for which application threads were stopped: 0.0042840 seconds, Stopping threads took: 0.0017390 seconds
244.807: Application time: 0.0885880 seconds
244.810: [GC244.810: [ParNew: 107155K->7299K(112448K), 0.0024820 secs] 213208K->113465K(364160K), 0.0025280 secs] [Times: user=0.02 sys=0.00, real=0.00 secs] 
244.812: Total time for which application threads were stopped: 0.0048430 seconds, Stopping threads took: 0.0022360 seconds
244.905: Application time: 0.0922750 seconds
244.906: [GC244.906: [ParNew: 107267K->6173K(112448K), 0.0020280 secs] 213433K->112368K(364160K), 0.0020770 secs] [Times: user=0.01 sys=0.00, real=0.01 secs] 
244.908: Total time for which application threads were stopped: 0.0033650 seconds, Stopping threads took: 0.0012180 seconds
244.998: Application time: 0.0902190 seconds
245.000: [GC245.000: [ParNew: 106141K->5924K(112448K), 0.0019950 secs] 212336K->112119K(364160K), 0.0020390 secs] [Times: user=0.01 sys=0.00, real=0.00 secs] 
245.002: Total time for which application threads were stopped: 0.0040650 seconds, Stopping threads took: 0.0019570 seconds
245.095: Application time: 0.0925830 seconds
245.097: [GC245.097: [ParNew: 105892K->5652K(112448K), 0.0020480 secs] 212087K->111847K(364160K), 0.0020870 secs] [Times: user=0.02 sys=0.00, real=0.00 secs] 
245.099: Total time for which application threads were stopped: 0.0039790 seconds, Stopping threads took: 0.0018020 seconds
245.190: Application time: 0.0909570 seconds
245.192: [GC245.192: [ParNew: 105620K->6733K(112448K), 0.0021760 secs] 211815K->112928K(364160K), 0.0022230 secs] [Times: user=0.02 sys=0.00, real=0.00 secs] 
245.195: Total time for which application threads were stopped: 0.0049050 seconds, Stopping threads took: 0.0026110 seconds
245.281: Application time: 0.0867500 seconds
245.283: [GC245.283: [ParNew: 106701K->7309K(112448K), 0.0024720 secs] 212896K->113704K(364160K), 0.0025240 secs] [Times: user=0.01 sys=0.00, real=0.00 secs] 
245.286: Total time for which application threads were stopped: 0.0044430 seconds, Stopping threads took: 0.0018460 seconds
245.378: Application time: 0.0926340 seconds
245.381: [GC245.381: [ParNew: 107277K->6668K(112448K), 0.0022350 secs] 213672K->113092K(364160K), 0.0022790 secs] [Times: user=0.01 sys=0.00, real=0.00 secs] 
245.384: Total time for which application threads were stopped: 0.0050760 seconds, Stopping threads took: 0.0027270 seconds
245.472: Application time: 0.0889790 seconds
245.473: [GC245.473: [ParNew: 106636K->6029K(112448K), 0.0020500 secs] 213060K->112453K(364160K), 0.0021020 secs] [Times: user=0.01 sys=0.00, real=0.00 secs] 
245.475: Total time for which application threads were stopped: 0.0025970 seconds, Stopping threads took: 0.0004230 seconds
245.573: Application time: 0.0977110 seconds
245.576: [GC245.576: [ParNew: 105997K->7397K(112448K), 0.0024120 secs] 212421K->113820K(364160K), 0.0024600 secs] [Times: user=0.01 sys=0.00, real=0.00 secs] 
245.578: Total time for which application threads were stopped: 0.0053650 seconds, Stopping threads took: 0.0028330 seconds
245.673: Application time: 0.0949530 seconds
245.676: [GC245.676: [ParNew: 107365K->6897K(112448K), 0.0022980 secs] 213788K->113434K(364160K), 0.0023410 secs] [Times: user=0.02 sys=0.00, real=0.00 secs] 
245.679: Total time for which application threads were stopped: 0.0056840 seconds, Stopping threads took: 0.0032730 seconds
245.777: Application time: 0.0980750 seconds
245.780: [GC245.780: [ParNew: 106865K->6660K(112448K), 0.0022710 secs] 213402K->113283K(364160K), 0.0023180 secs] [Times: user=0.02 sys=0.00, real=0.00 secs] 
245.782: Total time for which application threads were stopped: 0.0055300 seconds, Stopping threads took: 0.0031390 seconds
245.874: Application time: 0.0910730 seconds
245.876: [GC245.876: [ParNew: 106628K->7654K(112448K), 0.0025520 secs] 213251K->114277K(364160K), 0.0025970 secs] [Times: user=0.02 sys=0.00, real=0.00 secs] 
245.879: Total time for which application threads were stopped: 0.0053610 seconds, Stopping threads took: 0.0026910 seconds
245.971: Application time: 0.0924310 seconds
245.974: [GC245.974: [ParNew: 107622K->7484K(112448K), 0.0026060 secs] 214245K->114135K(364160K), 0.0026520 secs] [Times: user=0.02 sys=0.00, real=0.00 secs] 
245.977: Total time for which application threads were stopped: 0.0054530 seconds, Stopping threads took: 0.0027190 seconds
246.070: Application time: 0.0929180 seconds
246.072: [GC246.072: [ParNew: 107452K->7148K(112448K), 0.0024550 secs] 214103K->113828K(364160K), 0.0025010 secs] [Times: user=0.02 sys=0.00, real=0.00 secs] 
246.074: Total time for which application threads were stopped: 0.0045450 seconds, Stopping threads took: 0.0019730 seconds
246.168: Application time: 0.0938170 seconds
246.171: [GC246.171: [ParNew: 107116K->7155K(112448K), 0.0024570 secs] 213796K->113921K(364160K), 0.0025060 secs] [Times: user=0.02 sys=0.00, real=0.00 secs] 
246.174: Total time for which application threads were stopped: 0.0057250 seconds, Stopping threads took: 0.0031480 seconds
246.270: Application time: 0.0959310 seconds
246.273: [GC246.273: [ParNew: 107123K->6183K(112448K), 0.0021660 secs] 213889K->113006K(364160K), 0.0022110 secs] [Times: user=0.01 sys=0.00, real=0.00 secs] 
246.275: Total time for which application threads were stopped: 0.0051900 seconds, Stopping threads took: 0.0029050 seconds
246.371: Application time: 0.0957960 seconds
246.374: [GC246.374: [ParNew: 106151K->6013K(112448K), 0.0019350 secs] 212974K->112836K(364160K), 0.0019830 secs] [Times: user=0.02 sys=0.00, real=0.00 secs] 
246.376: Total time for which application threads were stopped: 0.0049100 seconds, Stopping threads took: 0.0028560 seconds
246.473: Application time: 0.0978350 seconds
246.477: [GC246.477: [ParNew: 105981K->6835K(112448K), 0.0022110 secs] 212804K->113657K(364160K), 0.0022570 secs] [Times: user=0.02 sys=0.00, real=0.00 secs] 
246.479: Total time for which application threads were stopped: 0.0054390 seconds, Stopping threads took: 0.0031010 seconds
246.576: Application time: 0.0967890 seconds
246.578: [GC246.578: [ParNew: 106803K->6508K(112448K), 0.0022240 secs] 213625K->113387K(364160K), 0.0022680 secs] [Times: user=0.02 sys=0.00, real=0.01 secs] 
246.580: Total time for which application threads were stopped: 0.0041250 seconds, Stopping threads took: 0.0017850 seconds
246.677: Application time: 0.0974730 seconds
246.680: [GC246.680: [ParNew: 106476K->7765K(112448K), 0.0026280 secs] 213355K->114758K(364160K), 0.0026740 secs] [Times: user=0.02 sys=0.00, real=0.00 secs] 
246.683: Total time for which application threads were stopped: 0.0054400 seconds, Stopping threads took: 0.0026720 seconds
246.778: Application time: 0.0953730 seconds
246.781: [GC246.781: [ParNew: 107733K->7859K(112448K), 0.0025870 secs] 214726K->114910K(364160K), 0.0026320 secs] [Times: user=0.02 sys=0.00, real=0.00 secs] 
246.784: Total time for which application threads were stopped: 0.0055750 seconds, Stopping threads took: 0.0028510 seconds
246.878: Application time: 0.0945780 seconds
246.880: [GC246.880: [ParNew: 107827K->7009K(112448K), 0.0024770 secs] 214878K->114089K(364160K), 0.0025210 secs] [Times: user=0.02 sys=0.00, real=0.00 secs] 
246.883: Total time for which application threads were stopped: 0.0046910 seconds, Stopping threads took: 0.0020900 seconds
246.978: Application time: 0.0952200 seconds
246.981: [GC246.981: [ParNew: 106977K->7777K(112448K), 0.0025370 secs] 214057K->114884K(364160K), 0.0025810 secs] [Times: user=0.02 sys=0.00, real=0.00 secs] 
246.983: Total time for which application threads were stopped: 0.0052380 seconds, Stopping threads took: 0.0025770 seconds
247.082: Application time: 0.0982180 seconds
247.084: [GC247.084: [ParNew: 107745K->6818K(112448K), 0.0022030 secs] 214852K->113926K(364160K), 0.0022490 secs] [Times: user=0.01 sys=0.00, real=0.00 secs] 
247.087: Total time for which application threads were stopped: 0.0050650 seconds, Stopping threads took: 0.0027450 seconds
247.182: Application time: 0.0953540 seconds
247.184: [GC247.184: [ParNew: 106786K->6635K(112448K), 0.0022110 secs] 213894K->113857K(364160K), 0.0022560 secs] [Times: user=0.02 sys=0.00, real=0.00 secs] 
247.186: Total time for which application threads were stopped: 0.0039610 seconds, Stopping threads took: 0.0016320 seconds
247.280: Application time: 0.0938850 seconds
247.282: [GC247.282: [ParNew: 106603K->6598K(112448K), 0.0024000 secs] 213825K->113877K(364160K), 0.0024460 secs] [Times: user=0.02 sys=0.00, real=0.00 secs] 
247.285: Total time for which application threads were stopped: 0.0050500 seconds, Stopping threads took: 0.0025210 seconds
247.382: Application time: 0.0969540 seconds
247.385: [GC247.385: [ParNew: 106566K->6367K(112448K), 0.0022060 secs] 213845K->113675K(364160K), 0.0022510 secs] [Times: user=0.01 sys=0.00, real=0.01 secs] 
247.388: Total time for which application threads were stopped: 0.0057270 seconds, Stopping threads took: 0.0034090 seconds
247.480: Application time: 0.0928690 seconds
247.484: [GC247.484: [ParNew: 106335K->6883K(112448K), 0.0022890 secs] 213643K->114219K(364160K), 0.0023340 secs] [Times: user=0.01 sys=0.00, real=0.00 secs] 
247.486: Total time for which application threads were stopped: 0.0056340 seconds, Stopping threads took: 0.0031970 seconds
247.580: Application time: 0.0934670 seconds
247.582: [GC247.582: [ParNew: 106851K->6879K(112448K), 0.0022360 secs] 214187K->114215K(364160K), 0.0022800 secs] [Times: user=0.02 sys=0.00, real=0.00 secs] 
247.585: Total time for which application threads were stopped: 0.0051450 seconds, Stopping threads took: 0.0027690 seconds
247.681: Application time: 0.0959680 seconds
247.684: [GC247.684: [ParNew: 106847K->7298K(112448K), 0.0024120 secs] 214183K->114748K(364160K), 0.0024600 secs] [Times: user=0.02 sys=0.00, real=0.00 secs] 
247.686: Total time for which application threads were stopped: 0.0054370 seconds, Stopping threads took: 0.0029060 seconds
247.780: Application time: 0.0936590 seconds
247.782: [GC247.782: [ParNew: 107266K->7396K(112448K), 0.0024870 secs] 214716K->114903K(364160K), 0.0025330 secs] [Times: user=0.02 sys=0.00, real=0.00 secs] 
247.785: Total time for which application threads were stopped: 0.0047990 seconds, Stopping threads took: 0.0021930 seconds
247.878: Application time: 0.0933650 seconds
247.880: [GC247.880: [ParNew: 107364K->6532K(112448K), 0.0021030 secs] 214871K->114067K(364160K), 0.0021510 secs] [Times: user=0.02 sys=0.00, real=0.00 secs] 
247.882: Total time for which application threads were stopped: 0.0042650 seconds, Stopping threads took: 0.0020410 seconds
247.978: Application time: 0.0958300 seconds
247.981: [GC247.981: [ParNew: 106500K->6770K(112448K), 0.0024290 secs] 214035K->114334K(364160K), 0.0024830 secs] [Times: user=0.02 sys=0.00, real=0.00 secs] 
247.984: Total time for which application threads were stopped: 0.0054120 seconds, Stopping threads took: 0.0028350 seconds
248.075: Application time: 0.0915330 seconds
248.077: [GC248.077: [ParNew: 106738K->7658K(112448K), 0.0026580 secs] 214302K->115223K(364160K), 0.0027060 secs] [Times: user=0.02 sys=0.00, real=0.01 secs] 
248.080: Total time for which application threads were stopped: 0.0047700 seconds, Stopping threads took: 0.0019850 seconds
248.172: Application time: 0.0926500 seconds
248.175: [GC248.175: [ParNew: 107626K->7461K(112448K), 0.0025630 secs] 215191K->115082K(364160K), 0.0026110 secs] [Times: user=0.02 sys=0.00, real=0.00 secs] 
248.177: Total time for which application threads were stopped: 0.0048530 seconds, Stopping threads took: 0.0021580 seconds
248.274: Application time: 0.0964420 seconds
248.276: [GC248.276: [ParNew: 107429K->7452K(112448K), 0.0024270 secs] 215050K->115130K(364160K), 0.0024700 secs] [Times: user=0.02 sys=0.00, real=0.00 secs] 
248.278: Total time for which application threads were stopped: 0.0046830 seconds, Stopping threads took: 0.0021390 seconds
248.374: Application time: 0.0954280 seconds
248.376: [GC248.376: [ParNew: 107420K->5343K(112448K), 0.0018120 secs] 215098K->113106K(364160K), 0.0018560 secs] [Times: user=0.01 sys=0.00, real=0.00 secs] 
248.378: Total time for which application threads were stopped: 0.0038150 seconds, Stopping threads took: 0.0018880 seconds
248.472: Application time: 0.0947280 seconds
248.474: [GC248.474: [ParNew: 105311K->6091K(112448K), 0.0020850 secs] 213074K->113854K(364160K), 0.0021300 secs] [Times: user=0.02 sys=0.00, real=0.00 secs] 
248.476: Total time for which application threads were stopped: 0.0039980 seconds, Stopping threads took: 0.0017750 seconds
248.574: Application time: 0.0975840 seconds
248.575: [GC248.575: [ParNew: 106059K->6114K(112448K), 0.0021040 secs] 213822K->113878K(364160K), 0.0021440 secs] [Times: user=0.02 sys=0.00, real=0.00 secs] 
248.578: Total time for which application threads were stopped: 0.0036030 seconds, Stopping threads took: 0.0013880 seconds
248.673: Application time: 0.0953500 seconds
248.674: [GC248.674: [ParNew: 106082K->6513K(112448K), 0.0023510 secs] 213846K->114277K(364160K), 0.0023980 secs] [Times: user=0.02 sys=0.00, real=0.00 secs] 
248.677: Total time for which application threads were stopped: 0.0038440 seconds, Stopping threads took: 0.0013640 seconds
248.774: Application time: 0.0975510 seconds
248.777: [GC248.777: [ParNew: 106481K->6911K(112448K), 0.0025940 secs] 214245K->114818K(364160K), 0.0026430 secs] [Times: user=0.02 sys=0.00, real=0.01 secs] 
248.780: Total time for which application threads were stopped: 0.0053980 seconds, Stopping threads took: 0.0026830 seconds
248.873: Application time: 0.0936210 seconds
248.876: [GC248.876: [ParNew: 106879K->6921K(112448K), 0.0024540 secs] 214786K->114884K(364160K), 0.0024990 secs] [Times: user=0.01 sys=0.00, real=0.00 secs] 
248.878: Total time for which application threads were stopped: 0.0050080 seconds, Stopping threads took: 0.0024360 seconds
248.972: Application time: 0.0935920 seconds
248.975: [GC248.975: [ParNew: 106889K->7092K(112448K), 0.0022980 secs] 214852K->115084K(364160K), 0.0023460 secs] [Times: user=0.02 sys=0.00, real=0.00 secs] 
248.977: Total time for which application threads were stopped: 0.0051000 seconds, Stopping threads took: 0.0026820 seconds
249.070: Application time: 0.0924610 seconds
249.072: [GC249.072: [ParNew: 107060K->7225K(112448K), 0.0024020 secs] 215052K->115245K(364160K), 0.0024510 secs] [Times: user=0.02 sys=0.00, real=0.00 secs] 
249.074: Total time for which application threads were stopped: 0.0047780 seconds, Stopping threads took: 0.0022340 seconds
249.169: Application time: 0.0942090 seconds
249.171: [GC249.171: [ParNew: 107193K->6843K(112448K), 0.0022280 secs] 215213K->114892K(364160K), 0.0022840 secs] [Times: user=0.02 sys=0.00, real=0.00 secs] 
249.174: Total time for which application threads were stopped: 0.0051190 seconds, Stopping threads took: 0.0027620 seconds
249.270: Application time: 0.0959770 seconds
249.272: [GC249.272: [ParNew: 106811K->7687K(112448K), 0.0025240 secs] 214860K->115821K(364160K), 0.0025720 secs] [Times: user=0.02 sys=0.00, real=0.00 secs] 
249.275: Total time for which application threads were stopped: 0.0048960 seconds, Stopping threads took: 0.0022450 seconds
249.369: Application time: 0.0949070 seconds
249.371: [GC249.371: [ParNew: 107655K->6523K(112448K), 0.0022680 secs] 215789K->114714K(364160K), 0.0023130 secs] [Times: user=0.01 sys=0.00, real=0.00 secs] 
249.374: Total time for which application threads were stopped: 0.0042330 seconds, Stopping threads took: 0.0018490 seconds
249.465: Application time: 0.0917790 seconds
249.469: [GC249.469: [ParNew: 106491K->5768K(112448K), 0.0019310 secs] 214682K->113988K(364160K), 0.0019790 secs] [Times: user=0.01 sys=0.00, real=0.00 secs] 
249.471: Total time for which application threads were stopped: 0.0050690 seconds, Stopping threads took: 0.0030180 seconds
249.567: Application time: 0.0962170 seconds
249.569: [GC249.569: [ParNew: 105736K->6508K(112448K), 0.0021280 secs] 213956K->114728K(364160K), 0.0021710 secs] [Times: user=0.01 sys=0.00, real=0.00 secs] 
249.571: Total time for which application threads were stopped: 0.0041370 seconds, Stopping threads took: 0.0018960 seconds
249.658: Application time: 0.0875010 seconds
249.661: [GC249.661: [ParNew: 106476K->6291K(112448K), 0.0020830 secs] 214696K->114568K(364160K), 0.0021270 secs] [Times: user=0.02 sys=0.00, real=0.00 secs] 
249.663: Total time for which application threads were stopped: 0.0044380 seconds, Stopping threads took: 0.0022210 seconds
249.752: Application time: 0.0894980 seconds
249.755: [GC249.755: [ParNew: 106259K->6777K(112448K), 0.0022510 secs] 214536K->115140K(364160K), 0.0022980 secs] [Times: user=0.01 sys=0.00, real=0.00 secs] 
249.757: Total time for which application threads were stopped: 0.0046430 seconds, Stopping threads took: 0.0022760 seconds
249.845: Application time: 0.0884250 seconds
249.848: [GC249.848: [ParNew: 106745K->7043K(112448K), 0.0022600 secs] 215108K->115462K(364160K), 0.0023090 secs] [Times: user=0.02 sys=0.00, real=0.00 secs] 
249.850: Total time for which application threads were stopped: 0.0045040 seconds, Stopping threads took: 0.0021100 seconds
249.939: Application time: 0.0894470 seconds
249.941: [GC249.941: [ParNew: 107011K->5519K(112448K), 0.0018320 secs] 215430K->113967K(364160K), 0.0018770 secs] [Times: user=0.01 sys=0.00, real=0.00 secs] 
249.943: Total time for which application threads were stopped: 0.0033910 seconds, Stopping threads took: 0.0014410 seconds
250.032: Application time: 0.0891180 seconds
250.034: [GC250.034: [ParNew: 105487K->6135K(112448K), 0.0019950 secs] 213935K->114583K(364160K), 0.0020380 secs] [Times: user=0.02 sys=0.00, real=0.00 secs] 
250.036: Total time for which application threads were stopped: 0.0040070 seconds, Stopping threads took: 0.0018980 seconds
250.125: Application time: 0.0894790 seconds
250.128: [GC250.128: [ParNew: 106103K->5905K(112448K), 0.0018940 secs] 214551K->114353K(364160K), 0.0019380 secs] [Times: user=0.02 sys=0.00, real=0.00 secs] 
250.130: Total time for which application threads were stopped: 0.0043720 seconds, Stopping threads took: 0.0023610 seconds
250.217: Application time: 0.0876750 seconds
250.219: [GC250.219: [ParNew: 105873K->6325K(112448K), 0.0021330 secs] 214321K->114773K(364160K), 0.0021750 secs] [Times: user=0.01 sys=0.00, real=0.01 secs] 
250.221: Total time for which application threads were stopped: 0.0039160 seconds, Stopping threads took: 0.0016720 seconds
250.310: Application time: 0.0885580 seconds
250.311: [GC250.311: [ParNew: 106293K->6386K(112448K), 0.0021900 secs] 214741K->114948K(364160K), 0.0022350 secs] [Times: user=0.02 sys=0.00, real=0.00 secs] 
250.313: Total time for which application threads were stopped: 0.0035080 seconds, Stopping threads took: 0.0011990 seconds
250.407: Application time: 0.0938210 seconds
250.410: [GC250.410: [ParNew: 106354K->6335K(112448K), 0.0020730 secs] 214916K->115011K(364160K), 0.0021240 secs] [Times: user=0.01 sys=0.00, real=0.00 secs] 
250.412: Total time for which application threads were stopped: 0.0046820 seconds, Stopping threads took: 0.0024830 seconds
250.507: Application time: 0.0946050 seconds
250.508: [GC250.509: [ParNew: 106303K->3339K(112448K), 0.0012520 secs] 214979K->112044K(364160K), 0.0012930 secs] [Times: user=0.01 sys=0.00, real=0.00 secs] 
250.510: Total time for which application threads were stopped: 0.0032920 seconds, Stopping threads took: 0.0019110 seconds
250.601: Application time: 0.0908720 seconds
250.603: [GC250.603: [ParNew: 103307K->5843K(112448K), 0.0020240 secs] 212012K->114548K(364160K), 0.0020680 secs] [Times: user=0.01 sys=0.00, real=0.00 secs] 
250.605: Total time for which application threads were stopped: 0.0042280 seconds, Stopping threads took: 0.0020870 seconds
250.698: Application time: 0.0928740 seconds
250.699: [GC250.699: [ParNew: 105811K->6871K(112448K), 0.0025160 secs] 214516K->115576K(364160K), 0.0025590 secs] [Times: user=0.02 sys=0.00, real=0.01 secs] 
250.701: Total time for which application threads were stopped: 0.0035600 seconds, Stopping threads took: 0.0009100 seconds
250.791: Application time: 0.0892750 seconds
250.794: [GC250.794: [ParNew: 106839K->6953K(112448K), 0.0022880 secs] 215544K->115800K(364160K), 0.0023340 secs] [Times: user=0.02 sys=0.00, real=0.00 secs] 
250.796: Total time for which application threads were stopped: 0.0052500 seconds, Stopping threads took: 0.0028460 seconds
250.884: Application time: 0.0881990 seconds
250.886: [GC250.886: [ParNew: 106921K->6058K(112448K), 0.0020840 secs] 215768K->114963K(364160K), 0.0021280 secs] [Times: user=0.01 sys=0.00, real=0.01 secs] 
250.888: Total time for which application threads were stopped: 0.0036970 seconds, Stopping threads took: 0.0015000 seconds
250.979: Application time: 0.0915930 seconds
250.981: [GC250.981: [ParNew: 106026K->6066K(112448K), 0.0019380 secs] 214931K->114971K(364160K), 0.0019820 secs] [Times: user=0.02 sys=0.00, real=0.00 secs] 
250.983: Total time for which application threads were stopped: 0.0037210 seconds, Stopping threads took: 0.0016580 seconds
251.072: Application time: 0.0888600 seconds
251.075: [GC251.075: [ParNew: 106034K->7064K(112448K), 0.0024970 secs] 214939K->115969K(364160K), 0.0025410 secs] [Times: user=0.02 sys=0.00, real=0.00 secs] 
251.078: Total time for which application threads were stopped: 0.0055470 seconds, Stopping threads took: 0.0029170 seconds
251.168: Application time: 0.0907170 seconds
251.170: [GC251.170: [ParNew: 107032K->6031K(112448K), 0.0022280 secs] 215937K->115021K(364160K), 0.0022730 secs] [Times: user=0.02 sys=0.00, real=0.00 secs] 
251.172: Total time for which application threads were stopped: 0.0038630 seconds, Stopping threads took: 0.0015200 seconds
251.261: Application time: 0.0887040 seconds
251.263: [GC251.263: [ParNew: 105999K->6962K(112448K), 0.0025060 secs] 214989K->115951K(364160K), 0.0025520 secs] [Times: user=0.02 sys=0.00, real=0.00 secs] 
251.266: Total time for which application threads were stopped: 0.0050450 seconds, Stopping threads took: 0.0024160 seconds
251.356: Application time: 0.0901480 seconds
251.358: [GC251.358: [ParNew: 106930K->6982K(112448K), 0.0026500 secs] 215919K->116086K(364160K), 0.0026960 secs] [Times: user=0.02 sys=0.00, real=0.01 secs] 
251.361: Total time for which application threads were stopped: 0.0047030 seconds, Stopping threads took: 0.0019220 seconds
251.450: Application time: 0.0891220 seconds
251.453: [GC251.453: [ParNew: 106950K->7052K(112448K), 0.0023150 secs] 216054K->116213K(364160K), 0.0023700 secs] [Times: user=0.01 sys=0.00, real=0.00 secs] 
251.455: Total time for which application threads were stopped: 0.0054870 seconds, Stopping threads took: 0.0030490 seconds
251.545: Application time: 0.0895990 seconds
251.547: [GC251.547: [ParNew: 107020K->6736K(112448K), 0.0022040 secs] 216181K->115897K(364160K), 0.0022590 secs] [Times: user=0.02 sys=0.00, real=0.01 secs] 
251.549: Total time for which application threads were stopped: 0.0045450 seconds, Stopping threads took: 0.0022070 seconds
251.639: Application time: 0.0890550 seconds
251.640: [GC251.640: [ParNew: 106704K->6951K(112448K), 0.0023330 secs] 215865K->116140K(364160K), 0.0023770 secs] [Times: user=0.02 sys=0.00, real=0.00 secs] 
251.643: Total time for which application threads were stopped: 0.0042870 seconds, Stopping threads took: 0.0018390 seconds
251.733: Application time: 0.0901280 seconds
251.734: [GC251.734: [ParNew: 106919K->6542K(112448K), 0.0021800 secs] 216108K->115845K(364160K), 0.0022250 secs] [Times: user=0.02 sys=0.00, real=0.00 secs] 
251.737: Total time for which application threads were stopped: 0.0036180 seconds, Stopping threads took: 0.0013120 seconds
251.828: Application time: 0.0914610 seconds
251.829: [GC251.829: [ParNew: 106510K->4740K(112448K), 0.0016590 secs] 215813K->114072K(364160K), 0.0017020 secs] [Times: user=0.02 sys=0.00, real=0.00 secs] 
251.831: Total time for which application threads were stopped: 0.0029710 seconds, Stopping threads took: 0.0012010 seconds
251.923: Application time: 0.0918170 seconds
251.925: [GC251.925: [ParNew: 104708K->6529K(112448K), 0.0022410 secs] 214040K->115861K(364160K), 0.0022850 secs] [Times: user=0.02 sys=0.00, real=0.00 secs] 
251.927: Total time for which application threads were stopped: 0.0044110 seconds, Stopping threads took: 0.0020370 seconds
252.014: Application time: 0.0868290 seconds
252.016: [GC252.016: [ParNew: 106497K->7532K(112448K), 0.0024810 secs] 215829K->116921K(364160K), 0.0025260 secs] [Times: user=0.02 sys=0.00, real=0.00 secs] 
252.019: Total time for which application threads were stopped: 0.0049490 seconds, Stopping threads took: 0.0023450 seconds
252.110: Application time: 0.0912350 seconds
252.112: [GC252.112: [ParNew: 107500K->6776K(112448K), 0.0023780 secs] 216889K->116194K(364160K), 0.0024230 secs] [Times: user=0.01 sys=0.00, real=0.00 secs] 
252.115: Total time for which application threads were stopped: 0.0046190 seconds, Stopping threads took: 0.0021050 seconds
252.210: Application time: 0.0947510 seconds
252.212: [GC252.212: [ParNew: 106744K->6253K(112448K), 0.0022010 secs] 216162K->115756K(364160K), 0.0022430 secs] [Times: user=0.01 sys=0.00, real=0.00 secs] 
252.214: Total time for which application threads were stopped: 0.0042260 seconds, Stopping threads took: 0.0018920 seconds
252.302: Application time: 0.0880060 seconds
252.304: [GC252.304: [ParNew: 106221K->6841K(112448K), 0.0024080 secs] 215724K->116402K(364160K), 0.0024530 secs] [Times: user=0.02 sys=0.00, real=0.00 secs] 
252.306: Total time for which application threads were stopped: 0.0042520 seconds, Stopping threads took: 0.0017070 seconds
252.394: Application time: 0.0875550 seconds
252.396: [GC252.396: [ParNew: 106809K->6863K(112448K), 0.0022370 secs] 216370K->116480K(364160K), 0.0022810 secs] [Times: user=0.02 sys=0.00, real=0.00 secs] 
252.399: Total time for which application threads were stopped: 0.0048540 seconds, Stopping threads took: 0.0024990 seconds
252.488: Application time: 0.0892500 seconds
252.490: [GC252.490: [ParNew: 106831K->6702K(112448K), 0.0022260 secs] 216448K->116320K(364160K), 0.0022700 secs] [Times: user=0.02 sys=0.00, real=0.00 secs] 
252.492: Total time for which application threads were stopped: 0.0041510 seconds, Stopping threads took: 0.0017900 seconds
252.581: Application time: 0.0886540 seconds
252.583: [GC252.583: [ParNew: 106670K->4951K(112448K), 0.0017340 secs] 216288K->114568K(364160K), 0.0017770 secs] [Times: user=0.01 sys=0.00, real=0.00 secs] 
252.584: Total time for which application threads were stopped: 0.0037700 seconds, Stopping threads took: 0.0019210 seconds
252.676: Application time: 0.0913830 seconds
252.678: [GC252.678: [ParNew: 104919K->7190K(112448K), 0.0023590 secs] 214536K->116807K(364160K), 0.0024040 secs] [Times: user=0.02 sys=0.00, real=0.01 secs] 
252.680: Total time for which application threads were stopped: 0.0046190 seconds, Stopping threads took: 0.0021280 seconds
252.772: Application time: 0.0918240 seconds
252.775: [GC252.775: [ParNew: 107158K->5398K(112448K), 0.0019070 secs] 216775K->115187K(364160K), 0.0019580 secs] [Times: user=0.01 sys=0.00, real=0.00 secs] 
252.777: Total time for which application threads were stopped: 0.0044570 seconds, Stopping threads took: 0.0024100 seconds
252.868: Application time: 0.0913120 seconds
252.868: [GC252.868: [ParNew: 105366K->3789K(112448K), 0.0013820 secs] 215155K->113577K(364160K), 0.0014210 secs] [Times: user=0.01 sys=0.00, real=0.00 secs] 
252.870: Total time for which application threads were stopped: 0.0019500 seconds, Stopping threads took: 0.0004610 seconds
252.962: Application time: 0.0916720 seconds
252.964: [GC252.964: [ParNew: 103757K->6312K(112448K), 0.0020750 secs] 213545K->116100K(364160K), 0.0021180 secs] [Times: user=0.01 sys=0.00, real=0.00 secs] 
252.966: Total time for which application threads were stopped: 0.0043970 seconds, Stopping threads took: 0.0021880 seconds
253.057: Application time: 0.0912540 seconds
253.059: [GC253.059: [ParNew: 106280K->6671K(112448K), 0.0021770 secs] 216068K->116516K(364160K), 0.0022240 secs] [Times: user=0.02 sys=0.00, real=0.01 secs] 
253.061: Total time for which application threads were stopped: 0.0042180 seconds, Stopping threads took: 0.0019300 seconds
253.153: Application time: 0.0915960 seconds
253.156: [GC253.156: [ParNew: 106639K->7450K(112448K), 0.0026180 secs] 216484K->117353K(364160K), 0.0026640 secs] [Times: user=0.02 sys=0.00, real=0.00 secs] 
253.159: Total time for which application threads were stopped: 0.0054910 seconds, Stopping threads took: 0.0027380 seconds
253.245: Application time: 0.0868360 seconds
253.248: [GC253.248: [ParNew: 107418K->7285K(112448K), 0.0023450 secs] 217321K->117273K(364160K), 0.0023900 secs] [Times: user=0.01 sys=0.00, real=0.00 secs] 
253.251: Total time for which application threads were stopped: 0.0054310 seconds, Stopping threads took: 0.0029630 seconds
253.338: Application time: 0.0871430 seconds
253.340: [GC253.340: [ParNew: 107253K->6383K(112448K), 0.0021050 secs] 217241K->116428K(364160K), 0.0021470 secs] [Times: user=0.01 sys=0.00, real=0.00 secs] 
253.342: Total time for which application threads were stopped: 0.0037700 seconds, Stopping threads took: 0.0015520 seconds
253.432: Application time: 0.0905750 seconds
253.435: [GC253.435: [ParNew: 106351K->6059K(112448K), 0.0020030 secs] 216395K->116132K(364160K), 0.0020470 secs] [Times: user=0.02 sys=0.00, real=0.00 secs] 
253.437: Total time for which application threads were stopped: 0.0051100 seconds, Stopping threads took: 0.0029930 seconds
253.526: Application time: 0.0882320 seconds
253.529: [GC253.529: [ParNew: 106027K->7881K(112448K), 0.0025770 secs] 216100K->117954K(364160K), 0.0026220 secs] [Times: user=0.01 sys=0.01, real=0.00 secs] 
253.531: Total time for which application threads were stopped: 0.0056020 seconds, Stopping threads took: 0.0029010 seconds
253.627: Application time: 0.0955110 seconds
253.630: [GC253.630: [ParNew: 107849K->6211K(112448K), 0.0022790 secs] 217922K->116341K(364160K), 0.0023260 secs] [Times: user=0.01 sys=0.00, real=0.00 secs] 
253.632: Total time for which application threads were stopped: 0.0055720 seconds, Stopping threads took: 0.0031640 seconds
253.725: Application time: 0.0926130 seconds
253.727: [GC253.727: [ParNew: 106179K->7634K(112448K), 0.0025380 secs] 216309K->117765K(364160K), 0.0025880 secs] [Times: user=0.02 sys=0.00, real=0.01 secs] 
253.730: Total time for which application threads were stopped: 0.0045690 seconds, Stopping threads took: 0.0018960 seconds
253.824: Application time: 0.0944150 seconds
253.826: [GC253.826: [ParNew: 107602K->6705K(112448K), 0.0023790 secs] 217733K->116978K(364160K), 0.0024280 secs] [Times: user=0.02 sys=0.00, real=0.01 secs] 
253.828: Total time for which application threads were stopped: 0.0041250 seconds, Stopping threads took: 0.0016190 seconds
253.925: Application time: 0.0968340 seconds
253.927: [GC253.927: [ParNew: 106673K->5901K(112448K), 0.0020320 secs] 216946K->116203K(364160K), 0.0020870 secs] [Times: user=0.02 sys=0.00, real=0.01 secs] 
253.929: Total time for which application threads were stopped: 0.0042140 seconds, Stopping threads took: 0.0020550 seconds
254.024: Application time: 0.0947510 seconds
254.027: [GC254.027: [ParNew: 105869K->7331K(112448K), 0.0024630 secs] 216171K->117633K(364160K), 0.0025100 secs] [Times: user=0.02 sys=0.00, real=0.01 secs] 
254.029: Total time for which application threads were stopped: 0.0052810 seconds, Stopping threads took: 0.0026980 seconds
254.125: Application time: 0.0957740 seconds
254.128: [GC254.128: [ParNew: 107299K->7225K(112448K), 0.0024680 secs] 217601K->117555K(364160K), 0.0025140 secs] [Times: user=0.01 sys=0.00, real=0.00 secs] 
254.130: Total time for which application threads were stopped: 0.0054850 seconds, Stopping threads took: 0.0028790 seconds
254.228: Application time: 0.0975940 seconds
254.230: [GC254.230: [ParNew: 107193K->6691K(112448K), 0.0024910 secs] 217523K->117135K(364160K), 0.0025360 secs] [Times: user=0.02 sys=0.00, real=0.00 secs] 
254.232: Total time for which application threads were stopped: 0.0043520 seconds, Stopping threads took: 0.0017410 seconds
254.326: Application time: 0.0933630 seconds
254.329: [GC254.329: [ParNew: 106659K->6292K(112448K), 0.0021790 secs] 217103K->116765K(364160K), 0.0022250 secs] [Times: user=0.02 sys=0.00, real=0.00 secs] 
254.331: Total time for which application threads were stopped: 0.0051680 seconds, Stopping threads took: 0.0028400 seconds
254.433: Application time: 0.1018010 seconds
254.436: [GC254.436: [ParNew: 106260K->4490K(112448K), 0.0016460 secs] 216733K->115019K(364160K), 0.0016870 secs] [Times: user=0.01 sys=0.00, real=0.00 secs] 
254.438: Total time for which application threads were stopped: 0.0047700 seconds, Stopping threads took: 0.0030110 seconds
254.538: Application time: 0.1002060 seconds
254.539: [GC254.539: [ParNew: 104458K->6978K(112448K), 0.0023190 secs] 214987K->117507K(364160K), 0.0023670 secs] [Times: user=0.01 sys=0.01, real=0.01 secs] 
254.542: Total time for which application threads were stopped: 0.0039330 seconds, Stopping threads took: 0.0014950 seconds
254.639: Application time: 0.0976790 seconds
254.640: [GC254.640: [ParNew: 106946K->7501K(112448K), 0.0025390 secs] 217475K->118060K(364160K), 0.0025830 secs] [Times: user=0.02 sys=0.00, real=0.00 secs] 
254.643: Total time for which application threads were stopped: 0.0037140 seconds, Stopping threads took: 0.0010580 seconds
254.738: Application time: 0.0946980 seconds
254.740: [GC254.740: [ParNew: 107469K->6251K(112448K), 0.0024340 secs] 218028K->116895K(364160K), 0.0024780 secs] [Times: user=0.02 sys=0.00, real=0.00 secs] 
254.743: Total time for which application threads were stopped: 0.0047660 seconds, Stopping threads took: 0.0021960 seconds
254.838: Application time: 0.0956360 seconds
254.841: [GC254.841: [ParNew: 106219K->6301K(112448K), 0.0021930 secs] 216863K->117002K(364160K), 0.0022400 secs] [Times: user=0.01 sys=0.00, real=0.00 secs] 
254.843: Total time for which application threads were stopped: 0.0052100 seconds, Stopping threads took: 0.0028820 seconds
254.936: Application time: 0.0923740 seconds
254.938: [GC254.938: [ParNew: 106269K->6476K(112448K), 0.0023100 secs] 216970K->117234K(364160K), 0.0023560 secs] [Times: user=0.02 sys=0.00, real=0.01 secs] 
254.940: Total time for which application threads were stopped: 0.0042780 seconds, Stopping threads took: 0.0018490 seconds
255.040: Application time: 0.1001340 seconds
255.041: [GC255.041: [ParNew: 106444K->7445K(112448K), 0.0025910 secs] 217202K->118203K(364160K), 0.0026370 secs] [Times: user=0.02 sys=0.00, real=0.00 secs] 
255.044: Total time for which application threads were stopped: 0.0035850 seconds, Stopping threads took: 0.0008570 seconds
255.138: Application time: 0.0943310 seconds
255.140: [GC255.140: [ParNew: 107413K->6920K(112448K), 0.0022790 secs] 218171K->117706K(364160K), 0.0023240 secs] [Times: user=0.02 sys=0.00, real=0.00 secs] 
255.142: Total time for which application threads were stopped: 0.0040880 seconds, Stopping threads took: 0.0016830 seconds
255.236: Application time: 0.0935730 seconds
255.239: [GC255.239: [ParNew: 106888K->7788K(112448K), 0.0027810 secs] 217674K->118660K(364160K), 0.0028280 secs] [Times: user=0.02 sys=0.00, real=0.01 secs] 
255.241: Total time for which application threads were stopped: 0.0056600 seconds, Stopping threads took: 0.0027500 seconds
255.336: Application time: 0.0947890 seconds
255.338: [GC255.338: [ParNew: 107756K->6952K(112448K), 0.0023380 secs] 218628K->117881K(364160K), 0.0023840 secs] [Times: user=0.01 sys=0.00, real=0.01 secs] 
255.341: Total time for which application threads were stopped: 0.0044560 seconds, Stopping threads took: 0.0019970 seconds
255.437: Application time: 0.0965600 seconds
255.439: [GC255.439: [ParNew: 106920K->5937K(112448K), 0.0019210 secs] 217849K->116923K(364160K), 0.0019680 secs] [Times: user=0.02 sys=0.00, real=0.01 secs] 
255.441: Total time for which application threads were stopped: 0.0037670 seconds, Stopping threads took: 0.0017180 seconds
255.541: Application time: 0.0997460 seconds
255.543: [GC255.543: [ParNew: 105905K->6642K(112448K), 0.0022960 secs] 216891K->117628K(364160K), 0.0023400 secs] [Times: user=0.02 sys=0.00, real=0.00 secs] 
255.545: Total time for which application threads were stopped: 0.0046300 seconds, Stopping threads took: 0.0022200 seconds
255.641: Application time: 0.0952920 seconds
255.644: [GC255.644: [ParNew: 106610K->6631K(112448K), 0.0021670 secs] 217596K->117617K(364160K), 0.0022160 secs] [Times: user=0.02 sys=0.00, real=0.00 secs] 
255.646: Total time for which application threads were stopped: 0.0051830 seconds, Stopping threads took: 0.0028720 seconds
255.740: Application time: 0.0941560 seconds
255.742: [GC255.742: [ParNew: 106599K->6912K(112448K), 0.0024420 secs] 217585K->118012K(364160K), 0.0024860 secs] [Times: user=0.01 sys=0.00, real=0.00 secs] 
255.744: Total time for which application threads were stopped: 0.0043020 seconds, Stopping threads took: 0.0017420 seconds
255.841: Application time: 0.0964930 seconds
255.843: [GC255.843: [ParNew: 106880K->6313K(112448K), 0.0020960 secs] 217980K->117470K(364160K), 0.0021460 secs] [Times: user=0.02 sys=0.00, real=0.00 secs] 
255.845: Total time for which application threads were stopped: 0.0043600 seconds, Stopping threads took: 0.0021400 seconds
255.941: Application time: 0.0955850 seconds
255.942: [GC255.942: [ParNew: 106281K->7568K(112448K), 0.0025790 secs] 217438K->118754K(364160K), 0.0026230 secs] [Times: user=0.02 sys=0.00, real=0.00 secs] 
255.945: Total time for which application threads were stopped: 0.0042060 seconds, Stopping threads took: 0.0015030 seconds
256.040: Application time: 0.0948110 seconds
256.042: [GC256.043: [ParNew: 107536K->6672K(112448K), 0.0022440 secs] 218722K->117886K(364160K), 0.0022870 secs] [Times: user=0.02 sys=0.00, real=0.00 secs] 
256.045: Total time for which application threads were stopped: 0.0050610 seconds, Stopping threads took: 0.0026890 seconds
256.140: Application time: 0.0947330 seconds
256.142: [GC256.142: [ParNew: 106640K->6832K(112448K), 0.0023510 secs] 217854K->118046K(364160K), 0.0023920 secs] [Times: user=0.02 sys=0.00, real=0.00 secs] 
256.144: Total time for which application threads were stopped: 0.0048560 seconds, Stopping threads took: 0.0023890 seconds
256.239: Application time: 0.0949290 seconds
256.242: [GC256.242: [ParNew: 106800K->7604K(112448K), 0.0026250 secs] 218014K->118903K(364160K), 0.0026720 secs] [Times: user=0.02 sys=0.00, real=0.00 secs] 
256.245: Total time for which application threads were stopped: 0.0056110 seconds, Stopping threads took: 0.0028670 seconds
256.338: Application time: 0.0931500 seconds
256.340: [GC256.340: [ParNew: 107572K->6038K(112448K), 0.0020380 secs] 218871K->117423K(364160K), 0.0020830 secs] [Times: user=0.02 sys=0.00, real=0.00 secs] 
256.342: Total time for which application threads were stopped: 0.0042720 seconds, Stopping threads took: 0.0020970 seconds
256.440: Application time: 0.0979710 seconds
256.443: [GC256.443: [ParNew: 106006K->6598K(112448K), 0.0021790 secs] 217391K->117983K(364160K), 0.0022340 secs] [Times: user=0.01 sys=0.00, real=0.00 secs] 
256.445: Total time for which application threads were stopped: 0.0048450 seconds, Stopping threads took: 0.0025380 seconds
256.540: Application time: 0.0943570 seconds
256.542: [GC256.542: [ParNew: 106566K->6559K(112448K), 0.0022170 secs] 217951K->118001K(364160K), 0.0022620 secs] [Times: user=0.01 sys=0.00, real=0.00 secs] 
256.545: Total time for which application threads were stopped: 0.0051020 seconds, Stopping threads took: 0.0027610 seconds
256.639: Application time: 0.0943180 seconds
256.642: [GC256.642: [ParNew: 106527K->6645K(112448K), 0.0024470 secs] 217969K->118087K(364160K), 0.0024930 secs] [Times: user=0.01 sys=0.00, real=0.00 secs] 
256.644: Total time for which application threads were stopped: 0.0054750 seconds, Stopping threads took: 0.0028900 seconds
256.738: Application time: 0.0930470 seconds
256.741: [GC256.741: [ParNew: 106613K->7431K(112448K), 0.0025370 secs] 218055K->118902K(364160K), 0.0025870 secs] [Times: user=0.02 sys=0.00, real=0.00 secs] 
256.744: Total time for which application threads were stopped: 0.0060840 seconds, Stopping threads took: 0.0034040 seconds
256.838: Application time: 0.0943360 seconds
256.840: [GC256.840: [ParNew: 107399K->7384K(112448K), 0.0026290 secs] 218870K->118969K(364160K), 0.0026720 secs] [Times: user=0.02 sys=0.00, real=0.00 secs] 
256.843: Total time for which application threads were stopped: 0.0048800 seconds, Stopping threads took: 0.0021350 seconds
256.940: Application time: 0.0971050 seconds
256.941: [GC256.941: [ParNew: 107352K->7712K(112448K), 0.0026560 secs] 218937K->119325K(364160K), 0.0026980 secs] [Times: user=0.02 sys=0.00, real=0.00 secs] 
256.944: Total time for which application threads were stopped: 0.0042680 seconds, Stopping threads took: 0.0014970 seconds
257.039: Application time: 0.0949030 seconds
257.042: [GC257.042: [ParNew: 107680K->7008K(112448K), 0.0024240 secs] 219293K->118678K(364160K), 0.0024680 secs] [Times: user=0.02 sys=0.00, real=0.00 secs] 
257.045: Total time for which application threads were stopped: 0.0058140 seconds, Stopping threads took: 0.0032540 seconds
257.140: Application time: 0.0953140 seconds
257.143: [GC257.143: [ParNew: 106976K->7851K(112448K), 0.0025820 secs] 218646K->119521K(364160K), 0.0026260 secs] [Times: user=0.02 sys=0.00, real=0.00 secs] 
257.145: Total time for which application threads were stopped: 0.0049960 seconds, Stopping threads took: 0.0022940 seconds
257.242: Application time: 0.0966230 seconds
257.244: [GC257.244: [ParNew: 107819K->7914K(112448K), 0.0026980 secs] 219489K->119613K(364160K), 0.0027400 secs] [Times: user=0.01 sys=0.00, real=0.00 secs] 
257.247: Total time for which application threads were stopped: 0.0049870 seconds, Stopping threads took: 0.0021740 seconds
257.340: Application time: 0.0927340 seconds
257.341: [GC257.341: [ParNew: 107882K->7905K(112448K), 0.0028440 secs] 219581K->119718K(364160K), 0.0028880 secs] [Times: user=0.02 sys=0.00, real=0.00 secs] 
257.344: Total time for which application threads were stopped: 0.0046780 seconds, Stopping threads took: 0.0017180 seconds
257.440: Application time: 0.0961170 seconds
257.443: [GC257.443: [ParNew: 107873K->6786K(112448K), 0.0024450 secs] 219686K->118628K(364160K), 0.0024890 secs] [Times: user=0.02 sys=0.00, real=0.00 secs] 
257.445: Total time for which application threads were stopped: 0.0047790 seconds, Stopping threads took: 0.0022180 seconds
257.545: Application time: 0.0997160 seconds
257.547: [GC257.547: [ParNew: 106754K->6838K(112448K), 0.0023530 secs] 218596K->118737K(364160K), 0.0023980 secs] [Times: user=0.01 sys=0.00, real=0.00 secs] 
257.550: Total time for which application threads were stopped: 0.0050290 seconds, Stopping threads took: 0.0025370 seconds
257.642: Application time: 0.0917480 seconds
257.644: [GC257.644: [ParNew: 106806K->6946K(112448K), 0.0023690 secs] 218705K->118845K(364160K), 0.0024110 secs] [Times: user=0.01 sys=0.00, real=0.00 secs] 
257.647: Total time for which application threads were stopped: 0.0049480 seconds, Stopping threads took: 0.0024480 seconds
257.735: Application time: 0.0881500 seconds
257.737: [GC257.737: [ParNew: 106914K->7986K(112448K), 0.0026730 secs] 218813K->119913K(364160K), 0.0027270 secs] [Times: user=0.01 sys=0.00, real=0.01 secs] 
257.739: Total time for which application threads were stopped: 0.0045640 seconds, Stopping threads took: 0.0017660 seconds
257.829: Application time: 0.0896790 seconds
257.831: [GC257.831: [ParNew: 107954K->7563K(112448K), 0.0025710 secs] 219881K->119575K(364160K), 0.0026170 secs] [Times: user=0.02 sys=0.00, real=0.00 secs] 
257.833: Total time for which application threads were stopped: 0.0044570 seconds, Stopping threads took: 0.0017710 seconds
257.923: Application time: 0.0899650 seconds
257.925: [GC257.925: [ParNew: 107531K->7241K(112448K), 0.0026090 secs] 219543K->119311K(364160K), 0.0026520 secs] [Times: user=0.02 sys=0.00, real=0.01 secs] 
257.928: Total time for which application threads were stopped: 0.0045250 seconds, Stopping threads took: 0.0018020 seconds
258.014: Application time: 0.0865370 seconds
258.017: [GC258.017: [ParNew: 107209K->7888K(112448K), 0.0027080 secs] 219279K->120014K(364160K), 0.0027560 secs] [Times: user=0.02 sys=0.00, real=0.01 secs] 
258.020: Total time for which application threads were stopped: 0.0053060 seconds, Stopping threads took: 0.0024600 seconds
258.111: Application time: 0.0912350 seconds
258.114: [GC258.114: [ParNew: 107856K->6646K(112448K), 0.0022440 secs] 219982K->118773K(364160K), 0.0022890 secs] [Times: user=0.01 sys=0.00, real=0.00 secs] 
258.116: Total time for which application threads were stopped: 0.0049860 seconds, Stopping threads took: 0.0026280 seconds
258.205: Application time: 0.0894200 seconds
258.207: [GC258.207: [ParNew: 106614K->6447K(112448K), 0.0021560 secs] 218741K->118602K(364160K), 0.0022080 secs] [Times: user=0.01 sys=0.00, real=0.01 secs] 
258.209: Total time for which application threads were stopped: 0.0040470 seconds, Stopping threads took: 0.0017590 seconds
258.297: Application time: 0.0878860 seconds
258.300: [GC258.300: [ParNew: 106415K->7195K(112448K), 0.0024100 secs] 218570K->119435K(364160K), 0.0024540 secs] [Times: user=0.02 sys=0.00, real=0.00 secs] 
258.302: Total time for which application threads were stopped: 0.0046780 seconds, Stopping threads took: 0.0021330 seconds
258.392: Application time: 0.0897540 seconds
258.394: [GC258.394: [ParNew: 107163K->5573K(112448K), 0.0020740 secs] 219403K->117871K(364160K), 0.0021170 secs] [Times: user=0.02 sys=0.00, real=0.00 secs] 
258.397: Total time for which application threads were stopped: 0.0047980 seconds, Stopping threads took: 0.0025940 seconds
258.485: Application time: 0.0883230 seconds
258.487: [GC258.487: [ParNew: 105541K->5676K(112448K), 0.0018610 secs] 217839K->117974K(364160K), 0.0019020 secs] [Times: user=0.02 sys=0.00, real=0.00 secs] 
258.489: Total time for which application threads were stopped: 0.0042920 seconds, Stopping threads took: 0.0023220 seconds
258.580: Application time: 0.0907760 seconds
258.581: [GC258.581: [ParNew: 105644K->7338K(112448K), 0.0024470 secs] 217942K->119636K(364160K), 0.0024940 secs] [Times: user=0.02 sys=0.00, real=0.00 secs] 
258.584: Total time for which application threads were stopped: 0.0036130 seconds, Stopping threads took: 0.0010390 seconds
258.673: Application time: 0.0895170 seconds
258.676: [GC258.676: [ParNew: 107306K->6227K(112448K), 0.0021310 secs] 219604K->118610K(364160K), 0.0021730 secs] [Times: user=0.01 sys=0.00, real=0.00 secs] 
258.678: Total time for which application threads were stopped: 0.0052100 seconds, Stopping threads took: 0.0029670 seconds
258.769: Application time: 0.0901760 seconds
258.770: [GC258.770: [ParNew: 106195K->6948K(112448K), 0.0023940 secs] 218578K->119331K(364160K), 0.0024400 secs] [Times: user=0.01 sys=0.00, real=0.00 secs] 
258.772: Total time for which application threads were stopped: 0.0039480 seconds, Stopping threads took: 0.0014220 seconds
258.862: Application time: 0.0895470 seconds
258.865: [GC258.865: [ParNew: 106916K->6841K(112448K), 0.0022740 secs] 219299K->119367K(364160K), 0.0023290 secs] [Times: user=0.02 sys=0.00, real=0.01 secs] 
258.867: Total time for which application threads were stopped: 0.0053010 seconds, Stopping threads took: 0.0029010 seconds
258.959: Application time: 0.0916770 seconds
258.960: [GC258.960: [ParNew: 106809K->5364K(112448K), 0.0018460 secs] 219335K->117919K(364160K), 0.0018890 secs] [Times: user=0.02 sys=0.00, real=0.00 secs] 
258.962: Total time for which application threads were stopped: 0.0033620 seconds, Stopping threads took: 0.0014020 seconds
259.052: Application time: 0.0897980 seconds
259.054: [GC259.054: [ParNew: 105332K->7370K(112448K), 0.0024640 secs] 217887K->119924K(364160K), 0.0025080 secs] [Times: user=0.02 sys=0.00, real=0.00 secs] 
259.057: Total time for which application threads were stopped: 0.0045330 seconds, Stopping threads took: 0.0019530 seconds
259.145: Application time: 0.0885830 seconds
259.148: [GC259.148: [ParNew: 107338K->7283K(112448K), 0.0025150 secs] 219892K->119866K(364160K), 0.0025590 secs] [Times: user=0.02 sys=0.00, real=0.00 secs] 
259.151: Total time for which application threads were stopped: 0.0053470 seconds, Stopping threads took: 0.0027090 seconds
259.240: Application time: 0.0897390 seconds
259.243: [GC259.243: [ParNew: 107251K->6538K(112448K), 0.0021610 secs] 219834K->119206K(364160K), 0.0022090 secs] [Times: user=0.02 sys=0.00, real=0.00 secs] 
259.245: Total time for which application threads were stopped: 0.0047830 seconds, Stopping threads took: 0.0025040 seconds
259.332: Application time: 0.0868220 seconds
259.334: [GC259.334: [ParNew: 106506K->6239K(112448K), 0.0021750 secs] 219174K->118993K(364160K), 0.0022190 secs] [Times: user=0.01 sys=0.00, real=0.00 secs] 
259.336: Total time for which application threads were stopped: 0.0043020 seconds, Stopping threads took: 0.0020060 seconds
259.427: Application time: 0.0906740 seconds
259.430: [GC259.430: [ParNew: 106207K->7262K(112448K), 0.0025880 secs] 218961K->120016K(364160K), 0.0026340 secs] [Times: user=0.02 sys=0.00, real=0.00 secs] 
259.432: Total time for which application threads were stopped: 0.0053200 seconds, Stopping threads took: 0.0025960 seconds
259.520: Application time: 0.0872370 seconds
259.522: [GC259.522: [ParNew: 107230K->7335K(112448K), 0.0025340 secs] 219984K->120146K(364160K), 0.0025790 secs] [Times: user=0.02 sys=0.00, real=0.00 secs] 
259.525: Total time for which application threads were stopped: 0.0053710 seconds, Stopping threads took: 0.0027210 seconds
259.614: Application time: 0.0887250 seconds
259.616: [GC259.616: [ParNew: 107303K->6167K(112448K), 0.0021140 secs] 220114K->118978K(364160K), 0.0021570 secs] [Times: user=0.01 sys=0.00, real=0.00 secs] 
259.618: Total time for which application threads were stopped: 0.0044110 seconds, Stopping threads took: 0.0021830 seconds
259.706: Application time: 0.0875210 seconds
259.707: [GC259.707: [ParNew: 106135K->6599K(112448K), 0.0024100 secs] 218946K->119410K(364160K), 0.0024560 secs] [Times: user=0.02 sys=0.00, real=0.01 secs] 
259.709: Total time for which application threads were stopped: 0.0036470 seconds, Stopping threads took: 0.0011200 seconds
259.800: Application time: 0.0906950 seconds
259.802: [GC259.802: [ParNew: 106567K->5701K(112448K), 0.0021580 secs] 219378K->118655K(364160K), 0.0022050 secs] [Times: user=0.01 sys=0.00, real=0.00 secs] 
259.804: Total time for which application threads were stopped: 0.0039820 seconds, Stopping threads took: 0.0016890 seconds
259.892: Application time: 0.0885480 seconds
259.895: [GC259.895: [ParNew: 105669K->7949K(112448K), 0.0027190 secs] 218623K->120903K(364160K), 0.0027640 secs] [Times: user=0.02 sys=0.00, real=0.00 secs] 
259.897: Total time for which application threads were stopped: 0.0049940 seconds, Stopping threads took: 0.0021260 seconds
259.988: Application time: 0.0901310 seconds
259.990: [GC259.990: [ParNew: 107917K->6989K(112448K), 0.0022720 secs] 220871K->120028K(364160K), 0.0023190 secs] [Times: user=0.01 sys=0.00, real=0.00 secs] 
259.993: Total time for which application threads were stopped: 0.0052180 seconds, Stopping threads took: 0.0028220 seconds
260.084: Application time: 0.0907640 seconds
260.086: [GC260.086: [ParNew: 106957K->7032K(112448K), 0.0024860 secs] 219996K->120071K(364160K), 0.0025320 secs] [Times: user=0.02 sys=0.00, real=0.01 secs] 
260.088: Total time for which application threads were stopped: 0.0044950 seconds, Stopping threads took: 0.0018970 seconds
260.178: Application time: 0.0896400 seconds
260.179: [GC260.179: [ParNew: 107000K->5236K(112448K), 0.0018980 secs] 220039K->118303K(364160K), 0.0019410 secs] [Times: user=0.01 sys=0.00, real=0.00 secs] 
260.181: Total time for which application threads were stopped: 0.0035530 seconds, Stopping threads took: 0.0015390 seconds
260.270: Application time: 0.0882700 seconds
260.271: [GC260.271: [ParNew: 105204K->5934K(112448K), 0.0019180 secs] 218271K->119002K(364160K), 0.0019620 secs] [Times: user=0.02 sys=0.00, real=0.00 secs] 
260.273: Total time for which application threads were stopped: 0.0037850 seconds, Stopping threads took: 0.0017510 seconds
260.361: Application time: 0.0879020 seconds
260.362: [GC260.362: [ParNew: 105902K->5765K(112448K), 0.0019860 secs] 218970K->118832K(364160K), 0.0020280 secs] [Times: user=0.02 sys=0.00, real=0.00 secs] 
260.364: Total time for which application threads were stopped: 0.0026750 seconds, Stopping threads took: 0.0005770 seconds
260.454: Application time: 0.0896690 seconds
260.456: [GC260.456: [ParNew: 105733K->6381K(112448K), 0.0021530 secs] 218800K->119449K(364160K), 0.0021950 secs] [Times: user=0.02 sys=0.00, real=0.00 secs] 
260.458: Total time for which application threads were stopped: 0.0042050 seconds, Stopping threads took: 0.0019270 seconds
260.545: Application time: 0.0870870 seconds
260.547: [GC260.547: [ParNew: 106347K->6788K(112448K), 0.0023060 secs] 219415K->119998K(364160K), 0.0023480 secs] [Times: user=0.02 sys=0.00, real=0.01 secs] 
260.550: Total time for which application threads were stopped: 0.0047060 seconds, Stopping threads took: 0.0022890 seconds
260.640: Application time: 0.0909120 seconds
260.642: [GC260.642: [ParNew: 106756K->6349K(112448K), 0.0023710 secs] 219966K->119644K(364160K), 0.0024190 secs] [Times: user=0.02 sys=0.00, real=0.00 secs] 
260.645: Total time for which application threads were stopped: 0.0044010 seconds, Stopping threads took: 0.0018920 seconds
260.737: Application time: 0.0922840 seconds
260.740: [GC260.740: [ParNew: 106317K->6977K(112448K), 0.0026240 secs] 219612K->120358K(364160K), 0.0026650 secs] [Times: user=0.01 sys=0.00, real=0.00 secs] 
260.743: Total time for which application threads were stopped: 0.0053190 seconds, Stopping threads took: 0.0025860 seconds
260.834: Application time: 0.0913250 seconds
260.836: [GC260.836: [ParNew: 106945K->7328K(112448K), 0.0025110 secs] 220326K->120766K(364160K), 0.0025530 secs] [Times: user=0.02 sys=0.00, real=0.00 secs] 
260.839: Total time for which application threads were stopped: 0.0048280 seconds, Stopping threads took: 0.0022070 seconds
260.925: Application time: 0.0865900 seconds
260.928: [GC260.928: [ParNew: 107296K->6724K(112448K), 0.0023510 secs] 220734K->120219K(364160K), 0.0023950 secs] [Times: user=0.02 sys=0.00, real=0.00 secs] 
260.930: Total time for which application threads were stopped: 0.0051340 seconds, Stopping threads took: 0.0026740 seconds
261.024: Application time: 0.0931620 seconds
261.026: [GC261.026: [ParNew: 106692K->6065K(112448K), 0.0019660 secs] 220187K->119561K(364160K), 0.0020120 secs] [Times: user=0.01 sys=0.00, real=0.01 secs] 
261.028: Total time for which application threads were stopped: 0.0047410 seconds, Stopping threads took: 0.0026510 seconds
261.119: Application time: 0.0907290 seconds
261.121: [GC261.121: [ParNew: 106033K->7657K(112448K), 0.0024730 secs] 219529K->121152K(364160K), 0.0025200 secs] [Times: user=0.02 sys=0.00, real=0.00 secs] 
261.123: Total time for which application threads were stopped: 0.0043160 seconds, Stopping threads took: 0.0017250 seconds
261.218: Application time: 0.0944020 seconds
261.218: [GC261.218: [ParNew: 107625K->4103K(112448K), 0.0016810 secs] 221120K->117684K(364160K), 0.0017320 secs] [Times: user=0.01 sys=0.00, real=0.01 secs] 
261.220: Total time for which application threads were stopped: 0.0022110 seconds, Stopping threads took: 0.0004110 seconds
261.307: Application time: 0.0867210 seconds
261.309: [GC261.309: [ParNew: 104071K->7477K(112448K), 0.0023750 secs] 217652K->121058K(364160K), 0.0024180 secs] [Times: user=0.02 sys=0.00, real=0.00 secs] 
261.311: Total time for which application threads were stopped: 0.0043990 seconds, Stopping threads took: 0.0019090 seconds
261.401: Application time: 0.0896380 seconds
261.403: [GC261.403: [ParNew: 107445K->7148K(112448K), 0.0024190 secs] 221026K->120872K(364160K), 0.0024650 secs] [Times: user=0.02 sys=0.01, real=0.00 secs] 
261.405: Total time for which application threads were stopped: 0.0044670 seconds, Stopping threads took: 0.0019210 seconds
261.492: Application time: 0.0868760 seconds
261.493: [GC261.494: [ParNew: 107116K->6156K(112448K), 0.0020570 secs] 220840K->119880K(364160K), 0.0020990 secs] [Times: user=0.01 sys=0.00, real=0.00 secs] 
261.496: Total time for which application threads were stopped: 0.0035420 seconds, Stopping threads took: 0.0013550 seconds
261.584: Application time: 0.0887520 seconds
261.587: [GC261.587: [ParNew: 106124K->7788K(112448K), 0.0025280 secs] 219848K->121511K(364160K), 0.0025740 secs] [Times: user=0.02 sys=0.00, real=0.01 secs] 
261.590: Total time for which application threads were stopped: 0.0054220 seconds, Stopping threads took: 0.0027650 seconds
261.684: Application time: 0.0945630 seconds
261.686: [GC261.686: [ParNew: 107756K->5691K(112448K), 0.0020970 secs] 221479K->119443K(364160K), 0.0021410 secs] [Times: user=0.01 sys=0.00, real=0.01 secs] 
261.688: Total time for which application threads were stopped: 0.0034350 seconds, Stopping threads took: 0.0012230 seconds
261.782: Application time: 0.0943310 seconds
261.785: [GC261.785: [ParNew: 105659K->6648K(112448K), 0.0023570 secs] 219411K->120400K(364160K), 0.0024040 secs] [Times: user=0.02 sys=0.00, real=0.01 secs] 
261.787: Total time for which application threads were stopped: 0.0052870 seconds, Stopping threads took: 0.0028090 seconds
261.882: Application time: 0.0949690 seconds
261.885: [GC261.885: [ParNew: 106616K->7395K(112448K), 0.0027580 secs] 220368K->121346K(364160K), 0.0028050 secs] [Times: user=0.01 sys=0.00, real=0.01 secs] 
261.888: Total time for which application threads were stopped: 0.0053350 seconds, Stopping threads took: 0.0024410 seconds
261.985: Application time: 0.0968980 seconds
261.986: [GC261.986: [ParNew: 107363K->4984K(112448K), 0.0017570 secs] 221314K->118935K(364160K), 0.0018000 secs] [Times: user=0.02 sys=0.00, real=0.01 secs] 
261.988: Total time for which application threads were stopped: 0.0035590 seconds, Stopping threads took: 0.0016870 seconds
262.090: Application time: 0.1017030 seconds
262.093: [GC262.093: [ParNew: 104952K->5351K(112448K), 0.0017510 secs] 218903K->119303K(364160K), 0.0017960 secs] [Times: user=0.01 sys=0.00, real=0.00 secs] 
262.094: Total time for which application threads were stopped: 0.0045780 seconds, Stopping threads took: 0.0027000 seconds
262.189: Application time: 0.0947820 seconds
262.191: [GC262.191: [ParNew: 105319K->7870K(112448K), 0.0026240 secs] 219271K->121822K(364160K), 0.0026690 secs] [Times: user=0.02 sys=0.00, real=0.00 secs] 
262.194: Total time for which application threads were stopped: 0.0048940 seconds, Stopping threads took: 0.0021540 seconds
262.289: Application time: 0.0949140 seconds
262.291: [GC262.291: [ParNew: 107838K->7616K(112448K), 0.0026730 secs] 221790K->121739K(364160K), 0.0027190 secs] [Times: user=0.02 sys=0.00, real=0.00 secs] 
262.294: Total time for which application threads were stopped: 0.0047090 seconds, Stopping threads took: 0.0019170 seconds
262.389: Application time: 0.0953720 seconds
262.392: [GC262.392: [ParNew: 107584K->7305K(112448K), 0.0024600 secs] 221707K->121428K(364160K), 0.0025080 secs] [Times: user=0.02 sys=0.00, real=0.00 secs] 
262.395: Total time for which application threads were stopped: 0.0055990 seconds, Stopping threads took: 0.0030110 seconds
262.489: Application time: 0.0944740 seconds
262.492: [GC262.492: [ParNew: 107273K->7386K(112448K), 0.0025140 secs] 221396K->121565K(364160K), 0.0025600 secs] [Times: user=0.01 sys=0.00, real=0.00 secs] 
262.495: Total time for which application threads were stopped: 0.0053930 seconds, Stopping threads took: 0.0027590 seconds
262.592: Application time: 0.0977260 seconds
262.595: [GC262.595: [ParNew: 107354K->6320K(112448K), 0.0022590 secs] 221533K->120500K(364160K), 0.0023050 secs] [Times: user=0.01 sys=0.00, real=0.00 secs] 
262.598: Total time for which application threads were stopped: 0.0054150 seconds, Stopping threads took: 0.0030310 seconds
262.691: Application time: 0.0929140 seconds
262.692: [GC262.692: [ParNew: 106288K->6097K(112448K), 0.0019960 secs] 220468K->120305K(364160K), 0.0020430 secs] [Times: user=0.02 sys=0.00, real=0.00 secs] 
262.694: Total time for which application threads were stopped: 0.0034260 seconds, Stopping threads took: 0.0013090 seconds
262.787: Application time: 0.0925030 seconds
262.789: [GC262.789: [ParNew: 106065K->7105K(112448K), 0.0024880 secs] 220273K->121313K(364160K), 0.0025350 secs] [Times: user=0.01 sys=0.00, real=0.00 secs] 
262.791: Total time for which application threads were stopped: 0.0048470 seconds, Stopping threads took: 0.0022410 seconds
262.886: Application time: 0.0947380 seconds
262.888: [GC262.889: [ParNew: 107073K->5715K(112448K), 0.0018920 secs] 221281K->120066K(364160K), 0.0019380 secs] [Times: user=0.01 sys=0.00, real=0.00 secs] 
262.890: Total time for which application threads were stopped: 0.0042590 seconds, Stopping threads took: 0.0022250 seconds
262.985: Application time: 0.0946490 seconds
262.987: [GC262.987: [ParNew: 105683K->6946K(112448K), 0.0023260 secs] 220034K->121297K(364160K), 0.0023740 secs] [Times: user=0.01 sys=0.00, real=0.01 secs] 
262.989: Total time for which application threads were stopped: 0.0041260 seconds, Stopping threads took: 0.0016760 seconds
263.083: Application time: 0.0941930 seconds
263.087: [GC263.087: [ParNew: 106914K->6992K(112448K), 0.0022750 secs] 221265K->121400K(364160K), 0.0023230 secs] [Times: user=0.02 sys=0.00, real=0.01 secs] 
263.089: Total time for which application threads were stopped: 0.0056370 seconds, Stopping threads took: 0.0032420 seconds
263.183: Application time: 0.0937190 seconds
263.185: [GC263.185: [ParNew: 106960K->6500K(112448K), 0.0022580 secs] 221368K->120937K(364160K), 0.0023040 secs] [Times: user=0.02 sys=0.00, real=0.01 secs] 
263.188: Total time for which application threads were stopped: 0.0048380 seconds, Stopping threads took: 0.0024570 seconds
263.286: Application time: 0.0979830 seconds
263.287: [GC263.287: [ParNew: 106468K->3800K(112448K), 0.0015340 secs] 220905K->118321K(364160K), 0.0015750 secs] [Times: user=0.01 sys=0.00, real=0.01 secs] 
263.289: Total time for which application threads were stopped: 0.0031320 seconds, Stopping threads took: 0.0014870 seconds
263.387: Application time: 0.0980350 seconds
263.389: [GC263.389: [ParNew: 103768K->5698K(112448K), 0.0018730 secs] 218289K->120219K(364160K), 0.0019210 secs] [Times: user=0.01 sys=0.00, real=0.00 secs] 
263.391: Total time for which application threads were stopped: 0.0037630 seconds, Stopping threads took: 0.0017680 seconds
263.489: Application time: 0.0987770 seconds
263.492: [GC263.492: [ParNew: 105666K->7679K(112448K), 0.0025270 secs] 220187K->122201K(364160K), 0.0025760 secs] [Times: user=0.02 sys=0.00, real=0.00 secs] 
263.495: Total time for which application threads were stopped: 0.0055290 seconds, Stopping threads took: 0.0028600 seconds
263.593: Application time: 0.0979460 seconds
263.595: [GC263.595: [ParNew: 107647K->6677K(112448K), 0.0023150 secs] 222169K->121313K(364160K), 0.0023630 secs] [Times: user=0.01 sys=0.00, real=0.00 secs] 
263.598: Total time for which application threads were stopped: 0.0047200 seconds, Stopping threads took: 0.0022840 seconds
263.691: Application time: 0.0936960 seconds
263.694: [GC263.694: [ParNew: 106645K->6037K(112448K), 0.0019900 secs] 221281K->120702K(364160K), 0.0020450 secs] [Times: user=0.02 sys=0.00, real=0.00 secs] 
263.696: Total time for which application threads were stopped: 0.0046920 seconds, Stopping threads took: 0.0025650 seconds
263.792: Application time: 0.0959570 seconds
263.794: [GC263.794: [ParNew: 106005K->7457K(112448K), 0.0026700 secs] 220670K->122122K(364160K), 0.0027160 secs] [Times: user=0.02 sys=0.00, real=0.00 secs] 
263.797: Total time for which application threads were stopped: 0.0050770 seconds, Stopping threads took: 0.0022900 seconds
263.896: Application time: 0.0987770 seconds
263.899: [GC263.899: [ParNew: 107425K->7156K(112448K), 0.0023850 secs] 222090K->121964K(364160K), 0.0024330 secs] [Times: user=0.01 sys=0.00, real=0.01 secs] 
263.901: Total time for which application threads were stopped: 0.0052380 seconds, Stopping threads took: 0.0027320 seconds
263.995: Application time: 0.0936330 seconds
263.997: [GC263.997: [ParNew: 107124K->7273K(112448K), 0.0023930 secs] 221932K->122138K(364160K), 0.0024390 secs] [Times: user=0.02 sys=0.00, real=0.00 secs] 
263.999: Total time for which application threads were stopped: 0.0046710 seconds, Stopping threads took: 0.0021460 seconds
264.092: Application time: 0.0931300 seconds
264.095: [GC264.095: [ParNew: 107241K->7188K(112448K), 0.0022850 secs] 222106K->122052K(364160K), 0.0023330 secs] [Times: user=0.01 sys=0.00, real=0.00 secs] 
264.097: Total time for which application threads were stopped: 0.0046950 seconds, Stopping threads took: 0.0022900 seconds
264.194: Application time: 0.0966720 seconds
264.197: [GC264.197: [ParNew: 107156K->6385K(112448K), 0.0020900 secs] 222020K->121249K(364160K), 0.0021370 secs] [Times: user=0.02 sys=0.00, real=0.01 secs] 
264.199: Total time for which application threads were stopped: 0.0055390 seconds, Stopping threads took: 0.0033250 seconds
264.294: Application time: 0.0945770 seconds
264.296: [GC264.296: [ParNew: 106353K->7070K(112448K), 0.0024010 secs] 221217K->121991K(364160K), 0.0024480 secs] [Times: user=0.02 sys=0.01, real=0.00 secs] 
264.299: Total time for which application threads were stopped: 0.0049550 seconds, Stopping threads took: 0.0024260 seconds
264.392: Application time: 0.0934380 seconds
264.394: [GC264.394: [ParNew: 107038K->7612K(112448K), 0.0025510 secs] 221959K->122647K(364160K), 0.0025960 secs] [Times: user=0.02 sys=0.00, real=0.00 secs] 
264.397: Total time for which application threads were stopped: 0.0046610 seconds, Stopping threads took: 0.0019830 seconds
264.493: Application time: 0.0962220 seconds
264.495: [GC264.495: [ParNew: 107580K->7038K(112448K), 0.0024220 secs] 222615K->122130K(364160K), 0.0024690 secs] [Times: user=0.02 sys=0.00, real=0.00 secs] 
264.497: Total time for which application threads were stopped: 0.0040790 seconds, Stopping threads took: 0.0015380 seconds
264.592: Application time: 0.0947780 seconds
264.594: [GC264.594: [ParNew: 107006K->5299K(112448K), 0.0017380 secs] 222098K->120391K(364160K), 0.0017840 secs] [Times: user=0.02 sys=0.00, real=0.00 secs] 
264.596: Total time for which application threads were stopped: 0.0036580 seconds, Stopping threads took: 0.0017800 seconds
264.693: Application time: 0.0973450 seconds
264.695: [GC264.696: [ParNew: 105267K->7329K(112448K), 0.0024580 secs] 220359K->122421K(364160K), 0.0025050 secs] [Times: user=0.02 sys=0.00, real=0.00 secs] 
264.698: Total time for which application threads were stopped: 0.0049680 seconds, Stopping threads took: 0.0023900 seconds
264.792: Application time: 0.0941250 seconds
264.794: [GC264.794: [ParNew: 107297K->6086K(112448K), 0.0022310 secs] 222389K->121207K(364160K), 0.0022770 secs] [Times: user=0.01 sys=0.00, real=0.00 secs] 
264.797: Total time for which application threads were stopped: 0.0046230 seconds, Stopping threads took: 0.0022630 seconds
264.892: Application time: 0.0947780 seconds
264.894: [GC264.894: [ParNew: 106054K->6837K(112448K), 0.0023170 secs] 221175K->121958K(364160K), 0.0023670 secs] [Times: user=0.01 sys=0.00, real=0.00 secs] 
264.896: Total time for which application threads were stopped: 0.0048270 seconds, Stopping threads took: 0.0023600 seconds
264.992: Application time: 0.0960500 seconds
264.995: [GC264.995: [ParNew: 106805K->7166K(112448K), 0.0025490 secs] 221926K->122487K(364160K), 0.0025950 secs] [Times: user=0.02 sys=0.00, real=0.00 secs] 
264.997: Total time for which application threads were stopped: 0.0050340 seconds, Stopping threads took: 0.0023670 seconds
265.092: Application time: 0.0947760 seconds
265.095: [GC265.095: [ParNew: 107134K->7404K(112448K), 0.0023970 secs] 222455K->122725K(364160K), 0.0024400 secs] [Times: user=0.02 sys=0.00, real=0.00 secs] 
265.098: Total time for which application threads were stopped: 0.0052860 seconds, Stopping threads took: 0.0027720 seconds
265.194: Application time: 0.0966120 seconds
265.197: [GC265.197: [ParNew: 107372K->7266K(112448K), 0.0023890 secs] 222693K->122586K(364160K), 0.0024360 secs] [Times: user=0.01 sys=0.00, real=0.01 secs] 
265.200: Total time for which application threads were stopped: 0.0056360 seconds, Stopping threads took: 0.0031300 seconds
265.294: Application time: 0.0938000 seconds
265.297: [GC265.297: [ParNew: 107234K->7961K(112448K), 0.0026380 secs] 222554K->123309K(364160K), 0.0026930 secs] [Times: user=0.02 sys=0.01, real=0.01 secs] 
265.299: Total time for which application threads were stopped: 0.0057160 seconds, Stopping threads took: 0.0029470 seconds
265.393: Application time: 0.0933140 seconds
265.396: [GC265.396: [ParNew: 107929K->6900K(112448K), 0.0023030 secs] 223277K->122363K(364160K), 0.0023500 secs] [Times: user=0.02 sys=0.00, real=0.00 secs] 
265.399: Total time for which application threads were stopped: 0.0059180 seconds, Stopping threads took: 0.0034770 seconds
265.494: Application time: 0.0953430 seconds
265.502: [GC265.502: [ParNew: 106868K->6297K(112448K), 0.0020880 secs] 222331K->121816K(364160K), 0.0021360 secs] [Times: user=0.02 sys=0.00, real=0.00 secs] 
265.504: Total time for which application threads were stopped: 0.0104680 seconds, Stopping threads took: 0.0082590 seconds
265.597: Application time: 0.0929920 seconds
265.599: [GC265.599: [ParNew: 106265K->6469K(112448K), 0.0022640 secs] 221784K->122018K(364160K), 0.0023090 secs] [Times: user=0.01 sys=0.00, real=0.00 secs] 
265.602: Total time for which application threads were stopped: 0.0042770 seconds, Stopping threads took: 0.0018960 seconds
265.690: Application time: 0.0888200 seconds
265.692: [GC265.692: [ParNew: 106437K->7057K(112448K), 0.0023910 secs] 221986K->122606K(364160K), 0.0024370 secs] [Times: user=0.01 sys=0.00, real=0.00 secs] 
265.695: Total time for which application threads were stopped: 0.0043370 seconds, Stopping threads took: 0.0018310 seconds
265.783: Application time: 0.0885720 seconds
265.785: [GC265.785: [ParNew: 107025K->7950K(112448K), 0.0027020 secs] 222574K->123527K(364160K), 0.0027460 secs] [Times: user=0.02 sys=0.00, real=0.01 secs] 
265.788: Total time for which application threads were stopped: 0.0047740 seconds, Stopping threads took: 0.0019600 seconds
265.878: Application time: 0.0902330 seconds
265.881: [GC265.881: [ParNew: 107918K->6949K(112448K), 0.0026380 secs] 223495K->122640K(364160K), 0.0026830 secs] [Times: user=0.02 sys=0.00, real=0.00 secs] 
265.883: Total time for which application threads were stopped: 0.0048370 seconds, Stopping threads took: 0.0020540 seconds
265.972: Application time: 0.0886660 seconds
265.974: [GC265.974: [ParNew: 106917K->6208K(112448K), 0.0021570 secs] 222608K->121928K(364160K), 0.0022020 secs] [Times: user=0.02 sys=0.00, real=0.00 secs] 
265.976: Total time for which application threads were stopped: 0.0041250 seconds, Stopping threads took: 0.0018510 seconds
266.066: Application time: 0.0901530 seconds
266.069: [GC266.069: [ParNew: 106176K->6080K(112448K), 0.0019550 secs] 221896K->121799K(364160K), 0.0020010 secs] [Times: user=0.01 sys=0.00, real=0.00 secs] 
266.071: Total time for which application threads were stopped: 0.0046280 seconds, Stopping threads took: 0.0025580 seconds
266.161: Application time: 0.0898570 seconds
266.162: [GC266.163: [ParNew: 106048K->6426K(112448K), 0.0022280 secs] 221767K->122146K(364160K), 0.0022830 secs] [Times: user=0.01 sys=0.00, real=0.00 secs] 
266.165: Total time for which application threads were stopped: 0.0041200 seconds, Stopping threads took: 0.0017670 seconds
266.255: Application time: 0.0897920 seconds
266.258: [GC266.258: [ParNew: 106394K->6660K(112448K), 0.0022520 secs] 222114K->122465K(364160K), 0.0022980 secs] [Times: user=0.02 sys=0.00, real=0.01 secs] 
266.260: Total time for which application threads were stopped: 0.0054170 seconds, Stopping threads took: 0.0030520 seconds
266.350: Application time: 0.0896600 seconds
266.353: [GC266.353: [ParNew: 106628K->6759K(112448K), 0.0024160 secs] 222433K->122678K(364160K), 0.0024590 secs] [Times: user=0.02 sys=0.00, real=0.00 secs] 
266.355: Total time for which application threads were stopped: 0.0056850 seconds, Stopping threads took: 0.0031480 seconds
266.445: Application time: 0.0891920 seconds
266.446: [GC266.446: [ParNew: 106727K->6714K(112448K), 0.0022490 secs] 222646K->122662K(364160K), 0.0022960 secs] [Times: user=0.02 sys=0.00, real=0.01 secs] 
266.449: Total time for which application threads were stopped: 0.0042480 seconds, Stopping threads took: 0.0018710 seconds
266.541: Application time: 0.0922760 seconds
266.544: [GC266.544: [ParNew: 106682K->7398K(112448K), 0.0024880 secs] 222630K->123402K(364160K), 0.0025320 secs] [Times: user=0.02 sys=0.00, real=0.00 secs] 
266.546: Total time for which application threads were stopped: 0.0050370 seconds, Stopping threads took: 0.0024330 seconds
266.635: Application time: 0.0890720 seconds
266.637: [GC266.637: [ParNew: 107366K->7089K(112448K), 0.0023830 secs] 223370K->123094K(364160K), 0.0024240 secs] [Times: user=0.02 sys=0.00, real=0.01 secs] 
266.640: Total time for which application threads were stopped: 0.0045750 seconds, Stopping threads took: 0.0020620 seconds
266.727: Application time: 0.0873250 seconds
266.730: [GC266.730: [ParNew: 107057K->7791K(112448K), 0.0028260 secs] 223062K->123796K(364160K), 0.0028720 secs] [Times: user=0.02 sys=0.00, real=0.00 secs] 
266.733: Total time for which application threads were stopped: 0.0060790 seconds, Stopping threads took: 0.0031270 seconds
266.823: Application time: 0.0900010 seconds
266.826: [GC266.826: [ParNew: 107759K->7415K(112448K), 0.0026450 secs] 223764K->123505K(364160K), 0.0026900 secs] [Times: user=0.02 sys=0.00, real=0.01 secs] 
266.829: Total time for which application threads were stopped: 0.0055640 seconds, Stopping threads took: 0.0028040 seconds
266.918: Application time: 0.0894410 seconds
266.921: [GC266.921: [ParNew: 107383K->7242K(112448K), 0.0024550 secs] 223473K->123418K(364160K), 0.0025020 secs] [Times: user=0.01 sys=0.00, real=0.00 secs] 
266.923: Total time for which application threads were stopped: 0.0052330 seconds, Stopping threads took: 0.0026410 seconds
267.013: Application time: 0.0897560 seconds
267.015: [GC267.015: [ParNew: 107210K->5017K(112448K), 0.0016670 secs] 223386K->121250K(364160K), 0.0017140 secs] [Times: user=0.01 sys=0.00, real=0.00 secs] 
267.017: Total time for which application threads were stopped: 0.0034690 seconds, Stopping threads took: 0.0016760 seconds
267.105: Application time: 0.0883580 seconds
267.108: [GC267.108: [ParNew: 104985K->5830K(112448K), 0.0018880 secs] 221218K->122063K(364160K), 0.0019360 secs] [Times: user=0.01 sys=0.00, real=0.00 secs] 
267.110: Total time for which application threads were stopped: 0.0049840 seconds, Stopping threads took: 0.0029780 seconds
267.199: Application time: 0.0890030 seconds
267.201: [GC267.201: [ParNew: 105798K->6884K(112448K), 0.0023420 secs] 222031K->123117K(364160K), 0.0023880 secs] [Times: user=0.02 sys=0.00, real=0.00 secs] 
267.203: Total time for which application threads were stopped: 0.0042910 seconds, Stopping threads took: 0.0018130 seconds
267.295: Application time: 0.0916930 seconds
267.298: [GC267.298: [ParNew: 106852K->7035K(112448K), 0.0024290 secs] 223085K->123325K(364160K), 0.0024730 secs] [Times: user=0.02 sys=0.00, real=0.01 secs] 
267.300: Total time for which application threads were stopped: 0.0051060 seconds, Stopping threads took: 0.0025460 seconds
267.389: Application time: 0.0884300 seconds
267.391: [GC267.391: [ParNew: 107003K->7400K(112448K), 0.0024840 secs] 223293K->123803K(364160K), 0.0025300 secs] [Times: user=0.01 sys=0.00, real=0.00 secs] 
267.393: Total time for which application threads were stopped: 0.0046560 seconds, Stopping threads took: 0.0020550 seconds
267.483: Application time: 0.0902570 seconds
267.485: [GC267.485: [ParNew: 107368K->7517K(112448K), 0.0025220 secs] 223771K->123977K(364160K), 0.0025680 secs] [Times: user=0.02 sys=0.00, real=0.00 secs] 
267.487: Total time for which application threads were stopped: 0.0038220 seconds, Stopping threads took: 0.0011730 seconds
267.581: Application time: 0.0935470 seconds
267.582: [GC267.582: [ParNew: 107485K->6301K(112448K), 0.0021480 secs] 223945K->122762K(364160K), 0.0021940 secs] [Times: user=0.02 sys=0.00, real=0.00 secs] 
267.585: Total time for which application threads were stopped: 0.0038210 seconds, Stopping threads took: 0.0015450 seconds
267.673: Application time: 0.0886390 seconds
267.675: [GC267.675: [ParNew: 106269K->6929K(112448K), 0.0024840 secs] 222730K->123390K(364160K), 0.0025320 secs] [Times: user=0.01 sys=0.00, real=0.00 secs] 
267.678: Total time for which application threads were stopped: 0.0042940 seconds, Stopping threads took: 0.0016920 seconds
267.770: Application time: 0.0928240 seconds
267.772: [GC267.772: [ParNew: 106897K->5944K(112448K), 0.0021260 secs] 223358K->122433K(364160K), 0.0021720 secs] [Times: user=0.01 sys=0.00, real=0.00 secs] 
267.774: Total time for which application threads were stopped: 0.0038050 seconds, Stopping threads took: 0.0015620 seconds
267.862: Application time: 0.0875180 seconds
267.864: [GC267.864: [ParNew: 105912K->7458K(112448K), 0.0024200 secs] 222401K->123947K(364160K), 0.0024670 secs] [Times: user=0.02 sys=0.00, real=0.00 secs] 
267.866: Total time for which application threads were stopped: 0.0046630 seconds, Stopping threads took: 0.0021240 seconds
267.955: Application time: 0.0882410 seconds
267.956: [GC267.957: [ParNew: 107426K->6321K(112448K), 0.0022200 secs] 223915K->122982K(364160K), 0.0022650 secs] [Times: user=0.02 sys=0.00, real=0.00 secs] 
267.959: Total time for which application threads were stopped: 0.0041420 seconds, Stopping threads took: 0.0018070 seconds
268.049: Application time: 0.0901180 seconds
268.051: [GC268.051: [ParNew: 106289K->6412K(112448K), 0.0020420 secs] 222950K->123101K(364160K), 0.0020860 secs] [Times: user=0.01 sys=0.00, real=0.00 secs] 
268.053: Total time for which application threads were stopped: 0.0045810 seconds, Stopping threads took: 0.0024270 seconds
268.145: Application time: 0.0913430 seconds
268.147: [GC268.147: [ParNew: 106380K->6391K(112448K), 0.0021660 secs] 223069K->123080K(364160K), 0.0022070 secs] [Times: user=0.01 sys=0.00, real=0.00 secs] 
268.150: Total time for which application threads were stopped: 0.0048830 seconds, Stopping threads took: 0.0025970 seconds
268.238: Application time: 0.0883500 seconds
268.241: [GC268.241: [ParNew: 106359K->8008K(112448K), 0.0029140 secs] 223048K->124725K(364160K), 0.0029590 secs] [Times: user=0.02 sys=0.00, real=0.00 secs] 
268.244: Total time for which application threads were stopped: 0.0055510 seconds, Stopping threads took: 0.0025150 seconds
268.334: Application time: 0.0899140 seconds
268.336: [GC268.336: [ParNew: 107976K->7796K(112448K), 0.0025930 secs] 224693K->124628K(364160K), 0.0026390 secs] [Times: user=0.02 sys=0.00, real=0.00 secs] 
268.339: Total time for which application threads were stopped: 0.0053760 seconds, Stopping threads took: 0.0026570 seconds
268.428: Application time: 0.0894310 seconds
268.431: [GC268.431: [ParNew: 107764K->6063K(112448K), 0.0020790 secs] 224596K->122952K(364160K), 0.0021250 secs] [Times: user=0.01 sys=0.00, real=0.00 secs] 
268.433: Total time for which application threads were stopped: 0.0045400 seconds, Stopping threads took: 0.0023450 seconds
268.524: Application time: 0.0909000 seconds
268.525: [GC268.525: [ParNew: 106031K->5596K(112448K), 0.0018680 secs] 222920K->122484K(364160K), 0.0019270 secs] [Times: user=0.02 sys=0.00, real=0.01 secs] 
268.527: Total time for which application threads were stopped: 0.0035090 seconds, Stopping threads took: 0.0015120 seconds
268.616: Application time: 0.0886790 seconds
268.618: [GC268.619: [ParNew: 105563K->7918K(112448K), 0.0028220 secs] 222451K->124807K(364160K), 0.0028670 secs] [Times: user=0.02 sys=0.00, real=0.01 secs] 
268.621: Total time for which application threads were stopped: 0.0054010 seconds, Stopping threads took: 0.0024640 seconds
268.713: Application time: 0.0914640 seconds
268.714: [GC268.714: [ParNew: 107886K->7359K(112448K), 0.0025470 secs] 224775K->124304K(364160K), 0.0025930 secs] [Times: user=0.02 sys=0.00, real=0.00 secs] 
268.717: Total time for which application threads were stopped: 0.0038760 seconds, Stopping threads took: 0.0012030 seconds
268.808: Application time: 0.0909640 seconds
268.810: [GC268.810: [ParNew: 107327K->6307K(112448K), 0.0021820 secs] 224272K->123338K(364160K), 0.0022290 secs] [Times: user=0.02 sys=0.00, real=0.00 secs] 
268.812: Total time for which application threads were stopped: 0.0045400 seconds, Stopping threads took: 0.0022210 seconds
268.902: Application time: 0.0893560 seconds
268.904: [GC268.904: [ParNew: 106275K->5970K(112448K), 0.0019230 secs] 223306K->123059K(364160K), 0.0019650 secs] [Times: user=0.01 sys=0.00, real=0.00 secs] 
268.906: Total time for which application threads were stopped: 0.0041670 seconds, Stopping threads took: 0.0021310 seconds
268.996: Application time: 0.0902670 seconds
268.999: [GC268.999: [ParNew: 105938K->6290K(112448K), 0.0019610 secs] 223027K->123378K(364160K), 0.0020020 secs] [Times: user=0.02 sys=0.00, real=0.01 secs] 
269.001: Total time for which application threads were stopped: 0.0049530 seconds, Stopping threads took: 0.0028820 seconds
269.089: Application time: 0.0881120 seconds
269.091: [GC269.091: [ParNew: 106258K->6490K(112448K), 0.0022610 secs] 223346K->123636K(364160K), 0.0023030 secs] [Times: user=0.02 sys=0.00, real=0.00 secs] 
269.093: Total time for which application threads were stopped: 0.0042690 seconds, Stopping threads took: 0.0018940 seconds
269.181: Application time: 0.0876520 seconds
269.184: [GC269.184: [ParNew: 106458K->7119K(112448K), 0.0025710 secs] 223604K->124293K(364160K), 0.0026170 secs] [Times: user=0.01 sys=0.00, real=0.00 secs] 
269.186: Total time for which application threads were stopped: 0.0054610 seconds, Stopping threads took: 0.0027740 seconds
269.280: Application time: 0.0933110 seconds
269.282: [GC269.282: [ParNew: 107087K->7674K(112448K), 0.0025770 secs] 224261K->124905K(364160K), 0.0026200 secs] [Times: user=0.02 sys=0.00, real=0.00 secs] 
269.284: Total time for which application threads were stopped: 0.0043570 seconds, Stopping threads took: 0.0016390 seconds
269.377: Application time: 0.0925040 seconds
269.378: [GC269.378: [ParNew: 107642K->6115K(112448K), 0.0021060 secs] 224873K->123431K(364160K), 0.0021500 secs] [Times: user=0.01 sys=0.00, real=0.01 secs] 
269.380: Total time for which application threads were stopped: 0.0036770 seconds, Stopping threads took: 0.0014560 seconds
269.470: Application time: 0.0900890 seconds
269.471: [GC269.471: [ParNew: 106083K->5608K(112448K), 0.0018700 secs] 223399K->122924K(364160K), 0.0019160 secs] [Times: user=0.02 sys=0.00, real=0.00 secs] 
269.473: Total time for which application threads were stopped: 0.0026140 seconds, Stopping threads took: 0.0006270 seconds
269.563: Application time: 0.0896620 seconds
269.564: [GC269.564: [ParNew: 105576K->6476K(112448K), 0.0021860 secs] 222892K->123793K(364160K), 0.0022320 secs] [Times: user=0.01 sys=0.00, real=0.00 secs] 
269.566: Total time for which application threads were stopped: 0.0037570 seconds, Stopping threads took: 0.0014540 seconds
269.663: Application time: 0.0965540 seconds
269.666: [GC269.666: [ParNew: 106444K->6410K(112448K), 0.0022460 secs] 223761K->123784K(364160K), 0.0022950 secs] [Times: user=0.02 sys=0.00, real=0.01 secs] 
269.669: Total time for which application threads were stopped: 0.0055170 seconds, Stopping threads took: 0.0031460 seconds
269.763: Application time: 0.0944750 seconds
269.765: [GC269.765: [ParNew: 106378K->7401K(112448K), 0.0026060 secs] 223752K->124832K(364160K), 0.0026530 secs] [Times: user=0.02 sys=0.00, real=0.01 secs] 
269.768: Total time for which application threads were stopped: 0.0048950 seconds, Stopping threads took: 0.0021590 seconds
269.863: Application time: 0.0953890 seconds
269.866: [GC269.866: [ParNew: 107369K->7223K(112448K), 0.0024100 secs] 224800K->124768K(364160K), 0.0024600 secs] [Times: user=0.02 sys=0.00, real=0.01 secs] 
269.868: Total time for which application threads were stopped: 0.0048540 seconds, Stopping threads took: 0.0023140 seconds
269.964: Application time: 0.0961640 seconds
269.965: [GC269.965: [ParNew: 107191K->6025K(112448K), 0.0022050 secs] 224736K->123627K(364160K), 0.0022500 secs] [Times: user=0.02 sys=0.00, real=0.01 secs] 
269.968: Total time for which application threads were stopped: 0.0032090 seconds, Stopping threads took: 0.0008880 seconds
270.059: Application time: 0.0915780 seconds
270.061: [GC270.061: [ParNew: 105993K->6768K(112448K), 0.0023970 secs] 223595K->124370K(364160K), 0.0024410 secs] [Times: user=0.02 sys=0.00, real=0.00 secs] 
270.064: Total time for which application threads were stopped: 0.0045620 seconds, Stopping threads took: 0.0020300 seconds
270.157: Application time: 0.0935180 seconds
270.160: [GC270.160: [ParNew: 106736K->6490K(112448K), 0.0022310 secs] 224338K->124092K(364160K), 0.0022730 secs] [Times: user=0.01 sys=0.00, real=0.00 secs] 
270.162: Total time for which application threads were stopped: 0.0048910 seconds, Stopping threads took: 0.0025280 seconds
270.256: Application time: 0.0934280 seconds
270.257: [GC270.257: [ParNew: 106458K->7828K(112448K), 0.0027840 secs] 224060K->125486K(364160K), 0.0028300 secs] [Times: user=0.01 sys=0.00, real=0.01 secs] 
270.260: Total time for which application threads were stopped: 0.0046980 seconds, Stopping threads took: 0.0017950 seconds
270.354: Application time: 0.0933790 seconds
270.356: [GC270.356: [ParNew: 107796K->7655K(112448K), 0.0025010 secs] 225454K->125427K(364160K), 0.0025470 secs] [Times: user=0.02 sys=0.00, real=0.00 secs] 
270.359: Total time for which application threads were stopped: 0.0051010 seconds, Stopping threads took: 0.0024800 seconds
270.452: Application time: 0.0929660 seconds
270.453: [GC270.453: [ParNew: 107623K->6536K(112448K), 0.0022830 secs] 225395K->124366K(364160K), 0.0023250 secs] [Times: user=0.02 sys=0.00, real=0.00 secs] 
270.456: Total time for which application threads were stopped: 0.0041260 seconds, Stopping threads took: 0.0017200 seconds
270.551: Application time: 0.0951350 seconds
270.553: [GC270.553: [ParNew: 106504K->7654K(112448K), 0.0025120 secs] 224334K->125484K(364160K), 0.0025560 secs] [Times: user=0.02 sys=0.00, real=0.00 secs] 
270.556: Total time for which application threads were stopped: 0.0047060 seconds, Stopping threads took: 0.0020790 seconds
270.650: Application time: 0.0939660 seconds
270.652: [GC270.652: [ParNew: 107622K->6781K(112448K), 0.0021560 secs] 225452K->124610K(364160K), 0.0022010 secs] [Times: user=0.01 sys=0.00, real=0.00 secs] 
270.654: Total time for which application threads were stopped: 0.0047480 seconds, Stopping threads took: 0.0024740 seconds
270.749: Application time: 0.0945070 seconds
270.752: [GC270.752: [ParNew: 106749K->7330K(112448K), 0.0026740 secs] 224578K->125188K(364160K), 0.0027190 secs] [Times: user=0.02 sys=0.00, real=0.00 secs] 
270.755: Total time for which application threads were stopped: 0.0060620 seconds, Stopping threads took: 0.0032730 seconds
270.849: Application time: 0.0944500 seconds
270.852: [GC270.853: [ParNew: 107298K->6756K(112448K), 0.0023390 secs] 225156K->124757K(364160K), 0.0023880 secs] [Times: user=0.02 sys=0.00, real=0.00 secs] 
270.855: Total time for which application threads were stopped: 0.0054950 seconds, Stopping threads took: 0.0030150 seconds
270.948: Application time: 0.0929070 seconds
270.951: [GC270.951: [ParNew: 106724K->7733K(112448K), 0.0026500 secs] 224725K->125762K(364160K), 0.0027030 secs] [Times: user=0.02 sys=0.00, real=0.00 secs] 
270.953: Total time for which application threads were stopped: 0.0054930 seconds, Stopping threads took: 0.0027060 seconds
271.051: Application time: 0.0979780 seconds
271.054: [GC271.054: [ParNew: 107701K->6854K(112448K), 0.0023760 secs] 225730K->124912K(364160K), 0.0024240 secs] [Times: user=0.02 sys=0.00, real=0.00 secs] 
271.056: Total time for which application threads were stopped: 0.0052080 seconds, Stopping threads took: 0.0027050 seconds
271.152: Application time: 0.0956310 seconds
271.155: [GC271.155: [ParNew: 106822K->6779K(112448K), 0.0022040 secs] 224880K->124837K(364160K), 0.0022520 secs] [Times: user=0.02 sys=0.00, real=0.00 secs] 
271.157: Total time for which application threads were stopped: 0.0053020 seconds, Stopping threads took: 0.0029770 seconds
271.251: Application time: 0.0932270 seconds
271.253: [GC271.253: [ParNew: 106747K->7601K(112448K), 0.0025420 secs] 224805K->125688K(364160K), 0.0025890 secs] [Times: user=0.02 sys=0.00, real=0.00 secs] 
271.256: Total time for which application threads were stopped: 0.0050990 seconds, Stopping threads took: 0.0024390 seconds
271.352: Application time: 0.0958670 seconds
271.356: [GC271.356: [ParNew: 107569K->6200K(112448K), 0.0021140 secs] 225656K->124400K(364160K), 0.0021590 secs] [Times: user=0.02 sys=0.00, real=0.00 secs] 
271.358: Total time for which application threads were stopped: 0.0068010 seconds, Stopping threads took: 0.0045730 seconds
271.454: Application time: 0.0952620 seconds
271.456: [GC271.456: [ParNew: 106168K->7111K(112448K), 0.0024590 secs] 224368K->125311K(364160K), 0.0025050 secs] [Times: user=0.02 sys=0.00, real=0.00 secs] 
271.458: Total time for which application threads were stopped: 0.0044870 seconds, Stopping threads took: 0.0019130 seconds
271.552: Application time: 0.0942950 seconds
271.555: [GC271.555: [ParNew: 107079K->7416K(112448K), 0.0027490 secs] 225279K->125702K(364160K), 0.0027960 secs] [Times: user=0.02 sys=0.00, real=0.00 secs] 
271.558: Total time for which application threads were stopped: 0.0055430 seconds, Stopping threads took: 0.0026650 seconds
271.654: Application time: 0.0962780 seconds
271.657: [GC271.657: [ParNew: 107384K->5999K(112448K), 0.0021320 secs] 225670K->124285K(364160K), 0.0021770 secs] [Times: user=0.02 sys=0.00, real=0.00 secs] 
271.659: Total time for which application threads were stopped: 0.0046070 seconds, Stopping threads took: 0.0023570 seconds
271.755: Application time: 0.0961540 seconds
271.758: [GC271.758: [ParNew: 105967K->6651K(112448K), 0.0023820 secs] 224253K->124937K(364160K), 0.0024260 secs] [Times: user=0.02 sys=0.00, real=0.01 secs] 
271.761: Total time for which application threads were stopped: 0.0057150 seconds, Stopping threads took: 0.0032080 seconds
271.855: Application time: 0.0938040 seconds
271.857: [GC271.857: [ParNew: 106619K->6906K(112448K), 0.0023470 secs] 224905K->125306K(364160K), 0.0023950 secs] [Times: user=0.01 sys=0.00, real=0.01 secs] 
271.860: Total time for which application threads were stopped: 0.0049570 seconds, Stopping threads took: 0.0024700 seconds
271.954: Application time: 0.0940720 seconds
271.955: [GC271.955: [ParNew: 106874K->5636K(112448K), 0.0018880 secs] 225274K->124093K(364160K), 0.0019330 secs] [Times: user=0.01 sys=0.00, real=0.00 secs] 
271.957: Total time for which application threads were stopped: 0.0035370 seconds, Stopping threads took: 0.0015320 seconds
272.047: Application time: 0.0902620 seconds
272.050: [GC272.050: [ParNew: 105604K->7685K(112448K), 0.0025460 secs] 224061K->126142K(364160K), 0.0025910 secs] [Times: user=0.02 sys=0.00, real=0.00 secs] 
272.053: Total time for which application threads were stopped: 0.0052530 seconds, Stopping threads took: 0.0025960 seconds
272.149: Application time: 0.0965530 seconds
272.152: [GC272.152: [ParNew: 107653K->5950K(112448K), 0.0020660 secs] 226110K->124464K(364160K), 0.0021090 secs] [Times: user=0.01 sys=0.00, real=0.00 secs] 
272.154: Total time for which application threads were stopped: 0.0049450 seconds, Stopping threads took: 0.0027540 seconds
272.255: Application time: 0.1012130 seconds
272.259: [GC272.259: [ParNew: 105918K->6120K(112448K), 0.0019770 secs] 224432K->124634K(364160K), 0.0020250 secs] [Times: user=0.02 sys=0.00, real=0.01 secs] 
272.261: Total time for which application threads were stopped: 0.0052540 seconds, Stopping threads took: 0.0031540 seconds
272.356: Application time: 0.0949650 seconds
272.358: [GC272.358: [ParNew: 106088K->7812K(112448K), 0.0025390 secs] 224602K->126326K(364160K), 0.0025880 secs] [Times: user=0.02 sys=0.00, real=0.01 secs] 
272.361: Total time for which application threads were stopped: 0.0052460 seconds, Stopping threads took: 0.0025860 seconds
272.455: Application time: 0.0944970 seconds
272.457: [GC272.457: [ParNew: 107780K->6000K(112448K), 0.0021070 secs] 226294K->124685K(364160K), 0.0021510 secs] [Times: user=0.01 sys=0.00, real=0.00 secs] 
272.459: Total time for which application threads were stopped: 0.0033330 seconds, Stopping threads took: 0.0011070 seconds
272.557: Application time: 0.0978640 seconds
272.558: [GC272.558: [ParNew: 105968K->6929K(112448K), 0.0022720 secs] 224653K->125614K(364160K), 0.0023210 secs] [Times: user=0.02 sys=0.00, real=0.01 secs] 
272.561: Total time for which application threads were stopped: 0.0040140 seconds, Stopping threads took: 0.0016180 seconds
272.658: Application time: 0.0976110 seconds
272.660: [GC272.660: [ParNew: 106897K->5268K(112448K), 0.0018110 secs] 225582K->124010K(364160K), 0.0018580 secs] [Times: user=0.01 sys=0.00, real=0.00 secs] 
272.662: Total time for which application threads were stopped: 0.0037640 seconds, Stopping threads took: 0.0018260 seconds
272.758: Application time: 0.0961490 seconds
272.760: [GC272.760: [ParNew: 105236K->7235K(112448K), 0.0026550 secs] 223978K->125977K(364160K), 0.0027010 secs] [Times: user=0.02 sys=0.00, real=0.00 secs] 
272.762: Total time for which application threads were stopped: 0.0042050 seconds, Stopping threads took: 0.0014220 seconds
272.861: Application time: 0.0982810 seconds
272.864: [GC272.864: [ParNew: 107203K->7418K(112448K), 0.0026080 secs] 225945K->126245K(364160K), 0.0026490 secs] [Times: user=0.02 sys=0.00, real=0.00 secs] 
272.867: Total time for which application threads were stopped: 0.0060120 seconds, Stopping threads took: 0.0032930 seconds
272.959: Application time: 0.0928530 seconds
272.962: [GC272.962: [ParNew: 107386K->7311K(112448K), 0.0024970 secs] 226213K->126224K(364160K), 0.0025450 secs] [Times: user=0.01 sys=0.00, real=0.00 secs] 
272.965: Total time for which application threads were stopped: 0.0054800 seconds, Stopping threads took: 0.0028590 seconds
273.060: Application time: 0.0949740 seconds
273.063: [GC273.063: [ParNew: 107279K->7295K(112448K), 0.0024460 secs] 226192K->126265K(364160K), 0.0024900 secs] [Times: user=0.02 sys=0.00, real=0.00 secs] 
273.065: Total time for which application threads were stopped: 0.0053150 seconds, Stopping threads took: 0.0027530 seconds
273.160: Application time: 0.0950410 seconds
273.163: [GC273.163: [ParNew: 107263K->6571K(112448K), 0.0021750 secs] 226233K->125541K(364160K), 0.0022220 secs] [Times: user=0.02 sys=0.00, real=0.00 secs] 
273.165: Total time for which application threads were stopped: 0.0045890 seconds, Stopping threads took: 0.0022630 seconds
273.259: Application time: 0.0944310 seconds
273.262: [GC273.262: [ParNew: 106539K->7465K(112448K), 0.0024800 secs] 225509K->126435K(364160K), 0.0025240 secs] [Times: user=0.01 sys=0.00, real=0.00 secs] 
273.265: Total time for which application threads were stopped: 0.0055860 seconds, Stopping threads took: 0.0029910 seconds
273.360: Application time: 0.0949580 seconds
273.362: [GC273.362: [ParNew: 107433K->6855K(112448K), 0.0023460 secs] 226403K->125853K(364160K), 0.0023890 secs] [Times: user=0.02 sys=0.00, real=0.00 secs] 
273.364: Total time for which application threads were stopped: 0.0043450 seconds, Stopping threads took: 0.0018730 seconds
273.458: Application time: 0.0933770 seconds
273.460: [GC273.460: [ParNew: 106823K->6958K(112448K), 0.0023580 secs] 225821K->126099K(364160K), 0.0024080 secs] [Times: user=0.02 sys=0.00, real=0.00 secs] 
273.462: Total time for which application threads were stopped: 0.0043530 seconds, Stopping threads took: 0.0018640 seconds
273.558: Application time: 0.0963530 seconds
273.560: [GC273.560: [ParNew: 106926K->6471K(112448K), 0.0021540 secs] 226067K->125670K(364160K), 0.0021990 secs] [Times: user=0.02 sys=0.00, real=0.00 secs] 
273.563: Total time for which application threads were stopped: 0.0042860 seconds, Stopping threads took: 0.0020150 seconds
273.647: Application time: 0.0845640 seconds
273.650: [GC273.650: [ParNew: 106439K->7609K(112448K), 0.0025130 secs] 225638K->126808K(364160K), 0.0025600 secs] [Times: user=0.02 sys=0.00, real=0.00 secs] 
273.653: Total time for which application threads were stopped: 0.0054240 seconds, Stopping threads took: 0.0027970 seconds
273.743: Application time: 0.0903490 seconds
273.746: [GC273.746: [ParNew: 107577K->7747K(112448K), 0.0025400 secs] 226776K->126946K(364160K), 0.0025850 secs] [Times: user=0.02 sys=0.00, real=0.01 secs] 
273.749: Total time for which application threads were stopped: 0.0056650 seconds, Stopping threads took: 0.0029910 seconds
273.839: Application time: 0.0903600 seconds
273.840: [GC273.840: [ParNew: 107715K->6717K(112448K), 0.0022910 secs] 226914K->125944K(364160K), 0.0023340 secs] [Times: user=0.01 sys=0.00, real=0.00 secs] 
273.843: Total time for which application threads were stopped: 0.0037890 seconds, Stopping threads took: 0.0013850 seconds
273.931: Application time: 0.0878560 seconds
273.933: [GC273.933: [ParNew: 106685K->5991K(112448K), 0.0020810 secs] 225912K->125332K(364160K), 0.0021230 secs] [Times: user=0.02 sys=0.00, real=0.00 secs] 
273.935: Total time for which application threads were stopped: 0.0044840 seconds, Stopping threads took: 0.0022720 seconds
274.026: Application time: 0.0910800 seconds
274.028: [GC274.028: [ParNew: 105959K->7537K(112448K), 0.0025090 secs] 225300K->126878K(364160K), 0.0025520 secs] [Times: user=0.02 sys=0.00, real=0.00 secs] 
274.031: Total time for which application threads were stopped: 0.0047800 seconds, Stopping threads took: 0.0021580 seconds
274.120: Application time: 0.0889080 seconds
274.122: [GC274.122: [ParNew: 107505K->6582K(112448K), 0.0022800 secs] 226846K->126009K(364160K), 0.0023260 secs] [Times: user=0.02 sys=0.00, real=0.00 secs] 
274.124: Total time for which application threads were stopped: 0.0041330 seconds, Stopping threads took: 0.0017360 seconds
274.211: Application time: 0.0874720 seconds
274.214: [GC274.214: [ParNew: 106550K->7429K(112448K), 0.0025930 secs] 225977K->126855K(364160K), 0.0026380 secs] [Times: user=0.02 sys=0.00, real=0.00 secs] 
274.217: Total time for which application threads were stopped: 0.0053110 seconds, Stopping threads took: 0.0026010 seconds
274.309: Application time: 0.0924180 seconds
274.311: [GC274.311: [ParNew: 107397K->6153K(112448K), 0.0021840 secs] 226823K->125608K(364160K), 0.0022290 secs] [Times: user=0.02 sys=0.00, real=0.00 secs] 
274.314: Total time for which application threads were stopped: 0.0043980 seconds, Stopping threads took: 0.0020680 seconds
274.406: Application time: 0.0924620 seconds
274.408: [GC274.408: [ParNew: 106121K->6094K(112448K), 0.0020190 secs] 225576K->125549K(364160K), 0.0020610 secs] [Times: user=0.01 sys=0.00, real=0.00 secs] 
274.410: Total time for which application threads were stopped: 0.0042090 seconds, Stopping threads took: 0.0020690 seconds
274.499: Application time: 0.0887620 seconds
274.502: [GC274.502: [ParNew: 106062K->6824K(112448K), 0.0024030 secs] 225517K->126279K(364160K), 0.0024490 secs] [Times: user=0.01 sys=0.00, real=0.00 secs] 
274.504: Total time for which application threads were stopped: 0.0053800 seconds, Stopping threads took: 0.0028620 seconds
274.594: Application time: 0.0896660 seconds
274.596: [GC274.596: [ParNew: 106792K->7808K(112448K), 0.0027300 secs] 226247K->127463K(364160K), 0.0027720 secs] [Times: user=0.02 sys=0.00, real=0.00 secs] 
274.598: Total time for which application threads were stopped: 0.0042590 seconds, Stopping threads took: 0.0013960 seconds
274.689: Application time: 0.0904190 seconds
274.691: [GC274.691: [ParNew: 107776K->6795K(112448K), 0.0023170 secs] 227431K->126449K(364160K), 0.0023620 secs] [Times: user=0.01 sys=0.00, real=0.00 secs] 
274.694: Total time for which application threads were stopped: 0.0050350 seconds, Stopping threads took: 0.0026010 seconds
274.783: Application time: 0.0888250 seconds
274.785: [GC274.785: [ParNew: 106763K->6712K(112448K), 0.0022320 secs] 226417K->126396K(364160K), 0.0022750 secs] [Times: user=0.01 sys=0.00, real=0.01 secs] 
274.788: Total time for which application threads were stopped: 0.0049110 seconds, Stopping threads took: 0.0025470 seconds
274.879: Application time: 0.0914080 seconds
274.881: [GC274.881: [ParNew: 106680K->6416K(112448K), 0.0023190 secs] 226364K->126156K(364160K), 0.0023650 secs] [Times: user=0.01 sys=0.00, real=0.00 secs] 
274.884: Total time for which application threads were stopped: 0.0046980 seconds, Stopping threads took: 0.0022480 seconds
274.975: Application time: 0.0915910 seconds
274.978: [GC274.978: [ParNew: 106384K->6589K(112448K), 0.0023220 secs] 226124K->126415K(364160K), 0.0023720 secs] [Times: user=0.02 sys=0.00, real=0.01 secs] 
274.981: Total time for which application threads were stopped: 0.0052740 seconds, Stopping threads took: 0.0028070 seconds
275.070: Application time: 0.0896180 seconds
275.073: [GC275.073: [ParNew: 106557K->7646K(112448K), 0.0027480 secs] 226383K->127528K(364160K), 0.0027940 secs] [Times: user=0.02 sys=0.00, real=0.00 secs] 
275.076: Total time for which application threads were stopped: 0.0061260 seconds, Stopping threads took: 0.0032410 seconds
275.164: Application time: 0.0881650 seconds
275.166: [GC275.166: [ParNew: 107614K->5648K(112448K), 0.0018610 secs] 227496K->125531K(364160K), 0.0019040 secs] [Times: user=0.01 sys=0.00, real=0.01 secs] 
275.168: Total time for which application threads were stopped: 0.0035720 seconds, Stopping threads took: 0.0015800 seconds
275.254: Application time: 0.0858930 seconds
275.256: [GC275.256: [ParNew: 105616K->7074K(112448K), 0.0023840 secs] 225499K->126957K(364160K), 0.0024300 secs] [Times: user=0.02 sys=0.00, real=0.00 secs] 
275.259: Total time for which application threads were stopped: 0.0049750 seconds, Stopping threads took: 0.0024620 seconds
275.350: Application time: 0.0909370 seconds
275.350: [GC275.350: [ParNew: 107042K->4794K(112448K), 0.0016510 secs] 226925K->124763K(364160K), 0.0016950 secs] [Times: user=0.01 sys=0.00, real=0.00 secs] 
275.352: Total time for which application threads were stopped: 0.0023560 seconds, Stopping threads took: 0.0005930 seconds
275.441: Application time: 0.0886630 seconds
275.443: [GC275.443: [ParNew: 104762K->6887K(112448K), 0.0023470 secs] 224731K->126856K(364160K), 0.0023910 secs] [Times: user=0.01 sys=0.00, real=0.00 secs] 
275.445: Total time for which application threads were stopped: 0.0045920 seconds, Stopping threads took: 0.0021200 seconds
275.533: Application time: 0.0875510 seconds
275.535: [GC275.535: [ParNew: 106855K->6576K(112448K), 0.0041080 secs] 226824K->126687K(364160K), 0.0041550 secs] [Times: user=0.02 sys=0.00, real=0.00 secs] 
275.539: Total time for which application threads were stopped: 0.0061910 seconds, Stopping threads took: 0.0019670 seconds
275.628: Application time: 0.0885150 seconds
275.629: [GC275.629: [ParNew: 106544K->6665K(112448K), 0.0023030 secs] 226655K->126776K(364160K), 0.0023480 secs] [Times: user=0.02 sys=0.00, real=0.00 secs] 
275.632: Total time for which application threads were stopped: 0.0037930 seconds, Stopping threads took: 0.0013740 seconds
275.719: Application time: 0.0871990 seconds
275.720: [GC275.720: [ParNew: 106633K->6224K(112448K), 0.0020770 secs] 226744K->126335K(364160K), 0.0021160 secs] [Times: user=0.02 sys=0.00, real=0.00 secs] 
275.723: Total time for which application threads were stopped: 0.0037980 seconds, Stopping threads took: 0.0015920 seconds
275.814: Application time: 0.0913540 seconds
275.816: [GC275.816: [ParNew: 106192K->6071K(112448K), 0.0022170 secs] 226303K->126182K(364160K), 0.0022710 secs] [Times: user=0.02 sys=0.00, real=0.00 secs] 
275.818: Total time for which application threads were stopped: 0.0042800 seconds, Stopping threads took: 0.0019360 seconds
275.910: Application time: 0.0921230 seconds
275.912: [GC275.912: [ParNew: 106039K->7927K(112448K), 0.0025400 secs] 226150K->128038K(364160K), 0.0025820 secs] [Times: user=0.02 sys=0.00, real=0.00 secs] 
275.915: Total time for which application threads were stopped: 0.0044120 seconds, Stopping threads took: 0.0017410 seconds
276.001: Application time: 0.0867920 seconds
276.003: [GC276.003: [ParNew: 107895K->6679K(112448K), 0.0022540 secs] 228006K->126990K(364160K), 0.0022980 secs] [Times: user=0.02 sys=0.00, real=0.00 secs] 
276.005: Total time for which application threads were stopped: 0.0040120 seconds, Stopping threads took: 0.0016350 seconds
276.095: Application time: 0.0891040 seconds
276.097: [GC276.097: [ParNew: 106647K->7662K(112448K), 0.0024930 secs] 226958K->128001K(364160K), 0.0025350 secs] [Times: user=0.01 sys=0.00, real=0.01 secs] 
276.100: Total time for which application threads were stopped: 0.0051450 seconds, Stopping threads took: 0.0025390 seconds
276.192: Application time: 0.0921470 seconds
276.195: [GC276.195: [ParNew: 107630K->7510K(112448K), 0.0025280 secs] 227969K->127849K(364160K), 0.0025730 secs] [Times: user=0.02 sys=0.00, real=0.00 secs] 
276.197: Total time for which application threads were stopped: 0.0054990 seconds, Stopping threads took: 0.0028560 seconds
276.285: Application time: 0.0880820 seconds
276.288: [GC276.288: [ParNew: 107478K->6297K(112448K), 0.0022680 secs] 227817K->126694K(364160K), 0.0023130 secs] [Times: user=0.01 sys=0.00, real=0.00 secs] 
276.290: Total time for which application threads were stopped: 0.0048400 seconds, Stopping threads took: 0.0024570 seconds
276.380: Application time: 0.0894980 seconds
276.382: [GC276.382: [ParNew: 106265K->7750K(112448K), 0.0026500 secs] 226662K->128232K(364160K), 0.0026930 secs] [Times: user=0.02 sys=0.00, real=0.00 secs] 
276.385: Total time for which application threads were stopped: 0.0051230 seconds, Stopping threads took: 0.0023600 seconds
276.474: Application time: 0.0894870 seconds
276.477: [GC276.477: [ParNew: 107718K->5976K(112448K), 0.0019580 secs] 228200K->126514K(364160K), 0.0020040 secs] [Times: user=0.01 sys=0.00, real=0.00 secs] 
276.479: Total time for which application threads were stopped: 0.0041900 seconds, Stopping threads took: 0.0021130 seconds
276.569: Application time: 0.0906900 seconds
276.572: [GC276.572: [ParNew: 105944K->7706K(112448K), 0.0026830 secs] 226482K->128245K(364160K), 0.0027250 secs] [Times: user=0.01 sys=0.00, real=0.00 secs] 
276.575: Total time for which application threads were stopped: 0.0057000 seconds, Stopping threads took: 0.0028960 seconds
276.663: Application time: 0.0881730 seconds
276.666: [GC276.666: [ParNew: 107674K->7212K(112448K), 0.0025630 secs] 228213K->127779K(364160K), 0.0026090 secs] [Times: user=0.02 sys=0.00, real=0.01 secs] 
276.668: Total time for which application threads were stopped: 0.0051870 seconds, Stopping threads took: 0.0025090 seconds
276.757: Application time: 0.0884420 seconds
276.759: [GC276.759: [ParNew: 107180K->7749K(112448K), 0.0027050 secs] 227747K->128345K(364160K), 0.0027510 secs] [Times: user=0.02 sys=0.00, real=0.00 secs] 
276.762: Total time for which application threads were stopped: 0.0053200 seconds, Stopping threads took: 0.0025050 seconds
276.850: Application time: 0.0879750 seconds
276.852: [GC276.852: [ParNew: 107717K->5702K(112448K), 0.0019450 secs] 228313K->126412K(364160K), 0.0019890 secs] [Times: user=0.01 sys=0.00, real=0.00 secs] 
276.854: Total time for which application threads were stopped: 0.0036380 seconds, Stopping threads took: 0.0015550 seconds
276.944: Application time: 0.0901210 seconds
276.946: [GC276.946: [ParNew: 105670K->5887K(112448K), 0.0020270 secs] 226380K->126597K(364160K), 0.0020710 secs] [Times: user=0.02 sys=0.00, real=0.01 secs] 
276.948: Total time for which application threads were stopped: 0.0042150 seconds, Stopping threads took: 0.0020460 seconds
277.038: Application time: 0.0895120 seconds
277.041: [GC277.041: [ParNew: 105855K->6695K(112448K), 0.0022110 secs] 226565K->127405K(364160K), 0.0022550 secs] [Times: user=0.02 sys=0.00, real=0.00 secs] 
277.043: Total time for which application threads were stopped: 0.0053360 seconds, Stopping threads took: 0.0030000 seconds
277.131: Application time: 0.0877250 seconds
277.133: [GC277.133: [ParNew: 106663K->7595K(112448K), 0.0026710 secs] 227373K->128390K(364160K), 0.0027150 secs] [Times: user=0.02 sys=0.00, real=0.00 secs] 
277.136: Total time for which application threads were stopped: 0.0052580 seconds, Stopping threads took: 0.0024570 seconds
277.223: Application time: 0.0866140 seconds
277.226: [GC277.226: [ParNew: 107563K->6713K(112448K), 0.0023350 secs] 228358K->127537K(364160K), 0.0023780 secs] [Times: user=0.01 sys=0.00, real=0.01 secs] 
277.228: Total time for which application threads were stopped: 0.0055360 seconds, Stopping threads took: 0.0030670 seconds
277.319: Application time: 0.0910060 seconds
277.321: [GC277.321: [ParNew: 106681K->7477K(112448K), 0.0024620 secs] 227505K->128358K(364160K), 0.0025060 secs] [Times: user=0.02 sys=0.00, real=0.00 secs] 
277.324: Total time for which application threads were stopped: 0.0048710 seconds, Stopping threads took: 0.0022750 seconds
277.414: Application time: 0.0900380 seconds
277.421: [GC277.421: [ParNew: 107445K->7638K(112448K), 0.0025790 secs] 228326K->128604K(364160K), 0.0026250 secs] [Times: user=0.02 sys=0.00, real=0.00 secs] 
277.424: Total time for which application threads were stopped: 0.0098570 seconds, Stopping threads took: 0.0071600 seconds
277.512: Application time: 0.0883280 seconds
277.515: [GC277.515: [ParNew: 107606K->7273K(112448K), 0.0024290 secs] 228572K->128296K(364160K), 0.0024750 secs] [Times: user=0.02 sys=0.00, real=0.00 secs] 
277.517: Total time for which application threads were stopped: 0.0049400 seconds, Stopping threads took: 0.0023940 seconds
277.608: Application time: 0.0910760 seconds
277.611: [GC277.611: [ParNew: 107241K->7504K(112448K), 0.0025510 secs] 228264K->128528K(364160K), 0.0025950 secs] [Times: user=0.02 sys=0.00, real=0.00 secs] 
277.613: Total time for which application threads were stopped: 0.0049870 seconds, Stopping threads took: 0.0023250 seconds
277.710: Application time: 0.0971850 seconds
277.713: [GC277.713: [ParNew: 107472K->7405K(112448K), 0.0024850 secs] 228496K->128457K(364160K), 0.0025320 secs] [Times: user=0.02 sys=0.00, real=0.00 secs] 
277.715: Total time for which application threads were stopped: 0.0049850 seconds, Stopping threads took: 0.0023740 seconds
277.808: Application time: 0.0923720 seconds
277.810: [GC277.810: [ParNew: 107373K->7240K(112448K), 0.0026010 secs] 228425K->128349K(364160K), 0.0026510 secs] [Times: user=0.02 sys=0.00, real=0.00 secs] 
277.813: Total time for which application threads were stopped: 0.0048300 seconds, Stopping threads took: 0.0021090 seconds
277.909: Application time: 0.0962990 seconds
277.912: [GC277.912: [ParNew: 107208K->6898K(112448K), 0.0022450 secs] 228317K->128093K(364160K), 0.0022910 secs] [Times: user=0.02 sys=0.00, real=0.00 secs] 
277.914: Total time for which application threads were stopped: 0.0050890 seconds, Stopping threads took: 0.0027320 seconds
278.010: Application time: 0.0958830 seconds
278.012: [GC278.012: [ParNew: 106866K->5798K(112448K), 0.0021830 secs] 228061K->127050K(364160K), 0.0022270 secs] [Times: user=0.02 sys=0.00, real=0.00 secs] 
278.014: Total time for which application threads were stopped: 0.0043910 seconds, Stopping threads took: 0.0020990 seconds
278.114: Application time: 0.0994470 seconds
278.115: [GC278.115: [ParNew: 105766K->6473K(112448K), 0.0022100 secs] 227018K->127725K(364160K), 0.0022540 secs] [Times: user=0.02 sys=0.00, real=0.00 secs] 
278.118: Total time for which application threads were stopped: 0.0038560 seconds, Stopping threads took: 0.0015230 seconds
278.210: Application time: 0.0926350 seconds
278.213: [GC278.213: [ParNew: 106441K->6304K(112448K), 0.0021060 secs] 227693K->127556K(364160K), 0.0021620 secs] [Times: user=0.02 sys=0.00, real=0.00 secs] 
278.215: Total time for which application threads were stopped: 0.0052330 seconds, Stopping threads took: 0.0030050 seconds
278.314: Application time: 0.0986640 seconds
278.316: [GC278.316: [ParNew: 106272K->7997K(112448K), 0.0028430 secs] 227524K->129334K(364160K), 0.0028860 secs] [Times: user=0.02 sys=0.00, real=0.00 secs] 
278.319: Total time for which application threads were stopped: 0.0047080 seconds, Stopping threads took: 0.0017240 seconds
278.416: Application time: 0.0976360 seconds
278.418: [GC278.418: [ParNew: 107965K->5372K(112448K), 0.0018520 secs] 229302K->126795K(364160K), 0.0018950 secs] [Times: user=0.02 sys=0.00, real=0.01 secs] 
278.420: Total time for which application threads were stopped: 0.0037500 seconds, Stopping threads took: 0.0017850 seconds
278.518: Application time: 0.0973090 seconds
278.520: [GC278.520: [ParNew: 105340K->5830K(112448K), 0.0018800 secs] 226763K->127253K(364160K), 0.0019250 secs] [Times: user=0.01 sys=0.00, real=0.00 secs] 
278.522: Total time for which application threads were stopped: 0.0048870 seconds, Stopping threads took: 0.0028890 seconds
278.617: Application time: 0.0950240 seconds
278.620: [GC278.620: [ParNew: 105798K->6198K(112448K), 0.0020970 secs] 227221K->127620K(364160K), 0.0021430 secs] [Times: user=0.01 sys=0.00, real=0.00 secs] 
278.622: Total time for which application threads were stopped: 0.0043180 seconds, Stopping threads took: 0.0021020 seconds
278.715: Application time: 0.0931710 seconds
278.717: [GC278.717: [ParNew: 106166K->6761K(112448K), 0.0021740 secs] 227588K->128184K(364160K), 0.0022200 secs] [Times: user=0.02 sys=0.00, real=0.00 secs] 
278.719: Total time for which application threads were stopped: 0.0040470 seconds, Stopping threads took: 0.0017530 seconds
278.813: Application time: 0.0941760 seconds
278.816: [GC278.816: [ParNew: 106729K->6926K(112448K), 0.0023200 secs] 228152K->128491K(364160K), 0.0023650 secs] [Times: user=0.02 sys=0.00, real=0.00 secs] 
278.819: Total time for which application threads were stopped: 0.0054010 seconds, Stopping threads took: 0.0029650 seconds
278.913: Application time: 0.0948960 seconds
278.916: [GC278.916: [ParNew: 106894K->6806K(112448K), 0.0024390 secs] 228459K->128457K(364160K), 0.0024820 secs] [Times: user=0.01 sys=0.00, real=0.00 secs] 
278.919: Total time for which application threads were stopped: 0.0053680 seconds, Stopping threads took: 0.0028060 seconds
279.013: Application time: 0.0945200 seconds
279.017: [GC279.017: [ParNew: 106774K->7719K(112448K), 0.0025870 secs] 228425K->129398K(364160K), 0.0026310 secs] [Times: user=0.02 sys=0.00, real=0.00 secs] 
279.019: Total time for which application threads were stopped: 0.0059240 seconds, Stopping threads took: 0.0032130 seconds
279.116: Application time: 0.0969720 seconds
279.118: [GC279.118: [ParNew: 107687K->7814K(112448K), 0.0025930 secs] 229366K->129522K(364160K), 0.0026400 secs] [Times: user=0.01 sys=0.00, real=0.01 secs] 
279.120: Total time for which application threads were stopped: 0.0041290 seconds, Stopping threads took: 0.0014180 seconds
279.218: Application time: 0.0975220 seconds
279.220: [GC279.220: [ParNew: 107782K->6109K(112448K), 0.0021140 secs] 229490K->127817K(364160K), 0.0021650 secs] [Times: user=0.01 sys=0.00, real=0.00 secs] 
279.222: Total time for which application threads were stopped: 0.0043120 seconds, Stopping threads took: 0.0020730 seconds
279.318: Application time: 0.0956740 seconds
279.321: [GC279.321: [ParNew: 106077K->6415K(112448K), 0.0022370 secs] 227785K->128123K(364160K), 0.0022850 secs] [Times: user=0.02 sys=0.00, real=0.00 secs] 
279.323: Total time for which application threads were stopped: 0.0050160 seconds, Stopping threads took: 0.0026350 seconds
279.419: Application time: 0.0964650 seconds
279.423: [GC279.423: [ParNew: 106383K->6219K(112448K), 0.0021000 secs] 228091K->128041K(364160K), 0.0021470 secs] [Times: user=0.02 sys=0.00, real=0.00 secs] 
279.425: Total time for which application threads were stopped: 0.0053340 seconds, Stopping threads took: 0.0031000 seconds
279.520: Application time: 0.0956460 seconds
279.522: [GC279.522: [ParNew: 106187K->6285K(112448K), 0.0020700 secs] 228009K->128107K(364160K), 0.0021190 secs] [Times: user=0.02 sys=0.00, real=0.00 secs] 
279.524: Total time for which application threads were stopped: 0.0037250 seconds, Stopping threads took: 0.0015320 seconds
279.620: Application time: 0.0960100 seconds
279.623: [GC279.623: [ParNew: 106253K->7178K(112448K), 0.0024270 secs] 228075K->129057K(364160K), 0.0024720 secs] [Times: user=0.01 sys=0.00, real=0.00 secs] 
279.626: Total time for which application threads were stopped: 0.0056290 seconds, Stopping threads took: 0.0030840 seconds
279.721: Application time: 0.0950570 seconds
279.723: [GC279.723: [ParNew: 107146K->6186K(112448K), 0.0021670 secs] 229025K->128122K(364160K), 0.0022140 secs] [Times: user=0.02 sys=0.00, real=0.00 secs] 
279.726: Total time for which application threads were stopped: 0.0048730 seconds, Stopping threads took: 0.0025870 seconds
279.825: Application time: 0.0990050 seconds
279.826: [GC279.826: [ParNew: 106154K->6771K(112448K), 0.0023630 secs] 228090K->128707K(364160K), 0.0024110 secs] [Times: user=0.02 sys=0.00, real=0.01 secs] 
279.829: Total time for which application threads were stopped: 0.0041120 seconds, Stopping threads took: 0.0016100 seconds
279.925: Application time: 0.0964690 seconds
279.927: [GC279.927: [ParNew: 106739K->6366K(112448K), 0.0021910 secs] 228675K->128416K(364160K), 0.0022370 secs] [Times: user=0.01 sys=0.00, real=0.01 secs] 
279.929: Total time for which application threads were stopped: 0.0039280 seconds, Stopping threads took: 0.0016120 seconds
280.024: Application time: 0.0946590 seconds
280.026: [GC280.026: [ParNew: 106334K->6729K(112448K), 0.0023380 secs] 228384K->128836K(364160K), 0.0023860 secs] [Times: user=0.02 sys=0.00, real=0.01 secs] 
280.028: Total time for which application threads were stopped: 0.0046490 seconds, Stopping threads took: 0.0021780 seconds
280.129: Application time: 0.1008150 seconds
280.132: [GC280.132: [ParNew: 106697K->7856K(112448K), 0.0026990 secs] 228804K->130020K(364160K), 0.0027490 secs] [Times: user=0.02 sys=0.00, real=0.00 secs] 
280.135: Total time for which application threads were stopped: 0.0052960 seconds, Stopping threads took: 0.0024550 seconds
280.230: Application time: 0.0957580 seconds
280.233: [GC280.233: [ParNew: 107824K->6598K(112448K), 0.0023210 secs] 229988K->128762K(364160K), 0.0023640 secs] [Times: user=0.01 sys=0.00, real=0.00 secs] 
280.236: Total time for which application threads were stopped: 0.0054510 seconds, Stopping threads took: 0.0029970 seconds
280.331: Application time: 0.0951870 seconds
280.334: [GC280.334: [ParNew: 106566K->6390K(112448K), 0.0021640 secs] 228730K->128583K(364160K), 0.0022120 secs] [Times: user=0.02 sys=0.00, real=0.00 secs] 
280.337: Total time for which application threads were stopped: 0.0055110 seconds, Stopping threads took: 0.0032250 seconds
280.431: Application time: 0.0944420 seconds
280.433: [GC280.433: [ParNew: 106358K->6262K(112448K), 0.0021310 secs] 228551K->128540K(364160K), 0.0021790 secs] [Times: user=0.02 sys=0.00, real=0.00 secs] 
280.436: Total time for which application threads were stopped: 0.0045530 seconds, Stopping threads took: 0.0022940 seconds
280.531: Application time: 0.0953060 seconds
280.533: [GC280.533: [ParNew: 106230K->6800K(112448K), 0.0023790 secs] 228508K->129135K(364160K), 0.0024350 secs] [Times: user=0.02 sys=0.00, real=0.00 secs] 
280.536: Total time for which application threads were stopped: 0.0047090 seconds, Stopping threads took: 0.0021740 seconds
280.630: Application time: 0.0946330 seconds
280.633: [GC280.633: [ParNew: 106768K->6669K(112448K), 0.0021990 secs] 229103K->129061K(364160K), 0.0022450 secs] [Times: user=0.02 sys=0.00, real=0.00 secs] 
280.635: Total time for which application threads were stopped: 0.0048290 seconds, Stopping threads took: 0.0025120 seconds
280.733: Application time: 0.0979310 seconds
280.735: [GC280.735: [ParNew: 106637K->7794K(112448K), 0.0025650 secs] 229029K->130186K(364160K), 0.0026210 secs] [Times: user=0.02 sys=0.00, real=0.00 secs] 
280.738: Total time for which application threads were stopped: 0.0050380 seconds, Stopping threads took: 0.0023410 seconds
280.833: Application time: 0.0951510 seconds
280.836: [GC280.836: [ParNew: 107762K->7469K(112448K), 0.0024210 secs] 230154K->129890K(364160K), 0.0024700 secs] [Times: user=0.02 sys=0.00, real=0.00 secs] 
280.839: Total time for which application threads were stopped: 0.0054830 seconds, Stopping threads took: 0.0029390 seconds
280.930: Application time: 0.0918030 seconds
280.933: [GC280.933: [ParNew: 107437K->6302K(112448K), 0.0021270 secs] 229858K->128780K(364160K), 0.0021720 secs] [Times: user=0.01 sys=0.00, real=0.00 secs] 
280.935: Total time for which application threads were stopped: 0.0046190 seconds, Stopping threads took: 0.0023550 seconds
281.031: Application time: 0.0962700 seconds
281.034: [GC281.034: [ParNew: 106270K->5396K(112448K), 0.0018340 secs] 228748K->127959K(364160K), 0.0018810 secs] [Times: user=0.01 sys=0.00, real=0.00 secs] 
281.036: Total time for which application threads were stopped: 0.0046960 seconds, Stopping threads took: 0.0027340 seconds
281.129: Application time: 0.0931420 seconds
281.132: [GC281.132: [ParNew: 105364K->7185K(112448K), 0.0023840 secs] 227927K->129748K(364160K), 0.0024310 secs] [Times: user=0.02 sys=0.00, real=0.00 secs] 
281.135: Total time for which application threads were stopped: 0.0053840 seconds, Stopping threads took: 0.0028800 seconds
281.230: Application time: 0.0958050 seconds
281.232: [GC281.232: [ParNew: 107153K->5681K(112448K), 0.0018550 secs] 229716K->128301K(364160K), 0.0019000 secs] [Times: user=0.02 sys=0.00, real=0.00 secs] 
281.234: Total time for which application threads were stopped: 0.0037740 seconds, Stopping threads took: 0.0018000 seconds
281.330: Application time: 0.0957120 seconds
281.332: [GC281.332: [ParNew: 105649K->6421K(112448K), 0.0022860 secs] 228269K->129041K(364160K), 0.0023310 secs] [Times: user=0.01 sys=0.00, real=0.00 secs] 
281.334: Total time for which application threads were stopped: 0.0040190 seconds, Stopping threads took: 0.0015920 seconds
281.429: Application time: 0.0947990 seconds
281.432: [GC281.432: [ParNew: 106389K->6903K(112448K), 0.0023880 secs] 229009K->129609K(364160K), 0.0024300 secs] [Times: user=0.01 sys=0.00, real=0.00 secs] 
281.434: Total time for which application threads were stopped: 0.0055840 seconds, Stopping threads took: 0.0030840 seconds
281.531: Application time: 0.0965530 seconds
281.534: [GC281.534: [ParNew: 106871K->6829K(112448K), 0.0042680 secs] 229577K->129621K(364160K), 0.0043130 secs] [Times: user=0.03 sys=0.00, real=0.00 secs] 
281.538: Total time for which application threads were stopped: 0.0071790 seconds, Stopping threads took: 0.0027940 seconds
281.631: Application time: 0.0926730 seconds
281.634: [GC281.634: [ParNew: 106797K->6629K(112448K), 0.0023980 secs] 229589K->129449K(364160K), 0.0024420 secs] [Times: user=0.02 sys=0.00, real=0.00 secs] 
281.636: Total time for which application threads were stopped: 0.0054870 seconds, Stopping threads took: 0.0029470 seconds
281.726: Application time: 0.0893990 seconds
281.727: [GC281.727: [ParNew: 106597K->6714K(112448K), 0.0021960 secs] 229417K->129563K(364160K), 0.0022490 secs] [Times: user=0.01 sys=0.01, real=0.01 secs] 
281.730: Total time for which application threads were stopped: 0.0039700 seconds, Stopping threads took: 0.0016470 seconds
281.820: Application time: 0.0907520 seconds
281.823: [GC281.823: [ParNew: 106682K->6584K(112448K), 0.0021340 secs] 229531K->129432K(364160K), 0.0021780 secs] [Times: user=0.02 sys=0.00, real=0.00 secs] 
281.825: Total time for which application threads were stopped: 0.0048390 seconds, Stopping threads took: 0.0025890 seconds
281.916: Application time: 0.0906040 seconds
281.919: [GC281.919: [ParNew: 106552K->6301K(112448K), 0.0021040 secs] 229400K->129235K(364160K), 0.0021570 secs] [Times: user=0.01 sys=0.00, real=0.01 secs] 
281.921: Total time for which application threads were stopped: 0.0050770 seconds, Stopping threads took: 0.0028350 seconds
282.011: Application time: 0.0903650 seconds
282.014: [GC282.014: [ParNew: 106269K->7333K(112448K), 0.0025720 secs] 229203K->130296K(364160K), 0.0026150 secs] [Times: user=0.02 sys=0.00, real=0.00 secs] 
282.016: Total time for which application threads were stopped: 0.0052220 seconds, Stopping threads took: 0.0025360 seconds
282.105: Application time: 0.0884060 seconds
282.107: [GC282.107: [ParNew: 107301K->6496K(112448K), 0.0022430 secs] 230264K->129544K(364160K), 0.0022860 secs] [Times: user=0.02 sys=0.00, real=0.01 secs] 
282.109: Total time for which application threads were stopped: 0.0043260 seconds, Stopping threads took: 0.0019710 seconds
282.200: Application time: 0.0912770 seconds
282.202: [GC282.202: [ParNew: 106464K->6035K(112448K), 0.0020210 secs] 229512K->129112K(364160K), 0.0020650 secs] [Times: user=0.01 sys=0.00, real=0.00 secs] 
282.204: Total time for which application threads were stopped: 0.0037420 seconds, Stopping threads took: 0.0015980 seconds
282.292: Application time: 0.0882150 seconds
282.295: [GC282.295: [ParNew: 106003K->6957K(112448K), 0.0022670 secs] 229080K->130034K(364160K), 0.0023100 secs] [Times: user=0.02 sys=0.00, real=0.00 secs] 
282.297: Total time for which application threads were stopped: 0.0047090 seconds, Stopping threads took: 0.0023290 seconds
282.384: Application time: 0.0865450 seconds
282.386: [GC282.386: [ParNew: 106925K->7940K(112448K), 0.0027630 secs] 230002K->131074K(364160K), 0.0028070 secs] [Times: user=0.02 sys=0.00, real=0.01 secs] 
282.389: Total time for which application threads were stopped: 0.0051610 seconds, Stopping threads took: 0.0022640 seconds
282.476: Application time: 0.0876570 seconds
282.478: [GC282.478: [ParNew: 107908K->6831K(112448K), 0.0024970 secs] 231042K->130021K(364160K), 0.0025410 secs] [Times: user=0.02 sys=0.00, real=0.01 secs] 
282.481: Total time for which application threads were stopped: 0.0042080 seconds, Stopping threads took: 0.0015960 seconds
282.572: Application time: 0.0911000 seconds
282.574: [GC282.574: [ParNew: 106799K->7092K(112448K), 0.0023930 secs] 229989K->130340K(364160K), 0.0024370 secs] [Times: user=0.01 sys=0.00, real=0.00 secs] 
282.576: Total time for which application threads were stopped: 0.0046250 seconds, Stopping threads took: 0.0021130 seconds
282.664: Application time: 0.0872820 seconds
282.667: [GC282.667: [ParNew: 107060K->7880K(112448K), 0.0027810 secs] 230308K->131185K(364160K), 0.0028250 secs] [Times: user=0.02 sys=0.00, real=0.01 secs] 
282.670: Total time for which application threads were stopped: 0.0058810 seconds, Stopping threads took: 0.0029880 seconds
282.763: Application time: 0.0931880 seconds
282.765: [GC282.765: [ParNew: 107848K->6120K(112448K), 0.0022220 secs] 231153K->129425K(364160K), 0.0022640 secs] [Times: user=0.02 sys=0.00, real=0.01 secs] 
282.768: Total time for which application threads were stopped: 0.0050180 seconds, Stopping threads took: 0.0026590 seconds
282.859: Application time: 0.0909590 seconds
282.861: [GC282.861: [ParNew: 106088K->6219K(112448K), 0.0021200 secs] 229393K->129524K(364160K), 0.0021660 secs] [Times: user=0.01 sys=0.00, real=0.00 secs] 
282.863: Total time for which application threads were stopped: 0.0043620 seconds, Stopping threads took: 0.0021250 seconds
282.950: Application time: 0.0873320 seconds
282.953: [GC282.953: [ParNew: 106187K->7105K(112448K), 0.0023770 secs] 229492K->130410K(364160K), 0.0024280 secs] [Times: user=0.01 sys=0.00, real=0.00 secs] 
282.955: Total time for which application threads were stopped: 0.0048910 seconds, Stopping threads took: 0.0023940 seconds
283.045: Application time: 0.0893470 seconds
283.047: [GC283.047: [ParNew: 107073K->7374K(112448K), 0.0025380 secs] 230378K->130850K(364160K), 0.0025830 secs] [Times: user=0.02 sys=0.01, real=0.01 secs] 
283.049: Total time for which application threads were stopped: 0.0045540 seconds, Stopping threads took: 0.0018990 seconds
283.137: Application time: 0.0878620 seconds
283.140: [GC283.140: [ParNew: 107342K->7157K(112448K), 0.0024150 secs] 230818K->130690K(364160K), 0.0024660 secs] [Times: user=0.02 sys=0.00, real=0.00 secs] 
283.142: Total time for which application threads were stopped: 0.0051960 seconds, Stopping threads took: 0.0026580 seconds
283.230: Application time: 0.0873770 seconds
283.231: [GC283.232: [ParNew: 107125K->6505K(112448K), 0.0022360 secs] 230658K->130038K(364160K), 0.0022800 secs] [Times: user=0.02 sys=0.00, real=0.00 secs] 
283.234: Total time for which application threads were stopped: 0.0041430 seconds, Stopping threads took: 0.0017740 seconds
283.322: Application time: 0.0885900 seconds
283.325: [GC283.325: [ParNew: 106473K->6609K(112448K), 0.0022550 secs] 230006K->130170K(364160K), 0.0022980 secs] [Times: user=0.01 sys=0.00, real=0.00 secs] 
283.327: Total time for which application threads were stopped: 0.0044510 seconds, Stopping threads took: 0.0020740 seconds
283.416: Application time: 0.0894690 seconds
283.418: [GC283.418: [ParNew: 106577K->5751K(112448K), 0.0019160 secs] 230138K->129398K(364160K), 0.0019600 secs] [Times: user=0.01 sys=0.00, real=0.01 secs] 
283.420: Total time for which application threads were stopped: 0.0032650 seconds, Stopping threads took: 0.0012350 seconds
283.511: Application time: 0.0916840 seconds
283.514: [GC283.514: [ParNew: 105719K->6963K(112448K), 0.0025990 secs] 229366K->130610K(364160K), 0.0026420 secs] [Times: user=0.02 sys=0.00, real=0.00 secs] 
283.517: Total time for which application threads were stopped: 0.0053680 seconds, Stopping threads took: 0.0026540 seconds
283.605: Application time: 0.0879210 seconds
283.607: [GC283.607: [ParNew: 106931K->7582K(112448K), 0.0025290 secs] 230578K->131343K(364160K), 0.0025720 secs] [Times: user=0.02 sys=0.00, real=0.01 secs] 
283.609: Total time for which application threads were stopped: 0.0046640 seconds, Stopping threads took: 0.0020210 seconds
283.696: Application time: 0.0863750 seconds
283.698: [GC283.698: [ParNew: 107550K->7902K(112448K), 0.0026400 secs] 231311K->131662K(364160K), 0.0026860 secs] [Times: user=0.02 sys=0.00, real=0.01 secs] 
283.701: Total time for which application threads were stopped: 0.0053820 seconds, Stopping threads took: 0.0026240 seconds
283.792: Application time: 0.0908860 seconds
283.794: [GC283.794: [ParNew: 107870K->6725K(112448K), 0.0022670 secs] 231630K->130486K(364160K), 0.0023170 secs] [Times: user=0.01 sys=0.00, real=0.00 secs] 
283.796: Total time for which application threads were stopped: 0.0042940 seconds, Stopping threads took: 0.0018840 seconds
283.885: Application time: 0.0886550 seconds
283.886: [GC283.886: [ParNew: 106693K->5531K(112448K), 0.0020130 secs] 230454K->129406K(364160K), 0.0020560 secs] [Times: user=0.01 sys=0.01, real=0.01 secs] 
283.888: Total time for which application threads were stopped: 0.0029480 seconds, Stopping threads took: 0.0008120 seconds
283.978: Application time: 0.0902350 seconds
283.980: [GC283.980: [ParNew: 105499K->5183K(112448K), 0.0017230 secs] 229374K->129058K(364160K), 0.0017690 secs] [Times: user=0.01 sys=0.00, real=0.00 secs] 
283.982: Total time for which application threads were stopped: 0.0041950 seconds, Stopping threads took: 0.0023370 seconds
284.071: Application time: 0.0885130 seconds
284.073: [GC284.073: [ParNew: 105151K->7768K(112448K), 0.0027270 secs] 229026K->131643K(364160K), 0.0027730 secs] [Times: user=0.02 sys=0.00, real=0.00 secs] 
284.076: Total time for which application threads were stopped: 0.0054730 seconds, Stopping threads took: 0.0026170 seconds
284.169: Application time: 0.0932030 seconds
284.173: [GC284.173: [ParNew: 107736K->5604K(112448K), 0.0018260 secs] 231611K->129593K(364160K), 0.0018710 secs] [Times: user=0.02 sys=0.00, real=0.00 secs] 
284.174: Total time for which application threads were stopped: 0.0050610 seconds, Stopping threads took: 0.0031250 seconds
284.265: Application time: 0.0905810 seconds
284.268: [GC284.268: [ParNew: 105572K->6215K(112448K), 0.0020230 secs] 229561K->130204K(364160K), 0.0020790 secs] [Times: user=0.01 sys=0.00, real=0.00 secs] 
284.270: Total time for which application threads were stopped: 0.0050910 seconds, Stopping threads took: 0.0029420 seconds
284.362: Application time: 0.0920420 seconds
284.364: [GC284.364: [ParNew: 106183K->7215K(112448K), 0.0023990 secs] 230172K->131204K(364160K), 0.0024450 secs] [Times: user=0.02 sys=0.00, real=0.00 secs] 
284.367: Total time for which application threads were stopped: 0.0047360 seconds, Stopping threads took: 0.0022200 seconds
284.458: Application time: 0.0912240 seconds
284.460: [GC284.460: [ParNew: 107183K->7011K(112448K), 0.0023820 secs] 231172K->131142K(364160K), 0.0024240 secs] [Times: user=0.02 sys=0.00, real=0.00 secs] 
284.463: Total time for which application threads were stopped: 0.0046210 seconds, Stopping threads took: 0.0021230 seconds
284.558: Application time: 0.0947310 seconds
284.559: [GC284.559: [ParNew: 106979K->7704K(112448K), 0.0027200 secs] 231110K->131893K(364160K), 0.0027660 secs] [Times: user=0.01 sys=0.01, real=0.01 secs] 
284.562: Total time for which application threads were stopped: 0.0044940 seconds, Stopping threads took: 0.0016570 seconds
284.652: Application time: 0.0898530 seconds
284.653: [GC284.653: [ParNew: 107672K->6011K(112448K), 0.0020040 secs] 231861K->130229K(364160K), 0.0020470 secs] [Times: user=0.02 sys=0.00, real=0.00 secs] 
284.655: Total time for which application threads were stopped: 0.0033660 seconds, Stopping threads took: 0.0012500 seconds
284.747: Application time: 0.0914240 seconds
284.749: [GC284.749: [ParNew: 105979K->7094K(112448K), 0.0023750 secs] 230197K->131311K(364160K), 0.0024220 secs] [Times: user=0.02 sys=0.00, real=0.00 secs] 
284.752: Total time for which application threads were stopped: 0.0049930 seconds, Stopping threads took: 0.0025000 seconds
284.843: Application time: 0.0916960 seconds
284.846: [GC284.846: [ParNew: 107062K->5228K(112448K), 0.0019260 secs] 231279K->129531K(364160K), 0.0019690 secs] [Times: user=0.01 sys=0.00, real=0.01 secs] 
284.848: Total time for which application threads were stopped: 0.0043940 seconds, Stopping threads took: 0.0023550 seconds
284.937: Application time: 0.0887630 seconds
284.938: [GC284.938: [ParNew: 105196K->6264K(112448K), 0.0022480 secs] 229499K->130567K(364160K), 0.0022930 secs] [Times: user=0.01 sys=0.00, real=0.01 secs] 
284.940: Total time for which application threads were stopped: 0.0038450 seconds, Stopping threads took: 0.0014790 seconds
285.034: Application time: 0.0934510 seconds
285.036: [GC285.036: [ParNew: 106232K->7285K(112448K), 0.0024000 secs] 230535K->131645K(364160K), 0.0024450 secs] [Times: user=0.02 sys=0.00, real=0.00 secs] 
285.039: Total time for which application threads were stopped: 0.0050100 seconds, Stopping threads took: 0.0024660 seconds
285.131: Application time: 0.0924820 seconds
285.134: [GC285.134: [ParNew: 107253K->7098K(112448K), 0.0023610 secs] 231613K->131544K(364160K), 0.0024050 secs] [Times: user=0.02 sys=0.00, real=0.00 secs] 
285.137: Total time for which application threads were stopped: 0.0053360 seconds, Stopping threads took: 0.0028600 seconds
285.223: Application time: 0.0862510 seconds
285.225: [GC285.225: [ParNew: 107066K->6953K(112448K), 0.0022470 secs] 231512K->131398K(364160K), 0.0022920 secs] [Times: user=0.02 sys=0.00, real=0.00 secs] 
285.227: Total time for which application threads were stopped: 0.0040770 seconds, Stopping threads took: 0.0017210 seconds
285.315: Application time: 0.0884220 seconds
285.318: [GC285.318: [ParNew: 106921K->5532K(112448K), 0.0021840 secs] 231366K->130034K(364160K), 0.0022260 secs] [Times: user=0.01 sys=0.00, real=0.01 secs] 
285.320: Total time for which application threads were stopped: 0.0044220 seconds, Stopping threads took: 0.0021080 seconds
285.410: Application time: 0.0904550 seconds
285.413: [GC285.413: [ParNew: 105500K->6935K(112448K), 0.0024640 secs] 230002K->131437K(364160K), 0.0025070 secs] [Times: user=0.02 sys=0.00, real=0.00 secs] 
285.416: Total time for which application threads were stopped: 0.0053530 seconds, Stopping threads took: 0.0027540 seconds
285.505: Application time: 0.0891300 seconds
285.506: [GC285.506: [ParNew: 106903K->7150K(112448K), 0.0024290 secs] 231405K->131766K(364160K), 0.0024810 secs] [Times: user=0.02 sys=0.00, real=0.01 secs] 
285.509: Total time for which application threads were stopped: 0.0039500 seconds, Stopping threads took: 0.0013980 seconds
285.598: Application time: 0.0891230 seconds
285.600: [GC285.600: [ParNew: 107118K->7281K(112448K), 0.0024650 secs] 231734K->131955K(364160K), 0.0025130 secs] [Times: user=0.02 sys=0.00, real=0.00 secs] 
285.603: Total time for which application threads were stopped: 0.0051700 seconds, Stopping threads took: 0.0025760 seconds
285.701: Application time: 0.0976820 seconds
285.703: [GC285.703: [ParNew: 107249K->7060K(112448K), 0.0024720 secs] 231923K->131734K(364160K), 0.0025200 secs] [Times: user=0.02 sys=0.00, real=0.00 secs] 
285.706: Total time for which application threads were stopped: 0.0050590 seconds, Stopping threads took: 0.0024670 seconds
285.799: Application time: 0.0931410 seconds
285.801: [GC285.801: [ParNew: 107028K->6081K(112448K), 0.0022420 secs] 231702K->130783K(364160K), 0.0022890 secs] [Times: user=0.01 sys=0.00, real=0.00 secs] 
285.803: Total time for which application threads were stopped: 0.0045420 seconds, Stopping threads took: 0.0021610 seconds
285.899: Application time: 0.0957660 seconds
285.901: [GC285.902: [ParNew: 106049K->7029K(112448K), 0.0023110 secs] 230751K->131731K(364160K), 0.0023600 secs] [Times: user=0.02 sys=0.00, real=0.00 secs] 
285.904: Total time for which application threads were stopped: 0.0046520 seconds, Stopping threads took: 0.0022000 seconds
285.996: Application time: 0.0922570 seconds
285.999: [GC285.999: [ParNew: 106997K->7148K(112448K), 0.0024100 secs] 231699K->131993K(364160K), 0.0024580 secs] [Times: user=0.01 sys=0.00, real=0.01 secs] 
286.002: Total time for which application threads were stopped: 0.0053810 seconds, Stopping threads took: 0.0028310 seconds
286.096: Application time: 0.0948940 seconds
286.100: [GC286.100: [ParNew: 107116K->7557K(112448K), 0.0025340 secs] 231961K->132459K(364160K), 0.0025800 secs] [Times: user=0.01 sys=0.00, real=0.00 secs] 
286.102: Total time for which application threads were stopped: 0.0057480 seconds, Stopping threads took: 0.0030980 seconds
286.201: Application time: 0.0985370 seconds
286.202: [GC286.202: [ParNew: 107525K->6629K(112448K), 0.0022480 secs] 232427K->131530K(364160K), 0.0022960 secs] [Times: user=0.02 sys=0.00, real=0.00 secs] 
286.205: Total time for which application threads were stopped: 0.0039760 seconds, Stopping threads took: 0.0015990 seconds
286.302: Application time: 0.0974140 seconds
286.304: [GC286.304: [ParNew: 106597K->5414K(112448K), 0.0018120 secs] 231498K->130316K(364160K), 0.0018560 secs] [Times: user=0.01 sys=0.00, real=0.00 secs] 
286.306: Total time for which application threads were stopped: 0.0035130 seconds, Stopping threads took: 0.0015830 seconds
286.401: Application time: 0.0949800 seconds
286.404: [GC286.404: [ParNew: 105382K->7396K(112448K), 0.0025940 secs] 230284K->132297K(364160K), 0.0026370 secs] [Times: user=0.02 sys=0.00, real=0.00 secs] 
286.406: Total time for which application threads were stopped: 0.0057450 seconds, Stopping threads took: 0.0030160 seconds
286.502: Application time: 0.0957550 seconds
286.505: [GC286.505: [ParNew: 107364K->6391K(112448K), 0.0021300 secs] 232265K->131463K(364160K), 0.0021730 secs] [Times: user=0.02 sys=0.00, real=0.00 secs] 
286.507: Total time for which application threads were stopped: 0.0046120 seconds, Stopping threads took: 0.0023680 seconds
286.602: Application time: 0.0949380 seconds
286.604: [GC286.604: [ParNew: 106359K->6811K(112448K), 0.0023210 secs] 231431K->131941K(364160K), 0.0023680 secs] [Times: user=0.02 sys=0.00, real=0.00 secs] 
286.606: Total time for which application threads were stopped: 0.0046880 seconds, Stopping threads took: 0.0022260 seconds
286.700: Application time: 0.0931960 seconds
286.702: [GC286.702: [ParNew: 106779K->5417K(112448K), 0.0018080 secs] 231909K->130547K(364160K), 0.0018650 secs] [Times: user=0.01 sys=0.00, real=0.00 secs] 
286.704: Total time for which application threads were stopped: 0.0042090 seconds, Stopping threads took: 0.0022590 seconds
286.799: Application time: 0.0949450 seconds
286.802: [GC286.802: [ParNew: 105385K->6946K(112448K), 0.0022450 secs] 230515K->132076K(364160K), 0.0022940 secs] [Times: user=0.02 sys=0.00, real=0.00 secs] 
286.804: Total time for which application threads were stopped: 0.0055980 seconds, Stopping threads took: 0.0032050 seconds
286.899: Application time: 0.0947210 seconds
286.901: [GC286.901: [ParNew: 106914K->7715K(112448K), 0.0028440 secs] 232044K->132930K(364160K), 0.0028890 secs] [Times: user=0.02 sys=0.00, real=0.00 secs] 
286.904: Total time for which application threads were stopped: 0.0049580 seconds, Stopping threads took: 0.0019790 seconds
286.999: Application time: 0.0951570 seconds
287.002: [GC287.002: [ParNew: 107683K->7370K(112448K), 0.0027210 secs] 232898K->132670K(364160K), 0.0027660 secs] [Times: user=0.02 sys=0.00, real=0.00 secs] 
287.004: Total time for which application threads were stopped: 0.0052130 seconds, Stopping threads took: 0.0023660 seconds
287.099: Application time: 0.0942540 seconds
287.101: [GC287.102: [ParNew: 107338K->7285K(112448K), 0.0024670 secs] 232638K->132614K(364160K), 0.0025120 secs] [Times: user=0.02 sys=0.00, real=0.00 secs] 
287.104: Total time for which application threads were stopped: 0.0054250 seconds, Stopping threads took: 0.0028430 seconds
287.198: Application time: 0.0938960 seconds
287.200: [GC287.200: [ParNew: 107253K->7220K(112448K), 0.0024820 secs] 232582K->132578K(364160K), 0.0025280 secs] [Times: user=0.02 sys=0.00, real=0.00 secs] 
287.203: Total time for which application threads were stopped: 0.0049840 seconds, Stopping threads took: 0.0023650 seconds
287.299: Application time: 0.0959990 seconds
287.301: [GC287.301: [ParNew: 107188K->7099K(112448K), 0.0023070 secs] 232546K->132457K(364160K), 0.0023550 secs] [Times: user=0.01 sys=0.00, real=0.00 secs] 
287.303: Total time for which application threads were stopped: 0.0040710 seconds, Stopping threads took: 0.0016410 seconds
287.400: Application time: 0.0973550 seconds
287.404: [GC287.404: [ParNew: 107067K->7752K(112448K), 0.0027020 secs] 232425K->133195K(364160K), 0.0027500 secs] [Times: user=0.02 sys=0.00, real=0.00 secs] 
287.406: Total time for which application threads were stopped: 0.0059940 seconds, Stopping threads took: 0.0031470 seconds
287.501: Application time: 0.0948020 seconds
287.504: [GC287.504: [ParNew: 107720K->6582K(112448K), 0.0021040 secs] 233163K->132082K(364160K), 0.0021530 secs] [Times: user=0.01 sys=0.00, real=0.00 secs] 
287.506: Total time for which application threads were stopped: 0.0048050 seconds, Stopping threads took: 0.0025800 seconds
287.601: Application time: 0.0955460 seconds
287.603: [GC287.603: [ParNew: 106550K->6597K(112448K), 0.0022330 secs] 232050K->132154K(364160K), 0.0022820 secs] [Times: user=0.01 sys=0.00, real=0.00 secs] 
287.605: Total time for which application threads were stopped: 0.0039570 seconds, Stopping threads took: 0.0016030 seconds
287.700: Application time: 0.0944680 seconds
287.703: [GC287.703: [ParNew: 106565K->7402K(112448K), 0.0024270 secs] 232122K->132988K(364160K), 0.0024730 secs] [Times: user=0.02 sys=0.00, real=0.00 secs] 
287.706: Total time for which application threads were stopped: 0.0056970 seconds, Stopping threads took: 0.0031530 seconds
287.803: Application time: 0.0972510 seconds
287.805: [GC287.805: [ParNew: 107370K->6423K(112448K), 0.0024310 secs] 232956K->132009K(364160K), 0.0024790 secs] [Times: user=0.00 sys=0.02, real=0.01 secs] 
287.808: Total time for which application threads were stopped: 0.0047830 seconds, Stopping threads took: 0.0022130 seconds
287.900: Application time: 0.0921080 seconds
287.903: [GC287.903: [ParNew: 106391K->7122K(112448K), 0.0025600 secs] 231977K->132765K(364160K), 0.0026060 secs] [Times: user=0.02 sys=0.00, real=0.00 secs] 
287.905: Total time for which application threads were stopped: 0.0054780 seconds, Stopping threads took: 0.0028020 seconds
287.999: Application time: 0.0939920 seconds
288.002: [GC288.002: [ParNew: 107090K->5976K(112448K), 0.0020660 secs] 232733K->131676K(364160K), 0.0021200 secs] [Times: user=0.02 sys=0.00, real=0.00 secs] 
288.004: Total time for which application threads were stopped: 0.0045360 seconds, Stopping threads took: 0.0023350 seconds
288.099: Application time: 0.0948610 seconds
288.101: [GC288.101: [ParNew: 105944K->7776K(112448K), 0.0025250 secs] 231644K->133476K(364160K), 0.0025810 secs] [Times: user=0.01 sys=0.00, real=0.00 secs] 
288.103: Total time for which application threads were stopped: 0.0046680 seconds, Stopping threads took: 0.0020140 seconds
288.198: Application time: 0.0943020 seconds
288.199: [GC288.199: [ParNew: 107744K->6271K(112448K), 0.0021920 secs] 233444K->132085K(364160K), 0.0022380 secs] [Times: user=0.02 sys=0.00, real=0.01 secs] 
288.201: Total time for which application threads were stopped: 0.0036050 seconds, Stopping threads took: 0.0012940 seconds
288.294: Application time: 0.0927790 seconds
288.296: [GC288.296: [ParNew: 106239K->6385K(112448K), 0.0021960 secs] 232053K->132199K(364160K), 0.0022410 secs] [Times: user=0.01 sys=0.00, real=0.00 secs] 
288.298: Total time for which application threads were stopped: 0.0044600 seconds, Stopping threads took: 0.0021260 seconds
288.392: Application time: 0.0934490 seconds
288.395: [GC288.395: [ParNew: 106353K->6580K(112448K), 0.0022760 secs] 232167K->132451K(364160K), 0.0023210 secs] [Times: user=0.02 sys=0.00, real=0.00 secs] 
288.398: Total time for which application threads were stopped: 0.0058470 seconds, Stopping threads took: 0.0034350 seconds
288.398: Application time: 0.0000490 seconds
288.398: [GC [1 CMS-initial-mark: 125871K(251712K)] 133706K(364160K), 0.0002390 secs] [Times: user=0.00 sys=0.00, real=0.00 secs] 
288.398: Total time for which application threads were stopped: 0.0004060 seconds, Stopping threads took: 0.0001430 seconds
288.398: [CMS-concurrent-mark-start]
288.409: [CMS-concurrent-mark: 0.010/0.010 secs] [Times: user=0.07 sys=0.00, real=0.02 secs] 
288.409: [CMS-concurrent-preclean-start]
288.409: [CMS-concurrent-preclean: 0.000/0.000 secs] [Times: user=0.00 sys=0.00, real=0.00 secs] 
288.409: [CMS-concurrent-abortable-preclean-start]
288.493: Application time: 0.0942810 seconds
288.495: [GC288.495: [ParNew: 106548K->6463K(112448K), 0.0021630 secs] 232419K->132391K(364160K), 0.0022070 secs] [Times: user=0.02 sys=0.00, real=0.00 secs] 
288.497: Total time for which application threads were stopped: 0.0046650 seconds, Stopping threads took: 0.0023850 seconds
288.590: Application time: 0.0929170 seconds
288.593: [GC288.593: [ParNew: 106431K->7112K(112448K), 0.0023820 secs] 232359K->133097K(364160K), 0.0024270 secs] [Times: user=0.02 sys=0.00, real=0.00 secs] 
288.595: Total time for which application threads were stopped: 0.0048700 seconds, Stopping threads took: 0.0023640 seconds
288.688: Application time: 0.0929940 seconds
288.691: [GC288.691: [ParNew: 107080K->7591K(112448K), 0.0025200 secs] 233065K->133634K(364160K), 0.0025630 secs] [Times: user=0.02 sys=0.00, real=0.00 secs] 
288.694: Total time for which application threads were stopped: 0.0058090 seconds, Stopping threads took: 0.0031740 seconds
288.786: Application time: 0.0921150 seconds
288.789: [GC288.789: [ParNew: 107559K->7466K(112448K), 0.0025560 secs] 233602K->133509K(364160K), 0.0025990 secs] [Times: user=0.02 sys=0.00, real=0.00 secs] 
288.791: Total time for which application threads were stopped: 0.0053690 seconds, Stopping threads took: 0.0026900 seconds
288.888: Application time: 0.0969700 seconds
288.891: [GC288.891: [ParNew288.893: [CMS-concurrent-abortable-preclean: 0.010/0.484 secs] [Times: user=3.80 sys=0.01, real=0.48 secs] 
: 107434K->6475K(112448K), 0.0022820 secs] 233477K->132574K(364160K), 0.0023210 secs] [Times: user=0.02 sys=0.00, real=0.00 secs] 
288.893: Total time for which application threads were stopped: 0.0049520 seconds, Stopping threads took: 0.0025390 seconds
288.893: Application time: 0.0000780 seconds
288.894: [GC[YG occupancy: 8475 K (112448 K)]288.894: [Rescan (parallel) , 0.0004600 secs]288.894: [weak refs processing, 0.0000070 secs]288.894: [scrub string table, 0.0001270 secs] [1 CMS-remark: 126099K(251712K)] 134574K(364160K), 0.0006540 secs] [Times: user=0.00 sys=0.00, real=0.00 secs] 
288.894: Total time for which application threads were stopped: 0.0010640 seconds, Stopping threads took: 0.0003590 seconds
288.894: [CMS-concurrent-sweep-start]
288.905: [CMS-concurrent-sweep: 0.011/0.011 secs] [Times: user=0.07 sys=0.00, real=0.01 secs] 
288.905: [CMS-concurrent-reset-start]
288.906: [CMS-concurrent-reset: 0.000/0.000 secs] [Times: user=0.00 sys=0.00, real=0.00 secs] 
288.990: Application time: 0.0953280 seconds
288.992: [GC288.992: [ParNew: 106443K->6293K(112448K), 0.0021150 secs] 109302K->9209K(364160K), 0.0021610 secs] [Times: user=0.02 sys=0.00, real=0.00 secs] 
288.994: Total time for which application threads were stopped: 0.0040700 seconds, Stopping threads took: 0.0018360 seconds
289.090: Application time: 0.0958450 seconds
289.093: [GC289.093: [ParNew: 106261K->6783K(112448K), 0.0022410 secs] 109177K->9756K(364160K), 0.0022890 secs] [Times: user=0.01 sys=0.00, real=0.00 secs] 
289.095: Total time for which application threads were stopped: 0.0053030 seconds, Stopping threads took: 0.0029410 seconds
289.189: Application time: 0.0943550 seconds
289.192: [GC289.192: [ParNew: 106751K->6372K(112448K), 0.0021660 secs] 109724K->9374K(364160K), 0.0022110 secs] [Times: user=0.01 sys=0.00, real=0.00 secs] 
289.194: Total time for which application threads were stopped: 0.0044940 seconds, Stopping threads took: 0.0022050 seconds
289.291: Application time: 0.0974370 seconds
289.293: [GC289.293: [ParNew: 106340K->7207K(112448K), 0.0027400 secs] 109342K->10237K(364160K), 0.0027850 secs] [Times: user=0.02 sys=0.00, real=0.00 secs] 
289.296: Total time for which application threads were stopped: 0.0046730 seconds, Stopping threads took: 0.0017960 seconds
289.391: Application time: 0.0946430 seconds
289.392: [GC289.392: [ParNew: 107175K->7220K(112448K), 0.0024750 secs] 110205K->10250K(364160K), 0.0025190 secs] [Times: user=0.02 sys=0.00, real=0.00 secs] 
289.395: Total time for which application threads were stopped: 0.0041580 seconds, Stopping threads took: 0.0015670 seconds
289.490: Application time: 0.0948450 seconds
289.491: [GC289.491: [ParNew: 107188K->7123K(112448K), 0.0024270 secs] 110218K->10267K(364160K), 0.0024760 secs] [Times: user=0.02 sys=0.00, real=0.00 secs] 
289.493: Total time for which application threads were stopped: 0.0038390 seconds, Stopping threads took: 0.0012890 seconds
289.588: Application time: 0.0947770 seconds
289.590: [GC289.590: [ParNew: 107091K->7179K(112448K), 0.0025520 secs] 110235K->10381K(364160K), 0.0025950 secs] [Times: user=0.01 sys=0.00, real=0.00 secs] 
289.593: Total time for which application threads were stopped: 0.0047370 seconds, Stopping threads took: 0.0020720 seconds
289.682: Application time: 0.0892860 seconds
289.685: [GC289.685: [ParNew: 107147K->7129K(112448K), 0.0026010 secs] 110349K->10359K(364160K), 0.0026440 secs] [Times: user=0.01 sys=0.00, real=0.01 secs] 
289.688: Total time for which application threads were stopped: 0.0057010 seconds, Stopping threads took: 0.0029850 seconds
289.776: Application time: 0.0877150 seconds
289.778: [GC289.778: [ParNew: 107097K->6677K(112448K), 0.0024080 secs] 110327K->9935K(364160K), 0.0024540 secs] [Times: user=0.02 sys=0.00, real=0.01 secs] 
289.780: Total time for which application threads were stopped: 0.0044250 seconds, Stopping threads took: 0.0018700 seconds
289.870: Application time: 0.0897720 seconds
289.872: [GC289.872: [ParNew: 106645K->6931K(112448K), 0.0022940 secs] 109903K->10190K(364160K), 0.0023420 secs] [Times: user=0.02 sys=0.00, real=0.00 secs] 
289.874: Total time for which application threads were stopped: 0.0044320 seconds, Stopping threads took: 0.0020060 seconds
289.960: Application time: 0.0861750 seconds
289.963: [GC289.963: [ParNew: 106899K->6379K(112448K), 0.0021160 secs] 110158K->9723K(364160K), 0.0021680 secs] [Times: user=0.01 sys=0.00, real=0.00 secs] 
289.965: Total time for which application threads were stopped: 0.0046070 seconds, Stopping threads took: 0.0023590 seconds
290.055: Application time: 0.0899720 seconds
290.058: [GC290.058: [ParNew: 106347K->6496K(112448K), 0.0038400 secs] 109691K->9925K(364160K), 0.0038870 secs] [Times: user=0.01 sys=0.00, real=0.01 secs] 
290.062: Total time for which application threads were stopped: 0.0066050 seconds, Stopping threads took: 0.0026480 seconds
290.150: Application time: 0.0883120 seconds
290.151: [GC290.151: [ParNew: 106464K->6654K(112448K), 0.0023900 secs] 109893K->10084K(364160K), 0.0024340 secs] [Times: user=0.02 sys=0.00, real=0.00 secs] 
290.154: Total time for which application threads were stopped: 0.0037190 seconds, Stopping threads took: 0.0012100 seconds
290.243: Application time: 0.0891650 seconds
290.245: [GC290.245: [ParNew: 106622K->6674K(112448K), 0.0023770 secs] 110052K->10160K(364160K), 0.0024230 secs] [Times: user=0.01 sys=0.00, real=0.01 secs] 
290.248: Total time for which application threads were stopped: 0.0050180 seconds, Stopping threads took: 0.0025230 seconds
290.339: Application time: 0.0914010 seconds
290.341: [GC290.341: [ParNew: 106642K->7475K(112448K), 0.0024580 secs] 110128K->10962K(364160K), 0.0025110 secs] [Times: user=0.02 sys=0.00, real=0.00 secs] 
290.343: Total time for which application threads were stopped: 0.0040940 seconds, Stopping threads took: 0.0014830 seconds
290.432: Application time: 0.0883570 seconds
290.433: [GC290.433: [ParNew: 107443K->6070K(112448K), 0.0020070 secs] 110930K->9613K(364160K), 0.0020510 secs] [Times: user=0.01 sys=0.01, real=0.00 secs] 
290.435: Total time for which application threads were stopped: 0.0037300 seconds, Stopping threads took: 0.0015880 seconds
290.523: Application time: 0.0873690 seconds
290.525: [GC290.525: [ParNew: 106038K->7184K(112448K), 0.0025660 secs] 109581K->10727K(364160K), 0.0026090 secs] [Times: user=0.01 sys=0.00, real=0.01 secs] 
290.528: Total time for which application threads were stopped: 0.0048210 seconds, Stopping threads took: 0.0021410 seconds
290.626: Application time: 0.0981300 seconds
290.629: [GC290.629: [ParNew: 107152K->4927K(112448K), 0.0016910 secs] 110695K->8584K(364160K), 0.0017360 secs] [Times: user=0.01 sys=0.00, real=0.00 secs] 
290.630: Total time for which application threads were stopped: 0.0047360 seconds, Stopping threads took: 0.0029310 seconds
290.721: Application time: 0.0906300 seconds
290.723: [GC290.723: [ParNew: 104895K->7666K(112448K), 0.0026690 secs] 108552K->11324K(364160K), 0.0027140 secs] [Times: user=0.02 sys=0.00, real=0.00 secs] 
290.726: Total time for which application threads were stopped: 0.0048370 seconds, Stopping threads took: 0.0020520 seconds
290.817: Application time: 0.0911300 seconds
290.820: [GC290.820: [ParNew: 107634K->7786K(112448K), 0.0026950 secs] 111292K->11501K(364160K), 0.0027420 secs] [Times: user=0.02 sys=0.00, real=0.00 secs] 
290.822: Total time for which application threads were stopped: 0.0052310 seconds, Stopping threads took: 0.0024180 seconds
290.911: Application time: 0.0882560 seconds
290.912: [GC290.912: [ParNew: 107754K->6046K(112448K), 0.0021190 secs] 111469K->9818K(364160K), 0.0021630 secs] [Times: user=0.01 sys=0.00, real=0.00 secs] 
290.915: Total time for which application threads were stopped: 0.0040450 seconds, Stopping threads took: 0.0018030 seconds
291.006: Application time: 0.0913260 seconds
291.009: [GC291.009: [ParNew: 106014K->6425K(112448K), 0.0021470 secs] 109786K->10196K(364160K), 0.0021940 secs] [Times: user=0.02 sys=0.00, real=0.00 secs] 
291.011: Total time for which application threads were stopped: 0.0049340 seconds, Stopping threads took: 0.0026690 seconds
291.103: Application time: 0.0919780 seconds
291.104: [GC291.104: [ParNew: 106393K->7211K(112448K), 0.0024880 secs] 110164K->11096K(364160K), 0.0025360 secs] [Times: user=0.02 sys=0.00, real=0.00 secs] 
291.107: Total time for which application threads were stopped: 0.0041950 seconds, Stopping threads took: 0.0015910 seconds
291.194: Application time: 0.0869070 seconds
291.196: [GC291.196: [ParNew: 107179K->6820K(112448K), 0.0022370 secs] 111064K->10762K(364160K), 0.0022930 secs] [Times: user=0.02 sys=0.00, real=0.00 secs] 
291.198: Total time for which application threads were stopped: 0.0042960 seconds, Stopping threads took: 0.0019330 seconds
291.285: Application time: 0.0869510 seconds
291.287: [GC291.287: [ParNew: 106788K->7598K(112448K), 0.0026000 secs] 110730K->11541K(364160K), 0.0026460 secs] [Times: user=0.02 sys=0.00, real=0.01 secs] 
291.290: Total time for which application threads were stopped: 0.0046850 seconds, Stopping threads took: 0.0019760 seconds
291.378: Application time: 0.0884650 seconds
291.380: [GC291.380: [ParNew: 107566K->7395K(112448K), 0.0024560 secs] 111509K->11395K(364160K), 0.0025000 secs] [Times: user=0.02 sys=0.00, real=0.00 secs] 
291.383: Total time for which application threads were stopped: 0.0045060 seconds, Stopping threads took: 0.0019360 seconds
291.472: Application time: 0.0893230 seconds
291.474: [GC291.474: [ParNew: 107363K->7666K(112448K), 0.0025510 secs] 111363K->11751K(364160K), 0.0025990 secs] [Times: user=0.01 sys=0.00, real=0.00 secs] 
291.477: Total time for which application threads were stopped: 0.0046890 seconds, Stopping threads took: 0.0020130 seconds
291.565: Application time: 0.0883780 seconds
291.568: [GC291.568: [ParNew: 107634K->7558K(112448K), 0.0025290 secs] 111719K->11672K(364160K), 0.0025740 secs] [Times: user=0.02 sys=0.00, real=0.00 secs] 
291.570: Total time for which application threads were stopped: 0.0050890 seconds, Stopping threads took: 0.0024440 seconds
291.660: Application time: 0.0892450 seconds
291.663: [GC291.663: [ParNew: 107526K->5259K(112448K), 0.0018630 secs] 111640K->9430K(364160K), 0.0019060 secs] [Times: user=0.01 sys=0.00, real=0.00 secs] 
291.665: Total time for which application threads were stopped: 0.0051300 seconds, Stopping threads took: 0.0031460 seconds
291.755: Application time: 0.0907100 seconds
291.758: [GC291.758: [ParNew: 105227K->6215K(112448K), 0.0022120 secs] 109398K->10386K(364160K), 0.0022600 secs] [Times: user=0.01 sys=0.00, real=0.01 secs] 
291.760: Total time for which application threads were stopped: 0.0045000 seconds, Stopping threads took: 0.0021470 seconds
291.848: Application time: 0.0883070 seconds
291.851: [GC291.851: [ParNew: 106183K->6791K(112448K), 0.0024690 secs] 110354K->10961K(364160K), 0.0025120 secs] [Times: user=0.02 sys=0.00, real=0.00 secs] 
291.853: Total time for which application threads were stopped: 0.0049430 seconds, Stopping threads took: 0.0023430 seconds
291.941: Application time: 0.0876520 seconds
291.943: [GC291.943: [ParNew: 106759K->7777K(112448K), 0.0028080 secs] 110929K->12090K(364160K), 0.0028540 secs] [Times: user=0.01 sys=0.00, real=0.00 secs] 
291.946: Total time for which application threads were stopped: 0.0051190 seconds, Stopping threads took: 0.0021930 seconds
292.039: Application time: 0.0932570 seconds
292.041: [GC292.041: [ParNew: 107745K->5660K(112448K), 0.0019040 secs] 112058K->10002K(364160K), 0.0019490 secs] [Times: user=0.01 sys=0.00, real=0.00 secs] 
292.043: Total time for which application threads were stopped: 0.0033440 seconds, Stopping threads took: 0.0013190 seconds
292.136: Application time: 0.0938170 seconds
292.139: [GC292.139: [ParNew: 105628K->6406K(112448K), 0.0022040 secs] 109970K->10748K(364160K), 0.0022490 secs] [Times: user=0.01 sys=0.00, real=0.01 secs] 
292.141: Total time for which application threads were stopped: 0.0050040 seconds, Stopping threads took: 0.0026910 seconds
292.230: Application time: 0.0881590 seconds
292.232: [GC292.232: [ParNew: 106374K->6268K(112448K), 0.0021240 secs] 110716K->10667K(364160K), 0.0021680 secs] [Times: user=0.01 sys=0.00, real=0.00 secs] 
292.234: Total time for which application threads were stopped: 0.0048080 seconds, Stopping threads took: 0.0025680 seconds
292.326: Application time: 0.0918980 seconds
292.329: [GC292.329: [ParNew: 106236K->5762K(112448K), 0.0019830 secs] 110635K->10161K(364160K), 0.0020220 secs] [Times: user=0.01 sys=0.00, real=0.00 secs] 
292.331: Total time for which application threads were stopped: 0.0046130 seconds, Stopping threads took: 0.0024920 seconds
292.421: Application time: 0.0898470 seconds
292.423: [GC292.424: [ParNew: 105730K->6790K(112448K), 0.0022250 secs] 110129K->11188K(364160K), 0.0022690 secs] [Times: user=0.01 sys=0.00, real=0.00 secs] 
292.426: Total time for which application threads were stopped: 0.0050460 seconds, Stopping threads took: 0.0027060 seconds
292.513: Application time: 0.0875120 seconds
292.516: [GC292.516: [ParNew: 106758K->7671K(112448K), 0.0026290 secs] 111156K->12212K(364160K), 0.0026730 secs] [Times: user=0.02 sys=0.00, real=0.00 secs] 
292.519: Total time for which application threads were stopped: 0.0052180 seconds, Stopping threads took: 0.0024740 seconds
292.610: Application time: 0.0916310 seconds
292.613: [GC292.613: [ParNew: 107639K->6887K(112448K), 0.0023350 secs] 112180K->11513K(364160K), 0.0023790 secs] [Times: user=0.01 sys=0.00, real=0.00 secs] 
292.615: Total time for which application threads were stopped: 0.0050220 seconds, Stopping threads took: 0.0025430 seconds
292.707: Application time: 0.0920770 seconds
292.709: [GC292.709: [ParNew: 106855K->5932K(112448K), 0.0020010 secs] 111481K->10559K(364160K), 0.0020440 secs] [Times: user=0.01 sys=0.00, real=0.00 secs] 
292.711: Total time for which application threads were stopped: 0.0040040 seconds, Stopping threads took: 0.0018690 seconds
292.804: Application time: 0.0929790 seconds
292.807: [GC292.807: [ParNew: 105900K->6118K(112448K), 0.0022970 secs] 110527K->10745K(364160K), 0.0023380 secs] [Times: user=0.01 sys=0.00, real=0.01 secs] 
292.809: Total time for which application threads were stopped: 0.0051810 seconds, Stopping threads took: 0.0027730 seconds
292.900: Application time: 0.0904020 seconds
292.902: [GC292.902: [ParNew: 106086K->7118K(112448K), 0.0024700 secs] 110713K->11745K(364160K), 0.0025180 secs] [Times: user=0.01 sys=0.00, real=0.00 secs] 
292.905: Total time for which application threads were stopped: 0.0050950 seconds, Stopping threads took: 0.0024970 seconds
292.993: Application time: 0.0882770 seconds
292.995: [GC292.995: [ParNew: 107086K->7783K(112448K), 0.0026060 secs] 111713K->12552K(364160K), 0.0026520 secs] [Times: user=0.02 sys=0.00, real=0.00 secs] 
292.998: Total time for which application threads were stopped: 0.0045650 seconds, Stopping threads took: 0.0018440 seconds
293.090: Application time: 0.0918200 seconds
293.092: [GC293.092: [ParNew: 107751K->6907K(112448K), 0.0023700 secs] 112520K->11705K(364160K), 0.0024120 secs] [Times: user=0.01 sys=0.00, real=0.00 secs] 
293.094: Total time for which application threads were stopped: 0.0045430 seconds, Stopping threads took: 0.0020590 seconds
293.184: Application time: 0.0899140 seconds
293.186: [GC293.186: [ParNew: 106875K->4275K(112448K), 0.0015430 secs] 111673K->9130K(364160K), 0.0015840 secs] [Times: user=0.01 sys=0.00, real=0.01 secs] 
293.188: Total time for which application threads were stopped: 0.0036820 seconds, Stopping threads took: 0.0020240 seconds
293.278: Application time: 0.0906780 seconds
293.281: [GC293.281: [ParNew: 104243K->6726K(112448K), 0.0022420 secs] 109098K->11581K(364160K), 0.0022880 secs] [Times: user=0.02 sys=0.00, real=0.00 secs] 
293.284: Total time for which application threads were stopped: 0.0051810 seconds, Stopping threads took: 0.0028040 seconds
293.373: Application time: 0.0891480 seconds
293.376: [GC293.376: [ParNew: 106694K->7514K(112448K), 0.0024380 secs] 111549K->12454K(364160K), 0.0024800 secs] [Times: user=0.02 sys=0.00, real=0.00 secs] 
293.378: Total time for which application threads were stopped: 0.0053970 seconds, Stopping threads took: 0.0028490 seconds
293.466: Application time: 0.0878500 seconds
293.469: [GC293.469: [ParNew: 107482K->6858K(112448K), 0.0022730 secs] 112422K->11855K(364160K), 0.0023180 secs] [Times: user=0.02 sys=0.00, real=0.00 secs] 
293.471: Total time for which application threads were stopped: 0.0051050 seconds, Stopping threads took: 0.0027170 seconds
293.562: Application time: 0.0909270 seconds
293.565: [GC293.565: [ParNew: 106826K->5862K(112448K), 0.0019880 secs] 111823K->10888K(364160K), 0.0020360 secs] [Times: user=0.01 sys=0.00, real=0.00 secs] 
293.567: Total time for which application threads were stopped: 0.0050750 seconds, Stopping threads took: 0.0029490 seconds
293.661: Application time: 0.0938660 seconds
293.664: [GC293.664: [ParNew: 105830K->6614K(112448K), 0.0023900 secs] 110856K->11640K(364160K), 0.0024360 secs] [Times: user=0.02 sys=0.00, real=0.00 secs] 
293.666: Total time for which application threads were stopped: 0.0049900 seconds, Stopping threads took: 0.0024590 seconds
293.759: Application time: 0.0928930 seconds
293.762: [GC293.762: [ParNew: 106582K->6811K(112448K), 0.0024700 secs] 111608K->11894K(364160K), 0.0025160 secs] [Times: user=0.01 sys=0.00, real=0.00 secs] 
293.764: Total time for which application threads were stopped: 0.0052700 seconds, Stopping threads took: 0.0026490 seconds
293.860: Application time: 0.0958880 seconds
293.862: [GC293.862: [ParNew: 106779K->6781K(112448K), 0.0024680 secs] 111862K->11921K(364160K), 0.0025120 secs] [Times: user=0.02 sys=0.00, real=0.00 secs] 
293.865: Total time for which application threads were stopped: 0.0048900 seconds, Stopping threads took: 0.0022870 seconds
293.962: Application time: 0.0972170 seconds
293.965: [GC293.965: [ParNew: 106749K->6566K(112448K), 0.0023220 secs] 111889K->11792K(364160K), 0.0023690 secs] [Times: user=0.00 sys=0.01, real=0.01 secs] 
293.968: Total time for which application threads were stopped: 0.0053940 seconds, Stopping threads took: 0.0029550 seconds
294.063: Application time: 0.0955320 seconds
294.065: [GC294.065: [ParNew: 106534K->7002K(112448K), 0.0024260 secs] 111760K->12256K(364160K), 0.0024720 secs] [Times: user=0.01 sys=0.00, real=0.01 secs] 
294.068: Total time for which application threads were stopped: 0.0044540 seconds, Stopping threads took: 0.0018870 seconds
294.167: Application time: 0.0998810 seconds
294.171: [GC294.171: [ParNew: 106970K->7541K(112448K), 0.0026050 secs] 112224K->12853K(364160K), 0.0026490 secs] [Times: user=0.01 sys=0.00, real=0.00 secs] 
294.173: Total time for which application threads were stopped: 0.0057540 seconds, Stopping threads took: 0.0030350 seconds
294.271: Application time: 0.0973680 seconds
294.274: [GC294.274: [ParNew: 107509K->6936K(112448K), 0.0023310 secs] 112821K->12248K(364160K), 0.0023820 secs] [Times: user=0.02 sys=0.00, real=0.00 secs] 
294.276: Total time for which application threads were stopped: 0.0053820 seconds, Stopping threads took: 0.0029170 seconds
294.370: Application time: 0.0943410 seconds
294.372: [GC294.372: [ParNew: 106904K->7010K(112448K), 0.0023690 secs] 112216K->12349K(364160K), 0.0024160 secs] [Times: user=0.01 sys=0.00, real=0.00 secs] 
294.375: Total time for which application threads were stopped: 0.0045300 seconds, Stopping threads took: 0.0020400 seconds
294.469: Application time: 0.0941060 seconds
294.471: [GC294.471: [ParNew: 106978K->6623K(112448K), 0.0023250 secs] 112317K->12077K(364160K), 0.0023730 secs] [Times: user=0.01 sys=0.00, real=0.00 secs] 
294.473: Total time for which application threads were stopped: 0.0042490 seconds, Stopping threads took: 0.0017910 seconds
294.571: Application time: 0.0978470 seconds
294.574: [GC294.574: [ParNew: 106591K->6597K(112448K), 0.0021290 secs] 112045K->12080K(364160K), 0.0021760 secs] [Times: user=0.02 sys=0.00, real=0.00 secs] 
294.576: Total time for which application threads were stopped: 0.0053800 seconds, Stopping threads took: 0.0031330 seconds
294.672: Application time: 0.0960620 seconds
294.675: [GC294.675: [ParNew: 106565K->6446K(112448K), 0.0021770 secs] 112048K->11985K(364160K), 0.0022200 secs] [Times: user=0.01 sys=0.00, real=0.00 secs] 
294.678: Total time for which application threads were stopped: 0.0051510 seconds, Stopping threads took: 0.0028400 seconds
294.772: Application time: 0.0944500 seconds
294.774: [GC294.774: [ParNew: 106414K->6766K(112448K), 0.0024470 secs] 111953K->12305K(364160K), 0.0024940 secs] [Times: user=0.02 sys=0.00, real=0.00 secs] 
294.777: Total time for which application threads were stopped: 0.0047430 seconds, Stopping threads took: 0.0021470 seconds
294.870: Application time: 0.0927440 seconds
294.872: [GC294.872: [ParNew: 106734K->7668K(112448K), 0.0025480 secs] 112273K->13208K(364160K), 0.0025930 secs] [Times: user=0.02 sys=0.00, real=0.00 secs] 
294.875: Total time for which application threads were stopped: 0.0053130 seconds, Stopping threads took: 0.0026200 seconds
294.969: Application time: 0.0939240 seconds
294.972: [GC294.972: [ParNew: 107636K->6793K(112448K), 0.0023030 secs] 113176K->12447K(364160K), 0.0023500 secs] [Times: user=0.02 sys=0.00, real=0.00 secs] 
294.974: Total time for which application threads were stopped: 0.0053830 seconds, Stopping threads took: 0.0029610 seconds
295.068: Application time: 0.0942590 seconds
295.071: [GC295.071: [ParNew: 106761K->6627K(112448K), 0.0038560 secs] 112415K->12337K(364160K), 0.0039070 secs] [Times: user=0.02 sys=0.00, real=0.00 secs] 
295.075: Total time for which application threads were stopped: 0.0061350 seconds, Stopping threads took: 0.0021340 seconds
295.171: Application time: 0.0966310 seconds
295.173: [GC295.173: [ParNew: 106595K->6816K(112448K), 0.0023410 secs] 112305K->12583K(364160K), 0.0023860 secs] [Times: user=0.02 sys=0.00, real=0.00 secs] 
295.175: Total time for which application threads were stopped: 0.0040750 seconds, Stopping threads took: 0.0016070 seconds
295.271: Application time: 0.0955090 seconds
295.273: [GC295.273: [ParNew: 106784K->7680K(112448K), 0.0026310 secs] 112551K->13448K(364160K), 0.0026780 secs] [Times: user=0.02 sys=0.00, real=0.00 secs] 
295.276: Total time for which application threads were stopped: 0.0052050 seconds, Stopping threads took: 0.0024550 seconds
295.369: Application time: 0.0931210 seconds
295.371: [GC295.371: [ParNew: 107648K->7714K(112448K), 0.0024800 secs] 113416K->13482K(364160K), 0.0025260 secs] [Times: user=0.02 sys=0.00, real=0.00 secs] 
295.373: Total time for which application threads were stopped: 0.0043310 seconds, Stopping threads took: 0.0017320 seconds
295.466: Application time: 0.0929710 seconds
295.469: [GC295.469: [ParNew: 107682K->7091K(112448K), 0.0023580 secs] 113450K->12944K(364160K), 0.0024050 secs] [Times: user=0.02 sys=0.00, real=0.00 secs] 
295.471: Total time for which application threads were stopped: 0.0045770 seconds, Stopping threads took: 0.0020930 seconds
295.563: Application time: 0.0923940 seconds
295.566: [GC295.566: [ParNew: 107059K->6509K(112448K), 0.0022050 secs] 112912K->12448K(364160K), 0.0022510 secs] [Times: user=0.01 sys=0.00, real=0.01 secs] 
295.568: Total time for which application threads were stopped: 0.0045960 seconds, Stopping threads took: 0.0022740 seconds
295.664: Application time: 0.0955970 seconds
295.666: [GC295.666: [ParNew: 106477K->6013K(112448K), 0.0022950 secs] 112416K->11980K(364160K), 0.0023410 secs] [Times: user=0.01 sys=0.00, real=0.01 secs] 
295.668: Total time for which application threads were stopped: 0.0046140 seconds, Stopping threads took: 0.0022030 seconds
295.765: Application time: 0.0963080 seconds
295.766: [GC295.766: [ParNew: 105981K->5914K(112448K), 0.0020090 secs] 111948K->11881K(364160K), 0.0020550 secs] [Times: user=0.01 sys=0.00, real=0.01 secs] 
295.768: Total time for which application threads were stopped: 0.0037940 seconds, Stopping threads took: 0.0016660 seconds
295.865: Application time: 0.0966140 seconds
295.868: [GC295.868: [ParNew: 105882K->6084K(112448K), 0.0019920 secs] 111849K->12052K(364160K), 0.0020420 secs] [Times: user=0.01 sys=0.00, real=0.00 secs] 
295.870: Total time for which application threads were stopped: 0.0051050 seconds, Stopping threads took: 0.0029900 seconds
295.963: Application time: 0.0928100 seconds
295.965: [GC295.965: [ParNew: 106052K->7205K(112448K), 0.0026090 secs] 112020K->13172K(364160K), 0.0026530 secs] [Times: user=0.02 sys=0.00, real=0.01 secs] 
295.968: Total time for which application threads were stopped: 0.0052500 seconds, Stopping threads took: 0.0025070 seconds
296.065: Application time: 0.0967810 seconds
296.068: [GC296.068: [ParNew: 107173K->7063K(112448K), 0.0025060 secs] 113140K->13230K(364160K), 0.0025630 secs] [Times: user=0.02 sys=0.00, real=0.00 secs] 
296.071: Total time for which application threads were stopped: 0.0056570 seconds, Stopping threads took: 0.0030140 seconds
296.168: Application time: 0.0978060 seconds
296.171: [GC296.171: [ParNew: 107031K->7165K(112448K), 0.0023300 secs] 113198K->13360K(364160K), 0.0023750 secs] [Times: user=0.02 sys=0.00, real=0.00 secs] 
296.174: Total time for which application threads were stopped: 0.0054220 seconds, Stopping threads took: 0.0029750 seconds
296.267: Application time: 0.0932660 seconds
296.270: [GC296.270: [ParNew: 107133K->6895K(112448K), 0.0023830 secs] 113328K->13119K(364160K), 0.0024250 secs] [Times: user=0.02 sys=0.00, real=0.00 secs] 
296.273: Total time for which application threads were stopped: 0.0055100 seconds, Stopping threads took: 0.0030160 seconds
296.365: Application time: 0.0920740 seconds
296.366: [GC296.366: [ParNew: 106863K->6767K(112448K), 0.0022600 secs] 113087K->12990K(364160K), 0.0023080 secs] [Times: user=0.01 sys=0.00, real=0.01 secs] 
296.368: Total time for which application threads were stopped: 0.0037910 seconds, Stopping threads took: 0.0014100 seconds
296.464: Application time: 0.0954860 seconds
296.467: [GC296.467: [ParNew: 106735K->7692K(112448K), 0.0027690 secs] 112958K->13973K(364160K), 0.0028160 secs] [Times: user=0.02 sys=0.00, real=0.01 secs] 
296.470: Total time for which application threads were stopped: 0.0059760 seconds, Stopping threads took: 0.0030670 seconds
296.568: Application time: 0.0979890 seconds
296.571: [GC296.571: [ParNew: 107660K->6914K(112448K), 0.0023540 secs] 113941K->13280K(364160K), 0.0024020 secs] [Times: user=0.02 sys=0.00, real=0.00 secs] 
296.574: Total time for which application threads were stopped: 0.0058230 seconds, Stopping threads took: 0.0033350 seconds
296.669: Application time: 0.0952790 seconds
296.672: [GC296.672: [ParNew: 106882K->6978K(112448K), 0.0023560 secs] 113248K->13373K(364160K), 0.0024020 secs] [Times: user=0.01 sys=0.00, real=0.00 secs] 
296.674: Total time for which application threads were stopped: 0.0050040 seconds, Stopping threads took: 0.0025090 seconds
296.771: Application time: 0.0968700 seconds
296.772: [GC296.772: [ParNew: 106946K->6622K(112448K), 0.0022910 secs] 113341K->13074K(364160K), 0.0023330 secs] [Times: user=0.02 sys=0.00, real=0.00 secs] 
296.775: Total time for which application threads were stopped: 0.0038940 seconds, Stopping threads took: 0.0014900 seconds
296.871: Application time: 0.0964250 seconds
296.873: [GC296.873: [ParNew: 106590K->5779K(112448K), 0.0021720 secs] 113042K->12231K(364160K), 0.0022190 secs] [Times: user=0.01 sys=0.00, real=0.00 secs] 
296.876: Total time for which application threads were stopped: 0.0044140 seconds, Stopping threads took: 0.0021240 seconds
296.968: Application time: 0.0928850 seconds
296.970: [GC296.970: [ParNew: 105747K->6617K(112448K), 0.0025180 secs] 112199K->13069K(364160K), 0.0025640 secs] [Times: user=0.02 sys=0.00, real=0.00 secs] 
296.973: Total time for which application threads were stopped: 0.0041550 seconds, Stopping threads took: 0.0015170 seconds
297.067: Application time: 0.0942580 seconds
297.069: [GC297.069: [ParNew: 106585K->7485K(112448K), 0.0026990 secs] 113037K->14079K(364160K), 0.0027450 secs] [Times: user=0.02 sys=0.00, real=0.00 secs] 
297.072: Total time for which application threads were stopped: 0.0052560 seconds, Stopping threads took: 0.0024400 seconds
297.172: Application time: 0.0994680 seconds
297.173: [GC297.173: [ParNew: 107453K->4340K(112448K), 0.0015540 secs] 114047K->10963K(364160K), 0.0015970 secs] [Times: user=0.01 sys=0.00, real=0.00 secs] 
297.175: Total time for which application threads were stopped: 0.0029160 seconds, Stopping threads took: 0.0012200 seconds
297.275: Application time: 0.1001330 seconds
297.277: [GC297.277: [ParNew: 104308K->5527K(112448K), 0.0018160 secs] 110931K->12150K(364160K), 0.0018610 secs] [Times: user=0.02 sys=0.00, real=0.00 secs] 
297.279: Total time for which application threads were stopped: 0.0038420 seconds, Stopping threads took: 0.0018790 seconds
297.374: Application time: 0.0952740 seconds
297.375: [GC297.375: [ParNew: 105495K->6103K(112448K), 0.0020050 secs] 112118K->12726K(364160K), 0.0020480 secs] [Times: user=0.01 sys=0.00, real=0.00 secs] 
297.377: Total time for which application threads were stopped: 0.0034940 seconds, Stopping threads took: 0.0013740 seconds
297.471: Application time: 0.0934310 seconds
297.473: [GC297.473: [ParNew: 106071K->6711K(112448K), 0.0023740 secs] 112694K->13334K(364160K), 0.0024140 secs] [Times: user=0.01 sys=0.00, real=0.00 secs] 
297.476: Total time for which application threads were stopped: 0.0050660 seconds, Stopping threads took: 0.0025790 seconds
297.572: Application time: 0.0959370 seconds
297.573: [GC297.573: [ParNew: 106679K->6689K(112448K), 0.0022800 secs] 113302K->13455K(364160K), 0.0023240 secs] [Times: user=0.02 sys=0.00, real=0.00 secs] 
297.576: Total time for which application threads were stopped: 0.0040750 seconds, Stopping threads took: 0.0016710 seconds
297.665: Application time: 0.0894840 seconds
297.668: [GC297.668: [ParNew: 106657K->7114K(112448K), 0.0025240 secs] 113423K->13965K(364160K), 0.0025670 secs] [Times: user=0.02 sys=0.00, real=0.00 secs] 
297.671: Total time for which application threads were stopped: 0.0052170 seconds, Stopping threads took: 0.0025580 seconds
297.761: Application time: 0.0902550 seconds
297.763: [GC297.763: [ParNew: 107082K->5952K(112448K), 0.0019630 secs] 113933K->12861K(364160K), 0.0020090 secs] [Times: user=0.01 sys=0.00, real=0.00 secs] 
297.765: Total time for which application threads were stopped: 0.0037700 seconds, Stopping threads took: 0.0016610 seconds
297.855: Application time: 0.0908910 seconds
297.858: [GC297.858: [ParNew: 105920K->7215K(112448K), 0.0025240 secs] 112829K->14123K(364160K), 0.0025680 secs] [Times: user=0.02 sys=0.00, real=0.01 secs] 
297.861: Total time for which application threads were stopped: 0.0050580 seconds, Stopping threads took: 0.0023990 seconds
297.951: Application time: 0.0904960 seconds
297.954: [GC297.954: [ParNew: 107183K->7135K(112448K), 0.0024720 secs] 114091K->14071K(364160K), 0.0025160 secs] [Times: user=0.02 sys=0.00, real=0.00 secs] 
297.956: Total time for which application threads were stopped: 0.0053030 seconds, Stopping threads took: 0.0026980 seconds
298.049: Application time: 0.0929120 seconds
298.051: [GC298.051: [ParNew: 107103K->7306K(112448K), 0.0025230 secs] 114039K->14299K(364160K), 0.0025660 secs] [Times: user=0.01 sys=0.00, real=0.00 secs] 
298.054: Total time for which application threads were stopped: 0.0047730 seconds, Stopping threads took: 0.0021370 seconds
298.144: Application time: 0.0895860 seconds
298.146: [GC298.146: [ParNew: 107274K->6962K(112448K), 0.0023080 secs] 114267K->14042K(364160K), 0.0023510 secs] [Times: user=0.02 sys=0.00, real=0.01 secs] 
298.149: Total time for which application threads were stopped: 0.0051160 seconds, Stopping threads took: 0.0026930 seconds
298.242: Application time: 0.0935490 seconds
298.245: [GC298.245: [ParNew: 106930K->7092K(112448K), 0.0023450 secs] 114010K->14229K(364160K), 0.0023870 secs] [Times: user=0.02 sys=0.00, real=0.01 secs] 
298.247: Total time for which application threads were stopped: 0.0052160 seconds, Stopping threads took: 0.0027590 seconds
298.334: Application time: 0.0868940 seconds
298.337: [GC298.337: [ParNew: 107060K->7116K(112448K), 0.0023320 secs] 114197K->14252K(364160K), 0.0023760 secs] [Times: user=0.01 sys=0.01, real=0.01 secs] 
298.339: Total time for which application threads were stopped: 0.0050190 seconds, Stopping threads took: 0.0025680 seconds
298.430: Application time: 0.0903680 seconds
298.431: [GC298.431: [ParNew: 107084K->5373K(112448K), 0.0018160 secs] 114220K->12509K(364160K), 0.0018580 secs] [Times: user=0.02 sys=0.00, real=0.00 secs] 
298.433: Total time for which application threads were stopped: 0.0034770 seconds, Stopping threads took: 0.0015500 seconds
298.523: Application time: 0.0893750 seconds
298.525: [GC298.525: [ParNew: 105341K->5666K(112448K), 0.0018840 secs] 112477K->12802K(364160K), 0.0019380 secs] [Times: user=0.01 sys=0.00, real=0.00 secs] 
298.527: Total time for which application threads were stopped: 0.0041310 seconds, Stopping threads took: 0.0021200 seconds
298.617: Application time: 0.0901200 seconds
298.619: [GC298.619: [ParNew: 105634K->7244K(112448K), 0.0024160 secs] 112770K->14380K(364160K), 0.0024610 secs] [Times: user=0.02 sys=0.00, real=0.01 secs] 
298.622: Total time for which application threads were stopped: 0.0047490 seconds, Stopping threads took: 0.0022160 seconds
298.714: Application time: 0.0920840 seconds
298.716: [GC298.716: [ParNew: 107212K->5945K(112448K), 0.0020480 secs] 114348K->13309K(364160K), 0.0020930 secs] [Times: user=0.02 sys=0.00, real=0.00 secs] 
298.718: Total time for which application threads were stopped: 0.0041530 seconds, Stopping threads took: 0.0019910 seconds
298.809: Application time: 0.0913590 seconds
298.813: [GC298.813: [ParNew: 105913K->5369K(112448K), 0.0017390 secs] 113277K->12733K(364160K), 0.0017810 secs] [Times: user=0.01 sys=0.00, real=0.00 secs] 
298.814: Total time for which application threads were stopped: 0.0050740 seconds, Stopping threads took: 0.0032210 seconds
298.911: Application time: 0.0962270 seconds
298.912: [GC298.912: [ParNew: 105337K->5561K(112448K), 0.0018350 secs] 112701K->12925K(364160K), 0.0018780 secs] [Times: user=0.02 sys=0.00, real=0.00 secs] 
298.914: Total time for which application threads were stopped: 0.0034890 seconds, Stopping threads took: 0.0015280 seconds
299.007: Application time: 0.0929060 seconds
299.008: [GC299.008: [ParNew: 105529K->5353K(112448K), 0.0018550 secs] 112893K->12718K(364160K), 0.0018990 secs] [Times: user=0.01 sys=0.00, real=0.00 secs] 
299.010: Total time for which application threads were stopped: 0.0034100 seconds, Stopping threads took: 0.0014220 seconds
299.111: Application time: 0.1009670 seconds
299.114: [GC299.114: [ParNew: 105321K->6347K(112448K), 0.0021540 secs] 112686K->13711K(364160K), 0.0021980 secs] [Times: user=0.02 sys=0.00, real=0.00 secs] 
299.117: Total time for which application threads were stopped: 0.0052540 seconds, Stopping threads took: 0.0029850 seconds
299.207: Application time: 0.0905370 seconds
299.209: [GC299.209: [ParNew: 106315K->7210K(112448K), 0.0025750 secs] 113679K->14717K(364160K), 0.0026230 secs] [Times: user=0.02 sys=0.00, real=0.00 secs] 
299.212: Total time for which application threads were stopped: 0.0045780 seconds, Stopping threads took: 0.0018820 seconds
299.300: Application time: 0.0884230 seconds
299.302: [GC299.302: [ParNew: 107178K->6285K(112448K), 0.0021520 secs] 114685K->13878K(364160K), 0.0021960 secs] [Times: user=0.01 sys=0.00, real=0.00 secs] 
299.304: Total time for which application threads were stopped: 0.0040170 seconds, Stopping threads took: 0.0017560 seconds
299.392: Application time: 0.0881850 seconds
299.394: [GC299.394: [ParNew: 106253K->6508K(112448K), 0.0022280 secs] 113846K->14100K(364160K), 0.0022730 secs] [Times: user=0.02 sys=0.00, real=0.00 secs] 
299.396: Total time for which application threads were stopped: 0.0038410 seconds, Stopping threads took: 0.0014750 seconds
299.486: Application time: 0.0900800 seconds
299.489: [GC299.489: [ParNew: 106476K->7602K(112448K), 0.0025210 secs] 114068K->15251K(364160K), 0.0025630 secs] [Times: user=0.01 sys=0.00, real=0.00 secs] 
299.492: Total time for which application threads were stopped: 0.0054970 seconds, Stopping threads took: 0.0028380 seconds
299.581: Application time: 0.0890790 seconds
299.583: [GC299.583: [ParNew: 107570K->7746K(112448K), 0.0025840 secs] 115219K->15481K(364160K), 0.0026360 secs] [Times: user=0.02 sys=0.00, real=0.00 secs] 
299.586: Total time for which application threads were stopped: 0.0050720 seconds, Stopping threads took: 0.0023650 seconds
299.677: Application time: 0.0911620 seconds
299.679: [GC299.679: [ParNew: 107714K->5717K(112448K), 0.0020420 secs] 115449K->13509K(364160K), 0.0020870 secs] [Times: user=0.01 sys=0.00, real=0.01 secs] 
299.681: Total time for which application threads were stopped: 0.0038840 seconds, Stopping threads took: 0.0017080 seconds
299.772: Application time: 0.0909130 seconds
299.774: [GC299.774: [ParNew: 105685K->6862K(112448K), 0.0022940 secs] 113477K->14654K(364160K), 0.0023390 secs] [Times: user=0.02 sys=0.00, real=0.00 secs] 
299.776: Total time for which application threads were stopped: 0.0044560 seconds, Stopping threads took: 0.0020460 seconds
299.865: Application time: 0.0886310 seconds
299.867: [GC299.867: [ParNew: 106830K->6744K(112448K), 0.0022400 secs] 114622K->14565K(364160K), 0.0022850 secs] [Times: user=0.02 sys=0.00, real=0.01 secs] 
299.869: Total time for which application threads were stopped: 0.0043170 seconds, Stopping threads took: 0.0019600 seconds
299.962: Application time: 0.0926900 seconds
299.964: [GC299.965: [ParNew: 106712K->5463K(112448K), 0.0019080 secs] 114533K->13341K(364160K), 0.0019510 secs] [Times: user=0.02 sys=0.00, real=0.00 secs] 
299.966: Total time for which application threads were stopped: 0.0045080 seconds, Stopping threads took: 0.0024660 seconds
300.054: Application time: 0.0871720 seconds
300.055: [GC300.055: [ParNew: 105431K->6303K(112448K), 0.0020510 secs] 113309K->14181K(364160K), 0.0021000 secs] [Times: user=0.02 sys=0.00, real=0.00 secs] 
300.057: Total time for which application threads were stopped: 0.0034480 seconds, Stopping threads took: 0.0012650 seconds
300.145: Application time: 0.0881320 seconds
300.148: [GC300.148: [ParNew: 106271K->7435K(112448K), 0.0039410 secs] 114149K->15370K(364160K), 0.0039980 secs] [Times: user=0.02 sys=0.00, real=0.00 secs] 
300.152: Total time for which application threads were stopped: 0.0064450 seconds, Stopping threads took: 0.0023750 seconds
300.243: Application time: 0.0912540 seconds
300.245: [GC300.245: [ParNew: 107403K->6571K(112448K), 0.0024270 secs] 115338K->14619K(364160K), 0.0024730 secs] [Times: user=0.02 sys=0.00, real=0.01 secs] 
300.248: Total time for which application threads were stopped: 0.0048420 seconds, Stopping threads took: 0.0022980 seconds
300.341: Application time: 0.0927770 seconds
300.343: [GC300.343: [ParNew: 106539K->7790K(112448K), 0.0026930 secs] 114587K->15839K(364160K), 0.0027390 secs] [Times: user=0.02 sys=0.00, real=0.00 secs] 
300.346: Total time for which application threads were stopped: 0.0054040 seconds, Stopping threads took: 0.0025940 seconds
300.435: Application time: 0.0893150 seconds
300.437: [GC300.437: [ParNew: 107758K->7794K(112448K), 0.0025700 secs] 115807K->15872K(364160K), 0.0026150 secs] [Times: user=0.02 sys=0.00, real=0.01 secs] 
300.440: Total time for which application threads were stopped: 0.0046240 seconds, Stopping threads took: 0.0019170 seconds
300.530: Application time: 0.0897960 seconds
300.532: [GC300.532: [ParNew: 107762K->6601K(112448K), 0.0021600 secs] 115840K->14735K(364160K), 0.0022030 secs] [Times: user=0.02 sys=0.00, real=0.00 secs] 
300.534: Total time for which application threads were stopped: 0.0044390 seconds, Stopping threads took: 0.0021650 seconds
300.618: Application time: 0.0840620 seconds
300.620: [GC300.620: [ParNew: 106569K->7413K(112448K), 0.0024770 secs] 114703K->15633K(364160K), 0.0025220 secs] [Times: user=0.02 sys=0.00, real=0.00 secs] 
300.623: Total time for which application threads were stopped: 0.0042840 seconds, Stopping threads took: 0.0016800 seconds
300.714: Application time: 0.0912380 seconds
300.715: [GC300.715: [ParNew: 107381K->7303K(112448K), 0.0024860 secs] 115601K->15580K(364160K), 0.0025290 secs] [Times: user=0.02 sys=0.00, real=0.00 secs] 
300.718: Total time for which application threads were stopped: 0.0041800 seconds, Stopping threads took: 0.0015810 seconds
300.807: Application time: 0.0891750 seconds
300.810: [GC300.810: [ParNew: 107271K->6115K(112448K), 0.0019940 secs] 115548K->14392K(364160K), 0.0020390 secs] [Times: user=0.02 sys=0.00, real=0.00 secs] 
300.812: Total time for which application threads were stopped: 0.0048070 seconds, Stopping threads took: 0.0026990 seconds
300.903: Application time: 0.0907600 seconds
300.905: [GC300.905: [ParNew: 106083K->6577K(112448K), 0.0021860 secs] 114360K->14854K(364160K), 0.0022400 secs] [Times: user=0.01 sys=0.00, real=0.01 secs] 
300.907: Total time for which application threads were stopped: 0.0046670 seconds, Stopping threads took: 0.0023680 seconds
301.000: Application time: 0.0928500 seconds
301.001: [GC301.001: [ParNew: 106545K->6867K(112448K), 0.0023640 secs] 114822K->15229K(364160K), 0.0024070 secs] [Times: user=0.02 sys=0.00, real=0.00 secs] 
301.004: Total time for which application threads were stopped: 0.0035290 seconds, Stopping threads took: 0.0010510 seconds
301.094: Application time: 0.0903130 seconds
301.095: [GC301.095: [ParNew: 106835K->6867K(112448K), 0.0023170 secs] 115197K->15315K(364160K), 0.0023610 secs] [Times: user=0.02 sys=0.00, real=0.00 secs] 
301.097: Total time for which application threads were stopped: 0.0028860 seconds, Stopping threads took: 0.0004550 seconds
301.188: Application time: 0.0915710 seconds
301.190: [GC301.190: [ParNew: 106835K->6205K(112448K), 0.0022140 secs] 115283K->14710K(364160K), 0.0022560 secs] [Times: user=0.01 sys=0.00, real=0.00 secs] 
301.192: Total time for which application threads were stopped: 0.0035700 seconds, Stopping threads took: 0.0012360 seconds
301.282: Application time: 0.0903710 seconds
301.284: [GC301.284: [ParNew: 106173K->7901K(112448K), 0.0027130 secs] 114678K->16407K(364160K), 0.0027530 secs] [Times: user=0.02 sys=0.00, real=0.00 secs] 
301.287: Total time for which application threads were stopped: 0.0047150 seconds, Stopping threads took: 0.0018940 seconds
301.380: Application time: 0.0932890 seconds
301.381: [GC301.381: [ParNew: 107869K->5498K(112448K), 0.0019930 secs] 116375K->14003K(364160K), 0.0020350 secs] [Times: user=0.01 sys=0.00, real=0.00 secs] 
301.383: Total time for which application threads were stopped: 0.0025010 seconds, Stopping threads took: 0.0003960 seconds
301.472: Application time: 0.0892440 seconds
301.474: [GC301.474: [ParNew: 105466K->6791K(112448K), 0.0023180 secs] 113971K->15296K(364160K), 0.0023630 secs] [Times: user=0.02 sys=0.00, real=0.00 secs] 
301.477: Total time for which application threads were stopped: 0.0046370 seconds, Stopping threads took: 0.0022030 seconds
301.567: Application time: 0.0900770 seconds
301.569: [GC301.569: [ParNew: 106759K->6917K(112448K), 0.0023680 secs] 115264K->15593K(364160K), 0.0024100 secs] [Times: user=0.01 sys=0.00, real=0.00 secs] 
301.572: Total time for which application threads were stopped: 0.0048920 seconds, Stopping threads took: 0.0024130 seconds
301.665: Application time: 0.0933880 seconds
301.667: [GC301.667: [ParNew: 106885K->7565K(112448K), 0.0025690 secs] 115561K->16298K(364160K), 0.0026180 secs] [Times: user=0.02 sys=0.00, real=0.00 secs] 
301.670: Total time for which application threads were stopped: 0.0047430 seconds, Stopping threads took: 0.0020430 seconds
301.766: Application time: 0.0956870 seconds
301.769: [GC301.769: [ParNew: 107533K->7685K(112448K), 0.0026410 secs] 116266K->16418K(364160K), 0.0026870 secs] [Times: user=0.02 sys=0.00, real=0.00 secs] 
301.772: Total time for which application threads were stopped: 0.0059390 seconds, Stopping threads took: 0.0031510 seconds
301.870: Application time: 0.0984860 seconds
301.871: [GC301.872: [ParNew: 107653K->6882K(112448K), 0.0026950 secs] 116386K->15615K(364160K), 0.0027370 secs] [Times: user=0.02 sys=0.00, real=0.00 secs] 
301.874: Total time for which application threads were stopped: 0.0041840 seconds, Stopping threads took: 0.0013550 seconds
301.970: Application time: 0.0954610 seconds
301.972: [GC301.972: [ParNew: 106850K->6044K(112448K), 0.0022380 secs] 115583K->14834K(364160K), 0.0022840 secs] [Times: user=0.01 sys=0.00, real=0.00 secs] 
301.975: Total time for which application threads were stopped: 0.0048490 seconds, Stopping threads took: 0.0024930 seconds
302.070: Application time: 0.0955440 seconds
302.072: [GC302.072: [ParNew: 106012K->6576K(112448K), 0.0022330 secs] 114802K->15366K(364160K), 0.0022810 secs] [Times: user=0.02 sys=0.00, real=0.00 secs] 
302.074: Total time for which application threads were stopped: 0.0040210 seconds, Stopping threads took: 0.0016680 seconds
302.170: Application time: 0.0961800 seconds
302.173: [GC302.173: [ParNew: 106544K->7379K(112448K), 0.0026450 secs] 115334K->16340K(364160K), 0.0026990 secs] [Times: user=0.02 sys=0.00, real=0.00 secs] 
302.175: Total time for which application threads were stopped: 0.0049790 seconds, Stopping threads took: 0.0021970 seconds
302.274: Application time: 0.0986780 seconds
302.276: [GC302.276: [ParNew: 107347K->7038K(112448K), 0.0023400 secs] 116308K->15999K(364160K), 0.0023850 secs] [Times: user=0.02 sys=0.00, real=0.00 secs] 
302.279: Total time for which application threads were stopped: 0.0045750 seconds, Stopping threads took: 0.0021090 seconds
302.375: Application time: 0.0963090 seconds
302.377: [GC302.377: [ParNew: 107006K->7437K(112448K), 0.0025580 secs] 115967K->16398K(364160K), 0.0026010 secs] [Times: user=0.02 sys=0.00, real=0.01 secs] 
302.379: Total time for which application threads were stopped: 0.0045140 seconds, Stopping threads took: 0.0018400 seconds
302.475: Application time: 0.0956320 seconds
302.478: [GC302.478: [ParNew: 107405K->6307K(112448K), 0.0021840 secs] 116366K->15325K(364160K), 0.0022300 secs] [Times: user=0.01 sys=0.00, real=0.01 secs] 
302.480: Total time for which application threads were stopped: 0.0049490 seconds, Stopping threads took: 0.0026460 seconds
302.572: Application time: 0.0923580 seconds
302.576: [GC302.576: [ParNew: 106275K->7170K(112448K), 0.0023970 secs] 115293K->16245K(364160K), 0.0024450 secs] [Times: user=0.02 sys=0.00, real=0.00 secs] 
302.578: Total time for which application threads were stopped: 0.0057700 seconds, Stopping threads took: 0.0032340 seconds
302.675: Application time: 0.0966610 seconds
302.677: [GC302.677: [ParNew: 107138K->7059K(112448K), 0.0024610 secs] 116213K->16248K(364160K), 0.0025090 secs] [Times: user=0.02 sys=0.00, real=0.01 secs] 
302.680: Total time for which application threads were stopped: 0.0048480 seconds, Stopping threads took: 0.0022660 seconds
302.775: Application time: 0.0949010 seconds
302.776: [GC302.776: [ParNew: 107027K->7373K(112448K), 0.0026100 secs] 116216K->16562K(364160K), 0.0026530 secs] [Times: user=0.02 sys=0.00, real=0.00 secs] 
302.779: Total time for which application threads were stopped: 0.0044920 seconds, Stopping threads took: 0.0017550 seconds
302.871: Application time: 0.0921410 seconds
302.874: [GC302.874: [ParNew: 107341K->7024K(112448K), 0.0025170 secs] 116530K->16213K(364160K), 0.0025640 secs] [Times: user=0.02 sys=0.00, real=0.00 secs] 
302.876: Total time for which application threads were stopped: 0.0050760 seconds, Stopping threads took: 0.0024190 seconds
302.969: Application time: 0.0930860 seconds
302.972: [GC302.972: [ParNew: 106992K->7040K(112448K), 0.0023310 secs] 116181K->16286K(364160K), 0.0023800 secs] [Times: user=0.02 sys=0.00, real=0.00 secs] 
302.974: Total time for which application threads were stopped: 0.0049220 seconds, Stopping threads took: 0.0024500 seconds
303.068: Application time: 0.0940330 seconds
303.070: [GC303.070: [ParNew: 107008K->6888K(112448K), 0.0024210 secs] 116254K->16163K(364160K), 0.0024680 secs] [Times: user=0.02 sys=0.00, real=0.00 secs] 
303.073: Total time for which application threads were stopped: 0.0042290 seconds, Stopping threads took: 0.0016870 seconds
303.166: Application time: 0.0938640 seconds
303.169: [GC303.169: [ParNew: 106856K->6677K(112448K), 0.0022860 secs] 116131K->16038K(364160K), 0.0023340 secs] [Times: user=0.01 sys=0.00, real=0.00 secs] 
303.171: Total time for which application threads were stopped: 0.0050340 seconds, Stopping threads took: 0.0026090 seconds
303.267: Application time: 0.0956970 seconds
303.270: [GC303.270: [ParNew: 106645K->6838K(112448K), 0.0022530 secs] 116006K->16256K(364160K), 0.0023000 secs] [Times: user=0.01 sys=0.00, real=0.00 secs] 
303.272: Total time for which application threads were stopped: 0.0048680 seconds, Stopping threads took: 0.0024950 seconds
303.367: Application time: 0.0945450 seconds
303.369: [GC303.369: [ParNew: 106806K->7573K(112448K), 0.0026540 secs] 116224K->16991K(364160K), 0.0027090 secs] [Times: user=0.02 sys=0.00, real=0.00 secs] 
303.372: Total time for which application threads were stopped: 0.0055920 seconds, Stopping threads took: 0.0028010 seconds
303.466: Application time: 0.0936860 seconds
303.468: [GC303.468: [ParNew: 107541K->6186K(112448K), 0.0021240 secs] 116959K->15632K(364160K), 0.0021680 secs] [Times: user=0.01 sys=0.00, real=0.00 secs] 
303.470: Total time for which application threads were stopped: 0.0045750 seconds, Stopping threads took: 0.0023360 seconds
303.564: Application time: 0.0934520 seconds
303.565: [GC303.565: [ParNew: 106154K->6022K(112448K), 0.0020200 secs] 115600K->15468K(364160K), 0.0020660 secs] [Times: user=0.02 sys=0.00, real=0.01 secs] 
303.568: Total time for which application threads were stopped: 0.0036890 seconds, Stopping threads took: 0.0015310 seconds
303.664: Application time: 0.0961150 seconds
303.667: [GC303.667: [ParNew: 105990K->6398K(112448K), 0.0021390 secs] 115436K->15844K(364160K), 0.0021870 secs] [Times: user=0.01 sys=0.00, real=0.01 secs] 
303.669: Total time for which application threads were stopped: 0.0053680 seconds, Stopping threads took: 0.0030910 seconds
303.765: Application time: 0.0964300 seconds
303.769: [GC303.769: [ParNew: 106366K->7712K(112448K), 0.0027070 secs] 115812K->17357K(364160K), 0.0027550 secs] [Times: user=0.02 sys=0.01, real=0.00 secs] 
303.771: Total time for which application threads were stopped: 0.0060430 seconds, Stopping threads took: 0.0031950 seconds
303.867: Application time: 0.0958850 seconds
303.870: [GC303.870: [ParNew: 107680K->6669K(112448K), 0.0022090 secs] 117325K->16315K(364160K), 0.0022560 secs] [Times: user=0.02 sys=0.00, real=0.00 secs] 
303.872: Total time for which application threads were stopped: 0.0045930 seconds, Stopping threads took: 0.0022660 seconds
303.966: Application time: 0.0945320 seconds
303.968: [GC303.968: [ParNew: 106637K->4792K(112448K), 0.0017560 secs] 116283K->14438K(364160K), 0.0017990 secs] [Times: user=0.01 sys=0.00, real=0.00 secs] 
303.969: Total time for which application threads were stopped: 0.0029740 seconds, Stopping threads took: 0.0010840 seconds
304.067: Application time: 0.0970580 seconds
304.069: [GC304.069: [ParNew: 104760K->6470K(112448K), 0.0022680 secs] 114406K->16116K(364160K), 0.0023140 secs] [Times: user=0.01 sys=0.00, real=0.00 secs] 
304.071: Total time for which application threads were stopped: 0.0043260 seconds, Stopping threads took: 0.0019390 seconds
304.167: Application time: 0.0965020 seconds
304.169: [GC304.169: [ParNew: 106438K->7242K(112448K), 0.0026120 secs] 116084K->17059K(364160K), 0.0026570 secs] [Times: user=0.02 sys=0.00, real=0.00 secs] 
304.172: Total time for which application threads were stopped: 0.0042240 seconds, Stopping threads took: 0.0014850 seconds
304.266: Application time: 0.0947610 seconds
304.269: [GC304.269: [ParNew: 107210K->7254K(112448K), 0.0025950 secs] 117027K->17128K(364160K), 0.0026420 secs] [Times: user=0.02 sys=0.00, real=0.00 secs] 
304.272: Total time for which application threads were stopped: 0.0051480 seconds, Stopping threads took: 0.0024110 seconds
304.367: Application time: 0.0954420 seconds
304.370: [GC304.370: [ParNew: 107222K->6286K(112448K), 0.0021000 secs] 117096K->16160K(364160K), 0.0021520 secs] [Times: user=0.02 sys=0.00, real=0.00 secs] 
304.372: Total time for which application threads were stopped: 0.0049900 seconds, Stopping threads took: 0.0027540 seconds
304.468: Application time: 0.0958330 seconds
304.469: [GC304.470: [ParNew: 106254K->7091K(112448K), 0.0023360 secs] 116128K->16965K(364160K), 0.0023840 secs] [Times: user=0.01 sys=0.00, real=0.00 secs] 
304.472: Total time for which application threads were stopped: 0.0041190 seconds, Stopping threads took: 0.0016530 seconds
304.566: Application time: 0.0943840 seconds
304.569: [GC304.569: [ParNew: 107059K->6982K(112448K), 0.0023620 secs] 116933K->16942K(364160K), 0.0024090 secs] [Times: user=0.01 sys=0.00, real=0.00 secs] 
304.572: Total time for which application threads were stopped: 0.0054550 seconds, Stopping threads took: 0.0029520 seconds
304.667: Application time: 0.0953190 seconds
304.669: [GC304.669: [ParNew: 106950K->7958K(112448K), 0.0028750 secs] 116910K->17979K(364160K), 0.0029330 secs] [Times: user=0.02 sys=0.00, real=0.00 secs] 
304.672: Total time for which application threads were stopped: 0.0053120 seconds, Stopping threads took: 0.0022850 seconds
304.768: Application time: 0.0959720 seconds
304.770: [GC304.770: [ParNew: 107926K->7009K(112448K), 0.0025130 secs] 117947K->17111K(364160K), 0.0025560 secs] [Times: user=0.02 sys=0.00, real=0.00 secs] 
304.772: Total time for which application threads were stopped: 0.0041330 seconds, Stopping threads took: 0.0015040 seconds
304.866: Application time: 0.0937390 seconds
304.868: [GC304.868: [ParNew: 106977K->5623K(112448K), 0.0019230 secs] 117079K->15725K(364160K), 0.0019660 secs] [Times: user=0.01 sys=0.00, real=0.00 secs] 
304.870: Total time for which application threads were stopped: 0.0038960 seconds, Stopping threads took: 0.0018370 seconds
304.964: Application time: 0.0943240 seconds
304.966: [GC304.966: [ParNew: 105591K->7637K(112448K), 0.0025160 secs] 115693K->17739K(364160K), 0.0025630 secs] [Times: user=0.02 sys=0.00, real=0.01 secs] 
304.969: Total time for which application threads were stopped: 0.0044760 seconds, Stopping threads took: 0.0018220 seconds
305.062: Application time: 0.0931750 seconds
305.063: [GC305.063: [ParNew: 107605K->6638K(112448K), 0.0023740 secs] 117707K->16825K(364160K), 0.0024190 secs] [Times: user=0.02 sys=0.00, real=0.00 secs] 
305.066: Total time for which application threads were stopped: 0.0038040 seconds, Stopping threads took: 0.0012890 seconds
305.160: Application time: 0.0939520 seconds
305.162: [GC305.162: [ParNew: 106606K->6494K(112448K), 0.0023030 secs] 116793K->16739K(364160K), 0.0023500 secs] [Times: user=0.02 sys=0.00, real=0.00 secs] 
305.164: Total time for which application threads were stopped: 0.0045120 seconds, Stopping threads took: 0.0020970 seconds
305.260: Application time: 0.0960800 seconds
305.262: [GC305.262: [ParNew: 106462K->5318K(112448K), 0.0018910 secs] 116707K->15632K(364160K), 0.0019330 secs] [Times: user=0.01 sys=0.00, real=0.00 secs] 
305.264: Total time for which application threads were stopped: 0.0039450 seconds, Stopping threads took: 0.0019280 seconds
305.360: Application time: 0.0955260 seconds
305.363: [GC305.363: [ParNew: 105286K->6378K(112448K), 0.0021000 secs] 115600K->16692K(364160K), 0.0021460 secs] [Times: user=0.01 sys=0.00, real=0.00 secs] 
305.365: Total time for which application threads were stopped: 0.0052780 seconds, Stopping threads took: 0.0030470 seconds
305.462: Application time: 0.0967320 seconds
305.465: [GC305.465: [ParNew: 106346K->7690K(112448K), 0.0025360 secs] 116660K->18020K(364160K), 0.0025820 secs] [Times: user=0.02 sys=0.00, real=0.01 secs] 
305.468: Total time for which application threads were stopped: 0.0060980 seconds, Stopping threads took: 0.0034450 seconds
305.564: Application time: 0.0957440 seconds
305.567: [GC305.567: [ParNew: 107658K->7484K(112448K), 0.0024340 secs] 117988K->17871K(364160K), 0.0024820 secs] [Times: user=0.02 sys=0.00, real=0.01 secs] 
305.569: Total time for which application threads were stopped: 0.0052310 seconds, Stopping threads took: 0.0026710 seconds
305.660: Application time: 0.0911130 seconds
305.662: [GC305.663: [ParNew: 107452K->5888K(112448K), 0.0020270 secs] 117839K->16333K(364160K), 0.0020710 secs] [Times: user=0.01 sys=0.00, real=0.00 secs] 
305.665: Total time for which application threads were stopped: 0.0044480 seconds, Stopping threads took: 0.0023140 seconds
305.752: Application time: 0.0876770 seconds
305.754: [GC305.754: [ParNew: 105856K->5835K(112448K), 0.0019240 secs] 116301K->16280K(364160K), 0.0019720 secs] [Times: user=0.02 sys=0.00, real=0.00 secs] 
305.756: Total time for which application threads were stopped: 0.0039200 seconds, Stopping threads took: 0.0018770 seconds
305.849: Application time: 0.0925510 seconds
305.851: [GC305.851: [ParNew: 105803K->6954K(112448K), 0.0023020 secs] 116248K->17399K(364160K), 0.0023460 secs] [Times: user=0.01 sys=0.01, real=0.00 secs] 
305.854: Total time for which application threads were stopped: 0.0047850 seconds, Stopping threads took: 0.0023660 seconds
305.943: Application time: 0.0894720 seconds
305.945: [GC305.945: [ParNew: 106922K->6803K(112448K), 0.0022770 secs] 117367K->17361K(364160K), 0.0023200 secs] [Times: user=0.02 sys=0.00, real=0.01 secs] 
305.948: Total time for which application threads were stopped: 0.0048160 seconds, Stopping threads took: 0.0024270 seconds
306.038: Application time: 0.0902930 seconds
306.040: [GC306.040: [ParNew: 106771K->6616K(112448K), 0.0022240 secs] 117329K->17232K(364160K), 0.0022690 secs] [Times: user=0.01 sys=0.00, real=0.00 secs] 
306.042: Total time for which application threads were stopped: 0.0043300 seconds, Stopping threads took: 0.0019690 seconds
306.136: Application time: 0.0935770 seconds
306.138: [GC306.138: [ParNew: 106584K->6600K(112448K), 0.0021760 secs] 117200K->17243K(364160K), 0.0022230 secs] [Times: user=0.01 sys=0.00, real=0.01 secs] 
306.140: Total time for which application threads were stopped: 0.0042330 seconds, Stopping threads took: 0.0019310 seconds
306.231: Application time: 0.0903070 seconds
306.233: [GC306.234: [ParNew: 106568K->7168K(112448K), 0.0024850 secs] 117211K->17897K(364160K), 0.0025330 secs] [Times: user=0.02 sys=0.00, real=0.00 secs] 
306.236: Total time for which application threads were stopped: 0.0054690 seconds, Stopping threads took: 0.0028680 seconds
306.327: Application time: 0.0908940 seconds
306.329: [GC306.329: [ParNew: 107136K->6941K(112448K), 0.0022720 secs] 117865K->17727K(364160K), 0.0023180 secs] [Times: user=0.02 sys=0.00, real=0.00 secs] 
306.331: Total time for which application threads were stopped: 0.0041530 seconds, Stopping threads took: 0.0017440 seconds
306.420: Application time: 0.0888700 seconds
306.423: [GC306.423: [ParNew: 106909K->7040K(112448K), 0.0024400 secs] 117695K->17826K(364160K), 0.0024810 secs] [Times: user=0.02 sys=0.00, real=0.00 secs] 
306.425: Total time for which application threads were stopped: 0.0050430 seconds, Stopping threads took: 0.0024730 seconds
306.513: Application time: 0.0880420 seconds
306.515: [GC306.515: [ParNew: 107008K->6594K(112448K), 0.0022520 secs] 117794K->17409K(364160K), 0.0022960 secs] [Times: user=0.02 sys=0.00, real=0.00 secs] 
306.517: Total time for which application threads were stopped: 0.0043670 seconds, Stopping threads took: 0.0020060 seconds
306.607: Application time: 0.0894240 seconds
306.610: [GC306.610: [ParNew: 106562K->7960K(112448K), 0.0026510 secs] 117377K->18831K(364160K), 0.0026980 secs] [Times: user=0.02 sys=0.00, real=0.00 secs] 
306.612: Total time for which application threads were stopped: 0.0055390 seconds, Stopping threads took: 0.0027720 seconds
306.705: Application time: 0.0924880 seconds
306.706: [GC306.706: [ParNew: 107928K->5883K(112448K), 0.0019800 secs] 118799K->16812K(364160K), 0.0020290 secs] [Times: user=0.02 sys=0.00, real=0.01 secs] 
306.709: Total time for which application threads were stopped: 0.0036230 seconds, Stopping threads took: 0.0015150 seconds
306.796: Application time: 0.0872600 seconds
306.797: [GC306.797: [ParNew: 105851K->6166K(112448K), 0.0020950 secs] 116780K->17094K(364160K), 0.0021390 secs] [Times: user=0.01 sys=0.00, real=0.01 secs] 
306.800: Total time for which application threads were stopped: 0.0038490 seconds, Stopping threads took: 0.0016390 seconds
306.892: Application time: 0.0927360 seconds
306.895: [GC306.895: [ParNew: 106134K->6567K(112448K), 0.0021700 secs] 117062K->17496K(364160K), 0.0022150 secs] [Times: user=0.01 sys=0.00, real=0.00 secs] 
306.897: Total time for which application threads were stopped: 0.0046780 seconds, Stopping threads took: 0.0023960 seconds
306.990: Application time: 0.0932860 seconds
306.992: [GC306.992: [ParNew: 106535K->5082K(112448K), 0.0018270 secs] 117464K->16096K(364160K), 0.0018710 secs] [Times: user=0.01 sys=0.00, real=0.00 secs] 
306.994: Total time for which application threads were stopped: 0.0032830 seconds, Stopping threads took: 0.0013410 seconds
307.085: Application time: 0.0913440 seconds
307.087: [GC307.087: [ParNew: 105050K->5508K(112448K), 0.0019650 secs] 116064K->16522K(364160K), 0.0020210 secs] [Times: user=0.01 sys=0.00, real=0.01 secs] 
307.089: Total time for which application threads were stopped: 0.0038850 seconds, Stopping threads took: 0.0017940 seconds
307.177: Application time: 0.0879670 seconds
307.179: [GC307.179: [ParNew: 105476K->6936K(112448K), 0.0022640 secs] 116490K->17950K(364160K), 0.0023110 secs] [Times: user=0.02 sys=0.00, real=0.01 secs] 
307.182: Total time for which application threads were stopped: 0.0046980 seconds, Stopping threads took: 0.0023160 seconds
307.270: Application time: 0.0884940 seconds
307.273: [GC307.273: [ParNew: 106904K->7720K(112448K), 0.0026510 secs] 117918K->18963K(364160K), 0.0026950 secs] [Times: user=0.02 sys=0.00, real=0.00 secs] 
307.275: Total time for which application threads were stopped: 0.0053510 seconds, Stopping threads took: 0.0025580 seconds
307.362: Application time: 0.0867550 seconds
307.365: [GC307.365: [ParNew: 107688K->7410K(112448K), 0.0026140 secs] 118931K->18653K(364160K), 0.0026550 secs] [Times: user=0.01 sys=0.00, real=0.01 secs] 
307.368: Total time for which application threads were stopped: 0.0056150 seconds, Stopping threads took: 0.0028980 seconds
307.457: Application time: 0.0889320 seconds
307.459: [GC307.459: [ParNew: 107377K->6881K(112448K), 0.0024080 secs] 118619K->18124K(364160K), 0.0024550 secs] [Times: user=0.01 sys=0.01, real=0.01 secs] 
307.462: Total time for which application threads were stopped: 0.0049860 seconds, Stopping threads took: 0.0024610 seconds
307.552: Application time: 0.0908490 seconds
307.555: [GC307.555: [ParNew: 106849K->7381K(112448K), 0.0025200 secs] 118092K->18709K(364160K), 0.0025640 secs] [Times: user=0.02 sys=0.00, real=0.00 secs] 
307.558: Total time for which application threads were stopped: 0.0052990 seconds, Stopping threads took: 0.0026630 seconds
307.650: Application time: 0.0923340 seconds
307.653: [GC307.653: [ParNew: 107349K->7153K(112448K), 0.0024660 secs] 118677K->18538K(364160K), 0.0025100 secs] [Times: user=0.01 sys=0.00, real=0.00 secs] 
307.656: Total time for which application threads were stopped: 0.0054890 seconds, Stopping threads took: 0.0029090 seconds
307.747: Application time: 0.0912620 seconds
307.750: [GC307.750: [ParNew: 107121K->6751K(112448K), 0.0022550 secs] 118506K->18221K(364160K), 0.0023010 secs] [Times: user=0.02 sys=0.00, real=0.00 secs] 
307.752: Total time for which application threads were stopped: 0.0052260 seconds, Stopping threads took: 0.0028540 seconds
307.843: Application time: 0.0907330 seconds
307.845: [GC307.845: [ParNew: 106719K->7320K(112448K), 0.0023810 secs] 118189K->18790K(364160K), 0.0024260 secs] [Times: user=0.01 sys=0.00, real=0.00 secs] 
307.847: Total time for which application threads were stopped: 0.0042230 seconds, Stopping threads took: 0.0017010 seconds
307.936: Application time: 0.0886810 seconds
307.939: [GC307.939: [ParNew: 107288K->7193K(112448K), 0.0024670 secs] 118758K->18663K(364160K), 0.0025110 secs] [Times: user=0.02 sys=0.00, real=0.01 secs] 
307.941: Total time for which application threads were stopped: 0.0054320 seconds, Stopping threads took: 0.0028530 seconds
308.031: Application time: 0.0901510 seconds
308.034: [GC308.034: [ParNew: 107161K->5756K(112448K), 0.0021180 secs] 118631K->17284K(364160K), 0.0021620 secs] [Times: user=0.01 sys=0.00, real=0.00 secs] 
308.036: Total time for which application threads were stopped: 0.0046630 seconds, Stopping threads took: 0.0024300 seconds
308.126: Application time: 0.0897610 seconds
308.127: [GC308.127: [ParNew: 105724K->5954K(112448K), 0.0020270 secs] 117252K->17482K(364160K), 0.0020680 secs] [Times: user=0.01 sys=0.00, real=0.00 secs] 
308.129: Total time for which application threads were stopped: 0.0036060 seconds, Stopping threads took: 0.0014620 seconds
308.218: Application time: 0.0881800 seconds
308.220: [GC308.220: [ParNew: 105922K->7183K(112448K), 0.0024490 secs] 117450K->18711K(364160K), 0.0025020 secs] [Times: user=0.02 sys=0.00, real=0.00 secs] 
308.222: Total time for which application threads were stopped: 0.0047720 seconds, Stopping threads took: 0.0021990 seconds
308.311: Application time: 0.0883080 seconds
308.314: [GC308.314: [ParNew: 107151K->7111K(112448K), 0.0023800 secs] 118679K->18810K(364160K), 0.0024250 secs] [Times: user=0.01 sys=0.00, real=0.00 secs] 
308.316: Total time for which application threads were stopped: 0.0054910 seconds, Stopping threads took: 0.0029980 seconds
308.406: Application time: 0.0897610 seconds
308.408: [GC308.408: [ParNew: 107079K->6296K(112448K), 0.0021390 secs] 118778K->17995K(364160K), 0.0021810 secs] [Times: user=0.01 sys=0.00, real=0.00 secs] 
308.411: Total time for which application threads were stopped: 0.0047620 seconds, Stopping threads took: 0.0024820 seconds
308.500: Application time: 0.0892740 seconds
308.502: [GC308.502: [ParNew: 106264K->6523K(112448K), 0.0021630 secs] 117963K->18279K(364160K), 0.0022100 secs] [Times: user=0.01 sys=0.00, real=0.00 secs] 
308.505: Total time for which application threads were stopped: 0.0046110 seconds, Stopping threads took: 0.0023320 seconds
308.591: Application time: 0.0864570 seconds
308.593: [GC308.593: [ParNew: 106491K->6724K(112448K), 0.0022590 secs] 118247K->18537K(364160K), 0.0023020 secs] [Times: user=0.01 sys=0.00, real=0.00 secs] 
308.595: Total time for which application threads were stopped: 0.0044800 seconds, Stopping threads took: 0.0021090 seconds
308.685: Application time: 0.0895600 seconds
308.687: [GC308.687: [ParNew: 106692K->7257K(112448K), 0.0026760 secs] 118505K->19127K(364160K), 0.0027190 secs] [Times: user=0.02 sys=0.00, real=0.01 secs] 
308.690: Total time for which application threads were stopped: 0.0046670 seconds, Stopping threads took: 0.0018780 seconds
308.781: Application time: 0.0917470 seconds
308.783: [GC308.783: [ParNew: 107225K->4645K(112448K), 0.0015590 secs] 119095K->16572K(364160K), 0.0016000 secs] [Times: user=0.01 sys=0.00, real=0.00 secs] 
308.785: Total time for which application threads were stopped: 0.0031460 seconds, Stopping threads took: 0.0014770 seconds
308.879: Application time: 0.0940460 seconds
308.882: [GC308.882: [ParNew: 104613K->5628K(112448K), 0.0019250 secs] 116540K->17555K(364160K), 0.0019660 secs] [Times: user=0.02 sys=0.00, real=0.00 secs] 
308.884: Total time for which application threads were stopped: 0.0049530 seconds, Stopping threads took: 0.0029180 seconds
308.972: Application time: 0.0885100 seconds
308.975: [GC308.975: [ParNew: 105596K->7555K(112448K), 0.0026810 secs] 117523K->19481K(364160K), 0.0027250 secs] [Times: user=0.02 sys=0.00, real=0.00 secs] 
308.977: Total time for which application threads were stopped: 0.0053220 seconds, Stopping threads took: 0.0025110 seconds
309.066: Application time: 0.0886420 seconds
309.068: [GC309.068: [ParNew: 107523K->6930K(112448K), 0.0022410 secs] 119449K->18942K(364160K), 0.0022840 secs] [Times: user=0.02 sys=0.00, real=0.00 secs] 
309.071: Total time for which application threads were stopped: 0.0044870 seconds, Stopping threads took: 0.0021400 seconds
309.160: Application time: 0.0891170 seconds
309.162: [GC309.162: [ParNew: 106898K->7302K(112448K), 0.0025740 secs] 118910K->19400K(364160K), 0.0026190 secs] [Times: user=0.02 sys=0.00, real=0.00 secs] 
309.164: Total time for which application threads were stopped: 0.0047160 seconds, Stopping threads took: 0.0020190 seconds
309.254: Application time: 0.0898910 seconds
309.257: [GC309.257: [ParNew: 107270K->7181K(112448K), 0.0024670 secs] 119368K->19336K(364160K), 0.0025100 secs] [Times: user=0.02 sys=0.00, real=0.00 secs] 
309.259: Total time for which application threads were stopped: 0.0047970 seconds, Stopping threads took: 0.0021970 seconds
309.346: Application time: 0.0869090 seconds
309.349: [GC309.349: [ParNew: 107149K->7258K(112448K), 0.0023550 secs] 119304K->19413K(364160K), 0.0024000 secs] [Times: user=0.02 sys=0.00, real=0.00 secs] 
309.351: Total time for which application threads were stopped: 0.0050880 seconds, Stopping threads took: 0.0026190 seconds
309.441: Application time: 0.0898270 seconds
309.443: [GC309.443: [ParNew: 107226K->7234K(112448K), 0.0025340 secs] 119381K->19418K(364160K), 0.0025860 secs] [Times: user=0.02 sys=0.00, real=0.00 secs] 
309.445: Total time for which application threads were stopped: 0.0045250 seconds, Stopping threads took: 0.0018470 seconds
309.533: Application time: 0.0872070 seconds
309.535: [GC309.535: [ParNew: 107202K->6859K(112448K), 0.0044380 secs] 119386K->19100K(364160K), 0.0044830 secs] [Times: user=0.01 sys=0.02, real=0.01 secs] 
309.539: Total time for which application threads were stopped: 0.0067940 seconds, Stopping threads took: 0.0022100 seconds
309.629: Application time: 0.0898620 seconds
309.632: [GC309.632: [ParNew: 106827K->6104K(112448K), 0.0020950 secs] 119068K->18401K(364160K), 0.0021410 secs] [Times: user=0.02 sys=0.00, real=0.00 secs] 
309.634: Total time for which application threads were stopped: 0.0048000 seconds, Stopping threads took: 0.0025640 seconds
309.728: Application time: 0.0938980 seconds
309.730: [GC309.730: [ParNew: 106072K->6289K(112448K), 0.0021880 secs] 118369K->18586K(364160K), 0.0022360 secs] [Times: user=0.01 sys=0.00, real=0.00 secs] 
309.732: Total time for which application threads were stopped: 0.0037940 seconds, Stopping threads took: 0.0014840 seconds
309.832: Application time: 0.1002060 seconds
309.834: [GC309.834: [ParNew: 106257K->4989K(112448K), 0.0017100 secs] 118554K->17372K(364160K), 0.0017550 secs] [Times: user=0.01 sys=0.00, real=0.00 secs] 
309.836: Total time for which application threads were stopped: 0.0039430 seconds, Stopping threads took: 0.0021160 seconds
309.933: Application time: 0.0970890 seconds
309.934: [GC309.934: [ParNew: 104957K->6050K(112448K), 0.0020130 secs] 117340K->18434K(364160K), 0.0020600 secs] [Times: user=0.02 sys=0.00, real=0.00 secs] 
309.936: Total time for which application threads were stopped: 0.0027140 seconds, Stopping threads took: 0.0005800 seconds
310.034: Application time: 0.0980310 seconds
310.037: [GC310.037: [ParNew: 106018K->7399K(112448K), 0.0024910 secs] 118402K->19782K(364160K), 0.0025370 secs] [Times: user=0.02 sys=0.00, real=0.00 secs] 
310.039: Total time for which application threads were stopped: 0.0052850 seconds, Stopping threads took: 0.0026670 seconds
310.137: Application time: 0.0974230 seconds
310.139: [GC310.139: [ParNew: 107367K->7953K(112448K), 0.0027370 secs] 119750K->20479K(364160K), 0.0027810 secs] [Times: user=0.02 sys=0.00, real=0.00 secs] 
310.142: Total time for which application threads were stopped: 0.0057280 seconds, Stopping threads took: 0.0028740 seconds
310.240: Application time: 0.0978040 seconds
310.243: [GC310.243: [ParNew: 107921K->7013K(112448K), 0.0024190 secs] 120447K->19624K(364160K), 0.0024630 secs] [Times: user=0.02 sys=0.00, real=0.00 secs] 
310.246: Total time for which application threads were stopped: 0.0055020 seconds, Stopping threads took: 0.0029650 seconds
310.340: Application time: 0.0942290 seconds
310.342: [GC310.342: [ParNew: 106981K->5911K(112448K), 0.0019870 secs] 119592K->18522K(364160K), 0.0020290 secs] [Times: user=0.01 sys=0.00, real=0.00 secs] 
310.344: Total time for which application threads were stopped: 0.0038560 seconds, Stopping threads took: 0.0017550 seconds
310.438: Application time: 0.0939030 seconds
310.439: [GC310.439: [ParNew: 105879K->6889K(112448K), 0.0023130 secs] 118490K->19500K(364160K), 0.0023600 secs] [Times: user=0.02 sys=0.00, real=0.01 secs] 
310.441: Total time for which application threads were stopped: 0.0037440 seconds, Stopping threads took: 0.0013100 seconds
310.540: Application time: 0.0984760 seconds
310.542: [GC310.542: [ParNew: 106857K->6386K(112448K), 0.0022920 secs] 119468K->19082K(364160K), 0.0023380 secs] [Times: user=0.01 sys=0.00, real=0.00 secs] 
310.544: Total time for which application threads were stopped: 0.0041400 seconds, Stopping threads took: 0.0017200 seconds
310.637: Application time: 0.0932650 seconds
310.640: [GC310.640: [ParNew: 106354K->7323K(112448K), 0.0027350 secs] 119050K->20077K(364160K), 0.0027900 secs] [Times: user=0.02 sys=0.00, real=0.00 secs] 
310.643: Total time for which application threads were stopped: 0.0057670 seconds, Stopping threads took: 0.0028850 seconds
310.738: Application time: 0.0952360 seconds
310.741: [GC310.741: [ParNew: 107291K->6240K(112448K), 0.0021410 secs] 120045K->19079K(364160K), 0.0021940 secs] [Times: user=0.01 sys=0.00, real=0.00 secs] 
310.743: Total time for which application threads were stopped: 0.0050800 seconds, Stopping threads took: 0.0027940 seconds
310.842: Application time: 0.0983810 seconds
310.844: [GC310.844: [ParNew: 106208K->7909K(112448K), 0.0025160 secs] 119047K->20749K(364160K), 0.0025650 secs] [Times: user=0.02 sys=0.00, real=0.00 secs] 
310.847: Total time for which application threads were stopped: 0.0050750 seconds, Stopping threads took: 0.0024410 seconds
310.942: Application time: 0.0948350 seconds
310.943: [GC310.943: [ParNew: 107877K->5392K(112448K), 0.0020310 secs] 120717K->18232K(364160K), 0.0020730 secs] [Times: user=0.01 sys=0.00, real=0.00 secs] 
310.945: Total time for which application threads were stopped: 0.0037070 seconds, Stopping threads took: 0.0015620 seconds
311.046: Application time: 0.1004910 seconds
311.048: [GC311.048: [ParNew: 105360K->4857K(112448K), 0.0018760 secs] 118200K->17697K(364160K), 0.0019210 secs] [Times: user=0.01 sys=0.00, real=0.00 secs] 
311.050: Total time for which application threads were stopped: 0.0040520 seconds, Stopping threads took: 0.0020490 seconds
311.146: Application time: 0.0959870 seconds
311.149: [GC311.149: [ParNew: 104825K->6749K(112448K), 0.0023190 secs] 117665K->19589K(364160K), 0.0023620 secs] [Times: user=0.02 sys=0.00, real=0.00 secs] 
311.151: Total time for which application threads were stopped: 0.0054300 seconds, Stopping threads took: 0.0029900 seconds
311.249: Application time: 0.0979430 seconds
311.251: [GC311.251: [ParNew: 106717K->7117K(112448K), 0.0024730 secs] 119557K->20156K(364160K), 0.0025170 secs] [Times: user=0.02 sys=0.00, real=0.00 secs] 
311.254: Total time for which application threads were stopped: 0.0047200 seconds, Stopping threads took: 0.0021090 seconds
311.353: Application time: 0.0988440 seconds
311.354: [GC311.354: [ParNew: 107085K->5201K(112448K), 0.0020190 secs] 120124K->18269K(364160K), 0.0020640 secs] [Times: user=0.01 sys=0.00, real=0.00 secs] 
311.356: Total time for which application threads were stopped: 0.0036660 seconds, Stopping threads took: 0.0015290 seconds
311.454: Application time: 0.0978660 seconds
311.457: [GC311.457: [ParNew: 105169K->7145K(112448K), 0.0023490 secs] 118237K->20213K(364160K), 0.0023970 secs] [Times: user=0.02 sys=0.00, real=0.01 secs] 
311.459: Total time for which application threads were stopped: 0.0050370 seconds, Stopping threads took: 0.0025490 seconds
311.557: Application time: 0.0977670 seconds
311.559: [GC311.559: [ParNew: 107113K->6028K(112448K), 0.0020370 secs] 120181K->19124K(364160K), 0.0020820 secs] [Times: user=0.02 sys=0.00, real=0.01 secs] 
311.561: Total time for which application threads were stopped: 0.0037560 seconds, Stopping threads took: 0.0015710 seconds
311.655: Application time: 0.0945100 seconds
311.658: [GC311.658: [ParNew: 105996K->6646K(112448K), 0.0025380 secs] 119092K->19743K(364160K), 0.0025810 secs] [Times: user=0.02 sys=0.00, real=0.01 secs] 
311.660: Total time for which application threads were stopped: 0.0049930 seconds, Stopping threads took: 0.0023420 seconds
311.758: Application time: 0.0977330 seconds
311.760: [GC311.760: [ParNew: 106614K->6460K(112448K), 0.0022970 secs] 119711K->19727K(364160K), 0.0023450 secs] [Times: user=0.02 sys=0.00, real=0.00 secs] 
311.762: Total time for which application threads were stopped: 0.0042850 seconds, Stopping threads took: 0.0018670 seconds
311.859: Application time: 0.0965090 seconds
311.861: [GC311.861: [ParNew: 106428K->6644K(112448K), 0.0023650 secs] 119695K->19939K(364160K), 0.0024130 secs] [Times: user=0.01 sys=0.01, real=0.00 secs] 
311.864: Total time for which application threads were stopped: 0.0046950 seconds, Stopping threads took: 0.0021990 seconds
311.957: Application time: 0.0933290 seconds
311.959: [GC311.959: [ParNew: 106612K->7672K(112448K), 0.0027740 secs] 119907K->20967K(364160K), 0.0028290 secs] [Times: user=0.02 sys=0.00, real=0.01 secs] 
311.961: Total time for which application threads were stopped: 0.0044800 seconds, Stopping threads took: 0.0015680 seconds
312.057: Application time: 0.0954320 seconds
312.060: [GC312.060: [ParNew: 107640K->6661K(112448K), 0.0024100 secs] 120935K->19985K(364160K), 0.0024570 secs] [Times: user=0.01 sys=0.00, real=0.00 secs] 
312.062: Total time for which application threads were stopped: 0.0055480 seconds, Stopping threads took: 0.0029920 seconds
312.157: Application time: 0.0950270 seconds
312.160: [GC312.160: [ParNew: 106629K->7445K(112448K), 0.0026680 secs] 119953K->20827K(364160K), 0.0027110 secs] [Times: user=0.02 sys=0.00, real=0.00 secs] 
312.163: Total time for which application threads were stopped: 0.0055930 seconds, Stopping threads took: 0.0027910 seconds
312.256: Application time: 0.0934360 seconds
312.259: [GC312.259: [ParNew: 107413K->7593K(112448K), 0.0025430 secs] 120795K->21059K(364160K), 0.0025900 secs] [Times: user=0.02 sys=0.00, real=0.01 secs] 
312.262: Total time for which application threads were stopped: 0.0053410 seconds, Stopping threads took: 0.0026780 seconds
312.359: Application time: 0.0973100 seconds
312.362: [GC312.362: [ParNew: 107561K->7575K(112448K), 0.0024410 secs] 121027K->21099K(364160K), 0.0024880 secs] [Times: user=0.02 sys=0.00, real=0.00 secs] 
312.365: Total time for which application threads were stopped: 0.0053850 seconds, Stopping threads took: 0.0028030 seconds
312.459: Application time: 0.0945090 seconds
312.462: [GC312.462: [ParNew: 107543K->6342K(112448K), 0.0022340 secs] 121067K->19866K(364160K), 0.0022770 secs] [Times: user=0.02 sys=0.00, real=0.00 secs] 
312.464: Total time for which application threads were stopped: 0.0052710 seconds, Stopping threads took: 0.0029130 seconds
312.557: Application time: 0.0931340 seconds
312.560: [GC312.560: [ParNew: 106310K->6319K(112448K), 0.0021660 secs] 119834K->19871K(364160K), 0.0022070 secs] [Times: user=0.01 sys=0.00, real=0.00 secs] 
312.562: Total time for which application threads were stopped: 0.0044570 seconds, Stopping threads took: 0.0021560 seconds
312.658: Application time: 0.0963370 seconds
312.661: [GC312.661: [ParNew: 106287K->5407K(112448K), 0.0019260 secs] 119839K->19016K(364160K), 0.0019730 secs] [Times: user=0.01 sys=0.00, real=0.00 secs] 
312.663: Total time for which application threads were stopped: 0.0048330 seconds, Stopping threads took: 0.0027600 seconds
312.758: Application time: 0.0952780 seconds
312.761: [GC312.761: [ParNew: 105375K->6537K(112448K), 0.0022100 secs] 118984K->20146K(364160K), 0.0022550 secs] [Times: user=0.02 sys=0.00, real=0.00 secs] 
312.763: Total time for which application threads were stopped: 0.0047910 seconds, Stopping threads took: 0.0024630 seconds
312.858: Application time: 0.0948940 seconds
312.861: [GC312.861: [ParNew: 106505K->6766K(112448K), 0.0023030 secs] 120114K->20518K(364160K), 0.0023520 secs] [Times: user=0.01 sys=0.00, real=0.00 secs] 
312.863: Total time for which application threads were stopped: 0.0053080 seconds, Stopping threads took: 0.0028850 seconds
312.956: Application time: 0.0921640 seconds
312.957: [GC312.957: [ParNew: 106734K->7107K(112448K), 0.0023690 secs] 120486K->20859K(364160K), 0.0024170 secs] [Times: user=0.02 sys=0.00, real=0.01 secs] 
312.960: Total time for which application threads were stopped: 0.0042500 seconds, Stopping threads took: 0.0017520 seconds
313.056: Application time: 0.0965020 seconds
313.059: [GC313.059: [ParNew: 107075K->7805K(112448K), 0.0025840 secs] 120827K->21557K(364160K), 0.0026300 secs] [Times: user=0.02 sys=0.00, real=0.01 secs] 
313.062: Total time for which application threads were stopped: 0.0055560 seconds, Stopping threads took: 0.0028550 seconds
313.155: Application time: 0.0930780 seconds
313.158: [GC313.158: [ParNew: 107773K->6840K(112448K), 0.0022690 secs] 121525K->20678K(364160K), 0.0023150 secs] [Times: user=0.01 sys=0.00, real=0.01 secs] 
313.160: Total time for which application threads were stopped: 0.0051700 seconds, Stopping threads took: 0.0027730 seconds
313.256: Application time: 0.0959210 seconds
313.259: [GC313.259: [ParNew: 106808K->6875K(112448K), 0.0023600 secs] 120646K->20770K(364160K), 0.0024070 secs] [Times: user=0.02 sys=0.00, real=0.01 secs] 
313.261: Total time for which application threads were stopped: 0.0053550 seconds, Stopping threads took: 0.0028660 seconds
313.358: Application time: 0.0965170 seconds
313.361: [GC313.361: [ParNew: 106843K->6130K(112448K), 0.0020430 secs] 120738K->20110K(364160K), 0.0020890 secs] [Times: user=0.02 sys=0.00, real=0.00 secs] 
313.363: Total time for which application threads were stopped: 0.0053570 seconds, Stopping threads took: 0.0031960 seconds
313.457: Application time: 0.0935830 seconds
313.460: [GC313.460: [ParNew: 106098K->7005K(112448K), 0.0023550 secs] 120078K->20985K(364160K), 0.0024000 secs] [Times: user=0.02 sys=0.00, real=0.00 secs] 
313.462: Total time for which application threads were stopped: 0.0053860 seconds, Stopping threads took: 0.0029140 seconds
313.557: Application time: 0.0942920 seconds
313.558: [GC313.558: [ParNew: 106973K->6590K(112448K), 0.0023310 secs] 120953K->20570K(364160K), 0.0023750 secs] [Times: user=0.02 sys=0.00, real=0.01 secs] 
313.560: Total time for which application threads were stopped: 0.0039620 seconds, Stopping threads took: 0.0015140 seconds
313.655: Application time: 0.0942420 seconds
313.658: [GC313.658: [ParNew: 106558K->7479K(112448K), 0.0024990 secs] 120538K->21516K(364160K), 0.0025490 secs] [Times: user=0.01 sys=0.00, real=0.01 secs] 
313.660: Total time for which application threads were stopped: 0.0055500 seconds, Stopping threads took: 0.0029290 seconds
313.751: Application time: 0.0907740 seconds
313.753: [GC313.753: [ParNew: 107447K->6302K(112448K), 0.0020670 secs] 121484K->20424K(364160K), 0.0021180 secs] [Times: user=0.01 sys=0.00, real=0.00 secs] 
313.755: Total time for which application threads were stopped: 0.0043340 seconds, Stopping threads took: 0.0021430 seconds
313.846: Application time: 0.0908080 seconds
313.849: [GC313.849: [ParNew: 106270K->6494K(112448K), 0.0023620 secs] 120392K->20674K(364160K), 0.0024150 secs] [Times: user=0.02 sys=0.00, real=0.00 secs] 
313.851: Total time for which application threads were stopped: 0.0048290 seconds, Stopping threads took: 0.0023220 seconds
313.939: Application time: 0.0879770 seconds
313.942: [GC313.942: [ParNew: 106462K->7772K(112448K), 0.0025870 secs] 120642K->21980K(364160K), 0.0026330 secs] [Times: user=0.02 sys=0.00, real=0.00 secs] 
313.944: Total time for which application threads were stopped: 0.0052880 seconds, Stopping threads took: 0.0025840 seconds
314.034: Application time: 0.0895260 seconds
314.035: [GC314.035: [ParNew: 107740K->6833K(112448K), 0.0022640 secs] 121948K->21041K(364160K), 0.0023080 secs] [Times: user=0.02 sys=0.00, real=0.00 secs] 
314.037: Total time for which application threads were stopped: 0.0033500 seconds, Stopping threads took: 0.0009700 seconds
314.124: Application time: 0.0872170 seconds
314.126: [GC314.126: [ParNew: 106801K->7719K(112448K), 0.0026490 secs] 121009K->21956K(364160K), 0.0026930 secs] [Times: user=0.02 sys=0.00, real=0.01 secs] 
314.129: Total time for which application threads were stopped: 0.0042650 seconds, Stopping threads took: 0.0015000 seconds
314.216: Application time: 0.0869200 seconds
314.217: [GC314.217: [ParNew: 107687K->7176K(112448K), 0.0024670 secs] 121924K->21498K(364160K), 0.0025110 secs] [Times: user=0.02 sys=0.00, real=0.01 secs] 
314.220: Total time for which application threads were stopped: 0.0042550 seconds, Stopping threads took: 0.0016740 seconds
314.307: Application time: 0.0868170 seconds
314.309: [GC314.309: [ParNew: 107144K->7438K(112448K), 0.0025480 secs] 121466K->21846K(364160K), 0.0025890 secs] [Times: user=0.02 sys=0.00, real=0.00 secs] 
314.312: Total time for which application threads were stopped: 0.0049700 seconds, Stopping threads took: 0.0023040 seconds
314.402: Application time: 0.0902510 seconds
314.405: [GC314.405: [ParNew: 107406K->7752K(112448K), 0.0025230 secs] 121814K->22188K(364160K), 0.0025780 secs] [Times: user=0.02 sys=0.00, real=0.00 secs] 
314.407: Total time for which application threads were stopped: 0.0053650 seconds, Stopping threads took: 0.0027110 seconds
314.497: Application time: 0.0898330 seconds
314.499: [GC314.499: [ParNew: 107720K->7003K(112448K), 0.0022960 secs] 122156K->21440K(364160K), 0.0023410 secs] [Times: user=0.02 sys=0.00, real=0.01 secs] 
314.501: Total time for which application threads were stopped: 0.0040160 seconds, Stopping threads took: 0.0016040 seconds
314.591: Application time: 0.0899230 seconds
314.592: [GC314.592: [ParNew: 106971K->7038K(112448K), 0.0023150 secs] 121408K->21503K(364160K), 0.0023600 secs] [Times: user=0.01 sys=0.00, real=0.00 secs] 
314.594: Total time for which application threads were stopped: 0.0032560 seconds, Stopping threads took: 0.0008250 seconds
314.691: Application time: 0.0970190 seconds
314.693: [GC314.693: [ParNew: 107006K->7078K(112448K), 0.0024880 secs] 121471K->21629K(364160K), 0.0025330 secs] [Times: user=0.02 sys=0.00, real=0.00 secs] 
314.696: Total time for which application threads were stopped: 0.0043540 seconds, Stopping threads took: 0.0017510 seconds
314.784: Application time: 0.0885330 seconds
314.786: [GC314.786: [ParNew: 107046K->7100K(112448K), 0.0025580 secs] 121597K->21736K(364160K), 0.0026030 secs] [Times: user=0.02 sys=0.00, real=0.01 secs] 
314.788: Total time for which application threads were stopped: 0.0042140 seconds, Stopping threads took: 0.0015400 seconds
314.881: Application time: 0.0923250 seconds
314.882: [GC314.882: [ParNew: 107068K->6574K(112448K), 0.0021480 secs] 121704K->21238K(364160K), 0.0021920 secs] [Times: user=0.02 sys=0.00, real=0.00 secs] 
314.885: Total time for which application threads were stopped: 0.0038800 seconds, Stopping threads took: 0.0016190 seconds
314.981: Application time: 0.0961330 seconds
314.984: [GC314.984: [ParNew: 106542K->4219K(112448K), 0.0014780 secs] 121206K->18884K(364160K), 0.0015190 secs] [Times: user=0.01 sys=0.00, real=0.00 secs] 
314.985: Total time for which application threads were stopped: 0.0043350 seconds, Stopping threads took: 0.0027400 seconds
315.077: Application time: 0.0922570 seconds
315.080: [GC315.080: [ParNew: 104187K->7377K(112448K), 0.0025070 secs] 118852K->22042K(364160K), 0.0025510 secs] [Times: user=0.02 sys=0.00, real=0.00 secs] 
315.082: Total time for which application threads were stopped: 0.0050570 seconds, Stopping threads took: 0.0024130 seconds
315.174: Application time: 0.0915890 seconds
315.176: [GC315.176: [ParNew: 107345K->6366K(112448K), 0.0025040 secs] 122010K->21116K(364160K), 0.0025470 secs] [Times: user=0.01 sys=0.00, real=0.00 secs] 
315.178: Total time for which application threads were stopped: 0.0040900 seconds, Stopping threads took: 0.0014540 seconds
315.268: Application time: 0.0902210 seconds
315.272: [GC315.272: [ParNew: 106334K->5660K(112448K), 0.0019580 secs] 121084K->20496K(364160K), 0.0020020 secs] [Times: user=0.01 sys=0.00, real=0.00 secs] 
315.274: Total time for which application threads were stopped: 0.0052300 seconds, Stopping threads took: 0.0031480 seconds
315.364: Application time: 0.0905030 seconds
315.368: [GC315.368: [ParNew: 105628K->6045K(112448K), 0.0019650 secs] 120464K->20880K(364160K), 0.0020070 secs] [Times: user=0.01 sys=0.00, real=0.00 secs] 
315.370: Total time for which application threads were stopped: 0.0054890 seconds, Stopping threads took: 0.0034170 seconds
315.459: Application time: 0.0897590 seconds
315.461: [GC315.462: [ParNew: 106013K->7889K(112448K), 0.0027510 secs] 120848K->22724K(364160K), 0.0027960 secs] [Times: user=0.02 sys=0.00, real=0.00 secs] 
315.464: Total time for which application threads were stopped: 0.0049950 seconds, Stopping threads took: 0.0021300 seconds
315.555: Application time: 0.0906850 seconds
315.557: [GC315.557: [ParNew: 107857K->5482K(112448K), 0.0020680 secs] 122692K->20375K(364160K), 0.0021130 secs] [Times: user=0.01 sys=0.00, real=0.00 secs] 
315.559: Total time for which application threads were stopped: 0.0038230 seconds, Stopping threads took: 0.0016140 seconds
315.646: Application time: 0.0872820 seconds
315.649: [GC315.649: [ParNew: 105450K->6909K(112448K), 0.0027080 secs] 120343K->21801K(364160K), 0.0027550 secs] [Times: user=0.02 sys=0.00, real=0.00 secs] 
315.652: Total time for which application threads were stopped: 0.0058650 seconds, Stopping threads took: 0.0030220 seconds
315.740: Application time: 0.0880230 seconds
315.743: [GC315.743: [ParNew: 106877K->7685K(112448K), 0.0025090 secs] 121769K->22721K(364160K), 0.0025560 secs] [Times: user=0.02 sys=0.00, real=0.00 secs] 
315.746: Total time for which application threads were stopped: 0.0057870 seconds, Stopping threads took: 0.0031510 seconds
315.833: Application time: 0.0869700 seconds
315.835: [GC315.835: [ParNew: 107653K->6665K(112448K), 0.0022410 secs] 122689K->21786K(364160K), 0.0022870 secs] [Times: user=0.02 sys=0.00, real=0.00 secs] 
315.838: Total time for which application threads were stopped: 0.0049680 seconds, Stopping threads took: 0.0025920 seconds
315.928: Application time: 0.0899590 seconds
315.930: [GC315.930: [ParNew: 106633K->6142K(112448K), 0.0021510 secs] 121754K->21263K(364160K), 0.0021960 secs] [Times: user=0.01 sys=0.00, real=0.00 secs] 
315.932: Total time for which application threads were stopped: 0.0042500 seconds, Stopping threads took: 0.0019630 seconds
316.021: Application time: 0.0888870 seconds
316.023: [GC316.023: [ParNew: 106110K->6550K(112448K), 0.0022110 secs] 121231K->21671K(364160K), 0.0022570 secs] [Times: user=0.02 sys=0.00, real=0.00 secs] 
316.025: Total time for which application threads were stopped: 0.0040750 seconds, Stopping threads took: 0.0017460 seconds
316.113: Application time: 0.0883810 seconds
316.116: [GC316.116: [ParNew: 106518K->6672K(112448K), 0.0023150 secs] 121639K->21878K(364160K), 0.0023610 secs] [Times: user=0.02 sys=0.00, real=0.00 secs] 
316.118: Total time for which application threads were stopped: 0.0049300 seconds, Stopping threads took: 0.0024790 seconds
316.207: Application time: 0.0891160 seconds
316.210: [GC316.210: [ParNew: 106640K->6289K(112448K), 0.0021630 secs] 121846K->21552K(364160K), 0.0022080 secs] [Times: user=0.01 sys=0.00, real=0.00 secs] 
316.212: Total time for which application threads were stopped: 0.0047830 seconds, Stopping threads took: 0.0025070 seconds
316.299: Application time: 0.0868680 seconds
316.301: [GC316.301: [ParNew: 106257K->7742K(112448K), 0.0026500 secs] 121520K->23062K(364160K), 0.0026980 secs] [Times: user=0.02 sys=0.00, real=0.00 secs] 
316.304: Total time for which application threads were stopped: 0.0049910 seconds, Stopping threads took: 0.0022030 seconds
316.392: Application time: 0.0878510 seconds
316.394: [GC316.394: [ParNew: 107710K->7569K(112448K), 0.0026040 secs] 123030K->22918K(364160K), 0.0026480 secs] [Times: user=0.01 sys=0.00, real=0.00 secs] 
316.396: Total time for which application threads were stopped: 0.0045610 seconds, Stopping threads took: 0.0018430 seconds
316.488: Application time: 0.0912250 seconds
316.489: [GC316.489: [ParNew: 107537K->5802K(112448K), 0.0018900 secs] 122886K->21151K(364160K), 0.0019360 secs] [Times: user=0.01 sys=0.00, real=0.00 secs] 
316.491: Total time for which application threads were stopped: 0.0035420 seconds, Stopping threads took: 0.0015320 seconds
316.585: Application time: 0.0942660 seconds
316.587: [GC316.587: [ParNew: 105770K->5584K(112448K), 0.0020370 secs] 121119K->20933K(364160K), 0.0020800 secs] [Times: user=0.01 sys=0.00, real=0.01 secs] 
316.589: Total time for which application threads were stopped: 0.0034150 seconds, Stopping threads took: 0.0012650 seconds
316.677: Application time: 0.0885840 seconds
316.680: [GC316.680: [ParNew: 105552K->7375K(112448K), 0.0024100 secs] 120901K->22724K(364160K), 0.0024510 secs] [Times: user=0.02 sys=0.00, real=0.00 secs] 
316.683: Total time for which application threads were stopped: 0.0050720 seconds, Stopping threads took: 0.0025460 seconds
316.770: Application time: 0.0877280 seconds
316.773: [GC316.773: [ParNew: 107343K->7277K(112448K), 0.0025680 secs] 122692K->22825K(364160K), 0.0026210 secs] [Times: user=0.01 sys=0.01, real=0.00 secs] 
316.775: Total time for which application threads were stopped: 0.0052410 seconds, Stopping threads took: 0.0025510 seconds
316.865: Application time: 0.0891910 seconds
316.867: [GC316.867: [ParNew: 107245K->6569K(112448K), 0.0042740 secs] 122793K->22146K(364160K), 0.0043160 secs] [Times: user=0.02 sys=0.00, real=0.01 secs] 
316.872: Total time for which application threads were stopped: 0.0068190 seconds, Stopping threads took: 0.0024360 seconds
316.962: Application time: 0.0902630 seconds
316.964: [GC316.964: [ParNew: 106536K->7066K(112448K), 0.0024350 secs] 122113K->22643K(364160K), 0.0024770 secs] [Times: user=0.01 sys=0.00, real=0.00 secs] 
316.966: Total time for which application threads were stopped: 0.0042990 seconds, Stopping threads took: 0.0017420 seconds
317.054: Application time: 0.0877860 seconds
317.056: [GC317.056: [ParNew: 107034K->6368K(112448K), 0.0022480 secs] 122611K->21974K(364160K), 0.0022900 secs] [Times: user=0.01 sys=0.00, real=0.00 secs] 
317.059: Total time for which application threads were stopped: 0.0048440 seconds, Stopping threads took: 0.0024630 seconds
317.146: Application time: 0.0877810 seconds
317.148: [GC317.148: [ParNew: 106336K->6593K(112448K), 0.0025110 secs] 121942K->22284K(364160K), 0.0025510 secs] [Times: user=0.01 sys=0.00, real=0.00 secs] 
317.151: Total time for which application threads were stopped: 0.0044240 seconds, Stopping threads took: 0.0018020 seconds
317.239: Application time: 0.0876630 seconds
317.241: [GC317.241: [ParNew: 106561K->6280K(112448K), 0.0021530 secs] 122252K->22056K(364160K), 0.0021950 secs] [Times: user=0.01 sys=0.00, real=0.00 secs] 
317.243: Total time for which application threads were stopped: 0.0046320 seconds, Stopping threads took: 0.0023380 seconds
317.330: Application time: 0.0868010 seconds
317.332: [GC317.332: [ParNew: 106248K->7339K(112448K), 0.0025140 secs] 122024K->23144K(364160K), 0.0025620 secs] [Times: user=0.02 sys=0.00, real=0.00 secs] 
317.335: Total time for which application threads were stopped: 0.0045060 seconds, Stopping threads took: 0.0018720 seconds
317.423: Application time: 0.0889460 seconds
317.425: [GC317.425: [ParNew: 107307K->6337K(112448K), 0.0021930 secs] 123112K->22142K(364160K), 0.0022380 secs] [Times: user=0.01 sys=0.00, real=0.01 secs] 
317.427: Total time for which application threads were stopped: 0.0040160 seconds, Stopping threads took: 0.0017090 seconds
317.516: Application time: 0.0882660 seconds
317.518: [GC317.518: [ParNew: 106305K->6171K(112448K), 0.0021040 secs] 122110K->21976K(364160K), 0.0021490 secs] [Times: user=0.02 sys=0.00, real=0.01 secs] 
317.520: Total time for which application threads were stopped: 0.0039780 seconds, Stopping threads took: 0.0017490 seconds
317.608: Application time: 0.0883130 seconds
317.611: [GC317.611: [ParNew: 106139K->6762K(112448K), 0.0021820 secs] 121944K->22567K(364160K), 0.0022260 secs] [Times: user=0.02 sys=0.00, real=0.00 secs] 
317.613: Total time for which application threads were stopped: 0.0051730 seconds, Stopping threads took: 0.0028570 seconds
317.706: Application time: 0.0932590 seconds
317.709: [GC317.709: [ParNew: 106730K->6303K(112448K), 0.0021910 secs] 122535K->22308K(364160K), 0.0022400 secs] [Times: user=0.02 sys=0.00, real=0.00 secs] 
317.711: Total time for which application threads were stopped: 0.0049280 seconds, Stopping threads took: 0.0026150 seconds
317.807: Application time: 0.0954760 seconds
317.809: [GC317.809: [ParNew: 106271K->7286K(112448K), 0.0024220 secs] 122276K->23319K(364160K), 0.0024650 secs] [Times: user=0.01 sys=0.00, real=0.00 secs] 
317.812: Total time for which application threads were stopped: 0.0046410 seconds, Stopping threads took: 0.0020960 seconds
317.907: Application time: 0.0956990 seconds
317.909: [GC317.909: [ParNew: 107254K->5145K(112448K), 0.0017100 secs] 123287K->21178K(364160K), 0.0017530 secs] [Times: user=0.01 sys=0.00, real=0.00 secs] 
317.911: Total time for which application threads were stopped: 0.0035920 seconds, Stopping threads took: 0.0017580 seconds
318.013: Application time: 0.1019220 seconds
318.016: [GC318.016: [ParNew: 105113K->6622K(112448K), 0.0022200 secs] 121146K->22655K(364160K), 0.0022660 secs] [Times: user=0.01 sys=0.00, real=0.00 secs] 
318.018: Total time for which application threads were stopped: 0.0053540 seconds, Stopping threads took: 0.0030140 seconds
318.112: Application time: 0.0941680 seconds
318.115: [GC318.115: [ParNew: 106590K->6901K(112448K), 0.0023140 secs] 122623K->23020K(364160K), 0.0023580 secs] [Times: user=0.01 sys=0.00, real=0.00 secs] 
318.117: Total time for which application threads were stopped: 0.0050640 seconds, Stopping threads took: 0.0026340 seconds
318.213: Application time: 0.0957940 seconds
318.216: [GC318.216: [ParNew: 106869K->7190K(112448K), 0.0024740 secs] 122988K->23423K(364160K), 0.0025190 secs] [Times: user=0.02 sys=0.00, real=0.00 secs] 
318.219: Total time for which application threads were stopped: 0.0056820 seconds, Stopping threads took: 0.0030920 seconds
318.311: Application time: 0.0926520 seconds
318.314: [GC318.315: [ParNew: 107158K->7181K(112448K), 0.0024780 secs] 123391K->23442K(364160K), 0.0025240 secs] [Times: user=0.01 sys=0.00, real=0.00 secs] 
318.317: Total time for which application threads were stopped: 0.0055600 seconds, Stopping threads took: 0.0029540 seconds
318.414: Application time: 0.0974380 seconds
318.418: [GC318.418: [ParNew: 107149K->6144K(112448K), 0.0022660 secs] 123410K->22406K(364160K), 0.0023050 secs] [Times: user=0.01 sys=0.00, real=0.01 secs] 
318.420: Total time for which application threads were stopped: 0.0054790 seconds, Stopping threads took: 0.0031030 seconds
318.513: Application time: 0.0930790 seconds
318.516: [GC318.516: [ParNew: 106112K->7838K(112448K), 0.0026030 secs] 122374K->24099K(364160K), 0.0026510 secs] [Times: user=0.02 sys=0.00, real=0.00 secs] 
318.518: Total time for which application threads were stopped: 0.0053760 seconds, Stopping threads took: 0.0026500 seconds
318.611: Application time: 0.0927760 seconds
318.614: [GC318.614: [ParNew: 107806K->7253K(112448K), 0.0024570 secs] 124067K->23600K(364160K), 0.0025070 secs] [Times: user=0.02 sys=0.00, real=0.00 secs] 
318.616: Total time for which application threads were stopped: 0.0050180 seconds, Stopping threads took: 0.0024190 seconds
318.713: Application time: 0.0971550 seconds
318.717: [GC318.717: [ParNew: 107221K->7946K(112448K), 0.0026520 secs] 123568K->24350K(364160K), 0.0026980 secs] [Times: user=0.01 sys=0.00, real=0.01 secs] 
318.719: Total time for which application threads were stopped: 0.0059880 seconds, Stopping threads took: 0.0032180 seconds
318.816: Application time: 0.0966330 seconds
318.819: [GC318.819: [ParNew: 107914K->6593K(112448K), 0.0022630 secs] 124318K->23054K(364160K), 0.0023100 secs] [Times: user=0.01 sys=0.00, real=0.01 secs] 
318.821: Total time for which application threads were stopped: 0.0054350 seconds, Stopping threads took: 0.0030470 seconds
318.914: Application time: 0.0928290 seconds
318.916: [GC318.916: [ParNew: 106561K->5975K(112448K), 0.0019630 secs] 123022K->22464K(364160K), 0.0020060 secs] [Times: user=0.01 sys=0.00, real=0.00 secs] 
318.918: Total time for which application threads were stopped: 0.0035870 seconds, Stopping threads took: 0.0015070 seconds
319.013: Application time: 0.0954080 seconds
319.016: [GC319.016: [ParNew: 105943K->6212K(112448K), 0.0022530 secs] 122432K->22702K(364160K), 0.0022980 secs] [Times: user=0.01 sys=0.00, real=0.00 secs] 
319.019: Total time for which application threads were stopped: 0.0053830 seconds, Stopping threads took: 0.0029940 seconds
319.115: Application time: 0.0960460 seconds
319.117: [GC319.117: [ParNew: 106180K->7113K(112448K), 0.0025840 secs] 122670K->23602K(364160K), 0.0026300 secs] [Times: user=0.02 sys=0.00, real=0.01 secs] 
319.120: Total time for which application threads were stopped: 0.0049690 seconds, Stopping threads took: 0.0022670 seconds
319.214: Application time: 0.0945190 seconds
319.217: [GC319.217: [ParNew: 107081K->5929K(112448K), 0.0022360 secs] 123570K->22561K(364160K), 0.0022910 secs] [Times: user=0.01 sys=0.01, real=0.01 secs] 
319.220: Total time for which application threads were stopped: 0.0053060 seconds, Stopping threads took: 0.0029220 seconds
319.312: Application time: 0.0925070 seconds
319.315: [GC319.315: [ParNew: 105897K->6622K(112448K), 0.0021550 secs] 122529K->23254K(364160K), 0.0022000 secs] [Times: user=0.01 sys=0.00, real=0.00 secs] 
319.317: Total time for which application threads were stopped: 0.0049310 seconds, Stopping threads took: 0.0026380 seconds
319.412: Application time: 0.0946690 seconds
319.415: [GC319.415: [ParNew: 106590K->6763K(112448K), 0.0023040 secs] 123222K->23480K(364160K), 0.0023530 secs] [Times: user=0.02 sys=0.00, real=0.00 secs] 
319.417: Total time for which application threads were stopped: 0.0055840 seconds, Stopping threads took: 0.0031440 seconds
319.513: Application time: 0.0962520 seconds
319.516: [GC319.516: [ParNew: 106731K->7319K(112448K), 0.0024860 secs] 123448K->24036K(364160K), 0.0025290 secs] [Times: user=0.02 sys=0.00, real=0.00 secs] 
319.519: Total time for which application threads were stopped: 0.0054340 seconds, Stopping threads took: 0.0028240 seconds
319.615: Application time: 0.0957960 seconds
319.618: [GC319.618: [ParNew: 107287K->6521K(112448K), 0.0022320 secs] 124004K->23296K(364160K), 0.0022800 secs] [Times: user=0.02 sys=0.00, real=0.01 secs] 
319.620: Total time for which application threads were stopped: 0.0052340 seconds, Stopping threads took: 0.0028810 seconds
319.714: Application time: 0.0940970 seconds
319.717: [GC319.717: [ParNew: 106489K->6735K(112448K), 0.0022680 secs] 123264K->23595K(364160K), 0.0023130 secs] [Times: user=0.01 sys=0.00, real=0.00 secs] 
319.719: Total time for which application threads were stopped: 0.0051810 seconds, Stopping threads took: 0.0027960 seconds
319.813: Application time: 0.0935710 seconds
319.815: [GC319.815: [ParNew: 106703K->7703K(112448K), 0.0025520 secs] 123563K->24620K(364160K), 0.0025980 secs] [Times: user=0.02 sys=0.00, real=0.00 secs] 
319.818: Total time for which application threads were stopped: 0.0051410 seconds, Stopping threads took: 0.0024610 seconds
319.916: Application time: 0.0979170 seconds
319.918: [GC319.918: [ParNew: 107671K->6032K(112448K), 0.0020560 secs] 124588K->22978K(364160K), 0.0021010 secs] [Times: user=0.01 sys=0.00, real=0.01 secs] 
319.920: Total time for which application threads were stopped: 0.0042870 seconds, Stopping threads took: 0.0021070 seconds
320.014: Application time: 0.0941030 seconds
320.017: [GC320.017: [ParNew: 106000K->7445K(112448K), 0.0024520 secs] 122946K->24391K(364160K), 0.0025000 secs] [Times: user=0.02 sys=0.00, real=0.00 secs] 
320.019: Total time for which application threads were stopped: 0.0048390 seconds, Stopping threads took: 0.0022490 seconds
320.112: Application time: 0.0929450 seconds
320.115: [GC320.115: [ParNew: 107413K->7473K(112448K), 0.0025090 secs] 124359K->24448K(364160K), 0.0025530 secs] [Times: user=0.02 sys=0.00, real=0.00 secs] 
320.117: Total time for which application threads were stopped: 0.0053760 seconds, Stopping threads took: 0.0027320 seconds
320.214: Application time: 0.0963670 seconds
320.217: [GC320.217: [ParNew: 107441K->6864K(112448K), 0.0024010 secs] 124416K->23953K(364160K), 0.0024480 secs] [Times: user=0.02 sys=0.00, real=0.01 secs] 
320.220: Total time for which application threads were stopped: 0.0057610 seconds, Stopping threads took: 0.0032390 seconds
320.313: Application time: 0.0930980 seconds
320.313: [GC320.313: [ParNew: 106832K->6382K(112448K), 0.0037660 secs] 123921K->23498K(364160K), 0.0038170 secs] [Times: user=0.02 sys=0.00, real=0.00 secs] 
320.317: Total time for which application threads were stopped: 0.0045110 seconds, Stopping threads took: 0.0006240 seconds
320.411: Application time: 0.0935840 seconds
320.413: [GC320.413: [ParNew: 106350K->7459K(112448K), 0.0025540 secs] 123466K->24632K(364160K), 0.0026030 secs] [Times: user=0.02 sys=0.00, real=0.00 secs] 
320.416: Total time for which application threads were stopped: 0.0048190 seconds, Stopping threads took: 0.0021390 seconds
320.512: Application time: 0.0966860 seconds
320.516: [GC320.516: [ParNew: 107427K->6744K(112448K), 0.0023860 secs] 124600K->23918K(364160K), 0.0024290 secs] [Times: user=0.01 sys=0.00, real=0.00 secs] 
320.518: Total time for which application threads were stopped: 0.0058450 seconds, Stopping threads took: 0.0033300 seconds
320.610: Application time: 0.0919650 seconds
320.613: [GC320.613: [ParNew: 106712K->6985K(112448K), 0.0023050 secs] 123886K->24159K(364160K), 0.0023530 secs] [Times: user=0.02 sys=0.00, real=0.00 secs] 
320.615: Total time for which application threads were stopped: 0.0052760 seconds, Stopping threads took: 0.0028470 seconds
320.712: Application time: 0.0971380 seconds
320.714: [GC320.715: [ParNew: 106953K->5804K(112448K), 0.0022320 secs] 124127K->23092K(364160K), 0.0022810 secs] [Times: user=0.02 sys=0.00, real=0.00 secs] 
320.717: Total time for which application threads were stopped: 0.0043220 seconds, Stopping threads took: 0.0019490 seconds
320.810: Application time: 0.0935190 seconds
320.813: [GC320.813: [ParNew: 105772K->6881K(112448K), 0.0022980 secs] 123060K->24169K(364160K), 0.0023430 secs] [Times: user=0.01 sys=0.00, real=0.00 secs] 
320.815: Total time for which application threads were stopped: 0.0048120 seconds, Stopping threads took: 0.0023790 seconds
320.909: Application time: 0.0935920 seconds
320.912: [GC320.912: [ParNew: 106849K->7418K(112448K), 0.0025370 secs] 124137K->24820K(364160K), 0.0025810 secs] [Times: user=0.02 sys=0.00, real=0.00 secs] 
320.914: Total time for which application threads were stopped: 0.0055080 seconds, Stopping threads took: 0.0028560 seconds
321.012: Application time: 0.0978780 seconds
321.014: [GC321.014: [ParNew: 107386K->6649K(112448K), 0.0024030 secs] 124788K->24051K(364160K), 0.0024510 secs] [Times: user=0.02 sys=0.00, real=0.00 secs] 
321.016: Total time for which application threads were stopped: 0.0039640 seconds, Stopping threads took: 0.0014400 seconds
321.111: Application time: 0.0952190 seconds
321.113: [GC321.113: [ParNew: 106617K->4360K(112448K), 0.0016780 secs] 124019K->21762K(364160K), 0.0017220 secs] [Times: user=0.01 sys=0.00, real=0.00 secs] 
321.115: Total time for which application threads were stopped: 0.0036150 seconds, Stopping threads took: 0.0017940 seconds
321.209: Application time: 0.0943310 seconds
321.212: [GC321.212: [ParNew: 104328K->7699K(112448K), 0.0025420 secs] 121730K->25101K(364160K), 0.0025900 secs] [Times: user=0.02 sys=0.00, real=0.00 secs] 
321.214: Total time for which application threads were stopped: 0.0050030 seconds, Stopping threads took: 0.0023180 seconds
321.309: Application time: 0.0950300 seconds
321.311: [GC321.311: [ParNew: 107667K->7146K(112448K), 0.0026070 secs] 125069K->24719K(364160K), 0.0026530 secs] [Times: user=0.02 sys=0.00, real=0.00 secs] 
321.314: Total time for which application threads were stopped: 0.0044490 seconds, Stopping threads took: 0.0017220 seconds
321.413: Application time: 0.0996730 seconds
321.415: [GC321.415: [ParNew: 107114K->5610K(112448K), 0.0019350 secs] 124687K->23240K(364160K), 0.0019800 secs] [Times: user=0.01 sys=0.00, real=0.00 secs] 
321.417: Total time for which application threads were stopped: 0.0032620 seconds, Stopping threads took: 0.0011910 seconds
321.513: Application time: 0.0959500 seconds
321.514: [GC321.514: [ParNew: 105578K->4993K(112448K), 0.0018820 secs] 123208K->22623K(364160K), 0.0019250 secs] [Times: user=0.01 sys=0.00, real=0.00 secs] 
321.516: Total time for which application threads were stopped: 0.0036680 seconds, Stopping threads took: 0.0016530 seconds
321.612: Application time: 0.0958110 seconds
321.615: [GC321.615: [ParNew: 104961K->6945K(112448K), 0.0024430 secs] 122591K->24575K(364160K), 0.0024870 secs] [Times: user=0.02 sys=0.00, real=0.00 secs] 
321.617: Total time for which application threads were stopped: 0.0050860 seconds, Stopping threads took: 0.0024960 seconds
321.706: Application time: 0.0888800 seconds
321.709: [GC321.709: [ParNew: 106913K->7635K(112448K), 0.0027480 secs] 124543K->25350K(364160K), 0.0028030 secs] [Times: user=0.02 sys=0.00, real=0.00 secs] 
321.712: Total time for which application threads were stopped: 0.0057040 seconds, Stopping threads took: 0.0028340 seconds
321.801: Application time: 0.0893070 seconds
321.804: [GC321.804: [ParNew: 107603K->6667K(112448K), 0.0025280 secs] 125318K->24440K(364160K), 0.0025690 secs] [Times: user=0.01 sys=0.00, real=0.00 secs] 
321.807: Total time for which application threads were stopped: 0.0056050 seconds, Stopping threads took: 0.0029580 seconds
321.896: Application time: 0.0897100 seconds
321.899: [GC321.899: [ParNew: 106635K->5715K(112448K), 0.0021060 secs] 124408K->23544K(364160K), 0.0021500 secs] [Times: user=0.01 sys=0.01, real=0.01 secs] 
321.901: Total time for which application threads were stopped: 0.0048750 seconds, Stopping threads took: 0.0026520 seconds
321.990: Application time: 0.0883930 seconds
321.992: [GC321.992: [ParNew: 105683K->5953K(112448K), 0.0019440 secs] 123512K->23783K(364160K), 0.0019850 secs] [Times: user=0.01 sys=0.00, real=0.00 secs] 
321.994: Total time for which application threads were stopped: 0.0047340 seconds, Stopping threads took: 0.0026800 seconds
322.084: Application time: 0.0898660 seconds
322.086: [GC322.086: [ParNew: 105921K->7064K(112448K), 0.0024960 secs] 123751K->24894K(364160K), 0.0025440 secs] [Times: user=0.01 sys=0.00, real=0.01 secs] 
322.089: Total time for which application threads were stopped: 0.0047370 seconds, Stopping threads took: 0.0021220 seconds
322.178: Application time: 0.0885420 seconds
322.180: [GC322.180: [ParNew: 107032K->5900K(112448K), 0.0020470 secs] 124862K->23815K(364160K), 0.0020930 secs] [Times: user=0.02 sys=0.00, real=0.00 secs] 
322.182: Total time for which application threads were stopped: 0.0040900 seconds, Stopping threads took: 0.0019200 seconds
322.271: Application time: 0.0897120 seconds
322.274: [GC322.274: [ParNew: 105868K->6418K(112448K), 0.0021780 secs] 123783K->24333K(364160K), 0.0022230 secs] [Times: user=0.02 sys=0.00, real=0.00 secs] 
322.276: Total time for which application threads were stopped: 0.0050310 seconds, Stopping threads took: 0.0027180 seconds
322.364: Application time: 0.0879350 seconds
322.366: [GC322.366: [ParNew: 106386K->7700K(112448K), 0.0027080 secs] 124301K->25758K(364160K), 0.0027550 secs] [Times: user=0.02 sys=0.00, real=0.01 secs] 
322.369: Total time for which application threads were stopped: 0.0047880 seconds, Stopping threads took: 0.0019530 seconds
322.459: Application time: 0.0899420 seconds
322.462: [GC322.462: [ParNew: 107668K->6697K(112448K), 0.0021870 secs] 125726K->24783K(364160K), 0.0022340 secs] [Times: user=0.02 sys=0.00, real=0.00 secs] 
322.464: Total time for which application threads were stopped: 0.0046900 seconds, Stopping threads took: 0.0023850 seconds
322.557: Application time: 0.0930340 seconds
322.559: [GC322.559: [ParNew: 106665K->7570K(112448K), 0.0024920 secs] 124751K->25657K(364160K), 0.0025380 secs] [Times: user=0.02 sys=0.00, real=0.01 secs] 
322.562: Total time for which application threads were stopped: 0.0049290 seconds, Stopping threads took: 0.0023200 seconds
322.650: Application time: 0.0878110 seconds
322.651: [GC322.651: [ParNew: 107538K->6633K(112448K), 0.0021860 secs] 125625K->24747K(364160K), 0.0022360 secs] [Times: user=0.01 sys=0.01, real=0.00 secs] 
322.653: Total time for which application threads were stopped: 0.0038910 seconds, Stopping threads took: 0.0015830 seconds
322.746: Application time: 0.0924760 seconds
322.748: [GC322.748: [ParNew: 106601K->6416K(112448K), 0.0022030 secs] 124715K->24645K(364160K), 0.0022460 secs] [Times: user=0.01 sys=0.00, real=0.00 secs] 
322.750: Total time for which application threads were stopped: 0.0039490 seconds, Stopping threads took: 0.0016090 seconds
322.839: Application time: 0.0894430 seconds
322.842: [GC322.842: [ParNew: 106384K->7284K(112448K), 0.0023230 secs] 124613K->25570K(364160K), 0.0023690 secs] [Times: user=0.02 sys=0.00, real=0.00 secs] 
322.844: Total time for which application threads were stopped: 0.0048740 seconds, Stopping threads took: 0.0024260 seconds
322.938: Application time: 0.0939420 seconds
322.941: [GC322.941: [ParNew: 107252K->7280K(112448K), 0.0025580 secs] 125538K->25595K(364160K), 0.0026050 secs] [Times: user=0.02 sys=0.00, real=0.00 secs] 
322.944: Total time for which application threads were stopped: 0.0054680 seconds, Stopping threads took: 0.0027820 seconds
323.037: Application time: 0.0936350 seconds
323.039: [GC323.039: [ParNew: 107248K->6551K(112448K), 0.0023480 secs] 125563K->24865K(364160K), 0.0023910 secs] [Times: user=0.02 sys=0.00, real=0.00 secs] 
323.042: Total time for which application threads were stopped: 0.0044930 seconds, Stopping threads took: 0.0020050 seconds
323.132: Application time: 0.0902120 seconds
323.134: [GC323.134: [ParNew: 106519K->6308K(112448K), 0.0020960 secs] 124833K->24623K(364160K), 0.0021420 secs] [Times: user=0.02 sys=0.00, real=0.00 secs] 
323.136: Total time for which application threads were stopped: 0.0045020 seconds, Stopping threads took: 0.0022770 seconds
323.224: Application time: 0.0872460 seconds
323.227: [GC323.227: [ParNew: 106276K->7852K(112448K), 0.0026440 secs] 124591K->26309K(364160K), 0.0026910 secs] [Times: user=0.02 sys=0.00, real=0.01 secs] 
323.229: Total time for which application threads were stopped: 0.0055220 seconds, Stopping threads took: 0.0027620 seconds
323.320: Application time: 0.0906210 seconds
323.322: [GC323.322: [ParNew: 107820K->7667K(112448K), 0.0025500 secs] 126277K->26181K(364160K), 0.0025990 secs] [Times: user=0.02 sys=0.00, real=0.00 secs] 
323.325: Total time for which application threads were stopped: 0.0047380 seconds, Stopping threads took: 0.0020580 seconds
323.412: Application time: 0.0875050 seconds
323.414: [GC323.414: [ParNew: 107635K->6915K(112448K), 0.0024090 secs] 126149K->25458K(364160K), 0.0024510 secs] [Times: user=0.02 sys=0.00, real=0.00 secs] 
323.417: Total time for which application threads were stopped: 0.0044760 seconds, Stopping threads took: 0.0019570 seconds
323.507: Application time: 0.0901810 seconds
323.510: [GC323.510: [ParNew: 106883K->7901K(112448K), 0.0025820 secs] 125426K->26443K(364160K), 0.0026300 secs] [Times: user=0.02 sys=0.00, real=0.00 secs] 
323.512: Total time for which application threads were stopped: 0.0054080 seconds, Stopping threads took: 0.0027100 seconds
323.599: Application time: 0.0869780 seconds
323.602: [GC323.602: [ParNew: 107869K->8027K(112448K), 0.0026740 secs] 126411K->26569K(364160K), 0.0027200 secs] [Times: user=0.02 sys=0.00, real=0.00 secs] 
323.605: Total time for which application threads were stopped: 0.0055600 seconds, Stopping threads took: 0.0027750 seconds
323.694: Application time: 0.0897260 seconds
323.697: [GC323.697: [ParNew: 107995K->5920K(112448K), 0.0020650 secs] 126537K->24576K(364160K), 0.0021120 secs] [Times: user=0.02 sys=0.00, real=0.00 secs] 
323.699: Total time for which application threads were stopped: 0.0045710 seconds, Stopping threads took: 0.0023890 seconds
323.787: Application time: 0.0880760 seconds
323.789: [GC323.789: [ParNew: 105888K->5914K(112448K), 0.0021410 secs] 124544K->24570K(364160K), 0.0021870 secs] [Times: user=0.01 sys=0.00, real=0.00 secs] 
323.791: Total time for which application threads were stopped: 0.0038570 seconds, Stopping threads took: 0.0015980 seconds
323.883: Application time: 0.0921430 seconds
323.886: [GC323.886: [ParNew: 105882K->6958K(112448K), 0.0024820 secs] 124538K->25614K(364160K), 0.0025300 secs] [Times: user=0.02 sys=0.00, real=0.01 secs] 
323.889: Total time for which application threads were stopped: 0.0055870 seconds, Stopping threads took: 0.0029780 seconds
323.977: Application time: 0.0884160 seconds
323.979: [GC323.979: [ParNew: 106926K->7777K(112448K), 0.0026380 secs] 125582K->26548K(364160K), 0.0026820 secs] [Times: user=0.02 sys=0.00, real=0.01 secs] 
323.982: Total time for which application threads were stopped: 0.0047910 seconds, Stopping threads took: 0.0020400 seconds
324.073: Application time: 0.0909950 seconds
324.076: [GC324.076: [ParNew: 107745K->6921K(112448K), 0.0022810 secs] 126516K->25692K(364160K), 0.0023340 secs] [Times: user=0.02 sys=0.00, real=0.00 secs] 
324.078: Total time for which application threads were stopped: 0.0054430 seconds, Stopping threads took: 0.0030380 seconds
324.167: Application time: 0.0888170 seconds
324.168: [GC324.168: [ParNew: 106889K->6308K(112448K), 0.0022000 secs] 125660K->25165K(364160K), 0.0022470 secs] [Times: user=0.02 sys=0.00, real=0.00 secs] 
324.171: Total time for which application threads were stopped: 0.0034730 seconds, Stopping threads took: 0.0011320 seconds
324.264: Application time: 0.0933190 seconds
324.265: [GC324.265: [ParNew: 106276K->5004K(112448K), 0.0016550 secs] 125133K->23946K(364160K), 0.0016990 secs] [Times: user=0.01 sys=0.00, real=0.00 secs] 
324.267: Total time for which application threads were stopped: 0.0032310 seconds, Stopping threads took: 0.0014620 seconds
324.357: Application time: 0.0902320 seconds
324.360: [GC324.360: [ParNew: 104972K->7787K(112448K), 0.0025640 secs] 123914K->26729K(364160K), 0.0026090 secs] [Times: user=0.01 sys=0.00, real=0.00 secs] 
324.363: Total time for which application threads were stopped: 0.0054170 seconds, Stopping threads took: 0.0027380 seconds
324.452: Application time: 0.0896580 seconds
324.456: [GC324.456: [ParNew: 107755K->6974K(112448K), 0.0024880 secs] 126697K->25973K(364160K), 0.0025360 secs] [Times: user=0.01 sys=0.00, real=0.00 secs] 
324.459: Total time for which application threads were stopped: 0.0060380 seconds, Stopping threads took: 0.0034180 seconds
324.551: Application time: 0.0923810 seconds
324.554: [GC324.554: [ParNew: 106942K->7554K(112448K), 0.0024990 secs] 125941K->26553K(364160K), 0.0025460 secs] [Times: user=0.01 sys=0.00, real=0.00 secs] 
324.556: Total time for which application threads were stopped: 0.0051750 seconds, Stopping threads took: 0.0025550 seconds
324.644: Application time: 0.0878650 seconds
324.647: [GC324.647: [ParNew: 107522K->6805K(112448K), 0.0022960 secs] 126521K->25861K(364160K), 0.0023390 secs] [Times: user=0.02 sys=0.00, real=0.01 secs] 
324.649: Total time for which application threads were stopped: 0.0049150 seconds, Stopping threads took: 0.0024870 seconds
324.739: Application time: 0.0900320 seconds
324.742: [GC324.742: [ParNew: 106773K->5833K(112448K), 0.0020200 secs] 125829K->24975K(364160K), 0.0020660 secs] [Times: user=0.02 sys=0.00, real=0.00 secs] 
324.744: Total time for which application threads were stopped: 0.0047950 seconds, Stopping threads took: 0.0026580 seconds
324.833: Application time: 0.0891450 seconds
324.835: [GC324.835: [ParNew: 105801K->7268K(112448K), 0.0024370 secs] 124943K->26410K(364160K), 0.0024790 secs] [Times: user=0.02 sys=0.00, real=0.00 secs] 
324.838: Total time for which application threads were stopped: 0.0049500 seconds, Stopping threads took: 0.0023930 seconds
324.927: Application time: 0.0895410 seconds
324.929: [GC324.929: [ParNew: 107236K->5759K(112448K), 0.0018960 secs] 126377K->24985K(364160K), 0.0019370 secs] [Times: user=0.01 sys=0.00, real=0.00 secs] 
324.931: Total time for which application threads were stopped: 0.0036350 seconds, Stopping threads took: 0.0016270 seconds
325.022: Application time: 0.0913900 seconds
325.025: [GC325.025: [ParNew: 105727K->6759K(112448K), 0.0022220 secs] 124953K->25986K(364160K), 0.0022640 secs] [Times: user=0.01 sys=0.00, real=0.01 secs] 
325.028: Total time for which application threads were stopped: 0.0051600 seconds, Stopping threads took: 0.0028100 seconds
325.116: Application time: 0.0881490 seconds
325.118: [GC325.118: [ParNew: 106727K->6816K(112448K), 0.0023880 secs] 125954K->26100K(364160K), 0.0024330 secs] [Times: user=0.02 sys=0.00, real=0.01 secs] 
325.120: Total time for which application threads were stopped: 0.0045140 seconds, Stopping threads took: 0.0020130 seconds
325.209: Application time: 0.0886680 seconds
325.211: [GC325.211: [ParNew: 106784K->6708K(112448K), 0.0023180 secs] 126068K->26078K(364160K), 0.0023620 secs] [Times: user=0.02 sys=0.00, real=0.00 secs] 
325.213: Total time for which application threads were stopped: 0.0044340 seconds, Stopping threads took: 0.0020020 seconds
325.300: Application time: 0.0864220 seconds
325.303: [GC325.303: [ParNew: 106676K->7071K(112448K), 0.0023460 secs] 126046K->26498K(364160K), 0.0023990 secs] [Times: user=0.02 sys=0.00, real=0.00 secs] 
325.305: Total time for which application threads were stopped: 0.0052140 seconds, Stopping threads took: 0.0027440 seconds
325.393: Application time: 0.0880390 seconds
325.396: [GC325.396: [ParNew: 107039K->7386K(112448K), 0.0024670 secs] 126466K->26841K(364160K), 0.0025130 secs] [Times: user=0.02 sys=0.00, real=0.00 secs] 
325.398: Total time for which application threads were stopped: 0.0052380 seconds, Stopping threads took: 0.0026540 seconds
325.488: Application time: 0.0900730 seconds
325.490: [GC325.490: [ParNew: 107354K->6542K(112448K), 0.0024070 secs] 126809K->25997K(364160K), 0.0024520 secs] [Times: user=0.01 sys=0.00, real=0.00 secs] 
325.492: Total time for which application threads were stopped: 0.0040430 seconds, Stopping threads took: 0.0015210 seconds
325.582: Application time: 0.0895620 seconds
325.585: [GC325.585: [ParNew: 106510K->7764K(112448K), 0.0025880 secs] 125965K->27276K(364160K), 0.0026350 secs] [Times: user=0.02 sys=0.00, real=0.00 secs] 
325.587: Total time for which application threads were stopped: 0.0052710 seconds, Stopping threads took: 0.0025570 seconds
325.682: Application time: 0.0949630 seconds
325.684: [GC325.684: [ParNew: 107732K->7340K(112448K), 0.0024380 secs] 127244K->26909K(364160K), 0.0024840 secs] [Times: user=0.02 sys=0.00, real=0.00 secs] 
325.687: Total time for which application threads were stopped: 0.0048270 seconds, Stopping threads took: 0.0022500 seconds
325.782: Application time: 0.0949260 seconds
325.784: [GC325.784: [ParNew: 107308K->5214K(112448K), 0.0018750 secs] 126877K->24868K(364160K), 0.0019180 secs] [Times: user=0.01 sys=0.00, real=0.00 secs] 
325.786: Total time for which application threads were stopped: 0.0041040 seconds, Stopping threads took: 0.0020920 seconds
325.889: Application time: 0.1027140 seconds
325.889: [GC325.889: [ParNew: 105182K->4717K(112448K), 0.0017300 secs] 124836K->24371K(364160K), 0.0017730 secs] [Times: user=0.01 sys=0.00, real=0.00 secs] 
325.891: Total time for which application threads were stopped: 0.0021600 seconds, Stopping threads took: 0.0002950 seconds
325.996: Application time: 0.1047950 seconds
325.998: [GC325.998: [ParNew: 104685K->7474K(112448K), 0.0026100 secs] 124339K->27129K(364160K), 0.0026560 secs] [Times: user=0.02 sys=0.00, real=0.01 secs] 
326.001: Total time for which application threads were stopped: 0.0050330 seconds, Stopping threads took: 0.0023060 seconds
326.095: Application time: 0.0944080 seconds
326.097: [GC326.097: [ParNew: 107442K->7286K(112448K), 0.0026160 secs] 127097K->26969K(364160K), 0.0026630 secs] [Times: user=0.02 sys=0.00, real=0.01 secs] 
326.100: Total time for which application threads were stopped: 0.0049310 seconds, Stopping threads took: 0.0021830 seconds
326.194: Application time: 0.0937780 seconds
326.197: [GC326.197: [ParNew: 107254K->7144K(112448K), 0.0026640 secs] 126937K->26912K(364160K), 0.0027070 secs] [Times: user=0.00 sys=0.01, real=0.01 secs] 
326.200: Total time for which application threads were stopped: 0.0057210 seconds, Stopping threads took: 0.0029210 seconds
326.296: Application time: 0.0968650 seconds
326.299: [GC326.299: [ParNew: 107112K->6986K(112448K), 0.0025430 secs] 126880K->26868K(364160K), 0.0025900 secs] [Times: user=0.02 sys=0.00, real=0.01 secs] 
326.302: Total time for which application threads were stopped: 0.0051110 seconds, Stopping threads took: 0.0024500 seconds
326.395: Application time: 0.0937880 seconds
326.397: [GC326.397: [ParNew: 106954K->5961K(112448K), 0.0020500 secs] 126836K->25873K(364160K), 0.0020960 secs] [Times: user=0.01 sys=0.00, real=0.00 secs] 
326.399: Total time for which application threads were stopped: 0.0037940 seconds, Stopping threads took: 0.0016040 seconds
326.494: Application time: 0.0944410 seconds
326.495: [GC326.495: [ParNew: 105929K->6259K(112448K), 0.0021010 secs] 125841K->26170K(364160K), 0.0021500 secs] [Times: user=0.02 sys=0.00, real=0.00 secs] 
326.498: Total time for which application threads were stopped: 0.0040370 seconds, Stopping threads took: 0.0018150 seconds
326.594: Application time: 0.0960720 seconds
326.595: [GC326.595: [ParNew: 106227K->6697K(112448K), 0.0023880 secs] 126138K->26608K(364160K), 0.0024350 secs] [Times: user=0.02 sys=0.00, real=0.00 secs] 
326.598: Total time for which application threads were stopped: 0.0038810 seconds, Stopping threads took: 0.0013710 seconds
326.693: Application time: 0.0956710 seconds
326.696: [GC326.696: [ParNew: 106665K->7239K(112448K), 0.0027080 secs] 126576K->27236K(364160K), 0.0027530 secs] [Times: user=0.01 sys=0.00, real=0.00 secs] 
326.698: Total time for which application threads were stopped: 0.0051320 seconds, Stopping threads took: 0.0022990 seconds
326.795: Application time: 0.0962290 seconds
326.797: [GC326.797: [ParNew: 107207K->7402K(112448K), 0.0025480 secs] 127204K->27513K(364160K), 0.0025930 secs] [Times: user=0.02 sys=0.00, real=0.00 secs] 
326.799: Total time for which application threads were stopped: 0.0045560 seconds, Stopping threads took: 0.0018890 seconds
326.895: Application time: 0.0954610 seconds
326.897: [GC326.897: [ParNew: 107370K->5696K(112448K), 0.0018750 secs] 127481K->25836K(364160K), 0.0019180 secs] [Times: user=0.01 sys=0.00, real=0.00 secs] 
326.899: Total time for which application threads were stopped: 0.0042590 seconds, Stopping threads took: 0.0022670 seconds
326.992: Application time: 0.0930480 seconds
326.994: [GC326.994: [ParNew: 105664K->6873K(112448K), 0.0023280 secs] 125804K->27012K(364160K), 0.0023750 secs] [Times: user=0.02 sys=0.00, real=0.00 secs] 
326.997: Total time for which application threads were stopped: 0.0047160 seconds, Stopping threads took: 0.0022690 seconds
327.091: Application time: 0.0941290 seconds
327.093: [GC327.093: [ParNew: 106841K->6534K(112448K), 0.0023460 secs] 126980K->26673K(364160K), 0.0023950 secs] [Times: user=0.01 sys=0.00, real=0.00 secs] 
327.096: Total time for which application threads were stopped: 0.0050800 seconds, Stopping threads took: 0.0026150 seconds
327.188: Application time: 0.0924440 seconds
327.191: [GC327.191: [ParNew: 106502K->7258K(112448K), 0.0026240 secs] 126641K->27483K(364160K), 0.0026680 secs] [Times: user=0.01 sys=0.00, real=0.00 secs] 
327.193: Total time for which application threads were stopped: 0.0048840 seconds, Stopping threads took: 0.0021460 seconds
327.287: Application time: 0.0937840 seconds
327.290: [GC327.290: [ParNew: 107226K->5627K(112448K), 0.0022180 secs] 127451K->25938K(364160K), 0.0022660 secs] [Times: user=0.02 sys=0.00, real=0.00 secs] 
327.292: Total time for which application threads were stopped: 0.0051990 seconds, Stopping threads took: 0.0028490 seconds
327.391: Application time: 0.0986650 seconds
327.393: [GC327.393: [ParNew: 105595K->5246K(112448K), 0.0018700 secs] 125906K->25556K(364160K), 0.0019150 secs] [Times: user=0.01 sys=0.00, real=0.00 secs] 
327.395: Total time for which application threads were stopped: 0.0042350 seconds, Stopping threads took: 0.0022270 seconds
327.490: Application time: 0.0952700 seconds
327.493: [GC327.493: [ParNew: 105214K->7154K(112448K), 0.0022550 secs] 125524K->27465K(364160K), 0.0023000 secs] [Times: user=0.02 sys=0.00, real=0.00 secs] 
327.495: Total time for which application threads were stopped: 0.0046600 seconds, Stopping threads took: 0.0022890 seconds
327.589: Application time: 0.0941880 seconds
327.592: [GC327.593: [ParNew: 107122K->6515K(112448K), 0.0022050 secs] 127433K->26882K(364160K), 0.0022530 secs] [Times: user=0.01 sys=0.00, real=0.00 secs] 
327.595: Total time for which application threads were stopped: 0.0055580 seconds, Stopping threads took: 0.0032300 seconds
327.688: Application time: 0.0929070 seconds
327.690: [GC327.690: [ParNew: 106483K->6528K(112448K), 0.0025410 secs] 126850K->26953K(364160K), 0.0025870 secs] [Times: user=0.02 sys=0.00, real=0.00 secs] 
327.692: Total time for which application threads were stopped: 0.0044940 seconds, Stopping threads took: 0.0018370 seconds
327.789: Application time: 0.0964170 seconds
327.790: [GC327.790: [ParNew: 106496K->4724K(112448K), 0.0017830 secs] 126921K->25263K(364160K), 0.0018370 secs] [Times: user=0.02 sys=0.00, real=0.00 secs] 
327.792: Total time for which application threads were stopped: 0.0035900 seconds, Stopping threads took: 0.0016710 seconds
327.889: Application time: 0.0970320 seconds
327.893: [GC327.893: [ParNew: 104692K->6013K(112448K), 0.0019210 secs] 125231K->26552K(364160K), 0.0019670 secs] [Times: user=0.01 sys=0.00, real=0.00 secs] 
327.895: Total time for which application threads were stopped: 0.0054600 seconds, Stopping threads took: 0.0034200 seconds
327.992: Application time: 0.0971960 seconds
327.995: [GC327.995: [ParNew: 105981K->7198K(112448K), 0.0023180 secs] 126520K->27736K(364160K), 0.0023640 secs] [Times: user=0.02 sys=0.00, real=0.00 secs] 
327.998: Total time for which application threads were stopped: 0.0056690 seconds, Stopping threads took: 0.0032360 seconds
328.092: Application time: 0.0943110 seconds
328.095: [GC328.095: [ParNew: 107166K->6301K(112448K), 0.0021860 secs] 127704K->26897K(364160K), 0.0022340 secs] [Times: user=0.02 sys=0.00, real=0.00 secs] 
328.097: Total time for which application threads were stopped: 0.0049410 seconds, Stopping threads took: 0.0026170 seconds
328.193: Application time: 0.0957430 seconds
328.195: [GC328.195: [ParNew: 106269K->6517K(112448K), 0.0023710 secs] 126865K->27141K(364160K), 0.0024180 secs] [Times: user=0.02 sys=0.00, real=0.00 secs] 
328.198: Total time for which application threads were stopped: 0.0050380 seconds, Stopping threads took: 0.0025460 seconds
328.295: Application time: 0.0978150 seconds
328.298: [GC328.298: [ParNew: 106485K->6845K(112448K), 0.0024000 secs] 127109K->27584K(364160K), 0.0024490 secs] [Times: user=0.02 sys=0.00, real=0.01 secs] 
328.301: Total time for which application threads were stopped: 0.0054780 seconds, Stopping threads took: 0.0029490 seconds
328.398: Application time: 0.0973140 seconds
328.401: [GC328.401: [ParNew: 106812K->7081K(112448K), 0.0024140 secs] 127550K->27876K(364160K), 0.0024620 secs] [Times: user=0.02 sys=0.00, real=0.00 secs] 
328.404: Total time for which application threads were stopped: 0.0052890 seconds, Stopping threads took: 0.0027540 seconds
328.498: Application time: 0.0941150 seconds
328.500: [GC328.500: [ParNew: 107049K->7111K(112448K), 0.0024060 secs] 127844K->27935K(364160K), 0.0024490 secs] [Times: user=0.02 sys=0.00, real=0.00 secs] 
328.503: Total time for which application threads were stopped: 0.0049720 seconds, Stopping threads took: 0.0024510 seconds
328.596: Application time: 0.0938210 seconds
328.599: [GC328.599: [ParNew: 107079K->6854K(112448K), 0.0022260 secs] 127903K->27677K(364160K), 0.0022720 secs] [Times: user=0.02 sys=0.00, real=0.01 secs] 
328.601: Total time for which application threads were stopped: 0.0047170 seconds, Stopping threads took: 0.0023730 seconds
328.696: Application time: 0.0952730 seconds
328.700: [GC328.700: [ParNew: 106822K->6846K(112448K), 0.0023710 secs] 127645K->27698K(364160K), 0.0024150 secs] [Times: user=0.01 sys=0.00, real=0.00 secs] 
328.702: Total time for which application threads were stopped: 0.0056110 seconds, Stopping threads took: 0.0031280 seconds
328.796: Application time: 0.0936160 seconds
328.798: [GC328.798: [ParNew: 106814K->6961K(112448K), 0.0024360 secs] 127666K->27899K(364160K), 0.0024800 secs] [Times: user=0.02 sys=0.00, real=0.01 secs] 
328.800: Total time for which application threads were stopped: 0.0047890 seconds, Stopping threads took: 0.0022360 seconds
328.898: Application time: 0.0975010 seconds
328.901: [GC328.901: [ParNew: 106929K->7832K(112448K), 0.0025950 secs] 127867K->28856K(364160K), 0.0026400 secs] [Times: user=0.01 sys=0.01, real=0.00 secs] 
328.903: Total time for which application threads were stopped: 0.0054510 seconds, Stopping threads took: 0.0027310 seconds
328.998: Application time: 0.0944420 seconds
329.000: [GC329.000: [ParNew: 107800K->6172K(112448K), 0.0022270 secs] 128824K->27224K(364160K), 0.0022660 secs] [Times: user=0.01 sys=0.00, real=0.00 secs] 
329.002: Total time for which application threads were stopped: 0.0045260 seconds, Stopping threads took: 0.0021880 seconds
329.098: Application time: 0.0955850 seconds
329.100: [GC329.100: [ParNew: 106140K->6896K(112448K), 0.0022750 secs] 127192K->27948K(364160K), 0.0023190 secs] [Times: user=0.02 sys=0.00, real=0.00 secs] 
329.102: Total time for which application threads were stopped: 0.0040550 seconds, Stopping threads took: 0.0016650 seconds
329.195: Application time: 0.0929340 seconds
329.198: [GC329.198: [ParNew: 106864K->7440K(112448K), 0.0024460 secs] 127916K->28492K(364160K), 0.0024940 secs] [Times: user=0.02 sys=0.00, real=0.01 secs] 
329.201: Total time for which application threads were stopped: 0.0058190 seconds, Stopping threads took: 0.0032530 seconds
329.296: Application time: 0.0953710 seconds
329.299: [GC329.299: [ParNew: 107408K->6122K(112448K), 0.0020400 secs] 128460K->27259K(364160K), 0.0020880 secs] [Times: user=0.01 sys=0.00, real=0.01 secs] 
329.301: Total time for which application threads were stopped: 0.0047470 seconds, Stopping threads took: 0.0025880 seconds
329.397: Application time: 0.0965870 seconds
329.400: [GC329.400: [ParNew: 106090K->6717K(112448K), 0.0022570 secs] 127227K->27854K(364160K), 0.0023010 secs] [Times: user=0.02 sys=0.00, real=0.00 secs] 
329.402: Total time for which application threads were stopped: 0.0049320 seconds, Stopping threads took: 0.0025390 seconds
329.495: Application time: 0.0929750 seconds
329.498: [GC329.498: [ParNew: 106685K->6749K(112448K), 0.0022530 secs] 127822K->28029K(364160K), 0.0023000 secs] [Times: user=0.02 sys=0.00, real=0.01 secs] 
329.500: Total time for which application threads were stopped: 0.0044370 seconds, Stopping threads took: 0.0020560 seconds
329.598: Application time: 0.0977230 seconds
329.600: [GC329.600: [ParNew: 106717K->6307K(112448K), 0.0020820 secs] 127997K->27587K(364160K), 0.0021270 secs] [Times: user=0.02 sys=0.00, real=0.00 secs] 
329.602: Total time for which application threads were stopped: 0.0045360 seconds, Stopping threads took: 0.0023370 seconds
329.694: Application time: 0.0918800 seconds
329.696: [GC329.696: [ParNew: 106275K->5358K(112448K), 0.0019840 secs] 127555K->26638K(364160K), 0.0020260 secs] [Times: user=0.02 sys=0.00, real=0.00 secs] 
329.698: Total time for which application threads were stopped: 0.0041400 seconds, Stopping threads took: 0.0020230 seconds
329.786: Application time: 0.0883550 seconds
329.789: [GC329.789: [ParNew: 105326K->6305K(112448K), 0.0021180 secs] 126606K->27585K(364160K), 0.0021620 secs] [Times: user=0.01 sys=0.00, real=0.00 secs] 
329.791: Total time for which application threads were stopped: 0.0044360 seconds, Stopping threads took: 0.0022020 seconds
329.879: Application time: 0.0877290 seconds
329.881: [GC329.881: [ParNew: 106273K->7462K(112448K), 0.0026080 secs] 127553K->28828K(364160K), 0.0026530 secs] [Times: user=0.01 sys=0.00, real=0.00 secs] 
329.883: Total time for which application threads were stopped: 0.0047410 seconds, Stopping threads took: 0.0020170 seconds
329.980: Application time: 0.0963340 seconds
329.980: [GC329.980: [ParNew: 107430K->5571K(112448K), 0.0020830 secs] 128796K->27080K(364160K), 0.0021250 secs] [Times: user=0.01 sys=0.00, real=0.00 secs] 
329.982: Total time for which application threads were stopped: 0.0026010 seconds, Stopping threads took: 0.0003970 seconds
330.072: Application time: 0.0895790 seconds
330.074: [GC330.074: [ParNew: 105539K->7382K(112448K), 0.0025540 secs] 127048K->28890K(364160K), 0.0025970 secs] [Times: user=0.02 sys=0.00, real=0.00 secs] 
330.077: Total time for which application threads were stopped: 0.0047230 seconds, Stopping threads took: 0.0020290 seconds
330.166: Application time: 0.0890090 seconds
330.167: [GC330.167: [ParNew: 107350K->6700K(112448K), 0.0022540 secs] 128858K->28208K(364160K), 0.0022980 secs] [Times: user=0.02 sys=0.00, real=0.00 secs] 
330.170: Total time for which application threads were stopped: 0.0040600 seconds, Stopping threads took: 0.0016910 seconds
330.259: Application time: 0.0896300 seconds
330.262: [GC330.262: [ParNew: 106668K->6911K(112448K), 0.0023020 secs] 128176K->28505K(364160K), 0.0023540 secs] [Times: user=0.02 sys=0.00, real=0.00 secs] 
330.265: Total time for which application threads were stopped: 0.0051650 seconds, Stopping threads took: 0.0027490 seconds
330.352: Application time: 0.0879400 seconds
330.355: [GC330.355: [ParNew: 106879K->7717K(112448K), 0.0027440 secs] 128473K->29396K(364160K), 0.0027910 secs] [Times: user=0.02 sys=0.00, real=0.00 secs] 
330.357: Total time for which application threads were stopped: 0.0049510 seconds, Stopping threads took: 0.0020690 seconds
330.446: Application time: 0.0884620 seconds
330.448: [GC330.448: [ParNew: 107685K->7801K(112448K), 0.0025980 secs] 129364K->29508K(364160K), 0.0026420 secs] [Times: user=0.02 sys=0.00, real=0.00 secs] 
330.450: Total time for which application threads were stopped: 0.0043220 seconds, Stopping threads took: 0.0016080 seconds
330.541: Application time: 0.0913200 seconds
330.544: [GC330.544: [ParNew: 107769K->6666K(112448K), 0.0021900 secs] 129476K->28402K(364160K), 0.0022370 secs] [Times: user=0.02 sys=0.00, real=0.00 secs] 
330.546: Total time for which application threads were stopped: 0.0043880 seconds, Stopping threads took: 0.0020780 seconds
330.634: Application time: 0.0876150 seconds
330.636: [GC330.636: [ParNew: 106634K->7921K(112448K), 0.0025290 secs] 128370K->29657K(364160K), 0.0025750 secs] [Times: user=0.02 sys=0.00, real=0.00 secs] 
330.639: Total time for which application threads were stopped: 0.0053130 seconds, Stopping threads took: 0.0026590 seconds
330.727: Application time: 0.0886100 seconds
330.730: [GC330.730: [ParNew: 107889K->6959K(112448K), 0.0023350 secs] 129625K->28781K(364160K), 0.0023820 secs] [Times: user=0.02 sys=0.00, real=0.00 secs] 
330.732: Total time for which application threads were stopped: 0.0049330 seconds, Stopping threads took: 0.0024820 seconds
330.822: Application time: 0.0899960 seconds
330.824: [GC330.824: [ParNew: 106927K->6237K(112448K), 0.0021710 secs] 128749K->28145K(364160K), 0.0022130 secs] [Times: user=0.02 sys=0.00, real=0.00 secs] 
330.826: Total time for which application threads were stopped: 0.0037890 seconds, Stopping threads took: 0.0015050 seconds
330.917: Application time: 0.0908620 seconds
330.920: [GC330.920: [ParNew: 106205K->6494K(112448K), 0.0021830 secs] 128113K->28401K(364160K), 0.0022270 secs] [Times: user=0.02 sys=0.00, real=0.00 secs] 
330.923: Total time for which application threads were stopped: 0.0055030 seconds, Stopping threads took: 0.0032120 seconds
331.013: Application time: 0.0906360 seconds
331.016: [GC331.016: [ParNew: 106462K->6136K(112448K), 0.0020730 secs] 128369K->28100K(364160K), 0.0021180 secs] [Times: user=0.01 sys=0.00, real=0.00 secs] 
331.018: Total time for which application threads were stopped: 0.0050300 seconds, Stopping threads took: 0.0028400 seconds
331.108: Application time: 0.0900630 seconds
331.111: [GC331.111: [ParNew: 106104K->6402K(112448K), 0.0020760 secs] 128068K->28366K(364160K), 0.0021230 secs] [Times: user=0.02 sys=0.00, real=0.00 secs] 
331.113: Total time for which application threads were stopped: 0.0044540 seconds, Stopping threads took: 0.0022600 seconds
331.203: Application time: 0.0906860 seconds
331.205: [GC331.205: [ParNew: 106370K->6357K(112448K), 0.0021610 secs] 128334K->28350K(364160K), 0.0022070 secs] [Times: user=0.02 sys=0.00, real=0.01 secs] 
331.208: Total time for which application threads were stopped: 0.0041920 seconds, Stopping threads took: 0.0019050 seconds
331.300: Application time: 0.0925800 seconds
331.302: [GC331.302: [ParNew: 106325K->7116K(112448K), 0.0025510 secs] 128318K->29195K(364160K), 0.0025950 secs] [Times: user=0.02 sys=0.00, real=0.00 secs] 
331.305: Total time for which application threads were stopped: 0.0044130 seconds, Stopping threads took: 0.0017270 seconds
331.396: Application time: 0.0912590 seconds
331.398: [GC331.398: [ParNew: 107084K->6924K(112448K), 0.0025450 secs] 129163K->29088K(364160K), 0.0026010 secs] [Times: user=0.02 sys=0.00, real=0.01 secs] 
331.400: Total time for which application threads were stopped: 0.0044600 seconds, Stopping threads took: 0.0017880 seconds
331.491: Application time: 0.0911590 seconds
331.493: [GC331.494: [ParNew: 106892K->6521K(112448K), 0.0022610 secs] 129056K->28714K(364160K), 0.0023060 secs] [Times: user=0.01 sys=0.00, real=0.00 secs] 
331.496: Total time for which application threads were stopped: 0.0043450 seconds, Stopping threads took: 0.0019700 seconds
331.587: Application time: 0.0907450 seconds
331.589: [GC331.589: [ParNew: 106489K->7124K(112448K), 0.0026170 secs] 128682K->29316K(364160K), 0.0026610 secs] [Times: user=0.01 sys=0.00, real=0.00 secs] 
331.592: Total time for which application threads were stopped: 0.0053960 seconds, Stopping threads took: 0.0026450 seconds
331.682: Application time: 0.0897260 seconds
331.684: [GC331.684: [ParNew: 107092K->6739K(112448K), 0.0023330 secs] 129284K->28932K(364160K), 0.0023780 secs] [Times: user=0.01 sys=0.00, real=0.00 secs] 
331.687: Total time for which application threads were stopped: 0.0051100 seconds, Stopping threads took: 0.0026530 seconds
331.775: Application time: 0.0880650 seconds
331.777: [GC331.777: [ParNew: 106707K->5853K(112448K), 0.0020910 secs] 128900K->28160K(364160K), 0.0021380 secs] [Times: user=0.02 sys=0.00, real=0.01 secs] 
331.779: Total time for which application threads were stopped: 0.0045890 seconds, Stopping threads took: 0.0023520 seconds
331.872: Application time: 0.0922510 seconds
331.874: [GC331.874: [ParNew: 105821K->6502K(112448K), 0.0021540 secs] 128128K->28808K(364160K), 0.0021990 secs] [Times: user=0.02 sys=0.00, real=0.00 secs] 
331.876: Total time for which application threads were stopped: 0.0042430 seconds, Stopping threads took: 0.0019740 seconds
331.970: Application time: 0.0937790 seconds
331.973: [GC331.973: [ParNew: 106470K->6409K(112448K), 0.0022190 secs] 128776K->28830K(364160K), 0.0022650 secs] [Times: user=0.02 sys=0.00, real=0.00 secs] 
331.975: Total time for which application threads were stopped: 0.0052410 seconds, Stopping threads took: 0.0029110 seconds
332.070: Application time: 0.0947570 seconds
332.072: [GC332.072: [ParNew: 106376K->7352K(112448K), 0.0026680 secs] 128796K->29773K(364160K), 0.0027110 secs] [Times: user=0.02 sys=0.00, real=0.00 secs] 
332.075: Total time for which application threads were stopped: 0.0049270 seconds, Stopping threads took: 0.0021330 seconds
332.162: Application time: 0.0877480 seconds
332.165: [GC332.165: [ParNew: 107320K->7418K(112448K), 0.0023820 secs] 129741K->29839K(364160K), 0.0024360 secs] [Times: user=0.02 sys=0.00, real=0.01 secs] 
332.167: Total time for which application threads were stopped: 0.0048740 seconds, Stopping threads took: 0.0023670 seconds
332.256: Application time: 0.0886500 seconds
332.258: [GC332.258: [ParNew: 107386K->7609K(112448K), 0.0027640 secs] 129807K->30144K(364160K), 0.0028100 secs] [Times: user=0.02 sys=0.00, real=0.01 secs] 
332.261: Total time for which application threads were stopped: 0.0052370 seconds, Stopping threads took: 0.0023560 seconds
332.350: Application time: 0.0885530 seconds
332.352: [GC332.352: [ParNew: 107577K->7220K(112448K), 0.0024050 secs] 130112K->29812K(364160K), 0.0024520 secs] [Times: user=0.02 sys=0.00, real=0.00 secs] 
332.354: Total time for which application threads were stopped: 0.0046100 seconds, Stopping threads took: 0.0020580 seconds
332.443: Application time: 0.0881830 seconds
332.445: [GC332.445: [ParNew: 107188K->7329K(112448K), 0.0025000 secs] 129780K->29977K(364160K), 0.0025480 secs] [Times: user=0.02 sys=0.00, real=0.00 secs] 
332.447: Total time for which application threads were stopped: 0.0045520 seconds, Stopping threads took: 0.0019230 seconds
332.536: Application time: 0.0888770 seconds
332.539: [GC332.539: [ParNew: 107297K->5923K(112448K), 0.0020560 secs] 129945K->28572K(364160K), 0.0020990 secs] [Times: user=0.01 sys=0.00, real=0.01 secs] 
332.541: Total time for which application threads were stopped: 0.0050720 seconds, Stopping threads took: 0.0029010 seconds
332.633: Application time: 0.0917240 seconds
332.634: [GC332.634: [ParNew: 105891K->5515K(112448K), 0.0018520 secs] 128540K->28164K(364160K), 0.0019040 secs] [Times: user=0.02 sys=0.00, real=0.00 secs] 
332.636: Total time for which application threads were stopped: 0.0035430 seconds, Stopping threads took: 0.0015670 seconds
332.727: Application time: 0.0906590 seconds
332.729: [GC332.729: [ParNew: 105483K->7471K(112448K), 0.0025060 secs] 128132K->30120K(364160K), 0.0025500 secs] [Times: user=0.02 sys=0.00, real=0.00 secs] 
332.732: Total time for which application threads were stopped: 0.0045250 seconds, Stopping threads took: 0.0019040 seconds
332.820: Application time: 0.0880950 seconds
332.821: [GC332.822: [ParNew: 107439K->7166K(112448K), 0.0025810 secs] 130088K->29986K(364160K), 0.0026270 secs] [Times: user=0.01 sys=0.00, real=0.00 secs] 
332.824: Total time for which application threads were stopped: 0.0045350 seconds, Stopping threads took: 0.0018430 seconds
332.915: Application time: 0.0912410 seconds
332.918: [GC332.918: [ParNew: 107134K->6125K(112448K), 0.0021640 secs] 129954K->29002K(364160K), 0.0022070 secs] [Times: user=0.01 sys=0.00, real=0.01 secs] 
332.920: Total time for which application threads were stopped: 0.0048090 seconds, Stopping threads took: 0.0025030 seconds
333.007: Application time: 0.0869490 seconds
333.009: [GC333.009: [ParNew: 106093K->7229K(112448K), 0.0025130 secs] 128970K->30106K(364160K), 0.0025570 secs] [Times: user=0.01 sys=0.00, real=0.00 secs] 
333.012: Total time for which application threads were stopped: 0.0046830 seconds, Stopping threads took: 0.0020340 seconds
333.104: Application time: 0.0916760 seconds
333.106: [GC333.106: [ParNew: 107197K->7810K(112448K), 0.0025260 secs] 130074K->30686K(364160K), 0.0025720 secs] [Times: user=0.02 sys=0.00, real=0.01 secs] 
333.109: Total time for which application threads were stopped: 0.0052020 seconds, Stopping threads took: 0.0025600 seconds
333.198: Application time: 0.0891140 seconds
333.201: [GC333.201: [ParNew: 107778K->6979K(112448K), 0.0022880 secs] 130654K->29941K(364160K), 0.0023320 secs] [Times: user=0.02 sys=0.00, real=0.00 secs] 
333.203: Total time for which application threads were stopped: 0.0051950 seconds, Stopping threads took: 0.0027930 seconds
333.291: Application time: 0.0883390 seconds
333.294: [GC333.294: [ParNew: 106947K->6643K(112448K), 0.0022910 secs] 129909K->29691K(364160K), 0.0023370 secs] [Times: user=0.02 sys=0.00, real=0.00 secs] 
333.296: Total time for which application threads were stopped: 0.0045470 seconds, Stopping threads took: 0.0021390 seconds
333.387: Application time: 0.0906040 seconds
333.389: [GC333.389: [ParNew: 106611K->7766K(112448K), 0.0025700 secs] 129659K->30843K(364160K), 0.0026130 secs] [Times: user=0.02 sys=0.00, real=0.00 secs] 
333.392: Total time for which application threads were stopped: 0.0054710 seconds, Stopping threads took: 0.0027880 seconds
333.478: Application time: 0.0863040 seconds
333.480: [GC333.480: [ParNew: 107734K->6711K(112448K), 0.0022890 secs] 130811K->29816K(364160K), 0.0023330 secs] [Times: user=0.02 sys=0.00, real=0.00 secs] 
333.483: Total time for which application threads were stopped: 0.0042270 seconds, Stopping threads took: 0.0018130 seconds
333.573: Application time: 0.0904520 seconds
333.575: [GC333.575: [ParNew: 106679K->7812K(112448K), 0.0024820 secs] 129784K->30917K(364160K), 0.0025260 secs] [Times: user=0.01 sys=0.00, real=0.00 secs] 
333.578: Total time for which application threads were stopped: 0.0046810 seconds, Stopping threads took: 0.0020890 seconds
333.668: Application time: 0.0904980 seconds
333.670: [GC333.670: [ParNew: 107780K->6680K(112448K), 0.0023550 secs] 130885K->29842K(364160K), 0.0024010 secs] [Times: user=0.01 sys=0.00, real=0.00 secs] 
333.673: Total time for which application threads were stopped: 0.0046940 seconds, Stopping threads took: 0.0022220 seconds
333.767: Application time: 0.0945180 seconds
333.771: [GC333.771: [ParNew: 106648K->7283K(112448K), 0.0024490 secs] 129810K->30530K(364160K), 0.0025060 secs] [Times: user=0.02 sys=0.00, real=0.00 secs] 
333.773: Total time for which application threads were stopped: 0.0060300 seconds, Stopping threads took: 0.0034510 seconds
333.871: Application time: 0.0977660 seconds
333.874: [GC333.874: [ParNew: 107251K->7269K(112448K), 0.0026260 secs] 130498K->30574K(364160K), 0.0026720 secs] [Times: user=0.02 sys=0.00, real=0.00 secs] 
333.876: Total time for which application threads were stopped: 0.0050930 seconds, Stopping threads took: 0.0023590 seconds
333.974: Application time: 0.0975340 seconds
333.976: [GC333.976: [ParNew: 107237K->5178K(112448K), 0.0017480 secs] 130542K->28511K(364160K), 0.0017890 secs] [Times: user=0.01 sys=0.00, real=0.00 secs] 
333.978: Total time for which application threads were stopped: 0.0037180 seconds, Stopping threads took: 0.0018620 seconds
334.070: Application time: 0.0919700 seconds
334.072: [GC334.072: [ParNew: 105146K->6721K(112448K), 0.0022900 secs] 128479K->30054K(364160K), 0.0023360 secs] [Times: user=0.02 sys=0.00, real=0.00 secs] 
334.074: Total time for which application threads were stopped: 0.0045310 seconds, Stopping threads took: 0.0021030 seconds
334.169: Application time: 0.0952370 seconds
334.173: [GC334.173: [ParNew: 106689K->6175K(112448K), 0.0023210 secs] 130022K->29566K(364160K), 0.0023650 secs] [Times: user=0.02 sys=0.00, real=0.00 secs] 
334.175: Total time for which application threads were stopped: 0.0056950 seconds, Stopping threads took: 0.0032390 seconds
334.268: Application time: 0.0934030 seconds
334.271: [GC334.271: [ParNew: 106143K->7506K(112448K), 0.0025030 secs] 129534K->30896K(364160K), 0.0025500 secs] [Times: user=0.02 sys=0.00, real=0.00 secs] 
334.273: Total time for which application threads were stopped: 0.0047280 seconds, Stopping threads took: 0.0021040 seconds
334.366: Application time: 0.0928620 seconds
334.368: [GC334.368: [ParNew: 107474K->6648K(112448K), 0.0025150 secs] 130864K->30152K(364160K), 0.0025610 secs] [Times: user=0.02 sys=0.00, real=0.00 secs] 
334.371: Total time for which application threads were stopped: 0.0046130 seconds, Stopping threads took: 0.0019570 seconds
334.465: Application time: 0.0948850 seconds
334.468: [GC334.468: [ParNew: 106616K->7462K(112448K), 0.0024430 secs] 130120K->31023K(364160K), 0.0024890 secs] [Times: user=0.02 sys=0.00, real=0.00 secs] 
334.471: Total time for which application threads were stopped: 0.0053990 seconds, Stopping threads took: 0.0028390 seconds
334.565: Application time: 0.0939760 seconds
334.567: [GC334.567: [ParNew: 107430K->6588K(112448K), 0.0021290 secs] 130991K->30149K(364160K), 0.0021760 secs] [Times: user=0.01 sys=0.00, real=0.01 secs] 
334.569: Total time for which application threads were stopped: 0.0042690 seconds, Stopping threads took: 0.0020190 seconds
334.663: Application time: 0.0939250 seconds
334.665: [GC334.665: [ParNew: 106556K->7159K(112448K), 0.0025650 secs] 130117K->30749K(364160K), 0.0026100 secs] [Times: user=0.02 sys=0.00, real=0.01 secs] 
334.668: Total time for which application threads were stopped: 0.0049610 seconds, Stopping threads took: 0.0022620 seconds
334.762: Application time: 0.0943880 seconds
334.764: [GC334.764: [ParNew: 107127K->6926K(112448K), 0.0024740 secs] 130717K->30601K(364160K), 0.0025180 secs] [Times: user=0.02 sys=0.00, real=0.00 secs] 
334.767: Total time for which application threads were stopped: 0.0045820 seconds, Stopping threads took: 0.0019830 seconds
334.863: Application time: 0.0957710 seconds
334.867: [GC334.867: [ParNew: 106894K->5641K(112448K), 0.0019280 secs] 130569K->29374K(364160K), 0.0019750 secs] [Times: user=0.01 sys=0.00, real=0.01 secs] 
334.869: Total time for which application threads were stopped: 0.0063160 seconds, Stopping threads took: 0.0042660 seconds
334.964: Application time: 0.0954100 seconds
334.967: [GC334.967: [ParNew: 105608K->6923K(112448K), 0.0024940 secs] 129340K->30655K(364160K), 0.0025390 secs] [Times: user=0.01 sys=0.00, real=0.01 secs] 
334.970: Total time for which application threads were stopped: 0.0052500 seconds, Stopping threads took: 0.0026390 seconds
335.069: Application time: 0.0988990 seconds
335.070: [GC335.070: [ParNew: 106891K->6029K(112448K), 0.0021000 secs] 130623K->29819K(364160K), 0.0021520 secs] [Times: user=0.01 sys=0.00, real=0.00 secs] 
335.072: Total time for which application threads were stopped: 0.0037660 seconds, Stopping threads took: 0.0015250 seconds
335.171: Application time: 0.0988880 seconds
335.173: [GC335.173: [ParNew: 105997K->6399K(112448K), 0.0022170 secs] 129787K->30188K(364160K), 0.0022620 secs] [Times: user=0.01 sys=0.00, real=0.00 secs] 
335.175: Total time for which application threads were stopped: 0.0040780 seconds, Stopping threads took: 0.0017150 seconds
335.269: Application time: 0.0936770 seconds
335.271: [GC335.271: [ParNew: 106367K->7197K(112448K), 0.0024040 secs] 130156K->31072K(364160K), 0.0024580 secs] [Times: user=0.02 sys=0.01, real=0.00 secs] 
335.274: Total time for which application threads were stopped: 0.0046690 seconds, Stopping threads took: 0.0021420 seconds
335.370: Application time: 0.0958740 seconds
335.371: [GC335.371: [ParNew: 107165K->5426K(112448K), 0.0018330 secs] 131040K->29386K(364160K), 0.0018790 secs] [Times: user=0.01 sys=0.00, real=0.00 secs] 
335.373: Total time for which application threads were stopped: 0.0033130 seconds, Stopping threads took: 0.0013600 seconds
335.466: Application time: 0.0932390 seconds
335.469: [GC335.469: [ParNew: 105394K->6535K(112448K), 0.0022100 secs] 129354K->30496K(364160K), 0.0022530 secs] [Times: user=0.01 sys=0.00, real=0.00 secs] 
335.471: Total time for which application threads were stopped: 0.0048660 seconds, Stopping threads took: 0.0025400 seconds
335.566: Application time: 0.0953770 seconds
335.570: [GC335.570: [ParNew: 106259K->6274K(112448K), 0.0022820 secs] 130220K->30292K(364160K), 0.0023310 secs] [Times: user=0.01 sys=0.00, real=0.00 secs] 
335.572: Total time for which application threads were stopped: 0.0054870 seconds, Stopping threads took: 0.0030840 seconds
335.666: Application time: 0.0937270 seconds
335.668: [GC335.668: [ParNew: 106242K->7275K(112448K), 0.0024140 secs] 130260K->31293K(364160K), 0.0024600 secs] [Times: user=0.02 sys=0.00, real=0.00 secs] 
335.671: Total time for which application threads were stopped: 0.0050740 seconds, Stopping threads took: 0.0025400 seconds
335.769: Application time: 0.0981240 seconds
335.771: [GC335.771: [ParNew: 107243K->6115K(112448K), 0.0021120 secs] 131261K->30218K(364160K), 0.0021560 secs] [Times: user=0.02 sys=0.00, real=0.00 secs] 
335.773: Total time for which application threads were stopped: 0.0041400 seconds, Stopping threads took: 0.0019030 seconds
335.867: Application time: 0.0943240 seconds
335.870: [GC335.870: [ParNew: 106083K->7021K(112448K), 0.0024630 secs] 130186K->31125K(364160K), 0.0025100 secs] [Times: user=0.02 sys=0.00, real=0.00 secs] 
335.872: Total time for which application threads were stopped: 0.0050360 seconds, Stopping threads took: 0.0024540 seconds
335.970: Application time: 0.0978070 seconds
335.973: [GC335.973: [ParNew: 106989K->6052K(112448K), 0.0022020 secs] 131093K->30270K(364160K), 0.0022500 secs] [Times: user=0.01 sys=0.00, real=0.00 secs] 
335.976: Total time for which application threads were stopped: 0.0055000 seconds, Stopping threads took: 0.0031590 seconds
336.070: Application time: 0.0941680 seconds
336.071: [GC336.071: [ParNew: 106020K->4722K(112448K), 0.0017120 secs] 130238K->28940K(364160K), 0.0017550 secs] [Times: user=0.01 sys=0.00, real=0.00 secs] 
336.073: Total time for which application threads were stopped: 0.0030220 seconds, Stopping threads took: 0.0011960 seconds
336.168: Application time: 0.0949920 seconds
336.171: [GC336.171: [ParNew: 104690K->6862K(112448K), 0.0023900 secs] 128908K->31079K(364160K), 0.0024370 secs] [Times: user=0.02 sys=0.00, real=0.00 secs] 
336.173: Total time for which application threads were stopped: 0.0051730 seconds, Stopping threads took: 0.0026520 seconds
336.268: Application time: 0.0951020 seconds
336.270: [GC336.270: [ParNew: 106830K->6655K(112448K), 0.0022520 secs] 131047K->30958K(364160K), 0.0022950 secs] [Times: user=0.02 sys=0.00, real=0.00 secs] 
336.272: Total time for which application threads were stopped: 0.0039070 seconds, Stopping threads took: 0.0015110 seconds
336.368: Application time: 0.0964280 seconds
336.371: [GC336.371: [ParNew: 106623K->7428K(112448K), 0.0025510 secs] 130926K->31816K(364160K), 0.0025980 secs] [Times: user=0.02 sys=0.00, real=0.00 secs] 
336.374: Total time for which application threads were stopped: 0.0055860 seconds, Stopping threads took: 0.0028920 seconds
336.467: Application time: 0.0933840 seconds
336.470: [GC336.470: [ParNew: 107396K->6800K(112448K), 0.0025060 secs] 131784K->31245K(364160K), 0.0025510 secs] [Times: user=0.01 sys=0.00, real=0.00 secs] 
336.472: Total time for which application threads were stopped: 0.0050340 seconds, Stopping threads took: 0.0023900 seconds
336.571: Application time: 0.0983360 seconds
336.576: [GC336.576: [ParNew: 106768K->7537K(112448K), 0.0026140 secs] 131213K->32011K(364160K), 0.0026560 secs] [Times: user=0.02 sys=0.00, real=0.00 secs] 
336.578: Total time for which application threads were stopped: 0.0073940 seconds, Stopping threads took: 0.0046650 seconds
336.673: Application time: 0.0950100 seconds
336.676: [GC336.676: [ParNew: 107505K->7515K(112448K), 0.0025990 secs] 131979K->31988K(364160K), 0.0026450 secs] [Times: user=0.02 sys=0.00, real=0.00 secs] 
336.678: Total time for which application threads were stopped: 0.0051370 seconds, Stopping threads took: 0.0024200 seconds
336.774: Application time: 0.0959660 seconds
336.777: [GC336.777: [ParNew: 107483K->6481K(112448K), 0.0022630 secs] 131956K->31011K(364160K), 0.0023050 secs] [Times: user=0.01 sys=0.00, real=0.01 secs] 
336.780: Total time for which application threads were stopped: 0.0053920 seconds, Stopping threads took: 0.0029950 seconds
336.873: Application time: 0.0931550 seconds
336.875: [GC336.876: [ParNew: 106449K->6365K(112448K), 0.0021500 secs] 130979K->30981K(364160K), 0.0021970 secs] [Times: user=0.01 sys=0.00, real=0.00 secs] 
336.878: Total time for which application threads were stopped: 0.0048440 seconds, Stopping threads took: 0.0025460 seconds
336.972: Application time: 0.0942440 seconds
336.975: [GC336.975: [ParNew: 106333K->6587K(112448K), 0.0023170 secs] 130949K->31260K(364160K), 0.0023650 secs] [Times: user=0.01 sys=0.00, real=0.00 secs] 
336.977: Total time for which application threads were stopped: 0.0053940 seconds, Stopping threads took: 0.0029560 seconds
337.071: Application time: 0.0934940 seconds
337.074: [GC337.074: [ParNew: 106555K->6577K(112448K), 0.0022510 secs] 131228K->31278K(364160K), 0.0022930 secs] [Times: user=0.02 sys=0.00, real=0.00 secs] 
337.076: Total time for which application threads were stopped: 0.0049790 seconds, Stopping threads took: 0.0025940 seconds
337.173: Application time: 0.0972750 seconds
337.176: [GC337.176: [ParNew: 106545K->6645K(112448K), 0.0021730 secs] 131246K->31347K(364160K), 0.0022170 secs] [Times: user=0.02 sys=0.00, real=0.00 secs] 
337.178: Total time for which application threads were stopped: 0.0048380 seconds, Stopping threads took: 0.0025490 seconds
337.271: Application time: 0.0935100 seconds
337.274: [GC337.274: [ParNew: 106613K->7321K(112448K), 0.0025530 secs] 131315K->32051K(364160K), 0.0025980 secs] [Times: user=0.02 sys=0.00, real=0.00 secs] 
337.276: Total time for which application threads were stopped: 0.0049730 seconds, Stopping threads took: 0.0022930 seconds
337.372: Application time: 0.0953930 seconds
337.374: [GC337.374: [ParNew: 107289K->6138K(112448K), 0.0021350 secs] 132019K->30982K(364160K), 0.0021780 secs] [Times: user=0.01 sys=0.00, real=0.00 secs] 
337.376: Total time for which application threads were stopped: 0.0041450 seconds, Stopping threads took: 0.0018960 seconds
337.471: Application time: 0.0949740 seconds
337.474: [GC337.474: [ParNew: 106106K->7288K(112448K), 0.0024650 secs] 130950K->32132K(364160K), 0.0025110 secs] [Times: user=0.02 sys=0.00, real=0.00 secs] 
337.476: Total time for which application threads were stopped: 0.0052860 seconds, Stopping threads took: 0.0026740 seconds
337.573: Application time: 0.0968590 seconds
337.576: [GC337.576: [ParNew: 107256K->7201K(112448K), 0.0023820 secs] 132100K->32131K(364160K), 0.0024350 secs] [Times: user=0.02 sys=0.00, real=0.00 secs] 
337.579: Total time for which application threads were stopped: 0.0056690 seconds, Stopping threads took: 0.0031650 seconds
337.670: Application time: 0.0911080 seconds
337.673: [GC337.673: [ParNew: 107169K->7174K(112448K), 0.0023110 secs] 132099K->32104K(364160K), 0.0023570 secs] [Times: user=0.02 sys=0.00, real=0.00 secs] 
337.675: Total time for which application threads were stopped: 0.0053540 seconds, Stopping threads took: 0.0029260 seconds
337.766: Application time: 0.0904590 seconds
337.768: [GC337.768: [ParNew: 107142K->5853K(112448K), 0.0020440 secs] 132072K->30811K(364160K), 0.0020860 secs] [Times: user=0.01 sys=0.00, real=0.00 secs] 
337.770: Total time for which application threads were stopped: 0.0039820 seconds, Stopping threads took: 0.0018260 seconds
337.857: Application time: 0.0876030 seconds
337.860: [GC337.860: [ParNew: 105821K->6636K(112448K), 0.0022170 secs] 130779K->31595K(364160K), 0.0022600 secs] [Times: user=0.02 sys=0.00, real=0.00 secs] 
337.862: Total time for which application threads were stopped: 0.0049870 seconds, Stopping threads took: 0.0026560 seconds
337.952: Application time: 0.0898850 seconds
337.954: [GC337.954: [ParNew: 106604K->6649K(112448K), 0.0022440 secs] 131563K->31751K(364160K), 0.0022870 secs] [Times: user=0.01 sys=0.00, real=0.00 secs] 
337.956: Total time for which application threads were stopped: 0.0038700 seconds, Stopping threads took: 0.0015110 seconds
338.043: Application time: 0.0873620 seconds
338.046: [GC338.046: [ParNew: 106617K->6923K(112448K), 0.0023880 secs] 131719K->32081K(364160K), 0.0024330 secs] [Times: user=0.02 sys=0.00, real=0.01 secs] 
338.048: Total time for which application threads were stopped: 0.0045700 seconds, Stopping threads took: 0.0020560 seconds
338.136: Application time: 0.0884830 seconds
338.138: [GC338.138: [ParNew: 106891K->7318K(112448K), 0.0024700 secs] 132049K->32476K(364160K), 0.0025150 secs] [Times: user=0.02 sys=0.00, real=0.01 secs] 
338.141: Total time for which application threads were stopped: 0.0041480 seconds, Stopping threads took: 0.0015610 seconds
338.234: Application time: 0.0930740 seconds
338.235: [GC338.235: [ParNew: 107286K->5345K(112448K), 0.0018230 secs] 132444K->30503K(364160K), 0.0018660 secs] [Times: user=0.01 sys=0.00, real=0.00 secs] 
338.237: Total time for which application threads were stopped: 0.0035320 seconds, Stopping threads took: 0.0015980 seconds
338.328: Application time: 0.0903790 seconds
338.330: [GC338.330: [ParNew: 105313K->6434K(112448K), 0.0021470 secs] 130471K->31592K(364160K), 0.0021960 secs] [Times: user=0.01 sys=0.00, real=0.00 secs] 
338.332: Total time for which application threads were stopped: 0.0047360 seconds, Stopping threads took: 0.0024690 seconds
338.422: Application time: 0.0895920 seconds
338.424: [GC338.424: [ParNew: 106402K->6984K(112448K), 0.0025020 secs] 131560K->32313K(364160K), 0.0025480 secs] [Times: user=0.01 sys=0.00, real=0.00 secs] 
338.427: Total time for which application threads were stopped: 0.0050270 seconds, Stopping threads took: 0.0024100 seconds
338.515: Application time: 0.0882540 seconds
338.518: [GC338.518: [ParNew: 106952K->7588K(112448K), 0.0026050 secs] 132281K->32975K(364160K), 0.0026500 secs] [Times: user=0.02 sys=0.00, real=0.01 secs] 
338.520: Total time for which application threads were stopped: 0.0050790 seconds, Stopping threads took: 0.0023370 seconds
338.610: Application time: 0.0898850 seconds
338.612: [GC338.612: [ParNew: 107556K->5126K(112448K), 0.0018400 secs] 132943K->30512K(364160K), 0.0018840 secs] [Times: user=0.01 sys=0.00, real=0.00 secs] 
338.613: Total time for which application threads were stopped: 0.0032790 seconds, Stopping threads took: 0.0013170 seconds
338.708: Application time: 0.0944270 seconds
338.710: [GC338.710: [ParNew: 105094K->6677K(112448K), 0.0023120 secs] 130480K->32063K(364160K), 0.0023590 secs] [Times: user=0.01 sys=0.00, real=0.00 secs] 
338.713: Total time for which application threads were stopped: 0.0048770 seconds, Stopping threads took: 0.0024320 seconds
338.807: Application time: 0.0938430 seconds
338.809: [GC338.809: [ParNew: 106645K->6537K(112448K), 0.0022000 secs] 132031K->31980K(364160K), 0.0022440 secs] [Times: user=0.01 sys=0.00, real=0.00 secs] 
338.811: Total time for which application threads were stopped: 0.0042550 seconds, Stopping threads took: 0.0019420 seconds
338.902: Application time: 0.0914710 seconds
338.904: [GC338.904: [ParNew: 106505K->7281K(112448K), 0.0025080 secs] 131948K->32838K(364160K), 0.0025530 secs] [Times: user=0.02 sys=0.00, real=0.00 secs] 
338.907: Total time for which application threads were stopped: 0.0045220 seconds, Stopping threads took: 0.0018770 seconds
338.997: Application time: 0.0904210 seconds
339.000: [GC339.000: [ParNew: 107249K->6514K(112448K), 0.0023160 secs] 132806K->32100K(364160K), 0.0023580 secs] [Times: user=0.01 sys=0.00, real=0.00 secs] 
339.002: Total time for which application threads were stopped: 0.0047530 seconds, Stopping threads took: 0.0023250 seconds
339.089: Application time: 0.0872100 seconds
339.092: [GC339.092: [ParNew: 106482K->7548K(112448K), 0.0024050 secs] 132068K->33163K(364160K), 0.0024500 secs] [Times: user=0.02 sys=0.00, real=0.00 secs] 
339.094: Total time for which application threads were stopped: 0.0049980 seconds, Stopping threads took: 0.0024520 seconds
339.183: Application time: 0.0889110 seconds
339.185: [GC339.185: [ParNew: 107516K->7302K(112448K), 0.0024180 secs] 133131K->32916K(364160K), 0.0024630 secs] [Times: user=0.00 sys=0.01, real=0.01 secs] 
339.187: Total time for which application threads were stopped: 0.0042300 seconds, Stopping threads took: 0.0016740 seconds
339.283: Application time: 0.0951470 seconds
339.284: [GC339.284: [ParNew: 107270K->4868K(112448K), 0.0017160 secs] 132884K->30511K(364160K), 0.0017580 secs] [Times: user=0.02 sys=0.00, real=0.00 secs] 
339.286: Total time for which application threads were stopped: 0.0036310 seconds, Stopping threads took: 0.0018110 seconds
339.374: Application time: 0.0874320 seconds
339.375: [GC339.375: [ParNew: 104836K->7043K(112448K), 0.0022570 secs] 130479K->32686K(364160K), 0.0023000 secs] [Times: user=0.02 sys=0.00, real=0.00 secs] 
339.378: Total time for which application threads were stopped: 0.0041420 seconds, Stopping threads took: 0.0017510 seconds
339.468: Application time: 0.0900500 seconds
339.470: [GC339.470: [ParNew: 107011K->5897K(112448K), 0.0019960 secs] 132654K->31711K(364160K), 0.0020410 secs] [Times: user=0.01 sys=0.00, real=0.00 secs] 
339.472: Total time for which application threads were stopped: 0.0046030 seconds, Stopping threads took: 0.0024910 seconds
339.561: Application time: 0.0889150 seconds
339.563: [GC339.563: [ParNew: 105865K->6598K(112448K), 0.0021590 secs] 131679K->32412K(364160K), 0.0022050 secs] [Times: user=0.02 sys=0.00, real=0.00 secs] 
339.565: Total time for which application threads were stopped: 0.0037930 seconds, Stopping threads took: 0.0015170 seconds
339.658: Application time: 0.0925770 seconds
339.660: [GC339.660: [ParNew: 106566K->7449K(112448K), 0.0024710 secs] 132380K->33292K(364160K), 0.0025150 secs] [Times: user=0.02 sys=0.00, real=0.00 secs] 
339.662: Total time for which application threads were stopped: 0.0044640 seconds, Stopping threads took: 0.0018800 seconds
339.751: Application time: 0.0883370 seconds
339.752: [GC339.752: [ParNew: 107417K->5846K(112448K), 0.0020610 secs] 133260K->31717K(364160K), 0.0020980 secs] [Times: user=0.01 sys=0.00, real=0.00 secs] 
339.754: Total time for which application threads were stopped: 0.0037660 seconds, Stopping threads took: 0.0015810 seconds
339.846: Application time: 0.0918420 seconds
339.847: [GC339.847: [ParNew: 105814K->6959K(112448K), 0.0023710 secs] 131685K->32830K(364160K), 0.0024210 secs] [Times: user=0.02 sys=0.00, real=0.01 secs] 
339.850: Total time for which application threads were stopped: 0.0035700 seconds, Stopping threads took: 0.0010780 seconds
339.942: Application time: 0.0925150 seconds
339.945: [GC339.945: [ParNew: 106927K->7650K(112448K), 0.0025870 secs] 132798K->33692K(364160K), 0.0026420 secs] [Times: user=0.02 sys=0.00, real=0.01 secs] 
339.948: Total time for which application threads were stopped: 0.0057400 seconds, Stopping threads took: 0.0030300 seconds
340.037: Application time: 0.0885660 seconds
340.039: [GC340.039: [ParNew: 107618K->6791K(112448K), 0.0024080 secs] 133660K->32862K(364160K), 0.0024520 secs] [Times: user=0.02 sys=0.00, real=0.01 secs] 
340.041: Total time for which application threads were stopped: 0.0046520 seconds, Stopping threads took: 0.0021110 seconds
340.130: Application time: 0.0885660 seconds
340.133: [GC340.133: [ParNew: 106759K->7422K(112448K), 0.0025710 secs] 132830K->33492K(364160K), 0.0026130 secs] [Times: user=0.01 sys=0.00, real=0.00 secs] 
340.135: Total time for which application threads were stopped: 0.0054590 seconds, Stopping threads took: 0.0027660 seconds
340.227: Application time: 0.0914240 seconds
340.230: [GC340.230: [ParNew: 107390K->6313K(112448K), 0.0021300 secs] 133460K->32413K(364160K), 0.0021810 secs] [Times: user=0.02 sys=0.00, real=0.00 secs] 
340.232: Total time for which application threads were stopped: 0.0051780 seconds, Stopping threads took: 0.0029050 seconds
340.319: Application time: 0.0874910 seconds
340.322: [GC340.322: [ParNew: 106281K->6029K(112448K), 0.0020150 secs] 132381K->32214K(364160K), 0.0020620 secs] [Times: user=0.02 sys=0.00, real=0.00 secs] 
340.324: Total time for which application threads were stopped: 0.0046380 seconds, Stopping threads took: 0.0025000 seconds
340.412: Application time: 0.0880120 seconds
340.415: [GC340.415: [ParNew: 105997K->7406K(112448K), 0.0024190 secs] 132182K->33591K(364160K), 0.0024630 secs] [Times: user=0.02 sys=0.00, real=0.00 secs] 
340.417: Total time for which application threads were stopped: 0.0053500 seconds, Stopping threads took: 0.0028120 seconds
340.512: Application time: 0.0941990 seconds
340.513: [GC340.513: [ParNew: 107374K->6672K(112448K), 0.0023150 secs] 133559K->32971K(364160K), 0.0023580 secs] [Times: user=0.01 sys=0.00, real=0.00 secs] 
340.516: Total time for which application threads were stopped: 0.0041920 seconds, Stopping threads took: 0.0017540 seconds
340.603: Application time: 0.0871010 seconds
340.604: [GC340.604: [ParNew: 106640K->7519K(112448K), 0.0026680 secs] 132939K->33818K(364160K), 0.0027100 secs] [Times: user=0.01 sys=0.00, real=0.00 secs] 
340.607: Total time for which application threads were stopped: 0.0043720 seconds, Stopping threads took: 0.0015700 seconds
340.697: Application time: 0.0901270 seconds
340.700: [GC340.700: [ParNew: 107487K->7061K(112448K), 0.0022670 secs] 133786K->33389K(364160K), 0.0023120 secs] [Times: user=0.01 sys=0.00, real=0.00 secs] 
340.703: Total time for which application threads were stopped: 0.0052000 seconds, Stopping threads took: 0.0028170 seconds
340.791: Application time: 0.0883520 seconds
340.793: [GC340.793: [ParNew: 107029K->7817K(112448K), 0.0028710 secs] 133357K->34230K(364160K), 0.0029150 secs] [Times: user=0.02 sys=0.00, real=0.00 secs] 
340.796: Total time for which application threads were stopped: 0.0055420 seconds, Stopping threads took: 0.0025370 seconds
340.886: Application time: 0.0897350 seconds
340.888: [GC340.888: [ParNew: 107785K->6787K(112448K), 0.0024540 secs] 134198K->33257K(364160K), 0.0024980 secs] [Times: user=0.01 sys=0.00, real=0.00 secs] 
340.891: Total time for which application threads were stopped: 0.0045620 seconds, Stopping threads took: 0.0019710 seconds
340.983: Application time: 0.0918720 seconds
340.985: [GC340.985: [ParNew: 106755K->6847K(112448K), 0.0024230 secs] 133225K->33374K(364160K), 0.0024660 secs] [Times: user=0.02 sys=0.00, real=0.01 secs] 
340.988: Total time for which application threads were stopped: 0.0051580 seconds, Stopping threads took: 0.0026240 seconds
341.079: Application time: 0.0913380 seconds
341.082: [GC341.082: [ParNew: 106815K->7903K(112448K), 0.0026360 secs] 133342K->34429K(364160K), 0.0026820 secs] [Times: user=0.02 sys=0.00, real=0.00 secs] 
341.085: Total time for which application threads were stopped: 0.0054510 seconds, Stopping threads took: 0.0026910 seconds
341.174: Application time: 0.0894520 seconds
341.177: [GC341.177: [ParNew: 107871K->6856K(112448K), 0.0021660 secs] 134397K->33383K(364160K), 0.0022100 secs] [Times: user=0.02 sys=0.00, real=0.00 secs] 
341.179: Total time for which application threads were stopped: 0.0049820 seconds, Stopping threads took: 0.0027010 seconds
341.267: Application time: 0.0882400 seconds
341.269: [GC341.269: [ParNew: 106824K->7530K(112448K), 0.0024920 secs] 133351K->34171K(364160K), 0.0025370 secs] [Times: user=0.02 sys=0.00, real=0.00 secs] 
341.272: Total time for which application threads were stopped: 0.0048300 seconds, Stopping threads took: 0.0022240 seconds
341.367: Application time: 0.0945250 seconds
341.368: [GC341.368: [ParNew: 107498K->4487K(112448K), 0.0016950 secs] 134139K->31185K(364160K), 0.0017360 secs] [Times: user=0.01 sys=0.00, real=0.00 secs] 
341.370: Total time for which application threads were stopped: 0.0029770 seconds, Stopping threads took: 0.0011610 seconds
341.456: Application time: 0.0863880 seconds
341.458: [GC341.458: [ParNew: 104455K->6339K(112448K), 0.0021850 secs] 131153K->33037K(364160K), 0.0022300 secs] [Times: user=0.01 sys=0.00, real=0.01 secs] 
341.460: Total time for which application threads were stopped: 0.0039570 seconds, Stopping threads took: 0.0016470 seconds
341.552: Application time: 0.0916120 seconds
341.554: [GC341.554: [ParNew: 106307K->6029K(112448K), 0.0022920 secs] 133005K->32784K(364160K), 0.0023360 secs] [Times: user=0.02 sys=0.00, real=0.00 secs] 
341.557: Total time for which application threads were stopped: 0.0051160 seconds, Stopping threads took: 0.0026900 seconds
341.643: Application time: 0.0861320 seconds
341.645: [GC341.645: [ParNew: 105997K->7491K(112448K), 0.0025710 secs] 132752K->34246K(364160K), 0.0026180 secs] [Times: user=0.02 sys=0.00, real=0.01 secs] 
341.648: Total time for which application threads were stopped: 0.0049240 seconds, Stopping threads took: 0.0022150 seconds
341.747: Application time: 0.0994020 seconds
341.748: [GC341.748: [ParNew: 107459K->4448K(112448K), 0.0017280 secs] 134214K->31260K(364160K), 0.0017670 secs] [Times: user=0.01 sys=0.00, real=0.00 secs] 
341.750: Total time for which application threads were stopped: 0.0026020 seconds, Stopping threads took: 0.0007620 seconds
341.848: Application time: 0.0982420 seconds
341.850: [GC341.850: [ParNew: 104416K->5328K(112448K), 0.0018190 secs] 131228K->32140K(364160K), 0.0018640 secs] [Times: user=0.01 sys=0.00, real=0.00 secs] 
341.852: Total time for which application threads were stopped: 0.0036040 seconds, Stopping threads took: 0.0016670 seconds
341.951: Application time: 0.0995800 seconds
341.953: [GC341.953: [ParNew: 105296K->6421K(112448K), 0.0022190 secs] 132108K->33233K(364160K), 0.0022640 secs] [Times: user=0.02 sys=0.00, real=0.00 secs] 
341.956: Total time for which application threads were stopped: 0.0045720 seconds, Stopping threads took: 0.0022380 seconds
342.053: Application time: 0.0977230 seconds
342.056: [GC342.056: [ParNew: 106389K->7072K(112448K), 0.0024680 secs] 133201K->34055K(364160K), 0.0025170 secs] [Times: user=0.01 sys=0.00, real=0.00 secs] 
342.058: Total time for which application threads were stopped: 0.0047070 seconds, Stopping threads took: 0.0020950 seconds
342.156: Application time: 0.0981290 seconds
342.158: [GC342.158: [ParNew: 107040K->6056K(112448K), 0.0019910 secs] 134023K->33040K(364160K), 0.0020350 secs] [Times: user=0.02 sys=0.00, real=0.01 secs] 
342.160: Total time for which application threads were stopped: 0.0033860 seconds, Stopping threads took: 0.0012800 seconds
342.255: Application time: 0.0952210 seconds
342.256: [GC342.256: [ParNew: 106024K->7180K(112448K), 0.0024560 secs] 133008K->34163K(364160K), 0.0025020 secs] [Times: user=0.02 sys=0.00, real=0.00 secs] 
342.259: Total time for which application threads were stopped: 0.0038070 seconds, Stopping threads took: 0.0012310 seconds
342.354: Application time: 0.0953520 seconds
342.356: [GC342.356: [ParNew: 107148K->5718K(112448K), 0.0020250 secs] 134131K->32844K(364160K), 0.0020770 secs] [Times: user=0.01 sys=0.00, real=0.00 secs] 
342.358: Total time for which application threads were stopped: 0.0040830 seconds, Stopping threads took: 0.0019340 seconds
342.453: Application time: 0.0948830 seconds
342.456: [GC342.456: [ParNew: 105686K->5776K(112448K), 0.0018310 secs] 132812K->32902K(364160K), 0.0018720 secs] [Times: user=0.02 sys=0.00, real=0.00 secs] 
342.458: Total time for which application threads were stopped: 0.0046800 seconds, Stopping threads took: 0.0027350 seconds
342.557: Application time: 0.0991850 seconds
342.559: [GC342.559: [ParNew: 105744K->5740K(112448K), 0.0018790 secs] 132870K->32866K(364160K), 0.0019250 secs] [Times: user=0.02 sys=0.00, real=0.01 secs] 
342.561: Total time for which application threads were stopped: 0.0041850 seconds, Stopping threads took: 0.0021820 seconds
342.656: Application time: 0.0945470 seconds
342.657: [GC342.657: [ParNew: 105708K->5752K(112448K), 0.0019820 secs] 132834K->32877K(364160K), 0.0020280 secs] [Times: user=0.01 sys=0.00, real=0.01 secs] 
342.659: Total time for which application threads were stopped: 0.0037900 seconds, Stopping threads took: 0.0016910 seconds
342.754: Application time: 0.0948640 seconds
342.757: [GC342.757: [ParNew: 105720K->7500K(112448K), 0.0024970 secs] 132845K->34626K(364160K), 0.0025420 secs] [Times: user=0.02 sys=0.00, real=0.00 secs] 
342.759: Total time for which application threads were stopped: 0.0048960 seconds, Stopping threads took: 0.0022800 seconds
342.854: Application time: 0.0952250 seconds
342.856: [GC342.856: [ParNew: 107468K->7408K(112448K), 0.0026780 secs] 134594K->34705K(364160K), 0.0027220 secs] [Times: user=0.02 sys=0.00, real=0.00 secs] 
342.859: Total time for which application threads were stopped: 0.0046810 seconds, Stopping threads took: 0.0018640 seconds
342.954: Application time: 0.0945780 seconds
342.954: [GC342.954: [ParNew: 107376K->6565K(112448K), 0.0022280 secs] 134673K->33919K(364160K), 0.0022740 secs] [Times: user=0.02 sys=0.00, real=0.00 secs] 
342.957: Total time for which application threads were stopped: 0.0031050 seconds, Stopping threads took: 0.0007560 seconds
343.051: Application time: 0.0946750 seconds
343.054: [GC343.054: [ParNew: 106533K->6616K(112448K), 0.0024830 secs] 133887K->34027K(364160K), 0.0025290 secs] [Times: user=0.01 sys=0.00, real=0.00 secs] 
343.057: Total time for which application threads were stopped: 0.0053420 seconds, Stopping threads took: 0.0027410 seconds
343.154: Application time: 0.0968630 seconds
343.155: [GC343.155: [ParNew: 106584K->6934K(112448K), 0.0023000 secs] 133995K->34345K(364160K), 0.0023520 secs] [Times: user=0.02 sys=0.00, real=0.00 secs] 
343.158: Total time for which application threads were stopped: 0.0039540 seconds, Stopping threads took: 0.0015160 seconds
343.251: Application time: 0.0938480 seconds
343.255: [GC343.255: [ParNew: 106902K->7905K(112448K), 0.0028510 secs] 134313K->35344K(364160K), 0.0028990 secs] [Times: user=0.02 sys=0.00, real=0.00 secs] 
343.258: Total time for which application threads were stopped: 0.0061320 seconds, Stopping threads took: 0.0031410 seconds
343.352: Application time: 0.0947930 seconds
343.354: [GC343.354: [ParNew: 107873K->6986K(112448K), 0.0023570 secs] 135312K->34511K(364160K), 0.0024010 secs] [Times: user=0.02 sys=0.00, real=0.00 secs] 
343.356: Total time for which application threads were stopped: 0.0038660 seconds, Stopping threads took: 0.0013730 seconds
343.451: Application time: 0.0950240 seconds
343.453: [GC343.453: [ParNew: 106954K->5652K(112448K), 0.0021130 secs] 134479K->33234K(364160K), 0.0021590 secs] [Times: user=0.01 sys=0.00, real=0.00 secs] 
343.455: Total time for which application threads were stopped: 0.0039390 seconds, Stopping threads took: 0.0017060 seconds
343.553: Application time: 0.0976060 seconds
343.555: [GC343.555: [ParNew: 105618K->6537K(112448K), 0.0021710 secs] 133200K->34119K(364160K), 0.0022230 secs] [Times: user=0.02 sys=0.00, real=0.00 secs] 
343.557: Total time for which application threads were stopped: 0.0043920 seconds, Stopping threads took: 0.0020680 seconds
343.653: Application time: 0.0954030 seconds
343.655: [GC343.655: [ParNew: 106505K->7726K(112448K), 0.0025850 secs] 134087K->35365K(364160K), 0.0026330 secs] [Times: user=0.02 sys=0.00, real=0.00 secs] 
343.658: Total time for which application threads were stopped: 0.0054960 seconds, Stopping threads took: 0.0027830 seconds
343.753: Application time: 0.0950320 seconds
343.756: [GC343.756: [ParNew: 107694K->7834K(112448K), 0.0027090 secs] 135333K->35502K(364160K), 0.0027590 secs] [Times: user=0.02 sys=0.00, real=0.00 secs] 
343.758: Total time for which application threads were stopped: 0.0051750 seconds, Stopping threads took: 0.0023230 seconds
343.852: Application time: 0.0935280 seconds
343.855: [GC343.855: [ParNew: 107802K->6890K(112448K), 0.0025180 secs] 135470K->34643K(364160K), 0.0025650 secs] [Times: user=0.02 sys=0.00, real=0.00 secs] 
343.857: Total time for which application threads were stopped: 0.0052380 seconds, Stopping threads took: 0.0026000 seconds
343.951: Application time: 0.0938690 seconds
343.953: [GC343.953: [ParNew: 106858K->7879K(112448K), 0.0028650 secs] 134611K->35689K(364160K), 0.0029110 secs] [Times: user=0.02 sys=0.00, real=0.00 secs] 
343.956: Total time for which application threads were stopped: 0.0052060 seconds, Stopping threads took: 0.0022010 seconds
344.055: Application time: 0.0986770 seconds
344.058: [GC344.058: [ParNew: 107847K->6606K(112448K), 0.0024340 secs] 135657K->34473K(364160K), 0.0024800 secs] [Times: user=0.01 sys=0.00, real=0.01 secs] 
344.060: Total time for which application threads were stopped: 0.0054720 seconds, Stopping threads took: 0.0029220 seconds
344.156: Application time: 0.0956950 seconds
344.158: [GC344.158: [ParNew: 106574K->6196K(112448K), 0.0022290 secs] 134441K->34064K(364160K), 0.0022750 secs] [Times: user=0.01 sys=0.00, real=0.01 secs] 
344.160: Total time for which application threads were stopped: 0.0043110 seconds, Stopping threads took: 0.0019460 seconds
344.253: Application time: 0.0926960 seconds
344.256: [GC344.256: [ParNew: 106164K->6736K(112448K), 0.0023180 secs] 134032K->34604K(364160K), 0.0023650 secs] [Times: user=0.01 sys=0.00, real=0.00 secs] 
344.258: Total time for which application threads were stopped: 0.0052780 seconds, Stopping threads took: 0.0028300 seconds
344.356: Application time: 0.0975420 seconds
344.358: [GC344.358: [ParNew: 106704K->7529K(112448K), 0.0025910 secs] 134572K->35482K(364160K), 0.0026370 secs] [Times: user=0.02 sys=0.00, real=0.01 secs] 
344.361: Total time for which application threads were stopped: 0.0047750 seconds, Stopping threads took: 0.0020640 seconds
344.454: Application time: 0.0933620 seconds
344.456: [GC344.456: [ParNew: 107497K->7160K(112448K), 0.0023860 secs] 135450K->35198K(364160K), 0.0024300 secs] [Times: user=0.02 sys=0.00, real=0.00 secs] 
344.459: Total time for which application threads were stopped: 0.0046380 seconds, Stopping threads took: 0.0021350 seconds
344.555: Application time: 0.0964290 seconds
344.557: [GC344.557: [ParNew: 107128K->6427K(112448K), 0.0023520 secs] 135166K->34494K(364160K), 0.0023990 secs] [Times: user=0.02 sys=0.00, real=0.01 secs] 
344.560: Total time for which application threads were stopped: 0.0046850 seconds, Stopping threads took: 0.0022140 seconds
344.655: Application time: 0.0951380 seconds
344.658: [GC344.658: [ParNew: 106395K->7488K(112448K), 0.0025240 secs] 134462K->35583K(364160K), 0.0025720 secs] [Times: user=0.02 sys=0.00, real=0.01 secs] 
344.660: Total time for which application threads were stopped: 0.0053020 seconds, Stopping threads took: 0.0026570 seconds
344.760: Application time: 0.0994450 seconds
344.762: [GC344.762: [ParNew: 107456K->7499K(112448K), 0.0024350 secs] 135551K->35594K(364160K), 0.0024820 secs] [Times: user=0.01 sys=0.00, real=0.00 secs] 
344.765: Total time for which application threads were stopped: 0.0051550 seconds, Stopping threads took: 0.0025920 seconds
344.862: Application time: 0.0967910 seconds
344.862: [GC344.862: [ParNew: 107467K->4769K(112448K), 0.0019170 secs] 135562K->32922K(364160K), 0.0019700 secs] [Times: user=0.01 sys=0.00, real=0.00 secs] 
344.864: Total time for which application threads were stopped: 0.0023370 seconds, Stopping threads took: 0.0002950 seconds
344.960: Application time: 0.0964780 seconds
344.963: [GC344.963: [ParNew: 104737K->6285K(112448K), 0.0023190 secs] 132890K->34438K(364160K), 0.0023630 secs] [Times: user=0.02 sys=0.00, real=0.00 secs] 
344.965: Total time for which application threads were stopped: 0.0049510 seconds, Stopping threads took: 0.0024960 seconds
345.060: Application time: 0.0947090 seconds
345.061: [GC345.061: [ParNew: 106253K->5702K(112448K), 0.0020780 secs] 134406K->33969K(364160K), 0.0021230 secs] [Times: user=0.01 sys=0.00, real=0.00 secs] 
345.063: Total time for which application threads were stopped: 0.0029560 seconds, Stopping threads took: 0.0007580 seconds
345.160: Application time: 0.0971090 seconds
345.163: [GC345.163: [ParNew: 105670K->7311K(112448K), 0.0025120 secs] 133937K->35577K(364160K), 0.0025570 secs] [Times: user=0.02 sys=0.00, real=0.00 secs] 
345.166: Total time for which application threads were stopped: 0.0057040 seconds, Stopping threads took: 0.0030710 seconds
345.261: Application time: 0.0946890 seconds
345.263: [GC345.263: [ParNew: 107279K->7257K(112448K), 0.0025500 secs] 135545K->35580K(364160K), 0.0025920 secs] [Times: user=0.02 sys=0.00, real=0.00 secs] 
345.266: Total time for which application threads were stopped: 0.0051520 seconds, Stopping threads took: 0.0024880 seconds
345.361: Application time: 0.0948170 seconds
345.362: [GC345.362: [ParNew: 107225K->7175K(112448K), 0.0024390 secs] 135548K->35555K(364160K), 0.0024910 secs] [Times: user=0.02 sys=0.00, real=0.00 secs] 
345.365: Total time for which application threads were stopped: 0.0044450 seconds, Stopping threads took: 0.0018690 seconds
345.457: Application time: 0.0915790 seconds
345.460: [GC345.460: [ParNew: 107143K->7774K(112448K), 0.0025580 secs] 135523K->36240K(364160K), 0.0026030 secs] [Times: user=0.02 sys=0.00, real=0.00 secs] 
345.462: Total time for which application threads were stopped: 0.0056700 seconds, Stopping threads took: 0.0029730 seconds
345.556: Application time: 0.0940380 seconds
345.558: [GC345.558: [ParNew: 107742K->6798K(112448K), 0.0022970 secs] 136208K->35293K(364160K), 0.0023420 secs] [Times: user=0.02 sys=0.00, real=0.01 secs] 
345.560: Total time for which application threads were stopped: 0.0041870 seconds, Stopping threads took: 0.0017510 seconds
345.654: Application time: 0.0937030 seconds
345.657: [GC345.657: [ParNew: 106766K->7781K(112448K), 0.0027350 secs] 135261K->36333K(364160K), 0.0027800 secs] [Times: user=0.02 sys=0.00, real=0.01 secs] 
345.660: Total time for which application threads were stopped: 0.0056860 seconds, Stopping threads took: 0.0028250 seconds
345.751: Application time: 0.0915530 seconds
345.754: [GC345.754: [ParNew: 107749K->7915K(112448K), 0.0027450 secs] 136301K->36466K(364160K), 0.0027920 secs] [Times: user=0.02 sys=0.00, real=0.00 secs] 
345.757: Total time for which application threads were stopped: 0.0059090 seconds, Stopping threads took: 0.0030370 seconds
345.843: Application time: 0.0855520 seconds
345.844: [GC345.844: [ParNew: 107883K->7842K(112448K), 0.0026410 secs] 136434K->36423K(364160K), 0.0026840 secs] [Times: user=0.02 sys=0.00, real=0.00 secs] 
345.847: Total time for which application threads were stopped: 0.0040110 seconds, Stopping threads took: 0.0012570 seconds
345.937: Application time: 0.0896250 seconds
345.939: [GC345.939: [ParNew: 107810K->6626K(112448K), 0.0022970 secs] 136391K->35320K(364160K), 0.0023410 secs] [Times: user=0.01 sys=0.00, real=0.01 secs] 
345.941: Total time for which application threads were stopped: 0.0048230 seconds, Stopping threads took: 0.0023850 seconds
346.030: Application time: 0.0885620 seconds
346.033: [GC346.033: [ParNew: 106594K->6531K(112448K), 0.0021630 secs] 135288K->35254K(364160K), 0.0022060 secs] [Times: user=0.01 sys=0.00, real=0.00 secs] 
346.035: Total time for which application threads were stopped: 0.0049390 seconds, Stopping threads took: 0.0026540 seconds
346.128: Application time: 0.0929110 seconds
346.130: [GC346.130: [ParNew: 106499K->4414K(112448K), 0.0015720 secs] 135222K->33193K(364160K), 0.0016130 secs] [Times: user=0.01 sys=0.00, real=0.00 secs] 
346.132: Total time for which application threads were stopped: 0.0043080 seconds, Stopping threads took: 0.0026260 seconds
346.220: Application time: 0.0882910 seconds
346.222: [GC346.222: [ParNew: 104382K->7156K(112448K), 0.0023470 secs] 133161K->35936K(364160K), 0.0023960 secs] [Times: user=0.02 sys=0.00, real=0.00 secs] 
346.225: Total time for which application threads were stopped: 0.0042510 seconds, Stopping threads took: 0.0017820 seconds
346.314: Application time: 0.0891720 seconds
346.316: [GC346.316: [ParNew: 107124K->6792K(112448K), 0.0022690 secs] 135904K->35600K(364160K), 0.0023130 secs] [Times: user=0.02 sys=0.00, real=0.00 secs] 
346.318: Total time for which application threads were stopped: 0.0042170 seconds, Stopping threads took: 0.0018320 seconds
346.406: Application time: 0.0882670 seconds
346.408: [GC346.408: [ParNew: 106760K->6616K(112448K), 0.0022510 secs] 135568K->35539K(364160K), 0.0022980 secs] [Times: user=0.01 sys=0.00, real=0.00 secs] 
346.410: Total time for which application threads were stopped: 0.0040360 seconds, Stopping threads took: 0.0016650 seconds
346.503: Application time: 0.0930890 seconds
346.505: [GC346.505: [ParNew: 106584K->7298K(112448K), 0.0024540 secs] 135507K->36249K(364160K), 0.0025040 secs] [Times: user=0.02 sys=0.00, real=0.01 secs] 
346.507: Total time for which application threads were stopped: 0.0039060 seconds, Stopping threads took: 0.0013030 seconds
346.597: Application time: 0.0895280 seconds
346.598: [GC346.598: [ParNew: 107266K->6318K(112448K), 0.0021630 secs] 136217K->35297K(364160K), 0.0022050 secs] [Times: user=0.01 sys=0.00, real=0.01 secs] 
346.601: Total time for which application threads were stopped: 0.0037920 seconds, Stopping threads took: 0.0015170 seconds
346.691: Application time: 0.0902330 seconds
346.692: [GC346.692: [ParNew: 106286K->5126K(112448K), 0.0017660 secs] 135265K->34134K(364160K), 0.0018090 secs] [Times: user=0.01 sys=0.00, real=0.00 secs] 
346.694: Total time for which application threads were stopped: 0.0032000 seconds, Stopping threads took: 0.0013190 seconds
346.781: Application time: 0.0870890 seconds
346.783: [GC346.783: [ParNew: 105094K->7478K(112448K), 0.0024340 secs] 134102K->36486K(364160K), 0.0024800 secs] [Times: user=0.02 sys=0.00, real=0.00 secs] 
346.785: Total time for which application threads were stopped: 0.0040810 seconds, Stopping threads took: 0.0015290 seconds
346.875: Application time: 0.0897290 seconds
346.876: [GC346.876: [ParNew: 107446K->6830K(112448K), 0.0022890 secs] 136454K->35951K(364160K), 0.0023320 secs] [Times: user=0.02 sys=0.00, real=0.00 secs] 
346.878: Total time for which application threads were stopped: 0.0034510 seconds, Stopping threads took: 0.0010470 seconds
346.972: Application time: 0.0935470 seconds
346.975: [GC346.975: [ParNew: 106798K->5085K(112448K), 0.0020340 secs] 135919K->34264K(364160K), 0.0020780 secs] [Times: user=0.01 sys=0.00, real=0.00 secs] 
346.977: Total time for which application threads were stopped: 0.0047100 seconds, Stopping threads took: 0.0025650 seconds
347.065: Application time: 0.0881410 seconds
347.067: [GC347.067: [ParNew: 105053K->7609K(112448K), 0.0026180 secs] 134232K->36788K(364160K), 0.0026640 secs] [Times: user=0.02 sys=0.00, real=0.01 secs] 
347.070: Total time for which application threads were stopped: 0.0048390 seconds, Stopping threads took: 0.0020940 seconds
347.157: Application time: 0.0873420 seconds
347.160: [GC347.160: [ParNew: 107577K->6499K(112448K), 0.0022090 secs] 136756K->35735K(364160K), 0.0022560 secs] [Times: user=0.02 sys=0.00, real=0.00 secs] 
347.162: Total time for which application threads were stopped: 0.0049660 seconds, Stopping threads took: 0.0026180 seconds
347.250: Application time: 0.0880940 seconds
347.252: [GC347.252: [ParNew: 106467K->7339K(112448K), 0.0025480 secs] 135703K->36603K(364160K), 0.0026020 secs] [Times: user=0.01 sys=0.00, real=0.00 secs] 
347.255: Total time for which application threads were stopped: 0.0048750 seconds, Stopping threads took: 0.0021790 seconds
347.344: Application time: 0.0891010 seconds
347.346: [GC347.346: [ParNew: 107307K->7142K(112448K), 0.0023570 secs] 136571K->36463K(364160K), 0.0024030 secs] [Times: user=0.02 sys=0.00, real=0.01 secs] 
347.349: Total time for which application threads were stopped: 0.0047870 seconds, Stopping threads took: 0.0023130 seconds
347.439: Application time: 0.0897470 seconds
347.440: [GC347.440: [ParNew: 107110K->5518K(112448K), 0.0018960 secs] 136431K->34896K(364160K), 0.0019400 secs] [Times: user=0.01 sys=0.00, real=0.00 secs] 
347.442: Total time for which application threads were stopped: 0.0037320 seconds, Stopping threads took: 0.0016990 seconds
347.531: Application time: 0.0888440 seconds
347.534: [GC347.534: [ParNew: 105486K->7604K(112448K), 0.0043000 secs] 134864K->36982K(364160K), 0.0043440 secs] [Times: user=0.04 sys=0.00, real=0.00 secs] 
347.538: Total time for which application threads were stopped: 0.0067680 seconds, Stopping threads took: 0.0023320 seconds
347.628: Application time: 0.0898540 seconds
347.629: [GC347.629: [ParNew: 107572K->5882K(112448K), 0.0019990 secs] 136950K->35346K(364160K), 0.0020420 secs] [Times: user=0.01 sys=0.00, real=0.00 secs] 
347.631: Total time for which application threads were stopped: 0.0032710 seconds, Stopping threads took: 0.0011500 seconds
347.723: Application time: 0.0921690 seconds
347.725: [GC347.725: [ParNew: 105850K->5190K(112448K), 0.0018490 secs] 135314K->34654K(364160K), 0.0018940 secs] [Times: user=0.01 sys=0.00, real=0.00 secs] 
347.727: Total time for which application threads were stopped: 0.0038290 seconds, Stopping threads took: 0.0018420 seconds
347.818: Application time: 0.0905960 seconds
347.819: [GC347.819: [ParNew: 105158K->6819K(112448K), 0.0023890 secs] 134622K->36283K(364160K), 0.0024350 secs] [Times: user=0.02 sys=0.00, real=0.01 secs] 
347.822: Total time for which application threads were stopped: 0.0038880 seconds, Stopping threads took: 0.0013820 seconds
347.913: Application time: 0.0911600 seconds
347.915: [GC347.915: [ParNew: 106787K->6632K(112448K), 0.0022060 secs] 136251K->36239K(364160K), 0.0022510 secs] [Times: user=0.02 sys=0.00, real=0.00 secs] 
347.917: Total time for which application threads were stopped: 0.0046250 seconds, Stopping threads took: 0.0023010 seconds
348.007: Application time: 0.0898070 seconds
348.009: [GC348.009: [ParNew: 106600K->6449K(112448K), 0.0022540 secs] 136207K->36084K(364160K), 0.0023050 secs] [Times: user=0.01 sys=0.00, real=0.00 secs] 
348.011: Total time for which application threads were stopped: 0.0041420 seconds, Stopping threads took: 0.0017660 seconds
348.099: Application time: 0.0880280 seconds
348.102: [GC348.102: [ParNew: 106417K->6794K(112448K), 0.0025200 secs] 136052K->36486K(364160K), 0.0025630 secs] [Times: user=0.02 sys=0.00, real=0.00 secs] 
348.104: Total time for which application threads were stopped: 0.0050220 seconds, Stopping threads took: 0.0023880 seconds
348.195: Application time: 0.0911350 seconds
348.200: [GC348.200: [ParNew: 106762K->5970K(112448K), 0.0022120 secs] 136454K->35691K(364160K), 0.0022580 secs] [Times: user=0.01 sys=0.00, real=0.00 secs] 
348.202: Total time for which application threads were stopped: 0.0062920 seconds, Stopping threads took: 0.0039430 seconds
348.293: Application time: 0.0912610 seconds
348.295: [GC348.295: [ParNew: 105938K->7452K(112448K), 0.0026030 secs] 135659K->37173K(364160K), 0.0026460 secs] [Times: user=0.02 sys=0.00, real=0.00 secs] 
348.298: Total time for which application threads were stopped: 0.0049820 seconds, Stopping threads took: 0.0022450 seconds
348.387: Application time: 0.0885790 seconds
348.388: [GC348.388: [ParNew: 107420K->6547K(112448K), 0.0023750 secs] 137141K->36381K(364160K), 0.0024210 secs] [Times: user=0.02 sys=0.00, real=0.00 secs] 
348.390: Total time for which application threads were stopped: 0.0037600 seconds, Stopping threads took: 0.0012590 seconds
348.478: Application time: 0.0874720 seconds
348.480: [GC348.480: [ParNew: 106515K->7645K(112448K), 0.0027390 secs] 136349K->37508K(364160K), 0.0027830 secs] [Times: user=0.02 sys=0.00, real=0.00 secs] 
348.483: Total time for which application threads were stopped: 0.0047610 seconds, Stopping threads took: 0.0019060 seconds
348.573: Application time: 0.0905800 seconds
348.575: [GC348.575: [ParNew: 107613K->5682K(112448K), 0.0020010 secs] 137476K->35602K(364160K), 0.0020450 secs] [Times: user=0.02 sys=0.00, real=0.00 secs] 
348.577: Total time for which application threads were stopped: 0.0039440 seconds, Stopping threads took: 0.0018300 seconds
348.668: Application time: 0.0903680 seconds
348.669: [GC348.669: [ParNew: 105650K->4082K(112448K), 0.0014810 secs] 135570K->34002K(364160K), 0.0015210 secs] [Times: user=0.01 sys=0.00, real=0.00 secs] 
348.671: Total time for which application threads were stopped: 0.0033750 seconds, Stopping threads took: 0.0017870 seconds
348.760: Application time: 0.0893280 seconds
348.763: [GC348.763: [ParNew: 104050K->7704K(112448K), 0.0027540 secs] 133970K->37624K(364160K), 0.0028000 secs] [Times: user=0.02 sys=0.00, real=0.00 secs] 
348.766: Total time for which application threads were stopped: 0.0055380 seconds, Stopping threads took: 0.0026380 seconds
348.857: Application time: 0.0910890 seconds
348.859: [GC348.859: [ParNew: 107672K->7457K(112448K), 0.0025430 secs] 137592K->37491K(364160K), 0.0025900 secs] [Times: user=0.01 sys=0.00, real=0.01 secs] 
348.861: Total time for which application threads were stopped: 0.0043330 seconds, Stopping threads took: 0.0016640 seconds
348.950: Application time: 0.0886970 seconds
348.951: [GC348.951: [ParNew: 107425K->7419K(112448K), 0.0024370 secs] 137459K->37511K(364160K), 0.0024860 secs] [Times: user=0.01 sys=0.01, real=0.00 secs] 
348.954: Total time for which application threads were stopped: 0.0038830 seconds, Stopping threads took: 0.0013300 seconds
349.044: Application time: 0.0901740 seconds
349.047: [GC349.047: [ParNew: 107387K->6706K(112448K), 0.0023250 secs] 137478K->36855K(364160K), 0.0023670 secs] [Times: user=0.01 sys=0.00, real=0.01 secs] 
349.049: Total time for which application threads were stopped: 0.0053140 seconds, Stopping threads took: 0.0028780 seconds
349.139: Application time: 0.0898940 seconds
349.142: [GC349.142: [ParNew: 106674K->7810K(112448K), 0.0025550 secs] 136823K->37959K(364160K), 0.0026000 secs] [Times: user=0.02 sys=0.00, real=0.00 secs] 
349.145: Total time for which application threads were stopped: 0.0053770 seconds, Stopping threads took: 0.0027070 seconds
349.237: Application time: 0.0920860 seconds
349.239: [GC349.239: [ParNew: 107778K->6724K(112448K), 0.0023680 secs] 137927K->36901K(364160K), 0.0024130 secs] [Times: user=0.02 sys=0.00, real=0.00 secs] 
349.242: Total time for which application threads were stopped: 0.0051590 seconds, Stopping threads took: 0.0026770 seconds
349.335: Application time: 0.0934520 seconds
349.337: [GC349.337: [ParNew: 106692K->6067K(112448K), 0.0020030 secs] 136869K->36301K(364160K), 0.0020490 secs] [Times: user=0.01 sys=0.00, real=0.00 secs] 
349.339: Total time for which application threads were stopped: 0.0037220 seconds, Stopping threads took: 0.0015930 seconds
349.428: Application time: 0.0894830 seconds
349.431: [GC349.431: [ParNew: 106035K->7806K(112448K), 0.0026070 secs] 136269K->38040K(364160K), 0.0026530 secs] [Times: user=0.02 sys=0.00, real=0.00 secs] 
349.434: Total time for which application threads were stopped: 0.0050700 seconds, Stopping threads took: 0.0023440 seconds
349.522: Application time: 0.0884590 seconds
349.524: [GC349.524: [ParNew: 107774K->7690K(112448K), 0.0025350 secs] 138008K->38066K(364160K), 0.0025790 secs] [Times: user=0.02 sys=0.00, real=0.00 secs] 
349.527: Total time for which application threads were stopped: 0.0050030 seconds, Stopping threads took: 0.0023530 seconds
349.619: Application time: 0.0922190 seconds
349.622: [GC349.622: [ParNew: 107658K->7672K(112448K), 0.0024970 secs] 138034K->38048K(364160K), 0.0025500 secs] [Times: user=0.02 sys=0.00, real=0.00 secs] 
349.624: Total time for which application threads were stopped: 0.0051630 seconds, Stopping threads took: 0.0025440 seconds
349.718: Application time: 0.0933710 seconds
349.719: [GC349.719: [ParNew: 107640K->6147K(112448K), 0.0020740 secs] 138016K->36553K(364160K), 0.0021170 secs] [Times: user=0.02 sys=0.00, real=0.01 secs] 
349.721: Total time for which application threads were stopped: 0.0033640 seconds, Stopping threads took: 0.0011710 seconds
349.814: Application time: 0.0933590 seconds
349.817: [GC349.817: [ParNew: 106115K->6352K(112448K), 0.0022180 secs] 136521K->36757K(364160K), 0.0022640 secs] [Times: user=0.02 sys=0.00, real=0.01 secs] 
349.820: Total time for which application threads were stopped: 0.0051910 seconds, Stopping threads took: 0.0028560 seconds
349.913: Application time: 0.0935200 seconds
349.916: [GC349.916: [ParNew: 106320K->7330K(112448K), 0.0024900 secs] 136725K->37878K(364160K), 0.0025350 secs] [Times: user=0.02 sys=0.00, real=0.00 secs] 
349.918: Total time for which application threads were stopped: 0.0053130 seconds, Stopping threads took: 0.0026950 seconds
350.018: Application time: 0.0996050 seconds
350.020: [GC350.020: [ParNew: 107298K->7227K(112448K), 0.0024170 secs] 137846K->37803K(364160K), 0.0024570 secs] [Times: user=0.01 sys=0.00, real=0.00 secs] 
350.023: Total time for which application threads were stopped: 0.0046180 seconds, Stopping threads took: 0.0020950 seconds
350.120: Application time: 0.0976940 seconds
350.123: [GC350.123: [ParNew: 107195K->5043K(112448K), 0.0018540 secs] 137771K->35648K(364160K), 0.0019010 secs] [Times: user=0.01 sys=0.00, real=0.00 secs] 
350.124: Total time for which application threads were stopped: 0.0040680 seconds, Stopping threads took: 0.0020940 seconds
350.221: Application time: 0.0969500 seconds
350.224: [GC350.224: [ParNew: 105011K->7052K(112448K), 0.0024390 secs] 135616K->37657K(364160K), 0.0024840 secs] [Times: user=0.01 sys=0.00, real=0.00 secs] 
350.227: Total time for which application threads were stopped: 0.0054360 seconds, Stopping threads took: 0.0028790 seconds
350.324: Application time: 0.0976060 seconds
350.326: [GC350.326: [ParNew: 107020K->6199K(112448K), 0.0020630 secs] 137625K->36861K(364160K), 0.0021090 secs] [Times: user=0.01 sys=0.00, real=0.01 secs] 
350.328: Total time for which application threads were stopped: 0.0038380 seconds, Stopping threads took: 0.0016550 seconds
350.421: Application time: 0.0927520 seconds
350.423: [GC350.423: [ParNew: 106167K->6360K(112448K), 0.0020060 secs] 136829K->37022K(364160K), 0.0020530 secs] [Times: user=0.01 sys=0.00, real=0.00 secs] 
350.425: Total time for which application threads were stopped: 0.0042260 seconds, Stopping threads took: 0.0020950 seconds
350.519: Application time: 0.0933780 seconds
350.520: [GC350.521: [ParNew: 106328K->6449K(112448K), 0.0022280 secs] 136990K->37224K(364160K), 0.0022690 secs] [Times: user=0.02 sys=0.00, real=0.00 secs] 
350.523: Total time for which application threads were stopped: 0.0040860 seconds, Stopping threads took: 0.0017260 seconds
350.621: Application time: 0.0985390 seconds
350.624: [GC350.624: [ParNew: 106417K->7539K(112448K), 0.0028130 secs] 137192K->38372K(364160K), 0.0028630 secs] [Times: user=0.01 sys=0.00, real=0.00 secs] 
350.627: Total time for which application threads were stopped: 0.0054980 seconds, Stopping threads took: 0.0025450 seconds
350.722: Application time: 0.0953860 seconds
350.725: [GC350.725: [ParNew: 107507K->6547K(112448K), 0.0023820 secs] 138340K->37409K(364160K), 0.0024270 secs] [Times: user=0.01 sys=0.00, real=0.01 secs] 
350.728: Total time for which application threads were stopped: 0.0055800 seconds, Stopping threads took: 0.0030620 seconds
350.824: Application time: 0.0957380 seconds
350.826: [GC350.826: [ParNew: 106515K->6141K(112448K), 0.0020940 secs] 137377K->37031K(364160K), 0.0021370 secs] [Times: user=0.01 sys=0.00, real=0.01 secs] 
350.828: Total time for which application threads were stopped: 0.0043360 seconds, Stopping threads took: 0.0021080 seconds
350.925: Application time: 0.0972880 seconds
350.927: [GC350.927: [ParNew: 106109K->7138K(112448K), 0.0024280 secs] 136999K->38028K(364160K), 0.0024850 secs] [Times: user=0.02 sys=0.00, real=0.01 secs] 
350.929: Total time for which application threads were stopped: 0.0043340 seconds, Stopping threads took: 0.0017460 seconds
351.024: Application time: 0.0946280 seconds
351.026: [GC351.026: [ParNew: 107106K->6877K(112448K), 0.0023390 secs] 137996K->37881K(364160K), 0.0023850 secs] [Times: user=0.02 sys=0.00, real=0.01 secs] 
351.029: Total time for which application threads were stopped: 0.0047310 seconds, Stopping threads took: 0.0022640 seconds
351.125: Application time: 0.0960480 seconds
351.128: [GC351.128: [ParNew: 106845K->6653K(112448K), 0.0023800 secs] 137849K->37714K(364160K), 0.0024260 secs] [Times: user=0.02 sys=0.00, real=0.00 secs] 
351.131: Total time for which application threads were stopped: 0.0057680 seconds, Stopping threads took: 0.0032500 seconds
351.227: Application time: 0.0960000 seconds
351.229: [GC351.229: [ParNew: 106621K->5291K(112448K), 0.0017460 secs] 137682K->36381K(364160K), 0.0017920 secs] [Times: user=0.02 sys=0.00, real=0.00 secs] 
351.231: Total time for which application threads were stopped: 0.0039060 seconds, Stopping threads took: 0.0020240 seconds
351.326: Application time: 0.0955730 seconds
351.329: [GC351.329: [ParNew: 105259K->6491K(112448K), 0.0021950 secs] 136349K->37580K(364160K), 0.0022410 secs] [Times: user=0.02 sys=0.00, real=0.00 secs] 
351.331: Total time for which application threads were stopped: 0.0051580 seconds, Stopping threads took: 0.0028230 seconds
351.428: Application time: 0.0963660 seconds
351.430: [GC351.430: [ParNew: 106459K->7296K(112448K), 0.0024900 secs] 137548K->38499K(364160K), 0.0025390 secs] [Times: user=0.02 sys=0.00, real=0.00 secs] 
351.433: Total time for which application threads were stopped: 0.0052520 seconds, Stopping threads took: 0.0026130 seconds
351.531: Application time: 0.0978440 seconds
351.533: [GC351.533: [ParNew: 107264K->7362K(112448K), 0.0046930 secs] 138467K->38594K(364160K), 0.0047370 secs] [Times: user=0.04 sys=0.00, real=0.00 secs] 
351.538: Total time for which application threads were stopped: 0.0069360 seconds, Stopping threads took: 0.0021300 seconds
351.635: Application time: 0.0967940 seconds
351.638: [GC351.638: [ParNew: 107330K->6222K(112448K), 0.0021640 secs] 138562K->37511K(364160K), 0.0022100 secs] [Times: user=0.01 sys=0.00, real=0.01 secs] 
351.640: Total time for which application threads were stopped: 0.0052620 seconds, Stopping threads took: 0.0029580 seconds
351.738: Application time: 0.0982440 seconds
351.741: [GC351.741: [ParNew: 106190K->7582K(112448K), 0.0025590 secs] 137479K->38871K(364160K), 0.0026040 secs] [Times: user=0.02 sys=0.00, real=0.00 secs] 
351.744: Total time for which application threads were stopped: 0.0056650 seconds, Stopping threads took: 0.0029890 seconds
351.841: Application time: 0.0970100 seconds
351.844: [GC351.844: [ParNew: 107550K->7259K(112448K), 0.0024830 secs] 138839K->38577K(364160K), 0.0025250 secs] [Times: user=0.02 sys=0.00, real=0.00 secs] 
351.846: Total time for which application threads were stopped: 0.0054920 seconds, Stopping threads took: 0.0028760 seconds
351.941: Application time: 0.0943080 seconds
351.944: [GC351.944: [ParNew: 107227K->6672K(112448K), 0.0023380 secs] 138545K->38075K(364160K), 0.0023780 secs] [Times: user=0.02 sys=0.00, real=0.00 secs] 
351.946: Total time for which application threads were stopped: 0.0053910 seconds, Stopping threads took: 0.0029160 seconds
352.046: Application time: 0.1000510 seconds
352.048: [GC352.048: [ParNew: 106640K->5915K(112448K), 0.0020020 secs] 138043K->37375K(364160K), 0.0020480 secs] [Times: user=0.01 sys=0.00, real=0.00 secs] 
352.050: Total time for which application threads were stopped: 0.0040620 seconds, Stopping threads took: 0.0019410 seconds
352.144: Application time: 0.0940020 seconds
352.147: [GC352.147: [ParNew: 105883K->7018K(112448K), 0.0023000 secs] 137343K->38478K(364160K), 0.0023510 secs] [Times: user=0.01 sys=0.00, real=0.01 secs] 
352.149: Total time for which application threads were stopped: 0.0051920 seconds, Stopping threads took: 0.0027580 seconds
352.241: Application time: 0.0917250 seconds
352.243: [GC352.243: [ParNew: 106986K->6951K(112448K), 0.0023560 secs] 138446K->38468K(364160K), 0.0024020 secs] [Times: user=0.01 sys=0.00, real=0.00 secs] 
352.246: Total time for which application threads were stopped: 0.0048070 seconds, Stopping threads took: 0.0023320 seconds
352.340: Application time: 0.0942420 seconds
352.342: [GC352.342: [ParNew: 106919K->5940K(112448K), 0.0019970 secs] 138436K->37485K(364160K), 0.0020410 secs] [Times: user=0.01 sys=0.00, real=0.00 secs] 
352.344: Total time for which application threads were stopped: 0.0044570 seconds, Stopping threads took: 0.0023430 seconds
352.439: Application time: 0.0945850 seconds
352.442: [GC352.442: [ParNew: 105908K->7762K(112448K), 0.0025460 secs] 137453K->39308K(364160K), 0.0025910 secs] [Times: user=0.02 sys=0.00, real=0.00 secs] 
352.444: Total time for which application threads were stopped: 0.0051900 seconds, Stopping threads took: 0.0025280 seconds
352.540: Application time: 0.0956670 seconds
352.542: [GC352.542: [ParNew: 107730K->6640K(112448K), 0.0023550 secs] 139276K->38328K(364160K), 0.0024010 secs] [Times: user=0.02 sys=0.00, real=0.00 secs] 
352.544: Total time for which application threads were stopped: 0.0042940 seconds, Stopping threads took: 0.0018130 seconds
352.640: Application time: 0.0958550 seconds
352.643: [GC352.643: [ParNew: 106608K->6628K(112448K), 0.0023580 secs] 138296K->38345K(364160K), 0.0024040 secs] [Times: user=0.02 sys=0.00, real=0.00 secs] 
352.645: Total time for which application threads were stopped: 0.0051620 seconds, Stopping threads took: 0.0026870 seconds
352.742: Application time: 0.0968590 seconds
352.745: [GC352.745: [ParNew: 106596K->6965K(112448K), 0.0026470 secs] 138313K->38710K(364160K), 0.0026890 secs] [Times: user=0.02 sys=0.00, real=0.01 secs] 
352.748: Total time for which application threads were stopped: 0.0057950 seconds, Stopping threads took: 0.0030260 seconds
352.842: Application time: 0.0944430 seconds
352.845: [GC352.845: [ParNew: 106933K->5507K(112448K), 0.0018300 secs] 138678K->37281K(364160K), 0.0018760 secs] [Times: user=0.01 sys=0.00, real=0.00 secs] 
352.847: Total time for which application threads were stopped: 0.0044480 seconds, Stopping threads took: 0.0024790 seconds
352.939: Application time: 0.0923980 seconds
352.941: [GC352.941: [ParNew: 105475K->8012K(112448K), 0.0027660 secs] 137249K->39786K(364160K), 0.0028100 secs] [Times: user=0.01 sys=0.00, real=0.00 secs] 
352.944: Total time for which application threads were stopped: 0.0043410 seconds, Stopping threads took: 0.0014390 seconds
353.039: Application time: 0.0959050 seconds
353.043: [GC353.043: [ParNew: 107980K->6921K(112448K), 0.0025090 secs] 139754K->38838K(364160K), 0.0025550 secs] [Times: user=0.02 sys=0.00, real=0.00 secs] 
353.045: Total time for which application threads were stopped: 0.0056490 seconds, Stopping threads took: 0.0030040 seconds
353.137: Application time: 0.0919980 seconds
353.139: [GC353.139: [ParNew: 106889K->6572K(112448K), 0.0022550 secs] 138806K->38488K(364160K), 0.0023010 secs] [Times: user=0.02 sys=0.00, real=0.01 secs] 
353.141: Total time for which application threads were stopped: 0.0042920 seconds, Stopping threads took: 0.0019180 seconds
353.236: Application time: 0.0949760 seconds
353.240: [GC353.240: [ParNew: 106540K->7798K(112448K), 0.0027160 secs] 138456K->39771K(364160K), 0.0027600 secs] [Times: user=0.02 sys=0.00, real=0.00 secs] 
353.242: Total time for which application threads were stopped: 0.0060520 seconds, Stopping threads took: 0.0032150 seconds
353.336: Application time: 0.0935200 seconds
353.338: [GC353.338: [ParNew: 107766K->5755K(112448K), 0.0018930 secs] 139739K->37757K(364160K), 0.0019390 secs] [Times: user=0.02 sys=0.00, real=0.01 secs] 
353.340: Total time for which application threads were stopped: 0.0039290 seconds, Stopping threads took: 0.0019160 seconds
353.433: Application time: 0.0931300 seconds
353.436: [GC353.436: [ParNew: 105723K->6708K(112448K), 0.0023330 secs] 137725K->38710K(364160K), 0.0023840 secs] [Times: user=0.01 sys=0.00, real=0.00 secs] 
353.438: Total time for which application threads were stopped: 0.0050430 seconds, Stopping threads took: 0.0025670 seconds
353.531: Application time: 0.0925070 seconds
353.533: [GC353.533: [ParNew: 106676K->6603K(112448K), 0.0042680 secs] 138678K->38748K(364160K), 0.0043120 secs] [Times: user=0.03 sys=0.00, real=0.00 secs] 
353.538: Total time for which application threads were stopped: 0.0072660 seconds, Stopping threads took: 0.0028850 seconds
353.633: Application time: 0.0952410 seconds
353.636: [GC353.636: [ParNew: 106571K->7588K(112448K), 0.0026680 secs] 138716K->39732K(364160K), 0.0027160 secs] [Times: user=0.01 sys=0.00, real=0.00 secs] 
353.639: Total time for which application threads were stopped: 0.0059040 seconds, Stopping threads took: 0.0030890 seconds
353.729: Application time: 0.0900780 seconds
353.730: [GC353.730: [ParNew: 107556K->7519K(112448K), 0.0025130 secs] 139700K->39721K(364160K), 0.0025580 secs] [Times: user=0.02 sys=0.00, real=0.00 secs] 
353.733: Total time for which application threads were stopped: 0.0038910 seconds, Stopping threads took: 0.0012510 seconds
353.822: Application time: 0.0889380 seconds
353.824: [GC353.824: [ParNew: 107487K->6570K(112448K), 0.0022400 secs] 139689K->38800K(364160K), 0.0022860 secs] [Times: user=0.02 sys=0.00, real=0.00 secs] 
353.826: Total time for which application threads were stopped: 0.0042780 seconds, Stopping threads took: 0.0019020 seconds
353.922: Application time: 0.0955800 seconds
353.923: [GC353.923: [ParNew: 106538K->7022K(112448K), 0.0024730 secs] 138768K->39281K(364160K), 0.0025210 secs] [Times: user=0.01 sys=0.00, real=0.00 secs] 
353.926: Total time for which application threads were stopped: 0.0039860 seconds, Stopping threads took: 0.0013900 seconds
354.017: Application time: 0.0916550 seconds
354.020: [GC354.020: [ParNew: 106990K->5609K(112448K), 0.0019240 secs] 139249K->37925K(364160K), 0.0019630 secs] [Times: user=0.01 sys=0.00, real=0.00 secs] 
354.022: Total time for which application threads were stopped: 0.0045910 seconds, Stopping threads took: 0.0025560 seconds
354.111: Application time: 0.0895210 seconds
354.114: [GC354.114: [ParNew: 105577K->7692K(112448K), 0.0025580 secs] 137893K->40008K(364160K), 0.0026030 secs] [Times: user=0.02 sys=0.00, real=0.00 secs] 
354.117: Total time for which application threads were stopped: 0.0051590 seconds, Stopping threads took: 0.0024620 seconds
354.206: Application time: 0.0892120 seconds
354.209: [GC354.209: [ParNew: 107660K->7537K(112448K), 0.0024810 secs] 139976K->39967K(364160K), 0.0025340 secs] [Times: user=0.01 sys=0.01, real=0.00 secs] 
354.211: Total time for which application threads were stopped: 0.0054350 seconds, Stopping threads took: 0.0028310 seconds
354.302: Application time: 0.0903720 seconds
354.304: [GC354.304: [ParNew: 107505K->6476K(112448K), 0.0020810 secs] 139935K->38934K(364160K), 0.0021270 secs] [Times: user=0.02 sys=0.00, real=0.00 secs] 
354.306: Total time for which application threads were stopped: 0.0041550 seconds, Stopping threads took: 0.0019540 seconds
354.399: Application time: 0.0930120 seconds
354.402: [GC354.402: [ParNew: 106444K->6596K(112448K), 0.0023480 secs] 138902K->39083K(364160K), 0.0023900 secs] [Times: user=0.02 sys=0.00, real=0.00 secs] 
354.404: Total time for which application threads were stopped: 0.0054080 seconds, Stopping threads took: 0.0029390 seconds
354.496: Application time: 0.0916770 seconds
354.499: [GC354.499: [ParNew: 106564K->6590K(112448K), 0.0022110 secs] 139051K->39134K(364160K), 0.0022530 secs] [Times: user=0.02 sys=0.00, real=0.01 secs] 
354.501: Total time for which application threads were stopped: 0.0050930 seconds, Stopping threads took: 0.0027690 seconds
354.591: Application time: 0.0900060 seconds
354.592: [GC354.592: [ParNew: 106558K->7226K(112448K), 0.0024300 secs] 139102K->39827K(364160K), 0.0024830 secs] [Times: user=0.02 sys=0.00, real=0.00 secs] 
354.595: Total time for which application threads were stopped: 0.0038070 seconds, Stopping threads took: 0.0012550 seconds
354.684: Application time: 0.0886820 seconds
354.686: [GC354.686: [ParNew: 107194K->7366K(112448K), 0.0025180 secs] 139795K->40024K(364160K), 0.0025650 secs] [Times: user=0.02 sys=0.00, real=0.01 secs] 
354.688: Total time for which application threads were stopped: 0.0048300 seconds, Stopping threads took: 0.0021910 seconds
354.782: Application time: 0.0937830 seconds
354.784: [GC354.784: [ParNew: 107334K->6168K(112448K), 0.0020160 secs] 139992K->38825K(364160K), 0.0020640 secs] [Times: user=0.02 sys=0.00, real=0.00 secs] 
354.786: Total time for which application threads were stopped: 0.0036810 seconds, Stopping threads took: 0.0015400 seconds
354.874: Application time: 0.0882660 seconds
354.876: [GC354.876: [ParNew: 106136K->5758K(112448K), 0.0018850 secs] 138793K->38416K(364160K), 0.0019250 secs] [Times: user=0.02 sys=0.00, real=0.00 secs] 
354.878: Total time for which application threads were stopped: 0.0036190 seconds, Stopping threads took: 0.0016230 seconds
354.966: Application time: 0.0884290 seconds
354.967: [GC354.967: [ParNew: 105726K->6359K(112448K), 0.0020960 secs] 138384K->39017K(364160K), 0.0021400 secs] [Times: user=0.01 sys=0.00, real=0.00 secs] 
354.969: Total time for which application threads were stopped: 0.0033020 seconds, Stopping threads took: 0.0010830 seconds
355.060: Application time: 0.0906660 seconds
355.063: [GC355.063: [ParNew: 106327K->7225K(112448K), 0.0023990 secs] 138985K->40054K(364160K), 0.0024450 secs] [Times: user=0.02 sys=0.00, real=0.00 secs] 
355.066: Total time for which application threads were stopped: 0.0054280 seconds, Stopping threads took: 0.0028920 seconds
355.153: Application time: 0.0878220 seconds
355.156: [GC355.156: [ParNew: 107193K->6602K(112448K), 0.0021530 secs] 140022K->39488K(364160K), 0.0021980 secs] [Times: user=0.01 sys=0.00, real=0.00 secs] 
355.158: Total time for which application threads were stopped: 0.0046670 seconds, Stopping threads took: 0.0023910 seconds
355.252: Application time: 0.0934940 seconds
355.252: [GC355.252: [ParNew: 106570K->4437K(112448K), 0.0015140 secs] 139456K->37323K(364160K), 0.0015530 secs] [Times: user=0.01 sys=0.00, real=0.00 secs] 
355.254: Total time for which application threads were stopped: 0.0019560 seconds, Stopping threads took: 0.0003230 seconds
355.350: Application time: 0.0966460 seconds
355.353: [GC355.353: [ParNew: 104405K->6301K(112448K), 0.0022390 secs] 137291K->39187K(364160K), 0.0022800 secs] [Times: user=0.01 sys=0.00, real=0.00 secs] 
355.355: Total time for which application threads were stopped: 0.0047460 seconds, Stopping threads took: 0.0023650 seconds
355.446: Application time: 0.0910080 seconds
355.448: [GC355.448: [ParNew: 106269K->7451K(112448K), 0.0025980 secs] 139155K->40394K(364160K), 0.0026430 secs] [Times: user=0.01 sys=0.00, real=0.00 secs] 
355.451: Total time for which application threads were stopped: 0.0048420 seconds, Stopping threads took: 0.0021080 seconds
355.545: Application time: 0.0946070 seconds
355.547: [GC355.547: [ParNew: 107419K->5516K(112448K), 0.0019780 secs] 140362K->38573K(364160K), 0.0020220 secs] [Times: user=0.01 sys=0.00, real=0.00 secs] 
355.550: Total time for which application threads were stopped: 0.0041330 seconds, Stopping threads took: 0.0020400 seconds
355.642: Application time: 0.0929440 seconds
355.643: [GC355.643: [ParNew: 105484K->4244K(112448K), 0.0015360 secs] 138541K->37301K(364160K), 0.0015800 secs] [Times: user=0.01 sys=0.00, real=0.00 secs] 
355.645: Total time for which application threads were stopped: 0.0024260 seconds, Stopping threads took: 0.0007700 seconds
355.743: Application time: 0.0979110 seconds
355.746: [GC355.746: [ParNew: 104212K->6536K(112448K), 0.0023550 secs] 137269K->39593K(364160K), 0.0024010 secs] [Times: user=0.02 sys=0.00, real=0.01 secs] 
355.748: Total time for which application threads were stopped: 0.0052500 seconds, Stopping threads took: 0.0027580 seconds
355.840: Application time: 0.0920830 seconds
355.842: [GC355.842: [ParNew: 106504K->6097K(112448K), 0.0022870 secs] 139561K->39239K(364160K), 0.0023390 secs] [Times: user=0.02 sys=0.00, real=0.00 secs] 
355.844: Total time for which application threads were stopped: 0.0042230 seconds, Stopping threads took: 0.0018150 seconds
355.932: Application time: 0.0881280 seconds
355.935: [GC355.935: [ParNew: 106065K->7116K(112448K), 0.0024720 secs] 139207K->40258K(364160K), 0.0025170 secs] [Times: user=0.02 sys=0.00, real=0.00 secs] 
355.937: Total time for which application threads were stopped: 0.0048310 seconds, Stopping threads took: 0.0022340 seconds
356.029: Application time: 0.0918530 seconds
356.031: [GC356.031: [ParNew: 107084K->6146K(112448K), 0.0021940 secs] 140226K->39431K(364160K), 0.0022390 secs] [Times: user=0.01 sys=0.00, real=0.00 secs] 
356.033: Total time for which application threads were stopped: 0.0042000 seconds, Stopping threads took: 0.0018900 seconds
356.122: Application time: 0.0888100 seconds
356.125: [GC356.125: [ParNew: 106114K->7047K(112448K), 0.0023420 secs] 139399K->40332K(364160K), 0.0023870 secs] [Times: user=0.02 sys=0.00, real=0.01 secs] 
356.128: Total time for which application threads were stopped: 0.0054720 seconds, Stopping threads took: 0.0030150 seconds
356.217: Application time: 0.0891630 seconds
356.220: [GC356.220: [ParNew: 107015K->7864K(112448K), 0.0025900 secs] 140300K->41206K(364160K), 0.0026300 secs] [Times: user=0.02 sys=0.00, real=0.00 secs] 
356.222: Total time for which application threads were stopped: 0.0054310 seconds, Stopping threads took: 0.0027330 seconds
356.315: Application time: 0.0928500 seconds
356.317: [GC356.317: [ParNew: 107832K->6670K(112448K), 0.0022650 secs] 141174K->40040K(364160K), 0.0023100 secs] [Times: user=0.02 sys=0.00, real=0.00 secs] 
356.319: Total time for which application threads were stopped: 0.0039660 seconds, Stopping threads took: 0.0015870 seconds
356.408: Application time: 0.0886230 seconds
356.410: [GC356.410: [ParNew: 106638K->7376K(112448K), 0.0025800 secs] 140008K->40776K(364160K), 0.0026250 secs] [Times: user=0.02 sys=0.00, real=0.00 secs] 
356.412: Total time for which application threads were stopped: 0.0045630 seconds, Stopping threads took: 0.0018590 seconds
356.502: Application time: 0.0899030 seconds
356.505: [GC356.505: [ParNew: 107344K->7298K(112448K), 0.0024130 secs] 140744K->40782K(364160K), 0.0024560 secs] [Times: user=0.02 sys=0.00, real=0.01 secs] 
356.507: Total time for which application threads were stopped: 0.0052300 seconds, Stopping threads took: 0.0026970 seconds
356.597: Application time: 0.0892490 seconds
356.599: [GC356.599: [ParNew: 107266K->6436K(112448K), 0.0021710 secs] 140750K->39949K(364160K), 0.0022110 secs] [Times: user=0.02 sys=0.00, real=0.00 secs] 
356.602: Total time for which application threads were stopped: 0.0049760 seconds, Stopping threads took: 0.0026950 seconds
356.689: Application time: 0.0873100 seconds
356.691: [GC356.691: [ParNew: 106404K->7723K(112448K), 0.0025790 secs] 139917K->41293K(364160K), 0.0026250 secs] [Times: user=0.02 sys=0.00, real=0.00 secs] 
356.693: Total time for which application threads were stopped: 0.0045050 seconds, Stopping threads took: 0.0018090 seconds
356.785: Application time: 0.0918880 seconds
356.787: [GC356.787: [ParNew: 107691K->4792K(112448K), 0.0015660 secs] 141261K->38391K(364160K), 0.0016100 secs] [Times: user=0.02 sys=0.00, real=0.01 secs] 
356.788: Total time for which application threads were stopped: 0.0030640 seconds, Stopping threads took: 0.0013840 seconds
356.880: Application time: 0.0916960 seconds
356.883: [GC356.883: [ParNew: 104760K->6682K(112448K), 0.0021410 secs] 138359K->40281K(364160K), 0.0021860 secs] [Times: user=0.02 sys=0.00, real=0.00 secs] 
356.885: Total time for which application threads were stopped: 0.0047560 seconds, Stopping threads took: 0.0024980 seconds
356.973: Application time: 0.0882950 seconds
356.976: [GC356.976: [ParNew: 106650K->7588K(112448K), 0.0025690 secs] 140249K->41301K(364160K), 0.0026220 secs] [Times: user=0.02 sys=0.00, real=0.00 secs] 
356.978: Total time for which application threads were stopped: 0.0051740 seconds, Stopping threads took: 0.0024830 seconds
357.069: Application time: 0.0905060 seconds
357.071: [GC357.071: [ParNew: 107556K->7638K(112448K), 0.0025230 secs] 141269K->41379K(364160K), 0.0025680 secs] [Times: user=0.02 sys=0.00, real=0.00 secs] 
357.074: Total time for which application threads were stopped: 0.0047790 seconds, Stopping threads took: 0.0021320 seconds
357.160: Application time: 0.0863160 seconds
357.162: [GC357.162: [ParNew: 107606K->6488K(112448K), 0.0023650 secs] 141347K->40287K(364160K), 0.0024070 secs] [Times: user=0.02 sys=0.00, real=0.00 secs] 
357.165: Total time for which application threads were stopped: 0.0046950 seconds, Stopping threads took: 0.0022200 seconds
357.257: Application time: 0.0922760 seconds
357.259: [GC357.260: [ParNew: 106456K->7435K(112448K), 0.0025000 secs] 140255K->41262K(364160K), 0.0025440 secs] [Times: user=0.02 sys=0.00, real=0.00 secs] 
357.262: Total time for which application threads were stopped: 0.0051380 seconds, Stopping threads took: 0.0025020 seconds
357.349: Application time: 0.0864700 seconds
357.351: [GC357.351: [ParNew: 107403K->7316K(112448K), 0.0023430 secs] 141230K->41172K(364160K), 0.0023880 secs] [Times: user=0.02 sys=0.00, real=0.00 secs] 
357.353: Total time for which application threads were stopped: 0.0044220 seconds, Stopping threads took: 0.0019630 seconds
357.443: Application time: 0.0898610 seconds
357.445: [GC357.445: [ParNew: 107284K->6129K(112448K), 0.0019800 secs] 141140K->40013K(364160K), 0.0020230 secs] [Times: user=0.02 sys=0.00, real=0.00 secs] 
357.447: Total time for which application threads were stopped: 0.0039650 seconds, Stopping threads took: 0.0018500 seconds
357.538: Application time: 0.0912930 seconds
357.540: [GC357.540: [ParNew: 106097K->7037K(112448K), 0.0024820 secs] 139981K->40921K(364160K), 0.0025250 secs] [Times: user=0.02 sys=0.00, real=0.00 secs] 
357.543: Total time for which application threads were stopped: 0.0046970 seconds, Stopping threads took: 0.0020940 seconds
357.632: Application time: 0.0891820 seconds
357.635: [GC357.635: [ParNew: 107005K->7853K(112448K), 0.0026950 secs] 140889K->41879K(364160K), 0.0027390 secs] [Times: user=0.02 sys=0.00, real=0.00 secs] 
357.637: Total time for which application threads were stopped: 0.0053860 seconds, Stopping threads took: 0.0025660 seconds
357.732: Application time: 0.0943560 seconds
357.733: [GC357.733: [ParNew: 107821K->6605K(112448K), 0.0023870 secs] 141847K->40660K(364160K), 0.0024310 secs] [Times: user=0.02 sys=0.00, real=0.00 secs] 
357.736: Total time for which application threads were stopped: 0.0040420 seconds, Stopping threads took: 0.0015310 seconds
357.832: Application time: 0.0963690 seconds
357.834: [GC357.834: [ParNew: 106573K->6623K(112448K), 0.0021470 secs] 140628K->40678K(364160K), 0.0021930 secs] [Times: user=0.02 sys=0.00, real=0.00 secs] 
357.837: Total time for which application threads were stopped: 0.0044710 seconds, Stopping threads took: 0.0022050 seconds
357.931: Application time: 0.0945520 seconds
357.933: [GC357.933: [ParNew: 106591K->7241K(112448K), 0.0024930 secs] 140646K->41325K(364160K), 0.0025390 secs] [Times: user=0.02 sys=0.00, real=0.00 secs] 
357.936: Total time for which application threads were stopped: 0.0048030 seconds, Stopping threads took: 0.0021710 seconds
358.032: Application time: 0.0957980 seconds
358.035: [GC358.035: [ParNew: 107209K->6237K(112448K), 0.0022550 secs] 141293K->40434K(364160K), 0.0023020 secs] [Times: user=0.01 sys=0.00, real=0.00 secs] 
358.037: Total time for which application threads were stopped: 0.0051250 seconds, Stopping threads took: 0.0027510 seconds
358.133: Application time: 0.0956770 seconds
358.136: [GC358.136: [ParNew: 106205K->6483K(112448K), 0.0021170 secs] 140402K->40681K(364160K), 0.0021680 secs] [Times: user=0.02 sys=0.00, real=0.00 secs] 
358.138: Total time for which application threads were stopped: 0.0055960 seconds, Stopping threads took: 0.0033350 seconds
358.235: Application time: 0.0968040 seconds
358.237: [GC358.237: [ParNew: 106451K->5753K(112448K), 0.0019150 secs] 140649K->40008K(364160K), 0.0019680 secs] [Times: user=0.01 sys=0.00, real=0.00 secs] 
358.239: Total time for which application threads were stopped: 0.0043030 seconds, Stopping threads took: 0.0022540 seconds
358.332: Application time: 0.0930040 seconds
358.335: [GC358.335: [ParNew: 105721K->7185K(112448K), 0.0025230 secs] 139976K->41440K(364160K), 0.0025650 secs] [Times: user=0.01 sys=0.00, real=0.00 secs] 
358.337: Total time for which application threads were stopped: 0.0051400 seconds, Stopping threads took: 0.0025030 seconds
358.431: Application time: 0.0935860 seconds
358.434: [GC358.434: [ParNew: 107153K->7035K(112448K), 0.0026110 secs] 141408K->41347K(364160K), 0.0026580 secs] [Times: user=0.02 sys=0.00, real=0.00 secs] 
358.437: Total time for which application threads were stopped: 0.0056900 seconds, Stopping threads took: 0.0029430 seconds
358.532: Application time: 0.0949180 seconds
358.535: [GC358.535: [ParNew: 107003K->7636K(112448K), 0.0044970 secs] 141315K->42062K(364160K), 0.0045390 secs] [Times: user=0.04 sys=0.00, real=0.00 secs] 
358.539: Total time for which application threads were stopped: 0.0075240 seconds, Stopping threads took: 0.0028950 seconds
358.632: Application time: 0.0932650 seconds
358.634: [GC358.634: [ParNew: 107604K->6862K(112448K), 0.0023130 secs] 142030K->41316K(364160K), 0.0023540 secs] [Times: user=0.02 sys=0.00, real=0.00 secs] 
358.637: Total time for which application threads were stopped: 0.0044310 seconds, Stopping threads took: 0.0020060 seconds
358.736: Application time: 0.0991200 seconds
358.737: [GC358.737: [ParNew: 106830K->6988K(112448K), 0.0024280 secs] 141284K->41470K(364160K), 0.0024720 secs] [Times: user=0.01 sys=0.00, real=0.01 secs] 
358.740: Total time for which application threads were stopped: 0.0039740 seconds, Stopping threads took: 0.0014020 seconds
358.834: Application time: 0.0942230 seconds
358.837: [GC358.837: [ParNew: 106956K->5211K(112448K), 0.0017590 secs] 141438K->39722K(364160K), 0.0018050 secs] [Times: user=0.02 sys=0.00, real=0.00 secs] 
358.839: Total time for which application threads were stopped: 0.0047680 seconds, Stopping threads took: 0.0028890 seconds
358.933: Application time: 0.0945030 seconds
358.936: [GC358.936: [ParNew: 105179K->6803K(112448K), 0.0022500 secs] 139690K->41314K(364160K), 0.0022960 secs] [Times: user=0.02 sys=0.00, real=0.00 secs] 
358.939: Total time for which application threads were stopped: 0.0052510 seconds, Stopping threads took: 0.0028600 seconds
359.032: Application time: 0.0936710 seconds
359.034: [GC359.034: [ParNew: 106771K->5884K(112448K), 0.0020250 secs] 141282K->40538K(364160K), 0.0020710 secs] [Times: user=0.01 sys=0.00, real=0.00 secs] 
359.036: Total time for which application threads were stopped: 0.0040340 seconds, Stopping threads took: 0.0018720 seconds
359.134: Application time: 0.0971750 seconds
359.137: [GC359.137: [ParNew: 105852K->6732K(112448K), 0.0023510 secs] 140506K->41386K(364160K), 0.0023940 secs] [Times: user=0.01 sys=0.00, real=0.00 secs] 
359.139: Total time for which application threads were stopped: 0.0053610 seconds, Stopping threads took: 0.0028760 seconds
359.233: Application time: 0.0940970 seconds
359.236: [GC359.236: [ParNew: 106700K->7829K(112448K), 0.0025300 secs] 141354K->42540K(364160K), 0.0025780 secs] [Times: user=0.02 sys=0.00, real=0.00 secs] 
359.239: Total time for which application threads were stopped: 0.0058840 seconds, Stopping threads took: 0.0032350 seconds
359.336: Application time: 0.0970400 seconds
359.338: [GC359.338: [ParNew: 107797K->7614K(112448K), 0.0025810 secs] 142508K->42353K(364160K), 0.0026270 secs] [Times: user=0.02 sys=0.00, real=0.01 secs] 
359.341: Total time for which application threads were stopped: 0.0046890 seconds, Stopping threads took: 0.0019820 seconds
359.435: Application time: 0.0945060 seconds
359.437: [GC359.438: [ParNew: 107582K->7608K(112448K), 0.0025100 secs] 142321K->42376K(364160K), 0.0025590 secs] [Times: user=0.02 sys=0.00, real=0.01 secs] 
359.440: Total time for which application threads were stopped: 0.0049260 seconds, Stopping threads took: 0.0022860 seconds
359.538: Application time: 0.0978940 seconds
359.540: [GC359.540: [ParNew: 107576K->6459K(112448K), 0.0021550 secs] 142344K->41313K(364160K), 0.0022010 secs] [Times: user=0.01 sys=0.00, real=0.00 secs] 
359.543: Total time for which application threads were stopped: 0.0045570 seconds, Stopping threads took: 0.0022630 seconds
359.637: Application time: 0.0948780 seconds
359.640: [GC359.640: [ParNew: 106427K->7155K(112448K), 0.0025070 secs] 141281K->42066K(364160K), 0.0025540 secs] [Times: user=0.02 sys=0.00, real=0.00 secs] 
359.642: Total time for which application threads were stopped: 0.0046580 seconds, Stopping threads took: 0.0020280 seconds
359.736: Application time: 0.0939800 seconds
359.738: [GC359.738: [ParNew: 107123K->6964K(112448K), 0.0022790 secs] 142034K->41904K(364160K), 0.0023250 secs] [Times: user=0.02 sys=0.00, real=0.01 secs] 
359.741: Total time for which application threads were stopped: 0.0047590 seconds, Stopping threads took: 0.0023620 seconds
359.839: Application time: 0.0978390 seconds
359.840: [GC359.840: [ParNew: 106932K->7055K(112448K), 0.0023100 secs] 141872K->41994K(364160K), 0.0023530 secs] [Times: user=0.02 sys=0.00, real=0.00 secs] 
359.843: Total time for which application threads were stopped: 0.0038350 seconds, Stopping threads took: 0.0013800 seconds
359.937: Application time: 0.0944110 seconds
359.939: [GC359.939: [ParNew: 107023K->6160K(112448K), 0.0020870 secs] 141962K->41156K(364160K), 0.0021340 secs] [Times: user=0.01 sys=0.00, real=0.01 secs] 
359.941: Total time for which application threads were stopped: 0.0039650 seconds, Stopping threads took: 0.0017580 seconds
360.034: Application time: 0.0935470 seconds
360.036: [GC360.036: [ParNew: 106128K->8014K(112448K), 0.0027080 secs] 141124K->43010K(364160K), 0.0027520 secs] [Times: user=0.02 sys=0.00, real=0.00 secs] 
360.039: Total time for which application threads were stopped: 0.0047280 seconds, Stopping threads took: 0.0019040 seconds
360.136: Application time: 0.0966070 seconds
360.138: [GC360.138: [ParNew: 107982K->6956K(112448K), 0.0025200 secs] 142978K->42067K(364160K), 0.0025630 secs] [Times: user=0.01 sys=0.00, real=0.01 secs] 
360.140: Total time for which application threads were stopped: 0.0044490 seconds, Stopping threads took: 0.0017920 seconds
360.234: Application time: 0.0935210 seconds
360.235: [GC360.235: [ParNew: 106924K->5669K(112448K), 0.0019360 secs] 142035K->40836K(364160K), 0.0019910 secs] [Times: user=0.01 sys=0.00, real=0.00 secs] 
360.237: Total time for which application threads were stopped: 0.0035290 seconds, Stopping threads took: 0.0014640 seconds
360.330: Application time: 0.0925630 seconds
360.332: [GC360.332: [ParNew: 105637K->6701K(112448K), 0.0022940 secs] 140804K->41868K(364160K), 0.0023400 secs] [Times: user=0.01 sys=0.00, real=0.00 secs] 
360.335: Total time for which application threads were stopped: 0.0046690 seconds, Stopping threads took: 0.0022470 seconds
360.428: Application time: 0.0938560 seconds
360.430: [GC360.430: [ParNew: 106669K->6599K(112448K), 0.0024010 secs] 141836K->41824K(364160K), 0.0024480 secs] [Times: user=0.02 sys=0.00, real=0.00 secs] 
360.433: Total time for which application threads were stopped: 0.0042970 seconds, Stopping threads took: 0.0017680 seconds
360.536: Application time: 0.1029210 seconds
360.540: [GC360.540: [ParNew: 106567K->6629K(112448K), 0.0024530 secs] 141792K->41910K(364160K), 0.0024970 secs] [Times: user=0.01 sys=0.00, real=0.00 secs] 
360.542: Total time for which application threads were stopped: 0.0066210 seconds, Stopping threads took: 0.0040310 seconds
360.642: Application time: 0.0999330 seconds
360.645: [GC360.645: [ParNew: 106597K->4716K(112448K), 0.0017070 secs] 141878K->40055K(364160K), 0.0017530 secs] [Times: user=0.01 sys=0.00, real=0.00 secs] 
360.647: Total time for which application threads were stopped: 0.0045530 seconds, Stopping threads took: 0.0027190 seconds
360.741: Application time: 0.0941700 seconds
360.743: [GC360.743: [ParNew: 104684K->6816K(112448K), 0.0022330 secs] 140023K->42154K(364160K), 0.0022870 secs] [Times: user=0.01 sys=0.00, real=0.00 secs] 
360.745: Total time for which application threads were stopped: 0.0039940 seconds, Stopping threads took: 0.0016360 seconds
360.840: Application time: 0.0954410 seconds
360.843: [GC360.843: [ParNew: 106784K->6571K(112448K), 0.0023280 secs] 142122K->41967K(364160K), 0.0023710 secs] [Times: user=0.01 sys=0.00, real=0.00 secs] 
360.845: Total time for which application threads were stopped: 0.0051670 seconds, Stopping threads took: 0.0027170 seconds
360.944: Application time: 0.0981170 seconds
360.946: [GC360.946: [ParNew: 106539K->4197K(112448K), 0.0015700 secs] 141935K->39621K(364160K), 0.0016190 secs] [Times: user=0.01 sys=0.01, real=0.01 secs] 
360.947: Total time for which application threads were stopped: 0.0037030 seconds, Stopping threads took: 0.0020050 seconds
361.044: Application time: 0.0962850 seconds
361.045: [GC361.045: [ParNew: 104165K->6138K(112448K), 0.0022360 secs] 139589K->41562K(364160K), 0.0022830 secs] [Times: user=0.01 sys=0.00, real=0.01 secs] 
361.047: Total time for which application threads were stopped: 0.0038880 seconds, Stopping threads took: 0.0015320 seconds
361.145: Application time: 0.0971200 seconds
361.147: [GC361.147: [ParNew: 106106K->5623K(112448K), 0.0018390 secs] 141530K->41047K(364160K), 0.0018880 secs] [Times: user=0.01 sys=0.00, real=0.01 secs] 
361.149: Total time for which application threads were stopped: 0.0042820 seconds, Stopping threads took: 0.0023020 seconds
361.244: Application time: 0.0949860 seconds
361.247: [GC361.247: [ParNew: 105591K->7554K(112448K), 0.0026860 secs] 141015K->42977K(364160K), 0.0027310 secs] [Times: user=0.02 sys=0.00, real=0.01 secs] 
361.249: Total time for which application threads were stopped: 0.0055870 seconds, Stopping threads took: 0.0027820 seconds
361.346: Application time: 0.0963020 seconds
361.347: [GC361.347: [ParNew: 107522K->6515K(112448K), 0.0022990 secs] 142945K->42139K(364160K), 0.0023420 secs] [Times: user=0.02 sys=0.00, real=0.01 secs] 
361.350: Total time for which application threads were stopped: 0.0038660 seconds, Stopping threads took: 0.0014430 seconds
361.445: Application time: 0.0953650 seconds
361.448: [GC361.448: [ParNew: 106483K->7038K(112448K), 0.0022600 secs] 142107K->42690K(364160K), 0.0023050 secs] [Times: user=0.02 sys=0.00, real=0.00 secs] 
361.451: Total time for which application threads were stopped: 0.0056250 seconds, Stopping threads took: 0.0032160 seconds
361.548: Application time: 0.0970920 seconds
361.551: [GC361.551: [ParNew: 107006K->7894K(112448K), 0.0027990 secs] 142658K->43603K(364160K), 0.0028440 secs] [Times: user=0.02 sys=0.00, real=0.00 secs] 
361.553: Total time for which application threads were stopped: 0.0057190 seconds, Stopping threads took: 0.0028020 seconds
361.648: Application time: 0.0940720 seconds
361.649: [GC361.649: [ParNew: 107862K->5664K(112448K), 0.0019900 secs] 143571K->41459K(364160K), 0.0020310 secs] [Times: user=0.01 sys=0.00, real=0.00 secs] 
361.651: Total time for which application threads were stopped: 0.0037540 seconds, Stopping threads took: 0.0016320 seconds
361.743: Application time: 0.0912480 seconds
361.745: [GC361.745: [ParNew: 105632K->5759K(112448K), 0.0018550 secs] 141427K->41553K(364160K), 0.0019020 secs] [Times: user=0.01 sys=0.00, real=0.00 secs] 
361.747: Total time for which application threads were stopped: 0.0046960 seconds, Stopping threads took: 0.0027230 seconds
361.835: Application time: 0.0872870 seconds
361.836: [GC361.836: [ParNew: 105727K->5694K(112448K), 0.0018940 secs] 141521K->41489K(364160K), 0.0019380 secs] [Times: user=0.01 sys=0.00, real=0.00 secs] 
361.838: Total time for which application threads were stopped: 0.0039070 seconds, Stopping threads took: 0.0018880 seconds
361.928: Application time: 0.0895770 seconds
361.930: [GC361.930: [ParNew: 105662K->5731K(112448K), 0.0018670 secs] 141457K->41526K(364160K), 0.0019130 secs] [Times: user=0.02 sys=0.00, real=0.00 secs] 
361.932: Total time for which application threads were stopped: 0.0039500 seconds, Stopping threads took: 0.0019590 seconds
362.024: Application time: 0.0915730 seconds
362.027: [GC362.027: [ParNew: 105699K->6790K(112448K), 0.0024000 secs] 141494K->42585K(364160K), 0.0024460 secs] [Times: user=0.02 sys=0.00, real=0.01 secs] 
362.029: Total time for which application threads were stopped: 0.0054850 seconds, Stopping threads took: 0.0029620 seconds
362.120: Application time: 0.0912830 seconds
362.123: [GC362.123: [ParNew: 106758K->5797K(112448K), 0.0020270 secs] 142553K->41820K(364160K), 0.0020680 secs] [Times: user=0.02 sys=0.00, real=0.00 secs] 
362.125: Total time for which application threads were stopped: 0.0044350 seconds, Stopping threads took: 0.0023030 seconds
362.217: Application time: 0.0918980 seconds
362.218: [GC362.218: [ParNew: 105765K->5720K(112448K), 0.0019570 secs] 141788K->41743K(364160K), 0.0020000 secs] [Times: user=0.02 sys=0.00, real=0.01 secs] 
362.220: Total time for which application threads were stopped: 0.0034990 seconds, Stopping threads took: 0.0014300 seconds
362.307: Application time: 0.0867090 seconds
362.310: [GC362.310: [ParNew: 105688K->6042K(112448K), 0.0020090 secs] 141711K->42064K(364160K), 0.0020540 secs] [Times: user=0.02 sys=0.00, real=0.00 secs] 
362.312: Total time for which application threads were stopped: 0.0049140 seconds, Stopping threads took: 0.0027920 seconds
362.401: Application time: 0.0895140 seconds
362.404: [GC362.404: [ParNew: 106010K->6682K(112448K), 0.0021660 secs] 142032K->42705K(364160K), 0.0022100 secs] [Times: user=0.02 sys=0.00, real=0.00 secs] 
362.406: Total time for which application threads were stopped: 0.0050400 seconds, Stopping threads took: 0.0027370 seconds
362.497: Application time: 0.0911110 seconds
362.499: [GC362.499: [ParNew: 106650K->6708K(112448K), 0.0022880 secs] 142673K->42844K(364160K), 0.0023310 secs] [Times: user=0.02 sys=0.00, real=0.00 secs] 
362.502: Total time for which application threads were stopped: 0.0043040 seconds, Stopping threads took: 0.0018830 seconds
362.590: Application time: 0.0879160 seconds
362.593: [GC362.593: [ParNew: 106676K->7655K(112448K), 0.0024790 secs] 142812K->43906K(364160K), 0.0025260 secs] [Times: user=0.02 sys=0.00, real=0.00 secs] 
362.595: Total time for which application threads were stopped: 0.0054890 seconds, Stopping threads took: 0.0028850 seconds
362.683: Application time: 0.0879760 seconds
362.685: [GC362.685: [ParNew: 107623K->5760K(112448K), 0.0020600 secs] 143874K->42010K(364160K), 0.0021070 secs] [Times: user=0.01 sys=0.00, real=0.00 secs] 
362.687: Total time for which application threads were stopped: 0.0036950 seconds, Stopping threads took: 0.0015170 seconds
362.775: Application time: 0.0880230 seconds
362.777: [GC362.777: [ParNew: 105728K->6737K(112448K), 0.0024030 secs] 141978K->42988K(364160K), 0.0024500 secs] [Times: user=0.01 sys=0.01, real=0.01 secs] 
362.780: Total time for which application threads were stopped: 0.0047050 seconds, Stopping threads took: 0.0021750 seconds
362.870: Application time: 0.0906880 seconds
362.872: [GC362.872: [ParNew: 106705K->7479K(112448K), 0.0024300 secs] 142956K->43787K(364160K), 0.0024760 secs] [Times: user=0.02 sys=0.00, real=0.00 secs] 
362.874: Total time for which application threads were stopped: 0.0041710 seconds, Stopping threads took: 0.0016030 seconds
362.966: Application time: 0.0914000 seconds
362.968: [GC362.968: [ParNew: 107447K->7469K(112448K), 0.0024930 secs] 143755K->43834K(364160K), 0.0025380 secs] [Times: user=0.02 sys=0.00, real=0.00 secs] 
362.971: Total time for which application threads were stopped: 0.0049220 seconds, Stopping threads took: 0.0023120 seconds
363.062: Application time: 0.0908800 seconds
363.064: [GC363.064: [ParNew: 107437K->7176K(112448K), 0.0024710 secs] 143802K->43626K(364160K), 0.0025150 secs] [Times: user=0.02 sys=0.01, real=0.00 secs] 
363.066: Total time for which application threads were stopped: 0.0047770 seconds, Stopping threads took: 0.0021920 seconds
363.157: Application time: 0.0910580 seconds
363.160: [GC363.160: [ParNew: 107144K->7037K(112448K), 0.0024580 secs] 143594K->43516K(364160K), 0.0025100 secs] [Times: user=0.02 sys=0.00, real=0.00 secs] 
363.163: Total time for which application threads were stopped: 0.0054900 seconds, Stopping threads took: 0.0028820 seconds
363.253: Application time: 0.0898370 seconds
363.254: [GC363.254: [ParNew: 107005K->6223K(112448K), 0.0020740 secs] 143484K->42759K(364160K), 0.0021200 secs] [Times: user=0.02 sys=0.00, real=0.00 secs] 
363.257: Total time for which application threads were stopped: 0.0037760 seconds, Stopping threads took: 0.0015630 seconds
363.346: Application time: 0.0892800 seconds
363.348: [GC363.348: [ParNew: 106191K->7221K(112448K), 0.0023550 secs] 142727K->43757K(364160K), 0.0023990 secs] [Times: user=0.02 sys=0.00, real=0.00 secs] 
363.350: Total time for which application threads were stopped: 0.0042380 seconds, Stopping threads took: 0.0017690 seconds
363.440: Application time: 0.0897610 seconds
363.442: [GC363.442: [ParNew: 107189K->6856K(112448K), 0.0024820 secs] 143725K->43449K(364160K), 0.0025270 secs] [Times: user=0.02 sys=0.00, real=0.00 secs] 
363.445: Total time for which application threads were stopped: 0.0049350 seconds, Stopping threads took: 0.0023370 seconds
363.531: Application time: 0.0863720 seconds
363.533: [GC363.533: [ParNew: 106824K->6518K(112448K), 0.0022700 secs] 143417K->43168K(364160K), 0.0023160 secs] [Times: user=0.02 sys=0.00, real=0.00 secs] 
363.535: Total time for which application threads were stopped: 0.0041230 seconds, Stopping threads took: 0.0017100 seconds
363.630: Application time: 0.0945570 seconds
363.631: [GC363.631: [ParNew: 106486K->6663K(112448K), 0.0022960 secs] 143136K->43370K(364160K), 0.0023420 secs] [Times: user=0.01 sys=0.00, real=0.00 secs] 
363.634: Total time for which application threads were stopped: 0.0038140 seconds, Stopping threads took: 0.0013870 seconds
363.725: Application time: 0.0909920 seconds
363.726: [GC363.727: [ParNew: 106631K->4629K(112448K), 0.0015420 secs] 143338K->41364K(364160K), 0.0015860 secs] [Times: user=0.01 sys=0.00, real=0.01 secs] 
363.728: Total time for which application threads were stopped: 0.0034500 seconds, Stopping threads took: 0.0017930 seconds
363.819: Application time: 0.0905430 seconds
363.821: [GC363.821: [ParNew: 104597K->7736K(112448K), 0.0026370 secs] 141332K->44471K(364160K), 0.0026800 secs] [Times: user=0.02 sys=0.00, real=0.00 secs] 
363.824: Total time for which application threads were stopped: 0.0055150 seconds, Stopping threads took: 0.0027660 seconds
363.916: Application time: 0.0919550 seconds
363.919: [GC363.919: [ParNew: 107704K->6828K(112448K), 0.0022710 secs] 144439K->43649K(364160K), 0.0023150 secs] [Times: user=0.02 sys=0.00, real=0.01 secs] 
363.921: Total time for which application threads were stopped: 0.0049530 seconds, Stopping threads took: 0.0025690 seconds
364.014: Application time: 0.0930320 seconds
364.017: [GC364.017: [ParNew: 106796K->7405K(112448K), 0.0024320 secs] 143617K->44255K(364160K), 0.0024900 secs] [Times: user=0.02 sys=0.00, real=0.01 secs] 
364.019: Total time for which application threads were stopped: 0.0051890 seconds, Stopping threads took: 0.0026240 seconds
364.112: Application time: 0.0926310 seconds
364.113: [GC364.113: [ParNew: 107372K->6314K(112448K), 0.0023760 secs] 144221K->43249K(364160K), 0.0024190 secs] [Times: user=0.02 sys=0.00, real=0.00 secs] 
364.116: Total time for which application threads were stopped: 0.0039000 seconds, Stopping threads took: 0.0013920 seconds
364.210: Application time: 0.0941930 seconds
364.212: [GC364.212: [ParNew: 106282K->3707K(112448K), 0.0014300 secs] 143217K->40642K(364160K), 0.0014720 secs] [Times: user=0.01 sys=0.00, real=0.00 secs] 
364.213: Total time for which application threads were stopped: 0.0033360 seconds, Stopping threads took: 0.0017970 seconds
364.304: Application time: 0.0910480 seconds
364.307: [GC364.307: [ParNew: 103675K->6636K(112448K), 0.0022490 secs] 140610K->43571K(364160K), 0.0022940 secs] [Times: user=0.02 sys=0.00, real=0.01 secs] 
364.309: Total time for which application threads were stopped: 0.0050100 seconds, Stopping threads took: 0.0026290 seconds
364.403: Application time: 0.0935600 seconds
364.405: [GC364.405: [ParNew: 106604K->7723K(112448K), 0.0027440 secs] 143539K->44773K(364160K), 0.0027870 secs] [Times: user=0.02 sys=0.00, real=0.01 secs] 
364.408: Total time for which application threads were stopped: 0.0048910 seconds, Stopping threads took: 0.0020120 seconds
364.501: Application time: 0.0927420 seconds
364.502: [GC364.502: [ParNew: 107691K->6130K(112448K), 0.0021470 secs] 144741K->43179K(364160K), 0.0021910 secs] [Times: user=0.01 sys=0.00, real=0.00 secs] 
364.504: Total time for which application threads were stopped: 0.0037510 seconds, Stopping threads took: 0.0014700 seconds
364.594: Application time: 0.0891170 seconds
364.595: [GC364.595: [ParNew: 106098K->7041K(112448K), 0.0022440 secs] 143147K->44091K(364160K), 0.0022870 secs] [Times: user=0.01 sys=0.00, real=0.00 secs] 
364.597: Total time for which application threads were stopped: 0.0039570 seconds, Stopping threads took: 0.0016010 seconds
364.687: Application time: 0.0894790 seconds
364.689: [GC364.689: [ParNew: 107009K->6274K(112448K), 0.0021260 secs] 144059K->43438K(364160K), 0.0021700 secs] [Times: user=0.02 sys=0.00, real=0.00 secs] 
364.692: Total time for which application threads were stopped: 0.0046000 seconds, Stopping threads took: 0.0023590 seconds
364.780: Application time: 0.0884330 seconds
364.783: [GC364.783: [ParNew: 106242K->7409K(112448K), 0.0025230 secs] 143406K->44630K(364160K), 0.0025680 secs] [Times: user=0.01 sys=0.01, real=0.00 secs] 
364.786: Total time for which application threads were stopped: 0.0057770 seconds, Stopping threads took: 0.0031380 seconds
364.879: Application time: 0.0936350 seconds
364.882: [GC364.882: [ParNew: 107377K->6342K(112448K), 0.0021870 secs] 144598K->43620K(364160K), 0.0022300 secs] [Times: user=0.02 sys=0.00, real=0.00 secs] 
364.884: Total time for which application threads were stopped: 0.0045660 seconds, Stopping threads took: 0.0022590 seconds
364.974: Application time: 0.0900140 seconds
364.977: [GC364.977: [ParNew: 106310K->6852K(112448K), 0.0021650 secs] 143588K->44129K(364160K), 0.0022080 secs] [Times: user=0.02 sys=0.00, real=0.00 secs] 
364.979: Total time for which application threads were stopped: 0.0050760 seconds, Stopping threads took: 0.0027780 seconds
365.069: Application time: 0.0903380 seconds
365.071: [GC365.071: [ParNew: 106820K->6699K(112448K), 0.0023040 secs] 144097K->44062K(364160K), 0.0023520 secs] [Times: user=0.01 sys=0.00, real=0.00 secs] 
365.073: Total time for which application threads were stopped: 0.0040640 seconds, Stopping threads took: 0.0016400 seconds
365.163: Application time: 0.0894360 seconds
365.165: [GC365.165: [ParNew: 106667K->7113K(112448K), 0.0023250 secs] 144030K->44505K(364160K), 0.0023710 secs] [Times: user=0.02 sys=0.00, real=0.01 secs] 
365.168: Total time for which application threads were stopped: 0.0047300 seconds, Stopping threads took: 0.0022880 seconds
365.255: Application time: 0.0878240 seconds
365.258: [GC365.258: [ParNew: 107081K->7177K(112448K), 0.0026020 secs] 144473K->44626K(364160K), 0.0026470 secs] [Times: user=0.02 sys=0.00, real=0.01 secs] 
365.261: Total time for which application threads were stopped: 0.0054290 seconds, Stopping threads took: 0.0026900 seconds
365.351: Application time: 0.0905980 seconds
365.353: [GC365.353: [ParNew: 107145K->5743K(112448K), 0.0021080 secs] 144594K->43248K(364160K), 0.0021510 secs] [Times: user=0.01 sys=0.00, real=0.00 secs] 
365.356: Total time for which application threads were stopped: 0.0040950 seconds, Stopping threads took: 0.0018550 seconds
365.444: Application time: 0.0884290 seconds
365.447: [GC365.447: [ParNew: 105711K->7337K(112448K), 0.0024970 secs] 143216K->44842K(364160K), 0.0025390 secs] [Times: user=0.02 sys=0.00, real=0.01 secs] 
365.449: Total time for which application threads were stopped: 0.0052700 seconds, Stopping threads took: 0.0026350 seconds
365.541: Application time: 0.0919130 seconds
365.544: [GC365.544: [ParNew: 107305K->7122K(112448K), 0.0024090 secs] 144810K->44684K(364160K), 0.0024620 secs] [Times: user=0.02 sys=0.00, real=0.00 secs] 
365.547: Total time for which application threads were stopped: 0.0053930 seconds, Stopping threads took: 0.0028420 seconds
365.635: Application time: 0.0884690 seconds
365.638: [GC365.638: [ParNew: 107090K->6893K(112448K), 0.0024430 secs] 144652K->44512K(364160K), 0.0024880 secs] [Times: user=0.01 sys=0.00, real=0.01 secs] 
365.640: Total time for which application threads were stopped: 0.0052460 seconds, Stopping threads took: 0.0026660 seconds
365.733: Application time: 0.0925090 seconds
365.736: [GC365.736: [ParNew: 106861K->6531K(112448K), 0.0022840 secs] 144480K->44207K(364160K), 0.0023290 secs] [Times: user=0.02 sys=0.00, real=0.00 secs] 
365.738: Total time for which application threads were stopped: 0.0050540 seconds, Stopping threads took: 0.0026310 seconds
365.834: Application time: 0.0957200 seconds
365.837: [GC365.837: [ParNew: 106499K->6711K(112448K), 0.0022420 secs] 144175K->44416K(364160K), 0.0022870 secs] [Times: user=0.01 sys=0.00, real=0.00 secs] 
365.839: Total time for which application threads were stopped: 0.0053560 seconds, Stopping threads took: 0.0029970 seconds
365.935: Application time: 0.0963080 seconds
365.937: [GC365.937: [ParNew: 106679K->7517K(112448K), 0.0025800 secs] 144384K->45250K(364160K), 0.0026270 secs] [Times: user=0.02 sys=0.00, real=0.01 secs] 
365.940: Total time for which application threads were stopped: 0.0048460 seconds, Stopping threads took: 0.0021460 seconds
366.037: Application time: 0.0971060 seconds
366.039: [GC366.039: [ParNew: 107485K->7331K(112448K), 0.0024760 secs] 145218K->45121K(364160K), 0.0025220 secs] [Times: user=0.02 sys=0.00, real=0.01 secs] 
366.042: Total time for which application threads were stopped: 0.0044050 seconds, Stopping threads took: 0.0017990 seconds
366.136: Application time: 0.0944910 seconds
366.138: [GC366.138: [ParNew: 107299K->5516K(112448K), 0.0019850 secs] 145089K->43364K(364160K), 0.0020320 secs] [Times: user=0.02 sys=0.00, real=0.01 secs] 
366.140: Total time for which application threads were stopped: 0.0037980 seconds, Stopping threads took: 0.0016930 seconds
366.236: Application time: 0.0964760 seconds
366.239: [GC366.239: [ParNew: 105484K->6621K(112448K), 0.0022920 secs] 143332K->44469K(364160K), 0.0023360 secs] [Times: user=0.01 sys=0.00, real=0.01 secs] 
366.241: Total time for which application threads were stopped: 0.0045710 seconds, Stopping threads took: 0.0021600 seconds
366.337: Application time: 0.0958420 seconds
366.339: [GC366.339: [ParNew: 106589K->7066K(112448K), 0.0026470 secs] 144437K->44970K(364160K), 0.0026920 secs] [Times: user=0.01 sys=0.00, real=0.01 secs] 
366.342: Total time for which application threads were stopped: 0.0049010 seconds, Stopping threads took: 0.0021280 seconds
366.437: Application time: 0.0953230 seconds
366.440: [GC366.440: [ParNew: 107034K->6706K(112448K), 0.0023640 secs] 144938K->44668K(364160K), 0.0024100 secs] [Times: user=0.02 sys=0.00, real=0.00 secs] 
366.442: Total time for which application threads were stopped: 0.0053920 seconds, Stopping threads took: 0.0028910 seconds
366.537: Application time: 0.0942950 seconds
366.540: [GC366.540: [ParNew: 106674K->6747K(112448K), 0.0023100 secs] 144636K->44738K(364160K), 0.0023510 secs] [Times: user=0.02 sys=0.00, real=0.00 secs] 
366.542: Total time for which application threads were stopped: 0.0057280 seconds, Stopping threads took: 0.0032760 seconds
366.636: Application time: 0.0934790 seconds
366.639: [GC366.639: [ParNew: 106715K->7225K(112448K), 0.0024820 secs] 144706K->45301K(364160K), 0.0025270 secs] [Times: user=0.02 sys=0.00, real=0.01 secs] 
366.641: Total time for which application threads were stopped: 0.0053710 seconds, Stopping threads took: 0.0027720 seconds
366.740: Application time: 0.0987800 seconds
366.743: [GC366.743: [ParNew: 107193K->7698K(112448K), 0.0025800 secs] 145269K->45803K(364160K), 0.0026260 secs] [Times: user=0.02 sys=0.00, real=0.00 secs] 
366.745: Total time for which application threads were stopped: 0.0052080 seconds, Stopping threads took: 0.0025010 seconds
366.841: Application time: 0.0960830 seconds
366.844: [GC366.844: [ParNew: 107666K->5579K(112448K), 0.0020290 secs] 145771K->43712K(364160K), 0.0020750 secs] [Times: user=0.02 sys=0.00, real=0.00 secs] 
366.846: Total time for which application threads were stopped: 0.0050310 seconds, Stopping threads took: 0.0028750 seconds
366.940: Application time: 0.0940490 seconds
366.943: [GC366.943: [ParNew: 105547K->7636K(112448K), 0.0025540 secs] 143680K->45769K(364160K), 0.0026040 secs] [Times: user=0.01 sys=0.00, real=0.00 secs] 
366.946: Total time for which application threads were stopped: 0.0053850 seconds, Stopping threads took: 0.0027080 seconds
367.041: Application time: 0.0951620 seconds
367.043: [GC367.043: [ParNew: 107604K->6685K(112448K), 0.0022020 secs] 145737K->44904K(364160K), 0.0022530 secs] [Times: user=0.02 sys=0.00, real=0.00 secs] 
367.046: Total time for which application threads were stopped: 0.0044710 seconds, Stopping threads took: 0.0021350 seconds
367.140: Application time: 0.0944080 seconds
367.143: [GC367.143: [ParNew: 106653K->7442K(112448K), 0.0024170 secs] 144872K->45746K(364160K), 0.0024670 secs] [Times: user=0.02 sys=0.00, real=0.00 secs] 
367.145: Total time for which application threads were stopped: 0.0054740 seconds, Stopping threads took: 0.0029310 seconds
367.240: Application time: 0.0942630 seconds
367.242: [GC367.242: [ParNew: 107410K->6565K(112448K), 0.0022740 secs] 145714K->44869K(364160K), 0.0023210 secs] [Times: user=0.02 sys=0.00, real=0.00 secs] 
367.244: Total time for which application threads were stopped: 0.0043520 seconds, Stopping threads took: 0.0019600 seconds
367.337: Application time: 0.0929930 seconds
367.339: [GC367.339: [ParNew: 106533K->6427K(112448K), 0.0021470 secs] 144837K->44788K(364160K), 0.0021920 secs] [Times: user=0.01 sys=0.00, real=0.01 secs] 
367.341: Total time for which application threads were stopped: 0.0039770 seconds, Stopping threads took: 0.0017130 seconds
367.439: Application time: 0.0980320 seconds
367.440: [GC367.440: [ParNew: 106395K->7630K(112448K), 0.0025370 secs] 144756K->46048K(364160K), 0.0025840 secs] [Times: user=0.02 sys=0.00, real=0.00 secs] 
367.443: Total time for which application threads were stopped: 0.0038030 seconds, Stopping threads took: 0.0011260 seconds
367.542: Application time: 0.0995780 seconds
367.544: [GC367.544: [ParNew: 107598K->5621K(112448K), 0.0018620 secs] 146016K->44039K(364160K), 0.0019060 secs] [Times: user=0.02 sys=0.00, real=0.00 secs] 
367.546: Total time for which application threads were stopped: 0.0039400 seconds, Stopping threads took: 0.0019320 seconds
367.642: Application time: 0.0959070 seconds
367.645: [GC367.645: [ParNew: 105589K->5633K(112448K), 0.0018610 secs] 144007K->44051K(364160K), 0.0019050 secs] [Times: user=0.01 sys=0.00, real=0.00 secs] 
367.647: Total time for which application threads were stopped: 0.0043710 seconds, Stopping threads took: 0.0023930 seconds
367.739: Application time: 0.0924570 seconds
367.742: [GC367.742: [ParNew: 105601K->7022K(112448K), 0.0024500 secs] 144019K->45441K(364160K), 0.0024980 secs] [Times: user=0.02 sys=0.00, real=0.00 secs] 
367.745: Total time for which application threads were stopped: 0.0056170 seconds, Stopping threads took: 0.0030480 seconds
367.844: Application time: 0.0990670 seconds
367.845: [GC367.846: [ParNew: 106990K->6440K(112448K), 0.0022160 secs] 145409K->45029K(364160K), 0.0022640 secs] [Times: user=0.02 sys=0.00, real=0.01 secs] 
367.848: Total time for which application threads were stopped: 0.0039820 seconds, Stopping threads took: 0.0016470 seconds
367.943: Application time: 0.0950760 seconds
367.946: [GC367.946: [ParNew: 106408K->6085K(112448K), 0.0021230 secs] 144997K->44702K(364160K), 0.0021680 secs] [Times: user=0.01 sys=0.00, real=0.01 secs] 
367.948: Total time for which application threads were stopped: 0.0050190 seconds, Stopping threads took: 0.0027790 seconds
368.048: Application time: 0.0999140 seconds
368.050: [GC368.050: [ParNew: 106053K->5005K(112448K), 0.0018280 secs] 144670K->43623K(364160K), 0.0018820 secs] [Times: user=0.01 sys=0.00, real=0.00 secs] 
368.052: Total time for which application threads were stopped: 0.0043410 seconds, Stopping threads took: 0.0023580 seconds
368.147: Application time: 0.0944680 seconds
368.149: [GC368.149: [ParNew: 104973K->7799K(112448K), 0.0028680 secs] 143591K->46416K(364160K), 0.0029170 secs] [Times: user=0.01 sys=0.00, real=0.00 secs] 
368.152: Total time for which application threads were stopped: 0.0051790 seconds, Stopping threads took: 0.0021700 seconds
368.246: Application time: 0.0946620 seconds
368.249: [GC368.249: [ParNew: 107767K->7762K(112448K), 0.0025750 secs] 146384K->46522K(364160K), 0.0026230 secs] [Times: user=0.01 sys=0.00, real=0.00 secs] 
368.252: Total time for which application threads were stopped: 0.0055870 seconds, Stopping threads took: 0.0028730 seconds
368.348: Application time: 0.0960920 seconds
368.351: [GC368.351: [ParNew: 107730K->7015K(112448K), 0.0025680 secs] 146490K->45832K(364160K), 0.0026160 secs] [Times: user=0.01 sys=0.00, real=0.00 secs] 
368.353: Total time for which application threads were stopped: 0.0050200 seconds, Stopping threads took: 0.0023220 seconds
368.451: Application time: 0.0976750 seconds
368.453: [GC368.453: [ParNew: 106983K->6024K(112448K), 0.0020250 secs] 145800K->44870K(364160K), 0.0020720 secs] [Times: user=0.02 sys=0.00, real=0.00 secs] 
368.455: Total time for which application threads were stopped: 0.0041130 seconds, Stopping threads took: 0.0019460 seconds
368.552: Application time: 0.0966870 seconds
368.555: [GC368.555: [ParNew: 105992K->6046K(112448K), 0.0019210 secs] 144838K->44892K(364160K), 0.0019670 secs] [Times: user=0.01 sys=0.00, real=0.00 secs] 
368.557: Total time for which application threads were stopped: 0.0053080 seconds, Stopping threads took: 0.0032410 seconds
368.651: Application time: 0.0942560 seconds
368.654: [GC368.654: [ParNew: 106014K->7661K(112448K), 0.0026990 secs] 144860K->46507K(364160K), 0.0027440 secs] [Times: user=0.02 sys=0.00, real=0.00 secs] 
368.656: Total time for which application threads were stopped: 0.0051830 seconds, Stopping threads took: 0.0023470 seconds
368.750: Application time: 0.0939300 seconds
368.752: [GC368.752: [ParNew: 107629K->7391K(112448K), 0.0027230 secs] 146475K->46379K(364160K), 0.0027660 secs] [Times: user=0.02 sys=0.00, real=0.00 secs] 
368.755: Total time for which application threads were stopped: 0.0046560 seconds, Stopping threads took: 0.0018000 seconds
368.850: Application time: 0.0952950 seconds
368.853: [GC368.853: [ParNew: 107359K->6460K(112448K), 0.0021900 secs] 146347K->45505K(364160K), 0.0022390 secs] [Times: user=0.02 sys=0.00, real=0.00 secs] 
368.855: Total time for which application threads were stopped: 0.0051990 seconds, Stopping threads took: 0.0028880 seconds
368.952: Application time: 0.0960800 seconds
368.954: [GC368.954: [ParNew: 106428K->6679K(112448K), 0.0022910 secs] 145473K->45753K(364160K), 0.0023380 secs] [Times: user=0.02 sys=0.00, real=0.00 secs] 
368.957: Total time for which application threads were stopped: 0.0050050 seconds, Stopping threads took: 0.0025940 seconds
369.053: Application time: 0.0967500 seconds
369.055: [GC369.055: [ParNew: 106647K->6648K(112448K), 0.0022100 secs] 145721K->45750K(364160K), 0.0022570 secs] [Times: user=0.01 sys=0.00, real=0.00 secs] 
369.057: Total time for which application threads were stopped: 0.0038570 seconds, Stopping threads took: 0.0015280 seconds
369.149: Application time: 0.0919400 seconds
369.152: [GC369.152: [ParNew: 106616K->7415K(112448K), 0.0024670 secs] 145718K->46546K(364160K), 0.0025150 secs] [Times: user=0.02 sys=0.00, real=0.00 secs] 
369.155: Total time for which application threads were stopped: 0.0057670 seconds, Stopping threads took: 0.0031500 seconds
369.248: Application time: 0.0934400 seconds
369.250: [GC369.250: [ParNew: 107383K->6388K(112448K), 0.0023090 secs] 146514K->45605K(364160K), 0.0023540 secs] [Times: user=0.02 sys=0.00, real=0.00 secs] 
369.252: Total time for which application threads were stopped: 0.0035660 seconds, Stopping threads took: 0.0011280 seconds
369.348: Application time: 0.0960310 seconds
369.351: [GC369.351: [ParNew: 106356K->7295K(112448K), 0.0025600 secs] 145573K->46569K(364160K), 0.0026030 secs] [Times: user=0.02 sys=0.00, real=0.00 secs] 
369.353: Total time for which application threads were stopped: 0.0052110 seconds, Stopping threads took: 0.0025380 seconds
369.449: Application time: 0.0955350 seconds
369.451: [GC369.451: [ParNew: 107263K->7311K(112448K), 0.0024090 secs] 146537K->46584K(364160K), 0.0024540 secs] [Times: user=0.02 sys=0.00, real=0.00 secs] 
369.454: Total time for which application threads were stopped: 0.0050390 seconds, Stopping threads took: 0.0025120 seconds
369.546: Application time: 0.0920030 seconds
369.549: [GC369.549: [ParNew: 107279K->7187K(112448K), 0.0024580 secs] 146552K->46518K(364160K), 0.0025030 secs] [Times: user=0.02 sys=0.00, real=0.00 secs] 
369.551: Total time for which application threads were stopped: 0.0053960 seconds, Stopping threads took: 0.0028100 seconds
369.647: Application time: 0.0963690 seconds
369.649: [GC369.649: [ParNew: 107155K->7212K(112448K), 0.0025840 secs] 146486K->46571K(364160K), 0.0026280 secs] [Times: user=0.02 sys=0.00, real=0.00 secs] 
369.652: Total time for which application threads were stopped: 0.0042680 seconds, Stopping threads took: 0.0015500 seconds
369.742: Application time: 0.0901280 seconds
369.744: [GC369.744: [ParNew: 107180K->5374K(112448K), 0.0018130 secs] 146539K->44819K(364160K), 0.0018570 secs] [Times: user=0.02 sys=0.00, real=0.00 secs] 
369.745: Total time for which application threads were stopped: 0.0035300 seconds, Stopping threads took: 0.0015730 seconds
369.837: Application time: 0.0913120 seconds
369.839: [GC369.839: [ParNew: 105342K->6866K(112448K), 0.0023640 secs] 144787K->46310K(364160K), 0.0024090 secs] [Times: user=0.02 sys=0.00, real=0.01 secs] 
369.841: Total time for which application threads were stopped: 0.0045410 seconds, Stopping threads took: 0.0020490 seconds
369.932: Application time: 0.0911510 seconds
369.936: [GC369.936: [ParNew: 106834K->6812K(112448K), 0.0024240 secs] 146278K->46313K(364160K), 0.0024700 secs] [Times: user=0.02 sys=0.00, real=0.00 secs] 
369.938: Total time for which application threads were stopped: 0.0056150 seconds, Stopping threads took: 0.0030730 seconds
370.027: Application time: 0.0893980 seconds
370.030: [GC370.030: [ParNew: 106780K->6628K(112448K), 0.0022940 secs] 146281K->46187K(364160K), 0.0023400 secs] [Times: user=0.01 sys=0.00, real=0.00 secs] 
370.032: Total time for which application threads were stopped: 0.0050290 seconds, Stopping threads took: 0.0026180 seconds
370.122: Application time: 0.0892990 seconds
370.124: [GC370.124: [ParNew: 106596K->7104K(112448K), 0.0023020 secs] 146155K->46691K(364160K), 0.0023500 secs] [Times: user=0.02 sys=0.00, real=0.00 secs] 
370.126: Total time for which application threads were stopped: 0.0045030 seconds, Stopping threads took: 0.0020610 seconds
370.217: Application time: 0.0908030 seconds
370.219: [GC370.219: [ParNew: 107072K->6988K(112448K), 0.0024230 secs] 146659K->46632K(364160K), 0.0024700 secs] [Times: user=0.01 sys=0.00, real=0.01 secs] 
370.221: Total time for which application threads were stopped: 0.0041200 seconds, Stopping threads took: 0.0015810 seconds
370.312: Application time: 0.0910020 seconds
370.314: [GC370.314: [ParNew: 106956K->5542K(112448K), 0.0018560 secs] 146600K->45244K(364160K), 0.0019020 secs] [Times: user=0.02 sys=0.00, real=0.00 secs] 
370.316: Total time for which application threads were stopped: 0.0039590 seconds, Stopping threads took: 0.0019810 seconds
370.405: Application time: 0.0884290 seconds
370.408: [GC370.408: [ParNew: 105510K->6846K(112448K), 0.0022930 secs] 145212K->46547K(364160K), 0.0023420 secs] [Times: user=0.01 sys=0.00, real=0.00 secs] 
370.410: Total time for which application threads were stopped: 0.0054950 seconds, Stopping threads took: 0.0030820 seconds
370.499: Application time: 0.0888060 seconds
370.502: [GC370.502: [ParNew: 106814K->5172K(112448K), 0.0017440 secs] 146515K->44959K(364160K), 0.0017890 secs] [Times: user=0.02 sys=0.00, real=0.00 secs] 
370.504: Total time for which application threads were stopped: 0.0046430 seconds, Stopping threads took: 0.0027840 seconds
370.592: Application time: 0.0882290 seconds
370.594: [GC370.594: [ParNew: 105140K->7058K(112448K), 0.0023540 secs] 144927K->46844K(364160K), 0.0023980 secs] [Times: user=0.02 sys=0.00, real=0.00 secs] 
370.597: Total time for which application threads were stopped: 0.0047910 seconds, Stopping threads took: 0.0023240 seconds
370.687: Application time: 0.0907580 seconds
370.689: [GC370.689: [ParNew: 107026K->6832K(112448K), 0.0022470 secs] 146812K->46704K(364160K), 0.0022900 secs] [Times: user=0.02 sys=0.00, real=0.00 secs] 
370.692: Total time for which application threads were stopped: 0.0043510 seconds, Stopping threads took: 0.0019990 seconds
370.781: Application time: 0.0890820 seconds
370.784: [GC370.784: [ParNew: 106800K->6601K(112448K), 0.0021990 secs] 146672K->46530K(364160K), 0.0022420 secs] [Times: user=0.01 sys=0.00, real=0.00 secs] 
370.786: Total time for which application threads were stopped: 0.0050950 seconds, Stopping threads took: 0.0027830 seconds
370.874: Application time: 0.0877980 seconds
370.876: [GC370.877: [ParNew: 106569K->6785K(112448K), 0.0023650 secs] 146498K->46743K(364160K), 0.0024090 secs] [Times: user=0.02 sys=0.00, real=0.00 secs] 
370.879: Total time for which application threads were stopped: 0.0052580 seconds, Stopping threads took: 0.0027500 seconds
370.967: Application time: 0.0880350 seconds
370.969: [GC370.969: [ParNew: 106753K->6216K(112448K), 0.0023260 secs] 146711K->46202K(364160K), 0.0023740 secs] [Times: user=0.01 sys=0.00, real=0.00 secs] 
370.972: Total time for which application threads were stopped: 0.0047150 seconds, Stopping threads took: 0.0022600 seconds
371.062: Application time: 0.0899930 seconds
371.063: [GC371.064: [ParNew: 106184K->7105K(112448K), 0.0023640 secs] 146170K->47091K(364160K), 0.0024090 secs] [Times: user=0.01 sys=0.00, real=0.00 secs] 
371.066: Total time for which application threads were stopped: 0.0042430 seconds, Stopping threads took: 0.0017520 seconds
371.157: Application time: 0.0915370 seconds
371.160: [GC371.160: [ParNew: 107071K->5977K(112448K), 0.0020120 secs] 147058K->46049K(364160K), 0.0020590 secs] [Times: user=0.02 sys=0.00, real=0.00 secs] 
371.162: Total time for which application threads were stopped: 0.0044050 seconds, Stopping threads took: 0.0022740 seconds
371.254: Application time: 0.0918400 seconds
371.257: [GC371.257: [ParNew: 105945K->6311K(112448K), 0.0020690 secs] 146017K->46383K(364160K), 0.0021140 secs] [Times: user=0.02 sys=0.00, real=0.00 secs] 
371.259: Total time for which application threads were stopped: 0.0049290 seconds, Stopping threads took: 0.0027430 seconds
371.347: Application time: 0.0885420 seconds
371.349: [GC371.349: [ParNew: 106279K->6687K(112448K), 0.0024140 secs] 146351K->46873K(364160K), 0.0024610 secs] [Times: user=0.02 sys=0.00, real=0.00 secs] 
371.352: Total time for which application threads were stopped: 0.0044610 seconds, Stopping threads took: 0.0019300 seconds
371.441: Application time: 0.0894970 seconds
371.443: [GC371.443: [ParNew: 106655K->6558K(112448K), 0.0023590 secs] 146841K->46773K(364160K), 0.0024010 secs] [Times: user=0.01 sys=0.00, real=0.00 secs] 
371.446: Total time for which application threads were stopped: 0.0044130 seconds, Stopping threads took: 0.0019320 seconds
371.538: Application time: 0.0922070 seconds
371.539: [GC371.539: [ParNew: 106526K->6096K(112448K), 0.0020410 secs] 146741K->46339K(364160K), 0.0020810 secs] [Times: user=0.02 sys=0.00, real=0.00 secs] 
371.542: Total time for which application threads were stopped: 0.0037940 seconds, Stopping threads took: 0.0016450 seconds
371.627: Application time: 0.0859310 seconds
371.630: [GC371.630: [ParNew: 106064K->7378K(112448K), 0.0024360 secs] 146307K->47621K(364160K), 0.0024820 secs] [Times: user=0.02 sys=0.00, real=0.00 secs] 
371.633: Total time for which application threads were stopped: 0.0052170 seconds, Stopping threads took: 0.0026540 seconds
371.722: Application time: 0.0893760 seconds
371.724: [GC371.724: [ParNew: 107346K->4202K(112448K), 0.0014570 secs] 147589K->44559K(364160K), 0.0015000 secs] [Times: user=0.01 sys=0.00, real=0.00 secs] 
371.726: Total time for which application threads were stopped: 0.0035700 seconds, Stopping threads took: 0.0019990 seconds
371.815: Application time: 0.0897880 seconds
371.818: [GC371.818: [ParNew: 104170K->5248K(112448K), 0.0019930 secs] 144527K->45605K(364160K), 0.0020370 secs] [Times: user=0.02 sys=0.00, real=0.01 secs] 
371.820: Total time for which application threads were stopped: 0.0048040 seconds, Stopping threads took: 0.0026770 seconds
371.912: Application time: 0.0915310 seconds
371.913: [GC371.913: [ParNew: 105216K->5317K(112448K), 0.0017880 secs] 145573K->45674K(364160K), 0.0018340 secs] [Times: user=0.02 sys=0.00, real=0.00 secs] 
371.915: Total time for which application threads were stopped: 0.0034660 seconds, Stopping threads took: 0.0015320 seconds
372.005: Application time: 0.0901280 seconds
372.008: [GC372.008: [ParNew: 105285K->7196K(112448K), 0.0023870 secs] 145642K->47553K(364160K), 0.0024320 secs] [Times: user=0.01 sys=0.00, real=0.00 secs] 
372.010: Total time for which application threads were stopped: 0.0046280 seconds, Stopping threads took: 0.0020980 seconds
372.098: Application time: 0.0880950 seconds
372.099: [GC372.099: [ParNew: 107164K->7992K(112448K), 0.0027620 secs] 147521K->48491K(364160K), 0.0028070 secs] [Times: user=0.02 sys=0.00, real=0.00 secs] 
372.102: Total time for which application threads were stopped: 0.0040150 seconds, Stopping threads took: 0.0011390 seconds
372.193: Application time: 0.0910480 seconds
372.196: [GC372.196: [ParNew: 107960K->6739K(112448K), 0.0024040 secs] 148459K->47324K(364160K), 0.0024480 secs] [Times: user=0.02 sys=0.00, real=0.00 secs] 
372.199: Total time for which application threads were stopped: 0.0053650 seconds, Stopping threads took: 0.0028480 seconds
372.285: Application time: 0.0866530 seconds
372.287: [GC372.287: [ParNew: 106707K->6741K(112448K), 0.0025130 secs] 147292K->47383K(364160K), 0.0025560 secs] [Times: user=0.01 sys=0.00, real=0.01 secs] 
372.289: Total time for which application threads were stopped: 0.0040120 seconds, Stopping threads took: 0.0013670 seconds
372.378: Application time: 0.0888160 seconds
372.381: [GC372.381: [ParNew: 106709K->6903K(112448K), 0.0022120 secs] 147351K->47546K(364160K), 0.0022570 secs] [Times: user=0.02 sys=0.00, real=0.00 secs] 
372.383: Total time for which application threads were stopped: 0.0048770 seconds, Stopping threads took: 0.0025500 seconds
372.475: Application time: 0.0920280 seconds
372.478: [GC372.478: [ParNew: 106871K->7918K(112448K), 0.0026030 secs] 147514K->48617K(364160K), 0.0026490 secs] [Times: user=0.02 sys=0.00, real=0.01 secs] 
372.480: Total time for which application threads were stopped: 0.0053390 seconds, Stopping threads took: 0.0026220 seconds
372.571: Application time: 0.0908040 seconds
372.573: [GC372.573: [ParNew: 107886K->6824K(112448K), 0.0023040 secs] 148585K->47551K(364160K), 0.0023490 secs] [Times: user=0.01 sys=0.00, real=0.00 secs] 
372.576: Total time for which application threads were stopped: 0.0045650 seconds, Stopping threads took: 0.0021360 seconds
372.664: Application time: 0.0887750 seconds
372.667: [GC372.667: [ParNew: 106792K->5239K(112448K), 0.0017550 secs] 147519K->46024K(364160K), 0.0017960 secs] [Times: user=0.02 sys=0.00, real=0.01 secs] 
372.668: Total time for which application threads were stopped: 0.0039060 seconds, Stopping threads took: 0.0020410 seconds
372.757: Application time: 0.0883550 seconds
372.759: [GC372.759: [ParNew: 105207K->6337K(112448K), 0.0020610 secs] 145992K->47122K(364160K), 0.0021060 secs] [Times: user=0.01 sys=0.00, real=0.01 secs] 
372.761: Total time for which application threads were stopped: 0.0041540 seconds, Stopping threads took: 0.0019760 seconds
372.849: Application time: 0.0878210 seconds
372.851: [GC372.851: [ParNew: 106305K->5743K(112448K), 0.0019710 secs] 147090K->46613K(364160K), 0.0020240 secs] [Times: user=0.02 sys=0.00, real=0.00 secs] 
372.853: Total time for which application threads were stopped: 0.0042560 seconds, Stopping threads took: 0.0021400 seconds
372.945: Application time: 0.0919930 seconds
372.948: [GC372.948: [ParNew: 105711K->6622K(112448K), 0.0022180 secs] 146581K->47493K(364160K), 0.0022630 secs] [Times: user=0.01 sys=0.00, real=0.00 secs] 
372.950: Total time for which application threads were stopped: 0.0054750 seconds, Stopping threads took: 0.0031210 seconds
373.042: Application time: 0.0919560 seconds
373.045: [GC373.045: [ParNew: 106590K->6807K(112448K), 0.0024340 secs] 147461K->47763K(364160K), 0.0024780 secs] [Times: user=0.01 sys=0.00, real=0.00 secs] 
373.047: Total time for which application threads were stopped: 0.0046970 seconds, Stopping threads took: 0.0021470 seconds
373.137: Application time: 0.0899070 seconds
373.140: [GC373.140: [ParNew: 106775K->6204K(112448K), 0.0020820 secs] 147731K->47217K(364160K), 0.0021230 secs] [Times: user=0.01 sys=0.00, real=0.00 secs] 
373.142: Total time for which application threads were stopped: 0.0050280 seconds, Stopping threads took: 0.0028040 seconds
373.230: Application time: 0.0882340 seconds
373.233: [GC373.233: [ParNew: 106172K->7970K(112448K), 0.0026470 secs] 147185K->48983K(364160K), 0.0026920 secs] [Times: user=0.02 sys=0.00, real=0.00 secs] 
373.236: Total time for which application threads were stopped: 0.0054250 seconds, Stopping threads took: 0.0026630 seconds
373.327: Application time: 0.0910180 seconds
373.329: [GC373.329: [ParNew: 107938K->6854K(112448K), 0.0022460 secs] 148951K->47952K(364160K), 0.0022910 secs] [Times: user=0.02 sys=0.00, real=0.00 secs] 
373.332: Total time for which application threads were stopped: 0.0049060 seconds, Stopping threads took: 0.0025440 seconds
373.420: Application time: 0.0887240 seconds
373.423: [GC373.423: [ParNew: 106822K->7623K(112448K), 0.0025560 secs] 147920K->48750K(364160K), 0.0025990 secs] [Times: user=0.02 sys=0.00, real=0.00 secs] 
373.426: Total time for which application threads were stopped: 0.0051870 seconds, Stopping threads took: 0.0025170 seconds
373.514: Application time: 0.0882270 seconds
373.516: [GC373.516: [ParNew: 107591K->7670K(112448K), 0.0025490 secs] 148718K->48854K(364160K), 0.0025940 secs] [Times: user=0.02 sys=0.00, real=0.00 secs] 
373.518: Total time for which application threads were stopped: 0.0047160 seconds, Stopping threads took: 0.0020400 seconds
373.611: Application time: 0.0925960 seconds
373.613: [GC373.613: [ParNew: 107638K->7321K(112448K), 0.0024540 secs] 148822K->48562K(364160K), 0.0025000 secs] [Times: user=0.02 sys=0.00, real=0.00 secs] 
373.616: Total time for which application threads were stopped: 0.0049130 seconds, Stopping threads took: 0.0023450 seconds
373.707: Application time: 0.0907740 seconds
373.708: [GC373.708: [ParNew: 107289K->4712K(112448K), 0.0017260 secs] 148530K->45982K(364160K), 0.0017690 secs] [Times: user=0.01 sys=0.00, real=0.00 secs] 
373.709: Total time for which application threads were stopped: 0.0026840 seconds, Stopping threads took: 0.0008170 seconds
373.805: Application time: 0.0954850 seconds
373.808: [GC373.808: [ParNew: 104680K->5010K(112448K), 0.0016940 secs] 145950K->46279K(364160K), 0.0017390 secs] [Times: user=0.01 sys=0.00, real=0.00 secs] 
373.810: Total time for which application threads were stopped: 0.0047020 seconds, Stopping threads took: 0.0028920 seconds
373.905: Application time: 0.0956350 seconds
373.908: [GC373.908: [ParNew: 104978K->6956K(112448K), 0.0024630 secs] 146247K->48225K(364160K), 0.0025080 secs] [Times: user=0.02 sys=0.00, real=0.00 secs] 
373.910: Total time for which application threads were stopped: 0.0048510 seconds, Stopping threads took: 0.0022710 seconds
374.007: Application time: 0.0972160 seconds
374.010: [GC374.010: [ParNew: 106924K->7060K(112448K), 0.0025320 secs] 148193K->48444K(364160K), 0.0025770 secs] [Times: user=0.02 sys=0.00, real=0.00 secs] 
374.013: Total time for which application threads were stopped: 0.0054500 seconds, Stopping threads took: 0.0028000 seconds
374.107: Application time: 0.0937980 seconds
374.108: [GC374.108: [ParNew: 107028K->6199K(112448K), 0.0021380 secs] 148412K->47668K(364160K), 0.0021930 secs] [Times: user=0.02 sys=0.00, real=0.00 secs] 
374.110: Total time for which application threads were stopped: 0.0037910 seconds, Stopping threads took: 0.0015250 seconds
374.209: Application time: 0.0990230 seconds
374.211: [GC374.211: [ParNew: 106167K->7256K(112448K), 0.0023950 secs] 147636K->48726K(364160K), 0.0024410 secs] [Times: user=0.02 sys=0.00, real=0.00 secs] 
374.214: Total time for which application threads were stopped: 0.0045300 seconds, Stopping threads took: 0.0020080 seconds
374.309: Application time: 0.0946560 seconds
374.311: [GC374.311: [ParNew: 107224K->6431K(112448K), 0.0022180 secs] 148694K->47986K(364160K), 0.0022660 secs] [Times: user=0.01 sys=0.00, real=0.00 secs] 
374.313: Total time for which application threads were stopped: 0.0048740 seconds, Stopping threads took: 0.0025340 seconds
374.407: Application time: 0.0932510 seconds
374.409: [GC374.409: [ParNew: 106399K->6731K(112448K), 0.0022840 secs] 147954K->48314K(364160K), 0.0023300 secs] [Times: user=0.02 sys=0.00, real=0.00 secs] 
374.411: Total time for which application threads were stopped: 0.0044720 seconds, Stopping threads took: 0.0020700 seconds
374.508: Application time: 0.0971790 seconds
374.511: [GC374.511: [ParNew: 106699K->6826K(112448K), 0.0022520 secs] 148282K->48438K(364160K), 0.0022990 secs] [Times: user=0.02 sys=0.00, real=0.00 secs] 
374.513: Total time for which application threads were stopped: 0.0049790 seconds, Stopping threads took: 0.0026080 seconds
374.612: Application time: 0.0985140 seconds
374.615: [GC374.615: [ParNew: 106794K->7891K(112448K), 0.0025450 secs] 148406K->49531K(364160K), 0.0025880 secs] [Times: user=0.02 sys=0.00, real=0.00 secs] 
374.617: Total time for which application threads were stopped: 0.0054230 seconds, Stopping threads took: 0.0027670 seconds
374.711: Application time: 0.0940940 seconds
374.714: [GC374.714: [ParNew: 107859K->6654K(112448K), 0.0022490 secs] 149499K->48351K(364160K), 0.0022960 secs] [Times: user=0.01 sys=0.00, real=0.00 secs] 
374.716: Total time for which application threads were stopped: 0.0049200 seconds, Stopping threads took: 0.0025440 seconds
374.812: Application time: 0.0958960 seconds
374.816: [GC374.816: [ParNew: 106622K->6190K(112448K), 0.0021450 secs] 148319K->47973K(364160K), 0.0021920 secs] [Times: user=0.01 sys=0.00, real=0.00 secs] 
374.818: Total time for which application threads were stopped: 0.0055690 seconds, Stopping threads took: 0.0033050 seconds
374.912: Application time: 0.0937850 seconds
374.914: [GC374.914: [ParNew: 106158K->6782K(112448K), 0.0024950 secs] 147941K->48565K(364160K), 0.0025410 secs] [Times: user=0.02 sys=0.00, real=0.00 secs] 
374.916: Total time for which application threads were stopped: 0.0045600 seconds, Stopping threads took: 0.0019460 seconds
375.011: Application time: 0.0947870 seconds
375.013: [GC375.013: [ParNew: 106750K->7802K(112448K), 0.0027580 secs] 148533K->49642K(364160K), 0.0028030 secs] [Times: user=0.02 sys=0.00, real=0.00 secs] 
375.016: Total time for which application threads were stopped: 0.0049220 seconds, Stopping threads took: 0.0020280 seconds
375.110: Application time: 0.0937050 seconds
375.112: [GC375.112: [ParNew: 107770K->5776K(112448K), 0.0020770 secs] 149610K->47645K(364160K), 0.0021220 secs] [Times: user=0.02 sys=0.00, real=0.00 secs] 
375.114: Total time for which application threads were stopped: 0.0042250 seconds, Stopping threads took: 0.0020210 seconds
375.208: Application time: 0.0945010 seconds
375.211: [GC375.211: [ParNew: 105744K->6733K(112448K), 0.0024310 secs] 147613K->48601K(364160K), 0.0024770 secs] [Times: user=0.02 sys=0.00, real=0.00 secs] 
375.213: Total time for which application threads were stopped: 0.0051800 seconds, Stopping threads took: 0.0026320 seconds
375.309: Application time: 0.0955930 seconds
375.312: [GC375.313: [ParNew: 106701K->5976K(112448K), 0.0020300 secs] 148569K->47987K(364160K), 0.0020780 secs] [Times: user=0.02 sys=0.00, real=0.00 secs] 
375.315: Total time for which application threads were stopped: 0.0055310 seconds, Stopping threads took: 0.0033510 seconds
375.410: Application time: 0.0952150 seconds
375.413: [GC375.413: [ParNew: 105944K->6085K(112448K), 0.0020060 secs] 147955K->48096K(364160K), 0.0020490 secs] [Times: user=0.01 sys=0.00, real=0.00 secs] 
375.415: Total time for which application threads were stopped: 0.0049040 seconds, Stopping threads took: 0.0027830 seconds
375.508: Application time: 0.0928380 seconds
375.510: [GC375.510: [ParNew: 106053K->7921K(112448K), 0.0026100 secs] 148064K->49932K(364160K), 0.0026580 secs] [Times: user=0.02 sys=0.00, real=0.00 secs] 
375.513: Total time for which application threads were stopped: 0.0053430 seconds, Stopping threads took: 0.0025930 seconds
375.610: Application time: 0.0975130 seconds
375.613: [GC375.613: [ParNew: 107889K->6840K(112448K), 0.0023760 secs] 149900K->48937K(364160K), 0.0024190 secs] [Times: user=0.02 sys=0.00, real=0.00 secs] 
375.615: Total time for which application threads were stopped: 0.0048590 seconds, Stopping threads took: 0.0023400 seconds
375.714: Application time: 0.0988850 seconds
375.717: [GC375.717: [ParNew: 106808K->6662K(112448K), 0.0023950 secs] 148905K->48816K(364160K), 0.0024430 secs] [Times: user=0.02 sys=0.00, real=0.01 secs] 
375.720: Total time for which application threads were stopped: 0.0056490 seconds, Stopping threads took: 0.0031330 seconds
375.817: Application time: 0.0971650 seconds
375.820: [GC375.820: [ParNew: 106630K->7683K(112448K), 0.0027170 secs] 148784K->49893K(364160K), 0.0027650 secs] [Times: user=0.02 sys=0.00, real=0.00 secs] 
375.823: Total time for which application threads were stopped: 0.0056050 seconds, Stopping threads took: 0.0027590 seconds
375.919: Application time: 0.0963240 seconds
375.922: [GC375.922: [ParNew: 107651K->7678K(112448K), 0.0025170 secs] 149861K->49917K(364160K), 0.0025680 secs] [Times: user=0.02 sys=0.00, real=0.00 secs] 
375.924: Total time for which application threads were stopped: 0.0052310 seconds, Stopping threads took: 0.0025860 seconds
376.021: Application time: 0.0965890 seconds
376.024: [GC376.024: [ParNew: 107644K->7269K(112448K), 0.0025210 secs] 149883K->49536K(364160K), 0.0025660 secs] [Times: user=0.02 sys=0.00, real=0.00 secs] 
376.026: Total time for which application threads were stopped: 0.0054950 seconds, Stopping threads took: 0.0028570 seconds
376.123: Application time: 0.0967980 seconds
376.126: [GC376.126: [ParNew: 107237K->7844K(112448K), 0.0030360 secs] 149504K->50169K(364160K), 0.0030790 secs] [Times: user=0.02 sys=0.00, real=0.01 secs] 
376.129: Total time for which application threads were stopped: 0.0061370 seconds, Stopping threads took: 0.0029860 seconds
376.223: Application time: 0.0933270 seconds
376.225: [GC376.225: [ParNew: 107812K->7579K(112448K), 0.0025140 secs] 150137K->49961K(364160K), 0.0025600 secs] [Times: user=0.02 sys=0.00, real=0.01 secs] 
376.228: Total time for which application threads were stopped: 0.0053240 seconds, Stopping threads took: 0.0026920 seconds
376.322: Application time: 0.0940640 seconds
376.324: [GC376.324: [ParNew: 107547K->7666K(112448K), 0.0025010 secs] 149929K->50077K(364160K), 0.0025480 secs] [Times: user=0.02 sys=0.00, real=0.00 secs] 
376.327: Total time for which application threads were stopped: 0.0051160 seconds, Stopping threads took: 0.0024860 seconds
376.422: Application time: 0.0954510 seconds
376.426: [GC376.426: [ParNew: 107634K->6748K(112448K), 0.0023490 secs] 150045K->49216K(364160K), 0.0023950 secs] [Times: user=0.01 sys=0.00, real=0.01 secs] 
376.428: Total time for which application threads were stopped: 0.0055830 seconds, Stopping threads took: 0.0031160 seconds
376.524: Application time: 0.0954710 seconds
376.527: [GC376.527: [ParNew: 106716K->5830K(112448K), 0.0020140 secs] 149184K->48326K(364160K), 0.0020600 secs] [Times: user=0.02 sys=0.00, real=0.01 secs] 
376.529: Total time for which application threads were stopped: 0.0051790 seconds, Stopping threads took: 0.0030260 seconds
376.625: Application time: 0.0962870 seconds
376.628: [GC376.628: [ParNew: 105798K->6690K(112448K), 0.0021680 secs] 148294K->49186K(364160K), 0.0022240 secs] [Times: user=0.02 sys=0.00, real=0.00 secs] 
376.630: Total time for which application threads were stopped: 0.0047680 seconds, Stopping threads took: 0.0024690 seconds
376.726: Application time: 0.0960510 seconds
376.728: [GC376.728: [ParNew: 106658K->7325K(112448K), 0.0024760 secs] 149154K->49935K(364160K), 0.0025220 secs] [Times: user=0.02 sys=0.00, real=0.00 secs] 
376.731: Total time for which application threads were stopped: 0.0047330 seconds, Stopping threads took: 0.0021180 seconds
376.825: Application time: 0.0947220 seconds
376.828: [GC376.828: [ParNew: 107293K->6722K(112448K), 0.0024040 secs] 149903K->49361K(364160K), 0.0024470 secs] [Times: user=0.01 sys=0.00, real=0.00 secs] 
376.830: Total time for which application threads were stopped: 0.0049530 seconds, Stopping threads took: 0.0024250 seconds
376.926: Application time: 0.0953540 seconds
376.927: [GC376.927: [ParNew: 106690K->5556K(112448K), 0.0020060 secs] 149329K->48252K(364160K), 0.0020480 secs] [Times: user=0.02 sys=0.00, real=0.00 secs] 
376.929: Total time for which application threads were stopped: 0.0038310 seconds, Stopping threads took: 0.0017110 seconds
377.024: Application time: 0.0941260 seconds
377.026: [GC377.026: [ParNew: 105524K->6735K(112448K), 0.0022900 secs] 148220K->49430K(364160K), 0.0023360 secs] [Times: user=0.02 sys=0.00, real=0.01 secs] 
377.029: Total time for which application threads were stopped: 0.0051220 seconds, Stopping threads took: 0.0027140 seconds
377.124: Application time: 0.0948350 seconds
377.125: [GC377.125: [ParNew: 106703K->6469K(112448K), 0.0021270 secs] 149398K->49221K(364160K), 0.0021740 secs] [Times: user=0.01 sys=0.00, real=0.01 secs] 
377.127: Total time for which application threads were stopped: 0.0039810 seconds, Stopping threads took: 0.0017350 seconds
377.222: Application time: 0.0940600 seconds
377.224: [GC377.224: [ParNew: 106437K->7102K(112448K), 0.0024750 secs] 149189K->49940K(364160K), 0.0025200 secs] [Times: user=0.02 sys=0.00, real=0.00 secs] 
377.226: Total time for which application threads were stopped: 0.0049050 seconds, Stopping threads took: 0.0023150 seconds
377.320: Application time: 0.0934300 seconds
377.322: [GC377.322: [ParNew: 107070K->5978K(112448K), 0.0021120 secs] 149908K->48844K(364160K), 0.0021550 secs] [Times: user=0.01 sys=0.00, real=0.00 secs] 
377.324: Total time for which application threads were stopped: 0.0038680 seconds, Stopping threads took: 0.0016190 seconds
377.419: Application time: 0.0953470 seconds
377.421: [GC377.421: [ParNew: 105946K->6963K(112448K), 0.0023580 secs] 148812K->49829K(364160K), 0.0024060 secs] [Times: user=0.02 sys=0.00, real=0.00 secs] 
377.423: Total time for which application threads were stopped: 0.0043310 seconds, Stopping threads took: 0.0018410 seconds
377.523: Application time: 0.0997940 seconds
377.525: [GC377.525: [ParNew: 106931K->5821K(112448K), 0.0022060 secs] 149797K->48773K(364160K), 0.0022610 secs] [Times: user=0.01 sys=0.00, real=0.01 secs] 
377.528: Total time for which application threads were stopped: 0.0043330 seconds, Stopping threads took: 0.0019860 seconds
377.624: Application time: 0.0966440 seconds
377.627: [GC377.627: [ParNew: 105789K->7528K(112448K), 0.0025280 secs] 148741K->50480K(364160K), 0.0025700 secs] [Times: user=0.02 sys=0.00, real=0.00 secs] 
377.630: Total time for which application threads were stopped: 0.0058510 seconds, Stopping threads took: 0.0032120 seconds
377.720: Application time: 0.0902080 seconds
377.722: [GC377.722: [ParNew: 107496K->6084K(112448K), 0.0020800 secs] 150448K->49122K(364160K), 0.0021230 secs] [Times: user=0.01 sys=0.00, real=0.00 secs] 
377.724: Total time for which application threads were stopped: 0.0035190 seconds, Stopping threads took: 0.0013260 seconds
377.813: Application time: 0.0890490 seconds
377.816: [GC377.816: [ParNew: 106052K->6268K(112448K), 0.0023200 secs] 149090K->49305K(364160K), 0.0023690 secs] [Times: user=0.02 sys=0.00, real=0.00 secs] 
377.818: Total time for which application threads were stopped: 0.0051090 seconds, Stopping threads took: 0.0026510 seconds
377.911: Application time: 0.0929900 seconds
377.914: [GC377.914: [ParNew: 106236K->6087K(112448K), 0.0021350 secs] 149273K->49182K(364160K), 0.0021820 secs] [Times: user=0.02 sys=0.00, real=0.00 secs] 
377.916: Total time for which application threads were stopped: 0.0047700 seconds, Stopping threads took: 0.0024970 seconds
378.006: Application time: 0.0903990 seconds
378.008: [GC378.008: [ParNew: 106055K->6286K(112448K), 0.0022500 secs] 149150K->49381K(364160K), 0.0022940 secs] [Times: user=0.02 sys=0.00, real=0.00 secs] 
378.010: Total time for which application threads were stopped: 0.0037590 seconds, Stopping threads took: 0.0013670 seconds
378.098: Application time: 0.0879550 seconds
378.100: [GC378.100: [ParNew: 106254K->5918K(112448K), 0.0020960 secs] 149349K->49069K(364160K), 0.0021390 secs] [Times: user=0.01 sys=0.00, real=0.00 secs] 
378.102: Total time for which application threads were stopped: 0.0043960 seconds, Stopping threads took: 0.0021790 seconds
378.141: Application time: 0.0386150 seconds
378.142: Total time for which application threads were stopped: 0.0014470 seconds, Stopping threads took: 0.0014030 seconds
378.191: Application time: 0.0488030 seconds
378.194: [GC378.194: [ParNew: 105886K->5811K(112448K), 0.0021460 secs] 149037K->48962K(364160K), 0.0021920 secs] [Times: user=0.01 sys=0.00, real=0.00 secs] 
378.196: Total time for which application threads were stopped: 0.0048490 seconds, Stopping threads took: 0.0025760 seconds
378.214: Application time: 0.0177240 seconds
378.215: Total time for which application threads were stopped: 0.0013390 seconds, Stopping threads took: 0.0013130 seconds
378.285: Application time: 0.0696690 seconds
378.286: Total time for which application threads were stopped: 0.0010290 seconds, Stopping threads took: 0.0010010 seconds
378.286: Application time: 0.0007450 seconds
378.288: [GC378.288: [ParNew: 105779K->3647K(112448K), 0.0012800 secs] 148930K->46799K(364160K), 0.0013190 secs] [Times: user=0.01 sys=0.00, real=0.00 secs] 
378.289: Total time for which application threads were stopped: 0.0029340 seconds, Stopping threads took: 0.0015310 seconds
378.308: Application time: 0.0183480 seconds
378.309: Total time for which application threads were stopped: 0.0013290 seconds, Stopping threads took: 0.0013010 seconds
378.337: Application time: 0.0282170 seconds
378.337: Total time for which application threads were stopped: 0.0001800 seconds, Stopping threads took: 0.0001320 seconds
378.396: Application time: 0.0588860 seconds
378.397: Total time for which application threads were stopped: 0.0001660 seconds, Stopping threads took: 0.0001390 seconds
378.470: Application time: 0.0729600 seconds
378.470: Total time for which application threads were stopped: 0.0000490 seconds, Stopping threads took: 0.0000080 seconds
378.679: Application time: 0.2093140 seconds
378.679: [GC378.679: [ParNew: 103615K->5793K(112448K), 0.0027800 secs] 146767K->48945K(364160K), 0.0028190 secs] [Times: user=0.02 sys=0.00, real=0.01 secs] 
378.682: Total time for which application threads were stopped: 0.0029090 seconds, Stopping threads took: 0.0000070 seconds
378.682: Application time: 0.0000800 seconds
378.682: Total time for which application threads were stopped: 0.0000450 seconds, Stopping threads took: 0.0000260 seconds
378.682: Application time: 0.0000510 seconds
378.682: Total time for which application threads were stopped: 0.0000260 seconds, Stopping threads took: 0.0000180 seconds
378.682: Application time: 0.0000510 seconds
378.682: Total time for which application threads were stopped: 0.0000300 seconds, Stopping threads took: 0.0000220 seconds
378.682: Application time: 0.0000340 seconds
378.682: Total time for which application threads were stopped: 0.0000170 seconds, Stopping threads took: 0.0000120 seconds
378.682: Application time: 0.0000330 seconds
378.682: Total time for which application threads were stopped: 0.0000090 seconds, Stopping threads took: 0.0000050 seconds
378.682: Application time: 0.0000330 seconds
378.682: Total time for which application threads were stopped: 0.0000170 seconds, Stopping threads took: 0.0000120 seconds
378.682: Application time: 0.0000110 seconds
378.682: Total time for which application threads were stopped: 0.0000170 seconds, Stopping threads took: 0.0000120 seconds
378.682: Application time: 0.0000100 seconds
378.682: Total time for which application threads were stopped: 0.0000080 seconds, Stopping threads took: 0.0000040 seconds
378.682: Application time: 0.0000100 seconds
378.682: Total time for which application threads were stopped: 0.0000140 seconds, Stopping threads took: 0.0000100 seconds
378.682: Application time: 0.0000100 seconds
378.682: Total time for which application threads were stopped: 0.0000160 seconds, Stopping threads took: 0.0000120 seconds
378.682: Application time: 0.0000110 seconds
378.682: Total time for which application threads were stopped: 0.0000180 seconds, Stopping threads took: 0.0000130 seconds
378.682: Application time: 0.0000110 seconds
378.682: Total time for which application threads were stopped: 0.0000140 seconds, Stopping threads took: 0.0000090 seconds
378.682: Application time: 0.0000110 seconds
378.682: Total time for which application threads were stopped: 0.0000170 seconds, Stopping threads took: 0.0000130 seconds
378.682: Application time: 0.0000100 seconds
378.682: Total time for which application threads were stopped: 0.0000180 seconds, Stopping threads took: 0.0000130 seconds
378.682: Application time: 0.0000100 seconds
378.682: Total time for which application threads were stopped: 0.0000080 seconds, Stopping threads took: 0.0000040 seconds
378.682: Application time: 0.0000100 seconds
378.682: Total time for which application threads were stopped: 0.0000120 seconds, Stopping threads took: 0.0000080 seconds
378.682: Application time: 0.0000090 seconds
378.683: Total time for which application threads were stopped: 0.0000080 seconds, Stopping threads took: 0.0000040 seconds
378.683: Application time: 0.0000100 seconds
378.683: Total time for which application threads were stopped: 0.0000620 seconds, Stopping threads took: 0.0000580 seconds
378.683: Application time: 0.0000090 seconds
378.683: Total time for which application threads were stopped: 0.0000120 seconds, Stopping threads took: 0.0000080 seconds
378.683: Application time: 0.0000100 seconds
378.683: Total time for which application threads were stopped: 0.0000150 seconds, Stopping threads took: 0.0000030 seconds
379.448: Application time: 0.7650990 seconds
379.448: Total time for which application threads were stopped: 0.0000850 seconds, Stopping threads took: 0.0000130 seconds
379.450: Application time: 0.0017920 seconds
379.450: Total time for which application threads were stopped: 0.0000260 seconds, Stopping threads took: 0.0000110 seconds
Heap
 par new generation   total 112448K, used 48716K [0x00000000e3e00000, 0x00000000eb800000, 0x00000000eb800000)
  eden space 99968K,  42% used [0x00000000e3e00000, 0x00000000e67eaa58, 0x00000000e9fa0000)
  from space 12480K,  46% used [0x00000000eabd0000, 0x00000000eb178660, 0x00000000eb800000)
  to   space 12480K,   0% used [0x00000000e9fa0000, 0x00000000e9fa0000, 0x00000000eabd0000)
 concurrent mark-sweep generation total 251712K, used 43151K [0x00000000eb800000, 0x00000000fadd0000, 0x00000000fae00000)
 concurrent-mark-sweep perm gen total 21248K, used 12943K [0x00000000fae00000, 0x00000000fc2c0000, 0x0000000100000000)
379.450: Application time: 0.0001760 seconds
