Java HotSpot(TM) 64-Bit Server VM (24.80-b11) for linux-amd64 JRE (1.7.0_80-b15), built on Apr 10 2015 19:53:14 by "java_re" with gcc 4.3.0 20080428 (Red Hat 4.3.0-8)
Memory: 4k page, physical 8000092k(5294784k free), swap 8218620k(8218620k free)
CommandLine flags: -XX:InitialHeapSize=57039872 -XX:MaxHeapSize=57039872 -XX:MaxNewSize=18874368 -XX:MaxTenuringThreshold=6 -XX:NewSize=18874368 -XX:OldPLABSize=16 -XX:OldSize=37748736 -XX:+PrintGC -XX:+PrintGCApplicationConcurrentTime -XX:+PrintGCApplicationStoppedTime -XX:+PrintGCDetails -XX:+PrintGCTimeStamps -XX:-UseAdaptiveSizePolicy -XX:+UseCompressedOops -XX:+UseConcMarkSweepGC -XX:+UseParNewGC 
1.008: Application time: 0.9852120 seconds
1.008: Total time for which application threads were stopped: 0.0000420 seconds, Stopping threads took: 0.0000110 seconds
4.028: Application time: 3.0203130 seconds
4.028: Total time for which application threads were stopped: 0.0000690 seconds, Stopping threads took: 0.0000120 seconds
14.863: Application time: 10.8351380 seconds
14.863: Total time for which application threads were stopped: 0.0000360 seconds, Stopping threads took: 0.0000200 seconds
14.864: Application time: 0.0000770 seconds
14.864: Total time for which application threads were stopped: 0.0000250 seconds, Stopping threads took: 0.0000080 seconds
14.865: Application time: 0.0015080 seconds
14.865: Total time for which application threads were stopped: 0.0000100 seconds, Stopping threads took: 0.0000040 seconds
14.884: Application time: 0.0187720 seconds
14.884: Total time for which application threads were stopped: 0.0000390 seconds, Stopping threads took: 0.0000100 seconds
14.898: Application time: 0.0143460 seconds
14.898: [Full GC14.898: [CMS: 0K->3177K(37312K), 0.0098080 secs] 9673K->3177K(53952K), [CMS Perm : 5077K->5076K(21248K)], 0.0098700 secs] [Times: user=0.01 sys=0.00, real=0.02 secs] 
14.908: Total time for which application threads were stopped: 0.0099390 seconds, Stopping threads took: 0.0000190 seconds
14.908: Application time: 0.0000740 seconds
14.908: [Full GC14.908: [CMS: 3177K->3177K(37312K), 0.0071380 secs] 3177K->3177K(53952K), [CMS Perm : 5076K->5076K(21248K)], 0.0071770 secs] [Times: user=0.00 sys=0.00, real=0.00 secs] 
14.915: Total time for which application threads were stopped: 0.0072410 seconds, Stopping threads took: 0.0000080 seconds
14.916: Application time: 0.0002580 seconds
14.916: Total time for which application threads were stopped: 0.0001270 seconds, Stopping threads took: 0.0000970 seconds
14.916: Application time: 0.0000720 seconds
14.916: Total time for which application threads were stopped: 0.0000930 seconds, Stopping threads took: 0.0000660 seconds
14.916: Application time: 0.0000720 seconds
14.916: Total time for which application threads were stopped: 0.0001030 seconds, Stopping threads took: 0.0000890 seconds
14.916: Application time: 0.0000520 seconds
14.916: Total time for which application threads were stopped: 0.0000340 seconds, Stopping threads took: 0.0000260 seconds
14.916: Application time: 0.0000380 seconds
14.916: Total time for which application threads were stopped: 0.0000260 seconds, Stopping threads took: 0.0000200 seconds
14.916: Application time: 0.0000400 seconds
14.916: Total time for which application threads were stopped: 0.0000250 seconds, Stopping threads took: 0.0000190 seconds
14.916: Application time: 0.0000370 seconds
14.916: Total time for which application threads were stopped: 0.0000190 seconds, Stopping threads took: 0.0000130 seconds
14.917: Application time: 0.0000370 seconds
14.917: Total time for which application threads were stopped: 0.0000200 seconds, Stopping threads took: 0.0000140 seconds
14.917: Application time: 0.0000360 seconds
14.917: Total time for which application threads were stopped: 0.0000250 seconds, Stopping threads took: 0.0000190 seconds
14.917: Application time: 0.0000160 seconds
14.917: Total time for which application threads were stopped: 0.0000190 seconds, Stopping threads took: 0.0000140 seconds
14.917: Application time: 0.0000160 seconds
14.917: Total time for which application threads were stopped: 0.0000190 seconds, Stopping threads took: 0.0000130 seconds
14.917: Application time: 0.0000150 seconds
14.917: Total time for which application threads were stopped: 0.0000210 seconds, Stopping threads took: 0.0000150 seconds
14.917: Application time: 0.0000150 seconds
14.917: Total time for which application threads were stopped: 0.0000190 seconds, Stopping threads took: 0.0000130 seconds
14.917: Application time: 0.0000150 seconds
14.917: Total time for which application threads were stopped: 0.0000260 seconds, Stopping threads took: 0.0000200 seconds
14.917: Application time: 0.0000140 seconds
14.917: Total time for which application threads were stopped: 0.0000250 seconds, Stopping threads took: 0.0000190 seconds
14.917: Application time: 0.0000150 seconds
14.917: Total time for which application threads were stopped: 0.0000200 seconds, Stopping threads took: 0.0000150 seconds
14.917: Application time: 0.0000160 seconds
14.917: Total time for which application threads were stopped: 0.0000200 seconds, Stopping threads took: 0.0000140 seconds
14.917: Application time: 0.0000170 seconds
14.917: Total time for which application threads were stopped: 0.0000350 seconds, Stopping threads took: 0.0000270 seconds
14.917: Application time: 0.0000170 seconds
14.917: Total time for which application threads were stopped: 0.0000460 seconds, Stopping threads took: 0.0000220 seconds
14.917: Application time: 0.0000210 seconds
14.917: Total time for which application threads were stopped: 0.0000260 seconds, Stopping threads took: 0.0000100 seconds
14.920: Application time: 0.0026850 seconds
14.920: Total time for which application threads were stopped: 0.0000450 seconds, Stopping threads took: 0.0000360 seconds
14.920: Application time: 0.0000750 seconds
14.920: Total time for which application threads were stopped: 0.0000470 seconds, Stopping threads took: 0.0000370 seconds
14.921: Application time: 0.0005840 seconds
14.921: Total time for which application threads were stopped: 0.0000350 seconds, Stopping threads took: 0.0000210 seconds
14.927: Application time: 0.0062070 seconds
14.927: Total time for which application threads were stopped: 0.0000770 seconds, Stopping threads took: 0.0000580 seconds
14.928: Application time: 0.0011350 seconds
14.928: Total time for which application threads were stopped: 0.0000470 seconds, Stopping threads took: 0.0000320 seconds
14.928: Application time: 0.0003270 seconds
14.928: Total time for which application threads were stopped: 0.0000510 seconds, Stopping threads took: 0.0000410 seconds
14.928: Application time: 0.0000430 seconds
14.929: Total time for which application threads were stopped: 0.0000760 seconds, Stopping threads took: 0.0000590 seconds
14.932: Application time: 0.0039060 seconds
14.932: Total time for which application threads were stopped: 0.0000420 seconds, Stopping threads took: 0.0000290 seconds
14.933: Application time: 0.0003090 seconds
14.933: Total time for which application threads were stopped: 0.0000570 seconds, Stopping threads took: 0.0000200 seconds
14.933: Application time: 0.0001290 seconds
14.933: Total time for which application threads were stopped: 0.0000180 seconds, Stopping threads took: 0.0000080 seconds
14.933: Application time: 0.0002030 seconds
14.933: Total time for which application threads were stopped: 0.0000140 seconds, Stopping threads took: 0.0000060 seconds
14.934: Application time: 0.0011890 seconds
14.934: Total time for which application threads were stopped: 0.0000490 seconds, Stopping threads took: 0.0000380 seconds
14.935: Application time: 0.0000340 seconds
14.935: Total time for which application threads were stopped: 0.0000290 seconds, Stopping threads took: 0.0000160 seconds
14.935: Application time: 0.0004820 seconds
14.935: Total time for which application threads were stopped: 0.0000280 seconds, Stopping threads took: 0.0000180 seconds
14.940: Application time: 0.0047380 seconds
14.940: Total time for which application threads were stopped: 0.0001230 seconds, Stopping threads took: 0.0000910 seconds
14.940: Application time: 0.0000900 seconds
14.940: Total time for which application threads were stopped: 0.0000170 seconds, Stopping threads took: 0.0000070 seconds
14.940: Application time: 0.0000470 seconds
14.940: Total time for which application threads were stopped: 0.0000810 seconds, Stopping threads took: 0.0000680 seconds
14.940: Application time: 0.0000480 seconds
14.940: Total time for which application threads were stopped: 0.0000180 seconds, Stopping threads took: 0.0000080 seconds
14.941: Application time: 0.0007430 seconds
14.941: Total time for which application threads were stopped: 0.0000340 seconds, Stopping threads took: 0.0000270 seconds
14.941: Application time: 0.0003920 seconds
14.941: Total time for which application threads were stopped: 0.0000560 seconds, Stopping threads took: 0.0000410 seconds
14.941: Application time: 0.0000360 seconds
14.942: Total time for which application threads were stopped: 0.0000270 seconds, Stopping threads took: 0.0000170 seconds
14.944: Application time: 0.0027650 seconds
14.944: Total time for which application threads were stopped: 0.0000440 seconds, Stopping threads took: 0.0000220 seconds
14.950: Application time: 0.0058340 seconds
14.950: Total time for which application threads were stopped: 0.0000610 seconds, Stopping threads took: 0.0000170 seconds
15.290: Application time: 0.3394440 seconds
15.290: [GC15.290: [ParNew: 14844K->1792K(16640K), 0.0017550 secs] 18021K->5432K(53952K), 0.0019050 secs] [Times: user=0.01 sys=0.00, real=0.00 secs] 
15.292: Total time for which application threads were stopped: 0.0021830 seconds, Stopping threads took: 0.0001180 seconds
15.292: Application time: 0.0001900 seconds
15.292: Total time for which application threads were stopped: 0.0000620 seconds, Stopping threads took: 0.0000370 seconds
15.292: Application time: 0.0000220 seconds
15.292: Total time for which application threads were stopped: 0.0000340 seconds, Stopping threads took: 0.0000260 seconds
15.292: Application time: 0.0000190 seconds
15.292: Total time for which application threads were stopped: 0.0000420 seconds, Stopping threads took: 0.0000290 seconds
15.292: Application time: 0.0000170 seconds
15.292: Total time for which application threads were stopped: 0.0000320 seconds, Stopping threads took: 0.0000230 seconds
15.292: Application time: 0.0000150 seconds
15.292: Total time for which application threads were stopped: 0.0000290 seconds, Stopping threads took: 0.0000220 seconds
15.292: Application time: 0.0000180 seconds
15.292: Total time for which application threads were stopped: 0.0000310 seconds, Stopping threads took: 0.0000210 seconds
15.292: Application time: 0.0000160 seconds
15.295: Total time for which application threads were stopped: 0.0024660 seconds, Stopping threads took: 0.0024560 seconds
15.295: Application time: 0.0000140 seconds
15.295: Total time for which application threads were stopped: 0.0000350 seconds, Stopping threads took: 0.0000290 seconds
15.295: Application time: 0.0000120 seconds
15.295: Total time for which application threads were stopped: 0.0000250 seconds, Stopping threads took: 0.0000200 seconds
15.295: Application time: 0.0000120 seconds
15.295: Total time for which application threads were stopped: 0.0000220 seconds, Stopping threads took: 0.0000160 seconds
15.295: Application time: 0.0000130 seconds
15.295: Total time for which application threads were stopped: 0.0000300 seconds, Stopping threads took: 0.0000190 seconds
15.295: Application time: 0.0000130 seconds
15.295: Total time for which application threads were stopped: 0.0000180 seconds, Stopping threads took: 0.0000120 seconds
15.295: Application time: 0.0000160 seconds
15.295: Total time for which application threads were stopped: 0.0000400 seconds, Stopping threads took: 0.0000320 seconds
15.295: Application time: 0.0000160 seconds
15.295: Total time for which application threads were stopped: 0.0000200 seconds, Stopping threads took: 0.0000140 seconds
15.295: Application time: 0.0000170 seconds
15.295: Total time for which application threads were stopped: 0.0000340 seconds, Stopping threads took: 0.0000260 seconds
15.295: Application time: 0.0000130 seconds
15.295: Total time for which application threads were stopped: 0.0000280 seconds, Stopping threads took: 0.0000210 seconds
15.295: Application time: 0.0000120 seconds
15.295: Total time for which application threads were stopped: 0.0000260 seconds, Stopping threads took: 0.0000200 seconds
15.295: Application time: 0.0000120 seconds
15.295: Total time for which application threads were stopped: 0.0000270 seconds, Stopping threads took: 0.0000210 seconds
15.295: Application time: 0.0000130 seconds
15.295: Total time for which application threads were stopped: 0.0000300 seconds, Stopping threads took: 0.0000230 seconds
15.295: Application time: 0.0000130 seconds
15.295: Total time for which application threads were stopped: 0.0000450 seconds, Stopping threads took: 0.0000160 seconds
15.510: Application time: 0.2150350 seconds
15.511: [GC15.511: [ParNew: 16638K->673K(16640K), 0.0029820 secs] 20278K->5757K(53952K), 0.0030290 secs] [Times: user=0.01 sys=0.00, real=0.00 secs] 
15.514: Total time for which application threads were stopped: 0.0031710 seconds, Stopping threads took: 0.0000630 seconds
15.644: Application time: 0.1308520 seconds
15.645: [GC15.645: [ParNew: 15521K->1024K(16640K), 0.0008540 secs] 20605K->6108K(53952K), 0.0009070 secs] [Times: user=0.00 sys=0.00, real=0.00 secs] 
15.646: Total time for which application threads were stopped: 0.0011140 seconds, Stopping threads took: 0.0001060 seconds
15.770: Application time: 0.1242960 seconds
15.771: [GC15.771: [ParNew: 15870K->279K(16640K), 0.0009590 secs] 20954K->6125K(53952K), 0.0010020 secs] [Times: user=0.00 sys=0.00, real=0.00 secs] 
15.772: Total time for which application threads were stopped: 0.0022570 seconds, Stopping threads took: 0.0011780 seconds
15.900: Application time: 0.1276420 seconds
15.900: Total time for which application threads were stopped: 0.0001030 seconds, Stopping threads took: 0.0000800 seconds
15.900: Application time: 0.0000650 seconds
15.900: [GC15.900: [ParNew: 15132K->426K(16640K), 0.0006370 secs] 20977K->6272K(53952K), 0.0006880 secs] [Times: user=0.00 sys=0.00, real=0.00 secs] 
15.901: Total time for which application threads were stopped: 0.0008050 seconds, Stopping threads took: 0.0000430 seconds
16.029: Application time: 0.1278200 seconds
16.031: [GC16.031: [ParNew: 15274K->413K(16640K), 0.0004410 secs] 21119K->6259K(53952K), 0.0004780 secs] [Times: user=0.00 sys=0.00, real=0.00 secs] 
16.032: Total time for which application threads were stopped: 0.0030230 seconds, Stopping threads took: 0.0024680 seconds
16.153: Application time: 0.1214740 seconds
16.153: [GC16.153: [ParNew: 15260K->600K(16640K), 0.0004250 secs] 21105K->6445K(53952K), 0.0004510 secs] [Times: user=0.00 sys=0.00, real=0.00 secs] 
16.154: Total time for which application threads were stopped: 0.0005910 seconds, Stopping threads took: 0.0000840 seconds
16.228: Application time: 0.0746830 seconds
16.229: [GC16.229: [ParNew: 15447K->1196K(16640K), 0.0006220 secs] 21292K->7041K(53952K), 0.0006570 secs] [Times: user=0.01 sys=0.00, real=0.00 secs] 
16.230: Total time for which application threads were stopped: 0.0015340 seconds, Stopping threads took: 0.0008060 seconds
16.440: Application time: 0.2104250 seconds
16.440: [GC16.440: [ParNew: 16043K->788K(16640K), 0.0006350 secs] 21889K->6824K(53952K), 0.0006660 secs] [Times: user=0.00 sys=0.00, real=0.00 secs] 
16.441: Total time for which application threads were stopped: 0.0008070 seconds, Stopping threads took: 0.0000610 seconds
16.509: Application time: 0.0679200 seconds
16.509: [GC16.509: [ParNew: 15633K->1072K(16640K), 0.0004640 secs] 21668K->7107K(53952K), 0.0004940 secs] [Times: user=0.00 sys=0.00, real=0.00 secs] 
16.510: Total time for which application threads were stopped: 0.0006210 seconds, Stopping threads took: 0.0000760 seconds
16.577: Application time: 0.0668720 seconds
16.577: [GC16.577: [ParNew: 15920K->271K(16640K), 0.0006390 secs] 21955K->7066K(53952K), 0.0006640 secs] [Times: user=0.01 sys=0.00, real=0.00 secs] 
16.577: Total time for which application threads were stopped: 0.0008110 seconds, Stopping threads took: 0.0000770 seconds
16.645: Application time: 0.0677740 seconds
16.645: [GC16.645: [ParNew: 15118K->246K(16640K), 0.0003160 secs] 21914K->7041K(53952K), 0.0003430 secs] [Times: user=0.00 sys=0.00, real=0.00 secs] 
16.646: Total time for which application threads were stopped: 0.0004580 seconds, Stopping threads took: 0.0000530 seconds
16.713: Application time: 0.0674330 seconds
16.713: [GC16.713: [ParNew: 15092K->210K(16640K), 0.0003700 secs] 21888K->7005K(53952K), 0.0003980 secs] [Times: user=0.01 sys=0.00, real=0.00 secs] 
16.714: Total time for which application threads were stopped: 0.0005100 seconds, Stopping threads took: 0.0000580 seconds
16.781: Application time: 0.0674990 seconds
16.781: [GC16.781: [ParNew: 15055K->202K(16640K), 0.0003640 secs] 21851K->6998K(53952K), 0.0003910 secs] [Times: user=0.00 sys=0.00, real=0.00 secs] 
16.782: Total time for which application threads were stopped: 0.0005030 seconds, Stopping threads took: 0.0000560 seconds
16.849: Application time: 0.0677480 seconds
16.849: [GC16.849: [ParNew: 15049K->204K(16640K), 0.0003110 secs] 21845K->6999K(53952K), 0.0003390 secs] [Times: user=0.00 sys=0.00, real=0.00 secs] 
16.850: Total time for which application threads were stopped: 0.0004650 seconds, Stopping threads took: 0.0000740 seconds
16.918: Application time: 0.0678450 seconds
16.918: [GC16.918: [ParNew: 15051K->0K(16640K), 0.0003800 secs] 21847K->6985K(53952K), 0.0004070 secs] [Times: user=0.00 sys=0.00, real=0.00 secs] 
16.918: Total time for which application threads were stopped: 0.0005300 seconds, Stopping threads took: 0.0000670 seconds
16.986: Application time: 0.0682460 seconds
16.987: [GC16.987: [ParNew: 14847K->0K(16640K), 0.0002930 secs] 21833K->6985K(53952K), 0.0003200 secs] [Times: user=0.00 sys=0.00, real=0.00 secs] 
16.987: Total time for which application threads were stopped: 0.0004490 seconds, Stopping threads took: 0.0000710 seconds
17.055: Application time: 0.0679830 seconds
17.055: [GC17.055: [ParNew: 14847K->0K(16640K), 0.0003760 secs] 21833K->6985K(53952K), 0.0004010 secs] [Times: user=0.00 sys=0.00, real=0.00 secs] 
17.055: Total time for which application threads were stopped: 0.0005010 seconds, Stopping threads took: 0.0000520 seconds
17.123: Application time: 0.0678040 seconds
17.123: [GC17.123: [ParNew: 14847K->0K(16640K), 0.0002940 secs] 21833K->6985K(53952K), 0.0003220 secs] [Times: user=0.01 sys=0.00, real=0.00 secs] 
17.124: Total time for which application threads were stopped: 0.0004510 seconds, Stopping threads took: 0.0000640 seconds
17.188: Application time: 0.0645420 seconds
17.188: [GC17.188: [ParNew: 14847K->192K(16640K), 0.0003770 secs] 21833K->7178K(53952K), 0.0004040 secs] [Times: user=0.00 sys=0.00, real=0.00 secs] 
17.189: Total time for which application threads were stopped: 0.0005350 seconds, Stopping threads took: 0.0000730 seconds
17.239: Application time: 0.0507770 seconds
17.240: [GC17.240: [ParNew: 15036K->196K(16640K), 0.0004610 secs] 22022K->7182K(53952K), 0.0004880 secs] [Times: user=0.00 sys=0.00, real=0.00 secs] 
17.240: Total time for which application threads were stopped: 0.0005890 seconds, Stopping threads took: 0.0000430 seconds
17.299: Application time: 0.0585330 seconds
17.299: [GC17.299: [ParNew: 15042K->383K(16640K), 0.0003870 secs] 22028K->7369K(53952K), 0.0004140 secs] [Times: user=0.00 sys=0.00, real=0.01 secs] 
17.299: Total time for which application threads were stopped: 0.0005120 seconds, Stopping threads took: 0.0000470 seconds
17.355: Application time: 0.0559940 seconds
17.355: [GC17.355: [ParNew: 15229K->394K(16640K), 0.0003640 secs] 22214K->7380K(53952K), 0.0003900 secs] [Times: user=0.01 sys=0.01, real=0.00 secs] 
17.356: Total time for which application threads were stopped: 0.0004990 seconds, Stopping threads took: 0.0000580 seconds
17.426: Application time: 0.0705080 seconds
17.426: [GC17.426: [ParNew: 15239K->404K(16640K), 0.0003450 secs] 22225K->7390K(53952K), 0.0003730 secs] [Times: user=0.00 sys=0.00, real=0.00 secs] 
17.427: Total time for which application threads were stopped: 0.0004950 seconds, Stopping threads took: 0.0000580 seconds
17.488: Application time: 0.0613890 seconds
17.488: [GC17.488: [ParNew: 15233K->471K(16640K), 0.0003680 secs] 22219K->7457K(53952K), 0.0003940 secs] [Times: user=0.00 sys=0.00, real=0.00 secs] 
17.489: Total time for which application threads were stopped: 0.0005100 seconds, Stopping threads took: 0.0000580 seconds
17.541: Application time: 0.0523780 seconds
17.543: [GC17.543: [ParNew: 15316K->619K(16640K), 0.0004580 secs] 22302K->7605K(53952K), 0.0004850 secs] [Times: user=0.01 sys=0.00, real=0.00 secs] 
17.544: Total time for which application threads were stopped: 0.0027390 seconds, Stopping threads took: 0.0021950 seconds
17.608: Application time: 0.0644370 seconds
17.608: [GC17.608: [ParNew: 15464K->640K(16640K), 0.0003990 secs] 22450K->7626K(53952K), 0.0004250 secs] [Times: user=0.00 sys=0.00, real=0.00 secs] 
17.609: Total time for which application threads were stopped: 0.0005550 seconds, Stopping threads took: 0.0000790 seconds
17.666: Application time: 0.0569530 seconds
17.666: [GC17.666: [ParNew: 15487K->855K(16640K), 0.0004580 secs] 22473K->7841K(53952K), 0.0004900 secs] [Times: user=0.00 sys=0.00, real=0.00 secs] 
17.666: Total time for which application threads were stopped: 0.0006170 seconds, Stopping threads took: 0.0000610 seconds
17.696: Application time: 0.0300370 seconds
17.696: [GC17.696: [ParNew: 15700K->1528K(16640K), 0.0005720 secs] 22686K->8514K(53952K), 0.0005990 secs] [Times: user=0.00 sys=0.00, real=0.00 secs] 
17.697: Total time for which application threads were stopped: 0.0007100 seconds, Stopping threads took: 0.0000520 seconds
17.728: Application time: 0.0305990 seconds
17.728: [GC17.728: [ParNew: 16373K->1284K(16640K), 0.0006550 secs] 23359K->8708K(53952K), 0.0006830 secs] [Times: user=0.00 sys=0.00, real=0.00 secs] 
17.728: Total time for which application threads were stopped: 0.0008030 seconds, Stopping threads took: 0.0000600 seconds
17.785: Application time: 0.0564760 seconds
17.785: [GC17.785: [ParNew: 16129K->1235K(16640K), 0.0005440 secs] 23553K->8687K(53952K), 0.0005710 secs] [Times: user=0.00 sys=0.00, real=0.00 secs] 
17.786: Total time for which application threads were stopped: 0.0006850 seconds, Stopping threads took: 0.0000560 seconds
17.830: Application time: 0.0446850 seconds
17.830: [GC17.830: [ParNew: 16078K->1273K(16640K), 0.0005810 secs] 23531K->9030K(53952K), 0.0006080 secs] [Times: user=0.00 sys=0.00, real=0.00 secs] 
17.831: Total time for which application threads were stopped: 0.0007220 seconds, Stopping threads took: 0.0000540 seconds
17.894: Application time: 0.0626120 seconds
17.894: [GC17.894: [ParNew: 16120K->755K(16640K), 0.0005330 secs] 23877K->8892K(53952K), 0.0005600 secs] [Times: user=0.00 sys=0.00, real=0.00 secs] 
17.894: Total time for which application threads were stopped: 0.0006740 seconds, Stopping threads took: 0.0000550 seconds
17.957: Application time: 0.0625060 seconds
17.957: [GC17.957: [ParNew: 15600K->836K(16640K), 0.0004450 secs] 23737K->8974K(53952K), 0.0004740 secs] [Times: user=0.00 sys=0.00, real=0.00 secs] 
17.957: Total time for which application threads were stopped: 0.0005970 seconds, Stopping threads took: 0.0000710 seconds
18.023: Application time: 0.0653860 seconds
18.023: [GC18.023: [ParNew: 15684K->889K(16640K), 0.0004500 secs] 23821K->9026K(53952K), 0.0004780 secs] [Times: user=0.00 sys=0.00, real=0.00 secs] 
18.023: Total time for which application threads were stopped: 0.0006160 seconds, Stopping threads took: 0.0000820 seconds
18.088: Application time: 0.0643000 seconds
18.088: [GC18.088: [ParNew: 15734K->1088K(16640K), 0.0005000 secs] 23871K->9225K(53952K), 0.0005270 secs] [Times: user=0.00 sys=0.00, real=0.00 secs] 
18.088: Total time for which application threads were stopped: 0.0006420 seconds, Stopping threads took: 0.0000550 seconds
18.148: Application time: 0.0597240 seconds
18.148: [GC18.148: [ParNew: 15932K->1348K(16640K), 0.0005010 secs] 24070K->9514K(53952K), 0.0005280 secs] [Times: user=0.00 sys=0.00, real=0.00 secs] 
18.149: Total time for which application threads were stopped: 0.0006360 seconds, Stopping threads took: 0.0000490 seconds
18.215: Application time: 0.0663370 seconds
18.215: [GC18.215: [ParNew: 16195K->865K(16640K), 0.0005950 secs] 24362K->9412K(53952K), 0.0006210 secs] [Times: user=0.00 sys=0.00, real=0.00 secs] 
18.216: Total time for which application threads were stopped: 0.0007470 seconds, Stopping threads took: 0.0000660 seconds
18.282: Application time: 0.0660890 seconds
18.282: [GC18.282: [ParNew: 15712K->1113K(16640K), 0.0004630 secs] 24258K->9660K(53952K), 0.0004900 secs] [Times: user=0.00 sys=0.00, real=0.00 secs] 
18.282: Total time for which application threads were stopped: 0.0006030 seconds, Stopping threads took: 0.0000570 seconds
18.349: Application time: 0.0669400 seconds
18.349: [GC18.349: [ParNew: 15961K->274K(16640K), 0.0005750 secs] 24507K->9580K(53952K), 0.0006040 secs] [Times: user=0.00 sys=0.00, real=0.00 secs] 
18.350: Total time for which application threads were stopped: 0.0007080 seconds, Stopping threads took: 0.0000520 seconds
18.417: Application time: 0.0670390 seconds
18.417: [GC18.417: [ParNew: 15121K->252K(16640K), 0.0003110 secs] 24428K->9558K(53952K), 0.0003370 secs] [Times: user=0.00 sys=0.00, real=0.00 secs] 
18.418: Total time for which application threads were stopped: 0.0004340 seconds, Stopping threads took: 0.0000430 seconds
18.484: Application time: 0.0669010 seconds
18.485: [GC18.485: [ParNew: 15099K->209K(16640K), 0.0003140 secs] 24406K->9516K(53952K), 0.0003430 secs] [Times: user=0.00 sys=0.00, real=0.00 secs] 
18.485: Total time for which application threads were stopped: 0.0004510 seconds, Stopping threads took: 0.0000510 seconds
18.552: Application time: 0.0668750 seconds
18.552: [GC18.552: [ParNew: 15057K->204K(16640K), 0.0003440 secs] 24363K->9511K(53952K), 0.0003710 secs] [Times: user=0.00 sys=0.00, real=0.00 secs] 
18.552: Total time for which application threads were stopped: 0.0004880 seconds, Stopping threads took: 0.0000660 seconds
18.620: Application time: 0.0672730 seconds
18.620: [GC18.620: [ParNew: 15052K->207K(16640K), 0.0003150 secs] 24358K->9514K(53952K), 0.0003410 secs] [Times: user=0.00 sys=0.00, real=0.00 secs] 
18.620: Total time for which application threads were stopped: 0.0004540 seconds, Stopping threads took: 0.0000600 seconds
18.688: Application time: 0.0676060 seconds
18.688: [GC18.688: [ParNew: 15054K->0K(16640K), 0.0003820 secs] 24361K->9496K(53952K), 0.0004100 secs] [Times: user=0.00 sys=0.00, real=0.00 secs] 
18.688: Total time for which application threads were stopped: 0.0005430 seconds, Stopping threads took: 0.0000740 seconds
18.756: Application time: 0.0676270 seconds
18.756: [GC18.756: [ParNew: 14847K->0K(16640K), 0.0003570 secs] 24344K->9496K(53952K), 0.0003830 secs] [Times: user=0.00 sys=0.00, real=0.00 secs] 
18.756: Total time for which application threads were stopped: 0.0004990 seconds, Stopping threads took: 0.0000530 seconds
18.823: Application time: 0.0671420 seconds
18.824: [GC18.824: [ParNew: 14847K->0K(16640K), 0.0003490 secs] 24344K->9496K(53952K), 0.0003780 secs] [Times: user=0.00 sys=0.00, real=0.00 secs] 
18.824: Total time for which application threads were stopped: 0.0005000 seconds, Stopping threads took: 0.0000670 seconds
18.891: Application time: 0.0673530 seconds
18.891: [GC18.891: [ParNew: 14847K->0K(16640K), 0.0003440 secs] 24344K->9496K(53952K), 0.0003720 secs] [Times: user=0.00 sys=0.00, real=0.00 secs] 
18.892: Total time for which application threads were stopped: 0.0005200 seconds, Stopping threads took: 0.0000910 seconds
18.953: Application time: 0.0608420 seconds
18.953: [GC18.953: [ParNew: 14843K->192K(16640K), 0.0003100 secs] 24340K->9689K(53952K), 0.0003370 secs] [Times: user=0.00 sys=0.01, real=0.00 secs] 
18.953: Total time for which application threads were stopped: 0.0004520 seconds, Stopping threads took: 0.0000640 seconds
19.007: Application time: 0.0540240 seconds
19.007: [GC19.007: [ParNew: 15037K->196K(16640K), 0.0003280 secs] 24534K->9693K(53952K), 0.0003640 secs] [Times: user=0.00 sys=0.00, real=0.00 secs] 
19.008: Total time for which application threads were stopped: 0.0004660 seconds, Stopping threads took: 0.0000500 seconds
19.056: Application time: 0.0481090 seconds
19.056: [GC19.056: [ParNew: 15042K->385K(16640K), 0.0003440 secs] 24539K->9882K(53952K), 0.0003720 secs] [Times: user=0.00 sys=0.00, real=0.00 secs] 
19.056: Total time for which application threads were stopped: 0.0004910 seconds, Stopping threads took: 0.0000690 seconds
19.119: Application time: 0.0630840 seconds
19.119: [GC19.119: [ParNew: 15229K->397K(16640K), 0.0003990 secs] 24726K->9894K(53952K), 0.0004260 secs] [Times: user=0.00 sys=0.00, real=0.00 secs] 
19.120: Total time for which application threads were stopped: 0.0005510 seconds, Stopping threads took: 0.0000700 seconds
19.186: Application time: 0.0665410 seconds
19.186: [GC19.186: [ParNew: 15244K->406K(16640K), 0.0003450 secs] 24741K->9902K(53952K), 0.0003720 secs] [Times: user=0.00 sys=0.00, real=0.00 secs] 
19.187: Total time for which application threads were stopped: 0.0004800 seconds, Stopping threads took: 0.0000520 seconds
19.237: Application time: 0.0500850 seconds
19.237: [GC19.237: [ParNew: 15250K->596K(16640K), 0.0003880 secs] 24747K->10093K(53952K), 0.0004130 secs] [Times: user=0.00 sys=0.00, real=0.00 secs] 
19.238: Total time for which application threads were stopped: 0.0005400 seconds, Stopping threads took: 0.0000700 seconds
19.300: Application time: 0.0624920 seconds
19.300: [GC19.300: [ParNew: 15440K->620K(16640K), 0.0003890 secs] 24936K->10116K(53952K), 0.0004170 secs] [Times: user=0.00 sys=0.00, real=0.00 secs] 
19.301: Total time for which application threads were stopped: 0.0005490 seconds, Stopping threads took: 0.0000700 seconds
19.364: Application time: 0.0638620 seconds
19.364: [GC19.365: [ParNew: 15465K->654K(16640K), 0.0004050 secs] 24961K->10151K(53952K), 0.0004320 secs] [Times: user=0.01 sys=0.00, real=0.00 secs] 
19.365: Total time for which application threads were stopped: 0.0005360 seconds, Stopping threads took: 0.0000510 seconds
19.414: Application time: 0.0494490 seconds
19.414: [GC19.415: [ParNew: 15500K->1065K(16640K), 0.0005470 secs] 24997K->10562K(53952K), 0.0005740 secs] [Times: user=0.00 sys=0.00, real=0.00 secs] 
19.415: Total time for which application threads were stopped: 0.0006880 seconds, Stopping threads took: 0.0000560 seconds
19.446: Application time: 0.0307460 seconds
19.446: [GC19.446: [ParNew: 15910K->1175K(16640K), 0.0006000 secs] 25407K->10861K(53952K), 0.0006270 secs] [Times: user=0.00 sys=0.00, real=0.00 secs] 
19.447: Total time for which application threads were stopped: 0.0007430 seconds, Stopping threads took: 0.0000570 seconds
19.487: Application time: 0.0403720 seconds
19.487: [GC19.487: [ParNew: 16022K->1511K(16640K), 0.0006210 secs] 25709K->11416K(53952K), 0.0006470 secs] [Times: user=0.01 sys=0.00, real=0.00 secs] 
19.488: Total time for which application threads were stopped: 0.0007610 seconds, Stopping threads took: 0.0000510 seconds
19.537: Application time: 0.0492500 seconds
19.537: [GC19.537: [ParNew: 16358K->1448K(16640K), 0.0006080 secs] 26264K->11630K(53952K), 0.0006360 secs] [Times: user=0.01 sys=0.00, real=0.00 secs] 
19.538: Total time for which application threads were stopped: 0.0007460 seconds, Stopping threads took: 0.0000500 seconds
19.587: Application time: 0.0488240 seconds
19.587: [GC19.587: [ParNew: 16292K->587K(16640K), 0.0007250 secs] 26474K->11643K(53952K), 0.0007510 secs] [Times: user=0.00 sys=0.01, real=0.01 secs] 
19.587: Total time for which application threads were stopped: 0.0008680 seconds, Stopping threads took: 0.0000560 seconds
19.650: Application time: 0.0625270 seconds
19.650: [GC19.650: [ParNew: 15434K->624K(16640K), 0.0004290 secs] 26490K->11681K(53952K), 0.0004560 secs] [Times: user=0.00 sys=0.01, real=0.00 secs] 
19.651: Total time for which application threads were stopped: 0.0005790 seconds, Stopping threads took: 0.0000730 seconds
19.716: Application time: 0.0656750 seconds
19.716: [GC19.716: [ParNew: 15472K->605K(16640K), 0.0004470 secs] 26528K->11661K(53952K), 0.0004720 secs] [Times: user=0.01 sys=0.00, real=0.00 secs] 
19.717: Total time for which application threads were stopped: 0.0005850 seconds, Stopping threads took: 0.0000600 seconds
19.782: Application time: 0.0654910 seconds
19.783: [GC19.783: [ParNew: 15452K->645K(16640K), 0.0004140 secs] 26509K->11702K(53952K), 0.0004430 secs] [Times: user=0.00 sys=0.00, real=0.00 secs] 
19.784: Total time for which application threads were stopped: 0.0013240 seconds, Stopping threads took: 0.0008240 seconds
19.847: Application time: 0.0631120 seconds
19.847: [GC19.847: [ParNew: 15490K->987K(16640K), 0.0004650 secs] 26546K->12043K(53952K), 0.0004910 secs] [Times: user=0.00 sys=0.00, real=0.01 secs] 
19.847: Total time for which application threads were stopped: 0.0006110 seconds, Stopping threads took: 0.0000530 seconds
19.909: Application time: 0.0620090 seconds
19.909: [GC19.909: [ParNew: 15833K->1249K(16640K), 0.0004790 secs] 26890K->12306K(53952K), 0.0005060 secs] [Times: user=0.00 sys=0.00, real=0.00 secs] 
19.910: Total time for which application threads were stopped: 0.0006250 seconds, Stopping threads took: 0.0000690 seconds
19.975: Application time: 0.0648780 seconds
19.975: [GC19.975: [ParNew: 16094K->1105K(16640K), 0.0005790 secs] 27151K->12352K(53952K), 0.0006050 secs] [Times: user=0.00 sys=0.00, real=0.00 secs] 
19.976: Total time for which application threads were stopped: 0.0007310 seconds, Stopping threads took: 0.0000700 seconds
20.043: Application time: 0.0671150 seconds
20.043: [GC20.043: [ParNew: 15951K->920K(16640K), 0.0004960 secs] 27198K->12357K(53952K), 0.0005240 secs] [Times: user=0.01 sys=0.00, real=0.00 secs] 
20.043: Total time for which application threads were stopped: 0.0006440 seconds, Stopping threads took: 0.0000620 seconds
20.111: Application time: 0.0676090 seconds
20.111: [GC20.111: [ParNew: 15767K->842K(16640K), 0.0005300 secs] 27204K->12279K(53952K), 0.0005600 secs] [Times: user=0.01 sys=0.00, real=0.00 secs] 
20.112: Total time for which application threads were stopped: 0.0006880 seconds, Stopping threads took: 0.0000750 seconds
20.179: Application time: 0.0672050 seconds
20.179: [GC20.179: [ParNew: 15689K->838K(16640K), 0.0005190 secs] 27126K->12275K(53952K), 0.0005490 secs] [Times: user=0.01 sys=0.00, real=0.01 secs] 
20.180: Total time for which application threads were stopped: 0.0006620 seconds, Stopping threads took: 0.0000560 seconds
20.246: Application time: 0.0669610 seconds
20.247: [GC20.247: [ParNew: 15685K->863K(16640K), 0.0005040 secs] 27122K->12300K(53952K), 0.0005310 secs] [Times: user=0.01 sys=0.00, real=0.01 secs] 
20.247: Total time for which application threads were stopped: 0.0006600 seconds, Stopping threads took: 0.0000700 seconds
20.314: Application time: 0.0669930 seconds
20.314: [GC20.314: [ParNew: 15710K->310K(16640K), 0.0005320 secs] 27147K->12317K(53952K), 0.0005580 secs] [Times: user=0.00 sys=0.00, real=0.00 secs] 
20.315: Total time for which application threads were stopped: 0.0006620 seconds, Stopping threads took: 0.0000530 seconds
20.383: Application time: 0.0678960 seconds
20.383: [GC20.383: [ParNew: 15157K->0K(16640K), 0.0003810 secs] 27165K->12197K(53952K), 0.0004090 secs] [Times: user=0.00 sys=0.00, real=0.00 secs] 
20.383: Total time for which application threads were stopped: 0.0005390 seconds, Stopping threads took: 0.0000640 seconds
20.452: Application time: 0.0690480 seconds
20.452: [GC20.452: [ParNew: 14845K->0K(16640K), 0.0002790 secs] 27042K->12197K(53952K), 0.0003050 secs] [Times: user=0.01 sys=0.00, real=0.00 secs] 
20.453: Total time for which application threads were stopped: 0.0004300 seconds, Stopping threads took: 0.0000710 seconds
20.521: Application time: 0.0681060 seconds
20.521: [GC20.521: [ParNew: 14847K->0K(16640K), 0.0003110 secs] 27044K->12197K(53952K), 0.0003380 secs] [Times: user=0.00 sys=0.00, real=0.00 secs] 
20.521: Total time for which application threads were stopped: 0.0004500 seconds, Stopping threads took: 0.0000580 seconds
20.589: Application time: 0.0679870 seconds
20.589: [GC20.589: [ParNew: 14847K->0K(16640K), 0.0003000 secs] 27044K->12197K(53952K), 0.0003330 secs] [Times: user=0.00 sys=0.00, real=0.00 secs] 
20.590: Total time for which application threads were stopped: 0.0004600 seconds, Stopping threads took: 0.0000710 seconds
20.658: Application time: 0.0679890 seconds
20.658: [GC20.658: [ParNew: 14847K->0K(16640K), 0.0003200 secs] 27044K->12197K(53952K), 0.0003470 secs] [Times: user=0.00 sys=0.00, real=0.00 secs] 
20.658: Total time for which application threads were stopped: 0.0004490 seconds, Stopping threads took: 0.0000560 seconds
20.715: Application time: 0.0567480 seconds
20.715: [GC20.715: [ParNew: 14845K->194K(16640K), 0.0003620 secs] 27042K->12391K(53952K), 0.0003900 secs] [Times: user=0.00 sys=0.00, real=0.00 secs] 
20.715: Total time for which application threads were stopped: 0.0004950 seconds, Stopping threads took: 0.0000520 seconds
20.773: Application time: 0.0574100 seconds
20.773: [GC20.773: [ParNew: 15042K->198K(16640K), 0.0003360 secs] 27239K->12395K(53952K), 0.0003630 secs] [Times: user=0.00 sys=0.00, real=0.00 secs] 
20.773: Total time for which application threads were stopped: 0.0004770 seconds, Stopping threads took: 0.0000600 seconds
20.823: Application time: 0.0496450 seconds
20.823: [GC20.823: [ParNew: 15042K->387K(16640K), 0.0003830 secs] 27239K->12584K(53952K), 0.0004110 secs] [Times: user=0.01 sys=0.00, real=0.00 secs] 
20.823: Total time for which application threads were stopped: 0.0005330 seconds, Stopping threads took: 0.0000640 seconds
20.886: Application time: 0.0623040 seconds
20.886: [GC20.886: [ParNew: 15230K->401K(16640K), 0.0004330 secs] 27428K->12598K(53952K), 0.0004610 secs] [Times: user=0.00 sys=0.00, real=0.00 secs] 
20.887: Total time for which application threads were stopped: 0.0008300 seconds, Stopping threads took: 0.0002940 seconds
20.948: Application time: 0.0610730 seconds
20.948: [GC20.948: [ParNew: 15246K->588K(16640K), 0.0004500 secs] 27444K->12786K(53952K), 0.0004780 secs] [Times: user=0.00 sys=0.00, real=0.00 secs] 
20.948: Total time for which application threads were stopped: 0.0005990 seconds, Stopping threads took: 0.0000630 seconds
21.001: Application time: 0.0525250 seconds
21.001: [GC21.001: [ParNew: 15432K->606K(16640K), 0.0004350 secs] 27630K->12803K(53952K), 0.0004600 secs] [Times: user=0.00 sys=0.00, real=0.00 secs] 
21.001: Total time for which application threads were stopped: 0.0005670 seconds, Stopping threads took: 0.0000530 seconds
21.066: Application time: 0.0648540 seconds
21.066: [GC21.066: [ParNew: 15451K->645K(16640K), 0.0003910 secs] 27648K->12842K(53952K), 0.0004160 secs] [Times: user=0.00 sys=0.00, real=0.00 secs] 
21.067: Total time for which application threads were stopped: 0.0005340 seconds, Stopping threads took: 0.0000680 seconds
21.131: Application time: 0.0646690 seconds
21.132: [GC21.132: [ParNew: 15492K->452K(16640K), 0.0003650 secs] 27689K->12649K(53952K), 0.0003920 secs] [Times: user=0.00 sys=0.00, real=0.00 secs] 
21.132: Total time for which application threads were stopped: 0.0005160 seconds, Stopping threads took: 0.0000670 seconds
21.172: Application time: 0.0401590 seconds
21.172: [GC21.172: [ParNew: 15298K->1052K(16640K), 0.0005030 secs] 27495K->13250K(53952K), 0.0005280 secs] [Times: user=0.00 sys=0.00, real=0.00 secs] 
21.173: Total time for which application threads were stopped: 0.0006400 seconds, Stopping threads took: 0.0000560 seconds
21.207: Application time: 0.0339740 seconds
21.207: [GC21.207: [ParNew: 15897K->1399K(16640K), 0.0006370 secs] 28094K->13787K(53952K), 0.0006650 secs] [Times: user=0.00 sys=0.00, real=0.01 secs] 
21.208: Total time for which application threads were stopped: 0.0007630 seconds, Stopping threads took: 0.0000450 seconds
21.246: Application time: 0.0389520 seconds
21.247: [GC21.247: [ParNew: 16244K->1315K(16640K), 0.0006940 secs] 28632K->14140K(53952K), 0.0007230 secs] [Times: user=0.00 sys=0.01, real=0.01 secs] 
21.247: Total time for which application threads were stopped: 0.0008480 seconds, Stopping threads took: 0.0000640 seconds
21.301: Application time: 0.0531900 seconds
21.301: [GC21.301: [ParNew: 16163K->1435K(16640K), 0.0005590 secs] 28988K->14346K(53952K), 0.0005970 secs] [Times: user=0.00 sys=0.00, real=0.00 secs] 
21.301: Total time for which application threads were stopped: 0.0007150 seconds, Stopping threads took: 0.0000590 seconds
21.354: Application time: 0.0522850 seconds
21.354: [GC21.354: [ParNew: 16280K->1175K(16640K), 0.0006160 secs] 29191K->14334K(53952K), 0.0006430 secs] [Times: user=0.00 sys=0.00, real=0.00 secs] 
21.354: Total time for which application threads were stopped: 0.0007680 seconds, Stopping threads took: 0.0000650 seconds
21.416: Application time: 0.0617450 seconds
21.416: [GC21.416: [ParNew: 16019K->700K(16640K), 0.0005400 secs] 29178K->14458K(53952K), 0.0005680 secs] [Times: user=0.01 sys=0.00, real=0.00 secs] 
21.417: Total time for which application threads were stopped: 0.0007030 seconds, Stopping threads took: 0.0000760 seconds
21.482: Application time: 0.0654520 seconds
21.482: [GC21.482: [ParNew: 15547K->661K(16640K), 0.0003830 secs] 29305K->14418K(53952K), 0.0004080 secs] [Times: user=0.00 sys=0.00, real=0.00 secs] 
21.483: Total time for which application threads were stopped: 0.0005180 seconds, Stopping threads took: 0.0000530 seconds
21.548: Application time: 0.0651840 seconds
21.548: [GC21.548: [ParNew: 15508K->641K(16640K), 0.0004830 secs] 29266K->14398K(53952K), 0.0005090 secs] [Times: user=0.01 sys=0.00, real=0.00 secs] 
21.549: Total time for which application threads were stopped: 0.0006310 seconds, Stopping threads took: 0.0000650 seconds
21.609: Application time: 0.0609300 seconds
21.610: [GC21.610: [ParNew: 15487K->1190K(16640K), 0.0005180 secs] 29244K->14947K(53952K), 0.0005450 secs] [Times: user=0.01 sys=0.00, real=0.00 secs] 
21.610: Total time for which application threads were stopped: 0.0006560 seconds, Stopping threads took: 0.0000590 seconds
21.674: Application time: 0.0634280 seconds
21.674: [GC21.674: [ParNew: 16034K->853K(16640K), 0.0005720 secs] 29791K->14991K(53952K), 0.0005980 secs] [Times: user=0.00 sys=0.00, real=0.00 secs] 
21.674: Total time for which application threads were stopped: 0.0007100 seconds, Stopping threads took: 0.0000580 seconds
21.739: Application time: 0.0646860 seconds
21.739: [GC21.739: [ParNew: 15699K->1081K(16640K), 0.0004900 secs] 29837K->15219K(53952K), 0.0005210 secs] [Times: user=0.00 sys=0.00, real=0.01 secs] 
21.740: Total time for which application threads were stopped: 0.0006190 seconds, Stopping threads took: 0.0000400 seconds
21.807: Application time: 0.0671310 seconds
21.807: [GC21.807: [ParNew: 15926K->721K(16640K), 0.0005420 secs] 30064K->15238K(53952K), 0.0005700 secs] [Times: user=0.01 sys=0.00, real=0.01 secs] 
21.807: Total time for which application threads were stopped: 0.0006730 seconds, Stopping threads took: 0.0000510 seconds
21.874: Application time: 0.0669520 seconds
21.874: [GC21.874: [ParNew: 15568K->595K(16640K), 0.0004730 secs] 30086K->15112K(53952K), 0.0005010 secs] [Times: user=0.00 sys=0.00, real=0.00 secs] 
21.875: Total time for which application threads were stopped: 0.0006280 seconds, Stopping threads took: 0.0000730 seconds
21.943: Application time: 0.0681070 seconds
21.947: [GC21.947: [ParNew: 15440K->650K(16640K), 0.0004180 secs] 29958K->15168K(53952K), 0.0004420 secs] [Times: user=0.00 sys=0.00, real=0.00 secs] 
21.948: Total time for which application threads were stopped: 0.0045300 seconds, Stopping threads took: 0.0040290 seconds
22.015: Application time: 0.0669570 seconds
22.015: [GC22.015: [ParNew: 15497K->622K(16640K), 0.0004210 secs] 30015K->15140K(53952K), 0.0004480 secs] [Times: user=0.00 sys=0.00, real=0.00 secs] 
22.015: Total time for which application threads were stopped: 0.0005440 seconds, Stopping threads took: 0.0000430 seconds
22.082: Application time: 0.0668490 seconds
22.082: [GC22.082: [ParNew: 15470K->219K(16640K), 0.0005020 secs] 29987K->15117K(53952K), 0.0005300 secs] [Times: user=0.00 sys=0.00, real=0.00 secs] 
22.083: Total time for which application threads were stopped: 0.0006320 seconds, Stopping threads took: 0.0000460 seconds
22.150: Application time: 0.0670910 seconds
22.150: [GC22.150: [ParNew: 15066K->0K(16640K), 0.0003660 secs] 29964K->15088K(53952K), 0.0004030 secs] [Times: user=0.00 sys=0.00, real=0.00 secs] 
22.150: Total time for which application threads were stopped: 0.0005310 seconds, Stopping threads took: 0.0000700 seconds
22.218: Application time: 0.0676590 seconds
22.218: [GC22.218: [ParNew: 14847K->0K(16640K), 0.0003140 secs] 29935K->15088K(53952K), 0.0003410 secs] [Times: user=0.00 sys=0.00, real=0.00 secs] 
22.218: Total time for which application threads were stopped: 0.0004560 seconds, Stopping threads took: 0.0000640 seconds
22.286: Application time: 0.0677510 seconds
22.286: [GC22.286: [ParNew: 14847K->0K(16640K), 0.0002870 secs] 29935K->15088K(53952K), 0.0003130 secs] [Times: user=0.00 sys=0.00, real=0.00 secs] 
22.287: Total time for which application threads were stopped: 0.0004560 seconds, Stopping threads took: 0.0000880 seconds
22.354: Application time: 0.0678690 seconds
22.355: [GC22.355: [ParNew: 14845K->0K(16640K), 0.0003640 secs] 29933K->15088K(53952K), 0.0003910 secs] [Times: user=0.00 sys=0.00, real=0.00 secs] 
22.355: Total time for which application threads were stopped: 0.0005190 seconds, Stopping threads took: 0.0000690 seconds
22.422: Application time: 0.0672300 seconds
22.422: [GC22.422: [ParNew: 14847K->0K(16640K), 0.0003150 secs] 29935K->15088K(53952K), 0.0003420 secs] [Times: user=0.00 sys=0.00, real=0.00 secs] 
22.423: Total time for which application threads were stopped: 0.0004430 seconds, Stopping threads took: 0.0000490 seconds
22.475: Application time: 0.0523940 seconds
22.475: [GC22.475: [ParNew: 14844K->194K(16640K), 0.0003680 secs] 29932K->15282K(53952K), 0.0003950 secs] [Times: user=0.00 sys=0.00, real=0.00 secs] 
22.476: Total time for which application threads were stopped: 0.0005160 seconds, Stopping threads took: 0.0000520 seconds
22.535: Application time: 0.0598120 seconds
22.535: [GC22.535: [ParNew: 15038K->385K(16640K), 0.0004130 secs] 30126K->15473K(53952K), 0.0004400 secs] [Times: user=0.00 sys=0.00, real=0.00 secs] 
22.536: Total time for which application threads were stopped: 0.0005430 seconds, Stopping threads took: 0.0000440 seconds
22.585: Application time: 0.0494070 seconds
22.587: [GC22.587: [ParNew: 15231K->236K(16640K), 0.0003370 secs] 30319K->15324K(53952K), 0.0003650 secs] [Times: user=0.00 sys=0.01, real=0.00 secs] 
22.587: Total time for which application threads were stopped: 0.0021290 seconds, Stopping threads took: 0.0017050 seconds
22.653: Application time: 0.0657790 seconds
22.653: [GC22.653: [ParNew: 15083K->250K(16640K), 0.0002950 secs] 30171K->15338K(53952K), 0.0003220 secs] [Times: user=0.00 sys=0.00, real=0.00 secs] 
22.654: Total time for which application threads were stopped: 0.0004550 seconds, Stopping threads took: 0.0000590 seconds
22.707: Application time: 0.0538450 seconds
22.708: [GC22.708: [ParNew: 15096K->592K(16640K), 0.0004060 secs] 30184K->15680K(53952K), 0.0014860 secs] [Times: user=0.00 sys=0.00, real=0.00 secs] 
22.709: Total time for which application threads were stopped: 0.0015890 seconds, Stopping threads took: 0.0000490 seconds
22.767: Application time: 0.0579830 seconds
22.767: [GC22.767: [ParNew: 15437K->606K(16640K), 0.0004360 secs] 30525K->15694K(53952K), 0.0004640 secs] [Times: user=0.00 sys=0.00, real=0.00 secs] 
22.768: Total time for which application threads were stopped: 0.0005950 seconds, Stopping threads took: 0.0000780 seconds
22.832: Application time: 0.0644680 seconds
22.832: [GC22.832: [ParNew: 15454K->657K(16640K), 0.0004420 secs] 30542K->15745K(53952K), 0.0004700 secs] [Times: user=0.00 sys=0.00, real=0.00 secs] 
22.833: Total time for which application threads were stopped: 0.0006120 seconds, Stopping threads took: 0.0000850 seconds
22.895: Application time: 0.0621800 seconds
22.895: [GC22.895: [ParNew: 15502K->847K(16640K), 0.0005080 secs] 30590K->15935K(53952K), 0.0005350 secs] [Times: user=0.00 sys=0.00, real=0.00 secs] 
22.896: Total time for which application threads were stopped: 0.0006610 seconds, Stopping threads took: 0.0000640 seconds
22.930: Application time: 0.0345440 seconds
22.930: [GC22.930: [ParNew: 15693K->1279K(16640K), 0.0005790 secs] 30781K->16368K(53952K), 0.0006130 secs] [Times: user=0.00 sys=0.00, real=0.00 secs] 
22.931: Total time for which application threads were stopped: 0.0007230 seconds, Stopping threads took: 0.0000520 seconds
22.962: Application time: 0.0307380 seconds
22.962: [GC22.962: [ParNew: 16125K->1209K(16640K), 0.0006470 secs] 31214K->16707K(53952K), 0.0006750 secs] [Times: user=0.01 sys=0.00, real=0.00 secs] 
22.962: Total time for which application threads were stopped: 0.0008010 seconds, Stopping threads took: 0.0000730 seconds
23.009: Application time: 0.0463000 seconds
23.009: [GC23.009: [ParNew: 16054K->1289K(16640K), 0.0005840 secs] 31551K->17005K(53952K), 0.0006110 secs] [Times: user=0.00 sys=0.00, real=0.00 secs] 
23.009: Total time for which application threads were stopped: 0.0007300 seconds, Stopping threads took: 0.0000590 seconds
23.057: Application time: 0.0477900 seconds
23.057: [GC23.057: [ParNew: 16134K->846K(16640K), 0.0006600 secs] 31850K->17276K(53952K), 0.0006890 secs] [Times: user=0.00 sys=0.00, real=0.00 secs] 
23.058: Total time for which application threads were stopped: 0.0008060 seconds, Stopping threads took: 0.0000650 seconds
23.116: Application time: 0.0580300 seconds
23.116: [GC23.116: [ParNew: 15694K->862K(16640K), 0.0004250 secs] 32124K->17292K(53952K), 0.0004510 secs] [Times: user=0.00 sys=0.00, real=0.00 secs] 
23.117: Total time for which application threads were stopped: 0.0005520 seconds, Stopping threads took: 0.0000480 seconds
23.180: Application time: 0.0631230 seconds
23.180: [GC23.180: [ParNew: 15707K->904K(16640K), 0.0004510 secs] 32137K->17334K(53952K), 0.0004770 secs] [Times: user=0.01 sys=0.00, real=0.00 secs] 
23.180: Total time for which application threads were stopped: 0.0005940 seconds, Stopping threads took: 0.0000630 seconds
23.246: Application time: 0.0654470 seconds
23.246: [GC23.246: [ParNew: 15752K->913K(16640K), 0.0004740 secs] 32182K->17343K(53952K), 0.0004980 secs] [Times: user=0.00 sys=0.00, real=0.00 secs] 
23.246: Total time for which application threads were stopped: 0.0006110 seconds, Stopping threads took: 0.0000570 seconds
23.312: Application time: 0.0651240 seconds
23.312: [GC23.312: [ParNew: 15760K->919K(16640K), 0.0004390 secs] 32190K->17349K(53952K), 0.0004660 secs] [Times: user=0.01 sys=0.00, real=0.00 secs] 
23.312: Total time for which application threads were stopped: 0.0005860 seconds, Stopping threads took: 0.0000680 seconds
23.372: Application time: 0.0602310 seconds
23.372: [GC23.372: [ParNew: 15766K->1339K(16640K), 0.0004900 secs] 32196K->17768K(53952K), 0.0005170 secs] [Times: user=0.00 sys=0.00, real=0.00 secs] 
23.373: Total time for which application threads were stopped: 0.0006310 seconds, Stopping threads took: 0.0000590 seconds
23.437: Application time: 0.0639830 seconds
23.437: [GC23.437: [ParNew: 16184K->921K(16640K), 0.0006100 secs] 32614K->17760K(53952K), 0.0006390 secs] [Times: user=0.01 sys=0.00, real=0.00 secs] 
23.438: Total time for which application threads were stopped: 0.0007530 seconds, Stopping threads took: 0.0000550 seconds
23.504: Application time: 0.0663300 seconds
23.504: [GC23.504: [ParNew: 15766K->1060K(16640K), 0.0005140 secs] 32604K->17898K(53952K), 0.0005410 secs] [Times: user=0.00 sys=0.00, real=0.00 secs] 
23.505: Total time for which application threads were stopped: 0.0006560 seconds, Stopping threads took: 0.0000590 seconds
23.572: Application time: 0.0677040 seconds
23.573: [GC23.573: [ParNew: 15907K->728K(16640K), 0.0005070 secs] 32746K->17947K(53952K), 0.0005310 secs] [Times: user=0.00 sys=0.00, real=0.00 secs] 
23.573: Total time for which application threads were stopped: 0.0006430 seconds, Stopping threads took: 0.0000510 seconds
23.640: Application time: 0.0673100 seconds
23.640: [GC23.640: [ParNew: 15576K->645K(16640K), 0.0003750 secs] 32794K->17863K(53952K), 0.0004010 secs] [Times: user=0.00 sys=0.00, real=0.00 secs] 
23.641: Total time for which application threads were stopped: 0.0005030 seconds, Stopping threads took: 0.0000440 seconds
23.708: Application time: 0.0669620 seconds
23.708: [GC23.708: [ParNew: 15492K->662K(16640K), 0.0003820 secs] 32711K->17881K(53952K), 0.0004200 secs] [Times: user=0.00 sys=0.00, real=0.00 secs] 
23.708: Total time for which application threads were stopped: 0.0005330 seconds, Stopping threads took: 0.0000620 seconds
23.775: Application time: 0.0670950 seconds
23.776: [GC23.776: [ParNew: 15509K->655K(16640K), 0.0004340 secs] 32728K->17874K(53952K), 0.0004600 secs] [Times: user=0.01 sys=0.00, real=0.00 secs] 
23.776: Total time for which application threads were stopped: 0.0005730 seconds, Stopping threads took: 0.0000590 seconds
23.843: Application time: 0.0670730 seconds
23.843: [GC23.843: [ParNew: 15503K->230K(16640K), 0.0004880 secs] 32721K->17829K(53952K), 0.0005160 secs] [Times: user=0.01 sys=0.00, real=0.00 secs] 
23.844: Total time for which application threads were stopped: 0.0006390 seconds, Stopping threads took: 0.0000660 seconds
23.911: Application time: 0.0673470 seconds
23.911: [GC23.911: [ParNew: 15077K->0K(16640K), 0.0004030 secs] 32676K->17788K(53952K), 0.0004270 secs] [Times: user=0.01 sys=0.00, real=0.00 secs] 
23.912: Total time for which application threads were stopped: 0.0005180 seconds, Stopping threads took: 0.0000410 seconds
23.980: Application time: 0.0678720 seconds
23.980: [GC23.980: [ParNew: 14847K->0K(16640K), 0.0003580 secs] 32636K->17788K(53952K), 0.0003850 secs] [Times: user=0.00 sys=0.00, real=0.00 secs] 
23.980: Total time for which application threads were stopped: 0.0005060 seconds, Stopping threads took: 0.0000670 seconds
24.049: Application time: 0.0691330 seconds
24.049: [GC24.049: [ParNew: 14845K->0K(16640K), 0.0003490 secs] 32634K->17788K(53952K), 0.0003740 secs] [Times: user=0.00 sys=0.00, real=0.00 secs] 
24.050: Total time for which application threads were stopped: 0.0004850 seconds, Stopping threads took: 0.0000570 seconds
24.117: Application time: 0.0674930 seconds
24.117: [GC24.117: [ParNew: 14847K->0K(16640K), 0.0003060 secs] 32636K->17788K(53952K), 0.0003330 secs] [Times: user=0.01 sys=0.00, real=0.00 secs] 
24.118: Total time for which application threads were stopped: 0.0004670 seconds, Stopping threads took: 0.0000680 seconds
24.183: Application time: 0.0653590 seconds
24.187: [GC24.187: [ParNew: 14846K->194K(16640K), 0.0003060 secs] 32635K->17983K(53952K), 0.0003340 secs] [Times: user=0.00 sys=0.00, real=0.00 secs] 
24.187: Total time for which application threads were stopped: 0.0045060 seconds, Stopping threads took: 0.0041160 seconds
24.237: Application time: 0.0492130 seconds
24.237: [GC24.237: [ParNew: 15038K->199K(16640K), 0.0003670 secs] 32827K->17987K(53952K), 0.0003950 secs] [Times: user=0.00 sys=0.00, real=0.00 secs] 
24.237: Total time for which application threads were stopped: 0.0004950 seconds, Stopping threads took: 0.0000420 seconds
24.303: Application time: 0.0656440 seconds
24.303: [GC24.303: [ParNew: 15045K->203K(16640K), 0.0003660 secs] 32834K->17992K(53952K), 0.0003920 secs] [Times: user=0.00 sys=0.00, real=0.00 secs] 
24.303: Total time for which application threads were stopped: 0.0005000 seconds, Stopping threads took: 0.0000510 seconds
24.352: Application time: 0.0489620 seconds
24.352: [GC24.352: [ParNew: 15047K->387K(16640K), 0.0003680 secs] 32836K->18176K(53952K), 0.0003950 secs] [Times: user=0.00 sys=0.00, real=0.00 secs] 
24.353: Total time for which application threads were stopped: 0.0005030 seconds, Stopping threads took: 0.0000510 seconds
24.417: Application time: 0.0645380 seconds
24.417: [GC24.417: [ParNew: 15233K->394K(16640K), 0.0003790 secs] 33021K->18182K(53952K), 0.0004040 secs] [Times: user=0.01 sys=0.00, real=0.00 secs] 
24.418: Total time for which application threads were stopped: 0.0004990 seconds, Stopping threads took: 0.0000430 seconds
24.464: Application time: 0.0465020 seconds
24.464: [GC24.464: [ParNew: 15240K->453K(16640K), 0.0003750 secs] 33029K->18242K(53952K), 0.0004010 secs] [Times: user=0.00 sys=0.00, real=0.00 secs] 
24.465: Total time for which application threads were stopped: 0.0005060 seconds, Stopping threads took: 0.0000470 seconds
24.530: Application time: 0.0649830 seconds
24.530: [GC24.530: [ParNew: 15298K->454K(16640K), 0.0003830 secs] 33087K->18243K(53952K), 0.0004120 secs] [Times: user=0.00 sys=0.00, real=0.00 secs] 
24.530: Total time for which application threads were stopped: 0.0005250 seconds, Stopping threads took: 0.0000570 seconds
24.595: Application time: 0.0650260 seconds
24.595: [GC24.595: [ParNew: 15299K->650K(16640K), 0.0004080 secs] 33088K->18439K(53952K), 0.0004350 secs] [Times: user=0.00 sys=0.00, real=0.00 secs] 
24.596: Total time for which application threads were stopped: 0.0005390 seconds, Stopping threads took: 0.0000460 seconds
24.648: Application time: 0.0522820 seconds
24.648: [GC24.648: [ParNew: 15494K->846K(16640K), 0.0004860 secs] 33283K->18635K(53952K), 0.0005110 secs] [Times: user=0.00 sys=0.00, real=0.00 secs] 
24.649: Total time for which application threads were stopped: 0.0006310 seconds, Stopping threads took: 0.0000570 seconds
24.689: Application time: 0.0403290 seconds
24.689: [GC24.689: [ParNew: 15691K->1283K(16640K), 0.0006290 secs] 33480K->19072K(53952K), 0.0006570 secs] [Times: user=0.01 sys=0.00, real=0.00 secs] 
24.690: Total time for which application threads were stopped: 0.0007720 seconds, Stopping threads took: 0.0000560 seconds
24.722: Application time: 0.0322870 seconds
24.722: [GC24.722: [ParNew: 16128K->1260K(16640K), 0.0006710 secs] 33917K->19458K(53952K), 0.0006990 secs] [Times: user=0.01 sys=0.00, real=0.00 secs] 
24.723: Total time for which application threads were stopped: 0.0008110 seconds, Stopping threads took: 0.0000490 seconds
24.774: Application time: 0.0510520 seconds
24.774: [GC24.774: [ParNew: 16105K->1271K(16640K), 0.0006010 secs] 34303K->19687K(53952K), 0.0006290 secs] [Times: user=0.01 sys=0.00, real=0.00 secs] 
24.775: Total time for which application threads were stopped: 0.0007350 seconds, Stopping threads took: 0.0000500 seconds
24.820: Application time: 0.0448750 seconds
24.820: [GC24.820: [ParNew: 16117K->606K(16640K), 0.0006830 secs] 34534K->19926K(53952K), 0.0007110 secs] [Times: user=0.00 sys=0.00, real=0.00 secs] 
24.821: Total time for which application threads were stopped: 0.0008340 seconds, Stopping threads took: 0.0000690 seconds
24.821: Application time: 0.0000430 seconds
24.821: [GC [1 CMS-initial-mark: 19319K(37312K)] 19948K(53952K), 0.0001210 secs] [Times: user=0.00 sys=0.00, real=0.00 secs] 
24.821: Total time for which application threads were stopped: 0.0001760 seconds, Stopping threads took: 0.0000380 seconds
24.821: [CMS-concurrent-mark-start]
24.824: [CMS-concurrent-mark: 0.003/0.003 secs] [Times: user=0.02 sys=0.00, real=0.00 secs] 
24.824: [CMS-concurrent-preclean-start]
24.824: [CMS-concurrent-preclean: 0.000/0.000 secs] [Times: user=0.00 sys=0.00, real=0.00 secs] 
24.824: Application time: 0.0035200 seconds
24.824: [GC[YG occupancy: 1412 K (16640 K)]24.824: [Rescan (parallel) , 0.0001070 secs]24.824: [weak refs processing, 0.0000430 secs]24.825: [scrub string table, 0.0001000 secs] [1 CMS-remark: 19319K(37312K)] 20732K(53952K), 0.0002760 secs] [Times: user=0.00 sys=0.00, real=0.00 secs] 
24.825: Total time for which application threads were stopped: 0.0003490 seconds, Stopping threads took: 0.0000500 seconds
24.825: [CMS-concurrent-sweep-start]
24.825: Application time: 0.0001360 seconds
24.825: Total time for which application threads were stopped: 0.0000460 seconds, Stopping threads took: 0.0000340 seconds
24.825: Application time: 0.0000190 seconds
24.825: Total time for which application threads were stopped: 0.0000360 seconds, Stopping threads took: 0.0000250 seconds
24.825: Application time: 0.0000140 seconds
24.825: Total time for which application threads were stopped: 0.0000210 seconds, Stopping threads took: 0.0000130 seconds
24.825: Application time: 0.0000140 seconds
24.825: Total time for which application threads were stopped: 0.0000270 seconds, Stopping threads took: 0.0000180 seconds
24.825: Application time: 0.0000140 seconds
24.825: Total time for which application threads were stopped: 0.0000360 seconds, Stopping threads took: 0.0000270 seconds
24.825: Application time: 0.0000150 seconds
24.825: Total time for which application threads were stopped: 0.0000280 seconds, Stopping threads took: 0.0000190 seconds
24.825: Application time: 0.0000150 seconds
24.825: Total time for which application threads were stopped: 0.0000350 seconds, Stopping threads took: 0.0000250 seconds
24.825: Application time: 0.0000430 seconds
24.825: Total time for which application threads were stopped: 0.0000240 seconds, Stopping threads took: 0.0000160 seconds
24.827: [CMS-concurrent-sweep: 0.002/0.003 secs] [Times: user=0.01 sys=0.00, real=0.01 secs] 
24.827: [CMS-concurrent-reset-start]
24.827: [CMS-concurrent-reset: 0.000/0.000 secs] [Times: user=0.00 sys=0.00, real=0.00 secs] 
24.883: Application time: 0.0578680 seconds
24.883: [GC24.883: [ParNew: 15451K->850K(16640K), 0.0004510 secs] 19250K->4649K(53952K), 0.0004770 secs] [Times: user=0.01 sys=0.00, real=0.00 secs] 
24.884: Total time for which application threads were stopped: 0.0005890 seconds, Stopping threads took: 0.0000550 seconds
24.948: Application time: 0.0642160 seconds
24.951: [GC24.951: [ParNew: 15697K->881K(16640K), 0.0005030 secs] 19496K->4679K(53952K), 0.0005300 secs] [Times: user=0.01 sys=0.00, real=0.00 secs] 
24.952: Total time for which application threads were stopped: 0.0038170 seconds, Stopping threads took: 0.0032290 seconds
25.017: Application time: 0.0655050 seconds
25.017: [GC25.017: [ParNew: 15726K->857K(16640K), 0.0004310 secs] 19525K->4656K(53952K), 0.0004590 secs] [Times: user=0.00 sys=0.00, real=0.00 secs] 
25.018: Total time for which application threads were stopped: 0.0005610 seconds, Stopping threads took: 0.0000500 seconds
25.081: Application time: 0.0634110 seconds
25.081: [GC25.081: [ParNew: 15704K->1100K(16640K), 0.0004740 secs] 19502K->4898K(53952K), 0.0005010 secs] [Times: user=0.00 sys=0.00, real=0.00 secs] 
25.082: Total time for which application threads were stopped: 0.0006140 seconds, Stopping threads took: 0.0000570 seconds
25.143: Application time: 0.0610970 seconds
25.143: [GC25.143: [ParNew: 15946K->1323K(16640K), 0.0005820 secs] 19744K->5150K(53952K), 0.0006100 secs] [Times: user=0.00 sys=0.01, real=0.00 secs] 
25.144: Total time for which application threads were stopped: 0.0007240 seconds, Stopping threads took: 0.0000550 seconds
25.208: Application time: 0.0647840 seconds
25.208: [GC25.209: [ParNew: 16168K->998K(16640K), 0.0005330 secs] 19995K->5015K(53952K), 0.0005600 secs] [Times: user=0.00 sys=0.00, real=0.00 secs] 
25.209: Total time for which application threads were stopped: 0.0006890 seconds, Stopping threads took: 0.0000640 seconds
25.274: Application time: 0.0653470 seconds
25.275: [GC25.275: [ParNew: 15844K->1119K(16640K), 0.0004520 secs] 19862K->5136K(53952K), 0.0004800 secs] [Times: user=0.01 sys=0.00, real=0.00 secs] 
25.275: Total time for which application threads were stopped: 0.0006130 seconds, Stopping threads took: 0.0000750 seconds
25.342: Application time: 0.0671430 seconds
25.342: [GC25.342: [ParNew: 15966K->909K(16640K), 0.0005280 secs] 19983K->5117K(53952K), 0.0005540 secs] [Times: user=0.00 sys=0.00, real=0.00 secs] 
25.343: Total time for which application threads were stopped: 0.0006690 seconds, Stopping threads took: 0.0000560 seconds
25.411: Application time: 0.0677610 seconds
25.411: [GC25.411: [ParNew: 15755K->905K(16640K), 0.0004310 secs] 19962K->5112K(53952K), 0.0004590 secs] [Times: user=0.00 sys=0.00, real=0.00 secs] 
25.411: Total time for which application threads were stopped: 0.0005920 seconds, Stopping threads took: 0.0000810 seconds
25.478: Application time: 0.0670750 seconds
25.478: [GC25.478: [ParNew: 15752K->902K(16640K), 0.0004420 secs] 19960K->5109K(53952K), 0.0004720 secs] [Times: user=0.00 sys=0.00, real=0.00 secs] 
25.479: Total time for which application threads were stopped: 0.0006080 seconds, Stopping threads took: 0.0000810 seconds
25.547: Application time: 0.0680040 seconds
25.547: [GC25.547: [ParNew: 15747K->537K(16640K), 0.0004730 secs] 19955K->5125K(53952K), 0.0005100 secs] [Times: user=0.00 sys=0.01, real=0.01 secs] 
25.548: Total time for which application threads were stopped: 0.0006330 seconds, Stopping threads took: 0.0000660 seconds
25.615: Application time: 0.0673090 seconds
25.615: [GC25.615: [ParNew: 15384K->230K(16640K), 0.0003700 secs] 19972K->5007K(53952K), 0.0003970 secs] [Times: user=0.00 sys=0.00, real=0.00 secs] 
25.615: Total time for which application threads were stopped: 0.0005180 seconds, Stopping threads took: 0.0000700 seconds
25.683: Application time: 0.0677680 seconds
25.683: [GC25.683: [ParNew: 15077K->0K(16640K), 0.0003550 secs] 19855K->4967K(53952K), 0.0003800 secs] [Times: user=0.01 sys=0.00, real=0.00 secs] 
25.684: Total time for which application threads were stopped: 0.0005040 seconds, Stopping threads took: 0.0000680 seconds
25.752: Application time: 0.0682050 seconds
25.752: [GC25.752: [ParNew: 14847K->0K(16640K), 0.0002740 secs] 19815K->4967K(53952K), 0.0003020 secs] [Times: user=0.00 sys=0.00, real=0.00 secs] 
25.752: Total time for which application threads were stopped: 0.0004400 seconds, Stopping threads took: 0.0000690 seconds
25.820: Application time: 0.0679080 seconds
25.820: [GC25.820: [ParNew: 14845K->0K(16640K), 0.0003070 secs] 19813K->4967K(53952K), 0.0003340 secs] [Times: user=0.00 sys=0.00, real=0.00 secs] 
25.821: Total time for which application threads were stopped: 0.0004430 seconds, Stopping threads took: 0.0000570 seconds
25.888: Application time: 0.0676080 seconds
25.888: [GC25.888: [ParNew: 14847K->0K(16640K), 0.0003070 secs] 19815K->4967K(53952K), 0.0003360 secs] [Times: user=0.00 sys=0.00, real=0.00 secs] 
25.889: Total time for which application threads were stopped: 0.0004670 seconds, Stopping threads took: 0.0000760 seconds
25.943: Application time: 0.0540590 seconds
25.943: [GC25.943: [ParNew: 14845K->194K(16640K), 0.0003660 secs] 19813K->5162K(53952K), 0.0003930 secs] [Times: user=0.00 sys=0.00, real=0.00 secs] 
25.943: Total time for which application threads were stopped: 0.0005160 seconds, Stopping threads took: 0.0000650 seconds
26.003: Application time: 0.0598460 seconds
26.003: [GC26.003: [ParNew: 15037K->198K(16640K), 0.0003330 secs] 20005K->5166K(53952K), 0.0003570 secs] [Times: user=0.00 sys=0.00, real=0.00 secs] 
26.004: Total time for which application threads were stopped: 0.0004760 seconds, Stopping threads took: 0.0000620 seconds
26.064: Application time: 0.0606820 seconds
26.064: [GC26.064: [ParNew: 15043K->201K(16640K), 0.0004100 secs] 20010K->5168K(53952K), 0.0004350 secs] [Times: user=0.01 sys=0.00, real=0.00 secs] 
26.065: Total time for which application threads were stopped: 0.0005400 seconds, Stopping threads took: 0.0000550 seconds
26.117: Application time: 0.0519920 seconds
26.117: [GC26.117: [ParNew: 15048K->389K(16640K), 0.0004210 secs] 20016K->5357K(53952K), 0.0004470 secs] [Times: user=0.00 sys=0.00, real=0.00 secs] 
26.117: Total time for which application threads were stopped: 0.0005530 seconds, Stopping threads took: 0.0000550 seconds
26.180: Application time: 0.0626110 seconds
26.180: [GC26.180: [ParNew: 15235K->577K(16640K), 0.0004230 secs] 20202K->5545K(53952K), 0.0004480 secs] [Times: user=0.01 sys=0.00, real=0.00 secs] 
26.181: Total time for which application threads were stopped: 0.0005560 seconds, Stopping threads took: 0.0000500 seconds
26.230: Application time: 0.0496390 seconds
26.230: [GC26.230: [ParNew: 15421K->600K(16640K), 0.0004020 secs] 20389K->5568K(53952K), 0.0004310 secs] [Times: user=0.00 sys=0.00, real=0.00 secs] 
26.231: Total time for which application threads were stopped: 0.0005460 seconds, Stopping threads took: 0.0000570 seconds
26.295: Application time: 0.0647310 seconds
26.296: [GC26.296: [ParNew: 15446K->678K(16640K), 0.0004060 secs] 20413K->5646K(53952K), 0.0004310 secs] [Times: user=0.00 sys=0.00, real=0.00 secs] 
26.296: Total time for which application threads were stopped: 0.0005410 seconds, Stopping threads took: 0.0000460 seconds
26.360: Application time: 0.0644720 seconds
26.361: [GC26.361: [ParNew: 15524K->673K(16640K), 0.0004170 secs] 20492K->5641K(53952K), 0.0004520 secs] [Times: user=0.00 sys=0.00, real=0.00 secs] 
26.361: Total time for which application threads were stopped: 0.0005850 seconds, Stopping threads took: 0.0000750 seconds
26.410: Application time: 0.0491070 seconds
26.410: [GC26.410: [ParNew: 15520K->876K(16640K), 0.0004710 secs] 20487K->5844K(53952K), 0.0004970 secs] [Times: user=0.00 sys=0.00, real=0.00 secs] 
26.411: Total time for which application threads were stopped: 0.0006050 seconds, Stopping threads took: 0.0000480 seconds
26.452: Application time: 0.0407970 seconds
26.452: [GC26.452: [ParNew: 15724K->1376K(16640K), 0.0005590 secs] 20691K->6344K(53952K), 0.0005860 secs] [Times: user=0.01 sys=0.00, real=0.00 secs] 
26.452: Total time for which application threads were stopped: 0.0007030 seconds, Stopping threads took: 0.0000590 seconds
26.486: Application time: 0.0337300 seconds
26.487: [GC26.487: [ParNew: 16221K->1472K(16640K), 0.0006290 secs] 21189K->6659K(53952K), 0.0006560 secs] [Times: user=0.01 sys=0.00, real=0.00 secs] 
26.488: Total time for which application threads were stopped: 0.0017850 seconds, Stopping threads took: 0.0010690 seconds
26.531: Application time: 0.0436560 seconds
26.532: [GC26.532: [ParNew: 16317K->1458K(16640K), 0.0006870 secs] 21503K->6921K(53952K), 0.0007130 secs] [Times: user=0.01 sys=0.00, real=0.00 secs] 
26.532: Total time for which application threads were stopped: 0.0008310 seconds, Stopping threads took: 0.0000600 seconds
26.585: Application time: 0.0527430 seconds
26.585: [GC26.585: [ParNew: 16304K->1287K(16640K), 0.0005840 secs] 21767K->6836K(53952K), 0.0006090 secs] [Times: user=0.00 sys=0.00, real=0.00 secs] 
26.586: Total time for which application threads were stopped: 0.0007180 seconds, Stopping threads took: 0.0000560 seconds
26.648: Application time: 0.0618360 seconds
26.648: [GC26.648: [ParNew: 16134K->1201K(16640K), 0.0005270 secs] 21683K->7159K(53952K), 0.0005530 secs] [Times: user=0.01 sys=0.00, real=0.00 secs] 
26.648: Total time for which application threads were stopped: 0.0006660 seconds, Stopping threads took: 0.0000570 seconds
26.713: Application time: 0.0650940 seconds
26.713: [GC26.713: [ParNew: 16048K->537K(16640K), 0.0005100 secs] 22006K->7065K(53952K), 0.0005380 secs] [Times: user=0.00 sys=0.00, real=0.00 secs] 
26.714: Total time for which application threads were stopped: 0.0006450 seconds, Stopping threads took: 0.0000550 seconds
26.780: Application time: 0.0662070 seconds
26.780: [GC26.780: [ParNew: 15383K->428K(16640K), 0.0004400 secs] 21911K->6955K(53952K), 0.0004670 secs] [Times: user=0.00 sys=0.00, real=0.00 secs] 
26.781: Total time for which application threads were stopped: 0.0005870 seconds, Stopping threads took: 0.0000650 seconds
26.845: Application time: 0.0639910 seconds
26.845: [GC26.845: [ParNew: 15272K->615K(16640K), 0.0003860 secs] 21800K->7143K(53952K), 0.0004110 secs] [Times: user=0.00 sys=0.00, real=0.00 secs] 
26.845: Total time for which application threads were stopped: 0.0005370 seconds, Stopping threads took: 0.0000610 seconds
26.906: Application time: 0.0606360 seconds
26.906: [GC26.906: [ParNew: 15460K->1174K(16640K), 0.0005090 secs] 21988K->7702K(53952K), 0.0005370 secs] [Times: user=0.00 sys=0.00, real=0.00 secs] 
26.907: Total time for which application threads were stopped: 0.0006540 seconds, Stopping threads took: 0.0000580 seconds
26.972: Application time: 0.0648810 seconds
26.972: [GC26.972: [ParNew: 16019K->1067K(16640K), 0.0005480 secs] 22547K->7786K(53952K), 0.0005750 secs] [Times: user=0.01 sys=0.00, real=0.00 secs] 
26.972: Total time for which application threads were stopped: 0.0006880 seconds, Stopping threads took: 0.0000610 seconds
27.041: Application time: 0.0688880 seconds
27.041: [GC27.041: [ParNew: 15913K->868K(16640K), 0.0004540 secs] 22631K->7776K(53952K), 0.0004800 secs] [Times: user=0.00 sys=0.00, real=0.00 secs] 
27.042: Total time for which application threads were stopped: 0.0005990 seconds, Stopping threads took: 0.0000640 seconds
27.109: Application time: 0.0671000 seconds
27.109: [GC27.109: [ParNew: 15715K->854K(16640K), 0.0005000 secs] 22623K->7762K(53952K), 0.0005360 secs] [Times: user=0.00 sys=0.00, real=0.00 secs] 
27.109: Total time for which application threads were stopped: 0.0006800 seconds, Stopping threads took: 0.0000860 seconds
27.177: Application time: 0.0671270 seconds
27.177: [GC27.177: [ParNew: 15701K->862K(16640K), 0.0004520 secs] 22609K->7770K(53952K), 0.0004780 secs] [Times: user=0.01 sys=0.00, real=0.00 secs] 
27.177: Total time for which application threads were stopped: 0.0005960 seconds, Stopping threads took: 0.0000610 seconds
27.244: Application time: 0.0669750 seconds
27.244: [GC27.244: [ParNew: 15709K->913K(16640K), 0.0004450 secs] 22617K->7821K(53952K), 0.0004700 secs] [Times: user=0.01 sys=0.00, real=0.00 secs] 
27.245: Total time for which application threads were stopped: 0.0006050 seconds, Stopping threads took: 0.0000790 seconds
27.312: Application time: 0.0670830 seconds
27.312: [GC27.312: [ParNew: 15760K->277K(16640K), 0.0005430 secs] 22668K->7756K(53952K), 0.0005700 secs] [Times: user=0.00 sys=0.00, real=0.00 secs] 
27.313: Total time for which application threads were stopped: 0.0006810 seconds, Stopping threads took: 0.0000520 seconds
27.380: Application time: 0.0678240 seconds
27.380: [GC27.381: [ParNew: 15123K->0K(16640K), 0.0003540 secs] 22601K->7668K(53952K), 0.0003810 secs] [Times: user=0.00 sys=0.00, real=0.00 secs] 
27.381: Total time for which application threads were stopped: 0.0004930 seconds, Stopping threads took: 0.0000490 seconds
27.448: Application time: 0.0675970 seconds
27.449: [GC27.449: [ParNew: 14847K->0K(16640K), 0.0002860 secs] 22515K->7668K(53952K), 0.0003100 secs] [Times: user=0.00 sys=0.00, real=0.00 secs] 
27.449: Total time for which application threads were stopped: 0.0004180 seconds, Stopping threads took: 0.0000540 seconds
27.517: Application time: 0.0678180 seconds
27.517: [GC27.517: [ParNew: 14847K->0K(16640K), 0.0002990 secs] 22515K->7668K(53952K), 0.0003240 secs] [Times: user=0.00 sys=0.00, real=0.00 secs] 
27.517: Total time for which application threads were stopped: 0.0004350 seconds, Stopping threads took: 0.0000620 seconds
27.585: Application time: 0.0678430 seconds
27.585: [GC27.585: [ParNew: 14847K->0K(16640K), 0.0003600 secs] 22515K->7668K(53952K), 0.0003860 secs] [Times: user=0.00 sys=0.00, real=0.00 secs] 
27.586: Total time for which application threads were stopped: 0.0004940 seconds, Stopping threads took: 0.0000520 seconds
27.653: Application time: 0.0676840 seconds
27.653: [GC27.653: [ParNew: 14847K->0K(16640K), 0.0003450 secs] 22515K->7668K(53952K), 0.0003710 secs] [Times: user=0.00 sys=0.00, real=0.00 secs] 
27.654: Total time for which application threads were stopped: 0.0004720 seconds, Stopping threads took: 0.0000470 seconds
27.701: Application time: 0.0471450 seconds
27.701: [GC27.701: [ParNew: 14843K->200K(16640K), 0.0003890 secs] 22511K->7868K(53952K), 0.0004130 secs] [Times: user=0.00 sys=0.00, real=0.00 secs] 
27.701: Total time for which application threads were stopped: 0.0005210 seconds, Stopping threads took: 0.0000530 seconds
27.766: Application time: 0.0651410 seconds
27.767: [GC27.767: [ParNew: 15047K->198K(16640K), 0.0003360 secs] 22716K->7867K(53952K), 0.0003660 secs] [Times: user=0.00 sys=0.00, real=0.00 secs] 
27.767: Total time for which application threads were stopped: 0.0004770 seconds, Stopping threads took: 0.0000610 seconds
27.821: Application time: 0.0537240 seconds
27.821: [GC27.821: [ParNew: 15046K->387K(16640K), 0.0003600 secs] 22714K->8055K(53952K), 0.0003870 secs] [Times: user=0.00 sys=0.00, real=0.00 secs] 
27.821: Total time for which application threads were stopped: 0.0004970 seconds, Stopping threads took: 0.0000580 seconds
27.880: Application time: 0.0591700 seconds
27.880: [GC27.880: [ParNew: 15233K->395K(16640K), 0.0003940 secs] 22901K->8064K(53952K), 0.0004210 secs] [Times: user=0.01 sys=0.00, real=0.00 secs] 
27.881: Total time for which application threads were stopped: 0.0005440 seconds, Stopping threads took: 0.0000670 seconds
27.938: Application time: 0.0566510 seconds
27.938: [GC27.938: [ParNew: 15241K->589K(16640K), 0.0003760 secs] 22909K->8257K(53952K), 0.0004100 secs] [Times: user=0.00 sys=0.00, real=0.00 secs] 
27.938: Total time for which application threads were stopped: 0.0005220 seconds, Stopping threads took: 0.0000460 seconds
27.994: Application time: 0.0561020 seconds
27.994: [GC27.994: [ParNew: 15436K->610K(16640K), 0.0003650 secs] 23105K->8278K(53952K), 0.0003920 secs] [Times: user=0.00 sys=0.00, real=0.00 secs] 
27.995: Total time for which application threads were stopped: 0.0005080 seconds, Stopping threads took: 0.0000610 seconds
28.059: Application time: 0.0646440 seconds
28.059: [GC28.059: [ParNew: 15457K->649K(16640K), 0.0004310 secs] 23125K->8318K(53952K), 0.0004580 secs] [Times: user=0.00 sys=0.00, real=0.00 secs] 
28.060: Total time for which application threads were stopped: 0.0006110 seconds, Stopping threads took: 0.0000940 seconds
28.124: Application time: 0.0640070 seconds
28.124: [GC28.124: [ParNew: 15497K->662K(16640K), 0.0004950 secs] 23165K->8331K(53952K), 0.0005190 secs] [Times: user=0.00 sys=0.00, real=0.00 secs] 
28.125: Total time for which application threads were stopped: 0.0006200 seconds, Stopping threads took: 0.0000520 seconds
28.174: Application time: 0.0493340 seconds
28.174: [GC28.174: [ParNew: 15506K->1269K(16640K), 0.0005130 secs] 23175K->8938K(53952K), 0.0005400 secs] [Times: user=0.00 sys=0.00, real=0.00 secs] 
28.175: Total time for which application threads were stopped: 0.0006420 seconds, Stopping threads took: 0.0000460 seconds
28.206: Application time: 0.0311270 seconds
28.206: [GC28.206: [ParNew: 16116K->1023K(16640K), 0.0006020 secs] 23785K->9101K(53952K), 0.0006280 secs] [Times: user=0.00 sys=0.00, real=0.00 secs] 
28.206: Total time for which application threads were stopped: 0.0007360 seconds, Stopping threads took: 0.0000500 seconds
28.244: Application time: 0.0372090 seconds
28.244: [GC28.244: [ParNew: 15867K->1423K(16640K), 0.0005890 secs] 23945K->9501K(53952K), 0.0006160 secs] [Times: user=0.00 sys=0.00, real=0.00 secs] 
28.244: Total time for which application threads were stopped: 0.0007320 seconds, Stopping threads took: 0.0000580 seconds
28.287: Application time: 0.0424840 seconds
28.287: [GC28.287: [ParNew: 16270K->1474K(16640K), 0.0006260 secs] 24347K->9827K(53952K), 0.0006520 secs] [Times: user=0.00 sys=0.00, real=0.01 secs] 
28.288: Total time for which application threads were stopped: 0.0007600 seconds, Stopping threads took: 0.0000500 seconds
28.345: Application time: 0.0572340 seconds
28.345: [GC28.345: [ParNew: 16319K->689K(16640K), 0.0005950 secs] 24673K->9918K(53952K), 0.0006200 secs] [Times: user=0.00 sys=0.00, real=0.00 secs] 
28.346: Total time for which application threads were stopped: 0.0007250 seconds, Stopping threads took: 0.0000480 seconds
28.408: Application time: 0.0622960 seconds
28.408: [GC28.408: [ParNew: 15536K->639K(16640K), 0.0004020 secs] 24765K->9867K(53952K), 0.0004290 secs] [Times: user=0.00 sys=0.00, real=0.00 secs] 
28.408: Total time for which application threads were stopped: 0.0005500 seconds, Stopping threads took: 0.0000620 seconds
28.474: Application time: 0.0653430 seconds
28.474: [GC28.474: [ParNew: 15486K->620K(16640K), 0.0003920 secs] 24715K->9849K(53952K), 0.0004190 secs] [Times: user=0.00 sys=0.00, real=0.00 secs] 
28.474: Total time for which application threads were stopped: 0.0005380 seconds, Stopping threads took: 0.0000560 seconds
28.541: Application time: 0.0663720 seconds
28.541: [GC28.541: [ParNew: 15465K->655K(16640K), 0.0003820 secs] 24694K->9884K(53952K), 0.0004080 secs] [Times: user=0.00 sys=0.00, real=0.00 secs] 
28.541: Total time for which application threads were stopped: 0.0005270 seconds, Stopping threads took: 0.0000630 seconds
28.603: Application time: 0.0620220 seconds
28.603: [GC28.603: [ParNew: 15500K->1206K(16640K), 0.0005470 secs] 24728K->10434K(53952K), 0.0005710 secs] [Times: user=0.00 sys=0.00, real=0.00 secs] 
28.604: Total time for which application threads were stopped: 0.0006830 seconds, Stopping threads took: 0.0000550 seconds
28.666: Application time: 0.0624340 seconds
28.666: [GC28.667: [ParNew: 16052K->917K(16640K), 0.0005250 secs] 25281K->10526K(53952K), 0.0005610 secs] [Times: user=0.00 sys=0.00, real=0.01 secs] 
28.667: Total time for which application threads were stopped: 0.0007030 seconds, Stopping threads took: 0.0000910 seconds
28.732: Application time: 0.0648750 seconds
28.732: [GC28.732: [ParNew: 15764K->1078K(16640K), 0.0004630 secs] 25372K->10687K(53952K), 0.0004900 secs] [Times: user=0.00 sys=0.00, real=0.00 secs] 
28.733: Total time for which application threads were stopped: 0.0006050 seconds, Stopping threads took: 0.0000590 seconds
28.799: Application time: 0.0668980 seconds
28.800: [GC28.800: [ParNew: 15925K->911K(16640K), 0.0005190 secs] 25534K->10710K(53952K), 0.0005460 secs] [Times: user=0.01 sys=0.00, real=0.00 secs] 
28.800: Total time for which application threads were stopped: 0.0006620 seconds, Stopping threads took: 0.0000580 seconds
28.867: Application time: 0.0670670 seconds
28.867: [GC28.867: [ParNew: 15758K->878K(16640K), 0.0004420 secs] 25557K->10677K(53952K), 0.0004680 secs] [Times: user=0.01 sys=0.00, real=0.00 secs] 
28.868: Total time for which application threads were stopped: 0.0005660 seconds, Stopping threads took: 0.0000480 seconds
28.934: Application time: 0.0666980 seconds
28.935: [GC28.935: [ParNew: 15726K->867K(16640K), 0.0010230 secs] 25525K->10666K(53952K), 0.0010520 secs] [Times: user=0.01 sys=0.00, real=0.00 secs] 
28.936: Total time for which application threads were stopped: 0.0011630 seconds, Stopping threads took: 0.0000550 seconds
29.002: Application time: 0.0668630 seconds
29.003: [GC29.003: [ParNew: 15714K->919K(16640K), 0.0004220 secs] 25513K->10718K(53952K), 0.0004530 secs] [Times: user=0.00 sys=0.00, real=0.00 secs] 
29.003: Total time for which application threads were stopped: 0.0005830 seconds, Stopping threads took: 0.0000620 seconds
29.070: Application time: 0.0670450 seconds
29.070: [GC29.070: [ParNew: 15767K->282K(16640K), 0.0004720 secs] 25565K->10651K(53952K), 0.0004980 secs] [Times: user=0.00 sys=0.00, real=0.00 secs] 
29.071: Total time for which application threads were stopped: 0.0006050 seconds, Stopping threads took: 0.0000550 seconds
29.138: Application time: 0.0676960 seconds
29.139: [GC29.139: [ParNew: 15130K->0K(16640K), 0.0003650 secs] 25499K->10559K(53952K), 0.0003920 secs] [Times: user=0.00 sys=0.00, real=0.00 secs] 
29.139: Total time for which application threads were stopped: 0.0005040 seconds, Stopping threads took: 0.0000550 seconds
29.207: Application time: 0.0677710 seconds
29.207: [GC29.207: [ParNew: 14847K->0K(16640K), 0.0002850 secs] 25406K->10559K(53952K), 0.0003110 secs] [Times: user=0.00 sys=0.00, real=0.01 secs] 
29.207: Total time for which application threads were stopped: 0.0004270 seconds, Stopping threads took: 0.0000600 seconds
29.275: Application time: 0.0677510 seconds
29.275: [GC29.275: [ParNew: 14847K->0K(16640K), 0.0002760 secs] 25406K->10559K(53952K), 0.0003040 secs] [Times: user=0.00 sys=0.00, real=0.00 secs] 
29.275: Total time for which application threads were stopped: 0.0004020 seconds, Stopping threads took: 0.0000480 seconds
29.343: Application time: 0.0675660 seconds
29.343: [GC29.343: [ParNew: 14847K->0K(16640K), 0.0003180 secs] 25406K->10559K(53952K), 0.0003460 secs] [Times: user=0.00 sys=0.00, real=0.00 secs] 
29.343: Total time for which application threads were stopped: 0.0004570 seconds, Stopping threads took: 0.0000550 seconds
29.403: Application time: 0.0597170 seconds
29.403: [GC29.403: [ParNew: 14845K->194K(16640K), 0.0003060 secs] 25404K->10753K(53952K), 0.0003320 secs] [Times: user=0.00 sys=0.00, real=0.00 secs] 
29.403: Total time for which application threads were stopped: 0.0004490 seconds, Stopping threads took: 0.0000610 seconds
29.458: Application time: 0.0544890 seconds
29.458: [GC29.458: [ParNew: 15041K->198K(16640K), 0.0003310 secs] 25600K->10757K(53952K), 0.0003570 secs] [Times: user=0.00 sys=0.00, real=0.00 secs] 
29.458: Total time for which application threads were stopped: 0.0004710 seconds, Stopping threads took: 0.0000570 seconds
29.525: Application time: 0.0664460 seconds
29.525: [GC29.525: [ParNew: 15042K->198K(16640K), 0.0003840 secs] 25601K->10757K(53952K), 0.0004170 secs] [Times: user=0.00 sys=0.00, real=0.00 secs] 
29.525: Total time for which application threads were stopped: 0.0005230 seconds, Stopping threads took: 0.0000460 seconds
29.584: Application time: 0.0585170 seconds
29.584: [GC29.584: [ParNew: 15042K->389K(16640K), 0.0003450 secs] 25601K->10948K(53952K), 0.0003720 secs] [Times: user=0.00 sys=0.00, real=0.00 secs] 
29.584: Total time for which application threads were stopped: 0.0004830 seconds, Stopping threads took: 0.0000520 seconds
29.640: Application time: 0.0552190 seconds
29.640: [GC29.640: [ParNew: 15237K->403K(16640K), 0.0003410 secs] 25796K->10962K(53952K), 0.0003660 secs] [Times: user=0.00 sys=0.00, real=0.00 secs] 
29.640: Total time for which application threads were stopped: 0.0004680 seconds, Stopping threads took: 0.0000440 seconds
29.692: Application time: 0.0518640 seconds
29.692: [GC29.692: [ParNew: 15247K->587K(16640K), 0.0004300 secs] 25806K->11146K(53952K), 0.0004560 secs] [Times: user=0.01 sys=0.00, real=0.00 secs] 
29.693: Total time for which application threads were stopped: 0.0005770 seconds, Stopping threads took: 0.0000650 seconds
29.752: Application time: 0.0595890 seconds
29.752: [GC29.752: [ParNew: 15431K->620K(16640K), 0.0004330 secs] 25990K->11179K(53952K), 0.0004600 secs] [Times: user=0.00 sys=0.00, real=0.00 secs] 
29.753: Total time for which application threads were stopped: 0.0005670 seconds, Stopping threads took: 0.0000490 seconds
29.817: Application time: 0.0638300 seconds
29.817: [GC29.817: [ParNew: 15468K->648K(16640K), 0.0004280 secs] 26027K->11207K(53952K), 0.0004540 secs] [Times: user=0.00 sys=0.00, real=0.00 secs] 
29.817: Total time for which application threads were stopped: 0.0005610 seconds, Stopping threads took: 0.0000550 seconds
29.882: Application time: 0.0647790 seconds
29.882: [GC29.882: [ParNew: 15494K->687K(16640K), 0.0004190 secs] 26053K->11246K(53952K), 0.0004450 secs] [Times: user=0.00 sys=0.00, real=0.00 secs] 
29.882: Total time for which application threads were stopped: 0.0005690 seconds, Stopping threads took: 0.0000700 seconds
29.924: Application time: 0.0412410 seconds
29.924: [GC29.924: [ParNew: 15533K->1300K(16640K), 0.0005130 secs] 26092K->11859K(53952K), 0.0005390 secs] [Times: user=0.01 sys=0.00, real=0.00 secs] 
29.924: Total time for which application threads were stopped: 0.0006390 seconds, Stopping threads took: 0.0000470 seconds
29.957: Application time: 0.0326200 seconds
29.957: [GC29.957: [ParNew: 16144K->1065K(16640K), 0.0005660 secs] 26703K->12032K(53952K), 0.0005930 secs] [Times: user=0.01 sys=0.00, real=0.00 secs] 
29.958: Total time for which application threads were stopped: 0.0006970 seconds, Stopping threads took: 0.0000460 seconds
29.994: Application time: 0.0360410 seconds
29.994: Total time for which application threads were stopped: 0.0000880 seconds, Stopping threads took: 0.0000650 seconds
29.994: Application time: 0.0000450 seconds
29.994: [GC29.994: [ParNew: 15999K->1714K(16640K), 0.0006170 secs] 26966K->12682K(53952K), 0.0006440 secs] [Times: user=0.01 sys=0.00, real=0.00 secs] 
29.995: Total time for which application threads were stopped: 0.0007130 seconds, Stopping threads took: 0.0000290 seconds
30.040: Application time: 0.0457370 seconds
30.040: [GC30.040: [ParNew: 16558K->1284K(16640K), 0.0006440 secs] 27526K->12833K(53952K), 0.0006710 secs] [Times: user=0.01 sys=0.00, real=0.00 secs] 
30.041: Total time for which application threads were stopped: 0.0008020 seconds, Stopping threads took: 0.0000610 seconds
30.101: Application time: 0.0603570 seconds
30.102: [GC30.102: [ParNew: 16128K->688K(16640K), 0.0006700 secs] 27677K->12998K(53952K), 0.0006980 secs] [Times: user=0.00 sys=0.00, real=0.00 secs] 
30.102: Total time for which application threads were stopped: 0.0008210 seconds, Stopping threads took: 0.0000580 seconds
30.167: Application time: 0.0647910 seconds
30.167: [GC30.167: [ParNew: 15535K->699K(16640K), 0.0003990 secs] 27845K->13009K(53952K), 0.0004350 secs] [Times: user=0.00 sys=0.00, real=0.00 secs] 
30.168: Total time for which application threads were stopped: 0.0005670 seconds, Stopping threads took: 0.0000800 seconds
30.234: Application time: 0.0663810 seconds
30.234: [GC30.234: [ParNew: 15544K->613K(16640K), 0.0004480 secs] 27854K->12923K(53952K), 0.0004750 secs] [Times: user=0.00 sys=0.00, real=0.00 secs] 
30.235: Total time for which application threads were stopped: 0.0005980 seconds, Stopping threads took: 0.0000720 seconds
30.300: Application time: 0.0654340 seconds
30.300: [GC30.300: [ParNew: 15461K->622K(16640K), 0.0003930 secs] 27770K->12931K(53952K), 0.0004180 secs] [Times: user=0.00 sys=0.00, real=0.00 secs] 
30.301: Total time for which application threads were stopped: 0.0005320 seconds, Stopping threads took: 0.0000570 seconds
30.362: Application time: 0.0611010 seconds
30.362: [GC30.362: [ParNew: 15469K->1230K(16640K), 0.0005190 secs] 27779K->13539K(53952K), 0.0005460 secs] [Times: user=0.00 sys=0.00, real=0.00 secs] 
30.362: Total time for which application threads were stopped: 0.0006520 seconds, Stopping threads took: 0.0000460 seconds
30.425: Application time: 0.0624530 seconds
30.425: [GC30.425: [ParNew: 16078K->1110K(16640K), 0.0005180 secs] 28387K->13610K(53952K), 0.0005450 secs] [Times: user=0.01 sys=0.00, real=0.00 secs] 
30.425: Total time for which application threads were stopped: 0.0006390 seconds, Stopping threads took: 0.0000410 seconds
30.491: Application time: 0.0657280 seconds
30.491: [GC30.491: [ParNew: 15954K->734K(16640K), 0.0005170 secs] 28455K->13615K(53952K), 0.0005430 secs] [Times: user=0.00 sys=0.00, real=0.00 secs] 
30.492: Total time for which application threads were stopped: 0.0006570 seconds, Stopping threads took: 0.0000560 seconds
30.559: Application time: 0.0672670 seconds
30.559: [GC30.559: [ParNew: 15580K->655K(16640K), 0.0003890 secs] 28460K->13535K(53952K), 0.0004140 secs] [Times: user=0.00 sys=0.00, real=0.00 secs] 
30.560: Total time for which application threads were stopped: 0.0005360 seconds, Stopping threads took: 0.0000560 seconds
30.627: Application time: 0.0670510 seconds
30.627: [GC30.627: [ParNew: 15502K->617K(16640K), 0.0003920 secs] 28383K->13498K(53952K), 0.0004160 secs] [Times: user=0.00 sys=0.00, real=0.01 secs] 
30.627: Total time for which application threads were stopped: 0.0005160 seconds, Stopping threads took: 0.0000480 seconds
30.694: Application time: 0.0670490 seconds
30.694: [GC30.694: [ParNew: 15465K->631K(16640K), 0.0003970 secs] 28345K->13511K(53952K), 0.0004240 secs] [Times: user=0.00 sys=0.00, real=0.00 secs] 
30.695: Total time for which application threads were stopped: 0.0005500 seconds, Stopping threads took: 0.0000670 seconds
30.762: Application time: 0.0667810 seconds
30.762: [GC30.762: [ParNew: 15478K->624K(16640K), 0.0004360 secs] 28359K->13505K(53952K), 0.0004630 secs] [Times: user=0.00 sys=0.00, real=0.00 secs] 
30.762: Total time for which application threads were stopped: 0.0005830 seconds, Stopping threads took: 0.0000620 seconds
30.829: Application time: 0.0668330 seconds
30.829: [GC30.829: [ParNew: 15472K->264K(16640K), 0.0005320 secs] 28352K->13525K(53952K), 0.0005580 secs] [Times: user=0.01 sys=0.00, real=0.00 secs] 
30.830: Total time for which application threads were stopped: 0.0006920 seconds, Stopping threads took: 0.0000820 seconds
30.897: Application time: 0.0670210 seconds
30.897: [GC30.897: [ParNew: 15112K->0K(16640K), 0.0003530 secs] 28372K->13450K(53952K), 0.0003800 secs] [Times: user=0.00 sys=0.00, real=0.00 secs] 
30.897: Total time for which application threads were stopped: 0.0004960 seconds, Stopping threads took: 0.0000590 seconds
30.965: Application time: 0.0676860 seconds
30.965: [GC30.965: [ParNew: 14845K->0K(16640K), 0.0002850 secs] 28295K->13450K(53952K), 0.0003120 secs] [Times: user=0.00 sys=0.00, real=0.00 secs] 
30.965: Total time for which application threads were stopped: 0.0004440 seconds, Stopping threads took: 0.0000740 seconds
31.034: Application time: 0.0683670 seconds
31.034: [GC31.034: [ParNew: 14845K->0K(16640K), 0.0003940 secs] 28295K->13450K(53952K), 0.0004280 secs] [Times: user=0.00 sys=0.00, real=0.00 secs] 
31.034: Total time for which application threads were stopped: 0.0005260 seconds, Stopping threads took: 0.0000470 seconds
31.101: Application time: 0.0670350 seconds
31.101: [GC31.101: [ParNew: 14847K->0K(16640K), 0.0003620 secs] 28297K->13450K(53952K), 0.0003890 secs] [Times: user=0.00 sys=0.00, real=0.00 secs] 
31.102: Total time for which application threads were stopped: 0.0005300 seconds, Stopping threads took: 0.0000730 seconds
31.153: Application time: 0.0514510 seconds
31.153: [GC31.153: [ParNew: 14844K->194K(16640K), 0.0003110 secs] 28295K->13644K(53952K), 0.0003380 secs] [Times: user=0.00 sys=0.00, real=0.00 secs] 
31.154: Total time for which application threads were stopped: 0.0004610 seconds, Stopping threads took: 0.0000630 seconds
31.215: Application time: 0.0614220 seconds
31.215: [GC31.215: [ParNew: 15040K->198K(16640K), 0.0003170 secs] 28491K->13649K(53952K), 0.0003440 secs] [Times: user=0.01 sys=0.00, real=0.00 secs] 
31.216: Total time for which application threads were stopped: 0.0004460 seconds, Stopping threads took: 0.0000450 seconds
31.281: Application time: 0.0655400 seconds
31.283: [GC31.283: [ParNew: 15046K->200K(16640K), 0.0003810 secs] 28496K->13650K(53952K), 0.0004080 secs] [Times: user=0.01 sys=0.00, real=0.00 secs] 
31.284: Total time for which application threads were stopped: 0.0024090 seconds, Stopping threads took: 0.0019480 seconds
31.339: Application time: 0.0557490 seconds
31.339: [GC31.339: [ParNew: 15045K->385K(16640K), 0.0004020 secs] 28496K->13835K(53952K), 0.0004290 secs] [Times: user=0.01 sys=0.00, real=0.00 secs] 
31.340: Total time for which application threads were stopped: 0.0005410 seconds, Stopping threads took: 0.0000560 seconds
31.393: Application time: 0.0529390 seconds
31.393: [GC31.393: [ParNew: 15233K->577K(16640K), 0.0003950 secs] 28683K->14027K(53952K), 0.0004210 secs] [Times: user=0.00 sys=0.00, real=0.00 secs] 
31.393: Total time for which application threads were stopped: 0.0005290 seconds, Stopping threads took: 0.0000510 seconds
31.442: Application time: 0.0490800 seconds
31.443: [GC31.443: [ParNew: 15423K->634K(16640K), 0.0004000 secs] 28873K->14084K(53952K), 0.0004260 secs] [Times: user=0.00 sys=0.00, real=0.00 secs] 
31.443: Total time for which application threads were stopped: 0.0005500 seconds, Stopping threads took: 0.0000670 seconds
31.507: Application time: 0.0644870 seconds
31.508: [GC31.508: [ParNew: 15481K->628K(16640K), 0.0004640 secs] 28931K->14078K(53952K), 0.0004910 secs] [Times: user=0.01 sys=0.00, real=0.00 secs] 
31.508: Total time for which application threads were stopped: 0.0006170 seconds, Stopping threads took: 0.0000680 seconds
31.572: Application time: 0.0644240 seconds
31.573: [GC31.573: [ParNew: 15476K->657K(16640K), 0.0004080 secs] 28926K->14107K(53952K), 0.0004340 secs] [Times: user=0.01 sys=0.00, real=0.00 secs] 
31.573: Total time for which application threads were stopped: 0.0005480 seconds, Stopping threads took: 0.0000630 seconds
31.633: Application time: 0.0595360 seconds
31.633: [GC31.633: [ParNew: 15504K->898K(16640K), 0.0004510 secs] 28954K->14348K(53952K), 0.0004770 secs] [Times: user=0.00 sys=0.00, real=0.00 secs] 
31.633: Total time for which application threads were stopped: 0.0006060 seconds, Stopping threads took: 0.0000620 seconds
31.675: Application time: 0.0413700 seconds
31.675: [GC31.675: [ParNew: 15742K->1388K(16640K), 0.0005550 secs] 29192K->14839K(53952K), 0.0005800 secs] [Times: user=0.01 sys=0.00, real=0.00 secs] 
31.675: Total time for which application threads were stopped: 0.0007170 seconds, Stopping threads took: 0.0000830 seconds
31.707: Application time: 0.0319380 seconds
31.707: [GC31.707: [ParNew: 16235K->1253K(16640K), 0.0007150 secs] 29686K->15112K(53952K), 0.0007420 secs] [Times: user=0.01 sys=0.00, real=0.00 secs] 
31.708: Total time for which application threads were stopped: 0.0008800 seconds, Stopping threads took: 0.0000770 seconds
31.746: Application time: 0.0375440 seconds
31.746: [GC31.746: [ParNew: 16098K->1518K(16640K), 0.0006050 secs] 29957K->15595K(53952K), 0.0006410 secs] [Times: user=0.01 sys=0.00, real=0.00 secs] 
31.746: Total time for which application threads were stopped: 0.0007520 seconds, Stopping threads took: 0.0000530 seconds
31.797: Application time: 0.0508800 seconds
31.797: [GC31.797: [ParNew: 16364K->909K(16640K), 0.0006310 secs] 30442K->15540K(53952K), 0.0006580 secs] [Times: user=0.01 sys=0.00, real=0.00 secs] 
31.798: Total time for which application threads were stopped: 0.0007500 seconds, Stopping threads took: 0.0000370 seconds
31.859: Application time: 0.0611030 seconds
31.859: [GC31.859: [ParNew: 15753K->1330K(16640K), 0.0006090 secs] 30384K->15960K(53952K), 0.0006350 secs] [Times: user=0.00 sys=0.00, real=0.00 secs] 
31.860: Total time for which application threads were stopped: 0.0007570 seconds, Stopping threads took: 0.0000630 seconds
31.925: Application time: 0.0648940 seconds
31.925: [GC31.925: [ParNew: 16175K->742K(16640K), 0.0006230 secs] 30806K->15943K(53952K), 0.0006500 secs] [Times: user=0.00 sys=0.00, real=0.00 secs] 
31.926: Total time for which application threads were stopped: 0.0007670 seconds, Stopping threads took: 0.0000660 seconds
31.990: Application time: 0.0648220 seconds
31.990: [GC31.990: [ParNew: 15589K->609K(16640K), 0.0004830 secs] 30790K->15810K(53952K), 0.0005090 secs] [Times: user=0.00 sys=0.00, real=0.00 secs] 
31.991: Total time for which application threads were stopped: 0.0006330 seconds, Stopping threads took: 0.0000690 seconds
32.055: Application time: 0.0641990 seconds
32.055: [GC32.055: [ParNew: 15454K->807K(16640K), 0.0004960 secs] 30654K->16008K(53952K), 0.0005220 secs] [Times: user=0.01 sys=0.00, real=0.00 secs] 
32.056: Total time for which application threads were stopped: 0.0006600 seconds, Stopping threads took: 0.0000810 seconds
32.117: Application time: 0.0608010 seconds
32.117: [GC32.117: [ParNew: 15654K->1222K(16640K), 0.0005660 secs] 30854K->16422K(53952K), 0.0005940 secs] [Times: user=0.00 sys=0.00, real=0.00 secs] 
32.117: Total time for which application threads were stopped: 0.0007000 seconds, Stopping threads took: 0.0000460 seconds
32.180: Application time: 0.0625510 seconds
32.180: [GC32.180: [ParNew: 16067K->1159K(16640K), 0.0004970 secs] 31268K->16550K(53952K), 0.0005240 secs] [Times: user=0.01 sys=0.00, real=0.00 secs] 
32.181: Total time for which application threads were stopped: 0.0006370 seconds, Stopping threads took: 0.0000500 seconds
32.247: Application time: 0.0668050 seconds
32.247: [GC32.247: [ParNew: 16007K->699K(16640K), 0.0005130 secs] 31398K->16470K(53952K), 0.0005400 secs] [Times: user=0.00 sys=0.00, real=0.00 secs] 
32.248: Total time for which application threads were stopped: 0.0006490 seconds, Stopping threads took: 0.0000520 seconds
32.315: Application time: 0.0670300 seconds
32.315: [GC32.315: [ParNew: 15546K->587K(16640K), 0.0004810 secs] 31317K->16358K(53952K), 0.0005080 secs] [Times: user=0.00 sys=0.00, real=0.00 secs] 
32.316: Total time for which application threads were stopped: 0.0006200 seconds, Stopping threads took: 0.0000530 seconds
32.382: Application time: 0.0666670 seconds
32.382: [GC32.382: [ParNew: 15434K->627K(16640K), 0.0003990 secs] 31205K->16398K(53952K), 0.0004250 secs] [Times: user=0.00 sys=0.00, real=0.00 secs] 
32.383: Total time for which application threads were stopped: 0.0005400 seconds, Stopping threads took: 0.0000640 seconds
32.450: Application time: 0.0668930 seconds
32.450: [GC32.450: [ParNew: 15474K->638K(16640K), 0.0003880 secs] 31245K->16408K(53952K), 0.0004150 secs] [Times: user=0.00 sys=0.00, real=0.00 secs] 
32.450: Total time for which application threads were stopped: 0.0005220 seconds, Stopping threads took: 0.0000510 seconds
32.518: Application time: 0.0677140 seconds
32.518: [GC32.518: [ParNew: 15483K->628K(16640K), 0.0003670 secs] 31254K->16399K(53952K), 0.0003930 secs] [Times: user=0.00 sys=0.00, real=0.00 secs] 
32.519: Total time for which application threads were stopped: 0.0005170 seconds, Stopping threads took: 0.0000700 seconds
32.586: Application time: 0.0670150 seconds
32.586: [GC32.586: [ParNew: 15475K->0K(16640K), 0.0004280 secs] 31246K->16341K(53952K), 0.0004620 secs] [Times: user=0.00 sys=0.00, real=0.00 secs] 
32.586: Total time for which application threads were stopped: 0.0005730 seconds, Stopping threads took: 0.0000590 seconds
32.654: Application time: 0.0677640 seconds
32.654: [GC32.654: [ParNew: 14847K->0K(16640K), 0.0003680 secs] 31188K->16341K(53952K), 0.0003960 secs] [Times: user=0.00 sys=0.00, real=0.00 secs] 
32.654: Total time for which application threads were stopped: 0.0004950 seconds, Stopping threads took: 0.0000430 seconds
32.722: Application time: 0.0676070 seconds
32.722: [GC32.722: [ParNew: 14847K->0K(16640K), 0.0002980 secs] 31188K->16341K(53952K), 0.0003260 secs] [Times: user=0.00 sys=0.00, real=0.00 secs] 
32.722: Total time for which application threads were stopped: 0.0004470 seconds, Stopping threads took: 0.0000570 seconds
32.790: Application time: 0.0676060 seconds
32.790: [GC32.790: [ParNew: 14847K->0K(16640K), 0.0018060 secs] 31188K->16341K(53952K), 0.0018390 secs] [Times: user=0.00 sys=0.00, real=0.00 secs] 
32.792: Total time for which application threads were stopped: 0.0019630 seconds, Stopping threads took: 0.0000700 seconds
32.857: Application time: 0.0645450 seconds
32.857: [GC32.857: [ParNew: 14847K->194K(16640K), 0.0003250 secs] 31188K->16535K(53952K), 0.0003520 secs] [Times: user=0.00 sys=0.00, real=0.00 secs] 
32.857: Total time for which application threads were stopped: 0.0004780 seconds, Stopping threads took: 0.0000690 seconds
32.907: Application time: 0.0496780 seconds
32.907: [GC32.907: [ParNew: 15038K->198K(16640K), 0.0003750 secs] 31379K->16539K(53952K), 0.0004010 secs] [Times: user=0.00 sys=0.00, real=0.01 secs] 
32.907: Total time for which application threads were stopped: 0.0005090 seconds, Stopping threads took: 0.0000510 seconds
32.972: Application time: 0.0652490 seconds
32.973: [GC32.973: [ParNew: 15043K->200K(16640K), 0.0003100 secs] 31384K->16541K(53952K), 0.0003350 secs] [Times: user=0.00 sys=0.00, real=0.00 secs] 
32.973: Total time for which application threads were stopped: 0.0004560 seconds, Stopping threads took: 0.0000700 seconds
33.040: Application time: 0.0666260 seconds
33.043: [GC33.043: [ParNew: 15047K->204K(16640K), 0.0004100 secs] 31388K->16545K(53952K), 0.0004380 secs] [Times: user=0.00 sys=0.00, real=0.00 secs] 
33.044: Total time for which application threads were stopped: 0.0039980 seconds, Stopping threads took: 0.0035040 seconds
33.091: Application time: 0.0476260 seconds
33.091: [GC33.091: [ParNew: 15050K->390K(16640K), 0.0003620 secs] 31391K->16731K(53952K), 0.0003880 secs] [Times: user=0.00 sys=0.00, real=0.00 secs] 
33.092: Total time for which application threads were stopped: 0.0005080 seconds, Stopping threads took: 0.0000630 seconds
33.148: Application time: 0.0562680 seconds
33.148: [GC33.148: [ParNew: 15235K->583K(16640K), 0.0004280 secs] 31576K->16924K(53952K), 0.0004500 secs] [Times: user=0.01 sys=0.00, real=0.00 secs] 
33.149: Total time for which application threads were stopped: 0.0005740 seconds, Stopping threads took: 0.0000670 seconds
33.203: Application time: 0.0539700 seconds
33.203: [GC33.203: [ParNew: 15428K->609K(16640K), 0.0003950 secs] 31769K->16950K(53952K), 0.0004190 secs] [Times: user=0.00 sys=0.00, real=0.00 secs] 
33.203: Total time for which application threads were stopped: 0.0005220 seconds, Stopping threads took: 0.0000410 seconds
33.268: Application time: 0.0649890 seconds
33.268: [GC33.268: [ParNew: 15456K->641K(16640K), 0.0004280 secs] 31797K->16982K(53952K), 0.0004540 secs] [Times: user=0.00 sys=0.00, real=0.00 secs] 
33.269: Total time for which application threads were stopped: 0.0005890 seconds, Stopping threads took: 0.0000660 seconds
33.333: Application time: 0.0645490 seconds
33.333: [GC33.333: [ParNew: 15485K->663K(16640K), 0.0005150 secs] 31826K->17004K(53952K), 0.0005440 secs] [Times: user=0.00 sys=0.00, real=0.00 secs] 
33.334: Total time for which application threads were stopped: 0.0006860 seconds, Stopping threads took: 0.0000790 seconds
33.387: Application time: 0.0533100 seconds
33.387: [GC33.387: [ParNew: 15511K->885K(16640K), 0.0004940 secs] 31852K->17226K(53952K), 0.0005210 secs] [Times: user=0.00 sys=0.00, real=0.00 secs] 
33.388: Total time for which application threads were stopped: 0.0006320 seconds, Stopping threads took: 0.0000540 seconds
33.433: Application time: 0.0453820 seconds
33.433: [GC33.433: [ParNew: 15731K->1501K(16640K), 0.0006260 secs] 32073K->17843K(53952K), 0.0006520 secs] [Times: user=0.00 sys=0.00, real=0.00 secs] 
33.434: Total time for which application threads were stopped: 0.0007770 seconds, Stopping threads took: 0.0000660 seconds
33.464: Application time: 0.0296230 seconds
33.464: [GC33.464: [ParNew: 16347K->1032K(16640K), 0.0007270 secs] 32688K->18001K(53952K), 0.0007560 secs] [Times: user=0.00 sys=0.00, real=0.00 secs] 
33.464: Total time for which application threads were stopped: 0.0008880 seconds, Stopping threads took: 0.0000740 seconds
33.503: Application time: 0.0381420 seconds
33.503: [GC33.503: [ParNew: 15879K->1509K(16640K), 0.0005830 secs] 32847K->18478K(53952K), 0.0006090 secs] [Times: user=0.00 sys=0.00, real=0.00 secs] 
33.503: Total time for which application threads were stopped: 0.0007110 seconds, Stopping threads took: 0.0000450 seconds
33.557: Application time: 0.0535080 seconds
33.557: [GC33.557: [ParNew: 16354K->1030K(16640K), 0.0005920 secs] 33322K->18551K(53952K), 0.0006200 secs] [Times: user=0.01 sys=0.00, real=0.00 secs] 
33.558: Total time for which application threads were stopped: 0.0007420 seconds, Stopping threads took: 0.0000620 seconds
33.620: Application time: 0.0628010 seconds
33.621: [GC33.621: [ParNew: 15874K->1056K(16640K), 0.0004430 secs] 33396K->18578K(53952K), 0.0004700 secs] [Times: user=0.00 sys=0.00, real=0.00 secs] 
33.621: Total time for which application threads were stopped: 0.0005910 seconds, Stopping threads took: 0.0000630 seconds
33.686: Application time: 0.0651200 seconds
33.686: [GC33.686: [ParNew: 15902K->558K(16640K), 0.0005140 secs] 33423K->18650K(53952K), 0.0005420 secs] [Times: user=0.00 sys=0.00, real=0.00 secs] 
33.687: Total time for which application threads were stopped: 0.0007020 seconds, Stopping threads took: 0.0001050 seconds
33.752: Application time: 0.0652550 seconds
33.752: [GC33.752: [ParNew: 15406K->413K(16640K), 0.0003620 secs] 33497K->18504K(53952K), 0.0003870 secs] [Times: user=0.00 sys=0.00, real=0.00 secs] 
33.753: Total time for which application threads were stopped: 0.0004880 seconds, Stopping threads took: 0.0000450 seconds
33.816: Application time: 0.0636190 seconds
33.816: [GC33.816: [ParNew: 15257K->639K(16640K), 0.0003760 secs] 33349K->18731K(53952K), 0.0004020 secs] [Times: user=0.01 sys=0.00, real=0.00 secs] 
33.817: Total time for which application threads were stopped: 0.0005230 seconds, Stopping threads took: 0.0000570 seconds
33.878: Application time: 0.0612300 seconds
33.878: [GC33.878: [ParNew: 15485K->1214K(16640K), 0.0004760 secs] 33577K->19305K(53952K), 0.0005020 secs] [Times: user=0.00 sys=0.00, real=0.00 secs] 
33.879: Total time for which application threads were stopped: 0.0006190 seconds, Stopping threads took: 0.0000670 seconds
33.942: Application time: 0.0635450 seconds
33.942: [GC33.942: [ParNew: 16060K->1055K(16640K), 0.0005790 secs] 34152K->19337K(53952K), 0.0006060 secs] [Times: user=0.00 sys=0.00, real=0.00 secs] 
33.943: Total time for which application threads were stopped: 0.0007410 seconds, Stopping threads took: 0.0000770 seconds
34.010: Application time: 0.0675420 seconds
34.011: [GC34.011: [ParNew: 15900K->885K(16640K), 0.0005620 secs] 34182K->19357K(53952K), 0.0005890 secs] [Times: user=0.00 sys=0.00, real=0.00 secs] 
34.012: Total time for which application threads were stopped: 0.0013200 seconds, Stopping threads took: 0.0006730 seconds
34.079: Application time: 0.0672530 seconds
34.079: [GC34.079: [ParNew: 15732K->860K(16640K), 0.0004840 secs] 34204K->19332K(53952K), 0.0005100 secs] [Times: user=0.00 sys=0.00, real=0.00 secs] 
34.080: Total time for which application threads were stopped: 0.0006360 seconds, Stopping threads took: 0.0000660 seconds
34.147: Application time: 0.0670800 seconds
34.147: [GC34.147: [ParNew: 15706K->852K(16640K), 0.0004120 secs] 34178K->19324K(53952K), 0.0004380 secs] [Times: user=0.00 sys=0.00, real=0.01 secs] 
34.147: Total time for which application threads were stopped: 0.0005670 seconds, Stopping threads took: 0.0000740 seconds
34.214: Application time: 0.0669200 seconds
34.214: [GC34.214: [ParNew: 15699K->869K(16640K), 0.0004360 secs] 34171K->19341K(53952K), 0.0004620 secs] [Times: user=0.00 sys=0.00, real=0.00 secs] 
34.215: Total time for which application threads were stopped: 0.0005830 seconds, Stopping threads took: 0.0000650 seconds
34.282: Application time: 0.0668100 seconds
34.282: [GC34.282: [ParNew: 15717K->471K(16640K), 0.0005330 secs] 34188K->19323K(53952K), 0.0005590 secs] [Times: user=0.00 sys=0.00, real=0.00 secs] 
34.282: Total time for which application threads were stopped: 0.0006650 seconds, Stopping threads took: 0.0000550 seconds
34.349: Application time: 0.0668820 seconds
34.349: [GC34.349: [ParNew: 15319K->0K(16640K), 0.0004270 secs] 34171K->19232K(53952K), 0.0004550 secs] [Times: user=0.01 sys=0.00, real=0.00 secs] 
34.350: Total time for which application threads were stopped: 0.0005720 seconds, Stopping threads took: 0.0000500 seconds
34.417: Application time: 0.0671490 seconds
34.417: [GC34.417: [ParNew: 14847K->0K(16640K), 0.0003150 secs] 34079K->19232K(53952K), 0.0003420 secs] [Times: user=0.00 sys=0.00, real=0.00 secs] 
34.417: Total time for which application threads were stopped: 0.0004840 seconds, Stopping threads took: 0.0000850 seconds
34.485: Application time: 0.0672660 seconds
34.485: [GC34.485: [ParNew: 14847K->0K(16640K), 0.0003710 secs] 34079K->19232K(53952K), 0.0003960 secs] [Times: user=0.00 sys=0.00, real=0.00 secs] 
34.485: Total time for which application threads were stopped: 0.0004950 seconds, Stopping threads took: 0.0000470 seconds
34.552: Application time: 0.0672030 seconds
34.552: [GC34.552: [ParNew: 14847K->0K(16640K), 0.0002940 secs] 34079K->19232K(53952K), 0.0003230 secs] [Times: user=0.00 sys=0.00, real=0.00 secs] 
34.553: Total time for which application threads were stopped: 0.0004470 seconds, Stopping threads took: 0.0000680 seconds
34.611: Application time: 0.0577720 seconds
34.611: [GC34.611: [ParNew: 14846K->194K(16640K), 0.0003070 secs] 34078K->19426K(53952K), 0.0003330 secs] [Times: user=0.00 sys=0.00, real=0.00 secs] 
34.611: Total time for which application threads were stopped: 0.0004360 seconds, Stopping threads took: 0.0000480 seconds
34.667: Application time: 0.0559980 seconds
34.667: [GC34.667: [ParNew: 15039K->196K(16640K), 0.0003750 secs] 34271K->19428K(53952K), 0.0004000 secs] [Times: user=0.00 sys=0.00, real=0.00 secs] 
34.667: Total time for which application threads were stopped: 0.0005120 seconds, Stopping threads took: 0.0000580 seconds
34.735: Application time: 0.0676230 seconds
34.735: [GC34.735: [ParNew: 15043K->198K(16640K), 0.0003370 secs] 34275K->19430K(53952K), 0.0003660 secs] [Times: user=0.01 sys=0.00, real=0.00 secs] 
34.736: Total time for which application threads were stopped: 0.0005030 seconds, Stopping threads took: 0.0000850 seconds
34.802: Application time: 0.0664190 seconds
34.802: [GC34.802: [ParNew: 15015K->258K(16640K), 0.0003420 secs] 34247K->19490K(53952K), 0.0003690 secs] [Times: user=0.00 sys=0.00, real=0.00 secs] 
34.803: Total time for which application threads were stopped: 0.0004910 seconds, Stopping threads took: 0.0000650 seconds
34.850: Application time: 0.0471320 seconds
34.850: [GC34.850: [ParNew: 15105K->398K(16640K), 0.0004270 secs] 34337K->19630K(53952K), 0.0004550 secs] [Times: user=0.00 sys=0.00, real=0.00 secs] 
34.850: Total time for which application threads were stopped: 0.0005650 seconds, Stopping threads took: 0.0000500 seconds
34.901: Application time: 0.0509800 seconds
34.901: [GC34.901: [ParNew: 15244K->586K(16640K), 0.0004070 secs] 34476K->19818K(53952K), 0.0004350 secs] [Times: user=0.00 sys=0.00, real=0.00 secs] 
34.902: Total time for which application threads were stopped: 0.0005640 seconds, Stopping threads took: 0.0000470 seconds
34.962: Application time: 0.0599930 seconds
34.962: [GC34.962: [ParNew: 15434K->617K(16640K), 0.0004630 secs] 34666K->19849K(53952K), 0.0004900 secs] [Times: user=0.00 sys=0.00, real=0.00 secs] 
34.962: Total time for which application threads were stopped: 0.0006080 seconds, Stopping threads took: 0.0000580 seconds
35.026: Application time: 0.0639680 seconds
35.026: [GC35.026: [ParNew: 15462K->639K(16640K), 0.0004090 secs] 34694K->19871K(53952K), 0.0004360 secs] [Times: user=0.00 sys=0.00, real=0.00 secs] 
35.027: Total time for which application threads were stopped: 0.0005490 seconds, Stopping threads took: 0.0000610 seconds
35.092: Application time: 0.0648020 seconds
35.092: [GC35.092: [ParNew: 15484K->686K(16640K), 0.0004490 secs] 34716K->19918K(53952K), 0.0004770 secs] [Times: user=0.00 sys=0.00, real=0.00 secs] 
35.092: Total time for which application threads were stopped: 0.0005910 seconds, Stopping threads took: 0.0000590 seconds
35.143: Application time: 0.0508610 seconds
35.143: [GC35.143: [ParNew: 15532K->927K(16640K), 0.0004470 secs] 34764K->20159K(53952K), 0.0004740 secs] [Times: user=0.01 sys=0.00, real=0.00 secs] 
35.144: Total time for which application threads were stopped: 0.0005950 seconds, Stopping threads took: 0.0000640 seconds
35.184: Application time: 0.0401540 seconds
35.184: [GC35.184: [ParNew: 15772K->1489K(16640K), 0.0005750 secs] 35004K->20721K(53952K), 0.0006010 secs] [Times: user=0.00 sys=0.00, real=0.00 secs] 
35.185: Total time for which application threads were stopped: 0.0007230 seconds, Stopping threads took: 0.0000670 seconds
35.215: Application time: 0.0307180 seconds
35.215: [GC35.215: [ParNew: 16337K->1337K(16640K), 0.0006810 secs] 35569K->21197K(53952K), 0.0007080 secs] [Times: user=0.00 sys=0.00, real=0.00 secs] 
35.216: Total time for which application threads were stopped: 0.0008160 seconds, Stopping threads took: 0.0000490 seconds
35.255: Application time: 0.0393160 seconds
35.256: [GC35.256: [ParNew: 16181K->1423K(16640K), 0.0006290 secs] 36041K->21311K(53952K), 0.0006540 secs] [Times: user=0.00 sys=0.00, real=0.00 secs] 
35.256: Total time for which application threads were stopped: 0.0007740 seconds, Stopping threads took: 0.0000630 seconds
35.314: Application time: 0.0577660 seconds
35.314: [GC35.314: [ParNew: 16270K->1168K(16640K), 0.0006660 secs] 36158K->21580K(53952K), 0.0006940 secs] [Times: user=0.01 sys=0.00, real=0.00 secs] 
35.315: Total time for which application threads were stopped: 0.0008140 seconds, Stopping threads took: 0.0000600 seconds
35.378: Application time: 0.0630410 seconds
35.379: [GC35.379: [ParNew: 16013K->465K(16640K), 0.0005800 secs] 36425K->21448K(53952K), 0.0006080 secs] [Times: user=0.00 sys=0.00, real=0.00 secs] 
35.380: Total time for which application threads were stopped: 0.0018440 seconds, Stopping threads took: 0.0011840 seconds
35.445: Application time: 0.0656970 seconds
35.446: [GC35.446: [ParNew: 15310K->429K(16640K), 0.0003610 secs] 36293K->21412K(53952K), 0.0003890 secs] [Times: user=0.00 sys=0.00, real=0.00 secs] 
35.446: Total time for which application threads were stopped: 0.0005160 seconds, Stopping threads took: 0.0000610 seconds
35.512: Application time: 0.0655870 seconds
35.512: [GC35.512: [ParNew: 15276K->415K(16640K), 0.0003970 secs] 36259K->21398K(53952K), 0.0004220 secs] [Times: user=0.00 sys=0.00, real=0.00 secs] 
35.512: Total time for which application threads were stopped: 0.0005330 seconds, Stopping threads took: 0.0000540 seconds
35.579: Application time: 0.0669000 seconds
35.579: [GC35.579: [ParNew: 15261K->606K(16640K), 0.0005260 secs] 36244K->21588K(53952K), 0.0005560 secs] [Times: user=0.00 sys=0.00, real=0.00 secs] 
35.580: Total time for which application threads were stopped: 0.0007260 seconds, Stopping threads took: 0.0001090 seconds
35.641: Application time: 0.0609090 seconds
35.641: [GC35.641: [ParNew: 15450K->1195K(16640K), 0.0005330 secs] 36433K->22178K(53952K), 0.0005600 secs] [Times: user=0.00 sys=0.00, real=0.00 secs] 
35.641: Total time for which application threads were stopped: 0.0006790 seconds, Stopping threads took: 0.0000620 seconds
35.707: Application time: 0.0656400 seconds
35.707: [GC35.707: [ParNew: 16043K->871K(16640K), 0.0005630 secs] 37026K->22234K(53952K), 0.0005890 secs] [Times: user=0.00 sys=0.00, real=0.00 secs] 
35.708: Total time for which application threads were stopped: 0.0007220 seconds, Stopping threads took: 0.0000720 seconds
35.775: Application time: 0.0676290 seconds
35.775: [GC35.775: [ParNew: 15716K->885K(16640K), 0.0004360 secs] 37079K->22248K(53952K), 0.0004630 secs] [Times: user=0.01 sys=0.00, real=0.00 secs] 
35.776: Total time for which application threads were stopped: 0.0005690 seconds, Stopping threads took: 0.0000550 seconds
35.843: Application time: 0.0670260 seconds
35.843: [GC35.843: [ParNew: 15732K->899K(16640K), 0.0004500 secs] 37095K->22262K(53952K), 0.0004770 secs] [Times: user=0.00 sys=0.00, real=0.00 secs] 
35.843: Total time for which application threads were stopped: 0.0005880 seconds, Stopping threads took: 0.0000570 seconds
35.910: Application time: 0.0668160 seconds
35.910: [GC35.910: [ParNew: 15746K->885K(16640K), 0.0004200 secs] 37109K->22248K(53952K), 0.0004480 secs] [Times: user=0.01 sys=0.00, real=0.00 secs] 
35.911: Total time for which application threads were stopped: 0.0005820 seconds, Stopping threads took: 0.0000760 seconds
35.978: Application time: 0.0670310 seconds
35.978: [GC35.978: [ParNew: 15732K->890K(16640K), 0.0004340 secs] 37095K->22253K(53952K), 0.0004610 secs] [Times: user=0.01 sys=0.00, real=0.00 secs] 
35.978: Total time for which application threads were stopped: 0.0005760 seconds, Stopping threads took: 0.0000520 seconds
36.045: Application time: 0.0669630 seconds
36.046: [GC36.046: [ParNew: 15737K->311K(16640K), 0.0005480 secs] 37100K->22244K(53952K), 0.0005770 secs] [Times: user=0.00 sys=0.00, real=0.00 secs] 
36.046: Total time for which application threads were stopped: 0.0006810 seconds, Stopping threads took: 0.0000490 seconds
36.113: Application time: 0.0672740 seconds
36.114: [GC36.114: [ParNew: 15158K->0K(16640K), 0.0003770 secs] 37091K->22123K(53952K), 0.0004040 secs] [Times: user=0.00 sys=0.00, real=0.00 secs] 
36.114: Total time for which application threads were stopped: 0.0005180 seconds, Stopping threads took: 0.0000580 seconds
36.182: Application time: 0.0675760 seconds
36.182: [GC36.182: [ParNew: 14847K->0K(16640K), 0.0003150 secs] 36970K->22123K(53952K), 0.0003420 secs] [Times: user=0.00 sys=0.00, real=0.00 secs] 
36.182: Total time for which application threads were stopped: 0.0004360 seconds, Stopping threads took: 0.0000410 seconds
36.249: Application time: 0.0675120 seconds
36.251: [GC36.251: [ParNew: 14847K->0K(16640K), 0.0002820 secs] 36970K->22123K(53952K), 0.0003090 secs] [Times: user=0.00 sys=0.00, real=0.00 secs] 
36.251: Total time for which application threads were stopped: 0.0019830 seconds, Stopping threads took: 0.0016210 seconds
36.319: Application time: 0.0673560 seconds
36.319: [GC36.319: [ParNew: 14847K->0K(16640K), 0.0002830 secs] 36970K->22123K(53952K), 0.0003090 secs] [Times: user=0.00 sys=0.00, real=0.01 secs] 
36.319: Total time for which application threads were stopped: 0.0004220 seconds, Stopping threads took: 0.0000570 seconds
36.379: Application time: 0.0602260 seconds
36.380: [GC36.380: [ParNew: 14844K->195K(16640K), 0.0003280 secs] 36967K->22318K(53952K), 0.0003550 secs] [Times: user=0.01 sys=0.00, real=0.00 secs] 
36.380: Total time for which application threads were stopped: 0.0004550 seconds, Stopping threads took: 0.0000500 seconds
36.433: Application time: 0.0534290 seconds
36.433: [GC36.433: [ParNew: 15042K->200K(16640K), 0.0003330 secs] 37165K->22324K(53952K), 0.0003600 secs] [Times: user=0.00 sys=0.00, real=0.00 secs] 
36.434: Total time for which application threads were stopped: 0.0004740 seconds, Stopping threads took: 0.0000630 seconds
36.499: Application time: 0.0650430 seconds
36.503: [GC36.503: [ParNew: 15045K->201K(16640K), 0.0003310 secs] 37168K->22324K(53952K), 0.0003690 secs] [Times: user=0.01 sys=0.00, real=0.00 secs] 
36.504: Total time for which application threads were stopped: 0.0046490 seconds, Stopping threads took: 0.0042120 seconds
36.566: Application time: 0.0626010 seconds
36.566: [GC36.566: [ParNew: 15045K->382K(16640K), 0.0003590 secs] 37168K->22505K(53952K), 0.0003840 secs] [Times: user=0.00 sys=0.00, real=0.00 secs] 
36.567: Total time for which application threads were stopped: 0.0005120 seconds, Stopping threads took: 0.0000700 seconds
36.615: Application time: 0.0488280 seconds
36.616: [GC36.616: [ParNew: 15226K->579K(16640K), 0.0003970 secs] 37349K->22702K(53952K), 0.0004250 secs] [Times: user=0.00 sys=0.00, real=0.00 secs] 
36.616: Total time for which application threads were stopped: 0.0005350 seconds, Stopping threads took: 0.0000520 seconds
36.665: Application time: 0.0490670 seconds
36.665: [GC36.665: [ParNew: 15425K->605K(16640K), 0.0003860 secs] 37548K->22728K(53952K), 0.0004150 secs] [Times: user=0.01 sys=0.00, real=0.00 secs] 
36.666: Total time for which application threads were stopped: 0.0005220 seconds, Stopping threads took: 0.0000530 seconds
36.730: Application time: 0.0642320 seconds
36.730: [GC36.730: [ParNew: 15449K->632K(16640K), 0.0004020 secs] 37572K->22756K(53952K), 0.0004300 secs] [Times: user=0.00 sys=0.00, real=0.00 secs] 
36.730: Total time for which application threads were stopped: 0.0005650 seconds, Stopping threads took: 0.0000840 seconds
36.797: Application time: 0.0668660 seconds
36.797: [GC36.797: [ParNew: 15478K->637K(16640K), 0.0004130 secs] 37601K->22760K(53952K), 0.0004400 secs] [Times: user=0.00 sys=0.00, real=0.00 secs] 
36.798: Total time for which application threads were stopped: 0.0005620 seconds, Stopping threads took: 0.0000670 seconds
36.858: Application time: 0.0598120 seconds
36.858: [GC36.858: [ParNew: 15485K->879K(16640K), 0.0004510 secs] 37608K->23002K(53952K), 0.0004770 secs] [Times: user=0.00 sys=0.00, real=0.00 secs] 
36.858: Total time for which application threads were stopped: 0.0005920 seconds, Stopping threads took: 0.0000580 seconds
36.903: Application time: 0.0446480 seconds
36.903: [GC36.903: [ParNew: 15725K->1138K(16640K), 0.0004900 secs] 37849K->23262K(53952K), 0.0005170 secs] [Times: user=0.00 sys=0.00, real=0.00 secs] 
36.904: Total time for which application threads were stopped: 0.0006220 seconds, Stopping threads took: 0.0000460 seconds
36.942: Application time: 0.0380040 seconds
36.942: [GC36.942: [ParNew: 15984K->1243K(16640K), 0.0006070 secs] 38107K->23775K(53952K), 0.0006340 secs] [Times: user=0.00 sys=0.00, real=0.00 secs] 
36.942: Total time for which application threads were stopped: 0.0007480 seconds, Stopping threads took: 0.0000550 seconds
36.971: Application time: 0.0289520 seconds
36.971: [GC36.971: [ParNew: 16088K->1331K(16640K), 0.0006050 secs] 38620K->24082K(53952K), 0.0006330 secs] [Times: user=0.01 sys=0.00, real=0.00 secs] 
36.972: Total time for which application threads were stopped: 0.0007510 seconds, Stopping threads took: 0.0000580 seconds
37.020: Application time: 0.0481050 seconds
37.020: [GC37.020: [ParNew: 16177K->1436K(16640K), 0.0005730 secs] 38928K->24273K(53952K), 0.0006010 secs] [Times: user=0.00 sys=0.00, real=0.00 secs] 
37.021: Total time for which application threads were stopped: 0.0007450 seconds, Stopping threads took: 0.0000730 seconds
37.081: Application time: 0.0601240 seconds
37.081: [GC37.081: [ParNew: 16281K->1413K(16640K), 0.0005840 secs] 39118K->24497K(53952K), 0.0006120 secs] [Times: user=0.00 sys=0.00, real=0.00 secs] 
37.082: Total time for which application threads were stopped: 0.0007080 seconds, Stopping threads took: 0.0000410 seconds
37.146: Application time: 0.0648250 seconds
37.147: [GC37.147: [ParNew: 16258K->962K(16640K), 0.0005800 secs] 39343K->24455K(53952K), 0.0006080 secs] [Times: user=0.00 sys=0.00, real=0.01 secs] 
37.147: Total time for which application threads were stopped: 0.0007270 seconds, Stopping threads took: 0.0000630 seconds
37.212: Application time: 0.0650540 seconds
37.212: [GC37.212: [ParNew: 15810K->854K(16640K), 0.0004710 secs] 39303K->24347K(53952K), 0.0005080 secs] [Times: user=0.01 sys=0.00, real=0.00 secs] 
37.213: Total time for which application threads were stopped: 0.0006220 seconds, Stopping threads took: 0.0000560 seconds
37.278: Application time: 0.0650040 seconds
37.278: [GC37.278: [ParNew: 15702K->867K(16640K), 0.0004850 secs] 39195K->24360K(53952K), 0.0005120 secs] [Times: user=0.00 sys=0.00, real=0.00 secs] 
37.279: Total time for which application threads were stopped: 0.0006240 seconds, Stopping threads took: 0.0000600 seconds
37.341: Application time: 0.0626190 seconds
37.343: [GC37.343: [ParNew: 15715K->1279K(16640K), 0.0005710 secs] 39208K->24772K(53952K), 0.0005970 secs] [Times: user=0.00 sys=0.00, real=0.00 secs] 
37.344: Total time for which application threads were stopped: 0.0025780 seconds, Stopping threads took: 0.0019280 seconds
37.404: Application time: 0.0600530 seconds
37.404: [GC37.404: [ParNew: 16126K->1102K(16640K), 0.0005800 secs] 39619K->24786K(53952K), 0.0006060 secs] [Times: user=0.00 sys=0.00, real=0.00 secs] 
37.405: Total time for which application threads were stopped: 0.0007480 seconds, Stopping threads took: 0.0000820 seconds
37.471: Application time: 0.0666240 seconds
37.471: [GC37.471: [ParNew: 15949K->946K(16640K), 0.0005730 secs] 39633K->24819K(53952K), 0.0005990 secs] [Times: user=0.00 sys=0.00, real=0.00 secs] 
37.472: Total time for which application threads were stopped: 0.0007180 seconds, Stopping threads took: 0.0000620 seconds
37.539: Application time: 0.0669500 seconds
37.539: [GC37.539: [ParNew: 15793K->806K(16640K), 0.0004820 secs] 39667K->24680K(53952K), 0.0005090 secs] [Times: user=0.00 sys=0.00, real=0.01 secs] 
37.539: Total time for which application threads were stopped: 0.0006500 seconds, Stopping threads took: 0.0000800 seconds
37.607: Application time: 0.0670730 seconds
37.607: [GC37.607: [ParNew: 15651K->846K(16640K), 0.0004420 secs] 39525K->24720K(53952K), 0.0004690 secs] [Times: user=0.00 sys=0.00, real=0.01 secs] 
37.607: Total time for which application threads were stopped: 0.0005750 seconds, Stopping threads took: 0.0000500 seconds
37.674: Application time: 0.0672460 seconds
37.674: [GC37.674: [ParNew: 15691K->856K(16640K), 0.0004350 secs] 39565K->24729K(53952K), 0.0004620 secs] [Times: user=0.00 sys=0.00, real=0.00 secs] 
37.675: Total time for which application threads were stopped: 0.0005860 seconds, Stopping threads took: 0.0000670 seconds
37.742: Application time: 0.0666960 seconds
37.742: [GC37.742: [ParNew: 15703K->916K(16640K), 0.0004220 secs] 39577K->24790K(53952K), 0.0004510 secs] [Times: user=0.00 sys=0.00, real=0.00 secs] 
37.742: Total time for which application threads were stopped: 0.0005890 seconds, Stopping threads took: 0.0000820 seconds
37.809: Application time: 0.0670520 seconds
37.809: [GC37.809: [ParNew: 15764K->0K(16640K), 0.0021240 secs] 39637K->24634K(53952K), 0.0021560 secs] [Times: user=0.00 sys=0.00, real=0.00 secs] 
37.812: Total time for which application threads were stopped: 0.0022910 seconds, Stopping threads took: 0.0000790 seconds
37.879: Application time: 0.0672900 seconds
37.883: [GC37.883: [ParNew: 14847K->0K(16640K), 0.0002970 secs] 39481K->24634K(53952K), 0.0003240 secs] [Times: user=0.00 sys=0.00, real=0.00 secs] 
37.883: Total time for which application threads were stopped: 0.0045570 seconds, Stopping threads took: 0.0041840 seconds
37.951: Application time: 0.0674290 seconds
37.951: [GC37.951: [ParNew: 14847K->0K(16640K), 0.0003480 secs] 39481K->24634K(53952K), 0.0003750 secs] [Times: user=0.00 sys=0.00, real=0.00 secs] 
37.951: Total time for which application threads were stopped: 0.0004830 seconds, Stopping threads took: 0.0000540 seconds
38.019: Application time: 0.0673950 seconds
38.019: [GC38.019: [ParNew: 14847K->0K(16640K), 0.0010660 secs] 39481K->24634K(53952K), 0.0010930 secs] [Times: user=0.00 sys=0.00, real=0.01 secs] 
38.020: Total time for which application threads were stopped: 0.0012040 seconds, Stopping threads took: 0.0000540 seconds
38.087: Application time: 0.0670000 seconds
38.087: [GC38.087: [ParNew: 14847K->0K(16640K), 0.0003700 secs] 39481K->24634K(53952K), 0.0004040 secs] [Times: user=0.00 sys=0.00, real=0.00 secs] 
38.087: Total time for which application threads were stopped: 0.0005170 seconds, Stopping threads took: 0.0000450 seconds
38.141: Application time: 0.0537310 seconds
38.141: [GC38.141: [ParNew: 14845K->194K(16640K), 0.0003880 secs] 39479K->24828K(53952K), 0.0004140 secs] [Times: user=0.00 sys=0.00, real=0.00 secs] 
38.142: Total time for which application threads were stopped: 0.0005200 seconds, Stopping threads took: 0.0000530 seconds
38.201: Application time: 0.0594660 seconds
38.201: [GC38.201: [ParNew: 15038K->196K(16640K), 0.0003950 secs] 39672K->24830K(53952K), 0.0004210 secs] [Times: user=0.00 sys=0.00, real=0.00 secs] 
38.202: Total time for which application threads were stopped: 0.0005650 seconds, Stopping threads took: 0.0000890 seconds
38.267: Application time: 0.0654140 seconds
38.267: [GC38.267: [ParNew: 15043K->202K(16640K), 0.0003560 secs] 39677K->24836K(53952K), 0.0003830 secs] [Times: user=0.00 sys=0.00, real=0.00 secs] 
38.268: Total time for which application threads were stopped: 0.0004970 seconds, Stopping threads took: 0.0000560 seconds
38.329: Application time: 0.0613260 seconds
38.329: [GC38.329: [ParNew: 15049K->386K(16640K), 0.0004040 secs] 39683K->25020K(53952K), 0.0004290 secs] [Times: user=0.00 sys=0.00, real=0.00 secs] 
38.330: Total time for which application threads were stopped: 0.0005430 seconds, Stopping threads took: 0.0000630 seconds
38.380: Application time: 0.0508540 seconds
38.381: [GC38.381: [ParNew: 15229K->579K(16640K), 0.0004900 secs] 39863K->25213K(53952K), 0.0005150 secs] [Times: user=0.00 sys=0.00, real=0.00 secs] 
38.381: Total time for which application threads were stopped: 0.0006240 seconds, Stopping threads took: 0.0000590 seconds
38.429: Application time: 0.0483750 seconds
38.430: [GC38.430: [ParNew: 15426K->603K(16640K), 0.0003900 secs] 40060K->25237K(53952K), 0.0004180 secs] [Times: user=0.00 sys=0.00, real=0.00 secs] 
38.430: Total time for which application threads were stopped: 0.0005490 seconds, Stopping threads took: 0.0000780 seconds
38.494: Application time: 0.0636110 seconds
38.494: [GC38.494: [ParNew: 15451K->627K(16640K), 0.0004130 secs] 40085K->25261K(53952K), 0.0004400 secs] [Times: user=0.00 sys=0.00, real=0.00 secs] 
38.494: Total time for which application threads were stopped: 0.0005440 seconds, Stopping threads took: 0.0000500 seconds
38.559: Application time: 0.0652010 seconds
38.559: [GC38.559: [ParNew: 15472K->696K(16640K), 0.0003970 secs] 40106K->25330K(53952K), 0.0004220 secs] [Times: user=0.00 sys=0.00, real=0.00 secs] 
38.560: Total time for which application threads were stopped: 0.0005230 seconds, Stopping threads took: 0.0000480 seconds
38.618: Application time: 0.0583930 seconds
38.618: [GC38.618: [ParNew: 15540K->899K(16640K), 0.0004750 secs] 40174K->25533K(53952K), 0.0005000 secs] [Times: user=0.00 sys=0.00, real=0.00 secs] 
38.619: Total time for which application threads were stopped: 0.0006350 seconds, Stopping threads took: 0.0000680 seconds
38.665: Application time: 0.0457600 seconds
38.665: [GC38.665: [ParNew: 15745K->1117K(16640K), 0.0005480 secs] 40379K->25751K(53952K), 0.0005750 secs] [Times: user=0.00 sys=0.00, real=0.00 secs] 
38.665: Total time for which application threads were stopped: 0.0006870 seconds, Stopping threads took: 0.0000540 seconds
38.697: Application time: 0.0313000 seconds
38.697: [GC38.697: [ParNew: 15964K->1453K(16640K), 0.0006600 secs] 40598K->26496K(53952K), 0.0006870 secs] [Times: user=0.01 sys=0.00, real=0.00 secs] 
38.697: Total time for which application threads were stopped: 0.0007890 seconds, Stopping threads took: 0.0000420 seconds
38.728: Application time: 0.0306960 seconds
38.728: [GC38.728: [ParNew: 16301K->1286K(16640K), 0.0006000 secs] 41343K->26576K(53952K), 0.0006280 secs] [Times: user=0.00 sys=0.00, real=0.00 secs] 
38.729: Total time for which application threads were stopped: 0.0007320 seconds, Stopping threads took: 0.0000520 seconds
38.784: Application time: 0.0548050 seconds
38.784: [GC38.784: [ParNew: 16131K->850K(16640K), 0.0006450 secs] 41422K->26825K(53952K), 0.0006800 secs] [Times: user=0.00 sys=0.00, real=0.00 secs] 
38.784: Total time for which application threads were stopped: 0.0008020 seconds, Stopping threads took: 0.0000700 seconds
38.844: Application time: 0.0600210 seconds
38.845: [GC38.845: [ParNew: 15695K->1270K(16640K), 0.0005100 secs] 41670K->27246K(53952K), 0.0005380 secs] [Times: user=0.01 sys=0.00, real=0.00 secs] 
38.845: Total time for which application threads were stopped: 0.0006430 seconds, Stopping threads took: 0.0000510 seconds
38.911: Application time: 0.0658330 seconds
38.911: [GC38.911: [ParNew: 16118K->993K(16640K), 0.0005850 secs] 42094K->27377K(53952K), 0.0006120 secs] [Times: user=0.01 sys=0.00, real=0.00 secs] 
38.912: Total time for which application threads were stopped: 0.0007390 seconds, Stopping threads took: 0.0000680 seconds
38.977: Application time: 0.0652680 seconds
38.977: [GC38.977: [ParNew: 15840K->816K(16640K), 0.0004330 secs] 42224K->27200K(53952K), 0.0004600 secs] [Times: user=0.00 sys=0.00, real=0.00 secs] 
38.978: Total time for which application threads were stopped: 0.0005580 seconds, Stopping threads took: 0.0000390 seconds
39.043: Application time: 0.0657920 seconds
39.043: [GC39.043: [ParNew: 15661K->854K(16640K), 0.0004250 secs] 42045K->27238K(53952K), 0.0004500 secs] [Times: user=0.00 sys=0.00, real=0.00 secs] 
39.044: Total time for which application threads were stopped: 0.0005690 seconds, Stopping threads took: 0.0000660 seconds
39.105: Application time: 0.0610420 seconds
39.105: [GC39.105: [ParNew: 15700K->1267K(16640K), 0.0004950 secs] 42084K->27651K(53952K), 0.0005220 secs] [Times: user=0.00 sys=0.00, real=0.00 secs] 
39.106: Total time for which application threads were stopped: 0.0006310 seconds, Stopping threads took: 0.0000510 seconds
39.167: Application time: 0.0617940 seconds
39.167: [GC39.167: [ParNew: 16112K->1098K(16640K), 0.0005530 secs] 42496K->27673K(53952K), 0.0005780 secs] [Times: user=0.01 sys=0.00, real=0.00 secs] 
39.168: Total time for which application threads were stopped: 0.0006980 seconds, Stopping threads took: 0.0000520 seconds
39.235: Application time: 0.0669850 seconds
39.235: [GC39.235: [ParNew: 15946K->700K(16640K), 0.0005100 secs] 42520K->27655K(53952K), 0.0005360 secs] [Times: user=0.00 sys=0.00, real=0.00 secs] 
39.236: Total time for which application threads were stopped: 0.0006400 seconds, Stopping threads took: 0.0000520 seconds
39.303: Application time: 0.0673330 seconds
39.303: [GC39.303: [ParNew: 15547K->638K(16640K), 0.0003900 secs] 42502K->27593K(53952K), 0.0004160 secs] [Times: user=0.01 sys=0.00, real=0.00 secs] 
39.304: Total time for which application threads were stopped: 0.0005190 seconds, Stopping threads took: 0.0000470 seconds
39.371: Application time: 0.0671520 seconds
39.371: [GC39.371: [ParNew: 15486K->626K(16640K), 0.0004070 secs] 42440K->27580K(53952K), 0.0004340 secs] [Times: user=0.01 sys=0.00, real=0.00 secs] 
39.371: Total time for which application threads were stopped: 0.0005650 seconds, Stopping threads took: 0.0000740 seconds
39.439: Application time: 0.0673360 seconds
39.439: [GC39.439: [ParNew: 15473K->645K(16640K), 0.0004130 secs] 42428K->27600K(53952K), 0.0004410 secs] [Times: user=0.01 sys=0.00, real=0.01 secs] 
39.439: Total time for which application threads were stopped: 0.0005550 seconds, Stopping threads took: 0.0000620 seconds
39.506: Application time: 0.0673090 seconds
39.507: [GC39.507: [ParNew: 15492K->637K(16640K), 0.0004110 secs] 42447K->27592K(53952K), 0.0004370 secs] [Times: user=0.00 sys=0.00, real=0.00 secs] 
39.507: Total time for which application threads were stopped: 0.0005580 seconds, Stopping threads took: 0.0000570 seconds
39.574: Application time: 0.0672230 seconds
39.574: [GC39.574: [ParNew: 15482K->0K(16640K), 0.0004930 secs] 42437K->27524K(53952K), 0.0005200 secs] [Times: user=0.00 sys=0.00, real=0.00 secs] 
39.575: Total time for which application threads were stopped: 0.0006380 seconds, Stopping threads took: 0.0000620 seconds
39.643: Application time: 0.0680490 seconds
39.643: [GC39.643: [ParNew: 14847K->0K(16640K), 0.0003460 secs] 42372K->27524K(53952K), 0.0003820 secs] [Times: user=0.00 sys=0.00, real=0.00 secs] 
39.643: Total time for which application threads were stopped: 0.0004960 seconds, Stopping threads took: 0.0000550 seconds
39.711: Application time: 0.0676980 seconds
39.711: [GC39.711: [ParNew: 14847K->0K(16640K), 0.0003720 secs] 42372K->27524K(53952K), 0.0003990 secs] [Times: user=0.01 sys=0.00, real=0.00 secs] 
39.712: Total time for which application threads were stopped: 0.0005140 seconds, Stopping threads took: 0.0000510 seconds
39.779: Application time: 0.0671760 seconds
39.783: [GC39.783: [ParNew: 14847K->0K(16640K), 0.0003910 secs] 42372K->27524K(53952K), 0.0004180 secs] [Times: user=0.01 sys=0.00, real=0.00 secs] 
39.784: Total time for which application threads were stopped: 0.0047130 seconds, Stopping threads took: 0.0042440 seconds
39.842: Application time: 0.0584540 seconds
39.842: [GC39.842: [ParNew: 14846K->194K(16640K), 0.0003670 secs] 42371K->27719K(53952K), 0.0003930 secs] [Times: user=0.00 sys=0.00, real=0.00 secs] 
39.843: Total time for which application threads were stopped: 0.0005320 seconds, Stopping threads took: 0.0000870 seconds
39.899: Application time: 0.0566780 seconds
39.899: [GC39.899: [ParNew: 15041K->198K(16640K), 0.0003520 secs] 42566K->27723K(53952K), 0.0003770 secs] [Times: user=0.00 sys=0.00, real=0.00 secs] 
39.900: Total time for which application threads were stopped: 0.0004810 seconds, Stopping threads took: 0.0000520 seconds
39.965: Application time: 0.0657430 seconds
39.966: [GC39.966: [ParNew: 15046K->200K(16640K), 0.0003800 secs] 42570K->27725K(53952K), 0.0004070 secs] [Times: user=0.00 sys=0.00, real=0.00 secs] 
39.966: Total time for which application threads were stopped: 0.0005650 seconds, Stopping threads took: 0.0001030 seconds
40.033: Application time: 0.0665020 seconds
40.033: [GC40.033: [ParNew: 15047K->204K(16640K), 0.0003260 secs] 42572K->27729K(53952K), 0.0003540 secs] [Times: user=0.01 sys=0.00, real=0.00 secs] 
40.033: Total time for which application threads were stopped: 0.0004710 seconds, Stopping threads took: 0.0000640 seconds
40.094: Application time: 0.0610750 seconds
40.094: [GC40.094: [ParNew: 15049K->387K(16640K), 0.0003620 secs] 42574K->27911K(53952K), 0.0003880 secs] [Times: user=0.00 sys=0.00, real=0.00 secs] 
40.095: Total time for which application threads were stopped: 0.0004940 seconds, Stopping threads took: 0.0000500 seconds
40.141: Application time: 0.0468540 seconds
40.142: [GC40.142: [ParNew: 15230K->580K(16640K), 0.0003980 secs] 42755K->28105K(53952K), 0.0004240 secs] [Times: user=0.00 sys=0.00, real=0.00 secs] 
40.142: Total time for which application threads were stopped: 0.0005340 seconds, Stopping threads took: 0.0000560 seconds
40.193: Application time: 0.0514930 seconds
40.194: [GC40.194: [ParNew: 15428K->620K(16640K), 0.0003910 secs] 42953K->28145K(53952K), 0.0004170 secs] [Times: user=0.01 sys=0.00, real=0.00 secs] 
40.194: Total time for which application threads were stopped: 0.0005190 seconds, Stopping threads took: 0.0000470 seconds
40.258: Application time: 0.0639190 seconds
40.258: [GC40.258: [ParNew: 15467K->647K(16640K), 0.0004650 secs] 42992K->28172K(53952K), 0.0004890 secs] [Times: user=0.00 sys=0.00, real=0.00 secs] 
40.259: Total time for which application threads were stopped: 0.0006450 seconds, Stopping threads took: 0.0000900 seconds
40.323: Application time: 0.0647830 seconds
40.323: [GC40.323: [ParNew: 15493K->674K(16640K), 0.0004610 secs] 43017K->28199K(53952K), 0.0004870 secs] [Times: user=0.00 sys=0.00, real=0.00 secs] 
40.324: Total time for which application threads were stopped: 0.0006200 seconds, Stopping threads took: 0.0000760 seconds
40.381: Application time: 0.0568230 seconds
40.381: [GC40.381: [ParNew: 15521K->899K(16640K), 0.0004410 secs] 43046K->28424K(53952K), 0.0004690 secs] [Times: user=0.00 sys=0.00, real=0.00 secs] 
40.381: Total time for which application threads were stopped: 0.0005670 seconds, Stopping threads took: 0.0000370 seconds
40.420: Application time: 0.0389170 seconds
40.420: [GC40.420: [ParNew: 15743K->1366K(16640K), 0.0005480 secs] 43267K->28891K(53952K), 0.0005740 secs] [Times: user=0.00 sys=0.00, real=0.00 secs] 
40.421: Total time for which application threads were stopped: 0.0006800 seconds, Stopping threads took: 0.0000480 seconds
40.452: Application time: 0.0306380 seconds
40.452: [GC40.452: [ParNew: 16211K->1548K(16640K), 0.0007370 secs] 43736K->29481K(53952K), 0.0007660 secs] [Times: user=0.01 sys=0.00, real=0.00 secs] 
40.452: Total time for which application threads were stopped: 0.0008560 seconds, Stopping threads took: 0.0000280 seconds
40.487: Application time: 0.0347170 seconds
40.487: [GC40.487: [ParNew: 16392K->1268K(16640K), 0.0005610 secs] 44325K->29478K(53952K), 0.0005870 secs] [Times: user=0.00 sys=0.00, real=0.00 secs] 
40.488: Total time for which application threads were stopped: 0.0006980 seconds, Stopping threads took: 0.0000580 seconds
40.547: Application time: 0.0590170 seconds
40.547: [GC40.547: [ParNew: 16115K->1461K(16640K), 0.0005790 secs] 44325K->29757K(53952K), 0.0006080 secs] [Times: user=0.00 sys=0.00, real=0.01 secs] 
40.548: Total time for which application threads were stopped: 0.0007300 seconds, Stopping threads took: 0.0000660 seconds
40.609: Application time: 0.0610060 seconds
40.609: [GC40.609: [ParNew: 16305K->1347K(16640K), 0.0005990 secs] 44601K->29833K(53952K), 0.0006270 secs] [Times: user=0.01 sys=0.00, real=0.00 secs] 
40.609: Total time for which application threads were stopped: 0.0007310 seconds, Stopping threads took: 0.0000460 seconds
40.675: Application time: 0.0654950 seconds
40.675: [GC40.675: [ParNew: 16194K->781K(16640K), 0.0006260 secs] 44681K->29866K(53952K), 0.0006530 secs] [Times: user=0.00 sys=0.00, real=0.00 secs] 
40.676: Total time for which application threads were stopped: 0.0007700 seconds, Stopping threads took: 0.0000590 seconds
40.742: Application time: 0.0662140 seconds
40.742: [GC40.742: [ParNew: 15626K->598K(16640K), 0.0004610 secs] 44712K->29683K(53952K), 0.0004870 secs] [Times: user=0.00 sys=0.00, real=0.00 secs] 
40.742: Total time for which application threads were stopped: 0.0005890 seconds, Stopping threads took: 0.0000500 seconds
40.807: Application time: 0.0644450 seconds
40.807: [GC40.807: [ParNew: 15444K->804K(16640K), 0.0004780 secs] 44530K->29889K(53952K), 0.0005040 secs] [Times: user=0.00 sys=0.00, real=0.01 secs] 
40.808: Total time for which application threads were stopped: 0.0006320 seconds, Stopping threads took: 0.0000610 seconds
40.868: Application time: 0.0601640 seconds
40.868: [GC40.868: [ParNew: 15650K->1256K(16640K), 0.0004780 secs] 44735K->30342K(53952K), 0.0005050 secs] [Times: user=0.00 sys=0.00, real=0.00 secs] 
40.868: Total time for which application threads were stopped: 0.0006400 seconds, Stopping threads took: 0.0000760 seconds
40.932: Application time: 0.0635040 seconds
40.932: [GC40.932: [ParNew: 16101K->1079K(16640K), 0.0005490 secs] 45186K->30354K(53952K), 0.0005770 secs] [Times: user=0.00 sys=0.00, real=0.00 secs] 
40.933: Total time for which application threads were stopped: 0.0007020 seconds, Stopping threads took: 0.0000740 seconds
41.000: Application time: 0.0670430 seconds
41.000: [GC41.000: [ParNew: 15924K->490K(16640K), 0.0005710 secs] 45199K->30335K(53952K), 0.0005980 secs] [Times: user=0.00 sys=0.00, real=0.00 secs] 
41.000: Total time for which application threads were stopped: 0.0007040 seconds, Stopping threads took: 0.0000510 seconds
41.067: Application time: 0.0671470 seconds
41.068: [GC41.068: [ParNew: 15337K->419K(16640K), 0.0004440 secs] 45183K->30265K(53952K), 0.0004710 secs] [Times: user=0.00 sys=0.00, real=0.00 secs] 
41.068: Total time for which application threads were stopped: 0.0005960 seconds, Stopping threads took: 0.0000660 seconds
41.135: Application time: 0.0669270 seconds
41.139: [GC41.139: [ParNew: 15267K->420K(16640K), 0.0004550 secs] 45112K->30266K(53952K), 0.0004830 secs] [Times: user=0.01 sys=0.00, real=0.00 secs] 
41.140: Total time for which application threads were stopped: 0.0046670 seconds, Stopping threads took: 0.0041220 seconds
41.207: Application time: 0.0669260 seconds
41.207: [GC41.207: [ParNew: 15268K->448K(16640K), 0.0003750 secs] 45113K->30294K(53952K), 0.0004010 secs] [Times: user=0.00 sys=0.00, real=0.01 secs] 
41.207: Total time for which application threads were stopped: 0.0005630 seconds, Stopping threads took: 0.0001060 seconds
41.274: Application time: 0.0672620 seconds
41.274: [GC41.274: [ParNew: 15294K->404K(16640K), 0.0003660 secs] 45139K->30249K(53952K), 0.0003920 secs] [Times: user=0.01 sys=0.00, real=0.00 secs] 
41.275: Total time for which application threads were stopped: 0.0005020 seconds, Stopping threads took: 0.0000520 seconds
41.342: Application time: 0.0671860 seconds
41.342: [GC41.342: [ParNew: 15251K->0K(16640K), 0.0004630 secs] 45097K->30225K(53952K), 0.0004890 secs] [Times: user=0.01 sys=0.00, real=0.00 secs] 
41.343: Total time for which application threads were stopped: 0.0006170 seconds, Stopping threads took: 0.0000670 seconds
41.410: Application time: 0.0676200 seconds
41.410: [GC41.410: [ParNew: 14847K->0K(16640K), 0.0003070 secs] 45073K->30225K(53952K), 0.0003330 secs] [Times: user=0.00 sys=0.00, real=0.00 secs] 
41.411: Total time for which application threads were stopped: 0.0004320 seconds, Stopping threads took: 0.0000420 seconds
41.478: Application time: 0.0673980 seconds
41.478: [GC41.478: [ParNew: 14847K->0K(16640K), 0.0002880 secs] 45073K->30225K(53952K), 0.0003150 secs] [Times: user=0.00 sys=0.00, real=0.00 secs] 
41.479: Total time for which application threads were stopped: 0.0004420 seconds, Stopping threads took: 0.0000700 seconds
41.546: Application time: 0.0671230 seconds
41.546: [GC41.546: [ParNew: 14847K->0K(16640K), 0.0003020 secs] 45073K->30225K(53952K), 0.0003310 secs] [Times: user=0.00 sys=0.00, real=0.00 secs] 
41.546: Total time for which application threads were stopped: 0.0004620 seconds, Stopping threads took: 0.0000780 seconds
41.595: Application time: 0.0491660 seconds
41.595: [GC41.595: [ParNew: 14844K->192K(16640K), 0.0003880 secs] 45069K->30418K(53952K), 0.0004150 secs] [Times: user=0.00 sys=0.00, real=0.00 secs] 
41.596: Total time for which application threads were stopped: 0.0005340 seconds, Stopping threads took: 0.0000650 seconds
41.660: Application time: 0.0645420 seconds
41.661: [GC41.661: [ParNew: 15037K->201K(16640K), 0.0003640 secs] 45263K->30426K(53952K), 0.0003900 secs] [Times: user=0.00 sys=0.00, real=0.00 secs] 
41.661: Total time for which application threads were stopped: 0.0005170 seconds, Stopping threads took: 0.0000700 seconds
41.728: Application time: 0.0666840 seconds
41.728: [GC41.728: [ParNew: 15048K->200K(16640K), 0.0003490 secs] 45274K->30426K(53952K), 0.0003750 secs] [Times: user=0.00 sys=0.00, real=0.00 secs] 
41.728: Total time for which application threads were stopped: 0.0005070 seconds, Stopping threads took: 0.0000760 seconds
41.795: Application time: 0.0665760 seconds
41.795: [GC41.795: [ParNew: 15047K->206K(16640K), 0.0003420 secs] 45273K->30432K(53952K), 0.0003680 secs] [Times: user=0.01 sys=0.00, real=0.00 secs] 
41.795: Total time for which application threads were stopped: 0.0004950 seconds, Stopping threads took: 0.0000760 seconds
41.847: Application time: 0.0515680 seconds
41.847: [GC41.847: [ParNew: 15053K->385K(16640K), 0.0003810 secs] 45278K->30611K(53952K), 0.0004100 secs] [Times: user=0.00 sys=0.00, real=0.01 secs] 
41.847: Total time for which application threads were stopped: 0.0005410 seconds, Stopping threads took: 0.0000690 seconds
41.899: Application time: 0.0515470 seconds
41.899: [GC41.899: [ParNew: 15230K->587K(16640K), 0.0003960 secs] 45456K->30813K(53952K), 0.0004240 secs] [Times: user=0.01 sys=0.00, real=0.01 secs] 
41.899: Total time for which application threads were stopped: 0.0005370 seconds, Stopping threads took: 0.0000560 seconds
41.956: Application time: 0.0562300 seconds
41.956: [GC41.956: [ParNew: 15432K->613K(16640K), 0.0003930 secs] 45658K->30839K(53952K), 0.0004280 secs] [Times: user=0.00 sys=0.00, real=0.00 secs] 
41.956: Total time for which application threads were stopped: 0.0005530 seconds, Stopping threads took: 0.0000680 seconds
42.019: Application time: 0.0625650 seconds
42.019: [GC42.019: [ParNew: 15457K->664K(16640K), 0.0004600 secs] 45683K->30890K(53952K), 0.0004870 secs] [Times: user=0.00 sys=0.00, real=0.01 secs] 
42.019: Total time for which application threads were stopped: 0.0006110 seconds, Stopping threads took: 0.0000650 seconds
42.086: Application time: 0.0666840 seconds
42.086: [GC42.086: [ParNew: 15511K->668K(16640K), 0.0004490 secs] 45737K->30894K(53952K), 0.0004750 secs] [Times: user=0.00 sys=0.00, real=0.00 secs] 
42.087: Total time for which application threads were stopped: 0.0005800 seconds, Stopping threads took: 0.0000520 seconds
42.141: Application time: 0.0546870 seconds
42.141: [GC42.141: [ParNew: 15512K->1103K(16640K), 0.0005050 secs] 45738K->31329K(53952K), 0.0005320 secs] [Times: user=0.00 sys=0.00, real=0.00 secs] 
42.142: Total time for which application threads were stopped: 0.0006490 seconds, Stopping threads took: 0.0000630 seconds
42.173: Application time: 0.0309850 seconds
42.173: [GC42.173: [ParNew: 15948K->1206K(16640K), 0.0006390 secs] 46174K->31622K(53952K), 0.0006670 secs] [Times: user=0.00 sys=0.00, real=0.00 secs] 
42.174: Total time for which application threads were stopped: 0.0007720 seconds, Stopping threads took: 0.0000450 seconds
42.211: Application time: 0.0369070 seconds
42.211: [GC42.211: [ParNew: 16052K->1257K(16640K), 0.0006880 secs] 46468K->32110K(53952K), 0.0007160 secs] [Times: user=0.01 sys=0.00, real=0.00 secs] 
42.211: Total time for which application threads were stopped: 0.0008360 seconds, Stopping threads took: 0.0000600 seconds
42.248: Application time: 0.0369180 seconds
42.249: [GC42.249: [ParNew: 16103K->1440K(16640K), 0.0005560 secs] 46957K->32351K(53952K), 0.0005830 secs] [Times: user=0.01 sys=0.00, real=0.00 secs] 
42.249: Total time for which application threads were stopped: 0.0007100 seconds, Stopping threads took: 0.0000700 seconds
42.306: Application time: 0.0571810 seconds
42.306: [GC42.306: [ParNew: 16284K->1185K(16640K), 0.0006030 secs] 47195K->32591K(53952K), 0.0006290 secs] [Times: user=0.01 sys=0.00, real=0.00 secs] 
42.307: Total time for which application threads were stopped: 0.0007510 seconds, Stopping threads took: 0.0000590 seconds
42.370: Application time: 0.0627450 seconds
42.371: [GC42.371: [ParNew: 16031K->470K(16640K), 0.0005940 secs] 47437K->32447K(53952K), 0.0006190 secs] [Times: user=0.00 sys=0.00, real=0.00 secs] 
42.372: Total time for which application threads were stopped: 0.0019620 seconds, Stopping threads took: 0.0012770 seconds
42.437: Application time: 0.0654590 seconds
42.437: [GC42.437: [ParNew: 15315K->410K(16640K), 0.0003800 secs] 47292K->32387K(53952K), 0.0004070 secs] [Times: user=0.00 sys=0.00, real=0.00 secs] 
42.438: Total time for which application threads were stopped: 0.0005280 seconds, Stopping threads took: 0.0000690 seconds
42.503: Application time: 0.0653150 seconds
42.503: [GC42.503: [ParNew: 15257K->431K(16640K), 0.0003720 secs] 47234K->32408K(53952K), 0.0003990 secs] [Times: user=0.01 sys=0.00, real=0.00 secs] 
42.504: Total time for which application threads were stopped: 0.0005130 seconds, Stopping threads took: 0.0000580 seconds
42.567: Application time: 0.0636670 seconds
42.571: [GC42.571: [ParNew: 15277K->815K(16640K), 0.0004750 secs] 47254K->32792K(53952K), 0.0005020 secs] [Times: user=0.00 sys=0.00, real=0.00 secs] 
42.572: Total time for which application threads were stopped: 0.0043790 seconds, Stopping threads took: 0.0038180 seconds
42.633: Application time: 0.0612630 seconds
42.633: [GC42.633: [ParNew: 15661K->1232K(16640K), 0.0005240 secs] 47638K->33209K(53952K), 0.0005500 secs] [Times: user=0.00 sys=0.00, real=0.00 secs] 
42.634: Total time for which application threads were stopped: 0.0006560 seconds, Stopping threads took: 0.0000480 seconds
42.697: Application time: 0.0638630 seconds
42.698: [GC42.698: [ParNew: 16078K->1111K(16640K), 0.0005630 secs] 48055K->33278K(53952K), 0.0005990 secs] [Times: user=0.00 sys=0.00, real=0.00 secs] 
42.698: Total time for which application threads were stopped: 0.0007190 seconds, Stopping threads took: 0.0000640 seconds
42.765: Application time: 0.0667290 seconds
42.765: [GC42.765: [ParNew: 15958K->561K(16640K), 0.0005620 secs] 48125K->33298K(53952K), 0.0005880 secs] [Times: user=0.00 sys=0.00, real=0.00 secs] 
42.766: Total time for which application threads were stopped: 0.0007020 seconds, Stopping threads took: 0.0000550 seconds
42.832: Application time: 0.0669200 seconds
42.833: [GC42.833: [ParNew: 15408K->425K(16640K), 0.0018540 secs] 48145K->33162K(53952K), 0.0018870 secs] [Times: user=0.01 sys=0.00, real=0.00 secs] 
42.834: Total time for which application threads were stopped: 0.0020030 seconds, Stopping threads took: 0.0000570 seconds
42.901: Application time: 0.0666080 seconds
42.901: [GC42.901: [ParNew: 15272K->408K(16640K), 0.0003730 secs] 48010K->33145K(53952K), 0.0004000 secs] [Times: user=0.00 sys=0.00, real=0.00 secs] 
42.902: Total time for which application threads were stopped: 0.0005440 seconds, Stopping threads took: 0.0000800 seconds
42.969: Application time: 0.0672170 seconds
42.969: [GC42.969: [ParNew: 15253K->440K(16640K), 0.0004160 secs] 47991K->33177K(53952K), 0.0004430 secs] [Times: user=0.00 sys=0.00, real=0.00 secs] 
42.969: Total time for which application threads were stopped: 0.0005760 seconds, Stopping threads took: 0.0000760 seconds
43.036: Application time: 0.0668560 seconds
43.036: [GC43.036: [ParNew: 15287K->423K(16640K), 0.0003600 secs] 48025K->33161K(53952K), 0.0003880 secs] [Times: user=0.01 sys=0.00, real=0.00 secs] 
43.037: Total time for which application threads were stopped: 0.0005010 seconds, Stopping threads took: 0.0000640 seconds
43.105: Application time: 0.0679930 seconds
43.105: [GC43.105: [ParNew: 15269K->0K(16640K), 0.0022670 secs] 48006K->33117K(53952K), 0.0022920 secs] [Times: user=0.02 sys=0.00, real=0.01 secs] 
43.107: Total time for which application threads were stopped: 0.0024070 seconds, Stopping threads took: 0.0000620 seconds
43.175: Application time: 0.0673560 seconds
43.175: [GC43.175: [ParNew: 14847K->0K(16640K), 0.0003640 secs] 47964K->33117K(53952K), 0.0003920 secs] [Times: user=0.01 sys=0.00, real=0.00 secs] 
43.175: Total time for which application threads were stopped: 0.0004980 seconds, Stopping threads took: 0.0000500 seconds
43.242: Application time: 0.0671520 seconds
43.242: [GC43.242: [ParNew: 14847K->0K(16640K), 0.0003700 secs] 47964K->33117K(53952K), 0.0003970 secs] [Times: user=0.00 sys=0.00, real=0.00 secs] 
43.243: Total time for which application threads were stopped: 0.0005190 seconds, Stopping threads took: 0.0000720 seconds
43.304: Application time: 0.0608630 seconds
43.304: [GC43.304: [ParNew: 14846K->194K(16640K), 0.0003410 secs] 47964K->33312K(53952K), 0.0003670 secs] [Times: user=0.00 sys=0.00, real=0.00 secs] 
43.304: Total time for which application threads were stopped: 0.0004820 seconds, Stopping threads took: 0.0000570 seconds
43.357: Application time: 0.0532510 seconds
43.357: [GC43.357: [ParNew: 15039K->198K(16640K), 0.0003360 secs] 48157K->33315K(53952K), 0.0003630 secs] [Times: user=0.00 sys=0.00, real=0.00 secs] 
43.358: Total time for which application threads were stopped: 0.0004620 seconds, Stopping threads took: 0.0000450 seconds
43.423: Application time: 0.0656120 seconds
43.424: [GC43.424: [ParNew: 15043K->200K(16640K), 0.0003500 secs] 48160K->33318K(53952K), 0.0003740 secs] [Times: user=0.00 sys=0.00, real=0.00 secs] 
43.424: Total time for which application threads were stopped: 0.0004830 seconds, Stopping threads took: 0.0000460 seconds
43.491: Application time: 0.0667590 seconds
43.491: [GC43.491: [ParNew: 15048K->199K(16640K), 0.0003670 secs] 48165K->33317K(53952K), 0.0003930 secs] [Times: user=0.00 sys=0.00, real=0.00 secs] 
43.491: Total time for which application threads were stopped: 0.0005040 seconds, Stopping threads took: 0.0000620 seconds
43.558: Application time: 0.0667620 seconds
43.558: [GC43.558: [ParNew: 15047K->204K(16640K), 0.0004040 secs] 48164K->33321K(53952K), 0.0004400 secs] [Times: user=0.00 sys=0.00, real=0.00 secs] 
43.558: Total time for which application threads were stopped: 0.0005490 seconds, Stopping threads took: 0.0000540 seconds
43.606: Application time: 0.0471900 seconds
43.606: [GC43.606: [ParNew: 15047K->389K(16640K), 0.0004430 secs] 48165K->33506K(53952K), 0.0004680 secs] [Times: user=0.00 sys=0.00, real=0.00 secs] 
43.606: Total time for which application threads were stopped: 0.0006030 seconds, Stopping threads took: 0.0000810 seconds
43.657: Application time: 0.0502870 seconds
43.657: [GC43.657: [ParNew: 15233K->578K(16640K), 0.0003900 secs] 48350K->33695K(53952K), 0.0004160 secs] [Times: user=0.01 sys=0.00, real=0.00 secs] 
43.657: Total time for which application threads were stopped: 0.0005350 seconds, Stopping threads took: 0.0000630 seconds
43.717: Application time: 0.0600750 seconds
43.717: [GC43.717: [ParNew: 15423K->600K(16640K), 0.0004050 secs] 48541K->33717K(53952K), 0.0004310 secs] [Times: user=0.00 sys=0.00, real=0.00 secs] 
43.718: Total time for which application threads were stopped: 0.0005490 seconds, Stopping threads took: 0.0000610 seconds
43.781: Application time: 0.0636830 seconds
43.782: [GC43.782: [ParNew: 15444K->680K(16640K), 0.0004270 secs] 48561K->33798K(53952K), 0.0004530 secs] [Times: user=0.01 sys=0.00, real=0.00 secs] 
43.782: Total time for which application threads were stopped: 0.0005710 seconds, Stopping threads took: 0.0000620 seconds
43.848: Application time: 0.0659530 seconds
43.848: [GC43.848: [ParNew: 15528K->698K(16640K), 0.0004500 secs] 48645K->33815K(53952K), 0.0004770 secs] [Times: user=0.01 sys=0.00, real=0.00 secs] 
43.849: Total time for which application threads were stopped: 0.0006060 seconds, Stopping threads took: 0.0000740 seconds
43.897: Application time: 0.0487930 seconds
43.897: [GC43.897: [ParNew: 15545K->1084K(16640K), 0.0005730 secs] 48662K->34201K(53952K), 0.0006010 secs] [Times: user=0.00 sys=0.00, real=0.00 secs] 
43.898: Total time for which application threads were stopped: 0.0007380 seconds, Stopping threads took: 0.0000810 seconds
43.931: Application time: 0.0329080 seconds
43.931: [GC43.931: [ParNew: 15929K->1434K(16640K), 0.0005880 secs] 49046K->34742K(53952K), 0.0006150 secs] [Times: user=0.01 sys=0.00, real=0.00 secs] 
43.932: Total time for which application threads were stopped: 0.0007350 seconds, Stopping threads took: 0.0000510 seconds
43.964: Application time: 0.0322010 seconds
43.964: [GC43.964: [ParNew: 16282K->1333K(16640K), 0.0006820 secs] 49590K->35078K(53952K), 0.0007090 secs] [Times: user=0.00 sys=0.00, real=0.00 secs] 
43.965: Total time for which application threads were stopped: 0.0008190 seconds, Stopping threads took: 0.0000500 seconds
44.007: Application time: 0.0418530 seconds
44.007: [GC44.007: [ParNew: 16181K->1512K(16640K), 0.0005730 secs] 49925K->35314K(53952K), 0.0006000 secs] [Times: user=0.00 sys=0.01, real=0.01 secs] 
44.007: Total time for which application threads were stopped: 0.0007220 seconds, Stopping threads took: 0.0000620 seconds
44.067: Application time: 0.0595400 seconds
44.067: [GC44.067: [ParNew: 16356K->932K(16640K), 0.0006790 secs] 50158K->35420K(53952K), 0.0007080 secs] [Times: user=0.00 sys=0.00, real=0.01 secs] 
44.068: Total time for which application threads were stopped: 0.0008290 seconds, Stopping threads took: 0.0000600 seconds
44.068: Application time: 0.0000550 seconds
44.068: [GC [1 CMS-initial-mark: 34487K(37312K)] 35435K(53952K), 0.0001550 secs] [Times: user=0.00 sys=0.00, real=0.00 secs] 
44.068: Total time for which application threads were stopped: 0.0002090 seconds, Stopping threads took: 0.0000350 seconds
44.068: [CMS-concurrent-mark-start]
44.071: [CMS-concurrent-mark: 0.003/0.003 secs] [Times: user=0.03 sys=0.00, real=0.00 secs] 
44.071: [CMS-concurrent-preclean-start]
44.072: [CMS-concurrent-preclean: 0.000/0.000 secs] [Times: user=0.00 sys=0.00, real=0.00 secs] 
44.075: Application time: 0.0070810 seconds
44.079: [GC[YG occupancy: 2163 K (16640 K)]44.079: [Rescan (parallel) , 0.0001290 secs]44.079: [weak refs processing, 0.0000760 secs]44.079: [scrub string table, 0.0000980 secs] [1 CMS-remark: 34487K(37312K)] 36651K(53952K), 0.0003400 secs] [Times: user=0.01 sys=0.00, real=0.00 secs] 
44.079: Total time for which application threads were stopped: 0.0043990 seconds, Stopping threads took: 0.0040340 seconds
44.079: [CMS-concurrent-sweep-start]
44.083: [CMS-concurrent-sweep: 0.004/0.004 secs] [Times: user=0.02 sys=0.00, real=0.00 secs] 
44.083: [CMS-concurrent-reset-start]
44.083: [CMS-concurrent-reset: 0.000/0.000 secs] [Times: user=0.00 sys=0.00, real=0.00 secs] 
44.141: Application time: 0.0616050 seconds
44.141: [GC44.141: [ParNew: 15777K->866K(16640K), 0.0005760 secs] 19256K->4344K(53952K), 0.0006040 secs] [Times: user=0.00 sys=0.00, real=0.00 secs] 
44.142: Total time for which application threads were stopped: 0.0007510 seconds, Stopping threads took: 0.0000930 seconds
44.208: Application time: 0.0666720 seconds
44.209: [GC44.209: [ParNew: 15712K->863K(16640K), 0.0005580 secs] 19190K->4341K(53952K), 0.0005850 secs] [Times: user=0.00 sys=0.00, real=0.00 secs] 
44.209: Total time for which application threads were stopped: 0.0007270 seconds, Stopping threads took: 0.0000900 seconds
44.275: Application time: 0.0653600 seconds
44.275: [GC44.275: [ParNew: 15710K->893K(16640K), 0.0004650 secs] 19188K->4371K(53952K), 0.0004910 secs] [Times: user=0.01 sys=0.00, real=0.00 secs] 
44.275: Total time for which application threads were stopped: 0.0006030 seconds, Stopping threads took: 0.0000540 seconds
44.339: Application time: 0.0638820 seconds
44.339: [GC44.339: [ParNew: 15741K->1245K(16640K), 0.0004850 secs] 19219K->4723K(53952K), 0.0005120 secs] [Times: user=0.00 sys=0.00, real=0.00 secs] 
44.340: Total time for which application threads were stopped: 0.0006070 seconds, Stopping threads took: 0.0000430 seconds
44.400: Application time: 0.0605040 seconds
44.400: [GC44.400: [ParNew: 16093K->1124K(16640K), 0.0005350 secs] 19571K->4793K(53952K), 0.0005610 secs] [Times: user=0.01 sys=0.00, real=0.00 secs] 
44.401: Total time for which application threads were stopped: 0.0006690 seconds, Stopping threads took: 0.0000530 seconds
44.466: Application time: 0.0656460 seconds
44.467: [GC44.467: [ParNew: 15969K->903K(16640K), 0.0005020 secs] 19637K->4762K(53952K), 0.0005280 secs] [Times: user=0.00 sys=0.00, real=0.01 secs] 
44.467: Total time for which application threads were stopped: 0.0006520 seconds, Stopping threads took: 0.0000560 seconds
44.534: Application time: 0.0672480 seconds
44.535: [GC44.535: [ParNew: 15750K->906K(16640K), 0.0004580 secs] 19609K->4765K(53952K), 0.0004860 secs] [Times: user=0.00 sys=0.00, real=0.00 secs] 
44.535: Total time for which application threads were stopped: 0.0006190 seconds, Stopping threads took: 0.0000750 seconds
44.603: Application time: 0.0680240 seconds
44.603: [GC44.603: [ParNew: 15751K->852K(16640K), 0.0005150 secs] 19610K->4711K(53952K), 0.0005430 secs] [Times: user=0.00 sys=0.00, real=0.00 secs] 
44.604: Total time for which application threads were stopped: 0.0006740 seconds, Stopping threads took: 0.0000800 seconds
44.671: Application time: 0.0673180 seconds
44.671: [GC44.671: [ParNew: 15699K->839K(16640K), 0.0006050 secs] 19558K->4697K(53952K), 0.0006320 secs] [Times: user=0.00 sys=0.00, real=0.00 secs] 
44.672: Total time for which application threads were stopped: 0.0007240 seconds, Stopping threads took: 0.0000340 seconds
44.739: Application time: 0.0669030 seconds
44.739: [GC44.739: [ParNew: 15686K->869K(16640K), 0.0004610 secs] 19545K->4728K(53952K), 0.0004880 secs] [Times: user=0.00 sys=0.00, real=0.01 secs] 
44.739: Total time for which application threads were stopped: 0.0006120 seconds, Stopping threads took: 0.0000720 seconds
44.807: Application time: 0.0672590 seconds
44.807: [GC44.807: [ParNew: 15716K->309K(16640K), 0.0005060 secs] 19575K->4738K(53952K), 0.0005330 secs] [Times: user=0.00 sys=0.01, real=0.01 secs] 
44.807: Total time for which application threads were stopped: 0.0006420 seconds, Stopping threads took: 0.0000530 seconds
44.874: Application time: 0.0673110 seconds
44.875: [GC44.875: [ParNew: 15156K->0K(16640K), 0.0003430 secs] 19585K->4619K(53952K), 0.0003790 secs] [Times: user=0.00 sys=0.00, real=0.00 secs] 
44.875: Total time for which application threads were stopped: 0.0004960 seconds, Stopping threads took: 0.0000610 seconds
44.943: Application time: 0.0675640 seconds
44.943: [GC44.943: [ParNew: 14847K->0K(16640K), 0.0004230 secs] 19466K->4619K(53952K), 0.0004500 secs] [Times: user=0.01 sys=0.00, real=0.00 secs] 
44.943: Total time for which application threads were stopped: 0.0005540 seconds, Stopping threads took: 0.0000520 seconds
45.011: Application time: 0.0675190 seconds
45.011: [GC45.011: [ParNew: 14847K->0K(16640K), 0.0003170 secs] 19466K->4619K(53952K), 0.0003470 secs] [Times: user=0.00 sys=0.00, real=0.00 secs] 
45.011: Total time for which application threads were stopped: 0.0004890 seconds, Stopping threads took: 0.0000780 seconds
45.063: Application time: 0.0516880 seconds
45.063: [GC45.063: [ParNew: 14846K->192K(16640K), 0.0003450 secs] 19465K->4811K(53952K), 0.0003730 secs] [Times: user=0.00 sys=0.00, real=0.00 secs] 
45.063: Total time for which application threads were stopped: 0.0005020 seconds, Stopping threads took: 0.0000720 seconds
45.126: Application time: 0.0624120 seconds
45.126: [GC45.126: [ParNew: 15036K->196K(16640K), 0.0004160 secs] 19655K->4815K(53952K), 0.0004430 secs] [Times: user=0.00 sys=0.00, real=0.00 secs] 
45.126: Total time for which application threads were stopped: 0.0005490 seconds, Stopping threads took: 0.0000510 seconds
45.193: Application time: 0.0663000 seconds
45.193: [GC45.193: [ParNew: 15040K->200K(16640K), 0.0003790 secs] 19660K->4820K(53952K), 0.0004070 secs] [Times: user=0.00 sys=0.00, real=0.00 secs] 
45.193: Total time for which application threads were stopped: 0.0005670 seconds, Stopping threads took: 0.0001070 seconds
45.260: Application time: 0.0668220 seconds
45.260: [GC45.260: [ParNew: 15048K->205K(16640K), 0.0003780 secs] 19667K->4824K(53952K), 0.0004060 secs] [Times: user=0.01 sys=0.00, real=0.00 secs] 
45.261: Total time for which application threads were stopped: 0.0005330 seconds, Stopping threads took: 0.0000730 seconds
45.321: Application time: 0.0608560 seconds
45.321: [GC45.321: [ParNew: 15049K->381K(16640K), 0.0003980 secs] 19668K->5001K(53952K), 0.0004260 secs] [Times: user=0.00 sys=0.00, real=0.00 secs] 
45.322: Total time for which application threads were stopped: 0.0005360 seconds, Stopping threads took: 0.0000510 seconds
45.372: Application time: 0.0498310 seconds
45.372: [GC45.372: [ParNew: 15229K->581K(16640K), 0.0003810 secs] 19848K->5200K(53952K), 0.0004070 secs] [Times: user=0.00 sys=0.00, real=0.00 secs] 
45.372: Total time for which application threads were stopped: 0.0005160 seconds, Stopping threads took: 0.0000520 seconds
45.421: Application time: 0.0491460 seconds
45.422: [GC45.422: [ParNew: 15428K->419K(16640K), 0.0003640 secs] 20047K->5038K(53952K), 0.0003910 secs] [Times: user=0.00 sys=0.00, real=0.00 secs] 
45.422: Total time for which application threads were stopped: 0.0005100 seconds, Stopping threads took: 0.0000590 seconds
45.484: Application time: 0.0616960 seconds
45.484: [GC45.484: [ParNew: 15266K->680K(16640K), 0.0004960 secs] 19885K->5299K(53952K), 0.0005240 secs] [Times: user=0.01 sys=0.00, real=0.00 secs] 
45.484: Total time for which application threads were stopped: 0.0006310 seconds, Stopping threads took: 0.0000480 seconds
45.551: Application time: 0.0669680 seconds
45.555: [GC45.555: [ParNew: 15525K->658K(16640K), 0.0004880 secs] 20144K->5277K(53952K), 0.0005170 secs] [Times: user=0.01 sys=0.00, real=0.00 secs] 
45.556: Total time for which application threads were stopped: 0.0044610 seconds, Stopping threads took: 0.0038770 seconds
45.622: Application time: 0.0663260 seconds
45.622: [GC45.622: [ParNew: 15505K->672K(16640K), 0.0004780 secs] 20124K->5291K(53952K), 0.0005050 secs] [Times: user=0.00 sys=0.00, real=0.00 secs] 
45.623: Total time for which application threads were stopped: 0.0006190 seconds, Stopping threads took: 0.0000570 seconds
45.668: Application time: 0.0454950 seconds
45.668: [GC45.668: [ParNew: 15517K->1072K(16640K), 0.0004860 secs] 20137K->5691K(53952K), 0.0005230 secs] [Times: user=0.00 sys=0.00, real=0.00 secs] 
45.669: Total time for which application threads were stopped: 0.0006510 seconds, Stopping threads took: 0.0000680 seconds
45.701: Application time: 0.0320640 seconds
45.701: [GC45.701: [ParNew: 15918K->853K(16640K), 0.0006250 secs] 20537K->6100K(53952K), 0.0006530 secs] [Times: user=0.01 sys=0.00, real=0.00 secs] 
45.702: Total time for which application threads were stopped: 0.0007650 seconds, Stopping threads took: 0.0000520 seconds
45.733: Application time: 0.0314880 seconds
45.733: [GC45.733: [ParNew: 15697K->1212K(16640K), 0.0005110 secs] 20943K->6458K(53952K), 0.0005360 secs] [Times: user=0.00 sys=0.00, real=0.00 secs] 
45.734: Total time for which application threads were stopped: 0.0006450 seconds, Stopping threads took: 0.0000520 seconds
45.781: Application time: 0.0469990 seconds
45.781: [GC45.781: [ParNew: 16058K->1427K(16640K), 0.0006250 secs] 21304K->6789K(53952K), 0.0006520 secs] [Times: user=0.00 sys=0.00, real=0.00 secs] 
45.782: Total time for which application threads were stopped: 0.0007750 seconds, Stopping threads took: 0.0000620 seconds
45.842: Application time: 0.0600590 seconds
45.843: [GC45.843: [ParNew: 16273K->964K(16640K), 0.0006690 secs] 21635K->6954K(53952K), 0.0006960 secs] [Times: user=0.01 sys=0.00, real=0.00 secs] 
45.844: Total time for which application threads were stopped: 0.0022300 seconds, Stopping threads took: 0.0014790 seconds
45.909: Application time: 0.0653990 seconds
45.909: [GC45.909: [ParNew: 15811K->831K(16640K), 0.0005190 secs] 21801K->6820K(53952K), 0.0005470 secs] [Times: user=0.01 sys=0.00, real=0.00 secs] 
45.910: Total time for which application threads were stopped: 0.0006770 seconds, Stopping threads took: 0.0000720 seconds
45.975: Application time: 0.0655850 seconds
45.976: [GC45.976: [ParNew: 15678K->867K(16640K), 0.0004890 secs] 21668K->6857K(53952K), 0.0005170 secs] [Times: user=0.00 sys=0.00, real=0.00 secs] 
45.976: Total time for which application threads were stopped: 0.0006280 seconds, Stopping threads took: 0.0000530 seconds
46.041: Application time: 0.0652930 seconds
46.041: [GC46.042: [ParNew: 15714K->884K(16640K), 0.0004790 secs] 21704K->6874K(53952K), 0.0005070 secs] [Times: user=0.00 sys=0.00, real=0.00 secs] 
46.042: Total time for which application threads were stopped: 0.0006090 seconds, Stopping threads took: 0.0000500 seconds
46.105: Application time: 0.0630400 seconds
46.105: [GC46.105: [ParNew: 15728K->1284K(16640K), 0.0004890 secs] 21718K->7273K(53952K), 0.0005130 secs] [Times: user=0.00 sys=0.00, real=0.00 secs] 
46.106: Total time for which application threads were stopped: 0.0006410 seconds, Stopping threads took: 0.0000670 seconds
46.167: Application time: 0.0609870 seconds
46.167: [GC46.167: [ParNew: 16128K->1086K(16640K), 0.0005420 secs] 22117K->7267K(53952K), 0.0005700 secs] [Times: user=0.00 sys=0.00, real=0.01 secs] 
46.167: Total time for which application threads were stopped: 0.0007020 seconds, Stopping threads took: 0.0000740 seconds
46.234: Application time: 0.0670490 seconds
46.235: [GC46.235: [ParNew: 15931K->698K(16640K), 0.0005130 secs] 22112K->7258K(53952K), 0.0005410 secs] [Times: user=0.00 sys=0.00, real=0.00 secs] 
46.235: Total time for which application threads were stopped: 0.0006800 seconds, Stopping threads took: 0.0000790 seconds
46.303: Application time: 0.0674660 seconds
46.303: [GC46.303: [ParNew: 15545K->637K(16640K), 0.0004010 secs] 22105K->7198K(53952K), 0.0004290 secs] [Times: user=0.00 sys=0.00, real=0.00 secs] 
46.303: Total time for which application threads were stopped: 0.0005390 seconds, Stopping threads took: 0.0000590 seconds
46.370: Application time: 0.0671840 seconds
46.370: [GC46.370: [ParNew: 15485K->614K(16640K), 0.0004970 secs] 22045K->7175K(53952K), 0.0005220 secs] [Times: user=0.00 sys=0.00, real=0.00 secs] 
46.371: Total time for which application threads were stopped: 0.0006250 seconds, Stopping threads took: 0.0000480 seconds
46.438: Application time: 0.0672650 seconds
46.438: [GC46.438: [ParNew: 15462K->618K(16640K), 0.0004660 secs] 22022K->7179K(53952K), 0.0005000 secs] [Times: user=0.00 sys=0.00, real=0.00 secs] 
46.439: Total time for which application threads were stopped: 0.0005970 seconds, Stopping threads took: 0.0000470 seconds
46.506: Application time: 0.0674150 seconds
46.506: [GC46.506: [ParNew: 15466K->619K(16640K), 0.0004520 secs] 22026K->7180K(53952K), 0.0004760 secs] [Times: user=0.00 sys=0.00, real=0.00 secs] 
46.507: Total time for which application threads were stopped: 0.0005840 seconds, Stopping threads took: 0.0000550 seconds
46.574: Application time: 0.0670370 seconds
46.574: [GC46.574: [ParNew: 15467K->0K(16640K), 0.0004930 secs] 22027K->7130K(53952K), 0.0005190 secs] [Times: user=0.00 sys=0.00, real=0.00 secs] 
46.575: Total time for which application threads were stopped: 0.0006390 seconds, Stopping threads took: 0.0000620 seconds
46.642: Application time: 0.0678900 seconds
46.642: [GC46.643: [ParNew: 14847K->0K(16640K), 0.0002930 secs] 21978K->7130K(53952K), 0.0003210 secs] [Times: user=0.00 sys=0.00, real=0.00 secs] 
46.643: Total time for which application threads were stopped: 0.0004410 seconds, Stopping threads took: 0.0000610 seconds
46.711: Application time: 0.0676790 seconds
46.711: [GC46.711: [ParNew: 14847K->0K(16640K), 0.0002930 secs] 21978K->7130K(53952K), 0.0003200 secs] [Times: user=0.00 sys=0.00, real=0.00 secs] 
46.711: Total time for which application threads were stopped: 0.0004220 seconds, Stopping threads took: 0.0000470 seconds
46.770: Application time: 0.0594790 seconds
46.771: [GC46.771: [ParNew: 14845K->194K(16640K), 0.0003370 secs] 21976K->7324K(53952K), 0.0003610 secs] [Times: user=0.00 sys=0.00, real=0.00 secs] 
46.771: Total time for which application threads were stopped: 0.0004670 seconds, Stopping threads took: 0.0000500 seconds
46.826: Application time: 0.0550210 seconds
46.826: [GC46.826: [ParNew: 15041K->198K(16640K), 0.0003210 secs] 22172K->7329K(53952K), 0.0003480 secs] [Times: user=0.00 sys=0.00, real=0.00 secs] 
46.826: Total time for which application threads were stopped: 0.0004640 seconds, Stopping threads took: 0.0000590 seconds
46.892: Application time: 0.0658200 seconds
46.892: [GC46.892: [ParNew: 15045K->200K(16640K), 0.0004220 secs] 22175K->7331K(53952K), 0.0004470 secs] [Times: user=0.00 sys=0.00, real=0.00 secs] 
46.893: Total time for which application threads were stopped: 0.0005710 seconds, Stopping threads took: 0.0000740 seconds
46.960: Application time: 0.0672040 seconds
46.960: [GC46.960: [ParNew: 15048K->199K(16640K), 0.0003210 secs] 22179K->7329K(53952K), 0.0003500 secs] [Times: user=0.00 sys=0.00, real=0.00 secs] 
46.960: Total time for which application threads were stopped: 0.0004770 seconds, Stopping threads took: 0.0000730 seconds
47.027: Application time: 0.0668720 seconds
47.027: [GC47.027: [ParNew: 15046K->199K(16640K), 0.0003900 secs] 22177K->7330K(53952K), 0.0004150 secs] [Times: user=0.00 sys=0.00, real=0.00 secs] 
47.028: Total time for which application threads were stopped: 0.0005250 seconds, Stopping threads took: 0.0000540 seconds
47.085: Application time: 0.0567050 seconds
47.085: [GC47.085: [ParNew: 15043K->386K(16640K), 0.0003740 secs] 22174K->7517K(53952K), 0.0004010 secs] [Times: user=0.00 sys=0.00, real=0.00 secs] 
47.085: Total time for which application threads were stopped: 0.0005300 seconds, Stopping threads took: 0.0000700 seconds
47.138: Application time: 0.0530990 seconds
47.138: [GC47.138: [ParNew: 15232K->577K(16640K), 0.0004260 secs] 22363K->7708K(53952K), 0.0004530 secs] [Times: user=0.00 sys=0.00, real=0.00 secs] 
47.139: Total time for which application threads were stopped: 0.0005770 seconds, Stopping threads took: 0.0000640 seconds
47.187: Application time: 0.0484870 seconds
47.187: [GC47.187: [ParNew: 15421K->607K(16640K), 0.0003740 secs] 22552K->7738K(53952K), 0.0004000 secs] [Times: user=0.00 sys=0.00, real=0.00 secs] 
47.188: Total time for which application threads were stopped: 0.0005170 seconds, Stopping threads took: 0.0000540 seconds
47.251: Application time: 0.0633270 seconds
47.251: [GC47.251: [ParNew: 15451K->652K(16640K), 0.0004730 secs] 22582K->7782K(53952K), 0.0005090 secs] [Times: user=0.00 sys=0.00, real=0.00 secs] 
47.252: Total time for which application threads were stopped: 0.0006210 seconds, Stopping threads took: 0.0000590 seconds
47.319: Application time: 0.0668220 seconds
47.319: [GC47.319: [ParNew: 15499K->668K(16640K), 0.0004920 secs] 22630K->7799K(53952K), 0.0005190 secs] [Times: user=0.00 sys=0.00, real=0.01 secs] 
47.319: Total time for which application threads were stopped: 0.0006360 seconds, Stopping threads took: 0.0000590 seconds
47.386: Application time: 0.0670590 seconds
47.386: [GC47.386: [ParNew: 15513K->723K(16640K), 0.0004100 secs] 22644K->7854K(53952K), 0.0004370 secs] [Times: user=0.01 sys=0.00, real=0.00 secs] 
47.387: Total time for which application threads were stopped: 0.0005580 seconds, Stopping threads took: 0.0000640 seconds
47.428: Application time: 0.0411630 seconds
47.428: [GC47.428: [ParNew: 15571K->1259K(16640K), 0.0005250 secs] 22701K->8390K(53952K), 0.0005500 secs] [Times: user=0.00 sys=0.00, real=0.00 secs] 
47.429: Total time for which application threads were stopped: 0.0006530 seconds, Stopping threads took: 0.0000450 seconds
47.454: Application time: 0.0253110 seconds
47.454: [GC47.454: [ParNew: 16104K->1259K(16640K), 0.0006940 secs] 23234K->9017K(53952K), 0.0007210 secs] [Times: user=0.00 sys=0.00, real=0.00 secs] 
47.455: Total time for which application threads were stopped: 0.0008240 seconds, Stopping threads took: 0.0000450 seconds
47.486: Application time: 0.0316850 seconds
47.487: [GC47.487: [ParNew: 16103K->1278K(16640K), 0.0005410 secs] 23861K->9036K(53952K), 0.0005680 secs] [Times: user=0.01 sys=0.00, real=0.01 secs] 
47.487: Total time for which application threads were stopped: 0.0006820 seconds, Stopping threads took: 0.0000550 seconds
47.543: Application time: 0.0557740 seconds
47.543: [GC47.543: [ParNew: 16122K->1420K(16640K), 0.0005920 secs] 23880K->9293K(53952K), 0.0006170 secs] [Times: user=0.00 sys=0.00, real=0.00 secs] 
47.544: Total time for which application threads were stopped: 0.0007230 seconds, Stopping threads took: 0.0000560 seconds
47.607: Application time: 0.0629010 seconds
47.607: [GC47.607: [ParNew: 16264K->741K(16640K), 0.0005730 secs] 24137K->9431K(53952K), 0.0006000 secs] [Times: user=0.00 sys=0.00, real=0.01 secs] 
47.607: Total time for which application threads were stopped: 0.0007080 seconds, Stopping threads took: 0.0000560 seconds
47.673: Application time: 0.0654100 seconds
47.673: [GC47.673: [ParNew: 15588K->625K(16640K), 0.0004000 secs] 24279K->9316K(53952K), 0.0004280 secs] [Times: user=0.00 sys=0.00, real=0.00 secs] 
47.673: Total time for which application threads were stopped: 0.0005290 seconds, Stopping threads took: 0.0000420 seconds
47.739: Application time: 0.0654980 seconds
47.739: [GC47.739: [ParNew: 15473K->627K(16640K), 0.0003910 secs] 24164K->9318K(53952K), 0.0004190 secs] [Times: user=0.01 sys=0.00, real=0.01 secs] 
47.739: Total time for which application threads were stopped: 0.0005520 seconds, Stopping threads took: 0.0000650 seconds
47.805: Application time: 0.0654460 seconds
47.805: [GC47.805: [ParNew: 15474K->621K(16640K), 0.0004500 secs] 24165K->9312K(53952K), 0.0004770 secs] [Times: user=0.00 sys=0.00, real=0.00 secs] 
47.805: Total time for which application threads were stopped: 0.0005960 seconds, Stopping threads took: 0.0000660 seconds
47.865: Application time: 0.0598080 seconds
47.865: Total time for which application threads were stopped: 0.0000910 seconds, Stopping threads took: 0.0000670 seconds
47.865: Application time: 0.0000470 seconds
47.865: [GC47.865: [ParNew: 15561K->1235K(16640K), 0.0006020 secs] 24252K->9926K(53952K), 0.0006330 secs] [Times: user=0.00 sys=0.00, real=0.00 secs] 
47.866: Total time for which application threads were stopped: 0.0006970 seconds, Stopping threads took: 0.0000240 seconds
47.930: Application time: 0.0636290 seconds
47.930: [GC47.930: [ParNew: 16082K->1096K(16640K), 0.0006120 secs] 24772K->9977K(53952K), 0.0006490 secs] [Times: user=0.01 sys=0.00, real=0.00 secs] 
47.930: Total time for which application threads were stopped: 0.0007620 seconds, Stopping threads took: 0.0000550 seconds
47.997: Application time: 0.0666950 seconds
47.997: [GC47.997: [ParNew: 15944K->483K(16640K), 0.0005360 secs] 24825K->9934K(53952K), 0.0005640 secs] [Times: user=0.00 sys=0.00, real=0.00 secs] 
47.998: Total time for which application threads were stopped: 0.0006670 seconds, Stopping threads took: 0.0000510 seconds
48.065: Application time: 0.0673040 seconds
48.065: [GC48.065: [ParNew: 15330K->447K(16640K), 0.0003660 secs] 24781K->9898K(53952K), 0.0003930 secs] [Times: user=0.01 sys=0.00, real=0.00 secs] 
48.066: Total time for which application threads were stopped: 0.0005220 seconds, Stopping threads took: 0.0000710 seconds
48.133: Application time: 0.0671670 seconds
48.133: [GC48.133: [ParNew: 15295K->407K(16640K), 0.0003610 secs] 24746K->9858K(53952K), 0.0003870 secs] [Times: user=0.00 sys=0.00, real=0.00 secs] 
48.133: Total time for which application threads were stopped: 0.0005190 seconds, Stopping threads took: 0.0000730 seconds
48.201: Application time: 0.0673280 seconds
48.201: [GC48.201: [ParNew: 15255K->426K(16640K), 0.0003830 secs] 24706K->9877K(53952K), 0.0004100 secs] [Times: user=0.00 sys=0.00, real=0.00 secs] 
48.201: Total time for which application threads were stopped: 0.0005430 seconds, Stopping threads took: 0.0000810 seconds
48.269: Application time: 0.0679060 seconds
48.269: [GC48.269: [ParNew: 15274K->428K(16640K), 0.0003580 secs] 24725K->9880K(53952K), 0.0003840 secs] [Times: user=0.00 sys=0.00, real=0.00 secs] 
48.270: Total time for which application threads were stopped: 0.0005140 seconds, Stopping threads took: 0.0000650 seconds
48.337: Application time: 0.0674720 seconds
48.337: [GC48.337: [ParNew: 15276K->0K(16640K), 0.0004050 secs] 24727K->9831K(53952K), 0.0004320 secs] [Times: user=0.01 sys=0.00, real=0.00 secs] 
48.338: Total time for which application threads were stopped: 0.0005390 seconds, Stopping threads took: 0.0000470 seconds
48.405: Application time: 0.0678890 seconds
48.406: [GC48.406: [ParNew: 14847K->0K(16640K), 0.0003690 secs] 24678K->9831K(53952K), 0.0003940 secs] [Times: user=0.00 sys=0.00, real=0.00 secs] 
48.406: Total time for which application threads were stopped: 0.0005100 seconds, Stopping threads took: 0.0000650 seconds
48.474: Application time: 0.0680030 seconds
48.474: [GC48.474: [ParNew: 14847K->0K(16640K), 0.0002890 secs] 24678K->9831K(53952K), 0.0003150 secs] [Times: user=0.00 sys=0.00, real=0.00 secs] 
48.474: Total time for which application threads were stopped: 0.0004370 seconds, Stopping threads took: 0.0000670 seconds
48.528: Application time: 0.0535610 seconds
48.528: [GC48.528: [ParNew: 14847K->192K(16640K), 0.0003940 secs] 24679K->10023K(53952K), 0.0004230 secs] [Times: user=0.00 sys=0.00, real=0.00 secs] 
48.528: Total time for which application threads were stopped: 0.0005370 seconds, Stopping threads took: 0.0000540 seconds
48.590: Application time: 0.0613740 seconds
48.590: [GC48.590: [ParNew: 15036K->198K(16640K), 0.0003560 secs] 24867K->10029K(53952K), 0.0003850 secs] [Times: user=0.01 sys=0.00, real=0.00 secs] 
48.590: Total time for which application threads were stopped: 0.0005060 seconds, Stopping threads took: 0.0000630 seconds
48.657: Application time: 0.0667810 seconds
48.657: [GC48.657: [ParNew: 15043K->201K(16640K), 0.0003330 secs] 24874K->10032K(53952K), 0.0003600 secs] [Times: user=0.00 sys=0.00, real=0.00 secs] 
48.658: Total time for which application threads were stopped: 0.0004590 seconds, Stopping threads took: 0.0000460 seconds
48.725: Application time: 0.0673600 seconds
48.725: [GC48.725: [ParNew: 15048K->202K(16640K), 0.0003640 secs] 24879K->10033K(53952K), 0.0003910 secs] [Times: user=0.00 sys=0.00, real=0.00 secs] 
48.725: Total time for which application threads were stopped: 0.0005080 seconds, Stopping threads took: 0.0000590 seconds
48.792: Application time: 0.0668020 seconds
48.792: [GC48.792: [ParNew: 15049K->203K(16640K), 0.0003180 secs] 24880K->10034K(53952K), 0.0003540 secs] [Times: user=0.01 sys=0.00, real=0.00 secs] 
48.793: Total time for which application threads were stopped: 0.0004660 seconds, Stopping threads took: 0.0000520 seconds
48.845: Application time: 0.0525010 seconds
48.845: [GC48.845: [ParNew: 15049K->387K(16640K), 0.0004030 secs] 24881K->10219K(53952K), 0.0004280 secs] [Times: user=0.00 sys=0.00, real=0.00 secs] 
48.846: Total time for which application threads were stopped: 0.0005650 seconds, Stopping threads took: 0.0000850 seconds
48.896: Application time: 0.0504060 seconds
48.896: [GC48.896: [ParNew: 15232K->582K(16640K), 0.0004220 secs] 25063K->10413K(53952K), 0.0004480 secs] [Times: user=0.01 sys=0.00, real=0.00 secs] 
48.897: Total time for which application threads were stopped: 0.0005600 seconds, Stopping threads took: 0.0000590 seconds
48.951: Application time: 0.0545140 seconds
48.951: [GC48.951: [ParNew: 15427K->623K(16640K), 0.0004950 secs] 25259K->10454K(53952K), 0.0005230 secs] [Times: user=0.00 sys=0.00, real=0.00 secs] 
48.952: Total time for which application threads were stopped: 0.0006600 seconds, Stopping threads took: 0.0000850 seconds
49.017: Application time: 0.0650010 seconds
49.017: [GC49.017: [ParNew: 15471K->670K(16640K), 0.0005100 secs] 25302K->10501K(53952K), 0.0005360 secs] [Times: user=0.00 sys=0.00, real=0.00 secs] 
49.018: Total time for which application threads were stopped: 0.0006640 seconds, Stopping threads took: 0.0000710 seconds
49.084: Application time: 0.0666750 seconds
49.084: [GC49.084: [ParNew: 15517K->672K(16640K), 0.0004460 secs] 25349K->10504K(53952K), 0.0004730 secs] [Times: user=0.01 sys=0.00, real=0.00 secs] 
49.085: Total time for which application threads were stopped: 0.0006010 seconds, Stopping threads took: 0.0000720 seconds
49.150: Application time: 0.0646920 seconds
49.151: [GC49.151: [ParNew: 15433K->949K(16640K), 0.0004720 secs] 25264K->10780K(53952K), 0.0005000 secs] [Times: user=0.01 sys=0.00, real=0.00 secs] 
49.152: Total time for which application threads were stopped: 0.0020330 seconds, Stopping threads took: 0.0014810 seconds
49.181: Application time: 0.0294860 seconds
49.181: [GC49.181: [ParNew: 15796K->1072K(16640K), 0.0006030 secs] 25627K->11312K(53952K), 0.0006300 secs] [Times: user=0.00 sys=0.00, real=0.00 secs] 
49.182: Total time for which application threads were stopped: 0.0007500 seconds, Stopping threads took: 0.0000620 seconds
49.211: Application time: 0.0287900 seconds
49.211: [GC49.211: [ParNew: 15918K->937K(16640K), 0.0005700 secs] 26158K->11396K(53952K), 0.0005980 secs] [Times: user=0.01 sys=0.00, real=0.00 secs] 
49.211: Total time for which application threads were stopped: 0.0007260 seconds, Stopping threads took: 0.0000670 seconds
49.256: Application time: 0.0442200 seconds
49.256: [GC49.256: [ParNew: 15784K->1467K(16640K), 0.0005350 secs] 26243K->11926K(53952K), 0.0005620 secs] [Times: user=0.00 sys=0.00, real=0.00 secs] 
49.256: Total time for which application threads were stopped: 0.0006710 seconds, Stopping threads took: 0.0000530 seconds
49.307: Application time: 0.0508950 seconds
49.307: [GC49.307: [ParNew: 16312K->1592K(16640K), 0.0006730 secs] 26770K->12137K(53952K), 0.0007010 secs] [Times: user=0.00 sys=0.00, real=0.00 secs] 
49.308: Total time for which application threads were stopped: 0.0008180 seconds, Stopping threads took: 0.0000510 seconds
49.371: Application time: 0.0626840 seconds
49.371: [GC49.371: [ParNew: 16437K->623K(16640K), 0.0006510 secs] 26982K->12204K(53952K), 0.0006800 secs] [Times: user=0.01 sys=0.00, real=0.00 secs] 
49.372: Total time for which application threads were stopped: 0.0008140 seconds, Stopping threads took: 0.0000750 seconds
49.437: Application time: 0.0658470 seconds
49.437: [GC49.437: [ParNew: 15468K->417K(16640K), 0.0003660 secs] 27050K->11999K(53952K), 0.0003920 secs] [Times: user=0.00 sys=0.00, real=0.00 secs] 
49.438: Total time for which application threads were stopped: 0.0005100 seconds, Stopping threads took: 0.0000610 seconds
49.504: Application time: 0.0659840 seconds
49.504: [GC49.504: [ParNew: 15265K->407K(16640K), 0.0003730 secs] 26846K->11989K(53952K), 0.0004070 secs] [Times: user=0.01 sys=0.00, real=0.00 secs] 
49.504: Total time for which application threads were stopped: 0.0005010 seconds, Stopping threads took: 0.0000400 seconds
49.570: Application time: 0.0654430 seconds
49.570: [GC49.570: [ParNew: 15253K->413K(16640K), 0.0004080 secs] 26834K->11995K(53952K), 0.0004340 secs] [Times: user=0.00 sys=0.00, real=0.00 secs] 
49.570: Total time for which application threads were stopped: 0.0005620 seconds, Stopping threads took: 0.0000720 seconds
49.629: Application time: 0.0586830 seconds
49.629: [GC49.629: [ParNew: 15260K->1183K(16640K), 0.0005800 secs] 26841K->12765K(53952K), 0.0006070 secs] [Times: user=0.00 sys=0.00, real=0.00 secs] 
49.630: Total time for which application threads were stopped: 0.0007180 seconds, Stopping threads took: 0.0000510 seconds
49.695: Application time: 0.0647350 seconds
49.695: [GC49.695: [ParNew: 16028K->1082K(16640K), 0.0005240 secs] 27609K->12854K(53952K), 0.0005500 secs] [Times: user=0.00 sys=0.00, real=0.00 secs] 
49.695: Total time for which application threads were stopped: 0.0006610 seconds, Stopping threads took: 0.0000600 seconds
49.762: Application time: 0.0672480 seconds
49.763: [GC49.763: [ParNew: 15930K->336K(16640K), 0.0005140 secs] 27701K->12868K(53952K), 0.0005400 secs] [Times: user=0.01 sys=0.00, real=0.00 secs] 
49.763: Total time for which application threads were stopped: 0.0006440 seconds, Stopping threads took: 0.0000490 seconds
49.831: Application time: 0.0674400 seconds
49.831: [GC49.831: [ParNew: 15184K->229K(16640K), 0.0003880 secs] 27716K->12761K(53952K), 0.0004160 secs] [Times: user=0.00 sys=0.00, real=0.00 secs] 
49.831: Total time for which application threads were stopped: 0.0005550 seconds, Stopping threads took: 0.0000720 seconds
49.898: Application time: 0.0673370 seconds
49.899: [GC49.899: [ParNew: 15076K->204K(16640K), 0.0003980 secs] 27608K->12736K(53952K), 0.0004250 secs] [Times: user=0.00 sys=0.00, real=0.00 secs] 
49.899: Total time for which application threads were stopped: 0.0005390 seconds, Stopping threads took: 0.0000630 seconds
49.967: Application time: 0.0676590 seconds
49.967: [GC49.967: [ParNew: 15049K->205K(16640K), 0.0004010 secs] 27581K->12737K(53952K), 0.0004280 secs] [Times: user=0.01 sys=0.00, real=0.01 secs] 
49.967: Total time for which application threads were stopped: 0.0005390 seconds, Stopping threads took: 0.0000560 seconds
50.035: Application time: 0.0675160 seconds
50.035: [GC50.035: [ParNew: 15052K->201K(16640K), 0.0003690 secs] 27584K->12733K(53952K), 0.0003960 secs] [Times: user=0.00 sys=0.00, real=0.00 secs] 
50.035: Total time for which application threads were stopped: 0.0005110 seconds, Stopping threads took: 0.0000590 seconds
50.103: Application time: 0.0675380 seconds
50.103: [GC50.103: [ParNew: 15049K->0K(16640K), 0.0004310 secs] 27581K->12721K(53952K), 0.0004580 secs] [Times: user=0.00 sys=0.00, real=0.00 secs] 
50.103: Total time for which application threads were stopped: 0.0005800 seconds, Stopping threads took: 0.0000700 seconds
50.171: Application time: 0.0675560 seconds
50.171: [GC50.171: [ParNew: 14847K->0K(16640K), 0.0003030 secs] 27569K->12721K(53952K), 0.0003320 secs] [Times: user=0.00 sys=0.01, real=0.00 secs] 
50.171: Total time for which application threads were stopped: 0.0004460 seconds, Stopping threads took: 0.0000600 seconds
50.239: Application time: 0.0673620 seconds
50.239: [GC50.239: [ParNew: 14847K->0K(16640K), 0.0002820 secs] 27569K->12721K(53952K), 0.0003070 secs] [Times: user=0.00 sys=0.00, real=0.01 secs] 
50.239: Total time for which application threads were stopped: 0.0004200 seconds, Stopping threads took: 0.0000560 seconds
50.290: Application time: 0.0511410 seconds
50.290: [GC50.290: [ParNew: 14846K->194K(16640K), 0.0003490 secs] 27568K->12916K(53952K), 0.0003740 secs] [Times: user=0.01 sys=0.00, real=0.00 secs] 
50.291: Total time for which application threads were stopped: 0.0004810 seconds, Stopping threads took: 0.0000500 seconds
50.353: Application time: 0.0625600 seconds
50.353: [GC50.353: [ParNew: 15038K->196K(16640K), 0.0004270 secs] 27760K->12918K(53952K), 0.0004610 secs] [Times: user=0.00 sys=0.00, real=0.00 secs] 
50.354: Total time for which application threads were stopped: 0.0005810 seconds, Stopping threads took: 0.0000580 seconds
50.420: Application time: 0.0658570 seconds
50.420: [GC50.420: [ParNew: 15042K->198K(16640K), 0.0003480 secs] 27764K->12920K(53952K), 0.0003750 secs] [Times: user=0.00 sys=0.00, real=0.00 secs] 
50.420: Total time for which application threads were stopped: 0.0004880 seconds, Stopping threads took: 0.0000590 seconds
50.488: Application time: 0.0677080 seconds
50.488: [GC50.488: [ParNew: 15044K->196K(16640K), 0.0003660 secs] 27766K->12918K(53952K), 0.0003900 secs] [Times: user=0.00 sys=0.00, real=0.00 secs] 
50.488: Total time for which application threads were stopped: 0.0005500 seconds, Stopping threads took: 0.0001090 seconds
50.555: Application time: 0.0664620 seconds
50.555: [GC50.555: [ParNew: 15044K->204K(16640K), 0.0003800 secs] 27766K->12926K(53952K), 0.0004070 secs] [Times: user=0.01 sys=0.00, real=0.00 secs] 
50.555: Total time for which application threads were stopped: 0.0005410 seconds, Stopping threads took: 0.0000790 seconds
50.606: Application time: 0.0510250 seconds
50.607: [GC50.607: [ParNew: 15048K->380K(16640K), 0.0003850 secs] 27770K->13102K(53952K), 0.0004130 secs] [Times: user=0.00 sys=0.00, real=0.00 secs] 
50.607: Total time for which application threads were stopped: 0.0005360 seconds, Stopping threads took: 0.0000660 seconds
50.654: Application time: 0.0464930 seconds
50.654: [GC50.654: [ParNew: 15224K->584K(16640K), 0.0003840 secs] 27946K->13306K(53952K), 0.0004100 secs] [Times: user=0.01 sys=0.00, real=0.00 secs] 
50.654: Total time for which application threads were stopped: 0.0005230 seconds, Stopping threads took: 0.0000620 seconds
50.713: Application time: 0.0590420 seconds
50.713: [GC50.713: [ParNew: 15430K->625K(16640K), 0.0004000 secs] 28152K->13347K(53952K), 0.0004260 secs] [Times: user=0.00 sys=0.00, real=0.00 secs] 
50.714: Total time for which application threads were stopped: 0.0005490 seconds, Stopping threads took: 0.0000690 seconds
50.779: Application time: 0.0652100 seconds
50.779: [GC50.779: [ParNew: 15470K->651K(16640K), 0.0004220 secs] 28192K->13373K(53952K), 0.0004480 secs] [Times: user=0.00 sys=0.00, real=0.01 secs] 
50.779: Total time for which application threads were stopped: 0.0005550 seconds, Stopping threads took: 0.0000510 seconds
50.846: Application time: 0.0670830 seconds
50.847: [GC50.847: [ParNew: 15497K->692K(16640K), 0.0004660 secs] 28219K->13414K(53952K), 0.0004940 secs] [Times: user=0.00 sys=0.00, real=0.01 secs] 
50.847: Total time for which application threads were stopped: 0.0005970 seconds, Stopping threads took: 0.0000510 seconds
50.904: Application time: 0.0565010 seconds
50.907: [GC50.907: [ParNew: 15539K->1069K(16640K), 0.0005550 secs] 28261K->13791K(53952K), 0.0005810 secs] [Times: user=0.00 sys=0.00, real=0.00 secs] 
50.908: Total time for which application threads were stopped: 0.0041430 seconds, Stopping threads took: 0.0035010 seconds
50.936: Application time: 0.0283810 seconds
50.936: [GC50.936: [ParNew: 15914K->1165K(16640K), 0.0006260 secs] 28636K->14296K(53952K), 0.0006550 secs] [Times: user=0.01 sys=0.00, real=0.00 secs] 
50.937: Total time for which application threads were stopped: 0.0007530 seconds, Stopping threads took: 0.0000360 seconds
50.972: Application time: 0.0349090 seconds
50.972: [GC50.972: [ParNew: 16012K->951K(16640K), 0.0005570 secs] 29142K->14300K(53952K), 0.0005850 secs] [Times: user=0.01 sys=0.00, real=0.00 secs] 
50.972: Total time for which application threads were stopped: 0.0006980 seconds, Stopping threads took: 0.0000540 seconds
51.014: Application time: 0.0412210 seconds
51.014: [GC51.014: [ParNew: 15795K->1439K(16640K), 0.0005520 secs] 29145K->14788K(53952K), 0.0005790 secs] [Times: user=0.01 sys=0.00, real=0.00 secs] 
51.014: Total time for which application threads were stopped: 0.0006990 seconds, Stopping threads took: 0.0000530 seconds
51.070: Application time: 0.0552110 seconds
51.070: [GC51.070: [ParNew: 16284K->1727K(16640K), 0.0006300 secs] 29634K->15162K(53952K), 0.0006570 secs] [Times: user=0.00 sys=0.00, real=0.00 secs] 
51.070: Total time for which application threads were stopped: 0.0007760 seconds, Stopping threads took: 0.0000610 seconds
51.134: Application time: 0.0637450 seconds
51.134: [GC51.134: [ParNew: 16571K->259K(16640K), 0.0006580 secs] 30007K->14921K(53952K), 0.0006850 secs] [Times: user=0.01 sys=0.00, real=0.00 secs] 
51.135: Total time for which application threads were stopped: 0.0007930 seconds, Stopping threads took: 0.0000480 seconds
51.200: Application time: 0.0654270 seconds
51.200: [GC51.201: [ParNew: 15106K->284K(16640K), 0.0003400 secs] 29768K->14946K(53952K), 0.0003690 secs] [Times: user=0.00 sys=0.00, real=0.00 secs] 
51.201: Total time for which application threads were stopped: 0.0004950 seconds, Stopping threads took: 0.0000760 seconds
51.267: Application time: 0.0657660 seconds
51.267: [GC51.267: [ParNew: 15131K->210K(16640K), 0.0003480 secs] 29793K->14873K(53952K), 0.0003750 secs] [Times: user=0.00 sys=0.00, real=0.01 secs] 
51.267: Total time for which application threads were stopped: 0.0004950 seconds, Stopping threads took: 0.0000630 seconds
51.331: Application time: 0.0638760 seconds
51.331: [GC51.331: [ParNew: 15057K->584K(16640K), 0.0004040 secs] 29719K->15246K(53952K), 0.0004300 secs] [Times: user=0.01 sys=0.00, real=0.00 secs] 
51.332: Total time for which application threads were stopped: 0.0005640 seconds, Stopping threads took: 0.0000760 seconds
51.392: Application time: 0.0606530 seconds
51.392: [GC51.392: [ParNew: 15431K->1003K(16640K), 0.0005430 secs] 30093K->15665K(53952K), 0.0005700 secs] [Times: user=0.01 sys=0.00, real=0.00 secs] 
51.393: Total time for which application threads were stopped: 0.0006750 seconds, Stopping threads took: 0.0000450 seconds
51.458: Application time: 0.0651480 seconds
51.458: [GC51.458: [ParNew: 15850K->1013K(16640K), 0.0005030 secs] 30512K->15675K(53952K), 0.0005300 secs] [Times: user=0.01 sys=0.00, real=0.00 secs] 
51.459: Total time for which application threads were stopped: 0.0006720 seconds, Stopping threads took: 0.0000790 seconds
51.526: Application time: 0.0672790 seconds
51.526: [GC51.526: [ParNew: 15860K->253K(16640K), 0.0005340 secs] 30523K->15676K(53952K), 0.0005620 secs] [Times: user=0.01 sys=0.00, real=0.00 secs] 
51.527: Total time for which application threads were stopped: 0.0006710 seconds, Stopping threads took: 0.0000510 seconds
51.594: Application time: 0.0675430 seconds
51.594: [GC51.594: [ParNew: 15101K->240K(16640K), 0.0003260 secs] 30523K->15663K(53952K), 0.0003540 secs] [Times: user=0.00 sys=0.00, real=0.00 secs] 
51.595: Total time for which application threads were stopped: 0.0004890 seconds, Stopping threads took: 0.0000780 seconds
51.663: Application time: 0.0677980 seconds
51.663: [GC51.663: [ParNew: 15088K->207K(16640K), 0.0003010 secs] 30510K->15629K(53952K), 0.0003270 secs] [Times: user=0.00 sys=0.00, real=0.00 secs] 
51.663: Total time for which application threads were stopped: 0.0004320 seconds, Stopping threads took: 0.0000520 seconds
51.731: Application time: 0.0676450 seconds
51.731: [GC51.731: [ParNew: 15054K->203K(16640K), 0.0003680 secs] 30477K->15625K(53952K), 0.0003950 secs] [Times: user=0.00 sys=0.00, real=0.00 secs] 
51.731: Total time for which application threads were stopped: 0.0005170 seconds, Stopping threads took: 0.0000660 seconds
51.799: Application time: 0.0675210 seconds
51.799: [GC51.799: [ParNew: 15050K->204K(16640K), 0.0003420 secs] 30473K->15627K(53952K), 0.0003690 secs] [Times: user=0.00 sys=0.00, real=0.01 secs] 
51.799: Total time for which application threads were stopped: 0.0004780 seconds, Stopping threads took: 0.0000570 seconds
51.867: Application time: 0.0674240 seconds
51.867: [GC51.867: [ParNew: 15052K->0K(16640K), 0.0004190 secs] 30474K->15612K(53952K), 0.0004430 secs] [Times: user=0.00 sys=0.00, real=0.01 secs] 
51.867: Total time for which application threads were stopped: 0.0005570 seconds, Stopping threads took: 0.0000520 seconds
51.935: Application time: 0.0675450 seconds
51.935: [GC51.935: [ParNew: 14847K->0K(16640K), 0.0003490 secs] 30459K->15612K(53952K), 0.0003760 secs] [Times: user=0.00 sys=0.00, real=0.00 secs] 
51.935: Total time for which application threads were stopped: 0.0005050 seconds, Stopping threads took: 0.0000710 seconds
51.999: Application time: 0.0636130 seconds
51.999: [GC51.999: [ParNew: 14845K->194K(16640K), 0.0003380 secs] 30457K->15807K(53952K), 0.0003640 secs] [Times: user=0.00 sys=0.00, real=0.01 secs] 
51.999: Total time for which application threads were stopped: 0.0004680 seconds, Stopping threads took: 0.0000470 seconds
52.051: Application time: 0.0522350 seconds
52.052: [GC52.052: [ParNew: 15041K->198K(16640K), 0.0003540 secs] 30653K->15811K(53952K), 0.0003800 secs] [Times: user=0.01 sys=0.00, real=0.00 secs] 
52.052: Total time for which application threads were stopped: 0.0004890 seconds, Stopping threads took: 0.0000580 seconds
52.118: Application time: 0.0659280 seconds
52.118: [GC52.118: [ParNew: 15046K->201K(16640K), 0.0003240 secs] 30658K->15813K(53952K), 0.0003520 secs] [Times: user=0.00 sys=0.00, real=0.00 secs] 
52.118: Total time for which application threads were stopped: 0.0005050 seconds, Stopping threads took: 0.0000970 seconds
52.187: Application time: 0.0682800 seconds
52.187: [GC52.187: [ParNew: 15046K->202K(16640K), 0.0003600 secs] 30659K->15815K(53952K), 0.0003890 secs] [Times: user=0.01 sys=0.00, real=0.01 secs] 
52.187: Total time for which application threads were stopped: 0.0005010 seconds, Stopping threads took: 0.0000540 seconds
52.254: Application time: 0.0670000 seconds
52.254: [GC52.254: [ParNew: 15049K->202K(16640K), 0.0003470 secs] 30662K->15815K(53952K), 0.0003730 secs] [Times: user=0.00 sys=0.00, real=0.00 secs] 
52.255: Total time for which application threads were stopped: 0.0004740 seconds, Stopping threads took: 0.0000520 seconds
52.316: Application time: 0.0615300 seconds
52.316: [GC52.316: [ParNew: 15043K->264K(16640K), 0.0003430 secs] 30655K->15876K(53952K), 0.0003680 secs] [Times: user=0.00 sys=0.00, real=0.00 secs] 
52.317: Total time for which application threads were stopped: 0.0004860 seconds, Stopping threads took: 0.0000610 seconds
52.363: Application time: 0.0460930 seconds
52.363: [GC52.363: [ParNew: 15109K->574K(16640K), 0.0005260 secs] 30722K->16187K(53952K), 0.0005550 secs] [Times: user=0.00 sys=0.00, real=0.00 secs] 
52.363: Total time for which application threads were stopped: 0.0006630 seconds, Stopping threads took: 0.0000510 seconds
52.415: Application time: 0.0511100 seconds
52.415: [GC52.415: [ParNew: 15422K->602K(16640K), 0.0004360 secs] 31035K->16215K(53952K), 0.0004640 secs] [Times: user=0.01 sys=0.00, real=0.00 secs] 
52.415: Total time for which application threads were stopped: 0.0005780 seconds, Stopping threads took: 0.0000580 seconds
52.478: Application time: 0.0632330 seconds
52.478: [GC52.478: [ParNew: 15448K->656K(16640K), 0.0004410 secs] 31060K->16269K(53952K), 0.0004680 secs] [Times: user=0.00 sys=0.00, real=0.00 secs] 
52.479: Total time for which application threads were stopped: 0.0005780 seconds, Stopping threads took: 0.0000520 seconds
52.546: Application time: 0.0665750 seconds
52.546: [GC52.546: [ParNew: 15504K->683K(16640K), 0.0004600 secs] 31116K->16295K(53952K), 0.0004880 secs] [Times: user=0.01 sys=0.00, real=0.00 secs] 
52.546: Total time for which application threads were stopped: 0.0006270 seconds, Stopping threads took: 0.0000700 seconds
52.612: Application time: 0.0660370 seconds
52.612: [GC52.612: [ParNew: 15530K->761K(16640K), 0.0004360 secs] 31143K->16373K(53952K), 0.0004630 secs] [Times: user=0.01 sys=0.00, real=0.00 secs] 
52.613: Total time for which application threads were stopped: 0.0005820 seconds, Stopping threads took: 0.0000630 seconds
52.663: Application time: 0.0498080 seconds
52.663: [GC52.663: [ParNew: 15606K->1157K(16640K), 0.0004840 secs] 31219K->16769K(53952K), 0.0005200 secs] [Times: user=0.01 sys=0.00, real=0.00 secs] 
52.663: Total time for which application threads were stopped: 0.0006280 seconds, Stopping threads took: 0.0000490 seconds
52.693: Application time: 0.0300770 seconds
52.693: [GC52.693: [ParNew: 15913K->935K(16640K), 0.0006790 secs] 31525K->17175K(53952K), 0.0007050 secs] [Times: user=0.01 sys=0.00, real=0.00 secs] 
52.694: Total time for which application threads were stopped: 0.0008340 seconds, Stopping threads took: 0.0000710 seconds
52.731: Application time: 0.0364340 seconds
52.731: [GC52.731: [ParNew: 15781K->1122K(16640K), 0.0005200 secs] 32021K->17362K(53952K), 0.0005470 secs] [Times: user=0.00 sys=0.00, real=0.00 secs] 
52.731: Total time for which application threads were stopped: 0.0006660 seconds, Stopping threads took: 0.0000590 seconds
52.773: Application time: 0.0417700 seconds
52.773: [GC52.773: [ParNew: 15965K->1341K(16640K), 0.0005890 secs] 32205K->17667K(53952K), 0.0006160 secs] [Times: user=0.00 sys=0.00, real=0.00 secs] 
52.774: Total time for which application threads were stopped: 0.0007580 seconds, Stopping threads took: 0.0000830 seconds
52.832: Application time: 0.0577840 seconds
52.832: [GC52.832: [ParNew: 16188K->955K(16640K), 0.0006270 secs] 32514K->17938K(53952K), 0.0006570 secs] [Times: user=0.01 sys=0.00, real=0.00 secs] 
52.832: Total time for which application threads were stopped: 0.0008090 seconds, Stopping threads took: 0.0000930 seconds
52.896: Application time: 0.0637590 seconds
52.896: [GC52.896: [ParNew: 15800K->813K(16640K), 0.0020050 secs] 32783K->17796K(53952K), 0.0020360 secs] [Times: user=0.00 sys=0.00, real=0.00 secs] 
52.898: Total time for which application threads were stopped: 0.0021680 seconds, Stopping threads took: 0.0000740 seconds
52.963: Application time: 0.0650570 seconds
52.963: [GC52.963: [ParNew: 15660K->861K(16640K), 0.0004540 secs] 32643K->17844K(53952K), 0.0004790 secs] [Times: user=0.00 sys=0.00, real=0.00 secs] 
52.964: Total time for which application threads were stopped: 0.0006070 seconds, Stopping threads took: 0.0000750 seconds
53.029: Application time: 0.0650150 seconds
53.029: [GC53.029: [ParNew: 15708K->897K(16640K), 0.0004750 secs] 32691K->17880K(53952K), 0.0005030 secs] [Times: user=0.01 sys=0.00, real=0.00 secs] 
53.030: Total time for which application threads were stopped: 0.0006340 seconds, Stopping threads took: 0.0000740 seconds
53.092: Application time: 0.0624440 seconds
53.092: [GC53.092: [ParNew: 15745K->1094K(16640K), 0.0004950 secs] 32728K->18077K(53952K), 0.0005210 secs] [Times: user=0.00 sys=0.00, real=0.00 secs] 
53.093: Total time for which application threads were stopped: 0.0006460 seconds, Stopping threads took: 0.0000530 seconds
53.154: Application time: 0.0612730 seconds
53.154: [GC53.154: [ParNew: 15938K->1027K(16640K), 0.0005730 secs] 32921K->18200K(53952K), 0.0006000 secs] [Times: user=0.00 sys=0.00, real=0.00 secs] 
53.155: Total time for which application threads were stopped: 0.0007300 seconds, Stopping threads took: 0.0000770 seconds
53.220: Application time: 0.0648410 seconds
53.220: [GC53.220: [ParNew: 15871K->1131K(16640K), 0.0004760 secs] 33045K->18304K(53952K), 0.0005040 secs] [Times: user=0.01 sys=0.00, real=0.00 secs] 
53.220: Total time for which application threads were stopped: 0.0006100 seconds, Stopping threads took: 0.0000500 seconds
53.287: Application time: 0.0670830 seconds
53.287: [GC53.287: [ParNew: 15978K->890K(16640K), 0.0005160 secs] 33152K->18268K(53952K), 0.0005430 secs] [Times: user=0.01 sys=0.00, real=0.00 secs] 
53.288: Total time for which application threads were stopped: 0.0006680 seconds, Stopping threads took: 0.0000680 seconds
53.354: Application time: 0.0664900 seconds
53.355: [GC53.355: [ParNew: 15738K->885K(16640K), 0.0004130 secs] 33116K->18263K(53952K), 0.0004390 secs] [Times: user=0.01 sys=0.00, real=0.00 secs] 
53.355: Total time for which application threads were stopped: 0.0005490 seconds, Stopping threads took: 0.0000570 seconds
53.422: Application time: 0.0671420 seconds
53.422: [GC53.422: [ParNew: 15732K->840K(16640K), 0.0005520 secs] 33110K->18217K(53952K), 0.0005770 secs] [Times: user=0.00 sys=0.00, real=0.00 secs] 
53.423: Total time for which application threads were stopped: 0.0006970 seconds, Stopping threads took: 0.0000650 seconds
53.490: Application time: 0.0667970 seconds
53.490: [GC53.490: [ParNew: 15687K->860K(16640K), 0.0004250 secs] 33065K->18238K(53952K), 0.0004510 secs] [Times: user=0.01 sys=0.00, real=0.00 secs] 
53.490: Total time for which application threads were stopped: 0.0005680 seconds, Stopping threads took: 0.0000590 seconds
53.558: Application time: 0.0678690 seconds
53.558: [GC53.558: [ParNew: 15706K->298K(16640K), 0.0004570 secs] 33083K->18232K(53952K), 0.0004840 secs] [Times: user=0.00 sys=0.00, real=0.00 secs] 
53.559: Total time for which application threads were stopped: 0.0005950 seconds, Stopping threads took: 0.0000580 seconds
53.626: Application time: 0.0669260 seconds
53.626: [GC53.626: [ParNew: 15145K->0K(16640K), 0.0004290 secs] 33079K->18123K(53952K), 0.0004560 secs] [Times: user=0.00 sys=0.00, real=0.00 secs] 
53.626: Total time for which application threads were stopped: 0.0005820 seconds, Stopping threads took: 0.0000620 seconds
53.695: Application time: 0.0685470 seconds
53.695: [GC53.695: [ParNew: 14845K->0K(16640K), 0.0003000 secs] 32969K->18123K(53952K), 0.0003260 secs] [Times: user=0.00 sys=0.00, real=0.00 secs] 
53.695: Total time for which application threads were stopped: 0.0004450 seconds, Stopping threads took: 0.0000640 seconds
53.748: Application time: 0.0524100 seconds
53.748: [GC53.748: [ParNew: 14844K->194K(16640K), 0.0003310 secs] 32968K->18318K(53952K), 0.0003560 secs] [Times: user=0.00 sys=0.00, real=0.00 secs] 
53.748: Total time for which application threads were stopped: 0.0004770 seconds, Stopping threads took: 0.0000630 seconds
53.810: Application time: 0.0617050 seconds
53.810: [GC53.810: [ParNew: 15038K->198K(16640K), 0.0004050 secs] 33162K->18322K(53952K), 0.0004340 secs] [Times: user=0.00 sys=0.00, real=0.00 secs] 
53.810: Total time for which application threads were stopped: 0.0005730 seconds, Stopping threads took: 0.0000870 seconds
53.876: Application time: 0.0659130 seconds
53.876: [GC53.876: [ParNew: 15045K->197K(16640K), 0.0003850 secs] 33169K->18320K(53952K), 0.0004110 secs] [Times: user=0.00 sys=0.00, real=0.00 secs] 
53.877: Total time for which application threads were stopped: 0.0005230 seconds, Stopping threads took: 0.0000570 seconds
53.944: Application time: 0.0672220 seconds
53.944: [GC53.944: [ParNew: 15044K->204K(16640K), 0.0003480 secs] 33168K->18328K(53952K), 0.0003740 secs] [Times: user=0.00 sys=0.00, real=0.00 secs] 
53.944: Total time for which application threads were stopped: 0.0004950 seconds, Stopping threads took: 0.0000640 seconds
54.011: Application time: 0.0666110 seconds
54.011: [GC54.011: [ParNew: 15052K->200K(16640K), 0.0003380 secs] 33176K->18324K(53952K), 0.0003640 secs] [Times: user=0.00 sys=0.00, real=0.00 secs] 
54.012: Total time for which application threads were stopped: 0.0004780 seconds, Stopping threads took: 0.0000620 seconds
54.071: Application time: 0.0597440 seconds
54.071: [GC54.071: [ParNew: 15044K->385K(16640K), 0.0004180 secs] 33168K->18509K(53952K), 0.0004460 secs] [Times: user=0.00 sys=0.00, real=0.00 secs] 
54.072: Total time for which application threads were stopped: 0.0005720 seconds, Stopping threads took: 0.0000700 seconds
54.111: Application time: 0.0387900 seconds
54.111: [GC54.111: [ParNew: 15231K->578K(16640K), 0.0004460 secs] 33355K->18702K(53952K), 0.0004730 secs] [Times: user=0.00 sys=0.00, real=0.00 secs] 
54.111: Total time for which application threads were stopped: 0.0006020 seconds, Stopping threads took: 0.0000740 seconds
54.169: Application time: 0.0576380 seconds
54.169: [GC54.169: [ParNew: 15426K->487K(16640K), 0.0003820 secs] 33550K->18611K(53952K), 0.0004080 secs] [Times: user=0.00 sys=0.00, real=0.00 secs] 
54.169: Total time for which application threads were stopped: 0.0005290 seconds, Stopping threads took: 0.0000520 seconds
54.234: Application time: 0.0647200 seconds
54.234: [GC54.234: [ParNew: 15331K->662K(16640K), 0.0004220 secs] 33455K->18785K(53952K), 0.0004580 secs] [Times: user=0.00 sys=0.00, real=0.00 secs] 
54.235: Total time for which application threads were stopped: 0.0006040 seconds, Stopping threads took: 0.0000900 seconds
54.301: Application time: 0.0666460 seconds
54.302: [GC54.302: [ParNew: 15509K->702K(16640K), 0.0004530 secs] 33633K->18826K(53952K), 0.0004800 secs] [Times: user=0.00 sys=0.00, real=0.00 secs] 
54.302: Total time for which application threads were stopped: 0.0005950 seconds, Stopping threads took: 0.0000640 seconds
54.368: Application time: 0.0660320 seconds
54.368: [GC54.368: [ParNew: 15549K->689K(16640K), 0.0004380 secs] 33673K->18813K(53952K), 0.0004650 secs] [Times: user=0.00 sys=0.00, real=0.00 secs] 
54.369: Total time for which application threads were stopped: 0.0006130 seconds, Stopping threads took: 0.0000950 seconds
54.411: Application time: 0.0421650 seconds
54.411: [GC54.411: [ParNew: 15535K->1129K(16640K), 0.0005780 secs] 33659K->19253K(53952K), 0.0006030 secs] [Times: user=0.00 sys=0.00, real=0.00 secs] 
54.412: Total time for which application threads were stopped: 0.0007160 seconds, Stopping threads took: 0.0000570 seconds
54.446: Application time: 0.0339790 seconds
54.446: [GC54.446: [ParNew: 15973K->1192K(16640K), 0.0006720 secs] 34097K->19584K(53952K), 0.0006990 secs] [Times: user=0.00 sys=0.00, real=0.00 secs] 
54.446: Total time for which application threads were stopped: 0.0008170 seconds, Stopping threads took: 0.0000600 seconds
54.483: Application time: 0.0370520 seconds
54.483: [GC54.484: [ParNew: 16040K->1230K(16640K), 0.0006900 secs] 34431K->19981K(53952K), 0.0007170 secs] [Times: user=0.00 sys=0.00, real=0.00 secs] 
54.484: Total time for which application threads were stopped: 0.0008030 seconds, Stopping threads took: 0.0000260 seconds
54.524: Application time: 0.0397710 seconds
54.524: [GC54.524: [ParNew: 16074K->1594K(16640K), 0.0006200 secs] 34826K->20432K(53952K), 0.0006480 secs] [Times: user=0.00 sys=0.00, real=0.00 secs] 
54.525: Total time for which application threads were stopped: 0.0007660 seconds, Stopping threads took: 0.0000590 seconds
54.586: Application time: 0.0616270 seconds
54.587: [GC54.587: [ParNew: 16438K->545K(16640K), 0.0006370 secs] 35276K->20420K(53952K), 0.0006660 secs] [Times: user=0.00 sys=0.00, real=0.00 secs] 
54.588: Total time for which application threads were stopped: 0.0013950 seconds, Stopping threads took: 0.0006680 seconds
54.654: Application time: 0.0657140 seconds
54.654: [GC54.654: [ParNew: 15393K->427K(16640K), 0.0003640 secs] 35267K->20301K(53952K), 0.0003900 secs] [Times: user=0.01 sys=0.00, real=0.00 secs] 
54.654: Total time for which application threads were stopped: 0.0004970 seconds, Stopping threads took: 0.0000570 seconds
54.719: Application time: 0.0653410 seconds
54.719: [GC54.719: [ParNew: 15274K->407K(16640K), 0.0003860 secs] 35149K->20281K(53952K), 0.0004120 secs] [Times: user=0.00 sys=0.00, real=0.00 secs] 
54.720: Total time for which application threads were stopped: 0.0005260 seconds, Stopping threads took: 0.0000490 seconds
54.785: Application time: 0.0654730 seconds
54.785: [GC54.785: [ParNew: 15253K->423K(16640K), 0.0004300 secs] 35127K->20297K(53952K), 0.0004570 secs] [Times: user=0.00 sys=0.00, real=0.00 secs] 
54.786: Total time for which application threads were stopped: 0.0005800 seconds, Stopping threads took: 0.0000650 seconds
54.847: Application time: 0.0610620 seconds
54.847: [GC54.847: [ParNew: 15267K->996K(16640K), 0.0004780 secs] 35141K->20870K(53952K), 0.0005050 secs] [Times: user=0.01 sys=0.00, real=0.00 secs] 
54.848: Total time for which application threads were stopped: 0.0006170 seconds, Stopping threads took: 0.0000540 seconds
54.910: Application time: 0.0623720 seconds
54.910: [GC54.910: [ParNew: 15841K->1028K(16640K), 0.0004620 secs] 35715K->20903K(53952K), 0.0004870 secs] [Times: user=0.01 sys=0.00, real=0.00 secs] 
54.911: Total time for which application threads were stopped: 0.0005790 seconds, Stopping threads took: 0.0000390 seconds
54.977: Application time: 0.0660330 seconds
54.977: [GC54.977: [ParNew: 15875K->759K(16640K), 0.0005120 secs] 35750K->21013K(53952K), 0.0005480 secs] [Times: user=0.00 sys=0.00, real=0.00 secs] 
54.977: Total time for which application threads were stopped: 0.0006610 seconds, Stopping threads took: 0.0000570 seconds
55.044: Application time: 0.0668620 seconds
55.044: [GC55.044: [ParNew: 15606K->599K(16640K), 0.0004410 secs] 35861K->20854K(53952K), 0.0004690 secs] [Times: user=0.01 sys=0.00, real=0.00 secs] 
55.045: Total time for which application threads were stopped: 0.0006070 seconds, Stopping threads took: 0.0000790 seconds
55.112: Application time: 0.0668590 seconds
55.112: [GC55.112: [ParNew: 15446K->648K(16640K), 0.0003920 secs] 35701K->20903K(53952K), 0.0004200 secs] [Times: user=0.00 sys=0.00, real=0.00 secs] 
55.112: Total time for which application threads were stopped: 0.0005290 seconds, Stopping threads took: 0.0000570 seconds
55.180: Application time: 0.0679980 seconds
55.180: [GC55.180: [ParNew: 15493K->638K(16640K), 0.0004010 secs] 35748K->20893K(53952K), 0.0004270 secs] [Times: user=0.00 sys=0.00, real=0.00 secs] 
55.181: Total time for which application threads were stopped: 0.0005470 seconds, Stopping threads took: 0.0000650 seconds
55.248: Application time: 0.0670110 seconds
55.248: [GC55.248: [ParNew: 15486K->617K(16640K), 0.0004640 secs] 35741K->20871K(53952K), 0.0004900 secs] [Times: user=0.01 sys=0.00, real=0.00 secs] 
55.248: Total time for which application threads were stopped: 0.0006130 seconds, Stopping threads took: 0.0000580 seconds
55.315: Application time: 0.0669170 seconds
55.315: [GC55.315: [ParNew: 15464K->263K(16640K), 0.0004250 secs] 35719K->20897K(53952K), 0.0004520 secs] [Times: user=0.01 sys=0.00, real=0.00 secs] 
55.316: Total time for which application threads were stopped: 0.0005790 seconds, Stopping threads took: 0.0000730 seconds
55.383: Application time: 0.0669700 seconds
55.383: [GC55.383: [ParNew: 15110K->0K(16640K), 0.0004430 secs] 35745K->20824K(53952K), 0.0004700 secs] [Times: user=0.00 sys=0.00, real=0.00 secs] 
55.383: Total time for which application threads were stopped: 0.0005930 seconds, Stopping threads took: 0.0000660 seconds
55.444: Application time: 0.0606130 seconds
55.444: [GC55.444: [ParNew: 14846K->192K(16640K), 0.0003300 secs] 35671K->21017K(53952K), 0.0003550 secs] [Times: user=0.00 sys=0.00, real=0.00 secs] 
55.444: Total time for which application threads were stopped: 0.0004700 seconds, Stopping threads took: 0.0000600 seconds
55.498: Application time: 0.0534280 seconds
55.498: [GC55.498: [ParNew: 15039K->198K(16640K), 0.0004090 secs] 35864K->21023K(53952K), 0.0004360 secs] [Times: user=0.00 sys=0.00, real=0.00 secs] 
55.498: Total time for which application threads were stopped: 0.0005590 seconds, Stopping threads took: 0.0000650 seconds
55.564: Application time: 0.0655420 seconds
55.564: [GC55.564: [ParNew: 15043K->202K(16640K), 0.0003150 secs] 35868K->21027K(53952K), 0.0003390 secs] [Times: user=0.00 sys=0.00, real=0.00 secs] 
55.564: Total time for which application threads were stopped: 0.0004460 seconds, Stopping threads took: 0.0000580 seconds
55.631: Application time: 0.0667870 seconds
55.631: [GC55.631: [ParNew: 15050K->200K(16640K), 0.0004180 secs] 35875K->21025K(53952K), 0.0004440 secs] [Times: user=0.00 sys=0.00, real=0.00 secs] 
55.632: Total time for which application threads were stopped: 0.0005640 seconds, Stopping threads took: 0.0000650 seconds
55.699: Application time: 0.0668840 seconds
55.699: [GC55.699: [ParNew: 15047K->200K(16640K), 0.0003600 secs] 35872K->21024K(53952K), 0.0003870 secs] [Times: user=0.00 sys=0.00, real=0.01 secs] 
55.699: Total time for which application threads were stopped: 0.0005050 seconds, Stopping threads took: 0.0000600 seconds
55.766: Application time: 0.0664360 seconds
55.766: [GC55.766: [ParNew: 15047K->205K(16640K), 0.0003670 secs] 35872K->21029K(53952K), 0.0003950 secs] [Times: user=0.00 sys=0.00, real=0.00 secs] 
55.766: Total time for which application threads were stopped: 0.0005410 seconds, Stopping threads took: 0.0000840 seconds
55.822: Application time: 0.0555580 seconds
55.822: [GC55.822: [ParNew: 15050K->386K(16640K), 0.0003700 secs] 35875K->21211K(53952K), 0.0004070 secs] [Times: user=0.00 sys=0.00, real=0.00 secs] 
55.822: Total time for which application threads were stopped: 0.0005200 seconds, Stopping threads took: 0.0000560 seconds
55.862: Application time: 0.0395870 seconds
55.862: [GC55.862: [ParNew: 15234K->582K(16640K), 0.0003830 secs] 36059K->21407K(53952K), 0.0004090 secs] [Times: user=0.01 sys=0.00, real=0.00 secs] 
55.862: Total time for which application threads were stopped: 0.0005290 seconds, Stopping threads took: 0.0000660 seconds
55.922: Application time: 0.0599840 seconds
55.922: [GC55.922: [ParNew: 15426K->647K(16640K), 0.0004200 secs] 36251K->21472K(53952K), 0.0004470 secs] [Times: user=0.00 sys=0.00, real=0.00 secs] 
55.923: Total time for which application threads were stopped: 0.0005700 seconds, Stopping threads took: 0.0000670 seconds
55.988: Application time: 0.0650980 seconds
55.988: [GC55.988: [ParNew: 15492K->661K(16640K), 0.0004290 secs] 36317K->21486K(53952K), 0.0004570 secs] [Times: user=0.00 sys=0.00, real=0.00 secs] 
55.989: Total time for which application threads were stopped: 0.0005590 seconds, Stopping threads took: 0.0000430 seconds
56.056: Application time: 0.0669420 seconds
56.056: [GC56.056: [ParNew: 15508K->692K(16640K), 0.0004120 secs] 36333K->21517K(53952K), 0.0004390 secs] [Times: user=0.01 sys=0.00, real=0.00 secs] 
56.056: Total time for which application threads were stopped: 0.0005570 seconds, Stopping threads took: 0.0000670 seconds
56.121: Application time: 0.0652120 seconds
56.121: [GC56.121: [ParNew: 15488K->761K(16640K), 0.0004820 secs] 36313K->21586K(53952K), 0.0005080 secs] [Times: user=0.00 sys=0.00, real=0.00 secs] 
56.122: Total time for which application threads were stopped: 0.0006230 seconds, Stopping threads took: 0.0000620 seconds
56.158: Application time: 0.0355950 seconds
56.158: [GC56.158: [ParNew: 15606K->1323K(16640K), 0.0006030 secs] 36431K->22148K(53952K), 0.0006290 secs] [Times: user=0.01 sys=0.00, real=0.00 secs] 
56.158: Total time for which application threads were stopped: 0.0007400 seconds, Stopping threads took: 0.0000570 seconds
56.192: Application time: 0.0337900 seconds
56.192: [GC56.192: [ParNew: 16168K->1180K(16640K), 0.0007050 secs] 36993K->22414K(53952K), 0.0007330 secs] [Times: user=0.00 sys=0.00, real=0.00 secs] 
56.193: Total time for which application threads were stopped: 0.0008490 seconds, Stopping threads took: 0.0000550 seconds
56.228: Application time: 0.0351150 seconds
56.228: [GC56.228: [ParNew: 16028K->1502K(16640K), 0.0006920 secs] 37261K->22954K(53952K), 0.0007200 secs] [Times: user=0.01 sys=0.00, real=0.00 secs] 
56.229: Total time for which application threads were stopped: 0.0008440 seconds, Stopping threads took: 0.0000640 seconds
56.276: Application time: 0.0475840 seconds
56.277: [GC56.277: [ParNew: 16348K->1619K(16640K), 0.0006780 secs] 37800K->23158K(53952K), 0.0007050 secs] [Times: user=0.00 sys=0.00, real=0.00 secs] 
56.277: Total time for which application threads were stopped: 0.0008130 seconds, Stopping threads took: 0.0000380 seconds
56.340: Application time: 0.0630220 seconds
56.340: [GC56.340: [ParNew: 16466K->569K(16640K), 0.0006640 secs] 38005K->23144K(53952K), 0.0006920 secs] [Times: user=0.01 sys=0.00, real=0.00 secs] 
56.341: Total time for which application threads were stopped: 0.0008260 seconds, Stopping threads took: 0.0000750 seconds
56.407: Application time: 0.0663800 seconds
56.408: [GC56.408: [ParNew: 15414K->416K(16640K), 0.0003440 secs] 37989K->22991K(53952K), 0.0003720 secs] [Times: user=0.00 sys=0.00, real=0.00 secs] 
56.408: Total time for which application threads were stopped: 0.0004740 seconds, Stopping threads took: 0.0000510 seconds
56.473: Application time: 0.0651890 seconds
56.473: [GC56.473: [ParNew: 15264K->433K(16640K), 0.0003640 secs] 37839K->23008K(53952K), 0.0003920 secs] [Times: user=0.01 sys=0.00, real=0.00 secs] 
56.474: Total time for which application threads were stopped: 0.0004990 seconds, Stopping threads took: 0.0000530 seconds
56.539: Application time: 0.0653250 seconds
56.539: [GC56.539: [ParNew: 15281K->403K(16640K), 0.0003740 secs] 37856K->22978K(53952K), 0.0004100 secs] [Times: user=0.00 sys=0.00, real=0.00 secs] 
56.540: Total time for which application threads were stopped: 0.0005370 seconds, Stopping threads took: 0.0000680 seconds
56.601: Application time: 0.0614140 seconds
56.601: [GC56.601: [ParNew: 15247K->996K(16640K), 0.0005440 secs] 37822K->23571K(53952K), 0.0005720 secs] [Times: user=0.01 sys=0.00, real=0.00 secs] 
56.602: Total time for which application threads were stopped: 0.0006970 seconds, Stopping threads took: 0.0000650 seconds
56.665: Application time: 0.0629850 seconds
56.665: [GC56.665: [ParNew: 15840K->1010K(16640K), 0.0005170 secs] 38415K->23585K(53952K), 0.0005480 secs] [Times: user=0.00 sys=0.00, real=0.00 secs] 
56.665: Total time for which application threads were stopped: 0.0006800 seconds, Stopping threads took: 0.0000710 seconds
56.732: Application time: 0.0667280 seconds
56.732: [GC56.732: [ParNew: 15857K->678K(16640K), 0.0005170 secs] 38433K->23634K(53952K), 0.0005460 secs] [Times: user=0.00 sys=0.00, real=0.00 secs] 
56.733: Total time for which application threads were stopped: 0.0006670 seconds, Stopping threads took: 0.0000630 seconds
56.800: Application time: 0.0669600 seconds
56.800: [GC56.800: [ParNew: 15526K->655K(16640K), 0.0005250 secs] 38481K->23610K(53952K), 0.0005520 secs] [Times: user=0.00 sys=0.00, real=0.00 secs] 
56.800: Total time for which application threads were stopped: 0.0006740 seconds, Stopping threads took: 0.0000550 seconds
56.867: Application time: 0.0670090 seconds
56.867: [GC56.867: [ParNew: 15502K->690K(16640K), 0.0003990 secs] 38458K->23646K(53952K), 0.0004280 secs] [Times: user=0.01 sys=0.00, real=0.00 secs] 
56.868: Total time for which application threads were stopped: 0.0005610 seconds, Stopping threads took: 0.0000790 seconds
56.935: Application time: 0.0670770 seconds
56.935: [GC56.935: [ParNew: 15538K->622K(16640K), 0.0003890 secs] 38493K->23577K(53952K), 0.0004160 secs] [Times: user=0.01 sys=0.00, real=0.00 secs] 
56.936: Total time for which application threads were stopped: 0.0005440 seconds, Stopping threads took: 0.0000700 seconds
57.003: Application time: 0.0670410 seconds
57.003: [GC57.003: [ParNew: 15469K->681K(16640K), 0.0003990 secs] 38425K->23636K(53952K), 0.0004260 secs] [Times: user=0.00 sys=0.00, real=0.00 secs] 
57.003: Total time for which application threads were stopped: 0.0005250 seconds, Stopping threads took: 0.0000480 seconds
57.070: Application time: 0.0669400 seconds
57.070: [GC57.070: [ParNew: 15528K->0K(16640K), 0.0005030 secs] 38484K->23525K(53952K), 0.0005300 secs] [Times: user=0.00 sys=0.00, real=0.00 secs] 
57.071: Total time for which application threads were stopped: 0.0006600 seconds, Stopping threads took: 0.0000750 seconds
57.138: Application time: 0.0672990 seconds
57.139: [GC57.139: [ParNew: 14847K->0K(16640K), 0.0002860 secs] 38373K->23525K(53952K), 0.0003140 secs] [Times: user=0.00 sys=0.00, real=0.00 secs] 
57.139: Total time for which application threads were stopped: 0.0014130 seconds, Stopping threads took: 0.0010410 seconds
57.190: Application time: 0.0503460 seconds
57.190: [GC57.190: [ParNew: 14843K->192K(16640K), 0.0003630 secs] 38369K->23718K(53952K), 0.0003900 secs] [Times: user=0.00 sys=0.00, real=0.00 secs] 
57.190: Total time for which application threads were stopped: 0.0005120 seconds, Stopping threads took: 0.0000640 seconds
57.254: Application time: 0.0632040 seconds
57.254: [GC57.254: [ParNew: 15038K->201K(16640K), 0.0003180 secs] 38564K->23726K(53952K), 0.0003450 secs] [Times: user=0.01 sys=0.00, real=0.00 secs] 
57.254: Total time for which application threads were stopped: 0.0004600 seconds, Stopping threads took: 0.0000660 seconds
57.320: Application time: 0.0661730 seconds
57.320: [GC57.320: [ParNew: 15045K->205K(16640K), 0.0003380 secs] 38571K->23731K(53952K), 0.0003640 secs] [Times: user=0.00 sys=0.00, real=0.00 secs] 
57.321: Total time for which application threads were stopped: 0.0004920 seconds, Stopping threads took: 0.0000590 seconds
57.388: Application time: 0.0672380 seconds
57.388: [GC57.388: [ParNew: 15050K->196K(16640K), 0.0003210 secs] 38576K->23722K(53952K), 0.0003470 secs] [Times: user=0.00 sys=0.00, real=0.00 secs] 
57.388: Total time for which application threads were stopped: 0.0004740 seconds, Stopping threads took: 0.0000690 seconds
57.455: Application time: 0.0667990 seconds
57.455: [GC57.455: [ParNew: 15044K->206K(16640K), 0.0003620 secs] 38569K->23732K(53952K), 0.0003880 secs] [Times: user=0.01 sys=0.00, real=0.00 secs] 
57.456: Total time for which application threads were stopped: 0.0004960 seconds, Stopping threads took: 0.0000580 seconds
57.522: Application time: 0.0667630 seconds
57.522: [GC57.523: [ParNew: 15053K->202K(16640K), 0.0003570 secs] 38579K->23728K(53952K), 0.0003850 secs] [Times: user=0.00 sys=0.00, real=0.00 secs] 
57.523: Total time for which application threads were stopped: 0.0004860 seconds, Stopping threads took: 0.0000470 seconds
57.573: Application time: 0.0498570 seconds
57.573: [GC57.573: [ParNew: 15046K->569K(16640K), 0.0004390 secs] 38572K->24095K(53952K), 0.0004660 secs] [Times: user=0.00 sys=0.00, real=0.00 secs] 
57.573: Total time for which application threads were stopped: 0.0005910 seconds, Stopping threads took: 0.0000680 seconds
57.615: Application time: 0.0411680 seconds
57.615: [GC57.615: [ParNew: 15416K->620K(16640K), 0.0004220 secs] 38942K->24145K(53952K), 0.0004490 secs] [Times: user=0.01 sys=0.00, real=0.00 secs] 
57.615: Total time for which application threads were stopped: 0.0005420 seconds, Stopping threads took: 0.0000400 seconds
57.679: Application time: 0.0640950 seconds
57.679: [GC57.679: [ParNew: 15468K->523K(16640K), 0.0004600 secs] 38993K->24049K(53952K), 0.0004840 secs] [Times: user=0.00 sys=0.00, real=0.00 secs] 
57.680: Total time for which application threads were stopped: 0.0005930 seconds, Stopping threads took: 0.0000540 seconds
57.746: Application time: 0.0661740 seconds
57.746: [GC57.746: [ParNew: 15370K->668K(16640K), 0.0004590 secs] 38896K->24194K(53952K), 0.0004870 secs] [Times: user=0.00 sys=0.00, real=0.00 secs] 
57.747: Total time for which application threads were stopped: 0.0006170 seconds, Stopping threads took: 0.0000730 seconds
57.813: Application time: 0.0664450 seconds
57.813: [GC57.813: [ParNew: 15516K->697K(16640K), 0.0004340 secs] 39041K->24223K(53952K), 0.0004600 secs] [Times: user=0.01 sys=0.00, real=0.00 secs] 
57.814: Total time for which application threads were stopped: 0.0005680 seconds, Stopping threads took: 0.0000560 seconds
57.875: Application time: 0.0609830 seconds
57.875: [GC57.875: [ParNew: 15490K->756K(16640K), 0.0004640 secs] 39016K->24282K(53952K), 0.0004900 secs] [Times: user=0.00 sys=0.00, real=0.00 secs] 
57.876: Total time for which application threads were stopped: 0.0010880 seconds, Stopping threads took: 0.0005330 seconds
57.911: Application time: 0.0356410 seconds
57.911: [GC57.911: [ParNew: 15602K->1575K(16640K), 0.0005980 secs] 39128K->25100K(53952K), 0.0006300 secs] [Times: user=0.01 sys=0.00, real=0.00 secs] 
57.912: Total time for which application threads were stopped: 0.0007320 seconds, Stopping threads took: 0.0000460 seconds
57.944: Application time: 0.0323340 seconds
57.944: [GC57.944: [ParNew: 16422K->1058K(16640K), 0.0006590 secs] 39948K->25211K(53952K), 0.0006850 secs] [Times: user=0.00 sys=0.00, real=0.00 secs] 
57.945: Total time for which application threads were stopped: 0.0007920 seconds, Stopping threads took: 0.0000490 seconds
57.982: Application time: 0.0368460 seconds
57.982: [GC57.982: [ParNew: 15903K->1420K(16640K), 0.0005490 secs] 40056K->25574K(53952K), 0.0005730 secs] [Times: user=0.00 sys=0.00, real=0.00 secs] 
57.983: Total time for which application threads were stopped: 0.0006860 seconds, Stopping threads took: 0.0000560 seconds
58.034: Application time: 0.0517150 seconds
58.034: [GC58.035: [ParNew: 16266K->1363K(16640K), 0.0006290 secs] 40419K->25879K(53952K), 0.0006570 secs] [Times: user=0.00 sys=0.00, real=0.00 secs] 
58.035: Total time for which application threads were stopped: 0.0007840 seconds, Stopping threads took: 0.0000570 seconds
58.100: Application time: 0.0643210 seconds
58.100: [GC58.100: [ParNew: 16208K->359K(16640K), 0.0005580 secs] 40724K->25826K(53952K), 0.0005850 secs] [Times: user=0.01 sys=0.00, real=0.00 secs] 
58.100: Total time for which application threads were stopped: 0.0007380 seconds, Stopping threads took: 0.0000930 seconds
58.166: Application time: 0.0656300 seconds
58.166: [GC58.166: [ParNew: 15206K->230K(16640K), 0.0003800 secs] 40673K->25696K(53952K), 0.0004070 secs] [Times: user=0.00 sys=0.00, real=0.00 secs] 
58.166: Total time for which application threads were stopped: 0.0005270 seconds, Stopping threads took: 0.0000670 seconds
58.233: Application time: 0.0665580 seconds
58.233: [GC58.233: [ParNew: 15075K->214K(16640K), 0.0003360 secs] 40542K->25681K(53952K), 0.0003640 secs] [Times: user=0.00 sys=0.00, real=0.00 secs] 
58.233: Total time for which application threads were stopped: 0.0004890 seconds, Stopping threads took: 0.0000670 seconds
58.298: Application time: 0.0648040 seconds
58.298: [GC58.298: [ParNew: 15058K->397K(16640K), 0.0003630 secs] 40525K->25864K(53952K), 0.0003890 secs] [Times: user=0.00 sys=0.00, real=0.00 secs] 
58.299: Total time for which application threads were stopped: 0.0005030 seconds, Stopping threads took: 0.0000560 seconds
58.359: Application time: 0.0603350 seconds
58.359: [GC58.359: [ParNew: 15244K->972K(16640K), 0.0005260 secs] 40710K->26438K(53952K), 0.0005540 secs] [Times: user=0.01 sys=0.00, real=0.00 secs] 
58.360: Total time for which application threads were stopped: 0.0006740 seconds, Stopping threads took: 0.0000670 seconds
58.423: Application time: 0.0637100 seconds
58.424: [GC58.424: [ParNew: 15816K->995K(16640K), 0.0005520 secs] 41283K->26462K(53952K), 0.0005800 secs] [Times: user=0.01 sys=0.00, real=0.00 secs] 
58.424: Total time for which application threads were stopped: 0.0007280 seconds, Stopping threads took: 0.0000750 seconds
58.491: Application time: 0.0671450 seconds
58.491: [GC58.492: [ParNew: 15842K->483K(16640K), 0.0004960 secs] 41309K->26520K(53952K), 0.0005230 secs] [Times: user=0.00 sys=0.00, real=0.00 secs] 
58.492: Total time for which application threads were stopped: 0.0006560 seconds, Stopping threads took: 0.0000750 seconds
58.559: Application time: 0.0671960 seconds
58.559: [GC58.559: [ParNew: 15330K->410K(16640K), 0.0003480 secs] 41367K->26447K(53952K), 0.0003760 secs] [Times: user=0.00 sys=0.00, real=0.00 secs] 
58.560: Total time for which application threads were stopped: 0.0004970 seconds, Stopping threads took: 0.0000700 seconds
58.627: Application time: 0.0673450 seconds
58.627: [GC58.627: [ParNew: 15255K->428K(16640K), 0.0003950 secs] 41292K->26465K(53952K), 0.0004210 secs] [Times: user=0.00 sys=0.00, real=0.00 secs] 
58.628: Total time for which application threads were stopped: 0.0005380 seconds, Stopping threads took: 0.0000620 seconds
58.695: Application time: 0.0676370 seconds
58.695: [GC58.695: [ParNew: 15274K->413K(16640K), 0.0004200 secs] 41311K->26450K(53952K), 0.0004460 secs] [Times: user=0.00 sys=0.00, real=0.00 secs] 
58.696: Total time for which application threads were stopped: 0.0005590 seconds, Stopping threads took: 0.0000540 seconds
58.763: Application time: 0.0670350 seconds
58.763: [GC58.763: [ParNew: 15261K->432K(16640K), 0.0004180 secs] 41298K->26469K(53952K), 0.0004460 secs] [Times: user=0.00 sys=0.01, real=0.00 secs] 
58.763: Total time for which application threads were stopped: 0.0005480 seconds, Stopping threads took: 0.0000510 seconds
58.830: Application time: 0.0669390 seconds
58.830: [GC58.830: [ParNew: 15280K->0K(16640K), 0.0004460 secs] 41317K->26417K(53952K), 0.0004730 secs] [Times: user=0.00 sys=0.00, real=0.00 secs] 
58.831: Total time for which application threads were stopped: 0.0005860 seconds, Stopping threads took: 0.0000580 seconds
58.898: Application time: 0.0667060 seconds
58.898: [GC58.898: [ParNew: 14845K->202K(16640K), 0.0003320 secs] 41262K->26620K(53952K), 0.0003670 secs] [Times: user=0.00 sys=0.00, real=0.00 secs] 
58.898: Total time for which application threads were stopped: 0.0004890 seconds, Stopping threads took: 0.0000640 seconds
58.946: Application time: 0.0482130 seconds
58.946: [GC58.946: [ParNew: 15049K->199K(16640K), 0.0003170 secs] 41466K->26616K(53952K), 0.0003430 secs] [Times: user=0.01 sys=0.00, real=0.00 secs] 
58.947: Total time for which application threads were stopped: 0.0004720 seconds, Stopping threads took: 0.0000620 seconds
59.013: Application time: 0.0657340 seconds
59.013: [GC59.013: [ParNew: 15046K->198K(16640K), 0.0003810 secs] 41463K->26615K(53952K), 0.0004060 secs] [Times: user=0.00 sys=0.00, real=0.00 secs] 
59.013: Total time for which application threads were stopped: 0.0005190 seconds, Stopping threads took: 0.0000620 seconds
59.080: Application time: 0.0672260 seconds
59.080: [GC59.080: [ParNew: 15046K->201K(16640K), 0.0003390 secs] 41463K->26618K(53952K), 0.0003650 secs] [Times: user=0.00 sys=0.00, real=0.00 secs] 
59.081: Total time for which application threads were stopped: 0.0004760 seconds, Stopping threads took: 0.0000550 seconds
59.148: Application time: 0.0669280 seconds
59.148: [GC59.148: [ParNew: 15048K->204K(16640K), 0.0003540 secs] 41465K->26621K(53952K), 0.0003820 secs] [Times: user=0.00 sys=0.00, real=0.00 secs] 
59.148: Total time for which application threads were stopped: 0.0005110 seconds, Stopping threads took: 0.0000710 seconds
59.215: Application time: 0.0667880 seconds
59.215: [GC59.215: [ParNew: 15051K->197K(16640K), 0.0003370 secs] 41468K->26614K(53952K), 0.0003630 secs] [Times: user=0.00 sys=0.00, real=0.00 secs] 
59.215: Total time for which application threads were stopped: 0.0004870 seconds, Stopping threads took: 0.0000710 seconds
59.283: Application time: 0.0676180 seconds
59.283: [GC59.283: [ParNew: 15044K->228K(16640K), 0.0003430 secs] 41461K->26645K(53952K), 0.0003680 secs] [Times: user=0.00 sys=0.00, real=0.00 secs] 
59.284: Total time for which application threads were stopped: 0.0004830 seconds, Stopping threads took: 0.0000590 seconds
59.328: Application time: 0.0445490 seconds
59.328: [GC59.328: [ParNew: 15072K->573K(16640K), 0.0003950 secs] 41489K->26990K(53952K), 0.0004200 secs] [Times: user=0.00 sys=0.00, real=0.00 secs] 
59.329: Total time for which application threads were stopped: 0.0005310 seconds, Stopping threads took: 0.0000530 seconds
59.375: Application time: 0.0466630 seconds
59.375: [GC59.375: [ParNew: 15417K->635K(16640K), 0.0004210 secs] 41834K->27052K(53952K), 0.0004480 secs] [Times: user=0.00 sys=0.00, real=0.00 secs] 
59.376: Total time for which application threads were stopped: 0.0005580 seconds, Stopping threads took: 0.0000540 seconds
59.442: Application time: 0.0660570 seconds
59.442: [GC59.442: [ParNew: 15483K->686K(16640K), 0.0004470 secs] 41900K->27103K(53952K), 0.0004740 secs] [Times: user=0.01 sys=0.00, real=0.00 secs] 
59.443: Total time for which application threads were stopped: 0.0006230 seconds, Stopping threads took: 0.0000900 seconds
59.509: Application time: 0.0667160 seconds
59.509: [GC59.509: [ParNew: 15533K->661K(16640K), 0.0004170 secs] 41950K->27078K(53952K), 0.0004440 secs] [Times: user=0.00 sys=0.00, real=0.00 secs] 
59.510: Total time for which application threads were stopped: 0.0005570 seconds, Stopping threads took: 0.0000480 seconds
59.576: Application time: 0.0665520 seconds
59.577: [GC59.577: [ParNew: 15508K->723K(16640K), 0.0004130 secs] 41925K->27140K(53952K), 0.0004390 secs] [Times: user=0.00 sys=0.00, real=0.00 secs] 
59.577: Total time for which application threads were stopped: 0.0005440 seconds, Stopping threads took: 0.0000530 seconds
59.631: Application time: 0.0540230 seconds
59.631: [GC59.631: [ParNew: 15567K->1109K(16640K), 0.0005660 secs] 41984K->27526K(53952K), 0.0005930 secs] [Times: user=0.00 sys=0.00, real=0.00 secs] 
59.632: Total time for which application threads were stopped: 0.0007260 seconds, Stopping threads took: 0.0000750 seconds
59.666: Application time: 0.0346370 seconds
59.666: [GC59.666: [ParNew: 15956K->1376K(16640K), 0.0006090 secs] 42373K->28012K(53952K), 0.0006360 secs] [Times: user=0.00 sys=0.00, real=0.01 secs] 
59.667: Total time for which application threads were stopped: 0.0007310 seconds, Stopping threads took: 0.0000390 seconds
59.700: Application time: 0.0332960 seconds
59.700: [GC59.701: [ParNew: 16223K->1311K(16640K), 0.0006220 secs] 42858K->28355K(53952K), 0.0006500 secs] [Times: user=0.00 sys=0.00, real=0.00 secs] 
59.701: Total time for which application threads were stopped: 0.0007790 seconds, Stopping threads took: 0.0000710 seconds
59.737: Application time: 0.0355870 seconds
59.739: [GC59.739: [ParNew: 16155K->1438K(16640K), 0.0006180 secs] 43199K->28540K(53952K), 0.0006470 secs] [Times: user=0.00 sys=0.00, real=0.00 secs] 
59.740: Total time for which application threads were stopped: 0.0030430 seconds, Stopping threads took: 0.0023350 seconds
59.800: Application time: 0.0600620 seconds
59.800: [GC59.800: [ParNew: 16285K->787K(16640K), 0.0006220 secs] 43387K->28764K(53952K), 0.0006500 secs] [Times: user=0.00 sys=0.00, real=0.00 secs] 
59.801: Total time for which application threads were stopped: 0.0007520 seconds, Stopping threads took: 0.0000400 seconds
59.865: Application time: 0.0639050 seconds
59.865: [GC59.865: [ParNew: 15631K->826K(16640K), 0.0004510 secs] 43608K->28803K(53952K), 0.0004790 secs] [Times: user=0.01 sys=0.00, real=0.00 secs] 
59.865: Total time for which application threads were stopped: 0.0005980 seconds, Stopping threads took: 0.0000650 seconds
59.930: Application time: 0.0649940 seconds
59.930: [GC59.930: [ParNew: 15673K->849K(16640K), 0.0004380 secs] 43650K->28826K(53952K), 0.0004650 secs] [Times: user=0.00 sys=0.00, real=0.00 secs] 
59.931: Total time for which application threads were stopped: 0.0005770 seconds, Stopping threads took: 0.0000570 seconds
59.996: Application time: 0.0649540 seconds
59.996: [GC59.996: [ParNew: 15697K->844K(16640K), 0.0004900 secs] 43673K->28820K(53952K), 0.0005150 secs] [Times: user=0.00 sys=0.00, real=0.00 secs] 
59.996: Total time for which application threads were stopped: 0.0006390 seconds, Stopping threads took: 0.0000680 seconds
60.059: Application time: 0.0624100 seconds
60.059: [GC60.059: [ParNew: 15689K->1261K(16640K), 0.0005500 secs] 43665K->29238K(53952K), 0.0005770 secs] [Times: user=0.00 sys=0.00, real=0.01 secs] 
60.059: Total time for which application threads were stopped: 0.0007000 seconds, Stopping threads took: 0.0000610 seconds
60.123: Application time: 0.0635760 seconds
60.123: [GC60.123: [ParNew: 16108K->1144K(16640K), 0.0005150 secs] 44084K->29311K(53952K), 0.0005410 secs] [Times: user=0.00 sys=0.00, real=0.00 secs] 
60.124: Total time for which application threads were stopped: 0.0006640 seconds, Stopping threads took: 0.0000700 seconds
60.187: Application time: 0.0635480 seconds
60.187: [GC60.187: [ParNew: 15992K->1118K(16640K), 0.0004720 secs] 44159K->29285K(53952K), 0.0004990 secs] [Times: user=0.01 sys=0.00, real=0.00 secs] 
60.188: Total time for which application threads were stopped: 0.0006120 seconds, Stopping threads took: 0.0000550 seconds
60.255: Application time: 0.0672420 seconds
60.255: [GC60.255: [ParNew: 15965K->939K(16640K), 0.0004960 secs] 44133K->29296K(53952K), 0.0005230 secs] [Times: user=0.01 sys=0.00, real=0.00 secs] 
60.256: Total time for which application threads were stopped: 0.0006440 seconds, Stopping threads took: 0.0000610 seconds
60.323: Application time: 0.0668290 seconds
60.323: [GC60.323: [ParNew: 15786K->835K(16640K), 0.0004580 secs] 44144K->29193K(53952K), 0.0004850 secs] [Times: user=0.00 sys=0.00, real=0.00 secs] 
60.323: Total time for which application threads were stopped: 0.0005940 seconds, Stopping threads took: 0.0000580 seconds
60.392: Application time: 0.0689540 seconds
60.392: [GC60.392: [ParNew: 15683K->840K(16640K), 0.0004250 secs] 44041K->29197K(53952K), 0.0004500 secs] [Times: user=0.00 sys=0.00, real=0.00 secs] 
60.393: Total time for which application threads were stopped: 0.0005650 seconds, Stopping threads took: 0.0000580 seconds
60.460: Application time: 0.0672160 seconds
60.460: [GC60.460: [ParNew: 15685K->904K(16640K), 0.0004490 secs] 44043K->29262K(53952K), 0.0004860 secs] [Times: user=0.00 sys=0.00, real=0.00 secs] 
60.460: Total time for which application threads were stopped: 0.0006240 seconds, Stopping threads took: 0.0000860 seconds
60.527: Application time: 0.0667040 seconds
60.527: [GC60.527: [ParNew: 15751K->499K(16640K), 0.0004850 secs] 44109K->29237K(53952K), 0.0005140 secs] [Times: user=0.00 sys=0.00, real=0.00 secs] 
60.528: Total time for which application threads were stopped: 0.0006320 seconds, Stopping threads took: 0.0000620 seconds
60.595: Application time: 0.0670770 seconds
60.595: [GC60.595: [ParNew: 15345K->0K(16640K), 0.0004100 secs] 44082K->29117K(53952K), 0.0004380 secs] [Times: user=0.00 sys=0.00, real=0.00 secs] 
60.595: Total time for which application threads were stopped: 0.0005790 seconds, Stopping threads took: 0.0000680 seconds
60.651: Application time: 0.0551000 seconds
60.651: [GC60.651: [ParNew: 14843K->197K(16640K), 0.0004020 secs] 43961K->29315K(53952K), 0.0004300 secs] [Times: user=0.00 sys=0.01, real=0.00 secs] 
60.651: Total time for which application threads were stopped: 0.0005380 seconds, Stopping threads took: 0.0000520 seconds
60.710: Application time: 0.0588010 seconds
60.710: [GC60.710: [ParNew: 15041K->198K(16640K), 0.0004040 secs] 44159K->29316K(53952K), 0.0004320 secs] [Times: user=0.00 sys=0.00, real=0.00 secs] 
60.710: Total time for which application threads were stopped: 0.0005460 seconds, Stopping threads took: 0.0000610 seconds
60.778: Application time: 0.0670280 seconds
60.778: [GC60.778: [ParNew: 15043K->207K(16640K), 0.0003270 secs] 44161K->29325K(53952K), 0.0003530 secs] [Times: user=0.00 sys=0.00, real=0.00 secs] 
60.778: Total time for which application threads were stopped: 0.0004700 seconds, Stopping threads took: 0.0000620 seconds
60.845: Application time: 0.0668580 seconds
60.845: [GC60.845: [ParNew: 15054K->199K(16640K), 0.0003500 secs] 44172K->29317K(53952K), 0.0003770 secs] [Times: user=0.00 sys=0.00, real=0.00 secs] 
60.845: Total time for which application threads were stopped: 0.0005120 seconds, Stopping threads took: 0.0000790 seconds
60.913: Application time: 0.0678230 seconds
60.913: [GC60.913: [ParNew: 15044K->201K(16640K), 0.0002960 secs] 44162K->29319K(53952K), 0.0003220 secs] [Times: user=0.00 sys=0.00, real=0.00 secs] 
60.914: Total time for which application threads were stopped: 0.0004330 seconds, Stopping threads took: 0.0000650 seconds
60.980: Application time: 0.0665310 seconds
60.980: [GC60.980: [ParNew: 15049K->200K(16640K), 0.0003720 secs] 44167K->29318K(53952K), 0.0003980 secs] [Times: user=0.00 sys=0.00, real=0.00 secs] 
60.981: Total time for which application threads were stopped: 0.0005190 seconds, Stopping threads took: 0.0000660 seconds
61.041: Application time: 0.0604540 seconds
61.041: [GC61.041: [ParNew: 15044K->385K(16640K), 0.0003780 secs] 44162K->29503K(53952K), 0.0004050 secs] [Times: user=0.00 sys=0.00, real=0.00 secs] 
61.042: Total time for which application threads were stopped: 0.0005390 seconds, Stopping threads took: 0.0000770 seconds
61.084: Application time: 0.0421460 seconds
61.084: [GC61.084: [ParNew: 15230K->615K(16640K), 0.0004000 secs] 44348K->29733K(53952K), 0.0004260 secs] [Times: user=0.00 sys=0.00, real=0.00 secs] 
61.084: Total time for which application threads were stopped: 0.0005450 seconds, Stopping threads took: 0.0000600 seconds
61.138: Application time: 0.0541190 seconds
61.139: [GC61.139: [ParNew: 15463K->630K(16640K), 0.0004040 secs] 44580K->29747K(53952K), 0.0004300 secs] [Times: user=0.00 sys=0.00, real=0.01 secs] 
61.139: Total time for which application threads were stopped: 0.0005760 seconds, Stopping threads took: 0.0000790 seconds
61.204: Application time: 0.0648660 seconds
61.204: [GC61.204: [ParNew: 15474K->657K(16640K), 0.0003960 secs] 44592K->29775K(53952K), 0.0004220 secs] [Times: user=0.01 sys=0.00, real=0.00 secs] 
61.204: Total time for which application threads were stopped: 0.0005250 seconds, Stopping threads took: 0.0000500 seconds
61.272: Application time: 0.0671250 seconds
61.272: [GC61.272: [ParNew: 15503K->699K(16640K), 0.0004160 secs] 44621K->29817K(53952K), 0.0004510 secs] [Times: user=0.00 sys=0.00, real=0.00 secs] 
61.272: Total time for which application threads were stopped: 0.0005690 seconds, Stopping threads took: 0.0000650 seconds
61.338: Application time: 0.0659800 seconds
61.338: [GC61.338: [ParNew: 15546K->721K(16640K), 0.0004640 secs] 44664K->29839K(53952K), 0.0004920 secs] [Times: user=0.00 sys=0.00, real=0.00 secs] 
61.339: Total time for which application threads were stopped: 0.0005920 seconds, Stopping threads took: 0.0000430 seconds
61.382: Application time: 0.0436270 seconds
61.382: [GC61.382: [ParNew: 15568K->1097K(16640K), 0.0005180 secs] 44686K->30215K(53952K), 0.0005440 secs] [Times: user=0.00 sys=0.00, real=0.00 secs] 
61.383: Total time for which application threads were stopped: 0.0006560 seconds, Stopping threads took: 0.0000530 seconds
61.423: Application time: 0.0398970 seconds
61.423: [GC61.423: [ParNew: 15944K->1149K(16640K), 0.0006680 secs] 45062K->30486K(53952K), 0.0007000 secs] [Times: user=0.00 sys=0.01, real=0.00 secs] 
61.424: Total time for which application threads were stopped: 0.0008180 seconds, Stopping threads took: 0.0000600 seconds
61.458: Application time: 0.0338830 seconds
61.458: [GC61.458: [ParNew: 15995K->1208K(16640K), 0.0006700 secs] 45332K->30953K(53952K), 0.0006970 secs] [Times: user=0.01 sys=0.00, real=0.00 secs] 
61.458: Total time for which application threads were stopped: 0.0008100 seconds, Stopping threads took: 0.0000550 seconds
61.497: Application time: 0.0386770 seconds
61.497: [GC61.497: [ParNew: 16055K->1482K(16640K), 0.0005770 secs] 45800K->31313K(53952K), 0.0006040 secs] [Times: user=0.01 sys=0.00, real=0.00 secs] 
61.498: Total time for which application threads were stopped: 0.0007140 seconds, Stopping threads took: 0.0000500 seconds
61.559: Application time: 0.0608290 seconds
61.559: [GC61.559: [ParNew: 16327K->1465K(16640K), 0.0005810 secs] 46159K->31515K(53952K), 0.0006090 secs] [Times: user=0.01 sys=0.00, real=0.01 secs] 
61.559: Total time for which application threads were stopped: 0.0007210 seconds, Stopping threads took: 0.0000610 seconds
61.624: Application time: 0.0641490 seconds
61.624: [GC61.624: [ParNew: 16312K->767K(16640K), 0.0005860 secs] 46362K->31445K(53952K), 0.0006140 secs] [Times: user=0.00 sys=0.00, real=0.00 secs] 
61.624: Total time for which application threads were stopped: 0.0007410 seconds, Stopping threads took: 0.0000720 seconds
61.690: Application time: 0.0653280 seconds
61.690: [GC61.690: [ParNew: 15612K->635K(16640K), 0.0003970 secs] 46290K->31313K(53952K), 0.0004240 secs] [Times: user=0.00 sys=0.00, real=0.00 secs] 
61.690: Total time for which application threads were stopped: 0.0005440 seconds, Stopping threads took: 0.0000510 seconds
61.755: Application time: 0.0650640 seconds
61.755: [GC61.755: [ParNew: 15482K->627K(16640K), 0.0003960 secs] 46160K->31305K(53952K), 0.0004230 secs] [Times: user=0.00 sys=0.01, real=0.00 secs] 
61.756: Total time for which application threads were stopped: 0.0005410 seconds, Stopping threads took: 0.0000600 seconds
61.818: Application time: 0.0621190 seconds
61.818: [GC61.818: [ParNew: 15474K->1026K(16640K), 0.0005050 secs] 46151K->31704K(53952K), 0.0005300 secs] [Times: user=0.01 sys=0.00, real=0.00 secs] 
61.819: Total time for which application threads were stopped: 0.0006540 seconds, Stopping threads took: 0.0000720 seconds
61.880: Application time: 0.0613230 seconds
61.880: [GC61.880: [ParNew: 15873K->1088K(16640K), 0.0004660 secs] 46551K->31766K(53952K), 0.0004930 secs] [Times: user=0.00 sys=0.00, real=0.00 secs] 
61.880: Total time for which application threads were stopped: 0.0005990 seconds, Stopping threads took: 0.0000490 seconds
61.946: Application time: 0.0656720 seconds
61.946: [GC61.946: [ParNew: 15932K->708K(16640K), 0.0005390 secs] 46611K->31767K(53952K), 0.0005660 secs] [Times: user=0.01 sys=0.00, real=0.00 secs] 
61.947: Total time for which application threads were stopped: 0.0006990 seconds, Stopping threads took: 0.0000760 seconds
62.014: Application time: 0.0672160 seconds
62.014: [GC62.014: [ParNew: 15556K->643K(16640K), 0.0004200 secs] 46614K->31701K(53952K), 0.0004570 secs] [Times: user=0.01 sys=0.00, real=0.00 secs] 
62.015: Total time for which application threads were stopped: 0.0005830 seconds, Stopping threads took: 0.0000750 seconds
62.082: Application time: 0.0672440 seconds
62.082: [GC62.082: [ParNew: 15490K->631K(16640K), 0.0004070 secs] 46549K->31690K(53952K), 0.0004340 secs] [Times: user=0.01 sys=0.00, real=0.00 secs] 
62.082: Total time for which application threads were stopped: 0.0005690 seconds, Stopping threads took: 0.0000800 seconds
62.149: Application time: 0.0669310 seconds
62.149: [GC62.149: [ParNew: 15479K->665K(16640K), 0.0004160 secs] 46537K->31723K(53952K), 0.0004430 secs] [Times: user=0.00 sys=0.00, real=0.00 secs] 
62.150: Total time for which application threads were stopped: 0.0005530 seconds, Stopping threads took: 0.0000520 seconds
62.217: Application time: 0.0671360 seconds
62.217: [GC62.217: [ParNew: 15512K->632K(16640K), 0.0004130 secs] 46571K->31690K(53952K), 0.0004410 secs] [Times: user=0.00 sys=0.00, real=0.00 secs] 
62.218: Total time for which application threads were stopped: 0.0005620 seconds, Stopping threads took: 0.0000580 seconds
62.285: Application time: 0.0668710 seconds
62.285: [GC62.285: [ParNew: 15479K->235K(16640K), 0.0004730 secs] 46537K->31673K(53952K), 0.0005000 secs] [Times: user=0.01 sys=0.00, real=0.00 secs] 
62.285: Total time for which application threads were stopped: 0.0006010 seconds, Stopping threads took: 0.0000460 seconds
62.353: Application time: 0.0675200 seconds
62.353: [GC62.353: [ParNew: 15082K->0K(16640K), 0.0004490 secs] 46521K->31628K(53952K), 0.0004750 secs] [Times: user=0.00 sys=0.00, real=0.00 secs] 
62.353: Total time for which application threads were stopped: 0.0006150 seconds, Stopping threads took: 0.0000820 seconds
62.407: Application time: 0.0538620 seconds
62.408: [GC62.408: [ParNew: 14845K->193K(16640K), 0.0003680 secs] 46474K->31821K(53952K), 0.0003920 secs] [Times: user=0.00 sys=0.00, real=0.00 secs] 
62.408: Total time for which application threads were stopped: 0.0013340 seconds, Stopping threads took: 0.0008830 seconds
62.469: Application time: 0.0610260 seconds
62.470: [GC62.470: [ParNew: 15039K->196K(16640K), 0.0004230 secs] 46667K->31824K(53952K), 0.0004510 secs] [Times: user=0.00 sys=0.00, real=0.00 secs] 
62.470: Total time for which application threads were stopped: 0.0005800 seconds, Stopping threads took: 0.0000770 seconds
62.536: Application time: 0.0658520 seconds
62.536: [GC62.536: [ParNew: 15040K->200K(16640K), 0.0004280 secs] 46669K->31829K(53952K), 0.0004560 secs] [Times: user=0.00 sys=0.00, real=0.00 secs] 
62.536: Total time for which application threads were stopped: 0.0005780 seconds, Stopping threads took: 0.0000650 seconds
62.604: Application time: 0.0671510 seconds
62.604: [GC62.604: [ParNew: 15048K->194K(16640K), 0.0003870 secs] 46676K->31823K(53952K), 0.0004140 secs] [Times: user=0.00 sys=0.00, real=0.00 secs] 
62.604: Total time for which application threads were stopped: 0.0005560 seconds, Stopping threads took: 0.0000840 seconds
62.671: Application time: 0.0671570 seconds
62.671: [GC62.671: [ParNew: 15041K->204K(16640K), 0.0003180 secs] 46670K->31833K(53952K), 0.0003450 secs] [Times: user=0.00 sys=0.00, real=0.00 secs] 
62.672: Total time for which application threads were stopped: 0.0004480 seconds, Stopping threads took: 0.0000540 seconds
62.739: Application time: 0.0676330 seconds
62.740: [GC62.740: [ParNew: 15050K->200K(16640K), 0.0003310 secs] 46678K->31829K(53952K), 0.0003560 secs] [Times: user=0.01 sys=0.00, real=0.00 secs] 
62.740: Total time for which application threads were stopped: 0.0004710 seconds, Stopping threads took: 0.0000510 seconds
62.796: Application time: 0.0557010 seconds
62.796: [GC62.796: [ParNew: 14957K->448K(16640K), 0.0003790 secs] 46586K->32077K(53952K), 0.0004050 secs] [Times: user=0.00 sys=0.00, real=0.00 secs] 
62.796: Total time for which application threads were stopped: 0.0005370 seconds, Stopping threads took: 0.0000730 seconds
62.831: Application time: 0.0351190 seconds
62.831: [GC62.831: [ParNew: 15294K->635K(16640K), 0.0004320 secs] 46922K->32264K(53952K), 0.0004690 secs] [Times: user=0.00 sys=0.00, real=0.00 secs] 
62.832: Total time for which application threads were stopped: 0.0005890 seconds, Stopping threads took: 0.0000610 seconds
62.896: Application time: 0.0641440 seconds
62.896: [GC62.896: [ParNew: 15480K->655K(16640K), 0.0004330 secs] 47108K->32284K(53952K), 0.0004600 secs] [Times: user=0.00 sys=0.00, real=0.00 secs] 
62.897: Total time for which application threads were stopped: 0.0005820 seconds, Stopping threads took: 0.0000640 seconds
62.962: Application time: 0.0650280 seconds
62.962: [GC62.962: [ParNew: 15503K->674K(16640K), 0.0004410 secs] 47131K->32302K(53952K), 0.0004770 secs] [Times: user=0.01 sys=0.00, real=0.00 secs] 
62.962: Total time for which application threads were stopped: 0.0006030 seconds, Stopping threads took: 0.0000730 seconds
63.029: Application time: 0.0663990 seconds
63.029: [GC63.029: [ParNew: 15521K->692K(16640K), 0.0004910 secs] 47149K->32320K(53952K), 0.0005160 secs] [Times: user=0.00 sys=0.00, real=0.00 secs] 
63.029: Total time for which application threads were stopped: 0.0006270 seconds, Stopping threads took: 0.0000580 seconds
63.094: Application time: 0.0645720 seconds
63.094: [GC63.094: [ParNew: 15536K->871K(16640K), 0.0005010 secs] 47165K->32500K(53952K), 0.0005290 secs] [Times: user=0.01 sys=0.00, real=0.00 secs] 
63.094: Total time for which application threads were stopped: 0.0006330 seconds, Stopping threads took: 0.0000470 seconds
63.134: Application time: 0.0399480 seconds
63.135: [GC63.135: [ParNew: 15717K->1146K(16640K), 0.0005900 secs] 47346K->32775K(53952K), 0.0006180 secs] [Times: user=0.00 sys=0.00, real=0.00 secs] 
63.135: Total time for which application threads were stopped: 0.0007510 seconds, Stopping threads took: 0.0000740 seconds
63.171: Application time: 0.0359580 seconds
63.171: [GC63.171: [ParNew: 15991K->1425K(16640K), 0.0006130 secs] 47620K->33272K(53952K), 0.0006390 secs] [Times: user=0.00 sys=0.00, real=0.00 secs] 
63.172: Total time for which application threads were stopped: 0.0007580 seconds, Stopping threads took: 0.0000640 seconds
63.203: Application time: 0.0307350 seconds
63.203: [GC63.203: [ParNew: 16272K->1207K(16640K), 0.0006680 secs] 48119K->33463K(53952K), 0.0006950 secs] [Times: user=0.00 sys=0.00, real=0.00 secs] 
63.203: Total time for which application threads were stopped: 0.0008220 seconds, Stopping threads took: 0.0000670 seconds
63.253: Application time: 0.0490820 seconds
63.253: [GC63.253: [ParNew: 16055K->1557K(16640K), 0.0006690 secs] 48310K->33899K(53952K), 0.0006960 secs] [Times: user=0.00 sys=0.00, real=0.00 secs] 
63.253: Total time for which application threads were stopped: 0.0008240 seconds, Stopping threads took: 0.0000570 seconds
63.314: Application time: 0.0610910 seconds
63.315: [GC63.315: [ParNew: 16404K->686K(16640K), 0.0006990 secs] 48746K->33875K(53952K), 0.0007270 secs] [Times: user=0.00 sys=0.00, real=0.00 secs] 
63.315: Total time for which application threads were stopped: 0.0008380 seconds, Stopping threads took: 0.0000570 seconds
63.380: Application time: 0.0650510 seconds
63.380: [GC63.380: [ParNew: 15534K->649K(16640K), 0.0003870 secs] 48722K->33837K(53952K), 0.0004140 secs] [Times: user=0.01 sys=0.00, real=0.00 secs] 
63.381: Total time for which application threads were stopped: 0.0005330 seconds, Stopping threads took: 0.0000650 seconds
63.446: Application time: 0.0651320 seconds
63.446: [GC63.446: [ParNew: 15496K->660K(16640K), 0.0003970 secs] 48685K->33849K(53952K), 0.0004240 secs] [Times: user=0.00 sys=0.00, real=0.00 secs] 
63.447: Total time for which application threads were stopped: 0.0005410 seconds, Stopping threads took: 0.0000590 seconds
63.511: Application time: 0.0649120 seconds
63.512: [GC63.512: [ParNew: 15508K->692K(16640K), 0.0004300 secs] 48696K->33881K(53952K), 0.0004560 secs] [Times: user=0.00 sys=0.00, real=0.00 secs] 
63.512: Total time for which application threads were stopped: 0.0005800 seconds, Stopping threads took: 0.0000630 seconds
63.574: Application time: 0.0618040 seconds
63.574: [GC63.574: [ParNew: 15538K->1027K(16640K), 0.0004650 secs] 48727K->34215K(53952K), 0.0004910 secs] [Times: user=0.00 sys=0.00, real=0.00 secs] 
63.574: Total time for which application threads were stopped: 0.0005860 seconds, Stopping threads took: 0.0000430 seconds
63.635: Application time: 0.0607150 seconds
63.635: [GC63.635: [ParNew: 15871K->1050K(16640K), 0.0006900 secs] 49060K->34239K(53952K), 0.0007220 secs] [Times: user=0.00 sys=0.00, real=0.00 secs] 
63.636: Total time for which application threads were stopped: 0.0009180 seconds, Stopping threads took: 0.0001270 seconds
63.703: Application time: 0.0670480 seconds
63.703: [GC63.703: [ParNew: 15895K->796K(16640K), 0.0005220 secs] 49084K->34366K(53952K), 0.0005500 secs] [Times: user=0.01 sys=0.00, real=0.00 secs] 
63.704: Total time for which application threads were stopped: 0.0006650 seconds, Stopping threads took: 0.0000560 seconds
63.771: Application time: 0.0669430 seconds
63.775: [GC63.775: [ParNew: 15643K->621K(16640K), 0.0004310 secs] 49213K->34191K(53952K), 0.0004590 secs] [Times: user=0.00 sys=0.00, real=0.00 secs] 
63.776: Total time for which application threads were stopped: 0.0048850 seconds, Stopping threads took: 0.0043630 seconds
63.843: Application time: 0.0669620 seconds
63.843: [GC63.843: [ParNew: 15469K->627K(16640K), 0.0004670 secs] 49038K->34197K(53952K), 0.0004950 secs] [Times: user=0.00 sys=0.00, real=0.00 secs] 
63.843: Total time for which application threads were stopped: 0.0006120 seconds, Stopping threads took: 0.0000600 seconds
63.910: Application time: 0.0669870 seconds
63.911: [GC63.911: [ParNew: 15475K->613K(16640K), 0.0005120 secs] 49044K->34182K(53952K), 0.0005340 secs] [Times: user=0.00 sys=0.00, real=0.00 secs] 
63.912: Total time for which application threads were stopped: 0.0014770 seconds, Stopping threads took: 0.0008830 seconds
63.980: Application time: 0.0679820 seconds
63.980: [GC63.980: [ParNew: 15460K->641K(16640K), 0.0004070 secs] 49029K->34211K(53952K), 0.0004340 secs] [Times: user=0.01 sys=0.00, real=0.00 secs] 
63.980: Total time for which application threads were stopped: 0.0005610 seconds, Stopping threads took: 0.0000710 seconds
64.047: Application time: 0.0665650 seconds
64.047: [GC64.047: [ParNew: 15488K->0K(16640K), 0.0005190 secs] 49058K->34139K(53952K), 0.0005490 secs] [Times: user=0.00 sys=0.00, real=0.01 secs] 
64.047: Total time for which application threads were stopped: 0.0006590 seconds, Stopping threads took: 0.0000520 seconds
64.115: Application time: 0.0670760 seconds
64.115: [GC64.115: [ParNew: 14847K->0K(16640K), 0.0003000 secs] 48987K->34139K(53952K), 0.0003270 secs] [Times: user=0.00 sys=0.00, real=0.00 secs] 
64.115: Total time for which application threads were stopped: 0.0004380 seconds, Stopping threads took: 0.0000600 seconds
64.166: Application time: 0.0505550 seconds
64.166: [GC64.166: [ParNew: 14846K->192K(16640K), 0.0003240 secs] 48986K->34332K(53952K), 0.0003500 secs] [Times: user=0.01 sys=0.00, real=0.00 secs] 
64.166: Total time for which application threads were stopped: 0.0004590 seconds, Stopping threads took: 0.0000590 seconds
64.230: Application time: 0.0641570 seconds
64.230: [GC64.230: [ParNew: 15040K->200K(16640K), 0.0003460 secs] 49180K->34340K(53952K), 0.0003710 secs] [Times: user=0.00 sys=0.00, real=0.00 secs] 
64.231: Total time for which application threads were stopped: 0.0004750 seconds, Stopping threads took: 0.0000510 seconds
64.296: Application time: 0.0658740 seconds
64.297: [GC64.297: [ParNew: 15045K->202K(16640K), 0.0003500 secs] 49184K->34342K(53952K), 0.0003770 secs] [Times: user=0.00 sys=0.00, real=0.00 secs] 
64.297: Total time for which application threads were stopped: 0.0005090 seconds, Stopping threads took: 0.0000640 seconds
64.364: Application time: 0.0668300 seconds
64.364: [GC64.364: [ParNew: 15050K->205K(16640K), 0.0003270 secs] 49189K->34344K(53952K), 0.0003520 secs] [Times: user=0.00 sys=0.00, real=0.00 secs] 
64.364: Total time for which application threads were stopped: 0.0004740 seconds, Stopping threads took: 0.0000620 seconds
64.431: Application time: 0.0668470 seconds
64.431: [GC64.431: [ParNew: 15052K->199K(16640K), 0.0003430 secs] 49192K->34339K(53952K), 0.0003720 secs] [Times: user=0.00 sys=0.00, real=0.00 secs] 
64.432: Total time for which application threads were stopped: 0.0005130 seconds, Stopping threads took: 0.0000860 seconds
64.498: Application time: 0.0667350 seconds
64.499: [GC64.499: [ParNew: 15045K->202K(16640K), 0.0003700 secs] 49184K->34341K(53952K), 0.0003960 secs] [Times: user=0.00 sys=0.00, real=0.00 secs] 
64.499: Total time for which application threads were stopped: 0.0005140 seconds, Stopping threads took: 0.0000600 seconds
64.545: Application time: 0.0462520 seconds
64.545: [GC64.545: [ParNew: 15046K->573K(16640K), 0.0004270 secs] 49186K->34712K(53952K), 0.0004540 secs] [Times: user=0.01 sys=0.00, real=0.00 secs] 
64.546: Total time for which application threads were stopped: 0.0005600 seconds, Stopping threads took: 0.0000480 seconds
64.591: Application time: 0.0450880 seconds
64.591: [GC64.591: [ParNew: 15418K->629K(16640K), 0.0004130 secs] 49558K->34769K(53952K), 0.0004390 secs] [Times: user=0.00 sys=0.00, real=0.00 secs] 
64.591: Total time for which application threads were stopped: 0.0005480 seconds, Stopping threads took: 0.0000530 seconds
64.655: Application time: 0.0640530 seconds
64.656: [GC64.656: [ParNew: 15476K->692K(16640K), 0.0003880 secs] 49616K->34832K(53952K), 0.0004140 secs] [Times: user=0.01 sys=0.00, real=0.00 secs] 
64.656: Total time for which application threads were stopped: 0.0005140 seconds, Stopping threads took: 0.0000440 seconds
64.723: Application time: 0.0669200 seconds
64.723: [GC64.723: [ParNew: 15538K->693K(16640K), 0.0004390 secs] 49677K->34833K(53952K), 0.0004690 secs] [Times: user=0.00 sys=0.00, real=0.00 secs] 
64.723: Total time for which application threads were stopped: 0.0005950 seconds, Stopping threads took: 0.0000740 seconds
64.790: Application time: 0.0666310 seconds
64.790: [GC64.790: [ParNew: 15538K->672K(16640K), 0.0004370 secs] 49678K->34812K(53952K), 0.0004650 secs] [Times: user=0.00 sys=0.00, real=0.00 secs] 
64.791: Total time for which application threads were stopped: 0.0005950 seconds, Stopping threads took: 0.0000730 seconds
64.848: Application time: 0.0569500 seconds
64.848: [GC64.848: [ParNew: 15519K->886K(16640K), 0.0004820 secs] 49658K->35026K(53952K), 0.0005080 secs] [Times: user=0.00 sys=0.00, real=0.00 secs] 
64.848: Total time for which application threads were stopped: 0.0006380 seconds, Stopping threads took: 0.0000610 seconds
64.895: Application time: 0.0467960 seconds
64.895: [GC64.895: [ParNew: 15730K->1358K(16640K), 0.0005540 secs] 49870K->35498K(53952K), 0.0005810 secs] [Times: user=0.01 sys=0.00, real=0.00 secs] 
64.896: Total time for which application threads were stopped: 0.0006840 seconds, Stopping threads took: 0.0000440 seconds
64.926: Application time: 0.0300970 seconds
64.926: [GC64.926: [ParNew: 16203K->1290K(16640K), 0.0006760 secs] 50343K->36057K(53952K), 0.0007040 secs] [Times: user=0.01 sys=0.00, real=0.00 secs] 
64.927: Total time for which application threads were stopped: 0.0008070 seconds, Stopping threads took: 0.0000430 seconds
64.927: Application time: 0.0000180 seconds
64.927: [GC [1 CMS-initial-mark: 34767K(37312K)] 36068K(53952K), 0.0001290 secs] [Times: user=0.00 sys=0.00, real=0.00 secs] 
64.927: Total time for which application threads were stopped: 0.0001680 seconds, Stopping threads took: 0.0000230 seconds
64.927: [CMS-concurrent-mark-start]
64.932: [CMS-concurrent-mark: 0.005/0.005 secs] [Times: user=0.03 sys=0.00, real=0.01 secs] 
64.932: [CMS-concurrent-preclean-start]
64.932: [CMS-concurrent-preclean: 0.000/0.000 secs] [Times: user=0.00 sys=0.00, real=0.00 secs] 
64.932: [CMS-concurrent-abortable-preclean-start]
64.957: Application time: 0.0301260 seconds
64.957: [GC64.957: [ParNew: 16134K->1623K(16640K), 0.0006150 secs] 50901K->36447K(53952K), 0.0006430 secs] [Times: user=0.00 sys=0.00, real=0.00 secs] 
64.958: Total time for which application threads were stopped: 0.0007520 seconds, Stopping threads took: 0.0000400 seconds
65.012: Application time: 0.0545960 seconds
65.012: [GC65.012: [ParNew: 16468K->1116K(16640K), 0.0006210 secs] 51292K->36408K(53952K), 0.0006490 secs] [Times: user=0.00 sys=0.00, real=0.00 secs] 
65.013: Total time for which application threads were stopped: 0.0007900 seconds, Stopping threads took: 0.0000810 seconds
65.076: Application time: 0.0628980 seconds
65.076: [GC65.076: [ParNew: 15962K->535K(16640K), 0.0005530 secs] 51254K->36616K(53952K), 0.0005800 secs] [Times: user=0.00 sys=0.00, real=0.00 secs] 
65.077: Total time for which application threads were stopped: 0.0007010 seconds, Stopping threads took: 0.0000660 seconds
65.143: Application time: 0.0660200 seconds
65.143: [GC65.143: [ParNew: 15381K->422K(16640K), 0.0003670 secs] 51461K->36502K(53952K), 0.0003940 secs] [Times: user=0.01 sys=0.00, real=0.00 secs] 
65.143: Total time for which application threads were stopped: 0.0005090 seconds, Stopping threads took: 0.0000580 seconds
65.210: Application time: 0.0669040 seconds
65.210: [GC65.210: [ParNew: 15267K->428K(16640K), 0.0004180 secs] 51348K->36509K(53952K), 0.0004470 secs] [Times: user=0.00 sys=0.00, real=0.00 secs] 
65.211: Total time for which application threads were stopped: 0.0006030 seconds, Stopping threads took: 0.0000950 seconds
65.276: Application time: 0.0651560 seconds
65.276: [GC65.276: [ParNew: 15273K->631K(16640K), 0.0004430 secs] 51354K->36711K(53952K), 0.0004710 secs] [Times: user=0.00 sys=0.00, real=0.00 secs] 
65.277: Total time for which application threads were stopped: 0.0005810 seconds, Stopping threads took: 0.0000570 seconds
65.339: Application time: 0.0624230 seconds
65.339: [GC65.339: [ParNew: 15416K->881K(16640K), 0.0004510 secs] 51496K->36962K(53952K), 0.0004790 secs] [Times: user=0.01 sys=0.00, real=0.00 secs] 
65.340: Total time for which application threads were stopped: 0.0006140 seconds, Stopping threads took: 0.0000750 seconds
65.402: Application time: 0.0625390 seconds
65.402: [GC65.402: [ParNew: 15725K->1046K(16640K), 0.0005400 secs] 51806K->37126K(53952K), 0.0005670 secs] [Times: user=0.01 sys=0.00, real=0.00 secs] 
65.403: Total time for which application threads were stopped: 0.0007090 seconds, Stopping threads took: 0.0000740 seconds
65.470: Application time: 0.0674160 seconds
65.470: [GC65.470: [ParNew: 15893K->703K(16640K), 0.0006170 secs] 51974K->37163K(53952K), 0.0006460 secs] [Times: user=0.01 sys=0.00, real=0.00 secs] 
65.471: Total time for which application threads were stopped: 0.0007690 seconds, Stopping threads took: 0.0000710 seconds
65.540: Application time: 0.0689590 seconds
65.540: [GC65.540: [ParNew: 15548K->633K(16640K), 0.0004660 secs] 52009K->37093K(53952K), 0.0004940 secs] [Times: user=0.01 sys=0.00, real=0.00 secs] 
65.541: Total time for which application threads were stopped: 0.0006350 seconds, Stopping threads took: 0.0000830 seconds
65.608: Application time: 0.0674510 seconds
65.608: [GC65.608: [ParNew: 15480K->639K(16640K), 0.0004080 secs] 51941K->37099K(53952K), 0.0004350 secs] [Times: user=0.01 sys=0.00, real=0.00 secs] 
65.609: Total time for which application threads were stopped: 0.0005480 seconds, Stopping threads took: 0.0000550 seconds
65.676: Application time: 0.0677010 seconds
65.676: [GC65.676: [ParNew: 15486K->650K(16640K), 0.0004090 secs] 51947K->37111K(53952K), 0.0004360 secs] [Times: user=0.00 sys=0.00, real=0.00 secs] 
65.677: Total time for which application threads were stopped: 0.0005490 seconds, Stopping threads took: 0.0000620 seconds
65.746: Application time: 0.0688480 seconds
65.746: [GC65.746: [ParNew: 15496K->638K(16640K), 0.0004110 secs] 51956K->37099K(53952K), 0.0004380 secs] [Times: user=0.00 sys=0.00, real=0.00 secs] 
65.746: Total time for which application threads were stopped: 0.0005570 seconds, Stopping threads took: 0.0000650 seconds
65.814: Application time: 0.0677040 seconds
65.814: [GC65.814: [ParNew: 15485K->0K(16640K), 0.0004880 secs] 51946K->37030K(54144K), 0.0005230 secs] [Times: user=0.00 sys=0.00, real=0.00 secs] 
65.815: Total time for which application threads were stopped: 0.0006580 seconds, Stopping threads took: 0.0000770 seconds
65.879: Application time: 0.0646050 seconds
65.879: [GC65.879: [ParNew: 14847K->200K(16640K), 0.0003420 secs] 51878K->37231K(54144K), 0.0003710 secs] [Times: user=0.00 sys=0.00, real=0.00 secs] 
65.880: Total time for which application threads were stopped: 0.0004960 seconds, Stopping threads took: 0.0000720 seconds
65.932: Application time: 0.0521150 seconds
65.932: [GC65.932: [ParNew: 15047K->203K(16640K), 0.0003840 secs] 52078K->37234K(54144K), 0.0004110 secs] [Times: user=0.01 sys=0.00, real=0.00 secs] 
65.932: Total time for which application threads were stopped: 0.0005390 seconds, Stopping threads took: 0.0000650 seconds
65.999: Application time: 0.0662900 seconds
65.999: [GC65.999: [ParNew: 15050K->197K(16640K), 0.0003630 secs] 52081K->37228K(54144K), 0.0003890 secs] [Times: user=0.00 sys=0.00, real=0.01 secs] 
65.999: Total time for which application threads were stopped: 0.0005110 seconds, Stopping threads took: 0.0000640 seconds
66.067: Application time: 0.0678860 seconds
66.067: [GC66.067: [ParNew: 15044K->201K(16640K), 0.0003370 secs] 52075K->37232K(54144K), 0.0003630 secs] [Times: user=0.01 sys=0.00, real=0.00 secs] 
66.068: Total time for which application threads were stopped: 0.0004930 seconds, Stopping threads took: 0.0000800 seconds
66.135: Application time: 0.0675620 seconds
66.135: [GC66.135: [ParNew: 15048K->201K(16640K), 0.0003270 secs] 52079K->37232K(54144K), 0.0003560 secs] [Times: user=0.01 sys=0.00, real=0.00 secs] 
66.136: Total time for which application threads were stopped: 0.0004870 seconds, Stopping threads took: 0.0000760 seconds
66.203: Application time: 0.0675480 seconds
66.203: [GC66.203: [ParNew: 15048K->204K(16640K), 0.0003220 secs] 52079K->37234K(54144K), 0.0003480 secs] [Times: user=0.00 sys=0.00, real=0.00 secs] 
66.204: Total time for which application threads were stopped: 0.0004770 seconds, Stopping threads took: 0.0000720 seconds
66.271: Application time: 0.0673560 seconds
66.271: [GC66.271: [ParNew: 15051K->192K(16640K), 0.0004240 secs] 52082K->37223K(54144K), 0.0004510 secs] [Times: user=0.00 sys=0.00, real=0.00 secs] 
66.272: Total time for which application threads were stopped: 0.0005680 seconds, Stopping threads took: 0.0000660 seconds
66.321: Application time: 0.0498070 seconds
66.321: [GC66.322: [ParNew: 15038K->596K(16640K), 0.0004780 secs] 52069K->37627K(54144K), 0.0005040 secs] [Times: user=0.01 sys=0.00, real=0.00 secs] 
66.322: Total time for which application threads were stopped: 0.0006080 seconds, Stopping threads took: 0.0000540 seconds
66.364: Application time: 0.0421950 seconds
66.364: [GC66.364: [ParNew: 15439K->626K(16640K), 0.0004180 secs] 52470K->37657K(54144K), 0.0004440 secs] [Times: user=0.01 sys=0.00, real=0.00 secs] 
66.365: Total time for which application threads were stopped: 0.0005610 seconds, Stopping threads took: 0.0000580 seconds
66.429: Application time: 0.0637410 seconds
66.429: [GC66.429: [ParNew: 15472K->669K(16640K), 0.0004460 secs] 52503K->37700K(54144K), 0.0004730 secs] [Times: user=0.01 sys=0.00, real=0.00 secs] 
66.429: Total time for which application threads were stopped: 0.0005910 seconds, Stopping threads took: 0.0000650 seconds
66.496: Application time: 0.0669460 seconds
66.496: [GC66.496: [ParNew: 15517K->685K(16640K), 0.0004200 secs] 52548K->37716K(54144K), 0.0004440 secs] [Times: user=0.00 sys=0.00, real=0.00 secs] 
66.497: Total time for which application threads were stopped: 0.0005610 seconds, Stopping threads took: 0.0000530 seconds
66.564: Application time: 0.0671630 seconds
66.564: [GC66.564: [ParNew: 15532K->682K(16640K), 0.0004400 secs] 52563K->37713K(54144K), 0.0004680 secs] [Times: user=0.01 sys=0.00, real=0.00 secs] 
66.564: Total time for which application threads were stopped: 0.0005960 seconds, Stopping threads took: 0.0000690 seconds
66.621: Application time: 0.0566730 seconds
66.621: [GC66.621: [ParNew: 15529K->914K(16640K), 0.0004900 secs] 52559K->37945K(54144K), 0.0005160 secs] [Times: user=0.00 sys=0.00, real=0.00 secs] 
66.622: Total time for which application threads were stopped: 0.0006250 seconds, Stopping threads took: 0.0000570 seconds
66.660: Application time: 0.0380650 seconds
66.660: [GC66.660: [ParNew: 15760K->1367K(16640K), 0.0006690 secs] 52791K->38617K(54336K), 0.0006970 secs] [Times: user=0.01 sys=0.00, real=0.00 secs] 
66.661: Total time for which application threads were stopped: 0.0008020 seconds, Stopping threads took: 0.0000460 seconds
66.687: Application time: 0.0263050 seconds
66.687: [GC66.687: [ParNew: 16212K->1255K(16640K), 0.0007050 secs] 53462K->38913K(54720K), 0.0007340 secs] [Times: user=0.00 sys=0.00, real=0.01 secs] 
66.688: Total time for which application threads were stopped: 0.0008620 seconds, Stopping threads took: 0.0000680 seconds
66.727: Application time: 0.0389240 seconds
66.727: [GC66.727: [ParNew: 16099K->1402K(16640K), 0.0005620 secs] 53757K->39146K(54720K), 0.0005910 secs] [Times: user=0.00 sys=0.01, real=0.01 secs] 
66.727: Total time for which application threads were stopped: 0.0006950 seconds, Stopping threads took: 0.0000520 seconds
66.784: Application time: 0.0566070 seconds
66.784: [GC66.784: [ParNew: 16246K->1343K(16640K), 0.0006240 secs] 53990K->39336K(55104K), 0.0006520 secs] [Times: user=0.01 sys=0.00, real=0.00 secs] 
66.785: Total time for which application threads were stopped: 0.0007880 seconds, Stopping threads took: 0.0000790 seconds
66.850: Application time: 0.0648010 seconds
66.850: [GC66.850: [ParNew (promotion failed): 16190K->14847K(16640K), 0.0015560 secs]66.851: [CMS66.851: [CMS-concurrent-abortable-preclean: 0.017/1.919 secs] [Times: user=15.11 sys=0.02, real=1.92 secs] 
 (concurrent mode failure): 38475K->3103K(38912K), 0.0085490 secs] 54183K->3103K(55552K), [CMS Perm : 5543K->5540K(21248K)], 0.0101590 secs] [Times: user=0.02 sys=0.00, real=0.01 secs] 
66.860: Total time for which application threads were stopped: 0.0102930 seconds, Stopping threads took: 0.0000620 seconds
66.925: Application time: 0.0656260 seconds
66.926: [GC66.926: [ParNew: 14847K->0K(16640K), 0.0003500 secs] 17950K->3103K(55552K), 0.0003810 secs] [Times: user=0.00 sys=0.00, real=0.00 secs] 
66.926: Total time for which application threads were stopped: 0.0005260 seconds, Stopping threads took: 0.0000910 seconds
66.991: Application time: 0.0654510 seconds
66.992: [GC66.992: [ParNew: 14847K->0K(16640K), 0.0003720 secs] 17950K->3103K(55552K), 0.0003990 secs] [Times: user=0.00 sys=0.00, real=0.00 secs] 
66.992: Total time for which application threads were stopped: 0.0005170 seconds, Stopping threads took: 0.0000610 seconds
67.057: Application time: 0.0646740 seconds
67.057: [GC67.057: [ParNew: 14844K->198K(16640K), 0.0003800 secs] 17948K->3301K(55552K), 0.0004060 secs] [Times: user=0.00 sys=0.00, real=0.00 secs] 
67.057: Total time for which application threads were stopped: 0.0005310 seconds, Stopping threads took: 0.0000550 seconds
67.115: Application time: 0.0582290 seconds
67.116: [GC67.116: [ParNew: 15037K->841K(16640K), 0.0004890 secs] 18140K->3944K(55552K), 0.0005150 secs] [Times: user=0.00 sys=0.00, real=0.00 secs] 
67.116: Total time for which application threads were stopped: 0.0006570 seconds, Stopping threads took: 0.0000840 seconds
67.182: Application time: 0.0658010 seconds
67.182: [GC67.182: [ParNew: 15685K->981K(16640K), 0.0004530 secs] 18789K->4084K(55552K), 0.0004810 secs] [Times: user=0.01 sys=0.00, real=0.00 secs] 
67.182: Total time for which application threads were stopped: 0.0005920 seconds, Stopping threads took: 0.0000570 seconds
67.252: Application time: 0.0695900 seconds
67.252: [GC67.252: [ParNew: 15829K->148K(16640K), 0.0005620 secs] 18932K->4089K(55552K), 0.0005880 secs] [Times: user=0.00 sys=0.00, real=0.00 secs] 
67.253: Total time for which application threads were stopped: 0.0007010 seconds, Stopping threads took: 0.0000590 seconds
67.320: Application time: 0.0672800 seconds
67.320: [GC67.320: [ParNew: 14995K->143K(16640K), 0.0003030 secs] 18937K->4084K(55552K), 0.0003390 secs] [Times: user=0.00 sys=0.00, real=0.00 secs] 
67.320: Total time for which application threads were stopped: 0.0004390 seconds, Stopping threads took: 0.0000500 seconds
67.387: Application time: 0.0669000 seconds
67.387: [GC67.387: [ParNew: 14990K->134K(16640K), 0.0003820 secs] 18931K->4075K(55552K), 0.0004070 secs] [Times: user=0.00 sys=0.00, real=0.00 secs] 
67.388: Total time for which application threads were stopped: 0.0005240 seconds, Stopping threads took: 0.0000630 seconds
67.455: Application time: 0.0671760 seconds
67.455: [GC67.455: [ParNew: 14981K->134K(16640K), 0.0003220 secs] 18922K->4075K(55552K), 0.0003500 secs] [Times: user=0.00 sys=0.00, real=0.00 secs] 
67.456: Total time for which application threads were stopped: 0.0004720 seconds, Stopping threads took: 0.0000660 seconds
67.523: Application time: 0.0669950 seconds
67.527: [GC67.527: [ParNew: 14981K->132K(16640K), 0.0003250 secs] 18922K->4073K(55552K), 0.0003540 secs] [Times: user=0.00 sys=0.00, real=0.00 secs] 
67.528: Total time for which application threads were stopped: 0.0049480 seconds, Stopping threads took: 0.0045420 seconds
67.595: Application time: 0.0670230 seconds
67.595: [GC67.595: [ParNew: 14979K->0K(16640K), 0.0003320 secs] 18920K->4069K(55552K), 0.0003590 secs] [Times: user=0.01 sys=0.00, real=0.00 secs] 
67.595: Total time for which application threads were stopped: 0.0004740 seconds, Stopping threads took: 0.0000530 seconds
67.645: Application time: 0.0497940 seconds
67.645: [GC67.645: [ParNew: 14844K->192K(16640K), 0.0003360 secs] 18914K->4262K(55552K), 0.0003620 secs] [Times: user=0.00 sys=0.00, real=0.00 secs] 
67.645: Total time for which application threads were stopped: 0.0004690 seconds, Stopping threads took: 0.0000520 seconds
67.709: Application time: 0.0636780 seconds
67.709: [GC67.709: [ParNew: 15040K->196K(16640K), 0.0003740 secs] 19110K->4266K(55552K), 0.0004010 secs] [Times: user=0.00 sys=0.00, real=0.00 secs] 
67.709: Total time for which application threads were stopped: 0.0005180 seconds, Stopping threads took: 0.0000590 seconds
67.775: Application time: 0.0659370 seconds
67.779: [GC67.779: [ParNew: 15041K->200K(16640K), 0.0003940 secs] 19110K->4270K(55552K), 0.0004220 secs] [Times: user=0.00 sys=0.00, real=0.00 secs] 
67.780: Total time for which application threads were stopped: 0.0041530 seconds, Stopping threads took: 0.0036780 seconds
67.846: Application time: 0.0669250 seconds
67.847: [GC67.847: [ParNew: 15046K->202K(16640K), 0.0003480 secs] 19116K->4271K(55552K), 0.0003780 secs] [Times: user=0.00 sys=0.00, real=0.00 secs] 
67.848: Total time for which application threads were stopped: 0.0010420 seconds, Stopping threads took: 0.0006060 seconds
67.914: Application time: 0.0665820 seconds
67.914: [GC67.914: [ParNew: 15049K->206K(16640K), 0.0003610 secs] 19119K->4276K(55552K), 0.0003870 secs] [Times: user=0.00 sys=0.00, real=0.00 secs] 
67.915: Total time for which application threads were stopped: 0.0005260 seconds, Stopping threads took: 0.0000830 seconds
67.981: Application time: 0.0664450 seconds
67.981: [GC67.981: [ParNew: 15053K->202K(16640K), 0.0018380 secs] 19123K->4272K(55552K), 0.0018710 secs] [Times: user=0.00 sys=0.00, real=0.00 secs] 
67.983: Total time for which application threads were stopped: 0.0019810 seconds, Stopping threads took: 0.0000570 seconds
68.043: Application time: 0.0602730 seconds
68.043: [GC68.043: [ParNew: 15050K->416K(16640K), 0.0003690 secs] 19120K->4486K(55552K), 0.0003950 secs] [Times: user=0.00 sys=0.00, real=0.00 secs] 
68.044: Total time for which application threads were stopped: 0.0005190 seconds, Stopping threads took: 0.0000680 seconds
68.090: Application time: 0.0456390 seconds
68.090: [GC68.090: [ParNew: 15262K->448K(16640K), 0.0003740 secs] 19332K->4518K(55552K), 0.0004010 secs] [Times: user=0.00 sys=0.00, real=0.00 secs] 
68.090: Total time for which application threads were stopped: 0.0005260 seconds, Stopping threads took: 0.0000670 seconds
68.141: Application time: 0.0512850 seconds
68.141: [GC68.141: [ParNew: 15292K->635K(16640K), 0.0004230 secs] 19362K->4705K(55552K), 0.0004570 secs] [Times: user=0.00 sys=0.00, real=0.00 secs] 
68.142: Total time for which application threads were stopped: 0.0005880 seconds, Stopping threads took: 0.0000640 seconds
68.206: Application time: 0.0637980 seconds
68.206: [GC68.206: [ParNew: 15483K->673K(16640K), 0.0005150 secs] 19553K->4743K(55552K), 0.0005420 secs] [Times: user=0.00 sys=0.00, real=0.00 secs] 
68.206: Total time for which application threads were stopped: 0.0006650 seconds, Stopping threads took: 0.0000650 seconds
68.273: Application time: 0.0667720 seconds
68.273: [GC68.273: [ParNew: 15520K->700K(16640K), 0.0004130 secs] 19590K->4770K(55552K), 0.0004420 secs] [Times: user=0.00 sys=0.00, real=0.00 secs] 
68.274: Total time for which application threads were stopped: 0.0006140 seconds, Stopping threads took: 0.0001200 seconds
68.340: Application time: 0.0662290 seconds
68.340: [GC68.340: [ParNew: 15548K->703K(16640K), 0.0004110 secs] 19618K->4773K(55552K), 0.0004380 secs] [Times: user=0.00 sys=0.00, real=0.00 secs] 
68.341: Total time for which application threads were stopped: 0.0005640 seconds, Stopping threads took: 0.0000690 seconds
68.394: Application time: 0.0530060 seconds
68.394: [GC68.394: [ParNew: 15550K->672K(16640K), 0.0004450 secs] 19620K->4960K(55552K), 0.0004720 secs] [Times: user=0.01 sys=0.00, real=0.00 secs] 
68.394: Total time for which application threads were stopped: 0.0005950 seconds, Stopping threads took: 0.0000670 seconds
68.430: Application time: 0.0355320 seconds
68.430: [GC68.430: [ParNew: 15516K->1334K(16640K), 0.0005120 secs] 19804K->5622K(55552K), 0.0005420 secs] [Times: user=0.00 sys=0.00, real=0.00 secs] 
68.430: Total time for which application threads were stopped: 0.0006450 seconds, Stopping threads took: 0.0000450 seconds
68.455: Application time: 0.0249600 seconds
68.455: [GC68.455: [ParNew: 16180K->1038K(16640K), 0.0006150 secs] 20468K->5735K(55552K), 0.0006430 secs] [Times: user=0.01 sys=0.00, real=0.00 secs] 
68.456: Total time for which application threads were stopped: 0.0007640 seconds, Stopping threads took: 0.0000620 seconds
68.499: Application time: 0.0432350 seconds
68.499: [GC68.499: [ParNew: 15885K->1485K(16640K), 0.0005840 secs] 20582K->6182K(55552K), 0.0006110 secs] [Times: user=0.01 sys=0.00, real=0.00 secs] 
68.500: Total time for which application threads were stopped: 0.0007290 seconds, Stopping threads took: 0.0000570 seconds
68.558: Application time: 0.0581590 seconds
68.558: [GC68.558: [ParNew: 16330K->1190K(16640K), 0.0006060 secs] 21027K->6411K(55552K), 0.0006330 secs] [Times: user=0.00 sys=0.00, real=0.00 secs] 
68.559: Total time for which application threads were stopped: 0.0007480 seconds, Stopping threads took: 0.0000570 seconds
68.624: Application time: 0.0646140 seconds
68.624: [GC68.624: [ParNew: 16037K->0K(16640K), 0.0005340 secs] 21258K->6200K(55552K), 0.0005610 secs] [Times: user=0.00 sys=0.00, real=0.00 secs] 
68.624: Total time for which application threads were stopped: 0.0006790 seconds, Stopping threads took: 0.0000680 seconds
68.690: Application time: 0.0659560 seconds
68.690: [GC68.690: [ParNew: 14847K->0K(16640K), 0.0003430 secs] 21047K->6200K(55552K), 0.0003710 secs] [Times: user=0.00 sys=0.00, real=0.00 secs] 
68.691: Total time for which application threads were stopped: 0.0005020 seconds, Stopping threads took: 0.0000660 seconds
68.758: Application time: 0.0675730 seconds
68.758: [GC68.758: [ParNew: 14847K->0K(16640K), 0.0003270 secs] 21048K->6200K(55552K), 0.0003510 secs] [Times: user=0.00 sys=0.00, real=0.00 secs] 
68.759: Total time for which application threads were stopped: 0.0004600 seconds, Stopping threads took: 0.0000580 seconds
68.823: Application time: 0.0638310 seconds
68.823: [GC68.823: [ParNew: 14847K->198K(16640K), 0.0002910 secs] 21047K->6398K(55552K), 0.0003170 secs] [Times: user=0.01 sys=0.00, real=0.00 secs] 
68.823: Total time for which application threads were stopped: 0.0004220 seconds, Stopping threads took: 0.0000550 seconds
68.882: Application time: 0.0587280 seconds
68.882: [GC68.882: [ParNew: 15044K->963K(16640K), 0.0005450 secs] 21245K->7163K(55552K), 0.0005720 secs] [Times: user=0.01 sys=0.00, real=0.00 secs] 
68.882: Total time for which application threads were stopped: 0.0006870 seconds, Stopping threads took: 0.0000610 seconds
68.949: Application time: 0.0670870 seconds
68.951: [GC68.951: [ParNew: 15810K->796K(16640K), 0.0005200 secs] 22010K->7186K(55552K), 0.0005460 secs] [Times: user=0.01 sys=0.00, real=0.00 secs] 
68.952: Total time for which application threads were stopped: 0.0021800 seconds, Stopping threads took: 0.0015780 seconds
69.019: Application time: 0.0672170 seconds
69.019: [GC69.019: [ParNew: 15644K->812K(16640K), 0.0004580 secs] 22034K->7202K(55552K), 0.0004890 secs] [Times: user=0.00 sys=0.00, real=0.01 secs] 
69.020: Total time for which application threads were stopped: 0.0006260 seconds, Stopping threads took: 0.0000860 seconds
69.086: Application time: 0.0668190 seconds
69.086: [GC69.086: [ParNew: 15659K->863K(16640K), 0.0004260 secs] 22050K->7253K(55552K), 0.0004550 secs] [Times: user=0.00 sys=0.00, real=0.00 secs] 
69.087: Total time for which application threads were stopped: 0.0005670 seconds, Stopping threads took: 0.0000580 seconds
69.154: Application time: 0.0670680 seconds
69.155: [GC69.155: [ParNew: 15710K->893K(16640K), 0.0005260 secs] 22100K->7283K(55552K), 0.0005530 secs] [Times: user=0.01 sys=0.00, real=0.00 secs] 
69.156: Total time for which application threads were stopped: 0.0017510 seconds, Stopping threads took: 0.0011390 seconds
69.223: Application time: 0.0668890 seconds
69.223: [GC69.223: [ParNew: 15740K->905K(16640K), 0.0010410 secs] 22130K->7295K(55552K), 0.0010720 secs] [Times: user=0.01 sys=0.00, real=0.00 secs] 
69.224: Total time for which application threads were stopped: 0.0012090 seconds, Stopping threads took: 0.0000720 seconds
69.291: Application time: 0.0667890 seconds
69.291: [GC69.291: [ParNew: 15752K->0K(16640K), 0.0004870 secs] 22142K->7150K(55552K), 0.0005130 secs] [Times: user=0.01 sys=0.00, real=0.00 secs] 
69.291: Total time for which application threads were stopped: 0.0006280 seconds, Stopping threads took: 0.0000590 seconds
69.359: Application time: 0.0673540 seconds
69.359: [GC69.359: [ParNew: 14847K->0K(16640K), 0.0002930 secs] 21997K->7150K(55552K), 0.0003270 secs] [Times: user=0.00 sys=0.00, real=0.01 secs] 
69.359: Total time for which application threads were stopped: 0.0004310 seconds, Stopping threads took: 0.0000480 seconds
69.407: Application time: 0.0479640 seconds
69.407: [GC69.407: [ParNew: 14792K->75K(16640K), 0.0003150 secs] 21943K->7226K(55552K), 0.0003400 secs] [Times: user=0.00 sys=0.00, real=0.00 secs] 
69.407: Total time for which application threads were stopped: 0.0004710 seconds, Stopping threads took: 0.0000720 seconds
69.473: Application time: 0.0651050 seconds
69.473: [GC69.473: [ParNew: 14919K->202K(16640K), 0.0003060 secs] 22070K->7352K(55552K), 0.0003320 secs] [Times: user=0.00 sys=0.00, real=0.00 secs] 
69.473: Total time for which application threads were stopped: 0.0004400 seconds, Stopping threads took: 0.0000600 seconds
69.540: Application time: 0.0673320 seconds
69.540: [GC69.540: [ParNew: 15047K->205K(16640K), 0.0003330 secs] 22198K->7355K(55552K), 0.0003600 secs] [Times: user=0.00 sys=0.00, real=0.00 secs] 
69.541: Total time for which application threads were stopped: 0.0004690 seconds, Stopping threads took: 0.0000540 seconds
69.608: Application time: 0.0671460 seconds
69.608: [GC69.608: [ParNew: 15052K->204K(16640K), 0.0003440 secs] 22202K->7354K(55552K), 0.0003730 secs] [Times: user=0.00 sys=0.00, real=0.00 secs] 
69.608: Total time for which application threads were stopped: 0.0005000 seconds, Stopping threads took: 0.0000690 seconds
69.676: Application time: 0.0674100 seconds
69.676: [GC69.676: [ParNew: 15051K->201K(16640K), 0.0003060 secs] 22202K->7352K(55552K), 0.0003340 secs] [Times: user=0.00 sys=0.00, real=0.00 secs] 
69.676: Total time for which application threads were stopped: 0.0004940 seconds, Stopping threads took: 0.0001080 seconds
69.743: Application time: 0.0670080 seconds
69.744: [GC69.744: [ParNew: 15049K->200K(16640K), 0.0003340 secs] 22199K->7350K(55552K), 0.0003690 secs] [Times: user=0.00 sys=0.00, real=0.00 secs] 
69.744: Total time for which application threads were stopped: 0.0004870 seconds, Stopping threads took: 0.0000530 seconds
69.800: Application time: 0.0558320 seconds
69.800: [GC69.800: [ParNew: 15045K->417K(16640K), 0.0003450 secs] 22196K->7568K(55552K), 0.0003710 secs] [Times: user=0.00 sys=0.00, real=0.00 secs] 
69.800: Total time for which application threads were stopped: 0.0004780 seconds, Stopping threads took: 0.0000490 seconds
69.846: Application time: 0.0452880 seconds
69.846: [GC69.846: [ParNew: 15263K->610K(16640K), 0.0003830 secs] 22413K->7760K(55552K), 0.0004090 secs] [Times: user=0.01 sys=0.00, real=0.00 secs] 
69.846: Total time for which application threads were stopped: 0.0005450 seconds, Stopping threads took: 0.0000770 seconds
69.901: Application time: 0.0549190 seconds
69.903: [GC69.903: [ParNew: 15456K->674K(16640K), 0.0003820 secs] 22606K->7825K(55552K), 0.0004070 secs] [Times: user=0.00 sys=0.00, real=0.00 secs] 
69.904: Total time for which application threads were stopped: 0.0025600 seconds, Stopping threads took: 0.0020970 seconds
69.969: Application time: 0.0656040 seconds
69.969: [GC69.969: [ParNew: 15519K->674K(16640K), 0.0004450 secs] 22670K->7825K(55552K), 0.0004710 secs] [Times: user=0.00 sys=0.00, real=0.00 secs] 
69.970: Total time for which application threads were stopped: 0.0005960 seconds, Stopping threads took: 0.0000640 seconds
70.036: Application time: 0.0666320 seconds
70.036: [GC70.037: [ParNew: 15522K->682K(16640K), 0.0004100 secs] 22672K->7832K(55552K), 0.0004370 secs] [Times: user=0.00 sys=0.00, real=0.00 secs] 
70.037: Total time for which application threads were stopped: 0.0005760 seconds, Stopping threads took: 0.0000850 seconds
70.103: Application time: 0.0661470 seconds
70.103: [GC70.103: [ParNew: 15529K->678K(16640K), 0.0003920 secs] 22679K->7828K(55552K), 0.0004210 secs] [Times: user=0.00 sys=0.00, real=0.00 secs] 
70.104: Total time for which application threads were stopped: 0.0005450 seconds, Stopping threads took: 0.0000670 seconds
70.154: Application time: 0.0499240 seconds
70.154: [GC70.154: [ParNew: 15525K->870K(16640K), 0.0004600 secs] 22675K->8239K(55552K), 0.0004840 secs] [Times: user=0.00 sys=0.00, real=0.00 secs] 
70.154: Total time for which application threads were stopped: 0.0005880 seconds, Stopping threads took: 0.0000460 seconds
70.180: Application time: 0.0263290 seconds
70.181: [GC70.181: [ParNew: 15715K->1540K(16640K), 0.0005880 secs] 23084K->8910K(55552K), 0.0006140 secs] [Times: user=0.01 sys=0.00, real=0.00 secs] 
70.181: Total time for which application threads were stopped: 0.0007240 seconds, Stopping threads took: 0.0000540 seconds
70.208: Application time: 0.0270520 seconds
70.208: [GC70.208: [ParNew: 16387K->1005K(16640K), 0.0006400 secs] 23756K->9060K(55552K), 0.0006680 secs] [Times: user=0.01 sys=0.00, real=0.00 secs] 
70.209: Total time for which application threads were stopped: 0.0007940 seconds, Stopping threads took: 0.0000660 seconds
70.264: Application time: 0.0546780 seconds
70.264: [GC70.264: [ParNew: 15851K->1144K(16640K), 0.0004420 secs] 23905K->9198K(55552K), 0.0004660 secs] [Times: user=0.01 sys=0.00, real=0.00 secs] 
70.264: Total time for which application threads were stopped: 0.0005740 seconds, Stopping threads took: 0.0000490 seconds
70.323: Application time: 0.0589990 seconds
70.323: [GC70.323: [ParNew: 15987K->1538K(16640K), 0.0005850 secs] 24042K->9650K(55552K), 0.0006130 secs] [Times: user=0.01 sys=0.00, real=0.00 secs] 
70.324: Total time for which application threads were stopped: 0.0007030 seconds, Stopping threads took: 0.0000390 seconds
70.389: Application time: 0.0647360 seconds
70.389: [GC70.389: [ParNew: 16385K->0K(16640K), 0.0006380 secs] 24497K->9471K(55552K), 0.0006660 secs] [Times: user=0.00 sys=0.00, real=0.00 secs] 
70.390: Total time for which application threads were stopped: 0.0007810 seconds, Stopping threads took: 0.0000620 seconds
70.455: Application time: 0.0655430 seconds
70.455: [GC70.455: [ParNew: 14847K->0K(16640K), 0.0003240 secs] 24318K->9471K(55552K), 0.0003610 secs] [Times: user=0.00 sys=0.00, real=0.00 secs] 
70.456: Total time for which application threads were stopped: 0.0004760 seconds, Stopping threads took: 0.0000600 seconds
70.521: Application time: 0.0657050 seconds
70.521: [GC70.521: [ParNew: 14845K->0K(16640K), 0.0003480 secs] 24316K->9471K(55552K), 0.0003740 secs] [Times: user=0.00 sys=0.00, real=0.00 secs] 
70.522: Total time for which application threads were stopped: 0.0004910 seconds, Stopping threads took: 0.0000660 seconds
70.585: Application time: 0.0628150 seconds
70.585: [GC70.585: [ParNew: 14844K->388K(16640K), 0.0003340 secs] 24315K->9860K(55552K), 0.0003590 secs] [Times: user=0.00 sys=0.00, real=0.00 secs] 
70.585: Total time for which application threads were stopped: 0.0004650 seconds, Stopping threads took: 0.0000510 seconds
70.645: Application time: 0.0599760 seconds
70.645: [GC70.645: [ParNew: 15233K->963K(16640K), 0.0004070 secs] 24704K->10434K(55552K), 0.0004340 secs] [Times: user=0.00 sys=0.00, real=0.00 secs] 
70.646: Total time for which application threads were stopped: 0.0005490 seconds, Stopping threads took: 0.0000580 seconds
70.712: Application time: 0.0666700 seconds
70.712: [GC70.712: [ParNew: 15811K->826K(16640K), 0.0005380 secs] 25282K->10487K(55552K), 0.0005660 secs] [Times: user=0.00 sys=0.00, real=0.00 secs] 
70.713: Total time for which application threads were stopped: 0.0006820 seconds, Stopping threads took: 0.0000560 seconds
70.780: Application time: 0.0670390 seconds
70.780: [GC70.780: [ParNew: 15673K->806K(16640K), 0.0004280 secs] 25335K->10467K(55552K), 0.0004560 secs] [Times: user=0.00 sys=0.00, real=0.00 secs] 
70.781: Total time for which application threads were stopped: 0.0005840 seconds, Stopping threads took: 0.0000660 seconds
70.847: Application time: 0.0666630 seconds
70.847: [GC70.847: [ParNew: 15653K->864K(16640K), 0.0004350 secs] 25315K->10525K(55552K), 0.0004610 secs] [Times: user=0.01 sys=0.00, real=0.00 secs] 
70.848: Total time for which application threads were stopped: 0.0005790 seconds, Stopping threads took: 0.0000630 seconds
70.915: Application time: 0.0668740 seconds
70.915: [GC70.915: [ParNew: 15711K->898K(16640K), 0.0004270 secs] 25372K->10559K(55552K), 0.0004550 secs] [Times: user=0.00 sys=0.00, real=0.00 secs] 
70.915: Total time for which application threads were stopped: 0.0005990 seconds, Stopping threads took: 0.0000850 seconds
70.982: Application time: 0.0666490 seconds
70.982: [GC70.982: [ParNew: 15745K->872K(16640K), 0.0004490 secs] 25406K->10533K(55552K), 0.0004760 secs] [Times: user=0.01 sys=0.00, real=0.00 secs] 
70.983: Total time for which application threads were stopped: 0.0005980 seconds, Stopping threads took: 0.0000700 seconds
71.049: Application time: 0.0664680 seconds
71.049: [GC71.049: [ParNew: 15719K->0K(16640K), 0.0004880 secs] 25381K->10421K(55552K), 0.0005160 secs] [Times: user=0.00 sys=0.00, real=0.00 secs] 
71.050: Total time for which application threads were stopped: 0.0006460 seconds, Stopping threads took: 0.0000730 seconds
71.106: Application time: 0.0564250 seconds
71.106: [GC71.106: [ParNew: 14845K->216K(16640K), 0.0003720 secs] 25266K->10637K(55552K), 0.0003990 secs] [Times: user=0.00 sys=0.00, real=0.00 secs] 
71.107: Total time for which application threads were stopped: 0.0005060 seconds, Stopping threads took: 0.0000500 seconds
71.164: Application time: 0.0577970 seconds
71.164: [GC71.165: [ParNew: 15063K->202K(16640K), 0.0003030 secs] 25485K->10623K(55552K), 0.0003290 secs] [Times: user=0.00 sys=0.00, real=0.00 secs] 
71.165: Total time for which application threads were stopped: 0.0004440 seconds, Stopping threads took: 0.0000590 seconds
71.231: Application time: 0.0659140 seconds
71.231: [GC71.231: [ParNew: 15046K->201K(16640K), 0.0003380 secs] 25468K->10622K(55552K), 0.0003640 secs] [Times: user=0.00 sys=0.00, real=0.00 secs] 
71.231: Total time for which application threads were stopped: 0.0004680 seconds, Stopping threads took: 0.0000550 seconds
71.298: Application time: 0.0671200 seconds
71.298: [GC71.298: [ParNew: 15048K->204K(16640K), 0.0003310 secs] 25469K->10626K(55552K), 0.0003670 secs] [Times: user=0.00 sys=0.00, real=0.00 secs] 
71.299: Total time for which application threads were stopped: 0.0005110 seconds, Stopping threads took: 0.0000780 seconds
71.366: Application time: 0.0670330 seconds
71.366: [GC71.366: [ParNew: 15052K->205K(16640K), 0.0003320 secs] 25473K->10627K(55552K), 0.0003610 secs] [Times: user=0.00 sys=0.00, real=0.00 secs] 
71.366: Total time for which application threads were stopped: 0.0004860 seconds, Stopping threads took: 0.0000680 seconds
71.433: Application time: 0.0671200 seconds
71.434: [GC71.434: [ParNew: 15051K->205K(16640K), 0.0003070 secs] 25472K->10626K(55552K), 0.0003340 secs] [Times: user=0.00 sys=0.00, real=0.00 secs] 
71.434: Total time for which application threads were stopped: 0.0004580 seconds, Stopping threads took: 0.0000700 seconds
71.501: Application time: 0.0667540 seconds
71.501: [GC71.501: [ParNew: 15052K->207K(16640K), 0.0003730 secs] 25473K->10629K(55552K), 0.0003980 secs] [Times: user=0.00 sys=0.00, real=0.00 secs] 
71.501: Total time for which application threads were stopped: 0.0005450 seconds, Stopping threads took: 0.0000940 seconds
71.550: Application time: 0.0483710 seconds
71.550: [GC71.550: [ParNew: 15054K->415K(16640K), 0.0003920 secs] 25475K->10837K(55552K), 0.0004180 secs] [Times: user=0.01 sys=0.00, real=0.00 secs] 
71.550: Total time for which application threads were stopped: 0.0005380 seconds, Stopping threads took: 0.0000640 seconds
71.605: Application time: 0.0547550 seconds
71.605: [GC71.605: [ParNew: 15261K->606K(16640K), 0.0004570 secs] 25683K->11027K(55552K), 0.0004830 secs] [Times: user=0.01 sys=0.00, real=0.00 secs] 
71.606: Total time for which application threads were stopped: 0.0006030 seconds, Stopping threads took: 0.0000610 seconds
71.659: Application time: 0.0533070 seconds
71.659: [GC71.659: [ParNew: 15452K->656K(16640K), 0.0003920 secs] 25873K->11077K(55552K), 0.0004190 secs] [Times: user=0.00 sys=0.00, real=0.01 secs] 
71.659: Total time for which application threads were stopped: 0.0005370 seconds, Stopping threads took: 0.0000620 seconds
71.725: Application time: 0.0651890 seconds
71.725: [GC71.725: [ParNew: 15503K->662K(16640K), 0.0004490 secs] 25924K->11083K(55552K), 0.0004750 secs] [Times: user=0.00 sys=0.00, real=0.00 secs] 
71.725: Total time for which application threads were stopped: 0.0005910 seconds, Stopping threads took: 0.0000650 seconds
71.793: Application time: 0.0679880 seconds
71.793: [GC71.793: [ParNew: 15507K->672K(16640K), 0.0005160 secs] 25929K->11093K(55552K), 0.0005420 secs] [Times: user=0.01 sys=0.00, real=0.00 secs] 
71.794: Total time for which application threads were stopped: 0.0006560 seconds, Stopping threads took: 0.0000620 seconds
71.859: Application time: 0.0656490 seconds
71.860: [GC71.860: [ParNew: 15519K->663K(16640K), 0.0004240 secs] 25941K->11084K(55552K), 0.0004510 secs] [Times: user=0.00 sys=0.00, real=0.00 secs] 
71.860: Total time for which application threads were stopped: 0.0005720 seconds, Stopping threads took: 0.0000550 seconds
71.900: Application time: 0.0399960 seconds
71.903: [GC71.903: [ParNew: 15508K->1258K(16640K), 0.0006490 secs] 25930K->11899K(55552K), 0.0006780 secs] [Times: user=0.01 sys=0.00, real=0.00 secs] 
71.904: Total time for which application threads were stopped: 0.0037640 seconds, Stopping threads took: 0.0030280 seconds
71.931: Application time: 0.0275230 seconds
71.931: [GC71.931: [ParNew: 16104K->1188K(16640K), 0.0006740 secs] 26744K->12236K(55552K), 0.0007030 secs] [Times: user=0.01 sys=0.00, real=0.00 secs] 
71.932: Total time for which application threads were stopped: 0.0008290 seconds, Stopping threads took: 0.0000710 seconds
71.965: Application time: 0.0326290 seconds
71.965: [GC71.965: [ParNew: 16034K->1231K(16640K), 0.0006170 secs] 27083K->12557K(55552K), 0.0006430 secs] [Times: user=0.01 sys=0.00, real=0.00 secs] 
71.966: Total time for which application threads were stopped: 0.0007670 seconds, Stopping threads took: 0.0000650 seconds
72.019: Application time: 0.0534920 seconds
72.019: [GC72.019: [ParNew: 16076K->1079K(16640K), 0.0005470 secs] 27402K->12653K(55552K), 0.0005830 secs] [Times: user=0.00 sys=0.00, real=0.00 secs] 
72.020: Total time for which application threads were stopped: 0.0006880 seconds, Stopping threads took: 0.0000460 seconds
72.081: Application time: 0.0613380 seconds
72.081: [GC72.081: [ParNew: 15927K->616K(16640K), 0.0005670 secs] 27501K->12950K(55552K), 0.0005950 secs] [Times: user=0.00 sys=0.00, real=0.00 secs] 
72.082: Total time for which application threads were stopped: 0.0007250 seconds, Stopping threads took: 0.0000780 seconds
72.147: Application time: 0.0650180 seconds
72.147: [GC72.147: [ParNew: 15463K->440K(16640K), 0.0003770 secs] 27797K->12775K(55552K), 0.0004060 secs] [Times: user=0.01 sys=0.00, real=0.01 secs] 
72.147: Total time for which application threads were stopped: 0.0005100 seconds, Stopping threads took: 0.0000470 seconds
72.212: Application time: 0.0651440 seconds
72.213: [GC72.213: [ParNew: 15288K->447K(16640K), 0.0004190 secs] 27622K->12781K(55552K), 0.0004460 secs] [Times: user=0.01 sys=0.00, real=0.00 secs] 
72.213: Total time for which application threads were stopped: 0.0005520 seconds, Stopping threads took: 0.0000500 seconds
72.278: Application time: 0.0650170 seconds
72.278: [GC72.278: [ParNew: 15294K->478K(16640K), 0.0004440 secs] 27628K->12812K(55552K), 0.0004700 secs] [Times: user=0.00 sys=0.00, real=0.00 secs] 
72.279: Total time for which application threads were stopped: 0.0005950 seconds, Stopping threads took: 0.0000750 seconds
72.338: Application time: 0.0598520 seconds
72.339: [GC72.339: [ParNew: 15325K->1018K(16640K), 0.0004850 secs] 27659K->13353K(55552K), 0.0005120 secs] [Times: user=0.00 sys=0.00, real=0.01 secs] 
72.339: Total time for which application threads were stopped: 0.0006340 seconds, Stopping threads took: 0.0000660 seconds
72.402: Application time: 0.0624250 seconds
72.402: [GC72.402: [ParNew: 15866K->1066K(16640K), 0.0006160 secs] 28200K->13619K(55552K), 0.0006430 secs] [Times: user=0.00 sys=0.00, real=0.00 secs] 
72.402: Total time for which application threads were stopped: 0.0007670 seconds, Stopping threads took: 0.0000600 seconds
72.469: Application time: 0.0668130 seconds
72.469: [GC72.469: [ParNew: 15913K->674K(16640K), 0.0005070 secs] 28467K->13621K(55552K), 0.0005350 secs] [Times: user=0.01 sys=0.00, real=0.00 secs] 
72.470: Total time for which application threads were stopped: 0.0006500 seconds, Stopping threads took: 0.0000570 seconds
72.537: Application time: 0.0670190 seconds
72.537: [GC72.537: [ParNew: 15521K->605K(16640K), 0.0003890 secs] 28469K->13552K(55552K), 0.0004150 secs] [Times: user=0.01 sys=0.00, real=0.00 secs] 
72.537: Total time for which application threads were stopped: 0.0005280 seconds, Stopping threads took: 0.0000600 seconds
72.604: Application time: 0.0668000 seconds
72.604: [GC72.604: [ParNew: 15452K->590K(16640K), 0.0003880 secs] 28400K->13538K(55552K), 0.0004160 secs] [Times: user=0.00 sys=0.00, real=0.00 secs] 
72.605: Total time for which application threads were stopped: 0.0005410 seconds, Stopping threads took: 0.0000670 seconds
72.672: Application time: 0.0672410 seconds
72.672: [GC72.672: [ParNew: 15438K->588K(16640K), 0.0004060 secs] 28385K->13535K(55552K), 0.0004330 secs] [Times: user=0.00 sys=0.00, real=0.00 secs] 
72.672: Total time for which application threads were stopped: 0.0005600 seconds, Stopping threads took: 0.0000670 seconds
72.739: Application time: 0.0668680 seconds
72.739: [GC72.739: [ParNew: 15435K->599K(16640K), 0.0004470 secs] 28382K->13546K(55552K), 0.0004740 secs] [Times: user=0.01 sys=0.00, real=0.00 secs] 
72.740: Total time for which application threads were stopped: 0.0005910 seconds, Stopping threads took: 0.0000660 seconds
72.805: Application time: 0.0651780 seconds
72.805: [GC72.805: [ParNew: 15446K->249K(16640K), 0.0004280 secs] 28393K->13752K(55552K), 0.0004540 secs] [Times: user=0.00 sys=0.00, real=0.00 secs] 
72.806: Total time for which application threads were stopped: 0.0005580 seconds, Stopping threads took: 0.0000470 seconds
72.855: Application time: 0.0489970 seconds
72.855: [GC72.855: [ParNew: 15095K->214K(16640K), 0.0003340 secs] 28598K->13717K(55552K), 0.0003690 secs] [Times: user=0.00 sys=0.00, real=0.00 secs] 
72.855: Total time for which application threads were stopped: 0.0004880 seconds, Stopping threads took: 0.0000630 seconds
72.921: Application time: 0.0654690 seconds
72.921: [GC72.921: [ParNew: 15061K->203K(16640K), 0.0003510 secs] 28564K->13706K(55552K), 0.0003770 secs] [Times: user=0.00 sys=0.00, real=0.00 secs] 
72.921: Total time for which application threads were stopped: 0.0005120 seconds, Stopping threads took: 0.0000690 seconds
72.989: Application time: 0.0674640 seconds
72.989: [GC72.989: [ParNew: 15048K->206K(16640K), 0.0003440 secs] 28552K->13709K(55552K), 0.0003850 secs] [Times: user=0.01 sys=0.00, real=0.00 secs] 
72.989: Total time for which application threads were stopped: 0.0004980 seconds, Stopping threads took: 0.0000600 seconds
73.056: Application time: 0.0668810 seconds
73.056: [GC73.056: [ParNew: 15053K->201K(16640K), 0.0003080 secs] 28556K->13704K(55552K), 0.0003330 secs] [Times: user=0.00 sys=0.00, real=0.00 secs] 
73.056: Total time for which application threads were stopped: 0.0004310 seconds, Stopping threads took: 0.0000410 seconds
73.123: Application time: 0.0666000 seconds
73.123: [GC73.123: [ParNew: 15048K->198K(16640K), 0.0003970 secs] 28552K->13701K(55552K), 0.0004230 secs] [Times: user=0.00 sys=0.00, real=0.00 secs] 
73.124: Total time for which application threads were stopped: 0.0005390 seconds, Stopping threads took: 0.0000590 seconds
73.190: Application time: 0.0663700 seconds
73.190: [GC73.190: [ParNew: 15045K->209K(16640K), 0.0003670 secs] 28549K->13712K(55552K), 0.0003960 secs] [Times: user=0.00 sys=0.00, real=0.00 secs] 
73.190: Total time for which application threads were stopped: 0.0005250 seconds, Stopping threads took: 0.0000760 seconds
73.253: Application time: 0.0621600 seconds
73.253: [GC73.253: [ParNew: 15053K->411K(16640K), 0.0004100 secs] 28556K->13914K(55552K), 0.0004360 secs] [Times: user=0.00 sys=0.00, real=0.00 secs] 
73.253: Total time for which application threads were stopped: 0.0005530 seconds, Stopping threads took: 0.0000600 seconds
73.303: Application time: 0.0499350 seconds
73.303: [GC73.303: [ParNew: 15258K->425K(16640K), 0.0003450 secs] 28761K->13929K(55552K), 0.0003720 secs] [Times: user=0.00 sys=0.00, real=0.00 secs] 
73.304: Total time for which application threads were stopped: 0.0004790 seconds, Stopping threads took: 0.0000490 seconds
73.359: Application time: 0.0556460 seconds
73.359: [GC73.359: [ParNew: 15273K->615K(16640K), 0.0004190 secs] 28777K->14118K(55552K), 0.0004450 secs] [Times: user=0.00 sys=0.00, real=0.00 secs] 
73.360: Total time for which application threads were stopped: 0.0005510 seconds, Stopping threads took: 0.0000480 seconds
73.418: Application time: 0.0576940 seconds
73.418: [GC73.418: [ParNew: 15462K->675K(16640K), 0.0003770 secs] 28966K->14178K(55552K), 0.0004030 secs] [Times: user=0.00 sys=0.00, real=0.00 secs] 
73.418: Total time for which application threads were stopped: 0.0005150 seconds, Stopping threads took: 0.0000590 seconds
73.483: Application time: 0.0651050 seconds
73.483: [GC73.483: [ParNew: 15519K->679K(16640K), 0.0004770 secs] 29023K->14182K(55552K), 0.0005040 secs] [Times: user=0.01 sys=0.00, real=0.00 secs] 
73.484: Total time for which application threads were stopped: 0.0006350 seconds, Stopping threads took: 0.0000720 seconds
73.550: Application time: 0.0662120 seconds
73.550: [GC73.550: [ParNew: 15526K->689K(16640K), 0.0004200 secs] 29029K->14193K(55552K), 0.0004480 secs] [Times: user=0.00 sys=0.00, real=0.00 secs] 
73.551: Total time for which application threads were stopped: 0.0005620 seconds, Stopping threads took: 0.0000580 seconds
73.616: Application time: 0.0655580 seconds
73.616: [GC73.616: [ParNew: 15537K->530K(16640K), 0.0004380 secs] 29040K->14252K(55552K), 0.0004650 secs] [Times: user=0.01 sys=0.00, real=0.00 secs] 
73.617: Total time for which application threads were stopped: 0.0005990 seconds, Stopping threads took: 0.0000670 seconds
73.652: Application time: 0.0349550 seconds
73.652: [GC73.652: [ParNew: 15376K->1241K(16640K), 0.0005070 secs] 29098K->14963K(55552K), 0.0005340 secs] [Times: user=0.01 sys=0.00, real=0.00 secs] 
73.652: Total time for which application threads were stopped: 0.0006390 seconds, Stopping threads took: 0.0000470 seconds
73.677: Application time: 0.0247720 seconds
73.677: [GC73.677: [ParNew: 16085K->1328K(16640K), 0.0006520 secs] 29807K->15269K(55552K), 0.0006790 secs] [Times: user=0.00 sys=0.00, real=0.00 secs] 
73.678: Total time for which application threads were stopped: 0.0007820 seconds, Stopping threads took: 0.0000540 seconds
73.714: Application time: 0.0356640 seconds
73.714: [GC73.714: [ParNew: 16174K->1362K(16640K), 0.0006280 secs] 30115K->15360K(55552K), 0.0006540 secs] [Times: user=0.00 sys=0.00, real=0.00 secs] 
73.714: Total time for which application threads were stopped: 0.0007860 seconds, Stopping threads took: 0.0000740 seconds
73.772: Application time: 0.0576970 seconds
73.772: [GC73.772: [ParNew: 16210K->1202K(16640K), 0.0006120 secs] 30208K->15478K(55552K), 0.0006390 secs] [Times: user=0.00 sys=0.00, real=0.00 secs] 
73.773: Total time for which application threads were stopped: 0.0007650 seconds, Stopping threads took: 0.0000650 seconds
73.836: Application time: 0.0630240 seconds
73.836: [GC73.836: [ParNew: 16048K->574K(16640K), 0.0005720 secs] 30324K->15643K(55552K), 0.0006000 secs] [Times: user=0.00 sys=0.00, real=0.00 secs] 
73.837: Total time for which application threads were stopped: 0.0007050 seconds, Stopping threads took: 0.0000520 seconds
73.901: Application time: 0.0649770 seconds
73.902: [GC73.902: [ParNew: 15422K->416K(16640K), 0.0003620 secs] 30491K->15485K(55552K), 0.0003890 secs] [Times: user=0.00 sys=0.00, real=0.00 secs] 
73.902: Total time for which application threads were stopped: 0.0005060 seconds, Stopping threads took: 0.0000610 seconds
73.967: Application time: 0.0650460 seconds
73.967: [GC73.967: [ParNew: 15263K->423K(16640K), 0.0003400 secs] 30332K->15492K(55552K), 0.0003660 secs] [Times: user=0.00 sys=0.00, real=0.00 secs] 
73.968: Total time for which application threads were stopped: 0.0004690 seconds, Stopping threads took: 0.0000460 seconds
74.033: Application time: 0.0651000 seconds
74.033: [GC74.033: [ParNew: 15271K->416K(16640K), 0.0003730 secs] 30340K->15485K(55552K), 0.0003990 secs] [Times: user=0.00 sys=0.00, real=0.00 secs] 
74.033: Total time for which application threads were stopped: 0.0005720 seconds, Stopping threads took: 0.0001110 seconds
74.091: Application time: 0.0575610 seconds
74.091: [GC74.091: [ParNew: 15261K->1195K(16640K), 0.0004760 secs] 30330K->16264K(55552K), 0.0005020 secs] [Times: user=0.00 sys=0.00, real=0.00 secs] 
74.091: Total time for which application threads were stopped: 0.0006090 seconds, Stopping threads took: 0.0000510 seconds
74.157: Application time: 0.0652370 seconds
74.157: [GC74.157: [ParNew: 16043K->268K(16640K), 0.0024990 secs] 31112K->16288K(55552K), 0.0025290 secs] [Times: user=0.01 sys=0.00, real=0.01 secs] 
74.159: Total time for which application threads were stopped: 0.0026520 seconds, Stopping threads took: 0.0000650 seconds
74.226: Application time: 0.0670410 seconds
74.226: [GC74.226: [ParNew: 15116K->208K(16640K), 0.0003470 secs] 31135K->16228K(55552K), 0.0003710 secs] [Times: user=0.00 sys=0.00, real=0.00 secs] 
74.227: Total time for which application threads were stopped: 0.0004900 seconds, Stopping threads took: 0.0000700 seconds
74.294: Application time: 0.0670560 seconds
74.294: [GC74.294: [ParNew: 15056K->226K(16640K), 0.0003420 secs] 31075K->16246K(55552K), 0.0003670 secs] [Times: user=0.01 sys=0.00, real=0.00 secs] 
74.294: Total time for which application threads were stopped: 0.0004950 seconds, Stopping threads took: 0.0000730 seconds
74.361: Application time: 0.0666210 seconds
74.361: [GC74.361: [ParNew: 15074K->198K(16640K), 0.0003220 secs] 31093K->16217K(55552K), 0.0003490 secs] [Times: user=0.00 sys=0.00, real=0.00 secs] 
74.361: Total time for which application threads were stopped: 0.0004790 seconds, Stopping threads took: 0.0000640 seconds
74.429: Application time: 0.0673580 seconds
74.429: [GC74.429: [ParNew: 15045K->201K(16640K), 0.0003220 secs] 31064K->16220K(55552K), 0.0003490 secs] [Times: user=0.00 sys=0.00, real=0.00 secs] 
74.429: Total time for which application threads were stopped: 0.0004610 seconds, Stopping threads took: 0.0000590 seconds
74.496: Application time: 0.0666220 seconds
74.496: [GC74.496: [ParNew: 15048K->199K(16640K), 0.0003210 secs] 31068K->16218K(55552K), 0.0003470 secs] [Times: user=0.00 sys=0.00, real=0.00 secs] 
74.496: Total time for which application threads were stopped: 0.0004700 seconds, Stopping threads took: 0.0000650 seconds
74.554: Application time: 0.0573780 seconds
74.554: [GC74.554: [ParNew: 15045K->194K(16640K), 0.0003610 secs] 31064K->16404K(55552K), 0.0003850 secs] [Times: user=0.00 sys=0.00, real=0.00 secs] 
74.554: Total time for which application threads were stopped: 0.0004880 seconds, Stopping threads took: 0.0000380 seconds
74.610: Application time: 0.0560150 seconds
74.610: [GC74.610: [ParNew: 15042K->201K(16640K), 0.0003560 secs] 31251K->16410K(55552K), 0.0003830 secs] [Times: user=0.00 sys=0.00, real=0.00 secs] 
74.611: Total time for which application threads were stopped: 0.0005180 seconds, Stopping threads took: 0.0000760 seconds
74.677: Application time: 0.0661910 seconds
74.677: [GC74.677: [ParNew: 15048K->203K(16640K), 0.0003260 secs] 31257K->16413K(55552K), 0.0003520 secs] [Times: user=0.00 sys=0.00, real=0.00 secs] 
74.677: Total time for which application threads were stopped: 0.0004510 seconds, Stopping threads took: 0.0000500 seconds
74.744: Application time: 0.0666520 seconds
74.744: [GC74.744: [ParNew: 15051K->202K(16640K), 0.0003290 secs] 31260K->16411K(55552K), 0.0003560 secs] [Times: user=0.00 sys=0.00, real=0.00 secs] 
74.745: Total time for which application threads were stopped: 0.0004750 seconds, Stopping threads took: 0.0000660 seconds
74.812: Application time: 0.0677550 seconds
74.812: [GC74.812: [ParNew: 15047K->199K(16640K), 0.0003170 secs] 31257K->16409K(55552K), 0.0003430 secs] [Times: user=0.00 sys=0.00, real=0.00 secs] 
74.813: Total time for which application threads were stopped: 0.0004750 seconds, Stopping threads took: 0.0000770 seconds
74.879: Application time: 0.0664470 seconds
74.879: [GC74.879: [ParNew: 15047K->206K(16640K), 0.0003520 secs] 31256K->16415K(55552K), 0.0003790 secs] [Times: user=0.01 sys=0.00, real=0.00 secs] 
74.880: Total time for which application threads were stopped: 0.0005000 seconds, Stopping threads took: 0.0000710 seconds
74.947: Application time: 0.0674810 seconds
74.947: [GC74.947: [ParNew: 15051K->205K(16640K), 0.0002910 secs] 31261K->16414K(55552K), 0.0003180 secs] [Times: user=0.01 sys=0.00, real=0.00 secs] 
74.948: Total time for which application threads were stopped: 0.0004400 seconds, Stopping threads took: 0.0000700 seconds
75.000: Application time: 0.0520080 seconds
75.000: [GC75.000: [ParNew: 15052K->417K(16640K), 0.0003750 secs] 31261K->16626K(55552K), 0.0004010 secs] [Times: user=0.00 sys=0.00, real=0.00 secs] 
75.000: Total time for which application threads were stopped: 0.0005120 seconds, Stopping threads took: 0.0000550 seconds
75.059: Application time: 0.0585770 seconds
75.059: [GC75.059: [ParNew: 15260K->426K(16640K), 0.0003580 secs] 31470K->16636K(55552K), 0.0003860 secs] [Times: user=0.01 sys=0.00, real=0.01 secs] 
75.059: Total time for which application threads were stopped: 0.0005040 seconds, Stopping threads took: 0.0000530 seconds
75.114: Application time: 0.0545020 seconds
75.114: [GC75.114: [ParNew: 15272K->650K(16640K), 0.0004260 secs] 31481K->16859K(55552K), 0.0004540 secs] [Times: user=0.00 sys=0.00, real=0.00 secs] 
75.114: Total time for which application threads were stopped: 0.0005600 seconds, Stopping threads took: 0.0000480 seconds
75.171: Application time: 0.0568860 seconds
75.171: [GC75.171: [ParNew: 15498K->662K(16640K), 0.0004380 secs] 31707K->16871K(55552K), 0.0004720 secs] [Times: user=0.00 sys=0.00, real=0.00 secs] 
75.172: Total time for which application threads were stopped: 0.0005900 seconds, Stopping threads took: 0.0000580 seconds
75.237: Application time: 0.0651280 seconds
75.237: [GC75.237: [ParNew: 15506K->666K(16640K), 0.0004480 secs] 31715K->16876K(55552K), 0.0004740 secs] [Times: user=0.00 sys=0.00, real=0.00 secs] 
75.238: Total time for which application threads were stopped: 0.0005840 seconds, Stopping threads took: 0.0000570 seconds
75.304: Application time: 0.0660400 seconds
75.304: [GC75.304: [ParNew: 15514K->677K(16640K), 0.0004030 secs] 31723K->16886K(55552K), 0.0004300 secs] [Times: user=0.01 sys=0.00, real=0.00 secs] 
75.304: Total time for which application threads were stopped: 0.0005580 seconds, Stopping threads took: 0.0000720 seconds
75.369: Application time: 0.0644130 seconds
75.369: [GC75.369: [ParNew: 15524K->719K(16640K), 0.0005510 secs] 31733K->17147K(55552K), 0.0005760 secs] [Times: user=0.00 sys=0.00, real=0.00 secs] 
75.369: Total time for which application threads were stopped: 0.0006930 seconds, Stopping threads took: 0.0000600 seconds
75.394: Application time: 0.0250530 seconds
75.394: [GC75.394: [ParNew: 15564K->1348K(16640K), 0.0005500 secs] 31992K->17776K(55552K), 0.0005770 secs] [Times: user=0.01 sys=0.00, real=0.00 secs] 
75.395: Total time for which application threads were stopped: 0.0006920 seconds, Stopping threads took: 0.0000560 seconds
75.417: Application time: 0.0222490 seconds
75.417: [GC75.417: [ParNew: 16195K->1168K(16640K), 0.0006280 secs] 32623K->18087K(55552K), 0.0006560 secs] [Times: user=0.01 sys=0.00, real=0.00 secs] 
75.418: Total time for which application threads were stopped: 0.0007650 seconds, Stopping threads took: 0.0000510 seconds
75.464: Application time: 0.0461540 seconds
75.464: [GC75.464: [ParNew: 16014K->551K(16640K), 0.0005410 secs] 32933K->18259K(55552K), 0.0005690 secs] [Times: user=0.00 sys=0.00, real=0.00 secs] 
75.465: Total time for which application threads were stopped: 0.0006680 seconds, Stopping threads took: 0.0000400 seconds
75.524: Application time: 0.0593420 seconds
75.524: [GC75.524: [ParNew: 15398K->1029K(16640K), 0.0004790 secs] 33106K->18737K(55552K), 0.0005050 secs] [Times: user=0.01 sys=0.00, real=0.00 secs] 
75.525: Total time for which application threads were stopped: 0.0006100 seconds, Stopping threads took: 0.0000490 seconds
75.588: Application time: 0.0629200 seconds
75.588: [GC75.588: [ParNew: 15876K->292K(16640K), 0.0005560 secs] 33585K->18979K(55552K), 0.0005850 secs] [Times: user=0.01 sys=0.00, real=0.00 secs] 
75.588: Total time for which application threads were stopped: 0.0007390 seconds, Stopping threads took: 0.0000910 seconds
75.655: Application time: 0.0668510 seconds
75.655: [GC75.655: [ParNew: 15137K->265K(16640K), 0.0003450 secs] 33824K->18952K(55552K), 0.0003710 secs] [Times: user=0.00 sys=0.00, real=0.00 secs] 
75.656: Total time for which application threads were stopped: 0.0004860 seconds, Stopping threads took: 0.0000610 seconds
75.721: Application time: 0.0654000 seconds
75.721: [GC75.721: [ParNew: 15112K->232K(16640K), 0.0003350 secs] 33799K->18919K(55552K), 0.0003620 secs] [Times: user=0.00 sys=0.00, real=0.00 secs] 
75.722: Total time for which application threads were stopped: 0.0004700 seconds, Stopping threads took: 0.0000510 seconds
75.787: Application time: 0.0652660 seconds
75.787: [GC75.787: [ParNew: 15079K->245K(16640K), 0.0003180 secs] 33766K->18932K(55552K), 0.0003470 secs] [Times: user=0.00 sys=0.00, real=0.00 secs] 
75.787: Total time for which application threads were stopped: 0.0004580 seconds, Stopping threads took: 0.0000560 seconds
75.844: Application time: 0.0568940 seconds
75.844: [GC75.844: [ParNew: 15092K->1191K(16640K), 0.0004860 secs] 33779K->19878K(55552K), 0.0005140 secs] [Times: user=0.00 sys=0.00, real=0.00 secs] 
75.845: Total time for which application threads were stopped: 0.0006260 seconds, Stopping threads took: 0.0000570 seconds
75.912: Application time: 0.0670630 seconds
75.912: [GC75.912: [ParNew: 16039K->0K(16640K), 0.0006210 secs] 34725K->19855K(55552K), 0.0006490 secs] [Times: user=0.00 sys=0.00, real=0.00 secs] 
75.913: Total time for which application threads were stopped: 0.0007480 seconds, Stopping threads took: 0.0000400 seconds
75.980: Application time: 0.0677530 seconds
75.981: [GC75.981: [ParNew: 14847K->0K(16640K), 0.0002850 secs] 34703K->19855K(55552K), 0.0003110 secs] [Times: user=0.00 sys=0.00, real=0.00 secs] 
75.981: Total time for which application threads were stopped: 0.0004320 seconds, Stopping threads took: 0.0000720 seconds
76.048: Application time: 0.0673610 seconds
76.048: [GC76.048: [ParNew: 14847K->0K(16640K), 0.0003140 secs] 34703K->19855K(55552K), 0.0003400 secs] [Times: user=0.01 sys=0.00, real=0.00 secs] 
76.049: Total time for which application threads were stopped: 0.0004620 seconds, Stopping threads took: 0.0000710 seconds
76.116: Application time: 0.0671270 seconds
76.116: [GC76.116: [ParNew: 14847K->0K(16640K), 0.0002670 secs] 34703K->19855K(55552K), 0.0002930 secs] [Times: user=0.00 sys=0.00, real=0.00 secs] 
76.116: Total time for which application threads were stopped: 0.0004170 seconds, Stopping threads took: 0.0000580 seconds
76.184: Application time: 0.0675480 seconds
76.184: [GC76.184: [ParNew: 14847K->0K(16640K), 0.0003160 secs] 34703K->19855K(55552K), 0.0003420 secs] [Times: user=0.00 sys=0.00, real=0.00 secs] 
76.184: Total time for which application threads were stopped: 0.0004480 seconds, Stopping threads took: 0.0000580 seconds
76.251: Application time: 0.0669200 seconds
76.251: [GC76.251: [ParNew: 14847K->0K(16640K), 0.0002750 secs] 34703K->19855K(55552K), 0.0003020 secs] [Times: user=0.00 sys=0.00, real=0.00 secs] 
76.252: Total time for which application threads were stopped: 0.0004200 seconds, Stopping threads took: 0.0000650 seconds
76.305: Application time: 0.0536720 seconds
76.305: [GC76.305: [ParNew: 14845K->194K(16640K), 0.0003030 secs] 34701K->20050K(55552K), 0.0003290 secs] [Times: user=0.00 sys=0.00, real=0.00 secs] 
76.306: Total time for which application threads were stopped: 0.0004400 seconds, Stopping threads took: 0.0000590 seconds
76.367: Application time: 0.0611660 seconds
76.367: [GC76.367: [ParNew: 15040K->198K(16640K), 0.0003330 secs] 34896K->20054K(55552K), 0.0003650 secs] [Times: user=0.00 sys=0.00, real=0.01 secs] 
76.367: Total time for which application threads were stopped: 0.0004820 seconds, Stopping threads took: 0.0000590 seconds
76.435: Application time: 0.0674370 seconds
76.435: [GC76.435: [ParNew: 15043K->198K(16640K), 0.0003700 secs] 34899K->20054K(55552K), 0.0003990 secs] [Times: user=0.00 sys=0.00, real=0.00 secs] 
76.436: Total time for which application threads were stopped: 0.0006810 seconds, Stopping threads took: 0.0002290 seconds
76.503: Application time: 0.0671910 seconds
76.503: [GC76.503: [ParNew: 15044K->204K(16640K), 0.0003490 secs] 34899K->20060K(55552K), 0.0003780 secs] [Times: user=0.00 sys=0.00, real=0.00 secs] 
76.503: Total time for which application threads were stopped: 0.0005040 seconds, Stopping threads took: 0.0000690 seconds
76.570: Application time: 0.0672640 seconds
76.571: [GC76.571: [ParNew: 15050K->199K(16640K), 0.0003820 secs] 34905K->20054K(55552K), 0.0004080 secs] [Times: user=0.00 sys=0.00, real=0.00 secs] 
76.571: Total time for which application threads were stopped: 0.0005210 seconds, Stopping threads took: 0.0000550 seconds
76.638: Application time: 0.0669410 seconds
76.638: [GC76.638: [ParNew: 15046K->199K(16640K), 0.0002860 secs] 34902K->20054K(55552K), 0.0003130 secs] [Times: user=0.00 sys=0.00, real=0.00 secs] 
76.638: Total time for which application threads were stopped: 0.0004250 seconds, Stopping threads took: 0.0000460 seconds
76.704: Application time: 0.0656790 seconds
76.704: [GC76.704: [ParNew: 15044K->206K(16640K), 0.0003080 secs] 34899K->20062K(55552K), 0.0003340 secs] [Times: user=0.00 sys=0.00, real=0.00 secs] 
76.705: Total time for which application threads were stopped: 0.0004450 seconds, Stopping threads took: 0.0000560 seconds
76.752: Application time: 0.0473060 seconds
76.752: [GC76.752: [ParNew: 15053K->411K(16640K), 0.0004090 secs] 34909K->20267K(55552K), 0.0004490 secs] [Times: user=0.00 sys=0.00, real=0.00 secs] 
76.752: Total time for which application threads were stopped: 0.0005540 seconds, Stopping threads took: 0.0000470 seconds
76.817: Application time: 0.0642820 seconds
76.817: [GC76.817: [ParNew: 15257K->425K(16640K), 0.0003790 secs] 35112K->20281K(55552K), 0.0004070 secs] [Times: user=0.01 sys=0.00, real=0.00 secs] 
76.817: Total time for which application threads were stopped: 0.0005390 seconds, Stopping threads took: 0.0000730 seconds
76.865: Application time: 0.0475040 seconds
76.865: [GC76.865: [ParNew: 15272K->648K(16640K), 0.0004420 secs] 35127K->20504K(55552K), 0.0004700 secs] [Times: user=0.00 sys=0.00, real=0.00 secs] 
76.865: Total time for which application threads were stopped: 0.0006170 seconds, Stopping threads took: 0.0000890 seconds
76.930: Application time: 0.0642570 seconds
76.930: [GC76.930: [ParNew: 15496K->682K(16640K), 0.0004730 secs] 35351K->20538K(55552K), 0.0005010 secs] [Times: user=0.01 sys=0.00, real=0.00 secs] 
76.930: Total time for which application threads were stopped: 0.0005980 seconds, Stopping threads took: 0.0000460 seconds
76.996: Application time: 0.0656060 seconds
76.996: [GC76.996: [ParNew: 15527K->682K(16640K), 0.0004380 secs] 35383K->20538K(55552K), 0.0004660 secs] [Times: user=0.00 sys=0.00, real=0.00 secs] 
76.996: Total time for which application threads were stopped: 0.0005710 seconds, Stopping threads took: 0.0000510 seconds
77.062: Application time: 0.0660400 seconds
77.063: [GC77.063: [ParNew: 15530K->703K(16640K), 0.0004080 secs] 35386K->20558K(55552K), 0.0004370 secs] [Times: user=0.00 sys=0.00, real=0.00 secs] 
77.063: Total time for which application threads were stopped: 0.0005610 seconds, Stopping threads took: 0.0000650 seconds
77.122: Application time: 0.0590060 seconds
77.122: [GC77.122: [ParNew: 15549K->1087K(16640K), 0.0005730 secs] 35405K->21161K(55552K), 0.0005990 secs] [Times: user=0.01 sys=0.00, real=0.00 secs] 
77.123: Total time for which application threads were stopped: 0.0007050 seconds, Stopping threads took: 0.0000450 seconds
77.147: Application time: 0.0242170 seconds
77.147: [GC77.147: [ParNew: 15932K->1493K(16640K), 0.0006180 secs] 36006K->21596K(55552K), 0.0006510 secs] [Times: user=0.00 sys=0.00, real=0.01 secs] 
77.148: Total time for which application threads were stopped: 0.0007790 seconds, Stopping threads took: 0.0000620 seconds
77.171: Application time: 0.0233890 seconds
77.171: [GC77.171: [ParNew: 16338K->1043K(16640K), 0.0005990 secs] 36441K->21770K(55552K), 0.0006260 secs] [Times: user=0.00 sys=0.00, real=0.00 secs] 
77.172: Total time for which application threads were stopped: 0.0007340 seconds, Stopping threads took: 0.0000490 seconds
77.223: Application time: 0.0510310 seconds
77.223: [GC77.223: [ParNew: 15891K->1161K(16640K), 0.0005020 secs] 36618K->21888K(55552K), 0.0005310 secs] [Times: user=0.00 sys=0.00, real=0.00 secs] 
77.223: Total time for which application threads were stopped: 0.0006490 seconds, Stopping threads took: 0.0000590 seconds
77.281: Application time: 0.0575950 seconds
77.281: [GC77.281: [ParNew: 16008K->1332K(16640K), 0.0005830 secs] 36735K->22117K(55552K), 0.0006110 secs] [Times: user=0.01 sys=0.00, real=0.00 secs] 
77.282: Total time for which application threads were stopped: 0.0007390 seconds, Stopping threads took: 0.0000760 seconds
77.347: Application time: 0.0647860 seconds
77.347: [GC77.347: [ParNew: 16179K->0K(16640K), 0.0005950 secs] 36964K->21982K(55552K), 0.0006230 secs] [Times: user=0.00 sys=0.00, real=0.01 secs] 
77.347: Total time for which application threads were stopped: 0.0007410 seconds, Stopping threads took: 0.0000670 seconds
77.413: Application time: 0.0653910 seconds
77.413: [GC77.413: [ParNew: 14847K->0K(16640K), 0.0002690 secs] 36829K->21982K(55552K), 0.0002970 secs] [Times: user=0.00 sys=0.00, real=0.00 secs] 
77.413: Total time for which application threads were stopped: 0.0004140 seconds, Stopping threads took: 0.0000590 seconds
77.479: Application time: 0.0654200 seconds
77.479: [GC77.479: [ParNew: 14847K->0K(16640K), 0.0003940 secs] 36829K->21982K(55552K), 0.0004340 secs] [Times: user=0.00 sys=0.00, real=0.01 secs] 
77.479: Total time for which application threads were stopped: 0.0005620 seconds, Stopping threads took: 0.0000700 seconds
77.545: Application time: 0.0653590 seconds
77.545: [GC77.545: [ParNew: 14845K->0K(16640K), 0.0003040 secs] 36827K->21982K(55552K), 0.0003300 secs] [Times: user=0.00 sys=0.00, real=0.00 secs] 
77.545: Total time for which application threads were stopped: 0.0004300 seconds, Stopping threads took: 0.0000500 seconds
77.602: Application time: 0.0569770 seconds
77.602: [GC77.602: [ParNew: 14843K->962K(16640K), 0.0004510 secs] 36825K->22945K(55552K), 0.0004790 secs] [Times: user=0.01 sys=0.00, real=0.00 secs] 
77.603: Total time for which application threads were stopped: 0.0006020 seconds, Stopping threads took: 0.0000680 seconds
77.669: Application time: 0.0669650 seconds
77.670: [GC77.670: [ParNew: 15810K->0K(16640K), 0.0006550 secs] 37792K->22932K(55552K), 0.0006810 secs] [Times: user=0.00 sys=0.00, real=0.00 secs] 
77.670: Total time for which application threads were stopped: 0.0007970 seconds, Stopping threads took: 0.0000510 seconds
77.738: Application time: 0.0673530 seconds
77.738: [GC77.738: [ParNew: 14847K->0K(16640K), 0.0003400 secs] 37779K->22932K(55552K), 0.0003670 secs] [Times: user=0.00 sys=0.00, real=0.00 secs] 
77.738: Total time for which application threads were stopped: 0.0005070 seconds, Stopping threads took: 0.0000850 seconds
77.806: Application time: 0.0680470 seconds
77.806: [GC77.806: [ParNew: 14845K->0K(16640K), 0.0003440 secs] 37777K->22932K(55552K), 0.0003730 secs] [Times: user=0.00 sys=0.00, real=0.00 secs] 
77.807: Total time for which application threads were stopped: 0.0005120 seconds, Stopping threads took: 0.0000760 seconds
77.874: Application time: 0.0673760 seconds
77.874: [GC77.874: [ParNew: 14845K->0K(16640K), 0.0002720 secs] 37777K->22932K(55552K), 0.0002990 secs] [Times: user=0.00 sys=0.00, real=0.00 secs] 
77.875: Total time for which application threads were stopped: 0.0004330 seconds, Stopping threads took: 0.0000770 seconds
77.942: Application time: 0.0677180 seconds
77.943: [GC77.943: [ParNew: 14845K->0K(16640K), 0.0003400 secs] 37777K->22932K(55552K), 0.0003670 secs] [Times: user=0.00 sys=0.00, real=0.00 secs] 
77.943: Total time for which application threads were stopped: 0.0012350 seconds, Stopping threads took: 0.0008150 seconds
78.006: Application time: 0.0629150 seconds
78.007: [GC78.007: [ParNew: 14844K->196K(16640K), 0.0003240 secs] 37776K->23129K(55552K), 0.0003540 secs] [Times: user=0.00 sys=0.00, real=0.00 secs] 
78.007: Total time for which application threads were stopped: 0.0004720 seconds, Stopping threads took: 0.0000620 seconds
78.058: Application time: 0.0510600 seconds
78.058: [GC78.058: [ParNew: 15043K->201K(16640K), 0.0003490 secs] 37976K->23133K(55552K), 0.0003760 secs] [Times: user=0.01 sys=0.00, real=0.00 secs] 
78.058: Total time for which application threads were stopped: 0.0004930 seconds, Stopping threads took: 0.0000610 seconds
78.124: Application time: 0.0653500 seconds
78.124: [GC78.124: [ParNew: 15047K->203K(16640K), 0.0003260 secs] 37980K->23135K(55552K), 0.0003530 secs] [Times: user=0.00 sys=0.00, real=0.00 secs] 
78.124: Total time for which application threads were stopped: 0.0004920 seconds, Stopping threads took: 0.0000790 seconds
78.192: Application time: 0.0673430 seconds
78.192: [GC78.192: [ParNew: 15048K->203K(16640K), 0.0003730 secs] 37981K->23135K(55552K), 0.0003990 secs] [Times: user=0.00 sys=0.00, real=0.00 secs] 
78.192: Total time for which application threads were stopped: 0.0005180 seconds, Stopping threads took: 0.0000590 seconds
78.259: Application time: 0.0667550 seconds
78.259: [GC78.259: [ParNew: 15050K->200K(16640K), 0.0003590 secs] 37983K->23132K(55552K), 0.0003880 secs] [Times: user=0.01 sys=0.00, real=0.01 secs] 
78.259: Total time for which application threads were stopped: 0.0005040 seconds, Stopping threads took: 0.0000610 seconds
78.326: Application time: 0.0666840 seconds
78.326: [GC78.326: [ParNew: 15047K->202K(16640K), 0.0003240 secs] 37979K->23134K(55552K), 0.0003600 secs] [Times: user=0.00 sys=0.00, real=0.00 secs] 
78.327: Total time for which application threads were stopped: 0.0004830 seconds, Stopping threads took: 0.0000650 seconds
78.393: Application time: 0.0664640 seconds
78.393: [GC78.393: [ParNew: 15049K->202K(16640K), 0.0003950 secs] 37981K->23135K(55552K), 0.0004230 secs] [Times: user=0.01 sys=0.00, real=0.00 secs] 
78.394: Total time for which application threads were stopped: 0.0005410 seconds, Stopping threads took: 0.0000670 seconds
78.454: Application time: 0.0600980 seconds
78.454: [GC78.454: [ParNew: 15049K->413K(16640K), 0.0003670 secs] 37981K->23345K(55552K), 0.0003930 secs] [Times: user=0.00 sys=0.00, real=0.00 secs] 
78.454: Total time for which application threads were stopped: 0.0005200 seconds, Stopping threads took: 0.0000730 seconds
78.505: Application time: 0.0506920 seconds
78.505: [GC78.505: [ParNew: 15259K->424K(16640K), 0.0003540 secs] 38192K->23356K(55552K), 0.0003810 secs] [Times: user=0.01 sys=0.00, real=0.00 secs] 
78.505: Total time for which application threads were stopped: 0.0005010 seconds, Stopping threads took: 0.0000660 seconds
78.563: Application time: 0.0571020 seconds
78.563: [GC78.563: [ParNew: 15270K->645K(16640K), 0.0004700 secs] 38203K->23578K(55552K), 0.0004970 secs] [Times: user=0.00 sys=0.00, real=0.00 secs] 
78.563: Total time for which application threads were stopped: 0.0005950 seconds, Stopping threads took: 0.0000430 seconds
78.618: Application time: 0.0551990 seconds
78.618: [GC78.618: [ParNew: 15493K->698K(16640K), 0.0004070 secs] 38425K->23630K(55552K), 0.0004350 secs] [Times: user=0.01 sys=0.00, real=0.00 secs] 
78.619: Total time for which application threads were stopped: 0.0005730 seconds, Stopping threads took: 0.0000800 seconds
78.684: Application time: 0.0651870 seconds
78.684: [GC78.684: [ParNew: 15542K->700K(16640K), 0.0004680 secs] 38475K->23633K(55552K), 0.0004950 secs] [Times: user=0.01 sys=0.00, real=0.00 secs] 
78.685: Total time for which application threads were stopped: 0.0006140 seconds, Stopping threads took: 0.0000670 seconds
78.751: Application time: 0.0663210 seconds
78.751: [GC78.751: [ParNew: 15548K->687K(16640K), 0.0004500 secs] 38480K->23619K(55552K), 0.0004750 secs] [Times: user=0.00 sys=0.00, real=0.00 secs] 
78.752: Total time for which application threads were stopped: 0.0006110 seconds, Stopping threads took: 0.0000720 seconds
78.817: Application time: 0.0657760 seconds
78.817: [GC78.818: [ParNew: 15534K->459K(16640K), 0.0004980 secs] 38467K->23610K(55552K), 0.0005270 secs] [Times: user=0.01 sys=0.00, real=0.00 secs] 
78.818: Total time for which application threads were stopped: 0.0006450 seconds, Stopping threads took: 0.0000600 seconds
78.870: Application time: 0.0523720 seconds
78.871: [GC78.871: [ParNew: 15306K->1065K(16640K), 0.0004710 secs] 38457K->24217K(55552K), 0.0004980 secs] [Times: user=0.00 sys=0.00, real=0.00 secs] 
78.871: Total time for which application threads were stopped: 0.0006020 seconds, Stopping threads took: 0.0000460 seconds
78.894: Application time: 0.0227140 seconds
78.894: [GC78.894: [ParNew: 15913K->1343K(16640K), 0.0005310 secs] 39064K->24523K(55552K), 0.0005580 secs] [Times: user=0.01 sys=0.00, real=0.00 secs] 
78.894: Total time for which application threads were stopped: 0.0006560 seconds, Stopping threads took: 0.0000400 seconds
78.921: Application time: 0.0268190 seconds
78.921: [GC78.921: [ParNew: 16190K->1400K(16640K), 0.0005880 secs] 39370K->24799K(55552K), 0.0006150 secs] [Times: user=0.01 sys=0.00, real=0.00 secs] 
78.922: Total time for which application threads were stopped: 0.0007270 seconds, Stopping threads took: 0.0000530 seconds
78.976: Application time: 0.0536520 seconds
78.976: [GC78.976: [ParNew: 16248K->1314K(16640K), 0.0005690 secs] 39646K->24932K(55552K), 0.0005980 secs] [Times: user=0.00 sys=0.00, real=0.00 secs] 
78.976: Total time for which application threads were stopped: 0.0007140 seconds, Stopping threads took: 0.0000560 seconds
79.036: Application time: 0.0596320 seconds
79.036: [GC79.036: [ParNew: 16158K->1325K(16640K), 0.0005420 secs] 39776K->25000K(55552K), 0.0005790 secs] [Times: user=0.00 sys=0.00, real=0.00 secs] 
79.037: Total time for which application threads were stopped: 0.0006930 seconds, Stopping threads took: 0.0000600 seconds
79.102: Application time: 0.0649530 seconds
79.102: [GC79.102: [ParNew: 16173K->935K(16640K), 0.0005530 secs] 39848K->25019K(55552K), 0.0005800 secs] [Times: user=0.00 sys=0.00, real=0.00 secs] 
79.102: Total time for which application threads were stopped: 0.0006960 seconds, Stopping threads took: 0.0000610 seconds
79.167: Application time: 0.0648880 seconds
79.171: [GC79.171: [ParNew: 15782K->888K(16640K), 0.0005310 secs] 39866K->24972K(55552K), 0.0005580 secs] [Times: user=0.00 sys=0.00, real=0.00 secs] 
79.172: Total time for which application threads were stopped: 0.0045340 seconds, Stopping threads took: 0.0039180 seconds
79.237: Application time: 0.0649710 seconds
79.237: [GC79.237: [ParNew: 15736K->948K(16640K), 0.0004730 secs] 39820K->25032K(55552K), 0.0005000 secs] [Times: user=0.00 sys=0.00, real=0.00 secs] 
79.237: Total time for which application threads were stopped: 0.0006040 seconds, Stopping threads took: 0.0000510 seconds
79.299: Application time: 0.0619120 seconds
79.299: [GC79.299: [ParNew: 15719K->1153K(16640K), 0.0005720 secs] 39803K->25237K(55552K), 0.0005990 secs] [Times: user=0.00 sys=0.00, real=0.00 secs] 
79.300: Total time for which application threads were stopped: 0.0007570 seconds, Stopping threads took: 0.0000950 seconds
79.361: Application time: 0.0610910 seconds
79.361: [GC79.361: [ParNew: 16001K->1191K(16640K), 0.0005370 secs] 40084K->25494K(55552K), 0.0005650 secs] [Times: user=0.00 sys=0.00, real=0.00 secs] 
79.362: Total time for which application threads were stopped: 0.0006760 seconds, Stopping threads took: 0.0000540 seconds
79.429: Application time: 0.0668090 seconds
79.429: [GC79.429: [ParNew: 16039K->832K(16640K), 0.0004910 secs] 40342K->25325K(55552K), 0.0005190 secs] [Times: user=0.00 sys=0.00, real=0.00 secs] 
79.429: Total time for which application threads were stopped: 0.0006530 seconds, Stopping threads took: 0.0000730 seconds
79.498: Application time: 0.0691010 seconds
79.498: [GC79.498: [ParNew: 15677K->869K(16640K), 0.0004260 secs] 40170K->25362K(55552K), 0.0004550 secs] [Times: user=0.00 sys=0.00, real=0.00 secs] 
79.499: Total time for which application threads were stopped: 0.0005730 seconds, Stopping threads took: 0.0000640 seconds
79.566: Application time: 0.0669980 seconds
79.566: [GC79.566: [ParNew: 15716K->855K(16640K), 0.0004790 secs] 40209K->25348K(55552K), 0.0005070 secs] [Times: user=0.01 sys=0.00, real=0.00 secs] 
79.567: Total time for which application threads were stopped: 0.0006180 seconds, Stopping threads took: 0.0000510 seconds
79.633: Application time: 0.0668430 seconds
79.633: [GC79.633: [ParNew: 15702K->894K(16640K), 0.0004630 secs] 40195K->25387K(55552K), 0.0004900 secs] [Times: user=0.00 sys=0.00, real=0.00 secs] 
79.634: Total time for which application threads were stopped: 0.0005980 seconds, Stopping threads took: 0.0000560 seconds
79.701: Application time: 0.0668900 seconds
79.701: [GC79.701: [ParNew: 15741K->912K(16640K), 0.0004210 secs] 40235K->25405K(55552K), 0.0004460 secs] [Times: user=0.00 sys=0.00, real=0.00 secs] 
79.701: Total time for which application threads were stopped: 0.0005540 seconds, Stopping threads took: 0.0000560 seconds
79.756: Application time: 0.0546290 seconds
79.756: [GC79.756: [ParNew: 15758K->282K(16640K), 0.0005150 secs] 40251K->25535K(55552K), 0.0005430 secs] [Times: user=0.00 sys=0.00, real=0.00 secs] 
79.757: Total time for which application threads were stopped: 0.0006500 seconds, Stopping threads took: 0.0000490 seconds
79.816: Application time: 0.0588990 seconds
79.816: [GC79.816: [ParNew: 15128K->223K(16640K), 0.0003290 secs] 40381K->25476K(55552K), 0.0003570 secs] [Times: user=0.00 sys=0.00, real=0.00 secs] 
79.816: Total time for which application threads were stopped: 0.0004750 seconds, Stopping threads took: 0.0000510 seconds
79.882: Application time: 0.0659110 seconds
79.882: [GC79.882: [ParNew: 15070K->216K(16640K), 0.0003420 secs] 40323K->25469K(55552K), 0.0003780 secs] [Times: user=0.00 sys=0.00, real=0.00 secs] 
79.882: Total time for which application threads were stopped: 0.0004960 seconds, Stopping threads took: 0.0000600 seconds
79.949: Application time: 0.0670030 seconds
79.950: [GC79.950: [ParNew: 15063K->199K(16640K), 0.0003510 secs] 40316K->25453K(55552K), 0.0003790 secs] [Times: user=0.00 sys=0.00, real=0.00 secs] 
79.950: Total time for which application threads were stopped: 0.0005100 seconds, Stopping threads took: 0.0000770 seconds
80.017: Application time: 0.0669300 seconds
80.017: [GC80.017: [ParNew: 15047K->196K(16640K), 0.0004180 secs] 40300K->25449K(55552K), 0.0004460 secs] [Times: user=0.00 sys=0.00, real=0.00 secs] 
80.017: Total time for which application threads were stopped: 0.0005650 seconds, Stopping threads took: 0.0000620 seconds
80.085: Application time: 0.0671990 seconds
80.085: [GC80.085: [ParNew: 15042K->203K(16640K), 0.0003700 secs] 40295K->25457K(55552K), 0.0003980 secs] [Times: user=0.00 sys=0.00, real=0.00 secs] 
80.085: Total time for which application threads were stopped: 0.0005180 seconds, Stopping threads took: 0.0000690 seconds
80.152: Application time: 0.0664230 seconds
80.152: [GC80.152: [ParNew: 15051K->201K(16640K), 0.0003360 secs] 40304K->25454K(55552K), 0.0003620 secs] [Times: user=0.00 sys=0.00, real=0.00 secs] 
80.152: Total time for which application threads were stopped: 0.0004670 seconds, Stopping threads took: 0.0000530 seconds
80.202: Application time: 0.0497310 seconds
80.202: [GC80.202: [ParNew: 15045K->413K(16640K), 0.0003790 secs] 40298K->25666K(55552K), 0.0004070 secs] [Times: user=0.00 sys=0.00, real=0.00 secs] 
80.202: Total time for which application threads were stopped: 0.0005080 seconds, Stopping threads took: 0.0000470 seconds
80.263: Application time: 0.0608740 seconds
80.263: [GC80.263: [ParNew: 15259K->425K(16640K), 0.0003940 secs] 40512K->25678K(55552K), 0.0004220 secs] [Times: user=0.00 sys=0.00, real=0.00 secs] 
80.264: Total time for which application threads were stopped: 0.0005530 seconds, Stopping threads took: 0.0000730 seconds
80.322: Application time: 0.0578990 seconds
80.322: [GC80.322: [ParNew: 15270K->647K(16640K), 0.0004220 secs] 40524K->25900K(55552K), 0.0004480 secs] [Times: user=0.01 sys=0.00, real=0.00 secs] 
80.322: Total time for which application threads were stopped: 0.0005720 seconds, Stopping threads took: 0.0000590 seconds
80.376: Application time: 0.0539190 seconds
80.376: [GC80.376: [ParNew: 15492K->687K(16640K), 0.0004860 secs] 40746K->25940K(55552K), 0.0005120 secs] [Times: user=0.00 sys=0.00, real=0.00 secs] 
80.377: Total time for which application threads were stopped: 0.0006320 seconds, Stopping threads took: 0.0000620 seconds
80.442: Application time: 0.0649930 seconds
80.442: [GC80.442: [ParNew: 15534K->691K(16640K), 0.0004080 secs] 40787K->25944K(55552K), 0.0004350 secs] [Times: user=0.00 sys=0.00, real=0.00 secs] 
80.442: Total time for which application threads were stopped: 0.0005550 seconds, Stopping threads took: 0.0000680 seconds
80.509: Application time: 0.0665640 seconds
80.509: [GC80.509: [ParNew: 15539K->679K(16640K), 0.0004600 secs] 40792K->25933K(55552K), 0.0004870 secs] [Times: user=0.01 sys=0.00, real=0.00 secs] 
80.510: Total time for which application threads were stopped: 0.0006070 seconds, Stopping threads took: 0.0000640 seconds
80.575: Application time: 0.0656800 seconds
80.575: [GC80.575: [ParNew: 15527K->533K(16640K), 0.0004410 secs] 40780K->26005K(55552K), 0.0004690 secs] [Times: user=0.00 sys=0.00, real=0.00 secs] 
80.576: Total time for which application threads were stopped: 0.0005700 seconds, Stopping threads took: 0.0000410 seconds
80.618: Application time: 0.0423270 seconds
80.618: [GC80.618: [ParNew: 15381K->866K(16640K), 0.0004650 secs] 40852K->26338K(55552K), 0.0004910 secs] [Times: user=0.00 sys=0.00, real=0.00 secs] 
80.619: Total time for which application threads were stopped: 0.0006030 seconds, Stopping threads took: 0.0000460 seconds
80.646: Application time: 0.0273580 seconds
80.646: [GC80.646: [ParNew: 15710K->1491K(16640K), 0.0005440 secs] 41182K->26992K(55552K), 0.0005700 secs] [Times: user=0.01 sys=0.00, real=0.00 secs] 
80.647: Total time for which application threads were stopped: 0.0006720 seconds, Stopping threads took: 0.0000450 seconds
80.676: Application time: 0.0294560 seconds
80.676: [GC80.676: [ParNew: 16338K->536K(16640K), 0.0006030 secs] 41839K->26879K(55552K), 0.0006330 secs] [Times: user=0.01 sys=0.00, real=0.00 secs] 
80.677: Total time for which application threads were stopped: 0.0007620 seconds, Stopping threads took: 0.0000690 seconds
80.733: Application time: 0.0558000 seconds
80.733: [GC80.733: [ParNew: 15382K->1317K(16640K), 0.0005450 secs] 41725K->27660K(55552K), 0.0005720 secs] [Times: user=0.01 sys=0.00, real=0.00 secs] 
80.733: Total time for which application threads were stopped: 0.0006880 seconds, Stopping threads took: 0.0000590 seconds
80.794: Application time: 0.0608080 seconds
80.794: [GC80.794: [ParNew: 16161K->835K(16640K), 0.0005810 secs] 42504K->27645K(55552K), 0.0006100 secs] [Times: user=0.00 sys=0.00, real=0.00 secs] 
80.795: Total time for which application threads were stopped: 0.0007320 seconds, Stopping threads took: 0.0000710 seconds
80.861: Application time: 0.0658000 seconds
80.861: [GC80.861: [ParNew: 15680K->874K(16640K), 0.0004010 secs] 42490K->27684K(55552K), 0.0004260 secs] [Times: user=0.00 sys=0.00, real=0.00 secs] 
80.861: Total time for which application threads were stopped: 0.0005440 seconds, Stopping threads took: 0.0000560 seconds
80.926: Application time: 0.0650530 seconds
80.927: [GC80.927: [ParNew: 15721K->882K(16640K), 0.0004370 secs] 42531K->27692K(55552K), 0.0004640 secs] [Times: user=0.00 sys=0.00, real=0.00 secs] 
80.927: Total time for which application threads were stopped: 0.0005870 seconds, Stopping threads took: 0.0000650 seconds
80.993: Application time: 0.0659020 seconds
80.993: [GC80.993: [ParNew: 15728K->874K(16640K), 0.0003740 secs] 42537K->27683K(55552K), 0.0004000 secs] [Times: user=0.00 sys=0.00, real=0.00 secs] 
80.993: Total time for which application threads were stopped: 0.0005030 seconds, Stopping threads took: 0.0000560 seconds
81.055: Application time: 0.0615350 seconds
81.055: [GC81.055: [ParNew: 15721K->1253K(16640K), 0.0005570 secs] 42530K->28063K(55552K), 0.0005880 secs] [Times: user=0.00 sys=0.01, real=0.00 secs] 
81.056: Total time for which application threads were stopped: 0.0006960 seconds, Stopping threads took: 0.0000550 seconds
81.116: Application time: 0.0606840 seconds
81.116: [GC81.116: [ParNew: 16098K->1106K(16640K), 0.0006090 secs] 42907K->28106K(55552K), 0.0006370 secs] [Times: user=0.00 sys=0.00, real=0.00 secs] 
81.117: Total time for which application threads were stopped: 0.0007510 seconds, Stopping threads took: 0.0000570 seconds
81.184: Application time: 0.0667140 seconds
81.184: [GC81.184: [ParNew: 15953K->902K(16640K), 0.0004950 secs] 42953K->28092K(55552K), 0.0005200 secs] [Times: user=0.00 sys=0.00, real=0.00 secs] 
81.184: Total time for which application threads were stopped: 0.0006300 seconds, Stopping threads took: 0.0000510 seconds
81.251: Application time: 0.0669740 seconds
81.251: [GC81.251: [ParNew: 15749K->881K(16640K), 0.0004780 secs] 42940K->28072K(55552K), 0.0005040 secs] [Times: user=0.00 sys=0.00, real=0.00 secs] 
81.252: Total time for which application threads were stopped: 0.0006160 seconds, Stopping threads took: 0.0000590 seconds
81.319: Application time: 0.0665980 seconds
81.319: [GC81.319: [ParNew: 15729K->848K(16640K), 0.0004750 secs] 42919K->28039K(55552K), 0.0005020 secs] [Times: user=0.00 sys=0.00, real=0.01 secs] 
81.319: Total time for which application threads were stopped: 0.0006550 seconds, Stopping threads took: 0.0000960 seconds
81.386: Application time: 0.0666480 seconds
81.386: [GC81.386: [ParNew: 15696K->885K(16640K), 0.0004390 secs] 42886K->28075K(55552K), 0.0004640 secs] [Times: user=0.00 sys=0.00, real=0.00 secs] 
81.386: Total time for which application threads were stopped: 0.0005790 seconds, Stopping threads took: 0.0000400 seconds
81.451: Application time: 0.0649790 seconds
81.452: [GC81.452: [ParNew: 15732K->1081K(16640K), 0.0004510 secs] 42922K->28271K(55552K), 0.0004780 secs] [Times: user=0.00 sys=0.00, real=0.00 secs] 
81.452: Total time for which application threads were stopped: 0.0005990 seconds, Stopping threads took: 0.0000660 seconds
81.501: Application time: 0.0484940 seconds
81.503: [GC81.503: [ParNew: 15927K->337K(16640K), 0.0005010 secs] 43118K->28288K(55552K), 0.0005290 secs] [Times: user=0.00 sys=0.00, real=0.00 secs] 
81.504: Total time for which application threads were stopped: 0.0030790 seconds, Stopping threads took: 0.0024950 seconds
81.571: Application time: 0.0674270 seconds
81.571: [GC81.571: [ParNew: 15183K->244K(16640K), 0.0003790 secs] 43133K->28194K(55552K), 0.0004080 secs] [Times: user=0.01 sys=0.00, real=0.00 secs] 
81.572: Total time for which application threads were stopped: 0.0005360 seconds, Stopping threads took: 0.0000690 seconds
81.638: Application time: 0.0661130 seconds
81.638: [GC81.638: [ParNew: 15088K->210K(16640K), 0.0003930 secs] 43039K->28160K(55552K), 0.0004200 secs] [Times: user=0.01 sys=0.00, real=0.00 secs] 
81.638: Total time for which application threads were stopped: 0.0005330 seconds, Stopping threads took: 0.0000590 seconds
81.705: Application time: 0.0668400 seconds
81.705: [GC81.705: [ParNew: 15057K->204K(16640K), 0.0003100 secs] 43008K->28155K(55552K), 0.0003370 secs] [Times: user=0.00 sys=0.00, real=0.00 secs] 
81.706: Total time for which application threads were stopped: 0.0004630 seconds, Stopping threads took: 0.0000710 seconds
81.772: Application time: 0.0668040 seconds
81.772: [GC81.773: [ParNew: 15052K->197K(16640K), 0.0003320 secs] 43002K->28147K(55552K), 0.0003600 secs] [Times: user=0.00 sys=0.00, real=0.00 secs] 
81.773: Total time for which application threads were stopped: 0.0004940 seconds, Stopping threads took: 0.0000760 seconds
81.839: Application time: 0.0665710 seconds
81.840: [GC81.840: [ParNew: 15044K->198K(16640K), 0.0003730 secs] 42995K->28149K(55552K), 0.0003980 secs] [Times: user=0.01 sys=0.00, real=0.00 secs] 
81.840: Total time for which application threads were stopped: 0.0005080 seconds, Stopping threads took: 0.0000610 seconds
81.901: Application time: 0.0613370 seconds
81.901: [GC81.901: [ParNew: 15046K->384K(16640K), 0.0004110 secs] 42996K->28335K(55552K), 0.0004380 secs] [Times: user=0.00 sys=0.00, real=0.00 secs] 
81.902: Total time for which application threads were stopped: 0.0005470 seconds, Stopping threads took: 0.0000470 seconds
81.951: Application time: 0.0494590 seconds
81.951: [GC81.951: [ParNew: 15231K->427K(16640K), 0.0004110 secs] 43182K->28378K(55552K), 0.0004380 secs] [Times: user=0.01 sys=0.00, real=0.00 secs] 
81.952: Total time for which application threads were stopped: 0.0005460 seconds, Stopping threads took: 0.0000550 seconds
82.017: Application time: 0.0647580 seconds
82.017: [GC82.017: [ParNew: 15275K->471K(16640K), 0.0003750 secs] 43225K->28422K(55552K), 0.0004030 secs] [Times: user=0.00 sys=0.00, real=0.00 secs] 
82.017: Total time for which application threads were stopped: 0.0005320 seconds, Stopping threads took: 0.0000710 seconds
82.067: Application time: 0.0496990 seconds
82.067: [GC82.067: [ParNew: 15318K->704K(16640K), 0.0004430 secs] 43268K->28655K(55552K), 0.0004700 secs] [Times: user=0.00 sys=0.01, real=0.01 secs] 
82.067: Total time for which application threads were stopped: 0.0006000 seconds, Stopping threads took: 0.0000700 seconds
82.131: Application time: 0.0630940 seconds
82.131: [GC82.131: [ParNew: 15550K->655K(16640K), 0.0004670 secs] 43501K->28605K(55552K), 0.0004960 secs] [Times: user=0.00 sys=0.00, real=0.00 secs] 
82.131: Total time for which application threads were stopped: 0.0006160 seconds, Stopping threads took: 0.0000610 seconds
82.197: Application time: 0.0654430 seconds
82.197: [GC82.197: [ParNew: 15500K->698K(16640K), 0.0004800 secs] 43450K->28648K(55552K), 0.0005150 secs] [Times: user=0.00 sys=0.00, real=0.00 secs] 
82.197: Total time for which application threads were stopped: 0.0006230 seconds, Stopping threads took: 0.0000530 seconds
82.264: Application time: 0.0665110 seconds
82.264: [GC82.264: [ParNew: 15545K->709K(16640K), 0.0004040 secs] 43496K->28659K(55552K), 0.0004290 secs] [Times: user=0.00 sys=0.00, real=0.00 secs] 
82.264: Total time for which application threads were stopped: 0.0005510 seconds, Stopping threads took: 0.0000680 seconds
82.329: Application time: 0.0649700 seconds
82.329: [GC82.329: [ParNew: 15556K->494K(16640K), 0.0005470 secs] 43506K->28663K(55552K), 0.0005740 secs] [Times: user=0.00 sys=0.00, real=0.00 secs] 
82.330: Total time for which application threads were stopped: 0.0007000 seconds, Stopping threads took: 0.0000670 seconds
82.368: Application time: 0.0385080 seconds
82.369: [GC82.369: [ParNew: 15341K->1060K(16640K), 0.0005530 secs] 43510K->29258K(55552K), 0.0005800 secs] [Times: user=0.01 sys=0.00, real=0.00 secs] 
82.369: Total time for which application threads were stopped: 0.0006920 seconds, Stopping threads took: 0.0000520 seconds
82.395: Application time: 0.0256290 seconds
82.395: [GC82.395: [ParNew: 15905K->1353K(16640K), 0.0006000 secs] 44103K->29741K(55552K), 0.0006280 secs] [Times: user=0.00 sys=0.00, real=0.00 secs] 
82.396: Total time for which application threads were stopped: 0.0007330 seconds, Stopping threads took: 0.0000470 seconds
82.430: Application time: 0.0340980 seconds
82.430: [GC82.430: [ParNew: 16198K->1200K(16640K), 0.0005900 secs] 44586K->29835K(55552K), 0.0006180 secs] [Times: user=0.00 sys=0.00, real=0.00 secs] 
82.430: Total time for which application threads were stopped: 0.0007400 seconds, Stopping threads took: 0.0000550 seconds
82.486: Application time: 0.0556200 seconds
82.486: [GC82.486: [ParNew: 16048K->1384K(16640K), 0.0005980 secs] 44683K->30048K(55552K), 0.0006260 secs] [Times: user=0.00 sys=0.00, real=0.00 secs] 
82.487: Total time for which application threads were stopped: 0.0007320 seconds, Stopping threads took: 0.0000470 seconds
82.550: Application time: 0.0627970 seconds
82.550: [GC82.550: [ParNew: 16231K->504K(16640K), 0.0006430 secs] 44895K->30015K(55552K), 0.0006710 secs] [Times: user=0.00 sys=0.00, real=0.00 secs] 
82.550: Total time for which application threads were stopped: 0.0007800 seconds, Stopping threads took: 0.0000540 seconds
82.615: Application time: 0.0651630 seconds
82.616: [GC82.616: [ParNew: 15351K->425K(16640K), 0.0004100 secs] 44862K->29936K(55552K), 0.0004350 secs] [Times: user=0.00 sys=0.00, real=0.00 secs] 
82.616: Total time for which application threads were stopped: 0.0005490 seconds, Stopping threads took: 0.0000590 seconds
82.681: Application time: 0.0654240 seconds
82.682: [GC82.682: [ParNew: 15270K->441K(16640K), 0.0003980 secs] 44781K->29952K(55552K), 0.0004240 secs] [Times: user=0.00 sys=0.00, real=0.00 secs] 
82.682: Total time for which application threads were stopped: 0.0005380 seconds, Stopping threads took: 0.0000580 seconds
82.748: Application time: 0.0655500 seconds
82.748: [GC82.748: [ParNew: 15286K->430K(16640K), 0.0004040 secs] 44797K->29941K(55552K), 0.0004300 secs] [Times: user=0.00 sys=0.00, real=0.00 secs] 
82.748: Total time for which application threads were stopped: 0.0005410 seconds, Stopping threads took: 0.0000590 seconds
82.807: Application time: 0.0591710 seconds
82.807: [GC82.807: [ParNew: 15276K->991K(16640K), 0.0005170 secs] 44787K->30503K(55552K), 0.0005440 secs] [Times: user=0.01 sys=0.00, real=0.00 secs] 
82.808: Total time for which application threads were stopped: 0.0006400 seconds, Stopping threads took: 0.0000400 seconds
82.872: Application time: 0.0637520 seconds
82.872: [GC82.872: [ParNew: 15838K->1012K(16640K), 0.0005490 secs] 45349K->30523K(55552K), 0.0005800 secs] [Times: user=0.00 sys=0.00, real=0.00 secs] 
82.872: Total time for which application threads were stopped: 0.0007000 seconds, Stopping threads took: 0.0000640 seconds
82.939: Application time: 0.0667960 seconds
82.939: [GC82.939: [ParNew: 15859K->480K(16640K), 0.0005040 secs] 45371K->30561K(55552K), 0.0005390 secs] [Times: user=0.00 sys=0.00, real=0.00 secs] 
82.940: Total time for which application threads were stopped: 0.0006530 seconds, Stopping threads took: 0.0000560 seconds
83.008: Application time: 0.0681920 seconds
83.008: [GC83.008: [ParNew: 15325K->424K(16640K), 0.0017760 secs] 45407K->30506K(55552K), 0.0018070 secs] [Times: user=0.00 sys=0.00, real=0.00 secs] 
83.010: Total time for which application threads were stopped: 0.0019060 seconds, Stopping threads took: 0.0000470 seconds
83.077: Application time: 0.0667610 seconds
83.077: [GC83.077: [ParNew: 15272K->422K(16640K), 0.0003450 secs] 45353K->30503K(55552K), 0.0003730 secs] [Times: user=0.01 sys=0.00, real=0.00 secs] 
83.077: Total time for which application threads were stopped: 0.0004880 seconds, Stopping threads took: 0.0000560 seconds
83.144: Application time: 0.0668960 seconds
83.144: [GC83.144: [ParNew: 15269K->417K(16640K), 0.0003590 secs] 45351K->30498K(55552K), 0.0003860 secs] [Times: user=0.00 sys=0.00, real=0.00 secs] 
83.145: Total time for which application threads were stopped: 0.0004950 seconds, Stopping threads took: 0.0000570 seconds
83.207: Application time: 0.0624560 seconds
83.207: [GC83.207: [ParNew: 15261K->626K(16640K), 0.0003840 secs] 45342K->30707K(55552K), 0.0004110 secs] [Times: user=0.00 sys=0.00, real=0.00 secs] 
83.208: Total time for which application threads were stopped: 0.0005140 seconds, Stopping threads took: 0.0000480 seconds
83.259: Application time: 0.0510650 seconds
83.259: [GC83.259: [ParNew: 15472K->230K(16640K), 0.0004300 secs] 45554K->30691K(55552K), 0.0004570 secs] [Times: user=0.00 sys=0.00, real=0.01 secs] 
83.259: Total time for which application threads were stopped: 0.0005710 seconds, Stopping threads took: 0.0000570 seconds
83.325: Application time: 0.0656690 seconds
83.325: [GC83.325: [ParNew: 15076K->218K(16640K), 0.0003210 secs] 45538K->30680K(55552K), 0.0003470 secs] [Times: user=0.01 sys=0.00, real=0.00 secs] 
83.325: Total time for which application threads were stopped: 0.0004660 seconds, Stopping threads took: 0.0000620 seconds
83.393: Application time: 0.0672300 seconds
83.393: [GC83.393: [ParNew: 15066K->204K(16640K), 0.0003690 secs] 45527K->30665K(55552K), 0.0003960 secs] [Times: user=0.00 sys=0.00, real=0.00 secs] 
83.393: Total time for which application threads were stopped: 0.0005050 seconds, Stopping threads took: 0.0000570 seconds
83.460: Application time: 0.0671960 seconds
83.460: [GC83.460: [ParNew: 15051K->198K(16640K), 0.0003250 secs] 45513K->30660K(55552K), 0.0003510 secs] [Times: user=0.00 sys=0.00, real=0.00 secs] 
83.461: Total time for which application threads were stopped: 0.0004730 seconds, Stopping threads took: 0.0000610 seconds
83.528: Application time: 0.0672370 seconds
83.528: [GC83.528: [ParNew: 15046K->195K(16640K), 0.0003490 secs] 45507K->30656K(55552K), 0.0003740 secs] [Times: user=0.01 sys=0.00, real=0.00 secs] 
83.528: Total time for which application threads were stopped: 0.0005010 seconds, Stopping threads took: 0.0000720 seconds
83.595: Application time: 0.0669660 seconds
83.596: [GC83.596: [ParNew: 15042K->204K(16640K), 0.0003810 secs] 45504K->30665K(55552K), 0.0004070 secs] [Times: user=0.00 sys=0.00, real=0.00 secs] 
83.596: Total time for which application threads were stopped: 0.0005180 seconds, Stopping threads took: 0.0000600 seconds
83.651: Application time: 0.0549840 seconds
83.651: [GC83.651: [ParNew: 15050K->415K(16640K), 0.0004090 secs] 45511K->30877K(55552K), 0.0004340 secs] [Times: user=0.00 sys=0.00, real=0.00 secs] 
83.651: Total time for which application threads were stopped: 0.0005440 seconds, Stopping threads took: 0.0000530 seconds
83.708: Application time: 0.0561670 seconds
83.708: [GC83.708: [ParNew: 15260K->430K(16640K), 0.0003750 secs] 45722K->30891K(55552K), 0.0004020 secs] [Times: user=0.00 sys=0.00, real=0.00 secs] 
83.708: Total time for which application threads were stopped: 0.0005140 seconds, Stopping threads took: 0.0000570 seconds
83.767: Application time: 0.0592480 seconds
83.768: [GC83.768: [ParNew: 15274K->645K(16640K), 0.0003980 secs] 45736K->31107K(55552K), 0.0004320 secs] [Times: user=0.00 sys=0.00, real=0.00 secs] 
83.768: Total time for which application threads were stopped: 0.0005420 seconds, Stopping threads took: 0.0000540 seconds
83.821: Application time: 0.0531990 seconds
83.821: [GC83.821: [ParNew: 15489K->675K(16640K), 0.0004770 secs] 45950K->31136K(55552K), 0.0005040 secs] [Times: user=0.00 sys=0.00, real=0.00 secs] 
83.822: Total time for which application threads were stopped: 0.0006080 seconds, Stopping threads took: 0.0000470 seconds
83.888: Application time: 0.0662180 seconds
83.888: [GC83.888: [ParNew: 15522K->677K(16640K), 0.0004010 secs] 45984K->31139K(55552K), 0.0004270 secs] [Times: user=0.00 sys=0.00, real=0.00 secs] 
83.889: Total time for which application threads were stopped: 0.0005350 seconds, Stopping threads took: 0.0000510 seconds
83.955: Application time: 0.0668030 seconds
83.955: [GC83.955: [ParNew: 15523K->686K(16640K), 0.0004900 secs] 45984K->31148K(55552K), 0.0005160 secs] [Times: user=0.01 sys=0.00, real=0.00 secs] 
83.956: Total time for which application threads were stopped: 0.0006530 seconds, Stopping threads took: 0.0000810 seconds
84.023: Application time: 0.0665440 seconds
84.023: [GC84.023: [ParNew: 15533K->521K(16640K), 0.0004610 secs] 45995K->31201K(55552K), 0.0004880 secs] [Times: user=0.00 sys=0.00, real=0.00 secs] 
84.023: Total time for which application threads were stopped: 0.0006180 seconds, Stopping threads took: 0.0000590 seconds
84.088: Application time: 0.0646400 seconds
84.088: [GC84.088: [ParNew: 15366K->455K(16640K), 0.0004240 secs] 46046K->31135K(55552K), 0.0004510 secs] [Times: user=0.00 sys=0.00, real=0.00 secs] 
84.088: Total time for which application threads were stopped: 0.0005880 seconds, Stopping threads took: 0.0000770 seconds
84.123: Application time: 0.0349000 seconds
84.123: [GC84.123: [ParNew: 15300K->1141K(16640K), 0.0005480 secs] 45980K->31850K(55552K), 0.0005740 secs] [Times: user=0.01 sys=0.00, real=0.00 secs] 
84.124: Total time for which application threads were stopped: 0.0006900 seconds, Stopping threads took: 0.0000570 seconds
84.146: Application time: 0.0224650 seconds
84.147: [GC84.147: [ParNew: 15989K->1315K(16640K), 0.0005950 secs] 46697K->32214K(55552K), 0.0006210 secs] [Times: user=0.01 sys=0.00, real=0.01 secs] 
84.147: Total time for which application threads were stopped: 0.0007320 seconds, Stopping threads took: 0.0000560 seconds
84.184: Application time: 0.0372950 seconds
84.185: [GC84.185: [ParNew: 16162K->1428K(16640K), 0.0006670 secs] 47061K->32604K(55552K), 0.0006950 secs] [Times: user=0.00 sys=0.00, real=0.00 secs] 
84.185: Total time for which application threads were stopped: 0.0008180 seconds, Stopping threads took: 0.0000650 seconds
84.243: Application time: 0.0573850 seconds
84.243: [GC84.243: [ParNew: 16274K->1297K(16640K), 0.0005630 secs] 47449K->32560K(55552K), 0.0005910 secs] [Times: user=0.00 sys=0.00, real=0.00 secs] 
84.243: Total time for which application threads were stopped: 0.0007130 seconds, Stopping threads took: 0.0000680 seconds
84.308: Application time: 0.0647980 seconds
84.308: [GC84.308: [ParNew: 16144K->0K(16640K), 0.0005970 secs] 47407K->32402K(55552K), 0.0006250 secs] [Times: user=0.00 sys=0.00, real=0.00 secs] 
84.309: Total time for which application threads were stopped: 0.0007480 seconds, Stopping threads took: 0.0000680 seconds
84.375: Application time: 0.0658140 seconds
84.379: [GC84.379: [ParNew: 14847K->0K(16640K), 0.0003330 secs] 47250K->32402K(55552K), 0.0003600 secs] [Times: user=0.00 sys=0.00, real=0.00 secs] 
84.379: Total time for which application threads were stopped: 0.0047340 seconds, Stopping threads took: 0.0043180 seconds
84.445: Application time: 0.0659620 seconds
84.446: [GC84.446: [ParNew: 14847K->0K(16640K), 0.0003780 secs] 47250K->32402K(55552K), 0.0004040 secs] [Times: user=0.00 sys=0.00, real=0.00 secs] 
84.446: Total time for which application threads were stopped: 0.0005200 seconds, Stopping threads took: 0.0000670 seconds
84.513: Application time: 0.0669170 seconds
84.513: [GC84.513: [ParNew: 14847K->0K(16640K), 0.0003230 secs] 47250K->32402K(55552K), 0.0003560 secs] [Times: user=0.00 sys=0.00, real=0.00 secs] 
84.513: Total time for which application threads were stopped: 0.0004560 seconds, Stopping threads took: 0.0000510 seconds
84.571: Application time: 0.0571730 seconds
84.571: [GC84.571: [ParNew: 14847K->961K(16640K), 0.0004710 secs] 47249K->33364K(55552K), 0.0004990 secs] [Times: user=0.00 sys=0.00, real=0.00 secs] 
84.571: Total time for which application threads were stopped: 0.0006340 seconds, Stopping threads took: 0.0000670 seconds
84.638: Application time: 0.0667000 seconds
84.638: [GC84.638: [ParNew: 15806K->0K(16640K), 0.0005250 secs] 48209K->33353K(55552K), 0.0005510 secs] [Times: user=0.01 sys=0.00, real=0.00 secs] 
84.639: Total time for which application threads were stopped: 0.0006620 seconds, Stopping threads took: 0.0000530 seconds
84.706: Application time: 0.0676060 seconds
84.706: [GC84.706: [ParNew: 14847K->0K(16640K), 0.0002980 secs] 48200K->33353K(55552K), 0.0003250 secs] [Times: user=0.00 sys=0.00, real=0.00 secs] 
84.707: Total time for which application threads were stopped: 0.0004430 seconds, Stopping threads took: 0.0000640 seconds
84.774: Application time: 0.0675980 seconds
84.774: [GC84.774: [ParNew: 14847K->0K(16640K), 0.0003660 secs] 48200K->33353K(55552K), 0.0003930 secs] [Times: user=0.00 sys=0.00, real=0.00 secs] 
84.775: Total time for which application threads were stopped: 0.0005070 seconds, Stopping threads took: 0.0000560 seconds
84.842: Application time: 0.0673820 seconds
84.842: [GC84.842: [ParNew: 14847K->0K(16640K), 0.0002810 secs] 48200K->33353K(55552K), 0.0003080 secs] [Times: user=0.00 sys=0.00, real=0.00 secs] 
84.843: Total time for which application threads were stopped: 0.0004250 seconds, Stopping threads took: 0.0000630 seconds
84.910: Application time: 0.0671480 seconds
84.910: [GC84.910: [ParNew: 14847K->0K(16640K), 0.0003680 secs] 48200K->33353K(55552K), 0.0003960 secs] [Times: user=0.00 sys=0.00, real=0.00 secs] 
84.910: Total time for which application threads were stopped: 0.0005110 seconds, Stopping threads took: 0.0000610 seconds
84.962: Application time: 0.0514970 seconds
84.962: [GC84.962: [ParNew: 14844K->192K(16640K), 0.0003920 secs] 48197K->33545K(55552K), 0.0004190 secs] [Times: user=0.01 sys=0.00, real=0.00 secs] 
84.962: Total time for which application threads were stopped: 0.0005410 seconds, Stopping threads took: 0.0000660 seconds
85.024: Application time: 0.0620450 seconds
85.024: [GC85.024: [ParNew: 15038K->196K(16640K), 0.0004120 secs] 48391K->33549K(55552K), 0.0004380 secs] [Times: user=0.00 sys=0.00, real=0.00 secs] 
85.025: Total time for which application threads were stopped: 0.0005480 seconds, Stopping threads took: 0.0000510 seconds
85.091: Application time: 0.0666060 seconds
85.092: [GC85.092: [ParNew: 15043K->203K(16640K), 0.0003690 secs] 48396K->33556K(55552K), 0.0003940 secs] [Times: user=0.00 sys=0.00, real=0.00 secs] 
85.092: Total time for which application threads were stopped: 0.0005180 seconds, Stopping threads took: 0.0000680 seconds
85.159: Application time: 0.0670940 seconds
85.159: [GC85.159: [ParNew: 15051K->199K(16640K), 0.0004190 secs] 48404K->33552K(55552K), 0.0004460 secs] [Times: user=0.00 sys=0.00, real=0.00 secs] 
85.160: Total time for which application threads were stopped: 0.0005740 seconds, Stopping threads took: 0.0000730 seconds
85.227: Application time: 0.0670520 seconds
85.227: [GC85.227: [ParNew: 15046K->199K(16640K), 0.0003550 secs] 48399K->33552K(55552K), 0.0003830 secs] [Times: user=0.00 sys=0.00, real=0.01 secs] 
85.227: Total time for which application threads were stopped: 0.0005040 seconds, Stopping threads took: 0.0000640 seconds
85.294: Application time: 0.0669210 seconds
85.294: [GC85.294: [ParNew: 15046K->196K(16640K), 0.0003890 secs] 48399K->33549K(55552K), 0.0004180 secs] [Times: user=0.00 sys=0.00, real=0.00 secs] 
85.295: Total time for which application threads were stopped: 0.0005490 seconds, Stopping threads took: 0.0000800 seconds
85.360: Application time: 0.0657340 seconds
85.360: [GC85.360: [ParNew: 15041K->382K(16640K), 0.0003170 secs] 48394K->33735K(55552K), 0.0003510 secs] [Times: user=0.00 sys=0.00, real=0.00 secs] 
85.361: Total time for which application threads were stopped: 0.0004520 seconds, Stopping threads took: 0.0000510 seconds
85.407: Application time: 0.0466740 seconds
85.408: [GC85.408: [ParNew: 15226K->426K(16640K), 0.0004160 secs] 48579K->33779K(55552K), 0.0004420 secs] [Times: user=0.00 sys=0.00, real=0.00 secs] 
85.408: Total time for which application threads were stopped: 0.0005400 seconds, Stopping threads took: 0.0000430 seconds
85.473: Application time: 0.0649010 seconds
85.473: [GC85.473: [ParNew: 15274K->463K(16640K), 0.0004250 secs] 48627K->33816K(55552K), 0.0004510 secs] [Times: user=0.00 sys=0.00, real=0.00 secs] 
85.474: Total time for which application threads were stopped: 0.0005870 seconds, Stopping threads took: 0.0000790 seconds
85.531: Application time: 0.0576040 seconds
85.531: [GC85.531: [ParNew: 15309K->666K(16640K), 0.0004160 secs] 48662K->34019K(55552K), 0.0004420 secs] [Times: user=0.00 sys=0.00, real=0.00 secs] 
85.532: Total time for which application threads were stopped: 0.0005560 seconds, Stopping threads took: 0.0000580 seconds
85.587: Application time: 0.0556740 seconds
85.587: [GC85.587: [ParNew: 15513K->648K(16640K), 0.0004230 secs] 48867K->34001K(55552K), 0.0004480 secs] [Times: user=0.00 sys=0.00, real=0.00 secs] 
85.588: Total time for which application threads were stopped: 0.0005540 seconds, Stopping threads took: 0.0000480 seconds
85.654: Application time: 0.0659650 seconds
85.654: [GC85.654: [ParNew: 15493K->697K(16640K), 0.0004500 secs] 48846K->34050K(55552K), 0.0004760 secs] [Times: user=0.00 sys=0.00, real=0.00 secs] 
85.654: Total time for which application threads were stopped: 0.0005960 seconds, Stopping threads took: 0.0000590 seconds
85.721: Application time: 0.0667030 seconds
85.723: [GC85.723: [ParNew: 15545K->687K(16640K), 0.0004550 secs] 48898K->34040K(55552K), 0.0004830 secs] [Times: user=0.00 sys=0.00, real=0.00 secs] 
85.724: Total time for which application threads were stopped: 0.0024230 seconds, Stopping threads took: 0.0018820 seconds
85.789: Application time: 0.0654880 seconds
85.789: [GC85.789: [ParNew: 15532K->527K(16640K), 0.0004750 secs] 48885K->34099K(55552K), 0.0005020 secs] [Times: user=0.00 sys=0.00, real=0.00 secs] 
85.790: Total time for which application threads were stopped: 0.0006070 seconds, Stopping threads took: 0.0000480 seconds
85.853: Application time: 0.0632880 seconds
85.853: [GC85.853: [ParNew: 15374K->613K(16640K), 0.0004080 secs] 48946K->34213K(55552K), 0.0004350 secs] [Times: user=0.01 sys=0.00, real=0.00 secs] 
85.854: Total time for which application threads were stopped: 0.0005580 seconds, Stopping threads took: 0.0000690 seconds
85.884: Application time: 0.0301510 seconds
85.884: [GC85.884: [ParNew: 15460K->1260K(16640K), 0.0006230 secs] 49061K->34860K(55552K), 0.0006510 secs] [Times: user=0.00 sys=0.00, real=0.00 secs] 
85.884: Total time for which application threads were stopped: 0.0007700 seconds, Stopping threads took: 0.0000590 seconds
85.908: Application time: 0.0233300 seconds
85.908: [GC85.908: [ParNew: 16105K->1202K(16640K), 0.0006680 secs] 49705K->35182K(55552K), 0.0006960 secs] [Times: user=0.00 sys=0.00, real=0.00 secs] 
85.909: Total time for which application threads were stopped: 0.0008060 seconds, Stopping threads took: 0.0000500 seconds
85.952: Application time: 0.0429270 seconds
85.952: [GC85.952: [ParNew: 16046K->823K(16640K), 0.0006810 secs] 50026K->35460K(55552K), 0.0007060 secs] [Times: user=0.01 sys=0.00, real=0.00 secs] 
85.952: Total time for which application threads were stopped: 0.0007980 seconds, Stopping threads took: 0.0000390 seconds
86.010: Application time: 0.0577920 seconds
86.010: [GC86.010: [ParNew: 15670K->1294K(16640K), 0.0005950 secs] 50307K->35931K(55552K), 0.0006210 secs] [Times: user=0.01 sys=0.00, real=0.00 secs] 
86.011: Total time for which application threads were stopped: 0.0007560 seconds, Stopping threads took: 0.0000790 seconds
86.076: Application time: 0.0646700 seconds
86.076: [GC86.076: [ParNew: 16142K->0K(16640K), 0.0006220 secs] 50778K->35862K(55552K), 0.0006590 secs] [Times: user=0.01 sys=0.00, real=0.00 secs] 
86.076: Total time for which application threads were stopped: 0.0007860 seconds, Stopping threads took: 0.0000690 seconds
86.076: Application time: 0.0000370 seconds
86.076: [GC [1 CMS-initial-mark: 35862K(38912K)] 35886K(55552K), 0.0000880 secs] [Times: user=0.00 sys=0.00, real=0.00 secs] 
86.077: Total time for which application threads were stopped: 0.0001490 seconds, Stopping threads took: 0.0000460 seconds
86.077: [CMS-concurrent-mark-start]
86.082: [CMS-concurrent-mark: 0.005/0.005 secs] [Times: user=0.02 sys=0.00, real=0.01 secs] 
86.082: [CMS-concurrent-preclean-start]
86.082: [CMS-concurrent-preclean: 0.000/0.000 secs] [Times: user=0.00 sys=0.00, real=0.00 secs] 
86.082: Application time: 0.0054700 seconds
86.082: [GC[YG occupancy: 1106 K (16640 K)]86.082: [Rescan (parallel) , 0.0001250 secs]86.082: [weak refs processing, 0.0000760 secs]86.082: [scrub string table, 0.0000910 secs] [1 CMS-remark: 35862K(38912K)] 36969K(55552K), 0.0003170 secs] [Times: user=0.00 sys=0.00, real=0.00 secs] 
86.082: Total time for which application threads were stopped: 0.0003900 seconds, Stopping threads took: 0.0000520 seconds
86.082: [CMS-concurrent-sweep-start]
86.085: [CMS-concurrent-sweep: 0.002/0.002 secs] [Times: user=0.01 sys=0.00, real=0.00 secs] 
86.085: [CMS-concurrent-reset-start]
86.085: [CMS-concurrent-reset: 0.000/0.000 secs] [Times: user=0.00 sys=0.00, real=0.00 secs] 
86.144: Application time: 0.0618040 seconds
86.144: [GC86.144: [ParNew: 14848K->0K(16640K), 0.0003200 secs] 17968K->3120K(55552K), 0.0003470 secs] [Times: user=0.00 sys=0.00, real=0.00 secs] 
86.145: Total time for which application threads were stopped: 0.0005120 seconds, Stopping threads took: 0.0001120 seconds
86.210: Application time: 0.0654130 seconds
86.211: [GC86.211: [ParNew: 14847K->0K(16640K), 0.0003610 secs] 17968K->3120K(55552K), 0.0003900 secs] [Times: user=0.00 sys=0.00, real=0.00 secs] 
86.212: Total time for which application threads were stopped: 0.0013870 seconds, Stopping threads took: 0.0009320 seconds
86.277: Application time: 0.0654650 seconds
86.277: [GC86.277: [ParNew: 14847K->0K(16640K), 0.0002720 secs] 17968K->3120K(55552K), 0.0002990 secs] [Times: user=0.00 sys=0.00, real=0.00 secs] 
86.277: Total time for which application threads were stopped: 0.0004310 seconds, Stopping threads took: 0.0000760 seconds
86.334: Application time: 0.0569360 seconds
86.334: [GC86.335: [ParNew: 14845K->958K(16640K), 0.0005370 secs] 17965K->4078K(55552K), 0.0005640 secs] [Times: user=0.00 sys=0.00, real=0.00 secs] 
86.335: Total time for which application threads were stopped: 0.0006820 seconds, Stopping threads took: 0.0000590 seconds
86.402: Application time: 0.0666110 seconds
86.403: [GC86.403: [ParNew: 15805K->0K(16640K), 0.0006060 secs] 18926K->4070K(55552K), 0.0006340 secs] [Times: user=0.00 sys=0.00, real=0.00 secs] 
86.404: Total time for which application threads were stopped: 0.0020860 seconds, Stopping threads took: 0.0013990 seconds
86.471: Application time: 0.0675280 seconds
86.471: [GC86.471: [ParNew: 14847K->0K(16640K), 0.0002950 secs] 18918K->4070K(55552K), 0.0003220 secs] [Times: user=0.00 sys=0.00, real=0.00 secs] 
86.472: Total time for which application threads were stopped: 0.0004440 seconds, Stopping threads took: 0.0000670 seconds
86.539: Application time: 0.0677040 seconds
86.540: [GC86.540: [ParNew: 14847K->0K(16640K), 0.0002870 secs] 18918K->4070K(55552K), 0.0003130 secs] [Times: user=0.01 sys=0.00, real=0.00 secs] 
86.540: Total time for which application threads were stopped: 0.0004100 seconds, Stopping threads took: 0.0000410 seconds
86.607: Application time: 0.0673980 seconds
86.607: [GC86.607: [ParNew: 14847K->0K(16640K), 0.0003500 secs] 18918K->4070K(55552K), 0.0003780 secs] [Times: user=0.01 sys=0.00, real=0.00 secs] 
86.608: Total time for which application threads were stopped: 0.0005190 seconds, Stopping threads took: 0.0000860 seconds
86.669: Application time: 0.0611890 seconds
86.671: [GC86.671: [ParNew: 14846K->194K(16640K), 0.0003130 secs] 18917K->4265K(55552K), 0.0003510 secs] [Times: user=0.00 sys=0.00, real=0.00 secs] 
86.671: Total time for which application threads were stopped: 0.0025280 seconds, Stopping threads took: 0.0021160 seconds
86.726: Application time: 0.0545210 seconds
86.726: [GC86.726: [ParNew: 15039K->200K(16640K), 0.0003360 secs] 19110K->4271K(55552K), 0.0003620 secs] [Times: user=0.01 sys=0.00, real=0.00 secs] 
86.726: Total time for which application threads were stopped: 0.0004740 seconds, Stopping threads took: 0.0000500 seconds
86.792: Application time: 0.0654340 seconds
86.792: [GC86.792: [ParNew: 15047K->201K(16640K), 0.0003970 secs] 19117K->4272K(55552K), 0.0004220 secs] [Times: user=0.00 sys=0.00, real=0.00 secs] 
86.792: Total time for which application threads were stopped: 0.0005290 seconds, Stopping threads took: 0.0000530 seconds
86.860: Application time: 0.0674650 seconds
86.860: [GC86.860: [ParNew: 15049K->202K(16640K), 0.0003950 secs] 19120K->4272K(55552K), 0.0004240 secs] [Times: user=0.00 sys=0.00, real=0.00 secs] 
86.860: Total time for which application threads were stopped: 0.0005460 seconds, Stopping threads took: 0.0000670 seconds
86.929: Application time: 0.0682070 seconds
86.929: [GC86.929: [ParNew: 15047K->198K(16640K), 0.0003740 secs] 19118K->4269K(55552K), 0.0004010 secs] [Times: user=0.00 sys=0.00, real=0.00 secs] 
86.929: Total time for which application threads were stopped: 0.0005330 seconds, Stopping threads took: 0.0000730 seconds
86.997: Application time: 0.0675480 seconds
86.997: [GC86.997: [ParNew: 15045K->201K(16640K), 0.0004200 secs] 19116K->4272K(55552K), 0.0004470 secs] [Times: user=0.00 sys=0.00, real=0.00 secs] 
86.997: Total time for which application threads were stopped: 0.0005750 seconds, Stopping threads took: 0.0000760 seconds
87.064: Application time: 0.0669060 seconds
87.064: [GC87.064: [ParNew: 15048K->201K(16640K), 0.0003490 secs] 19119K->4272K(55552K), 0.0003740 secs] [Times: user=0.00 sys=0.00, real=0.00 secs] 
87.065: Total time for which application threads were stopped: 0.0004860 seconds, Stopping threads took: 0.0000580 seconds
87.125: Application time: 0.0606050 seconds
87.125: [GC87.125: [ParNew: 15047K->415K(16640K), 0.0003710 secs] 19118K->4486K(55552K), 0.0003970 secs] [Times: user=0.00 sys=0.00, real=0.00 secs] 
87.126: Total time for which application threads were stopped: 0.0005110 seconds, Stopping threads took: 0.0000560 seconds
87.177: Application time: 0.0508300 seconds
87.177: [GC87.177: [ParNew: 15261K->435K(16640K), 0.0004040 secs] 19332K->4506K(55552K), 0.0004330 secs] [Times: user=0.01 sys=0.00, real=0.00 secs] 
87.177: Total time for which application threads were stopped: 0.0005560 seconds, Stopping threads took: 0.0000640 seconds
87.242: Application time: 0.0645790 seconds
87.242: [GC87.242: [ParNew: 15280K->470K(16640K), 0.0003910 secs] 19351K->4541K(55552K), 0.0004170 secs] [Times: user=0.01 sys=0.00, real=0.00 secs] 
87.242: Total time for which application threads were stopped: 0.0005210 seconds, Stopping threads took: 0.0000380 seconds
87.292: Application time: 0.0496130 seconds
87.292: [GC87.292: [ParNew: 15317K->651K(16640K), 0.0004650 secs] 19388K->4722K(55552K), 0.0004940 secs] [Times: user=0.00 sys=0.00, real=0.00 secs] 
87.293: Total time for which application threads were stopped: 0.0006100 seconds, Stopping threads took: 0.0000570 seconds
87.356: Application time: 0.0634480 seconds
87.356: [GC87.356: [ParNew: 15495K->650K(16640K), 0.0004890 secs] 19566K->4721K(55552K), 0.0005170 secs] [Times: user=0.00 sys=0.00, real=0.00 secs] 
87.357: Total time for which application threads were stopped: 0.0006260 seconds, Stopping threads took: 0.0000530 seconds
87.422: Application time: 0.0654190 seconds
87.422: [GC87.422: [ParNew: 15497K->707K(16640K), 0.0004320 secs] 19568K->4778K(55552K), 0.0004590 secs] [Times: user=0.01 sys=0.00, real=0.00 secs] 
87.423: Total time for which application threads were stopped: 0.0006170 seconds, Stopping threads took: 0.0000880 seconds
87.489: Application time: 0.0665110 seconds
87.489: [GC87.489: [ParNew: 15554K->530K(16640K), 0.0004710 secs] 19625K->4819K(55552K), 0.0004970 secs] [Times: user=0.00 sys=0.00, real=0.00 secs] 
87.490: Total time for which application threads were stopped: 0.0006170 seconds, Stopping threads took: 0.0000620 seconds
87.554: Application time: 0.0642860 seconds
87.554: [GC87.554: [ParNew: 15376K->444K(16640K), 0.0004100 secs] 19665K->4734K(55552K), 0.0004370 secs] [Times: user=0.01 sys=0.00, real=0.00 secs] 
87.555: Total time for which application threads were stopped: 0.0005420 seconds, Stopping threads took: 0.0000520 seconds
87.609: Application time: 0.0542370 seconds
87.609: [GC87.609: [ParNew: 15292K->841K(16640K), 0.0004380 secs] 19581K->5159K(55552K), 0.0004650 secs] [Times: user=0.00 sys=0.00, real=0.00 secs] 
87.609: Total time for which application threads were stopped: 0.0005700 seconds, Stopping threads took: 0.0000500 seconds
87.640: Application time: 0.0307450 seconds
87.640: [GC87.640: [ParNew: 15688K->1244K(16640K), 0.0005290 secs] 20007K->5563K(55552K), 0.0005550 secs] [Times: user=0.00 sys=0.00, real=0.00 secs] 
87.641: Total time for which application threads were stopped: 0.0006610 seconds, Stopping threads took: 0.0000500 seconds
87.670: Application time: 0.0291530 seconds
87.670: [GC87.670: [ParNew: 16092K->1173K(16640K), 0.0006140 secs] 20410K->5871K(55552K), 0.0006420 secs] [Times: user=0.01 sys=0.00, real=0.00 secs] 
87.671: Total time for which application threads were stopped: 0.0007630 seconds, Stopping threads took: 0.0000620 seconds
87.714: Application time: 0.0427570 seconds
87.714: [GC87.714: [ParNew: 16021K->1392K(16640K), 0.0005700 secs] 20719K->6148K(55552K), 0.0005980 secs] [Times: user=0.00 sys=0.00, real=0.00 secs] 
87.714: Total time for which application threads were stopped: 0.0007180 seconds, Stopping threads took: 0.0000630 seconds
87.775: Application time: 0.0610890 seconds
87.776: [GC87.776: [ParNew: 16237K->742K(16640K), 0.0006650 secs] 20993K->6184K(55552K), 0.0006950 secs] [Times: user=0.00 sys=0.00, real=0.00 secs] 
87.776: Total time for which application threads were stopped: 0.0008570 seconds, Stopping threads took: 0.0000930 seconds
87.841: Application time: 0.0651320 seconds
87.842: [GC87.842: [ParNew: 15590K->660K(16640K), 0.0004100 secs] 21031K->6101K(55552K), 0.0004370 secs] [Times: user=0.00 sys=0.00, real=0.00 secs] 
87.842: Total time for which application threads were stopped: 0.0006070 seconds, Stopping threads took: 0.0001130 seconds
87.907: Application time: 0.0652660 seconds
87.907: [GC87.907: [ParNew: 15507K->613K(16640K), 0.0004060 secs] 20949K->6054K(55552K), 0.0004320 secs] [Times: user=0.00 sys=0.00, real=0.00 secs] 
87.908: Total time for which application threads were stopped: 0.0005350 seconds, Stopping threads took: 0.0000500 seconds
87.973: Application time: 0.0652800 seconds
87.973: [GC87.973: [ParNew: 15460K->645K(16640K), 0.0003910 secs] 20902K->6086K(55552K), 0.0004200 secs] [Times: user=0.00 sys=0.00, real=0.00 secs] 
87.974: Total time for which application threads were stopped: 0.0005420 seconds, Stopping threads took: 0.0000660 seconds
88.036: Application time: 0.0625690 seconds
88.036: [GC88.036: [ParNew: 15491K->1025K(16640K), 0.0018920 secs] 20933K->6466K(55552K), 0.0019220 secs] [Times: user=0.00 sys=0.00, real=0.00 secs] 
88.038: Total time for which application threads were stopped: 0.0020440 seconds, Stopping threads took: 0.0000620 seconds
88.098: Application time: 0.0598420 seconds
88.098: [GC88.098: [ParNew: 15869K->1077K(16640K), 0.0004510 secs] 21310K->6519K(55552K), 0.0004780 secs] [Times: user=0.00 sys=0.00, real=0.00 secs] 
88.099: Total time for which application threads were stopped: 0.0005960 seconds, Stopping threads took: 0.0000660 seconds
88.166: Application time: 0.0677870 seconds
88.167: [GC88.167: [ParNew: 15923K->895K(16640K), 0.0004600 secs] 21365K->6527K(55552K), 0.0004930 secs] [Times: user=0.00 sys=0.00, real=0.01 secs] 
88.167: Total time for which application threads were stopped: 0.0006270 seconds, Stopping threads took: 0.0000650 seconds
88.235: Application time: 0.0675600 seconds
88.235: [GC88.235: [ParNew: 15742K->922K(16640K), 0.0004150 secs] 21374K->6554K(55552K), 0.0004430 secs] [Times: user=0.00 sys=0.00, real=0.00 secs] 
88.235: Total time for which application threads were stopped: 0.0005620 seconds, Stopping threads took: 0.0000630 seconds
88.303: Application time: 0.0673130 seconds
88.303: [GC88.303: [ParNew: 15767K->832K(16640K), 0.0005230 secs] 21400K->6464K(55552K), 0.0005490 secs] [Times: user=0.01 sys=0.00, real=0.00 secs] 
88.303: Total time for which application threads were stopped: 0.0007100 seconds, Stopping threads took: 0.0000960 seconds
88.370: Application time: 0.0669710 seconds
88.371: [GC88.371: [ParNew: 15679K->847K(16640K), 0.0004740 secs] 21311K->6479K(55552K), 0.0005020 secs] [Times: user=0.01 sys=0.00, real=0.00 secs] 
88.372: Total time for which application threads were stopped: 0.0014340 seconds, Stopping threads took: 0.0008730 seconds
88.426: Application time: 0.0545580 seconds
88.426: [GC88.426: [ParNew: 15690K->1011K(16640K), 0.0004910 secs] 21323K->6643K(55552K), 0.0005190 secs] [Times: user=0.00 sys=0.00, real=0.00 secs] 
88.427: Total time for which application threads were stopped: 0.0006380 seconds, Stopping threads took: 0.0000610 seconds
88.486: Application time: 0.0595480 seconds
88.487: [GC88.487: [ParNew: 15855K->232K(16640K), 0.0005290 secs] 21487K->6625K(55552K), 0.0005570 secs] [Times: user=0.00 sys=0.00, real=0.01 secs] 
88.487: Total time for which application threads were stopped: 0.0007160 seconds, Stopping threads took: 0.0001000 seconds
88.553: Application time: 0.0661430 seconds
88.553: [GC88.553: [ParNew: 15079K->244K(16640K), 0.0003370 secs] 21471K->6636K(55552K), 0.0003650 secs] [Times: user=0.01 sys=0.00, real=0.00 secs] 
88.554: Total time for which application threads were stopped: 0.0004920 seconds, Stopping threads took: 0.0000750 seconds
88.621: Application time: 0.0675260 seconds
88.621: [GC88.621: [ParNew: 15091K->220K(16640K), 0.0003340 secs] 21484K->6612K(55552K), 0.0003610 secs] [Times: user=0.01 sys=0.00, real=0.00 secs] 
88.622: Total time for which application threads were stopped: 0.0004880 seconds, Stopping threads took: 0.0000700 seconds
88.690: Application time: 0.0677470 seconds
88.691: [GC88.691: [ParNew: 15067K->205K(16640K), 0.0003880 secs] 21460K->6598K(55552K), 0.0004140 secs] [Times: user=0.00 sys=0.00, real=0.00 secs] 
88.692: Total time for which application threads were stopped: 0.0020630 seconds, Stopping threads took: 0.0015910 seconds
88.759: Application time: 0.0671060 seconds
88.759: [GC88.759: [ParNew: 15053K->203K(16640K), 0.0003750 secs] 21445K->6595K(55552K), 0.0004020 secs] [Times: user=0.00 sys=0.00, real=0.01 secs] 
88.759: Total time for which application threads were stopped: 0.0005170 seconds, Stopping threads took: 0.0000620 seconds
88.825: Application time: 0.0662220 seconds
88.826: [GC88.826: [ParNew: 15049K->205K(16640K), 0.0003260 secs] 21441K->6597K(55552K), 0.0003510 secs] [Times: user=0.00 sys=0.00, real=0.00 secs] 
88.826: Total time for which application threads were stopped: 0.0004690 seconds, Stopping threads took: 0.0000570 seconds
88.883: Application time: 0.0572820 seconds
88.883: [GC88.883: [ParNew: 15052K->413K(16640K), 0.0004200 secs] 21444K->6805K(55552K), 0.0004490 secs] [Times: user=0.01 sys=0.00, real=0.00 secs] 
88.884: Total time for which application threads were stopped: 0.0005600 seconds, Stopping threads took: 0.0000530 seconds
88.939: Application time: 0.0553650 seconds
88.939: [GC88.939: [ParNew: 15260K->424K(16640K), 0.0003900 secs] 21653K->6816K(55552K), 0.0004170 secs] [Times: user=0.00 sys=0.00, real=0.00 secs] 
88.940: Total time for which application threads were stopped: 0.0005650 seconds, Stopping threads took: 0.0000910 seconds
89.005: Application time: 0.0652010 seconds
89.005: [GC89.005: [ParNew: 15271K->468K(16640K), 0.0003710 secs] 21664K->6860K(55552K), 0.0003970 secs] [Times: user=0.00 sys=0.00, real=0.00 secs] 
89.005: Total time for which application threads were stopped: 0.0005310 seconds, Stopping threads took: 0.0000730 seconds
89.055: Application time: 0.0497710 seconds
89.055: [GC89.055: [ParNew: 15315K->643K(16640K), 0.0004590 secs] 21707K->7036K(55552K), 0.0004870 secs] [Times: user=0.00 sys=0.00, real=0.00 secs] 
89.056: Total time for which application threads were stopped: 0.0005920 seconds, Stopping threads took: 0.0000530 seconds
89.119: Application time: 0.0632680 seconds
89.119: [GC89.119: [ParNew: 15490K->664K(16640K), 0.0004080 secs] 21882K->7056K(55552K), 0.0004350 secs] [Times: user=0.01 sys=0.00, real=0.00 secs] 
89.120: Total time for which application threads were stopped: 0.0005600 seconds, Stopping threads took: 0.0000680 seconds
89.186: Application time: 0.0660210 seconds
89.186: [GC89.186: [ParNew: 15511K->655K(16640K), 0.0004790 secs] 21904K->7048K(55552K), 0.0005060 secs] [Times: user=0.01 sys=0.00, real=0.00 secs] 
89.186: Total time for which application threads were stopped: 0.0006250 seconds, Stopping threads took: 0.0000610 seconds
89.253: Application time: 0.0667030 seconds
89.253: [GC89.253: [ParNew: 15503K->520K(16640K), 0.0004870 secs] 21895K->7131K(55552K), 0.0005150 secs] [Times: user=0.00 sys=0.00, real=0.00 secs] 
89.254: Total time for which application threads were stopped: 0.0006470 seconds, Stopping threads took: 0.0000800 seconds
89.318: Application time: 0.0646130 seconds
89.318: [GC89.318: [ParNew: 15366K->450K(16640K), 0.0003740 secs] 21977K->7061K(55552K), 0.0004010 secs] [Times: user=0.00 sys=0.00, real=0.00 secs] 
89.319: Total time for which application threads were stopped: 0.0005220 seconds, Stopping threads took: 0.0000650 seconds
89.369: Application time: 0.0499660 seconds
89.369: [GC89.369: [ParNew: 15294K->849K(16640K), 0.0004480 secs] 21905K->7488K(55552K), 0.0004740 secs] [Times: user=0.01 sys=0.00, real=0.00 secs] 
89.369: Total time for which application threads were stopped: 0.0006250 seconds, Stopping threads took: 0.0000830 seconds
89.396: Application time: 0.0266810 seconds
89.396: [GC89.396: [ParNew: 15683K->1165K(16640K), 0.0005860 secs] 22322K->7804K(55552K), 0.0006130 secs] [Times: user=0.00 sys=0.00, real=0.00 secs] 
89.397: Total time for which application threads were stopped: 0.0007360 seconds, Stopping threads took: 0.0000710 seconds
89.429: Application time: 0.0324270 seconds
89.429: [GC89.429: [ParNew: 16009K->1179K(16640K), 0.0006410 secs] 22648K->8198K(55552K), 0.0006680 secs] [Times: user=0.00 sys=0.00, real=0.00 secs] 
89.430: Total time for which application threads were stopped: 0.0007880 seconds, Stopping threads took: 0.0000610 seconds
89.477: Application time: 0.0468770 seconds
89.477: [GC89.477: [ParNew: 16024K->1385K(16640K), 0.0005950 secs] 23044K->8491K(55552K), 0.0006230 secs] [Times: user=0.00 sys=0.00, real=0.00 secs] 
89.478: Total time for which application threads were stopped: 0.0007530 seconds, Stopping threads took: 0.0000700 seconds
89.539: Application time: 0.0612110 seconds
89.539: [GC89.539: [ParNew: 16232K->732K(16640K), 0.0005510 secs] 23338K->8495K(55552K), 0.0005780 secs] [Times: user=0.00 sys=0.01, real=0.01 secs] 
89.540: Total time for which application threads were stopped: 0.0007020 seconds, Stopping threads took: 0.0000660 seconds
89.604: Application time: 0.0648880 seconds
89.605: [GC89.605: [ParNew: 15579K->646K(16640K), 0.0003900 secs] 23342K->8409K(55552K), 0.0004170 secs] [Times: user=0.00 sys=0.00, real=0.00 secs] 
89.605: Total time for which application threads were stopped: 0.0005200 seconds, Stopping threads took: 0.0000530 seconds
89.670: Application time: 0.0654400 seconds
89.670: [GC89.670: [ParNew: 15494K->634K(16640K), 0.0003920 secs] 23257K->8397K(55552K), 0.0004180 secs] [Times: user=0.00 sys=0.00, real=0.00 secs] 
89.671: Total time for which application threads were stopped: 0.0005270 seconds, Stopping threads took: 0.0000550 seconds
89.736: Application time: 0.0651340 seconds
89.736: [GC89.736: [ParNew: 15481K->629K(16640K), 0.0004510 secs] 23244K->8392K(55552K), 0.0004860 secs] [Times: user=0.00 sys=0.00, real=0.00 secs] 
89.737: Total time for which application threads were stopped: 0.0006100 seconds, Stopping threads took: 0.0000660 seconds
89.798: Application time: 0.0617060 seconds
89.798: [GC89.798: [ParNew: 15475K->1006K(16640K), 0.0004520 secs] 23238K->8769K(55552K), 0.0004790 secs] [Times: user=0.00 sys=0.00, real=0.00 secs] 
89.799: Total time for which application threads were stopped: 0.0006010 seconds, Stopping threads took: 0.0000720 seconds
89.861: Application time: 0.0618390 seconds
89.861: [GC89.861: [ParNew: 15852K->1065K(16640K), 0.0005040 secs] 23615K->8829K(55552K), 0.0005330 secs] [Times: user=0.01 sys=0.00, real=0.00 secs] 
89.861: Total time for which application threads were stopped: 0.0006630 seconds, Stopping threads took: 0.0000750 seconds
89.929: Application time: 0.0678360 seconds
89.929: [GC89.929: [ParNew: 15911K->873K(16640K), 0.0005030 secs] 23674K->8826K(55552K), 0.0005290 secs] [Times: user=0.00 sys=0.00, real=0.00 secs] 
89.930: Total time for which application threads were stopped: 0.0006550 seconds, Stopping threads took: 0.0000600 seconds
89.997: Application time: 0.0670930 seconds
89.997: [GC89.997: [ParNew: 15720K->865K(16640K), 0.0004300 secs] 23673K->8819K(55552K), 0.0004580 secs] [Times: user=0.01 sys=0.00, real=0.00 secs] 
89.998: Total time for which application threads were stopped: 0.0005550 seconds, Stopping threads took: 0.0000470 seconds
90.064: Application time: 0.0666090 seconds
90.064: [GC90.064: [ParNew: 15713K->855K(16640K), 0.0004940 secs] 23666K->8808K(55552K), 0.0005200 secs] [Times: user=0.00 sys=0.00, real=0.00 secs] 
90.065: Total time for which application threads were stopped: 0.0006190 seconds, Stopping threads took: 0.0000450 seconds
90.125: Application time: 0.0598320 seconds
90.125: [GC90.125: [ParNew: 15699K->1093K(16640K), 0.0004490 secs] 23652K->9046K(55552K), 0.0004770 secs] [Times: user=0.00 sys=0.00, real=0.00 secs] 
90.125: Total time for which application threads were stopped: 0.0005730 seconds, Stopping threads took: 0.0000380 seconds
90.178: Application time: 0.0528600 seconds
90.178: [GC90.178: [ParNew: 15940K->297K(16640K), 0.0005240 secs] 23894K->9010K(55552K), 0.0005500 secs] [Times: user=0.00 sys=0.00, real=0.00 secs] 
90.179: Total time for which application threads were stopped: 0.0006760 seconds, Stopping threads took: 0.0000680 seconds
90.244: Application time: 0.0653450 seconds
90.244: [GC90.244: [ParNew: 15142K->225K(16640K), 0.0003260 secs] 23855K->8938K(55552K), 0.0003510 secs] [Times: user=0.01 sys=0.00, real=0.00 secs] 
90.245: Total time for which application threads were stopped: 0.0004670 seconds, Stopping threads took: 0.0000590 seconds
90.312: Application time: 0.0671810 seconds
90.315: [GC90.315: [ParNew: 15072K->208K(16640K), 0.0003390 secs] 23785K->8921K(55552K), 0.0003660 secs] [Times: user=0.01 sys=0.00, real=0.00 secs] 
90.316: Total time for which application threads were stopped: 0.0037310 seconds, Stopping threads took: 0.0033110 seconds
90.383: Application time: 0.0670610 seconds
90.383: [GC90.383: [ParNew: 15055K->205K(16640K), 0.0003120 secs] 23768K->8918K(55552K), 0.0003400 secs] [Times: user=0.00 sys=0.00, real=0.00 secs] 
90.383: Total time for which application threads were stopped: 0.0004680 seconds, Stopping threads took: 0.0000690 seconds
90.450: Application time: 0.0672460 seconds
90.450: [GC90.450: [ParNew: 15052K->201K(16640K), 0.0003760 secs] 23766K->8914K(55552K), 0.0004010 secs] [Times: user=0.00 sys=0.00, real=0.00 secs] 
90.451: Total time for which application threads were stopped: 0.0005200 seconds, Stopping threads took: 0.0000620 seconds
90.518: Application time: 0.0671080 seconds
90.518: [GC90.518: [ParNew: 15048K->203K(16640K), 0.0003830 secs] 23762K->8917K(55552K), 0.0004090 secs] [Times: user=0.00 sys=0.00, real=0.00 secs] 
90.518: Total time for which application threads were stopped: 0.0005150 seconds, Stopping threads took: 0.0000500 seconds
90.583: Application time: 0.0649300 seconds
90.584: [GC90.584: [ParNew: 15048K->230K(16640K), 0.0003380 secs] 23762K->8944K(55552K), 0.0003660 secs] [Times: user=0.00 sys=0.00, real=0.00 secs] 
90.584: Total time for which application threads were stopped: 0.0004950 seconds, Stopping threads took: 0.0000720 seconds
90.632: Application time: 0.0476910 seconds
90.632: [GC90.632: [ParNew: 15077K->249K(16640K), 0.0003980 secs] 23790K->8962K(55552K), 0.0004240 secs] [Times: user=0.01 sys=0.00, real=0.00 secs] 
90.632: Total time for which application threads were stopped: 0.0005630 seconds, Stopping threads took: 0.0000820 seconds
90.697: Application time: 0.0644970 seconds
90.697: Total time for which application threads were stopped: 0.0000740 seconds, Stopping threads took: 0.0000510 seconds
90.697: Application time: 0.0000510 seconds
90.697: [GC90.697: [ParNew: 15132K->456K(16640K), 0.0004530 secs] 23846K->9169K(55552K), 0.0004780 secs] [Times: user=0.00 sys=0.00, real=0.00 secs] 
90.697: Total time for which application threads were stopped: 0.0005500 seconds, Stopping threads took: 0.0000340 seconds
90.756: Application time: 0.0585140 seconds
90.756: [GC90.756: [ParNew: 15302K->639K(16640K), 0.0004700 secs] 24015K->9353K(55552K), 0.0004970 secs] [Times: user=0.01 sys=0.00, real=0.00 secs] 
90.756: Total time for which application threads were stopped: 0.0006090 seconds, Stopping threads took: 0.0000580 seconds
90.811: Application time: 0.0547840 seconds
90.811: [GC90.811: [ParNew: 15484K->677K(16640K), 0.0004590 secs] 24198K->9390K(55552K), 0.0004840 secs] [Times: user=0.00 sys=0.00, real=0.00 secs] 
90.812: Total time for which application threads were stopped: 0.0005970 seconds, Stopping threads took: 0.0000620 seconds
90.877: Application time: 0.0652760 seconds
90.877: [GC90.877: [ParNew: 15523K->659K(16640K), 0.0004160 secs] 24236K->9372K(55552K), 0.0004440 secs] [Times: user=0.00 sys=0.00, real=0.00 secs] 
90.878: Total time for which application threads were stopped: 0.0005540 seconds, Stopping threads took: 0.0000530 seconds
90.945: Application time: 0.0669530 seconds
90.945: [GC90.945: [ParNew: 15506K->464K(16640K), 0.0004420 secs] 24220K->9396K(55552K), 0.0004690 secs] [Times: user=0.00 sys=0.00, real=0.00 secs] 
90.945: Total time for which application threads were stopped: 0.0005830 seconds, Stopping threads took: 0.0000570 seconds
91.012: Application time: 0.0669970 seconds
91.012: [GC91.012: [ParNew: 15312K->493K(16640K), 0.0004250 secs] 24244K->9425K(55552K), 0.0004530 secs] [Times: user=0.00 sys=0.00, real=0.00 secs] 
91.013: Total time for which application threads were stopped: 0.0005710 seconds, Stopping threads took: 0.0000540 seconds
91.077: Application time: 0.0646730 seconds
91.078: [GC91.078: [ParNew: 15337K->407K(16640K), 0.0004210 secs] 24269K->9368K(55552K), 0.0004490 secs] [Times: user=0.00 sys=0.00, real=0.00 secs] 
91.078: Total time for which application threads were stopped: 0.0006020 seconds, Stopping threads took: 0.0000970 seconds
91.123: Application time: 0.0453910 seconds
91.124: [GC91.124: [ParNew: 15251K->1027K(16640K), 0.0005110 secs] 24212K->9988K(55552K), 0.0005360 secs] [Times: user=0.01 sys=0.00, real=0.00 secs] 
91.124: Total time for which application threads were stopped: 0.0006480 seconds, Stopping threads took: 0.0000540 seconds
91.151: Application time: 0.0269740 seconds
91.151: [GC91.151: [ParNew: 15873K->1096K(16640K), 0.0005640 secs] 24834K->10247K(55552K), 0.0005910 secs] [Times: user=0.01 sys=0.00, real=0.00 secs] 
91.152: Total time for which application threads were stopped: 0.0006830 seconds, Stopping threads took: 0.0000400 seconds
91.184: Application time: 0.0324020 seconds
91.184: [GC91.184: [ParNew: 15941K->1365K(16640K), 0.0006050 secs] 25092K->10706K(55552K), 0.0006340 secs] [Times: user=0.00 sys=0.00, real=0.00 secs] 
91.185: Total time for which application threads were stopped: 0.0007600 seconds, Stopping threads took: 0.0000670 seconds
91.235: Application time: 0.0500590 seconds
91.235: [GC91.235: [ParNew: 16209K->922K(16640K), 0.0005880 secs] 25550K->10787K(55552K), 0.0006150 secs] [Times: user=0.01 sys=0.00, real=0.00 secs] 
91.236: Total time for which application threads were stopped: 0.0007400 seconds, Stopping threads took: 0.0000560 seconds
91.299: Application time: 0.0634900 seconds
91.299: [GC91.299: [ParNew: 15766K->1101K(16640K), 0.0004900 secs] 25631K->10966K(55552K), 0.0005170 secs] [Times: user=0.01 sys=0.00, real=0.00 secs] 
91.300: Total time for which application threads were stopped: 0.0006410 seconds, Stopping threads took: 0.0000730 seconds
91.366: Application time: 0.0661380 seconds
91.366: [GC91.366: [ParNew: 15947K->539K(16640K), 0.0004860 secs] 25812K->11003K(55552K), 0.0005140 secs] [Times: user=0.00 sys=0.00, real=0.00 secs] 
91.367: Total time for which application threads were stopped: 0.0006610 seconds, Stopping threads took: 0.0000920 seconds
91.434: Application time: 0.0674030 seconds
91.434: [GC91.434: [ParNew: 15387K->398K(16640K), 0.0003330 secs] 25850K->10861K(55552K), 0.0003590 secs] [Times: user=0.00 sys=0.00, real=0.00 secs] 
91.435: Total time for which application threads were stopped: 0.0004810 seconds, Stopping threads took: 0.0000630 seconds
91.500: Application time: 0.0653380 seconds
91.500: [GC91.500: [ParNew: 15245K->406K(16640K), 0.0003790 secs] 25709K->10870K(55552K), 0.0004050 secs] [Times: user=0.00 sys=0.00, real=0.00 secs] 
91.500: Total time for which application threads were stopped: 0.0005290 seconds, Stopping threads took: 0.0000730 seconds
91.563: Application time: 0.0621960 seconds
91.563: [GC91.563: [ParNew: 15253K->812K(16640K), 0.0004470 secs] 25717K->11276K(55552K), 0.0004750 secs] [Times: user=0.00 sys=0.00, real=0.00 secs] 
91.563: Total time for which application threads were stopped: 0.0006080 seconds, Stopping threads took: 0.0000700 seconds
91.624: Application time: 0.0606350 seconds
91.624: [GC91.624: [ParNew: 15656K->1026K(16640K), 0.0004840 secs] 26120K->11490K(55552K), 0.0005110 secs] [Times: user=0.00 sys=0.00, real=0.00 secs] 
91.625: Total time for which application threads were stopped: 0.0006420 seconds, Stopping threads took: 0.0000750 seconds
91.692: Application time: 0.0671050 seconds
91.692: [GC91.692: [ParNew: 15873K->672K(16640K), 0.0005120 secs] 26337K->11516K(55552K), 0.0005390 secs] [Times: user=0.00 sys=0.00, real=0.00 secs] 
91.692: Total time for which application threads were stopped: 0.0006540 seconds, Stopping threads took: 0.0000580 seconds
91.759: Application time: 0.0670970 seconds
91.759: [GC91.759: [ParNew: 15520K->639K(16640K), 0.0003860 secs] 26363K->11483K(55552K), 0.0004140 secs] [Times: user=0.00 sys=0.00, real=0.00 secs] 
91.760: Total time for which application threads were stopped: 0.0005240 seconds, Stopping threads took: 0.0000570 seconds
91.826: Application time: 0.0663660 seconds
91.826: [GC91.826: [ParNew: 15487K->661K(16640K), 0.0004510 secs] 26331K->11505K(55552K), 0.0004780 secs] [Times: user=0.00 sys=0.00, real=0.00 secs] 
91.827: Total time for which application threads were stopped: 0.0005900 seconds, Stopping threads took: 0.0000560 seconds
91.876: Application time: 0.0494150 seconds
91.876: [GC91.876: [ParNew: 15505K->838K(16640K), 0.0004220 secs] 26349K->11682K(55552K), 0.0004480 secs] [Times: user=0.00 sys=0.00, real=0.00 secs] 
91.877: Total time for which application threads were stopped: 0.0005690 seconds, Stopping threads took: 0.0000660 seconds
91.940: Application time: 0.0633290 seconds
91.940: [GC91.940: [ParNew: 15685K->863K(16640K), 0.0004340 secs] 26529K->11707K(55552K), 0.0004600 secs] [Times: user=0.00 sys=0.00, real=0.00 secs] 
91.941: Total time for which application threads were stopped: 0.0005750 seconds, Stopping threads took: 0.0000590 seconds
92.006: Application time: 0.0655330 seconds
92.006: [GC92.006: [ParNew: 15708K->297K(16640K), 0.0004750 secs] 26552K->11711K(55552K), 0.0005020 secs] [Times: user=0.01 sys=0.00, real=0.00 secs] 
92.007: Total time for which application threads were stopped: 0.0006100 seconds, Stopping threads took: 0.0000570 seconds
92.074: Application time: 0.0670670 seconds
92.074: [GC92.074: [ParNew: 15144K->215K(16640K), 0.0003690 secs] 26558K->11630K(55552K), 0.0003970 secs] [Times: user=0.01 sys=0.00, real=0.00 secs] 
92.074: Total time for which application threads were stopped: 0.0005280 seconds, Stopping threads took: 0.0000580 seconds
92.142: Application time: 0.0672650 seconds
92.142: [GC92.142: [ParNew: 15063K->199K(16640K), 0.0003450 secs] 26477K->11613K(55552K), 0.0003700 secs] [Times: user=0.01 sys=0.00, real=0.00 secs] 
92.142: Total time for which application threads were stopped: 0.0005110 seconds, Stopping threads took: 0.0000840 seconds
92.209: Application time: 0.0672070 seconds
92.210: [GC92.210: [ParNew: 15046K->203K(16640K), 0.0003340 secs] 26460K->11617K(55552K), 0.0003600 secs] [Times: user=0.01 sys=0.00, real=0.00 secs] 
92.210: Total time for which application threads were stopped: 0.0004610 seconds, Stopping threads took: 0.0000510 seconds
92.275: Application time: 0.0648590 seconds
92.275: [GC92.275: [ParNew: 15048K->230K(16640K), 0.0003360 secs] 26462K->11645K(55552K), 0.0003630 secs] [Times: user=0.01 sys=0.00, real=0.00 secs] 
92.275: Total time for which application threads were stopped: 0.0004660 seconds, Stopping threads took: 0.0000480 seconds
92.339: Application time: 0.0637090 seconds
92.339: [GC92.339: [ParNew: 15075K->414K(16640K), 0.0003640 secs] 26489K->11828K(55552K), 0.0003910 secs] [Times: user=0.00 sys=0.00, real=0.00 secs] 
92.339: Total time for which application threads were stopped: 0.0005070 seconds, Stopping threads took: 0.0000600 seconds
92.390: Application time: 0.0500910 seconds
92.390: [GC92.390: [ParNew: 15261K->423K(16640K), 0.0003520 secs] 26675K->11837K(55552K), 0.0003790 secs] [Times: user=0.00 sys=0.00, real=0.00 secs] 
92.390: Total time for which application threads were stopped: 0.0005050 seconds, Stopping threads took: 0.0000680 seconds
92.455: Application time: 0.0645600 seconds
92.459: [GC92.459: [ParNew: 15268K->460K(16640K), 0.0004900 secs] 26682K->11874K(55552K), 0.0005190 secs] [Times: user=0.01 sys=0.00, real=0.00 secs] 
92.460: Total time for which application threads were stopped: 0.0049960 seconds, Stopping threads took: 0.0044250 seconds
92.508: Application time: 0.0485910 seconds
92.508: [GC92.508: [ParNew: 15307K->671K(16640K), 0.0005270 secs] 26721K->12085K(55552K), 0.0005530 secs] [Times: user=0.00 sys=0.00, real=0.00 secs] 
92.509: Total time for which application threads were stopped: 0.0006550 seconds, Stopping threads took: 0.0000490 seconds
92.573: Application time: 0.0644010 seconds
92.573: [GC92.573: [ParNew: 15518K->665K(16640K), 0.0004830 secs] 26932K->12079K(55552K), 0.0005110 secs] [Times: user=0.00 sys=0.00, real=0.00 secs] 
92.574: Total time for which application threads were stopped: 0.0006220 seconds, Stopping threads took: 0.0000590 seconds
92.640: Application time: 0.0658660 seconds
92.640: [GC92.640: [ParNew: 15512K->484K(16640K), 0.0003830 secs] 26926K->12117K(55552K), 0.0004100 secs] [Times: user=0.00 sys=0.00, real=0.00 secs] 
92.640: Total time for which application threads were stopped: 0.0005290 seconds, Stopping threads took: 0.0000500 seconds
92.708: Application time: 0.0679620 seconds
92.708: [GC92.708: [ParNew: 15331K->448K(16640K), 0.0003940 secs] 26964K->12081K(55552K), 0.0004220 secs] [Times: user=0.01 sys=0.00, real=0.00 secs] 
92.709: Total time for which application threads were stopped: 0.0005620 seconds, Stopping threads took: 0.0000870 seconds
92.774: Application time: 0.0656260 seconds
92.775: [GC92.775: [ParNew: 15293K->457K(16640K), 0.0003730 secs] 26926K->12090K(55552K), 0.0004000 secs] [Times: user=0.00 sys=0.00, real=0.00 secs] 
92.775: Total time for which application threads were stopped: 0.0005010 seconds, Stopping threads took: 0.0000450 seconds
92.841: Application time: 0.0663370 seconds
92.841: [GC92.841: [ParNew: 15304K->454K(16640K), 0.0003860 secs] 26937K->12115K(55552K), 0.0004100 secs] [Times: user=0.01 sys=0.00, real=0.00 secs] 
92.842: Total time for which application threads were stopped: 0.0005120 seconds, Stopping threads took: 0.0000530 seconds
92.882: Application time: 0.0402890 seconds
92.882: [GC92.882: [ParNew: 15297K->835K(16640K), 0.0004760 secs] 26959K->12496K(55552K), 0.0005120 secs] [Times: user=0.00 sys=0.00, real=0.00 secs] 
92.883: Total time for which application threads were stopped: 0.0006210 seconds, Stopping threads took: 0.0000500 seconds
92.914: Application time: 0.0307710 seconds
92.914: [GC92.914: [ParNew: 15682K->1274K(16640K), 0.0005280 secs] 27343K->12935K(55552K), 0.0005540 secs] [Times: user=0.00 sys=0.00, real=0.00 secs] 
92.914: Total time for which application threads were stopped: 0.0006510 seconds, Stopping threads took: 0.0000430 seconds
92.947: Application time: 0.0330030 seconds
92.947: [GC92.947: [ParNew: 16118K->743K(16640K), 0.0007090 secs] 27779K->13280K(55552K), 0.0007370 secs] [Times: user=0.00 sys=0.00, real=0.00 secs] 
92.948: Total time for which application threads were stopped: 0.0008730 seconds, Stopping threads took: 0.0000770 seconds
93.000: Application time: 0.0517800 seconds
93.000: [GC93.000: [ParNew: 15591K->1057K(16640K), 0.0005090 secs] 28127K->13593K(55552K), 0.0005350 secs] [Times: user=0.00 sys=0.00, real=0.00 secs] 
93.000: Total time for which application threads were stopped: 0.0006480 seconds, Stopping threads took: 0.0000530 seconds
93.063: Application time: 0.0626820 seconds
93.063: [GC93.063: [ParNew: 15902K->1105K(16640K), 0.0004840 secs] 28438K->13670K(55552K), 0.0005160 secs] [Times: user=0.00 sys=0.00, real=0.00 secs] 
93.064: Total time for which application threads were stopped: 0.0006380 seconds, Stopping threads took: 0.0000700 seconds
93.129: Application time: 0.0649590 seconds
93.129: [GC93.129: [ParNew: 15952K->529K(16640K), 0.0005160 secs] 28518K->13693K(55552K), 0.0005450 secs] [Times: user=0.01 sys=0.00, real=0.00 secs] 
93.129: Total time for which application threads were stopped: 0.0006700 seconds, Stopping threads took: 0.0000670 seconds
93.195: Application time: 0.0652220 seconds
93.195: [GC93.195: [ParNew: 15376K->429K(16640K), 0.0003600 secs] 28540K->13593K(55552K), 0.0003850 secs] [Times: user=0.01 sys=0.00, real=0.00 secs] 
93.195: Total time for which application threads were stopped: 0.0005110 seconds, Stopping threads took: 0.0000580 seconds
93.261: Application time: 0.0653390 seconds
93.261: [GC93.261: [ParNew: 15277K->421K(16640K), 0.0003570 secs] 28441K->13585K(55552K), 0.0003840 secs] [Times: user=0.00 sys=0.00, real=0.00 secs] 
93.261: Total time for which application threads were stopped: 0.0004900 seconds, Stopping threads took: 0.0000540 seconds
93.322: Application time: 0.0609910 seconds
93.322: [GC93.322: [ParNew: 15267K->998K(16640K), 0.0004540 secs] 28431K->14162K(55552K), 0.0004800 secs] [Times: user=0.00 sys=0.00, real=0.00 secs] 
93.323: Total time for which application threads were stopped: 0.0005900 seconds, Stopping threads took: 0.0000550 seconds
93.384: Application time: 0.0618080 seconds
93.384: [GC93.385: [ParNew: 15844K->1038K(16640K), 0.0004670 secs] 29008K->14202K(55552K), 0.0004940 secs] [Times: user=0.00 sys=0.00, real=0.00 secs] 
93.385: Total time for which application threads were stopped: 0.0006090 seconds, Stopping threads took: 0.0000560 seconds
93.452: Application time: 0.0668550 seconds
93.452: [GC93.452: [ParNew: 15885K->714K(16640K), 0.0005470 secs] 29050K->14258K(55552K), 0.0005760 secs] [Times: user=0.00 sys=0.00, real=0.00 secs] 
93.453: Total time for which application threads were stopped: 0.0006930 seconds, Stopping threads took: 0.0000660 seconds
93.520: Application time: 0.0670050 seconds
93.520: [GC93.520: [ParNew: 15561K->596K(16640K), 0.0004310 secs] 29106K->14141K(55552K), 0.0004570 secs] [Times: user=0.00 sys=0.00, real=0.00 secs] 
93.520: Total time for which application threads were stopped: 0.0005840 seconds, Stopping threads took: 0.0000720 seconds
93.579: Application time: 0.0590920 seconds
93.579: [GC93.579: [ParNew: 15440K->818K(16640K), 0.0004860 secs] 28985K->14363K(55552K), 0.0005130 secs] [Times: user=0.01 sys=0.00, real=0.00 secs] 
93.580: Total time for which application threads were stopped: 0.0006370 seconds, Stopping threads took: 0.0000670 seconds
93.634: Application time: 0.0539030 seconds
93.634: [GC93.634: [ParNew: 15663K->854K(16640K), 0.0005150 secs] 29208K->14398K(55552K), 0.0005430 secs] [Times: user=0.01 sys=0.00, real=0.00 secs] 
93.634: Total time for which application threads were stopped: 0.0006780 seconds, Stopping threads took: 0.0000760 seconds
93.700: Application time: 0.0656200 seconds
93.700: [GC93.700: [ParNew: 15701K->845K(16640K), 0.0004960 secs] 29246K->14389K(55552K), 0.0005240 secs] [Times: user=0.00 sys=0.00, real=0.00 secs] 
93.701: Total time for which application threads were stopped: 0.0006730 seconds, Stopping threads took: 0.0000810 seconds
93.767: Application time: 0.0665420 seconds
93.767: [GC93.767: [ParNew: 15692K->269K(16640K), 0.0004860 secs] 29237K->14384K(55552K), 0.0005140 secs] [Times: user=0.01 sys=0.00, real=0.00 secs] 
93.768: Total time for which application threads were stopped: 0.0006240 seconds, Stopping threads took: 0.0000570 seconds
93.835: Application time: 0.0669730 seconds
93.835: [GC93.835: [ParNew: 15116K->233K(16640K), 0.0003340 secs] 29231K->14348K(55552K), 0.0003640 secs] [Times: user=0.00 sys=0.00, real=0.00 secs] 
93.835: Total time for which application threads were stopped: 0.0004770 seconds, Stopping threads took: 0.0000560 seconds
93.903: Application time: 0.0672800 seconds
93.903: [GC93.903: [ParNew: 15081K->204K(16640K), 0.0004140 secs] 29195K->14318K(55552K), 0.0004410 secs] [Times: user=0.01 sys=0.00, real=0.00 secs] 
93.903: Total time for which application threads were stopped: 0.0005680 seconds, Stopping threads took: 0.0000770 seconds
93.970: Application time: 0.0670070 seconds
93.970: [GC93.970: [ParNew: 15051K->206K(16640K), 0.0003860 secs] 29166K->14320K(55552K), 0.0004120 secs] [Times: user=0.00 sys=0.00, real=0.00 secs] 
93.971: Total time for which application threads were stopped: 0.0005250 seconds, Stopping threads took: 0.0000600 seconds
94.035: Application time: 0.0646120 seconds
94.035: [GC94.035: [ParNew: 15051K->236K(16640K), 0.0003200 secs] 29165K->14351K(55552K), 0.0003470 secs] [Times: user=0.00 sys=0.00, real=0.00 secs] 
94.036: Total time for which application threads were stopped: 0.0004530 seconds, Stopping threads took: 0.0000500 seconds
94.096: Application time: 0.0598880 seconds
94.099: [GC94.099: [ParNew: 15080K->413K(16640K), 0.0004560 secs] 29195K->14528K(55552K), 0.0004850 secs] [Times: user=0.00 sys=0.00, real=0.00 secs] 
94.100: Total time for which application threads were stopped: 0.0039740 seconds, Stopping threads took: 0.0034120 seconds
94.154: Application time: 0.0537970 seconds
94.154: [GC94.154: [ParNew: 15260K->422K(16640K), 0.0003450 secs] 29375K->14537K(55552K), 0.0003720 secs] [Times: user=0.00 sys=0.00, real=0.00 secs] 
94.154: Total time for which application threads were stopped: 0.0004940 seconds, Stopping threads took: 0.0000730 seconds
94.218: Application time: 0.0635420 seconds
94.218: [GC94.218: [ParNew: 15267K->649K(16640K), 0.0004190 secs] 29382K->14763K(55552K), 0.0004460 secs] [Times: user=0.00 sys=0.00, real=0.00 secs] 
94.218: Total time for which application threads were stopped: 0.0005570 seconds, Stopping threads took: 0.0000450 seconds
94.266: Application time: 0.0476980 seconds
94.266: [GC94.266: [ParNew: 15493K->693K(16640K), 0.0004180 secs] 29608K->14807K(55552K), 0.0004460 secs] [Times: user=0.00 sys=0.00, real=0.00 secs] 
94.266: Total time for which application threads were stopped: 0.0005620 seconds, Stopping threads took: 0.0000620 seconds
94.331: Application time: 0.0650830 seconds
94.332: [GC94.332: [ParNew: 15537K->653K(16640K), 0.0004040 secs] 29652K->14768K(55552K), 0.0004300 secs] [Times: user=0.00 sys=0.00, real=0.00 secs] 
94.332: Total time for which application threads were stopped: 0.0005570 seconds, Stopping threads took: 0.0000690 seconds
94.400: Application time: 0.0676320 seconds
94.400: [GC94.400: [ParNew: 15499K->464K(16640K), 0.0004570 secs] 29613K->14798K(55552K), 0.0004830 secs] [Times: user=0.01 sys=0.00, real=0.00 secs] 
94.400: Total time for which application threads were stopped: 0.0005930 seconds, Stopping threads took: 0.0000540 seconds
94.468: Application time: 0.0678000 seconds
94.468: [GC94.468: [ParNew: 15310K->457K(16640K), 0.0003500 secs] 29643K->14790K(55552K), 0.0003860 secs] [Times: user=0.01 sys=0.00, real=0.00 secs] 
94.469: Total time for which application threads were stopped: 0.0005050 seconds, Stopping threads took: 0.0000650 seconds
94.533: Application time: 0.0648110 seconds
94.533: [GC94.533: [ParNew: 15302K->462K(16640K), 0.0003490 secs] 29635K->14796K(55552K), 0.0003760 secs] [Times: user=0.01 sys=0.00, real=0.00 secs] 
94.534: Total time for which application threads were stopped: 0.0004920 seconds, Stopping threads took: 0.0000590 seconds
94.599: Application time: 0.0653670 seconds
94.603: [GC94.603: [ParNew: 15300K->489K(16640K), 0.0005400 secs] 29633K->14851K(55552K), 0.0005640 secs] [Times: user=0.01 sys=0.00, real=0.00 secs] 
94.604: Total time for which application threads were stopped: 0.0044760 seconds, Stopping threads took: 0.0038490 seconds
94.639: Application time: 0.0348500 seconds
94.639: [GC94.639: [ParNew: 15333K->1062K(16640K), 0.0004940 secs] 29695K->15424K(55552K), 0.0005250 secs] [Times: user=0.01 sys=0.00, real=0.01 secs] 
94.639: Total time for which application threads were stopped: 0.0006520 seconds, Stopping threads took: 0.0000680 seconds
94.666: Application time: 0.0263180 seconds
94.666: [GC94.666: [ParNew: 15909K->1570K(16640K), 0.0006010 secs] 30271K->15933K(55552K), 0.0006300 secs] [Times: user=0.00 sys=0.00, real=0.00 secs] 
94.666: Total time for which application threads were stopped: 0.0007330 seconds, Stopping threads took: 0.0000440 seconds
94.702: Application time: 0.0353200 seconds
94.702: [GC94.702: [ParNew: 16417K->790K(16640K), 0.0006480 secs] 30779K->16027K(55552K), 0.0006760 secs] [Times: user=0.01 sys=0.00, real=0.00 secs] 
94.702: Total time for which application threads were stopped: 0.0007980 seconds, Stopping threads took: 0.0000620 seconds
94.760: Application time: 0.0571770 seconds
94.760: [GC94.760: [ParNew: 15635K->1060K(16640K), 0.0004720 secs] 30872K->16298K(55552K), 0.0004990 secs] [Times: user=0.00 sys=0.00, real=0.00 secs] 
94.760: Total time for which application threads were stopped: 0.0006400 seconds, Stopping threads took: 0.0000760 seconds
94.824: Application time: 0.0638100 seconds
94.824: [GC94.824: [ParNew: 15904K->231K(16640K), 0.0005330 secs] 31142K->16286K(55552K), 0.0005600 secs] [Times: user=0.01 sys=0.00, real=0.00 secs] 
94.825: Total time for which application threads were stopped: 0.0006890 seconds, Stopping threads took: 0.0000740 seconds
94.890: Application time: 0.0649600 seconds
94.890: [GC94.890: [ParNew: 15078K->256K(16640K), 0.0003070 secs] 31134K->16311K(55552K), 0.0003360 secs] [Times: user=0.00 sys=0.00, real=0.00 secs] 
94.890: Total time for which application threads were stopped: 0.0004580 seconds, Stopping threads took: 0.0000650 seconds
94.955: Application time: 0.0650910 seconds
94.955: [GC94.955: [ParNew: 15103K->214K(16640K), 0.0004090 secs] 31158K->16269K(55552K), 0.0004360 secs] [Times: user=0.00 sys=0.00, real=0.00 secs] 
94.956: Total time for which application threads were stopped: 0.0005380 seconds, Stopping threads took: 0.0000510 seconds
95.021: Application time: 0.0653170 seconds
95.021: [GC95.021: [ParNew: 15061K->201K(16640K), 0.0003900 secs] 31116K->16256K(55552K), 0.0004160 secs] [Times: user=0.00 sys=0.00, real=0.00 secs] 
95.022: Total time for which application threads were stopped: 0.0005300 seconds, Stopping threads took: 0.0000600 seconds
95.081: Application time: 0.0591920 seconds
95.081: [GC95.081: [ParNew: 15048K->800K(16640K), 0.0004810 secs] 31103K->16855K(55552K), 0.0005070 secs] [Times: user=0.00 sys=0.00, real=0.00 secs] 
95.081: Total time for which application threads were stopped: 0.0006500 seconds, Stopping threads took: 0.0000860 seconds
95.145: Application time: 0.0635680 seconds
95.145: [GC95.145: [ParNew: 15646K->996K(16640K), 0.0004690 secs] 31701K->17052K(55552K), 0.0004950 secs] [Times: user=0.01 sys=0.00, real=0.00 secs] 
95.146: Total time for which application threads were stopped: 0.0006240 seconds, Stopping threads took: 0.0000680 seconds
95.213: Application time: 0.0670510 seconds
95.213: [GC95.213: [ParNew: 15844K->401K(16640K), 0.0005050 secs] 31899K->17054K(55552K), 0.0005410 secs] [Times: user=0.01 sys=0.00, real=0.00 secs] 
95.213: Total time for which application threads were stopped: 0.0006630 seconds, Stopping threads took: 0.0000690 seconds
95.280: Application time: 0.0667680 seconds
95.280: [GC95.280: [ParNew: 15248K->388K(16640K), 0.0003780 secs] 31902K->17041K(55552K), 0.0004040 secs] [Times: user=0.00 sys=0.00, real=0.00 secs] 
95.281: Total time for which application threads were stopped: 0.0005210 seconds, Stopping threads took: 0.0000510 seconds
95.331: Application time: 0.0501840 seconds
95.331: [GC95.331: [ParNew: 15234K->595K(16640K), 0.0003960 secs] 31887K->17249K(55552K), 0.0004230 secs] [Times: user=0.00 sys=0.00, real=0.00 secs] 
95.331: Total time for which application threads were stopped: 0.0005700 seconds, Stopping threads took: 0.0000880 seconds
95.394: Application time: 0.0622650 seconds
95.394: [GC95.394: [ParNew: 15439K->575K(16640K), 0.0003910 secs] 32093K->17228K(55552K), 0.0004180 secs] [Times: user=0.00 sys=0.00, real=0.00 secs] 
95.394: Total time for which application threads were stopped: 0.0005380 seconds, Stopping threads took: 0.0000640 seconds
95.460: Application time: 0.0653390 seconds
95.460: [GC95.460: [ParNew: 15419K->593K(16640K), 0.0003960 secs] 32073K->17246K(55552K), 0.0004240 secs] [Times: user=0.00 sys=0.00, real=0.00 secs] 
95.460: Total time for which application threads were stopped: 0.0005260 seconds, Stopping threads took: 0.0000500 seconds
95.527: Application time: 0.0667480 seconds
95.527: [GC95.527: [ParNew: 15438K->236K(16640K), 0.0004440 secs] 32091K->17241K(55552K), 0.0004720 secs] [Times: user=0.00 sys=0.00, real=0.01 secs] 
95.527: Total time for which application threads were stopped: 0.0005810 seconds, Stopping threads took: 0.0000540 seconds
95.595: Application time: 0.0673060 seconds
95.595: [GC95.595: [ParNew: 15083K->227K(16640K), 0.0003470 secs] 32089K->17232K(55552K), 0.0003720 secs] [Times: user=0.00 sys=0.00, real=0.00 secs] 
95.595: Total time for which application threads were stopped: 0.0004630 seconds, Stopping threads took: 0.0000360 seconds
95.663: Application time: 0.0677010 seconds
95.663: [GC95.663: [ParNew: 15074K->206K(16640K), 0.0003440 secs] 32079K->17211K(55552K), 0.0003720 secs] [Times: user=0.01 sys=0.00, real=0.00 secs] 
95.663: Total time for which application threads were stopped: 0.0004840 seconds, Stopping threads took: 0.0000630 seconds
95.730: Application time: 0.0663440 seconds
95.730: [GC95.730: [ParNew: 15051K->200K(16640K), 0.0003870 secs] 32056K->17205K(55552K), 0.0004150 secs] [Times: user=0.00 sys=0.00, real=0.00 secs] 
95.730: Total time for which application threads were stopped: 0.0005380 seconds, Stopping threads took: 0.0000660 seconds
95.796: Application time: 0.0657590 seconds
95.796: [GC95.796: [ParNew: 15045K->230K(16640K), 0.0003520 secs] 32050K->17235K(55552K), 0.0003800 secs] [Times: user=0.00 sys=0.00, real=0.00 secs] 
95.797: Total time for which application threads were stopped: 0.0005000 seconds, Stopping threads took: 0.0000560 seconds
95.850: Application time: 0.0536340 seconds
95.850: [GC95.850: [ParNew: 15074K->415K(16640K), 0.0004180 secs] 32079K->17420K(55552K), 0.0004440 secs] [Times: user=0.01 sys=0.00, real=0.00 secs] 
95.851: Total time for which application threads were stopped: 0.0005710 seconds, Stopping threads took: 0.0000690 seconds
95.911: Application time: 0.0606870 seconds
95.912: [GC95.912: [ParNew: 15261K->428K(16640K), 0.0003590 secs] 32266K->17433K(55552K), 0.0003870 secs] [Times: user=0.00 sys=0.00, real=0.00 secs] 
95.912: Total time for which application threads were stopped: 0.0005290 seconds, Stopping threads took: 0.0000900 seconds
95.972: Application time: 0.0602450 seconds
95.972: [GC95.972: [ParNew: 15275K->648K(16640K), 0.0004070 secs] 32280K->17653K(55552K), 0.0004330 secs] [Times: user=0.00 sys=0.00, real=0.00 secs] 
95.973: Total time for which application threads were stopped: 0.0005340 seconds, Stopping threads took: 0.0000450 seconds
96.025: Application time: 0.0525980 seconds
96.025: [GC96.025: [ParNew: 15493K->653K(16640K), 0.0004450 secs] 32499K->17658K(55552K), 0.0004810 secs] [Times: user=0.00 sys=0.00, real=0.00 secs] 
96.026: Total time for which application threads were stopped: 0.0006070 seconds, Stopping threads took: 0.0000720 seconds
96.091: Application time: 0.0651900 seconds
96.091: [GC96.091: [ParNew: 15497K->664K(16640K), 0.0004820 secs] 32503K->17670K(55552K), 0.0005090 secs] [Times: user=0.00 sys=0.00, real=0.00 secs] 
96.092: Total time for which application threads were stopped: 0.0006300 seconds, Stopping threads took: 0.0000640 seconds
96.159: Application time: 0.0669680 seconds
96.159: [GC96.159: [ParNew: 15512K->478K(16640K), 0.0005090 secs] 32517K->17702K(55552K), 0.0005360 secs] [Times: user=0.00 sys=0.00, real=0.01 secs] 
96.159: Total time for which application threads were stopped: 0.0006470 seconds, Stopping threads took: 0.0000600 seconds
96.226: Application time: 0.0665910 seconds
96.226: [GC96.226: [ParNew: 15325K->452K(16640K), 0.0003560 secs] 32549K->17676K(55552K), 0.0003820 secs] [Times: user=0.01 sys=0.00, real=0.00 secs] 
96.226: Total time for which application threads were stopped: 0.0004910 seconds, Stopping threads took: 0.0000530 seconds
96.291: Application time: 0.0647860 seconds
96.291: [GC96.291: [ParNew: 15298K->453K(16640K), 0.0003780 secs] 32522K->17677K(55552K), 0.0004040 secs] [Times: user=0.01 sys=0.00, real=0.00 secs] 
96.292: Total time for which application threads were stopped: 0.0005150 seconds, Stopping threads took: 0.0000570 seconds
96.351: Application time: 0.0590400 seconds
96.351: [GC96.351: [ParNew: 15297K->819K(16640K), 0.0004530 secs] 32521K->18072K(55552K), 0.0004810 secs] [Times: user=0.00 sys=0.00, real=0.00 secs] 
96.351: Total time for which application threads were stopped: 0.0005940 seconds, Stopping threads took: 0.0000490 seconds
96.385: Application time: 0.0334040 seconds
96.385: [GC96.385: [ParNew: 15667K->899K(16640K), 0.0004650 secs] 32920K->18151K(55552K), 0.0004920 secs] [Times: user=0.01 sys=0.00, real=0.00 secs] 
96.385: Total time for which application threads were stopped: 0.0005920 seconds, Stopping threads took: 0.0000390 seconds
96.414: Application time: 0.0289720 seconds
96.414: [GC96.415: [ParNew: 15743K->1571K(16640K), 0.0005640 secs] 32995K->18824K(55552K), 0.0005920 secs] [Times: user=0.00 sys=0.00, real=0.00 secs] 
96.415: Total time for which application threads were stopped: 0.0007100 seconds, Stopping threads took: 0.0000630 seconds
96.452: Application time: 0.0372750 seconds
96.452: [GC96.453: [ParNew: 16419K->1085K(16640K), 0.0007060 secs] 33672K->19023K(55552K), 0.0007350 secs] [Times: user=0.00 sys=0.00, real=0.00 secs] 
96.453: Total time for which application threads were stopped: 0.0008560 seconds, Stopping threads took: 0.0000610 seconds
96.514: Application time: 0.0605480 seconds
96.514: [GC96.514: [ParNew: 15930K->1110K(16640K), 0.0004970 secs] 33868K->19049K(55552K), 0.0005250 secs] [Times: user=0.00 sys=0.00, real=0.00 secs] 
96.514: Total time for which application threads were stopped: 0.0006400 seconds, Stopping threads took: 0.0000620 seconds
96.579: Application time: 0.0643550 seconds
96.579: [GC96.579: [ParNew: 15958K->914K(16640K), 0.0005910 secs] 33896K->19100K(55552K), 0.0006180 secs] [Times: user=0.00 sys=0.00, real=0.01 secs] 
96.580: Total time for which application threads were stopped: 0.0007640 seconds, Stopping threads took: 0.0000910 seconds
96.644: Application time: 0.0649070 seconds
96.645: [GC96.645: [ParNew: 15761K->819K(16640K), 0.0004560 secs] 33947K->19005K(55552K), 0.0004810 secs] [Times: user=0.00 sys=0.00, real=0.00 secs] 
96.645: Total time for which application threads were stopped: 0.0005930 seconds, Stopping threads took: 0.0000550 seconds
96.710: Application time: 0.0646790 seconds
96.710: [GC96.710: [ParNew: 15667K->857K(16640K), 0.0004430 secs] 33853K->19043K(55552K), 0.0004700 secs] [Times: user=0.00 sys=0.00, real=0.00 secs] 
96.710: Total time for which application threads were stopped: 0.0005940 seconds, Stopping threads took: 0.0000740 seconds
96.774: Application time: 0.0640510 seconds
96.774: [GC96.775: [ParNew: 15702K->877K(16640K), 0.0004450 secs] 33888K->19063K(55552K), 0.0004800 secs] [Times: user=0.00 sys=0.00, real=0.00 secs] 
96.775: Total time for which application threads were stopped: 0.0005850 seconds, Stopping threads took: 0.0000500 seconds
96.834: Application time: 0.0585740 seconds
96.834: [GC96.834: [ParNew: 15721K->1055K(16640K), 0.0004700 secs] 33907K->19241K(55552K), 0.0004960 secs] [Times: user=0.01 sys=0.00, real=0.00 secs] 
96.834: Total time for which application threads were stopped: 0.0006110 seconds, Stopping threads took: 0.0000580 seconds
96.900: Application time: 0.0654050 seconds
96.900: [GC96.900: [ParNew: 15899K->340K(16640K), 0.0004920 secs] 34085K->19287K(55552K), 0.0005180 secs] [Times: user=0.00 sys=0.00, real=0.00 secs] 
96.900: Total time for which application threads were stopped: 0.0006310 seconds, Stopping threads took: 0.0000420 seconds
96.967: Application time: 0.0672590 seconds
96.968: [GC96.968: [ParNew: 15188K->226K(16640K), 0.0003750 secs] 34134K->19173K(55552K), 0.0004020 secs] [Times: user=0.00 sys=0.00, real=0.00 secs] 
96.968: Total time for which application threads were stopped: 0.0005060 seconds, Stopping threads took: 0.0000530 seconds
97.028: Application time: 0.0600060 seconds
97.028: [GC97.028: [ParNew: 15071K->394K(16640K), 0.0003960 secs] 34017K->19340K(55552K), 0.0004230 secs] [Times: user=0.01 sys=0.00, real=0.00 secs] 
97.029: Total time for which application threads were stopped: 0.0005390 seconds, Stopping threads took: 0.0000600 seconds
97.082: Application time: 0.0533930 seconds
97.082: [GC97.082: [ParNew: 15239K->418K(16640K), 0.0003450 secs] 34185K->19365K(55552K), 0.0003710 secs] [Times: user=0.00 sys=0.00, real=0.00 secs] 
97.082: Total time for which application threads were stopped: 0.0004890 seconds, Stopping threads took: 0.0000610 seconds
97.148: Application time: 0.0651810 seconds
97.148: [GC97.148: [ParNew: 15263K->418K(16640K), 0.0003340 secs] 34210K->19364K(55552K), 0.0003600 secs] [Times: user=0.01 sys=0.00, real=0.00 secs] 
97.148: Total time for which application threads were stopped: 0.0004760 seconds, Stopping threads took: 0.0000580 seconds
97.215: Application time: 0.0665500 seconds
97.215: [GC97.215: [ParNew: 15265K->409K(16640K), 0.0003750 secs] 34211K->19355K(55552K), 0.0004010 secs] [Times: user=0.00 sys=0.01, real=0.00 secs] 
97.215: Total time for which application threads were stopped: 0.0004970 seconds, Stopping threads took: 0.0000480 seconds
97.282: Application time: 0.0664160 seconds
97.282: [GC97.282: [ParNew: 15256K->231K(16640K), 0.0004140 secs] 34203K->19368K(55552K), 0.0004400 secs] [Times: user=0.01 sys=0.00, real=0.00 secs] 
97.282: Total time for which application threads were stopped: 0.0005440 seconds, Stopping threads took: 0.0000490 seconds
97.349: Application time: 0.0667910 seconds
97.349: [GC97.349: [ParNew: 15079K->204K(16640K), 0.0003120 secs] 34215K->19340K(55552K), 0.0003390 secs] [Times: user=0.00 sys=0.00, real=0.00 secs] 
97.349: Total time for which application threads were stopped: 0.0004540 seconds, Stopping threads took: 0.0000570 seconds
97.418: Application time: 0.0684820 seconds
97.418: [GC97.418: [ParNew: 15051K->199K(16640K), 0.0003590 secs] 34188K->19336K(55552K), 0.0003850 secs] [Times: user=0.00 sys=0.00, real=0.00 secs] 
97.418: Total time for which application threads were stopped: 0.0005140 seconds, Stopping threads took: 0.0000700 seconds
97.484: Application time: 0.0658700 seconds
97.484: [GC97.484: [ParNew: 15047K->227K(16640K), 0.0003850 secs] 34183K->19363K(55552K), 0.0004090 secs] [Times: user=0.00 sys=0.00, real=0.00 secs] 
97.485: Total time for which application threads were stopped: 0.0005150 seconds, Stopping threads took: 0.0000510 seconds
97.552: Application time: 0.0668070 seconds
97.555: [GC97.555: [ParNew: 15074K->227K(16640K), 0.0004310 secs] 34211K->19363K(55552K), 0.0004650 secs] [Times: user=0.00 sys=0.00, real=0.00 secs] 
97.556: Total time for which application threads were stopped: 0.0041470 seconds, Stopping threads took: 0.0036100 seconds
97.607: Application time: 0.0508710 seconds
97.607: [GC97.607: [ParNew: 15074K->411K(16640K), 0.0004530 secs] 34210K->19548K(55552K), 0.0004820 secs] [Times: user=0.00 sys=0.00, real=0.01 secs] 
97.607: Total time for which application threads were stopped: 0.0006230 seconds, Stopping threads took: 0.0000810 seconds
97.669: Application time: 0.0620020 seconds
97.669: [GC97.669: [ParNew: 15255K->422K(16640K), 0.0004440 secs] 34391K->19558K(55552K), 0.0004710 secs] [Times: user=0.01 sys=0.00, real=0.00 secs] 
97.670: Total time for which application threads were stopped: 0.0005960 seconds, Stopping threads took: 0.0000720 seconds
97.721: Application time: 0.0509420 seconds
97.721: [GC97.721: [ParNew: 15266K->647K(16640K), 0.0003950 secs] 34403K->19784K(55552K), 0.0004190 secs] [Times: user=0.01 sys=0.00, real=0.00 secs] 
97.721: Total time for which application threads were stopped: 0.0005270 seconds, Stopping threads took: 0.0000560 seconds
97.784: Application time: 0.0623010 seconds
97.784: [GC97.784: [ParNew: 15493K->660K(16640K), 0.0004040 secs] 34630K->19797K(55552K), 0.0004310 secs] [Times: user=0.01 sys=0.00, real=0.00 secs] 
97.784: Total time for which application threads were stopped: 0.0005520 seconds, Stopping threads took: 0.0000650 seconds
97.850: Application time: 0.0654940 seconds
97.850: [GC97.850: [ParNew: 15505K->477K(16640K), 0.0004370 secs] 34641K->19832K(55552K), 0.0004650 secs] [Times: user=0.00 sys=0.00, real=0.00 secs] 
97.850: Total time for which application threads were stopped: 0.0006000 seconds, Stopping threads took: 0.0000750 seconds
97.917: Application time: 0.0665350 seconds
97.917: [GC97.917: [ParNew: 15324K->467K(16640K), 0.0003490 secs] 34679K->19822K(55552K), 0.0003740 secs] [Times: user=0.01 sys=0.00, real=0.00 secs] 
97.917: Total time for which application threads were stopped: 0.0004870 seconds, Stopping threads took: 0.0000630 seconds
97.984: Application time: 0.0667420 seconds
97.984: [GC97.984: [ParNew: 15314K->453K(16640K), 0.0003740 secs] 34669K->19808K(55552K), 0.0004010 secs] [Times: user=0.00 sys=0.00, real=0.00 secs] 
97.984: Total time for which application threads were stopped: 0.0005240 seconds, Stopping threads took: 0.0000570 seconds
98.049: Application time: 0.0643830 seconds
98.049: [GC98.049: [ParNew: 15300K->472K(16640K), 0.0003760 secs] 34655K->19827K(55552K), 0.0004010 secs] [Times: user=0.00 sys=0.00, real=0.00 secs] 
98.049: Total time for which application threads were stopped: 0.0005190 seconds, Stopping threads took: 0.0000620 seconds
98.102: Application time: 0.0528870 seconds
98.102: [GC98.102: [ParNew: 15317K->859K(16640K), 0.0019060 secs] 34672K->20243K(55552K), 0.0019390 secs] [Times: user=0.00 sys=0.00, real=0.00 secs] 
98.104: Total time for which application threads were stopped: 0.0020600 seconds, Stopping threads took: 0.0000630 seconds
98.134: Application time: 0.0292800 seconds
98.134: [GC98.134: [ParNew: 15707K->1327K(16640K), 0.0005250 secs] 35090K->20711K(55552K), 0.0005530 secs] [Times: user=0.00 sys=0.00, real=0.00 secs] 
98.134: Total time for which application threads were stopped: 0.0006750 seconds, Stopping threads took: 0.0000630 seconds
98.164: Application time: 0.0298290 seconds
98.164: [GC98.164: [ParNew: 16174K->951K(16640K), 0.0006860 secs] 35558K->21020K(55552K), 0.0007120 secs] [Times: user=0.00 sys=0.00, real=0.00 secs] 
98.165: Total time for which application threads were stopped: 0.0008310 seconds, Stopping threads took: 0.0000640 seconds
98.210: Application time: 0.0452200 seconds
98.210: [GC98.210: [ParNew: 15797K->1061K(16640K), 0.0004670 secs] 35866K->21130K(55552K), 0.0004930 secs] [Times: user=0.00 sys=0.00, real=0.00 secs] 
98.211: Total time for which application threads were stopped: 0.0006000 seconds, Stopping threads took: 0.0000550 seconds
98.272: Application time: 0.0613020 seconds
98.272: [GC98.272: [ParNew: 15908K->1114K(16640K), 0.0004690 secs] 35977K->21183K(55552K), 0.0004950 secs] [Times: user=0.00 sys=0.00, real=0.00 secs] 
98.273: Total time for which application threads were stopped: 0.0006100 seconds, Stopping threads took: 0.0000530 seconds
98.338: Application time: 0.0649900 seconds
98.338: [GC98.338: [ParNew: 15961K->732K(16640K), 0.0005950 secs] 36030K->21239K(55552K), 0.0006200 secs] [Times: user=0.00 sys=0.00, real=0.00 secs] 
98.338: Total time for which application threads were stopped: 0.0007350 seconds, Stopping threads took: 0.0000570 seconds
98.403: Application time: 0.0649920 seconds
98.404: [GC98.404: [ParNew: 15580K->634K(16640K), 0.0004760 secs] 36086K->21141K(55552K), 0.0005020 secs] [Times: user=0.00 sys=0.00, real=0.00 secs] 
98.404: Total time for which application threads were stopped: 0.0006390 seconds, Stopping threads took: 0.0000780 seconds
98.469: Application time: 0.0652850 seconds
98.469: [GC98.469: [ParNew: 15482K->612K(16640K), 0.0004550 secs] 35988K->21118K(55552K), 0.0004810 secs] [Times: user=0.01 sys=0.00, real=0.00 secs] 
98.470: Total time for which application threads were stopped: 0.0006040 seconds, Stopping threads took: 0.0000680 seconds
98.533: Application time: 0.0627030 seconds
98.533: [GC98.533: [ParNew: 15457K->1028K(16640K), 0.0005220 secs] 35963K->21535K(55552K), 0.0005490 secs] [Times: user=0.00 sys=0.00, real=0.00 secs] 
98.533: Total time for which application threads were stopped: 0.0006860 seconds, Stopping threads took: 0.0000710 seconds
98.596: Application time: 0.0622850 seconds
98.596: [GC98.596: [ParNew: 15875K->1058K(16640K), 0.0004400 secs] 36381K->21565K(55552K), 0.0004680 secs] [Times: user=0.00 sys=0.00, real=0.00 secs] 
98.596: Total time for which application threads were stopped: 0.0005940 seconds, Stopping threads took: 0.0000670 seconds
98.663: Application time: 0.0669150 seconds
98.663: [GC98.663: [ParNew: 15905K->931K(16640K), 0.0005010 secs] 36412K->21628K(55552K), 0.0005270 secs] [Times: user=0.00 sys=0.00, real=0.00 secs] 
98.664: Total time for which application threads were stopped: 0.0006280 seconds, Stopping threads took: 0.0000520 seconds
98.731: Application time: 0.0669910 seconds
98.731: [GC98.731: [ParNew: 15778K->796K(16640K), 0.0005450 secs] 36475K->21493K(55552K), 0.0005760 secs] [Times: user=0.00 sys=0.00, real=0.00 secs] 
98.731: Total time for which application threads were stopped: 0.0006910 seconds, Stopping threads took: 0.0000590 seconds
98.786: Application time: 0.0540760 seconds
98.787: [GC98.787: [ParNew: 15641K->1005K(16640K), 0.0005850 secs] 36339K->21703K(55552K), 0.0006120 secs] [Times: user=0.00 sys=0.00, real=0.00 secs] 
98.788: Total time for which application threads were stopped: 0.0021960 seconds, Stopping threads took: 0.0015270 seconds
98.847: Application time: 0.0589460 seconds
98.847: [GC98.847: [ParNew: 15851K->301K(16640K), 0.0005450 secs] 36548K->21758K(55552K), 0.0005730 secs] [Times: user=0.00 sys=0.00, real=0.01 secs] 
98.847: Total time for which application threads were stopped: 0.0007030 seconds, Stopping threads took: 0.0000710 seconds
98.913: Application time: 0.0656530 seconds
98.913: [GC98.913: [ParNew: 15146K->232K(16640K), 0.0003100 secs] 36603K->21689K(55552K), 0.0003380 secs] [Times: user=0.00 sys=0.00, real=0.00 secs] 
98.913: Total time for which application threads were stopped: 0.0004430 seconds, Stopping threads took: 0.0000540 seconds
98.981: Application time: 0.0677590 seconds
98.981: [GC98.981: [ParNew: 15077K->203K(16640K), 0.0003920 secs] 36535K->21660K(55552K), 0.0004180 secs] [Times: user=0.00 sys=0.00, real=0.00 secs] 
98.982: Total time for which application threads were stopped: 0.0005270 seconds, Stopping threads took: 0.0000540 seconds
99.049: Application time: 0.0675190 seconds
99.051: [GC99.051: [ParNew: 15048K->205K(16640K), 0.0003790 secs] 36506K->21663K(55552K), 0.0004070 secs] [Times: user=0.00 sys=0.00, real=0.00 secs] 
99.052: Total time for which application threads were stopped: 0.0023130 seconds, Stopping threads took: 0.0018380 seconds
99.119: Application time: 0.0673520 seconds
99.119: [GC99.119: [ParNew: 15050K->205K(16640K), 0.0003810 secs] 36508K->21662K(55552K), 0.0004160 secs] [Times: user=0.00 sys=0.00, real=0.00 secs] 
99.120: Total time for which application threads were stopped: 0.0005420 seconds, Stopping threads took: 0.0000750 seconds
99.186: Application time: 0.0661850 seconds
99.186: [GC99.186: [ParNew: 15050K->205K(16640K), 0.0003670 secs] 36507K->21662K(55552K), 0.0003950 secs] [Times: user=0.00 sys=0.00, real=0.00 secs] 
99.186: Total time for which application threads were stopped: 0.0005010 seconds, Stopping threads took: 0.0000500 seconds
99.252: Application time: 0.0657270 seconds
99.252: [GC99.252: [ParNew: 15050K->228K(16640K), 0.0003790 secs] 36507K->21686K(55552K), 0.0004070 secs] [Times: user=0.00 sys=0.00, real=0.00 secs] 
99.252: Total time for which application threads were stopped: 0.0005630 seconds, Stopping threads took: 0.0000980 seconds
99.320: Application time: 0.0670570 seconds
99.320: [GC99.320: [ParNew: 15075K->235K(16640K), 0.0003900 secs] 36533K->21692K(55552K), 0.0004160 secs] [Times: user=0.00 sys=0.00, real=0.00 secs] 
99.320: Total time for which application threads were stopped: 0.0005150 seconds, Stopping threads took: 0.0000480 seconds
99.368: Application time: 0.0482350 seconds
99.368: [GC99.368: [ParNew: 15081K->413K(16640K), 0.0004380 secs] 36538K->21870K(55552K), 0.0004650 secs] [Times: user=0.00 sys=0.00, real=0.00 secs] 
99.369: Total time for which application threads were stopped: 0.0005720 seconds, Stopping threads took: 0.0000540 seconds
99.429: Application time: 0.0599090 seconds
99.429: [GC99.429: [ParNew: 15257K->613K(16640K), 0.0003930 secs] 36714K->22071K(55552K), 0.0004200 secs] [Times: user=0.00 sys=0.00, real=0.00 secs] 
99.429: Total time for which application threads were stopped: 0.0005430 seconds, Stopping threads took: 0.0000680 seconds
99.479: Application time: 0.0495840 seconds
99.479: [GC99.479: [ParNew: 15458K->677K(16640K), 0.0003950 secs] 36915K->22135K(55552K), 0.0004210 secs] [Times: user=0.00 sys=0.00, real=0.00 secs] 
99.479: Total time for which application threads were stopped: 0.0005530 seconds, Stopping threads took: 0.0000720 seconds
99.545: Application time: 0.0651110 seconds
99.545: [GC99.545: [ParNew: 15524K->686K(16640K), 0.0004220 secs] 36981K->22143K(55552K), 0.0004490 secs] [Times: user=0.00 sys=0.00, real=0.00 secs] 
99.545: Total time for which application threads were stopped: 0.0005660 seconds, Stopping threads took: 0.0000600 seconds
99.612: Application time: 0.0668120 seconds
99.612: [GC99.612: [ParNew: 15533K->477K(16640K), 0.0005520 secs] 36991K->22153K(55552K), 0.0005790 secs] [Times: user=0.00 sys=0.00, real=0.00 secs] 
99.613: Total time for which application threads were stopped: 0.0007160 seconds, Stopping threads took: 0.0000770 seconds
99.680: Application time: 0.0671690 seconds
99.680: [GC99.680: [ParNew: 15325K->424K(16640K), 0.0004500 secs] 37001K->22100K(55552K), 0.0004780 secs] [Times: user=0.00 sys=0.00, real=0.00 secs] 
99.680: Total time for which application threads were stopped: 0.0005980 seconds, Stopping threads took: 0.0000660 seconds
99.748: Application time: 0.0671060 seconds
99.748: [GC99.748: [ParNew: 15271K->445K(16640K), 0.0003550 secs] 36947K->22121K(55552K), 0.0003830 secs] [Times: user=0.00 sys=0.00, real=0.00 secs] 
99.748: Total time for which application threads were stopped: 0.0005050 seconds, Stopping threads took: 0.0000640 seconds
99.813: Application time: 0.0647510 seconds
99.813: [GC99.813: [ParNew: 15291K->448K(16640K), 0.0004460 secs] 36967K->22124K(55552K), 0.0004710 secs] [Times: user=0.00 sys=0.00, real=0.00 secs] 
99.813: Total time for which application threads were stopped: 0.0005890 seconds, Stopping threads took: 0.0000680 seconds
99.861: Application time: 0.0479980 seconds
99.862: [GC99.862: [ParNew: 15295K->883K(16640K), 0.0005380 secs] 36971K->22587K(55552K), 0.0005640 secs] [Times: user=0.00 sys=0.00, real=0.00 secs] 
99.862: Total time for which application threads were stopped: 0.0006640 seconds, Stopping threads took: 0.0000470 seconds
99.892: Application time: 0.0298860 seconds
99.892: [GC99.892: [ParNew: 15730K->1317K(16640K), 0.0006010 secs] 37435K->23021K(55552K), 0.0006270 secs] [Times: user=0.00 sys=0.00, real=0.00 secs] 
99.893: Total time for which application threads were stopped: 0.0007370 seconds, Stopping threads took: 0.0000520 seconds
99.921: Application time: 0.0287520 seconds
99.922: [GC99.922: [ParNew: 16164K->1155K(16640K), 0.0006090 secs] 37868K->23326K(55552K), 0.0006370 secs] [Times: user=0.01 sys=0.00, real=0.00 secs] 
99.922: Total time for which application threads were stopped: 0.0007420 seconds, Stopping threads took: 0.0000510 seconds
99.972: Application time: 0.0498980 seconds
99.972: [GC99.972: [ParNew: 16003K->1149K(16640K), 0.0004890 secs] 38173K->23349K(55552K), 0.0005160 secs] [Times: user=0.01 sys=0.00, real=0.00 secs] 
99.973: Total time for which application threads were stopped: 0.0006190 seconds, Stopping threads took: 0.0000490 seconds
100.034: Application time: 0.0617020 seconds
100.035: [GC100.035: [ParNew: 15996K->1148K(16640K), 0.0005540 secs] 38196K->23348K(55552K), 0.0005820 secs] [Times: user=0.00 sys=0.00, real=0.00 secs] 
100.035: Total time for which application threads were stopped: 0.0006970 seconds, Stopping threads took: 0.0000580 seconds
100.100: Application time: 0.0650490 seconds
100.100: [GC100.100: [ParNew: 15995K->738K(16640K), 0.0005200 secs] 38195K->23375K(55552K), 0.0005460 secs] [Times: user=0.00 sys=0.00, real=0.00 secs] 
100.101: Total time for which application threads were stopped: 0.0006560 seconds, Stopping threads took: 0.0000520 seconds
100.166: Application time: 0.0653980 seconds
100.166: [GC100.166: [ParNew: 15585K->629K(16640K), 0.0004050 secs] 38222K->23266K(55552K), 0.0004340 secs] [Times: user=0.01 sys=0.00, real=0.00 secs] 
100.167: Total time for which application threads were stopped: 0.0005740 seconds, Stopping threads took: 0.0000780 seconds
100.232: Application time: 0.0655190 seconds
100.232: [GC100.232: [ParNew: 15477K->649K(16640K), 0.0003700 secs] 38114K->23286K(55552K), 0.0003960 secs] [Times: user=0.00 sys=0.00, real=0.00 secs] 
100.233: Total time for which application threads were stopped: 0.0005090 seconds, Stopping threads took: 0.0000580 seconds
100.295: Application time: 0.0618700 seconds
100.295: [GC100.295: [ParNew: 15495K->1003K(16640K), 0.0004820 secs] 38132K->23640K(55552K), 0.0005080 secs] [Times: user=0.00 sys=0.00, real=0.00 secs] 
100.295: Total time for which application threads were stopped: 0.0006170 seconds, Stopping threads took: 0.0000520 seconds
100.357: Application time: 0.0611990 seconds
100.357: [GC100.357: [ParNew: 15847K->1090K(16640K), 0.0004750 secs] 38484K->23728K(55552K), 0.0005020 secs] [Times: user=0.01 sys=0.00, real=0.00 secs] 
100.357: Total time for which application threads were stopped: 0.0006140 seconds, Stopping threads took: 0.0000550 seconds
100.424: Application time: 0.0670190 seconds
100.424: [GC100.424: [ParNew: 15938K->916K(16640K), 0.0005170 secs] 38575K->23743K(55552K), 0.0005440 secs] [Times: user=0.00 sys=0.00, real=0.00 secs] 
100.425: Total time for which application threads were stopped: 0.0006500 seconds, Stopping threads took: 0.0000550 seconds
100.493: Application time: 0.0683600 seconds
100.493: [GC100.493: [ParNew: 15761K->786K(16640K), 0.0004230 secs] 38589K->23613K(55552K), 0.0004500 secs] [Times: user=0.00 sys=0.00, real=0.00 secs] 
100.494: Total time for which application threads were stopped: 0.0005610 seconds, Stopping threads took: 0.0000560 seconds
100.544: Application time: 0.0503830 seconds
100.544: [GC100.544: [ParNew: 15632K->1029K(16640K), 0.0005360 secs] 38460K->23857K(55552K), 0.0005630 secs] [Times: user=0.00 sys=0.00, real=0.00 secs] 
100.545: Total time for which application threads were stopped: 0.0006860 seconds, Stopping threads took: 0.0000640 seconds
100.607: Application time: 0.0624180 seconds
100.607: [GC100.607: [ParNew: 15873K->291K(16640K), 0.0005240 secs] 38700K->23879K(55552K), 0.0005510 secs] [Times: user=0.01 sys=0.00, real=0.00 secs] 
100.608: Total time for which application threads were stopped: 0.0006750 seconds, Stopping threads took: 0.0000650 seconds
100.674: Application time: 0.0661570 seconds
100.674: [GC100.674: [ParNew: 15136K->229K(16640K), 0.0003590 secs] 38723K->23816K(55552K), 0.0003950 secs] [Times: user=0.00 sys=0.00, real=0.00 secs] 
100.675: Total time for which application threads were stopped: 0.0005080 seconds, Stopping threads took: 0.0000520 seconds
100.742: Application time: 0.0669830 seconds
100.742: [GC100.742: [ParNew: 15076K->228K(16640K), 0.0003820 secs] 38664K->23815K(55552K), 0.0004100 secs] [Times: user=0.00 sys=0.00, real=0.00 secs] 
100.742: Total time for which application threads were stopped: 0.0005680 seconds, Stopping threads took: 0.0000990 seconds
100.809: Application time: 0.0673120 seconds
100.810: [GC100.810: [ParNew: 15075K->196K(16640K), 0.0003820 secs] 38663K->23784K(55552K), 0.0004070 secs] [Times: user=0.00 sys=0.00, real=0.00 secs] 
100.810: Total time for which application threads were stopped: 0.0005230 seconds, Stopping threads took: 0.0000580 seconds
100.877: Application time: 0.0672620 seconds
100.877: [GC100.877: [ParNew: 15043K->208K(16640K), 0.0003360 secs] 38631K->23796K(55552K), 0.0003630 secs] [Times: user=0.00 sys=0.00, real=0.00 secs] 
100.878: Total time for which application threads were stopped: 0.0004960 seconds, Stopping threads took: 0.0000790 seconds
100.943: Application time: 0.0652940 seconds
100.943: [GC100.943: [ParNew: 14970K->106K(16640K), 0.0003920 secs] 38558K->23693K(55552K), 0.0004200 secs] [Times: user=0.01 sys=0.00, real=0.00 secs] 
100.944: Total time for which application threads were stopped: 0.0005350 seconds, Stopping threads took: 0.0000590 seconds
101.010: Application time: 0.0669050 seconds
101.011: [GC101.011: [ParNew: 14953K->229K(16640K), 0.0003840 secs] 38540K->23816K(55552K), 0.0004110 secs] [Times: user=0.00 sys=0.00, real=0.00 secs] 
101.012: Total time for which application threads were stopped: 0.0010660 seconds, Stopping threads took: 0.0005980 seconds
101.075: Application time: 0.0632500 seconds
101.075: [GC101.075: [ParNew: 15072K->419K(16640K), 0.0003950 secs] 38660K->24007K(55552K), 0.0004210 secs] [Times: user=0.01 sys=0.00, real=0.00 secs] 
101.075: Total time for which application threads were stopped: 0.0005420 seconds, Stopping threads took: 0.0000680 seconds
101.126: Application time: 0.0507030 seconds
101.126: [GC101.126: [ParNew: 15263K->425K(16640K), 0.0004080 secs] 38851K->24012K(55552K), 0.0004360 secs] [Times: user=0.00 sys=0.00, real=0.00 secs] 
101.127: Total time for which application threads were stopped: 0.0005350 seconds, Stopping threads took: 0.0000440 seconds
101.186: Application time: 0.0592980 seconds
101.186: [GC101.186: [ParNew: 15269K->652K(16640K), 0.0004030 secs] 38857K->24240K(55552K), 0.0004300 secs] [Times: user=0.00 sys=0.00, real=0.00 secs] 
101.186: Total time for which application threads were stopped: 0.0005510 seconds, Stopping threads took: 0.0000520 seconds
101.239: Application time: 0.0522820 seconds
101.239: [GC101.239: [ParNew: 15498K->654K(16640K), 0.0004190 secs] 39086K->24242K(55552K), 0.0004450 secs] [Times: user=0.00 sys=0.00, real=0.01 secs] 
101.239: Total time for which application threads were stopped: 0.0005560 seconds, Stopping threads took: 0.0000550 seconds
101.306: Application time: 0.0665930 seconds
101.306: [GC101.306: [ParNew: 15501K->599K(16640K), 0.0004320 secs] 39089K->24277K(55552K), 0.0004600 secs] [Times: user=0.01 sys=0.00, real=0.00 secs] 
101.306: Total time for which application threads were stopped: 0.0005990 seconds, Stopping threads took: 0.0000810 seconds
101.373: Application time: 0.0667280 seconds
101.373: [GC101.373: [ParNew: 15446K->464K(16640K), 0.0004840 secs] 39124K->24270K(55552K), 0.0005120 secs] [Times: user=0.00 sys=0.00, real=0.00 secs] 
101.374: Total time for which application threads were stopped: 0.0006350 seconds, Stopping threads took: 0.0000690 seconds
101.441: Application time: 0.0669230 seconds
101.441: [GC101.441: [ParNew: 15311K->475K(16640K), 0.0003830 secs] 39118K->24282K(55552K), 0.0004100 secs] [Times: user=0.00 sys=0.00, real=0.00 secs] 
101.441: Total time for which application threads were stopped: 0.0005270 seconds, Stopping threads took: 0.0000600 seconds
101.507: Application time: 0.0658980 seconds
101.507: [GC101.507: [ParNew: 15320K->446K(16640K), 0.0003690 secs] 39126K->24253K(55552K), 0.0004040 secs] [Times: user=0.00 sys=0.00, real=0.00 secs] 
101.508: Total time for which application threads were stopped: 0.0005370 seconds, Stopping threads took: 0.0000760 seconds
101.573: Application time: 0.0654560 seconds
101.573: [GC101.573: [ParNew: 15291K->420K(16640K), 0.0004140 secs] 39097K->24255K(55552K), 0.0004410 secs] [Times: user=0.00 sys=0.00, real=0.00 secs] 
101.574: Total time for which application threads were stopped: 0.0005490 seconds, Stopping threads took: 0.0000550 seconds
101.616: Application time: 0.0422240 seconds
101.616: [GC101.616: [ParNew: 15264K->869K(16640K), 0.0005460 secs] 39099K->24704K(55552K), 0.0005730 secs] [Times: user=0.00 sys=0.00, real=0.00 secs] 
101.617: Total time for which application threads were stopped: 0.0006680 seconds, Stopping threads took: 0.0000430 seconds
101.641: Application time: 0.0246040 seconds
101.641: [GC101.641: [ParNew: 15715K->1487K(16640K), 0.0005110 secs] 39550K->25322K(55552K), 0.0005370 secs] [Times: user=0.00 sys=0.00, real=0.00 secs] 
101.642: Total time for which application threads were stopped: 0.0006420 seconds, Stopping threads took: 0.0000480 seconds
101.670: Application time: 0.0284920 seconds
101.670: [GC101.670: [ParNew: 16331K->1181K(16640K), 0.0006640 secs] 40166K->25482K(55552K), 0.0006910 secs] [Times: user=0.01 sys=0.00, real=0.00 secs] 
101.671: Total time for which application threads were stopped: 0.0007970 seconds, Stopping threads took: 0.0000520 seconds
101.732: Application time: 0.0606590 seconds
101.732: [GC101.732: [ParNew: 16026K->1210K(16640K), 0.0005120 secs] 40327K->25540K(55552K), 0.0005380 secs] [Times: user=0.00 sys=0.00, real=0.00 secs] 
101.733: Total time for which application threads were stopped: 0.0006650 seconds, Stopping threads took: 0.0000620 seconds
101.796: Application time: 0.0630090 seconds
101.796: [GC101.796: [ParNew: 16057K->1128K(16640K), 0.0005650 secs] 40387K->25516K(55552K), 0.0005920 secs] [Times: user=0.00 sys=0.00, real=0.00 secs] 
101.796: Total time for which application threads were stopped: 0.0007020 seconds, Stopping threads took: 0.0000520 seconds
101.861: Application time: 0.0648790 seconds
101.861: [GC101.861: [ParNew: 15975K->538K(16640K), 0.0005100 secs] 40363K->25496K(55552K), 0.0005360 secs] [Times: user=0.00 sys=0.00, real=0.00 secs] 
101.862: Total time for which application threads were stopped: 0.0006590 seconds, Stopping threads took: 0.0000640 seconds
101.927: Application time: 0.0654170 seconds
101.927: [GC101.927: [ParNew: 15386K->421K(16640K), 0.0003580 secs] 40344K->25379K(55552K), 0.0003840 secs] [Times: user=0.01 sys=0.00, real=0.00 secs] 
101.928: Total time for which application threads were stopped: 0.0005150 seconds, Stopping threads took: 0.0000790 seconds
101.994: Application time: 0.0665380 seconds
101.994: [GC101.994: [ParNew: 15267K->431K(16640K), 0.0004110 secs] 40225K->25389K(55552K), 0.0004380 secs] [Times: user=0.00 sys=0.00, real=0.00 secs] 
101.995: Total time for which application threads were stopped: 0.0005380 seconds, Stopping threads took: 0.0000450 seconds
102.055: Application time: 0.0600490 seconds
102.055: [GC102.055: [ParNew: 15273K->872K(16640K), 0.0005100 secs] 40231K->25830K(55552K), 0.0005370 secs] [Times: user=0.00 sys=0.00, real=0.00 secs] 
102.055: Total time for which application threads were stopped: 0.0006550 seconds, Stopping threads took: 0.0000600 seconds
102.118: Application time: 0.0630030 seconds
102.119: [GC102.119: [ParNew: 15718K->1045K(16640K), 0.0004830 secs] 40676K->26003K(55552K), 0.0005090 secs] [Times: user=0.01 sys=0.00, real=0.01 secs] 
102.119: Total time for which application threads were stopped: 0.0006140 seconds, Stopping threads took: 0.0000540 seconds
102.186: Application time: 0.0672890 seconds
102.186: [GC102.187: [ParNew: 15893K->660K(16640K), 0.0005100 secs] 40851K->26060K(55552K), 0.0005370 secs] [Times: user=0.00 sys=0.01, real=0.01 secs] 
102.187: Total time for which application threads were stopped: 0.0006690 seconds, Stopping threads took: 0.0000580 seconds
102.247: Application time: 0.0599150 seconds
102.247: [GC102.247: [ParNew: 15505K->770K(16640K), 0.0004140 secs] 40904K->26169K(55552K), 0.0004420 secs] [Times: user=0.01 sys=0.00, real=0.00 secs] 
102.248: Total time for which application threads were stopped: 0.0005750 seconds, Stopping threads took: 0.0000680 seconds
102.303: Application time: 0.0558030 seconds
102.303: [GC102.303: [ParNew: 15618K->752K(16640K), 0.0004520 secs] 41017K->26151K(55552K), 0.0004780 secs] [Times: user=0.00 sys=0.00, real=0.00 secs] 
102.304: Total time for which application threads were stopped: 0.0006120 seconds, Stopping threads took: 0.0000760 seconds
102.369: Application time: 0.0652390 seconds
102.369: [GC102.369: [ParNew: 15596K->781K(16640K), 0.0004070 secs] 40995K->26180K(55552K), 0.0004340 secs] [Times: user=0.00 sys=0.00, real=0.00 secs] 
102.370: Total time for which application threads were stopped: 0.0005510 seconds, Stopping threads took: 0.0000680 seconds
102.436: Application time: 0.0664980 seconds
102.436: [GC102.436: [ParNew: 15628K->754K(16640K), 0.0004110 secs] 41027K->26153K(55552K), 0.0004380 secs] [Times: user=0.01 sys=0.00, real=0.00 secs] 
102.437: Total time for which application threads were stopped: 0.0005630 seconds, Stopping threads took: 0.0000680 seconds
102.503: Application time: 0.0664310 seconds
102.503: [GC102.503: [ParNew: 15601K->256K(16640K), 0.0004520 secs] 41001K->26164K(55552K), 0.0004780 secs] [Times: user=0.00 sys=0.00, real=0.00 secs] 
102.504: Total time for which application threads were stopped: 0.0006020 seconds, Stopping threads took: 0.0000690 seconds
102.571: Application time: 0.0671160 seconds
102.571: [GC102.571: [ParNew: 15103K->223K(16640K), 0.0003090 secs] 41011K->26131K(55552K), 0.0003350 secs] [Times: user=0.00 sys=0.00, real=0.00 secs] 
102.571: Total time for which application threads were stopped: 0.0004400 seconds, Stopping threads took: 0.0000530 seconds
102.639: Application time: 0.0675020 seconds
102.639: [GC102.639: [ParNew: 15071K->200K(16640K), 0.0003040 secs] 40979K->26108K(55552K), 0.0003370 secs] [Times: user=0.00 sys=0.00, real=0.01 secs] 
102.639: Total time for which application threads were stopped: 0.0004460 seconds, Stopping threads took: 0.0000520 seconds
102.705: Application time: 0.0653870 seconds
102.705: [GC102.705: [ParNew: 15048K->234K(16640K), 0.0003940 secs] 40956K->26142K(55552K), 0.0004200 secs] [Times: user=0.00 sys=0.00, real=0.00 secs] 
102.705: Total time for which application threads were stopped: 0.0005740 seconds, Stopping threads took: 0.0000980 seconds
102.772: Application time: 0.0670250 seconds
102.772: [GC102.772: [ParNew: 15081K->235K(16640K), 0.0003570 secs] 40989K->26143K(55552K), 0.0003820 secs] [Times: user=0.00 sys=0.00, real=0.00 secs] 
102.773: Total time for which application threads were stopped: 0.0004980 seconds, Stopping threads took: 0.0000560 seconds
102.828: Application time: 0.0553270 seconds
102.828: [GC102.828: [ParNew: 15081K->415K(16640K), 0.0003850 secs] 40989K->26323K(55552K), 0.0004110 secs] [Times: user=0.01 sys=0.00, real=0.00 secs] 
102.829: Total time for which application threads were stopped: 0.0005050 seconds, Stopping threads took: 0.0000400 seconds
102.887: Application time: 0.0582320 seconds
102.887: [GC102.887: [ParNew: 15261K->422K(16640K), 0.0004030 secs] 41169K->26331K(55552K), 0.0004300 secs] [Times: user=0.00 sys=0.00, real=0.00 secs] 
102.888: Total time for which application threads were stopped: 0.0005700 seconds, Stopping threads took: 0.0000780 seconds
102.942: Application time: 0.0546380 seconds
102.942: [GC102.942: [ParNew: 15269K->648K(16640K), 0.0004310 secs] 41177K->26556K(55552K), 0.0004580 secs] [Times: user=0.00 sys=0.00, real=0.00 secs] 
102.943: Total time for which application threads were stopped: 0.0005790 seconds, Stopping threads took: 0.0000640 seconds
103.000: Application time: 0.0570280 seconds
103.000: [GC103.000: [ParNew: 15496K->675K(16640K), 0.0004180 secs] 41404K->26583K(55552K), 0.0004540 secs] [Times: user=0.00 sys=0.00, real=0.00 secs] 
103.000: Total time for which application threads were stopped: 0.0005690 seconds, Stopping threads took: 0.0000570 seconds
103.066: Application time: 0.0656010 seconds
103.066: [GC103.066: [ParNew: 15522K->471K(16640K), 0.0004290 secs] 41430K->26597K(55552K), 0.0004540 secs] [Times: user=0.00 sys=0.00, real=0.00 secs] 
103.066: Total time for which application threads were stopped: 0.0005640 seconds, Stopping threads took: 0.0000600 seconds
103.133: Application time: 0.0665540 seconds
103.133: [GC103.133: [ParNew: 15318K->447K(16640K), 0.0004430 secs] 41445K->26573K(55552K), 0.0004760 secs] [Times: user=0.00 sys=0.00, real=0.00 secs] 
103.134: Total time for which application threads were stopped: 0.0005940 seconds, Stopping threads took: 0.0000640 seconds
103.200: Application time: 0.0666350 seconds
103.200: [GC103.200: [ParNew: 15294K->450K(16640K), 0.0003680 secs] 41421K->26577K(55552K), 0.0003960 secs] [Times: user=0.00 sys=0.00, real=0.00 secs] 
103.201: Total time for which application threads were stopped: 0.0005200 seconds, Stopping threads took: 0.0000680 seconds
103.266: Application time: 0.0649650 seconds
103.266: [GC103.266: [ParNew: 15295K->450K(16640K), 0.0004200 secs] 41422K->26577K(55552K), 0.0004440 secs] [Times: user=0.00 sys=0.00, real=0.00 secs] 
103.266: Total time for which application threads were stopped: 0.0005450 seconds, Stopping threads took: 0.0000510 seconds
103.325: Application time: 0.0591800 seconds
103.326: [GC103.326: [ParNew: 15297K->626K(16640K), 0.0004080 secs] 41424K->26781K(55552K), 0.0004360 secs] [Times: user=0.01 sys=0.00, real=0.00 secs] 
103.326: Total time for which application threads were stopped: 0.0005490 seconds, Stopping threads took: 0.0000510 seconds
103.367: Application time: 0.0412570 seconds
103.367: [GC103.367: [ParNew: 15471K->1092K(16640K), 0.0004870 secs] 41626K->27248K(55552K), 0.0005120 secs] [Times: user=0.00 sys=0.00, real=0.00 secs] 
103.368: Total time for which application threads were stopped: 0.0006140 seconds, Stopping threads took: 0.0000510 seconds
103.393: Application time: 0.0254410 seconds
103.393: [GC103.393: [ParNew: 15939K->1392K(16640K), 0.0006370 secs] 42094K->27737K(55552K), 0.0006610 secs] [Times: user=0.01 sys=0.00, real=0.00 secs] 
103.394: Total time for which application threads were stopped: 0.0007810 seconds, Stopping threads took: 0.0000640 seconds
103.427: Application time: 0.0331760 seconds
103.427: [GC103.427: [ParNew: 16236K->1230K(16640K), 0.0006320 secs] 42581K->27851K(55552K), 0.0006590 secs] [Times: user=0.01 sys=0.00, real=0.00 secs] 
103.428: Total time for which application threads were stopped: 0.0007800 seconds, Stopping threads took: 0.0000660 seconds
103.488: Application time: 0.0602730 seconds
103.488: [GC103.488: [ParNew: 16077K->923K(16640K), 0.0004850 secs] 42699K->27821K(55552K), 0.0005100 secs] [Times: user=0.00 sys=0.00, real=0.00 secs] 
103.489: Total time for which application threads were stopped: 0.0006120 seconds, Stopping threads took: 0.0000480 seconds
103.555: Application time: 0.0663470 seconds
103.555: [GC103.555: [ParNew: 15771K->893K(16640K), 0.0004620 secs] 42669K->27791K(55552K), 0.0004870 secs] [Times: user=0.01 sys=0.00, real=0.00 secs] 
103.556: Total time for which application threads were stopped: 0.0006080 seconds, Stopping threads took: 0.0000630 seconds
103.621: Application time: 0.0650240 seconds
103.621: [GC103.621: [ParNew: 15738K->904K(16640K), 0.0004330 secs] 42637K->27802K(55552K), 0.0004610 secs] [Times: user=0.01 sys=0.00, real=0.00 secs] 
103.622: Total time for which application threads were stopped: 0.0005810 seconds, Stopping threads took: 0.0000670 seconds
103.687: Application time: 0.0654320 seconds
103.687: [GC103.687: [ParNew: 15751K->924K(16640K), 0.0004220 secs] 42649K->27822K(55552K), 0.0004510 secs] [Times: user=0.01 sys=0.00, real=0.00 secs] 
103.688: Total time for which application threads were stopped: 0.0005660 seconds, Stopping threads took: 0.0000580 seconds
103.751: Application time: 0.0635740 seconds
103.751: [GC103.751: [ParNew: 15673K->892K(16640K), 0.0004400 secs] 42572K->27790K(55552K), 0.0004730 secs] [Times: user=0.01 sys=0.00, real=0.00 secs] 
103.752: Total time for which application threads were stopped: 0.0005940 seconds, Stopping threads took: 0.0000650 seconds
103.813: Application time: 0.0608290 seconds
103.813: [GC103.813: [ParNew: 15740K->1072K(16640K), 0.0004840 secs] 42638K->27971K(55552K), 0.0005110 secs] [Times: user=0.01 sys=0.00, real=0.00 secs] 
103.813: Total time for which application threads were stopped: 0.0006420 seconds, Stopping threads took: 0.0000730 seconds
103.877: Application time: 0.0633480 seconds
103.877: [GC103.877: [ParNew: 15920K->1086K(16640K), 0.0005600 secs] 42818K->27985K(55552K), 0.0005890 secs] [Times: user=0.01 sys=0.00, real=0.00 secs] 
103.877: Total time for which application threads were stopped: 0.0007520 seconds, Stopping threads took: 0.0000990 seconds
103.944: Application time: 0.0671350 seconds
103.945: [GC103.945: [ParNew: 15934K->1008K(16640K), 0.0005460 secs] 42832K->27968K(55552K), 0.0005760 secs] [Times: user=0.01 sys=0.00, real=0.00 secs] 
103.945: Total time for which application threads were stopped: 0.0007080 seconds, Stopping threads took: 0.0000720 seconds
103.999: Application time: 0.0534620 seconds
103.999: [GC103.999: [ParNew: 15855K->1222K(16640K), 0.0004980 secs] 42815K->28182K(55552K), 0.0005260 secs] [Times: user=0.00 sys=0.00, real=0.01 secs] 
103.999: Total time for which application threads were stopped: 0.0006430 seconds, Stopping threads took: 0.0000590 seconds
104.059: Application time: 0.0594600 seconds
104.059: [GC104.059: [ParNew: 16065K->702K(16640K), 0.0005120 secs] 43025K->28170K(55552K), 0.0005380 secs] [Times: user=0.00 sys=0.00, real=0.01 secs] 
104.059: Total time for which application threads were stopped: 0.0006620 seconds, Stopping threads took: 0.0000660 seconds
104.125: Application time: 0.0651750 seconds
104.125: [GC104.125: [ParNew: 15548K->632K(16640K), 0.0003980 secs] 43017K->28100K(55552K), 0.0004250 secs] [Times: user=0.00 sys=0.00, real=0.00 secs] 
104.125: Total time for which application threads were stopped: 0.0005530 seconds, Stopping threads took: 0.0000760 seconds
104.192: Application time: 0.0668130 seconds
104.192: [GC104.192: [ParNew: 15479K->614K(16640K), 0.0004560 secs] 42948K->28083K(55552K), 0.0004810 secs] [Times: user=0.00 sys=0.00, real=0.00 secs] 
104.193: Total time for which application threads were stopped: 0.0005980 seconds, Stopping threads took: 0.0000630 seconds
104.259: Application time: 0.0665720 seconds
104.259: [GC104.259: [ParNew: 15462K->233K(16640K), 0.0005050 secs] 42930K->28082K(55552K), 0.0005430 secs] [Times: user=0.00 sys=0.00, real=0.00 secs] 
104.260: Total time for which application threads were stopped: 0.0006720 seconds, Stopping threads took: 0.0000710 seconds
104.327: Application time: 0.0671970 seconds
104.327: [GC104.327: [ParNew: 15081K->228K(16640K), 0.0004220 secs] 42929K->28077K(55552K), 0.0004470 secs] [Times: user=0.00 sys=0.00, real=0.00 secs] 
104.328: Total time for which application threads were stopped: 0.0005430 seconds, Stopping threads took: 0.0000400 seconds
104.394: Application time: 0.0669350 seconds
104.395: [GC104.395: [ParNew: 15076K->25K(16640K), 0.0004430 secs] 42925K->27873K(55552K), 0.0004710 secs] [Times: user=0.01 sys=0.00, real=0.00 secs] 
104.395: Total time for which application threads were stopped: 0.0005870 seconds, Stopping threads took: 0.0000540 seconds
104.461: Application time: 0.0660330 seconds
104.461: [GC104.461: [ParNew: 14872K->226K(16640K), 0.0004010 secs] 42721K->28075K(55552K), 0.0004300 secs] [Times: user=0.00 sys=0.00, real=0.00 secs] 
104.462: Total time for which application threads were stopped: 0.0005510 seconds, Stopping threads took: 0.0000620 seconds
104.524: Application time: 0.0624920 seconds
104.524: [GC104.524: [ParNew: 15072K->416K(16640K), 0.0003710 secs] 42921K->28265K(55552K), 0.0003970 secs] [Times: user=0.00 sys=0.00, real=0.00 secs] 
104.525: Total time for which application threads were stopped: 0.0005130 seconds, Stopping threads took: 0.0000560 seconds
104.576: Application time: 0.0511840 seconds
104.576: [GC104.576: [ParNew: 15263K->427K(16640K), 0.0003610 secs] 43111K->28276K(55552K), 0.0003870 secs] [Times: user=0.00 sys=0.00, real=0.00 secs] 
104.576: Total time for which application threads were stopped: 0.0004920 seconds, Stopping threads took: 0.0000530 seconds
104.642: Application time: 0.0653000 seconds
104.642: [GC104.642: [ParNew: 15270K->462K(16640K), 0.0003390 secs] 43119K->28311K(55552K), 0.0003650 secs] [Times: user=0.01 sys=0.01, real=0.00 secs] 
104.642: Total time for which application threads were stopped: 0.0004740 seconds, Stopping threads took: 0.0000540 seconds
104.694: Application time: 0.0515140 seconds
104.694: [GC104.694: [ParNew: 15309K->652K(16640K), 0.0005000 secs] 43158K->28501K(55552K), 0.0005260 secs] [Times: user=0.00 sys=0.00, real=0.00 secs] 
104.694: Total time for which application threads were stopped: 0.0006390 seconds, Stopping threads took: 0.0000540 seconds
104.755: Application time: 0.0608050 seconds
104.755: [GC104.755: [ParNew: 15495K->660K(16640K), 0.0004090 secs] 43344K->28508K(55552K), 0.0004340 secs] [Times: user=0.00 sys=0.00, real=0.00 secs] 
104.756: Total time for which application threads were stopped: 0.0005490 seconds, Stopping threads took: 0.0000570 seconds
104.821: Application time: 0.0652850 seconds
104.821: [GC104.821: [ParNew: 15504K->471K(16640K), 0.0004880 secs] 43353K->28538K(55552K), 0.0005120 secs] [Times: user=0.00 sys=0.00, real=0.00 secs] 
104.822: Total time for which application threads were stopped: 0.0006240 seconds, Stopping threads took: 0.0000610 seconds
104.888: Application time: 0.0667040 seconds
104.888: [GC104.888: [ParNew: 15318K->457K(16640K), 0.0003660 secs] 43386K->28525K(55552K), 0.0003940 secs] [Times: user=0.00 sys=0.00, real=0.00 secs] 
104.889: Total time for which application threads were stopped: 0.0005040 seconds, Stopping threads took: 0.0000560 seconds
104.954: Application time: 0.0652460 seconds
104.954: [GC104.954: [ParNew: 15302K->479K(16640K), 0.0003540 secs] 43369K->28546K(55552K), 0.0003790 secs] [Times: user=0.00 sys=0.00, real=0.00 secs] 
104.954: Total time for which application threads were stopped: 0.0004940 seconds, Stopping threads took: 0.0000500 seconds
105.022: Application time: 0.0677780 seconds
105.022: [GC105.022: [ParNew: 15324K->413K(16640K), 0.0003590 secs] 43392K->28509K(55552K), 0.0003860 secs] [Times: user=0.00 sys=0.00, real=0.00 secs] 
105.023: Total time for which application threads were stopped: 0.0005000 seconds, Stopping threads took: 0.0000630 seconds
105.078: Application time: 0.0554730 seconds
105.078: [GC105.078: [ParNew: 15258K->673K(16640K), 0.0003910 secs] 43354K->28769K(55552K), 0.0004170 secs] [Times: user=0.00 sys=0.00, real=0.00 secs] 
105.079: Total time for which application threads were stopped: 0.0005130 seconds, Stopping threads took: 0.0000450 seconds
105.119: Application time: 0.0398590 seconds
105.119: [GC105.119: [ParNew: 15521K->1329K(16640K), 0.0005540 secs] 43617K->29425K(55552K), 0.0005800 secs] [Times: user=0.01 sys=0.00, real=0.01 secs] 
105.119: Total time for which application threads were stopped: 0.0006780 seconds, Stopping threads took: 0.0000450 seconds
105.147: Application time: 0.0278250 seconds
105.147: [GC105.147: [ParNew: 16174K->669K(16640K), 0.0006350 secs] 44270K->29635K(55552K), 0.0006630 secs] [Times: user=0.00 sys=0.00, real=0.00 secs] 
105.148: Total time for which application threads were stopped: 0.0007710 seconds, Stopping threads took: 0.0000490 seconds
105.184: Application time: 0.0365980 seconds
105.185: [GC105.185: [ParNew: 15516K->1069K(16640K), 0.0005260 secs] 44482K->30035K(55552K), 0.0005510 secs] [Times: user=0.00 sys=0.00, real=0.00 secs] 
105.185: Total time for which application threads were stopped: 0.0006540 seconds, Stopping threads took: 0.0000470 seconds
105.246: Application time: 0.0605250 seconds
105.246: [GC105.246: [ParNew: 15916K->662K(16640K), 0.0005570 secs] 44882K->30067K(55552K), 0.0005820 secs] [Times: user=0.01 sys=0.00, real=0.00 secs] 
105.246: Total time for which application threads were stopped: 0.0006920 seconds, Stopping threads took: 0.0000530 seconds
105.310: Application time: 0.0640560 seconds
105.311: [GC105.311: [ParNew: 15507K->839K(16640K), 0.0004400 secs] 44911K->30244K(55552K), 0.0004660 secs] [Times: user=0.00 sys=0.00, real=0.00 secs] 
105.311: Total time for which application threads were stopped: 0.0005900 seconds, Stopping threads took: 0.0000660 seconds
105.376: Application time: 0.0650870 seconds
105.376: [GC105.376: [ParNew: 15686K->852K(16640K), 0.0004950 secs] 45091K->30257K(55552K), 0.0005200 secs] [Times: user=0.00 sys=0.00, real=0.00 secs] 
105.377: Total time for which application threads were stopped: 0.0006330 seconds, Stopping threads took: 0.0000610 seconds
105.442: Application time: 0.0654460 seconds
105.442: [GC105.442: [ParNew: 15699K->868K(16640K), 0.0004110 secs] 45104K->30272K(55552K), 0.0004370 secs] [Times: user=0.00 sys=0.00, real=0.00 secs] 
105.443: Total time for which application threads were stopped: 0.0005610 seconds, Stopping threads took: 0.0000680 seconds
105.506: Application time: 0.0636870 seconds
105.507: [GC105.507: [ParNew: 15712K->1079K(16640K), 0.0004560 secs] 45117K->30484K(55552K), 0.0004820 secs] [Times: user=0.00 sys=0.00, real=0.00 secs] 
105.507: Total time for which application threads were stopped: 0.0006020 seconds, Stopping threads took: 0.0000520 seconds
105.567: Application time: 0.0596530 seconds
105.567: [GC105.567: [ParNew: 15923K->1109K(16640K), 0.0004570 secs] 45328K->30515K(55552K), 0.0004850 secs] [Times: user=0.00 sys=0.00, real=0.01 secs] 
105.567: Total time for which application threads were stopped: 0.0005920 seconds, Stopping threads took: 0.0000470 seconds
105.633: Application time: 0.0655910 seconds
105.633: [GC105.633: [ParNew: 15956K->894K(16640K), 0.0005930 secs] 45362K->30490K(55552K), 0.0006180 secs] [Times: user=0.00 sys=0.00, real=0.00 secs] 
105.634: Total time for which application threads were stopped: 0.0007330 seconds, Stopping threads took: 0.0000620 seconds
105.701: Application time: 0.0673260 seconds
105.701: [GC105.701: [ParNew: 15740K->829K(16640K), 0.0005020 secs] 45335K->30424K(55552K), 0.0005290 secs] [Times: user=0.00 sys=0.00, real=0.00 secs] 
105.702: Total time for which application threads were stopped: 0.0006720 seconds, Stopping threads took: 0.0000870 seconds
105.751: Application time: 0.0493820 seconds
105.751: [GC105.751: [ParNew: 15673K->1048K(16640K), 0.0005010 secs] 45268K->30644K(55552K), 0.0005280 secs] [Times: user=0.01 sys=0.00, real=0.00 secs] 
105.752: Total time for which application threads were stopped: 0.0006460 seconds, Stopping threads took: 0.0000580 seconds
105.815: Application time: 0.0629720 seconds
105.815: [GC105.815: [ParNew: 15895K->537K(16640K), 0.0005180 secs] 45491K->30703K(55552K), 0.0005470 secs] [Times: user=0.00 sys=0.01, real=0.00 secs] 
105.815: Total time for which application threads were stopped: 0.0006610 seconds, Stopping threads took: 0.0000560 seconds
105.881: Application time: 0.0657660 seconds
105.881: [GC105.881: [ParNew: 15384K->417K(16640K), 0.0003550 secs] 45550K->30583K(55552K), 0.0003820 secs] [Times: user=0.00 sys=0.00, real=0.00 secs] 
105.882: Total time for which application threads were stopped: 0.0005080 seconds, Stopping threads took: 0.0000730 seconds
105.949: Application time: 0.0676240 seconds
105.951: [GC105.951: [ParNew: 15262K->434K(16640K), 0.0004240 secs] 45428K->30600K(55552K), 0.0004530 secs] [Times: user=0.00 sys=0.00, real=0.00 secs] 
105.952: Total time for which application threads were stopped: 0.0026260 seconds, Stopping threads took: 0.0021150 seconds
106.019: Application time: 0.0670730 seconds
106.019: [GC106.019: [ParNew: 15279K->214K(16640K), 0.0004360 secs] 45445K->30569K(55552K), 0.0004630 secs] [Times: user=0.01 sys=0.00, real=0.01 secs] 
106.019: Total time for which application threads were stopped: 0.0005960 seconds, Stopping threads took: 0.0000730 seconds
106.086: Application time: 0.0669240 seconds
106.087: [GC106.087: [ParNew: 15061K->230K(16640K), 0.0003280 secs] 45417K->30585K(55552K), 0.0003650 secs] [Times: user=0.00 sys=0.00, real=0.00 secs] 
106.087: Total time for which application threads were stopped: 0.0004740 seconds, Stopping threads took: 0.0000570 seconds
106.153: Application time: 0.0657180 seconds
106.153: [GC106.153: [ParNew: 15066K->33K(16640K), 0.0003560 secs] 45422K->30389K(55552K), 0.0003810 secs] [Times: user=0.00 sys=0.00, real=0.00 secs] 
106.153: Total time for which application threads were stopped: 0.0004950 seconds, Stopping threads took: 0.0000590 seconds
106.219: Application time: 0.0660300 seconds
106.219: [GC106.219: [ParNew: 14880K->226K(16640K), 0.0003380 secs] 45235K->30582K(55552K), 0.0003650 secs] [Times: user=0.00 sys=0.00, real=0.00 secs] 
106.220: Total time for which application threads were stopped: 0.0004720 seconds, Stopping threads took: 0.0000560 seconds
106.276: Application time: 0.0563020 seconds
106.276: [GC106.276: [ParNew: 15070K->415K(16640K), 0.0003680 secs] 45426K->30770K(55552K), 0.0003960 secs] [Times: user=0.00 sys=0.00, real=0.00 secs] 
106.276: Total time for which application threads were stopped: 0.0005170 seconds, Stopping threads took: 0.0000690 seconds
106.334: Application time: 0.0571460 seconds
106.334: [GC106.334: [ParNew: 15262K->418K(16640K), 0.0003780 secs] 45618K->30773K(55552K), 0.0004060 secs] [Times: user=0.00 sys=0.00, real=0.00 secs] 
106.334: Total time for which application threads were stopped: 0.0005110 seconds, Stopping threads took: 0.0000520 seconds
106.397: Application time: 0.0630060 seconds
106.397: [GC106.397: [ParNew: 15261K->645K(16640K), 0.0004230 secs] 45617K->31001K(55552K), 0.0004490 secs] [Times: user=0.00 sys=0.00, real=0.00 secs] 
106.398: Total time for which application threads were stopped: 0.0005430 seconds, Stopping threads took: 0.0000390 seconds
106.446: Application time: 0.0484240 seconds
106.446: [GC106.446: [ParNew: 15491K->656K(16640K), 0.0004720 secs] 45847K->31012K(55552K), 0.0004990 secs] [Times: user=0.00 sys=0.00, real=0.00 secs] 
106.447: Total time for which application threads were stopped: 0.0006190 seconds, Stopping threads took: 0.0000610 seconds
106.513: Application time: 0.0659990 seconds
106.513: [GC106.513: [ParNew: 15501K->652K(16640K), 0.0004530 secs] 45857K->31020K(55552K), 0.0004790 secs] [Times: user=0.00 sys=0.00, real=0.00 secs] 
106.513: Total time for which application threads were stopped: 0.0006080 seconds, Stopping threads took: 0.0000760 seconds
106.580: Application time: 0.0666370 seconds
106.580: [GC106.580: [ParNew: 15500K->471K(16640K), 0.0004920 secs] 45868K->31046K(55552K), 0.0005180 secs] [Times: user=0.01 sys=0.00, real=0.00 secs] 
106.581: Total time for which application threads were stopped: 0.0006380 seconds, Stopping threads took: 0.0000580 seconds
106.647: Application time: 0.0668190 seconds
106.648: [GC106.648: [ParNew: 15319K->432K(16640K), 0.0004050 secs] 45893K->31006K(55552K), 0.0004310 secs] [Times: user=0.00 sys=0.00, real=0.00 secs] 
106.648: Total time for which application threads were stopped: 0.0005500 seconds, Stopping threads took: 0.0000660 seconds
106.713: Application time: 0.0648540 seconds
106.713: [GC106.713: [ParNew: 15277K->457K(16640K), 0.0004090 secs] 45851K->31031K(55552K), 0.0004370 secs] [Times: user=0.00 sys=0.00, real=0.00 secs] 
106.713: Total time for which application threads were stopped: 0.0005610 seconds, Stopping threads took: 0.0000660 seconds
106.780: Application time: 0.0664100 seconds
106.780: [GC106.780: [ParNew: 15304K->434K(16640K), 0.0004060 secs] 45878K->31037K(55552K), 0.0004330 secs] [Times: user=0.01 sys=0.00, real=0.00 secs] 
106.780: Total time for which application threads were stopped: 0.0005410 seconds, Stopping threads took: 0.0000560 seconds
106.829: Application time: 0.0490980 seconds
106.830: [GC106.830: [ParNew: 15279K->645K(16640K), 0.0004680 secs] 45881K->31248K(55552K), 0.0004970 secs] [Times: user=0.01 sys=0.00, real=0.00 secs] 
106.830: Total time for which application threads were stopped: 0.0006040 seconds, Stopping threads took: 0.0000530 seconds
106.868: Application time: 0.0381710 seconds
106.868: [GC106.868: [ParNew: 15489K->1285K(16640K), 0.0005080 secs] 46092K->31888K(55552K), 0.0005430 secs] [Times: user=0.00 sys=0.00, real=0.00 secs] 
106.869: Total time for which application threads were stopped: 0.0006630 seconds, Stopping threads took: 0.0000630 seconds
106.895: Application time: 0.0261800 seconds
106.895: [GC106.895: [ParNew: 16131K->1097K(16640K), 0.0006100 secs] 46734K->32137K(55552K), 0.0006380 secs] [Times: user=0.00 sys=0.00, real=0.00 secs] 
106.896: Total time for which application threads were stopped: 0.0007460 seconds, Stopping threads took: 0.0000480 seconds
106.940: Application time: 0.0446900 seconds
106.941: [GC106.941: [ParNew: 15944K->1174K(16640K), 0.0005370 secs] 46985K->32272K(55552K), 0.0005650 secs] [Times: user=0.00 sys=0.00, real=0.00 secs] 
106.941: Total time for which application threads were stopped: 0.0006650 seconds, Stopping threads took: 0.0000440 seconds
107.002: Application time: 0.0604960 seconds
107.002: [GC107.002: [ParNew: 16019K->1121K(16640K), 0.0005780 secs] 47117K->32219K(55552K), 0.0006060 secs] [Times: user=0.00 sys=0.00, real=0.00 secs] 
107.002: Total time for which application threads were stopped: 0.0007290 seconds, Stopping threads took: 0.0000630 seconds
107.067: Application time: 0.0649860 seconds
107.067: [GC107.067: [ParNew: 15968K->912K(16640K), 0.0005910 secs] 47067K->32257K(55552K), 0.0006170 secs] [Times: user=0.00 sys=0.00, real=0.00 secs] 
107.068: Total time for which application threads were stopped: 0.0007400 seconds, Stopping threads took: 0.0000650 seconds
107.133: Application time: 0.0653120 seconds
107.134: [GC107.134: [ParNew: 15757K->963K(16640K), 0.0004340 secs] 47103K->32308K(55552K), 0.0004590 secs] [Times: user=0.00 sys=0.00, real=0.00 secs] 
107.134: Total time for which application threads were stopped: 0.0005600 seconds, Stopping threads took: 0.0000410 seconds
107.199: Application time: 0.0652520 seconds
107.199: [GC107.199: [ParNew: 15810K->867K(16640K), 0.0004890 secs] 47156K->32212K(55552K), 0.0005160 secs] [Times: user=0.00 sys=0.00, real=0.00 secs] 
107.200: Total time for which application threads were stopped: 0.0006320 seconds, Stopping threads took: 0.0000600 seconds
107.263: Application time: 0.0635380 seconds
107.264: [GC107.264: [ParNew: 15714K->1060K(16640K), 0.0004710 secs] 47059K->32405K(55552K), 0.0004990 secs] [Times: user=0.01 sys=0.00, real=0.00 secs] 
107.264: Total time for which application threads were stopped: 0.0006240 seconds, Stopping threads took: 0.0000660 seconds
107.323: Application time: 0.0594610 seconds
107.324: [GC107.324: [ParNew: 15904K->1067K(16640K), 0.0005180 secs] 47250K->32414K(55552K), 0.0005450 secs] [Times: user=0.00 sys=0.00, real=0.00 secs] 
107.324: Total time for which application threads were stopped: 0.0006600 seconds, Stopping threads took: 0.0000630 seconds
107.391: Application time: 0.0668110 seconds
107.391: [GC107.391: [ParNew: 15914K->889K(16640K), 0.0005080 secs] 47261K->32426K(55552K), 0.0005360 secs] [Times: user=0.00 sys=0.00, real=0.00 secs] 
107.392: Total time for which application threads were stopped: 0.0006580 seconds, Stopping threads took: 0.0000680 seconds
107.453: Application time: 0.0611650 seconds
107.455: [GC107.455: [ParNew: 15736K->1089K(16640K), 0.0004250 secs] 47273K->32625K(55552K), 0.0004510 secs] [Times: user=0.00 sys=0.00, real=0.00 secs] 
107.455: Total time for which application threads were stopped: 0.0023040 seconds, Stopping threads took: 0.0017930 seconds
107.508: Application time: 0.0532270 seconds
107.508: [GC107.508: [ParNew: 15934K->303K(16640K), 0.0005130 secs] 47470K->32600K(55552K), 0.0005390 secs] [Times: user=0.00 sys=0.00, real=0.00 secs] 
107.509: Total time for which application threads were stopped: 0.0006670 seconds, Stopping threads took: 0.0000680 seconds
107.574: Application time: 0.0652950 seconds
107.574: [GC107.574: [ParNew: 15150K->240K(16640K), 0.0003340 secs] 47447K->32537K(55552K), 0.0003610 secs] [Times: user=0.00 sys=0.00, real=0.00 secs] 
107.575: Total time for which application threads were stopped: 0.0004780 seconds, Stopping threads took: 0.0000570 seconds
107.642: Application time: 0.0670540 seconds
107.642: [GC107.642: [ParNew: 15088K->210K(16640K), 0.0002890 secs] 47384K->32507K(55552K), 0.0003150 secs] [Times: user=0.00 sys=0.00, real=0.00 secs] 
107.642: Total time for which application threads were stopped: 0.0004430 seconds, Stopping threads took: 0.0000640 seconds
107.709: Application time: 0.0669180 seconds
107.709: [GC107.709: [ParNew: 15058K->210K(16640K), 0.0003560 secs] 47354K->32506K(55552K), 0.0003820 secs] [Times: user=0.01 sys=0.00, real=0.00 secs] 
107.710: Total time for which application threads were stopped: 0.0004940 seconds, Stopping threads took: 0.0000540 seconds
107.777: Application time: 0.0669140 seconds
107.777: [GC107.777: [ParNew: 15057K->201K(16640K), 0.0003910 secs] 47354K->32498K(55552K), 0.0004160 secs] [Times: user=0.00 sys=0.00, real=0.00 secs] 
107.777: Total time for which application threads were stopped: 0.0005380 seconds, Stopping threads took: 0.0000710 seconds
107.844: Application time: 0.0672690 seconds
107.847: [GC107.847: [ParNew: 15048K->201K(16640K), 0.0003370 secs] 47345K->32498K(55552K), 0.0003630 secs] [Times: user=0.01 sys=0.00, real=0.00 secs] 
107.847: Total time for which application threads were stopped: 0.0030780 seconds, Stopping threads took: 0.0026620 seconds
107.913: Application time: 0.0655990 seconds
107.913: [GC107.913: [ParNew: 15049K->233K(16640K), 0.0003680 secs] 47345K->32529K(55552K), 0.0003950 secs] [Times: user=0.00 sys=0.00, real=0.00 secs] 
107.914: Total time for which application threads were stopped: 0.0005270 seconds, Stopping threads took: 0.0000730 seconds
107.981: Application time: 0.0670630 seconds
107.981: [GC107.981: [ParNew: 15080K->232K(16640K), 0.0003240 secs] 47377K->32528K(55552K), 0.0003510 secs] [Times: user=0.00 sys=0.00, real=0.00 secs] 
107.981: Total time for which application threads were stopped: 0.0004480 seconds, Stopping threads took: 0.0000480 seconds
108.041: Application time: 0.0594980 seconds
108.041: [GC108.041: [ParNew: 15076K->416K(16640K), 0.0003620 secs] 47373K->32713K(55552K), 0.0003890 secs] [Times: user=0.01 sys=0.00, real=0.00 secs] 
108.041: Total time for which application threads were stopped: 0.0004990 seconds, Stopping threads took: 0.0000540 seconds
108.096: Application time: 0.0552100 seconds
108.096: [GC108.096: [ParNew: 15261K->427K(16640K), 0.0003770 secs] 47558K->32724K(55552K), 0.0004040 secs] [Times: user=0.00 sys=0.00, real=0.00 secs] 
108.097: Total time for which application threads were stopped: 0.0005150 seconds, Stopping threads took: 0.0000560 seconds
108.156: Application time: 0.0591900 seconds
108.156: [GC108.156: [ParNew: 15182K->528K(16640K), 0.0019680 secs] 47479K->32825K(55552K), 0.0020000 secs] [Times: user=0.00 sys=0.00, real=0.00 secs] 
108.158: Total time for which application threads were stopped: 0.0021370 seconds, Stopping threads took: 0.0000710 seconds
108.210: Application time: 0.0514570 seconds
108.210: [GC108.210: [ParNew: 15376K->668K(16640K), 0.0004120 secs] 47672K->32964K(55552K), 0.0004380 secs] [Times: user=0.01 sys=0.00, real=0.00 secs] 
108.210: Total time for which application threads were stopped: 0.0005810 seconds, Stopping threads took: 0.0000850 seconds
108.275: Application time: 0.0648470 seconds
108.275: [GC108.275: [ParNew: 15514K->463K(16640K), 0.0004240 secs] 47811K->32979K(55552K), 0.0004510 secs] [Times: user=0.00 sys=0.00, real=0.00 secs] 
108.276: Total time for which application threads were stopped: 0.0005650 seconds, Stopping threads took: 0.0000620 seconds
108.342: Application time: 0.0665140 seconds
108.342: [GC108.342: [ParNew: 15311K->470K(16640K), 0.0003790 secs] 47826K->32985K(55552K), 0.0004070 secs] [Times: user=0.00 sys=0.00, real=0.00 secs] 
108.343: Total time for which application threads were stopped: 0.0005310 seconds, Stopping threads took: 0.0000690 seconds
108.409: Application time: 0.0666720 seconds
108.409: [GC108.410: [ParNew: 15317K->497K(16640K), 0.0003870 secs] 47832K->33012K(55552K), 0.0004230 secs] [Times: user=0.00 sys=0.00, real=0.00 secs] 
108.410: Total time for which application threads were stopped: 0.0005400 seconds, Stopping threads took: 0.0000590 seconds
108.475: Application time: 0.0646850 seconds
108.475: [GC108.475: [ParNew: 15341K->429K(16640K), 0.0004010 secs] 47857K->32944K(55552K), 0.0004290 secs] [Times: user=0.00 sys=0.00, real=0.00 secs] 
108.475: Total time for which application threads were stopped: 0.0005380 seconds, Stopping threads took: 0.0000570 seconds
108.539: Application time: 0.0637240 seconds
108.539: [GC108.539: [ParNew: 15276K->586K(16640K), 0.0004420 secs] 47792K->33130K(55552K), 0.0004710 secs] [Times: user=0.00 sys=0.00, real=0.01 secs] 
108.539: Total time for which application threads were stopped: 0.0005940 seconds, Stopping threads took: 0.0000680 seconds
108.588: Application time: 0.0482080 seconds
108.588: [GC108.588: [ParNew: 15431K->681K(16640K), 0.0004320 secs] 47975K->33225K(55552K), 0.0004580 secs] [Times: user=0.00 sys=0.00, real=0.00 secs] 
108.588: Total time for which application threads were stopped: 0.0005950 seconds, Stopping threads took: 0.0000810 seconds
108.621: Application time: 0.0325850 seconds
108.621: [GC108.621: [ParNew: 15527K->1333K(16640K), 0.0005270 secs] 48071K->33877K(55552K), 0.0005530 secs] [Times: user=0.00 sys=0.00, real=0.00 secs] 
108.622: Total time for which application threads were stopped: 0.0006590 seconds, Stopping threads took: 0.0000500 seconds
108.651: Application time: 0.0296710 seconds
108.651: [GC108.651: [ParNew: 16176K->1329K(16640K), 0.0006340 secs] 48720K->34121K(55552K), 0.0006600 secs] [Times: user=0.01 sys=0.00, real=0.00 secs] 
108.652: Total time for which application threads were stopped: 0.0007750 seconds, Stopping threads took: 0.0000570 seconds
108.702: Application time: 0.0495660 seconds
108.702: [GC108.702: [ParNew: 16177K->1201K(16640K), 0.0005640 secs] 48968K->34240K(55552K), 0.0005910 secs] [Times: user=0.01 sys=0.00, real=0.00 secs] 
108.702: Total time for which application threads were stopped: 0.0007470 seconds, Stopping threads took: 0.0000870 seconds
108.764: Application time: 0.0613890 seconds
108.767: [GC108.767: [ParNew: 16046K->1008K(16640K), 0.0005520 secs] 49085K->34266K(55552K), 0.0005820 secs] [Times: user=0.00 sys=0.00, real=0.00 secs] 
108.768: Total time for which application threads were stopped: 0.0040540 seconds, Stopping threads took: 0.0034120 seconds
108.833: Application time: 0.0653510 seconds
108.833: [GC108.833: [ParNew: 15856K->863K(16640K), 0.0004470 secs] 49113K->34121K(55552K), 0.0004760 secs] [Times: user=0.00 sys=0.00, real=0.00 secs] 
108.834: Total time for which application threads were stopped: 0.0006200 seconds, Stopping threads took: 0.0000900 seconds
108.899: Application time: 0.0648470 seconds
108.899: [GC108.899: [ParNew: 15710K->905K(16640K), 0.0004630 secs] 48968K->34163K(55552K), 0.0004920 secs] [Times: user=0.00 sys=0.00, real=0.01 secs] 
108.899: Total time for which application threads were stopped: 0.0006220 seconds, Stopping threads took: 0.0000720 seconds
108.963: Application time: 0.0641600 seconds
108.963: [GC108.963: [ParNew: 15752K->1106K(16640K), 0.0004730 secs] 49010K->34364K(55552K), 0.0005000 secs] [Times: user=0.00 sys=0.00, real=0.00 secs] 
108.964: Total time for which application threads were stopped: 0.0006040 seconds, Stopping threads took: 0.0000450 seconds
109.027: Application time: 0.0625800 seconds
109.027: [GC109.027: [ParNew: 15951K->1049K(16640K), 0.0005020 secs] 49209K->34336K(55552K), 0.0005300 secs] [Times: user=0.00 sys=0.00, real=0.01 secs] 
109.027: Total time for which application threads were stopped: 0.0006430 seconds, Stopping threads took: 0.0000610 seconds
109.088: Application time: 0.0611850 seconds
109.088: [GC109.088: [ParNew: 15896K->1130K(16640K), 0.0004640 secs] 49183K->34418K(55552K), 0.0004900 secs] [Times: user=0.01 sys=0.00, real=0.00 secs] 
109.089: Total time for which application threads were stopped: 0.0006060 seconds, Stopping threads took: 0.0000650 seconds
109.155: Application time: 0.0663560 seconds
109.155: [GC109.155: [ParNew: 15978K->910K(16640K), 0.0004960 secs] 49265K->34388K(55552K), 0.0005340 secs] [Times: user=0.00 sys=0.00, real=0.00 secs] 
109.156: Total time for which application threads were stopped: 0.0006700 seconds, Stopping threads took: 0.0000770 seconds
109.210: Application time: 0.0538080 seconds
109.210: [GC109.210: [ParNew: 15758K->1128K(16640K), 0.0004810 secs] 49235K->34605K(55552K), 0.0005090 secs] [Times: user=0.00 sys=0.00, real=0.00 secs] 
109.210: Total time for which application threads were stopped: 0.0006290 seconds, Stopping threads took: 0.0000550 seconds
109.269: Application time: 0.0590410 seconds
109.270: [GC109.270: [ParNew: 15973K->234K(16640K), 0.0005110 secs] 49450K->34471K(55552K), 0.0005390 secs] [Times: user=0.01 sys=0.00, real=0.00 secs] 
109.270: Total time for which application threads were stopped: 0.0006460 seconds, Stopping threads took: 0.0000480 seconds
109.337: Application time: 0.0664930 seconds
109.337: [GC109.337: [ParNew: 15078K->252K(16640K), 0.0003400 secs] 49316K->34490K(55552K), 0.0003670 secs] [Times: user=0.01 sys=0.00, real=0.00 secs] 
109.337: Total time for which application threads were stopped: 0.0004730 seconds, Stopping threads took: 0.0000550 seconds
109.404: Application time: 0.0667220 seconds
109.404: [GC109.404: [ParNew: 15100K->216K(16640K), 0.0003380 secs] 49337K->34454K(55552K), 0.0003650 secs] [Times: user=0.00 sys=0.00, real=0.00 secs] 
109.404: Total time for which application threads were stopped: 0.0004780 seconds, Stopping threads took: 0.0000560 seconds
109.471: Application time: 0.0667450 seconds
109.471: [GC109.471: [ParNew: 15064K->199K(16640K), 0.0004240 secs] 49301K->34437K(55552K), 0.0004510 secs] [Times: user=0.01 sys=0.00, real=0.00 secs] 
109.472: Total time for which application threads were stopped: 0.0005720 seconds, Stopping threads took: 0.0000620 seconds
109.540: Application time: 0.0678940 seconds
109.540: [GC109.540: [ParNew: 15045K->196K(16640K), 0.0003950 secs] 49282K->34433K(55552K), 0.0004210 secs] [Times: user=0.00 sys=0.00, real=0.00 secs] 
109.540: Total time for which application threads were stopped: 0.0005330 seconds, Stopping threads took: 0.0000620 seconds
109.606: Application time: 0.0659520 seconds
109.606: [GC109.606: [ParNew: 15041K->199K(16640K), 0.0003940 secs] 49278K->34436K(55552K), 0.0004200 secs] [Times: user=0.00 sys=0.00, real=0.00 secs] 
109.607: Total time for which application threads were stopped: 0.0005280 seconds, Stopping threads took: 0.0000520 seconds
109.673: Application time: 0.0660030 seconds
109.673: [GC109.673: [ParNew: 15044K->229K(16640K), 0.0003550 secs] 49282K->34467K(55552K), 0.0003830 secs] [Times: user=0.00 sys=0.00, real=0.00 secs] 
109.673: Total time for which application threads were stopped: 0.0005040 seconds, Stopping threads took: 0.0000620 seconds
109.740: Application time: 0.0667950 seconds
109.740: [GC109.740: [ParNew: 15077K->227K(16640K), 0.0004010 secs] 49314K->34464K(55552K), 0.0004280 secs] [Times: user=0.01 sys=0.00, real=0.00 secs] 
109.740: Total time for which application threads were stopped: 0.0005540 seconds, Stopping threads took: 0.0000660 seconds
109.790: Application time: 0.0498300 seconds
109.790: [GC109.790: [ParNew: 15074K->415K(16640K), 0.0003750 secs] 49311K->34653K(55552K), 0.0004030 secs] [Times: user=0.00 sys=0.00, real=0.00 secs] 
109.791: Total time for which application threads were stopped: 0.0005090 seconds, Stopping threads took: 0.0000500 seconds
109.853: Application time: 0.0627650 seconds
109.854: [GC109.854: [ParNew: 15261K->421K(16640K), 0.0003790 secs] 49498K->34659K(55552K), 0.0004070 secs] [Times: user=0.00 sys=0.00, real=0.00 secs] 
109.854: Total time for which application threads were stopped: 0.0005310 seconds, Stopping threads took: 0.0000660 seconds
109.910: Application time: 0.0555450 seconds
109.910: [GC109.910: [ParNew: 15265K->641K(16640K), 0.0004910 secs] 49503K->34878K(55552K), 0.0005180 secs] [Times: user=0.00 sys=0.00, real=0.00 secs] 
109.910: Total time for which application threads were stopped: 0.0006340 seconds, Stopping threads took: 0.0000500 seconds
109.966: Application time: 0.0558000 seconds
109.966: [GC109.966: [ParNew: 15488K->671K(16640K), 0.0004340 secs] 49726K->34909K(55552K), 0.0004620 secs] [Times: user=0.01 sys=0.00, real=0.00 secs] 
109.967: Total time for which application threads were stopped: 0.0005850 seconds, Stopping threads took: 0.0000640 seconds
110.032: Application time: 0.0656380 seconds
110.032: [GC110.032: [ParNew: 15518K->454K(16640K), 0.0004370 secs] 49756K->34910K(55552K), 0.0004650 secs] [Times: user=0.01 sys=0.00, real=0.00 secs] 
110.033: Total time for which application threads were stopped: 0.0005770 seconds, Stopping threads took: 0.0000580 seconds
110.100: Application time: 0.0670770 seconds
110.100: [GC110.100: [ParNew: 15300K->447K(16640K), 0.0003910 secs] 49756K->34903K(55552K), 0.0004170 secs] [Times: user=0.01 sys=0.00, real=0.00 secs] 
110.100: Total time for which application threads were stopped: 0.0005460 seconds, Stopping threads took: 0.0000750 seconds
110.167: Application time: 0.0665960 seconds
110.167: [GC110.167: [ParNew: 15295K->462K(16640K), 0.0003710 secs] 49751K->34918K(55552K), 0.0003980 secs] [Times: user=0.00 sys=0.00, real=0.00 secs] 
110.168: Total time for which application threads were stopped: 0.0005360 seconds, Stopping threads took: 0.0000800 seconds
110.233: Application time: 0.0651350 seconds
110.233: [GC110.233: [ParNew: 15307K->448K(16640K), 0.0004480 secs] 49763K->34904K(55552K), 0.0004740 secs] [Times: user=0.00 sys=0.00, real=0.00 secs] 
110.233: Total time for which application threads were stopped: 0.0005880 seconds, Stopping threads took: 0.0000610 seconds
110.292: Application time: 0.0583170 seconds
110.292: [GC110.292: [ParNew: 15294K->626K(16640K), 0.0004660 secs] 49750K->35110K(55552K), 0.0004950 secs] [Times: user=0.00 sys=0.00, real=0.00 secs] 
110.292: Total time for which application threads were stopped: 0.0006230 seconds, Stopping threads took: 0.0000630 seconds
110.339: Application time: 0.0471330 seconds
110.339: [GC110.340: [ParNew: 15470K->1048K(16640K), 0.0004770 secs] 49954K->35533K(55552K), 0.0005050 secs] [Times: user=0.00 sys=0.00, real=0.00 secs] 
110.340: Total time for which application threads were stopped: 0.0006360 seconds, Stopping threads took: 0.0000750 seconds
110.371: Application time: 0.0312610 seconds
110.371: [GC110.371: [ParNew: 15896K->1103K(16640K), 0.0007080 secs] 50381K->35778K(55552K), 0.0007360 secs] [Times: user=0.00 sys=0.00, real=0.00 secs] 
110.372: Total time for which application threads were stopped: 0.0008460 seconds, Stopping threads took: 0.0000520 seconds
110.406: Application time: 0.0335600 seconds
110.407: [GC110.407: [ParNew: 15950K->1288K(16640K), 0.0006450 secs] 50625K->36210K(55552K), 0.0006710 secs] [Times: user=0.01 sys=0.00, real=0.00 secs] 
110.408: Total time for which application threads were stopped: 0.0021320 seconds, Stopping threads took: 0.0014020 seconds
110.460: Application time: 0.0521130 seconds
110.460: [GC110.460: [ParNew: 16133K->796K(16640K), 0.0005540 secs] 51055K->36213K(55552K), 0.0005820 secs] [Times: user=0.01 sys=0.00, real=0.00 secs] 
110.461: Total time for which application threads were stopped: 0.0006980 seconds, Stopping threads took: 0.0000580 seconds
110.523: Application time: 0.0628490 seconds
110.524: [GC110.524: [ParNew: 15641K->804K(16640K), 0.0004370 secs] 51058K->36222K(55552K), 0.0004660 secs] [Times: user=0.00 sys=0.00, real=0.00 secs] 
110.524: Total time for which application threads were stopped: 0.0005740 seconds, Stopping threads took: 0.0000480 seconds
110.590: Application time: 0.0656430 seconds
110.590: [GC110.590: [ParNew: 15652K->851K(16640K), 0.0004800 secs] 51069K->36269K(55552K), 0.0005080 secs] [Times: user=0.01 sys=0.00, real=0.00 secs] 
110.590: Total time for which application threads were stopped: 0.0006210 seconds, Stopping threads took: 0.0000590 seconds
110.656: Application time: 0.0659070 seconds
110.656: [GC110.656: [ParNew: 15696K->889K(16640K), 0.0004050 secs] 51114K->36306K(55552K), 0.0004290 secs] [Times: user=0.00 sys=0.00, real=0.00 secs] 
110.657: Total time for which application threads were stopped: 0.0005350 seconds, Stopping threads took: 0.0000520 seconds
110.721: Application time: 0.0643960 seconds
110.721: [GC110.721: [ParNew: 15733K->1009K(16640K), 0.0004890 secs] 51151K->36427K(55552K), 0.0005160 secs] [Times: user=0.00 sys=0.00, real=0.00 secs] 
110.722: Total time for which application threads were stopped: 0.0006310 seconds, Stopping threads took: 0.0000560 seconds
110.784: Application time: 0.0620460 seconds
110.784: [GC110.784: [ParNew: 15853K->1046K(16640K), 0.0005390 secs] 51271K->36464K(55552K), 0.0005630 secs] [Times: user=0.00 sys=0.00, real=0.00 secs] 
110.785: Total time for which application threads were stopped: 0.0006660 seconds, Stopping threads took: 0.0000530 seconds
110.847: Application time: 0.0629070 seconds
110.848: [GC110.848: [ParNew: 15889K->1154K(16640K), 0.0004420 secs] 51308K->36573K(55552K), 0.0004700 secs] [Times: user=0.01 sys=0.00, real=0.00 secs] 
110.848: Total time for which application threads were stopped: 0.0005890 seconds, Stopping threads took: 0.0000550 seconds
110.915: Application time: 0.0665030 seconds
110.915: [GC110.915: [ParNew: 16002K->937K(16640K), 0.0005430 secs] 51420K->36736K(55552K), 0.0005700 secs] [Times: user=0.00 sys=0.00, real=0.00 secs] 
110.915: Total time for which application threads were stopped: 0.0006760 seconds, Stopping threads took: 0.0000490 seconds
110.964: Application time: 0.0486080 seconds
110.964: Total time for which application threads were stopped: 0.0000830 seconds, Stopping threads took: 0.0000610 seconds
110.964: Application time: 0.0000460 seconds
110.964: [GC110.964: [ParNew: 15910K->836K(16640K), 0.0004340 secs] 51708K->36634K(55552K), 0.0004600 secs] [Times: user=0.00 sys=0.00, real=0.00 secs] 
110.964: Total time for which application threads were stopped: 0.0005450 seconds, Stopping threads took: 0.0000470 seconds
111.030: Application time: 0.0659930 seconds
111.031: [GC111.031: [ParNew: 15683K->871K(16640K), 0.0004090 secs] 51481K->36669K(55552K), 0.0004390 secs] [Times: user=0.00 sys=0.00, real=0.00 secs] 
111.031: Total time for which application threads were stopped: 0.0005670 seconds, Stopping threads took: 0.0000800 seconds
111.097: Application time: 0.0663160 seconds
111.097: [GC111.097: [ParNew: 15718K->853K(16640K), 0.0005240 secs] 51517K->36652K(55552K), 0.0005510 secs] [Times: user=0.00 sys=0.00, real=0.00 secs] 
111.098: Total time for which application threads were stopped: 0.0006720 seconds, Stopping threads took: 0.0000650 seconds
111.164: Application time: 0.0662040 seconds
111.164: [GC111.164: [ParNew: 15701K->854K(16640K), 0.0005060 secs] 51499K->36652K(55552K), 0.0005320 secs] [Times: user=0.00 sys=0.00, real=0.00 secs] 
111.165: Total time for which application threads were stopped: 0.0006520 seconds, Stopping threads took: 0.0000610 seconds
111.231: Application time: 0.0662750 seconds
111.231: [GC111.231: [ParNew: 15701K->245K(16640K), 0.0004580 secs] 51500K->36614K(55552K), 0.0004870 secs] [Times: user=0.00 sys=0.00, real=0.00 secs] 
111.232: Total time for which application threads were stopped: 0.0006210 seconds, Stopping threads took: 0.0000820 seconds
111.232: Application time: 0.0000450 seconds
111.235: [GC [1 CMS-initial-mark: 36368K(38912K)] 36645K(55552K), 0.0000960 secs] [Times: user=0.00 sys=0.00, real=0.00 secs] 
111.235: Total time for which application threads were stopped: 0.0033360 seconds, Stopping threads took: 0.0032220 seconds
111.235: [CMS-concurrent-mark-start]
111.240: [CMS-concurrent-mark: 0.005/0.005 secs] [Times: user=0.03 sys=0.00, real=0.01 secs] 
111.241: [CMS-concurrent-preclean-start]
111.241: [CMS-concurrent-preclean: 0.000/0.000 secs] [Times: user=0.00 sys=0.00, real=0.00 secs] 
111.241: Application time: 0.0054660 seconds
111.243: [GC[YG occupancy: 1354 K (16640 K)]111.243: [Rescan (parallel) , 0.0001360 secs]111.243: [weak refs processing, 0.0000850 secs]111.243: [scrub string table, 0.0001020 secs] [1 CMS-remark: 36368K(38912K)] 37723K(55552K), 0.0003530 secs] [Times: user=0.00 sys=0.00, real=0.00 secs] 
111.243: Total time for which application threads were stopped: 0.0028360 seconds, Stopping threads took: 0.0024580 seconds
111.244: [CMS-concurrent-sweep-start]
111.247: [CMS-concurrent-sweep: 0.003/0.003 secs] [Times: user=0.01 sys=0.00, real=0.00 secs] 
111.247: [CMS-concurrent-reset-start]
111.247: [CMS-concurrent-reset: 0.000/0.000 secs] [Times: user=0.00 sys=0.00, real=0.00 secs] 
111.307: Application time: 0.0632350 seconds
111.307: [GC111.307: [ParNew: 15091K->242K(16640K), 0.0003990 secs] 18033K->3184K(55552K), 0.0004250 secs] [Times: user=0.00 sys=0.00, real=0.01 secs] 
111.307: Total time for which application threads were stopped: 0.0005470 seconds, Stopping threads took: 0.0000660 seconds
111.373: Application time: 0.0652700 seconds
111.373: [GC111.373: [ParNew: 15089K->236K(16640K), 0.0004210 secs] 18031K->3177K(55552K), 0.0004490 secs] [Times: user=0.00 sys=0.00, real=0.00 secs] 
111.373: Total time for which application threads were stopped: 0.0005740 seconds, Stopping threads took: 0.0000610 seconds
111.441: Application time: 0.0675280 seconds
111.441: [GC111.441: [ParNew: 15083K->239K(16640K), 0.0003850 secs] 18025K->3181K(55552K), 0.0004130 secs] [Times: user=0.00 sys=0.00, real=0.00 secs] 
111.441: Total time for which application threads were stopped: 0.0005320 seconds, Stopping threads took: 0.0000660 seconds
111.508: Application time: 0.0669500 seconds
111.508: [GC111.508: [ParNew: 15087K->239K(16640K), 0.0003120 secs] 18028K->3181K(55552K), 0.0003380 secs] [Times: user=0.00 sys=0.00, real=0.00 secs] 
111.509: Total time for which application threads were stopped: 0.0004570 seconds, Stopping threads took: 0.0000620 seconds
111.557: Application time: 0.0485260 seconds
111.557: [GC111.557: [ParNew: 15084K->420K(16640K), 0.0003680 secs] 18025K->3361K(55552K), 0.0003950 secs] [Times: user=0.01 sys=0.00, real=0.00 secs] 
111.558: Total time for which application threads were stopped: 0.0005180 seconds, Stopping threads took: 0.0000670 seconds
111.620: Application time: 0.0622000 seconds
111.620: [GC111.620: [ParNew: 15263K->620K(16640K), 0.0004110 secs] 18205K->3562K(55552K), 0.0004380 secs] [Times: user=0.00 sys=0.00, real=0.00 secs] 
111.620: Total time for which application threads were stopped: 0.0005600 seconds, Stopping threads took: 0.0000640 seconds
111.668: Application time: 0.0476910 seconds
111.668: [GC111.668: [ParNew: 15464K->676K(16640K), 0.0004010 secs] 18406K->3618K(55552K), 0.0004290 secs] [Times: user=0.00 sys=0.00, real=0.00 secs] 
111.669: Total time for which application threads were stopped: 0.0005490 seconds, Stopping threads took: 0.0000610 seconds
111.733: Application time: 0.0645630 seconds
111.733: [GC111.733: [ParNew: 15521K->450K(16640K), 0.0004360 secs] 18462K->3610K(55552K), 0.0004610 secs] [Times: user=0.00 sys=0.00, real=0.00 secs] 
111.734: Total time for which application threads were stopped: 0.0005640 seconds, Stopping threads took: 0.0000530 seconds
111.801: Application time: 0.0671510 seconds
111.801: [GC111.801: [ParNew: 15295K->469K(16640K), 0.0004030 secs] 18456K->3630K(55552K), 0.0004290 secs] [Times: user=0.00 sys=0.00, real=0.00 secs] 
111.801: Total time for which application threads were stopped: 0.0005490 seconds, Stopping threads took: 0.0000660 seconds
111.868: Application time: 0.0667740 seconds
111.868: [GC111.868: [ParNew: 15317K->474K(16640K), 0.0003960 secs] 18477K->3634K(55552K), 0.0004230 secs] [Times: user=0.01 sys=0.00, real=0.00 secs] 
111.869: Total time for which application threads were stopped: 0.0005460 seconds, Stopping threads took: 0.0000650 seconds
111.936: Application time: 0.0667000 seconds
111.936: [GC111.936: [ParNew: 15322K->464K(16640K), 0.0003990 secs] 18482K->3624K(55552K), 0.0004270 secs] [Times: user=0.00 sys=0.00, real=0.00 secs] 
111.936: Total time for which application threads were stopped: 0.0005400 seconds, Stopping threads took: 0.0000560 seconds
112.001: Application time: 0.0647120 seconds
112.001: [GC112.001: [ParNew: 15308K->468K(16640K), 0.0003500 secs] 18469K->3629K(55552K), 0.0003840 secs] [Times: user=0.00 sys=0.00, real=0.00 secs] 
112.001: Total time for which application threads were stopped: 0.0005010 seconds, Stopping threads took: 0.0000620 seconds
112.057: Application time: 0.0556070 seconds
112.057: [GC112.057: [ParNew: 15315K->688K(16640K), 0.0004180 secs] 18475K->3877K(55552K), 0.0004460 secs] [Times: user=0.00 sys=0.00, real=0.00 secs] 
112.057: Total time for which application threads were stopped: 0.0005710 seconds, Stopping threads took: 0.0000670 seconds
112.100: Application time: 0.0422520 seconds
112.100: [GC112.100: [ParNew: 15534K->1058K(16640K), 0.0004770 secs] 18723K->4247K(55552K), 0.0005040 secs] [Times: user=0.00 sys=0.00, real=0.00 secs] 
112.100: Total time for which application threads were stopped: 0.0006190 seconds, Stopping threads took: 0.0000570 seconds
112.131: Application time: 0.0309330 seconds
112.131: [GC112.131: [ParNew: 15904K->1429K(16640K), 0.0005740 secs] 19093K->4808K(55552K), 0.0006020 secs] [Times: user=0.00 sys=0.00, real=0.00 secs] 
112.132: Total time for which application threads were stopped: 0.0007250 seconds, Stopping threads took: 0.0000680 seconds
112.166: Application time: 0.0342850 seconds
112.166: [GC112.166: [ParNew: 16273K->1232K(16640K), 0.0005660 secs] 19651K->4859K(55552K), 0.0005930 secs] [Times: user=0.00 sys=0.00, real=0.00 secs] 
112.167: Total time for which application threads were stopped: 0.0007040 seconds, Stopping threads took: 0.0000520 seconds
112.225: Application time: 0.0576270 seconds
112.225: [GC112.225: [ParNew: 16030K->1036K(16640K), 0.0005110 secs] 19656K->4749K(55552K), 0.0005370 secs] [Times: user=0.00 sys=0.00, real=0.00 secs] 
112.225: Total time for which application threads were stopped: 0.0006670 seconds, Stopping threads took: 0.0000700 seconds
112.288: Application time: 0.0631910 seconds
112.289: [GC112.289: [ParNew: 15880K->1133K(16640K), 0.0004640 secs] 19593K->4846K(55552K), 0.0004910 secs] [Times: user=0.00 sys=0.00, real=0.00 secs] 
112.289: Total time for which application threads were stopped: 0.0006290 seconds, Stopping threads took: 0.0000840 seconds
112.355: Application time: 0.0656410 seconds
112.355: [GC112.355: [ParNew: 15981K->890K(16640K), 0.0005110 secs] 19693K->4821K(55552K), 0.0005390 secs] [Times: user=0.00 sys=0.00, real=0.00 secs] 
112.355: Total time for which application threads were stopped: 0.0006730 seconds, Stopping threads took: 0.0000770 seconds
112.421: Application time: 0.0655460 seconds
112.421: [GC112.421: [ParNew: 15737K->848K(16640K), 0.0005280 secs] 19668K->4779K(55552K), 0.0005550 secs] [Times: user=0.00 sys=0.00, real=0.00 secs] 
112.422: Total time for which application threads were stopped: 0.0006700 seconds, Stopping threads took: 0.0000580 seconds
112.485: Application time: 0.0638490 seconds
112.486: [GC112.486: [ParNew: 15693K->1080K(16640K), 0.0004980 secs] 19624K->5011K(55552K), 0.0005260 secs] [Times: user=0.00 sys=0.00, real=0.00 secs] 
112.486: Total time for which application threads were stopped: 0.0006400 seconds, Stopping threads took: 0.0000520 seconds
112.549: Application time: 0.0624750 seconds
112.549: [GC112.549: [ParNew: 15924K->1049K(16640K), 0.0005090 secs] 19855K->4981K(55552K), 0.0005340 secs] [Times: user=0.00 sys=0.00, real=0.00 secs] 
112.549: Total time for which application threads were stopped: 0.0006490 seconds, Stopping threads took: 0.0000620 seconds
112.613: Application time: 0.0637140 seconds
112.613: [GC112.613: [ParNew: 15896K->1103K(16640K), 0.0004780 secs] 19828K->5035K(55552K), 0.0005060 secs] [Times: user=0.00 sys=0.00, real=0.00 secs] 
112.614: Total time for which application threads were stopped: 0.0006170 seconds, Stopping threads took: 0.0000550 seconds
112.671: Application time: 0.0572180 seconds
112.671: [GC112.671: [ParNew: 15946K->1095K(16640K), 0.0005470 secs] 19879K->5217K(55552K), 0.0005730 secs] [Times: user=0.01 sys=0.00, real=0.00 secs] 
112.672: Total time for which application threads were stopped: 0.0006990 seconds, Stopping threads took: 0.0000690 seconds
112.728: Application time: 0.0565190 seconds
112.728: [GC112.728: [ParNew: 15940K->685K(16640K), 0.0005110 secs] 20062K->5187K(55552K), 0.0005490 secs] [Times: user=0.00 sys=0.00, real=0.00 secs] 
112.729: Total time for which application threads were stopped: 0.0006640 seconds, Stopping threads took: 0.0000630 seconds
112.794: Application time: 0.0653720 seconds
112.794: [GC112.794: [ParNew: 15532K->730K(16640K), 0.0003770 secs] 20034K->5232K(55552K), 0.0004040 secs] [Times: user=0.01 sys=0.00, real=0.00 secs] 
112.795: Total time for which application threads were stopped: 0.0005380 seconds, Stopping threads took: 0.0000800 seconds
112.861: Application time: 0.0665310 seconds
112.861: [GC112.861: [ParNew: 15577K->593K(16640K), 0.0003850 secs] 20080K->5095K(55552K), 0.0004120 secs] [Times: user=0.00 sys=0.00, real=0.00 secs] 
112.862: Total time for which application threads were stopped: 0.0005380 seconds, Stopping threads took: 0.0000690 seconds
112.928: Application time: 0.0667630 seconds
112.929: [GC112.929: [ParNew: 15441K->634K(16640K), 0.0003730 secs] 19943K->5136K(55552K), 0.0003980 secs] [Times: user=0.00 sys=0.00, real=0.00 secs] 
112.929: Total time for which application threads were stopped: 0.0005050 seconds, Stopping threads took: 0.0000570 seconds
112.996: Application time: 0.0666070 seconds
112.996: [GC112.996: [ParNew: 15481K->312K(16640K), 0.0004120 secs] 19983K->5195K(55552K), 0.0004390 secs] [Times: user=0.00 sys=0.00, real=0.00 secs] 
112.996: Total time for which application threads were stopped: 0.0005540 seconds, Stopping threads took: 0.0000520 seconds
113.063: Application time: 0.0672740 seconds
113.063: [GC113.064: [ParNew: 15160K->213K(16640K), 0.0003350 secs] 20042K->5096K(55552K), 0.0003610 secs] [Times: user=0.00 sys=0.00, real=0.00 secs] 
113.064: Total time for which application threads were stopped: 0.0004800 seconds, Stopping threads took: 0.0000610 seconds
113.129: Application time: 0.0652440 seconds
113.129: [GC113.129: [ParNew: 15060K->245K(16640K), 0.0003460 secs] 19942K->5127K(55552K), 0.0003720 secs] [Times: user=0.01 sys=0.00, real=0.00 secs] 
113.130: Total time for which application threads were stopped: 0.0004880 seconds, Stopping threads took: 0.0000650 seconds
113.197: Application time: 0.0673950 seconds
113.197: [GC113.197: [ParNew: 15092K->232K(16640K), 0.0003610 secs] 19975K->5115K(55552K), 0.0003930 secs] [Times: user=0.01 sys=0.00, real=0.00 secs] 
113.198: Total time for which application threads were stopped: 0.0005090 seconds, Stopping threads took: 0.0000620 seconds
113.265: Application time: 0.0671740 seconds
113.265: [GC113.265: [ParNew: 15080K->229K(16640K), 0.0003240 secs] 19962K->5111K(55552K), 0.0003520 secs] [Times: user=0.00 sys=0.00, real=0.00 secs] 
113.265: Total time for which application threads were stopped: 0.0004600 seconds, Stopping threads took: 0.0000510 seconds
113.314: Application time: 0.0485630 seconds
113.314: [GC113.314: [ParNew: 15073K->415K(16640K), 0.0003700 secs] 19955K->5298K(55552K), 0.0003960 secs] [Times: user=0.00 sys=0.00, real=0.00 secs] 
113.314: Total time for which application threads were stopped: 0.0005440 seconds, Stopping threads took: 0.0000900 seconds
113.372: Application time: 0.0582010 seconds
113.373: Total time for which application threads were stopped: 0.0000900 seconds, Stopping threads took: 0.0000680 seconds
113.373: Application time: 0.0000490 seconds
113.373: [GC113.373: [ParNew: 15323K->627K(16640K), 0.0004330 secs] 20205K->5509K(55552K), 0.0004590 secs] [Times: user=0.00 sys=0.00, real=0.00 secs] 
113.373: Total time for which application threads were stopped: 0.0005290 seconds, Stopping threads took: 0.0000320 seconds
113.424: Application time: 0.0508280 seconds
113.427: [GC113.427: [ParNew: 15473K->668K(16640K), 0.0004600 secs] 20355K->5551K(55552K), 0.0004870 secs] [Times: user=0.00 sys=0.00, real=0.00 secs] 
113.428: Total time for which application threads were stopped: 0.0036640 seconds, Stopping threads took: 0.0031190 seconds
113.493: Application time: 0.0650110 seconds
113.493: [GC113.493: [ParNew: 15513K->443K(16640K), 0.0004400 secs] 20395K->5544K(55552K), 0.0004740 secs] [Times: user=0.01 sys=0.00, real=0.00 secs] 
113.493: Total time for which application threads were stopped: 0.0005870 seconds, Stopping threads took: 0.0000610 seconds
113.560: Application time: 0.0665460 seconds
113.560: [GC113.560: [ParNew: 15290K->458K(16640K), 0.0003820 secs] 20391K->5559K(55552K), 0.0004110 secs] [Times: user=0.00 sys=0.00, real=0.00 secs] 
113.560: Total time for which application threads were stopped: 0.0005480 seconds, Stopping threads took: 0.0000700 seconds
113.627: Application time: 0.0664820 seconds
113.627: [GC113.627: [ParNew: 15306K->463K(16640K), 0.0004390 secs] 20407K->5564K(55552K), 0.0004660 secs] [Times: user=0.00 sys=0.00, real=0.01 secs] 
113.627: Total time for which application threads were stopped: 0.0005910 seconds, Stopping threads took: 0.0000680 seconds
113.694: Application time: 0.0666730 seconds
113.694: [GC113.694: [ParNew: 15310K->463K(16640K), 0.0003700 secs] 20411K->5564K(55552K), 0.0003960 secs] [Times: user=0.00 sys=0.00, real=0.00 secs] 
113.695: Total time for which application threads were stopped: 0.0005270 seconds, Stopping threads took: 0.0000780 seconds
113.760: Application time: 0.0657820 seconds
113.761: [GC113.761: [ParNew: 15308K->451K(16640K), 0.0004190 secs] 20409K->5552K(55552K), 0.0004460 secs] [Times: user=0.01 sys=0.00, real=0.00 secs] 
113.761: Total time for which application threads were stopped: 0.0005890 seconds, Stopping threads took: 0.0000850 seconds
113.812: Application time: 0.0506730 seconds
113.812: [GC113.812: [ParNew: 15298K->689K(16640K), 0.0004330 secs] 20399K->5818K(55552K), 0.0004600 secs] [Times: user=0.01 sys=0.00, real=0.00 secs] 
113.812: Total time for which application threads were stopped: 0.0005790 seconds, Stopping threads took: 0.0000610 seconds
113.853: Application time: 0.0410540 seconds
113.853: [GC113.853: [ParNew: 15535K->1091K(16640K), 0.0005180 secs] 20665K->6220K(55552K), 0.0005450 secs] [Times: user=0.00 sys=0.00, real=0.00 secs] 
113.854: Total time for which application threads were stopped: 0.0006580 seconds, Stopping threads took: 0.0000540 seconds
113.879: Application time: 0.0250160 seconds
113.879: [GC113.879: [ParNew: 15936K->1371K(16640K), 0.0006440 secs] 21065K->6691K(55552K), 0.0006710 secs] [Times: user=0.01 sys=0.00, real=0.00 secs] 
113.880: Total time for which application threads were stopped: 0.0007900 seconds, Stopping threads took: 0.0000540 seconds
113.921: Application time: 0.0416680 seconds
113.922: [GC113.922: [ParNew: 16217K->1258K(16640K), 0.0006510 secs] 21536K->6825K(55552K), 0.0006780 secs] [Times: user=0.01 sys=0.00, real=0.00 secs] 
113.922: Total time for which application threads were stopped: 0.0007900 seconds, Stopping threads took: 0.0000530 seconds
113.982: Application time: 0.0597640 seconds
113.982: [GC113.982: [ParNew: 16105K->1189K(16640K), 0.0005080 secs] 21672K->6842K(55552K), 0.0005350 secs] [Times: user=0.01 sys=0.00, real=0.00 secs] 
113.983: Total time for which application threads were stopped: 0.0006370 seconds, Stopping threads took: 0.0000520 seconds
114.048: Application time: 0.0658730 seconds
114.050: [GC114.050: [ParNew: 16034K->966K(16640K), 0.0004740 secs] 21687K->6838K(55552K), 0.0005010 secs] [Times: user=0.00 sys=0.00, real=0.00 secs] 
114.050: Total time for which application threads were stopped: 0.0018500 seconds, Stopping threads took: 0.0012860 seconds
114.116: Application time: 0.0651740 seconds
114.116: [GC114.116: [ParNew: 15814K->819K(16640K), 0.0004680 secs] 21686K->6691K(55552K), 0.0004960 secs] [Times: user=0.01 sys=0.00, real=0.00 secs] 
114.116: Total time for which application threads were stopped: 0.0006220 seconds, Stopping threads took: 0.0000590 seconds
114.181: Application time: 0.0650740 seconds
114.181: [GC114.181: [ParNew: 15667K->874K(16640K), 0.0004200 secs] 21539K->6747K(55552K), 0.0004450 secs] [Times: user=0.00 sys=0.00, real=0.00 secs] 
114.182: Total time for which application threads were stopped: 0.0005500 seconds, Stopping threads took: 0.0000550 seconds
114.245: Application time: 0.0634600 seconds
114.245: [GC114.245: [ParNew: 15721K->1042K(16640K), 0.0004560 secs] 21593K->6914K(55552K), 0.0004930 secs] [Times: user=0.00 sys=0.00, real=0.00 secs] 
114.246: Total time for which application threads were stopped: 0.0006020 seconds, Stopping threads took: 0.0000540 seconds
114.305: Application time: 0.0589180 seconds
114.305: [GC114.305: [ParNew: 15890K->1112K(16640K), 0.0004920 secs] 21762K->6985K(55552K), 0.0005190 secs] [Times: user=0.00 sys=0.00, real=0.00 secs] 
114.305: Total time for which application threads were stopped: 0.0006330 seconds, Stopping threads took: 0.0000570 seconds
114.372: Application time: 0.0662920 seconds
114.372: [GC114.372: [ParNew: 15959K->944K(16640K), 0.0004860 secs] 21832K->7007K(55552K), 0.0005130 secs] [Times: user=0.00 sys=0.00, real=0.00 secs] 
114.372: Total time for which application threads were stopped: 0.0006270 seconds, Stopping threads took: 0.0000560 seconds
114.425: Application time: 0.0530790 seconds
114.426: [GC114.426: [ParNew: 15791K->1030K(16640K), 0.0004500 secs] 21854K->7094K(55552K), 0.0004770 secs] [Times: user=0.00 sys=0.00, real=0.00 secs] 
114.426: Total time for which application threads were stopped: 0.0005980 seconds, Stopping threads took: 0.0000640 seconds
114.486: Application time: 0.0599930 seconds
114.486: [GC114.486: [ParNew: 15874K->292K(16640K), 0.0005060 secs] 21937K->7115K(55552K), 0.0005320 secs] [Times: user=0.00 sys=0.00, real=0.00 secs] 
114.487: Total time for which application threads were stopped: 0.0006520 seconds, Stopping threads took: 0.0000690 seconds
114.552: Application time: 0.0657530 seconds
114.552: [GC114.553: [ParNew: 15136K->234K(16640K), 0.0003350 secs] 21960K->7058K(55552K), 0.0003620 secs] [Times: user=0.01 sys=0.00, real=0.00 secs] 
114.553: Total time for which application threads were stopped: 0.0004630 seconds, Stopping threads took: 0.0000470 seconds
114.620: Application time: 0.0667170 seconds
114.620: [GC114.620: [ParNew: 15082K->202K(16640K), 0.0003380 secs] 21905K->7025K(55552K), 0.0003660 secs] [Times: user=0.00 sys=0.00, real=0.00 secs] 
114.620: Total time for which application threads were stopped: 0.0005040 seconds, Stopping threads took: 0.0000730 seconds
114.688: Application time: 0.0676400 seconds
114.688: [GC114.688: [ParNew: 15049K->198K(16640K), 0.0003450 secs] 21873K->7022K(55552K), 0.0003720 secs] [Times: user=0.00 sys=0.00, real=0.00 secs] 
114.688: Total time for which application threads were stopped: 0.0004870 seconds, Stopping threads took: 0.0000640 seconds
114.756: Application time: 0.0675190 seconds
114.756: [GC114.756: [ParNew: 15044K->204K(16640K), 0.0003900 secs] 21867K->7028K(55552K), 0.0004200 secs] [Times: user=0.00 sys=0.00, real=0.00 secs] 
114.756: Total time for which application threads were stopped: 0.0005670 seconds, Stopping threads took: 0.0000920 seconds
114.823: Application time: 0.0666240 seconds
114.823: [GC114.823: [ParNew: 15052K->195K(16640K), 0.0003690 secs] 21875K->7019K(55552K), 0.0004020 secs] [Times: user=0.00 sys=0.01, real=0.00 secs] 
114.823: Total time for which application threads were stopped: 0.0005110 seconds, Stopping threads took: 0.0000500 seconds
114.890: Application time: 0.0664330 seconds
114.890: [GC114.890: [ParNew: 15041K->229K(16640K), 0.0003800 secs] 21865K->7052K(55552K), 0.0004070 secs] [Times: user=0.00 sys=0.00, real=0.00 secs] 
114.890: Total time for which application threads were stopped: 0.0005240 seconds, Stopping threads took: 0.0000670 seconds
114.958: Application time: 0.0671130 seconds
114.958: [GC114.958: [ParNew: 15076K->236K(16640K), 0.0003530 secs] 21899K->7060K(55552K), 0.0003800 secs] [Times: user=0.00 sys=0.00, real=0.00 secs] 
114.958: Total time for which application threads were stopped: 0.0004860 seconds, Stopping threads took: 0.0000510 seconds
115.020: Application time: 0.0620900 seconds
115.020: [GC115.020: [ParNew: 15080K->416K(16640K), 0.0004060 secs] 21904K->7240K(55552K), 0.0004310 secs] [Times: user=0.00 sys=0.00, real=0.00 secs] 
115.021: Total time for which application threads were stopped: 0.0005560 seconds, Stopping threads took: 0.0000600 seconds
115.072: Application time: 0.0516660 seconds
115.072: [GC115.072: [ParNew: 15263K->427K(16640K), 0.0003880 secs] 22086K->7251K(55552K), 0.0004160 secs] [Times: user=0.00 sys=0.00, real=0.00 secs] 
115.073: Total time for which application threads were stopped: 0.0005350 seconds, Stopping threads took: 0.0000600 seconds
115.126: Application time: 0.0530870 seconds
115.126: [GC115.126: [ParNew: 15271K->647K(16640K), 0.0003910 secs] 22094K->7470K(55552K), 0.0004180 secs] [Times: user=0.00 sys=0.00, real=0.00 secs] 
115.126: Total time for which application threads were stopped: 0.0005360 seconds, Stopping threads took: 0.0000540 seconds
115.185: Application time: 0.0581470 seconds
115.185: [GC115.185: [ParNew: 15492K->699K(16640K), 0.0004110 secs] 22316K->7522K(55552K), 0.0004370 secs] [Times: user=0.00 sys=0.00, real=0.00 secs] 
115.185: Total time for which application threads were stopped: 0.0005630 seconds, Stopping threads took: 0.0000760 seconds
115.250: Application time: 0.0651750 seconds
115.250: [GC115.250: [ParNew: 15543K->465K(16640K), 0.0004430 secs] 22367K->7507K(55552K), 0.0004710 secs] [Times: user=0.01 sys=0.00, real=0.00 secs] 
115.251: Total time for which application threads were stopped: 0.0005850 seconds, Stopping threads took: 0.0000590 seconds
115.319: Application time: 0.0678380 seconds
115.319: [GC115.319: [ParNew: 15310K->472K(16640K), 0.0006010 secs] 22352K->7514K(55552K), 0.0006280 secs] [Times: user=0.00 sys=0.00, real=0.01 secs] 
115.320: Total time for which application threads were stopped: 0.0007270 seconds, Stopping threads took: 0.0000430 seconds
115.388: Application time: 0.0685380 seconds
115.388: [GC115.388: [ParNew: 15319K->473K(16640K), 0.0003520 secs] 22361K->7515K(55552K), 0.0003760 secs] [Times: user=0.00 sys=0.00, real=0.00 secs] 
115.389: Total time for which application threads were stopped: 0.0005010 seconds, Stopping threads took: 0.0000750 seconds
115.454: Application time: 0.0649370 seconds
115.454: [GC115.454: [ParNew: 15317K->471K(16640K), 0.0003780 secs] 22359K->7513K(55552K), 0.0004040 secs] [Times: user=0.00 sys=0.00, real=0.00 secs] 
115.454: Total time for which application threads were stopped: 0.0005010 seconds, Stopping threads took: 0.0000440 seconds
115.520: Application time: 0.0662390 seconds
115.520: [GC115.520: [ParNew: 15319K->410K(16640K), 0.0003820 secs] 22361K->7481K(55552K), 0.0004090 secs] [Times: user=0.01 sys=0.00, real=0.00 secs] 
115.521: Total time for which application threads were stopped: 0.0005370 seconds, Stopping threads took: 0.0000680 seconds
115.574: Application time: 0.0530480 seconds
115.574: [GC115.574: [ParNew: 15201K->717K(16640K), 0.0004360 secs] 22272K->7788K(55552K), 0.0004590 secs] [Times: user=0.00 sys=0.00, real=0.00 secs] 
115.574: Total time for which application threads were stopped: 0.0005660 seconds, Stopping threads took: 0.0000530 seconds
115.604: Application time: 0.0295650 seconds
115.604: [GC115.604: [ParNew: 15564K->1526K(16640K), 0.0005970 secs] 22635K->8596K(55552K), 0.0006230 secs] [Times: user=0.00 sys=0.00, real=0.00 secs] 
115.605: Total time for which application threads were stopped: 0.0007570 seconds, Stopping threads took: 0.0000760 seconds
115.631: Application time: 0.0261960 seconds
115.631: [GC115.631: [ParNew: 16370K->751K(16640K), 0.0006460 secs] 23441K->8693K(55552K), 0.0006750 secs] [Times: user=0.00 sys=0.00, real=0.00 secs] 
115.632: Total time for which application threads were stopped: 0.0008140 seconds, Stopping threads took: 0.0000660 seconds
115.682: Application time: 0.0501510 seconds
115.682: [GC115.682: [ParNew: 15599K->1084K(16640K), 0.0004810 secs] 23541K->9025K(55552K), 0.0005080 secs] [Times: user=0.00 sys=0.00, real=0.00 secs] 
115.683: Total time for which application threads were stopped: 0.0006260 seconds, Stopping threads took: 0.0000580 seconds
115.743: Application time: 0.0603350 seconds
115.743: [GC115.743: [ParNew: 15930K->1105K(16640K), 0.0004840 secs] 23872K->9075K(55552K), 0.0005190 secs] [Times: user=0.00 sys=0.01, real=0.00 secs] 
115.743: Total time for which application threads were stopped: 0.0006240 seconds, Stopping threads took: 0.0000500 seconds
115.809: Application time: 0.0650680 seconds
115.809: [GC115.809: [ParNew: 15952K->863K(16640K), 0.0004810 secs] 23922K->9052K(55552K), 0.0005090 secs] [Times: user=0.01 sys=0.00, real=0.00 secs] 
115.809: Total time for which application threads were stopped: 0.0006370 seconds, Stopping threads took: 0.0000690 seconds
115.874: Application time: 0.0650070 seconds
115.874: [GC115.874: [ParNew: 15710K->898K(16640K), 0.0004640 secs] 23899K->9087K(55552K), 0.0004920 secs] [Times: user=0.00 sys=0.00, real=0.00 secs] 
115.875: Total time for which application threads were stopped: 0.0006140 seconds, Stopping threads took: 0.0000640 seconds
115.940: Application time: 0.0652310 seconds
115.940: [GC115.940: [ParNew: 15746K->910K(16640K), 0.0004470 secs] 23935K->9099K(55552K), 0.0004720 secs] [Times: user=0.00 sys=0.00, real=0.00 secs] 
115.941: Total time for which application threads were stopped: 0.0005860 seconds, Stopping threads took: 0.0000620 seconds
116.003: Application time: 0.0625660 seconds
116.003: [GC116.003: [ParNew: 15756K->1060K(16640K), 0.0005510 secs] 23945K->9249K(55552K), 0.0005770 secs] [Times: user=0.00 sys=0.00, real=0.00 secs] 
116.004: Total time for which application threads were stopped: 0.0006880 seconds, Stopping threads took: 0.0000560 seconds
116.063: Application time: 0.0595810 seconds
116.064: [GC116.064: [ParNew: 15906K->1057K(16640K), 0.0005410 secs] 24095K->9247K(55552K), 0.0005690 secs] [Times: user=0.00 sys=0.00, real=0.00 secs] 
116.064: Total time for which application threads were stopped: 0.0006860 seconds, Stopping threads took: 0.0000580 seconds
116.128: Application time: 0.0641390 seconds
116.128: [GC116.128: [ParNew: 15902K->1100K(16640K), 0.0005590 secs] 24092K->9480K(55552K), 0.0005870 secs] [Times: user=0.00 sys=0.00, real=0.00 secs] 
116.129: Total time for which application threads were stopped: 0.0007480 seconds, Stopping threads took: 0.0001020 seconds
116.179: Application time: 0.0495050 seconds
116.183: [GC116.183: [ParNew: 15944K->279K(16640K), 0.0005110 secs] 24324K->9419K(55552K), 0.0005410 secs] [Times: user=0.01 sys=0.00, real=0.00 secs] 
116.183: Total time for which application threads were stopped: 0.0048150 seconds, Stopping threads took: 0.0042090 seconds
116.249: Application time: 0.0660340 seconds
116.250: [GC116.250: [ParNew: 15126K->234K(16640K), 0.0003410 secs] 24266K->9374K(55552K), 0.0003690 secs] [Times: user=0.00 sys=0.00, real=0.00 secs] 
116.250: Total time for which application threads were stopped: 0.0004690 seconds, Stopping threads took: 0.0000450 seconds
116.316: Application time: 0.0663120 seconds
116.316: [GC116.316: [ParNew: 15082K->208K(16640K), 0.0003380 secs] 24222K->9348K(55552K), 0.0003650 secs] [Times: user=0.00 sys=0.00, real=0.00 secs] 
116.317: Total time for which application threads were stopped: 0.0004820 seconds, Stopping threads took: 0.0000590 seconds
116.383: Application time: 0.0663600 seconds
116.383: [GC116.383: [ParNew: 15056K->212K(16640K), 0.0003460 secs] 24196K->9352K(55552K), 0.0003730 secs] [Times: user=0.00 sys=0.00, real=0.00 secs] 
116.384: Total time for which application threads were stopped: 0.0004880 seconds, Stopping threads took: 0.0000660 seconds
116.450: Application time: 0.0666230 seconds
116.450: [GC116.450: [ParNew: 15059K->207K(16640K), 0.0003180 secs] 24199K->9347K(55552K), 0.0003440 secs] [Times: user=0.00 sys=0.00, real=0.00 secs] 
116.451: Total time for which application threads were stopped: 0.0004590 seconds, Stopping threads took: 0.0000640 seconds
116.517: Application time: 0.0668770 seconds
116.518: [GC116.518: [ParNew: 15053K->202K(16640K), 0.0003260 secs] 24193K->9342K(55552K), 0.0003530 secs] [Times: user=0.00 sys=0.00, real=0.00 secs] 
116.518: Total time for which application threads were stopped: 0.0004650 seconds, Stopping threads took: 0.0000550 seconds
116.583: Application time: 0.0648170 seconds
116.583: [GC116.583: [ParNew: 15047K->229K(16640K), 0.0003420 secs] 24187K->9369K(55552K), 0.0003780 secs] [Times: user=0.00 sys=0.00, real=0.00 secs] 
116.583: Total time for which application threads were stopped: 0.0004950 seconds, Stopping threads took: 0.0000560 seconds
116.651: Application time: 0.0674560 seconds
116.651: [GC116.651: [ParNew: 15074K->225K(16640K), 0.0003020 secs] 24214K->9365K(55552K), 0.0003270 secs] [Times: user=0.01 sys=0.00, real=0.00 secs] 
116.651: Total time for which application threads were stopped: 0.0004300 seconds, Stopping threads took: 0.0000490 seconds
116.718: Application time: 0.0669240 seconds
116.718: [GC116.718: [ParNew: 15073K->230K(16640K), 0.0003870 secs] 24213K->9370K(55552K), 0.0004130 secs] [Times: user=0.00 sys=0.00, real=0.00 secs] 
116.719: Total time for which application threads were stopped: 0.0005390 seconds, Stopping threads took: 0.0000620 seconds
116.771: Application time: 0.0528090 seconds
116.772: [GC116.772: [ParNew: 15075K->418K(16640K), 0.0004220 secs] 24215K->9558K(55552K), 0.0004480 secs] [Times: user=0.00 sys=0.00, real=0.00 secs] 
116.772: Total time for which application threads were stopped: 0.0005980 seconds, Stopping threads took: 0.0000930 seconds
116.832: Application time: 0.0602590 seconds
116.832: [GC116.832: [ParNew: 15262K->432K(16640K), 0.0003990 secs] 24402K->9572K(55552K), 0.0004280 secs] [Times: user=0.01 sys=0.00, real=0.00 secs] 
116.833: Total time for which application threads were stopped: 0.0005480 seconds, Stopping threads took: 0.0000620 seconds
116.881: Application time: 0.0479200 seconds
116.881: [GC116.881: [ParNew: 15277K->653K(16640K), 0.0004750 secs] 24417K->9792K(55552K), 0.0005020 secs] [Times: user=0.01 sys=0.00, real=0.00 secs] 
116.881: Total time for which application threads were stopped: 0.0006240 seconds, Stopping threads took: 0.0000650 seconds
116.945: Application time: 0.0631580 seconds
116.945: [GC116.945: [ParNew: 15498K->466K(16640K), 0.0004240 secs] 24638K->9824K(55552K), 0.0004520 secs] [Times: user=0.00 sys=0.00, real=0.00 secs] 
116.945: Total time for which application threads were stopped: 0.0005680 seconds, Stopping threads took: 0.0000650 seconds
117.011: Application time: 0.0654410 seconds
117.011: [GC117.011: [ParNew: 15310K->449K(16640K), 0.0004500 secs] 24669K->9807K(55552K), 0.0004780 secs] [Times: user=0.00 sys=0.00, real=0.00 secs] 
117.011: Total time for which application threads were stopped: 0.0005970 seconds, Stopping threads took: 0.0000640 seconds
117.079: Application time: 0.0676310 seconds
117.079: [GC117.079: [ParNew: 15294K->466K(16640K), 0.0003310 secs] 24653K->9825K(55552K), 0.0003560 secs] [Times: user=0.00 sys=0.00, real=0.01 secs] 
117.079: Total time for which application threads were stopped: 0.0004950 seconds, Stopping threads took: 0.0000860 seconds
117.146: Application time: 0.0668730 seconds
117.146: [GC117.146: [ParNew: 15311K->446K(16640K), 0.0003650 secs] 24670K->9805K(55552K), 0.0003930 secs] [Times: user=0.00 sys=0.00, real=0.00 secs] 
117.147: Total time for which application threads were stopped: 0.0005090 seconds, Stopping threads took: 0.0000640 seconds
117.212: Application time: 0.0648280 seconds
117.212: [GC117.212: [ParNew: 15293K->449K(16640K), 0.0003660 secs] 24651K->9808K(55552K), 0.0003940 secs] [Times: user=0.00 sys=0.00, real=0.00 secs] 
117.212: Total time for which application threads were stopped: 0.0005180 seconds, Stopping threads took: 0.0000680 seconds
117.274: Application time: 0.0620300 seconds
117.274: [GC117.274: [ParNew: 15296K->659K(16640K), 0.0004110 secs] 24654K->10046K(55552K), 0.0004390 secs] [Times: user=0.00 sys=0.00, real=0.00 secs] 
117.275: Total time for which application threads were stopped: 0.0005760 seconds, Stopping threads took: 0.0000720 seconds
117.319: Application time: 0.0444480 seconds
117.319: [GC117.319: [ParNew: 15505K->886K(16640K), 0.0004630 secs] 24892K->10274K(55552K), 0.0004910 secs] [Times: user=0.00 sys=0.00, real=0.00 secs] 
117.320: Total time for which application threads were stopped: 0.0006270 seconds, Stopping threads took: 0.0000770 seconds
117.357: Application time: 0.0369560 seconds
117.357: [GC117.357: [ParNew: 15732K->1316K(16640K), 0.0005470 secs] 25119K->10703K(55552K), 0.0005840 secs] [Times: user=0.00 sys=0.00, real=0.00 secs] 
117.357: Total time for which application threads were stopped: 0.0006990 seconds, Stopping threads took: 0.0000560 seconds
117.386: Application time: 0.0286490 seconds
117.386: [GC117.386: [ParNew: 16161K->1137K(16640K), 0.0006870 secs] 25548K->10962K(55552K), 0.0007130 secs] [Times: user=0.00 sys=0.00, real=0.00 secs] 
117.387: Total time for which application threads were stopped: 0.0008110 seconds, Stopping threads took: 0.0000450 seconds
117.438: Application time: 0.0507320 seconds
117.438: [GC117.438: [ParNew: 15980K->1205K(16640K), 0.0005230 secs] 25805K->11087K(55552K), 0.0005490 secs] [Times: user=0.00 sys=0.00, real=0.00 secs] 
117.438: Total time for which application threads were stopped: 0.0006460 seconds, Stopping threads took: 0.0000470 seconds
117.500: Application time: 0.0616710 seconds
117.500: [GC117.500: [ParNew: 16051K->968K(16640K), 0.0004940 secs] 25934K->11069K(55552K), 0.0005220 secs] [Times: user=0.01 sys=0.00, real=0.00 secs] 
117.501: Total time for which application threads were stopped: 0.0006450 seconds, Stopping threads took: 0.0000670 seconds
117.566: Application time: 0.0652580 seconds
117.566: [GC117.566: [ParNew: 15814K->868K(16640K), 0.0004970 secs] 25915K->10969K(55552K), 0.0005250 secs] [Times: user=0.01 sys=0.00, real=0.00 secs] 
117.566: Total time for which application threads were stopped: 0.0006460 seconds, Stopping threads took: 0.0000650 seconds
117.632: Application time: 0.0653090 seconds
117.632: [GC117.632: [ParNew: 15715K->907K(16640K), 0.0005320 secs] 25816K->11008K(55552K), 0.0005600 secs] [Times: user=0.00 sys=0.00, real=0.00 secs] 
117.632: Total time for which application threads were stopped: 0.0006950 seconds, Stopping threads took: 0.0000760 seconds
117.698: Application time: 0.0658370 seconds
117.698: [GC117.698: [ParNew: 15752K->895K(16640K), 0.0004250 secs] 25853K->10996K(55552K), 0.0004510 secs] [Times: user=0.01 sys=0.00, real=0.00 secs] 
117.699: Total time for which application threads were stopped: 0.0005710 seconds, Stopping threads took: 0.0000670 seconds
117.761: Application time: 0.0624590 seconds
117.761: [GC117.761: [ParNew: 15740K->1091K(16640K), 0.0004850 secs] 25841K->11191K(55552K), 0.0005130 secs] [Times: user=0.01 sys=0.00, real=0.00 secs] 
117.762: Total time for which application threads were stopped: 0.0006180 seconds, Stopping threads took: 0.0000460 seconds
117.823: Application time: 0.0609130 seconds
117.823: [GC117.823: [ParNew: 15938K->1147K(16640K), 0.0005050 secs] 26039K->11277K(55552K), 0.0005330 secs] [Times: user=0.00 sys=0.01, real=0.00 secs] 
117.824: Total time for which application threads were stopped: 0.0006610 seconds, Stopping threads took: 0.0000580 seconds
117.881: Application time: 0.0573080 seconds
117.881: [GC117.881: [ParNew: 15993K->946K(16640K), 0.0005470 secs] 26123K->11456K(55552K), 0.0005740 secs] [Times: user=0.00 sys=0.00, real=0.00 secs] 
117.882: Total time for which application threads were stopped: 0.0006900 seconds, Stopping threads took: 0.0000570 seconds
117.939: Application time: 0.0570700 seconds
117.939: [GC117.939: [ParNew: 15793K->795K(16640K), 0.0003990 secs] 26304K->11305K(55552K), 0.0004240 secs] [Times: user=0.00 sys=0.00, real=0.01 secs] 
117.939: Total time for which application threads were stopped: 0.0005200 seconds, Stopping threads took: 0.0000500 seconds
118.004: Application time: 0.0648920 seconds
118.004: [GC118.004: [ParNew: 15640K->880K(16640K), 0.0004440 secs] 26150K->11390K(55552K), 0.0004720 secs] [Times: user=0.00 sys=0.00, real=0.00 secs] 
118.005: Total time for which application threads were stopped: 0.0005910 seconds, Stopping threads took: 0.0000650 seconds
118.071: Application time: 0.0662040 seconds
118.071: [GC118.071: [ParNew: 15727K->879K(16640K), 0.0004700 secs] 26238K->11389K(55552K), 0.0004980 secs] [Times: user=0.00 sys=0.00, real=0.00 secs] 
118.071: Total time for which application threads were stopped: 0.0006360 seconds, Stopping threads took: 0.0000710 seconds
118.138: Application time: 0.0664500 seconds
118.138: [GC118.138: [ParNew: 15726K->853K(16640K), 0.0004220 secs] 26237K->11363K(55552K), 0.0004490 secs] [Times: user=0.00 sys=0.00, real=0.00 secs] 
118.138: Total time for which application threads were stopped: 0.0005660 seconds, Stopping threads took: 0.0000680 seconds
118.205: Application time: 0.0665390 seconds
118.205: [GC118.205: [ParNew: 15700K->275K(16640K), 0.0004950 secs] 26211K->11355K(55552K), 0.0005280 secs] [Times: user=0.00 sys=0.00, real=0.00 secs] 
118.206: Total time for which application threads were stopped: 0.0006420 seconds, Stopping threads took: 0.0000590 seconds
118.272: Application time: 0.0668170 seconds
118.273: [GC118.273: [ParNew: 15122K->227K(16640K), 0.0003690 secs] 26202K->11307K(55552K), 0.0003970 secs] [Times: user=0.01 sys=0.00, real=0.00 secs] 
118.273: Total time for which application threads were stopped: 0.0005110 seconds, Stopping threads took: 0.0000560 seconds
118.338: Application time: 0.0650110 seconds
118.338: [GC118.338: [ParNew: 15072K->235K(16640K), 0.0003390 secs] 26152K->11316K(55552K), 0.0003650 secs] [Times: user=0.00 sys=0.00, real=0.00 secs] 
118.338: Total time for which application threads were stopped: 0.0004900 seconds, Stopping threads took: 0.0000670 seconds
118.406: Application time: 0.0672480 seconds
118.406: [GC118.406: [ParNew: 15083K->232K(16640K), 0.0003340 secs] 26163K->11312K(55552K), 0.0003610 secs] [Times: user=0.00 sys=0.00, real=0.00 secs] 
118.406: Total time for which application threads were stopped: 0.0004860 seconds, Stopping threads took: 0.0000720 seconds
118.473: Application time: 0.0670010 seconds
118.473: [GC118.473: [ParNew: 15079K->233K(16640K), 0.0003580 secs] 26160K->11314K(55552K), 0.0003840 secs] [Times: user=0.01 sys=0.00, real=0.00 secs] 
118.474: Total time for which application threads were stopped: 0.0005000 seconds, Stopping threads took: 0.0000560 seconds
118.526: Application time: 0.0520390 seconds
118.526: [GC118.526: [ParNew: 15080K->415K(16640K), 0.0004030 secs] 26161K->11496K(55552K), 0.0004300 secs] [Times: user=0.00 sys=0.00, real=0.00 secs] 
118.526: Total time for which application threads were stopped: 0.0005410 seconds, Stopping threads took: 0.0000540 seconds
118.583: Application time: 0.0570130 seconds
118.583: [GC118.583: [ParNew: 15263K->610K(16640K), 0.0004140 secs] 26344K->11691K(55552K), 0.0004390 secs] [Times: user=0.01 sys=0.00, real=0.00 secs] 
118.584: Total time for which application threads were stopped: 0.0005420 seconds, Stopping threads took: 0.0000510 seconds
118.634: Application time: 0.0498890 seconds
118.634: [GC118.634: [ParNew: 15455K->668K(16640K), 0.0004450 secs] 26535K->11748K(55552K), 0.0004720 secs] [Times: user=0.00 sys=0.00, real=0.00 secs] 
118.634: Total time for which application threads were stopped: 0.0005700 seconds, Stopping threads took: 0.0000390 seconds
118.699: Application time: 0.0651380 seconds
118.700: [GC118.700: [ParNew: 15512K->467K(16640K), 0.0004750 secs] 26593K->11766K(55552K), 0.0005010 secs] [Times: user=0.00 sys=0.00, real=0.00 secs] 
118.700: Total time for which application threads were stopped: 0.0006290 seconds, Stopping threads took: 0.0000780 seconds
118.767: Application time: 0.0671300 seconds
118.767: [GC118.767: [ParNew: 15314K->469K(16640K), 0.0004010 secs] 26613K->11768K(55552K), 0.0004280 secs] [Times: user=0.01 sys=0.00, real=0.00 secs] 
118.768: Total time for which application threads were stopped: 0.0005490 seconds, Stopping threads took: 0.0000640 seconds
118.841: Application time: 0.0728280 seconds
118.843: [GC118.843: [ParNew: 15317K->441K(16640K), 0.0004580 secs] 26616K->11740K(55552K), 0.0004840 secs] [Times: user=0.00 sys=0.00, real=0.00 secs] 
118.844: Total time for which application threads were stopped: 0.0030450 seconds, Stopping threads took: 0.0025030 seconds
118.918: Application time: 0.0740090 seconds
118.918: [GC118.918: [ParNew: 15288K->434K(16640K), 0.0004140 secs] 26587K->11733K(55552K), 0.0004490 secs] [Times: user=0.00 sys=0.00, real=0.00 secs] 
118.918: Total time for which application threads were stopped: 0.0005630 seconds, Stopping threads took: 0.0000560 seconds
118.983: Application time: 0.0649700 seconds
118.983: [GC118.983: [ParNew: 15281K->466K(16640K), 0.0004050 secs] 26580K->11765K(55552K), 0.0004320 secs] [Times: user=0.00 sys=0.00, real=0.00 secs] 
118.984: Total time for which application threads were stopped: 0.0005570 seconds, Stopping threads took: 0.0000670 seconds
119.039: Application time: 0.0550230 seconds
119.039: [GC119.039: [ParNew: 15312K->680K(16640K), 0.0004290 secs] 26611K->12007K(55552K), 0.0004550 secs] [Times: user=0.00 sys=0.00, real=0.01 secs] 
119.039: Total time for which application threads were stopped: 0.0005710 seconds, Stopping threads took: 0.0000680 seconds
119.085: Application time: 0.0454360 seconds
119.085: [GC119.085: [ParNew: 15525K->1048K(16640K), 0.0005270 secs] 26853K->12375K(55552K), 0.0005540 secs] [Times: user=0.01 sys=0.00, real=0.00 secs] 
119.085: Total time for which application threads were stopped: 0.0006790 seconds, Stopping threads took: 0.0000670 seconds
119.123: Application time: 0.0374470 seconds
119.123: [GC119.123: [ParNew: 15892K->1171K(16640K), 0.0005280 secs] 27219K->12688K(55552K), 0.0005560 secs] [Times: user=0.01 sys=0.00, real=0.00 secs] 
119.124: Total time for which application threads were stopped: 0.0006790 seconds, Stopping threads took: 0.0000600 seconds
119.158: Application time: 0.0346540 seconds
119.158: [GC119.158: [ParNew: 16018K->1191K(16640K), 0.0006680 secs] 27536K->12956K(55552K), 0.0006950 secs] [Times: user=0.00 sys=0.00, real=0.01 secs] 
119.159: Total time for which application threads were stopped: 0.0008060 seconds, Stopping threads took: 0.0000510 seconds
119.209: Application time: 0.0501640 seconds
119.209: [GC119.209: [ParNew: 16038K->1160K(16640K), 0.0004890 secs] 27803K->12954K(55552K), 0.0005160 secs] [Times: user=0.00 sys=0.00, real=0.00 secs] 
119.210: Total time for which application threads were stopped: 0.0006440 seconds, Stopping threads took: 0.0000710 seconds
119.272: Application time: 0.0623460 seconds
119.272: [GC119.272: [ParNew: 16005K->903K(16640K), 0.0005600 secs] 27799K->12973K(55552K), 0.0005870 secs] [Times: user=0.00 sys=0.00, real=0.00 secs] 
119.273: Total time for which application threads were stopped: 0.0007060 seconds, Stopping threads took: 0.0000600 seconds
119.339: Application time: 0.0655800 seconds
119.339: [GC119.339: [ParNew: 15751K->871K(16640K), 0.0004600 secs] 27821K->12941K(55552K), 0.0004870 secs] [Times: user=0.00 sys=0.00, real=0.01 secs] 
119.339: Total time for which application threads were stopped: 0.0006120 seconds, Stopping threads took: 0.0000720 seconds
119.404: Application time: 0.0649490 seconds
119.404: [GC119.404: [ParNew: 15718K->897K(16640K), 0.0004820 secs] 27788K->12966K(55552K), 0.0005100 secs] [Times: user=0.01 sys=0.00, real=0.00 secs] 
119.405: Total time for which application threads were stopped: 0.0006390 seconds, Stopping threads took: 0.0000680 seconds
119.469: Application time: 0.0645120 seconds
119.469: [GC119.469: [ParNew: 15741K->1078K(16640K), 0.0004570 secs] 27811K->13148K(55552K), 0.0004830 secs] [Times: user=0.00 sys=0.00, real=0.00 secs] 
119.470: Total time for which application threads were stopped: 0.0005780 seconds, Stopping threads took: 0.0000410 seconds
119.532: Application time: 0.0619430 seconds
119.532: [GC119.532: [ParNew: 15925K->1081K(16640K), 0.0004570 secs] 27995K->13151K(55552K), 0.0004830 secs] [Times: user=0.00 sys=0.00, real=0.00 secs] 
119.532: Total time for which application threads were stopped: 0.0006180 seconds, Stopping threads took: 0.0000790 seconds
119.595: Application time: 0.0625910 seconds
119.595: [GC119.595: [ParNew: 15928K->1091K(16640K), 0.0004480 secs] 27998K->13162K(55552K), 0.0004740 secs] [Times: user=0.00 sys=0.00, real=0.00 secs] 
119.596: Total time for which application threads were stopped: 0.0005830 seconds, Stopping threads took: 0.0000600 seconds
119.652: Application time: 0.0563800 seconds
119.652: [GC119.652: [ParNew: 15935K->1120K(16640K), 0.0004880 secs] 28006K->13381K(55552K), 0.0005220 secs] [Times: user=0.00 sys=0.00, real=0.00 secs] 
119.653: Total time for which application threads were stopped: 0.0006380 seconds, Stopping threads took: 0.0000620 seconds
119.709: Application time: 0.0567490 seconds
119.709: [GC119.709: [ParNew: 15968K->746K(16640K), 0.0005130 secs] 28229K->13387K(55552K), 0.0005410 secs] [Times: user=0.01 sys=0.00, real=0.00 secs] 
119.710: Total time for which application threads were stopped: 0.0006530 seconds, Stopping threads took: 0.0000570 seconds
119.775: Application time: 0.0652620 seconds
119.775: [GC119.775: [ParNew: 15593K->597K(16640K), 0.0004410 secs] 28233K->13238K(55552K), 0.0004670 secs] [Times: user=0.00 sys=0.00, real=0.00 secs] 
119.776: Total time for which application threads were stopped: 0.0006100 seconds, Stopping threads took: 0.0000850 seconds
119.842: Application time: 0.0663810 seconds
119.842: [GC119.842: [ParNew: 15444K->619K(16640K), 0.0004300 secs] 28085K->13260K(55552K), 0.0004550 secs] [Times: user=0.00 sys=0.00, real=0.00 secs] 
119.843: Total time for which application threads were stopped: 0.0005510 seconds, Stopping threads took: 0.0000460 seconds
119.909: Application time: 0.0664370 seconds
119.909: [GC119.909: [ParNew: 15467K->667K(16640K), 0.0004140 secs] 28107K->13308K(55552K), 0.0004400 secs] [Times: user=0.00 sys=0.00, real=0.00 secs] 
119.910: Total time for which application threads were stopped: 0.0005800 seconds, Stopping threads took: 0.0000750 seconds
119.976: Application time: 0.0665070 seconds
119.976: [GC119.976: [ParNew: 15514K->258K(16640K), 0.0004310 secs] 28155K->13279K(55552K), 0.0004590 secs] [Times: user=0.00 sys=0.00, real=0.00 secs] 
119.977: Total time for which application threads were stopped: 0.0005780 seconds, Stopping threads took: 0.0000620 seconds
120.044: Application time: 0.0666620 seconds
120.044: [GC120.044: [ParNew: 15105K->213K(16640K), 0.0003890 secs] 28126K->13234K(55552K), 0.0004150 secs] [Times: user=0.00 sys=0.00, real=0.00 secs] 
120.044: Total time for which application threads were stopped: 0.0005290 seconds, Stopping threads took: 0.0000640 seconds
120.110: Application time: 0.0658630 seconds
120.110: [GC120.110: [ParNew: 15058K->235K(16640K), 0.0003840 secs] 28079K->13255K(55552K), 0.0004100 secs] [Times: user=0.00 sys=0.00, real=0.00 secs] 
120.110: Total time for which application threads were stopped: 0.0005150 seconds, Stopping threads took: 0.0000520 seconds
120.178: Application time: 0.0675110 seconds
120.178: [GC120.178: [ParNew: 15082K->241K(16640K), 0.0004030 secs] 28103K->13262K(55552K), 0.0004290 secs] [Times: user=0.01 sys=0.00, real=0.00 secs] 
120.179: Total time for which application threads were stopped: 0.0005350 seconds, Stopping threads took: 0.0000490 seconds
120.243: Application time: 0.0644940 seconds
120.243: [GC120.243: [ParNew: 15086K->420K(16640K), 0.0003630 secs] 28107K->13441K(55552K), 0.0003890 secs] [Times: user=0.00 sys=0.00, real=0.00 secs] 
120.244: Total time for which application threads were stopped: 0.0004910 seconds, Stopping threads took: 0.0000510 seconds
120.293: Application time: 0.0490690 seconds
120.293: [GC120.293: [ParNew: 15268K->425K(16640K), 0.0003700 secs] 28289K->13446K(55552K), 0.0003960 secs] [Times: user=0.01 sys=0.00, real=0.00 secs] 
120.293: Total time for which application threads were stopped: 0.0005040 seconds, Stopping threads took: 0.0000560 seconds
120.344: Application time: 0.0505090 seconds
120.344: [GC120.344: [ParNew: 15269K->626K(16640K), 0.0004040 secs] 28290K->13647K(55552K), 0.0004300 secs] [Times: user=0.00 sys=0.00, real=0.00 secs] 
120.344: Total time for which application threads were stopped: 0.0005480 seconds, Stopping threads took: 0.0000670 seconds
120.404: Application time: 0.0599690 seconds
120.404: [GC120.404: [ParNew: 15472K->675K(16640K), 0.0004340 secs] 28493K->13696K(55552K), 0.0004590 secs] [Times: user=0.00 sys=0.00, real=0.00 secs] 
120.405: Total time for which application threads were stopped: 0.0005710 seconds, Stopping threads took: 0.0000620 seconds
120.470: Application time: 0.0655010 seconds
120.470: [GC120.470: [ParNew: 15522K->460K(16640K), 0.0004930 secs] 28543K->13700K(55552K), 0.0005310 secs] [Times: user=0.00 sys=0.00, real=0.00 secs] 
120.471: Total time for which application threads were stopped: 0.0006650 seconds, Stopping threads took: 0.0000700 seconds
120.538: Application time: 0.0666310 seconds
120.538: [GC120.538: [ParNew: 15308K->482K(16640K), 0.0003610 secs] 28547K->13721K(55552K), 0.0003890 secs] [Times: user=0.01 sys=0.00, real=0.00 secs] 
120.538: Total time for which application threads were stopped: 0.0005140 seconds, Stopping threads took: 0.0000650 seconds
120.605: Application time: 0.0665490 seconds
120.605: [GC120.605: [ParNew: 15329K->450K(16640K), 0.0003860 secs] 28569K->13689K(55552K), 0.0004120 secs] [Times: user=0.00 sys=0.00, real=0.00 secs] 
120.605: Total time for which application threads were stopped: 0.0005380 seconds, Stopping threads took: 0.0000730 seconds
120.671: Application time: 0.0660950 seconds
120.671: [GC120.671: [ParNew: 15294K->452K(16640K), 0.0004030 secs] 28534K->13692K(55552K), 0.0004320 secs] [Times: user=0.00 sys=0.00, real=0.00 secs] 
120.672: Total time for which application threads were stopped: 0.0005330 seconds, Stopping threads took: 0.0000430 seconds
120.737: Application time: 0.0648190 seconds
120.737: [GC120.737: [ParNew: 15298K->453K(16640K), 0.0004210 secs] 28538K->13693K(55552K), 0.0004490 secs] [Times: user=0.00 sys=0.00, real=0.00 secs] 
120.737: Total time for which application threads were stopped: 0.0005650 seconds, Stopping threads took: 0.0000580 seconds
120.789: Application time: 0.0516010 seconds
120.789: [GC120.789: [ParNew: 15297K->669K(16640K), 0.0004280 secs] 28536K->13937K(55552K), 0.0004540 secs] [Times: user=0.00 sys=0.00, real=0.00 secs] 
120.789: Total time for which application threads were stopped: 0.0005650 seconds, Stopping threads took: 0.0000520 seconds
120.834: Application time: 0.0449140 seconds
120.834: [GC120.834: [ParNew: 15509K->911K(16640K), 0.0005260 secs] 28777K->14179K(55552K), 0.0005530 secs] [Times: user=0.01 sys=0.00, real=0.00 secs] 
120.835: Total time for which application threads were stopped: 0.0006710 seconds, Stopping threads took: 0.0000580 seconds
120.870: Application time: 0.0353350 seconds
120.870: [GC120.870: [ParNew: 15755K->1398K(16640K), 0.0005480 secs] 29023K->14666K(55552K), 0.0005740 secs] [Times: user=0.00 sys=0.00, real=0.00 secs] 
120.871: Total time for which application threads were stopped: 0.0006920 seconds, Stopping threads took: 0.0000610 seconds
120.907: Application time: 0.0358950 seconds
120.907: [GC120.907: [ParNew: 16243K->1213K(16640K), 0.0006430 secs] 29511K->14918K(55552K), 0.0006710 secs] [Times: user=0.00 sys=0.00, real=0.01 secs] 
120.908: Total time for which application threads were stopped: 0.0007850 seconds, Stopping threads took: 0.0000560 seconds
120.962: Application time: 0.0547050 seconds
120.962: [GC120.962: [ParNew: 16060K->999K(16640K), 0.0005380 secs] 29765K->14952K(55552K), 0.0005640 secs] [Times: user=0.01 sys=0.00, real=0.00 secs] 
120.963: Total time for which application threads were stopped: 0.0006730 seconds, Stopping threads took: 0.0000540 seconds
121.026: Application time: 0.0630930 seconds
121.026: [GC121.026: [ParNew: 15843K->987K(16640K), 0.0004440 secs] 29796K->14940K(55552K), 0.0004680 secs] [Times: user=0.00 sys=0.00, real=0.00 secs] 
121.027: Total time for which application threads were stopped: 0.0005810 seconds, Stopping threads took: 0.0000490 seconds
121.092: Application time: 0.0652490 seconds
121.095: [GC121.095: [ParNew: 15833K->1009K(16640K), 0.0004910 secs] 29786K->14962K(55552K), 0.0005200 secs] [Times: user=0.01 sys=0.00, real=0.00 secs] 
121.096: Total time for which application threads were stopped: 0.0037840 seconds, Stopping threads took: 0.0032110 seconds
121.161: Application time: 0.0651460 seconds
121.161: [GC121.161: [ParNew: 15856K->986K(16640K), 0.0004640 secs] 29809K->14939K(55552K), 0.0004920 secs] [Times: user=0.00 sys=0.00, real=0.00 secs] 
121.161: Total time for which application threads were stopped: 0.0006100 seconds, Stopping threads took: 0.0000540 seconds
121.225: Application time: 0.0635270 seconds
121.225: [GC121.225: [ParNew: 15831K->1115K(16640K), 0.0004650 secs] 29784K->15068K(55552K), 0.0004920 secs] [Times: user=0.00 sys=0.00, real=0.00 secs] 
121.226: Total time for which application threads were stopped: 0.0005980 seconds, Stopping threads took: 0.0000490 seconds
121.287: Application time: 0.0612630 seconds
121.287: [GC121.287: [ParNew: 15962K->1139K(16640K), 0.0004950 secs] 29915K->15150K(55552K), 0.0005200 secs] [Times: user=0.01 sys=0.00, real=0.01 secs] 
121.287: Total time for which application threads were stopped: 0.0006390 seconds, Stopping threads took: 0.0000590 seconds
121.351: Application time: 0.0635800 seconds
121.351: [GC121.351: [ParNew: 15984K->1166K(16640K), 0.0004910 secs] 29994K->15177K(55552K), 0.0005210 secs] [Times: user=0.00 sys=0.00, real=0.00 secs] 
121.352: Total time for which application threads were stopped: 0.0006640 seconds, Stopping threads took: 0.0000890 seconds
121.402: Application time: 0.0502740 seconds
121.402: [GC121.402: [ParNew: 16012K->1054K(16640K), 0.0005470 secs] 30023K->15255K(55552K), 0.0005760 secs] [Times: user=0.00 sys=0.00, real=0.00 secs] 
121.403: Total time for which application threads were stopped: 0.0006930 seconds, Stopping threads took: 0.0000640 seconds
121.465: Application time: 0.0622890 seconds
121.465: [GC121.465: [ParNew: 15898K->730K(16640K), 0.0004930 secs] 30099K->15311K(55552K), 0.0005200 secs] [Times: user=0.00 sys=0.00, real=0.00 secs] 
121.466: Total time for which application threads were stopped: 0.0006230 seconds, Stopping threads took: 0.0000460 seconds
121.532: Application time: 0.0664010 seconds
121.532: [GC121.532: [ParNew: 15574K->649K(16640K), 0.0003520 secs] 30155K->15230K(55552K), 0.0003780 secs] [Times: user=0.00 sys=0.00, real=0.00 secs] 
121.533: Total time for which application threads were stopped: 0.0005180 seconds, Stopping threads took: 0.0000800 seconds
121.600: Application time: 0.0674790 seconds
121.600: [GC121.600: [ParNew: 15494K->613K(16640K), 0.0003500 secs] 30075K->15194K(55552K), 0.0003750 secs] [Times: user=0.00 sys=0.00, real=0.00 secs] 
121.601: Total time for which application threads were stopped: 0.0004830 seconds, Stopping threads took: 0.0000580 seconds
121.668: Application time: 0.0672300 seconds
121.668: [GC121.668: [ParNew: 15460K->625K(16640K), 0.0004170 secs] 30041K->15206K(55552K), 0.0004430 secs] [Times: user=0.00 sys=0.00, real=0.00 secs] 
121.668: Total time for which application threads were stopped: 0.0005600 seconds, Stopping threads took: 0.0000620 seconds
121.735: Application time: 0.0666960 seconds
121.735: [GC121.735: [ParNew: 15473K->209K(16640K), 0.0005060 secs] 30054K->15170K(55552K), 0.0005330 secs] [Times: user=0.00 sys=0.00, real=0.00 secs] 
121.736: Total time for which application threads were stopped: 0.0006570 seconds, Stopping threads took: 0.0000660 seconds
121.802: Application time: 0.0663660 seconds
121.802: [GC121.802: [ParNew: 15056K->232K(16640K), 0.0003550 secs] 30018K->15193K(55552K), 0.0003820 secs] [Times: user=0.00 sys=0.00, real=0.00 secs] 
121.803: Total time for which application threads were stopped: 0.0005170 seconds, Stopping threads took: 0.0000830 seconds
121.869: Application time: 0.0662020 seconds
121.869: [GC121.869: [ParNew: 15077K->236K(16640K), 0.0003210 secs] 30038K->15197K(55552K), 0.0003470 secs] [Times: user=0.00 sys=0.00, real=0.00 secs] 
121.869: Total time for which application threads were stopped: 0.0004540 seconds, Stopping threads took: 0.0000520 seconds
121.937: Application time: 0.0675690 seconds
121.937: [GC121.937: [ParNew: 15081K->233K(16640K), 0.0004270 secs] 30042K->15194K(55552K), 0.0004540 secs] [Times: user=0.00 sys=0.00, real=0.00 secs] 
121.937: Total time for which application threads were stopped: 0.0005580 seconds, Stopping threads took: 0.0000440 seconds
121.998: Application time: 0.0601790 seconds
121.998: [GC121.998: [ParNew: 15077K->418K(16640K), 0.0003630 secs] 30038K->15379K(55552K), 0.0004000 secs] [Times: user=0.00 sys=0.00, real=0.00 secs] 
121.998: Total time for which application threads were stopped: 0.0005170 seconds, Stopping threads took: 0.0000640 seconds
122.050: Application time: 0.0515510 seconds
122.050: [GC122.050: [ParNew: 15264K->607K(16640K), 0.0004530 secs] 30225K->15568K(55552K), 0.0004800 secs] [Times: user=0.01 sys=0.00, real=0.00 secs] 
122.050: Total time for which application threads were stopped: 0.0005910 seconds, Stopping threads took: 0.0000480 seconds
122.097: Application time: 0.0468210 seconds
122.097: [GC122.097: [ParNew: 15454K->675K(16640K), 0.0004250 secs] 30415K->15636K(55552K), 0.0004500 secs] [Times: user=0.00 sys=0.00, real=0.00 secs] 
122.098: Total time for which application threads were stopped: 0.0005830 seconds, Stopping threads took: 0.0000830 seconds
122.162: Application time: 0.0646400 seconds
122.162: [GC122.162: [ParNew: 15519K->663K(16640K), 0.0004110 secs] 30481K->15624K(55552K), 0.0004380 secs] [Times: user=0.01 sys=0.00, real=0.00 secs] 
122.163: Total time for which application threads were stopped: 0.0005590 seconds, Stopping threads took: 0.0000640 seconds
122.229: Application time: 0.0663260 seconds
122.229: [GC122.229: [ParNew: 15510K->462K(16640K), 0.0004570 secs] 30471K->15642K(55552K), 0.0004810 secs] [Times: user=0.00 sys=0.00, real=0.00 secs] 
122.230: Total time for which application threads were stopped: 0.0005980 seconds, Stopping threads took: 0.0000600 seconds
122.296: Application time: 0.0664320 seconds
122.296: [GC122.296: [ParNew: 15309K->447K(16640K), 0.0003540 secs] 30489K->15627K(55552K), 0.0003810 secs] [Times: user=0.00 sys=0.00, real=0.00 secs] 
122.297: Total time for which application threads were stopped: 0.0004950 seconds, Stopping threads took: 0.0000630 seconds
122.363: Application time: 0.0667680 seconds
122.367: [GC122.367: [ParNew: 15295K->452K(16640K), 0.0003670 secs] 30474K->15632K(55552K), 0.0003940 secs] [Times: user=0.00 sys=0.00, real=0.00 secs] 
122.368: Total time for which application threads were stopped: 0.0041040 seconds, Stopping threads took: 0.0036530 seconds
122.432: Application time: 0.0649270 seconds
122.433: [GC122.433: [ParNew: 15298K->453K(16640K), 0.0003960 secs] 30478K->15633K(55552K), 0.0004240 secs] [Times: user=0.00 sys=0.00, real=0.00 secs] 
122.433: Total time for which application threads were stopped: 0.0005640 seconds, Stopping threads took: 0.0000810 seconds
122.497: Application time: 0.0642750 seconds
122.497: [GC122.497: [ParNew: 15298K->442K(16640K), 0.0003770 secs] 30478K->15651K(55552K), 0.0004050 secs] [Times: user=0.01 sys=0.00, real=0.00 secs] 
122.498: Total time for which application threads were stopped: 0.0005260 seconds, Stopping threads took: 0.0000700 seconds
122.547: Application time: 0.0492180 seconds
122.547: [GC122.547: [ParNew: 15290K->866K(16640K), 0.0004330 secs] 30498K->16075K(55552K), 0.0004600 secs] [Times: user=0.00 sys=0.00, real=0.00 secs] 
122.548: Total time for which application threads were stopped: 0.0005650 seconds, Stopping threads took: 0.0000530 seconds
122.587: Application time: 0.0396790 seconds
122.587: [GC122.587: [ParNew: 15713K->1098K(16640K), 0.0004860 secs] 30921K->16307K(55552K), 0.0005120 secs] [Times: user=0.00 sys=0.00, real=0.00 secs] 
122.588: Total time for which application threads were stopped: 0.0006340 seconds, Stopping threads took: 0.0000550 seconds
122.622: Application time: 0.0343670 seconds
122.622: [GC122.622: [ParNew: 15944K->1432K(16640K), 0.0005830 secs] 31152K->16830K(55552K), 0.0006120 secs] [Times: user=0.00 sys=0.00, real=0.00 secs] 
122.623: Total time for which application threads were stopped: 0.0007310 seconds, Stopping threads took: 0.0000610 seconds
122.662: Application time: 0.0394610 seconds
122.663: Total time for which application threads were stopped: 0.0000790 seconds, Stopping threads took: 0.0000560 seconds
122.663: Application time: 0.0000500 seconds
122.663: [GC122.663: [ParNew: 16401K->1366K(16640K), 0.0006570 secs] 31799K->17012K(55552K), 0.0006930 secs] [Times: user=0.00 sys=0.00, real=0.00 secs] 
122.663: Total time for which application threads were stopped: 0.0007590 seconds, Stopping threads took: 0.0000260 seconds
122.725: Application time: 0.0612040 seconds
122.725: [GC122.725: [ParNew: 16213K->1186K(16640K), 0.0005350 secs] 31859K->16918K(55552K), 0.0005620 secs] [Times: user=0.01 sys=0.00, real=0.00 secs] 
122.725: Total time for which application threads were stopped: 0.0006870 seconds, Stopping threads took: 0.0000660 seconds
122.789: Application time: 0.0641750 seconds
122.790: [GC122.790: [ParNew: 16031K->918K(16640K), 0.0005680 secs] 31763K->16869K(55552K), 0.0005970 secs] [Times: user=0.00 sys=0.00, real=0.00 secs] 
122.790: Total time for which application threads were stopped: 0.0007500 seconds, Stopping threads took: 0.0000940 seconds
122.856: Application time: 0.0653740 seconds
122.856: [GC122.856: [ParNew: 15765K->922K(16640K), 0.0004270 secs] 31716K->16873K(55552K), 0.0004530 secs] [Times: user=0.01 sys=0.00, real=0.00 secs] 
122.856: Total time for which application threads were stopped: 0.0005730 seconds, Stopping threads took: 0.0000660 seconds
122.922: Application time: 0.0654650 seconds
122.922: [GC122.922: [ParNew: 15769K->916K(16640K), 0.0004310 secs] 31720K->16867K(55552K), 0.0004590 secs] [Times: user=0.00 sys=0.00, real=0.00 secs] 
122.922: Total time for which application threads were stopped: 0.0005750 seconds, Stopping threads took: 0.0000570 seconds
122.985: Application time: 0.0628620 seconds
122.985: [GC122.985: [ParNew: 15761K->1059K(16640K), 0.0004520 secs] 31712K->17010K(55552K), 0.0004790 secs] [Times: user=0.00 sys=0.00, real=0.00 secs] 
122.986: Total time for which application threads were stopped: 0.0005800 seconds, Stopping threads took: 0.0000410 seconds
123.047: Application time: 0.0615790 seconds
123.047: [GC123.047: [ParNew: 15906K->1099K(16640K), 0.0004170 secs] 31857K->17050K(55552K), 0.0004410 secs] [Times: user=0.00 sys=0.00, real=0.00 secs] 
123.048: Total time for which application threads were stopped: 0.0005440 seconds, Stopping threads took: 0.0000560 seconds
123.108: Application time: 0.0597850 seconds
123.110: [GC123.110: [ParNew: 15945K->1059K(16640K), 0.0006080 secs] 31896K->17201K(55552K), 0.0006340 secs] [Times: user=0.00 sys=0.00, real=0.00 secs] 
123.111: Total time for which application threads were stopped: 0.0034030 seconds, Stopping threads took: 0.0027050 seconds
123.164: Application time: 0.0531730 seconds
123.164: [GC123.164: [ParNew: 15904K->594K(16640K), 0.0005210 secs] 32046K->17306K(55552K), 0.0005490 secs] [Times: user=0.00 sys=0.00, real=0.00 secs] 
123.165: Total time for which application threads were stopped: 0.0006670 seconds, Stopping threads took: 0.0000620 seconds
123.231: Application time: 0.0657980 seconds
123.231: [GC123.231: [ParNew: 15441K->417K(16640K), 0.0004000 secs] 32153K->17129K(55552K), 0.0004330 secs] [Times: user=0.01 sys=0.00, real=0.00 secs] 
123.231: Total time for which application threads were stopped: 0.0005600 seconds, Stopping threads took: 0.0000670 seconds
123.298: Application time: 0.0666330 seconds
123.298: [GC123.298: [ParNew: 15264K->426K(16640K), 0.0003450 secs] 31976K->17137K(55552K), 0.0003730 secs] [Times: user=0.00 sys=0.00, real=0.00 secs] 
123.298: Total time for which application threads were stopped: 0.0004880 seconds, Stopping threads took: 0.0000630 seconds
123.365: Application time: 0.0666540 seconds
123.365: [GC123.365: [ParNew: 15273K->436K(16640K), 0.0003520 secs] 31985K->17148K(55552K), 0.0003790 secs] [Times: user=0.00 sys=0.00, real=0.00 secs] 
123.365: Total time for which application threads were stopped: 0.0004920 seconds, Stopping threads took: 0.0000580 seconds
123.433: Application time: 0.0670730 seconds
123.433: [GC123.433: [ParNew: 15282K->418K(16640K), 0.0003790 secs] 31993K->17129K(55552K), 0.0004040 secs] [Times: user=0.01 sys=0.00, real=0.00 secs] 
123.433: Total time for which application threads were stopped: 0.0005060 seconds, Stopping threads took: 0.0000460 seconds
123.500: Application time: 0.0669800 seconds
123.500: [GC123.500: [ParNew: 15265K->250K(16640K), 0.0004370 secs] 31977K->17151K(55552K), 0.0004730 secs] [Times: user=0.00 sys=0.00, real=0.00 secs] 
123.501: Total time for which application threads were stopped: 0.0005990 seconds, Stopping threads took: 0.0000730 seconds
123.566: Application time: 0.0655250 seconds
123.566: [GC123.566: [ParNew: 15095K->234K(16640K), 0.0003350 secs] 31996K->17135K(55552K), 0.0003610 secs] [Times: user=0.00 sys=0.00, real=0.00 secs] 
123.567: Total time for which application threads were stopped: 0.0004640 seconds, Stopping threads took: 0.0000480 seconds
123.634: Application time: 0.0676520 seconds
123.634: [GC123.634: [ParNew: 15081K->231K(16640K), 0.0003320 secs] 31983K->17132K(55552K), 0.0003580 secs] [Times: user=0.00 sys=0.00, real=0.00 secs] 
123.635: Total time for which application threads were stopped: 0.0004820 seconds, Stopping threads took: 0.0000560 seconds
123.703: Application time: 0.0679070 seconds
123.703: [GC123.703: [ParNew: 15078K->233K(16640K), 0.0003630 secs] 31980K->17134K(55552K), 0.0003900 secs] [Times: user=0.00 sys=0.00, real=0.00 secs] 
123.703: Total time for which application threads were stopped: 0.0005030 seconds, Stopping threads took: 0.0000600 seconds
123.760: Application time: 0.0570840 seconds
123.760: [GC123.760: [ParNew: 15076K->416K(16640K), 0.0003760 secs] 31978K->17318K(55552K), 0.0004040 secs] [Times: user=0.00 sys=0.00, real=0.00 secs] 
123.761: Total time for which application threads were stopped: 0.0005100 seconds, Stopping threads took: 0.0000500 seconds
123.815: Application time: 0.0547560 seconds
123.816: [GC123.816: [ParNew: 15263K->614K(16640K), 0.0004040 secs] 32165K->17516K(55552K), 0.0004300 secs] [Times: user=0.00 sys=0.00, real=0.00 secs] 
123.816: Total time for which application threads were stopped: 0.0005520 seconds, Stopping threads took: 0.0000670 seconds
123.863: Application time: 0.0467590 seconds
123.863: [GC123.863: [ParNew: 15458K->666K(16640K), 0.0004090 secs] 32360K->17568K(55552K), 0.0004360 secs] [Times: user=0.01 sys=0.00, real=0.00 secs] 
123.863: Total time for which application threads were stopped: 0.0005690 seconds, Stopping threads took: 0.0000780 seconds
123.928: Application time: 0.0645480 seconds
123.928: [GC123.928: [ParNew: 15511K->472K(16640K), 0.0004400 secs] 32412K->17592K(55552K), 0.0004680 secs] [Times: user=0.01 sys=0.00, real=0.00 secs] 
123.929: Total time for which application threads were stopped: 0.0005820 seconds, Stopping threads took: 0.0000560 seconds
123.995: Application time: 0.0666280 seconds
123.995: [GC123.995: [ParNew: 15319K->458K(16640K), 0.0003980 secs] 32439K->17578K(55552K), 0.0004240 secs] [Times: user=0.00 sys=0.00, real=0.00 secs] 
123.996: Total time for which application threads were stopped: 0.0005370 seconds, Stopping threads took: 0.0000610 seconds
124.063: Application time: 0.0670100 seconds
124.063: [GC124.063: [ParNew: 15305K->477K(16640K), 0.0003760 secs] 32425K->17598K(55552K), 0.0004040 secs] [Times: user=0.00 sys=0.00, real=0.00 secs] 
124.063: Total time for which application threads were stopped: 0.0005280 seconds, Stopping threads took: 0.0000700 seconds
124.130: Application time: 0.0672550 seconds
124.131: [GC124.131: [ParNew: 15325K->469K(16640K), 0.0003720 secs] 32445K->17590K(55552K), 0.0003990 secs] [Times: user=0.01 sys=0.00, real=0.00 secs] 
124.131: Total time for which application threads were stopped: 0.0005080 seconds, Stopping threads took: 0.0000510 seconds
124.196: Application time: 0.0650450 seconds
124.196: [GC124.196: [ParNew: 15317K->456K(16640K), 0.0003980 secs] 32437K->17576K(55552K), 0.0004240 secs] [Times: user=0.00 sys=0.00, real=0.00 secs] 
124.197: Total time for which application threads were stopped: 0.0005260 seconds, Stopping threads took: 0.0000430 seconds
124.261: Application time: 0.0644140 seconds
124.261: [GC124.261: [ParNew: 15303K->442K(16640K), 0.0003870 secs] 32424K->17591K(55552K), 0.0004140 secs] [Times: user=0.01 sys=0.00, real=0.00 secs] 
124.262: Total time for which application threads were stopped: 0.0005320 seconds, Stopping threads took: 0.0000630 seconds
124.306: Application time: 0.0449070 seconds
124.307: [GC124.307: [ParNew: 15287K->832K(16640K), 0.0004580 secs] 32436K->17981K(55552K), 0.0004920 secs] [Times: user=0.00 sys=0.00, real=0.00 secs] 
124.307: Total time for which application threads were stopped: 0.0005930 seconds, Stopping threads took: 0.0000470 seconds
124.344: Application time: 0.0367220 seconds
124.344: [GC124.344: [ParNew: 15678K->1305K(16640K), 0.0005170 secs] 32827K->18454K(55552K), 0.0005430 secs] [Times: user=0.00 sys=0.00, real=0.00 secs] 
124.344: Total time for which application threads were stopped: 0.0006550 seconds, Stopping threads took: 0.0000550 seconds
124.375: Application time: 0.0307280 seconds
124.375: [GC124.375: [ParNew: 16151K->1178K(16640K), 0.0006860 secs] 33300K->18736K(55552K), 0.0007130 secs] [Times: user=0.00 sys=0.00, real=0.00 secs] 
124.376: Total time for which application threads were stopped: 0.0008480 seconds, Stopping threads took: 0.0000750 seconds
124.423: Application time: 0.0470660 seconds
124.423: [GC124.423: [ParNew: 16026K->1206K(16640K), 0.0005370 secs] 33583K->18850K(55552K), 0.0005640 secs] [Times: user=0.00 sys=0.00, real=0.00 secs] 
124.424: Total time for which application threads were stopped: 0.0006860 seconds, Stopping threads took: 0.0000620 seconds
124.485: Application time: 0.0614520 seconds
124.485: [GC124.485: [ParNew: 16052K->735K(16640K), 0.0005170 secs] 33696K->18817K(55552K), 0.0005460 secs] [Times: user=0.00 sys=0.00, real=0.00 secs] 
124.486: Total time for which application threads were stopped: 0.0006650 seconds, Stopping threads took: 0.0000600 seconds
124.552: Application time: 0.0664290 seconds
124.552: [GC124.552: [ParNew: 15580K->607K(16640K), 0.0003950 secs] 33662K->18690K(55552K), 0.0004200 secs] [Times: user=0.00 sys=0.00, real=0.00 secs] 
124.553: Total time for which application threads were stopped: 0.0005340 seconds, Stopping threads took: 0.0000640 seconds
124.619: Application time: 0.0662460 seconds
124.620: [GC124.620: [ParNew: 15453K->640K(16640K), 0.0003900 secs] 33535K->18722K(55552K), 0.0004160 secs] [Times: user=0.00 sys=0.00, real=0.00 secs] 
124.620: Total time for which application threads were stopped: 0.0010920 seconds, Stopping threads took: 0.0006160 seconds
124.686: Application time: 0.0655320 seconds
124.686: [GC124.686: [ParNew: 15487K->626K(16640K), 0.0003840 secs] 33569K->18708K(55552K), 0.0004120 secs] [Times: user=0.00 sys=0.00, real=0.00 secs] 
124.686: Total time for which application threads were stopped: 0.0005440 seconds, Stopping threads took: 0.0000730 seconds
124.748: Application time: 0.0619520 seconds
124.748: [GC124.748: [ParNew: 15471K->998K(16640K), 0.0004390 secs] 33553K->19080K(55552K), 0.0004660 secs] [Times: user=0.01 sys=0.00, real=0.00 secs] 
124.749: Total time for which application threads were stopped: 0.0005780 seconds, Stopping threads took: 0.0000510 seconds
124.810: Application time: 0.0608030 seconds
124.810: [GC124.810: [ParNew: 15842K->1057K(16640K), 0.0004840 secs] 33924K->19140K(55552K), 0.0005120 secs] [Times: user=0.01 sys=0.00, real=0.00 secs] 
124.810: Total time for which application threads were stopped: 0.0006230 seconds, Stopping threads took: 0.0000560 seconds
124.863: Application time: 0.0528380 seconds
124.863: [GC124.863: [ParNew: 15901K->879K(16640K), 0.0005990 secs] 33984K->19343K(55552K), 0.0006270 secs] [Times: user=0.00 sys=0.00, real=0.00 secs] 
124.864: Total time for which application threads were stopped: 0.0007440 seconds, Stopping threads took: 0.0000580 seconds
124.924: Application time: 0.0603990 seconds
124.924: [GC124.924: [ParNew: 15723K->891K(16640K), 0.0004600 secs] 34186K->19354K(55552K), 0.0004870 secs] [Times: user=0.00 sys=0.00, real=0.00 secs] 
124.925: Total time for which application threads were stopped: 0.0006110 seconds, Stopping threads took: 0.0000670 seconds
124.990: Application time: 0.0652240 seconds
124.990: [GC124.990: [ParNew: 15735K->873K(16640K), 0.0004940 secs] 34199K->19336K(55552K), 0.0005220 secs] [Times: user=0.01 sys=0.00, real=0.00 secs] 
124.991: Total time for which application threads were stopped: 0.0006610 seconds, Stopping threads took: 0.0000740 seconds
125.057: Application time: 0.0665660 seconds
125.057: [GC125.057: [ParNew: 15720K->910K(16640K), 0.0004540 secs] 34183K->19373K(55552K), 0.0004810 secs] [Times: user=0.00 sys=0.00, real=0.00 secs] 
125.058: Total time for which application threads were stopped: 0.0006030 seconds, Stopping threads took: 0.0000690 seconds
125.125: Application time: 0.0667970 seconds
125.125: [GC125.125: [ParNew: 15757K->855K(16640K), 0.0005000 secs] 34220K->19318K(55552K), 0.0005260 secs] [Times: user=0.00 sys=0.00, real=0.00 secs] 
125.125: Total time for which application threads were stopped: 0.0006410 seconds, Stopping threads took: 0.0000570 seconds
125.192: Application time: 0.0666730 seconds
125.192: [GC125.192: [ParNew: 15702K->282K(16640K), 0.0004830 secs] 34165K->19315K(55552K), 0.0005100 secs] [Times: user=0.01 sys=0.00, real=0.00 secs] 
125.193: Total time for which application threads were stopped: 0.0006550 seconds, Stopping threads took: 0.0000860 seconds
125.259: Application time: 0.0665740 seconds
125.259: [GC125.259: [ParNew: 15127K->221K(16640K), 0.0003880 secs] 34160K->19255K(55552K), 0.0004140 secs] [Times: user=0.00 sys=0.00, real=0.00 secs] 
125.260: Total time for which application threads were stopped: 0.0005300 seconds, Stopping threads took: 0.0000560 seconds
125.326: Application time: 0.0666030 seconds
125.326: [GC125.326: [ParNew: 15067K->240K(16640K), 0.0003600 secs] 34100K->19273K(55552K), 0.0003820 secs] [Times: user=0.00 sys=0.00, real=0.00 secs] 
125.327: Total time for which application threads were stopped: 0.0005010 seconds, Stopping threads took: 0.0000620 seconds
125.395: Application time: 0.0677250 seconds
125.395: [GC125.395: [ParNew: 15087K->228K(16640K), 0.0003630 secs] 34120K->19261K(55552K), 0.0003890 secs] [Times: user=0.01 sys=0.00, real=0.00 secs] 
125.395: Total time for which application threads were stopped: 0.0005130 seconds, Stopping threads took: 0.0000690 seconds
125.463: Application time: 0.0674260 seconds
125.463: [GC125.463: [ParNew: 15076K->228K(16640K), 0.0003350 secs] 34109K->19262K(55552K), 0.0003620 secs] [Times: user=0.00 sys=0.00, real=0.00 secs] 
125.463: Total time for which application threads were stopped: 0.0004810 seconds, Stopping threads took: 0.0000650 seconds
125.520: Application time: 0.0569870 seconds
125.520: [GC125.520: [ParNew: 15072K->417K(16640K), 0.0003800 secs] 34105K->19450K(55552K), 0.0004060 secs] [Times: user=0.00 sys=0.00, real=0.00 secs] 
125.520: Total time for which application threads were stopped: 0.0005160 seconds, Stopping threads took: 0.0000560 seconds
125.567: Application time: 0.0466810 seconds
125.567: [GC125.567: [ParNew: 15261K->610K(16640K), 0.0004150 secs] 34294K->19643K(55552K), 0.0004420 secs] [Times: user=0.00 sys=0.00, real=0.00 secs] 
125.568: Total time for which application threads were stopped: 0.0005560 seconds, Stopping threads took: 0.0000560 seconds
125.622: Application time: 0.0544880 seconds
125.622: [GC125.622: [ParNew: 15457K->671K(16640K), 0.0004200 secs] 34491K->19704K(55552K), 0.0004470 secs] [Times: user=0.00 sys=0.00, real=0.00 secs] 
125.623: Total time for which application threads were stopped: 0.0005550 seconds, Stopping threads took: 0.0000500 seconds
125.688: Application time: 0.0654610 seconds
125.688: [GC125.688: [ParNew: 15519K->459K(16640K), 0.0005050 secs] 34552K->19711K(55552K), 0.0005320 secs] [Times: user=0.01 sys=0.00, real=0.00 secs] 
125.689: Total time for which application threads were stopped: 0.0006570 seconds, Stopping threads took: 0.0000650 seconds
125.756: Application time: 0.0667690 seconds
125.756: [GC125.756: [ParNew: 15306K->455K(16640K), 0.0004520 secs] 34558K->19707K(55552K), 0.0004780 secs] [Times: user=0.00 sys=0.00, real=0.00 secs] 
125.756: Total time for which application threads were stopped: 0.0005950 seconds, Stopping threads took: 0.0000670 seconds
125.823: Application time: 0.0668140 seconds
125.823: [GC125.823: [ParNew: 15303K->436K(16640K), 0.0004100 secs] 34554K->19688K(55552K), 0.0004480 secs] [Times: user=0.00 sys=0.00, real=0.00 secs] 
125.824: Total time for which application threads were stopped: 0.0005820 seconds, Stopping threads took: 0.0000670 seconds
125.891: Application time: 0.0668870 seconds
125.895: [GC125.895: [ParNew: 15284K->430K(16640K), 0.0005940 secs] 34536K->19682K(55552K), 0.0006220 secs] [Times: user=0.00 sys=0.00, real=0.00 secs] 
125.896: Total time for which application threads were stopped: 0.0052080 seconds, Stopping threads took: 0.0045260 seconds
125.961: Application time: 0.0650390 seconds
125.961: [GC125.961: [ParNew: 15274K->447K(16640K), 0.0004720 secs] 34526K->19699K(55552K), 0.0005000 secs] [Times: user=0.00 sys=0.00, real=0.00 secs] 
125.961: Total time for which application threads were stopped: 0.0006060 seconds, Stopping threads took: 0.0000550 seconds
126.026: Application time: 0.0645080 seconds
126.026: [GC126.026: [ParNew: 15294K->447K(16640K), 0.0003870 secs] 34546K->19727K(55552K), 0.0004150 secs] [Times: user=0.00 sys=0.00, real=0.00 secs] 
126.026: Total time for which application threads were stopped: 0.0005500 seconds, Stopping threads took: 0.0000780 seconds
126.069: Application time: 0.0429560 seconds
126.070: [GC126.070: [ParNew: 15293K->878K(16640K), 0.0004090 secs] 34574K->20159K(55552K), 0.0004350 secs] [Times: user=0.00 sys=0.00, real=0.00 secs] 
126.070: Total time for which application threads were stopped: 0.0005600 seconds, Stopping threads took: 0.0000710 seconds
126.099: Application time: 0.0286650 seconds
126.099: [GC126.099: [ParNew: 15724K->1332K(16640K), 0.0008220 secs] 35005K->20612K(55552K), 0.0008490 secs] [Times: user=0.00 sys=0.00, real=0.01 secs] 
126.100: Total time for which application threads were stopped: 0.0009640 seconds, Stopping threads took: 0.0000640 seconds
126.132: Application time: 0.0325470 seconds
126.132: [GC126.132: [ParNew: 16177K->1237K(16640K), 0.0006050 secs] 35457K->20926K(55552K), 0.0006290 secs] [Times: user=0.00 sys=0.00, real=0.00 secs] 
126.133: Total time for which application threads were stopped: 0.0007260 seconds, Stopping threads took: 0.0000440 seconds
126.189: Application time: 0.0560000 seconds
126.189: [GC126.189: [ParNew: 16084K->1202K(16640K), 0.0005410 secs] 35774K->20977K(55552K), 0.0005690 secs] [Times: user=0.00 sys=0.00, real=0.00 secs] 
126.190: Total time for which application threads were stopped: 0.0007140 seconds, Stopping threads took: 0.0000880 seconds
126.252: Application time: 0.0627830 seconds
126.252: [GC126.253: [ParNew: 16046K->1159K(16640K), 0.0004970 secs] 35822K->20992K(55552K), 0.0005250 secs] [Times: user=0.00 sys=0.00, real=0.00 secs] 
126.253: Total time for which application threads were stopped: 0.0006280 seconds, Stopping threads took: 0.0000510 seconds
126.318: Application time: 0.0648780 seconds
126.318: [GC126.318: [ParNew: 16006K->495K(16640K), 0.0005140 secs] 35839K->20898K(55552K), 0.0005420 secs] [Times: user=0.00 sys=0.00, real=0.00 secs] 
126.319: Total time for which application threads were stopped: 0.0006590 seconds, Stopping threads took: 0.0000610 seconds
126.384: Application time: 0.0650560 seconds
126.384: [GC126.384: [ParNew: 15342K->429K(16640K), 0.0003670 secs] 35745K->20832K(55552K), 0.0003950 secs] [Times: user=0.00 sys=0.00, real=0.00 secs] 
126.384: Total time for which application threads were stopped: 0.0005160 seconds, Stopping threads took: 0.0000510 seconds
126.449: Application time: 0.0653330 seconds
126.450: [GC126.450: [ParNew: 15277K->413K(16640K), 0.0003610 secs] 35680K->20816K(55552K), 0.0003860 secs] [Times: user=0.00 sys=0.00, real=0.00 secs] 
126.450: Total time for which application threads were stopped: 0.0004830 seconds, Stopping threads took: 0.0000490 seconds
126.511: Application time: 0.0610140 seconds
126.511: [GC126.511: [ParNew: 15256K->992K(16640K), 0.0005330 secs] 35659K->21395K(55552K), 0.0005580 secs] [Times: user=0.00 sys=0.00, real=0.00 secs] 
126.512: Total time for which application threads were stopped: 0.0006940 seconds, Stopping threads took: 0.0000860 seconds
126.571: Application time: 0.0597950 seconds
126.572: [GC126.572: [ParNew: 15839K->1252K(16640K), 0.0005840 secs] 36242K->21656K(55552K), 0.0006190 secs] [Times: user=0.01 sys=0.00, real=0.00 secs] 
126.572: Total time for which application threads were stopped: 0.0007400 seconds, Stopping threads took: 0.0000640 seconds
126.620: Application time: 0.0481120 seconds
126.620: [GC126.620: [ParNew: 16098K->938K(16640K), 0.0005380 secs] 36502K->21722K(55552K), 0.0005660 secs] [Times: user=0.00 sys=0.00, real=0.00 secs] 
126.621: Total time for which application threads were stopped: 0.0006770 seconds, Stopping threads took: 0.0000530 seconds
126.686: Application time: 0.0652730 seconds
126.686: [GC126.686: [ParNew: 15785K->823K(16640K), 0.0004100 secs] 36569K->21607K(55552K), 0.0004370 secs] [Times: user=0.00 sys=0.00, real=0.00 secs] 
126.687: Total time for which application threads were stopped: 0.0005540 seconds, Stopping threads took: 0.0000600 seconds
126.753: Application time: 0.0662570 seconds
126.753: [GC126.753: [ParNew: 15671K->839K(16640K), 0.0004400 secs] 36454K->21623K(55552K), 0.0004660 secs] [Times: user=0.00 sys=0.00, real=0.00 secs] 
126.754: Total time for which application threads were stopped: 0.0005700 seconds, Stopping threads took: 0.0000540 seconds
126.820: Application time: 0.0662560 seconds
126.820: [GC126.820: [ParNew: 15687K->882K(16640K), 0.0004290 secs] 36470K->21665K(55552K), 0.0004570 secs] [Times: user=0.00 sys=0.00, real=0.00 secs] 
126.821: Total time for which application threads were stopped: 0.0005730 seconds, Stopping threads took: 0.0000620 seconds
126.887: Application time: 0.0662780 seconds
126.887: [GC126.887: [ParNew: 15729K->884K(16640K), 0.0004430 secs] 36513K->21667K(55552K), 0.0004700 secs] [Times: user=0.00 sys=0.00, real=0.01 secs] 
126.887: Total time for which application threads were stopped: 0.0006020 seconds, Stopping threads took: 0.0000620 seconds
126.954: Application time: 0.0664470 seconds
126.954: [GC126.954: [ParNew: 15729K->304K(16640K), 0.0005120 secs] 36513K->21658K(55552K), 0.0005400 secs] [Times: user=0.00 sys=0.00, real=0.00 secs] 
126.955: Total time for which application threads were stopped: 0.0006610 seconds, Stopping threads took: 0.0000700 seconds
127.019: Application time: 0.0649000 seconds
127.019: [GC127.020: [ParNew: 15149K->246K(16640K), 0.0003610 secs] 36503K->21600K(55552K), 0.0003890 secs] [Times: user=0.00 sys=0.00, real=0.00 secs] 
127.020: Total time for which application threads were stopped: 0.0004960 seconds, Stopping threads took: 0.0000530 seconds
127.087: Application time: 0.0673350 seconds
127.087: [GC127.087: [ParNew: 15093K->252K(16640K), 0.0004250 secs] 36447K->21606K(55552K), 0.0004540 secs] [Times: user=0.00 sys=0.00, real=0.00 secs] 
127.088: Total time for which application threads were stopped: 0.0005690 seconds, Stopping threads took: 0.0000580 seconds
127.155: Application time: 0.0673590 seconds
127.155: [GC127.155: [ParNew: 15100K->230K(16640K), 0.0003430 secs] 36453K->21584K(55552K), 0.0003720 secs] [Times: user=0.00 sys=0.00, real=0.00 secs] 
127.156: Total time for which application threads were stopped: 0.0004940 seconds, Stopping threads took: 0.0000700 seconds
127.223: Application time: 0.0669910 seconds
127.223: [GC127.223: [ParNew: 15077K->230K(16640K), 0.0003450 secs] 36431K->21583K(55552K), 0.0003730 secs] [Times: user=0.01 sys=0.00, real=0.00 secs] 
127.223: Total time for which application threads were stopped: 0.0005050 seconds, Stopping threads took: 0.0000740 seconds
127.274: Application time: 0.0507340 seconds
127.274: [GC127.274: [ParNew: 15076K->411K(16640K), 0.0003770 secs] 36430K->21765K(55552K), 0.0004030 secs] [Times: user=0.01 sys=0.00, real=0.00 secs] 
127.274: Total time for which application threads were stopped: 0.0005260 seconds, Stopping threads took: 0.0000670 seconds
127.320: Application time: 0.0452360 seconds
127.320: [GC127.320: [ParNew: 15257K->613K(16640K), 0.0003960 secs] 36611K->21966K(55552K), 0.0004240 secs] [Times: user=0.00 sys=0.00, real=0.00 secs] 
127.320: Total time for which application threads were stopped: 0.0005580 seconds, Stopping threads took: 0.0000680 seconds
127.381: Application time: 0.0607190 seconds
127.381: [GC127.381: [ParNew: 15459K->436K(16640K), 0.0004520 secs] 36813K->22008K(55552K), 0.0004800 secs] [Times: user=0.00 sys=0.00, real=0.00 secs] 
127.382: Total time for which application threads were stopped: 0.0005880 seconds, Stopping threads took: 0.0000510 seconds
127.447: Application time: 0.0650530 seconds
127.447: [GC127.447: [ParNew: 15282K->456K(16640K), 0.0004020 secs] 36855K->22028K(55552K), 0.0004300 secs] [Times: user=0.01 sys=0.00, real=0.01 secs] 
127.447: Total time for which application threads were stopped: 0.0006030 seconds, Stopping threads took: 0.0001050 seconds
127.514: Application time: 0.0667120 seconds
127.514: [GC127.514: [ParNew: 15301K->470K(16640K), 0.0003860 secs] 36873K->22042K(55552K), 0.0004130 secs] [Times: user=0.00 sys=0.00, real=0.00 secs] 
127.514: Total time for which application threads were stopped: 0.0005490 seconds, Stopping threads took: 0.0000840 seconds
127.582: Application time: 0.0677400 seconds
127.583: [GC127.583: [ParNew: 15315K->436K(16640K), 0.0003320 secs] 36888K->22008K(55552K), 0.0003580 secs] [Times: user=0.00 sys=0.00, real=0.00 secs] 
127.583: Total time for which application threads were stopped: 0.0012820 seconds, Stopping threads took: 0.0008710 seconds
127.652: Application time: 0.0686130 seconds
127.652: [GC127.652: [ParNew: 15281K->455K(16640K), 0.0003200 secs] 36854K->22028K(55552K), 0.0003440 secs] [Times: user=0.00 sys=0.00, real=0.00 secs] 
127.653: Total time for which application threads were stopped: 0.0004390 seconds, Stopping threads took: 0.0000500 seconds
127.716: Application time: 0.0635320 seconds
127.716: [GC127.716: [ParNew: 15303K->498K(16640K), 0.0003770 secs] 36876K->22071K(55552K), 0.0004060 secs] [Times: user=0.00 sys=0.00, real=0.00 secs] 
127.717: Total time for which application threads were stopped: 0.0005440 seconds, Stopping threads took: 0.0000830 seconds
127.782: Application time: 0.0655040 seconds
127.782: [GC127.782: [ParNew: 15345K->424K(16640K), 0.0004070 secs] 36918K->22025K(55552K), 0.0004370 secs] [Times: user=0.01 sys=0.00, real=0.00 secs] 
127.783: Total time for which application threads were stopped: 0.0005590 seconds, Stopping threads took: 0.0000660 seconds
127.822: Application time: 0.0395250 seconds
127.822: [GC127.822: [ParNew: 15186K->897K(16640K), 0.0004730 secs] 36787K->22498K(55552K), 0.0005000 secs] [Times: user=0.00 sys=0.00, real=0.00 secs] 
127.823: Total time for which application threads were stopped: 0.0006360 seconds, Stopping threads took: 0.0000770 seconds
127.848: Application time: 0.0251550 seconds
127.848: [GC127.848: [ParNew: 15743K->1553K(16640K), 0.0005720 secs] 37344K->23154K(55552K), 0.0006000 secs] [Times: user=0.01 sys=0.00, real=0.00 secs] 
127.849: Total time for which application threads were stopped: 0.0007090 seconds, Stopping threads took: 0.0000500 seconds
127.880: Application time: 0.0317430 seconds
127.881: [GC127.881: [ParNew: 16399K->1004K(16640K), 0.0006550 secs] 38000K->23291K(55552K), 0.0006850 secs] [Times: user=0.00 sys=0.00, real=0.00 secs] 
127.881: Total time for which application threads were stopped: 0.0008230 seconds, Stopping threads took: 0.0000770 seconds
127.940: Application time: 0.0590430 seconds
127.940: [GC127.940: [ParNew: 15852K->1163K(16640K), 0.0004900 secs] 38138K->23450K(55552K), 0.0005180 secs] [Times: user=0.01 sys=0.00, real=0.00 secs] 
127.941: Total time for which application threads were stopped: 0.0006470 seconds, Stopping threads took: 0.0000710 seconds
128.005: Application time: 0.0641250 seconds
128.005: [GC128.005: [ParNew: 16008K->1065K(16640K), 0.0005480 secs] 38295K->23409K(55552K), 0.0005750 secs] [Times: user=0.00 sys=0.00, real=0.00 secs] 
128.006: Total time for which application threads were stopped: 0.0006850 seconds, Stopping threads took: 0.0000520 seconds
128.071: Application time: 0.0649550 seconds
128.071: [GC128.071: [ParNew: 15913K->287K(16640K), 0.0005090 secs] 38257K->23391K(55552K), 0.0005440 secs] [Times: user=0.00 sys=0.00, real=0.00 secs] 
128.071: Total time for which application threads were stopped: 0.0006740 seconds, Stopping threads took: 0.0000740 seconds
128.137: Application time: 0.0654200 seconds
128.139: [GC128.139: [ParNew: 15134K->235K(16640K), 0.0003590 secs] 38238K->23339K(55552K), 0.0003840 secs] [Times: user=0.00 sys=0.00, real=0.00 secs] 
128.140: Total time for which application threads were stopped: 0.0026710 seconds, Stopping threads took: 0.0022300 seconds
128.205: Application time: 0.0656630 seconds
128.205: [GC128.205: [ParNew: 15082K->205K(16640K), 0.0003720 secs] 38187K->23309K(55552K), 0.0004000 secs] [Times: user=0.00 sys=0.00, real=0.00 secs] 
128.206: Total time for which application threads were stopped: 0.0005080 seconds, Stopping threads took: 0.0000570 seconds
128.264: Application time: 0.0585590 seconds
128.264: [GC128.264: [ParNew: 15050K->967K(16640K), 0.0020050 secs] 38154K->24071K(55552K), 0.0020360 secs] [Times: user=0.00 sys=0.00, real=0.00 secs] 
128.266: Total time for which application threads were stopped: 0.0021420 seconds, Stopping threads took: 0.0000530 seconds
128.318: Application time: 0.0516510 seconds
128.318: [GC128.318: [ParNew: 15813K->633K(16640K), 0.0005320 secs] 38917K->24308K(55552K), 0.0005590 secs] [Times: user=0.01 sys=0.00, real=0.00 secs] 
128.319: Total time for which application threads were stopped: 0.0006620 seconds, Stopping threads took: 0.0000470 seconds
128.377: Application time: 0.0587250 seconds
128.378: [GC128.378: [ParNew: 15479K->622K(16640K), 0.0003910 secs] 39153K->24297K(55552K), 0.0004180 secs] [Times: user=0.00 sys=0.00, real=0.00 secs] 
128.378: Total time for which application threads were stopped: 0.0005380 seconds, Stopping threads took: 0.0000630 seconds
128.444: Application time: 0.0655350 seconds
128.444: [GC128.444: [ParNew: 15467K->639K(16640K), 0.0004320 secs] 39141K->24313K(55552K), 0.0004590 secs] [Times: user=0.00 sys=0.00, real=0.00 secs] 
128.444: Total time for which application threads were stopped: 0.0005830 seconds, Stopping threads took: 0.0000660 seconds
128.510: Application time: 0.0663740 seconds
128.511: [GC128.511: [ParNew: 15486K->641K(16640K), 0.0004050 secs] 39161K->24315K(55552K), 0.0004320 secs] [Times: user=0.00 sys=0.00, real=0.00 secs] 
128.511: Total time for which application threads were stopped: 0.0005510 seconds, Stopping threads took: 0.0000580 seconds
128.577: Application time: 0.0663040 seconds
128.577: [GC128.577: [ParNew: 15488K->649K(16640K), 0.0004240 secs] 39163K->24324K(55552K), 0.0004510 secs] [Times: user=0.00 sys=0.00, real=0.00 secs] 
128.578: Total time for which application threads were stopped: 0.0005670 seconds, Stopping threads took: 0.0000580 seconds
128.645: Application time: 0.0668900 seconds
128.645: [GC128.645: [ParNew: 15496K->630K(16640K), 0.0003720 secs] 39171K->24305K(55552K), 0.0003980 secs] [Times: user=0.00 sys=0.00, real=0.00 secs] 
128.645: Total time for which application threads were stopped: 0.0005180 seconds, Stopping threads took: 0.0000640 seconds
128.712: Application time: 0.0666070 seconds
128.712: [GC128.712: [ParNew: 15477K->208K(16640K), 0.0005150 secs] 39152K->24263K(55552K), 0.0005430 secs] [Times: user=0.00 sys=0.00, real=0.00 secs] 
128.713: Total time for which application threads were stopped: 0.0006600 seconds, Stopping threads took: 0.0000660 seconds
128.778: Application time: 0.0650750 seconds
128.778: [GC128.778: [ParNew: 15053K->265K(16640K), 0.0004240 secs] 39108K->24320K(55552K), 0.0004510 secs] [Times: user=0.00 sys=0.00, real=0.00 secs] 
128.778: Total time for which application threads were stopped: 0.0005820 seconds, Stopping threads took: 0.0000730 seconds
128.846: Application time: 0.0677620 seconds
128.846: [GC128.846: [ParNew: 15112K->236K(16640K), 0.0003440 secs] 39167K->24291K(55552K), 0.0003730 secs] [Times: user=0.01 sys=0.00, real=0.00 secs] 
128.847: Total time for which application threads were stopped: 0.0005030 seconds, Stopping threads took: 0.0000730 seconds
128.914: Application time: 0.0673250 seconds
128.914: [GC128.914: [ParNew: 15084K->237K(16640K), 0.0003400 secs] 39139K->24292K(55552K), 0.0003750 secs] [Times: user=0.01 sys=0.00, real=0.00 secs] 
128.914: Total time for which application threads were stopped: 0.0004770 seconds, Stopping threads took: 0.0000500 seconds
128.977: Application time: 0.0625160 seconds
128.977: [GC128.977: [ParNew: 15085K->421K(16640K), 0.0004330 secs] 39139K->24476K(55552K), 0.0004610 secs] [Times: user=0.00 sys=0.00, real=0.00 secs] 
128.977: Total time for which application threads were stopped: 0.0005840 seconds, Stopping threads took: 0.0000660 seconds
129.027: Application time: 0.0500580 seconds
129.028: [GC129.028: [ParNew: 15265K->619K(16640K), 0.0004800 secs] 39320K->24673K(55552K), 0.0005070 secs] [Times: user=0.00 sys=0.00, real=0.00 secs] 
129.028: Total time for which application threads were stopped: 0.0006490 seconds, Stopping threads took: 0.0000740 seconds
129.076: Application time: 0.0475620 seconds
129.076: [GC129.076: [ParNew: 15463K->641K(16640K), 0.0004670 secs] 39518K->24696K(55552K), 0.0004980 secs] [Times: user=0.00 sys=0.00, real=0.00 secs] 
129.076: Total time for which application threads were stopped: 0.0006200 seconds, Stopping threads took: 0.0000590 seconds
129.140: Application time: 0.0640670 seconds
129.140: [GC129.141: [ParNew: 15489K->480K(16640K), 0.0004480 secs] 39544K->24754K(55552K), 0.0004740 secs] [Times: user=0.01 sys=0.00, real=0.00 secs] 
129.141: Total time for which application threads were stopped: 0.0006080 seconds, Stopping threads took: 0.0000740 seconds
129.208: Application time: 0.0674150 seconds
129.209: [GC129.209: [ParNew: 15325K->450K(16640K), 0.0003960 secs] 39599K->24723K(55552K), 0.0004220 secs] [Times: user=0.00 sys=0.00, real=0.00 secs] 
129.209: Total time for which application threads were stopped: 0.0005360 seconds, Stopping threads took: 0.0000630 seconds
129.276: Application time: 0.0667370 seconds
129.276: [GC129.276: [ParNew: 15297K->463K(16640K), 0.0003710 secs] 39571K->24737K(55552K), 0.0004000 secs] [Times: user=0.00 sys=0.00, real=0.00 secs] 
129.276: Total time for which application threads were stopped: 0.0005280 seconds, Stopping threads took: 0.0000720 seconds
129.343: Application time: 0.0668480 seconds
129.343: [GC129.343: [ParNew: 15311K->476K(16640K), 0.0003580 secs] 39584K->24749K(55552K), 0.0003840 secs] [Times: user=0.00 sys=0.00, real=0.00 secs] 
129.344: Total time for which application threads were stopped: 0.0005120 seconds, Stopping threads took: 0.0000720 seconds
129.409: Application time: 0.0649940 seconds
129.409: [GC129.409: [ParNew: 15322K->442K(16640K), 0.0003970 secs] 39595K->24715K(55552K), 0.0004230 secs] [Times: user=0.00 sys=0.00, real=0.00 secs] 
129.409: Total time for which application threads were stopped: 0.0005360 seconds, Stopping threads took: 0.0000630 seconds
129.474: Application time: 0.0650110 seconds
129.474: [GC129.474: [ParNew: 15287K->499K(16640K), 0.0003630 secs] 39560K->24773K(55552K), 0.0003900 secs] [Times: user=0.00 sys=0.00, real=0.00 secs] 
129.475: Total time for which application threads were stopped: 0.0004960 seconds, Stopping threads took: 0.0000510 seconds
129.535: Application time: 0.0607330 seconds
129.535: [GC129.535: [ParNew: 15346K->658K(16640K), 0.0004920 secs] 39620K->24960K(55552K), 0.0005180 secs] [Times: user=0.00 sys=0.00, real=0.00 secs] 
129.536: Total time for which application threads were stopped: 0.0006330 seconds, Stopping threads took: 0.0000510 seconds
129.574: Application time: 0.0380930 seconds
129.574: [GC129.574: [ParNew: 15504K->1260K(16640K), 0.0006580 secs] 39806K->25562K(55552K), 0.0006830 secs] [Times: user=0.00 sys=0.00, real=0.00 secs] 
129.575: Total time for which application threads were stopped: 0.0008020 seconds, Stopping threads took: 0.0000610 seconds
129.602: Application time: 0.0273100 seconds
129.602: [GC129.602: [ParNew: 16107K->964K(16640K), 0.0006280 secs] 40409K->25675K(55552K), 0.0006540 secs] [Times: user=0.00 sys=0.00, real=0.00 secs] 
129.603: Total time for which application threads were stopped: 0.0007580 seconds, Stopping threads took: 0.0000530 seconds
129.640: Application time: 0.0369550 seconds
129.640: [GC129.640: [ParNew: 15810K->1201K(16640K), 0.0005500 secs] 40520K->25912K(55552K), 0.0005850 secs] [Times: user=0.01 sys=0.00, real=0.00 secs] 
129.641: Total time for which application threads were stopped: 0.0006870 seconds, Stopping threads took: 0.0000450 seconds
129.701: Application time: 0.0599500 seconds
129.701: [GC129.701: [ParNew: 16049K->1154K(16640K), 0.0005720 secs] 40760K->25922K(55552K), 0.0006000 secs] [Times: user=0.00 sys=0.00, real=0.00 secs] 
129.701: Total time for which application threads were stopped: 0.0007280 seconds, Stopping threads took: 0.0000690 seconds
129.765: Application time: 0.0641640 seconds
129.766: [GC129.766: [ParNew: 16001K->1138K(16640K), 0.0005360 secs] 40769K->25993K(55552K), 0.0005630 secs] [Times: user=0.00 sys=0.00, real=0.00 secs] 
129.766: Total time for which application threads were stopped: 0.0006640 seconds, Stopping threads took: 0.0000440 seconds
129.831: Application time: 0.0649170 seconds
129.831: [GC129.831: [ParNew: 15986K->324K(16640K), 0.0005120 secs] 40840K->25939K(55552K), 0.0005410 secs] [Times: user=0.01 sys=0.00, real=0.00 secs] 
129.832: Total time for which application threads were stopped: 0.0006620 seconds, Stopping threads took: 0.0000630 seconds
129.897: Application time: 0.0654390 seconds
129.897: [GC129.897: [ParNew: 15172K->234K(16640K), 0.0003420 secs] 40786K->25848K(55552K), 0.0003690 secs] [Times: user=0.00 sys=0.00, real=0.00 secs] 
129.898: Total time for which application threads were stopped: 0.0004940 seconds, Stopping threads took: 0.0000660 seconds
129.962: Application time: 0.0644730 seconds
129.962: [GC129.962: [ParNew: 15078K->398K(16640K), 0.0004260 secs] 40693K->26013K(55552K), 0.0004500 secs] [Times: user=0.00 sys=0.00, real=0.00 secs] 
129.963: Total time for which application threads were stopped: 0.0005690 seconds, Stopping threads took: 0.0000680 seconds
130.021: Application time: 0.0587520 seconds
130.022: [GC130.022: [ParNew: 15246K->971K(16640K), 0.0005370 secs] 40861K->26585K(55552K), 0.0005640 secs] [Times: user=0.00 sys=0.00, real=0.00 secs] 
130.022: Total time for which application threads were stopped: 0.0006670 seconds, Stopping threads took: 0.0000460 seconds
130.069: Application time: 0.0465950 seconds
130.069: [GC130.069: [ParNew: 15814K->406K(16640K), 0.0005770 secs] 41429K->26781K(55552K), 0.0006040 secs] [Times: user=0.01 sys=0.00, real=0.00 secs] 
130.069: Total time for which application threads were stopped: 0.0007440 seconds, Stopping threads took: 0.0000720 seconds
130.134: Application time: 0.0648200 seconds
130.134: [GC130.134: [ParNew: 15251K->424K(16640K), 0.0003490 secs] 41626K->26799K(55552K), 0.0003730 secs] [Times: user=0.00 sys=0.00, real=0.00 secs] 
130.135: Total time for which application threads were stopped: 0.0004770 seconds, Stopping threads took: 0.0000470 seconds
130.200: Application time: 0.0653990 seconds
130.200: [GC130.200: [ParNew: 15268K->418K(16640K), 0.0003790 secs] 41643K->26793K(55552K), 0.0004050 secs] [Times: user=0.00 sys=0.00, real=0.00 secs] 
130.201: Total time for which application threads were stopped: 0.0005160 seconds, Stopping threads took: 0.0000540 seconds
130.267: Application time: 0.0661680 seconds
130.267: [GC130.267: [ParNew: 15265K->429K(16640K), 0.0003710 secs] 41640K->26804K(55552K), 0.0003990 secs] [Times: user=0.00 sys=0.00, real=0.01 secs] 
130.267: Total time for which application threads were stopped: 0.0005040 seconds, Stopping threads took: 0.0000520 seconds
130.334: Application time: 0.0663870 seconds
130.334: [GC130.334: [ParNew: 15277K->414K(16640K), 0.0004310 secs] 41652K->26789K(55552K), 0.0004570 secs] [Times: user=0.00 sys=0.00, real=0.00 secs] 
130.334: Total time for which application threads were stopped: 0.0005810 seconds, Stopping threads took: 0.0000670 seconds
130.401: Application time: 0.0664880 seconds
130.401: [GC130.401: [ParNew: 15261K->425K(16640K), 0.0004040 secs] 41636K->26800K(55552K), 0.0004310 secs] [Times: user=0.01 sys=0.00, real=0.00 secs] 
130.401: Total time for which application threads were stopped: 0.0005710 seconds, Stopping threads took: 0.0000710 seconds
130.466: Application time: 0.0645620 seconds
130.466: [GC130.466: [ParNew: 15271K->269K(16640K), 0.0004660 secs] 41646K->26834K(55552K), 0.0004920 secs] [Times: user=0.01 sys=0.00, real=0.00 secs] 
130.467: Total time for which application threads were stopped: 0.0006120 seconds, Stopping threads took: 0.0000660 seconds
130.534: Application time: 0.0671480 seconds
130.534: [GC130.534: [ParNew: 15116K->233K(16640K), 0.0003980 secs] 41681K->26798K(55552K), 0.0004260 secs] [Times: user=0.01 sys=0.00, real=0.00 secs] 
130.534: Total time for which application threads were stopped: 0.0005370 seconds, Stopping threads took: 0.0000550 seconds
130.603: Application time: 0.0690170 seconds
130.603: [GC130.603: [ParNew: 15079K->234K(16640K), 0.0003590 secs] 41644K->26799K(55552K), 0.0003830 secs] [Times: user=0.00 sys=0.00, real=0.00 secs] 
130.604: Total time for which application threads were stopped: 0.0004820 seconds, Stopping threads took: 0.0000480 seconds
130.672: Application time: 0.0683420 seconds
130.672: [GC130.672: [ParNew: 15079K->242K(16640K), 0.0003210 secs] 41644K->26807K(55552K), 0.0003470 secs] [Times: user=0.00 sys=0.00, real=0.00 secs] 
130.673: Total time for which application threads were stopped: 0.0004530 seconds, Stopping threads took: 0.0000540 seconds
130.728: Application time: 0.0559020 seconds
130.729: [GC130.729: [ParNew: 15088K->417K(16640K), 0.0003730 secs] 41653K->26982K(55552K), 0.0004010 secs] [Times: user=0.01 sys=0.00, real=0.00 secs] 
130.729: Total time for which application threads were stopped: 0.0005220 seconds, Stopping threads took: 0.0000630 seconds
130.781: Application time: 0.0516120 seconds
130.781: [GC130.781: [ParNew: 15263K->625K(16640K), 0.0004150 secs] 41828K->27190K(55552K), 0.0004410 secs] [Times: user=0.00 sys=0.00, real=0.00 secs] 
130.781: Total time for which application threads were stopped: 0.0005570 seconds, Stopping threads took: 0.0000570 seconds
130.832: Application time: 0.0509880 seconds
130.835: [GC130.835: [ParNew: 15471K->446K(16640K), 0.0005510 secs] 42036K->27230K(55552K), 0.0005780 secs] [Times: user=0.00 sys=0.00, real=0.00 secs] 
130.836: Total time for which application threads were stopped: 0.0036070 seconds, Stopping threads took: 0.0029700 seconds
130.900: Application time: 0.0646280 seconds
130.900: [GC130.900: [ParNew: 15293K->469K(16640K), 0.0004090 secs] 42076K->27253K(55552K), 0.0004340 secs] [Times: user=0.00 sys=0.00, real=0.00 secs] 
130.901: Total time for which application threads were stopped: 0.0005530 seconds, Stopping threads took: 0.0000620 seconds
130.967: Application time: 0.0661490 seconds
130.967: [GC130.967: [ParNew: 15316K->459K(16640K), 0.0003940 secs] 42100K->27243K(55552K), 0.0004210 secs] [Times: user=0.01 sys=0.00, real=0.00 secs] 
130.968: Total time for which application threads were stopped: 0.0005260 seconds, Stopping threads took: 0.0000530 seconds
131.034: Application time: 0.0665890 seconds
131.034: [GC131.034: [ParNew: 15306K->441K(16640K), 0.0003730 secs] 42090K->27224K(55552K), 0.0004000 secs] [Times: user=0.00 sys=0.00, real=0.00 secs] 
131.035: Total time for which application threads were stopped: 0.0005190 seconds, Stopping threads took: 0.0000630 seconds
131.101: Application time: 0.0665250 seconds
131.101: [GC131.101: [ParNew: 15288K->458K(16640K), 0.0003730 secs] 42072K->27242K(55552K), 0.0004000 secs] [Times: user=0.01 sys=0.00, real=0.00 secs] 
131.102: Total time for which application threads were stopped: 0.0005230 seconds, Stopping threads took: 0.0000640 seconds
131.167: Application time: 0.0649980 seconds
131.167: [GC131.167: [ParNew: 15303K->451K(16640K), 0.0003580 secs] 42087K->27235K(55552K), 0.0003860 secs] [Times: user=0.00 sys=0.00, real=0.01 secs] 
131.167: Total time for which application threads were stopped: 0.0005200 seconds, Stopping threads took: 0.0000700 seconds
131.232: Application time: 0.0643730 seconds
131.232: [GC131.232: [ParNew: 15296K->483K(16640K), 0.0003820 secs] 42080K->27295K(55552K), 0.0004180 secs] [Times: user=0.00 sys=0.00, real=0.00 secs] 
131.232: Total time for which application threads were stopped: 0.0005290 seconds, Stopping threads took: 0.0000540 seconds
131.283: Application time: 0.0510610 seconds
131.283: [GC131.283: [ParNew: 15328K->658K(16640K), 0.0004210 secs] 42140K->27470K(55552K), 0.0004480 secs] [Times: user=0.01 sys=0.00, real=0.00 secs] 
131.284: Total time for which application threads were stopped: 0.0005770 seconds, Stopping threads took: 0.0000700 seconds
131.323: Application time: 0.0388800 seconds
131.323: [GC131.323: [ParNew: 15504K->1289K(16640K), 0.0005720 secs] 42316K->28101K(55552K), 0.0005990 secs] [Times: user=0.01 sys=0.00, real=0.00 secs] 
131.323: Total time for which application threads were stopped: 0.0007110 seconds, Stopping threads took: 0.0000540 seconds
131.350: Application time: 0.0268990 seconds
131.350: [GC131.350: [ParNew: 16135K->1143K(16640K), 0.0006480 secs] 42947K->28364K(55552K), 0.0006790 secs] [Times: user=0.00 sys=0.00, real=0.00 secs] 
131.351: Total time for which application threads were stopped: 0.0008010 seconds, Stopping threads took: 0.0000570 seconds
131.394: Application time: 0.0433210 seconds
131.395: [GC131.395: [ParNew: 15986K->1188K(16640K), 0.0005070 secs] 43207K->28466K(55552K), 0.0005340 secs] [Times: user=0.00 sys=0.01, real=0.00 secs] 
131.395: Total time for which application threads were stopped: 0.0006470 seconds, Stopping threads took: 0.0000520 seconds
131.456: Application time: 0.0613940 seconds
131.457: [GC131.457: [ParNew: 16035K->1163K(16640K), 0.0005570 secs] 43314K->28471K(55552K), 0.0005820 secs] [Times: user=0.01 sys=0.00, real=0.00 secs] 
131.457: Total time for which application threads were stopped: 0.0006960 seconds, Stopping threads took: 0.0000650 seconds
131.522: Application time: 0.0649170 seconds
131.522: [GC131.522: [ParNew: 16011K->969K(16640K), 0.0005150 secs] 43318K->28524K(55552K), 0.0005410 secs] [Times: user=0.01 sys=0.00, real=0.00 secs] 
131.523: Total time for which application threads were stopped: 0.0006540 seconds, Stopping threads took: 0.0000580 seconds
131.588: Application time: 0.0654380 seconds
131.588: [GC131.588: [ParNew: 15816K->837K(16640K), 0.0004060 secs] 43371K->28392K(55552K), 0.0004330 secs] [Times: user=0.00 sys=0.00, real=0.00 secs] 
131.589: Total time for which application threads were stopped: 0.0005650 seconds, Stopping threads took: 0.0000740 seconds
131.654: Application time: 0.0656410 seconds
131.655: [GC131.655: [ParNew: 15684K->833K(16640K), 0.0004600 secs] 43239K->28388K(55552K), 0.0004870 secs] [Times: user=0.01 sys=0.00, real=0.00 secs] 
131.656: Total time for which application threads were stopped: 0.0012310 seconds, Stopping threads took: 0.0006930 seconds
131.719: Application time: 0.0636410 seconds
131.719: [GC131.719: [ParNew: 15680K->1056K(16640K), 0.0004890 secs] 43235K->28611K(55552K), 0.0005150 secs] [Times: user=0.01 sys=0.00, real=0.00 secs] 
131.720: Total time for which application threads were stopped: 0.0006280 seconds, Stopping threads took: 0.0000510 seconds
131.776: Application time: 0.0560300 seconds
131.776: [GC131.776: [ParNew: 15900K->1248K(16640K), 0.0005070 secs] 43455K->28804K(55552K), 0.0005340 secs] [Times: user=0.00 sys=0.00, real=0.00 secs] 
131.777: Total time for which application threads were stopped: 0.0006370 seconds, Stopping threads took: 0.0000450 seconds
131.826: Application time: 0.0491620 seconds
131.826: [GC131.826: [ParNew: 16092K->300K(16640K), 0.0005960 secs] 43648K->28807K(55552K), 0.0006220 secs] [Times: user=0.00 sys=0.00, real=0.00 secs] 
131.826: Total time for which application threads were stopped: 0.0007340 seconds, Stopping threads took: 0.0000550 seconds
131.892: Application time: 0.0651540 seconds
131.892: [GC131.892: [ParNew: 15145K->238K(16640K), 0.0003820 secs] 43651K->28744K(55552K), 0.0004100 secs] [Times: user=0.00 sys=0.00, real=0.00 secs] 
131.892: Total time for which application threads were stopped: 0.0005290 seconds, Stopping threads took: 0.0000620 seconds
131.959: Application time: 0.0666930 seconds
131.959: [GC131.959: [ParNew: 15085K->213K(16640K), 0.0003140 secs] 43592K->28720K(55552K), 0.0003500 secs] [Times: user=0.01 sys=0.00, real=0.01 secs] 
131.959: Total time for which application threads were stopped: 0.0004570 seconds, Stopping threads took: 0.0000580 seconds
132.026: Application time: 0.0663550 seconds
132.026: [GC132.026: [ParNew: 15061K->212K(16640K), 0.0003450 secs] 43567K->28718K(55552K), 0.0003710 secs] [Times: user=0.00 sys=0.00, real=0.00 secs] 
132.026: Total time for which application threads were stopped: 0.0004850 seconds, Stopping threads took: 0.0000590 seconds
132.093: Application time: 0.0667210 seconds
132.093: [GC132.093: [ParNew: 15059K->209K(16640K), 0.0003440 secs] 43565K->28715K(55552K), 0.0003690 secs] [Times: user=0.00 sys=0.00, real=0.00 secs] 
132.093: Total time for which application threads were stopped: 0.0004960 seconds, Stopping threads took: 0.0000720 seconds
132.161: Application time: 0.0676990 seconds
132.161: [GC132.161: [ParNew: 15054K->198K(16640K), 0.0019290 secs] 43560K->28704K(55552K), 0.0019620 secs] [Times: user=0.01 sys=0.00, real=0.00 secs] 
132.163: Total time for which application threads were stopped: 0.0021010 seconds, Stopping threads took: 0.0000780 seconds
132.230: Application time: 0.0668690 seconds
132.230: [GC132.230: [ParNew: 15041K->230K(16640K), 0.0003330 secs] 43548K->28737K(55552K), 0.0003590 secs] [Times: user=0.00 sys=0.00, real=0.00 secs] 
132.231: Total time for which application threads were stopped: 0.0004700 seconds, Stopping threads took: 0.0000480 seconds
132.298: Application time: 0.0672660 seconds
132.298: [GC132.298: [ParNew: 15078K->234K(16640K), 0.0003710 secs] 43584K->28740K(55552K), 0.0004010 secs] [Times: user=0.00 sys=0.00, real=0.00 secs] 
132.298: Total time for which application threads were stopped: 0.0005200 seconds, Stopping threads took: 0.0000600 seconds
132.366: Application time: 0.0672500 seconds
132.366: [GC132.366: [ParNew: 15082K->231K(16640K), 0.0003600 secs] 43588K->28738K(55552K), 0.0003870 secs] [Times: user=0.00 sys=0.00, real=0.00 secs] 
132.366: Total time for which application threads were stopped: 0.0004980 seconds, Stopping threads took: 0.0000590 seconds
132.433: Application time: 0.0667810 seconds
132.433: [GC132.433: [ParNew: 15079K->229K(16640K), 0.0003650 secs] 43585K->28735K(55552K), 0.0003930 secs] [Times: user=0.00 sys=0.00, real=0.00 secs] 
132.433: Total time for which application threads were stopped: 0.0005330 seconds, Stopping threads took: 0.0000850 seconds
132.483: Application time: 0.0493080 seconds
132.483: [GC132.483: [ParNew: 15076K->412K(16640K), 0.0004060 secs] 43582K->28918K(55552K), 0.0004320 secs] [Times: user=0.00 sys=0.00, real=0.00 secs] 
132.483: Total time for which application threads were stopped: 0.0005460 seconds, Stopping threads took: 0.0000570 seconds
132.536: Application time: 0.0526260 seconds
132.536: [GC132.536: [ParNew: 15260K->608K(16640K), 0.0005100 secs] 43766K->29114K(55552K), 0.0005380 secs] [Times: user=0.01 sys=0.00, real=0.00 secs] 
132.537: Total time for which application threads were stopped: 0.0006530 seconds, Stopping threads took: 0.0000580 seconds
132.593: Application time: 0.0559680 seconds
132.593: [GC132.593: [ParNew: 15456K->461K(16640K), 0.0004820 secs] 43962K->29186K(55552K), 0.0005090 secs] [Times: user=0.00 sys=0.00, real=0.00 secs] 
132.593: Total time for which application threads were stopped: 0.0006240 seconds, Stopping threads took: 0.0000590 seconds
132.658: Application time: 0.0653440 seconds
132.659: [GC132.659: [ParNew: 15306K->447K(16640K), 0.0003610 secs] 44031K->29172K(55552K), 0.0003880 secs] [Times: user=0.00 sys=0.00, real=0.00 secs] 
132.659: Total time for which application threads were stopped: 0.0004980 seconds, Stopping threads took: 0.0000610 seconds
132.725: Application time: 0.0665190 seconds
132.726: [GC132.726: [ParNew: 15295K->453K(16640K), 0.0003850 secs] 44020K->29178K(55552K), 0.0004110 secs] [Times: user=0.00 sys=0.00, real=0.00 secs] 
132.726: Total time for which application threads were stopped: 0.0005260 seconds, Stopping threads took: 0.0000530 seconds
132.793: Application time: 0.0667060 seconds
132.793: [GC132.793: [ParNew: 15301K->478K(16640K), 0.0003960 secs] 44026K->29203K(55552K), 0.0004230 secs] [Times: user=0.00 sys=0.00, real=0.00 secs] 
132.793: Total time for which application threads were stopped: 0.0005460 seconds, Stopping threads took: 0.0000540 seconds
132.860: Application time: 0.0666760 seconds
132.860: [GC132.860: [ParNew: 15325K->452K(16640K), 0.0004480 secs] 44050K->29177K(55552K), 0.0004750 secs] [Times: user=0.00 sys=0.00, real=0.00 secs] 
132.861: Total time for which application threads were stopped: 0.0005980 seconds, Stopping threads took: 0.0000720 seconds
132.926: Application time: 0.0652760 seconds
132.926: [GC132.926: [ParNew: 15299K->438K(16640K), 0.0004190 secs] 44024K->29163K(55552K), 0.0004460 secs] [Times: user=0.00 sys=0.00, real=0.00 secs] 
132.926: Total time for which application threads were stopped: 0.0005610 seconds, Stopping threads took: 0.0000610 seconds
132.991: Application time: 0.0642340 seconds
132.991: [GC132.991: [ParNew: 15285K->447K(16640K), 0.0004180 secs] 44010K->29201K(55552K), 0.0004460 secs] [Times: user=0.00 sys=0.00, real=0.00 secs] 
132.991: Total time for which application threads were stopped: 0.0005630 seconds, Stopping threads took: 0.0000590 seconds
133.039: Application time: 0.0477400 seconds
133.039: [GC133.039: [ParNew: 15292K->698K(16640K), 0.0004740 secs] 44045K->29451K(55552K), 0.0005000 secs] [Times: user=0.00 sys=0.00, real=0.00 secs] 
133.040: Total time for which application threads were stopped: 0.0006400 seconds, Stopping threads took: 0.0000770 seconds
133.072: Application time: 0.0323620 seconds
133.072: [GC133.072: [ParNew: 15437K->1173K(16640K), 0.0005770 secs] 44190K->29927K(55552K), 0.0006030 secs] [Times: user=0.00 sys=0.00, real=0.00 secs] 
133.073: Total time for which application threads were stopped: 0.0007120 seconds, Stopping threads took: 0.0000510 seconds
133.104: Application time: 0.0315890 seconds
133.104: [GC133.104: [ParNew: 16019K->1221K(16640K), 0.0006390 secs] 44773K->30383K(55552K), 0.0006670 secs] [Times: user=0.01 sys=0.00, real=0.00 secs] 
133.105: Total time for which application threads were stopped: 0.0007840 seconds, Stopping threads took: 0.0000570 seconds
133.152: Application time: 0.0471360 seconds
133.152: [GC133.152: [ParNew: 16065K->1213K(16640K), 0.0005190 secs] 45228K->30462K(55552K), 0.0005440 secs] [Times: user=0.00 sys=0.00, real=0.00 secs] 
133.153: Total time for which application threads were stopped: 0.0006800 seconds, Stopping threads took: 0.0000780 seconds
133.214: Application time: 0.0614300 seconds
133.214: [GC133.214: [ParNew: 16060K->1176K(16640K), 0.0005160 secs] 45309K->30453K(55552K), 0.0005450 secs] [Times: user=0.01 sys=0.00, real=0.00 secs] 
133.215: Total time for which application threads were stopped: 0.0006570 seconds, Stopping threads took: 0.0000590 seconds
133.280: Application time: 0.0649610 seconds
133.280: [GC133.280: [ParNew: 16023K->684K(16640K), 0.0019740 secs] 45301K->30370K(55552K), 0.0020060 secs] [Times: user=0.00 sys=0.00, real=0.00 secs] 
133.282: Total time for which application threads were stopped: 0.0021150 seconds, Stopping threads took: 0.0000540 seconds
133.347: Application time: 0.0649910 seconds
133.347: [GC133.347: [ParNew: 15531K->646K(16640K), 0.0004070 secs] 45217K->30332K(55552K), 0.0004350 secs] [Times: user=0.00 sys=0.00, real=0.00 secs] 
133.348: Total time for which application threads were stopped: 0.0005730 seconds, Stopping threads took: 0.0000690 seconds
133.413: Application time: 0.0649700 seconds
133.413: [GC133.413: [ParNew: 15493K->648K(16640K), 0.0003990 secs] 45180K->30334K(55552K), 0.0004260 secs] [Times: user=0.00 sys=0.00, real=0.00 secs] 
133.413: Total time for which application threads were stopped: 0.0005370 seconds, Stopping threads took: 0.0000600 seconds
133.475: Application time: 0.0616510 seconds
133.475: [GC133.475: [ParNew: 15496K->1039K(16640K), 0.0004670 secs] 45182K->30725K(55552K), 0.0005030 secs] [Times: user=0.01 sys=0.00, real=0.00 secs] 
133.475: Total time for which application threads were stopped: 0.0006220 seconds, Stopping threads took: 0.0000630 seconds
133.525: Application time: 0.0495020 seconds
133.525: [GC133.525: [ParNew: 15885K->1253K(16640K), 0.0005530 secs] 45571K->30940K(55552K), 0.0005810 secs] [Times: user=0.01 sys=0.00, real=0.00 secs] 
133.526: Total time for which application threads were stopped: 0.0007070 seconds, Stopping threads took: 0.0000690 seconds
133.583: Application time: 0.0574290 seconds
133.583: [GC133.583: [ParNew: 16100K->555K(16640K), 0.0005660 secs] 45787K->31002K(55552K), 0.0005920 secs] [Times: user=0.00 sys=0.00, real=0.00 secs] 
133.584: Total time for which application threads were stopped: 0.0007020 seconds, Stopping threads took: 0.0000550 seconds
133.651: Application time: 0.0670850 seconds
133.651: [GC133.651: [ParNew: 15402K->405K(16640K), 0.0003140 secs] 45849K->30852K(55552K), 0.0003400 secs] [Times: user=0.01 sys=0.00, real=0.00 secs] 
133.651: Total time for which application threads were stopped: 0.0004360 seconds, Stopping threads took: 0.0000410 seconds
133.719: Application time: 0.0677840 seconds
133.719: [GC133.719: [ParNew: 15250K->450K(16640K), 0.0003560 secs] 45697K->30897K(55552K), 0.0003800 secs] [Times: user=0.00 sys=0.00, real=0.00 secs] 
133.720: Total time for which application threads were stopped: 0.0007300 seconds, Stopping threads took: 0.0002990 seconds
133.787: Application time: 0.0673550 seconds
133.787: [GC133.787: [ParNew: 15298K->424K(16640K), 0.0003850 secs] 45745K->30872K(55552K), 0.0004130 secs] [Times: user=0.00 sys=0.00, real=0.00 secs] 
133.788: Total time for which application threads were stopped: 0.0005440 seconds, Stopping threads took: 0.0000730 seconds
133.854: Application time: 0.0665650 seconds
133.854: [GC133.854: [ParNew: 15272K->418K(16640K), 0.0004010 secs] 45719K->30865K(55552K), 0.0004280 secs] [Times: user=0.00 sys=0.00, real=0.00 secs] 
133.855: Total time for which application threads were stopped: 0.0005560 seconds, Stopping threads took: 0.0000590 seconds
133.921: Application time: 0.0665220 seconds
133.921: [GC133.921: [ParNew: 15265K->402K(16640K), 0.0004150 secs] 45712K->30849K(55552K), 0.0004430 secs] [Times: user=0.00 sys=0.00, real=0.00 secs] 
133.922: Total time for which application threads were stopped: 0.0005650 seconds, Stopping threads took: 0.0000680 seconds
133.987: Application time: 0.0647870 seconds
133.987: [GC133.987: [ParNew: 15247K->256K(16640K), 0.0004020 secs] 45694K->30894K(55552K), 0.0004290 secs] [Times: user=0.00 sys=0.00, real=0.01 secs] 
133.987: Total time for which application threads were stopped: 0.0005620 seconds, Stopping threads took: 0.0000760 seconds
134.054: Application time: 0.0672150 seconds
134.055: [GC134.055: [ParNew: 15104K->239K(16640K), 0.0003350 secs] 45741K->30877K(55552K), 0.0003620 secs] [Times: user=0.00 sys=0.00, real=0.00 secs] 
134.055: Total time for which application threads were stopped: 0.0005120 seconds, Stopping threads took: 0.0000890 seconds
134.122: Application time: 0.0674660 seconds
134.123: [GC134.123: [ParNew: 15087K->249K(16640K), 0.0003500 secs] 45724K->30886K(55552K), 0.0003770 secs] [Times: user=0.00 sys=0.00, real=0.00 secs] 
134.123: Total time for which application threads were stopped: 0.0004910 seconds, Stopping threads took: 0.0000590 seconds
134.190: Application time: 0.0667640 seconds
134.190: [GC134.190: [ParNew: 15096K->242K(16640K), 0.0003230 secs] 45734K->30880K(55552K), 0.0003520 secs] [Times: user=0.00 sys=0.00, real=0.00 secs] 
134.190: Total time for which application threads were stopped: 0.0004720 seconds, Stopping threads took: 0.0000620 seconds
134.240: Application time: 0.0494040 seconds
134.240: [GC134.240: [ParNew: 15089K->434K(16640K), 0.0003790 secs] 45727K->31071K(55552K), 0.0004060 secs] [Times: user=0.00 sys=0.00, real=0.00 secs] 
134.240: Total time for which application threads were stopped: 0.0005240 seconds, Stopping threads took: 0.0000590 seconds
134.285: Application time: 0.0448640 seconds
134.285: [GC134.285: [ParNew: 15277K->626K(16640K), 0.0004150 secs] 45915K->31264K(55552K), 0.0004510 secs] [Times: user=0.00 sys=0.00, real=0.00 secs] 
134.286: Total time for which application threads were stopped: 0.0005510 seconds, Stopping threads took: 0.0000410 seconds
134.348: Application time: 0.0627820 seconds
134.348: [GC134.348: [ParNew: 15474K->480K(16640K), 0.0004420 secs] 46112K->31336K(55552K), 0.0004680 secs] [Times: user=0.01 sys=0.00, real=0.00 secs] 
134.349: Total time for which application threads were stopped: 0.0005750 seconds, Stopping threads took: 0.0000480 seconds
134.414: Application time: 0.0652460 seconds
134.414: [GC134.414: [ParNew: 15325K->435K(16640K), 0.0004030 secs] 46181K->31291K(55552K), 0.0004280 secs] [Times: user=0.00 sys=0.00, real=0.00 secs] 
134.415: Total time for which application threads were stopped: 0.0005390 seconds, Stopping threads took: 0.0000540 seconds
134.481: Application time: 0.0665770 seconds
134.483: [GC134.483: [ParNew: 15283K->442K(16640K), 0.0003710 secs] 46139K->31298K(55552K), 0.0003970 secs] [Times: user=0.00 sys=0.00, real=0.00 secs] 
134.484: Total time for which application threads were stopped: 0.0022740 seconds, Stopping threads took: 0.0018200 seconds
134.550: Application time: 0.0666120 seconds
134.550: [GC134.550: [ParNew: 15289K->452K(16640K), 0.0003740 secs] 46145K->31308K(55552K), 0.0004010 secs] [Times: user=0.00 sys=0.00, real=0.00 secs] 
134.551: Total time for which application threads were stopped: 0.0005300 seconds, Stopping threads took: 0.0000700 seconds
134.617: Application time: 0.0665390 seconds
134.617: [GC134.617: [ParNew: 15299K->459K(16640K), 0.0004070 secs] 46155K->31315K(55552K), 0.0004330 secs] [Times: user=0.00 sys=0.00, real=0.00 secs] 
134.618: Total time for which application threads were stopped: 0.0005360 seconds, Stopping threads took: 0.0000510 seconds
134.681: Application time: 0.0631600 seconds
134.681: [GC134.681: [ParNew: 15304K->501K(16640K), 0.0003930 secs] 46160K->31357K(55552K), 0.0004190 secs] [Times: user=0.00 sys=0.00, real=0.00 secs] 
134.681: Total time for which application threads were stopped: 0.0005320 seconds, Stopping threads took: 0.0000570 seconds
134.744: Application time: 0.0630210 seconds
134.747: [GC134.747: [ParNew: 15349K->613K(16640K), 0.0005130 secs] 46205K->31498K(55552K), 0.0005410 secs] [Times: user=0.01 sys=0.00, real=0.00 secs] 
134.748: Total time for which application threads were stopped: 0.0032160 seconds, Stopping threads took: 0.0026160 seconds
134.794: Application time: 0.0466040 seconds
134.794: [GC134.794: [ParNew: 15460K->925K(16640K), 0.0004860 secs] 46345K->31810K(55552K), 0.0005120 secs] [Times: user=0.01 sys=0.00, real=0.00 secs] 
134.795: Total time for which application threads were stopped: 0.0006160 seconds, Stopping threads took: 0.0000440 seconds
134.824: Application time: 0.0294740 seconds
134.824: [GC134.825: [ParNew: 15770K->1354K(16640K), 0.0005560 secs] 46655K->32239K(55552K), 0.0005850 secs] [Times: user=0.01 sys=0.00, real=0.00 secs] 
134.825: Total time for which application threads were stopped: 0.0007090 seconds, Stopping threads took: 0.0000670 seconds
134.858: Application time: 0.0330520 seconds
134.858: [GC134.858: [ParNew: 16200K->1266K(16640K), 0.0006380 secs] 47085K->32559K(55552K), 0.0006650 secs] [Times: user=0.00 sys=0.00, real=0.00 secs] 
134.859: Total time for which application threads were stopped: 0.0007710 seconds, Stopping threads took: 0.0000470 seconds
134.910: Application time: 0.0514410 seconds
134.910: [GC134.910: [ParNew: 16113K->843K(16640K), 0.0005470 secs] 47406K->32632K(55552K), 0.0005810 secs] [Times: user=0.00 sys=0.00, real=0.00 secs] 
134.911: Total time for which application threads were stopped: 0.0006990 seconds, Stopping threads took: 0.0000660 seconds
134.974: Application time: 0.0628920 seconds
134.974: [GC134.974: [ParNew: 15690K->844K(16640K), 0.0004490 secs] 47478K->32633K(55552K), 0.0004750 secs] [Times: user=0.00 sys=0.00, real=0.00 secs] 
134.975: Total time for which application threads were stopped: 0.0006040 seconds, Stopping threads took: 0.0000660 seconds
135.040: Application time: 0.0654590 seconds
135.040: [GC135.040: [ParNew: 15692K->895K(16640K), 0.0004460 secs] 47480K->32683K(55552K), 0.0004810 secs] [Times: user=0.00 sys=0.00, real=0.00 secs] 
135.041: Total time for which application threads were stopped: 0.0006060 seconds, Stopping threads took: 0.0000710 seconds
135.106: Application time: 0.0650830 seconds
135.106: [GC135.106: [ParNew: 15742K->901K(16640K), 0.0004510 secs] 47531K->32689K(55552K), 0.0004800 secs] [Times: user=0.00 sys=0.00, real=0.00 secs] 
135.106: Total time for which application threads were stopped: 0.0006130 seconds, Stopping threads took: 0.0000740 seconds
135.172: Application time: 0.0656820 seconds
135.172: [GC135.172: [ParNew: 15748K->1136K(16640K), 0.0004710 secs] 47537K->32925K(55552K), 0.0004970 secs] [Times: user=0.00 sys=0.00, real=0.00 secs] 
135.173: Total time for which application threads were stopped: 0.0006260 seconds, Stopping threads took: 0.0000750 seconds
135.235: Application time: 0.0621190 seconds
135.235: [GC135.235: [ParNew: 15981K->1130K(16640K), 0.0007220 secs] 47770K->32947K(55552K), 0.0007510 secs] [Times: user=0.00 sys=0.00, real=0.00 secs] 
135.236: Total time for which application threads were stopped: 0.0008750 seconds, Stopping threads took: 0.0000660 seconds
135.283: Application time: 0.0469830 seconds
135.283: [GC135.283: [ParNew: 15975K->1274K(16640K), 0.0005630 secs] 47792K->33092K(55552K), 0.0005910 secs] [Times: user=0.00 sys=0.00, real=0.00 secs] 
135.283: Total time for which application threads were stopped: 0.0007240 seconds, Stopping threads took: 0.0000720 seconds
135.345: Application time: 0.0618370 seconds
135.345: [GC135.345: [ParNew: 16120K->900K(16640K), 0.0005360 secs] 47938K->33098K(55552K), 0.0005660 secs] [Times: user=0.01 sys=0.00, real=0.00 secs] 
135.346: Total time for which application threads were stopped: 0.0007190 seconds, Stopping threads took: 0.0000950 seconds
135.412: Application time: 0.0656810 seconds
135.412: [GC135.412: [ParNew: 15745K->929K(16640K), 0.0004180 secs] 47943K->33127K(55552K), 0.0004460 secs] [Times: user=0.00 sys=0.00, real=0.00 secs] 
135.412: Total time for which application threads were stopped: 0.0005600 seconds, Stopping threads took: 0.0000610 seconds
135.479: Application time: 0.0664570 seconds
135.479: [GC135.479: [ParNew: 15777K->795K(16640K), 0.0004540 secs] 47975K->32993K(55552K), 0.0004810 secs] [Times: user=0.01 sys=0.00, real=0.01 secs] 
135.479: Total time for which application threads were stopped: 0.0005940 seconds, Stopping threads took: 0.0000490 seconds
135.546: Application time: 0.0663350 seconds
135.546: [GC135.546: [ParNew: 15642K->850K(16640K), 0.0004210 secs] 47840K->33048K(55552K), 0.0004470 secs] [Times: user=0.00 sys=0.00, real=0.00 secs] 
135.546: Total time for which application threads were stopped: 0.0005540 seconds, Stopping threads took: 0.0000500 seconds
135.613: Application time: 0.0664790 seconds
135.613: [GC135.613: [ParNew: 15697K->892K(16640K), 0.0004350 secs] 47895K->33090K(55552K), 0.0004620 secs] [Times: user=0.00 sys=0.00, real=0.00 secs] 
135.613: Total time for which application threads were stopped: 0.0005710 seconds, Stopping threads took: 0.0000580 seconds
135.679: Application time: 0.0661190 seconds
135.679: [GC135.679: [ParNew: 15739K->311K(16640K), 0.0005610 secs] 47937K->33079K(55552K), 0.0005880 secs] [Times: user=0.00 sys=0.00, real=0.00 secs] 
135.680: Total time for which application threads were stopped: 0.0007060 seconds, Stopping threads took: 0.0000630 seconds
135.746: Application time: 0.0659490 seconds
135.746: [GC135.746: [ParNew: 15156K->251K(16640K), 0.0004240 secs] 47924K->33019K(55552K), 0.0004520 secs] [Times: user=0.00 sys=0.00, real=0.00 secs] 
135.746: Total time for which application threads were stopped: 0.0005650 seconds, Stopping threads took: 0.0000560 seconds
135.814: Application time: 0.0674740 seconds
135.814: [GC135.814: [ParNew: 15098K->261K(16640K), 0.0003690 secs] 47866K->33029K(55552K), 0.0003970 secs] [Times: user=0.01 sys=0.00, real=0.00 secs] 
135.814: Total time for which application threads were stopped: 0.0005270 seconds, Stopping threads took: 0.0000690 seconds
135.882: Application time: 0.0673240 seconds
135.882: [GC135.882: [ParNew: 15109K->225K(16640K), 0.0003960 secs] 47877K->32993K(55552K), 0.0004230 secs] [Times: user=0.01 sys=0.00, real=0.00 secs] 
135.882: Total time for which application threads were stopped: 0.0005360 seconds, Stopping threads took: 0.0000570 seconds
135.945: Application time: 0.0622160 seconds
135.945: [GC135.945: [ParNew: 15071K->414K(16640K), 0.0003860 secs] 47839K->33182K(55552K), 0.0004140 secs] [Times: user=0.01 sys=0.00, real=0.00 secs] 
135.945: Total time for which application threads were stopped: 0.0005270 seconds, Stopping threads took: 0.0000550 seconds
135.995: Application time: 0.0495090 seconds
135.995: [GC135.995: [ParNew: 15261K->618K(16640K), 0.0004410 secs] 48029K->33386K(55552K), 0.0004670 secs] [Times: user=0.01 sys=0.00, real=0.00 secs] 
135.995: Total time for which application threads were stopped: 0.0005820 seconds, Stopping threads took: 0.0000480 seconds
136.043: Application time: 0.0476760 seconds
136.043: [GC136.043: [ParNew: 15462K->629K(16640K), 0.0004390 secs] 48230K->33397K(55552K), 0.0004670 secs] [Times: user=0.00 sys=0.00, real=0.00 secs] 
136.043: Total time for which application threads were stopped: 0.0005860 seconds, Stopping threads took: 0.0000610 seconds
136.107: Application time: 0.0632500 seconds
136.107: [GC136.107: [ParNew: 15473K->442K(16640K), 0.0005160 secs] 48242K->33428K(55552K), 0.0005440 secs] [Times: user=0.00 sys=0.00, real=0.01 secs] 
136.107: Total time for which application threads were stopped: 0.0006640 seconds, Stopping threads took: 0.0000620 seconds
136.174: Application time: 0.0662440 seconds
136.174: [GC136.174: [ParNew: 15287K->432K(16640K), 0.0003720 secs] 48274K->33419K(55552K), 0.0004000 secs] [Times: user=0.01 sys=0.00, real=0.00 secs] 
136.174: Total time for which application threads were stopped: 0.0005160 seconds, Stopping threads took: 0.0000610 seconds
136.241: Application time: 0.0665940 seconds
136.241: [GC136.241: [ParNew: 15280K->484K(16640K), 0.0003960 secs] 48266K->33471K(55552K), 0.0004230 secs] [Times: user=0.00 sys=0.00, real=0.00 secs] 
136.241: Total time for which application threads were stopped: 0.0005430 seconds, Stopping threads took: 0.0000630 seconds
136.308: Application time: 0.0666230 seconds
136.308: [GC136.308: [ParNew: 15331K->450K(16640K), 0.0003920 secs] 48318K->33436K(55552K), 0.0004190 secs] [Times: user=0.00 sys=0.00, real=0.00 secs] 
136.308: Total time for which application threads were stopped: 0.0005450 seconds, Stopping threads took: 0.0000670 seconds
136.373: Application time: 0.0647320 seconds
136.373: [GC136.373: [ParNew: 15296K->437K(16640K), 0.0004140 secs] 48283K->33424K(55552K), 0.0004410 secs] [Times: user=0.01 sys=0.00, real=0.00 secs] 
136.374: Total time for which application threads were stopped: 0.0005410 seconds, Stopping threads took: 0.0000470 seconds
136.438: Application time: 0.0645260 seconds
136.438: [GC136.438: [ParNew: 15284K->522K(16640K), 0.0003780 secs] 48271K->33508K(55552K), 0.0004040 secs] [Times: user=0.00 sys=0.00, real=0.00 secs] 
136.439: Total time for which application threads were stopped: 0.0005060 seconds, Stopping threads took: 0.0000470 seconds
136.493: Application time: 0.0541060 seconds
136.493: [GC136.493: [ParNew: 15368K->652K(16640K), 0.0004750 secs] 48354K->33667K(55552K), 0.0005010 secs] [Times: user=0.00 sys=0.00, real=0.00 secs] 
136.494: Total time for which application threads were stopped: 0.0006210 seconds, Stopping threads took: 0.0000620 seconds
136.543: Application time: 0.0499260 seconds
136.544: [GC136.544: [ParNew: 15499K->1109K(16640K), 0.0005050 secs] 48514K->34125K(55552K), 0.0005340 secs] [Times: user=0.01 sys=0.00, real=0.00 secs] 
136.544: Total time for which application threads were stopped: 0.0006520 seconds, Stopping threads took: 0.0000530 seconds
136.574: Application time: 0.0294350 seconds
136.574: [GC136.574: [ParNew: 15957K->1371K(16640K), 0.0006030 secs] 48973K->34576K(55552K), 0.0006390 secs] [Times: user=0.00 sys=0.00, real=0.00 secs] 
136.574: Total time for which application threads were stopped: 0.0007500 seconds, Stopping threads took: 0.0000540 seconds
136.608: Application time: 0.0333130 seconds
136.608: [GC136.608: [ParNew: 16217K->1204K(16640K), 0.0006460 secs] 49422K->34685K(55552K), 0.0006730 secs] [Times: user=0.00 sys=0.00, real=0.00 secs] 
136.608: Total time for which application threads were stopped: 0.0007890 seconds, Stopping threads took: 0.0000570 seconds
136.669: Application time: 0.0604690 seconds
136.669: [GC136.669: [ParNew: 16051K->750K(16640K), 0.0006050 secs] 49533K->34479K(55552K), 0.0006320 secs] [Times: user=0.00 sys=0.00, real=0.00 secs] 
136.670: Total time for which application threads were stopped: 0.0007530 seconds, Stopping threads took: 0.0000720 seconds
136.739: Application time: 0.0691010 seconds
136.739: [GC136.739: [ParNew: 15595K->650K(16640K), 0.0004420 secs] 49325K->34380K(55552K), 0.0004710 secs] [Times: user=0.01 sys=0.00, real=0.01 secs] 
136.739: Total time for which application threads were stopped: 0.0005640 seconds, Stopping threads took: 0.0000360 seconds
136.808: Application time: 0.0683050 seconds
136.808: [GC136.808: [ParNew: 15496K->645K(16640K), 0.0004860 secs] 49226K->34375K(55552K), 0.0005140 secs] [Times: user=0.00 sys=0.00, real=0.00 secs] 
136.808: Total time for which application threads were stopped: 0.0006210 seconds, Stopping threads took: 0.0000500 seconds
136.875: Application time: 0.0665030 seconds
136.875: [GC136.875: [ParNew: 15490K->828K(16640K), 0.0004560 secs] 49220K->34557K(55552K), 0.0004860 secs] [Times: user=0.00 sys=0.00, real=0.00 secs] 
136.875: Total time for which application threads were stopped: 0.0006210 seconds, Stopping threads took: 0.0000820 seconds
136.942: Application time: 0.0670690 seconds
136.943: [GC136.943: [ParNew: 15612K->741K(16640K), 0.0004240 secs] 49342K->34471K(55552K), 0.0004490 secs] [Times: user=0.00 sys=0.00, real=0.00 secs] 
136.943: Total time for which application threads were stopped: 0.0005760 seconds, Stopping threads took: 0.0000730 seconds
136.997: Application time: 0.0536710 seconds
136.997: [GC136.997: [ParNew: 15588K->1057K(16640K), 0.0005030 secs] 49318K->34787K(55552K), 0.0005310 secs] [Times: user=0.00 sys=0.00, real=0.00 secs] 
136.997: Total time for which application threads were stopped: 0.0006560 seconds, Stopping threads took: 0.0000660 seconds
137.057: Application time: 0.0592570 seconds
137.057: [GC137.057: [ParNew: 15900K->867K(16640K), 0.0005000 secs] 49630K->34787K(55552K), 0.0005280 secs] [Times: user=0.01 sys=0.00, real=0.00 secs] 
137.057: Total time for which application threads were stopped: 0.0006530 seconds, Stopping threads took: 0.0000580 seconds
137.125: Application time: 0.0680220 seconds
137.125: [GC137.125: [ParNew: 15715K->873K(16640K), 0.0004600 secs] 49635K->34793K(55552K), 0.0004860 secs] [Times: user=0.01 sys=0.00, real=0.00 secs] 
137.126: Total time for which application threads were stopped: 0.0005960 seconds, Stopping threads took: 0.0000600 seconds
137.195: Application time: 0.0690940 seconds
137.195: [GC137.195: [ParNew: 15719K->909K(16640K), 0.0004580 secs] 49639K->34829K(55552K), 0.0004870 secs] [Times: user=0.00 sys=0.00, real=0.00 secs] 
137.196: Total time for which application threads were stopped: 0.0006030 seconds, Stopping threads took: 0.0000570 seconds
137.265: Application time: 0.0695750 seconds
137.265: [GC137.265: [ParNew: 15755K->905K(16640K), 0.0004870 secs] 49675K->34824K(55552K), 0.0005140 secs] [Times: user=0.00 sys=0.00, real=0.00 secs] 
137.266: Total time for which application threads were stopped: 0.0006100 seconds, Stopping threads took: 0.0000450 seconds
137.335: Application time: 0.0695030 seconds
137.335: [GC137.335: [ParNew: 15750K->880K(16640K), 0.0004730 secs] 49670K->34861K(55552K), 0.0005030 secs] [Times: user=0.00 sys=0.00, real=0.00 secs] 
137.336: Total time for which application threads were stopped: 0.0006100 seconds, Stopping threads took: 0.0000520 seconds
137.404: Application time: 0.0684830 seconds
137.404: [GC137.404: [ParNew: 15725K->240K(16640K), 0.0005000 secs] 49706K->34730K(55552K), 0.0005360 secs] [Times: user=0.00 sys=0.00, real=0.00 secs] 
137.405: Total time for which application threads were stopped: 0.0006320 seconds, Stopping threads took: 0.0000370 seconds
137.478: Application time: 0.0732140 seconds
137.478: [GC137.478: [ParNew: 15084K->25K(16640K), 0.0003960 secs] 49574K->34515K(55552K), 0.0004240 secs] [Times: user=0.00 sys=0.00, real=0.00 secs] 
137.479: Total time for which application threads were stopped: 0.0005210 seconds, Stopping threads took: 0.0000460 seconds
137.538: Application time: 0.0593170 seconds
137.538: [GC137.538: [ParNew: 14869K->195K(16640K), 0.0003780 secs] 49359K->34685K(55552K), 0.0004050 secs] [Times: user=0.00 sys=0.00, real=0.00 secs] 
137.539: Total time for which application threads were stopped: 0.0005190 seconds, Stopping threads took: 0.0000590 seconds
137.601: Application time: 0.0628690 seconds
137.602: [GC137.602: [ParNew: 15041K->204K(16640K), 0.0003800 secs] 49531K->34694K(55552K), 0.0004080 secs] [Times: user=0.00 sys=0.00, real=0.00 secs] 
137.602: Total time for which application threads were stopped: 0.0005180 seconds, Stopping threads took: 0.0000450 seconds
137.653: Application time: 0.0507220 seconds
137.653: [GC137.653: [ParNew: 15051K->393K(16640K), 0.0003390 secs] 49541K->34883K(55552K), 0.0003670 secs] [Times: user=0.00 sys=0.00, real=0.00 secs] 
137.653: Total time for which application threads were stopped: 0.0004790 seconds, Stopping threads took: 0.0000580 seconds
137.735: Application time: 0.0818080 seconds
137.735: [GC137.735: [ParNew: 15237K->211K(16640K), 0.0003660 secs] 49727K->34701K(55552K), 0.0003940 secs] [Times: user=0.00 sys=0.00, real=0.00 secs] 
137.735: Total time for which application threads were stopped: 0.0005150 seconds, Stopping threads took: 0.0000650 seconds
137.839: Application time: 0.1035370 seconds
137.839: [GC137.839: [ParNew: 15057K->27K(16640K), 0.0004910 secs] 49547K->34517K(55552K), 0.0005170 secs] [Times: user=0.01 sys=0.00, real=0.00 secs] 
137.840: Total time for which application threads were stopped: 0.0006070 seconds, Stopping threads took: 0.0000380 seconds
137.928: Application time: 0.0887290 seconds
137.928: [GC137.928: [ParNew: 14871K->4K(16640K), 0.0004160 secs] 49361K->34494K(55552K), 0.0004430 secs] [Times: user=0.00 sys=0.00, real=0.00 secs] 
137.929: Total time for which application threads were stopped: 0.0005410 seconds, Stopping threads took: 0.0000460 seconds
138.046: Application time: 0.1167870 seconds
138.046: [GC138.046: [ParNew: 14848K->10K(16640K), 0.0004590 secs] 49338K->34500K(55552K), 0.0004860 secs] [Times: user=0.00 sys=0.00, real=0.00 secs] 
138.046: Total time for which application threads were stopped: 0.0005580 seconds, Stopping threads took: 0.0000230 seconds
138.129: Application time: 0.0832730 seconds
138.130: Total time for which application threads were stopped: 0.0000590 seconds, Stopping threads took: 0.0000200 seconds
138.134: Application time: 0.0043250 seconds
138.135: Total time for which application threads were stopped: 0.0008540 seconds, Stopping threads took: 0.0008370 seconds
138.135: Application time: 0.0000490 seconds
138.135: [GC138.135: [ParNew: 14871K->1596K(16640K), 0.0006880 secs] 49361K->36086K(55552K), 0.0007180 secs] [Times: user=0.01 sys=0.00, real=0.00 secs] 
138.136: Total time for which application threads were stopped: 0.0007820 seconds, Stopping threads took: 0.0000190 seconds
138.136: Application time: 0.0000340 seconds
138.136: [GC138.136: [ParNew: 1688K->41K(16640K), 0.0035650 secs] 36178K->36117K(55552K), 0.0035850 secs] [Times: user=0.01 sys=0.00, real=0.01 secs] 
138.139: Total time for which application threads were stopped: 0.0036490 seconds, Stopping threads took: 0.0000320 seconds
138.139: Application time: 0.0000470 seconds
138.139: [GC [1 CMS-initial-mark: 36075K(38912K)] 36191K(55552K), 0.0001360 secs] [Times: user=0.00 sys=0.00, real=0.00 secs] 
138.140: Total time for which application threads were stopped: 0.0001890 seconds, Stopping threads took: 0.0000300 seconds
138.140: [CMS-concurrent-mark-start]
138.145: [CMS-concurrent-mark: 0.005/0.005 secs] [Times: user=0.02 sys=0.00, real=0.00 secs] 
138.145: [CMS-concurrent-preclean-start]
138.145: [CMS-concurrent-preclean: 0.000/0.000 secs] [Times: user=0.00 sys=0.00, real=0.00 secs] 
138.145: [CMS-concurrent-abortable-preclean-start]
138.169: Application time: 0.0297930 seconds
138.169: Total time for which application threads were stopped: 0.0001050 seconds, Stopping threads took: 0.0000800 seconds
138.169: Application time: 0.0000880 seconds
138.170: [GC138.170: [ParNew: 14949K->816K(16640K), 0.0004470 secs] 51024K->36891K(55552K), 0.0004750 secs] [Times: user=0.00 sys=0.00, real=0.00 secs] 
138.170: Total time for which application threads were stopped: 0.0005410 seconds, Stopping threads took: 0.0000280 seconds
138.224: Application time: 0.0541990 seconds
138.227: [GC138.227: [ParNew: 15663K->1211K(16640K), 0.0004850 secs] 51739K->37286K(55552K), 0.0005140 secs] [Times: user=0.01 sys=0.00, real=0.00 secs] 
138.228: Total time for which application threads were stopped: 0.0034140 seconds, Stopping threads took: 0.0028510 seconds
138.289: Application time: 0.0615120 seconds
138.289: [GC138.289: [ParNew: 16056K->1054K(16640K), 0.0006640 secs] 52132K->37345K(55552K), 0.0016560 secs] [Times: user=0.01 sys=0.00, real=0.00 secs] 
138.291: Total time for which application threads were stopped: 0.0017640 seconds, Stopping threads took: 0.0000490 seconds
138.356: Application time: 0.0649990 seconds
138.356: [GC138.356: [ParNew: 15899K->695K(16640K), 0.0005990 secs] 52190K->37366K(55552K), 0.0006280 secs] [Times: user=0.00 sys=0.00, real=0.00 secs] 
138.357: Total time for which application threads were stopped: 0.0007690 seconds, Stopping threads took: 0.0000810 seconds
138.422: Application time: 0.0650600 seconds
138.422: [GC138.422: [ParNew: 15542K->655K(16640K), 0.0004350 secs] 52213K->37326K(55552K), 0.0004620 secs] [Times: user=0.01 sys=0.00, real=0.00 secs] 
138.422: Total time for which application threads were stopped: 0.0005810 seconds, Stopping threads took: 0.0000680 seconds
138.486: Application time: 0.0634390 seconds
138.486: [GC138.486: [ParNew: 15501K->843K(16640K), 0.0004830 secs] 52172K->37514K(55552K), 0.0005080 secs] [Times: user=0.01 sys=0.00, real=0.00 secs] 
138.486: Total time for which application threads were stopped: 0.0006130 seconds, Stopping threads took: 0.0000490 seconds
138.548: Application time: 0.0617140 seconds
138.548: [GC138.548: [ParNew: 15690K->1255K(16640K), 0.0004860 secs] 52361K->37926K(55552K), 0.0005140 secs] [Times: user=0.00 sys=0.00, real=0.00 secs] 
138.549: Total time for which application threads were stopped: 0.0006490 seconds, Stopping threads took: 0.0000760 seconds
138.610: Application time: 0.0607860 seconds
138.610: [GC138.610: [ParNew: 16103K->1287K(16640K), 0.0005230 secs] 52774K->37958K(55552K), 0.0005500 secs] [Times: user=0.00 sys=0.00, real=0.00 secs] 
138.610: Total time for which application threads were stopped: 0.0006670 seconds, Stopping threads took: 0.0000590 seconds
138.677: Application time: 0.0672180 seconds
138.678: [GC138.678: [ParNew: 16130K->738K(16640K), 0.0005390 secs] 52802K->37980K(55552K), 0.0005660 secs] [Times: user=0.00 sys=0.00, real=0.00 secs] 
138.678: Total time for which application threads were stopped: 0.0006890 seconds, Stopping threads took: 0.0000620 seconds
138.745: Application time: 0.0672530 seconds
138.745: [GC138.745: [ParNew: 15586K->641K(16640K), 0.0004030 secs] 52827K->37882K(55552K), 0.0004300 secs] [Times: user=0.01 sys=0.00, real=0.00 secs] 
138.746: Total time for which application threads were stopped: 0.0005340 seconds, Stopping threads took: 0.0000440 seconds
138.813: Application time: 0.0670900 seconds
138.813: [GC138.813: [ParNew: 15489K->612K(16640K), 0.0004370 secs] 52730K->37854K(55552K), 0.0004620 secs] [Times: user=0.01 sys=0.00, real=0.00 secs] 
138.814: Total time for which application threads were stopped: 0.0005650 seconds, Stopping threads took: 0.0000440 seconds
138.880: Application time: 0.0668590 seconds
138.881: [GC138.881: [ParNew: 15460K->657K(16640K), 0.0004180 secs] 52701K->37899K(55552K), 0.0004560 secs] [Times: user=0.00 sys=0.00, real=0.00 secs] 
138.881: Total time for which application threads were stopped: 0.0005900 seconds, Stopping threads took: 0.0000800 seconds
138.948: Application time: 0.0673700 seconds
138.949: [GC138.949: [ParNew: 15503K->642K(16640K), 0.0004120 secs] 52744K->37884K(55552K), 0.0004410 secs] [Times: user=0.00 sys=0.00, real=0.00 secs] 
138.949: Total time for which application threads were stopped: 0.0005750 seconds, Stopping threads took: 0.0000750 seconds
139.016: Application time: 0.0671670 seconds
139.016: [GC139.016: [ParNew: 15489K->0K(16640K), 0.0004430 secs] 52731K->37811K(55552K), 0.0004700 secs] [Times: user=0.00 sys=0.00, real=0.00 secs] 
139.017: Total time for which application threads were stopped: 0.0005930 seconds, Stopping threads took: 0.0000720 seconds
139.084: Application time: 0.0677500 seconds
139.085: [GC139.085: [ParNew: 14847K->0K(16640K), 0.0003600 secs] 52659K->37811K(55552K), 0.0003880 secs] [Times: user=0.01 sys=0.00, real=0.00 secs] 
139.085: Total time for which application threads were stopped: 0.0004960 seconds, Stopping threads took: 0.0000520 seconds
139.153: Application time: 0.0678910 seconds
139.155: [GC139.155: [ParNew: 14847K->0K(16640K), 0.0004250 secs] 52659K->37811K(55552K), 0.0004540 secs] [Times: user=0.00 sys=0.00, real=0.00 secs] 
139.156: Total time for which application threads were stopped: 0.0027470 seconds, Stopping threads took: 0.0022350 seconds
139.224: Application time: 0.0681720 seconds
139.224: [GC139.224: [ParNew: 14845K->0K(16640K), 0.0002960 secs] 52657K->37811K(55552K), 0.0003250 secs] [Times: user=0.00 sys=0.00, real=0.00 secs] 
139.224: Total time for which application threads were stopped: 0.0004500 seconds, Stopping threads took: 0.0000670 seconds
139.292: Application time: 0.0677350 seconds
139.292: [GC139.292: [ParNew: 14847K->0K(16640K), 0.0002940 secs] 52659K->37811K(55552K), 0.0003220 secs] [Times: user=0.01 sys=0.00, real=0.00 secs] 
139.292: Total time for which application threads were stopped: 0.0004330 seconds, Stopping threads took: 0.0000550 seconds
139.360: Application time: 0.0674500 seconds
139.360: [GC139.360: [ParNew: 14847K->0K(16640K), 0.0003220 secs] 52659K->37811K(55552K), 0.0003510 secs] [Times: user=0.00 sys=0.00, real=0.00 secs] 
139.360: Total time for which application threads were stopped: 0.0004730 seconds, Stopping threads took: 0.0000650 seconds
139.427: Application time: 0.0668630 seconds
139.427: [GC139.427: [ParNew: 14847K->0K(16640K), 0.0003200 secs] 52659K->37811K(55552K), 0.0003470 secs] [Times: user=0.00 sys=0.00, real=0.00 secs] 
139.428: Total time for which application threads were stopped: 0.0004620 seconds, Stopping threads took: 0.0000630 seconds
139.473: Application time: 0.0458190 seconds
139.474: [GC139.474: [ParNew: 14846K->381K(16640K), 0.0004090 secs] 52657K->38193K(55552K), 0.0004390 secs] [Times: user=0.00 sys=0.00, real=0.00 secs] 
139.474: Total time for which application threads were stopped: 0.0005680 seconds, Stopping threads took: 0.0000760 seconds
139.522: Application time: 0.0480110 seconds
139.522: [GC139.522: [ParNew: 15225K->394K(16640K), 0.0003640 secs] 53037K->38206K(55552K), 0.0003900 secs] [Times: user=0.00 sys=0.00, real=0.00 secs] 
139.523: Total time for which application threads were stopped: 0.0005150 seconds, Stopping threads took: 0.0000730 seconds
139.587: Application time: 0.0639120 seconds
139.587: [GC139.587: [ParNew: 15239K->399K(16640K), 0.0004280 secs] 53050K->38210K(55552K), 0.0004560 secs] [Times: user=0.00 sys=0.00, real=0.01 secs] 
139.587: Total time for which application threads were stopped: 0.0005740 seconds, Stopping threads took: 0.0000610 seconds
139.655: Application time: 0.0681230 seconds
139.655: [GC139.655: [ParNew: 15244K->404K(16640K), 0.0003950 secs] 53056K->38216K(55552K), 0.0004200 secs] [Times: user=0.00 sys=0.00, real=0.00 secs] 
139.656: Total time for which application threads were stopped: 0.0005270 seconds, Stopping threads took: 0.0000480 seconds
139.724: Application time: 0.0680390 seconds
139.724: [GC139.724: [ParNew: 15250K->409K(16640K), 0.0004220 secs] 53061K->38221K(55552K), 0.0004480 secs] [Times: user=0.00 sys=0.00, real=0.00 secs] 
139.724: Total time for which application threads were stopped: 0.0005790 seconds, Stopping threads took: 0.0000800 seconds
139.791: Application time: 0.0662210 seconds
139.791: [GC139.791: [ParNew: 15257K->420K(16640K), 0.0003820 secs] 53068K->38232K(55552K), 0.0004090 secs] [Times: user=0.00 sys=0.00, real=0.00 secs] 
139.791: Total time for which application threads were stopped: 0.0005500 seconds, Stopping threads took: 0.0000750 seconds
139.841: Application time: 0.0503290 seconds
139.842: [GC139.842: [ParNew: 15267K->627K(16640K), 0.0004190 secs] 53078K->38438K(55552K), 0.0004480 secs] [Times: user=0.00 sys=0.00, real=0.00 secs] 
139.842: Total time for which application threads were stopped: 0.0005870 seconds, Stopping threads took: 0.0000800 seconds
139.872: Application time: 0.0303020 seconds
139.872: [GC139.872: [ParNew: 15473K->1397K(16640K), 0.0005540 secs] 53285K->39209K(55552K), 0.0005790 secs] [Times: user=0.01 sys=0.00, real=0.00 secs] 
139.873: Total time for which application threads were stopped: 0.0006800 seconds, Stopping threads took: 0.0000450 seconds
139.895: Application time: 0.0222890 seconds
139.895: [GC139.895: [ParNew: 16242K->1207K(16640K), 0.0007710 secs] 54054K->39610K(55552K), 0.0007980 secs] [Times: user=0.01 sys=0.00, real=0.00 secs] 
139.896: Total time for which application threads were stopped: 0.0009050 seconds, Stopping threads took: 0.0000460 seconds
139.896: [CMS-concurrent-abortable-preclean: 0.012/1.751 secs] [Times: user=13.79 sys=0.03, real=1.75 secs] 
139.896: Application time: 0.0000360 seconds
139.896: [GC[YG occupancy: 1232 K (16640 K)]139.896: [Rescan (parallel) , 0.0001330 secs]139.896: [weak refs processing, 0.0001050 secs]139.897: [scrub string table, 0.0000770 secs] [1 CMS-remark: 38402K(38912K)] 39634K(55552K), 0.0003370 secs] [Times: user=0.00 sys=0.00, real=0.00 secs] 
139.897: Total time for which application threads were stopped: 0.0003890 seconds, Stopping threads took: 0.0000340 seconds
139.897: [CMS-concurrent-sweep-start]
139.900: [CMS-concurrent-sweep: 0.003/0.003 secs] [Times: user=0.02 sys=0.00, real=0.01 secs] 
139.900: [CMS-concurrent-reset-start]
139.900: [CMS-concurrent-reset: 0.000/0.000 secs] [Times: user=0.00 sys=0.00, real=0.00 secs] 
139.933: Application time: 0.0362110 seconds
139.933: [GC139.933: [ParNew: 16054K->1157K(16640K), 0.0007170 secs] 21349K->7165K(55552K), 0.0007460 secs] [Times: user=0.00 sys=0.00, real=0.00 secs] 
139.934: Total time for which application threads were stopped: 0.0008600 seconds, Stopping threads took: 0.0000540 seconds
139.990: Application time: 0.0560060 seconds
139.990: [GC139.990: [ParNew: 16001K->1090K(16640K), 0.0006080 secs] 22010K->7346K(55552K), 0.0006350 secs] [Times: user=0.01 sys=0.00, real=0.00 secs] 
139.991: Total time for which application threads were stopped: 0.0007630 seconds, Stopping threads took: 0.0000710 seconds
140.055: Application time: 0.0640320 seconds
140.055: [GC140.055: [ParNew: 15934K->245K(16640K), 0.0005560 secs] 22191K->7262K(55552K), 0.0005840 secs] [Times: user=0.00 sys=0.01, real=0.00 secs] 
140.055: Total time for which application threads were stopped: 0.0006890 seconds, Stopping threads took: 0.0000460 seconds
140.120: Application time: 0.0650340 seconds
140.120: [GC140.120: [ParNew: 15093K->246K(16640K), 0.0003660 secs] 22110K->7263K(55552K), 0.0003940 secs] [Times: user=0.00 sys=0.00, real=0.00 secs] 
140.121: Total time for which application threads were stopped: 0.0005050 seconds, Stopping threads took: 0.0000610 seconds
140.186: Application time: 0.0652550 seconds
140.187: [GC140.187: [ParNew: 15093K->212K(16640K), 0.0004080 secs] 22110K->7229K(55552K), 0.0004360 secs] [Times: user=0.00 sys=0.00, real=0.00 secs] 
140.188: Total time for which application threads were stopped: 0.0015270 seconds, Stopping threads took: 0.0010350 seconds
140.251: Application time: 0.0636090 seconds
140.251: [GC140.251: [ParNew: 15059K->395K(16640K), 0.0003580 secs] 22076K->7412K(55552K), 0.0003930 secs] [Times: user=0.01 sys=0.00, real=0.00 secs] 
140.252: Total time for which application threads were stopped: 0.0005050 seconds, Stopping threads took: 0.0000540 seconds
140.311: Application time: 0.0592560 seconds
140.311: [GC140.311: [ParNew: 15241K->1151K(16640K), 0.0005760 secs] 22258K->8168K(55552K), 0.0006010 secs] [Times: user=0.00 sys=0.00, real=0.00 secs] 
140.312: Total time for which application threads were stopped: 0.0007310 seconds, Stopping threads took: 0.0000580 seconds
140.375: Application time: 0.0634950 seconds
140.375: [GC140.375: [ParNew: 15995K->1058K(16640K), 0.0004970 secs] 23012K->8265K(55552K), 0.0005240 secs] [Times: user=0.01 sys=0.00, real=0.00 secs] 
140.376: Total time for which application threads were stopped: 0.0006510 seconds, Stopping threads took: 0.0000740 seconds
140.443: Application time: 0.0670810 seconds
140.443: [GC140.443: [ParNew: 15905K->458K(16640K), 0.0005150 secs] 23112K->8235K(55552K), 0.0005430 secs] [Times: user=0.00 sys=0.00, real=0.00 secs] 
140.444: Total time for which application threads were stopped: 0.0006630 seconds, Stopping threads took: 0.0000640 seconds
140.511: Application time: 0.0678370 seconds
140.512: [GC140.512: [ParNew: 15303K->411K(16640K), 0.0003640 secs] 23080K->8188K(55552K), 0.0003900 secs] [Times: user=0.00 sys=0.00, real=0.00 secs] 
140.512: Total time for which application threads were stopped: 0.0005070 seconds, Stopping threads took: 0.0000570 seconds
140.579: Application time: 0.0669160 seconds
140.579: [GC140.579: [ParNew: 15258K->397K(16640K), 0.0003640 secs] 23035K->8174K(55552K), 0.0003910 secs] [Times: user=0.01 sys=0.00, real=0.01 secs] 
140.579: Total time for which application threads were stopped: 0.0004940 seconds, Stopping threads took: 0.0000490 seconds
140.647: Application time: 0.0675540 seconds
140.651: [GC140.651: [ParNew: 15244K->406K(16640K), 0.0003810 secs] 23021K->8183K(55552K), 0.0004060 secs] [Times: user=0.00 sys=0.00, real=0.00 secs] 
140.652: Total time for which application threads were stopped: 0.0047040 seconds, Stopping threads took: 0.0042400 seconds
140.719: Application time: 0.0670860 seconds
140.719: [GC140.719: [ParNew: 15253K->437K(16640K), 0.0003870 secs] 23031K->8214K(55552K), 0.0004180 secs] [Times: user=0.01 sys=0.00, real=0.01 secs] 
140.719: Total time for which application threads were stopped: 0.0005370 seconds, Stopping threads took: 0.0000630 seconds
140.786: Application time: 0.0672760 seconds
140.787: [GC140.787: [ParNew: 15284K->0K(16640K), 0.0003940 secs] 23062K->8157K(55552K), 0.0004240 secs] [Times: user=0.00 sys=0.00, real=0.00 secs] 
140.787: Total time for which application threads were stopped: 0.0005500 seconds, Stopping threads took: 0.0000610 seconds
140.855: Application time: 0.0676850 seconds
140.855: [GC140.855: [ParNew: 14847K->0K(16640K), 0.0002980 secs] 23004K->8157K(55552K), 0.0003250 secs] [Times: user=0.00 sys=0.00, real=0.00 secs] 
140.855: Total time for which application threads were stopped: 0.0004670 seconds, Stopping threads took: 0.0000740 seconds
140.923: Application time: 0.0678560 seconds
140.923: [GC140.923: [ParNew: 14847K->0K(16640K), 0.0003370 secs] 23004K->8157K(55552K), 0.0003630 secs] [Times: user=0.01 sys=0.00, real=0.00 secs] 
140.924: Total time for which application threads were stopped: 0.0004730 seconds, Stopping threads took: 0.0000560 seconds
140.991: Application time: 0.0677530 seconds
140.991: [GC140.991: [ParNew: 14847K->0K(16640K), 0.0003320 secs] 23004K->8157K(55552K), 0.0003610 secs] [Times: user=0.00 sys=0.00, real=0.00 secs] 
140.992: Total time for which application threads were stopped: 0.0004850 seconds, Stopping threads took: 0.0000680 seconds
141.059: Application time: 0.0676200 seconds
141.059: [GC141.060: [ParNew: 14847K->0K(16640K), 0.0003710 secs] 23004K->8157K(55552K), 0.0004000 secs] [Times: user=0.00 sys=0.00, real=0.00 secs] 
141.060: Total time for which application threads were stopped: 0.0005280 seconds, Stopping threads took: 0.0000600 seconds
141.127: Application time: 0.0672080 seconds
141.131: [GC141.131: [ParNew: 14847K->0K(16640K), 0.0003660 secs] 23004K->8157K(55552K), 0.0003950 secs] [Times: user=0.00 sys=0.00, real=0.00 secs] 
141.132: Total time for which application threads were stopped: 0.0044390 seconds, Stopping threads took: 0.0039860 seconds
141.200: Application time: 0.0681770 seconds
141.200: [GC141.200: [ParNew: 14845K->0K(16640K), 0.0003610 secs] 23002K->8157K(55552K), 0.0003870 secs] [Times: user=0.00 sys=0.00, real=0.00 secs] 
141.200: Total time for which application threads were stopped: 0.0005490 seconds, Stopping threads took: 0.0001070 seconds
141.238: Application time: 0.0379570 seconds
141.238: [GC141.238: [ParNew: 14844K->381K(16640K), 0.0003570 secs] 23002K->8538K(55552K), 0.0003840 secs] [Times: user=0.00 sys=0.00, real=0.00 secs] 
141.239: Total time for which application threads were stopped: 0.0004970 seconds, Stopping threads took: 0.0000580 seconds
141.294: Application time: 0.0556900 seconds
141.295: [GC141.295: [ParNew: 15226K->391K(16640K), 0.0003780 secs] 23383K->8548K(55552K), 0.0004030 secs] [Times: user=0.01 sys=0.00, real=0.00 secs] 
141.295: Total time for which application threads were stopped: 0.0005110 seconds, Stopping threads took: 0.0000510 seconds
141.360: Application time: 0.0646390 seconds
141.360: [GC141.360: [ParNew: 15235K->397K(16640K), 0.0003700 secs] 23393K->8555K(55552K), 0.0004010 secs] [Times: user=0.00 sys=0.00, real=0.00 secs] 
141.360: Total time for which application threads were stopped: 0.0005610 seconds, Stopping threads took: 0.0000900 seconds
141.427: Application time: 0.0666570 seconds
141.427: [GC141.427: [ParNew: 15245K->407K(16640K), 0.0003550 secs] 23402K->8565K(55552K), 0.0003850 secs] [Times: user=0.00 sys=0.00, real=0.01 secs] 
141.427: Total time for which application threads were stopped: 0.0005250 seconds, Stopping threads took: 0.0000810 seconds
141.494: Application time: 0.0665000 seconds
141.494: [GC141.494: [ParNew: 15255K->405K(16640K), 0.0004250 secs] 23412K->8563K(55552K), 0.0004520 secs] [Times: user=0.00 sys=0.00, real=0.00 secs] 
141.494: Total time for which application threads were stopped: 0.0005790 seconds, Stopping threads took: 0.0000690 seconds
141.553: Application time: 0.0585350 seconds
141.553: [GC141.553: [ParNew: 15249K->588K(16640K), 0.0004480 secs] 23407K->8746K(55552K), 0.0004770 secs] [Times: user=0.00 sys=0.00, real=0.00 secs] 
141.554: Total time for which application threads were stopped: 0.0005740 seconds, Stopping threads took: 0.0000400 seconds
141.599: Application time: 0.0455300 seconds
141.599: [GC141.599: [ParNew: 15432K->767K(16640K), 0.0004650 secs] 23590K->8925K(55552K), 0.0004950 secs] [Times: user=0.01 sys=0.00, real=0.00 secs] 
141.600: Total time for which application threads were stopped: 0.0006030 seconds, Stopping threads took: 0.0000480 seconds
141.634: Application time: 0.0338630 seconds
141.634: [GC141.634: [ParNew: 15615K->1292K(16640K), 0.0005440 secs] 23772K->9449K(55552K), 0.0005720 secs] [Times: user=0.00 sys=0.00, real=0.00 secs] 
141.634: Total time for which application threads were stopped: 0.0006810 seconds, Stopping threads took: 0.0000500 seconds
141.660: Application time: 0.0261030 seconds
141.660: [GC141.660: [ParNew: 16138K->1403K(16640K), 0.0007020 secs] 24296K->10023K(55552K), 0.0007300 secs] [Times: user=0.00 sys=0.00, real=0.00 secs] 
141.661: Total time for which application threads were stopped: 0.0008390 seconds, Stopping threads took: 0.0000490 seconds
141.698: Application time: 0.0366470 seconds
141.698: [GC141.698: [ParNew: 16247K->983K(16640K), 0.0007210 secs] 24867K->10507K(55552K), 0.0007480 secs] [Times: user=0.01 sys=0.00, real=0.00 secs] 
141.699: Total time for which application threads were stopped: 0.0008600 seconds, Stopping threads took: 0.0000530 seconds
141.759: Application time: 0.0600640 seconds
141.759: [GC141.759: [ParNew: 15830K->1090K(16640K), 0.0004690 secs] 25353K->10613K(55552K), 0.0005050 secs] [Times: user=0.00 sys=0.00, real=0.01 secs] 
141.759: Total time for which application threads were stopped: 0.0006180 seconds, Stopping threads took: 0.0000550 seconds
141.823: Application time: 0.0638750 seconds
141.823: [GC141.823: [ParNew: 15934K->878K(16640K), 0.0005670 secs] 25458K->10592K(55552K), 0.0005930 secs] [Times: user=0.01 sys=0.00, real=0.00 secs] 
141.824: Total time for which application threads were stopped: 0.0006910 seconds, Stopping threads took: 0.0000400 seconds
141.889: Application time: 0.0646360 seconds
141.891: [GC141.891: [ParNew: 15725K->887K(16640K), 0.0004430 secs] 25439K->10601K(55552K), 0.0004750 secs] [Times: user=0.01 sys=0.00, real=0.00 secs] 
141.892: Total time for which application threads were stopped: 0.0030500 seconds, Stopping threads took: 0.0025040 seconds
141.957: Application time: 0.0649710 seconds
141.957: [GC141.957: [ParNew: 15734K->906K(16640K), 0.0004590 secs] 25448K->10620K(55552K), 0.0004900 secs] [Times: user=0.00 sys=0.00, real=0.00 secs] 
141.957: Total time for which application threads were stopped: 0.0006290 seconds, Stopping threads took: 0.0000790 seconds
142.020: Application time: 0.0623510 seconds
142.020: [GC142.020: [ParNew: 15753K->1252K(16640K), 0.0005550 secs] 25467K->10966K(55552K), 0.0005820 secs] [Times: user=0.00 sys=0.00, real=0.00 secs] 
142.020: Total time for which application threads were stopped: 0.0006860 seconds, Stopping threads took: 0.0000490 seconds
142.079: Application time: 0.0592270 seconds
142.080: [GC142.080: [ParNew: 16100K->1257K(16640K), 0.0005690 secs] 25814K->10972K(55552K), 0.0005990 secs] [Times: user=0.01 sys=0.00, real=0.00 secs] 
142.080: Total time for which application threads were stopped: 0.0007230 seconds, Stopping threads took: 0.0000620 seconds
142.145: Application time: 0.0644320 seconds
142.145: [GC142.145: [ParNew: 16101K->522K(16640K), 0.0005860 secs] 25816K->10997K(55552K), 0.0006170 secs] [Times: user=0.00 sys=0.00, real=0.00 secs] 
142.145: Total time for which application threads were stopped: 0.0007460 seconds, Stopping threads took: 0.0000670 seconds
142.213: Application time: 0.0671760 seconds
142.213: [GC142.213: [ParNew: 15369K->436K(16640K), 0.0003660 secs] 25845K->10911K(55552K), 0.0003940 secs] [Times: user=0.00 sys=0.00, real=0.00 secs] 
142.213: Total time for which application threads were stopped: 0.0004960 seconds, Stopping threads took: 0.0000460 seconds
142.280: Application time: 0.0672250 seconds
142.280: [GC142.280: [ParNew: 15283K->401K(16640K), 0.0003700 secs] 25759K->10876K(55552K), 0.0003970 secs] [Times: user=0.00 sys=0.00, real=0.00 secs] 
142.281: Total time for which application threads were stopped: 0.0004920 seconds, Stopping threads took: 0.0000380 seconds
142.348: Application time: 0.0667620 seconds
142.348: [GC142.348: [ParNew: 15248K->419K(16640K), 0.0003800 secs] 25723K->10894K(55552K), 0.0004070 secs] [Times: user=0.01 sys=0.00, real=0.00 secs] 
142.348: Total time for which application threads were stopped: 0.0005350 seconds, Stopping threads took: 0.0000700 seconds
142.415: Application time: 0.0670910 seconds
142.415: [GC142.415: [ParNew: 15266K->410K(16640K), 0.0003700 secs] 25741K->10885K(55552K), 0.0003980 secs] [Times: user=0.00 sys=0.00, real=0.00 secs] 
142.416: Total time for which application threads were stopped: 0.0005680 seconds, Stopping threads took: 0.0001020 seconds
142.483: Application time: 0.0668680 seconds
142.483: [GC142.483: [ParNew: 15257K->401K(16640K), 0.0003680 secs] 25733K->10876K(55552K), 0.0003950 secs] [Times: user=0.00 sys=0.00, real=0.00 secs] 
142.483: Total time for which application threads were stopped: 0.0005320 seconds, Stopping threads took: 0.0000790 seconds
142.550: Application time: 0.0670610 seconds
142.550: [GC142.550: [ParNew: 15248K->0K(16640K), 0.0004470 secs] 25724K->10855K(55552K), 0.0004740 secs] [Times: user=0.00 sys=0.00, real=0.00 secs] 
142.551: Total time for which application threads were stopped: 0.0005890 seconds, Stopping threads took: 0.0000570 seconds
142.618: Application time: 0.0675300 seconds
142.618: [GC142.618: [ParNew: 14847K->0K(16640K), 0.0003610 secs] 25702K->10855K(55552K), 0.0003970 secs] [Times: user=0.00 sys=0.00, real=0.00 secs] 
142.619: Total time for which application threads were stopped: 0.0005110 seconds, Stopping threads took: 0.0000560 seconds
142.688: Application time: 0.0688780 seconds
142.688: [GC142.688: [ParNew: 14845K->0K(16640K), 0.0002610 secs] 25700K->10855K(55552K), 0.0002860 secs] [Times: user=0.00 sys=0.00, real=0.00 secs] 
142.688: Total time for which application threads were stopped: 0.0003790 seconds, Stopping threads took: 0.0000410 seconds
142.757: Application time: 0.0686330 seconds
142.757: [GC142.757: [ParNew: 14845K->0K(16640K), 0.0003680 secs] 25700K->10855K(55552K), 0.0003920 secs] [Times: user=0.00 sys=0.00, real=0.00 secs] 
142.757: Total time for which application threads were stopped: 0.0004880 seconds, Stopping threads took: 0.0000440 seconds
142.825: Application time: 0.0673210 seconds
142.825: [GC142.825: [ParNew: 14847K->0K(16640K), 0.0003670 secs] 25702K->10855K(55552K), 0.0003930 secs] [Times: user=0.00 sys=0.00, real=0.00 secs] 
142.825: Total time for which application threads were stopped: 0.0005290 seconds, Stopping threads took: 0.0000810 seconds
142.892: Application time: 0.0669110 seconds
142.892: [GC142.892: [ParNew: 14847K->0K(16640K), 0.0004070 secs] 25702K->10855K(55552K), 0.0004310 secs] [Times: user=0.01 sys=0.00, real=0.00 secs] 
142.893: Total time for which application threads were stopped: 0.0005320 seconds, Stopping threads took: 0.0000470 seconds
142.955: Application time: 0.0625450 seconds
142.955: [GC142.955: [ParNew: 14846K->235K(16640K), 0.0003860 secs] 25702K->11090K(55552K), 0.0004110 secs] [Times: user=0.00 sys=0.00, real=0.00 secs] 
142.956: Total time for which application threads were stopped: 0.0005320 seconds, Stopping threads took: 0.0000550 seconds
142.992: Application time: 0.0362990 seconds
142.992: [GC142.992: [ParNew: 15080K->378K(16640K), 0.0003750 secs] 25935K->11233K(55552K), 0.0004030 secs] [Times: user=0.01 sys=0.00, real=0.00 secs] 
142.992: Total time for which application threads were stopped: 0.0005130 seconds, Stopping threads took: 0.0000500 seconds
143.053: Application time: 0.0603200 seconds
143.053: [GC143.053: [ParNew: 15226K->403K(16640K), 0.0003670 secs] 26081K->11258K(55552K), 0.0003950 secs] [Times: user=0.00 sys=0.00, real=0.00 secs] 
143.053: Total time for which application threads were stopped: 0.0005080 seconds, Stopping threads took: 0.0000570 seconds
143.118: Application time: 0.0645830 seconds
143.118: [GC143.118: [ParNew: 15249K->410K(16640K), 0.0003600 secs] 26104K->11266K(55552K), 0.0003860 secs] [Times: user=0.00 sys=0.00, real=0.00 secs] 
143.118: Total time for which application threads were stopped: 0.0005290 seconds, Stopping threads took: 0.0000870 seconds
143.185: Application time: 0.0665250 seconds
143.185: [GC143.185: [ParNew: 15258K->412K(16640K), 0.0003980 secs] 26113K->11267K(55552K), 0.0004260 secs] [Times: user=0.01 sys=0.00, real=0.00 secs] 
143.185: Total time for which application threads were stopped: 0.0005510 seconds, Stopping threads took: 0.0000710 seconds
143.252: Application time: 0.0663270 seconds
143.252: [GC143.252: [ParNew: 15259K->403K(16640K), 0.0003720 secs] 26115K->11259K(55552K), 0.0004000 secs] [Times: user=0.00 sys=0.00, real=0.00 secs] 
143.252: Total time for which application threads were stopped: 0.0005350 seconds, Stopping threads took: 0.0000790 seconds
143.304: Application time: 0.0518970 seconds
143.304: [GC143.304: [ParNew: 15248K->617K(16640K), 0.0004850 secs] 26103K->11473K(55552K), 0.0015980 secs] [Times: user=0.01 sys=0.00, real=0.00 secs] 
143.306: Total time for which application threads were stopped: 0.0017460 seconds, Stopping threads took: 0.0000890 seconds
143.352: Application time: 0.0459630 seconds
143.352: [GC143.352: [ParNew: 15462K->1006K(16640K), 0.0005730 secs] 26317K->11862K(55552K), 0.0005980 secs] [Times: user=0.01 sys=0.00, real=0.00 secs] 
143.353: Total time for which application threads were stopped: 0.0007090 seconds, Stopping threads took: 0.0000500 seconds
143.383: Application time: 0.0303850 seconds
143.383: [GC143.383: [ParNew: 15854K->1530K(16640K), 0.0005770 secs] 26709K->12386K(55552K), 0.0006120 secs] [Times: user=0.01 sys=0.00, real=0.00 secs] 
143.384: Total time for which application threads were stopped: 0.0007040 seconds, Stopping threads took: 0.0000370 seconds
143.412: Application time: 0.0279570 seconds
143.412: [GC143.412: [ParNew: 16374K->1693K(16640K), 0.0007190 secs] 27230K->12826K(55552K), 0.0007470 secs] [Times: user=0.00 sys=0.00, real=0.00 secs] 
143.413: Total time for which application threads were stopped: 0.0008720 seconds, Stopping threads took: 0.0000650 seconds
143.455: Application time: 0.0424180 seconds
143.455: [GC143.455: [ParNew: 16541K->757K(16640K), 0.0006740 secs] 27674K->12984K(55552K), 0.0007010 secs] [Times: user=0.01 sys=0.00, real=0.00 secs] 
143.456: Total time for which application threads were stopped: 0.0008180 seconds, Stopping threads took: 0.0000560 seconds
143.516: Application time: 0.0599840 seconds
143.516: [GC143.516: [ParNew: 15604K->1001K(16640K), 0.0005220 secs] 27831K->13228K(55552K), 0.0005480 secs] [Times: user=0.00 sys=0.00, real=0.00 secs] 
143.516: Total time for which application threads were stopped: 0.0006690 seconds, Stopping threads took: 0.0000580 seconds
143.581: Application time: 0.0649280 seconds
143.582: [GC143.582: [ParNew: 15847K->880K(16640K), 0.0005470 secs] 28074K->13297K(55552K), 0.0005750 secs] [Times: user=0.00 sys=0.00, real=0.00 secs] 
143.582: Total time for which application threads were stopped: 0.0006970 seconds, Stopping threads took: 0.0000690 seconds
143.647: Application time: 0.0647220 seconds
143.647: [GC143.647: [ParNew: 15728K->863K(16640K), 0.0004450 secs] 28145K->13280K(55552K), 0.0004710 secs] [Times: user=0.01 sys=0.00, real=0.01 secs] 
143.647: Total time for which application threads were stopped: 0.0005800 seconds, Stopping threads took: 0.0000520 seconds
143.711: Application time: 0.0637930 seconds
143.711: [GC143.711: [ParNew: 15707K->1036K(16640K), 0.0005500 secs] 28125K->13454K(55552K), 0.0005760 secs] [Times: user=0.00 sys=0.00, real=0.00 secs] 
143.712: Total time for which application threads were stopped: 0.0006960 seconds, Stopping threads took: 0.0000610 seconds
143.774: Application time: 0.0622410 seconds
143.774: [GC143.774: [ParNew: 15883K->401K(16640K), 0.0005480 secs] 28301K->13578K(55552K), 0.0005750 secs] [Times: user=0.00 sys=0.00, real=0.00 secs] 
143.775: Total time for which application threads were stopped: 0.0007020 seconds, Stopping threads took: 0.0000750 seconds
143.833: Application time: 0.0585450 seconds
143.833: [GC143.834: [ParNew: 15246K->1213K(16640K), 0.0005080 secs] 28424K->14390K(55552K), 0.0005360 secs] [Times: user=0.00 sys=0.00, real=0.00 secs] 
143.834: Total time for which application threads were stopped: 0.0006440 seconds, Stopping threads took: 0.0000530 seconds
143.900: Application time: 0.0662440 seconds
143.900: [GC143.900: [ParNew: 16060K->962K(16640K), 0.0005610 secs] 29237K->14520K(55552K), 0.0005890 secs] [Times: user=0.00 sys=0.00, real=0.00 secs] 
143.901: Total time for which application threads were stopped: 0.0007040 seconds, Stopping threads took: 0.0000570 seconds
143.968: Application time: 0.0674520 seconds
143.969: [GC143.969: [ParNew: 15808K->829K(16640K), 0.0004470 secs] 29365K->14386K(55552K), 0.0004730 secs] [Times: user=0.00 sys=0.00, real=0.00 secs] 
143.969: Total time for which application threads were stopped: 0.0006030 seconds, Stopping threads took: 0.0000720 seconds
144.036: Application time: 0.0667430 seconds
144.036: [GC144.036: [ParNew: 15676K->874K(16640K), 0.0004190 secs] 29233K->14431K(55552K), 0.0004480 secs] [Times: user=0.01 sys=0.00, real=0.00 secs] 
144.036: Total time for which application threads were stopped: 0.0005680 seconds, Stopping threads took: 0.0000530 seconds
144.103: Application time: 0.0666920 seconds
144.103: [GC144.103: [ParNew: 15721K->868K(16640K), 0.0004970 secs] 29279K->14426K(55552K), 0.0005250 secs] [Times: user=0.00 sys=0.00, real=0.00 secs] 
144.104: Total time for which application threads were stopped: 0.0006570 seconds, Stopping threads took: 0.0000650 seconds
144.171: Application time: 0.0668680 seconds
144.171: [GC144.171: [ParNew: 15716K->884K(16640K), 0.0004500 secs] 29273K->14442K(55552K), 0.0004780 secs] [Times: user=0.00 sys=0.00, real=0.00 secs] 
144.171: Total time for which application threads were stopped: 0.0005940 seconds, Stopping threads took: 0.0000580 seconds
144.239: Application time: 0.0681630 seconds
144.239: [GC144.239: [ParNew: 15730K->0K(16640K), 0.0004870 secs] 29287K->14317K(55552K), 0.0005140 secs] [Times: user=0.00 sys=0.00, real=0.00 secs] 
144.240: Total time for which application threads were stopped: 0.0006290 seconds, Stopping threads took: 0.0000610 seconds
144.308: Application time: 0.0684040 seconds
144.308: [GC144.309: [ParNew: 14845K->0K(16640K), 0.0003520 secs] 29162K->14317K(55552K), 0.0003780 secs] [Times: user=0.00 sys=0.00, real=0.00 secs] 
144.309: Total time for which application threads were stopped: 0.0004990 seconds, Stopping threads took: 0.0000650 seconds
144.377: Application time: 0.0677460 seconds
144.377: [GC144.377: [ParNew: 14847K->0K(16640K), 0.0002960 secs] 29164K->14317K(55552K), 0.0003220 secs] [Times: user=0.00 sys=0.00, real=0.00 secs] 
144.377: Total time for which application threads were stopped: 0.0004350 seconds, Stopping threads took: 0.0000600 seconds
144.445: Application time: 0.0675640 seconds
144.445: [GC144.445: [ParNew: 14847K->0K(16640K), 0.0003560 secs] 29164K->14317K(55552K), 0.0003830 secs] [Times: user=0.01 sys=0.00, real=0.00 secs] 
144.445: Total time for which application threads were stopped: 0.0005000 seconds, Stopping threads took: 0.0000620 seconds
144.513: Application time: 0.0678110 seconds
144.513: [GC144.513: [ParNew: 14845K->0K(16640K), 0.0003100 secs] 29162K->14317K(55552K), 0.0003350 secs] [Times: user=0.00 sys=0.00, real=0.00 secs] 
144.513: Total time for which application threads were stopped: 0.0004610 seconds, Stopping threads took: 0.0000710 seconds
144.581: Application time: 0.0676420 seconds
144.581: [GC144.581: [ParNew: 14845K->0K(16640K), 0.0003560 secs] 29162K->14317K(55552K), 0.0003830 secs] [Times: user=0.00 sys=0.00, real=0.00 secs] 
144.582: Total time for which application threads were stopped: 0.0005170 seconds, Stopping threads took: 0.0000730 seconds
144.649: Application time: 0.0671330 seconds
144.649: [GC144.649: [ParNew: 14847K->0K(16640K), 0.0003350 secs] 29164K->14317K(55552K), 0.0003620 secs] [Times: user=0.00 sys=0.00, real=0.00 secs] 
144.649: Total time for which application threads were stopped: 0.0004750 seconds, Stopping threads took: 0.0000580 seconds
144.696: Application time: 0.0471540 seconds
144.696: [GC144.696: [ParNew: 14847K->376K(16640K), 0.0003790 secs] 29164K->14694K(55552K), 0.0004070 secs] [Times: user=0.01 sys=0.00, real=0.00 secs] 
144.697: Total time for which application threads were stopped: 0.0005230 seconds, Stopping threads took: 0.0000570 seconds
144.743: Application time: 0.0460860 seconds
144.743: [GC144.743: [ParNew: 15224K->387K(16640K), 0.0003420 secs] 29542K->14704K(55552K), 0.0003700 secs] [Times: user=0.00 sys=0.00, real=0.00 secs] 
144.743: Total time for which application threads were stopped: 0.0005020 seconds, Stopping threads took: 0.0000730 seconds
144.808: Application time: 0.0644400 seconds
144.808: [GC144.808: [ParNew: 15231K->396K(16640K), 0.0003690 secs] 29548K->14714K(55552K), 0.0003970 secs] [Times: user=0.00 sys=0.00, real=0.00 secs] 
144.808: Total time for which application threads were stopped: 0.0005000 seconds, Stopping threads took: 0.0000450 seconds
144.875: Application time: 0.0667760 seconds
144.875: [GC144.875: [ParNew: 15244K->415K(16640K), 0.0003700 secs] 29561K->14732K(55552K), 0.0003970 secs] [Times: user=0.01 sys=0.00, real=0.00 secs] 
144.876: Total time for which application threads were stopped: 0.0005440 seconds, Stopping threads took: 0.0000960 seconds
144.942: Application time: 0.0665910 seconds
144.942: [GC144.942: [ParNew: 15262K->419K(16640K), 0.0003880 secs] 29580K->14737K(55552K), 0.0004150 secs] [Times: user=0.00 sys=0.00, real=0.00 secs] 
144.943: Total time for which application threads were stopped: 0.0005350 seconds, Stopping threads took: 0.0000660 seconds
145.009: Application time: 0.0663070 seconds
145.009: [GC145.009: [ParNew: 15267K->408K(16640K), 0.0003600 secs] 29584K->14725K(55552K), 0.0003880 secs] [Times: user=0.01 sys=0.00, real=0.00 secs] 
145.010: Total time for which application threads were stopped: 0.0005070 seconds, Stopping threads took: 0.0000600 seconds
145.057: Application time: 0.0472820 seconds
145.057: [GC145.057: [ParNew: 15254K->610K(16640K), 0.0004040 secs] 29572K->14928K(55552K), 0.0004310 secs] [Times: user=0.01 sys=0.00, real=0.00 secs] 
145.057: Total time for which application threads were stopped: 0.0005370 seconds, Stopping threads took: 0.0000460 seconds
145.105: Application time: 0.0479120 seconds
145.106: [GC145.106: [ParNew: 15458K->1031K(16640K), 0.0004700 secs] 29775K->15349K(55552K), 0.0004960 secs] [Times: user=0.00 sys=0.00, real=0.00 secs] 
145.106: Total time for which application threads were stopped: 0.0006120 seconds, Stopping threads took: 0.0000500 seconds
145.133: Application time: 0.0270260 seconds
145.133: [GC145.133: [ParNew: 15876K->1792K(16640K), 0.0007110 secs] 30194K->16141K(55552K), 0.0007380 secs] [Times: user=0.00 sys=0.00, real=0.00 secs] 
145.134: Total time for which application threads were stopped: 0.0008480 seconds, Stopping threads took: 0.0000510 seconds
145.159: Application time: 0.0253440 seconds
145.159: [GC145.159: [ParNew: 16637K->1107K(16640K), 0.0007160 secs] 30987K->16361K(55552K), 0.0007440 secs] [Times: user=0.01 sys=0.00, real=0.00 secs] 
145.160: Total time for which application threads were stopped: 0.0008420 seconds, Stopping threads took: 0.0000380 seconds
145.210: Application time: 0.0503460 seconds
145.211: [GC145.211: [ParNew: 15953K->1136K(16640K), 0.0004710 secs] 31207K->16390K(55552K), 0.0004980 secs] [Times: user=0.00 sys=0.00, real=0.00 secs] 
145.212: Total time for which application threads were stopped: 0.0011890 seconds, Stopping threads took: 0.0006310 seconds
145.272: Application time: 0.0605770 seconds
145.272: [GC145.272: [ParNew: 15980K->1124K(16640K), 0.0005320 secs] 31234K->16436K(55552K), 0.0005620 secs] [Times: user=0.00 sys=0.00, real=0.00 secs] 
145.273: Total time for which application threads were stopped: 0.0007010 seconds, Stopping threads took: 0.0000780 seconds
145.338: Application time: 0.0647250 seconds
145.338: [GC145.338: [ParNew: 15972K->946K(16640K), 0.0005070 secs] 31283K->16447K(55552K), 0.0005340 secs] [Times: user=0.00 sys=0.00, real=0.00 secs] 
145.338: Total time for which application threads were stopped: 0.0006350 seconds, Stopping threads took: 0.0000470 seconds
145.403: Application time: 0.0646020 seconds
145.403: [GC145.403: [ParNew: 15793K->816K(16640K), 0.0004980 secs] 31295K->16317K(55552K), 0.0005250 secs] [Times: user=0.00 sys=0.00, real=0.00 secs] 
145.404: Total time for which application threads were stopped: 0.0006430 seconds, Stopping threads took: 0.0000630 seconds
145.467: Application time: 0.0634830 seconds
145.467: [GC145.467: [ParNew: 15663K->1042K(16640K), 0.0004610 secs] 31164K->16544K(55552K), 0.0004870 secs] [Times: user=0.01 sys=0.00, real=0.00 secs] 
145.468: Total time for which application threads were stopped: 0.0006030 seconds, Stopping threads took: 0.0000600 seconds
145.531: Application time: 0.0629930 seconds
145.531: [GC145.531: [ParNew: 15887K->532K(16640K), 0.0006100 secs] 31388K->16794K(55552K), 0.0006380 secs] [Times: user=0.00 sys=0.01, real=0.00 secs] 
145.531: Total time for which application threads were stopped: 0.0007440 seconds, Stopping threads took: 0.0000540 seconds
145.590: Application time: 0.0587780 seconds
145.590: [GC145.590: [ParNew: 15378K->1179K(16640K), 0.0005020 secs] 31640K->17440K(55552K), 0.0005290 secs] [Times: user=0.00 sys=0.00, real=0.00 secs] 
145.591: Total time for which application threads were stopped: 0.0006470 seconds, Stopping threads took: 0.0000620 seconds
145.658: Application time: 0.0668340 seconds
145.658: [GC145.658: [ParNew: 16026K->900K(16640K), 0.0005450 secs] 32288K->17541K(55552K), 0.0005790 secs] [Times: user=0.01 sys=0.00, real=0.00 secs] 
145.658: Total time for which application threads were stopped: 0.0007050 seconds, Stopping threads took: 0.0000590 seconds
145.727: Application time: 0.0682560 seconds
145.727: [GC145.727: [ParNew: 15745K->883K(16640K), 0.0007410 secs] 32387K->17525K(55552K), 0.0007670 secs] [Times: user=0.01 sys=0.00, real=0.01 secs] 
145.727: Total time for which application threads were stopped: 0.0008670 seconds, Stopping threads took: 0.0000500 seconds
145.795: Application time: 0.0676480 seconds
145.795: [GC145.795: [ParNew: 15728K->901K(16640K), 0.0004590 secs] 32370K->17543K(55552K), 0.0004850 secs] [Times: user=0.00 sys=0.00, real=0.00 secs] 
145.796: Total time for which application threads were stopped: 0.0005970 seconds, Stopping threads took: 0.0000570 seconds
145.863: Application time: 0.0674190 seconds
145.863: [GC145.863: [ParNew: 15746K->890K(16640K), 0.0004670 secs] 32388K->17531K(55552K), 0.0004950 secs] [Times: user=0.00 sys=0.00, real=0.00 secs] 
145.864: Total time for which application threads were stopped: 0.0006040 seconds, Stopping threads took: 0.0000520 seconds
145.930: Application time: 0.0666610 seconds
145.930: [GC145.930: [ParNew: 15737K->847K(16640K), 0.0005280 secs] 32379K->17489K(55552K), 0.0005560 secs] [Times: user=0.01 sys=0.00, real=0.00 secs] 
145.931: Total time for which application threads were stopped: 0.0006680 seconds, Stopping threads took: 0.0000620 seconds
145.998: Application time: 0.0668590 seconds
145.998: [GC145.998: [ParNew: 15694K->0K(16640K), 0.0005070 secs] 32336K->17401K(55552K), 0.0005340 secs] [Times: user=0.00 sys=0.00, real=0.00 secs] 
145.999: Total time for which application threads were stopped: 0.0006380 seconds, Stopping threads took: 0.0000490 seconds
146.066: Application time: 0.0675140 seconds
146.066: [GC146.066: [ParNew: 14847K->0K(16640K), 0.0003250 secs] 32249K->17401K(55552K), 0.0003500 secs] [Times: user=0.01 sys=0.00, real=0.00 secs] 
146.067: Total time for which application threads were stopped: 0.0004860 seconds, Stopping threads took: 0.0000780 seconds
146.134: Application time: 0.0676400 seconds
146.134: [GC146.134: [ParNew: 14847K->0K(16640K), 0.0003110 secs] 32249K->17401K(55552K), 0.0003380 secs] [Times: user=0.00 sys=0.00, real=0.00 secs] 
146.135: Total time for which application threads were stopped: 0.0004670 seconds, Stopping threads took: 0.0000780 seconds
146.202: Application time: 0.0674030 seconds
146.202: [GC146.202: [ParNew: 14847K->0K(16640K), 0.0003100 secs] 32249K->17401K(55552K), 0.0003380 secs] [Times: user=0.00 sys=0.00, real=0.00 secs] 
146.203: Total time for which application threads were stopped: 0.0004610 seconds, Stopping threads took: 0.0000590 seconds
146.270: Application time: 0.0671300 seconds
146.270: [GC146.270: [ParNew: 14847K->0K(16640K), 0.0003170 secs] 32249K->17401K(55552K), 0.0003440 secs] [Times: user=0.00 sys=0.00, real=0.00 secs] 
146.270: Total time for which application threads were stopped: 0.0004530 seconds, Stopping threads took: 0.0000510 seconds
146.337: Application time: 0.0671950 seconds
146.337: [GC146.337: [ParNew: 14847K->0K(16640K), 0.0003200 secs] 32249K->17401K(55552K), 0.0003470 secs] [Times: user=0.00 sys=0.00, real=0.00 secs] 
146.338: Total time for which application threads were stopped: 0.0004600 seconds, Stopping threads took: 0.0000610 seconds
146.402: Application time: 0.0644150 seconds
146.402: [GC146.402: [ParNew: 14845K->192K(16640K), 0.0003830 secs] 32247K->17594K(55552K), 0.0004090 secs] [Times: user=0.00 sys=0.00, real=0.00 secs] 
146.403: Total time for which application threads were stopped: 0.0005200 seconds, Stopping threads took: 0.0000530 seconds
146.440: Application time: 0.0372990 seconds
146.440: [GC146.440: [ParNew: 15039K->379K(16640K), 0.0004230 secs] 32441K->17781K(55552K), 0.0004480 secs] [Times: user=0.00 sys=0.00, real=0.00 secs] 
146.441: Total time for which application threads were stopped: 0.0005580 seconds, Stopping threads took: 0.0000550 seconds
146.498: Application time: 0.0577070 seconds
146.498: [GC146.498: [ParNew: 15227K->397K(16640K), 0.0003600 secs] 32629K->17799K(55552K), 0.0003920 secs] [Times: user=0.00 sys=0.00, real=0.00 secs] 
146.499: Total time for which application threads were stopped: 0.0005000 seconds, Stopping threads took: 0.0000540 seconds
146.563: Application time: 0.0647210 seconds
146.564: [GC146.564: [ParNew: 15243K->403K(16640K), 0.0003770 secs] 32645K->17805K(55552K), 0.0004040 secs] [Times: user=0.00 sys=0.00, real=0.00 secs] 
146.564: Total time for which application threads were stopped: 0.0005210 seconds, Stopping threads took: 0.0000590 seconds
146.631: Application time: 0.0666940 seconds
146.631: [GC146.631: [ParNew: 15249K->416K(16640K), 0.0003530 secs] 32651K->17818K(55552K), 0.0003800 secs] [Times: user=0.01 sys=0.00, real=0.00 secs] 
146.631: Total time for which application threads were stopped: 0.0004860 seconds, Stopping threads took: 0.0000530 seconds
146.698: Application time: 0.0668030 seconds
146.698: [GC146.698: [ParNew: 15263K->400K(16640K), 0.0004240 secs] 32665K->17802K(55552K), 0.0004530 secs] [Times: user=0.00 sys=0.00, real=0.00 secs] 
146.699: Total time for which application threads were stopped: 0.0005670 seconds, Stopping threads took: 0.0000590 seconds
146.759: Application time: 0.0604450 seconds
146.759: [GC146.759: [ParNew: 15244K->601K(16640K), 0.0003910 secs] 32646K->18003K(55552K), 0.0004180 secs] [Times: user=0.00 sys=0.00, real=0.00 secs] 
146.760: Total time for which application threads were stopped: 0.0005400 seconds, Stopping threads took: 0.0000580 seconds
146.811: Application time: 0.0517240 seconds
146.811: [GC146.811: [ParNew: 15449K->638K(16640K), 0.0003830 secs] 32851K->18040K(55552K), 0.0004100 secs] [Times: user=0.00 sys=0.00, real=0.00 secs] 
146.812: Total time for which application threads were stopped: 0.0005240 seconds, Stopping threads took: 0.0000560 seconds
146.855: Application time: 0.0428080 seconds
146.855: [GC146.855: [ParNew: 15413K->1159K(16640K), 0.0005450 secs] 32815K->18561K(55552K), 0.0005720 secs] [Times: user=0.01 sys=0.00, real=0.00 secs] 
146.855: Total time for which application threads were stopped: 0.0007080 seconds, Stopping threads took: 0.0000790 seconds
146.881: Application time: 0.0251700 seconds
146.881: [GC146.881: [ParNew: 16007K->1141K(16640K), 0.0007100 secs] 33409K->19195K(55552K), 0.0007380 secs] [Times: user=0.00 sys=0.00, real=0.00 secs] 
146.881: Total time for which application threads were stopped: 0.0008480 seconds, Stopping threads took: 0.0000530 seconds
146.910: Application time: 0.0287400 seconds
146.910: [GC146.910: [ParNew: 15988K->776K(16640K), 0.0006040 secs] 34042K->19482K(55552K), 0.0006330 secs] [Times: user=0.01 sys=0.00, real=0.00 secs] 
146.911: Total time for which application threads were stopped: 0.0007460 seconds, Stopping threads took: 0.0000540 seconds
146.965: Application time: 0.0537170 seconds
146.965: [GC146.965: [ParNew: 15624K->1073K(16640K), 0.0004830 secs] 34330K->19779K(55552K), 0.0005090 secs] [Times: user=0.01 sys=0.00, real=0.00 secs] 
146.965: Total time for which application threads were stopped: 0.0006120 seconds, Stopping threads took: 0.0000450 seconds
147.027: Application time: 0.0615990 seconds
147.027: [GC147.027: [ParNew: 15918K->1040K(16640K), 0.0005510 secs] 34624K->19803K(55552K), 0.0005770 secs] [Times: user=0.00 sys=0.00, real=0.01 secs] 
147.027: Total time for which application threads were stopped: 0.0007060 seconds, Stopping threads took: 0.0000780 seconds
147.092: Application time: 0.0643420 seconds
147.092: [GC147.092: [ParNew: 15887K->740K(16640K), 0.0005540 secs] 34650K->19883K(55552K), 0.0005810 secs] [Times: user=0.00 sys=0.00, real=0.00 secs] 
147.093: Total time for which application threads were stopped: 0.0007030 seconds, Stopping threads took: 0.0000670 seconds
147.158: Application time: 0.0649700 seconds
147.158: [GC147.158: [ParNew: 15587K->634K(16640K), 0.0003900 secs] 34731K->19777K(55552K), 0.0004170 secs] [Times: user=0.00 sys=0.00, real=0.00 secs] 
147.158: Total time for which application threads were stopped: 0.0005400 seconds, Stopping threads took: 0.0000550 seconds
147.222: Application time: 0.0642480 seconds
147.222: [GC147.222: [ParNew: 15478K->792K(16640K), 0.0004170 secs] 34622K->19936K(55552K), 0.0004430 secs] [Times: user=0.00 sys=0.00, real=0.00 secs] 
147.223: Total time for which application threads were stopped: 0.0005760 seconds, Stopping threads took: 0.0000770 seconds
147.286: Application time: 0.0628100 seconds
147.287: [GC147.287: [ParNew: 15637K->1227K(16640K), 0.0005340 secs] 34780K->20370K(55552K), 0.0005600 secs] [Times: user=0.00 sys=0.00, real=0.00 secs] 
147.288: Total time for which application threads were stopped: 0.0020020 seconds, Stopping threads took: 0.0013810 seconds
147.349: Application time: 0.0615240 seconds
147.349: [GC147.349: [ParNew: 16070K->1295K(16640K), 0.0004910 secs] 35214K->20439K(55552K), 0.0005190 secs] [Times: user=0.00 sys=0.00, real=0.00 secs] 
147.350: Total time for which application threads were stopped: 0.0006210 seconds, Stopping threads took: 0.0000460 seconds
147.417: Application time: 0.0666770 seconds
147.417: [GC147.417: [ParNew: 16142K->691K(16640K), 0.0005730 secs] 35286K->20406K(55552K), 0.0006030 secs] [Times: user=0.01 sys=0.00, real=0.00 secs] 
147.417: Total time for which application threads were stopped: 0.0007350 seconds, Stopping threads took: 0.0000730 seconds
147.485: Application time: 0.0673200 seconds
147.485: [GC147.485: [ParNew: 15539K->673K(16640K), 0.0004250 secs] 35253K->20387K(55552K), 0.0004510 secs] [Times: user=0.00 sys=0.00, real=0.00 secs] 
147.485: Total time for which application threads were stopped: 0.0005720 seconds, Stopping threads took: 0.0000710 seconds
147.552: Application time: 0.0669930 seconds
147.552: [GC147.552: [ParNew: 15520K->682K(16640K), 0.0004950 secs] 35234K->20397K(55552K), 0.0005210 secs] [Times: user=0.00 sys=0.00, real=0.00 secs] 
147.553: Total time for which application threads were stopped: 0.0006420 seconds, Stopping threads took: 0.0000650 seconds
147.620: Application time: 0.0672030 seconds
147.620: [GC147.620: [ParNew: 15530K->614K(16640K), 0.0004570 secs] 35244K->20329K(55552K), 0.0004830 secs] [Times: user=0.00 sys=0.00, real=0.00 secs] 
147.621: Total time for which application threads were stopped: 0.0006010 seconds, Stopping threads took: 0.0000600 seconds
147.688: Application time: 0.0674470 seconds
147.688: [GC147.688: [ParNew: 15462K->646K(16640K), 0.0004470 secs] 35176K->20360K(55552K), 0.0004740 secs] [Times: user=0.00 sys=0.00, real=0.00 secs] 
147.689: Total time for which application threads were stopped: 0.0005800 seconds, Stopping threads took: 0.0000550 seconds
147.756: Application time: 0.0668710 seconds
147.756: [GC147.756: [ParNew: 15493K->0K(16640K), 0.0004610 secs] 35207K->20284K(55552K), 0.0004900 secs] [Times: user=0.00 sys=0.00, real=0.00 secs] 
147.756: Total time for which application threads were stopped: 0.0006290 seconds, Stopping threads took: 0.0000820 seconds
147.824: Application time: 0.0680930 seconds
147.824: [GC147.824: [ParNew: 14847K->0K(16640K), 0.0002930 secs] 35132K->20284K(55552K), 0.0003180 secs] [Times: user=0.01 sys=0.00, real=0.00 secs] 
147.825: Total time for which application threads were stopped: 0.0004440 seconds, Stopping threads took: 0.0000580 seconds
147.893: Application time: 0.0679500 seconds
147.893: [GC147.893: [ParNew: 14847K->0K(16640K), 0.0003400 secs] 35132K->20284K(55552K), 0.0003640 secs] [Times: user=0.00 sys=0.00, real=0.00 secs] 
147.893: Total time for which application threads were stopped: 0.0004840 seconds, Stopping threads took: 0.0000670 seconds
147.961: Application time: 0.0677520 seconds
147.961: [GC147.961: [ParNew: 14847K->0K(16640K), 0.0002720 secs] 35132K->20284K(55552K), 0.0002980 secs] [Times: user=0.00 sys=0.00, real=0.00 secs] 
147.961: Total time for which application threads were stopped: 0.0004090 seconds, Stopping threads took: 0.0000570 seconds
148.029: Application time: 0.0676680 seconds
148.029: [GC148.029: [ParNew: 14847K->0K(16640K), 0.0003040 secs] 35132K->20284K(55552K), 0.0003410 secs] [Times: user=0.00 sys=0.00, real=0.00 secs] 
148.029: Total time for which application threads were stopped: 0.0004460 seconds, Stopping threads took: 0.0000550 seconds
148.097: Application time: 0.0671280 seconds
148.097: [GC148.097: [ParNew: 14847K->0K(16640K), 0.0002880 secs] 35132K->20284K(55552K), 0.0003140 secs] [Times: user=0.00 sys=0.00, real=0.00 secs] 
148.097: Total time for which application threads were stopped: 0.0004250 seconds, Stopping threads took: 0.0000590 seconds
148.147: Application time: 0.0501200 seconds
148.147: [GC148.147: [ParNew: 14845K->381K(16640K), 0.0004250 secs] 35129K->20665K(55552K), 0.0004520 secs] [Times: user=0.01 sys=0.00, real=0.00 secs] 
148.148: Total time for which application threads were stopped: 0.0005640 seconds, Stopping threads took: 0.0000550 seconds
148.192: Application time: 0.0446860 seconds
148.192: [GC148.192: [ParNew: 15226K->390K(16640K), 0.0003790 secs] 35511K->20675K(55552K), 0.0004060 secs] [Times: user=0.01 sys=0.00, real=0.00 secs] 
148.193: Total time for which application threads were stopped: 0.0005270 seconds, Stopping threads took: 0.0000670 seconds
148.257: Application time: 0.0636810 seconds
148.257: [GC148.257: [ParNew: 15235K->394K(16640K), 0.0003610 secs] 35520K->20679K(55552K), 0.0003850 secs] [Times: user=0.00 sys=0.00, real=0.00 secs] 
148.257: Total time for which application threads were stopped: 0.0005030 seconds, Stopping threads took: 0.0000620 seconds
148.324: Application time: 0.0668520 seconds
148.324: [GC148.324: [ParNew: 15242K->403K(16640K), 0.0004060 secs] 35526K->20687K(55552K), 0.0004350 secs] [Times: user=0.01 sys=0.00, real=0.00 secs] 
148.324: Total time for which application threads were stopped: 0.0005760 seconds, Stopping threads took: 0.0000810 seconds
148.392: Application time: 0.0670330 seconds
148.392: [GC148.392: [ParNew: 15250K->415K(16640K), 0.0003890 secs] 35535K->20699K(55552K), 0.0004160 secs] [Times: user=0.00 sys=0.00, real=0.00 secs] 
148.392: Total time for which application threads were stopped: 0.0005480 seconds, Stopping threads took: 0.0000670 seconds
148.459: Application time: 0.0665380 seconds
148.459: [GC148.459: [ParNew: 15262K->410K(16640K), 0.0005230 secs] 35547K->20695K(55552K), 0.0005480 secs] [Times: user=0.00 sys=0.00, real=0.01 secs] 
148.459: Total time for which application threads were stopped: 0.0006500 seconds, Stopping threads took: 0.0000450 seconds
148.517: Application time: 0.0575320 seconds
148.517: [GC148.517: [ParNew: 15257K->592K(16640K), 0.0004540 secs] 35541K->20876K(55552K), 0.0004810 secs] [Times: user=0.00 sys=0.00, real=0.00 secs] 
148.517: Total time for which application threads were stopped: 0.0005980 seconds, Stopping threads took: 0.0000580 seconds
148.569: Application time: 0.0512430 seconds
148.569: [GC148.569: [ParNew: 15438K->675K(16640K), 0.0004040 secs] 35723K->20960K(55552K), 0.0004300 secs] [Times: user=0.00 sys=0.00, real=0.00 secs] 
148.569: Total time for which application threads were stopped: 0.0005380 seconds, Stopping threads took: 0.0000500 seconds
148.611: Application time: 0.0421030 seconds
148.611: [GC148.611: [ParNew: 15522K->1489K(16640K), 0.0005650 secs] 35806K->21774K(55552K), 0.0005910 secs] [Times: user=0.00 sys=0.00, real=0.00 secs] 
148.612: Total time for which application threads were stopped: 0.0006980 seconds, Stopping threads took: 0.0000470 seconds
148.636: Application time: 0.0241130 seconds
148.637: [GC148.637: [ParNew: 16333K->1152K(16640K), 0.0007400 secs] 36618K->22122K(55552K), 0.0007710 secs] [Times: user=0.00 sys=0.00, real=0.00 secs] 
148.638: Total time for which application threads were stopped: 0.0014490 seconds, Stopping threads took: 0.0006110 seconds
148.667: Application time: 0.0297270 seconds
148.667: [GC148.667: [ParNew: 16000K->794K(16640K), 0.0005450 secs] 36970K->22197K(55552K), 0.0005720 secs] [Times: user=0.00 sys=0.00, real=0.00 secs] 
148.668: Total time for which application threads were stopped: 0.0007040 seconds, Stopping threads took: 0.0000710 seconds
148.727: Application time: 0.0589270 seconds
148.727: [GC148.727: [ParNew: 15640K->1055K(16640K), 0.0005170 secs] 37044K->22459K(55552K), 0.0005520 secs] [Times: user=0.00 sys=0.00, real=0.01 secs] 
148.728: Total time for which application threads were stopped: 0.0006670 seconds, Stopping threads took: 0.0000620 seconds
148.792: Application time: 0.0639810 seconds
148.792: [GC148.792: [ParNew: 15900K->1105K(16640K), 0.0004500 secs] 37304K->22537K(55552K), 0.0004760 secs] [Times: user=0.00 sys=0.00, real=0.00 secs] 
148.792: Total time for which application threads were stopped: 0.0005880 seconds, Stopping threads took: 0.0000610 seconds
148.857: Application time: 0.0646970 seconds
148.857: [GC148.857: [ParNew: 15952K->530K(16640K), 0.0005180 secs] 37385K->22562K(55552K), 0.0005450 secs] [Times: user=0.00 sys=0.00, real=0.00 secs] 
148.858: Total time for which application threads were stopped: 0.0006670 seconds, Stopping threads took: 0.0000650 seconds
148.922: Application time: 0.0649610 seconds
148.923: [GC148.923: [ParNew: 15378K->391K(16640K), 0.0003640 secs] 37409K->22422K(55552K), 0.0003910 secs] [Times: user=0.00 sys=0.00, real=0.00 secs] 
148.923: Total time for which application threads were stopped: 0.0005090 seconds, Stopping threads took: 0.0000510 seconds
148.986: Application time: 0.0634160 seconds
148.987: [GC148.987: [ParNew: 15238K->591K(16640K), 0.0003890 secs] 37269K->22623K(55552K), 0.0004170 secs] [Times: user=0.00 sys=0.00, real=0.00 secs] 
148.988: Total time for which application threads were stopped: 0.0011350 seconds, Stopping threads took: 0.0006670 seconds
149.049: Application time: 0.0615810 seconds
149.051: [GC149.051: [ParNew: 15438K->1180K(16640K), 0.0005080 secs] 37469K->23211K(55552K), 0.0005380 secs] [Times: user=0.00 sys=0.00, real=0.00 secs] 
149.052: Total time for which application threads were stopped: 0.0025880 seconds, Stopping threads took: 0.0019930 seconds
149.113: Application time: 0.0610970 seconds
149.113: [GC149.113: [ParNew: 16028K->1240K(16640K), 0.0005180 secs] 38059K->23272K(55552K), 0.0005450 secs] [Times: user=0.00 sys=0.00, real=0.00 secs] 
149.113: Total time for which application threads were stopped: 0.0006540 seconds, Stopping threads took: 0.0000510 seconds
149.180: Application time: 0.0668510 seconds
149.180: [GC149.180: [ParNew: 16088K->944K(16640K), 0.0005480 secs] 38120K->23356K(55552K), 0.0005760 secs] [Times: user=0.00 sys=0.00, real=0.00 secs] 
149.181: Total time for which application threads were stopped: 0.0006720 seconds, Stopping threads took: 0.0000430 seconds
149.248: Application time: 0.0666100 seconds
149.248: [GC149.248: [ParNew: 15792K->815K(16640K), 0.0004260 secs] 38204K->23227K(55552K), 0.0004510 secs] [Times: user=0.00 sys=0.00, real=0.00 secs] 
149.248: Total time for which application threads were stopped: 0.0005560 seconds, Stopping threads took: 0.0000510 seconds
149.315: Application time: 0.0667320 seconds
149.319: [GC149.319: [ParNew: 15662K->875K(16640K), 0.0004120 secs] 38074K->23287K(55552K), 0.0004390 secs] [Times: user=0.00 sys=0.00, real=0.00 secs] 
149.320: Total time for which application threads were stopped: 0.0046950 seconds, Stopping threads took: 0.0042000 seconds
149.386: Application time: 0.0666030 seconds
149.387: [GC149.387: [ParNew: 15723K->867K(16640K), 0.0004510 secs] 38135K->23279K(55552K), 0.0004760 secs] [Times: user=0.01 sys=0.00, real=0.00 secs] 
149.388: Total time for which application threads were stopped: 0.0014250 seconds, Stopping threads took: 0.0008980 seconds
149.454: Application time: 0.0667840 seconds
149.454: [GC149.455: [ParNew: 15714K->890K(16640K), 0.0004800 secs] 38126K->23302K(55552K), 0.0005090 secs] [Times: user=0.00 sys=0.00, real=0.00 secs] 
149.455: Total time for which application threads were stopped: 0.0006310 seconds, Stopping threads took: 0.0000450 seconds
149.522: Application time: 0.0667690 seconds
149.522: [GC149.522: [ParNew: 15738K->0K(16640K), 0.0005000 secs] 38150K->23172K(55552K), 0.0005260 secs] [Times: user=0.00 sys=0.00, real=0.00 secs] 
149.522: Total time for which application threads were stopped: 0.0006440 seconds, Stopping threads took: 0.0000510 seconds
149.590: Application time: 0.0675090 seconds
149.590: [GC149.590: [ParNew: 14847K->0K(16640K), 0.0002970 secs] 38019K->23172K(55552K), 0.0003250 secs] [Times: user=0.00 sys=0.00, real=0.00 secs] 
149.590: Total time for which application threads were stopped: 0.0004290 seconds, Stopping threads took: 0.0000530 seconds
149.658: Application time: 0.0676450 seconds
149.658: [GC149.658: [ParNew: 14847K->0K(16640K), 0.0002870 secs] 38019K->23172K(55552K), 0.0003130 secs] [Times: user=0.00 sys=0.00, real=0.00 secs] 
149.658: Total time for which application threads were stopped: 0.0004330 seconds, Stopping threads took: 0.0000650 seconds
149.726: Application time: 0.0672020 seconds
149.726: [GC149.726: [ParNew: 14847K->0K(16640K), 0.0002770 secs] 38019K->23172K(55552K), 0.0003050 secs] [Times: user=0.00 sys=0.00, real=0.00 secs] 
149.726: Total time for which application threads were stopped: 0.0004180 seconds, Stopping threads took: 0.0000550 seconds
149.793: Application time: 0.0670800 seconds
149.793: [GC149.793: [ParNew: 14847K->0K(16640K), 0.0003530 secs] 38019K->23172K(55552K), 0.0003820 secs] [Times: user=0.00 sys=0.00, real=0.00 secs] 
149.794: Total time for which application threads were stopped: 0.0004990 seconds, Stopping threads took: 0.0000650 seconds
149.860: Application time: 0.0660750 seconds
149.860: Total time for which application threads were stopped: 0.0000910 seconds, Stopping threads took: 0.0000680 seconds
149.860: Application time: 0.0000430 seconds
149.860: [GC149.860: [ParNew: 14942K->210K(16640K), 0.0004080 secs] 38114K->23382K(55552K), 0.0004330 secs] [Times: user=0.00 sys=0.00, real=0.00 secs] 
149.860: Total time for which application threads were stopped: 0.0004970 seconds, Stopping threads took: 0.0000280 seconds
149.899: Application time: 0.0389860 seconds
149.899: [GC149.899: [ParNew: 15056K->379K(16640K), 0.0003660 secs] 38228K->23551K(55552K), 0.0003930 secs] [Times: user=0.00 sys=0.00, real=0.00 secs] 
149.900: Total time for which application threads were stopped: 0.0005010 seconds, Stopping threads took: 0.0000490 seconds
149.955: Application time: 0.0548920 seconds
149.955: [GC149.955: [ParNew: 15227K->392K(16640K), 0.0003890 secs] 38399K->23564K(55552K), 0.0004170 secs] [Times: user=0.00 sys=0.00, real=0.00 secs] 
149.955: Total time for which application threads were stopped: 0.0005380 seconds, Stopping threads took: 0.0000650 seconds
150.019: Application time: 0.0639270 seconds
150.019: [GC150.019: [ParNew: 15239K->403K(16640K), 0.0003620 secs] 38411K->23575K(55552K), 0.0003880 secs] [Times: user=0.01 sys=0.00, real=0.00 secs] 
150.020: Total time for which application threads were stopped: 0.0005120 seconds, Stopping threads took: 0.0000580 seconds
150.086: Application time: 0.0667340 seconds
150.087: [GC150.087: [ParNew: 15251K->411K(16640K), 0.0004040 secs] 38423K->23583K(55552K), 0.0004310 secs] [Times: user=0.00 sys=0.00, real=0.00 secs] 
150.087: Total time for which application threads were stopped: 0.0005480 seconds, Stopping threads took: 0.0000610 seconds
150.154: Application time: 0.0665110 seconds
150.154: [GC150.154: [ParNew: 15258K->425K(16640K), 0.0003480 secs] 38430K->23597K(55552K), 0.0003750 secs] [Times: user=0.01 sys=0.00, real=0.00 secs] 
150.154: Total time for which application threads were stopped: 0.0005050 seconds, Stopping threads took: 0.0000750 seconds
150.221: Application time: 0.0664680 seconds
150.221: [GC150.221: [ParNew: 15273K->430K(16640K), 0.0003760 secs] 38445K->23602K(55552K), 0.0004030 secs] [Times: user=0.00 sys=0.00, real=0.00 secs] 
150.221: Total time for which application threads were stopped: 0.0005150 seconds, Stopping threads took: 0.0000520 seconds
150.272: Application time: 0.0508430 seconds
150.272: [GC150.272: [ParNew: 15276K->610K(16640K), 0.0003970 secs] 38448K->23782K(55552K), 0.0004220 secs] [Times: user=0.00 sys=0.00, real=0.00 secs] 
150.272: Total time for which application threads were stopped: 0.0005350 seconds, Stopping threads took: 0.0000550 seconds
150.330: Application time: 0.0575490 seconds
150.330: [GC150.330: [ParNew: 15458K->682K(16640K), 0.0003950 secs] 38630K->23854K(55552K), 0.0004300 secs] [Times: user=0.00 sys=0.00, real=0.00 secs] 
150.330: Total time for which application threads were stopped: 0.0005220 seconds, Stopping threads took: 0.0000440 seconds
150.364: Application time: 0.0339700 seconds
150.365: [GC150.365: [ParNew: 15529K->1703K(16640K), 0.0006830 secs] 38701K->24875K(55552K), 0.0007110 secs] [Times: user=0.01 sys=0.00, real=0.00 secs] 
150.365: Total time for which application threads were stopped: 0.0008180 seconds, Stopping threads took: 0.0000470 seconds
150.390: Application time: 0.0245020 seconds
150.390: [GC150.390: [ParNew: 16548K->977K(16640K), 0.0006660 secs] 39721K->25021K(55552K), 0.0006920 secs] [Times: user=0.00 sys=0.00, real=0.00 secs] 
150.391: Total time for which application threads were stopped: 0.0008100 seconds, Stopping threads took: 0.0000620 seconds
150.427: Application time: 0.0367180 seconds
150.427: [GC150.427: [ParNew: 15824K->1246K(16640K), 0.0004890 secs] 39867K->25289K(55552K), 0.0005170 secs] [Times: user=0.01 sys=0.00, real=0.00 secs] 
150.428: Total time for which application threads were stopped: 0.0006260 seconds, Stopping threads took: 0.0000490 seconds
150.487: Application time: 0.0589580 seconds
150.487: [GC150.487: [ParNew: 16091K->1220K(16640K), 0.0005070 secs] 40134K->25320K(55552K), 0.0005340 secs] [Times: user=0.00 sys=0.00, real=0.01 secs] 
150.488: Total time for which application threads were stopped: 0.0006400 seconds, Stopping threads took: 0.0000530 seconds
150.551: Application time: 0.0637160 seconds
150.551: [GC150.551: [ParNew: 16064K->1187K(16640K), 0.0005190 secs] 40165K->25345K(55552K), 0.0005470 secs] [Times: user=0.00 sys=0.00, real=0.00 secs] 
150.552: Total time for which application threads were stopped: 0.0006810 seconds, Stopping threads took: 0.0000700 seconds
150.616: Application time: 0.0644670 seconds
150.617: [GC150.617: [ParNew: 16034K->236K(16640K), 0.0006060 secs] 40192K->25154K(55552K), 0.0006330 secs] [Times: user=0.00 sys=0.00, real=0.00 secs] 
150.617: Total time for which application threads were stopped: 0.0007470 seconds, Stopping threads took: 0.0000570 seconds
150.681: Application time: 0.0634090 seconds
150.681: [GC150.681: [ParNew: 15082K->423K(16640K), 0.0003570 secs] 40001K->25342K(55552K), 0.0003850 secs] [Times: user=0.00 sys=0.00, real=0.00 secs] 
150.681: Total time for which application threads were stopped: 0.0004980 seconds, Stopping threads took: 0.0000610 seconds
150.746: Application time: 0.0651030 seconds
150.746: [GC150.746: [ParNew: 15271K->435K(16640K), 0.0003720 secs] 40189K->25354K(55552K), 0.0003980 secs] [Times: user=0.00 sys=0.00, real=0.00 secs] 
150.747: Total time for which application threads were stopped: 0.0005200 seconds, Stopping threads took: 0.0000690 seconds
150.805: Application time: 0.0581930 seconds
150.805: [GC150.805: [ParNew: 15282K->1034K(16640K), 0.0005690 secs] 40200K->25952K(55552K), 0.0005970 secs] [Times: user=0.01 sys=0.00, real=0.00 secs] 
150.806: Total time for which application threads were stopped: 0.0007470 seconds, Stopping threads took: 0.0000920 seconds
150.870: Application time: 0.0647530 seconds
150.871: [GC150.871: [ParNew: 15880K->1079K(16640K), 0.0005620 secs] 40799K->26188K(55552K), 0.0005880 secs] [Times: user=0.00 sys=0.00, real=0.00 secs] 
150.871: Total time for which application threads were stopped: 0.0007170 seconds, Stopping threads took: 0.0000710 seconds
150.939: Application time: 0.0674460 seconds
150.939: [GC150.939: [ParNew: 15925K->358K(16640K), 0.0005390 secs] 41033K->26226K(55552K), 0.0005660 secs] [Times: user=0.00 sys=0.01, real=0.01 secs] 
150.939: Total time for which application threads were stopped: 0.0006840 seconds, Stopping threads took: 0.0000680 seconds
151.006: Application time: 0.0671530 seconds
151.007: [GC151.007: [ParNew: 15205K->240K(16640K), 0.0003130 secs] 41073K->26108K(55552K), 0.0003400 secs] [Times: user=0.00 sys=0.00, real=0.00 secs] 
151.007: Total time for which application threads were stopped: 0.0004660 seconds, Stopping threads took: 0.0000600 seconds
151.074: Application time: 0.0668100 seconds
151.074: [GC151.074: [ParNew: 15087K->202K(16640K), 0.0003600 secs] 40955K->26071K(55552K), 0.0003870 secs] [Times: user=0.01 sys=0.00, real=0.00 secs] 
151.074: Total time for which application threads were stopped: 0.0005200 seconds, Stopping threads took: 0.0000650 seconds
151.141: Application time: 0.0672520 seconds
151.142: [GC151.142: [ParNew: 15049K->201K(16640K), 0.0003450 secs] 40918K->26069K(55552K), 0.0003710 secs] [Times: user=0.00 sys=0.00, real=0.00 secs] 
151.142: Total time for which application threads were stopped: 0.0004800 seconds, Stopping threads took: 0.0000590 seconds
151.209: Application time: 0.0669300 seconds
151.209: [GC151.209: [ParNew: 15048K->203K(16640K), 0.0003170 secs] 40916K->26072K(55552K), 0.0003440 secs] [Times: user=0.00 sys=0.00, real=0.00 secs] 
151.209: Total time for which application threads were stopped: 0.0004750 seconds, Stopping threads took: 0.0000740 seconds
151.276: Application time: 0.0671170 seconds
151.277: [GC151.277: [ParNew: 15050K->0K(16640K), 0.0003700 secs] 40919K->26058K(55552K), 0.0003960 secs] [Times: user=0.01 sys=0.00, real=0.00 secs] 
151.277: Total time for which application threads were stopped: 0.0005210 seconds, Stopping threads took: 0.0000670 seconds
151.344: Application time: 0.0674480 seconds
151.345: [GC151.345: [ParNew: 14847K->0K(16640K), 0.0002780 secs] 40905K->26058K(55552K), 0.0003020 secs] [Times: user=0.00 sys=0.00, real=0.00 secs] 
151.345: Total time for which application threads were stopped: 0.0004100 seconds, Stopping threads took: 0.0000580 seconds
151.412: Application time: 0.0674670 seconds
151.412: [GC151.412: [ParNew: 14847K->0K(16640K), 0.0003000 secs] 40905K->26058K(55552K), 0.0003290 secs] [Times: user=0.00 sys=0.00, real=0.00 secs] 
151.413: Total time for which application threads were stopped: 0.0004520 seconds, Stopping threads took: 0.0000650 seconds
151.480: Application time: 0.0672920 seconds
151.480: [GC151.480: [ParNew: 14847K->0K(16640K), 0.0002720 secs] 40905K->26058K(55552K), 0.0003000 secs] [Times: user=0.00 sys=0.00, real=0.00 secs] 
151.480: Total time for which application threads were stopped: 0.0004150 seconds, Stopping threads took: 0.0000570 seconds
151.548: Application time: 0.0670280 seconds
151.548: [GC151.548: [ParNew: 14847K->0K(16640K), 0.0002880 secs] 40905K->26058K(55552K), 0.0003150 secs] [Times: user=0.00 sys=0.00, real=0.00 secs] 
151.548: Total time for which application threads were stopped: 0.0004350 seconds, Stopping threads took: 0.0000680 seconds
151.607: Application time: 0.0588910 seconds
151.607: [GC151.607: [ParNew: 14845K->380K(16640K), 0.0003640 secs] 40903K->26438K(55552K), 0.0003900 secs] [Times: user=0.00 sys=0.00, real=0.01 secs] 
151.607: Total time for which application threads were stopped: 0.0005010 seconds, Stopping threads took: 0.0000470 seconds
151.645: Application time: 0.0373540 seconds
151.645: [GC151.645: [ParNew: 15227K->384K(16640K), 0.0003860 secs] 41285K->26443K(55552K), 0.0004100 secs] [Times: user=0.01 sys=0.00, real=0.00 secs] 
151.645: Total time for which application threads were stopped: 0.0005070 seconds, Stopping threads took: 0.0000450 seconds
151.708: Application time: 0.0625520 seconds
151.708: [GC151.708: [ParNew: 15228K->403K(16640K), 0.0003750 secs] 41287K->26461K(55552K), 0.0004060 secs] [Times: user=0.00 sys=0.00, real=0.00 secs] 
151.708: Total time for which application threads were stopped: 0.0005260 seconds, Stopping threads took: 0.0000640 seconds
151.773: Application time: 0.0647240 seconds
151.773: [GC151.773: [ParNew: 15250K->420K(16640K), 0.0003780 secs] 41308K->26478K(55552K), 0.0004060 secs] [Times: user=0.00 sys=0.00, real=0.00 secs] 
151.774: Total time for which application threads were stopped: 0.0005420 seconds, Stopping threads took: 0.0000790 seconds
151.841: Application time: 0.0677340 seconds
151.841: [GC151.841: [ParNew: 15265K->418K(16640K), 0.0004410 secs] 41324K->26477K(55552K), 0.0004690 secs] [Times: user=0.00 sys=0.00, real=0.00 secs] 
151.842: Total time for which application threads were stopped: 0.0005880 seconds, Stopping threads took: 0.0000670 seconds
151.909: Application time: 0.0668920 seconds
151.909: [GC151.909: [ParNew: 15266K->423K(16640K), 0.0003640 secs] 41324K->26482K(55552K), 0.0003900 secs] [Times: user=0.00 sys=0.00, real=0.00 secs] 
151.909: Total time for which application threads were stopped: 0.0005200 seconds, Stopping threads took: 0.0000760 seconds
151.976: Application time: 0.0666800 seconds
151.976: [GC151.976: [ParNew: 15271K->418K(16640K), 0.0003640 secs] 41329K->26476K(55552K), 0.0003900 secs] [Times: user=0.00 sys=0.00, real=0.00 secs] 
151.977: Total time for which application threads were stopped: 0.0005260 seconds, Stopping threads took: 0.0000800 seconds
152.024: Application time: 0.0471810 seconds
152.024: [GC152.024: [ParNew: 15265K->466K(16640K), 0.0003830 secs] 41323K->26525K(55552K), 0.0004080 secs] [Times: user=0.00 sys=0.00, real=0.00 secs] 
152.024: Total time for which application threads were stopped: 0.0005060 seconds, Stopping threads took: 0.0000410 seconds
152.080: Application time: 0.0559480 seconds
152.080: [GC152.080: [ParNew: 15310K->891K(16640K), 0.0005200 secs] 41369K->26950K(55552K), 0.0005460 secs] [Times: user=0.01 sys=0.00, real=0.00 secs] 
152.081: Total time for which application threads were stopped: 0.0006660 seconds, Stopping threads took: 0.0000630 seconds
152.110: Application time: 0.0288320 seconds
152.110: [GC152.110: [ParNew: 15736K->1566K(16640K), 0.0006020 secs] 41795K->27625K(55552K), 0.0006300 secs] [Times: user=0.01 sys=0.00, real=0.00 secs] 
152.110: Total time for which application threads were stopped: 0.0007420 seconds, Stopping threads took: 0.0000410 seconds
152.136: Application time: 0.0253960 seconds
152.136: [GC152.136: [ParNew: 16413K->566K(16640K), 0.0007290 secs] 42471K->27923K(55552K), 0.0007560 secs] [Times: user=0.00 sys=0.00, real=0.00 secs] 
152.137: Total time for which application threads were stopped: 0.0008480 seconds, Stopping threads took: 0.0000400 seconds
152.137: Application time: 0.0000220 seconds
152.137: [GC [1 CMS-initial-mark: 27357K(38912K)] 27934K(55552K), 0.0001030 secs] [Times: user=0.00 sys=0.00, real=0.00 secs] 
152.137: Total time for which application threads were stopped: 0.0001380 seconds, Stopping threads took: 0.0000200 seconds
152.137: [CMS-concurrent-mark-start]
152.142: [CMS-concurrent-mark: 0.006/0.006 secs] [Times: user=0.02 sys=0.00, real=0.01 secs] 
152.142: [CMS-concurrent-preclean-start]
152.142: [CMS-concurrent-preclean: 0.000/0.000 secs] [Times: user=0.00 sys=0.00, real=0.00 secs] 
152.142: [CMS-concurrent-abortable-preclean-start]
152.182: Application time: 0.0451370 seconds
152.182: [GC152.182: [ParNew: 15410K->1069K(16640K), 0.0004430 secs] 42767K->28426K(55552K), 0.0004680 secs] [Times: user=0.01 sys=0.00, real=0.00 secs] 
152.183: Total time for which application threads were stopped: 0.0005800 seconds, Stopping threads took: 0.0000590 seconds
152.242: Application time: 0.0591070 seconds
152.242: [GC152.242: [ParNew: 15913K->1092K(16640K), 0.0004990 secs] 43270K->28449K(55552K), 0.0005260 secs] [Times: user=0.00 sys=0.00, real=0.00 secs] 
152.242: Total time for which application threads were stopped: 0.0006250 seconds, Stopping threads took: 0.0000470 seconds
152.307: Application time: 0.0649000 seconds
152.311: [GC152.311: [ParNew: 15939K->0K(16640K), 0.0005550 secs] 43297K->28364K(55552K), 0.0005830 secs] [Times: user=0.00 sys=0.00, real=0.00 secs] 
152.312: Total time for which application threads were stopped: 0.0045390 seconds, Stopping threads took: 0.0038980 seconds
152.378: Application time: 0.0666760 seconds
152.378: [GC152.379: [ParNew: 14847K->0K(16640K), 0.0002980 secs] 43212K->28364K(55552K), 0.0003250 secs] [Times: user=0.01 sys=0.00, real=0.00 secs] 
152.379: Total time for which application threads were stopped: 0.0004380 seconds, Stopping threads took: 0.0000560 seconds
152.443: Application time: 0.0637510 seconds
152.443: [GC152.443: [ParNew: 14846K->201K(16640K), 0.0003180 secs] 43211K->28565K(55552K), 0.0003540 secs] [Times: user=0.00 sys=0.00, real=0.00 secs] 
152.443: Total time for which application threads were stopped: 0.0004740 seconds, Stopping threads took: 0.0000580 seconds
152.509: Application time: 0.0656320 seconds
152.509: [GC152.509: [ParNew: 15046K->197K(16640K), 0.0003990 secs] 43411K->28562K(55552K), 0.0004260 secs] [Times: user=0.00 sys=0.00, real=0.00 secs] 
152.509: Total time for which application threads were stopped: 0.0005460 seconds, Stopping threads took: 0.0000620 seconds
152.568: Application time: 0.0588360 seconds
152.568: [GC152.568: [ParNew: 15043K->962K(16640K), 0.0004500 secs] 43408K->29327K(55552K), 0.0004780 secs] [Times: user=0.01 sys=0.00, real=0.00 secs] 
152.569: Total time for which application threads were stopped: 0.0006040 seconds, Stopping threads took: 0.0000670 seconds
152.634: Application time: 0.0652320 seconds
152.634: [GC152.634: [ParNew: 15807K->985K(16640K), 0.0005190 secs] 44171K->29539K(55552K), 0.0005450 secs] [Times: user=0.00 sys=0.00, real=0.00 secs] 
152.635: Total time for which application threads were stopped: 0.0006740 seconds, Stopping threads took: 0.0000710 seconds
152.702: Application time: 0.0676050 seconds
152.702: [GC152.702: [ParNew: 15832K->279K(16640K), 0.0005430 secs] 44387K->29594K(55552K), 0.0005710 secs] [Times: user=0.01 sys=0.00, real=0.00 secs] 
152.703: Total time for which application threads were stopped: 0.0006790 seconds, Stopping threads took: 0.0000530 seconds
152.771: Application time: 0.0679700 seconds
152.771: [GC152.771: [ParNew: 15126K->221K(16640K), 0.0003300 secs] 44441K->29536K(55552K), 0.0003580 secs] [Times: user=0.00 sys=0.00, real=0.00 secs] 
152.771: Total time for which application threads were stopped: 0.0004690 seconds, Stopping threads took: 0.0000530 seconds
152.840: Application time: 0.0682240 seconds
152.840: [GC152.840: [ParNew: 15068K->203K(16640K), 0.0003950 secs] 44383K->29518K(55552K), 0.0004210 secs] [Times: user=0.01 sys=0.00, real=0.00 secs] 
152.840: Total time for which application threads were stopped: 0.0005980 seconds, Stopping threads took: 0.0001240 seconds
152.907: Application time: 0.0672940 seconds
152.908: [GC152.908: [ParNew: 15050K->199K(16640K), 0.0003270 secs] 44365K->29514K(55552K), 0.0003570 secs] [Times: user=0.00 sys=0.00, real=0.00 secs] 
152.908: Total time for which application threads were stopped: 0.0004770 seconds, Stopping threads took: 0.0000630 seconds
152.975: Application time: 0.0672600 seconds
152.975: [GC152.975: [ParNew: 15044K->210K(16640K), 0.0003370 secs] 44359K->29525K(55552K), 0.0003640 secs] [Times: user=0.00 sys=0.00, real=0.00 secs] 
152.976: Total time for which application threads were stopped: 0.0004810 seconds, Stopping threads took: 0.0000610 seconds
153.043: Application time: 0.0676270 seconds
153.043: [GC153.043: [ParNew: 15058K->0K(16640K), 0.0003660 secs] 44373K->29505K(55552K), 0.0003940 secs] [Times: user=0.00 sys=0.00, real=0.00 secs] 
153.044: Total time for which application threads were stopped: 0.0004920 seconds, Stopping threads took: 0.0000470 seconds
153.112: Application time: 0.0686520 seconds
153.113: [GC153.113: [ParNew: 14847K->0K(16640K), 0.0003520 secs] 44352K->29505K(55552K), 0.0003790 secs] [Times: user=0.00 sys=0.00, real=0.00 secs] 
153.113: Total time for which application threads were stopped: 0.0005000 seconds, Stopping threads took: 0.0000650 seconds
153.181: Application time: 0.0679980 seconds
153.181: [GC153.181: [ParNew: 14847K->0K(16640K), 0.0002710 secs] 44352K->29505K(55552K), 0.0002980 secs] [Times: user=0.01 sys=0.00, real=0.00 secs] 
153.181: Total time for which application threads were stopped: 0.0004280 seconds, Stopping threads took: 0.0000630 seconds
153.249: Application time: 0.0676790 seconds
153.249: [GC153.249: [ParNew: 14847K->0K(16640K), 0.0003240 secs] 44352K->29505K(55552K), 0.0003530 secs] [Times: user=0.00 sys=0.00, real=0.00 secs] 
153.250: Total time for which application threads were stopped: 0.0004720 seconds, Stopping threads took: 0.0000660 seconds
153.318: Application time: 0.0685820 seconds
153.318: [GC153.318: [ParNew: 14845K->0K(16640K), 0.0002490 secs] 44350K->29505K(55552K), 0.0002830 secs] [Times: user=0.00 sys=0.00, real=0.00 secs] 
153.318: Total time for which application threads were stopped: 0.0003900 seconds, Stopping threads took: 0.0000560 seconds
153.365: Application time: 0.0463650 seconds
153.365: [GC153.365: [ParNew: 14844K->383K(16640K), 0.0004060 secs] 44349K->29888K(55552K), 0.0004340 secs] [Times: user=0.00 sys=0.00, real=0.00 secs] 
153.365: Total time for which application threads were stopped: 0.0005510 seconds, Stopping threads took: 0.0000600 seconds
153.412: Application time: 0.0468720 seconds
153.412: [GC153.412: [ParNew: 15230K->392K(16640K), 0.0003900 secs] 44735K->29898K(55552K), 0.0004180 secs] [Times: user=0.00 sys=0.00, real=0.00 secs] 
153.413: Total time for which application threads were stopped: 0.0005320 seconds, Stopping threads took: 0.0000560 seconds
153.477: Application time: 0.0640850 seconds
153.477: [GC153.477: [ParNew: 15237K->405K(16640K), 0.0003720 secs] 44742K->29910K(55552K), 0.0003990 secs] [Times: user=0.01 sys=0.00, real=0.00 secs] 
153.477: Total time for which application threads were stopped: 0.0005120 seconds, Stopping threads took: 0.0000560 seconds
153.545: Application time: 0.0672880 seconds
153.545: [GC153.545: [ParNew: 15252K->406K(16640K), 0.0004490 secs] 44757K->29911K(55552K), 0.0004750 secs] [Times: user=0.00 sys=0.00, real=0.00 secs] 
153.545: Total time for which application threads were stopped: 0.0005950 seconds, Stopping threads took: 0.0000670 seconds
153.612: Application time: 0.0668490 seconds
153.612: [GC153.612: [ParNew: 15253K->411K(16640K), 0.0003980 secs] 44758K->29916K(55552K), 0.0004260 secs] [Times: user=0.01 sys=0.00, real=0.00 secs] 
153.613: Total time for which application threads were stopped: 0.0005490 seconds, Stopping threads took: 0.0000670 seconds
153.680: Application time: 0.0669720 seconds
153.680: [GC153.680: [ParNew: 15256K->426K(16640K), 0.0003760 secs] 44761K->29931K(55552K), 0.0004040 secs] [Times: user=0.00 sys=0.00, real=0.00 secs] 
153.680: Total time for which application threads were stopped: 0.0005250 seconds, Stopping threads took: 0.0000650 seconds
153.741: Application time: 0.0612330 seconds
153.742: [GC153.742: [ParNew: 15246K->507K(16640K), 0.0004110 secs] 44751K->30012K(55552K), 0.0004380 secs] [Times: user=0.00 sys=0.00, real=0.00 secs] 
153.742: Total time for which application threads were stopped: 0.0005900 seconds, Stopping threads took: 0.0000860 seconds
153.792: Application time: 0.0496870 seconds
153.792: [GC153.792: [ParNew: 15352K->643K(16640K), 0.0004060 secs] 44858K->30148K(55552K), 0.0004330 secs] [Times: user=0.00 sys=0.00, real=0.00 secs] 
153.792: Total time for which application threads were stopped: 0.0005980 seconds, Stopping threads took: 0.0001140 seconds
153.846: Application time: 0.0540210 seconds
153.846: [GC153.846: [ParNew: 15488K->1323K(16640K), 0.0005330 secs] 44993K->30828K(55552K), 0.0005620 secs] [Times: user=0.01 sys=0.00, real=0.00 secs] 
153.847: Total time for which application threads were stopped: 0.0006780 seconds, Stopping threads took: 0.0000590 seconds
153.873: Application time: 0.0255600 seconds
153.873: [GC153.873: [ParNew: 16166K->903K(16640K), 0.0006320 secs] 45671K->31094K(55552K), 0.0006610 secs] [Times: user=0.00 sys=0.00, real=0.00 secs] 
153.873: Total time for which application threads were stopped: 0.0007910 seconds, Stopping threads took: 0.0000700 seconds
153.905: Application time: 0.0318890 seconds
153.905: [GC153.905: [ParNew: 15750K->1176K(16640K), 0.0005080 secs] 45940K->31366K(55552K), 0.0005350 secs] [Times: user=0.00 sys=0.00, real=0.00 secs] 
153.906: Total time for which application threads were stopped: 0.0006360 seconds, Stopping threads took: 0.0000430 seconds
153.951: Application time: 0.0454290 seconds
153.951: [GC153.951: [ParNew: 16022K->611K(16640K), 0.0005580 secs] 46212K->31457K(55552K), 0.0005860 secs] [Times: user=0.01 sys=0.00, real=0.00 secs] 
153.952: Total time for which application threads were stopped: 0.0006920 seconds, Stopping threads took: 0.0000410 seconds
154.012: Application time: 0.0603550 seconds
154.012: [GC154.013: [ParNew: 15455K->1031K(16640K), 0.0004680 secs] 46301K->31878K(55552K), 0.0004950 secs] [Times: user=0.00 sys=0.00, real=0.00 secs] 
154.013: Total time for which application threads were stopped: 0.0006010 seconds, Stopping threads took: 0.0000500 seconds
154.078: Application time: 0.0648740 seconds
154.078: [GC154.078: [ParNew: 15876K->869K(16640K), 0.0005980 secs] 46723K->31935K(55552K), 0.0006270 secs] [Times: user=0.00 sys=0.00, real=0.00 secs] 
154.079: Total time for which application threads were stopped: 0.0007490 seconds, Stopping threads took: 0.0000630 seconds
154.143: Application time: 0.0647960 seconds
154.144: [GC154.144: [ParNew: 15717K->877K(16640K), 0.0004960 secs] 46782K->31942K(55552K), 0.0005240 secs] [Times: user=0.00 sys=0.00, real=0.00 secs] 
154.144: Total time for which application threads were stopped: 0.0006360 seconds, Stopping threads took: 0.0000590 seconds
154.207: Application time: 0.0632110 seconds
154.207: [GC154.207: [ParNew: 15724K->1071K(16640K), 0.0004510 secs] 46789K->32136K(55552K), 0.0004780 secs] [Times: user=0.01 sys=0.00, real=0.00 secs] 
154.208: Total time for which application threads were stopped: 0.0006220 seconds, Stopping threads took: 0.0000880 seconds
154.270: Application time: 0.0625020 seconds
154.271: [GC154.271: [ParNew: 15915K->899K(16640K), 0.0005370 secs] 46981K->32345K(55552K), 0.0005660 secs] [Times: user=0.01 sys=0.00, real=0.00 secs] 
154.271: Total time for which application threads were stopped: 0.0007040 seconds, Stopping threads took: 0.0000720 seconds
154.333: Application time: 0.0615080 seconds
154.333: Total time for which application threads were stopped: 0.0000810 seconds, Stopping threads took: 0.0000590 seconds
154.333: Application time: 0.0000540 seconds
154.333: [GC154.333: [ParNew: 15874K->1275K(16640K), 0.0005780 secs] 47320K->32721K(55552K), 0.0006040 secs] [Times: user=0.01 sys=0.00, real=0.00 secs] 
154.333: Total time for which application threads were stopped: 0.0006690 seconds, Stopping threads took: 0.0000270 seconds
154.400: Application time: 0.0666920 seconds
154.400: [GC154.400: [ParNew: 16119K->295K(16640K), 0.0005790 secs] 47565K->32691K(55552K), 0.0006070 secs] [Times: user=0.00 sys=0.00, real=0.00 secs] 
154.401: Total time for which application threads were stopped: 0.0007460 seconds, Stopping threads took: 0.0000850 seconds
154.401: [CMS-concurrent-abortable-preclean: 0.016/2.258 secs] [Times: user=17.78 sys=0.02, real=2.26 secs] 
154.401: Application time: 0.0000390 seconds
154.401: [GC[YG occupancy: 317 K (16640 K)]154.401: [Rescan (parallel) , 0.0001150 secs]154.401: [weak refs processing, 0.0000750 secs]154.401: [scrub string table, 0.0000760 secs] [1 CMS-remark: 32396K(38912K)] 32714K(55552K), 0.0002890 secs] [Times: user=0.00 sys=0.00, real=0.00 secs] 
154.401: Total time for which application threads were stopped: 0.0003490 seconds, Stopping threads took: 0.0000430 seconds
154.401: [CMS-concurrent-sweep-start]
154.404: [CMS-concurrent-sweep: 0.003/0.003 secs] [Times: user=0.01 sys=0.00, real=0.00 secs] 
154.404: [CMS-concurrent-reset-start]
154.404: [CMS-concurrent-reset: 0.000/0.000 secs] [Times: user=0.00 sys=0.00, real=0.00 secs] 
154.470: Application time: 0.0684400 seconds
154.470: [GC154.470: [ParNew: 15141K->243K(16640K), 0.0003470 secs] 22958K->8060K(55552K), 0.0003730 secs] [Times: user=0.00 sys=0.00, real=0.00 secs] 
154.470: Total time for which application threads were stopped: 0.0004940 seconds, Stopping threads took: 0.0000640 seconds
154.537: Application time: 0.0671240 seconds
154.539: [GC154.539: [ParNew: 15090K->205K(16640K), 0.0003590 secs] 22908K->8022K(55552K), 0.0003850 secs] [Times: user=0.00 sys=0.00, real=0.00 secs] 
154.540: Total time for which application threads were stopped: 0.0021970 seconds, Stopping threads took: 0.0017610 seconds
154.607: Application time: 0.0670770 seconds
154.607: [GC154.607: [ParNew: 15052K->205K(16640K), 0.0003120 secs] 22869K->8022K(55552K), 0.0003490 secs] [Times: user=0.00 sys=0.00, real=0.01 secs] 
154.607: Total time for which application threads were stopped: 0.0004780 seconds, Stopping threads took: 0.0000730 seconds
154.674: Application time: 0.0673280 seconds
154.675: [GC154.675: [ParNew: 15052K->203K(16640K), 0.0003210 secs] 22870K->8020K(55552K), 0.0003460 secs] [Times: user=0.01 sys=0.00, real=0.00 secs] 
154.675: Total time for which application threads were stopped: 0.0004630 seconds, Stopping threads took: 0.0000600 seconds
154.742: Application time: 0.0670140 seconds
154.742: [GC154.742: [ParNew: 15050K->202K(16640K), 0.0003080 secs] 22868K->8019K(55552K), 0.0003330 secs] [Times: user=0.00 sys=0.00, real=0.00 secs] 
154.742: Total time for which application threads were stopped: 0.0004440 seconds, Stopping threads took: 0.0000610 seconds
154.810: Application time: 0.0674760 seconds
154.810: [GC154.810: [ParNew: 15049K->0K(16640K), 0.0003780 secs] 22867K->8007K(55552K), 0.0004050 secs] [Times: user=0.01 sys=0.00, real=0.00 secs] 
154.810: Total time for which application threads were stopped: 0.0005340 seconds, Stopping threads took: 0.0000620 seconds
154.879: Application time: 0.0689290 seconds
154.879: [GC154.879: [ParNew: 14845K->0K(16640K), 0.0003170 secs] 22852K->8007K(55552K), 0.0003440 secs] [Times: user=0.01 sys=0.00, real=0.00 secs] 
154.880: Total time for which application threads were stopped: 0.0004560 seconds, Stopping threads took: 0.0000520 seconds
154.947: Application time: 0.0677620 seconds
154.948: [GC154.948: [ParNew: 14847K->0K(16640K), 0.0002980 secs] 22854K->8007K(55552K), 0.0003240 secs] [Times: user=0.00 sys=0.00, real=0.00 secs] 
154.948: Total time for which application threads were stopped: 0.0004390 seconds, Stopping threads took: 0.0000640 seconds
155.015: Application time: 0.0675020 seconds
155.016: [GC155.016: [ParNew: 14847K->0K(16640K), 0.0003460 secs] 22854K->8007K(55552K), 0.0003710 secs] [Times: user=0.00 sys=0.00, real=0.00 secs] 
155.016: Total time for which application threads were stopped: 0.0004900 seconds, Stopping threads took: 0.0000650 seconds
155.084: Application time: 0.0676710 seconds
155.084: [GC155.084: [ParNew: 14847K->0K(16640K), 0.0003650 secs] 22854K->8007K(55552K), 0.0003920 secs] [Times: user=0.00 sys=0.00, real=0.00 secs] 
155.084: Total time for which application threads were stopped: 0.0005420 seconds, Stopping threads took: 0.0000920 seconds
155.129: Application time: 0.0446040 seconds
155.129: [GC155.129: [ParNew: 14846K->378K(16640K), 0.0004530 secs] 22853K->8386K(55552K), 0.0004800 secs] [Times: user=0.00 sys=0.00, real=0.00 secs] 
155.129: Total time for which application threads were stopped: 0.0005840 seconds, Stopping threads took: 0.0000450 seconds
155.178: Application time: 0.0486800 seconds
155.178: [GC155.178: [ParNew: 15226K->390K(16640K), 0.0003520 secs] 23234K->8398K(55552K), 0.0003780 secs] [Times: user=0.00 sys=0.00, real=0.00 secs] 
155.179: Total time for which application threads were stopped: 0.0004970 seconds, Stopping threads took: 0.0000610 seconds
155.242: Application time: 0.0636990 seconds
155.242: [GC155.242: [ParNew: 15237K->393K(16640K), 0.0004090 secs] 23245K->8401K(55552K), 0.0004350 secs] [Times: user=0.00 sys=0.00, real=0.00 secs] 
155.243: Total time for which application threads were stopped: 0.0005500 seconds, Stopping threads took: 0.0000630 seconds
155.311: Application time: 0.0679570 seconds
155.311: [GC155.311: [ParNew: 15239K->387K(16640K), 0.0004300 secs] 23246K->8395K(55552K), 0.0004580 secs] [Times: user=0.00 sys=0.00, real=0.00 secs] 
155.311: Total time for which application threads were stopped: 0.0005890 seconds, Stopping threads took: 0.0000660 seconds
155.378: Application time: 0.0668470 seconds
155.378: [GC155.378: [ParNew: 15235K->416K(16640K), 0.0003730 secs] 23242K->8423K(55552K), 0.0003990 secs] [Times: user=0.00 sys=0.00, real=0.00 secs] 
155.379: Total time for which application threads were stopped: 0.0005270 seconds, Stopping threads took: 0.0000700 seconds
155.446: Application time: 0.0668950 seconds
155.446: [GC155.446: [ParNew: 15263K->437K(16640K), 0.0003560 secs] 23270K->8445K(55552K), 0.0003910 secs] [Times: user=0.01 sys=0.00, real=0.00 secs] 
155.446: Total time for which application threads were stopped: 0.0004800 seconds, Stopping threads took: 0.0000380 seconds
155.501: Application time: 0.0548350 seconds
155.501: [GC155.501: [ParNew: 15283K->619K(16640K), 0.0003850 secs] 23291K->8627K(55552K), 0.0004140 secs] [Times: user=0.00 sys=0.00, real=0.00 secs] 
155.501: Total time for which application threads were stopped: 0.0005390 seconds, Stopping threads took: 0.0000700 seconds
155.555: Application time: 0.0534760 seconds
155.555: [GC155.555: [ParNew: 15467K->664K(16640K), 0.0004180 secs] 23474K->8672K(55552K), 0.0004490 secs] [Times: user=0.00 sys=0.00, real=0.00 secs] 
155.555: Total time for which application threads were stopped: 0.0005580 seconds, Stopping threads took: 0.0000540 seconds
155.600: Application time: 0.0447950 seconds
155.600: [GC155.600: [ParNew: 15510K->1350K(16640K), 0.0005090 secs] 23517K->9357K(55552K), 0.0005340 secs] [Times: user=0.00 sys=0.00, real=0.00 secs] 
155.601: Total time for which application threads were stopped: 0.0006300 seconds, Stopping threads took: 0.0000410 seconds
155.628: Application time: 0.0271370 seconds
155.628: [GC155.628: [ParNew: 16196K->1243K(16640K), 0.0006310 secs] 24203K->9688K(55552K), 0.0006580 secs] [Times: user=0.00 sys=0.00, real=0.00 secs] 
155.629: Total time for which application threads were stopped: 0.0007770 seconds, Stopping threads took: 0.0000610 seconds
155.663: Application time: 0.0339520 seconds
155.663: [GC155.663: [ParNew: 16087K->1218K(16640K), 0.0006880 secs] 24532K->9911K(55552K), 0.0007200 secs] [Times: user=0.00 sys=0.00, real=0.00 secs] 
155.664: Total time for which application threads were stopped: 0.0008620 seconds, Stopping threads took: 0.0000820 seconds
155.713: Application time: 0.0495460 seconds
155.713: [GC155.713: [ParNew: 16062K->1191K(16640K), 0.0005290 secs] 24754K->9940K(55552K), 0.0005550 secs] [Times: user=0.00 sys=0.00, real=0.00 secs] 
155.714: Total time for which application threads were stopped: 0.0006680 seconds, Stopping threads took: 0.0000550 seconds
155.776: Application time: 0.0622540 seconds
155.776: [GC155.776: [ParNew: 16038K->1153K(16640K), 0.0005090 secs] 24787K->9931K(55552K), 0.0005340 secs] [Times: user=0.00 sys=0.00, real=0.00 secs] 
155.777: Total time for which application threads were stopped: 0.0006460 seconds, Stopping threads took: 0.0000550 seconds
155.842: Application time: 0.0649420 seconds
155.842: [GC155.842: [ParNew: 15998K->472K(16640K), 0.0005650 secs] 24777K->9850K(55552K), 0.0005930 secs] [Times: user=0.00 sys=0.00, real=0.00 secs] 
155.842: Total time for which application threads were stopped: 0.0007090 seconds, Stopping threads took: 0.0000540 seconds
155.906: Application time: 0.0640770 seconds
155.907: [GC155.907: [ParNew: 15317K->611K(16640K), 0.0003810 secs] 24694K->9989K(55552K), 0.0004090 secs] [Times: user=0.00 sys=0.00, real=0.00 secs] 
155.907: Total time for which application threads were stopped: 0.0005160 seconds, Stopping threads took: 0.0000510 seconds
155.971: Application time: 0.0642710 seconds
155.971: [GC155.971: [ParNew: 15456K->596K(16640K), 0.0003980 secs] 24833K->9973K(55552K), 0.0004240 secs] [Times: user=0.00 sys=0.00, real=0.00 secs] 
155.972: Total time for which application threads were stopped: 0.0005420 seconds, Stopping threads took: 0.0000620 seconds
156.033: Application time: 0.0613780 seconds
156.033: [GC156.033: [ParNew: 15442K->1192K(16640K), 0.0004630 secs] 24819K->10569K(55552K), 0.0004870 secs] [Times: user=0.00 sys=0.00, real=0.00 secs] 
156.034: Total time for which application threads were stopped: 0.0006050 seconds, Stopping threads took: 0.0000610 seconds
156.096: Application time: 0.0624160 seconds
156.096: [GC156.096: [ParNew: 16039K->1267K(16640K), 0.0005550 secs] 25416K->10645K(55552K), 0.0005800 secs] [Times: user=0.01 sys=0.00, real=0.00 secs] 
156.097: Total time for which application threads were stopped: 0.0006950 seconds, Stopping threads took: 0.0000550 seconds
156.163: Application time: 0.0656120 seconds
156.163: [GC156.163: [ParNew: 16112K->776K(16640K), 0.0084950 secs] 25490K->10724K(55552K), 0.0085210 secs] [Times: user=0.06 sys=0.00, real=0.01 secs] 
156.171: Total time for which application threads were stopped: 0.0086260 seconds, Stopping threads took: 0.0000480 seconds
156.238: Application time: 0.0671190 seconds
156.238: [GC156.238: [ParNew: 15621K->638K(16640K), 0.0003840 secs] 25569K->10586K(55552K), 0.0004110 secs] [Times: user=0.00 sys=0.00, real=0.00 secs] 
156.239: Total time for which application threads were stopped: 0.0005450 seconds, Stopping threads took: 0.0000760 seconds
156.306: Application time: 0.0669850 seconds
156.306: [GC156.306: [ParNew: 15485K->646K(16640K), 0.0003830 secs] 25433K->10593K(55552K), 0.0004120 secs] [Times: user=0.00 sys=0.00, real=0.00 secs] 
156.306: Total time for which application threads were stopped: 0.0005330 seconds, Stopping threads took: 0.0000670 seconds
156.374: Application time: 0.0679090 seconds
156.374: [GC156.374: [ParNew: 15491K->647K(16640K), 0.0004230 secs] 25439K->10595K(55552K), 0.0004490 secs] [Times: user=0.00 sys=0.00, real=0.00 secs] 
156.375: Total time for which application threads were stopped: 0.0005810 seconds, Stopping threads took: 0.0000660 seconds
156.442: Application time: 0.0667830 seconds
156.442: [GC156.442: [ParNew: 15495K->636K(16640K), 0.0004720 secs] 25442K->10584K(55552K), 0.0004990 secs] [Times: user=0.00 sys=0.00, real=0.00 secs] 
156.442: Total time for which application threads were stopped: 0.0005890 seconds, Stopping threads took: 0.0000390 seconds
156.509: Application time: 0.0669550 seconds
156.509: [GC156.509: [ParNew: 15483K->244K(16640K), 0.0004320 secs] 25431K->10571K(55552K), 0.0004590 secs] [Times: user=0.00 sys=0.00, real=0.00 secs] 
156.510: Total time for which application threads were stopped: 0.0005830 seconds, Stopping threads took: 0.0000700 seconds
156.577: Application time: 0.0675500 seconds
156.577: [GC156.577: [ParNew: 15091K->0K(16640K), 0.0003760 secs] 25419K->10517K(55552K), 0.0004030 secs] [Times: user=0.00 sys=0.00, real=0.00 secs] 
156.578: Total time for which application threads were stopped: 0.0005100 seconds, Stopping threads took: 0.0000500 seconds
156.646: Application time: 0.0679000 seconds
156.646: [GC156.646: [ParNew: 14847K->0K(16640K), 0.0002780 secs] 25365K->10517K(55552K), 0.0003050 secs] [Times: user=0.01 sys=0.00, real=0.00 secs] 
156.646: Total time for which application threads were stopped: 0.0004100 seconds, Stopping threads took: 0.0000550 seconds
156.714: Application time: 0.0675060 seconds
156.714: [GC156.714: [ParNew: 14847K->0K(16640K), 0.0003730 secs] 25365K->10517K(55552K), 0.0014970 secs] [Times: user=0.00 sys=0.00, real=0.00 secs] 
156.715: Total time for which application threads were stopped: 0.0016070 seconds, Stopping threads took: 0.0000520 seconds
156.782: Application time: 0.0670430 seconds
156.782: [GC156.782: [ParNew: 14847K->0K(16640K), 0.0002780 secs] 25365K->10517K(55552K), 0.0003050 secs] [Times: user=0.01 sys=0.00, real=0.00 secs] 
156.783: Total time for which application threads were stopped: 0.0004400 seconds, Stopping threads took: 0.0000760 seconds
156.842: Application time: 0.0593930 seconds
156.842: [GC156.842: [ParNew: 14844K->192K(16640K), 0.0003900 secs] 25362K->10710K(55552K), 0.0004150 secs] [Times: user=0.00 sys=0.00, real=0.00 secs] 
156.843: Total time for which application threads were stopped: 0.0005280 seconds, Stopping threads took: 0.0000620 seconds
156.883: Application time: 0.0402540 seconds
156.883: [GC156.883: [ParNew: 15036K->383K(16640K), 0.0004010 secs] 25554K->10900K(55552K), 0.0004310 secs] [Times: user=0.00 sys=0.00, real=0.00 secs] 
156.883: Total time for which application threads were stopped: 0.0005590 seconds, Stopping threads took: 0.0000510 seconds
156.942: Application time: 0.0586070 seconds
156.942: [GC156.942: [ParNew: 15231K->393K(16640K), 0.0003560 secs] 25748K->10911K(55552K), 0.0003810 secs] [Times: user=0.00 sys=0.00, real=0.00 secs] 
156.943: Total time for which application threads were stopped: 0.0005110 seconds, Stopping threads took: 0.0000720 seconds
157.008: Application time: 0.0651780 seconds
157.008: [GC157.008: [ParNew: 15239K->397K(16640K), 0.0003830 secs] 25757K->10915K(55552K), 0.0004090 secs] [Times: user=0.00 sys=0.00, real=0.00 secs] 
157.008: Total time for which application threads were stopped: 0.0005310 seconds, Stopping threads took: 0.0000690 seconds
157.076: Application time: 0.0677990 seconds
157.076: [GC157.076: [ParNew: 15243K->407K(16640K), 0.0003750 secs] 25761K->10925K(55552K), 0.0004020 secs] [Times: user=0.00 sys=0.00, real=0.00 secs] 
157.077: Total time for which application threads were stopped: 0.0005250 seconds, Stopping threads took: 0.0000650 seconds
157.143: Application time: 0.0665260 seconds
157.143: [GC157.143: [ParNew: 15254K->425K(16640K), 0.0003510 secs] 25772K->10943K(55552K), 0.0003780 secs] [Times: user=0.00 sys=0.00, real=0.00 secs] 
157.144: Total time for which application threads were stopped: 0.0004990 seconds, Stopping threads took: 0.0000700 seconds
157.210: Application time: 0.0665400 seconds
157.210: [GC157.210: [ParNew: 15272K->438K(16640K), 0.0004090 secs] 25790K->10956K(55552K), 0.0004360 secs] [Times: user=0.00 sys=0.00, real=0.00 secs] 
157.211: Total time for which application threads were stopped: 0.0005410 seconds, Stopping threads took: 0.0000490 seconds
157.258: Application time: 0.0476980 seconds
157.259: [GC157.259: [ParNew: 15286K->579K(16640K), 0.0003970 secs] 25804K->11097K(55552K), 0.0004260 secs] [Times: user=0.01 sys=0.00, real=0.00 secs] 
157.259: Total time for which application threads were stopped: 0.0005340 seconds, Stopping threads took: 0.0000520 seconds
157.319: Application time: 0.0597620 seconds
157.319: [GC157.319: [ParNew: 15425K->688K(16640K), 0.0004660 secs] 25942K->11206K(55552K), 0.0004950 secs] [Times: user=0.00 sys=0.00, real=0.01 secs] 
157.319: Total time for which application threads were stopped: 0.0006210 seconds, Stopping threads took: 0.0000690 seconds
157.358: Application time: 0.0391060 seconds
157.359: [GC157.359: [ParNew: 15534K->1321K(16640K), 0.0005310 secs] 26052K->11839K(55552K), 0.0005590 secs] [Times: user=0.00 sys=0.00, real=0.01 secs] 
157.359: Total time for which application threads were stopped: 0.0006720 seconds, Stopping threads took: 0.0000550 seconds
157.388: Application time: 0.0291120 seconds
157.388: [GC157.388: [ParNew: 16167K->1235K(16640K), 0.0006230 secs] 26685K->12194K(55552K), 0.0006520 secs] [Times: user=0.00 sys=0.00, real=0.00 secs] 
157.389: Total time for which application threads were stopped: 0.0007950 seconds, Stopping threads took: 0.0000700 seconds
157.424: Application time: 0.0350380 seconds
157.424: [GC157.424: [ParNew: 16079K->1213K(16640K), 0.0006160 secs] 27039K->12415K(55552K), 0.0006440 secs] [Times: user=0.01 sys=0.00, real=0.00 secs] 
157.425: Total time for which application threads were stopped: 0.0007520 seconds, Stopping threads took: 0.0000470 seconds
157.476: Application time: 0.0510980 seconds
157.476: [GC157.476: [ParNew: 16060K->1115K(16640K), 0.0005710 secs] 27262K->12375K(55552K), 0.0005980 secs] [Times: user=0.01 sys=0.00, real=0.00 secs] 
157.477: Total time for which application threads were stopped: 0.0007140 seconds, Stopping threads took: 0.0000570 seconds
157.540: Application time: 0.0635220 seconds
157.540: [GC157.540: [ParNew: 15960K->354K(16640K), 0.0005420 secs] 27220K->12432K(55552K), 0.0005680 secs] [Times: user=0.01 sys=0.00, real=0.00 secs] 
157.541: Total time for which application threads were stopped: 0.0006850 seconds, Stopping threads took: 0.0000590 seconds
157.606: Application time: 0.0650380 seconds
157.606: [GC157.606: [ParNew: 15202K->237K(16640K), 0.0003390 secs] 27279K->12315K(55552K), 0.0003670 secs] [Times: user=0.00 sys=0.00, real=0.00 secs] 
157.606: Total time for which application threads were stopped: 0.0004910 seconds, Stopping threads took: 0.0000700 seconds
157.670: Application time: 0.0636160 seconds
157.670: [GC157.670: [ParNew: 15082K->407K(16640K), 0.0003770 secs] 27159K->12484K(55552K), 0.0004140 secs] [Times: user=0.01 sys=0.00, real=0.00 secs] 
157.671: Total time for which application threads were stopped: 0.0005340 seconds, Stopping threads took: 0.0000630 seconds
157.736: Application time: 0.0650000 seconds
157.736: [GC157.736: [ParNew: 15254K->401K(16640K), 0.0004460 secs] 27332K->12479K(55552K), 0.0004760 secs] [Times: user=0.00 sys=0.00, real=0.00 secs] 
157.736: Total time for which application threads were stopped: 0.0006180 seconds, Stopping threads took: 0.0000830 seconds
157.796: Application time: 0.0596070 seconds
157.799: [GC157.799: [ParNew: 15247K->1178K(16640K), 0.0004810 secs] 27325K->13256K(55552K), 0.0005090 secs] [Times: user=0.00 sys=0.00, real=0.00 secs] 
157.800: Total time for which application threads were stopped: 0.0038580 seconds, Stopping threads took: 0.0032970 seconds
157.864: Application time: 0.0648280 seconds
157.865: [GC157.865: [ParNew: 16022K->1046K(16640K), 0.0005460 secs] 28100K->13314K(55552K), 0.0005730 secs] [Times: user=0.01 sys=0.00, real=0.00 secs] 
157.865: Total time for which application threads were stopped: 0.0006940 seconds, Stopping threads took: 0.0000650 seconds
157.932: Application time: 0.0671590 seconds
157.932: [GC157.933: [ParNew: 15893K->516K(16640K), 0.0005060 secs] 28161K->13354K(55552K), 0.0005360 secs] [Times: user=0.00 sys=0.00, real=0.00 secs] 
157.933: Total time for which application threads were stopped: 0.0006860 seconds, Stopping threads took: 0.0000800 seconds
158.000: Application time: 0.0670930 seconds
158.000: [GC158.000: [ParNew: 15363K->402K(16640K), 0.0003450 secs] 28201K->13240K(55552K), 0.0003740 secs] [Times: user=0.00 sys=0.00, real=0.00 secs] 
158.001: Total time for which application threads were stopped: 0.0005180 seconds, Stopping threads took: 0.0000930 seconds
158.067: Application time: 0.0667450 seconds
158.068: [GC158.068: [ParNew: 15250K->425K(16640K), 0.0004060 secs] 28088K->13263K(55552K), 0.0004330 secs] [Times: user=0.00 sys=0.00, real=0.00 secs] 
158.068: Total time for which application threads were stopped: 0.0005550 seconds, Stopping threads took: 0.0000650 seconds
158.135: Application time: 0.0670990 seconds
158.135: [GC158.135: [ParNew: 15272K->417K(16640K), 0.0003710 secs] 28110K->13255K(55552K), 0.0003970 secs] [Times: user=0.00 sys=0.00, real=0.00 secs] 
158.136: Total time for which application threads were stopped: 0.0005020 seconds, Stopping threads took: 0.0000490 seconds
158.202: Application time: 0.0668230 seconds
158.202: [GC158.202: [ParNew: 15265K->421K(16640K), 0.0003700 secs] 28103K->13259K(55552K), 0.0003980 secs] [Times: user=0.01 sys=0.00, real=0.00 secs] 
158.203: Total time for which application threads were stopped: 0.0005060 seconds, Stopping threads took: 0.0000550 seconds
158.271: Application time: 0.0676450 seconds
158.271: [GC158.271: [ParNew: 15266K->0K(16640K), 0.0004160 secs] 28104K->13218K(55552K), 0.0004430 secs] [Times: user=0.00 sys=0.00, real=0.00 secs] 
158.271: Total time for which application threads were stopped: 0.0005620 seconds, Stopping threads took: 0.0000620 seconds
158.339: Application time: 0.0679160 seconds
158.339: [GC158.339: [ParNew: 14847K->0K(16640K), 0.0003890 secs] 28065K->13218K(55552K), 0.0004160 secs] [Times: user=0.00 sys=0.00, real=0.00 secs] 
158.340: Total time for which application threads were stopped: 0.0005450 seconds, Stopping threads took: 0.0000710 seconds
158.407: Application time: 0.0675040 seconds
158.407: [GC158.407: [ParNew: 14847K->0K(16640K), 0.0003840 secs] 28065K->13218K(55552K), 0.0004120 secs] [Times: user=0.01 sys=0.00, real=0.00 secs] 
158.408: Total time for which application threads were stopped: 0.0005390 seconds, Stopping threads took: 0.0000740 seconds
158.475: Application time: 0.0672490 seconds
158.475: [GC158.475: [ParNew: 14847K->0K(16640K), 0.0003060 secs] 28065K->13218K(55552K), 0.0003340 secs] [Times: user=0.00 sys=0.00, real=0.00 secs] 
158.475: Total time for which application threads were stopped: 0.0004750 seconds, Stopping threads took: 0.0000700 seconds
158.542: Application time: 0.0667240 seconds
158.542: [GC158.542: [ParNew: 14847K->0K(16640K), 0.0003290 secs] 28065K->13218K(55552K), 0.0003640 secs] [Times: user=0.00 sys=0.00, real=0.00 secs] 
158.543: Total time for which application threads were stopped: 0.0004950 seconds, Stopping threads took: 0.0000730 seconds
158.592: Application time: 0.0495680 seconds
158.592: [GC158.592: [ParNew: 14847K->379K(16640K), 0.0003530 secs] 28065K->13597K(55552K), 0.0003790 secs] [Times: user=0.00 sys=0.00, real=0.00 secs] 
158.593: Total time for which application threads were stopped: 0.0004970 seconds, Stopping threads took: 0.0000600 seconds
158.637: Application time: 0.0439190 seconds
158.637: [GC158.637: [ParNew: 15224K->390K(16640K), 0.0004270 secs] 28442K->13608K(55552K), 0.0004580 secs] [Times: user=0.00 sys=0.00, real=0.00 secs] 
158.637: Total time for which application threads were stopped: 0.0005940 seconds, Stopping threads took: 0.0000740 seconds
158.701: Application time: 0.0634000 seconds
158.701: [GC158.701: [ParNew: 15236K->394K(16640K), 0.0004070 secs] 28455K->13612K(55552K), 0.0004340 secs] [Times: user=0.00 sys=0.00, real=0.00 secs] 
158.701: Total time for which application threads were stopped: 0.0005350 seconds, Stopping threads took: 0.0000490 seconds
158.767: Application time: 0.0663890 seconds
158.768: [GC158.768: [ParNew: 15242K->410K(16640K), 0.0004490 secs] 28460K->13628K(55552K), 0.0004750 secs] [Times: user=0.00 sys=0.00, real=0.00 secs] 
158.768: Total time for which application threads were stopped: 0.0006070 seconds, Stopping threads took: 0.0000750 seconds
158.835: Application time: 0.0666660 seconds
158.835: [GC158.835: [ParNew: 15258K->417K(16640K), 0.0003690 secs] 28476K->13636K(55552K), 0.0003940 secs] [Times: user=0.01 sys=0.00, real=0.00 secs] 
158.835: Total time for which application threads were stopped: 0.0005180 seconds, Stopping threads took: 0.0000660 seconds
158.902: Application time: 0.0667090 seconds
158.902: [GC158.902: [ParNew: 15265K->425K(16640K), 0.0003640 secs] 28483K->13643K(55552K), 0.0003900 secs] [Times: user=0.00 sys=0.00, real=0.00 secs] 
158.902: Total time for which application threads were stopped: 0.0004830 seconds, Stopping threads took: 0.0000410 seconds
158.965: Application time: 0.0628570 seconds
158.965: [GC158.965: [ParNew: 15269K->612K(16640K), 0.0003740 secs] 28487K->13830K(55552K), 0.0003990 secs] [Times: user=0.00 sys=0.00, real=0.00 secs] 
158.966: Total time for which application threads were stopped: 0.0005190 seconds, Stopping threads took: 0.0000670 seconds
159.012: Application time: 0.0464780 seconds
159.012: [GC159.012: [ParNew: 15456K->640K(16640K), 0.0004440 secs] 28674K->13858K(55552K), 0.0004700 secs] [Times: user=0.00 sys=0.00, real=0.00 secs] 
159.013: Total time for which application threads were stopped: 0.0005950 seconds, Stopping threads took: 0.0000580 seconds
159.070: Application time: 0.0574390 seconds
159.070: [GC159.070: [ParNew: 15486K->758K(16640K), 0.0004320 secs] 28704K->13976K(55552K), 0.0004590 secs] [Times: user=0.01 sys=0.00, real=0.00 secs] 
159.071: Total time for which application threads were stopped: 0.0005710 seconds, Stopping threads took: 0.0000570 seconds
159.109: Application time: 0.0378110 seconds
159.109: [GC159.109: [ParNew: 15606K->1354K(16640K), 0.0005230 secs] 28824K->14572K(55552K), 0.0005510 secs] [Times: user=0.00 sys=0.00, real=0.00 secs] 
159.109: Total time for which application threads were stopped: 0.0006640 seconds, Stopping threads took: 0.0000540 seconds
159.140: Application time: 0.0304250 seconds
159.140: [GC159.140: [ParNew: 16198K->954K(16640K), 0.0006420 secs] 29416K->14857K(55552K), 0.0006700 secs] [Times: user=0.00 sys=0.00, real=0.00 secs] 
159.141: Total time for which application threads were stopped: 0.0007860 seconds, Stopping threads took: 0.0000550 seconds
159.177: Application time: 0.0367960 seconds
159.178: [GC159.178: [ParNew: 15798K->1136K(16640K), 0.0005450 secs] 29701K->15038K(55552K), 0.0005720 secs] [Times: user=0.00 sys=0.00, real=0.00 secs] 
159.178: Total time for which application threads were stopped: 0.0006820 seconds, Stopping threads took: 0.0000420 seconds
159.234: Application time: 0.0560730 seconds
159.234: [GC159.234: [ParNew: 15981K->1171K(16640K), 0.0005910 secs] 29883K->15131K(55552K), 0.0006200 secs] [Times: user=0.00 sys=0.00, real=0.00 secs] 
159.235: Total time for which application threads were stopped: 0.0007640 seconds, Stopping threads took: 0.0000850 seconds
159.298: Application time: 0.0633840 seconds
159.298: [GC159.298: [ParNew: 16015K->939K(16640K), 0.0005310 secs] 29975K->15118K(55552K), 0.0005580 secs] [Times: user=0.00 sys=0.00, real=0.00 secs] 
159.299: Total time for which application threads were stopped: 0.0006690 seconds, Stopping threads took: 0.0000590 seconds
159.365: Application time: 0.0659210 seconds
159.365: [GC159.365: [ParNew: 15784K->919K(16640K), 0.0004830 secs] 29963K->15098K(55552K), 0.0005100 secs] [Times: user=0.00 sys=0.00, real=0.00 secs] 
159.366: Total time for which application threads were stopped: 0.0006000 seconds, Stopping threads took: 0.0000420 seconds
159.429: Application time: 0.0630500 seconds
159.429: [GC159.429: [ParNew: 15763K->1103K(16640K), 0.0004750 secs] 29942K->15282K(55552K), 0.0005020 secs] [Times: user=0.01 sys=0.00, real=0.00 secs] 
159.429: Total time for which application threads were stopped: 0.0006130 seconds, Stopping threads took: 0.0000530 seconds
159.495: Application time: 0.0654780 seconds
159.495: [GC159.495: [ParNew: 15948K->574K(16640K), 0.0005360 secs] 30127K->15351K(55552K), 0.0005640 secs] [Times: user=0.00 sys=0.00, real=0.00 secs] 
159.495: Total time for which application threads were stopped: 0.0006760 seconds, Stopping threads took: 0.0000530 seconds
159.554: Application time: 0.0585660 seconds
159.554: [GC159.554: [ParNew: 15419K->1210K(16640K), 0.0005200 secs] 30196K->15987K(55552K), 0.0005460 secs] [Times: user=0.00 sys=0.00, real=0.00 secs] 
159.555: Total time for which application threads were stopped: 0.0006640 seconds, Stopping threads took: 0.0000590 seconds
159.619: Application time: 0.0642550 seconds
159.619: [GC159.619: [ParNew: 16056K->1069K(16640K), 0.0005160 secs] 30833K->16037K(55552K), 0.0005430 secs] [Times: user=0.00 sys=0.00, real=0.01 secs] 
159.620: Total time for which application threads were stopped: 0.0006680 seconds, Stopping threads took: 0.0000710 seconds
159.686: Application time: 0.0669730 seconds
159.687: [GC159.687: [ParNew: 15917K->349K(16640K), 0.0005520 secs] 30884K->16077K(55552K), 0.0005820 secs] [Times: user=0.00 sys=0.00, real=0.01 secs] 
159.687: Total time for which application threads were stopped: 0.0007090 seconds, Stopping threads took: 0.0000700 seconds
159.755: Application time: 0.0679190 seconds
159.755: [GC159.755: [ParNew: 15197K->246K(16640K), 0.0003450 secs] 30925K->15974K(55552K), 0.0003730 secs] [Times: user=0.00 sys=0.00, real=0.00 secs] 
159.756: Total time for which application threads were stopped: 0.0004890 seconds, Stopping threads took: 0.0000650 seconds
159.824: Application time: 0.0679300 seconds
159.824: [GC159.824: [ParNew: 15091K->206K(16640K), 0.0004020 secs] 30819K->15934K(55552K), 0.0004290 secs] [Times: user=0.01 sys=0.00, real=0.00 secs] 
159.824: Total time for which application threads were stopped: 0.0005430 seconds, Stopping threads took: 0.0000620 seconds
159.891: Application time: 0.0670200 seconds
159.891: [GC159.891: [ParNew: 15053K->197K(16640K), 0.0003740 secs] 30781K->15925K(55552K), 0.0004020 secs] [Times: user=0.00 sys=0.00, real=0.00 secs] 
159.892: Total time for which application threads were stopped: 0.0005310 seconds, Stopping threads took: 0.0000700 seconds
159.959: Application time: 0.0671220 seconds
159.959: [GC159.959: [ParNew: 15044K->203K(16640K), 0.0003280 secs] 30772K->15930K(55552K), 0.0003560 secs] [Times: user=0.00 sys=0.00, real=0.01 secs] 
159.959: Total time for which application threads were stopped: 0.0004650 seconds, Stopping threads took: 0.0000570 seconds
160.027: Application time: 0.0673360 seconds
160.027: [GC160.027: [ParNew: 15050K->0K(16640K), 0.0003880 secs] 30778K->15917K(55552K), 0.0004260 secs] [Times: user=0.00 sys=0.00, real=0.01 secs] 
160.027: Total time for which application threads were stopped: 0.0005280 seconds, Stopping threads took: 0.0000460 seconds
160.095: Application time: 0.0674900 seconds
160.095: [GC160.095: [ParNew: 14847K->0K(16640K), 0.0002710 secs] 30765K->15917K(55552K), 0.0002970 secs] [Times: user=0.00 sys=0.00, real=0.00 secs] 
160.095: Total time for which application threads were stopped: 0.0004380 seconds, Stopping threads took: 0.0000730 seconds
160.163: Application time: 0.0677320 seconds
160.163: [GC160.163: [ParNew: 14847K->0K(16640K), 0.0002840 secs] 30765K->15917K(55552K), 0.0003120 secs] [Times: user=0.01 sys=0.00, real=0.00 secs] 
160.163: Total time for which application threads were stopped: 0.0004330 seconds, Stopping threads took: 0.0000710 seconds
160.231: Application time: 0.0674960 seconds
160.231: [GC160.231: [ParNew: 14847K->0K(16640K), 0.0002990 secs] 30765K->15917K(55552K), 0.0003250 secs] [Times: user=0.00 sys=0.00, real=0.00 secs] 
160.231: Total time for which application threads were stopped: 0.0004330 seconds, Stopping threads took: 0.0000530 seconds
160.295: Application time: 0.0639150 seconds
160.295: [GC160.295: [ParNew: 14847K->192K(16640K), 0.0003930 secs] 30765K->16110K(55552K), 0.0004210 secs] [Times: user=0.00 sys=0.00, real=0.00 secs] 
160.296: Total time for which application threads were stopped: 0.0005480 seconds, Stopping threads took: 0.0000700 seconds
160.341: Application time: 0.0452410 seconds
160.341: [GC160.341: [ParNew: 15038K->384K(16640K), 0.0004020 secs] 30956K->16302K(55552K), 0.0004290 secs] [Times: user=0.00 sys=0.00, real=0.00 secs] 
160.341: Total time for which application threads were stopped: 0.0005460 seconds, Stopping threads took: 0.0000590 seconds
160.391: Application time: 0.0501120 seconds
160.392: [GC160.392: [ParNew: 15228K->394K(16640K), 0.0003570 secs] 31146K->16312K(55552K), 0.0003850 secs] [Times: user=0.01 sys=0.00, real=0.00 secs] 
160.392: Total time for which application threads were stopped: 0.0005100 seconds, Stopping threads took: 0.0000680 seconds
160.456: Application time: 0.0638110 seconds
160.456: [GC160.456: [ParNew: 15241K->402K(16640K), 0.0003600 secs] 31159K->16320K(55552K), 0.0003880 secs] [Times: user=0.01 sys=0.00, real=0.00 secs] 
160.456: Total time for which application threads were stopped: 0.0004810 seconds, Stopping threads took: 0.0000430 seconds
160.523: Application time: 0.0667670 seconds
160.523: [GC160.523: [ParNew: 15249K->420K(16640K), 0.0003980 secs] 31167K->16338K(55552K), 0.0004250 secs] [Times: user=0.00 sys=0.00, real=0.00 secs] 
160.524: Total time for which application threads were stopped: 0.0005420 seconds, Stopping threads took: 0.0000600 seconds
160.590: Application time: 0.0665200 seconds
160.590: [GC160.590: [ParNew: 15267K->414K(16640K), 0.0003920 secs] 31185K->16331K(55552K), 0.0004210 secs] [Times: user=0.00 sys=0.00, real=0.00 secs] 
160.591: Total time for which application threads were stopped: 0.0005330 seconds, Stopping threads took: 0.0000550 seconds
160.657: Application time: 0.0666890 seconds
160.657: [GC160.657: [ParNew: 15261K->421K(16640K), 0.0003290 secs] 31179K->16339K(55552K), 0.0003560 secs] [Times: user=0.00 sys=0.00, real=0.00 secs] 
160.658: Total time for which application threads were stopped: 0.0004870 seconds, Stopping threads took: 0.0000720 seconds
160.712: Application time: 0.0541010 seconds
160.712: [GC160.712: [ParNew: 15268K->599K(16640K), 0.0004420 secs] 31186K->16516K(55552K), 0.0004700 secs] [Times: user=0.00 sys=0.00, real=0.00 secs] 
160.713: Total time for which application threads were stopped: 0.0005780 seconds, Stopping threads took: 0.0000570 seconds
160.769: Application time: 0.0566650 seconds
160.769: [GC160.769: [ParNew: 15446K->669K(16640K), 0.0004040 secs] 31363K->16587K(55552K), 0.0004300 secs] [Times: user=0.01 sys=0.00, real=0.00 secs] 
160.770: Total time for which application threads were stopped: 0.0005540 seconds, Stopping threads took: 0.0000700 seconds
160.831: Application time: 0.0613930 seconds
160.831: [GC160.831: [ParNew: 15514K->954K(16640K), 0.0005130 secs] 31431K->16872K(55552K), 0.0005480 secs] [Times: user=0.00 sys=0.00, real=0.00 secs] 
160.832: Total time for which application threads were stopped: 0.0006600 seconds, Stopping threads took: 0.0000530 seconds
160.866: Application time: 0.0342830 seconds
160.866: [GC160.866: [ParNew: 15802K->1626K(16640K), 0.0005620 secs] 31720K->17544K(55552K), 0.0005850 secs] [Times: user=0.00 sys=0.00, real=0.00 secs] 
160.867: Total time for which application threads were stopped: 0.0006800 seconds, Stopping threads took: 0.0000430 seconds
160.891: Application time: 0.0245320 seconds
160.891: [GC160.891: [ParNew: 16473K->1062K(16640K), 0.0006850 secs] 32391K->17664K(55552K), 0.0007140 secs] [Times: user=0.01 sys=0.00, real=0.00 secs] 
160.892: Total time for which application threads were stopped: 0.0008320 seconds, Stopping threads took: 0.0000580 seconds
160.932: Application time: 0.0401570 seconds
160.932: [GC160.932: [ParNew: 15908K->1261K(16640K), 0.0004940 secs] 32510K->17863K(55552K), 0.0005220 secs] [Times: user=0.00 sys=0.00, real=0.00 secs] 
160.933: Total time for which application threads were stopped: 0.0006490 seconds, Stopping threads took: 0.0000690 seconds
160.992: Application time: 0.0585690 seconds
160.992: [GC160.992: [ParNew: 16105K->1223K(16640K), 0.0005850 secs] 32707K->17912K(55552K), 0.0006120 secs] [Times: user=0.00 sys=0.00, real=0.00 secs] 
160.992: Total time for which application threads were stopped: 0.0007270 seconds, Stopping threads took: 0.0000560 seconds
161.057: Application time: 0.0646580 seconds
161.057: [GC161.057: [ParNew: 16071K->0K(16640K), 0.0005260 secs] 32759K->17667K(55552K), 0.0005520 secs] [Times: user=0.00 sys=0.00, real=0.00 secs] 
161.058: Total time for which application threads were stopped: 0.0006570 seconds, Stopping threads took: 0.0000550 seconds
161.121: Application time: 0.0637090 seconds
161.121: [GC161.121: [ParNew: 14847K->223K(16640K), 0.0003250 secs] 32514K->17890K(55552K), 0.0003520 secs] [Times: user=0.00 sys=0.00, real=0.00 secs] 
161.122: Total time for which application threads were stopped: 0.0004650 seconds, Stopping threads took: 0.0000600 seconds
161.188: Application time: 0.0658050 seconds
161.188: [GC161.188: [ParNew: 15068K->200K(16640K), 0.0003280 secs] 32736K->17867K(55552K), 0.0003550 secs] [Times: user=0.00 sys=0.00, real=0.00 secs] 
161.188: Total time for which application threads were stopped: 0.0004770 seconds, Stopping threads took: 0.0000560 seconds
161.254: Application time: 0.0658730 seconds
161.254: [GC161.254: [ParNew: 15047K->202K(16640K), 0.0004130 secs] 32715K->17870K(55552K), 0.0004410 secs] [Times: user=0.00 sys=0.00, real=0.00 secs] 
161.254: Total time for which application threads were stopped: 0.0005830 seconds, Stopping threads took: 0.0000810 seconds
161.313: Application time: 0.0580800 seconds
161.313: [GC161.313: [ParNew: 15047K->1152K(16640K), 0.0005600 secs] 32715K->18820K(55552K), 0.0005860 secs] [Times: user=0.00 sys=0.00, real=0.00 secs] 
161.313: Total time for which application threads were stopped: 0.0006850 seconds, Stopping threads took: 0.0000470 seconds
161.379: Application time: 0.0659950 seconds
161.379: [GC161.379: [ParNew: 16000K->264K(16640K), 0.0005480 secs] 33667K->18882K(55552K), 0.0005770 secs] [Times: user=0.01 sys=0.00, real=0.00 secs] 
161.380: Total time for which application threads were stopped: 0.0006850 seconds, Stopping threads took: 0.0000530 seconds
161.447: Application time: 0.0675110 seconds
161.448: [GC161.448: [ParNew: 15111K->210K(16640K), 0.0003820 secs] 33729K->18828K(55552K), 0.0004090 secs] [Times: user=0.00 sys=0.00, real=0.00 secs] 
161.448: Total time for which application threads were stopped: 0.0005280 seconds, Stopping threads took: 0.0000620 seconds
161.515: Application time: 0.0671510 seconds
161.515: [GC161.515: [ParNew: 15057K->210K(16640K), 0.0003300 secs] 33675K->18828K(55552K), 0.0003570 secs] [Times: user=0.00 sys=0.00, real=0.00 secs] 
161.516: Total time for which application threads were stopped: 0.0004600 seconds, Stopping threads took: 0.0000530 seconds
161.590: Application time: 0.0739140 seconds
161.590: [GC161.590: [ParNew: 15057K->213K(16640K), 0.0003000 secs] 33675K->18831K(55552K), 0.0003350 secs] [Times: user=0.00 sys=0.00, real=0.00 secs] 
161.590: Total time for which application threads were stopped: 0.0004400 seconds, Stopping threads took: 0.0000500 seconds
161.657: Application time: 0.0671710 seconds
161.657: [GC161.657: [ParNew: 15061K->214K(16640K), 0.0003330 secs] 33678K->18832K(55552K), 0.0003610 secs] [Times: user=0.00 sys=0.00, real=0.00 secs] 
161.658: Total time for which application threads were stopped: 0.0004680 seconds, Stopping threads took: 0.0000560 seconds
161.725: Application time: 0.0670760 seconds
161.725: [GC161.725: [ParNew: 15061K->205K(16640K), 0.0003500 secs] 33679K->18823K(55552K), 0.0003760 secs] [Times: user=0.00 sys=0.00, real=0.00 secs] 
161.725: Total time for which application threads were stopped: 0.0004910 seconds, Stopping threads took: 0.0000510 seconds
161.794: Application time: 0.0685880 seconds
161.794: [GC161.794: [ParNew: 15050K->0K(16640K), 0.0003640 secs] 33668K->18808K(55552K), 0.0003900 secs] [Times: user=0.00 sys=0.00, real=0.00 secs] 
161.794: Total time for which application threads were stopped: 0.0005090 seconds, Stopping threads took: 0.0000630 seconds
161.862: Application time: 0.0676750 seconds
161.862: [GC161.862: [ParNew: 14847K->0K(16640K), 0.0002930 secs] 33655K->18808K(55552K), 0.0003210 secs] [Times: user=0.00 sys=0.00, real=0.00 secs] 
161.862: Total time for which application threads were stopped: 0.0004290 seconds, Stopping threads took: 0.0000570 seconds
161.930: Application time: 0.0676300 seconds
161.930: [GC161.930: [ParNew: 14847K->0K(16640K), 0.0003240 secs] 33655K->18808K(55552K), 0.0003480 secs] [Times: user=0.00 sys=0.00, real=0.00 secs] 
161.930: Total time for which application threads were stopped: 0.0004720 seconds, Stopping threads took: 0.0000710 seconds
161.998: Application time: 0.0674440 seconds
161.998: [GC161.998: [ParNew: 14847K->0K(16640K), 0.0003540 secs] 33655K->18808K(55552K), 0.0003790 secs] [Times: user=0.00 sys=0.00, real=0.00 secs] 
161.998: Total time for which application threads were stopped: 0.0005010 seconds, Stopping threads took: 0.0000670 seconds
162.060: Application time: 0.0616660 seconds
162.060: [GC162.060: [ParNew: 14834K->62K(16640K), 0.0003810 secs] 33642K->18870K(55552K), 0.0004060 secs] [Times: user=0.00 sys=0.00, real=0.00 secs] 
162.061: Total time for which application threads were stopped: 0.0005090 seconds, Stopping threads took: 0.0000530 seconds
162.100: Application time: 0.0393040 seconds
162.100: [GC162.100: [ParNew: 14908K->382K(16640K), 0.0003740 secs] 33716K->19190K(55552K), 0.0003990 secs] [Times: user=0.01 sys=0.00, real=0.00 secs] 
162.100: Total time for which application threads were stopped: 0.0005150 seconds, Stopping threads took: 0.0000590 seconds
162.159: Application time: 0.0585290 seconds
162.159: [GC162.159: [ParNew: 15230K->390K(16640K), 0.0003480 secs] 34038K->19198K(55552K), 0.0003730 secs] [Times: user=0.00 sys=0.00, real=0.00 secs] 
162.159: Total time for which application threads were stopped: 0.0005020 seconds, Stopping threads took: 0.0000800 seconds
162.224: Application time: 0.0641430 seconds
162.227: [GC162.227: [ParNew: 15236K->395K(16640K), 0.0004520 secs] 34044K->19203K(55552K), 0.0004800 secs] [Times: user=0.00 sys=0.00, real=0.00 secs] 
162.228: Total time for which application threads were stopped: 0.0040200 seconds, Stopping threads took: 0.0034720 seconds
162.294: Application time: 0.0668730 seconds
162.295: [GC162.295: [ParNew: 15240K->415K(16640K), 0.0003880 secs] 34048K->19224K(55552K), 0.0004170 secs] [Times: user=0.00 sys=0.00, real=0.00 secs] 
162.295: Total time for which application threads were stopped: 0.0005350 seconds, Stopping threads took: 0.0000550 seconds
162.362: Application time: 0.0671110 seconds
162.362: [GC162.362: [ParNew: 15261K->407K(16640K), 0.0003870 secs] 34069K->19215K(55552K), 0.0004150 secs] [Times: user=0.01 sys=0.00, real=0.00 secs] 
162.363: Total time for which application threads were stopped: 0.0005490 seconds, Stopping threads took: 0.0000750 seconds
162.427: Application time: 0.0638670 seconds
162.427: [GC162.427: [ParNew: 15253K->606K(16640K), 0.0004630 secs] 34061K->19414K(55552K), 0.0004910 secs] [Times: user=0.00 sys=0.00, real=0.01 secs] 
162.427: Total time for which application threads were stopped: 0.0006010 seconds, Stopping threads took: 0.0000560 seconds
162.477: Application time: 0.0498920 seconds
162.477: [GC162.477: [ParNew: 15453K->455K(16640K), 0.0004090 secs] 34261K->19263K(55552K), 0.0004330 secs] [Times: user=0.00 sys=0.00, real=0.00 secs] 
162.478: Total time for which application threads were stopped: 0.0005350 seconds, Stopping threads took: 0.0000480 seconds
162.538: Application time: 0.0603590 seconds
162.538: [GC162.538: [ParNew: 15300K->704K(16640K), 0.0004250 secs] 34108K->19512K(55552K), 0.0004510 secs] [Times: user=0.00 sys=0.00, real=0.00 secs] 
162.539: Total time for which application threads were stopped: 0.0005590 seconds, Stopping threads took: 0.0000510 seconds
162.594: Application time: 0.0558940 seconds
162.595: [GC162.595: [ParNew: 15549K->929K(16640K), 0.0004670 secs] 34357K->19737K(55552K), 0.0004950 secs] [Times: user=0.00 sys=0.00, real=0.00 secs] 
162.595: Total time for which application threads were stopped: 0.0006110 seconds, Stopping threads took: 0.0000550 seconds
162.627: Application time: 0.0316330 seconds
162.627: [GC162.627: [ParNew: 15777K->1587K(16640K), 0.0005960 secs] 34585K->20395K(55552K), 0.0006220 secs] [Times: user=0.00 sys=0.00, real=0.01 secs] 
162.627: Total time for which application threads were stopped: 0.0007390 seconds, Stopping threads took: 0.0000600 seconds
162.657: Application time: 0.0292940 seconds
162.657: [GC162.657: [ParNew: 16433K->1241K(16640K), 0.0007550 secs] 35241K->20705K(55552K), 0.0007820 secs] [Times: user=0.01 sys=0.00, real=0.00 secs] 
162.658: Total time for which application threads were stopped: 0.0008990 seconds, Stopping threads took: 0.0000590 seconds
162.701: Application time: 0.0429840 seconds
162.701: [GC162.701: [ParNew: 16088K->1202K(16640K), 0.0005790 secs] 35552K->20723K(55552K), 0.0006050 secs] [Times: user=0.00 sys=0.00, real=0.00 secs] 
162.701: Total time for which application threads were stopped: 0.0007140 seconds, Stopping threads took: 0.0000500 seconds
162.761: Application time: 0.0597530 seconds
162.761: [GC162.761: [ParNew: 16047K->1168K(16640K), 0.0004930 secs] 35568K->20747K(55552K), 0.0005190 secs] [Times: user=0.00 sys=0.00, real=0.00 secs] 
162.762: Total time for which application threads were stopped: 0.0006330 seconds, Stopping threads took: 0.0000560 seconds
162.826: Application time: 0.0646920 seconds
162.827: [GC162.827: [ParNew: 16016K->914K(16640K), 0.0007040 secs] 35595K->20712K(55552K), 0.0007340 secs] [Times: user=0.01 sys=0.00, real=0.01 secs] 
162.827: Total time for which application threads were stopped: 0.0008690 seconds, Stopping threads took: 0.0000780 seconds
162.890: Application time: 0.0631690 seconds
162.891: [GC162.891: [ParNew: 15759K->1073K(16640K), 0.0004700 secs] 35556K->20871K(55552K), 0.0005000 secs] [Times: user=0.00 sys=0.00, real=0.00 secs] 
162.891: Total time for which application threads were stopped: 0.0006250 seconds, Stopping threads took: 0.0000640 seconds
162.957: Application time: 0.0655850 seconds
162.957: [GC162.957: [ParNew: 15919K->356K(16640K), 0.0004940 secs] 35716K->20914K(55552K), 0.0005230 secs] [Times: user=0.00 sys=0.00, real=0.00 secs] 
162.957: Total time for which application threads were stopped: 0.0006650 seconds, Stopping threads took: 0.0000830 seconds
163.021: Application time: 0.0636770 seconds
163.021: [GC163.021: [ParNew: 15203K->417K(16640K), 0.0003590 secs] 35761K->20975K(55552K), 0.0003860 secs] [Times: user=0.00 sys=0.00, real=0.00 secs] 
163.021: Total time for which application threads were stopped: 0.0004950 seconds, Stopping threads took: 0.0000550 seconds
163.083: Application time: 0.0611250 seconds
163.083: [GC163.083: [ParNew: 15265K->996K(16640K), 0.0004670 secs] 35823K->21554K(55552K), 0.0005060 secs] [Times: user=0.00 sys=0.00, real=0.00 secs] 
163.083: Total time for which application threads were stopped: 0.0006290 seconds, Stopping threads took: 0.0000650 seconds
163.148: Application time: 0.0648150 seconds
163.148: [GC163.148: [ParNew: 15843K->1036K(16640K), 0.0004910 secs] 36400K->21784K(55552K), 0.0005180 secs] [Times: user=0.01 sys=0.00, real=0.00 secs] 
163.149: Total time for which application threads were stopped: 0.0006690 seconds, Stopping threads took: 0.0000910 seconds
163.216: Application time: 0.0668730 seconds
163.216: [GC163.216: [ParNew: 15883K->826K(16640K), 0.0005590 secs] 36631K->21764K(55552K), 0.0005880 secs] [Times: user=0.00 sys=0.00, real=0.00 secs] 
163.216: Total time for which application threads were stopped: 0.0007050 seconds, Stopping threads took: 0.0000650 seconds
163.283: Application time: 0.0668180 seconds
163.287: [GC163.287: [ParNew: 15673K->860K(16640K), 0.0005160 secs] 36611K->21798K(55552K), 0.0005440 secs] [Times: user=0.00 sys=0.00, real=0.00 secs] 
163.288: Total time for which application threads were stopped: 0.0045580 seconds, Stopping threads took: 0.0039420 seconds
163.355: Application time: 0.0670830 seconds
163.355: [GC163.355: [ParNew: 15708K->882K(16640K), 0.0004180 secs] 36646K->21820K(55552K), 0.0004460 secs] [Times: user=0.01 sys=0.00, real=0.00 secs] 
163.355: Total time for which application threads were stopped: 0.0005760 seconds, Stopping threads took: 0.0000720 seconds
163.422: Application time: 0.0665410 seconds
163.422: [GC163.422: [ParNew: 15730K->884K(16640K), 0.0004210 secs] 36668K->21822K(55552K), 0.0004490 secs] [Times: user=0.00 sys=0.00, real=0.00 secs] 
163.422: Total time for which application threads were stopped: 0.0005650 seconds, Stopping threads took: 0.0000630 seconds
163.490: Application time: 0.0671580 seconds
163.490: [GC163.490: [ParNew: 15732K->309K(16640K), 0.0004630 secs] 36670K->21817K(55552K), 0.0004900 secs] [Times: user=0.00 sys=0.00, real=0.00 secs] 
163.490: Total time for which application threads were stopped: 0.0006030 seconds, Stopping threads took: 0.0000560 seconds
163.558: Application time: 0.0673550 seconds
163.558: [GC163.558: [ParNew: 15156K->0K(16640K), 0.0004000 secs] 36664K->21698K(55552K), 0.0004280 secs] [Times: user=0.00 sys=0.00, real=0.00 secs] 
163.558: Total time for which application threads were stopped: 0.0005410 seconds, Stopping threads took: 0.0000540 seconds
163.626: Application time: 0.0677740 seconds
163.626: [GC163.626: [ParNew: 14845K->0K(16640K), 0.0003190 secs] 36543K->21698K(55552K), 0.0003460 secs] [Times: user=0.00 sys=0.00, real=0.00 secs] 
163.626: Total time for which application threads were stopped: 0.0004550 seconds, Stopping threads took: 0.0000540 seconds
163.694: Application time: 0.0676050 seconds
163.694: [GC163.694: [ParNew: 14847K->0K(16640K), 0.0002870 secs] 36545K->21698K(55552K), 0.0003160 secs] [Times: user=0.00 sys=0.00, real=0.00 secs] 
163.694: Total time for which application threads were stopped: 0.0004750 seconds, Stopping threads took: 0.0001000 seconds
163.762: Application time: 0.0670890 seconds
163.762: [GC163.762: [ParNew: 14847K->0K(16640K), 0.0003070 secs] 36545K->21698K(55552K), 0.0003340 secs] [Times: user=0.00 sys=0.00, real=0.00 secs] 
163.762: Total time for which application threads were stopped: 0.0004410 seconds, Stopping threads took: 0.0000550 seconds
163.818: Application time: 0.0565030 seconds
163.819: [GC163.819: [ParNew: 14843K->382K(16640K), 0.0003570 secs] 36541K->22081K(55552K), 0.0003840 secs] [Times: user=0.00 sys=0.00, real=0.00 secs] 
163.819: Total time for which application threads were stopped: 0.0004930 seconds, Stopping threads took: 0.0000430 seconds
163.857: Application time: 0.0381470 seconds
163.857: [GC163.857: [ParNew: 15229K->386K(16640K), 0.0003880 secs] 36927K->22084K(55552K), 0.0004150 secs] [Times: user=0.00 sys=0.00, real=0.00 secs] 
163.858: Total time for which application threads were stopped: 0.0005320 seconds, Stopping threads took: 0.0000590 seconds
163.922: Application time: 0.0643790 seconds
163.922: [GC163.922: [ParNew: 15230K->394K(16640K), 0.0003930 secs] 36928K->22092K(55552K), 0.0004270 secs] [Times: user=0.00 sys=0.00, real=0.00 secs] 
163.923: Total time for which application threads were stopped: 0.0005390 seconds, Stopping threads took: 0.0000600 seconds
163.988: Application time: 0.0652320 seconds
163.988: [GC163.988: [ParNew: 15240K->406K(16640K), 0.0003540 secs] 36938K->22105K(55552K), 0.0003810 secs] [Times: user=0.00 sys=0.00, real=0.00 secs] 
163.988: Total time for which application threads were stopped: 0.0004930 seconds, Stopping threads took: 0.0000550 seconds
164.056: Application time: 0.0673860 seconds
164.056: [GC164.056: [ParNew: 15252K->419K(16640K), 0.0003890 secs] 36950K->22117K(55552K), 0.0004170 secs] [Times: user=0.00 sys=0.00, real=0.00 secs] 
164.056: Total time for which application threads were stopped: 0.0005320 seconds, Stopping threads took: 0.0000570 seconds
164.123: Application time: 0.0669220 seconds
164.123: [GC164.123: [ParNew: 15265K->421K(16640K), 0.0004160 secs] 36963K->22119K(55552K), 0.0004430 secs] [Times: user=0.00 sys=0.00, real=0.00 secs] 
164.124: Total time for which application threads were stopped: 0.0005630 seconds, Stopping threads took: 0.0000650 seconds
164.178: Application time: 0.0544960 seconds
164.178: [GC164.178: [ParNew: 15269K->619K(16640K), 0.0003830 secs] 36967K->22317K(55552K), 0.0004100 secs] [Times: user=0.00 sys=0.00, real=0.00 secs] 
164.179: Total time for which application threads were stopped: 0.0005200 seconds, Stopping threads took: 0.0000540 seconds
164.236: Application time: 0.0572620 seconds
164.236: [GC164.236: [ParNew: 15464K->603K(16640K), 0.0004140 secs] 37162K->22301K(55552K), 0.0004410 secs] [Times: user=0.01 sys=0.00, real=0.00 secs] 
164.237: Total time for which application threads were stopped: 0.0005630 seconds, Stopping threads took: 0.0000660 seconds
164.298: Application time: 0.0610540 seconds
164.298: [GC164.298: [ParNew: 15450K->717K(16640K), 0.0004110 secs] 37148K->22415K(55552K), 0.0004370 secs] [Times: user=0.01 sys=0.00, real=0.00 secs] 
164.298: Total time for which application threads were stopped: 0.0005540 seconds, Stopping threads took: 0.0000590 seconds
164.346: Application time: 0.0478120 seconds
164.346: [GC164.346: [ParNew: 15561K->1354K(16640K), 0.0005340 secs] 37259K->23052K(55552K), 0.0005610 secs] [Times: user=0.00 sys=0.00, real=0.00 secs] 
164.347: Total time for which application threads were stopped: 0.0006730 seconds, Stopping threads took: 0.0000440 seconds
164.373: Application time: 0.0266950 seconds
164.373: [GC164.373: [ParNew: 16198K->959K(16640K), 0.0006350 secs] 37896K->23313K(55552K), 0.0006620 secs] [Times: user=0.01 sys=0.00, real=0.00 secs] 
164.374: Total time for which application threads were stopped: 0.0007700 seconds, Stopping threads took: 0.0000500 seconds
164.415: Application time: 0.0406810 seconds
164.415: [GC164.415: [ParNew: 15803K->1234K(16640K), 0.0005150 secs] 38157K->23588K(55552K), 0.0005420 secs] [Times: user=0.01 sys=0.00, real=0.00 secs] 
164.415: Total time for which application threads were stopped: 0.0006430 seconds, Stopping threads took: 0.0000500 seconds
164.460: Application time: 0.0441630 seconds
164.463: [GC164.463: [ParNew: 16082K->927K(16640K), 0.0005220 secs] 38436K->23368K(55552K), 0.0005500 secs] [Times: user=0.00 sys=0.00, real=0.00 secs] 
164.464: Total time for which application threads were stopped: 0.0041300 seconds, Stopping threads took: 0.0035110 seconds
164.526: Application time: 0.0618350 seconds
164.526: [GC164.526: [ParNew: 15775K->1183K(16640K), 0.0005050 secs] 38215K->23623K(55552K), 0.0005310 secs] [Times: user=0.00 sys=0.00, real=0.00 secs] 
164.526: Total time for which application threads were stopped: 0.0006360 seconds, Stopping threads took: 0.0000530 seconds
164.589: Application time: 0.0627610 seconds
164.589: [GC164.589: [ParNew: 16030K->730K(16640K), 0.0005720 secs] 38470K->23768K(55552K), 0.0005990 secs] [Times: user=0.00 sys=0.00, real=0.00 secs] 
164.590: Total time for which application threads were stopped: 0.0007380 seconds, Stopping threads took: 0.0000720 seconds
164.654: Application time: 0.0644960 seconds
164.654: [GC164.654: [ParNew: 15574K->750K(16640K), 0.0003780 secs] 38613K->23789K(55552K), 0.0004040 secs] [Times: user=0.00 sys=0.00, real=0.00 secs] 
164.655: Total time for which application threads were stopped: 0.0005120 seconds, Stopping threads took: 0.0000530 seconds
164.720: Application time: 0.0655460 seconds
164.720: [GC164.720: [ParNew: 15598K->662K(16640K), 0.0004360 secs] 38637K->23701K(55552K), 0.0004640 secs] [Times: user=0.00 sys=0.00, real=0.00 secs] 
164.721: Total time for which application threads were stopped: 0.0005730 seconds, Stopping threads took: 0.0000570 seconds
164.782: Application time: 0.0610670 seconds
164.782: [GC164.782: [ParNew: 15506K->1274K(16640K), 0.0004940 secs] 38544K->24312K(55552K), 0.0005220 secs] [Times: user=0.01 sys=0.00, real=0.00 secs] 
164.783: Total time for which application threads were stopped: 0.0006400 seconds, Stopping threads took: 0.0000600 seconds
164.845: Application time: 0.0620910 seconds
164.845: [GC164.845: [ParNew: 16118K->1288K(16640K), 0.0005380 secs] 39157K->24356K(55552K), 0.0005660 secs] [Times: user=0.01 sys=0.00, real=0.00 secs] 
164.845: Total time for which application threads were stopped: 0.0006840 seconds, Stopping threads took: 0.0000590 seconds
164.911: Application time: 0.0654280 seconds
164.911: [GC164.911: [ParNew: 16132K->760K(16640K), 0.0005560 secs] 39200K->24398K(55552K), 0.0005840 secs] [Times: user=0.00 sys=0.00, real=0.00 secs] 
164.911: Total time for which application threads were stopped: 0.0007070 seconds, Stopping threads took: 0.0000600 seconds
164.978: Application time: 0.0668570 seconds
164.978: [GC164.978: [ParNew: 15607K->639K(16640K), 0.0004090 secs] 39245K->24278K(55552K), 0.0004370 secs] [Times: user=0.00 sys=0.00, real=0.00 secs] 
164.979: Total time for which application threads were stopped: 0.0005520 seconds, Stopping threads took: 0.0000600 seconds
165.046: Application time: 0.0666880 seconds
165.046: [GC165.046: [ParNew: 15487K->622K(16640K), 0.0003920 secs] 39125K->24260K(55552K), 0.0004190 secs] [Times: user=0.00 sys=0.00, real=0.00 secs] 
165.046: Total time for which application threads were stopped: 0.0005300 seconds, Stopping threads took: 0.0000530 seconds
165.113: Application time: 0.0668380 seconds
165.113: [GC165.113: [ParNew: 15470K->662K(16640K), 0.0003940 secs] 39108K->24300K(55552K), 0.0004210 secs] [Times: user=0.00 sys=0.00, real=0.00 secs] 
165.114: Total time for which application threads were stopped: 0.0005410 seconds, Stopping threads took: 0.0000700 seconds
165.181: Application time: 0.0671240 seconds
165.181: [GC165.181: [ParNew: 15509K->619K(16640K), 0.0004040 secs] 39147K->24258K(55552K), 0.0004290 secs] [Times: user=0.00 sys=0.00, real=0.00 secs] 
165.181: Total time for which application threads were stopped: 0.0005380 seconds, Stopping threads took: 0.0000580 seconds
165.248: Application time: 0.0670050 seconds
165.248: [GC165.248: [ParNew: 15467K->261K(16640K), 0.0004510 secs] 39105K->24280K(55552K), 0.0004780 secs] [Times: user=0.00 sys=0.00, real=0.00 secs] 
165.249: Total time for which application threads were stopped: 0.0006040 seconds, Stopping threads took: 0.0000690 seconds
165.316: Application time: 0.0674780 seconds
165.316: [GC165.316: [ParNew: 15109K->0K(16640K), 0.0003790 secs] 39127K->24208K(55552K), 0.0004060 secs] [Times: user=0.00 sys=0.00, real=0.00 secs] 
165.317: Total time for which application threads were stopped: 0.0005150 seconds, Stopping threads took: 0.0000570 seconds
165.385: Application time: 0.0678930 seconds
165.385: [GC165.385: [ParNew: 14847K->0K(16640K), 0.0003620 secs] 39055K->24208K(55552K), 0.0003900 secs] [Times: user=0.00 sys=0.00, real=0.00 secs] 
165.385: Total time for which application threads were stopped: 0.0005090 seconds, Stopping threads took: 0.0000640 seconds
165.454: Application time: 0.0686830 seconds
165.454: [GC165.454: [ParNew: 14845K->0K(16640K), 0.0002960 secs] 39053K->24208K(55552K), 0.0003320 secs] [Times: user=0.00 sys=0.00, real=0.00 secs] 
165.454: Total time for which application threads were stopped: 0.0004750 seconds, Stopping threads took: 0.0000760 seconds
165.521: Application time: 0.0669890 seconds
165.521: [GC165.521: [ParNew: 14847K->0K(16640K), 0.0003660 secs] 39055K->24208K(55552K), 0.0003920 secs] [Times: user=0.00 sys=0.00, real=0.00 secs] 
165.522: Total time for which application threads were stopped: 0.0005060 seconds, Stopping threads took: 0.0000640 seconds
165.575: Application time: 0.0529900 seconds
165.575: [GC165.575: [ParNew: 14846K->379K(16640K), 0.0004060 secs] 39054K->24587K(55552K), 0.0004330 secs] [Times: user=0.00 sys=0.00, real=0.00 secs] 
165.575: Total time for which application threads were stopped: 0.0005430 seconds, Stopping threads took: 0.0000520 seconds
165.617: Application time: 0.0416350 seconds
165.617: [GC165.617: [ParNew: 15223K->394K(16640K), 0.0003630 secs] 39431K->24603K(55552K), 0.0003890 secs] [Times: user=0.00 sys=0.00, real=0.00 secs] 
165.618: Total time for which application threads were stopped: 0.0005020 seconds, Stopping threads took: 0.0000610 seconds
165.681: Application time: 0.0637170 seconds
165.681: [GC165.681: [ParNew: 15241K->401K(16640K), 0.0003400 secs] 39449K->24609K(55552K), 0.0003680 secs] [Times: user=0.00 sys=0.00, real=0.00 secs] 
165.682: Total time for which application threads were stopped: 0.0004800 seconds, Stopping threads took: 0.0000550 seconds
165.749: Application time: 0.0668300 seconds
165.749: [GC165.749: [ParNew: 15248K->408K(16640K), 0.0003690 secs] 39457K->24616K(55552K), 0.0003970 secs] [Times: user=0.00 sys=0.00, real=0.00 secs] 
165.749: Total time for which application threads were stopped: 0.0005300 seconds, Stopping threads took: 0.0000740 seconds
165.816: Application time: 0.0667950 seconds
165.816: [GC165.816: [ParNew: 15255K->426K(16640K), 0.0003820 secs] 39464K->24634K(55552K), 0.0004100 secs] [Times: user=0.01 sys=0.00, real=0.00 secs] 
165.816: Total time for which application threads were stopped: 0.0005260 seconds, Stopping threads took: 0.0000640 seconds
165.883: Application time: 0.0669530 seconds
165.883: [GC165.884: [ParNew: 15271K->432K(16640K), 0.0003450 secs] 39479K->24640K(55552K), 0.0003740 secs] [Times: user=0.00 sys=0.00, real=0.00 secs] 
165.884: Total time for which application threads were stopped: 0.0005190 seconds, Stopping threads took: 0.0000900 seconds
165.935: Application time: 0.0506490 seconds
165.939: [GC165.939: [ParNew: 15278K->587K(16640K), 0.0004740 secs] 39486K->24795K(55552K), 0.0004970 secs] [Times: user=0.00 sys=0.00, real=0.00 secs] 
165.940: Total time for which application threads were stopped: 0.0051030 seconds, Stopping threads took: 0.0045480 seconds
165.998: Application time: 0.0584010 seconds
165.998: [GC165.998: [ParNew: 15433K->630K(16640K), 0.0004030 secs] 39641K->24838K(55552K), 0.0004300 secs] [Times: user=0.00 sys=0.00, real=0.00 secs] 
165.999: Total time for which application threads were stopped: 0.0005580 seconds, Stopping threads took: 0.0000600 seconds
166.062: Application time: 0.0630950 seconds
166.062: [GC166.062: [ParNew: 15478K->696K(16640K), 0.0004100 secs] 39686K->24904K(55552K), 0.0004370 secs] [Times: user=0.00 sys=0.00, real=0.00 secs] 
166.062: Total time for which application threads were stopped: 0.0005660 seconds, Stopping threads took: 0.0000690 seconds
166.098: Application time: 0.0354490 seconds
166.098: [GC166.098: [ParNew: 15540K->1451K(16640K), 0.0006160 secs] 39748K->25659K(55552K), 0.0006440 secs] [Times: user=0.01 sys=0.00, real=0.00 secs] 
166.098: Total time for which application threads were stopped: 0.0007520 seconds, Stopping threads took: 0.0000480 seconds
166.127: Application time: 0.0286910 seconds
166.127: [GC166.127: [ParNew: 16296K->1171K(16640K), 0.0006550 secs] 40504K->26036K(55552K), 0.0006840 secs] [Times: user=0.01 sys=0.00, real=0.00 secs] 
166.128: Total time for which application threads were stopped: 0.0007900 seconds, Stopping threads took: 0.0000470 seconds
166.128: Application time: 0.0000240 seconds
166.128: [GC [1 CMS-initial-mark: 24864K(38912K)] 26040K(55552K), 0.0001180 secs] [Times: user=0.00 sys=0.00, real=0.00 secs] 
166.128: Total time for which application threads were stopped: 0.0001730 seconds, Stopping threads took: 0.0000390 seconds
166.128: [CMS-concurrent-mark-start]
166.131: [CMS-concurrent-mark: 0.002/0.002 secs] [Times: user=0.00 sys=0.00, real=0.00 secs] 
166.131: [CMS-concurrent-preclean-start]
166.131: [CMS-concurrent-preclean: 0.000/0.000 secs] [Times: user=0.00 sys=0.00, real=0.00 secs] 
166.131: Application time: 0.0029210 seconds
166.135: [GC[YG occupancy: 1881 K (16640 K)]166.135: [Rescan (parallel) , 0.0001300 secs]166.135: [weak refs processing, 0.0000500 secs]166.135: [scrub string table, 0.0000960 secs] [1 CMS-remark: 24864K(38912K)] 26745K(55552K), 0.0003050 secs] [Times: user=0.00 sys=0.00, real=0.00 secs] 
166.135: Total time for which application threads were stopped: 0.0043810 seconds, Stopping threads took: 0.0040520 seconds
166.135: [CMS-concurrent-sweep-start]
166.137: [CMS-concurrent-sweep: 0.002/0.002 secs] [Times: user=0.01 sys=0.00, real=0.00 secs] 
166.137: [CMS-concurrent-reset-start]
166.137: [CMS-concurrent-reset: 0.000/0.000 secs] [Times: user=0.00 sys=0.00, real=0.00 secs] 
166.180: Application time: 0.0446420 seconds
166.180: [GC166.180: [ParNew: 16019K->1188K(16640K), 0.0005100 secs] 18334K->3503K(55552K), 0.0005370 secs] [Times: user=0.00 sys=0.00, real=0.00 secs] 
166.181: Total time for which application threads were stopped: 0.0006690 seconds, Stopping threads took: 0.0000770 seconds
166.226: Application time: 0.0456200 seconds
166.227: [GC166.227: [ParNew: 16032K->1150K(16640K), 0.0005020 secs] 18348K->3552K(55552K), 0.0005300 secs] [Times: user=0.01 sys=0.00, real=0.00 secs] 
166.228: Total time for which application threads were stopped: 0.0012720 seconds, Stopping threads took: 0.0006850 seconds
166.291: Application time: 0.0633460 seconds
166.291: [GC166.291: [ParNew: 15995K->985K(16640K), 0.0004880 secs] 18396K->3605K(55552K), 0.0005160 secs] [Times: user=0.00 sys=0.00, real=0.00 secs] 
166.292: Total time for which application threads were stopped: 0.0006580 seconds, Stopping threads took: 0.0000850 seconds
166.355: Application time: 0.0629550 seconds
166.355: [GC166.355: [ParNew: 15830K->1069K(16640K), 0.0005010 secs] 18450K->3689K(55552K), 0.0005280 secs] [Times: user=0.00 sys=0.00, real=0.00 secs] 
166.355: Total time for which application threads were stopped: 0.0006340 seconds, Stopping threads took: 0.0000470 seconds
166.420: Application time: 0.0651130 seconds
166.420: [GC166.420: [ParNew: 15914K->499K(16640K), 0.0005140 secs] 18534K->3717K(55552K), 0.0005410 secs] [Times: user=0.00 sys=0.00, real=0.00 secs] 
166.421: Total time for which application threads were stopped: 0.0006560 seconds, Stopping threads took: 0.0000650 seconds
166.486: Application time: 0.0653210 seconds
166.486: [GC166.486: [ParNew: 15346K->426K(16640K), 0.0003460 secs] 18565K->3645K(55552K), 0.0003740 secs] [Times: user=0.00 sys=0.00, real=0.00 secs] 
166.487: Total time for which application threads were stopped: 0.0004920 seconds, Stopping threads took: 0.0000620 seconds
166.546: Application time: 0.0596480 seconds
166.547: [GC166.547: [ParNew: 15272K->1201K(16640K), 0.0005570 secs] 18490K->4419K(55552K), 0.0016500 secs] [Times: user=0.00 sys=0.00, real=0.00 secs] 
166.549: Total time for which application threads were stopped: 0.0022910 seconds, Stopping threads took: 0.0005670 seconds
166.613: Application time: 0.0639700 seconds
166.613: [GC166.613: [ParNew: 16046K->1043K(16640K), 0.0005920 secs] 19264K->4452K(55552K), 0.0006190 secs] [Times: user=0.00 sys=0.00, real=0.00 secs] 
166.613: Total time for which application threads were stopped: 0.0007340 seconds, Stopping threads took: 0.0000540 seconds
166.680: Application time: 0.0669800 seconds
166.681: [GC166.681: [ParNew: 15890K->472K(16640K), 0.0005050 secs] 19299K->4451K(55552K), 0.0005310 secs] [Times: user=0.00 sys=0.00, real=0.00 secs] 
166.681: Total time for which application threads were stopped: 0.0006490 seconds, Stopping threads took: 0.0000650 seconds
166.748: Application time: 0.0670380 seconds
166.748: [GC166.748: [ParNew: 15319K->423K(16640K), 0.0003640 secs] 19298K->4402K(55552K), 0.0004020 secs] [Times: user=0.00 sys=0.00, real=0.00 secs] 
166.749: Total time for which application threads were stopped: 0.0005330 seconds, Stopping threads took: 0.0000730 seconds
166.816: Application time: 0.0668590 seconds
166.816: [GC166.816: [ParNew: 15270K->428K(16640K), 0.0004280 secs] 19249K->4407K(55552K), 0.0004550 secs] [Times: user=0.01 sys=0.00, real=0.00 secs] 
166.816: Total time for which application threads were stopped: 0.0005650 seconds, Stopping threads took: 0.0000570 seconds
166.884: Application time: 0.0677670 seconds
166.884: [GC166.884: [ParNew: 15276K->428K(16640K), 0.0003720 secs] 19255K->4407K(55552K), 0.0004000 secs] [Times: user=0.00 sys=0.00, real=0.00 secs] 
166.884: Total time for which application threads were stopped: 0.0005310 seconds, Stopping threads took: 0.0000750 seconds
166.953: Application time: 0.0682370 seconds
166.953: [GC166.953: [ParNew: 15273K->427K(16640K), 0.0003720 secs] 19252K->4406K(55552K), 0.0003990 secs] [Times: user=0.01 sys=0.00, real=0.00 secs] 
166.953: Total time for which application threads were stopped: 0.0005090 seconds, Stopping threads took: 0.0000530 seconds
167.020: Application time: 0.0671100 seconds
167.020: [GC167.020: [ParNew: 15274K->0K(16640K), 0.0004510 secs] 19253K->4359K(55552K), 0.0004790 secs] [Times: user=0.01 sys=0.00, real=0.00 secs] 
167.021: Total time for which application threads were stopped: 0.0006030 seconds, Stopping threads took: 0.0000730 seconds
167.090: Application time: 0.0687810 seconds
167.090: [GC167.090: [ParNew: 14845K->0K(16640K), 0.0002890 secs] 19204K->4359K(55552K), 0.0003170 secs] [Times: user=0.01 sys=0.00, real=0.00 secs] 
167.090: Total time for which application threads were stopped: 0.0004420 seconds, Stopping threads took: 0.0000630 seconds
167.158: Application time: 0.0677680 seconds
167.158: [GC167.158: [ParNew: 14847K->0K(16640K), 0.0003880 secs] 19206K->4359K(55552K), 0.0004160 secs] [Times: user=0.00 sys=0.00, real=0.00 secs] 
167.158: Total time for which application threads were stopped: 0.0005430 seconds, Stopping threads took: 0.0000690 seconds
167.226: Application time: 0.0673150 seconds
167.226: [GC167.226: [ParNew: 14847K->0K(16640K), 0.0003490 secs] 19206K->4359K(55552K), 0.0003770 secs] [Times: user=0.01 sys=0.00, real=0.00 secs] 
167.226: Total time for which application threads were stopped: 0.0004920 seconds, Stopping threads took: 0.0000620 seconds
167.293: Application time: 0.0669600 seconds
167.293: [GC167.293: [ParNew: 14847K->0K(16640K), 0.0003040 secs] 19206K->4359K(55552K), 0.0003320 secs] [Times: user=0.00 sys=0.00, real=0.00 secs] 
167.294: Total time for which application threads were stopped: 0.0004430 seconds, Stopping threads took: 0.0000560 seconds
167.339: Application time: 0.0452960 seconds
167.339: [GC167.339: [ParNew: 14844K->379K(16640K), 0.0003950 secs] 19203K->4738K(55552K), 0.0004220 secs] [Times: user=0.00 sys=0.00, real=0.00 secs] 
167.339: Total time for which application threads were stopped: 0.0005410 seconds, Stopping threads took: 0.0000590 seconds
167.387: Application time: 0.0475600 seconds
167.387: [GC167.387: [ParNew: 15226K->394K(16640K), 0.0003630 secs] 19585K->4753K(55552K), 0.0003900 secs] [Times: user=0.01 sys=0.00, real=0.00 secs] 
167.388: Total time for which application threads were stopped: 0.0005210 seconds, Stopping threads took: 0.0000760 seconds
167.451: Application time: 0.0634270 seconds
167.451: [GC167.451: [ParNew: 15238K->401K(16640K), 0.0003550 secs] 19597K->4760K(55552K), 0.0003810 secs] [Times: user=0.00 sys=0.00, real=0.00 secs] 
167.452: Total time for which application threads were stopped: 0.0005100 seconds, Stopping threads took: 0.0000720 seconds
167.518: Application time: 0.0665320 seconds
167.518: [GC167.518: [ParNew: 15248K->408K(16640K), 0.0003820 secs] 19607K->4767K(55552K), 0.0004090 secs] [Times: user=0.01 sys=0.00, real=0.00 secs] 
167.519: Total time for which application threads were stopped: 0.0005430 seconds, Stopping threads took: 0.0000720 seconds
167.585: Application time: 0.0664850 seconds
167.585: [GC167.585: [ParNew: 15255K->424K(16640K), 0.0004020 secs] 19614K->4783K(55552K), 0.0004310 secs] [Times: user=0.00 sys=0.00, real=0.00 secs] 
167.586: Total time for which application threads were stopped: 0.0005560 seconds, Stopping threads took: 0.0000690 seconds
167.652: Application time: 0.0667060 seconds
167.652: [GC167.652: [ParNew: 15269K->422K(16640K), 0.0003280 secs] 19628K->4781K(55552K), 0.0003540 secs] [Times: user=0.00 sys=0.00, real=0.00 secs] 
167.653: Total time for which application threads were stopped: 0.0004760 seconds, Stopping threads took: 0.0000570 seconds
167.703: Application time: 0.0501850 seconds
167.703: [GC167.703: [ParNew: 15269K->605K(16640K), 0.0004050 secs] 19628K->4964K(55552K), 0.0004330 secs] [Times: user=0.00 sys=0.00, real=0.00 secs] 
167.704: Total time for which application threads were stopped: 0.0005510 seconds, Stopping threads took: 0.0000590 seconds
167.762: Application time: 0.0585700 seconds
167.762: [GC167.762: [ParNew: 15453K->458K(16640K), 0.0004390 secs] 19812K->4817K(55552K), 0.0004660 secs] [Times: user=0.00 sys=0.00, real=0.00 secs] 
167.763: Total time for which application threads were stopped: 0.0005760 seconds, Stopping threads took: 0.0000510 seconds
167.817: Application time: 0.0545890 seconds
167.817: [GC167.817: [ParNew: 15304K->1104K(16640K), 0.0005700 secs] 19663K->5463K(55552K), 0.0005940 secs] [Times: user=0.00 sys=0.00, real=0.00 secs] 
167.818: Total time for which application threads were stopped: 0.0006930 seconds, Stopping threads took: 0.0000500 seconds
167.850: Application time: 0.0321400 seconds
167.850: [GC167.850: [ParNew: 15951K->1203K(16640K), 0.0005720 secs] 20310K->5780K(55552K), 0.0006000 secs] [Times: user=0.01 sys=0.00, real=0.00 secs] 
167.851: Total time for which application threads were stopped: 0.0007110 seconds, Stopping threads took: 0.0000520 seconds
167.885: Application time: 0.0338280 seconds
167.885: [GC167.885: [ParNew: 16048K->973K(16640K), 0.0005890 secs] 20625K->6017K(55552K), 0.0006160 secs] [Times: user=0.00 sys=0.00, real=0.00 secs] 
167.885: Total time for which application threads were stopped: 0.0007390 seconds, Stopping threads took: 0.0000670 seconds
167.928: Application time: 0.0430280 seconds
167.931: [GC167.931: [ParNew: 15819K->1194K(16640K), 0.0004880 secs] 20862K->6237K(55552K), 0.0005150 secs] [Times: user=0.00 sys=0.00, real=0.00 secs] 
167.932: Total time for which application threads were stopped: 0.0031690 seconds, Stopping threads took: 0.0026000 seconds
167.985: Application time: 0.0537560 seconds
167.985: [GC167.985: [ParNew: 16040K->1138K(16640K), 0.0005120 secs] 21084K->6267K(55552K), 0.0005380 secs] [Times: user=0.01 sys=0.00, real=0.00 secs] 
167.986: Total time for which application threads were stopped: 0.0006450 seconds, Stopping threads took: 0.0000510 seconds
168.049: Application time: 0.0631840 seconds
168.049: [GC168.049: [ParNew: 15982K->762K(16640K), 0.0005270 secs] 21112K->6271K(55552K), 0.0005540 secs] [Times: user=0.00 sys=0.00, real=0.00 secs] 
168.050: Total time for which application threads were stopped: 0.0006650 seconds, Stopping threads took: 0.0000520 seconds
168.113: Application time: 0.0631260 seconds
168.113: [GC168.113: [ParNew: 15609K->841K(16640K), 0.0004280 secs] 21118K->6351K(55552K), 0.0004550 secs] [Times: user=0.00 sys=0.00, real=0.00 secs] 
168.114: Total time for which application threads were stopped: 0.0005590 seconds, Stopping threads took: 0.0000470 seconds
168.179: Application time: 0.0649530 seconds
168.179: [GC168.179: [ParNew: 15688K->925K(16640K), 0.0004370 secs] 21198K->6435K(55552K), 0.0004650 secs] [Times: user=0.00 sys=0.00, real=0.01 secs] 
168.179: Total time for which application threads were stopped: 0.0005870 seconds, Stopping threads took: 0.0000600 seconds
168.243: Application time: 0.0634920 seconds
168.243: [GC168.243: [ParNew: 15771K->1331K(16640K), 0.0004970 secs] 21281K->6840K(55552K), 0.0005330 secs] [Times: user=0.00 sys=0.00, real=0.00 secs] 
168.243: Total time for which application threads were stopped: 0.0006490 seconds, Stopping threads took: 0.0000590 seconds
168.303: Application time: 0.0602360 seconds
168.304: [GC168.304: [ParNew: 16176K->1288K(16640K), 0.0004990 secs] 21685K->6827K(55552K), 0.0005270 secs] [Times: user=0.01 sys=0.00, real=0.00 secs] 
168.304: Total time for which application threads were stopped: 0.0006270 seconds, Stopping threads took: 0.0000400 seconds
168.369: Application time: 0.0644130 seconds
168.369: [GC168.369: [ParNew: 16132K->1099K(16640K), 0.0005640 secs] 21671K->6828K(55552K), 0.0005940 secs] [Times: user=0.01 sys=0.00, real=0.00 secs] 
168.369: Total time for which application threads were stopped: 0.0007200 seconds, Stopping threads took: 0.0000740 seconds
168.437: Application time: 0.0676250 seconds
168.437: [GC168.437: [ParNew: 15944K->288K(16640K), 0.0004840 secs] 21674K->6777K(55552K), 0.0005110 secs] [Times: user=0.00 sys=0.00, real=0.00 secs] 
168.438: Total time for which application threads were stopped: 0.0006170 seconds, Stopping threads took: 0.0000550 seconds
168.504: Application time: 0.0669200 seconds
168.505: [GC168.505: [ParNew: 15136K->226K(16640K), 0.0003750 secs] 21625K->6715K(55552K), 0.0004000 secs] [Times: user=0.01 sys=0.00, real=0.00 secs] 
168.505: Total time for which application threads were stopped: 0.0005120 seconds, Stopping threads took: 0.0000560 seconds
168.573: Application time: 0.0677900 seconds
168.573: [GC168.573: [ParNew: 15071K->202K(16640K), 0.0003720 secs] 21560K->6691K(55552K), 0.0003970 secs] [Times: user=0.00 sys=0.00, real=0.00 secs] 
168.573: Total time for which application threads were stopped: 0.0005110 seconds, Stopping threads took: 0.0000650 seconds
168.640: Application time: 0.0671340 seconds
168.643: [GC168.643: [ParNew: 15049K->202K(16640K), 0.0003100 secs] 21538K->6691K(55552K), 0.0003380 secs] [Times: user=0.00 sys=0.00, real=0.00 secs] 
168.643: Total time for which application threads were stopped: 0.0031050 seconds, Stopping threads took: 0.0027080 seconds
168.710: Application time: 0.0669710 seconds
168.711: [GC168.711: [ParNew: 15049K->203K(16640K), 0.0003270 secs] 21539K->6692K(55552K), 0.0003550 secs] [Times: user=0.00 sys=0.00, real=0.00 secs] 
168.711: Total time for which application threads were stopped: 0.0005000 seconds, Stopping threads took: 0.0000780 seconds
168.778: Application time: 0.0672290 seconds
168.778: [GC168.778: [ParNew: 15050K->0K(16640K), 0.0003700 secs] 21539K->6679K(55552K), 0.0003950 secs] [Times: user=0.00 sys=0.00, real=0.00 secs] 
168.779: Total time for which application threads were stopped: 0.0005110 seconds, Stopping threads took: 0.0000640 seconds
168.846: Application time: 0.0673020 seconds
168.846: [GC168.846: [ParNew: 14847K->0K(16640K), 0.0002870 secs] 21526K->6679K(55552K), 0.0003160 secs] [Times: user=0.00 sys=0.00, real=0.00 secs] 
168.846: Total time for which application threads were stopped: 0.0004410 seconds, Stopping threads took: 0.0000680 seconds
168.914: Application time: 0.0671750 seconds
168.914: [GC168.914: [ParNew: 14847K->0K(16640K), 0.0003040 secs] 21526K->6679K(55552K), 0.0003310 secs] [Times: user=0.00 sys=0.00, real=0.00 secs] 
168.914: Total time for which application threads were stopped: 0.0004700 seconds, Stopping threads took: 0.0000830 seconds
168.981: Application time: 0.0670990 seconds
168.981: [GC168.981: [ParNew: 14845K->0K(16640K), 0.0002860 secs] 21524K->6679K(55552K), 0.0003120 secs] [Times: user=0.00 sys=0.00, real=0.00 secs] 
168.982: Total time for which application threads were stopped: 0.0004350 seconds, Stopping threads took: 0.0000700 seconds
169.045: Application time: 0.0630450 seconds
169.045: [GC169.045: [ParNew: 14843K->192K(16640K), 0.0003420 secs] 21522K->6871K(55552K), 0.0003680 secs] [Times: user=0.01 sys=0.00, real=0.00 secs] 
169.045: Total time for which application threads were stopped: 0.0004810 seconds, Stopping threads took: 0.0000550 seconds
169.086: Application time: 0.0408940 seconds
169.086: [GC169.086: [ParNew: 15037K->385K(16640K), 0.0003710 secs] 21717K->7064K(55552K), 0.0004060 secs] [Times: user=0.00 sys=0.00, real=0.00 secs] 
169.087: Total time for which application threads were stopped: 0.0005090 seconds, Stopping threads took: 0.0000470 seconds
169.142: Application time: 0.0551460 seconds
169.142: [GC169.142: [ParNew: 15232K->390K(16640K), 0.0003860 secs] 21912K->7069K(55552K), 0.0004130 secs] [Times: user=0.01 sys=0.00, real=0.00 secs] 
169.142: Total time for which application threads were stopped: 0.0005340 seconds, Stopping threads took: 0.0000640 seconds
169.206: Application time: 0.0637300 seconds
169.206: [GC169.206: [ParNew: 15236K->407K(16640K), 0.0003580 secs] 21915K->7086K(55552K), 0.0003860 secs] [Times: user=0.00 sys=0.00, real=0.00 secs] 
169.206: Total time for which application threads were stopped: 0.0004980 seconds, Stopping threads took: 0.0000530 seconds
169.273: Application time: 0.0664680 seconds
169.273: [GC169.273: [ParNew: 15254K->411K(16640K), 0.0003930 secs] 21933K->7090K(55552K), 0.0004200 secs] [Times: user=0.00 sys=0.00, real=0.00 secs] 
169.274: Total time for which application threads were stopped: 0.0005420 seconds, Stopping threads took: 0.0000620 seconds
169.340: Application time: 0.0665420 seconds
169.340: [GC169.340: [ParNew: 15258K->423K(16640K), 0.0003620 secs] 21937K->7103K(55552K), 0.0003890 secs] [Times: user=0.00 sys=0.00, real=0.00 secs] 
169.341: Total time for which application threads were stopped: 0.0005200 seconds, Stopping threads took: 0.0000730 seconds
169.404: Application time: 0.0638320 seconds
169.404: [GC169.405: [ParNew: 15271K->610K(16640K), 0.0004000 secs] 21950K->7290K(55552K), 0.0004270 secs] [Times: user=0.01 sys=0.00, real=0.00 secs] 
169.405: Total time for which application threads were stopped: 0.0005420 seconds, Stopping threads took: 0.0000590 seconds
169.454: Application time: 0.0492220 seconds
169.454: [GC169.454: [ParNew: 15455K->613K(16640K), 0.0004200 secs] 22134K->7292K(55552K), 0.0004480 secs] [Times: user=0.00 sys=0.00, real=0.00 secs] 
169.455: Total time for which application threads were stopped: 0.0005930 seconds, Stopping threads took: 0.0000860 seconds
169.515: Application time: 0.0599390 seconds
169.515: [GC169.515: [ParNew: 15459K->709K(16640K), 0.0004130 secs] 22139K->7388K(55552K), 0.0004410 secs] [Times: user=0.01 sys=0.00, real=0.00 secs] 
169.515: Total time for which application threads were stopped: 0.0005650 seconds, Stopping threads took: 0.0000660 seconds
169.565: Application time: 0.0500820 seconds
169.565: [GC169.565: [ParNew: 15553K->1194K(16640K), 0.0005200 secs] 22232K->7873K(55552K), 0.0005460 secs] [Times: user=0.01 sys=0.00, real=0.00 secs] 
169.566: Total time for which application threads were stopped: 0.0006570 seconds, Stopping threads took: 0.0000540 seconds
169.599: Application time: 0.0325630 seconds
169.599: [GC169.599: [ParNew: 16039K->935K(16640K), 0.0006510 secs] 22719K->8270K(55552K), 0.0006790 secs] [Times: user=0.00 sys=0.00, real=0.01 secs] 
169.599: Total time for which application threads were stopped: 0.0007920 seconds, Stopping threads took: 0.0000530 seconds
169.636: Application time: 0.0368370 seconds
169.636: [GC169.636: [ParNew: 15782K->914K(16640K), 0.0005230 secs] 23117K->8250K(55552K), 0.0005580 secs] [Times: user=0.00 sys=0.00, real=0.00 secs] 
169.637: Total time for which application threads were stopped: 0.0006960 seconds, Stopping threads took: 0.0000690 seconds
169.679: Application time: 0.0423130 seconds
169.679: [GC169.679: [ParNew: 15758K->1184K(16640K), 0.0005050 secs] 23093K->8519K(55552K), 0.0005330 secs] [Times: user=0.00 sys=0.00, real=0.00 secs] 
169.680: Total time for which application threads were stopped: 0.0006480 seconds, Stopping threads took: 0.0000600 seconds
169.739: Application time: 0.0591810 seconds
169.739: [GC169.739: [ParNew: 16032K->846K(16640K), 0.0005520 secs] 23367K->8677K(55552K), 0.0005810 secs] [Times: user=0.00 sys=0.00, real=0.00 secs] 
169.740: Total time for which application threads were stopped: 0.0007170 seconds, Stopping threads took: 0.0000790 seconds
169.804: Application time: 0.0637650 seconds
169.804: [GC169.804: [ParNew: 15691K->675K(16640K), 0.0004700 secs] 23521K->8506K(55552K), 0.0005050 secs] [Times: user=0.00 sys=0.00, real=0.00 secs] 
169.804: Total time for which application threads were stopped: 0.0006350 seconds, Stopping threads took: 0.0000650 seconds
169.867: Application time: 0.0628990 seconds
169.867: [GC169.867: [ParNew: 15520K->870K(16640K), 0.0004420 secs] 23350K->8700K(55552K), 0.0004710 secs] [Times: user=0.00 sys=0.00, real=0.00 secs] 
169.868: Total time for which application threads were stopped: 0.0005990 seconds, Stopping threads took: 0.0000670 seconds
169.934: Application time: 0.0665550 seconds
169.934: [GC169.934: [ParNew: 15715K->884K(16640K), 0.0004150 secs] 23545K->8715K(55552K), 0.0004420 secs] [Times: user=0.01 sys=0.00, real=0.00 secs] 
169.935: Total time for which application threads were stopped: 0.0005490 seconds, Stopping threads took: 0.0000560 seconds
169.998: Application time: 0.0628550 seconds
169.998: [GC169.998: [ParNew: 15731K->1315K(16640K), 0.0004800 secs] 23561K->9146K(55552K), 0.0005070 secs] [Times: user=0.00 sys=0.00, real=0.00 secs] 
169.998: Total time for which application threads were stopped: 0.0006490 seconds, Stopping threads took: 0.0000860 seconds
170.059: Application time: 0.0611130 seconds
170.060: [GC170.060: [ParNew: 16161K->1243K(16640K), 0.0004890 secs] 23992K->9102K(55552K), 0.0005160 secs] [Times: user=0.01 sys=0.00, real=0.00 secs] 
170.060: Total time for which application threads were stopped: 0.0006370 seconds, Stopping threads took: 0.0000650 seconds
170.126: Application time: 0.0657610 seconds
170.126: [GC170.126: [ParNew: 16087K->1124K(16640K), 0.0005890 secs] 23947K->9173K(55552K), 0.0006180 secs] [Times: user=0.01 sys=0.00, real=0.00 secs] 
170.127: Total time for which application threads were stopped: 0.0007280 seconds, Stopping threads took: 0.0000580 seconds
170.193: Application time: 0.0667000 seconds
170.195: [GC170.195: [ParNew: 15971K->921K(16640K), 0.0005000 secs] 24021K->9160K(55552K), 0.0005280 secs] [Times: user=0.00 sys=0.00, real=0.00 secs] 
170.196: Total time for which application threads were stopped: 0.0024230 seconds, Stopping threads took: 0.0018380 seconds
170.263: Application time: 0.0669850 seconds
170.263: [GC170.263: [ParNew: 15766K->811K(16640K), 0.0004710 secs] 24006K->9051K(55552K), 0.0004970 secs] [Times: user=0.00 sys=0.00, real=0.00 secs] 
170.263: Total time for which application threads were stopped: 0.0006330 seconds, Stopping threads took: 0.0000790 seconds
170.330: Application time: 0.0664530 seconds
170.330: [GC170.330: [ParNew: 15659K->835K(16640K), 0.0004890 secs] 23899K->9075K(55552K), 0.0005150 secs] [Times: user=0.01 sys=0.00, real=0.00 secs] 
170.330: Total time for which application threads were stopped: 0.0006410 seconds, Stopping threads took: 0.0000620 seconds
170.397: Application time: 0.0667520 seconds
170.397: [GC170.397: [ParNew: 15682K->833K(16640K), 0.0004730 secs] 23922K->9073K(55552K), 0.0005010 secs] [Times: user=0.00 sys=0.00, real=0.00 secs] 
170.398: Total time for which application threads were stopped: 0.0006100 seconds, Stopping threads took: 0.0000510 seconds
170.465: Application time: 0.0668190 seconds
170.465: [GC170.465: [ParNew: 15681K->221K(16640K), 0.0004510 secs] 23921K->9031K(55552K), 0.0004780 secs] [Times: user=0.00 sys=0.00, real=0.00 secs] 
170.465: Total time for which application threads were stopped: 0.0005930 seconds, Stopping threads took: 0.0000570 seconds
170.532: Application time: 0.0671390 seconds
170.532: [GC170.532: [ParNew: 15068K->0K(16640K), 0.0003640 secs] 23878K->9000K(55552K), 0.0003910 secs] [Times: user=0.00 sys=0.00, real=0.00 secs] 
170.533: Total time for which application threads were stopped: 0.0005090 seconds, Stopping threads took: 0.0000650 seconds
170.600: Application time: 0.0676500 seconds
170.601: [GC170.601: [ParNew: 14847K->0K(16640K), 0.0002950 secs] 23847K->9000K(55552K), 0.0003210 secs] [Times: user=0.01 sys=0.00, real=0.00 secs] 
170.601: Total time for which application threads were stopped: 0.0004420 seconds, Stopping threads took: 0.0000560 seconds
170.669: Application time: 0.0676170 seconds
170.669: [GC170.669: [ParNew: 14847K->0K(16640K), 0.0002830 secs] 23847K->9000K(55552K), 0.0003090 secs] [Times: user=0.01 sys=0.00, real=0.00 secs] 
170.669: Total time for which application threads were stopped: 0.0004060 seconds, Stopping threads took: 0.0000490 seconds
170.736: Application time: 0.0669890 seconds
170.736: [GC170.736: [ParNew: 14847K->0K(16640K), 0.0002930 secs] 23847K->9000K(55552K), 0.0003180 secs] [Times: user=0.00 sys=0.00, real=0.00 secs] 
170.736: Total time for which application threads were stopped: 0.0004280 seconds, Stopping threads took: 0.0000580 seconds
170.792: Application time: 0.0559870 seconds
170.792: [GC170.792: [ParNew: 14845K->195K(16640K), 0.0003020 secs] 23845K->9195K(55552K), 0.0003270 secs] [Times: user=0.00 sys=0.00, real=0.00 secs] 
170.793: Total time for which application threads were stopped: 0.0004220 seconds, Stopping threads took: 0.0000400 seconds
170.837: Application time: 0.0443870 seconds
170.837: [GC170.837: [ParNew: 15041K->385K(16640K), 0.0003580 secs] 24041K->9385K(55552K), 0.0003850 secs] [Times: user=0.00 sys=0.00, real=0.00 secs] 
170.838: Total time for which application threads were stopped: 0.0005150 seconds, Stopping threads took: 0.0000640 seconds
170.895: Application time: 0.0571210 seconds
170.895: [GC170.895: [ParNew: 15232K->393K(16640K), 0.0003600 secs] 24232K->9394K(55552K), 0.0003880 secs] [Times: user=0.00 sys=0.00, real=0.00 secs] 
170.895: Total time for which application threads were stopped: 0.0005040 seconds, Stopping threads took: 0.0000600 seconds
170.960: Application time: 0.0651240 seconds
170.961: [GC170.961: [ParNew: 15239K->403K(16640K), 0.0004320 secs] 24239K->9403K(55552K), 0.0004620 secs] [Times: user=0.01 sys=0.00, real=0.00 secs] 
170.961: Total time for which application threads were stopped: 0.0006730 seconds, Stopping threads took: 0.0001390 seconds
171.028: Application time: 0.0664450 seconds
171.028: [GC171.028: [ParNew: 15250K->423K(16640K), 0.0003620 secs] 24250K->9423K(55552K), 0.0003880 secs] [Times: user=0.00 sys=0.00, real=0.00 secs] 
171.028: Total time for which application threads were stopped: 0.0004920 seconds, Stopping threads took: 0.0000530 seconds
171.095: Application time: 0.0666370 seconds
171.095: [GC171.095: [ParNew: 15269K->425K(16640K), 0.0003610 secs] 24269K->9425K(55552K), 0.0003880 secs] [Times: user=0.00 sys=0.00, real=0.00 secs] 
171.095: Total time for which application threads were stopped: 0.0005090 seconds, Stopping threads took: 0.0000630 seconds
171.149: Application time: 0.0535160 seconds
171.149: [GC171.149: [ParNew: 15273K->610K(16640K), 0.0004200 secs] 24273K->9610K(55552K), 0.0004460 secs] [Times: user=0.00 sys=0.00, real=0.00 secs] 
171.149: Total time for which application threads were stopped: 0.0005640 seconds, Stopping threads took: 0.0000620 seconds
171.207: Application time: 0.0573600 seconds
171.207: [GC171.207: [ParNew: 15456K->634K(16640K), 0.0004220 secs] 24456K->9634K(55552K), 0.0004480 secs] [Times: user=0.00 sys=0.00, real=0.01 secs] 
171.207: Total time for which application threads were stopped: 0.0005610 seconds, Stopping threads took: 0.0000580 seconds
171.268: Application time: 0.0612630 seconds
171.269: [GC171.269: [ParNew: 15478K->740K(16640K), 0.0004520 secs] 24478K->9740K(55552K), 0.0004790 secs] [Times: user=0.01 sys=0.00, real=0.00 secs] 
171.269: Total time for which application threads were stopped: 0.0006010 seconds, Stopping threads took: 0.0000620 seconds
171.310: Application time: 0.0413750 seconds
171.311: [GC171.311: [ParNew: 15585K->1158K(16640K), 0.0005210 secs] 24585K->10158K(55552K), 0.0005500 secs] [Times: user=0.00 sys=0.00, real=0.00 secs] 
171.311: Total time for which application threads were stopped: 0.0006700 seconds, Stopping threads took: 0.0000600 seconds
171.349: Application time: 0.0377820 seconds
171.349: [GC171.349: [ParNew: 16002K->947K(16640K), 0.0006380 secs] 25002K->10603K(55552K), 0.0006670 secs] [Times: user=0.00 sys=0.00, real=0.00 secs] 
171.350: Total time for which application threads were stopped: 0.0008050 seconds, Stopping threads took: 0.0000600 seconds
171.386: Application time: 0.0367790 seconds
171.387: [GC171.387: [ParNew: 15794K->1241K(16640K), 0.0004880 secs] 25450K->10897K(55552K), 0.0005170 secs] [Times: user=0.00 sys=0.00, real=0.01 secs] 
171.387: Total time for which application threads were stopped: 0.0006530 seconds, Stopping threads took: 0.0000800 seconds
171.431: Application time: 0.0437250 seconds
171.431: [GC171.431: [ParNew: 16087K->1263K(16640K), 0.0005750 secs] 25743K->10977K(55552K), 0.0006050 secs] [Times: user=0.00 sys=0.00, real=0.00 secs] 
171.432: Total time for which application threads were stopped: 0.0007200 seconds, Stopping threads took: 0.0000580 seconds
171.493: Application time: 0.0612580 seconds
171.493: [GC171.493: [ParNew: 16107K->1142K(16640K), 0.0005720 secs] 25821K->10913K(55552K), 0.0005990 secs] [Times: user=0.01 sys=0.00, real=0.00 secs] 
171.494: Total time for which application threads were stopped: 0.0007130 seconds, Stopping threads took: 0.0000590 seconds
171.557: Application time: 0.0638160 seconds
171.557: [GC171.558: [ParNew: 15986K->957K(16640K), 0.0020270 secs] 25757K->11137K(55552K), 0.0020590 secs] [Times: user=0.00 sys=0.00, real=0.01 secs] 
171.560: Total time for which application threads were stopped: 0.0021980 seconds, Stopping threads took: 0.0000800 seconds
171.623: Application time: 0.0637130 seconds
171.623: [GC171.623: [ParNew: 15801K->837K(16640K), 0.0004700 secs] 25981K->11017K(55552K), 0.0004980 secs] [Times: user=0.00 sys=0.00, real=0.00 secs] 
171.624: Total time for which application threads were stopped: 0.0006060 seconds, Stopping threads took: 0.0000560 seconds
171.690: Application time: 0.0662360 seconds
171.690: [GC171.690: [ParNew: 15682K->896K(16640K), 0.0004800 secs] 25862K->11076K(55552K), 0.0005090 secs] [Times: user=0.00 sys=0.00, real=0.00 secs] 
171.691: Total time for which application threads were stopped: 0.0006450 seconds, Stopping threads took: 0.0000820 seconds
171.753: Application time: 0.0618060 seconds
171.753: [GC171.753: [ParNew: 15742K->1272K(16640K), 0.0004810 secs] 25922K->11452K(55552K), 0.0005080 secs] [Times: user=0.01 sys=0.00, real=0.00 secs] 
171.753: Total time for which application threads were stopped: 0.0006230 seconds, Stopping threads took: 0.0000570 seconds
171.815: Application time: 0.0614740 seconds
171.815: [GC171.815: [ParNew: 16116K->1359K(16640K), 0.0004920 secs] 26296K->11540K(55552K), 0.0005200 secs] [Times: user=0.00 sys=0.00, real=0.00 secs] 
171.815: Total time for which application threads were stopped: 0.0006430 seconds, Stopping threads took: 0.0000650 seconds
171.881: Application time: 0.0657460 seconds
171.881: [GC171.881: [ParNew: 16204K->701K(16640K), 0.0005300 secs] 26384K->11452K(55552K), 0.0005560 secs] [Times: user=0.00 sys=0.00, real=0.00 secs] 
171.882: Total time for which application threads were stopped: 0.0006880 seconds, Stopping threads took: 0.0000700 seconds
171.949: Application time: 0.0667770 seconds
171.949: [GC171.949: [ParNew: 15548K->594K(16640K), 0.0004410 secs] 26299K->11344K(55552K), 0.0004670 secs] [Times: user=0.01 sys=0.00, real=0.00 secs] 
171.949: Total time for which application threads were stopped: 0.0005770 seconds, Stopping threads took: 0.0000550 seconds
172.016: Application time: 0.0668770 seconds
172.016: [GC172.016: [ParNew: 15441K->640K(16640K), 0.0004130 secs] 26192K->11391K(55552K), 0.0004410 secs] [Times: user=0.00 sys=0.00, real=0.00 secs] 
172.017: Total time for which application threads were stopped: 0.0005500 seconds, Stopping threads took: 0.0000500 seconds
172.083: Application time: 0.0668250 seconds
172.083: [GC172.083: [ParNew: 15488K->649K(16640K), 0.0004160 secs] 26238K->11400K(55552K), 0.0004420 secs] [Times: user=0.01 sys=0.00, real=0.00 secs] 
172.084: Total time for which application threads were stopped: 0.0005530 seconds, Stopping threads took: 0.0000610 seconds
172.151: Application time: 0.0668590 seconds
172.151: [GC172.151: [ParNew: 15497K->656K(16640K), 0.0003890 secs] 26248K->11406K(55552K), 0.0004250 secs] [Times: user=0.00 sys=0.00, real=0.00 secs] 
172.151: Total time for which application threads were stopped: 0.0005430 seconds, Stopping threads took: 0.0000610 seconds
172.219: Application time: 0.0676670 seconds
172.219: [GC172.219: [ParNew: 15503K->260K(16640K), 0.0004610 secs] 26254K->11391K(55552K), 0.0004860 secs] [Times: user=0.00 sys=0.00, real=0.00 secs] 
172.220: Total time for which application threads were stopped: 0.0005920 seconds, Stopping threads took: 0.0000510 seconds
172.288: Application time: 0.0680060 seconds
172.288: [GC172.288: [ParNew: 15108K->0K(16640K), 0.0003950 secs] 26239K->11320K(55552K), 0.0004220 secs] [Times: user=0.00 sys=0.00, real=0.00 secs] 
172.288: Total time for which application threads were stopped: 0.0005430 seconds, Stopping threads took: 0.0000670 seconds
172.356: Application time: 0.0676300 seconds
172.356: [GC172.356: [ParNew: 14847K->0K(16640K), 0.0003520 secs] 26168K->11320K(55552K), 0.0003790 secs] [Times: user=0.00 sys=0.00, real=0.00 secs] 
172.356: Total time for which application threads were stopped: 0.0005090 seconds, Stopping threads took: 0.0000740 seconds
172.424: Application time: 0.0673030 seconds
172.424: [GC172.424: [ParNew: 14847K->0K(16640K), 0.0003020 secs] 26168K->11320K(55552K), 0.0003300 secs] [Times: user=0.00 sys=0.00, real=0.00 secs] 
172.424: Total time for which application threads were stopped: 0.0004470 seconds, Stopping threads took: 0.0000600 seconds
172.491: Application time: 0.0668520 seconds
172.491: [GC172.491: [ParNew: 14847K->0K(16640K), 0.0003020 secs] 26168K->11320K(55552K), 0.0003280 secs] [Times: user=0.00 sys=0.00, real=0.00 secs] 
172.491: Total time for which application threads were stopped: 0.0004290 seconds, Stopping threads took: 0.0000490 seconds
172.540: Application time: 0.0485100 seconds
172.540: [GC172.540: [ParNew: 14844K->378K(16640K), 0.0003580 secs] 26165K->11699K(55552K), 0.0003840 secs] [Times: user=0.00 sys=0.00, real=0.00 secs] 
172.540: Total time for which application threads were stopped: 0.0004920 seconds, Stopping threads took: 0.0000530 seconds
172.585: Application time: 0.0443940 seconds
172.585: [GC172.585: [ParNew: 15224K->390K(16640K), 0.0004040 secs] 26545K->11710K(55552K), 0.0004320 secs] [Times: user=0.00 sys=0.00, real=0.00 secs] 
172.585: Total time for which application threads were stopped: 0.0005450 seconds, Stopping threads took: 0.0000580 seconds
172.649: Application time: 0.0636350 seconds
172.649: [GC172.649: [ParNew: 15236K->403K(16640K), 0.0003190 secs] 26557K->11723K(55552K), 0.0003440 secs] [Times: user=0.00 sys=0.00, real=0.00 secs] 
172.649: Total time for which application threads were stopped: 0.0004460 seconds, Stopping threads took: 0.0000460 seconds
172.716: Application time: 0.0663320 seconds
172.719: [GC172.719: [ParNew: 15250K->418K(16640K), 0.0003550 secs] 26571K->11739K(55552K), 0.0003830 secs] [Times: user=0.00 sys=0.00, real=0.00 secs] 
172.720: Total time for which application threads were stopped: 0.0038210 seconds, Stopping threads took: 0.0033740 seconds
172.786: Application time: 0.0664870 seconds
172.786: [GC172.786: [ParNew: 15265K->424K(16640K), 0.0004040 secs] 26586K->11745K(55552K), 0.0004310 secs] [Times: user=0.00 sys=0.00, real=0.00 secs] 
172.787: Total time for which application threads were stopped: 0.0005460 seconds, Stopping threads took: 0.0000620 seconds
172.853: Application time: 0.0664720 seconds
172.853: [GC172.853: [ParNew: 15272K->410K(16640K), 0.0003770 secs] 26593K->11731K(55552K), 0.0004030 secs] [Times: user=0.00 sys=0.00, real=0.00 secs] 
172.854: Total time for which application threads were stopped: 0.0005150 seconds, Stopping threads took: 0.0000560 seconds
172.909: Application time: 0.0552200 seconds
172.909: [GC172.909: [ParNew: 15254K->597K(16640K), 0.0004290 secs] 26575K->11918K(55552K), 0.0004540 secs] [Times: user=0.00 sys=0.00, real=0.00 secs] 
172.909: Total time for which application threads were stopped: 0.0005690 seconds, Stopping threads took: 0.0000570 seconds
172.965: Application time: 0.0560520 seconds
172.965: [GC172.966: [ParNew: 15443K->643K(16640K), 0.0003810 secs] 26764K->11964K(55552K), 0.0004170 secs] [Times: user=0.00 sys=0.00, real=0.00 secs] 
172.966: Total time for which application threads were stopped: 0.0005330 seconds, Stopping threads took: 0.0000530 seconds
173.020: Application time: 0.0538550 seconds
173.020: [GC173.020: [ParNew: 15487K->922K(16640K), 0.0005160 secs] 26808K->12244K(55552K), 0.0005410 secs] [Times: user=0.00 sys=0.00, real=0.00 secs] 
173.020: Total time for which application threads were stopped: 0.0006460 seconds, Stopping threads took: 0.0000480 seconds
173.060: Application time: 0.0394830 seconds
173.060: [GC173.060: [ParNew: 15769K->1239K(16640K), 0.0005730 secs] 27091K->12560K(55552K), 0.0005990 secs] [Times: user=0.01 sys=0.00, real=0.00 secs] 
173.061: Total time for which application threads were stopped: 0.0007180 seconds, Stopping threads took: 0.0000620 seconds
173.106: Application time: 0.0454700 seconds
173.106: [GC173.106: [ParNew: 16087K->1237K(16640K), 0.0005720 secs] 27408K->12777K(55552K), 0.0005990 secs] [Times: user=0.00 sys=0.00, real=0.00 secs] 
173.107: Total time for which application threads were stopped: 0.0007160 seconds, Stopping threads took: 0.0000570 seconds
173.141: Application time: 0.0346700 seconds
173.142: [GC173.142: [ParNew: 16084K->1219K(16640K), 0.0007080 secs] 27624K->13225K(55552K), 0.0007370 secs] [Times: user=0.00 sys=0.00, real=0.00 secs] 
173.142: Total time for which application threads were stopped: 0.0008490 seconds, Stopping threads took: 0.0000520 seconds
173.190: Application time: 0.0473230 seconds
173.190: [GC173.190: [ParNew: 16032K->666K(16640K), 0.0005320 secs] 28038K->13138K(55552K), 0.0005590 secs] [Times: user=0.01 sys=0.00, real=0.00 secs] 
173.190: Total time for which application threads were stopped: 0.0006880 seconds, Stopping threads took: 0.0000730 seconds
173.252: Application time: 0.0612540 seconds
173.252: [GC173.252: [ParNew: 15510K->678K(16640K), 0.0004150 secs] 27982K->13150K(55552K), 0.0004430 secs] [Times: user=0.00 sys=0.00, real=0.00 secs] 
173.252: Total time for which application threads were stopped: 0.0005570 seconds, Stopping threads took: 0.0000570 seconds
173.316: Application time: 0.0638380 seconds
173.319: [GC173.319: [ParNew: 15522K->853K(16640K), 0.0004740 secs] 27995K->13325K(55552K), 0.0005030 secs] [Times: user=0.00 sys=0.00, real=0.00 secs] 
173.320: Total time for which application threads were stopped: 0.0036270 seconds, Stopping threads took: 0.0030660 seconds
173.384: Application time: 0.0639150 seconds
173.384: [GC173.384: [ParNew: 15697K->900K(16640K), 0.0004490 secs] 28170K->13373K(55552K), 0.0004780 secs] [Times: user=0.00 sys=0.00, real=0.00 secs] 
173.384: Total time for which application threads were stopped: 0.0005890 seconds, Stopping threads took: 0.0000580 seconds
173.448: Application time: 0.0635000 seconds
173.448: [GC173.448: [ParNew: 15745K->1103K(16640K), 0.0004570 secs] 28217K->13575K(55552K), 0.0004840 secs] [Times: user=0.01 sys=0.00, real=0.00 secs] 
173.448: Total time for which application threads were stopped: 0.0005930 seconds, Stopping threads took: 0.0000530 seconds
173.511: Application time: 0.0629930 seconds
173.511: [GC173.511: [ParNew: 15949K->1264K(16640K), 0.0005700 secs] 28421K->13766K(55552K), 0.0005990 secs] [Times: user=0.01 sys=0.00, real=0.00 secs] 
173.512: Total time for which application threads were stopped: 0.0007020 seconds, Stopping threads took: 0.0000350 seconds
173.573: Application time: 0.0613710 seconds
173.573: [GC173.573: [ParNew: 16109K->1344K(16640K), 0.0005190 secs] 28610K->13846K(55552K), 0.0005450 secs] [Times: user=0.00 sys=0.00, real=0.00 secs] 
173.574: Total time for which application threads were stopped: 0.0006440 seconds, Stopping threads took: 0.0000510 seconds
173.641: Application time: 0.0668590 seconds
173.641: [GC173.641: [ParNew: 16191K->918K(16640K), 0.0004950 secs] 28693K->13800K(55552K), 0.0005220 secs] [Times: user=0.01 sys=0.00, real=0.00 secs] 
173.641: Total time for which application threads were stopped: 0.0006620 seconds, Stopping threads took: 0.0000760 seconds
173.708: Application time: 0.0669690 seconds
173.709: [GC173.709: [ParNew: 15765K->895K(16640K), 0.0004380 secs] 28647K->13776K(55552K), 0.0004650 secs] [Times: user=0.00 sys=0.00, real=0.00 secs] 
173.709: Total time for which application threads were stopped: 0.0005850 seconds, Stopping threads took: 0.0000610 seconds
173.776: Application time: 0.0666960 seconds
173.776: [GC173.776: [ParNew: 15742K->891K(16640K), 0.0004210 secs] 28624K->13773K(55552K), 0.0004470 secs] [Times: user=0.00 sys=0.00, real=0.00 secs] 
173.776: Total time for which application threads were stopped: 0.0005500 seconds, Stopping threads took: 0.0000540 seconds
173.843: Application time: 0.0665290 seconds
173.843: [GC173.843: [ParNew: 15739K->873K(16640K), 0.0004890 secs] 28621K->13755K(55552K), 0.0005160 secs] [Times: user=0.01 sys=0.00, real=0.00 secs] 
173.843: Total time for which application threads were stopped: 0.0006270 seconds, Stopping threads took: 0.0000560 seconds
173.911: Application time: 0.0677840 seconds
173.911: [GC173.911: [ParNew: 15721K->722K(16640K), 0.0004950 secs] 28603K->13794K(55552K), 0.0005220 secs] [Times: user=0.01 sys=0.00, real=0.00 secs] 
173.912: Total time for which application threads were stopped: 0.0006760 seconds, Stopping threads took: 0.0000940 seconds
173.979: Application time: 0.0668050 seconds
173.979: [GC173.979: [ParNew: 15570K->0K(16640K), 0.0004400 secs] 28641K->13641K(55552K), 0.0004680 secs] [Times: user=0.00 sys=0.00, real=0.01 secs] 
173.979: Total time for which application threads were stopped: 0.0005930 seconds, Stopping threads took: 0.0000740 seconds
174.047: Application time: 0.0673770 seconds
174.047: [GC174.047: [ParNew: 14847K->0K(16640K), 0.0002980 secs] 28489K->13641K(55552K), 0.0003230 secs] [Times: user=0.00 sys=0.00, real=0.01 secs] 
174.047: Total time for which application threads were stopped: 0.0004400 seconds, Stopping threads took: 0.0000550 seconds
174.115: Application time: 0.0674740 seconds
174.115: [GC174.115: [ParNew: 14847K->0K(16640K), 0.0002830 secs] 28489K->13641K(55552K), 0.0003170 secs] [Times: user=0.00 sys=0.00, real=0.00 secs] 
174.115: Total time for which application threads were stopped: 0.0004390 seconds, Stopping threads took: 0.0000630 seconds
174.182: Application time: 0.0671550 seconds
174.182: [GC174.182: [ParNew: 14847K->0K(16640K), 0.0002720 secs] 28489K->13641K(55552K), 0.0003000 secs] [Times: user=0.00 sys=0.00, real=0.00 secs] 
174.183: Total time for which application threads were stopped: 0.0004000 seconds, Stopping threads took: 0.0000480 seconds
174.243: Application time: 0.0605890 seconds
174.243: [GC174.243: [ParNew: 14846K->192K(16640K), 0.0003480 secs] 28488K->13834K(55552K), 0.0003740 secs] [Times: user=0.00 sys=0.00, real=0.00 secs] 
174.244: Total time for which application threads were stopped: 0.0004980 seconds, Stopping threads took: 0.0000700 seconds
174.289: Application time: 0.0455250 seconds
174.289: [GC174.289: [ParNew: 15038K->387K(16640K), 0.0003590 secs] 28680K->14029K(55552K), 0.0003850 secs] [Times: user=0.01 sys=0.00, real=0.00 secs] 
174.290: Total time for which application threads were stopped: 0.0004950 seconds, Stopping threads took: 0.0000530 seconds
174.342: Application time: 0.0527210 seconds
174.343: [GC174.343: [ParNew: 15233K->256K(16640K), 0.0003470 secs] 28875K->13898K(55552K), 0.0003720 secs] [Times: user=0.00 sys=0.00, real=0.00 secs] 
174.343: Total time for which application threads were stopped: 0.0004770 seconds, Stopping threads took: 0.0000530 seconds
174.407: Application time: 0.0641520 seconds
174.407: [GC174.407: [ParNew: 15102K->394K(16640K), 0.0003730 secs] 28744K->14036K(55552K), 0.0004010 secs] [Times: user=0.01 sys=0.00, real=0.00 secs] 
174.408: Total time for which application threads were stopped: 0.0005250 seconds, Stopping threads took: 0.0000670 seconds
174.475: Application time: 0.0674550 seconds
174.475: [GC174.475: [ParNew: 15239K->414K(16640K), 0.0003590 secs] 28881K->14056K(55552K), 0.0003920 secs] [Times: user=0.01 sys=0.00, real=0.00 secs] 
174.476: Total time for which application threads were stopped: 0.0005100 seconds, Stopping threads took: 0.0000700 seconds
174.542: Application time: 0.0664670 seconds
174.542: [GC174.542: [ParNew: 15261K->411K(16640K), 0.0003540 secs] 28903K->14053K(55552K), 0.0003810 secs] [Times: user=0.00 sys=0.00, real=0.00 secs] 
174.543: Total time for which application threads were stopped: 0.0005130 seconds, Stopping threads took: 0.0000780 seconds
174.609: Application time: 0.0665120 seconds
174.609: [GC174.609: [ParNew: 15258K->425K(16640K), 0.0003540 secs] 28900K->14067K(55552K), 0.0003810 secs] [Times: user=0.00 sys=0.00, real=0.00 secs] 
174.610: Total time for which application threads were stopped: 0.0004920 seconds, Stopping threads took: 0.0000410 seconds
174.658: Application time: 0.0480440 seconds
174.658: [GC174.658: [ParNew: 15271K->666K(16640K), 0.0003870 secs] 28913K->14308K(55552K), 0.0004140 secs] [Times: user=0.00 sys=0.00, real=0.00 secs] 
174.658: Total time for which application threads were stopped: 0.0005190 seconds, Stopping threads took: 0.0000480 seconds
174.718: Application time: 0.0600620 seconds
174.718: [GC174.718: [ParNew: 15512K->721K(16640K), 0.0003950 secs] 29154K->14363K(55552K), 0.0004240 secs] [Times: user=0.01 sys=0.00, real=0.00 secs] 
174.719: Total time for which application threads were stopped: 0.0005280 seconds, Stopping threads took: 0.0000450 seconds
174.772: Application time: 0.0532850 seconds
174.772: [GC174.772: [ParNew: 15567K->1136K(16640K), 0.0004900 secs] 29209K->14778K(55552K), 0.0005170 secs] [Times: user=0.01 sys=0.00, real=0.00 secs] 
174.773: Total time for which application threads were stopped: 0.0006300 seconds, Stopping threads took: 0.0000570 seconds
174.810: Application time: 0.0376820 seconds
174.810: [GC174.810: [ParNew: 15956K->618K(16640K), 0.0005270 secs] 29598K->14697K(55552K), 0.0005520 secs] [Times: user=0.01 sys=0.00, real=0.00 secs] 
174.811: Total time for which application threads were stopped: 0.0006680 seconds, Stopping threads took: 0.0000590 seconds
174.855: Application time: 0.0435400 seconds
174.855: [GC174.855: [ParNew: 15465K->1129K(16640K), 0.0005240 secs] 29545K->15208K(55552K), 0.0005520 secs] [Times: user=0.00 sys=0.00, real=0.00 secs] 
174.855: Total time for which application threads were stopped: 0.0006520 seconds, Stopping threads took: 0.0000380 seconds
174.892: Application time: 0.0368990 seconds
174.892: [GC174.892: [ParNew: 15975K->1189K(16640K), 0.0006440 secs] 30054K->15516K(55552K), 0.0006720 secs] [Times: user=0.01 sys=0.00, real=0.00 secs] 
174.893: Total time for which application threads were stopped: 0.0007850 seconds, Stopping threads took: 0.0000540 seconds
174.943: Application time: 0.0500030 seconds
174.943: [GC174.943: [ParNew: 16035K->775K(16640K), 0.0005750 secs] 30361K->15568K(55552K), 0.0006020 secs] [Times: user=0.00 sys=0.00, real=0.00 secs] 
174.944: Total time for which application threads were stopped: 0.0007060 seconds, Stopping threads took: 0.0000500 seconds
175.006: Application time: 0.0622280 seconds
175.006: [GC175.006: [ParNew: 15622K->700K(16640K), 0.0004050 secs] 30415K->15493K(55552K), 0.0004310 secs] [Times: user=0.00 sys=0.00, real=0.00 secs] 
175.006: Total time for which application threads were stopped: 0.0005440 seconds, Stopping threads took: 0.0000560 seconds
175.070: Application time: 0.0631620 seconds
175.070: [GC175.070: [ParNew: 15545K->850K(16640K), 0.0004750 secs] 30338K->15643K(55552K), 0.0005020 secs] [Times: user=0.01 sys=0.00, real=0.00 secs] 
175.070: Total time for which application threads were stopped: 0.0006280 seconds, Stopping threads took: 0.0000680 seconds
175.135: Application time: 0.0647570 seconds
175.135: [GC175.135: [ParNew: 15697K->882K(16640K), 0.0004920 secs] 30490K->15675K(55552K), 0.0005210 secs] [Times: user=0.00 sys=0.00, real=0.00 secs] 
175.136: Total time for which application threads were stopped: 0.0006470 seconds, Stopping threads took: 0.0000620 seconds
175.198: Application time: 0.0626340 seconds
175.198: [GC175.198: [ParNew: 15727K->1285K(16640K), 0.0005090 secs] 30520K->16078K(55552K), 0.0005440 secs] [Times: user=0.00 sys=0.00, real=0.00 secs] 
175.199: Total time for which application threads were stopped: 0.0006600 seconds, Stopping threads took: 0.0000610 seconds
175.262: Application time: 0.0628260 seconds
175.262: [GC175.262: [ParNew: 16132K->912K(16640K), 0.0005530 secs] 30925K->16114K(55552K), 0.0005800 secs] [Times: user=0.00 sys=0.00, real=0.00 secs] 
175.262: Total time for which application threads were stopped: 0.0007010 seconds, Stopping threads took: 0.0000630 seconds
175.326: Application time: 0.0633550 seconds
175.326: [GC175.326: [ParNew: 15758K->1275K(16640K), 0.0005510 secs] 30960K->16477K(55552K), 0.0005770 secs] [Times: user=0.00 sys=0.00, real=0.00 secs] 
175.326: Total time for which application threads were stopped: 0.0006940 seconds, Stopping threads took: 0.0000670 seconds
175.392: Application time: 0.0655060 seconds
175.392: [GC175.392: [ParNew: 16119K->863K(16640K), 0.0005620 secs] 31321K->16445K(55552K), 0.0005870 secs] [Times: user=0.00 sys=0.00, real=0.00 secs] 
175.393: Total time for which application threads were stopped: 0.0006950 seconds, Stopping threads took: 0.0000550 seconds
175.461: Application time: 0.0680440 seconds
175.461: [GC175.461: [ParNew: 15708K->916K(16640K), 0.0004300 secs] 31290K->16498K(55552K), 0.0004540 secs] [Times: user=0.00 sys=0.00, real=0.00 secs] 
175.461: Total time for which application threads were stopped: 0.0005790 seconds, Stopping threads took: 0.0000700 seconds
175.528: Application time: 0.0664310 seconds
175.528: [GC175.528: [ParNew: 15763K->896K(16640K), 0.0004200 secs] 31345K->16478K(55552K), 0.0004460 secs] [Times: user=0.00 sys=0.00, real=0.00 secs] 
175.528: Total time for which application threads were stopped: 0.0005650 seconds, Stopping threads took: 0.0000690 seconds
175.595: Application time: 0.0667620 seconds
175.595: [GC175.595: [ParNew: 15744K->863K(16640K), 0.0004070 secs] 31326K->16446K(55552K), 0.0004330 secs] [Times: user=0.00 sys=0.00, real=0.00 secs] 
175.596: Total time for which application threads were stopped: 0.0005470 seconds, Stopping threads took: 0.0000620 seconds
175.663: Application time: 0.0672380 seconds
175.663: [GC175.663: [ParNew: 15709K->532K(16640K), 0.0004510 secs] 31291K->16494K(55552K), 0.0004790 secs] [Times: user=0.01 sys=0.00, real=0.00 secs] 
175.663: Total time for which application threads were stopped: 0.0006100 seconds, Stopping threads took: 0.0000640 seconds
175.731: Application time: 0.0672150 seconds
175.731: [GC175.731: [ParNew: 15377K->247K(16640K), 0.0005530 secs] 31339K->16399K(55552K), 0.0005800 secs] [Times: user=0.00 sys=0.00, real=0.00 secs] 
175.731: Total time for which application threads were stopped: 0.0006940 seconds, Stopping threads took: 0.0000630 seconds
175.799: Application time: 0.0672750 seconds
175.799: [GC175.799: [ParNew: 15094K->0K(16640K), 0.0003560 secs] 31246K->16342K(55552K), 0.0003850 secs] [Times: user=0.00 sys=0.00, real=0.01 secs] 
175.799: Total time for which application threads were stopped: 0.0005000 seconds, Stopping threads took: 0.0000600 seconds
175.866: Application time: 0.0672620 seconds
175.866: [GC175.867: [ParNew: 14847K->0K(16640K), 0.0003100 secs] 31189K->16342K(55552K), 0.0003360 secs] [Times: user=0.01 sys=0.00, real=0.00 secs] 
175.867: Total time for which application threads were stopped: 0.0004470 seconds, Stopping threads took: 0.0000530 seconds
175.934: Application time: 0.0669010 seconds
175.934: [GC175.934: [ParNew: 14847K->0K(16640K), 0.0004240 secs] 31189K->16342K(55552K), 0.0004490 secs] [Times: user=0.00 sys=0.00, real=0.00 secs] 
175.934: Total time for which application threads were stopped: 0.0005680 seconds, Stopping threads took: 0.0000690 seconds
175.986: Application time: 0.0517230 seconds
175.986: [GC175.986: [ParNew: 14844K->192K(16640K), 0.0003420 secs] 31187K->16535K(55552K), 0.0003690 secs] [Times: user=0.00 sys=0.00, real=0.00 secs] 
175.987: Total time for which application threads were stopped: 0.0004880 seconds, Stopping threads took: 0.0000670 seconds
176.035: Application time: 0.0487160 seconds
176.035: [GC176.035: [ParNew: 15038K->387K(16640K), 0.0003770 secs] 31381K->16729K(55552K), 0.0004100 secs] [Times: user=0.01 sys=0.00, real=0.00 secs] 
176.036: Total time for which application threads were stopped: 0.0005150 seconds, Stopping threads took: 0.0000540 seconds
176.093: Application time: 0.0570200 seconds
176.093: [GC176.093: [ParNew: 15233K->397K(16640K), 0.0003860 secs] 31575K->16739K(55552K), 0.0004120 secs] [Times: user=0.00 sys=0.00, real=0.00 secs] 
176.093: Total time for which application threads were stopped: 0.0005070 seconds, Stopping threads took: 0.0000420 seconds
176.158: Application time: 0.0649670 seconds
176.158: [GC176.158: [ParNew: 15242K->395K(16640K), 0.0003640 secs] 31584K->16737K(55552K), 0.0003910 secs] [Times: user=0.01 sys=0.00, real=0.00 secs] 
176.159: Total time for which application threads were stopped: 0.0005140 seconds, Stopping threads took: 0.0000660 seconds
176.225: Application time: 0.0664920 seconds
176.227: [GC176.227: [ParNew: 15240K->407K(16640K), 0.0004040 secs] 31582K->16749K(55552K), 0.0004310 secs] [Times: user=0.00 sys=0.00, real=0.00 secs] 
176.228: Total time for which application threads were stopped: 0.0022830 seconds, Stopping threads took: 0.0017910 seconds
176.294: Application time: 0.0664730 seconds
176.294: [GC176.294: [ParNew: 15254K->403K(16640K), 0.0004210 secs] 31597K->16746K(55552K), 0.0004470 secs] [Times: user=0.01 sys=0.00, real=0.00 secs] 
176.295: Total time for which application threads were stopped: 0.0005650 seconds, Stopping threads took: 0.0000630 seconds
176.361: Application time: 0.0664780 seconds
176.361: [GC176.361: [ParNew: 15251K->407K(16640K), 0.0003580 secs] 31593K->16750K(55552K), 0.0003830 secs] [Times: user=0.01 sys=0.00, real=0.00 secs] 
176.362: Total time for which application threads were stopped: 0.0004950 seconds, Stopping threads took: 0.0000560 seconds
176.410: Application time: 0.0481160 seconds
176.410: [GC176.410: [ParNew: 15252K->633K(16640K), 0.0004620 secs] 31594K->16975K(55552K), 0.0004890 secs] [Times: user=0.00 sys=0.00, real=0.00 secs] 
176.410: Total time for which application threads were stopped: 0.0006150 seconds, Stopping threads took: 0.0000660 seconds
176.470: Application time: 0.0594510 seconds
176.470: [GC176.470: [ParNew: 15479K->697K(16640K), 0.0003900 secs] 31821K->17039K(55552K), 0.0004170 secs] [Times: user=0.00 sys=0.00, real=0.00 secs] 
176.470: Total time for which application threads were stopped: 0.0005280 seconds, Stopping threads took: 0.0000540 seconds
176.515: Application time: 0.0445710 seconds
176.515: [GC176.515: [ParNew: 15542K->1141K(16640K), 0.0005820 secs] 31884K->17483K(55552K), 0.0006090 secs] [Times: user=0.01 sys=0.00, real=0.00 secs] 
176.516: Total time for which application threads were stopped: 0.0007220 seconds, Stopping threads took: 0.0000550 seconds
176.555: Application time: 0.0389130 seconds
176.555: [GC176.555: [ParNew: 15985K->1148K(16640K), 0.0005540 secs] 32327K->17709K(55552K), 0.0005830 secs] [Times: user=0.00 sys=0.00, real=0.00 secs] 
176.555: Total time for which application threads were stopped: 0.0006890 seconds, Stopping threads took: 0.0000390 seconds
176.596: Application time: 0.0412610 seconds
176.597: [GC176.597: [ParNew: 15993K->1252K(16640K), 0.0005750 secs] 32553K->18032K(55552K), 0.0006030 secs] [Times: user=0.00 sys=0.00, real=0.00 secs] 
176.597: Total time for which application threads were stopped: 0.0007190 seconds, Stopping threads took: 0.0000560 seconds
176.643: Application time: 0.0455390 seconds
176.643: [GC176.643: [ParNew: 16098K->1220K(16640K), 0.0005250 secs] 32878K->18275K(55552K), 0.0005530 secs] [Times: user=0.00 sys=0.00, real=0.00 secs] 
176.643: Total time for which application threads were stopped: 0.0006680 seconds, Stopping threads took: 0.0000580 seconds
176.693: Application time: 0.0495730 seconds
176.693: [GC176.693: [ParNew: 16068K->1193K(16640K), 0.0004890 secs] 33123K->18306K(55552K), 0.0005160 secs] [Times: user=0.00 sys=0.00, real=0.00 secs] 
176.694: Total time for which application threads were stopped: 0.0006300 seconds, Stopping threads took: 0.0000510 seconds
176.757: Application time: 0.0637020 seconds
176.757: [GC176.757: [ParNew: 16038K->752K(16640K), 0.0005050 secs] 33151K->18244K(55552K), 0.0005320 secs] [Times: user=0.01 sys=0.00, real=0.00 secs] 
176.758: Total time for which application threads were stopped: 0.0006640 seconds, Stopping threads took: 0.0000670 seconds
176.821: Application time: 0.0632930 seconds
176.821: [GC176.821: [ParNew: 15599K->826K(16640K), 0.0004790 secs] 33092K->18319K(55552K), 0.0005070 secs] [Times: user=0.01 sys=0.00, real=0.00 secs] 
176.822: Total time for which application threads were stopped: 0.0006160 seconds, Stopping threads took: 0.0000510 seconds
176.887: Application time: 0.0651340 seconds
176.887: [GC176.887: [ParNew: 15673K->849K(16640K), 0.0004960 secs] 33166K->18342K(55552K), 0.0005220 secs] [Times: user=0.01 sys=0.00, real=0.00 secs] 
176.888: Total time for which application threads were stopped: 0.0006450 seconds, Stopping threads took: 0.0000700 seconds
176.950: Application time: 0.0623770 seconds
176.950: [GC176.950: [ParNew: 15694K->1283K(16640K), 0.0004930 secs] 33187K->18776K(55552K), 0.0005200 secs] [Times: user=0.00 sys=0.00, real=0.00 secs] 
176.951: Total time for which application threads were stopped: 0.0006270 seconds, Stopping threads took: 0.0000510 seconds
177.014: Application time: 0.0630360 seconds
177.014: [GC177.014: [ParNew: 16127K->1355K(16640K), 0.0005070 secs] 33620K->18877K(55552K), 0.0005340 secs] [Times: user=0.00 sys=0.00, real=0.00 secs] 
177.014: Total time for which application threads were stopped: 0.0006430 seconds, Stopping threads took: 0.0000520 seconds
177.078: Application time: 0.0635730 seconds
177.078: [GC177.078: [ParNew: 16202K->1135K(16640K), 0.0005090 secs] 33724K->18847K(55552K), 0.0005360 secs] [Times: user=0.00 sys=0.00, real=0.00 secs] 
177.079: Total time for which application threads were stopped: 0.0006530 seconds, Stopping threads took: 0.0000650 seconds
177.145: Application time: 0.0668570 seconds
177.146: [GC177.146: [ParNew: 15982K->874K(16640K), 0.0004610 secs] 33694K->18776K(55552K), 0.0004860 secs] [Times: user=0.01 sys=0.00, real=0.00 secs] 
177.146: Total time for which application threads were stopped: 0.0005940 seconds, Stopping threads took: 0.0000540 seconds
177.213: Application time: 0.0666130 seconds
177.213: [GC177.213: [ParNew: 15721K->875K(16640K), 0.0004190 secs] 33624K->18778K(55552K), 0.0004470 secs] [Times: user=0.00 sys=0.00, real=0.00 secs] 
177.213: Total time for which application threads were stopped: 0.0005760 seconds, Stopping threads took: 0.0000730 seconds
177.287: Application time: 0.0736790 seconds
177.287: [GC177.287: [ParNew: 15720K->882K(16640K), 0.0004540 secs] 33622K->18784K(55552K), 0.0004800 secs] [Times: user=0.00 sys=0.00, real=0.01 secs] 
177.287: Total time for which application threads were stopped: 0.0005950 seconds, Stopping threads took: 0.0000590 seconds
177.354: Application time: 0.0668750 seconds
177.354: [GC177.354: [ParNew: 15729K->872K(16640K), 0.0004790 secs] 33631K->18774K(55552K), 0.0005070 secs] [Times: user=0.00 sys=0.00, real=0.00 secs] 
177.355: Total time for which application threads were stopped: 0.0006120 seconds, Stopping threads took: 0.0000480 seconds
177.422: Application time: 0.0669080 seconds
177.422: [GC177.422: [ParNew: 15719K->521K(16640K), 0.0004840 secs] 33621K->18804K(55552K), 0.0005110 secs] [Times: user=0.00 sys=0.00, real=0.00 secs] 
177.423: Total time for which application threads were stopped: 0.0006330 seconds, Stopping threads took: 0.0000640 seconds
177.490: Application time: 0.0671300 seconds
177.490: [GC177.490: [ParNew: 15369K->0K(16640K), 0.0004080 secs] 33651K->18662K(55552K), 0.0004350 secs] [Times: user=0.00 sys=0.00, real=0.00 secs] 
177.490: Total time for which application threads were stopped: 0.0005410 seconds, Stopping threads took: 0.0000550 seconds
177.558: Application time: 0.0677470 seconds
177.558: [GC177.558: [ParNew: 14847K->0K(16640K), 0.0002720 secs] 33509K->18662K(55552K), 0.0003070 secs] [Times: user=0.00 sys=0.00, real=0.00 secs] 
177.558: Total time for which application threads were stopped: 0.0004230 seconds, Stopping threads took: 0.0000600 seconds
177.626: Application time: 0.0675120 seconds
177.626: [GC177.626: [ParNew: 14847K->0K(16640K), 0.0003520 secs] 33509K->18662K(55552K), 0.0003790 secs] [Times: user=0.01 sys=0.00, real=0.00 secs] 
177.626: Total time for which application threads were stopped: 0.0004930 seconds, Stopping threads took: 0.0000540 seconds
177.689: Application time: 0.0629450 seconds
177.689: [GC177.689: [ParNew: 14845K->190K(16640K), 0.0003720 secs] 33507K->18852K(55552K), 0.0003980 secs] [Times: user=0.00 sys=0.00, real=0.00 secs] 
177.690: Total time for which application threads were stopped: 0.0005190 seconds, Stopping threads took: 0.0000670 seconds
177.742: Application time: 0.0521380 seconds
177.742: [GC177.742: [ParNew: 15034K->256K(16640K), 0.0003060 secs] 33697K->18919K(55552K), 0.0003320 secs] [Times: user=0.00 sys=0.00, real=0.00 secs] 
177.742: Total time for which application threads were stopped: 0.0004280 seconds, Stopping threads took: 0.0000440 seconds
177.789: Application time: 0.0466830 seconds
177.789: [GC177.789: [ParNew: 15102K->389K(16640K), 0.0004160 secs] 33764K->19052K(55552K), 0.0004440 secs] [Times: user=0.01 sys=0.00, real=0.00 secs] 
177.790: Total time for which application threads were stopped: 0.0005570 seconds, Stopping threads took: 0.0000490 seconds
177.854: Application time: 0.0640790 seconds
177.854: [GC177.854: [ParNew: 15234K->395K(16640K), 0.0004010 secs] 33897K->19058K(55552K), 0.0004270 secs] [Times: user=0.00 sys=0.00, real=0.00 secs] 
177.854: Total time for which application threads were stopped: 0.0005480 seconds, Stopping threads took: 0.0000660 seconds
177.921: Application time: 0.0669000 seconds
177.921: [GC177.921: [ParNew: 15243K->408K(16640K), 0.0003900 secs] 33905K->19071K(55552K), 0.0004160 secs] [Times: user=0.01 sys=0.00, real=0.00 secs] 
177.922: Total time for which application threads were stopped: 0.0005410 seconds, Stopping threads took: 0.0000690 seconds
177.989: Application time: 0.0669990 seconds
177.989: [GC177.989: [ParNew: 15256K->413K(16640K), 0.0003350 secs] 33918K->19076K(55552K), 0.0003620 secs] [Times: user=0.00 sys=0.00, real=0.00 secs] 
177.989: Total time for which application threads were stopped: 0.0004850 seconds, Stopping threads took: 0.0000730 seconds
178.056: Application time: 0.0669910 seconds
178.056: [GC178.056: [ParNew: 15260K->399K(16640K), 0.0005300 secs] 33923K->19061K(55552K), 0.0005620 secs] [Times: user=0.00 sys=0.00, real=0.00 secs] 
178.057: Total time for which application threads were stopped: 0.0007330 seconds, Stopping threads took: 0.0000990 seconds
178.119: Application time: 0.0618130 seconds
178.119: [GC178.119: [ParNew: 15242K->627K(16640K), 0.0004210 secs] 33905K->19290K(55552K), 0.0004490 secs] [Times: user=0.01 sys=0.00, real=0.01 secs] 
178.119: Total time for which application threads were stopped: 0.0005760 seconds, Stopping threads took: 0.0000690 seconds
178.168: Application time: 0.0487430 seconds
178.168: [GC178.168: [ParNew: 15473K->653K(16640K), 0.0003990 secs] 34136K->19315K(55552K), 0.0004270 secs] [Times: user=0.00 sys=0.00, real=0.00 secs] 
178.169: Total time for which application threads were stopped: 0.0005480 seconds, Stopping threads took: 0.0000630 seconds
178.233: Application time: 0.0640430 seconds
178.233: [GC178.233: [ParNew: 15497K->719K(16640K), 0.0003830 secs] 34159K->19381K(55552K), 0.0004100 secs] [Times: user=0.00 sys=0.00, real=0.00 secs] 
178.233: Total time for which application threads were stopped: 0.0005380 seconds, Stopping threads took: 0.0000780 seconds
178.282: Application time: 0.0492060 seconds
178.283: [GC178.283: [ParNew: 15564K->948K(16640K), 0.0004940 secs] 34226K->19611K(55552K), 0.0005240 secs] [Times: user=0.00 sys=0.00, real=0.00 secs] 
178.283: Total time for which application threads were stopped: 0.0006330 seconds, Stopping threads took: 0.0000560 seconds
178.322: Application time: 0.0389810 seconds
178.322: [GC178.322: [ParNew: 15793K->1600K(16640K), 0.0005910 secs] 34456K->20263K(55552K), 0.0006270 secs] [Times: user=0.00 sys=0.00, real=0.00 secs] 
178.323: Total time for which application threads were stopped: 0.0007660 seconds, Stopping threads took: 0.0000690 seconds
178.356: Application time: 0.0336010 seconds
178.357: [GC178.357: [ParNew: 16448K->1134K(16640K), 0.0007030 secs] 35111K->20453K(55552K), 0.0007310 secs] [Times: user=0.00 sys=0.00, real=0.00 secs] 
178.357: Total time for which application threads were stopped: 0.0008670 seconds, Stopping threads took: 0.0000770 seconds
178.401: Application time: 0.0437910 seconds
178.401: [GC178.401: [ParNew: 15981K->1189K(16640K), 0.0005160 secs] 35300K->20508K(55552K), 0.0005420 secs] [Times: user=0.01 sys=0.00, real=0.00 secs] 
178.402: Total time for which application threads were stopped: 0.0006560 seconds, Stopping threads took: 0.0000590 seconds
178.458: Application time: 0.0561870 seconds
178.458: [GC178.458: [ParNew: 16037K->968K(16640K), 0.0005360 secs] 35355K->20592K(55552K), 0.0005630 secs] [Times: user=0.01 sys=0.00, real=0.00 secs] 
178.459: Total time for which application threads were stopped: 0.0006810 seconds, Stopping threads took: 0.0000600 seconds
178.523: Application time: 0.0646860 seconds
178.523: [GC178.523: [ParNew: 15813K->931K(16640K), 0.0004940 secs] 35436K->20554K(55552K), 0.0005210 secs] [Times: user=0.00 sys=0.00, real=0.00 secs] 
178.524: Total time for which application threads were stopped: 0.0006370 seconds, Stopping threads took: 0.0000580 seconds
178.587: Application time: 0.0631670 seconds
178.587: [GC178.587: [ParNew: 15776K->1092K(16640K), 0.0004570 secs] 35399K->20716K(55552K), 0.0004840 secs] [Times: user=0.01 sys=0.00, real=0.00 secs] 
178.588: Total time for which application threads were stopped: 0.0005920 seconds, Stopping threads took: 0.0000550 seconds
178.653: Application time: 0.0653310 seconds
178.653: [GC178.653: [ParNew: 15938K->991K(16640K), 0.0004310 secs] 35561K->20804K(55552K), 0.0004570 secs] [Times: user=0.00 sys=0.00, real=0.00 secs] 
178.654: Total time for which application threads were stopped: 0.0005650 seconds, Stopping threads took: 0.0000520 seconds
178.716: Application time: 0.0624470 seconds
178.719: [GC178.719: [ParNew: 15836K->1268K(16640K), 0.0005600 secs] 35649K->21081K(55552K), 0.0005860 secs] [Times: user=0.00 sys=0.00, real=0.00 secs] 
178.720: Total time for which application threads were stopped: 0.0036810 seconds, Stopping threads took: 0.0030360 seconds
178.781: Application time: 0.0614420 seconds
178.781: [GC178.781: [ParNew: 16112K->1325K(16640K), 0.0005200 secs] 35925K->21167K(55552K), 0.0005470 secs] [Times: user=0.00 sys=0.00, real=0.00 secs] 
178.782: Total time for which application threads were stopped: 0.0006980 seconds, Stopping threads took: 0.0000980 seconds
178.846: Application time: 0.0644850 seconds
178.846: [GC178.846: [ParNew: 16172K->1088K(16640K), 0.0004970 secs] 36014K->21120K(55552K), 0.0005250 secs] [Times: user=0.01 sys=0.00, real=0.00 secs] 
178.847: Total time for which application threads were stopped: 0.0006630 seconds, Stopping threads took: 0.0000730 seconds
178.914: Application time: 0.0667490 seconds
178.914: [GC178.914: [ParNew: 15935K->913K(16640K), 0.0004790 secs] 35968K->21136K(55552K), 0.0005050 secs] [Times: user=0.00 sys=0.00, real=0.00 secs] 
178.914: Total time for which application threads were stopped: 0.0006180 seconds, Stopping threads took: 0.0000570 seconds
178.981: Application time: 0.0668650 seconds
178.981: [GC178.981: [ParNew: 15761K->909K(16640K), 0.0004230 secs] 35983K->21132K(55552K), 0.0004500 secs] [Times: user=0.00 sys=0.00, real=0.00 secs] 
178.982: Total time for which application threads were stopped: 0.0005750 seconds, Stopping threads took: 0.0000730 seconds
179.049: Application time: 0.0667750 seconds
179.049: [GC179.049: [ParNew: 15757K->932K(16640K), 0.0004350 secs] 35979K->21155K(55552K), 0.0004620 secs] [Times: user=0.00 sys=0.00, real=0.00 secs] 
179.049: Total time for which application threads were stopped: 0.0005790 seconds, Stopping threads took: 0.0000520 seconds
179.116: Application time: 0.0672010 seconds
179.116: [GC179.117: [ParNew: 15779K->822K(16640K), 0.0004120 secs] 36002K->21044K(55552K), 0.0004380 secs] [Times: user=0.00 sys=0.00, real=0.00 secs] 
179.117: Total time for which application threads were stopped: 0.0005480 seconds, Stopping threads took: 0.0000540 seconds
179.184: Application time: 0.0669420 seconds
179.184: [GC179.184: [ParNew: 15669K->277K(16640K), 0.0004930 secs] 35892K->21070K(55552K), 0.0005210 secs] [Times: user=0.01 sys=0.00, real=0.00 secs] 
179.185: Total time for which application threads were stopped: 0.0006320 seconds, Stopping threads took: 0.0000600 seconds
179.253: Application time: 0.0680570 seconds
179.253: [GC179.253: [ParNew: 15125K->0K(16640K), 0.0004020 secs] 35917K->20982K(55552K), 0.0004300 secs] [Times: user=0.00 sys=0.00, real=0.00 secs] 
179.253: Total time for which application threads were stopped: 0.0005340 seconds, Stopping threads took: 0.0000500 seconds
179.321: Application time: 0.0681040 seconds
179.321: [GC179.321: [ParNew: 14847K->0K(16640K), 0.0003490 secs] 35830K->20982K(55552K), 0.0003780 secs] [Times: user=0.00 sys=0.00, real=0.00 secs] 
179.322: Total time for which application threads were stopped: 0.0004930 seconds, Stopping threads took: 0.0000570 seconds
179.389: Application time: 0.0670940 seconds
179.389: [GC179.389: [ParNew: 14847K->0K(16640K), 0.0002840 secs] 35830K->20982K(55552K), 0.0003100 secs] [Times: user=0.00 sys=0.00, real=0.00 secs] 
179.389: Total time for which application threads were stopped: 0.0004310 seconds, Stopping threads took: 0.0000640 seconds
179.446: Application time: 0.0565240 seconds
179.446: [GC179.446: [ParNew: 14843K->194K(16640K), 0.0003430 secs] 35826K->21177K(55552K), 0.0003700 secs] [Times: user=0.00 sys=0.00, real=0.00 secs] 
179.446: Total time for which application threads were stopped: 0.0004730 seconds, Stopping threads took: 0.0000490 seconds
179.492: Application time: 0.0455930 seconds
179.492: [GC179.492: [ParNew: 15038K->386K(16640K), 0.0003770 secs] 36021K->21369K(55552K), 0.0004020 secs] [Times: user=0.01 sys=0.00, real=0.00 secs] 
179.492: Total time for which application threads were stopped: 0.0005100 seconds, Stopping threads took: 0.0000570 seconds
179.549: Application time: 0.0562920 seconds
179.549: [GC179.549: [ParNew: 15231K->392K(16640K), 0.0004310 secs] 36214K->21374K(55552K), 0.0004570 secs] [Times: user=0.00 sys=0.00, real=0.00 secs] 
179.549: Total time for which application threads were stopped: 0.0005530 seconds, Stopping threads took: 0.0000440 seconds
179.615: Application time: 0.0655950 seconds
179.615: [GC179.615: [ParNew: 15238K->403K(16640K), 0.0003650 secs] 36221K->21386K(55552K), 0.0003930 secs] [Times: user=0.00 sys=0.00, real=0.00 secs] 
179.615: Total time for which application threads were stopped: 0.0005010 seconds, Stopping threads took: 0.0000500 seconds
179.682: Application time: 0.0668710 seconds
179.682: [GC179.682: [ParNew: 15248K->410K(16640K), 0.0003680 secs] 36231K->21393K(55552K), 0.0003960 secs] [Times: user=0.00 sys=0.00, real=0.00 secs] 
179.683: Total time for which application threads were stopped: 0.0005100 seconds, Stopping threads took: 0.0000610 seconds
179.749: Application time: 0.0666570 seconds
179.749: [GC179.749: [ParNew: 15257K->395K(16640K), 0.0004230 secs] 36240K->21378K(55552K), 0.0004510 secs] [Times: user=0.01 sys=0.00, real=0.00 secs] 
179.750: Total time for which application threads were stopped: 0.0005580 seconds, Stopping threads took: 0.0000520 seconds
179.816: Application time: 0.0665110 seconds
179.817: [GC179.817: [ParNew: 15242K->408K(16640K), 0.0003820 secs] 36225K->21391K(55552K), 0.0004080 secs] [Times: user=0.00 sys=0.00, real=0.00 secs] 
179.817: Total time for which application threads were stopped: 0.0005200 seconds, Stopping threads took: 0.0000540 seconds
179.872: Application time: 0.0550700 seconds
179.872: [GC179.872: [ParNew: 15254K->621K(16640K), 0.0003990 secs] 36237K->21604K(55552K), 0.0004370 secs] [Times: user=0.00 sys=0.00, real=0.00 secs] 
179.873: Total time for which application threads were stopped: 0.0005440 seconds, Stopping threads took: 0.0000500 seconds
179.927: Application time: 0.0542820 seconds
179.927: [GC179.927: [ParNew: 15466K->672K(16640K), 0.0004090 secs] 36449K->21655K(55552K), 0.0004370 secs] [Times: user=0.00 sys=0.00, real=0.01 secs] 
179.927: Total time for which application threads were stopped: 0.0005520 seconds, Stopping threads took: 0.0000460 seconds
179.991: Application time: 0.0638400 seconds
179.991: [GC179.991: [ParNew: 15516K->931K(16640K), 0.0004870 secs] 36499K->21913K(55552K), 0.0005140 secs] [Times: user=0.01 sys=0.00, real=0.00 secs] 
179.992: Total time for which application threads were stopped: 0.0006210 seconds, Stopping threads took: 0.0000550 seconds
180.034: Application time: 0.0420320 seconds
180.034: [GC180.034: [ParNew: 15775K->1184K(16640K), 0.0005040 secs] 36758K->22167K(55552K), 0.0005310 secs] [Times: user=0.01 sys=0.00, real=0.00 secs] 
180.035: Total time for which application threads were stopped: 0.0006410 seconds, Stopping threads took: 0.0000580 seconds
180.075: Application time: 0.0406640 seconds
180.075: [GC180.075: [ParNew: 16031K->1381K(16640K), 0.0006500 secs] 37014K->22583K(55552K), 0.0006780 secs] [Times: user=0.01 sys=0.00, real=0.00 secs] 
180.076: Total time for which application threads were stopped: 0.0007790 seconds, Stopping threads took: 0.0000410 seconds
180.113: Application time: 0.0370220 seconds
180.113: [GC180.113: [ParNew: 16227K->988K(16640K), 0.0005710 secs] 37429K->22656K(55552K), 0.0005980 secs] [Times: user=0.00 sys=0.00, real=0.00 secs] 
180.114: Total time for which application threads were stopped: 0.0007240 seconds, Stopping threads took: 0.0000680 seconds
180.156: Application time: 0.0423490 seconds
180.156: [GC180.156: [ParNew: 15836K->1229K(16640K), 0.0005180 secs] 37503K->22897K(55552K), 0.0005460 secs] [Times: user=0.01 sys=0.00, real=0.00 secs] 
180.157: Total time for which application threads were stopped: 0.0006720 seconds, Stopping threads took: 0.0000670 seconds
180.216: Application time: 0.0593950 seconds
180.216: [GC180.216: [ParNew: 16074K->928K(16640K), 0.0005410 secs] 37741K->22843K(55552K), 0.0005680 secs] [Times: user=0.00 sys=0.00, real=0.00 secs] 
180.217: Total time for which application threads were stopped: 0.0006880 seconds, Stopping threads took: 0.0000630 seconds
180.281: Application time: 0.0636820 seconds
180.281: [GC180.281: [ParNew: 15772K->1083K(16640K), 0.0004700 secs] 37687K->22998K(55552K), 0.0004970 secs] [Times: user=0.00 sys=0.00, real=0.00 secs] 
180.281: Total time for which application threads were stopped: 0.0006250 seconds, Stopping threads took: 0.0000690 seconds
180.344: Application time: 0.0629740 seconds
180.344: [GC180.344: [ParNew: 15930K->1131K(16640K), 0.0004830 secs] 37845K->23046K(55552K), 0.0005100 secs] [Times: user=0.00 sys=0.00, real=0.00 secs] 
180.345: Total time for which application threads were stopped: 0.0006270 seconds, Stopping threads took: 0.0000640 seconds
180.410: Application time: 0.0648540 seconds
180.410: [GC180.410: [ParNew: 15978K->980K(16640K), 0.0005460 secs] 37893K->23114K(55552K), 0.0005740 secs] [Times: user=0.00 sys=0.00, real=0.00 secs] 
180.410: Total time for which application threads were stopped: 0.0006930 seconds, Stopping threads took: 0.0000600 seconds
180.472: Application time: 0.0617580 seconds
180.472: [GC180.472: [ParNew: 15825K->1220K(16640K), 0.0005720 secs] 37959K->23353K(55552K), 0.0006000 secs] [Times: user=0.00 sys=0.00, real=0.00 secs] 
180.473: Total time for which application threads were stopped: 0.0007270 seconds, Stopping threads took: 0.0000590 seconds
180.535: Application time: 0.0622480 seconds
180.535: [GC180.535: [ParNew: 16064K->1280K(16640K), 0.0005590 secs] 38198K->23443K(55552K), 0.0005880 secs] [Times: user=0.00 sys=0.00, real=0.00 secs] 
180.536: Total time for which application threads were stopped: 0.0007070 seconds, Stopping threads took: 0.0000670 seconds
180.602: Application time: 0.0664770 seconds
180.602: [GC180.602: [ParNew: 16127K->1085K(16640K), 0.0005050 secs] 38290K->23438K(55552K), 0.0005390 secs] [Times: user=0.00 sys=0.00, real=0.00 secs] 
180.603: Total time for which application threads were stopped: 0.0006510 seconds, Stopping threads took: 0.0000580 seconds
180.670: Application time: 0.0672130 seconds
180.670: [GC180.670: [ParNew: 15932K->697K(16640K), 0.0004950 secs] 38285K->23430K(55552K), 0.0005230 secs] [Times: user=0.01 sys=0.00, real=0.00 secs] 
180.671: Total time for which application threads were stopped: 0.0006180 seconds, Stopping threads took: 0.0000380 seconds
180.737: Application time: 0.0663620 seconds
180.737: [GC180.737: [ParNew: 15544K->653K(16640K), 0.0004060 secs] 38277K->23386K(55552K), 0.0004340 secs] [Times: user=0.00 sys=0.00, real=0.00 secs] 
180.738: Total time for which application threads were stopped: 0.0005350 seconds, Stopping threads took: 0.0000500 seconds
180.804: Application time: 0.0666270 seconds
180.804: [GC180.804: [ParNew: 15500K->633K(16640K), 0.0004340 secs] 38233K->23366K(55552K), 0.0004610 secs] [Times: user=0.01 sys=0.00, real=0.00 secs] 
180.805: Total time for which application threads were stopped: 0.0005820 seconds, Stopping threads took: 0.0000650 seconds
180.872: Application time: 0.0672460 seconds
180.872: [GC180.872: [ParNew: 15479K->705K(16640K), 0.0004020 secs] 38212K->23438K(55552K), 0.0004290 secs] [Times: user=0.00 sys=0.00, real=0.00 secs] 
180.873: Total time for which application threads were stopped: 0.0005530 seconds, Stopping threads took: 0.0000690 seconds
180.940: Application time: 0.0676240 seconds
180.940: [GC180.940: [ParNew: 15550K->218K(16640K), 0.0004440 secs] 38283K->23331K(55552K), 0.0004710 secs] [Times: user=0.00 sys=0.00, real=0.00 secs] 
180.941: Total time for which application threads were stopped: 0.0005770 seconds, Stopping threads took: 0.0000530 seconds
181.009: Application time: 0.0680620 seconds
181.009: [GC181.009: [ParNew: 15065K->0K(16640K), 0.0003790 secs] 38178K->23303K(55552K), 0.0004070 secs] [Times: user=0.00 sys=0.00, real=0.00 secs] 
181.009: Total time for which application threads were stopped: 0.0005430 seconds, Stopping threads took: 0.0000720 seconds
181.077: Application time: 0.0672400 seconds
181.079: [GC181.079: [ParNew: 14847K->0K(16640K), 0.0003170 secs] 38150K->23303K(55552K), 0.0003450 secs] [Times: user=0.00 sys=0.00, real=0.00 secs] 
181.079: Total time for which application threads were stopped: 0.0027920 seconds, Stopping threads took: 0.0023880 seconds
181.147: Application time: 0.0674220 seconds
181.147: [GC181.147: [ParNew: 14845K->0K(16640K), 0.0002930 secs] 38148K->23303K(55552K), 0.0003210 secs] [Times: user=0.00 sys=0.00, real=0.01 secs] 
181.147: Total time for which application threads were stopped: 0.0004370 seconds, Stopping threads took: 0.0000640 seconds
181.197: Application time: 0.0501150 seconds
181.198: [GC181.198: [ParNew: 14846K->192K(16640K), 0.0003300 secs] 38149K->23495K(55552K), 0.0003590 secs] [Times: user=0.00 sys=0.00, real=0.00 secs] 
181.198: Total time for which application threads were stopped: 0.0004670 seconds, Stopping threads took: 0.0000520 seconds
181.245: Application time: 0.0473770 seconds
181.245: [GC181.245: [ParNew: 15038K->387K(16640K), 0.0003450 secs] 38342K->23690K(55552K), 0.0003710 secs] [Times: user=0.01 sys=0.00, real=0.00 secs] 
181.246: Total time for which application threads were stopped: 0.0004800 seconds, Stopping threads took: 0.0000570 seconds
181.306: Application time: 0.0601420 seconds
181.306: [GC181.306: [ParNew: 15234K->398K(16640K), 0.0003590 secs] 38538K->23701K(55552K), 0.0003860 secs] [Times: user=0.00 sys=0.00, real=0.00 secs] 
181.306: Total time for which application threads were stopped: 0.0004980 seconds, Stopping threads took: 0.0000560 seconds
181.372: Application time: 0.0651370 seconds
181.372: [GC181.372: [ParNew: 15243K->399K(16640K), 0.0003750 secs] 38546K->23702K(55552K), 0.0004030 secs] [Times: user=0.01 sys=0.00, real=0.00 secs] 
181.372: Total time for which application threads were stopped: 0.0005120 seconds, Stopping threads took: 0.0000510 seconds
181.439: Application time: 0.0664990 seconds
181.443: [GC181.443: [ParNew: 15246K->407K(16640K), 0.0004370 secs] 38549K->23710K(55552K), 0.0004740 secs] [Times: user=0.00 sys=0.00, real=0.00 secs] 
181.444: Total time for which application threads were stopped: 0.0050300 seconds, Stopping threads took: 0.0045020 seconds
181.510: Application time: 0.0666860 seconds
181.510: [GC181.510: [ParNew: 15254K->421K(16640K), 0.0003450 secs] 38558K->23724K(55552K), 0.0003720 secs] [Times: user=0.00 sys=0.00, real=0.00 secs] 
181.511: Total time for which application threads were stopped: 0.0005080 seconds, Stopping threads took: 0.0000720 seconds
181.577: Application time: 0.0663140 seconds
181.577: [GC181.577: [ParNew: 15269K->429K(16640K), 0.0003490 secs] 38572K->23732K(55552K), 0.0003750 secs] [Times: user=0.01 sys=0.00, real=0.00 secs] 
181.578: Total time for which application threads were stopped: 0.0005170 seconds, Stopping threads took: 0.0000850 seconds
181.628: Application time: 0.0507910 seconds
181.629: [GC181.629: [ParNew: 15273K->622K(16640K), 0.0004620 secs] 38576K->23925K(55552K), 0.0004860 secs] [Times: user=0.00 sys=0.00, real=0.00 secs] 
181.629: Total time for which application threads were stopped: 0.0005970 seconds, Stopping threads took: 0.0000550 seconds
181.687: Application time: 0.0577780 seconds
181.687: [GC181.687: [ParNew: 15468K->689K(16640K), 0.0004550 secs] 38771K->23992K(55552K), 0.0004830 secs] [Times: user=0.00 sys=0.00, real=0.01 secs] 
181.687: Total time for which application threads were stopped: 0.0005860 seconds, Stopping threads took: 0.0000510 seconds
181.749: Application time: 0.0615400 seconds
181.749: [GC181.749: [ParNew: 15536K->909K(16640K), 0.0004650 secs] 38839K->24212K(55552K), 0.0004920 secs] [Times: user=0.01 sys=0.00, real=0.00 secs] 
181.750: Total time for which application threads were stopped: 0.0005960 seconds, Stopping threads took: 0.0000480 seconds
181.788: Application time: 0.0386540 seconds
181.788: [GC181.788: [ParNew: 15754K->1227K(16640K), 0.0005860 secs] 39057K->24530K(55552K), 0.0006120 secs] [Times: user=0.01 sys=0.00, real=0.00 secs] 
181.789: Total time for which application threads were stopped: 0.0007050 seconds, Stopping threads took: 0.0000430 seconds
181.825: Application time: 0.0357730 seconds
181.825: [GC181.825: [ParNew: 16072K->1410K(16640K), 0.0006030 secs] 39376K->24932K(55552K), 0.0006300 secs] [Times: user=0.01 sys=0.00, real=0.00 secs] 
181.825: Total time for which application threads were stopped: 0.0007420 seconds, Stopping threads took: 0.0000530 seconds
181.866: Application time: 0.0402250 seconds
181.866: [GC181.866: [ParNew: 16258K->1241K(16640K), 0.0006220 secs] 39779K->25229K(55552K), 0.0006500 secs] [Times: user=0.00 sys=0.00, real=0.00 secs] 
181.866: Total time for which application threads were stopped: 0.0007580 seconds, Stopping threads took: 0.0000510 seconds
181.911: Application time: 0.0449730 seconds
181.911: [GC181.912: [ParNew: 16089K->1270K(16640K), 0.0004940 secs] 40077K->25316K(55552K), 0.0005210 secs] [Times: user=0.00 sys=0.00, real=0.00 secs] 
181.912: Total time for which application threads were stopped: 0.0006510 seconds, Stopping threads took: 0.0000730 seconds
181.974: Application time: 0.0620900 seconds
181.974: [GC181.974: [ParNew: 16118K->902K(16640K), 0.0005090 secs] 40163K->25166K(55552K), 0.0005360 secs] [Times: user=0.00 sys=0.00, real=0.00 secs] 
181.975: Total time for which application threads were stopped: 0.0006530 seconds, Stopping threads took: 0.0000570 seconds
182.038: Application time: 0.0633750 seconds
182.038: [GC182.038: [ParNew: 15749K->1106K(16640K), 0.0005160 secs] 40013K->25370K(55552K), 0.0005430 secs] [Times: user=0.00 sys=0.00, real=0.00 secs] 
182.039: Total time for which application threads were stopped: 0.0006630 seconds, Stopping threads took: 0.0000600 seconds
182.103: Application time: 0.0646260 seconds
182.104: [GC182.104: [ParNew: 15954K->736K(16640K), 0.0005570 secs] 40218K->25409K(55552K), 0.0005840 secs] [Times: user=0.00 sys=0.00, real=0.00 secs] 
182.104: Total time for which application threads were stopped: 0.0007000 seconds, Stopping threads took: 0.0000520 seconds
182.169: Application time: 0.0652070 seconds
182.169: [GC182.169: [ParNew: 15583K->805K(16640K), 0.0004360 secs] 40256K->25478K(55552K), 0.0004620 secs] [Times: user=0.00 sys=0.00, real=0.00 secs] 
182.170: Total time for which application threads were stopped: 0.0005640 seconds, Stopping threads took: 0.0000500 seconds
182.232: Application time: 0.0622020 seconds
182.232: [GC182.232: [ParNew: 15652K->1219K(16640K), 0.0005390 secs] 40325K->25891K(55552K), 0.0005660 secs] [Times: user=0.00 sys=0.00, real=0.00 secs] 
182.233: Total time for which application threads were stopped: 0.0006930 seconds, Stopping threads took: 0.0000690 seconds
182.295: Application time: 0.0624810 seconds
182.295: [GC182.295: [ParNew: 16066K->1293K(16640K), 0.0005910 secs] 40738K->25966K(55552K), 0.0016290 secs] [Times: user=0.00 sys=0.00, real=0.00 secs] 
182.297: Total time for which application threads were stopped: 0.0017520 seconds, Stopping threads took: 0.0000660 seconds
182.363: Application time: 0.0657820 seconds
182.363: [GC182.363: [ParNew: 16137K->818K(16640K), 0.0005540 secs] 40810K->26061K(55552K), 0.0005820 secs] [Times: user=0.00 sys=0.00, real=0.00 secs] 
182.364: Total time for which application threads were stopped: 0.0007090 seconds, Stopping threads took: 0.0000700 seconds
182.430: Application time: 0.0668070 seconds
182.430: [GC182.430: [ParNew: 15665K->639K(16640K), 0.0003830 secs] 40909K->25882K(55552K), 0.0004080 secs] [Times: user=0.00 sys=0.00, real=0.00 secs] 
182.431: Total time for which application threads were stopped: 0.0005350 seconds, Stopping threads took: 0.0000690 seconds
182.498: Application time: 0.0666840 seconds
182.498: [GC182.498: [ParNew: 15486K->622K(16640K), 0.0003980 secs] 40730K->25865K(55552K), 0.0004230 secs] [Times: user=0.01 sys=0.00, real=0.00 secs] 
182.498: Total time for which application threads were stopped: 0.0005270 seconds, Stopping threads took: 0.0000540 seconds
182.565: Application time: 0.0669400 seconds
182.565: [GC182.565: [ParNew: 15469K->630K(16640K), 0.0003840 secs] 40712K->25873K(55552K), 0.0004110 secs] [Times: user=0.00 sys=0.00, real=0.00 secs] 
182.566: Total time for which application threads were stopped: 0.0005330 seconds, Stopping threads took: 0.0000550 seconds
182.633: Application time: 0.0672560 seconds
182.633: [GC182.633: [ParNew: 15477K->610K(16640K), 0.0004540 secs] 40720K->25853K(55552K), 0.0004820 secs] [Times: user=0.00 sys=0.00, real=0.00 secs] 
182.633: Total time for which application threads were stopped: 0.0006020 seconds, Stopping threads took: 0.0000620 seconds
182.701: Application time: 0.0674580 seconds
182.701: [GC182.701: [ParNew: 15457K->243K(16640K), 0.0004700 secs] 40700K->25866K(55552K), 0.0004970 secs] [Times: user=0.00 sys=0.00, real=0.00 secs] 
182.702: Total time for which application threads were stopped: 0.0006120 seconds, Stopping threads took: 0.0000610 seconds
182.769: Application time: 0.0676990 seconds
182.769: [GC182.769: [ParNew: 15090K->0K(16640K), 0.0003640 secs] 40713K->25813K(55552K), 0.0003900 secs] [Times: user=0.01 sys=0.00, real=0.00 secs] 
182.770: Total time for which application threads were stopped: 0.0005180 seconds, Stopping threads took: 0.0000690 seconds
182.838: Application time: 0.0677990 seconds
182.838: [GC182.838: [ParNew: 14847K->0K(16640K), 0.0003150 secs] 40660K->25813K(55552K), 0.0003400 secs] [Times: user=0.00 sys=0.00, real=0.00 secs] 
182.838: Total time for which application threads were stopped: 0.0005000 seconds, Stopping threads took: 0.0001120 seconds
182.905: Application time: 0.0671760 seconds
182.907: [GC182.907: [ParNew: 14847K->0K(16640K), 0.0002790 secs] 40660K->25813K(55552K), 0.0003060 secs] [Times: user=0.00 sys=0.00, real=0.00 secs] 
182.907: Total time for which application threads were stopped: 0.0022160 seconds, Stopping threads took: 0.0018550 seconds
182.952: Application time: 0.0445950 seconds
182.952: [GC182.952: [ParNew: 14845K->378K(16640K), 0.0003940 secs] 40659K->26191K(55552K), 0.0004280 secs] [Times: user=0.01 sys=0.00, real=0.00 secs] 
182.953: Total time for which application threads were stopped: 0.0005500 seconds, Stopping threads took: 0.0000680 seconds
183.001: Application time: 0.0485820 seconds
183.001: [GC183.001: [ParNew: 15224K->388K(16640K), 0.0004470 secs] 41038K->26201K(55552K), 0.0004760 secs] [Times: user=0.00 sys=0.00, real=0.00 secs] 
183.002: Total time for which application threads were stopped: 0.0006000 seconds, Stopping threads took: 0.0000570 seconds
183.066: Application time: 0.0643940 seconds
183.066: [GC183.066: [ParNew: 15232K->399K(16640K), 0.0003530 secs] 41046K->26213K(55552K), 0.0003790 secs] [Times: user=0.00 sys=0.00, real=0.00 secs] 
183.067: Total time for which application threads were stopped: 0.0005050 seconds, Stopping threads took: 0.0000620 seconds
183.133: Application time: 0.0665910 seconds
183.133: [GC183.133: [ParNew: 15247K->408K(16640K), 0.0003850 secs] 41060K->26221K(55552K), 0.0004120 secs] [Times: user=0.00 sys=0.00, real=0.00 secs] 
183.134: Total time for which application threads were stopped: 0.0005290 seconds, Stopping threads took: 0.0000580 seconds
183.200: Application time: 0.0665560 seconds
183.203: [GC183.203: [ParNew: 15255K->431K(16640K), 0.0003550 secs] 41068K->26245K(55552K), 0.0003850 secs] [Times: user=0.00 sys=0.00, real=0.00 secs] 
183.204: Total time for which application threads were stopped: 0.0031610 seconds, Stopping threads took: 0.0027220 seconds
183.270: Application time: 0.0668370 seconds
183.270: [GC183.270: [ParNew: 15279K->420K(16640K), 0.0003630 secs] 41092K->26233K(55552K), 0.0003880 secs] [Times: user=0.01 sys=0.00, real=0.00 secs] 
183.271: Total time for which application threads were stopped: 0.0005100 seconds, Stopping threads took: 0.0000650 seconds
183.336: Application time: 0.0648990 seconds
183.336: [GC183.336: [ParNew: 15266K->598K(16640K), 0.0004670 secs] 41079K->26412K(55552K), 0.0004930 secs] [Times: user=0.00 sys=0.00, real=0.00 secs] 
183.336: Total time for which application threads were stopped: 0.0005970 seconds, Stopping threads took: 0.0000520 seconds
183.382: Application time: 0.0459790 seconds
183.382: [GC183.382: [ParNew: 15444K->657K(16640K), 0.0003980 secs] 41258K->26470K(55552K), 0.0004260 secs] [Times: user=0.00 sys=0.00, real=0.00 secs] 
183.383: Total time for which application threads were stopped: 0.0005470 seconds, Stopping threads took: 0.0000620 seconds
183.446: Application time: 0.0632890 seconds
183.446: [GC183.446: [ParNew: 15500K->694K(16640K), 0.0005240 secs] 41314K->26507K(55552K), 0.0005510 secs] [Times: user=0.00 sys=0.00, real=0.00 secs] 
183.447: Total time for which application threads were stopped: 0.0006670 seconds, Stopping threads took: 0.0000610 seconds
183.508: Application time: 0.0614470 seconds
183.508: [GC183.508: [ParNew: 15541K->1142K(16640K), 0.0005380 secs] 41354K->26956K(55552K), 0.0005650 secs] [Times: user=0.00 sys=0.00, real=0.00 secs] 
183.509: Total time for which application threads were stopped: 0.0006680 seconds, Stopping threads took: 0.0000470 seconds
183.545: Application time: 0.0365010 seconds
183.546: [GC183.546: [ParNew: 15987K->990K(16640K), 0.0005820 secs] 41801K->27023K(55552K), 0.0006100 secs] [Times: user=0.00 sys=0.00, real=0.00 secs] 
183.546: Total time for which application threads were stopped: 0.0007230 seconds, Stopping threads took: 0.0000590 seconds
183.581: Application time: 0.0348060 seconds
183.581: [GC183.581: [ParNew: 15838K->1426K(16640K), 0.0006520 secs] 41870K->27458K(55552K), 0.0006790 secs] [Times: user=0.01 sys=0.00, real=0.00 secs] 
183.582: Total time for which application threads were stopped: 0.0008110 seconds, Stopping threads took: 0.0000640 seconds
183.621: Application time: 0.0391410 seconds
183.621: [GC183.621: [ParNew: 16272K->1256K(16640K), 0.0006430 secs] 42304K->27725K(55552K), 0.0006700 secs] [Times: user=0.00 sys=0.00, real=0.00 secs] 
183.622: Total time for which application threads were stopped: 0.0007830 seconds, Stopping threads took: 0.0000530 seconds
183.672: Application time: 0.0497750 seconds
183.672: [GC183.672: [ParNew: 16101K->801K(16640K), 0.0005500 secs] 42570K->27766K(55552K), 0.0005860 secs] [Times: user=0.01 sys=0.00, real=0.00 secs] 
183.672: Total time for which application threads were stopped: 0.0007090 seconds, Stopping threads took: 0.0000650 seconds
183.736: Application time: 0.0640110 seconds
183.736: [GC183.736: [ParNew: 15645K->658K(16640K), 0.0005060 secs] 42610K->27623K(55552K), 0.0005340 secs] [Times: user=0.00 sys=0.00, real=0.00 secs] 
183.737: Total time for which application threads were stopped: 0.0006630 seconds, Stopping threads took: 0.0000790 seconds
183.800: Application time: 0.0629980 seconds
183.800: [GC183.800: [ParNew: 15503K->876K(16640K), 0.0004320 secs] 42468K->27841K(55552K), 0.0004590 secs] [Times: user=0.00 sys=0.00, real=0.00 secs] 
183.800: Total time for which application threads were stopped: 0.0005730 seconds, Stopping threads took: 0.0000600 seconds
183.866: Application time: 0.0650220 seconds
183.866: [GC183.866: [ParNew: 15723K->921K(16640K), 0.0004290 secs] 42688K->27886K(55552K), 0.0004550 secs] [Times: user=0.00 sys=0.00, real=0.00 secs] 
183.866: Total time for which application threads were stopped: 0.0005750 seconds, Stopping threads took: 0.0000650 seconds
183.930: Application time: 0.0634730 seconds
183.931: [GC183.931: [ParNew: 15768K->1309K(16640K), 0.0004870 secs] 42733K->28273K(55552K), 0.0005140 secs] [Times: user=0.01 sys=0.00, real=0.00 secs] 
183.932: Total time for which application threads were stopped: 0.0020980 seconds, Stopping threads took: 0.0015250 seconds
183.993: Application time: 0.0614680 seconds
183.993: [GC183.993: [ParNew: 16128K->1135K(16640K), 0.0005400 secs] 43093K->28129K(55552K), 0.0005660 secs] [Times: user=0.01 sys=0.00, real=0.00 secs] 
183.994: Total time for which application threads were stopped: 0.0006780 seconds, Stopping threads took: 0.0000590 seconds
184.057: Application time: 0.0635380 seconds
184.057: [GC184.057: [ParNew: 15979K->1321K(16640K), 0.0005600 secs] 42973K->28315K(55552K), 0.0005870 secs] [Times: user=0.01 sys=0.00, real=0.00 secs] 
184.058: Total time for which application threads were stopped: 0.0006920 seconds, Stopping threads took: 0.0000490 seconds
184.124: Application time: 0.0654820 seconds
184.124: [GC184.124: [ParNew: 16165K->709K(16640K), 0.0006000 secs] 43159K->28334K(55552K), 0.0006260 secs] [Times: user=0.00 sys=0.00, real=0.00 secs] 
184.124: Total time for which application threads were stopped: 0.0007900 seconds, Stopping threads took: 0.0000950 seconds
184.191: Application time: 0.0668510 seconds
184.191: [GC184.191: [ParNew: 15556K->551K(16640K), 0.0003820 secs] 43181K->28176K(55552K), 0.0004100 secs] [Times: user=0.00 sys=0.00, real=0.00 secs] 
184.192: Total time for which application threads were stopped: 0.0005280 seconds, Stopping threads took: 0.0000670 seconds
184.259: Application time: 0.0670380 seconds
184.259: [GC184.259: [ParNew: 15398K->561K(16640K), 0.0003780 secs] 43023K->28187K(55552K), 0.0004050 secs] [Times: user=0.01 sys=0.00, real=0.01 secs] 
184.259: Total time for which application threads were stopped: 0.0005170 seconds, Stopping threads took: 0.0000570 seconds
184.326: Application time: 0.0670460 seconds
184.326: [GC184.326: [ParNew: 15409K->557K(16640K), 0.0004100 secs] 43034K->28183K(55552K), 0.0004370 secs] [Times: user=0.01 sys=0.00, real=0.00 secs] 
184.327: Total time for which application threads were stopped: 0.0005680 seconds, Stopping threads took: 0.0000740 seconds
184.394: Application time: 0.0672140 seconds
184.394: [GC184.394: [ParNew: 15405K->565K(16640K), 0.0003850 secs] 43030K->28190K(55552K), 0.0004110 secs] [Times: user=0.01 sys=0.00, real=0.00 secs] 
184.395: Total time for which application threads were stopped: 0.0005250 seconds, Stopping threads took: 0.0000630 seconds
184.462: Application time: 0.0672320 seconds
184.462: [GC184.462: [ParNew: 15412K->220K(16640K), 0.0004140 secs] 43038K->28165K(55552K), 0.0004430 secs] [Times: user=0.01 sys=0.00, real=0.00 secs] 
184.462: Total time for which application threads were stopped: 0.0005610 seconds, Stopping threads took: 0.0000540 seconds
184.530: Application time: 0.0675350 seconds
184.530: [GC184.530: [ParNew: 15068K->0K(16640K), 0.0003810 secs] 43012K->28134K(55552K), 0.0004090 secs] [Times: user=0.00 sys=0.00, real=0.00 secs] 
184.530: Total time for which application threads were stopped: 0.0005140 seconds, Stopping threads took: 0.0000490 seconds
184.598: Application time: 0.0676040 seconds
184.598: [GC184.598: [ParNew: 14847K->0K(16640K), 0.0002790 secs] 42981K->28134K(55552K), 0.0003080 secs] [Times: user=0.01 sys=0.00, real=0.00 secs] 
184.599: Total time for which application threads were stopped: 0.0004390 seconds, Stopping threads took: 0.0000800 seconds
184.657: Application time: 0.0583760 seconds
184.657: [GC184.657: [ParNew: 14846K->194K(16640K), 0.0003230 secs] 42980K->28328K(55552K), 0.0003490 secs] [Times: user=0.00 sys=0.00, real=0.00 secs] 
184.657: Total time for which application threads were stopped: 0.0004670 seconds, Stopping threads took: 0.0000560 seconds
184.703: Application time: 0.0460620 seconds
184.704: [GC184.704: [ParNew: 15040K->385K(16640K), 0.0003590 secs] 43174K->28519K(55552K), 0.0003860 secs] [Times: user=0.00 sys=0.00, real=0.00 secs] 
184.704: Total time for which application threads were stopped: 0.0005050 seconds, Stopping threads took: 0.0000640 seconds
184.759: Application time: 0.0548170 seconds
184.759: [GC184.759: [ParNew: 15230K->396K(16640K), 0.0003590 secs] 43364K->28531K(55552K), 0.0003870 secs] [Times: user=0.00 sys=0.00, real=0.01 secs] 
184.759: Total time for which application threads were stopped: 0.0005090 seconds, Stopping threads took: 0.0000630 seconds
184.824: Application time: 0.0650880 seconds
184.824: [GC184.824: [ParNew: 15241K->404K(16640K), 0.0003560 secs] 43375K->28538K(55552K), 0.0003830 secs] [Times: user=0.00 sys=0.00, real=0.00 secs] 
184.825: Total time for which application threads were stopped: 0.0005100 seconds, Stopping threads took: 0.0000680 seconds
184.891: Application time: 0.0663960 seconds
184.891: [GC184.891: [ParNew: 15251K->401K(16640K), 0.0004240 secs] 43386K->28536K(55552K), 0.0004520 secs] [Times: user=0.00 sys=0.00, real=0.00 secs] 
184.892: Total time for which application threads were stopped: 0.0005640 seconds, Stopping threads took: 0.0000610 seconds
184.959: Application time: 0.0668190 seconds
184.959: [GC184.959: [ParNew: 15249K->419K(16640K), 0.0003590 secs] 43383K->28553K(55552K), 0.0003880 secs] [Times: user=0.00 sys=0.00, real=0.01 secs] 
184.959: Total time for which application threads were stopped: 0.0005050 seconds, Stopping threads took: 0.0000600 seconds
185.026: Application time: 0.0667670 seconds
185.026: [GC185.026: [ParNew: 15266K->417K(16640K), 0.0003900 secs] 43401K->28552K(55552K), 0.0004170 secs] [Times: user=0.00 sys=0.00, real=0.00 secs] 
185.026: Total time for which application threads were stopped: 0.0005400 seconds, Stopping threads took: 0.0000660 seconds
185.087: Application time: 0.0601620 seconds
185.087: [GC185.087: [ParNew: 15261K->651K(16640K), 0.0004100 secs] 43396K->28785K(55552K), 0.0004370 secs] [Times: user=0.00 sys=0.00, real=0.01 secs] 
185.087: Total time for which application threads were stopped: 0.0005420 seconds, Stopping threads took: 0.0000460 seconds
185.136: Application time: 0.0492880 seconds
185.137: [GC185.137: [ParNew: 15495K->683K(16640K), 0.0004380 secs] 43629K->28817K(55552K), 0.0004640 secs] [Times: user=0.00 sys=0.00, real=0.00 secs] 
185.137: Total time for which application threads were stopped: 0.0005660 seconds, Stopping threads took: 0.0000450 seconds
185.202: Application time: 0.0650200 seconds
185.202: [GC185.202: [ParNew: 15528K->696K(16640K), 0.0004820 secs] 43662K->28831K(55552K), 0.0005090 secs] [Times: user=0.00 sys=0.00, real=0.00 secs] 
185.203: Total time for which application threads were stopped: 0.0006510 seconds, Stopping threads took: 0.0000790 seconds
185.257: Application time: 0.0545260 seconds
185.257: [GC185.257: [ParNew: 15543K->1164K(16640K), 0.0005030 secs] 43677K->29298K(55552K), 0.0005400 secs] [Times: user=0.00 sys=0.00, real=0.00 secs] 
185.258: Total time for which application threads were stopped: 0.0006360 seconds, Stopping threads took: 0.0000370 seconds
185.294: Application time: 0.0358050 seconds
185.294: [GC185.294: [ParNew: 16010K->1247K(16640K), 0.0005630 secs] 44145K->29600K(55552K), 0.0005900 secs] [Times: user=0.00 sys=0.00, real=0.00 secs] 
185.294: Total time for which application threads were stopped: 0.0006960 seconds, Stopping threads took: 0.0000540 seconds
185.330: Application time: 0.0353750 seconds
185.330: [GC185.330: [ParNew: 16094K->1296K(16640K), 0.0006710 secs] 44447K->29868K(55552K), 0.0006970 secs] [Times: user=0.00 sys=0.00, real=0.00 secs] 
185.331: Total time for which application threads were stopped: 0.0008110 seconds, Stopping threads took: 0.0000570 seconds
185.374: Application time: 0.0435220 seconds
185.374: [GC185.374: [ParNew: 16142K->1142K(16640K), 0.0005890 secs] 44713K->29932K(55552K), 0.0006160 secs] [Times: user=0.00 sys=0.00, real=0.00 secs] 
185.375: Total time for which application threads were stopped: 0.0007330 seconds, Stopping threads took: 0.0000580 seconds
185.427: Application time: 0.0519130 seconds
185.427: [GC185.427: [ParNew: 15988K->1206K(16640K), 0.0005260 secs] 44778K->30111K(55552K), 0.0005540 secs] [Times: user=0.00 sys=0.00, real=0.01 secs] 
185.427: Total time for which application threads were stopped: 0.0006370 seconds, Stopping threads took: 0.0000250 seconds
185.491: Application time: 0.0636360 seconds
185.491: [GC185.491: [ParNew: 16053K->698K(16640K), 0.0004960 secs] 44958K->29982K(55552K), 0.0005240 secs] [Times: user=0.00 sys=0.00, real=0.00 secs] 
185.492: Total time for which application threads were stopped: 0.0006280 seconds, Stopping threads took: 0.0000520 seconds
185.555: Application time: 0.0634240 seconds
185.555: [GC185.555: [ParNew: 15542K->895K(16640K), 0.0004270 secs] 44827K->30180K(55552K), 0.0004550 secs] [Times: user=0.01 sys=0.00, real=0.00 secs] 
185.556: Total time for which application threads were stopped: 0.0005650 seconds, Stopping threads took: 0.0000550 seconds
185.621: Application time: 0.0655800 seconds
185.621: [GC185.621: [ParNew: 15740K->962K(16640K), 0.0004470 secs] 45025K->30247K(55552K), 0.0004760 secs] [Times: user=0.00 sys=0.00, real=0.00 secs] 
185.622: Total time for which application threads were stopped: 0.0006060 seconds, Stopping threads took: 0.0000730 seconds
185.685: Application time: 0.0631540 seconds
185.685: [GC185.685: [ParNew: 15807K->1284K(16640K), 0.0005150 secs] 45092K->30569K(55552K), 0.0005430 secs] [Times: user=0.00 sys=0.00, real=0.00 secs] 
185.686: Total time for which application threads were stopped: 0.0006610 seconds, Stopping threads took: 0.0000580 seconds
185.748: Application time: 0.0618730 seconds
185.748: [GC185.748: [ParNew: 16131K->1310K(16640K), 0.0004930 secs] 45416K->30624K(55552K), 0.0005190 secs] [Times: user=0.00 sys=0.00, real=0.00 secs] 
185.748: Total time for which application threads were stopped: 0.0006340 seconds, Stopping threads took: 0.0000510 seconds
185.812: Application time: 0.0637290 seconds
185.812: [GC185.812: [ParNew: 16157K->1095K(16640K), 0.0006120 secs] 45471K->30599K(55552K), 0.0006410 secs] [Times: user=0.00 sys=0.00, real=0.00 secs] 
185.813: Total time for which application threads were stopped: 0.0007480 seconds, Stopping threads took: 0.0000510 seconds
185.879: Application time: 0.0666140 seconds
185.879: [GC185.879: [ParNew: 15942K->945K(16640K), 0.0004810 secs] 45447K->30639K(55552K), 0.0005070 secs] [Times: user=0.01 sys=0.00, real=0.00 secs] 
185.880: Total time for which application threads were stopped: 0.0006230 seconds, Stopping threads took: 0.0000600 seconds
185.946: Application time: 0.0665850 seconds
185.947: [GC185.947: [ParNew: 15792K->830K(16640K), 0.0004310 secs] 45486K->30525K(55552K), 0.0004580 secs] [Times: user=0.00 sys=0.00, real=0.00 secs] 
185.947: Total time for which application threads were stopped: 0.0005710 seconds, Stopping threads took: 0.0000630 seconds
186.014: Application time: 0.0670350 seconds
186.014: [GC186.014: [ParNew: 15676K->869K(16640K), 0.0004310 secs] 45370K->30563K(55552K), 0.0004660 secs] [Times: user=0.00 sys=0.00, real=0.00 secs] 
186.015: Total time for which application threads were stopped: 0.0005990 seconds, Stopping threads took: 0.0000760 seconds
186.082: Application time: 0.0670870 seconds
186.082: [GC186.082: [ParNew: 15716K->840K(16640K), 0.0005030 secs] 45410K->30534K(55552K), 0.0005320 secs] [Times: user=0.01 sys=0.00, real=0.00 secs] 
186.082: Total time for which application threads were stopped: 0.0006680 seconds, Stopping threads took: 0.0000770 seconds
186.149: Application time: 0.0668640 seconds
186.149: [GC186.149: [ParNew: 15687K->493K(16640K), 0.0005440 secs] 45381K->30568K(55552K), 0.0005700 secs] [Times: user=0.00 sys=0.00, real=0.00 secs] 
186.150: Total time for which application threads were stopped: 0.0006840 seconds, Stopping threads took: 0.0000660 seconds
186.217: Application time: 0.0672350 seconds
186.217: [GC186.217: [ParNew: 15340K->0K(16640K), 0.0004180 secs] 45415K->30454K(55552K), 0.0004450 secs] [Times: user=0.00 sys=0.00, real=0.00 secs] 
186.218: Total time for which application threads were stopped: 0.0005600 seconds, Stopping threads took: 0.0000570 seconds
186.285: Application time: 0.0675940 seconds
186.286: [GC186.286: [ParNew: 14847K->0K(16640K), 0.0003150 secs] 45301K->30454K(55552K), 0.0003430 secs] [Times: user=0.00 sys=0.00, real=0.00 secs] 
186.286: Total time for which application threads were stopped: 0.0005010 seconds, Stopping threads took: 0.0000900 seconds
186.353: Application time: 0.0671770 seconds
186.353: [GC186.353: [ParNew: 14847K->0K(16640K), 0.0003530 secs] 45301K->30454K(55552K), 0.0003790 secs] [Times: user=0.00 sys=0.00, real=0.00 secs] 
186.354: Total time for which application threads were stopped: 0.0004960 seconds, Stopping threads took: 0.0000640 seconds
186.406: Application time: 0.0522860 seconds
186.406: [GC186.406: [ParNew: 14844K->194K(16640K), 0.0003340 secs] 45299K->30649K(55552K), 0.0003620 secs] [Times: user=0.00 sys=0.00, real=0.00 secs] 
186.406: Total time for which application threads were stopped: 0.0004670 seconds, Stopping threads took: 0.0000500 seconds
186.453: Application time: 0.0465270 seconds
186.453: [GC186.453: [ParNew: 15038K->385K(16640K), 0.0004000 secs] 45493K->30839K(55552K), 0.0004260 secs] [Times: user=0.00 sys=0.00, real=0.00 secs] 
186.453: Total time for which application threads were stopped: 0.0005290 seconds, Stopping threads took: 0.0000510 seconds
186.513: Application time: 0.0594660 seconds
186.513: [GC186.513: [ParNew: 15230K->395K(16640K), 0.0003590 secs] 45685K->30849K(55552K), 0.0003830 secs] [Times: user=0.01 sys=0.00, real=0.00 secs] 
186.513: Total time for which application threads were stopped: 0.0004910 seconds, Stopping threads took: 0.0000530 seconds
186.578: Application time: 0.0651350 seconds
186.579: [GC186.579: [ParNew: 15239K->403K(16640K), 0.0003910 secs] 45694K->30858K(55552K), 0.0004170 secs] [Times: user=0.01 sys=0.00, real=0.00 secs] 
186.579: Total time for which application threads were stopped: 0.0005360 seconds, Stopping threads took: 0.0000620 seconds
186.646: Application time: 0.0666010 seconds
186.647: [GC186.647: [ParNew: 15250K->407K(16640K), 0.0003250 secs] 45705K->30861K(55552K), 0.0003520 secs] [Times: user=0.00 sys=0.00, real=0.00 secs] 
186.647: Total time for which application threads were stopped: 0.0018780 seconds, Stopping threads took: 0.0014760 seconds
186.714: Application time: 0.0664560 seconds
186.714: [GC186.714: [ParNew: 15254K->399K(16640K), 0.0003450 secs] 45709K->30854K(55552K), 0.0003700 secs] [Times: user=0.01 sys=0.00, real=0.00 secs] 
186.714: Total time for which application threads were stopped: 0.0004770 seconds, Stopping threads took: 0.0000550 seconds
186.781: Application time: 0.0664050 seconds
186.781: [GC186.781: [ParNew: 15247K->440K(16640K), 0.0003640 secs] 45701K->30895K(55552K), 0.0003840 secs] [Times: user=0.00 sys=0.00, real=0.00 secs] 
186.781: Total time for which application threads were stopped: 0.0005090 seconds, Stopping threads took: 0.0000690 seconds
186.834: Application time: 0.0531160 seconds
186.835: [GC186.835: [ParNew: 15284K->636K(16640K), 0.0003910 secs] 45738K->31091K(55552K), 0.0004280 secs] [Times: user=0.01 sys=0.00, real=0.00 secs] 
186.835: Total time for which application threads were stopped: 0.0005590 seconds, Stopping threads took: 0.0000630 seconds
186.890: Application time: 0.0554290 seconds
186.891: [GC186.891: [ParNew: 15484K->662K(16640K), 0.0004220 secs] 45938K->31117K(55552K), 0.0004480 secs] [Times: user=0.00 sys=0.00, real=0.00 secs] 
186.891: Total time for which application threads were stopped: 0.0005560 seconds, Stopping threads took: 0.0000570 seconds
186.956: Application time: 0.0650550 seconds
186.956: [GC186.956: [ParNew: 15510K->690K(16640K), 0.0004400 secs] 45964K->31144K(55552K), 0.0004660 secs] [Times: user=0.00 sys=0.00, real=0.00 secs] 
186.957: Total time for which application threads were stopped: 0.0005800 seconds, Stopping threads took: 0.0000600 seconds
187.002: Application time: 0.0456590 seconds
187.002: [GC187.002: [ParNew: 15535K->1188K(16640K), 0.0005150 secs] 45989K->31643K(55552K), 0.0005420 secs] [Times: user=0.00 sys=0.00, real=0.00 secs] 
187.003: Total time for which application threads were stopped: 0.0006440 seconds, Stopping threads took: 0.0000470 seconds
187.041: Application time: 0.0380730 seconds
187.041: [GC187.041: [ParNew: 16036K->1215K(16640K), 0.0005800 secs] 46491K->31889K(55552K), 0.0006070 secs] [Times: user=0.01 sys=0.00, real=0.00 secs] 
187.042: Total time for which application threads were stopped: 0.0007300 seconds, Stopping threads took: 0.0000710 seconds
187.078: Application time: 0.0363850 seconds
187.078: [GC187.078: [ParNew: 16060K->1291K(16640K), 0.0006500 secs] 46733K->32183K(55552K), 0.0006760 secs] [Times: user=0.00 sys=0.00, real=0.00 secs] 
187.079: Total time for which application threads were stopped: 0.0008100 seconds, Stopping threads took: 0.0000770 seconds
187.122: Application time: 0.0433570 seconds
187.122: [GC187.122: [ParNew: 16138K->1243K(16640K), 0.0005650 secs] 47030K->32354K(55552K), 0.0005950 secs] [Times: user=0.00 sys=0.00, real=0.00 secs] 
187.123: Total time for which application threads were stopped: 0.0007150 seconds, Stopping threads took: 0.0000610 seconds
187.180: Application time: 0.0565620 seconds
187.180: [GC187.180: [ParNew: 16091K->1189K(16640K), 0.0005110 secs] 47201K->32414K(55552K), 0.0005400 secs] [Times: user=0.00 sys=0.00, real=0.00 secs] 
187.180: Total time for which application threads were stopped: 0.0006340 seconds, Stopping threads took: 0.0000360 seconds
187.243: Application time: 0.0629980 seconds
187.243: [GC187.243: [ParNew: 16036K->901K(16640K), 0.0006250 secs] 47261K->32507K(55552K), 0.0006520 secs] [Times: user=0.01 sys=0.00, real=0.00 secs] 
187.244: Total time for which application threads were stopped: 0.0007600 seconds, Stopping threads took: 0.0000570 seconds
187.308: Application time: 0.0642490 seconds
187.308: [GC187.308: [ParNew: 15746K->953K(16640K), 0.0004500 secs] 47351K->32558K(55552K), 0.0004810 secs] [Times: user=0.00 sys=0.00, real=0.00 secs] 
187.309: Total time for which application threads were stopped: 0.0005950 seconds, Stopping threads took: 0.0000580 seconds
187.374: Application time: 0.0651880 seconds
187.374: [GC187.374: [ParNew: 15800K->927K(16640K), 0.0004460 secs] 47405K->32532K(55552K), 0.0004730 secs] [Times: user=0.00 sys=0.00, real=0.00 secs] 
187.375: Total time for which application threads were stopped: 0.0006030 seconds, Stopping threads took: 0.0000620 seconds
187.436: Application time: 0.0616480 seconds
187.436: [GC187.436: [ParNew: 15773K->1299K(16640K), 0.0005800 secs] 47379K->32904K(55552K), 0.0006050 secs] [Times: user=0.01 sys=0.00, real=0.00 secs] 
187.437: Total time for which application threads were stopped: 0.0007430 seconds, Stopping threads took: 0.0000820 seconds
187.499: Application time: 0.0620630 seconds
187.499: [GC187.499: [ParNew: 16145K->1356K(16640K), 0.0005020 secs] 47750K->32990K(55552K), 0.0005300 secs] [Times: user=0.01 sys=0.00, real=0.00 secs] 
187.500: Total time for which application threads were stopped: 0.0006390 seconds, Stopping threads took: 0.0000490 seconds
187.564: Application time: 0.0647590 seconds
187.565: [GC187.565: [ParNew: 16200K->1140K(16640K), 0.0005550 secs] 47834K->32965K(55552K), 0.0005820 secs] [Times: user=0.00 sys=0.00, real=0.00 secs] 
187.565: Total time for which application threads were stopped: 0.0006870 seconds, Stopping threads took: 0.0000490 seconds
187.632: Application time: 0.0667720 seconds
187.632: [GC187.632: [ParNew: 15988K->733K(16640K), 0.0005220 secs] 47812K->32938K(55552K), 0.0005510 secs] [Times: user=0.01 sys=0.00, real=0.00 secs] 
187.633: Total time for which application threads were stopped: 0.0006880 seconds, Stopping threads took: 0.0000780 seconds
187.700: Application time: 0.0669750 seconds
187.700: [GC187.700: [ParNew: 15581K->654K(16640K), 0.0004220 secs] 47785K->32859K(55552K), 0.0004470 secs] [Times: user=0.01 sys=0.00, real=0.00 secs] 
187.700: Total time for which application threads were stopped: 0.0005580 seconds, Stopping threads took: 0.0000600 seconds
187.767: Application time: 0.0667740 seconds
187.767: [GC187.767: [ParNew: 15502K->652K(16640K), 0.0004040 secs] 47706K->32857K(55552K), 0.0004320 secs] [Times: user=0.00 sys=0.00, real=0.00 secs] 
187.768: Total time for which application threads were stopped: 0.0005510 seconds, Stopping threads took: 0.0000600 seconds
187.835: Application time: 0.0670220 seconds
187.835: [GC187.835: [ParNew: 15500K->616K(16640K), 0.0003860 secs] 47704K->32821K(55552K), 0.0004170 secs] [Times: user=0.00 sys=0.00, real=0.00 secs] 
187.835: Total time for which application threads were stopped: 0.0005280 seconds, Stopping threads took: 0.0000510 seconds
187.903: Application time: 0.0675250 seconds
187.903: [GC187.903: [ParNew: 15463K->281K(16640K), 0.0004210 secs] 47668K->32865K(55552K), 0.0004490 secs] [Times: user=0.00 sys=0.00, real=0.00 secs] 
187.903: Total time for which application threads were stopped: 0.0005760 seconds, Stopping threads took: 0.0000620 seconds
187.970: Application time: 0.0672800 seconds
187.971: [GC187.971: [ParNew: 15128K->0K(16640K), 0.0003370 secs] 47713K->32774K(55552K), 0.0003630 secs] [Times: user=0.01 sys=0.00, real=0.00 secs] 
187.971: Total time for which application threads were stopped: 0.0004680 seconds, Stopping threads took: 0.0000470 seconds
188.039: Application time: 0.0680690 seconds
188.039: [GC188.039: [ParNew: 14845K->0K(16640K), 0.0003340 secs] 47620K->32774K(55552K), 0.0003610 secs] [Times: user=0.00 sys=0.00, real=0.00 secs] 
188.039: Total time for which application threads were stopped: 0.0005000 seconds, Stopping threads took: 0.0000780 seconds
188.107: Application time: 0.0671350 seconds
188.107: [GC188.107: [ParNew: 14847K->0K(16640K), 0.0002890 secs] 47622K->32774K(55552K), 0.0003150 secs] [Times: user=0.00 sys=0.00, real=0.01 secs] 
188.107: Total time for which application threads were stopped: 0.0004380 seconds, Stopping threads took: 0.0000710 seconds
188.155: Application time: 0.0478860 seconds
188.155: [GC188.155: [ParNew: 14846K->380K(16640K), 0.0003640 secs] 47621K->33155K(55552K), 0.0003960 secs] [Times: user=0.00 sys=0.01, real=0.00 secs] 
188.155: Total time for which application threads were stopped: 0.0004920 seconds, Stopping threads took: 0.0000400 seconds
188.201: Application time: 0.0454780 seconds
188.201: [GC188.201: [ParNew: 15226K->392K(16640K), 0.0003530 secs] 48001K->33167K(55552K), 0.0003820 secs] [Times: user=0.00 sys=0.00, real=0.00 secs] 
188.201: Total time for which application threads were stopped: 0.0004880 seconds, Stopping threads took: 0.0000530 seconds
188.265: Application time: 0.0637040 seconds
188.265: [GC188.265: [ParNew: 15237K->409K(16640K), 0.0003720 secs] 48012K->33184K(55552K), 0.0003980 secs] [Times: user=0.00 sys=0.00, real=0.00 secs] 
188.266: Total time for which application threads were stopped: 0.0004840 seconds, Stopping threads took: 0.0000300 seconds
188.332: Application time: 0.0663140 seconds
188.332: [GC188.332: [ParNew: 15257K->409K(16640K), 0.0003740 secs] 48031K->33184K(55552K), 0.0004010 secs] [Times: user=0.01 sys=0.00, real=0.00 secs] 
188.332: Total time for which application threads were stopped: 0.0005100 seconds, Stopping threads took: 0.0000510 seconds
188.399: Application time: 0.0666680 seconds
188.403: [GC188.403: [ParNew: 15255K->411K(16640K), 0.0005970 secs] 48030K->33186K(55552K), 0.0006250 secs] [Times: user=0.01 sys=0.00, real=0.00 secs] 
188.404: Total time for which application threads were stopped: 0.0046630 seconds, Stopping threads took: 0.0039750 seconds
188.470: Application time: 0.0665820 seconds
188.470: [GC188.470: [ParNew: 15258K->419K(16640K), 0.0004350 secs] 48033K->33194K(55552K), 0.0004630 secs] [Times: user=0.00 sys=0.00, real=0.00 secs] 
188.471: Total time for which application threads were stopped: 0.0005690 seconds, Stopping threads took: 0.0000480 seconds
188.536: Application time: 0.0649810 seconds
188.536: [GC188.536: [ParNew: 15264K->607K(16640K), 0.0004310 secs] 48039K->33382K(55552K), 0.0004600 secs] [Times: user=0.00 sys=0.00, real=0.00 secs] 
188.536: Total time for which application threads were stopped: 0.0005990 seconds, Stopping threads took: 0.0000810 seconds
188.582: Application time: 0.0452450 seconds
188.582: Total time for which application threads were stopped: 0.0000870 seconds, Stopping threads took: 0.0000640 seconds
188.582: Application time: 0.0000370 seconds
188.582: [GC188.582: [ParNew: 15534K->654K(16640K), 0.0004010 secs] 48309K->33428K(55552K), 0.0004250 secs] [Times: user=0.01 sys=0.00, real=0.00 secs] 
188.582: Total time for which application threads were stopped: 0.0004970 seconds, Stopping threads took: 0.0000340 seconds
188.646: Application time: 0.0636720 seconds
188.646: [GC188.646: [ParNew: 15497K->699K(16640K), 0.0003790 secs] 48272K->33474K(55552K), 0.0004050 secs] [Times: user=0.00 sys=0.00, real=0.00 secs] 
188.647: Total time for which application threads were stopped: 0.0004920 seconds, Stopping threads took: 0.0000360 seconds
188.713: Application time: 0.0662950 seconds
188.713: [GC188.713: [ParNew: 15546K->748K(16640K), 0.0004390 secs] 48321K->33523K(55552K), 0.0004670 secs] [Times: user=0.00 sys=0.00, real=0.00 secs] 
188.713: Total time for which application threads were stopped: 0.0005950 seconds, Stopping threads took: 0.0000720 seconds
188.752: Application time: 0.0390630 seconds
188.753: [GC188.753: [ParNew: 15592K->1231K(16640K), 0.0005230 secs] 48367K->34006K(55552K), 0.0005510 secs] [Times: user=0.01 sys=0.00, real=0.00 secs] 
188.753: Total time for which application threads were stopped: 0.0006780 seconds, Stopping threads took: 0.0000730 seconds
188.793: Application time: 0.0400960 seconds
188.793: [GC188.793: [ParNew: 16078K->1418K(16640K), 0.0006150 secs] 48853K->34411K(55552K), 0.0006420 secs] [Times: user=0.00 sys=0.00, real=0.00 secs] 
188.794: Total time for which application threads were stopped: 0.0007500 seconds, Stopping threads took: 0.0000570 seconds
188.831: Application time: 0.0371110 seconds
188.831: [GC188.831: [ParNew: 16266K->1067K(16640K), 0.0006020 secs] 49259K->34498K(55552K), 0.0006300 secs] [Times: user=0.00 sys=0.00, real=0.00 secs] 
188.832: Total time for which application threads were stopped: 0.0007410 seconds, Stopping threads took: 0.0000510 seconds
188.832: Application time: 0.0000250 seconds
188.832: [GC [1 CMS-initial-mark: 33430K(38912K)] 34509K(55552K), 0.0001080 secs] [Times: user=0.00 sys=0.00, real=0.00 secs] 
188.832: Total time for which application threads were stopped: 0.0001560 seconds, Stopping threads took: 0.0000330 seconds
188.832: [CMS-concurrent-mark-start]
188.838: [CMS-concurrent-mark: 0.005/0.005 secs] [Times: user=0.03 sys=0.00, real=0.00 secs] 
188.838: [CMS-concurrent-preclean-start]
188.838: [CMS-concurrent-preclean: 0.000/0.000 secs] [Times: user=0.00 sys=0.00, real=0.00 secs] 
188.838: [CMS-concurrent-abortable-preclean-start]
188.876: Application time: 0.0441160 seconds
188.876: [GC188.876: [ParNew: 15914K->1215K(16640K), 0.0004870 secs] 49345K->34646K(55552K), 0.0005130 secs] [Times: user=0.00 sys=0.00, real=0.00 secs] 
188.877: Total time for which application threads were stopped: 0.0006250 seconds, Stopping threads took: 0.0000460 seconds
188.937: Application time: 0.0603730 seconds
188.937: [GC188.937: [ParNew: 16062K->958K(16640K), 0.0005490 secs] 49493K->34693K(55552K), 0.0005770 secs] [Times: user=0.00 sys=0.00, real=0.00 secs] 
188.938: Total time for which application threads were stopped: 0.0007070 seconds, Stopping threads took: 0.0000600 seconds
189.000: Application time: 0.0620560 seconds
189.000: [GC189.000: [ParNew: 15802K->1125K(16640K), 0.0004880 secs] 49537K->34860K(55552K), 0.0005160 secs] [Times: user=0.00 sys=0.00, real=0.00 secs] 
189.001: Total time for which application threads were stopped: 0.0006180 seconds, Stopping threads took: 0.0000500 seconds
189.066: Application time: 0.0650170 seconds
189.066: [GC189.066: [ParNew: 15972K->940K(16640K), 0.0005090 secs] 49708K->34866K(55552K), 0.0005370 secs] [Times: user=0.00 sys=0.00, real=0.00 secs] 
189.066: Total time for which application threads were stopped: 0.0006540 seconds, Stopping threads took: 0.0000610 seconds
189.132: Application time: 0.0654690 seconds
189.132: [GC189.132: [ParNew: 15788K->952K(16640K), 0.0004860 secs] 49713K->34878K(55552K), 0.0005140 secs] [Times: user=0.00 sys=0.00, real=0.00 secs] 
189.132: Total time for which application threads were stopped: 0.0006510 seconds, Stopping threads took: 0.0000800 seconds
189.194: Application time: 0.0620480 seconds
189.195: [GC189.195: [ParNew: 15797K->1332K(16640K), 0.0005780 secs] 49722K->35258K(55552K), 0.0006060 secs] [Times: user=0.00 sys=0.00, real=0.00 secs] 
189.195: Total time for which application threads were stopped: 0.0007300 seconds, Stopping threads took: 0.0000730 seconds
189.257: Application time: 0.0622590 seconds
189.257: [GC189.258: [ParNew: 16178K->1340K(16640K), 0.0005170 secs] 50103K->35294K(55552K), 0.0005440 secs] [Times: user=0.00 sys=0.00, real=0.00 secs] 
189.258: Total time for which application threads were stopped: 0.0006510 seconds, Stopping threads took: 0.0000540 seconds
189.323: Application time: 0.0647670 seconds
189.323: [GC189.323: [ParNew: 16186K->1094K(16640K), 0.0005160 secs] 50141K->35238K(55552K), 0.0005440 secs] [Times: user=0.00 sys=0.00, real=0.00 secs] 
189.323: Total time for which application threads were stopped: 0.0006440 seconds, Stopping threads took: 0.0000430 seconds
189.390: Application time: 0.0668030 seconds
189.390: [GC189.390: [ParNew: 15941K->788K(16640K), 0.0005100 secs] 50086K->35313K(55552K), 0.0005380 secs] [Times: user=0.00 sys=0.00, real=0.00 secs] 
189.391: Total time for which application threads were stopped: 0.0006750 seconds, Stopping threads took: 0.0000770 seconds
189.458: Application time: 0.0668870 seconds
189.458: [GC189.458: [ParNew: 15633K->614K(16640K), 0.0004060 secs] 50158K->35139K(55552K), 0.0004320 secs] [Times: user=0.00 sys=0.00, real=0.00 secs] 
189.458: Total time for which application threads were stopped: 0.0005520 seconds, Stopping threads took: 0.0000590 seconds
189.525: Application time: 0.0667950 seconds
189.525: [GC189.525: [ParNew: 15461K->635K(16640K), 0.0003920 secs] 49986K->35160K(55552K), 0.0004190 secs] [Times: user=0.01 sys=0.00, real=0.00 secs] 
189.526: Total time for which application threads were stopped: 0.0005230 seconds, Stopping threads took: 0.0000460 seconds
189.593: Application time: 0.0672390 seconds
189.593: [GC189.593: [ParNew: 15482K->621K(16640K), 0.0005790 secs] 50007K->35146K(55552K), 0.0006070 secs] [Times: user=0.00 sys=0.00, real=0.00 secs] 
189.594: Total time for which application threads were stopped: 0.0007240 seconds, Stopping threads took: 0.0000560 seconds
189.661: Application time: 0.0674390 seconds
189.661: [GC189.661: [ParNew: 15469K->295K(16640K), 0.0004180 secs] 49994K->35200K(55552K), 0.0004440 secs] [Times: user=0.00 sys=0.00, real=0.00 secs] 
189.662: Total time for which application threads were stopped: 0.0005540 seconds, Stopping threads took: 0.0000570 seconds
189.729: Application time: 0.0674740 seconds
189.729: [GC189.729: [ParNew: 15143K->0K(16640K), 0.0004490 secs] 50048K->35095K(55552K), 0.0004850 secs] [Times: user=0.00 sys=0.00, real=0.00 secs] 
189.730: Total time for which application threads were stopped: 0.0006000 seconds, Stopping threads took: 0.0000580 seconds
189.797: Application time: 0.0672630 seconds
189.799: [GC189.799: [ParNew: 14847K->0K(16640K), 0.0003570 secs] 49942K->35095K(55552K), 0.0003850 secs] [Times: user=0.00 sys=0.00, real=0.00 secs] 
189.800: Total time for which application threads were stopped: 0.0025030 seconds, Stopping threads took: 0.0020670 seconds
189.864: Application time: 0.0642050 seconds
189.864: [GC189.864: [ParNew: 14845K->192K(16640K), 0.0003810 secs] 49940K->35287K(55552K), 0.0004080 secs] [Times: user=0.00 sys=0.00, real=0.00 secs] 
189.864: Total time for which application threads were stopped: 0.0005030 seconds, Stopping threads took: 0.0000390 seconds
189.909: Application time: 0.0445500 seconds
189.909: [GC189.909: [ParNew: 15037K->386K(16640K), 0.0003730 secs] 50132K->35482K(55552K), 0.0004010 secs] [Times: user=0.00 sys=0.00, real=0.00 secs] 
189.909: Total time for which application threads were stopped: 0.0005300 seconds, Stopping threads took: 0.0000730 seconds
189.962: Application time: 0.0523190 seconds
189.962: [GC189.962: [ParNew: 15233K->392K(16640K), 0.0003500 secs] 50328K->35487K(55552K), 0.0003770 secs] [Times: user=0.00 sys=0.00, real=0.00 secs] 
189.962: Total time for which application threads were stopped: 0.0004880 seconds, Stopping threads took: 0.0000490 seconds
190.026: Application time: 0.0643580 seconds
190.027: [GC190.027: [ParNew: 15239K->397K(16640K), 0.0003830 secs] 50334K->35492K(55552K), 0.0004070 secs] [Times: user=0.00 sys=0.00, real=0.00 secs] 
190.027: Total time for which application threads were stopped: 0.0005330 seconds, Stopping threads took: 0.0000690 seconds
190.094: Application time: 0.0670540 seconds
190.094: [GC190.094: [ParNew: 15242K->416K(16640K), 0.0003780 secs] 50337K->35511K(55552K), 0.0004050 secs] [Times: user=0.00 sys=0.00, real=0.00 secs] 
190.095: Total time for which application threads were stopped: 0.0005270 seconds, Stopping threads took: 0.0000620 seconds
190.161: Application time: 0.0666160 seconds
190.161: [GC190.161: [ParNew: 15264K->401K(16640K), 0.0004170 secs] 50359K->35496K(55552K), 0.0004450 secs] [Times: user=0.00 sys=0.00, real=0.00 secs] 
190.162: Total time for which application threads were stopped: 0.0005580 seconds, Stopping threads took: 0.0000600 seconds
190.229: Application time: 0.0667270 seconds
190.229: [GC190.229: [ParNew: 15248K->434K(16640K), 0.0004620 secs] 50343K->35529K(55552K), 0.0004890 secs] [Times: user=0.00 sys=0.00, real=0.00 secs] 
190.229: Total time for which application threads were stopped: 0.0006260 seconds, Stopping threads took: 0.0000800 seconds
190.286: Application time: 0.0571640 seconds
190.286: [GC190.286: [ParNew: 15281K->651K(16640K), 0.0004780 secs] 50376K->35746K(55552K), 0.0005050 secs] [Times: user=0.00 sys=0.00, real=0.00 secs] 
190.287: Total time for which application threads were stopped: 0.0006220 seconds, Stopping threads took: 0.0000590 seconds
190.339: Application time: 0.0518730 seconds
190.339: [GC190.339: [ParNew: 15497K->662K(16640K), 0.0004270 secs] 50592K->35757K(55552K), 0.0004540 secs] [Times: user=0.00 sys=0.00, real=0.01 secs] 
190.339: Total time for which application threads were stopped: 0.0005630 seconds, Stopping threads took: 0.0000520 seconds
190.404: Application time: 0.0649310 seconds
190.404: [GC190.404: [ParNew: 15509K->720K(16640K), 0.0004500 secs] 50604K->35815K(55552K), 0.0004770 secs] [Times: user=0.00 sys=0.00, real=0.00 secs] 
190.405: Total time for which application threads were stopped: 0.0006060 seconds, Stopping threads took: 0.0000790 seconds
190.465: Application time: 0.0605410 seconds
190.466: [GC190.466: [ParNew: 15568K->941K(16640K), 0.0004540 secs] 50663K->36036K(55552K), 0.0004810 secs] [Times: user=0.00 sys=0.00, real=0.00 secs] 
190.466: Total time for which application threads were stopped: 0.0006190 seconds, Stopping threads took: 0.0000680 seconds
190.503: Application time: 0.0366940 seconds
190.503: [GC190.503: [ParNew: 15788K->1222K(16640K), 0.0005710 secs] 50883K->36317K(55552K), 0.0006070 secs] [Times: user=0.01 sys=0.00, real=0.00 secs] 
190.503: Total time for which application threads were stopped: 0.0007130 seconds, Stopping threads took: 0.0000540 seconds
190.549: Application time: 0.0451360 seconds
190.549: [GC190.549: [ParNew: 16068K->1301K(16640K), 0.0007160 secs] 51164K->36833K(55552K), 0.0007450 secs] [Times: user=0.01 sys=0.00, real=0.00 secs] 
190.549: Total time for which application threads were stopped: 0.0008550 seconds, Stopping threads took: 0.0000560 seconds
190.584: Application time: 0.0345370 seconds
190.584: [GC190.584: [ParNew: 16148K->1292K(16640K), 0.0006440 secs] 51680K->37043K(55552K), 0.0006710 secs] [Times: user=0.01 sys=0.00, real=0.00 secs] 
190.585: Total time for which application threads were stopped: 0.0007890 seconds, Stopping threads took: 0.0000590 seconds
190.633: Application time: 0.0482720 seconds
190.633: [GC190.633: [ParNew: 16135K->554K(16640K), 0.0005950 secs] 51886K->37179K(55552K), 0.0006240 secs] [Times: user=0.00 sys=0.00, real=0.00 secs] 
190.634: Total time for which application threads were stopped: 0.0007460 seconds, Stopping threads took: 0.0000620 seconds
190.696: Application time: 0.0619180 seconds
190.696: [GC190.696: [ParNew: 15400K->631K(16640K), 0.0004090 secs] 52026K->37257K(55552K), 0.0004370 secs] [Times: user=0.00 sys=0.00, real=0.00 secs] 
190.696: Total time for which application threads were stopped: 0.0005680 seconds, Stopping threads took: 0.0000780 seconds
190.760: Application time: 0.0635550 seconds
190.760: [GC190.760: [ParNew: 15476K->852K(16640K), 0.0004840 secs] 52102K->37478K(55552K), 0.0005100 secs] [Times: user=0.01 sys=0.00, real=0.00 secs] 
190.761: Total time for which application threads were stopped: 0.0006280 seconds, Stopping threads took: 0.0000650 seconds
190.826: Application time: 0.0655270 seconds
190.826: [GC190.826: [ParNew: 15697K->901K(16640K), 0.0004890 secs] 52323K->37527K(55552K), 0.0005180 secs] [Times: user=0.01 sys=0.00, real=0.00 secs] 
190.827: Total time for which application threads were stopped: 0.0006620 seconds, Stopping threads took: 0.0000870 seconds
190.891: Application time: 0.0642120 seconds
190.891: [GC190.891: [ParNew: 15746K->1139K(16640K), 0.0004710 secs] 52372K->37765K(55552K), 0.0005050 secs] [Times: user=0.00 sys=0.01, real=0.00 secs] 
190.892: Total time for which application threads were stopped: 0.0006300 seconds, Stopping threads took: 0.0000670 seconds
190.954: Application time: 0.0628170 seconds
190.954: [GC190.954: [ParNew: 15985K->779K(16640K), 0.0006210 secs] 52611K->38004K(55552K), 0.0006480 secs] [Times: user=0.00 sys=0.00, real=0.00 secs] 
190.955: Total time for which application threads were stopped: 0.0007690 seconds, Stopping threads took: 0.0000670 seconds
191.017: Application time: 0.0622390 seconds
191.017: [GC191.017: [ParNew: 15623K->1193K(16640K), 0.0004840 secs] 52848K->38418K(55552K), 0.0005100 secs] [Times: user=0.00 sys=0.00, real=0.00 secs] 
191.018: Total time for which application threads were stopped: 0.0006320 seconds, Stopping threads took: 0.0000560 seconds
191.084: Application time: 0.0660140 seconds
191.084: [GC191.084: [ParNew: 16041K->662K(16640K), 0.0005540 secs] 53265K->38457K(55552K), 0.0005820 secs] [Times: user=0.00 sys=0.00, real=0.00 secs] 
191.085: Total time for which application threads were stopped: 0.0006960 seconds, Stopping threads took: 0.0000540 seconds
191.152: Application time: 0.0673070 seconds
191.152: [GC191.152: [ParNew: 15509K->622K(16640K), 0.0005220 secs] 53304K->38417K(55552K), 0.0005490 secs] [Times: user=0.01 sys=0.00, real=0.00 secs] 
191.153: Total time for which application threads were stopped: 0.0006790 seconds, Stopping threads took: 0.0000780 seconds
191.220: Application time: 0.0673670 seconds
191.220: [GC191.220: [ParNew: 15468K->632K(16640K), 0.0004490 secs] 53262K->38427K(55552K), 0.0004770 secs] [Times: user=0.00 sys=0.00, real=0.00 secs] 
191.221: Total time for which application threads were stopped: 0.0006390 seconds, Stopping threads took: 0.0000970 seconds
191.288: Application time: 0.0674290 seconds
191.288: [GC191.288: [ParNew: 15479K->661K(16640K), 0.0003950 secs] 53274K->38456K(55552K), 0.0004230 secs] [Times: user=0.00 sys=0.00, real=0.00 secs] 
191.289: Total time for which application threads were stopped: 0.0005490 seconds, Stopping threads took: 0.0000670 seconds
191.356: Application time: 0.0674360 seconds
191.356: [GC191.356: [ParNew: 15508K->665K(16640K), 0.0004110 secs] 53303K->38459K(55552K), 0.0004400 secs] [Times: user=0.00 sys=0.00, real=0.00 secs] 
191.357: Total time for which application threads were stopped: 0.0005490 seconds, Stopping threads took: 0.0000570 seconds
191.424: Application time: 0.0671260 seconds
191.424: [GC191.424: [ParNew: 15512K->279K(16640K), 0.0004570 secs] 53307K->38453K(55552K), 0.0004840 secs] [Times: user=0.00 sys=0.00, real=0.00 secs] 
191.424: Total time for which application threads were stopped: 0.0005970 seconds, Stopping threads took: 0.0000560 seconds
191.492: Application time: 0.0678270 seconds
191.492: [GC191.492: [ParNew: 15126K->15126K(16640K), 0.0000130 secs]191.492: [CMS191.492: [CMS-concurrent-abortable-preclean: 0.023/2.655 secs] [Times: user=20.97 sys=0.02, real=2.66 secs] 
 (concurrent mode failure): 38174K->3140K(38912K), 0.0082600 secs] 53301K->3140K(55552K), [CMS Perm : 5577K->5577K(21248K)], 0.0083220 secs] [Times: user=0.01 sys=0.00, real=0.01 secs] 
191.501: Total time for which application threads were stopped: 0.0084620 seconds, Stopping threads took: 0.0000670 seconds
191.568: Application time: 0.0673870 seconds
191.568: [GC191.568: [ParNew: 14847K->0K(16640K), 0.0003730 secs] 17987K->3140K(55552K), 0.0004020 secs] [Times: user=0.00 sys=0.00, real=0.00 secs] 
191.569: Total time for which application threads were stopped: 0.0005700 seconds, Stopping threads took: 0.0001030 seconds
191.622: Application time: 0.0532600 seconds
191.622: [GC191.622: [ParNew: 14848K->194K(16640K), 0.0003480 secs] 17988K->3335K(55552K), 0.0003770 secs] [Times: user=0.00 sys=0.00, real=0.00 secs] 
191.622: Total time for which application threads were stopped: 0.0004760 seconds, Stopping threads took: 0.0000420 seconds
191.670: Application time: 0.0471590 seconds
191.670: [GC191.670: [ParNew: 15041K->386K(16640K), 0.0003310 secs] 18181K->3526K(55552K), 0.0003570 secs] [Times: user=0.01 sys=0.00, real=0.00 secs] 
191.670: Total time for which application threads were stopped: 0.0004710 seconds, Stopping threads took: 0.0000560 seconds
191.728: Application time: 0.0581530 seconds
191.728: [GC191.728: [ParNew: 15233K->393K(16640K), 0.0003550 secs] 18374K->3533K(55552K), 0.0003820 secs] [Times: user=0.00 sys=0.00, real=0.00 secs] 
191.729: Total time for which application threads were stopped: 0.0005010 seconds, Stopping threads took: 0.0000630 seconds
191.794: Application time: 0.0653210 seconds
191.794: [GC191.794: [ParNew: 15239K->402K(16640K), 0.0004030 secs] 18380K->3543K(55552K), 0.0004290 secs] [Times: user=0.00 sys=0.00, real=0.00 secs] 
191.795: Total time for which application threads were stopped: 0.0005600 seconds, Stopping threads took: 0.0000760 seconds
191.861: Application time: 0.0663260 seconds
191.861: [GC191.861: [ParNew: 15250K->412K(16640K), 0.0003320 secs] 18390K->3552K(55552K), 0.0003580 secs] [Times: user=0.00 sys=0.00, real=0.00 secs] 
191.861: Total time for which application threads were stopped: 0.0004700 seconds, Stopping threads took: 0.0000590 seconds
191.928: Application time: 0.0666490 seconds
191.928: [GC191.928: [ParNew: 15259K->414K(16640K), 0.0003590 secs] 18400K->3555K(55552K), 0.0003870 secs] [Times: user=0.01 sys=0.00, real=0.00 secs] 
191.929: Total time for which application threads were stopped: 0.0005010 seconds, Stopping threads took: 0.0000560 seconds
191.996: Application time: 0.0672610 seconds
191.996: [GC191.996: [ParNew: 15261K->410K(16640K), 0.0003180 secs] 18402K->3551K(55552K), 0.0003410 secs] [Times: user=0.00 sys=0.00, real=0.00 secs] 
191.996: Total time for which application threads were stopped: 0.0004500 seconds, Stopping threads took: 0.0000540 seconds
192.048: Application time: 0.0518870 seconds
192.048: [GC192.048: [ParNew: 15257K->637K(16640K), 0.0003830 secs] 18397K->3778K(55552K), 0.0004180 secs] [Times: user=0.00 sys=0.00, real=0.00 secs] 
192.049: Total time for which application threads were stopped: 0.0005410 seconds, Stopping threads took: 0.0000690 seconds
192.106: Application time: 0.0569410 seconds
192.106: [GC192.106: [ParNew: 15483K->704K(16640K), 0.0003910 secs] 18624K->3845K(55552K), 0.0004180 secs] [Times: user=0.01 sys=0.00, real=0.00 secs] 
192.106: Total time for which application threads were stopped: 0.0005410 seconds, Stopping threads took: 0.0000620 seconds
192.171: Application time: 0.0652790 seconds
192.172: [GC192.172: [ParNew: 15552K->705K(16640K), 0.0004220 secs] 18692K->3846K(55552K), 0.0004480 secs] [Times: user=0.01 sys=0.00, real=0.00 secs] 
192.172: Total time for which application threads were stopped: 0.0005600 seconds, Stopping threads took: 0.0000560 seconds
192.229: Application time: 0.0569580 seconds
192.229: [GC192.229: [ParNew: 15552K->936K(16640K), 0.0005460 secs] 18692K->4077K(55552K), 0.0005720 secs] [Times: user=0.00 sys=0.00, real=0.00 secs] 
192.230: Total time for which application threads were stopped: 0.0006740 seconds, Stopping threads took: 0.0000450 seconds
192.269: Application time: 0.0389240 seconds
192.269: [GC192.269: [ParNew: 15784K->1197K(16640K), 0.0005160 secs] 18924K->4338K(55552K), 0.0005450 secs] [Times: user=0.00 sys=0.00, real=0.00 secs] 
192.269: Total time for which application threads were stopped: 0.0006870 seconds, Stopping threads took: 0.0000850 seconds
192.314: Application time: 0.0446820 seconds
192.314: [GC192.314: [ParNew: 16041K->1379K(16640K), 0.0006230 secs] 19182K->4755K(55552K), 0.0006560 secs] [Times: user=0.00 sys=0.00, real=0.00 secs] 
192.315: Total time for which application threads were stopped: 0.0007540 seconds, Stopping threads took: 0.0000390 seconds
192.345: Application time: 0.0302520 seconds
192.345: [GC192.345: [ParNew: 16224K->1206K(16640K), 0.0006630 secs] 19599K->5019K(55552K), 0.0006900 secs] [Times: user=0.01 sys=0.00, real=0.00 secs] 
192.346: Total time for which application threads were stopped: 0.0008120 seconds, Stopping threads took: 0.0000610 seconds
192.398: Application time: 0.0519340 seconds
192.398: [GC192.398: [ParNew: 15975K->722K(16640K), 0.0005470 secs] 19788K->5030K(55552K), 0.0005760 secs] [Times: user=0.00 sys=0.00, real=0.00 secs] 
192.398: Total time for which application threads were stopped: 0.0007010 seconds, Stopping threads took: 0.0000740 seconds
192.459: Application time: 0.0610060 seconds
192.459: [GC192.459: [ParNew: 15568K->861K(16640K), 0.0004210 secs] 19876K->5169K(55552K), 0.0004480 secs] [Times: user=0.00 sys=0.00, real=0.00 secs] 
192.460: Total time for which application threads were stopped: 0.0005470 seconds, Stopping threads took: 0.0000470 seconds
192.524: Application time: 0.0641780 seconds
192.527: [GC192.527: [ParNew: 15705K->909K(16640K), 0.0004350 secs] 20013K->5217K(55552K), 0.0004610 secs] [Times: user=0.00 sys=0.00, real=0.00 secs] 
192.528: Total time for which application threads were stopped: 0.0034790 seconds, Stopping threads took: 0.0029620 seconds
192.594: Application time: 0.0659110 seconds
192.594: [GC192.594: [ParNew: 15756K->913K(16640K), 0.0004660 secs] 20064K->5221K(55552K), 0.0004940 secs] [Times: user=0.00 sys=0.00, real=0.00 secs] 
192.594: Total time for which application threads were stopped: 0.0006310 seconds, Stopping threads took: 0.0000790 seconds
192.658: Application time: 0.0635920 seconds
192.658: [GC192.658: [ParNew: 15760K->1105K(16640K), 0.0004250 secs] 20068K->5413K(55552K), 0.0004530 secs] [Times: user=0.00 sys=0.00, real=0.00 secs] 
192.658: Total time for which application threads were stopped: 0.0005690 seconds, Stopping threads took: 0.0000530 seconds
192.721: Application time: 0.0628730 seconds
192.721: [GC192.721: [ParNew: 15952K->1275K(16640K), 0.0005020 secs] 20260K->5612K(55552K), 0.0005270 secs] [Times: user=0.01 sys=0.00, real=0.00 secs] 
192.722: Total time for which application threads were stopped: 0.0006380 seconds, Stopping threads took: 0.0000440 seconds
192.784: Application time: 0.0617390 seconds
192.787: [GC192.787: [ParNew: 16120K->1315K(16640K), 0.0006180 secs] 20457K->5652K(55552K), 0.0006470 secs] [Times: user=0.00 sys=0.00, real=0.00 secs] 
192.788: Total time for which application threads were stopped: 0.0042250 seconds, Stopping threads took: 0.0035070 seconds
192.854: Application time: 0.0663120 seconds
192.854: [GC192.854: [ParNew: 16162K->927K(16640K), 0.0005500 secs] 20500K->5645K(55552K), 0.0005790 secs] [Times: user=0.01 sys=0.00, real=0.00 secs] 
192.855: Total time for which application threads were stopped: 0.0006840 seconds, Stopping threads took: 0.0000510 seconds
192.922: Application time: 0.0667380 seconds
192.922: [GC192.922: [ParNew: 15775K->847K(16640K), 0.0004790 secs] 20492K->5564K(55552K), 0.0005080 secs] [Times: user=0.00 sys=0.00, real=0.00 secs] 
192.922: Total time for which application threads were stopped: 0.0006470 seconds, Stopping threads took: 0.0000830 seconds
192.989: Application time: 0.0668720 seconds
192.989: [GC192.989: [ParNew: 15694K->860K(16640K), 0.0004470 secs] 20412K->5577K(55552K), 0.0004750 secs] [Times: user=0.00 sys=0.00, real=0.00 secs] 
192.990: Total time for which application threads were stopped: 0.0006110 seconds, Stopping threads took: 0.0000770 seconds
193.056: Application time: 0.0667510 seconds
193.057: [GC193.057: [ParNew: 15707K->842K(16640K), 0.0004880 secs] 20424K->5560K(55552K), 0.0005150 secs] [Times: user=0.00 sys=0.00, real=0.00 secs] 
193.057: Total time for which application threads were stopped: 0.0006390 seconds, Stopping threads took: 0.0000710 seconds
193.124: Application time: 0.0670090 seconds
193.124: [GC193.124: [ParNew: 15688K->631K(16640K), 0.0004500 secs] 20405K->5538K(55552K), 0.0004780 secs] [Times: user=0.00 sys=0.00, real=0.00 secs] 
193.125: Total time for which application threads were stopped: 0.0005970 seconds, Stopping threads took: 0.0000620 seconds
193.192: Application time: 0.0670700 seconds
193.192: [GC193.192: [ParNew: 15478K->0K(16640K), 0.0004360 secs] 20386K->5477K(55552K), 0.0004630 secs] [Times: user=0.00 sys=0.00, real=0.00 secs] 
193.192: Total time for which application threads were stopped: 0.0005910 seconds, Stopping threads took: 0.0000600 seconds
193.260: Application time: 0.0673060 seconds
193.260: [GC193.260: [ParNew: 14847K->0K(16640K), 0.0002840 secs] 20325K->5477K(55552K), 0.0003120 secs] [Times: user=0.00 sys=0.00, real=0.00 secs] 
193.260: Total time for which application threads were stopped: 0.0004430 seconds, Stopping threads took: 0.0000780 seconds
193.326: Application time: 0.0655180 seconds
193.326: [GC193.326: [ParNew: 14846K->192K(16640K), 0.0003190 secs] 20324K->5670K(55552K), 0.0003460 secs] [Times: user=0.01 sys=0.00, real=0.00 secs] 
193.326: Total time for which application threads were stopped: 0.0004690 seconds, Stopping threads took: 0.0000650 seconds
193.374: Application time: 0.0482780 seconds
193.374: [GC193.374: [ParNew: 15038K->202K(16640K), 0.0003160 secs] 20516K->5679K(55552K), 0.0003430 secs] [Times: user=0.00 sys=0.00, real=0.00 secs] 
193.375: Total time for which application threads were stopped: 0.0004720 seconds, Stopping threads took: 0.0000720 seconds
193.421: Application time: 0.0462030 seconds
193.421: [GC193.421: [ParNew: 15047K->394K(16640K), 0.0003560 secs] 20525K->5872K(55552K), 0.0003800 secs] [Times: user=0.01 sys=0.00, real=0.00 secs] 
193.422: Total time for which application threads were stopped: 0.0004880 seconds, Stopping threads took: 0.0000520 seconds
193.486: Application time: 0.0646350 seconds
193.486: [GC193.486: [ParNew: 15242K->210K(16640K), 0.0003290 secs] 20720K->5688K(55552K), 0.0003540 secs] [Times: user=0.00 sys=0.00, real=0.00 secs] 
193.487: Total time for which application threads were stopped: 0.0004570 seconds, Stopping threads took: 0.0000470 seconds
193.552: Application time: 0.0656900 seconds
193.552: [GC193.552: [ParNew: 15056K->399K(16640K), 0.0003630 secs] 20534K->5877K(55552K), 0.0003880 secs] [Times: user=0.00 sys=0.00, real=0.00 secs] 
193.553: Total time for which application threads were stopped: 0.0005130 seconds, Stopping threads took: 0.0000750 seconds
193.619: Application time: 0.0663020 seconds
193.619: [GC193.619: [ParNew: 15246K->407K(16640K), 0.0003560 secs] 20724K->5885K(55552K), 0.0003830 secs] [Times: user=0.00 sys=0.00, real=0.00 secs] 
193.620: Total time for which application threads were stopped: 0.0005100 seconds, Stopping threads took: 0.0000740 seconds
193.686: Application time: 0.0667630 seconds
193.687: [GC193.687: [ParNew: 15252K->416K(16640K), 0.0003700 secs] 20730K->5894K(55552K), 0.0003970 secs] [Times: user=0.01 sys=0.00, real=0.00 secs] 
193.687: Total time for which application threads were stopped: 0.0005170 seconds, Stopping threads took: 0.0000610 seconds
193.752: Application time: 0.0652280 seconds
193.752: [GC193.752: [ParNew: 15261K->452K(16640K), 0.0003930 secs] 20739K->5930K(55552K), 0.0004180 secs] [Times: user=0.00 sys=0.00, real=0.00 secs] 
193.753: Total time for which application threads were stopped: 0.0005450 seconds, Stopping threads took: 0.0000660 seconds
193.800: Application time: 0.0472060 seconds
193.800: [GC193.800: [ParNew: 15300K->646K(16640K), 0.0004360 secs] 20778K->6124K(55552K), 0.0004630 secs] [Times: user=0.00 sys=0.00, real=0.00 secs] 
193.800: Total time for which application threads were stopped: 0.0005810 seconds, Stopping threads took: 0.0000670 seconds
193.864: Application time: 0.0631770 seconds
193.864: [GC193.864: [ParNew: 15494K->676K(16640K), 0.0004060 secs] 20972K->6154K(55552K), 0.0004330 secs] [Times: user=0.00 sys=0.00, real=0.00 secs] 
193.864: Total time for which application threads were stopped: 0.0005360 seconds, Stopping threads took: 0.0000510 seconds
193.930: Application time: 0.0654420 seconds
193.930: [GC193.930: [ParNew: 15523K->711K(16640K), 0.0005100 secs] 21001K->6189K(55552K), 0.0005370 secs] [Times: user=0.01 sys=0.00, real=0.00 secs] 
193.930: Total time for which application threads were stopped: 0.0006720 seconds, Stopping threads took: 0.0000760 seconds
193.979: Application time: 0.0486620 seconds
193.979: [GC193.979: [ParNew: 15557K->1149K(16640K), 0.0005050 secs] 21035K->6627K(55552K), 0.0005330 secs] [Times: user=0.01 sys=0.00, real=0.00 secs] 
193.980: Total time for which application threads were stopped: 0.0006470 seconds, Stopping threads took: 0.0000560 seconds
194.022: Application time: 0.0427340 seconds
194.022: [GC194.022: [ParNew: 15997K->1053K(16640K), 0.0005870 secs] 21475K->6750K(55552K), 0.0006140 secs] [Times: user=0.00 sys=0.00, real=0.00 secs] 
194.023: Total time for which application threads were stopped: 0.0007170 seconds, Stopping threads took: 0.0000470 seconds
194.067: Application time: 0.0440580 seconds
194.067: [GC194.067: [ParNew: 15900K->1430K(16640K), 0.0006010 secs] 21596K->7127K(55552K), 0.0006280 secs] [Times: user=0.01 sys=0.00, real=0.00 secs] 
194.068: Total time for which application threads were stopped: 0.0007770 seconds, Stopping threads took: 0.0000900 seconds
194.101: Application time: 0.0332760 seconds
194.101: [GC194.101: [ParNew: 16274K->1254K(16640K), 0.0005970 secs] 21971K->7387K(55552K), 0.0006240 secs] [Times: user=0.00 sys=0.00, real=0.00 secs] 
194.102: Total time for which application threads were stopped: 0.0007320 seconds, Stopping threads took: 0.0000560 seconds
194.155: Application time: 0.0531100 seconds
194.155: [GC194.155: [ParNew: 16100K->1017K(16640K), 0.0005740 secs] 22234K->7427K(55552K), 0.0006010 secs] [Times: user=0.01 sys=0.00, real=0.00 secs] 
194.156: Total time for which application threads were stopped: 0.0007230 seconds, Stopping threads took: 0.0000700 seconds
194.217: Application time: 0.0608110 seconds
194.217: [GC194.217: [ParNew: 15862K->1098K(16640K), 0.0005590 secs] 22272K->7508K(55552K), 0.0005860 secs] [Times: user=0.00 sys=0.00, real=0.00 secs] 
194.217: Total time for which application threads were stopped: 0.0006880 seconds, Stopping threads took: 0.0000480 seconds
194.282: Application time: 0.0650210 seconds
194.282: [GC194.282: [ParNew: 15946K->964K(16640K), 0.0005740 secs] 22356K->7592K(55552K), 0.0006100 secs] [Times: user=0.01 sys=0.00, real=0.00 secs] 
194.283: Total time for which application threads were stopped: 0.0007340 seconds, Stopping threads took: 0.0000510 seconds
194.348: Application time: 0.0654160 seconds
194.349: [GC194.349: [ParNew: 15811K->955K(16640K), 0.0004310 secs] 22440K->7583K(55552K), 0.0004580 secs] [Times: user=0.00 sys=0.00, real=0.00 secs] 
194.349: Total time for which application threads were stopped: 0.0005670 seconds, Stopping threads took: 0.0000510 seconds
194.411: Application time: 0.0617100 seconds
194.411: [GC194.411: [ParNew: 15801K->1293K(16640K), 0.0004840 secs] 22429K->7921K(55552K), 0.0005110 secs] [Times: user=0.01 sys=0.00, real=0.00 secs] 
194.411: Total time for which application threads were stopped: 0.0006270 seconds, Stopping threads took: 0.0000630 seconds
194.475: Application time: 0.0637010 seconds
194.475: [GC194.475: [ParNew: 16140K->743K(16640K), 0.0005240 secs] 22768K->7971K(55552K), 0.0005520 secs] [Times: user=0.00 sys=0.00, real=0.00 secs] 
194.476: Total time for which application threads were stopped: 0.0006820 seconds, Stopping threads took: 0.0000730 seconds
194.538: Application time: 0.0626590 seconds
194.539: [GC194.539: [ParNew: 15587K->1025K(16640K), 0.0004480 secs] 22815K->8253K(55552K), 0.0004730 secs] [Times: user=0.00 sys=0.00, real=0.00 secs] 
194.539: Total time for which application threads were stopped: 0.0005920 seconds, Stopping threads took: 0.0000620 seconds
194.606: Application time: 0.0667430 seconds
194.606: [GC194.606: [ParNew: 15873K->690K(16640K), 0.0004660 secs] 23100K->8298K(55552K), 0.0004940 secs] [Times: user=0.00 sys=0.00, real=0.00 secs] 
194.606: Total time for which application threads were stopped: 0.0006080 seconds, Stopping threads took: 0.0000630 seconds
194.677: Application time: 0.0705680 seconds
194.678: [GC194.678: [ParNew: 15538K->657K(16640K), 0.0004330 secs] 23145K->8264K(55552K), 0.0004570 secs] [Times: user=0.00 sys=0.00, real=0.00 secs] 
194.679: Total time for which application threads were stopped: 0.0017690 seconds, Stopping threads took: 0.0012470 seconds
194.747: Application time: 0.0681780 seconds
194.747: [GC194.747: [ParNew: 15502K->665K(16640K), 0.0003800 secs] 23109K->8273K(55552K), 0.0004080 secs] [Times: user=0.00 sys=0.00, real=0.01 secs] 
194.747: Total time for which application threads were stopped: 0.0005270 seconds, Stopping threads took: 0.0000620 seconds
194.814: Application time: 0.0669140 seconds
194.814: [GC194.814: [ParNew: 15513K->685K(16640K), 0.0003750 secs] 23120K->8292K(55552K), 0.0004010 secs] [Times: user=0.01 sys=0.00, real=0.00 secs] 
194.815: Total time for which application threads were stopped: 0.0005640 seconds, Stopping threads took: 0.0001010 seconds
194.882: Application time: 0.0667600 seconds
194.882: [GC194.882: [ParNew: 15532K->465K(16640K), 0.0004620 secs] 23139K->8262K(55552K), 0.0004890 secs] [Times: user=0.00 sys=0.00, real=0.00 secs] 
194.882: Total time for which application threads were stopped: 0.0006090 seconds, Stopping threads took: 0.0000610 seconds
194.950: Application time: 0.0672700 seconds
194.950: [GC194.950: [ParNew: 15310K->0K(16640K), 0.0004030 secs] 23107K->8177K(55552K), 0.0004300 secs] [Times: user=0.00 sys=0.00, real=0.00 secs] 
194.950: Total time for which application threads were stopped: 0.0005350 seconds, Stopping threads took: 0.0000470 seconds
195.017: Application time: 0.0671160 seconds
195.017: [GC195.017: [ParNew: 14847K->0K(16640K), 0.0003680 secs] 23024K->8177K(55552K), 0.0003940 secs] [Times: user=0.00 sys=0.00, real=0.00 secs] 
195.018: Total time for which application threads were stopped: 0.0005050 seconds, Stopping threads took: 0.0000580 seconds
195.074: Application time: 0.0561150 seconds
195.074: [GC195.074: [ParNew: 14847K->192K(16640K), 0.0002970 secs] 23025K->8370K(55552K), 0.0003210 secs] [Times: user=0.00 sys=0.00, real=0.00 secs] 
195.074: Total time for which application threads were stopped: 0.0004450 seconds, Stopping threads took: 0.0000680 seconds
195.132: Application time: 0.0574600 seconds
195.132: [GC195.132: [ParNew: 15040K->196K(16640K), 0.0003350 secs] 23217K->8373K(55552K), 0.0003700 secs] [Times: user=0.01 sys=0.00, real=0.00 secs] 
195.132: Total time for which application threads were stopped: 0.0004790 seconds, Stopping threads took: 0.0000540 seconds
195.179: Application time: 0.0468260 seconds
195.179: [GC195.179: [ParNew: 15039K->389K(16640K), 0.0003670 secs] 23217K->8566K(55552K), 0.0003950 secs] [Times: user=0.00 sys=0.00, real=0.00 secs] 
195.180: Total time for which application threads were stopped: 0.0004940 seconds, Stopping threads took: 0.0000410 seconds
195.244: Application time: 0.0642430 seconds
195.244: [GC195.244: [ParNew: 15234K->398K(16640K), 0.0003530 secs] 23411K->8576K(55552K), 0.0003800 secs] [Times: user=0.01 sys=0.00, real=0.00 secs] 
195.244: Total time for which application threads were stopped: 0.0005180 seconds, Stopping threads took: 0.0000810 seconds
195.310: Application time: 0.0653410 seconds
195.310: [GC195.310: [ParNew: 15246K->412K(16640K), 0.0003550 secs] 23424K->8590K(55552K), 0.0003830 secs] [Times: user=0.00 sys=0.00, real=0.00 secs] 
195.310: Total time for which application threads were stopped: 0.0005070 seconds, Stopping threads took: 0.0000710 seconds
195.377: Application time: 0.0665310 seconds
195.377: [GC195.377: [ParNew: 15259K->415K(16640K), 0.0004400 secs] 23437K->8593K(55552K), 0.0004660 secs] [Times: user=0.00 sys=0.00, real=0.00 secs] 
195.377: Total time for which application threads were stopped: 0.0005770 seconds, Stopping threads took: 0.0000450 seconds
195.444: Application time: 0.0667800 seconds
195.444: [GC195.444: [ParNew: 15261K->409K(16640K), 0.0003600 secs] 23438K->8587K(55552K), 0.0003870 secs] [Times: user=0.01 sys=0.00, real=0.00 secs] 
195.445: Total time for which application threads were stopped: 0.0005060 seconds, Stopping threads took: 0.0000610 seconds
195.499: Application time: 0.0547090 seconds
195.499: [GC195.499: [ParNew: 15253K->636K(16640K), 0.0004080 secs] 23431K->8814K(55552K), 0.0004360 secs] [Times: user=0.01 sys=0.00, real=0.00 secs] 
195.500: Total time for which application threads were stopped: 0.0005610 seconds, Stopping threads took: 0.0000660 seconds
195.556: Application time: 0.0557970 seconds
195.556: [GC195.556: [ParNew: 15482K->638K(16640K), 0.0004050 secs] 23660K->8816K(55552K), 0.0004310 secs] [Times: user=0.00 sys=0.00, real=0.00 secs] 
195.556: Total time for which application threads were stopped: 0.0005610 seconds, Stopping threads took: 0.0000780 seconds
195.619: Application time: 0.0629620 seconds
195.619: [GC195.619: [ParNew: 15485K->682K(16640K), 0.0004320 secs] 23663K->8859K(55552K), 0.0004610 secs] [Times: user=0.01 sys=0.00, real=0.00 secs] 
195.620: Total time for which application threads were stopped: 0.0005870 seconds, Stopping threads took: 0.0000710 seconds
195.686: Application time: 0.0666740 seconds
195.687: [GC195.687: [ParNew: 15529K->728K(16640K), 0.0004690 secs] 23707K->8906K(55552K), 0.0004970 secs] [Times: user=0.01 sys=0.00, real=0.00 secs] 
195.687: Total time for which application threads were stopped: 0.0006260 seconds, Stopping threads took: 0.0000670 seconds
195.733: Application time: 0.0459160 seconds
195.733: [GC195.733: [ParNew: 15575K->1170K(16640K), 0.0005710 secs] 23752K->9347K(55552K), 0.0005980 secs] [Times: user=0.01 sys=0.00, real=0.00 secs] 
195.734: Total time for which application threads were stopped: 0.0007130 seconds, Stopping threads took: 0.0000570 seconds
195.777: Application time: 0.0437060 seconds
195.777: [GC195.777: [ParNew: 16013K->1221K(16640K), 0.0006010 secs] 24191K->9617K(55552K), 0.0006270 secs] [Times: user=0.00 sys=0.00, real=0.00 secs] 
195.778: Total time for which application threads were stopped: 0.0007370 seconds, Stopping threads took: 0.0000540 seconds
195.814: Application time: 0.0354990 seconds
195.814: [GC195.814: [ParNew: 16068K->1173K(16640K), 0.0006840 secs] 24464K->10006K(55552K), 0.0007120 secs] [Times: user=0.00 sys=0.00, real=0.00 secs] 
195.814: Total time for which application threads were stopped: 0.0008310 seconds, Stopping threads took: 0.0000500 seconds
195.851: Application time: 0.0370000 seconds
195.852: [GC195.852: [ParNew: 16021K->1172K(16640K), 0.0005680 secs] 24854K->10063K(55552K), 0.0005950 secs] [Times: user=0.00 sys=0.00, real=0.00 secs] 
195.852: Total time for which application threads were stopped: 0.0007110 seconds, Stopping threads took: 0.0000580 seconds
195.910: Application time: 0.0573690 seconds
195.910: [GC195.910: [ParNew: 16020K->1213K(16640K), 0.0005180 secs] 24911K->10323K(55552K), 0.0005460 secs] [Times: user=0.00 sys=0.00, real=0.00 secs] 
195.910: Total time for which application threads were stopped: 0.0007070 seconds, Stopping threads took: 0.0000990 seconds
195.973: Application time: 0.0627760 seconds
195.973: [GC195.973: [ParNew: 16057K->921K(16640K), 0.0005350 secs] 25167K->10249K(55552K), 0.0005620 secs] [Times: user=0.01 sys=0.00, real=0.00 secs] 
195.974: Total time for which application threads were stopped: 0.0006810 seconds, Stopping threads took: 0.0000620 seconds
196.039: Application time: 0.0648930 seconds
196.039: [GC196.039: [ParNew: 15768K->967K(16640K), 0.0004360 secs] 25097K->10295K(55552K), 0.0004630 secs] [Times: user=0.00 sys=0.00, real=0.01 secs] 
196.039: Total time for which application threads were stopped: 0.0005830 seconds, Stopping threads took: 0.0000630 seconds
196.104: Application time: 0.0652930 seconds
196.105: [GC196.105: [ParNew: 15815K->930K(16640K), 0.0004460 secs] 25143K->10259K(55552K), 0.0004730 secs] [Times: user=0.00 sys=0.00, real=0.00 secs] 
196.105: Total time for which application threads were stopped: 0.0005930 seconds, Stopping threads took: 0.0000690 seconds
196.167: Application time: 0.0621060 seconds
196.171: [GC196.171: [ParNew: 15777K->1266K(16640K), 0.0006630 secs] 25105K->10594K(55552K), 0.0006930 secs] [Times: user=0.01 sys=0.00, real=0.00 secs] 
196.172: Total time for which application threads were stopped: 0.0046950 seconds, Stopping threads took: 0.0039470 seconds
196.235: Application time: 0.0631690 seconds
196.235: [GC196.235: [ParNew: 16111K->1316K(16640K), 0.0005050 secs] 25439K->10674K(55552K), 0.0005320 secs] [Times: user=0.00 sys=0.00, real=0.00 secs] 
196.236: Total time for which application threads were stopped: 0.0006370 seconds, Stopping threads took: 0.0000470 seconds
196.299: Application time: 0.0636270 seconds
196.299: [GC196.299: [ParNew: 16162K->1135K(16640K), 0.0006030 secs] 25520K->10682K(55552K), 0.0006310 secs] [Times: user=0.00 sys=0.00, real=0.00 secs] 
196.300: Total time for which application threads were stopped: 0.0007530 seconds, Stopping threads took: 0.0000630 seconds
196.367: Application time: 0.0668740 seconds
196.367: [GC196.367: [ParNew: 15980K->703K(16640K), 0.0004990 secs] 25528K->10631K(55552K), 0.0005260 secs] [Times: user=0.00 sys=0.00, real=0.00 secs] 
196.368: Total time for which application threads were stopped: 0.0006440 seconds, Stopping threads took: 0.0000640 seconds
196.435: Application time: 0.0670180 seconds
196.435: [GC196.435: [ParNew: 15550K->640K(16640K), 0.0003830 secs] 25478K->10567K(55552K), 0.0004110 secs] [Times: user=0.00 sys=0.00, real=0.00 secs] 
196.435: Total time for which application threads were stopped: 0.0005310 seconds, Stopping threads took: 0.0000530 seconds
196.502: Application time: 0.0667440 seconds
196.502: [GC196.502: [ParNew: 15487K->628K(16640K), 0.0003890 secs] 25415K->10556K(55552K), 0.0004160 secs] [Times: user=0.00 sys=0.00, real=0.00 secs] 
196.502: Total time for which application threads were stopped: 0.0005480 seconds, Stopping threads took: 0.0000740 seconds
196.569: Application time: 0.0669380 seconds
196.569: [GC196.570: [ParNew: 15475K->658K(16640K), 0.0003720 secs] 25403K->10586K(55552K), 0.0004000 secs] [Times: user=0.00 sys=0.00, real=0.00 secs] 
196.570: Total time for which application threads were stopped: 0.0005380 seconds, Stopping threads took: 0.0000830 seconds
196.637: Application time: 0.0672110 seconds
196.637: [GC196.637: [ParNew: 15506K->440K(16640K), 0.0005030 secs] 25433K->10558K(55552K), 0.0005390 secs] [Times: user=0.00 sys=0.00, real=0.00 secs] 
196.638: Total time for which application threads were stopped: 0.0006580 seconds, Stopping threads took: 0.0000590 seconds
196.705: Application time: 0.0672560 seconds
196.707: [GC196.707: [ParNew: 15288K->0K(16640K), 0.0004470 secs] 25406K->10497K(55552K), 0.0004730 secs] [Times: user=0.00 sys=0.00, real=0.00 secs] 
196.708: Total time for which application threads were stopped: 0.0025610 seconds, Stopping threads took: 0.0020380 seconds
196.775: Application time: 0.0678490 seconds
196.776: [GC196.776: [ParNew: 14845K->32K(16640K), 0.0003570 secs] 25343K->10530K(55552K), 0.0003820 secs] [Times: user=0.00 sys=0.00, real=0.00 secs] 
196.776: Total time for which application threads were stopped: 0.0004930 seconds, Stopping threads took: 0.0000570 seconds
196.823: Application time: 0.0474290 seconds
196.823: [GC196.824: [ParNew: 14879K->199K(16640K), 0.0003050 secs] 25377K->10697K(55552K), 0.0003330 secs] [Times: user=0.01 sys=0.00, real=0.00 secs] 
196.824: Total time for which application threads were stopped: 0.0004620 seconds, Stopping threads took: 0.0000720 seconds
196.885: Application time: 0.0608080 seconds
196.885: [GC196.885: [ParNew: 15047K->384K(16640K), 0.0003500 secs] 25545K->10882K(55552K), 0.0003750 secs] [Times: user=0.00 sys=0.00, real=0.00 secs] 
196.885: Total time for which application threads were stopped: 0.0004830 seconds, Stopping threads took: 0.0000520 seconds
196.937: Application time: 0.0523020 seconds
196.938: [GC196.938: [ParNew: 15232K->403K(16640K), 0.0003510 secs] 25729K->10901K(55552K), 0.0003770 secs] [Times: user=0.00 sys=0.00, real=0.00 secs] 
196.938: Total time for which application threads were stopped: 0.0005200 seconds, Stopping threads took: 0.0000760 seconds
197.003: Application time: 0.0653210 seconds
197.003: [GC197.003: [ParNew: 15251K->402K(16640K), 0.0003530 secs] 25748K->10900K(55552K), 0.0003770 secs] [Times: user=0.01 sys=0.00, real=0.00 secs] 
197.004: Total time for which application threads were stopped: 0.0005000 seconds, Stopping threads took: 0.0000650 seconds
197.071: Application time: 0.0668040 seconds
197.071: [GC197.071: [ParNew: 15247K->409K(16640K), 0.0003530 secs] 25745K->10907K(55552K), 0.0003800 secs] [Times: user=0.00 sys=0.00, real=0.00 secs] 
197.071: Total time for which application threads were stopped: 0.0004980 seconds, Stopping threads took: 0.0000660 seconds
197.138: Application time: 0.0668080 seconds
197.138: [GC197.138: [ParNew: 15257K->419K(16640K), 0.0003590 secs] 25754K->10917K(55552K), 0.0003860 secs] [Times: user=0.00 sys=0.00, real=0.00 secs] 
197.138: Total time for which application threads were stopped: 0.0005110 seconds, Stopping threads took: 0.0000670 seconds
197.205: Application time: 0.0666990 seconds
197.205: [GC197.205: [ParNew: 15267K->402K(16640K), 0.0003730 secs] 25764K->10900K(55552K), 0.0003990 secs] [Times: user=0.00 sys=0.00, real=0.00 secs] 
197.206: Total time for which application threads were stopped: 0.0005130 seconds, Stopping threads took: 0.0000650 seconds
197.256: Application time: 0.0500610 seconds
197.256: [GC197.256: [ParNew: 15247K->620K(16640K), 0.0004420 secs] 25745K->11118K(55552K), 0.0004670 secs] [Times: user=0.00 sys=0.00, real=0.00 secs] 
197.256: Total time for which application threads were stopped: 0.0005940 seconds, Stopping threads took: 0.0000780 seconds
197.315: Application time: 0.0589210 seconds
197.315: [GC197.315: [ParNew: 15466K->657K(16640K), 0.0019460 secs] 25963K->11155K(55552K), 0.0019780 secs] [Times: user=0.00 sys=0.00, real=0.00 secs] 
197.317: Total time for which application threads were stopped: 0.0020990 seconds, Stopping threads took: 0.0000680 seconds
197.383: Application time: 0.0661830 seconds
197.384: [GC197.384: [ParNew: 15503K->700K(16640K), 0.0004220 secs] 26001K->11198K(55552K), 0.0004500 secs] [Times: user=0.00 sys=0.00, real=0.00 secs] 
197.384: Total time for which application threads were stopped: 0.0005640 seconds, Stopping threads took: 0.0000570 seconds
197.451: Application time: 0.0670470 seconds
197.451: [GC197.451: [ParNew: 15547K->712K(16640K), 0.0004420 secs] 26045K->11209K(55552K), 0.0004780 secs] [Times: user=0.01 sys=0.00, real=0.00 secs] 
197.452: Total time for which application threads were stopped: 0.0006030 seconds, Stopping threads took: 0.0000620 seconds
197.499: Application time: 0.0471100 seconds
197.499: [GC197.499: [ParNew: 15559K->1162K(16640K), 0.0005090 secs] 26057K->11659K(55552K), 0.0005350 secs] [Times: user=0.00 sys=0.00, real=0.01 secs] 
197.499: Total time for which application threads were stopped: 0.0006370 seconds, Stopping threads took: 0.0000440 seconds
197.535: Application time: 0.0350710 seconds
197.539: [GC197.539: [ParNew: 16006K->1379K(16640K), 0.0006350 secs] 26504K->12095K(55552K), 0.0006630 secs] [Times: user=0.01 sys=0.00, real=0.00 secs] 
197.540: Total time for which application threads were stopped: 0.0054300 seconds, Stopping threads took: 0.0046890 seconds
197.574: Application time: 0.0339430 seconds
197.574: [GC197.574: [ParNew: 16223K->1327K(16640K), 0.0006950 secs] 26939K->12481K(55552K), 0.0007230 secs] [Times: user=0.00 sys=0.00, real=0.00 secs] 
197.575: Total time for which application threads were stopped: 0.0008560 seconds, Stopping threads took: 0.0000740 seconds
197.618: Application time: 0.0429650 seconds
197.618: [GC197.618: [ParNew: 16175K->1233K(16640K), 0.0005020 secs] 27329K->12445K(55552K), 0.0005280 secs] [Times: user=0.00 sys=0.00, real=0.00 secs] 
197.618: Total time for which application threads were stopped: 0.0006380 seconds, Stopping threads took: 0.0000560 seconds
197.678: Application time: 0.0596090 seconds
197.678: [GC197.678: [ParNew: 16081K->1362K(16640K), 0.0005250 secs] 27293K->12631K(55552K), 0.0005520 secs] [Times: user=0.00 sys=0.00, real=0.00 secs] 
197.679: Total time for which application threads were stopped: 0.0006770 seconds, Stopping threads took: 0.0000670 seconds
197.743: Application time: 0.0647640 seconds
197.744: [GC197.744: [ParNew: 16209K->911K(16640K), 0.0005550 secs] 27478K->12589K(55552K), 0.0005830 secs] [Times: user=0.00 sys=0.00, real=0.00 secs] 
197.744: Total time for which application threads were stopped: 0.0007070 seconds, Stopping threads took: 0.0000650 seconds
197.809: Application time: 0.0651190 seconds
197.809: [GC197.809: [ParNew: 15758K->945K(16640K), 0.0004350 secs] 27436K->12623K(55552K), 0.0004620 secs] [Times: user=0.01 sys=0.00, real=0.00 secs] 
197.810: Total time for which application threads were stopped: 0.0005910 seconds, Stopping threads took: 0.0000770 seconds
197.875: Application time: 0.0652570 seconds
197.875: [GC197.875: [ParNew: 15792K->786K(16640K), 0.0004910 secs] 27470K->12464K(55552K), 0.0005170 secs] [Times: user=0.00 sys=0.00, real=0.00 secs] 
197.876: Total time for which application threads were stopped: 0.0006200 seconds, Stopping threads took: 0.0000510 seconds
197.938: Application time: 0.0624800 seconds
197.938: [GC197.938: [ParNew: 15631K->1253K(16640K), 0.0004710 secs] 27308K->12930K(55552K), 0.0004970 secs] [Times: user=0.00 sys=0.00, real=0.00 secs] 
197.939: Total time for which application threads were stopped: 0.0006180 seconds, Stopping threads took: 0.0000630 seconds
198.000: Application time: 0.0615450 seconds
198.000: [GC198.000: [ParNew: 16098K->1106K(16640K), 0.0005420 secs] 27776K->12974K(55552K), 0.0005700 secs] [Times: user=0.01 sys=0.00, real=0.00 secs] 
198.001: Total time for which application threads were stopped: 0.0006870 seconds, Stopping threads took: 0.0000500 seconds
198.067: Application time: 0.0656190 seconds
198.067: [GC198.067: [ParNew: 15950K->742K(16640K), 0.0005100 secs] 27818K->12990K(55552K), 0.0005380 secs] [Times: user=0.00 sys=0.00, real=0.01 secs] 
198.067: Total time for which application threads were stopped: 0.0006420 seconds, Stopping threads took: 0.0000500 seconds
198.134: Application time: 0.0671650 seconds
198.135: [GC198.135: [ParNew: 15589K->637K(16640K), 0.0004100 secs] 27838K->12886K(55552K), 0.0004370 secs] [Times: user=0.00 sys=0.00, real=0.00 secs] 
198.135: Total time for which application threads were stopped: 0.0005550 seconds, Stopping threads took: 0.0000480 seconds
198.202: Application time: 0.0671300 seconds
198.202: [GC198.202: [ParNew: 15483K->653K(16640K), 0.0003900 secs] 27731K->12902K(55552K), 0.0004180 secs] [Times: user=0.00 sys=0.00, real=0.00 secs] 
198.203: Total time for which application threads were stopped: 0.0005430 seconds, Stopping threads took: 0.0000670 seconds
198.270: Application time: 0.0668900 seconds
198.270: [GC198.270: [ParNew: 15500K->624K(16640K), 0.0004950 secs] 27749K->12872K(55552K), 0.0005220 secs] [Times: user=0.00 sys=0.00, real=0.00 secs] 
198.270: Total time for which application threads were stopped: 0.0006260 seconds, Stopping threads took: 0.0000530 seconds
198.338: Application time: 0.0673010 seconds
198.338: [GC198.338: [ParNew: 15471K->651K(16640K), 0.0003880 secs] 27720K->12900K(55552K), 0.0004160 secs] [Times: user=0.00 sys=0.00, real=0.00 secs] 
198.338: Total time for which application threads were stopped: 0.0005210 seconds, Stopping threads took: 0.0000480 seconds
198.406: Application time: 0.0676490 seconds
198.406: [GC198.406: [ParNew: 15496K->258K(16640K), 0.0004410 secs] 27745K->12887K(55552K), 0.0004690 secs] [Times: user=0.00 sys=0.00, real=0.00 secs] 
198.406: Total time for which application threads were stopped: 0.0005740 seconds, Stopping threads took: 0.0000540 seconds
198.474: Application time: 0.0673740 seconds
198.474: [GC198.474: [ParNew: 15106K->0K(16640K), 0.0003240 secs] 27734K->12818K(55552K), 0.0003490 secs] [Times: user=0.00 sys=0.00, real=0.00 secs] 
198.474: Total time for which application threads were stopped: 0.0004560 seconds, Stopping threads took: 0.0000540 seconds
198.536: Application time: 0.0617500 seconds
198.536: [GC198.536: [ParNew: 14846K->192K(16640K), 0.0003360 secs] 27665K->13011K(55552K), 0.0003640 secs] [Times: user=0.00 sys=0.00, real=0.00 secs] 
198.536: Total time for which application threads were stopped: 0.0004900 seconds, Stopping threads took: 0.0000620 seconds
198.589: Application time: 0.0529420 seconds
198.589: [GC198.589: [ParNew: 15038K->201K(16640K), 0.0003020 secs] 27857K->13020K(55552K), 0.0003290 secs] [Times: user=0.00 sys=0.00, real=0.00 secs] 
198.590: Total time for which application threads were stopped: 0.0004370 seconds, Stopping threads took: 0.0000520 seconds
198.646: Application time: 0.0562470 seconds
198.646: [GC198.646: [ParNew: 15045K->389K(16640K), 0.0003320 secs] 27863K->13208K(55552K), 0.0003590 secs] [Times: user=0.00 sys=0.00, real=0.00 secs] 
198.646: Total time for which application threads were stopped: 0.0004820 seconds, Stopping threads took: 0.0000690 seconds
198.702: Application time: 0.0555400 seconds
198.702: [GC198.702: [ParNew: 15237K->392K(16640K), 0.0003940 secs] 28056K->13210K(55552K), 0.0004210 secs] [Times: user=0.01 sys=0.00, real=0.00 secs] 
198.703: Total time for which application threads were stopped: 0.0005510 seconds, Stopping threads took: 0.0000710 seconds
198.768: Application time: 0.0653670 seconds
198.768: [GC198.768: [ParNew: 15239K->408K(16640K), 0.0003980 secs] 28058K->13226K(55552K), 0.0004250 secs] [Times: user=0.00 sys=0.00, real=0.00 secs] 
198.769: Total time for which application threads were stopped: 0.0005530 seconds, Stopping threads took: 0.0000760 seconds
198.835: Application time: 0.0662230 seconds
198.835: [GC198.835: [ParNew: 15255K->413K(16640K), 0.0003950 secs] 28074K->13231K(55552K), 0.0004220 secs] [Times: user=0.00 sys=0.00, real=0.00 secs] 
198.835: Total time for which application threads were stopped: 0.0005360 seconds, Stopping threads took: 0.0000580 seconds
198.902: Application time: 0.0662520 seconds
198.902: [GC198.902: [ParNew: 15260K->413K(16640K), 0.0003900 secs] 28079K->13232K(55552K), 0.0004180 secs] [Times: user=0.00 sys=0.00, real=0.00 secs] 
198.902: Total time for which application threads were stopped: 0.0005310 seconds, Stopping threads took: 0.0000550 seconds
198.965: Application time: 0.0633160 seconds
198.965: [GC198.965: [ParNew: 15257K->633K(16640K), 0.0004190 secs] 28076K->13451K(55552K), 0.0004540 secs] [Times: user=0.00 sys=0.00, real=0.00 secs] 
198.966: Total time for which application threads were stopped: 0.0005490 seconds, Stopping threads took: 0.0000430 seconds
199.014: Application time: 0.0476010 seconds
199.014: [GC199.014: [ParNew: 15477K->653K(16640K), 0.0004450 secs] 28295K->13471K(55552K), 0.0004710 secs] [Times: user=0.00 sys=0.00, real=0.00 secs] 
199.014: Total time for which application threads were stopped: 0.0005720 seconds, Stopping threads took: 0.0000500 seconds
199.077: Application time: 0.0626070 seconds
199.077: [GC199.077: [ParNew: 15497K->703K(16640K), 0.0004050 secs] 28316K->13522K(55552K), 0.0004320 secs] [Times: user=0.00 sys=0.00, real=0.00 secs] 
199.077: Total time for which application threads were stopped: 0.0005590 seconds, Stopping threads took: 0.0000630 seconds
199.144: Application time: 0.0665220 seconds
199.144: [GC199.144: [ParNew: 15551K->714K(16640K), 0.0004510 secs] 28369K->13533K(55552K), 0.0004800 secs] [Times: user=0.00 sys=0.00, real=0.00 secs] 
199.144: Total time for which application threads were stopped: 0.0005850 seconds, Stopping threads took: 0.0000460 seconds
199.211: Application time: 0.0663270 seconds
199.211: [GC199.211: [ParNew: 15562K->770K(16640K), 0.0004230 secs] 28380K->13589K(55552K), 0.0004500 secs] [Times: user=0.00 sys=0.00, real=0.00 secs] 
199.211: Total time for which application threads were stopped: 0.0005490 seconds, Stopping threads took: 0.0000480 seconds
199.252: Application time: 0.0409900 seconds
199.252: [GC199.252: [ParNew: 15616K->1256K(16640K), 0.0005370 secs] 28435K->14075K(55552K), 0.0005660 secs] [Times: user=0.00 sys=0.00, real=0.00 secs] 
199.253: Total time for which application threads were stopped: 0.0006800 seconds, Stopping threads took: 0.0000540 seconds
199.288: Application time: 0.0346630 seconds
199.288: [GC199.288: [ParNew: 16100K->1556K(16640K), 0.0007350 secs] 28919K->14593K(55552K), 0.0007620 secs] [Times: user=0.00 sys=0.00, real=0.00 secs] 
199.288: Total time for which application threads were stopped: 0.0008840 seconds, Stopping threads took: 0.0000630 seconds
199.320: Application time: 0.0310170 seconds
199.320: [GC199.320: [ParNew: 16400K->876K(16640K), 0.0006230 secs] 29438K->14789K(55552K), 0.0006510 secs] [Times: user=0.00 sys=0.00, real=0.00 secs] 
199.320: Total time for which application threads were stopped: 0.0007460 seconds, Stopping threads took: 0.0000370 seconds
199.370: Application time: 0.0497370 seconds
199.370: Total time for which application threads were stopped: 0.0000830 seconds, Stopping threads took: 0.0000600 seconds
199.370: Application time: 0.0000410 seconds
199.370: [GC199.370: [ParNew: 15787K->1159K(16640K), 0.0004810 secs] 29700K->15072K(55552K), 0.0005080 secs] [Times: user=0.00 sys=0.00, real=0.00 secs] 
199.371: Total time for which application threads were stopped: 0.0005820 seconds, Stopping threads took: 0.0000350 seconds
199.431: Application time: 0.0604070 seconds
199.431: [GC199.431: [ParNew: 16004K->746K(16640K), 0.0005730 secs] 29917K->15314K(55552K), 0.0006010 secs] [Times: user=0.00 sys=0.00, real=0.00 secs] 
199.432: Total time for which application threads were stopped: 0.0007100 seconds, Stopping threads took: 0.0000510 seconds
199.497: Application time: 0.0651510 seconds
199.497: [GC199.497: [ParNew: 15591K->620K(16640K), 0.0003920 secs] 30160K->15188K(55552K), 0.0004190 secs] [Times: user=0.00 sys=0.00, real=0.00 secs] 
199.498: Total time for which application threads were stopped: 0.0005320 seconds, Stopping threads took: 0.0000560 seconds
199.563: Application time: 0.0655060 seconds
199.563: [GC199.563: [ParNew: 15467K->640K(16640K), 0.0003850 secs] 30035K->15208K(55552K), 0.0004120 secs] [Times: user=0.01 sys=0.00, real=0.00 secs] 
199.564: Total time for which application threads were stopped: 0.0005250 seconds, Stopping threads took: 0.0000600 seconds
199.629: Application time: 0.0652090 seconds
199.629: [GC199.629: [ParNew: 15487K->637K(16640K), 0.0003820 secs] 30055K->15205K(55552K), 0.0004100 secs] [Times: user=0.00 sys=0.00, real=0.00 secs] 
199.629: Total time for which application threads were stopped: 0.0005490 seconds, Stopping threads took: 0.0000650 seconds
199.690: Application time: 0.0611010 seconds
199.690: [GC199.691: [ParNew: 15482K->1185K(16640K), 0.0004960 secs] 30050K->15753K(55552K), 0.0005220 secs] [Times: user=0.00 sys=0.00, real=0.00 secs] 
199.691: Total time for which application threads were stopped: 0.0006380 seconds, Stopping threads took: 0.0000510 seconds
199.752: Application time: 0.0614560 seconds
199.753: [GC199.753: [ParNew: 16032K->1111K(16640K), 0.0005200 secs] 30600K->15871K(55552K), 0.0005460 secs] [Times: user=0.01 sys=0.00, real=0.00 secs] 
199.753: Total time for which application threads were stopped: 0.0006310 seconds, Stopping threads took: 0.0000250 seconds
199.820: Application time: 0.0668540 seconds
199.820: [GC199.820: [ParNew: 15959K->648K(16640K), 0.0005690 secs] 30718K->15788K(55552K), 0.0005960 secs] [Times: user=0.01 sys=0.00, real=0.00 secs] 
199.821: Total time for which application threads were stopped: 0.0007180 seconds, Stopping threads took: 0.0000680 seconds
199.888: Application time: 0.0668210 seconds
199.888: [GC199.888: [ParNew: 15496K->622K(16640K), 0.0004530 secs] 30635K->15762K(55552K), 0.0004770 secs] [Times: user=0.00 sys=0.00, real=0.00 secs] 
199.888: Total time for which application threads were stopped: 0.0005860 seconds, Stopping threads took: 0.0000530 seconds
199.955: Application time: 0.0666230 seconds
199.955: [GC199.955: [ParNew: 15470K->632K(16640K), 0.0004250 secs] 30609K->15771K(55552K), 0.0004530 secs] [Times: user=0.00 sys=0.00, real=0.00 secs] 
199.955: Total time for which application threads were stopped: 0.0005900 seconds, Stopping threads took: 0.0000790 seconds
200.022: Application time: 0.0668100 seconds
200.022: [GC200.022: [ParNew: 15479K->634K(16640K), 0.0003910 secs] 30619K->15774K(55552K), 0.0004180 secs] [Times: user=0.00 sys=0.00, real=0.00 secs] 
200.023: Total time for which application threads were stopped: 0.0005210 seconds, Stopping threads took: 0.0000480 seconds
200.090: Application time: 0.0668640 seconds
200.090: [GC200.090: [ParNew: 15482K->655K(16640K), 0.0003870 secs] 30622K->15795K(55552K), 0.0004130 secs] [Times: user=0.01 sys=0.00, real=0.00 secs] 
200.090: Total time for which application threads were stopped: 0.0005370 seconds, Stopping threads took: 0.0000650 seconds
200.157: Application time: 0.0667180 seconds
200.157: [GC200.157: [ParNew: 15503K->0K(16640K), 0.0004460 secs] 30642K->15709K(55552K), 0.0004720 secs] [Times: user=0.00 sys=0.00, real=0.00 secs] 
200.157: Total time for which application threads were stopped: 0.0006040 seconds, Stopping threads took: 0.0000690 seconds
200.224: Application time: 0.0670500 seconds
200.225: [GC200.225: [ParNew: 14847K->0K(16640K), 0.0002960 secs] 30557K->15709K(55552K), 0.0003240 secs] [Times: user=0.00 sys=0.00, real=0.00 secs] 
200.225: Total time for which application threads were stopped: 0.0004400 seconds, Stopping threads took: 0.0000630 seconds
200.278: Application time: 0.0527920 seconds
200.278: [GC200.278: [ParNew: 14846K->192K(16640K), 0.0003470 secs] 30556K->15902K(55552K), 0.0003740 secs] [Times: user=0.00 sys=0.00, real=0.00 secs] 
200.278: Total time for which application threads were stopped: 0.0004910 seconds, Stopping threads took: 0.0000590 seconds
200.339: Application time: 0.0604920 seconds
200.339: [GC200.339: [ParNew: 15038K->201K(16640K), 0.0003330 secs] 30748K->15911K(55552K), 0.0003600 secs] [Times: user=0.01 sys=0.00, real=0.01 secs] 
200.339: Total time for which application threads were stopped: 0.0004820 seconds, Stopping threads took: 0.0000660 seconds
200.392: Application time: 0.0525910 seconds
200.392: [GC200.392: [ParNew: 15047K->386K(16640K), 0.0003550 secs] 30757K->16096K(55552K), 0.0003810 secs] [Times: user=0.01 sys=0.00, real=0.00 secs] 
200.392: Total time for which application threads were stopped: 0.0004890 seconds, Stopping threads took: 0.0000490 seconds
200.451: Application time: 0.0588460 seconds
200.451: [GC200.451: [ParNew: 15232K->400K(16640K), 0.0004040 secs] 30942K->16110K(55552K), 0.0004310 secs] [Times: user=0.00 sys=0.00, real=0.00 secs] 
200.452: Total time for which application threads were stopped: 0.0005420 seconds, Stopping threads took: 0.0000550 seconds
200.517: Application time: 0.0651430 seconds
200.517: [GC200.517: [ParNew: 15248K->415K(16640K), 0.0003580 secs] 30957K->16125K(55552K), 0.0003830 secs] [Times: user=0.00 sys=0.00, real=0.00 secs] 
200.517: Total time for which application threads were stopped: 0.0004890 seconds, Stopping threads took: 0.0000550 seconds
200.583: Application time: 0.0660100 seconds
200.583: [GC200.583: [ParNew: 15262K->404K(16640K), 0.0004180 secs] 30972K->16114K(55552K), 0.0004440 secs] [Times: user=0.00 sys=0.00, real=0.00 secs] 
200.584: Total time for which application threads were stopped: 0.0005710 seconds, Stopping threads took: 0.0000730 seconds
200.651: Application time: 0.0669040 seconds
200.651: [GC200.651: [ParNew: 15249K->407K(16640K), 0.0003190 secs] 30959K->16117K(55552K), 0.0003440 secs] [Times: user=0.00 sys=0.00, real=0.00 secs] 
200.651: Total time for which application threads were stopped: 0.0004640 seconds, Stopping threads took: 0.0000660 seconds
200.709: Application time: 0.0573290 seconds
200.709: [GC200.709: [ParNew: 15253K->630K(16640K), 0.0003980 secs] 30963K->16340K(55552K), 0.0004250 secs] [Times: user=0.01 sys=0.00, real=0.00 secs] 
200.709: Total time for which application threads were stopped: 0.0005640 seconds, Stopping threads took: 0.0000690 seconds
200.763: Application time: 0.0535760 seconds
200.763: [GC200.763: [ParNew: 15475K->662K(16640K), 0.0003820 secs] 31185K->16372K(55552K), 0.0004100 secs] [Times: user=0.00 sys=0.00, real=0.00 secs] 
200.763: Total time for which application threads were stopped: 0.0005100 seconds, Stopping threads took: 0.0000510 seconds
200.826: Application time: 0.0631700 seconds
200.826: [GC200.826: [ParNew: 15508K->726K(16640K), 0.0004970 secs] 31218K->16435K(55552K), 0.0005220 secs] [Times: user=0.00 sys=0.00, real=0.00 secs] 
200.827: Total time for which application threads were stopped: 0.0006210 seconds, Stopping threads took: 0.0000470 seconds
200.894: Application time: 0.0666980 seconds
200.894: [GC200.894: [ParNew: 15573K->699K(16640K), 0.0004830 secs] 31283K->16409K(55552K), 0.0005110 secs] [Times: user=0.00 sys=0.00, real=0.00 secs] 
200.894: Total time for which application threads were stopped: 0.0006270 seconds, Stopping threads took: 0.0000580 seconds
200.960: Application time: 0.0660800 seconds
200.961: [GC200.961: [ParNew: 15547K->700K(16640K), 0.0004510 secs] 31256K->16410K(55552K), 0.0004790 secs] [Times: user=0.01 sys=0.00, real=0.00 secs] 
200.961: Total time for which application threads were stopped: 0.0006170 seconds, Stopping threads took: 0.0000840 seconds
200.996: Application time: 0.0353200 seconds
200.996: [GC200.996: [ParNew: 15545K->1413K(16640K), 0.0005840 secs] 31255K->17123K(55552K), 0.0006130 secs] [Times: user=0.00 sys=0.00, real=0.00 secs] 
200.997: Total time for which application threads were stopped: 0.0007160 seconds, Stopping threads took: 0.0000440 seconds
201.029: Application time: 0.0323700 seconds
201.030: [GC201.030: [ParNew: 16261K->1009K(16640K), 0.0006560 secs] 31971K->17375K(55552K), 0.0006840 secs] [Times: user=0.00 sys=0.00, real=0.00 secs] 
201.030: Total time for which application threads were stopped: 0.0007780 seconds, Stopping threads took: 0.0000340 seconds
201.062: Application time: 0.0322500 seconds
201.063: [GC201.063: [ParNew: 15855K->1205K(16640K), 0.0005420 secs] 32221K->17571K(55552K), 0.0005700 secs] [Times: user=0.00 sys=0.01, real=0.00 secs] 
201.063: Total time for which application threads were stopped: 0.0006760 seconds, Stopping threads took: 0.0000560 seconds
201.118: Application time: 0.0552080 seconds
201.118: [GC201.118: [ParNew: 16052K->1419K(16640K), 0.0005550 secs] 32418K->17843K(55552K), 0.0005810 secs] [Times: user=0.01 sys=0.00, real=0.00 secs] 
201.119: Total time for which application threads were stopped: 0.0006890 seconds, Stopping threads took: 0.0000470 seconds
201.181: Application time: 0.0616240 seconds
201.181: [GC201.181: [ParNew: 16264K->850K(16640K), 0.0005720 secs] 32687K->17931K(55552K), 0.0006070 secs] [Times: user=0.00 sys=0.00, real=0.00 secs] 
201.181: Total time for which application threads were stopped: 0.0007210 seconds, Stopping threads took: 0.0000580 seconds
201.247: Application time: 0.0652580 seconds
201.247: [GC201.247: [ParNew: 15698K->639K(16640K), 0.0003950 secs] 32778K->17719K(55552K), 0.0004220 secs] [Times: user=0.00 sys=0.00, real=0.01 secs] 
201.247: Total time for which application threads were stopped: 0.0005510 seconds, Stopping threads took: 0.0000620 seconds
201.313: Application time: 0.0654440 seconds
201.313: [GC201.313: [ParNew: 15486K->629K(16640K), 0.0004560 secs] 32567K->17709K(55552K), 0.0004820 secs] [Times: user=0.00 sys=0.00, real=0.00 secs] 
201.313: Total time for which application threads were stopped: 0.0006080 seconds, Stopping threads took: 0.0000760 seconds
201.378: Application time: 0.0650540 seconds
201.378: [GC201.378: [ParNew: 15476K->618K(16640K), 0.0004130 secs] 32557K->17699K(55552K), 0.0004410 secs] [Times: user=0.00 sys=0.00, real=0.00 secs] 
201.379: Total time for which application threads were stopped: 0.0005820 seconds, Stopping threads took: 0.0000860 seconds
201.440: Application time: 0.0609530 seconds
201.443: [GC201.443: [ParNew: 15463K->1220K(16640K), 0.0005930 secs] 32543K->18300K(55552K), 0.0006220 secs] [Times: user=0.00 sys=0.00, real=0.00 secs] 
201.444: Total time for which application threads were stopped: 0.0039030 seconds, Stopping threads took: 0.0032220 seconds
201.506: Application time: 0.0619250 seconds
201.506: [GC201.506: [ParNew: 16065K->1120K(16640K), 0.0005490 secs] 33146K->18391K(55552K), 0.0005770 secs] [Times: user=0.00 sys=0.00, real=0.00 secs] 
201.506: Total time for which application threads were stopped: 0.0007150 seconds, Stopping threads took: 0.0000780 seconds
201.574: Application time: 0.0671470 seconds
201.574: [GC201.574: [ParNew: 15968K->695K(16640K), 0.0004870 secs] 33239K->18346K(55552K), 0.0005140 secs] [Times: user=0.00 sys=0.00, real=0.00 secs] 
201.574: Total time for which application threads were stopped: 0.0006220 seconds, Stopping threads took: 0.0000560 seconds
201.642: Application time: 0.0678340 seconds
201.642: [GC201.642: [ParNew: 15542K->661K(16640K), 0.0003490 secs] 33193K->18312K(55552K), 0.0003730 secs] [Times: user=0.00 sys=0.00, real=0.00 secs] 
201.643: Total time for which application threads were stopped: 0.0004890 seconds, Stopping threads took: 0.0000610 seconds
201.710: Application time: 0.0672570 seconds
201.710: [GC201.710: [ParNew: 15509K->625K(16640K), 0.0004660 secs] 33160K->18276K(55552K), 0.0004940 secs] [Times: user=0.01 sys=0.00, real=0.00 secs] 
201.710: Total time for which application threads were stopped: 0.0006100 seconds, Stopping threads took: 0.0000580 seconds
201.778: Application time: 0.0673360 seconds
201.778: [GC201.778: [ParNew: 15472K->607K(16640K), 0.0004250 secs] 33123K->18258K(55552K), 0.0004530 secs] [Times: user=0.01 sys=0.00, real=0.00 secs] 
201.778: Total time for which application threads were stopped: 0.0005970 seconds, Stopping threads took: 0.0000770 seconds
201.846: Application time: 0.0673300 seconds
201.846: [GC201.846: [ParNew: 15455K->618K(16640K), 0.0004780 secs] 33106K->18269K(55552K), 0.0005040 secs] [Times: user=0.00 sys=0.00, real=0.00 secs] 
201.846: Total time for which application threads were stopped: 0.0006430 seconds, Stopping threads took: 0.0000810 seconds
201.913: Application time: 0.0670190 seconds
201.913: [GC201.913: [ParNew: 15465K->0K(16640K), 0.0004440 secs] 33116K->18221K(55552K), 0.0004680 secs] [Times: user=0.00 sys=0.00, real=0.00 secs] 
201.914: Total time for which application threads were stopped: 0.0005860 seconds, Stopping threads took: 0.0000690 seconds
201.979: Application time: 0.0654730 seconds
201.979: [GC201.979: [ParNew: 14846K->202K(16640K), 0.0003640 secs] 33067K->18423K(55552K), 0.0003920 secs] [Times: user=0.01 sys=0.00, real=0.00 secs] 
201.980: Total time for which application threads were stopped: 0.0004940 seconds, Stopping threads took: 0.0000470 seconds
202.030: Application time: 0.0496440 seconds
202.030: [GC202.030: [ParNew: 15048K->200K(16640K), 0.0003850 secs] 33269K->18421K(55552K), 0.0004210 secs] [Times: user=0.00 sys=0.00, real=0.00 secs] 
202.030: Total time for which application threads were stopped: 0.0005620 seconds, Stopping threads took: 0.0000850 seconds
202.095: Application time: 0.0653550 seconds
202.096: [GC202.096: [ParNew: 15046K->199K(16640K), 0.0003770 secs] 33267K->18421K(55552K), 0.0004000 secs] [Times: user=0.00 sys=0.00, real=0.00 secs] 
202.096: Total time for which application threads were stopped: 0.0005020 seconds, Stopping threads took: 0.0000470 seconds
202.143: Application time: 0.0468570 seconds
202.143: [GC202.143: [ParNew: 15047K->390K(16640K), 0.0004420 secs] 33269K->18611K(55552K), 0.0004700 secs] [Times: user=0.00 sys=0.00, real=0.00 secs] 
202.143: Total time for which application threads were stopped: 0.0005770 seconds, Stopping threads took: 0.0000490 seconds
202.209: Application time: 0.0651980 seconds
202.209: [GC202.209: [ParNew: 15237K->400K(16640K), 0.0003780 secs] 33458K->18621K(55552K), 0.0004040 secs] [Times: user=0.00 sys=0.00, real=0.00 secs] 
202.209: Total time for which application threads were stopped: 0.0005180 seconds, Stopping threads took: 0.0000550 seconds
202.275: Application time: 0.0663980 seconds
202.276: [GC202.276: [ParNew: 15248K->401K(16640K), 0.0003890 secs] 33469K->18622K(55552K), 0.0004150 secs] [Times: user=0.01 sys=0.00, real=0.00 secs] 
202.276: Total time for which application threads were stopped: 0.0005090 seconds, Stopping threads took: 0.0000410 seconds
202.343: Application time: 0.0669510 seconds
202.343: [GC202.343: [ParNew: 15248K->419K(16640K), 0.0019720 secs] 33469K->18640K(55552K), 0.0020020 secs] [Times: user=0.00 sys=0.00, real=0.00 secs] 
202.345: Total time for which application threads were stopped: 0.0021280 seconds, Stopping threads took: 0.0000590 seconds
202.410: Application time: 0.0651810 seconds
202.410: [GC202.410: [ParNew: 15264K->460K(16640K), 0.0003640 secs] 33485K->18681K(55552K), 0.0003900 secs] [Times: user=0.01 sys=0.00, real=0.00 secs] 
202.411: Total time for which application threads were stopped: 0.0005230 seconds, Stopping threads took: 0.0000740 seconds
202.465: Application time: 0.0540160 seconds
202.465: [GC202.465: [ParNew: 15305K->638K(16640K), 0.0004040 secs] 33527K->18859K(55552K), 0.0004300 secs] [Times: user=0.00 sys=0.00, real=0.00 secs] 
202.465: Total time for which application threads were stopped: 0.0005670 seconds, Stopping threads took: 0.0000860 seconds
202.523: Application time: 0.0574890 seconds
202.523: [GC202.523: [ParNew: 15484K->638K(16640K), 0.0004170 secs] 33705K->18859K(55552K), 0.0004430 secs] [Times: user=0.00 sys=0.00, real=0.00 secs] 
202.523: Total time for which application threads were stopped: 0.0005470 seconds, Stopping threads took: 0.0000510 seconds
202.587: Application time: 0.0640000 seconds
202.588: [GC202.588: [ParNew: 15484K->728K(16640K), 0.0004230 secs] 33705K->18950K(55552K), 0.0004500 secs] [Times: user=0.00 sys=0.00, real=0.00 secs] 
202.588: Total time for which application threads were stopped: 0.0005670 seconds, Stopping threads took: 0.0000600 seconds
202.655: Application time: 0.0668890 seconds
202.655: [GC202.655: [ParNew: 15576K->753K(16640K), 0.0003930 secs] 33797K->18974K(55552K), 0.0004210 secs] [Times: user=0.00 sys=0.00, real=0.00 secs] 
202.655: Total time for which application threads were stopped: 0.0005350 seconds, Stopping threads took: 0.0000580 seconds
202.717: Application time: 0.0619160 seconds
202.717: [GC202.717: [ParNew: 15598K->947K(16640K), 0.0005010 secs] 33819K->19168K(55552K), 0.0005290 secs] [Times: user=0.01 sys=0.00, real=0.00 secs] 
202.718: Total time for which application threads were stopped: 0.0006430 seconds, Stopping threads took: 0.0000600 seconds
202.753: Application time: 0.0351720 seconds
202.753: [GC202.753: [ParNew: 15791K->1367K(16640K), 0.0005500 secs] 34013K->19617K(55552K), 0.0005770 secs] [Times: user=0.00 sys=0.00, real=0.00 secs] 
202.754: Total time for which application threads were stopped: 0.0006880 seconds, Stopping threads took: 0.0000450 seconds
202.783: Application time: 0.0293840 seconds
202.783: [GC202.783: [ParNew: 16213K->1244K(16640K), 0.0007480 secs] 34463K->20121K(55552K), 0.0007760 secs] [Times: user=0.01 sys=0.00, real=0.00 secs] 
202.784: Total time for which application threads were stopped: 0.0008960 seconds, Stopping threads took: 0.0000610 seconds
202.819: Application time: 0.0348940 seconds
202.819: [GC202.819: [ParNew: 16087K->794K(16640K), 0.0005890 secs] 34965K->20138K(55552K), 0.0006160 secs] [Times: user=0.00 sys=0.00, real=0.00 secs] 
202.820: Total time for which application threads were stopped: 0.0007360 seconds, Stopping threads took: 0.0000660 seconds
202.878: Application time: 0.0587280 seconds
202.879: [GC202.879: [ParNew: 15640K->1314K(16640K), 0.0006170 secs] 34984K->20658K(55552K), 0.0006450 secs] [Times: user=0.00 sys=0.00, real=0.01 secs] 
202.879: Total time for which application threads were stopped: 0.0007790 seconds, Stopping threads took: 0.0000710 seconds
202.942: Application time: 0.0630230 seconds
202.942: [GC202.942: [ParNew: 16158K->506K(16640K), 0.0005890 secs] 35502K->20668K(55552K), 0.0006190 secs] [Times: user=0.01 sys=0.00, real=0.00 secs] 
202.943: Total time for which application threads were stopped: 0.0007630 seconds, Stopping threads took: 0.0000830 seconds
203.009: Application time: 0.0655210 seconds
203.009: [GC203.009: [ParNew: 15352K->406K(16640K), 0.0003370 secs] 35513K->20568K(55552K), 0.0003600 secs] [Times: user=0.00 sys=0.00, real=0.00 secs] 
203.009: Total time for which application threads were stopped: 0.0004650 seconds, Stopping threads took: 0.0000500 seconds
203.074: Application time: 0.0652250 seconds
203.074: [GC203.074: [ParNew: 15253K->430K(16640K), 0.0003820 secs] 35415K->20591K(55552K), 0.0004090 secs] [Times: user=0.01 sys=0.00, real=0.00 secs] 
203.075: Total time for which application threads were stopped: 0.0005350 seconds, Stopping threads took: 0.0000760 seconds
203.140: Application time: 0.0654410 seconds
203.140: [GC203.140: [ParNew: 15277K->610K(16640K), 0.0004750 secs] 35438K->20772K(55552K), 0.0005010 secs] [Times: user=0.00 sys=0.00, real=0.00 secs] 
203.141: Total time for which application threads were stopped: 0.0006040 seconds, Stopping threads took: 0.0000450 seconds
203.200: Application time: 0.0594550 seconds
203.200: [GC203.200: [ParNew: 15454K->1173K(16640K), 0.0005610 secs] 35616K->21334K(55552K), 0.0005870 secs] [Times: user=0.00 sys=0.00, real=0.00 secs] 
203.201: Total time for which application threads were stopped: 0.0006930 seconds, Stopping threads took: 0.0000480 seconds
203.266: Application time: 0.0649650 seconds
203.266: [GC203.266: [ParNew: 16017K->477K(16640K), 0.0004930 secs] 36179K->21400K(55552K), 0.0005190 secs] [Times: user=0.01 sys=0.00, real=0.00 secs] 
203.267: Total time for which application threads were stopped: 0.0005820 seconds, Stopping threads took: 0.0000120 seconds
203.333: Application time: 0.0667370 seconds
203.333: [GC203.333: [ParNew: 15325K->421K(16640K), 0.0003730 secs] 36247K->21343K(55552K), 0.0004010 secs] [Times: user=0.00 sys=0.00, real=0.00 secs] 
203.334: Total time for which application threads were stopped: 0.0005290 seconds, Stopping threads took: 0.0000730 seconds
203.401: Application time: 0.0667580 seconds
203.401: [GC203.401: [ParNew: 15268K->428K(16640K), 0.0003650 secs] 36191K->21350K(55552K), 0.0003930 secs] [Times: user=0.01 sys=0.00, real=0.00 secs] 
203.401: Total time for which application threads were stopped: 0.0005230 seconds, Stopping threads took: 0.0000640 seconds
203.468: Application time: 0.0667360 seconds
203.468: [GC203.468: [ParNew: 15275K->423K(16640K), 0.0003540 secs] 36198K->21345K(55552K), 0.0003790 secs] [Times: user=0.00 sys=0.00, real=0.00 secs] 
203.468: Total time for which application threads were stopped: 0.0004930 seconds, Stopping threads took: 0.0000650 seconds
203.535: Application time: 0.0670340 seconds
203.535: [GC203.536: [ParNew: 15270K->420K(16640K), 0.0004300 secs] 36193K->21343K(55552K), 0.0004680 secs] [Times: user=0.00 sys=0.00, real=0.00 secs] 
203.536: Total time for which application threads were stopped: 0.0005850 seconds, Stopping threads took: 0.0000630 seconds
203.603: Application time: 0.0673420 seconds
203.603: [GC203.603: [ParNew: 15268K->413K(16640K), 0.0003820 secs] 36190K->21336K(55552K), 0.0004090 secs] [Times: user=0.00 sys=0.00, real=0.00 secs] 
203.604: Total time for which application threads were stopped: 0.0005170 seconds, Stopping threads took: 0.0000500 seconds
203.671: Application time: 0.0671820 seconds
203.675: [GC203.675: [ParNew: 15261K->0K(16640K), 0.0004020 secs] 36183K->21302K(55552K), 0.0004300 secs] [Times: user=0.00 sys=0.00, real=0.00 secs] 
203.676: Total time for which application threads were stopped: 0.0045550 seconds, Stopping threads took: 0.0040730 seconds
203.736: Application time: 0.0609310 seconds
203.737: [GC203.737: [ParNew: 14846K->201K(16640K), 0.0003340 secs] 36149K->21503K(55552K), 0.0003580 secs] [Times: user=0.00 sys=0.00, real=0.00 secs] 
203.737: Total time for which application threads were stopped: 0.0004560 seconds, Stopping threads took: 0.0000420 seconds
203.790: Application time: 0.0531910 seconds
203.790: [GC203.790: [ParNew: 15044K->199K(16640K), 0.0003370 secs] 36347K->21501K(55552K), 0.0003650 secs] [Times: user=0.00 sys=0.00, real=0.00 secs] 
203.791: Total time for which application threads were stopped: 0.0004900 seconds, Stopping threads took: 0.0000680 seconds
203.846: Application time: 0.0551990 seconds
203.846: [GC203.846: [ParNew: 15046K->382K(16640K), 0.0003610 secs] 36348K->21685K(55552K), 0.0003880 secs] [Times: user=0.00 sys=0.00, real=0.00 secs] 
203.846: Total time for which application threads were stopped: 0.0004940 seconds, Stopping threads took: 0.0000490 seconds
203.903: Application time: 0.0565710 seconds
203.903: [GC203.903: [ParNew: 15230K->394K(16640K), 0.0003580 secs] 36532K->21697K(55552K), 0.0003890 secs] [Times: user=0.00 sys=0.00, real=0.00 secs] 
203.903: Total time for which application threads were stopped: 0.0005200 seconds, Stopping threads took: 0.0000650 seconds
203.969: Application time: 0.0652840 seconds
203.969: [GC203.969: [ParNew: 15239K->402K(16640K), 0.0004170 secs] 36542K->21704K(55552K), 0.0004450 secs] [Times: user=0.01 sys=0.00, real=0.00 secs] 
203.969: Total time for which application threads were stopped: 0.0005500 seconds, Stopping threads took: 0.0000520 seconds
204.036: Application time: 0.0663130 seconds
204.036: [GC204.036: [ParNew: 15249K->417K(16640K), 0.0003670 secs] 36552K->21719K(55552K), 0.0003930 secs] [Times: user=0.00 sys=0.00, real=0.00 secs] 
204.036: Total time for which application threads were stopped: 0.0005270 seconds, Stopping threads took: 0.0000800 seconds
204.102: Application time: 0.0662400 seconds
204.102: [GC204.102: [ParNew: 15264K->406K(16640K), 0.0004390 secs] 36567K->21708K(55552K), 0.0004660 secs] [Times: user=0.00 sys=0.00, real=0.00 secs] 
204.103: Total time for which application threads were stopped: 0.0005870 seconds, Stopping threads took: 0.0000640 seconds
204.168: Application time: 0.0649080 seconds
204.168: [GC204.168: [ParNew: 15251K->437K(16640K), 0.0003680 secs] 36554K->21740K(55552K), 0.0003940 secs] [Times: user=0.00 sys=0.00, real=0.00 secs] 
204.168: Total time for which application threads were stopped: 0.0005150 seconds, Stopping threads took: 0.0000700 seconds
204.218: Application time: 0.0492360 seconds
204.218: [GC204.218: [ParNew: 15281K->639K(16640K), 0.0004290 secs] 36583K->21941K(55552K), 0.0004560 secs] [Times: user=0.00 sys=0.00, real=0.00 secs] 
204.218: Total time for which application threads were stopped: 0.0005640 seconds, Stopping threads took: 0.0000570 seconds
204.278: Application time: 0.0603040 seconds
204.279: [GC204.279: [ParNew: 15487K->697K(16640K), 0.0004360 secs] 36789K->22000K(55552K), 0.0004640 secs] [Times: user=0.00 sys=0.00, real=0.00 secs] 
204.280: Total time for which application threads were stopped: 0.0011220 seconds, Stopping threads took: 0.0006050 seconds
204.345: Application time: 0.0654240 seconds
204.345: [GC204.345: [ParNew: 15542K->728K(16640K), 0.0005210 secs] 36845K->22031K(55552K), 0.0005580 secs] [Times: user=0.01 sys=0.00, real=0.00 secs] 
204.346: Total time for which application threads were stopped: 0.0006980 seconds, Stopping threads took: 0.0000820 seconds
204.412: Application time: 0.0667000 seconds
204.413: [GC204.413: [ParNew: 15575K->710K(16640K), 0.0004510 secs] 36878K->22012K(55552K), 0.0004780 secs] [Times: user=0.00 sys=0.00, real=0.00 secs] 
204.413: Total time for which application threads were stopped: 0.0006170 seconds, Stopping threads took: 0.0000740 seconds
204.467: Application time: 0.0542440 seconds
204.467: [GC204.467: [ParNew: 15555K->973K(16640K), 0.0005300 secs] 36857K->22275K(55552K), 0.0005560 secs] [Times: user=0.00 sys=0.00, real=0.00 secs] 
204.468: Total time for which application threads were stopped: 0.0006650 seconds, Stopping threads took: 0.0000580 seconds
204.502: Application time: 0.0337580 seconds
204.502: [GC204.502: [ParNew: 15817K->1564K(16640K), 0.0005890 secs] 37119K->22895K(55552K), 0.0006150 secs] [Times: user=0.00 sys=0.00, real=0.00 secs] 
204.502: Total time for which application threads were stopped: 0.0007270 seconds, Stopping threads took: 0.0000540 seconds
204.531: Application time: 0.0289560 seconds
204.531: [GC204.532: [ParNew: 16412K->1258K(16640K), 0.0006670 secs] 37743K->23217K(55552K), 0.0006940 secs] [Times: user=0.01 sys=0.00, real=0.00 secs] 
204.532: Total time for which application threads were stopped: 0.0008050 seconds, Stopping threads took: 0.0000520 seconds
204.576: Application time: 0.0437410 seconds
204.576: [GC204.576: [ParNew: 16104K->1201K(16640K), 0.0005720 secs] 38062K->23216K(55552K), 0.0005990 secs] [Times: user=0.00 sys=0.00, real=0.00 secs] 
204.577: Total time for which application threads were stopped: 0.0007340 seconds, Stopping threads took: 0.0000810 seconds
204.640: Application time: 0.0637790 seconds
204.641: [GC204.641: [ParNew: 16046K->1322K(16640K), 0.0006580 secs] 38062K->23366K(55552K), 0.0006860 secs] [Times: user=0.00 sys=0.00, real=0.00 secs] 
204.641: Total time for which application threads were stopped: 0.0008140 seconds, Stopping threads took: 0.0000610 seconds
204.715: Application time: 0.0732820 seconds
204.715: [GC204.715: [ParNew: 16169K->386K(16640K), 0.0006070 secs] 38213K->23439K(55552K), 0.0006370 secs] [Times: user=0.00 sys=0.00, real=0.00 secs] 
204.715: Total time for which application threads were stopped: 0.0007680 seconds, Stopping threads took: 0.0000760 seconds
204.788: Application time: 0.0730600 seconds
204.788: [GC204.789: [ParNew: 15232K->241K(16640K), 0.0004660 secs] 38284K->23294K(55552K), 0.0004980 secs] [Times: user=0.00 sys=0.00, real=0.00 secs] 
204.789: Total time for which application threads were stopped: 0.0006220 seconds, Stopping threads took: 0.0000600 seconds
204.859: Application time: 0.0698860 seconds
204.859: [GC204.859: [ParNew: 15087K->213K(16640K), 0.0003300 secs] 38139K->23265K(55552K), 0.0003580 secs] [Times: user=0.00 sys=0.00, real=0.01 secs] 
204.859: Total time for which application threads were stopped: 0.0004800 seconds, Stopping threads took: 0.0000630 seconds
204.928: Application time: 0.0688040 seconds
204.928: [GC204.928: [ParNew: 15061K->208K(16640K), 0.0003860 secs] 38113K->23261K(55552K), 0.0004160 secs] [Times: user=0.01 sys=0.00, real=0.00 secs] 
204.929: Total time for which application threads were stopped: 0.0005540 seconds, Stopping threads took: 0.0000680 seconds
204.990: Application time: 0.0609990 seconds
204.990: [GC204.990: [ParNew: 15055K->1163K(16640K), 0.0004590 secs] 38108K->24216K(55552K), 0.0004850 secs] [Times: user=0.00 sys=0.00, real=0.00 secs] 
204.990: Total time for which application threads were stopped: 0.0005990 seconds, Stopping threads took: 0.0000570 seconds
205.057: Application time: 0.0662890 seconds
205.057: [GC205.057: [ParNew: 16011K->0K(16640K), 0.0005680 secs] 39063K->24192K(55552K), 0.0005980 secs] [Times: user=0.00 sys=0.00, real=0.00 secs] 
205.057: Total time for which application threads were stopped: 0.0007500 seconds, Stopping threads took: 0.0000820 seconds
205.125: Application time: 0.0676310 seconds
205.125: [GC205.125: [ParNew: 14847K->0K(16640K), 0.0002910 secs] 39039K->24192K(55552K), 0.0003180 secs] [Times: user=0.00 sys=0.00, real=0.00 secs] 
205.125: Total time for which application threads were stopped: 0.0004360 seconds, Stopping threads took: 0.0000660 seconds
205.193: Application time: 0.0677610 seconds
205.193: [GC205.193: [ParNew: 14847K->0K(16640K), 0.0003580 secs] 39039K->24192K(55552K), 0.0003860 secs] [Times: user=0.00 sys=0.00, real=0.00 secs] 
205.194: Total time for which application threads were stopped: 0.0005320 seconds, Stopping threads took: 0.0000890 seconds
205.261: Application time: 0.0676430 seconds
205.261: [GC205.262: [ParNew: 14847K->0K(16640K), 0.0003530 secs] 39039K->24192K(55552K), 0.0003790 secs] [Times: user=0.00 sys=0.00, real=0.00 secs] 
205.262: Total time for which application threads were stopped: 0.0004890 seconds, Stopping threads took: 0.0000540 seconds
205.330: Application time: 0.0677870 seconds
205.330: [GC205.330: [ParNew: 14847K->0K(16640K), 0.0003480 secs] 39039K->24192K(55552K), 0.0003710 secs] [Times: user=0.00 sys=0.00, real=0.00 secs] 
205.330: Total time for which application threads were stopped: 0.0004900 seconds, Stopping threads took: 0.0000680 seconds
205.399: Application time: 0.0685990 seconds
205.399: [GC205.399: [ParNew: 14845K->0K(16640K), 0.0002990 secs] 39037K->24192K(55552K), 0.0003260 secs] [Times: user=0.00 sys=0.00, real=0.01 secs] 
205.399: Total time for which application threads were stopped: 0.0004530 seconds, Stopping threads took: 0.0000710 seconds
205.467: Application time: 0.0676380 seconds
205.467: [GC205.467: [ParNew: 14847K->0K(16640K), 0.0002770 secs] 39039K->24192K(55552K), 0.0003050 secs] [Times: user=0.00 sys=0.00, real=0.01 secs] 
205.467: Total time for which application threads were stopped: 0.0004240 seconds, Stopping threads took: 0.0000580 seconds
205.527: Application time: 0.0600740 seconds
205.527: [GC205.527: [ParNew: 14844K->192K(16640K), 0.0003730 secs] 39036K->24385K(55552K), 0.0003990 secs] [Times: user=0.00 sys=0.00, real=0.00 secs] 
205.528: Total time for which application threads were stopped: 0.0005020 seconds, Stopping threads took: 0.0000510 seconds
205.578: Application time: 0.0497730 seconds
205.578: [GC205.578: [ParNew: 15037K->384K(16640K), 0.0003510 secs] 39230K->24576K(55552K), 0.0003790 secs] [Times: user=0.01 sys=0.00, real=0.00 secs] 
205.578: Total time for which application threads were stopped: 0.0005360 seconds, Stopping threads took: 0.0001030 seconds
205.628: Application time: 0.0500920 seconds
205.628: [GC205.628: [ParNew: 15230K->393K(16640K), 0.0003640 secs] 39422K->24585K(55552K), 0.0003890 secs] [Times: user=0.00 sys=0.00, real=0.00 secs] 
205.629: Total time for which application threads were stopped: 0.0004860 seconds, Stopping threads took: 0.0000470 seconds
205.694: Application time: 0.0656050 seconds
205.694: [GC205.694: [ParNew: 15237K->394K(16640K), 0.0003560 secs] 39430K->24587K(55552K), 0.0003840 secs] [Times: user=0.00 sys=0.00, real=0.00 secs] 
205.695: Total time for which application threads were stopped: 0.0004960 seconds, Stopping threads took: 0.0000560 seconds
205.762: Application time: 0.0667090 seconds
205.762: [GC205.762: [ParNew: 15242K->398K(16640K), 0.0003950 secs] 39434K->24591K(55552K), 0.0004210 secs] [Times: user=0.00 sys=0.00, real=0.00 secs] 
205.762: Total time for which application threads were stopped: 0.0005570 seconds, Stopping threads took: 0.0000780 seconds
205.829: Application time: 0.0664120 seconds
205.829: [GC205.829: [ParNew: 15246K->434K(16640K), 0.0003670 secs] 39438K->24626K(55552K), 0.0003950 secs] [Times: user=0.00 sys=0.00, real=0.00 secs] 
205.829: Total time for which application threads were stopped: 0.0005130 seconds, Stopping threads took: 0.0000650 seconds
205.896: Application time: 0.0664720 seconds
205.896: [GC205.896: [ParNew: 15281K->420K(16640K), 0.0003660 secs] 39474K->24613K(55552K), 0.0004030 secs] [Times: user=0.00 sys=0.00, real=0.00 secs] 
205.896: Total time for which application threads were stopped: 0.0005210 seconds, Stopping threads took: 0.0000620 seconds
205.960: Application time: 0.0644240 seconds
205.961: [GC205.961: [ParNew: 15265K->461K(16640K), 0.0003620 secs] 39458K->24653K(55552K), 0.0003870 secs] [Times: user=0.00 sys=0.00, real=0.00 secs] 
205.961: Total time for which application threads were stopped: 0.0005230 seconds, Stopping threads took: 0.0000790 seconds
206.008: Application time: 0.0471180 seconds
206.008: [GC206.008: [ParNew: 15304K->630K(16640K), 0.0003890 secs] 39497K->24822K(55552K), 0.0004150 secs] [Times: user=0.00 sys=0.00, real=0.00 secs] 
206.009: Total time for which application threads were stopped: 0.0005580 seconds, Stopping threads took: 0.0000710 seconds
206.072: Application time: 0.0634360 seconds
206.072: [GC206.072: [ParNew: 15474K->678K(16640K), 0.0004150 secs] 39666K->24871K(55552K), 0.0004400 secs] [Times: user=0.00 sys=0.00, real=0.00 secs] 
206.073: Total time for which application threads were stopped: 0.0005430 seconds, Stopping threads took: 0.0000540 seconds
206.138: Application time: 0.0655980 seconds
206.138: [GC206.138: [ParNew: 15523K->725K(16640K), 0.0004880 secs] 39716K->24917K(55552K), 0.0005150 secs] [Times: user=0.00 sys=0.00, real=0.00 secs] 
206.139: Total time for which application threads were stopped: 0.0006270 seconds, Stopping threads took: 0.0000560 seconds
206.206: Application time: 0.0667680 seconds
206.206: [GC206.206: [ParNew: 15570K->748K(16640K), 0.0004150 secs] 39763K->24940K(55552K), 0.0004420 secs] [Times: user=0.00 sys=0.00, real=0.00 secs] 
206.206: Total time for which application threads were stopped: 0.0005590 seconds, Stopping threads took: 0.0000610 seconds
206.265: Application time: 0.0590770 seconds
206.265: [GC206.265: [ParNew: 15592K->1355K(16640K), 0.0005750 secs] 39785K->25548K(55552K), 0.0006020 secs] [Times: user=0.01 sys=0.00, real=0.00 secs] 
206.266: Total time for which application threads were stopped: 0.0007020 seconds, Stopping threads took: 0.0000410 seconds
206.289: Application time: 0.0227850 seconds
206.289: [GC206.289: [ParNew: 16200K->1435K(16640K), 0.0006650 secs] 40392K->26064K(55552K), 0.0006930 secs] [Times: user=0.00 sys=0.00, real=0.00 secs] 
206.290: Total time for which application threads were stopped: 0.0007960 seconds, Stopping threads took: 0.0000430 seconds
206.313: Application time: 0.0234080 seconds
206.315: Total time for which application threads were stopped: 0.0021130 seconds, Stopping threads took: 0.0020890 seconds
206.315: Application time: 0.0000670 seconds
206.315: [GC206.315: [ParNew: 16306K->666K(16640K), 0.0005570 secs] 40936K->25972K(55552K), 0.0005850 secs] [Times: user=0.01 sys=0.00, real=0.00 secs] 
206.316: Total time for which application threads were stopped: 0.0006510 seconds, Stopping threads took: 0.0000260 seconds
206.371: Application time: 0.0546980 seconds
206.371: [GC206.371: [ParNew: 15512K->1100K(16640K), 0.0004980 secs] 40818K->26406K(55552K), 0.0005260 secs] [Times: user=0.01 sys=0.00, real=0.00 secs] 
206.371: Total time for which application threads were stopped: 0.0006440 seconds, Stopping threads took: 0.0000650 seconds
206.429: Application time: 0.0582020 seconds
206.430: [GC206.430: [ParNew: 15947K->1246K(16640K), 0.0005280 secs] 41254K->26611K(55552K), 0.0005550 secs] [Times: user=0.00 sys=0.00, real=0.00 secs] 
206.430: Total time for which application threads were stopped: 0.0006790 seconds, Stopping threads took: 0.0000720 seconds
206.495: Application time: 0.0648430 seconds
206.495: [GC206.495: [ParNew: 16094K->0K(16640K), 0.0005910 secs] 41458K->26504K(55552K), 0.0006190 secs] [Times: user=0.00 sys=0.00, real=0.00 secs] 
206.496: Total time for which application threads were stopped: 0.0007550 seconds, Stopping threads took: 0.0000740 seconds
206.561: Application time: 0.0656530 seconds
206.563: [GC206.563: [ParNew: 14847K->0K(16640K), 0.0003280 secs] 41351K->26504K(55552K), 0.0003550 secs] [Times: user=0.00 sys=0.00, real=0.00 secs] 
206.564: Total time for which application threads were stopped: 0.0021690 seconds, Stopping threads took: 0.0017360 seconds
206.629: Application time: 0.0656610 seconds
206.629: [GC206.629: [ParNew: 14847K->0K(16640K), 0.0003090 secs] 41351K->26504K(55552K), 0.0003370 secs] [Times: user=0.00 sys=0.00, real=0.00 secs] 
206.630: Total time for which application threads were stopped: 0.0004510 seconds, Stopping threads took: 0.0000610 seconds
206.694: Application time: 0.0646680 seconds
206.694: [GC206.694: [ParNew: 14847K->196K(16640K), 0.0003060 secs] 41351K->26701K(55552K), 0.0003320 secs] [Times: user=0.00 sys=0.00, real=0.00 secs] 
206.695: Total time for which application threads were stopped: 0.0004440 seconds, Stopping threads took: 0.0000560 seconds
206.753: Application time: 0.0581900 seconds
206.753: [GC206.753: [ParNew: 15042K->964K(16640K), 0.0005190 secs] 41546K->27468K(55552K), 0.0005450 secs] [Times: user=0.00 sys=0.00, real=0.00 secs] 
206.754: Total time for which application threads were stopped: 0.0006780 seconds, Stopping threads took: 0.0000760 seconds
206.821: Application time: 0.0669930 seconds
206.821: [GC206.821: [ParNew: 15811K->0K(16640K), 0.0005140 secs] 42316K->27454K(55552K), 0.0005410 secs] [Times: user=0.00 sys=0.00, real=0.00 secs] 
206.821: Total time for which application threads were stopped: 0.0006540 seconds, Stopping threads took: 0.0000610 seconds
206.889: Application time: 0.0674630 seconds
206.889: [GC206.889: [ParNew: 14847K->0K(16640K), 0.0003000 secs] 42301K->27454K(55552K), 0.0003270 secs] [Times: user=0.01 sys=0.00, real=0.00 secs] 
206.889: Total time for which application threads were stopped: 0.0004500 seconds, Stopping threads took: 0.0000670 seconds
206.956: Application time: 0.0671580 seconds
206.956: [GC206.956: [ParNew: 14847K->0K(16640K), 0.0003180 secs] 42301K->27454K(55552K), 0.0003470 secs] [Times: user=0.00 sys=0.00, real=0.00 secs] 
206.957: Total time for which application threads were stopped: 0.0005010 seconds, Stopping threads took: 0.0000960 seconds
207.024: Application time: 0.0676000 seconds
207.025: [GC207.025: [ParNew: 14847K->0K(16640K), 0.0003050 secs] 42301K->27454K(55552K), 0.0003310 secs] [Times: user=0.01 sys=0.00, real=0.00 secs] 
207.025: Total time for which application threads were stopped: 0.0004320 seconds, Stopping threads took: 0.0000500 seconds
207.093: Application time: 0.0679410 seconds
207.093: [GC207.093: [ParNew: 14845K->0K(16640K), 0.0003700 secs] 42299K->27454K(55552K), 0.0003980 secs] [Times: user=0.00 sys=0.00, real=0.00 secs] 
207.093: Total time for which application threads were stopped: 0.0005390 seconds, Stopping threads took: 0.0000760 seconds
207.161: Application time: 0.0672610 seconds
207.161: [GC207.161: [ParNew: 14847K->0K(16640K), 0.0002770 secs] 42301K->27454K(55552K), 0.0003040 secs] [Times: user=0.00 sys=0.00, real=0.00 secs] 
207.161: Total time for which application threads were stopped: 0.0004110 seconds, Stopping threads took: 0.0000490 seconds
207.229: Application time: 0.0677330 seconds
207.229: [GC207.229: [ParNew: 14845K->0K(16640K), 0.0003090 secs] 42299K->27454K(55552K), 0.0003350 secs] [Times: user=0.00 sys=0.00, real=0.00 secs] 
207.229: Total time for which application threads were stopped: 0.0004300 seconds, Stopping threads took: 0.0000460 seconds
207.278: Application time: 0.0491860 seconds
207.279: [GC207.279: [ParNew: 14844K->192K(16640K), 0.0003870 secs] 42298K->27647K(55552K), 0.0004130 secs] [Times: user=0.00 sys=0.00, real=0.00 secs] 
207.279: Total time for which application threads were stopped: 0.0005540 seconds, Stopping threads took: 0.0000900 seconds
207.331: Application time: 0.0523680 seconds
207.331: [GC207.331: [ParNew: 15039K->386K(16640K), 0.0003860 secs] 42494K->27841K(55552K), 0.0004140 secs] [Times: user=0.00 sys=0.00, real=0.00 secs] 
207.332: Total time for which application threads were stopped: 0.0005210 seconds, Stopping threads took: 0.0000520 seconds
207.390: Application time: 0.0581750 seconds
207.390: [GC207.390: [ParNew: 15231K->390K(16640K), 0.0004070 secs] 42686K->27845K(55552K), 0.0004440 secs] [Times: user=0.01 sys=0.00, real=0.00 secs] 
207.391: Total time for which application threads were stopped: 0.0005600 seconds, Stopping threads took: 0.0000610 seconds
207.456: Application time: 0.0654200 seconds
207.456: [GC207.456: [ParNew: 15235K->404K(16640K), 0.0003600 secs] 42690K->27859K(55552K), 0.0003850 secs] [Times: user=0.00 sys=0.00, real=0.00 secs] 
207.457: Total time for which application threads were stopped: 0.0005160 seconds, Stopping threads took: 0.0000760 seconds
207.523: Application time: 0.0662750 seconds
207.523: [GC207.523: [ParNew: 15252K->410K(16640K), 0.0003760 secs] 42706K->27865K(55552K), 0.0004030 secs] [Times: user=0.01 sys=0.00, real=0.00 secs] 
207.523: Total time for which application threads were stopped: 0.0005360 seconds, Stopping threads took: 0.0000830 seconds
207.590: Application time: 0.0667600 seconds
207.590: [GC207.590: [ParNew: 15258K->412K(16640K), 0.0004260 secs] 42712K->27866K(55552K), 0.0004520 secs] [Times: user=0.00 sys=0.00, real=0.00 secs] 
207.591: Total time for which application threads were stopped: 0.0005690 seconds, Stopping threads took: 0.0000620 seconds
207.656: Application time: 0.0652180 seconds
207.656: [GC207.656: [ParNew: 15257K->463K(16640K), 0.0003450 secs] 42711K->27917K(55552K), 0.0003710 secs] [Times: user=0.00 sys=0.00, real=0.00 secs] 
207.656: Total time for which application threads were stopped: 0.0004740 seconds, Stopping threads took: 0.0000420 seconds
207.716: Application time: 0.0601160 seconds
207.717: [GC207.717: [ParNew: 15212K->509K(16640K), 0.0003880 secs] 42666K->27963K(55552K), 0.0004140 secs] [Times: user=0.00 sys=0.00, real=0.00 secs] 
207.717: Total time for which application threads were stopped: 0.0005420 seconds, Stopping threads took: 0.0000710 seconds
207.767: Application time: 0.0499110 seconds
207.767: [GC207.767: [ParNew: 15354K->662K(16640K), 0.0004120 secs] 42809K->28116K(55552K), 0.0004390 secs] [Times: user=0.00 sys=0.00, real=0.00 secs] 
207.767: Total time for which application threads were stopped: 0.0005680 seconds, Stopping threads took: 0.0000660 seconds
207.833: Application time: 0.0651570 seconds
207.833: [GC207.833: [ParNew: 15507K->721K(16640K), 0.0004260 secs] 42961K->28175K(55552K), 0.0004530 secs] [Times: user=0.01 sys=0.00, real=0.00 secs] 
207.833: Total time for which application threads were stopped: 0.0005490 seconds, Stopping threads took: 0.0000440 seconds
207.900: Application time: 0.0672830 seconds
207.901: [GC207.901: [ParNew: 15568K->743K(16640K), 0.0004540 secs] 43023K->28198K(55552K), 0.0004810 secs] [Times: user=0.00 sys=0.00, real=0.00 secs] 
207.901: Total time for which application threads were stopped: 0.0006030 seconds, Stopping threads took: 0.0000650 seconds
207.968: Application time: 0.0666280 seconds
207.968: [GC207.968: [ParNew: 15591K->732K(16640K), 0.0004220 secs] 43045K->28187K(55552K), 0.0004480 secs] [Times: user=0.01 sys=0.00, real=0.00 secs] 
207.968: Total time for which application threads were stopped: 0.0005620 seconds, Stopping threads took: 0.0000560 seconds
208.019: Application time: 0.0508350 seconds
208.019: [GC208.019: [ParNew: 15578K->1113K(16640K), 0.0005510 secs] 43032K->28596K(55552K), 0.0005790 secs] [Times: user=0.01 sys=0.00, real=0.00 secs] 
208.020: Total time for which application threads were stopped: 0.0007030 seconds, Stopping threads took: 0.0000720 seconds
208.043: Application time: 0.0232630 seconds
208.043: [GC208.043: [ParNew: 15957K->1661K(16640K), 0.0006220 secs] 43440K->29334K(55552K), 0.0006510 secs] [Times: user=0.01 sys=0.00, real=0.00 secs] 
208.044: Total time for which application threads were stopped: 0.0007540 seconds, Stopping threads took: 0.0000430 seconds
208.071: Application time: 0.0272890 seconds
208.071: [GC208.071: [ParNew: 16506K->1098K(16640K), 0.0007330 secs] 44179K->29486K(55552K), 0.0007600 secs] [Times: user=0.01 sys=0.00, real=0.00 secs] 
208.072: Total time for which application threads were stopped: 0.0008840 seconds, Stopping threads took: 0.0000730 seconds
208.072: Application time: 0.0000470 seconds
208.075: [GC [1 CMS-initial-mark: 28387K(38912K)] 29512K(55552K), 0.0001240 secs] [Times: user=0.00 sys=0.00, real=0.00 secs] 
208.075: Total time for which application threads were stopped: 0.0031310 seconds, Stopping threads took: 0.0029880 seconds
208.075: [CMS-concurrent-mark-start]
208.080: [CMS-concurrent-mark: 0.005/0.005 secs] [Times: user=0.03 sys=0.01, real=0.01 secs] 
208.081: [CMS-concurrent-preclean-start]
208.081: [CMS-concurrent-preclean: 0.000/0.000 secs] [Times: user=0.00 sys=0.00, real=0.00 secs] 
208.081: Application time: 0.0054570 seconds
208.083: [GC[YG occupancy: 2735 K (16640 K)]208.083: [Rescan (parallel) , 0.0002420 secs]208.083: [weak refs processing, 0.0000640 secs]208.083: [scrub string table, 0.0000950 secs] [1 CMS-remark: 28387K(38912K)] 31122K(55552K), 0.0004300 secs] [Times: user=0.00 sys=0.00, real=0.00 secs] 
208.084: Total time for which application threads were stopped: 0.0029120 seconds, Stopping threads took: 0.0024560 seconds
208.084: [CMS-concurrent-sweep-start]
208.086: [CMS-concurrent-sweep: 0.003/0.003 secs] [Times: user=0.01 sys=0.00, real=0.00 secs] 
208.086: [CMS-concurrent-reset-start]
208.086: [CMS-concurrent-reset: 0.000/0.000 secs] [Times: user=0.00 sys=0.00, real=0.00 secs] 
208.136: Application time: 0.0519850 seconds
208.136: [GC208.136: [ParNew: 15946K->1143K(16640K), 0.0005050 secs] 18277K->3474K(55552K), 0.0005320 secs] [Times: user=0.01 sys=0.00, real=0.00 secs] 
208.136: Total time for which application threads were stopped: 0.0006430 seconds, Stopping threads took: 0.0000570 seconds
208.196: Application time: 0.0602000 seconds
208.197: [GC208.197: [ParNew: 15989K->1303K(16640K), 0.0005390 secs] 18321K->3692K(55552K), 0.0005650 secs] [Times: user=0.00 sys=0.00, real=0.00 secs] 
208.197: Total time for which application threads were stopped: 0.0006980 seconds, Stopping threads took: 0.0000650 seconds
208.262: Application time: 0.0649260 seconds
208.262: [GC208.262: [ParNew: 16150K->921K(16640K), 0.0005380 secs] 18539K->3691K(55552K), 0.0005650 secs] [Times: user=0.00 sys=0.00, real=0.00 secs] 
208.263: Total time for which application threads were stopped: 0.0006860 seconds, Stopping threads took: 0.0000620 seconds
208.328: Application time: 0.0655240 seconds
208.328: [GC208.328: [ParNew: 15769K->825K(16640K), 0.0004120 secs] 18538K->3594K(55552K), 0.0004360 secs] [Times: user=0.00 sys=0.00, real=0.00 secs] 
208.329: Total time for which application threads were stopped: 0.0005420 seconds, Stopping threads took: 0.0000550 seconds
208.394: Application time: 0.0652490 seconds
208.394: [GC208.394: [ParNew: 15672K->894K(16640K), 0.0004410 secs] 18442K->3663K(55552K), 0.0004690 secs] [Times: user=0.00 sys=0.00, real=0.00 secs] 
208.395: Total time for which application threads were stopped: 0.0005870 seconds, Stopping threads took: 0.0000620 seconds
208.456: Application time: 0.0616970 seconds
208.456: [GC208.456: [ParNew: 15740K->1052K(16640K), 0.0004810 secs] 18509K->3821K(55552K), 0.0005080 secs] [Times: user=0.00 sys=0.00, real=0.00 secs] 
208.457: Total time for which application threads were stopped: 0.0006240 seconds, Stopping threads took: 0.0000590 seconds
208.518: Application time: 0.0609290 seconds
208.518: [GC208.518: [ParNew: 15899K->1121K(16640K), 0.0004840 secs] 18668K->4081K(55552K), 0.0005120 secs] [Times: user=0.00 sys=0.00, real=0.00 secs] 
208.519: Total time for which application threads were stopped: 0.0006380 seconds, Stopping threads took: 0.0000680 seconds
208.585: Application time: 0.0664680 seconds
208.585: [GC208.585: [ParNew: 15969K->968K(16640K), 0.0005540 secs] 18928K->4118K(55552K), 0.0005830 secs] [Times: user=0.00 sys=0.00, real=0.00 secs] 
208.586: Total time for which application threads were stopped: 0.0007060 seconds, Stopping threads took: 0.0000700 seconds
208.653: Application time: 0.0671740 seconds
208.653: [GC208.653: [ParNew: 15816K->800K(16640K), 0.0003850 secs] 18965K->3949K(55552K), 0.0004120 secs] [Times: user=0.00 sys=0.00, real=0.00 secs] 
208.653: Total time for which application threads were stopped: 0.0005430 seconds, Stopping threads took: 0.0000730 seconds
208.720: Application time: 0.0666480 seconds
208.720: [GC208.720: [ParNew: 15647K->871K(16640K), 0.0004480 secs] 18797K->4021K(55552K), 0.0004860 secs] [Times: user=0.01 sys=0.00, real=0.00 secs] 
208.721: Total time for which application threads were stopped: 0.0006060 seconds, Stopping threads took: 0.0000580 seconds
208.788: Application time: 0.0671110 seconds
208.788: [GC208.788: [ParNew: 15719K->916K(16640K), 0.0004240 secs] 18868K->4066K(55552K), 0.0004500 secs] [Times: user=0.00 sys=0.00, real=0.00 secs] 
208.788: Total time for which application threads were stopped: 0.0005650 seconds, Stopping threads took: 0.0000630 seconds
208.856: Application time: 0.0672190 seconds
208.856: [GC208.856: [ParNew: 15763K->845K(16640K), 0.0005200 secs] 18913K->3994K(55552K), 0.0005470 secs] [Times: user=0.00 sys=0.00, real=0.00 secs] 
208.856: Total time for which application threads were stopped: 0.0006710 seconds, Stopping threads took: 0.0000660 seconds
208.923: Application time: 0.0667210 seconds
208.923: [GC208.923: [ParNew: 15692K->0K(16640K), 0.0005350 secs] 18842K->3909K(55552K), 0.0005600 secs] [Times: user=0.00 sys=0.00, real=0.00 secs] 
208.924: Total time for which application threads were stopped: 0.0006720 seconds, Stopping threads took: 0.0000630 seconds
208.983: Application time: 0.0593410 seconds
208.987: [GC208.987: [ParNew: 14844K->221K(16640K), 0.0003550 secs] 18753K->4131K(55552K), 0.0003820 secs] [Times: user=0.01 sys=0.00, real=0.00 secs] 
208.988: Total time for which application threads were stopped: 0.0045200 seconds, Stopping threads took: 0.0040850 seconds
209.043: Application time: 0.0555560 seconds
209.043: [GC209.043: [ParNew: 15067K->200K(16640K), 0.0003500 secs] 18976K->4109K(55552K), 0.0003760 secs] [Times: user=0.00 sys=0.00, real=0.00 secs] 
209.044: Total time for which application threads were stopped: 0.0004850 seconds, Stopping threads took: 0.0000540 seconds
209.095: Application time: 0.0516420 seconds
209.095: [GC209.095: [ParNew: 15044K->384K(16640K), 0.0003630 secs] 18953K->4293K(55552K), 0.0003910 secs] [Times: user=0.00 sys=0.00, real=0.00 secs] 
209.096: Total time for which application threads were stopped: 0.0005130 seconds, Stopping threads took: 0.0000640 seconds
209.156: Application time: 0.0607010 seconds
209.157: [GC209.157: [ParNew: 15227K->391K(16640K), 0.0003570 secs] 19137K->4301K(55552K), 0.0003830 secs] [Times: user=0.00 sys=0.00, real=0.00 secs] 
209.157: Total time for which application threads were stopped: 0.0004830 seconds, Stopping threads took: 0.0000430 seconds
209.223: Application time: 0.0656880 seconds
209.223: [GC209.223: [ParNew: 15239K->402K(16640K), 0.0003590 secs] 19148K->4312K(55552K), 0.0003870 secs] [Times: user=0.00 sys=0.00, real=0.00 secs] 
209.223: Total time for which application threads were stopped: 0.0004890 seconds, Stopping threads took: 0.0000390 seconds
209.290: Application time: 0.0667210 seconds
209.290: [GC209.290: [ParNew: 15248K->408K(16640K), 0.0003500 secs] 19157K->4318K(55552K), 0.0003760 secs] [Times: user=0.00 sys=0.00, real=0.00 secs] 
209.290: Total time for which application threads were stopped: 0.0004940 seconds, Stopping threads took: 0.0000650 seconds
209.357: Application time: 0.0666160 seconds
209.357: [GC209.357: [ParNew: 15256K->425K(16640K), 0.0003510 secs] 19165K->4335K(55552K), 0.0003760 secs] [Times: user=0.00 sys=0.00, real=0.00 secs] 
209.357: Total time for which application threads were stopped: 0.0004810 seconds, Stopping threads took: 0.0000490 seconds
209.422: Application time: 0.0646070 seconds
209.422: [GC209.422: [ParNew: 15272K->447K(16640K), 0.0003770 secs] 19182K->4357K(55552K), 0.0004020 secs] [Times: user=0.00 sys=0.00, real=0.00 secs] 
209.423: Total time for which application threads were stopped: 0.0005040 seconds, Stopping threads took: 0.0000530 seconds
209.481: Application time: 0.0584420 seconds
209.481: [GC209.481: [ParNew: 15291K->663K(16640K), 0.0003900 secs] 19201K->4573K(55552K), 0.0004170 secs] [Times: user=0.00 sys=0.00, real=0.00 secs] 
209.482: Total time for which application threads were stopped: 0.0005510 seconds, Stopping threads took: 0.0000710 seconds
209.535: Application time: 0.0530270 seconds
209.535: [GC209.535: [ParNew: 15509K->670K(16640K), 0.0004850 secs] 19419K->4580K(55552K), 0.0005130 secs] [Times: user=0.01 sys=0.00, real=0.00 secs] 
209.535: Total time for which application threads were stopped: 0.0006260 seconds, Stopping threads took: 0.0000600 seconds
209.600: Application time: 0.0651060 seconds
209.600: [GC209.600: [ParNew: 15515K->676K(16640K), 0.0004650 secs] 19425K->4586K(55552K), 0.0004920 secs] [Times: user=0.00 sys=0.00, real=0.00 secs] 
209.601: Total time for which application threads were stopped: 0.0005880 seconds, Stopping threads took: 0.0000390 seconds
209.668: Application time: 0.0674580 seconds
209.668: [GC209.668: [ParNew: 15521K->719K(16640K), 0.0004260 secs] 19431K->4628K(55552K), 0.0004500 secs] [Times: user=0.01 sys=0.00, real=0.00 secs] 
209.669: Total time for which application threads were stopped: 0.0005670 seconds, Stopping threads took: 0.0000610 seconds
209.735: Application time: 0.0664260 seconds
209.735: [GC209.735: [ParNew: 15566K->751K(16640K), 0.0004210 secs] 19476K->4661K(55552K), 0.0004470 secs] [Times: user=0.01 sys=0.00, real=0.00 secs] 
209.736: Total time for which application threads were stopped: 0.0005530 seconds, Stopping threads took: 0.0000450 seconds
209.774: Application time: 0.0384630 seconds
209.774: [GC209.774: [ParNew: 15595K->1195K(16640K), 0.0005480 secs] 19505K->5323K(55552K), 0.0005740 secs] [Times: user=0.01 sys=0.00, real=0.00 secs] 
209.775: Total time for which application threads were stopped: 0.0006790 seconds, Stopping threads took: 0.0000520 seconds
209.803: Application time: 0.0275110 seconds
209.803: [GC209.803: [ParNew: 16041K->1251K(16640K), 0.0005720 secs] 20169K->5598K(55552K), 0.0005990 secs] [Times: user=0.01 sys=0.00, real=0.00 secs] 
209.803: Total time for which application threads were stopped: 0.0007060 seconds, Stopping threads took: 0.0000490 seconds
209.840: Application time: 0.0363640 seconds
209.840: [GC209.840: [ParNew: 16096K->1250K(16640K), 0.0005760 secs] 20443K->5816K(55552K), 0.0006030 secs] [Times: user=0.01 sys=0.00, real=0.00 secs] 
209.840: Total time for which application threads were stopped: 0.0007260 seconds, Stopping threads took: 0.0000670 seconds
209.893: Application time: 0.0528570 seconds
209.893: [GC209.893: [ParNew: 16095K->1365K(16640K), 0.0006110 secs] 20661K->6017K(55552K), 0.0006390 secs] [Times: user=0.00 sys=0.00, real=0.00 secs] 
209.894: Total time for which application threads were stopped: 0.0007480 seconds, Stopping threads took: 0.0000520 seconds
209.956: Application time: 0.0616790 seconds
209.956: [GC209.956: [ParNew: 16212K->797K(16640K), 0.0005750 secs] 20863K->6077K(55552K), 0.0006020 secs] [Times: user=0.01 sys=0.00, real=0.00 secs] 
209.956: Total time for which application threads were stopped: 0.0007380 seconds, Stopping threads took: 0.0000780 seconds
210.021: Application time: 0.0651110 seconds
210.022: [GC210.022: [ParNew: 15643K->627K(16640K), 0.0003750 secs] 20923K->5907K(55552K), 0.0004010 secs] [Times: user=0.01 sys=0.00, real=0.00 secs] 
210.022: Total time for which application threads were stopped: 0.0005160 seconds, Stopping threads took: 0.0000650 seconds
210.087: Application time: 0.0649660 seconds
210.087: [GC210.087: [ParNew: 15475K->621K(16640K), 0.0003840 secs] 20754K->5901K(55552K), 0.0004130 secs] [Times: user=0.00 sys=0.00, real=0.00 secs] 
210.088: Total time for which application threads were stopped: 0.0005380 seconds, Stopping threads took: 0.0000710 seconds
210.152: Application time: 0.0649930 seconds
210.153: [GC210.153: [ParNew: 15468K->633K(16640K), 0.0004020 secs] 20748K->5913K(55552K), 0.0004300 secs] [Times: user=0.01 sys=0.00, real=0.00 secs] 
210.153: Total time for which application threads were stopped: 0.0005670 seconds, Stopping threads took: 0.0000780 seconds
210.213: Application time: 0.0598830 seconds
210.213: [GC210.213: [ParNew: 15478K->1205K(16640K), 0.0005890 secs] 20758K->6485K(55552K), 0.0006150 secs] [Times: user=0.01 sys=0.00, real=0.00 secs] 
210.214: Total time for which application threads were stopped: 0.0007480 seconds, Stopping threads took: 0.0000720 seconds
210.276: Application time: 0.0622360 seconds
210.276: [GC210.276: [ParNew: 16051K->1057K(16640K), 0.0005090 secs] 21331K->6528K(55552K), 0.0005380 secs] [Times: user=0.00 sys=0.00, real=0.00 secs] 
210.277: Total time for which application threads were stopped: 0.0006700 seconds, Stopping threads took: 0.0000680 seconds
210.343: Application time: 0.0666110 seconds
210.343: [GC210.343: [ParNew: 15905K->518K(16640K), 0.0005320 secs] 21375K->6559K(55552K), 0.0005570 secs] [Times: user=0.00 sys=0.00, real=0.00 secs] 
210.344: Total time for which application threads were stopped: 0.0006750 seconds, Stopping threads took: 0.0000610 seconds
210.411: Application time: 0.0669550 seconds
210.411: [GC210.411: [ParNew: 15365K->392K(16640K), 0.0003630 secs] 21406K->6433K(55552K), 0.0003910 secs] [Times: user=0.00 sys=0.00, real=0.00 secs] 
210.411: Total time for which application threads were stopped: 0.0005400 seconds, Stopping threads took: 0.0000900 seconds
210.479: Application time: 0.0671770 seconds
210.479: [GC210.479: [ParNew: 15240K->424K(16640K), 0.0003650 secs] 21280K->6464K(55552K), 0.0003920 secs] [Times: user=0.00 sys=0.00, real=0.01 secs] 
210.479: Total time for which application threads were stopped: 0.0005000 seconds, Stopping threads took: 0.0000570 seconds
210.546: Application time: 0.0669770 seconds
210.546: [GC210.546: [ParNew: 15271K->399K(16640K), 0.0003710 secs] 21312K->6440K(55552K), 0.0003980 secs] [Times: user=0.01 sys=0.00, real=0.00 secs] 
210.547: Total time for which application threads were stopped: 0.0005010 seconds, Stopping threads took: 0.0000480 seconds
210.613: Application time: 0.0669260 seconds
210.614: [GC210.614: [ParNew: 15246K->435K(16640K), 0.0003460 secs] 21287K->6476K(55552K), 0.0003680 secs] [Times: user=0.00 sys=0.00, real=0.00 secs] 
210.614: Total time for which application threads were stopped: 0.0004880 seconds, Stopping threads took: 0.0000620 seconds
210.681: Application time: 0.0671990 seconds
210.681: [GC210.681: [ParNew: 15283K->0K(16640K), 0.0004650 secs] 21323K->6420K(55552K), 0.0004920 secs] [Times: user=0.00 sys=0.00, real=0.00 secs] 
210.682: Total time for which application threads were stopped: 0.0006180 seconds, Stopping threads took: 0.0000740 seconds
210.735: Application time: 0.0536350 seconds
210.736: [GC210.736: [ParNew: 14845K->201K(16640K), 0.0003260 secs] 21265K->6622K(55552K), 0.0003510 secs] [Times: user=0.00 sys=0.00, real=0.00 secs] 
210.736: Total time for which application threads were stopped: 0.0004720 seconds, Stopping threads took: 0.0000680 seconds
210.794: Application time: 0.0581170 seconds
210.794: [GC210.794: [ParNew: 15047K->383K(16640K), 0.0003660 secs] 21468K->6804K(55552K), 0.0003910 secs] [Times: user=0.00 sys=0.00, real=0.00 secs] 
210.795: Total time for which application threads were stopped: 0.0005110 seconds, Stopping threads took: 0.0000550 seconds
210.842: Application time: 0.0477830 seconds
210.842: [GC210.842: [ParNew: 15227K->408K(16640K), 0.0003740 secs] 21648K->6829K(55552K), 0.0004010 secs] [Times: user=0.00 sys=0.00, real=0.00 secs] 
210.843: Total time for which application threads were stopped: 0.0005040 seconds, Stopping threads took: 0.0000490 seconds
210.908: Application time: 0.0648690 seconds
210.908: [GC210.908: [ParNew: 15255K->413K(16640K), 0.0003570 secs] 21675K->6834K(55552K), 0.0003820 secs] [Times: user=0.00 sys=0.00, real=0.00 secs] 
210.908: Total time for which application threads were stopped: 0.0005000 seconds, Stopping threads took: 0.0000630 seconds
210.975: Application time: 0.0664440 seconds
210.975: [GC210.975: [ParNew: 15260K->417K(16640K), 0.0003750 secs] 21681K->6837K(55552K), 0.0004030 secs] [Times: user=0.01 sys=0.00, real=0.00 secs] 
210.975: Total time for which application threads were stopped: 0.0005120 seconds, Stopping threads took: 0.0000590 seconds
211.041: Application time: 0.0662050 seconds
211.041: [GC211.041: [ParNew: 15264K->424K(16640K), 0.0003520 secs] 21685K->6845K(55552K), 0.0003870 secs] [Times: user=0.00 sys=0.00, real=0.00 secs] 
211.042: Total time for which application threads were stopped: 0.0005090 seconds, Stopping threads took: 0.0000660 seconds
211.108: Application time: 0.0661460 seconds
211.108: [GC211.108: [ParNew: 15271K->409K(16640K), 0.0003760 secs] 21692K->6830K(55552K), 0.0004020 secs] [Times: user=0.00 sys=0.00, real=0.00 secs] 
211.109: Total time for which application threads were stopped: 0.0005070 seconds, Stopping threads took: 0.0000480 seconds
211.173: Application time: 0.0644080 seconds
211.173: [GC211.173: [ParNew: 15257K->440K(16640K), 0.0004070 secs] 21678K->6860K(55552K), 0.0004340 secs] [Times: user=0.00 sys=0.00, real=0.00 secs] 
211.173: Total time for which application threads were stopped: 0.0005480 seconds, Stopping threads took: 0.0000630 seconds
211.223: Application time: 0.0496830 seconds
211.223: [GC211.223: [ParNew: 15285K->654K(16640K), 0.0004550 secs] 21706K->7075K(55552K), 0.0004840 secs] [Times: user=0.00 sys=0.00, real=0.00 secs] 
211.224: Total time for which application threads were stopped: 0.0006030 seconds, Stopping threads took: 0.0000670 seconds
211.285: Application time: 0.0607540 seconds
211.285: [GC211.285: [ParNew: 15498K->659K(16640K), 0.0004530 secs] 21919K->7079K(55552K), 0.0004780 secs] [Times: user=0.00 sys=0.00, real=0.00 secs] 
211.285: Total time for which application threads were stopped: 0.0005920 seconds, Stopping threads took: 0.0000610 seconds
211.351: Application time: 0.0655280 seconds
211.351: [GC211.351: [ParNew: 15504K->694K(16640K), 0.0004690 secs] 21924K->7115K(55552K), 0.0004980 secs] [Times: user=0.00 sys=0.00, real=0.00 secs] 
211.351: Total time for which application threads were stopped: 0.0006120 seconds, Stopping threads took: 0.0000500 seconds
211.418: Application time: 0.0668910 seconds
211.418: [GC211.418: [ParNew: 15542K->705K(16640K), 0.0004570 secs] 21962K->7125K(55552K), 0.0004830 secs] [Times: user=0.01 sys=0.00, real=0.00 secs] 
211.419: Total time for which application threads were stopped: 0.0005970 seconds, Stopping threads took: 0.0000540 seconds
211.485: Application time: 0.0660160 seconds
211.485: [GC211.485: [ParNew: 15552K->755K(16640K), 0.0004090 secs] 21973K->7175K(55552K), 0.0004360 secs] [Times: user=0.00 sys=0.00, real=0.00 secs] 
211.485: Total time for which application threads were stopped: 0.0005440 seconds, Stopping threads took: 0.0000570 seconds
211.516: Application time: 0.0306080 seconds
211.516: [GC211.516: [ParNew: 15601K->1145K(16640K), 0.0005840 secs] 22022K->7784K(55552K), 0.0006110 secs] [Times: user=0.00 sys=0.00, real=0.00 secs] 
211.517: Total time for which application threads were stopped: 0.0007190 seconds, Stopping threads took: 0.0000480 seconds
211.546: Application time: 0.0290340 seconds
211.546: [GC211.546: [ParNew: 15992K->1269K(16640K), 0.0005840 secs] 22632K->8127K(55552K), 0.0006120 secs] [Times: user=0.01 sys=0.00, real=0.00 secs] 
211.546: Total time for which application threads were stopped: 0.0007320 seconds, Stopping threads took: 0.0000600 seconds
211.587: Application time: 0.0401420 seconds
211.587: [GC211.587: [ParNew: 16116K->1276K(16640K), 0.0005690 secs] 22974K->8353K(55552K), 0.0005970 secs] [Times: user=0.00 sys=0.00, real=0.01 secs] 
211.587: Total time for which application threads were stopped: 0.0007050 seconds, Stopping threads took: 0.0000540 seconds
211.642: Application time: 0.0545650 seconds
211.642: [GC211.642: [ParNew: 16121K->1376K(16640K), 0.0005300 secs] 23197K->8568K(55552K), 0.0005560 secs] [Times: user=0.00 sys=0.00, real=0.00 secs] 
211.643: Total time for which application threads were stopped: 0.0006700 seconds, Stopping threads took: 0.0000590 seconds
211.706: Application time: 0.0635630 seconds
211.706: [GC211.706: [ParNew: 16221K->328K(16640K), 0.0005650 secs] 23412K->8499K(55552K), 0.0005910 secs] [Times: user=0.00 sys=0.00, real=0.00 secs] 
211.707: Total time for which application threads were stopped: 0.0006990 seconds, Stopping threads took: 0.0000490 seconds
211.772: Application time: 0.0654190 seconds
211.772: [GC211.772: [ParNew: 15176K->241K(16640K), 0.0003520 secs] 23347K->8412K(55552K), 0.0003870 secs] [Times: user=0.01 sys=0.00, real=0.00 secs] 
211.773: Total time for which application threads were stopped: 0.0004990 seconds, Stopping threads took: 0.0000540 seconds
211.838: Application time: 0.0654760 seconds
211.838: [GC211.838: [ParNew: 15088K->209K(16640K), 0.0004660 secs] 23259K->8379K(55552K), 0.0004910 secs] [Times: user=0.00 sys=0.00, real=0.00 secs] 
211.839: Total time for which application threads were stopped: 0.0006050 seconds, Stopping threads took: 0.0000620 seconds
211.904: Application time: 0.0652500 seconds
211.904: [GC211.904: [ParNew: 15056K->202K(16640K), 0.0003870 secs] 23227K->8373K(55552K), 0.0004150 secs] [Times: user=0.00 sys=0.00, real=0.00 secs] 
211.905: Total time for which application threads were stopped: 0.0005630 seconds, Stopping threads took: 0.0000810 seconds
211.964: Application time: 0.0593990 seconds
211.964: [GC211.964: [ParNew: 15048K->958K(16640K), 0.0004400 secs] 23219K->9129K(55552K), 0.0004670 secs] [Times: user=0.01 sys=0.00, real=0.00 secs] 
211.965: Total time for which application threads were stopped: 0.0005860 seconds, Stopping threads took: 0.0000600 seconds
212.030: Application time: 0.0651690 seconds
212.030: [GC212.030: [ParNew: 15803K->1003K(16640K), 0.0004450 secs] 23973K->9174K(55552K), 0.0004720 secs] [Times: user=0.00 sys=0.00, real=0.00 secs] 
212.030: Total time for which application threads were stopped: 0.0005840 seconds, Stopping threads took: 0.0000620 seconds
212.097: Application time: 0.0668550 seconds
212.097: [GC212.097: [ParNew: 15850K->475K(16640K), 0.0018150 secs] 24022K->9217K(55552K), 0.0018430 secs] [Times: user=0.01 sys=0.00, real=0.01 secs] 
212.099: Total time for which application threads were stopped: 0.0019450 seconds, Stopping threads took: 0.0000460 seconds
212.166: Application time: 0.0669870 seconds
212.166: [GC212.166: [ParNew: 15323K->421K(16640K), 0.0003420 secs] 24064K->9163K(55552K), 0.0003700 secs] [Times: user=0.01 sys=0.00, real=0.00 secs] 
212.167: Total time for which application threads were stopped: 0.0005020 seconds, Stopping threads took: 0.0000700 seconds
212.234: Application time: 0.0669980 seconds
212.234: [GC212.234: [ParNew: 15269K->435K(16640K), 0.0003400 secs] 24010K->9176K(55552K), 0.0003670 secs] [Times: user=0.00 sys=0.00, real=0.00 secs] 
212.234: Total time for which application threads were stopped: 0.0004670 seconds, Stopping threads took: 0.0000490 seconds
212.302: Application time: 0.0680030 seconds
212.302: [GC212.302: [ParNew: 15282K->405K(16640K), 0.0003850 secs] 24024K->9146K(55552K), 0.0004110 secs] [Times: user=0.01 sys=0.00, real=0.00 secs] 
212.303: Total time for which application threads were stopped: 0.0005410 seconds, Stopping threads took: 0.0000730 seconds
212.370: Application time: 0.0669180 seconds
212.370: [GC212.370: [ParNew: 15252K->422K(16640K), 0.0004160 secs] 23993K->9163K(55552K), 0.0004440 secs] [Times: user=0.00 sys=0.00, real=0.00 secs] 
212.370: Total time for which application threads were stopped: 0.0005490 seconds, Stopping threads took: 0.0000480 seconds
212.437: Application time: 0.0666500 seconds
212.437: [GC212.437: [ParNew: 15269K->0K(16640K), 0.0004020 secs] 24011K->9121K(55552K), 0.0004300 secs] [Times: user=0.01 sys=0.00, real=0.00 secs] 
212.437: Total time for which application threads were stopped: 0.0005580 seconds, Stopping threads took: 0.0000640 seconds
212.487: Application time: 0.0492380 seconds
212.487: [GC212.487: [ParNew: 14844K->200K(16640K), 0.0003940 secs] 23965K->9321K(55552K), 0.0004210 secs] [Times: user=0.00 sys=0.00, real=0.01 secs] 
212.487: Total time for which application threads were stopped: 0.0005390 seconds, Stopping threads took: 0.0000640 seconds
212.541: Application time: 0.0542060 seconds
212.541: [GC212.541: [ParNew: 15047K->389K(16640K), 0.0003390 secs] 24169K->9511K(55552K), 0.0003660 secs] [Times: user=0.00 sys=0.00, real=0.00 secs] 
212.542: Total time for which application threads were stopped: 0.0004870 seconds, Stopping threads took: 0.0000580 seconds
212.597: Application time: 0.0556110 seconds
212.598: [GC212.598: [ParNew: 15234K->403K(16640K), 0.0003560 secs] 24355K->9525K(55552K), 0.0003810 secs] [Times: user=0.00 sys=0.00, real=0.00 secs] 
212.598: Total time for which application threads were stopped: 0.0004890 seconds, Stopping threads took: 0.0000540 seconds
212.663: Application time: 0.0654620 seconds
212.663: [GC212.663: [ParNew: 15250K->411K(16640K), 0.0003390 secs] 24372K->9532K(55552K), 0.0003650 secs] [Times: user=0.00 sys=0.00, real=0.00 secs] 
212.664: Total time for which application threads were stopped: 0.0004760 seconds, Stopping threads took: 0.0000530 seconds
212.731: Application time: 0.0671350 seconds
212.731: [GC212.731: [ParNew: 15256K->402K(16640K), 0.0004180 secs] 24378K->9523K(55552K), 0.0004430 secs] [Times: user=0.00 sys=0.00, real=0.00 secs] 
212.732: Total time for which application threads were stopped: 0.0005540 seconds, Stopping threads took: 0.0000610 seconds
212.798: Application time: 0.0664970 seconds
212.798: [GC212.798: [ParNew: 15249K->420K(16640K), 0.0003770 secs] 24371K->9542K(55552K), 0.0004040 secs] [Times: user=0.00 sys=0.00, real=0.00 secs] 
212.799: Total time for which application threads were stopped: 0.0005440 seconds, Stopping threads took: 0.0000830 seconds
212.865: Application time: 0.0663970 seconds
212.865: [GC212.865: [ParNew: 15268K->414K(16640K), 0.0003810 secs] 24389K->9535K(55552K), 0.0004080 secs] [Times: user=0.01 sys=0.00, real=0.00 secs] 
212.866: Total time for which application threads were stopped: 0.0005150 seconds, Stopping threads took: 0.0000490 seconds
212.924: Application time: 0.0588540 seconds
212.924: [GC212.924: [ParNew: 15260K->660K(16640K), 0.0004160 secs] 24381K->9781K(55552K), 0.0004420 secs] [Times: user=0.01 sys=0.00, real=0.00 secs] 
212.925: Total time for which application threads were stopped: 0.0005620 seconds, Stopping threads took: 0.0000600 seconds
212.976: Application time: 0.0509220 seconds
212.976: [GC212.976: [ParNew: 15506K->663K(16640K), 0.0003930 secs] 24628K->9785K(55552K), 0.0004220 secs] [Times: user=0.01 sys=0.00, real=0.00 secs] 
212.976: Total time for which application threads were stopped: 0.0005550 seconds, Stopping threads took: 0.0000720 seconds
213.042: Application time: 0.0651910 seconds
213.042: [GC213.042: [ParNew: 15511K->727K(16640K), 0.0004330 secs] 24632K->9849K(55552K), 0.0004580 secs] [Times: user=0.00 sys=0.00, real=0.00 secs] 
213.042: Total time for which application threads were stopped: 0.0005710 seconds, Stopping threads took: 0.0000590 seconds
213.109: Application time: 0.0671600 seconds
213.109: [GC213.109: [ParNew: 15575K->722K(16640K), 0.0004070 secs] 24696K->9844K(55552K), 0.0004350 secs] [Times: user=0.00 sys=0.00, real=0.00 secs] 
213.110: Total time for which application threads were stopped: 0.0005410 seconds, Stopping threads took: 0.0000500 seconds
213.177: Application time: 0.0666920 seconds
213.177: [GC213.177: [ParNew: 15570K->733K(16640K), 0.0005040 secs] 24691K->9854K(55552K), 0.0005300 secs] [Times: user=0.01 sys=0.00, real=0.00 secs] 
213.177: Total time for which application threads were stopped: 0.0006460 seconds, Stopping threads took: 0.0000650 seconds
213.238: Application time: 0.0611700 seconds
213.238: Total time for which application threads were stopped: 0.0000860 seconds, Stopping threads took: 0.0000640 seconds
213.239: Application time: 0.0000450 seconds
213.239: [GC213.239: [ParNew: 15699K->1405K(16640K), 0.0005470 secs] 24821K->10527K(55552K), 0.0005740 secs] [Times: user=0.00 sys=0.00, real=0.01 secs] 
213.239: Total time for which application threads were stopped: 0.0006390 seconds, Stopping threads took: 0.0000260 seconds
213.269: Application time: 0.0295820 seconds
213.269: [GC213.269: [ParNew: 16250K->957K(16640K), 0.0005840 secs] 25372K->10516K(55552K), 0.0006110 secs] [Times: user=0.00 sys=0.00, real=0.00 secs] 
213.269: Total time for which application threads were stopped: 0.0007200 seconds, Stopping threads took: 0.0000510 seconds
213.303: Application time: 0.0331750 seconds
213.303: [GC213.303: [ParNew: 15804K->1243K(16640K), 0.0005170 secs] 25362K->10801K(55552K), 0.0005520 secs] [Times: user=0.00 sys=0.00, real=0.00 secs] 
213.303: Total time for which application threads were stopped: 0.0006790 seconds, Stopping threads took: 0.0000700 seconds
213.343: Application time: 0.0397950 seconds
213.347: [GC213.347: [ParNew: 16088K->1450K(16640K), 0.0006160 secs] 25647K->11038K(55552K), 0.0006440 secs] [Times: user=0.01 sys=0.00, real=0.00 secs] 
213.348: Total time for which application threads were stopped: 0.0046830 seconds, Stopping threads took: 0.0039800 seconds
213.404: Application time: 0.0565600 seconds
213.404: [GC213.405: [ParNew: 16295K->1370K(16640K), 0.0005590 secs] 25882K->11073K(55552K), 0.0005870 secs] [Times: user=0.00 sys=0.00, real=0.00 secs] 
213.405: Total time for which application threads were stopped: 0.0007150 seconds, Stopping threads took: 0.0000690 seconds
213.469: Application time: 0.0642350 seconds
213.469: [GC213.469: [ParNew: 16218K->374K(16640K), 0.0005820 secs] 25920K->11056K(55552K), 0.0006090 secs] [Times: user=0.01 sys=0.00, real=0.00 secs] 
213.470: Total time for which application threads were stopped: 0.0007460 seconds, Stopping threads took: 0.0000780 seconds
213.536: Application time: 0.0654460 seconds
213.536: [GC213.536: [ParNew: 15222K->250K(16640K), 0.0003270 secs] 25904K->10932K(55552K), 0.0003520 secs] [Times: user=0.00 sys=0.00, real=0.00 secs] 
213.536: Total time for which application threads were stopped: 0.0004720 seconds, Stopping threads took: 0.0000610 seconds
213.601: Application time: 0.0654810 seconds
213.602: [GC213.602: [ParNew: 15097K->219K(16640K), 0.0003100 secs] 25779K->10901K(55552K), 0.0003370 secs] [Times: user=0.00 sys=0.00, real=0.00 secs] 
213.602: Total time for which application threads were stopped: 0.0004520 seconds, Stopping threads took: 0.0000580 seconds
213.668: Application time: 0.0656460 seconds
213.668: [GC213.668: [ParNew: 15067K->197K(16640K), 0.0003460 secs] 25748K->10879K(55552K), 0.0003720 secs] [Times: user=0.01 sys=0.00, real=0.00 secs] 
213.668: Total time for which application threads were stopped: 0.0004790 seconds, Stopping threads took: 0.0000520 seconds
213.727: Application time: 0.0586370 seconds
213.727: [GC213.727: [ParNew: 15043K->956K(16640K), 0.0005700 secs] 25725K->11638K(55552K), 0.0005960 secs] [Times: user=0.01 sys=0.00, real=0.01 secs] 
213.727: Total time for which application threads were stopped: 0.0007100 seconds, Stopping threads took: 0.0000630 seconds
213.792: Application time: 0.0648140 seconds
213.792: [GC213.792: [ParNew: 15800K->1001K(16640K), 0.0005250 secs] 26482K->11683K(55552K), 0.0005510 secs] [Times: user=0.01 sys=0.00, real=0.00 secs] 
213.793: Total time for which application threads were stopped: 0.0006610 seconds, Stopping threads took: 0.0000570 seconds
213.860: Application time: 0.0669340 seconds
213.860: [GC213.860: [ParNew: 15849K->265K(16640K), 0.0005180 secs] 26531K->11708K(55552K), 0.0005460 secs] [Times: user=0.00 sys=0.00, real=0.00 secs] 
213.861: Total time for which application threads were stopped: 0.0006770 seconds, Stopping threads took: 0.0000730 seconds
213.928: Application time: 0.0671980 seconds
213.928: [GC213.928: [ParNew: 15113K->226K(16640K), 0.0003420 secs] 26555K->11668K(55552K), 0.0003700 secs] [Times: user=0.00 sys=0.00, real=0.00 secs] 
213.928: Total time for which application threads were stopped: 0.0004950 seconds, Stopping threads took: 0.0000750 seconds
213.995: Application time: 0.0671510 seconds
213.995: [GC213.995: [ParNew: 15074K->200K(16640K), 0.0003710 secs] 26516K->11642K(55552K), 0.0003980 secs] [Times: user=0.00 sys=0.00, real=0.00 secs] 
213.996: Total time for which application threads were stopped: 0.0005190 seconds, Stopping threads took: 0.0000670 seconds
214.063: Application time: 0.0671350 seconds
214.063: [GC214.063: [ParNew: 15047K->201K(16640K), 0.0003310 secs] 26489K->11643K(55552K), 0.0003580 secs] [Times: user=0.00 sys=0.00, real=0.00 secs] 
214.063: Total time for which application threads were stopped: 0.0004870 seconds, Stopping threads took: 0.0000550 seconds
214.130: Application time: 0.0669140 seconds
214.131: [GC214.131: [ParNew: 15048K->197K(16640K), 0.0004030 secs] 26490K->11639K(55552K), 0.0004310 secs] [Times: user=0.00 sys=0.00, real=0.00 secs] 
214.132: Total time for which application threads were stopped: 0.0011520 seconds, Stopping threads took: 0.0006680 seconds
214.194: Application time: 0.0626620 seconds
214.194: [GC214.194: [ParNew: 15043K->192K(16640K), 0.0004670 secs] 26485K->11824K(55552K), 0.0004910 secs] [Times: user=0.00 sys=0.00, real=0.00 secs] 
214.195: Total time for which application threads were stopped: 0.0005890 seconds, Stopping threads took: 0.0000440 seconds
214.246: Application time: 0.0511860 seconds
214.246: [GC214.246: [ParNew: 15039K->201K(16640K), 0.0003560 secs] 26671K->11833K(55552K), 0.0003810 secs] [Times: user=0.00 sys=0.00, real=0.00 secs] 
214.247: Total time for which application threads were stopped: 0.0005170 seconds, Stopping threads took: 0.0000810 seconds
214.295: Application time: 0.0486510 seconds
214.295: [GC214.295: [ParNew: 15049K->234K(16640K), 0.0003920 secs] 26681K->11866K(55552K), 0.0004190 secs] [Times: user=0.00 sys=0.00, real=0.00 secs] 
214.296: Total time for which application threads were stopped: 0.0005280 seconds, Stopping threads took: 0.0000510 seconds
214.358: Application time: 0.0626620 seconds
214.358: [GC214.359: [ParNew: 15081K->395K(16640K), 0.0003890 secs] 26713K->12027K(55552K), 0.0004160 secs] [Times: user=0.00 sys=0.00, real=0.00 secs] 
214.359: Total time for which application threads were stopped: 0.0005490 seconds, Stopping threads took: 0.0000760 seconds
214.425: Application time: 0.0660340 seconds
214.425: [GC214.425: [ParNew: 15242K->398K(16640K), 0.0003370 secs] 26875K->12030K(55552K), 0.0003630 secs] [Times: user=0.00 sys=0.00, real=0.00 secs] 
214.425: Total time for which application threads were stopped: 0.0004810 seconds, Stopping threads took: 0.0000620 seconds
214.492: Application time: 0.0664690 seconds
214.492: [GC214.492: [ParNew: 15246K->404K(16640K), 0.0003600 secs] 26878K->12036K(55552K), 0.0003870 secs] [Times: user=0.00 sys=0.00, real=0.00 secs] 
214.492: Total time for which application threads were stopped: 0.0005070 seconds, Stopping threads took: 0.0000670 seconds
214.559: Application time: 0.0669260 seconds
214.559: [GC214.559: [ParNew: 15251K->430K(16640K), 0.0003570 secs] 26883K->12062K(55552K), 0.0003850 secs] [Times: user=0.00 sys=0.00, real=0.00 secs] 
214.560: Total time for which application threads were stopped: 0.0004970 seconds, Stopping threads took: 0.0000570 seconds
214.624: Application time: 0.0641070 seconds
214.624: [GC214.624: [ParNew: 15277K->463K(16640K), 0.0003350 secs] 26910K->12095K(55552K), 0.0003570 secs] [Times: user=0.00 sys=0.00, real=0.00 secs] 
214.624: Total time for which application threads were stopped: 0.0004800 seconds, Stopping threads took: 0.0000540 seconds
214.678: Application time: 0.0536800 seconds
214.678: [GC214.678: [ParNew: 15308K->657K(16640K), 0.0003950 secs] 26941K->12290K(55552K), 0.0004220 secs] [Times: user=0.01 sys=0.00, real=0.00 secs] 
214.679: Total time for which application threads were stopped: 0.0005310 seconds, Stopping threads took: 0.0000580 seconds
214.736: Application time: 0.0574720 seconds
214.736: [GC214.736: [ParNew: 15505K->671K(16640K), 0.0004830 secs] 27137K->12303K(55552K), 0.0005100 secs] [Times: user=0.00 sys=0.00, real=0.00 secs] 
214.737: Total time for which application threads were stopped: 0.0006190 seconds, Stopping threads took: 0.0000570 seconds
214.802: Application time: 0.0656900 seconds
214.803: [GC214.803: [ParNew: 15518K->688K(16640K), 0.0004760 secs] 27151K->12320K(55552K), 0.0005030 secs] [Times: user=0.00 sys=0.00, real=0.00 secs] 
214.803: Total time for which application threads were stopped: 0.0006360 seconds, Stopping threads took: 0.0000770 seconds
214.870: Application time: 0.0674170 seconds
214.871: [GC214.871: [ParNew: 15536K->710K(16640K), 0.0004120 secs] 27168K->12343K(55552K), 0.0004520 secs] [Times: user=0.00 sys=0.00, real=0.00 secs] 
214.871: Total time for which application threads were stopped: 0.0005680 seconds, Stopping threads took: 0.0000590 seconds
214.937: Application time: 0.0663350 seconds
214.938: [GC214.938: [ParNew: 15558K->714K(16640K), 0.0004840 secs] 27190K->12346K(55552K), 0.0005110 secs] [Times: user=0.00 sys=0.00, real=0.00 secs] 
214.938: Total time for which application threads were stopped: 0.0006500 seconds, Stopping threads took: 0.0000850 seconds
214.991: Application time: 0.0534000 seconds
214.992: [GC214.992: [ParNew: 15558K->960K(16640K), 0.0005820 secs] 27190K->12811K(55552K), 0.0006110 secs] [Times: user=0.00 sys=0.00, real=0.00 secs] 
214.992: Total time for which application threads were stopped: 0.0007140 seconds, Stopping threads took: 0.0000480 seconds
215.022: Application time: 0.0302880 seconds
215.023: Total time for which application threads were stopped: 0.0000860 seconds, Stopping threads took: 0.0000630 seconds
215.023: Application time: 0.0000350 seconds
215.023: [GC215.023: [ParNew: 15917K->1409K(16640K), 0.0005580 secs] 27767K->13260K(55552K), 0.0005830 secs] [Times: user=0.01 sys=0.00, real=0.00 secs] 
215.023: Total time for which application threads were stopped: 0.0006510 seconds, Stopping threads took: 0.0000290 seconds
215.057: Application time: 0.0339770 seconds
215.057: [GC215.057: [ParNew: 16256K->1220K(16640K), 0.0006790 secs] 28107K->13508K(55552K), 0.0007070 secs] [Times: user=0.01 sys=0.00, real=0.00 secs] 
215.058: Total time for which application threads were stopped: 0.0008180 seconds, Stopping threads took: 0.0000520 seconds
215.098: Application time: 0.0403790 seconds
215.099: [GC215.099: [ParNew: 16064K->1435K(16640K), 0.0006110 secs] 28352K->13752K(55552K), 0.0006400 secs] [Times: user=0.00 sys=0.00, real=0.01 secs] 
215.099: Total time for which application threads were stopped: 0.0007540 seconds, Stopping threads took: 0.0000540 seconds
215.159: Application time: 0.0598580 seconds
215.159: [GC215.159: [ParNew: 16281K->1415K(16640K), 0.0005440 secs] 28598K->13819K(55552K), 0.0005710 secs] [Times: user=0.00 sys=0.00, real=0.00 secs] 
215.160: Total time for which application threads were stopped: 0.0007000 seconds, Stopping threads took: 0.0000620 seconds
215.224: Application time: 0.0647660 seconds
215.225: [GC215.225: [ParNew: 16263K->1022K(16640K), 0.0005220 secs] 28666K->13834K(55552K), 0.0005500 secs] [Times: user=0.00 sys=0.00, real=0.00 secs] 
215.225: Total time for which application threads were stopped: 0.0006750 seconds, Stopping threads took: 0.0000650 seconds
215.290: Application time: 0.0650400 seconds
215.290: [GC215.290: [ParNew: 15869K->870K(16640K), 0.0004250 secs] 28682K->13682K(55552K), 0.0004520 secs] [Times: user=0.01 sys=0.00, real=0.00 secs] 
215.291: Total time for which application threads were stopped: 0.0005680 seconds, Stopping threads took: 0.0000640 seconds
215.356: Application time: 0.0649900 seconds
215.356: [GC215.356: [ParNew: 15717K->849K(16640K), 0.0004260 secs] 28529K->13661K(55552K), 0.0004530 secs] [Times: user=0.00 sys=0.00, real=0.00 secs] 
215.356: Total time for which application threads were stopped: 0.0005660 seconds, Stopping threads took: 0.0000560 seconds
215.419: Application time: 0.0623710 seconds
215.419: [GC215.419: [ParNew: 15693K->1053K(16640K), 0.0004790 secs] 28506K->13865K(55552K), 0.0005050 secs] [Times: user=0.00 sys=0.00, real=0.01 secs] 
215.419: Total time for which application threads were stopped: 0.0006190 seconds, Stopping threads took: 0.0000570 seconds
215.481: Application time: 0.0612150 seconds
215.481: [GC215.481: [ParNew: 15899K->1071K(16640K), 0.0004910 secs] 28711K->13883K(55552K), 0.0005170 secs] [Times: user=0.00 sys=0.00, real=0.00 secs] 
215.481: Total time for which application threads were stopped: 0.0006350 seconds, Stopping threads took: 0.0000670 seconds
215.546: Application time: 0.0652890 seconds
215.547: [GC215.547: [ParNew: 15918K->951K(16640K), 0.0005110 secs] 28731K->13954K(55552K), 0.0005480 secs] [Times: user=0.00 sys=0.00, real=0.01 secs] 
215.547: Total time for which application threads were stopped: 0.0006890 seconds, Stopping threads took: 0.0000860 seconds
215.614: Application time: 0.0668700 seconds
215.614: [GC215.614: [ParNew: 15799K->792K(16640K), 0.0004610 secs] 28801K->13795K(55552K), 0.0004880 secs] [Times: user=0.00 sys=0.00, real=0.00 secs] 
215.615: Total time for which application threads were stopped: 0.0006260 seconds, Stopping threads took: 0.0000810 seconds
215.682: Application time: 0.0670860 seconds
215.682: [GC215.682: [ParNew: 15639K->834K(16640K), 0.0004710 secs] 28642K->13837K(55552K), 0.0004980 secs] [Times: user=0.00 sys=0.00, real=0.00 secs] 
215.682: Total time for which application threads were stopped: 0.0006130 seconds, Stopping threads took: 0.0000540 seconds
215.749: Application time: 0.0669190 seconds
215.749: [GC215.749: [ParNew: 15681K->840K(16640K), 0.0004330 secs] 28684K->13842K(55552K), 0.0004590 secs] [Times: user=0.01 sys=0.00, real=0.00 secs] 
215.750: Total time for which application threads were stopped: 0.0005830 seconds, Stopping threads took: 0.0000700 seconds
215.821: Application time: 0.0712720 seconds
215.821: [GC215.821: [ParNew: 15687K->845K(16640K), 0.0004390 secs] 28690K->13848K(55552K), 0.0004610 secs] [Times: user=0.00 sys=0.00, real=0.00 secs] 
215.822: Total time for which application threads were stopped: 0.0005610 seconds, Stopping threads took: 0.0000440 seconds
215.888: Application time: 0.0666370 seconds
215.888: [GC215.888: [ParNew: 15692K->274K(16640K), 0.0004570 secs] 28695K->13847K(55552K), 0.0004830 secs] [Times: user=0.01 sys=0.00, real=0.00 secs] 
215.889: Total time for which application threads were stopped: 0.0005900 seconds, Stopping threads took: 0.0000540 seconds
215.942: Application time: 0.0535280 seconds
215.943: [GC215.943: [ParNew: 15120K->213K(16640K), 0.0003690 secs] 28693K->13976K(55552K), 0.0003970 secs] [Times: user=0.01 sys=0.00, real=0.00 secs] 
215.943: Total time for which application threads were stopped: 0.0005040 seconds, Stopping threads took: 0.0000540 seconds
216.003: Application time: 0.0598090 seconds
216.003: [GC216.003: [ParNew: 15056K->207K(16640K), 0.0003480 secs] 28820K->13970K(55552K), 0.0003750 secs] [Times: user=0.01 sys=0.00, real=0.00 secs] 
216.003: Total time for which application threads were stopped: 0.0004880 seconds, Stopping threads took: 0.0000580 seconds
216.052: Application time: 0.0487170 seconds
216.052: [GC216.052: [ParNew: 15052K->389K(16640K), 0.0003790 secs] 28815K->14152K(55552K), 0.0004070 secs] [Times: user=0.00 sys=0.00, real=0.00 secs] 
216.053: Total time for which application threads were stopped: 0.0005150 seconds, Stopping threads took: 0.0000510 seconds
216.115: Application time: 0.0629640 seconds
216.116: [GC216.116: [ParNew: 15235K->401K(16640K), 0.0003630 secs] 28998K->14164K(55552K), 0.0003910 secs] [Times: user=0.00 sys=0.00, real=0.00 secs] 
216.116: Total time for which application threads were stopped: 0.0005080 seconds, Stopping threads took: 0.0000590 seconds
216.181: Application time: 0.0653910 seconds
216.181: [GC216.182: [ParNew: 15246K->414K(16640K), 0.0003930 secs] 29009K->14177K(55552K), 0.0004200 secs] [Times: user=0.01 sys=0.00, real=0.00 secs] 
216.182: Total time for which application threads were stopped: 0.0005320 seconds, Stopping threads took: 0.0000610 seconds
216.248: Application time: 0.0664090 seconds
216.248: [GC216.248: [ParNew: 15262K->412K(16640K), 0.0003980 secs] 29025K->14175K(55552K), 0.0004220 secs] [Times: user=0.00 sys=0.00, real=0.00 secs] 
216.249: Total time for which application threads were stopped: 0.0005490 seconds, Stopping threads took: 0.0000640 seconds
216.315: Application time: 0.0662640 seconds
216.315: [GC216.315: [ParNew: 15259K->409K(16640K), 0.0004010 secs] 29022K->14172K(55552K), 0.0004270 secs] [Times: user=0.01 sys=0.00, real=0.00 secs] 
216.316: Total time for which application threads were stopped: 0.0005660 seconds, Stopping threads took: 0.0000800 seconds
216.380: Application time: 0.0644260 seconds
216.380: [GC216.380: [ParNew: 15254K->449K(16640K), 0.0003960 secs] 29017K->14212K(55552K), 0.0004330 secs] [Times: user=0.00 sys=0.00, real=0.00 secs] 
216.381: Total time for which application threads were stopped: 0.0005430 seconds, Stopping threads took: 0.0000590 seconds
216.428: Application time: 0.0477730 seconds
216.429: [GC216.429: [ParNew: 15296K->642K(16640K), 0.0003950 secs] 29059K->14405K(55552K), 0.0004210 secs] [Times: user=0.00 sys=0.00, real=0.00 secs] 
216.429: Total time for which application threads were stopped: 0.0005530 seconds, Stopping threads took: 0.0000720 seconds
216.492: Application time: 0.0634040 seconds
216.493: [GC216.493: [ParNew: 15486K->662K(16640K), 0.0004460 secs] 29249K->14425K(55552K), 0.0004730 secs] [Times: user=0.01 sys=0.00, real=0.00 secs] 
216.493: Total time for which application threads were stopped: 0.0005740 seconds, Stopping threads took: 0.0000500 seconds
216.558: Application time: 0.0654440 seconds
216.559: [GC216.559: [ParNew: 15507K->733K(16640K), 0.0004120 secs] 29270K->14496K(55552K), 0.0004390 secs] [Times: user=0.00 sys=0.00, real=0.00 secs] 
216.559: Total time for which application threads were stopped: 0.0005820 seconds, Stopping threads took: 0.0000840 seconds
216.626: Application time: 0.0670320 seconds
216.626: [GC216.626: [ParNew: 15578K->727K(16640K), 0.0004310 secs] 29341K->14490K(55552K), 0.0004580 secs] [Times: user=0.01 sys=0.00, real=0.00 secs] 
216.627: Total time for which application threads were stopped: 0.0005770 seconds, Stopping threads took: 0.0000600 seconds
216.693: Application time: 0.0665550 seconds
216.693: [GC216.693: [ParNew: 15574K->730K(16640K), 0.0004890 secs] 29337K->14493K(55552K), 0.0005160 secs] [Times: user=0.00 sys=0.00, real=0.00 secs] 
216.694: Total time for which application threads were stopped: 0.0006210 seconds, Stopping threads took: 0.0000510 seconds
216.738: Application time: 0.0438620 seconds
216.738: [GC216.738: [ParNew: 15575K->1128K(16640K), 0.0005400 secs] 29338K->15110K(55552K), 0.0005650 secs] [Times: user=0.00 sys=0.00, real=0.00 secs] 
216.738: Total time for which application threads were stopped: 0.0006800 seconds, Stopping threads took: 0.0000640 seconds
216.770: Application time: 0.0318830 seconds
216.770: [GC216.770: [ParNew: 15972K->1142K(16640K), 0.0005710 secs] 29953K->15343K(55552K), 0.0005980 secs] [Times: user=0.01 sys=0.00, real=0.00 secs] 
216.771: Total time for which application threads were stopped: 0.0007120 seconds, Stopping threads took: 0.0000440 seconds
216.803: Application time: 0.0317710 seconds
216.803: [GC216.803: [ParNew: 15990K->1243K(16640K), 0.0006820 secs] 30191K->15662K(55552K), 0.0007100 secs] [Times: user=0.00 sys=0.00, real=0.00 secs] 
216.804: Total time for which application threads were stopped: 0.0008360 seconds, Stopping threads took: 0.0000670 seconds
216.851: Application time: 0.0475410 seconds
216.851: [GC216.851: [ParNew: 16087K->1402K(16640K), 0.0005550 secs] 30506K->15850K(55552K), 0.0005840 secs] [Times: user=0.00 sys=0.00, real=0.00 secs] 
216.852: Total time for which application threads were stopped: 0.0007150 seconds, Stopping threads took: 0.0000730 seconds
216.914: Application time: 0.0623540 seconds
216.914: [GC216.914: [ParNew: 16249K->476K(16640K), 0.0006270 secs] 30696K->15799K(55552K), 0.0006530 secs] [Times: user=0.00 sys=0.00, real=0.00 secs] 
216.915: Total time for which application threads were stopped: 0.0007770 seconds, Stopping threads took: 0.0000650 seconds
216.980: Application time: 0.0653510 seconds
216.980: [GC216.980: [ParNew: 15323K->425K(16640K), 0.0003860 secs] 30646K->15748K(55552K), 0.0004130 secs] [Times: user=0.01 sys=0.00, real=0.00 secs] 
216.981: Total time for which application threads were stopped: 0.0005450 seconds, Stopping threads took: 0.0000720 seconds
217.046: Application time: 0.0654420 seconds
217.046: [GC217.046: [ParNew: 15273K->398K(16640K), 0.0003630 secs] 30596K->15721K(55552K), 0.0003890 secs] [Times: user=0.00 sys=0.00, real=0.00 secs] 
217.047: Total time for which application threads were stopped: 0.0004920 seconds, Stopping threads took: 0.0000470 seconds
217.112: Application time: 0.0652180 seconds
217.112: [GC217.112: [ParNew: 15245K->435K(16640K), 0.0003490 secs] 30568K->15758K(55552K), 0.0003850 secs] [Times: user=0.00 sys=0.00, real=0.00 secs] 
217.113: Total time for which application threads were stopped: 0.0005040 seconds, Stopping threads took: 0.0000640 seconds
217.174: Application time: 0.0618940 seconds
217.175: [GC217.175: [ParNew: 15279K->983K(16640K), 0.0005490 secs] 30602K->16306K(55552K), 0.0005750 secs] [Times: user=0.00 sys=0.00, real=0.00 secs] 
217.175: Total time for which application threads were stopped: 0.0006910 seconds, Stopping threads took: 0.0000580 seconds
217.236: Application time: 0.0608880 seconds
217.236: [GC217.236: [ParNew: 15828K->1045K(16640K), 0.0004590 secs] 31151K->16368K(55552K), 0.0004850 secs] [Times: user=0.00 sys=0.00, real=0.00 secs] 
217.237: Total time for which application threads were stopped: 0.0005810 seconds, Stopping threads took: 0.0000450 seconds
217.303: Application time: 0.0667780 seconds
217.303: [GC217.304: [ParNew: 15892K->889K(16640K), 0.0005420 secs] 31216K->16402K(55552K), 0.0005700 secs] [Times: user=0.00 sys=0.00, real=0.00 secs] 
217.304: Total time for which application threads were stopped: 0.0007050 seconds, Stopping threads took: 0.0000680 seconds
217.371: Application time: 0.0672850 seconds
217.371: [GC217.371: [ParNew: 15736K->883K(16640K), 0.0004970 secs] 31249K->16397K(55552K), 0.0005220 secs] [Times: user=0.01 sys=0.00, real=0.00 secs] 
217.372: Total time for which application threads were stopped: 0.0006420 seconds, Stopping threads took: 0.0000640 seconds
217.439: Application time: 0.0668920 seconds
217.439: [GC217.439: [ParNew: 15731K->851K(16640K), 0.0005180 secs] 31244K->16365K(55552K), 0.0005500 secs] [Times: user=0.00 sys=0.00, real=0.01 secs] 
217.440: Total time for which application threads were stopped: 0.0006550 seconds, Stopping threads took: 0.0000530 seconds
217.507: Application time: 0.0670580 seconds
217.507: [GC217.507: [ParNew: 15699K->821K(16640K), 0.0005100 secs] 31212K->16334K(55552K), 0.0005320 secs] [Times: user=0.00 sys=0.00, real=0.01 secs] 
217.507: Total time for which application threads were stopped: 0.0006530 seconds, Stopping threads took: 0.0000640 seconds
217.575: Application time: 0.0676500 seconds
217.575: [GC217.575: [ParNew: 15666K->886K(16640K), 0.0004440 secs] 31179K->16399K(55552K), 0.0004750 secs] [Times: user=0.00 sys=0.00, real=0.00 secs] 
217.576: Total time for which application threads were stopped: 0.0005830 seconds, Stopping threads took: 0.0000500 seconds
217.642: Application time: 0.0668710 seconds
217.643: [GC217.643: [ParNew: 15733K->0K(16640K), 0.0004690 secs] 31247K->16273K(55552K), 0.0004950 secs] [Times: user=0.01 sys=0.00, real=0.00 secs] 
217.644: Total time for which application threads were stopped: 0.0012340 seconds, Stopping threads took: 0.0006840 seconds
217.693: Application time: 0.0497550 seconds
217.693: [GC217.694: [ParNew: 14844K->212K(16640K), 0.0003300 secs] 31117K->16486K(55552K), 0.0003590 secs] [Times: user=0.00 sys=0.00, real=0.00 secs] 
217.694: Total time for which application threads were stopped: 0.0004810 seconds, Stopping threads took: 0.0000680 seconds
217.750: Application time: 0.0566250 seconds
217.751: [GC217.751: [ParNew: 15058K->383K(16640K), 0.0003670 secs] 31332K->16657K(55552K), 0.0003930 secs] [Times: user=0.00 sys=0.00, real=0.00 secs] 
217.751: Total time for which application threads were stopped: 0.0005060 seconds, Stopping threads took: 0.0000550 seconds
217.805: Application time: 0.0537590 seconds
217.805: [GC217.805: [ParNew: 15231K->399K(16640K), 0.0003580 secs] 31504K->16672K(55552K), 0.0003840 secs] [Times: user=0.01 sys=0.00, real=0.00 secs] 
217.805: Total time for which application threads were stopped: 0.0005400 seconds, Stopping threads took: 0.0000890 seconds
217.871: Application time: 0.0654820 seconds
217.871: [GC217.871: [ParNew: 15244K->414K(16640K), 0.0003530 secs] 31518K->16687K(55552K), 0.0003800 secs] [Times: user=0.01 sys=0.00, real=0.00 secs] 
217.871: Total time for which application threads were stopped: 0.0004970 seconds, Stopping threads took: 0.0000490 seconds
217.938: Application time: 0.0668630 seconds
217.938: [GC217.938: [ParNew: 15261K->409K(16640K), 0.0003780 secs] 31535K->16682K(55552K), 0.0004040 secs] [Times: user=0.00 sys=0.00, real=0.00 secs] 
217.939: Total time for which application threads were stopped: 0.0005450 seconds, Stopping threads took: 0.0000890 seconds
218.005: Application time: 0.0664270 seconds
218.005: [GC218.005: [ParNew: 15256K->412K(16640K), 0.0003420 secs] 31530K->16685K(55552K), 0.0003660 secs] [Times: user=0.00 sys=0.00, real=0.00 secs] 
218.006: Total time for which application threads were stopped: 0.0004880 seconds, Stopping threads took: 0.0000660 seconds
218.072: Application time: 0.0664760 seconds
218.072: [GC218.072: [ParNew: 15257K->423K(16640K), 0.0003520 secs] 31531K->16697K(55552K), 0.0003790 secs] [Times: user=0.00 sys=0.00, real=0.00 secs] 
218.073: Total time for which application threads were stopped: 0.0004870 seconds, Stopping threads took: 0.0000510 seconds
218.137: Application time: 0.0644750 seconds
218.137: [GC218.137: [ParNew: 15270K->443K(16640K), 0.0003770 secs] 31544K->16717K(55552K), 0.0004050 secs] [Times: user=0.00 sys=0.00, real=0.00 secs] 
218.138: Total time for which application threads were stopped: 0.0005330 seconds, Stopping threads took: 0.0000770 seconds
218.183: Application time: 0.0455070 seconds
218.183: [GC218.183: [ParNew: 15291K->519K(16640K), 0.0003730 secs] 31564K->16793K(55552K), 0.0003980 secs] [Times: user=0.00 sys=0.00, real=0.00 secs] 
218.184: Total time for which application threads were stopped: 0.0005040 seconds, Stopping threads took: 0.0000560 seconds
218.248: Application time: 0.0646780 seconds
218.248: [GC218.248: [ParNew: 15366K->570K(16640K), 0.0004070 secs] 31640K->16844K(55552K), 0.0004340 secs] [Times: user=0.01 sys=0.00, real=0.00 secs] 
218.249: Total time for which application threads were stopped: 0.0005560 seconds, Stopping threads took: 0.0000670 seconds
218.316: Application time: 0.0666930 seconds
218.316: [GC218.316: [ParNew: 15415K->729K(16640K), 0.0005040 secs] 31688K->17003K(55552K), 0.0005280 secs] [Times: user=0.00 sys=0.00, real=0.00 secs] 
218.316: Total time for which application threads were stopped: 0.0006960 seconds, Stopping threads took: 0.0000970 seconds
218.383: Application time: 0.0666320 seconds
218.383: [GC218.383: [ParNew: 15576K->736K(16640K), 0.0004170 secs] 31850K->17010K(55552K), 0.0004440 secs] [Times: user=0.00 sys=0.00, real=0.00 secs] 
218.383: Total time for which application threads were stopped: 0.0005660 seconds, Stopping threads took: 0.0000730 seconds
218.445: Application time: 0.0611650 seconds
218.445: [GC218.445: [ParNew: 15581K->979K(16640K), 0.0004420 secs] 31855K->17253K(55552K), 0.0004700 secs] [Times: user=0.00 sys=0.00, real=0.00 secs] 
218.445: Total time for which application threads were stopped: 0.0005810 seconds, Stopping threads took: 0.0000570 seconds
218.488: Application time: 0.0425460 seconds
218.488: [GC218.488: [ParNew: 15826K->1205K(16640K), 0.0005510 secs] 32100K->17697K(55552K), 0.0005790 secs] [Times: user=0.00 sys=0.00, real=0.00 secs] 
218.488: Total time for which application threads were stopped: 0.0006760 seconds, Stopping threads took: 0.0000450 seconds
218.518: Application time: 0.0300580 seconds
218.519: [GC218.519: [ParNew: 16052K->1270K(16640K), 0.0006260 secs] 32544K->17981K(55552K), 0.0006550 secs] [Times: user=0.00 sys=0.00, real=0.01 secs] 
218.519: Total time for which application threads were stopped: 0.0007710 seconds, Stopping threads took: 0.0000570 seconds
218.557: Application time: 0.0373000 seconds
218.557: [GC218.557: [ParNew: 16117K->1198K(16640K), 0.0006490 secs] 32828K->18128K(55552K), 0.0006750 secs] [Times: user=0.01 sys=0.00, real=0.00 secs] 
218.557: Total time for which application threads were stopped: 0.0007990 seconds, Stopping threads took: 0.0000660 seconds
218.607: Application time: 0.0494850 seconds
218.607: [GC218.607: [ParNew: 16042K->1129K(16640K), 0.0005600 secs] 32971K->18393K(55552K), 0.0005970 secs] [Times: user=0.01 sys=0.00, real=0.01 secs] 
218.608: Total time for which application threads were stopped: 0.0006940 seconds, Stopping threads took: 0.0000380 seconds
218.672: Application time: 0.0647730 seconds
218.672: [GC218.672: [ParNew: 15976K->247K(16640K), 0.0027450 secs] 33240K->18271K(55552K), 0.0027730 secs] [Times: user=0.01 sys=0.00, real=0.00 secs] 
218.675: Total time for which application threads were stopped: 0.0028950 seconds, Stopping threads took: 0.0000620 seconds
218.741: Application time: 0.0657740 seconds
218.741: [GC218.741: [ParNew: 15094K->237K(16640K), 0.0003670 secs] 33118K->18262K(55552K), 0.0003920 secs] [Times: user=0.00 sys=0.00, real=0.00 secs] 
218.741: Total time for which application threads were stopped: 0.0004990 seconds, Stopping threads took: 0.0000540 seconds
218.807: Application time: 0.0656590 seconds
218.807: [GC218.807: [ParNew: 15085K->205K(16640K), 0.0003050 secs] 33109K->18229K(55552K), 0.0003320 secs] [Times: user=0.01 sys=0.00, real=0.00 secs] 
218.808: Total time for which application threads were stopped: 0.0004840 seconds, Stopping threads took: 0.0000950 seconds
218.872: Application time: 0.0647310 seconds
218.872: [GC218.872: [ParNew: 15052K->393K(16640K), 0.0003580 secs] 33077K->18417K(55552K), 0.0003830 secs] [Times: user=0.00 sys=0.00, real=0.00 secs] 
218.873: Total time for which application threads were stopped: 0.0004990 seconds, Stopping threads took: 0.0000500 seconds
218.933: Application time: 0.0604280 seconds
218.933: [GC218.933: [ParNew: 15240K->816K(16640K), 0.0004580 secs] 33264K->18840K(55552K), 0.0004850 secs] [Times: user=0.00 sys=0.00, real=0.00 secs] 
218.934: Total time for which application threads were stopped: 0.0006030 seconds, Stopping threads took: 0.0000670 seconds
218.998: Application time: 0.0638050 seconds
218.998: [GC218.998: [ParNew: 15663K->1017K(16640K), 0.0004670 secs] 33687K->19042K(55552K), 0.0004950 secs] [Times: user=0.00 sys=0.00, real=0.00 secs] 
218.998: Total time for which application threads were stopped: 0.0006150 seconds, Stopping threads took: 0.0000660 seconds
219.066: Application time: 0.0672180 seconds
219.066: [GC219.066: [ParNew: 15863K->451K(16640K), 0.0005540 secs] 33887K->19066K(55552K), 0.0005810 secs] [Times: user=0.00 sys=0.00, real=0.00 secs] 
219.066: Total time for which application threads were stopped: 0.0007060 seconds, Stopping threads took: 0.0000670 seconds
219.133: Application time: 0.0671890 seconds
219.133: [GC219.134: [ParNew: 15299K->396K(16640K), 0.0003850 secs] 33914K->19011K(55552K), 0.0004120 secs] [Times: user=0.00 sys=0.00, real=0.00 secs] 
219.134: Total time for which application threads were stopped: 0.0005090 seconds, Stopping threads took: 0.0000460 seconds
219.202: Application time: 0.0678730 seconds
219.202: [GC219.202: [ParNew: 15244K->395K(16640K), 0.0003500 secs] 33859K->19010K(55552K), 0.0003740 secs] [Times: user=0.01 sys=0.00, real=0.00 secs] 
219.202: Total time for which application threads were stopped: 0.0005170 seconds, Stopping threads took: 0.0000880 seconds
219.270: Application time: 0.0672000 seconds
219.270: [GC219.270: [ParNew: 15242K->405K(16640K), 0.0003530 secs] 33857K->19020K(55552K), 0.0003770 secs] [Times: user=0.01 sys=0.00, real=0.00 secs] 
219.270: Total time for which application threads were stopped: 0.0004940 seconds, Stopping threads took: 0.0000600 seconds
219.337: Application time: 0.0670500 seconds
219.337: [GC219.337: [ParNew: 15252K->401K(16640K), 0.0003530 secs] 33867K->19016K(55552K), 0.0003800 secs] [Times: user=0.01 sys=0.00, real=0.00 secs] 
219.338: Total time for which application threads were stopped: 0.0004820 seconds, Stopping threads took: 0.0000510 seconds
219.408: Application time: 0.0709040 seconds
219.409: [GC219.409: [ParNew: 15246K->0K(16640K), 0.0003710 secs] 33861K->18974K(55552K), 0.0003960 secs] [Times: user=0.01 sys=0.00, real=0.00 secs] 
219.409: Total time for which application threads were stopped: 0.0005150 seconds, Stopping threads took: 0.0000510 seconds
219.459: Application time: 0.0499660 seconds
219.459: [GC219.459: [ParNew: 14845K->195K(16640K), 0.0003990 secs] 33820K->19169K(55552K), 0.0004350 secs] [Times: user=0.00 sys=0.00, real=0.00 secs] 
219.460: Total time for which application threads were stopped: 0.0005580 seconds, Stopping threads took: 0.0000580 seconds
219.505: Application time: 0.0452200 seconds
219.505: [GC219.505: [ParNew: 15040K->388K(16640K), 0.0004360 secs] 34015K->19362K(55552K), 0.0004610 secs] [Times: user=0.00 sys=0.00, real=0.00 secs] 
219.505: Total time for which application threads were stopped: 0.0005700 seconds, Stopping threads took: 0.0000540 seconds
219.569: Application time: 0.0633360 seconds
219.569: [GC219.569: [ParNew: 15235K->395K(16640K), 0.0003790 secs] 34209K->19369K(55552K), 0.0004040 secs] [Times: user=0.00 sys=0.00, real=0.00 secs] 
219.569: Total time for which application threads were stopped: 0.0005120 seconds, Stopping threads took: 0.0000520 seconds
219.635: Application time: 0.0656450 seconds
219.635: [GC219.635: [ParNew: 15242K->414K(16640K), 0.0022370 secs] 34216K->19388K(55552K), 0.0022690 secs] [Times: user=0.01 sys=0.00, real=0.00 secs] 
219.637: Total time for which application threads were stopped: 0.0024020 seconds, Stopping threads took: 0.0000780 seconds
219.704: Application time: 0.0664410 seconds
219.704: [GC219.704: [ParNew: 15261K->408K(16640K), 0.0003930 secs] 34235K->19382K(55552K), 0.0004190 secs] [Times: user=0.00 sys=0.00, real=0.00 secs] 
219.704: Total time for which application threads were stopped: 0.0005670 seconds, Stopping threads took: 0.0000960 seconds
219.771: Application time: 0.0667740 seconds
219.771: [GC219.771: [ParNew: 15255K->417K(16640K), 0.0004250 secs] 34230K->19391K(55552K), 0.0004520 secs] [Times: user=0.00 sys=0.00, real=0.00 secs] 
219.772: Total time for which application threads were stopped: 0.0005770 seconds, Stopping threads took: 0.0000690 seconds
219.838: Application time: 0.0665650 seconds
219.838: [GC219.838: [ParNew: 15264K->422K(16640K), 0.0004320 secs] 34239K->19396K(55552K), 0.0004580 secs] [Times: user=0.00 sys=0.00, real=0.00 secs] 
219.839: Total time for which application threads were stopped: 0.0005520 seconds, Stopping threads took: 0.0000430 seconds
219.895: Application time: 0.0567330 seconds
219.896: [GC219.896: [ParNew: 15269K->646K(16640K), 0.0004500 secs] 34244K->19620K(55552K), 0.0004760 secs] [Times: user=0.01 sys=0.00, real=0.00 secs] 
219.896: Total time for which application threads were stopped: 0.0006030 seconds, Stopping threads took: 0.0000720 seconds
219.949: Application time: 0.0534430 seconds
219.950: [GC219.950: [ParNew: 15490K->658K(16640K), 0.0004080 secs] 34464K->19632K(55552K), 0.0004330 secs] [Times: user=0.00 sys=0.00, real=0.00 secs] 
219.950: Total time for which application threads were stopped: 0.0005650 seconds, Stopping threads took: 0.0000710 seconds
220.016: Application time: 0.0656360 seconds
220.016: [GC220.016: [ParNew: 15503K->708K(16640K), 0.0004020 secs] 34477K->19682K(55552K), 0.0004290 secs] [Times: user=0.00 sys=0.00, real=0.00 secs] 
220.016: Total time for which application threads were stopped: 0.0005500 seconds, Stopping threads took: 0.0000650 seconds
220.083: Application time: 0.0668970 seconds
220.083: [GC220.083: [ParNew: 15555K->734K(16640K), 0.0004710 secs] 34529K->19709K(55552K), 0.0004990 secs] [Times: user=0.00 sys=0.00, real=0.00 secs] 
220.084: Total time for which application threads were stopped: 0.0006180 seconds, Stopping threads took: 0.0000600 seconds
220.151: Application time: 0.0669080 seconds
220.151: [GC220.151: [ParNew: 15582K->769K(16640K), 0.0004200 secs] 34556K->19743K(55552K), 0.0004470 secs] [Times: user=0.00 sys=0.00, real=0.00 secs] 
220.151: Total time for which application threads were stopped: 0.0005600 seconds, Stopping threads took: 0.0000600 seconds
220.204: Application time: 0.0528460 seconds
220.204: [GC220.204: [ParNew: 15615K->981K(16640K), 0.0004500 secs] 34590K->19956K(55552K), 0.0004790 secs] [Times: user=0.01 sys=0.00, real=0.00 secs] 
220.205: Total time for which application threads were stopped: 0.0005990 seconds, Stopping threads took: 0.0000560 seconds
220.249: Application time: 0.0443860 seconds
220.249: [GC220.249: [ParNew: 15828K->1155K(16640K), 0.0006380 secs] 34802K->20348K(55552K), 0.0006650 secs] [Times: user=0.00 sys=0.00, real=0.00 secs] 
220.250: Total time for which application threads were stopped: 0.0007810 seconds, Stopping threads took: 0.0000600 seconds
220.282: Application time: 0.0326300 seconds
220.283: [GC220.283: [ParNew: 16000K->1419K(16640K), 0.0006310 secs] 35193K->20830K(55552K), 0.0006570 secs] [Times: user=0.00 sys=0.00, real=0.00 secs] 
220.283: Total time for which application threads were stopped: 0.0007680 seconds, Stopping threads took: 0.0000520 seconds
220.318: Application time: 0.0347260 seconds
220.318: [GC220.318: [ParNew: 16267K->1295K(16640K), 0.0005710 secs] 35678K->20793K(55552K), 0.0006000 secs] [Times: user=0.00 sys=0.00, real=0.00 secs] 
220.319: Total time for which application threads were stopped: 0.0007140 seconds, Stopping threads took: 0.0000540 seconds
220.374: Application time: 0.0553860 seconds
220.374: [GC220.374: [ParNew: 16139K->1385K(16640K), 0.0005460 secs] 35637K->20912K(55552K), 0.0005670 secs] [Times: user=0.01 sys=0.00, real=0.00 secs] 
220.375: Total time for which application threads were stopped: 0.0006890 seconds, Stopping threads took: 0.0000640 seconds
220.438: Application time: 0.0633910 seconds
220.438: [GC220.438: [ParNew: 16232K->574K(16640K), 0.0005660 secs] 35759K->20919K(55552K), 0.0005920 secs] [Times: user=0.01 sys=0.00, real=0.00 secs] 
220.439: Total time for which application threads were stopped: 0.0006930 seconds, Stopping threads took: 0.0000510 seconds
220.504: Application time: 0.0653100 seconds
220.504: [GC220.504: [ParNew: 15421K->415K(16640K), 0.0004250 secs] 35766K->20760K(55552K), 0.0004520 secs] [Times: user=0.00 sys=0.00, real=0.00 secs] 
220.505: Total time for which application threads were stopped: 0.0005780 seconds, Stopping threads took: 0.0000620 seconds
220.571: Application time: 0.0665650 seconds
220.571: [GC220.571: [ParNew: 15263K->412K(16640K), 0.0004160 secs] 35608K->20757K(55552K), 0.0004420 secs] [Times: user=0.00 sys=0.00, real=0.00 secs] 
220.572: Total time for which application threads were stopped: 0.0005490 seconds, Stopping threads took: 0.0000510 seconds
220.635: Application time: 0.0636430 seconds
220.637: [GC220.637: [ParNew: 15259K->630K(16640K), 0.0004590 secs] 35604K->20975K(55552K), 0.0004970 secs] [Times: user=0.00 sys=0.00, real=0.00 secs] 
220.637: Total time for which application threads were stopped: 0.0016850 seconds, Stopping threads took: 0.0011260 seconds
220.699: Application time: 0.0620910 seconds
220.699: [GC220.699: [ParNew: 15474K->1020K(16640K), 0.0005210 secs] 35819K->21365K(55552K), 0.0005490 secs] [Times: user=0.01 sys=0.00, real=0.00 secs] 
220.700: Total time for which application threads were stopped: 0.0006680 seconds, Stopping threads took: 0.0000650 seconds
220.767: Application time: 0.0668200 seconds
220.767: [GC220.767: [ParNew: 15865K->1014K(16640K), 0.0005190 secs] 36210K->21359K(55552K), 0.0005470 secs] [Times: user=0.01 sys=0.00, real=0.01 secs] 
220.767: Total time for which application threads were stopped: 0.0006670 seconds, Stopping threads took: 0.0000620 seconds
220.835: Application time: 0.0671960 seconds
220.835: [GC220.835: [ParNew: 15861K->884K(16640K), 0.0005080 secs] 36207K->21419K(55552K), 0.0005350 secs] [Times: user=0.00 sys=0.00, real=0.00 secs] 
220.835: Total time for which application threads were stopped: 0.0006490 seconds, Stopping threads took: 0.0000560 seconds
220.903: Application time: 0.0672340 seconds
220.903: [GC220.903: [ParNew: 15731K->868K(16640K), 0.0004180 secs] 36267K->21404K(55552K), 0.0004460 secs] [Times: user=0.00 sys=0.00, real=0.00 secs] 
220.903: Total time for which application threads were stopped: 0.0005750 seconds, Stopping threads took: 0.0000750 seconds
220.970: Application time: 0.0673320 seconds
220.971: [GC220.971: [ParNew: 15716K->865K(16640K), 0.0005080 secs] 36251K->21401K(55552K), 0.0005440 secs] [Times: user=0.00 sys=0.00, real=0.00 secs] 
220.971: Total time for which application threads were stopped: 0.0006690 seconds, Stopping threads took: 0.0000690 seconds
221.039: Application time: 0.0677550 seconds
221.039: [GC221.039: [ParNew: 15711K->839K(16640K), 0.0005110 secs] 36246K->21375K(55552K), 0.0005380 secs] [Times: user=0.00 sys=0.00, real=0.01 secs] 
221.040: Total time for which application threads were stopped: 0.0006520 seconds, Stopping threads took: 0.0000530 seconds
221.107: Application time: 0.0671790 seconds
221.107: [GC221.107: [ParNew: 15687K->527K(16640K), 0.0010000 secs] 36222K->21442K(55552K), 0.0010270 secs] [Times: user=0.00 sys=0.00, real=0.01 secs] 
221.108: Total time for which application threads were stopped: 0.0011430 seconds, Stopping threads took: 0.0000600 seconds
221.173: Application time: 0.0650350 seconds
221.173: [GC221.173: [ParNew: 15372K->224K(16640K), 0.0004410 secs] 36287K->21520K(55552K), 0.0004680 secs] [Times: user=0.01 sys=0.00, real=0.00 secs] 
221.173: Total time for which application threads were stopped: 0.0006020 seconds, Stopping threads took: 0.0000760 seconds
221.220: Application time: 0.0467550 seconds
221.220: [GC221.220: [ParNew: 15068K->398K(16640K), 0.0003400 secs] 36364K->21693K(55552K), 0.0003640 secs] [Times: user=0.00 sys=0.00, real=0.00 secs] 
221.221: Total time for which application threads were stopped: 0.0004790 seconds, Stopping threads took: 0.0000580 seconds
221.270: Application time: 0.0492140 seconds
221.270: [GC221.270: [ParNew: 15244K->402K(16640K), 0.0003550 secs] 36539K->21697K(55552K), 0.0003820 secs] [Times: user=0.00 sys=0.00, real=0.00 secs] 
221.270: Total time for which application threads were stopped: 0.0004980 seconds, Stopping threads took: 0.0000580 seconds
221.335: Application time: 0.0645310 seconds
221.335: [GC221.335: [ParNew: 15248K->404K(16640K), 0.0004050 secs] 36543K->21700K(55552K), 0.0004320 secs] [Times: user=0.00 sys=0.00, real=0.00 secs] 
221.336: Total time for which application threads were stopped: 0.0005630 seconds, Stopping threads took: 0.0000720 seconds
221.402: Application time: 0.0669550 seconds
221.403: [GC221.403: [ParNew: 15249K->432K(16640K), 0.0003200 secs] 36545K->21727K(55552K), 0.0003410 secs] [Times: user=0.00 sys=0.00, real=0.00 secs] 
221.403: Total time for which application threads were stopped: 0.0004500 seconds, Stopping threads took: 0.0000550 seconds
221.470: Application time: 0.0667290 seconds
221.470: [GC221.470: [ParNew: 15279K->410K(16640K), 0.0004010 secs] 36575K->21706K(55552K), 0.0004280 secs] [Times: user=0.01 sys=0.00, real=0.00 secs] 
221.470: Total time for which application threads were stopped: 0.0005420 seconds, Stopping threads took: 0.0000580 seconds
221.536: Application time: 0.0662610 seconds
221.537: [GC221.537: [ParNew: 15257K->418K(16640K), 0.0004360 secs] 36553K->21714K(55552K), 0.0004640 secs] [Times: user=0.00 sys=0.00, real=0.00 secs] 
221.537: Total time for which application threads were stopped: 0.0005750 seconds, Stopping threads took: 0.0000530 seconds
221.602: Application time: 0.0650890 seconds
221.602: [GC221.602: [ParNew: 15263K->447K(16640K), 0.0003640 secs] 36559K->21743K(55552K), 0.0003910 secs] [Times: user=0.00 sys=0.00, real=0.00 secs] 
221.603: Total time for which application threads were stopped: 0.0005160 seconds, Stopping threads took: 0.0000630 seconds
221.656: Application time: 0.0531980 seconds
221.656: [GC221.656: [ParNew: 15295K->661K(16640K), 0.0003940 secs] 36591K->21957K(55552K), 0.0004190 secs] [Times: user=0.01 sys=0.00, real=0.00 secs] 
221.656: Total time for which application threads were stopped: 0.0005250 seconds, Stopping threads took: 0.0000480 seconds
221.714: Application time: 0.0572980 seconds
221.714: [GC221.714: [ParNew: 15509K->716K(16640K), 0.0003990 secs] 36805K->22012K(55552K), 0.0004230 secs] [Times: user=0.00 sys=0.00, real=0.00 secs] 
221.714: Total time for which application threads were stopped: 0.0005390 seconds, Stopping threads took: 0.0000610 seconds
221.780: Application time: 0.0657880 seconds
221.780: [GC221.780: [ParNew: 15564K->726K(16640K), 0.0005050 secs] 36860K->22022K(55552K), 0.0005390 secs] [Times: user=0.01 sys=0.00, real=0.00 secs] 
221.781: Total time for which application threads were stopped: 0.0006500 seconds, Stopping threads took: 0.0000540 seconds
221.848: Application time: 0.0670400 seconds
221.848: [GC221.848: [ParNew: 15574K->694K(16640K), 0.0004780 secs] 36870K->21989K(55552K), 0.0005040 secs] [Times: user=0.00 sys=0.00, real=0.00 secs] 
221.848: Total time for which application threads were stopped: 0.0006030 seconds, Stopping threads took: 0.0000500 seconds
221.913: Application time: 0.0645790 seconds
221.913: [GC221.913: [ParNew: 15539K->972K(16640K), 0.0004590 secs] 36835K->22268K(55552K), 0.0004850 secs] [Times: user=0.00 sys=0.00, real=0.00 secs] 
221.913: Total time for which application threads were stopped: 0.0005990 seconds, Stopping threads took: 0.0000590 seconds
221.961: Application time: 0.0477500 seconds
221.961: [GC221.961: [ParNew: 15818K->987K(16640K), 0.0004430 secs] 37114K->22311K(55552K), 0.0004710 secs] [Times: user=0.00 sys=0.00, real=0.00 secs] 
221.962: Total time for which application threads were stopped: 0.0005860 seconds, Stopping threads took: 0.0000590 seconds
222.009: Application time: 0.0470030 seconds
222.009: [GC222.009: [ParNew: 15834K->958K(16640K), 0.0005800 secs] 37159K->22691K(55552K), 0.0006070 secs] [Times: user=0.00 sys=0.00, real=0.00 secs] 
222.010: Total time for which application threads were stopped: 0.0007330 seconds, Stopping threads took: 0.0000670 seconds
222.038: Application time: 0.0285470 seconds
222.038: [GC222.038: [ParNew: 15806K->1384K(16640K), 0.0005290 secs] 37538K->23116K(55552K), 0.0005550 secs] [Times: user=0.00 sys=0.00, real=0.00 secs] 
222.039: Total time for which application threads were stopped: 0.0006450 seconds, Stopping threads took: 0.0000390 seconds
222.076: Application time: 0.0368340 seconds
222.076: [GC222.076: [ParNew: 16231K->1412K(16640K), 0.0005460 secs] 37964K->23232K(55552K), 0.0005740 secs] [Times: user=0.01 sys=0.00, real=0.00 secs] 
222.076: Total time for which application threads were stopped: 0.0007060 seconds, Stopping threads took: 0.0000730 seconds
222.141: Application time: 0.0642790 seconds
222.141: [GC222.141: [ParNew: 16259K->1219K(16640K), 0.0005930 secs] 38079K->23257K(55552K), 0.0006170 secs] [Times: user=0.00 sys=0.00, real=0.00 secs] 
222.141: Total time for which application threads were stopped: 0.0007670 seconds, Stopping threads took: 0.0000880 seconds
222.209: Application time: 0.0671780 seconds
222.209: [GC222.209: [ParNew: 16064K->940K(16640K), 0.0004850 secs] 38102K->23226K(55552K), 0.0005120 secs] [Times: user=0.01 sys=0.00, real=0.00 secs] 
222.209: Total time for which application threads were stopped: 0.0006240 seconds, Stopping threads took: 0.0000550 seconds
222.274: Application time: 0.0651190 seconds
222.274: [GC222.274: [ParNew: 15787K->831K(16640K), 0.0004950 secs] 38073K->23117K(55552K), 0.0005200 secs] [Times: user=0.00 sys=0.00, real=0.00 secs] 
222.275: Total time for which application threads were stopped: 0.0006350 seconds, Stopping threads took: 0.0000590 seconds
222.340: Application time: 0.0650900 seconds
222.340: [GC222.340: [ParNew: 15678K->858K(16640K), 0.0005200 secs] 37964K->23144K(55552K), 0.0005470 secs] [Times: user=0.00 sys=0.00, real=0.00 secs] 
222.341: Total time for which application threads were stopped: 0.0006930 seconds, Stopping threads took: 0.0000950 seconds
222.405: Application time: 0.0639310 seconds
222.405: [GC222.405: [ParNew: 15703K->1084K(16640K), 0.0004540 secs] 37989K->23370K(55552K), 0.0004800 secs] [Times: user=0.00 sys=0.00, real=0.00 secs] 
222.405: Total time for which application threads were stopped: 0.0005910 seconds, Stopping threads took: 0.0000600 seconds
222.466: Application time: 0.0602920 seconds
222.466: [GC222.466: [ParNew: 15929K->1043K(16640K), 0.0005430 secs] 38214K->23330K(55552K), 0.0005740 secs] [Times: user=0.01 sys=0.00, real=0.00 secs] 
222.466: Total time for which application threads were stopped: 0.0006740 seconds, Stopping threads took: 0.0000440 seconds
222.531: Application time: 0.0643320 seconds
222.531: [GC222.531: [ParNew: 15889K->1118K(16640K), 0.0004730 secs] 38176K->23405K(55552K), 0.0005070 secs] [Times: user=0.00 sys=0.00, real=0.00 secs] 
222.531: Total time for which application threads were stopped: 0.0006310 seconds, Stopping threads took: 0.0000660 seconds
222.598: Application time: 0.0668210 seconds
222.598: [GC222.598: [ParNew: 15965K->899K(16640K), 0.0005520 secs] 38252K->23376K(55552K), 0.0005790 secs] [Times: user=0.00 sys=0.00, real=0.00 secs] 
222.599: Total time for which application threads were stopped: 0.0006830 seconds, Stopping threads took: 0.0000530 seconds
222.666: Application time: 0.0676930 seconds
222.667: [GC222.667: [ParNew: 15746K->909K(16640K), 0.0004360 secs] 38223K->23386K(55552K), 0.0004610 secs] [Times: user=0.00 sys=0.00, real=0.00 secs] 
222.668: Total time for which application threads were stopped: 0.0012290 seconds, Stopping threads took: 0.0007030 seconds
222.735: Application time: 0.0672410 seconds
222.735: [GC222.735: [ParNew: 15755K->913K(16640K), 0.0004600 secs] 38232K->23389K(55552K), 0.0004880 secs] [Times: user=0.00 sys=0.01, real=0.00 secs] 
222.735: Total time for which application threads were stopped: 0.0006160 seconds, Stopping threads took: 0.0000690 seconds
222.802: Application time: 0.0669560 seconds
222.803: [GC222.803: [ParNew: 15760K->912K(16640K), 0.0004700 secs] 38237K->23389K(55552K), 0.0004960 secs] [Times: user=0.00 sys=0.00, real=0.00 secs] 
222.803: Total time for which application threads were stopped: 0.0006190 seconds, Stopping threads took: 0.0000670 seconds
222.870: Application time: 0.0669410 seconds
222.870: [GC222.870: [ParNew: 15759K->284K(16640K), 0.0004810 secs] 38236K->23331K(55552K), 0.0005080 secs] [Times: user=0.01 sys=0.00, real=0.00 secs] 
222.871: Total time for which application threads were stopped: 0.0006240 seconds, Stopping threads took: 0.0000580 seconds
222.925: Application time: 0.0539350 seconds
222.925: [GC222.925: [ParNew: 15128K->208K(16640K), 0.0004000 secs] 38175K->23445K(55552K), 0.0004280 secs] [Times: user=0.00 sys=0.00, real=0.00 secs] 
222.925: Total time for which application threads were stopped: 0.0005390 seconds, Stopping threads took: 0.0000510 seconds
222.979: Application time: 0.0539350 seconds
222.979: [GC222.979: [ParNew: 15054K->392K(16640K), 0.0003570 secs] 38291K->23629K(55552K), 0.0003830 secs] [Times: user=0.00 sys=0.00, real=0.00 secs] 
222.980: Total time for which application threads were stopped: 0.0004990 seconds, Stopping threads took: 0.0000590 seconds
223.032: Application time: 0.0520030 seconds
223.032: [GC223.032: [ParNew: 15240K->404K(16640K), 0.0003630 secs] 38477K->23641K(55552K), 0.0003890 secs] [Times: user=0.00 sys=0.00, real=0.00 secs] 
223.032: Total time for which application threads were stopped: 0.0005020 seconds, Stopping threads took: 0.0000540 seconds
223.097: Application time: 0.0651500 seconds
223.097: [GC223.097: [ParNew: 15251K->405K(16640K), 0.0004180 secs] 38488K->23642K(55552K), 0.0004440 secs] [Times: user=0.00 sys=0.00, real=0.00 secs] 
223.098: Total time for which application threads were stopped: 0.0005440 seconds, Stopping threads took: 0.0000500 seconds
223.165: Application time: 0.0668680 seconds
223.165: [GC223.165: [ParNew: 15252K->407K(16640K), 0.0003980 secs] 38489K->23644K(55552K), 0.0004260 secs] [Times: user=0.01 sys=0.00, real=0.00 secs] 
223.165: Total time for which application threads were stopped: 0.0005450 seconds, Stopping threads took: 0.0000630 seconds
223.232: Application time: 0.0665700 seconds
223.232: [GC223.232: [ParNew: 15255K->407K(16640K), 0.0003880 secs] 38492K->23644K(55552K), 0.0004160 secs] [Times: user=0.00 sys=0.00, real=0.00 secs] 
223.232: Total time for which application threads were stopped: 0.0005420 seconds, Stopping threads took: 0.0000530 seconds
223.299: Application time: 0.0666090 seconds
223.303: [GC223.303: [ParNew: 15254K->438K(16640K), 0.0004150 secs] 38491K->23675K(55552K), 0.0004440 secs] [Times: user=0.01 sys=0.00, real=0.00 secs] 
223.304: Total time for which application threads were stopped: 0.0047690 seconds, Stopping threads took: 0.0042630 seconds
223.368: Application time: 0.0642560 seconds
223.368: [GC223.368: [ParNew: 15285K->454K(16640K), 0.0004080 secs] 38522K->23691K(55552K), 0.0004370 secs] [Times: user=0.00 sys=0.00, real=0.00 secs] 
223.368: Total time for which application threads were stopped: 0.0005820 seconds, Stopping threads took: 0.0000880 seconds
223.415: Application time: 0.0468680 seconds
223.415: [GC223.415: [ParNew: 15298K->678K(16640K), 0.0004160 secs] 38535K->23915K(55552K), 0.0004420 secs] [Times: user=0.00 sys=0.00, real=0.00 secs] 
223.416: Total time for which application threads were stopped: 0.0005560 seconds, Stopping threads took: 0.0000590 seconds
223.480: Application time: 0.0636390 seconds
223.480: [GC223.480: [ParNew: 15525K->686K(16640K), 0.0004010 secs] 38762K->23923K(55552K), 0.0004280 secs] [Times: user=0.00 sys=0.00, real=0.00 secs] 
223.480: Total time for which application threads were stopped: 0.0005480 seconds, Stopping threads took: 0.0000620 seconds
223.546: Application time: 0.0655250 seconds
223.546: [GC223.546: [ParNew: 15531K->704K(16640K), 0.0005030 secs] 38768K->23941K(55552K), 0.0005300 secs] [Times: user=0.00 sys=0.00, real=0.00 secs] 
223.546: Total time for which application threads were stopped: 0.0006420 seconds, Stopping threads took: 0.0000600 seconds
223.613: Application time: 0.0666730 seconds
223.615: [GC223.615: [ParNew: 15552K->751K(16640K), 0.0005610 secs] 38788K->23988K(55552K), 0.0005880 secs] [Times: user=0.00 sys=0.00, real=0.00 secs] 
223.616: Total time for which application threads were stopped: 0.0027740 seconds, Stopping threads took: 0.0021310 seconds
223.682: Application time: 0.0664570 seconds
223.682: [GC223.682: [ParNew: 15597K->966K(16640K), 0.0004920 secs] 38834K->24203K(55552K), 0.0005180 secs] [Times: user=0.00 sys=0.00, real=0.00 secs] 
223.683: Total time for which application threads were stopped: 0.0006120 seconds, Stopping threads took: 0.0000370 seconds
223.732: Application time: 0.0487950 seconds
223.732: [GC223.732: [ParNew: 15811K->789K(16640K), 0.0005550 secs] 39047K->24245K(55552K), 0.0005820 secs] [Times: user=0.00 sys=0.00, real=0.00 secs] 
223.733: Total time for which application threads were stopped: 0.0010440 seconds, Stopping threads took: 0.0004010 seconds
223.769: Application time: 0.0363750 seconds
223.769: [GC223.769: [ParNew: 15634K->949K(16640K), 0.0005220 secs] 39090K->24623K(55552K), 0.0005490 secs] [Times: user=0.01 sys=0.00, real=0.00 secs] 
223.770: Total time for which application threads were stopped: 0.0006730 seconds, Stopping threads took: 0.0000580 seconds
223.804: Application time: 0.0341070 seconds
223.804: [GC223.804: [ParNew: 15793K->1442K(16640K), 0.0005450 secs] 39467K->25116K(55552K), 0.0005720 secs] [Times: user=0.00 sys=0.00, real=0.00 secs] 
223.804: Total time for which application threads were stopped: 0.0006840 seconds, Stopping threads took: 0.0000550 seconds
223.845: Application time: 0.0405480 seconds
223.845: [GC223.845: [ParNew: 16288K->1034K(16640K), 0.0006010 secs] 39962K->25233K(55552K), 0.0006290 secs] [Times: user=0.01 sys=0.00, real=0.00 secs] 
223.846: Total time for which application threads were stopped: 0.0007230 seconds, Stopping threads took: 0.0000430 seconds
223.907: Application time: 0.0611620 seconds
223.907: [GC223.907: [ParNew: 15881K->1076K(16640K), 0.0004650 secs] 40080K->25274K(55552K), 0.0004920 secs] [Times: user=0.01 sys=0.00, real=0.01 secs] 
223.908: Total time for which application threads were stopped: 0.0006020 seconds, Stopping threads took: 0.0000580 seconds
223.973: Application time: 0.0653380 seconds
223.973: [GC223.973: [ParNew: 15923K->686K(16640K), 0.0004820 secs] 40122K->25293K(55552K), 0.0005100 secs] [Times: user=0.00 sys=0.00, real=0.00 secs] 
223.973: Total time for which application threads were stopped: 0.0006290 seconds, Stopping threads took: 0.0000610 seconds
224.039: Application time: 0.0652480 seconds
224.039: [GC224.039: [ParNew: 15534K->671K(16640K), 0.0004470 secs] 40141K->25279K(55552K), 0.0004840 secs] [Times: user=0.01 sys=0.00, real=0.01 secs] 
224.039: Total time for which application threads were stopped: 0.0006060 seconds, Stopping threads took: 0.0000650 seconds
224.104: Application time: 0.0650240 seconds
224.104: [GC224.104: [ParNew: 15479K->720K(16640K), 0.0004000 secs] 40086K->25327K(55552K), 0.0004250 secs] [Times: user=0.00 sys=0.00, real=0.00 secs] 
224.105: Total time for which application threads were stopped: 0.0005370 seconds, Stopping threads took: 0.0000600 seconds
224.168: Application time: 0.0628950 seconds
224.168: [GC224.168: [ParNew: 15565K->866K(16640K), 0.0005200 secs] 40172K->25473K(55552K), 0.0005450 secs] [Times: user=0.00 sys=0.00, real=0.00 secs] 
224.168: Total time for which application threads were stopped: 0.0006530 seconds, Stopping threads took: 0.0000530 seconds
224.228: Application time: 0.0599370 seconds
224.228: [GC224.229: [ParNew: 15710K->1081K(16640K), 0.0005380 secs] 40317K->25688K(55552K), 0.0005650 secs] [Times: user=0.00 sys=0.00, real=0.00 secs] 
224.229: Total time for which application threads were stopped: 0.0006760 seconds, Stopping threads took: 0.0000520 seconds
224.296: Application time: 0.0670730 seconds
224.296: [GC224.296: [ParNew: 15929K->899K(16640K), 0.0005850 secs] 40536K->25696K(55552K), 0.0006130 secs] [Times: user=0.00 sys=0.00, real=0.00 secs] 
224.297: Total time for which application threads were stopped: 0.0007830 seconds, Stopping threads took: 0.0001070 seconds
224.364: Application time: 0.0670810 seconds
224.364: [GC224.364: [ParNew: 15746K->830K(16640K), 0.0004950 secs] 40543K->25627K(55552K), 0.0005220 secs] [Times: user=0.00 sys=0.00, real=0.00 secs] 
224.365: Total time for which application threads were stopped: 0.0006250 seconds, Stopping threads took: 0.0000470 seconds
224.432: Application time: 0.0670560 seconds
224.432: [GC224.432: [ParNew: 15677K->912K(16640K), 0.0004240 secs] 40475K->25709K(55552K), 0.0004520 secs] [Times: user=0.00 sys=0.00, real=0.00 secs] 
224.432: Total time for which application threads were stopped: 0.0005620 seconds, Stopping threads took: 0.0000510 seconds
224.500: Application time: 0.0677680 seconds
224.503: [GC224.503: [ParNew: 15757K->874K(16640K), 0.0006110 secs] 40554K->25671K(55552K), 0.0006570 secs] [Times: user=0.00 sys=0.00, real=0.00 secs] 
224.504: Total time for which application threads were stopped: 0.0038290 seconds, Stopping threads took: 0.0030850 seconds
224.578: Application time: 0.0736530 seconds
224.578: [GC224.578: [ParNew: 15719K->899K(16640K), 0.0004270 secs] 40516K->25696K(55552K), 0.0004540 secs] [Times: user=0.00 sys=0.00, real=0.00 secs] 
224.578: Total time for which application threads were stopped: 0.0005690 seconds, Stopping threads took: 0.0000550 seconds
224.643: Application time: 0.0647330 seconds
224.643: [GC224.643: [ParNew: 15746K->255K(16640K), 0.0004750 secs] 40543K->25812K(55552K), 0.0005020 secs] [Times: user=0.00 sys=0.00, real=0.00 secs] 
224.643: Total time for which application threads were stopped: 0.0006250 seconds, Stopping threads took: 0.0000680 seconds
224.693: Application time: 0.0496160 seconds
224.693: [GC224.693: [ParNew: 15099K->226K(16640K), 0.0003730 secs] 40656K->25784K(55552K), 0.0003990 secs] [Times: user=0.00 sys=0.00, real=0.00 secs] 
224.694: Total time for which application threads were stopped: 0.0005060 seconds, Stopping threads took: 0.0000570 seconds
224.758: Application time: 0.0644030 seconds
224.759: [GC224.759: [ParNew: 15070K->389K(16640K), 0.0003680 secs] 40627K->25946K(55552K), 0.0003960 secs] [Times: user=0.00 sys=0.00, real=0.00 secs] 
224.760: Total time for which application threads were stopped: 0.0015310 seconds, Stopping threads took: 0.0010800 seconds
224.808: Application time: 0.0480410 seconds
224.808: [GC224.808: [ParNew: 15235K->405K(16640K), 0.0004350 secs] 40792K->25963K(55552K), 0.0004620 secs] [Times: user=0.00 sys=0.00, real=0.00 secs] 
224.808: Total time for which application threads were stopped: 0.0005780 seconds, Stopping threads took: 0.0000500 seconds
224.873: Application time: 0.0649540 seconds
224.873: [GC224.873: [ParNew: 15250K->413K(16640K), 0.0003640 secs] 40807K->25970K(55552K), 0.0003990 secs] [Times: user=0.00 sys=0.00, real=0.00 secs] 
224.874: Total time for which application threads were stopped: 0.0005220 seconds, Stopping threads took: 0.0000680 seconds
224.940: Application time: 0.0665960 seconds
224.940: [GC224.940: [ParNew: 15260K->405K(16640K), 0.0004280 secs] 40817K->25962K(55552K), 0.0004530 secs] [Times: user=0.01 sys=0.00, real=0.00 secs] 
224.941: Total time for which application threads were stopped: 0.0005910 seconds, Stopping threads took: 0.0000810 seconds
225.007: Application time: 0.0664360 seconds
225.007: [GC225.007: [ParNew: 15253K->421K(16640K), 0.0003800 secs] 40810K->25979K(55552K), 0.0004070 secs] [Times: user=0.00 sys=0.00, real=0.00 secs] 
225.008: Total time for which application threads were stopped: 0.0005180 seconds, Stopping threads took: 0.0000590 seconds
225.073: Application time: 0.0650250 seconds
225.073: [GC225.073: [ParNew: 15269K->458K(16640K), 0.0003770 secs] 40826K->26015K(55552K), 0.0004020 secs] [Times: user=0.00 sys=0.00, real=0.00 secs] 
225.073: Total time for which application threads were stopped: 0.0005140 seconds, Stopping threads took: 0.0000560 seconds
225.137: Application time: 0.0641840 seconds
225.138: [GC225.138: [ParNew: 15302K->647K(16640K), 0.0004800 secs] 40860K->26204K(55552K), 0.0005060 secs] [Times: user=0.01 sys=0.00, real=0.00 secs] 
225.138: Total time for which application threads were stopped: 0.0006320 seconds, Stopping threads took: 0.0000680 seconds
225.185: Application time: 0.0470910 seconds
225.185: [GC225.185: [ParNew: 15493K->631K(16640K), 0.0004050 secs] 41050K->26188K(55552K), 0.0004320 secs] [Times: user=0.01 sys=0.00, real=0.00 secs] 
225.186: Total time for which application threads were stopped: 0.0005520 seconds, Stopping threads took: 0.0000630 seconds
225.249: Application time: 0.0636390 seconds
225.250: [GC225.250: [ParNew: 15477K->674K(16640K), 0.0004700 secs] 41034K->26232K(55552K), 0.0004970 secs] [Times: user=0.01 sys=0.00, real=0.00 secs] 
225.250: Total time for which application threads were stopped: 0.0006030 seconds, Stopping threads took: 0.0000540 seconds
225.317: Application time: 0.0668510 seconds
225.317: [GC225.317: [ParNew: 15522K->720K(16640K), 0.0004750 secs] 41079K->26278K(55552K), 0.0005010 secs] [Times: user=0.00 sys=0.00, real=0.00 secs] 
225.317: Total time for which application threads were stopped: 0.0006280 seconds, Stopping threads took: 0.0000630 seconds
225.384: Application time: 0.0667910 seconds
225.384: [GC225.384: [ParNew: 15568K->747K(16640K), 0.0004110 secs] 41125K->26304K(55552K), 0.0004380 secs] [Times: user=0.00 sys=0.00, real=0.00 secs] 
225.385: Total time for which application threads were stopped: 0.0005520 seconds, Stopping threads took: 0.0000570 seconds
225.441: Application time: 0.0563520 seconds
225.441: [GC225.441: [ParNew: 15591K->989K(16640K), 0.0004760 secs] 41149K->26575K(55552K), 0.0005030 secs] [Times: user=0.00 sys=0.00, real=0.00 secs] 
225.442: Total time for which application threads were stopped: 0.0006090 seconds, Stopping threads took: 0.0000480 seconds
225.488: Application time: 0.0462590 seconds
225.488: [GC225.488: [ParNew: 15780K->1007K(16640K), 0.0005250 secs] 41366K->26783K(55552K), 0.0005510 secs] [Times: user=0.01 sys=0.00, real=0.00 secs] 
225.489: Total time for which application threads were stopped: 0.0006620 seconds, Stopping threads took: 0.0000510 seconds
225.526: Application time: 0.0376620 seconds
225.527: [GC225.527: [ParNew: 15853K->827K(16640K), 0.0005710 secs] 41629K->27041K(55552K), 0.0005980 secs] [Times: user=0.00 sys=0.00, real=0.01 secs] 
225.527: Total time for which application threads were stopped: 0.0007450 seconds, Stopping threads took: 0.0000870 seconds
225.561: Application time: 0.0340150 seconds
225.561: [GC225.561: [ParNew: 15672K->1153K(16640K), 0.0005150 secs] 41886K->27366K(55552K), 0.0005410 secs] [Times: user=0.01 sys=0.00, real=0.00 secs] 
225.562: Total time for which application threads were stopped: 0.0006700 seconds, Stopping threads took: 0.0000620 seconds
225.608: Application time: 0.0464300 seconds
225.608: [GC225.608: [ParNew: 15997K->1355K(16640K), 0.0005630 secs] 42210K->27654K(55552K), 0.0005910 secs] [Times: user=0.00 sys=0.00, real=0.00 secs] 
225.609: Total time for which application threads were stopped: 0.0007100 seconds, Stopping threads took: 0.0000650 seconds
225.672: Application time: 0.0626310 seconds
225.672: [GC225.672: [ParNew: 16200K->565K(16640K), 0.0005590 secs] 42499K->27682K(55552K), 0.0005870 secs] [Times: user=0.00 sys=0.00, real=0.00 secs] 
225.672: Total time for which application threads were stopped: 0.0006830 seconds, Stopping threads took: 0.0000390 seconds
225.738: Application time: 0.0652370 seconds
225.738: [GC225.738: [ParNew: 15412K->408K(16640K), 0.0003760 secs] 42529K->27525K(55552K), 0.0004010 secs] [Times: user=0.00 sys=0.00, real=0.00 secs] 
225.738: Total time for which application threads were stopped: 0.0005290 seconds, Stopping threads took: 0.0000700 seconds
225.803: Application time: 0.0651220 seconds
225.803: [GC225.803: [ParNew: 15255K->442K(16640K), 0.0004170 secs] 42373K->27559K(55552K), 0.0004420 secs] [Times: user=0.00 sys=0.00, real=0.00 secs] 
225.804: Total time for which application threads were stopped: 0.0005600 seconds, Stopping threads took: 0.0000680 seconds
225.867: Application time: 0.0634940 seconds
225.867: [GC225.867: [ParNew: 15287K->614K(16640K), 0.0004840 secs] 42404K->27731K(55552K), 0.0005120 secs] [Times: user=0.00 sys=0.00, real=0.00 secs] 
225.868: Total time for which application threads were stopped: 0.0006440 seconds, Stopping threads took: 0.0000650 seconds
225.930: Application time: 0.0624460 seconds
225.931: [GC225.931: [ParNew: 15459K->1008K(16640K), 0.0005230 secs] 42576K->28125K(55552K), 0.0005490 secs] [Times: user=0.00 sys=0.00, real=0.00 secs] 
225.932: Total time for which application threads were stopped: 0.0013510 seconds, Stopping threads took: 0.0007440 seconds
225.994: Application time: 0.0627540 seconds
225.995: [GC225.995: [ParNew: 15853K->1043K(16640K), 0.0005370 secs] 42970K->28161K(55552K), 0.0005660 secs] [Times: user=0.00 sys=0.00, real=0.00 secs] 
225.995: Total time for which application threads were stopped: 0.0006830 seconds, Stopping threads took: 0.0000590 seconds
226.062: Application time: 0.0666490 seconds
226.062: [GC226.062: [ParNew: 15890K->851K(16640K), 0.0005790 secs] 43008K->28159K(55552K), 0.0006070 secs] [Times: user=0.01 sys=0.00, real=0.00 secs] 
226.063: Total time for which application threads were stopped: 0.0007510 seconds, Stopping threads took: 0.0000900 seconds
226.129: Application time: 0.0668900 seconds
226.130: [GC226.130: [ParNew: 15698K->876K(16640K), 0.0004680 secs] 43006K->28184K(55552K), 0.0004940 secs] [Times: user=0.00 sys=0.00, real=0.00 secs] 
226.130: Total time for which application threads were stopped: 0.0006150 seconds, Stopping threads took: 0.0000650 seconds
226.197: Application time: 0.0667930 seconds
226.197: [GC226.197: [ParNew: 15724K->823K(16640K), 0.0005280 secs] 43031K->28131K(55552K), 0.0005530 secs] [Times: user=0.00 sys=0.00, real=0.00 secs] 
226.197: Total time for which application threads were stopped: 0.0006610 seconds, Stopping threads took: 0.0000580 seconds
226.265: Application time: 0.0671330 seconds
226.265: [GC226.265: [ParNew: 15671K->839K(16640K), 0.0005050 secs] 42979K->28146K(55552K), 0.0005300 secs] [Times: user=0.00 sys=0.00, real=0.00 secs] 
226.265: Total time for which application threads were stopped: 0.0006400 seconds, Stopping threads took: 0.0000570 seconds
226.332: Application time: 0.0669570 seconds
226.332: [GC226.332: [ParNew: 15686K->459K(16640K), 0.0004450 secs] 42994K->28147K(55552K), 0.0004720 secs] [Times: user=0.01 sys=0.00, real=0.00 secs] 
226.333: Total time for which application threads were stopped: 0.0005960 seconds, Stopping threads took: 0.0000680 seconds
226.393: Application time: 0.0602820 seconds
226.393: [GC226.393: [ParNew: 15306K->250K(16640K), 0.0004260 secs] 42994K->28318K(55552K), 0.0004610 secs] [Times: user=0.01 sys=0.00, real=0.00 secs] 
226.394: Total time for which application threads were stopped: 0.0005700 seconds, Stopping threads took: 0.0000430 seconds
226.447: Application time: 0.0531300 seconds
226.447: [GC226.447: [ParNew: 15098K->215K(16640K), 0.0003130 secs] 43166K->28283K(55552K), 0.0003390 secs] [Times: user=0.00 sys=0.00, real=0.01 secs] 
226.447: Total time for which application threads were stopped: 0.0004440 seconds, Stopping threads took: 0.0000540 seconds
226.509: Application time: 0.0615520 seconds
226.509: [GC226.509: [ParNew: 15061K->385K(16640K), 0.0003860 secs] 43129K->28453K(55552K), 0.0004110 secs] [Times: user=0.00 sys=0.00, real=0.00 secs] 
226.509: Total time for which application threads were stopped: 0.0005160 seconds, Stopping threads took: 0.0000530 seconds
226.560: Application time: 0.0504700 seconds
226.560: [GC226.560: [ParNew: 15229K->388K(16640K), 0.0004270 secs] 43297K->28456K(55552K), 0.0004520 secs] [Times: user=0.00 sys=0.00, real=0.00 secs] 
226.560: Total time for which application threads were stopped: 0.0005670 seconds, Stopping threads took: 0.0000630 seconds
226.626: Application time: 0.0653810 seconds
226.626: [GC226.626: [ParNew: 15235K->404K(16640K), 0.0004030 secs] 43303K->28472K(55552K), 0.0004260 secs] [Times: user=0.00 sys=0.00, real=0.00 secs] 
226.626: Total time for which application threads were stopped: 0.0005240 seconds, Stopping threads took: 0.0000430 seconds
226.693: Application time: 0.0665230 seconds
226.693: [GC226.693: [ParNew: 15251K->402K(16640K), 0.0004440 secs] 43319K->28469K(55552K), 0.0004710 secs] [Times: user=0.00 sys=0.00, real=0.00 secs] 
226.693: Total time for which application threads were stopped: 0.0005850 seconds, Stopping threads took: 0.0000540 seconds
226.760: Application time: 0.0662020 seconds
226.760: [GC226.760: [ParNew: 15249K->424K(16640K), 0.0003480 secs] 43317K->28492K(55552K), 0.0003730 secs] [Times: user=0.01 sys=0.00, real=0.00 secs] 
226.760: Total time for which application threads were stopped: 0.0004870 seconds, Stopping threads took: 0.0000640 seconds
226.824: Application time: 0.0641800 seconds
226.824: [GC226.824: [ParNew: 15269K->461K(16640K), 0.0003810 secs] 43337K->28529K(55552K), 0.0004100 secs] [Times: user=0.00 sys=0.00, real=0.00 secs] 
226.825: Total time for which application threads were stopped: 0.0005180 seconds, Stopping threads took: 0.0000500 seconds
226.882: Application time: 0.0574580 seconds
226.882: [GC226.882: [ParNew: 15307K->639K(16640K), 0.0004610 secs] 43375K->28707K(55552K), 0.0004870 secs] [Times: user=0.00 sys=0.00, real=0.00 secs] 
226.883: Total time for which application threads were stopped: 0.0006150 seconds, Stopping threads took: 0.0000710 seconds
226.937: Application time: 0.0545360 seconds
226.938: [GC226.938: [ParNew: 15484K->665K(16640K), 0.0004120 secs] 43552K->28733K(55552K), 0.0004380 secs] [Times: user=0.01 sys=0.00, real=0.00 secs] 
226.938: Total time for which application threads were stopped: 0.0005610 seconds, Stopping threads took: 0.0000580 seconds
227.002: Application time: 0.0636430 seconds
227.003: [GC227.003: [ParNew: 15509K->729K(16640K), 0.0004110 secs] 43576K->28797K(55552K), 0.0004360 secs] [Times: user=0.00 sys=0.00, real=0.00 secs] 
227.004: Total time for which application threads were stopped: 0.0019700 seconds, Stopping threads took: 0.0014830 seconds
227.071: Application time: 0.0676320 seconds
227.071: [GC227.071: [ParNew: 15575K->769K(16640K), 0.0004340 secs] 43643K->28837K(55552K), 0.0004620 secs] [Times: user=0.00 sys=0.00, real=0.00 secs] 
227.072: Total time for which application threads were stopped: 0.0005880 seconds, Stopping threads took: 0.0000700 seconds
227.138: Application time: 0.0666840 seconds
227.139: [GC227.139: [ParNew: 15617K->747K(16640K), 0.0004260 secs] 43684K->28815K(55552K), 0.0004560 secs] [Times: user=0.00 sys=0.00, real=0.01 secs] 
227.139: Total time for which application threads were stopped: 0.0005680 seconds, Stopping threads took: 0.0000540 seconds
227.191: Application time: 0.0515470 seconds
227.191: [GC227.191: [ParNew: 15592K->747K(16640K), 0.0004650 secs] 43660K->29034K(55552K), 0.0004960 secs] [Times: user=0.01 sys=0.00, real=0.00 secs] 
227.191: Total time for which application threads were stopped: 0.0006260 seconds, Stopping threads took: 0.0000710 seconds
227.239: Application time: 0.0477450 seconds
227.239: [GC227.239: [ParNew: 15593K->900K(16640K), 0.0005420 secs] 43880K->29186K(55552K), 0.0005670 secs] [Times: user=0.00 sys=0.00, real=0.00 secs] 
227.240: Total time for which application threads were stopped: 0.0006910 seconds, Stopping threads took: 0.0000650 seconds
227.274: Application time: 0.0344540 seconds
227.274: [GC227.274: [ParNew: 15746K->1579K(16640K), 0.0006660 secs] 44032K->29866K(55552K), 0.0006930 secs] [Times: user=0.00 sys=0.00, real=0.00 secs] 
227.275: Total time for which application threads were stopped: 0.0008030 seconds, Stopping threads took: 0.0000490 seconds
227.307: Application time: 0.0320160 seconds
227.307: [GC227.307: [ParNew: 16423K->741K(16640K), 0.0006520 secs] 44709K->29927K(55552K), 0.0006800 secs] [Times: user=0.00 sys=0.00, real=0.00 secs] 
227.308: Total time for which application threads were stopped: 0.0008130 seconds, Stopping threads took: 0.0000730 seconds
227.363: Application time: 0.0557140 seconds
227.364: [GC227.364: [ParNew: 15588K->1059K(16640K), 0.0005650 secs] 44774K->30245K(55552K), 0.0005930 secs] [Times: user=0.01 sys=0.00, real=0.00 secs] 
227.364: Total time for which application threads were stopped: 0.0007150 seconds, Stopping threads took: 0.0000660 seconds
227.427: Application time: 0.0631320 seconds
227.427: [GC227.427: [ParNew: 15904K->928K(16640K), 0.0006110 secs] 45090K->30333K(55552K), 0.0006380 secs] [Times: user=0.00 sys=0.00, real=0.00 secs] 
227.428: Total time for which application threads were stopped: 0.0007480 seconds, Stopping threads took: 0.0000510 seconds
227.493: Application time: 0.0651610 seconds
227.493: [GC227.493: [ParNew: 15776K->928K(16640K), 0.0005330 secs] 45180K->30333K(55552K), 0.0015380 secs] [Times: user=0.00 sys=0.00, real=0.00 secs] 
227.495: Total time for which application threads were stopped: 0.0016750 seconds, Stopping threads took: 0.0000660 seconds
227.560: Application time: 0.0650590 seconds
227.560: [GC227.560: [ParNew: 15775K->959K(16640K), 0.0004300 secs] 45180K->30363K(55552K), 0.0004570 secs] [Times: user=0.01 sys=0.00, real=0.00 secs] 
227.561: Total time for which application threads were stopped: 0.0006050 seconds, Stopping threads took: 0.0000950 seconds
227.624: Application time: 0.0632100 seconds
227.624: [GC227.624: [ParNew: 15803K->1128K(16640K), 0.0005430 secs] 45208K->30533K(55552K), 0.0005690 secs] [Times: user=0.00 sys=0.00, real=0.00 secs] 
227.624: Total time for which application threads were stopped: 0.0006950 seconds, Stopping threads took: 0.0000680 seconds
227.687: Application time: 0.0620790 seconds
227.687: [GC227.687: [ParNew: 15972K->1135K(16640K), 0.0039180 secs] 45377K->30569K(55552K), 0.0039460 secs] [Times: user=0.02 sys=0.01, real=0.01 secs] 
227.691: Total time for which application threads were stopped: 0.0040550 seconds, Stopping threads took: 0.0000480 seconds
227.754: Application time: 0.0631140 seconds
227.755: [GC227.755: [ParNew: 15981K->1109K(16640K), 0.0005120 secs] 45415K->30544K(55552K), 0.0005370 secs] [Times: user=0.00 sys=0.00, real=0.00 secs] 
227.756: Total time for which application threads were stopped: 0.0019310 seconds, Stopping threads took: 0.0013420 seconds
227.823: Application time: 0.0670010 seconds
227.823: [GC227.823: [ParNew: 15957K->886K(16640K), 0.0004700 secs] 45391K->30510K(55552K), 0.0004980 secs] [Times: user=0.00 sys=0.00, real=0.00 secs] 
227.823: Total time for which application threads were stopped: 0.0006220 seconds, Stopping threads took: 0.0000670 seconds
227.890: Application time: 0.0669060 seconds
227.890: [GC227.890: [ParNew: 15733K->883K(16640K), 0.0004750 secs] 45357K->30507K(55552K), 0.0005010 secs] [Times: user=0.00 sys=0.00, real=0.00 secs] 
227.891: Total time for which application threads were stopped: 0.0006150 seconds, Stopping threads took: 0.0000580 seconds
227.958: Application time: 0.0669450 seconds
227.958: [GC227.958: [ParNew: 15730K->914K(16640K), 0.0004930 secs] 45355K->30538K(55552K), 0.0005290 secs] [Times: user=0.00 sys=0.00, real=0.00 secs] 
227.958: Total time for which application threads were stopped: 0.0006610 seconds, Stopping threads took: 0.0000780 seconds
228.026: Application time: 0.0672490 seconds
228.026: [GC228.026: [ParNew: 15761K->855K(16640K), 0.0004900 secs] 45385K->30479K(55552K), 0.0005160 secs] [Times: user=0.01 sys=0.00, real=0.00 secs] 
228.026: Total time for which application threads were stopped: 0.0006310 seconds, Stopping threads took: 0.0000510 seconds
228.093: Application time: 0.0668800 seconds
228.093: [GC228.093: [ParNew: 15702K->491K(16640K), 0.0004770 secs] 45326K->30496K(55552K), 0.0005040 secs] [Times: user=0.00 sys=0.00, real=0.00 secs] 
228.094: Total time for which application threads were stopped: 0.0006190 seconds, Stopping threads took: 0.0000570 seconds
228.144: Application time: 0.0499750 seconds
228.144: [GC228.144: [ParNew: 15335K->228K(16640K), 0.0004900 secs] 45340K->30612K(55552K), 0.0005160 secs] [Times: user=0.00 sys=0.00, real=0.00 secs] 
228.144: Total time for which application threads were stopped: 0.0006330 seconds, Stopping threads took: 0.0000610 seconds
228.208: Application time: 0.0637710 seconds
228.208: [GC228.208: [ParNew: 15072K->203K(16640K), 0.0003590 secs] 45456K->30587K(55552K), 0.0003870 secs] [Times: user=0.00 sys=0.00, real=0.00 secs] 
228.209: Total time for which application threads were stopped: 0.0005200 seconds, Stopping threads took: 0.0000800 seconds
228.266: Application time: 0.0576580 seconds
228.266: [GC228.267: [ParNew: 15049K->403K(16640K), 0.0003420 secs] 45433K->30788K(55552K), 0.0003700 secs] [Times: user=0.00 sys=0.00, real=0.00 secs] 
228.267: Total time for which application threads were stopped: 0.0004920 seconds, Stopping threads took: 0.0000670 seconds
228.322: Application time: 0.0552200 seconds
228.322: [GC228.322: [ParNew: 15248K->406K(16640K), 0.0003420 secs] 45633K->30790K(55552K), 0.0003670 secs] [Times: user=0.01 sys=0.00, real=0.00 secs] 
228.323: Total time for which application threads were stopped: 0.0004660 seconds, Stopping threads took: 0.0000450 seconds
228.388: Application time: 0.0657640 seconds
228.388: [GC228.388: [ParNew: 15250K->402K(16640K), 0.0003630 secs] 45635K->30787K(55552K), 0.0003870 secs] [Times: user=0.00 sys=0.00, real=0.00 secs] 
228.389: Total time for which application threads were stopped: 0.0005010 seconds, Stopping threads took: 0.0000570 seconds
228.456: Application time: 0.0667770 seconds
228.456: [GC228.456: [ParNew: 15249K->424K(16640K), 0.0003910 secs] 45634K->30808K(55552K), 0.0004160 secs] [Times: user=0.01 sys=0.00, real=0.00 secs] 
228.456: Total time for which application threads were stopped: 0.0005160 seconds, Stopping threads took: 0.0000510 seconds
228.523: Application time: 0.0664310 seconds
228.523: [GC228.523: [ParNew: 15271K->435K(16640K), 0.0003500 secs] 45655K->30820K(55552K), 0.0003790 secs] [Times: user=0.00 sys=0.00, real=0.00 secs] 
228.523: Total time for which application threads were stopped: 0.0005030 seconds, Stopping threads took: 0.0000680 seconds
228.587: Application time: 0.0641250 seconds
228.587: [GC228.587: [ParNew: 15280K->457K(16640K), 0.0003680 secs] 45665K->30841K(55552K), 0.0003960 secs] [Times: user=0.01 sys=0.00, real=0.00 secs] 
228.588: Total time for which application threads were stopped: 0.0005290 seconds, Stopping threads took: 0.0000670 seconds
228.636: Application time: 0.0480170 seconds
228.637: [GC228.637: [ParNew: 15303K->649K(16640K), 0.0004640 secs] 45687K->31033K(55552K), 0.0004960 secs] [Times: user=0.00 sys=0.00, real=0.00 secs] 
228.637: Total time for which application threads were stopped: 0.0015250 seconds, Stopping threads took: 0.0009610 seconds
228.700: Application time: 0.0628040 seconds
228.700: [GC228.700: [ParNew: 15493K->664K(16640K), 0.0004020 secs] 45877K->31049K(55552K), 0.0004290 secs] [Times: user=0.01 sys=0.00, real=0.00 secs] 
228.701: Total time for which application threads were stopped: 0.0005470 seconds, Stopping threads took: 0.0000610 seconds
228.766: Application time: 0.0654430 seconds
228.767: [GC228.767: [ParNew: 15512K->696K(16640K), 0.0004270 secs] 45896K->31080K(55552K), 0.0004540 secs] [Times: user=0.00 sys=0.00, real=0.00 secs] 
228.768: Total time for which application threads were stopped: 0.0015230 seconds, Stopping threads took: 0.0010120 seconds
228.834: Application time: 0.0669050 seconds
228.835: [GC228.835: [ParNew: 15543K->728K(16640K), 0.0004240 secs] 45927K->31112K(55552K), 0.0004540 secs] [Times: user=0.01 sys=0.00, real=0.00 secs] 
228.835: Total time for which application threads were stopped: 0.0005650 seconds, Stopping threads took: 0.0000540 seconds
228.901: Application time: 0.0661160 seconds
228.901: [GC228.901: [ParNew: 15547K->881K(16640K), 0.0004270 secs] 45932K->31265K(55552K), 0.0004540 secs] [Times: user=0.00 sys=0.00, real=0.00 secs] 
228.902: Total time for which application threads were stopped: 0.0005700 seconds, Stopping threads took: 0.0000650 seconds
228.948: Application time: 0.0465640 seconds
228.948: [GC228.948: [ParNew: 15729K->825K(16640K), 0.0004710 secs] 46113K->31428K(55552K), 0.0004980 secs] [Times: user=0.00 sys=0.00, real=0.00 secs] 
228.949: Total time for which application threads were stopped: 0.0006060 seconds, Stopping threads took: 0.0000510 seconds
229.001: Application time: 0.0517390 seconds
229.001: [GC229.001: [ParNew: 15669K->1082K(16640K), 0.0005780 secs] 46272K->31685K(55552K), 0.0006050 secs] [Times: user=0.01 sys=0.00, real=0.00 secs] 
229.001: Total time for which application threads were stopped: 0.0007100 seconds, Stopping threads took: 0.0000530 seconds
229.031: Application time: 0.0300190 seconds
229.032: [GC229.032: [ParNew: 15926K->1357K(16640K), 0.0006060 secs] 46529K->32179K(55552K), 0.0006330 secs] [Times: user=0.00 sys=0.00, real=0.00 secs] 
229.032: Total time for which application threads were stopped: 0.0007480 seconds, Stopping threads took: 0.0000570 seconds
229.065: Application time: 0.0331850 seconds
229.065: [GC229.065: [ParNew: 16204K->790K(16640K), 0.0006420 secs] 47025K->32297K(55552K), 0.0006690 secs] [Times: user=0.01 sys=0.00, real=0.00 secs] 
229.066: Total time for which application threads were stopped: 0.0007880 seconds, Stopping threads took: 0.0000610 seconds
229.125: Application time: 0.0589110 seconds
229.125: [GC229.125: [ParNew: 15636K->862K(16640K), 0.0004420 secs] 47143K->32369K(55552K), 0.0004680 secs] [Times: user=0.00 sys=0.00, real=0.00 secs] 
229.126: Total time for which application threads were stopped: 0.0005870 seconds, Stopping threads took: 0.0000550 seconds
229.190: Application time: 0.0642790 seconds
229.190: [GC229.190: [ParNew: 15709K->924K(16640K), 0.0004510 secs] 47216K->32431K(55552K), 0.0004790 secs] [Times: user=0.00 sys=0.00, real=0.00 secs] 
229.191: Total time for which application threads were stopped: 0.0006210 seconds, Stopping threads took: 0.0000830 seconds
229.256: Application time: 0.0651580 seconds
229.256: [GC229.256: [ParNew: 15771K->913K(16640K), 0.0005210 secs] 47278K->32420K(55552K), 0.0005440 secs] [Times: user=0.01 sys=0.00, real=0.00 secs] 
229.256: Total time for which application threads were stopped: 0.0006730 seconds, Stopping threads took: 0.0000770 seconds
229.322: Application time: 0.0651370 seconds
229.322: [GC229.322: [ParNew: 15761K->974K(16640K), 0.0004350 secs] 47268K->32481K(55552K), 0.0004610 secs] [Times: user=0.00 sys=0.00, real=0.00 secs] 
229.322: Total time for which application threads were stopped: 0.0005730 seconds, Stopping threads took: 0.0000590 seconds
229.385: Application time: 0.0634040 seconds
229.386: [GC229.386: [ParNew: 15820K->1211K(16640K), 0.0004770 secs] 47327K->32718K(55552K), 0.0005060 secs] [Times: user=0.00 sys=0.00, real=0.00 secs] 
229.386: Total time for which application threads were stopped: 0.0006280 seconds, Stopping threads took: 0.0000640 seconds
229.447: Application time: 0.0609480 seconds
229.451: [GC229.451: [ParNew: 16056K->1070K(16640K), 0.0005920 secs] 47563K->32635K(55552K), 0.0006290 secs] [Times: user=0.01 sys=0.00, real=0.00 secs] 
229.452: Total time for which application threads were stopped: 0.0047100 seconds, Stopping threads took: 0.0040310 seconds
229.516: Application time: 0.0639390 seconds
229.516: [GC229.516: [ParNew: 15917K->1105K(16640K), 0.0004140 secs] 47481K->32670K(55552K), 0.0004350 secs] [Times: user=0.00 sys=0.00, real=0.00 secs] 
229.516: Total time for which application threads were stopped: 0.0005440 seconds, Stopping threads took: 0.0000560 seconds
229.583: Application time: 0.0669160 seconds
229.583: [GC229.583: [ParNew: 15952K->899K(16640K), 0.0005630 secs] 47518K->32654K(55552K), 0.0005900 secs] [Times: user=0.00 sys=0.00, real=0.00 secs] 
229.584: Total time for which application threads were stopped: 0.0007070 seconds, Stopping threads took: 0.0000590 seconds
229.651: Application time: 0.0669610 seconds
229.651: [GC229.651: [ParNew: 15747K->874K(16640K), 0.0003890 secs] 47502K->32629K(55552K), 0.0004150 secs] [Times: user=0.01 sys=0.00, real=0.00 secs] 
229.651: Total time for which application threads were stopped: 0.0005270 seconds, Stopping threads took: 0.0000520 seconds
229.718: Application time: 0.0669280 seconds
229.718: [GC229.718: [ParNew: 15719K->894K(16640K), 0.0004110 secs] 47475K->32649K(55552K), 0.0004410 secs] [Times: user=0.00 sys=0.00, real=0.00 secs] 
229.719: Total time for which application threads were stopped: 0.0005780 seconds, Stopping threads took: 0.0000820 seconds
229.786: Application time: 0.0667760 seconds
229.786: [GC229.786: [ParNew: 15741K->854K(16640K), 0.0005000 secs] 47497K->32609K(55552K), 0.0005280 secs] [Times: user=0.00 sys=0.00, real=0.00 secs] 
229.786: Total time for which application threads were stopped: 0.0006480 seconds, Stopping threads took: 0.0000630 seconds
229.851: Application time: 0.0643280 seconds
229.851: [GC229.851: [ParNew: 15701K->698K(16640K), 0.0005110 secs] 47456K->32833K(55552K), 0.0005390 secs] [Times: user=0.00 sys=0.00, real=0.00 secs] 
229.851: Total time for which application threads were stopped: 0.0006430 seconds, Stopping threads took: 0.0000530 seconds
229.901: Application time: 0.0496640 seconds
229.901: [GC229.901: [ParNew: 15542K->255K(16640K), 0.0004240 secs] 47677K->32770K(55552K), 0.0004510 secs] [Times: user=0.00 sys=0.00, real=0.00 secs] 
229.902: Total time for which application threads were stopped: 0.0005640 seconds, Stopping threads took: 0.0000620 seconds
229.967: Application time: 0.0655300 seconds
229.967: [GC229.967: [ParNew: 15102K->213K(16640K), 0.0003420 secs] 47618K->32728K(55552K), 0.0003700 secs] [Times: user=0.00 sys=0.00, real=0.00 secs] 
229.968: Total time for which application threads were stopped: 0.0004820 seconds, Stopping threads took: 0.0000580 seconds
230.020: Application time: 0.0527960 seconds
230.020: [GC230.020: [ParNew: 15056K->393K(16640K), 0.0003610 secs] 47572K->32909K(55552K), 0.0003890 secs] [Times: user=0.00 sys=0.00, real=0.00 secs] 
230.021: Total time for which application threads were stopped: 0.0005110 seconds, Stopping threads took: 0.0000650 seconds
230.081: Application time: 0.0606040 seconds
230.082: [GC230.082: [ParNew: 15237K->406K(16640K), 0.0003800 secs] 47752K->32921K(55552K), 0.0004050 secs] [Times: user=0.00 sys=0.00, real=0.00 secs] 
230.082: Total time for which application threads were stopped: 0.0005130 seconds, Stopping threads took: 0.0000520 seconds
230.148: Application time: 0.0657660 seconds
230.148: [GC230.148: [ParNew: 15253K->419K(16640K), 0.0004210 secs] 47769K->32935K(55552K), 0.0004490 secs] [Times: user=0.00 sys=0.00, real=0.00 secs] 
230.148: Total time for which application threads were stopped: 0.0005760 seconds, Stopping threads took: 0.0000680 seconds
230.215: Application time: 0.0667510 seconds
230.215: [GC230.215: [ParNew: 15266K->419K(16640K), 0.0003590 secs] 47782K->32934K(55552K), 0.0003850 secs] [Times: user=0.00 sys=0.00, real=0.00 secs] 
230.216: Total time for which application threads were stopped: 0.0005090 seconds, Stopping threads took: 0.0000630 seconds
230.281: Application time: 0.0652180 seconds
230.281: [GC230.281: [ParNew: 15262K->448K(16640K), 0.0004240 secs] 47778K->32963K(55552K), 0.0004590 secs] [Times: user=0.01 sys=0.00, real=0.00 secs] 
230.281: Total time for which application threads were stopped: 0.0005700 seconds, Stopping threads took: 0.0000560 seconds
230.340: Application time: 0.0582420 seconds
230.340: [GC230.340: [ParNew: 15294K->645K(16640K), 0.0004210 secs] 47810K->33161K(55552K), 0.0004470 secs] [Times: user=0.01 sys=0.00, real=0.00 secs] 
230.340: Total time for which application threads were stopped: 0.0005880 seconds, Stopping threads took: 0.0000840 seconds
230.395: Application time: 0.0546350 seconds
230.399: [GC230.399: [ParNew: 15490K->676K(16640K), 0.0004250 secs] 48006K->33191K(55552K), 0.0004500 secs] [Times: user=0.00 sys=0.00, real=0.00 secs] 
230.400: Total time for which application threads were stopped: 0.0047700 seconds, Stopping threads took: 0.0042600 seconds
230.463: Application time: 0.0638570 seconds
230.464: [GC230.464: [ParNew: 15521K->724K(16640K), 0.0004340 secs] 48037K->33239K(55552K), 0.0004610 secs] [Times: user=0.01 sys=0.00, real=0.00 secs] 
230.464: Total time for which application threads were stopped: 0.0006260 seconds, Stopping threads took: 0.0001140 seconds
230.531: Application time: 0.0672120 seconds
230.531: [GC230.531: [ParNew: 15569K->751K(16640K), 0.0004400 secs] 48085K->33266K(55552K), 0.0004690 secs] [Times: user=0.01 sys=0.00, real=0.00 secs] 
230.532: Total time for which application threads were stopped: 0.0005890 seconds, Stopping threads took: 0.0000640 seconds
230.599: Application time: 0.0672950 seconds
230.599: [GC230.599: [ParNew: 15598K->739K(16640K), 0.0004340 secs] 48113K->33254K(55552K), 0.0004610 secs] [Times: user=0.00 sys=0.00, real=0.00 secs] 
230.600: Total time for which application threads were stopped: 0.0005810 seconds, Stopping threads took: 0.0000630 seconds
230.660: Application time: 0.0602550 seconds
230.660: [GC230.660: [ParNew: 15584K->944K(16640K), 0.0004470 secs] 48099K->33488K(55552K), 0.0004740 secs] [Times: user=0.01 sys=0.00, real=0.00 secs] 
230.661: Total time for which application threads were stopped: 0.0005810 seconds, Stopping threads took: 0.0000550 seconds
230.714: Application time: 0.0533050 seconds
230.714: [GC230.714: [ParNew: 15792K->768K(16640K), 0.0004880 secs] 48336K->33502K(55552K), 0.0005170 secs] [Times: user=0.00 sys=0.00, real=0.00 secs] 
230.715: Total time for which application threads were stopped: 0.0006240 seconds, Stopping threads took: 0.0000530 seconds
230.764: Application time: 0.0498100 seconds
230.764: Total time for which application threads were stopped: 0.0001190 seconds, Stopping threads took: 0.0000900 seconds
230.765: Application time: 0.0001420 seconds
230.765: [GC230.765: [ParNew: 15686K->1371K(16640K), 0.0006500 secs] 48420K->34105K(55552K), 0.0006740 secs] [Times: user=0.00 sys=0.00, real=0.00 secs] 
230.765: Total time for which application threads were stopped: 0.0007230 seconds, Stopping threads took: 0.0000110 seconds
230.793: Application time: 0.0275870 seconds
230.793: [GC230.793: [ParNew: 16217K->838K(16640K), 0.0006320 secs] 48951K->34409K(55552K), 0.0006590 secs] [Times: user=0.00 sys=0.00, real=0.00 secs] 
230.794: Total time for which application threads were stopped: 0.0007900 seconds, Stopping threads took: 0.0000720 seconds
230.795: Application time: 0.0013190 seconds
230.795: [GC [1 CMS-initial-mark: 33571K(38912K)] 35091K(55552K), 0.0001200 secs] [Times: user=0.00 sys=0.00, real=0.00 secs] 
230.795: Total time for which application threads were stopped: 0.0001830 seconds, Stopping threads took: 0.0000450 seconds
230.795: [CMS-concurrent-mark-start]
230.798: [CMS-concurrent-mark: 0.003/0.003 secs] [Times: user=0.01 sys=0.00, real=0.00 secs] 
230.798: [CMS-concurrent-preclean-start]
230.799: [CMS-concurrent-preclean: 0.000/0.000 secs] [Times: user=0.00 sys=0.00, real=0.00 secs] 
230.799: [CMS-concurrent-abortable-preclean-start]
230.833: Application time: 0.0380970 seconds
230.833: [GC230.833: [ParNew: 15682K->1132K(16640K), 0.0005290 secs] 49254K->34703K(55552K), 0.0005650 secs] [Times: user=0.01 sys=0.00, real=0.00 secs] 
230.834: Total time for which application threads were stopped: 0.0006840 seconds, Stopping threads took: 0.0000590 seconds
230.894: Application time: 0.0599030 seconds
230.894: [GC230.894: [ParNew: 15976K->988K(16640K), 0.0005270 secs] 49547K->34778K(55552K), 0.0005550 secs] [Times: user=0.00 sys=0.00, real=0.00 secs] 
230.895: Total time for which application threads were stopped: 0.0006720 seconds, Stopping threads took: 0.0000590 seconds
230.959: Application time: 0.0644610 seconds
230.959: [GC230.959: [ParNew: 15835K->955K(16640K), 0.0005420 secs] 49625K->34745K(55552K), 0.0005690 secs] [Times: user=0.00 sys=0.00, real=0.00 secs] 
230.960: Total time for which application threads were stopped: 0.0006610 seconds, Stopping threads took: 0.0000400 seconds
231.026: Application time: 0.0662890 seconds
231.026: [GC231.026: [ParNew: 15803K->1059K(16640K), 0.0004990 secs] 49593K->34849K(55552K), 0.0005290 secs] [Times: user=0.00 sys=0.00, real=0.00 secs] 
231.027: Total time for which application threads were stopped: 0.0006630 seconds, Stopping threads took: 0.0000790 seconds
231.091: Application time: 0.0643970 seconds
231.091: [GC231.091: [ParNew: 15905K->1115K(16640K), 0.0004930 secs] 49695K->34905K(55552K), 0.0005200 secs] [Times: user=0.00 sys=0.00, real=0.00 secs] 
231.092: Total time for which application threads were stopped: 0.0006590 seconds, Stopping threads took: 0.0000800 seconds
231.156: Application time: 0.0642930 seconds
231.156: [GC231.156: [ParNew: 15959K->565K(16640K), 0.0005400 secs] 49749K->35011K(55552K), 0.0005680 secs] [Times: user=0.01 sys=0.00, real=0.00 secs] 
231.157: Total time for which application threads were stopped: 0.0006850 seconds, Stopping threads took: 0.0000660 seconds
231.218: Application time: 0.0608610 seconds
231.218: [GC231.218: [ParNew: 15411K->1013K(16640K), 0.0004670 secs] 49857K->35459K(55552K), 0.0004950 secs] [Times: user=0.00 sys=0.00, real=0.00 secs] 
231.218: Total time for which application threads were stopped: 0.0006220 seconds, Stopping threads took: 0.0000720 seconds
231.283: Application time: 0.0644990 seconds
231.283: [GC231.283: [ParNew: 15859K->1064K(16640K), 0.0005490 secs] 50305K->35510K(55552K), 0.0005750 secs] [Times: user=0.00 sys=0.00, real=0.00 secs] 
231.283: Total time for which application threads were stopped: 0.0006920 seconds, Stopping threads took: 0.0000520 seconds
231.350: Application time: 0.0669130 seconds
231.350: [GC231.350: [ParNew: 15911K->858K(16640K), 0.0006000 secs] 50358K->35494K(55552K), 0.0006270 secs] [Times: user=0.01 sys=0.00, real=0.00 secs] 
231.351: Total time for which application threads were stopped: 0.0007550 seconds, Stopping threads took: 0.0000690 seconds
231.419: Application time: 0.0679780 seconds
231.419: [GC231.419: [ParNew: 15705K->855K(16640K), 0.0004420 secs] 50341K->35492K(55552K), 0.0004670 secs] [Times: user=0.00 sys=0.00, real=0.00 secs] 
231.420: Total time for which application threads were stopped: 0.0005730 seconds, Stopping threads took: 0.0000520 seconds
231.487: Application time: 0.0669200 seconds
231.487: [GC231.487: [ParNew: 15703K->847K(16640K), 0.0004450 secs] 50339K->35484K(55552K), 0.0004730 secs] [Times: user=0.00 sys=0.00, real=0.01 secs] 
231.487: Total time for which application threads were stopped: 0.0006170 seconds, Stopping threads took: 0.0000860 seconds
231.554: Application time: 0.0670700 seconds
231.554: [GC231.554: [ParNew: 15693K->899K(16640K), 0.0004210 secs] 50329K->35536K(55552K), 0.0004490 secs] [Times: user=0.01 sys=0.00, real=0.00 secs] 
231.555: Total time for which application threads were stopped: 0.0005520 seconds, Stopping threads took: 0.0000510 seconds
231.611: Application time: 0.0560020 seconds
231.611: [GC231.611: [ParNew: 15747K->466K(16640K), 0.0005180 secs] 50384K->35672K(55552K), 0.0005450 secs] [Times: user=0.00 sys=0.00, real=0.00 secs] 
231.611: Total time for which application threads were stopped: 0.0006370 seconds, Stopping threads took: 0.0000380 seconds
231.670: Application time: 0.0581230 seconds
231.670: [GC231.670: [ParNew: 15314K->246K(16640K), 0.0003820 secs] 50520K->35643K(55552K), 0.0004180 secs] [Times: user=0.00 sys=0.00, real=0.00 secs] 
231.670: Total time for which application threads were stopped: 0.0005160 seconds, Stopping threads took: 0.0000450 seconds
231.734: Application time: 0.0636550 seconds
231.734: [GC231.734: [ParNew: 15094K->389K(16640K), 0.0004130 secs] 50491K->35785K(55552K), 0.0004380 secs] [Times: user=0.00 sys=0.00, real=0.00 secs] 
231.734: Total time for which application threads were stopped: 0.0005560 seconds, Stopping threads took: 0.0000620 seconds
231.783: Application time: 0.0488770 seconds
231.783: [GC231.783: [ParNew: 15235K->405K(16640K), 0.0004010 secs] 50631K->35802K(55552K), 0.0004270 secs] [Times: user=0.00 sys=0.00, real=0.00 secs] 
231.784: Total time for which application threads were stopped: 0.0005530 seconds, Stopping threads took: 0.0000580 seconds
231.849: Application time: 0.0650090 seconds
231.849: [GC231.849: [ParNew: 15252K->405K(16640K), 0.0004360 secs] 50649K->35801K(55552K), 0.0004620 secs] [Times: user=0.00 sys=0.00, real=0.00 secs] 
231.849: Total time for which application threads were stopped: 0.0005950 seconds, Stopping threads took: 0.0000740 seconds
231.916: Application time: 0.0665150 seconds
231.916: [GC231.916: [ParNew: 15252K->417K(16640K), 0.0003810 secs] 50649K->35814K(55552K), 0.0004090 secs] [Times: user=0.00 sys=0.00, real=0.00 secs] 
231.916: Total time for which application threads were stopped: 0.0005210 seconds, Stopping threads took: 0.0000600 seconds
231.983: Application time: 0.0663580 seconds
231.983: [GC231.983: [ParNew: 15265K->416K(16640K), 0.0003810 secs] 50661K->35813K(55552K), 0.0004090 secs] [Times: user=0.01 sys=0.00, real=0.00 secs] 
231.983: Total time for which application threads were stopped: 0.0005310 seconds, Stopping threads took: 0.0000660 seconds
232.048: Application time: 0.0642660 seconds
232.048: [GC232.048: [ParNew: 15263K->435K(16640K), 0.0004400 secs] 50660K->35832K(55552K), 0.0004670 secs] [Times: user=0.01 sys=0.00, real=0.00 secs] 
232.048: Total time for which application threads were stopped: 0.0005850 seconds, Stopping threads took: 0.0000590 seconds
232.104: Application time: 0.0557670 seconds
232.104: [GC232.104: [ParNew: 15280K->646K(16640K), 0.0004520 secs] 50677K->36043K(55552K), 0.0004780 secs] [Times: user=0.00 sys=0.00, real=0.00 secs] 
232.104: Total time for which application threads were stopped: 0.0005850 seconds, Stopping threads took: 0.0000570 seconds
232.161: Application time: 0.0570090 seconds
232.162: [GC232.162: [ParNew: 15494K->636K(16640K), 0.0004070 secs] 50891K->36033K(55552K), 0.0004310 secs] [Times: user=0.00 sys=0.00, real=0.00 secs] 
232.162: Total time for which application threads were stopped: 0.0005560 seconds, Stopping threads took: 0.0000740 seconds
232.225: Application time: 0.0630740 seconds
232.225: [GC232.225: [ParNew: 15480K->699K(16640K), 0.0004190 secs] 50877K->36096K(55552K), 0.0004470 secs] [Times: user=0.01 sys=0.00, real=0.00 secs] 
232.226: Total time for which application threads were stopped: 0.0005660 seconds, Stopping threads took: 0.0000630 seconds
232.292: Application time: 0.0667390 seconds
232.293: [GC232.293: [ParNew: 15546K->733K(16640K), 0.0004880 secs] 50943K->36130K(55552K), 0.0005140 secs] [Times: user=0.00 sys=0.00, real=0.00 secs] 
232.293: Total time for which application threads were stopped: 0.0006520 seconds, Stopping threads took: 0.0000680 seconds
232.360: Application time: 0.0667500 seconds
232.360: [GC232.360: [ParNew: 15581K->714K(16640K), 0.0005100 secs] 50978K->36111K(55552K), 0.0005370 secs] [Times: user=0.00 sys=0.00, real=0.00 secs] 
232.361: Total time for which application threads were stopped: 0.0006720 seconds, Stopping threads took: 0.0000830 seconds
232.415: Application time: 0.0544220 seconds
232.415: [GC232.415: [ParNew: 15561K->778K(16640K), 0.0005470 secs] 50957K->36393K(55552K), 0.0005760 secs] [Times: user=0.01 sys=0.00, real=0.00 secs] 
232.416: Total time for which application threads were stopped: 0.0006860 seconds, Stopping threads took: 0.0000480 seconds
232.474: Application time: 0.0584890 seconds
232.474: [GC232.474: [ParNew: 15623K->764K(16640K), 0.0004840 secs] 51239K->36380K(55552K), 0.0005120 secs] [Times: user=0.00 sys=0.00, real=0.00 secs] 
232.475: Total time for which application threads were stopped: 0.0006530 seconds, Stopping threads took: 0.0000880 seconds
232.513: Application time: 0.0385060 seconds
232.513: [GC232.513: [ParNew: 15612K->1371K(16640K), 0.0006180 secs] 51228K->36986K(55552K), 0.0006450 secs] [Times: user=0.00 sys=0.00, real=0.00 secs] 
232.514: Total time for which application threads were stopped: 0.0007480 seconds, Stopping threads took: 0.0000440 seconds
232.542: Application time: 0.0281540 seconds
232.542: [GC232.542: [ParNew: 16219K->756K(16640K), 0.0006320 secs] 51834K->37052K(55552K), 0.0006600 secs] [Times: user=0.00 sys=0.00, real=0.00 secs] 
232.543: Total time for which application threads were stopped: 0.0007830 seconds, Stopping threads took: 0.0000640 seconds
232.589: Application time: 0.0462410 seconds
232.589: [GC232.589: [ParNew: 15601K->1188K(16640K), 0.0004940 secs] 51897K->37484K(55552K), 0.0005200 secs] [Times: user=0.00 sys=0.00, real=0.00 secs] 
232.590: Total time for which application threads were stopped: 0.0006470 seconds, Stopping threads took: 0.0000690 seconds
232.651: Application time: 0.0608180 seconds
232.651: [GC232.651: [ParNew: 16034K->909K(16640K), 0.0005590 secs] 52330K->37453K(55552K), 0.0005860 secs] [Times: user=0.00 sys=0.00, real=0.00 secs] 
232.651: Total time for which application threads were stopped: 0.0007060 seconds, Stopping threads took: 0.0000620 seconds
232.717: Application time: 0.0656340 seconds
232.717: [GC232.717: [ParNew: 15757K->902K(16640K), 0.0005780 secs] 52301K->37446K(55552K), 0.0006060 secs] [Times: user=0.00 sys=0.00, real=0.00 secs] 
232.718: Total time for which application threads were stopped: 0.0007150 seconds, Stopping threads took: 0.0000560 seconds
232.783: Application time: 0.0650530 seconds
232.783: [GC232.783: [ParNew: 15749K->942K(16640K), 0.0005340 secs] 52293K->37486K(55552K), 0.0005640 secs] [Times: user=0.00 sys=0.00, real=0.00 secs] 
232.783: Total time for which application threads were stopped: 0.0007020 seconds, Stopping threads took: 0.0000820 seconds
232.847: Application time: 0.0633030 seconds
232.847: [GC232.847: [ParNew: 15789K->1092K(16640K), 0.0005640 secs] 52333K->37636K(55552K), 0.0005930 secs] [Times: user=0.00 sys=0.00, real=0.01 secs] 
232.848: Total time for which application threads were stopped: 0.0007240 seconds, Stopping threads took: 0.0000630 seconds
232.913: Application time: 0.0655400 seconds
232.915: [GC232.915: [ParNew: 15939K->359K(16640K), 0.0005370 secs] 52483K->37691K(55552K), 0.0005640 secs] [Times: user=0.00 sys=0.00, real=0.00 secs] 
232.915: Total time for which application threads were stopped: 0.0022060 seconds, Stopping threads took: 0.0015900 seconds
232.976: Application time: 0.0611820 seconds
232.977: [GC232.977: [ParNew: 15205K->805K(16640K), 0.0004300 secs] 52538K->38138K(55552K), 0.0004580 secs] [Times: user=0.00 sys=0.00, real=0.00 secs] 
232.977: Total time for which application threads were stopped: 0.0005890 seconds, Stopping threads took: 0.0000730 seconds
233.043: Application time: 0.0664470 seconds
233.044: [GC233.044: [ParNew: 15649K->1043K(16640K), 0.0004750 secs] 52981K->38375K(55552K), 0.0005030 secs] [Times: user=0.01 sys=0.00, real=0.00 secs] 
233.044: Total time for which application threads were stopped: 0.0006200 seconds, Stopping threads took: 0.0000590 seconds
233.112: Application time: 0.0673990 seconds
233.112: [GC233.112: [ParNew: 15888K->886K(16640K), 0.0005080 secs] 53221K->38408K(55552K), 0.0005350 secs] [Times: user=0.00 sys=0.00, real=0.00 secs] 
233.112: Total time for which application threads were stopped: 0.0006300 seconds, Stopping threads took: 0.0000410 seconds
233.179: Application time: 0.0672950 seconds
233.180: [GC233.180: [ParNew: 15733K->890K(16640K), 0.0004780 secs] 53256K->38413K(55552K), 0.0005150 secs] [Times: user=0.00 sys=0.00, real=0.00 secs] 
233.180: Total time for which application threads were stopped: 0.0006320 seconds, Stopping threads took: 0.0000590 seconds
233.247: Application time: 0.0671570 seconds
233.247: [GC233.247: [ParNew: 15738K->873K(16640K), 0.0004410 secs] 53261K->38395K(55552K), 0.0004700 secs] [Times: user=0.00 sys=0.00, real=0.00 secs] 
233.248: Total time for which application threads were stopped: 0.0005800 seconds, Stopping threads took: 0.0000510 seconds
233.315: Application time: 0.0667800 seconds
233.315: [GC233.315: [ParNew: 15720K->879K(16640K), 0.0004310 secs] 53243K->38402K(55552K), 0.0004590 secs] [Times: user=0.00 sys=0.00, real=0.00 secs] 
233.315: Total time for which application threads were stopped: 0.0005720 seconds, Stopping threads took: 0.0000620 seconds
233.364: Application time: 0.0490550 seconds
233.364: [GC233.364: [ParNew: 15725K->447K(16640K), 0.0005350 secs] 53248K->38544K(55552K), 0.0005630 secs] [Times: user=0.00 sys=0.00, real=0.00 secs] 
233.365: Total time for which application threads were stopped: 0.0006820 seconds, Stopping threads took: 0.0000570 seconds
233.429: Application time: 0.0644970 seconds
233.430: [GC233.430: [ParNew: 15292K->15292K(16640K), 0.0000130 secs]233.430: [CMS233.430: [CMS-concurrent-abortable-preclean: 0.023/2.631 secs] [Times: user=20.77 sys=0.04, real=2.64 secs] 
 (concurrent mode failure): 38096K->3160K(38912K), 0.0080930 secs] 53389K->3160K(55552K), [CMS Perm : 5578K->5578K(21248K)], 0.0081530 secs] [Times: user=0.01 sys=0.00, real=0.00 secs] 
233.438: Total time for which application threads were stopped: 0.0082950 seconds, Stopping threads took: 0.0000720 seconds
233.495: Application time: 0.0572640 seconds
233.495: [GC233.495: [ParNew: 14847K->432K(16640K), 0.0003830 secs] 18007K->3592K(55552K), 0.0004110 secs] [Times: user=0.00 sys=0.00, real=0.00 secs] 
233.496: Total time for which application threads were stopped: 0.0005530 seconds, Stopping threads took: 0.0000840 seconds
233.551: Application time: 0.0559130 seconds
233.552: [GC233.552: [ParNew: 15279K->428K(16640K), 0.0003960 secs] 18439K->3588K(55552K), 0.0004250 secs] [Times: user=0.00 sys=0.00, real=0.00 secs] 
233.552: Total time for which application threads were stopped: 0.0005550 seconds, Stopping threads took: 0.0000720 seconds
233.617: Application time: 0.0650950 seconds
233.617: [GC233.617: [ParNew: 15273K->410K(16640K), 0.0004020 secs] 18433K->3570K(55552K), 0.0004270 secs] [Times: user=0.00 sys=0.00, real=0.00 secs] 
233.618: Total time for which application threads were stopped: 0.0005470 seconds, Stopping threads took: 0.0000690 seconds
233.684: Application time: 0.0666970 seconds
233.684: [GC233.684: [ParNew: 15257K->419K(16640K), 0.0003630 secs] 18417K->3579K(55552K), 0.0003890 secs] [Times: user=0.00 sys=0.00, real=0.00 secs] 
233.685: Total time for which application threads were stopped: 0.0005020 seconds, Stopping threads took: 0.0000550 seconds
233.751: Application time: 0.0661660 seconds
233.751: [GC233.751: [ParNew: 15266K->421K(16640K), 0.0003630 secs] 18426K->3581K(55552K), 0.0003920 secs] [Times: user=0.00 sys=0.00, real=0.00 secs] 
233.752: Total time for which application threads were stopped: 0.0005210 seconds, Stopping threads took: 0.0000710 seconds
233.816: Application time: 0.0640560 seconds
233.816: [GC233.816: [ParNew: 15266K->445K(16640K), 0.0004640 secs] 18426K->3605K(55552K), 0.0004940 secs] [Times: user=0.00 sys=0.00, real=0.00 secs] 
233.816: Total time for which application threads were stopped: 0.0006320 seconds, Stopping threads took: 0.0000860 seconds
233.869: Application time: 0.0530480 seconds
233.869: [GC233.869: [ParNew: 15290K->649K(16640K), 0.0003960 secs] 18450K->3809K(55552K), 0.0004240 secs] [Times: user=0.00 sys=0.00, real=0.00 secs] 
233.870: Total time for which application threads were stopped: 0.0005430 seconds, Stopping threads took: 0.0000550 seconds
233.927: Application time: 0.0574880 seconds
233.927: [GC233.927: [ParNew: 15495K->671K(16640K), 0.0016460 secs] 18655K->3831K(55552K), 0.0016790 secs] [Times: user=0.01 sys=0.00, real=0.00 secs] 
233.929: Total time for which application threads were stopped: 0.0017720 seconds, Stopping threads took: 0.0000370 seconds
233.994: Application time: 0.0650160 seconds
233.994: [GC233.994: [ParNew: 15516K->665K(16640K), 0.0004640 secs] 18676K->3825K(55552K), 0.0004920 secs] [Times: user=0.00 sys=0.00, real=0.00 secs] 
233.995: Total time for which application threads were stopped: 0.0006280 seconds, Stopping threads took: 0.0000780 seconds
234.061: Application time: 0.0666170 seconds
234.061: [GC234.061: [ParNew: 15513K->715K(16640K), 0.0004050 secs] 18673K->3875K(55552K), 0.0004330 secs] [Times: user=0.00 sys=0.00, real=0.00 secs] 
234.062: Total time for which application threads were stopped: 0.0005550 seconds, Stopping threads took: 0.0000710 seconds
234.128: Application time: 0.0665560 seconds
234.129: [GC234.129: [ParNew: 15562K->744K(16640K), 0.0004610 secs] 18722K->3904K(55552K), 0.0004890 secs] [Times: user=0.00 sys=0.00, real=0.00 secs] 
234.129: Total time for which application threads were stopped: 0.0006020 seconds, Stopping threads took: 0.0000560 seconds
234.182: Application time: 0.0525990 seconds
234.182: [GC234.182: [ParNew: 15588K->738K(16640K), 0.0006140 secs] 18749K->4125K(55552K), 0.0006410 secs] [Times: user=0.00 sys=0.00, real=0.00 secs] 
234.182: Total time for which application threads were stopped: 0.0007600 seconds, Stopping threads took: 0.0000620 seconds
234.237: Application time: 0.0548470 seconds
234.237: [GC234.237: [ParNew: 15586K->928K(16640K), 0.0004430 secs] 18973K->4315K(55552K), 0.0004700 secs] [Times: user=0.01 sys=0.00, real=0.00 secs] 
234.238: Total time for which application threads were stopped: 0.0005740 seconds, Stopping threads took: 0.0000450 seconds
234.272: Application time: 0.0345390 seconds
234.273: [GC234.273: [ParNew: 15775K->1123K(16640K), 0.0006410 secs] 19162K->4737K(55552K), 0.0006680 secs] [Times: user=0.01 sys=0.00, real=0.00 secs] 
234.273: Total time for which application threads were stopped: 0.0007990 seconds, Stopping threads took: 0.0000730 seconds
234.304: Application time: 0.0309830 seconds
234.304: [GC234.304: [ParNew: 15967K->1212K(16640K), 0.0005960 secs] 19581K->5074K(55552K), 0.0006230 secs] [Times: user=0.01 sys=0.00, real=0.00 secs] 
234.305: Total time for which application threads were stopped: 0.0007270 seconds, Stopping threads took: 0.0000460 seconds
234.354: Application time: 0.0488040 seconds
234.354: [GC234.354: [ParNew: 16056K->798K(16640K), 0.0005460 secs] 19918K->5156K(55552K), 0.0005720 secs] [Times: user=0.00 sys=0.00, real=0.00 secs] 
234.354: Total time for which application threads were stopped: 0.0006940 seconds, Stopping threads took: 0.0000650 seconds
234.416: Application time: 0.0617310 seconds
234.416: [GC234.416: [ParNew: 15642K->813K(16640K), 0.0004270 secs] 20000K->5170K(55552K), 0.0004530 secs] [Times: user=0.00 sys=0.00, real=0.00 secs] 
234.417: Total time for which application threads were stopped: 0.0005630 seconds, Stopping threads took: 0.0000500 seconds
234.482: Application time: 0.0651140 seconds
234.482: [GC234.482: [ParNew: 15660K->877K(16640K), 0.0004660 secs] 20017K->5234K(55552K), 0.0004930 secs] [Times: user=0.00 sys=0.00, real=0.00 secs] 
234.482: Total time for which application threads were stopped: 0.0006090 seconds, Stopping threads took: 0.0000600 seconds
234.547: Application time: 0.0647820 seconds
234.547: [GC234.547: [ParNew: 15724K->864K(16640K), 0.0004320 secs] 20081K->5222K(55552K), 0.0004580 secs] [Times: user=0.00 sys=0.00, real=0.00 secs] 
234.548: Total time for which application threads were stopped: 0.0005660 seconds, Stopping threads took: 0.0000530 seconds
234.611: Application time: 0.0633450 seconds
234.611: [GC234.611: [ParNew: 15709K->1059K(16640K), 0.0004800 secs] 20066K->5416K(55552K), 0.0005070 secs] [Times: user=0.00 sys=0.00, real=0.00 secs] 
234.612: Total time for which application threads were stopped: 0.0006160 seconds, Stopping threads took: 0.0000560 seconds
234.675: Application time: 0.0631570 seconds
234.675: [GC234.675: [ParNew: 15872K->986K(16640K), 0.0004370 secs] 20229K->5344K(55552K), 0.0004800 secs] [Times: user=0.00 sys=0.00, real=0.00 secs] 
234.676: Total time for which application threads were stopped: 0.0006040 seconds, Stopping threads took: 0.0000690 seconds
234.736: Application time: 0.0608520 seconds
234.736: [GC234.736: [ParNew: 15832K->1061K(16640K), 0.0004760 secs] 20189K->5418K(55552K), 0.0005020 secs] [Times: user=0.00 sys=0.00, real=0.00 secs] 
234.737: Total time for which application threads were stopped: 0.0006330 seconds, Stopping threads took: 0.0000730 seconds
234.803: Application time: 0.0664940 seconds
234.804: [GC234.804: [ParNew: 15908K->929K(16640K), 0.0004590 secs] 20265K->5477K(55552K), 0.0004860 secs] [Times: user=0.00 sys=0.00, real=0.00 secs] 
234.804: Total time for which application threads were stopped: 0.0005960 seconds, Stopping threads took: 0.0000510 seconds
234.871: Application time: 0.0668140 seconds
234.871: [GC234.871: [ParNew: 15777K->811K(16640K), 0.0004290 secs] 20324K->5358K(55552K), 0.0004560 secs] [Times: user=0.01 sys=0.00, real=0.00 secs] 
234.871: Total time for which application threads were stopped: 0.0005710 seconds, Stopping threads took: 0.0000640 seconds
234.938: Application time: 0.0668100 seconds
234.938: [GC234.938: [ParNew: 15658K->858K(16640K), 0.0004470 secs] 20206K->5406K(55552K), 0.0004740 secs] [Times: user=0.00 sys=0.00, real=0.00 secs] 
234.939: Total time for which application threads were stopped: 0.0005790 seconds, Stopping threads took: 0.0000410 seconds
235.005: Application time: 0.0666090 seconds
235.006: [GC235.006: [ParNew: 15706K->855K(16640K), 0.0004930 secs] 20253K->5403K(55552K), 0.0005210 secs] [Times: user=0.01 sys=0.00, real=0.00 secs] 
235.006: Total time for which application threads were stopped: 0.0006420 seconds, Stopping threads took: 0.0000620 seconds
235.065: Application time: 0.0592670 seconds
235.066: [GC235.066: [ParNew: 15700K->844K(16640K), 0.0005400 secs] 20247K->5582K(55552K), 0.0005670 secs] [Times: user=0.00 sys=0.00, real=0.00 secs] 
235.066: Total time for which application threads were stopped: 0.0006960 seconds, Stopping threads took: 0.0000760 seconds
235.120: Application time: 0.0540930 seconds
235.120: [GC235.120: [ParNew: 15689K->308K(16640K), 0.0004640 secs] 20427K->5616K(55552K), 0.0004900 secs] [Times: user=0.00 sys=0.00, real=0.00 secs] 
235.121: Total time for which application threads were stopped: 0.0005860 seconds, Stopping threads took: 0.0000440 seconds
235.186: Application time: 0.0652890 seconds
235.186: [GC235.186: [ParNew: 15155K->233K(16640K), 0.0003160 secs] 20463K->5540K(55552K), 0.0003430 secs] [Times: user=0.00 sys=0.00, real=0.00 secs] 
235.187: Total time for which application threads were stopped: 0.0004680 seconds, Stopping threads took: 0.0000680 seconds
235.238: Application time: 0.0513470 seconds
235.238: [GC235.238: [ParNew: 15079K->385K(16640K), 0.0003720 secs] 20387K->5693K(55552K), 0.0003970 secs] [Times: user=0.00 sys=0.00, real=0.00 secs] 
235.238: Total time for which application threads were stopped: 0.0005150 seconds, Stopping threads took: 0.0000600 seconds
235.300: Application time: 0.0614280 seconds
235.300: [GC235.300: [ParNew: 15229K->392K(16640K), 0.0004060 secs] 20537K->5700K(55552K), 0.0004320 secs] [Times: user=0.00 sys=0.00, real=0.00 secs] 
235.300: Total time for which application threads were stopped: 0.0005440 seconds, Stopping threads took: 0.0000530 seconds
235.366: Application time: 0.0654440 seconds
235.366: [GC235.366: [ParNew: 15237K->406K(16640K), 0.0003700 secs] 20544K->5714K(55552K), 0.0003950 secs] [Times: user=0.01 sys=0.00, real=0.00 secs] 
235.366: Total time for which application threads were stopped: 0.0005070 seconds, Stopping threads took: 0.0000610 seconds
235.432: Application time: 0.0661420 seconds
235.433: [GC235.433: [ParNew: 15254K->408K(16640K), 0.0004130 secs] 20561K->5715K(55552K), 0.0004390 secs] [Times: user=0.01 sys=0.00, real=0.00 secs] 
235.433: Total time for which application threads were stopped: 0.0005450 seconds, Stopping threads took: 0.0000490 seconds
235.498: Application time: 0.0648820 seconds
235.498: [GC235.498: [ParNew: 15255K->420K(16640K), 0.0004730 secs] 20563K->5727K(55552K), 0.0005080 secs] [Times: user=0.00 sys=0.00, real=0.00 secs] 
235.499: Total time for which application threads were stopped: 0.0006360 seconds, Stopping threads took: 0.0000600 seconds
235.565: Application time: 0.0662690 seconds
235.565: [GC235.565: [ParNew: 15267K->461K(16640K), 0.0004000 secs] 20575K->5768K(55552K), 0.0004260 secs] [Times: user=0.00 sys=0.00, real=0.00 secs] 
235.565: Total time for which application threads were stopped: 0.0005370 seconds, Stopping threads took: 0.0000590 seconds
235.613: Application time: 0.0476540 seconds
235.613: [GC235.613: [ParNew: 15307K->656K(16640K), 0.0004050 secs] 20615K->5964K(55552K), 0.0004340 secs] [Times: user=0.00 sys=0.00, real=0.00 secs] 
235.614: Total time for which application threads were stopped: 0.0005380 seconds, Stopping threads took: 0.0000510 seconds
235.677: Application time: 0.0629700 seconds
235.677: [GC235.677: [ParNew: 15502K->654K(16640K), 0.0004170 secs] 20810K->5962K(55552K), 0.0004450 secs] [Times: user=0.00 sys=0.00, real=0.00 secs] 
235.677: Total time for which application threads were stopped: 0.0005570 seconds, Stopping threads took: 0.0000550 seconds
235.742: Application time: 0.0654230 seconds
235.743: [GC235.743: [ParNew: 15499K->697K(16640K), 0.0004560 secs] 20807K->6005K(55552K), 0.0004820 secs] [Times: user=0.00 sys=0.00, real=0.00 secs] 
235.743: Total time for which application threads were stopped: 0.0005960 seconds, Stopping threads took: 0.0000570 seconds
235.810: Application time: 0.0668950 seconds
235.810: [GC235.810: [ParNew: 15542K->744K(16640K), 0.0005070 secs] 20850K->6052K(55552K), 0.0005320 secs] [Times: user=0.00 sys=0.00, real=0.00 secs] 
235.811: Total time for which application threads were stopped: 0.0006680 seconds, Stopping threads took: 0.0000840 seconds
235.877: Application time: 0.0665120 seconds
235.877: [GC235.877: [ParNew: 15592K->547K(16640K), 0.0004720 secs] 20899K->6073K(55552K), 0.0005000 secs] [Times: user=0.00 sys=0.00, real=0.00 secs] 
235.878: Total time for which application threads were stopped: 0.0006070 seconds, Stopping threads took: 0.0000510 seconds
235.926: Application time: 0.0486850 seconds
235.927: [GC235.927: [ParNew: 15392K->701K(16640K), 0.0004170 secs] 20918K->6227K(55552K), 0.0004420 secs] [Times: user=0.00 sys=0.00, real=0.00 secs] 
235.927: Total time for which application threads were stopped: 0.0005580 seconds, Stopping threads took: 0.0000550 seconds
235.981: Application time: 0.0538350 seconds
235.981: [GC235.981: [ParNew: 15546K->1099K(16640K), 0.0004870 secs] 21073K->6625K(55552K), 0.0005140 secs] [Times: user=0.00 sys=0.00, real=0.00 secs] 
235.981: Total time for which application threads were stopped: 0.0006250 seconds, Stopping threads took: 0.0000530 seconds
236.013: Application time: 0.0312730 seconds
236.013: [GC236.013: [ParNew: 15945K->1189K(16640K), 0.0005490 secs] 21471K->6934K(55552K), 0.0005760 secs] [Times: user=0.00 sys=0.00, real=0.00 secs] 
236.013: Total time for which application threads were stopped: 0.0006930 seconds, Stopping threads took: 0.0000540 seconds
236.047: Application time: 0.0335950 seconds
236.047: [GC236.047: [ParNew: 16034K->1388K(16640K), 0.0005850 secs] 21779K->7191K(55552K), 0.0006120 secs] [Times: user=0.00 sys=0.00, real=0.00 secs] 
236.048: Total time for which application threads were stopped: 0.0007400 seconds, Stopping threads took: 0.0000710 seconds
236.102: Application time: 0.0541430 seconds
236.102: [GC236.102: [ParNew: 16233K->1020K(16640K), 0.0006730 secs] 22035K->7231K(55552K), 0.0007010 secs] [Times: user=0.00 sys=0.00, real=0.00 secs] 
236.103: Total time for which application threads were stopped: 0.0008310 seconds, Stopping threads took: 0.0000710 seconds
236.166: Application time: 0.0628530 seconds
236.166: [GC236.166: [ParNew: 15865K->937K(16640K), 0.0005240 secs] 22076K->7148K(55552K), 0.0005510 secs] [Times: user=0.01 sys=0.00, real=0.00 secs] 
236.166: Total time for which application threads were stopped: 0.0006730 seconds, Stopping threads took: 0.0000600 seconds
236.231: Application time: 0.0649520 seconds
236.231: [GC236.231: [ParNew: 15785K->970K(16640K), 0.0005200 secs] 21996K->7181K(55552K), 0.0005450 secs] [Times: user=0.01 sys=0.00, real=0.00 secs] 
236.232: Total time for which application threads were stopped: 0.0006650 seconds, Stopping threads took: 0.0000650 seconds
236.297: Application time: 0.0650100 seconds
236.297: [GC236.297: [ParNew: 15818K->989K(16640K), 0.0004650 secs] 22029K->7200K(55552K), 0.0004910 secs] [Times: user=0.00 sys=0.00, real=0.00 secs] 
236.298: Total time for which application threads were stopped: 0.0005940 seconds, Stopping threads took: 0.0000460 seconds
236.361: Application time: 0.0636920 seconds
236.361: [GC236.361: [ParNew: 15833K->1225K(16640K), 0.0004680 secs] 22044K->7436K(55552K), 0.0004960 secs] [Times: user=0.00 sys=0.00, real=0.00 secs] 
236.362: Total time for which application threads were stopped: 0.0005980 seconds, Stopping threads took: 0.0000530 seconds
236.424: Application time: 0.0621470 seconds
236.424: [GC236.424: [ParNew: 16069K->1139K(16640K), 0.0005020 secs] 22280K->7436K(55552K), 0.0005290 secs] [Times: user=0.00 sys=0.00, real=0.00 secs] 
236.425: Total time for which application threads were stopped: 0.0006600 seconds, Stopping threads took: 0.0000780 seconds
236.488: Application time: 0.0628830 seconds
236.488: [GC236.488: [ParNew: 15983K->1149K(16640K), 0.0004630 secs] 22280K->7447K(55552K), 0.0004910 secs] [Times: user=0.00 sys=0.00, real=0.00 secs] 
236.488: Total time for which application threads were stopped: 0.0006290 seconds, Stopping threads took: 0.0000800 seconds
236.555: Application time: 0.0673080 seconds
236.556: [GC236.556: [ParNew: 15996K->894K(16640K), 0.0004530 secs] 22294K->7382K(55552K), 0.0004790 secs] [Times: user=0.00 sys=0.00, real=0.00 secs] 
236.556: Total time for which application threads were stopped: 0.0006010 seconds, Stopping threads took: 0.0000550 seconds
236.623: Application time: 0.0668690 seconds
236.623: [GC236.623: [ParNew: 15742K->899K(16640K), 0.0004130 secs] 22230K->7387K(55552K), 0.0004400 secs] [Times: user=0.00 sys=0.00, real=0.00 secs] 
236.624: Total time for which application threads were stopped: 0.0005750 seconds, Stopping threads took: 0.0000770 seconds
236.690: Application time: 0.0668870 seconds
236.690: [GC236.691: [ParNew: 15746K->861K(16640K), 0.0004790 secs] 22234K->7349K(55552K), 0.0005050 secs] [Times: user=0.00 sys=0.00, real=0.00 secs] 
236.691: Total time for which application threads were stopped: 0.0006170 seconds, Stopping threads took: 0.0000550 seconds
236.758: Application time: 0.0668780 seconds
236.758: [GC236.758: [ParNew: 15708K->901K(16640K), 0.0004290 secs] 22196K->7389K(55552K), 0.0004620 secs] [Times: user=0.00 sys=0.00, real=0.00 secs] 
236.758: Total time for which application threads were stopped: 0.0005530 seconds, Stopping threads took: 0.0000330 seconds
236.818: Application time: 0.0600210 seconds
236.819: [GC236.819: [ParNew: 15748K->685K(16640K), 0.0005200 secs] 22236K->7553K(55552K), 0.0005460 secs] [Times: user=0.01 sys=0.00, real=0.01 secs] 
236.819: Total time for which application threads were stopped: 0.0006560 seconds, Stopping threads took: 0.0000560 seconds
236.872: Application time: 0.0529290 seconds
236.872: [GC236.872: [ParNew: 15532K->240K(16640K), 0.0003920 secs] 22400K->7488K(55552K), 0.0004190 secs] [Times: user=0.00 sys=0.00, real=0.00 secs] 
236.873: Total time for which application threads were stopped: 0.0005310 seconds, Stopping threads took: 0.0000590 seconds
236.938: Application time: 0.0650850 seconds
236.938: [GC236.938: [ParNew: 15087K->219K(16640K), 0.0003580 secs] 22335K->7467K(55552K), 0.0003840 secs] [Times: user=0.00 sys=0.00, real=0.00 secs] 
236.938: Total time for which application threads were stopped: 0.0005080 seconds, Stopping threads took: 0.0000680 seconds
236.985: Application time: 0.0469970 seconds
236.985: [GC236.985: [ParNew: 15066K->398K(16640K), 0.0004260 secs] 22314K->7646K(55552K), 0.0004590 secs] [Times: user=0.01 sys=0.00, real=0.00 secs] 
236.986: Total time for which application threads were stopped: 0.0005770 seconds, Stopping threads took: 0.0000630 seconds
237.051: Application time: 0.0649740 seconds
237.051: [GC237.051: [ParNew: 15243K->400K(16640K), 0.0004060 secs] 22491K->7648K(55552K), 0.0004330 secs] [Times: user=0.01 sys=0.00, real=0.00 secs] 
237.051: Total time for which application threads were stopped: 0.0005490 seconds, Stopping threads took: 0.0000580 seconds
237.118: Application time: 0.0663880 seconds
237.118: [GC237.118: [ParNew: 15247K->416K(16640K), 0.0003750 secs] 22495K->7664K(55552K), 0.0004030 secs] [Times: user=0.01 sys=0.00, real=0.00 secs] 
237.118: Total time for which application threads were stopped: 0.0005350 seconds, Stopping threads took: 0.0000700 seconds
237.185: Application time: 0.0667590 seconds
237.185: [GC237.185: [ParNew: 15261K->426K(16640K), 0.0003400 secs] 22509K->7674K(55552K), 0.0003660 secs] [Times: user=0.00 sys=0.00, real=0.00 secs] 
237.185: Total time for which application threads were stopped: 0.0004810 seconds, Stopping threads took: 0.0000590 seconds
237.249: Application time: 0.0639310 seconds
237.249: [GC237.250: [ParNew: 15273K->453K(16640K), 0.0003460 secs] 22521K->7701K(55552K), 0.0003690 secs] [Times: user=0.00 sys=0.00, real=0.00 secs] 
237.250: Total time for which application threads were stopped: 0.0004840 seconds, Stopping threads took: 0.0000580 seconds
237.312: Application time: 0.0616900 seconds
237.312: [GC237.312: [ParNew: 15298K->628K(16640K), 0.0004810 secs] 22546K->7876K(55552K), 0.0005070 secs] [Times: user=0.00 sys=0.00, real=0.00 secs] 
237.312: Total time for which application threads were stopped: 0.0006220 seconds, Stopping threads took: 0.0000630 seconds
237.362: Application time: 0.0502160 seconds
237.363: [GC237.363: [ParNew: 15390K->537K(16640K), 0.0003780 secs] 22639K->7785K(55552K), 0.0004040 secs] [Times: user=0.00 sys=0.00, real=0.00 secs] 
237.363: Total time for which application threads were stopped: 0.0005080 seconds, Stopping threads took: 0.0000520 seconds
237.426: Application time: 0.0632430 seconds
237.426: [GC237.426: [ParNew: 15383K->693K(16640K), 0.0004240 secs] 22631K->7942K(55552K), 0.0004520 secs] [Times: user=0.01 sys=0.00, real=0.00 secs] 
237.427: Total time for which application threads were stopped: 0.0005570 seconds, Stopping threads took: 0.0000500 seconds
237.494: Application time: 0.0668570 seconds
237.494: [GC237.494: [ParNew: 15541K->717K(16640K), 0.0004810 secs] 22789K->7965K(55552K), 0.0005080 secs] [Times: user=0.00 sys=0.00, real=0.00 secs] 
237.494: Total time for which application threads were stopped: 0.0006230 seconds, Stopping threads took: 0.0000590 seconds
237.561: Application time: 0.0667240 seconds
237.561: [GC237.561: [ParNew: 15564K->713K(16640K), 0.0004710 secs] 22813K->7961K(55552K), 0.0004990 secs] [Times: user=0.00 sys=0.00, real=0.00 secs] 
237.562: Total time for which application threads were stopped: 0.0006080 seconds, Stopping threads took: 0.0000570 seconds
237.624: Application time: 0.0622400 seconds
237.624: [GC237.624: [ParNew: 15559K->716K(16640K), 0.0005200 secs] 22808K->8183K(55552K), 0.0005480 secs] [Times: user=0.00 sys=0.00, real=0.00 secs] 
237.624: Total time for which application threads were stopped: 0.0006650 seconds, Stopping threads took: 0.0000570 seconds
237.676: Application time: 0.0518310 seconds
237.676: [GC237.676: [ParNew: 15560K->754K(16640K), 0.0004510 secs] 23027K->8221K(55552K), 0.0004790 secs] [Times: user=0.00 sys=0.00, real=0.00 secs] 
237.677: Total time for which application threads were stopped: 0.0005980 seconds, Stopping threads took: 0.0000640 seconds
237.729: Application time: 0.0518510 seconds
237.729: [GC237.729: [ParNew: 15602K->1164K(16640K), 0.0004760 secs] 23068K->8630K(55552K), 0.0005010 secs] [Times: user=0.00 sys=0.00, real=0.00 secs] 
237.729: Total time for which application threads were stopped: 0.0006070 seconds, Stopping threads took: 0.0000510 seconds
237.758: Application time: 0.0289830 seconds
237.758: [GC237.758: [ParNew: 16009K->1393K(16640K), 0.0006220 secs] 23476K->9107K(55552K), 0.0006620 secs] [Times: user=0.00 sys=0.00, real=0.01 secs] 
237.759: Total time for which application threads were stopped: 0.0007930 seconds, Stopping threads took: 0.0000720 seconds
237.794: Application time: 0.0345950 seconds
237.794: [GC237.794: [ParNew: 16238K->1006K(16640K), 0.0005780 secs] 23952K->9158K(55552K), 0.0006070 secs] [Times: user=0.01 sys=0.00, real=0.00 secs] 
237.794: Total time for which application threads were stopped: 0.0007460 seconds, Stopping threads took: 0.0000790 seconds
237.853: Application time: 0.0584990 seconds
237.853: [GC237.853: [ParNew: 15850K->987K(16640K), 0.0004490 secs] 24003K->9139K(55552K), 0.0004760 secs] [Times: user=0.01 sys=0.00, real=0.00 secs] 
237.854: Total time for which application threads were stopped: 0.0005960 seconds, Stopping threads took: 0.0000610 seconds
237.918: Application time: 0.0645840 seconds
237.918: [GC237.918: [ParNew: 15833K->963K(16640K), 0.0005340 secs] 23986K->9115K(55552K), 0.0005610 secs] [Times: user=0.00 sys=0.00, real=0.00 secs] 
237.919: Total time for which application threads were stopped: 0.0007030 seconds, Stopping threads took: 0.0000880 seconds
237.984: Application time: 0.0654880 seconds
237.986: [GC237.986: [ParNew: 15808K->1016K(16640K), 0.0004880 secs] 23961K->9169K(55552K), 0.0005140 secs] [Times: user=0.00 sys=0.00, real=0.00 secs] 
237.986: Total time for which application threads were stopped: 0.0020850 seconds, Stopping threads took: 0.0015140 seconds
238.051: Application time: 0.0647470 seconds
238.051: [GC238.051: [ParNew: 15863K->1193K(16640K), 0.0005080 secs] 24016K->9346K(55552K), 0.0005340 secs] [Times: user=0.01 sys=0.00, real=0.00 secs] 
238.052: Total time for which application threads were stopped: 0.0006410 seconds, Stopping threads took: 0.0000510 seconds
238.117: Application time: 0.0651320 seconds
238.117: [GC238.117: [ParNew: 16041K->590K(16640K), 0.0005220 secs] 24193K->9399K(55552K), 0.0005500 secs] [Times: user=0.00 sys=0.00, real=0.00 secs] 
238.118: Total time for which application threads were stopped: 0.0006540 seconds, Stopping threads took: 0.0000520 seconds
238.177: Application time: 0.0597210 seconds
238.177: [GC238.177: [ParNew: 15438K->980K(16640K), 0.0005110 secs] 24247K->9788K(55552K), 0.0005380 secs] [Times: user=0.00 sys=0.00, real=0.00 secs] 
238.178: Total time for which application threads were stopped: 0.0006570 seconds, Stopping threads took: 0.0000580 seconds
238.244: Application time: 0.0658590 seconds
238.244: [GC238.244: [ParNew: 15827K->893K(16640K), 0.0004990 secs] 24636K->9892K(55552K), 0.0005260 secs] [Times: user=0.00 sys=0.00, real=0.00 secs] 
238.245: Total time for which application threads were stopped: 0.0006540 seconds, Stopping threads took: 0.0000700 seconds
238.311: Application time: 0.0669490 seconds
238.312: [GC238.312: [ParNew: 15741K->862K(16640K), 0.0004570 secs] 24739K->9860K(55552K), 0.0004820 secs] [Times: user=0.00 sys=0.00, real=0.00 secs] 
238.312: Total time for which application threads were stopped: 0.0005800 seconds, Stopping threads took: 0.0000490 seconds
238.379: Application time: 0.0667690 seconds
238.379: [GC238.379: [ParNew: 15709K->892K(16640K), 0.0004330 secs] 24708K->9891K(55552K), 0.0004600 secs] [Times: user=0.00 sys=0.00, real=0.01 secs] 
238.379: Total time for which application threads were stopped: 0.0005720 seconds, Stopping threads took: 0.0000570 seconds
238.446: Application time: 0.0668710 seconds
238.446: [GC238.446: [ParNew: 15740K->866K(16640K), 0.0003990 secs] 24738K->9865K(55552K), 0.0004280 secs] [Times: user=0.00 sys=0.00, real=0.00 secs] 
238.447: Total time for which application threads were stopped: 0.0005470 seconds, Stopping threads took: 0.0000640 seconds
238.514: Application time: 0.0673330 seconds
238.514: [GC238.514: [ParNew: 15714K->879K(16640K), 0.0004110 secs] 24712K->9878K(55552K), 0.0004330 secs] [Times: user=0.00 sys=0.00, real=0.00 secs] 
238.515: Total time for which application threads were stopped: 0.0005300 seconds, Stopping threads took: 0.0000490 seconds
238.571: Application time: 0.0563110 seconds
238.571: [GC238.571: [ParNew: 15727K->512K(16640K), 0.0004940 secs] 24726K->10081K(55552K), 0.0005300 secs] [Times: user=0.00 sys=0.00, real=0.00 secs] 
238.572: Total time for which application threads were stopped: 0.0006270 seconds, Stopping threads took: 0.0000460 seconds
238.629: Application time: 0.0570280 seconds
238.629: [GC238.629: [ParNew: 15358K->233K(16640K), 0.0003770 secs] 24926K->9992K(55552K), 0.0004040 secs] [Times: user=0.00 sys=0.00, real=0.00 secs] 
238.629: Total time for which application threads were stopped: 0.0005240 seconds, Stopping threads took: 0.0000670 seconds
238.686: Application time: 0.0565470 seconds
238.686: [GC238.686: [ParNew: 15078K->396K(16640K), 0.0003730 secs] 24837K->10155K(55552K), 0.0004000 secs] [Times: user=0.00 sys=0.00, real=0.00 secs] 
238.686: Total time for which application threads were stopped: 0.0005440 seconds, Stopping threads took: 0.0000770 seconds
238.742: Application time: 0.0557500 seconds
238.742: [GC238.742: [ParNew: 15242K->410K(16640K), 0.0003800 secs] 25000K->10168K(55552K), 0.0004060 secs] [Times: user=0.00 sys=0.00, real=0.00 secs] 
238.743: Total time for which application threads were stopped: 0.0005130 seconds, Stopping threads took: 0.0000530 seconds
238.808: Application time: 0.0655470 seconds
238.811: [GC238.811: [ParNew: 15254K->427K(16640K), 0.0003510 secs] 25012K->10186K(55552K), 0.0003790 secs] [Times: user=0.00 sys=0.00, real=0.00 secs] 
238.812: Total time for which application threads were stopped: 0.0034230 seconds, Stopping threads took: 0.0029870 seconds
238.878: Application time: 0.0664490 seconds
238.878: [GC238.878: [ParNew: 15275K->429K(16640K), 0.0003540 secs] 25033K->10188K(55552K), 0.0003820 secs] [Times: user=0.00 sys=0.00, real=0.00 secs] 
238.878: Total time for which application threads were stopped: 0.0004920 seconds, Stopping threads took: 0.0000570 seconds
238.944: Application time: 0.0659370 seconds
238.945: [GC238.945: [ParNew: 15276K->407K(16640K), 0.0003620 secs] 25035K->10165K(55552K), 0.0003870 secs] [Times: user=0.00 sys=0.00, real=0.00 secs] 
238.945: Total time for which application threads were stopped: 0.0005110 seconds, Stopping threads took: 0.0000680 seconds
239.009: Application time: 0.0637500 seconds
239.009: [GC239.009: [ParNew: 15254K->455K(16640K), 0.0004010 secs] 25012K->10214K(55552K), 0.0004290 secs] [Times: user=0.00 sys=0.00, real=0.00 secs] 
239.009: Total time for which application threads were stopped: 0.0005430 seconds, Stopping threads took: 0.0000560 seconds
239.066: Application time: 0.0566810 seconds
239.066: [GC239.066: [ParNew: 15301K->624K(16640K), 0.0004350 secs] 25060K->10383K(55552K), 0.0004620 secs] [Times: user=0.00 sys=0.00, real=0.00 secs] 
239.066: Total time for which application threads were stopped: 0.0005690 seconds, Stopping threads took: 0.0000560 seconds
239.120: Application time: 0.0537160 seconds
239.120: [GC239.120: [ParNew: 15469K->679K(16640K), 0.0004910 secs] 25227K->10438K(55552K), 0.0005180 secs] [Times: user=0.00 sys=0.00, real=0.00 secs] 
239.121: Total time for which application threads were stopped: 0.0006230 seconds, Stopping threads took: 0.0000540 seconds
239.186: Application time: 0.0651020 seconds
239.186: [GC239.186: [ParNew: 15527K->713K(16640K), 0.0005010 secs] 25286K->10471K(55552K), 0.0005290 secs] [Times: user=0.00 sys=0.00, real=0.00 secs] 
239.187: Total time for which application threads were stopped: 0.0006620 seconds, Stopping threads took: 0.0000770 seconds
239.254: Application time: 0.0675790 seconds
239.254: [GC239.254: [ParNew: 15558K->724K(16640K), 0.0004750 secs] 25317K->10483K(55552K), 0.0005000 secs] [Times: user=0.01 sys=0.00, real=0.00 secs] 
239.255: Total time for which application threads were stopped: 0.0006260 seconds, Stopping threads took: 0.0000580 seconds
239.321: Application time: 0.0665210 seconds
239.321: [GC239.321: [ParNew: 15572K->725K(16640K), 0.0004120 secs] 25330K->10483K(55552K), 0.0004380 secs] [Times: user=0.00 sys=0.00, real=0.00 secs] 
239.322: Total time for which application threads were stopped: 0.0005510 seconds, Stopping threads took: 0.0000540 seconds
239.376: Application time: 0.0539080 seconds
239.376: [GC239.376: [ParNew: 15571K->771K(16640K), 0.0005230 secs] 25330K->10748K(55552K), 0.0005510 secs] [Times: user=0.01 sys=0.00, real=0.00 secs] 
239.376: Total time for which application threads were stopped: 0.0006810 seconds, Stopping threads took: 0.0000760 seconds
239.434: Application time: 0.0580310 seconds
239.435: [GC239.435: [ParNew: 15616K->785K(16640K), 0.0004520 secs] 25594K->10762K(55552K), 0.0004800 secs] [Times: user=0.00 sys=0.00, real=0.00 secs] 
239.435: Total time for which application threads were stopped: 0.0006150 seconds, Stopping threads took: 0.0000800 seconds
239.478: Application time: 0.0434030 seconds
239.479: [GC239.479: [ParNew: 15629K->1344K(16640K), 0.0005900 secs] 25606K->11540K(55552K), 0.0006170 secs] [Times: user=0.01 sys=0.00, real=0.01 secs] 
239.479: Total time for which application threads were stopped: 0.0007200 seconds, Stopping threads took: 0.0000440 seconds
239.505: Application time: 0.0255280 seconds
239.505: [GC239.505: [ParNew: 16189K->965K(16640K), 0.0005800 secs] 26385K->11595K(55552K), 0.0006080 secs] [Times: user=0.00 sys=0.00, real=0.00 secs] 
239.505: Total time for which application threads were stopped: 0.0007220 seconds, Stopping threads took: 0.0000550 seconds
239.550: Application time: 0.0443240 seconds
239.551: [GC239.551: [ParNew: 15811K->1226K(16640K), 0.0005600 secs] 26441K->11856K(55552K), 0.0005860 secs] [Times: user=0.00 sys=0.00, real=0.00 secs] 
239.552: Total time for which application threads were stopped: 0.0019120 seconds, Stopping threads took: 0.0012690 seconds
239.612: Application time: 0.0606140 seconds
239.612: [GC239.612: [ParNew: 16070K->955K(16640K), 0.0005710 secs] 26700K->11861K(55552K), 0.0005990 secs] [Times: user=0.01 sys=0.00, real=0.00 secs] 
239.613: Total time for which application threads were stopped: 0.0007250 seconds, Stopping threads took: 0.0000670 seconds
239.679: Application time: 0.0656770 seconds
239.679: [GC239.679: [ParNew: 15800K->952K(16640K), 0.0004960 secs] 26706K->11858K(55552K), 0.0005240 secs] [Times: user=0.01 sys=0.00, real=0.01 secs] 
239.679: Total time for which application threads were stopped: 0.0006430 seconds, Stopping threads took: 0.0000650 seconds
239.745: Application time: 0.0653780 seconds
239.745: [GC239.745: [ParNew: 15797K->925K(16640K), 0.0005420 secs] 26703K->11831K(55552K), 0.0005680 secs] [Times: user=0.00 sys=0.00, real=0.00 secs] 
239.745: Total time for which application threads were stopped: 0.0007120 seconds, Stopping threads took: 0.0000860 seconds
239.809: Application time: 0.0636830 seconds
239.809: [GC239.809: [ParNew: 15770K->1116K(16640K), 0.0005160 secs] 26675K->12022K(55552K), 0.0005450 secs] [Times: user=0.00 sys=0.00, real=0.00 secs] 
239.810: Total time for which application threads were stopped: 0.0006640 seconds, Stopping threads took: 0.0000510 seconds
239.875: Application time: 0.0652300 seconds
239.879: [GC239.879: [ParNew: 15963K->289K(16640K), 0.0005520 secs] 26869K->11983K(55552K), 0.0005800 secs] [Times: user=0.01 sys=0.00, real=0.00 secs] 
239.880: Total time for which application threads were stopped: 0.0046840 seconds, Stopping threads took: 0.0040490 seconds
239.938: Application time: 0.0587530 seconds
239.939: [GC239.939: [ParNew: 15135K->1002K(16640K), 0.0004590 secs] 26829K->12697K(55552K), 0.0004850 secs] [Times: user=0.00 sys=0.00, real=0.01 secs] 
239.939: Total time for which application threads were stopped: 0.0005950 seconds, Stopping threads took: 0.0000530 seconds
240.006: Application time: 0.0666790 seconds
240.006: [GC240.006: [ParNew: 15850K->846K(16640K), 0.0004900 secs] 27544K->12731K(55552K), 0.0005180 secs] [Times: user=0.00 sys=0.00, real=0.00 secs] 
240.006: Total time for which application threads were stopped: 0.0006280 seconds, Stopping threads took: 0.0000520 seconds
240.073: Application time: 0.0668900 seconds
240.073: [GC240.073: [ParNew: 15693K->892K(16640K), 0.0004090 secs] 27578K->12776K(55552K), 0.0004450 secs] [Times: user=0.00 sys=0.00, real=0.00 secs] 
240.074: Total time for which application threads were stopped: 0.0005570 seconds, Stopping threads took: 0.0000600 seconds
240.141: Application time: 0.0672970 seconds
240.141: [GC240.141: [ParNew: 15739K->871K(16640K), 0.0005040 secs] 27624K->12756K(55552K), 0.0005290 secs] [Times: user=0.01 sys=0.00, real=0.00 secs] 
240.142: Total time for which application threads were stopped: 0.0006500 seconds, Stopping threads took: 0.0000670 seconds
240.209: Application time: 0.0668590 seconds
240.209: [GC240.209: [ParNew: 15718K->864K(16640K), 0.0004240 secs] 27603K->12749K(55552K), 0.0004520 secs] [Times: user=0.00 sys=0.00, real=0.00 secs] 
240.209: Total time for which application threads were stopped: 0.0005690 seconds, Stopping threads took: 0.0000590 seconds
240.276: Application time: 0.0669080 seconds
240.276: [GC240.276: [ParNew: 15712K->874K(16640K), 0.0004540 secs] 27596K->12758K(55552K), 0.0004820 secs] [Times: user=0.00 sys=0.00, real=0.00 secs] 
240.277: Total time for which application threads were stopped: 0.0005850 seconds, Stopping threads took: 0.0000480 seconds
240.335: Application time: 0.0577860 seconds
240.335: [GC240.335: [ParNew: 15720K->249K(16640K), 0.0005290 secs] 27605K->12894K(55552K), 0.0005560 secs] [Times: user=0.01 sys=0.00, real=0.00 secs] 
240.335: Total time for which application threads were stopped: 0.0006650 seconds, Stopping threads took: 0.0000450 seconds
240.391: Application time: 0.0556660 seconds
240.391: [GC240.391: [ParNew: 15093K->220K(16640K), 0.0003360 secs] 27738K->12865K(55552K), 0.0003620 secs] [Times: user=0.00 sys=0.00, real=0.00 secs] 
240.391: Total time for which application threads were stopped: 0.0004800 seconds, Stopping threads took: 0.0000630 seconds
240.444: Application time: 0.0527730 seconds
240.444: [GC240.444: [ParNew: 15066K->398K(16640K), 0.0003330 secs] 27711K->13043K(55552K), 0.0003600 secs] [Times: user=0.00 sys=0.00, real=0.00 secs] 
240.445: Total time for which application threads were stopped: 0.0004700 seconds, Stopping threads took: 0.0000520 seconds
240.504: Application time: 0.0593190 seconds
240.504: [GC240.504: [ParNew: 15244K->407K(16640K), 0.0003920 secs] 27889K->13052K(55552K), 0.0004190 secs] [Times: user=0.00 sys=0.00, real=0.00 secs] 
240.504: Total time for which application threads were stopped: 0.0005400 seconds, Stopping threads took: 0.0000630 seconds
240.570: Application time: 0.0654000 seconds
240.570: [GC240.570: [ParNew: 15253K->400K(16640K), 0.0004200 secs] 27898K->13045K(55552K), 0.0004450 secs] [Times: user=0.00 sys=0.00, real=0.00 secs] 
240.570: Total time for which application threads were stopped: 0.0005440 seconds, Stopping threads took: 0.0000490 seconds
240.637: Application time: 0.0667440 seconds
240.637: [GC240.637: [ParNew: 15248K->414K(16640K), 0.0003740 secs] 27893K->13059K(55552K), 0.0004110 secs] [Times: user=0.00 sys=0.00, real=0.00 secs] 
240.638: Total time for which application threads were stopped: 0.0005760 seconds, Stopping threads took: 0.0001010 seconds
240.704: Application time: 0.0665970 seconds
240.704: [GC240.704: [ParNew: 15262K->432K(16640K), 0.0003470 secs] 27907K->13076K(55552K), 0.0003740 secs] [Times: user=0.00 sys=0.00, real=0.00 secs] 
240.705: Total time for which application threads were stopped: 0.0004920 seconds, Stopping threads took: 0.0000590 seconds
240.770: Application time: 0.0649630 seconds
240.770: [GC240.770: [ParNew: 15277K->446K(16640K), 0.0004240 secs] 27921K->13091K(55552K), 0.0004480 secs] [Times: user=0.01 sys=0.00, real=0.00 secs] 
240.770: Total time for which application threads were stopped: 0.0005440 seconds, Stopping threads took: 0.0000460 seconds
240.821: Application time: 0.0511780 seconds
240.822: [GC240.822: [ParNew: 15290K->633K(16640K), 0.0004370 secs] 27935K->13278K(55552K), 0.0004620 secs] [Times: user=0.00 sys=0.00, real=0.00 secs] 
240.822: Total time for which application threads were stopped: 0.0005720 seconds, Stopping threads took: 0.0000590 seconds
240.882: Application time: 0.0598970 seconds
240.882: [GC240.882: [ParNew: 15477K->662K(16640K), 0.0004790 secs] 28122K->13307K(55552K), 0.0005150 secs] [Times: user=0.00 sys=0.00, real=0.00 secs] 
240.883: Total time for which application threads were stopped: 0.0006420 seconds, Stopping threads took: 0.0000620 seconds
240.949: Application time: 0.0660110 seconds
240.949: [GC240.949: [ParNew: 15510K->708K(16640K), 0.0004880 secs] 28155K->13352K(55552K), 0.0005150 secs] [Times: user=0.01 sys=0.00, real=0.00 secs] 
240.949: Total time for which application threads were stopped: 0.0006370 seconds, Stopping threads took: 0.0000670 seconds
241.017: Application time: 0.0676380 seconds
241.017: [GC241.017: [ParNew: 15553K->729K(16640K), 0.0005340 secs] 28198K->13374K(55552K), 0.0005610 secs] [Times: user=0.00 sys=0.00, real=0.00 secs] 
241.018: Total time for which application threads were stopped: 0.0006820 seconds, Stopping threads took: 0.0000700 seconds
241.085: Application time: 0.0672430 seconds
241.085: [GC241.085: [ParNew: 15574K->759K(16640K), 0.0004810 secs] 28219K->13404K(55552K), 0.0005090 secs] [Times: user=0.00 sys=0.00, real=0.00 secs] 
241.085: Total time for which application threads were stopped: 0.0006280 seconds, Stopping threads took: 0.0000640 seconds
241.141: Application time: 0.0552880 seconds
241.141: [GC241.141: [ParNew: 15606K->776K(16640K), 0.0005440 secs] 28250K->13639K(55552K), 0.0005710 secs] [Times: user=0.00 sys=0.00, real=0.00 secs] 
241.141: Total time for which application threads were stopped: 0.0006750 seconds, Stopping threads took: 0.0000470 seconds
241.198: Application time: 0.0562010 seconds
241.198: [GC241.198: [ParNew: 15623K->753K(16640K), 0.0004410 secs] 28487K->13617K(55552K), 0.0004670 secs] [Times: user=0.01 sys=0.00, real=0.00 secs] 
241.198: Total time for which application threads were stopped: 0.0005980 seconds, Stopping threads took: 0.0000740 seconds
241.235: Application time: 0.0366090 seconds
241.235: [GC241.235: [ParNew: 15600K->1243K(16640K), 0.0006070 secs] 28463K->14326K(55552K), 0.0006360 secs] [Times: user=0.01 sys=0.00, real=0.00 secs] 
241.236: Total time for which application threads were stopped: 0.0007530 seconds, Stopping threads took: 0.0000580 seconds
241.262: Application time: 0.0259320 seconds
241.262: [GC241.262: [ParNew: 16089K->846K(16640K), 0.0005980 secs] 29171K->14552K(55552K), 0.0006260 secs] [Times: user=0.00 sys=0.00, real=0.00 secs] 
241.262: Total time for which application threads were stopped: 0.0007330 seconds, Stopping threads took: 0.0000490 seconds
241.312: Application time: 0.0500940 seconds
241.315: [GC241.315: [ParNew: 15692K->937K(16640K), 0.0005640 secs] 29398K->14643K(55552K), 0.0005920 secs] [Times: user=0.01 sys=0.00, real=0.00 secs] 
241.316: Total time for which application threads were stopped: 0.0033700 seconds, Stopping threads took: 0.0027170 seconds
241.377: Application time: 0.0612740 seconds
241.377: [GC241.377: [ParNew: 15783K->984K(16640K), 0.0004770 secs] 29489K->14689K(55552K), 0.0005060 secs] [Times: user=0.01 sys=0.00, real=0.00 secs] 
241.378: Total time for which application threads were stopped: 0.0006310 seconds, Stopping threads took: 0.0000720 seconds
241.443: Application time: 0.0650940 seconds
241.443: [GC241.443: [ParNew: 15831K->1040K(16640K), 0.0004480 secs] 29537K->14746K(55552K), 0.0004770 secs] [Times: user=0.00 sys=0.00, real=0.00 secs] 
241.443: Total time for which application threads were stopped: 0.0006120 seconds, Stopping threads took: 0.0000670 seconds
241.509: Application time: 0.0652810 seconds
241.509: [GC241.509: [ParNew: 15885K->1056K(16640K), 0.0004620 secs] 29591K->14762K(55552K), 0.0004910 secs] [Times: user=0.00 sys=0.00, real=0.00 secs] 
241.509: Total time for which application threads were stopped: 0.0006010 seconds, Stopping threads took: 0.0000530 seconds
241.572: Application time: 0.0631260 seconds
241.572: [GC241.572: [ParNew: 15901K->1221K(16640K), 0.0004960 secs] 29606K->14927K(55552K), 0.0005230 secs] [Times: user=0.01 sys=0.00, real=0.00 secs] 
241.573: Total time for which application threads were stopped: 0.0006430 seconds, Stopping threads took: 0.0000670 seconds
241.639: Application time: 0.0656210 seconds
241.639: [GC241.639: [ParNew: 16069K->409K(16640K), 0.0005380 secs] 29774K->14989K(55552K), 0.0005730 secs] [Times: user=0.00 sys=0.00, real=0.01 secs] 
241.639: Total time for which application threads were stopped: 0.0006850 seconds, Stopping threads took: 0.0000540 seconds
241.699: Application time: 0.0592820 seconds
241.699: [GC241.699: [ParNew: 15255K->1003K(16640K), 0.0005320 secs] 29835K->15583K(55552K), 0.0005600 secs] [Times: user=0.01 sys=0.00, real=0.01 secs] 
241.699: Total time for which application threads were stopped: 0.0006730 seconds, Stopping threads took: 0.0000570 seconds
241.766: Application time: 0.0669520 seconds
241.766: [GC241.766: [ParNew: 15848K->802K(16640K), 0.0020780 secs] 30429K->15572K(55552K), 0.0021100 secs] [Times: user=0.01 sys=0.00, real=0.01 secs] 
241.768: Total time for which application threads were stopped: 0.0022330 seconds, Stopping threads took: 0.0000710 seconds
241.835: Application time: 0.0669600 seconds
241.836: [GC241.836: [ParNew: 15650K->912K(16640K), 0.0004830 secs] 30420K->15682K(55552K), 0.0005120 secs] [Times: user=0.01 sys=0.00, real=0.00 secs] 
241.836: Total time for which application threads were stopped: 0.0006560 seconds, Stopping threads took: 0.0000890 seconds
241.904: Application time: 0.0675680 seconds
241.904: [GC241.904: [ParNew: 15757K->866K(16640K), 0.0004530 secs] 30527K->15636K(55552K), 0.0004820 secs] [Times: user=0.00 sys=0.00, real=0.00 secs] 
241.904: Total time for which application threads were stopped: 0.0006100 seconds, Stopping threads took: 0.0000700 seconds
241.971: Application time: 0.0668580 seconds
241.971: [GC241.971: [ParNew: 15713K->846K(16640K), 0.0005090 secs] 30484K->15617K(55552K), 0.0005360 secs] [Times: user=0.00 sys=0.00, real=0.00 secs] 
241.972: Total time for which application threads were stopped: 0.0006660 seconds, Stopping threads took: 0.0000720 seconds
242.039: Application time: 0.0673010 seconds
242.039: [GC242.039: [ParNew: 15692K->897K(16640K), 0.0004190 secs] 30462K->15667K(55552K), 0.0004470 secs] [Times: user=0.00 sys=0.00, real=0.00 secs] 
242.040: Total time for which application threads were stopped: 0.0005670 seconds, Stopping threads took: 0.0000670 seconds
242.089: Application time: 0.0489400 seconds
242.091: [GC242.091: [ParNew: 15741K->283K(16640K), 0.0005840 secs] 30511K->15813K(55552K), 0.0006120 secs] [Times: user=0.00 sys=0.00, real=0.00 secs] 
242.092: Total time for which application threads were stopped: 0.0031580 seconds, Stopping threads took: 0.0024800 seconds
242.154: Application time: 0.0618440 seconds
242.154: [GC242.154: [ParNew: 15129K->410K(16640K), 0.0003770 secs] 30659K->15940K(55552K), 0.0004040 secs] [Times: user=0.00 sys=0.00, real=0.00 secs] 
242.154: Total time for which application threads were stopped: 0.0005250 seconds, Stopping threads took: 0.0000640 seconds
242.203: Application time: 0.0486010 seconds
242.203: [GC242.203: [ParNew: 15256K->402K(16640K), 0.0003510 secs] 30786K->15932K(55552K), 0.0003770 secs] [Times: user=0.00 sys=0.00, real=0.00 secs] 
242.203: Total time for which application threads were stopped: 0.0004860 seconds, Stopping threads took: 0.0000530 seconds
242.269: Application time: 0.0655960 seconds
242.269: [GC242.269: [ParNew: 15249K->416K(16640K), 0.0003610 secs] 30779K->15946K(55552K), 0.0003870 secs] [Times: user=0.00 sys=0.00, real=0.00 secs] 
242.269: Total time for which application threads were stopped: 0.0004840 seconds, Stopping threads took: 0.0000470 seconds
242.336: Application time: 0.0665900 seconds
242.336: [GC242.336: [ParNew: 15263K->415K(16640K), 0.0004160 secs] 30794K->15945K(55552K), 0.0004430 secs] [Times: user=0.00 sys=0.00, real=0.00 secs] 
242.336: Total time for which application threads were stopped: 0.0005620 seconds, Stopping threads took: 0.0000640 seconds
242.403: Application time: 0.0667810 seconds
242.403: [GC242.403: [ParNew: 15260K->399K(16640K), 0.0004340 secs] 30791K->15930K(55552K), 0.0004600 secs] [Times: user=0.00 sys=0.00, real=0.00 secs] 
242.404: Total time for which application threads were stopped: 0.0005820 seconds, Stopping threads took: 0.0000550 seconds
242.470: Application time: 0.0660160 seconds
242.470: [GC242.470: [ParNew: 15247K->433K(16640K), 0.0003930 secs] 30777K->15963K(55552K), 0.0004180 secs] [Times: user=0.00 sys=0.00, real=0.00 secs] 
242.470: Total time for which application threads were stopped: 0.0005160 seconds, Stopping threads took: 0.0000500 seconds
242.530: Application time: 0.0596560 seconds
242.530: [GC242.530: [ParNew: 15277K->635K(16640K), 0.0003800 secs] 30807K->16166K(55552K), 0.0004060 secs] [Times: user=0.00 sys=0.00, real=0.00 secs] 
242.531: Total time for which application threads were stopped: 0.0005180 seconds, Stopping threads took: 0.0000520 seconds
242.581: Application time: 0.0500050 seconds
242.581: [GC242.581: [ParNew: 15481K->632K(16640K), 0.0004030 secs] 31012K->16162K(55552K), 0.0004300 secs] [Times: user=0.01 sys=0.00, real=0.00 secs] 
242.581: Total time for which application threads were stopped: 0.0005370 seconds, Stopping threads took: 0.0000550 seconds
242.645: Application time: 0.0640940 seconds
242.647: [GC242.647: [ParNew: 15477K->735K(16640K), 0.0004200 secs] 31008K->16265K(55552K), 0.0004480 secs] [Times: user=0.00 sys=0.00, real=0.00 secs] 
242.648: Total time for which application threads were stopped: 0.0024310 seconds, Stopping threads took: 0.0019280 seconds
242.715: Application time: 0.0670570 seconds
242.715: [GC242.715: [ParNew: 15580K->714K(16640K), 0.0004990 secs] 31111K->16245K(55552K), 0.0005280 secs] [Times: user=0.00 sys=0.00, real=0.00 secs] 
242.715: Total time for which application threads were stopped: 0.0006580 seconds, Stopping threads took: 0.0000710 seconds
242.782: Application time: 0.0667900 seconds
242.782: [GC242.782: [ParNew: 15562K->741K(16640K), 0.0004090 secs] 31092K->16271K(55552K), 0.0004360 secs] [Times: user=0.01 sys=0.00, real=0.00 secs] 
242.783: Total time for which application threads were stopped: 0.0005470 seconds, Stopping threads took: 0.0000570 seconds
242.850: Application time: 0.0669810 seconds
242.850: [GC242.850: [ParNew: 15586K->792K(16640K), 0.0004670 secs] 31117K->16323K(55552K), 0.0004940 secs] [Times: user=0.00 sys=0.00, real=0.00 secs] 
242.850: Total time for which application threads were stopped: 0.0006250 seconds, Stopping threads took: 0.0000730 seconds
242.906: Application time: 0.0553970 seconds
242.906: [GC242.906: [ParNew: 15637K->713K(16640K), 0.0004810 secs] 31167K->16462K(55552K), 0.0005080 secs] [Times: user=0.01 sys=0.00, real=0.00 secs] 
242.906: Total time for which application threads were stopped: 0.0006440 seconds, Stopping threads took: 0.0000780 seconds
242.960: Application time: 0.0541400 seconds
242.963: [GC242.963: [ParNew: 15560K->753K(16640K), 0.0004440 secs] 31309K->16502K(55552K), 0.0004720 secs] [Times: user=0.00 sys=0.00, real=0.00 secs] 
242.964: Total time for which application threads were stopped: 0.0031850 seconds, Stopping threads took: 0.0026550 seconds
242.993: Application time: 0.0294250 seconds
242.993: [GC242.993: [ParNew: 15599K->1351K(16640K), 0.0006250 secs] 31348K->17347K(55552K), 0.0006530 secs] [Times: user=0.01 sys=0.00, real=0.00 secs] 
242.994: Total time for which application threads were stopped: 0.0007700 seconds, Stopping threads took: 0.0000580 seconds
243.021: Application time: 0.0269160 seconds
243.021: [GC243.021: [ParNew: 16195K->1169K(16640K), 0.0006490 secs] 32191K->17442K(55552K), 0.0006770 secs] [Times: user=0.00 sys=0.00, real=0.00 secs] 
243.022: Total time for which application threads were stopped: 0.0008050 seconds, Stopping threads took: 0.0000780 seconds
243.079: Application time: 0.0572050 seconds
243.079: [GC243.079: [ParNew: 16017K->375K(16640K), 0.0004930 secs] 32290K->17248K(55552K), 0.0005200 secs] [Times: user=0.00 sys=0.00, real=0.01 secs] 
243.079: Total time for which application threads were stopped: 0.0006330 seconds, Stopping threads took: 0.0000500 seconds
243.142: Application time: 0.0623100 seconds
243.142: [GC243.142: [ParNew: 15219K->839K(16640K), 0.0004370 secs] 32091K->17712K(55552K), 0.0004730 secs] [Times: user=0.01 sys=0.00, real=0.00 secs] 
243.142: Total time for which application threads were stopped: 0.0005920 seconds, Stopping threads took: 0.0000630 seconds
243.207: Application time: 0.0651470 seconds
243.208: [GC243.208: [ParNew: 15686K->924K(16640K), 0.0004560 secs] 32559K->17797K(55552K), 0.0004840 secs] [Times: user=0.00 sys=0.00, real=0.00 secs] 
243.208: Total time for which application threads were stopped: 0.0006040 seconds, Stopping threads took: 0.0000610 seconds
243.273: Application time: 0.0650570 seconds
243.273: [GC243.273: [ParNew: 15771K->936K(16640K), 0.0004250 secs] 32644K->17809K(55552K), 0.0004520 secs] [Times: user=0.00 sys=0.00, real=0.00 secs] 
243.274: Total time for which application threads were stopped: 0.0005630 seconds, Stopping threads took: 0.0000600 seconds
243.338: Application time: 0.0639840 seconds
243.338: [GC243.338: [ParNew: 15783K->1116K(16640K), 0.0004910 secs] 32656K->17989K(55552K), 0.0005160 secs] [Times: user=0.00 sys=0.00, real=0.00 secs] 
243.338: Total time for which application threads were stopped: 0.0006280 seconds, Stopping threads took: 0.0000590 seconds
243.402: Application time: 0.0635120 seconds
243.402: [GC243.402: [ParNew: 15961K->1105K(16640K), 0.0004530 secs] 32833K->18006K(55552K), 0.0004800 secs] [Times: user=0.00 sys=0.00, real=0.00 secs] 
243.402: Total time for which application threads were stopped: 0.0005860 seconds, Stopping threads took: 0.0000470 seconds
243.463: Application time: 0.0607890 seconds
243.463: [GC243.463: [ParNew: 15951K->1076K(16640K), 0.0004750 secs] 32853K->17978K(55552K), 0.0005030 secs] [Times: user=0.00 sys=0.00, real=0.00 secs] 
243.464: Total time for which application threads were stopped: 0.0006310 seconds, Stopping threads took: 0.0000700 seconds
243.531: Application time: 0.0668610 seconds
243.531: [GC243.531: [ParNew: 15923K->891K(16640K), 0.0004730 secs] 32825K->17983K(55552K), 0.0004990 secs] [Times: user=0.01 sys=0.00, real=0.00 secs] 
243.531: Total time for which application threads were stopped: 0.0006070 seconds, Stopping threads took: 0.0000540 seconds
243.599: Application time: 0.0672610 seconds
243.599: [GC243.599: [ParNew: 15736K->913K(16640K), 0.0004520 secs] 32828K->18005K(55552K), 0.0004770 secs] [Times: user=0.00 sys=0.00, real=0.01 secs] 
243.599: Total time for which application threads were stopped: 0.0005960 seconds, Stopping threads took: 0.0000530 seconds
243.666: Application time: 0.0670900 seconds
243.666: [GC243.666: [ParNew: 15761K->914K(16640K), 0.0004250 secs] 32853K->18006K(55552K), 0.0004520 secs] [Times: user=0.00 sys=0.00, real=0.00 secs] 
243.667: Total time for which application threads were stopped: 0.0005690 seconds, Stopping threads took: 0.0000600 seconds
243.734: Application time: 0.0670110 seconds
243.734: [GC243.734: [ParNew: 15761K->891K(16640K), 0.0004180 secs] 32853K->17983K(55552K), 0.0004460 secs] [Times: user=0.01 sys=0.00, real=0.00 secs] 
243.734: Total time for which application threads were stopped: 0.0005600 seconds, Stopping threads took: 0.0000600 seconds
243.801: Application time: 0.0669370 seconds
243.801: [GC243.801: [ParNew: 15738K->880K(16640K), 0.0004500 secs] 32830K->17972K(55552K), 0.0004770 secs] [Times: user=0.00 sys=0.00, real=0.00 secs] 
243.802: Total time for which application threads were stopped: 0.0006060 seconds, Stopping threads took: 0.0000730 seconds
243.850: Application time: 0.0485200 seconds
243.851: [GC243.851: [ParNew: 15725K->250K(16640K), 0.0005300 secs] 32817K->18102K(55552K), 0.0005600 secs] [Times: user=0.00 sys=0.01, real=0.00 secs] 
243.851: Total time for which application threads were stopped: 0.0006990 seconds, Stopping threads took: 0.0000790 seconds
243.907: Application time: 0.0555330 seconds
243.907: [GC243.907: [ParNew: 15098K->414K(16640K), 0.0004130 secs] 32950K->18266K(55552K), 0.0004410 secs] [Times: user=0.00 sys=0.00, real=0.01 secs] 
243.907: Total time for which application threads were stopped: 0.0005530 seconds, Stopping threads took: 0.0000530 seconds
243.962: Application time: 0.0545200 seconds
243.962: [GC243.962: [ParNew: 15262K->400K(16640K), 0.0004000 secs] 33114K->18252K(55552K), 0.0004340 secs] [Times: user=0.00 sys=0.00, real=0.00 secs] 
243.962: Total time for which application threads were stopped: 0.0005370 seconds, Stopping threads took: 0.0000480 seconds
244.028: Application time: 0.0651930 seconds
244.028: [GC244.028: [ParNew: 15247K->410K(16640K), 0.0003920 secs] 33099K->18262K(55552K), 0.0004180 secs] [Times: user=0.00 sys=0.00, real=0.00 secs] 
244.028: Total time for which application threads were stopped: 0.0005090 seconds, Stopping threads took: 0.0000380 seconds
244.094: Application time: 0.0663450 seconds
244.094: [GC244.095: [ParNew: 15257K->415K(16640K), 0.0004060 secs] 33109K->18267K(55552K), 0.0004330 secs] [Times: user=0.00 sys=0.00, real=0.00 secs] 
244.095: Total time for which application threads were stopped: 0.0005690 seconds, Stopping threads took: 0.0000800 seconds
244.161: Application time: 0.0661320 seconds
244.161: [GC244.161: [ParNew: 15262K->402K(16640K), 0.0004000 secs] 33114K->18254K(55552K), 0.0004280 secs] [Times: user=0.00 sys=0.00, real=0.00 secs] 
244.162: Total time for which application threads were stopped: 0.0005720 seconds, Stopping threads took: 0.0000770 seconds
244.228: Application time: 0.0659540 seconds
244.228: [GC244.228: [ParNew: 15249K->429K(16640K), 0.0003430 secs] 33101K->18281K(55552K), 0.0003710 secs] [Times: user=0.00 sys=0.00, real=0.00 secs] 
244.228: Total time for which application threads were stopped: 0.0004920 seconds, Stopping threads took: 0.0000710 seconds
244.278: Application time: 0.0498080 seconds
244.278: [GC244.278: [ParNew: 15276K->639K(16640K), 0.0004120 secs] 33128K->18491K(55552K), 0.0004390 secs] [Times: user=0.00 sys=0.00, real=0.00 secs] 
244.278: Total time for which application threads were stopped: 0.0005480 seconds, Stopping threads took: 0.0000560 seconds
244.337: Application time: 0.0589010 seconds
244.337: [GC244.337: [ParNew: 15483K->677K(16640K), 0.0004630 secs] 33335K->18529K(55552K), 0.0004910 secs] [Times: user=0.00 sys=0.00, real=0.00 secs] 
244.338: Total time for which application threads were stopped: 0.0005890 seconds, Stopping threads took: 0.0000430 seconds
244.403: Application time: 0.0654370 seconds
244.404: [GC244.404: [ParNew: 15525K->710K(16640K), 0.0004380 secs] 33377K->18562K(55552K), 0.0004640 secs] [Times: user=0.01 sys=0.00, real=0.00 secs] 
244.404: Total time for which application threads were stopped: 0.0005950 seconds, Stopping threads took: 0.0000750 seconds
244.471: Application time: 0.0673220 seconds
244.471: [GC244.471: [ParNew: 15555K->736K(16640K), 0.0004300 secs] 33407K->18588K(55552K), 0.0004580 secs] [Times: user=0.01 sys=0.00, real=0.00 secs] 
244.472: Total time for which application threads were stopped: 0.0005670 seconds, Stopping threads took: 0.0000510 seconds
244.539: Application time: 0.0667510 seconds
244.539: [GC244.539: [ParNew: 15583K->768K(16640K), 0.0004180 secs] 33436K->18620K(55552K), 0.0004450 secs] [Times: user=0.00 sys=0.00, real=0.01 secs] 
244.539: Total time for which application threads were stopped: 0.0005440 seconds, Stopping threads took: 0.0000440 seconds
244.606: Application time: 0.0663720 seconds
244.606: [GC244.606: [ParNew: 15615K->761K(16640K), 0.0004330 secs] 33467K->18613K(55552K), 0.0004600 secs] [Times: user=0.01 sys=0.00, real=0.00 secs] 
244.606: Total time for which application threads were stopped: 0.0005810 seconds, Stopping threads took: 0.0000630 seconds
244.657: Application time: 0.0512160 seconds
244.657: [GC244.657: [ParNew: 15609K->783K(16640K), 0.0004860 secs] 33461K->18854K(55552K), 0.0005130 secs] [Times: user=0.00 sys=0.00, real=0.00 secs] 
244.658: Total time for which application threads were stopped: 0.0006180 seconds, Stopping threads took: 0.0000460 seconds
244.704: Application time: 0.0456180 seconds
244.704: [GC244.704: [ParNew: 15628K->937K(16640K), 0.0005040 secs] 33699K->19227K(55552K), 0.0005310 secs] [Times: user=0.00 sys=0.00, real=0.00 secs] 
244.704: Total time for which application threads were stopped: 0.0006480 seconds, Stopping threads took: 0.0000450 seconds
244.735: Application time: 0.0304090 seconds
244.735: [GC244.735: [ParNew: 15782K->1128K(16640K), 0.0005220 secs] 34071K->19446K(55552K), 0.0005500 secs] [Times: user=0.00 sys=0.01, real=0.00 secs] 
244.735: Total time for which application threads were stopped: 0.0006590 seconds, Stopping threads took: 0.0000510 seconds
244.777: Application time: 0.0412800 seconds
244.777: [GC244.777: [ParNew: 15974K->1153K(16640K), 0.0005660 secs] 34292K->19747K(55552K), 0.0005940 secs] [Times: user=0.00 sys=0.00, real=0.00 secs] 
244.777: Total time for which application threads were stopped: 0.0007330 seconds, Stopping threads took: 0.0000870 seconds
244.830: Application time: 0.0526100 seconds
244.830: [GC244.830: [ParNew: 16000K->1181K(16640K), 0.0004700 secs] 34594K->19776K(55552K), 0.0004960 secs] [Times: user=0.00 sys=0.00, real=0.00 secs] 
244.831: Total time for which application threads were stopped: 0.0005960 seconds, Stopping threads took: 0.0000480 seconds
244.895: Application time: 0.0640830 seconds
244.895: [GC244.895: [ParNew: 16026K->967K(16640K), 0.0005740 secs] 34621K->19780K(55552K), 0.0006020 secs] [Times: user=0.01 sys=0.00, real=0.00 secs] 
244.895: Total time for which application threads were stopped: 0.0007490 seconds, Stopping threads took: 0.0000890 seconds
244.961: Application time: 0.0653180 seconds
244.961: [GC244.961: [ParNew: 15814K->945K(16640K), 0.0005100 secs] 34628K->19758K(55552K), 0.0005370 secs] [Times: user=0.00 sys=0.00, real=0.00 secs] 
244.961: Total time for which application threads were stopped: 0.0006510 seconds, Stopping threads took: 0.0000560 seconds
245.027: Application time: 0.0653850 seconds
245.027: [GC245.027: [ParNew: 15792K->919K(16640K), 0.0004400 secs] 34605K->19732K(55552K), 0.0004680 secs] [Times: user=0.00 sys=0.00, real=0.01 secs] 
245.027: Total time for which application threads were stopped: 0.0005860 seconds, Stopping threads took: 0.0000660 seconds
245.091: Application time: 0.0634910 seconds
245.091: [GC245.091: [ParNew: 15763K->1096K(16640K), 0.0004830 secs] 34577K->19910K(55552K), 0.0005080 secs] [Times: user=0.00 sys=0.00, real=0.00 secs] 
245.091: Total time for which application threads were stopped: 0.0006190 seconds, Stopping threads took: 0.0000570 seconds
245.152: Application time: 0.0605760 seconds
245.152: [GC245.152: [ParNew: 15943K->1119K(16640K), 0.0004560 secs] 34757K->19961K(55552K), 0.0004820 secs] [Times: user=0.00 sys=0.00, real=0.00 secs] 
245.153: Total time for which application threads were stopped: 0.0005930 seconds, Stopping threads took: 0.0000560 seconds
245.217: Application time: 0.0642560 seconds
245.217: [GC245.217: [ParNew: 15963K->1076K(16640K), 0.0004860 secs] 34806K->19919K(55552K), 0.0005150 secs] [Times: user=0.00 sys=0.00, real=0.00 secs] 
245.218: Total time for which application threads were stopped: 0.0006610 seconds, Stopping threads took: 0.0000750 seconds
245.285: Application time: 0.0671060 seconds
245.285: [GC245.285: [ParNew: 15924K->933K(16640K), 0.0004700 secs] 34766K->19966K(55552K), 0.0004970 secs] [Times: user=0.00 sys=0.00, real=0.00 secs] 
245.285: Total time for which application threads were stopped: 0.0006160 seconds, Stopping threads took: 0.0000650 seconds
245.352: Application time: 0.0669060 seconds
245.352: [GC245.352: [ParNew: 15781K->838K(16640K), 0.0005100 secs] 34814K->19871K(55552K), 0.0005370 secs] [Times: user=0.00 sys=0.00, real=0.00 secs] 
245.353: Total time for which application threads were stopped: 0.0006670 seconds, Stopping threads took: 0.0000710 seconds
245.420: Application time: 0.0667470 seconds
245.420: [GC245.420: [ParNew: 15686K->872K(16640K), 0.0004150 secs] 34719K->19905K(55552K), 0.0004400 secs] [Times: user=0.00 sys=0.00, real=0.00 secs] 
245.420: Total time for which application threads were stopped: 0.0005670 seconds, Stopping threads took: 0.0000680 seconds
245.487: Application time: 0.0667760 seconds
245.487: [GC245.487: [ParNew: 15720K->869K(16640K), 0.0004110 secs] 34752K->19902K(55552K), 0.0004470 secs] [Times: user=0.01 sys=0.00, real=0.01 secs] 
245.487: Total time for which application threads were stopped: 0.0005550 seconds, Stopping threads took: 0.0000550 seconds
245.550: Application time: 0.0629630 seconds
245.551: [GC245.551: [ParNew: 15714K->493K(16640K), 0.0004700 secs] 34747K->20096K(55552K), 0.0004950 secs] [Times: user=0.00 sys=0.00, real=0.00 secs] 
245.551: Total time for which application threads were stopped: 0.0006170 seconds, Stopping threads took: 0.0000590 seconds
245.601: Application time: 0.0502840 seconds
245.601: [GC245.601: [ParNew: 15340K->254K(16640K), 0.0003840 secs] 34943K->20047K(55552K), 0.0004100 secs] [Times: user=0.00 sys=0.00, real=0.00 secs] 
245.602: Total time for which application threads were stopped: 0.0005360 seconds, Stopping threads took: 0.0000680 seconds
245.653: Application time: 0.0507930 seconds
245.653: [GC245.653: [ParNew: 15100K->395K(16640K), 0.0003500 secs] 34893K->20188K(55552K), 0.0003750 secs] [Times: user=0.01 sys=0.00, real=0.00 secs] 
245.653: Total time for which application threads were stopped: 0.0004790 seconds, Stopping threads took: 0.0000490 seconds
245.715: Application time: 0.0619760 seconds
245.715: [GC245.715: [ParNew: 15243K->414K(16640K), 0.0003620 secs] 35036K->20207K(55552K), 0.0003890 secs] [Times: user=0.00 sys=0.00, real=0.00 secs] 
245.716: Total time for which application threads were stopped: 0.0005010 seconds, Stopping threads took: 0.0000530 seconds
245.782: Application time: 0.0659410 seconds
245.782: [GC245.782: [ParNew: 15259K->420K(16640K), 0.0003580 secs] 35052K->20213K(55552K), 0.0003860 secs] [Times: user=0.00 sys=0.00, real=0.00 secs] 
245.782: Total time for which application threads were stopped: 0.0005050 seconds, Stopping threads took: 0.0000580 seconds
245.849: Application time: 0.0666170 seconds
245.849: [GC245.849: [ParNew: 15267K->434K(16640K), 0.0003500 secs] 35060K->20227K(55552K), 0.0003760 secs] [Times: user=0.01 sys=0.00, real=0.00 secs] 
245.849: Total time for which application threads were stopped: 0.0005000 seconds, Stopping threads took: 0.0000710 seconds
245.915: Application time: 0.0662620 seconds
245.916: [GC245.916: [ParNew: 15281K->431K(16640K), 0.0003680 secs] 35074K->20224K(55552K), 0.0003950 secs] [Times: user=0.00 sys=0.00, real=0.00 secs] 
245.916: Total time for which application threads were stopped: 0.0005170 seconds, Stopping threads took: 0.0000640 seconds
245.981: Application time: 0.0653200 seconds
245.981: [GC245.981: [ParNew: 15279K->454K(16640K), 0.0003550 secs] 35072K->20247K(55552K), 0.0003820 secs] [Times: user=0.00 sys=0.00, real=0.00 secs] 
245.982: Total time for which application threads were stopped: 0.0005110 seconds, Stopping threads took: 0.0000790 seconds
246.033: Application time: 0.0508310 seconds
246.033: [GC246.033: [ParNew: 15300K->629K(16640K), 0.0003920 secs] 35094K->20422K(55552K), 0.0004190 secs] [Times: user=0.01 sys=0.00, real=0.00 secs] 
246.033: Total time for which application threads were stopped: 0.0005270 seconds, Stopping threads took: 0.0000560 seconds
246.092: Application time: 0.0586740 seconds
246.092: [GC246.092: [ParNew: 15475K->666K(16640K), 0.0004510 secs] 35268K->20459K(55552K), 0.0004790 secs] [Times: user=0.01 sys=0.00, real=0.00 secs] 
246.092: Total time for which application threads were stopped: 0.0005980 seconds, Stopping threads took: 0.0000640 seconds
246.158: Application time: 0.0655750 seconds
246.158: [GC246.158: [ParNew: 15512K->707K(16640K), 0.0004400 secs] 35305K->20500K(55552K), 0.0004670 secs] [Times: user=0.00 sys=0.00, real=0.00 secs] 
246.159: Total time for which application threads were stopped: 0.0005710 seconds, Stopping threads took: 0.0000460 seconds
246.225: Application time: 0.0668770 seconds
246.226: [GC246.226: [ParNew: 15554K->740K(16640K), 0.0004040 secs] 35347K->20534K(55552K), 0.0004310 secs] [Times: user=0.00 sys=0.00, real=0.00 secs] 
246.226: Total time for which application threads were stopped: 0.0005500 seconds, Stopping threads took: 0.0000690 seconds
246.293: Application time: 0.0670620 seconds
246.293: [GC246.293: [ParNew: 15588K->771K(16640K), 0.0004430 secs] 35381K->20564K(55552K), 0.0004780 secs] [Times: user=0.01 sys=0.00, real=0.00 secs] 
246.294: Total time for which application threads were stopped: 0.0006040 seconds, Stopping threads took: 0.0000620 seconds
246.360: Application time: 0.0664070 seconds
246.360: [GC246.360: [ParNew: 15619K->747K(16640K), 0.0004470 secs] 35412K->20569K(55552K), 0.0004740 secs] [Times: user=0.00 sys=0.00, real=0.00 secs] 
246.361: Total time for which application threads were stopped: 0.0006290 seconds, Stopping threads took: 0.0000970 seconds
246.409: Application time: 0.0479440 seconds
246.409: [GC246.409: [ParNew: 15592K->766K(16640K), 0.0005150 secs] 35414K->20778K(55552K), 0.0005440 secs] [Times: user=0.00 sys=0.00, real=0.00 secs] 
246.409: Total time for which application threads were stopped: 0.0006530 seconds, Stopping threads took: 0.0000480 seconds
246.450: Application time: 0.0410600 seconds
246.450: [GC246.451: [ParNew: 15612K->968K(16640K), 0.0006660 secs] 35624K->21199K(55552K), 0.0006930 secs] [Times: user=0.00 sys=0.00, real=0.00 secs] 
246.451: Total time for which application threads were stopped: 0.0008040 seconds, Stopping threads took: 0.0000520 seconds
246.482: Application time: 0.0310080 seconds
246.482: [GC246.482: [ParNew: 15812K->1434K(16640K), 0.0005440 secs] 36042K->21693K(55552K), 0.0005710 secs] [Times: user=0.01 sys=0.00, real=0.00 secs] 
246.483: Total time for which application threads were stopped: 0.0006850 seconds, Stopping threads took: 0.0000590 seconds
246.527: Application time: 0.0443610 seconds
246.527: [GC246.527: [ParNew: 16280K->1109K(16640K), 0.0006180 secs] 36539K->21644K(55552K), 0.0006460 secs] [Times: user=0.00 sys=0.00, real=0.00 secs] 
246.528: Total time for which application threads were stopped: 0.0007830 seconds, Stopping threads took: 0.0000850 seconds
246.587: Application time: 0.0587880 seconds
246.587: [GC246.587: [ParNew: 15953K->1169K(16640K), 0.0004590 secs] 36488K->21705K(55552K), 0.0004840 secs] [Times: user=0.00 sys=0.00, real=0.01 secs] 
246.587: Total time for which application threads were stopped: 0.0006040 seconds, Stopping threads took: 0.0000700 seconds
246.652: Application time: 0.0643040 seconds
246.652: [GC246.652: [ParNew: 16014K->926K(16640K), 0.0004540 secs] 36550K->21680K(55552K), 0.0004810 secs] [Times: user=0.00 sys=0.00, real=0.00 secs] 
246.652: Total time for which application threads were stopped: 0.0005770 seconds, Stopping threads took: 0.0000380 seconds
246.718: Application time: 0.0652980 seconds
246.718: [GC246.718: [ParNew: 15773K->944K(16640K), 0.0004500 secs] 36528K->21698K(55552K), 0.0004780 secs] [Times: user=0.00 sys=0.00, real=0.00 secs] 
246.718: Total time for which application threads were stopped: 0.0005900 seconds, Stopping threads took: 0.0000520 seconds
246.784: Application time: 0.0654210 seconds
246.784: [GC246.784: [ParNew: 15791K->918K(16640K), 0.0019800 secs] 36545K->21673K(55552K), 0.0020110 secs] [Times: user=0.00 sys=0.00, real=0.00 secs] 
246.786: Total time for which application threads were stopped: 0.0021220 seconds, Stopping threads took: 0.0000580 seconds
246.849: Application time: 0.0632190 seconds
246.849: [GC246.849: [ParNew: 15765K->1112K(16640K), 0.0004730 secs] 36519K->21867K(55552K), 0.0004980 secs] [Times: user=0.00 sys=0.00, real=0.00 secs] 
246.850: Total time for which application threads were stopped: 0.0006290 seconds, Stopping threads took: 0.0000650 seconds
246.910: Application time: 0.0601690 seconds
246.910: [GC246.910: [ParNew: 15956K->1075K(16640K), 0.0004580 secs] 36711K->21859K(55552K), 0.0004850 secs] [Times: user=0.01 sys=0.00, real=0.00 secs] 
246.910: Total time for which application threads were stopped: 0.0005960 seconds, Stopping threads took: 0.0000530 seconds
246.975: Application time: 0.0645250 seconds
246.975: [GC246.975: [ParNew: 15922K->1022K(16640K), 0.0006970 secs] 36706K->21806K(55552K), 0.0007290 secs] [Times: user=0.00 sys=0.00, real=0.00 secs] 
246.976: Total time for which application threads were stopped: 0.0008500 seconds, Stopping threads took: 0.0000610 seconds
247.043: Application time: 0.0669100 seconds
247.043: [GC247.043: [ParNew: 15869K->929K(16640K), 0.0004980 secs] 36653K->21903K(55552K), 0.0005330 secs] [Times: user=0.00 sys=0.00, real=0.00 secs] 
247.043: Total time for which application threads were stopped: 0.0006480 seconds, Stopping threads took: 0.0000630 seconds
247.110: Application time: 0.0668550 seconds
247.110: [GC247.110: [ParNew: 15776K->848K(16640K), 0.0004620 secs] 36750K->21822K(55552K), 0.0004870 secs] [Times: user=0.00 sys=0.00, real=0.00 secs] 
247.111: Total time for which application threads were stopped: 0.0006140 seconds, Stopping threads took: 0.0000720 seconds
247.178: Application time: 0.0667260 seconds
247.178: [GC247.178: [ParNew: 15696K->883K(16640K), 0.0004420 secs] 36670K->21857K(55552K), 0.0004690 secs] [Times: user=0.00 sys=0.00, real=0.00 secs] 
247.178: Total time for which application threads were stopped: 0.0005940 seconds, Stopping threads took: 0.0000660 seconds
247.245: Application time: 0.0667580 seconds
247.245: [GC247.245: [ParNew: 15730K->891K(16640K), 0.0004500 secs] 36704K->21865K(55552K), 0.0004760 secs] [Times: user=0.00 sys=0.00, real=0.00 secs] 
247.245: Total time for which application threads were stopped: 0.0005800 seconds, Stopping threads took: 0.0000500 seconds
247.298: Application time: 0.0525350 seconds
247.298: [GC247.298: [ParNew: 15739K->535K(16640K), 0.0005110 secs] 36713K->22079K(55552K), 0.0005380 secs] [Times: user=0.00 sys=0.00, real=0.00 secs] 
247.299: Total time for which application threads were stopped: 0.0006590 seconds, Stopping threads took: 0.0000660 seconds
247.355: Application time: 0.0560750 seconds
247.355: [GC247.355: [ParNew: 15383K->443K(16640K), 0.0003840 secs] 36927K->22177K(55552K), 0.0004120 secs] [Times: user=0.00 sys=0.00, real=0.00 secs] 
247.355: Total time for which application threads were stopped: 0.0005440 seconds, Stopping threads took: 0.0000650 seconds
247.405: Application time: 0.0500100 seconds
247.405: [GC247.405: [ParNew: 15289K->406K(16640K), 0.0003830 secs] 37023K->22140K(55552K), 0.0004090 secs] [Times: user=0.00 sys=0.00, real=0.00 secs] 
247.406: Total time for which application threads were stopped: 0.0005320 seconds, Stopping threads took: 0.0000650 seconds
247.471: Application time: 0.0651460 seconds
247.471: [GC247.471: [ParNew: 15253K->402K(16640K), 0.0003350 secs] 36987K->22136K(55552K), 0.0003620 secs] [Times: user=0.00 sys=0.00, real=0.00 secs] 
247.471: Total time for which application threads were stopped: 0.0004790 seconds, Stopping threads took: 0.0000580 seconds
247.538: Application time: 0.0666050 seconds
247.538: [GC247.538: [ParNew: 15249K->410K(16640K), 0.0004160 secs] 36983K->22144K(55552K), 0.0004420 secs] [Times: user=0.00 sys=0.00, real=0.00 secs] 
247.539: Total time for which application threads were stopped: 0.0005470 seconds, Stopping threads took: 0.0000540 seconds
247.606: Application time: 0.0670280 seconds
247.606: [GC247.606: [ParNew: 15257K->395K(16640K), 0.0003750 secs] 36991K->22129K(55552K), 0.0004020 secs] [Times: user=0.00 sys=0.00, real=0.00 secs] 
247.606: Total time for which application threads were stopped: 0.0005240 seconds, Stopping threads took: 0.0000670 seconds
247.673: Application time: 0.0666100 seconds
247.673: [GC247.673: [ParNew: 15242K->406K(16640K), 0.0004020 secs] 36976K->22140K(55552K), 0.0004240 secs] [Times: user=0.00 sys=0.00, real=0.00 secs] 
247.673: Total time for which application threads were stopped: 0.0005350 seconds, Stopping threads took: 0.0000550 seconds
247.733: Application time: 0.0598040 seconds
247.733: [GC247.733: [ParNew: 15254K->622K(16640K), 0.0004140 secs] 36988K->22356K(55552K), 0.0004400 secs] [Times: user=0.00 sys=0.00, real=0.00 secs] 
247.734: Total time for which application threads were stopped: 0.0005530 seconds, Stopping threads took: 0.0000610 seconds
247.783: Application time: 0.0496090 seconds
247.783: [GC247.783: [ParNew: 15468K->545K(16640K), 0.0004050 secs] 37202K->22279K(55552K), 0.0004320 secs] [Times: user=0.00 sys=0.00, real=0.00 secs] 
247.784: Total time for which application threads were stopped: 0.0005590 seconds, Stopping threads took: 0.0000680 seconds
247.849: Application time: 0.0653130 seconds
247.849: [GC247.849: [ParNew: 15389K->693K(16640K), 0.0004090 secs] 37123K->22427K(55552K), 0.0004370 secs] [Times: user=0.00 sys=0.00, real=0.00 secs] 
247.850: Total time for which application threads were stopped: 0.0005510 seconds, Stopping threads took: 0.0000600 seconds
247.917: Application time: 0.0675370 seconds
247.917: [GC247.917: [ParNew: 15541K->712K(16640K), 0.0004460 secs] 37275K->22446K(55552K), 0.0004730 secs] [Times: user=0.01 sys=0.00, real=0.00 secs] 
247.918: Total time for which application threads were stopped: 0.0006190 seconds, Stopping threads took: 0.0000790 seconds
247.985: Application time: 0.0669670 seconds
247.985: [GC247.985: [ParNew: 15560K->715K(16640K), 0.0004310 secs] 37294K->22449K(55552K), 0.0004590 secs] [Times: user=0.00 sys=0.00, real=0.00 secs] 
247.985: Total time for which application threads were stopped: 0.0005590 seconds, Stopping threads took: 0.0000470 seconds
248.053: Application time: 0.0671210 seconds
248.053: [GC248.053: [ParNew: 15563K->743K(16640K), 0.0004460 secs] 37297K->22477K(55552K), 0.0004740 secs] [Times: user=0.00 sys=0.00, real=0.00 secs] 
248.053: Total time for which application threads were stopped: 0.0005870 seconds, Stopping threads took: 0.0000560 seconds
248.120: Application time: 0.0667620 seconds
248.120: [GC248.120: [ParNew: 15591K->543K(16640K), 0.0005010 secs] 37325K->22496K(55552K), 0.0005260 secs] [Times: user=0.01 sys=0.00, real=0.00 secs] 
248.121: Total time for which application threads were stopped: 0.0006440 seconds, Stopping threads took: 0.0000630 seconds
248.168: Application time: 0.0473390 seconds
248.168: [GC248.168: [ParNew: 15387K->826K(16640K), 0.0005500 secs] 37340K->22840K(55552K), 0.0005730 secs] [Times: user=0.00 sys=0.00, real=0.00 secs] 
248.169: Total time for which application threads were stopped: 0.0006960 seconds, Stopping threads took: 0.0000650 seconds
248.205: Application time: 0.0366160 seconds
248.205: [GC248.205: [ParNew: 15673K->915K(16640K), 0.0005080 secs] 37687K->23115K(55552K), 0.0005360 secs] [Times: user=0.01 sys=0.00, real=0.00 secs] 
248.206: Total time for which application threads were stopped: 0.0006410 seconds, Stopping threads took: 0.0000470 seconds
248.238: Application time: 0.0325940 seconds
248.239: [GC248.239: [ParNew: 15760K->1323K(16640K), 0.0005470 secs] 37960K->23523K(55552K), 0.0005720 secs] [Times: user=0.00 sys=0.00, real=0.01 secs] 
248.239: Total time for which application threads were stopped: 0.0006880 seconds, Stopping threads took: 0.0000610 seconds
248.280: Application time: 0.0413750 seconds
248.281: [GC248.281: [ParNew: 16169K->1185K(16640K), 0.0006130 secs] 38369K->23661K(55552K), 0.0006400 secs] [Times: user=0.01 sys=0.00, real=0.00 secs] 
248.281: Total time for which application threads were stopped: 0.0007340 seconds, Stopping threads took: 0.0000450 seconds
248.343: Application time: 0.0614430 seconds
248.347: [GC248.347: [ParNew: 16031K->1140K(16640K), 0.0005460 secs] 38507K->23617K(55552K), 0.0005740 secs] [Times: user=0.00 sys=0.00, real=0.00 secs] 
248.348: Total time for which application threads were stopped: 0.0050610 seconds, Stopping threads took: 0.0044330 seconds
248.413: Application time: 0.0651650 seconds
248.413: [GC248.413: [ParNew: 15986K->775K(16640K), 0.0005870 secs] 38462K->23689K(55552K), 0.0006160 secs] [Times: user=0.00 sys=0.00, real=0.00 secs] 
248.414: Total time for which application threads were stopped: 0.0007340 seconds, Stopping threads took: 0.0000590 seconds
248.479: Application time: 0.0650300 seconds
248.479: [GC248.479: [ParNew: 15622K->663K(16640K), 0.0003870 secs] 38536K->23576K(55552K), 0.0004150 secs] [Times: user=0.01 sys=0.00, real=0.01 secs] 
248.479: Total time for which application threads were stopped: 0.0005490 seconds, Stopping threads took: 0.0000630 seconds
248.544: Application time: 0.0651850 seconds
248.544: [GC248.545: [ParNew: 15510K->625K(16640K), 0.0003890 secs] 38424K->23538K(55552K), 0.0004250 secs] [Times: user=0.00 sys=0.00, real=0.00 secs] 
248.545: Total time for which application threads were stopped: 0.0005480 seconds, Stopping threads took: 0.0000700 seconds
248.607: Application time: 0.0623970 seconds
248.607: [GC248.607: [ParNew: 15470K->883K(16640K), 0.0005100 secs] 38383K->23796K(55552K), 0.0005340 secs] [Times: user=0.00 sys=0.00, real=0.00 secs] 
248.608: Total time for which application threads were stopped: 0.0006420 seconds, Stopping threads took: 0.0000500 seconds
248.668: Application time: 0.0602360 seconds
248.671: [GC248.671: [ParNew: 15731K->1068K(16640K), 0.0004320 secs] 38644K->23981K(55552K), 0.0004590 secs] [Times: user=0.00 sys=0.00, real=0.00 secs] 
248.672: Total time for which application threads were stopped: 0.0033590 seconds, Stopping threads took: 0.0028420 seconds
248.739: Application time: 0.0673060 seconds
248.739: [GC248.739: [ParNew: 15915K->914K(16640K), 0.0004980 secs] 38829K->24079K(55552K), 0.0005280 secs] [Times: user=0.00 sys=0.00, real=0.01 secs] 
248.740: Total time for which application threads were stopped: 0.0006590 seconds, Stopping threads took: 0.0000780 seconds
248.807: Application time: 0.0670620 seconds
248.807: [GC248.807: [ParNew: 15762K->738K(16640K), 0.0004470 secs] 38927K->23903K(55552K), 0.0004730 secs] [Times: user=0.00 sys=0.00, real=0.01 secs] 
248.807: Total time for which application threads were stopped: 0.0006000 seconds, Stopping threads took: 0.0000700 seconds
248.874: Application time: 0.0668530 seconds
248.874: [GC248.874: [ParNew: 15585K->728K(16640K), 0.0005040 secs] 38750K->23893K(55552K), 0.0005310 secs] [Times: user=0.01 sys=0.00, real=0.00 secs] 
248.875: Total time for which application threads were stopped: 0.0006580 seconds, Stopping threads took: 0.0000680 seconds
248.941: Application time: 0.0667540 seconds
248.942: [GC248.942: [ParNew: 15575K->791K(16640K), 0.0004100 secs] 38740K->23956K(55552K), 0.0004350 secs] [Times: user=0.00 sys=0.00, real=0.00 secs] 
248.942: Total time for which application threads were stopped: 0.0005390 seconds, Stopping threads took: 0.0000520 seconds
249.006: Application time: 0.0643800 seconds
249.007: [GC249.007: [ParNew: 15636K->952K(16640K), 0.0004500 secs] 38801K->24117K(55552K), 0.0004770 secs] [Times: user=0.00 sys=0.00, real=0.00 secs] 
249.007: Total time for which application threads were stopped: 0.0006060 seconds, Stopping threads took: 0.0000610 seconds
249.056: Application time: 0.0489940 seconds
249.056: [GC249.056: [ParNew: 15796K->238K(16640K), 0.0004940 secs] 38961K->24102K(55552K), 0.0005220 secs] [Times: user=0.00 sys=0.00, real=0.00 secs] 
249.057: Total time for which application threads were stopped: 0.0006300 seconds, Stopping threads took: 0.0000490 seconds
249.113: Application time: 0.0562490 seconds
249.113: [GC249.113: [ParNew: 15084K->406K(16640K), 0.0003820 secs] 38947K->24270K(55552K), 0.0004090 secs] [Times: user=0.00 sys=0.00, real=0.00 secs] 
249.113: Total time for which application threads were stopped: 0.0005350 seconds, Stopping threads took: 0.0000670 seconds
249.169: Application time: 0.0551780 seconds
249.169: [GC249.169: [ParNew: 15251K->422K(16640K), 0.0003500 secs] 39115K->24286K(55552K), 0.0003770 secs] [Times: user=0.00 sys=0.00, real=0.00 secs] 
249.169: Total time for which application threads were stopped: 0.0005090 seconds, Stopping threads took: 0.0000750 seconds
249.234: Application time: 0.0651430 seconds
249.234: [GC249.234: [ParNew: 15267K->415K(16640K), 0.0004310 secs] 39131K->24279K(55552K), 0.0004580 secs] [Times: user=0.01 sys=0.00, real=0.00 secs] 
249.235: Total time for which application threads were stopped: 0.0005670 seconds, Stopping threads took: 0.0000580 seconds
249.301: Application time: 0.0666660 seconds
249.302: [GC249.302: [ParNew: 15262K->415K(16640K), 0.0003940 secs] 39126K->24279K(55552K), 0.0004200 secs] [Times: user=0.00 sys=0.00, real=0.00 secs] 
249.302: Total time for which application threads were stopped: 0.0005390 seconds, Stopping threads took: 0.0000650 seconds
249.368: Application time: 0.0661650 seconds
249.368: [GC249.368: [ParNew: 15263K->418K(16640K), 0.0003440 secs] 39127K->24281K(55552K), 0.0003800 secs] [Times: user=0.00 sys=0.00, real=0.00 secs] 
249.369: Total time for which application threads were stopped: 0.0004950 seconds, Stopping threads took: 0.0000590 seconds
249.434: Application time: 0.0648130 seconds
249.434: [GC249.434: [ParNew: 15265K->465K(16640K), 0.0003770 secs] 39129K->24329K(55552K), 0.0004040 secs] [Times: user=0.00 sys=0.00, real=0.00 secs] 
249.434: Total time for which application threads were stopped: 0.0005020 seconds, Stopping threads took: 0.0000490 seconds
249.489: Application time: 0.0552130 seconds
249.489: [GC249.489: [ParNew: 15311K->645K(16640K), 0.0004070 secs] 39174K->24509K(55552K), 0.0004350 secs] [Times: user=0.01 sys=0.00, real=0.00 secs] 
249.490: Total time for which application threads were stopped: 0.0005440 seconds, Stopping threads took: 0.0000540 seconds
249.544: Application time: 0.0541490 seconds
249.544: [GC249.544: [ParNew: 15490K->683K(16640K), 0.0004290 secs] 39354K->24546K(55552K), 0.0004510 secs] [Times: user=0.01 sys=0.00, real=0.00 secs] 
249.544: Total time for which application threads were stopped: 0.0005560 seconds, Stopping threads took: 0.0000420 seconds
249.610: Application time: 0.0653650 seconds
249.610: [GC249.610: [ParNew: 15530K->722K(16640K), 0.0004180 secs] 39394K->24586K(55552K), 0.0004450 secs] [Times: user=0.00 sys=0.00, real=0.00 secs] 
249.610: Total time for which application threads were stopped: 0.0005720 seconds, Stopping threads took: 0.0000730 seconds
249.678: Application time: 0.0671640 seconds
249.678: [GC249.678: [ParNew: 15569K->749K(16640K), 0.0004120 secs] 39433K->24613K(55552K), 0.0004420 secs] [Times: user=0.00 sys=0.00, real=0.00 secs] 
249.678: Total time for which application threads were stopped: 0.0005700 seconds, Stopping threads took: 0.0000690 seconds
249.745: Application time: 0.0668570 seconds
249.745: [GC249.745: [ParNew: 15597K->756K(16640K), 0.0004340 secs] 39461K->24620K(55552K), 0.0004600 secs] [Times: user=0.00 sys=0.00, real=0.00 secs] 
249.746: Total time for which application threads were stopped: 0.0005720 seconds, Stopping threads took: 0.0000610 seconds
249.812: Application time: 0.0666400 seconds
249.812: [GC249.812: [ParNew: 15603K->689K(16640K), 0.0004200 secs] 39467K->24581K(55552K), 0.0004470 secs] [Times: user=0.00 sys=0.00, real=0.00 secs] 
249.813: Total time for which application threads were stopped: 0.0005650 seconds, Stopping threads took: 0.0000620 seconds
249.879: Application time: 0.0662150 seconds
249.879: [GC249.879: [ParNew: 15536K->552K(16640K), 0.0004480 secs] 39429K->24634K(55552K), 0.0004760 secs] [Times: user=0.00 sys=0.00, real=0.00 secs] 
249.880: Total time for which application threads were stopped: 0.0005850 seconds, Stopping threads took: 0.0000520 seconds
249.920: Application time: 0.0400920 seconds
249.920: [GC249.920: [ParNew: 15397K->751K(16640K), 0.0004880 secs] 39479K->25052K(55552K), 0.0005130 secs] [Times: user=0.00 sys=0.00, real=0.00 secs] 
249.920: Total time for which application threads were stopped: 0.0006320 seconds, Stopping threads took: 0.0000600 seconds
249.956: Application time: 0.0361120 seconds
249.957: [GC249.957: [ParNew: 15595K->926K(16640K), 0.0005500 secs] 39896K->25256K(55552K), 0.0005760 secs] [Times: user=0.00 sys=0.00, real=0.00 secs] 
249.957: Total time for which application threads were stopped: 0.0006850 seconds, Stopping threads took: 0.0000540 seconds
249.989: Application time: 0.0322410 seconds
249.989: [GC249.989: [ParNew: 15770K->1324K(16640K), 0.0005380 secs] 40100K->25654K(55552K), 0.0005650 secs] [Times: user=0.00 sys=0.00, real=0.00 secs] 
249.990: Total time for which application threads were stopped: 0.0006730 seconds, Stopping threads took: 0.0000570 seconds
250.038: Application time: 0.0475520 seconds
250.038: [GC250.038: [ParNew: 16171K->959K(16640K), 0.0005520 secs] 40501K->25565K(55552K), 0.0005810 secs] [Times: user=0.01 sys=0.00, real=0.00 secs] 
250.038: Total time for which application threads were stopped: 0.0006940 seconds, Stopping threads took: 0.0000530 seconds
250.100: Application time: 0.0617370 seconds
250.100: [GC250.100: [ParNew: 15807K->1150K(16640K), 0.0005450 secs] 40413K->25756K(55552K), 0.0005720 secs] [Times: user=0.01 sys=0.00, real=0.00 secs] 
250.101: Total time for which application threads were stopped: 0.0007010 seconds, Stopping threads took: 0.0000640 seconds
250.166: Application time: 0.0649070 seconds
250.166: [GC250.166: [ParNew: 15995K->636K(16640K), 0.0005120 secs] 40601K->25704K(55552K), 0.0005390 secs] [Times: user=0.01 sys=0.00, real=0.00 secs] 
250.166: Total time for which application threads were stopped: 0.0006580 seconds, Stopping threads took: 0.0000610 seconds
250.231: Application time: 0.0650120 seconds
250.231: [GC250.231: [ParNew: 15483K->638K(16640K), 0.0003760 secs] 40552K->25706K(55552K), 0.0004040 secs] [Times: user=0.00 sys=0.00, real=0.00 secs] 
250.232: Total time for which application threads were stopped: 0.0005170 seconds, Stopping threads took: 0.0000550 seconds
250.297: Application time: 0.0649740 seconds
250.299: [GC250.299: [ParNew: 15485K->595K(16640K), 0.0004390 secs] 40554K->25663K(55552K), 0.0004670 secs] [Times: user=0.00 sys=0.00, real=0.00 secs] 
250.300: Total time for which application threads were stopped: 0.0027730 seconds, Stopping threads took: 0.0022520 seconds
250.360: Application time: 0.0607920 seconds
250.361: [GC250.361: [ParNew: 15441K->1165K(16640K), 0.0004840 secs] 40510K->26233K(55552K), 0.0005120 secs] [Times: user=0.00 sys=0.00, real=0.00 secs] 
250.361: Total time for which application threads were stopped: 0.0006450 seconds, Stopping threads took: 0.0000750 seconds
250.423: Application time: 0.0617600 seconds
250.423: [GC250.423: [ParNew: 16010K->1134K(16640K), 0.0005240 secs] 41079K->26368K(55552K), 0.0005520 secs] [Times: user=0.00 sys=0.00, real=0.00 secs] 
250.423: Total time for which application threads were stopped: 0.0006710 seconds, Stopping threads took: 0.0000610 seconds
250.490: Application time: 0.0669710 seconds
250.491: [GC250.491: [ParNew: 15980K->679K(16640K), 0.0004930 secs] 41214K->26293K(55552K), 0.0005200 secs] [Times: user=0.01 sys=0.00, real=0.00 secs] 
250.491: Total time for which application threads were stopped: 0.0006270 seconds, Stopping threads took: 0.0000550 seconds
250.558: Application time: 0.0669030 seconds
250.558: [GC250.558: [ParNew: 15526K->675K(16640K), 0.0004070 secs] 41140K->26289K(55552K), 0.0004340 secs] [Times: user=0.00 sys=0.00, real=0.00 secs] 
250.559: Total time for which application threads were stopped: 0.0005490 seconds, Stopping threads took: 0.0000630 seconds
250.625: Application time: 0.0665930 seconds
250.625: [GC250.625: [ParNew: 15523K->680K(16640K), 0.0003930 secs] 41137K->26294K(55552K), 0.0004190 secs] [Times: user=0.00 sys=0.00, real=0.00 secs] 
250.626: Total time for which application threads were stopped: 0.0005490 seconds, Stopping threads took: 0.0000640 seconds
250.693: Application time: 0.0669620 seconds
250.695: [GC250.695: [ParNew: 15527K->642K(16640K), 0.0004320 secs] 41141K->26256K(55552K), 0.0004590 secs] [Times: user=0.00 sys=0.00, real=0.00 secs] 
250.696: Total time for which application threads were stopped: 0.0029450 seconds, Stopping threads took: 0.0024320 seconds
250.752: Application time: 0.0561870 seconds
250.752: [GC250.752: [ParNew: 15490K->814K(16640K), 0.0004490 secs] 41104K->26428K(55552K), 0.0004760 secs] [Times: user=0.00 sys=0.00, real=0.00 secs] 
250.752: Total time for which application threads were stopped: 0.0005840 seconds, Stopping threads took: 0.0000510 seconds
250.809: Application time: 0.0567830 seconds
250.809: [GC250.809: [ParNew: 15661K->289K(16640K), 0.0004730 secs] 41275K->26473K(55552K), 0.0004990 secs] [Times: user=0.01 sys=0.00, real=0.00 secs] 
250.810: Total time for which application threads were stopped: 0.0006180 seconds, Stopping threads took: 0.0000630 seconds
250.864: Application time: 0.0546940 seconds
250.865: [GC250.865: [ParNew: 15135K->421K(16640K), 0.0003570 secs] 41320K->26605K(55552K), 0.0003900 secs] [Times: user=0.01 sys=0.00, real=0.00 secs] 
250.865: Total time for which application threads were stopped: 0.0005040 seconds, Stopping threads took: 0.0000570 seconds
250.923: Application time: 0.0575840 seconds
250.923: [GC250.923: [ParNew: 15266K->423K(16640K), 0.0003770 secs] 41451K->26607K(55552K), 0.0004040 secs] [Times: user=0.01 sys=0.00, real=0.00 secs] 
250.923: Total time for which application threads were stopped: 0.0005230 seconds, Stopping threads took: 0.0000600 seconds
250.988: Application time: 0.0653320 seconds
250.989: [GC250.989: [ParNew: 15268K->421K(16640K), 0.0003970 secs] 41452K->26605K(55552K), 0.0004260 secs] [Times: user=0.00 sys=0.00, real=0.00 secs] 
250.989: Total time for which application threads were stopped: 0.0005470 seconds, Stopping threads took: 0.0000670 seconds
251.055: Application time: 0.0662980 seconds
251.055: [GC251.055: [ParNew: 15268K->403K(16640K), 0.0003650 secs] 41452K->26587K(55552K), 0.0003930 secs] [Times: user=0.00 sys=0.00, real=0.00 secs] 
251.056: Total time for which application threads were stopped: 0.0005180 seconds, Stopping threads took: 0.0000700 seconds
251.123: Application time: 0.0672580 seconds
251.123: [GC251.123: [ParNew: 15250K->420K(16640K), 0.0004120 secs] 41434K->26605K(55552K), 0.0004400 secs] [Times: user=0.00 sys=0.00, real=0.00 secs] 
251.124: Total time for which application threads were stopped: 0.0005500 seconds, Stopping threads took: 0.0000510 seconds
251.187: Application time: 0.0638270 seconds
251.188: [GC251.188: [ParNew: 15268K->451K(16640K), 0.0003510 secs] 41452K->26635K(55552K), 0.0003770 secs] [Times: user=0.00 sys=0.00, real=0.00 secs] 
251.188: Total time for which application threads were stopped: 0.0004930 seconds, Stopping threads took: 0.0000580 seconds
251.238: Application time: 0.0505310 seconds
251.239: [GC251.239: [ParNew: 15295K->643K(16640K), 0.0004070 secs] 41479K->26828K(55552K), 0.0004340 secs] [Times: user=0.00 sys=0.00, real=0.00 secs] 
251.239: Total time for which application threads were stopped: 0.0005670 seconds, Stopping threads took: 0.0000800 seconds
251.298: Application time: 0.0594310 seconds
251.299: [GC251.299: [ParNew: 15487K->662K(16640K), 0.0004180 secs] 41671K->26846K(55552K), 0.0004380 secs] [Times: user=0.01 sys=0.00, real=0.00 secs] 
251.299: Total time for which application threads were stopped: 0.0005390 seconds, Stopping threads took: 0.0000510 seconds
251.364: Application time: 0.0655100 seconds
251.365: [GC251.365: [ParNew: 15508K->693K(16640K), 0.0004570 secs] 41692K->26877K(55552K), 0.0004840 secs] [Times: user=0.00 sys=0.00, real=0.00 secs] 
251.365: Total time for which application threads were stopped: 0.0006210 seconds, Stopping threads took: 0.0000780 seconds
251.432: Application time: 0.0667350 seconds
251.432: [GC251.432: [ParNew: 15540K->737K(16640K), 0.0004450 secs] 41724K->26921K(55552K), 0.0004720 secs] [Times: user=0.00 sys=0.00, real=0.00 secs] 
251.432: Total time for which application threads were stopped: 0.0006020 seconds, Stopping threads took: 0.0000730 seconds
251.499: Application time: 0.0668380 seconds
251.499: [GC251.499: [ParNew: 15585K->745K(16640K), 0.0004760 secs] 41769K->26929K(55552K), 0.0005020 secs] [Times: user=0.00 sys=0.00, real=0.00 secs] 
251.500: Total time for which application threads were stopped: 0.0006050 seconds, Stopping threads took: 0.0000500 seconds
251.567: Application time: 0.0667300 seconds
251.567: [GC251.567: [ParNew: 15593K->570K(16640K), 0.0004260 secs] 41777K->26973K(55552K), 0.0004530 secs] [Times: user=0.01 sys=0.00, real=0.01 secs] 
251.567: Total time for which application threads were stopped: 0.0005630 seconds, Stopping threads took: 0.0000540 seconds
251.632: Application time: 0.0652590 seconds
251.633: [GC251.633: [ParNew: 15417K->486K(16640K), 0.0004320 secs] 41820K->26889K(55552K), 0.0004570 secs] [Times: user=0.00 sys=0.00, real=0.00 secs] 
251.633: Total time for which application threads were stopped: 0.0005770 seconds, Stopping threads took: 0.0000640 seconds
251.668: Application time: 0.0349420 seconds
251.668: [GC251.668: [ParNew: 15331K->887K(16640K), 0.0005000 secs] 41733K->27509K(55552K), 0.0005330 secs] [Times: user=0.00 sys=0.00, real=0.00 secs] 
251.669: Total time for which application threads were stopped: 0.0006360 seconds, Stopping threads took: 0.0000450 seconds
251.702: Application time: 0.0334380 seconds
251.702: [GC251.702: [ParNew: 15732K->1320K(16640K), 0.0005230 secs] 42354K->27970K(55552K), 0.0005470 secs] [Times: user=0.01 sys=0.00, real=0.00 secs] 
251.703: Total time for which application threads were stopped: 0.0006560 seconds, Stopping threads took: 0.0000410 seconds
251.736: Application time: 0.0336820 seconds
251.737: [GC251.737: [ParNew: 16167K->751K(16640K), 0.0006000 secs] 42817K->28057K(55552K), 0.0006280 secs] [Times: user=0.00 sys=0.00, real=0.00 secs] 
251.737: Total time for which application threads were stopped: 0.0007490 seconds, Stopping threads took: 0.0000700 seconds
251.792: Application time: 0.0551220 seconds
251.792: [GC251.792: [ParNew: 15595K->1069K(16640K), 0.0004880 secs] 42902K->28376K(55552K), 0.0005140 secs] [Times: user=0.00 sys=0.00, real=0.00 secs] 
251.793: Total time for which application threads were stopped: 0.0006340 seconds, Stopping threads took: 0.0000680 seconds
251.856: Application time: 0.0630060 seconds
251.856: [GC251.856: [ParNew: 15916K->487K(16640K), 0.0005730 secs] 43223K->28421K(55552K), 0.0006030 secs] [Times: user=0.01 sys=0.00, real=0.00 secs] 
251.857: Total time for which application threads were stopped: 0.0007520 seconds, Stopping threads took: 0.0000910 seconds
251.922: Application time: 0.0651860 seconds
251.922: [GC251.922: [ParNew: 15334K->421K(16640K), 0.0003530 secs] 43269K->28356K(55552K), 0.0003800 secs] [Times: user=0.00 sys=0.00, real=0.00 secs] 
251.922: Total time for which application threads were stopped: 0.0005010 seconds, Stopping threads took: 0.0000630 seconds
251.989: Application time: 0.0664780 seconds
251.989: [GC251.989: [ParNew: 15267K->423K(16640K), 0.0004150 secs] 43201K->28358K(55552K), 0.0004410 secs] [Times: user=0.01 sys=0.00, real=0.00 secs] 
251.989: Total time for which application threads were stopped: 0.0005540 seconds, Stopping threads took: 0.0000610 seconds
252.055: Application time: 0.0653550 seconds
252.055: [GC252.055: [ParNew: 15271K->421K(16640K), 0.0003590 secs] 43205K->28356K(55552K), 0.0003860 secs] [Times: user=0.00 sys=0.00, real=0.00 secs] 
252.055: Total time for which application threads were stopped: 0.0005020 seconds, Stopping threads took: 0.0000590 seconds
252.115: Application time: 0.0601470 seconds
252.115: [GC252.116: [ParNew: 15266K->1010K(16640K), 0.0004640 secs] 43200K->28944K(55552K), 0.0004910 secs] [Times: user=0.00 sys=0.00, real=0.00 secs] 
252.116: Total time for which application threads were stopped: 0.0006040 seconds, Stopping threads took: 0.0000550 seconds
252.179: Application time: 0.0631890 seconds
252.179: [GC252.179: [ParNew: 15857K->1040K(16640K), 0.0004710 secs] 43791K->28975K(55552K), 0.0004970 secs] [Times: user=0.00 sys=0.00, real=0.00 secs] 
252.180: Total time for which application threads were stopped: 0.0006080 seconds, Stopping threads took: 0.0000530 seconds
252.247: Application time: 0.0670750 seconds
252.247: [GC252.247: [ParNew: 15887K->525K(16640K), 0.0004990 secs] 43822K->29030K(55552K), 0.0005270 secs] [Times: user=0.00 sys=0.00, real=0.01 secs] 
252.248: Total time for which application threads were stopped: 0.0006340 seconds, Stopping threads took: 0.0000460 seconds
252.315: Application time: 0.0670530 seconds
252.315: [GC252.315: [ParNew: 15372K->417K(16640K), 0.0003660 secs] 43877K->28923K(55552K), 0.0003920 secs] [Times: user=0.00 sys=0.00, real=0.00 secs] 
252.315: Total time for which application threads were stopped: 0.0005070 seconds, Stopping threads took: 0.0000580 seconds
252.382: Application time: 0.0671270 seconds
252.382: [GC252.382: [ParNew: 15263K->414K(16640K), 0.0003500 secs] 43768K->28919K(55552K), 0.0003790 secs] [Times: user=0.01 sys=0.00, real=0.00 secs] 
252.383: Total time for which application threads were stopped: 0.0005070 seconds, Stopping threads took: 0.0000690 seconds
252.450: Application time: 0.0671420 seconds
252.450: [GC252.450: [ParNew: 15261K->419K(16640K), 0.0004030 secs] 43766K->28924K(55552K), 0.0004390 secs] [Times: user=0.00 sys=0.00, real=0.00 secs] 
252.450: Total time for which application threads were stopped: 0.0005480 seconds, Stopping threads took: 0.0000570 seconds
252.501: Application time: 0.0507080 seconds
252.501: [GC252.501: [ParNew: 15265K->622K(16640K), 0.0003940 secs] 43770K->29127K(55552K), 0.0004190 secs] [Times: user=0.00 sys=0.00, real=0.00 secs] 
252.502: Total time for which application threads were stopped: 0.0005320 seconds, Stopping threads took: 0.0000580 seconds
252.563: Application time: 0.0616670 seconds
252.563: [GC252.563: [ParNew: 15468K->243K(16640K), 0.0004470 secs] 43973K->29128K(55552K), 0.0004740 secs] [Times: user=0.01 sys=0.00, real=0.00 secs] 
252.564: Total time for which application threads were stopped: 0.0005880 seconds, Stopping threads took: 0.0000570 seconds
252.617: Application time: 0.0529430 seconds
252.617: [GC252.617: [ParNew: 15088K->399K(16640K), 0.0003950 secs] 43974K->29284K(55552K), 0.0004220 secs] [Times: user=0.00 sys=0.00, real=0.00 secs] 
252.617: Total time for which application threads were stopped: 0.0005450 seconds, Stopping threads took: 0.0000650 seconds
252.677: Application time: 0.0598200 seconds
252.677: [GC252.677: [ParNew: 15242K->412K(16640K), 0.0003590 secs] 44128K->29297K(55552K), 0.0003850 secs] [Times: user=0.01 sys=0.00, real=0.00 secs] 
252.678: Total time for which application threads were stopped: 0.0004990 seconds, Stopping threads took: 0.0000560 seconds
252.743: Application time: 0.0655020 seconds
252.743: [GC252.743: [ParNew: 15258K->409K(16640K), 0.0004190 secs] 44143K->29295K(55552K), 0.0004460 secs] [Times: user=0.00 sys=0.00, real=0.00 secs] 
252.744: Total time for which application threads were stopped: 0.0005720 seconds, Stopping threads took: 0.0000720 seconds
252.811: Application time: 0.0670180 seconds
252.811: [GC252.811: [ParNew: 15257K->416K(16640K), 0.0003550 secs] 44143K->29301K(55552K), 0.0003820 secs] [Times: user=0.00 sys=0.00, real=0.00 secs] 
252.811: Total time for which application threads were stopped: 0.0005050 seconds, Stopping threads took: 0.0000570 seconds
252.878: Application time: 0.0667450 seconds
252.878: [GC252.878: [ParNew: 15263K->420K(16640K), 0.0004220 secs] 44148K->29305K(55552K), 0.0004490 secs] [Times: user=0.00 sys=0.00, real=0.00 secs] 
252.879: Total time for which application threads were stopped: 0.0005690 seconds, Stopping threads took: 0.0000620 seconds
252.937: Application time: 0.0580910 seconds
252.937: [GC252.937: [ParNew: 15267K->624K(16640K), 0.0004080 secs] 44152K->29509K(55552K), 0.0004350 secs] [Times: user=0.00 sys=0.00, real=0.00 secs] 
252.937: Total time for which application threads were stopped: 0.0005600 seconds, Stopping threads took: 0.0000670 seconds
252.990: Application time: 0.0525140 seconds
252.990: [GC252.990: [ParNew: 15470K->635K(16640K), 0.0005430 secs] 44355K->29520K(55552K), 0.0005710 secs] [Times: user=0.00 sys=0.00, real=0.00 secs] 
252.990: Total time for which application threads were stopped: 0.0006740 seconds, Stopping threads took: 0.0000510 seconds
253.053: Application time: 0.0628370 seconds
253.053: [GC253.053: [ParNew: 15481K->693K(16640K), 0.0004730 secs] 44366K->29578K(55552K), 0.0004980 secs] [Times: user=0.01 sys=0.00, real=0.00 secs] 
253.054: Total time for which application threads were stopped: 0.0006070 seconds, Stopping threads took: 0.0000580 seconds
253.121: Application time: 0.0671450 seconds
253.121: [GC253.121: [ParNew: 15540K->730K(16640K), 0.0004080 secs] 44426K->29615K(55552K), 0.0004350 secs] [Times: user=0.01 sys=0.00, real=0.00 secs] 
253.122: Total time for which application threads were stopped: 0.0005720 seconds, Stopping threads took: 0.0000780 seconds
253.189: Application time: 0.0670270 seconds
253.189: [GC253.189: [ParNew: 15577K->753K(16640K), 0.0004720 secs] 44462K->29638K(55552K), 0.0004970 secs] [Times: user=0.00 sys=0.00, real=0.00 secs] 
253.189: Total time for which application threads were stopped: 0.0006020 seconds, Stopping threads took: 0.0000480 seconds
253.256: Application time: 0.0667710 seconds
253.256: [GC253.256: [ParNew: 15600K->764K(16640K), 0.0016150 secs] 44485K->29649K(55552K), 0.0016420 secs] [Times: user=0.02 sys=0.00, real=0.00 secs] 
253.258: Total time for which application threads were stopped: 0.0017490 seconds, Stopping threads took: 0.0000510 seconds
253.325: Application time: 0.0666980 seconds
253.325: [GC253.325: [ParNew: 15611K->559K(16640K), 0.0005450 secs] 44497K->29663K(55552K), 0.0005700 secs] [Times: user=0.00 sys=0.00, real=0.00 secs] 
253.325: Total time for which application threads were stopped: 0.0007120 seconds, Stopping threads took: 0.0000780 seconds
253.386: Application time: 0.0611460 seconds
253.386: [GC253.386: [ParNew: 15405K->732K(16640K), 0.0004790 secs] 44509K->29836K(55552K), 0.0005070 secs] [Times: user=0.00 sys=0.00, real=0.00 secs] 
253.387: Total time for which application threads were stopped: 0.0006150 seconds, Stopping threads took: 0.0000500 seconds
253.422: Application time: 0.0354300 seconds
253.423: [GC253.423: [ParNew: 15579K->852K(16640K), 0.0005500 secs] 44683K->30203K(55552K), 0.0005780 secs] [Times: user=0.00 sys=0.01, real=0.00 secs] 
253.423: Total time for which application threads were stopped: 0.0006890 seconds, Stopping threads took: 0.0000520 seconds
253.454: Application time: 0.0304100 seconds
253.455: [GC253.455: [ParNew: 15700K->1344K(16640K), 0.0005690 secs] 45051K->30695K(55552K), 0.0005970 secs] [Times: user=0.00 sys=0.00, real=0.00 secs] 
253.456: Total time for which application threads were stopped: 0.0022180 seconds, Stopping threads took: 0.0015630 seconds
253.494: Application time: 0.0384530 seconds
253.495: [GC253.495: [ParNew: 16190K->917K(16640K), 0.0007740 secs] 45541K->30736K(55552K), 0.0008070 secs] [Times: user=0.00 sys=0.00, real=0.00 secs] 
253.495: Total time for which application threads were stopped: 0.0012230 seconds, Stopping threads took: 0.0003430 seconds
253.565: Application time: 0.0692120 seconds
253.565: [GC253.565: [ParNew: 15765K->1121K(16640K), 0.0005380 secs] 45583K->30939K(55552K), 0.0005640 secs] [Times: user=0.01 sys=0.00, real=0.00 secs] 
253.565: Total time for which application threads were stopped: 0.0006980 seconds, Stopping threads took: 0.0000760 seconds
253.639: Application time: 0.0737380 seconds
253.639: [GC253.639: [ParNew: 15966K->925K(16640K), 0.0006070 secs] 45784K->30962K(55552K), 0.0006350 secs] [Times: user=0.00 sys=0.00, real=0.00 secs] 
253.640: Total time for which application threads were stopped: 0.0008530 seconds, Stopping threads took: 0.0001580 seconds
253.710: Application time: 0.0701040 seconds
253.710: [GC253.710: [ParNew: 15771K->997K(16640K), 0.0004130 secs] 45808K->31033K(55552K), 0.0004420 secs] [Times: user=0.00 sys=0.00, real=0.00 secs] 
253.711: Total time for which application threads were stopped: 0.0005800 seconds, Stopping threads took: 0.0000840 seconds
253.781: Application time: 0.0699660 seconds
253.781: [GC253.781: [ParNew: 15845K->844K(16640K), 0.0004710 secs] 45881K->30881K(55552K), 0.0005000 secs] [Times: user=0.00 sys=0.00, real=0.00 secs] 
253.781: Total time for which application threads were stopped: 0.0006280 seconds, Stopping threads took: 0.0000690 seconds
253.848: Application time: 0.0664820 seconds
253.848: [GC253.848: [ParNew: 15691K->883K(16640K), 0.0004360 secs] 45728K->30919K(55552K), 0.0004620 secs] [Times: user=0.01 sys=0.00, real=0.00 secs] 
253.848: Total time for which application threads were stopped: 0.0006100 seconds, Stopping threads took: 0.0000850 seconds
253.910: Application time: 0.0611880 seconds
253.910: [GC253.910: [ParNew: 15727K->898K(16640K), 0.0004660 secs] 45764K->30935K(55552K), 0.0004920 secs] [Times: user=0.01 sys=0.00, real=0.00 secs] 
253.910: Total time for which application threads were stopped: 0.0006350 seconds, Stopping threads took: 0.0000850 seconds
253.973: Application time: 0.0626210 seconds
253.973: [GC253.973: [ParNew: 15745K->1030K(16640K), 0.0004910 secs] 45781K->31095K(55552K), 0.0005270 secs] [Times: user=0.00 sys=0.00, real=0.00 secs] 
253.973: Total time for which application threads were stopped: 0.0006490 seconds, Stopping threads took: 0.0000650 seconds
254.040: Application time: 0.0668370 seconds
254.040: [GC254.040: [ParNew: 15877K->479K(16640K), 0.0005230 secs] 45943K->31114K(55552K), 0.0005500 secs] [Times: user=0.00 sys=0.00, real=0.00 secs] 
254.041: Total time for which application threads were stopped: 0.0006530 seconds, Stopping threads took: 0.0000540 seconds
254.108: Application time: 0.0667560 seconds
254.108: [GC254.108: [ParNew: 15326K->414K(16640K), 0.0003820 secs] 45961K->31049K(55552K), 0.0004100 secs] [Times: user=0.00 sys=0.00, real=0.00 secs] 
254.108: Total time for which application threads were stopped: 0.0005190 seconds, Stopping threads took: 0.0000560 seconds
254.175: Application time: 0.0665110 seconds
254.175: [GC254.175: [ParNew: 15261K->437K(16640K), 0.0004000 secs] 45896K->31072K(55552K), 0.0004280 secs] [Times: user=0.00 sys=0.00, real=0.00 secs] 
254.175: Total time for which application threads were stopped: 0.0005510 seconds, Stopping threads took: 0.0000660 seconds
254.236: Application time: 0.0606500 seconds
254.236: [GC254.236: [ParNew: 15283K->629K(16640K), 0.0003870 secs] 45919K->31264K(55552K), 0.0004130 secs] [Times: user=0.01 sys=0.00, real=0.00 secs] 
254.236: Total time for which application threads were stopped: 0.0005240 seconds, Stopping threads took: 0.0000520 seconds
254.290: Application time: 0.0532150 seconds
254.290: [GC254.290: [ParNew: 15476K->611K(16640K), 0.0004790 secs] 46111K->31246K(55552K), 0.0005020 secs] [Times: user=0.00 sys=0.00, real=0.00 secs] 
254.290: Total time for which application threads were stopped: 0.0006000 seconds, Stopping threads took: 0.0000440 seconds
254.353: Application time: 0.0627040 seconds
254.353: [GC254.353: [ParNew: 15455K->404K(16640K), 0.0004650 secs] 46090K->31419K(55552K), 0.0004910 secs] [Times: user=0.00 sys=0.00, real=0.00 secs] 
254.354: Total time for which application threads were stopped: 0.0006160 seconds, Stopping threads took: 0.0000630 seconds
254.402: Application time: 0.0488610 seconds
254.403: [GC254.403: [ParNew: 15248K->432K(16640K), 0.0004050 secs] 46263K->31447K(55552K), 0.0004320 secs] [Times: user=0.01 sys=0.00, real=0.00 secs] 
254.403: Total time for which application threads were stopped: 0.0005500 seconds, Stopping threads took: 0.0000650 seconds
254.468: Application time: 0.0649260 seconds
254.468: [GC254.468: [ParNew: 15276K->419K(16640K), 0.0003870 secs] 46292K->31434K(55552K), 0.0004130 secs] [Times: user=0.00 sys=0.00, real=0.00 secs] 
254.468: Total time for which application threads were stopped: 0.0005350 seconds, Stopping threads took: 0.0000660 seconds
254.535: Application time: 0.0666710 seconds
254.535: [GC254.535: [ParNew: 15266K->411K(16640K), 0.0004280 secs] 46282K->31426K(55552K), 0.0004560 secs] [Times: user=0.00 sys=0.00, real=0.00 secs] 
254.536: Total time for which application threads were stopped: 0.0005790 seconds, Stopping threads took: 0.0000670 seconds
254.602: Application time: 0.0667490 seconds
254.603: [GC254.603: [ParNew: 15256K->428K(16640K), 0.0003650 secs] 46272K->31444K(55552K), 0.0003920 secs] [Times: user=0.01 sys=0.00, real=0.00 secs] 
254.604: Total time for which application threads were stopped: 0.0010890 seconds, Stopping threads took: 0.0006450 seconds
254.666: Application time: 0.0625510 seconds
254.666: [GC254.666: [ParNew: 15275K->634K(16640K), 0.0004000 secs] 46290K->31650K(55552K), 0.0004270 secs] [Times: user=0.01 sys=0.00, real=0.00 secs] 
254.667: Total time for which application threads were stopped: 0.0005380 seconds, Stopping threads took: 0.0000520 seconds
254.715: Application time: 0.0483790 seconds
254.715: [GC254.715: [ParNew: 15481K->635K(16640K), 0.0004570 secs] 46496K->31650K(55552K), 0.0004840 secs] [Times: user=0.00 sys=0.00, real=0.00 secs] 
254.716: Total time for which application threads were stopped: 0.0006150 seconds, Stopping threads took: 0.0000740 seconds
254.779: Application time: 0.0637030 seconds
254.779: [GC254.779: [ParNew: 15479K->663K(16640K), 0.0004610 secs] 46494K->31679K(55552K), 0.0004970 secs] [Times: user=0.00 sys=0.00, real=0.00 secs] 
254.780: Total time for which application threads were stopped: 0.0006190 seconds, Stopping threads took: 0.0000650 seconds
254.845: Application time: 0.0655270 seconds
254.846: [GC254.846: [ParNew: 15511K->733K(16640K), 0.0005360 secs] 46526K->31748K(55552K), 0.0005660 secs] [Times: user=0.00 sys=0.00, real=0.00 secs] 
254.846: Total time for which application threads were stopped: 0.0007060 seconds, Stopping threads took: 0.0000880 seconds
254.913: Application time: 0.0668220 seconds
254.913: [GC254.913: [ParNew: 15580K->712K(16640K), 0.0004970 secs] 46596K->31727K(55552K), 0.0005270 secs] [Times: user=0.00 sys=0.00, real=0.00 secs] 
254.914: Total time for which application threads were stopped: 0.0006890 seconds, Stopping threads took: 0.0000920 seconds
254.981: Application time: 0.0668890 seconds
254.981: [GC254.981: [ParNew: 15559K->756K(16640K), 0.0004770 secs] 46575K->31771K(55552K), 0.0005040 secs] [Times: user=0.00 sys=0.00, real=0.00 secs] 
254.981: Total time for which application threads were stopped: 0.0006230 seconds, Stopping threads took: 0.0000600 seconds
255.048: Application time: 0.0669220 seconds
255.048: [GC255.048: [ParNew: 15603K->548K(16640K), 0.0004490 secs] 46619K->31782K(55552K), 0.0004760 secs] [Times: user=0.01 sys=0.00, real=0.00 secs] 
255.049: Total time for which application threads were stopped: 0.0005910 seconds, Stopping threads took: 0.0000630 seconds
255.114: Application time: 0.0651390 seconds
255.114: [GC255.114: [ParNew: 15394K->470K(16640K), 0.0003970 secs] 46628K->31704K(55552K), 0.0004240 secs] [Times: user=0.01 sys=0.00, real=0.00 secs] 
255.114: Total time for which application threads were stopped: 0.0005480 seconds, Stopping threads took: 0.0000700 seconds
255.177: Application time: 0.0623780 seconds
255.179: [GC255.179: [ParNew: 15318K->636K(16640K), 0.0004290 secs] 46552K->31899K(55552K), 0.0004570 secs] [Times: user=0.00 sys=0.00, real=0.00 secs] 
255.180: Total time for which application threads were stopped: 0.0027850 seconds, Stopping threads took: 0.0022700 seconds
255.211: Application time: 0.0314820 seconds
255.211: [GC255.211: [ParNew: 15483K->878K(16640K), 0.0005170 secs] 46746K->32359K(55552K), 0.0005430 secs] [Times: user=0.01 sys=0.00, real=0.00 secs] 
255.212: Total time for which application threads were stopped: 0.0006680 seconds, Stopping threads took: 0.0000660 seconds
255.243: Application time: 0.0312410 seconds
255.243: [GC255.243: [ParNew: 15723K->1316K(16640K), 0.0005440 secs] 47204K->32798K(55552K), 0.0005710 secs] [Times: user=0.00 sys=0.00, real=0.00 secs] 
255.244: Total time for which application threads were stopped: 0.0006880 seconds, Stopping threads took: 0.0000660 seconds
255.281: Application time: 0.0373800 seconds
255.281: [GC255.281: [ParNew: 16160K->568K(16640K), 0.0005970 secs] 47642K->32925K(55552K), 0.0006250 secs] [Times: user=0.00 sys=0.00, real=0.00 secs] 
255.282: Total time for which application threads were stopped: 0.0007380 seconds, Stopping threads took: 0.0000550 seconds
255.282: Application time: 0.0000190 seconds
255.282: [GC [1 CMS-initial-mark: 32356K(38912K)] 32936K(55552K), 0.0001230 secs] [Times: user=0.00 sys=0.00, real=0.00 secs] 
255.282: Total time for which application threads were stopped: 0.0001620 seconds, Stopping threads took: 0.0000220 seconds
255.282: [CMS-concurrent-mark-start]
255.287: [CMS-concurrent-mark: 0.005/0.005 secs] [Times: user=0.04 sys=0.00, real=0.01 secs] 
255.287: [CMS-concurrent-preclean-start]
255.288: [CMS-concurrent-preclean: 0.000/0.000 secs] [Times: user=0.00 sys=0.00, real=0.00 secs] 
255.288: Application time: 0.0055930 seconds
255.291: [GC[YG occupancy: 1761 K (16640 K)]255.291: [Rescan (parallel) , 0.0001270 secs]255.291: [weak refs processing, 0.0000770 secs]255.291: [scrub string table, 0.0000990 secs] [1 CMS-remark: 32356K(38912K)] 34118K(55552K), 0.0003310 secs] [Times: user=0.00 sys=0.00, real=0.00 secs] 
255.291: Total time for which application threads were stopped: 0.0038950 seconds, Stopping threads took: 0.0035330 seconds
255.292: [CMS-concurrent-sweep-start]
255.294: [CMS-concurrent-sweep: 0.003/0.003 secs] [Times: user=0.00 sys=0.00, real=0.00 secs] 
255.294: [CMS-concurrent-reset-start]
255.295: [CMS-concurrent-reset: 0.000/0.000 secs] [Times: user=0.00 sys=0.00, real=0.00 secs] 
255.347: Application time: 0.0554850 seconds
255.347: [GC255.347: [ParNew: 15413K->1032K(16640K), 0.0005620 secs] 18176K->3795K(55552K), 0.0005900 secs] [Times: user=0.01 sys=0.00, real=0.00 secs] 
255.348: Total time for which application threads were stopped: 0.0007380 seconds, Stopping threads took: 0.0000960 seconds
255.412: Application time: 0.0644570 seconds
255.412: [GC255.412: [ParNew: 15879K->1082K(16640K), 0.0004700 secs] 18642K->3874K(55552K), 0.0004960 secs] [Times: user=0.00 sys=0.00, real=0.00 secs] 
255.413: Total time for which application threads were stopped: 0.0006190 seconds, Stopping threads took: 0.0000690 seconds
255.478: Application time: 0.0650000 seconds
255.478: [GC255.478: [ParNew: 15929K->298K(16640K), 0.0005060 secs] 18721K->3850K(55552K), 0.0005330 secs] [Times: user=0.00 sys=0.00, real=0.00 secs] 
255.478: Total time for which application threads were stopped: 0.0006670 seconds, Stopping threads took: 0.0000660 seconds
255.544: Application time: 0.0653480 seconds
255.544: [GC255.544: [ParNew: 15145K->224K(16640K), 0.0003940 secs] 18697K->3776K(55552K), 0.0004200 secs] [Times: user=0.01 sys=0.00, real=0.00 secs] 
255.544: Total time for which application threads were stopped: 0.0005420 seconds, Stopping threads took: 0.0000700 seconds
255.610: Application time: 0.0654350 seconds
255.610: [GC255.610: [ParNew: 15071K->203K(16640K), 0.0003220 secs] 18623K->3755K(55552K), 0.0003490 secs] [Times: user=0.00 sys=0.00, real=0.00 secs] 
255.610: Total time for which application threads were stopped: 0.0004510 seconds, Stopping threads took: 0.0000490 seconds
255.669: Application time: 0.0585810 seconds
255.669: [GC255.669: [ParNew: 15047K->967K(16640K), 0.0004620 secs] 18599K->4519K(55552K), 0.0004890 secs] [Times: user=0.00 sys=0.00, real=0.00 secs] 
255.669: Total time for which application threads were stopped: 0.0005960 seconds, Stopping threads took: 0.0000490 seconds
255.735: Application time: 0.0656660 seconds
255.735: [GC255.735: [ParNew: 15811K->230K(16640K), 0.0005450 secs] 19363K->4542K(55552K), 0.0005720 secs] [Times: user=0.00 sys=0.00, real=0.00 secs] 
255.736: Total time for which application threads were stopped: 0.0006930 seconds, Stopping threads took: 0.0000620 seconds
255.803: Application time: 0.0674110 seconds
255.803: [GC255.803: [ParNew: 15077K->210K(16640K), 0.0003520 secs] 19390K->4522K(55552K), 0.0003790 secs] [Times: user=0.00 sys=0.00, real=0.00 secs] 
255.804: Total time for which application threads were stopped: 0.0004970 seconds, Stopping threads took: 0.0000650 seconds
255.871: Application time: 0.0672470 seconds
255.871: [GC255.871: [ParNew: 15057K->204K(16640K), 0.0003640 secs] 19370K->4516K(55552K), 0.0004050 secs] [Times: user=0.00 sys=0.00, real=0.00 secs] 
255.871: Total time for which application threads were stopped: 0.0005230 seconds, Stopping threads took: 0.0000600 seconds
255.938: Application time: 0.0668740 seconds
255.938: [GC255.938: [ParNew: 15051K->206K(16640K), 0.0003100 secs] 19364K->4518K(55552K), 0.0003370 secs] [Times: user=0.01 sys=0.00, real=0.00 secs] 
255.939: Total time for which application threads were stopped: 0.0004850 seconds, Stopping threads took: 0.0000900 seconds
255.992: Application time: 0.0534600 seconds
255.992: [GC255.992: [ParNew: 15049K->390K(16640K), 0.0003600 secs] 19362K->4703K(55552K), 0.0003860 secs] [Times: user=0.00 sys=0.00, real=0.00 secs] 
255.993: Total time for which application threads were stopped: 0.0005030 seconds, Stopping threads took: 0.0000520 seconds
256.052: Application time: 0.0595680 seconds
256.052: [GC256.052: [ParNew: 15234K->398K(16640K), 0.0004270 secs] 19546K->4711K(55552K), 0.0004620 secs] [Times: user=0.00 sys=0.00, real=0.00 secs] 
256.053: Total time for which application threads were stopped: 0.0005610 seconds, Stopping threads took: 0.0000460 seconds
256.110: Application time: 0.0571520 seconds
256.110: [GC256.110: [ParNew: 15245K->406K(16640K), 0.0004220 secs] 19557K->4909K(55552K), 0.0004480 secs] [Times: user=0.00 sys=0.00, real=0.00 secs] 
256.111: Total time for which application threads were stopped: 0.0005420 seconds, Stopping threads took: 0.0000370 seconds
256.166: Application time: 0.0550970 seconds
256.166: [GC256.166: [ParNew: 15254K->401K(16640K), 0.0004120 secs] 19756K->4904K(55552K), 0.0004360 secs] [Times: user=0.00 sys=0.00, real=0.00 secs] 
256.166: Total time for which application threads were stopped: 0.0005460 seconds, Stopping threads took: 0.0000560 seconds
256.231: Application time: 0.0652320 seconds
256.232: [GC256.232: [ParNew: 15246K->408K(16640K), 0.0003960 secs] 19749K->4910K(55552K), 0.0004220 secs] [Times: user=0.00 sys=0.00, real=0.00 secs] 
256.232: Total time for which application threads were stopped: 0.0005420 seconds, Stopping threads took: 0.0000630 seconds
256.299: Application time: 0.0665050 seconds
256.299: [GC256.299: [ParNew: 15255K->407K(16640K), 0.0004130 secs] 19758K->4910K(55552K), 0.0004390 secs] [Times: user=0.00 sys=0.00, real=0.01 secs] 
256.299: Total time for which application threads were stopped: 0.0005390 seconds, Stopping threads took: 0.0000480 seconds
256.365: Application time: 0.0661690 seconds
256.367: [GC256.367: [ParNew: 15255K->413K(16640K), 0.0003560 secs] 19757K->4916K(55552K), 0.0003840 secs] [Times: user=0.00 sys=0.00, real=0.00 secs] 
256.368: Total time for which application threads were stopped: 0.0022510 seconds, Stopping threads took: 0.0018100 seconds
256.427: Application time: 0.0591990 seconds
256.427: [GC256.427: [ParNew: 15259K->612K(16640K), 0.0004430 secs] 19762K->5115K(55552K), 0.0004700 secs] [Times: user=0.01 sys=0.00, real=0.01 secs] 
256.427: Total time for which application threads were stopped: 0.0005840 seconds, Stopping threads took: 0.0000560 seconds
256.479: Application time: 0.0517860 seconds
256.479: [GC256.479: [ParNew: 15456K->627K(16640K), 0.0004690 secs] 19958K->5129K(55552K), 0.0004930 secs] [Times: user=0.00 sys=0.00, real=0.00 secs] 
256.480: Total time for which application threads were stopped: 0.0006090 seconds, Stopping threads took: 0.0000590 seconds
256.542: Application time: 0.0622540 seconds
256.542: [GC256.542: [ParNew: 15471K->724K(16640K), 0.0004290 secs] 19974K->5227K(55552K), 0.0004570 secs] [Times: user=0.00 sys=0.00, real=0.00 secs] 
256.543: Total time for which application threads were stopped: 0.0005760 seconds, Stopping threads took: 0.0000520 seconds
256.609: Application time: 0.0665550 seconds
256.609: [GC256.609: [ParNew: 15572K->699K(16640K), 0.0004990 secs] 20074K->5201K(55552K), 0.0005250 secs] [Times: user=0.01 sys=0.00, real=0.00 secs] 
256.610: Total time for which application threads were stopped: 0.0006370 seconds, Stopping threads took: 0.0000580 seconds
256.677: Application time: 0.0671450 seconds
256.677: [GC256.677: [ParNew: 15546K->745K(16640K), 0.0004240 secs] 20049K->5248K(55552K), 0.0004490 secs] [Times: user=0.00 sys=0.00, real=0.00 secs] 
256.677: Total time for which application threads were stopped: 0.0005690 seconds, Stopping threads took: 0.0000620 seconds
256.744: Application time: 0.0670090 seconds
256.745: [GC256.745: [ParNew: 15592K->768K(16640K), 0.0004350 secs] 20095K->5270K(55552K), 0.0004590 secs] [Times: user=0.00 sys=0.00, real=0.00 secs] 
256.745: Total time for which application threads were stopped: 0.0005780 seconds, Stopping threads took: 0.0000690 seconds
256.812: Application time: 0.0669380 seconds
256.812: [GC256.812: [ParNew: 15615K->511K(16640K), 0.0004460 secs] 20117K->5233K(55552K), 0.0004720 secs] [Times: user=0.00 sys=0.00, real=0.00 secs] 
256.813: Total time for which application threads were stopped: 0.0005710 seconds, Stopping threads took: 0.0000440 seconds
256.877: Application time: 0.0649510 seconds
256.878: [GC256.878: [ParNew: 15356K->512K(16640K), 0.0003730 secs] 20077K->5234K(55552K), 0.0004080 secs] [Times: user=0.00 sys=0.00, real=0.00 secs] 
256.878: Total time for which application threads were stopped: 0.0005140 seconds, Stopping threads took: 0.0000490 seconds
256.933: Application time: 0.0553400 seconds
256.933: [GC256.933: [ParNew: 15356K->687K(16640K), 0.0004820 secs] 20078K->5656K(55552K), 0.0005070 secs] [Times: user=0.00 sys=0.00, real=0.00 secs] 
256.934: Total time for which application threads were stopped: 0.0006190 seconds, Stopping threads took: 0.0000550 seconds
256.965: Application time: 0.0307360 seconds
256.965: [GC256.965: [ParNew: 15533K->1085K(16640K), 0.0004800 secs] 20502K->6053K(55552K), 0.0005070 secs] [Times: user=0.00 sys=0.00, real=0.00 secs] 
256.965: Total time for which application threads were stopped: 0.0006080 seconds, Stopping threads took: 0.0000410 seconds
256.995: Application time: 0.0299060 seconds
256.995: [GC256.995: [ParNew: 15930K->1175K(16640K), 0.0006080 secs] 20899K->6334K(55552K), 0.0006340 secs] [Times: user=0.00 sys=0.00, real=0.00 secs] 
256.996: Total time for which application threads were stopped: 0.0007460 seconds, Stopping threads took: 0.0000620 seconds
257.041: Application time: 0.0452130 seconds
257.043: [GC257.043: [ParNew: 16023K->1118K(16640K), 0.0005110 secs] 21182K->6363K(55552K), 0.0005380 secs] [Times: user=0.00 sys=0.00, real=0.00 secs] 
257.044: Total time for which application threads were stopped: 0.0024850 seconds, Stopping threads took: 0.0018800 seconds
257.104: Application time: 0.0602250 seconds
257.104: [GC257.104: [ParNew: 15965K->1155K(16640K), 0.0005030 secs] 21210K->6429K(55552K), 0.0005320 secs] [Times: user=0.00 sys=0.00, real=0.00 secs] 
257.105: Total time for which application threads were stopped: 0.0006860 seconds, Stopping threads took: 0.0001000 seconds
257.170: Application time: 0.0653770 seconds
257.171: [GC257.171: [ParNew: 16003K->994K(16640K), 0.0004830 secs] 21277K->6486K(55552K), 0.0005090 secs] [Times: user=0.01 sys=0.00, real=0.00 secs] 
257.172: Total time for which application threads were stopped: 0.0017060 seconds, Stopping threads took: 0.0011400 seconds
257.237: Application time: 0.0653560 seconds
257.237: [GC257.237: [ParNew: 15841K->842K(16640K), 0.0004520 secs] 21334K->6334K(55552K), 0.0004790 secs] [Times: user=0.00 sys=0.00, real=0.00 secs] 
257.238: Total time for which application threads were stopped: 0.0006150 seconds, Stopping threads took: 0.0000790 seconds
257.303: Application time: 0.0655280 seconds
257.303: [GC257.303: [ParNew: 15689K->837K(16640K), 0.0004980 secs] 21181K->6330K(55552K), 0.0005240 secs] [Times: user=0.01 sys=0.00, real=0.00 secs] 
257.304: Total time for which application threads were stopped: 0.0006290 seconds, Stopping threads took: 0.0000510 seconds
257.368: Application time: 0.0646240 seconds
257.369: [GC257.369: [ParNew: 15682K->1118K(16640K), 0.0004880 secs] 21174K->6610K(55552K), 0.0005150 secs] [Times: user=0.00 sys=0.00, real=0.00 secs] 
257.369: Total time for which application threads were stopped: 0.0006210 seconds, Stopping threads took: 0.0000520 seconds
257.429: Application time: 0.0601070 seconds
257.429: [GC257.429: [ParNew: 15962K->1106K(16640K), 0.0005480 secs] 21454K->6599K(55552K), 0.0005760 secs] [Times: user=0.00 sys=0.00, real=0.00 secs] 
257.430: Total time for which application threads were stopped: 0.0006910 seconds, Stopping threads took: 0.0000570 seconds
257.497: Application time: 0.0671100 seconds
257.497: [GC257.497: [ParNew: 15953K->894K(16640K), 0.0005550 secs] 21446K->6577K(55552K), 0.0005820 secs] [Times: user=0.01 sys=0.00, real=0.00 secs] 
257.498: Total time for which application threads were stopped: 0.0006810 seconds, Stopping threads took: 0.0000470 seconds
257.565: Application time: 0.0672700 seconds
257.565: [GC257.565: [ParNew: 15742K->901K(16640K), 0.0004130 secs] 21425K->6584K(55552K), 0.0004410 secs] [Times: user=0.00 sys=0.00, real=0.00 secs] 
257.565: Total time for which application threads were stopped: 0.0005650 seconds, Stopping threads took: 0.0000600 seconds
257.632: Application time: 0.0669180 seconds
257.633: [GC257.633: [ParNew: 15749K->878K(16640K), 0.0004420 secs] 21432K->6562K(55552K), 0.0004790 secs] [Times: user=0.01 sys=0.00, real=0.00 secs] 
257.633: Total time for which application threads were stopped: 0.0005880 seconds, Stopping threads took: 0.0000520 seconds
257.700: Application time: 0.0674560 seconds
257.701: [GC257.701: [ParNew: 15726K->879K(16640K), 0.0004440 secs] 21409K->6562K(55552K), 0.0004690 secs] [Times: user=0.01 sys=0.00, real=0.00 secs] 
257.701: Total time for which application threads were stopped: 0.0005850 seconds, Stopping threads took: 0.0000660 seconds
257.756: Application time: 0.0554390 seconds
257.757: [GC257.757: [ParNew: 15723K->1037K(16640K), 0.0004540 secs] 21406K->6720K(55552K), 0.0004820 secs] [Times: user=0.00 sys=0.00, real=0.00 secs] 
257.757: Total time for which application threads were stopped: 0.0005980 seconds, Stopping threads took: 0.0000620 seconds
257.815: Application time: 0.0574710 seconds
257.815: [GC257.815: [ParNew: 15883K->309K(16640K), 0.0005860 secs] 21566K->6752K(55552K), 0.0006140 secs] [Times: user=0.00 sys=0.00, real=0.00 secs] 
257.815: Total time for which application threads were stopped: 0.0007180 seconds, Stopping threads took: 0.0000500 seconds
257.872: Application time: 0.0566610 seconds
257.872: [GC257.872: [ParNew: 15152K->402K(16640K), 0.0003910 secs] 21596K->6845K(55552K), 0.0004200 secs] [Times: user=0.00 sys=0.00, real=0.00 secs] 
257.872: Total time for which application threads were stopped: 0.0005320 seconds, Stopping threads took: 0.0000530 seconds
257.928: Application time: 0.0550580 seconds
257.931: [GC257.931: [ParNew: 15247K->410K(16640K), 0.0003490 secs] 21690K->6854K(55552K), 0.0003790 secs] [Times: user=0.00 sys=0.00, real=0.00 secs] 
257.932: Total time for which application threads were stopped: 0.0041040 seconds, Stopping threads took: 0.0036460 seconds
257.998: Application time: 0.0661620 seconds
257.998: [GC257.998: [ParNew: 15256K->436K(16640K), 0.0004190 secs] 21699K->6879K(55552K), 0.0004480 secs] [Times: user=0.00 sys=0.00, real=0.00 secs] 
257.998: Total time for which application threads were stopped: 0.0005760 seconds, Stopping threads took: 0.0000750 seconds
258.065: Application time: 0.0665720 seconds
258.065: [GC258.065: [ParNew: 15281K->414K(16640K), 0.0003550 secs] 21725K->6858K(55552K), 0.0003820 secs] [Times: user=0.00 sys=0.00, real=0.00 secs] 
258.065: Total time for which application threads were stopped: 0.0005280 seconds, Stopping threads took: 0.0000810 seconds
258.131: Application time: 0.0659900 seconds
258.132: [GC258.132: [ParNew: 15262K->426K(16640K), 0.0003590 secs] 21705K->6869K(55552K), 0.0003830 secs] [Times: user=0.00 sys=0.00, real=0.00 secs] 
258.132: Total time for which application threads were stopped: 0.0005020 seconds, Stopping threads took: 0.0000630 seconds
258.185: Application time: 0.0528490 seconds
258.185: [GC258.185: [ParNew: 15270K->667K(16640K), 0.0003940 secs] 21713K->7111K(55552K), 0.0004210 secs] [Times: user=0.00 sys=0.00, real=0.00 secs] 
258.185: Total time for which application threads were stopped: 0.0005420 seconds, Stopping threads took: 0.0000620 seconds
258.242: Application time: 0.0568190 seconds
258.242: [GC258.242: [ParNew: 15513K->643K(16640K), 0.0004720 secs] 21956K->7086K(55552K), 0.0004980 secs] [Times: user=0.00 sys=0.00, real=0.00 secs] 
258.243: Total time for which application threads were stopped: 0.0006160 seconds, Stopping threads took: 0.0000600 seconds
258.305: Application time: 0.0623620 seconds
258.305: [GC258.305: [ParNew: 15487K->717K(16640K), 0.0004040 secs] 21931K->7160K(55552K), 0.0004310 secs] [Times: user=0.00 sys=0.00, real=0.00 secs] 
258.306: Total time for which application threads were stopped: 0.0005560 seconds, Stopping threads took: 0.0000730 seconds
258.372: Application time: 0.0665300 seconds
258.372: [GC258.372: [ParNew: 15564K->706K(16640K), 0.0004790 secs] 22008K->7149K(55552K), 0.0005050 secs] [Times: user=0.00 sys=0.00, real=0.00 secs] 
258.373: Total time for which application threads were stopped: 0.0006110 seconds, Stopping threads took: 0.0000410 seconds
258.440: Application time: 0.0667160 seconds
258.440: [GC258.440: [ParNew: 15553K->737K(16640K), 0.0004310 secs] 21996K->7180K(55552K), 0.0004550 secs] [Times: user=0.00 sys=0.00, real=0.00 secs] 
258.440: Total time for which application threads were stopped: 0.0005770 seconds, Stopping threads took: 0.0000630 seconds
258.508: Application time: 0.0676600 seconds
258.508: [GC258.508: [ParNew: 15584K->741K(16640K), 0.0004360 secs] 22027K->7185K(55552K), 0.0004640 secs] [Times: user=0.01 sys=0.00, real=0.00 secs] 
258.508: Total time for which application threads were stopped: 0.0006050 seconds, Stopping threads took: 0.0000890 seconds
258.575: Application time: 0.0667020 seconds
258.575: [GC258.575: [ParNew: 15589K->493K(16640K), 0.0004620 secs] 22032K->7155K(55552K), 0.0004890 secs] [Times: user=0.00 sys=0.00, real=0.00 secs] 
258.576: Total time for which application threads were stopped: 0.0006080 seconds, Stopping threads took: 0.0000540 seconds
258.641: Application time: 0.0649130 seconds
258.641: [GC258.641: [ParNew: 15340K->482K(16640K), 0.0003470 secs] 22002K->7144K(55552K), 0.0003750 secs] [Times: user=0.00 sys=0.00, real=0.00 secs] 
258.641: Total time for which application threads were stopped: 0.0005160 seconds, Stopping threads took: 0.0000830 seconds
258.684: Application time: 0.0425200 seconds
258.684: [GC258.684: [ParNew: 15330K->661K(16640K), 0.0004930 secs] 21992K->7570K(55552K), 0.0005200 secs] [Times: user=0.00 sys=0.00, real=0.00 secs] 
258.684: Total time for which application threads were stopped: 0.0006270 seconds, Stopping threads took: 0.0000480 seconds
258.718: Application time: 0.0338340 seconds
258.718: [GC258.718: [ParNew: 15506K->923K(16640K), 0.0004500 secs] 22415K->7833K(55552K), 0.0004780 secs] [Times: user=0.00 sys=0.00, real=0.00 secs] 
258.719: Total time for which application threads were stopped: 0.0005900 seconds, Stopping threads took: 0.0000540 seconds
258.752: Application time: 0.0327670 seconds
258.755: [GC258.755: [ParNew: 15770K->1365K(16640K), 0.0005980 secs] 22679K->8274K(55552K), 0.0006260 secs] [Times: user=0.01 sys=0.00, real=0.00 secs] 
258.756: Total time for which application threads were stopped: 0.0042220 seconds, Stopping threads took: 0.0035430 seconds
258.808: Application time: 0.0523750 seconds
258.808: [GC258.808: [ParNew: 16212K->1186K(16640K), 0.0005650 secs] 23121K->8371K(55552K), 0.0005910 secs] [Times: user=0.01 sys=0.00, real=0.00 secs] 
258.809: Total time for which application threads were stopped: 0.0006970 seconds, Stopping threads took: 0.0000540 seconds
258.872: Application time: 0.0627260 seconds
258.872: [GC258.872: [ParNew: 16030K->561K(16640K), 0.0005250 secs] 23216K->8374K(55552K), 0.0005530 secs] [Times: user=0.00 sys=0.00, real=0.00 secs] 
258.872: Total time for which application threads were stopped: 0.0006810 seconds, Stopping threads took: 0.0000710 seconds
258.937: Application time: 0.0652540 seconds
258.938: [GC258.938: [ParNew: 15408K->424K(16640K), 0.0003500 secs] 23221K->8237K(55552K), 0.0003790 secs] [Times: user=0.00 sys=0.00, real=0.00 secs] 
258.938: Total time for which application threads were stopped: 0.0004920 seconds, Stopping threads took: 0.0000530 seconds
259.003: Application time: 0.0653260 seconds
259.003: [GC259.003: [ParNew: 15271K->400K(16640K), 0.0003480 secs] 23084K->8213K(55552K), 0.0003750 secs] [Times: user=0.00 sys=0.00, real=0.00 secs] 
259.004: Total time for which application threads were stopped: 0.0004890 seconds, Stopping threads took: 0.0000610 seconds
259.069: Application time: 0.0653910 seconds
259.069: [GC259.069: [ParNew: 15245K->425K(16640K), 0.0003650 secs] 23058K->8238K(55552K), 0.0003910 secs] [Times: user=0.00 sys=0.00, real=0.00 secs] 
259.070: Total time for which application threads were stopped: 0.0004970 seconds, Stopping threads took: 0.0000510 seconds
259.131: Application time: 0.0610980 seconds
259.131: [GC259.131: [ParNew: 15271K->992K(16640K), 0.0004590 secs] 23084K->8805K(55552K), 0.0004930 secs] [Times: user=0.00 sys=0.00, real=0.00 secs] 
259.131: Total time for which application threads were stopped: 0.0006160 seconds, Stopping threads took: 0.0000550 seconds
259.193: Application time: 0.0617300 seconds
259.193: [GC259.193: [ParNew: 15838K->1050K(16640K), 0.0004550 secs] 23651K->8864K(55552K), 0.0004820 secs] [Times: user=0.00 sys=0.00, real=0.00 secs] 
259.194: Total time for which application threads were stopped: 0.0006120 seconds, Stopping threads took: 0.0000720 seconds
259.261: Application time: 0.0669540 seconds
259.261: [GC259.261: [ParNew: 15898K->671K(16640K), 0.0004970 secs] 23711K->8865K(55552K), 0.0005230 secs] [Times: user=0.00 sys=0.00, real=0.00 secs] 
259.261: Total time for which application threads were stopped: 0.0006420 seconds, Stopping threads took: 0.0000660 seconds
259.329: Application time: 0.0671650 seconds
259.331: [GC259.331: [ParNew: 15518K->687K(16640K), 0.0004400 secs] 23712K->8881K(55552K), 0.0004700 secs] [Times: user=0.00 sys=0.00, real=0.00 secs] 
259.332: Total time for which application threads were stopped: 0.0030800 seconds, Stopping threads took: 0.0025520 seconds
259.398: Application time: 0.0667410 seconds
259.398: [GC259.398: [ParNew: 15534K->673K(16640K), 0.0003940 secs] 23728K->8867K(55552K), 0.0004220 secs] [Times: user=0.00 sys=0.00, real=0.00 secs] 
259.399: Total time for which application threads were stopped: 0.0005330 seconds, Stopping threads took: 0.0000610 seconds
259.466: Application time: 0.0668530 seconds
259.466: [GC259.466: [ParNew: 15521K->641K(16640K), 0.0003850 secs] 23714K->8834K(55552K), 0.0004110 secs] [Times: user=0.01 sys=0.00, real=0.00 secs] 
259.466: Total time for which application threads were stopped: 0.0005210 seconds, Stopping threads took: 0.0000580 seconds
259.520: Application time: 0.0537380 seconds
259.520: [GC259.520: [ParNew: 15488K->825K(16640K), 0.0004010 secs] 23682K->9019K(55552K), 0.0004240 secs] [Times: user=0.00 sys=0.00, real=0.00 secs] 
259.521: Total time for which application threads were stopped: 0.0005380 seconds, Stopping threads took: 0.0000570 seconds
259.580: Application time: 0.0590410 seconds
259.580: [GC259.580: [ParNew: 15668K->267K(16640K), 0.0005090 secs] 23862K->9031K(55552K), 0.0005370 secs] [Times: user=0.00 sys=0.00, real=0.00 secs] 
259.580: Total time for which application threads were stopped: 0.0006720 seconds, Stopping threads took: 0.0000770 seconds
259.632: Application time: 0.0517420 seconds
259.632: [GC259.632: [ParNew: 15113K->403K(16640K), 0.0003650 secs] 23877K->9167K(55552K), 0.0003920 secs] [Times: user=0.00 sys=0.00, real=0.00 secs] 
259.633: Total time for which application threads were stopped: 0.0005230 seconds, Stopping threads took: 0.0000630 seconds
259.693: Application time: 0.0605350 seconds
259.693: [GC259.693: [ParNew: 15249K->417K(16640K), 0.0003860 secs] 24013K->9180K(55552K), 0.0004150 secs] [Times: user=0.00 sys=0.00, real=0.00 secs] 
259.694: Total time for which application threads were stopped: 0.0005280 seconds, Stopping threads took: 0.0000550 seconds
259.760: Application time: 0.0660310 seconds
259.760: [GC259.760: [ParNew: 15264K->408K(16640K), 0.0004200 secs] 24028K->9172K(55552K), 0.0004490 secs] [Times: user=0.00 sys=0.00, real=0.00 secs] 
259.760: Total time for which application threads were stopped: 0.0005610 seconds, Stopping threads took: 0.0000570 seconds
259.827: Application time: 0.0667170 seconds
259.827: [GC259.827: [ParNew: 15253K->421K(16640K), 0.0003650 secs] 24017K->9185K(55552K), 0.0003960 secs] [Times: user=0.00 sys=0.00, real=0.01 secs] 
259.827: Total time for which application threads were stopped: 0.0005230 seconds, Stopping threads took: 0.0000700 seconds
259.889: Application time: 0.0618500 seconds
259.889: [GC259.889: [ParNew: 15266K->613K(16640K), 0.0003770 secs] 24030K->9376K(55552K), 0.0004040 secs] [Times: user=0.00 sys=0.00, real=0.00 secs] 
259.890: Total time for which application threads were stopped: 0.0005080 seconds, Stopping threads took: 0.0000440 seconds
259.938: Application time: 0.0485320 seconds
259.938: [GC259.938: [ParNew: 15457K->655K(16640K), 0.0003910 secs] 24221K->9419K(55552K), 0.0004260 secs] [Times: user=0.00 sys=0.00, real=0.00 secs] 
259.939: Total time for which application threads were stopped: 0.0005490 seconds, Stopping threads took: 0.0000630 seconds
260.003: Application time: 0.0642840 seconds
260.003: [GC260.003: [ParNew: 15503K->699K(16640K), 0.0004030 secs] 24267K->9463K(55552K), 0.0004310 secs] [Times: user=0.00 sys=0.00, real=0.00 secs] 
260.004: Total time for which application threads were stopped: 0.0005370 seconds, Stopping threads took: 0.0000540 seconds
260.068: Application time: 0.0642750 seconds
260.068: [GC260.068: [ParNew: 15547K->721K(16640K), 0.0004320 secs] 24311K->9485K(55552K), 0.0004600 secs] [Times: user=0.01 sys=0.00, real=0.00 secs] 
260.069: Total time for which application threads were stopped: 0.0005680 seconds, Stopping threads took: 0.0000540 seconds
260.136: Application time: 0.0672110 seconds
260.136: [GC260.136: [ParNew: 15568K->775K(16640K), 0.0004200 secs] 24332K->9539K(55552K), 0.0004480 secs] [Times: user=0.00 sys=0.00, real=0.00 secs] 
260.136: Total time for which application threads were stopped: 0.0005750 seconds, Stopping threads took: 0.0000580 seconds
260.203: Application time: 0.0669260 seconds
260.203: [GC260.203: [ParNew: 15622K->737K(16640K), 0.0004910 secs] 24386K->9501K(55552K), 0.0005160 secs] [Times: user=0.00 sys=0.00, real=0.00 secs] 
260.204: Total time for which application threads were stopped: 0.0006330 seconds, Stopping threads took: 0.0000670 seconds
260.271: Application time: 0.0668250 seconds
260.271: [GC260.271: [ParNew: 15585K->741K(16640K), 0.0004280 secs] 24348K->9505K(55552K), 0.0004550 secs] [Times: user=0.00 sys=0.00, real=0.00 secs] 
260.271: Total time for which application threads were stopped: 0.0006030 seconds, Stopping threads took: 0.0000920 seconds
260.337: Application time: 0.0654260 seconds
260.337: [GC260.337: [ParNew: 15588K->510K(16640K), 0.0004200 secs] 24352K->9492K(55552K), 0.0004480 secs] [Times: user=0.01 sys=0.00, real=0.00 secs] 
260.337: Total time for which application threads were stopped: 0.0005650 seconds, Stopping threads took: 0.0000600 seconds
260.404: Application time: 0.0666830 seconds
260.404: [GC260.404: [ParNew: 15357K->503K(16640K), 0.0003810 secs] 24340K->9514K(55552K), 0.0004060 secs] [Times: user=0.00 sys=0.00, real=0.00 secs] 
260.405: Total time for which application threads were stopped: 0.0005000 seconds, Stopping threads took: 0.0000440 seconds
260.446: Application time: 0.0414890 seconds
260.446: [GC260.446: [ParNew: 15351K->672K(16640K), 0.0004850 secs] 24362K->9902K(55552K), 0.0005130 secs] [Times: user=0.00 sys=0.00, real=0.00 secs] 
260.447: Total time for which application threads were stopped: 0.0006310 seconds, Stopping threads took: 0.0000610 seconds
260.470: Application time: 0.0236610 seconds
260.470: [GC260.470: [ParNew: 15516K->1279K(16640K), 0.0005330 secs] 24746K->10509K(55552K), 0.0005580 secs] [Times: user=0.00 sys=0.00, real=0.00 secs] 
260.471: Total time for which application threads were stopped: 0.0006590 seconds, Stopping threads took: 0.0000440 seconds
260.504: Application time: 0.0329940 seconds
260.504: [GC260.504: [ParNew: 16125K->1134K(16640K), 0.0006400 secs] 25355K->10583K(55552K), 0.0006690 secs] [Times: user=0.00 sys=0.00, real=0.00 secs] 
260.505: Total time for which application threads were stopped: 0.0007870 seconds, Stopping threads took: 0.0000660 seconds
260.564: Application time: 0.0589030 seconds
260.564: [GC260.564: [ParNew: 15978K->1181K(16640K), 0.0033880 secs] 25427K->10688K(55552K), 0.0034150 secs] [Times: user=0.02 sys=0.00, real=0.01 secs] 
260.567: Total time for which application threads were stopped: 0.0035120 seconds, Stopping threads took: 0.0000450 seconds
260.630: Application time: 0.0631340 seconds
260.630: [GC260.630: [ParNew: 16028K->1101K(16640K), 0.0005020 secs] 25535K->10636K(55552K), 0.0005290 secs] [Times: user=0.00 sys=0.00, real=0.00 secs] 
260.631: Total time for which application threads were stopped: 0.0006420 seconds, Stopping threads took: 0.0000580 seconds
260.696: Application time: 0.0654270 seconds
260.696: [GC260.696: [ParNew: 15946K->510K(16640K), 0.0005150 secs] 25482K->10644K(55552K), 0.0005540 secs] [Times: user=0.00 sys=0.00, real=0.00 secs] 
260.697: Total time for which application threads were stopped: 0.0006660 seconds, Stopping threads took: 0.0000420 seconds
260.762: Application time: 0.0652500 seconds
260.762: [GC260.762: [ParNew: 15358K->434K(16640K), 0.0003490 secs] 25492K->10568K(55552K), 0.0003750 secs] [Times: user=0.00 sys=0.00, real=0.00 secs] 
260.763: Total time for which application threads were stopped: 0.0004990 seconds, Stopping threads took: 0.0000710 seconds
260.828: Application time: 0.0653460 seconds
260.828: [GC260.828: [ParNew: 15281K->397K(16640K), 0.0003610 secs] 25415K->10531K(55552K), 0.0003890 secs] [Times: user=0.00 sys=0.00, real=0.00 secs] 
260.829: Total time for which application threads were stopped: 0.0005070 seconds, Stopping threads took: 0.0000620 seconds
260.887: Application time: 0.0585340 seconds
260.887: [GC260.887: [ParNew: 15243K->996K(16640K), 0.0020350 secs] 25377K->11130K(55552K), 0.0020680 secs] [Times: user=0.01 sys=0.00, real=0.00 secs] 
260.889: Total time for which application threads were stopped: 0.0021850 seconds, Stopping threads took: 0.0000600 seconds
260.954: Application time: 0.0643250 seconds
260.954: [GC260.954: [ParNew: 15840K->438K(16640K), 0.0005300 secs] 25974K->11143K(55552K), 0.0005570 secs] [Times: user=0.00 sys=0.00, real=0.00 secs] 
260.954: Total time for which application threads were stopped: 0.0006720 seconds, Stopping threads took: 0.0000630 seconds
261.021: Application time: 0.0670910 seconds
261.022: [GC261.022: [ParNew: 15285K->430K(16640K), 0.0003550 secs] 25990K->11134K(55552K), 0.0003810 secs] [Times: user=0.00 sys=0.00, real=0.00 secs] 
261.022: Total time for which application threads were stopped: 0.0005020 seconds, Stopping threads took: 0.0000670 seconds
261.089: Application time: 0.0672960 seconds
261.089: [GC261.089: [ParNew: 15277K->429K(16640K), 0.0003580 secs] 25982K->11134K(55552K), 0.0003830 secs] [Times: user=0.00 sys=0.00, real=0.00 secs] 
261.090: Total time for which application threads were stopped: 0.0004930 seconds, Stopping threads took: 0.0000520 seconds
261.157: Application time: 0.0673100 seconds
261.157: [GC261.157: [ParNew: 15276K->416K(16640K), 0.0003290 secs] 25981K->11120K(55552K), 0.0003510 secs] [Times: user=0.00 sys=0.00, real=0.00 secs] 
261.158: Total time for which application threads were stopped: 0.0004510 seconds, Stopping threads took: 0.0000490 seconds
261.224: Application time: 0.0668840 seconds
261.225: [GC261.225: [ParNew: 15263K->420K(16640K), 0.0003830 secs] 25968K->11125K(55552K), 0.0004090 secs] [Times: user=0.00 sys=0.00, real=0.00 secs] 
261.225: Total time for which application threads were stopped: 0.0005300 seconds, Stopping threads took: 0.0000590 seconds
261.276: Application time: 0.0507610 seconds
261.276: [GC261.276: [ParNew: 15267K->613K(16640K), 0.0003910 secs] 25971K->11317K(55552K), 0.0004180 secs] [Times: user=0.01 sys=0.00, real=0.00 secs] 
261.276: Total time for which application threads were stopped: 0.0005400 seconds, Stopping threads took: 0.0000640 seconds
261.338: Application time: 0.0620590 seconds
261.338: [GC261.338: [ParNew: 15456K->245K(16640K), 0.0005710 secs] 26161K->11330K(55552K), 0.0005980 secs] [Times: user=0.00 sys=0.00, real=0.00 secs] 
261.339: Total time for which application threads were stopped: 0.0007120 seconds, Stopping threads took: 0.0000560 seconds
261.388: Application time: 0.0487840 seconds
261.388: [GC261.388: [ParNew: 15093K->403K(16640K), 0.0003590 secs] 26178K->11487K(55552K), 0.0003860 secs] [Times: user=0.00 sys=0.00, real=0.00 secs] 
261.388: Total time for which application threads were stopped: 0.0005050 seconds, Stopping threads took: 0.0000600 seconds
261.452: Application time: 0.0638790 seconds
261.452: [GC261.452: [ParNew: 15248K->400K(16640K), 0.0004500 secs] 26332K->11485K(55552K), 0.0004760 secs] [Times: user=0.00 sys=0.00, real=0.00 secs] 
261.453: Total time for which application threads were stopped: 0.0005890 seconds, Stopping threads took: 0.0000560 seconds
261.518: Application time: 0.0654300 seconds
261.518: [GC261.518: [ParNew: 15245K->426K(16640K), 0.0003990 secs] 26330K->11511K(55552K), 0.0004270 secs] [Times: user=0.00 sys=0.00, real=0.00 secs] 
261.519: Total time for which application threads were stopped: 0.0005720 seconds, Stopping threads took: 0.0000910 seconds
261.585: Application time: 0.0664700 seconds
261.585: [GC261.585: [ParNew: 15273K->413K(16640K), 0.0003370 secs] 26358K->11498K(55552K), 0.0003640 secs] [Times: user=0.00 sys=0.00, real=0.00 secs] 
261.586: Total time for which application threads were stopped: 0.0004870 seconds, Stopping threads took: 0.0000670 seconds
261.640: Application time: 0.0539920 seconds
261.640: [GC261.640: [ParNew: 15261K->604K(16640K), 0.0003730 secs] 26345K->11689K(55552K), 0.0003980 secs] [Times: user=0.00 sys=0.00, real=0.00 secs] 
261.640: Total time for which application threads were stopped: 0.0005180 seconds, Stopping threads took: 0.0000620 seconds
261.699: Application time: 0.0582670 seconds
261.699: [GC261.699: [ParNew: 15452K->654K(16640K), 0.0004300 secs] 26536K->11739K(55552K), 0.0004580 secs] [Times: user=0.00 sys=0.00, real=0.01 secs] 
261.699: Total time for which application threads were stopped: 0.0005980 seconds, Stopping threads took: 0.0000810 seconds
261.764: Application time: 0.0649680 seconds
261.764: [GC261.764: [ParNew: 15502K->687K(16640K), 0.0004330 secs] 26586K->11771K(55552K), 0.0004610 secs] [Times: user=0.01 sys=0.00, real=0.00 secs] 
261.765: Total time for which application threads were stopped: 0.0005980 seconds, Stopping threads took: 0.0000720 seconds
261.829: Application time: 0.0643010 seconds
261.829: [GC261.829: [ParNew: 15532K->712K(16640K), 0.0004490 secs] 26617K->11797K(55552K), 0.0004750 secs] [Times: user=0.00 sys=0.00, real=0.00 secs] 
261.830: Total time for which application threads were stopped: 0.0006060 seconds, Stopping threads took: 0.0000750 seconds
261.897: Application time: 0.0669210 seconds
261.897: [GC261.897: [ParNew: 15559K->736K(16640K), 0.0004330 secs] 26644K->11821K(55552K), 0.0004600 secs] [Times: user=0.01 sys=0.00, real=0.00 secs] 
261.897: Total time for which application threads were stopped: 0.0005760 seconds, Stopping threads took: 0.0000580 seconds
261.965: Application time: 0.0675170 seconds
261.965: [GC261.965: [ParNew: 15581K->751K(16640K), 0.0004200 secs] 26666K->11835K(55552K), 0.0004450 secs] [Times: user=0.00 sys=0.00, real=0.00 secs] 
261.965: Total time for which application threads were stopped: 0.0005580 seconds, Stopping threads took: 0.0000610 seconds
262.032: Application time: 0.0669040 seconds
262.033: [GC262.033: [ParNew: 15598K->770K(16640K), 0.0004780 secs] 26683K->11855K(55552K), 0.0005040 secs] [Times: user=0.00 sys=0.00, real=0.00 secs] 
262.033: Total time for which application threads were stopped: 0.0010610 seconds, Stopping threads took: 0.0005010 seconds
262.098: Application time: 0.0652280 seconds
262.098: [GC262.098: [ParNew: 15617K->522K(16640K), 0.0004580 secs] 26701K->11826K(55552K), 0.0004850 secs] [Times: user=0.00 sys=0.00, real=0.00 secs] 
262.099: Total time for which application threads were stopped: 0.0005950 seconds, Stopping threads took: 0.0000510 seconds
262.166: Application time: 0.0668990 seconds
262.166: [GC262.166: [ParNew: 15368K->452K(16640K), 0.0004080 secs] 26671K->11784K(55552K), 0.0004360 secs] [Times: user=0.00 sys=0.00, real=0.00 secs] 
262.166: Total time for which application threads were stopped: 0.0005540 seconds, Stopping threads took: 0.0000660 seconds
262.197: Application time: 0.0310430 seconds
262.198: [GC262.198: [ParNew: 15299K->1088K(16640K), 0.0006280 secs] 26631K->12638K(55552K), 0.0006550 secs] [Times: user=0.00 sys=0.00, real=0.00 secs] 
262.198: Total time for which application threads were stopped: 0.0007660 seconds, Stopping threads took: 0.0000530 seconds
262.223: Application time: 0.0245900 seconds
262.223: [GC262.223: [ParNew: 15936K->920K(16640K), 0.0005350 secs] 27486K->12661K(55552K), 0.0005710 secs] [Times: user=0.01 sys=0.00, real=0.00 secs] 
262.224: Total time for which application threads were stopped: 0.0006700 seconds, Stopping threads took: 0.0000400 seconds
262.264: Application time: 0.0409400 seconds
262.265: [GC262.265: [ParNew: 15765K->1238K(16640K), 0.0005390 secs] 27506K->12979K(55552K), 0.0005670 secs] [Times: user=0.00 sys=0.00, real=0.00 secs] 
262.265: Total time for which application threads were stopped: 0.0006890 seconds, Stopping threads took: 0.0000670 seconds
262.324: Application time: 0.0590380 seconds
262.324: [GC262.324: [ParNew: 16085K->1150K(16640K), 0.0005130 secs] 27825K->12977K(55552K), 0.0005390 secs] [Times: user=0.01 sys=0.00, real=0.00 secs] 
262.325: Total time for which application threads were stopped: 0.0006630 seconds, Stopping threads took: 0.0000600 seconds
262.390: Application time: 0.0655590 seconds
262.391: [GC262.391: [ParNew: 15997K->0K(16640K), 0.0005380 secs] 27824K->12834K(55552K), 0.0005650 secs] [Times: user=0.00 sys=0.00, real=0.00 secs] 
262.391: Total time for which application threads were stopped: 0.0006760 seconds, Stopping threads took: 0.0000520 seconds
262.457: Application time: 0.0659130 seconds
262.457: [GC262.457: [ParNew: 14847K->0K(16640K), 0.0002680 secs] 27681K->12834K(55552K), 0.0002950 secs] [Times: user=0.00 sys=0.00, real=0.00 secs] 
262.457: Total time for which application threads were stopped: 0.0004040 seconds, Stopping threads took: 0.0000590 seconds
262.523: Application time: 0.0657290 seconds
262.523: [GC262.523: [ParNew: 14847K->0K(16640K), 0.0002960 secs] 27681K->12834K(55552K), 0.0003230 secs] [Times: user=0.00 sys=0.00, real=0.00 secs] 
262.524: Total time for which application threads were stopped: 0.0004360 seconds, Stopping threads took: 0.0000590 seconds
262.590: Application time: 0.0660430 seconds
262.590: [GC262.590: [ParNew: 14847K->0K(16640K), 0.0002820 secs] 27681K->12834K(55552K), 0.0003100 secs] [Times: user=0.00 sys=0.00, real=0.00 secs] 
262.590: Total time for which application threads were stopped: 0.0004260 seconds, Stopping threads took: 0.0000590 seconds
262.649: Application time: 0.0585660 seconds
262.651: [GC262.651: [ParNew: 14847K->959K(16640K), 0.0004190 secs] 27681K->13793K(55552K), 0.0004470 secs] [Times: user=0.00 sys=0.00, real=0.00 secs] 
262.652: Total time for which application threads were stopped: 0.0029510 seconds, Stopping threads took: 0.0024490 seconds
262.718: Application time: 0.0659680 seconds
262.718: [GC262.718: [ParNew: 15806K->219K(16640K), 0.0005250 secs] 28640K->13813K(55552K), 0.0005520 secs] [Times: user=0.00 sys=0.00, real=0.00 secs] 
262.718: Total time for which application threads were stopped: 0.0006690 seconds, Stopping threads took: 0.0000630 seconds
262.786: Application time: 0.0676760 seconds
262.786: [GC262.786: [ParNew: 15064K->198K(16640K), 0.0003280 secs] 28659K->13793K(55552K), 0.0003560 secs] [Times: user=0.00 sys=0.00, real=0.00 secs] 
262.786: Total time for which application threads were stopped: 0.0004740 seconds, Stopping threads took: 0.0000610 seconds
262.854: Application time: 0.0673780 seconds
262.854: [GC262.854: [ParNew: 15046K->202K(16640K), 0.0003100 secs] 28640K->13797K(55552K), 0.0003370 secs] [Times: user=0.00 sys=0.00, real=0.00 secs] 
262.854: Total time for which application threads were stopped: 0.0004720 seconds, Stopping threads took: 0.0000750 seconds
262.921: Application time: 0.0672290 seconds
262.922: [GC262.922: [ParNew: 15050K->198K(16640K), 0.0003230 secs] 28644K->13792K(55552K), 0.0003480 secs] [Times: user=0.00 sys=0.00, real=0.00 secs] 
262.922: Total time for which application threads were stopped: 0.0004610 seconds, Stopping threads took: 0.0000590 seconds
262.990: Application time: 0.0677840 seconds
262.990: [GC262.990: [ParNew: 15045K->205K(16640K), 0.0002990 secs] 28640K->13799K(55552K), 0.0003250 secs] [Times: user=0.01 sys=0.00, real=0.00 secs] 
262.990: Total time for which application threads were stopped: 0.0004310 seconds, Stopping threads took: 0.0000520 seconds
263.039: Application time: 0.0491540 seconds
263.039: [GC263.039: [ParNew: 15049K->383K(16640K), 0.0004580 secs] 28644K->13978K(55552K), 0.0004950 secs] [Times: user=0.00 sys=0.00, real=0.00 secs] 
263.040: Total time for which application threads were stopped: 0.0006130 seconds, Stopping threads took: 0.0000590 seconds
263.104: Application time: 0.0639690 seconds
263.104: [GC263.104: [ParNew: 15231K->201K(16640K), 0.0004790 secs] 28825K->13986K(55552K), 0.0005060 secs] [Times: user=0.00 sys=0.00, real=0.00 secs] 
263.105: Total time for which application threads were stopped: 0.0006390 seconds, Stopping threads took: 0.0000810 seconds
263.152: Application time: 0.0479000 seconds
263.152: [GC263.152: [ParNew: 15049K->402K(16640K), 0.0003470 secs] 28833K->14186K(55552K), 0.0003730 secs] [Times: user=0.00 sys=0.00, real=0.00 secs] 
263.153: Total time for which application threads were stopped: 0.0004630 seconds, Stopping threads took: 0.0000400 seconds
263.217: Application time: 0.0642140 seconds
263.217: [GC263.217: [ParNew: 15247K->406K(16640K), 0.0004030 secs] 29032K->14190K(55552K), 0.0004270 secs] [Times: user=0.01 sys=0.00, real=0.00 secs] 
263.218: Total time for which application threads were stopped: 0.0005430 seconds, Stopping threads took: 0.0000640 seconds
263.283: Application time: 0.0654610 seconds
263.283: [GC263.283: [ParNew: 15250K->412K(16640K), 0.0003760 secs] 29034K->14196K(55552K), 0.0004030 secs] [Times: user=0.00 sys=0.00, real=0.00 secs] 
263.284: Total time for which application threads were stopped: 0.0005200 seconds, Stopping threads took: 0.0000590 seconds
263.346: Application time: 0.0624760 seconds
263.346: [GC263.346: [ParNew: 15255K->595K(16640K), 0.0004000 secs] 29040K->14379K(55552K), 0.0004270 secs] [Times: user=0.00 sys=0.00, real=0.00 secs] 
263.347: Total time for which application threads were stopped: 0.0005360 seconds, Stopping threads took: 0.0000490 seconds
263.397: Application time: 0.0502230 seconds
263.397: [GC263.397: [ParNew: 15442K->620K(16640K), 0.0003800 secs] 29226K->14405K(55552K), 0.0004060 secs] [Times: user=0.00 sys=0.00, real=0.00 secs] 
263.397: Total time for which application threads were stopped: 0.0005330 seconds, Stopping threads took: 0.0000610 seconds
263.460: Application time: 0.0622020 seconds
263.460: [GC263.460: [ParNew: 15466K->669K(16640K), 0.0004570 secs] 29250K->14454K(55552K), 0.0004790 secs] [Times: user=0.00 sys=0.00, real=0.00 secs] 
263.460: Total time for which application threads were stopped: 0.0005770 seconds, Stopping threads took: 0.0000470 seconds
263.526: Application time: 0.0660590 seconds
263.526: [GC263.526: [ParNew: 15516K->662K(16640K), 0.0004090 secs] 29301K->14446K(55552K), 0.0004360 secs] [Times: user=0.00 sys=0.00, real=0.00 secs] 
263.527: Total time for which application threads were stopped: 0.0005550 seconds, Stopping threads took: 0.0000640 seconds
263.591: Application time: 0.0645110 seconds
263.591: [GC263.591: [ParNew: 15509K->764K(16640K), 0.0004170 secs] 29294K->14549K(55552K), 0.0004500 secs] [Times: user=0.00 sys=0.00, real=0.00 secs] 
263.592: Total time for which application threads were stopped: 0.0005850 seconds, Stopping threads took: 0.0000760 seconds
263.659: Application time: 0.0672560 seconds
263.659: [GC263.659: [ParNew: 15611K->725K(16640K), 0.0003930 secs] 29396K->14509K(55552K), 0.0004190 secs] [Times: user=0.01 sys=0.00, real=0.00 secs] 
263.660: Total time for which application threads were stopped: 0.0005150 seconds, Stopping threads took: 0.0000470 seconds
263.727: Application time: 0.0669730 seconds
263.727: [GC263.727: [ParNew: 15572K->715K(16640K), 0.0005020 secs] 29357K->14500K(55552K), 0.0005300 secs] [Times: user=0.00 sys=0.00, real=0.01 secs] 
263.727: Total time for which application threads were stopped: 0.0006640 seconds, Stopping threads took: 0.0000780 seconds
263.793: Application time: 0.0654170 seconds
263.793: [GC263.793: [ParNew: 15562K->735K(16640K), 0.0004870 secs] 29347K->14519K(55552K), 0.0005160 secs] [Times: user=0.01 sys=0.00, real=0.00 secs] 
263.793: Total time for which application threads were stopped: 0.0006210 seconds, Stopping threads took: 0.0000480 seconds
263.860: Application time: 0.0671230 seconds
263.861: [GC263.861: [ParNew: 15582K->540K(16640K), 0.0005960 secs] 29367K->14572K(55552K), 0.0006330 secs] [Times: user=0.00 sys=0.00, real=0.00 secs] 
263.861: Total time for which application threads were stopped: 0.0007650 seconds, Stopping threads took: 0.0000790 seconds
263.925: Application time: 0.0640880 seconds
263.925: [GC263.925: [ParNew: 15387K->822K(16640K), 0.0005040 secs] 29419K->14854K(55552K), 0.0005290 secs] [Times: user=0.00 sys=0.00, real=0.00 secs] 
263.926: Total time for which application threads were stopped: 0.0006620 seconds, Stopping threads took: 0.0000690 seconds
263.950: Application time: 0.0237650 seconds
263.950: [GC263.950: [ParNew: 15669K->1286K(16640K), 0.0006530 secs] 29701K->15537K(55552K), 0.0006810 secs] [Times: user=0.01 sys=0.00, real=0.00 secs] 
263.951: Total time for which application threads were stopped: 0.0007950 seconds, Stopping threads took: 0.0000540 seconds
263.973: Application time: 0.0223910 seconds
263.973: [GC263.973: [ParNew: 16130K->662K(16640K), 0.0005780 secs] 30381K->15560K(55552K), 0.0006040 secs] [Times: user=0.01 sys=0.00, real=0.00 secs] 
263.974: Total time for which application threads were stopped: 0.0007320 seconds, Stopping threads took: 0.0000710 seconds
264.024: Application time: 0.0508160 seconds
264.025: [GC264.025: [ParNew: 15506K->1079K(16640K), 0.0005370 secs] 30404K->15977K(55552K), 0.0005620 secs] [Times: user=0.01 sys=0.00, real=0.00 secs] 
264.025: Total time for which application threads were stopped: 0.0006890 seconds, Stopping threads took: 0.0000720 seconds
264.085: Application time: 0.0599850 seconds
264.085: [GC264.085: [ParNew: 15923K->1132K(16640K), 0.0005520 secs] 30821K->16031K(55552K), 0.0005800 secs] [Times: user=0.00 sys=0.00, real=0.00 secs] 
264.086: Total time for which application threads were stopped: 0.0007010 seconds, Stopping threads took: 0.0000650 seconds
264.151: Application time: 0.0651360 seconds
264.151: [GC264.151: [ParNew: 15979K->0K(16640K), 0.0005510 secs] 30878K->15905K(55552K), 0.0005780 secs] [Times: user=0.00 sys=0.00, real=0.00 secs] 
264.152: Total time for which application threads were stopped: 0.0007010 seconds, Stopping threads took: 0.0000650 seconds
264.217: Application time: 0.0652590 seconds
264.218: [GC264.218: [ParNew: 14847K->0K(16640K), 0.0002880 secs] 30753K->15905K(55552K), 0.0003140 secs] [Times: user=0.00 sys=0.00, real=0.00 secs] 
264.218: Total time for which application threads were stopped: 0.0013200 seconds, Stopping threads took: 0.0009550 seconds
264.284: Application time: 0.0652550 seconds
264.284: [GC264.284: [ParNew: 14847K->0K(16640K), 0.0003060 secs] 30753K->15905K(55552K), 0.0003340 secs] [Times: user=0.00 sys=0.00, real=0.00 secs] 
264.284: Total time for which application threads were stopped: 0.0004440 seconds, Stopping threads took: 0.0000530 seconds
264.349: Application time: 0.0654840 seconds
264.350: [GC264.350: [ParNew: 14847K->0K(16640K), 0.0003020 secs] 30753K->15905K(55552K), 0.0003300 secs] [Times: user=0.00 sys=0.00, real=0.00 secs] 
264.350: Total time for which application threads were stopped: 0.0004400 seconds, Stopping threads took: 0.0000520 seconds
264.407: Application time: 0.0573580 seconds
264.407: [GC264.407: [ParNew: 14844K->960K(16640K), 0.0005110 secs] 30750K->16866K(55552K), 0.0005370 secs] [Times: user=0.00 sys=0.00, real=0.00 secs] 
264.408: Total time for which application threads were stopped: 0.0006430 seconds, Stopping threads took: 0.0000550 seconds
264.475: Application time: 0.0673930 seconds
264.475: [GC264.475: [ParNew: 15808K->0K(16640K), 0.0005210 secs] 31714K->16856K(55552K), 0.0005480 secs] [Times: user=0.00 sys=0.00, real=0.00 secs] 
264.476: Total time for which application threads were stopped: 0.0006670 seconds, Stopping threads took: 0.0000540 seconds
264.544: Application time: 0.0676330 seconds
264.544: [GC264.544: [ParNew: 14847K->0K(16640K), 0.0003650 secs] 31703K->16856K(55552K), 0.0003920 secs] [Times: user=0.00 sys=0.00, real=0.00 secs] 
264.544: Total time for which application threads were stopped: 0.0005220 seconds, Stopping threads took: 0.0000650 seconds
264.612: Application time: 0.0675430 seconds
264.612: [GC264.612: [ParNew: 14847K->0K(16640K), 0.0002760 secs] 31703K->16856K(55552K), 0.0003030 secs] [Times: user=0.01 sys=0.00, real=0.00 secs] 
264.612: Total time for which application threads were stopped: 0.0004110 seconds, Stopping threads took: 0.0000580 seconds
264.680: Application time: 0.0674590 seconds
264.680: [GC264.680: [ParNew: 14847K->0K(16640K), 0.0002930 secs] 31703K->16856K(55552K), 0.0003180 secs] [Times: user=0.00 sys=0.00, real=0.00 secs] 
264.680: Total time for which application threads were stopped: 0.0004330 seconds, Stopping threads took: 0.0000610 seconds
264.740: Application time: 0.0597060 seconds
264.740: [GC264.740: [ParNew: 14845K->192K(16640K), 0.0002980 secs] 31702K->17048K(55552K), 0.0003250 secs] [Times: user=0.01 sys=0.00, real=0.00 secs] 
264.740: Total time for which application threads were stopped: 0.0004290 seconds, Stopping threads took: 0.0000480 seconds
264.795: Application time: 0.0546970 seconds
264.795: [GC264.795: [ParNew: 15040K->198K(16640K), 0.0003420 secs] 31896K->17054K(55552K), 0.0003700 secs] [Times: user=0.00 sys=0.00, real=0.00 secs] 
264.795: Total time for which application threads were stopped: 0.0004890 seconds, Stopping threads took: 0.0000600 seconds
264.858: Application time: 0.0629000 seconds
264.858: [GC264.858: [ParNew: 15044K->383K(16640K), 0.0003530 secs] 31900K->17239K(55552K), 0.0003790 secs] [Times: user=0.00 sys=0.00, real=0.00 secs] 
264.859: Total time for which application threads were stopped: 0.0004940 seconds, Stopping threads took: 0.0000650 seconds
264.908: Application time: 0.0496920 seconds
264.909: [GC264.909: [ParNew: 15227K->396K(16640K), 0.0003520 secs] 32084K->17252K(55552K), 0.0003780 secs] [Times: user=0.00 sys=0.00, real=0.00 secs] 
264.909: Total time for which application threads were stopped: 0.0004860 seconds, Stopping threads took: 0.0000560 seconds
264.974: Application time: 0.0651750 seconds
264.974: [GC264.974: [ParNew: 15243K->405K(16640K), 0.0003600 secs] 32099K->17261K(55552K), 0.0003850 secs] [Times: user=0.00 sys=0.00, real=0.00 secs] 
264.975: Total time for which application threads were stopped: 0.0005000 seconds, Stopping threads took: 0.0000600 seconds
265.041: Application time: 0.0664870 seconds
265.041: [GC265.041: [ParNew: 15252K->417K(16640K), 0.0003450 secs] 32108K->17273K(55552K), 0.0003730 secs] [Times: user=0.00 sys=0.00, real=0.00 secs] 
265.042: Total time for which application threads were stopped: 0.0005020 seconds, Stopping threads took: 0.0000610 seconds
265.096: Application time: 0.0540600 seconds
265.096: [GC265.096: [ParNew: 15263K->615K(16640K), 0.0004730 secs] 32119K->17472K(55552K), 0.0005010 secs] [Times: user=0.01 sys=0.00, real=0.00 secs] 
265.096: Total time for which application threads were stopped: 0.0006160 seconds, Stopping threads took: 0.0000550 seconds
265.154: Application time: 0.0574100 seconds
265.154: [GC265.154: [ParNew: 15461K->648K(16640K), 0.0003770 secs] 32318K->17504K(55552K), 0.0004030 secs] [Times: user=0.00 sys=0.00, real=0.00 secs] 
265.154: Total time for which application threads were stopped: 0.0005210 seconds, Stopping threads took: 0.0000630 seconds
265.218: Application time: 0.0638070 seconds
265.218: [GC265.218: [ParNew: 15493K->683K(16640K), 0.0004270 secs] 32349K->17539K(55552K), 0.0004530 secs] [Times: user=0.00 sys=0.00, real=0.00 secs] 
265.219: Total time for which application threads were stopped: 0.0005830 seconds, Stopping threads took: 0.0000770 seconds
265.284: Application time: 0.0653780 seconds
265.284: [GC265.284: [ParNew: 15528K->696K(16640K), 0.0004120 secs] 32384K->17552K(55552K), 0.0004380 secs] [Times: user=0.00 sys=0.00, real=0.00 secs] 
265.285: Total time for which application threads were stopped: 0.0005510 seconds, Stopping threads took: 0.0000570 seconds
265.350: Application time: 0.0653190 seconds
265.350: [GC265.350: [ParNew: 15544K->708K(16640K), 0.0004870 secs] 32400K->17564K(55552K), 0.0005240 secs] [Times: user=0.01 sys=0.00, real=0.00 secs] 
265.350: Total time for which application threads were stopped: 0.0006450 seconds, Stopping threads took: 0.0000630 seconds
265.418: Application time: 0.0670990 seconds
265.418: [GC265.418: [ParNew: 15553K->713K(16640K), 0.0005150 secs] 32410K->17569K(55552K), 0.0005390 secs] [Times: user=0.01 sys=0.00, real=0.00 secs] 
265.418: Total time for which application threads were stopped: 0.0006610 seconds, Stopping threads took: 0.0000710 seconds
265.485: Application time: 0.0667730 seconds
265.485: [GC265.485: [ParNew: 15560K->705K(16640K), 0.0004970 secs] 32416K->17561K(55552K), 0.0005240 secs] [Times: user=0.00 sys=0.00, real=0.00 secs] 
265.486: Total time for which application threads were stopped: 0.0006590 seconds, Stopping threads took: 0.0000780 seconds
265.551: Application time: 0.0650800 seconds
265.551: [GC265.551: [ParNew: 15551K->694K(16640K), 0.0004970 secs] 32408K->17578K(55552K), 0.0005230 secs] [Times: user=0.01 sys=0.00, real=0.00 secs] 
265.551: Total time for which application threads were stopped: 0.0006430 seconds, Stopping threads took: 0.0000550 seconds
265.618: Application time: 0.0667200 seconds
265.618: [GC265.618: [ParNew: 15541K->503K(16640K), 0.0004430 secs] 32426K->17607K(55552K), 0.0004700 secs] [Times: user=0.00 sys=0.00, real=0.00 secs] 
265.619: Total time for which application threads were stopped: 0.0005900 seconds, Stopping threads took: 0.0000670 seconds
265.675: Application time: 0.0566030 seconds
265.675: Total time for which application threads were stopped: 0.0000990 seconds, Stopping threads took: 0.0000760 seconds
265.675: Application time: 0.0000490 seconds
265.676: [GC265.676: [ParNew: 15478K->1028K(16640K), 0.0004870 secs] 32582K->18132K(55552K), 0.0005130 secs] [Times: user=0.00 sys=0.00, real=0.00 secs] 
265.676: Total time for which application threads were stopped: 0.0005790 seconds, Stopping threads took: 0.0000280 seconds
265.701: Application time: 0.0252920 seconds
265.701: [GC265.701: [ParNew: 15875K->1330K(16640K), 0.0005960 secs] 32978K->18652K(55552K), 0.0006240 secs] [Times: user=0.00 sys=0.00, real=0.00 secs] 
265.702: Total time for which application threads were stopped: 0.0007320 seconds, Stopping threads took: 0.0000490 seconds
265.728: Application time: 0.0259650 seconds
265.728: [GC265.728: [ParNew: 16176K->1256K(16640K), 0.0005760 secs] 33498K->18768K(55552K), 0.0006030 secs] [Times: user=0.01 sys=0.00, real=0.00 secs] 
265.729: Total time for which application threads were stopped: 0.0007240 seconds, Stopping threads took: 0.0000620 seconds
265.781: Application time: 0.0519970 seconds
265.781: [GC265.781: [ParNew: 16101K->1132K(16640K), 0.0005070 secs] 33614K->18730K(55552K), 0.0005290 secs] [Times: user=0.00 sys=0.00, real=0.00 secs] 
265.781: Total time for which application threads were stopped: 0.0006440 seconds, Stopping threads took: 0.0000580 seconds
265.843: Application time: 0.0620450 seconds
265.844: [GC265.844: [ParNew: 15976K->1138K(16640K), 0.0004990 secs] 33575K->18765K(55552K), 0.0005250 secs] [Times: user=0.00 sys=0.00, real=0.00 secs] 
265.844: Total time for which application threads were stopped: 0.0006480 seconds, Stopping threads took: 0.0000640 seconds
265.909: Application time: 0.0651320 seconds
265.911: [GC265.911: [ParNew: 15985K->729K(16640K), 0.0006990 secs] 33613K->18765K(55552K), 0.0016380 secs] [Times: user=0.00 sys=0.00, real=0.00 secs] 
265.913: Total time for which application threads were stopped: 0.0035450 seconds, Stopping threads took: 0.0018330 seconds
265.978: Application time: 0.0651900 seconds
265.978: [GC265.978: [ParNew: 15576K->646K(16640K), 0.0003820 secs] 33612K->18682K(55552K), 0.0004080 secs] [Times: user=0.01 sys=0.00, real=0.00 secs] 
265.979: Total time for which application threads were stopped: 0.0005470 seconds, Stopping threads took: 0.0000850 seconds
266.044: Application time: 0.0651510 seconds
266.044: [GC266.044: [ParNew: 15494K->653K(16640K), 0.0003750 secs] 33530K->18689K(55552K), 0.0004020 secs] [Times: user=0.00 sys=0.00, real=0.00 secs] 
266.044: Total time for which application threads were stopped: 0.0005270 seconds, Stopping threads took: 0.0000570 seconds
266.107: Application time: 0.0627630 seconds
266.107: [GC266.107: [ParNew: 15499K->1018K(16640K), 0.0004500 secs] 33535K->19054K(55552K), 0.0004770 secs] [Times: user=0.00 sys=0.00, real=0.00 secs] 
266.108: Total time for which application threads were stopped: 0.0006010 seconds, Stopping threads took: 0.0000620 seconds
266.167: Application time: 0.0596050 seconds
266.167: [GC266.167: [ParNew: 15865K->1084K(16640K), 0.0004560 secs] 33901K->19121K(55552K), 0.0004830 secs] [Times: user=0.01 sys=0.00, real=0.00 secs] 
266.168: Total time for which application threads were stopped: 0.0005980 seconds, Stopping threads took: 0.0000630 seconds
266.235: Application time: 0.0668460 seconds
266.235: [GC266.235: [ParNew: 15931K->0K(16640K), 0.0005470 secs] 33968K->18986K(55552K), 0.0005760 secs] [Times: user=0.00 sys=0.01, real=0.00 secs] 
266.235: Total time for which application threads were stopped: 0.0007080 seconds, Stopping threads took: 0.0000740 seconds
266.303: Application time: 0.0673060 seconds
266.311: [GC266.311: [ParNew: 14847K->0K(16640K), 0.0003130 secs] 33834K->18986K(55552K), 0.0003400 secs] [Times: user=0.00 sys=0.00, real=0.00 secs] 
266.311: Total time for which application threads were stopped: 0.0084140 seconds, Stopping threads took: 0.0080250 seconds
266.379: Application time: 0.0675070 seconds
266.379: [GC266.379: [ParNew: 14847K->0K(16640K), 0.0002800 secs] 33834K->18986K(55552K), 0.0003080 secs] [Times: user=0.00 sys=0.00, real=0.00 secs] 
266.379: Total time for which application threads were stopped: 0.0004230 seconds, Stopping threads took: 0.0000610 seconds
266.446: Application time: 0.0666690 seconds
266.446: [GC266.446: [ParNew: 14847K->0K(16640K), 0.0002690 secs] 33834K->18986K(55552K), 0.0002960 secs] [Times: user=0.00 sys=0.00, real=0.00 secs] 
266.446: Total time for which application threads were stopped: 0.0004320 seconds, Stopping threads took: 0.0000780 seconds
266.499: Application time: 0.0526980 seconds
266.499: [GC266.499: [ParNew: 14848K->196K(16640K), 0.0003640 secs] 33834K->19183K(55552K), 0.0003920 secs] [Times: user=0.00 sys=0.00, real=0.01 secs] 
266.499: Total time for which application threads were stopped: 0.0004940 seconds, Stopping threads took: 0.0000460 seconds
266.560: Application time: 0.0607880 seconds
266.560: [GC266.560: [ParNew: 15040K->198K(16640K), 0.0003330 secs] 34027K->19185K(55552K), 0.0003580 secs] [Times: user=0.00 sys=0.00, real=0.00 secs] 
266.561: Total time for which application threads were stopped: 0.0005000 seconds, Stopping threads took: 0.0000920 seconds
266.618: Application time: 0.0575770 seconds
266.618: [GC266.618: [ParNew: 15044K->386K(16640K), 0.0003580 secs] 34031K->19373K(55552K), 0.0003870 secs] [Times: user=0.00 sys=0.00, real=0.00 secs] 
266.619: Total time for which application threads were stopped: 0.0005180 seconds, Stopping threads took: 0.0000670 seconds
266.674: Application time: 0.0548200 seconds
266.674: [GC266.674: [ParNew: 15233K->390K(16640K), 0.0003540 secs] 34220K->19377K(55552K), 0.0003800 secs] [Times: user=0.00 sys=0.00, real=0.00 secs] 
266.674: Total time for which application threads were stopped: 0.0005030 seconds, Stopping threads took: 0.0000690 seconds
266.739: Application time: 0.0650850 seconds
266.739: [GC266.739: [ParNew: 15234K->408K(16640K), 0.0003710 secs] 34221K->19395K(55552K), 0.0003990 secs] [Times: user=0.00 sys=0.00, real=0.00 secs] 
266.740: Total time for which application threads were stopped: 0.0005250 seconds, Stopping threads took: 0.0000680 seconds
266.806: Application time: 0.0659000 seconds
266.806: [GC266.806: [ParNew: 15255K->416K(16640K), 0.0003610 secs] 34242K->19403K(55552K), 0.0003890 secs] [Times: user=0.00 sys=0.00, real=0.00 secs] 
266.806: Total time for which application threads were stopped: 0.0005150 seconds, Stopping threads took: 0.0000670 seconds
266.855: Application time: 0.0492040 seconds
266.855: [GC266.855: [ParNew: 15263K->605K(16640K), 0.0004710 secs] 34250K->19591K(55552K), 0.0005060 secs] [Times: user=0.00 sys=0.00, real=0.00 secs] 
266.856: Total time for which application threads were stopped: 0.0006230 seconds, Stopping threads took: 0.0000590 seconds
266.916: Application time: 0.0601690 seconds
266.916: [GC266.916: [ParNew: 15448K->625K(16640K), 0.0004640 secs] 34435K->19612K(55552K), 0.0004910 secs] [Times: user=0.00 sys=0.00, real=0.00 secs] 
266.917: Total time for which application threads were stopped: 0.0006160 seconds, Stopping threads took: 0.0000710 seconds
266.981: Application time: 0.0644270 seconds
266.981: [GC266.981: [ParNew: 15473K->648K(16640K), 0.0004640 secs] 34459K->19635K(55552K), 0.0004940 secs] [Times: user=0.00 sys=0.00, real=0.00 secs] 
266.982: Total time for which application threads were stopped: 0.0006390 seconds, Stopping threads took: 0.0000880 seconds
267.045: Application time: 0.0637280 seconds
267.046: [GC267.046: [ParNew: 15493K->718K(16640K), 0.0004220 secs] 34480K->19705K(55552K), 0.0004480 secs] [Times: user=0.01 sys=0.00, real=0.00 secs] 
267.046: Total time for which application threads were stopped: 0.0005720 seconds, Stopping threads took: 0.0000680 seconds
267.113: Application time: 0.0668840 seconds
267.113: [GC267.113: [ParNew: 15563K->746K(16640K), 0.0004060 secs] 34550K->19733K(55552K), 0.0004300 secs] [Times: user=0.00 sys=0.00, real=0.00 secs] 
267.113: Total time for which application threads were stopped: 0.0005420 seconds, Stopping threads took: 0.0000630 seconds
267.180: Application time: 0.0667500 seconds
267.180: [GC267.180: [ParNew: 15594K->780K(16640K), 0.0004670 secs] 34580K->19766K(55552K), 0.0004930 secs] [Times: user=0.00 sys=0.00, real=0.00 secs] 
267.181: Total time for which application threads were stopped: 0.0006330 seconds, Stopping threads took: 0.0000740 seconds
267.247: Application time: 0.0657640 seconds
267.247: [GC267.247: [ParNew: 15624K->757K(16640K), 0.0004240 secs] 34611K->19744K(55552K), 0.0004520 secs] [Times: user=0.00 sys=0.00, real=0.01 secs] 
267.247: Total time for which application threads were stopped: 0.0005680 seconds, Stopping threads took: 0.0000580 seconds
267.313: Application time: 0.0661150 seconds
267.313: [GC267.313: [ParNew: 15602K->526K(16640K), 0.0005190 secs] 34589K->19732K(55552K), 0.0005460 secs] [Times: user=0.00 sys=0.00, real=0.00 secs] 
267.314: Total time for which application threads were stopped: 0.0006870 seconds, Stopping threads took: 0.0000890 seconds
267.381: Application time: 0.0666210 seconds
267.381: [GC267.381: [ParNew: 15374K->475K(16640K), 0.0004070 secs] 34579K->19709K(55552K), 0.0004320 secs] [Times: user=0.00 sys=0.00, real=0.00 secs] 
267.381: Total time for which application threads were stopped: 0.0005600 seconds, Stopping threads took: 0.0000740 seconds
267.427: Application time: 0.0459610 seconds
267.427: [GC267.427: [ParNew: 15323K->858K(16640K), 0.0004840 secs] 34557K->20310K(55552K), 0.0005120 secs] [Times: user=0.00 sys=0.00, real=0.00 secs] 
267.428: Total time for which application threads were stopped: 0.0006290 seconds, Stopping threads took: 0.0000580 seconds
267.452: Application time: 0.0243010 seconds
267.452: [GC267.452: [ParNew: 15705K->1327K(16640K), 0.0005350 secs] 35158K->20780K(55552K), 0.0005620 secs] [Times: user=0.00 sys=0.00, real=0.00 secs] 
267.453: Total time for which application threads were stopped: 0.0006620 seconds, Stopping threads took: 0.0000410 seconds
267.485: Application time: 0.0324320 seconds
267.485: [GC267.485: [ParNew: 16174K->1145K(16640K), 0.0006450 secs] 35627K->20817K(55552K), 0.0006720 secs] [Times: user=0.01 sys=0.00, real=0.00 secs] 
267.486: Total time for which application threads were stopped: 0.0007990 seconds, Stopping threads took: 0.0000680 seconds
267.540: Application time: 0.0542900 seconds
267.543: [GC267.543: [ParNew: 15938K->1014K(16640K), 0.0005010 secs] 35610K->20801K(55552K), 0.0005280 secs] [Times: user=0.00 sys=0.00, real=0.00 secs] 
267.544: Total time for which application threads were stopped: 0.0033850 seconds, Stopping threads took: 0.0027980 seconds
267.607: Application time: 0.0634260 seconds
267.607: [GC267.607: [ParNew: 15859K->1118K(16640K), 0.0004720 secs] 35646K->20905K(55552K), 0.0005060 secs] [Times: user=0.00 sys=0.00, real=0.00 secs] 
267.608: Total time for which application threads were stopped: 0.0006250 seconds, Stopping threads took: 0.0000600 seconds
267.673: Application time: 0.0652410 seconds
267.673: [GC267.673: [ParNew: 15965K->526K(16640K), 0.0004870 secs] 35753K->20945K(55552K), 0.0005130 secs] [Times: user=0.01 sys=0.00, real=0.00 secs] 
267.674: Total time for which application threads were stopped: 0.0006250 seconds, Stopping threads took: 0.0000590 seconds
267.739: Application time: 0.0656950 seconds
267.739: [GC267.739: [ParNew: 15373K->373K(16640K), 0.0003590 secs] 35792K->20792K(55552K), 0.0003870 secs] [Times: user=0.00 sys=0.00, real=0.00 secs] 
267.740: Total time for which application threads were stopped: 0.0005180 seconds, Stopping threads took: 0.0000610 seconds
267.806: Application time: 0.0659110 seconds
267.806: [GC267.806: [ParNew: 15221K->333K(16640K), 0.0003670 secs] 35639K->20752K(55552K), 0.0003940 secs] [Times: user=0.00 sys=0.00, real=0.00 secs] 
267.806: Total time for which application threads were stopped: 0.0005110 seconds, Stopping threads took: 0.0000580 seconds
267.866: Application time: 0.0597270 seconds
267.866: [GC267.866: [ParNew: 15179K->1094K(16640K), 0.0004780 secs] 35598K->21513K(55552K), 0.0005050 secs] [Times: user=0.00 sys=0.00, real=0.00 secs] 
267.867: Total time for which application threads were stopped: 0.0006130 seconds, Stopping threads took: 0.0000570 seconds
267.930: Application time: 0.0634270 seconds
267.930: [GC267.930: [ParNew: 15942K->1011K(16640K), 0.0005710 secs] 36361K->21559K(55552K), 0.0005990 secs] [Times: user=0.00 sys=0.00, real=0.00 secs] 
267.931: Total time for which application threads were stopped: 0.0007130 seconds, Stopping threads took: 0.0000610 seconds
267.998: Application time: 0.0673350 seconds
267.998: [GC267.998: [ParNew: 15858K->474K(16640K), 0.0004990 secs] 36406K->21592K(55552K), 0.0005260 secs] [Times: user=0.00 sys=0.00, real=0.00 secs] 
267.999: Total time for which application threads were stopped: 0.0006510 seconds, Stopping threads took: 0.0000660 seconds
268.066: Application time: 0.0675600 seconds
268.066: [GC268.066: [ParNew: 15319K->426K(16640K), 0.0003540 secs] 36437K->21544K(55552K), 0.0003810 secs] [Times: user=0.00 sys=0.00, real=0.00 secs] 
268.067: Total time for which application threads were stopped: 0.0004890 seconds, Stopping threads took: 0.0000570 seconds
268.134: Application time: 0.0668790 seconds
268.134: [GC268.134: [ParNew: 15273K->415K(16640K), 0.0003880 secs] 36391K->21533K(55552K), 0.0004130 secs] [Times: user=0.00 sys=0.00, real=0.00 secs] 
268.134: Total time for which application threads were stopped: 0.0005200 seconds, Stopping threads took: 0.0000540 seconds
268.201: Application time: 0.0667760 seconds
268.201: [GC268.201: [ParNew: 15262K->416K(16640K), 0.0003760 secs] 36380K->21534K(55552K), 0.0004050 secs] [Times: user=0.00 sys=0.00, real=0.00 secs] 
268.201: Total time for which application threads were stopped: 0.0005450 seconds, Stopping threads took: 0.0000820 seconds
268.249: Application time: 0.0471160 seconds
268.249: [GC268.249: [ParNew: 15260K->619K(16640K), 0.0004620 secs] 36378K->21737K(55552K), 0.0004890 secs] [Times: user=0.00 sys=0.00, real=0.00 secs] 
268.249: Total time for which application threads were stopped: 0.0006180 seconds, Stopping threads took: 0.0000620 seconds
268.315: Application time: 0.0655490 seconds
268.315: [GC268.315: [ParNew: 15467K->228K(16640K), 0.0005670 secs] 36585K->21726K(55552K), 0.0005930 secs] [Times: user=0.00 sys=0.00, real=0.00 secs] 
268.315: Total time for which application threads were stopped: 0.0006950 seconds, Stopping threads took: 0.0000500 seconds
268.372: Application time: 0.0566740 seconds
268.372: [GC268.372: [ParNew: 15072K->400K(16640K), 0.0003480 secs] 36570K->21898K(55552K), 0.0003700 secs] [Times: user=0.00 sys=0.00, real=0.00 secs] 
268.373: Total time for which application threads were stopped: 0.0004970 seconds, Stopping threads took: 0.0000670 seconds
268.430: Application time: 0.0572100 seconds
268.430: [GC268.430: [ParNew: 15248K->417K(16640K), 0.0003400 secs] 36746K->21915K(55552K), 0.0003670 secs] [Times: user=0.00 sys=0.00, real=0.00 secs] 
268.430: Total time for which application threads were stopped: 0.0004790 seconds, Stopping threads took: 0.0000610 seconds
268.496: Application time: 0.0655920 seconds
268.496: [GC268.496: [ParNew: 15263K->422K(16640K), 0.0003870 secs] 36761K->21920K(55552K), 0.0004140 secs] [Times: user=0.00 sys=0.00, real=0.00 secs] 
268.496: Total time for which application threads were stopped: 0.0005210 seconds, Stopping threads took: 0.0000510 seconds
268.563: Application time: 0.0664640 seconds
268.563: [GC268.563: [ParNew: 15270K->400K(16640K), 0.0003490 secs] 36768K->21899K(55552K), 0.0003760 secs] [Times: user=0.00 sys=0.00, real=0.00 secs] 
268.563: Total time for which application threads were stopped: 0.0004820 seconds, Stopping threads took: 0.0000550 seconds
268.611: Application time: 0.0480020 seconds
268.612: [GC268.612: [ParNew: 15245K->615K(16640K), 0.0004040 secs] 36743K->22114K(55552K), 0.0004300 secs] [Times: user=0.00 sys=0.00, real=0.00 secs] 
268.612: Total time for which application threads were stopped: 0.0005480 seconds, Stopping threads took: 0.0000660 seconds
268.674: Application time: 0.0617850 seconds
268.674: [GC268.674: [ParNew: 15462K->629K(16640K), 0.0004480 secs] 36960K->22128K(55552K), 0.0004690 secs] [Times: user=0.00 sys=0.00, real=0.00 secs] 
268.674: Total time for which application threads were stopped: 0.0005780 seconds, Stopping threads took: 0.0000580 seconds
268.739: Application time: 0.0647660 seconds
268.739: [GC268.739: [ParNew: 15474K->649K(16640K), 0.0005350 secs] 36973K->22147K(55552K), 0.0005630 secs] [Times: user=0.00 sys=0.00, real=0.00 secs] 
268.740: Total time for which application threads were stopped: 0.0006860 seconds, Stopping threads took: 0.0000650 seconds
268.805: Application time: 0.0648850 seconds
268.805: [GC268.805: [ParNew: 15496K->692K(16640K), 0.0005090 secs] 36995K->22191K(55552K), 0.0005380 secs] [Times: user=0.00 sys=0.00, real=0.00 secs] 
268.805: Total time for which application threads were stopped: 0.0006520 seconds, Stopping threads took: 0.0000500 seconds
268.872: Application time: 0.0665240 seconds
268.872: [GC268.872: [ParNew: 15540K->708K(16640K), 0.0005040 secs] 37038K->22206K(55552K), 0.0005310 secs] [Times: user=0.01 sys=0.00, real=0.00 secs] 
268.872: Total time for which application threads were stopped: 0.0006470 seconds, Stopping threads took: 0.0000600 seconds
268.940: Application time: 0.0670410 seconds
268.940: [GC268.940: [ParNew: 15555K->721K(16640K), 0.0004750 secs] 37053K->22219K(55552K), 0.0005020 secs] [Times: user=0.01 sys=0.00, real=0.00 secs] 
268.940: Total time for which application threads were stopped: 0.0006230 seconds, Stopping threads took: 0.0000640 seconds
269.006: Application time: 0.0661740 seconds
269.006: [GC269.006: [ParNew: 15568K->745K(16640K), 0.0004130 secs] 37066K->22243K(55552K), 0.0004420 secs] [Times: user=0.00 sys=0.00, real=0.00 secs] 
269.007: Total time for which application threads were stopped: 0.0005590 seconds, Stopping threads took: 0.0000590 seconds
269.073: Application time: 0.0658100 seconds
269.073: [GC269.073: [ParNew: 15590K->527K(16640K), 0.0005360 secs] 37088K->22244K(55552K), 0.0005630 secs] [Times: user=0.00 sys=0.00, real=0.00 secs] 
269.073: Total time for which application threads were stopped: 0.0006690 seconds, Stopping threads took: 0.0000530 seconds
269.140: Application time: 0.0667530 seconds
269.140: [GC269.140: [ParNew: 15341K->564K(16640K), 0.0004180 secs] 37058K->22309K(55552K), 0.0004460 secs] [Times: user=0.00 sys=0.00, real=0.00 secs] 
269.141: Total time for which application threads were stopped: 0.0005650 seconds, Stopping threads took: 0.0000610 seconds
269.176: Application time: 0.0350810 seconds
269.176: [GC269.176: [ParNew: 15408K->817K(16640K), 0.0005700 secs] 37154K->22781K(55552K), 0.0006050 secs] [Times: user=0.00 sys=0.00, real=0.00 secs] 
269.177: Total time for which application threads were stopped: 0.0007330 seconds, Stopping threads took: 0.0000700 seconds
269.204: Application time: 0.0274570 seconds
269.204: [GC269.204: [ParNew: 15661K->1352K(16640K), 0.0005540 secs] 37625K->23317K(55552K), 0.0005820 secs] [Times: user=0.00 sys=0.00, real=0.00 secs] 
269.205: Total time for which application threads were stopped: 0.0006900 seconds, Stopping threads took: 0.0000510 seconds
269.241: Application time: 0.0359480 seconds
269.241: [GC269.241: [ParNew: 16197K->776K(16640K), 0.0024640 secs] 38161K->23426K(55552K), 0.0024900 secs] [Times: user=0.01 sys=0.00, real=0.00 secs] 
269.243: Total time for which application threads were stopped: 0.0026100 seconds, Stopping threads took: 0.0000620 seconds
269.302: Application time: 0.0584900 seconds
269.302: [GC269.302: [ParNew: 15623K->1076K(16640K), 0.0004980 secs] 38272K->23726K(55552K), 0.0005250 secs] [Times: user=0.00 sys=0.00, real=0.00 secs] 
269.302: Total time for which application threads were stopped: 0.0006440 seconds, Stopping threads took: 0.0000620 seconds
269.366: Application time: 0.0638720 seconds
269.366: [GC269.366: [ParNew: 15921K->331K(16640K), 0.0005300 secs] 38570K->23770K(55552K), 0.0005570 secs] [Times: user=0.01 sys=0.00, real=0.00 secs] 
269.367: Total time for which application threads were stopped: 0.0006760 seconds, Stopping threads took: 0.0000570 seconds
269.432: Application time: 0.0653870 seconds
269.435: [GC269.435: [ParNew: 15177K->220K(16640K), 0.0004590 secs] 38615K->23659K(55552K), 0.0004860 secs] [Times: user=0.00 sys=0.00, real=0.00 secs] 
269.436: Total time for which application threads were stopped: 0.0033150 seconds, Stopping threads took: 0.0027720 seconds
269.501: Application time: 0.0653110 seconds
269.501: [GC269.501: [ParNew: 15068K->214K(16640K), 0.0004020 secs] 38506K->23652K(55552K), 0.0004270 secs] [Times: user=0.01 sys=0.00, real=0.00 secs] 
269.502: Total time for which application threads were stopped: 0.0005840 seconds, Stopping threads took: 0.0001010 seconds
269.567: Application time: 0.0652770 seconds
269.567: [GC269.567: [ParNew: 15061K->200K(16640K), 0.0003860 secs] 38500K->23639K(55552K), 0.0004130 secs] [Times: user=0.00 sys=0.00, real=0.01 secs] 
269.567: Total time for which application threads were stopped: 0.0005260 seconds, Stopping threads took: 0.0000610 seconds
269.626: Application time: 0.0587230 seconds
269.626: [GC269.626: [ParNew: 15048K->963K(16640K), 0.0005430 secs] 38486K->24401K(55552K), 0.0005690 secs] [Times: user=0.00 sys=0.00, real=0.00 secs] 
269.627: Total time for which application threads were stopped: 0.0006770 seconds, Stopping threads took: 0.0000530 seconds
269.691: Application time: 0.0647580 seconds
269.692: [GC269.692: [ParNew: 15807K->991K(16640K), 0.0005490 secs] 39246K->24430K(55552K), 0.0005750 secs] [Times: user=0.00 sys=0.00, real=0.00 secs] 
269.692: Total time for which application threads were stopped: 0.0006920 seconds, Stopping threads took: 0.0000610 seconds
269.759: Application time: 0.0671400 seconds
269.759: [GC269.759: [ParNew: 15838K->287K(16640K), 0.0005360 secs] 39277K->24486K(55552K), 0.0005600 secs] [Times: user=0.00 sys=0.00, real=0.00 secs] 
269.760: Total time for which application threads were stopped: 0.0006880 seconds, Stopping threads took: 0.0000710 seconds
269.827: Application time: 0.0670240 seconds
269.827: [GC269.827: [ParNew: 15135K->217K(16640K), 0.0003080 secs] 39334K->24416K(55552K), 0.0003350 secs] [Times: user=0.00 sys=0.00, real=0.00 secs] 
269.827: Total time for which application threads were stopped: 0.0004510 seconds, Stopping threads took: 0.0000610 seconds
269.894: Application time: 0.0667120 seconds
269.894: [GC269.894: [ParNew: 15064K->195K(16640K), 0.0003500 secs] 39263K->24394K(55552K), 0.0003760 secs] [Times: user=0.00 sys=0.00, real=0.00 secs] 
269.895: Total time for which application threads were stopped: 0.0004950 seconds, Stopping threads took: 0.0000500 seconds
269.951: Application time: 0.0566540 seconds
269.951: [GC269.951: [ParNew: 15039K->387K(16640K), 0.0003490 secs] 39238K->24586K(55552K), 0.0003830 secs] [Times: user=0.00 sys=0.00, real=0.00 secs] 
269.952: Total time for which application threads were stopped: 0.0005230 seconds, Stopping threads took: 0.0000840 seconds
270.009: Application time: 0.0569640 seconds
270.009: [GC270.009: [ParNew: 15232K->398K(16640K), 0.0003990 secs] 39431K->24597K(55552K), 0.0004230 secs] [Times: user=0.00 sys=0.00, real=0.00 secs] 
270.009: Total time for which application threads were stopped: 0.0005390 seconds, Stopping threads took: 0.0000590 seconds
270.075: Application time: 0.0654700 seconds
270.075: [GC270.075: [ParNew: 15244K->213K(16640K), 0.0003560 secs] 39443K->24602K(55552K), 0.0003810 secs] [Times: user=0.00 sys=0.00, real=0.00 secs] 
270.075: Total time for which application threads were stopped: 0.0005160 seconds, Stopping threads took: 0.0000840 seconds
270.130: Application time: 0.0543580 seconds
270.130: [GC270.130: [ParNew: 15058K->400K(16640K), 0.0003510 secs] 39447K->24789K(55552K), 0.0003750 secs] [Times: user=0.00 sys=0.00, real=0.00 secs] 
270.130: Total time for which application threads were stopped: 0.0005020 seconds, Stopping threads took: 0.0000720 seconds
270.189: Application time: 0.0587130 seconds
270.189: [GC270.189: [ParNew: 15243K->407K(16640K), 0.0003710 secs] 39632K->24796K(55552K), 0.0003990 secs] [Times: user=0.00 sys=0.00, real=0.00 secs] 
270.189: Total time for which application threads were stopped: 0.0005230 seconds, Stopping threads took: 0.0000680 seconds
270.255: Application time: 0.0653620 seconds
270.255: [GC270.255: [ParNew: 15252K->406K(16640K), 0.0003620 secs] 39641K->24795K(55552K), 0.0003880 secs] [Times: user=0.00 sys=0.00, real=0.00 secs] 
270.255: Total time for which application threads were stopped: 0.0005070 seconds, Stopping threads took: 0.0000610 seconds
270.316: Application time: 0.0611520 seconds
270.317: [GC270.317: [ParNew: 15249K->591K(16640K), 0.0003990 secs] 39638K->24980K(55552K), 0.0004260 secs] [Times: user=0.01 sys=0.00, real=0.00 secs] 
270.317: Total time for which application threads were stopped: 0.0005240 seconds, Stopping threads took: 0.0000480 seconds
270.366: Application time: 0.0490330 seconds
270.366: [GC270.366: [ParNew: 15437K->669K(16640K), 0.0003870 secs] 39826K->25058K(55552K), 0.0004130 secs] [Times: user=0.00 sys=0.00, real=0.00 secs] 
270.367: Total time for which application threads were stopped: 0.0005340 seconds, Stopping threads took: 0.0000700 seconds
270.431: Application time: 0.0641250 seconds
270.431: [GC270.431: [ParNew: 15514K->677K(16640K), 0.0004430 secs] 39903K->25066K(55552K), 0.0004680 secs] [Times: user=0.01 sys=0.00, real=0.00 secs] 
270.431: Total time for which application threads were stopped: 0.0005730 seconds, Stopping threads took: 0.0000420 seconds
270.498: Application time: 0.0664780 seconds
270.498: [GC270.498: [ParNew: 15522K->663K(16640K), 0.0004120 secs] 39911K->25052K(55552K), 0.0004380 secs] [Times: user=0.01 sys=0.00, real=0.00 secs] 
270.498: Total time for which application threads were stopped: 0.0005670 seconds, Stopping threads took: 0.0000700 seconds
270.562: Application time: 0.0641480 seconds
270.563: [GC270.563: [ParNew: 15509K->718K(16640K), 0.0004180 secs] 39898K->25107K(55552K), 0.0004440 secs] [Times: user=0.00 sys=0.00, real=0.00 secs] 
270.563: Total time for which application threads were stopped: 0.0005560 seconds, Stopping threads took: 0.0000560 seconds
270.630: Application time: 0.0669050 seconds
270.630: [GC270.630: [ParNew: 15565K->760K(16640K), 0.0004530 secs] 39954K->25149K(55552K), 0.0004790 secs] [Times: user=0.01 sys=0.00, real=0.00 secs] 
270.631: Total time for which application threads were stopped: 0.0005760 seconds, Stopping threads took: 0.0000430 seconds
270.698: Application time: 0.0670800 seconds
270.698: [GC270.698: [ParNew: 15607K->740K(16640K), 0.0004180 secs] 39996K->25129K(55552K), 0.0004430 secs] [Times: user=0.00 sys=0.00, real=0.00 secs] 
270.698: Total time for which application threads were stopped: 0.0005650 seconds, Stopping threads took: 0.0000640 seconds
270.763: Application time: 0.0651240 seconds
270.763: [GC270.763: [ParNew: 15584K->591K(16640K), 0.0004410 secs] 39973K->25198K(55552K), 0.0004760 secs] [Times: user=0.01 sys=0.00, real=0.00 secs] 
270.764: Total time for which application threads were stopped: 0.0005820 seconds, Stopping threads took: 0.0000550 seconds
270.831: Application time: 0.0671970 seconds
270.831: [GC270.831: [ParNew: 15436K->445K(16640K), 0.0003980 secs] 40044K->25081K(55552K), 0.0004240 secs] [Times: user=0.01 sys=0.00, real=0.00 secs] 
270.832: Total time for which application threads were stopped: 0.0005450 seconds, Stopping threads took: 0.0000680 seconds
270.892: Application time: 0.0607390 seconds
270.892: [GC270.892: [ParNew: 15288K->859K(16640K), 0.0004390 secs] 39925K->25496K(55552K), 0.0004650 secs] [Times: user=0.01 sys=0.00, real=0.00 secs] 
270.893: Total time for which application threads were stopped: 0.0005710 seconds, Stopping threads took: 0.0000500 seconds
270.926: Application time: 0.0325800 seconds
270.926: [GC270.926: [ParNew: 15704K->1016K(16640K), 0.0005380 secs] 40340K->25871K(55552K), 0.0005700 secs] [Times: user=0.01 sys=0.00, real=0.00 secs] 
270.926: Total time for which application threads were stopped: 0.0006790 seconds, Stopping threads took: 0.0000520 seconds
270.953: Application time: 0.0271940 seconds
270.954: [GC270.954: [ParNew: 15860K->1181K(16640K), 0.0006320 secs] 40715K->26226K(55552K), 0.0006610 secs] [Times: user=0.01 sys=0.00, real=0.00 secs] 
270.954: Total time for which application threads were stopped: 0.0007800 seconds, Stopping threads took: 0.0000520 seconds
270.995: Application time: 0.0411790 seconds
270.995: [GC270.995: [ParNew: 16027K->811K(16640K), 0.0005580 secs] 41072K->26351K(55552K), 0.0005840 secs] [Times: user=0.00 sys=0.00, real=0.00 secs] 
270.996: Total time for which application threads were stopped: 0.0006920 seconds, Stopping threads took: 0.0000480 seconds
271.055: Application time: 0.0591940 seconds
271.059: [GC271.059: [ParNew: 15658K->1031K(16640K), 0.0005470 secs] 41198K->26571K(55552K), 0.0005730 secs] [Times: user=0.00 sys=0.00, real=0.00 secs] 
271.060: Total time for which application threads were stopped: 0.0044710 seconds, Stopping threads took: 0.0038370 seconds
271.125: Application time: 0.0653170 seconds
271.125: [GC271.125: [ParNew: 15879K->0K(16640K), 0.0005850 secs] 41419K->26518K(55552K), 0.0006110 secs] [Times: user=0.01 sys=0.00, real=0.00 secs] 
271.126: Total time for which application threads were stopped: 0.0007450 seconds, Stopping threads took: 0.0000820 seconds
271.191: Application time: 0.0651610 seconds
271.191: [GC271.191: [ParNew: 14847K->0K(16640K), 0.0002910 secs] 41366K->26518K(55552K), 0.0003170 secs] [Times: user=0.00 sys=0.00, real=0.00 secs] 
271.191: Total time for which application threads were stopped: 0.0004370 seconds, Stopping threads took: 0.0000610 seconds
271.257: Application time: 0.0651200 seconds
271.257: [GC271.257: [ParNew: 14847K->0K(16640K), 0.0003500 secs] 41366K->26518K(55552K), 0.0003770 secs] [Times: user=0.00 sys=0.00, real=0.00 secs] 
271.257: Total time for which application threads were stopped: 0.0005100 seconds, Stopping threads took: 0.0000750 seconds
271.321: Application time: 0.0640920 seconds
271.321: [GC271.321: [ParNew: 14847K->243K(16640K), 0.0003460 secs] 41366K->26762K(55552K), 0.0003740 secs] [Times: user=0.00 sys=0.00, real=0.00 secs] 
271.322: Total time for which application threads were stopped: 0.0004780 seconds, Stopping threads took: 0.0000510 seconds
271.380: Application time: 0.0588760 seconds
271.383: [GC271.383: [ParNew: 15087K->958K(16640K), 0.0004910 secs] 41606K->27476K(55552K), 0.0005190 secs] [Times: user=0.00 sys=0.00, real=0.00 secs] 
271.384: Total time for which application threads were stopped: 0.0032030 seconds, Stopping threads took: 0.0026290 seconds
271.449: Application time: 0.0656840 seconds
271.449: [GC271.449: [ParNew: 15802K->204K(16640K), 0.0005290 secs] 42321K->27484K(55552K), 0.0005580 secs] [Times: user=0.00 sys=0.00, real=0.00 secs] 
271.450: Total time for which application threads were stopped: 0.0006820 seconds, Stopping threads took: 0.0000580 seconds
271.517: Application time: 0.0672660 seconds
271.517: [GC271.517: [ParNew: 15052K->212K(16640K), 0.0003110 secs] 42331K->27492K(55552K), 0.0003380 secs] [Times: user=0.00 sys=0.00, real=0.00 secs] 
271.518: Total time for which application threads were stopped: 0.0004450 seconds, Stopping threads took: 0.0000420 seconds
271.585: Application time: 0.0668290 seconds
271.585: [GC271.585: [ParNew: 15060K->200K(16640K), 0.0003310 secs] 42339K->27479K(55552K), 0.0003580 secs] [Times: user=0.00 sys=0.00, real=0.00 secs] 
271.585: Total time for which application threads were stopped: 0.0004880 seconds, Stopping threads took: 0.0000740 seconds
271.650: Application time: 0.0650860 seconds
271.650: [GC271.650: [ParNew: 15044K->387K(16640K), 0.0003490 secs] 42324K->27667K(55552K), 0.0003740 secs] [Times: user=0.00 sys=0.00, real=0.00 secs] 
271.651: Total time for which application threads were stopped: 0.0004870 seconds, Stopping threads took: 0.0000580 seconds
271.700: Application time: 0.0489340 seconds
271.700: [GC271.700: [ParNew: 15233K->399K(16640K), 0.0004060 secs] 42513K->27678K(55552K), 0.0004340 secs] [Times: user=0.01 sys=0.00, real=0.00 secs] 
271.700: Total time for which application threads were stopped: 0.0005480 seconds, Stopping threads took: 0.0000550 seconds
271.765: Application time: 0.0652340 seconds
271.765: [GC271.765: [ParNew: 15245K->415K(16640K), 0.0004040 secs] 42525K->27694K(55552K), 0.0004300 secs] [Times: user=0.00 sys=0.00, real=0.00 secs] 
271.766: Total time for which application threads were stopped: 0.0005180 seconds, Stopping threads took: 0.0000380 seconds
271.833: Application time: 0.0669220 seconds
271.833: [GC271.833: [ParNew: 15262K->221K(16640K), 0.0004110 secs] 42541K->27691K(55552K), 0.0004370 secs] [Times: user=0.01 sys=0.00, real=0.00 secs] 
271.833: Total time for which application threads were stopped: 0.0005620 seconds, Stopping threads took: 0.0000720 seconds
271.881: Application time: 0.0478230 seconds
271.881: [GC271.881: [ParNew: 15067K->388K(16640K), 0.0003510 secs] 42537K->27857K(55552K), 0.0003790 secs] [Times: user=0.00 sys=0.00, real=0.00 secs] 
271.882: Total time for which application threads were stopped: 0.0005060 seconds, Stopping threads took: 0.0000690 seconds
271.946: Application time: 0.0645610 seconds
271.946: [GC271.946: [ParNew: 15236K->258K(16640K), 0.0003250 secs] 42705K->27728K(55552K), 0.0003490 secs] [Times: user=0.00 sys=0.00, real=0.00 secs] 
271.947: Total time for which application threads were stopped: 0.0004700 seconds, Stopping threads took: 0.0000650 seconds
272.012: Application time: 0.0655190 seconds
272.012: [GC272.012: [ParNew: 15105K->411K(16640K), 0.0003910 secs] 42574K->27881K(55552K), 0.0004200 secs] [Times: user=0.01 sys=0.00, real=0.00 secs] 
272.013: Total time for which application threads were stopped: 0.0005460 seconds, Stopping threads took: 0.0000660 seconds
272.068: Application time: 0.0546920 seconds
272.068: [GC272.068: [ParNew: 15255K->604K(16640K), 0.0004080 secs] 42724K->28073K(55552K), 0.0004340 secs] [Times: user=0.01 sys=0.00, real=0.00 secs] 
272.068: Total time for which application threads were stopped: 0.0005380 seconds, Stopping threads took: 0.0000410 seconds
272.124: Application time: 0.0555190 seconds
272.124: [GC272.124: [ParNew: 15449K->654K(16640K), 0.0004090 secs] 42918K->28123K(55552K), 0.0004350 secs] [Times: user=0.00 sys=0.00, real=0.00 secs] 
272.124: Total time for which application threads were stopped: 0.0005550 seconds, Stopping threads took: 0.0000680 seconds
272.189: Application time: 0.0646120 seconds
272.189: [GC272.189: [ParNew: 15499K->681K(16640K), 0.0004810 secs] 42968K->28151K(55552K), 0.0005080 secs] [Times: user=0.00 sys=0.00, real=0.00 secs] 
272.189: Total time for which application threads were stopped: 0.0006200 seconds, Stopping threads took: 0.0000560 seconds
272.256: Application time: 0.0664510 seconds
272.256: [GC272.256: [ParNew: 15529K->713K(16640K), 0.0004210 secs] 42998K->28183K(55552K), 0.0004550 secs] [Times: user=0.00 sys=0.00, real=0.00 secs] 
272.256: Total time for which application threads were stopped: 0.0005610 seconds, Stopping threads took: 0.0000480 seconds
272.321: Application time: 0.0643560 seconds
272.321: [GC272.321: [ParNew: 15558K->743K(16640K), 0.0004260 secs] 43028K->28213K(55552K), 0.0004530 secs] [Times: user=0.00 sys=0.00, real=0.00 secs] 
272.321: Total time for which application threads were stopped: 0.0005830 seconds, Stopping threads took: 0.0000770 seconds
272.389: Application time: 0.0675160 seconds
272.389: [GC272.389: [ParNew: 15591K->749K(16640K), 0.0005040 secs] 43060K->28219K(55552K), 0.0005290 secs] [Times: user=0.00 sys=0.00, real=0.00 secs] 
272.390: Total time for which application threads were stopped: 0.0006680 seconds, Stopping threads took: 0.0000860 seconds
272.457: Application time: 0.0672900 seconds
272.457: [GC272.457: [ParNew: 15597K->724K(16640K), 0.0004750 secs] 43067K->28194K(55552K), 0.0004960 secs] [Times: user=0.00 sys=0.00, real=0.00 secs] 
272.457: Total time for which application threads were stopped: 0.0006110 seconds, Stopping threads took: 0.0000590 seconds
272.523: Application time: 0.0653440 seconds
272.523: [GC272.523: [ParNew: 15571K->587K(16640K), 0.0004550 secs] 43041K->28276K(55552K), 0.0004830 secs] [Times: user=0.00 sys=0.00, real=0.00 secs] 
272.523: Total time for which application threads were stopped: 0.0005910 seconds, Stopping threads took: 0.0000570 seconds
272.591: Application time: 0.0673400 seconds
272.591: [GC272.591: [ParNew: 15433K->450K(16640K), 0.0004890 secs] 43121K->28167K(55552K), 0.0005150 secs] [Times: user=0.00 sys=0.00, real=0.00 secs] 
272.591: Total time for which application threads were stopped: 0.0006430 seconds, Stopping threads took: 0.0000640 seconds
272.648: Application time: 0.0561720 seconds
272.648: [GC272.648: [ParNew: 15294K->843K(16640K), 0.0003980 secs] 43011K->28560K(55552K), 0.0004240 secs] [Times: user=0.00 sys=0.00, real=0.00 secs] 
272.648: Total time for which application threads were stopped: 0.0005180 seconds, Stopping threads took: 0.0000370 seconds
272.681: Application time: 0.0332180 seconds
272.681: [GC272.681: [ParNew: 15691K->930K(16640K), 0.0005860 secs] 43408K->28865K(55552K), 0.0006130 secs] [Times: user=0.00 sys=0.00, real=0.00 secs] 
272.682: Total time for which application threads were stopped: 0.0007160 seconds, Stopping threads took: 0.0000440 seconds
272.710: Application time: 0.0283080 seconds
272.710: [GC272.710: [ParNew: 15775K->1370K(16640K), 0.0006440 secs] 43711K->29306K(55552K), 0.0006710 secs] [Times: user=0.00 sys=0.00, real=0.00 secs] 
272.711: Total time for which application threads were stopped: 0.0007820 seconds, Stopping threads took: 0.0000540 seconds
272.754: Application time: 0.0426420 seconds
272.754: [GC272.754: [ParNew: 16218K->1236K(16640K), 0.0005900 secs] 44154K->29448K(55552K), 0.0006180 secs] [Times: user=0.01 sys=0.00, real=0.00 secs] 
272.754: Total time for which application threads were stopped: 0.0007460 seconds, Stopping threads took: 0.0000700 seconds
272.816: Application time: 0.0612540 seconds
272.816: [GC272.816: [ParNew: 16083K->738K(16640K), 0.0005240 secs] 44295K->29388K(55552K), 0.0005510 secs] [Times: user=0.00 sys=0.00, real=0.00 secs] 
272.816: Total time for which application threads were stopped: 0.0006710 seconds, Stopping threads took: 0.0000690 seconds
272.882: Application time: 0.0654580 seconds
272.882: [GC272.882: [ParNew: 15585K->615K(16640K), 0.0004530 secs] 44235K->29266K(55552K), 0.0004790 secs] [Times: user=0.01 sys=0.00, real=0.00 secs] 
272.882: Total time for which application threads were stopped: 0.0005890 seconds, Stopping threads took: 0.0000550 seconds
272.948: Application time: 0.0654410 seconds
272.948: [GC272.948: [ParNew: 15463K->623K(16640K), 0.0004600 secs] 44113K->29273K(55552K), 0.0004870 secs] [Times: user=0.00 sys=0.00, real=0.00 secs] 
272.949: Total time for which application threads were stopped: 0.0006140 seconds, Stopping threads took: 0.0000690 seconds
273.014: Application time: 0.0657110 seconds
273.015: [GC273.015: [ParNew: 15470K->664K(16640K), 0.0004360 secs] 44121K->29315K(55552K), 0.0004710 secs] [Times: user=0.00 sys=0.00, real=0.00 secs] 
273.016: Total time for which application threads were stopped: 0.0013980 seconds, Stopping threads took: 0.0008680 seconds
273.079: Application time: 0.0629880 seconds
273.083: [GC273.083: [ParNew: 15511K->1039K(16640K), 0.0004960 secs] 44162K->29689K(55552K), 0.0005220 secs] [Times: user=0.00 sys=0.00, real=0.00 secs] 
273.084: Total time for which application threads were stopped: 0.0050880 seconds, Stopping threads took: 0.0045120 seconds
273.144: Application time: 0.0602830 seconds
273.144: [GC273.144: [ParNew: 15885K->1128K(16640K), 0.0004670 secs] 44535K->29779K(55552K), 0.0004940 secs] [Times: user=0.01 sys=0.00, real=0.00 secs] 
273.145: Total time for which application threads were stopped: 0.0006450 seconds, Stopping threads took: 0.0000840 seconds
273.211: Application time: 0.0668400 seconds
273.212: [GC273.212: [ParNew: 15976K->883K(16640K), 0.0004910 secs] 44627K->29724K(55552K), 0.0005190 secs] [Times: user=0.00 sys=0.00, real=0.00 secs] 
273.212: Total time for which application threads were stopped: 0.0006330 seconds, Stopping threads took: 0.0000530 seconds
273.279: Application time: 0.0672950 seconds
273.280: [GC273.280: [ParNew: 15730K->867K(16640K), 0.0004490 secs] 44571K->29708K(55552K), 0.0004770 secs] [Times: user=0.00 sys=0.00, real=0.00 secs] 
273.280: Total time for which application threads were stopped: 0.0006150 seconds, Stopping threads took: 0.0000840 seconds
273.347: Application time: 0.0666730 seconds
273.347: [GC273.347: [ParNew: 15714K->914K(16640K), 0.0004290 secs] 44555K->29755K(55552K), 0.0004570 secs] [Times: user=0.00 sys=0.00, real=0.01 secs] 
273.347: Total time for which application threads were stopped: 0.0005760 seconds, Stopping threads took: 0.0000600 seconds
273.407: Application time: 0.0601660 seconds
273.408: [GC273.408: [ParNew: 15761K->1073K(16640K), 0.0004610 secs] 44602K->29914K(55552K), 0.0004870 secs] [Times: user=0.00 sys=0.00, real=0.00 secs] 
273.408: Total time for which application threads were stopped: 0.0005930 seconds, Stopping threads took: 0.0000500 seconds
273.461: Application time: 0.0528990 seconds
273.461: [GC273.461: [ParNew: 15921K->267K(16640K), 0.0005240 secs] 44762K->29868K(55552K), 0.0005520 secs] [Times: user=0.00 sys=0.00, real=0.00 secs] 
273.462: Total time for which application threads were stopped: 0.0006650 seconds, Stopping threads took: 0.0000520 seconds
273.527: Application time: 0.0652750 seconds
273.527: [GC273.527: [ParNew: 15114K->231K(16640K), 0.0003320 secs] 44716K->29832K(55552K), 0.0003590 secs] [Times: user=0.00 sys=0.00, real=0.01 secs] 
273.527: Total time for which application threads were stopped: 0.0004600 seconds, Stopping threads took: 0.0000480 seconds
273.591: Application time: 0.0637840 seconds
273.591: [GC273.591: [ParNew: 15076K->387K(16640K), 0.0004770 secs] 44677K->29988K(55552K), 0.0005020 secs] [Times: user=0.00 sys=0.00, real=0.00 secs] 
273.592: Total time for which application threads were stopped: 0.0006170 seconds, Stopping threads took: 0.0000610 seconds
273.642: Application time: 0.0497870 seconds
273.642: [GC273.642: [ParNew: 15231K->402K(16640K), 0.0003830 secs] 44833K->30003K(55552K), 0.0004080 secs] [Times: user=0.00 sys=0.00, real=0.00 secs] 
273.642: Total time for which application threads were stopped: 0.0005260 seconds, Stopping threads took: 0.0000630 seconds
273.707: Application time: 0.0647910 seconds
273.707: [GC273.707: [ParNew: 15248K->406K(16640K), 0.0003820 secs] 44849K->30008K(55552K), 0.0004100 secs] [Times: user=0.00 sys=0.00, real=0.01 secs] 
273.707: Total time for which application threads were stopped: 0.0005290 seconds, Stopping threads took: 0.0000510 seconds
273.774: Application time: 0.0663170 seconds
273.774: [GC273.774: [ParNew: 15254K->417K(16640K), 0.0004380 secs] 44855K->30018K(55552K), 0.0004630 secs] [Times: user=0.01 sys=0.00, real=0.00 secs] 
273.774: Total time for which application threads were stopped: 0.0005910 seconds, Stopping threads took: 0.0000690 seconds
273.821: Application time: 0.0471570 seconds
273.822: [GC273.822: [ParNew: 15263K->623K(16640K), 0.0004010 secs] 44864K->30224K(55552K), 0.0004280 secs] [Times: user=0.01 sys=0.00, real=0.00 secs] 
273.822: Total time for which application threads were stopped: 0.0005270 seconds, Stopping threads took: 0.0000480 seconds
273.884: Application time: 0.0621830 seconds
273.884: [GC273.884: [ParNew: 15469K->631K(16640K), 0.0004310 secs] 45070K->30232K(55552K), 0.0004590 secs] [Times: user=0.00 sys=0.00, real=0.00 secs] 
273.885: Total time for which application threads were stopped: 0.0005880 seconds, Stopping threads took: 0.0000740 seconds
273.950: Application time: 0.0653110 seconds
273.950: [GC273.950: [ParNew: 15476K->687K(16640K), 0.0004290 secs] 45077K->30288K(55552K), 0.0004570 secs] [Times: user=0.00 sys=0.00, real=0.00 secs] 
273.951: Total time for which application threads were stopped: 0.0005850 seconds, Stopping threads took: 0.0000720 seconds
274.016: Application time: 0.0649380 seconds
274.016: [GC274.016: [ParNew: 15532K->696K(16640K), 0.0004120 secs] 45133K->30298K(55552K), 0.0004410 secs] [Times: user=0.00 sys=0.00, real=0.00 secs] 
274.016: Total time for which application threads were stopped: 0.0005640 seconds, Stopping threads took: 0.0000630 seconds
274.082: Application time: 0.0659330 seconds
274.082: [GC274.082: [ParNew: 15544K->719K(16640K), 0.0004570 secs] 45145K->30320K(55552K), 0.0004850 secs] [Times: user=0.00 sys=0.00, real=0.00 secs] 
274.083: Total time for which application threads were stopped: 0.0005920 seconds, Stopping threads took: 0.0000540 seconds
274.149: Application time: 0.0665240 seconds
274.149: [GC274.149: [ParNew: 15566K->781K(16640K), 0.0004300 secs] 45167K->30383K(55552K), 0.0004590 secs] [Times: user=0.01 sys=0.00, real=0.00 secs] 
274.150: Total time for which application threads were stopped: 0.0005940 seconds, Stopping threads took: 0.0000780 seconds
274.215: Application time: 0.0656430 seconds
274.216: [GC274.216: [ParNew: 15626K->746K(16640K), 0.0004200 secs] 45227K->30376K(55552K), 0.0004470 secs] [Times: user=0.00 sys=0.00, real=0.00 secs] 
274.216: Total time for which application threads were stopped: 0.0005660 seconds, Stopping threads took: 0.0000520 seconds
274.282: Application time: 0.0657600 seconds
274.283: [GC274.283: [ParNew: 15592K->534K(16640K), 0.0004510 secs] 45222K->30354K(55552K), 0.0004780 secs] [Times: user=0.01 sys=0.00, real=0.00 secs] 
274.284: Total time for which application threads were stopped: 0.0018620 seconds, Stopping threads took: 0.0013280 seconds
274.351: Application time: 0.0670040 seconds
274.351: [GC274.351: [ParNew: 15379K->457K(16640K), 0.0004260 secs] 45199K->30305K(55552K), 0.0004540 secs] [Times: user=0.00 sys=0.00, real=0.00 secs] 
274.351: Total time for which application threads were stopped: 0.0005730 seconds, Stopping threads took: 0.0000600 seconds
274.399: Application time: 0.0476720 seconds
274.399: [GC274.399: [ParNew: 15304K->1049K(16640K), 0.0005560 secs] 45153K->30898K(55552K), 0.0005850 secs] [Times: user=0.00 sys=0.00, real=0.01 secs] 
274.400: Total time for which application threads were stopped: 0.0007120 seconds, Stopping threads took: 0.0000670 seconds
274.428: Application time: 0.0286060 seconds
274.428: [GC274.428: [ParNew: 15897K->1013K(16640K), 0.0005760 secs] 45746K->31080K(55552K), 0.0006020 secs] [Times: user=0.00 sys=0.00, real=0.00 secs] 
274.429: Total time for which application threads were stopped: 0.0007070 seconds, Stopping threads took: 0.0000490 seconds
274.460: Application time: 0.0309850 seconds
274.460: [GC274.460: [ParNew: 15857K->1370K(16640K), 0.0006060 secs] 45924K->31437K(55552K), 0.0006320 secs] [Times: user=0.00 sys=0.00, real=0.00 secs] 
274.461: Total time for which application threads were stopped: 0.0007510 seconds, Stopping threads took: 0.0000620 seconds
274.512: Application time: 0.0511690 seconds
274.512: [GC274.512: [ParNew: 16215K->1169K(16640K), 0.0005750 secs] 46282K->31512K(55552K), 0.0006140 secs] [Times: user=0.00 sys=0.00, real=0.00 secs] 
274.513: Total time for which application threads were stopped: 0.0007230 seconds, Stopping threads took: 0.0000490 seconds
274.575: Application time: 0.0621760 seconds
274.575: [GC274.575: [ParNew: 16014K->1081K(16640K), 0.0004870 secs] 46357K->31453K(55552K), 0.0005140 secs] [Times: user=0.00 sys=0.00, real=0.00 secs] 
274.575: Total time for which application threads were stopped: 0.0006220 seconds, Stopping threads took: 0.0000580 seconds
274.641: Application time: 0.0654640 seconds
274.641: [GC274.641: [ParNew: 15928K->820K(16640K), 0.0005310 secs] 46301K->31601K(55552K), 0.0005580 secs] [Times: user=0.00 sys=0.00, real=0.00 secs] 
274.642: Total time for which application threads were stopped: 0.0006830 seconds, Stopping threads took: 0.0000660 seconds
274.707: Application time: 0.0652180 seconds
274.707: [GC274.707: [ParNew: 15667K->648K(16640K), 0.0003900 secs] 46448K->31429K(55552K), 0.0004180 secs] [Times: user=0.00 sys=0.00, real=0.01 secs] 
274.707: Total time for which application threads were stopped: 0.0005330 seconds, Stopping threads took: 0.0000580 seconds
274.773: Application time: 0.0653180 seconds
274.773: [GC274.773: [ParNew: 15495K->619K(16640K), 0.0004240 secs] 46276K->31400K(55552K), 0.0004510 secs] [Times: user=0.00 sys=0.00, real=0.00 secs] 
274.773: Total time for which application threads were stopped: 0.0005860 seconds, Stopping threads took: 0.0000760 seconds
274.834: Application time: 0.0608650 seconds
274.834: [GC274.834: [ParNew: 15464K->1011K(16640K), 0.0004920 secs] 46245K->31792K(55552K), 0.0005170 secs] [Times: user=0.00 sys=0.00, real=0.00 secs] 
274.835: Total time for which application threads were stopped: 0.0006260 seconds, Stopping threads took: 0.0000550 seconds
274.896: Application time: 0.0616890 seconds
274.896: [GC274.896: [ParNew: 15856K->1057K(16640K), 0.0004670 secs] 46637K->31839K(55552K), 0.0004930 secs] [Times: user=0.01 sys=0.00, real=0.00 secs] 
274.897: Total time for which application threads were stopped: 0.0006110 seconds, Stopping threads took: 0.0000610 seconds
274.964: Application time: 0.0669350 seconds
274.964: [GC274.964: [ParNew: 15905K->682K(16640K), 0.0004970 secs] 46686K->31844K(55552K), 0.0005250 secs] [Times: user=0.00 sys=0.00, real=0.00 secs] 
274.965: Total time for which application threads were stopped: 0.0006460 seconds, Stopping threads took: 0.0000620 seconds
275.032: Application time: 0.0671000 seconds
275.032: [GC275.032: [ParNew: 15530K->670K(16640K), 0.0003930 secs] 46691K->31832K(55552K), 0.0004210 secs] [Times: user=0.00 sys=0.00, real=0.00 secs] 
275.032: Total time for which application threads were stopped: 0.0005450 seconds, Stopping threads took: 0.0000690 seconds
275.099: Application time: 0.0669040 seconds
275.099: [GC275.099: [ParNew: 15518K->630K(16640K), 0.0004430 secs] 46679K->31792K(55552K), 0.0004700 secs] [Times: user=0.00 sys=0.00, real=0.00 secs] 
275.100: Total time for which application threads were stopped: 0.0005820 seconds, Stopping threads took: 0.0000540 seconds
275.159: Application time: 0.0591830 seconds
275.159: [GC275.159: [ParNew: 15475K->815K(16640K), 0.0004540 secs] 46636K->31977K(55552K), 0.0004780 secs] [Times: user=0.00 sys=0.01, real=0.01 secs] 
275.159: Total time for which application threads were stopped: 0.0006000 seconds, Stopping threads took: 0.0000640 seconds
275.214: Application time: 0.0545750 seconds
275.214: [GC275.214: [ParNew: 15663K->851K(16640K), 0.0004870 secs] 46824K->32013K(55552K), 0.0005130 secs] [Times: user=0.00 sys=0.00, real=0.00 secs] 
275.215: Total time for which application threads were stopped: 0.0006290 seconds, Stopping threads took: 0.0000580 seconds
275.280: Application time: 0.0650020 seconds
275.280: [GC275.280: [ParNew: 15698K->298K(16640K), 0.0004930 secs] 46860K->32030K(55552K), 0.0005200 secs] [Times: user=0.00 sys=0.00, real=0.00 secs] 
275.280: Total time for which application threads were stopped: 0.0006500 seconds, Stopping threads took: 0.0000690 seconds
275.340: Application time: 0.0596840 seconds
275.340: [GC275.340: [ParNew: 15142K->417K(16640K), 0.0003640 secs] 46874K->32149K(55552K), 0.0003990 secs] [Times: user=0.00 sys=0.00, real=0.00 secs] 
275.341: Total time for which application threads were stopped: 0.0005100 seconds, Stopping threads took: 0.0000530 seconds
275.394: Application time: 0.0530210 seconds
275.394: [GC275.394: [ParNew: 15262K->410K(16640K), 0.0003940 secs] 46994K->32142K(55552K), 0.0004200 secs] [Times: user=0.00 sys=0.00, real=0.00 secs] 
275.394: Total time for which application threads were stopped: 0.0005310 seconds, Stopping threads took: 0.0000540 seconds
275.459: Application time: 0.0649460 seconds
275.459: [GC275.459: [ParNew: 15255K->411K(16640K), 0.0003750 secs] 46987K->32142K(55552K), 0.0004030 secs] [Times: user=0.00 sys=0.00, real=0.00 secs] 
275.460: Total time for which application threads were stopped: 0.0005100 seconds, Stopping threads took: 0.0000490 seconds
275.520: Application time: 0.0607730 seconds
275.520: [GC275.520: [ParNew: 15256K->605K(16640K), 0.0003970 secs] 46988K->32336K(55552K), 0.0004230 secs] [Times: user=0.00 sys=0.00, real=0.00 secs] 
275.521: Total time for which application threads were stopped: 0.0005180 seconds, Stopping threads took: 0.0000460 seconds
275.572: Application time: 0.0507620 seconds
275.572: [GC275.572: [ParNew: 15449K->639K(16640K), 0.0004000 secs] 47180K->32371K(55552K), 0.0004260 secs] [Times: user=0.00 sys=0.00, real=0.00 secs] 
275.572: Total time for which application threads were stopped: 0.0005210 seconds, Stopping threads took: 0.0000460 seconds
275.637: Application time: 0.0651390 seconds
275.637: [GC275.637: [ParNew: 15487K->678K(16640K), 0.0003920 secs] 47218K->32410K(55552K), 0.0004180 secs] [Times: user=0.00 sys=0.00, real=0.00 secs] 
275.638: Total time for which application threads were stopped: 0.0005440 seconds, Stopping threads took: 0.0000690 seconds
275.706: Application time: 0.0682050 seconds
275.706: [GC275.706: [ParNew: 15526K->704K(16640K), 0.0003660 secs] 47258K->32436K(55552K), 0.0003910 secs] [Times: user=0.00 sys=0.00, real=0.00 secs] 
275.707: Total time for which application threads were stopped: 0.0005190 seconds, Stopping threads took: 0.0000660 seconds
275.771: Application time: 0.0640310 seconds
275.771: [GC275.771: [ParNew: 15549K->747K(16640K), 0.0004420 secs] 47281K->32479K(55552K), 0.0004690 secs] [Times: user=0.00 sys=0.00, real=0.00 secs] 
275.771: Total time for which application threads were stopped: 0.0005710 seconds, Stopping threads took: 0.0000500 seconds
275.838: Application time: 0.0667420 seconds
275.838: [GC275.838: [ParNew: 15595K->767K(16640K), 0.0004910 secs] 47326K->32499K(55552K), 0.0005170 secs] [Times: user=0.00 sys=0.00, real=0.00 secs] 
275.839: Total time for which application threads were stopped: 0.0006360 seconds, Stopping threads took: 0.0000510 seconds
275.905: Application time: 0.0667670 seconds
275.905: [GC275.905: [ParNew: 15615K->805K(16640K), 0.0004150 secs] 47346K->32537K(55552K), 0.0004420 secs] [Times: user=0.00 sys=0.00, real=0.00 secs] 
275.906: Total time for which application threads were stopped: 0.0005510 seconds, Stopping threads took: 0.0000510 seconds
275.971: Application time: 0.0652850 seconds
275.971: [GC275.971: [ParNew: 15652K->695K(16640K), 0.0005280 secs] 47383K->32455K(55552K), 0.0005610 secs] [Times: user=0.00 sys=0.00, real=0.00 secs] 
275.972: Total time for which application threads were stopped: 0.0006750 seconds, Stopping threads took: 0.0000630 seconds
276.039: Application time: 0.0672300 seconds
276.039: [GC276.039: [ParNew: 15540K->501K(16640K), 0.0004720 secs] 47300K->32480K(55552K), 0.0005000 secs] [Times: user=0.00 sys=0.00, real=0.00 secs] 
276.040: Total time for which application threads were stopped: 0.0006150 seconds, Stopping threads took: 0.0000590 seconds
276.107: Application time: 0.0673890 seconds
276.107: [GC276.107: [ParNew: 15347K->479K(16640K), 0.0004200 secs] 47325K->32458K(55552K), 0.0004470 secs] [Times: user=0.01 sys=0.00, real=0.00 secs] 
276.108: Total time for which application threads were stopped: 0.0005830 seconds, Stopping threads took: 0.0000790 seconds
276.148: Application time: 0.0406070 seconds
276.148: [GC276.148: [ParNew: 15325K->634K(16640K), 0.0004760 secs] 47304K->32831K(55552K), 0.0005110 secs] [Times: user=0.00 sys=0.00, real=0.00 secs] 
276.149: Total time for which application threads were stopped: 0.0006290 seconds, Stopping threads took: 0.0000610 seconds
276.174: Application time: 0.0252160 seconds
276.174: [GC276.174: [ParNew: 15480K->1328K(16640K), 0.0005460 secs] 47678K->33526K(55552K), 0.0005720 secs] [Times: user=0.01 sys=0.00, real=0.00 secs] 
276.175: Total time for which application threads were stopped: 0.0006630 seconds, Stopping threads took: 0.0000380 seconds
276.207: Application time: 0.0320130 seconds
276.207: [GC276.207: [ParNew: 16170K->600K(16640K), 0.0005730 secs] 48367K->33483K(55552K), 0.0005990 secs] [Times: user=0.00 sys=0.00, real=0.01 secs] 
276.207: Total time for which application threads were stopped: 0.0007180 seconds, Stopping threads took: 0.0000610 seconds
276.266: Application time: 0.0585260 seconds
276.266: [GC276.266: [ParNew: 15445K->1071K(16640K), 0.0005310 secs] 48328K->33954K(55552K), 0.0005560 secs] [Times: user=0.01 sys=0.00, real=0.00 secs] 
276.267: Total time for which application threads were stopped: 0.0006770 seconds, Stopping threads took: 0.0000630 seconds
276.331: Application time: 0.0643410 seconds
276.331: [GC276.331: [ParNew: 15918K->1062K(16640K), 0.0005770 secs] 48801K->33974K(55552K), 0.0006040 secs] [Times: user=0.00 sys=0.00, real=0.00 secs] 
276.332: Total time for which application threads were stopped: 0.0007170 seconds, Stopping threads took: 0.0000610 seconds
276.397: Application time: 0.0648940 seconds
276.397: [GC276.397: [ParNew: 15910K->248K(16640K), 0.0005430 secs] 48822K->33920K(55552K), 0.0005730 secs] [Times: user=0.00 sys=0.00, real=0.00 secs] 
276.397: Total time for which application threads were stopped: 0.0007060 seconds, Stopping threads took: 0.0000670 seconds
276.463: Application time: 0.0653220 seconds
276.463: [GC276.463: [ParNew: 15095K->241K(16640K), 0.0003600 secs] 48767K->33913K(55552K), 0.0003890 secs] [Times: user=0.00 sys=0.00, real=0.00 secs] 
276.463: Total time for which application threads were stopped: 0.0005130 seconds, Stopping threads took: 0.0000670 seconds
276.529: Application time: 0.0655350 seconds
276.529: [GC276.529: [ParNew: 15088K->212K(16640K), 0.0003640 secs] 48760K->33884K(55552K), 0.0003910 secs] [Times: user=0.00 sys=0.00, real=0.00 secs] 
276.529: Total time for which application threads were stopped: 0.0005200 seconds, Stopping threads took: 0.0000760 seconds
276.590: Application time: 0.0603160 seconds
276.590: [GC276.590: [ParNew: 15060K->821K(16640K), 0.0004380 secs] 48732K->34493K(55552K), 0.0004610 secs] [Times: user=0.00 sys=0.00, real=0.00 secs] 
276.590: Total time for which application threads were stopped: 0.0005750 seconds, Stopping threads took: 0.0000610 seconds
276.653: Application time: 0.0630990 seconds
276.653: [GC276.653: [ParNew: 15669K->1015K(16640K), 0.0004260 secs] 49340K->34686K(55552K), 0.0004530 secs] [Times: user=0.00 sys=0.00, real=0.00 secs] 
276.654: Total time for which application threads were stopped: 0.0005820 seconds, Stopping threads took: 0.0000730 seconds
276.721: Application time: 0.0676220 seconds
276.723: [GC276.723: [ParNew: 15862K->695K(16640K), 0.0005620 secs] 49534K->34747K(55552K), 0.0005880 secs] [Times: user=0.00 sys=0.00, real=0.00 secs] 
276.724: Total time for which application threads were stopped: 0.0022420 seconds, Stopping threads took: 0.0016030 seconds
276.791: Application time: 0.0670040 seconds
276.791: [GC276.791: [ParNew: 15543K->628K(16640K), 0.0004160 secs] 49594K->34680K(55552K), 0.0004430 secs] [Times: user=0.00 sys=0.00, real=0.00 secs] 
276.791: Total time for which application threads were stopped: 0.0005580 seconds, Stopping threads took: 0.0000600 seconds
276.859: Application time: 0.0674710 seconds
276.859: [GC276.859: [ParNew: 15476K->641K(16640K), 0.0003800 secs] 49528K->34693K(55552K), 0.0004090 secs] [Times: user=0.00 sys=0.00, real=0.01 secs] 
276.859: Total time for which application threads were stopped: 0.0005280 seconds, Stopping threads took: 0.0000540 seconds
276.913: Application time: 0.0540710 seconds
276.913: [GC276.913: [ParNew: 15489K->839K(16640K), 0.0004350 secs] 49541K->34891K(55552K), 0.0004620 secs] [Times: user=0.00 sys=0.00, real=0.00 secs] 
276.914: Total time for which application threads were stopped: 0.0005950 seconds, Stopping threads took: 0.0000630 seconds
276.972: Application time: 0.0585490 seconds
276.973: [GC276.973: [ParNew: 15684K->866K(16640K), 0.0004430 secs] 49736K->34918K(55552K), 0.0004700 secs] [Times: user=0.01 sys=0.00, real=0.00 secs] 
276.973: Total time for which application threads were stopped: 0.0005680 seconds, Stopping threads took: 0.0000450 seconds
277.038: Application time: 0.0648950 seconds
277.038: [GC277.038: [ParNew: 15711K->278K(16640K), 0.0005160 secs] 49763K->34900K(55552K), 0.0005450 secs] [Times: user=0.00 sys=0.00, real=0.00 secs] 
277.039: Total time for which application threads were stopped: 0.0006600 seconds, Stopping threads took: 0.0000610 seconds
277.094: Application time: 0.0551550 seconds
277.094: [GC277.094: [ParNew: 15121K->416K(16640K), 0.0003990 secs] 49743K->35038K(55552K), 0.0004250 secs] [Times: user=0.01 sys=0.00, real=0.00 secs] 
277.094: Total time for which application threads were stopped: 0.0005340 seconds, Stopping threads took: 0.0000540 seconds
277.152: Application time: 0.0580570 seconds
277.152: [GC277.152: [ParNew: 15261K->406K(16640K), 0.0004350 secs] 49883K->35028K(55552K), 0.0004620 secs] [Times: user=0.00 sys=0.00, real=0.00 secs] 
277.153: Total time for which application threads were stopped: 0.0005840 seconds, Stopping threads took: 0.0000640 seconds
277.219: Application time: 0.0661600 seconds
277.219: [GC277.219: [ParNew: 15253K->426K(16640K), 0.0003450 secs] 49876K->35048K(55552K), 0.0003720 secs] [Times: user=0.00 sys=0.00, real=0.00 secs] 
277.220: Total time for which application threads were stopped: 0.0004940 seconds, Stopping threads took: 0.0000700 seconds
277.273: Application time: 0.0533110 seconds
277.273: [GC277.273: [ParNew: 15269K->621K(16640K), 0.0004780 secs] 49891K->35243K(55552K), 0.0005040 secs] [Times: user=0.01 sys=0.00, real=0.00 secs] 
277.274: Total time for which application threads were stopped: 0.0006030 seconds, Stopping threads took: 0.0000470 seconds
277.331: Application time: 0.0570590 seconds
277.331: [GC277.331: [ParNew: 15467K->625K(16640K), 0.0004680 secs] 50089K->35247K(55552K), 0.0004960 secs] [Times: user=0.00 sys=0.00, real=0.00 secs] 
277.331: Total time for which application threads were stopped: 0.0005980 seconds, Stopping threads took: 0.0000510 seconds
277.396: Application time: 0.0647100 seconds
277.396: [GC277.396: [ParNew: 15471K->693K(16640K), 0.0004780 secs] 50093K->35316K(55552K), 0.0005060 secs] [Times: user=0.00 sys=0.00, real=0.00 secs] 
277.397: Total time for which application threads were stopped: 0.0006260 seconds, Stopping threads took: 0.0000620 seconds
277.463: Application time: 0.0665330 seconds
277.467: [GC277.467: [ParNew: 15539K->679K(16640K), 0.0004250 secs] 50161K->35301K(55552K), 0.0004510 secs] [Times: user=0.01 sys=0.00, real=0.00 secs] 
277.468: Total time for which application threads were stopped: 0.0045500 seconds, Stopping threads took: 0.0040260 seconds
277.532: Application time: 0.0641000 seconds
277.532: [GC277.532: [ParNew: 15524K->744K(16640K), 0.0004220 secs] 50146K->35366K(55552K), 0.0004480 secs] [Times: user=0.00 sys=0.00, real=0.00 secs] 
277.532: Total time for which application threads were stopped: 0.0005700 seconds, Stopping threads took: 0.0000740 seconds
277.599: Application time: 0.0666670 seconds
277.599: [GC277.599: [ParNew: 15591K->784K(16640K), 0.0004360 secs] 50213K->35406K(55552K), 0.0004650 secs] [Times: user=0.01 sys=0.00, real=0.00 secs] 
277.600: Total time for which application threads were stopped: 0.0005770 seconds, Stopping threads took: 0.0000500 seconds
277.667: Application time: 0.0672720 seconds
277.667: [GC277.667: [ParNew: 15631K->725K(16640K), 0.0004660 secs] 50253K->35347K(55552K), 0.0005010 secs] [Times: user=0.00 sys=0.00, real=0.01 secs] 
277.667: Total time for which application threads were stopped: 0.0006090 seconds, Stopping threads took: 0.0000530 seconds
277.733: Application time: 0.0655310 seconds
277.733: [GC277.733: [ParNew: 15570K->544K(16640K), 0.0004270 secs] 50192K->35385K(55552K), 0.0004540 secs] [Times: user=0.00 sys=0.00, real=0.00 secs] 
277.734: Total time for which application threads were stopped: 0.0005610 seconds, Stopping threads took: 0.0000550 seconds
277.801: Application time: 0.0673620 seconds
277.801: [GC277.801: [ParNew: 15392K->453K(16640K), 0.0003930 secs] 50232K->35322K(55552K), 0.0004190 secs] [Times: user=0.00 sys=0.00, real=0.00 secs] 
277.801: Total time for which application threads were stopped: 0.0005220 seconds, Stopping threads took: 0.0000480 seconds
277.860: Application time: 0.0586600 seconds
277.860: [GC277.860: [ParNew: 15297K->664K(16640K), 0.0004410 secs] 50166K->35533K(55552K), 0.0004680 secs] [Times: user=0.00 sys=0.00, real=0.00 secs] 
277.861: Total time for which application threads were stopped: 0.0005950 seconds, Stopping threads took: 0.0000710 seconds
277.904: Application time: 0.0429690 seconds
277.904: [GC277.904: [ParNew: 15511K->694K(16640K), 0.0005360 secs] 50380K->35782K(55552K), 0.0005640 secs] [Times: user=0.01 sys=0.00, real=0.00 secs] 
277.904: Total time for which application threads were stopped: 0.0006860 seconds, Stopping threads took: 0.0000630 seconds
277.930: Application time: 0.0258450 seconds
277.930: [GC277.930: [ParNew: 15538K->1378K(16640K), 0.0005530 secs] 50626K->36466K(55552K), 0.0005790 secs] [Times: user=0.01 sys=0.00, real=0.00 secs] 
277.931: Total time for which application threads were stopped: 0.0007040 seconds, Stopping threads took: 0.0000690 seconds
277.966: Application time: 0.0349210 seconds
277.966: [GC277.966: [ParNew: 16224K->1178K(16640K), 0.0005640 secs] 51312K->36514K(55552K), 0.0005920 secs] [Times: user=0.01 sys=0.00, real=0.00 secs] 
277.966: Total time for which application threads were stopped: 0.0006950 seconds, Stopping threads took: 0.0000470 seconds
278.027: Application time: 0.0603210 seconds
278.027: [GC278.027: [ParNew: 16023K->1160K(16640K), 0.0005080 secs] 51358K->36553K(55552K), 0.0005350 secs] [Times: user=0.01 sys=0.00, real=0.01 secs] 
278.027: Total time for which application threads were stopped: 0.0006620 seconds, Stopping threads took: 0.0000650 seconds
278.092: Application time: 0.0643070 seconds
278.092: [GC278.092: [ParNew: 16007K->972K(16640K), 0.0005270 secs] 51400K->36584K(55552K), 0.0005540 secs] [Times: user=0.00 sys=0.00, real=0.00 secs] 
278.092: Total time for which application threads were stopped: 0.0006780 seconds, Stopping threads took: 0.0000700 seconds
278.158: Application time: 0.0651960 seconds
278.158: [GC278.158: [ParNew: 15819K->806K(16640K), 0.0004700 secs] 51431K->36418K(55552K), 0.0004970 secs] [Times: user=0.01 sys=0.00, real=0.00 secs] 
278.158: Total time for which application threads were stopped: 0.0006250 seconds, Stopping threads took: 0.0000690 seconds
278.224: Application time: 0.0652400 seconds
278.224: [GC278.224: [ParNew: 15654K->869K(16640K), 0.0004250 secs] 51266K->36481K(55552K), 0.0004520 secs] [Times: user=0.00 sys=0.00, real=0.00 secs] 
278.224: Total time for which application threads were stopped: 0.0005670 seconds, Stopping threads took: 0.0000630 seconds
278.288: Application time: 0.0642720 seconds
278.288: [GC278.288: [ParNew: 15715K->1045K(16640K), 0.0005270 secs] 51327K->36657K(55552K), 0.0005530 secs] [Times: user=0.01 sys=0.00, real=0.00 secs] 
278.289: Total time for which application threads were stopped: 0.0006590 seconds, Stopping threads took: 0.0000530 seconds
278.348: Application time: 0.0584960 seconds
278.348: [GC278.348: [ParNew: 15890K->1060K(16640K), 0.0005000 secs] 51502K->36672K(55552K), 0.0005260 secs] [Times: user=0.01 sys=0.00, real=0.00 secs] 
278.348: Total time for which application threads were stopped: 0.0006420 seconds, Stopping threads took: 0.0000590 seconds
278.414: Application time: 0.0660920 seconds
278.414: [GC278.414: [ParNew: 15904K->314K(16640K), 0.0005400 secs] 51517K->36687K(55552K), 0.0005790 secs] [Times: user=0.00 sys=0.00, real=0.00 secs] 
278.415: Total time for which application threads were stopped: 0.0006970 seconds, Stopping threads took: 0.0000580 seconds
278.415: Application time: 0.0000240 seconds
278.415: [GC [1 CMS-initial-mark: 36373K(38912K)] 36698K(55552K), 0.0000980 secs] [Times: user=0.00 sys=0.00, real=0.00 secs] 
278.415: Total time for which application threads were stopped: 0.0001530 seconds, Stopping threads took: 0.0000380 seconds
278.415: [CMS-concurrent-mark-start]
278.420: [CMS-concurrent-mark: 0.005/0.005 secs] [Times: user=0.02 sys=0.00, real=0.01 secs] 
278.420: [CMS-concurrent-preclean-start]
278.420: [CMS-concurrent-preclean: 0.000/0.000 secs] [Times: user=0.00 sys=0.00, real=0.00 secs] 
278.420: Application time: 0.0048960 seconds
278.420: [GC[YG occupancy: 1141 K (16640 K)]278.420: [Rescan (parallel) , 0.0001510 secs]278.420: [weak refs processing, 0.0000780 secs]278.420: [scrub string table, 0.0000910 secs] [1 CMS-remark: 36373K(38912K)] 37514K(55552K), 0.0003440 secs] [Times: user=0.00 sys=0.00, real=0.00 secs] 
278.420: Total time for which application threads were stopped: 0.0004150 seconds, Stopping threads took: 0.0000490 seconds
278.420: [CMS-concurrent-sweep-start]
278.424: [CMS-concurrent-sweep: 0.003/0.003 secs] [Times: user=0.02 sys=0.00, real=0.00 secs] 
278.424: [CMS-concurrent-reset-start]
278.424: [CMS-concurrent-reset: 0.000/0.000 secs] [Times: user=0.00 sys=0.00, real=0.00 secs] 
278.485: Application time: 0.0644240 seconds
278.485: [GC278.485: [ParNew: 15161K->226K(16640K), 0.0004020 secs] 18157K->3221K(55552K), 0.0004290 secs] [Times: user=0.00 sys=0.00, real=0.00 secs] 
278.485: Total time for which application threads were stopped: 0.0005390 seconds, Stopping threads took: 0.0000580 seconds
278.553: Application time: 0.0672740 seconds
278.553: [GC278.553: [ParNew: 15073K->200K(16640K), 0.0003690 secs] 18069K->3196K(55552K), 0.0003970 secs] [Times: user=0.00 sys=0.00, real=0.00 secs] 
278.553: Total time for which application threads were stopped: 0.0005160 seconds, Stopping threads took: 0.0000530 seconds
278.620: Application time: 0.0671710 seconds
278.621: [GC278.621: [ParNew: 15048K->206K(16640K), 0.0003140 secs] 18043K->3201K(55552K), 0.0003410 secs] [Times: user=0.00 sys=0.00, real=0.00 secs] 
278.621: Total time for which application threads were stopped: 0.0004850 seconds, Stopping threads took: 0.0000860 seconds
278.670: Application time: 0.0495110 seconds
278.670: [GC278.670: [ParNew: 15050K->389K(16640K), 0.0003640 secs] 18046K->3385K(55552K), 0.0003900 secs] [Times: user=0.01 sys=0.00, real=0.00 secs] 
278.671: Total time for which application threads were stopped: 0.0004970 seconds, Stopping threads took: 0.0000480 seconds
278.736: Application time: 0.0647410 seconds
278.736: [GC278.736: [ParNew: 15236K->402K(16640K), 0.0003650 secs] 18232K->3397K(55552K), 0.0003910 secs] [Times: user=0.01 sys=0.00, real=0.00 secs] 
278.736: Total time for which application threads were stopped: 0.0005140 seconds, Stopping threads took: 0.0000720 seconds
278.802: Application time: 0.0656390 seconds
278.802: [GC278.802: [ParNew: 15246K->215K(16640K), 0.0003870 secs] 18242K->3401K(55552K), 0.0004140 secs] [Times: user=0.00 sys=0.00, real=0.00 secs] 
278.802: Total time for which application threads were stopped: 0.0005540 seconds, Stopping threads took: 0.0000830 seconds
278.851: Application time: 0.0482620 seconds
278.851: [GC278.851: [ParNew: 15061K->393K(16640K), 0.0003690 secs] 18247K->3579K(55552K), 0.0003980 secs] [Times: user=0.00 sys=0.00, real=0.00 secs] 
278.851: Total time for which application threads were stopped: 0.0005270 seconds, Stopping threads took: 0.0000700 seconds
278.915: Application time: 0.0637110 seconds
278.915: [GC278.915: [ParNew: 15241K->410K(16640K), 0.0003700 secs] 18426K->3596K(55552K), 0.0003940 secs] [Times: user=0.00 sys=0.00, real=0.00 secs] 
278.915: Total time for which application threads were stopped: 0.0005370 seconds, Stopping threads took: 0.0000750 seconds
278.983: Application time: 0.0671250 seconds
278.983: [GC278.983: [ParNew: 15254K->468K(16640K), 0.0003890 secs] 18440K->3654K(55552K), 0.0004160 secs] [Times: user=0.00 sys=0.00, real=0.00 secs] 
278.983: Total time for which application threads were stopped: 0.0005320 seconds, Stopping threads took: 0.0000590 seconds
279.030: Application time: 0.0468860 seconds
279.030: [GC279.030: [ParNew: 15316K->598K(16640K), 0.0004010 secs] 18501K->3784K(55552K), 0.0004270 secs] [Times: user=0.00 sys=0.00, real=0.00 secs] 
279.030: Total time for which application threads were stopped: 0.0005380 seconds, Stopping threads took: 0.0000580 seconds
279.094: Application time: 0.0630320 seconds
279.094: [GC279.094: [ParNew: 15444K->516K(16640K), 0.0003610 secs] 18630K->3702K(55552K), 0.0003860 secs] [Times: user=0.00 sys=0.00, real=0.00 secs] 
279.094: Total time for which application threads were stopped: 0.0005120 seconds, Stopping threads took: 0.0000610 seconds
279.160: Application time: 0.0657230 seconds
279.160: [GC279.160: [ParNew: 15360K->657K(16640K), 0.0004120 secs] 18546K->3843K(55552K), 0.0004380 secs] [Times: user=0.00 sys=0.00, real=0.00 secs] 
279.160: Total time for which application threads were stopped: 0.0005440 seconds, Stopping threads took: 0.0000490 seconds
279.226: Application time: 0.0654290 seconds
279.226: [GC279.226: [ParNew: 15502K->718K(16640K), 0.0004840 secs] 18687K->3904K(55552K), 0.0005100 secs] [Times: user=0.01 sys=0.00, real=0.00 secs] 
279.226: Total time for which application threads were stopped: 0.0006060 seconds, Stopping threads took: 0.0000450 seconds
279.292: Application time: 0.0658310 seconds
279.292: [GC279.292: [ParNew: 15565K->764K(16640K), 0.0004960 secs] 18751K->3950K(55552K), 0.0005220 secs] [Times: user=0.01 sys=0.00, real=0.00 secs] 
279.293: Total time for which application threads were stopped: 0.0006340 seconds, Stopping threads took: 0.0000590 seconds
279.360: Application time: 0.0668190 seconds
279.360: [GC279.360: [ParNew: 15611K->774K(16640K), 0.0004760 secs] 18797K->3959K(55552K), 0.0004980 secs] [Times: user=0.00 sys=0.00, real=0.00 secs] 
279.360: Total time for which application threads were stopped: 0.0006250 seconds, Stopping threads took: 0.0000690 seconds
279.426: Application time: 0.0654470 seconds
279.426: [GC279.426: [ParNew: 15618K->758K(16640K), 0.0004900 secs] 18804K->3944K(55552K), 0.0005180 secs] [Times: user=0.00 sys=0.00, real=0.00 secs] 
279.426: Total time for which application threads were stopped: 0.0006280 seconds, Stopping threads took: 0.0000590 seconds
279.493: Application time: 0.0669260 seconds
279.493: [GC279.493: [ParNew: 15605K->546K(16640K), 0.0004630 secs] 18791K->3979K(55552K), 0.0004890 secs] [Times: user=0.01 sys=0.00, real=0.00 secs] 
279.494: Total time for which application threads were stopped: 0.0006140 seconds, Stopping threads took: 0.0000690 seconds
279.561: Application time: 0.0670860 seconds
279.561: [GC279.561: [ParNew: 15394K->443K(16640K), 0.0003940 secs] 18827K->3876K(55552K), 0.0004200 secs] [Times: user=0.01 sys=0.00, real=0.00 secs] 
279.562: Total time for which application threads were stopped: 0.0005470 seconds, Stopping threads took: 0.0000690 seconds
279.623: Application time: 0.0612920 seconds
279.623: [GC279.623: [ParNew: 15291K->546K(16640K), 0.0003980 secs] 18724K->3979K(55552K), 0.0004250 secs] [Times: user=0.01 sys=0.00, real=0.00 secs] 
279.623: Total time for which application threads were stopped: 0.0005500 seconds, Stopping threads took: 0.0000580 seconds
279.656: Application time: 0.0328960 seconds
279.656: [GC279.656: [ParNew: 15392K->1252K(16640K), 0.0006410 secs] 18825K->4903K(55552K), 0.0006690 secs] [Times: user=0.00 sys=0.00, real=0.00 secs] 
279.657: Total time for which application threads were stopped: 0.0007890 seconds, Stopping threads took: 0.0000600 seconds
279.682: Application time: 0.0246990 seconds
279.682: [GC279.682: [ParNew: 16096K->685K(16640K), 0.0005860 secs] 19748K->4956K(55552K), 0.0006230 secs] [Times: user=0.00 sys=0.00, real=0.00 secs] 
279.682: Total time for which application threads were stopped: 0.0007430 seconds, Stopping threads took: 0.0000630 seconds
279.725: Application time: 0.0423570 seconds
279.725: [GC279.725: [ParNew: 15531K->1156K(16640K), 0.0005010 secs] 19802K->5427K(55552K), 0.0005270 secs] [Times: user=0.00 sys=0.00, real=0.00 secs] 
279.725: Total time for which application threads were stopped: 0.0006370 seconds, Stopping threads took: 0.0000580 seconds
279.785: Application time: 0.0599310 seconds
279.786: [GC279.786: [ParNew: 16000K->928K(16640K), 0.0005110 secs] 20271K->5475K(55552K), 0.0005400 secs] [Times: user=0.01 sys=0.00, real=0.00 secs] 
279.786: Total time for which application threads were stopped: 0.0006550 seconds, Stopping threads took: 0.0000630 seconds
279.851: Application time: 0.0653160 seconds
279.852: [GC279.852: [ParNew: 15775K->811K(16640K), 0.0005300 secs] 20323K->5359K(55552K), 0.0005580 secs] [Times: user=0.00 sys=0.00, real=0.00 secs] 
279.852: Total time for which application threads were stopped: 0.0006910 seconds, Stopping threads took: 0.0000760 seconds
279.917: Application time: 0.0651330 seconds
279.917: [GC279.917: [ParNew: 15659K->905K(16640K), 0.0004530 secs] 20207K->5453K(55552K), 0.0004810 secs] [Times: user=0.00 sys=0.00, real=0.00 secs] 
279.918: Total time for which application threads were stopped: 0.0006310 seconds, Stopping threads took: 0.0000920 seconds
279.983: Application time: 0.0652450 seconds
279.983: [GC279.983: [ParNew: 15753K->897K(16640K), 0.0004290 secs] 20300K->5444K(55552K), 0.0004570 secs] [Times: user=0.00 sys=0.00, real=0.00 secs] 
279.984: Total time for which application threads were stopped: 0.0005660 seconds, Stopping threads took: 0.0000570 seconds
280.049: Application time: 0.0656510 seconds
280.049: [GC280.049: [ParNew: 15744K->1101K(16640K), 0.0004580 secs] 20292K->5648K(55552K), 0.0004850 secs] [Times: user=0.01 sys=0.00, real=0.00 secs] 
280.050: Total time for which application threads were stopped: 0.0005960 seconds, Stopping threads took: 0.0000560 seconds
280.108: Application time: 0.0578900 seconds
280.108: [GC280.108: [ParNew: 15949K->1146K(16640K), 0.0004880 secs] 20496K->5694K(55552K), 0.0005160 secs] [Times: user=0.00 sys=0.00, real=0.00 secs] 
280.108: Total time for which application threads were stopped: 0.0006250 seconds, Stopping threads took: 0.0000520 seconds
280.175: Application time: 0.0669320 seconds
280.175: [GC280.175: [ParNew: 15993K->0K(16640K), 0.0005390 secs] 20542K->5498K(55552K), 0.0005660 secs] [Times: user=0.00 sys=0.00, real=0.00 secs] 
280.176: Total time for which application threads were stopped: 0.0006900 seconds, Stopping threads took: 0.0000620 seconds
280.245: Application time: 0.0687000 seconds
280.245: [GC280.245: [ParNew: 14845K->0K(16640K), 0.0002600 secs] 20344K->5498K(55552K), 0.0002840 secs] [Times: user=0.01 sys=0.00, real=0.00 secs] 
280.245: Total time for which application threads were stopped: 0.0003930 seconds, Stopping threads took: 0.0000600 seconds
280.313: Application time: 0.0675780 seconds
280.313: [GC280.313: [ParNew: 14845K->0K(16640K), 0.0003070 secs] 20344K->5498K(55552K), 0.0003330 secs] [Times: user=0.00 sys=0.00, real=0.00 secs] 
280.313: Total time for which application threads were stopped: 0.0004660 seconds, Stopping threads took: 0.0000760 seconds
280.379: Application time: 0.0656510 seconds
280.379: [GC280.379: [ParNew: 14845K->194K(16640K), 0.0003280 secs] 20344K->5693K(55552K), 0.0003560 secs] [Times: user=0.00 sys=0.00, real=0.01 secs] 
280.379: Total time for which application threads were stopped: 0.0004650 seconds, Stopping threads took: 0.0000570 seconds
280.428: Application time: 0.0487590 seconds
280.428: [GC280.428: [ParNew: 15040K->197K(16640K), 0.0003380 secs] 20539K->5695K(55552K), 0.0003630 secs] [Times: user=0.00 sys=0.00, real=0.00 secs] 
280.429: Total time for which application threads were stopped: 0.0004740 seconds, Stopping threads took: 0.0000620 seconds
280.494: Application time: 0.0654120 seconds
280.494: [GC280.494: [ParNew: 15043K->198K(16640K), 0.0003950 secs] 20542K->5697K(55552K), 0.0004310 secs] [Times: user=0.00 sys=0.00, real=0.00 secs] 
280.495: Total time for which application threads were stopped: 0.0005480 seconds, Stopping threads took: 0.0000610 seconds
280.560: Application time: 0.0653970 seconds
280.560: [GC280.560: [ParNew: 15043K->388K(16640K), 0.0003580 secs] 20542K->5887K(55552K), 0.0003850 secs] [Times: user=0.01 sys=0.00, real=0.00 secs] 
280.560: Total time for which application threads were stopped: 0.0005050 seconds, Stopping threads took: 0.0000610 seconds
280.609: Application time: 0.0482830 seconds
280.609: [GC280.609: [ParNew: 15234K->394K(16640K), 0.0003830 secs] 20733K->5893K(55552K), 0.0004090 secs] [Times: user=0.00 sys=0.00, real=0.00 secs] 
280.609: Total time for which application threads were stopped: 0.0005320 seconds, Stopping threads took: 0.0000650 seconds
280.674: Application time: 0.0650990 seconds
280.674: [GC280.674: [ParNew: 15238K->393K(16640K), 0.0004700 secs] 20737K->5892K(55552K), 0.0004980 secs] [Times: user=0.00 sys=0.00, real=0.00 secs] 
280.675: Total time for which application threads were stopped: 0.0006140 seconds, Stopping threads took: 0.0000590 seconds
280.734: Application time: 0.0588870 seconds
280.734: [GC280.734: [ParNew: 15237K->594K(16640K), 0.0003730 secs] 20736K->6093K(55552K), 0.0004020 secs] [Times: user=0.00 sys=0.00, real=0.00 secs] 
280.734: Total time for which application threads were stopped: 0.0005140 seconds, Stopping threads took: 0.0000460 seconds
280.788: Application time: 0.0533820 seconds
280.788: [GC280.788: [ParNew: 15439K->604K(16640K), 0.0003870 secs] 20938K->6103K(55552K), 0.0004130 secs] [Times: user=0.00 sys=0.00, real=0.00 secs] 
280.788: Total time for which application threads were stopped: 0.0005400 seconds, Stopping threads took: 0.0000750 seconds
280.851: Application time: 0.0624740 seconds
280.851: [GC280.851: [ParNew: 15451K->657K(16640K), 0.0004460 secs] 20950K->6157K(55552K), 0.0004740 secs] [Times: user=0.01 sys=0.00, real=0.00 secs] 
280.851: Total time for which application threads were stopped: 0.0006030 seconds, Stopping threads took: 0.0000730 seconds
280.917: Application time: 0.0659680 seconds
280.917: [GC280.917: [ParNew: 15505K->669K(16640K), 0.0004530 secs] 21004K->6168K(55552K), 0.0004800 secs] [Times: user=0.01 sys=0.00, real=0.00 secs] 
280.918: Total time for which application threads were stopped: 0.0006050 seconds, Stopping threads took: 0.0000670 seconds
280.984: Application time: 0.0660360 seconds
280.984: [GC280.984: [ParNew: 15516K->707K(16640K), 0.0004270 secs] 21015K->6206K(55552K), 0.0004570 secs] [Times: user=0.01 sys=0.00, real=0.00 secs] 
280.985: Total time for which application threads were stopped: 0.0005690 seconds, Stopping threads took: 0.0000600 seconds
281.049: Application time: 0.0643120 seconds
281.049: [GC281.049: [ParNew: 15552K->730K(16640K), 0.0004890 secs] 21051K->6230K(55552K), 0.0005140 secs] [Times: user=0.01 sys=0.00, real=0.00 secs] 
281.049: Total time for which application threads were stopped: 0.0006230 seconds, Stopping threads took: 0.0000560 seconds
281.116: Application time: 0.0665660 seconds
281.116: [GC281.116: [ParNew: 15578K->716K(16640K), 0.0004380 secs] 21077K->6215K(55552K), 0.0004660 secs] [Times: user=0.00 sys=0.00, real=0.00 secs] 
281.117: Total time for which application threads were stopped: 0.0005930 seconds, Stopping threads took: 0.0000680 seconds
281.182: Application time: 0.0657500 seconds
281.183: [GC281.183: [ParNew: 15560K->730K(16640K), 0.0004880 secs] 21060K->6229K(55552K), 0.0005140 secs] [Times: user=0.00 sys=0.00, real=0.00 secs] 
281.183: Total time for which application threads were stopped: 0.0006310 seconds, Stopping threads took: 0.0000610 seconds
281.250: Application time: 0.0673290 seconds
281.250: [GC281.250: [ParNew: 15577K->510K(16640K), 0.0005080 secs] 21076K->6257K(55552K), 0.0005370 secs] [Times: user=0.00 sys=0.00, real=0.00 secs] 
281.251: Total time for which application threads were stopped: 0.0006680 seconds, Stopping threads took: 0.0000600 seconds
281.318: Application time: 0.0669220 seconds
281.318: [GC281.318: [ParNew: 15357K->445K(16640K), 0.0004100 secs] 21104K->6191K(55552K), 0.0004460 secs] [Times: user=0.00 sys=0.00, real=0.00 secs] 
281.319: Total time for which application threads were stopped: 0.0005470 seconds, Stopping threads took: 0.0000420 seconds
281.369: Application time: 0.0500140 seconds
281.369: [GC281.369: [ParNew: 15221K->745K(16640K), 0.0004410 secs] 20968K->6491K(55552K), 0.0004670 secs] [Times: user=0.00 sys=0.00, real=0.00 secs] 
281.369: Total time for which application threads were stopped: 0.0005880 seconds, Stopping threads took: 0.0000640 seconds
281.401: Application time: 0.0319220 seconds
281.401: [GC281.401: [ParNew: 15592K->1267K(16640K), 0.0006030 secs] 21338K->7232K(55552K), 0.0006300 secs] [Times: user=0.00 sys=0.00, real=0.00 secs] 
281.402: Total time for which application threads were stopped: 0.0007300 seconds, Stopping threads took: 0.0000410 seconds
281.428: Application time: 0.0266310 seconds
281.428: [GC281.429: [ParNew: 16111K->874K(16640K), 0.0005740 secs] 22076K->7306K(55552K), 0.0006010 secs] [Times: user=0.00 sys=0.00, real=0.00 secs] 
281.429: Total time for which application threads were stopped: 0.0007040 seconds, Stopping threads took: 0.0000500 seconds
281.480: Application time: 0.0507430 seconds
281.480: [GC281.480: [ParNew: 15718K->1134K(16640K), 0.0004790 secs] 22150K->7566K(55552K), 0.0005060 secs] [Times: user=0.00 sys=0.00, real=0.00 secs] 
281.480: Total time for which application threads were stopped: 0.0006100 seconds, Stopping threads took: 0.0000550 seconds
281.541: Application time: 0.0605410 seconds
281.541: [GC281.541: [ParNew: 15978K->1092K(16640K), 0.0005780 secs] 22411K->7525K(55552K), 0.0006060 secs] [Times: user=0.01 sys=0.00, real=0.00 secs] 
281.542: Total time for which application threads were stopped: 0.0007420 seconds, Stopping threads took: 0.0000800 seconds
281.607: Application time: 0.0651950 seconds
281.607: [GC281.607: [ParNew: 15937K->976K(16640K), 0.0005150 secs] 22370K->7656K(55552K), 0.0005420 secs] [Times: user=0.00 sys=0.00, real=0.00 secs] 
281.608: Total time for which application threads were stopped: 0.0006570 seconds, Stopping threads took: 0.0000510 seconds
281.673: Application time: 0.0651620 seconds
281.673: [GC281.673: [ParNew: 15823K->828K(16640K), 0.0004570 secs] 22503K->7508K(55552K), 0.0004820 secs] [Times: user=0.01 sys=0.00, real=0.00 secs] 
281.673: Total time for which application threads were stopped: 0.0005980 seconds, Stopping threads took: 0.0000580 seconds
281.739: Application time: 0.0652170 seconds
281.739: [GC281.739: [ParNew: 15675K->820K(16640K), 0.0005940 secs] 22355K->7500K(55552K), 0.0006200 secs] [Times: user=0.00 sys=0.00, real=0.00 secs] 
281.740: Total time for which application threads were stopped: 0.0011740 seconds, Stopping threads took: 0.0005000 seconds
281.803: Application time: 0.0632390 seconds
281.803: [GC281.803: [ParNew: 15668K->909K(16640K), 0.0004260 secs] 22348K->7589K(55552K), 0.0004530 secs] [Times: user=0.01 sys=0.00, real=0.00 secs] 
281.804: Total time for which application threads were stopped: 0.0005700 seconds, Stopping threads took: 0.0000520 seconds
281.863: Application time: 0.0597560 seconds
281.863: [GC281.863: [ParNew: 15753K->1058K(16640K), 0.0004640 secs] 22433K->7738K(55552K), 0.0004910 secs] [Times: user=0.01 sys=0.00, real=0.00 secs] 
281.864: Total time for which application threads were stopped: 0.0006050 seconds, Stopping threads took: 0.0000570 seconds
281.931: Application time: 0.0671680 seconds
281.931: [GC281.931: [ParNew: 15905K->881K(16640K), 0.0004950 secs] 22586K->7751K(55552K), 0.0005230 secs] [Times: user=0.01 sys=0.00, real=0.00 secs] 
281.932: Total time for which application threads were stopped: 0.0006310 seconds, Stopping threads took: 0.0000550 seconds
281.999: Application time: 0.0669540 seconds
281.999: [GC281.999: [ParNew: 15728K->891K(16640K), 0.0004440 secs] 22598K->7761K(55552K), 0.0004710 secs] [Times: user=0.01 sys=0.00, real=0.01 secs] 
281.999: Total time for which application threads were stopped: 0.0005880 seconds, Stopping threads took: 0.0000540 seconds
282.066: Application time: 0.0664310 seconds
282.066: [GC282.066: [ParNew: 15738K->886K(16640K), 0.0004340 secs] 22609K->7756K(55552K), 0.0004610 secs] [Times: user=0.00 sys=0.00, real=0.00 secs] 
282.066: Total time for which application threads were stopped: 0.0005790 seconds, Stopping threads took: 0.0000590 seconds
282.124: Application time: 0.0580110 seconds
282.124: [GC282.124: [ParNew: 15730K->1076K(16640K), 0.0004560 secs] 22600K->7946K(55552K), 0.0004810 secs] [Times: user=0.01 sys=0.00, real=0.00 secs] 
282.125: Total time for which application threads were stopped: 0.0005930 seconds, Stopping threads took: 0.0000530 seconds
282.180: Application time: 0.0548020 seconds
282.180: [GC282.180: [ParNew: 15921K->298K(16640K), 0.0004980 secs] 22791K->7928K(55552K), 0.0005240 secs] [Times: user=0.01 sys=0.00, real=0.00 secs] 
282.180: Total time for which application threads were stopped: 0.0006340 seconds, Stopping threads took: 0.0000600 seconds
282.245: Application time: 0.0650430 seconds
282.245: [GC282.246: [ParNew: 15143K->226K(16640K), 0.0003890 secs] 22773K->7856K(55552K), 0.0004160 secs] [Times: user=0.00 sys=0.00, real=0.00 secs] 
282.246: Total time for which application threads were stopped: 0.0005300 seconds, Stopping threads took: 0.0000630 seconds
282.306: Application time: 0.0600780 seconds
282.306: [GC282.306: [ParNew: 15070K->393K(16640K), 0.0003570 secs] 22701K->8024K(55552K), 0.0003840 secs] [Times: user=0.00 sys=0.00, real=0.00 secs] 
282.306: Total time for which application threads were stopped: 0.0004950 seconds, Stopping threads took: 0.0000410 seconds
282.360: Application time: 0.0534790 seconds
282.360: [GC282.360: [ParNew: 15241K->407K(16640K), 0.0003900 secs] 22871K->8037K(55552K), 0.0004160 secs] [Times: user=0.00 sys=0.00, real=0.00 secs] 
282.361: Total time for which application threads were stopped: 0.0005370 seconds, Stopping threads took: 0.0000630 seconds
282.426: Application time: 0.0652630 seconds
282.426: [GC282.426: [ParNew: 15252K->430K(16640K), 0.0003530 secs] 22882K->8061K(55552K), 0.0003800 secs] [Times: user=0.01 sys=0.00, real=0.00 secs] 
282.426: Total time for which application threads were stopped: 0.0004990 seconds, Stopping threads took: 0.0000600 seconds
282.486: Application time: 0.0593010 seconds
282.486: [GC282.486: [ParNew: 15275K->609K(16640K), 0.0004180 secs] 22905K->8239K(55552K), 0.0004460 secs] [Times: user=0.00 sys=0.00, real=0.00 secs] 
282.486: Total time for which application threads were stopped: 0.0005490 seconds, Stopping threads took: 0.0000500 seconds
282.539: Application time: 0.0527460 seconds
282.539: [GC282.539: [ParNew: 15457K->588K(16640K), 0.0004000 secs] 23087K->8218K(55552K), 0.0004240 secs] [Times: user=0.01 sys=0.00, real=0.01 secs] 
282.539: Total time for which application threads were stopped: 0.0005150 seconds, Stopping threads took: 0.0000390 seconds
282.602: Application time: 0.0621920 seconds
282.602: [GC282.602: [ParNew: 15431K->671K(16640K), 0.0004040 secs] 23061K->8302K(55552K), 0.0004290 secs] [Times: user=0.00 sys=0.00, real=0.00 secs] 
282.602: Total time for which application threads were stopped: 0.0005370 seconds, Stopping threads took: 0.0000550 seconds
282.668: Application time: 0.0660280 seconds
282.668: [GC282.668: [ParNew: 15519K->703K(16640K), 0.0004080 secs] 23149K->8333K(55552K), 0.0004350 secs] [Times: user=0.00 sys=0.00, real=0.00 secs] 
282.669: Total time for which application threads were stopped: 0.0005480 seconds, Stopping threads took: 0.0000580 seconds
282.734: Application time: 0.0649870 seconds
282.734: [GC282.734: [ParNew: 15548K->555K(16640K), 0.0003690 secs] 23178K->8186K(55552K), 0.0003970 secs] [Times: user=0.00 sys=0.00, real=0.00 secs] 
282.734: Total time for which application threads were stopped: 0.0004960 seconds, Stopping threads took: 0.0000470 seconds
282.800: Application time: 0.0656980 seconds
282.800: [GC282.800: [ParNew: 15401K->721K(16640K), 0.0004780 secs] 23031K->8352K(55552K), 0.0005120 secs] [Times: user=0.00 sys=0.00, real=0.00 secs] 
282.801: Total time for which application threads were stopped: 0.0006440 seconds, Stopping threads took: 0.0000750 seconds
282.867: Application time: 0.0667060 seconds
282.867: [GC282.867: [ParNew: 15569K->738K(16640K), 0.0005090 secs] 23199K->8368K(55552K), 0.0005340 secs] [Times: user=0.00 sys=0.00, real=0.00 secs] 
282.868: Total time for which application threads were stopped: 0.0006620 seconds, Stopping threads took: 0.0000630 seconds
282.933: Application time: 0.0651680 seconds
282.933: [GC282.933: [ParNew: 15583K->776K(16640K), 0.0005030 secs] 23213K->8407K(55552K), 0.0005240 secs] [Times: user=0.00 sys=0.00, real=0.00 secs] 
282.934: Total time for which application threads were stopped: 0.0006190 seconds, Stopping threads took: 0.0000460 seconds
283.000: Application time: 0.0667720 seconds
283.001: [GC283.001: [ParNew: 15623K->512K(16640K), 0.0004990 secs] 23254K->8390K(55552K), 0.0005270 secs] [Times: user=0.00 sys=0.00, real=0.00 secs] 
283.001: Total time for which application threads were stopped: 0.0006580 seconds, Stopping threads took: 0.0000750 seconds
283.064: Application time: 0.0627610 seconds
283.064: [GC283.064: [ParNew: 15358K->630K(16640K), 0.0004220 secs] 23235K->8508K(55552K), 0.0004480 secs] [Times: user=0.00 sys=0.00, real=0.00 secs] 
283.064: Total time for which application threads were stopped: 0.0005590 seconds, Stopping threads took: 0.0000540 seconds
283.110: Application time: 0.0459980 seconds
283.111: [GC283.111: [ParNew: 15475K->1069K(16640K), 0.0004680 secs] 23353K->8947K(55552K), 0.0004980 secs] [Times: user=0.00 sys=0.00, real=0.00 secs] 
283.111: Total time for which application threads were stopped: 0.0005950 seconds, Stopping threads took: 0.0000370 seconds
283.139: Application time: 0.0279230 seconds
283.139: [GC283.139: [ParNew: 15917K->1174K(16640K), 0.0005690 secs] 23794K->9271K(55552K), 0.0005960 secs] [Times: user=0.01 sys=0.00, real=0.00 secs] 
283.140: Total time for which application threads were stopped: 0.0007040 seconds, Stopping threads took: 0.0000500 seconds
283.168: Application time: 0.0285340 seconds
283.168: [GC283.168: [ParNew: 16021K->1183K(16640K), 0.0005670 secs] 24118K->9469K(55552K), 0.0005960 secs] [Times: user=0.00 sys=0.00, real=0.00 secs] 
283.169: Total time for which application threads were stopped: 0.0007000 seconds, Stopping threads took: 0.0000450 seconds
283.227: Application time: 0.0581670 seconds
283.227: [GC283.227: [ParNew: 16028K->756K(16640K), 0.0005460 secs] 24315K->9538K(55552K), 0.0005740 secs] [Times: user=0.00 sys=0.00, real=0.00 secs] 
283.228: Total time for which application threads were stopped: 0.0006870 seconds, Stopping threads took: 0.0000550 seconds
283.292: Application time: 0.0644410 seconds
283.292: [GC283.292: [ParNew: 15600K->844K(16640K), 0.0004420 secs] 24382K->9626K(55552K), 0.0004690 secs] [Times: user=0.00 sys=0.00, real=0.00 secs] 
283.293: Total time for which application threads were stopped: 0.0005650 seconds, Stopping threads took: 0.0000400 seconds
283.358: Application time: 0.0650480 seconds
283.358: [GC283.358: [ParNew: 15691K->876K(16640K), 0.0004980 secs] 24473K->9658K(55552K), 0.0005270 secs] [Times: user=0.00 sys=0.00, real=0.00 secs] 
283.359: Total time for which application threads were stopped: 0.0006830 seconds, Stopping threads took: 0.0000960 seconds
283.424: Application time: 0.0651990 seconds
283.424: [GC283.424: [ParNew: 15724K->896K(16640K), 0.0004700 secs] 24505K->9678K(55552K), 0.0004970 secs] [Times: user=0.00 sys=0.00, real=0.00 secs] 
283.424: Total time for which application threads were stopped: 0.0006270 seconds, Stopping threads took: 0.0000630 seconds
283.489: Application time: 0.0643110 seconds
283.489: [GC283.489: [ParNew: 15741K->1137K(16640K), 0.0005540 secs] 24522K->9919K(55552K), 0.0005780 secs] [Times: user=0.01 sys=0.00, real=0.00 secs] 
283.489: Total time for which application threads were stopped: 0.0006840 seconds, Stopping threads took: 0.0000540 seconds
283.550: Application time: 0.0606960 seconds
283.550: [GC283.550: [ParNew: 15984K->1109K(16640K), 0.0005230 secs] 24766K->9920K(55552K), 0.0005580 secs] [Times: user=0.01 sys=0.00, real=0.00 secs] 
283.551: Total time for which application threads were stopped: 0.0006790 seconds, Stopping threads took: 0.0000650 seconds
283.614: Application time: 0.0629270 seconds
283.614: [GC283.614: [ParNew: 15957K->1105K(16640K), 0.0004500 secs] 24768K->9916K(55552K), 0.0004760 secs] [Times: user=0.01 sys=0.00, real=0.00 secs] 
283.614: Total time for which application threads were stopped: 0.0005820 seconds, Stopping threads took: 0.0000500 seconds
283.681: Application time: 0.0669410 seconds
283.681: [GC283.681: [ParNew: 15952K->732K(16640K), 0.0004920 secs] 24763K->9923K(55552K), 0.0005170 secs] [Times: user=0.00 sys=0.00, real=0.00 secs] 
283.682: Total time for which application threads were stopped: 0.0006300 seconds, Stopping threads took: 0.0000620 seconds
283.749: Application time: 0.0669390 seconds
283.749: [GC283.749: [ParNew: 15580K->629K(16640K), 0.0003810 secs] 24771K->9820K(55552K), 0.0004090 secs] [Times: user=0.00 sys=0.00, real=0.00 secs] 
283.749: Total time for which application threads were stopped: 0.0005320 seconds, Stopping threads took: 0.0000670 seconds
283.816: Application time: 0.0666340 seconds
283.816: [GC283.816: [ParNew: 15476K->650K(16640K), 0.0025140 secs] 24667K->9841K(55552K), 0.0025420 secs] [Times: user=0.02 sys=0.00, real=0.00 secs] 
283.819: Total time for which application threads were stopped: 0.0026630 seconds, Stopping threads took: 0.0000630 seconds
283.873: Application time: 0.0543790 seconds
283.873: [GC283.873: [ParNew: 15496K->812K(16640K), 0.0004510 secs] 24687K->10004K(55552K), 0.0004790 secs] [Times: user=0.00 sys=0.00, real=0.00 secs] 
283.874: Total time for which application threads were stopped: 0.0006080 seconds, Stopping threads took: 0.0000710 seconds
283.932: Application time: 0.0584560 seconds
283.932: [GC283.932: [ParNew: 15656K->831K(16640K), 0.0004310 secs] 24847K->10022K(55552K), 0.0004580 secs] [Times: user=0.00 sys=0.00, real=0.00 secs] 
283.933: Total time for which application threads were stopped: 0.0005630 seconds, Stopping threads took: 0.0000470 seconds
283.998: Application time: 0.0658230 seconds
283.999: [GC283.999: [ParNew: 15676K->267K(16640K), 0.0004970 secs] 24867K->10029K(55552K), 0.0005260 secs] [Times: user=0.01 sys=0.00, real=0.01 secs] 
283.999: Total time for which application threads were stopped: 0.0006440 seconds, Stopping threads took: 0.0000630 seconds
284.056: Application time: 0.0564540 seconds
284.056: [GC284.056: [ParNew: 15111K->411K(16640K), 0.0003550 secs] 24872K->10172K(55552K), 0.0003830 secs] [Times: user=0.00 sys=0.00, real=0.00 secs] 
284.056: Total time for which application threads were stopped: 0.0004880 seconds, Stopping threads took: 0.0000470 seconds
284.113: Application time: 0.0568460 seconds
284.113: [GC284.113: [ParNew: 15259K->401K(16640K), 0.0004340 secs] 25020K->10162K(55552K), 0.0004610 secs] [Times: user=0.01 sys=0.00, real=0.00 secs] 
284.113: Total time for which application threads were stopped: 0.0005830 seconds, Stopping threads took: 0.0000650 seconds
284.179: Application time: 0.0651480 seconds
284.179: [GC284.179: [ParNew: 15247K->406K(16640K), 0.0003860 secs] 25009K->10167K(55552K), 0.0004130 secs] [Times: user=0.00 sys=0.00, real=0.01 secs] 
284.179: Total time for which application threads were stopped: 0.0005170 seconds, Stopping threads took: 0.0000460 seconds
284.230: Application time: 0.0509510 seconds
284.230: [GC284.230: [ParNew: 15250K->616K(16640K), 0.0004100 secs] 25012K->10377K(55552K), 0.0004360 secs] [Times: user=0.00 sys=0.00, real=0.00 secs] 
284.231: Total time for which application threads were stopped: 0.0005480 seconds, Stopping threads took: 0.0000530 seconds
284.290: Application time: 0.0595820 seconds
284.291: [GC284.291: [ParNew: 15463K->644K(16640K), 0.0003960 secs] 25225K->10406K(55552K), 0.0004240 secs] [Times: user=0.00 sys=0.00, real=0.00 secs] 
284.292: Total time for which application threads were stopped: 0.0013750 seconds, Stopping threads took: 0.0008970 seconds
284.356: Application time: 0.0646880 seconds
284.356: [GC284.356: [ParNew: 15490K->683K(16640K), 0.0004650 secs] 25251K->10444K(55552K), 0.0005010 secs] [Times: user=0.00 sys=0.00, real=0.00 secs] 
284.357: Total time for which application threads were stopped: 0.0006160 seconds, Stopping threads took: 0.0000570 seconds
284.424: Application time: 0.0668810 seconds
284.424: [GC284.424: [ParNew: 15528K->702K(16640K), 0.0004440 secs] 25289K->10463K(55552K), 0.0004650 secs] [Times: user=0.00 sys=0.00, real=0.00 secs] 
284.424: Total time for which application threads were stopped: 0.0005650 seconds, Stopping threads took: 0.0000470 seconds
284.489: Application time: 0.0642770 seconds
284.489: [GC284.489: [ParNew: 15549K->742K(16640K), 0.0004560 secs] 25310K->10503K(55552K), 0.0004840 secs] [Times: user=0.01 sys=0.00, real=0.00 secs] 
284.489: Total time for which application threads were stopped: 0.0006080 seconds, Stopping threads took: 0.0000620 seconds
284.556: Application time: 0.0666390 seconds
284.556: [GC284.556: [ParNew: 15589K->759K(16640K), 0.0004130 secs] 25350K->10520K(55552K), 0.0004390 secs] [Times: user=0.00 sys=0.00, real=0.00 secs] 
284.556: Total time for which application threads were stopped: 0.0005800 seconds, Stopping threads took: 0.0000870 seconds
284.622: Application time: 0.0659330 seconds
284.622: [GC284.622: [ParNew: 15605K->730K(16640K), 0.0004640 secs] 25367K->10491K(55552K), 0.0004910 secs] [Times: user=0.00 sys=0.00, real=0.00 secs] 
284.623: Total time for which application threads were stopped: 0.0006070 seconds, Stopping threads took: 0.0000560 seconds
284.690: Application time: 0.0666850 seconds
284.690: [GC284.690: [ParNew: 15574K->556K(16640K), 0.0005090 secs] 25336K->10536K(55552K), 0.0005360 secs] [Times: user=0.00 sys=0.00, real=0.00 secs] 
284.690: Total time for which application threads were stopped: 0.0006460 seconds, Stopping threads took: 0.0000570 seconds
284.757: Application time: 0.0671740 seconds
284.758: [GC284.758: [ParNew: 15403K->454K(16640K), 0.0014950 secs] 25383K->10462K(55552K), 0.0015270 secs] [Times: user=0.01 sys=0.00, real=0.01 secs] 
284.759: Total time for which application threads were stopped: 0.0016540 seconds, Stopping threads took: 0.0000620 seconds
284.817: Application time: 0.0579250 seconds
284.817: [GC284.817: [ParNew: 15298K->660K(16640K), 0.0005020 secs] 25307K->10668K(55552K), 0.0005290 secs] [Times: user=0.01 sys=0.00, real=0.00 secs] 
284.818: Total time for which application threads were stopped: 0.0006470 seconds, Stopping threads took: 0.0000600 seconds
284.867: Application time: 0.0493120 seconds
284.867: [GC284.867: [ParNew: 15506K->853K(16640K), 0.0004960 secs] 25515K->11080K(55552K), 0.0005250 secs] [Times: user=0.00 sys=0.00, real=0.00 secs] 
284.868: Total time for which application threads were stopped: 0.0006460 seconds, Stopping threads took: 0.0000620 seconds
284.894: Application time: 0.0266860 seconds
284.894: [GC284.894: [ParNew: 15700K->1326K(16640K), 0.0005330 secs] 25927K->11553K(55552K), 0.0005600 secs] [Times: user=0.01 sys=0.00, real=0.00 secs] 
284.895: Total time for which application threads were stopped: 0.0006710 seconds, Stopping threads took: 0.0000450 seconds
284.925: Application time: 0.0295750 seconds
284.925: [GC284.925: [ParNew: 16172K->1260K(16640K), 0.0005900 secs] 26399K->11707K(55552K), 0.0006180 secs] [Times: user=0.01 sys=0.00, real=0.00 secs] 
284.925: Total time for which application threads were stopped: 0.0007240 seconds, Stopping threads took: 0.0000480 seconds
284.986: Application time: 0.0608440 seconds
284.986: [GC284.986: [ParNew: 16108K->557K(16640K), 0.0005470 secs] 26554K->11688K(55552K), 0.0005740 secs] [Times: user=0.00 sys=0.00, real=0.00 secs] 
284.987: Total time for which application threads were stopped: 0.0006750 seconds, Stopping threads took: 0.0000490 seconds
285.050: Application time: 0.0629450 seconds
285.050: [GC285.050: [ParNew: 15401K->798K(16640K), 0.0004400 secs] 26532K->11929K(55552K), 0.0004670 secs] [Times: user=0.00 sys=0.00, real=0.00 secs] 
285.050: Total time for which application threads were stopped: 0.0005910 seconds, Stopping threads took: 0.0000510 seconds
285.115: Application time: 0.0649570 seconds
285.115: [GC285.116: [ParNew: 15646K->802K(16640K), 0.0005290 secs] 26777K->11934K(55552K), 0.0005580 secs] [Times: user=0.00 sys=0.00, real=0.00 secs] 
285.116: Total time for which application threads were stopped: 0.0007000 seconds, Stopping threads took: 0.0000820 seconds
285.181: Application time: 0.0651800 seconds
285.181: [GC285.181: [ParNew: 15650K->856K(16640K), 0.0004500 secs] 26781K->11987K(55552K), 0.0004780 secs] [Times: user=0.00 sys=0.00, real=0.00 secs] 
285.182: Total time for which application threads were stopped: 0.0006050 seconds, Stopping threads took: 0.0000680 seconds
285.246: Application time: 0.0638790 seconds
285.246: [GC285.246: [ParNew: 15703K->1048K(16640K), 0.0004820 secs] 26834K->12179K(55552K), 0.0005090 secs] [Times: user=0.00 sys=0.00, real=0.00 secs] 
285.246: Total time for which application threads were stopped: 0.0006180 seconds, Stopping threads took: 0.0000560 seconds
285.307: Application time: 0.0603180 seconds
285.307: [GC285.307: [ParNew: 15895K->1116K(16640K), 0.0004770 secs] 27026K->12247K(55552K), 0.0005040 secs] [Times: user=0.00 sys=0.00, real=0.01 secs] 
285.307: Total time for which application threads were stopped: 0.0006210 seconds, Stopping threads took: 0.0000590 seconds
285.372: Application time: 0.0647010 seconds
285.372: [GC285.372: [ParNew: 15962K->935K(16640K), 0.0004750 secs] 27094K->12256K(55552K), 0.0005030 secs] [Times: user=0.01 sys=0.00, real=0.00 secs] 
285.373: Total time for which application threads were stopped: 0.0006370 seconds, Stopping threads took: 0.0000760 seconds
285.440: Application time: 0.0668960 seconds
285.440: [GC285.440: [ParNew: 15782K->811K(16640K), 0.0004420 secs] 27104K->12132K(55552K), 0.0004700 secs] [Times: user=0.01 sys=0.00, real=0.00 secs] 
285.440: Total time for which application threads were stopped: 0.0005820 seconds, Stopping threads took: 0.0000600 seconds
285.507: Application time: 0.0666980 seconds
285.507: [GC285.507: [ParNew: 15658K->871K(16640K), 0.0004280 secs] 26979K->12192K(55552K), 0.0004560 secs] [Times: user=0.00 sys=0.00, real=0.01 secs] 
285.507: Total time for which application threads were stopped: 0.0005780 seconds, Stopping threads took: 0.0000660 seconds
285.574: Application time: 0.0663860 seconds
285.574: [GC285.574: [ParNew: 15718K->841K(16640K), 0.0005790 secs] 27040K->12163K(55552K), 0.0006070 secs] [Times: user=0.00 sys=0.00, real=0.00 secs] 
285.575: Total time for which application threads were stopped: 0.0007390 seconds, Stopping threads took: 0.0000580 seconds
285.624: Application time: 0.0498840 seconds
285.625: [GC285.625: [ParNew: 15688K->1060K(16640K), 0.0004650 secs] 27010K->12382K(55552K), 0.0004940 secs] [Times: user=0.01 sys=0.00, real=0.00 secs] 
285.625: Total time for which application threads were stopped: 0.0006400 seconds, Stopping threads took: 0.0000860 seconds
285.688: Application time: 0.0630520 seconds
285.688: [GC285.688: [ParNew: 15908K->673K(16640K), 0.0005070 secs] 27229K->12375K(55552K), 0.0005360 secs] [Times: user=0.00 sys=0.00, real=0.00 secs] 
285.689: Total time for which application threads were stopped: 0.0006310 seconds, Stopping threads took: 0.0000410 seconds
285.754: Application time: 0.0654420 seconds
285.754: [GC285.754: [ParNew: 15518K->288K(16640K), 0.0004220 secs] 27220K->12370K(55552K), 0.0004490 secs] [Times: user=0.01 sys=0.00, real=0.00 secs] 
285.755: Total time for which application threads were stopped: 0.0005640 seconds, Stopping threads took: 0.0000590 seconds
285.804: Application time: 0.0496520 seconds
285.804: [GC285.805: [ParNew: 15135K->406K(16640K), 0.0004240 secs] 27216K->12488K(55552K), 0.0004500 secs] [Times: user=0.01 sys=0.00, real=0.00 secs] 
285.805: Total time for which application threads were stopped: 0.0005470 seconds, Stopping threads took: 0.0000420 seconds
285.868: Application time: 0.0631700 seconds
285.868: [GC285.868: [ParNew: 15252K->408K(16640K), 0.0004180 secs] 27334K->12490K(55552K), 0.0004540 secs] [Times: user=0.00 sys=0.00, real=0.00 secs] 
285.869: Total time for which application threads were stopped: 0.0005720 seconds, Stopping threads took: 0.0000580 seconds
285.929: Application time: 0.0602910 seconds
285.929: [GC285.929: [ParNew: 15256K->453K(16640K), 0.0003680 secs] 27338K->12535K(55552K), 0.0003930 secs] [Times: user=0.01 sys=0.00, real=0.00 secs] 
285.929: Total time for which application threads were stopped: 0.0004940 seconds, Stopping threads took: 0.0000450 seconds
285.981: Application time: 0.0514870 seconds
285.981: [GC285.981: [ParNew: 15300K->621K(16640K), 0.0004190 secs] 27382K->12703K(55552K), 0.0004450 secs] [Times: user=0.00 sys=0.00, real=0.00 secs] 
285.982: Total time for which application threads were stopped: 0.0005440 seconds, Stopping threads took: 0.0000400 seconds
286.044: Application time: 0.0624230 seconds
286.044: [GC286.044: [ParNew: 15467K->721K(16640K), 0.0004300 secs] 27549K->12803K(55552K), 0.0004560 secs] [Times: user=0.00 sys=0.00, real=0.00 secs] 
286.045: Total time for which application threads were stopped: 0.0005500 seconds, Stopping threads took: 0.0000410 seconds
286.111: Application time: 0.0662590 seconds
286.111: [GC286.111: [ParNew: 15569K->674K(16640K), 0.0004210 secs] 27650K->12755K(55552K), 0.0004500 secs] [Times: user=0.00 sys=0.00, real=0.00 secs] 
286.111: Total time for which application threads were stopped: 0.0005800 seconds, Stopping threads took: 0.0000630 seconds
286.178: Application time: 0.0662450 seconds
286.178: [GC286.178: [ParNew: 15521K->695K(16640K), 0.0004610 secs] 27603K->12777K(55552K), 0.0004880 secs] [Times: user=0.00 sys=0.00, real=0.00 secs] 
286.178: Total time for which application threads were stopped: 0.0006160 seconds, Stopping threads took: 0.0000690 seconds
286.243: Application time: 0.0644400 seconds
286.243: [GC286.243: [ParNew: 15542K->731K(16640K), 0.0004980 secs] 27624K->12813K(55552K), 0.0005250 secs] [Times: user=0.00 sys=0.00, real=0.00 secs] 
286.243: Total time for which application threads were stopped: 0.0006340 seconds, Stopping threads took: 0.0000570 seconds
286.312: Application time: 0.0683760 seconds
286.312: [GC286.312: [ParNew: 15576K->787K(16640K), 0.0004120 secs] 27658K->12869K(55552K), 0.0004380 secs] [Times: user=0.00 sys=0.00, real=0.00 secs] 
286.312: Total time for which application threads were stopped: 0.0005510 seconds, Stopping threads took: 0.0000590 seconds
286.377: Application time: 0.0652570 seconds
286.378: [GC286.378: [ParNew: 15634K->728K(16640K), 0.0004780 secs] 27716K->12810K(55552K), 0.0005070 secs] [Times: user=0.00 sys=0.00, real=0.00 secs] 
286.378: Total time for which application threads were stopped: 0.0006320 seconds, Stopping threads took: 0.0000660 seconds
286.445: Application time: 0.0671220 seconds
286.445: [GC286.445: [ParNew: 15575K->479K(16640K), 0.0004540 secs] 27657K->12808K(55552K), 0.0004830 secs] [Times: user=0.00 sys=0.00, real=0.00 secs] 
286.446: Total time for which application threads were stopped: 0.0006230 seconds, Stopping threads took: 0.0000870 seconds
286.513: Application time: 0.0672490 seconds
286.513: [GC286.513: [ParNew: 15326K->463K(16640K), 0.0003720 secs] 27655K->12792K(55552K), 0.0003980 secs] [Times: user=0.00 sys=0.00, real=0.00 secs] 
286.514: Total time for which application threads were stopped: 0.0005060 seconds, Stopping threads took: 0.0000510 seconds
286.569: Application time: 0.0553310 seconds
286.569: [GC286.569: [ParNew: 15308K->677K(16640K), 0.0004540 secs] 27637K->13006K(55552K), 0.0004800 secs] [Times: user=0.00 sys=0.00, real=0.00 secs] 
286.570: Total time for which application threads were stopped: 0.0005810 seconds, Stopping threads took: 0.0000460 seconds
286.612: Application time: 0.0425310 seconds
286.612: [GC286.612: [ParNew: 15522K->1065K(16640K), 0.0005640 secs] 27851K->13612K(55552K), 0.0005910 secs] [Times: user=0.01 sys=0.00, real=0.00 secs] 
286.613: Total time for which application threads were stopped: 0.0007220 seconds, Stopping threads took: 0.0000640 seconds
286.639: Application time: 0.0257740 seconds
286.639: [GC286.639: [ParNew: 15908K->1209K(16640K), 0.0005470 secs] 28456K->13947K(55552K), 0.0005820 secs] [Times: user=0.00 sys=0.00, real=0.01 secs] 
286.639: Total time for which application threads were stopped: 0.0006860 seconds, Stopping threads took: 0.0000480 seconds
286.679: Application time: 0.0393770 seconds
286.679: [GC286.679: [ParNew: 16053K->1242K(16640K), 0.0005590 secs] 28791K->14037K(55552K), 0.0005860 secs] [Times: user=0.01 sys=0.00, real=0.00 secs] 
286.680: Total time for which application threads were stopped: 0.0011480 seconds, Stopping threads took: 0.0004980 seconds
286.741: Application time: 0.0607520 seconds
286.741: [GC286.741: [ParNew: 16086K->1091K(16640K), 0.0005600 secs] 28881K->13944K(55552K), 0.0005870 secs] [Times: user=0.01 sys=0.00, real=0.00 secs] 
286.741: Total time for which application threads were stopped: 0.0007060 seconds, Stopping threads took: 0.0000670 seconds
286.806: Application time: 0.0651130 seconds
286.806: [GC286.807: [ParNew: 15938K->838K(16640K), 0.0006270 secs] 28791K->13909K(55552K), 0.0006580 secs] [Times: user=0.00 sys=0.00, real=0.01 secs] 
286.807: Total time for which application threads were stopped: 0.0007980 seconds, Stopping threads took: 0.0000840 seconds
286.873: Application time: 0.0657160 seconds
286.873: [GC286.873: [ParNew: 15683K->904K(16640K), 0.0004670 secs] 28754K->13975K(55552K), 0.0004940 secs] [Times: user=0.01 sys=0.00, real=0.00 secs] 
286.874: Total time for which application threads were stopped: 0.0006270 seconds, Stopping threads took: 0.0000740 seconds
286.939: Application time: 0.0653140 seconds
286.943: [GC286.943: [ParNew: 15751K->856K(16640K), 0.0005090 secs] 28822K->13927K(55552K), 0.0005360 secs] [Times: user=0.00 sys=0.00, real=0.00 secs] 
286.944: Total time for which application threads were stopped: 0.0048640 seconds, Stopping threads took: 0.0042780 seconds
287.007: Application time: 0.0636150 seconds
287.008: [GC287.008: [ParNew: 15701K->1072K(16640K), 0.0005060 secs] 28772K->14143K(55552K), 0.0005350 secs] [Times: user=0.01 sys=0.00, real=0.00 secs] 
287.009: Total time for which application threads were stopped: 0.0012990 seconds, Stopping threads took: 0.0007050 seconds
287.067: Application time: 0.0587490 seconds
287.067: [GC287.067: [ParNew: 15918K->1120K(16640K), 0.0005170 secs] 28990K->14192K(55552K), 0.0005440 secs] [Times: user=0.00 sys=0.00, real=0.00 secs] 
287.068: Total time for which application threads were stopped: 0.0006640 seconds, Stopping threads took: 0.0000590 seconds
287.135: Application time: 0.0665380 seconds
287.135: [GC287.135: [ParNew: 15965K->932K(16640K), 0.0005750 secs] 29038K->14194K(55552K), 0.0006040 secs] [Times: user=0.00 sys=0.01, real=0.00 secs] 
287.135: Total time for which application threads were stopped: 0.0007210 seconds, Stopping threads took: 0.0000540 seconds
287.203: Application time: 0.0673920 seconds
287.203: [GC287.203: [ParNew: 15779K->824K(16640K), 0.0012880 secs] 29042K->14086K(55552K), 0.0013160 secs] [Times: user=0.01 sys=0.00, real=0.00 secs] 
287.204: Total time for which application threads were stopped: 0.0014370 seconds, Stopping threads took: 0.0000670 seconds
287.271: Application time: 0.0670660 seconds
287.271: [GC287.271: [ParNew: 15671K->838K(16640K), 0.0004410 secs] 28934K->14100K(55552K), 0.0004670 secs] [Times: user=0.00 sys=0.00, real=0.00 secs] 
287.272: Total time for which application threads were stopped: 0.0005800 seconds, Stopping threads took: 0.0000550 seconds
287.334: Application time: 0.0626050 seconds
287.334: [GC287.334: [ParNew: 15682K->1050K(16640K), 0.0004370 secs] 28944K->14313K(55552K), 0.0004640 secs] [Times: user=0.00 sys=0.00, real=0.00 secs] 
287.335: Total time for which application threads were stopped: 0.0005640 seconds, Stopping threads took: 0.0000430 seconds
287.385: Application time: 0.0505570 seconds
287.386: [GC287.386: [ParNew: 15897K->264K(16640K), 0.0005010 secs] 29159K->14287K(55552K), 0.0005280 secs] [Times: user=0.00 sys=0.00, real=0.00 secs] 
287.386: Total time for which application threads were stopped: 0.0006360 seconds, Stopping threads took: 0.0000570 seconds
287.451: Application time: 0.0652090 seconds
287.451: [GC287.451: [ParNew: 15111K->233K(16640K), 0.0003120 secs] 29134K->14255K(55552K), 0.0003480 secs] [Times: user=0.01 sys=0.00, real=0.00 secs] 
287.452: Total time for which application threads were stopped: 0.0004700 seconds, Stopping threads took: 0.0000680 seconds
287.511: Application time: 0.0590180 seconds
287.511: [GC287.511: [ParNew: 15079K->397K(16640K), 0.0003460 secs] 29101K->14420K(55552K), 0.0003730 secs] [Times: user=0.01 sys=0.00, real=0.00 secs] 
287.511: Total time for which application threads were stopped: 0.0004920 seconds, Stopping threads took: 0.0000620 seconds
287.569: Application time: 0.0578370 seconds
287.569: [GC287.569: [ParNew: 15243K->400K(16640K), 0.0003780 secs] 29266K->14422K(55552K), 0.0004080 secs] [Times: user=0.00 sys=0.00, real=0.00 secs] 
287.570: Total time for which application threads were stopped: 0.0005380 seconds, Stopping threads took: 0.0000610 seconds
287.638: Application time: 0.0681830 seconds
287.638: [GC287.638: [ParNew: 15245K->417K(16640K), 0.0003900 secs] 29267K->14439K(55552K), 0.0004140 secs] [Times: user=0.00 sys=0.00, real=0.00 secs] 
287.638: Total time for which application threads were stopped: 0.0005290 seconds, Stopping threads took: 0.0000540 seconds
287.694: Application time: 0.0555360 seconds
287.694: [GC287.694: [ParNew: 15262K->604K(16640K), 0.0004450 secs] 29285K->14627K(55552K), 0.0004750 secs] [Times: user=0.00 sys=0.00, real=0.00 secs] 
287.695: Total time for which application threads were stopped: 0.0005760 seconds, Stopping threads took: 0.0000480 seconds
287.751: Application time: 0.0569090 seconds
287.755: [GC287.755: [ParNew: 15450K->635K(16640K), 0.0004120 secs] 29472K->14657K(55552K), 0.0004400 secs] [Times: user=0.01 sys=0.00, real=0.00 secs] 
287.756: Total time for which application threads were stopped: 0.0041280 seconds, Stopping threads took: 0.0036330 seconds
287.822: Application time: 0.0668960 seconds
287.823: [GC287.823: [ParNew: 15482K->697K(16640K), 0.0004660 secs] 29505K->14720K(55552K), 0.0004910 secs] [Times: user=0.01 sys=0.00, real=0.00 secs] 
287.823: Total time for which application threads were stopped: 0.0006070 seconds, Stopping threads took: 0.0000560 seconds
287.898: Application time: 0.0745840 seconds
287.898: [GC287.898: [ParNew: 15544K->654K(16640K), 0.0003650 secs] 29567K->14677K(55552K), 0.0003920 secs] [Times: user=0.00 sys=0.00, real=0.00 secs] 
287.898: Total time for which application threads were stopped: 0.0005020 seconds, Stopping threads took: 0.0000630 seconds
287.962: Application time: 0.0638170 seconds
287.962: [GC287.962: [ParNew: 15499K->734K(16640K), 0.0004160 secs] 29522K->14757K(55552K), 0.0004420 secs] [Times: user=0.00 sys=0.00, real=0.00 secs] 
287.963: Total time for which application threads were stopped: 0.0005560 seconds, Stopping threads took: 0.0000610 seconds
288.029: Application time: 0.0663220 seconds
288.029: [GC288.029: [ParNew: 15582K->736K(16640K), 0.0004240 secs] 29604K->14759K(55552K), 0.0004510 secs] [Times: user=0.01 sys=0.00, real=0.00 secs] 
288.029: Total time for which application threads were stopped: 0.0005700 seconds, Stopping threads took: 0.0000610 seconds
288.096: Application time: 0.0666300 seconds
288.096: [GC288.096: [ParNew: 15584K->757K(16640K), 0.0004210 secs] 29606K->14779K(55552K), 0.0004480 secs] [Times: user=0.00 sys=0.00, real=0.00 secs] 
288.097: Total time for which application threads were stopped: 0.0005550 seconds, Stopping threads took: 0.0000560 seconds
288.162: Application time: 0.0648990 seconds
288.162: [GC288.162: [ParNew: 15603K->750K(16640K), 0.0004680 secs] 29626K->14772K(55552K), 0.0004950 secs] [Times: user=0.01 sys=0.00, real=0.00 secs] 
288.162: Total time for which application threads were stopped: 0.0006170 seconds, Stopping threads took: 0.0000580 seconds
288.229: Application time: 0.0669460 seconds
288.229: [GC288.229: [ParNew: 15597K->553K(16640K), 0.0005140 secs] 29620K->14823K(55552K), 0.0005400 secs] [Times: user=0.00 sys=0.00, real=0.00 secs] 
288.230: Total time for which application threads were stopped: 0.0006730 seconds, Stopping threads took: 0.0000680 seconds
288.297: Application time: 0.0668660 seconds
288.297: [GC288.297: [ParNew: 15401K->450K(16640K), 0.0004010 secs] 29671K->14720K(55552K), 0.0004280 secs] [Times: user=0.01 sys=0.00, real=0.00 secs] 
288.297: Total time for which application threads were stopped: 0.0005490 seconds, Stopping threads took: 0.0000670 seconds
288.355: Application time: 0.0575440 seconds
288.355: [GC288.355: [ParNew: 15296K->680K(16640K), 0.0004750 secs] 29566K->15169K(55552K), 0.0005020 secs] [Times: user=0.00 sys=0.00, real=0.00 secs] 
288.355: Total time for which application threads were stopped: 0.0006270 seconds, Stopping threads took: 0.0000710 seconds
288.383: Application time: 0.0279120 seconds
288.383: [GC288.383: [ParNew: 15524K->1034K(16640K), 0.0004890 secs] 30013K->15522K(55552K), 0.0005180 secs] [Times: user=0.00 sys=0.00, real=0.00 secs] 
288.384: Total time for which application threads were stopped: 0.0006250 seconds, Stopping threads took: 0.0000490 seconds
288.418: Application time: 0.0342410 seconds
288.418: [GC288.418: [ParNew: 15881K->991K(16640K), 0.0005310 secs] 30369K->15670K(55552K), 0.0005580 secs] [Times: user=0.00 sys=0.00, real=0.00 secs] 
288.419: Total time for which application threads were stopped: 0.0006570 seconds, Stopping threads took: 0.0000370 seconds
288.463: Application time: 0.0445190 seconds
288.463: [GC288.463: [ParNew: 15838K->1209K(16640K), 0.0005130 secs] 30517K->15887K(55552K), 0.0005400 secs] [Times: user=0.01 sys=0.00, real=0.00 secs] 
288.464: Total time for which application threads were stopped: 0.0006650 seconds, Stopping threads took: 0.0000670 seconds
288.522: Application time: 0.0580600 seconds
288.522: [GC288.522: [ParNew: 16053K->1136K(16640K), 0.0006010 secs] 30732K->15930K(55552K), 0.0006290 secs] [Times: user=0.00 sys=0.00, real=0.00 secs] 
288.523: Total time for which application threads were stopped: 0.0007360 seconds, Stopping threads took: 0.0000500 seconds
288.587: Application time: 0.0642010 seconds
288.587: [GC288.587: [ParNew: 15981K->881K(16640K), 0.0005800 secs] 30775K->15893K(55552K), 0.0006070 secs] [Times: user=0.01 sys=0.00, real=0.00 secs] 
288.588: Total time for which application threads were stopped: 0.0007280 seconds, Stopping threads took: 0.0000630 seconds
288.654: Application time: 0.0659000 seconds
288.654: [GC288.654: [ParNew: 15726K->879K(16640K), 0.0004290 secs] 30739K->15891K(55552K), 0.0004570 secs] [Times: user=0.01 sys=0.00, real=0.00 secs] 
288.654: Total time for which application threads were stopped: 0.0005650 seconds, Stopping threads took: 0.0000560 seconds
288.720: Application time: 0.0657310 seconds
288.720: [GC288.720: [ParNew: 15724K->915K(16640K), 0.0004420 secs] 30736K->15928K(55552K), 0.0004720 secs] [Times: user=0.01 sys=0.00, real=0.00 secs] 
288.721: Total time for which application threads were stopped: 0.0006110 seconds, Stopping threads took: 0.0000710 seconds
288.782: Application time: 0.0618110 seconds
288.782: [GC288.782: [ParNew: 15760K->1057K(16640K), 0.0005160 secs] 30773K->16069K(55552K), 0.0005430 secs] [Times: user=0.00 sys=0.00, real=0.00 secs] 
288.783: Total time for which application threads were stopped: 0.0006510 seconds, Stopping threads took: 0.0000540 seconds
288.846: Application time: 0.0625250 seconds
288.846: [GC288.846: [ParNew: 15904K->1107K(16640K), 0.0004810 secs] 30917K->16120K(55552K), 0.0005080 secs] [Times: user=0.00 sys=0.00, real=0.00 secs] 
288.846: Total time for which application threads were stopped: 0.0006270 seconds, Stopping threads took: 0.0000660 seconds
288.911: Application time: 0.0649910 seconds
288.911: [GC288.911: [ParNew: 15954K->1137K(16640K), 0.0005290 secs] 30966K->16150K(55552K), 0.0005540 secs] [Times: user=0.00 sys=0.00, real=0.00 secs] 
288.912: Total time for which application threads were stopped: 0.0006690 seconds, Stopping threads took: 0.0000630 seconds
288.979: Application time: 0.0674010 seconds
288.979: [GC288.979: [ParNew: 15984K->933K(16640K), 0.0005060 secs] 30997K->16136K(55552K), 0.0005440 secs] [Times: user=0.00 sys=0.00, real=0.00 secs] 
288.980: Total time for which application threads were stopped: 0.0006600 seconds, Stopping threads took: 0.0000570 seconds
289.047: Application time: 0.0670090 seconds
289.047: [GC289.047: [ParNew: 15781K->835K(16640K), 0.0004450 secs] 30983K->16038K(55552K), 0.0004780 secs] [Times: user=0.01 sys=0.00, real=0.01 secs] 
289.048: Total time for which application threads were stopped: 0.0006090 seconds, Stopping threads took: 0.0000790 seconds
289.104: Application time: 0.0566080 seconds
289.104: [GC289.104: [ParNew: 15679K->1056K(16640K), 0.0004500 secs] 30881K->16259K(55552K), 0.0004780 secs] [Times: user=0.00 sys=0.00, real=0.00 secs] 
289.105: Total time for which application threads were stopped: 0.0006190 seconds, Stopping threads took: 0.0000890 seconds
289.161: Application time: 0.0562810 seconds
289.161: [GC289.161: [ParNew: 15904K->468K(16640K), 0.0005030 secs] 31106K->16241K(55552K), 0.0005320 secs] [Times: user=0.00 sys=0.00, real=0.00 secs] 
289.162: Total time for which application threads were stopped: 0.0006590 seconds, Stopping threads took: 0.0000740 seconds
289.227: Application time: 0.0649840 seconds
289.227: [GC289.227: [ParNew: 15312K->445K(16640K), 0.0003560 secs] 31085K->16218K(55552K), 0.0003840 secs] [Times: user=0.00 sys=0.00, real=0.01 secs] 
289.227: Total time for which application threads were stopped: 0.0004900 seconds, Stopping threads took: 0.0000410 seconds
289.277: Application time: 0.0494610 seconds
289.277: [GC289.277: [ParNew: 15293K->227K(16640K), 0.0004630 secs] 31066K->16190K(55552K), 0.0004890 secs] [Times: user=0.00 sys=0.00, real=0.00 secs] 
289.277: Total time for which application threads were stopped: 0.0006280 seconds, Stopping threads took: 0.0000820 seconds
289.343: Application time: 0.0655730 seconds
289.343: [GC289.343: [ParNew: 15075K->403K(16640K), 0.0003870 secs] 31038K->16366K(55552K), 0.0004150 secs] [Times: user=0.01 sys=0.00, real=0.00 secs] 
289.343: Total time for which application threads were stopped: 0.0005220 seconds, Stopping threads took: 0.0000470 seconds
289.410: Application time: 0.0664800 seconds
289.410: [GC289.410: [ParNew: 15250K->422K(16640K), 0.0003570 secs] 31213K->16385K(55552K), 0.0003850 secs] [Times: user=0.00 sys=0.00, real=0.00 secs] 
289.410: Total time for which application threads were stopped: 0.0005040 seconds, Stopping threads took: 0.0000650 seconds
289.469: Application time: 0.0584880 seconds
289.469: [GC289.469: [ParNew: 15268K->609K(16640K), 0.0004790 secs] 31231K->16572K(55552K), 0.0005110 secs] [Times: user=0.00 sys=0.00, real=0.00 secs] 
289.469: Total time for which application threads were stopped: 0.0006110 seconds, Stopping threads took: 0.0000430 seconds
289.522: Application time: 0.0526570 seconds
289.522: [GC289.522: [ParNew: 15455K->635K(16640K), 0.0004310 secs] 31418K->16598K(55552K), 0.0004580 secs] [Times: user=0.00 sys=0.00, real=0.00 secs] 
289.523: Total time for which application threads were stopped: 0.0005750 seconds, Stopping threads took: 0.0000610 seconds
289.587: Application time: 0.0638710 seconds
289.587: [GC289.587: [ParNew: 15482K->699K(16640K), 0.0004760 secs] 31445K->16662K(55552K), 0.0005020 secs] [Times: user=0.00 sys=0.00, real=0.01 secs] 
289.587: Total time for which application threads were stopped: 0.0006210 seconds, Stopping threads took: 0.0000610 seconds
289.653: Application time: 0.0661880 seconds
289.653: [GC289.653: [ParNew: 15546K->714K(16640K), 0.0004160 secs] 31509K->16677K(55552K), 0.0004430 secs] [Times: user=0.00 sys=0.00, real=0.00 secs] 
289.654: Total time for which application threads were stopped: 0.0005660 seconds, Stopping threads took: 0.0000720 seconds
289.718: Application time: 0.0641750 seconds
289.718: [GC289.718: [ParNew: 15559K->751K(16640K), 0.0004430 secs] 31521K->16714K(55552K), 0.0004680 secs] [Times: user=0.00 sys=0.00, real=0.00 secs] 
289.719: Total time for which application threads were stopped: 0.0005860 seconds, Stopping threads took: 0.0000620 seconds
289.785: Application time: 0.0665200 seconds
289.787: [GC289.787: [ParNew: 15598K->747K(16640K), 0.0004260 secs] 31561K->16710K(55552K), 0.0004630 secs] [Times: user=0.00 sys=0.00, real=0.00 secs] 
289.788: Total time for which application threads were stopped: 0.0023980 seconds, Stopping threads took: 0.0018680 seconds
289.855: Application time: 0.0671170 seconds
289.855: [GC289.855: [ParNew: 15592K->780K(16640K), 0.0004450 secs] 31556K->16743K(55552K), 0.0004710 secs] [Times: user=0.00 sys=0.00, real=0.00 secs] 
289.855: Total time for which application threads were stopped: 0.0005970 seconds, Stopping threads took: 0.0000750 seconds
289.920: Application time: 0.0648660 seconds
289.920: [GC289.920: [ParNew: 15627K->751K(16640K), 0.0004220 secs] 31590K->16743K(55552K), 0.0004490 secs] [Times: user=0.01 sys=0.00, real=0.00 secs] 
289.921: Total time for which application threads were stopped: 0.0005580 seconds, Stopping threads took: 0.0000520 seconds
289.988: Application time: 0.0668770 seconds
289.988: [GC289.988: [ParNew: 15598K->498K(16640K), 0.0004730 secs] 31590K->16708K(55552K), 0.0004990 secs] [Times: user=0.00 sys=0.00, real=0.00 secs] 
289.988: Total time for which application threads were stopped: 0.0006050 seconds, Stopping threads took: 0.0000500 seconds
290.055: Application time: 0.0667340 seconds
290.055: [GC290.055: [ParNew: 15345K->467K(16640K), 0.0003730 secs] 31556K->16677K(55552K), 0.0004000 secs] [Times: user=0.00 sys=0.00, real=0.00 secs] 
290.055: Total time for which application threads were stopped: 0.0005090 seconds, Stopping threads took: 0.0000570 seconds
290.101: Application time: 0.0454130 seconds
290.101: [GC290.101: [ParNew: 15312K->813K(16640K), 0.0005440 secs] 31522K->17242K(55552K), 0.0005700 secs] [Times: user=0.00 sys=0.00, real=0.00 secs] 
290.102: Total time for which application threads were stopped: 0.0006700 seconds, Stopping threads took: 0.0000500 seconds
290.128: Application time: 0.0267570 seconds
290.128: [GC290.128: [ParNew: 15660K->1099K(16640K), 0.0005660 secs] 32089K->17528K(55552K), 0.0005950 secs] [Times: user=0.00 sys=0.00, real=0.00 secs] 
290.129: Total time for which application threads were stopped: 0.0007020 seconds, Stopping threads took: 0.0000480 seconds
290.174: Application time: 0.0447890 seconds
290.175: [GC290.175: [ParNew: 15942K->953K(16640K), 0.0006380 secs] 32371K->17572K(55552K), 0.0006620 secs] [Times: user=0.00 sys=0.00, real=0.00 secs] 
290.176: Total time for which application threads were stopped: 0.0019700 seconds, Stopping threads took: 0.0012500 seconds
290.222: Application time: 0.0459990 seconds
290.222: [GC290.222: [ParNew: 15798K->1208K(16640K), 0.0005390 secs] 32417K->17828K(55552K), 0.0005650 secs] [Times: user=0.00 sys=0.00, real=0.00 secs] 
290.222: Total time for which application threads were stopped: 0.0006730 seconds, Stopping threads took: 0.0000490 seconds
290.282: Application time: 0.0599320 seconds
290.283: [GC290.283: [ParNew: 16056K->336K(16640K), 0.0005730 secs] 32676K->17859K(55552K), 0.0006000 secs] [Times: user=0.00 sys=0.00, real=0.00 secs] 
290.283: Total time for which application threads were stopped: 0.0007260 seconds, Stopping threads took: 0.0000690 seconds
290.348: Application time: 0.0645250 seconds
290.348: [GC290.348: [ParNew: 15183K->241K(16640K), 0.0003890 secs] 32706K->17764K(55552K), 0.0004150 secs] [Times: user=0.00 sys=0.00, real=0.00 secs] 
290.348: Total time for which application threads were stopped: 0.0005320 seconds, Stopping threads took: 0.0000590 seconds
290.414: Application time: 0.0659960 seconds
290.414: [GC290.414: [ParNew: 15089K->208K(16640K), 0.0003470 secs] 32611K->17731K(55552K), 0.0003740 secs] [Times: user=0.00 sys=0.00, real=0.00 secs] 
290.415: Total time for which application threads were stopped: 0.0004810 seconds, Stopping threads took: 0.0000530 seconds
290.480: Application time: 0.0655610 seconds
290.480: [GC290.480: [ParNew: 15056K->203K(16640K), 0.0003380 secs] 32578K->17726K(55552K), 0.0003660 secs] [Times: user=0.00 sys=0.00, real=0.00 secs] 
290.481: Total time for which application threads were stopped: 0.0005220 seconds, Stopping threads took: 0.0000910 seconds
290.541: Application time: 0.0598890 seconds
290.541: [GC290.541: [ParNew: 14975K->837K(16640K), 0.0004960 secs] 32497K->18359K(55552K), 0.0005240 secs] [Times: user=0.00 sys=0.00, real=0.00 secs] 
290.541: Total time for which application threads were stopped: 0.0006320 seconds, Stopping threads took: 0.0000480 seconds
290.606: Application time: 0.0647770 seconds
290.606: [GC290.606: [ParNew: 15681K->1005K(16640K), 0.0005360 secs] 33204K->18528K(55552K), 0.0005620 secs] [Times: user=0.01 sys=0.00, real=0.00 secs] 
290.607: Total time for which application threads were stopped: 0.0006600 seconds, Stopping threads took: 0.0000470 seconds
290.672: Application time: 0.0651610 seconds
290.672: [GC290.672: [ParNew: 15852K->1087K(16640K), 0.0005270 secs] 33375K->18610K(55552K), 0.0005540 secs] [Times: user=0.01 sys=0.00, real=0.00 secs] 
290.673: Total time for which application threads were stopped: 0.0006690 seconds, Stopping threads took: 0.0000580 seconds
290.739: Application time: 0.0667190 seconds
290.739: [GC290.739: [ParNew: 15934K->541K(16640K), 0.0005390 secs] 33457K->18633K(55552K), 0.0005680 secs] [Times: user=0.00 sys=0.00, real=0.00 secs] 
290.740: Total time for which application threads were stopped: 0.0007140 seconds, Stopping threads took: 0.0000880 seconds
290.808: Application time: 0.0677530 seconds
290.808: [GC290.808: [ParNew: 15386K->429K(16640K), 0.0003200 secs] 33479K->18522K(55552K), 0.0003470 secs] [Times: user=0.01 sys=0.00, real=0.00 secs] 
290.808: Total time for which application threads were stopped: 0.0004720 seconds, Stopping threads took: 0.0000750 seconds
290.866: Application time: 0.0578160 seconds
290.866: [GC290.866: [ParNew: 15275K->618K(16640K), 0.0003720 secs] 33368K->18711K(55552K), 0.0003980 secs] [Times: user=0.00 sys=0.00, real=0.00 secs] 
290.867: Total time for which application threads were stopped: 0.0005160 seconds, Stopping threads took: 0.0000530 seconds
290.922: Application time: 0.0553070 seconds
290.922: [GC290.922: [ParNew: 15463K->614K(16640K), 0.0003750 secs] 33556K->18707K(55552K), 0.0004020 secs] [Times: user=0.00 sys=0.00, real=0.00 secs] 
290.922: Total time for which application threads were stopped: 0.0005390 seconds, Stopping threads took: 0.0000820 seconds
290.983: Application time: 0.0603720 seconds
290.983: [GC290.983: [ParNew: 15462K->623K(16640K), 0.0005180 secs] 33555K->18906K(55552K), 0.0005450 secs] [Times: user=0.00 sys=0.00, real=0.00 secs] 
290.983: Total time for which application threads were stopped: 0.0006630 seconds, Stopping threads took: 0.0000610 seconds
291.035: Application time: 0.0510840 seconds
291.035: [GC291.035: [ParNew: 15468K->447K(16640K), 0.0003970 secs] 33750K->18920K(55552K), 0.0004260 secs] [Times: user=0.00 sys=0.00, real=0.00 secs] 
291.035: Total time for which application threads were stopped: 0.0005720 seconds, Stopping threads took: 0.0000870 seconds
291.100: Application time: 0.0647820 seconds
291.100: [GC291.100: [ParNew: 15293K->407K(16640K), 0.0004270 secs] 33766K->18880K(55552K), 0.0004530 secs] [Times: user=0.00 sys=0.00, real=0.00 secs] 
291.100: Total time for which application threads were stopped: 0.0005580 seconds, Stopping threads took: 0.0000530 seconds
291.166: Application time: 0.0659660 seconds
291.167: [GC291.167: [ParNew: 15254K->410K(16640K), 0.0003550 secs] 33727K->18883K(55552K), 0.0003830 secs] [Times: user=0.00 sys=0.00, real=0.00 secs] 
291.167: Total time for which application threads were stopped: 0.0005060 seconds, Stopping threads took: 0.0000680 seconds
291.220: Application time: 0.0533440 seconds
291.220: [GC291.220: [ParNew: 15258K->605K(16640K), 0.0003920 secs] 33731K->19078K(55552K), 0.0004190 secs] [Times: user=0.01 sys=0.00, real=0.00 secs] 
291.221: Total time for which application threads were stopped: 0.0005340 seconds, Stopping threads took: 0.0000600 seconds
291.278: Application time: 0.0569610 seconds
291.278: [GC291.278: [ParNew: 15451K->629K(16640K), 0.0004740 secs] 33924K->19102K(55552K), 0.0005120 secs] [Times: user=0.01 sys=0.00, real=0.00 secs] 
291.278: Total time for which application threads were stopped: 0.0006320 seconds, Stopping threads took: 0.0000650 seconds
291.342: Application time: 0.0633740 seconds
291.342: [GC291.342: [ParNew: 15476K->676K(16640K), 0.0004640 secs] 33949K->19149K(55552K), 0.0004910 secs] [Times: user=0.00 sys=0.00, real=0.00 secs] 
291.342: Total time for which application threads were stopped: 0.0006040 seconds, Stopping threads took: 0.0000550 seconds
291.408: Application time: 0.0651550 seconds
291.408: [GC291.408: [ParNew: 15520K->728K(16640K), 0.0005090 secs] 33993K->19201K(55552K), 0.0005340 secs] [Times: user=0.00 sys=0.00, real=0.00 secs] 
291.408: Total time for which application threads were stopped: 0.0006520 seconds, Stopping threads took: 0.0000580 seconds
291.473: Application time: 0.0650100 seconds
291.473: [GC291.473: [ParNew: 15576K->710K(16640K), 0.0005010 secs] 34049K->19183K(55552K), 0.0005270 secs] [Times: user=0.00 sys=0.00, real=0.00 secs] 
291.474: Total time for which application threads were stopped: 0.0006430 seconds, Stopping threads took: 0.0000610 seconds
291.540: Application time: 0.0664800 seconds
291.540: [GC291.540: [ParNew: 15557K->739K(16640K), 0.0004380 secs] 34030K->19212K(55552K), 0.0004650 secs] [Times: user=0.00 sys=0.00, real=0.00 secs] 
291.541: Total time for which application threads were stopped: 0.0005760 seconds, Stopping threads took: 0.0000540 seconds
291.608: Application time: 0.0666860 seconds
291.608: [GC291.608: [ParNew: 15587K->803K(16640K), 0.0004200 secs] 34060K->19276K(55552K), 0.0004460 secs] [Times: user=0.00 sys=0.00, real=0.00 secs] 
291.608: Total time for which application threads were stopped: 0.0005670 seconds, Stopping threads took: 0.0000700 seconds
291.673: Application time: 0.0650420 seconds
291.673: [GC291.673: [ParNew: 15649K->737K(16640K), 0.0004670 secs] 34122K->19238K(55552K), 0.0004940 secs] [Times: user=0.00 sys=0.00, real=0.00 secs] 
291.674: Total time for which application threads were stopped: 0.0006120 seconds, Stopping threads took: 0.0000620 seconds
291.741: Application time: 0.0667280 seconds
291.741: [GC291.741: [ParNew: 15584K->533K(16640K), 0.0004800 secs] 34086K->19253K(55552K), 0.0005080 secs] [Times: user=0.00 sys=0.00, real=0.00 secs] 
291.741: Total time for which application threads were stopped: 0.0006420 seconds, Stopping threads took: 0.0000760 seconds
291.808: Application time: 0.0666570 seconds
291.808: [GC291.808: [ParNew: 15380K->471K(16640K), 0.0004030 secs] 34100K->19191K(55552K), 0.0004300 secs] [Times: user=0.00 sys=0.00, real=0.00 secs] 
291.808: Total time for which application threads were stopped: 0.0005380 seconds, Stopping threads took: 0.0000560 seconds
291.841: Application time: 0.0329870 seconds
291.841: [GC291.842: [ParNew: 15318K->847K(16640K), 0.0005050 secs] 34038K->19786K(55552K), 0.0005320 secs] [Times: user=0.00 sys=0.00, real=0.00 secs] 
291.842: Total time for which application threads were stopped: 0.0006540 seconds, Stopping threads took: 0.0000630 seconds
291.870: Application time: 0.0283880 seconds
291.871: [GC291.871: [ParNew: 15695K->1112K(16640K), 0.0005110 secs] 34633K->20051K(55552K), 0.0005360 secs] [Times: user=0.00 sys=0.00, real=0.00 secs] 
291.871: Total time for which application threads were stopped: 0.0006520 seconds, Stopping threads took: 0.0000580 seconds
291.918: Application time: 0.0464600 seconds
291.918: [GC291.918: [ParNew: 15957K->1268K(16640K), 0.0005630 secs] 34896K->20397K(55552K), 0.0005900 secs] [Times: user=0.01 sys=0.00, real=0.00 secs] 
291.918: Total time for which application threads were stopped: 0.0007130 seconds, Stopping threads took: 0.0000600 seconds
291.966: Application time: 0.0478240 seconds
291.966: [GC291.966: [ParNew: 16113K->1176K(16640K), 0.0005090 secs] 35242K->20391K(55552K), 0.0005360 secs] [Times: user=0.00 sys=0.00, real=0.00 secs] 
291.967: Total time for which application threads were stopped: 0.0006380 seconds, Stopping threads took: 0.0000480 seconds
292.030: Application time: 0.0634750 seconds
292.030: [GC292.030: [ParNew: 16022K->265K(16640K), 0.0005150 secs] 35238K->20298K(55552K), 0.0005500 secs] [Times: user=0.00 sys=0.00, real=0.00 secs] 
292.031: Total time for which application threads were stopped: 0.0006530 seconds, Stopping threads took: 0.0000450 seconds
292.096: Application time: 0.0651210 seconds
292.096: [GC292.096: [ParNew: 15112K->237K(16640K), 0.0003790 secs] 35145K->20270K(55552K), 0.0004050 secs] [Times: user=0.01 sys=0.00, real=0.00 secs] 
292.097: Total time for which application threads were stopped: 0.0005300 seconds, Stopping threads took: 0.0000680 seconds
292.162: Application time: 0.0651950 seconds
292.162: [GC292.162: [ParNew: 15084K->211K(16640K), 0.0003970 secs] 35117K->20244K(55552K), 0.0004240 secs] [Times: user=0.00 sys=0.00, real=0.00 secs] 
292.162: Total time for which application threads were stopped: 0.0005540 seconds, Stopping threads took: 0.0000800 seconds
292.227: Application time: 0.0651140 seconds
292.227: [GC292.227: [ParNew: 15058K->201K(16640K), 0.0003280 secs] 35091K->20234K(55552K), 0.0003540 secs] [Times: user=0.00 sys=0.00, real=0.00 secs] 
292.228: Total time for which application threads were stopped: 0.0004770 seconds, Stopping threads took: 0.0000680 seconds
292.287: Application time: 0.0592760 seconds
292.287: [GC292.287: [ParNew: 15048K->793K(16640K), 0.0004110 secs] 35081K->20826K(55552K), 0.0004360 secs] [Times: user=0.00 sys=0.00, real=0.00 secs] 
292.288: Total time for which application threads were stopped: 0.0005540 seconds, Stopping threads took: 0.0000600 seconds
292.353: Application time: 0.0649380 seconds
292.353: [GC292.353: [ParNew: 15639K->979K(16640K), 0.0005070 secs] 35672K->21012K(55552K), 0.0005310 secs] [Times: user=0.00 sys=0.00, real=0.00 secs] 
292.353: Total time for which application threads were stopped: 0.0006270 seconds, Stopping threads took: 0.0000470 seconds
292.420: Application time: 0.0668230 seconds
292.420: [GC292.420: [ParNew: 15827K->448K(16640K), 0.0005450 secs] 35860K->21072K(55552K), 0.0005730 secs] [Times: user=0.00 sys=0.00, real=0.00 secs] 
292.421: Total time for which application threads were stopped: 0.0006950 seconds, Stopping threads took: 0.0000570 seconds
292.488: Application time: 0.0670580 seconds
292.488: [GC292.488: [ParNew: 15295K->407K(16640K), 0.0003540 secs] 35919K->21031K(55552K), 0.0003790 secs] [Times: user=0.00 sys=0.00, real=0.00 secs] 
292.488: Total time for which application threads were stopped: 0.0004940 seconds, Stopping threads took: 0.0000590 seconds
292.555: Application time: 0.0666130 seconds
292.555: [GC292.555: [ParNew: 15254K->391K(16640K), 0.0004040 secs] 35878K->21015K(55552K), 0.0004300 secs] [Times: user=0.00 sys=0.00, real=0.00 secs] 
292.555: Total time for which application threads were stopped: 0.0005440 seconds, Stopping threads took: 0.0000590 seconds
292.608: Application time: 0.0522260 seconds
292.608: [GC292.608: [ParNew: 15238K->575K(16640K), 0.0003790 secs] 35862K->21199K(55552K), 0.0004060 secs] [Times: user=0.00 sys=0.00, real=0.00 secs] 
292.608: Total time for which application threads were stopped: 0.0005240 seconds, Stopping threads took: 0.0000640 seconds
292.669: Application time: 0.0611890 seconds
292.670: [GC292.670: [ParNew: 15421K->595K(16640K), 0.0003570 secs] 36045K->21219K(55552K), 0.0003800 secs] [Times: user=0.00 sys=0.00, real=0.00 secs] 
292.670: Total time for which application threads were stopped: 0.0004900 seconds, Stopping threads took: 0.0000550 seconds
292.725: Application time: 0.0546630 seconds
292.725: [GC292.725: [ParNew: 15442K->424K(16640K), 0.0004470 secs] 36066K->21408K(55552K), 0.0004740 secs] [Times: user=0.00 sys=0.00, real=0.00 secs] 
292.725: Total time for which application threads were stopped: 0.0005970 seconds, Stopping threads took: 0.0000670 seconds
292.782: Application time: 0.0569230 seconds
292.782: [GC292.782: [ParNew: 15272K->403K(16640K), 0.0003940 secs] 36255K->21386K(55552K), 0.0004220 secs] [Times: user=0.01 sys=0.00, real=0.00 secs] 
292.783: Total time for which application threads were stopped: 0.0005420 seconds, Stopping threads took: 0.0000640 seconds
292.848: Application time: 0.0653450 seconds
292.848: [GC292.848: [ParNew: 15249K->419K(16640K), 0.0003910 secs] 36232K->21403K(55552K), 0.0004260 secs] [Times: user=0.00 sys=0.00, real=0.00 secs] 
292.849: Total time for which application threads were stopped: 0.0005420 seconds, Stopping threads took: 0.0000580 seconds
292.915: Application time: 0.0663860 seconds
292.915: [GC292.915: [ParNew: 15267K->432K(16640K), 0.0003700 secs] 36250K->21415K(55552K), 0.0003930 secs] [Times: user=0.00 sys=0.00, real=0.00 secs] 
292.915: Total time for which application threads were stopped: 0.0005120 seconds, Stopping threads took: 0.0000650 seconds
292.964: Application time: 0.0489510 seconds
292.965: [GC292.965: [ParNew: 15276K->609K(16640K), 0.0003830 secs] 36259K->21592K(55552K), 0.0004100 secs] [Times: user=0.00 sys=0.00, real=0.00 secs] 
292.965: Total time for which application threads were stopped: 0.0005430 seconds, Stopping threads took: 0.0000670 seconds
293.027: Application time: 0.0617360 seconds
293.027: [GC293.027: [ParNew: 15454K->627K(16640K), 0.0004130 secs] 36438K->21610K(55552K), 0.0004420 secs] [Times: user=0.00 sys=0.00, real=0.01 secs] 
293.027: Total time for which application threads were stopped: 0.0005560 seconds, Stopping threads took: 0.0000570 seconds
293.092: Application time: 0.0645230 seconds
293.092: [GC293.092: [ParNew: 15474K->672K(16640K), 0.0005580 secs] 36458K->21656K(55552K), 0.0005860 secs] [Times: user=0.01 sys=0.00, real=0.00 secs] 
293.092: Total time for which application threads were stopped: 0.0007040 seconds, Stopping threads took: 0.0000600 seconds
293.157: Application time: 0.0643050 seconds
293.157: [GC293.157: [ParNew: 15518K->714K(16640K), 0.0004930 secs] 36501K->21697K(55552K), 0.0005210 secs] [Times: user=0.00 sys=0.00, real=0.00 secs] 
293.157: Total time for which application threads were stopped: 0.0006490 seconds, Stopping threads took: 0.0000770 seconds
293.224: Application time: 0.0666670 seconds
293.224: [GC293.224: [ParNew: 15559K->727K(16640K), 0.0004180 secs] 36542K->21710K(55552K), 0.0004460 secs] [Times: user=0.00 sys=0.00, real=0.00 secs] 
293.225: Total time for which application threads were stopped: 0.0005650 seconds, Stopping threads took: 0.0000630 seconds
293.291: Application time: 0.0666380 seconds
293.291: [GC293.291: [ParNew: 15574K->723K(16640K), 0.0004550 secs] 36557K->21706K(55552K), 0.0004830 secs] [Times: user=0.01 sys=0.00, real=0.00 secs] 
293.292: Total time for which application threads were stopped: 0.0006390 seconds, Stopping threads took: 0.0000970 seconds
293.357: Application time: 0.0651130 seconds
293.357: [GC293.357: [ParNew: 15469K->642K(16640K), 0.0003990 secs] 36452K->21625K(55552K), 0.0004270 secs] [Times: user=0.00 sys=0.00, real=0.00 secs] 
293.358: Total time for which application threads were stopped: 0.0005470 seconds, Stopping threads took: 0.0000690 seconds
293.424: Application time: 0.0667070 seconds
293.424: [GC293.424: [ParNew: 15488K->526K(16640K), 0.0004530 secs] 36472K->21727K(55552K), 0.0004810 secs] [Times: user=0.01 sys=0.00, real=0.00 secs] 
293.425: Total time for which application threads were stopped: 0.0006010 seconds, Stopping threads took: 0.0000660 seconds
293.492: Application time: 0.0669870 seconds
293.492: [GC293.492: [ParNew: 15373K->499K(16640K), 0.0003950 secs] 36575K->21729K(55552K), 0.0004220 secs] [Times: user=0.01 sys=0.00, real=0.00 secs] 
293.492: Total time for which application threads were stopped: 0.0005460 seconds, Stopping threads took: 0.0000580 seconds
293.555: Application time: 0.0628030 seconds
293.555: [GC293.555: [ParNew: 15344K->404K(16640K), 0.0005070 secs] 36575K->21853K(55552K), 0.0005320 secs] [Times: user=0.01 sys=0.00, real=0.00 secs] 
293.556: Total time for which application threads were stopped: 0.0006300 seconds, Stopping threads took: 0.0000480 seconds
293.586: Application time: 0.0297040 seconds
293.586: [GC293.586: [ParNew: 15252K->1026K(16640K), 0.0004800 secs] 36701K->22476K(55552K), 0.0005080 secs] [Times: user=0.00 sys=0.00, real=0.00 secs] 
293.586: Total time for which application threads were stopped: 0.0006460 seconds, Stopping threads took: 0.0000720 seconds
293.618: Application time: 0.0320440 seconds
293.618: [GC293.618: [ParNew: 15873K->924K(16640K), 0.0005020 secs] 37322K->22563K(55552K), 0.0005280 secs] [Times: user=0.00 sys=0.00, real=0.00 secs] 
293.619: Total time for which application threads were stopped: 0.0006600 seconds, Stopping threads took: 0.0000750 seconds
293.668: Application time: 0.0488340 seconds
293.668: [GC293.668: [ParNew: 15768K->1160K(16640K), 0.0004960 secs] 37407K->22800K(55552K), 0.0005240 secs] [Times: user=0.00 sys=0.00, real=0.00 secs] 
293.668: Total time for which application threads were stopped: 0.0006390 seconds, Stopping threads took: 0.0000570 seconds
293.719: Application time: 0.0501370 seconds
293.719: [GC293.719: [ParNew: 16008K->1160K(16640K), 0.0005510 secs] 37647K->22885K(55552K), 0.0005800 secs] [Times: user=0.01 sys=0.00, real=0.01 secs] 
293.719: Total time for which application threads were stopped: 0.0007030 seconds, Stopping threads took: 0.0000680 seconds
293.783: Application time: 0.0637090 seconds
293.783: [GC293.783: [ParNew: 16007K->985K(16640K), 0.0005050 secs] 37732K->22958K(55552K), 0.0005320 secs] [Times: user=0.01 sys=0.00, real=0.00 secs] 
293.784: Total time for which application threads were stopped: 0.0006610 seconds, Stopping threads took: 0.0000710 seconds
293.850: Application time: 0.0663640 seconds
293.850: [GC293.850: [ParNew: 15830K->827K(16640K), 0.0004030 secs] 37803K->22800K(55552K), 0.0004310 secs] [Times: user=0.00 sys=0.00, real=0.00 secs] 
293.851: Total time for which application threads were stopped: 0.0005610 seconds, Stopping threads took: 0.0000740 seconds
293.916: Application time: 0.0653110 seconds
293.916: [GC293.916: [ParNew: 15674K->864K(16640K), 0.0004930 secs] 37647K->22836K(55552K), 0.0005190 secs] [Times: user=0.00 sys=0.00, real=0.00 secs] 
293.917: Total time for which application threads were stopped: 0.0006420 seconds, Stopping threads took: 0.0000690 seconds
293.981: Application time: 0.0642080 seconds
293.981: [GC293.981: [ParNew: 15708K->1053K(16640K), 0.0004510 secs] 37681K->23025K(55552K), 0.0004780 secs] [Times: user=0.01 sys=0.00, real=0.00 secs] 
293.981: Total time for which application threads were stopped: 0.0005880 seconds, Stopping threads took: 0.0000520 seconds
294.041: Application time: 0.0597110 seconds
294.041: [GC294.041: [ParNew: 15897K->1078K(16640K), 0.0004810 secs] 37870K->23052K(55552K), 0.0005070 secs] [Times: user=0.00 sys=0.00, real=0.00 secs] 
294.042: Total time for which application threads were stopped: 0.0006220 seconds, Stopping threads took: 0.0000480 seconds
294.106: Application time: 0.0646130 seconds
294.106: [GC294.106: [ParNew: 15924K->1079K(16640K), 0.0004620 secs] 37898K->23053K(55552K), 0.0004920 secs] [Times: user=0.00 sys=0.00, real=0.00 secs] 
294.107: Total time for which application threads were stopped: 0.0006410 seconds, Stopping threads took: 0.0000970 seconds
294.174: Application time: 0.0672390 seconds
294.174: [GC294.174: [ParNew: 15925K->396K(16640K), 0.0005570 secs] 37898K->23130K(55552K), 0.0005830 secs] [Times: user=0.00 sys=0.00, real=0.00 secs] 
294.175: Total time for which application threads were stopped: 0.0006960 seconds, Stopping threads took: 0.0000570 seconds
294.243: Application time: 0.0676640 seconds
294.243: [GC294.243: [ParNew: 15241K->241K(16640K), 0.0003270 secs] 37975K->22974K(55552K), 0.0003530 secs] [Times: user=0.00 sys=0.00, real=0.00 secs] 
294.243: Total time for which application threads were stopped: 0.0004750 seconds, Stopping threads took: 0.0000660 seconds
294.308: Application time: 0.0649090 seconds
294.308: [GC294.308: [ParNew: 15088K->397K(16640K), 0.0003770 secs] 37822K->23131K(55552K), 0.0004060 secs] [Times: user=0.00 sys=0.00, real=0.00 secs] 
294.308: Total time for which application threads were stopped: 0.0005430 seconds, Stopping threads took: 0.0000860 seconds
294.358: Application time: 0.0491010 seconds
294.358: [GC294.358: [ParNew: 15241K->401K(16640K), 0.0003770 secs] 37975K->23135K(55552K), 0.0004130 secs] [Times: user=0.00 sys=0.00, real=0.00 secs] 
294.358: Total time for which application threads were stopped: 0.0005310 seconds, Stopping threads took: 0.0000670 seconds
294.423: Application time: 0.0652040 seconds
294.423: [GC294.423: [ParNew: 15246K->427K(16640K), 0.0003960 secs] 37980K->23161K(55552K), 0.0004230 secs] [Times: user=0.00 sys=0.00, real=0.00 secs] 
294.424: Total time for which application threads were stopped: 0.0005480 seconds, Stopping threads took: 0.0000710 seconds
294.477: Application time: 0.0529510 seconds
294.477: [GC294.477: [ParNew: 15274K->401K(16640K), 0.0004370 secs] 38008K->23325K(55552K), 0.0004670 secs] [Times: user=0.01 sys=0.00, real=0.00 secs] 
294.477: Total time for which application threads were stopped: 0.0005760 seconds, Stopping threads took: 0.0000520 seconds
294.537: Application time: 0.0596420 seconds
294.537: [GC294.537: [ParNew: 15245K->402K(16640K), 0.0004130 secs] 38169K->23326K(55552K), 0.0004400 secs] [Times: user=0.00 sys=0.00, real=0.00 secs] 
294.538: Total time for which application threads were stopped: 0.0005890 seconds, Stopping threads took: 0.0000910 seconds
294.603: Application time: 0.0654050 seconds
294.603: [GC294.603: [ParNew: 15248K->432K(16640K), 0.0003640 secs] 38172K->23356K(55552K), 0.0003910 secs] [Times: user=0.00 sys=0.00, real=0.00 secs] 
294.604: Total time for which application threads were stopped: 0.0005090 seconds, Stopping threads took: 0.0000610 seconds
294.667: Application time: 0.0632060 seconds
294.667: [GC294.667: [ParNew: 15278K->597K(16640K), 0.0004240 secs] 38202K->23521K(55552K), 0.0004500 secs] [Times: user=0.00 sys=0.00, real=0.01 secs] 
294.667: Total time for which application threads were stopped: 0.0005550 seconds, Stopping threads took: 0.0000510 seconds
294.717: Application time: 0.0500150 seconds
294.717: [GC294.717: [ParNew: 15443K->614K(16640K), 0.0004510 secs] 38367K->23538K(55552K), 0.0004790 secs] [Times: user=0.00 sys=0.00, real=0.00 secs] 
294.718: Total time for which application threads were stopped: 0.0006260 seconds, Stopping threads took: 0.0000920 seconds
294.780: Application time: 0.0622990 seconds
294.780: [GC294.780: [ParNew: 15460K->662K(16640K), 0.0004100 secs] 38384K->23586K(55552K), 0.0004380 secs] [Times: user=0.00 sys=0.00, real=0.00 secs] 
294.781: Total time for which application threads were stopped: 0.0005530 seconds, Stopping threads took: 0.0000580 seconds
294.847: Application time: 0.0661020 seconds
294.847: [GC294.847: [ParNew: 15509K->703K(16640K), 0.0004020 secs] 38433K->23628K(55552K), 0.0004320 secs] [Times: user=0.00 sys=0.00, real=0.01 secs] 
294.847: Total time for which application threads were stopped: 0.0005640 seconds, Stopping threads took: 0.0000730 seconds
294.912: Application time: 0.0646460 seconds
294.912: [GC294.912: [ParNew: 15551K->718K(16640K), 0.0005590 secs] 38475K->23643K(55552K), 0.0005870 secs] [Times: user=0.00 sys=0.00, real=0.00 secs] 
294.913: Total time for which application threads were stopped: 0.0006970 seconds, Stopping threads took: 0.0000530 seconds
294.983: Application time: 0.0699980 seconds
294.983: [GC294.983: [ParNew: 15564K->702K(16640K), 0.0004230 secs] 38488K->23626K(55552K), 0.0004520 secs] [Times: user=0.00 sys=0.00, real=0.00 secs] 
294.983: Total time for which application threads were stopped: 0.0005730 seconds, Stopping threads took: 0.0000650 seconds
295.050: Application time: 0.0669220 seconds
295.050: [GC295.050: [ParNew: 15550K->765K(16640K), 0.0004890 secs] 38474K->23689K(55552K), 0.0005150 secs] [Times: user=0.00 sys=0.00, real=0.00 secs] 
295.051: Total time for which application threads were stopped: 0.0006250 seconds, Stopping threads took: 0.0000540 seconds
295.116: Application time: 0.0650600 seconds
295.116: [GC295.116: [ParNew: 15612K->738K(16640K), 0.0004660 secs] 38536K->23662K(55552K), 0.0004920 secs] [Times: user=0.00 sys=0.00, real=0.00 secs] 
295.117: Total time for which application threads were stopped: 0.0006120 seconds, Stopping threads took: 0.0000590 seconds
295.183: Application time: 0.0668930 seconds
295.184: [GC295.184: [ParNew: 15585K->502K(16640K), 0.0004670 secs] 38510K->23674K(55552K), 0.0005020 secs] [Times: user=0.00 sys=0.00, real=0.00 secs] 
295.184: Total time for which application threads were stopped: 0.0006230 seconds, Stopping threads took: 0.0000640 seconds
295.251: Application time: 0.0672450 seconds
295.251: [GC295.251: [ParNew: 15350K->445K(16640K), 0.0003700 secs] 38521K->23617K(55552K), 0.0003970 secs] [Times: user=0.01 sys=0.00, real=0.00 secs] 
295.252: Total time for which application threads were stopped: 0.0005180 seconds, Stopping threads took: 0.0000620 seconds
295.301: Application time: 0.0491280 seconds
295.301: Total time for which application threads were stopped: 0.0000790 seconds, Stopping threads took: 0.0000570 seconds
295.301: Application time: 0.0000530 seconds
295.301: [GC295.301: [ParNew: 15336K->651K(16640K), 0.0004700 secs] 38507K->24041K(55552K), 0.0004960 secs] [Times: user=0.00 sys=0.00, real=0.00 secs] 
295.302: Total time for which application threads were stopped: 0.0005820 seconds, Stopping threads took: 0.0000470 seconds
295.338: Application time: 0.0361100 seconds
295.338: [GC295.338: [ParNew: 15498K->1046K(16640K), 0.0004600 secs] 38888K->24436K(55552K), 0.0004840 secs] [Times: user=0.00 sys=0.00, real=0.00 secs] 
295.338: Total time for which application threads were stopped: 0.0005930 seconds, Stopping threads took: 0.0000580 seconds
295.374: Application time: 0.0359260 seconds
295.374: [GC295.374: [ParNew: 15891K->957K(16640K), 0.0005070 secs] 39281K->24537K(55552K), 0.0005350 secs] [Times: user=0.00 sys=0.00, real=0.00 secs] 
295.375: Total time for which application threads were stopped: 0.0006570 seconds, Stopping threads took: 0.0000590 seconds
295.423: Application time: 0.0483360 seconds
295.423: [GC295.423: [ParNew: 15801K->1211K(16640K), 0.0005970 secs] 39381K->24791K(55552K), 0.0006240 secs] [Times: user=0.00 sys=0.00, real=0.00 secs] 
295.424: Total time for which application threads were stopped: 0.0007480 seconds, Stopping threads took: 0.0000670 seconds
295.478: Application time: 0.0543720 seconds
295.479: [GC295.479: [ParNew: 16055K->1163K(16640K), 0.0005380 secs] 39635K->24829K(55552K), 0.0005650 secs] [Times: user=0.01 sys=0.00, real=0.01 secs] 
295.479: Total time for which application threads were stopped: 0.0006760 seconds, Stopping threads took: 0.0000540 seconds
295.543: Application time: 0.0637310 seconds
295.543: [GC295.543: [ParNew: 16010K->697K(16640K), 0.0005710 secs] 39676K->24801K(55552K), 0.0006020 secs] [Times: user=0.00 sys=0.00, real=0.00 secs] 
295.544: Total time for which application threads were stopped: 0.0007390 seconds, Stopping threads took: 0.0000790 seconds
295.609: Application time: 0.0650810 seconds
295.609: [GC295.609: [ParNew: 15544K->623K(16640K), 0.0003960 secs] 39648K->24726K(55552K), 0.0004220 secs] [Times: user=0.00 sys=0.00, real=0.00 secs] 
295.609: Total time for which application threads were stopped: 0.0005320 seconds, Stopping threads took: 0.0000580 seconds
295.675: Application time: 0.0653990 seconds
295.675: [GC295.675: [ParNew: 15470K->639K(16640K), 0.0004370 secs] 39574K->24742K(55552K), 0.0004650 secs] [Times: user=0.00 sys=0.00, real=0.00 secs] 
295.675: Total time for which application threads were stopped: 0.0005800 seconds, Stopping threads took: 0.0000520 seconds
295.738: Application time: 0.0626660 seconds
295.738: [GC295.738: [ParNew: 15486K->1032K(16640K), 0.0005190 secs] 39590K->25135K(55552K), 0.0005450 secs] [Times: user=0.00 sys=0.00, real=0.00 secs] 
295.739: Total time for which application threads were stopped: 0.0006440 seconds, Stopping threads took: 0.0000430 seconds
295.800: Application time: 0.0611900 seconds
295.800: [GC295.800: [ParNew: 15876K->1059K(16640K), 0.0005370 secs] 39980K->25163K(55552K), 0.0005640 secs] [Times: user=0.00 sys=0.00, real=0.00 secs] 
295.800: Total time for which application threads were stopped: 0.0006750 seconds, Stopping threads took: 0.0000530 seconds
295.865: Application time: 0.0647200 seconds
295.865: [GC295.865: [ParNew: 15906K->1067K(16640K), 0.0004510 secs] 40010K->25171K(55552K), 0.0004870 secs] [Times: user=0.00 sys=0.00, real=0.00 secs] 
295.866: Total time for which application threads were stopped: 0.0006160 seconds, Stopping threads took: 0.0000760 seconds
295.933: Application time: 0.0670970 seconds
295.933: [GC295.933: [ParNew: 15914K->820K(16640K), 0.0005300 secs] 40018K->25114K(55552K), 0.0005580 secs] [Times: user=0.00 sys=0.00, real=0.00 secs] 
295.934: Total time for which application threads were stopped: 0.0006900 seconds, Stopping threads took: 0.0000710 seconds
296.000: Application time: 0.0664080 seconds
296.003: [GC296.003: [ParNew: 15668K->884K(16640K), 0.0004160 secs] 39962K->25178K(55552K), 0.0004440 secs] [Times: user=0.00 sys=0.00, real=0.00 secs] 
296.004: Total time for which application threads were stopped: 0.0036270 seconds, Stopping threads took: 0.0031240 seconds
296.062: Application time: 0.0584300 seconds
296.062: [GC296.062: [ParNew: 15729K->1070K(16640K), 0.0005440 secs] 40024K->25364K(55552K), 0.0005700 secs] [Times: user=0.00 sys=0.00, real=0.00 secs] 
296.063: Total time for which application threads were stopped: 0.0006950 seconds, Stopping threads took: 0.0000730 seconds
296.117: Application time: 0.0545260 seconds
296.117: [GC296.117: [ParNew: 15915K->507K(16640K), 0.0004840 secs] 40209K->25372K(55552K), 0.0005120 secs] [Times: user=0.00 sys=0.00, real=0.00 secs] 
296.118: Total time for which application threads were stopped: 0.0006290 seconds, Stopping threads took: 0.0000630 seconds
296.183: Application time: 0.0650940 seconds
296.183: [GC296.183: [ParNew: 15354K->409K(16640K), 0.0003910 secs] 40218K->25274K(55552K), 0.0004180 secs] [Times: user=0.00 sys=0.00, real=0.00 secs] 
296.184: Total time for which application threads were stopped: 0.0005350 seconds, Stopping threads took: 0.0000490 seconds
296.237: Application time: 0.0539840 seconds
296.238: [GC296.238: [ParNew: 15255K->425K(16640K), 0.0004940 secs] 40120K->25480K(55552K), 0.0005190 secs] [Times: user=0.00 sys=0.00, real=0.00 secs] 
296.238: Total time for which application threads were stopped: 0.0006500 seconds, Stopping threads took: 0.0000750 seconds
296.297: Application time: 0.0588710 seconds
296.297: [GC296.297: [ParNew: 15271K->425K(16640K), 0.0003590 secs] 40325K->25479K(55552K), 0.0003860 secs] [Times: user=0.01 sys=0.00, real=0.00 secs] 
296.298: Total time for which application threads were stopped: 0.0004940 seconds, Stopping threads took: 0.0000520 seconds
296.363: Application time: 0.0652520 seconds
296.363: [GC296.363: [ParNew: 15270K->417K(16640K), 0.0003970 secs] 40324K->25471K(55552K), 0.0004260 secs] [Times: user=0.00 sys=0.00, real=0.00 secs] 
296.363: Total time for which application threads were stopped: 0.0005550 seconds, Stopping threads took: 0.0000760 seconds
296.418: Application time: 0.0549980 seconds
296.418: [GC296.418: [ParNew: 15261K->620K(16640K), 0.0003960 secs] 40315K->25675K(55552K), 0.0004230 secs] [Times: user=0.00 sys=0.00, real=0.00 secs] 
296.419: Total time for which application threads were stopped: 0.0005450 seconds, Stopping threads took: 0.0000670 seconds
296.475: Application time: 0.0560030 seconds
296.475: [GC296.475: [ParNew: 15468K->669K(16640K), 0.0004110 secs] 40523K->25724K(55552K), 0.0004370 secs] [Times: user=0.00 sys=0.00, real=0.00 secs] 
296.475: Total time for which application threads were stopped: 0.0005390 seconds, Stopping threads took: 0.0000490 seconds
296.539: Application time: 0.0638960 seconds
296.539: [GC296.539: [ParNew: 15514K->649K(16640K), 0.0004440 secs] 40569K->25704K(55552K), 0.0004710 secs] [Times: user=0.00 sys=0.00, real=0.00 secs] 
296.540: Total time for which application threads were stopped: 0.0005940 seconds, Stopping threads took: 0.0000660 seconds
296.607: Application time: 0.0667030 seconds
296.607: [GC296.607: [ParNew: 15497K->692K(16640K), 0.0005820 secs] 40551K->25747K(55552K), 0.0006090 secs] [Times: user=0.00 sys=0.00, real=0.01 secs] 
296.607: Total time for which application threads were stopped: 0.0007210 seconds, Stopping threads took: 0.0000610 seconds
296.672: Application time: 0.0644200 seconds
296.672: [GC296.672: [ParNew: 15540K->732K(16640K), 0.0004170 secs] 40594K->25786K(55552K), 0.0004520 secs] [Times: user=0.00 sys=0.00, real=0.00 secs] 
296.672: Total time for which application threads were stopped: 0.0005540 seconds, Stopping threads took: 0.0000510 seconds
296.739: Application time: 0.0670140 seconds
296.739: [GC296.739: [ParNew: 15577K->748K(16640K), 0.0005060 secs] 40631K->25802K(55552K), 0.0005340 secs] [Times: user=0.00 sys=0.00, real=0.00 secs] 
296.740: Total time for which application threads were stopped: 0.0006550 seconds, Stopping threads took: 0.0000520 seconds
296.807: Application time: 0.0669190 seconds
296.807: [GC296.807: [ParNew: 15595K->756K(16640K), 0.0004970 secs] 40650K->25810K(55552K), 0.0005280 secs] [Times: user=0.00 sys=0.00, real=0.01 secs] 
296.808: Total time for which application threads were stopped: 0.0006590 seconds, Stopping threads took: 0.0000790 seconds
296.874: Application time: 0.0662450 seconds
296.874: [GC296.874: [ParNew: 15600K->729K(16640K), 0.0004830 secs] 40655K->25812K(55552K), 0.0005100 secs] [Times: user=0.01 sys=0.00, real=0.00 secs] 
296.874: Total time for which application threads were stopped: 0.0006200 seconds, Stopping threads took: 0.0000590 seconds
296.942: Application time: 0.0670800 seconds
296.942: [GC296.942: [ParNew: 15576K->477K(16640K), 0.0004520 secs] 40659K->25779K(55552K), 0.0004790 secs] [Times: user=0.00 sys=0.00, real=0.00 secs] 
296.942: Total time for which application threads were stopped: 0.0005960 seconds, Stopping threads took: 0.0000590 seconds
297.009: Application time: 0.0667540 seconds
297.009: [GC297.009: [ParNew: 15325K->455K(16640K), 0.0004320 secs] 40626K->25757K(55552K), 0.0004570 secs] [Times: user=0.01 sys=0.00, real=0.00 secs] 
297.009: Total time for which application threads were stopped: 0.0005950 seconds, Stopping threads took: 0.0000880 seconds
297.050: Application time: 0.0407890 seconds
297.050: [GC297.050: [ParNew: 15301K->645K(16640K), 0.0005280 secs] 40603K->26165K(55552K), 0.0005550 secs] [Times: user=0.01 sys=0.00, real=0.00 secs] 
297.051: Total time for which application threads were stopped: 0.0006770 seconds, Stopping threads took: 0.0000630 seconds
297.085: Application time: 0.0339520 seconds
297.085: [GC297.085: [ParNew: 15492K->1100K(16640K), 0.0005510 secs] 41013K->26620K(55552K), 0.0005770 secs] [Times: user=0.00 sys=0.00, real=0.00 secs] 
297.086: Total time for which application threads were stopped: 0.0006840 seconds, Stopping threads took: 0.0000480 seconds
297.126: Application time: 0.0407300 seconds
297.126: [GC297.126: [ParNew: 15946K->1038K(16640K), 0.0005290 secs] 41466K->26748K(55552K), 0.0005540 secs] [Times: user=0.00 sys=0.00, real=0.00 secs] 
297.127: Total time for which application threads were stopped: 0.0006620 seconds, Stopping threads took: 0.0000530 seconds
297.177: Application time: 0.0498460 seconds
297.177: [GC297.177: [ParNew: 15884K->1196K(16640K), 0.0006120 secs] 41595K->26907K(55552K), 0.0006400 secs] [Times: user=0.00 sys=0.00, real=0.00 secs] 
297.178: Total time for which application threads were stopped: 0.0007620 seconds, Stopping threads took: 0.0000650 seconds
297.234: Application time: 0.0564370 seconds
297.234: [GC297.234: [ParNew: 16041K->917K(16640K), 0.0006180 secs] 41751K->26932K(55552K), 0.0006460 secs] [Times: user=0.00 sys=0.00, real=0.00 secs] 
297.235: Total time for which application threads were stopped: 0.0007540 seconds, Stopping threads took: 0.0000500 seconds
297.299: Application time: 0.0639240 seconds
297.299: [GC297.299: [ParNew: 15762K->888K(16640K), 0.0005520 secs] 41777K->26904K(55552K), 0.0005820 secs] [Times: user=0.01 sys=0.00, real=0.01 secs] 
297.299: Total time for which application threads were stopped: 0.0007160 seconds, Stopping threads took: 0.0000650 seconds
297.365: Application time: 0.0660850 seconds
297.366: [GC297.366: [ParNew: 15736K->899K(16640K), 0.0004410 secs] 41751K->26914K(55552K), 0.0004690 secs] [Times: user=0.00 sys=0.00, real=0.00 secs] 
297.366: Total time for which application threads were stopped: 0.0005910 seconds, Stopping threads took: 0.0000630 seconds
297.431: Application time: 0.0650300 seconds
297.431: [GC297.431: [ParNew: 15746K->930K(16640K), 0.0005130 secs] 41762K->26945K(55552K), 0.0005370 secs] [Times: user=0.00 sys=0.00, real=0.00 secs] 
297.432: Total time for which application threads were stopped: 0.0006490 seconds, Stopping threads took: 0.0000570 seconds
297.493: Application time: 0.0607900 seconds
297.493: [GC297.493: [ParNew: 15774K->1130K(16640K), 0.0004680 secs] 41789K->27145K(55552K), 0.0004950 secs] [Times: user=0.00 sys=0.00, real=0.00 secs] 
297.493: Total time for which application threads were stopped: 0.0006040 seconds, Stopping threads took: 0.0000520 seconds
297.556: Application time: 0.0631880 seconds
297.556: [GC297.556: [ParNew: 15976K->1074K(16640K), 0.0005830 secs] 41991K->27118K(55552K), 0.0006100 secs] [Times: user=0.00 sys=0.00, real=0.00 secs] 
297.557: Total time for which application threads were stopped: 0.0007340 seconds, Stopping threads took: 0.0000640 seconds
297.622: Application time: 0.0648680 seconds
297.622: [GC297.622: [ParNew: 15920K->1102K(16640K), 0.0004660 secs] 41964K->27147K(55552K), 0.0004930 secs] [Times: user=0.00 sys=0.00, real=0.00 secs] 
297.623: Total time for which application threads were stopped: 0.0006060 seconds, Stopping threads took: 0.0000610 seconds
297.690: Application time: 0.0671290 seconds
297.690: [GC297.690: [ParNew: 15950K->724K(16640K), 0.0005250 secs] 41994K->27148K(55552K), 0.0005550 secs] [Times: user=0.00 sys=0.00, real=0.00 secs] 
297.690: Total time for which application threads were stopped: 0.0007120 seconds, Stopping threads took: 0.0000860 seconds
297.757: Application time: 0.0664130 seconds
297.757: [GC297.757: [ParNew: 15571K->647K(16640K), 0.0003830 secs] 41996K->27072K(55552K), 0.0004110 secs] [Times: user=0.00 sys=0.00, real=0.00 secs] 
297.757: Total time for which application threads were stopped: 0.0005310 seconds, Stopping threads took: 0.0000620 seconds
297.807: Application time: 0.0498680 seconds
297.807: [GC297.807: [ParNew: 15494K->829K(16640K), 0.0004990 secs] 41918K->27254K(55552K), 0.0005270 secs] [Times: user=0.00 sys=0.00, real=0.00 secs] 
297.808: Total time for which application threads were stopped: 0.0006430 seconds, Stopping threads took: 0.0000460 seconds
297.871: Application time: 0.0629720 seconds
297.871: [GC297.871: [ParNew: 15677K->846K(16640K), 0.0004670 secs] 42101K->27271K(55552K), 0.0004940 secs] [Times: user=0.00 sys=0.00, real=0.00 secs] 
297.871: Total time for which application threads were stopped: 0.0005960 seconds, Stopping threads took: 0.0000500 seconds
297.937: Application time: 0.0653270 seconds
297.937: [GC297.937: [ParNew: 15691K->482K(16640K), 0.0005200 secs] 42116K->27287K(55552K), 0.0005470 secs] [Times: user=0.00 sys=0.00, real=0.00 secs] 
297.937: Total time for which application threads were stopped: 0.0006570 seconds, Stopping threads took: 0.0000530 seconds
297.989: Application time: 0.0516840 seconds
297.989: [GC297.989: [ParNew: 15329K->421K(16640K), 0.0004400 secs] 42134K->27416K(55552K), 0.0004670 secs] [Times: user=0.00 sys=0.00, real=0.00 secs] 
297.990: Total time for which application threads were stopped: 0.0005790 seconds, Stopping threads took: 0.0000530 seconds
298.051: Application time: 0.0608030 seconds
298.051: [GC298.051: [ParNew: 15265K->405K(16640K), 0.0004420 secs] 42259K->27400K(55552K), 0.0004690 secs] [Times: user=0.00 sys=0.00, real=0.00 secs] 
298.051: Total time for which application threads were stopped: 0.0005930 seconds, Stopping threads took: 0.0000660 seconds
298.116: Application time: 0.0650610 seconds
298.116: [GC298.116: [ParNew: 15250K->425K(16640K), 0.0004210 secs] 42244K->27420K(55552K), 0.0004450 secs] [Times: user=0.01 sys=0.00, real=0.00 secs] 
298.117: Total time for which application threads were stopped: 0.0005450 seconds, Stopping threads took: 0.0000500 seconds
298.166: Application time: 0.0494430 seconds
298.166: [GC298.166: [ParNew: 15269K->609K(16640K), 0.0003840 secs] 42264K->27604K(55552K), 0.0004200 secs] [Times: user=0.00 sys=0.00, real=0.00 secs] 
298.167: Total time for which application threads were stopped: 0.0005380 seconds, Stopping threads took: 0.0000660 seconds
298.227: Application time: 0.0603360 seconds
298.227: [GC298.227: [ParNew: 15455K->636K(16640K), 0.0004050 secs] 42449K->27630K(55552K), 0.0004310 secs] [Times: user=0.00 sys=0.00, real=0.00 secs] 
298.228: Total time for which application threads were stopped: 0.0005420 seconds, Stopping threads took: 0.0000590 seconds
298.292: Application time: 0.0646160 seconds
298.292: [GC298.292: [ParNew: 15483K->650K(16640K), 0.0004710 secs] 42478K->27645K(55552K), 0.0004980 secs] [Times: user=0.01 sys=0.00, real=0.00 secs] 
298.293: Total time for which application threads were stopped: 0.0006100 seconds, Stopping threads took: 0.0000530 seconds
298.360: Application time: 0.0671960 seconds
298.363: [GC298.363: [ParNew: 15496K->727K(16640K), 0.0005550 secs] 42490K->27722K(55552K), 0.0005820 secs] [Times: user=0.00 sys=0.00, real=0.00 secs] 
298.364: Total time for which application threads were stopped: 0.0037890 seconds, Stopping threads took: 0.0031520 seconds
298.428: Application time: 0.0641510 seconds
298.428: [GC298.428: [ParNew: 15572K->764K(16640K), 0.0004180 secs] 42567K->27758K(55552K), 0.0004450 secs] [Times: user=0.00 sys=0.00, real=0.00 secs] 
298.429: Total time for which application threads were stopped: 0.0005510 seconds, Stopping threads took: 0.0000530 seconds
298.495: Application time: 0.0663910 seconds
298.495: [GC298.495: [ParNew: 15611K->726K(16640K), 0.0004220 secs] 42606K->27721K(55552K), 0.0004500 secs] [Times: user=0.00 sys=0.00, real=0.00 secs] 
298.495: Total time for which application threads were stopped: 0.0005680 seconds, Stopping threads took: 0.0000620 seconds
298.561: Application time: 0.0659340 seconds
298.561: [GC298.562: [ParNew: 15570K->767K(16640K), 0.0004030 secs] 42565K->27761K(55552K), 0.0004280 secs] [Times: user=0.00 sys=0.00, real=0.00 secs] 
298.562: Total time for which application threads were stopped: 0.0005350 seconds, Stopping threads took: 0.0000590 seconds
298.628: Application time: 0.0658240 seconds
298.628: [GC298.628: [ParNew: 15611K->580K(16640K), 0.0004890 secs] 42606K->27794K(55552K), 0.0005170 secs] [Times: user=0.00 sys=0.00, real=0.00 secs] 
298.628: Total time for which application threads were stopped: 0.0006340 seconds, Stopping threads took: 0.0000620 seconds
298.696: Application time: 0.0678490 seconds
298.696: [GC298.696: [ParNew: 15426K->455K(16640K), 0.0004000 secs] 42639K->27697K(55552K), 0.0004270 secs] [Times: user=0.01 sys=0.00, real=0.00 secs] 
298.697: Total time for which application threads were stopped: 0.0005510 seconds, Stopping threads took: 0.0000660 seconds
298.762: Application time: 0.0647840 seconds
298.762: [GC298.762: [ParNew: 15302K->630K(16640K), 0.0004810 secs] 42544K->27872K(55552K), 0.0005060 secs] [Times: user=0.01 sys=0.00, real=0.00 secs] 
298.762: Total time for which application threads were stopped: 0.0006100 seconds, Stopping threads took: 0.0000550 seconds
298.802: Application time: 0.0395760 seconds
298.802: [GC298.802: [ParNew: 15477K->830K(16640K), 0.0005300 secs] 42719K->28291K(55552K), 0.0005570 secs] [Times: user=0.01 sys=0.00, real=0.00 secs] 
298.802: Total time for which application threads were stopped: 0.0006880 seconds, Stopping threads took: 0.0000710 seconds
298.831: Application time: 0.0287450 seconds
298.831: [GC298.831: [ParNew: 15677K->1065K(16640K), 0.0006060 secs] 43137K->28526K(55552K), 0.0006350 secs] [Times: user=0.00 sys=0.00, real=0.00 secs] 
298.832: Total time for which application threads were stopped: 0.0007430 seconds, Stopping threads took: 0.0000480 seconds
298.878: Application time: 0.0461810 seconds
298.878: [GC298.878: [ParNew: 15909K->1232K(16640K), 0.0005700 secs] 43370K->28882K(55552K), 0.0005980 secs] [Times: user=0.01 sys=0.00, real=0.00 secs] 
298.879: Total time for which application threads were stopped: 0.0007250 seconds, Stopping threads took: 0.0000610 seconds
298.922: Application time: 0.0435310 seconds
298.922: Total time for which application threads were stopped: 0.0000850 seconds, Stopping threads took: 0.0000610 seconds
298.923: Application time: 0.0000470 seconds
298.923: [GC298.923: [ParNew: 16136K->992K(16640K), 0.0005530 secs] 43786K->28977K(55552K), 0.0005900 secs] [Times: user=0.00 sys=0.00, real=0.00 secs] 
298.923: Total time for which application threads were stopped: 0.0006640 seconds, Stopping threads took: 0.0000350 seconds
298.988: Application time: 0.0644670 seconds
298.988: [GC298.988: [ParNew: 15839K->812K(16640K), 0.0004940 secs] 43824K->28796K(55552K), 0.0005220 secs] [Times: user=0.01 sys=0.00, real=0.00 secs] 
298.988: Total time for which application threads were stopped: 0.0006280 seconds, Stopping threads took: 0.0000480 seconds
299.052: Application time: 0.0640320 seconds
299.052: [GC299.052: [ParNew: 15656K->859K(16640K), 0.0004260 secs] 43641K->28844K(55552K), 0.0004530 secs] [Times: user=0.01 sys=0.00, real=0.00 secs] 
299.053: Total time for which application threads were stopped: 0.0005710 seconds, Stopping threads took: 0.0000580 seconds
299.118: Application time: 0.0650680 seconds
299.118: [GC299.118: [ParNew: 15706K->857K(16640K), 0.0004320 secs] 43691K->28841K(55552K), 0.0004590 secs] [Times: user=0.00 sys=0.00, real=0.00 secs] 
299.119: Total time for which application threads were stopped: 0.0005800 seconds, Stopping threads took: 0.0000690 seconds
299.184: Application time: 0.0650350 seconds
299.184: [GC299.184: [ParNew: 15704K->892K(16640K), 0.0004430 secs] 43689K->28877K(55552K), 0.0004710 secs] [Times: user=0.00 sys=0.00, real=0.00 secs] 
299.184: Total time for which application threads were stopped: 0.0005820 seconds, Stopping threads took: 0.0000540 seconds
299.243: Application time: 0.0592970 seconds
299.244: [GC299.244: [ParNew: 15738K->1042K(16640K), 0.0004680 secs] 43723K->29027K(55552K), 0.0004950 secs] [Times: user=0.00 sys=0.00, real=0.00 secs] 
299.244: Total time for which application threads were stopped: 0.0006010 seconds, Stopping threads took: 0.0000490 seconds
299.308: Application time: 0.0641050 seconds
299.308: [GC299.308: [ParNew: 15887K->1072K(16640K), 0.0004520 secs] 43871K->29057K(55552K), 0.0004790 secs] [Times: user=0.00 sys=0.00, real=0.00 secs] 
299.309: Total time for which application threads were stopped: 0.0006050 seconds, Stopping threads took: 0.0000670 seconds
299.375: Application time: 0.0658900 seconds
299.375: [GC299.375: [ParNew: 15917K->548K(16640K), 0.0005780 secs] 43901K->29103K(55552K), 0.0006060 secs] [Times: user=0.00 sys=0.00, real=0.00 secs] 
299.375: Total time for which application threads were stopped: 0.0007410 seconds, Stopping threads took: 0.0000780 seconds
299.442: Application time: 0.0668970 seconds
299.442: [GC299.442: [ParNew: 15395K->438K(16640K), 0.0004760 secs] 43950K->28993K(55552K), 0.0005020 secs] [Times: user=0.01 sys=0.00, real=0.00 secs] 
299.443: Total time for which application threads were stopped: 0.0006270 seconds, Stopping threads took: 0.0000600 seconds
299.505: Application time: 0.0618500 seconds
299.505: [GC299.505: [ParNew: 15282K->615K(16640K), 0.0020540 secs] 43837K->29170K(55552K), 0.0020850 secs] [Times: user=0.00 sys=0.00, real=0.00 secs] 
299.507: Total time for which application threads were stopped: 0.0021940 seconds, Stopping threads took: 0.0000520 seconds
299.558: Application time: 0.0513550 seconds
299.558: [GC299.558: [ParNew: 15459K->610K(16640K), 0.0003810 secs] 44014K->29165K(55552K), 0.0004080 secs] [Times: user=0.00 sys=0.00, real=0.00 secs] 
299.559: Total time for which application threads were stopped: 0.0005340 seconds, Stopping threads took: 0.0000680 seconds
299.624: Application time: 0.0650420 seconds
299.624: [GC299.624: [ParNew: 15454K->633K(16640K), 0.0004070 secs] 44009K->29188K(55552K), 0.0004330 secs] [Times: user=0.00 sys=0.00, real=0.00 secs] 
299.624: Total time for which application threads were stopped: 0.0005470 seconds, Stopping threads took: 0.0000620 seconds
299.689: Application time: 0.0649040 seconds
299.689: [GC299.690: [ParNew: 15479K->622K(16640K), 0.0004400 secs] 44034K->29367K(55552K), 0.0004730 secs] [Times: user=0.00 sys=0.00, real=0.00 secs] 
299.690: Total time for which application threads were stopped: 0.0005830 seconds, Stopping threads took: 0.0000530 seconds
299.738: Application time: 0.0482380 seconds
299.738: [GC299.738: [ParNew: 15468K->447K(16640K), 0.0004360 secs] 44213K->29382K(55552K), 0.0004630 secs] [Times: user=0.00 sys=0.00, real=0.00 secs] 
299.739: Total time for which application threads were stopped: 0.0005800 seconds, Stopping threads took: 0.0000580 seconds
299.804: Application time: 0.0647460 seconds
299.804: [GC299.804: [ParNew: 15294K->419K(16640K), 0.0003420 secs] 44229K->29355K(55552K), 0.0003670 secs] [Times: user=0.00 sys=0.00, real=0.00 secs] 
299.804: Total time for which application threads were stopped: 0.0004770 seconds, Stopping threads took: 0.0000520 seconds
299.870: Application time: 0.0658230 seconds
299.870: [GC299.870: [ParNew: 15267K->619K(16640K), 0.0003790 secs] 44202K->29554K(55552K), 0.0004020 secs] [Times: user=0.00 sys=0.00, real=0.00 secs] 
299.870: Total time for which application threads were stopped: 0.0004910 seconds, Stopping threads took: 0.0000460 seconds
299.919: Application time: 0.0483200 seconds
299.919: [GC299.919: [ParNew: 15465K->416K(16640K), 0.0003770 secs] 44401K->29351K(55552K), 0.0004040 secs] [Times: user=0.00 sys=0.00, real=0.01 secs] 
299.919: Total time for which application threads were stopped: 0.0005040 seconds, Stopping threads took: 0.0000500 seconds
299.981: Application time: 0.0621380 seconds
299.981: [GC299.981: [ParNew: 15260K->659K(16640K), 0.0004110 secs] 44195K->29594K(55552K), 0.0004390 secs] [Times: user=0.00 sys=0.00, real=0.00 secs] 
299.982: Total time for which application threads were stopped: 0.0005890 seconds, Stopping threads took: 0.0000870 seconds
300.048: Application time: 0.0660900 seconds
300.048: [GC300.048: [ParNew: 15506K->711K(16640K), 0.0004090 secs] 44441K->29646K(55552K), 0.0004360 secs] [Times: user=0.01 sys=0.00, real=0.00 secs] 
300.049: Total time for which application threads were stopped: 0.0005570 seconds, Stopping threads took: 0.0000630 seconds
300.114: Application time: 0.0657740 seconds
300.114: [GC300.114: [ParNew: 15559K->678K(16640K), 0.0004310 secs] 44494K->29614K(55552K), 0.0004570 secs] [Times: user=0.00 sys=0.00, real=0.00 secs] 
300.115: Total time for which application threads were stopped: 0.0005720 seconds, Stopping threads took: 0.0000580 seconds
300.179: Application time: 0.0643540 seconds
300.179: [GC300.179: [ParNew: 15523K->755K(16640K), 0.0004320 secs] 44458K->29690K(55552K), 0.0004580 secs] [Times: user=0.00 sys=0.00, real=0.00 secs] 
300.180: Total time for which application threads were stopped: 0.0005770 seconds, Stopping threads took: 0.0000680 seconds
300.246: Application time: 0.0665460 seconds
300.246: [GC300.247: [ParNew: 15602K->748K(16640K), 0.0004120 secs] 44537K->29683K(55552K), 0.0004400 secs] [Times: user=0.01 sys=0.00, real=0.00 secs] 
300.247: Total time for which application threads were stopped: 0.0005650 seconds, Stopping threads took: 0.0000680 seconds
300.312: Application time: 0.0649200 seconds
300.312: [GC300.312: [ParNew: 15594K->730K(16640K), 0.0004980 secs] 44530K->29666K(55552K), 0.0005230 secs] [Times: user=0.00 sys=0.00, real=0.00 secs] 
300.313: Total time for which application threads were stopped: 0.0006410 seconds, Stopping threads took: 0.0000590 seconds
300.379: Application time: 0.0667690 seconds
300.379: [GC300.379: [ParNew: 15578K->542K(16640K), 0.0004670 secs] 44513K->29724K(55552K), 0.0004940 secs] [Times: user=0.01 sys=0.00, real=0.00 secs] 
300.380: Total time for which application threads were stopped: 0.0006030 seconds, Stopping threads took: 0.0000550 seconds
300.447: Application time: 0.0673380 seconds
300.447: [GC300.447: [ParNew: 15387K->437K(16640K), 0.0003710 secs] 44570K->29620K(55552K), 0.0003980 secs] [Times: user=0.00 sys=0.00, real=0.00 secs] 
300.448: Total time for which application threads were stopped: 0.0005280 seconds, Stopping threads took: 0.0000720 seconds
300.506: Application time: 0.0585390 seconds
300.507: [GC300.507: [ParNew: 15283K->668K(16640K), 0.0005240 secs] 44466K->29850K(55552K), 0.0005620 secs] [Times: user=0.00 sys=0.00, real=0.01 secs] 
300.507: Total time for which application threads were stopped: 0.0010500 seconds, Stopping threads took: 0.0004080 seconds
300.545: Application time: 0.0371590 seconds
300.545: [GC300.545: [ParNew: 15515K->887K(16640K), 0.0005200 secs] 44698K->30288K(55552K), 0.0005460 secs] [Times: user=0.00 sys=0.00, real=0.00 secs] 
300.545: Total time for which application threads were stopped: 0.0006440 seconds, Stopping threads took: 0.0000410 seconds
300.577: Application time: 0.0319720 seconds
300.577: [GC300.577: [ParNew: 15731K->1102K(16640K), 0.0005020 secs] 45132K->30503K(55552K), 0.0005280 secs] [Times: user=0.00 sys=0.00, real=0.00 secs] 
300.578: Total time for which application threads were stopped: 0.0006420 seconds, Stopping threads took: 0.0000620 seconds
300.622: Application time: 0.0439080 seconds
300.622: [GC300.622: [ParNew: 15946K->1242K(16640K), 0.0005470 secs] 45347K->30833K(55552K), 0.0005750 secs] [Times: user=0.01 sys=0.00, real=0.00 secs] 
300.622: Total time for which application threads were stopped: 0.0006730 seconds, Stopping threads took: 0.0000470 seconds
300.674: Application time: 0.0515480 seconds
300.674: [GC300.674: [ParNew: 16088K->1106K(16640K), 0.0005500 secs] 45679K->30784K(55552K), 0.0005770 secs] [Times: user=0.00 sys=0.00, real=0.00 secs] 
300.675: Total time for which application threads were stopped: 0.0007010 seconds, Stopping threads took: 0.0000720 seconds
300.738: Application time: 0.0633640 seconds
300.738: [GC300.738: [ParNew: 15950K->921K(16640K), 0.0004820 secs] 45628K->30846K(55552K), 0.0005090 secs] [Times: user=0.00 sys=0.00, real=0.00 secs] 
300.739: Total time for which application threads were stopped: 0.0006100 seconds, Stopping threads took: 0.0000460 seconds
300.804: Application time: 0.0649730 seconds
300.804: [GC300.804: [ParNew: 15769K->777K(16640K), 0.0004920 secs] 45693K->30701K(55552K), 0.0005190 secs] [Times: user=0.00 sys=0.00, real=0.00 secs] 
300.804: Total time for which application threads were stopped: 0.0006420 seconds, Stopping threads took: 0.0000640 seconds
300.869: Application time: 0.0649880 seconds
300.869: [GC300.869: [ParNew: 15624K->845K(16640K), 0.0005520 secs] 45548K->30769K(55552K), 0.0005790 secs] [Times: user=0.01 sys=0.00, real=0.00 secs] 
300.870: Total time for which application threads were stopped: 0.0006890 seconds, Stopping threads took: 0.0000570 seconds
300.934: Application time: 0.0638250 seconds
300.934: [GC300.934: [ParNew: 15689K->1048K(16640K), 0.0004520 secs] 45614K->30973K(55552K), 0.0004800 secs] [Times: user=0.00 sys=0.00, real=0.00 secs] 
300.934: Total time for which application threads were stopped: 0.0006030 seconds, Stopping threads took: 0.0000700 seconds
300.995: Application time: 0.0603810 seconds
300.995: [GC300.995: [ParNew: 15892K->1090K(16640K), 0.0005280 secs] 45816K->31015K(55552K), 0.0005550 secs] [Times: user=0.00 sys=0.00, real=0.00 secs] 
300.995: Total time for which application threads were stopped: 0.0006900 seconds, Stopping threads took: 0.0000760 seconds
301.060: Application time: 0.0649310 seconds
301.060: [GC301.060: [ParNew: 15935K->1124K(16640K), 0.0004800 secs] 45861K->31050K(55552K), 0.0005070 secs] [Times: user=0.00 sys=0.00, real=0.00 secs] 
301.061: Total time for which application threads were stopped: 0.0006390 seconds, Stopping threads took: 0.0000650 seconds
301.128: Application time: 0.0669520 seconds
301.128: [GC301.128: [ParNew: 15971K->942K(16640K), 0.0004920 secs] 45897K->31057K(55552K), 0.0005190 secs] [Times: user=0.01 sys=0.00, real=0.00 secs] 
301.129: Total time for which application threads were stopped: 0.0006510 seconds, Stopping threads took: 0.0000790 seconds
301.195: Application time: 0.0667080 seconds
301.195: [GC301.195: [ParNew: 15789K->804K(16640K), 0.0005490 secs] 45905K->30919K(55552K), 0.0005710 secs] [Times: user=0.00 sys=0.00, real=0.00 secs] 
301.196: Total time for which application threads were stopped: 0.0007060 seconds, Stopping threads took: 0.0000710 seconds
301.248: Application time: 0.0516090 seconds
301.251: [GC301.251: [ParNew: 15650K->1015K(16640K), 0.0004980 secs] 45766K->31131K(55552K), 0.0005250 secs] [Times: user=0.00 sys=0.00, real=0.00 secs] 
301.252: Total time for which application threads were stopped: 0.0040800 seconds, Stopping threads took: 0.0034970 seconds
301.314: Application time: 0.0618980 seconds
301.314: [GC301.314: [ParNew: 15859K->566K(16640K), 0.0005220 secs] 45974K->31252K(55552K), 0.0005490 secs] [Times: user=0.00 sys=0.00, real=0.00 secs] 
301.314: Total time for which application threads were stopped: 0.0006700 seconds, Stopping threads took: 0.0000630 seconds
301.381: Application time: 0.0666240 seconds
301.381: [GC301.381: [ParNew: 15410K->442K(16640K), 0.0003300 secs] 46096K->31127K(55552K), 0.0003560 secs] [Times: user=0.00 sys=0.00, real=0.00 secs] 
301.381: Total time for which application threads were stopped: 0.0004550 seconds, Stopping threads took: 0.0000500 seconds
301.448: Application time: 0.0665700 seconds
301.448: [GC301.448: [ParNew: 15289K->244K(16640K), 0.0004040 secs] 45975K->31120K(55552K), 0.0004310 secs] [Times: user=0.00 sys=0.00, real=0.00 secs] 
301.448: Total time for which application threads were stopped: 0.0005670 seconds, Stopping threads took: 0.0000780 seconds
301.495: Application time: 0.0469000 seconds
301.495: [GC301.495: [ParNew: 15088K->395K(16640K), 0.0003540 secs] 45964K->31271K(55552K), 0.0003810 secs] [Times: user=0.00 sys=0.00, real=0.00 secs] 
301.496: Total time for which application threads were stopped: 0.0004940 seconds, Stopping threads took: 0.0000560 seconds
301.561: Application time: 0.0647820 seconds
301.561: [GC301.561: [ParNew: 15240K->413K(16640K), 0.0003930 secs] 46116K->31289K(55552K), 0.0004190 secs] [Times: user=0.00 sys=0.00, real=0.00 secs] 
301.561: Total time for which application threads were stopped: 0.0005260 seconds, Stopping threads took: 0.0000490 seconds
301.618: Application time: 0.0566140 seconds
301.618: [GC301.618: [ParNew: 15257K->585K(16640K), 0.0004610 secs] 46133K->31461K(55552K), 0.0004880 secs] [Times: user=0.01 sys=0.00, real=0.00 secs] 
301.618: Total time for which application threads were stopped: 0.0006160 seconds, Stopping threads took: 0.0000620 seconds
301.672: Application time: 0.0540330 seconds
301.673: [GC301.673: [ParNew: 15432K->642K(16640K), 0.0004280 secs] 46308K->31518K(55552K), 0.0004540 secs] [Times: user=0.00 sys=0.00, real=0.00 secs] 
301.673: Total time for which application threads were stopped: 0.0005530 seconds, Stopping threads took: 0.0000480 seconds
301.738: Application time: 0.0649290 seconds
301.738: [GC301.738: [ParNew: 15488K->672K(16640K), 0.0004360 secs] 46364K->31548K(55552K), 0.0004620 secs] [Times: user=0.01 sys=0.00, real=0.00 secs] 
301.739: Total time for which application threads were stopped: 0.0006060 seconds, Stopping threads took: 0.0000880 seconds
301.805: Application time: 0.0668980 seconds
301.806: [GC301.806: [ParNew: 15517K->662K(16640K), 0.0003950 secs] 46393K->31538K(55552K), 0.0004200 secs] [Times: user=0.00 sys=0.00, real=0.00 secs] 
301.806: Total time for which application threads were stopped: 0.0005280 seconds, Stopping threads took: 0.0000540 seconds
301.873: Application time: 0.0666090 seconds
301.873: [GC301.873: [ParNew: 15508K->705K(16640K), 0.0004600 secs] 46383K->31581K(55552K), 0.0004890 secs] [Times: user=0.01 sys=0.00, real=0.00 secs] 
301.873: Total time for which application threads were stopped: 0.0005980 seconds, Stopping threads took: 0.0000560 seconds
301.937: Application time: 0.0640320 seconds
301.937: [GC301.937: [ParNew: 15553K->713K(16640K), 0.0005240 secs] 46428K->31590K(55552K), 0.0005480 secs] [Times: user=0.00 sys=0.00, real=0.00 secs] 
301.938: Total time for which application threads were stopped: 0.0006570 seconds, Stopping threads took: 0.0000570 seconds
302.005: Application time: 0.0673430 seconds
302.005: [GC302.005: [ParNew: 15561K->718K(16640K), 0.0004540 secs] 46437K->31594K(55552K), 0.0004880 secs] [Times: user=0.01 sys=0.00, real=0.00 secs] 
302.006: Total time for which application threads were stopped: 0.0005960 seconds, Stopping threads took: 0.0000510 seconds
302.071: Application time: 0.0651430 seconds
302.071: [GC302.071: [ParNew: 15563K->590K(16640K), 0.0004900 secs] 46439K->31684K(55552K), 0.0005160 secs] [Times: user=0.00 sys=0.00, real=0.00 secs] 
302.072: Total time for which application threads were stopped: 0.0006320 seconds, Stopping threads took: 0.0000580 seconds
302.139: Application time: 0.0673010 seconds
302.139: [GC302.139: [ParNew: 15437K->455K(16640K), 0.0004450 secs] 46532K->31578K(55552K), 0.0004720 secs] [Times: user=0.00 sys=0.00, real=0.01 secs] 
302.139: Total time for which application threads were stopped: 0.0005940 seconds, Stopping threads took: 0.0000520 seconds
302.207: Application time: 0.0672960 seconds
302.207: [GC302.207: [ParNew: 15303K->460K(16640K), 0.0003650 secs] 46426K->31584K(55552K), 0.0003940 secs] [Times: user=0.00 sys=0.00, real=0.01 secs] 
302.207: Total time for which application threads were stopped: 0.0005190 seconds, Stopping threads took: 0.0000670 seconds
302.261: Application time: 0.0538860 seconds
302.261: [GC302.261: [ParNew: 15306K->689K(16640K), 0.0004270 secs] 46430K->31813K(55552K), 0.0004530 secs] [Times: user=0.01 sys=0.00, real=0.00 secs] 
302.262: Total time for which application threads were stopped: 0.0005590 seconds, Stopping threads took: 0.0000460 seconds
302.303: Application time: 0.0411160 seconds
302.303: [GC302.303: [ParNew: 15535K->1054K(16640K), 0.0005760 secs] 46658K->32396K(55552K), 0.0006020 secs] [Times: user=0.00 sys=0.01, real=0.00 secs] 
302.304: Total time for which application threads were stopped: 0.0007240 seconds, Stopping threads took: 0.0000640 seconds
302.335: Application time: 0.0316760 seconds
302.335: [GC302.335: [ParNew: 15899K->881K(16640K), 0.0006300 secs] 47241K->32413K(55552K), 0.0006570 secs] [Times: user=0.00 sys=0.00, real=0.00 secs] 
302.336: Total time for which application threads were stopped: 0.0007630 seconds, Stopping threads took: 0.0000470 seconds
302.377: Application time: 0.0407640 seconds
302.377: [GC302.377: [ParNew: 15729K->1165K(16640K), 0.0005220 secs] 47261K->32697K(55552K), 0.0005460 secs] [Times: user=0.01 sys=0.00, real=0.00 secs] 
302.377: Total time for which application threads were stopped: 0.0006420 seconds, Stopping threads took: 0.0000460 seconds
302.433: Application time: 0.0558460 seconds
302.433: [GC302.433: [ParNew: 16009K->1232K(16640K), 0.0005340 secs] 47541K->32822K(55552K), 0.0005610 secs] [Times: user=0.00 sys=0.00, real=0.00 secs] 
302.434: Total time for which application threads were stopped: 0.0006910 seconds, Stopping threads took: 0.0000750 seconds
302.498: Application time: 0.0641400 seconds
302.498: [GC302.498: [ParNew: 16080K->919K(16640K), 0.0005780 secs] 47670K->32784K(55552K), 0.0006070 secs] [Times: user=0.01 sys=0.00, real=0.00 secs] 
302.499: Total time for which application threads were stopped: 0.0007410 seconds, Stopping threads took: 0.0000760 seconds
302.564: Application time: 0.0654890 seconds
302.564: [GC302.564: [ParNew: 15767K->895K(16640K), 0.0004240 secs] 47632K->32760K(55552K), 0.0004500 secs] [Times: user=0.00 sys=0.00, real=0.00 secs] 
302.565: Total time for which application threads were stopped: 0.0005700 seconds, Stopping threads took: 0.0000630 seconds
302.630: Application time: 0.0654790 seconds
302.630: [GC302.631: [ParNew: 15742K->896K(16640K), 0.0004240 secs] 47607K->32761K(55552K), 0.0004500 secs] [Times: user=0.00 sys=0.00, real=0.00 secs] 
302.631: Total time for which application threads were stopped: 0.0005510 seconds, Stopping threads took: 0.0000490 seconds
302.695: Application time: 0.0637860 seconds
302.699: [GC302.699: [ParNew: 15740K->1060K(16640K), 0.0004690 secs] 47605K->32926K(55552K), 0.0004960 secs] [Times: user=0.00 sys=0.00, real=0.00 secs] 
302.700: Total time for which application threads were stopped: 0.0048930 seconds, Stopping threads took: 0.0043300 seconds
302.761: Application time: 0.0609120 seconds
302.761: [GC302.761: [ParNew: 15905K->1114K(16640K), 0.0004810 secs] 47770K->32980K(55552K), 0.0005170 secs] [Times: user=0.01 sys=0.00, real=0.00 secs] 
302.761: Total time for which application threads were stopped: 0.0006180 seconds, Stopping threads took: 0.0000420 seconds
302.826: Application time: 0.0649530 seconds
302.826: [GC302.826: [ParNew: 15960K->1096K(16640K), 0.0005230 secs] 47826K->32963K(55552K), 0.0005510 secs] [Times: user=0.00 sys=0.00, real=0.00 secs] 
302.827: Total time for which application threads were stopped: 0.0006650 seconds, Stopping threads took: 0.0000630 seconds
302.895: Application time: 0.0683540 seconds
302.895: [GC302.895: [ParNew: 15942K->897K(16640K), 0.0004850 secs] 47808K->32953K(55552K), 0.0005100 secs] [Times: user=0.00 sys=0.00, real=0.00 secs] 
302.896: Total time for which application threads were stopped: 0.0006140 seconds, Stopping threads took: 0.0000530 seconds
302.959: Application time: 0.0636930 seconds
302.960: [GC302.960: [ParNew: 15744K->1009K(16640K), 0.0005830 secs] 47801K->33065K(55552K), 0.0006100 secs] [Times: user=0.01 sys=0.00, real=0.00 secs] 
302.960: Total time for which application threads were stopped: 0.0007110 seconds, Stopping threads took: 0.0000420 seconds
303.010: Application time: 0.0497190 seconds
303.010: [GC303.010: [ParNew: 15856K->544K(16640K), 0.0004920 secs] 47912K->33171K(55552K), 0.0005210 secs] [Times: user=0.00 sys=0.00, real=0.00 secs] 
303.011: Total time for which application threads were stopped: 0.0006350 seconds, Stopping threads took: 0.0000540 seconds
303.075: Application time: 0.0649640 seconds
303.076: [GC303.076: [ParNew: 15389K->413K(16640K), 0.0003820 secs] 48015K->33039K(55552K), 0.0004080 secs] [Times: user=0.00 sys=0.00, real=0.00 secs] 
303.076: Total time for which application threads were stopped: 0.0005190 seconds, Stopping threads took: 0.0000590 seconds
303.142: Application time: 0.0663990 seconds
303.143: [GC303.143: [ParNew: 15260K->438K(16640K), 0.0004260 secs] 47886K->33064K(55552K), 0.0004510 secs] [Times: user=0.01 sys=0.00, real=0.00 secs] 
303.143: Total time for which application threads were stopped: 0.0005740 seconds, Stopping threads took: 0.0000700 seconds
303.207: Application time: 0.0638970 seconds
303.207: [GC303.207: [ParNew: 15285K->442K(16640K), 0.0004120 secs] 47912K->33258K(55552K), 0.0004430 secs] [Times: user=0.01 sys=0.00, real=0.01 secs] 
303.207: Total time for which application threads were stopped: 0.0005780 seconds, Stopping threads took: 0.0000700 seconds
303.257: Application time: 0.0496260 seconds
303.257: [GC303.257: [ParNew: 15286K->408K(16640K), 0.0003580 secs] 48102K->33224K(55552K), 0.0003850 secs] [Times: user=0.01 sys=0.00, real=0.00 secs] 
303.258: Total time for which application threads were stopped: 0.0005020 seconds, Stopping threads took: 0.0000580 seconds
303.323: Application time: 0.0649240 seconds
303.323: [GC303.323: [ParNew: 15255K->399K(16640K), 0.0003720 secs] 48071K->33216K(55552K), 0.0003990 secs] [Times: user=0.01 sys=0.00, real=0.00 secs] 
303.323: Total time for which application threads were stopped: 0.0005090 seconds, Stopping threads took: 0.0000530 seconds
303.374: Application time: 0.0505920 seconds
303.374: [GC303.374: [ParNew: 15243K->602K(16640K), 0.0003900 secs] 48060K->33419K(55552K), 0.0004160 secs] [Times: user=0.00 sys=0.00, real=0.00 secs] 
303.374: Total time for which application threads were stopped: 0.0005320 seconds, Stopping threads took: 0.0000630 seconds
303.434: Application time: 0.0596160 seconds
303.434: [GC303.434: [ParNew: 15448K->659K(16640K), 0.0004160 secs] 48265K->33476K(55552K), 0.0004430 secs] [Times: user=0.01 sys=0.00, real=0.00 secs] 
303.434: Total time for which application threads were stopped: 0.0005500 seconds, Stopping threads took: 0.0000530 seconds
303.499: Application time: 0.0646420 seconds
303.499: [GC303.499: [ParNew: 15504K->693K(16640K), 0.0004290 secs] 48321K->33510K(55552K), 0.0004550 secs] [Times: user=0.00 sys=0.00, real=0.00 secs] 
303.500: Total time for which application threads were stopped: 0.0005860 seconds, Stopping threads took: 0.0000660 seconds
303.566: Application time: 0.0663560 seconds
303.566: [GC303.566: [ParNew: 15538K->698K(16640K), 0.0004000 secs] 48355K->33514K(55552K), 0.0004270 secs] [Times: user=0.00 sys=0.00, real=0.00 secs] 
303.566: Total time for which application threads were stopped: 0.0005510 seconds, Stopping threads took: 0.0000660 seconds
303.632: Application time: 0.0651760 seconds
303.632: [GC303.632: [ParNew: 15542K->709K(16640K), 0.0004770 secs] 48359K->33526K(55552K), 0.0005030 secs] [Times: user=0.01 sys=0.00, real=0.00 secs] 
303.632: Total time for which application threads were stopped: 0.0006020 seconds, Stopping threads took: 0.0000490 seconds
303.698: Application time: 0.0657480 seconds
303.698: [GC303.698: [ParNew: 15557K->747K(16640K), 0.0004520 secs] 48373K->33564K(55552K), 0.0004790 secs] [Times: user=0.01 sys=0.00, real=0.00 secs] 
303.699: Total time for which application threads were stopped: 0.0006000 seconds, Stopping threads took: 0.0000650 seconds
303.765: Application time: 0.0660900 seconds
303.765: [GC303.765: [ParNew: 15592K->784K(16640K), 0.0004660 secs] 48409K->33601K(55552K), 0.0004920 secs] [Times: user=0.00 sys=0.00, real=0.00 secs] 
303.765: Total time for which application threads were stopped: 0.0006210 seconds, Stopping threads took: 0.0000610 seconds
303.832: Application time: 0.0663400 seconds
303.832: [GC303.832: [ParNew: 15629K->527K(16640K), 0.0004470 secs] 48445K->33563K(55552K), 0.0004690 secs] [Times: user=0.00 sys=0.00, real=0.00 secs] 
303.832: Total time for which application threads were stopped: 0.0005700 seconds, Stopping threads took: 0.0000480 seconds
303.901: Application time: 0.0685160 seconds
303.901: [GC303.901: [ParNew: 15375K->476K(16640K), 0.0004020 secs] 48410K->33540K(55552K), 0.0004300 secs] [Times: user=0.01 sys=0.00, real=0.00 secs] 
303.901: Total time for which application threads were stopped: 0.0005430 seconds, Stopping threads took: 0.0000580 seconds
303.968: Application time: 0.0669170 seconds
303.968: [GC303.968: [ParNew: 15324K->470K(16640K), 0.0004260 secs] 48388K->33534K(55552K), 0.0004520 secs] [Times: user=0.00 sys=0.00, real=0.00 secs] 
303.969: Total time for which application threads were stopped: 0.0005700 seconds, Stopping threads took: 0.0000590 seconds
304.018: Application time: 0.0488660 seconds
304.018: [GC304.018: [ParNew: 15315K->842K(16640K), 0.0004960 secs] 48379K->33906K(55552K), 0.0005220 secs] [Times: user=0.00 sys=0.00, real=0.00 secs] 
304.018: Total time for which application threads were stopped: 0.0006250 seconds, Stopping threads took: 0.0000460 seconds
304.057: Application time: 0.0386000 seconds
304.057: [GC304.057: [ParNew: 15688K->1063K(16640K), 0.0005530 secs] 48752K->34346K(55552K), 0.0005780 secs] [Times: user=0.00 sys=0.00, real=0.00 secs] 
304.058: Total time for which application threads were stopped: 0.0006770 seconds, Stopping threads took: 0.0000420 seconds
304.091: Application time: 0.0331190 seconds
304.091: [GC304.091: [ParNew: 15908K->1166K(16640K), 0.0005580 secs] 49191K->34639K(55552K), 0.0005840 secs] [Times: user=0.01 sys=0.00, real=0.00 secs] 
304.091: Total time for which application threads were stopped: 0.0006990 seconds, Stopping threads took: 0.0000580 seconds
304.131: Application time: 0.0398410 seconds
304.131: [GC304.131: [ParNew: 16012K->1146K(16640K), 0.0005980 secs] 49485K->34677K(55552K), 0.0006250 secs] [Times: user=0.00 sys=0.00, real=0.00 secs] 
304.132: Total time for which application threads were stopped: 0.0007350 seconds, Stopping threads took: 0.0000550 seconds
304.193: Application time: 0.0609880 seconds
304.193: [GC304.193: [ParNew: 15991K->701K(16640K), 0.0005910 secs] 49521K->34698K(55552K), 0.0006180 secs] [Times: user=0.00 sys=0.00, real=0.00 secs] 
304.194: Total time for which application threads were stopped: 0.0007240 seconds, Stopping threads took: 0.0000500 seconds
304.258: Application time: 0.0642370 seconds
304.258: [GC304.258: [ParNew: 15548K->634K(16640K), 0.0003850 secs] 49546K->34631K(55552K), 0.0004200 secs] [Times: user=0.00 sys=0.00, real=0.00 secs] 
304.258: Total time for which application threads were stopped: 0.0005400 seconds, Stopping threads took: 0.0000620 seconds
304.324: Application time: 0.0654300 seconds
304.324: [GC304.324: [ParNew: 15481K->628K(16640K), 0.0004620 secs] 49478K->34625K(55552K), 0.0004870 secs] [Times: user=0.00 sys=0.00, real=0.00 secs] 
304.325: Total time for which application threads were stopped: 0.0006050 seconds, Stopping threads took: 0.0000590 seconds
304.390: Application time: 0.0654260 seconds
304.391: [GC304.391: [ParNew: 15476K->639K(16640K), 0.0004850 secs] 49473K->34636K(55552K), 0.0005170 secs] [Times: user=0.00 sys=0.00, real=0.00 secs] 
304.392: Total time for which application threads were stopped: 0.0017260 seconds, Stopping threads took: 0.0011460 seconds
304.455: Application time: 0.0634520 seconds
304.455: [GC304.455: [ParNew: 15486K->1038K(16640K), 0.0004500 secs] 49483K->35035K(55552K), 0.0004750 secs] [Times: user=0.00 sys=0.00, real=0.00 secs] 
304.456: Total time for which application threads were stopped: 0.0005790 seconds, Stopping threads took: 0.0000470 seconds
304.516: Application time: 0.0604570 seconds
304.516: [GC304.516: [ParNew: 15885K->1079K(16640K), 0.0006550 secs] 49882K->35076K(55552K), 0.0006870 secs] [Times: user=0.00 sys=0.00, real=0.00 secs] 
304.517: Total time for which application threads were stopped: 0.0007920 seconds, Stopping threads took: 0.0000470 seconds
304.583: Application time: 0.0656250 seconds
304.583: [GC304.583: [ParNew: 15923K->882K(16640K), 0.0005670 secs] 49920K->35069K(55552K), 0.0005960 secs] [Times: user=0.01 sys=0.00, real=0.00 secs] 
304.583: Total time for which application threads were stopped: 0.0007080 seconds, Stopping threads took: 0.0000590 seconds
304.650: Application time: 0.0670670 seconds
304.651: [GC304.651: [ParNew: 15729K->943K(16640K), 0.0004200 secs] 49917K->35131K(55552K), 0.0004460 secs] [Times: user=0.00 sys=0.00, real=0.00 secs] 
304.652: Total time for which application threads were stopped: 0.0012410 seconds, Stopping threads took: 0.0007390 seconds
304.707: Application time: 0.0552670 seconds
304.707: [GC304.707: [ParNew: 15789K->1019K(16640K), 0.0004660 secs] 49977K->35207K(55552K), 0.0004930 secs] [Times: user=0.00 sys=0.00, real=0.01 secs] 
304.707: Total time for which application threads were stopped: 0.0006110 seconds, Stopping threads took: 0.0000590 seconds
304.765: Application time: 0.0574320 seconds
304.765: [GC304.765: [ParNew: 15865K->456K(16640K), 0.0005150 secs] 50052K->35214K(55552K), 0.0005400 secs] [Times: user=0.01 sys=0.00, real=0.00 secs] 
304.766: Total time for which application threads were stopped: 0.0006480 seconds, Stopping threads took: 0.0000500 seconds
304.831: Application time: 0.0654670 seconds
304.831: [GC304.831: [ParNew: 15303K->438K(16640K), 0.0003610 secs] 50061K->35196K(55552K), 0.0003880 secs] [Times: user=0.00 sys=0.00, real=0.00 secs] 
304.832: Total time for which application threads were stopped: 0.0005190 seconds, Stopping threads took: 0.0000720 seconds
304.898: Application time: 0.0661630 seconds
304.898: [GC304.898: [ParNew: 15286K->414K(16640K), 0.0004220 secs] 50043K->35172K(55552K), 0.0004470 secs] [Times: user=0.00 sys=0.00, real=0.00 secs] 
304.898: Total time for which application threads were stopped: 0.0005610 seconds, Stopping threads took: 0.0000590 seconds
304.954: Application time: 0.0556260 seconds
304.954: [GC304.954: [ParNew: 15261K->405K(16640K), 0.0003970 secs] 50018K->35352K(55552K), 0.0004230 secs] [Times: user=0.00 sys=0.00, real=0.00 secs] 
304.954: Total time for which application threads were stopped: 0.0005360 seconds, Stopping threads took: 0.0000570 seconds
305.012: Application time: 0.0574500 seconds
305.012: [GC305.012: [ParNew: 15250K->414K(16640K), 0.0003760 secs] 50198K->35362K(55552K), 0.0004040 secs] [Times: user=0.00 sys=0.00, real=0.00 secs] 
305.012: Total time for which application threads were stopped: 0.0005470 seconds, Stopping threads took: 0.0000820 seconds
305.073: Application time: 0.0604900 seconds
305.073: [GC305.073: [ParNew: 15262K->613K(16640K), 0.0004500 secs] 50210K->35561K(55552K), 0.0004840 secs] [Times: user=0.00 sys=0.00, real=0.00 secs] 
305.074: Total time for which application threads were stopped: 0.0005970 seconds, Stopping threads took: 0.0000570 seconds
305.123: Application time: 0.0495150 seconds
305.123: [GC305.123: [ParNew: 15458K->654K(16640K), 0.0004270 secs] 50405K->35602K(55552K), 0.0004530 secs] [Times: user=0.01 sys=0.00, real=0.00 secs] 
305.124: Total time for which application threads were stopped: 0.0005570 seconds, Stopping threads took: 0.0000470 seconds
305.187: Application time: 0.0634490 seconds
305.187: [GC305.187: [ParNew: 15501K->684K(16640K), 0.0004500 secs] 50449K->35631K(55552K), 0.0004780 secs] [Times: user=0.00 sys=0.00, real=0.00 secs] 
305.188: Total time for which application threads were stopped: 0.0005850 seconds, Stopping threads took: 0.0000540 seconds
305.254: Application time: 0.0658890 seconds
305.254: [GC305.254: [ParNew: 15531K->714K(16640K), 0.0004020 secs] 50479K->35662K(55552K), 0.0004290 secs] [Times: user=0.00 sys=0.00, real=0.00 secs] 
305.254: Total time for which application threads were stopped: 0.0005400 seconds, Stopping threads took: 0.0000540 seconds
305.320: Application time: 0.0660290 seconds
305.320: [GC305.320: [ParNew: 15561K->713K(16640K), 0.0004420 secs] 50509K->35661K(55552K), 0.0004700 secs] [Times: user=0.00 sys=0.00, real=0.00 secs] 
305.321: Total time for which application threads were stopped: 0.0005740 seconds, Stopping threads took: 0.0000460 seconds
305.385: Application time: 0.0640240 seconds
305.385: [GC305.385: [ParNew: 15561K->734K(16640K), 0.0004800 secs] 50508K->35682K(55552K), 0.0005060 secs] [Times: user=0.00 sys=0.00, real=0.00 secs] 
305.385: Total time for which application threads were stopped: 0.0006220 seconds, Stopping threads took: 0.0000590 seconds
305.452: Application time: 0.0667110 seconds
305.452: [GC305.452: [ParNew: 15580K->770K(16640K), 0.0004180 secs] 50528K->35718K(55552K), 0.0004430 secs] [Times: user=0.00 sys=0.00, real=0.00 secs] 
305.453: Total time for which application threads were stopped: 0.0005730 seconds, Stopping threads took: 0.0000750 seconds
305.517: Application time: 0.0648510 seconds
305.518: [GC305.518: [ParNew: 15617K->718K(16640K), 0.0005140 secs] 50565K->35694K(55552K), 0.0005400 secs] [Times: user=0.01 sys=0.00, real=0.00 secs] 
305.518: Total time for which application threads were stopped: 0.0006500 seconds, Stopping threads took: 0.0000520 seconds
305.585: Application time: 0.0667930 seconds
305.585: [GC305.585: [ParNew: 15565K->585K(16640K), 0.0004450 secs] 50542K->35780K(55552K), 0.0004710 secs] [Times: user=0.00 sys=0.00, real=0.00 secs] 
305.585: Total time for which application threads were stopped: 0.0005850 seconds, Stopping threads took: 0.0000630 seconds
305.653: Application time: 0.0674030 seconds
305.653: [GC305.653: [ParNew: 15432K->464K(16640K), 0.0003990 secs] 50627K->35659K(55552K), 0.0004240 secs] [Times: user=0.00 sys=0.00, real=0.00 secs] 
305.653: Total time for which application threads were stopped: 0.0005510 seconds, Stopping threads took: 0.0000710 seconds
305.720: Application time: 0.0662770 seconds
305.720: [GC305.720: [ParNew: 15220K->538K(16640K), 0.0004070 secs] 50415K->35733K(55552K), 0.0004330 secs] [Times: user=0.00 sys=0.00, real=0.00 secs] 
305.720: Total time for which application threads were stopped: 0.0005540 seconds, Stopping threads took: 0.0000630 seconds
305.766: Application time: 0.0453210 seconds
305.766: [GC305.766: [ParNew: 15383K->673K(16640K), 0.0005320 secs] 50578K->36087K(55552K), 0.0005590 secs] [Times: user=0.00 sys=0.00, real=0.00 secs] 
305.766: Total time for which application threads were stopped: 0.0006620 seconds, Stopping threads took: 0.0000440 seconds
305.800: Application time: 0.0338820 seconds
305.800: [GC305.800: [ParNew: 15520K->1041K(16640K), 0.0004890 secs] 50933K->36454K(55552K), 0.0005160 secs] [Times: user=0.01 sys=0.00, real=0.00 secs] 
305.801: Total time for which application threads were stopped: 0.0006170 seconds, Stopping threads took: 0.0000430 seconds
305.834: Application time: 0.0328030 seconds
305.834: [GC305.834: [ParNew: 15886K->1176K(16640K), 0.0005860 secs] 51299K->36780K(55552K), 0.0006210 secs] [Times: user=0.00 sys=0.00, real=0.00 secs] 
305.834: Total time for which application threads were stopped: 0.0007170 seconds, Stopping threads took: 0.0000410 seconds
305.880: Application time: 0.0459260 seconds
305.880: [GC305.880: [ParNew: 16024K->900K(16640K), 0.0006220 secs] 51627K->36809K(55552K), 0.0006500 secs] [Times: user=0.00 sys=0.00, real=0.00 secs] 
305.881: Total time for which application threads were stopped: 0.0007610 seconds, Stopping threads took: 0.0000580 seconds
305.881: Application time: 0.0000310 seconds
305.881: [GC [1 CMS-initial-mark: 35909K(38912K)] 36814K(55552K), 0.0001190 secs] [Times: user=0.00 sys=0.00, real=0.00 secs] 
305.881: Total time for which application threads were stopped: 0.0001780 seconds, Stopping threads took: 0.0000430 seconds
305.881: [CMS-concurrent-mark-start]
305.884: [CMS-concurrent-mark: 0.003/0.003 secs] [Times: user=0.02 sys=0.00, real=0.00 secs] 
305.884: [CMS-concurrent-preclean-start]
305.884: [CMS-concurrent-preclean: 0.000/0.000 secs] [Times: user=0.00 sys=0.00, real=0.00 secs] 
305.884: Application time: 0.0032220 seconds
305.884: [GC[YG occupancy: 1499 K (16640 K)]305.884: [Rescan (parallel) , 0.0001590 secs]305.885: [weak refs processing, 0.0000820 secs]305.885: [scrub string table, 0.0000920 secs] [1 CMS-remark: 35909K(38912K)] 37408K(55552K), 0.0003560 secs] [Times: user=0.00 sys=0.00, real=0.00 secs] 
305.885: Total time for which application threads were stopped: 0.0004280 seconds, Stopping threads took: 0.0000490 seconds
305.885: [CMS-concurrent-sweep-start]
305.887: [CMS-concurrent-sweep: 0.002/0.002 secs] [Times: user=0.00 sys=0.00, real=0.00 secs] 
305.887: [CMS-concurrent-reset-start]
305.887: [CMS-concurrent-reset: 0.000/0.000 secs] [Times: user=0.00 sys=0.00, real=0.00 secs] 
305.947: Application time: 0.0623800 seconds
305.947: [GC305.947: [ParNew: 15748K->939K(16640K), 0.0004790 secs] 18158K->3349K(55552K), 0.0005060 secs] [Times: user=0.01 sys=0.00, real=0.00 secs] 
305.948: Total time for which application threads were stopped: 0.0006090 seconds, Stopping threads took: 0.0000390 seconds
306.013: Application time: 0.0654610 seconds
306.013: [GC306.013: [ParNew: 15787K->958K(16640K), 0.0004410 secs] 18197K->3368K(55552K), 0.0004670 secs] [Times: user=0.00 sys=0.00, real=0.00 secs] 
306.014: Total time for which application threads were stopped: 0.0006050 seconds, Stopping threads took: 0.0000810 seconds
306.079: Application time: 0.0651340 seconds
306.079: [GC306.079: [ParNew: 15806K->921K(16640K), 0.0004280 secs] 18216K->3331K(55552K), 0.0004520 secs] [Times: user=0.00 sys=0.00, real=0.00 secs] 
306.080: Total time for which application threads were stopped: 0.0005630 seconds, Stopping threads took: 0.0000610 seconds
306.144: Application time: 0.0646150 seconds
306.144: [GC306.144: [ParNew: 15769K->1144K(16640K), 0.0005100 secs] 18179K->3554K(55552K), 0.0005320 secs] [Times: user=0.01 sys=0.00, real=0.00 secs] 
306.145: Total time for which application threads were stopped: 0.0006220 seconds, Stopping threads took: 0.0000360 seconds
306.208: Application time: 0.0627100 seconds
306.208: [GC306.208: [ParNew: 15988K->1114K(16640K), 0.0005340 secs] 18398K->3553K(55552K), 0.0005600 secs] [Times: user=0.00 sys=0.00, real=0.00 secs] 
306.208: Total time for which application threads were stopped: 0.0006570 seconds, Stopping threads took: 0.0000400 seconds
306.270: Application time: 0.0613090 seconds
306.271: [GC306.271: [ParNew: 15960K->1111K(16640K), 0.0005870 secs] 18399K->3550K(55552K), 0.0006150 secs] [Times: user=0.01 sys=0.00, real=0.00 secs] 
306.272: Total time for which application threads were stopped: 0.0022450 seconds, Stopping threads took: 0.0015700 seconds
306.339: Application time: 0.0668070 seconds
306.339: [GC306.339: [ParNew: 15956K->904K(16640K), 0.0005370 secs] 18396K->3533K(55552K), 0.0005640 secs] [Times: user=0.00 sys=0.00, real=0.01 secs] 
306.339: Total time for which application threads were stopped: 0.0006810 seconds, Stopping threads took: 0.0000550 seconds
306.406: Application time: 0.0670010 seconds
306.406: [GC306.406: [ParNew: 15751K->889K(16640K), 0.0004450 secs] 18381K->3519K(55552K), 0.0004710 secs] [Times: user=0.01 sys=0.00, real=0.00 secs] 
306.407: Total time for which application threads were stopped: 0.0006320 seconds, Stopping threads took: 0.0001040 seconds
306.462: Application time: 0.0546770 seconds
306.462: [GC306.462: [ParNew: 15735K->1116K(16640K), 0.0005130 secs] 18364K->3745K(55552K), 0.0005400 secs] [Times: user=0.01 sys=0.00, real=0.00 secs] 
306.462: Total time for which application threads were stopped: 0.0006780 seconds, Stopping threads took: 0.0000680 seconds
306.520: Application time: 0.0579520 seconds
306.520: [GC306.520: [ParNew: 15961K->275K(16640K), 0.0005060 secs] 18591K->3664K(55552K), 0.0005330 secs] [Times: user=0.00 sys=0.00, real=0.00 secs] 
306.521: Total time for which application threads were stopped: 0.0006660 seconds, Stopping threads took: 0.0000750 seconds
306.587: Application time: 0.0656590 seconds
306.587: [GC306.587: [ParNew: 15119K->227K(16640K), 0.0003270 secs] 18509K->3617K(55552K), 0.0003510 secs] [Times: user=0.00 sys=0.00, real=0.00 secs] 
306.587: Total time for which application threads were stopped: 0.0004490 seconds, Stopping threads took: 0.0000480 seconds
306.654: Application time: 0.0670870 seconds
306.654: [GC306.654: [ParNew: 15073K->211K(16640K), 0.0003120 secs] 18462K->3601K(55552K), 0.0003380 secs] [Times: user=0.00 sys=0.00, real=0.00 secs] 
306.655: Total time for which application threads were stopped: 0.0004510 seconds, Stopping threads took: 0.0000580 seconds
306.704: Application time: 0.0491780 seconds
306.704: [GC306.704: [ParNew: 15055K->393K(16640K), 0.0003530 secs] 18445K->3783K(55552K), 0.0003780 secs] [Times: user=0.01 sys=0.00, real=0.00 secs] 
306.704: Total time for which application threads were stopped: 0.0005010 seconds, Stopping threads took: 0.0000670 seconds
306.768: Application time: 0.0635140 seconds
306.768: [GC306.768: [ParNew: 15239K->394K(16640K), 0.0004450 secs] 18629K->3784K(55552K), 0.0004730 secs] [Times: user=0.00 sys=0.00, real=0.00 secs] 
306.768: Total time for which application threads were stopped: 0.0005980 seconds, Stopping threads took: 0.0000670 seconds
306.827: Application time: 0.0584890 seconds
306.827: [GC306.827: [ParNew: 15240K->598K(16640K), 0.0003840 secs] 18630K->3988K(55552K), 0.0004110 secs] [Times: user=0.00 sys=0.00, real=0.01 secs] 
306.827: Total time for which application threads were stopped: 0.0005180 seconds, Stopping threads took: 0.0000570 seconds
306.879: Application time: 0.0515160 seconds
306.879: [GC306.879: [ParNew: 15442K->629K(16640K), 0.0004560 secs] 18832K->4019K(55552K), 0.0004820 secs] [Times: user=0.00 sys=0.00, real=0.01 secs] 
306.879: Total time for which application threads were stopped: 0.0006040 seconds, Stopping threads took: 0.0000700 seconds
306.944: Application time: 0.0645060 seconds
306.944: [GC306.944: [ParNew: 15474K->672K(16640K), 0.0004610 secs] 18864K->4061K(55552K), 0.0004880 secs] [Times: user=0.00 sys=0.00, real=0.00 secs] 
306.945: Total time for which application threads were stopped: 0.0006000 seconds, Stopping threads took: 0.0000590 seconds
307.011: Application time: 0.0664350 seconds
307.011: [GC307.011: [ParNew: 15517K->678K(16640K), 0.0004800 secs] 18907K->4067K(55552K), 0.0005070 secs] [Times: user=0.00 sys=0.00, real=0.00 secs] 
307.012: Total time for which application threads were stopped: 0.0006420 seconds, Stopping threads took: 0.0000700 seconds
307.078: Application time: 0.0661850 seconds
307.078: [GC307.078: [ParNew: 15525K->696K(16640K), 0.0004530 secs] 18915K->4086K(55552K), 0.0004810 secs] [Times: user=0.00 sys=0.00, real=0.00 secs] 
307.078: Total time for which application threads were stopped: 0.0005930 seconds, Stopping threads took: 0.0000610 seconds
307.142: Application time: 0.0640370 seconds
307.143: [GC307.143: [ParNew: 15543K->717K(16640K), 0.0004460 secs] 18933K->4107K(55552K), 0.0004740 secs] [Times: user=0.00 sys=0.01, real=0.00 secs] 
307.143: Total time for which application threads were stopped: 0.0006020 seconds, Stopping threads took: 0.0000760 seconds
307.210: Application time: 0.0667500 seconds
307.211: [GC307.211: [ParNew: 15564K->775K(16640K), 0.0004170 secs] 18954K->4164K(55552K), 0.0004440 secs] [Times: user=0.00 sys=0.00, real=0.00 secs] 
307.212: Total time for which application threads were stopped: 0.0017630 seconds, Stopping threads took: 0.0012590 seconds
307.277: Application time: 0.0650580 seconds
307.277: [GC307.277: [ParNew: 15621K->568K(16640K), 0.0004770 secs] 19011K->4177K(55552K), 0.0005050 secs] [Times: user=0.00 sys=0.00, real=0.00 secs] 
307.277: Total time for which application threads were stopped: 0.0006200 seconds, Stopping threads took: 0.0000560 seconds
307.345: Application time: 0.0676290 seconds
307.345: [GC307.345: [ParNew: 15416K->457K(16640K), 0.0003880 secs] 19024K->4094K(55552K), 0.0004140 secs] [Times: user=0.00 sys=0.00, real=0.00 secs] 
307.345: Total time for which application threads were stopped: 0.0005340 seconds, Stopping threads took: 0.0000670 seconds
307.414: Application time: 0.0682190 seconds
307.414: [GC307.414: [ParNew: 15302K->438K(16640K), 0.0003990 secs] 18939K->4075K(55552K), 0.0004260 secs] [Times: user=0.00 sys=0.00, real=0.00 secs] 
307.414: Total time for which application threads were stopped: 0.0005690 seconds, Stopping threads took: 0.0000840 seconds
307.477: Application time: 0.0630980 seconds
307.477: [GC307.477: [ParNew: 15286K->654K(16640K), 0.0004070 secs] 18923K->4291K(55552K), 0.0004330 secs] [Times: user=0.01 sys=0.00, real=0.00 secs] 
307.478: Total time for which application threads were stopped: 0.0005600 seconds, Stopping threads took: 0.0000740 seconds
307.521: Application time: 0.0433620 seconds
307.521: [GC307.521: [ParNew: 15501K->823K(16640K), 0.0004790 secs] 19138K->4679K(55552K), 0.0005050 secs] [Times: user=0.01 sys=0.00, real=0.00 secs] 
307.522: Total time for which application threads were stopped: 0.0006260 seconds, Stopping threads took: 0.0000540 seconds
307.554: Application time: 0.0319900 seconds
307.554: [GC307.554: [ParNew: 15670K->1072K(16640K), 0.0005190 secs] 19526K->4927K(55552K), 0.0005450 secs] [Times: user=0.01 sys=0.00, real=0.00 secs] 
307.555: Total time for which application threads were stopped: 0.0006510 seconds, Stopping threads took: 0.0000490 seconds
307.591: Application time: 0.0366290 seconds
307.591: [GC307.591: [ParNew: 15917K->1210K(16640K), 0.0006320 secs] 19772K->5256K(55552K), 0.0006610 secs] [Times: user=0.00 sys=0.00, real=0.00 secs] 
307.592: Total time for which application threads were stopped: 0.0007720 seconds, Stopping threads took: 0.0000550 seconds
307.642: Application time: 0.0501820 seconds
307.642: [GC307.642: [ParNew: 16057K->827K(16640K), 0.0004910 secs] 20103K->5396K(55552K), 0.0005190 secs] [Times: user=0.00 sys=0.00, real=0.00 secs] 
307.643: Total time for which application threads were stopped: 0.0006650 seconds, Stopping threads took: 0.0000880 seconds
307.705: Application time: 0.0625320 seconds
307.705: [GC307.705: [ParNew: 15674K->785K(16640K), 0.0004300 secs] 20244K->5354K(55552K), 0.0004570 secs] [Times: user=0.01 sys=0.00, real=0.00 secs] 
307.706: Total time for which application threads were stopped: 0.0005680 seconds, Stopping threads took: 0.0000540 seconds
307.771: Application time: 0.0650470 seconds
307.771: [GC307.771: [ParNew: 15630K->831K(16640K), 0.0004310 secs] 20200K->5400K(55552K), 0.0004580 secs] [Times: user=0.00 sys=0.00, real=0.00 secs] 
307.772: Total time for which application threads were stopped: 0.0005760 seconds, Stopping threads took: 0.0000510 seconds
307.837: Application time: 0.0653450 seconds
307.837: [GC307.837: [ParNew: 15678K->885K(16640K), 0.0004440 secs] 20248K->5455K(55552K), 0.0004710 secs] [Times: user=0.00 sys=0.00, real=0.00 secs] 
307.837: Total time for which application threads were stopped: 0.0006090 seconds, Stopping threads took: 0.0000850 seconds
307.902: Application time: 0.0641750 seconds
307.902: [GC307.902: [ParNew: 15729K->1046K(16640K), 0.0005160 secs] 20299K->5615K(55552K), 0.0005490 secs] [Times: user=0.00 sys=0.00, real=0.00 secs] 
307.902: Total time for which application threads were stopped: 0.0006610 seconds, Stopping threads took: 0.0000560 seconds
307.963: Application time: 0.0608440 seconds
307.963: [GC307.963: [ParNew: 15889K->1073K(16640K), 0.0005070 secs] 20459K->5643K(55552K), 0.0005330 secs] [Times: user=0.01 sys=0.00, real=0.00 secs] 
307.964: Total time for which application threads were stopped: 0.0006340 seconds, Stopping threads took: 0.0000440 seconds
308.026: Application time: 0.0624480 seconds
308.026: [GC308.026: [ParNew: 15918K->1046K(16640K), 0.0005150 secs] 20488K->5617K(55552K), 0.0005420 secs] [Times: user=0.00 sys=0.00, real=0.00 secs] 
308.027: Total time for which application threads were stopped: 0.0006660 seconds, Stopping threads took: 0.0000520 seconds
308.094: Application time: 0.0666460 seconds
308.094: [GC308.094: [ParNew: 15894K->525K(16640K), 0.0005130 secs] 20464K->5665K(55552K), 0.0005410 secs] [Times: user=0.01 sys=0.00, real=0.00 secs] 
308.094: Total time for which application threads were stopped: 0.0006610 seconds, Stopping threads took: 0.0000650 seconds
308.161: Application time: 0.0666110 seconds
308.161: [GC308.161: [ParNew: 15372K->400K(16640K), 0.0004220 secs] 20513K->5541K(55552K), 0.0004490 secs] [Times: user=0.00 sys=0.00, real=0.00 secs] 
308.161: Total time for which application threads were stopped: 0.0005670 seconds, Stopping threads took: 0.0000610 seconds
308.208: Application time: 0.0466870 seconds
308.208: [GC308.208: [ParNew: 15244K->621K(16640K), 0.0003840 secs] 20384K->5762K(55552K), 0.0004110 secs] [Times: user=0.01 sys=0.00, real=0.00 secs] 
308.209: Total time for which application threads were stopped: 0.0005230 seconds, Stopping threads took: 0.0000550 seconds
308.274: Application time: 0.0649110 seconds
308.274: [GC308.274: [ParNew: 15466K->603K(16640K), 0.0004540 secs] 20606K->5744K(55552K), 0.0004810 secs] [Times: user=0.00 sys=0.00, real=0.00 secs] 
308.274: Total time for which application threads were stopped: 0.0005900 seconds, Stopping threads took: 0.0000500 seconds
308.340: Application time: 0.0663100 seconds
308.341: [GC308.341: [ParNew: 15451K->593K(16640K), 0.0004080 secs] 20591K->5734K(55552K), 0.0004360 secs] [Times: user=0.00 sys=0.00, real=0.00 secs] 
308.341: Total time for which application threads were stopped: 0.0005570 seconds, Stopping threads took: 0.0000670 seconds
308.402: Application time: 0.0612810 seconds
308.402: [GC308.402: [ParNew: 15424K->325K(16640K), 0.0004370 secs] 20565K->5846K(55552K), 0.0004630 secs] [Times: user=0.01 sys=0.00, real=0.00 secs] 
308.403: Total time for which application threads were stopped: 0.0005850 seconds, Stopping threads took: 0.0000660 seconds
308.455: Application time: 0.0517350 seconds
308.455: [GC308.455: [ParNew: 15173K->421K(16640K), 0.0003610 secs] 20694K->5942K(55552K), 0.0003900 secs] [Times: user=0.00 sys=0.00, real=0.00 secs] 
308.455: Total time for which application threads were stopped: 0.0004990 seconds, Stopping threads took: 0.0000510 seconds
308.520: Application time: 0.0653250 seconds
308.521: [GC308.521: [ParNew: 15268K->423K(16640K), 0.0003530 secs] 20789K->5944K(55552K), 0.0003790 secs] [Times: user=0.00 sys=0.00, real=0.00 secs] 
308.521: Total time for which application threads were stopped: 0.0004980 seconds, Stopping threads took: 0.0000620 seconds
308.573: Application time: 0.0520290 seconds
308.573: [GC308.573: [ParNew: 15270K->616K(16640K), 0.0004020 secs] 20791K->6136K(55552K), 0.0004280 secs] [Times: user=0.01 sys=0.00, real=0.00 secs] 
308.574: Total time for which application threads were stopped: 0.0005540 seconds, Stopping threads took: 0.0000590 seconds
308.632: Application time: 0.0581720 seconds
308.632: [GC308.632: [ParNew: 15461K->637K(16640K), 0.0004160 secs] 20982K->6158K(55552K), 0.0004420 secs] [Times: user=0.01 sys=0.00, real=0.00 secs] 
308.632: Total time for which application threads were stopped: 0.0005530 seconds, Stopping threads took: 0.0000620 seconds
308.697: Application time: 0.0652450 seconds
308.698: [GC308.698: [ParNew: 15482K->667K(16640K), 0.0004080 secs] 21003K->6188K(55552K), 0.0004410 secs] [Times: user=0.01 sys=0.00, real=0.00 secs] 
308.698: Total time for which application threads were stopped: 0.0005610 seconds, Stopping threads took: 0.0000660 seconds
308.765: Application time: 0.0666510 seconds
308.766: [GC308.766: [ParNew: 15512K->690K(16640K), 0.0005670 secs] 21033K->6211K(55552K), 0.0005940 secs] [Times: user=0.00 sys=0.00, real=0.00 secs] 
308.766: Total time for which application threads were stopped: 0.0015370 seconds, Stopping threads took: 0.0008800 seconds
308.831: Application time: 0.0645960 seconds
308.835: [GC308.835: [ParNew: 15538K->744K(16640K), 0.0005720 secs] 21059K->6265K(55552K), 0.0005990 secs] [Times: user=0.01 sys=0.00, real=0.00 secs] 
308.836: Total time for which application threads were stopped: 0.0049330 seconds, Stopping threads took: 0.0042820 seconds
308.902: Application time: 0.0664670 seconds
308.902: [GC308.902: [ParNew: 15592K->777K(16640K), 0.0004320 secs] 21113K->6298K(55552K), 0.0004600 secs] [Times: user=0.00 sys=0.00, real=0.00 secs] 
308.903: Total time for which application threads were stopped: 0.0005850 seconds, Stopping threads took: 0.0000670 seconds
308.971: Application time: 0.0680030 seconds
308.971: [GC308.971: [ParNew: 15622K->750K(16640K), 0.0004290 secs] 21143K->6271K(55552K), 0.0004540 secs] [Times: user=0.01 sys=0.00, real=0.00 secs] 
308.971: Total time for which application threads were stopped: 0.0005620 seconds, Stopping threads took: 0.0000500 seconds
309.037: Application time: 0.0656090 seconds
309.037: [GC309.037: [ParNew: 15596K->542K(16640K), 0.0004570 secs] 21117K->6282K(55552K), 0.0004850 secs] [Times: user=0.01 sys=0.00, real=0.00 secs] 
309.038: Total time for which application threads were stopped: 0.0005990 seconds, Stopping threads took: 0.0000600 seconds
309.105: Application time: 0.0676080 seconds
309.105: [GC309.105: [ParNew: 15389K->481K(16640K), 0.0003760 secs] 21129K->6249K(55552K), 0.0004040 secs] [Times: user=0.01 sys=0.00, real=0.00 secs] 
309.106: Total time for which application threads were stopped: 0.0005500 seconds, Stopping threads took: 0.0000770 seconds
309.173: Application time: 0.0673640 seconds
309.173: [GC309.173: [ParNew: 15329K->444K(16640K), 0.0004270 secs] 21097K->6212K(55552K), 0.0004510 secs] [Times: user=0.00 sys=0.00, real=0.00 secs] 
309.174: Total time for which application threads were stopped: 0.0005660 seconds, Stopping threads took: 0.0000550 seconds
309.228: Application time: 0.0542370 seconds
309.228: [GC309.228: [ParNew: 15290K->478K(16640K), 0.0004430 secs] 21058K->6465K(55552K), 0.0004700 secs] [Times: user=0.01 sys=0.00, real=0.00 secs] 
309.229: Total time for which application threads were stopped: 0.0006030 seconds, Stopping threads took: 0.0000750 seconds
309.279: Application time: 0.0506330 seconds
309.279: [GC309.279: [ParNew: 15322K->633K(16640K), 0.0003970 secs] 21309K->6620K(55552K), 0.0004220 secs] [Times: user=0.00 sys=0.00, real=0.00 secs] 
309.280: Total time for which application threads were stopped: 0.0005210 seconds, Stopping threads took: 0.0000420 seconds
309.311: Application time: 0.0310410 seconds
309.311: [GC309.311: [ParNew: 15479K->1073K(16640K), 0.0005700 secs] 21466K->7060K(55552K), 0.0005970 secs] [Times: user=0.00 sys=0.00, real=0.00 secs] 
309.311: Total time for which application threads were stopped: 0.0007090 seconds, Stopping threads took: 0.0000540 seconds
309.345: Application time: 0.0333330 seconds
309.345: [GC309.345: [ParNew: 15918K->1201K(16640K), 0.0005600 secs] 21905K->7378K(55552K), 0.0005870 secs] [Times: user=0.00 sys=0.00, real=0.00 secs] 
309.345: Total time for which application threads were stopped: 0.0006950 seconds, Stopping threads took: 0.0000510 seconds
309.401: Application time: 0.0551220 seconds
309.401: [GC309.401: [ParNew: 16048K->987K(16640K), 0.0005700 secs] 22225K->7441K(55552K), 0.0005970 secs] [Times: user=0.00 sys=0.00, real=0.00 secs] 
309.401: Total time for which application threads were stopped: 0.0007540 seconds, Stopping threads took: 0.0000930 seconds
309.465: Application time: 0.0633580 seconds
309.465: [GC309.465: [ParNew: 15833K->939K(16640K), 0.0004610 secs] 22286K->7392K(55552K), 0.0004890 secs] [Times: user=0.00 sys=0.00, real=0.00 secs] 
309.465: Total time for which application threads were stopped: 0.0006080 seconds, Stopping threads took: 0.0000610 seconds
309.531: Application time: 0.0654940 seconds
309.531: [GC309.531: [ParNew: 15787K->987K(16640K), 0.0004690 secs] 22240K->7440K(55552K), 0.0005000 secs] [Times: user=0.00 sys=0.00, real=0.00 secs] 
309.531: Total time for which application threads were stopped: 0.0006110 seconds, Stopping threads took: 0.0000600 seconds
309.597: Application time: 0.0656690 seconds
309.597: [GC309.597: [ParNew: 15832K->956K(16640K), 0.0004310 secs] 22285K->7409K(55552K), 0.0004570 secs] [Times: user=0.00 sys=0.00, real=0.00 secs] 
309.598: Total time for which application threads were stopped: 0.0005580 seconds, Stopping threads took: 0.0000470 seconds
309.662: Application time: 0.0641420 seconds
309.662: [GC309.662: [ParNew: 15804K->1093K(16640K), 0.0005450 secs] 22257K->7546K(55552K), 0.0005670 secs] [Times: user=0.00 sys=0.00, real=0.00 secs] 
309.663: Total time for which application threads were stopped: 0.0006920 seconds, Stopping threads took: 0.0000570 seconds
309.724: Application time: 0.0611660 seconds
309.724: [GC309.724: [ParNew: 15938K->1098K(16640K), 0.0005580 secs] 22391K->7609K(55552K), 0.0005830 secs] [Times: user=0.00 sys=0.00, real=0.00 secs] 
309.724: Total time for which application threads were stopped: 0.0006930 seconds, Stopping threads took: 0.0000540 seconds
309.788: Application time: 0.0641050 seconds
309.789: [GC309.789: [ParNew: 15945K->1104K(16640K), 0.0004290 secs] 22456K->7615K(55552K), 0.0004490 secs] [Times: user=0.01 sys=0.00, real=0.00 secs] 
309.789: Total time for which application threads were stopped: 0.0005490 seconds, Stopping threads took: 0.0000490 seconds
309.856: Application time: 0.0670470 seconds
309.856: [GC309.856: [ParNew: 15951K->896K(16640K), 0.0004550 secs] 22462K->7597K(55552K), 0.0004830 secs] [Times: user=0.00 sys=0.00, real=0.00 secs] 
309.857: Total time for which application threads were stopped: 0.0006140 seconds, Stopping threads took: 0.0000750 seconds
309.923: Application time: 0.0659880 seconds
309.923: [GC309.923: [ParNew: 15741K->1056K(16640K), 0.0005150 secs] 22442K->7758K(55552K), 0.0005430 secs] [Times: user=0.01 sys=0.00, real=0.00 secs] 
309.923: Total time for which application threads were stopped: 0.0006660 seconds, Stopping threads took: 0.0000640 seconds
309.971: Application time: 0.0476460 seconds
309.971: [GC309.971: [ParNew: 15903K->709K(16640K), 0.0005630 secs] 22604K->7790K(55552K), 0.0005870 secs] [Times: user=0.00 sys=0.00, real=0.00 secs] 
309.972: Total time for which application threads were stopped: 0.0007030 seconds, Stopping threads took: 0.0000570 seconds
310.037: Application time: 0.0652610 seconds
310.037: [GC310.037: [ParNew: 15556K->626K(16640K), 0.0004340 secs] 22638K->7707K(55552K), 0.0004630 secs] [Times: user=0.00 sys=0.00, real=0.00 secs] 
310.038: Total time for which application threads were stopped: 0.0005570 seconds, Stopping threads took: 0.0000420 seconds
310.104: Application time: 0.0666020 seconds
310.104: [GC310.104: [ParNew: 15473K->629K(16640K), 0.0003760 secs] 22554K->7711K(55552K), 0.0004050 secs] [Times: user=0.00 sys=0.00, real=0.00 secs] 
310.105: Total time for which application threads were stopped: 0.0005360 seconds, Stopping threads took: 0.0000750 seconds
310.161: Application time: 0.0559820 seconds
310.161: [GC310.161: [ParNew: 15477K->484K(16640K), 0.0004540 secs] 22558K->7945K(55552K), 0.0004800 secs] [Times: user=0.00 sys=0.00, real=0.00 secs] 
310.161: Total time for which application threads were stopped: 0.0006110 seconds, Stopping threads took: 0.0000720 seconds
310.218: Application time: 0.0567440 seconds
310.218: [GC310.218: [ParNew: 15331K->425K(16640K), 0.0003910 secs] 22792K->7886K(55552K), 0.0004170 secs] [Times: user=0.00 sys=0.00, real=0.00 secs] 
310.219: Total time for which application threads were stopped: 0.0005550 seconds, Stopping threads took: 0.0000690 seconds
310.283: Application time: 0.0640400 seconds
310.283: [GC310.283: [ParNew: 15269K->616K(16640K), 0.0004190 secs] 22731K->8077K(55552K), 0.0004460 secs] [Times: user=0.00 sys=0.00, real=0.00 secs] 
310.283: Total time for which application threads were stopped: 0.0005740 seconds, Stopping threads took: 0.0000780 seconds
310.331: Application time: 0.0474340 seconds
310.331: [GC310.331: [ParNew: 15462K->602K(16640K), 0.0004200 secs] 22923K->8064K(55552K), 0.0004470 secs] [Times: user=0.00 sys=0.00, real=0.00 secs] 
310.331: Total time for which application threads were stopped: 0.0005530 seconds, Stopping threads took: 0.0000460 seconds
310.394: Application time: 0.0624850 seconds
310.394: [GC310.394: [ParNew: 15449K->677K(16640K), 0.0004200 secs] 22910K->8139K(55552K), 0.0004480 secs] [Times: user=0.01 sys=0.00, real=0.00 secs] 
310.394: Total time for which application threads were stopped: 0.0005550 seconds, Stopping threads took: 0.0000540 seconds
310.461: Application time: 0.0672440 seconds
310.462: [GC310.462: [ParNew: 15523K->672K(16640K), 0.0004140 secs] 22984K->8133K(55552K), 0.0004400 secs] [Times: user=0.01 sys=0.00, real=0.00 secs] 
310.462: Total time for which application threads were stopped: 0.0005900 seconds, Stopping threads took: 0.0000960 seconds
310.528: Application time: 0.0662980 seconds
310.528: [GC310.528: [ParNew: 15519K->704K(16640K), 0.0004190 secs] 22980K->8165K(55552K), 0.0004450 secs] [Times: user=0.00 sys=0.00, real=0.00 secs] 
310.529: Total time for which application threads were stopped: 0.0005520 seconds, Stopping threads took: 0.0000500 seconds
310.593: Application time: 0.0642590 seconds
310.593: [GC310.593: [ParNew: 15551K->698K(16640K), 0.0004350 secs] 23012K->8159K(55552K), 0.0004610 secs] [Times: user=0.00 sys=0.00, real=0.00 secs] 
310.594: Total time for which application threads were stopped: 0.0005790 seconds, Stopping threads took: 0.0000680 seconds
310.660: Application time: 0.0665180 seconds
310.660: [GC310.660: [ParNew: 15545K->710K(16640K), 0.0004780 secs] 23006K->8171K(55552K), 0.0005030 secs] [Times: user=0.01 sys=0.00, real=0.00 secs] 
310.661: Total time for which application threads were stopped: 0.0006130 seconds, Stopping threads took: 0.0000540 seconds
310.726: Application time: 0.0651890 seconds
310.726: [GC310.726: [ParNew: 15555K->744K(16640K), 0.0005210 secs] 23016K->8205K(55552K), 0.0005490 secs] [Times: user=0.01 sys=0.00, real=0.00 secs] 
310.727: Total time for which application threads were stopped: 0.0006670 seconds, Stopping threads took: 0.0000490 seconds
310.794: Application time: 0.0671420 seconds
310.795: [GC310.795: [ParNew: 15591K->508K(16640K), 0.0005230 secs] 23053K->8217K(55552K), 0.0005510 secs] [Times: user=0.01 sys=0.00, real=0.00 secs] 
310.796: Total time for which application threads were stopped: 0.0018440 seconds, Stopping threads took: 0.0012390 seconds
310.864: Application time: 0.0680220 seconds
310.864: [GC310.864: [ParNew: 15355K->449K(16640K), 0.0003800 secs] 23064K->8157K(55552K), 0.0004060 secs] [Times: user=0.00 sys=0.00, real=0.00 secs] 
310.864: Total time for which application threads were stopped: 0.0005090 seconds, Stopping threads took: 0.0000460 seconds
310.932: Application time: 0.0675700 seconds
310.932: [GC310.932: [ParNew: 15296K->474K(16640K), 0.0004190 secs] 23005K->8183K(55552K), 0.0004480 secs] [Times: user=0.01 sys=0.00, real=0.00 secs] 
310.932: Total time for which application threads were stopped: 0.0005570 seconds, Stopping threads took: 0.0000500 seconds
310.980: Application time: 0.0477090 seconds
310.980: [GC310.980: [ParNew: 15321K->438K(16640K), 0.0004700 secs] 23030K->8365K(55552K), 0.0004970 secs] [Times: user=0.00 sys=0.00, real=0.00 secs] 
310.981: Total time for which application threads were stopped: 0.0006170 seconds, Stopping threads took: 0.0000610 seconds
311.028: Application time: 0.0475380 seconds
311.028: [GC311.028: [ParNew: 15285K->848K(16640K), 0.0004520 secs] 23212K->8776K(55552K), 0.0004890 secs] [Times: user=0.00 sys=0.00, real=0.00 secs] 
311.029: Total time for which application threads were stopped: 0.0005950 seconds, Stopping threads took: 0.0000490 seconds
311.061: Application time: 0.0325460 seconds
311.062: [GC311.062: [ParNew: 15696K->935K(16640K), 0.0004980 secs] 23623K->9052K(55552K), 0.0005240 secs] [Times: user=0.00 sys=0.00, real=0.00 secs] 
311.062: Total time for which application threads were stopped: 0.0006320 seconds, Stopping threads took: 0.0000490 seconds
311.101: Application time: 0.0389930 seconds
311.101: [GC311.101: [ParNew: 15780K->1153K(16640K), 0.0005210 secs] 23898K->9271K(55552K), 0.0005470 secs] [Times: user=0.00 sys=0.00, real=0.00 secs] 
311.102: Total time for which application threads were stopped: 0.0006670 seconds, Stopping threads took: 0.0000630 seconds
311.158: Application time: 0.0566320 seconds
311.158: [GC311.158: [ParNew: 15998K->971K(16640K), 0.0005460 secs] 24116K->9364K(55552K), 0.0005720 secs] [Times: user=0.01 sys=0.00, real=0.00 secs] 
311.159: Total time for which application threads were stopped: 0.0007010 seconds, Stopping threads took: 0.0000670 seconds
311.223: Application time: 0.0641600 seconds
311.227: [GC311.227: [ParNew: 15818K->964K(16640K), 0.0004420 secs] 24211K->9358K(55552K), 0.0004710 secs] [Times: user=0.00 sys=0.00, real=0.00 secs] 
311.228: Total time for which application threads were stopped: 0.0044070 seconds, Stopping threads took: 0.0038650 seconds
311.293: Application time: 0.0653520 seconds
311.293: [GC311.293: [ParNew: 15809K->986K(16640K), 0.0004330 secs] 24203K->9379K(55552K), 0.0004550 secs] [Times: user=0.00 sys=0.00, real=0.00 secs] 
311.294: Total time for which application threads were stopped: 0.0005590 seconds, Stopping threads took: 0.0000520 seconds
311.359: Application time: 0.0651010 seconds
311.359: [GC311.359: [ParNew: 15833K->1010K(16640K), 0.0004480 secs] 24227K->9403K(55552K), 0.0004770 secs] [Times: user=0.01 sys=0.00, real=0.01 secs] 
311.359: Total time for which application threads were stopped: 0.0005950 seconds, Stopping threads took: 0.0000620 seconds
311.423: Application time: 0.0633050 seconds
311.423: [GC311.423: [ParNew: 15857K->1064K(16640K), 0.0004750 secs] 24250K->9457K(55552K), 0.0005030 secs] [Times: user=0.01 sys=0.00, real=0.00 secs] 
311.423: Total time for which application threads were stopped: 0.0006290 seconds, Stopping threads took: 0.0000680 seconds
311.484: Application time: 0.0605470 seconds
311.487: [GC311.487: [ParNew: 15908K->1104K(16640K), 0.0005180 secs] 24301K->9556K(55552K), 0.0005460 secs] [Times: user=0.00 sys=0.00, real=0.00 secs] 
311.488: Total time for which application threads were stopped: 0.0039800 seconds, Stopping threads took: 0.0033820 seconds
311.553: Application time: 0.0650950 seconds
311.553: [GC311.553: [ParNew: 15952K->1083K(16640K), 0.0004520 secs] 24404K->9535K(55552K), 0.0004800 secs] [Times: user=0.01 sys=0.00, real=0.00 secs] 
311.553: Total time for which application threads were stopped: 0.0005870 seconds, Stopping threads took: 0.0000520 seconds
311.621: Application time: 0.0674850 seconds
311.621: [GC311.621: [ParNew: 15931K->890K(16640K), 0.0004520 secs] 24382K->9531K(55552K), 0.0004780 secs] [Times: user=0.00 sys=0.00, real=0.00 secs] 
311.621: Total time for which application threads were stopped: 0.0006290 seconds, Stopping threads took: 0.0000960 seconds
311.684: Application time: 0.0628660 seconds
311.684: [GC311.684: [ParNew: 15737K->1082K(16640K), 0.0004480 secs] 24379K->9724K(55552K), 0.0004740 secs] [Times: user=0.01 sys=0.00, real=0.00 secs] 
311.685: Total time for which application threads were stopped: 0.0005770 seconds, Stopping threads took: 0.0000510 seconds
311.735: Application time: 0.0505190 seconds
311.736: [GC311.736: [ParNew: 15928K->582K(16640K), 0.0005150 secs] 24570K->9794K(55552K), 0.0005430 secs] [Times: user=0.00 sys=0.00, real=0.00 secs] 
311.736: Total time for which application threads were stopped: 0.0006610 seconds, Stopping threads took: 0.0000570 seconds
311.801: Application time: 0.0650590 seconds
311.801: [GC311.801: [ParNew: 15429K->427K(16640K), 0.0003560 secs] 24641K->9639K(55552K), 0.0003910 secs] [Times: user=0.00 sys=0.00, real=0.00 secs] 
311.802: Total time for which application threads were stopped: 0.0005090 seconds, Stopping threads took: 0.0000650 seconds
311.868: Application time: 0.0665310 seconds
311.868: [GC311.868: [ParNew: 15275K->409K(16640K), 0.0004210 secs] 24487K->9621K(55552K), 0.0004490 secs] [Times: user=0.00 sys=0.00, real=0.00 secs] 
311.869: Total time for which application threads were stopped: 0.0005650 seconds, Stopping threads took: 0.0000600 seconds
311.920: Application time: 0.0508760 seconds
311.920: [GC311.920: [ParNew: 15253K->393K(16640K), 0.0004810 secs] 24465K->9795K(55552K), 0.0005080 secs] [Times: user=0.00 sys=0.00, real=0.00 secs] 
311.920: Total time for which application threads were stopped: 0.0006470 seconds, Stopping threads took: 0.0000790 seconds
311.983: Application time: 0.0626190 seconds
311.983: [GC311.983: [ParNew: 15237K->432K(16640K), 0.0003730 secs] 24639K->9834K(55552K), 0.0004010 secs] [Times: user=0.00 sys=0.00, real=0.00 secs] 
311.983: Total time for which application threads were stopped: 0.0005170 seconds, Stopping threads took: 0.0000530 seconds
312.042: Application time: 0.0580600 seconds
312.042: [GC312.042: [ParNew: 15278K->603K(16640K), 0.0004600 secs] 24680K->10005K(55552K), 0.0004870 secs] [Times: user=0.00 sys=0.00, real=0.00 secs] 
312.042: Total time for which application threads were stopped: 0.0006110 seconds, Stopping threads took: 0.0000710 seconds
312.095: Application time: 0.0533650 seconds
312.096: [GC312.096: [ParNew: 15448K->598K(16640K), 0.0004610 secs] 24850K->10000K(55552K), 0.0004890 secs] [Times: user=0.00 sys=0.00, real=0.00 secs] 
312.096: Total time for which application threads were stopped: 0.0005950 seconds, Stopping threads took: 0.0000560 seconds
312.158: Application time: 0.0623380 seconds
312.159: [GC312.159: [ParNew: 15444K->677K(16640K), 0.0004080 secs] 24846K->10079K(55552K), 0.0004350 secs] [Times: user=0.00 sys=0.00, real=0.00 secs] 
312.159: Total time for which application threads were stopped: 0.0005640 seconds, Stopping threads took: 0.0000720 seconds
312.226: Application time: 0.0665190 seconds
312.226: [GC312.226: [ParNew: 15522K->719K(16640K), 0.0004010 secs] 24925K->10121K(55552K), 0.0004270 secs] [Times: user=0.00 sys=0.00, real=0.00 secs] 
312.226: Total time for which application threads were stopped: 0.0005500 seconds, Stopping threads took: 0.0000660 seconds
312.292: Application time: 0.0660000 seconds
312.292: [GC312.292: [ParNew: 15566K->733K(16640K), 0.0004780 secs] 24968K->10135K(55552K), 0.0005050 secs] [Times: user=0.00 sys=0.00, real=0.00 secs] 
312.293: Total time for which application threads were stopped: 0.0006360 seconds, Stopping threads took: 0.0000700 seconds
312.357: Application time: 0.0640130 seconds
312.357: [GC312.357: [ParNew: 15577K->762K(16640K), 0.0004440 secs] 24980K->10164K(55552K), 0.0004690 secs] [Times: user=0.00 sys=0.00, real=0.00 secs] 
312.357: Total time for which application threads were stopped: 0.0005860 seconds, Stopping threads took: 0.0000620 seconds
312.424: Application time: 0.0663960 seconds
312.424: [GC312.424: [ParNew: 15609K->773K(16640K), 0.0004190 secs] 25011K->10175K(55552K), 0.0004470 secs] [Times: user=0.00 sys=0.00, real=0.00 secs] 
312.424: Total time for which application threads were stopped: 0.0005680 seconds, Stopping threads took: 0.0000620 seconds
312.489: Application time: 0.0650420 seconds
312.489: [GC312.489: [ParNew: 15617K->734K(16640K), 0.0004290 secs] 25019K->10136K(55552K), 0.0004560 secs] [Times: user=0.00 sys=0.00, real=0.00 secs] 
312.490: Total time for which application threads were stopped: 0.0005650 seconds, Stopping threads took: 0.0000580 seconds
312.557: Application time: 0.0669070 seconds
312.557: [GC312.557: [ParNew: 15581K->486K(16640K), 0.0004660 secs] 24983K->10135K(55552K), 0.0004940 secs] [Times: user=0.00 sys=0.00, real=0.00 secs] 
312.557: Total time for which application threads were stopped: 0.0006050 seconds, Stopping threads took: 0.0000490 seconds
312.625: Application time: 0.0672010 seconds
312.625: [GC312.625: [ParNew: 15333K->475K(16640K), 0.0003490 secs] 24982K->10125K(55552K), 0.0003740 secs] [Times: user=0.00 sys=0.00, real=0.00 secs] 
312.625: Total time for which application threads were stopped: 0.0004870 seconds, Stopping threads took: 0.0000580 seconds
312.688: Application time: 0.0625570 seconds
312.688: [GC312.688: [ParNew: 15321K->663K(16640K), 0.0003890 secs] 24970K->10313K(55552K), 0.0004160 secs] [Times: user=0.00 sys=0.00, real=0.00 secs] 
312.688: Total time for which application threads were stopped: 0.0005240 seconds, Stopping threads took: 0.0000580 seconds
312.737: Application time: 0.0484260 seconds
312.737: [GC312.737: [ParNew: 15508K->691K(16640K), 0.0004660 secs] 25157K->10559K(55552K), 0.0004940 secs] [Times: user=0.00 sys=0.00, real=0.00 secs] 
312.737: Total time for which application threads were stopped: 0.0006160 seconds, Stopping threads took: 0.0000710 seconds
312.779: Application time: 0.0419420 seconds
312.779: [GC312.779: [ParNew: 15538K->884K(16640K), 0.0004860 secs] 25406K->10752K(55552K), 0.0005120 secs] [Times: user=0.01 sys=0.00, real=0.00 secs] 
312.780: Total time for which application threads were stopped: 0.0006080 seconds, Stopping threads took: 0.0000390 seconds
312.813: Application time: 0.0331490 seconds
312.813: [GC312.813: [ParNew: 15731K->1206K(16640K), 0.0005830 secs] 25599K->11264K(55552K), 0.0006120 secs] [Times: user=0.00 sys=0.00, real=0.00 secs] 
312.814: Total time for which application threads were stopped: 0.0007510 seconds, Stopping threads took: 0.0000700 seconds
312.854: Application time: 0.0406480 seconds
312.854: [GC312.854: [ParNew: 16050K->940K(16640K), 0.0005540 secs] 26108K->11304K(55552K), 0.0005810 secs] [Times: user=0.00 sys=0.00, real=0.00 secs] 
312.855: Total time for which application threads were stopped: 0.0007040 seconds, Stopping threads took: 0.0000600 seconds
312.916: Application time: 0.0611640 seconds
312.916: [GC312.916: [ParNew: 15787K->973K(16640K), 0.0004490 secs] 26151K->11337K(55552K), 0.0004740 secs] [Times: user=0.01 sys=0.00, real=0.00 secs] 
312.917: Total time for which application threads were stopped: 0.0005880 seconds, Stopping threads took: 0.0000570 seconds
312.982: Application time: 0.0651660 seconds
312.982: [GC312.982: [ParNew: 15820K->894K(16640K), 0.0004940 secs] 26184K->11258K(55552K), 0.0005220 secs] [Times: user=0.01 sys=0.00, real=0.00 secs] 
312.983: Total time for which application threads were stopped: 0.0006490 seconds, Stopping threads took: 0.0000670 seconds
313.048: Application time: 0.0649710 seconds
313.048: [GC313.048: [ParNew: 15741K->933K(16640K), 0.0004500 secs] 26105K->11297K(55552K), 0.0004770 secs] [Times: user=0.00 sys=0.00, real=0.00 secs] 
313.048: Total time for which application threads were stopped: 0.0005870 seconds, Stopping threads took: 0.0000570 seconds
313.113: Application time: 0.0644100 seconds
313.113: [GC313.113: [ParNew: 15780K->1103K(16640K), 0.0004720 secs] 26144K->11466K(55552K), 0.0005000 secs] [Times: user=0.01 sys=0.00, real=0.00 secs] 
313.113: Total time for which application threads were stopped: 0.0006260 seconds, Stopping threads took: 0.0000690 seconds
313.176: Application time: 0.0628450 seconds
313.176: [GC313.176: [ParNew: 15948K->1103K(16640K), 0.0004970 secs] 26311K->11496K(55552K), 0.0005240 secs] [Times: user=0.00 sys=0.00, real=0.00 secs] 
313.177: Total time for which application threads were stopped: 0.0006340 seconds, Stopping threads took: 0.0000530 seconds
313.238: Application time: 0.0616230 seconds
313.238: [GC313.238: [ParNew: 15950K->1062K(16640K), 0.0004610 secs] 26342K->11455K(55552K), 0.0004890 secs] [Times: user=0.00 sys=0.00, real=0.00 secs] 
313.239: Total time for which application threads were stopped: 0.0006020 seconds, Stopping threads took: 0.0000610 seconds
313.305: Application time: 0.0656850 seconds
313.305: [GC313.305: [ParNew: 15909K->677K(16640K), 0.0005070 secs] 26302K->11450K(55552K), 0.0005400 secs] [Times: user=0.00 sys=0.00, real=0.00 secs] 
313.305: Total time for which application threads were stopped: 0.0006440 seconds, Stopping threads took: 0.0000500 seconds
313.372: Application time: 0.0668240 seconds
313.372: [GC313.372: [ParNew: 15524K->703K(16640K), 0.0003900 secs] 26298K->11476K(55552K), 0.0004170 secs] [Times: user=0.01 sys=0.00, real=0.00 secs] 
313.373: Total time for which application threads were stopped: 0.0005630 seconds, Stopping threads took: 0.0000780 seconds
313.431: Application time: 0.0581290 seconds
313.431: [GC313.431: [ParNew: 15549K->866K(16640K), 0.0004500 secs] 26322K->11640K(55552K), 0.0004770 secs] [Times: user=0.00 sys=0.00, real=0.00 secs] 
313.431: Total time for which application threads were stopped: 0.0005890 seconds, Stopping threads took: 0.0000530 seconds
313.488: Application time: 0.0566020 seconds
313.488: [GC313.488: [ParNew: 15712K->851K(16640K), 0.0004120 secs] 26485K->11625K(55552K), 0.0004330 secs] [Times: user=0.00 sys=0.00, real=0.00 secs] 
313.489: Total time for which application threads were stopped: 0.0005290 seconds, Stopping threads took: 0.0000470 seconds
313.554: Application time: 0.0651190 seconds
313.554: [GC313.554: [ParNew: 15696K->892K(16640K), 0.0004940 secs] 26470K->11665K(55552K), 0.0005190 secs] [Times: user=0.00 sys=0.00, real=0.00 secs] 
313.554: Total time for which application threads were stopped: 0.0006590 seconds, Stopping threads took: 0.0000860 seconds
313.620: Application time: 0.0658700 seconds
313.620: Total time for which application threads were stopped: 0.0000800 seconds, Stopping threads took: 0.0000580 seconds
313.620: Application time: 0.0000430 seconds
313.620: [GC313.620: [ParNew: 15803K->749K(16640K), 0.0004890 secs] 26576K->11902K(55552K), 0.0005160 secs] [Times: user=0.00 sys=0.00, real=0.00 secs] 
313.621: Total time for which application threads were stopped: 0.0005990 seconds, Stopping threads took: 0.0000430 seconds
313.669: Application time: 0.0482560 seconds
313.669: [GC313.669: [ParNew: 15595K->408K(16640K), 0.0004070 secs] 26748K->11752K(55552K), 0.0004340 secs] [Times: user=0.00 sys=0.00, real=0.00 secs] 
313.670: Total time for which application threads were stopped: 0.0005380 seconds, Stopping threads took: 0.0000460 seconds
313.734: Application time: 0.0647150 seconds
313.735: [GC313.735: [ParNew: 15253K->405K(16640K), 0.0003660 secs] 26596K->11749K(55552K), 0.0003930 secs] [Times: user=0.00 sys=0.00, real=0.00 secs] 
313.735: Total time for which application threads were stopped: 0.0005140 seconds, Stopping threads took: 0.0000620 seconds
313.787: Application time: 0.0524390 seconds
313.787: [GC313.787: [ParNew: 15249K->615K(16640K), 0.0003810 secs] 26592K->11958K(55552K), 0.0004100 secs] [Times: user=0.00 sys=0.00, real=0.00 secs] 
313.788: Total time for which application threads were stopped: 0.0005200 seconds, Stopping threads took: 0.0000590 seconds
313.846: Application time: 0.0584070 seconds
313.846: [GC313.846: [ParNew: 15463K->652K(16640K), 0.0003850 secs] 26806K->11995K(55552K), 0.0004100 secs] [Times: user=0.00 sys=0.00, real=0.00 secs] 
313.847: Total time for which application threads were stopped: 0.0005260 seconds, Stopping threads took: 0.0000650 seconds
313.910: Application time: 0.0635530 seconds
313.910: [GC313.910: [ParNew: 15499K->682K(16640K), 0.0004630 secs] 26843K->12026K(55552K), 0.0004850 secs] [Times: user=0.00 sys=0.00, real=0.00 secs] 
313.911: Total time for which application threads were stopped: 0.0006120 seconds, Stopping threads took: 0.0000610 seconds
313.977: Application time: 0.0662560 seconds
313.977: [GC313.977: [ParNew: 15528K->670K(16640K), 0.0004100 secs] 26871K->12013K(55552K), 0.0004360 secs] [Times: user=0.01 sys=0.00, real=0.00 secs] 
313.978: Total time for which application threads were stopped: 0.0005500 seconds, Stopping threads took: 0.0000560 seconds
314.043: Application time: 0.0654380 seconds
314.043: [GC314.043: [ParNew: 15472K->552K(16640K), 0.0004430 secs] 26816K->11896K(55552K), 0.0004700 secs] [Times: user=0.00 sys=0.00, real=0.00 secs] 
314.044: Total time for which application threads were stopped: 0.0005840 seconds, Stopping threads took: 0.0000520 seconds
314.108: Application time: 0.0644970 seconds
314.108: [GC314.108: [ParNew: 15397K->750K(16640K), 0.0004760 secs] 26740K->12093K(55552K), 0.0005030 secs] [Times: user=0.00 sys=0.00, real=0.00 secs] 
314.109: Total time for which application threads were stopped: 0.0006180 seconds, Stopping threads took: 0.0000600 seconds
314.176: Application time: 0.0667900 seconds
314.176: [GC314.176: [ParNew: 15597K->719K(16640K), 0.0004180 secs] 26941K->12062K(55552K), 0.0004440 secs] [Times: user=0.00 sys=0.00, real=0.00 secs] 
314.176: Total time for which application threads were stopped: 0.0005420 seconds, Stopping threads took: 0.0000400 seconds
314.242: Application time: 0.0652590 seconds
314.242: [GC314.242: [ParNew: 15566K->709K(16640K), 0.0005230 secs] 26909K->12081K(55552K), 0.0005480 secs] [Times: user=0.00 sys=0.00, real=0.00 secs] 
314.242: Total time for which application threads were stopped: 0.0006550 seconds, Stopping threads took: 0.0000550 seconds
314.309: Application time: 0.0669410 seconds
314.309: [GC314.309: [ParNew: 15557K->529K(16640K), 0.0004440 secs] 26929K->12120K(55552K), 0.0004710 secs] [Times: user=0.00 sys=0.00, real=0.00 secs] 
314.310: Total time for which application threads were stopped: 0.0005850 seconds, Stopping threads took: 0.0000580 seconds
314.377: Application time: 0.0670060 seconds
314.377: [GC314.377: [ParNew: 15376K->462K(16640K), 0.0003870 secs] 26967K->12053K(55552K), 0.0004140 secs] [Times: user=0.00 sys=0.00, real=0.00 secs] 
314.377: Total time for which application threads were stopped: 0.0005360 seconds, Stopping threads took: 0.0000650 seconds
314.435: Application time: 0.0580520 seconds
314.435: [GC314.435: [ParNew: 15307K->658K(16640K), 0.0003870 secs] 26897K->12249K(55552K), 0.0004140 secs] [Times: user=0.00 sys=0.00, real=0.00 secs] 
314.436: Total time for which application threads were stopped: 0.0005270 seconds, Stopping threads took: 0.0000450 seconds
314.484: Application time: 0.0485910 seconds
314.485: [GC314.485: [ParNew: 15503K->678K(16640K), 0.0005400 secs] 27094K->12487K(55552K), 0.0005660 secs] [Times: user=0.00 sys=0.00, real=0.00 secs] 
314.485: Total time for which application threads were stopped: 0.0006840 seconds, Stopping threads took: 0.0000600 seconds
314.522: Application time: 0.0368660 seconds
314.522: [GC314.522: [ParNew: 15524K->1084K(16640K), 0.0004880 secs] 27333K->12893K(55552K), 0.0005160 secs] [Times: user=0.01 sys=0.00, real=0.00 secs] 
314.523: Total time for which application threads were stopped: 0.0006450 seconds, Stopping threads took: 0.0000700 seconds
314.554: Application time: 0.0311550 seconds
314.554: [GC314.554: [ParNew: 15931K->1190K(16640K), 0.0021640 secs] 27740K->13189K(55552K), 0.0021980 secs] [Times: user=0.00 sys=0.00, real=0.00 secs] 
314.556: Total time for which application threads were stopped: 0.0023020 seconds, Stopping threads took: 0.0000460 seconds
314.607: Application time: 0.0508760 seconds
314.607: [GC314.607: [ParNew: 16035K->1210K(16640K), 0.0005550 secs] 28035K->13295K(55552K), 0.0005820 secs] [Times: user=0.01 sys=0.00, real=0.00 secs] 
314.608: Total time for which application threads were stopped: 0.0006980 seconds, Stopping threads took: 0.0000620 seconds
314.670: Application time: 0.0621140 seconds
314.670: [GC314.670: [ParNew: 16058K->950K(16640K), 0.0004980 secs] 28143K->13255K(55552K), 0.0005250 secs] [Times: user=0.00 sys=0.00, real=0.00 secs] 
314.670: Total time for which application threads were stopped: 0.0006350 seconds, Stopping threads took: 0.0000530 seconds
314.736: Application time: 0.0652210 seconds
314.736: [GC314.736: [ParNew: 15797K->918K(16640K), 0.0004700 secs] 28102K->13222K(55552K), 0.0004940 secs] [Times: user=0.01 sys=0.00, real=0.00 secs] 
314.736: Total time for which application threads were stopped: 0.0006100 seconds, Stopping threads took: 0.0000570 seconds
314.801: Application time: 0.0650520 seconds
314.801: [GC314.801: [ParNew: 15765K->898K(16640K), 0.0004570 secs] 28070K->13203K(55552K), 0.0004940 secs] [Times: user=0.00 sys=0.00, real=0.00 secs] 
314.802: Total time for which application threads were stopped: 0.0006160 seconds, Stopping threads took: 0.0000690 seconds
314.866: Application time: 0.0635980 seconds
314.866: [GC314.866: [ParNew: 15745K->1087K(16640K), 0.0005110 secs] 28050K->13392K(55552K), 0.0005390 secs] [Times: user=0.00 sys=0.00, real=0.00 secs] 
314.866: Total time for which application threads were stopped: 0.0006660 seconds, Stopping threads took: 0.0000720 seconds
314.930: Application time: 0.0635630 seconds
314.931: [GC314.931: [ParNew: 15932K->1077K(16640K), 0.0005040 secs] 28237K->13411K(55552K), 0.0005320 secs] [Times: user=0.00 sys=0.00, real=0.00 secs] 
314.932: Total time for which application threads were stopped: 0.0019090 seconds, Stopping threads took: 0.0013200 seconds
314.994: Application time: 0.0623220 seconds
314.994: [GC314.994: [ParNew: 15921K->1134K(16640K), 0.0004500 secs] 28255K->13468K(55552K), 0.0004770 secs] [Times: user=0.00 sys=0.00, real=0.00 secs] 
314.995: Total time for which application threads were stopped: 0.0005970 seconds, Stopping threads took: 0.0000590 seconds
315.061: Application time: 0.0667590 seconds
315.061: [GC315.061: [ParNew: 15981K->902K(16640K), 0.0005160 secs] 28315K->13426K(55552K), 0.0005460 secs] [Times: user=0.01 sys=0.00, real=0.00 secs] 
315.062: Total time for which application threads were stopped: 0.0006690 seconds, Stopping threads took: 0.0000680 seconds
315.129: Application time: 0.0666800 seconds
315.129: [GC315.129: [ParNew: 15749K->901K(16640K), 0.0004200 secs] 28273K->13426K(55552K), 0.0004470 secs] [Times: user=0.00 sys=0.00, real=0.00 secs] 
315.129: Total time for which application threads were stopped: 0.0005770 seconds, Stopping threads took: 0.0000730 seconds
315.184: Application time: 0.0549170 seconds
315.184: [GC315.184: [ParNew: 15747K->1096K(16640K), 0.0005040 secs] 28271K->13620K(55552K), 0.0005320 secs] [Times: user=0.00 sys=0.00, real=0.00 secs] 
315.185: Total time for which application threads were stopped: 0.0006590 seconds, Stopping threads took: 0.0000680 seconds
315.243: Application time: 0.0581350 seconds
315.243: [GC315.243: [ParNew: 15942K->900K(16640K), 0.0005660 secs] 28466K->13614K(55552K), 0.0005930 secs] [Times: user=0.01 sys=0.00, real=0.00 secs] 
315.244: Total time for which application threads were stopped: 0.0007240 seconds, Stopping threads took: 0.0000800 seconds
315.309: Application time: 0.0652790 seconds
315.309: [GC315.309: [ParNew: 15747K->868K(16640K), 0.0004680 secs] 28462K->13582K(55552K), 0.0004930 secs] [Times: user=0.00 sys=0.00, real=0.00 secs] 
315.310: Total time for which application threads were stopped: 0.0006150 seconds, Stopping threads took: 0.0000690 seconds
315.370: Application time: 0.0606660 seconds
315.370: [GC315.370: [ParNew: 15712K->503K(16640K), 0.0005080 secs] 28426K->13787K(55552K), 0.0005330 secs] [Times: user=0.01 sys=0.00, real=0.00 secs] 
315.371: Total time for which application threads were stopped: 0.0006450 seconds, Stopping threads took: 0.0000570 seconds
315.423: Application time: 0.0521920 seconds
315.423: [GC315.423: [ParNew: 15349K->421K(16640K), 0.0003630 secs] 28633K->13706K(55552K), 0.0003890 secs] [Times: user=0.01 sys=0.00, real=0.00 secs] 
315.424: Total time for which application threads were stopped: 0.0004990 seconds, Stopping threads took: 0.0000540 seconds
315.489: Application time: 0.0656340 seconds
315.489: [GC315.489: [ParNew: 15269K->418K(16640K), 0.0003890 secs] 28553K->13703K(55552K), 0.0004150 secs] [Times: user=0.01 sys=0.00, real=0.00 secs] 
315.490: Total time for which application threads were stopped: 0.0005120 seconds, Stopping threads took: 0.0000480 seconds
315.539: Application time: 0.0492430 seconds
315.539: [GC315.539: [ParNew: 15265K->613K(16640K), 0.0004090 secs] 28549K->13897K(55552K), 0.0004350 secs] [Times: user=0.00 sys=0.00, real=0.00 secs] 
315.540: Total time for which application threads were stopped: 0.0005450 seconds, Stopping threads took: 0.0000500 seconds
315.600: Application time: 0.0602930 seconds
315.600: [GC315.600: [ParNew: 15458K->643K(16640K), 0.0004200 secs] 28743K->13928K(55552K), 0.0004560 secs] [Times: user=0.00 sys=0.00, real=0.00 secs] 
315.600: Total time for which application threads were stopped: 0.0005520 seconds, Stopping threads took: 0.0000430 seconds
315.665: Application time: 0.0648170 seconds
315.665: [GC315.665: [ParNew: 15489K->685K(16640K), 0.0004290 secs] 28773K->13970K(55552K), 0.0004560 secs] [Times: user=0.00 sys=0.00, real=0.00 secs] 
315.666: Total time for which application threads were stopped: 0.0005920 seconds, Stopping threads took: 0.0000800 seconds
315.732: Application time: 0.0662380 seconds
315.732: [GC315.732: [ParNew: 15533K->701K(16640K), 0.0004060 secs] 28817K->13985K(55552K), 0.0004330 secs] [Times: user=0.01 sys=0.00, real=0.00 secs] 
315.733: Total time for which application threads were stopped: 0.0005680 seconds, Stopping threads took: 0.0000780 seconds
315.797: Application time: 0.0642960 seconds
315.797: [GC315.797: [ParNew: 15512K->588K(16640K), 0.0005340 secs] 28797K->13873K(55552K), 0.0005600 secs] [Times: user=0.00 sys=0.00, real=0.00 secs] 
315.798: Total time for which application threads were stopped: 0.0006700 seconds, Stopping threads took: 0.0000590 seconds
315.863: Application time: 0.0656180 seconds
315.863: [GC315.863: [ParNew: 15433K->730K(16640K), 0.0005210 secs] 28717K->14014K(55552K), 0.0005480 secs] [Times: user=0.01 sys=0.00, real=0.00 secs] 
315.864: Total time for which application threads were stopped: 0.0006590 seconds, Stopping threads took: 0.0000570 seconds
315.930: Application time: 0.0658830 seconds
315.930: [GC315.930: [ParNew: 15576K->784K(16640K), 0.0004440 secs] 28861K->14069K(55552K), 0.0004700 secs] [Times: user=0.01 sys=0.00, real=0.00 secs] 
315.930: Total time for which application threads were stopped: 0.0005850 seconds, Stopping threads took: 0.0000580 seconds
315.996: Application time: 0.0660340 seconds
315.996: [GC315.997: [ParNew: 15629K->534K(16640K), 0.0004430 secs] 28913K->14037K(55552K), 0.0004710 secs] [Times: user=0.00 sys=0.00, real=0.00 secs] 
315.997: Total time for which application threads were stopped: 0.0005750 seconds, Stopping threads took: 0.0000530 seconds
316.065: Application time: 0.0676780 seconds
316.065: [GC316.065: [ParNew: 15379K->506K(16640K), 0.0004180 secs] 28882K->14038K(55552K), 0.0004450 secs] [Times: user=0.01 sys=0.00, real=0.00 secs] 
316.065: Total time for which application threads were stopped: 0.0005770 seconds, Stopping threads took: 0.0000630 seconds
316.132: Application time: 0.0669990 seconds
316.135: [GC316.135: [ParNew: 15354K->447K(16640K), 0.0003910 secs] 28885K->13979K(55552K), 0.0004190 secs] [Times: user=0.00 sys=0.00, real=0.00 secs] 
316.136: Total time for which application threads were stopped: 0.0033460 seconds, Stopping threads took: 0.0028680 seconds
316.188: Application time: 0.0520690 seconds
316.188: [GC316.188: [ParNew: 15292K->581K(16640K), 0.0004580 secs] 28823K->14203K(55552K), 0.0004840 secs] [Times: user=0.00 sys=0.00, real=0.00 secs] 
316.188: Total time for which application threads were stopped: 0.0006250 seconds, Stopping threads took: 0.0000810 seconds
316.238: Application time: 0.0492790 seconds
316.238: [GC316.238: [ParNew: 15425K->653K(16640K), 0.0004450 secs] 29047K->14403K(55552K), 0.0004750 secs] [Times: user=0.01 sys=0.00, real=0.00 secs] 
316.238: Total time for which application threads were stopped: 0.0005960 seconds, Stopping threads took: 0.0000620 seconds
316.272: Application time: 0.0342660 seconds
316.273: [GC316.273: [ParNew: 15500K->1130K(16640K), 0.0004940 secs] 29250K->14881K(55552K), 0.0005220 secs] [Times: user=0.00 sys=0.00, real=0.00 secs] 
316.273: Total time for which application threads were stopped: 0.0006340 seconds, Stopping threads took: 0.0000540 seconds
316.314: Application time: 0.0407460 seconds
316.314: [GC316.314: [ParNew: 15977K->1190K(16640K), 0.0005670 secs] 29728K->15130K(55552K), 0.0005930 secs] [Times: user=0.00 sys=0.00, real=0.00 secs] 
316.315: Total time for which application threads were stopped: 0.0007290 seconds, Stopping threads took: 0.0000700 seconds
316.362: Application time: 0.0479020 seconds
316.363: [GC316.363: [ParNew: 16037K->929K(16640K), 0.0006430 secs] 29977K->15145K(55552K), 0.0006710 secs] [Times: user=0.00 sys=0.00, real=0.00 secs] 
316.364: Total time for which application threads were stopped: 0.0013780 seconds, Stopping threads took: 0.0006500 seconds
316.427: Application time: 0.0636080 seconds
316.428: [GC316.428: [ParNew: 15776K->1029K(16640K), 0.0004620 secs] 29993K->15245K(55552K), 0.0004910 secs] [Times: user=0.00 sys=0.00, real=0.00 secs] 
316.428: Total time for which application threads were stopped: 0.0006250 seconds, Stopping threads took: 0.0000760 seconds
316.494: Application time: 0.0660280 seconds
316.494: [GC316.494: [ParNew: 15874K->882K(16640K), 0.0004230 secs] 30091K->15099K(55552K), 0.0004500 secs] [Times: user=0.00 sys=0.00, real=0.00 secs] 
316.495: Total time for which application threads were stopped: 0.0005510 seconds, Stopping threads took: 0.0000510 seconds
316.560: Application time: 0.0650300 seconds
316.560: [GC316.560: [ParNew: 15730K->973K(16640K), 0.0004590 secs] 29946K->15190K(55552K), 0.0004850 secs] [Times: user=0.00 sys=0.00, real=0.00 secs] 
316.560: Total time for which application threads were stopped: 0.0006010 seconds, Stopping threads took: 0.0000620 seconds
316.624: Application time: 0.0634400 seconds
316.624: [GC316.624: [ParNew: 15817K->1097K(16640K), 0.0004820 secs] 30034K->15314K(55552K), 0.0005090 secs] [Times: user=0.00 sys=0.00, real=0.00 secs] 
316.624: Total time for which application threads were stopped: 0.0006420 seconds, Stopping threads took: 0.0000670 seconds
316.687: Application time: 0.0629020 seconds
316.687: [GC316.687: [ParNew: 15943K->1099K(16640K), 0.0004920 secs] 30160K->15373K(55552K), 0.0005200 secs] [Times: user=0.00 sys=0.00, real=0.00 secs] 
316.688: Total time for which application threads were stopped: 0.0006460 seconds, Stopping threads took: 0.0000660 seconds
316.751: Application time: 0.0632450 seconds
316.751: [GC316.751: [ParNew: 15945K->1057K(16640K), 0.0005600 secs] 30220K->15332K(55552K), 0.0005900 secs] [Times: user=0.00 sys=0.00, real=0.00 secs] 
316.752: Total time for which application threads were stopped: 0.0007280 seconds, Stopping threads took: 0.0000850 seconds
316.819: Application time: 0.0672090 seconds
316.819: [GC316.819: [ParNew: 15905K->901K(16640K), 0.0004940 secs] 30179K->15366K(55552K), 0.0005220 secs] [Times: user=0.00 sys=0.00, real=0.00 secs] 
316.820: Total time for which application threads were stopped: 0.0006500 seconds, Stopping threads took: 0.0000700 seconds
316.885: Application time: 0.0647610 seconds
316.885: [GC316.885: [ParNew: 15748K->1076K(16640K), 0.0004630 secs] 30212K->15541K(55552K), 0.0004900 secs] [Times: user=0.00 sys=0.00, real=0.00 secs] 
316.885: Total time for which application threads were stopped: 0.0006160 seconds, Stopping threads took: 0.0000670 seconds
316.933: Application time: 0.0483310 seconds
316.934: [GC316.934: [ParNew: 15922K->700K(16640K), 0.0005560 secs] 30387K->15545K(55552K), 0.0005820 secs] [Times: user=0.00 sys=0.00, real=0.00 secs] 
316.934: Total time for which application threads were stopped: 0.0007030 seconds, Stopping threads took: 0.0000630 seconds
316.999: Application time: 0.0647260 seconds
316.999: [GC316.999: [ParNew: 15547K->609K(16640K), 0.0004610 secs] 30391K->15454K(55552K), 0.0004870 secs] [Times: user=0.00 sys=0.00, real=0.01 secs] 
317.000: Total time for which application threads were stopped: 0.0006070 seconds, Stopping threads took: 0.0000670 seconds
317.066: Application time: 0.0664480 seconds
317.066: [GC317.066: [ParNew: 15455K->629K(16640K), 0.0004580 secs] 30299K->15473K(55552K), 0.0004830 secs] [Times: user=0.00 sys=0.00, real=0.00 secs] 
317.067: Total time for which application threads were stopped: 0.0005940 seconds, Stopping threads took: 0.0000570 seconds
317.123: Application time: 0.0565170 seconds
317.123: [GC317.123: [ParNew: 15472K->445K(16640K), 0.0004770 secs] 30317K->15669K(55552K), 0.0005050 secs] [Times: user=0.01 sys=0.00, real=0.00 secs] 
317.124: Total time for which application threads were stopped: 0.0006190 seconds, Stopping threads took: 0.0000550 seconds
317.180: Application time: 0.0559520 seconds
317.180: [GC317.180: [ParNew: 15292K->417K(16640K), 0.0003410 secs] 30517K->15642K(55552K), 0.0003670 secs] [Times: user=0.00 sys=0.00, real=0.00 secs] 
317.180: Total time for which application threads were stopped: 0.0004930 seconds, Stopping threads took: 0.0000580 seconds
317.239: Application time: 0.0593250 seconds
317.240: [GC317.240: [ParNew: 15192K->489K(16640K), 0.0003850 secs] 30417K->15714K(55552K), 0.0004120 secs] [Times: user=0.00 sys=0.00, real=0.00 secs] 
317.240: Total time for which application threads were stopped: 0.0005340 seconds, Stopping threads took: 0.0000640 seconds
317.292: Application time: 0.0516340 seconds
317.292: [GC317.292: [ParNew: 15337K->606K(16640K), 0.0003960 secs] 30562K->15831K(55552K), 0.0004230 secs] [Times: user=0.00 sys=0.00, real=0.00 secs] 
317.292: Total time for which application threads were stopped: 0.0005270 seconds, Stopping threads took: 0.0000530 seconds
317.354: Application time: 0.0620980 seconds
317.354: [GC317.354: [ParNew: 15450K->678K(16640K), 0.0004460 secs] 30675K->15903K(55552K), 0.0004730 secs] [Times: user=0.00 sys=0.00, real=0.00 secs] 
317.355: Total time for which application threads were stopped: 0.0005900 seconds, Stopping threads took: 0.0000640 seconds
317.421: Application time: 0.0661780 seconds
317.421: [GC317.421: [ParNew: 15525K->687K(16640K), 0.0004570 secs] 30750K->15912K(55552K), 0.0004870 secs] [Times: user=0.00 sys=0.00, real=0.00 secs] 
317.422: Total time for which application threads were stopped: 0.0006220 seconds, Stopping threads took: 0.0000760 seconds
317.488: Application time: 0.0658810 seconds
317.488: [GC317.488: [ParNew: 15535K->708K(16640K), 0.0004070 secs] 30760K->15933K(55552K), 0.0004340 secs] [Times: user=0.00 sys=0.00, real=0.00 secs] 
317.488: Total time for which application threads were stopped: 0.0005780 seconds, Stopping threads took: 0.0000830 seconds
317.552: Application time: 0.0639680 seconds
317.552: [GC317.552: [ParNew: 15553K->748K(16640K), 0.0004230 secs] 30778K->15973K(55552K), 0.0004490 secs] [Times: user=0.00 sys=0.00, real=0.00 secs] 
317.553: Total time for which application threads were stopped: 0.0005800 seconds, Stopping threads took: 0.0000780 seconds
317.619: Application time: 0.0667560 seconds
317.620: [GC317.620: [ParNew: 15596K->719K(16640K), 0.0004580 secs] 30821K->15944K(55552K), 0.0004840 secs] [Times: user=0.01 sys=0.00, real=0.00 secs] 
317.620: Total time for which application threads were stopped: 0.0006010 seconds, Stopping threads took: 0.0000610 seconds
317.685: Application time: 0.0653200 seconds
317.685: [GC317.686: [ParNew: 15566K->761K(16640K), 0.0004240 secs] 30791K->15986K(55552K), 0.0004510 secs] [Times: user=0.00 sys=0.00, real=0.00 secs] 
317.686: Total time for which application threads were stopped: 0.0006030 seconds, Stopping threads took: 0.0000840 seconds
317.753: Application time: 0.0667810 seconds
317.753: [GC317.753: [ParNew: 15609K->534K(16640K), 0.0004240 secs] 30834K->16006K(55552K), 0.0004500 secs] [Times: user=0.00 sys=0.00, real=0.00 secs] 
317.753: Total time for which application threads were stopped: 0.0005510 seconds, Stopping threads took: 0.0000470 seconds
317.821: Application time: 0.0672500 seconds
317.821: [GC317.821: [ParNew: 15381K->446K(16640K), 0.0003690 secs] 30854K->15918K(55552K), 0.0003940 secs] [Times: user=0.00 sys=0.00, real=0.00 secs] 
317.821: Total time for which application threads were stopped: 0.0005010 seconds, Stopping threads took: 0.0000520 seconds
317.885: Application time: 0.0643400 seconds
317.885: [GC317.885: [ParNew: 15294K->642K(16640K), 0.0003920 secs] 30766K->16114K(55552K), 0.0004190 secs] [Times: user=0.01 sys=0.00, real=0.00 secs] 
317.886: Total time for which application threads were stopped: 0.0005330 seconds, Stopping threads took: 0.0000570 seconds
317.935: Application time: 0.0489810 seconds
317.935: [GC317.935: [ParNew: 15486K->455K(16640K), 0.0004220 secs] 30959K->16146K(55552K), 0.0004590 secs] [Times: user=0.01 sys=0.00, real=0.00 secs] 
317.935: Total time for which application threads were stopped: 0.0005750 seconds, Stopping threads took: 0.0000580 seconds
317.988: Application time: 0.0522310 seconds
317.988: [GC317.988: [ParNew: 15301K->821K(16640K), 0.0004100 secs] 30992K->16512K(55552K), 0.0004350 secs] [Times: user=0.00 sys=0.00, real=0.00 secs] 
317.988: Total time for which application threads were stopped: 0.0005330 seconds, Stopping threads took: 0.0000470 seconds
318.019: Application time: 0.0304960 seconds
318.019: [GC318.019: [ParNew: 15669K->933K(16640K), 0.0007690 secs] 31360K->16814K(55552K), 0.0007970 secs] [Times: user=0.00 sys=0.00, real=0.01 secs] 
318.020: Total time for which application threads were stopped: 0.0009030 seconds, Stopping threads took: 0.0000460 seconds
318.063: Application time: 0.0436670 seconds
318.063: [GC318.063: [ParNew: 15780K->1176K(16640K), 0.0005150 secs] 31661K->17057K(55552K), 0.0005420 secs] [Times: user=0.00 sys=0.00, real=0.00 secs] 
318.064: Total time for which application threads were stopped: 0.0006550 seconds, Stopping threads took: 0.0000560 seconds
318.115: Application time: 0.0514570 seconds
318.116: [GC318.116: [ParNew: 16023K->1004K(16640K), 0.0005360 secs] 31904K->17161K(55552K), 0.0005640 secs] [Times: user=0.00 sys=0.00, real=0.00 secs] 
318.116: Total time for which application threads were stopped: 0.0006840 seconds, Stopping threads took: 0.0000630 seconds
318.180: Application time: 0.0639880 seconds
318.180: [GC318.180: [ParNew: 15851K->967K(16640K), 0.0004410 secs] 32008K->17124K(55552K), 0.0004680 secs] [Times: user=0.00 sys=0.00, real=0.00 secs] 
318.181: Total time for which application threads were stopped: 0.0005700 seconds, Stopping threads took: 0.0000430 seconds
318.246: Application time: 0.0650850 seconds
318.246: [GC318.246: [ParNew: 15814K->989K(16640K), 0.0005250 secs] 31971K->17146K(55552K), 0.0005460 secs] [Times: user=0.01 sys=0.00, real=0.00 secs] 
318.246: Total time for which application threads were stopped: 0.0006650 seconds, Stopping threads took: 0.0000590 seconds
318.311: Application time: 0.0643840 seconds
318.311: [GC318.311: [ParNew: 15834K->1103K(16640K), 0.0004930 secs] 31991K->17260K(55552K), 0.0005200 secs] [Times: user=0.00 sys=0.00, real=0.00 secs] 
318.311: Total time for which application threads were stopped: 0.0006330 seconds, Stopping threads took: 0.0000610 seconds
318.376: Application time: 0.0645190 seconds
318.376: [GC318.376: [ParNew: 15950K->469K(16640K), 0.0005660 secs] 32107K->17253K(55552K), 0.0005930 secs] [Times: user=0.00 sys=0.00, real=0.00 secs] 
318.377: Total time for which application threads were stopped: 0.0007320 seconds, Stopping threads took: 0.0000810 seconds
318.437: Application time: 0.0606870 seconds
318.437: [GC318.438: [ParNew: 15313K->1007K(16640K), 0.0004580 secs] 32097K->17791K(55552K), 0.0004820 secs] [Times: user=0.00 sys=0.00, real=0.00 secs] 
318.438: Total time for which application threads were stopped: 0.0005950 seconds, Stopping threads took: 0.0000560 seconds
318.503: Application time: 0.0646160 seconds
318.507: [GC318.507: [ParNew: 15852K->1070K(16640K), 0.0006190 secs] 32636K->17855K(55552K), 0.0006450 secs] [Times: user=0.00 sys=0.00, real=0.00 secs] 
318.508: Total time for which application threads were stopped: 0.0051660 seconds, Stopping threads took: 0.0044700 seconds
318.574: Application time: 0.0666120 seconds
318.574: [GC318.575: [ParNew: 15918K->964K(16640K), 0.0004740 secs] 32702K->17939K(55552K), 0.0005020 secs] [Times: user=0.00 sys=0.00, real=0.00 secs] 
318.575: Total time for which application threads were stopped: 0.0006230 seconds, Stopping threads took: 0.0000640 seconds
318.634: Application time: 0.0592940 seconds
318.634: [GC318.634: [ParNew: 15808K->994K(16640K), 0.0004460 secs] 32783K->17968K(55552K), 0.0004720 secs] [Times: user=0.00 sys=0.00, real=0.00 secs] 
318.635: Total time for which application threads were stopped: 0.0005900 seconds, Stopping threads took: 0.0000530 seconds
318.689: Application time: 0.0539570 seconds
318.689: [GC318.689: [ParNew: 15839K->547K(16640K), 0.0005080 secs] 32813K->18092K(55552K), 0.0005350 secs] [Times: user=0.00 sys=0.00, real=0.00 secs] 
318.690: Total time for which application threads were stopped: 0.0006530 seconds, Stopping threads took: 0.0000590 seconds
318.755: Application time: 0.0650720 seconds
318.755: [GC318.755: [ParNew: 15394K->422K(16640K), 0.0003920 secs] 32939K->17966K(55552K), 0.0004180 secs] [Times: user=0.01 sys=0.00, real=0.00 secs] 
318.755: Total time for which application threads were stopped: 0.0005330 seconds, Stopping threads took: 0.0000550 seconds
318.822: Application time: 0.0667210 seconds
318.822: [GC318.822: [ParNew: 15267K->422K(16640K), 0.0003850 secs] 32812K->17967K(55552K), 0.0004120 secs] [Times: user=0.00 sys=0.00, real=0.00 secs] 
318.822: Total time for which application threads were stopped: 0.0005280 seconds, Stopping threads took: 0.0000590 seconds
318.875: Application time: 0.0528100 seconds
318.875: [GC318.875: [ParNew: 15269K->425K(16640K), 0.0004360 secs] 32814K->18160K(55552K), 0.0004640 secs] [Times: user=0.00 sys=0.00, real=0.00 secs] 
318.876: Total time for which application threads were stopped: 0.0005700 seconds, Stopping threads took: 0.0000470 seconds
318.935: Application time: 0.0595810 seconds
318.935: [GC318.935: [ParNew: 15269K->429K(16640K), 0.0004530 secs] 33004K->18164K(55552K), 0.0004780 secs] [Times: user=0.00 sys=0.00, real=0.00 secs] 
318.936: Total time for which application threads were stopped: 0.0006200 seconds, Stopping threads took: 0.0000860 seconds
318.988: Application time: 0.0521560 seconds
318.988: [GC318.988: [ParNew: 15277K->611K(16640K), 0.0003970 secs] 33012K->18346K(55552K), 0.0004240 secs] [Times: user=0.00 sys=0.00, real=0.00 secs] 
318.989: Total time for which application threads were stopped: 0.0005450 seconds, Stopping threads took: 0.0000630 seconds
319.047: Application time: 0.0580500 seconds
319.047: [GC319.047: [ParNew: 15457K->613K(16640K), 0.0004210 secs] 33192K->18347K(55552K), 0.0004490 secs] [Times: user=0.00 sys=0.00, real=0.01 secs] 
319.047: Total time for which application threads were stopped: 0.0005490 seconds, Stopping threads took: 0.0000470 seconds
319.111: Application time: 0.0639190 seconds
319.111: [GC319.111: [ParNew: 15460K->681K(16640K), 0.0004270 secs] 33195K->18415K(55552K), 0.0004530 secs] [Times: user=0.00 sys=0.00, real=0.00 secs] 
319.112: Total time for which application threads were stopped: 0.0005660 seconds, Stopping threads took: 0.0000620 seconds
319.178: Application time: 0.0664040 seconds
319.178: [GC319.178: [ParNew: 15528K->683K(16640K), 0.0004870 secs] 33263K->18418K(55552K), 0.0005140 secs] [Times: user=0.00 sys=0.00, real=0.00 secs] 
319.179: Total time for which application threads were stopped: 0.0006440 seconds, Stopping threads took: 0.0000730 seconds
319.245: Application time: 0.0663210 seconds
319.245: [GC319.245: [ParNew: 15531K->704K(16640K), 0.0004380 secs] 33265K->18439K(55552K), 0.0004650 secs] [Times: user=0.00 sys=0.00, real=0.00 secs] 
319.246: Total time for which application threads were stopped: 0.0005870 seconds, Stopping threads took: 0.0000710 seconds
319.310: Application time: 0.0642480 seconds
319.310: [GC319.310: [ParNew: 15551K->739K(16640K), 0.0004960 secs] 33286K->18474K(55552K), 0.0005240 secs] [Times: user=0.00 sys=0.00, real=0.00 secs] 
319.311: Total time for which application threads were stopped: 0.0006340 seconds, Stopping threads took: 0.0000460 seconds
319.377: Application time: 0.0667010 seconds
319.377: [GC319.377: [ParNew: 15586K->743K(16640K), 0.0004560 secs] 33321K->18477K(55552K), 0.0004830 secs] [Times: user=0.01 sys=0.00, real=0.00 secs] 
319.378: Total time for which application threads were stopped: 0.0006100 seconds, Stopping threads took: 0.0000690 seconds
319.443: Application time: 0.0653340 seconds
319.443: [GC319.443: [ParNew: 15589K->729K(16640K), 0.0004900 secs] 33324K->18492K(55552K), 0.0005230 secs] [Times: user=0.00 sys=0.00, real=0.00 secs] 
319.444: Total time for which application threads were stopped: 0.0006350 seconds, Stopping threads took: 0.0000550 seconds
319.512: Application time: 0.0686000 seconds
319.513: [GC319.513: [ParNew: 15574K->523K(16640K), 0.0004130 secs] 33338K->18505K(55552K), 0.0004400 secs] [Times: user=0.00 sys=0.00, real=0.00 secs] 
319.513: Total time for which application threads were stopped: 0.0005470 seconds, Stopping threads took: 0.0000540 seconds
319.580: Application time: 0.0673970 seconds
319.581: [GC319.581: [ParNew: 15370K->443K(16640K), 0.0004340 secs] 33352K->18425K(55552K), 0.0004660 secs] [Times: user=0.00 sys=0.00, real=0.00 secs] 
319.581: Total time for which application threads were stopped: 0.0005840 seconds, Stopping threads took: 0.0000600 seconds
319.639: Application time: 0.0578460 seconds
319.639: [GC319.639: [ParNew: 15289K->675K(16640K), 0.0004620 secs] 33271K->18658K(55552K), 0.0004870 secs] [Times: user=0.01 sys=0.00, real=0.01 secs] 
319.639: Total time for which application threads were stopped: 0.0005760 seconds, Stopping threads took: 0.0000340 seconds
319.695: Application time: 0.0552450 seconds
319.699: [GC319.699: [ParNew: 15521K->460K(16640K), 0.0004710 secs] 33503K->18660K(55552K), 0.0004990 secs] [Times: user=0.01 sys=0.00, real=0.00 secs] 
319.700: Total time for which application threads were stopped: 0.0049500 seconds, Stopping threads took: 0.0044000 seconds
319.743: Application time: 0.0433030 seconds
319.743: [GC319.743: [ParNew: 15307K->1023K(16640K), 0.0005330 secs] 33507K->19224K(55552K), 0.0005580 secs] [Times: user=0.01 sys=0.00, real=0.00 secs] 
319.744: Total time for which application threads were stopped: 0.0006840 seconds, Stopping threads took: 0.0000660 seconds
319.776: Application time: 0.0325450 seconds
319.776: [GC319.776: [ParNew: 15869K->947K(16640K), 0.0005410 secs] 34070K->19338K(55552K), 0.0005690 secs] [Times: user=0.00 sys=0.00, real=0.00 secs] 
319.777: Total time for which application threads were stopped: 0.0006870 seconds, Stopping threads took: 0.0000590 seconds
319.826: Application time: 0.0490710 seconds
319.826: [GC319.826: [ParNew: 15794K->1198K(16640K), 0.0004990 secs] 34184K->19589K(55552K), 0.0005260 secs] [Times: user=0.01 sys=0.00, real=0.00 secs] 
319.827: Total time for which application threads were stopped: 0.0006520 seconds, Stopping threads took: 0.0000610 seconds
319.879: Application time: 0.0523400 seconds
319.879: [GC319.879: [ParNew: 16046K->992K(16640K), 0.0005420 secs] 34436K->19601K(55552K), 0.0005660 secs] [Times: user=0.00 sys=0.00, real=0.00 secs] 
319.880: Total time for which application threads were stopped: 0.0006810 seconds, Stopping threads took: 0.0000530 seconds
319.943: Application time: 0.0638740 seconds
319.944: [GC319.944: [ParNew: 15839K->1053K(16640K), 0.0004680 secs] 34449K->19663K(55552K), 0.0004950 secs] [Times: user=0.00 sys=0.00, real=0.00 secs] 
319.944: Total time for which application threads were stopped: 0.0006280 seconds, Stopping threads took: 0.0000750 seconds
320.009: Application time: 0.0652060 seconds
320.009: [GC320.009: [ParNew: 15901K->989K(16640K), 0.0005240 secs] 34510K->19599K(55552K), 0.0005520 secs] [Times: user=0.00 sys=0.00, real=0.00 secs] 
320.010: Total time for which application threads were stopped: 0.0006610 seconds, Stopping threads took: 0.0000560 seconds
320.073: Application time: 0.0634890 seconds
320.074: [GC320.074: [ParNew: 15836K->1221K(16640K), 0.0005800 secs] 34446K->19831K(55552K), 0.0006070 secs] [Times: user=0.00 sys=0.00, real=0.00 secs] 
320.074: Total time for which application threads were stopped: 0.0007140 seconds, Stopping threads took: 0.0000520 seconds
320.139: Application time: 0.0652480 seconds
320.140: [GC320.140: [ParNew: 16069K->882K(16640K), 0.0005680 secs] 34678K->19795K(55552K), 0.0005980 secs] [Times: user=0.01 sys=0.00, real=0.00 secs] 
320.140: Total time for which application threads were stopped: 0.0007460 seconds, Stopping threads took: 0.0000880 seconds
320.201: Application time: 0.0607700 seconds
320.201: [GC320.201: [ParNew: 15728K->1055K(16640K), 0.0004670 secs] 34641K->19969K(55552K), 0.0005010 secs] [Times: user=0.00 sys=0.00, real=0.00 secs] 
320.202: Total time for which application threads were stopped: 0.0006070 seconds, Stopping threads took: 0.0000570 seconds
320.267: Application time: 0.0649810 seconds
320.267: [GC320.267: [ParNew: 15900K->1114K(16640K), 0.0004590 secs] 34814K->20028K(55552K), 0.0004860 secs] [Times: user=0.00 sys=0.00, real=0.01 secs] 
320.267: Total time for which application threads were stopped: 0.0006220 seconds, Stopping threads took: 0.0000810 seconds
320.334: Application time: 0.0668770 seconds
320.334: [GC320.334: [ParNew: 15961K->928K(16640K), 0.0005770 secs] 34875K->20033K(55552K), 0.0006030 secs] [Times: user=0.01 sys=0.00, real=0.00 secs] 
320.335: Total time for which application threads were stopped: 0.0007370 seconds, Stopping threads took: 0.0000670 seconds
320.392: Application time: 0.0575140 seconds
320.392: [GC320.392: [ParNew: 15775K->1014K(16640K), 0.0005260 secs] 34879K->20118K(55552K), 0.0005520 secs] [Times: user=0.00 sys=0.00, real=0.00 secs] 
320.393: Total time for which application threads were stopped: 0.0006700 seconds, Stopping threads took: 0.0000600 seconds
320.448: Application time: 0.0554350 seconds
320.449: [GC320.449: [ParNew: 15859K->526K(16640K), 0.0004960 secs] 34963K->20200K(55552K), 0.0005220 secs] [Times: user=0.00 sys=0.00, real=0.00 secs] 
320.449: Total time for which application threads were stopped: 0.0006240 seconds, Stopping threads took: 0.0000520 seconds
320.515: Application time: 0.0655240 seconds
320.515: [GC320.515: [ParNew: 15373K->423K(16640K), 0.0003680 secs] 35047K->20097K(55552K), 0.0003950 secs] [Times: user=0.00 sys=0.00, real=0.00 secs] 
320.515: Total time for which application threads were stopped: 0.0004950 seconds, Stopping threads took: 0.0000440 seconds
320.581: Application time: 0.0654440 seconds
320.581: [GC320.581: [ParNew: 15268K->618K(16640K), 0.0003760 secs] 34942K->20293K(55552K), 0.0004030 secs] [Times: user=0.01 sys=0.00, real=0.00 secs] 
320.581: Total time for which application threads were stopped: 0.0005020 seconds, Stopping threads took: 0.0000420 seconds
320.629: Application time: 0.0476080 seconds
320.629: [GC320.629: [ParNew: 15462K->423K(16640K), 0.0003980 secs] 35136K->20288K(55552K), 0.0004250 secs] [Times: user=0.01 sys=0.00, real=0.00 secs] 
320.629: Total time for which application threads were stopped: 0.0005490 seconds, Stopping threads took: 0.0000660 seconds
320.694: Application time: 0.0649590 seconds
320.694: [GC320.694: [ParNew: 15271K->404K(16640K), 0.0003880 secs] 35136K->20269K(55552K), 0.0004130 secs] [Times: user=0.00 sys=0.00, real=0.00 secs] 
320.695: Total time for which application threads were stopped: 0.0005320 seconds, Stopping threads took: 0.0000610 seconds
320.743: Application time: 0.0481690 seconds
320.743: [GC320.743: [ParNew: 15249K->604K(16640K), 0.0004190 secs] 35114K->20469K(55552K), 0.0004470 secs] [Times: user=0.00 sys=0.00, real=0.00 secs] 
320.743: Total time for which application threads were stopped: 0.0005740 seconds, Stopping threads took: 0.0000690 seconds
320.806: Application time: 0.0629640 seconds
320.806: [GC320.807: [ParNew: 15363K->545K(16640K), 0.0004400 secs] 35227K->20410K(55552K), 0.0004660 secs] [Times: user=0.00 sys=0.00, real=0.00 secs] 
320.807: Total time for which application threads were stopped: 0.0005820 seconds, Stopping threads took: 0.0000630 seconds
320.871: Application time: 0.0636430 seconds
320.871: [GC320.871: [ParNew: 15392K->686K(16640K), 0.0004150 secs] 35256K->20550K(55552K), 0.0004430 secs] [Times: user=0.01 sys=0.00, real=0.00 secs] 
320.871: Total time for which application threads were stopped: 0.0005740 seconds, Stopping threads took: 0.0000660 seconds
320.937: Application time: 0.0659930 seconds
320.937: [GC320.937: [ParNew: 15533K->725K(16640K), 0.0004260 secs] 35398K->20589K(55552K), 0.0004530 secs] [Times: user=0.01 sys=0.00, real=0.00 secs] 
320.938: Total time for which application threads were stopped: 0.0005830 seconds, Stopping threads took: 0.0000710 seconds
321.004: Application time: 0.0666940 seconds
321.005: [GC321.005: [ParNew: 15572K->735K(16640K), 0.0003840 secs] 35436K->20600K(55552K), 0.0004160 secs] [Times: user=0.00 sys=0.00, real=0.00 secs] 
321.005: Total time for which application threads were stopped: 0.0005130 seconds, Stopping threads took: 0.0000460 seconds
321.070: Application time: 0.0650800 seconds
321.070: [GC321.070: [ParNew: 15581K->770K(16640K), 0.0004810 secs] 35445K->20634K(55552K), 0.0005060 secs] [Times: user=0.00 sys=0.00, real=0.00 secs] 
321.071: Total time for which application threads were stopped: 0.0006180 seconds, Stopping threads took: 0.0000580 seconds
321.136: Application time: 0.0656070 seconds
321.136: [GC321.136: [ParNew: 15615K->732K(16640K), 0.0005150 secs] 35479K->20596K(55552K), 0.0005410 secs] [Times: user=0.00 sys=0.00, real=0.00 secs] 
321.137: Total time for which application threads were stopped: 0.0006570 seconds, Stopping threads took: 0.0000590 seconds
321.203: Application time: 0.0660900 seconds
321.203: [GC321.203: [ParNew: 15576K->736K(16640K), 0.0004460 secs] 35440K->20629K(55552K), 0.0004720 secs] [Times: user=0.00 sys=0.00, real=0.00 secs] 
321.204: Total time for which application threads were stopped: 0.0006150 seconds, Stopping threads took: 0.0000930 seconds
321.271: Application time: 0.0669060 seconds
321.271: [GC321.271: [ParNew: 15584K->487K(16640K), 0.0004640 secs] 35477K->20599K(55552K), 0.0004910 secs] [Times: user=0.00 sys=0.00, real=0.00 secs] 
321.271: Total time for which application threads were stopped: 0.0005970 seconds, Stopping threads took: 0.0000490 seconds
321.338: Application time: 0.0673020 seconds
321.339: [GC321.339: [ParNew: 15334K->449K(16640K), 0.0004030 secs] 35446K->20560K(55552K), 0.0004300 secs] [Times: user=0.00 sys=0.00, real=0.00 secs] 
321.339: Total time for which application threads were stopped: 0.0005450 seconds, Stopping threads took: 0.0000560 seconds
321.390: Application time: 0.0514170 seconds
321.391: [GC321.391: [ParNew: 15295K->673K(16640K), 0.0004670 secs] 35407K->20785K(55552K), 0.0004960 secs] [Times: user=0.00 sys=0.00, real=0.00 secs] 
321.391: Total time for which application threads were stopped: 0.0006380 seconds, Stopping threads took: 0.0000720 seconds
321.452: Application time: 0.0610940 seconds
321.452: [GC321.452: [ParNew: 15517K->499K(16640K), 0.0004820 secs] 35628K->20829K(55552K), 0.0005090 secs] [Times: user=0.01 sys=0.00, real=0.00 secs] 
321.453: Total time for which application threads were stopped: 0.0006250 seconds, Stopping threads took: 0.0000650 seconds
321.484: Application time: 0.0313800 seconds
321.484: [GC321.484: [ParNew: 15347K->1028K(16640K), 0.0005480 secs] 35677K->21358K(55552K), 0.0005730 secs] [Times: user=0.00 sys=0.00, real=0.00 secs] 
321.485: Total time for which application threads were stopped: 0.0006850 seconds, Stopping threads took: 0.0000560 seconds
321.524: Application time: 0.0392630 seconds
321.527: [GC321.527: [ParNew: 15874K->951K(16640K), 0.0005050 secs] 36205K->21471K(55552K), 0.0005330 secs] [Times: user=0.00 sys=0.00, real=0.00 secs] 
321.528: Total time for which application threads were stopped: 0.0035530 seconds, Stopping threads took: 0.0029610 seconds
321.575: Application time: 0.0474480 seconds
321.575: [GC321.575: [ParNew: 15795K->1211K(16640K), 0.0005850 secs] 36315K->21731K(55552K), 0.0006120 secs] [Times: user=0.00 sys=0.00, real=0.00 secs] 
321.576: Total time for which application threads were stopped: 0.0007210 seconds, Stopping threads took: 0.0000500 seconds
321.635: Application time: 0.0587750 seconds
321.635: [GC321.635: [ParNew: 16059K->1075K(16640K), 0.0006270 secs] 36579K->21843K(55552K), 0.0006590 secs] [Times: user=0.00 sys=0.00, real=0.00 secs] 
321.635: Total time for which application threads were stopped: 0.0007970 seconds, Stopping threads took: 0.0000680 seconds
321.700: Application time: 0.0649870 seconds
321.701: [GC321.701: [ParNew: 15920K->925K(16640K), 0.0004840 secs] 36688K->21692K(55552K), 0.0005100 secs] [Times: user=0.00 sys=0.00, real=0.00 secs] 
321.701: Total time for which application threads were stopped: 0.0006390 seconds, Stopping threads took: 0.0000690 seconds
321.767: Application time: 0.0655600 seconds
321.767: [GC321.767: [ParNew: 15772K->989K(16640K), 0.0004920 secs] 36539K->21757K(55552K), 0.0005200 secs] [Times: user=0.00 sys=0.00, real=0.01 secs] 
321.767: Total time for which application threads were stopped: 0.0006460 seconds, Stopping threads took: 0.0000710 seconds
321.831: Application time: 0.0636530 seconds
321.831: [GC321.831: [ParNew: 15834K->1187K(16640K), 0.0005070 secs] 36602K->21955K(55552K), 0.0005360 secs] [Times: user=0.00 sys=0.00, real=0.00 secs] 
321.832: Total time for which application threads were stopped: 0.0006610 seconds, Stopping threads took: 0.0000620 seconds
321.894: Application time: 0.0628820 seconds
321.895: [GC321.895: [ParNew: 16034K->1077K(16640K), 0.0005350 secs] 36801K->21931K(55552K), 0.0005600 secs] [Times: user=0.01 sys=0.00, real=0.00 secs] 
321.895: Total time for which application threads were stopped: 0.0006950 seconds, Stopping threads took: 0.0000670 seconds
321.959: Application time: 0.0635860 seconds
321.959: [GC321.959: [ParNew: 15921K->1074K(16640K), 0.0004740 secs] 36775K->21928K(55552K), 0.0005030 secs] [Times: user=0.00 sys=0.00, real=0.01 secs] 
321.959: Total time for which application threads were stopped: 0.0006220 seconds, Stopping threads took: 0.0000660 seconds
322.025: Application time: 0.0653570 seconds
322.025: [GC322.025: [ParNew: 15918K->1118K(16640K), 0.0004600 secs] 36772K->21972K(55552K), 0.0004840 secs] [Times: user=0.01 sys=0.00, real=0.00 secs] 
322.025: Total time for which application threads were stopped: 0.0005890 seconds, Stopping threads took: 0.0000480 seconds
322.092: Application time: 0.0670450 seconds
322.092: [GC322.092: [ParNew: 15965K->891K(16640K), 0.0004990 secs] 36819K->21936K(55552K), 0.0005260 secs] [Times: user=0.00 sys=0.00, real=0.00 secs] 
322.093: Total time for which application threads were stopped: 0.0006420 seconds, Stopping threads took: 0.0000570 seconds
322.154: Application time: 0.0614420 seconds
322.155: [GC322.155: [ParNew: 15739K->941K(16640K), 0.0004470 secs] 36783K->21985K(55552K), 0.0004790 secs] [Times: user=0.00 sys=0.00, real=0.00 secs] 
322.155: Total time for which application threads were stopped: 0.0005930 seconds, Stopping threads took: 0.0000620 seconds
322.207: Application time: 0.0520810 seconds
322.207: [GC322.207: [ParNew: 15788K->1070K(16640K), 0.0005340 secs] 36832K->22114K(55552K), 0.0005600 secs] [Times: user=0.01 sys=0.00, real=0.00 secs] 
322.208: Total time for which application threads were stopped: 0.0006570 seconds, Stopping threads took: 0.0000460 seconds
322.273: Application time: 0.0655070 seconds
322.273: [GC322.273: [ParNew: 15914K->913K(16640K), 0.0004810 secs] 36958K->22147K(55552K), 0.0005070 secs] [Times: user=0.00 sys=0.00, real=0.00 secs] 
322.274: Total time for which application threads were stopped: 0.0006240 seconds, Stopping threads took: 0.0000620 seconds
322.334: Application time: 0.0599590 seconds
322.334: [GC322.334: [ParNew: 15760K->707K(16640K), 0.0004770 secs] 36994K->22321K(55552K), 0.0005030 secs] [Times: user=0.00 sys=0.00, real=0.00 secs] 
322.335: Total time for which application threads were stopped: 0.0006070 seconds, Stopping threads took: 0.0000470 seconds
322.388: Application time: 0.0533700 seconds
322.388: [GC322.388: [ParNew: 15554K->434K(16640K), 0.0004160 secs] 37169K->22239K(55552K), 0.0004430 secs] [Times: user=0.00 sys=0.00, real=0.00 secs] 
322.388: Total time for which application threads were stopped: 0.0005780 seconds, Stopping threads took: 0.0000780 seconds
322.454: Application time: 0.0652920 seconds
322.454: [GC322.454: [ParNew: 15282K->423K(16640K), 0.0003620 secs] 37086K->22228K(55552K), 0.0003890 secs] [Times: user=0.00 sys=0.00, real=0.00 secs] 
322.454: Total time for which application threads were stopped: 0.0005140 seconds, Stopping threads took: 0.0000670 seconds
322.503: Application time: 0.0483180 seconds
322.503: [GC322.503: [ParNew: 15268K->615K(16640K), 0.0003870 secs] 37072K->22419K(55552K), 0.0004220 secs] [Times: user=0.00 sys=0.00, real=0.00 secs] 
322.503: Total time for which application threads were stopped: 0.0005320 seconds, Stopping threads took: 0.0000580 seconds
322.568: Application time: 0.0652970 seconds
322.569: [GC322.569: [ParNew: 15461K->421K(16640K), 0.0004240 secs] 37265K->22225K(55552K), 0.0004510 secs] [Times: user=0.01 sys=0.00, real=0.00 secs] 
322.569: Total time for which application threads were stopped: 0.0005840 seconds, Stopping threads took: 0.0000770 seconds
322.633: Application time: 0.0635090 seconds
322.633: [GC322.633: [ParNew: 15264K->674K(16640K), 0.0004080 secs] 37069K->22478K(55552K), 0.0004320 secs] [Times: user=0.00 sys=0.00, real=0.00 secs] 
322.633: Total time for which application threads were stopped: 0.0005460 seconds, Stopping threads took: 0.0000570 seconds
322.700: Application time: 0.0672950 seconds
322.700: [GC322.700: [ParNew: 15521K->675K(16640K), 0.0004230 secs] 37326K->22479K(55552K), 0.0004500 secs] [Times: user=0.00 sys=0.00, real=0.00 secs] 
322.701: Total time for which application threads were stopped: 0.0005580 seconds, Stopping threads took: 0.0000560 seconds
322.765: Application time: 0.0644910 seconds
322.765: [GC322.766: [ParNew: 15523K->704K(16640K), 0.0004800 secs] 37327K->22509K(55552K), 0.0005070 secs] [Times: user=0.00 sys=0.00, real=0.00 secs] 
322.766: Total time for which application threads were stopped: 0.0006110 seconds, Stopping threads took: 0.0000520 seconds
322.833: Application time: 0.0665890 seconds
322.833: [GC322.833: [ParNew: 15552K->761K(16640K), 0.0004120 secs] 37356K->22566K(55552K), 0.0004380 secs] [Times: user=0.01 sys=0.00, real=0.00 secs] 
322.833: Total time for which application threads were stopped: 0.0005550 seconds, Stopping threads took: 0.0000620 seconds
322.899: Application time: 0.0655480 seconds
322.899: [GC322.899: [ParNew: 15608K->734K(16640K), 0.0004180 secs] 37413K->22538K(55552K), 0.0004440 secs] [Times: user=0.00 sys=0.00, real=0.01 secs] 
322.899: Total time for which application threads were stopped: 0.0005500 seconds, Stopping threads took: 0.0000560 seconds
322.968: Application time: 0.0683710 seconds
322.968: [GC322.968: [ParNew: 15582K->785K(16640K), 0.0004080 secs] 37386K->22590K(55552K), 0.0004300 secs] [Times: user=0.00 sys=0.00, real=0.00 secs] 
322.968: Total time for which application threads were stopped: 0.0005550 seconds, Stopping threads took: 0.0000630 seconds
323.036: Application time: 0.0676570 seconds
323.036: [GC323.036: [ParNew: 15632K->498K(16640K), 0.0004560 secs] 37437K->22549K(55552K), 0.0004850 secs] [Times: user=0.00 sys=0.00, real=0.00 secs] 
323.036: Total time for which application threads were stopped: 0.0005960 seconds, Stopping threads took: 0.0000540 seconds
323.098: Application time: 0.0619510 seconds
323.098: [GC323.099: [ParNew: 15344K->561K(16640K), 0.0004140 secs] 37396K->22613K(55552K), 0.0004390 secs] [Times: user=0.00 sys=0.00, real=0.00 secs] 
323.099: Total time for which application threads were stopped: 0.0005450 seconds, Stopping threads took: 0.0000490 seconds
323.151: Application time: 0.0519270 seconds
323.151: [GC323.151: [ParNew: 15408K->477K(16640K), 0.0004610 secs] 37460K->22747K(55552K), 0.0004890 secs] [Times: user=0.00 sys=0.00, real=0.00 secs] 
323.151: Total time for which application threads were stopped: 0.0005990 seconds, Stopping threads took: 0.0000600 seconds
323.213: Application time: 0.0614990 seconds
323.215: [GC323.215: [ParNew: 15321K->642K(16640K), 0.0004140 secs] 37592K->22912K(55552K), 0.0004410 secs] [Times: user=0.00 sys=0.00, real=0.00 secs] 
323.216: Total time for which application threads were stopped: 0.0025920 seconds, Stopping threads took: 0.0020960 seconds
323.251: Application time: 0.0358690 seconds
323.252: [GC323.252: [ParNew: 15489K->656K(16640K), 0.0004940 secs] 37759K->23117K(55552K), 0.0005220 secs] [Times: user=0.00 sys=0.00, real=0.00 secs] 
323.252: Total time for which application threads were stopped: 0.0006430 seconds, Stopping threads took: 0.0000690 seconds
323.293: Application time: 0.0406980 seconds
323.293: [GC323.293: [ParNew: 15504K->756K(16640K), 0.0004450 secs] 37964K->23216K(55552K), 0.0004800 secs] [Times: user=0.00 sys=0.00, real=0.00 secs] 
323.293: Total time for which application threads were stopped: 0.0005970 seconds, Stopping threads took: 0.0000600 seconds
323.340: Application time: 0.0464590 seconds
323.340: [GC323.340: [ParNew: 15602K->1160K(16640K), 0.0005210 secs] 38062K->23620K(55552K), 0.0005490 secs] [Times: user=0.00 sys=0.00, real=0.00 secs] 
323.341: Total time for which application threads were stopped: 0.0006970 seconds, Stopping threads took: 0.0000880 seconds
323.399: Application time: 0.0588600 seconds
323.400: [GC323.400: [ParNew: 16005K->950K(16640K), 0.0005420 secs] 38466K->23629K(55552K), 0.0005700 secs] [Times: user=0.00 sys=0.00, real=0.00 secs] 
323.400: Total time for which application threads were stopped: 0.0006960 seconds, Stopping threads took: 0.0000740 seconds
323.464: Application time: 0.0641590 seconds
323.464: [GC323.464: [ParNew: 15797K->1011K(16640K), 0.0004690 secs] 38476K->23690K(55552K), 0.0004960 secs] [Times: user=0.01 sys=0.00, real=0.00 secs] 
323.465: Total time for which application threads were stopped: 0.0006110 seconds, Stopping threads took: 0.0000610 seconds
323.529: Application time: 0.0644260 seconds
323.529: [GC323.529: [ParNew: 15855K->1247K(16640K), 0.0005650 secs] 38534K->23926K(55552K), 0.0005910 secs] [Times: user=0.00 sys=0.00, real=0.00 secs] 
323.530: Total time for which application threads were stopped: 0.0007160 seconds, Stopping threads took: 0.0000580 seconds
323.594: Application time: 0.0643340 seconds
323.594: [GC323.594: [ParNew: 16092K->714K(16640K), 0.0005400 secs] 38771K->23887K(55552K), 0.0005680 secs] [Times: user=0.01 sys=0.00, real=0.00 secs] 
323.595: Total time for which application threads were stopped: 0.0006860 seconds, Stopping threads took: 0.0000520 seconds
323.658: Application time: 0.0632720 seconds
323.658: [GC323.658: [ParNew: 15561K->1002K(16640K), 0.0004440 secs] 38734K->24176K(55552K), 0.0004710 secs] [Times: user=0.01 sys=0.00, real=0.00 secs] 
323.659: Total time for which application threads were stopped: 0.0005810 seconds, Stopping threads took: 0.0000590 seconds
323.722: Application time: 0.0632360 seconds
323.727: [GC323.727: [ParNew: 15848K->1047K(16640K), 0.0004990 secs] 39022K->24221K(55552K), 0.0005280 secs] [Times: user=0.00 sys=0.00, real=0.00 secs] 
323.728: Total time for which application threads were stopped: 0.0055030 seconds, Stopping threads took: 0.0049170 seconds
323.793: Application time: 0.0656580 seconds
323.793: [GC323.793: [ParNew: 15894K->1061K(16640K), 0.0005250 secs] 39068K->24235K(55552K), 0.0005550 secs] [Times: user=0.00 sys=0.00, real=0.00 secs] 
323.794: Total time for which application threads were stopped: 0.0006970 seconds, Stopping threads took: 0.0000840 seconds
323.861: Application time: 0.0668750 seconds
323.861: [GC323.861: [ParNew: 15908K->958K(16640K), 0.0005980 secs] 39082K->24322K(55552K), 0.0006260 secs] [Times: user=0.00 sys=0.00, real=0.00 secs] 
323.862: Total time for which application threads were stopped: 0.0007270 seconds, Stopping threads took: 0.0000470 seconds
323.914: Application time: 0.0523720 seconds
323.914: [GC323.914: [ParNew: 15804K->1005K(16640K), 0.0004970 secs] 39169K->24369K(55552K), 0.0005240 secs] [Times: user=0.01 sys=0.00, real=0.00 secs] 
323.915: Total time for which application threads were stopped: 0.0006610 seconds, Stopping threads took: 0.0000820 seconds
323.975: Application time: 0.0604480 seconds
323.975: [GC323.975: [ParNew: 15848K->856K(16640K), 0.0005010 secs] 39212K->24410K(55552K), 0.0005280 secs] [Times: user=0.00 sys=0.00, real=0.00 secs] 
323.976: Total time for which application threads were stopped: 0.0006370 seconds, Stopping threads took: 0.0000500 seconds
324.042: Application time: 0.0666300 seconds
324.042: [GC324.042: [ParNew: 15704K->847K(16640K), 0.0004790 secs] 39258K->24401K(55552K), 0.0005050 secs] [Times: user=0.00 sys=0.00, real=0.00 secs] 
324.043: Total time for which application threads were stopped: 0.0006340 seconds, Stopping threads took: 0.0000570 seconds
324.092: Application time: 0.0492420 seconds
324.092: [GC324.092: [ParNew: 15693K->704K(16640K), 0.0005570 secs] 39247K->24638K(55552K), 0.0005850 secs] [Times: user=0.01 sys=0.00, real=0.00 secs] 
324.093: Total time for which application threads were stopped: 0.0007190 seconds, Stopping threads took: 0.0000760 seconds
324.155: Application time: 0.0624790 seconds
324.156: [GC324.156: [ParNew: 15550K->427K(16640K), 0.0004180 secs] 39484K->24552K(55552K), 0.0004450 secs] [Times: user=0.00 sys=0.00, real=0.00 secs] 
324.156: Total time for which application threads were stopped: 0.0005690 seconds, Stopping threads took: 0.0000720 seconds
324.210: Application time: 0.0536280 seconds
324.211: [GC324.211: [ParNew: 15273K->632K(16640K), 0.0004810 secs] 39397K->24756K(55552K), 0.0005100 secs] [Times: user=0.00 sys=0.00, real=0.00 secs] 
324.212: Total time for which application threads were stopped: 0.0019930 seconds, Stopping threads took: 0.0014280 seconds
324.269: Application time: 0.0574830 seconds
324.269: [GC324.269: [ParNew: 15477K->599K(16640K), 0.0004180 secs] 39601K->24723K(55552K), 0.0004450 secs] [Times: user=0.00 sys=0.00, real=0.00 secs] 
324.270: Total time for which application threads were stopped: 0.0005750 seconds, Stopping threads took: 0.0000760 seconds
324.332: Application time: 0.0623270 seconds
324.332: [GC324.332: [ParNew: 15445K->725K(16640K), 0.0004570 secs] 39569K->24849K(55552K), 0.0004840 secs] [Times: user=0.00 sys=0.00, real=0.00 secs] 
324.333: Total time for which application threads were stopped: 0.0006030 seconds, Stopping threads took: 0.0000660 seconds
324.399: Application time: 0.0660430 seconds
324.399: [GC324.399: [ParNew: 15572K->691K(16640K), 0.0004250 secs] 39696K->24815K(55552K), 0.0004530 secs] [Times: user=0.01 sys=0.00, real=0.01 secs] 
324.399: Total time for which application threads were stopped: 0.0005580 seconds, Stopping threads took: 0.0000460 seconds
324.465: Application time: 0.0660920 seconds
324.465: [GC324.465: [ParNew: 15538K->725K(16640K), 0.0004400 secs] 39662K->24849K(55552K), 0.0004670 secs] [Times: user=0.00 sys=0.00, real=0.00 secs] 
324.466: Total time for which application threads were stopped: 0.0005870 seconds, Stopping threads took: 0.0000680 seconds
324.530: Application time: 0.0640030 seconds
324.531: [GC324.531: [ParNew: 15570K->750K(16640K), 0.0003950 secs] 39694K->24875K(55552K), 0.0004160 secs] [Times: user=0.00 sys=0.00, real=0.00 secs] 
324.532: Total time for which application threads were stopped: 0.0016130 seconds, Stopping threads took: 0.0011400 seconds
324.598: Application time: 0.0661380 seconds
324.599: [GC324.599: [ParNew: 15596K->760K(16640K), 0.0004660 secs] 39720K->24884K(55552K), 0.0016790 secs] [Times: user=0.00 sys=0.00, real=0.00 secs] 
324.601: Total time for which application threads were stopped: 0.0031530 seconds, Stopping threads took: 0.0014030 seconds
324.668: Application time: 0.0674590 seconds
324.668: [GC324.668: [ParNew: 15608K->791K(16640K), 0.0004330 secs] 39732K->24915K(55552K), 0.0004630 secs] [Times: user=0.01 sys=0.00, real=0.00 secs] 
324.669: Total time for which application threads were stopped: 0.0005870 seconds, Stopping threads took: 0.0000710 seconds
324.736: Application time: 0.0668950 seconds
324.736: [GC324.736: [ParNew: 15638K->551K(16640K), 0.0004410 secs] 39763K->24922K(55552K), 0.0004690 secs] [Times: user=0.00 sys=0.00, real=0.00 secs] 
324.736: Total time for which application threads were stopped: 0.0006120 seconds, Stopping threads took: 0.0000840 seconds
324.803: Application time: 0.0670810 seconds
324.804: [GC324.804: [ParNew: 15398K->451K(16640K), 0.0003800 secs] 39769K->24822K(55552K), 0.0004080 secs] [Times: user=0.00 sys=0.00, real=0.00 secs] 
324.804: Total time for which application threads were stopped: 0.0005240 seconds, Stopping threads took: 0.0000670 seconds
324.860: Application time: 0.0563070 seconds
324.860: [GC324.860: [ParNew: 15295K->644K(16640K), 0.0004110 secs] 39666K->25016K(55552K), 0.0004480 secs] [Times: user=0.00 sys=0.00, real=0.00 secs] 
324.861: Total time for which application threads were stopped: 0.0005490 seconds, Stopping threads took: 0.0000490 seconds
324.917: Application time: 0.0562740 seconds
324.917: [GC324.917: [ParNew: 15489K->469K(16640K), 0.0005040 secs] 39861K->25059K(55552K), 0.0005290 secs] [Times: user=0.01 sys=0.00, real=0.00 secs] 
324.918: Total time for which application threads were stopped: 0.0006400 seconds, Stopping threads took: 0.0000570 seconds
324.971: Application time: 0.0532700 seconds
324.971: [GC324.971: [ParNew: 15315K->811K(16640K), 0.0005000 secs] 39905K->25401K(55552K), 0.0005240 secs] [Times: user=0.00 sys=0.00, real=0.00 secs] 
324.972: Total time for which application threads were stopped: 0.0006370 seconds, Stopping threads took: 0.0000570 seconds
325.006: Application time: 0.0341440 seconds
325.006: [GC325.006: [ParNew: 15659K->932K(16640K), 0.0004940 secs] 40249K->25712K(55552K), 0.0005210 secs] [Times: user=0.00 sys=0.00, real=0.00 secs] 
325.006: Total time for which application threads were stopped: 0.0006390 seconds, Stopping threads took: 0.0000650 seconds
325.052: Application time: 0.0458970 seconds
325.052: [GC325.052: [ParNew: 15779K->1187K(16640K), 0.0004930 secs] 40559K->25967K(55552K), 0.0005210 secs] [Times: user=0.01 sys=0.00, real=0.00 secs] 
325.053: Total time for which application threads were stopped: 0.0006200 seconds, Stopping threads took: 0.0000470 seconds
325.098: Application time: 0.0447310 seconds
325.098: [GC325.098: [ParNew: 16031K->1021K(16640K), 0.0005300 secs] 40812K->26020K(55552K), 0.0005570 secs] [Times: user=0.01 sys=0.00, real=0.00 secs] 
325.098: Total time for which application threads were stopped: 0.0006830 seconds, Stopping threads took: 0.0000680 seconds
325.161: Application time: 0.0626240 seconds
325.161: [GC325.161: [ParNew: 15866K->1019K(16640K), 0.0005290 secs] 40865K->26018K(55552K), 0.0005570 secs] [Times: user=0.00 sys=0.00, real=0.00 secs] 
325.162: Total time for which application threads were stopped: 0.0006840 seconds, Stopping threads took: 0.0000650 seconds
325.227: Application time: 0.0651830 seconds
325.231: [GC325.231: [ParNew: 15867K->1000K(16640K), 0.0005940 secs] 40865K->25999K(55552K), 0.0006230 secs] [Times: user=0.00 sys=0.00, real=0.00 secs] 
325.232: Total time for which application threads were stopped: 0.0048810 seconds, Stopping threads took: 0.0042010 seconds
325.295: Application time: 0.0636210 seconds
325.296: [GC325.296: [ParNew: 15845K->1218K(16640K), 0.0005150 secs] 40844K->26217K(55552K), 0.0005410 secs] [Times: user=0.00 sys=0.00, real=0.00 secs] 
325.296: Total time for which application threads were stopped: 0.0006780 seconds, Stopping threads took: 0.0000800 seconds
325.361: Application time: 0.0653840 seconds
325.362: [GC325.362: [ParNew: 16066K->717K(16640K), 0.0005580 secs] 41065K->26211K(55552K), 0.0005850 secs] [Times: user=0.00 sys=0.00, real=0.00 secs] 
325.362: Total time for which application threads were stopped: 0.0007120 seconds, Stopping threads took: 0.0000760 seconds
325.424: Application time: 0.0614870 seconds
325.424: [GC325.424: [ParNew: 15565K->1014K(16640K), 0.0005080 secs] 41058K->26507K(55552K), 0.0005360 secs] [Times: user=0.01 sys=0.00, real=0.00 secs] 
325.424: Total time for which application threads were stopped: 0.0006540 seconds, Stopping threads took: 0.0000600 seconds
325.489: Application time: 0.0650080 seconds
325.489: [GC325.489: [ParNew: 15858K->1080K(16640K), 0.0005270 secs] 41351K->26573K(55552K), 0.0005540 secs] [Times: user=0.00 sys=0.00, real=0.00 secs] 
325.490: Total time for which application threads were stopped: 0.0006670 seconds, Stopping threads took: 0.0000570 seconds
325.557: Application time: 0.0669180 seconds
325.557: [GC325.557: [ParNew: 15927K->919K(16640K), 0.0004740 secs] 41420K->26603K(55552K), 0.0005010 secs] [Times: user=0.00 sys=0.00, real=0.00 secs] 
325.558: Total time for which application threads were stopped: 0.0006230 seconds, Stopping threads took: 0.0000730 seconds
325.623: Application time: 0.0654220 seconds
325.623: [GC325.623: [ParNew: 15764K->1056K(16640K), 0.0004680 secs] 41447K->26739K(55552K), 0.0005030 secs] [Times: user=0.00 sys=0.00, real=0.00 secs] 
325.624: Total time for which application threads were stopped: 0.0006170 seconds, Stopping threads took: 0.0000610 seconds
325.672: Application time: 0.0481880 seconds
325.672: [GC325.672: [ParNew: 15900K->745K(16640K), 0.0004920 secs] 41584K->26809K(55552K), 0.0005200 secs] [Times: user=0.00 sys=0.00, real=0.00 secs] 
325.672: Total time for which application threads were stopped: 0.0006460 seconds, Stopping threads took: 0.0000600 seconds
325.738: Application time: 0.0652070 seconds
325.738: [GC325.738: [ParNew: 15590K->593K(16640K), 0.0004410 secs] 41654K->26657K(55552K), 0.0004690 secs] [Times: user=0.00 sys=0.00, real=0.00 secs] 
325.738: Total time for which application threads were stopped: 0.0005860 seconds, Stopping threads took: 0.0000600 seconds
325.805: Application time: 0.0668200 seconds
325.805: [GC325.805: [ParNew: 15441K->632K(16640K), 0.0004380 secs] 41504K->26696K(55552K), 0.0004650 secs] [Times: user=0.00 sys=0.00, real=0.00 secs] 
325.806: Total time for which application threads were stopped: 0.0005770 seconds, Stopping threads took: 0.0000620 seconds
325.854: Application time: 0.0483710 seconds
325.854: [GC325.854: [ParNew: 15476K->640K(16640K), 0.0004820 secs] 41540K->26894K(55552K), 0.0005110 secs] [Times: user=0.01 sys=0.00, real=0.00 secs] 
325.855: Total time for which application threads were stopped: 0.0006100 seconds, Stopping threads took: 0.0000480 seconds
325.918: Application time: 0.0638080 seconds
325.919: [GC325.919: [ParNew: 15488K->450K(16640K), 0.0004060 secs] 41741K->26894K(55552K), 0.0004330 secs] [Times: user=0.00 sys=0.00, real=0.00 secs] 
325.919: Total time for which application threads were stopped: 0.0005470 seconds, Stopping threads took: 0.0000600 seconds
325.969: Application time: 0.0499690 seconds
325.969: [GC325.969: [ParNew: 15295K->593K(16640K), 0.0003920 secs] 41739K->27037K(55552K), 0.0004190 secs] [Times: user=0.00 sys=0.00, real=0.00 secs] 
325.969: Total time for which application threads were stopped: 0.0005290 seconds, Stopping threads took: 0.0000530 seconds
326.031: Application time: 0.0611830 seconds
326.031: [GC326.031: [ParNew: 15439K->608K(16640K), 0.0004830 secs] 41883K->27052K(55552K), 0.0005100 secs] [Times: user=0.00 sys=0.00, real=0.00 secs] 
326.031: Total time for which application threads were stopped: 0.0006360 seconds, Stopping threads took: 0.0000700 seconds
326.094: Application time: 0.0626870 seconds
326.094: [GC326.094: [ParNew: 15453K->669K(16640K), 0.0004160 secs] 41896K->27113K(55552K), 0.0004430 secs] [Times: user=0.01 sys=0.00, real=0.00 secs] 
326.095: Total time for which application threads were stopped: 0.0005840 seconds, Stopping threads took: 0.0000830 seconds
326.161: Application time: 0.0667510 seconds
326.161: [GC326.161: [ParNew: 15514K->683K(16640K), 0.0004210 secs] 41958K->27127K(55552K), 0.0004470 secs] [Times: user=0.00 sys=0.00, real=0.00 secs] 
326.162: Total time for which application threads were stopped: 0.0005680 seconds, Stopping threads took: 0.0000710 seconds
326.228: Application time: 0.0660580 seconds
326.228: [GC326.228: [ParNew: 15531K->696K(16640K), 0.0004870 secs] 41975K->27140K(55552K), 0.0005140 secs] [Times: user=0.00 sys=0.00, real=0.00 secs] 
326.229: Total time for which application threads were stopped: 0.0006430 seconds, Stopping threads took: 0.0000640 seconds
326.293: Application time: 0.0643390 seconds
326.293: [GC326.293: [ParNew: 15543K->735K(16640K), 0.0004330 secs] 41987K->27179K(55552K), 0.0004570 secs] [Times: user=0.00 sys=0.00, real=0.00 secs] 
326.294: Total time for which application threads were stopped: 0.0005690 seconds, Stopping threads took: 0.0000560 seconds
326.360: Application time: 0.0666520 seconds
326.360: [GC326.360: [ParNew: 15582K->747K(16640K), 0.0005140 secs] 42026K->27191K(55552K), 0.0005400 secs] [Times: user=0.00 sys=0.00, real=0.00 secs] 
326.361: Total time for which application threads were stopped: 0.0006570 seconds, Stopping threads took: 0.0000670 seconds
326.426: Application time: 0.0652870 seconds
326.426: [GC326.426: [ParNew: 15592K->726K(16640K), 0.0004150 secs] 42036K->27170K(55552K), 0.0004490 secs] [Times: user=0.01 sys=0.00, real=0.00 secs] 
326.427: Total time for which application threads were stopped: 0.0005630 seconds, Stopping threads took: 0.0000580 seconds
326.494: Application time: 0.0670330 seconds
326.494: [GC326.494: [ParNew: 15573K->516K(16640K), 0.0004370 secs] 42017K->27207K(55552K), 0.0004610 secs] [Times: user=0.01 sys=0.00, real=0.00 secs] 
326.494: Total time for which application threads were stopped: 0.0005640 seconds, Stopping threads took: 0.0000470 seconds
326.562: Application time: 0.0673660 seconds
326.562: [GC326.562: [ParNew: 15364K->457K(16640K), 0.0003720 secs] 42055K->27148K(55552K), 0.0003990 secs] [Times: user=0.01 sys=0.00, real=0.00 secs] 
326.562: Total time for which application threads were stopped: 0.0005000 seconds, Stopping threads took: 0.0000500 seconds
326.615: Application time: 0.0524960 seconds
326.615: [GC326.615: [ParNew: 15304K->649K(16640K), 0.0004180 secs] 41995K->27340K(55552K), 0.0004460 secs] [Times: user=0.00 sys=0.00, real=0.00 secs] 
326.615: Total time for which application threads were stopped: 0.0005650 seconds, Stopping threads took: 0.0000650 seconds
326.676: Application time: 0.0606160 seconds
326.676: [GC326.676: [ParNew: 15495K->490K(16640K), 0.0005080 secs] 42186K->27400K(55552K), 0.0005340 secs] [Times: user=0.01 sys=0.00, real=0.00 secs] 
326.676: Total time for which application threads were stopped: 0.0006410 seconds, Stopping threads took: 0.0000510 seconds
326.721: Application time: 0.0447230 seconds
326.721: [GC326.721: [ParNew: 15336K->813K(16640K), 0.0004840 secs] 42246K->27722K(55552K), 0.0005090 secs] [Times: user=0.01 sys=0.00, real=0.00 secs] 
326.722: Total time for which application threads were stopped: 0.0006160 seconds, Stopping threads took: 0.0000520 seconds
326.758: Application time: 0.0361650 seconds
326.758: [GC326.758: [ParNew: 15660K->945K(16640K), 0.0005170 secs] 42570K->28044K(55552K), 0.0005430 secs] [Times: user=0.00 sys=0.00, real=0.00 secs] 
326.759: Total time for which application threads were stopped: 0.0006600 seconds, Stopping threads took: 0.0000570 seconds
326.807: Application time: 0.0485060 seconds
326.807: [GC326.807: [ParNew: 15789K->1195K(16640K), 0.0005580 secs] 42889K->28295K(55552K), 0.0005850 secs] [Times: user=0.00 sys=0.00, real=0.00 secs] 
326.808: Total time for which application threads were stopped: 0.0006840 seconds, Stopping threads took: 0.0000490 seconds
326.856: Application time: 0.0478460 seconds
326.856: [GC326.856: [ParNew: 16041K->1070K(16640K), 0.0005910 secs] 43141K->28389K(55552K), 0.0006190 secs] [Times: user=0.00 sys=0.00, real=0.00 secs] 
326.856: Total time for which application threads were stopped: 0.0007300 seconds, Stopping threads took: 0.0000600 seconds
326.920: Application time: 0.0635370 seconds
326.920: [GC326.920: [ParNew: 15915K->1044K(16640K), 0.0005070 secs] 43234K->28362K(55552K), 0.0005320 secs] [Times: user=0.00 sys=0.00, real=0.00 secs] 
326.921: Total time for which application threads were stopped: 0.0006630 seconds, Stopping threads took: 0.0000770 seconds
326.986: Application time: 0.0651170 seconds
326.986: [GC326.986: [ParNew: 15891K->1008K(16640K), 0.0005160 secs] 43209K->28326K(55552K), 0.0005420 secs] [Times: user=0.00 sys=0.00, real=0.00 secs] 
326.986: Total time for which application threads were stopped: 0.0006600 seconds, Stopping threads took: 0.0000610 seconds
327.051: Application time: 0.0645690 seconds
327.051: [GC327.051: [ParNew: 15855K->1229K(16640K), 0.0004300 secs] 43173K->28547K(55552K), 0.0004560 secs] [Times: user=0.00 sys=0.00, real=0.00 secs] 
327.052: Total time for which application threads were stopped: 0.0005690 seconds, Stopping threads took: 0.0000570 seconds
327.116: Application time: 0.0644670 seconds
327.116: [GC327.116: [ParNew: 16074K->1059K(16640K), 0.0005760 secs] 43392K->28492K(55552K), 0.0006020 secs] [Times: user=0.00 sys=0.00, real=0.00 secs] 
327.117: Total time for which application threads were stopped: 0.0007190 seconds, Stopping threads took: 0.0000550 seconds
327.178: Application time: 0.0612640 seconds
327.178: [GC327.178: [ParNew: 15906K->1052K(16640K), 0.0005450 secs] 43340K->28486K(55552K), 0.0005720 secs] [Times: user=0.00 sys=0.00, real=0.00 secs] 
327.179: Total time for which application threads were stopped: 0.0006890 seconds, Stopping threads took: 0.0000590 seconds
327.243: Application time: 0.0644620 seconds
327.243: [GC327.243: [ParNew: 15899K->1071K(16640K), 0.0005380 secs] 43332K->28505K(55552K), 0.0005650 secs] [Times: user=0.00 sys=0.00, real=0.00 secs] 
327.244: Total time for which application threads were stopped: 0.0006830 seconds, Stopping threads took: 0.0000590 seconds
327.310: Application time: 0.0666570 seconds
327.311: [GC327.311: [ParNew: 15917K->933K(16640K), 0.0005080 secs] 43351K->28557K(55552K), 0.0005360 secs] [Times: user=0.00 sys=0.00, real=0.00 secs] 
327.311: Total time for which application threads were stopped: 0.0006580 seconds, Stopping threads took: 0.0000580 seconds
327.375: Application time: 0.0638510 seconds
327.375: [GC327.375: [ParNew: 15781K->992K(16640K), 0.0004550 secs] 43405K->28616K(55552K), 0.0004820 secs] [Times: user=0.01 sys=0.00, real=0.00 secs] 
327.376: Total time for which application threads were stopped: 0.0006030 seconds, Stopping threads took: 0.0000640 seconds
327.425: Application time: 0.0492420 seconds
327.425: [GC327.425: [ParNew: 15836K->480K(16640K), 0.0005030 secs] 43460K->28674K(55552K), 0.0005270 secs] [Times: user=0.00 sys=0.00, real=0.00 secs] 
327.425: Total time for which application threads were stopped: 0.0006390 seconds, Stopping threads took: 0.0000550 seconds
327.491: Application time: 0.0654710 seconds
327.491: [GC327.491: [ParNew: 15328K->418K(16640K), 0.0003700 secs] 43522K->28612K(55552K), 0.0003960 secs] [Times: user=0.00 sys=0.00, real=0.00 secs] 
327.491: Total time for which application threads were stopped: 0.0005220 seconds, Stopping threads took: 0.0000660 seconds
327.556: Application time: 0.0644970 seconds
327.556: [GC327.556: [ParNew: 15263K->604K(16640K), 0.0004380 secs] 43457K->28798K(55552K), 0.0004640 secs] [Times: user=0.01 sys=0.00, real=0.00 secs] 
327.557: Total time for which application threads were stopped: 0.0005670 seconds, Stopping threads took: 0.0000510 seconds
327.606: Application time: 0.0496100 seconds
327.606: [GC327.606: [ParNew: 15449K->421K(16640K), 0.0004480 secs] 43643K->28805K(55552K), 0.0004750 secs] [Times: user=0.01 sys=0.00, real=0.00 secs] 
327.607: Total time for which application threads were stopped: 0.0006040 seconds, Stopping threads took: 0.0000780 seconds
327.671: Application time: 0.0646540 seconds
327.672: [GC327.672: [ParNew: 15267K->628K(16640K), 0.0004210 secs] 43651K->29012K(55552K), 0.0004490 secs] [Times: user=0.00 sys=0.00, real=0.00 secs] 
327.672: Total time for which application threads were stopped: 0.0005770 seconds, Stopping threads took: 0.0000730 seconds
327.719: Application time: 0.0473980 seconds
327.720: [GC327.720: [ParNew: 15474K->624K(16640K), 0.0003970 secs] 43858K->29008K(55552K), 0.0004260 secs] [Times: user=0.00 sys=0.00, real=0.00 secs] 
327.720: Total time for which application threads were stopped: 0.0005490 seconds, Stopping threads took: 0.0000680 seconds
327.784: Application time: 0.0641660 seconds
327.784: [GC327.784: [ParNew: 15472K->676K(16640K), 0.0004180 secs] 43856K->29061K(55552K), 0.0004470 secs] [Times: user=0.00 sys=0.00, real=0.00 secs] 
327.785: Total time for which application threads were stopped: 0.0005550 seconds, Stopping threads took: 0.0000500 seconds
327.850: Application time: 0.0648620 seconds
327.850: [GC327.850: [ParNew: 15521K->699K(16640K), 0.0004700 secs] 43906K->29083K(55552K), 0.0004990 secs] [Times: user=0.00 sys=0.00, real=0.00 secs] 
327.850: Total time for which application threads were stopped: 0.0006480 seconds, Stopping threads took: 0.0000820 seconds
327.916: Application time: 0.0662540 seconds
327.917: [GC327.917: [ParNew: 15546K->724K(16640K), 0.0004020 secs] 43930K->29108K(55552K), 0.0004370 secs] [Times: user=0.01 sys=0.00, real=0.00 secs] 
327.917: Total time for which application threads were stopped: 0.0005490 seconds, Stopping threads took: 0.0000590 seconds
327.983: Application time: 0.0655490 seconds
327.983: [GC327.983: [ParNew: 15568K->733K(16640K), 0.0004150 secs] 43952K->29118K(55552K), 0.0004400 secs] [Times: user=0.00 sys=0.00, real=0.00 secs] 
327.983: Total time for which application threads were stopped: 0.0005690 seconds, Stopping threads took: 0.0000720 seconds
328.049: Application time: 0.0661560 seconds
328.049: [GC328.049: [ParNew: 15577K->722K(16640K), 0.0004180 secs] 43962K->29106K(55552K), 0.0004450 secs] [Times: user=0.00 sys=0.00, real=0.00 secs] 
328.050: Total time for which application threads were stopped: 0.0005680 seconds, Stopping threads took: 0.0000650 seconds
328.115: Application time: 0.0649840 seconds
328.115: [GC328.115: [ParNew: 15568K->827K(16640K), 0.0004230 secs] 43953K->29212K(55552K), 0.0004500 secs] [Times: user=0.00 sys=0.00, real=0.00 secs] 
328.115: Total time for which application threads were stopped: 0.0005520 seconds, Stopping threads took: 0.0000500 seconds
328.183: Application time: 0.0672480 seconds
328.183: [GC328.183: [ParNew: 15673K->789K(16640K), 0.0004270 secs] 44057K->29202K(55552K), 0.0004530 secs] [Times: user=0.00 sys=0.00, real=0.00 secs] 
328.183: Total time for which application threads were stopped: 0.0005590 seconds, Stopping threads took: 0.0000520 seconds
328.250: Application time: 0.0672150 seconds
328.251: [GC328.251: [ParNew: 15637K->486K(16640K), 0.0004490 secs] 44050K->29117K(55552K), 0.0004770 secs] [Times: user=0.00 sys=0.00, real=0.00 secs] 
328.251: Total time for which application threads were stopped: 0.0005980 seconds, Stopping threads took: 0.0000620 seconds
328.318: Application time: 0.0672590 seconds
328.318: [GC328.318: [ParNew: 15333K->504K(16640K), 0.0003560 secs] 43964K->29135K(55552K), 0.0003830 secs] [Times: user=0.01 sys=0.00, real=0.00 secs] 
328.319: Total time for which application threads were stopped: 0.0005010 seconds, Stopping threads took: 0.0000670 seconds
328.375: Application time: 0.0566960 seconds
328.376: [GC328.376: [ParNew: 15347K->638K(16640K), 0.0004380 secs] 43979K->29270K(55552K), 0.0004660 secs] [Times: user=0.00 sys=0.00, real=0.00 secs] 
328.376: Total time for which application threads were stopped: 0.0006070 seconds, Stopping threads took: 0.0000740 seconds
328.424: Application time: 0.0481900 seconds
328.424: [GC328.424: [ParNew: 15482K->683K(16640K), 0.0004830 secs] 44114K->29534K(55552K), 0.0005090 secs] [Times: user=0.01 sys=0.00, real=0.00 secs] 
328.425: Total time for which application threads were stopped: 0.0006070 seconds, Stopping threads took: 0.0000430 seconds
328.471: Application time: 0.0463270 seconds
328.471: [GC328.471: [ParNew: 15531K->678K(16640K), 0.0004560 secs] 44382K->29718K(55552K), 0.0004810 secs] [Times: user=0.00 sys=0.00, real=0.00 secs] 
328.472: Total time for which application threads were stopped: 0.0005960 seconds, Stopping threads took: 0.0000600 seconds
328.509: Application time: 0.0370310 seconds
328.509: [GC328.509: [ParNew: 15522K->907K(16640K), 0.0004710 secs] 44562K->29947K(55552K), 0.0004990 secs] [Times: user=0.00 sys=0.00, real=0.00 secs] 
328.509: Total time for which application threads were stopped: 0.0006020 seconds, Stopping threads took: 0.0000520 seconds
328.555: Application time: 0.0453480 seconds
328.555: [GC328.555: [ParNew: 15751K->1234K(16640K), 0.0005140 secs] 44792K->30274K(55552K), 0.0005400 secs] [Times: user=0.00 sys=0.01, real=0.00 secs] 
328.556: Total time for which application threads were stopped: 0.0007650 seconds, Stopping threads took: 0.0001640 seconds
328.614: Application time: 0.0585890 seconds
328.614: [GC328.614: [ParNew: 16079K->1020K(16640K), 0.0005870 secs] 45119K->30307K(55552K), 0.0006150 secs] [Times: user=0.00 sys=0.00, real=0.00 secs] 
328.615: Total time for which application threads were stopped: 0.0007150 seconds, Stopping threads took: 0.0000480 seconds
328.679: Application time: 0.0643420 seconds
328.679: [GC328.679: [ParNew: 15867K->1029K(16640K), 0.0005040 secs] 45155K->30317K(55552K), 0.0005400 secs] [Times: user=0.00 sys=0.00, real=0.00 secs] 
328.680: Total time for which application threads were stopped: 0.0006560 seconds, Stopping threads took: 0.0000590 seconds
328.745: Application time: 0.0650510 seconds
328.745: [GC328.745: [ParNew: 15876K->1001K(16640K), 0.0005660 secs] 45164K->30288K(55552K), 0.0005940 secs] [Times: user=0.00 sys=0.00, real=0.00 secs] 
328.746: Total time for which application threads were stopped: 0.0007330 seconds, Stopping threads took: 0.0000800 seconds
328.809: Application time: 0.0634940 seconds
328.809: [GC328.809: [ParNew: 15848K->1183K(16640K), 0.0004710 secs] 45136K->30471K(55552K), 0.0004980 secs] [Times: user=0.00 sys=0.00, real=0.00 secs] 
328.810: Total time for which application threads were stopped: 0.0006120 seconds, Stopping threads took: 0.0000620 seconds
328.873: Application time: 0.0635810 seconds
328.873: [GC328.873: [ParNew: 16030K->1107K(16640K), 0.0005770 secs] 45317K->30481K(55552K), 0.0006040 secs] [Times: user=0.00 sys=0.00, real=0.00 secs] 
328.874: Total time for which application threads were stopped: 0.0007240 seconds, Stopping threads took: 0.0000660 seconds
328.936: Application time: 0.0623400 seconds
328.937: [GC328.937: [ParNew: 15955K->1062K(16640K), 0.0004680 secs] 45328K->30436K(55552K), 0.0004950 secs] [Times: user=0.00 sys=0.00, real=0.00 secs] 
328.937: Total time for which application threads were stopped: 0.0006160 seconds, Stopping threads took: 0.0000540 seconds
329.002: Application time: 0.0648390 seconds
329.002: [GC329.002: [ParNew: 15909K->1137K(16640K), 0.0004690 secs] 45283K->30511K(55552K), 0.0004970 secs] [Times: user=0.00 sys=0.00, real=0.00 secs] 
329.002: Total time for which application threads were stopped: 0.0006070 seconds, Stopping threads took: 0.0000510 seconds
329.069: Application time: 0.0665910 seconds
329.069: [GC329.069: [ParNew: 15984K->924K(16640K), 0.0005110 secs] 45359K->30489K(55552K), 0.0005400 secs] [Times: user=0.00 sys=0.00, real=0.00 secs] 
329.070: Total time for which application threads were stopped: 0.0006580 seconds, Stopping threads took: 0.0000650 seconds
329.129: Application time: 0.0597640 seconds
329.130: [GC329.130: [ParNew: 15768K->1135K(16640K), 0.0004930 secs] 45333K->30699K(55552K), 0.0005200 secs] [Times: user=0.00 sys=0.00, real=0.00 secs] 
329.130: Total time for which application threads were stopped: 0.0006350 seconds, Stopping threads took: 0.0000570 seconds
329.183: Application time: 0.0533650 seconds
329.184: [GC329.184: [ParNew: 15982K->937K(16640K), 0.0005550 secs] 45547K->30691K(55552K), 0.0005840 secs] [Times: user=0.00 sys=0.00, real=0.00 secs] 
329.184: Total time for which application threads were stopped: 0.0006920 seconds, Stopping threads took: 0.0000490 seconds
329.250: Application time: 0.0655360 seconds
329.250: [GC329.250: [ParNew: 15782K->860K(16640K), 0.0005040 secs] 45536K->30614K(55552K), 0.0005320 secs] [Times: user=0.00 sys=0.00, real=0.00 secs] 
329.250: Total time for which application threads were stopped: 0.0006640 seconds, Stopping threads took: 0.0000720 seconds
329.307: Application time: 0.0561840 seconds
329.307: [GC329.307: [ParNew: 15703K->718K(16640K), 0.0004960 secs] 45458K->30853K(55552K), 0.0005240 secs] [Times: user=0.00 sys=0.00, real=0.01 secs] 
329.307: Total time for which application threads were stopped: 0.0006370 seconds, Stopping threads took: 0.0000540 seconds
329.364: Application time: 0.0564740 seconds
329.364: [GC329.364: [ParNew: 15564K->434K(16640K), 0.0003980 secs] 45699K->30758K(55552K), 0.0004240 secs] [Times: user=0.00 sys=0.00, real=0.00 secs] 
329.364: Total time for which application threads were stopped: 0.0005460 seconds, Stopping threads took: 0.0000690 seconds
329.424: Application time: 0.0596300 seconds
329.424: [GC329.424: [ParNew: 15280K->599K(16640K), 0.0004250 secs] 45604K->30924K(55552K), 0.0004490 secs] [Times: user=0.00 sys=0.00, real=0.00 secs] 
329.424: Total time for which application threads were stopped: 0.0005680 seconds, Stopping threads took: 0.0000560 seconds
329.477: Application time: 0.0524000 seconds
329.477: [GC329.477: [ParNew: 15443K->613K(16640K), 0.0003840 secs] 45767K->30937K(55552K), 0.0004120 secs] [Times: user=0.00 sys=0.00, real=0.00 secs] 
329.477: Total time for which application threads were stopped: 0.0005330 seconds, Stopping threads took: 0.0000570 seconds
329.540: Application time: 0.0629880 seconds
329.540: [GC329.540: [ParNew: 15459K->664K(16640K), 0.0004790 secs] 45784K->30989K(55552K), 0.0005040 secs] [Times: user=0.00 sys=0.00, real=0.00 secs] 
329.541: Total time for which application threads were stopped: 0.0006280 seconds, Stopping threads took: 0.0000680 seconds
329.606: Application time: 0.0651320 seconds
329.606: [GC329.606: [ParNew: 15511K->667K(16640K), 0.0004300 secs] 45835K->30992K(55552K), 0.0004620 secs] [Times: user=0.00 sys=0.00, real=0.00 secs] 
329.607: Total time for which application threads were stopped: 0.0005850 seconds, Stopping threads took: 0.0000640 seconds
329.673: Application time: 0.0664940 seconds
329.673: [GC329.673: [ParNew: 15515K->699K(16640K), 0.0004580 secs] 45839K->31023K(55552K), 0.0004810 secs] [Times: user=0.00 sys=0.00, real=0.00 secs] 
329.674: Total time for which application threads were stopped: 0.0005900 seconds, Stopping threads took: 0.0000590 seconds
329.738: Application time: 0.0643760 seconds
329.738: [GC329.738: [ParNew: 15546K->721K(16640K), 0.0004770 secs] 45871K->31046K(55552K), 0.0005050 secs] [Times: user=0.00 sys=0.00, real=0.00 secs] 
329.739: Total time for which application threads were stopped: 0.0006360 seconds, Stopping threads took: 0.0000720 seconds
329.805: Application time: 0.0664060 seconds
329.805: [GC329.805: [ParNew: 15569K->745K(16640K), 0.0004180 secs] 45893K->31069K(55552K), 0.0004430 secs] [Times: user=0.00 sys=0.00, real=0.00 secs] 
329.806: Total time for which application threads were stopped: 0.0005540 seconds, Stopping threads took: 0.0000540 seconds
329.871: Application time: 0.0649900 seconds
329.871: [GC329.871: [ParNew: 15591K->763K(16640K), 0.0004450 secs] 45916K->31088K(55552K), 0.0004720 secs] [Times: user=0.01 sys=0.00, real=0.00 secs] 
329.871: Total time for which application threads were stopped: 0.0005820 seconds, Stopping threads took: 0.0000580 seconds
329.939: Application time: 0.0672980 seconds
329.939: [GC329.939: [ParNew: 15610K->719K(16640K), 0.0004270 secs] 45935K->31101K(55552K), 0.0004550 secs] [Times: user=0.00 sys=0.00, real=0.01 secs] 
329.939: Total time for which application threads were stopped: 0.0005730 seconds, Stopping threads took: 0.0000580 seconds
330.006: Application time: 0.0671430 seconds
330.007: [GC330.007: [ParNew: 15567K->555K(16640K), 0.0004970 secs] 45949K->31127K(55552K), 0.0005250 secs] [Times: user=0.00 sys=0.00, real=0.00 secs] 
330.008: Total time for which application threads were stopped: 0.0013290 seconds, Stopping threads took: 0.0007360 seconds
330.076: Application time: 0.0685730 seconds
330.076: [GC330.076: [ParNew: 15400K->484K(16640K), 0.0003480 secs] 45972K->31056K(55552K), 0.0003740 secs] [Times: user=0.01 sys=0.00, real=0.00 secs] 
330.077: Total time for which application threads were stopped: 0.0004830 seconds, Stopping threads took: 0.0000560 seconds
330.130: Application time: 0.0537180 seconds
330.131: [GC330.131: [ParNew: 15329K->430K(16640K), 0.0004360 secs] 45901K->31221K(55552K), 0.0004690 secs] [Times: user=0.00 sys=0.00, real=0.00 secs] 
330.131: Total time for which application threads were stopped: 0.0005740 seconds, Stopping threads took: 0.0000480 seconds
330.178: Application time: 0.0465680 seconds
330.178: [GC330.178: [ParNew: 15277K->658K(16640K), 0.0003990 secs] 46067K->31449K(55552K), 0.0004250 secs] [Times: user=0.00 sys=0.00, real=0.00 secs] 
330.179: Total time for which application threads were stopped: 0.0012380 seconds, Stopping threads took: 0.0007570 seconds
330.226: Application time: 0.0476320 seconds
330.227: [GC330.227: [ParNew: 15503K->698K(16640K), 0.0005150 secs] 46293K->31678K(55552K), 0.0005520 secs] [Times: user=0.00 sys=0.00, real=0.01 secs] 
330.227: Total time for which application threads were stopped: 0.0006730 seconds, Stopping threads took: 0.0000650 seconds
330.261: Application time: 0.0334390 seconds
330.261: [GC330.261: [ParNew: 15546K->1011K(16640K), 0.0005270 secs] 46526K->31991K(55552K), 0.0005540 secs] [Times: user=0.00 sys=0.00, real=0.00 secs] 
330.261: Total time for which application threads were stopped: 0.0006850 seconds, Stopping threads took: 0.0000790 seconds
330.306: Application time: 0.0446590 seconds
330.306: [GC330.306: [ParNew: 15856K->953K(16640K), 0.0005400 secs] 46836K->32181K(55552K), 0.0005670 secs] [Times: user=0.00 sys=0.00, real=0.00 secs] 
330.307: Total time for which application threads were stopped: 0.0006930 seconds, Stopping threads took: 0.0000670 seconds
330.368: Application time: 0.0616750 seconds
330.368: [GC330.368: [ParNew: 15800K->964K(16640K), 0.0005410 secs] 47028K->32192K(55552K), 0.0005670 secs] [Times: user=0.01 sys=0.00, real=0.00 secs] 
330.369: Total time for which application threads were stopped: 0.0006740 seconds, Stopping threads took: 0.0000530 seconds
330.434: Application time: 0.0650610 seconds
330.434: [GC330.434: [ParNew: 15812K->1029K(16640K), 0.0004650 secs] 47039K->32257K(55552K), 0.0004930 secs] [Times: user=0.00 sys=0.00, real=0.00 secs] 
330.435: Total time for which application threads were stopped: 0.0006080 seconds, Stopping threads took: 0.0000580 seconds
330.500: Application time: 0.0650420 seconds
330.500: [GC330.500: [ParNew: 15876K->1006K(16640K), 0.0004610 secs] 47104K->32233K(55552K), 0.0004890 secs] [Times: user=0.00 sys=0.00, real=0.00 secs] 
330.500: Total time for which application threads were stopped: 0.0006130 seconds, Stopping threads took: 0.0000650 seconds
330.564: Application time: 0.0634370 seconds
330.564: [GC330.564: [ParNew: 15851K->1170K(16640K), 0.0005810 secs] 47078K->32397K(55552K), 0.0006080 secs] [Times: user=0.01 sys=0.00, real=0.00 secs] 
330.565: Total time for which application threads were stopped: 0.0007190 seconds, Stopping threads took: 0.0000510 seconds
330.628: Application time: 0.0638810 seconds
330.628: [GC330.628: [ParNew: 16014K->1181K(16640K), 0.0005270 secs] 47242K->32495K(55552K), 0.0005540 secs] [Times: user=0.01 sys=0.00, real=0.00 secs] 
330.629: Total time for which application threads were stopped: 0.0006650 seconds, Stopping threads took: 0.0000550 seconds
330.690: Application time: 0.0611670 seconds
330.690: [GC330.690: [ParNew: 16026K->1047K(16640K), 0.0005240 secs] 47340K->32362K(55552K), 0.0005520 secs] [Times: user=0.00 sys=0.00, real=0.00 secs] 
330.691: Total time for which application threads were stopped: 0.0006650 seconds, Stopping threads took: 0.0000540 seconds
330.757: Application time: 0.0665450 seconds
330.758: [GC330.758: [ParNew: 15892K->899K(16640K), 0.0005320 secs] 47207K->32403K(55552K), 0.0005610 secs] [Times: user=0.01 sys=0.00, real=0.00 secs] 
330.758: Total time for which application threads were stopped: 0.0006930 seconds, Stopping threads took: 0.0000710 seconds
330.825: Application time: 0.0669070 seconds
330.825: [GC330.825: [ParNew: 15744K->918K(16640K), 0.0004600 secs] 47249K->32423K(55552K), 0.0004870 secs] [Times: user=0.00 sys=0.00, real=0.00 secs] 
330.826: Total time for which application threads were stopped: 0.0006180 seconds, Stopping threads took: 0.0000750 seconds
330.881: Application time: 0.0550630 seconds
330.881: [GC330.881: [ParNew: 15764K->1078K(16640K), 0.0004640 secs] 47269K->32582K(55552K), 0.0004910 secs] [Times: user=0.00 sys=0.00, real=0.00 secs] 
330.881: Total time for which application threads were stopped: 0.0006250 seconds, Stopping threads took: 0.0000770 seconds
330.939: Application time: 0.0576500 seconds
330.939: [GC330.939: [ParNew: 15923K->870K(16640K), 0.0005000 secs] 47428K->32565K(55552K), 0.0005270 secs] [Times: user=0.01 sys=0.00, real=0.00 secs] 
330.940: Total time for which application threads were stopped: 0.0006440 seconds, Stopping threads took: 0.0000580 seconds
331.005: Application time: 0.0655450 seconds
331.005: [GC331.005: [ParNew: 15717K->885K(16640K), 0.0004300 secs] 47412K->32580K(55552K), 0.0004670 secs] [Times: user=0.00 sys=0.00, real=0.00 secs] 
331.006: Total time for which application threads were stopped: 0.0006010 seconds, Stopping threads took: 0.0000750 seconds
331.053: Application time: 0.0475750 seconds
331.053: [GC331.054: [ParNew: 15731K->504K(16640K), 0.0005160 secs] 47426K->32769K(55552K), 0.0005460 secs] [Times: user=0.00 sys=0.00, real=0.00 secs] 
331.054: Total time for which application threads were stopped: 0.0006850 seconds, Stopping threads took: 0.0000790 seconds
331.119: Application time: 0.0645140 seconds
331.119: [GC331.119: [ParNew: 15349K->439K(16640K), 0.0004000 secs] 47614K->32704K(55552K), 0.0004250 secs] [Times: user=0.01 sys=0.00, real=0.01 secs] 
331.119: Total time for which application threads were stopped: 0.0005570 seconds, Stopping threads took: 0.0000690 seconds
331.171: Application time: 0.0523080 seconds
331.172: [GC331.172: [ParNew: 15287K->618K(16640K), 0.0004040 secs] 47552K->32883K(55552K), 0.0004290 secs] [Times: user=0.00 sys=0.00, real=0.00 secs] 
331.172: Total time for which application threads were stopped: 0.0005400 seconds, Stopping threads took: 0.0000600 seconds
331.231: Application time: 0.0593360 seconds
331.231: [GC331.231: [ParNew: 15462K->604K(16640K), 0.0005090 secs] 47727K->32869K(55552K), 0.0005350 secs] [Times: user=0.01 sys=0.00, real=0.00 secs] 
331.232: Total time for which application threads were stopped: 0.0006510 seconds, Stopping threads took: 0.0000600 seconds
331.296: Application time: 0.0643260 seconds
331.299: [GC331.299: [ParNew: 15452K->682K(16640K), 0.0005420 secs] 47716K->32947K(55552K), 0.0005690 secs] [Times: user=0.01 sys=0.00, real=0.00 secs] 
331.300: Total time for which application threads were stopped: 0.0034260 seconds, Stopping threads took: 0.0027990 seconds
331.365: Application time: 0.0653840 seconds
331.365: [GC331.365: [ParNew: 15527K->693K(16640K), 0.0004140 secs] 47792K->32958K(55552K), 0.0004420 secs] [Times: user=0.00 sys=0.00, real=0.00 secs] 
331.366: Total time for which application threads were stopped: 0.0006130 seconds, Stopping threads took: 0.0001160 seconds
331.431: Application time: 0.0652590 seconds
331.431: [GC331.431: [ParNew: 15538K->722K(16640K), 0.0004140 secs] 47803K->32987K(55552K), 0.0004420 secs] [Times: user=0.00 sys=0.00, real=0.00 secs] 
331.432: Total time for which application threads were stopped: 0.0005670 seconds, Stopping threads took: 0.0000680 seconds
331.497: Application time: 0.0650440 seconds
331.497: [GC331.497: [ParNew: 15570K->774K(16640K), 0.0004520 secs] 47834K->33039K(55552K), 0.0004780 secs] [Times: user=0.01 sys=0.00, real=0.00 secs] 
331.497: Total time for which application threads were stopped: 0.0005910 seconds, Stopping threads took: 0.0000540 seconds
331.564: Application time: 0.0665940 seconds
331.564: [GC331.564: [ParNew: 15621K->723K(16640K), 0.0004260 secs] 47886K->32988K(55552K), 0.0004520 secs] [Times: user=0.00 sys=0.00, real=0.00 secs] 
331.564: Total time for which application threads were stopped: 0.0005570 seconds, Stopping threads took: 0.0000530 seconds
331.631: Application time: 0.0664720 seconds
331.635: [GC331.635: [ParNew: 15567K->754K(16640K), 0.0005260 secs] 47832K->33018K(55552K), 0.0005590 secs] [Times: user=0.00 sys=0.00, real=0.00 secs] 
331.636: Total time for which application threads were stopped: 0.0049100 seconds, Stopping threads took: 0.0042670 seconds
331.703: Application time: 0.0676650 seconds
331.704: [GC331.704: [ParNew: 15601K->749K(16640K), 0.0004490 secs] 47866K->33071K(55552K), 0.0004790 secs] [Times: user=0.00 sys=0.00, real=0.00 secs] 
331.704: Total time for which application threads were stopped: 0.0006170 seconds, Stopping threads took: 0.0000790 seconds
331.771: Application time: 0.0671420 seconds
331.771: [GC331.771: [ParNew: 15596K->490K(16640K), 0.0004120 secs] 47918K->33002K(55552K), 0.0004370 secs] [Times: user=0.00 sys=0.00, real=0.00 secs] 
331.772: Total time for which application threads were stopped: 0.0005580 seconds, Stopping threads took: 0.0000690 seconds
331.839: Application time: 0.0671110 seconds
331.839: [GC331.839: [ParNew: 15337K->442K(16640K), 0.0003620 secs] 47849K->32954K(55552K), 0.0003980 secs] [Times: user=0.00 sys=0.00, real=0.01 secs] 
331.839: Total time for which application threads were stopped: 0.0005160 seconds, Stopping threads took: 0.0000620 seconds
331.897: Application time: 0.0581000 seconds
331.898: [GC331.898: [ParNew: 15288K->599K(16640K), 0.0004410 secs] 47800K->33329K(55552K), 0.0004640 secs] [Times: user=0.00 sys=0.00, real=0.00 secs] 
331.898: Total time for which application threads were stopped: 0.0005820 seconds, Stopping threads took: 0.0000630 seconds
331.934: Application time: 0.0360420 seconds
331.934: [GC331.934: [ParNew: 15446K->662K(16640K), 0.0004290 secs] 48176K->33393K(55552K), 0.0004570 secs] [Times: user=0.00 sys=0.00, real=0.00 secs] 
331.935: Total time for which application threads were stopped: 0.0005670 seconds, Stopping threads took: 0.0000530 seconds
331.980: Application time: 0.0453420 seconds
331.980: [GC331.980: [ParNew: 15507K->937K(16640K), 0.0005470 secs] 48238K->33858K(55552K), 0.0005730 secs] [Times: user=0.01 sys=0.00, real=0.00 secs] 
331.981: Total time for which application threads were stopped: 0.0007090 seconds, Stopping threads took: 0.0000770 seconds
332.013: Application time: 0.0324930 seconds
332.013: [GC332.013: [ParNew: 15785K->1053K(16640K), 0.0004940 secs] 48706K->33973K(55552K), 0.0005200 secs] [Times: user=0.00 sys=0.00, real=0.00 secs] 
332.014: Total time for which application threads were stopped: 0.0006120 seconds, Stopping threads took: 0.0000400 seconds
332.066: Application time: 0.0525450 seconds
332.066: [GC332.066: [ParNew: 15898K->1113K(16640K), 0.0005680 secs] 48818K->34091K(55552K), 0.0006010 secs] [Times: user=0.00 sys=0.00, real=0.01 secs] 
332.067: Total time for which application threads were stopped: 0.0006990 seconds, Stopping threads took: 0.0000460 seconds
332.130: Application time: 0.0629380 seconds
332.130: [GC332.130: [ParNew: 15958K->735K(16640K), 0.0005350 secs] 48936K->34179K(55552K), 0.0005620 secs] [Times: user=0.00 sys=0.00, real=0.00 secs] 
332.131: Total time for which application threads were stopped: 0.0006650 seconds, Stopping threads took: 0.0000480 seconds
332.196: Application time: 0.0654100 seconds
332.196: [GC332.196: [ParNew: 15582K->649K(16640K), 0.0004120 secs] 49026K->34093K(55552K), 0.0004380 secs] [Times: user=0.00 sys=0.00, real=0.00 secs] 
332.197: Total time for which application threads were stopped: 0.0005500 seconds, Stopping threads took: 0.0000460 seconds
332.262: Application time: 0.0651670 seconds
332.262: [GC332.262: [ParNew: 15496K->607K(16640K), 0.0004510 secs] 48941K->34051K(55552K), 0.0004760 secs] [Times: user=0.00 sys=0.00, real=0.00 secs] 
332.262: Total time for which application threads were stopped: 0.0006000 seconds, Stopping threads took: 0.0000730 seconds
332.326: Application time: 0.0635140 seconds
332.326: [GC332.326: [ParNew: 15451K->1041K(16640K), 0.0005290 secs] 48895K->34485K(55552K), 0.0005530 secs] [Times: user=0.00 sys=0.00, real=0.00 secs] 
332.327: Total time for which application threads were stopped: 0.0006690 seconds, Stopping threads took: 0.0000630 seconds
332.389: Application time: 0.0620980 seconds
332.389: [GC332.389: [ParNew: 15886K->1108K(16640K), 0.0004820 secs] 49330K->34552K(55552K), 0.0005110 secs] [Times: user=0.01 sys=0.00, real=0.00 secs] 
332.389: Total time for which application threads were stopped: 0.0006150 seconds, Stopping threads took: 0.0000460 seconds
332.452: Application time: 0.0628320 seconds
332.452: [GC332.452: [ParNew: 15955K->1056K(16640K), 0.0005290 secs] 49399K->34500K(55552K), 0.0005570 secs] [Times: user=0.00 sys=0.00, real=0.00 secs] 
332.453: Total time for which application threads were stopped: 0.0006810 seconds, Stopping threads took: 0.0000660 seconds
332.520: Application time: 0.0669330 seconds
332.520: [GC332.520: [ParNew: 15903K->513K(16640K), 0.0005540 secs] 49348K->34528K(55552K), 0.0005820 secs] [Times: user=0.00 sys=0.00, real=0.00 secs] 
332.520: Total time for which application threads were stopped: 0.0007130 seconds, Stopping threads took: 0.0000690 seconds
332.587: Application time: 0.0669800 seconds
332.591: [GC332.591: [ParNew: 15360K->421K(16640K), 0.0004430 secs] 49375K->34436K(55552K), 0.0004700 secs] [Times: user=0.00 sys=0.00, real=0.00 secs] 
332.592: Total time for which application threads were stopped: 0.0041450 seconds, Stopping threads took: 0.0036170 seconds
332.645: Application time: 0.0532370 seconds
332.645: [GC332.645: [ParNew: 15269K->600K(16640K), 0.0003650 secs] 49283K->34615K(55552K), 0.0003920 secs] [Times: user=0.00 sys=0.00, real=0.00 secs] 
332.645: Total time for which application threads were stopped: 0.0005120 seconds, Stopping threads took: 0.0000650 seconds
332.705: Application time: 0.0597880 seconds
332.705: [GC332.705: [ParNew: 15444K->612K(16640K), 0.0004660 secs] 49459K->34627K(55552K), 0.0004930 secs] [Times: user=0.00 sys=0.00, real=0.00 secs] 
332.706: Total time for which application threads were stopped: 0.0006360 seconds, Stopping threads took: 0.0000750 seconds
332.762: Application time: 0.0559380 seconds
332.762: [GC332.762: [ParNew: 15456K->785K(16640K), 0.0004700 secs] 49471K->34800K(55552K), 0.0004980 secs] [Times: user=0.00 sys=0.00, real=0.00 secs] 
332.762: Total time for which application threads were stopped: 0.0006170 seconds, Stopping threads took: 0.0000600 seconds
332.817: Application time: 0.0549430 seconds
332.817: [GC332.817: [ParNew: 15630K->491K(16640K), 0.0005100 secs] 49645K->34886K(55552K), 0.0005380 secs] [Times: user=0.00 sys=0.00, real=0.00 secs] 
332.818: Total time for which application threads were stopped: 0.0006620 seconds, Stopping threads took: 0.0000710 seconds
332.882: Application time: 0.0637490 seconds
332.882: [GC332.882: [ParNew: 15338K->600K(16640K), 0.0004660 secs] 49733K->34995K(55552K), 0.0004930 secs] [Times: user=0.01 sys=0.00, real=0.00 secs] 
332.882: Total time for which application threads were stopped: 0.0006150 seconds, Stopping threads took: 0.0000650 seconds
332.930: Application time: 0.0475700 seconds
332.930: [GC332.930: [ParNew: 15446K->611K(16640K), 0.0003960 secs] 49841K->35006K(55552K), 0.0004230 secs] [Times: user=0.00 sys=0.00, real=0.00 secs] 
332.930: Total time for which application threads were stopped: 0.0005400 seconds, Stopping threads took: 0.0000610 seconds
332.995: Application time: 0.0643180 seconds
332.995: [GC332.995: [ParNew: 15459K->654K(16640K), 0.0004300 secs] 49854K->35049K(55552K), 0.0004580 secs] [Times: user=0.01 sys=0.00, real=0.00 secs] 
332.995: Total time for which application threads were stopped: 0.0005700 seconds, Stopping threads took: 0.0000560 seconds
333.060: Application time: 0.0645810 seconds
333.060: [GC333.060: [ParNew: 15501K->665K(16640K), 0.0004880 secs] 49896K->35060K(55552K), 0.0005160 secs] [Times: user=0.00 sys=0.00, real=0.00 secs] 
333.061: Total time for which application threads were stopped: 0.0006500 seconds, Stopping threads took: 0.0000760 seconds
333.128: Application time: 0.0671860 seconds
333.128: [GC333.128: [ParNew: 15511K->697K(16640K), 0.0004450 secs] 49906K->35092K(55552K), 0.0004710 secs] [Times: user=0.00 sys=0.00, real=0.00 secs] 
333.128: Total time for which application threads were stopped: 0.0006060 seconds, Stopping threads took: 0.0000820 seconds
333.193: Application time: 0.0644430 seconds
333.193: [GC333.193: [ParNew: 15544K->759K(16640K), 0.0004140 secs] 49939K->35154K(55552K), 0.0004410 secs] [Times: user=0.00 sys=0.00, real=0.00 secs] 
333.193: Total time for which application threads were stopped: 0.0005470 seconds, Stopping threads took: 0.0000500 seconds
333.260: Application time: 0.0663830 seconds
333.260: [GC333.260: [ParNew: 15606K->797K(16640K), 0.0004440 secs] 50001K->35192K(55552K), 0.0004710 secs] [Times: user=0.00 sys=0.00, real=0.00 secs] 
333.260: Total time for which application threads were stopped: 0.0006120 seconds, Stopping threads took: 0.0000730 seconds
333.325: Application time: 0.0648670 seconds
333.325: [GC333.325: [ParNew: 15644K->785K(16640K), 0.0004300 secs] 50039K->35180K(55552K), 0.0004650 secs] [Times: user=0.00 sys=0.00, real=0.00 secs] 
333.326: Total time for which application threads were stopped: 0.0005760 seconds, Stopping threads took: 0.0000580 seconds
333.393: Application time: 0.0669200 seconds
333.393: [GC333.393: [ParNew: 15633K->740K(16640K), 0.0004310 secs] 50028K->35164K(55552K), 0.0004600 secs] [Times: user=0.00 sys=0.00, real=0.00 secs] 
333.393: Total time for which application threads were stopped: 0.0005930 seconds, Stopping threads took: 0.0000740 seconds
333.461: Application time: 0.0672890 seconds
333.461: [GC333.461: [ParNew: 15588K->520K(16640K), 0.0004320 secs] 50011K->35163K(55552K), 0.0004600 secs] [Times: user=0.00 sys=0.00, real=0.00 secs] 
333.461: Total time for which application threads were stopped: 0.0005790 seconds, Stopping threads took: 0.0000600 seconds
333.529: Application time: 0.0675310 seconds
333.529: [GC333.529: [ParNew: 15368K->457K(16640K), 0.0003820 secs] 50010K->35100K(55552K), 0.0004110 secs] [Times: user=0.00 sys=0.00, real=0.00 secs] 
333.529: Total time for which application threads were stopped: 0.0005370 seconds, Stopping threads took: 0.0000730 seconds
333.596: Application time: 0.0672290 seconds
333.597: [GC333.597: [ParNew: 15305K->234K(16640K), 0.0004090 secs] 49947K->35095K(55552K), 0.0004360 secs] [Times: user=0.00 sys=0.00, real=0.00 secs] 
333.597: Total time for which application threads were stopped: 0.0005450 seconds, Stopping threads took: 0.0000520 seconds
333.646: Application time: 0.0489240 seconds
333.646: [GC333.646: [ParNew: 15081K->607K(16640K), 0.0003630 secs] 49942K->35468K(55552K), 0.0003900 secs] [Times: user=0.00 sys=0.00, real=0.00 secs] 
333.646: Total time for which application threads were stopped: 0.0005140 seconds, Stopping threads took: 0.0000710 seconds
333.690: Application time: 0.0433750 seconds
333.690: [GC333.690: [ParNew: 15455K->466K(16640K), 0.0004460 secs] 50315K->35517K(55552K), 0.0004710 secs] [Times: user=0.00 sys=0.00, real=0.00 secs] 
333.690: Total time for which application threads were stopped: 0.0005780 seconds, Stopping threads took: 0.0000480 seconds
333.731: Application time: 0.0404540 seconds
333.731: [GC333.731: [ParNew: 15312K->1109K(16640K), 0.0005140 secs] 50363K->36160K(55552K), 0.0005420 secs] [Times: user=0.00 sys=0.01, real=0.00 secs] 
333.732: Total time for which application threads were stopped: 0.0006370 seconds, Stopping threads took: 0.0000360 seconds
333.764: Application time: 0.0323270 seconds
333.764: [GC333.764: [ParNew: 15954K->1078K(16640K), 0.0005230 secs] 51005K->36187K(55552K), 0.0005510 secs] [Times: user=0.00 sys=0.00, real=0.00 secs] 
333.765: Total time for which application threads were stopped: 0.0006760 seconds, Stopping threads took: 0.0000660 seconds
333.823: Application time: 0.0586970 seconds
333.823: [GC333.823: [ParNew: 15926K->512K(16640K), 0.0005400 secs] 51035K->36277K(55552K), 0.0005690 secs] [Times: user=0.00 sys=0.00, real=0.00 secs] 
333.824: Total time for which application threads were stopped: 0.0006740 seconds, Stopping threads took: 0.0000540 seconds
333.887: Application time: 0.0629030 seconds
333.887: [GC333.887: [ParNew: 15359K->596K(16640K), 0.0004340 secs] 51124K->36361K(55552K), 0.0004620 secs] [Times: user=0.00 sys=0.00, real=0.01 secs] 
333.887: Total time for which application threads were stopped: 0.0005750 seconds, Stopping threads took: 0.0000570 seconds
333.953: Application time: 0.0659540 seconds
333.953: [GC333.953: [ParNew: 15442K->639K(16640K), 0.0003950 secs] 51207K->36404K(55552K), 0.0004250 secs] [Times: user=0.00 sys=0.00, real=0.00 secs] 
333.954: Total time for which application threads were stopped: 0.0005310 seconds, Stopping threads took: 0.0000480 seconds
334.019: Application time: 0.0650660 seconds
334.019: [GC334.019: [ParNew: 15487K->620K(16640K), 0.0004860 secs] 51252K->36385K(55552K), 0.0005140 secs] [Times: user=0.01 sys=0.00, real=0.00 secs] 
334.020: Total time for which application threads were stopped: 0.0006710 seconds, Stopping threads took: 0.0001050 seconds
334.081: Application time: 0.0616970 seconds
334.081: [GC334.081: [ParNew: 15467K->1015K(16640K), 0.0005140 secs] 51233K->36780K(55552K), 0.0005500 secs] [Times: user=0.00 sys=0.00, real=0.00 secs] 
334.082: Total time for which application threads were stopped: 0.0006640 seconds, Stopping threads took: 0.0000600 seconds
334.145: Application time: 0.0626630 seconds
334.145: [GC334.145: [ParNew: 15859K->1061K(16640K), 0.0005230 secs] 51624K->36826K(55552K), 0.0005500 secs] [Times: user=0.00 sys=0.00, real=0.00 secs] 
334.145: Total time for which application threads were stopped: 0.0006650 seconds, Stopping threads took: 0.0000570 seconds
334.209: Application time: 0.0637670 seconds
334.209: [GC334.209: [ParNew: 15908K->1121K(16640K), 0.0004640 secs] 51674K->36886K(55552K), 0.0004910 secs] [Times: user=0.00 sys=0.00, real=0.00 secs] 
334.210: Total time for which application threads were stopped: 0.0006160 seconds, Stopping threads took: 0.0000670 seconds
334.276: Application time: 0.0666840 seconds
334.276: [GC334.276: [ParNew: 15968K->766K(16640K), 0.0005100 secs] 51734K->36912K(55552K), 0.0005360 secs] [Times: user=0.00 sys=0.00, real=0.00 secs] 
334.277: Total time for which application threads were stopped: 0.0006640 seconds, Stopping threads took: 0.0000660 seconds
334.277: Application time: 0.0000470 seconds
334.277: [GC [1 CMS-initial-mark: 36145K(38912K)] 36936K(55552K), 0.0001030 secs] [Times: user=0.00 sys=0.00, real=0.00 secs] 
334.277: Total time for which application threads were stopped: 0.0001660 seconds, Stopping threads took: 0.0000460 seconds
334.277: [CMS-concurrent-mark-start]
334.283: [CMS-concurrent-mark: 0.005/0.005 secs] [Times: user=0.02 sys=0.00, real=0.01 secs] 
334.283: [CMS-concurrent-preclean-start]
334.283: [CMS-concurrent-preclean: 0.000/0.000 secs] [Times: user=0.00 sys=0.00, real=0.00 secs] 
334.283: Application time: 0.0056430 seconds
334.287: [GC[YG occupancy: 1902 K (16640 K)]334.287: [Rescan (parallel) , 0.0001910 secs]334.287: [weak refs processing, 0.0000820 secs]334.287: [scrub string table, 0.0000930 secs] [1 CMS-remark: 36145K(38912K)] 38048K(55552K), 0.0003930 secs] [Times: user=0.00 sys=0.00, real=0.00 secs] 
334.287: Total time for which application threads were stopped: 0.0046040 seconds, Stopping threads took: 0.0041880 seconds
334.288: [CMS-concurrent-sweep-start]
334.291: [CMS-concurrent-sweep: 0.003/0.003 secs] [Times: user=0.00 sys=0.00, real=0.00 secs] 
334.291: [CMS-concurrent-reset-start]
334.291: [CMS-concurrent-reset: 0.000/0.000 secs] [Times: user=0.00 sys=0.00, real=0.00 secs] 
334.350: Application time: 0.0627260 seconds
334.350: [GC334.350: [ParNew: 15614K->626K(16640K), 0.0004380 secs] 18248K->3260K(55552K), 0.0004580 secs] [Times: user=0.00 sys=0.00, real=0.00 secs] 
334.351: Total time for which application threads were stopped: 0.0005760 seconds, Stopping threads took: 0.0000630 seconds
334.401: Application time: 0.0502640 seconds
334.401: [GC334.401: [ParNew: 15473K->798K(16640K), 0.0004290 secs] 18106K->3431K(55552K), 0.0004560 secs] [Times: user=0.01 sys=0.00, real=0.00 secs] 
334.402: Total time for which application threads were stopped: 0.0005750 seconds, Stopping threads took: 0.0000610 seconds
334.464: Application time: 0.0621890 seconds
334.464: [GC334.464: [ParNew: 15641K->830K(16640K), 0.0004380 secs] 18275K->3463K(55552K), 0.0004660 secs] [Times: user=0.00 sys=0.00, real=0.00 secs] 
334.464: Total time for which application threads were stopped: 0.0005860 seconds, Stopping threads took: 0.0000620 seconds
334.513: Application time: 0.0489440 seconds
334.513: [GC334.513: [ParNew: 15675K->918K(16640K), 0.0004950 secs] 18309K->3742K(55552K), 0.0005220 secs] [Times: user=0.01 sys=0.00, real=0.00 secs] 
334.514: Total time for which application threads were stopped: 0.0006280 seconds, Stopping threads took: 0.0000470 seconds
334.576: Application time: 0.0619730 seconds
334.576: [GC334.576: [ParNew: 15764K->488K(16640K), 0.0004630 secs] 18587K->3692K(55552K), 0.0004900 secs] [Times: user=0.00 sys=0.00, real=0.00 secs] 
334.577: Total time for which application threads were stopped: 0.0006030 seconds, Stopping threads took: 0.0000520 seconds
334.631: Application time: 0.0543610 seconds
334.631: [GC334.631: [ParNew: 15334K->629K(16640K), 0.0018830 secs] 18538K->3833K(55552K), 0.0019180 secs] [Times: user=0.00 sys=0.00, real=0.00 secs] 
334.633: Total time for which application threads were stopped: 0.0020300 seconds, Stopping threads took: 0.0000520 seconds
334.691: Application time: 0.0578120 seconds
334.691: [GC334.691: [ParNew: 15475K->639K(16640K), 0.0004070 secs] 18679K->3843K(55552K), 0.0004350 secs] [Times: user=0.00 sys=0.00, real=0.00 secs] 
334.691: Total time for which application threads were stopped: 0.0005440 seconds, Stopping threads took: 0.0000510 seconds
334.756: Application time: 0.0643780 seconds
334.756: [GC334.756: [ParNew: 15484K->677K(16640K), 0.0003920 secs] 18688K->3881K(55552K), 0.0004200 secs] [Times: user=0.00 sys=0.00, real=0.00 secs] 
334.756: Total time for which application threads were stopped: 0.0005480 seconds, Stopping threads took: 0.0000700 seconds
334.820: Application time: 0.0641190 seconds
334.820: [GC334.820: [ParNew: 15524K->701K(16640K), 0.0004110 secs] 18728K->3905K(55552K), 0.0004390 secs] [Times: user=0.00 sys=0.00, real=0.00 secs] 
334.821: Total time for which application threads were stopped: 0.0005610 seconds, Stopping threads took: 0.0000590 seconds
334.887: Application time: 0.0663200 seconds
334.887: [GC334.887: [ParNew: 15548K->739K(16640K), 0.0004080 secs] 18752K->3943K(55552K), 0.0004350 secs] [Times: user=0.01 sys=0.00, real=0.00 secs] 
334.888: Total time for which application threads were stopped: 0.0005360 seconds, Stopping threads took: 0.0000450 seconds
334.952: Application time: 0.0643140 seconds
334.952: [GC334.952: [ParNew: 15584K->758K(16640K), 0.0004240 secs] 18788K->3962K(55552K), 0.0004500 secs] [Times: user=0.00 sys=0.00, real=0.00 secs] 
334.953: Total time for which application threads were stopped: 0.0005700 seconds, Stopping threads took: 0.0000640 seconds
335.020: Application time: 0.0672120 seconds
335.020: [GC335.020: [ParNew: 15606K->771K(16640K), 0.0004150 secs] 18809K->3975K(55552K), 0.0004430 secs] [Times: user=0.00 sys=0.00, real=0.00 secs] 
335.020: Total time for which application threads were stopped: 0.0005770 seconds, Stopping threads took: 0.0000820 seconds
335.086: Application time: 0.0651980 seconds
335.086: [GC335.086: [ParNew: 15618K->738K(16640K), 0.0004770 secs] 18822K->3941K(55552K), 0.0005050 secs] [Times: user=0.00 sys=0.00, real=0.00 secs] 
335.086: Total time for which application threads were stopped: 0.0006160 seconds, Stopping threads took: 0.0000570 seconds
335.153: Application time: 0.0671610 seconds
335.154: [GC335.154: [ParNew: 15585K->728K(16640K), 0.0004410 secs] 18789K->3960K(55552K), 0.0004680 secs] [Times: user=0.00 sys=0.00, real=0.00 secs] 
335.154: Total time for which application threads were stopped: 0.0005850 seconds, Stopping threads took: 0.0000580 seconds
335.221: Application time: 0.0673520 seconds
335.221: [GC335.221: [ParNew: 15575K->497K(16640K), 0.0004390 secs] 18808K->3948K(55552K), 0.0004660 secs] [Times: user=0.01 sys=0.00, real=0.00 secs] 
335.222: Total time for which application threads were stopped: 0.0005630 seconds, Stopping threads took: 0.0000470 seconds
335.289: Application time: 0.0672900 seconds
335.289: [GC335.289: [ParNew: 15344K->479K(16640K), 0.0003790 secs] 18795K->3930K(55552K), 0.0004070 secs] [Times: user=0.01 sys=0.00, real=0.00 secs] 
335.290: Total time for which application threads were stopped: 0.0005230 seconds, Stopping threads took: 0.0000610 seconds
335.357: Application time: 0.0669570 seconds
335.357: [GC335.357: [ParNew: 15327K->243K(16640K), 0.0004620 secs] 18778K->3913K(55552K), 0.0004900 secs] [Times: user=0.01 sys=0.00, real=0.00 secs] 
335.357: Total time for which application threads were stopped: 0.0006140 seconds, Stopping threads took: 0.0000560 seconds
335.400: Application time: 0.0422360 seconds
335.400: [GC335.400: [ParNew: 15090K->619K(16640K), 0.0004100 secs] 18760K->4288K(55552K), 0.0004440 secs] [Times: user=0.01 sys=0.00, real=0.00 secs] 
335.400: Total time for which application threads were stopped: 0.0005550 seconds, Stopping threads took: 0.0000540 seconds
335.447: Application time: 0.0469640 seconds
335.447: [GC335.447: [ParNew: 15465K->644K(16640K), 0.0005040 secs] 19134K->4504K(55552K), 0.0005310 secs] [Times: user=0.01 sys=0.00, real=0.00 secs] 
335.448: Total time for which application threads were stopped: 0.0006600 seconds, Stopping threads took: 0.0000720 seconds
335.482: Application time: 0.0342310 seconds
335.482: [GC335.482: [ParNew: 15492K->1090K(16640K), 0.0005670 secs] 19352K->4950K(55552K), 0.0005920 secs] [Times: user=0.00 sys=0.00, real=0.00 secs] 
335.483: Total time for which application threads were stopped: 0.0007060 seconds, Stopping threads took: 0.0000580 seconds
335.521: Application time: 0.0384920 seconds
335.521: [GC335.521: [ParNew: 15937K->1148K(16640K), 0.0005890 secs] 19797K->5065K(55552K), 0.0006160 secs] [Times: user=0.00 sys=0.00, real=0.00 secs] 
335.522: Total time for which application threads were stopped: 0.0007160 seconds, Stopping threads took: 0.0000470 seconds
335.583: Application time: 0.0611050 seconds
335.583: [GC335.583: [ParNew: 15993K->919K(16640K), 0.0005140 secs] 19910K->5084K(55552K), 0.0005420 secs] [Times: user=0.00 sys=0.00, real=0.00 secs] 
335.584: Total time for which application threads were stopped: 0.0006470 seconds, Stopping threads took: 0.0000490 seconds
335.648: Application time: 0.0648220 seconds
335.649: [GC335.649: [ParNew: 15764K->972K(16640K), 0.0004000 secs] 19929K->5136K(55552K), 0.0004270 secs] [Times: user=0.00 sys=0.00, real=0.00 secs] 
335.649: Total time for which application threads were stopped: 0.0005550 seconds, Stopping threads took: 0.0000730 seconds
335.715: Application time: 0.0655900 seconds
335.715: [GC335.715: [ParNew: 15819K->871K(16640K), 0.0004660 secs] 19983K->5035K(55552K), 0.0004950 secs] [Times: user=0.00 sys=0.00, real=0.00 secs] 
335.715: Total time for which application threads were stopped: 0.0006150 seconds, Stopping threads took: 0.0000620 seconds
335.781: Application time: 0.0655610 seconds
335.783: [GC335.783: [ParNew: 15718K->941K(16640K), 0.0004820 secs] 19883K->5106K(55552K), 0.0005090 secs] [Times: user=0.00 sys=0.00, real=0.00 secs] 
335.784: Total time for which application threads were stopped: 0.0027990 seconds, Stopping threads took: 0.0022380 seconds
335.846: Application time: 0.0621110 seconds
335.846: [GC335.846: [ParNew: 15785K->1088K(16640K), 0.0004730 secs] 19949K->5253K(55552K), 0.0004990 secs] [Times: user=0.00 sys=0.00, real=0.00 secs] 
335.846: Total time for which application threads were stopped: 0.0006410 seconds, Stopping threads took: 0.0000860 seconds
335.908: Application time: 0.0616870 seconds
335.908: [GC335.908: [ParNew: 15936K->1149K(16640K), 0.0005210 secs] 20100K->5343K(55552K), 0.0005470 secs] [Times: user=0.00 sys=0.00, real=0.00 secs] 
335.909: Total time for which application threads were stopped: 0.0006720 seconds, Stopping threads took: 0.0000580 seconds
335.974: Application time: 0.0656750 seconds
335.975: [GC335.975: [ParNew: 15994K->696K(16640K), 0.0005030 secs] 20187K->5269K(55552K), 0.0005360 secs] [Times: user=0.01 sys=0.00, real=0.00 secs] 
335.975: Total time for which application threads were stopped: 0.0006300 seconds, Stopping threads took: 0.0000410 seconds
336.042: Application time: 0.0670390 seconds
336.043: [GC336.043: [ParNew: 15543K->658K(16640K), 0.0004230 secs] 20117K->5232K(55552K), 0.0004510 secs] [Times: user=0.00 sys=0.00, real=0.00 secs] 
336.044: Total time for which application threads were stopped: 0.0014870 seconds, Stopping threads took: 0.0009780 seconds
336.110: Application time: 0.0669150 seconds
336.111: [GC336.111: [ParNew: 15506K->649K(16640K), 0.0003910 secs] 20079K->5222K(55552K), 0.0004150 secs] [Times: user=0.00 sys=0.00, real=0.00 secs] 
336.111: Total time for which application threads were stopped: 0.0005310 seconds, Stopping threads took: 0.0000560 seconds
336.160: Application time: 0.0488530 seconds
336.160: [GC336.160: [ParNew: 15493K->816K(16640K), 0.0004960 secs] 20067K->5389K(55552K), 0.0005310 secs] [Times: user=0.01 sys=0.00, real=0.00 secs] 
336.161: Total time for which application threads were stopped: 0.0006420 seconds, Stopping threads took: 0.0000520 seconds
336.222: Application time: 0.0618320 seconds
336.222: [GC336.222: [ParNew: 15660K->1042K(16640K), 0.0004590 secs] 20233K->5615K(55552K), 0.0004850 secs] [Times: user=0.00 sys=0.00, real=0.00 secs] 
336.223: Total time for which application threads were stopped: 0.0006100 seconds, Stopping threads took: 0.0000710 seconds
336.270: Application time: 0.0470400 seconds
336.270: [GC336.270: [ParNew: 15890K->693K(16640K), 0.0005620 secs] 20463K->5647K(55552K), 0.0005890 secs] [Times: user=0.01 sys=0.00, real=0.00 secs] 
336.271: Total time for which application threads were stopped: 0.0007150 seconds, Stopping threads took: 0.0000750 seconds
336.335: Application time: 0.0643950 seconds
336.335: [GC336.335: [ParNew: 15538K->412K(16640K), 0.0004190 secs] 20492K->5556K(55552K), 0.0004460 secs] [Times: user=0.00 sys=0.00, real=0.00 secs] 
336.336: Total time for which application threads were stopped: 0.0005530 seconds, Stopping threads took: 0.0000540 seconds
336.391: Application time: 0.0552460 seconds
336.391: [GC336.391: [ParNew: 15256K->635K(16640K), 0.0004490 secs] 20400K->5778K(55552K), 0.0004720 secs] [Times: user=0.01 sys=0.00, real=0.00 secs] 
336.392: Total time for which application threads were stopped: 0.0005920 seconds, Stopping threads took: 0.0000550 seconds
336.449: Application time: 0.0571480 seconds
336.449: [GC336.449: [ParNew: 15482K->584K(16640K), 0.0004370 secs] 20626K->5727K(55552K), 0.0004620 secs] [Times: user=0.00 sys=0.00, real=0.00 secs] 
336.449: Total time for which application threads were stopped: 0.0005810 seconds, Stopping threads took: 0.0000550 seconds
336.514: Application time: 0.0647590 seconds
336.514: [GC336.514: [ParNew: 15429K->676K(16640K), 0.0003890 secs] 20573K->5819K(55552K), 0.0004150 secs] [Times: user=0.01 sys=0.00, real=0.00 secs] 
336.515: Total time for which application threads were stopped: 0.0005370 seconds, Stopping threads took: 0.0000640 seconds
336.579: Application time: 0.0639620 seconds
336.579: [GC336.579: [ParNew: 15521K->671K(16640K), 0.0004550 secs] 20664K->5815K(55552K), 0.0004830 secs] [Times: user=0.00 sys=0.01, real=0.01 secs] 
336.579: Total time for which application threads were stopped: 0.0005920 seconds, Stopping threads took: 0.0000580 seconds
336.645: Application time: 0.0663400 seconds
336.646: [GC336.646: [ParNew: 15518K->713K(16640K), 0.0003760 secs] 20662K->5857K(55552K), 0.0004030 secs] [Times: user=0.00 sys=0.00, real=0.00 secs] 
336.646: Total time for which application threads were stopped: 0.0005240 seconds, Stopping threads took: 0.0000630 seconds
336.710: Application time: 0.0641280 seconds
336.710: [GC336.710: [ParNew: 15558K->783K(16640K), 0.0004360 secs] 20702K->5927K(55552K), 0.0004620 secs] [Times: user=0.00 sys=0.00, real=0.00 secs] 
336.711: Total time for which application threads were stopped: 0.0005870 seconds, Stopping threads took: 0.0000650 seconds
336.777: Application time: 0.0667990 seconds
336.778: [GC336.778: [ParNew: 15628K->747K(16640K), 0.0004250 secs] 20772K->5891K(55552K), 0.0004520 secs] [Times: user=0.00 sys=0.00, real=0.00 secs] 
336.778: Total time for which application threads were stopped: 0.0005680 seconds, Stopping threads took: 0.0000630 seconds
336.843: Application time: 0.0649660 seconds
336.843: [GC336.843: [ParNew: 15594K->770K(16640K), 0.0004420 secs] 20738K->5914K(55552K), 0.0004690 secs] [Times: user=0.01 sys=0.00, real=0.00 secs] 
336.844: Total time for which application threads were stopped: 0.0005910 seconds, Stopping threads took: 0.0000670 seconds
336.911: Application time: 0.0670120 seconds
336.911: [GC336.911: [ParNew: 15617K->774K(16640K), 0.0004360 secs] 20761K->5947K(55552K), 0.0004640 secs] [Times: user=0.01 sys=0.00, real=0.00 secs] 
336.911: Total time for which application threads were stopped: 0.0005930 seconds, Stopping threads took: 0.0000710 seconds
336.978: Application time: 0.0672060 seconds
336.979: [GC336.979: [ParNew: 15621K->519K(16640K), 0.0004480 secs] 20794K->5910K(55552K), 0.0004840 secs] [Times: user=0.01 sys=0.00, real=0.00 secs] 
336.979: Total time for which application threads were stopped: 0.0005960 seconds, Stopping threads took: 0.0000410 seconds
337.047: Application time: 0.0676160 seconds
337.051: [GC337.051: [ParNew: 15364K->462K(16640K), 0.0004360 secs] 20755K->5853K(55552K), 0.0004630 secs] [Times: user=0.01 sys=0.00, real=0.00 secs] 
337.052: Total time for which application threads were stopped: 0.0049190 seconds, Stopping threads took: 0.0043970 seconds
337.115: Application time: 0.0633400 seconds
337.115: [GC337.115: [ParNew: 15308K->434K(16640K), 0.0004350 secs] 20699K->6044K(55552K), 0.0004620 secs] [Times: user=0.00 sys=0.00, real=0.00 secs] 
337.116: Total time for which application threads were stopped: 0.0005910 seconds, Stopping threads took: 0.0000680 seconds
337.156: Application time: 0.0400060 seconds
337.156: [GC337.156: [ParNew: 15282K->668K(16640K), 0.0003920 secs] 20892K->6277K(55552K), 0.0004190 secs] [Times: user=0.00 sys=0.00, real=0.00 secs] 
337.156: Total time for which application threads were stopped: 0.0005300 seconds, Stopping threads took: 0.0000530 seconds
337.205: Application time: 0.0492580 seconds
337.205: [GC337.205: [ParNew: 15515K->853K(16640K), 0.0004960 secs] 21125K->6652K(55552K), 0.0005230 secs] [Times: user=0.01 sys=0.00, real=0.00 secs] 
337.206: Total time for which application threads were stopped: 0.0006500 seconds, Stopping threads took: 0.0000680 seconds
337.235: Application time: 0.0293810 seconds
337.235: [GC337.235: [ParNew: 15698K->1145K(16640K), 0.0005930 secs] 21498K->6945K(55552K), 0.0006200 secs] [Times: user=0.01 sys=0.00, real=0.00 secs] 
337.236: Total time for which application threads were stopped: 0.0007380 seconds, Stopping threads took: 0.0000590 seconds
337.281: Application time: 0.0453890 seconds
337.282: [GC337.282: [ParNew: 15991K->1202K(16640K), 0.0006110 secs] 21791K->7059K(55552K), 0.0006380 secs] [Times: user=0.01 sys=0.00, real=0.00 secs] 
337.282: Total time for which application threads were stopped: 0.0007440 seconds, Stopping threads took: 0.0000540 seconds
337.343: Application time: 0.0611920 seconds
337.344: [GC337.344: [ParNew: 16049K->932K(16640K), 0.0005540 secs] 21906K->7036K(55552K), 0.0005820 secs] [Times: user=0.00 sys=0.00, real=0.00 secs] 
337.344: Total time for which application threads were stopped: 0.0006940 seconds, Stopping threads took: 0.0000540 seconds
337.410: Application time: 0.0656370 seconds
337.410: [GC337.410: [ParNew: 15779K->988K(16640K), 0.0004530 secs] 21884K->7093K(55552K), 0.0004810 secs] [Times: user=0.00 sys=0.00, real=0.00 secs] 
337.410: Total time for which application threads were stopped: 0.0006010 seconds, Stopping threads took: 0.0000610 seconds
337.476: Application time: 0.0658160 seconds
337.476: [GC337.476: [ParNew: 15836K->861K(16640K), 0.0004210 secs] 21940K->6965K(55552K), 0.0004460 secs] [Times: user=0.00 sys=0.00, real=0.00 secs] 
337.477: Total time for which application threads were stopped: 0.0005610 seconds, Stopping threads took: 0.0000630 seconds
337.541: Application time: 0.0643830 seconds
337.541: [GC337.541: [ParNew: 15708K->1096K(16640K), 0.0004790 secs] 21812K->7201K(55552K), 0.0005060 secs] [Times: user=0.00 sys=0.00, real=0.00 secs] 
337.542: Total time for which application threads were stopped: 0.0006360 seconds, Stopping threads took: 0.0000660 seconds
337.605: Application time: 0.0629000 seconds
337.605: [GC337.605: [ParNew: 15941K->1104K(16640K), 0.0005530 secs] 22046K->7237K(55552K), 0.0005800 secs] [Times: user=0.00 sys=0.00, real=0.00 secs] 
337.605: Total time for which application threads were stopped: 0.0006870 seconds, Stopping threads took: 0.0000490 seconds
337.666: Application time: 0.0611300 seconds
337.667: [GC337.667: [ParNew: 15951K->1102K(16640K), 0.0006080 secs] 22084K->7236K(55552K), 0.0006350 secs] [Times: user=0.00 sys=0.00, real=0.01 secs] 
337.667: Total time for which application threads were stopped: 0.0007480 seconds, Stopping threads took: 0.0000480 seconds
337.734: Application time: 0.0668270 seconds
337.734: [GC337.734: [ParNew: 15949K->731K(16640K), 0.0005360 secs] 22083K->7246K(55552K), 0.0005640 secs] [Times: user=0.01 sys=0.00, real=0.00 secs] 
337.735: Total time for which application threads were stopped: 0.0006760 seconds, Stopping threads took: 0.0000580 seconds
337.802: Application time: 0.0671460 seconds
337.802: [GC337.802: [ParNew: 15579K->607K(16640K), 0.0004630 secs] 22093K->7121K(55552K), 0.0004910 secs] [Times: user=0.00 sys=0.00, real=0.00 secs] 
337.803: Total time for which application threads were stopped: 0.0006240 seconds, Stopping threads took: 0.0000750 seconds
337.863: Application time: 0.0604930 seconds
337.863: [GC337.863: [ParNew: 15454K->805K(16640K), 0.0004670 secs] 21968K->7320K(55552K), 0.0004940 secs] [Times: user=0.01 sys=0.00, real=0.00 secs] 
337.864: Total time for which application threads were stopped: 0.0006080 seconds, Stopping threads took: 0.0000560 seconds
337.917: Application time: 0.0538010 seconds
337.918: [GC337.918: [ParNew: 15651K->850K(16640K), 0.0004920 secs] 22165K->7364K(55552K), 0.0005170 secs] [Times: user=0.00 sys=0.00, real=0.00 secs] 
337.918: Total time for which application threads were stopped: 0.0006400 seconds, Stopping threads took: 0.0000660 seconds
337.976: Application time: 0.0577760 seconds
337.976: [GC337.976: [ParNew: 15694K->1079K(16640K), 0.0004810 secs] 22208K->7593K(55552K), 0.0005080 secs] [Times: user=0.00 sys=0.00, real=0.00 secs] 
337.976: Total time for which application threads were stopped: 0.0006370 seconds, Stopping threads took: 0.0000770 seconds
338.032: Application time: 0.0551610 seconds
338.032: [GC338.032: [ParNew: 15927K->506K(16640K), 0.0005250 secs] 22441K->7590K(55552K), 0.0005520 secs] [Times: user=0.00 sys=0.00, real=0.00 secs] 
338.032: Total time for which application threads were stopped: 0.0006550 seconds, Stopping threads took: 0.0000490 seconds
338.097: Application time: 0.0645110 seconds
338.097: [GC338.097: [ParNew: 15351K->423K(16640K), 0.0003960 secs] 22435K->7507K(55552K), 0.0004210 secs] [Times: user=0.00 sys=0.00, real=0.00 secs] 
338.097: Total time for which application threads were stopped: 0.0005320 seconds, Stopping threads took: 0.0000450 seconds
338.147: Application time: 0.0497840 seconds
338.147: [GC338.147: [ParNew: 15267K->600K(16640K), 0.0004450 secs] 22351K->7685K(55552K), 0.0004730 secs] [Times: user=0.00 sys=0.00, real=0.00 secs] 
338.148: Total time for which application threads were stopped: 0.0006010 seconds, Stopping threads took: 0.0000720 seconds
338.210: Application time: 0.0620320 seconds
338.210: [GC338.210: [ParNew: 15446K->635K(16640K), 0.0004280 secs] 22530K->7719K(55552K), 0.0004560 secs] [Times: user=0.00 sys=0.00, real=0.00 secs] 
338.210: Total time for which application threads were stopped: 0.0005770 seconds, Stopping threads took: 0.0000630 seconds
338.275: Application time: 0.0645110 seconds
338.275: [GC338.275: [ParNew: 15482K->647K(16640K), 0.0003970 secs] 22567K->7732K(55552K), 0.0004250 secs] [Times: user=0.00 sys=0.00, real=0.00 secs] 
338.275: Total time for which application threads were stopped: 0.0005750 seconds, Stopping threads took: 0.0000960 seconds
338.339: Application time: 0.0637590 seconds
338.339: [GC338.339: [ParNew: 15494K->695K(16640K), 0.0004870 secs] 22579K->7779K(55552K), 0.0005140 secs] [Times: user=0.01 sys=0.00, real=0.00 secs] 
338.340: Total time for which application threads were stopped: 0.0006230 seconds, Stopping threads took: 0.0000530 seconds
338.404: Application time: 0.0639930 seconds
338.404: [GC338.404: [ParNew: 15541K->750K(16640K), 0.0004510 secs] 22626K->7835K(55552K), 0.0004750 secs] [Times: user=0.00 sys=0.00, real=0.00 secs] 
338.404: Total time for which application threads were stopped: 0.0005990 seconds, Stopping threads took: 0.0000670 seconds
338.471: Application time: 0.0662520 seconds
338.471: [GC338.471: [ParNew: 15598K->727K(16640K), 0.0004770 secs] 22682K->7811K(55552K), 0.0005120 secs] [Times: user=0.00 sys=0.00, real=0.00 secs] 
338.471: Total time for which application threads were stopped: 0.0006270 seconds, Stopping threads took: 0.0000630 seconds
338.537: Application time: 0.0654440 seconds
338.537: [GC338.537: [ParNew: 15571K->759K(16640K), 0.0004120 secs] 22656K->7844K(55552K), 0.0004400 secs] [Times: user=0.00 sys=0.00, real=0.00 secs] 
338.537: Total time for which application threads were stopped: 0.0005700 seconds, Stopping threads took: 0.0000760 seconds
338.603: Application time: 0.0658090 seconds
338.603: [GC338.603: [ParNew: 15606K->757K(16640K), 0.0004490 secs] 22690K->7842K(55552K), 0.0004770 secs] [Times: user=0.00 sys=0.00, real=0.00 secs] 
338.604: Total time for which application threads were stopped: 0.0006030 seconds, Stopping threads took: 0.0000580 seconds
338.671: Application time: 0.0674250 seconds
338.671: [GC338.671: [ParNew: 15604K->770K(16640K), 0.0004120 secs] 22689K->7883K(55552K), 0.0004390 secs] [Times: user=0.01 sys=0.00, real=0.00 secs] 
338.672: Total time for which application threads were stopped: 0.0005380 seconds, Stopping threads took: 0.0000490 seconds
338.739: Application time: 0.0672940 seconds
338.739: [GC338.739: [ParNew: 15617K->511K(16640K), 0.0004990 secs] 22731K->7843K(55552K), 0.0005260 secs] [Times: user=0.00 sys=0.00, real=0.00 secs] 
338.740: Total time for which application threads were stopped: 0.0006310 seconds, Stopping threads took: 0.0000510 seconds
338.807: Application time: 0.0671140 seconds
338.807: [GC338.807: [ParNew: 15359K->223K(16640K), 0.0004140 secs] 22691K->7774K(55552K), 0.0004410 secs] [Times: user=0.00 sys=0.00, real=0.01 secs] 
338.807: Total time for which application threads were stopped: 0.0005630 seconds, Stopping threads took: 0.0000650 seconds
338.866: Application time: 0.0583830 seconds
338.866: [GC338.866: [ParNew: 15067K->416K(16640K), 0.0003530 secs] 22618K->7967K(55552K), 0.0003780 secs] [Times: user=0.00 sys=0.00, real=0.00 secs] 
338.866: Total time for which application threads were stopped: 0.0004910 seconds, Stopping threads took: 0.0000580 seconds
338.909: Application time: 0.0425100 seconds
338.909: [GC338.909: [ParNew: 15263K->651K(16640K), 0.0005030 secs] 22814K->8202K(55552K), 0.0005290 secs] [Times: user=0.00 sys=0.00, real=0.00 secs] 
338.909: Total time for which application threads were stopped: 0.0006310 seconds, Stopping threads took: 0.0000480 seconds
338.950: Application time: 0.0407560 seconds
338.950: [GC338.950: [ParNew: 15495K->1114K(16640K), 0.0006050 secs] 23046K->8854K(55552K), 0.0006310 secs] [Times: user=0.01 sys=0.00, real=0.00 secs] 
338.951: Total time for which application threads were stopped: 0.0007370 seconds, Stopping threads took: 0.0000490 seconds
338.981: Application time: 0.0306160 seconds
338.982: [GC338.982: [ParNew: 15958K->1135K(16640K), 0.0005230 secs] 23698K->8933K(55552K), 0.0005510 secs] [Times: user=0.01 sys=0.00, real=0.00 secs] 
338.982: Total time for which application threads were stopped: 0.0006790 seconds, Stopping threads took: 0.0000720 seconds
339.035: Application time: 0.0528820 seconds
339.035: [GC339.035: [ParNew: 15983K->1091K(16640K), 0.0005260 secs] 23781K->8947K(55552K), 0.0005470 secs] [Times: user=0.00 sys=0.01, real=0.00 secs] 
339.036: Total time for which application threads were stopped: 0.0006490 seconds, Stopping threads took: 0.0000470 seconds
339.097: Application time: 0.0616340 seconds
339.097: [GC339.097: [ParNew: 15938K->957K(16640K), 0.0004760 secs] 23793K->9002K(55552K), 0.0005030 secs] [Times: user=0.00 sys=0.00, real=0.00 secs] 
339.098: Total time for which application threads were stopped: 0.0006130 seconds, Stopping threads took: 0.0000520 seconds
339.163: Application time: 0.0649060 seconds
339.163: [GC339.163: [ParNew: 15804K->952K(16640K), 0.0004610 secs] 23850K->8998K(55552K), 0.0004870 secs] [Times: user=0.01 sys=0.00, real=0.00 secs] 
339.163: Total time for which application threads were stopped: 0.0006150 seconds, Stopping threads took: 0.0000610 seconds
339.228: Application time: 0.0649950 seconds
339.229: [GC339.229: [ParNew: 15800K->905K(16640K), 0.0004810 secs] 23845K->8951K(55552K), 0.0005170 secs] [Times: user=0.00 sys=0.00, real=0.00 secs] 
339.229: Total time for which application threads were stopped: 0.0006260 seconds, Stopping threads took: 0.0000570 seconds
339.292: Application time: 0.0632630 seconds
339.292: [GC339.292: [ParNew: 15750K->1124K(16640K), 0.0004580 secs] 23796K->9170K(55552K), 0.0004850 secs] [Times: user=0.00 sys=0.00, real=0.00 secs] 
339.293: Total time for which application threads were stopped: 0.0006050 seconds, Stopping threads took: 0.0000640 seconds
339.356: Application time: 0.0634660 seconds
339.356: [GC339.356: [ParNew: 15969K->1059K(16640K), 0.0005320 secs] 24015K->9134K(55552K), 0.0005580 secs] [Times: user=0.00 sys=0.00, real=0.00 secs] 
339.357: Total time for which application threads were stopped: 0.0006600 seconds, Stopping threads took: 0.0000460 seconds
339.419: Application time: 0.0618790 seconds
339.419: [GC339.419: [ParNew: 15904K->1106K(16640K), 0.0004560 secs] 23979K->9181K(55552K), 0.0004810 secs] [Times: user=0.00 sys=0.00, real=0.00 secs] 
339.420: Total time for which application threads were stopped: 0.0006090 seconds, Stopping threads took: 0.0000660 seconds
339.486: Application time: 0.0667200 seconds
339.486: [GC339.486: [ParNew: 15954K->931K(16640K), 0.0004950 secs] 24029K->9197K(55552K), 0.0005220 secs] [Times: user=0.01 sys=0.00, real=0.00 secs] 
339.487: Total time for which application threads were stopped: 0.0006340 seconds, Stopping threads took: 0.0000570 seconds
339.554: Application time: 0.0667100 seconds
339.554: [GC339.554: [ParNew: 15779K->789K(16640K), 0.0004890 secs] 24044K->9054K(55552K), 0.0005170 secs] [Times: user=0.00 sys=0.00, real=0.00 secs] 
339.554: Total time for which application threads were stopped: 0.0006260 seconds, Stopping threads took: 0.0000520 seconds
339.609: Application time: 0.0543440 seconds
339.609: [GC339.609: [ParNew: 15635K->1042K(16640K), 0.0004490 secs] 23900K->9307K(55552K), 0.0004760 secs] [Times: user=0.00 sys=0.00, real=0.00 secs] 
339.609: Total time for which application threads were stopped: 0.0005880 seconds, Stopping threads took: 0.0000540 seconds
339.668: Application time: 0.0585420 seconds
339.668: [GC339.668: [ParNew: 15886K->927K(16640K), 0.0005380 secs] 24151K->9382K(55552K), 0.0005700 secs] [Times: user=0.00 sys=0.00, real=0.00 secs] 
339.668: Total time for which application threads were stopped: 0.0007100 seconds, Stopping threads took: 0.0000710 seconds
339.720: Application time: 0.0517940 seconds
339.720: [GC339.720: [ParNew: 15773K->995K(16640K), 0.0005340 secs] 24228K->9451K(55552K), 0.0005610 secs] [Times: user=0.00 sys=0.00, real=0.00 secs] 
339.721: Total time for which application threads were stopped: 0.0006760 seconds, Stopping threads took: 0.0000560 seconds
339.780: Application time: 0.0593560 seconds
339.780: [GC339.780: [ParNew: 15839K->507K(16640K), 0.0005130 secs] 24294K->9532K(55552K), 0.0005390 secs] [Times: user=0.00 sys=0.00, real=0.00 secs] 
339.781: Total time for which application threads were stopped: 0.0006490 seconds, Stopping threads took: 0.0000590 seconds
339.844: Application time: 0.0634000 seconds
339.847: [GC339.847: [ParNew: 15354K->607K(16640K), 0.0003820 secs] 24380K->9633K(55552K), 0.0004100 secs] [Times: user=0.01 sys=0.00, real=0.00 secs] 
339.848: Total time for which application threads were stopped: 0.0032290 seconds, Stopping threads took: 0.0027620 seconds
339.895: Application time: 0.0478160 seconds
339.895: [GC339.895: [ParNew: 15454K->611K(16640K), 0.0004470 secs] 24479K->9637K(55552K), 0.0004730 secs] [Times: user=0.00 sys=0.00, real=0.00 secs] 
339.896: Total time for which application threads were stopped: 0.0005900 seconds, Stopping threads took: 0.0000610 seconds
339.960: Application time: 0.0639400 seconds
339.960: [GC339.960: [ParNew: 15456K->683K(16640K), 0.0003960 secs] 24482K->9708K(55552K), 0.0004230 secs] [Times: user=0.01 sys=0.00, real=0.00 secs] 
339.960: Total time for which application threads were stopped: 0.0005420 seconds, Stopping threads took: 0.0000610 seconds
340.024: Application time: 0.0639790 seconds
340.025: [GC340.025: [ParNew: 15528K->677K(16640K), 0.0004190 secs] 24553K->9702K(55552K), 0.0004550 secs] [Times: user=0.00 sys=0.00, real=0.00 secs] 
340.025: Total time for which application threads were stopped: 0.0005630 seconds, Stopping threads took: 0.0000590 seconds
340.091: Application time: 0.0657340 seconds
340.091: [GC340.091: [ParNew: 15524K->690K(16640K), 0.0004310 secs] 24550K->9715K(55552K), 0.0004590 secs] [Times: user=0.00 sys=0.00, real=0.00 secs] 
340.091: Total time for which application threads were stopped: 0.0005740 seconds, Stopping threads took: 0.0000590 seconds
340.156: Application time: 0.0642650 seconds
340.159: [GC340.159: [ParNew: 15538K->741K(16640K), 0.0005500 secs] 24563K->9767K(55552K), 0.0005770 secs] [Times: user=0.01 sys=0.00, real=0.00 secs] 
340.160: Total time for which application threads were stopped: 0.0041850 seconds, Stopping threads took: 0.0035300 seconds
340.226: Application time: 0.0666840 seconds
340.227: [GC340.227: [ParNew: 15587K->760K(16640K), 0.0004560 secs] 24612K->9785K(55552K), 0.0004830 secs] [Times: user=0.00 sys=0.00, real=0.00 secs] 
340.227: Total time for which application threads were stopped: 0.0006010 seconds, Stopping threads took: 0.0000520 seconds
340.292: Application time: 0.0646060 seconds
340.292: [GC340.292: [ParNew: 15605K->770K(16640K), 0.0004640 secs] 24630K->9795K(55552K), 0.0004890 secs] [Times: user=0.00 sys=0.00, real=0.00 secs] 
340.292: Total time for which application threads were stopped: 0.0006000 seconds, Stopping threads took: 0.0000550 seconds
340.359: Application time: 0.0668930 seconds
340.359: [GC340.359: [ParNew: 15617K->780K(16640K), 0.0004610 secs] 24643K->9834K(55552K), 0.0004830 secs] [Times: user=0.00 sys=0.00, real=0.00 secs] 
340.360: Total time for which application threads were stopped: 0.0006140 seconds, Stopping threads took: 0.0000730 seconds
340.427: Application time: 0.0672110 seconds
340.427: [GC340.427: [ParNew: 15627K->526K(16640K), 0.0004190 secs] 24681K->9798K(55552K), 0.0004480 secs] [Times: user=0.00 sys=0.00, real=0.00 secs] 
340.428: Total time for which application threads were stopped: 0.0005660 seconds, Stopping threads took: 0.0000670 seconds
340.495: Application time: 0.0674480 seconds
340.495: [GC340.495: [ParNew: 15373K->445K(16640K), 0.0003930 secs] 24646K->9718K(55552K), 0.0004190 secs] [Times: user=0.00 sys=0.00, real=0.00 secs] 
340.496: Total time for which application threads were stopped: 0.0005490 seconds, Stopping threads took: 0.0000740 seconds
340.563: Application time: 0.0673390 seconds
340.563: [GC340.563: [ParNew: 15292K->234K(16640K), 0.0003960 secs] 24565K->9726K(55552K), 0.0004210 secs] [Times: user=0.01 sys=0.00, real=0.00 secs] 
340.563: Total time for which application threads were stopped: 0.0005280 seconds, Stopping threads took: 0.0000520 seconds
340.615: Application time: 0.0519610 seconds
340.615: [GC340.615: [ParNew: 15079K->395K(16640K), 0.0003820 secs] 24570K->9886K(55552K), 0.0004060 secs] [Times: user=0.00 sys=0.00, real=0.00 secs] 
340.616: Total time for which application threads were stopped: 0.0005080 seconds, Stopping threads took: 0.0000460 seconds
340.661: Application time: 0.0449210 seconds
340.661: [GC340.661: [ParNew: 15239K->645K(16640K), 0.0004710 secs] 24731K->10327K(55552K), 0.0005000 secs] [Times: user=0.00 sys=0.00, real=0.00 secs] 
340.661: Total time for which application threads were stopped: 0.0006250 seconds, Stopping threads took: 0.0000700 seconds
340.700: Application time: 0.0381080 seconds
340.700: [GC340.700: [ParNew: 15492K->876K(16640K), 0.0004680 secs] 25173K->10558K(55552K), 0.0004950 secs] [Times: user=0.01 sys=0.00, real=0.00 secs] 
340.700: Total time for which application threads were stopped: 0.0006030 seconds, Stopping threads took: 0.0000500 seconds
340.734: Application time: 0.0342980 seconds
340.735: [GC340.735: [ParNew: 15721K->1129K(16640K), 0.0005170 secs] 25403K->10811K(55552K), 0.0005440 secs] [Times: user=0.00 sys=0.00, real=0.00 secs] 
340.735: Total time for which application threads were stopped: 0.0006630 seconds, Stopping threads took: 0.0000460 seconds
340.790: Application time: 0.0552240 seconds
340.790: [GC340.790: [ParNew: 15974K->962K(16640K), 0.0006040 secs] 25656K->10919K(55552K), 0.0006310 secs] [Times: user=0.01 sys=0.00, real=0.00 secs] 
340.791: Total time for which application threads were stopped: 0.0007300 seconds, Stopping threads took: 0.0000460 seconds
340.854: Application time: 0.0633490 seconds
340.855: [GC340.855: [ParNew: 15806K->910K(16640K), 0.0004960 secs] 25764K->10868K(55552K), 0.0005250 secs] [Times: user=0.00 sys=0.00, real=0.00 secs] 
340.855: Total time for which application threads were stopped: 0.0006560 seconds, Stopping threads took: 0.0000740 seconds
340.921: Application time: 0.0654810 seconds
340.921: [GC340.921: [ParNew: 15758K->964K(16640K), 0.0004470 secs] 25715K->10922K(55552K), 0.0004720 secs] [Times: user=0.01 sys=0.00, real=0.00 secs] 
340.921: Total time for which application threads were stopped: 0.0006000 seconds, Stopping threads took: 0.0000710 seconds
340.987: Application time: 0.0654470 seconds
340.987: [GC340.987: [ParNew: 15812K->983K(16640K), 0.0004390 secs] 25769K->10941K(55552K), 0.0004660 secs] [Times: user=0.00 sys=0.00, real=0.01 secs] 
340.987: Total time for which application threads were stopped: 0.0005810 seconds, Stopping threads took: 0.0000610 seconds
341.051: Application time: 0.0636660 seconds
341.051: [GC341.051: [ParNew: 15828K->1119K(16640K), 0.0005020 secs] 25785K->11076K(55552K), 0.0005310 secs] [Times: user=0.00 sys=0.00, real=0.00 secs] 
341.051: Total time for which application threads were stopped: 0.0006310 seconds, Stopping threads took: 0.0000440 seconds
341.114: Application time: 0.0627300 seconds
341.114: [GC341.114: [ParNew: 15964K->1074K(16640K), 0.0004880 secs] 25921K->11089K(55552K), 0.0005140 secs] [Times: user=0.00 sys=0.00, real=0.00 secs] 
341.115: Total time for which application threads were stopped: 0.0006230 seconds, Stopping threads took: 0.0000520 seconds
341.178: Application time: 0.0626900 seconds
341.178: [GC341.178: [ParNew: 15919K->1111K(16640K), 0.0005210 secs] 25934K->11126K(55552K), 0.0005490 secs] [Times: user=0.01 sys=0.00, real=0.00 secs] 
341.178: Total time for which application threads were stopped: 0.0006640 seconds, Stopping threads took: 0.0000630 seconds
341.245: Application time: 0.0666880 seconds
341.247: [GC341.247: [ParNew: 15958K->934K(16640K), 0.0005780 secs] 25974K->11139K(55552K), 0.0006040 secs] [Times: user=0.00 sys=0.00, real=0.00 secs] 
341.248: Total time for which application threads were stopped: 0.0028740 seconds, Stopping threads took: 0.0022060 seconds
341.315: Application time: 0.0669900 seconds
341.315: [GC341.315: [ParNew: 15781K->812K(16640K), 0.0004690 secs] 25987K->11017K(55552K), 0.0004990 secs] [Times: user=0.00 sys=0.00, real=0.00 secs] 
341.315: Total time for which application threads were stopped: 0.0006340 seconds, Stopping threads took: 0.0000770 seconds
341.365: Application time: 0.0498310 seconds
341.365: [GC341.365: [ParNew: 15656K->1062K(16640K), 0.0004900 secs] 25861K->11268K(55552K), 0.0005180 secs] [Times: user=0.00 sys=0.00, real=0.00 secs] 
341.366: Total time for which application threads were stopped: 0.0006430 seconds, Stopping threads took: 0.0000640 seconds
341.427: Application time: 0.0613450 seconds
341.427: [GC341.427: [ParNew: 15908K->927K(16640K), 0.0005280 secs] 26114K->11513K(55552K), 0.0005550 secs] [Times: user=0.01 sys=0.00, real=0.00 secs] 
341.428: Total time for which application threads were stopped: 0.0006670 seconds, Stopping threads took: 0.0000610 seconds
341.474: Application time: 0.0464660 seconds
341.474: [GC341.474: [ParNew: 15773K->815K(16640K), 0.0005050 secs] 26359K->11401K(55552K), 0.0005320 secs] [Times: user=0.00 sys=0.00, real=0.00 secs] 
341.475: Total time for which application threads were stopped: 0.0006260 seconds, Stopping threads took: 0.0000430 seconds
341.540: Application time: 0.0648320 seconds
341.540: [GC341.540: [ParNew: 15662K->490K(16640K), 0.0004700 secs] 26248K->11456K(55552K), 0.0005080 secs] [Times: user=0.00 sys=0.00, real=0.00 secs] 
341.540: Total time for which application threads were stopped: 0.0006200 seconds, Stopping threads took: 0.0000580 seconds
341.600: Application time: 0.0592320 seconds
341.603: [GC341.603: [ParNew: 15334K->598K(16640K), 0.0004090 secs] 26300K->11564K(55552K), 0.0004360 secs] [Times: user=0.00 sys=0.00, real=0.00 secs] 
341.604: Total time for which application threads were stopped: 0.0039110 seconds, Stopping threads took: 0.0034160 seconds
341.657: Application time: 0.0535810 seconds
341.657: [GC341.657: [ParNew: 15446K->596K(16640K), 0.0004440 secs] 26412K->11562K(55552K), 0.0004690 secs] [Times: user=0.00 sys=0.00, real=0.00 secs] 
341.658: Total time for which application threads were stopped: 0.0005800 seconds, Stopping threads took: 0.0000550 seconds
341.722: Application time: 0.0642300 seconds
341.722: [GC341.722: [ParNew: 15444K->636K(16640K), 0.0004170 secs] 26409K->11602K(55552K), 0.0004450 secs] [Times: user=0.00 sys=0.00, real=0.00 secs] 
341.723: Total time for which application threads were stopped: 0.0005680 seconds, Stopping threads took: 0.0000640 seconds
341.786: Application time: 0.0637420 seconds
341.786: [GC341.786: [ParNew: 15481K->700K(16640K), 0.0004470 secs] 26447K->11666K(55552K), 0.0004730 secs] [Times: user=0.00 sys=0.00, real=0.00 secs] 
341.787: Total time for which application threads were stopped: 0.0006180 seconds, Stopping threads took: 0.0000800 seconds
341.853: Application time: 0.0657960 seconds
341.855: [GC341.855: [ParNew: 15547K->658K(16640K), 0.0004620 secs] 26513K->11624K(55552K), 0.0004910 secs] [Times: user=0.00 sys=0.00, real=0.00 secs] 
341.856: Total time for which application threads were stopped: 0.0029480 seconds, Stopping threads took: 0.0024010 seconds
341.920: Application time: 0.0639900 seconds
341.920: [GC341.920: [ParNew: 15503K->700K(16640K), 0.0004290 secs] 26469K->11666K(55552K), 0.0004570 secs] [Times: user=0.00 sys=0.00, real=0.00 secs] 
341.920: Total time for which application threads were stopped: 0.0006110 seconds, Stopping threads took: 0.0000950 seconds
341.986: Application time: 0.0661740 seconds
341.987: [GC341.987: [ParNew: 15547K->717K(16640K), 0.0004730 secs] 26513K->11683K(55552K), 0.0005010 secs] [Times: user=0.01 sys=0.00, real=0.01 secs] 
341.987: Total time for which application threads were stopped: 0.0006240 seconds, Stopping threads took: 0.0000710 seconds
342.052: Application time: 0.0648170 seconds
342.052: [GC342.052: [ParNew: 15561K->741K(16640K), 0.0004970 secs] 26527K->11707K(55552K), 0.0005220 secs] [Times: user=0.00 sys=0.00, real=0.00 secs] 
342.053: Total time for which application threads were stopped: 0.0006460 seconds, Stopping threads took: 0.0000690 seconds
342.119: Application time: 0.0668670 seconds
342.119: [GC342.120: [ParNew: 15588K->710K(16640K), 0.0004940 secs] 26554K->11704K(55552K), 0.0005210 secs] [Times: user=0.00 sys=0.00, real=0.00 secs] 
342.120: Total time for which application threads were stopped: 0.0006260 seconds, Stopping threads took: 0.0000480 seconds
342.187: Application time: 0.0670190 seconds
342.187: [GC342.187: [ParNew: 15557K->510K(16640K), 0.0005100 secs] 26552K->11723K(55552K), 0.0005370 secs] [Times: user=0.00 sys=0.00, real=0.00 secs] 
342.188: Total time for which application threads were stopped: 0.0006600 seconds, Stopping threads took: 0.0000700 seconds
342.254: Application time: 0.0667680 seconds
342.255: [GC342.255: [ParNew: 15357K->471K(16640K), 0.0004370 secs] 26570K->11684K(55552K), 0.0004660 secs] [Times: user=0.00 sys=0.00, real=0.00 secs] 
342.255: Total time for which application threads were stopped: 0.0005840 seconds, Stopping threads took: 0.0000610 seconds
342.319: Application time: 0.0641820 seconds
342.319: [GC342.319: [ParNew: 15316K->419K(16640K), 0.0003990 secs] 26529K->11851K(55552K), 0.0004240 secs] [Times: user=0.01 sys=0.00, real=0.00 secs] 
342.320: Total time for which application threads were stopped: 0.0005540 seconds, Stopping threads took: 0.0000640 seconds
342.368: Application time: 0.0484600 seconds
342.368: [GC342.368: [ParNew: 15264K->462K(16640K), 0.0003600 secs] 26696K->11894K(55552K), 0.0003950 secs] [Times: user=0.00 sys=0.00, real=0.00 secs] 
342.369: Total time for which application threads were stopped: 0.0005150 seconds, Stopping threads took: 0.0000630 seconds
342.411: Application time: 0.0420920 seconds
342.411: [GC342.411: [ParNew: 15308K->712K(16640K), 0.0004630 secs] 26740K->12334K(55552K), 0.0004900 secs] [Times: user=0.00 sys=0.00, real=0.00 secs] 
342.411: Total time for which application threads were stopped: 0.0005980 seconds, Stopping threads took: 0.0000510 seconds
342.449: Application time: 0.0379930 seconds
342.450: [GC342.450: [ParNew: 15559K->1128K(16640K), 0.0005120 secs] 27181K->12750K(55552K), 0.0005390 secs] [Times: user=0.01 sys=0.00, real=0.00 secs] 
342.450: Total time for which application threads were stopped: 0.0006510 seconds, Stopping threads took: 0.0000550 seconds
342.487: Application time: 0.0367940 seconds
342.491: [GC342.491: [ParNew: 15972K->547K(16640K), 0.0005750 secs] 27594K->12854K(55552K), 0.0006020 secs] [Times: user=0.01 sys=0.00, real=0.00 secs] 
342.492: Total time for which application threads were stopped: 0.0048330 seconds, Stopping threads took: 0.0041740 seconds
342.552: Application time: 0.0600070 seconds
342.552: Total time for which application threads were stopped: 0.0000790 seconds, Stopping threads took: 0.0000570 seconds
342.552: Application time: 0.0000560 seconds
342.552: [GC342.552: [ParNew: 15485K->865K(16640K), 0.0004240 secs] 27792K->13172K(55552K), 0.0004510 secs] [Times: user=0.00 sys=0.00, real=0.00 secs] 
342.552: Total time for which application threads were stopped: 0.0005130 seconds, Stopping threads took: 0.0000240 seconds
342.617: Application time: 0.0646060 seconds
342.617: [GC342.617: [ParNew: 15712K->837K(16640K), 0.0004480 secs] 28019K->13144K(55552K), 0.0004760 secs] [Times: user=0.01 sys=0.00, real=0.00 secs] 
342.618: Total time for which application threads were stopped: 0.0005840 seconds, Stopping threads took: 0.0000490 seconds
342.683: Application time: 0.0658850 seconds
342.684: [GC342.684: [ParNew: 15684K->848K(16640K), 0.0004210 secs] 27991K->13155K(55552K), 0.0004460 secs] [Times: user=0.00 sys=0.00, real=0.00 secs] 
342.684: Total time for which application threads were stopped: 0.0005530 seconds, Stopping threads took: 0.0000530 seconds
342.748: Application time: 0.0635650 seconds
342.748: [GC342.748: [ParNew: 15692K->1095K(16640K), 0.0004680 secs] 27999K->13403K(55552K), 0.0004960 secs] [Times: user=0.01 sys=0.00, real=0.00 secs] 
342.748: Total time for which application threads were stopped: 0.0006220 seconds, Stopping threads took: 0.0000700 seconds
342.813: Application time: 0.0651150 seconds
342.813: [GC342.813: [ParNew: 15943K->532K(16640K), 0.0005230 secs] 28250K->13438K(55552K), 0.0005500 secs] [Times: user=0.00 sys=0.00, real=0.00 secs] 
342.814: Total time for which application threads were stopped: 0.0006580 seconds, Stopping threads took: 0.0000490 seconds
342.875: Application time: 0.0605290 seconds
342.875: [GC342.875: [ParNew: 15378K->1015K(16640K), 0.0004540 secs] 28284K->13921K(55552K), 0.0004820 secs] [Times: user=0.00 sys=0.00, real=0.00 secs] 
342.875: Total time for which application threads were stopped: 0.0006170 seconds, Stopping threads took: 0.0000680 seconds
342.940: Application time: 0.0646310 seconds
342.940: [GC342.940: [ParNew: 15861K->850K(16640K), 0.0004760 secs] 28767K->13946K(55552K), 0.0005030 secs] [Times: user=0.00 sys=0.00, real=0.00 secs] 
342.940: Total time for which application threads were stopped: 0.0006200 seconds, Stopping threads took: 0.0000620 seconds
343.007: Application time: 0.0669910 seconds
343.008: [GC343.008: [ParNew: 15698K->885K(16640K), 0.0004310 secs] 28793K->13980K(55552K), 0.0004580 secs] [Times: user=0.00 sys=0.00, real=0.00 secs] 
343.008: Total time for which application threads were stopped: 0.0005700 seconds, Stopping threads took: 0.0000560 seconds
343.075: Application time: 0.0669340 seconds
343.075: [GC343.075: [ParNew: 15732K->891K(16640K), 0.0004250 secs] 28828K->13987K(55552K), 0.0004570 secs] [Times: user=0.00 sys=0.00, real=0.00 secs] 
343.075: Total time for which application threads were stopped: 0.0005700 seconds, Stopping threads took: 0.0000550 seconds
343.123: Application time: 0.0478970 seconds
343.123: [GC343.124: [ParNew: 15734K->915K(16640K), 0.0005650 secs] 28829K->14011K(55552K), 0.0005900 secs] [Times: user=0.01 sys=0.00, real=0.00 secs] 
343.124: Total time for which application threads were stopped: 0.0007050 seconds, Stopping threads took: 0.0000580 seconds
343.188: Application time: 0.0635860 seconds
343.188: [GC343.188: [ParNew: 15762K->1256K(16640K), 0.0004930 secs] 28858K->14352K(55552K), 0.0005200 secs] [Times: user=0.00 sys=0.00, real=0.00 secs] 
343.188: Total time for which application threads were stopped: 0.0006340 seconds, Stopping threads took: 0.0000640 seconds
343.235: Application time: 0.0471260 seconds
343.236: [GC343.236: [ParNew: 16104K->939K(16640K), 0.0005330 secs] 29200K->14415K(55552K), 0.0005600 secs] [Times: user=0.00 sys=0.00, real=0.00 secs] 
343.236: Total time for which application threads were stopped: 0.0006640 seconds, Stopping threads took: 0.0000500 seconds
343.301: Application time: 0.0644590 seconds
343.301: [GC343.301: [ParNew: 15784K->462K(16640K), 0.0004640 secs] 29260K->14318K(55552K), 0.0004930 secs] [Times: user=0.00 sys=0.00, real=0.00 secs] 
343.301: Total time for which application threads were stopped: 0.0006150 seconds, Stopping threads took: 0.0000660 seconds
343.354: Application time: 0.0528830 seconds
343.354: [GC343.354: [ParNew: 15310K->604K(16640K), 0.0004210 secs] 29166K->14460K(55552K), 0.0004500 secs] [Times: user=0.00 sys=0.00, real=0.00 secs] 
343.355: Total time for which application threads were stopped: 0.0005890 seconds, Stopping threads took: 0.0000810 seconds
343.414: Application time: 0.0592070 seconds
343.414: [GC343.414: [ParNew: 15447K->604K(16640K), 0.0004300 secs] 29303K->14460K(55552K), 0.0004570 secs] [Times: user=0.00 sys=0.00, real=0.00 secs] 
343.414: Total time for which application threads were stopped: 0.0005770 seconds, Stopping threads took: 0.0000490 seconds
343.479: Application time: 0.0643890 seconds
343.479: [GC343.479: [ParNew: 15449K->660K(16640K), 0.0004280 secs] 29305K->14516K(55552K), 0.0004560 secs] [Times: user=0.00 sys=0.00, real=0.01 secs] 
343.479: Total time for which application threads were stopped: 0.0005730 seconds, Stopping threads took: 0.0000650 seconds
343.543: Application time: 0.0637520 seconds
343.543: [GC343.543: [ParNew: 15508K->714K(16640K), 0.0004720 secs] 29363K->14570K(55552K), 0.0004990 secs] [Times: user=0.01 sys=0.00, real=0.00 secs] 
343.544: Total time for which application threads were stopped: 0.0006010 seconds, Stopping threads took: 0.0000510 seconds
343.610: Application time: 0.0658050 seconds
343.610: [GC343.610: [ParNew: 15561K->533K(16640K), 0.0004120 secs] 29417K->14389K(55552K), 0.0004390 secs] [Times: user=0.00 sys=0.00, real=0.00 secs] 
343.610: Total time for which application threads were stopped: 0.0005500 seconds, Stopping threads took: 0.0000530 seconds
343.675: Application time: 0.0644990 seconds
343.675: [GC343.675: [ParNew: 15377K->689K(16640K), 0.0004170 secs] 29233K->14546K(55552K), 0.0004450 secs] [Times: user=0.00 sys=0.00, real=0.00 secs] 
343.675: Total time for which application threads were stopped: 0.0005740 seconds, Stopping threads took: 0.0000700 seconds
343.742: Application time: 0.0663430 seconds
343.742: [GC343.742: [ParNew: 15537K->741K(16640K), 0.0005000 secs] 29393K->14597K(55552K), 0.0005260 secs] [Times: user=0.00 sys=0.00, real=0.00 secs] 
343.742: Total time for which application threads were stopped: 0.0006320 seconds, Stopping threads took: 0.0000530 seconds
343.807: Application time: 0.0650820 seconds
343.807: [GC343.807: [ParNew: 15587K->786K(16640K), 0.0004220 secs] 29444K->14642K(55552K), 0.0004490 secs] [Times: user=0.00 sys=0.00, real=0.00 secs] 
343.808: Total time for which application threads were stopped: 0.0005590 seconds, Stopping threads took: 0.0000530 seconds
343.875: Application time: 0.0675260 seconds
343.875: [GC343.875: [ParNew: 15634K->708K(16640K), 0.0004420 secs] 29490K->14592K(55552K), 0.0004780 secs] [Times: user=0.00 sys=0.00, real=0.00 secs] 
343.876: Total time for which application threads were stopped: 0.0005880 seconds, Stopping threads took: 0.0000520 seconds
343.943: Application time: 0.0673060 seconds
343.943: [GC343.943: [ParNew: 15555K->484K(16640K), 0.0004790 secs] 29440K->14588K(55552K), 0.0005060 secs] [Times: user=0.00 sys=0.00, real=0.00 secs] 
343.944: Total time for which application threads were stopped: 0.0006560 seconds, Stopping threads took: 0.0000860 seconds
344.011: Application time: 0.0674520 seconds
344.011: [GC344.012: [ParNew: 15330K->466K(16640K), 0.0004340 secs] 29433K->14570K(55552K), 0.0004620 secs] [Times: user=0.01 sys=0.00, real=0.00 secs] 
344.012: Total time for which application threads were stopped: 0.0005880 seconds, Stopping threads took: 0.0000670 seconds
344.064: Application time: 0.0525280 seconds
344.065: [GC344.065: [ParNew: 15314K->402K(16640K), 0.0004580 secs] 29418K->14724K(55552K), 0.0004840 secs] [Times: user=0.01 sys=0.00, real=0.00 secs] 
344.065: Total time for which application threads were stopped: 0.0006050 seconds, Stopping threads took: 0.0000630 seconds
344.125: Application time: 0.0599450 seconds
344.125: [GC344.125: [ParNew: 15248K->461K(16640K), 0.0004350 secs] 29570K->14783K(55552K), 0.0004620 secs] [Times: user=0.00 sys=0.00, real=0.00 secs] 
344.126: Total time for which application threads were stopped: 0.0005810 seconds, Stopping threads took: 0.0000620 seconds
344.166: Application time: 0.0408390 seconds
344.167: [GC344.167: [ParNew: 15309K->691K(16640K), 0.0004950 secs] 29631K->15203K(55552K), 0.0005230 secs] [Times: user=0.01 sys=0.00, real=0.01 secs] 
344.167: Total time for which application threads were stopped: 0.0006420 seconds, Stopping threads took: 0.0000610 seconds
344.199: Application time: 0.0317270 seconds
344.199: [GC344.199: [ParNew: 15538K->953K(16640K), 0.0004930 secs] 30050K->15465K(55552K), 0.0005190 secs] [Times: user=0.00 sys=0.00, real=0.01 secs] 
344.199: Total time for which application threads were stopped: 0.0006260 seconds, Stopping threads took: 0.0000470 seconds
344.242: Application time: 0.0427850 seconds
344.242: [GC344.242: [ParNew: 15797K->1207K(16640K), 0.0005230 secs] 30309K->15720K(55552K), 0.0005490 secs] [Times: user=0.01 sys=0.00, real=0.00 secs] 
344.243: Total time for which application threads were stopped: 0.0006760 seconds, Stopping threads took: 0.0000710 seconds
344.303: Application time: 0.0601180 seconds
344.303: [GC344.303: [ParNew: 16055K->916K(16640K), 0.0005710 secs] 30568K->15704K(55552K), 0.0005980 secs] [Times: user=0.01 sys=0.00, real=0.00 secs] 
344.304: Total time for which application threads were stopped: 0.0007090 seconds, Stopping threads took: 0.0000530 seconds
344.369: Application time: 0.0652120 seconds
344.369: [GC344.369: [ParNew: 15764K->935K(16640K), 0.0004960 secs] 30552K->15723K(55552K), 0.0005210 secs] [Times: user=0.00 sys=0.00, real=0.00 secs] 
344.370: Total time for which application threads were stopped: 0.0006420 seconds, Stopping threads took: 0.0000650 seconds
344.435: Application time: 0.0649360 seconds
344.435: [GC344.435: [ParNew: 15783K->961K(16640K), 0.0004820 secs] 30571K->15749K(55552K), 0.0005090 secs] [Times: user=0.01 sys=0.00, real=0.00 secs] 
344.435: Total time for which application threads were stopped: 0.0006160 seconds, Stopping threads took: 0.0000560 seconds
344.499: Application time: 0.0634640 seconds
344.499: [GC344.499: [ParNew: 15805K->1125K(16640K), 0.0004720 secs] 30593K->15913K(55552K), 0.0005010 secs] [Times: user=0.01 sys=0.00, real=0.01 secs] 
344.499: Total time for which application threads were stopped: 0.0006250 seconds, Stopping threads took: 0.0000600 seconds
344.564: Application time: 0.0645770 seconds
344.564: [GC344.564: [ParNew: 15972K->579K(16640K), 0.0005260 secs] 30760K->15995K(55552K), 0.0005530 secs] [Times: user=0.00 sys=0.00, real=0.00 secs] 
344.565: Total time for which application threads were stopped: 0.0006830 seconds, Stopping threads took: 0.0000640 seconds
344.624: Application time: 0.0598030 seconds
344.624: [GC344.624: [ParNew: 15426K->986K(16640K), 0.0004530 secs] 30841K->16402K(55552K), 0.0004790 secs] [Times: user=0.00 sys=0.00, real=0.00 secs] 
344.625: Total time for which application threads were stopped: 0.0005940 seconds, Stopping threads took: 0.0000560 seconds
344.692: Application time: 0.0668640 seconds
344.692: [GC344.692: [ParNew: 15833K->872K(16640K), 0.0020880 secs] 31249K->16478K(55552K), 0.0021200 secs] [Times: user=0.00 sys=0.00, real=0.00 secs] 
344.694: Total time for which application threads were stopped: 0.0022280 seconds, Stopping threads took: 0.0000550 seconds
344.761: Application time: 0.0669490 seconds
344.761: [GC344.761: [ParNew: 15719K->873K(16640K), 0.0004290 secs] 31325K->16478K(55552K), 0.0004570 secs] [Times: user=0.00 sys=0.00, real=0.00 secs] 
344.762: Total time for which application threads were stopped: 0.0005710 seconds, Stopping threads took: 0.0000580 seconds
344.820: Application time: 0.0586090 seconds
344.820: [GC344.820: [ParNew: 15719K->1057K(16640K), 0.0004440 secs] 31324K->16662K(55552K), 0.0004700 secs] [Times: user=0.00 sys=0.00, real=0.00 secs] 
344.821: Total time for which application threads were stopped: 0.0005760 seconds, Stopping threads took: 0.0000500 seconds
344.875: Application time: 0.0545580 seconds
344.875: [GC344.875: [ParNew: 15902K->271K(16640K), 0.0004990 secs] 31508K->16636K(55552K), 0.0005240 secs] [Times: user=0.01 sys=0.00, real=0.00 secs] 
344.876: Total time for which application threads were stopped: 0.0006420 seconds, Stopping threads took: 0.0000610 seconds
344.938: Application time: 0.0620520 seconds
344.938: [GC344.938: [ParNew: 15115K->389K(16640K), 0.0004710 secs] 31481K->16755K(55552K), 0.0004980 secs] [Times: user=0.00 sys=0.00, real=0.00 secs] 
344.939: Total time for which application threads were stopped: 0.0006030 seconds, Stopping threads took: 0.0000560 seconds
344.989: Application time: 0.0502030 seconds
344.989: [GC344.989: [ParNew: 15233K->420K(16640K), 0.0003570 secs] 31598K->16786K(55552K), 0.0003840 secs] [Times: user=0.00 sys=0.00, real=0.00 secs] 
344.989: Total time for which application threads were stopped: 0.0005170 seconds, Stopping threads took: 0.0000790 seconds
345.052: Application time: 0.0628450 seconds
345.052: [GC345.052: [ParNew: 15267K->605K(16640K), 0.0004190 secs] 31633K->16970K(55552K), 0.0004450 secs] [Times: user=0.00 sys=0.00, real=0.00 secs] 
345.053: Total time for which application threads were stopped: 0.0005540 seconds, Stopping threads took: 0.0000440 seconds
345.101: Application time: 0.0479830 seconds
345.101: [GC345.101: [ParNew: 15451K->610K(16640K), 0.0003860 secs] 31817K->16976K(55552K), 0.0004130 secs] [Times: user=0.00 sys=0.00, real=0.00 secs] 
345.101: Total time for which application threads were stopped: 0.0005300 seconds, Stopping threads took: 0.0000600 seconds
345.167: Application time: 0.0659110 seconds
345.167: [GC345.167: [ParNew: 15455K->627K(16640K), 0.0003870 secs] 31821K->16992K(55552K), 0.0004140 secs] [Times: user=0.01 sys=0.00, real=0.00 secs] 
345.168: Total time for which application threads were stopped: 0.0005530 seconds, Stopping threads took: 0.0000810 seconds
345.231: Application time: 0.0634380 seconds
345.231: [GC345.231: [ParNew: 15473K->712K(16640K), 0.0004050 secs] 31838K->17077K(55552K), 0.0004330 secs] [Times: user=0.01 sys=0.00, real=0.00 secs] 
345.232: Total time for which application threads were stopped: 0.0005500 seconds, Stopping threads took: 0.0000640 seconds
345.297: Application time: 0.0650810 seconds
345.297: [GC345.297: [ParNew: 15559K->693K(16640K), 0.0004800 secs] 31924K->17058K(55552K), 0.0005080 secs] [Times: user=0.01 sys=0.00, real=0.00 secs] 
345.297: Total time for which application threads were stopped: 0.0006200 seconds, Stopping threads took: 0.0000580 seconds
345.363: Application time: 0.0653220 seconds
345.363: [GC345.363: [ParNew: 15537K->755K(16640K), 0.0004060 secs] 31903K->17121K(55552K), 0.0004410 secs] [Times: user=0.00 sys=0.00, real=0.00 secs] 
345.363: Total time for which application threads were stopped: 0.0005540 seconds, Stopping threads took: 0.0000560 seconds
345.428: Application time: 0.0651190 seconds
345.428: [GC345.429: [ParNew: 15603K->790K(16640K), 0.0004290 secs] 31968K->17156K(55552K), 0.0004550 secs] [Times: user=0.00 sys=0.00, real=0.00 secs] 
345.429: Total time for which application threads were stopped: 0.0005640 seconds, Stopping threads took: 0.0000510 seconds
345.495: Application time: 0.0655520 seconds
345.495: [GC345.495: [ParNew: 15635K->759K(16640K), 0.0004510 secs] 32001K->17125K(55552K), 0.0004800 secs] [Times: user=0.00 sys=0.00, real=0.00 secs] 
345.495: Total time for which application threads were stopped: 0.0005880 seconds, Stopping threads took: 0.0000510 seconds
345.561: Application time: 0.0662560 seconds
345.561: [GC345.562: [ParNew: 15607K->746K(16640K), 0.0004200 secs] 31972K->17112K(55552K), 0.0004470 secs] [Times: user=0.00 sys=0.00, real=0.00 secs] 
345.562: Total time for which application threads were stopped: 0.0005940 seconds, Stopping threads took: 0.0000770 seconds
345.629: Application time: 0.0671630 seconds
345.629: [GC345.629: [ParNew: 15593K->660K(16640K), 0.0004840 secs] 31959K->17083K(55552K), 0.0005120 secs] [Times: user=0.00 sys=0.00, real=0.00 secs] 
345.630: Total time for which application threads were stopped: 0.0006240 seconds, Stopping threads took: 0.0000530 seconds
345.697: Application time: 0.0676460 seconds
345.697: [GC345.698: [ParNew: 15506K->523K(16640K), 0.0004080 secs] 31929K->17136K(55552K), 0.0004340 secs] [Times: user=0.00 sys=0.00, real=0.00 secs] 
345.698: Total time for which application threads were stopped: 0.0005450 seconds, Stopping threads took: 0.0000580 seconds
345.763: Application time: 0.0646420 seconds
345.763: [GC345.763: [ParNew: 15368K->661K(16640K), 0.0004520 secs] 31981K->17274K(55552K), 0.0004780 secs] [Times: user=0.00 sys=0.00, real=0.00 secs] 
345.763: Total time for which application threads were stopped: 0.0006070 seconds, Stopping threads took: 0.0000710 seconds
345.812: Application time: 0.0489020 seconds
345.812: [GC345.812: [ParNew: 15508K->467K(16640K), 0.0005080 secs] 32121K->17299K(55552K), 0.0005340 secs] [Times: user=0.00 sys=0.00, real=0.00 secs] 
345.813: Total time for which application threads were stopped: 0.0006520 seconds, Stopping threads took: 0.0000590 seconds
345.873: Application time: 0.0604280 seconds
345.873: [GC345.873: [ParNew: 15313K->643K(16640K), 0.0004330 secs] 32145K->17475K(55552K), 0.0004600 secs] [Times: user=0.01 sys=0.00, real=0.00 secs] 
345.874: Total time for which application threads were stopped: 0.0005830 seconds, Stopping threads took: 0.0000640 seconds
345.915: Application time: 0.0412910 seconds
345.915: [GC345.915: [ParNew: 15488K->921K(16640K), 0.0005890 secs] 32319K->17943K(55552K), 0.0006160 secs] [Times: user=0.00 sys=0.00, real=0.00 secs] 
345.916: Total time for which application threads were stopped: 0.0007380 seconds, Stopping threads took: 0.0000640 seconds
345.946: Application time: 0.0302110 seconds
345.946: [GC345.946: [ParNew: 15766K->1149K(16640K), 0.0005230 secs] 32788K->18170K(55552K), 0.0005520 secs] [Times: user=0.01 sys=0.00, real=0.00 secs] 
345.947: Total time for which application threads were stopped: 0.0006800 seconds, Stopping threads took: 0.0000680 seconds
345.994: Application time: 0.0468180 seconds
345.994: [GC345.994: [ParNew: 15994K->1045K(16640K), 0.0005210 secs] 33016K->18285K(55552K), 0.0005460 secs] [Times: user=0.00 sys=0.00, real=0.00 secs] 
345.994: Total time for which application threads were stopped: 0.0006570 seconds, Stopping threads took: 0.0000580 seconds
346.055: Application time: 0.0610980 seconds
346.055: [GC346.055: [ParNew: 15891K->1050K(16640K), 0.0004650 secs] 33132K->18291K(55552K), 0.0004930 secs] [Times: user=0.01 sys=0.00, real=0.00 secs] 
346.056: Total time for which application threads were stopped: 0.0006070 seconds, Stopping threads took: 0.0000580 seconds
346.121: Application time: 0.0652820 seconds
346.121: [GC346.121: [ParNew: 15898K->1068K(16640K), 0.0004710 secs] 33138K->18309K(55552K), 0.0005070 secs] [Times: user=0.00 sys=0.00, real=0.00 secs] 
346.122: Total time for which application threads were stopped: 0.0006450 seconds, Stopping threads took: 0.0000700 seconds
346.187: Application time: 0.0647400 seconds
346.187: [GC346.187: [ParNew: 15916K->1091K(16640K), 0.0004970 secs] 33156K->18331K(55552K), 0.0005240 secs] [Times: user=0.00 sys=0.00, real=0.01 secs] 
346.187: Total time for which application threads were stopped: 0.0006470 seconds, Stopping threads took: 0.0000700 seconds
346.251: Application time: 0.0635280 seconds
346.251: [GC346.251: [ParNew: 15936K->1069K(16640K), 0.0005390 secs] 33176K->18395K(55552K), 0.0005650 secs] [Times: user=0.00 sys=0.00, real=0.00 secs] 
346.251: Total time for which application threads were stopped: 0.0006630 seconds, Stopping threads took: 0.0000440 seconds
346.315: Application time: 0.0635320 seconds
346.315: [GC346.315: [ParNew: 15913K->1094K(16640K), 0.0005370 secs] 33239K->18449K(55552K), 0.0005660 secs] [Times: user=0.00 sys=0.01, real=0.00 secs] 
346.316: Total time for which application threads were stopped: 0.0006660 seconds, Stopping threads took: 0.0000440 seconds
346.377: Application time: 0.0615440 seconds
346.377: [GC346.377: [ParNew: 15940K->1128K(16640K), 0.0004730 secs] 33295K->18483K(55552K), 0.0005000 secs] [Times: user=0.00 sys=0.00, real=0.00 secs] 
346.378: Total time for which application threads were stopped: 0.0006100 seconds, Stopping threads took: 0.0000520 seconds
346.444: Application time: 0.0664100 seconds
346.444: [GC346.444: [ParNew: 15975K->978K(16640K), 0.0004750 secs] 33331K->18523K(55552K), 0.0005020 secs] [Times: user=0.00 sys=0.00, real=0.00 secs] 
346.445: Total time for which application threads were stopped: 0.0006290 seconds, Stopping threads took: 0.0000740 seconds
346.512: Application time: 0.0667710 seconds
346.512: [GC346.512: [ParNew: 15825K->798K(16640K), 0.0004310 secs] 33371K->18344K(55552K), 0.0004580 secs] [Times: user=0.00 sys=0.00, real=0.00 secs] 
346.512: Total time for which application threads were stopped: 0.0005890 seconds, Stopping threads took: 0.0000750 seconds
346.565: Application time: 0.0526500 seconds
346.565: [GC346.565: [ParNew: 15644K->1062K(16640K), 0.0004790 secs] 33190K->18608K(55552K), 0.0005050 secs] [Times: user=0.00 sys=0.00, real=0.00 secs] 
346.565: Total time for which application threads were stopped: 0.0006060 seconds, Stopping threads took: 0.0000440 seconds
346.625: Application time: 0.0600430 seconds
346.626: [GC346.626: [ParNew: 15906K->897K(16640K), 0.0005120 secs] 33451K->18633K(55552K), 0.0005370 secs] [Times: user=0.01 sys=0.00, real=0.00 secs] 
346.626: Total time for which application threads were stopped: 0.0006610 seconds, Stopping threads took: 0.0000540 seconds
346.678: Application time: 0.0515550 seconds
346.678: [GC346.678: [ParNew: 15741K->1028K(16640K), 0.0004470 secs] 33477K->18764K(55552K), 0.0004750 secs] [Times: user=0.00 sys=0.00, real=0.00 secs] 
346.678: Total time for which application threads were stopped: 0.0005870 seconds, Stopping threads took: 0.0000530 seconds
346.738: Application time: 0.0593900 seconds
346.738: [GC346.738: [ParNew: 15872K->578K(16640K), 0.0005460 secs] 33608K->18884K(55552K), 0.0005750 secs] [Times: user=0.00 sys=0.00, real=0.00 secs] 
346.738: Total time for which application threads were stopped: 0.0007100 seconds, Stopping threads took: 0.0000830 seconds
346.796: Application time: 0.0580770 seconds
346.797: [GC346.797: [ParNew: 15426K->632K(16640K), 0.0004020 secs] 33731K->18938K(55552K), 0.0004290 secs] [Times: user=0.00 sys=0.00, real=0.00 secs] 
346.797: Total time for which application threads were stopped: 0.0005440 seconds, Stopping threads took: 0.0000580 seconds
346.850: Application time: 0.0529770 seconds
346.850: [GC346.850: [ParNew: 15475K->608K(16640K), 0.0004230 secs] 33781K->18914K(55552K), 0.0004480 secs] [Times: user=0.00 sys=0.00, real=0.00 secs] 
346.851: Total time for which application threads were stopped: 0.0005500 seconds, Stopping threads took: 0.0000490 seconds
346.915: Application time: 0.0640590 seconds
346.915: [GC346.915: [ParNew: 15456K->649K(16640K), 0.0004270 secs] 33762K->18955K(55552K), 0.0004650 secs] [Times: user=0.00 sys=0.00, real=0.00 secs] 
346.915: Total time for which application threads were stopped: 0.0005970 seconds, Stopping threads took: 0.0000750 seconds
346.980: Application time: 0.0646110 seconds
346.980: [GC346.980: [ParNew: 15494K->670K(16640K), 0.0004040 secs] 33800K->18975K(55552K), 0.0004310 secs] [Times: user=0.00 sys=0.00, real=0.00 secs] 
346.980: Total time for which application threads were stopped: 0.0005340 seconds, Stopping threads took: 0.0000450 seconds
347.045: Application time: 0.0649910 seconds
347.045: [GC347.045: [ParNew: 15514K->713K(16640K), 0.0004130 secs] 33820K->19019K(55552K), 0.0004410 secs] [Times: user=0.01 sys=0.00, real=0.00 secs] 
347.046: Total time for which application threads were stopped: 0.0005560 seconds, Stopping threads took: 0.0000600 seconds
347.110: Application time: 0.0642260 seconds
347.110: [GC347.110: [ParNew: 15560K->717K(16640K), 0.0005100 secs] 33866K->19023K(55552K), 0.0005360 secs] [Times: user=0.00 sys=0.00, real=0.00 secs] 
347.111: Total time for which application threads were stopped: 0.0006490 seconds, Stopping threads took: 0.0000550 seconds
347.177: Application time: 0.0665490 seconds
347.177: [GC347.177: [ParNew: 15565K->767K(16640K), 0.0004300 secs] 33871K->19073K(55552K), 0.0004590 secs] [Times: user=0.00 sys=0.00, real=0.00 secs] 
347.178: Total time for which application threads were stopped: 0.0006240 seconds, Stopping threads took: 0.0000950 seconds
347.243: Application time: 0.0646960 seconds
347.243: [GC347.243: [ParNew: 15613K->771K(16640K), 0.0004340 secs] 33919K->19077K(55552K), 0.0004620 secs] [Times: user=0.00 sys=0.00, real=0.00 secs] 
347.243: Total time for which application threads were stopped: 0.0005630 seconds, Stopping threads took: 0.0000490 seconds
347.310: Application time: 0.0668120 seconds
347.310: [GC347.310: [ParNew: 15618K->760K(16640K), 0.0004190 secs] 33924K->19095K(55552K), 0.0004460 secs] [Times: user=0.01 sys=0.00, real=0.00 secs] 
347.311: Total time for which application threads were stopped: 0.0005500 seconds, Stopping threads took: 0.0000450 seconds
347.378: Application time: 0.0672010 seconds
347.378: [GC347.378: [ParNew: 15608K->730K(16640K), 0.0004490 secs] 33942K->19093K(55552K), 0.0004770 secs] [Times: user=0.01 sys=0.00, real=0.00 secs] 
347.378: Total time for which application threads were stopped: 0.0005860 seconds, Stopping threads took: 0.0000500 seconds
347.445: Application time: 0.0668560 seconds
347.445: [GC347.445: [ParNew: 15577K->530K(16640K), 0.0004190 secs] 33940K->19083K(55552K), 0.0004460 secs] [Times: user=0.00 sys=0.00, real=0.00 secs] 
347.446: Total time for which application threads were stopped: 0.0005540 seconds, Stopping threads took: 0.0000540 seconds
347.503: Application time: 0.0568950 seconds
347.503: [GC347.503: [ParNew: 15373K->437K(16640K), 0.0004330 secs] 33926K->19209K(55552K), 0.0004600 secs] [Times: user=0.00 sys=0.00, real=0.00 secs] 
347.503: Total time for which application threads were stopped: 0.0005630 seconds, Stopping threads took: 0.0000480 seconds
347.560: Application time: 0.0564570 seconds
347.560: [GC347.560: [ParNew: 15285K->435K(16640K), 0.0003790 secs] 34057K->19207K(55552K), 0.0004070 secs] [Times: user=0.01 sys=0.00, real=0.00 secs] 
347.560: Total time for which application threads were stopped: 0.0005310 seconds, Stopping threads took: 0.0000660 seconds
347.618: Application time: 0.0582210 seconds
347.619: [GC347.619: [ParNew: 15282K->461K(16640K), 0.0004840 secs] 34053K->19423K(55552K), 0.0005110 secs] [Times: user=0.00 sys=0.00, real=0.01 secs] 
347.619: Total time for which application threads were stopped: 0.0006200 seconds, Stopping threads took: 0.0000510 seconds
347.657: Application time: 0.0380680 seconds
347.657: [GC347.657: [ParNew: 15309K->906K(16640K), 0.0004380 secs] 34270K->19868K(55552K), 0.0004640 secs] [Times: user=0.01 sys=0.00, real=0.00 secs] 
347.658: Total time for which application threads were stopped: 0.0005820 seconds, Stopping threads took: 0.0000530 seconds
347.689: Application time: 0.0314760 seconds
347.689: [GC347.689: [ParNew: 15753K->1117K(16640K), 0.0005570 secs] 34715K->20078K(55552K), 0.0005840 secs] [Times: user=0.01 sys=0.00, real=0.00 secs] 
347.690: Total time for which application threads were stopped: 0.0007010 seconds, Stopping threads took: 0.0000570 seconds
347.741: Application time: 0.0512990 seconds
347.741: [GC347.741: [ParNew: 15960K->961K(16640K), 0.0005910 secs] 34922K->20170K(55552K), 0.0006160 secs] [Times: user=0.00 sys=0.00, real=0.00 secs] 
347.742: Total time for which application threads were stopped: 0.0007280 seconds, Stopping threads took: 0.0000610 seconds
347.804: Application time: 0.0620570 seconds
347.804: [GC347.804: [ParNew: 15807K->982K(16640K), 0.0004570 secs] 35017K->20191K(55552K), 0.0004840 secs] [Times: user=0.00 sys=0.00, real=0.00 secs] 
347.805: Total time for which application threads were stopped: 0.0005900 seconds, Stopping threads took: 0.0000520 seconds
347.870: Application time: 0.0652340 seconds
347.870: [GC347.870: [ParNew: 15829K->1000K(16640K), 0.0004810 secs] 35038K->20209K(55552K), 0.0005090 secs] [Times: user=0.00 sys=0.00, real=0.00 secs] 
347.870: Total time for which application threads were stopped: 0.0006340 seconds, Stopping threads took: 0.0000670 seconds
347.934: Application time: 0.0633930 seconds
347.934: [GC347.934: [ParNew: 15844K->1152K(16640K), 0.0004950 secs] 35053K->20361K(55552K), 0.0005200 secs] [Times: user=0.01 sys=0.00, real=0.00 secs] 
347.934: Total time for which application threads were stopped: 0.0006320 seconds, Stopping threads took: 0.0000620 seconds
348.000: Application time: 0.0652640 seconds
348.000: [GC348.000: [ParNew: 15999K->962K(16640K), 0.0005090 secs] 35208K->20447K(55552K), 0.0005350 secs] [Times: user=0.00 sys=0.00, real=0.00 secs] 
348.000: Total time for which application threads were stopped: 0.0006450 seconds, Stopping threads took: 0.0000590 seconds
348.063: Application time: 0.0627310 seconds
348.063: [GC348.063: [ParNew: 15809K->1031K(16640K), 0.0004530 secs] 35294K->20515K(55552K), 0.0004780 secs] [Times: user=0.00 sys=0.00, real=0.00 secs] 
348.064: Total time for which application threads were stopped: 0.0005990 seconds, Stopping threads took: 0.0000630 seconds
348.126: Application time: 0.0618630 seconds
348.127: [GC348.127: [ParNew: 15877K->1092K(16640K), 0.0005220 secs] 35362K->20578K(55552K), 0.0005500 secs] [Times: user=0.00 sys=0.00, real=0.00 secs] 
348.128: Total time for which application threads were stopped: 0.0021090 seconds, Stopping threads took: 0.0014990 seconds
348.194: Application time: 0.0667160 seconds
348.195: [GC348.195: [ParNew: 15940K->883K(16640K), 0.0004640 secs] 35425K->20558K(55552K), 0.0004980 secs] [Times: user=0.00 sys=0.00, real=0.00 secs] 
348.195: Total time for which application threads were stopped: 0.0006310 seconds, Stopping threads took: 0.0000690 seconds
348.263: Application time: 0.0676140 seconds
348.263: [GC348.263: [ParNew: 15728K->868K(16640K), 0.0004460 secs] 35403K->20543K(55552K), 0.0004730 secs] [Times: user=0.01 sys=0.00, real=0.00 secs] 
348.263: Total time for which application threads were stopped: 0.0005820 seconds, Stopping threads took: 0.0000520 seconds
348.315: Application time: 0.0519650 seconds
348.315: [GC348.315: [ParNew: 15712K->1050K(16640K), 0.0005320 secs] 35388K->20725K(55552K), 0.0005600 secs] [Times: user=0.00 sys=0.00, real=0.00 secs] 
348.316: Total time for which application threads were stopped: 0.0006880 seconds, Stopping threads took: 0.0000690 seconds
348.378: Application time: 0.0618510 seconds
348.378: [GC348.378: [ParNew: 15893K->916K(16640K), 0.0005880 secs] 35569K->20781K(55552K), 0.0006150 secs] [Times: user=0.00 sys=0.00, real=0.00 secs] 
348.378: Total time for which application threads were stopped: 0.0007350 seconds, Stopping threads took: 0.0000640 seconds
348.427: Application time: 0.0489860 seconds
348.428: [GC348.428: [ParNew: 15761K->1046K(16640K), 0.0004680 secs] 35627K->20911K(55552K), 0.0005040 secs] [Times: user=0.00 sys=0.00, real=0.00 secs] 
348.428: Total time for which application threads were stopped: 0.0006210 seconds, Stopping threads took: 0.0000580 seconds
348.490: Application time: 0.0620220 seconds
348.490: [GC348.490: [ParNew: 15889K->516K(16640K), 0.0005090 secs] 35755K->20952K(55552K), 0.0005360 secs] [Times: user=0.00 sys=0.00, real=0.00 secs] 
348.491: Total time for which application threads were stopped: 0.0006580 seconds, Stopping threads took: 0.0000690 seconds
348.543: Application time: 0.0519110 seconds
348.543: [GC348.543: [ParNew: 15360K->600K(16640K), 0.0003930 secs] 35796K->21035K(55552K), 0.0004210 secs] [Times: user=0.00 sys=0.00, real=0.00 secs] 
348.543: Total time for which application threads were stopped: 0.0005310 seconds, Stopping threads took: 0.0000570 seconds
348.603: Application time: 0.0593560 seconds
348.603: [GC348.603: [ParNew: 15443K->618K(16640K), 0.0004010 secs] 35879K->21053K(55552K), 0.0004270 secs] [Times: user=0.00 sys=0.00, real=0.00 secs] 
348.603: Total time for which application threads were stopped: 0.0005420 seconds, Stopping threads took: 0.0000630 seconds
348.668: Application time: 0.0648030 seconds
348.668: [GC348.668: [ParNew: 15463K->639K(16640K), 0.0004550 secs] 35899K->21074K(55552K), 0.0004820 secs] [Times: user=0.01 sys=0.00, real=0.00 secs] 
348.669: Total time for which application threads were stopped: 0.0005900 seconds, Stopping threads took: 0.0000520 seconds
348.732: Application time: 0.0638800 seconds
348.733: [GC348.733: [ParNew: 15486K->694K(16640K), 0.0004340 secs] 35922K->21129K(55552K), 0.0004610 secs] [Times: user=0.01 sys=0.00, real=0.00 secs] 
348.733: Total time for which application threads were stopped: 0.0005720 seconds, Stopping threads took: 0.0000420 seconds
348.799: Application time: 0.0661000 seconds
348.799: [GC348.799: [ParNew: 15541K->709K(16640K), 0.0004480 secs] 35977K->21144K(55552K), 0.0004760 secs] [Times: user=0.01 sys=0.00, real=0.00 secs] 
348.800: Total time for which application threads were stopped: 0.0005820 seconds, Stopping threads took: 0.0000520 seconds
348.864: Application time: 0.0643010 seconds
348.864: [GC348.864: [ParNew: 15554K->742K(16640K), 0.0004170 secs] 35989K->21178K(55552K), 0.0004440 secs] [Times: user=0.00 sys=0.00, real=0.00 secs] 
348.865: Total time for which application threads were stopped: 0.0005560 seconds, Stopping threads took: 0.0000560 seconds
348.932: Application time: 0.0673490 seconds
348.932: [GC348.932: [ParNew: 15588K->737K(16640K), 0.0004380 secs] 36023K->21173K(55552K), 0.0004650 secs] [Times: user=0.00 sys=0.00, real=0.00 secs] 
348.932: Total time for which application threads were stopped: 0.0005910 seconds, Stopping threads took: 0.0000680 seconds
348.997: Application time: 0.0647710 seconds
348.997: [GC348.997: [ParNew: 15584K->780K(16640K), 0.0004410 secs] 36020K->21216K(55552K), 0.0004700 secs] [Times: user=0.00 sys=0.00, real=0.00 secs] 
348.998: Total time for which application threads were stopped: 0.0006080 seconds, Stopping threads took: 0.0000840 seconds
349.065: Application time: 0.0675270 seconds
349.066: [GC349.066: [ParNew: 15626K->743K(16640K), 0.0004270 secs] 36061K->21207K(55552K), 0.0004530 secs] [Times: user=0.00 sys=0.00, real=0.00 secs] 
349.066: Total time for which application threads were stopped: 0.0005870 seconds, Stopping threads took: 0.0000760 seconds
349.134: Application time: 0.0676240 seconds
349.134: [GC349.134: [ParNew: 15590K->488K(16640K), 0.0004550 secs] 36054K->21171K(55552K), 0.0004820 secs] [Times: user=0.00 sys=0.00, real=0.00 secs] 
349.134: Total time for which application threads were stopped: 0.0005930 seconds, Stopping threads took: 0.0000520 seconds
349.202: Application time: 0.0674160 seconds
349.202: [GC349.202: [ParNew: 15336K->447K(16640K), 0.0004440 secs] 36019K->21129K(55552K), 0.0004710 secs] [Times: user=0.01 sys=0.00, real=0.00 secs] 
349.202: Total time for which application threads were stopped: 0.0005660 seconds, Stopping threads took: 0.0000420 seconds
349.260: Application time: 0.0580580 seconds
349.260: [GC349.260: [ParNew: 15293K->427K(16640K), 0.0005150 secs] 35976K->21328K(55552K), 0.0005490 secs] [Times: user=0.01 sys=0.00, real=0.00 secs] 
349.261: Total time for which application threads were stopped: 0.0006630 seconds, Stopping threads took: 0.0000490 seconds
349.316: Application time: 0.0552990 seconds
349.316: [GC349.316: [ParNew: 15274K->479K(16640K), 0.0003580 secs] 36176K->21381K(55552K), 0.0003840 secs] [Times: user=0.00 sys=0.00, real=0.00 secs] 
349.317: Total time for which application threads were stopped: 0.0004850 seconds, Stopping threads took: 0.0000440 seconds
349.368: Application time: 0.0513960 seconds
349.368: [GC349.368: [ParNew: 15324K->505K(16640K), 0.0004550 secs] 36225K->21597K(55552K), 0.0004820 secs] [Times: user=0.00 sys=0.00, real=0.00 secs] 
349.369: Total time for which application threads were stopped: 0.0006180 seconds, Stopping threads took: 0.0000790 seconds
349.402: Application time: 0.0336180 seconds
349.402: [GC349.402: [ParNew: 15351K->912K(16640K), 0.0005210 secs] 36442K->22004K(55552K), 0.0005480 secs] [Times: user=0.00 sys=0.00, real=0.00 secs] 
349.403: Total time for which application threads were stopped: 0.0006640 seconds, Stopping threads took: 0.0000580 seconds
349.441: Application time: 0.0380480 seconds
349.441: [GC349.441: [ParNew: 15759K->1154K(16640K), 0.0005170 secs] 36850K->22245K(55552K), 0.0005440 secs] [Times: user=0.01 sys=0.00, real=0.00 secs] 
349.442: Total time for which application threads were stopped: 0.0006570 seconds, Stopping threads took: 0.0000600 seconds
349.496: Application time: 0.0538460 seconds
349.496: [GC349.496: [ParNew: 15999K->1025K(16640K), 0.0005700 secs] 37090K->22363K(55552K), 0.0005970 secs] [Times: user=0.01 sys=0.00, real=0.00 secs] 
349.496: Total time for which application threads were stopped: 0.0007360 seconds, Stopping threads took: 0.0000850 seconds
349.560: Application time: 0.0639880 seconds
349.560: [GC349.560: [ParNew: 15872K->953K(16640K), 0.0005480 secs] 37211K->22291K(55552K), 0.0005730 secs] [Times: user=0.00 sys=0.00, real=0.00 secs] 
349.561: Total time for which application threads were stopped: 0.0006740 seconds, Stopping threads took: 0.0000450 seconds
349.626: Application time: 0.0650520 seconds
349.626: [GC349.626: [ParNew: 15800K->955K(16640K), 0.0005250 secs] 37139K->22294K(55552K), 0.0005500 secs] [Times: user=0.00 sys=0.00, real=0.00 secs] 
349.627: Total time for which application threads were stopped: 0.0006730 seconds, Stopping threads took: 0.0000660 seconds
349.690: Application time: 0.0636000 seconds
349.690: [GC349.690: [ParNew: 15801K->1209K(16640K), 0.0004680 secs] 37140K->22548K(55552K), 0.0004960 secs] [Times: user=0.00 sys=0.00, real=0.00 secs] 
349.691: Total time for which application threads were stopped: 0.0006250 seconds, Stopping threads took: 0.0000770 seconds
349.759: Application time: 0.0676590 seconds
349.759: [GC349.759: [ParNew: 16057K->544K(16640K), 0.0020080 secs] 37396K->22539K(55552K), 0.0020390 secs] [Times: user=0.01 sys=0.00, real=0.01 secs] 
349.761: Total time for which application threads were stopped: 0.0021750 seconds, Stopping threads took: 0.0000810 seconds
349.821: Application time: 0.0604880 seconds
349.821: [GC349.821: [ParNew: 15389K->1004K(16640K), 0.0005150 secs] 37383K->22998K(55552K), 0.0005430 secs] [Times: user=0.00 sys=0.00, real=0.00 secs] 
349.822: Total time for which application threads were stopped: 0.0006710 seconds, Stopping threads took: 0.0000600 seconds
349.887: Application time: 0.0646510 seconds
349.887: [GC349.887: [ParNew: 15848K->1087K(16640K), 0.0004710 secs] 37843K->23082K(55552K), 0.0004970 secs] [Times: user=0.00 sys=0.00, real=0.01 secs] 
349.887: Total time for which application threads were stopped: 0.0006060 seconds, Stopping threads took: 0.0000590 seconds
349.954: Application time: 0.0668260 seconds
349.954: [GC349.954: [ParNew: 15934K->901K(16640K), 0.0005360 secs] 37929K->23086K(55552K), 0.0005640 secs] [Times: user=0.00 sys=0.00, real=0.00 secs] 
349.955: Total time for which application threads were stopped: 0.0006980 seconds, Stopping threads took: 0.0000710 seconds
350.016: Application time: 0.0610980 seconds
350.016: [GC350.016: [ParNew: 15748K->1058K(16640K), 0.0004690 secs] 37933K->23243K(55552K), 0.0004970 secs] [Times: user=0.00 sys=0.00, real=0.00 secs] 
350.016: Total time for which application threads were stopped: 0.0006260 seconds, Stopping threads took: 0.0000720 seconds
350.069: Application time: 0.0524300 seconds
350.069: [GC350.069: [ParNew: 15904K->466K(16640K), 0.0004930 secs] 38089K->23221K(55552K), 0.0005190 secs] [Times: user=0.00 sys=0.00, real=0.00 secs] 
350.069: Total time for which application threads were stopped: 0.0006380 seconds, Stopping threads took: 0.0000600 seconds
350.130: Application time: 0.0607460 seconds
350.130: [GC350.130: [ParNew: 15310K->591K(16640K), 0.0003830 secs] 38065K->23346K(55552K), 0.0004100 secs] [Times: user=0.01 sys=0.00, real=0.00 secs] 
350.131: Total time for which application threads were stopped: 0.0005460 seconds, Stopping threads took: 0.0000780 seconds
350.181: Application time: 0.0504610 seconds
350.181: [GC350.181: [ParNew: 15435K->624K(16640K), 0.0003950 secs] 38190K->23379K(55552K), 0.0004220 secs] [Times: user=0.00 sys=0.00, real=0.00 secs] 
350.182: Total time for which application threads were stopped: 0.0005400 seconds, Stopping threads took: 0.0000590 seconds
350.246: Application time: 0.0645280 seconds
350.246: [GC350.246: [ParNew: 15472K->431K(16640K), 0.0004120 secs] 38227K->23376K(55552K), 0.0004400 secs] [Times: user=0.00 sys=0.00, real=0.00 secs] 
350.247: Total time for which application threads were stopped: 0.0005610 seconds, Stopping threads took: 0.0000680 seconds
350.295: Application time: 0.0485210 seconds
350.296: [GC350.296: [ParNew: 15275K->609K(16640K), 0.0004030 secs] 38220K->23554K(55552K), 0.0004290 secs] [Times: user=0.00 sys=0.00, real=0.00 secs] 
350.296: Total time for which application threads were stopped: 0.0005400 seconds, Stopping threads took: 0.0000570 seconds
350.359: Application time: 0.0633530 seconds
350.359: [GC350.359: [ParNew: 15454K->614K(16640K), 0.0003750 secs] 38399K->23559K(55552K), 0.0004030 secs] [Times: user=0.00 sys=0.00, real=0.00 secs] 
350.360: Total time for which application threads were stopped: 0.0005330 seconds, Stopping threads took: 0.0000640 seconds
350.425: Application time: 0.0648500 seconds
350.425: [GC350.425: [ParNew: 15462K->656K(16640K), 0.0004390 secs] 38407K->23601K(55552K), 0.0004660 secs] [Times: user=0.00 sys=0.00, real=0.00 secs] 
350.425: Total time for which application threads were stopped: 0.0005810 seconds, Stopping threads took: 0.0000560 seconds
350.489: Application time: 0.0640710 seconds
350.489: [GC350.489: [ParNew: 15504K->669K(16640K), 0.0004120 secs] 38449K->23615K(55552K), 0.0004380 secs] [Times: user=0.01 sys=0.00, real=0.00 secs] 
350.490: Total time for which application threads were stopped: 0.0005400 seconds, Stopping threads took: 0.0000510 seconds
350.557: Application time: 0.0667680 seconds
350.557: [GC350.557: [ParNew: 15517K->708K(16640K), 0.0005770 secs] 38462K->23653K(55552K), 0.0006080 secs] [Times: user=0.00 sys=0.00, real=0.00 secs] 
350.558: Total time for which application threads were stopped: 0.0009610 seconds, Stopping threads took: 0.0002860 seconds
350.623: Application time: 0.0655630 seconds
350.623: [GC350.623: [ParNew: 15555K->743K(16640K), 0.0004850 secs] 38501K->23689K(55552K), 0.0005070 secs] [Times: user=0.00 sys=0.00, real=0.00 secs] 
350.624: Total time for which application threads were stopped: 0.0006280 seconds, Stopping threads took: 0.0000640 seconds
350.690: Application time: 0.0660610 seconds
350.690: [GC350.690: [ParNew: 15591K->780K(16640K), 0.0004210 secs] 38536K->23726K(55552K), 0.0004480 secs] [Times: user=0.00 sys=0.00, real=0.00 secs] 
350.690: Total time for which application threads were stopped: 0.0005360 seconds, Stopping threads took: 0.0000350 seconds
350.757: Application time: 0.0661600 seconds
350.757: [GC350.757: [ParNew: 15627K->786K(16640K), 0.0005270 secs] 38572K->23732K(55552K), 0.0005620 secs] [Times: user=0.00 sys=0.00, real=0.00 secs] 
350.757: Total time for which application threads were stopped: 0.0006880 seconds, Stopping threads took: 0.0000720 seconds
350.824: Application time: 0.0671400 seconds
350.825: [GC350.825: [ParNew: 15634K->718K(16640K), 0.0004710 secs] 38579K->23692K(55552K), 0.0004980 secs] [Times: user=0.00 sys=0.00, real=0.00 secs] 
350.825: Total time for which application threads were stopped: 0.0006360 seconds, Stopping threads took: 0.0000800 seconds
350.892: Application time: 0.0669570 seconds
350.892: [GC350.892: [ParNew: 15565K->546K(16640K), 0.0004540 secs] 38539K->23738K(55552K), 0.0004820 secs] [Times: user=0.00 sys=0.00, real=0.00 secs] 
350.893: Total time for which application threads were stopped: 0.0006110 seconds, Stopping threads took: 0.0000670 seconds
350.960: Application time: 0.0669690 seconds
350.960: [GC350.960: [ParNew: 15393K->477K(16640K), 0.0003920 secs] 38586K->23670K(55552K), 0.0004210 secs] [Times: user=0.00 sys=0.00, real=0.00 secs] 
350.960: Total time for which application threads were stopped: 0.0005330 seconds, Stopping threads took: 0.0000580 seconds
351.017: Application time: 0.0572850 seconds
351.017: [GC351.018: [ParNew: 15323K->442K(16640K), 0.0004110 secs] 38516K->23853K(55552K), 0.0004370 secs] [Times: user=0.01 sys=0.00, real=0.00 secs] 
351.018: Total time for which application threads were stopped: 0.0005310 seconds, Stopping threads took: 0.0000380 seconds
351.074: Application time: 0.0564630 seconds
351.075: [GC351.075: [ParNew: 15288K->436K(16640K), 0.0003830 secs] 38699K->23848K(55552K), 0.0004110 secs] [Times: user=0.00 sys=0.00, real=0.00 secs] 
351.075: Total time for which application threads were stopped: 0.0005420 seconds, Stopping threads took: 0.0000730 seconds
351.121: Application time: 0.0455590 seconds
351.121: [GC351.121: [ParNew: 15280K->649K(16640K), 0.0004800 secs] 38692K->24250K(55552K), 0.0005080 secs] [Times: user=0.00 sys=0.00, real=0.00 secs] 
351.121: Total time for which application threads were stopped: 0.0006340 seconds, Stopping threads took: 0.0000660 seconds
351.157: Application time: 0.0354170 seconds
351.157: [GC351.157: [ParNew: 15496K->920K(16640K), 0.0004740 secs] 39098K->24521K(55552K), 0.0005020 secs] [Times: user=0.01 sys=0.00, real=0.00 secs] 
351.157: Total time for which application threads were stopped: 0.0006340 seconds, Stopping threads took: 0.0000720 seconds
351.196: Application time: 0.0383170 seconds
351.196: [GC351.196: [ParNew: 15768K->1149K(16640K), 0.0005000 secs] 39369K->24750K(55552K), 0.0005270 secs] [Times: user=0.01 sys=0.00, real=0.00 secs] 
351.196: Total time for which application threads were stopped: 0.0006300 seconds, Stopping threads took: 0.0000500 seconds
351.253: Application time: 0.0572850 seconds
351.254: [GC351.254: [ParNew: 15995K->975K(16640K), 0.0005390 secs] 39596K->24824K(55552K), 0.0005730 secs] [Times: user=0.00 sys=0.00, real=0.00 secs] 
351.254: Total time for which application threads were stopped: 0.0006990 seconds, Stopping threads took: 0.0000720 seconds
351.319: Application time: 0.0643900 seconds
351.319: [GC351.319: [ParNew: 15823K->955K(16640K), 0.0005120 secs] 39671K->24804K(55552K), 0.0005400 secs] [Times: user=0.00 sys=0.00, real=0.00 secs] 
351.320: Total time for which application threads were stopped: 0.0011430 seconds, Stopping threads took: 0.0005460 seconds
351.385: Application time: 0.0656910 seconds
351.385: [GC351.385: [ParNew: 15802K->1015K(16640K), 0.0004640 secs] 39651K->24864K(55552K), 0.0004900 secs] [Times: user=0.01 sys=0.00, real=0.00 secs] 
351.386: Total time for which application threads were stopped: 0.0006080 seconds, Stopping threads took: 0.0000620 seconds
351.450: Application time: 0.0638060 seconds
351.450: [GC351.450: [ParNew: 15860K->1211K(16640K), 0.0004950 secs] 39709K->25059K(55552K), 0.0005240 secs] [Times: user=0.01 sys=0.00, real=0.00 secs] 
351.450: Total time for which application threads were stopped: 0.0006490 seconds, Stopping threads took: 0.0000650 seconds
351.515: Application time: 0.0645620 seconds
351.515: [GC351.515: [ParNew: 16055K->1106K(16640K), 0.0005050 secs] 39904K->25012K(55552K), 0.0005410 secs] [Times: user=0.01 sys=0.00, real=0.00 secs] 
351.516: Total time for which application threads were stopped: 0.0006520 seconds, Stopping threads took: 0.0000530 seconds
351.577: Application time: 0.0616630 seconds
351.577: [GC351.577: [ParNew: 15953K->1068K(16640K), 0.0005360 secs] 39859K->25003K(55552K), 0.0005640 secs] [Times: user=0.00 sys=0.00, real=0.00 secs] 
351.578: Total time for which application threads were stopped: 0.0006890 seconds, Stopping threads took: 0.0000660 seconds
351.643: Application time: 0.0650770 seconds
351.643: [GC351.643: [ParNew: 15914K->1113K(16640K), 0.0005210 secs] 39849K->25048K(55552K), 0.0005490 secs] [Times: user=0.00 sys=0.00, real=0.00 secs] 
351.644: Total time for which application threads were stopped: 0.0006470 seconds, Stopping threads took: 0.0000460 seconds
351.711: Application time: 0.0671280 seconds
351.711: [GC351.711: [ParNew: 15960K->900K(16640K), 0.0006070 secs] 39896K->25025K(55552K), 0.0006360 secs] [Times: user=0.00 sys=0.00, real=0.00 secs] 
351.712: Total time for which application threads were stopped: 0.0007530 seconds, Stopping threads took: 0.0000610 seconds
351.765: Application time: 0.0538080 seconds
351.766: [GC351.766: [ParNew: 15745K->1035K(16640K), 0.0004870 secs] 39871K->25160K(55552K), 0.0005130 secs] [Times: user=0.00 sys=0.00, real=0.00 secs] 
351.766: Total time for which application threads were stopped: 0.0006310 seconds, Stopping threads took: 0.0000600 seconds
351.826: Application time: 0.0597390 seconds
351.826: [GC351.826: [ParNew: 15878K->473K(16640K), 0.0005210 secs] 40004K->25168K(55552K), 0.0005480 secs] [Times: user=0.00 sys=0.00, real=0.00 secs] 
351.826: Total time for which application threads were stopped: 0.0006680 seconds, Stopping threads took: 0.0000620 seconds
351.888: Application time: 0.0611450 seconds
351.888: [GC351.888: [ParNew: 15318K->588K(16640K), 0.0003840 secs] 40014K->25284K(55552K), 0.0004110 secs] [Times: user=0.00 sys=0.00, real=0.00 secs] 
351.888: Total time for which application threads were stopped: 0.0005260 seconds, Stopping threads took: 0.0000560 seconds
351.939: Application time: 0.0504700 seconds
351.939: [GC351.939: [ParNew: 15433K->631K(16640K), 0.0003870 secs] 40128K->25326K(55552K), 0.0004130 secs] [Times: user=0.01 sys=0.00, real=0.01 secs] 
351.939: Total time for which application threads were stopped: 0.0005180 seconds, Stopping threads took: 0.0000560 seconds
351.998: Application time: 0.0585900 seconds
351.998: [GC351.998: [ParNew: 15477K->655K(16640K), 0.0004600 secs] 40173K->25541K(55552K), 0.0004870 secs] [Times: user=0.01 sys=0.00, real=0.00 secs] 
351.998: Total time for which application threads were stopped: 0.0006100 seconds, Stopping threads took: 0.0000580 seconds
352.050: Application time: 0.0519710 seconds
352.050: [GC352.050: [ParNew: 15499K->656K(16640K), 0.0003800 secs] 40384K->25541K(55552K), 0.0004080 secs] [Times: user=0.01 sys=0.00, real=0.00 secs] 
352.051: Total time for which application threads were stopped: 0.0005140 seconds, Stopping threads took: 0.0000550 seconds
352.115: Application time: 0.0641210 seconds
352.115: [GC352.115: [ParNew: 15501K->679K(16640K), 0.0004290 secs] 40386K->25564K(55552K), 0.0004560 secs] [Times: user=0.00 sys=0.00, real=0.00 secs] 
352.116: Total time for which application threads were stopped: 0.0005730 seconds, Stopping threads took: 0.0000590 seconds
352.179: Application time: 0.0638900 seconds
352.180: [GC352.180: [ParNew: 15526K->679K(16640K), 0.0004370 secs] 40411K->25565K(55552K), 0.0004630 secs] [Times: user=0.01 sys=0.00, real=0.00 secs] 
352.180: Total time for which application threads were stopped: 0.0005720 seconds, Stopping threads took: 0.0000530 seconds
352.246: Application time: 0.0660480 seconds
352.246: [GC352.246: [ParNew: 15526K->731K(16640K), 0.0004300 secs] 40412K->25617K(55552K), 0.0004560 secs] [Times: user=0.01 sys=0.00, real=0.00 secs] 
352.247: Total time for which application threads were stopped: 0.0005590 seconds, Stopping threads took: 0.0000510 seconds
352.312: Application time: 0.0653120 seconds
352.312: [GC352.312: [ParNew: 15576K->699K(16640K), 0.0005170 secs] 40462K->25584K(55552K), 0.0005520 secs] [Times: user=0.00 sys=0.00, real=0.00 secs] 
352.313: Total time for which application threads were stopped: 0.0006530 seconds, Stopping threads took: 0.0000460 seconds
352.378: Application time: 0.0649790 seconds
352.378: [GC352.378: [ParNew: 15547K->763K(16640K), 0.0004330 secs] 40432K->25649K(55552K), 0.0004610 secs] [Times: user=0.01 sys=0.00, real=0.00 secs] 
352.378: Total time for which application threads were stopped: 0.0005940 seconds, Stopping threads took: 0.0000730 seconds
352.443: Application time: 0.0648290 seconds
352.443: [GC352.443: [ParNew: 15610K->763K(16640K), 0.0004090 secs] 40495K->25648K(55552K), 0.0004360 secs] [Times: user=0.01 sys=0.00, real=0.00 secs] 
352.444: Total time for which application threads were stopped: 0.0005550 seconds, Stopping threads took: 0.0000670 seconds
352.510: Application time: 0.0669110 seconds
352.511: [GC352.511: [ParNew: 15610K->702K(16640K), 0.0004240 secs] 40496K->25616K(55552K), 0.0004500 secs] [Times: user=0.00 sys=0.00, real=0.00 secs] 
352.511: Total time for which application threads were stopped: 0.0005860 seconds, Stopping threads took: 0.0000690 seconds
352.578: Application time: 0.0670930 seconds
352.578: [GC352.578: [ParNew: 15548K->492K(16640K), 0.0004950 secs] 40462K->25625K(55552K), 0.0005250 secs] [Times: user=0.00 sys=0.00, real=0.00 secs] 
352.579: Total time for which application threads were stopped: 0.0006500 seconds, Stopping threads took: 0.0000670 seconds
352.646: Application time: 0.0674530 seconds
352.646: [GC352.646: [ParNew: 15339K->483K(16640K), 0.0003260 secs] 40472K->25616K(55552K), 0.0003520 secs] [Times: user=0.00 sys=0.00, real=0.00 secs] 
352.647: Total time for which application threads were stopped: 0.0004560 seconds, Stopping threads took: 0.0000570 seconds
352.714: Application time: 0.0671000 seconds
352.715: [GC352.715: [ParNew: 15330K->450K(16640K), 0.0003800 secs] 40463K->25583K(55552K), 0.0004070 secs] [Times: user=0.00 sys=0.00, real=0.00 secs] 
352.716: Total time for which application threads were stopped: 0.0017490 seconds, Stopping threads took: 0.0012880 seconds
352.765: Application time: 0.0499300 seconds
352.766: [GC352.766: [ParNew: 15294K->417K(16640K), 0.0004450 secs] 40427K->25769K(55552K), 0.0004730 secs] [Times: user=0.01 sys=0.00, real=0.00 secs] 
352.766: Total time for which application threads were stopped: 0.0005850 seconds, Stopping threads took: 0.0000540 seconds
352.824: Application time: 0.0581630 seconds
352.824: [GC352.824: [ParNew: 15263K->445K(16640K), 0.0004270 secs] 40615K->25987K(55552K), 0.0004540 secs] [Times: user=0.00 sys=0.00, real=0.00 secs] 
352.825: Total time for which application threads were stopped: 0.0005790 seconds, Stopping threads took: 0.0000680 seconds
352.866: Application time: 0.0413310 seconds
352.866: [GC352.866: [ParNew: 15289K->877K(16640K), 0.0005260 secs] 40831K->26419K(55552K), 0.0005540 secs] [Times: user=0.01 sys=0.00, real=0.00 secs] 
352.867: Total time for which application threads were stopped: 0.0006830 seconds, Stopping threads took: 0.0000700 seconds
352.902: Application time: 0.0352220 seconds
352.902: [GC352.902: [ParNew: 15721K->1096K(16640K), 0.0004970 secs] 41263K->26637K(55552K), 0.0005230 secs] [Times: user=0.00 sys=0.00, real=0.00 secs] 
352.903: Total time for which application threads were stopped: 0.0006300 seconds, Stopping threads took: 0.0000510 seconds
352.945: Application time: 0.0418860 seconds
352.945: [GC352.945: [ParNew: 15942K->817K(16640K), 0.0005860 secs] 41484K->26635K(55552K), 0.0006130 secs] [Times: user=0.00 sys=0.00, real=0.00 secs] 
352.945: Total time for which application threads were stopped: 0.0007190 seconds, Stopping threads took: 0.0000530 seconds
353.006: Application time: 0.0611450 seconds
353.007: [GC353.007: [ParNew: 15661K->933K(16640K), 0.0004550 secs] 41479K->26750K(55552K), 0.0004810 secs] [Times: user=0.00 sys=0.00, real=0.00 secs] 
353.007: Total time for which application threads were stopped: 0.0006090 seconds, Stopping threads took: 0.0000560 seconds
353.071: Application time: 0.0638890 seconds
353.071: [GC353.071: [ParNew: 15777K->1006K(16640K), 0.0004620 secs] 41595K->26824K(55552K), 0.0004880 secs] [Times: user=0.00 sys=0.00, real=0.00 secs] 
353.072: Total time for which application threads were stopped: 0.0006100 seconds, Stopping threads took: 0.0000550 seconds
353.136: Application time: 0.0648270 seconds
353.136: [GC353.137: [ParNew: 15853K->935K(16640K), 0.0005280 secs] 41671K->26752K(55552K), 0.0005570 secs] [Times: user=0.00 sys=0.00, real=0.00 secs] 
353.137: Total time for which application threads were stopped: 0.0006850 seconds, Stopping threads took: 0.0000680 seconds
353.201: Application time: 0.0634650 seconds
353.201: [GC353.201: [ParNew: 15779K->1127K(16640K), 0.0004780 secs] 41597K->26945K(55552K), 0.0005050 secs] [Times: user=0.00 sys=0.00, real=0.00 secs] 
353.201: Total time for which application threads were stopped: 0.0006130 seconds, Stopping threads took: 0.0000540 seconds
353.265: Application time: 0.0635800 seconds
353.267: [GC353.267: [ParNew: 15972K->1099K(16640K), 0.0005330 secs] 41789K->26974K(55552K), 0.0005620 secs] [Times: user=0.00 sys=0.00, real=0.00 secs] 
353.268: Total time for which application threads were stopped: 0.0030060 seconds, Stopping threads took: 0.0023870 seconds
353.329: Application time: 0.0613240 seconds
353.329: [GC353.329: [ParNew: 15944K->1101K(16640K), 0.0005460 secs] 41819K->26977K(55552K), 0.0005740 secs] [Times: user=0.00 sys=0.00, real=0.00 secs] 
353.330: Total time for which application threads were stopped: 0.0006940 seconds, Stopping threads took: 0.0000610 seconds
353.395: Application time: 0.0652860 seconds
353.395: [GC353.395: [ParNew: 15946K->869K(16640K), 0.0005240 secs] 41821K->26934K(55552K), 0.0005510 secs] [Times: user=0.00 sys=0.00, real=0.00 secs] 
353.396: Total time for which application threads were stopped: 0.0006770 seconds, Stopping threads took: 0.0000770 seconds
353.463: Application time: 0.0668090 seconds
353.463: [GC353.463: [ParNew: 15716K->890K(16640K), 0.0004470 secs] 41782K->26956K(55552K), 0.0004750 secs] [Times: user=0.00 sys=0.00, real=0.00 secs] 
353.463: Total time for which application threads were stopped: 0.0006010 seconds, Stopping threads took: 0.0000700 seconds
353.514: Application time: 0.0513350 seconds
353.515: [GC353.515: [ParNew: 15734K->1066K(16640K), 0.0004850 secs] 41800K->27132K(55552K), 0.0005140 secs] [Times: user=0.00 sys=0.00, real=0.00 secs] 
353.515: Total time for which application threads were stopped: 0.0006570 seconds, Stopping threads took: 0.0000840 seconds
353.577: Application time: 0.0614330 seconds
353.577: [GC353.577: [ParNew: 15912K->856K(16640K), 0.0004810 secs] 41978K->27112K(55552K), 0.0005100 secs] [Times: user=0.00 sys=0.00, real=0.00 secs] 
353.577: Total time for which application threads were stopped: 0.0006370 seconds, Stopping threads took: 0.0000590 seconds
353.632: Application time: 0.0551000 seconds
353.632: [GC353.632: [ParNew: 15701K->1031K(16640K), 0.0004890 secs] 41957K->27287K(55552K), 0.0005160 secs] [Times: user=0.00 sys=0.00, real=0.00 secs] 
353.633: Total time for which application threads were stopped: 0.0006430 seconds, Stopping threads took: 0.0000660 seconds
353.689: Application time: 0.0559380 seconds
353.689: [GC353.689: [ParNew: 15876K->710K(16640K), 0.0005120 secs] 42132K->27346K(55552K), 0.0005390 secs] [Times: user=0.00 sys=0.00, real=0.00 secs] 
353.690: Total time for which application threads were stopped: 0.0006630 seconds, Stopping threads took: 0.0000640 seconds
353.741: Application time: 0.0519010 seconds
353.742: [GC353.742: [ParNew: 15554K->619K(16640K), 0.0004360 secs] 42190K->27445K(55552K), 0.0004620 secs] [Times: user=0.01 sys=0.00, real=0.00 secs] 
353.742: Total time for which application threads were stopped: 0.0005710 seconds, Stopping threads took: 0.0000580 seconds
353.801: Application time: 0.0587350 seconds
353.801: [GC353.801: [ParNew: 15462K->644K(16640K), 0.0003890 secs] 42288K->27470K(55552K), 0.0004260 secs] [Times: user=0.00 sys=0.00, real=0.00 secs] 
353.801: Total time for which application threads were stopped: 0.0005340 seconds, Stopping threads took: 0.0000560 seconds
353.866: Application time: 0.0644600 seconds
353.866: [GC353.866: [ParNew: 15492K->619K(16640K), 0.0004730 secs] 42318K->27444K(55552K), 0.0005010 secs] [Times: user=0.00 sys=0.00, real=0.00 secs] 
353.866: Total time for which application threads were stopped: 0.0006320 seconds, Stopping threads took: 0.0000760 seconds
353.930: Application time: 0.0638090 seconds
353.931: [GC353.931: [ParNew: 15466K->666K(16640K), 0.0004000 secs] 42292K->27492K(55552K), 0.0004280 secs] [Times: user=0.00 sys=0.00, real=0.00 secs] 
353.932: Total time for which application threads were stopped: 0.0013460 seconds, Stopping threads took: 0.0008590 seconds
353.998: Application time: 0.0660400 seconds
353.998: [GC353.998: [ParNew: 15511K->683K(16640K), 0.0004260 secs] 42337K->27509K(55552K), 0.0004540 secs] [Times: user=0.00 sys=0.00, real=0.00 secs] 
353.998: Total time for which application threads were stopped: 0.0005750 seconds, Stopping threads took: 0.0000690 seconds
354.062: Application time: 0.0639410 seconds
354.062: [GC354.062: [ParNew: 15528K->776K(16640K), 0.0004450 secs] 42354K->27602K(55552K), 0.0004710 secs] [Times: user=0.01 sys=0.00, real=0.00 secs] 
354.063: Total time for which application threads were stopped: 0.0005860 seconds, Stopping threads took: 0.0000610 seconds
354.131: Application time: 0.0681530 seconds
354.131: [GC354.131: [ParNew: 15624K->732K(16640K), 0.0005230 secs] 42450K->27558K(55552K), 0.0005510 secs] [Times: user=0.00 sys=0.00, real=0.00 secs] 
354.132: Total time for which application threads were stopped: 0.0006910 seconds, Stopping threads took: 0.0000730 seconds
354.196: Application time: 0.0649000 seconds
354.197: [GC354.197: [ParNew: 15577K->760K(16640K), 0.0004630 secs] 42402K->27586K(55552K), 0.0004910 secs] [Times: user=0.00 sys=0.00, real=0.00 secs] 
354.197: Total time for which application threads were stopped: 0.0006290 seconds, Stopping threads took: 0.0000860 seconds
354.264: Application time: 0.0668940 seconds
354.264: [GC354.264: [ParNew: 15607K->725K(16640K), 0.0004960 secs] 42433K->27580K(55552K), 0.0005220 secs] [Times: user=0.00 sys=0.00, real=0.00 secs] 
354.265: Total time for which application threads were stopped: 0.0006340 seconds, Stopping threads took: 0.0000570 seconds
354.332: Application time: 0.0670920 seconds
354.332: [GC354.332: [ParNew: 15573K->547K(16640K), 0.0004420 secs] 42427K->27620K(55552K), 0.0004680 secs] [Times: user=0.00 sys=0.00, real=0.00 secs] 
354.332: Total time for which application threads were stopped: 0.0005970 seconds, Stopping threads took: 0.0000720 seconds
354.399: Application time: 0.0671370 seconds
354.400: [GC354.400: [ParNew: 15394K->444K(16640K), 0.0004070 secs] 42467K->27517K(55552K), 0.0004350 secs] [Times: user=0.00 sys=0.00, real=0.00 secs] 
354.400: Total time for which application threads were stopped: 0.0005490 seconds, Stopping threads took: 0.0000620 seconds
354.463: Application time: 0.0627550 seconds
354.463: [GC354.463: [ParNew: 15288K->414K(16640K), 0.0004630 secs] 42361K->27706K(55552K), 0.0004900 secs] [Times: user=0.00 sys=0.00, real=0.00 secs] 
354.463: Total time for which application threads were stopped: 0.0006110 seconds, Stopping threads took: 0.0000650 seconds
354.514: Application time: 0.0503920 seconds
354.514: [GC354.514: [ParNew: 15261K->466K(16640K), 0.0003700 secs] 42553K->27758K(55552K), 0.0003960 secs] [Times: user=0.01 sys=0.00, real=0.00 secs] 
354.514: Total time for which application threads were stopped: 0.0004990 seconds, Stopping threads took: 0.0000470 seconds
354.570: Application time: 0.0560350 seconds
354.570: [GC354.570: [ParNew: 15310K->462K(16640K), 0.0004070 secs] 42602K->27944K(55552K), 0.0004330 secs] [Times: user=0.01 sys=0.00, real=0.00 secs] 
354.571: Total time for which application threads were stopped: 0.0005670 seconds, Stopping threads took: 0.0000760 seconds
354.608: Application time: 0.0366650 seconds
354.608: [GC354.608: [ParNew: 15306K->915K(16640K), 0.0005250 secs] 42788K->28397K(55552K), 0.0005610 secs] [Times: user=0.00 sys=0.00, real=0.00 secs] 
354.608: Total time for which application threads were stopped: 0.0006810 seconds, Stopping threads took: 0.0000620 seconds
354.649: Application time: 0.0412020 seconds
354.650: [GC354.650: [ParNew: 15761K->1155K(16640K), 0.0005220 secs] 43243K->28637K(55552K), 0.0005490 secs] [Times: user=0.01 sys=0.00, real=0.00 secs] 
354.650: Total time for which application threads were stopped: 0.0006630 seconds, Stopping threads took: 0.0000530 seconds
354.696: Application time: 0.0456680 seconds
354.696: [GC354.696: [ParNew: 15999K->988K(16640K), 0.0005260 secs] 43481K->28717K(55552K), 0.0005530 secs] [Times: user=0.01 sys=0.00, real=0.00 secs] 
354.696: Total time for which application threads were stopped: 0.0006460 seconds, Stopping threads took: 0.0000420 seconds
354.758: Application time: 0.0616870 seconds
354.758: [GC354.758: [ParNew: 15834K->991K(16640K), 0.0005160 secs] 43563K->28720K(55552K), 0.0015900 secs] [Times: user=0.00 sys=0.00, real=0.01 secs] 
354.760: Total time for which application threads were stopped: 0.0017040 seconds, Stopping threads took: 0.0000580 seconds
354.825: Application time: 0.0649540 seconds
354.825: [GC354.825: [ParNew: 15839K->1025K(16640K), 0.0004750 secs] 43567K->28754K(55552K), 0.0005020 secs] [Times: user=0.01 sys=0.00, real=0.00 secs] 
354.825: Total time for which application threads were stopped: 0.0006130 seconds, Stopping threads took: 0.0000520 seconds
354.889: Application time: 0.0641410 seconds
354.890: [GC354.890: [ParNew: 15869K->1208K(16640K), 0.0005210 secs] 43598K->28937K(55552K), 0.0005480 secs] [Times: user=0.00 sys=0.00, real=0.00 secs] 
354.890: Total time for which application threads were stopped: 0.0007040 seconds, Stopping threads took: 0.0000980 seconds
354.955: Application time: 0.0643400 seconds
354.955: [GC354.955: [ParNew: 16055K->934K(16640K), 0.0005070 secs] 43784K->28939K(55552K), 0.0005340 secs] [Times: user=0.00 sys=0.00, real=0.00 secs] 
354.955: Total time for which application threads were stopped: 0.0006500 seconds, Stopping threads took: 0.0000630 seconds
355.018: Application time: 0.0623250 seconds
355.018: [GC355.018: [ParNew: 15781K->1001K(16640K), 0.0004820 secs] 43786K->29006K(55552K), 0.0005090 secs] [Times: user=0.01 sys=0.00, real=0.00 secs] 
355.018: Total time for which application threads were stopped: 0.0006130 seconds, Stopping threads took: 0.0000470 seconds
355.082: Application time: 0.0635400 seconds
355.082: [GC355.082: [ParNew: 15847K->1066K(16640K), 0.0005490 secs] 43852K->29071K(55552K), 0.0005780 secs] [Times: user=0.01 sys=0.00, real=0.00 secs] 
355.082: Total time for which application threads were stopped: 0.0007010 seconds, Stopping threads took: 0.0000650 seconds
355.148: Application time: 0.0656900 seconds
355.148: [GC355.148: [ParNew: 15911K->870K(16640K), 0.0005430 secs] 43916K->29065K(55552K), 0.0005690 secs] [Times: user=0.01 sys=0.00, real=0.00 secs] 
355.149: Total time for which application threads were stopped: 0.0006830 seconds, Stopping threads took: 0.0000620 seconds
355.216: Application time: 0.0668230 seconds
355.216: [GC355.216: [ParNew: 15717K->901K(16640K), 0.0005120 secs] 43912K->29096K(55552K), 0.0005380 secs] [Times: user=0.00 sys=0.00, real=0.00 secs] 
355.216: Total time for which application threads were stopped: 0.0006830 seconds, Stopping threads took: 0.0000810 seconds
355.268: Application time: 0.0519310 seconds
355.268: [GC355.268: [ParNew: 15745K->1043K(16640K), 0.0005590 secs] 43940K->29238K(55552K), 0.0005850 secs] [Times: user=0.00 sys=0.00, real=0.00 secs] 
355.269: Total time for which application threads were stopped: 0.0006830 seconds, Stopping threads took: 0.0000370 seconds
355.329: Application time: 0.0605650 seconds
355.330: [GC355.330: [ParNew: 15889K->878K(16640K), 0.0004910 secs] 44084K->29263K(55552K), 0.0005190 secs] [Times: user=0.01 sys=0.00, real=0.00 secs] 
355.330: Total time for which application threads were stopped: 0.0006600 seconds, Stopping threads took: 0.0000720 seconds
355.380: Application time: 0.0500860 seconds
355.380: [GC355.380: [ParNew: 15722K->1087K(16640K), 0.0004620 secs] 44107K->29472K(55552K), 0.0004880 secs] [Times: user=0.00 sys=0.00, real=0.00 secs] 
355.381: Total time for which application threads were stopped: 0.0006200 seconds, Stopping threads took: 0.0000720 seconds
355.441: Application time: 0.0605570 seconds
355.441: [GC355.442: [ParNew: 15932K->744K(16640K), 0.0004800 secs] 44317K->29509K(55552K), 0.0005080 secs] [Times: user=0.00 sys=0.00, real=0.00 secs] 
355.442: Total time for which application threads were stopped: 0.0006330 seconds, Stopping threads took: 0.0000660 seconds
355.489: Application time: 0.0468420 seconds
355.489: [GC355.489: [ParNew: 15590K->604K(16640K), 0.0004980 secs] 44355K->29560K(55552K), 0.0005260 secs] [Times: user=0.00 sys=0.00, real=0.00 secs] 
355.490: Total time for which application threads were stopped: 0.0006480 seconds, Stopping threads took: 0.0000630 seconds
355.553: Application time: 0.0638860 seconds
355.553: [GC355.554: [ParNew: 15450K->597K(16640K), 0.0004770 secs] 44405K->29552K(55552K), 0.0005040 secs] [Times: user=0.00 sys=0.00, real=0.00 secs] 
355.554: Total time for which application threads were stopped: 0.0006080 seconds, Stopping threads took: 0.0000530 seconds
355.619: Application time: 0.0648910 seconds
355.619: [GC355.619: [ParNew: 15442K->682K(16640K), 0.0004130 secs] 44397K->29637K(55552K), 0.0004400 secs] [Times: user=0.01 sys=0.00, real=0.01 secs] 
355.619: Total time for which application threads were stopped: 0.0005600 seconds, Stopping threads took: 0.0000620 seconds
355.684: Application time: 0.0643250 seconds
355.684: [GC355.684: [ParNew: 15527K->728K(16640K), 0.0004350 secs] 44482K->29683K(55552K), 0.0004620 secs] [Times: user=0.01 sys=0.00, real=0.00 secs] 
355.684: Total time for which application threads were stopped: 0.0005890 seconds, Stopping threads took: 0.0000690 seconds
355.751: Application time: 0.0662800 seconds
355.751: [GC355.751: [ParNew: 15575K->745K(16640K), 0.0004120 secs] 44530K->29700K(55552K), 0.0004430 secs] [Times: user=0.00 sys=0.00, real=0.00 secs] 
355.751: Total time for which application threads were stopped: 0.0005660 seconds, Stopping threads took: 0.0000630 seconds
355.816: Application time: 0.0645380 seconds
355.816: [GC355.816: [ParNew: 15590K->750K(16640K), 0.0004600 secs] 44545K->29705K(55552K), 0.0004870 secs] [Times: user=0.00 sys=0.00, real=0.00 secs] 
355.816: Total time for which application threads were stopped: 0.0006030 seconds, Stopping threads took: 0.0000600 seconds
355.882: Application time: 0.0659110 seconds
355.882: [GC355.882: [ParNew: 15594K->729K(16640K), 0.0004780 secs] 44550K->29685K(55552K), 0.0005060 secs] [Times: user=0.00 sys=0.00, real=0.00 secs] 
355.883: Total time for which application threads were stopped: 0.0006130 seconds, Stopping threads took: 0.0000470 seconds
355.949: Application time: 0.0661840 seconds
355.949: [GC355.949: [ParNew: 15574K->767K(16640K), 0.0004470 secs] 44529K->29723K(55552K), 0.0004720 secs] [Times: user=0.01 sys=0.00, real=0.00 secs] 
355.950: Total time for which application threads were stopped: 0.0005840 seconds, Stopping threads took: 0.0000620 seconds
356.017: Application time: 0.0674510 seconds
356.017: [GC356.017: [ParNew: 15615K->709K(16640K), 0.0004170 secs] 44570K->29692K(55552K), 0.0004450 secs] [Times: user=0.00 sys=0.00, real=0.00 secs] 
356.018: Total time for which application threads were stopped: 0.0005590 seconds, Stopping threads took: 0.0000590 seconds
356.085: Application time: 0.0673000 seconds
356.085: [GC356.085: [ParNew: 15556K->498K(16640K), 0.0005290 secs] 44540K->29700K(55552K), 0.0005580 secs] [Times: user=0.01 sys=0.00, real=0.00 secs] 
356.086: Total time for which application threads were stopped: 0.0007210 seconds, Stopping threads took: 0.0001050 seconds
356.153: Application time: 0.0671430 seconds
356.155: [GC356.155: [ParNew: 15345K->463K(16640K), 0.0003890 secs] 44547K->29665K(55552K), 0.0004270 secs] [Times: user=0.01 sys=0.00, real=0.00 secs] 
356.156: Total time for which application threads were stopped: 0.0026900 seconds, Stopping threads took: 0.0022100 seconds
356.215: Application time: 0.0593790 seconds
356.215: [GC356.215: [ParNew: 15309K->453K(16640K), 0.0004420 secs] 44512K->29874K(55552K), 0.0004690 secs] [Times: user=0.00 sys=0.00, real=0.00 secs] 
356.216: Total time for which application threads were stopped: 0.0005990 seconds, Stopping threads took: 0.0000670 seconds
356.270: Application time: 0.0540390 seconds
356.270: [GC356.270: [ParNew: 15298K->449K(16640K), 0.0003670 secs] 44719K->29870K(55552K), 0.0003940 secs] [Times: user=0.00 sys=0.00, real=0.00 secs] 
356.270: Total time for which application threads were stopped: 0.0005330 seconds, Stopping threads took: 0.0000730 seconds
356.324: Application time: 0.0534500 seconds
356.324: [GC356.324: [ParNew: 15296K->480K(16640K), 0.0005720 secs] 44717K->30091K(55552K), 0.0005980 secs] [Times: user=0.01 sys=0.00, real=0.00 secs] 
356.324: Total time for which application threads were stopped: 0.0007120 seconds, Stopping threads took: 0.0000560 seconds
356.359: Application time: 0.0345610 seconds
356.359: [GC356.359: [ParNew: 15324K->913K(16640K), 0.0004920 secs] 44935K->30525K(55552K), 0.0005180 secs] [Times: user=0.01 sys=0.00, real=0.01 secs] 
356.359: Total time for which application threads were stopped: 0.0006320 seconds, Stopping threads took: 0.0000580 seconds
356.399: Application time: 0.0390980 seconds
356.399: [GC356.399: [ParNew: 15758K->1139K(16640K), 0.0005270 secs] 45369K->30750K(55552K), 0.0005540 secs] [Times: user=0.00 sys=0.00, real=0.01 secs] 
356.399: Total time for which application threads were stopped: 0.0006490 seconds, Stopping threads took: 0.0000410 seconds
356.449: Application time: 0.0501750 seconds
356.449: [GC356.450: [ParNew: 15986K->968K(16640K), 0.0006210 secs] 45597K->30827K(55552K), 0.0006500 secs] [Times: user=0.00 sys=0.00, real=0.00 secs] 
356.450: Total time for which application threads were stopped: 0.0007710 seconds, Stopping threads took: 0.0000670 seconds
356.514: Application time: 0.0639200 seconds
356.514: [GC356.514: [ParNew: 15814K->1006K(16640K), 0.0004860 secs] 45672K->30864K(55552K), 0.0005130 secs] [Times: user=0.00 sys=0.00, real=0.00 secs] 
356.515: Total time for which application threads were stopped: 0.0006420 seconds, Stopping threads took: 0.0000740 seconds
356.580: Application time: 0.0650120 seconds
356.580: [GC356.580: [ParNew: 15853K->987K(16640K), 0.0005480 secs] 45712K->30845K(55552K), 0.0005740 secs] [Times: user=0.01 sys=0.00, real=0.00 secs] 
356.580: Total time for which application threads were stopped: 0.0006880 seconds, Stopping threads took: 0.0000580 seconds
356.644: Application time: 0.0636840 seconds
356.644: [GC356.644: [ParNew: 15832K->1230K(16640K), 0.0005320 secs] 45690K->31088K(55552K), 0.0005590 secs] [Times: user=0.00 sys=0.00, real=0.00 secs] 
356.645: Total time for which application threads were stopped: 0.0006630 seconds, Stopping threads took: 0.0000470 seconds
356.710: Application time: 0.0652830 seconds
356.710: [GC356.710: [ParNew: 16077K->557K(16640K), 0.0005380 secs] 45936K->31071K(55552K), 0.0005650 secs] [Times: user=0.00 sys=0.00, real=0.00 secs] 
356.711: Total time for which application threads were stopped: 0.0006840 seconds, Stopping threads took: 0.0000640 seconds
356.772: Application time: 0.0614460 seconds
356.772: [GC356.772: [ParNew: 15404K->827K(16640K), 0.0004950 secs] 45918K->31341K(55552K), 0.0005230 secs] [Times: user=0.01 sys=0.00, real=0.00 secs] 
356.773: Total time for which application threads were stopped: 0.0006500 seconds, Stopping threads took: 0.0000600 seconds
356.836: Application time: 0.0635450 seconds
356.837: [GC356.837: [ParNew: 15672K->1002K(16640K), 0.0005310 secs] 46186K->31516K(55552K), 0.0005590 secs] [Times: user=0.01 sys=0.00, real=0.00 secs] 
356.837: Total time for which application threads were stopped: 0.0006910 seconds, Stopping threads took: 0.0000720 seconds
356.904: Application time: 0.0668830 seconds
356.904: [GC356.904: [ParNew: 15849K->867K(16640K), 0.0004950 secs] 46364K->31571K(55552K), 0.0005310 secs] [Times: user=0.00 sys=0.00, real=0.00 secs] 
356.905: Total time for which application threads were stopped: 0.0006470 seconds, Stopping threads took: 0.0000630 seconds
356.972: Application time: 0.0669480 seconds
356.972: [GC356.972: [ParNew: 15714K->859K(16640K), 0.0004460 secs] 46418K->31564K(55552K), 0.0004730 secs] [Times: user=0.00 sys=0.00, real=0.00 secs] 
356.972: Total time for which application threads were stopped: 0.0005830 seconds, Stopping threads took: 0.0000550 seconds
357.023: Application time: 0.0510280 seconds
357.023: [GC357.023: [ParNew: 15706K->1009K(16640K), 0.0004760 secs] 46410K->31713K(55552K), 0.0005030 secs] [Times: user=0.00 sys=0.00, real=0.00 secs] 
357.024: Total time for which application threads were stopped: 0.0006180 seconds, Stopping threads took: 0.0000570 seconds
357.083: Application time: 0.0595810 seconds
357.083: [GC357.084: [ParNew: 15855K->911K(16640K), 0.0005980 secs] 46559K->31995K(55552K), 0.0006260 secs] [Times: user=0.01 sys=0.00, real=0.00 secs] 
357.084: Total time for which application threads were stopped: 0.0007390 seconds, Stopping threads took: 0.0000560 seconds
357.131: Application time: 0.0473350 seconds
357.132: [GC357.132: [ParNew: 15754K->891K(16640K), 0.0004580 secs] 46839K->31976K(55552K), 0.0004850 secs] [Times: user=0.01 sys=0.00, real=0.00 secs] 
357.132: Total time for which application threads were stopped: 0.0006120 seconds, Stopping threads took: 0.0000690 seconds
357.188: Application time: 0.0560360 seconds
357.188: [GC357.188: [ParNew: 15735K->664K(16640K), 0.0004810 secs] 46819K->32128K(55552K), 0.0005100 secs] [Times: user=0.00 sys=0.00, real=0.00 secs] 
357.189: Total time for which application threads were stopped: 0.0006140 seconds, Stopping threads took: 0.0000450 seconds
357.243: Application time: 0.0545790 seconds
357.243: [GC357.243: [ParNew: 15511K->677K(16640K), 0.0004040 secs] 46976K->32142K(55552K), 0.0004300 secs] [Times: user=0.01 sys=0.00, real=0.00 secs] 
357.244: Total time for which application threads were stopped: 0.0005680 seconds, Stopping threads took: 0.0000800 seconds
357.309: Application time: 0.0655270 seconds
357.310: [GC357.310: [ParNew: 15523K->672K(16640K), 0.0004260 secs] 46987K->32137K(55552K), 0.0004520 secs] [Times: user=0.00 sys=0.00, real=0.00 secs] 
357.310: Total time for which application threads were stopped: 0.0005760 seconds, Stopping threads took: 0.0000630 seconds
357.376: Application time: 0.0660720 seconds
357.376: [GC357.376: [ParNew: 15519K->681K(16640K), 0.0004650 secs] 46984K->32146K(55552K), 0.0004920 secs] [Times: user=0.00 sys=0.00, real=0.00 secs] 
357.377: Total time for which application threads were stopped: 0.0006230 seconds, Stopping threads took: 0.0000730 seconds
357.441: Application time: 0.0641410 seconds
357.441: [GC357.441: [ParNew: 15529K->725K(16640K), 0.0004270 secs] 46993K->32189K(55552K), 0.0004530 secs] [Times: user=0.01 sys=0.00, real=0.00 secs] 
357.441: Total time for which application threads were stopped: 0.0005610 seconds, Stopping threads took: 0.0000500 seconds
357.508: Application time: 0.0663350 seconds
357.508: [GC357.508: [ParNew: 15572K->730K(16640K), 0.0004490 secs] 47036K->32194K(55552K), 0.0004770 secs] [Times: user=0.00 sys=0.00, real=0.00 secs] 
357.508: Total time for which application threads were stopped: 0.0005980 seconds, Stopping threads took: 0.0000680 seconds
357.573: Application time: 0.0644560 seconds
357.575: [GC357.575: [ParNew: 15576K->753K(16640K), 0.0004320 secs] 47040K->32217K(55552K), 0.0004570 secs] [Times: user=0.00 sys=0.00, real=0.00 secs] 
357.576: Total time for which application threads were stopped: 0.0028360 seconds, Stopping threads took: 0.0023220 seconds
357.642: Application time: 0.0660130 seconds
357.642: [GC357.642: [ParNew: 15597K->763K(16640K), 0.0003910 secs] 47062K->32227K(55552K), 0.0004200 secs] [Times: user=0.00 sys=0.00, real=0.00 secs] 
357.642: Total time for which application threads were stopped: 0.0005370 seconds, Stopping threads took: 0.0000590 seconds
357.709: Application time: 0.0671790 seconds
357.709: [GC357.709: [ParNew: 15610K->709K(16640K), 0.0005180 secs] 47075K->32202K(55552K), 0.0005550 secs] [Times: user=0.00 sys=0.00, real=0.00 secs] 
357.710: Total time for which application threads were stopped: 0.0006710 seconds, Stopping threads took: 0.0000630 seconds
357.778: Application time: 0.0675350 seconds
357.778: [GC357.778: [ParNew: 15556K->751K(16640K), 0.0004090 secs] 47049K->32244K(55552K), 0.0004360 secs] [Times: user=0.00 sys=0.00, real=0.00 secs] 
357.778: Total time for which application threads were stopped: 0.0005750 seconds, Stopping threads took: 0.0000810 seconds
357.846: Application time: 0.0676170 seconds
357.846: [GC357.846: [ParNew: 15596K->504K(16640K), 0.0004420 secs] 47089K->32215K(55552K), 0.0004690 secs] [Times: user=0.00 sys=0.00, real=0.00 secs] 
357.846: Total time for which application threads were stopped: 0.0006070 seconds, Stopping threads took: 0.0000690 seconds
357.914: Application time: 0.0672220 seconds
357.914: [GC357.914: [ParNew: 15351K->471K(16640K), 0.0003700 secs] 47063K->32183K(55552K), 0.0003960 secs] [Times: user=0.00 sys=0.00, real=0.00 secs] 
357.914: Total time for which application threads were stopped: 0.0005170 seconds, Stopping threads took: 0.0000670 seconds
357.966: Application time: 0.0521970 seconds
357.966: [GC357.966: [ParNew: 15316K->428K(16640K), 0.0004300 secs] 47027K->32359K(55552K), 0.0004570 secs] [Times: user=0.00 sys=0.00, real=0.00 secs] 
357.967: Total time for which application threads were stopped: 0.0005640 seconds, Stopping threads took: 0.0000520 seconds
358.028: Application time: 0.0614160 seconds
358.031: [GC358.031: [ParNew: 15274K->276K(16640K), 0.0004830 secs] 47205K->32397K(55552K), 0.0005110 secs] [Times: user=0.00 sys=0.00, real=0.00 secs] 
358.032: Total time for which application threads were stopped: 0.0033670 seconds, Stopping threads took: 0.0027970 seconds
358.081: Application time: 0.0493970 seconds
358.081: [GC358.081: [ParNew: 15123K->662K(16640K), 0.0004430 secs] 47244K->32782K(55552K), 0.0004700 secs] [Times: user=0.00 sys=0.00, real=0.00 secs] 
358.082: Total time for which application threads were stopped: 0.0005720 seconds, Stopping threads took: 0.0000440 seconds
358.114: Application time: 0.0324760 seconds
358.114: [GC358.114: [ParNew: 15508K->1099K(16640K), 0.0004990 secs] 47628K->33220K(55552K), 0.0005270 secs] [Times: user=0.01 sys=0.00, real=0.00 secs] 
358.115: Total time for which application threads were stopped: 0.0006730 seconds, Stopping threads took: 0.0000860 seconds
358.150: Application time: 0.0352990 seconds
358.150: [GC358.150: [ParNew: 15946K->879K(16640K), 0.0005380 secs] 48066K->33275K(55552K), 0.0005650 secs] [Times: user=0.00 sys=0.00, real=0.00 secs] 
358.151: Total time for which application threads were stopped: 0.0006600 seconds, Stopping threads took: 0.0000430 seconds
358.211: Application time: 0.0603560 seconds
358.212: [GC358.212: [ParNew: 15727K->937K(16640K), 0.0005430 secs] 48123K->33334K(55552K), 0.0005730 secs] [Times: user=0.00 sys=0.00, real=0.00 secs] 
358.213: Total time for which application threads were stopped: 0.0015500 seconds, Stopping threads took: 0.0009170 seconds
358.276: Application time: 0.0634540 seconds
358.276: [GC358.276: [ParNew: 15782K->1012K(16640K), 0.0004990 secs] 48178K->33408K(55552K), 0.0005270 secs] [Times: user=0.00 sys=0.00, real=0.00 secs] 
358.277: Total time for which application threads were stopped: 0.0006460 seconds, Stopping threads took: 0.0000600 seconds
358.342: Application time: 0.0650520 seconds
358.342: [GC358.342: [ParNew: 15859K->895K(16640K), 0.0004640 secs] 48256K->33292K(55552K), 0.0004910 secs] [Times: user=0.00 sys=0.00, real=0.00 secs] 
358.342: Total time for which application threads were stopped: 0.0006010 seconds, Stopping threads took: 0.0000510 seconds
358.406: Application time: 0.0631060 seconds
358.406: [GC358.406: [ParNew: 15742K->1143K(16640K), 0.0005380 secs] 48138K->33539K(55552K), 0.0005650 secs] [Times: user=0.01 sys=0.00, real=0.00 secs] 
358.406: Total time for which application threads were stopped: 0.0007070 seconds, Stopping threads took: 0.0000730 seconds
358.472: Application time: 0.0653710 seconds
358.472: [GC358.472: [ParNew: 15991K->620K(16640K), 0.0006020 secs] 48387K->33454K(55552K), 0.0006300 secs] [Times: user=0.00 sys=0.00, real=0.00 secs] 
358.472: Total time for which application threads were stopped: 0.0007460 seconds, Stopping threads took: 0.0000580 seconds
358.533: Application time: 0.0611060 seconds
358.534: [GC358.534: [ParNew: 15466K->1097K(16640K), 0.0004490 secs] 48300K->33930K(55552K), 0.0004760 secs] [Times: user=0.00 sys=0.00, real=0.00 secs] 
358.534: Total time for which application threads were stopped: 0.0005810 seconds, Stopping threads took: 0.0000480 seconds
358.598: Application time: 0.0639460 seconds
358.598: [GC358.598: [ParNew: 15941K->1073K(16640K), 0.0005270 secs] 48774K->33907K(55552K), 0.0005530 secs] [Times: user=0.00 sys=0.00, real=0.00 secs] 
358.599: Total time for which application threads were stopped: 0.0006780 seconds, Stopping threads took: 0.0000750 seconds
358.666: Application time: 0.0668690 seconds
358.666: [GC358.666: [ParNew: 15921K->893K(16640K), 0.0004750 secs] 48754K->33917K(55552K), 0.0005010 secs] [Times: user=0.00 sys=0.00, real=0.00 secs] 
358.666: Total time for which application threads were stopped: 0.0006050 seconds, Stopping threads took: 0.0000510 seconds
358.733: Application time: 0.0665510 seconds
358.733: Total time for which application threads were stopped: 0.0000770 seconds, Stopping threads took: 0.0000520 seconds
358.733: Application time: 0.0000630 seconds
358.733: [GC358.733: [ParNew: 15828K->1077K(16640K), 0.0004490 secs] 48852K->34101K(55552K), 0.0004750 secs] [Times: user=0.01 sys=0.00, real=0.00 secs] 
358.733: Total time for which application threads were stopped: 0.0005440 seconds, Stopping threads took: 0.0000300 seconds
358.781: Application time: 0.0474310 seconds
358.781: [GC358.781: [ParNew: 15923K->705K(16640K), 0.0004940 secs] 48947K->34109K(55552K), 0.0005210 secs] [Times: user=0.00 sys=0.00, real=0.00 secs] 
358.781: Total time for which application threads were stopped: 0.0006440 seconds, Stopping threads took: 0.0000650 seconds
358.839: Application time: 0.0575170 seconds
358.839: [GC358.839: [ParNew: 15552K->795K(16640K), 0.0005210 secs] 48955K->34199K(55552K), 0.0005480 secs] [Times: user=0.00 sys=0.00, real=0.00 secs] 
358.840: Total time for which application threads were stopped: 0.0006640 seconds, Stopping threads took: 0.0000560 seconds
358.893: Application time: 0.0532740 seconds
358.893: [GC358.893: [ParNew: 15640K->1043K(16640K), 0.0004670 secs] 49044K->34447K(55552K), 0.0004930 secs] [Times: user=0.01 sys=0.00, real=0.00 secs] 
358.893: Total time for which application threads were stopped: 0.0005630 seconds, Stopping threads took: 0.0000130 seconds
358.939: Application time: 0.0457740 seconds
358.939: [GC358.939: [ParNew: 15888K->665K(16640K), 0.0005680 secs] 49292K->34449K(55552K), 0.0005950 secs] [Times: user=0.01 sys=0.00, real=0.00 secs] 
358.940: Total time for which application threads were stopped: 0.0007330 seconds, Stopping threads took: 0.0000680 seconds
359.004: Application time: 0.0640040 seconds
359.004: [GC359.004: [ParNew: 15513K->685K(16640K), 0.0003930 secs] 49296K->34469K(55552K), 0.0004180 secs] [Times: user=0.00 sys=0.00, real=0.00 secs] 
359.005: Total time for which application threads were stopped: 0.0005320 seconds, Stopping threads took: 0.0000630 seconds
359.071: Application time: 0.0668880 seconds
359.072: [GC359.072: [ParNew: 15530K->656K(16640K), 0.0004230 secs] 49314K->34440K(55552K), 0.0004510 secs] [Times: user=0.00 sys=0.00, real=0.00 secs] 
359.072: Total time for which application threads were stopped: 0.0005670 seconds, Stopping threads took: 0.0000590 seconds
359.138: Application time: 0.0659920 seconds
359.138: [GC359.138: [ParNew: 15504K->677K(16640K), 0.0004330 secs] 49288K->34461K(55552K), 0.0004590 secs] [Times: user=0.00 sys=0.00, real=0.00 secs] 
359.139: Total time for which application threads were stopped: 0.0005840 seconds, Stopping threads took: 0.0000570 seconds
359.203: Application time: 0.0640110 seconds
359.203: [GC359.203: [ParNew: 15525K->689K(16640K), 0.0004440 secs] 49309K->34473K(55552K), 0.0004710 secs] [Times: user=0.00 sys=0.00, real=0.00 secs] 
359.203: Total time for which application threads were stopped: 0.0005800 seconds, Stopping threads took: 0.0000580 seconds
359.268: Application time: 0.0652410 seconds
359.269: [GC359.269: [ParNew: 15537K->708K(16640K), 0.0004820 secs] 49321K->34492K(55552K), 0.0005080 secs] [Times: user=0.01 sys=0.00, real=0.00 secs] 
359.269: Total time for which application threads were stopped: 0.0006270 seconds, Stopping threads took: 0.0000650 seconds
359.334: Application time: 0.0647710 seconds
359.334: [GC359.334: [ParNew: 15552K->768K(16640K), 0.0004710 secs] 49336K->34552K(55552K), 0.0004970 secs] [Times: user=0.01 sys=0.00, real=0.00 secs] 
359.334: Total time for which application threads were stopped: 0.0006320 seconds, Stopping threads took: 0.0000770 seconds
359.401: Application time: 0.0668540 seconds
359.401: [GC359.401: [ParNew: 15616K->781K(16640K), 0.0004960 secs] 49400K->34593K(55552K), 0.0005210 secs] [Times: user=0.00 sys=0.00, real=0.00 secs] 
359.402: Total time for which application threads were stopped: 0.0006450 seconds, Stopping threads took: 0.0000740 seconds
359.469: Application time: 0.0671360 seconds
359.469: [GC359.469: [ParNew: 15628K->665K(16640K), 0.0004900 secs] 49441K->34478K(55552K), 0.0005180 secs] [Times: user=0.00 sys=0.00, real=0.00 secs] 
359.470: Total time for which application threads were stopped: 0.0006680 seconds, Stopping threads took: 0.0000840 seconds
359.537: Application time: 0.0672350 seconds
359.537: [GC359.537: [ParNew: 15513K->707K(16640K), 0.0004420 secs] 49325K->34520K(55552K), 0.0004680 secs] [Times: user=0.00 sys=0.00, real=0.00 secs] 
359.538: Total time for which application threads were stopped: 0.0005900 seconds, Stopping threads took: 0.0000640 seconds
359.605: Application time: 0.0674400 seconds
359.605: [GC359.605: [ParNew: 15552K->488K(16640K), 0.0004480 secs] 49365K->34519K(55552K), 0.0004760 secs] [Times: user=0.00 sys=0.00, real=0.00 secs] 
359.606: Total time for which application threads were stopped: 0.0005850 seconds, Stopping threads took: 0.0000570 seconds
359.669: Application time: 0.0637710 seconds
359.669: [GC359.670: [ParNew: 15333K->449K(16640K), 0.0004060 secs] 49364K->34698K(55552K), 0.0004330 secs] [Times: user=0.00 sys=0.00, real=0.00 secs] 
359.670: Total time for which application threads were stopped: 0.0005430 seconds, Stopping threads took: 0.0000550 seconds
359.721: Application time: 0.0505810 seconds
359.721: [GC359.721: [ParNew: 15295K->248K(16640K), 0.0005310 secs] 49545K->34688K(55552K), 0.0005570 secs] [Times: user=0.00 sys=0.00, real=0.00 secs] 
359.721: Total time for which application threads were stopped: 0.0006780 seconds, Stopping threads took: 0.0000660 seconds
359.787: Application time: 0.0655380 seconds
359.787: [GC359.787: [ParNew: 15093K->257K(16640K), 0.0003480 secs] 49532K->34697K(55552K), 0.0003810 secs] [Times: user=0.00 sys=0.00, real=0.01 secs] 
359.787: Total time for which application threads were stopped: 0.0005000 seconds, Stopping threads took: 0.0000610 seconds
359.837: Application time: 0.0492850 seconds
359.837: [GC359.837: [ParNew: 15102K->655K(16640K), 0.0004110 secs] 49542K->35095K(55552K), 0.0004380 secs] [Times: user=0.00 sys=0.00, real=0.00 secs] 
359.837: Total time for which application threads were stopped: 0.0005560 seconds, Stopping threads took: 0.0000590 seconds
359.868: Application time: 0.0312760 seconds
359.868: [GC359.868: [ParNew: 15501K->1083K(16640K), 0.0004990 secs] 49941K->35522K(55552K), 0.0005240 secs] [Times: user=0.00 sys=0.00, real=0.00 secs] 
359.869: Total time for which application threads were stopped: 0.0006340 seconds, Stopping threads took: 0.0000530 seconds
359.906: Application time: 0.0373470 seconds
359.906: [GC359.906: [ParNew: 15929K->959K(16640K), 0.0005190 secs] 50369K->35618K(55552K), 0.0005570 secs] [Times: user=0.00 sys=0.00, real=0.00 secs] 
359.907: Total time for which application threads were stopped: 0.0006510 seconds, Stopping threads took: 0.0000420 seconds
359.967: Application time: 0.0602940 seconds
359.967: [GC359.967: [ParNew: 15735K->866K(16640K), 0.0004630 secs] 50393K->35524K(55552K), 0.0004890 secs] [Times: user=0.00 sys=0.00, real=0.00 secs] 
359.968: Total time for which application threads were stopped: 0.0006000 seconds, Stopping threads took: 0.0000570 seconds
360.033: Application time: 0.0653810 seconds
360.033: [GC360.033: [ParNew: 15711K->991K(16640K), 0.0005670 secs] 50369K->35649K(55552K), 0.0005930 secs] [Times: user=0.00 sys=0.00, real=0.00 secs] 
360.034: Total time for which application threads were stopped: 0.0007020 seconds, Stopping threads took: 0.0000430 seconds
360.099: Application time: 0.0650200 seconds
360.099: [GC360.099: [ParNew: 15838K->998K(16640K), 0.0005530 secs] 50496K->35656K(55552K), 0.0005810 secs] [Times: user=0.00 sys=0.00, real=0.00 secs] 
360.100: Total time for which application threads were stopped: 0.0007180 seconds, Stopping threads took: 0.0000780 seconds
360.163: Application time: 0.0633820 seconds
360.163: [GC360.163: [ParNew: 15842K->1135K(16640K), 0.0005840 secs] 50500K->35851K(55552K), 0.0006100 secs] [Times: user=0.00 sys=0.00, real=0.00 secs] 
360.164: Total time for which application threads were stopped: 0.0007180 seconds, Stopping threads took: 0.0000540 seconds
360.229: Application time: 0.0654480 seconds
360.231: [GC360.231: [ParNew: 15980K->505K(16640K), 0.0005670 secs] 50696K->35910K(55552K), 0.0005930 secs] [Times: user=0.00 sys=0.00, real=0.00 secs] 
360.232: Total time for which application threads were stopped: 0.0024590 seconds, Stopping threads took: 0.0018100 seconds
360.292: Application time: 0.0599270 seconds
360.292: [GC360.292: [ParNew: 15352K->1140K(16640K), 0.0005520 secs] 50756K->36544K(55552K), 0.0005790 secs] [Times: user=0.00 sys=0.00, real=0.00 secs] 
360.292: Total time for which application threads were stopped: 0.0006860 seconds, Stopping threads took: 0.0000500 seconds
360.358: Application time: 0.0655940 seconds
360.358: [GC360.358: [ParNew: 15984K->868K(16640K), 0.0005380 secs] 51389K->36591K(55552K), 0.0005670 secs] [Times: user=0.00 sys=0.00, real=0.00 secs] 
360.359: Total time for which application threads were stopped: 0.0006880 seconds, Stopping threads took: 0.0000690 seconds
360.426: Application time: 0.0674170 seconds
360.426: [GC360.426: [ParNew: 15713K->882K(16640K), 0.0004510 secs] 51436K->36605K(55552K), 0.0004800 secs] [Times: user=0.00 sys=0.00, real=0.00 secs] 
360.427: Total time for which application threads were stopped: 0.0006070 seconds, Stopping threads took: 0.0000690 seconds
360.486: Application time: 0.0594020 seconds
360.486: [GC360.486: [ParNew: 15726K->1035K(16640K), 0.0004740 secs] 51449K->36758K(55552K), 0.0005000 secs] [Times: user=0.00 sys=0.00, real=0.00 secs] 
360.487: Total time for which application threads were stopped: 0.0006070 seconds, Stopping threads took: 0.0000500 seconds
360.540: Application time: 0.0535420 seconds
360.543: [GC360.543: [ParNew: 15882K->538K(16640K), 0.0005120 secs] 51605K->36831K(55552K), 0.0005410 secs] [Times: user=0.01 sys=0.00, real=0.00 secs] 
360.544: Total time for which application threads were stopped: 0.0034980 seconds, Stopping threads took: 0.0028910 seconds
360.544: Application time: 0.0000310 seconds
360.544: [GC [1 CMS-initial-mark: 36293K(38912K)] 36836K(55552K), 0.0000980 secs] [Times: user=0.00 sys=0.00, real=0.00 secs] 
360.544: Total time for which application threads were stopped: 0.0001870 seconds, Stopping threads took: 0.0000740 seconds
360.544: [CMS-concurrent-mark-start]
360.546: [CMS-concurrent-mark: 0.002/0.002 secs] [Times: user=0.00 sys=0.00, real=0.00 secs] 
360.546: [CMS-concurrent-preclean-start]
360.547: [CMS-concurrent-preclean: 0.000/0.000 secs] [Times: user=0.00 sys=0.00, real=0.00 secs] 
360.547: Application time: 0.0025860 seconds
360.547: [GC[YG occupancy: 914 K (16640 K)]360.547: [Rescan (parallel) , 0.0001800 secs]360.547: [weak refs processing, 0.0000750 secs]360.547: [scrub string table, 0.0000940 secs] [1 CMS-remark: 36293K(38912K)] 37207K(55552K), 0.0003750 secs] [Times: user=0.01 sys=0.00, real=0.00 secs] 
360.547: Total time for which application threads were stopped: 0.0004440 seconds, Stopping threads took: 0.0000450 seconds
360.547: [CMS-concurrent-sweep-start]
360.550: [CMS-concurrent-sweep: 0.003/0.003 secs] [Times: user=0.00 sys=0.00, real=0.01 secs] 
360.550: [CMS-concurrent-reset-start]
360.550: [CMS-concurrent-reset: 0.000/0.000 secs] [Times: user=0.00 sys=0.00, real=0.00 secs] 
360.604: Application time: 0.0568330 seconds
360.604: [GC360.604: [ParNew: 15382K->594K(16640K), 0.0003900 secs] 18205K->3418K(55552K), 0.0004200 secs] [Times: user=0.00 sys=0.00, real=0.00 secs] 
360.604: Total time for which application threads were stopped: 0.0005390 seconds, Stopping threads took: 0.0000660 seconds
360.646: Application time: 0.0419130 seconds
360.646: [GC360.646: [ParNew: 15438K->798K(16640K), 0.0003900 secs] 18262K->3622K(55552K), 0.0004150 secs] [Times: user=0.00 sys=0.00, real=0.00 secs] 
360.647: Total time for which application threads were stopped: 0.0005290 seconds, Stopping threads took: 0.0000600 seconds
360.704: Application time: 0.0574460 seconds
360.704: [GC360.704: [ParNew: 15646K->682K(16640K), 0.0004400 secs] 18469K->3695K(55552K), 0.0004680 secs] [Times: user=0.00 sys=0.00, real=0.00 secs] 
360.705: Total time for which application threads were stopped: 0.0005870 seconds, Stopping threads took: 0.0000690 seconds
360.769: Application time: 0.0646600 seconds
360.770: [GC360.770: [ParNew: 15527K->706K(16640K), 0.0004260 secs] 18541K->3719K(55552K), 0.0004510 secs] [Times: user=0.00 sys=0.00, real=0.00 secs] 
360.770: Total time for which application threads were stopped: 0.0005610 seconds, Stopping threads took: 0.0000560 seconds
360.836: Application time: 0.0661450 seconds
360.836: [GC360.836: [ParNew: 15553K->725K(16640K), 0.0003930 secs] 18567K->3739K(55552K), 0.0004190 secs] [Times: user=0.00 sys=0.00, real=0.00 secs] 
360.837: Total time for which application threads were stopped: 0.0005440 seconds, Stopping threads took: 0.0000690 seconds
360.903: Application time: 0.0662570 seconds
360.903: [GC360.903: [ParNew: 15572K->689K(16640K), 0.0004220 secs] 18586K->3703K(55552K), 0.0004490 secs] [Times: user=0.00 sys=0.00, real=0.00 secs] 
360.904: Total time for which application threads were stopped: 0.0005660 seconds, Stopping threads took: 0.0000650 seconds
360.968: Application time: 0.0644420 seconds
360.968: [GC360.968: [ParNew: 15534K->723K(16640K), 0.0004350 secs] 18548K->3737K(55552K), 0.0004620 secs] [Times: user=0.00 sys=0.00, real=0.00 secs] 
360.969: Total time for which application threads were stopped: 0.0005760 seconds, Stopping threads took: 0.0000630 seconds
361.033: Application time: 0.0643170 seconds
361.033: [GC361.033: [ParNew: 15570K->819K(16640K), 0.0004250 secs] 18584K->3833K(55552K), 0.0004520 secs] [Times: user=0.00 sys=0.00, real=0.00 secs] 
361.033: Total time for which application threads were stopped: 0.0005720 seconds, Stopping threads took: 0.0000630 seconds
361.098: Application time: 0.0648730 seconds
361.098: [GC361.098: [ParNew: 15665K->710K(16640K), 0.0004520 secs] 18679K->3724K(55552K), 0.0004810 secs] [Times: user=0.00 sys=0.00, real=0.00 secs] 
361.099: Total time for which application threads were stopped: 0.0006030 seconds, Stopping threads took: 0.0000530 seconds
361.167: Application time: 0.0676410 seconds
361.167: [GC361.167: [ParNew: 15558K->706K(16640K), 0.0004340 secs] 18572K->3749K(55552K), 0.0004630 secs] [Times: user=0.00 sys=0.00, real=0.01 secs] 
361.167: Total time for which application threads were stopped: 0.0005650 seconds, Stopping threads took: 0.0000490 seconds
361.234: Application time: 0.0672140 seconds
361.234: [GC361.235: [ParNew: 15553K->702K(16640K), 0.0004120 secs] 18596K->3744K(55552K), 0.0004380 secs] [Times: user=0.00 sys=0.00, real=0.00 secs] 
361.235: Total time for which application threads were stopped: 0.0005630 seconds, Stopping threads took: 0.0000660 seconds
361.302: Application time: 0.0672160 seconds
361.302: [GC361.302: [ParNew: 15549K->726K(16640K), 0.0004070 secs] 18592K->3768K(55552K), 0.0004420 secs] [Times: user=0.01 sys=0.00, real=0.00 secs] 
361.303: Total time for which application threads were stopped: 0.0005480 seconds, Stopping threads took: 0.0000560 seconds
361.370: Application time: 0.0670720 seconds
361.370: [GC361.370: [ParNew: 15573K->553K(16640K), 0.0004390 secs] 18615K->3814K(55552K), 0.0004670 secs] [Times: user=0.01 sys=0.00, real=0.00 secs] 
361.370: Total time for which application threads were stopped: 0.0005910 seconds, Stopping threads took: 0.0000700 seconds
361.431: Application time: 0.0603180 seconds
361.431: [GC361.431: [ParNew: 15397K->426K(16640K), 0.0004270 secs] 18659K->3906K(55552K), 0.0004540 secs] [Times: user=0.00 sys=0.00, real=0.00 secs] 
361.431: Total time for which application threads were stopped: 0.0005630 seconds, Stopping threads took: 0.0000530 seconds
361.485: Application time: 0.0535130 seconds
361.485: [GC361.485: [ParNew: 15271K->294K(16640K), 0.0004140 secs] 18751K->3964K(55552K), 0.0004390 secs] [Times: user=0.01 sys=0.00, real=0.00 secs] 
361.485: Total time for which application threads were stopped: 0.0005600 seconds, Stopping threads took: 0.0000640 seconds
361.551: Application time: 0.0655100 seconds
361.551: [GC361.551: [ParNew: 15138K->238K(16640K), 0.0003430 secs] 18808K->3908K(55552K), 0.0003690 secs] [Times: user=0.00 sys=0.00, real=0.00 secs] 
361.551: Total time for which application threads were stopped: 0.0004880 seconds, Stopping threads took: 0.0000630 seconds
361.594: Application time: 0.0427650 seconds
361.595: [GC361.595: [ParNew: 14978K->762K(16640K), 0.0004650 secs] 18648K->4431K(55552K), 0.0004930 secs] [Times: user=0.00 sys=0.00, real=0.00 secs] 
361.596: Total time for which application threads were stopped: 0.0014930 seconds, Stopping threads took: 0.0009420 seconds
361.625: Application time: 0.0294990 seconds
361.625: [GC361.625: [ParNew: 15606K->1069K(16640K), 0.0004950 secs] 19276K->4739K(55552K), 0.0005210 secs] [Times: user=0.01 sys=0.00, real=0.00 secs] 
361.626: Total time for which application threads were stopped: 0.0006510 seconds, Stopping threads took: 0.0000590 seconds
361.669: Application time: 0.0434990 seconds
361.669: [GC361.669: [ParNew: 15912K->970K(16640K), 0.0005420 secs] 19582K->4858K(55552K), 0.0005680 secs] [Times: user=0.00 sys=0.00, real=0.00 secs] 
361.670: Total time for which application threads were stopped: 0.0006810 seconds, Stopping threads took: 0.0000570 seconds
361.732: Application time: 0.0619630 seconds
361.732: [GC361.732: [ParNew: 15817K->1039K(16640K), 0.0004610 secs] 19705K->4927K(55552K), 0.0004880 secs] [Times: user=0.00 sys=0.00, real=0.00 secs] 
361.733: Total time for which application threads were stopped: 0.0006060 seconds, Stopping threads took: 0.0000590 seconds
361.798: Application time: 0.0655950 seconds
361.798: [GC361.798: [ParNew: 15884K->1019K(16640K), 0.0004930 secs] 19773K->4908K(55552K), 0.0005200 secs] [Times: user=0.00 sys=0.00, real=0.00 secs] 
361.799: Total time for which application threads were stopped: 0.0006560 seconds, Stopping threads took: 0.0000770 seconds
361.863: Application time: 0.0637930 seconds
361.863: [GC361.863: [ParNew: 15864K->1220K(16640K), 0.0005030 secs] 19753K->5109K(55552K), 0.0005310 secs] [Times: user=0.00 sys=0.00, real=0.00 secs] 
361.863: Total time for which application threads were stopped: 0.0006610 seconds, Stopping threads took: 0.0000770 seconds
361.929: Application time: 0.0656310 seconds
361.931: [GC361.931: [ParNew: 16068K->970K(16640K), 0.0005440 secs] 19956K->5163K(55552K), 0.0005730 secs] [Times: user=0.01 sys=0.00, real=0.00 secs] 
361.932: Total time for which application threads were stopped: 0.0028880 seconds, Stopping threads took: 0.0022570 seconds
361.997: Application time: 0.0648360 seconds
361.997: [GC361.997: [ParNew: 15817K->1020K(16640K), 0.0004780 secs] 20010K->5213K(55552K), 0.0005050 secs] [Times: user=0.01 sys=0.00, real=0.00 secs] 
361.997: Total time for which application threads were stopped: 0.0006480 seconds, Stopping threads took: 0.0000760 seconds
362.058: Application time: 0.0602950 seconds
362.058: [GC362.058: [ParNew: 15866K->1097K(16640K), 0.0004670 secs] 20059K->5291K(55552K), 0.0004950 secs] [Times: user=0.00 sys=0.00, real=0.00 secs] 
362.058: Total time for which application threads were stopped: 0.0006040 seconds, Stopping threads took: 0.0000560 seconds
362.125: Application time: 0.0669240 seconds
362.125: [GC362.125: [ParNew: 15944K->873K(16640K), 0.0005330 secs] 20138K->5257K(55552K), 0.0005600 secs] [Times: user=0.00 sys=0.00, real=0.00 secs] 
362.126: Total time for which application threads were stopped: 0.0006600 seconds, Stopping threads took: 0.0000460 seconds
362.193: Application time: 0.0674020 seconds
362.193: [GC362.193: [ParNew: 15721K->902K(16640K), 0.0004380 secs] 20105K->5286K(55552K), 0.0004650 secs] [Times: user=0.00 sys=0.00, real=0.00 secs] 
362.194: Total time for which application threads were stopped: 0.0005930 seconds, Stopping threads took: 0.0000590 seconds
362.253: Application time: 0.0588350 seconds
362.253: [GC362.253: [ParNew: 15746K->1074K(16640K), 0.0004580 secs] 20130K->5458K(55552K), 0.0004860 secs] [Times: user=0.00 sys=0.00, real=0.00 secs] 
362.253: Total time for which application threads were stopped: 0.0006300 seconds, Stopping threads took: 0.0000940 seconds
362.307: Application time: 0.0539850 seconds
362.307: [GC362.307: [ParNew: 15921K->380K(16640K), 0.0005310 secs] 20305K->5524K(55552K), 0.0005600 secs] [Times: user=0.00 sys=0.00, real=0.00 secs] 
362.308: Total time for which application threads were stopped: 0.0006860 seconds, Stopping threads took: 0.0000730 seconds
362.360: Application time: 0.0520600 seconds
362.360: [GC362.360: [ParNew: 15228K->598K(16640K), 0.0004010 secs] 20372K->5742K(55552K), 0.0004260 secs] [Times: user=0.01 sys=0.00, real=0.00 secs] 
362.360: Total time for which application threads were stopped: 0.0005350 seconds, Stopping threads took: 0.0000570 seconds
362.400: Application time: 0.0397640 seconds
362.400: [GC362.400: [ParNew: 15443K->616K(16640K), 0.0003830 secs] 20587K->5760K(55552K), 0.0004100 secs] [Times: user=0.01 sys=0.00, real=0.00 secs] 
362.401: Total time for which application threads were stopped: 0.0005280 seconds, Stopping threads took: 0.0000600 seconds
362.463: Application time: 0.0626590 seconds
362.464: [GC362.464: [ParNew: 15386K->538K(16640K), 0.0004140 secs] 20529K->5682K(55552K), 0.0004400 secs] [Times: user=0.00 sys=0.00, real=0.00 secs] 
362.464: Total time for which application threads were stopped: 0.0005530 seconds, Stopping threads took: 0.0000620 seconds
362.530: Application time: 0.0655710 seconds
362.530: [GC362.530: [ParNew: 15385K->635K(16640K), 0.0004710 secs] 20529K->5779K(55552K), 0.0004970 secs] [Times: user=0.00 sys=0.00, real=0.00 secs] 
362.530: Total time for which application threads were stopped: 0.0006140 seconds, Stopping threads took: 0.0000600 seconds
362.596: Application time: 0.0661420 seconds
362.596: [GC362.596: [ParNew: 15483K->671K(16640K), 0.0003880 secs] 20627K->5815K(55552K), 0.0004140 secs] [Times: user=0.00 sys=0.00, real=0.00 secs] 
362.597: Total time for which application threads were stopped: 0.0005230 seconds, Stopping threads took: 0.0000510 seconds
362.662: Application time: 0.0651580 seconds
362.662: [GC362.662: [ParNew: 15517K->701K(16640K), 0.0004210 secs] 20661K->5845K(55552K), 0.0004500 secs] [Times: user=0.00 sys=0.00, real=0.00 secs] 
362.663: Total time for which application threads were stopped: 0.0005640 seconds, Stopping threads took: 0.0000620 seconds
362.728: Application time: 0.0655990 seconds
362.728: [GC362.728: [ParNew: 15548K->711K(16640K), 0.0004090 secs] 20692K->5855K(55552K), 0.0004350 secs] [Times: user=0.00 sys=0.00, real=0.00 secs] 
362.729: Total time for which application threads were stopped: 0.0005550 seconds, Stopping threads took: 0.0000540 seconds
362.792: Application time: 0.0636220 seconds
362.792: [GC362.792: [ParNew: 15557K->732K(16640K), 0.0004600 secs] 20701K->5876K(55552K), 0.0004950 secs] [Times: user=0.01 sys=0.00, real=0.00 secs] 
362.793: Total time for which application threads were stopped: 0.0005990 seconds, Stopping threads took: 0.0000440 seconds
362.858: Application time: 0.0655570 seconds
362.859: [GC362.859: [ParNew: 15578K->691K(16640K), 0.0004550 secs] 20722K->5864K(55552K), 0.0004830 secs] [Times: user=0.00 sys=0.00, real=0.01 secs] 
362.859: Total time for which application threads were stopped: 0.0006020 seconds, Stopping threads took: 0.0000690 seconds
362.926: Application time: 0.0672270 seconds
362.926: [GC362.926: [ParNew: 15539K->710K(16640K), 0.0004140 secs] 20711K->5882K(55552K), 0.0004420 secs] [Times: user=0.00 sys=0.00, real=0.00 secs] 
362.927: Total time for which application threads were stopped: 0.0005600 seconds, Stopping threads took: 0.0000620 seconds
362.994: Application time: 0.0670790 seconds
362.994: [GC362.994: [ParNew: 15557K->706K(16640K), 0.0004310 secs] 20729K->5879K(55552K), 0.0004590 secs] [Times: user=0.00 sys=0.00, real=0.00 secs] 
362.995: Total time for which application threads were stopped: 0.0005700 seconds, Stopping threads took: 0.0000530 seconds
363.062: Application time: 0.0670660 seconds
363.062: [GC363.062: [ParNew: 15553K->688K(16640K), 0.0004470 secs] 20726K->5889K(55552K), 0.0004720 secs] [Times: user=0.00 sys=0.00, real=0.00 secs] 
363.062: Total time for which application threads were stopped: 0.0005800 seconds, Stopping threads took: 0.0000560 seconds
363.129: Application time: 0.0668880 seconds
363.129: [GC363.129: [ParNew: 15535K->502K(16640K), 0.0004710 secs] 20736K->5893K(55552K), 0.0004990 secs] [Times: user=0.00 sys=0.00, real=0.00 secs] 
363.130: Total time for which application threads were stopped: 0.0006120 seconds, Stopping threads took: 0.0000580 seconds
363.185: Application time: 0.0552370 seconds
363.185: [GC363.185: [ParNew: 15348K->448K(16640K), 0.0004720 secs] 20739K->6029K(55552K), 0.0004990 secs] [Times: user=0.00 sys=0.00, real=0.00 secs] 
363.186: Total time for which application threads were stopped: 0.0006130 seconds, Stopping threads took: 0.0000560 seconds
363.243: Application time: 0.0576430 seconds
363.243: [GC363.243: [ParNew: 15294K->280K(16640K), 0.0005030 secs] 20875K->6080K(55552K), 0.0005310 secs] [Times: user=0.01 sys=0.00, real=0.00 secs] 
363.244: Total time for which application threads were stopped: 0.0006530 seconds, Stopping threads took: 0.0000510 seconds
363.301: Application time: 0.0576290 seconds
363.302: [GC363.302: [ParNew: 15126K->446K(16640K), 0.0004480 secs] 20926K->6245K(55552K), 0.0004750 secs] [Times: user=0.00 sys=0.00, real=0.00 secs] 
363.302: Total time for which application threads were stopped: 0.0005960 seconds, Stopping threads took: 0.0000610 seconds
363.343: Application time: 0.0405130 seconds
363.343: [GC363.343: [ParNew: 15292K->1090K(16640K), 0.0005460 secs] 21092K->6890K(55552K), 0.0005720 secs] [Times: user=0.01 sys=0.00, real=0.00 secs] 
363.343: Total time for which application threads were stopped: 0.0006830 seconds, Stopping threads took: 0.0000540 seconds
363.373: Application time: 0.0296580 seconds
363.373: [GC363.373: [ParNew: 15935K->871K(16640K), 0.0005790 secs] 21735K->6918K(55552K), 0.0006050 secs] [Times: user=0.01 sys=0.00, real=0.00 secs] 
363.374: Total time for which application threads were stopped: 0.0007140 seconds, Stopping threads took: 0.0000520 seconds
363.425: Application time: 0.0510680 seconds
363.425: [GC363.425: [ParNew: 15715K->929K(16640K), 0.0005190 secs] 21762K->6976K(55552K), 0.0005460 secs] [Times: user=0.00 sys=0.00, real=0.00 secs] 
363.425: Total time for which application threads were stopped: 0.0006550 seconds, Stopping threads took: 0.0000530 seconds
363.487: Application time: 0.0615830 seconds
363.487: [GC363.487: [ParNew: 15774K->960K(16640K), 0.0004790 secs] 21821K->7007K(55552K), 0.0005060 secs] [Times: user=0.01 sys=0.00, real=0.00 secs] 
363.488: Total time for which application threads were stopped: 0.0006290 seconds, Stopping threads took: 0.0000640 seconds
363.552: Application time: 0.0648790 seconds
363.553: [GC363.553: [ParNew: 15807K->989K(16640K), 0.0004930 secs] 21855K->7036K(55552K), 0.0005280 secs] [Times: user=0.01 sys=0.00, real=0.00 secs] 
363.553: Total time for which application threads were stopped: 0.0006580 seconds, Stopping threads took: 0.0000730 seconds
363.616: Application time: 0.0631810 seconds
363.616: [GC363.616: [ParNew: 15836K->1174K(16640K), 0.0005730 secs] 21884K->7221K(55552K), 0.0006000 secs] [Times: user=0.01 sys=0.00, real=0.00 secs] 
363.617: Total time for which application threads were stopped: 0.0007210 seconds, Stopping threads took: 0.0000680 seconds
363.683: Application time: 0.0654890 seconds
363.683: [GC363.683: [ParNew: 16021K->940K(16640K), 0.0005820 secs] 22068K->7262K(55552K), 0.0006110 secs] [Times: user=0.00 sys=0.00, real=0.00 secs] 
363.683: Total time for which application threads were stopped: 0.0007490 seconds, Stopping threads took: 0.0000810 seconds
363.747: Application time: 0.0636950 seconds
363.747: [GC363.747: [ParNew: 15784K->1021K(16640K), 0.0005040 secs] 22107K->7344K(55552K), 0.0005320 secs] [Times: user=0.01 sys=0.00, real=0.00 secs] 
363.748: Total time for which application threads were stopped: 0.0006780 seconds, Stopping threads took: 0.0000770 seconds
363.809: Application time: 0.0616990 seconds
363.809: [GC363.809: [ParNew: 15867K->1122K(16640K), 0.0004550 secs] 22190K->7446K(55552K), 0.0004820 secs] [Times: user=0.00 sys=0.00, real=0.00 secs] 
363.810: Total time for which application threads were stopped: 0.0005930 seconds, Stopping threads took: 0.0000620 seconds
363.877: Application time: 0.0666740 seconds
363.877: [GC363.877: [ParNew: 15969K->955K(16640K), 0.0004880 secs] 22293K->7469K(55552K), 0.0005160 secs] [Times: user=0.01 sys=0.00, real=0.00 secs] 
363.877: Total time for which application threads were stopped: 0.0006350 seconds, Stopping threads took: 0.0000630 seconds
363.944: Application time: 0.0665580 seconds
363.944: [GC363.944: [ParNew: 15803K->818K(16640K), 0.0005000 secs] 22317K->7331K(55552K), 0.0005250 secs] [Times: user=0.00 sys=0.00, real=0.00 secs] 
363.944: Total time for which application threads were stopped: 0.0006670 seconds, Stopping threads took: 0.0000850 seconds
363.996: Application time: 0.0515880 seconds
363.996: [GC363.996: [ParNew: 15662K->1057K(16640K), 0.0004590 secs] 22176K->7571K(55552K), 0.0004850 secs] [Times: user=0.01 sys=0.00, real=0.00 secs] 
363.997: Total time for which application threads were stopped: 0.0006000 seconds, Stopping threads took: 0.0000550 seconds
364.057: Application time: 0.0603820 seconds
364.057: [GC364.057: [ParNew: 15903K->858K(16640K), 0.0004680 secs] 22417K->7562K(55552K), 0.0004960 secs] [Times: user=0.00 sys=0.00, real=0.00 secs] 
364.058: Total time for which application threads were stopped: 0.0006090 seconds, Stopping threads took: 0.0000580 seconds
364.107: Application time: 0.0496310 seconds
364.107: [GC364.107: [ParNew: 15704K->1271K(16640K), 0.0004800 secs] 22408K->7974K(55552K), 0.0005080 secs] [Times: user=0.00 sys=0.00, real=0.00 secs] 
364.108: Total time for which application threads were stopped: 0.0006140 seconds, Stopping threads took: 0.0000560 seconds
364.150: Application time: 0.0416560 seconds
364.150: [GC364.150: [ParNew: 16117K->802K(16640K), 0.0006500 secs] 22821K->8076K(55552K), 0.0006770 secs] [Times: user=0.01 sys=0.00, real=0.00 secs] 
364.150: Total time for which application threads were stopped: 0.0008030 seconds, Stopping threads took: 0.0000700 seconds
364.213: Application time: 0.0626140 seconds
364.213: [GC364.213: [ParNew: 15648K->636K(16640K), 0.0004680 secs] 22922K->7910K(55552K), 0.0004950 secs] [Times: user=0.00 sys=0.00, real=0.00 secs] 
364.214: Total time for which application threads were stopped: 0.0006030 seconds, Stopping threads took: 0.0000570 seconds
364.280: Application time: 0.0661440 seconds
364.280: [GC364.280: [ParNew: 15483K->641K(16640K), 0.0003990 secs] 22757K->7914K(55552K), 0.0004280 secs] [Times: user=0.00 sys=0.00, real=0.00 secs] 
364.280: Total time for which application threads were stopped: 0.0005830 seconds, Stopping threads took: 0.0000890 seconds
364.347: Application time: 0.0662250 seconds
364.347: [GC364.347: [ParNew: 15488K->647K(16640K), 0.0004210 secs] 22762K->7921K(55552K), 0.0004580 secs] [Times: user=0.00 sys=0.00, real=0.01 secs] 
364.347: Total time for which application threads were stopped: 0.0005720 seconds, Stopping threads took: 0.0000560 seconds
364.411: Application time: 0.0641320 seconds
364.411: [GC364.411: [ParNew: 15494K->712K(16640K), 0.0004190 secs] 22768K->7986K(55552K), 0.0004460 secs] [Times: user=0.00 sys=0.00, real=0.00 secs] 
364.412: Total time for which application threads were stopped: 0.0005590 seconds, Stopping threads took: 0.0000630 seconds
364.478: Application time: 0.0659950 seconds
364.478: [GC364.478: [ParNew: 15560K->705K(16640K), 0.0004030 secs] 22834K->7979K(55552K), 0.0004300 secs] [Times: user=0.00 sys=0.00, real=0.00 secs] 
364.478: Total time for which application threads were stopped: 0.0005450 seconds, Stopping threads took: 0.0000600 seconds
364.541: Application time: 0.0626560 seconds
364.541: [GC364.541: [ParNew: 15548K->733K(16640K), 0.0004060 secs] 22822K->8007K(55552K), 0.0004320 secs] [Times: user=0.00 sys=0.00, real=0.00 secs] 
364.542: Total time for which application threads were stopped: 0.0005480 seconds, Stopping threads took: 0.0000570 seconds
364.608: Application time: 0.0667450 seconds
364.608: [GC364.608: [ParNew: 15580K->700K(16640K), 0.0004460 secs] 22854K->8003K(55552K), 0.0004750 secs] [Times: user=0.00 sys=0.00, real=0.00 secs] 
364.609: Total time for which application threads were stopped: 0.0005820 seconds, Stopping threads took: 0.0000550 seconds
364.676: Application time: 0.0671500 seconds
364.676: [GC364.676: [ParNew: 15548K->726K(16640K), 0.0004070 secs] 22850K->8029K(55552K), 0.0004340 secs] [Times: user=0.01 sys=0.00, real=0.00 secs] 
364.677: Total time for which application threads were stopped: 0.0005480 seconds, Stopping threads took: 0.0000590 seconds
364.744: Application time: 0.0677320 seconds
364.744: [GC364.744: [ParNew: 15573K->727K(16640K), 0.0004500 secs] 22876K->8029K(55552K), 0.0004780 secs] [Times: user=0.00 sys=0.00, real=0.00 secs] 
364.745: Total time for which application threads were stopped: 0.0006010 seconds, Stopping threads took: 0.0000650 seconds
364.812: Application time: 0.0671320 seconds
364.812: [GC364.812: [ParNew: 15574K->480K(16640K), 0.0005330 secs] 22877K->8002K(55552K), 0.0005660 secs] [Times: user=0.00 sys=0.00, real=0.00 secs] 
364.813: Total time for which application threads were stopped: 0.0006990 seconds, Stopping threads took: 0.0000720 seconds
364.880: Application time: 0.0669090 seconds
364.880: [GC364.880: [ParNew: 15328K->490K(16640K), 0.0004470 secs] 22849K->8011K(55552K), 0.0004740 secs] [Times: user=0.00 sys=0.00, real=0.00 secs] 
364.880: Total time for which application threads were stopped: 0.0005930 seconds, Stopping threads took: 0.0000640 seconds
364.934: Application time: 0.0533650 seconds
364.934: [GC364.934: [ParNew: 15337K->228K(16640K), 0.0004400 secs] 22858K->8158K(55552K), 0.0004670 secs] [Times: user=0.01 sys=0.00, real=0.00 secs] 
364.934: Total time for which application threads were stopped: 0.0005820 seconds, Stopping threads took: 0.0000580 seconds
364.994: Application time: 0.0596690 seconds
364.994: [GC364.994: [ParNew: 15071K->259K(16640K), 0.0003380 secs] 23001K->8188K(55552K), 0.0003670 secs] [Times: user=0.01 sys=0.00, real=0.00 secs] 
364.994: Total time for which application threads were stopped: 0.0005170 seconds, Stopping threads took: 0.0000920 seconds
365.049: Application time: 0.0546450 seconds
365.049: [GC365.049: [ParNew: 15104K->628K(16640K), 0.0003970 secs] 23034K->8558K(55552K), 0.0004230 secs] [Times: user=0.01 sys=0.00, real=0.00 secs] 
365.050: Total time for which application threads were stopped: 0.0005430 seconds, Stopping threads took: 0.0000630 seconds
365.080: Application time: 0.0299800 seconds
365.080: [GC365.080: [ParNew: 15474K->1078K(16640K), 0.0005130 secs] 23404K->9008K(55552K), 0.0005400 secs] [Times: user=0.00 sys=0.00, real=0.00 secs] 
365.080: Total time for which application threads were stopped: 0.0006670 seconds, Stopping threads took: 0.0000610 seconds
365.114: Application time: 0.0341620 seconds
365.115: [GC365.115: [ParNew: 15924K->905K(16640K), 0.0005440 secs] 23854K->9082K(55552K), 0.0005730 secs] [Times: user=0.00 sys=0.00, real=0.00 secs] 
365.115: Total time for which application threads were stopped: 0.0006840 seconds, Stopping threads took: 0.0000550 seconds
365.174: Application time: 0.0584110 seconds
365.174: [GC365.174: [ParNew: 15662K->817K(16640K), 0.0004160 secs] 23839K->8994K(55552K), 0.0004420 secs] [Times: user=0.00 sys=0.00, real=0.00 secs] 
365.174: Total time for which application threads were stopped: 0.0005630 seconds, Stopping threads took: 0.0000650 seconds
365.238: Application time: 0.0635880 seconds
365.238: [GC365.238: [ParNew: 15663K->951K(16640K), 0.0004570 secs] 23840K->9128K(55552K), 0.0004850 secs] [Times: user=0.00 sys=0.00, real=0.00 secs] 
365.238: Total time for which application threads were stopped: 0.0005910 seconds, Stopping threads took: 0.0000480 seconds
365.303: Application time: 0.0651710 seconds
365.304: [GC365.304: [ParNew: 15798K->988K(16640K), 0.0004760 secs] 23975K->9165K(55552K), 0.0005030 secs] [Times: user=0.01 sys=0.00, real=0.00 secs] 
365.304: Total time for which application threads were stopped: 0.0006400 seconds, Stopping threads took: 0.0000790 seconds
365.368: Application time: 0.0635370 seconds
365.368: [GC365.368: [ParNew: 15832K->1158K(16640K), 0.0005050 secs] 24009K->9336K(55552K), 0.0005320 secs] [Times: user=0.01 sys=0.00, real=0.00 secs] 
365.368: Total time for which application threads were stopped: 0.0006560 seconds, Stopping threads took: 0.0000650 seconds
365.434: Application time: 0.0653000 seconds
365.434: [GC365.434: [ParNew: 16004K->599K(16640K), 0.0005410 secs] 24181K->9303K(55552K), 0.0005680 secs] [Times: user=0.00 sys=0.00, real=0.00 secs] 
365.434: Total time for which application threads were stopped: 0.0006960 seconds, Stopping threads took: 0.0000700 seconds
365.496: Application time: 0.0614560 seconds
365.496: [GC365.496: [ParNew: 15445K->1166K(16640K), 0.0004690 secs] 24150K->9871K(55552K), 0.0004920 secs] [Times: user=0.00 sys=0.00, real=0.00 secs] 
365.496: Total time for which application threads were stopped: 0.0006080 seconds, Stopping threads took: 0.0000580 seconds
365.561: Application time: 0.0643590 seconds
365.561: [GC365.561: [ParNew: 16011K->1041K(16640K), 0.0005540 secs] 24715K->9874K(55552K), 0.0005810 secs] [Times: user=0.01 sys=0.00, real=0.00 secs] 
365.561: Total time for which application threads were stopped: 0.0006960 seconds, Stopping threads took: 0.0000640 seconds
365.628: Application time: 0.0669180 seconds
365.628: [GC365.628: [ParNew: 15889K->868K(16640K), 0.0005570 secs] 24722K->9892K(55552K), 0.0005850 secs] [Times: user=0.01 sys=0.00, real=0.00 secs] 
365.629: Total time for which application threads were stopped: 0.0007000 seconds, Stopping threads took: 0.0000590 seconds
365.696: Application time: 0.0669920 seconds
365.696: [GC365.696: [ParNew: 15716K->889K(16640K), 0.0004220 secs] 24739K->9913K(55552K), 0.0004470 secs] [Times: user=0.00 sys=0.00, real=0.00 secs] 
365.697: Total time for which application threads were stopped: 0.0005630 seconds, Stopping threads took: 0.0000590 seconds
365.746: Application time: 0.0494560 seconds
365.746: [GC365.746: [ParNew: 15736K->1073K(16640K), 0.0004850 secs] 24759K->10096K(55552K), 0.0005180 secs] [Times: user=0.00 sys=0.00, real=0.00 secs] 
365.747: Total time for which application threads were stopped: 0.0006570 seconds, Stopping threads took: 0.0000760 seconds
365.809: Application time: 0.0623730 seconds
365.809: [GC365.809: [ParNew: 15918K->707K(16640K), 0.0005000 secs] 24942K->10110K(55552K), 0.0005260 secs] [Times: user=0.01 sys=0.00, real=0.00 secs] 
365.810: Total time for which application threads were stopped: 0.0006410 seconds, Stopping threads took: 0.0000660 seconds
365.850: Application time: 0.0398800 seconds
365.850: [GC365.850: [ParNew: 15553K->1024K(16640K), 0.0004910 secs] 24956K->10428K(55552K), 0.0005280 secs] [Times: user=0.01 sys=0.00, real=0.00 secs] 
365.850: Total time for which application threads were stopped: 0.0006480 seconds, Stopping threads took: 0.0000560 seconds
365.901: Application time: 0.0509200 seconds
365.901: [GC365.901: [ParNew: 15870K->670K(16640K), 0.0005170 secs] 25274K->10453K(55552K), 0.0005430 secs] [Times: user=0.01 sys=0.00, real=0.00 secs] 
365.902: Total time for which application threads were stopped: 0.0006650 seconds, Stopping threads took: 0.0000540 seconds
365.965: Application time: 0.0630840 seconds
365.965: [GC365.965: [ParNew: 15518K->693K(16640K), 0.0004560 secs] 25301K->10477K(55552K), 0.0004810 secs] [Times: user=0.01 sys=0.00, real=0.00 secs] 
365.966: Total time for which application threads were stopped: 0.0005800 seconds, Stopping threads took: 0.0000500 seconds
366.032: Application time: 0.0660190 seconds
366.032: [GC366.032: [ParNew: 15541K->688K(16640K), 0.0004790 secs] 25324K->10471K(55552K), 0.0005100 secs] [Times: user=0.01 sys=0.00, real=0.00 secs] 
366.032: Total time for which application threads were stopped: 0.0006550 seconds, Stopping threads took: 0.0000840 seconds
366.098: Application time: 0.0659630 seconds
366.098: [GC366.098: [ParNew: 15535K->669K(16640K), 0.0005680 secs] 25318K->10452K(55552K), 0.0005970 secs] [Times: user=0.01 sys=0.00, real=0.00 secs] 
366.099: Total time for which application threads were stopped: 0.0007110 seconds, Stopping threads took: 0.0000540 seconds
366.163: Application time: 0.0638500 seconds
366.163: [GC366.163: [ParNew: 15516K->716K(16640K), 0.0004810 secs] 25300K->10499K(55552K), 0.0005110 secs] [Times: user=0.00 sys=0.00, real=0.00 secs] 
366.163: Total time for which application threads were stopped: 0.0006290 seconds, Stopping threads took: 0.0000630 seconds
366.230: Application time: 0.0662000 seconds
366.230: [GC366.230: [ParNew: 15563K->707K(16640K), 0.0003970 secs] 25347K->10490K(55552K), 0.0004240 secs] [Times: user=0.00 sys=0.00, real=0.00 secs] 
366.230: Total time for which application threads were stopped: 0.0005300 seconds, Stopping threads took: 0.0000510 seconds
366.293: Application time: 0.0627390 seconds
366.293: [GC366.293: [ParNew: 15551K->748K(16640K), 0.0004530 secs] 25334K->10531K(55552K), 0.0004820 secs] [Times: user=0.00 sys=0.00, real=0.00 secs] 
366.293: Total time for which application threads were stopped: 0.0006000 seconds, Stopping threads took: 0.0000590 seconds
366.360: Application time: 0.0667050 seconds
366.360: [GC366.360: [ParNew: 15595K->739K(16640K), 0.0004240 secs] 25378K->10551K(55552K), 0.0004510 secs] [Times: user=0.01 sys=0.00, real=0.00 secs] 
366.361: Total time for which application threads were stopped: 0.0005680 seconds, Stopping threads took: 0.0000670 seconds
366.428: Application time: 0.0668960 seconds
366.428: [GC366.428: [ParNew: 15587K->729K(16640K), 0.0004420 secs] 25399K->10541K(55552K), 0.0004690 secs] [Times: user=0.00 sys=0.00, real=0.00 secs] 
366.428: Total time for which application threads were stopped: 0.0005790 seconds, Stopping threads took: 0.0000470 seconds
366.495: Application time: 0.0670990 seconds
366.495: [GC366.495: [ParNew: 15576K->748K(16640K), 0.0004630 secs] 25388K->10560K(55552K), 0.0004920 secs] [Times: user=0.00 sys=0.00, real=0.00 secs] 
366.496: Total time for which application threads were stopped: 0.0006200 seconds, Stopping threads took: 0.0000700 seconds
366.563: Application time: 0.0672940 seconds
366.563: [GC366.563: [ParNew: 15594K->505K(16640K), 0.0004420 secs] 25406K->10535K(55552K), 0.0004700 secs] [Times: user=0.01 sys=0.00, real=0.00 secs] 
366.564: Total time for which application threads were stopped: 0.0005820 seconds, Stopping threads took: 0.0000580 seconds
366.631: Application time: 0.0673550 seconds
366.631: [GC366.631: [ParNew: 15352K->478K(16640K), 0.0003730 secs] 25383K->10509K(55552K), 0.0004000 secs] [Times: user=0.00 sys=0.00, real=0.00 secs] 
366.632: Total time for which application threads were stopped: 0.0005260 seconds, Stopping threads took: 0.0000740 seconds
366.684: Application time: 0.0524930 seconds
366.684: [GC366.684: [ParNew: 15322K->229K(16640K), 0.0004660 secs] 25353K->10668K(55552K), 0.0005000 secs] [Times: user=0.01 sys=0.00, real=0.00 secs] 
366.685: Total time for which application threads were stopped: 0.0006070 seconds, Stopping threads took: 0.0000500 seconds
366.746: Application time: 0.0611900 seconds
366.746: [GC366.746: [ParNew: 15073K->250K(16640K), 0.0003440 secs] 25512K->10689K(55552K), 0.0003710 secs] [Times: user=0.00 sys=0.00, real=0.00 secs] 
366.746: Total time for which application threads were stopped: 0.0005080 seconds, Stopping threads took: 0.0000800 seconds
366.793: Application time: 0.0466830 seconds
366.793: [GC366.793: [ParNew: 15097K->657K(16640K), 0.0004110 secs] 25536K->11097K(55552K), 0.0004380 secs] [Times: user=0.00 sys=0.00, real=0.00 secs] 
366.794: Total time for which application threads were stopped: 0.0005610 seconds, Stopping threads took: 0.0000650 seconds
366.822: Application time: 0.0285050 seconds
366.822: [GC366.822: [ParNew: 15503K->1087K(16640K), 0.0004930 secs] 25942K->11526K(55552K), 0.0005210 secs] [Times: user=0.00 sys=0.00, real=0.00 secs] 
366.823: Total time for which application threads were stopped: 0.0006420 seconds, Stopping threads took: 0.0000630 seconds
366.863: Application time: 0.0401210 seconds
366.863: [GC366.863: [ParNew: 15931K->899K(16640K), 0.0005390 secs] 26370K->11614K(55552K), 0.0005660 secs] [Times: user=0.01 sys=0.00, real=0.00 secs] 
366.864: Total time for which application threads were stopped: 0.0006760 seconds, Stopping threads took: 0.0000580 seconds
366.924: Application time: 0.0606180 seconds
366.924: [GC366.924: [ParNew: 15744K->922K(16640K), 0.0005080 secs] 26459K->11638K(55552K), 0.0005330 secs] [Times: user=0.01 sys=0.00, real=0.00 secs] 
366.925: Total time for which application threads were stopped: 0.0006490 seconds, Stopping threads took: 0.0000620 seconds
366.990: Application time: 0.0655430 seconds
366.991: [GC366.991: [ParNew: 15770K->926K(16640K), 0.0005160 secs] 26485K->11641K(55552K), 0.0005440 secs] [Times: user=0.00 sys=0.00, real=0.00 secs] 
366.991: Total time for which application threads were stopped: 0.0006480 seconds, Stopping threads took: 0.0000370 seconds
367.056: Application time: 0.0650020 seconds
367.056: [GC367.056: [ParNew: 15773K->951K(16640K), 0.0004370 secs] 26488K->11666K(55552K), 0.0004640 secs] [Times: user=0.00 sys=0.00, real=0.00 secs] 
367.057: Total time for which application threads were stopped: 0.0005780 seconds, Stopping threads took: 0.0000560 seconds
367.120: Application time: 0.0634050 seconds
367.120: [GC367.120: [ParNew: 15795K->1142K(16640K), 0.0005630 secs] 26511K->11858K(55552K), 0.0005900 secs] [Times: user=0.00 sys=0.00, real=0.00 secs] 
367.121: Total time for which application threads were stopped: 0.0007030 seconds, Stopping threads took: 0.0000600 seconds
367.186: Application time: 0.0652810 seconds
367.186: [GC367.186: [ParNew: 15990K->258K(16640K), 0.0005350 secs] 26705K->11791K(55552K), 0.0005600 secs] [Times: user=0.00 sys=0.00, real=0.00 secs] 
367.187: Total time for which application threads were stopped: 0.0006780 seconds, Stopping threads took: 0.0000620 seconds
367.247: Application time: 0.0598120 seconds
367.247: [GC367.247: [ParNew: 15106K->1011K(16640K), 0.0005290 secs] 26639K->12544K(55552K), 0.0005550 secs] [Times: user=0.00 sys=0.00, real=0.01 secs] 
367.247: Total time for which application threads were stopped: 0.0006700 seconds, Stopping threads took: 0.0000560 seconds
367.313: Application time: 0.0654790 seconds
367.313: [GC367.313: [ParNew: 15857K->855K(16640K), 0.0005440 secs] 27390K->12578K(55552K), 0.0005700 secs] [Times: user=0.00 sys=0.00, real=0.00 secs] 
367.313: Total time for which application threads were stopped: 0.0006830 seconds, Stopping threads took: 0.0000610 seconds
367.380: Application time: 0.0668590 seconds
367.380: [GC367.380: [ParNew: 15703K->860K(16640K), 0.0004850 secs] 27425K->12583K(55552K), 0.0005110 secs] [Times: user=0.01 sys=0.00, real=0.00 secs] 
367.381: Total time for which application threads were stopped: 0.0006180 seconds, Stopping threads took: 0.0000530 seconds
367.445: Application time: 0.0644700 seconds
367.445: [GC367.446: [ParNew: 15705K->1037K(16640K), 0.0005110 secs] 27428K->12759K(55552K), 0.0005470 secs] [Times: user=0.00 sys=0.00, real=0.00 secs] 
367.446: Total time for which application threads were stopped: 0.0006570 seconds, Stopping threads took: 0.0000530 seconds
367.494: Application time: 0.0484430 seconds
367.495: [GC367.495: [ParNew: 15881K->498K(16640K), 0.0005420 secs] 27604K->12791K(55552K), 0.0005680 secs] [Times: user=0.00 sys=0.00, real=0.00 secs] 
367.496: Total time for which application threads were stopped: 0.0012120 seconds, Stopping threads took: 0.0005700 seconds
367.556: Application time: 0.0599860 seconds
367.556: [GC367.556: [ParNew: 15342K->814K(16640K), 0.0004120 secs] 27635K->13107K(55552K), 0.0004390 secs] [Times: user=0.00 sys=0.00, real=0.00 secs] 
367.556: Total time for which application threads were stopped: 0.0005460 seconds, Stopping threads took: 0.0000490 seconds
367.592: Application time: 0.0356970 seconds
367.592: [GC367.592: [ParNew: 15658K->847K(16640K), 0.0004270 secs] 27951K->13140K(55552K), 0.0004540 secs] [Times: user=0.01 sys=0.00, real=0.00 secs] 
367.593: Total time for which application threads were stopped: 0.0005650 seconds, Stopping threads took: 0.0000520 seconds
367.653: Application time: 0.0607870 seconds
367.653: [GC367.653: [ParNew: 15693K->643K(16640K), 0.0004340 secs] 27986K->13126K(55552K), 0.0004600 secs] [Times: user=0.00 sys=0.00, real=0.00 secs] 
367.654: Total time for which application threads were stopped: 0.0005730 seconds, Stopping threads took: 0.0000560 seconds
367.718: Application time: 0.0637330 seconds
367.718: [GC367.718: [ParNew: 15488K->673K(16640K), 0.0004120 secs] 27971K->13156K(55552K), 0.0004410 secs] [Times: user=0.00 sys=0.00, real=0.00 secs] 
367.718: Total time for which application threads were stopped: 0.0005450 seconds, Stopping threads took: 0.0000520 seconds
367.784: Application time: 0.0660960 seconds
367.784: [GC367.784: [ParNew: 15520K->686K(16640K), 0.0004470 secs] 28003K->13169K(55552K), 0.0004750 secs] [Times: user=0.00 sys=0.00, real=0.00 secs] 
367.785: Total time for which application threads were stopped: 0.0005820 seconds, Stopping threads took: 0.0000500 seconds
367.851: Application time: 0.0662570 seconds
367.851: [GC367.851: [ParNew: 15533K->650K(16640K), 0.0004560 secs] 28016K->13132K(55552K), 0.0004800 secs] [Times: user=0.01 sys=0.00, real=0.00 secs] 
367.852: Total time for which application threads were stopped: 0.0006060 seconds, Stopping threads took: 0.0000700 seconds
367.916: Application time: 0.0639930 seconds
367.916: [GC367.916: [ParNew: 15497K->701K(16640K), 0.0004150 secs] 27980K->13184K(55552K), 0.0004420 secs] [Times: user=0.01 sys=0.00, real=0.00 secs] 
367.916: Total time for which application threads were stopped: 0.0005470 seconds, Stopping threads took: 0.0000530 seconds
367.981: Application time: 0.0647230 seconds
367.981: [GC367.981: [ParNew: 15545K->705K(16640K), 0.0004730 secs] 28028K->13188K(55552K), 0.0004990 secs] [Times: user=0.00 sys=0.00, real=0.00 secs] 
367.982: Total time for which application threads were stopped: 0.0006130 seconds, Stopping threads took: 0.0000590 seconds
368.046: Application time: 0.0645220 seconds
368.046: [GC368.046: [ParNew: 15553K->727K(16640K), 0.0005290 secs] 28036K->13210K(55552K), 0.0005570 secs] [Times: user=0.00 sys=0.00, real=0.00 secs] 
368.047: Total time for which application threads were stopped: 0.0006830 seconds, Stopping threads took: 0.0000600 seconds
368.114: Application time: 0.0669720 seconds
368.115: [GC368.115: [ParNew: 15574K->719K(16640K), 0.0005240 secs] 28057K->13231K(55552K), 0.0005530 secs] [Times: user=0.01 sys=0.00, real=0.00 secs] 
368.116: Total time for which application threads were stopped: 0.0019380 seconds, Stopping threads took: 0.0013320 seconds
368.183: Application time: 0.0671930 seconds
368.183: [GC368.183: [ParNew: 15567K->742K(16640K), 0.0004580 secs] 28078K->13253K(55552K), 0.0004850 secs] [Times: user=0.00 sys=0.01, real=0.00 secs] 
368.184: Total time for which application threads were stopped: 0.0005980 seconds, Stopping threads took: 0.0000510 seconds
368.251: Application time: 0.0670870 seconds
368.251: [GC368.251: [ParNew: 15589K->704K(16640K), 0.0004170 secs] 28101K->13216K(55552K), 0.0004470 secs] [Times: user=0.00 sys=0.00, real=0.00 secs] 
368.251: Total time for which application threads were stopped: 0.0005650 seconds, Stopping threads took: 0.0000610 seconds
368.318: Application time: 0.0669920 seconds
368.318: [GC368.318: [ParNew: 15551K->519K(16640K), 0.0004350 secs] 28063K->13249K(55552K), 0.0004630 secs] [Times: user=0.00 sys=0.00, real=0.00 secs] 
368.319: Total time for which application threads were stopped: 0.0005740 seconds, Stopping threads took: 0.0000600 seconds
368.384: Application time: 0.0654070 seconds
368.384: [GC368.384: [ParNew: 15366K->641K(16640K), 0.0004430 secs] 28096K->13371K(55552K), 0.0004700 secs] [Times: user=0.01 sys=0.00, real=0.00 secs] 
368.385: Total time for which application threads were stopped: 0.0005890 seconds, Stopping threads took: 0.0000640 seconds
368.433: Application time: 0.0484930 seconds
368.433: [GC368.433: [ParNew: 15485K->270K(16640K), 0.0004430 secs] 28215K->13409K(55552K), 0.0004710 secs] [Times: user=0.00 sys=0.00, real=0.00 secs] 
368.434: Total time for which application threads were stopped: 0.0006030 seconds, Stopping threads took: 0.0000760 seconds
368.499: Application time: 0.0647970 seconds
368.499: [GC368.499: [ParNew: 15117K->251K(16640K), 0.0003680 secs] 28256K->13390K(55552K), 0.0003960 secs] [Times: user=0.00 sys=0.00, real=0.01 secs] 
368.499: Total time for which application threads were stopped: 0.0005070 seconds, Stopping threads took: 0.0000540 seconds
368.539: Application time: 0.0402150 seconds
368.539: [GC368.539: [ParNew: 15097K->888K(16640K), 0.0004870 secs] 28236K->14027K(55552K), 0.0005140 secs] [Times: user=0.00 sys=0.00, real=0.00 secs] 
368.540: Total time for which application threads were stopped: 0.0006140 seconds, Stopping threads took: 0.0000430 seconds
368.568: Application time: 0.0281530 seconds
368.568: [GC368.568: [ParNew: 15734K->1103K(16640K), 0.0005000 secs] 28873K->14242K(55552K), 0.0005270 secs] [Times: user=0.01 sys=0.00, real=0.00 secs] 
368.569: Total time for which application threads were stopped: 0.0006510 seconds, Stopping threads took: 0.0000590 seconds
368.616: Application time: 0.0472930 seconds
368.616: [GC368.616: [ParNew: 15949K->977K(16640K), 0.0006000 secs] 29088K->14334K(55552K), 0.0006280 secs] [Times: user=0.01 sys=0.00, real=0.00 secs] 
368.617: Total time for which application threads were stopped: 0.0007460 seconds, Stopping threads took: 0.0000670 seconds
368.678: Application time: 0.0609660 seconds
368.678: [GC368.678: [ParNew: 15823K->958K(16640K), 0.0005470 secs] 29181K->14316K(55552K), 0.0005730 secs] [Times: user=0.00 sys=0.00, real=0.00 secs] 
368.678: Total time for which application threads were stopped: 0.0006830 seconds, Stopping threads took: 0.0000580 seconds
368.744: Application time: 0.0652700 seconds
368.744: [GC368.744: [ParNew: 15806K->1017K(16640K), 0.0004900 secs] 29163K->14374K(55552K), 0.0005170 secs] [Times: user=0.01 sys=0.00, real=0.00 secs] 
368.744: Total time for which application threads were stopped: 0.0006220 seconds, Stopping threads took: 0.0000470 seconds
368.808: Application time: 0.0640020 seconds
368.808: [GC368.808: [ParNew: 15861K->1190K(16640K), 0.0005680 secs] 29219K->14547K(55552K), 0.0005950 secs] [Times: user=0.00 sys=0.00, real=0.00 secs] 
368.809: Total time for which application threads were stopped: 0.0007150 seconds, Stopping threads took: 0.0000600 seconds
368.873: Application time: 0.0642290 seconds
368.873: [GC368.873: [ParNew: 16034K->340K(16640K), 0.0005700 secs] 29392K->14572K(55552K), 0.0005980 secs] [Times: user=0.00 sys=0.00, real=0.00 secs] 
368.874: Total time for which application threads were stopped: 0.0006990 seconds, Stopping threads took: 0.0000470 seconds
368.939: Application time: 0.0646390 seconds
368.939: [GC368.939: [ParNew: 15184K->422K(16640K), 0.0003670 secs] 29416K->14654K(55552K), 0.0004050 secs] [Times: user=0.00 sys=0.00, real=0.01 secs] 
368.939: Total time for which application threads were stopped: 0.0005220 seconds, Stopping threads took: 0.0000600 seconds
368.999: Application time: 0.0601860 seconds
368.999: [GC368.999: [ParNew: 15266K->987K(16640K), 0.0004720 secs] 29498K->15220K(55552K), 0.0004970 secs] [Times: user=0.01 sys=0.00, real=0.00 secs] 
369.000: Total time for which application threads were stopped: 0.0006060 seconds, Stopping threads took: 0.0000530 seconds
369.066: Application time: 0.0664750 seconds
369.067: [GC369.067: [ParNew: 15835K->813K(16640K), 0.0005640 secs] 30067K->15235K(55552K), 0.0005900 secs] [Times: user=0.00 sys=0.00, real=0.01 secs] 
369.067: Total time for which application threads were stopped: 0.0007260 seconds, Stopping threads took: 0.0000850 seconds
369.134: Application time: 0.0668650 seconds
369.134: [GC369.134: [ParNew: 15661K->827K(16640K), 0.0004840 secs] 30083K->15249K(55552K), 0.0005110 secs] [Times: user=0.00 sys=0.00, real=0.00 secs] 
369.135: Total time for which application threads were stopped: 0.0006430 seconds, Stopping threads took: 0.0000650 seconds
369.192: Application time: 0.0573390 seconds
369.192: [GC369.192: [ParNew: 15673K->1067K(16640K), 0.0004590 secs] 30095K->15489K(55552K), 0.0004870 secs] [Times: user=0.00 sys=0.00, real=0.00 secs] 
369.193: Total time for which application threads were stopped: 0.0006080 seconds, Stopping threads took: 0.0000620 seconds
369.248: Application time: 0.0552670 seconds
369.248: [GC369.248: [ParNew: 15912K->302K(16640K), 0.0005050 secs] 30334K->15484K(55552K), 0.0005310 secs] [Times: user=0.00 sys=0.00, real=0.00 secs] 
369.249: Total time for which application threads were stopped: 0.0006440 seconds, Stopping threads took: 0.0000550 seconds
369.298: Application time: 0.0494970 seconds
369.298: [GC369.298: [ParNew: 15145K->601K(16640K), 0.0003810 secs] 30327K->15783K(55552K), 0.0004090 secs] [Times: user=0.00 sys=0.00, real=0.00 secs] 
369.299: Total time for which application threads were stopped: 0.0005310 seconds, Stopping threads took: 0.0000630 seconds
369.341: Application time: 0.0422350 seconds
369.341: [GC369.341: [ParNew: 15449K->604K(16640K), 0.0003850 secs] 30631K->15786K(55552K), 0.0004100 secs] [Times: user=0.00 sys=0.00, real=0.00 secs] 
369.341: Total time for which application threads were stopped: 0.0005040 seconds, Stopping threads took: 0.0000370 seconds
369.404: Application time: 0.0628600 seconds
369.404: [GC369.404: [ParNew: 15449K->637K(16640K), 0.0004090 secs] 30632K->15820K(55552K), 0.0004350 secs] [Times: user=0.00 sys=0.00, real=0.00 secs] 
369.405: Total time for which application threads were stopped: 0.0005490 seconds, Stopping threads took: 0.0000580 seconds
369.471: Application time: 0.0663690 seconds
369.471: [GC369.471: [ParNew: 15485K->659K(16640K), 0.0004120 secs] 30667K->15841K(55552K), 0.0004400 secs] [Times: user=0.00 sys=0.00, real=0.00 secs] 
369.472: Total time for which application threads were stopped: 0.0005430 seconds, Stopping threads took: 0.0000510 seconds
369.538: Application time: 0.0667940 seconds
369.539: [GC369.539: [ParNew: 15504K->683K(16640K), 0.0003900 secs] 30686K->15865K(55552K), 0.0004150 secs] [Times: user=0.01 sys=0.00, real=0.00 secs] 
369.539: Total time for which application threads were stopped: 0.0005350 seconds, Stopping threads took: 0.0000660 seconds
369.604: Application time: 0.0648300 seconds
369.604: [GC369.604: [ParNew: 15531K->717K(16640K), 0.0004200 secs] 30713K->15900K(55552K), 0.0004470 secs] [Times: user=0.00 sys=0.00, real=0.00 secs] 
369.604: Total time for which application threads were stopped: 0.0005700 seconds, Stopping threads took: 0.0000640 seconds
369.670: Application time: 0.0657260 seconds
369.670: [GC369.670: [ParNew: 15565K->719K(16640K), 0.0004260 secs] 30747K->15902K(55552K), 0.0004530 secs] [Times: user=0.01 sys=0.00, real=0.00 secs] 
369.671: Total time for which application threads were stopped: 0.0005690 seconds, Stopping threads took: 0.0000550 seconds
369.734: Application time: 0.0629520 seconds
369.735: [GC369.735: [ParNew: 15567K->752K(16640K), 0.0005080 secs] 30749K->15934K(55552K), 0.0005440 secs] [Times: user=0.00 sys=0.00, real=0.00 secs] 
369.736: Total time for which application threads were stopped: 0.0021130 seconds, Stopping threads took: 0.0015140 seconds
369.803: Application time: 0.0668810 seconds
369.803: [GC369.803: [ParNew: 15599K->756K(16640K), 0.0004470 secs] 30781K->15967K(55552K), 0.0004740 secs] [Times: user=0.00 sys=0.00, real=0.00 secs] 
369.803: Total time for which application threads were stopped: 0.0006100 seconds, Stopping threads took: 0.0000790 seconds
369.870: Application time: 0.0671420 seconds
369.870: [GC369.871: [ParNew: 15603K->741K(16640K), 0.0032770 secs] 30814K->15952K(55552K), 0.0033100 secs] [Times: user=0.00 sys=0.00, real=0.00 secs] 
369.874: Total time for which application threads were stopped: 0.0034200 seconds, Stopping threads took: 0.0000570 seconds
369.941: Application time: 0.0675480 seconds
369.941: [GC369.941: [ParNew: 15589K->725K(16640K), 0.0004640 secs] 30800K->15935K(55552K), 0.0004930 secs] [Times: user=0.00 sys=0.00, real=0.00 secs] 
369.942: Total time for which application threads were stopped: 0.0006190 seconds, Stopping threads took: 0.0000690 seconds
370.009: Application time: 0.0673680 seconds
370.009: [GC370.009: [ParNew: 15572K->709K(16640K), 0.0004700 secs] 30783K->15949K(55552K), 0.0004960 secs] [Times: user=0.00 sys=0.00, real=0.00 secs] 
370.010: Total time for which application threads were stopped: 0.0006110 seconds, Stopping threads took: 0.0000600 seconds
370.077: Application time: 0.0672160 seconds
370.077: [GC370.077: [ParNew: 15557K->546K(16640K), 0.0004590 secs] 30796K->15975K(55552K), 0.0004880 secs] [Times: user=0.00 sys=0.00, real=0.00 secs] 
370.078: Total time for which application threads were stopped: 0.0006120 seconds, Stopping threads took: 0.0000700 seconds
370.138: Application time: 0.0604470 seconds
370.138: [GC370.138: [ParNew: 15390K->227K(16640K), 0.0004290 secs] 30819K->16066K(55552K), 0.0004560 secs] [Times: user=0.00 sys=0.00, real=0.00 secs] 
370.139: Total time for which application threads were stopped: 0.0005760 seconds, Stopping threads took: 0.0000610 seconds
370.192: Application time: 0.0536300 seconds
370.193: [GC370.193: [ParNew: 15075K->240K(16640K), 0.0003230 secs] 30913K->16078K(55552K), 0.0003510 secs] [Times: user=0.00 sys=0.00, real=0.00 secs] 
370.193: Total time for which application threads were stopped: 0.0004610 seconds, Stopping threads took: 0.0000430 seconds
370.257: Application time: 0.0642650 seconds
370.257: [GC370.257: [ParNew: 15085K->429K(16640K), 0.0004040 secs] 30923K->16267K(55552K), 0.0004290 secs] [Times: user=0.00 sys=0.00, real=0.00 secs] 
370.258: Total time for which application threads were stopped: 0.0005410 seconds, Stopping threads took: 0.0000550 seconds
370.295: Application time: 0.0376700 seconds
370.295: [GC370.296: [ParNew: 15274K->899K(16640K), 0.0004630 secs] 31112K->16737K(55552K), 0.0004880 secs] [Times: user=0.01 sys=0.00, real=0.00 secs] 
370.296: Total time for which application threads were stopped: 0.0005940 seconds, Stopping threads took: 0.0000470 seconds
370.326: Application time: 0.0302700 seconds
370.326: [GC370.326: [ParNew: 15745K->1089K(16640K), 0.0004980 secs] 31584K->16927K(55552K), 0.0005230 secs] [Times: user=0.01 sys=0.00, real=0.00 secs] 
370.327: Total time for which application threads were stopped: 0.0006360 seconds, Stopping threads took: 0.0000580 seconds
370.375: Application time: 0.0477670 seconds
370.375: [GC370.375: [ParNew: 15935K->972K(16640K), 0.0006130 secs] 31773K->17029K(55552K), 0.0006420 secs] [Times: user=0.00 sys=0.00, real=0.00 secs] 
370.375: Total time for which application threads were stopped: 0.0007590 seconds, Stopping threads took: 0.0000620 seconds
370.437: Application time: 0.0613460 seconds
370.437: [GC370.437: [ParNew: 15817K->1019K(16640K), 0.0004930 secs] 31873K->17076K(55552K), 0.0005190 secs] [Times: user=0.00 sys=0.00, real=0.00 secs] 
370.437: Total time for which application threads were stopped: 0.0006340 seconds, Stopping threads took: 0.0000510 seconds
370.504: Application time: 0.0662750 seconds
370.504: [GC370.504: [ParNew: 15865K->970K(16640K), 0.0005000 secs] 31921K->17027K(55552K), 0.0005270 secs] [Times: user=0.01 sys=0.00, real=0.00 secs] 
370.504: Total time for which application threads were stopped: 0.0006490 seconds, Stopping threads took: 0.0000640 seconds
370.568: Application time: 0.0633470 seconds
370.568: [GC370.568: [ParNew: 15815K->1228K(16640K), 0.0004810 secs] 31872K->17285K(55552K), 0.0005070 secs] [Times: user=0.00 sys=0.00, real=0.00 secs] 
370.568: Total time for which application threads were stopped: 0.0006130 seconds, Stopping threads took: 0.0000560 seconds
370.633: Application time: 0.0651120 seconds
370.634: [GC370.634: [ParNew: 16075K->955K(16640K), 0.0005230 secs] 32132K->17316K(55552K), 0.0005500 secs] [Times: user=0.00 sys=0.00, real=0.00 secs] 
370.634: Total time for which application threads were stopped: 0.0006670 seconds, Stopping threads took: 0.0000620 seconds
370.698: Application time: 0.0640050 seconds
370.698: [GC370.698: [ParNew: 15801K->1014K(16640K), 0.0004440 secs] 32162K->17375K(55552K), 0.0004710 secs] [Times: user=0.00 sys=0.00, real=0.00 secs] 
370.699: Total time for which application threads were stopped: 0.0006000 seconds, Stopping threads took: 0.0000610 seconds
370.759: Application time: 0.0606860 seconds
370.760: [GC370.760: [ParNew: 15858K->1043K(16640K), 0.0005190 secs] 32219K->17405K(55552K), 0.0005460 secs] [Times: user=0.00 sys=0.00, real=0.00 secs] 
370.760: Total time for which application threads were stopped: 0.0006810 seconds, Stopping threads took: 0.0000760 seconds
370.827: Application time: 0.0664620 seconds
370.827: [GC370.827: [ParNew: 15890K->886K(16640K), 0.0005190 secs] 32252K->17438K(55552K), 0.0005460 secs] [Times: user=0.00 sys=0.00, real=0.01 secs] 
370.827: Total time for which application threads were stopped: 0.0006630 seconds, Stopping threads took: 0.0000630 seconds
370.894: Application time: 0.0669200 seconds
370.894: [GC370.894: [ParNew: 15733K->837K(16640K), 0.0004740 secs] 32285K->17389K(55552K), 0.0005010 secs] [Times: user=0.00 sys=0.00, real=0.00 secs] 
370.895: Total time for which application threads were stopped: 0.0006230 seconds, Stopping threads took: 0.0000650 seconds
370.946: Application time: 0.0509950 seconds
370.946: [GC370.946: [ParNew: 15684K->1045K(16640K), 0.0005380 secs] 32236K->17597K(55552K), 0.0005640 secs] [Times: user=0.00 sys=0.00, real=0.00 secs] 
370.946: Total time for which application threads were stopped: 0.0006990 seconds, Stopping threads took: 0.0000780 seconds
371.008: Application time: 0.0611050 seconds
371.008: [GC371.008: [ParNew: 15891K->848K(16640K), 0.0005250 secs] 32443K->17590K(55552K), 0.0005520 secs] [Times: user=0.00 sys=0.00, real=0.00 secs] 
371.008: Total time for which application threads were stopped: 0.0006870 seconds, Stopping threads took: 0.0000770 seconds
371.046: Application time: 0.0382220 seconds
371.047: [GC371.047: [ParNew: 15692K->1229K(16640K), 0.0005480 secs] 32434K->17971K(55552K), 0.0005750 secs] [Times: user=0.00 sys=0.00, real=0.01 secs] 
371.047: Total time for which application threads were stopped: 0.0006850 seconds, Stopping threads took: 0.0000520 seconds
371.100: Application time: 0.0524050 seconds
371.100: [GC371.100: [ParNew: 16075K->755K(16640K), 0.0006090 secs] 32817K->18067K(55552K), 0.0006320 secs] [Times: user=0.00 sys=0.00, real=0.00 secs] 
371.100: Total time for which application threads were stopped: 0.0007630 seconds, Stopping threads took: 0.0000730 seconds
371.163: Application time: 0.0630090 seconds
371.163: [GC371.163: [ParNew: 15600K->647K(16640K), 0.0004230 secs] 32912K->17959K(55552K), 0.0004510 secs] [Times: user=0.00 sys=0.00, real=0.00 secs] 
371.164: Total time for which application threads were stopped: 0.0005660 seconds, Stopping threads took: 0.0000570 seconds
371.230: Application time: 0.0660490 seconds
371.230: [GC371.230: [ParNew: 15492K->642K(16640K), 0.0004330 secs] 32805K->17954K(55552K), 0.0004690 secs] [Times: user=0.00 sys=0.00, real=0.00 secs] 
371.231: Total time for which application threads were stopped: 0.0005850 seconds, Stopping threads took: 0.0000490 seconds
371.297: Application time: 0.0662370 seconds
371.297: [GC371.297: [ParNew: 15490K->648K(16640K), 0.0004350 secs] 32802K->17960K(55552K), 0.0004630 secs] [Times: user=0.01 sys=0.00, real=0.00 secs] 
371.297: Total time for which application threads were stopped: 0.0006030 seconds, Stopping threads took: 0.0000830 seconds
371.361: Application time: 0.0639710 seconds
371.361: [GC371.361: [ParNew: 15496K->702K(16640K), 0.0005420 secs] 32808K->18014K(55552K), 0.0005690 secs] [Times: user=0.00 sys=0.00, real=0.00 secs] 
371.362: Total time for which application threads were stopped: 0.0007120 seconds, Stopping threads took: 0.0000860 seconds
371.428: Application time: 0.0659550 seconds
371.428: [GC371.428: [ParNew: 15549K->699K(16640K), 0.0005050 secs] 32861K->18011K(55552K), 0.0005330 secs] [Times: user=0.01 sys=0.00, real=0.00 secs] 
371.429: Total time for which application threads were stopped: 0.0006490 seconds, Stopping threads took: 0.0000640 seconds
371.494: Application time: 0.0649330 seconds
371.494: [GC371.494: [ParNew: 15546K->756K(16640K), 0.0004060 secs] 32858K->18068K(55552K), 0.0004330 secs] [Times: user=0.00 sys=0.00, real=0.00 secs] 
371.494: Total time for which application threads were stopped: 0.0005430 seconds, Stopping threads took: 0.0000540 seconds
371.561: Application time: 0.0665940 seconds
371.561: [GC371.561: [ParNew: 15603K->716K(16640K), 0.0004340 secs] 32915K->18057K(55552K), 0.0004620 secs] [Times: user=0.00 sys=0.00, real=0.00 secs] 
371.561: Total time for which application threads were stopped: 0.0005850 seconds, Stopping threads took: 0.0000640 seconds
371.628: Application time: 0.0669430 seconds
371.628: [GC371.628: [ParNew: 15563K->726K(16640K), 0.0004110 secs] 32904K->18066K(55552K), 0.0004380 secs] [Times: user=0.00 sys=0.00, real=0.00 secs] 
371.629: Total time for which application threads were stopped: 0.0005440 seconds, Stopping threads took: 0.0000530 seconds
371.696: Application time: 0.0674690 seconds
371.696: [GC371.696: [ParNew: 15573K->728K(16640K), 0.0005020 secs] 32914K->18069K(55552K), 0.0005300 secs] [Times: user=0.00 sys=0.00, real=0.00 secs] 
371.697: Total time for which application threads were stopped: 0.0006490 seconds, Stopping threads took: 0.0000610 seconds
371.764: Application time: 0.0670510 seconds
371.764: [GC371.764: [ParNew: 15575K->533K(16640K), 0.0004920 secs] 32916K->18093K(55552K), 0.0005200 secs] [Times: user=0.01 sys=0.00, real=0.00 secs] 
371.765: Total time for which application threads were stopped: 0.0006500 seconds, Stopping threads took: 0.0000630 seconds
371.832: Application time: 0.0671270 seconds
371.832: [GC371.832: [ParNew: 15381K->475K(16640K), 0.0003990 secs] 32940K->18034K(55552K), 0.0004260 secs] [Times: user=0.00 sys=0.00, real=0.00 secs] 
371.832: Total time for which application threads were stopped: 0.0005480 seconds, Stopping threads took: 0.0000670 seconds
371.887: Application time: 0.0547860 seconds
371.887: [GC371.887: [ParNew: 15321K->247K(16640K), 0.0005330 secs] 32880K->18217K(55552K), 0.0005590 secs] [Times: user=0.00 sys=0.00, real=0.00 secs] 
371.888: Total time for which application threads were stopped: 0.0006660 seconds, Stopping threads took: 0.0000500 seconds
371.946: Application time: 0.0580630 seconds
371.946: [GC371.946: [ParNew: 15092K->248K(16640K), 0.0003620 secs] 33062K->18218K(55552K), 0.0003870 secs] [Times: user=0.01 sys=0.00, real=0.00 secs] 
371.946: Total time for which application threads were stopped: 0.0004890 seconds, Stopping threads took: 0.0000440 seconds
372.005: Application time: 0.0582630 seconds
372.005: [GC372.005: [ParNew: 15095K->452K(16640K), 0.0004010 secs] 33065K->18422K(55552K), 0.0004260 secs] [Times: user=0.00 sys=0.00, real=0.00 secs] 
372.005: Total time for which application threads were stopped: 0.0005280 seconds, Stopping threads took: 0.0000450 seconds
372.046: Application time: 0.0413130 seconds
372.047: [GC372.047: [ParNew: 15298K->906K(16640K), 0.0005670 secs] 33267K->18876K(55552K), 0.0006080 secs] [Times: user=0.00 sys=0.00, real=0.01 secs] 
372.047: Total time for which application threads were stopped: 0.0007300 seconds, Stopping threads took: 0.0000590 seconds
372.078: Application time: 0.0308820 seconds
372.078: [GC372.078: [ParNew: 15750K->1099K(16640K), 0.0005890 secs] 33720K->19069K(55552K), 0.0006160 secs] [Times: user=0.00 sys=0.00, real=0.00 secs] 
372.079: Total time for which application threads were stopped: 0.0007240 seconds, Stopping threads took: 0.0000510 seconds
372.131: Application time: 0.0521630 seconds
372.131: [GC372.131: [ParNew: 15947K->973K(16640K), 0.0006100 secs] 33917K->19190K(55552K), 0.0006380 secs] [Times: user=0.00 sys=0.00, real=0.00 secs] 
372.132: Total time for which application threads were stopped: 0.0007540 seconds, Stopping threads took: 0.0000590 seconds
372.194: Application time: 0.0618510 seconds
372.194: [GC372.194: [ParNew: 15817K->942K(16640K), 0.0005400 secs] 34035K->19159K(55552K), 0.0005660 secs] [Times: user=0.00 sys=0.00, real=0.00 secs] 
372.194: Total time for which application threads were stopped: 0.0006900 seconds, Stopping threads took: 0.0000680 seconds
372.259: Application time: 0.0648860 seconds
372.259: [GC372.259: [ParNew: 15789K->993K(16640K), 0.0005140 secs] 34006K->19210K(55552K), 0.0005410 secs] [Times: user=0.01 sys=0.00, real=0.00 secs] 
372.260: Total time for which application threads were stopped: 0.0006930 seconds, Stopping threads took: 0.0000930 seconds
372.323: Application time: 0.0636480 seconds
372.324: [GC372.324: [ParNew: 15837K->1191K(16640K), 0.0004990 secs] 34054K->19408K(55552K), 0.0005250 secs] [Times: user=0.00 sys=0.00, real=0.00 secs] 
372.324: Total time for which application threads were stopped: 0.0006590 seconds, Stopping threads took: 0.0000750 seconds
372.389: Application time: 0.0653170 seconds
372.390: [GC372.390: [ParNew: 16036K->908K(16640K), 0.0005280 secs] 34254K->19401K(55552K), 0.0005550 secs] [Times: user=0.00 sys=0.00, real=0.00 secs] 
372.390: Total time for which application threads were stopped: 0.0006660 seconds, Stopping threads took: 0.0000530 seconds
372.453: Application time: 0.0627530 seconds
372.453: [GC372.453: [ParNew: 15753K->1075K(16640K), 0.0004510 secs] 34246K->19568K(55552K), 0.0004790 secs] [Times: user=0.00 sys=0.00, real=0.00 secs] 
372.453: Total time for which application threads were stopped: 0.0005950 seconds, Stopping threads took: 0.0000570 seconds
372.516: Application time: 0.0620450 seconds
372.519: [GC372.519: [ParNew: 15921K->1086K(16640K), 0.0005670 secs] 34414K->19580K(55552K), 0.0005940 secs] [Times: user=0.00 sys=0.00, real=0.00 secs] 
372.520: Total time for which application threads were stopped: 0.0042190 seconds, Stopping threads took: 0.0035720 seconds
372.587: Application time: 0.0670960 seconds
372.587: [GC372.587: [ParNew: 15932K->964K(16640K), 0.0004740 secs] 34425K->19648K(55552K), 0.0005000 secs] [Times: user=0.00 sys=0.00, real=0.01 secs] 
372.587: Total time for which application threads were stopped: 0.0006410 seconds, Stopping threads took: 0.0000860 seconds
372.653: Application time: 0.0653930 seconds
372.653: [GC372.653: [ParNew: 15809K->1016K(16640K), 0.0004380 secs] 34493K->19700K(55552K), 0.0004660 secs] [Times: user=0.01 sys=0.00, real=0.00 secs] 
372.653: Total time for which application threads were stopped: 0.0005760 seconds, Stopping threads took: 0.0000540 seconds
372.701: Application time: 0.0478610 seconds
372.701: [GC372.701: [ParNew: 15862K->963K(16640K), 0.0004930 secs] 34546K->19837K(55552K), 0.0005190 secs] [Times: user=0.00 sys=0.00, real=0.00 secs] 
372.702: Total time for which application threads were stopped: 0.0006370 seconds, Stopping threads took: 0.0000600 seconds
372.757: Application time: 0.0555330 seconds
372.758: [GC372.758: [ParNew: 15807K->961K(16640K), 0.0004810 secs] 34681K->19835K(55552K), 0.0005080 secs] [Times: user=0.00 sys=0.00, real=0.00 secs] 
372.758: Total time for which application threads were stopped: 0.0006210 seconds, Stopping threads took: 0.0000540 seconds
372.803: Application time: 0.0447910 seconds
372.803: [GC372.803: [ParNew: 15806K->725K(16640K), 0.0005380 secs] 34680K->20169K(55552K), 0.0005810 secs] [Times: user=0.00 sys=0.00, real=0.00 secs] 
372.804: Total time for which application threads were stopped: 0.0007030 seconds, Stopping threads took: 0.0000630 seconds
372.858: Application time: 0.0541090 seconds
372.858: [GC372.858: [ParNew: 15572K->653K(16640K), 0.0003880 secs] 35015K->20097K(55552K), 0.0004120 secs] [Times: user=0.00 sys=0.00, real=0.00 secs] 
372.858: Total time for which application threads were stopped: 0.0005330 seconds, Stopping threads took: 0.0000570 seconds
372.923: Application time: 0.0652380 seconds
372.924: [GC372.924: [ParNew: 15501K->628K(16640K), 0.0003920 secs] 34944K->20072K(55552K), 0.0004170 secs] [Times: user=0.00 sys=0.00, real=0.00 secs] 
372.924: Total time for which application threads were stopped: 0.0005470 seconds, Stopping threads took: 0.0000800 seconds
372.990: Application time: 0.0658710 seconds
372.990: [GC372.990: [ParNew: 15475K->636K(16640K), 0.0004600 secs] 34919K->20079K(55552K), 0.0004890 secs] [Times: user=0.00 sys=0.00, real=0.00 secs] 
372.991: Total time for which application threads were stopped: 0.0006290 seconds, Stopping threads took: 0.0000820 seconds
373.056: Application time: 0.0658790 seconds
373.057: [GC373.057: [ParNew: 15483K->654K(16640K), 0.0005060 secs] 34927K->20098K(55552K), 0.0005330 secs] [Times: user=0.00 sys=0.00, real=0.00 secs] 
373.057: Total time for which application threads were stopped: 0.0006540 seconds, Stopping threads took: 0.0000630 seconds
373.122: Application time: 0.0645810 seconds
373.122: [GC373.122: [ParNew: 15501K->713K(16640K), 0.0004020 secs] 34944K->20156K(55552K), 0.0004260 secs] [Times: user=0.01 sys=0.00, real=0.00 secs] 
373.122: Total time for which application threads were stopped: 0.0005320 seconds, Stopping threads took: 0.0000570 seconds
373.186: Application time: 0.0642310 seconds
373.187: [GC373.187: [ParNew: 15557K->699K(16640K), 0.0004710 secs] 35001K->20142K(55552K), 0.0004960 secs] [Times: user=0.00 sys=0.00, real=0.00 secs] 
373.187: Total time for which application threads were stopped: 0.0005970 seconds, Stopping threads took: 0.0000450 seconds
373.252: Application time: 0.0650760 seconds
373.252: [GC373.252: [ParNew: 15543K->713K(16640K), 0.0005000 secs] 34987K->20185K(55552K), 0.0005270 secs] [Times: user=0.00 sys=0.00, real=0.00 secs] 
373.253: Total time for which application threads were stopped: 0.0006440 seconds, Stopping threads took: 0.0000580 seconds
373.319: Application time: 0.0666710 seconds
373.320: [GC373.320: [ParNew: 15560K->735K(16640K), 0.0004580 secs] 35033K->20207K(55552K), 0.0004880 secs] [Times: user=0.00 sys=0.00, real=0.00 secs] 
373.320: Total time for which application threads were stopped: 0.0006360 seconds, Stopping threads took: 0.0000960 seconds
373.387: Application time: 0.0667570 seconds
373.387: [GC373.387: [ParNew: 15583K->725K(16640K), 0.0004490 secs] 35055K->20198K(55552K), 0.0004780 secs] [Times: user=0.01 sys=0.00, real=0.01 secs] 
373.387: Total time for which application threads were stopped: 0.0006050 seconds, Stopping threads took: 0.0000610 seconds
373.454: Application time: 0.0667310 seconds
373.454: [GC373.454: [ParNew: 15573K->731K(16640K), 0.0004210 secs] 35045K->20203K(55552K), 0.0004490 secs] [Times: user=0.00 sys=0.00, real=0.00 secs] 
373.455: Total time for which application threads were stopped: 0.0005670 seconds, Stopping threads took: 0.0000600 seconds
373.522: Application time: 0.0670270 seconds
373.522: [GC373.522: [ParNew: 15578K->480K(16640K), 0.0004550 secs] 35050K->20171K(55552K), 0.0004810 secs] [Times: user=0.00 sys=0.00, real=0.00 secs] 
373.522: Total time for which application threads were stopped: 0.0005910 seconds, Stopping threads took: 0.0000580 seconds
373.589: Application time: 0.0669250 seconds
373.589: [GC373.589: [ParNew: 15327K->277K(16640K), 0.0004210 secs] 35018K->20158K(55552K), 0.0004460 secs] [Times: user=0.00 sys=0.00, real=0.00 secs] 
373.590: Total time for which application threads were stopped: 0.0005570 seconds, Stopping threads took: 0.0000490 seconds
373.643: Application time: 0.0533210 seconds
373.643: [GC373.643: [ParNew: 15122K->235K(16640K), 0.0004320 secs] 35003K->20334K(55552K), 0.0004600 secs] [Times: user=0.00 sys=0.00, real=0.00 secs] 
373.644: Total time for which application threads were stopped: 0.0005700 seconds, Stopping threads took: 0.0000550 seconds
373.704: Application time: 0.0600750 seconds
373.704: [GC373.704: [ParNew: 15078K->247K(16640K), 0.0003600 secs] 35178K->20347K(55552K), 0.0003890 secs] [Times: user=0.01 sys=0.00, real=0.00 secs] 
373.704: Total time for which application threads were stopped: 0.0005160 seconds, Stopping threads took: 0.0000680 seconds
373.755: Application time: 0.0503590 seconds
373.755: [GC373.755: [ParNew: 15094K->442K(16640K), 0.0004060 secs] 35193K->20541K(55552K), 0.0004340 secs] [Times: user=0.00 sys=0.00, real=0.00 secs] 
373.755: Total time for which application threads were stopped: 0.0005520 seconds, Stopping threads took: 0.0000590 seconds
373.789: Application time: 0.0335480 seconds
373.789: [GC373.789: [ParNew: 15288K->1068K(16640K), 0.0005030 secs] 35388K->21168K(55552K), 0.0005300 secs] [Times: user=0.00 sys=0.00, real=0.00 secs] 
373.789: Total time for which application threads were stopped: 0.0006280 seconds, Stopping threads took: 0.0000420 seconds
373.823: Application time: 0.0333670 seconds
373.823: [GC373.823: [ParNew: 15916K->932K(16640K), 0.0005480 secs] 36015K->21279K(55552K), 0.0005750 secs] [Times: user=0.00 sys=0.00, real=0.00 secs] 
373.823: Total time for which application threads were stopped: 0.0006790 seconds, Stopping threads took: 0.0000530 seconds
373.883: Application time: 0.0599070 seconds
373.883: [GC373.883: [ParNew: 15780K->950K(16640K), 0.0005050 secs] 36127K->21297K(55552K), 0.0005310 secs] [Times: user=0.01 sys=0.00, real=0.00 secs] 
373.884: Total time for which application threads were stopped: 0.0006350 seconds, Stopping threads took: 0.0000490 seconds
373.948: Application time: 0.0642130 seconds
373.948: [GC373.948: [ParNew: 15795K->1001K(16640K), 0.0005600 secs] 36142K->21348K(55552K), 0.0005890 secs] [Times: user=0.00 sys=0.00, real=0.00 secs] 
373.949: Total time for which application threads were stopped: 0.0007230 seconds, Stopping threads took: 0.0000640 seconds
374.014: Application time: 0.0649600 seconds
374.014: [GC374.014: [ParNew: 15848K->977K(16640K), 0.0004680 secs] 36195K->21324K(55552K), 0.0004940 secs] [Times: user=0.00 sys=0.00, real=0.00 secs] 
374.015: Total time for which application threads were stopped: 0.0006140 seconds, Stopping threads took: 0.0000620 seconds
374.078: Application time: 0.0635520 seconds
374.078: [GC374.078: [ParNew: 15824K->1142K(16640K), 0.0005320 secs] 36171K->21489K(55552K), 0.0005600 secs] [Times: user=0.00 sys=0.00, real=0.00 secs] 
374.079: Total time for which application threads were stopped: 0.0006900 seconds, Stopping threads took: 0.0000780 seconds
374.144: Application time: 0.0657060 seconds
374.145: [GC374.145: [ParNew: 15990K->502K(16640K), 0.0005270 secs] 36337K->21505K(55552K), 0.0005490 secs] [Times: user=0.01 sys=0.00, real=0.00 secs] 
374.145: Total time for which application threads were stopped: 0.0006570 seconds, Stopping threads took: 0.0000520 seconds
374.205: Application time: 0.0598240 seconds
374.205: [GC374.205: [ParNew: 15347K->982K(16640K), 0.0004820 secs] 36350K->21984K(55552K), 0.0005090 secs] [Times: user=0.01 sys=0.00, real=0.00 secs] 
374.206: Total time for which application threads were stopped: 0.0006270 seconds, Stopping threads took: 0.0000590 seconds
374.271: Application time: 0.0656810 seconds
374.271: [GC374.271: [ParNew: 15829K->895K(16640K), 0.0005220 secs] 36832K->22087K(55552K), 0.0005500 secs] [Times: user=0.00 sys=0.00, real=0.00 secs] 
374.272: Total time for which application threads were stopped: 0.0006770 seconds, Stopping threads took: 0.0000770 seconds
374.339: Application time: 0.0670620 seconds
374.339: [GC374.339: [ParNew: 15742K->876K(16640K), 0.0004450 secs] 36935K->22068K(55552K), 0.0004810 secs] [Times: user=0.00 sys=0.00, real=0.00 secs] 
374.340: Total time for which application threads were stopped: 0.0006020 seconds, Stopping threads took: 0.0000650 seconds
374.398: Application time: 0.0580080 seconds
374.398: [GC374.398: [ParNew: 15721K->1063K(16640K), 0.0004820 secs] 36914K->22256K(55552K), 0.0005110 secs] [Times: user=0.01 sys=0.00, real=0.00 secs] 
374.398: Total time for which application threads were stopped: 0.0006310 seconds, Stopping threads took: 0.0000620 seconds
374.453: Application time: 0.0546440 seconds
374.453: [GC374.453: [ParNew: 15908K->508K(16640K), 0.0006010 secs] 37101K->22271K(55552K), 0.0006280 secs] [Times: user=0.01 sys=0.00, real=0.00 secs] 
374.454: Total time for which application threads were stopped: 0.0007450 seconds, Stopping threads took: 0.0000510 seconds
374.509: Application time: 0.0553110 seconds
374.509: [GC374.509: [ParNew: 15355K->625K(16640K), 0.0003960 secs] 37118K->22388K(55552K), 0.0004230 secs] [Times: user=0.00 sys=0.00, real=0.00 secs] 
374.510: Total time for which application threads were stopped: 0.0005390 seconds, Stopping threads took: 0.0000540 seconds
374.551: Application time: 0.0418970 seconds
374.552: [GC374.552: [ParNew: 15472K->816K(16640K), 0.0004310 secs] 37235K->22579K(55552K), 0.0004570 secs] [Times: user=0.00 sys=0.00, real=0.00 secs] 
374.552: Total time for which application threads were stopped: 0.0005790 seconds, Stopping threads took: 0.0000650 seconds
374.610: Application time: 0.0579800 seconds
374.610: [GC374.610: [ParNew: 15663K->664K(16640K), 0.0005030 secs] 37426K->22617K(55552K), 0.0005300 secs] [Times: user=0.00 sys=0.00, real=0.00 secs] 
374.611: Total time for which application threads were stopped: 0.0006410 seconds, Stopping threads took: 0.0000540 seconds
374.676: Application time: 0.0649920 seconds
374.676: [GC374.676: [ParNew: 15511K->698K(16640K), 0.0004040 secs] 37464K->22651K(55552K), 0.0004300 secs] [Times: user=0.00 sys=0.00, real=0.00 secs] 
374.676: Total time for which application threads were stopped: 0.0005350 seconds, Stopping threads took: 0.0000530 seconds
374.742: Application time: 0.0660560 seconds
374.742: [GC374.742: [ParNew: 15545K->709K(16640K), 0.0004310 secs] 37498K->22662K(55552K), 0.0004600 secs] [Times: user=0.00 sys=0.00, real=0.00 secs] 
374.743: Total time for which application threads were stopped: 0.0005990 seconds, Stopping threads took: 0.0000820 seconds
374.807: Application time: 0.0646570 seconds
374.808: [GC374.808: [ParNew: 15553K->740K(16640K), 0.0004230 secs] 37506K->22693K(55552K), 0.0004510 secs] [Times: user=0.00 sys=0.00, real=0.00 secs] 
374.808: Total time for which application threads were stopped: 0.0005910 seconds, Stopping threads took: 0.0000820 seconds
374.873: Application time: 0.0651820 seconds
374.873: [GC374.873: [ParNew: 15587K->740K(16640K), 0.0029410 secs] 37540K->22693K(55552K), 0.0029740 secs] [Times: user=0.00 sys=0.00, real=0.00 secs] 
374.876: Total time for which application threads were stopped: 0.0030970 seconds, Stopping threads took: 0.0000710 seconds
374.941: Application time: 0.0644300 seconds
374.941: [GC374.941: [ParNew: 15587K->758K(16640K), 0.0004010 secs] 37540K->22711K(55552K), 0.0004260 secs] [Times: user=0.01 sys=0.00, real=0.00 secs] 
374.941: Total time for which application threads were stopped: 0.0005540 seconds, Stopping threads took: 0.0000690 seconds
375.006: Application time: 0.0643730 seconds
375.006: [GC375.006: [ParNew: 15602K->764K(16640K), 0.0004240 secs] 37555K->22745K(55552K), 0.0004520 secs] [Times: user=0.00 sys=0.00, real=0.00 secs] 
375.006: Total time for which application threads were stopped: 0.0005810 seconds, Stopping threads took: 0.0000620 seconds
375.073: Application time: 0.0665620 seconds
375.073: [GC375.073: [ParNew: 15611K->740K(16640K), 0.0004490 secs] 37593K->22721K(55552K), 0.0004770 secs] [Times: user=0.00 sys=0.00, real=0.00 secs] 
375.073: Total time for which application threads were stopped: 0.0005980 seconds, Stopping threads took: 0.0000710 seconds
375.140: Application time: 0.0667540 seconds
375.140: [GC375.140: [ParNew: 15587K->713K(16640K), 0.0004540 secs] 37568K->22695K(55552K), 0.0004910 secs] [Times: user=0.01 sys=0.00, real=0.00 secs] 
375.141: Total time for which application threads were stopped: 0.0005990 seconds, Stopping threads took: 0.0000530 seconds
375.208: Application time: 0.0669160 seconds
375.208: [GC375.208: [ParNew: 15560K->670K(16640K), 0.0004990 secs] 37542K->22680K(55552K), 0.0005260 secs] [Times: user=0.00 sys=0.00, real=0.00 secs] 
375.208: Total time for which application threads were stopped: 0.0006290 seconds, Stopping threads took: 0.0000470 seconds
375.276: Application time: 0.0671770 seconds
375.276: [GC375.276: [ParNew: 15515K->507K(16640K), 0.0005560 secs] 37525K->22707K(55552K), 0.0005840 secs] [Times: user=0.01 sys=0.00, real=0.00 secs] 
375.276: Total time for which application threads were stopped: 0.0007110 seconds, Stopping threads took: 0.0000750 seconds
375.343: Application time: 0.0665220 seconds
375.343: [GC375.343: [ParNew: 15352K->466K(16640K), 0.0004490 secs] 37552K->22856K(55552K), 0.0004700 secs] [Times: user=0.00 sys=0.00, real=0.00 secs] 
375.343: Total time for which application threads were stopped: 0.0005820 seconds, Stopping threads took: 0.0000580 seconds
375.391: Application time: 0.0479240 seconds
375.391: [GC375.391: [ParNew: 15312K->282K(16640K), 0.0004560 secs] 37702K->22891K(55552K), 0.0004840 secs] [Times: user=0.00 sys=0.00, real=0.00 secs] 
375.392: Total time for which application threads were stopped: 0.0006200 seconds, Stopping threads took: 0.0000790 seconds
375.455: Application time: 0.0633240 seconds
375.455: [GC375.455: [ParNew: 15128K->423K(16640K), 0.0004250 secs] 37736K->23032K(55552K), 0.0004530 secs] [Times: user=0.00 sys=0.00, real=0.00 secs] 
375.456: Total time for which application threads were stopped: 0.0005750 seconds, Stopping threads took: 0.0000640 seconds
375.501: Application time: 0.0455660 seconds
375.501: [GC375.501: [ParNew: 15268K->862K(16640K), 0.0005250 secs] 37877K->23471K(55552K), 0.0005520 secs] [Times: user=0.00 sys=0.00, real=0.00 secs] 
375.502: Total time for which application threads were stopped: 0.0006760 seconds, Stopping threads took: 0.0000660 seconds
375.533: Application time: 0.0314030 seconds
375.534: [GC375.534: [ParNew: 15707K->1118K(16640K), 0.0005310 secs] 38315K->23726K(55552K), 0.0005590 secs] [Times: user=0.01 sys=0.00, real=0.00 secs] 
375.534: Total time for which application threads were stopped: 0.0006870 seconds, Stopping threads took: 0.0000630 seconds
375.576: Application time: 0.0417300 seconds
375.576: [GC375.576: [ParNew: 15962K->1002K(16640K), 0.0005490 secs] 38571K->23829K(55552K), 0.0005720 secs] [Times: user=0.00 sys=0.00, real=0.00 secs] 
375.577: Total time for which application threads were stopped: 0.0006720 seconds, Stopping threads took: 0.0000430 seconds
375.639: Application time: 0.0623670 seconds
375.639: [GC375.639: [ParNew: 15849K->1027K(16640K), 0.0004500 secs] 38676K->23855K(55552K), 0.0004860 secs] [Times: user=0.00 sys=0.00, real=0.01 secs] 
375.640: Total time for which application threads were stopped: 0.0006130 seconds, Stopping threads took: 0.0000690 seconds
375.705: Application time: 0.0659170 seconds
375.706: [GC375.706: [ParNew: 15872K->986K(16640K), 0.0005480 secs] 38700K->23813K(55552K), 0.0005730 secs] [Times: user=0.01 sys=0.00, real=0.00 secs] 
375.706: Total time for which application threads were stopped: 0.0007000 seconds, Stopping threads took: 0.0000690 seconds
375.771: Application time: 0.0644540 seconds
375.771: [GC375.771: [ParNew: 15833K->1203K(16640K), 0.0005030 secs] 38660K->24031K(55552K), 0.0005320 secs] [Times: user=0.01 sys=0.00, real=0.00 secs] 
375.771: Total time for which application threads were stopped: 0.0006400 seconds, Stopping threads took: 0.0000480 seconds
375.836: Application time: 0.0647490 seconds
375.836: [GC375.836: [ParNew: 16048K->932K(16640K), 0.0005370 secs] 38875K->24064K(55552K), 0.0005650 secs] [Times: user=0.00 sys=0.00, real=0.00 secs] 
375.837: Total time for which application threads were stopped: 0.0006860 seconds, Stopping threads took: 0.0000570 seconds
375.901: Application time: 0.0642290 seconds
375.901: [GC375.901: [ParNew: 15779K->1049K(16640K), 0.0005810 secs] 38911K->24181K(55552K), 0.0006070 secs] [Times: user=0.01 sys=0.00, real=0.00 secs] 
375.902: Total time for which application threads were stopped: 0.0007360 seconds, Stopping threads took: 0.0000720 seconds
375.963: Application time: 0.0609380 seconds
375.963: [GC375.963: [ParNew: 15897K->1094K(16640K), 0.0005070 secs] 39029K->24227K(55552K), 0.0005340 secs] [Times: user=0.00 sys=0.00, real=0.00 secs] 
375.963: Total time for which application threads were stopped: 0.0006450 seconds, Stopping threads took: 0.0000530 seconds
376.030: Application time: 0.0665930 seconds
376.030: [GC376.030: [ParNew: 15942K->942K(16640K), 0.0005430 secs] 39074K->24265K(55552K), 0.0005710 secs] [Times: user=0.01 sys=0.00, real=0.00 secs] 
376.031: Total time for which application threads were stopped: 0.0006800 seconds, Stopping threads took: 0.0000560 seconds
376.098: Application time: 0.0674250 seconds
376.098: [GC376.098: [ParNew: 15790K->815K(16640K), 0.0004720 secs] 39112K->24137K(55552K), 0.0004990 secs] [Times: user=0.01 sys=0.00, real=0.00 secs] 
376.099: Total time for which application threads were stopped: 0.0006210 seconds, Stopping threads took: 0.0000530 seconds
376.159: Application time: 0.0603310 seconds
376.159: [GC376.159: [ParNew: 15661K->1038K(16640K), 0.0005330 secs] 38984K->24361K(55552K), 0.0005660 secs] [Times: user=0.00 sys=0.00, real=0.01 secs] 
376.160: Total time for which application threads were stopped: 0.0006940 seconds, Stopping threads took: 0.0000710 seconds
376.212: Application time: 0.0525680 seconds
376.212: [GC376.212: [ParNew: 15883K->878K(16640K), 0.0005580 secs] 39205K->24391K(55552K), 0.0005860 secs] [Times: user=0.00 sys=0.00, real=0.00 secs] 
376.213: Total time for which application threads were stopped: 0.0007000 seconds, Stopping threads took: 0.0000540 seconds
376.266: Application time: 0.0532550 seconds
376.266: [GC376.266: [ParNew: 15723K->1279K(16640K), 0.0004960 secs] 39236K->24791K(55552K), 0.0005230 secs] [Times: user=0.00 sys=0.00, real=0.00 secs] 
376.267: Total time for which application threads were stopped: 0.0006320 seconds, Stopping threads took: 0.0000520 seconds
376.307: Application time: 0.0402380 seconds
376.307: [GC376.307: [ParNew: 16122K->753K(16640K), 0.0005370 secs] 39635K->24836K(55552K), 0.0005620 secs] [Times: user=0.00 sys=0.00, real=0.00 secs] 
376.308: Total time for which application threads were stopped: 0.0006780 seconds, Stopping threads took: 0.0000580 seconds
376.370: Application time: 0.0618590 seconds
376.370: [GC376.370: [ParNew: 15598K->672K(16640K), 0.0004110 secs] 39681K->24754K(55552K), 0.0004360 secs] [Times: user=0.00 sys=0.00, real=0.00 secs] 
376.370: Total time for which application threads were stopped: 0.0005460 seconds, Stopping threads took: 0.0000530 seconds
376.435: Application time: 0.0650310 seconds
376.435: [GC376.435: [ParNew: 15516K->678K(16640K), 0.0004600 secs] 39599K->24761K(55552K), 0.0004870 secs] [Times: user=0.00 sys=0.00, real=0.00 secs] 
376.436: Total time for which application threads were stopped: 0.0006060 seconds, Stopping threads took: 0.0000670 seconds
376.502: Application time: 0.0663610 seconds
376.502: [GC376.502: [ParNew: 15526K->681K(16640K), 0.0004040 secs] 39609K->24764K(55552K), 0.0004320 secs] [Times: user=0.00 sys=0.00, real=0.00 secs] 
376.503: Total time for which application threads were stopped: 0.0005540 seconds, Stopping threads took: 0.0000650 seconds
376.569: Application time: 0.0659280 seconds
376.569: [GC376.569: [ParNew: 15529K->712K(16640K), 0.0004780 secs] 39612K->24795K(55552K), 0.0005050 secs] [Times: user=0.00 sys=0.00, real=0.00 secs] 
376.569: Total time for which application threads were stopped: 0.0006230 seconds, Stopping threads took: 0.0000620 seconds
376.633: Application time: 0.0640930 seconds
376.633: [GC376.633: [ParNew: 15559K->705K(16640K), 0.0004740 secs] 39642K->24788K(55552K), 0.0005080 secs] [Times: user=0.01 sys=0.00, real=0.00 secs] 
376.634: Total time for which application threads were stopped: 0.0006230 seconds, Stopping threads took: 0.0000550 seconds
376.698: Application time: 0.0642620 seconds
376.698: [GC376.698: [ParNew: 15551K->713K(16640K), 0.0004490 secs] 39634K->24796K(55552K), 0.0004770 secs] [Times: user=0.01 sys=0.00, real=0.00 secs] 
376.699: Total time for which application threads were stopped: 0.0006000 seconds, Stopping threads took: 0.0000660 seconds
376.764: Application time: 0.0656470 seconds
376.765: [GC376.765: [ParNew: 15557K->722K(16640K), 0.0004760 secs] 39640K->24834K(55552K), 0.0005030 secs] [Times: user=0.01 sys=0.00, real=0.00 secs] 
376.765: Total time for which application threads were stopped: 0.0006150 seconds, Stopping threads took: 0.0000520 seconds
376.832: Application time: 0.0673130 seconds
376.832: [GC376.833: [ParNew: 15570K->723K(16640K), 0.0004660 secs] 39681K->24835K(55552K), 0.0004950 secs] [Times: user=0.01 sys=0.00, real=0.00 secs] 
376.833: Total time for which application threads were stopped: 0.0006330 seconds, Stopping threads took: 0.0000860 seconds
376.900: Application time: 0.0671500 seconds
376.900: [GC376.900: [ParNew: 15570K->760K(16640K), 0.0004280 secs] 39682K->24872K(55552K), 0.0004560 secs] [Times: user=0.01 sys=0.00, real=0.00 secs] 
376.901: Total time for which application threads were stopped: 0.0005820 seconds, Stopping threads took: 0.0000690 seconds
376.968: Application time: 0.0673450 seconds
376.968: [GC376.968: [ParNew: 15607K->747K(16640K), 0.0004120 secs] 39719K->24859K(55552K), 0.0004390 secs] [Times: user=0.00 sys=0.00, real=0.00 secs] 
376.969: Total time for which application threads were stopped: 0.0005630 seconds, Stopping threads took: 0.0000650 seconds
377.036: Application time: 0.0671510 seconds
377.036: [GC377.036: [ParNew: 15594K->563K(16640K), 0.0004590 secs] 39706K->24893K(55552K), 0.0004860 secs] [Times: user=0.00 sys=0.00, real=0.00 secs] 
377.036: Total time for which application threads were stopped: 0.0006010 seconds, Stopping threads took: 0.0000630 seconds
377.097: Application time: 0.0605320 seconds
377.097: [GC377.097: [ParNew: 15407K->440K(16640K), 0.0004920 secs] 39737K->24960K(55552K), 0.0005200 secs] [Times: user=0.01 sys=0.00, real=0.00 secs] 
377.098: Total time for which application threads were stopped: 0.0006390 seconds, Stopping threads took: 0.0000620 seconds
377.151: Application time: 0.0533580 seconds
377.151: [GC377.151: [ParNew: 15287K->262K(16640K), 0.0004250 secs] 39808K->25001K(55552K), 0.0004540 secs] [Times: user=0.01 sys=0.00, real=0.00 secs] 
377.152: Total time for which application threads were stopped: 0.0006030 seconds, Stopping threads took: 0.0000700 seconds
377.209: Application time: 0.0571360 seconds
377.209: [GC377.209: [ParNew: 15106K->454K(16640K), 0.0004400 secs] 39845K->25193K(55552K), 0.0004650 secs] [Times: user=0.00 sys=0.00, real=0.00 secs] 
377.209: Total time for which application threads were stopped: 0.0005760 seconds, Stopping threads took: 0.0000540 seconds
377.256: Application time: 0.0467770 seconds
377.256: [GC377.256: [ParNew: 15301K->676K(16640K), 0.0004960 secs] 40040K->25415K(55552K), 0.0005220 secs] [Times: user=0.00 sys=0.00, real=0.00 secs] 
377.257: Total time for which application threads were stopped: 0.0006380 seconds, Stopping threads took: 0.0000600 seconds
377.287: Application time: 0.0305570 seconds
377.287: [GC377.287: [ParNew: 15522K->1090K(16640K), 0.0005290 secs] 40261K->25829K(55552K), 0.0005550 secs] [Times: user=0.01 sys=0.00, real=0.00 secs] 
377.288: Total time for which application threads were stopped: 0.0006710 seconds, Stopping threads took: 0.0000600 seconds
377.334: Application time: 0.0457210 seconds
377.334: [GC377.334: [ParNew: 15937K->959K(16640K), 0.0005280 secs] 40677K->25946K(55552K), 0.0005550 secs] [Times: user=0.00 sys=0.00, real=0.00 secs] 
377.334: Total time for which application threads were stopped: 0.0006830 seconds, Stopping threads took: 0.0000750 seconds
377.396: Application time: 0.0615410 seconds
377.396: [GC377.396: [ParNew: 15805K->973K(16640K), 0.0004630 secs] 40792K->25959K(55552K), 0.0005000 secs] [Times: user=0.00 sys=0.00, real=0.00 secs] 
377.396: Total time for which application threads were stopped: 0.0006150 seconds, Stopping threads took: 0.0000590 seconds
377.462: Application time: 0.0650530 seconds
377.462: [GC377.462: [ParNew: 15818K->982K(16640K), 0.0005360 secs] 40804K->25968K(55552K), 0.0005630 secs] [Times: user=0.00 sys=0.00, real=0.00 secs] 
377.462: Total time for which application threads were stopped: 0.0006710 seconds, Stopping threads took: 0.0000520 seconds
377.525: Application time: 0.0631990 seconds
377.525: [GC377.526: [ParNew: 15826K->1200K(16640K), 0.0004820 secs] 40813K->26186K(55552K), 0.0005080 secs] [Times: user=0.00 sys=0.00, real=0.00 secs] 
377.526: Total time for which application threads were stopped: 0.0006140 seconds, Stopping threads took: 0.0000560 seconds
377.591: Application time: 0.0651910 seconds
377.591: [GC377.591: [ParNew: 16047K->863K(16640K), 0.0005330 secs] 41034K->26125K(55552K), 0.0005610 secs] [Times: user=0.01 sys=0.00, real=0.00 secs] 
377.592: Total time for which application threads were stopped: 0.0006680 seconds, Stopping threads took: 0.0000520 seconds
377.656: Application time: 0.0640250 seconds
377.656: [GC377.656: [ParNew: 15710K->1075K(16640K), 0.0004260 secs] 40972K->26337K(55552K), 0.0004520 secs] [Times: user=0.00 sys=0.00, real=0.00 secs] 
377.656: Total time for which application threads were stopped: 0.0005800 seconds, Stopping threads took: 0.0000610 seconds
377.717: Application time: 0.0607310 seconds
377.717: [GC377.717: [ParNew: 15920K->1129K(16640K), 0.0004830 secs] 41182K->26392K(55552K), 0.0005100 secs] [Times: user=0.00 sys=0.00, real=0.00 secs] 
377.718: Total time for which application threads were stopped: 0.0006300 seconds, Stopping threads took: 0.0000610 seconds
377.784: Application time: 0.0663590 seconds
377.784: [GC377.784: [ParNew: 15977K->908K(16640K), 0.0005320 secs] 41240K->26361K(55552K), 0.0005600 secs] [Times: user=0.00 sys=0.00, real=0.00 secs] 
377.785: Total time for which application threads were stopped: 0.0006790 seconds, Stopping threads took: 0.0000670 seconds
377.852: Application time: 0.0668990 seconds
377.852: [GC377.852: [ParNew: 15755K->914K(16640K), 0.0004490 secs] 41208K->26367K(55552K), 0.0004770 secs] [Times: user=0.01 sys=0.00, real=0.00 secs] 
377.852: Total time for which application threads were stopped: 0.0005820 seconds, Stopping threads took: 0.0000480 seconds
377.904: Application time: 0.0512280 seconds
377.904: [GC377.904: [ParNew: 15758K->1015K(16640K), 0.0005330 secs] 41211K->26468K(55552K), 0.0005590 secs] [Times: user=0.00 sys=0.00, real=0.00 secs] 
377.904: Total time for which application threads were stopped: 0.0006820 seconds, Stopping threads took: 0.0000660 seconds
377.965: Application time: 0.0607650 seconds
377.965: [GC377.965: [ParNew: 15860K->914K(16640K), 0.0004960 secs] 41313K->26557K(55552K), 0.0005230 secs] [Times: user=0.01 sys=0.00, real=0.00 secs] 
377.966: Total time for which application threads were stopped: 0.0006530 seconds, Stopping threads took: 0.0000720 seconds
378.007: Application time: 0.0413690 seconds
378.007: [GC378.007: [ParNew: 15762K->1258K(16640K), 0.0005220 secs] 41405K->26901K(55552K), 0.0005500 secs] [Times: user=0.00 sys=0.00, real=0.00 secs] 
378.008: Total time for which application threads were stopped: 0.0006760 seconds, Stopping threads took: 0.0000660 seconds
378.057: Application time: 0.0495240 seconds
378.057: [GC378.057: [ParNew: 16106K->699K(16640K), 0.0005370 secs] 41749K->26912K(55552K), 0.0005640 secs] [Times: user=0.01 sys=0.00, real=0.00 secs] 
378.058: Total time for which application threads were stopped: 0.0006790 seconds, Stopping threads took: 0.0000570 seconds
378.121: Application time: 0.0632900 seconds
378.121: [GC378.121: [ParNew: 15545K->656K(16640K), 0.0004170 secs] 41759K->26869K(55552K), 0.0004450 secs] [Times: user=0.00 sys=0.00, real=0.00 secs] 
378.122: Total time for which application threads were stopped: 0.0005500 seconds, Stopping threads took: 0.0000470 seconds
378.188: Application time: 0.0661500 seconds
378.188: [GC378.188: [ParNew: 15503K->653K(16640K), 0.0004200 secs] 41717K->26866K(55552K), 0.0004580 secs] [Times: user=0.01 sys=0.00, real=0.00 secs] 
378.189: Total time for which application threads were stopped: 0.0005840 seconds, Stopping threads took: 0.0000630 seconds
378.255: Application time: 0.0661920 seconds
378.255: [GC378.255: [ParNew: 15501K->666K(16640K), 0.0004110 secs] 41714K->26879K(55552K), 0.0004390 secs] [Times: user=0.01 sys=0.00, real=0.00 secs] 
378.255: Total time for which application threads were stopped: 0.0005610 seconds, Stopping threads took: 0.0000650 seconds
378.319: Application time: 0.0638390 seconds
378.319: [GC378.319: [ParNew: 15512K->701K(16640K), 0.0004290 secs] 41725K->26914K(55552K), 0.0004560 secs] [Times: user=0.01 sys=0.00, real=0.00 secs] 
378.320: Total time for which application threads were stopped: 0.0005720 seconds, Stopping threads took: 0.0000580 seconds
378.386: Application time: 0.0660400 seconds
378.386: [GC378.386: [ParNew: 15548K->727K(16640K), 0.0004130 secs] 41761K->26940K(55552K), 0.0004400 secs] [Times: user=0.00 sys=0.00, real=0.00 secs] 
378.386: Total time for which application threads were stopped: 0.0005570 seconds, Stopping threads took: 0.0000640 seconds
378.449: Application time: 0.0626050 seconds
378.449: [GC378.449: [ParNew: 15573K->740K(16640K), 0.0004600 secs] 41786K->26953K(55552K), 0.0004870 secs] [Times: user=0.00 sys=0.00, real=0.00 secs] 
378.450: Total time for which application threads were stopped: 0.0006100 seconds, Stopping threads took: 0.0000650 seconds
378.517: Application time: 0.0670270 seconds
378.517: [GC378.517: [ParNew: 15587K->733K(16640K), 0.0004360 secs] 41801K->26975K(55552K), 0.0004630 secs] [Times: user=0.00 sys=0.00, real=0.00 secs] 
378.517: Total time for which application threads were stopped: 0.0005860 seconds, Stopping threads took: 0.0000670 seconds
378.584: Application time: 0.0669030 seconds
378.584: [GC378.584: [ParNew: 15580K->754K(16640K), 0.0004590 secs] 41822K->26996K(55552K), 0.0004860 secs] [Times: user=0.01 sys=0.00, real=0.00 secs] 
378.585: Total time for which application threads were stopped: 0.0005950 seconds, Stopping threads took: 0.0000580 seconds
378.652: Application time: 0.0672130 seconds
378.655: [GC378.655: [ParNew: 15601K->759K(16640K), 0.0003880 secs] 41843K->27001K(55552K), 0.0004130 secs] [Times: user=0.00 sys=0.00, real=0.00 secs] 
378.656: Total time for which application threads were stopped: 0.0036710 seconds, Stopping threads took: 0.0032030 seconds
378.723: Application time: 0.0672820 seconds
378.725: [GC378.725: [ParNew: 15607K->497K(16640K), 0.0004880 secs] 41848K->26957K(55552K), 0.0005170 secs] [Times: user=0.00 sys=0.00, real=0.00 secs] 
378.726: Total time for which application threads were stopped: 0.0030090 seconds, Stopping threads took: 0.0024100 seconds
378.793: Application time: 0.0671520 seconds
378.793: [GC378.793: [ParNew: 15344K->454K(16640K), 0.0004040 secs] 41804K->26914K(55552K), 0.0004300 secs] [Times: user=0.00 sys=0.00, real=0.00 secs] 
378.794: Total time for which application threads were stopped: 0.0005640 seconds, Stopping threads took: 0.0000800 seconds
378.850: Application time: 0.0561880 seconds
378.850: [GC378.850: [ParNew: 15299K->233K(16640K), 0.0004600 secs] 41759K->27102K(55552K), 0.0004860 secs] [Times: user=0.00 sys=0.00, real=0.00 secs] 
378.850: Total time for which application threads were stopped: 0.0006110 seconds, Stopping threads took: 0.0000670 seconds
378.907: Application time: 0.0571060 seconds
378.908: [GC378.908: [ParNew: 15080K->250K(16640K), 0.0003490 secs] 41949K->27119K(55552K), 0.0003760 secs] [Times: user=0.00 sys=0.00, real=0.00 secs] 
378.908: Total time for which application threads were stopped: 0.0004980 seconds, Stopping threads took: 0.0000660 seconds
378.963: Application time: 0.0547120 seconds
378.963: [GC378.963: [ParNew: 15096K->447K(16640K), 0.0004180 secs] 41965K->27316K(55552K), 0.0004450 secs] [Times: user=0.00 sys=0.00, real=0.00 secs] 
378.963: Total time for which application threads were stopped: 0.0005750 seconds, Stopping threads took: 0.0000640 seconds
379.004: Application time: 0.0409470 seconds
379.004: [GC379.004: [ParNew: 15291K->1071K(16640K), 0.0005770 secs] 42160K->27940K(55552K), 0.0006060 secs] [Times: user=0.00 sys=0.00, real=0.00 secs] 
379.005: Total time for which application threads were stopped: 0.0007100 seconds, Stopping threads took: 0.0000430 seconds
379.035: Application time: 0.0296900 seconds
379.043: [GC379.043: [ParNew: 15917K->880K(16640K), 0.0006350 secs] 42786K->27996K(55552K), 0.0006640 secs] [Times: user=0.00 sys=0.00, real=0.00 secs] 
379.043: Total time for which application threads were stopped: 0.0088810 seconds, Stopping threads took: 0.0081610 seconds
379.098: Application time: 0.0540890 seconds
379.098: [GC379.098: [ParNew: 15725K->934K(16640K), 0.0004970 secs] 42842K->28051K(55552K), 0.0005250 secs] [Times: user=0.01 sys=0.00, real=0.00 secs] 
379.098: Total time for which application threads were stopped: 0.0006460 seconds, Stopping threads took: 0.0000640 seconds
379.160: Application time: 0.0620130 seconds
379.160: [GC379.160: [ParNew: 15779K->966K(16640K), 0.0004880 secs] 42895K->28082K(55552K), 0.0005150 secs] [Times: user=0.01 sys=0.00, real=0.00 secs] 
379.161: Total time for which application threads were stopped: 0.0006310 seconds, Stopping threads took: 0.0000570 seconds
379.226: Application time: 0.0652170 seconds
379.226: [GC379.226: [ParNew: 15813K->979K(16640K), 0.0004860 secs] 42929K->28095K(55552K), 0.0005140 secs] [Times: user=0.00 sys=0.00, real=0.00 secs] 
379.227: Total time for which application threads were stopped: 0.0006460 seconds, Stopping threads took: 0.0000690 seconds
379.290: Application time: 0.0634590 seconds
379.290: [GC379.290: [ParNew: 15826K->1189K(16640K), 0.0004890 secs] 42942K->28305K(55552K), 0.0005170 secs] [Times: user=0.01 sys=0.00, real=0.00 secs] 
379.291: Total time for which application threads were stopped: 0.0006360 seconds, Stopping threads took: 0.0000650 seconds
379.356: Application time: 0.0652470 seconds
379.356: [GC379.356: [ParNew: 16036K->960K(16640K), 0.0005610 secs] 43152K->28352K(55552K), 0.0005900 secs] [Times: user=0.00 sys=0.00, real=0.00 secs] 
379.357: Total time for which application threads were stopped: 0.0007080 seconds, Stopping threads took: 0.0000600 seconds
379.420: Application time: 0.0633670 seconds
379.420: [GC379.420: [ParNew: 15751K->888K(16640K), 0.0005080 secs] 43143K->28280K(55552K), 0.0005350 secs] [Times: user=0.01 sys=0.00, real=0.00 secs] 
379.421: Total time for which application threads were stopped: 0.0006510 seconds, Stopping threads took: 0.0000600 seconds
379.482: Application time: 0.0614090 seconds
379.482: [GC379.482: [ParNew: 15734K->1033K(16640K), 0.0005030 secs] 43126K->28425K(55552K), 0.0005310 secs] [Times: user=0.01 sys=0.00, real=0.00 secs] 
379.483: Total time for which application threads were stopped: 0.0006610 seconds, Stopping threads took: 0.0000770 seconds
379.550: Application time: 0.0669150 seconds
379.550: [GC379.550: [ParNew: 15881K->874K(16640K), 0.0004850 secs] 43273K->28456K(55552K), 0.0005130 secs] [Times: user=0.00 sys=0.00, real=0.00 secs] 
379.550: Total time for which application threads were stopped: 0.0006300 seconds, Stopping threads took: 0.0000600 seconds
379.617: Application time: 0.0667230 seconds
379.619: [GC379.619: [ParNew: 15721K->872K(16640K), 0.0005700 secs] 43303K->28454K(55552K), 0.0006000 secs] [Times: user=0.00 sys=0.00, real=0.00 secs] 
379.620: Total time for which application threads were stopped: 0.0025910 seconds, Stopping threads took: 0.0019330 seconds
379.668: Application time: 0.0485940 seconds
379.668: [GC379.668: [ParNew: 15715K->1032K(16640K), 0.0005520 secs] 43298K->28614K(55552K), 0.0005820 secs] [Times: user=0.00 sys=0.00, real=0.00 secs] 
379.669: Total time for which application threads were stopped: 0.0007190 seconds, Stopping threads took: 0.0000780 seconds
379.726: Application time: 0.0565610 seconds
379.726: [GC379.726: [ParNew: 15880K->1065K(16640K), 0.0005210 secs] 43462K->28837K(55552K), 0.0005570 secs] [Times: user=0.00 sys=0.00, real=0.00 secs] 
379.726: Total time for which application threads were stopped: 0.0006810 seconds, Stopping threads took: 0.0000650 seconds
379.770: Application time: 0.0433450 seconds
379.770: [GC379.770: [ParNew: 15912K->713K(16640K), 0.0006200 secs] 43684K->29056K(55552K), 0.0006470 secs] [Times: user=0.01 sys=0.00, real=0.00 secs] 
379.770: Total time for which application threads were stopped: 0.0007860 seconds, Stopping threads took: 0.0000690 seconds
379.825: Application time: 0.0546860 seconds
379.825: [GC379.825: [ParNew: 15558K->449K(16640K), 0.0003390 secs] 43901K->28791K(55552K), 0.0003610 secs] [Times: user=0.00 sys=0.00, real=0.00 secs] 
379.826: Total time for which application threads were stopped: 0.0004620 seconds, Stopping threads took: 0.0000450 seconds
379.894: Application time: 0.0683170 seconds
379.894: [GC379.894: [ParNew: 15294K->418K(16640K), 0.0003870 secs] 43636K->28761K(55552K), 0.0004180 secs] [Times: user=0.00 sys=0.00, real=0.00 secs] 
379.894: Total time for which application threads were stopped: 0.0005220 seconds, Stopping threads took: 0.0000510 seconds
379.964: Application time: 0.0700020 seconds
379.965: [GC379.965: [ParNew: 15264K->391K(16640K), 0.0003710 secs] 43606K->28733K(55552K), 0.0003980 secs] [Times: user=0.01 sys=0.00, real=0.00 secs] 
379.965: Total time for which application threads were stopped: 0.0005160 seconds, Stopping threads took: 0.0000600 seconds
380.035: Application time: 0.0699540 seconds
380.035: [GC380.035: [ParNew: 15237K->419K(16640K), 0.0003710 secs] 43579K->28762K(55552K), 0.0003980 secs] [Times: user=0.00 sys=0.00, real=0.00 secs] 
380.035: Total time for which application threads were stopped: 0.0005010 seconds, Stopping threads took: 0.0000500 seconds
380.108: Application time: 0.0723830 seconds
380.108: [GC380.108: [ParNew: 15265K->234K(16640K), 0.0003820 secs] 43607K->28576K(55552K), 0.0004060 secs] [Times: user=0.01 sys=0.00, real=0.00 secs] 
380.108: Total time for which application threads were stopped: 0.0005100 seconds, Stopping threads took: 0.0000500 seconds
380.183: Application time: 0.0749020 seconds
380.183: [GC380.183: [ParNew: 15081K->34K(16640K), 0.0004230 secs] 43424K->28376K(55552K), 0.0004470 secs] [Times: user=0.00 sys=0.00, real=0.00 secs] 
380.184: Total time for which application threads were stopped: 0.0005400 seconds, Stopping threads took: 0.0000440 seconds
380.262: Application time: 0.0779540 seconds
380.262: [GC380.262: [ParNew: 14879K->8K(16640K), 0.0003330 secs] 43221K->28350K(55552K), 0.0003590 secs] [Times: user=0.00 sys=0.00, real=0.00 secs] 
380.262: Total time for which application threads were stopped: 0.0004540 seconds, Stopping threads took: 0.0000390 seconds
380.340: Application time: 0.0782040 seconds
380.340: [GC380.340: [ParNew: 14853K->6K(16640K), 0.0002940 secs] 43195K->28348K(55552K), 0.0003220 secs] [Times: user=0.00 sys=0.00, real=0.00 secs] 
380.341: Total time for which application threads were stopped: 0.0004300 seconds, Stopping threads took: 0.0000450 seconds
380.410: Application time: 0.0696580 seconds
380.411: [GC380.411: [ParNew: 14852K->194K(16640K), 0.0003790 secs] 43194K->28537K(55552K), 0.0004040 secs] [Times: user=0.00 sys=0.00, real=0.00 secs] 
380.411: Total time for which application threads were stopped: 0.0004970 seconds, Stopping threads took: 0.0000370 seconds
380.477: Application time: 0.0662660 seconds
380.477: [GC380.477: [ParNew: 15038K->191K(16640K), 0.0004240 secs] 43380K->28533K(55552K), 0.0004490 secs] [Times: user=0.00 sys=0.00, real=0.00 secs] 
380.478: Total time for which application threads were stopped: 0.0005420 seconds, Stopping threads took: 0.0000370 seconds
380.584: Application time: 0.1063050 seconds
380.584: [GC380.584: [ParNew: 15035K->194K(16640K), 0.0004110 secs] 43377K->28537K(55552K), 0.0004370 secs] [Times: user=0.00 sys=0.00, real=0.00 secs] 
380.585: Total time for which application threads were stopped: 0.0004960 seconds, Stopping threads took: 0.0000110 seconds
380.660: Application time: 0.0751940 seconds
380.660: Total time for which application threads were stopped: 0.0000530 seconds, Stopping threads took: 0.0000080 seconds
380.812: Application time: 0.1526070 seconds
380.813: [GC380.813: [ParNew: 15042K->1792K(16640K), 0.0029360 secs] 43385K->32274K(55552K), 0.0029850 secs] [Times: user=0.02 sys=0.00, real=0.00 secs] 
380.816: Total time for which application threads were stopped: 0.0030660 seconds, Stopping threads took: 0.0000090 seconds
380.997: Application time: 0.1815780 seconds
380.997: [GC380.997: [ParNew: 16640K->1792K(16640K), 0.0025920 secs] 47122K->34103K(55552K), 0.0026310 secs] [Times: user=0.02 sys=0.00, real=0.01 secs] 
381.000: Total time for which application threads were stopped: 0.0027230 seconds, Stopping threads took: 0.0000100 seconds
381.000: Application time: 0.0000600 seconds
381.000: Total time for which application threads were stopped: 0.0000640 seconds, Stopping threads took: 0.0000380 seconds
381.000: Application time: 0.0000790 seconds
381.000: Total time for which application threads were stopped: 0.0000260 seconds, Stopping threads took: 0.0000190 seconds
381.000: Application time: 0.0000280 seconds
381.000: Total time for which application threads were stopped: 0.0000240 seconds, Stopping threads took: 0.0000170 seconds
381.190: Application time: 0.1895370 seconds
381.190: [GC381.190: [ParNew: 16585K->1086K(16640K), 0.0020560 secs] 48896K->34399K(55552K), 0.0020890 secs] [Times: user=0.01 sys=0.01, real=0.00 secs] 
381.192: Total time for which application threads were stopped: 0.0021790 seconds, Stopping threads took: 0.0000130 seconds
381.192: Application time: 0.0000760 seconds
381.192: Total time for which application threads were stopped: 0.0000530 seconds, Stopping threads took: 0.0000280 seconds
381.192: Application time: 0.0000430 seconds
381.192: Total time for which application threads were stopped: 0.0000270 seconds, Stopping threads took: 0.0000160 seconds
381.192: Application time: 0.0000130 seconds
381.192: Total time for which application threads were stopped: 0.0000220 seconds, Stopping threads took: 0.0000110 seconds
381.205: Application time: 0.0130320 seconds
381.205: Total time for which application threads were stopped: 0.0000350 seconds, Stopping threads took: 0.0000160 seconds
Heap
 par new generation   total 16640K, used 2692K [0x00000000f7600000, 0x00000000f8800000, 0x00000000f8800000)
  eden space 14848K,  10% used [0x00000000f7600000, 0x00000000f7791628, 0x00000000f8480000)
  from space 1792K,  60% used [0x00000000f8640000, 0x00000000f874fbe0, 0x00000000f8800000)
  to   space 1792K,   0% used [0x00000000f8480000, 0x00000000f8480000, 0x00000000f8640000)
 concurrent mark-sweep generation total 38912K, used 33312K [0x00000000f8800000, 0x00000000fae00000, 0x00000000fae00000)
 concurrent-mark-sweep perm gen total 21248K, used 13259K [0x00000000fae00000, 0x00000000fc2c0000, 0x0000000100000000)
381.205: Application time: 0.0001610 seconds
